02-10 13:22:50.582  1340  1364 I DisplayManagerService: Display device changed: DisplayDeviceInfo{"기본으로 제공되는 화면": uniqueId="local:19261132550654593", 1080 x 2280, modeId 2, defaultModeId 2, supportedModes [{id=1, width=1080, height=2280, fps=90.0}, {id=2, width=1080, height=2280, fps=60.000004}], colorMode 0, supportedColorModes [0, 7, 9], HdrCapabilities android.view.Display$HdrCapabilities@413e3a39, density 440, 442.451 x 445.476 dpi, appVsyncOff 2000000, presDeadline 11666666, touch INTERNAL, rotation 0, type BUILT_IN, address {port=129, model=0x446de5e3a74a}, state ON, FLAG_DEFAULT_DISPLAY, FLAG_ROTATES_WITH_CONTENT, FLAG_SECURE, FLAG_SUPPORTS_PROTECTED_BUFFERS}
02-10 13:23:07.533  1340  2519 D ConnectivityService: requestNetwork for uid/pid:10126/8857 NetworkRequest [ TRACK_DEFAULT id=118, [ Capabilities: INTERNET&NOT_RESTRICTED&TRUSTED Uid: 10126] ]
02-10 13:23:07.562  1340  1486 D ConnectivityService: releasing NetworkRequest [ TRACK_DEFAULT id=118, [ Capabilities: INTERNET&NOT_RESTRICTED&TRUSTED Uid: 10126] ] (release request)
02-10 13:23:09.168  1340  1364 I DisplayManagerService: Display device changed: DisplayDeviceInfo{"기본으로 제공되는 화면": uniqueId="local:19261132550654593", 1080 x 2280, modeId 1, defaultModeId 2, supportedModes [{id=1, width=1080, height=2280, fps=90.0}, {id=2, width=1080, height=2280, fps=60.000004}], colorMode 0, supportedColorModes [0, 7, 9], HdrCapabilities android.view.Display$HdrCapabilities@413e3a39, density 440, 442.451 x 445.476 dpi, appVsyncOff 2000000, presDeadline 11111111, touch INTERNAL, rotation 0, type BUILT_IN, address {port=129, model=0x446de5e3a74a}, state ON, FLAG_DEFAULT_DISPLAY, FLAG_ROTATES_WITH_CONTENT, FLAG_SECURE, FLAG_SUPPORTS_PROTECTED_BUFFERS}
02-10 13:23:18.625  1340  1372 I ActivityManager: Start proc 25589:com.google.android.apps.work.clouddpc/u0a120 for service {com.google.android.apps.work.clouddpc/com.google.android.apps.work.clouddpc.base.services.HealthCheckJobService}
02-10 13:23:19.146  1340  3008 I ActivityManager: Killing 3183:android.process.media/u0a56 (adj 985): empty for 2095s
02-10 13:23:30.645  1340  1364 I DisplayManagerService: Display device changed: DisplayDeviceInfo{"기본으로 제공되는 화면": uniqueId="local:19261132550654593", 1080 x 2280, modeId 2, defaultModeId 2, supportedModes [{id=1, width=1080, height=2280, fps=90.0}, {id=2, width=1080, height=2280, fps=60.000004}], colorMode 0, supportedColorModes [0, 7, 9], HdrCapabilities android.view.Display$HdrCapabilities@413e3a39, density 440, 442.451 x 445.476 dpi, appVsyncOff 2000000, presDeadline 11666666, touch INTERNAL, rotation 0, type BUILT_IN, address {port=129, model=0x446de5e3a74a}, state ON, FLAG_DEFAULT_DISPLAY, FLAG_ROTATES_WITH_CONTENT, FLAG_SECURE, FLAG_SUPPORTS_PROTECTED_BUFFERS}
02-10 13:23:49.100  1340  3784 D ConnectivityService: requestNetwork for uid/pid:10126/8857 NetworkRequest [ TRACK_DEFAULT id=119, [ Capabilities: INTERNET&NOT_RESTRICTED&TRUSTED Uid: 10126] ]
02-10 13:23:49.170  1340  1486 D ConnectivityService: releasing NetworkRequest [ TRACK_DEFAULT id=119, [ Capabilities: INTERNET&NOT_RESTRICTED&TRUSTED Uid: 10126] ] (release request)
02-10 13:24:09.274  1340  1510 D ConnectivityService: requestNetwork for uid/pid:10126/8857 NetworkRequest [ TRACK_DEFAULT id=120, [ Capabilities: INTERNET&NOT_RESTRICTED&TRUSTED Uid: 10126] ]
02-10 13:24:09.312  1340  1486 D ConnectivityService: releasing NetworkRequest [ TRACK_DEFAULT id=120, [ Capabilities: INTERNET&NOT_RESTRICTED&TRUSTED Uid: 10126] ] (release request)
02-10 13:29:15.835  1340  1372 I ActivityManager: Start proc 25795:com.google.android.partnersetup/u0a54 for service {com.google.android.partnersetup/com.google.android.partnersetup.InstalledAppJobService}
02-10 13:29:24.502  1340  1370 I UsageStatsService: User[0] Flushing usage stats to disk
02-10 13:29:34.703  1340  1364 I DisplayManagerService: Display device changed: DisplayDeviceInfo{"기본으로 제공되는 화면": uniqueId="local:19261132550654593", 1080 x 2280, modeId 1, defaultModeId 2, supportedModes [{id=1, width=1080, height=2280, fps=90.0}, {id=2, width=1080, height=2280, fps=60.000004}], colorMode 0, supportedColorModes [0, 7, 9], HdrCapabilities android.view.Display$HdrCapabilities@413e3a39, density 440, 442.451 x 445.476 dpi, appVsyncOff 2000000, presDeadline 11111111, touch INTERNAL, rotation 0, type BUILT_IN, address {port=129, model=0x446de5e3a74a}, state ON, FLAG_DEFAULT_DISPLAY, FLAG_ROTATES_WITH_CONTENT, FLAG_SECURE, FLAG_SUPPORTS_PROTECTED_BUFFERS}
02-10 13:29:36.248  1340  1364 I DisplayManagerService: Display device changed: DisplayDeviceInfo{"기본으로 제공되는 화면": uniqueId="local:19261132550654593", 1080 x 2280, modeId 2, defaultModeId 2, supportedModes [{id=1, width=1080, height=2280, fps=90.0}, {id=2, width=1080, height=2280, fps=60.000004}], colorMode 0, supportedColorModes [0, 7, 9], HdrCapabilities android.view.Display$HdrCapabilities@413e3a39, density 440, 442.451 x 445.476 dpi, appVsyncOff 2000000, presDeadline 11666666, touch INTERNAL, rotation 0, type BUILT_IN, address {port=129, model=0x446de5e3a74a}, state ON, FLAG_DEFAULT_DISPLAY, FLAG_ROTATES_WITH_CONTENT, FLAG_SECURE, FLAG_SUPPORTS_PROTECTED_BUFFERS}
02-10 13:29:45.427  1340  1364 I DisplayManagerService: Display device changed: DisplayDeviceInfo{"기본으로 제공되는 화면": uniqueId="local:19261132550654593", 1080 x 2280, modeId 1, defaultModeId 2, supportedModes [{id=1, width=1080, height=2280, fps=90.0}, {id=2, width=1080, height=2280, fps=60.000004}], colorMode 0, supportedColorModes [0, 7, 9], HdrCapabilities android.view.Display$HdrCapabilities@413e3a39, density 440, 442.451 x 445.476 dpi, appVsyncOff 2000000, presDeadline 11111111, touch INTERNAL, rotation 0, type BUILT_IN, address {port=129, model=0x446de5e3a74a}, state ON, FLAG_DEFAULT_DISPLAY, FLAG_ROTATES_WITH_CONTENT, FLAG_SECURE, FLAG_SUPPORTS_PROTECTED_BUFFERS}
02-10 13:29:45.577  1340  1364 I DisplayManagerService: Display device changed: DisplayDeviceInfo{"기본으로 제공되는 화면": uniqueId="local:19261132550654593", 1080 x 2280, modeId 2, defaultModeId 2, supportedModes [{id=1, width=1080, height=2280, fps=90.0}, {id=2, width=1080, height=2280, fps=60.000004}], colorMode 0, supportedColorModes [0, 7, 9], HdrCapabilities android.view.Display$HdrCapabilities@413e3a39, density 440, 442.451 x 445.476 dpi, appVsyncOff 2000000, presDeadline 11666666, touch INTERNAL, rotation 0, type BUILT_IN, address {port=129, model=0x446de5e3a74a}, state ON, FLAG_DEFAULT_DISPLAY, FLAG_ROTATES_WITH_CONTENT, FLAG_SECURE, FLAG_SUPPORTS_PROTECTED_BUFFERS}
02-10 13:30:27.100  1340  1372 I ActivityManager: Start proc 25870:com.google.android.apps.turbo:aab/u0a64 for service {com.google.android.apps.turbo/com.google.android.libraries.smartbattery.appusage.library.InferAppBucketsJob}
02-10 13:30:34.724  1340  1507 D ConnectivityService: requestNetwork for uid/pid:10126/8857 NetworkRequest [ TRACK_DEFAULT id=121, [ Capabilities: INTERNET&NOT_RESTRICTED&TRUSTED Uid: 10126] ]
02-10 13:30:34.792  1340  1486 D ConnectivityService: releasing NetworkRequest [ TRACK_DEFAULT id=121, [ Capabilities: INTERNET&NOT_RESTRICTED&TRUSTED Uid: 10126] ] (release request)
02-10 13:31:31.058  1340  1381 D DisplayWhiteBalanceController: Display cct: 6430.621 Latest ambient cct: 6068.0474 Latest ambient lux: 658.3789 Latest low light bias: 1.0 Latest high light bias: 0.0
02-10 13:31:31.060  1340  1381 D ColorDisplayService: setDisplayWhiteBalanceTemperatureMatrix: cct = 6430 matrix = 
02-10 13:31:31.060  1340  1381 D ColorDisplayService:        0.976844-0.000531-0.000101 0.000000 0.022836 0.944576-0.000126 0.000000 0.000320-0.000209 0.952748 0.000000 0.000000 0.000000 0.000000 1.000000
02-10 13:31:34.094  1340  1364 D ColorDisplayService: DisplayWhiteBalanceTintController Animation cancelled: false to matrix: 
02-10 13:31:34.094  1340  1364 D ColorDisplayService:        0.976844-0.000531-0.000101 0.000000 0.022836 0.944576-0.000126 0.000000 0.000320-0.000209 0.952748 0.000000 0.000000 0.000000 0.000000 1.000000 min matrix coefficients: 
02-10 13:31:34.094  1340  1364 D ColorDisplayService:        0.975683-0.000559-0.000134 0.000000 0.022836 0.941687-0.000126 0.000000 0.000258-0.000209 0.943490 0.000000 0.000000 0.000000 0.000000 1.000000 max matrix coefficients: 
02-10 13:31:34.094  1340  1364 D ColorDisplayService:        0.976844 0.000000 0.000000 0.000000 0.024059 0.944576 0.000000 0.000000 0.000320 0.000000 0.952748 0.000000 0.000000 0.000000 0.000000 1.000000
02-10 13:31:34.128  1340  1381 D DisplayWhiteBalanceController: Display cct: 6596.8945 Latest ambient cct: 6437.544 Latest ambient lux: 658.3789 Latest low light bias: 1.0 Latest high light bias: 0.0
02-10 13:31:34.130  1340  1381 D ColorDisplayService: setDisplayWhiteBalanceTemperatureMatrix: cct = 6596 matrix = 
02-10 13:31:34.130  1340  1381 D ColorDisplayService:        0.980490-0.000444 0.000006 0.000000 0.018989 0.953658-0.000192 0.000000 0.000521-0.000750 0.982390 0.000000 0.000000 0.000000 0.000000 1.000000
02-10 13:31:37.147  1340  1364 D ColorDisplayService: DisplayWhiteBalanceTintController Animation cancelled: false to matrix: 
02-10 13:31:37.147  1340  1364 D ColorDisplayService:        0.980490-0.000444 0.000006 0.000000 0.018989 0.953658-0.000192 0.000000 0.000521-0.000750 0.982390 0.000000 0.000000 0.000000 0.000000 1.000000 min matrix coefficients: 
02-10 13:31:37.147  1340  1364 D ColorDisplayService:        0.976844-0.000531-0.000101 0.000000 0.018989 0.944576-0.000192 0.000000 0.000320-0.000750 0.952748 0.000000 0.000000 0.000000 0.000000 1.000000 max matrix coefficients: 
02-10 13:31:37.147  1340  1364 D ColorDisplayService:        0.980490 0.000000 0.000006 0.000000 0.022836 0.953658 0.000000 0.000000 0.000521 0.000000 0.982390 0.000000 0.000000 0.000000 0.000000 1.000000
02-10 13:31:37.198  1340  1381 D DisplayWhiteBalanceController: Display cct: 6674.068 Latest ambient cct: 6609.04 Latest ambient lux: 658.3789 Latest low light bias: 1.0 Latest high light bias: 0.0
02-10 13:31:37.199  1340  1381 D ColorDisplayService: setDisplayWhiteBalanceTemperatureMatrix: cct = 6674 matrix = 
02-10 13:31:37.199  1340  1381 D ColorDisplayService:        0.982136-0.000405 0.000056 0.000000 0.017250 0.957761-0.000223 0.000000 0.000615-0.001002 0.996062 0.000000 0.000000 0.000000 0.000000 1.000000
02-10 13:31:39.244  1340  1381 D DisplayWhiteBalanceController: Display cct: 6620.046 Latest ambient cct: 6488.991 Latest ambient lux: 658.3789 Latest low light bias: 1.0 Latest high light bias: 0.0
02-10 13:31:39.245  1340  1381 D ColorDisplayService: setDisplayWhiteBalanceTemperatureMatrix: cct = 6620 matrix = 
02-10 13:31:39.245  1340  1381 D ColorDisplayService:        0.981001-0.000432 0.000021 0.000000 0.018449 0.954932-0.000202 0.000000 0.000550-0.000827 0.986614 0.000000 0.000000 0.000000 0.000000 1.000000
02-10 13:31:39.247  1340  1364 D ColorDisplayService: DisplayWhiteBalanceTintController Animation cancelled: true to matrix: 
02-10 13:31:39.247  1340  1364 D ColorDisplayService:        0.981001-0.000432 0.000021 0.000000 0.018449 0.954932-0.000202 0.000000 0.000550-0.000827 0.986614 0.000000 0.000000 0.000000 0.000000 1.000000 min matrix coefficients: 
02-10 13:31:39.247  1340  1364 D ColorDisplayService:        0.980490-0.000444 0.000006 0.000000 0.017382 0.953658-0.000221 0.000000 0.000521-0.000982 0.982390 0.000000 0.000000 0.000000 0.000000 1.000000 max matrix coefficients: 
02-10 13:31:39.247  1340  1364 D ColorDisplayService:        0.982010 0.000000 0.000052 0.000000 0.018989 0.957448 0.000000 0.000000 0.000608 0.000000 0.995017 0.000000 0.000000 0.000000 0.000000 1.000000
02-10 13:31:41.291  1340  1381 D DisplayWhiteBalanceController: Display cct: 6510.1655 Latest ambient cct: 6244.8125 Latest ambient lux: 658.3789 Latest low light bias: 1.0 Latest high light bias: 0.0
02-10 13:31:41.293  1340  1381 D ColorDisplayService: setDisplayWhiteBalanceTemperatureMatrix: cct = 6510 matrix = 
02-10 13:31:41.293  1340  1381 D ColorDisplayService:        0.978626-0.000489-0.000049 0.000000 0.020957 0.949014-0.000158 0.000000 0.000417-0.000470 0.967126 0.000000 0.000000 0.000000 0.000000 1.000000
02-10 13:31:41.295  1340  1364 D ColorDisplayService: DisplayWhiteBalanceTintController Animation cancelled: true to matrix: 
02-10 13:31:41.295  1340  1364 D ColorDisplayService:        0.978626-0.000489-0.000049 0.000000 0.020957 0.949014-0.000158 0.000000 0.000417-0.000470 0.967126 0.000000 0.000000 0.000000 0.000000 1.000000 min matrix coefficients: 
02-10 13:31:41.295  1340  1364 D ColorDisplayService:        0.981075-0.000430 0.000024 0.000000 0.017382 0.955116-0.000221 0.000000 0.000554-0.000982 0.987230 0.000000 0.000000 0.000000 0.000000 1.000000 max matrix coefficients: 
02-10 13:31:41.295  1340  1364 D ColorDisplayService:        0.982010 0.000000 0.000052 0.000000 0.018371 0.957448 0.000000 0.000000 0.000608 0.000000 0.995017 0.000000 0.000000 0.000000 0.000000 1.000000
02-10 13:31:43.338  1340  1381 D DisplayWhiteBalanceController: Display cct: 6414.992 Latest ambient cct: 6033.3164 Latest ambient lux: 658.3789 Latest low light bias: 1.0 Latest high light bias: 0.0
02-10 13:31:43.339  1340  1381 D ColorDisplayService: setDisplayWhiteBalanceTemperatureMatrix: cct = 6414 matrix = 
02-10 13:31:43.339  1340  1381 D ColorDisplayService:        0.976482-0.000540-0.000111 0.000000 0.023217 0.943675-0.000120 0.000000 0.000301-0.000156 0.949852 0.000000 0.000000 0.000000 0.000000 1.000000
02-10 13:31:43.341  1340  1364 D ColorDisplayService: DisplayWhiteBalanceTintController Animation cancelled: true to matrix: 
02-10 13:31:43.341  1340  1364 D ColorDisplayService:        0.976482-0.000540-0.000111 0.000000 0.023217 0.943675-0.000120 0.000000 0.000301-0.000156 0.949852 0.000000 0.000000 0.000000 0.000000 1.000000 min matrix coefficients: 
02-10 13:31:43.341  1340  1364 D ColorDisplayService:        0.978805-0.000484-0.000044 0.000000 0.018371 0.949460-0.000203 0.000000 0.000427-0.000839 0.968598 0.000000 0.000000 0.000000 0.000000 1.000000 max matrix coefficients: 
02-10 13:31:43.341  1340  1364 D ColorDisplayService:        0.981075 0.000000 0.000024 0.000000 0.020767 0.955116 0.000000 0.000000 0.000554 0.000000 0.987230 0.000000 0.000000 0.000000 0.000000 1.000000
02-10 13:31:46.204  1340  1381 D DisplayWhiteBalanceController: Display cct: 6369.725 Latest ambient cct: 5788.076 Latest ambient lux: 658.3789 Latest low light bias: 1.0 Latest high light bias: 0.0
02-10 13:31:46.205  1340  1381 D ColorDisplayService: setDisplayWhiteBalanceTemperatureMatrix: cct = 6369 matrix = 
02-10 13:31:46.205  1340  1381 D ColorDisplayService:        0.975453-0.000564-0.000141 0.000000 0.024301 0.941115-0.000102 0.000000 0.000246-0.000008 0.941668 0.000000 0.000000 0.000000 0.000000 1.000000
02-10 13:31:46.207  1340  1364 D ColorDisplayService: DisplayWhiteBalanceTintController Animation cancelled: true to matrix: 
02-10 13:31:46.207  1340  1364 D ColorDisplayService:        0.975453-0.000564-0.000141 0.000000 0.024301 0.941115-0.000102 0.000000 0.000246-0.000008 0.941668 0.000000 0.000000 0.000000 0.000000 1.000000 min matrix coefficients: 
02-10 13:31:46.207  1340  1364 D ColorDisplayService:        0.975459-0.000564-0.000141 0.000000 0.020767 0.941131-0.000162 0.000000 0.000247-0.000497 0.941720 0.000000 0.000000 0.000000 0.000000 1.000000 max matrix coefficients: 
02-10 13:31:46.207  1340  1364 D ColorDisplayService:        0.978805 0.000000 0.000000 0.000000 0.024294 0.949460 0.000000 0.000000 0.000427 0.000000 0.968598 0.000000 0.000000 0.000000 0.000000 1.000000
02-10 13:31:49.228  1340  1364 D ColorDisplayService: DisplayWhiteBalanceTintController Animation cancelled: false to matrix: 
02-10 13:31:49.228  1340  1364 D ColorDisplayService:        0.975453-0.000564-0.000141 0.000000 0.024301 0.941115-0.000102 0.000000 0.000246-0.000008 0.941668 0.000000 0.000000 0.000000 0.000000 1.000000 min matrix coefficients: 
02-10 13:31:49.228  1340  1364 D ColorDisplayService:        0.975453-0.000564-0.000141 0.000000 0.024294 0.941115-0.000102 0.000000 0.000246-0.000009 0.941668 0.000000 0.000000 0.000000 0.000000 1.000000 max matrix coefficients: 
02-10 13:31:49.228  1340  1364 D ColorDisplayService:        0.975459 0.000000 0.000000 0.000000 0.024301 0.941131 0.000000 0.000000 0.000247 0.000000 0.941720 0.000000 0.000000 0.000000 0.000000 1.000000
02-10 13:33:30.206  1340  1364 I DisplayManagerService: Display device changed: DisplayDeviceInfo{"기본으로 제공되는 화면": uniqueId="local:19261132550654593", 1080 x 2280, modeId 1, defaultModeId 2, supportedModes [{id=1, width=1080, height=2280, fps=90.0}, {id=2, width=1080, height=2280, fps=60.000004}], colorMode 0, supportedColorModes [0, 7, 9], HdrCapabilities android.view.Display$HdrCapabilities@413e3a39, density 440, 442.451 x 445.476 dpi, appVsyncOff 2000000, presDeadline 11111111, touch INTERNAL, rotation 0, type BUILT_IN, address {port=129, model=0x446de5e3a74a}, state ON, FLAG_DEFAULT_DISPLAY, FLAG_ROTATES_WITH_CONTENT, FLAG_SECURE, FLAG_SUPPORTS_PROTECTED_BUFFERS}
02-10 13:33:31.447  1340  1364 I DisplayManagerService: Display device changed: DisplayDeviceInfo{"기본으로 제공되는 화면": uniqueId="local:19261132550654593", 1080 x 2280, modeId 2, defaultModeId 2, supportedModes [{id=1, width=1080, height=2280, fps=90.0}, {id=2, width=1080, height=2280, fps=60.000004}], colorMode 0, supportedColorModes [0, 7, 9], HdrCapabilities android.view.Display$HdrCapabilities@413e3a39, density 440, 442.451 x 445.476 dpi, appVsyncOff 2000000, presDeadline 11666666, touch INTERNAL, rotation 0, type BUILT_IN, address {port=129, model=0x446de5e3a74a}, state ON, FLAG_DEFAULT_DISPLAY, FLAG_ROTATES_WITH_CONTENT, FLAG_SECURE, FLAG_SUPPORTS_PROTECTED_BUFFERS}
02-10 13:33:41.074  1340  1364 I DisplayManagerService: Display device changed: DisplayDeviceInfo{"기본으로 제공되는 화면": uniqueId="local:19261132550654593", 1080 x 2280, modeId 1, defaultModeId 2, supportedModes [{id=1, width=1080, height=2280, fps=90.0}, {id=2, width=1080, height=2280, fps=60.000004}], colorMode 0, supportedColorModes [0, 7, 9], HdrCapabilities android.view.Display$HdrCapabilities@413e3a39, density 440, 442.451 x 445.476 dpi, appVsyncOff 2000000, presDeadline 11111111, touch INTERNAL, rotation 0, type BUILT_IN, address {port=129, model=0x446de5e3a74a}, state ON, FLAG_DEFAULT_DISPLAY, FLAG_ROTATES_WITH_CONTENT, FLAG_SECURE, FLAG_SUPPORTS_PROTECTED_BUFFERS}
02-10 13:33:47.737  1340  5075 D ConnectivityService: requestNetwork for uid/pid:10126/8857 NetworkRequest [ TRACK_DEFAULT id=122, [ Capabilities: INTERNET&NOT_RESTRICTED&TRUSTED Uid: 10126] ]
02-10 13:33:47.836  1340  1486 D ConnectivityService: releasing NetworkRequest [ TRACK_DEFAULT id=122, [ Capabilities: INTERNET&NOT_RESTRICTED&TRUSTED Uid: 10126] ] (release request)
02-10 13:34:01.811  1340  3008 I ActivityTaskManager: START u0 {flg=0x10000000 cmp=com.king.candycrushsaga/.CandyCrushSagaActivity} from uid 0
02-10 13:34:30.841  1340  2519 D ConnectivityService: requestNetwork for uid/pid:10126/8857 NetworkRequest [ TRACK_DEFAULT id=123, [ Capabilities: INTERNET&NOT_RESTRICTED&TRUSTED Uid: 10126] ]
02-10 13:34:30.881  1340  1486 D ConnectivityService: releasing NetworkRequest [ TRACK_DEFAULT id=123, [ Capabilities: INTERNET&NOT_RESTRICTED&TRUSTED Uid: 10126] ] (release request)
02-10 13:35:23.090  1340  5075 I ActivityManager: Killing 16460:com.google.android.gms.ui/u0a52 (adj 955): empty for 1806s
02-10 13:36:23.101  1340  5075 I ActivityManager: Killing 16769:com.instagram.android:mqtt/u0a127 (adj 995): empty for 1808s
02-10 13:36:54.930  1340  2039 I ActivityTaskManager: START u0 {flg=0x10000000 cmp=com.android.chrome/com.google.android.apps.chrome.Main} from uid 0
02-10 13:36:55.173  1340  2168 D ConnectivityService: requestNetwork for uid/pid:10124/9804 NetworkRequest [ TRACK_DEFAULT id=124, [ Capabilities: INTERNET&NOT_RESTRICTED&TRUSTED Uid: 10124] ]
02-10 13:36:55.461  1340  1364 I DisplayManagerService: Display device changed: DisplayDeviceInfo{"기본으로 제공되는 화면": uniqueId="local:19261132550654593", 1080 x 2280, modeId 2, defaultModeId 2, supportedModes [{id=1, width=1080, height=2280, fps=90.0}, {id=2, width=1080, height=2280, fps=60.000004}], colorMode 0, supportedColorModes [0, 7, 9], HdrCapabilities android.view.Display$HdrCapabilities@413e3a39, density 440, 442.451 x 445.476 dpi, appVsyncOff 2000000, presDeadline 11666666, touch INTERNAL, rotation 0, type BUILT_IN, address {port=129, model=0x446de5e3a74a}, state ON, FLAG_DEFAULT_DISPLAY, FLAG_ROTATES_WITH_CONTENT, FLAG_SECURE, FLAG_SUPPORTS_PROTECTED_BUFFERS}
02-10 13:36:55.718  1340  1364 I DisplayManagerService: Display device changed: DisplayDeviceInfo{"기본으로 제공되는 화면": uniqueId="local:19261132550654593", 1080 x 2280, modeId 1, defaultModeId 2, supportedModes [{id=1, width=1080, height=2280, fps=90.0}, {id=2, width=1080, height=2280, fps=60.000004}], colorMode 0, supportedColorModes [0, 7, 9], HdrCapabilities android.view.Display$HdrCapabilities@413e3a39, density 440, 442.451 x 445.476 dpi, appVsyncOff 2000000, presDeadline 11111111, touch INTERNAL, rotation 0, type BUILT_IN, address {port=129, model=0x446de5e3a74a}, state ON, FLAG_DEFAULT_DISPLAY, FLAG_ROTATES_WITH_CONTENT, FLAG_SECURE, FLAG_SUPPORTS_PROTECTED_BUFFERS}
02-10 13:37:43.777  1340  1364 I DisplayManagerService: Display device changed: DisplayDeviceInfo{"기본으로 제공되는 화면": uniqueId="local:19261132550654593", 1080 x 2280, modeId 2, defaultModeId 2, supportedModes [{id=1, width=1080, height=2280, fps=90.0}, {id=2, width=1080, height=2280, fps=60.000004}], colorMode 0, supportedColorModes [0, 7, 9], HdrCapabilities android.view.Display$HdrCapabilities@413e3a39, density 440, 442.451 x 445.476 dpi, appVsyncOff 2000000, presDeadline 11666666, touch INTERNAL, rotation 0, type BUILT_IN, address {port=129, model=0x446de5e3a74a}, state ON, FLAG_DEFAULT_DISPLAY, FLAG_ROTATES_WITH_CONTENT, FLAG_SECURE, FLAG_SUPPORTS_PROTECTED_BUFFERS}
02-10 13:37:43.834  1340  1364 I DisplayManagerService: Display device changed: DisplayDeviceInfo{"기본으로 제공되는 화면": uniqueId="local:19261132550654593", 1080 x 2280, modeId 1, defaultModeId 2, supportedModes [{id=1, width=1080, height=2280, fps=90.0}, {id=2, width=1080, height=2280, fps=60.000004}], colorMode 0, supportedColorModes [0, 7, 9], HdrCapabilities android.view.Display$HdrCapabilities@413e3a39, density 440, 442.451 x 445.476 dpi, appVsyncOff 2000000, presDeadline 11111111, touch INTERNAL, rotation 0, type BUILT_IN, address {port=129, model=0x446de5e3a74a}, state ON, FLAG_DEFAULT_DISPLAY, FLAG_ROTATES_WITH_CONTENT, FLAG_SECURE, FLAG_SUPPORTS_PROTECTED_BUFFERS}
02-10 13:37:43.900  1340  1364 I DisplayManagerService: Display device changed: DisplayDeviceInfo{"기본으로 제공되는 화면": uniqueId="local:19261132550654593", 1080 x 2280, modeId 2, defaultModeId 2, supportedModes [{id=1, width=1080, height=2280, fps=90.0}, {id=2, width=1080, height=2280, fps=60.000004}], colorMode 0, supportedColorModes [0, 7, 9], HdrCapabilities android.view.Display$HdrCapabilities@413e3a39, density 440, 442.451 x 445.476 dpi, appVsyncOff 2000000, presDeadline 11666666, touch INTERNAL, rotation 0, type BUILT_IN, address {port=129, model=0x446de5e3a74a}, state ON, FLAG_DEFAULT_DISPLAY, FLAG_ROTATES_WITH_CONTENT, FLAG_SECURE, FLAG_SUPPORTS_PROTECTED_BUFFERS}
02-10 13:37:43.937  1340  1364 I DisplayManagerService: Display device changed: DisplayDeviceInfo{"기본으로 제공되는 화면": uniqueId="local:19261132550654593", 1080 x 2280, modeId 1, defaultModeId 2, supportedModes [{id=1, width=1080, height=2280, fps=90.0}, {id=2, width=1080, height=2280, fps=60.000004}], colorMode 0, supportedColorModes [0, 7, 9], HdrCapabilities android.view.Display$HdrCapabilities@413e3a39, density 440, 442.451 x 445.476 dpi, appVsyncOff 2000000, presDeadline 11111111, touch INTERNAL, rotation 0, type BUILT_IN, address {port=129, model=0x446de5e3a74a}, state ON, FLAG_DEFAULT_DISPLAY, FLAG_ROTATES_WITH_CONTENT, FLAG_SECURE, FLAG_SUPPORTS_PROTECTED_BUFFERS}
02-10 13:37:44.073  1340  1364 I DisplayManagerService: Display device changed: DisplayDeviceInfo{"기본으로 제공되는 화면": uniqueId="local:19261132550654593", 1080 x 2280, modeId 2, defaultModeId 2, supportedModes [{id=1, width=1080, height=2280, fps=90.0}, {id=2, width=1080, height=2280, fps=60.000004}], colorMode 0, supportedColorModes [0, 7, 9], HdrCapabilities android.view.Display$HdrCapabilities@413e3a39, density 440, 442.451 x 445.476 dpi, appVsyncOff 2000000, presDeadline 11666666, touch INTERNAL, rotation 0, type BUILT_IN, address {port=129, model=0x446de5e3a74a}, state ON, FLAG_DEFAULT_DISPLAY, FLAG_ROTATES_WITH_CONTENT, FLAG_SECURE, FLAG_SUPPORTS_PROTECTED_BUFFERS}
02-10 13:37:44.091  1340  1364 I DisplayManagerService: Display device changed: DisplayDeviceInfo{"기본으로 제공되는 화면": uniqueId="local:19261132550654593", 1080 x 2280, modeId 1, defaultModeId 2, supportedModes [{id=1, width=1080, height=2280, fps=90.0}, {id=2, width=1080, height=2280, fps=60.000004}], colorMode 0, supportedColorModes [0, 7, 9], HdrCapabilities android.view.Display$HdrCapabilities@413e3a39, density 440, 442.451 x 445.476 dpi, appVsyncOff 2000000, presDeadline 11111111, touch INTERNAL, rotation 0, type BUILT_IN, address {port=129, model=0x446de5e3a74a}, state ON, FLAG_DEFAULT_DISPLAY, FLAG_ROTATES_WITH_CONTENT, FLAG_SECURE, FLAG_SUPPORTS_PROTECTED_BUFFERS}
02-10 13:37:51.031  1340  1364 I DisplayManagerService: Display device changed: DisplayDeviceInfo{"기본으로 제공되는 화면": uniqueId="local:19261132550654593", 1080 x 2280, modeId 2, defaultModeId 2, supportedModes [{id=1, width=1080, height=2280, fps=90.0}, {id=2, width=1080, height=2280, fps=60.000004}], colorMode 0, supportedColorModes [0, 7, 9], HdrCapabilities android.view.Display$HdrCapabilities@413e3a39, density 440, 442.451 x 445.476 dpi, appVsyncOff 2000000, presDeadline 11666666, touch INTERNAL, rotation 0, type BUILT_IN, address {port=129, model=0x446de5e3a74a}, state ON, FLAG_DEFAULT_DISPLAY, FLAG_ROTATES_WITH_CONTENT, FLAG_SECURE, FLAG_SUPPORTS_PROTECTED_BUFFERS}
02-10 13:37:51.268  1340  1364 I DisplayManagerService: Display device changed: DisplayDeviceInfo{"기본으로 제공되는 화면": uniqueId="local:19261132550654593", 1080 x 2280, modeId 1, defaultModeId 2, supportedModes [{id=1, width=1080, height=2280, fps=90.0}, {id=2, width=1080, height=2280, fps=60.000004}], colorMode 0, supportedColorModes [0, 7, 9], HdrCapabilities android.view.Display$HdrCapabilities@413e3a39, density 440, 442.451 x 445.476 dpi, appVsyncOff 2000000, presDeadline 11111111, touch INTERNAL, rotation 0, type BUILT_IN, address {port=129, model=0x446de5e3a74a}, state ON, FLAG_DEFAULT_DISPLAY, FLAG_ROTATES_WITH_CONTENT, FLAG_SECURE, FLAG_SUPPORTS_PROTECTED_BUFFERS}
02-10 13:37:58.068  1340  1364 I DisplayManagerService: Display device changed: DisplayDeviceInfo{"기본으로 제공되는 화면": uniqueId="local:19261132550654593", 1080 x 2280, modeId 2, defaultModeId 2, supportedModes [{id=1, width=1080, height=2280, fps=90.0}, {id=2, width=1080, height=2280, fps=60.000004}], colorMode 0, supportedColorModes [0, 7, 9], HdrCapabilities android.view.Display$HdrCapabilities@413e3a39, density 440, 442.451 x 445.476 dpi, appVsyncOff 2000000, presDeadline 11666666, touch INTERNAL, rotation 0, type BUILT_IN, address {port=129, model=0x446de5e3a74a}, state ON, FLAG_DEFAULT_DISPLAY, FLAG_ROTATES_WITH_CONTENT, FLAG_SECURE, FLAG_SUPPORTS_PROTECTED_BUFFERS}
02-10 13:37:58.223  1340  1364 I DisplayManagerService: Display device changed: DisplayDeviceInfo{"기본으로 제공되는 화면": uniqueId="local:19261132550654593", 1080 x 2280, modeId 1, defaultModeId 2, supportedModes [{id=1, width=1080, height=2280, fps=90.0}, {id=2, width=1080, height=2280, fps=60.000004}], colorMode 0, supportedColorModes [0, 7, 9], HdrCapabilities android.view.Display$HdrCapabilities@413e3a39, density 440, 442.451 x 445.476 dpi, appVsyncOff 2000000, presDeadline 11111111, touch INTERNAL, rotation 0, type BUILT_IN, address {port=129, model=0x446de5e3a74a}, state ON, FLAG_DEFAULT_DISPLAY, FLAG_ROTATES_WITH_CONTENT, FLAG_SECURE, FLAG_SUPPORTS_PROTECTED_BUFFERS}
02-10 13:38:05.043  1340  1364 I DisplayManagerService: Display device changed: DisplayDeviceInfo{"기본으로 제공되는 화면": uniqueId="local:19261132550654593", 1080 x 2280, modeId 2, defaultModeId 2, supportedModes [{id=1, width=1080, height=2280, fps=90.0}, {id=2, width=1080, height=2280, fps=60.000004}], colorMode 0, supportedColorModes [0, 7, 9], HdrCapabilities android.view.Display$HdrCapabilities@413e3a39, density 440, 442.451 x 445.476 dpi, appVsyncOff 2000000, presDeadline 11666666, touch INTERNAL, rotation 0, type BUILT_IN, address {port=129, model=0x446de5e3a74a}, state ON, FLAG_DEFAULT_DISPLAY, FLAG_ROTATES_WITH_CONTENT, FLAG_SECURE, FLAG_SUPPORTS_PROTECTED_BUFFERS}
02-10 13:38:05.130  1340  1364 I DisplayManagerService: Display device changed: DisplayDeviceInfo{"기본으로 제공되는 화면": uniqueId="local:19261132550654593", 1080 x 2280, modeId 1, defaultModeId 2, supportedModes [{id=1, width=1080, height=2280, fps=90.0}, {id=2, width=1080, height=2280, fps=60.000004}], colorMode 0, supportedColorModes [0, 7, 9], HdrCapabilities android.view.Display$HdrCapabilities@413e3a39, density 440, 442.451 x 445.476 dpi, appVsyncOff 2000000, presDeadline 11111111, touch INTERNAL, rotation 0, type BUILT_IN, address {port=129, model=0x446de5e3a74a}, state ON, FLAG_DEFAULT_DISPLAY, FLAG_ROTATES_WITH_CONTENT, FLAG_SECURE, FLAG_SUPPORTS_PROTECTED_BUFFERS}
02-10 13:38:12.120  1340  1364 I DisplayManagerService: Display device changed: DisplayDeviceInfo{"기본으로 제공되는 화면": uniqueId="local:19261132550654593", 1080 x 2280, modeId 2, defaultModeId 2, supportedModes [{id=1, width=1080, height=2280, fps=90.0}, {id=2, width=1080, height=2280, fps=60.000004}], colorMode 0, supportedColorModes [0, 7, 9], HdrCapabilities android.view.Display$HdrCapabilities@413e3a39, density 440, 442.451 x 445.476 dpi, appVsyncOff 2000000, presDeadline 11666666, touch INTERNAL, rotation 0, type BUILT_IN, address {port=129, model=0x446de5e3a74a}, state ON, FLAG_DEFAULT_DISPLAY, FLAG_ROTATES_WITH_CONTENT, FLAG_SECURE, FLAG_SUPPORTS_PROTECTED_BUFFERS}
02-10 13:38:12.374  1340  1364 I DisplayManagerService: Display device changed: DisplayDeviceInfo{"기본으로 제공되는 화면": uniqueId="local:19261132550654593", 1080 x 2280, modeId 1, defaultModeId 2, supportedModes [{id=1, width=1080, height=2280, fps=90.0}, {id=2, width=1080, height=2280, fps=60.000004}], colorMode 0, supportedColorModes [0, 7, 9], HdrCapabilities android.view.Display$HdrCapabilities@413e3a39, density 440, 442.451 x 445.476 dpi, appVsyncOff 2000000, presDeadline 11111111, touch INTERNAL, rotation 0, type BUILT_IN, address {port=129, model=0x446de5e3a74a}, state ON, FLAG_DEFAULT_DISPLAY, FLAG_ROTATES_WITH_CONTENT, FLAG_SECURE, FLAG_SUPPORTS_PROTECTED_BUFFERS}
02-10 13:38:13.017  1340  1364 I DisplayManagerService: Display device changed: DisplayDeviceInfo{"기본으로 제공되는 화면": uniqueId="local:19261132550654593", 1080 x 2280, modeId 2, defaultModeId 2, supportedModes [{id=1, width=1080, height=2280, fps=90.0}, {id=2, width=1080, height=2280, fps=60.000004}], colorMode 0, supportedColorModes [0, 7, 9], HdrCapabilities android.view.Display$HdrCapabilities@413e3a39, density 440, 442.451 x 445.476 dpi, appVsyncOff 2000000, presDeadline 11666666, touch INTERNAL, rotation 0, type BUILT_IN, address {port=129, model=0x446de5e3a74a}, state ON, FLAG_DEFAULT_DISPLAY, FLAG_ROTATES_WITH_CONTENT, FLAG_SECURE, FLAG_SUPPORTS_PROTECTED_BUFFERS}
02-10 13:38:13.970  1340  1364 I DisplayManagerService: Display device changed: DisplayDeviceInfo{"기본으로 제공되는 화면": uniqueId="local:19261132550654593", 1080 x 2280, modeId 1, defaultModeId 2, supportedModes [{id=1, width=1080, height=2280, fps=90.0}, {id=2, width=1080, height=2280, fps=60.000004}], colorMode 0, supportedColorModes [0, 7, 9], HdrCapabilities android.view.Display$HdrCapabilities@413e3a39, density 440, 442.451 x 445.476 dpi, appVsyncOff 2000000, presDeadline 11111111, touch INTERNAL, rotation 0, type BUILT_IN, address {port=129, model=0x446de5e3a74a}, state ON, FLAG_DEFAULT_DISPLAY, FLAG_ROTATES_WITH_CONTENT, FLAG_SECURE, FLAG_SUPPORTS_PROTECTED_BUFFERS}
02-10 13:38:19.291  1340  1364 I DisplayManagerService: Display device changed: DisplayDeviceInfo{"기본으로 제공되는 화면": uniqueId="local:19261132550654593", 1080 x 2280, modeId 2, defaultModeId 2, supportedModes [{id=1, width=1080, height=2280, fps=90.0}, {id=2, width=1080, height=2280, fps=60.000004}], colorMode 0, supportedColorModes [0, 7, 9], HdrCapabilities android.view.Display$HdrCapabilities@413e3a39, density 440, 442.451 x 445.476 dpi, appVsyncOff 2000000, presDeadline 11666666, touch INTERNAL, rotation 0, type BUILT_IN, address {port=129, model=0x446de5e3a74a}, state ON, FLAG_DEFAULT_DISPLAY, FLAG_ROTATES_WITH_CONTENT, FLAG_SECURE, FLAG_SUPPORTS_PROTECTED_BUFFERS}
02-10 13:38:19.728  1340  1364 I DisplayManagerService: Display device changed: DisplayDeviceInfo{"기본으로 제공되는 화면": uniqueId="local:19261132550654593", 1080 x 2280, modeId 1, defaultModeId 2, supportedModes [{id=1, width=1080, height=2280, fps=90.0}, {id=2, width=1080, height=2280, fps=60.000004}], colorMode 0, supportedColorModes [0, 7, 9], HdrCapabilities android.view.Display$HdrCapabilities@413e3a39, density 440, 442.451 x 445.476 dpi, appVsyncOff 2000000, presDeadline 11111111, touch INTERNAL, rotation 0, type BUILT_IN, address {port=129, model=0x446de5e3a74a}, state ON, FLAG_DEFAULT_DISPLAY, FLAG_ROTATES_WITH_CONTENT, FLAG_SECURE, FLAG_SUPPORTS_PROTECTED_BUFFERS}
02-10 13:38:26.051  1340  1364 I DisplayManagerService: Display device changed: DisplayDeviceInfo{"기본으로 제공되는 화면": uniqueId="local:19261132550654593", 1080 x 2280, modeId 2, defaultModeId 2, supportedModes [{id=1, width=1080, height=2280, fps=90.0}, {id=2, width=1080, height=2280, fps=60.000004}], colorMode 0, supportedColorModes [0, 7, 9], HdrCapabilities android.view.Display$HdrCapabilities@413e3a39, density 440, 442.451 x 445.476 dpi, appVsyncOff 2000000, presDeadline 11666666, touch INTERNAL, rotation 0, type BUILT_IN, address {port=129, model=0x446de5e3a74a}, state ON, FLAG_DEFAULT_DISPLAY, FLAG_ROTATES_WITH_CONTENT, FLAG_SECURE, FLAG_SUPPORTS_PROTECTED_BUFFERS}
02-10 13:38:26.147  1340  1364 I DisplayManagerService: Display device changed: DisplayDeviceInfo{"기본으로 제공되는 화면": uniqueId="local:19261132550654593", 1080 x 2280, modeId 1, defaultModeId 2, supportedModes [{id=1, width=1080, height=2280, fps=90.0}, {id=2, width=1080, height=2280, fps=60.000004}], colorMode 0, supportedColorModes [0, 7, 9], HdrCapabilities android.view.Display$HdrCapabilities@413e3a39, density 440, 442.451 x 445.476 dpi, appVsyncOff 2000000, presDeadline 11111111, touch INTERNAL, rotation 0, type BUILT_IN, address {port=129, model=0x446de5e3a74a}, state ON, FLAG_DEFAULT_DISPLAY, FLAG_ROTATES_WITH_CONTENT, FLAG_SECURE, FLAG_SUPPORTS_PROTECTED_BUFFERS}
02-10 13:38:26.201  1340  1364 I DisplayManagerService: Display device changed: DisplayDeviceInfo{"기본으로 제공되는 화면": uniqueId="local:19261132550654593", 1080 x 2280, modeId 2, defaultModeId 2, supportedModes [{id=1, width=1080, height=2280, fps=90.0}, {id=2, width=1080, height=2280, fps=60.000004}], colorMode 0, supportedColorModes [0, 7, 9], HdrCapabilities android.view.Display$HdrCapabilities@413e3a39, density 440, 442.451 x 445.476 dpi, appVsyncOff 2000000, presDeadline 11666666, touch INTERNAL, rotation 0, type BUILT_IN, address {port=129, model=0x446de5e3a74a}, state ON, FLAG_DEFAULT_DISPLAY, FLAG_ROTATES_WITH_CONTENT, FLAG_SECURE, FLAG_SUPPORTS_PROTECTED_BUFFERS}
02-10 13:38:26.288  1340  1364 I DisplayManagerService: Display device changed: DisplayDeviceInfo{"기본으로 제공되는 화면": uniqueId="local:19261132550654593", 1080 x 2280, modeId 1, defaultModeId 2, supportedModes [{id=1, width=1080, height=2280, fps=90.0}, {id=2, width=1080, height=2280, fps=60.000004}], colorMode 0, supportedColorModes [0, 7, 9], HdrCapabilities android.view.Display$HdrCapabilities@413e3a39, density 440, 442.451 x 445.476 dpi, appVsyncOff 2000000, presDeadline 11111111, touch INTERNAL, rotation 0, type BUILT_IN, address {port=129, model=0x446de5e3a74a}, state ON, FLAG_DEFAULT_DISPLAY, FLAG_ROTATES_WITH_CONTENT, FLAG_SECURE, FLAG_SUPPORTS_PROTECTED_BUFFERS}
02-10 13:38:33.180  1340  1364 I DisplayManagerService: Display device changed: DisplayDeviceInfo{"기본으로 제공되는 화면": uniqueId="local:19261132550654593", 1080 x 2280, modeId 2, defaultModeId 2, supportedModes [{id=1, width=1080, height=2280, fps=90.0}, {id=2, width=1080, height=2280, fps=60.000004}], colorMode 0, supportedColorModes [0, 7, 9], HdrCapabilities android.view.Display$HdrCapabilities@413e3a39, density 440, 442.451 x 445.476 dpi, appVsyncOff 2000000, presDeadline 11666666, touch INTERNAL, rotation 0, type BUILT_IN, address {port=129, model=0x446de5e3a74a}, state ON, FLAG_DEFAULT_DISPLAY, FLAG_ROTATES_WITH_CONTENT, FLAG_SECURE, FLAG_SUPPORTS_PROTECTED_BUFFERS}
02-10 13:38:33.186  1340  1364 I DisplayManagerService: Display device changed: DisplayDeviceInfo{"기본으로 제공되는 화면": uniqueId="local:19261132550654593", 1080 x 2280, modeId 1, defaultModeId 2, supportedModes [{id=1, width=1080, height=2280, fps=90.0}, {id=2, width=1080, height=2280, fps=60.000004}], colorMode 0, supportedColorModes [0, 7, 9], HdrCapabilities android.view.Display$HdrCapabilities@413e3a39, density 440, 442.451 x 445.476 dpi, appVsyncOff 2000000, presDeadline 11111111, touch INTERNAL, rotation 0, type BUILT_IN, address {port=129, model=0x446de5e3a74a}, state ON, FLAG_DEFAULT_DISPLAY, FLAG_ROTATES_WITH_CONTENT, FLAG_SECURE, FLAG_SUPPORTS_PROTECTED_BUFFERS}
02-10 13:38:40.088  1340  1364 I DisplayManagerService: Display device changed: DisplayDeviceInfo{"기본으로 제공되는 화면": uniqueId="local:19261132550654593", 1080 x 2280, modeId 2, defaultModeId 2, supportedModes [{id=1, width=1080, height=2280, fps=90.0}, {id=2, width=1080, height=2280, fps=60.000004}], colorMode 0, supportedColorModes [0, 7, 9], HdrCapabilities android.view.Display$HdrCapabilities@413e3a39, density 440, 442.451 x 445.476 dpi, appVsyncOff 2000000, presDeadline 11666666, touch INTERNAL, rotation 0, type BUILT_IN, address {port=129, model=0x446de5e3a74a}, state ON, FLAG_DEFAULT_DISPLAY, FLAG_ROTATES_WITH_CONTENT, FLAG_SECURE, FLAG_SUPPORTS_PROTECTED_BUFFERS}
02-10 13:38:40.269  1340  1364 I DisplayManagerService: Display device changed: DisplayDeviceInfo{"기본으로 제공되는 화면": uniqueId="local:19261132550654593", 1080 x 2280, modeId 1, defaultModeId 2, supportedModes [{id=1, width=1080, height=2280, fps=90.0}, {id=2, width=1080, height=2280, fps=60.000004}], colorMode 0, supportedColorModes [0, 7, 9], HdrCapabilities android.view.Display$HdrCapabilities@413e3a39, density 440, 442.451 x 445.476 dpi, appVsyncOff 2000000, presDeadline 11111111, touch INTERNAL, rotation 0, type BUILT_IN, address {port=129, model=0x446de5e3a74a}, state ON, FLAG_DEFAULT_DISPLAY, FLAG_ROTATES_WITH_CONTENT, FLAG_SECURE, FLAG_SUPPORTS_PROTECTED_BUFFERS}
02-10 13:38:47.314  1340  1364 I DisplayManagerService: Display device changed: DisplayDeviceInfo{"기본으로 제공되는 화면": uniqueId="local:19261132550654593", 1080 x 2280, modeId 2, defaultModeId 2, supportedModes [{id=1, width=1080, height=2280, fps=90.0}, {id=2, width=1080, height=2280, fps=60.000004}], colorMode 0, supportedColorModes [0, 7, 9], HdrCapabilities android.view.Display$HdrCapabilities@413e3a39, density 440, 442.451 x 445.476 dpi, appVsyncOff 2000000, presDeadline 11666666, touch INTERNAL, rotation 0, type BUILT_IN, address {port=129, model=0x446de5e3a74a}, state ON, FLAG_DEFAULT_DISPLAY, FLAG_ROTATES_WITH_CONTENT, FLAG_SECURE, FLAG_SUPPORTS_PROTECTED_BUFFERS}
02-10 13:38:47.452  1340  1364 I DisplayManagerService: Display device changed: DisplayDeviceInfo{"기본으로 제공되는 화면": uniqueId="local:19261132550654593", 1080 x 2280, modeId 1, defaultModeId 2, supportedModes [{id=1, width=1080, height=2280, fps=90.0}, {id=2, width=1080, height=2280, fps=60.000004}], colorMode 0, supportedColorModes [0, 7, 9], HdrCapabilities android.view.Display$HdrCapabilities@413e3a39, density 440, 442.451 x 445.476 dpi, appVsyncOff 2000000, presDeadline 11111111, touch INTERNAL, rotation 0, type BUILT_IN, address {port=129, model=0x446de5e3a74a}, state ON, FLAG_DEFAULT_DISPLAY, FLAG_ROTATES_WITH_CONTENT, FLAG_SECURE, FLAG_SUPPORTS_PROTECTED_BUFFERS}
02-10 13:38:54.415  1340  1364 I DisplayManagerService: Display device changed: DisplayDeviceInfo{"기본으로 제공되는 화면": uniqueId="local:19261132550654593", 1080 x 2280, modeId 2, defaultModeId 2, supportedModes [{id=1, width=1080, height=2280, fps=90.0}, {id=2, width=1080, height=2280, fps=60.000004}], colorMode 0, supportedColorModes [0, 7, 9], HdrCapabilities android.view.Display$HdrCapabilities@413e3a39, density 440, 442.451 x 445.476 dpi, appVsyncOff 2000000, presDeadline 11666666, touch INTERNAL, rotation 0, type BUILT_IN, address {port=129, model=0x446de5e3a74a}, state ON, FLAG_DEFAULT_DISPLAY, FLAG_ROTATES_WITH_CONTENT, FLAG_SECURE, FLAG_SUPPORTS_PROTECTED_BUFFERS}
02-10 13:38:54.487  1340  1364 I DisplayManagerService: Display device changed: DisplayDeviceInfo{"기본으로 제공되는 화면": uniqueId="local:19261132550654593", 1080 x 2280, modeId 1, defaultModeId 2, supportedModes [{id=1, width=1080, height=2280, fps=90.0}, {id=2, width=1080, height=2280, fps=60.000004}], colorMode 0, supportedColorModes [0, 7, 9], HdrCapabilities android.view.Display$HdrCapabilities@413e3a39, density 440, 442.451 x 445.476 dpi, appVsyncOff 2000000, presDeadline 11111111, touch INTERNAL, rotation 0, type BUILT_IN, address {port=129, model=0x446de5e3a74a}, state ON, FLAG_DEFAULT_DISPLAY, FLAG_ROTATES_WITH_CONTENT, FLAG_SECURE, FLAG_SUPPORTS_PROTECTED_BUFFERS}
02-10 13:39:01.392  1340  1364 I DisplayManagerService: Display device changed: DisplayDeviceInfo{"기본으로 제공되는 화면": uniqueId="local:19261132550654593", 1080 x 2280, modeId 2, defaultModeId 2, supportedModes [{id=1, width=1080, height=2280, fps=90.0}, {id=2, width=1080, height=2280, fps=60.000004}], colorMode 0, supportedColorModes [0, 7, 9], HdrCapabilities android.view.Display$HdrCapabilities@413e3a39, density 440, 442.451 x 445.476 dpi, appVsyncOff 2000000, presDeadline 11666666, touch INTERNAL, rotation 0, type BUILT_IN, address {port=129, model=0x446de5e3a74a}, state ON, FLAG_DEFAULT_DISPLAY, FLAG_ROTATES_WITH_CONTENT, FLAG_SECURE, FLAG_SUPPORTS_PROTECTED_BUFFERS}
02-10 13:39:01.511  1340  1364 I DisplayManagerService: Display device changed: DisplayDeviceInfo{"기본으로 제공되는 화면": uniqueId="local:19261132550654593", 1080 x 2280, modeId 1, defaultModeId 2, supportedModes [{id=1, width=1080, height=2280, fps=90.0}, {id=2, width=1080, height=2280, fps=60.000004}], colorMode 0, supportedColorModes [0, 7, 9], HdrCapabilities android.view.Display$HdrCapabilities@413e3a39, density 440, 442.451 x 445.476 dpi, appVsyncOff 2000000, presDeadline 11111111, touch INTERNAL, rotation 0, type BUILT_IN, address {port=129, model=0x446de5e3a74a}, state ON, FLAG_DEFAULT_DISPLAY, FLAG_ROTATES_WITH_CONTENT, FLAG_SECURE, FLAG_SUPPORTS_PROTECTED_BUFFERS}
02-10 13:39:08.302  1340  1364 I DisplayManagerService: Display device changed: DisplayDeviceInfo{"기본으로 제공되는 화면": uniqueId="local:19261132550654593", 1080 x 2280, modeId 2, defaultModeId 2, supportedModes [{id=1, width=1080, height=2280, fps=90.0}, {id=2, width=1080, height=2280, fps=60.000004}], colorMode 0, supportedColorModes [0, 7, 9], HdrCapabilities android.view.Display$HdrCapabilities@413e3a39, density 440, 442.451 x 445.476 dpi, appVsyncOff 2000000, presDeadline 11666666, touch INTERNAL, rotation 0, type BUILT_IN, address {port=129, model=0x446de5e3a74a}, state ON, FLAG_DEFAULT_DISPLAY, FLAG_ROTATES_WITH_CONTENT, FLAG_SECURE, FLAG_SUPPORTS_PROTECTED_BUFFERS}
02-10 13:39:08.456  1340  1364 I DisplayManagerService: Display device changed: DisplayDeviceInfo{"기본으로 제공되는 화면": uniqueId="local:19261132550654593", 1080 x 2280, modeId 1, defaultModeId 2, supportedModes [{id=1, width=1080, height=2280, fps=90.0}, {id=2, width=1080, height=2280, fps=60.000004}], colorMode 0, supportedColorModes [0, 7, 9], HdrCapabilities android.view.Display$HdrCapabilities@413e3a39, density 440, 442.451 x 445.476 dpi, appVsyncOff 2000000, presDeadline 11111111, touch INTERNAL, rotation 0, type BUILT_IN, address {port=129, model=0x446de5e3a74a}, state ON, FLAG_DEFAULT_DISPLAY, FLAG_ROTATES_WITH_CONTENT, FLAG_SECURE, FLAG_SUPPORTS_PROTECTED_BUFFERS}
02-10 13:39:15.330  1340  1364 I DisplayManagerService: Display device changed: DisplayDeviceInfo{"기본으로 제공되는 화면": uniqueId="local:19261132550654593", 1080 x 2280, modeId 2, defaultModeId 2, supportedModes [{id=1, width=1080, height=2280, fps=90.0}, {id=2, width=1080, height=2280, fps=60.000004}], colorMode 0, supportedColorModes [0, 7, 9], HdrCapabilities android.view.Display$HdrCapabilities@413e3a39, density 440, 442.451 x 445.476 dpi, appVsyncOff 2000000, presDeadline 11666666, touch INTERNAL, rotation 0, type BUILT_IN, address {port=129, model=0x446de5e3a74a}, state ON, FLAG_DEFAULT_DISPLAY, FLAG_ROTATES_WITH_CONTENT, FLAG_SECURE, FLAG_SUPPORTS_PROTECTED_BUFFERS}
02-10 13:39:15.347  1340  1364 I DisplayManagerService: Display device changed: DisplayDeviceInfo{"기본으로 제공되는 화면": uniqueId="local:19261132550654593", 1080 x 2280, modeId 1, defaultModeId 2, supportedModes [{id=1, width=1080, height=2280, fps=90.0}, {id=2, width=1080, height=2280, fps=60.000004}], colorMode 0, supportedColorModes [0, 7, 9], HdrCapabilities android.view.Display$HdrCapabilities@413e3a39, density 440, 442.451 x 445.476 dpi, appVsyncOff 2000000, presDeadline 11111111, touch INTERNAL, rotation 0, type BUILT_IN, address {port=129, model=0x446de5e3a74a}, state ON, FLAG_DEFAULT_DISPLAY, FLAG_ROTATES_WITH_CONTENT, FLAG_SECURE, FLAG_SUPPORTS_PROTECTED_BUFFERS}
02-10 13:39:22.375  1340  1364 I DisplayManagerService: Display device changed: DisplayDeviceInfo{"기본으로 제공되는 화면": uniqueId="local:19261132550654593", 1080 x 2280, modeId 2, defaultModeId 2, supportedModes [{id=1, width=1080, height=2280, fps=90.0}, {id=2, width=1080, height=2280, fps=60.000004}], colorMode 0, supportedColorModes [0, 7, 9], HdrCapabilities android.view.Display$HdrCapabilities@413e3a39, density 440, 442.451 x 445.476 dpi, appVsyncOff 2000000, presDeadline 11666666, touch INTERNAL, rotation 0, type BUILT_IN, address {port=129, model=0x446de5e3a74a}, state ON, FLAG_DEFAULT_DISPLAY, FLAG_ROTATES_WITH_CONTENT, FLAG_SECURE, FLAG_SUPPORTS_PROTECTED_BUFFERS}
02-10 13:39:22.806  1340  1364 I DisplayManagerService: Display device changed: DisplayDeviceInfo{"기본으로 제공되는 화면": uniqueId="local:19261132550654593", 1080 x 2280, modeId 1, defaultModeId 2, supportedModes [{id=1, width=1080, height=2280, fps=90.0}, {id=2, width=1080, height=2280, fps=60.000004}], colorMode 0, supportedColorModes [0, 7, 9], HdrCapabilities android.view.Display$HdrCapabilities@413e3a39, density 440, 442.451 x 445.476 dpi, appVsyncOff 2000000, presDeadline 11111111, touch INTERNAL, rotation 0, type BUILT_IN, address {port=129, model=0x446de5e3a74a}, state ON, FLAG_DEFAULT_DISPLAY, FLAG_ROTATES_WITH_CONTENT, FLAG_SECURE, FLAG_SUPPORTS_PROTECTED_BUFFERS}
02-10 13:39:29.434  1340  1364 I DisplayManagerService: Display device changed: DisplayDeviceInfo{"기본으로 제공되는 화면": uniqueId="local:19261132550654593", 1080 x 2280, modeId 2, defaultModeId 2, supportedModes [{id=1, width=1080, height=2280, fps=90.0}, {id=2, width=1080, height=2280, fps=60.000004}], colorMode 0, supportedColorModes [0, 7, 9], HdrCapabilities android.view.Display$HdrCapabilities@413e3a39, density 440, 442.451 x 445.476 dpi, appVsyncOff 2000000, presDeadline 11666666, touch INTERNAL, rotation 0, type BUILT_IN, address {port=129, model=0x446de5e3a74a}, state ON, FLAG_DEFAULT_DISPLAY, FLAG_ROTATES_WITH_CONTENT, FLAG_SECURE, FLAG_SUPPORTS_PROTECTED_BUFFERS}
02-10 13:39:29.589  1340  1364 I DisplayManagerService: Display device changed: DisplayDeviceInfo{"기본으로 제공되는 화면": uniqueId="local:19261132550654593", 1080 x 2280, modeId 1, defaultModeId 2, supportedModes [{id=1, width=1080, height=2280, fps=90.0}, {id=2, width=1080, height=2280, fps=60.000004}], colorMode 0, supportedColorModes [0, 7, 9], HdrCapabilities android.view.Display$HdrCapabilities@413e3a39, density 440, 442.451 x 445.476 dpi, appVsyncOff 2000000, presDeadline 11111111, touch INTERNAL, rotation 0, type BUILT_IN, address {port=129, model=0x446de5e3a74a}, state ON, FLAG_DEFAULT_DISPLAY, FLAG_ROTATES_WITH_CONTENT, FLAG_SECURE, FLAG_SUPPORTS_PROTECTED_BUFFERS}
02-10 13:39:36.496  1340  1364 I DisplayManagerService: Display device changed: DisplayDeviceInfo{"기본으로 제공되는 화면": uniqueId="local:19261132550654593", 1080 x 2280, modeId 2, defaultModeId 2, supportedModes [{id=1, width=1080, height=2280, fps=90.0}, {id=2, width=1080, height=2280, fps=60.000004}], colorMode 0, supportedColorModes [0, 7, 9], HdrCapabilities android.view.Display$HdrCapabilities@413e3a39, density 440, 442.451 x 445.476 dpi, appVsyncOff 2000000, presDeadline 11666666, touch INTERNAL, rotation 0, type BUILT_IN, address {port=129, model=0x446de5e3a74a}, state ON, FLAG_DEFAULT_DISPLAY, FLAG_ROTATES_WITH_CONTENT, FLAG_SECURE, FLAG_SUPPORTS_PROTECTED_BUFFERS}
02-10 13:39:36.766  1340  1364 I DisplayManagerService: Display device changed: DisplayDeviceInfo{"기본으로 제공되는 화면": uniqueId="local:19261132550654593", 1080 x 2280, modeId 1, defaultModeId 2, supportedModes [{id=1, width=1080, height=2280, fps=90.0}, {id=2, width=1080, height=2280, fps=60.000004}], colorMode 0, supportedColorModes [0, 7, 9], HdrCapabilities android.view.Display$HdrCapabilities@413e3a39, density 440, 442.451 x 445.476 dpi, appVsyncOff 2000000, presDeadline 11111111, touch INTERNAL, rotation 0, type BUILT_IN, address {port=129, model=0x446de5e3a74a}, state ON, FLAG_DEFAULT_DISPLAY, FLAG_ROTATES_WITH_CONTENT, FLAG_SECURE, FLAG_SUPPORTS_PROTECTED_BUFFERS}
