--------- beginning of system
02-10 12:28:16.734  1340  1340 I chatty  : uid=1000 system_server expire 23 lines
02-10 12:28:16.771  1340  1361 I chatty  : uid=1000 system_server expire 14 lines
02-10 12:28:16.795  1340  1510 I chatty  : uid=1000 system_server expire 1 line
02-10 12:28:16.804  1340  2039 I chatty  : uid=1000 system_server expire 1 line
02-10 12:28:16.892  1340  1358 I chatty  : uid=1000 system_server expire 1 line
02-10 12:28:17.218   830   830 I vendor.google.wifi_ext@1.0-service-vendor: Wifi HAL started
02-10 12:28:17.241   830   830 I vendor.google.wifi_ext@1.0-service-vendor: Adding interface handle for wlan1
02-10 12:28:17.241   830   830 I vendor.google.wifi_ext@1.0-service-vendor: Adding interface handle for p2p0
02-10 12:28:17.241   830   830 I vendor.google.wifi_ext@1.0-service-vendor: Adding interface handle for wlan0
02-10 12:28:17.241   830   830 W vendor.google.wifi_ext@1.0-service-vendor: No active wlan interfaces in use! Using default
02-10 12:28:17.241   830   830 W vendor.google.wifi_ext@1.0-service-vendor: No active wlan interfaces in use! Using default
02-10 12:28:17.243   830   830 I vendor.google.wifi_ext@1.0-service-vendor: Configured chip in mode 3
02-10 12:28:17.243   830   830 W vendor.google.wifi_ext@1.0-service-vendor: No active wlan interfaces in use! Using default
02-10 12:28:17.254   920   920 I wificond: create scanner for interface with index: 30
02-10 12:28:17.254   920   920 I wificond: subscribe scan result for interface with index: 30
02-10 12:28:17.257   920   920 E wificond: No Offload Service available
02-10 12:28:17.257   920   920 I wificond: Offload HAL not supported 
02-10 12:28:17.290   830   830 W vendor.google.wifi_ext@1.0-service-vendor: No active wlan interfaces in use! Using default
02-10 12:28:17.291   920   920 I wificond: Unsubscribe scan result for interface with index: 30
02-10 12:28:17.307   830  2895 I vendor.google.wifi_ext@1.0-service-vendor: Legacy HAL stop complete callback received
02-10 12:28:17.308   830   830 I vendor.google.wifi_ext@1.0-service-vendor: Wifi HAL stopped
02-10 12:28:17.315  1340  1486 I chatty  : uid=1000 system_server expire 24 lines
02-10 12:28:17.335   830   830 I vendor.google.wifi_ext@1.0-service-vendor: Wifi HAL started
02-10 12:28:17.407  1340  1731 I chatty  : uid=1000 system_server expire 10 lines
02-10 12:28:17.464   830   830 I vendor.google.wifi_ext@1.0-service-vendor: Adding interface handle for wlan1
02-10 12:28:17.464   830   830 I vendor.google.wifi_ext@1.0-service-vendor: Adding interface handle for p2p0
02-10 12:28:17.464   830   830 I vendor.google.wifi_ext@1.0-service-vendor: Adding interface handle for wlan0
02-10 12:28:17.464   830   830 W vendor.google.wifi_ext@1.0-service-vendor: No active wlan interfaces in use! Using default
02-10 12:28:17.465   830   830 W vendor.google.wifi_ext@1.0-service-vendor: No active wlan interfaces in use! Using default
02-10 12:28:17.467   830   830 I vendor.google.wifi_ext@1.0-service-vendor: Configured chip in mode 3
02-10 12:28:17.467   830   830 W vendor.google.wifi_ext@1.0-service-vendor: No active wlan interfaces in use! Using default
02-10 12:28:17.469   830   830 W vendor.google.wifi_ext@1.0-service-vendor: No active wlan interfaces in use! Using default
02-10 12:28:17.471  1340  2537 I chatty  : uid=1000 system_server expire 1 line
02-10 12:28:17.475   920   920 I wificond: create scanner for interface with index: 30
02-10 12:28:17.475   920   920 I wificond: subscribe scan result for interface with index: 30
02-10 12:28:17.475   920   920 E wificond: No Offload Service available
02-10 12:28:17.475   920   920 I wificond: Offload HAL not supported 
02-10 12:28:17.517  2291  2410 E ActivityThread: Failed to find provider info for instantapp-dev-manager
02-10 12:28:17.519   830  2982 E vendor.google.wifi_ext@1.0-service-vendor: Callback invoked on an invalid object
02-10 12:28:17.542  2291  2630 V PackageManager: [5a570a48-95f0-409e-988a-28fdeae1197e] Phase1 called; posting
02-10 12:28:17.543  2291  2291 D PackageManager: [5a570a48-95f0-409e-988a-28fdeae1197e] Phase1 request; prefix: [-2130968576, -2113531904, -1857531904, -1846755328, -1787498496, -1581379584, -1552310272, -980426752, -421629952, 2834432, 78462976, 522489856, 825909248], userId: 0
02-10 12:28:17.546  2291  2630 V PackageManager: [f7f55b57-0602-4792-b048-2c9409ccec9d] Phase1 called; posting
02-10 12:28:17.547  2291  2291 D PackageManager: [f7f55b57-0602-4792-b048-2c9409ccec9d] Phase1 request; prefix: [-2130968576, -1607380992, -1552310272, -1269850112, -990756864, -484892672, -439631872, -340525056, -58597376, 365359104, 1277104128, 1401892864], userId: 0
02-10 12:28:17.747  2619  2859 W PackageParser: Unknown element under <manifest>: queries at /data/user_de/0/com.google.android.gms/app_chimera/m/00000074/dl-AdsFdrDynamite.integ_213806100100000.apk Binary XML file line #11
02-10 12:28:17.779  2619  2859 W PackageParser: Unknown element under <manifest>: queries at /data/user_de/0/com.google.android.gms/app_chimera/m/000000aa/dl-AdsFdrDynamite.integ_214106404100000.apk Binary XML file line #11
02-10 12:28:17.822  2619  2859 W PackageParser: Unknown element under <manifest>: queries at /data/user_de/0/com.google.android.gms/app_chimera/m/0000006a/dl-Payments.integ_213380802100400.apk Binary XML file line #11
02-10 12:28:17.918  2619  2859 W PackageParser: Unknown element under <manifest>: queries at /data/user_de/0/com.google.android.gms/app_chimera/m/00000074/dl-AdsFdrDynamite.integ_213806100100000.apk Binary XML file line #11
02-10 12:28:17.933  2619  2859 W PackageParser: Unknown element under <manifest>: queries at /data/user_de/0/com.google.android.gms/app_chimera/m/000000aa/dl-AdsFdrDynamite.integ_214106404100000.apk Binary XML file line #11
02-10 12:28:17.949  2619  2859 W PackageParser: Unknown element under <manifest>: queries at /data/user_de/0/com.google.android.gms/app_chimera/m/00000044/dl-Payments.integ_212480904100400.apk Binary XML file line #11
02-10 12:28:17.981  2619  2859 W PackageParser: Unknown element under <manifest>: queries at /data/user_de/0/com.google.android.gms/app_chimera/m/00000074/dl-AdsFdrDynamite.integ_213806100100000.apk Binary XML file line #11
02-10 12:28:17.990  2619  2859 W PackageParser: Unknown element under <manifest>: queries at /data/user_de/0/com.google.android.gms/app_chimera/m/000000aa/dl-AdsFdrDynamite.integ_214106404100000.apk Binary XML file line #11
02-10 12:28:18.120  2291  2630 V PackageManager: [48e6c4d0-3ac8-4fbf-a040-cef78e1c9849] Phase1 called; posting
02-10 12:28:18.162  2619  3112 W PackageParser: Unknown element under <manifest>: queries at /data/user_de/0/com.google.android.gms/app_chimera/m/00000044/dl-Payments.integ_212480904100400.apk Binary XML file line #11
02-10 12:28:18.206  2291  2291 D PackageManager: [48e6c4d0-3ac8-4fbf-a040-cef78e1c9849] Phase1 request; prefix: [-2140958720, -2130968576, -1579266048, -1552310272, -1348673536, -1252663296, -866443264, -271659008, 850116608, 1469460480, 1507061760, 1913217024], userId: 0
02-10 12:28:18.208  2291  2630 V PackageManager: [0727262d-6a70-419f-970a-daadb8a356ec] Phase1 called; posting
02-10 12:28:18.209  2291  2291 D PackageManager: [0727262d-6a70-419f-970a-daadb8a356ec] Phase1 request; prefix: [-2130968576, -2066903040, -1552310272, -1285857280, -1126236160, -1124933632, -1106554880, -1031811072, -905326592, -810651648, -235134976, -227180544, -96792576, -11104256, 652832768, 758386688, 834764800, 1916030976, 2120548352], userId: 0
02-10 12:28:18.253  2619  3112 W PackageParser: Unknown element under <manifest>: queries at /data/user_de/0/com.google.android.gms/app_chimera/m/000000aa/dl-AdsFdrDynamite.integ_214106404100000.apk Binary XML file line #11
02-10 12:28:18.392  2619  3112 W PackageParser: Unknown element under <manifest>: queries at /data/user_de/0/com.google.android.gms/app_chimera/m/00000074/dl-AdsFdrDynamite.integ_213806100100000.apk Binary XML file line #11
02-10 12:28:18.550  2619  3112 W PackageParser: Unknown element under <manifest>: queries at /data/user_de/0/com.google.android.gms/app_chimera/m/0000006a/dl-Payments.integ_213380802100400.apk Binary XML file line #11
02-10 12:28:18.685  2619  3112 W PackageParser: Unknown element under <manifest>: queries at /data/user_de/0/com.google.android.gms/app_chimera/m/00000074/dl-AdsFdrDynamite.integ_213806100100000.apk Binary XML file line #11
02-10 12:28:18.696  2619  3112 W PackageParser: Unknown element under <manifest>: queries at /data/user_de/0/com.google.android.gms/app_chimera/m/000000aa/dl-AdsFdrDynamite.integ_214106404100000.apk Binary XML file line #11
02-10 12:28:18.703  2619  3112 W PackageParser: Unknown element under <manifest>: queries at /data/user_de/0/com.google.android.gms/app_chimera/m/0000006a/dl-Payments.integ_213380802100400.apk Binary XML file line #11
02-10 12:28:18.740  2619  3112 W PackageParser: Unknown element under <manifest>: queries at /data/user_de/0/com.google.android.gms/app_chimera/m/00000074/dl-AdsFdrDynamite.integ_213806100100000.apk Binary XML file line #11
02-10 12:28:18.758  2619  3112 W PackageParser: Unknown element under <manifest>: queries at /data/user_de/0/com.google.android.gms/app_chimera/m/000000aa/dl-AdsFdrDynamite.integ_214106404100000.apk Binary XML file line #11
02-10 12:28:18.780  2619  3112 W PackageParser: Unknown element under <manifest>: queries at /data/user_de/0/com.google.android.gms/app_chimera/m/00000044/dl-Payments.integ_212480904100400.apk Binary XML file line #11
02-10 12:28:18.822  2619  3112 W PackageParser: Unknown element under <manifest>: queries at /data/user_de/0/com.google.android.gms/app_chimera/m/00000074/dl-AdsFdrDynamite.integ_213806100100000.apk Binary XML file line #11
02-10 12:28:18.831  2619  3112 W PackageParser: Unknown element under <manifest>: queries at /data/user_de/0/com.google.android.gms/app_chimera/m/000000aa/dl-AdsFdrDynamite.integ_214106404100000.apk Binary XML file line #11
02-10 12:28:18.870  2682  2905 E ActivityThread: Failed to find provider info for com.google.android.apps.wellbeing.api
02-10 12:28:19.026  1340  1364 I chatty  : uid=1000 system_server expire 4 lines
02-10 12:28:19.126  1552  1552 I imsrcsd : getAndroidPropValue : vendor.ims.modem.multisub.cap[2]
02-10 12:28:19.126  1552  1552 I imsrcsd : Uce Service HAL  detected modemVersion[2]
02-10 12:28:19.126  1552  1552 I imsrcsd : Uce Service HAL  loading lib-imsrcs-v2
02-10 12:28:19.176  1552  1552 I Diag_Lib: StartImsService
02-10 12:28:19.177  1552  1552 I imsrcsd : ImsServiceMain startService[1]
02-10 12:28:19.179  1552  3238 I ServiceManagement: Registered vendor.qti.ims.callinfo@1.0::IService/default (start delay of 5082ms)
02-10 12:28:19.179  1552  3238 I imsrcsd : ImsServiceMain Running..
02-10 12:28:19.295  1552  3237 I Diag_Lib: OnServiceStatusReceived iStatus[0]
02-10 12:28:19.296  1552  3237 E Diag_Lib: Modem does not support UCE/IMS-CM, proceed to register HAL's
02-10 12:28:19.296  1552  3237 I Diag_Lib: Starting Service for First Time
02-10 12:28:19.297  1552  3237 I ServiceManagement: Registered com.qualcomm.qti.uceservice@2.1::IUceService/com.qualcomm.qti.uceservice (start delay of 5199ms)
02-10 12:28:19.297  1552  3237 I Diag_Lib: CM service not required
02-10 12:28:19.819  1340  3008 I chatty  : uid=1000 system_server expire 1 line
02-10 12:28:20.179  1340  3407 I chatty  : uid=1000 system_server expire 3 lines
02-10 12:28:20.246   920   920 W wificond: Scan is not started. Ignore abort request
02-10 12:28:20.383  1340  1479 I chatty  : uid=1000 system_server expire 1 line
02-10 12:28:20.576   788  1098 E NetlinkEvent: NetlinkEvent::FindParam(): Parameter 'INTERFACE' not found
02-10 12:28:20.576   788  1098 E NetlinkEvent: NetlinkEvent::FindParam(): Parameter 'STATE' not found
02-10 12:28:20.576   788  1098 E NetlinkEvent: NetlinkEvent::FindParam(): Parameter 'TIME_NS' not found
02-10 12:28:20.577   788  1098 E NetlinkEvent: NetlinkEvent::FindParam(): Parameter 'UID' not found
02-10 12:28:22.136  1340  1381 I chatty  : uid=1000 system_server expire 11 lines
02-10 12:28:23.608  1340  1357 I chatty  : uid=1000 system_server expire 5 lines
02-10 12:28:24.369  1340  2217 I chatty  : uid=1000 system_server expire 1 line
02-10 12:28:25.018  1340  1370 I chatty  : uid=1000 system_server expire 1 line
02-10 12:28:25.176  1955  1955 I TelecomFramework: : Carrier-config changed, checking for phone account updates.
02-10 12:28:25.280  1340  1870 I chatty  : uid=1000 system_server expire 1 line
02-10 12:28:25.374  1340  2512 I chatty  : uid=1000 system_server expire 13 lines
02-10 12:28:25.512  1340  1372 I chatty  : uid=1000 system_server expire 29 lines
02-10 12:28:25.537  1340  1357 I chatty  : uid=1000 system_server expire 12 lines
02-10 12:28:25.538  1340  2552 I chatty  : uid=1000 system_server expire 7 lines
02-10 12:28:25.538  1340  1507 I chatty  : uid=1000 system_server expire 2 lines
02-10 12:28:25.538  1340  1870 I chatty  : uid=1000 system_server expire 9 lines
02-10 12:28:25.538  1340  1486 I chatty  : uid=1000 system_server expire 10 lines
02-10 12:28:26.454  1340  1731 I chatty  : uid=1000 system_server expire 4 lines
02-10 12:28:26.531  1340  3008 I chatty  : uid=1000 system_server expire 10 lines
02-10 12:28:26.806  1340  1657 I chatty  : uid=1000 system_server expire 6 lines
02-10 12:28:27.032  1340  1859 I chatty  : uid=1000 system_server expire 3 lines
02-10 12:28:27.391  1340  1364 I chatty  : uid=1000 system_server expire 22 lines
02-10 12:28:27.735  1340  3760 I chatty  : uid=1000 system_server expire 5 lines
02-10 12:28:28.135  1340  1510 I chatty  : uid=1000 system_server expire 4 lines
02-10 12:28:29.287  1340  3838 I chatty  : uid=1000 system_server expire 11 lines
02-10 12:28:31.450  1340  4031 I chatty  : uid=1000 system_server expire 1 line
02-10 12:28:32.253  1340  1340 I chatty  : uid=1000 system_server expire 6 lines
02-10 12:28:32.622  1340  1371 I chatty  : uid=1000 system_server expire 17 lines
02-10 12:28:32.646  1340  2519 I chatty  : uid=1000 system_server expire 2 lines
02-10 12:28:33.655  1340  3784 I chatty  : uid=1000 system_server expire 1 line
02-10 12:28:33.725  1340  1381 I chatty  : uid=1000 system_server expire 40 lines
02-10 12:28:33.853  1340  5075 I chatty  : uid=1000 system_server expire 4 lines
02-10 12:28:34.969  1340  2039 I chatty  : uid=1000 system_server expire 5 lines
02-10 12:28:35.778  5318  5393 E ActivityThread: Failed to find provider info for com.google.android.googlequicksearchbox.GsaPublicContentProvider
02-10 12:28:35.778  5318  5394 E ActivityThread: Failed to find provider info for com.google.android.googlequicksearchbox.GsaPublicContentProvider
02-10 12:28:35.929  1340  1357 I chatty  : uid=1000 system_server expire 3 lines
02-10 12:28:36.026  1340  1372 I chatty  : uid=1000 system_server expire 3 lines
02-10 12:28:36.385  5318  5507 E ActivityThread: Failed to find provider info for com.google.android.googlequicksearchbox.GsaPublicContentProvider
02-10 12:28:36.895  4402  4612 E ActivityThread: Failed to find provider info for com.facebook.appmanager.firstparty.crashreporter
02-10 12:28:36.934  4402  4613 E ActivityThread: Failed to find provider info for com.android.launcher3.cornermark.unreadbadge
02-10 12:28:45.046  1340  1361 I chatty  : uid=1000 system_server expire 4 lines
02-10 12:28:45.271  1340  1370 I chatty  : uid=1000 system_server expire 1 line
02-10 12:28:57.426  1340  2512 I chatty  : uid=1000 system_server expire 4 lines
02-10 12:30:11.889  1340  1449 I chatty  : uid=1000 system_server expire 1 line
02-10 12:30:37.246  1340  5822 I chatty  : uid=1000 system_server expire 3 lines
02-10 12:33:38.171  1340  2168 I chatty  : uid=1000 system_server expire 1 line
02-10 12:33:38.529  2291  5200 V PackageManager: [bd0c6cdd-ad97-41d8-a437-36f504637352] Phase1 called; posting
02-10 12:33:38.529  2291  2291 D PackageManager: [bd0c6cdd-ad97-41d8-a437-36f504637352] Phase1 request; prefix: [-2130968576, -1863380992, -1552310272, -1050005504, -904327168, -715100160, -514945024, -299401216, -176267264, -130891776, 58802176, 79454208, 844746752, 1102454784, 1242513408, 1257377792, 1864708096, 2108555264, 2137341952], userId: 0
02-10 12:33:38.538  2291  5200 V PackageManager: [a1344db2-5ed2-4821-a12f-d1e13ca0e652] Phase1 called; posting
02-10 12:33:38.538  2291  2291 D PackageManager: [a1344db2-5ed2-4821-a12f-d1e13ca0e652] Phase1 request; prefix: [-2130968576, -1838243840, -1785556992, -1552310272, -835616768, -823681024, -770768896, -711794688, -589496320, -262488064, -209313792, 143613952, 420548608, 2129760256], userId: 0
02-10 12:33:38.662  1340  3008 I chatty  : uid=1000 system_server expire 1 line
02-10 12:33:38.744  2291  5517 V PackageManager: [fe3e7e7b-9ae4-4200-a1d3-8db5faff6470] Phase1 called; posting
02-10 12:33:38.744  2291  2291 D PackageManager: [fe3e7e7b-9ae4-4200-a1d3-8db5faff6470] Phase1 request; prefix: [-2130968576, -2068594688, -1845104640, -1820594176, -1687146496, -1552310272, -1172508672, -1088520192, -880222208, -375074816, 81051648, 150323200, 1002053632, 1097191424, 1491329024, 1682452480], userId: 0
02-10 12:33:38.749  2291  5517 V PackageManager: [2a3d06a2-7bd8-4704-8633-2edce24b0a89] Phase1 called; posting
02-10 12:33:38.750  2291  2291 D PackageManager: [2a3d06a2-7bd8-4704-8633-2edce24b0a89] Phase1 request; prefix: [-2130968576, -1614274560, -1552310272, -1392857088, -802795520, -749715456, -734633984, -701198336, -625618944, -328511488, 583794688, 787759104, 944025600, 983302144, 1326678016, 1329946624, 1525157888, 1636352000, 1794916352, 1797214208], userId: 0
02-10 12:33:39.678  8857  8910 E ActivityThread: Failed to find provider info for com.google.android.apps.wellbeing.api
02-10 12:33:39.730  1340  1486 I chatty  : uid=1000 system_server expire 1 line
02-10 12:33:39.926  1340  1364 I chatty  : uid=1000 system_server expire 7 lines
02-10 12:33:46.925  1340  1381 I chatty  : uid=1000 system_server expire 6 lines
02-10 12:34:01.346  1340  1358 I chatty  : uid=1000 system_server expire 2 lines
02-10 12:34:07.298  1340  1381 I chatty  : uid=1000 system_server expire 147 lines
02-10 12:34:07.304  1340  1364 I chatty  : uid=1000 system_server expire 94 lines
02-10 12:34:19.189  1340  1362 I chatty  : uid=1000 system_server expire 1 line
02-10 12:34:19.189  1340  1859 I chatty  : uid=1000 system_server expire 1 line
02-10 12:34:39.002  1340  1371 I chatty  : uid=1000 system_server expire 1 line
02-10 12:34:39.429  1340  1372 I chatty  : uid=1000 system_server expire 1 line
02-10 12:34:40.020  1340  1486 I chatty  : uid=1000 system_server expire 5 lines
02-10 12:35:40.183  1340  3760 I chatty  : uid=1000 system_server expire 1 line
02-10 12:36:42.932  1340  2552 I chatty  : uid=1000 system_server expire 1 line
02-10 12:39:21.837  1340  1357 I chatty  : uid=1000 system_server expire 1 line
02-10 12:40:32.257  1340  1507 I chatty  : uid=1000 system_server expire 15 lines
02-10 12:41:45.078  1340  1381 I chatty  : uid=1000 system_server expire 45 lines
02-10 12:41:45.080  1340  1364 I chatty  : uid=1000 system_server expire 44 lines
02-10 12:42:22.884  1340  3760 I chatty  : uid=1000 system_server expire 2 lines
02-10 12:42:22.953  1340  1486 I chatty  : uid=1000 system_server expire 3 lines
02-10 12:45:30.781  1340  1510 I chatty  : uid=1000 system_server expire 2 lines
02-10 12:45:30.823  1340  1372 I chatty  : uid=1000 system_server expire 16 lines
02-10 12:45:32.065  1340  1357 I chatty  : uid=1000 system_server expire 4 lines
02-10 12:45:36.963  1340  1358 I chatty  : uid=1000 system_server expire 4 lines
02-10 12:45:38.526  1340  1859 I chatty  : uid=1000 system_server expire 17 lines
02-10 12:45:39.377  2291  2322 V PackageManager: [e58c7be3-4aef-4000-a8aa-29187d1dea22] Phase1 called; posting
02-10 12:45:39.378  2291  2291 D PackageManager: [e58c7be3-4aef-4000-a8aa-29187d1dea22] Phase1 request; prefix: [-2144415744, -2071552000, -1858043904, -1551740928, -1120337920, -881270784, -724971520, -630071296, 54939648, 420691968, 532623360, 845770752, 980844544, 1162625024, 1552371712, 1635336192], userId: 0
02-10 12:45:39.385  2291  2322 V PackageManager: [aed036fe-84d8-438f-8d02-833cb12c8f3a] Phase1 called; posting
02-10 12:45:39.385  2291  2291 D PackageManager: [aed036fe-84d8-438f-8d02-833cb12c8f3a] Phase1 request; prefix: [-2130968576, -1846996992, -1775194112, -1770233856, -1670475776, -1568890880, -1552310272, -1118679040, -688439296, -637571072, -226086912, -218066944, 89133056, 311980032, 348811264, 752730112, 1011605504, 1736945664], userId: 0
02-10 12:45:39.388  2291  2322 V PackageManager: [b8666bf6-e7d3-4f47-bf96-e56b1940dd2a] Phase1 called; posting
02-10 12:45:39.388  2291  2291 D PackageManager: [b8666bf6-e7d3-4f47-bf96-e56b1940dd2a] Phase1 request; prefix: [-2130968576, -1780957184, -1729871872, -1572990976, -1552310272, -1274388480, -1166630912, -1044926464, -948547584, -932188160, -151023616, 77328384, 191229952, 633610240, 730845184, 1142546432, 1263366144, 1843220480, 2053824512], userId: 0
02-10 12:45:39.391  2291  2322 V PackageManager: [01f6eec3-1914-49d6-947f-54320637eb83] Phase1 called; posting
02-10 12:45:39.392  2291  2291 D PackageManager: [01f6eec3-1914-49d6-947f-54320637eb83] Phase1 request; prefix: [-2130968576, -2062118912, -1926017024, -1848508416, -1621217280, -1552310272, -1099636736, -928305152, -607334400, -585469952, -423739392, 88100864, 575631360, 1008881664, 1323499520, 1355235328, 1538068480, 1710268416, 1886560256, 2127609856], userId: 0
02-10 12:45:39.398  2291  2322 V PackageManager: [1e909cd2-c366-4805-a2b1-635a9a5dfe3e] Phase1 called; posting
02-10 12:45:39.398  2291  2291 D PackageManager: [1e909cd2-c366-4805-a2b1-635a9a5dfe3e] Phase1 request; prefix: [-2130968576, -1683673088, -1552310272, -1392652288, -1389637632, -1059999744, -1030909952, 244928512, 448012288, 508973056, 1078734848, 1686310912, 1767104512], userId: 0
02-10 12:45:40.184  1340  1381 I chatty  : uid=1000 system_server expire 42 lines
02-10 12:45:40.187  1340  1364 I chatty  : uid=1000 system_server expire 50 lines
02-10 12:46:20.516  1340  1340 I chatty  : uid=1000 system_server expire 1 line
02-10 12:48:13.914  1340  1370 I chatty  : uid=1000 system_server expire 1 line
02-10 12:48:23.693  1340  3008 I chatty  : uid=1000 system_server expire 6 lines
02-10 12:49:25.741  1340  1377 I chatty  : uid=1000 system_server expire 3 lines
02-10 12:49:27.629  1340  5075 I chatty  : uid=1000 system_server expire 3 lines
02-10 12:49:31.089  1340  1364 I chatty  : uid=1000 system_server expire 178 lines
02-10 12:49:38.993  1340  2519 I chatty  : uid=1000 system_server expire 1 line
02-10 12:49:38.998  1340  1486 I chatty  : uid=1000 system_server expire 9 lines
02-10 12:50:28.944  1340  1870 I chatty  : uid=1000 system_server expire 2 lines
02-10 12:50:29.047  1340  2537 I chatty  : uid=1000 system_server expire 1 line
02-10 12:50:29.315  1340  1371 I chatty  : uid=1000 system_server expire 2 lines
02-10 12:51:29.091  1340  1859 I chatty  : uid=1000 system_server expire 2 lines
02-10 12:53:49.493  1340  1381 I chatty  : uid=1000 system_server expire 22 lines
02-10 12:55:11.573  1340  1657 I chatty  : uid=1000 system_server expire 1 line
02-10 12:55:11.686  1340  1372 I chatty  : uid=1000 system_server expire 2 lines
02-10 12:55:12.126  1340  2552 I chatty  : uid=1000 system_server expire 2 lines
02-10 12:55:12.419  2291  5199 V PackageManager: [30d5e31c-1f41-4810-83ab-f0e6f6dde985] Phase1 called; posting
02-10 12:55:12.419  2291  2291 D PackageManager: [30d5e31c-1f41-4810-83ab-f0e6f6dde985] Phase1 request; prefix: [-2095149056, -1902383104, -1512685568, -758157312, -626651136, 303448064, 452534272, 928747520, 933621760, 961830912, 1078394880, 1164107776, 1287495680], userId: 0
02-10 12:55:12.423  2291  5199 V PackageManager: [6359a632-3374-4778-948e-54570e0b4e9b] Phase1 called; posting
02-10 12:55:12.423  2291  2291 D PackageManager: [6359a632-3374-4778-948e-54570e0b4e9b] Phase1 request; prefix: [-2078732288, -2007597056, -1710956544, -1679224832, -1453735936, -1245011968, -1000128512, -945741824, -931577856, -724971520, -520704000, -91189248, 240463872, 1320284160, 1699336192, 1760559104, 1972191232], userId: 0
02-10 12:55:15.333  1340  1364 I chatty  : uid=1000 system_server expire 14 lines
02-10 12:55:38.936  1340  3838 I chatty  : uid=1000 system_server expire 5 lines
02-10 12:56:12.516  1340  4031 I chatty  : uid=1000 system_server expire 1 line
02-10 12:58:08.156  1340  1377 I chatty  : uid=1000 system_server expire 5 lines
02-10 12:58:14.633  1340  1370 I chatty  : uid=1000 system_server expire 1 line
02-10 12:58:39.079  1340  5822 I chatty  : uid=1000 system_server expire 1 line
02-10 12:58:53.958  1340  1510 I chatty  : uid=1000 system_server expire 2 lines
02-10 12:59:09.056  1340  1357 I chatty  : uid=1000 system_server expire 5 lines
02-10 12:59:28.935  1340  1364 I chatty  : uid=1000 system_server expire 16 lines
02-10 13:01:16.979  1340  2537 I chatty  : uid=1000 system_server expire 1 line
02-10 13:01:16.989  1340  1486 I chatty  : uid=1000 system_server expire 4 lines
02-10 13:01:39.153  1340  5075 I chatty  : uid=1000 system_server expire 2 lines
02-10 13:01:39.218  1340  1372 I chatty  : uid=1000 system_server expire 7 lines
02-10 13:01:39.378  1340  1365 I chatty  : uid=1000 system_server expire 1 line
02-10 13:01:41.197  1340  3008 I chatty  : uid=1000 system_server expire 4 lines
02-10 13:01:53.291  1340 15622 I chatty  : uid=1000 system_server expire 19 lines
02-10 13:01:53.291  1340  1731 I chatty  : uid=1000 system_server expire 6 lines
02-10 13:01:56.126  1340  2512 I chatty  : uid=1000 system_server expire 1 line
02-10 13:01:57.468  1340  1358 I chatty  : uid=1000 system_server expire 1 line
02-10 13:02:02.947  1340  2168 I chatty  : uid=1000 system_server expire 2 lines
02-10 13:02:03.008  1340  1859 I chatty  : uid=1000 system_server expire 3 lines
02-10 13:02:03.053  2291  2630 V PackageManager: [43dda5fd-e573-493a-b7f6-c4cd9f9d3b7a] Phase1 called; posting
02-10 13:02:03.053  2291  2291 D PackageManager: [43dda5fd-e573-493a-b7f6-c4cd9f9d3b7a] Phase1 request; prefix: [-2017091584, -1650470912, -1556746240, -1409073152, -1208868864, -1092947968, -976912384, -724971520, -668401664, -626393088, -409362432, -399712256, -109621248, -56528896, 277803008, 420691968, 546668544, 920444928, 1249230848, 1932210176], userId: 0
02-10 13:02:03.071  2291  2630 V PackageManager: [ea5a37f3-f7f2-4e39-8626-93cfaca867bc] Phase1 called; posting
02-10 13:02:03.071  2291  2291 D PackageManager: [ea5a37f3-f7f2-4e39-8626-93cfaca867bc] Phase1 request; prefix: [-2130968576, -2091216896, -1678077952, -1552310272, -1381093376, -1261912064, -1158041600, -987336704, -966369280, -910954496, -845590528, -693673984, -269877248, -65351680, -47054848, 209481728, 531185664, 1101185024, 1833078784], userId: 0
02-10 13:02:03.079  2291  5201 V PackageManager: [17d541d9-c3f4-4f8c-91c2-8764d9be0fdc] Phase1 called; posting
02-10 13:02:03.079  2291  2291 D PackageManager: [17d541d9-c3f4-4f8c-91c2-8764d9be0fdc] Phase1 request; prefix: [-2130968576, -2073559040, -2057891840, -1835294720, -1552310272, -1399033856, -941109248, -120901632, 396681216, 642281472, 941920256, 950370304, 1001947136, 1083600896, 1300500480, 1532825600, 1575428096, 1758990336, 1972862976], userId: 0
02-10 13:02:03.085  2291  5201 V PackageManager: [c1fe1bfe-980e-4e82-98cb-a2d57c47918a] Phase1 called; posting
02-10 13:02:03.085  2291  2291 D PackageManager: [c1fe1bfe-980e-4e82-98cb-a2d57c47918a] Phase1 request; prefix: [-2130968576, -1884553216, -1552310272, -1380937728, -872787968, -688701440, -606322688, 4247552, 84115456, 125661184, 146497536, 293584896, 622174208, 643760128, 665034752, 865824768, 957743104, 1416499200, 1753755648, 1875550208, 1991147520], userId: 0
02-10 13:02:03.087  2291  5201 V PackageManager: [587a0815-b7e6-4245-b39c-adbb520e623e] Phase1 called; posting
02-10 13:02:03.088  2291  2291 D PackageManager: [587a0815-b7e6-4245-b39c-adbb520e623e] Phase1 request; prefix: [-2130968576, -1691947008, -1552310272, -1269334016, -1065803776, -744972288, -421642240, -312979456, 14229504, 499748864, 1616281600, 1979088896], userId: 0
02-10 13:02:13.703  1340  1381 I chatty  : uid=1000 system_server expire 30 lines
02-10 13:02:15.753  1340  1364 I chatty  : uid=1000 system_server expire 29 lines
02-10 13:02:39.259  1340 15968 I chatty  : uid=1000 system_server expire 4 lines
02-10 13:05:11.131  1340  3784 I chatty  : uid=1000 system_server expire 1 line
02-10 13:05:12.164  1340  5822 I chatty  : uid=1000 system_server expire 7 lines
02-10 13:05:13.128  1340  2552 I chatty  : uid=1000 system_server expire 20 lines
02-10 13:05:13.272  2291  2318 V PackageManager: [9e62739a-e161-4744-8fcb-af32ae2deeaa] Phase1 called; posting
02-10 13:05:13.276  2291  2291 D PackageManager: [9e62739a-e161-4744-8fcb-af32ae2deeaa] Phase1 request; prefix: [-2130968576, -2056335360, -1552310272, -1401405440, -1244213248, -932696064, -768819200, -676708352, -641642496, -626565120, -92442624, -61861888, 1200517120, 2054172672], userId: 0
02-10 13:05:14.664  2291  2630 V PackageManager: [a5430a3d-573e-46ca-9a9d-51c7fc8735e9] Phase1 called; posting
02-10 13:05:14.665  2291  2291 D PackageManager: [a5430a3d-573e-46ca-9a9d-51c7fc8735e9] Phase1 request; prefix: [-2130968576, -1850867712, -1706639360, -1552310272, -1215569920, -1010118656, -301133824, 306876416, 404144128, 529940480, 1031397376, 1044996096, 1144541184, 1384083456, 2098130944], userId: 0
02-10 13:05:14.673  2291  2630 V PackageManager: [012c88b3-9561-4e9b-9482-ccce2d39be6d] Phase1 called; posting
02-10 13:05:14.673  2291  2291 D PackageManager: [012c88b3-9561-4e9b-9482-ccce2d39be6d] Phase1 request; prefix: [-2130968576, -1819201536, -1687801856, -1552310272, -1454673920, -1254830080, -734150656, -618172416, -260993024, 185016320, 683208704, 755257344, 944250880, 1158467584, 1332756480, 1480323072, 1536176128, 1805017088], userId: 0
02-10 13:05:14.680  2291  2630 V PackageManager: [b337ca6e-4e7d-4bd3-810f-a0d4a1117ca0] Phase1 called; posting
02-10 13:05:14.681  2291  2291 D PackageManager: [b337ca6e-4e7d-4bd3-810f-a0d4a1117ca0] Phase1 request; prefix: [-2130968576, -1771765760, -1552310272, -824557568, 20168704, 69103616, 367534080, 523296768, 1396256768, 1405472768, 1882943488, 2004525056], userId: 0
02-10 13:05:14.689  2291  2630 V PackageManager: [c479c83f-de2d-4433-be4f-62b85bdf881f] Phase1 called; posting
02-10 13:05:14.689  2291  2291 D PackageManager: [c479c83f-de2d-4433-be4f-62b85bdf881f] Phase1 request; prefix: [-2130968576, -1971855360, -1835212800, -1808650240, -1552310272, -1327595520, -1301884928, -1174040576, -967950336, -623538176, 168239104, 1321967616, 1569648640, 1628631040, 2004324352], userId: 0
02-10 13:05:14.698  2291  2630 V PackageManager: [80941b9f-51ff-4adf-98a0-ddce9fa85bee] Phase1 called; posting
02-10 13:05:14.698  2291  2291 D PackageManager: [80941b9f-51ff-4adf-98a0-ddce9fa85bee] Phase1 request; prefix: [-2130968576, -1680744448, -1552310272, -1230135296, -1190744064, -1121857536, -516030464, -483004416, 150159360, 737673216, 1027792896, 1428471808, 1665187840], userId: 0
02-10 13:05:15.319  2291  2630 V PackageManager: [12e26a9b-4e42-4797-9b98-9672f1705fd7] Phase1 called; posting
02-10 13:05:15.320  2291  2291 D PackageManager: [12e26a9b-4e42-4797-9b98-9672f1705fd7] Phase1 request; prefix: [-2130968576, -2103226368, -1552310272, -48066560, 283979776, 307650560, 374104064, 648060928, 771661824, 1901514752, 2010423296, 2086346752], userId: 0
02-10 13:05:15.325  2291  2630 V PackageManager: [e7aaf0c9-47f6-44db-9f9c-7fbccf497c2e] Phase1 called; posting
02-10 13:05:15.325  2291  2291 D PackageManager: [e7aaf0c9-47f6-44db-9f9c-7fbccf497c2e] Phase1 request; prefix: [-2130968576, -2112966656, -1726840832, -1552310272, -1258270720, -1244631040, -1169043456, -588419072, -496508928, -376041472, -43352064, 169525248, 307445760, 347496448, 465362944, 478789632, 601268224, 803110912, 940384256, 1445322752, 2087137280], userId: 0
02-10 13:05:15.329  2291  2630 V PackageManager: [6cb5c704-ffac-4c03-adc9-5c18787e7264] Phase1 called; posting
02-10 13:05:15.329  2291  2291 D PackageManager: [6cb5c704-ffac-4c03-adc9-5c18787e7264] Phase1 request; prefix: [-2130968576, -2118905856, -1652932608, -1552310272, -1325998080, -1141878784, -899715072, -818712576, -381390848, 160239616, 608296960, 1408790528], userId: 0
02-10 13:05:15.334  2291  2630 V PackageManager: [d155d61b-ec42-417a-b45d-50d4861bdee8] Phase1 called; posting
02-10 13:05:15.334  2291  2291 D PackageManager: [d155d61b-ec42-417a-b45d-50d4861bdee8] Phase1 request; prefix: [-2130968576, -1972867072, -1753772032, -1552310272, -1482358784, -1134407680, -1080455168, -834154496, -101117952, -32575488, 1532325888, 1706405888, 1803476992, 2019373056, 2078277632, 2094006272, 2113208320], userId: 0
02-10 13:05:15.339  2291  2630 V PackageManager: [899ad02e-f954-4d51-9f08-81690188666b] Phase1 called; posting
02-10 13:05:15.339  2291  2291 D PackageManager: [899ad02e-f954-4d51-9f08-81690188666b] Phase1 request; prefix: [-2130968576, -1766531072, -1552310272, -1536876544, -1232924672, -757792768, -329965568, -313253888, -160468992, 444866560, 571617280, 1440268288, 1731772416, 1809240064], userId: 0
02-10 13:05:16.618  1340  1364 I chatty  : uid=1000 system_server expire 122 lines
02-10 13:05:22.546  1340  1381 I chatty  : uid=1000 system_server expire 10 lines
02-10 13:06:13.777  1340  1507 I chatty  : uid=1000 system_server expire 7 lines
02-10 13:06:16.327  1340  1371 I chatty  : uid=1000 system_server expire 34 lines
02-10 13:06:18.887  1340  1510 I chatty  : uid=1000 system_server expire 11 lines
02-10 13:06:46.405  1340  3838 I chatty  : uid=1000 system_server expire 1 line
02-10 13:07:18.101  1340  2039 I chatty  : uid=1000 system_server expire 3 lines
02-10 13:08:23.108  1340  1370 I chatty  : uid=1000 system_server expire 1 line
02-10 13:08:50.112  1340  3760 I chatty  : uid=1000 system_server expire 1 line
02-10 13:09:22.649  1340  1364 I chatty  : uid=1000 system_server expire 3 lines
02-10 13:09:25.072  1340  3008 I chatty  : uid=1000 system_server expire 2 lines
02-10 13:09:25.685  1340  1364 I chatty  : uid=1000 system_server expire 3 lines
02-10 13:09:27.078  1340  1371 I chatty  : uid=1000 system_server expire 2 lines
02-10 13:09:29.874  1340  1364 I chatty  : uid=1000 system_server expire 9 lines
02-10 13:09:37.001  1340  1357 I chatty  : uid=1000 system_server expire 1 line
02-10 13:09:37.117  1340  1364 I chatty  : uid=1000 system_server expire 3 lines
02-10 13:09:39.006  1340  1371 I chatty  : uid=1000 system_server expire 2 lines
02-10 13:09:41.300  1340  1364 I chatty  : uid=1000 system_server expire 4 lines
02-10 13:09:48.384  1340  2519 I chatty  : uid=1000 system_server expire 1 line
02-10 13:09:48.402  1340  1364 I DisplayManagerService: Display device changed: DisplayDeviceInfo{"기본으로 제공되는 화면": uniqueId="local:19261132550654593", 1080 x 2280, modeId 2, defaultModeId 2, supportedModes [{id=1, width=1080, height=2280, fps=90.0}, {id=2, width=1080, height=2280, fps=60.000004}], colorMode 0, supportedColorModes [0, 7, 9], HdrCapabilities android.view.Display$HdrCapabilities@413e3a39, density 440, 442.451 x 445.476 dpi, appVsyncOff 2000000, presDeadline 11666666, touch INTERNAL, rotation 0, type BUILT_IN, address {port=129, model=0x446de5e3a74a}, state ON, FLAG_DEFAULT_DISPLAY, FLAG_ROTATES_WITH_CONTENT, FLAG_SECURE, FLAG_SUPPORTS_PROTECTED_BUFFERS}
02-10 13:09:48.468  1340  1364 I DisplayManagerService: Display device changed: DisplayDeviceInfo{"기본으로 제공되는 화면": uniqueId="local:19261132550654593", 1080 x 2280, modeId 1, defaultModeId 2, supportedModes [{id=1, width=1080, height=2280, fps=90.0}, {id=2, width=1080, height=2280, fps=60.000004}], colorMode 0, supportedColorModes [0, 7, 9], HdrCapabilities android.view.Display$HdrCapabilities@413e3a39, density 440, 442.451 x 445.476 dpi, appVsyncOff 2000000, presDeadline 11111111, touch INTERNAL, rotation 0, type BUILT_IN, address {port=129, model=0x446de5e3a74a}, state ON, FLAG_DEFAULT_DISPLAY, FLAG_ROTATES_WITH_CONTENT, FLAG_SECURE, FLAG_SUPPORTS_PROTECTED_BUFFERS}
02-10 13:09:49.795  1340  1364 I DisplayManagerService: Display device changed: DisplayDeviceInfo{"기본으로 제공되는 화면": uniqueId="local:19261132550654593", 1080 x 2280, modeId 2, defaultModeId 2, supportedModes [{id=1, width=1080, height=2280, fps=90.0}, {id=2, width=1080, height=2280, fps=60.000004}], colorMode 0, supportedColorModes [0, 7, 9], HdrCapabilities android.view.Display$HdrCapabilities@413e3a39, density 440, 442.451 x 445.476 dpi, appVsyncOff 2000000, presDeadline 11666666, touch INTERNAL, rotation 0, type BUILT_IN, address {port=129, model=0x446de5e3a74a}, state ON, FLAG_DEFAULT_DISPLAY, FLAG_ROTATES_WITH_CONTENT, FLAG_SECURE, FLAG_SUPPORTS_PROTECTED_BUFFERS}
02-10 13:09:49.895  1340  1364 I DisplayManagerService: Display device changed: DisplayDeviceInfo{"기본으로 제공되는 화면": uniqueId="local:19261132550654593", 1080 x 2280, modeId 1, defaultModeId 2, supportedModes [{id=1, width=1080, height=2280, fps=90.0}, {id=2, width=1080, height=2280, fps=60.000004}], colorMode 0, supportedColorModes [0, 7, 9], HdrCapabilities android.view.Display$HdrCapabilities@413e3a39, density 440, 442.451 x 445.476 dpi, appVsyncOff 2000000, presDeadline 11111111, touch INTERNAL, rotation 0, type BUILT_IN, address {port=129, model=0x446de5e3a74a}, state ON, FLAG_DEFAULT_DISPLAY, FLAG_ROTATES_WITH_CONTENT, FLAG_SECURE, FLAG_SUPPORTS_PROTECTED_BUFFERS}
02-10 13:09:50.392  1340  1371 W BroadcastQueue: Background execution not allowed: receiving Intent { act=android.intent.action.DROPBOX_ENTRY_ADDED flg=0x10 (has extras) } to com.google.android.gms/.stats.service.DropBoxEntryAddedReceiver
02-10 13:09:50.392  1340  1371 W BroadcastQueue: Background execution not allowed: receiving Intent { act=android.intent.action.DROPBOX_ENTRY_ADDED flg=0x10 (has extras) } to com.google.android.gms/.chimera.GmsIntentOperationService$PersistentTrustedReceiver
02-10 13:09:51.193  1340  1364 I DisplayManagerService: Display device changed: DisplayDeviceInfo{"기본으로 제공되는 화면": uniqueId="local:19261132550654593", 1080 x 2280, modeId 2, defaultModeId 2, supportedModes [{id=1, width=1080, height=2280, fps=90.0}, {id=2, width=1080, height=2280, fps=60.000004}], colorMode 0, supportedColorModes [0, 7, 9], HdrCapabilities android.view.Display$HdrCapabilities@413e3a39, density 440, 442.451 x 445.476 dpi, appVsyncOff 2000000, presDeadline 11666666, touch INTERNAL, rotation 0, type BUILT_IN, address {port=129, model=0x446de5e3a74a}, state ON, FLAG_DEFAULT_DISPLAY, FLAG_ROTATES_WITH_CONTENT, FLAG_SECURE, FLAG_SUPPORTS_PROTECTED_BUFFERS}
02-10 13:09:51.293  1340  1364 I DisplayManagerService: Display device changed: DisplayDeviceInfo{"기본으로 제공되는 화면": uniqueId="local:19261132550654593", 1080 x 2280, modeId 1, defaultModeId 2, supportedModes [{id=1, width=1080, height=2280, fps=90.0}, {id=2, width=1080, height=2280, fps=60.000004}], colorMode 0, supportedColorModes [0, 7, 9], HdrCapabilities android.view.Display$HdrCapabilities@413e3a39, density 440, 442.451 x 445.476 dpi, appVsyncOff 2000000, presDeadline 11111111, touch INTERNAL, rotation 0, type BUILT_IN, address {port=129, model=0x446de5e3a74a}, state ON, FLAG_DEFAULT_DISPLAY, FLAG_ROTATES_WITH_CONTENT, FLAG_SECURE, FLAG_SUPPORTS_PROTECTED_BUFFERS}
02-10 13:09:52.620  1340  1364 I DisplayManagerService: Display device changed: DisplayDeviceInfo{"기본으로 제공되는 화면": uniqueId="local:19261132550654593", 1080 x 2280, modeId 2, defaultModeId 2, supportedModes [{id=1, width=1080, height=2280, fps=90.0}, {id=2, width=1080, height=2280, fps=60.000004}], colorMode 0, supportedColorModes [0, 7, 9], HdrCapabilities android.view.Display$HdrCapabilities@413e3a39, density 440, 442.451 x 445.476 dpi, appVsyncOff 2000000, presDeadline 11666666, touch INTERNAL, rotation 0, type BUILT_IN, address {port=129, model=0x446de5e3a74a}, state ON, FLAG_DEFAULT_DISPLAY, FLAG_ROTATES_WITH_CONTENT, FLAG_SECURE, FLAG_SUPPORTS_PROTECTED_BUFFERS}
02-10 13:09:52.720  1340  1364 I DisplayManagerService: Display device changed: DisplayDeviceInfo{"기본으로 제공되는 화면": uniqueId="local:19261132550654593", 1080 x 2280, modeId 1, defaultModeId 2, supportedModes [{id=1, width=1080, height=2280, fps=90.0}, {id=2, width=1080, height=2280, fps=60.000004}], colorMode 0, supportedColorModes [0, 7, 9], HdrCapabilities android.view.Display$HdrCapabilities@413e3a39, density 440, 442.451 x 445.476 dpi, appVsyncOff 2000000, presDeadline 11111111, touch INTERNAL, rotation 0, type BUILT_IN, address {port=129, model=0x446de5e3a74a}, state ON, FLAG_DEFAULT_DISPLAY, FLAG_ROTATES_WITH_CONTENT, FLAG_SECURE, FLAG_SUPPORTS_PROTECTED_BUFFERS}
02-10 13:09:54.035  1340  1364 I DisplayManagerService: Display device changed: DisplayDeviceInfo{"기본으로 제공되는 화면": uniqueId="local:19261132550654593", 1080 x 2280, modeId 2, defaultModeId 2, supportedModes [{id=1, width=1080, height=2280, fps=90.0}, {id=2, width=1080, height=2280, fps=60.000004}], colorMode 0, supportedColorModes [0, 7, 9], HdrCapabilities android.view.Display$HdrCapabilities@413e3a39, density 440, 442.451 x 445.476 dpi, appVsyncOff 2000000, presDeadline 11666666, touch INTERNAL, rotation 0, type BUILT_IN, address {port=129, model=0x446de5e3a74a}, state ON, FLAG_DEFAULT_DISPLAY, FLAG_ROTATES_WITH_CONTENT, FLAG_SECURE, FLAG_SUPPORTS_PROTECTED_BUFFERS}
02-10 13:09:54.136  1340  1364 I DisplayManagerService: Display device changed: DisplayDeviceInfo{"기본으로 제공되는 화면": uniqueId="local:19261132550654593", 1080 x 2280, modeId 1, defaultModeId 2, supportedModes [{id=1, width=1080, height=2280, fps=90.0}, {id=2, width=1080, height=2280, fps=60.000004}], colorMode 0, supportedColorModes [0, 7, 9], HdrCapabilities android.view.Display$HdrCapabilities@413e3a39, density 440, 442.451 x 445.476 dpi, appVsyncOff 2000000, presDeadline 11111111, touch INTERNAL, rotation 0, type BUILT_IN, address {port=129, model=0x446de5e3a74a}, state ON, FLAG_DEFAULT_DISPLAY, FLAG_ROTATES_WITH_CONTENT, FLAG_SECURE, FLAG_SUPPORTS_PROTECTED_BUFFERS}
02-10 13:09:55.451  1340  1364 I DisplayManagerService: Display device changed: DisplayDeviceInfo{"기본으로 제공되는 화면": uniqueId="local:19261132550654593", 1080 x 2280, modeId 2, defaultModeId 2, supportedModes [{id=1, width=1080, height=2280, fps=90.0}, {id=2, width=1080, height=2280, fps=60.000004}], colorMode 0, supportedColorModes [0, 7, 9], HdrCapabilities android.view.Display$HdrCapabilities@413e3a39, density 440, 442.451 x 445.476 dpi, appVsyncOff 2000000, presDeadline 11666666, touch INTERNAL, rotation 0, type BUILT_IN, address {port=129, model=0x446de5e3a74a}, state ON, FLAG_DEFAULT_DISPLAY, FLAG_ROTATES_WITH_CONTENT, FLAG_SECURE, FLAG_SUPPORTS_PROTECTED_BUFFERS}
02-10 13:09:55.534  1340  1364 I DisplayManagerService: Display device changed: DisplayDeviceInfo{"기본으로 제공되는 화면": uniqueId="local:19261132550654593", 1080 x 2280, modeId 1, defaultModeId 2, supportedModes [{id=1, width=1080, height=2280, fps=90.0}, {id=2, width=1080, height=2280, fps=60.000004}], colorMode 0, supportedColorModes [0, 7, 9], HdrCapabilities android.view.Display$HdrCapabilities@413e3a39, density 440, 442.451 x 445.476 dpi, appVsyncOff 2000000, presDeadline 11111111, touch INTERNAL, rotation 0, type BUILT_IN, address {port=129, model=0x446de5e3a74a}, state ON, FLAG_DEFAULT_DISPLAY, FLAG_ROTATES_WITH_CONTENT, FLAG_SECURE, FLAG_SUPPORTS_PROTECTED_BUFFERS}
02-10 13:09:59.714  1340  1364 I DisplayManagerService: Display device changed: DisplayDeviceInfo{"기본으로 제공되는 화면": uniqueId="local:19261132550654593", 1080 x 2280, modeId 2, defaultModeId 2, supportedModes [{id=1, width=1080, height=2280, fps=90.0}, {id=2, width=1080, height=2280, fps=60.000004}], colorMode 0, supportedColorModes [0, 7, 9], HdrCapabilities android.view.Display$HdrCapabilities@413e3a39, density 440, 442.451 x 445.476 dpi, appVsyncOff 2000000, presDeadline 11666666, touch INTERNAL, rotation 0, type BUILT_IN, address {port=129, model=0x446de5e3a74a}, state ON, FLAG_DEFAULT_DISPLAY, FLAG_ROTATES_WITH_CONTENT, FLAG_SECURE, FLAG_SUPPORTS_PROTECTED_BUFFERS}
02-10 13:09:59.797  1340  1364 I DisplayManagerService: Display device changed: DisplayDeviceInfo{"기본으로 제공되는 화면": uniqueId="local:19261132550654593", 1080 x 2280, modeId 1, defaultModeId 2, supportedModes [{id=1, width=1080, height=2280, fps=90.0}, {id=2, width=1080, height=2280, fps=60.000004}], colorMode 0, supportedColorModes [0, 7, 9], HdrCapabilities android.view.Display$HdrCapabilities@413e3a39, density 440, 442.451 x 445.476 dpi, appVsyncOff 2000000, presDeadline 11111111, touch INTERNAL, rotation 0, type BUILT_IN, address {port=129, model=0x446de5e3a74a}, state ON, FLAG_DEFAULT_DISPLAY, FLAG_ROTATES_WITH_CONTENT, FLAG_SECURE, FLAG_SUPPORTS_PROTECTED_BUFFERS}
02-10 13:10:01.073  1340  1364 I DisplayManagerService: Display device changed: DisplayDeviceInfo{"기본으로 제공되는 화면": uniqueId="local:19261132550654593", 1080 x 2280, modeId 2, defaultModeId 2, supportedModes [{id=1, width=1080, height=2280, fps=90.0}, {id=2, width=1080, height=2280, fps=60.000004}], colorMode 0, supportedColorModes [0, 7, 9], HdrCapabilities android.view.Display$HdrCapabilities@413e3a39, density 440, 442.451 x 445.476 dpi, appVsyncOff 2000000, presDeadline 11666666, touch INTERNAL, rotation 0, type BUILT_IN, address {port=129, model=0x446de5e3a74a}, state ON, FLAG_DEFAULT_DISPLAY, FLAG_ROTATES_WITH_CONTENT, FLAG_SECURE, FLAG_SUPPORTS_PROTECTED_BUFFERS}
02-10 13:10:01.207  1340  1364 I DisplayManagerService: Display device changed: DisplayDeviceInfo{"기본으로 제공되는 화면": uniqueId="local:19261132550654593", 1080 x 2280, modeId 1, defaultModeId 2, supportedModes [{id=1, width=1080, height=2280, fps=90.0}, {id=2, width=1080, height=2280, fps=60.000004}], colorMode 0, supportedColorModes [0, 7, 9], HdrCapabilities android.view.Display$HdrCapabilities@413e3a39, density 440, 442.451 x 445.476 dpi, appVsyncOff 2000000, presDeadline 11111111, touch INTERNAL, rotation 0, type BUILT_IN, address {port=129, model=0x446de5e3a74a}, state ON, FLAG_DEFAULT_DISPLAY, FLAG_ROTATES_WITH_CONTENT, FLAG_SECURE, FLAG_SUPPORTS_PROTECTED_BUFFERS}
02-10 13:10:02.572  1340  1364 I DisplayManagerService: Display device changed: DisplayDeviceInfo{"기본으로 제공되는 화면": uniqueId="local:19261132550654593", 1080 x 2280, modeId 2, defaultModeId 2, supportedModes [{id=1, width=1080, height=2280, fps=90.0}, {id=2, width=1080, height=2280, fps=60.000004}], colorMode 0, supportedColorModes [0, 7, 9], HdrCapabilities android.view.Display$HdrCapabilities@413e3a39, density 440, 442.451 x 445.476 dpi, appVsyncOff 2000000, presDeadline 11666666, touch INTERNAL, rotation 0, type BUILT_IN, address {port=129, model=0x446de5e3a74a}, state ON, FLAG_DEFAULT_DISPLAY, FLAG_ROTATES_WITH_CONTENT, FLAG_SECURE, FLAG_SUPPORTS_PROTECTED_BUFFERS}
02-10 13:10:02.622  1340  1364 I DisplayManagerService: Display device changed: DisplayDeviceInfo{"기본으로 제공되는 화면": uniqueId="local:19261132550654593", 1080 x 2280, modeId 1, defaultModeId 2, supportedModes [{id=1, width=1080, height=2280, fps=90.0}, {id=2, width=1080, height=2280, fps=60.000004}], colorMode 0, supportedColorModes [0, 7, 9], HdrCapabilities android.view.Display$HdrCapabilities@413e3a39, density 440, 442.451 x 445.476 dpi, appVsyncOff 2000000, presDeadline 11111111, touch INTERNAL, rotation 0, type BUILT_IN, address {port=129, model=0x446de5e3a74a}, state ON, FLAG_DEFAULT_DISPLAY, FLAG_ROTATES_WITH_CONTENT, FLAG_SECURE, FLAG_SUPPORTS_PROTECTED_BUFFERS}
02-10 13:10:03.966  1340  1364 I DisplayManagerService: Display device changed: DisplayDeviceInfo{"기본으로 제공되는 화면": uniqueId="local:19261132550654593", 1080 x 2280, modeId 2, defaultModeId 2, supportedModes [{id=1, width=1080, height=2280, fps=90.0}, {id=2, width=1080, height=2280, fps=60.000004}], colorMode 0, supportedColorModes [0, 7, 9], HdrCapabilities android.view.Display$HdrCapabilities@413e3a39, density 440, 442.451 x 445.476 dpi, appVsyncOff 2000000, presDeadline 11666666, touch INTERNAL, rotation 0, type BUILT_IN, address {port=129, model=0x446de5e3a74a}, state ON, FLAG_DEFAULT_DISPLAY, FLAG_ROTATES_WITH_CONTENT, FLAG_SECURE, FLAG_SUPPORTS_PROTECTED_BUFFERS}
02-10 13:10:04.033  1340  1364 I DisplayManagerService: Display device changed: DisplayDeviceInfo{"기본으로 제공되는 화면": uniqueId="local:19261132550654593", 1080 x 2280, modeId 1, defaultModeId 2, supportedModes [{id=1, width=1080, height=2280, fps=90.0}, {id=2, width=1080, height=2280, fps=60.000004}], colorMode 0, supportedColorModes [0, 7, 9], HdrCapabilities android.view.Display$HdrCapabilities@413e3a39, density 440, 442.451 x 445.476 dpi, appVsyncOff 2000000, presDeadline 11111111, touch INTERNAL, rotation 0, type BUILT_IN, address {port=129, model=0x446de5e3a74a}, state ON, FLAG_DEFAULT_DISPLAY, FLAG_ROTATES_WITH_CONTENT, FLAG_SECURE, FLAG_SUPPORTS_PROTECTED_BUFFERS}
02-10 13:10:05.585  1340  1507 I DropBoxManagerService: add tag=keymaster isTagEnabled=true flags=0x0
02-10 13:10:07.590  1340  1371 W BroadcastQueue: Background execution not allowed: receiving Intent { act=android.intent.action.DROPBOX_ENTRY_ADDED flg=0x10 (has extras) } to com.google.android.gms/.stats.service.DropBoxEntryAddedReceiver
02-10 13:10:07.590  1340  1371 W BroadcastQueue: Background execution not allowed: receiving Intent { act=android.intent.action.DROPBOX_ENTRY_ADDED flg=0x10 (has extras) } to com.google.android.gms/.chimera.GmsIntentOperationService$PersistentTrustedReceiver
02-10 13:10:11.023  1340  1364 I DisplayManagerService: Display device changed: DisplayDeviceInfo{"기본으로 제공되는 화면": uniqueId="local:19261132550654593", 1080 x 2280, modeId 2, defaultModeId 2, supportedModes [{id=1, width=1080, height=2280, fps=90.0}, {id=2, width=1080, height=2280, fps=60.000004}], colorMode 0, supportedColorModes [0, 7, 9], HdrCapabilities android.view.Display$HdrCapabilities@413e3a39, density 440, 442.451 x 445.476 dpi, appVsyncOff 2000000, presDeadline 11666666, touch INTERNAL, rotation 0, type BUILT_IN, address {port=129, model=0x446de5e3a74a}, state ON, FLAG_DEFAULT_DISPLAY, FLAG_ROTATES_WITH_CONTENT, FLAG_SECURE, FLAG_SUPPORTS_PROTECTED_BUFFERS}
