           <...>-4649  [006] ...1  2093.742818: do_swap_page: id 0, table 0 || 387: 2287 7eb83a4000 (after!!)
           <...>-4649  [006] ...1  2093.742824: do_swap_page: id 0, table 0 || 388: 2287 7eb83a5000 (after!!)
           <...>-6644  [006] ....  2093.744307: do_swap_page: Exception touched after marked : 2287 "GoogleLocationS" 133e0000 b1ad
           <...>-6644  [006] ...1  2093.744334: do_swap_page: id 0, table 0 || 389: 2287 1358c000 (after!!)
           <...>-6549  [007] ...1  2093.745538: do_swap_page: id 0, table 0 || 390: 6497 7e82853000 (after!!)
           <...>-6549  [007] ....  2093.745635: read_swap_cache_async: remote readpage 6497 "NetworkPool2" 7e82852000 cd1f46
           <...>-6549  [007] ....  2093.745637: do_swap_page: cold fault : 6497 "NetworkPool2" 7e82852000 cd1f46
           <...>-6497  [005] ...1  2093.745818: do_swap_page: id 0, table 0 || 391: 6497 7e86763000 (after!!)
 .gms.persistent-2287  [003] ....  2093.747210: do_swap_page: Exception touched after marked : 2287 ".gms.persistent" 13e23000 b1be
           <...>-6549  [007] ...1  2093.747286: do_swap_page: id 0, table 0 || 392: 6497 7e82852000 (after!!)
           <...>-6549  [007] ...1  2093.747321: do_swap_page: id 0, table 0 || 393: 6497 7e861c6000 (after!!)
           <...>-6497  [005] ....  2093.747462: read_swap_cache_async: remote readpage 6497 "droid.apps.maps" 7e86764000 cf1f2a
           <...>-6497  [005] ....  2093.747465: do_swap_page: cold fault : 6497 "droid.apps.maps" 7e86764000 cf1f2a
           <...>-6549  [007] ....  2093.747903: read_swap_cache_async: remote readpage 6497 "NetworkPool2" 7eb5aa6000 521fa9
           <...>-6549  [007] ....  2093.747905: do_swap_page: Exception : 6497 "NetworkPool2" 7eb5aa6000 521fa9
           <...>-6497  [005] ...1  2093.749395: do_swap_page: id 0, table 0 || 394: 6497 7e86764000 (after!!)
           <...>-6549  [007] ...1  2093.749429: do_swap_page: id 0, table 0 || 395: 6497 7eb5aa6000 (after!!)
           <...>-6543  [007] ...1  2093.749732: do_swap_page: id 0, table 0 || 396: 6497 7ecd9ef000 (after!!)
           <...>-6543  [007] ....  2093.749827: read_swap_cache_async: remote readpage 6497 "DefaultPool8" 7e98998000 d21fe9
           <...>-6543  [007] ....  2093.749829: do_swap_page: cold fault : 6497 "DefaultPool8" 7e98998000 d21fe9
           <...>-6497  [005] ...1  2093.751348: do_swap_page: id 0, table 0 || 397: 6497 7e82c6c000 (after!!)
           <...>-6497  [005] ...1  2093.751383: do_swap_page: id 0, table 0 || 398: 6497 7e82c6d000 (after!!)
           <...>-19014 [002] ...1  2093.751476: do_swap_page: id 0, table 0 || 399: 846 7fbc64d000 (after!!)
           <...>-6543  [006] ...1  2093.754359: do_swap_page: id 0, table 0 || 400: 6497 7e98998000 (after!!)
           <...>-6543  [006] ...1  2093.754393: do_swap_page: id 0, table 0 || 401: 6497 7e9899a000 (after!!)
           <...>-6543  [006] ...1  2093.754421: do_swap_page: id 0, table 0 || 402: 6497 7ecd9fb000 (after!!)
           <...>-6497  [005] ....  2093.754817: read_swap_cache_async: remote readpage 6497 "droid.apps.maps" 7e8c9df000 d15f25
           <...>-6497  [005] ....  2093.754821: do_swap_page: cold fault : 6497 "droid.apps.maps" 7e8c9df000 d15f25
 .gms.persistent-2287  [006] ...1  2093.755954: do_swap_page: id 0, table 0 || 403: 2287 13ebf000 (after!!)
           <...>-4649  [002] ...1  2093.756740: do_swap_page: id 0, table 0 || 404: 2287 1363b000 (after!!)
           <...>-6497  [005] .n.1  2093.756903: do_swap_page: id 0, table 0 || 405: 6497 7e8c9df000 (after!!)
           <...>-6497  [005] ....  2093.757471: read_swap_cache_async: remote readpage 6497 "droid.apps.maps" 7e8c9e0000 d15f28
           <...>-6497  [005] ....  2093.757475: do_swap_page: cold fault : 6497 "droid.apps.maps" 7e8c9e0000 d15f28
           <...>-6497  [005] ...1  2093.758639: do_swap_page: id 0, table 0 || 406: 6497 7e8c9e0000 (after!!)
           <...>-2321  [003] ....  2093.759521: do_swap_page: Exception touched after marked : 2287 "HeapTaskDaemon" 7f2e6ce000 64893
           <...>-2321  [003] ....  2093.759564: do_swap_page: Exception touched after marked : 2287 "HeapTaskDaemon" 7fbe303000 6487c
           <...>-6543  [004] ....  2093.759893: lookup_swap_cache: after prefetch hit id 0: 6497 "DefaultPool8" 7e98c76000 1661f04
           <...>-6543  [004] ...1  2093.759899: do_swap_page: id 0, table 0 || 407: 6497 7e98c76000 (after!!)
           <...>-2321  [003] ....  2093.760178: do_swap_page: Exception touched after marked : 2287 "HeapTaskDaemon" 7fbe19c000 64894
           <...>-4649  [002] ...1  2093.760241: do_swap_page: id 0, table 0 || 408: 2287 13638000 (after!!)
           <...>-4649  [002] ...1  2093.760270: do_swap_page: id 0, table 0 || 409: 2287 13dbb000 (after!!)
           <...>-2321  [003] ...1  2093.760279: do_swap_page: id 0, table 0 || 410: 2287 7ec565b000 (after!!)
           <...>-2321  [003] ...1  2093.760310: do_swap_page: id 0, table 0 || 411: 2287 7ec5847000 (after!!)
           <...>-2321  [003] ....  2093.760342: do_swap_page: Exception touched after marked : 2287 "HeapTaskDaemon" 7ec56f3000 6486d
           <...>-2321  [003] ....  2093.765814: do_swap_page: Exception touched after marked : 2287 "HeapTaskDaemon" 6f71f000 6486e
           <...>-2321  [003] ....  2093.766131: do_swap_page: Exception touched after marked : 2287 "HeapTaskDaemon" 7157d000 64873
           <...>-2321  [003] ....  2093.766262: do_swap_page: Exception touched after marked : 2287 "HeapTaskDaemon" 7164d000 64896
           <...>-2321  [003] ....  2093.766317: do_swap_page: Exception touched after marked : 2287 "HeapTaskDaemon" 71651000 6487d
           <...>-2321  [003] ....  2093.766420: do_swap_page: Exception touched after marked : 2287 "HeapTaskDaemon" 71666000 6487e
           <...>-2321  [003] ....  2093.766475: do_swap_page: Exception touched after marked : 2287 "HeapTaskDaemon" 716a8000 64871
           <...>-2321  [003] ....  2093.767171: do_swap_page: Exception touched after marked : 2287 "HeapTaskDaemon" 7f2d619000 6486c
           <...>-6543  [003] ....  2093.768274: lookup_swap_cache: after prefetch hit id 0: 6497 "DefaultPool8" 7ecd9ea000 1661f06
           <...>-6543  [003] ...1  2093.768307: do_swap_page: id 0, table 0 || 412: 6497 7ecd9ea000 (after!!)
           <...>-6543  [007] ...1  2093.768367: do_swap_page: id 0, table 0 || 413: 6497 7e8a20a000 (after!!)
           <...>-6543  [007] ....  2093.768398: do_swap_page: Exception touched after marked : 6497 "DefaultPool8" 7e5cfeb000 7453b
           <...>-6543  [007] ....  2093.768401: lookup_swap_cache: after prefetch hit id 0: 6497 "DefaultPool8" 7e5cfed000 1661f08
           <...>-6543  [007] ...1  2093.768402: do_swap_page: id 0, table 0 || 414: 6497 7e5cfed000 (after!!)
           <...>-2321  [006] ...1  2093.769588: do_swap_page: id 0, table 0 || 415: 2287 7f30c52000 (after!!)
           <...>-2321  [006] ...1  2093.769629: do_swap_page: id 0, table 0 || 416: 2287 7eb766d000 (after!!)
           <...>-5985  [003] ....  2093.770308: read_swap_cache_async: remote readpage 2287 "Binder:2287_C" 7fbe1c7000 141df04
           <...>-5985  [003] ....  2093.770314: do_swap_page: after prefetch fault id 0: 2287 "Binder:2287_C" 7fbe1c7000 141df04
           <...>-2321  [000] ....  2093.771908: do_swap_page: Exception touched after marked : 2287 "HeapTaskDaemon" 7f210ea000 64872
           <...>-2321  [000] ....  2093.772036: do_swap_page: Exception touched after marked : 2287 "HeapTaskDaemon" 7e8cae8000 64877
           <...>-19014 [001] ...1  2093.773058: do_swap_page: id 0, table 0 || 417: 846 7fbc65e000 (after!!)
           <...>-5985  [003] ...1  2093.773589: do_swap_page: id 0, table 0 || 418: 2287 7fbe1c7000 (after!!)
           <...>-6497  [006] ....  2093.777784: read_swap_cache_async: remote readpage 6497 "droid.apps.maps" 7eb5af4000 d39f24
           <...>-6497  [006] ....  2093.777787: do_swap_page: cold fault : 6497 "droid.apps.maps" 7eb5af4000 d39f24
           <...>-6497  [005] ...1  2093.779469: do_swap_page: id 0, table 0 || 419: 6497 7eb5af4000 (after!!)
           <...>-3823  [006] ...1  2093.781791: do_swap_page: id 0, table 0 || 420: 1359 7e4c659000 (after!!)
           <...>-6543  [007] ....  2093.784092: lookup_swap_cache: after prefetch hit id 0: 6497 "DefaultPool8" 7ecda4e000 1661f09
           <...>-6543  [007] ...1  2093.784098: do_swap_page: id 0, table 0 || 421: 6497 7ecda4e000 (after!!)
           <...>-6543  [007] ....  2093.784105: lookup_swap_cache: after prefetch hit id 0: 6497 "DefaultPool8" 7e89feb000 1661f0a
           <...>-6543  [007] ...1  2093.784106: do_swap_page: id 0, table 0 || 422: 6497 7e89feb000 (after!!)
           <...>-6543  [007] ....  2093.784110: lookup_swap_cache: after prefetch hit id 0: 6497 "DefaultPool8" 7e89fec000 1661f0b
           <...>-6543  [007] ...1  2093.784111: do_swap_page: id 0, table 0 || 423: 6497 7e89fec000 (after!!)
           <...>-2321  [006] ....  2093.785233: do_swap_page: Exception touched after marked : 2287 "HeapTaskDaemon" 7edf54e000 64874
           <...>-2321  [006] ....  2093.785385: do_swap_page: Exception touched after marked : 2287 "HeapTaskDaemon" 13c3d000 6487f
           <...>-2321  [006] ....  2093.785399: do_swap_page: Exception touched after marked : 2287 "HeapTaskDaemon" 135c0000 64880
           <...>-2321  [006] ....  2093.785411: do_swap_page: Exception touched after marked : 2287 "HeapTaskDaemon" 13fe6000 64881
           <...>-2321  [006] ....  2093.785661: do_swap_page: Exception touched after marked : 2287 "HeapTaskDaemon" 1383a000 6488b
           <...>-2321  [006] ....  2093.785699: do_swap_page: Exception touched after marked : 2287 "HeapTaskDaemon" 134b4000 64878
           <...>-6548  [007] ...1  2093.785823: do_swap_page: id 0, table 0 || 424: 6497 7ecdde0000 (after!!)
 UploadJobHandle-9788  [002] ...1  2093.785839: do_swap_page: id 0, table 0 || 425: 9411 7e612ff000 (after!!)
           <...>-6548  [007] ...1  2093.785859: do_swap_page: id 0, table 0 || 426: 6497 7e864f2000 (after!!)
           <...>-2321  [006] ....  2093.785869: do_swap_page: Exception touched after marked : 2287 "HeapTaskDaemon" 13fc0000 64883
           <...>-2321  [006] ...1  2093.785992: do_swap_page: id 0, table 0 || 427: 2287 1314c000 (after!!)
           <...>-2321  [006] ....  2093.786140: do_swap_page: Exception touched after marked : 2287 "HeapTaskDaemon" 13a69000 64879
           <...>-2321  [006] ....  2093.786180: do_swap_page: Exception touched after marked : 2287 "HeapTaskDaemon" 13fea000 b1b7
           <...>-2321  [006] ....  2093.786244: do_swap_page: Exception touched after marked : 2287 "HeapTaskDaemon" 134b3000 64884
           <...>-2321  [006] ....  2093.786677: do_swap_page: Exception touched after marked : 2287 "HeapTaskDaemon" 13c2e000 64897
           <...>-2321  [006] ....  2093.786724: do_swap_page: Exception touched after marked : 2287 "HeapTaskDaemon" 13c30000 6489b
           <...>-2321  [006] ....  2093.786738: do_swap_page: Exception touched after marked : 2287 "HeapTaskDaemon" 13baa000 6487a
           <...>-2321  [006] ....  2093.786909: do_swap_page: Exception touched after marked : 2287 "HeapTaskDaemon" 14bc0000 b1eb
           <...>-2321  [006] ...1  2093.787045: do_swap_page: id 0, table 0 || 428: 2287 135da000 (after!!)
           <...>-2321  [006] ....  2093.787239: do_swap_page: Exception touched after marked : 2287 "HeapTaskDaemon" 13485000 6488c
           <...>-2321  [006] ....  2093.787362: do_swap_page: Exception touched after marked : 2287 "HeapTaskDaemon" 135f7000 64885
 UploadJobHandle-9788  [006] ...1  2093.789970: do_swap_page: id 0, table 0 || 429: 9411 7e613e0000 (after!!)
           <...>-2321  [006] .n..  2093.792663: do_swap_page: Exception touched after marked : 2287 "HeapTaskDaemon" 136e0000 60519
           <...>-2321  [006] ...1  2093.792937: do_swap_page: id 0, table 0 || 430: 2287 7f2de28000 (after!!)
           <...>-2321  [006] ...1  2093.792974: do_swap_page: id 0, table 0 || 431: 2287 7f2dddd000 (after!!)
           <...>-2321  [006] ...1  2093.793011: do_swap_page: id 0, table 0 || 432: 2287 7f2ddde000 (after!!)
           <...>-2321  [006] ...1  2093.793117: do_swap_page: id 0, table 0 || 433: 2287 7f2dde3000 (after!!)
           <...>-2321  [006] ....  2093.793139: do_swap_page: Exception touched after marked : 2287 "HeapTaskDaemon" 716dd000 64888
           <...>-2321  [006] ....  2093.793726: read_swap_cache_async: remote readpage 2287 "HeapTaskDaemon" 143e3000 161df97
           <...>-2321  [006] ....  2093.793729: do_swap_page: Exception : 2287 "HeapTaskDaemon" 143e3000 161df97
           <...>-2321  [006] ...1  2093.795395: do_swap_page: id 0, table 0 || 434: 2287 143e3000 (after!!)
           <...>-12862 [000] ...1  2093.795448: do_swap_page: id 0, table 0 || 435: 9411 7ea1f05000 (after!!)
           <...>-2321  [006] ...1  2093.795488: do_swap_page: id 0, table 0 || 436: 2287 7f2daf2000 (after!!)
           <...>-2321  [006] ...1  2093.795528: do_swap_page: id 0, table 0 || 437: 2287 7f232ec000 (after!!)
           <...>-2321  [006] ....  2093.795581: do_swap_page: Exception touched after marked : 2287 "HeapTaskDaemon" 7f23749000 64886
           <...>-2321  [006] ....  2093.795712: do_swap_page: Exception touched after marked : 2287 "HeapTaskDaemon" 7f1f695000 64898
           <...>-2321  [006] ....  2093.795827: do_swap_page: Exception touched after marked : 2287 "HeapTaskDaemon" 13cd7000 64887
           <...>-2321  [006] ....  2093.795841: do_swap_page: Exception touched after marked : 2287 "HeapTaskDaemon" 13cd8000 428c5
           <...>-2321  [006] ....  2093.795875: do_swap_page: Exception touched after marked : 2287 "HeapTaskDaemon" 14719000 64889
           <...>-2321  [006] ....  2093.795903: do_swap_page: Exception touched after marked : 2287 "HeapTaskDaemon" 13cfe000 6488a
           <...>-2321  [006] ....  2093.796016: do_swap_page: Exception touched after marked : 2287 "HeapTaskDaemon" 14454000 428c2
           <...>-2321  [006] ....  2093.796047: do_swap_page: Exception touched after marked : 2287 "HeapTaskDaemon" 13e83000 6488e
           <...>-2321  [006] ....  2093.796158: do_swap_page: Exception touched after marked : 2287 "HeapTaskDaemon" 7edf504000 64899
           <...>-2321  [006] ....  2093.796168: do_swap_page: Exception touched after marked : 2287 "HeapTaskDaemon" 7f20c11000 6488f
           <...>-2321  [006] ....  2093.796760: do_swap_page: Exception touched after marked : 2287 "HeapTaskDaemon" 1432f000 64890
           <...>-2321  [006] ...1  2093.796839: do_swap_page: id 0, table 0 || 438: 2287 143f0000 (after!!)
           <...>-2321  [006] ....  2093.796954: do_swap_page: Exception touched after marked : 2287 "HeapTaskDaemon" 14470000 6489a
           <...>-6517  [007] ....  2093.797976: read_swap_cache_async: remote readpage 6497 "Profile Saver" 7f2ddc5000 1275fb2
           <...>-6517  [007] ....  2093.797979: do_swap_page: after prefetch fault id 0: 6497 "Profile Saver" 7f2ddc5000 1275fb2
           <...>-6517  [002] ...1  2093.800462: do_swap_page: id 0, table 0 || 439: 6497 7f2ddc5000 (after!!)
           <...>-6517  [002] ....  2093.800628: read_swap_cache_async: remote readpage 6497 "Profile Saver" 7f2ddc6000 1275fb3
           <...>-6517  [002] ....  2093.800634: do_swap_page: after prefetch fault id 0: 6497 "Profile Saver" 7f2ddc6000 1275fb3
           <...>-2321  [006] ...1  2093.802296: do_swap_page: id 0, table 0 || 440: 2287 13cec000 (after!!)
           <...>-570   [002] ...1  2093.802509: do_swap_page: id 0, table 0 || 441: 558 7fb4236000 (after!!)
           <...>-570   [002] ...1  2093.802585: do_swap_page: id 0, table 0 || 442: 558 7fb4229000 (after!!)
           <...>-570   [002] ...1  2093.802748: do_swap_page: id 0, table 0 || 443: 558 7fb560c000 (after!!)
           <...>-570   [001] ....  2093.803000: read_swap_cache_async: remote readpage 558 "logd.writer" 7fb5613000 11b9f18
           <...>-570   [001] ....  2093.803006: do_swap_page: Exception : 558 "logd.writer" 7fb5613000 11b9f18
           <...>-6517  [006] ...1  2093.803182: do_swap_page: id 0, table 0 || 444: 6497 7f2ddc6000 (after!!)
           <...>-6517  [006] ...1  2093.803211: do_swap_page: id 0, table 0 || 445: 6497 7f28b1d000 (after!!)
           <...>-6517  [006] ...1  2093.803218: do_swap_page: id 0, table 0 || 446: 6497 7f28b1e000 (after!!)
           <...>-570   [002] ...1  2093.804519: do_swap_page: id 0, table 0 || 447: 558 7fb5613000 (after!!)
           <...>-570   [002] ...1  2093.804671: do_swap_page: id 0, table 0 || 448: 558 7fb419b000 (after!!)
           <...>-570   [002] ...1  2093.804751: do_swap_page: id 0, table 0 || 449: 558 7fb572a000 (after!!)
           <...>-570   [002] ...1  2093.805055: do_swap_page: id 0, table 0 || 450: 558 7fb4225000 (after!!)
           <...>-570   [002] ...1  2093.805133: do_swap_page: id 0, table 0 || 451: 558 7fbd70a000 (after!!)
           <...>-2321  [003] ...1  2093.808424: do_swap_page: id 0, table 0 || 452: 2287 6f709000 (after!!)
           <...>-6517  [004] ....  2093.809925: read_swap_cache_async: remote readpage 6497 "Profile Saver" 7f29fe4000 1275fb4
           <...>-6517  [004] ....  2093.809930: do_swap_page: after prefetch fault id 0: 6497 "Profile Saver" 7f29fe4000 1275fb4
           <...>-2321  [003] ...1  2093.810385: do_swap_page: id 0, table 0 || 453: 2287 70113000 (after!!)
           <...>-2321  [003] ...1  2093.810466: do_swap_page: id 0, table 0 || 454: 2287 70118000 (after!!)
           <...>-6517  [004] ...1  2093.811972: do_swap_page: id 0, table 0 || 455: 6497 7f29fe4000 (after!!)
           <...>-6517  [004] ....  2093.812026: read_swap_cache_async: remote readpage 6497 "Profile Saver" 7f29fe0000 1275fb5
           <...>-6517  [004] ....  2093.812028: do_swap_page: after prefetch fault id 0: 6497 "Profile Saver" 7f29fe0000 1275fb5
           <...>-4649  [003] ...1  2093.812246: do_swap_page: id 0, table 0 || 456: 2287 7eb83a6000 (after!!)
           <...>-6517  [004] ...1  2093.813681: do_swap_page: id 0, table 0 || 457: 6497 7f29fe0000 (after!!)
           <...>-6517  [004] ....  2093.813733: read_swap_cache_async: remote readpage 6497 "Profile Saver" 7f29ff5000 1275fb6
           <...>-6517  [004] ....  2093.813735: do_swap_page: after prefetch fault id 0: 6497 "Profile Saver" 7f29ff5000 1275fb6
           <...>-5985  [006] ...1  2093.814706: do_swap_page: id 0, table 0 || 458: 2287 7e94aee000 (after!!)
           <...>-6517  [007] ...1  2093.815371: do_swap_page: id 0, table 0 || 459: 6497 7f29ff5000 (after!!)
           <...>-6517  [007] ...1  2093.815394: do_swap_page: id 0, table 0 || 460: 6497 7f29fe2000 (after!!)
           <...>-6517  [007] ....  2093.815452: read_swap_cache_async: remote readpage 6497 "Profile Saver" 7f29f60000 1275fb7
           <...>-6517  [007] ....  2093.815454: do_swap_page: after prefetch fault id 0: 6497 "Profile Saver" 7f29f60000 1275fb7
           <...>-4649  [002] ...1  2093.816576: do_swap_page: id 0, table 0 || 461: 2287 7eb8496000 (after!!)
           <...>-4649  [002] ....  2093.816595: lookup_swap_cache: after prefetch hit id 0: 2287 "highpool[6]" 7eb8497000 15a9f6e
           <...>-4649  [002] ...1  2093.816600: do_swap_page: id 0, table 0 || 462: 2287 7eb8497000 (after!!)
           <...>-4649  [002] ....  2093.816609: lookup_swap_cache: after prefetch hit id 0: 2287 "highpool[6]" 7eb8498000 15a9f6f
           <...>-4649  [002] ...1  2093.816612: do_swap_page: id 0, table 0 || 463: 2287 7eb8498000 (after!!)
           <...>-4649  [002] ...1  2093.818186: do_swap_page: id 0, table 0 || 464: 2287 7eb8495000 (after!!)
           <...>-6517  [005] ...1  2093.819423: do_swap_page: id 0, table 0 || 465: 6497 7f29f60000 (after!!)
           <...>-6517  [005] ....  2093.819947: read_swap_cache_async: remote readpage 6497 "Profile Saver" 7f29fe6000 1275fbe
           <...>-6517  [005] ....  2093.819950: do_swap_page: after prefetch fault id 0: 6497 "Profile Saver" 7f29fe6000 1275fbe
           <...>-6517  [005] ...1  2093.821223: do_swap_page: id 0, table 0 || 466: 6497 7f29fe6000 (after!!)
           <...>-6517  [005] ....  2093.821298: read_swap_cache_async: remote readpage 6497 "Profile Saver" 7f29fe8000 1275fb9
           <...>-6517  [005] ....  2093.821300: do_swap_page: after prefetch fault id 0: 6497 "Profile Saver" 7f29fe8000 1275fb9
           <...>-6517  [005] ...1  2093.823151: do_swap_page: id 0, table 0 || 467: 6497 7f29fe8000 (after!!)
           <...>-6517  [005] ....  2093.823235: read_swap_cache_async: remote readpage 6497 "Profile Saver" 7f29fe7000 1275fb8
           <...>-6517  [005] ....  2093.823236: do_swap_page: after prefetch fault id 0: 6497 "Profile Saver" 7f29fe7000 1275fb8
           <...>-6517  [004] ...1  2093.824954: do_swap_page: id 0, table 0 || 468: 6497 7f29fe7000 (after!!)
           <...>-6517  [004] ....  2093.825024: read_swap_cache_async: remote readpage 6497 "Profile Saver" 7f29fec000 1275fba
           <...>-6517  [004] ....  2093.825026: do_swap_page: after prefetch fault id 0: 6497 "Profile Saver" 7f29fec000 1275fba
           <...>-6517  [005] ...1  2093.826937: do_swap_page: id 0, table 0 || 469: 6497 7f29fec000 (after!!)
           <...>-6517  [005] ....  2093.827019: read_swap_cache_async: remote readpage 6497 "Profile Saver" 7f29fef000 1275fbb
           <...>-6517  [005] ....  2093.827021: do_swap_page: after prefetch fault id 0: 6497 "Profile Saver" 7f29fef000 1275fbb
           <...>-6517  [007] ...1  2093.828609: do_swap_page: id 0, table 0 || 470: 6497 7f29fef000 (after!!)
           <...>-6517  [007] ....  2093.828681: read_swap_cache_async: remote readpage 6497 "Profile Saver" 7f29ff0000 1275fbc
           <...>-6517  [007] ....  2093.828683: do_swap_page: after prefetch fault id 0: 6497 "Profile Saver" 7f29ff0000 1275fbc
           <...>-6517  [004] ...1  2093.830762: do_swap_page: id 0, table 0 || 471: 6497 7f29ff0000 (after!!)
           <...>-6517  [004] ....  2093.830837: read_swap_cache_async: remote readpage 6497 "Profile Saver" 7f29fe3000 1275fbd
           <...>-6517  [004] ....  2093.830839: do_swap_page: after prefetch fault id 0: 6497 "Profile Saver" 7f29fe3000 1275fbd
           <...>-2321  [002] ...1  2093.832234: do_swap_page: id 0, table 0 || 472: 2287 7f28b27000 (after!!)
           <...>-6568  [007] ...1  2093.835756: do_swap_page: id 0, table 0 || 473: 6497 7e8a1d6000 (after!!)
           <...>-6517  [007] ...1  2093.835967: do_swap_page: id 0, table 0 || 474: 6497 7f29fe3000 (after!!)
           <...>-6517  [007] ....  2093.836064: read_swap_cache_async: remote readpage 6497 "Profile Saver" 7f29feb000 1275fbf
           <...>-6517  [007] ....  2093.836066: do_swap_page: after prefetch fault id 0: 6497 "Profile Saver" 7f29feb000 1275fbf
           <...>-6517  [007] ...1  2093.838127: do_swap_page: id 0, table 0 || 475: 6497 7f29feb000 (after!!)
           <...>-6517  [007] ....  2093.838210: read_swap_cache_async: remote readpage 6497 "Profile Saver" 7f29fea000 1275fc0
           <...>-6517  [007] ....  2093.838212: do_swap_page: after prefetch fault id 0: 6497 "Profile Saver" 7f29fea000 1275fc0
           <...>-6497  [004] ....  2093.839904: read_swap_cache_async: remote readpage 6497 "droid.apps.maps" 7eb579d000 d2df7d
           <...>-6497  [004] ....  2093.839908: do_swap_page: cold fault : 6497 "droid.apps.maps" 7eb579d000 d2df7d
           <...>-6517  [007] ...1  2093.839920: do_swap_page: id 0, table 0 || 476: 6497 7f29fea000 (after!!)
           <...>-6517  [007] ....  2093.839999: read_swap_cache_async: remote readpage 6497 "Profile Saver" 7f29fee000 1275fc1
           <...>-6517  [007] ....  2093.840000: do_swap_page: after prefetch fault id 0: 6497 "Profile Saver" 7f29fee000 1275fc1
           <...>-6497  [004] ...1  2093.841786: do_swap_page: id 0, table 0 || 477: 6497 7eb579d000 (after!!)
           <...>-4628  [000] ....  2093.843669: do_swap_page: Exception touched after marked : 2287 "FlpThread" 14722000 b1e9
           <...>-6541  [007] ....  2093.844196: lookup_swap_cache: after prefetch hit id 0: 6497 "DefaultPool7" 7ec401d000 1661f0d
           <...>-6541  [007] ...1  2093.844202: do_swap_page: id 0, table 0 || 478: 6497 7ec401d000 (after!!)
           <...>-6541  [007] ...1  2093.844270: do_swap_page: id 0, table 0 || 479: 6497 7e866f5000 (after!!)
           <...>-6541  [007] ...1  2093.844280: do_swap_page: id 0, table 0 || 480: 6497 7e861b3000 (after!!)
           <...>-6517  [007] ...1  2093.844537: do_swap_page: id 0, table 0 || 481: 6497 7f29fee000 (after!!)
           <...>-6517  [007] ....  2093.844768: read_swap_cache_async: remote readpage 6497 "Profile Saver" 7f29ff1000 1275fc2
           <...>-6517  [007] ....  2093.844770: do_swap_page: after prefetch fault id 0: 6497 "Profile Saver" 7f29ff1000 1275fc2
           <...>-6541  [005] ...1  2093.845519: do_swap_page: id 0, table 0 || 482: 6497 7e861b4000 (after!!)
           <...>-6517  [007] ...1  2093.848708: do_swap_page: id 0, table 0 || 483: 6497 7f29ff1000 (after!!)
           <...>-6517  [007] ....  2093.848784: read_swap_cache_async: remote readpage 6497 "Profile Saver" 7f29ff4000 1275fc3
           <...>-6517  [007] ....  2093.848786: do_swap_page: after prefetch fault id 0: 6497 "Profile Saver" 7f29ff4000 1275fc3
           <...>-6541  [007] ...1  2093.848888: do_swap_page: id 0, table 0 || 484: 6497 7e861b5000 (after!!)
           <...>-6541  [007] ...1  2093.849435: do_swap_page: id 0, table 0 || 485: 6497 7eb5a21000 (after!!)
           <...>-6541  [007] ....  2093.849520: read_swap_cache_async: remote readpage 6497 "DefaultPool7" 7eb5a22000 d31fb5
           <...>-6541  [007] ....  2093.849521: do_swap_page: cold fault : 6497 "DefaultPool7" 7eb5a22000 d31fb5
           <...>-6517  [007] ...1  2093.851110: do_swap_page: id 0, table 0 || 486: 6497 7f29ff4000 (after!!)
           <...>-6517  [007] ...1  2093.851152: do_swap_page: id 0, table 0 || 487: 6497 7f29f97000 (after!!)
           <...>-6517  [007] ....  2093.851224: read_swap_cache_async: remote readpage 6497 "Profile Saver" 7f29f99000 1275fc4
           <...>-6517  [007] ....  2093.851225: do_swap_page: after prefetch fault id 0: 6497 "Profile Saver" 7f29f99000 1275fc4
           <...>-6541  [007] ...1  2093.852525: do_swap_page: id 0, table 0 || 488: 6497 7eb5a22000 (after!!)
           <...>-6517  [007] ...1  2093.853001: do_swap_page: id 0, table 0 || 489: 6497 7f29f99000 (after!!)
           <...>-6517  [007] ....  2093.853106: read_swap_cache_async: remote readpage 6497 "Profile Saver" 7e88ac3000 1275fc6
           <...>-6517  [007] ....  2093.853108: do_swap_page: after prefetch fault id 0: 6497 "Profile Saver" 7e88ac3000 1275fc6
           <...>-5178  [001] ....  2093.853797: do_swap_page: Exception touched after marked : 2554 "lowpool[4]" 7f28a17000 2b288
           <...>-5178  [001] ...1  2093.854290: do_swap_page: id 0, table 0 || 490: 2554 7ec57ed000 (after!!)
           <...>-5178  [001] ....  2093.854975: read_swap_cache_async: remote readpage 2554 "lowpool[4]" 7ec56c5000 759f73
           <...>-5178  [001] ....  2093.854980: do_swap_page: Exception : 2554 "lowpool[4]" 7ec56c5000 759f73
           <...>-2334  [006] ...1  2093.856221: do_swap_page: id 0, table 0 || 491: 1929 7f28a7f000 (after!!)
           <...>-5985  [003] ....  2093.856727: read_swap_cache_async: remote readpage 2287 "Binder:2287_C" 7ec56b7000 1681f12
           <...>-5985  [003] ....  2093.856733: do_swap_page: Exception : 2287 "Binder:2287_C" 7ec56b7000 1681f12
           <...>-6517  [007] ...1  2093.857527: do_swap_page: id 0, table 0 || 492: 6497 7e88ac3000 (after!!)
           <...>-6589  [004] ...1  2093.857588: do_swap_page: id 0, table 0 || 493: 6497 7ecdee7000 (after!!)
           <...>-6589  [004] ...1  2093.857601: do_swap_page: id 0, table 0 || 494: 6497 7ecdee8000 (after!!)
           <...>-6517  [007] ....  2093.857637: read_swap_cache_async: remote readpage 6497 "Profile Saver" 7e98c12000 1275fc7
           <...>-6517  [007] ....  2093.857638: do_swap_page: after prefetch fault id 0: 6497 "Profile Saver" 7e98c12000 1275fc7
           <...>-6589  [004] ...1  2093.857684: do_swap_page: id 0, table 0 || 495: 6497 7e86664000 (after!!)
           <...>-6517  [007] ...1  2093.859062: do_swap_page: id 0, table 0 || 496: 6497 7e98c12000 (after!!)
           <...>-6517  [007] ....  2093.859128: read_swap_cache_async: remote readpage 6497 "Profile Saver" 7e98c13000 1275fc8
           <...>-6517  [007] ....  2093.859130: do_swap_page: after prefetch fault id 0: 6497 "Profile Saver" 7e98c13000 1275fc8
           <...>-5985  [003] ...1  2093.859440: do_swap_page: id 0, table 0 || 497: 2287 7ec56b7000 (after!!)
           <...>-5985  [003] ...1  2093.859658: do_swap_page: id 0, table 0 || 498: 2287 7fbe18d000 (after!!)
           <...>-6517  [007] ...1  2093.861476: do_swap_page: id 0, table 0 || 499: 6497 7e98c13000 (after!!)
           <...>-5178  [005] ...1  2093.861656: do_swap_page: id 0, table 0 || 500: 2554 7ec56c5000 (after!!)
     lowpool[62]-19054 [001] ...1  2093.863327: do_swap_page: id 0, table 0 || 501: 2287 7eb7b27000 (after!!)
     lowpool[62]-19054 [001] ...1  2093.863360: do_swap_page: id 0, table 0 || 502: 2287 7eb7b28000 (after!!)
 wifi_ext@1.0-se-2954  [005] ....  2093.864364: do_swap_page: Exception touched after marked : 854 "wifi_ext@1.0-se" 7fbb4e3000 b1ed
           <...>-5178  [005] ...1  2093.865453: do_swap_page: id 0, table 0 || 503: 2554 7ec5864000 (after!!)
     lowpool[62]-19054 [005] ....  2093.870415: do_swap_page: Exception touched after marked : 2287 "lowpool[62]" 7eb7b29000 2b26c
     lowpool[62]-19054 [005] ...1  2093.870435: do_swap_page: id 0, table 0 || 504: 2287 7eb7b2a000 (after!!)
     lowpool[62]-19054 [005] ...1  2093.870449: do_swap_page: id 0, table 0 || 505: 2287 7eb7aca000 (after!!)
     lowpool[62]-19054 [005] ...1  2093.870457: do_swap_page: id 0, table 0 || 506: 2287 7eb7acb000 (after!!)
           <...>-2689  [005] ...1  2093.873775: do_swap_page: id 0, table 0 || 507: 2554 7ec5724000 (after!!)
           <...>-4628  [002] .n.1  2093.880197: do_swap_page: id 0, table 0 || 508: 2287 7eab9ae000 (after!!)
           <...>-6517  [006] ....  2093.880854: read_swap_cache_async: remote readpage 6497 "Profile Saver" 7ecdb78000 1275fcf
           <...>-6517  [006] ....  2093.880856: do_swap_page: after prefetch fault id 0: 6497 "Profile Saver" 7ecdb78000 1275fcf
           <...>-5985  [002] ...1  2093.881391: do_swap_page: id 0, table 0 || 509: 2287 1473c000 (after!!)
           <...>-6517  [004] ...1  2093.884517: do_swap_page: id 0, table 0 || 510: 6497 7ecdb78000 (after!!)
           <...>-6517  [004] ....  2093.884601: read_swap_cache_async: remote readpage 6497 "Profile Saver" 7ecdb79000 1275fd0
           <...>-6517  [004] ....  2093.884603: do_swap_page: after prefetch fault id 0: 6497 "Profile Saver" 7ecdb79000 1275fd0
           <...>-6517  [004] ...1  2093.888012: do_swap_page: id 0, table 0 || 511: 6497 7ecdb79000 (after!!)
           <...>-6517  [004] ....  2093.888071: read_swap_cache_async: remote readpage 6497 "Profile Saver" 7ecdb7a000 1275fd1
           <...>-6517  [004] ....  2093.888072: do_swap_page: after prefetch fault id 0: 6497 "Profile Saver" 7ecdb7a000 1275fd1
           <...>-5985  [002] ...1  2093.889043: do_swap_page: id 0, table 0 || 512: 2287 13daa000 (after!!)
           <...>-6517  [004] ...1  2093.891479: do_swap_page: id 0, table 0 || 513: 6497 7ecdb7a000 (after!!)
           <...>-6517  [004] ....  2093.891549: read_swap_cache_async: remote readpage 6497 "Profile Saver" 7f2ddc4000 1275fd2
           <...>-6517  [004] ....  2093.891551: do_swap_page: after prefetch fault id 0: 6497 "Profile Saver" 7f2ddc4000 1275fd2
           <...>-2321  [006] ....  2093.892460: do_swap_page: Exception touched after marked : 2287 "HeapTaskDaemon" 7eb83cf000 428c1
           <...>-2321  [006] ....  2093.892543: do_swap_page: Exception touched after marked : 2287 "HeapTaskDaemon" 13c9f000 64891
           <...>-2321  [006] ...1  2093.892621: do_swap_page: id 0, table 0 || 514: 2287 7eb1bab000 (after!!)
           <...>-6517  [005] ...1  2093.894014: do_swap_page: id 0, table 0 || 515: 6497 7f2ddc4000 (after!!)
           <...>-6517  [005] ...1  2093.894049: do_swap_page: id 0, table 0 || 516: 6497 7eb50ea000 (after!!)
           <...>-6517  [005] ....  2093.894137: read_swap_cache_async: remote readpage 6497 "Profile Saver" 7f2d672000 1275fd3
           <...>-6517  [005] ....  2093.894140: do_swap_page: after prefetch fault id 0: 6497 "Profile Saver" 7f2d672000 1275fd3
           <...>-6517  [005] ...1  2093.896170: do_swap_page: id 0, table 0 || 517: 6497 7f2d672000 (after!!)
           <...>-6517  [005] ....  2093.896246: read_swap_cache_async: remote readpage 6497 "Profile Saver" 7f2d673000 1275fd4
           <...>-6517  [005] ....  2093.896248: do_swap_page: after prefetch fault id 0: 6497 "Profile Saver" 7f2d673000 1275fd4
           <...>-5985  [002] ....  2093.899428: do_swap_page: Exception touched after marked : 2287 "Binder:2287_C" 14fd9000 b1b8
           <...>-4628  [006] ...1  2093.899642: do_swap_page: id 0, table 0 || 518: 2287 7e8fcee000 (after!!)
           <...>-4628  [006] ...1  2093.899654: do_swap_page: id 0, table 0 || 519: 2287 7e8fcef000 (after!!)
           <...>-4628  [006] ...1  2093.899665: do_swap_page: id 0, table 0 || 520: 2287 7e8fcf0000 (after!!)
           <...>-5985  [005] ...1  2093.901799: do_swap_page: id 0, table 0 || 521: 2287 7e8b4d3000 (after!!)
           <...>-5985  [005] ...1  2093.901949: do_swap_page: id 0, table 0 || 522: 2287 7e8b4d2000 (after!!)
           <...>-12585 [006] ....  2093.902013: lookup_swap_cache: after prefetch hit id 0: 2554 "highpool[31]" 7eb25ec000 1661f1b
           <...>-12585 [006] ...1  2093.902017: do_swap_page: id 0, table 0 || 523: 2554 7eb25ec000 (after!!)
           <...>-12585 [006] ...1  2093.902056: do_swap_page: id 0, table 0 || 524: 2554 7f3984d000 (after!!)
           <...>-12585 [006] ...1  2093.902096: do_swap_page: id 0, table 0 || 525: 2554 7eaf938000 (after!!)
           <...>-12585 [006] ....  2093.902104: lookup_swap_cache: after prefetch hit id 0: 2554 "highpool[31]" 7eaf9e5000 1649f10
           <...>-12585 [006] ...1  2093.902106: do_swap_page: id 0, table 0 || 526: 2554 7eaf9e5000 (after!!)
           <...>-6517  [004] ...1  2093.902446: do_swap_page: id 0, table 0 || 527: 6497 7f2d673000 (after!!)
           <...>-6517  [004] ....  2093.904760: read_swap_cache_async: remote readpage 6497 "Profile Saver" 7f29fc0000 1275fd8
           <...>-6517  [004] ....  2093.904764: do_swap_page: after prefetch fault id 0: 6497 "Profile Saver" 7f29fc0000 1275fd8
           <...>-6517  [004] ...1  2093.906615: do_swap_page: id 0, table 0 || 528: 6497 7f29fc0000 (after!!)
           <...>-6517  [004] ....  2093.906708: read_swap_cache_async: remote readpage 6497 "Profile Saver" 7f29fc1000 1275fd9
           <...>-6517  [004] ....  2093.906710: do_swap_page: after prefetch fault id 0: 6497 "Profile Saver" 7f29fc1000 1275fd9
           <...>-6517  [004] ...1  2093.908953: do_swap_page: id 0, table 0 || 529: 6497 7f29fc1000 (after!!)
           <...>-6517  [004] ...1  2093.908989: do_swap_page: id 0, table 0 || 530: 6497 7f29fc2000 (after!!)
           <...>-6517  [004] ....  2093.909070: read_swap_cache_async: remote readpage 6497 "Profile Saver" 7f29ff6000 1275fda
           <...>-6517  [004] ....  2093.909071: do_swap_page: after prefetch fault id 0: 6497 "Profile Saver" 7f29ff6000 1275fda
           <...>-2321  [006] ....  2093.909808: do_swap_page: Exception touched after marked : 2287 "HeapTaskDaemon" 136fd000 428d3
           <...>-2321  [006] ...1  2093.909905: do_swap_page: id 0, table 0 || 531: 2287 137cd000 (after!!)
           <...>-2321  [006] ....  2093.911154: read_swap_cache_async: remote readpage 2287 "HeapTaskDaemon" 1382d000 161df93
           <...>-2321  [006] ....  2093.911158: do_swap_page: Exception : 2287 "HeapTaskDaemon" 1382d000 161df93
           <...>-996   [005] ...1  2093.913391: do_swap_page: id 0, table 0 || 532: 876 7fbdfe5000 (after!!)
           <...>-6539  [005] ....  2093.913559: read_swap_cache_async: remote readpage 6497 "DefaultPool5" 7ec522f000 d39f3e
           <...>-6539  [005] ....  2093.913561: do_swap_page: cold fault : 6497 "DefaultPool5" 7ec522f000 d39f3e
           <...>-6517  [004] ...1  2093.913618: do_swap_page: id 0, table 0 || 533: 6497 7f29ff6000 (after!!)
           <...>-6517  [004] ....  2093.913652: read_swap_cache_async: remote readpage 6497 "Profile Saver" 7f29ff7000 1275fdb
           <...>-6517  [004] ....  2093.913654: do_swap_page: after prefetch fault id 0: 6497 "Profile Saver" 7f29ff7000 1275fdb
           <...>-2321  [006] ...1  2093.913842: do_swap_page: id 0, table 0 || 534: 2287 1382d000 (after!!)
           <...>-2321  [006] ....  2093.914177: do_swap_page: Exception touched after marked : 2287 "HeapTaskDaemon" 13b89000 428ce
           <...>-2321  [006] ....  2093.914192: do_swap_page: Exception touched after marked : 2287 "HeapTaskDaemon" 13b8d000 428c8
           <...>-2321  [006] ....  2093.914199: do_swap_page: Exception touched after marked : 2287 "HeapTaskDaemon" 13b8e000 428c9
           <...>-2321  [006] ....  2093.914456: do_swap_page: Exception touched after marked : 2287 "HeapTaskDaemon" 13cc1000 428c4
           <...>-2321  [006] ....  2093.914616: read_swap_cache_async: remote readpage 2287 "HeapTaskDaemon" 13ce4000 161df94
           <...>-2321  [006] ....  2093.914618: do_swap_page: Exception : 2287 "HeapTaskDaemon" 13ce4000 161df94
           <...>-6539  [005] ...1  2093.915419: do_swap_page: id 0, table 0 || 535: 6497 7ec522f000 (after!!)
           <...>-6517  [004] ...1  2093.915559: do_swap_page: id 0, table 0 || 536: 6497 7f29ff7000 (after!!)
           <...>-6517  [004] ....  2093.915635: read_swap_cache_async: remote readpage 6497 "Profile Saver" 7f29ff8000 1275fdc
           <...>-6517  [004] ....  2093.915636: do_swap_page: after prefetch fault id 0: 6497 "Profile Saver" 7f29ff8000 1275fdc
           <...>-4628  [001] ...1  2093.915666: do_swap_page: id 0, table 0 || 537: 2287 7eab989000 (after!!)
           <...>-2321  [006] ...1  2093.916898: do_swap_page: id 0, table 0 || 538: 2287 13ce4000 (after!!)
           <...>-2321  [006] ....  2093.916960: do_swap_page: Exception touched after marked : 2287 "HeapTaskDaemon" 13cf8000 428ca
           <...>-2321  [006] ....  2093.917004: do_swap_page: Exception touched after marked : 2287 "HeapTaskDaemon" 13d89000 428cb
           <...>-2321  [006] ...1  2093.917147: do_swap_page: id 0, table 0 || 539: 2287 13e1e000 (after!!)
           <...>-2321  [006] ....  2093.917225: do_swap_page: Exception touched after marked : 2287 "HeapTaskDaemon" 13e8a000 428c6
           <...>-2321  [006] ....  2093.917347: read_swap_cache_async: remote readpage 2287 "HeapTaskDaemon" 13e93000 161df95
           <...>-2321  [006] ....  2093.917349: do_swap_page: Exception : 2287 "HeapTaskDaemon" 13e93000 161df95
           <...>-6517  [004] ...1  2093.918249: do_swap_page: id 0, table 0 || 540: 6497 7f29ff8000 (after!!)
           <...>-6517  [004] ....  2093.918334: read_swap_cache_async: remote readpage 6497 "Profile Saver" 7f29ffa000 1275fdd
           <...>-6517  [004] ....  2093.918336: do_swap_page: after prefetch fault id 0: 6497 "Profile Saver" 7f29ffa000 1275fdd
           <...>-2321  [002] ...1  2093.919394: do_swap_page: id 0, table 0 || 541: 2287 13e93000 (after!!)
           <...>-2321  [002] ....  2093.920622: do_swap_page: Exception touched after marked : 2287 "HeapTaskDaemon" 142a7000 428cc
           <...>-2321  [002] ....  2093.920831: read_swap_cache_async: remote readpage 2287 "HeapTaskDaemon" 142b1000 161df96
           <...>-2321  [002] ....  2093.920836: do_swap_page: Exception : 2287 "HeapTaskDaemon" 142b1000 161df96
           <...>-6517  [004] ...1  2093.923174: do_swap_page: id 0, table 0 || 542: 6497 7f29ffa000 (after!!)
           <...>-2321  [002] ...1  2093.923195: do_swap_page: id 0, table 0 || 543: 2287 142b1000 (after!!)
           <...>-6517  [004] ....  2093.923224: read_swap_cache_async: remote readpage 6497 "Profile Saver" 7f29ff9000 1275fde
           <...>-6517  [004] ....  2093.923226: do_swap_page: after prefetch fault id 0: 6497 "Profile Saver" 7f29ff9000 1275fde
           <...>-6539  [006] ...1  2093.923305: do_swap_page: id 0, table 0 || 544: 6497 7e5cfd5000 (after!!)
           <...>-6539  [006] ...1  2093.923312: do_swap_page: id 0, table 0 || 545: 6497 7e5cfd6000 (after!!)
           <...>-6539  [006] ...1  2093.923315: do_swap_page: id 0, table 0 || 546: 6497 7e5cfd7000 (after!!)
           <...>-6539  [006] ...1  2093.923317: do_swap_page: id 0, table 0 || 547: 6497 7e5cfd8000 (after!!)
           <...>-6539  [006] ...1  2093.923320: do_swap_page: id 0, table 0 || 548: 6497 7e5cfd9000 (after!!)
           <...>-6539  [006] ...1  2093.923323: do_swap_page: id 0, table 0 || 549: 6497 7e5cfda000 (after!!)
           <...>-6539  [006] ...1  2093.923326: do_swap_page: id 0, table 0 || 550: 6497 7e5cfdb000 (after!!)
           <...>-6539  [006] ...1  2093.923329: do_swap_page: id 0, table 0 || 551: 6497 7e5cfdc000 (after!!)
           <...>-6539  [006] ...1  2093.923333: do_swap_page: id 0, table 0 || 552: 6497 7e5cfdd000 (after!!)
           <...>-6539  [006] ...1  2093.923339: do_swap_page: id 0, table 0 || 553: 6497 7e5d159000 (after!!)
           <...>-6539  [006] ...1  2093.923345: do_swap_page: id 0, table 0 || 554: 6497 7e5d15a000 (after!!)
           <...>-6539  [006] ...1  2093.923350: do_swap_page: id 0, table 0 || 555: 6497 7e5d15b000 (after!!)
           <...>-6539  [006] ...1  2093.923354: do_swap_page: id 0, table 0 || 556: 6497 7e5d15c000 (after!!)
           <...>-6539  [006] ...1  2093.923357: do_swap_page: id 0, table 0 || 557: 6497 7e5d15d000 (after!!)
           <...>-6539  [006] ...1  2093.923360: do_swap_page: id 0, table 0 || 558: 6497 7e5d15e000 (after!!)
           <...>-6539  [006] ...1  2093.923363: do_swap_page: id 0, table 0 || 559: 6497 7e5d15f000 (after!!)
           <...>-6539  [006] ...1  2093.923366: do_swap_page: id 0, table 0 || 560: 6497 7e5d160000 (after!!)
           <...>-6539  [006] ...1  2093.923369: do_swap_page: id 0, table 0 || 561: 6497 7e5d161000 (after!!)
           <...>-6539  [006] ...1  2093.923378: do_swap_page: id 0, table 0 || 562: 6497 7f2d7c0000 (after!!)
           <...>-6539  [006] ...1  2093.923383: do_swap_page: id 0, table 0 || 563: 6497 7f2d7c1000 (after!!)
           <...>-6539  [006] ...1  2093.923415: do_swap_page: id 0, table 0 || 564: 6497 7e5d19c000 (after!!)
           <...>-6539  [006] ...1  2093.923421: do_swap_page: id 0, table 0 || 565: 6497 7e5d19d000 (after!!)
           <...>-6539  [006] ....  2093.923480: read_swap_cache_async: remote readpage 6497 "DefaultPool5" 7e88c63000 cf5f72
           <...>-6539  [006] ....  2093.923482: do_swap_page: cold fault : 6497 "DefaultPool5" 7e88c63000 cf5f72
           <...>-2321  [002] ....  2093.923593: do_swap_page: Exception touched after marked : 2287 "HeapTaskDaemon" 14320000 428c7
           <...>-2321  [002] ...1  2093.923663: do_swap_page: id 0, table 0 || 566: 2287 14331000 (after!!)
           <...>-2321  [002] ...1  2093.924021: do_swap_page: id 0, table 0 || 567: 2287 1444b000 (after!!)
           <...>-2321  [002] ....  2093.924064: do_swap_page: Exception touched after marked : 2287 "HeapTaskDaemon" 1444f000 428cf
           <...>-2321  [002] ....  2093.924314: do_swap_page: Exception touched after marked : 2287 "HeapTaskDaemon" 1448d000 428d4
           <...>-2321  [002] ....  2093.924542: do_swap_page: Exception touched after marked : 2287 "HeapTaskDaemon" 1470c000 428d6
           <...>-2321  [002] ...1  2093.925308: do_swap_page: id 0, table 0 || 568: 2287 14fdc000 (after!!)
           <...>-2321  [002] ....  2093.925476: do_swap_page: Exception touched after marked : 2287 "HeapTaskDaemon" 14fee000 428d2
           <...>-2321  [002] ....  2093.925530: do_swap_page: Exception touched after marked : 2287 "HeapTaskDaemon" 14ff6000 428d0
           <...>-6517  [004] ...1  2093.926240: do_swap_page: id 0, table 0 || 569: 6497 7f29ff9000 (after!!)
           <...>-6539  [006] ...1  2093.926292: do_swap_page: id 0, table 0 || 570: 6497 7e88c63000 (after!!)
           <...>-6517  [004] ....  2093.926341: read_swap_cache_async: remote readpage 6497 "Profile Saver" 7f29ffd000 1275fdf
           <...>-6517  [004] ....  2093.926343: do_swap_page: after prefetch fault id 0: 6497 "Profile Saver" 7f29ffd000 1275fdf
           <...>-2321  [002] ....  2093.926597: do_swap_page: Exception touched after marked : 2287 "HeapTaskDaemon" 7eb1a21000 428d7
           <...>-6545  [007] ....  2093.928296: lookup_swap_cache: after prefetch hit id 0: 6497 "RenderThread" 7ecdbde000 1661f48
           <...>-6545  [007] ...1  2093.928301: do_swap_page: id 0, table 0 || 571: 6497 7ecdbde000 (after!!)
           <...>-9311  [000] ....  2093.928676: do_swap_page: Exception touched after marked : 9076 "Binder:9076_8" 7f2af5b000 428d8
           <...>-9311  [000] ....  2093.928726: do_swap_page: Exception touched after marked : 9076 "Binder:9076_8" 7f2af5c000 428da
           <...>-9311  [000] ....  2093.928750: do_swap_page: Exception touched after marked : 9076 "Binder:9076_8" 7eb3ae3000 428dc
           <...>-9311  [000] ....  2093.928782: do_swap_page: Exception touched after marked : 9076 "Binder:9076_8" 7fbe21f000 428e3
           <...>-13625 [001] ...1  2093.929176: do_swap_page: id 0, table 0 || 572: 9076 7f29e1e000 (after!!)
           <...>-13625 [001] ...1  2093.929208: do_swap_page: id 0, table 0 || 573: 9076 7f29e1f000 (after!!)
           <...>-9231  [000] ....  2093.929321: read_swap_cache_async: remote readpage 9076 "Binder:9076_6" 7e67a92000 143df02
           <...>-9231  [000] ....  2093.929326: do_swap_page: after prefetch fault id 0: 9076 "Binder:9076_6" 7e67a92000 143df02
           <...>-6517  [004] ...1  2093.929480: do_swap_page: id 0, table 0 || 574: 6497 7f29ffd000 (after!!)
           <...>-6517  [004] ....  2093.929569: read_swap_cache_async: remote readpage 6497 "Profile Saver" 7f29ffe000 1275fe0
           <...>-6517  [004] ....  2093.929571: do_swap_page: after prefetch fault id 0: 6497 "Profile Saver" 7f29ffe000 1275fe0
           <...>-6639  [007] ...1  2093.930113: do_swap_page: id 0, table 0 || 575: 6497 7e82d80000 (after!!)
           <...>-6539  [004] ....  2093.930151: read_swap_cache_async: remote readpage 6497 "DefaultPool5" 7e88aa1000 cf5f24
           <...>-6639  [007] ...1  2093.930152: do_swap_page: id 0, table 0 || 576: 6497 7e82d81000 (after!!)
           <...>-6539  [004] ....  2093.930153: do_swap_page: cold fault : 6497 "DefaultPool5" 7e88aa1000 cf5f24
           <...>-6639  [007] ...1  2093.930214: do_swap_page: id 0, table 0 || 577: 6497 7e82d8e000 (after!!)
           <...>-6639  [007] ...1  2093.930221: do_swap_page: id 0, table 0 || 578: 6497 7e82d8f000 (after!!)
           <...>-6639  [007] ....  2093.930276: read_swap_cache_async: remote readpage 6497 "NetworkPool4" 7e82d90000 ce5f85
           <...>-6639  [007] ....  2093.930277: do_swap_page: cold fault : 6497 "NetworkPool4" 7e82d90000 ce5f85
           <...>-14854 [000] ....  2093.931632: do_swap_page: Exception touched after marked : 7440 "Binder:7440_9" 7f28a4e000 70524
           <...>-11613 [000] ....  2093.931681: do_swap_page: Exception touched after marked : 7440 "Binder:7440_7" 7ec2912000 428df
           <...>-8068  [000] ....  2093.931716: do_swap_page: Exception touched after marked : 7440 "Binder:7440_5" 7ed07d5000 428de
           <...>-8069  [000] ...1  2093.931757: do_swap_page: id 0, table 0 || 579: 7440 7ea96d7000 (after!!)
           <...>-11613 [000] ...1  2093.931915: do_swap_page: id 0, table 0 || 580: 7440 7f29ef2000 (after!!)
           <...>-11613 [000] ...1  2093.931934: do_swap_page: id 0, table 0 || 581: 7440 7f29ef3000 (after!!)
           <...>-11613 [000] ...1  2093.931952: do_swap_page: id 0, table 0 || 582: 7440 7eb0526000 (after!!)
           <...>-8068  [000] ....  2093.932174: read_swap_cache_async: remote readpage 7440 "Binder:7440_5" 7ed07d6000 161df98
           <...>-8068  [000] ....  2093.932178: do_swap_page: Exception : 7440 "Binder:7440_5" 7ed07d6000 161df98
           <...>-14854 [000] ...1  2093.932206: do_swap_page: id 0, table 0 || 583: 7440 7f29bfb000 (after!!)
           <...>-14854 [000] ...1  2093.932222: do_swap_page: id 0, table 0 || 584: 7440 7f29bfc000 (after!!)
           <...>-7792  [001] ...1  2093.932445: do_swap_page: id 0, table 0 || 585: 7440 7ea9c0c000 (after!!)
           <...>-7792  [001] ...1  2093.932478: do_swap_page: id 0, table 0 || 586: 7440 7e4c502000 (after!!)
           <...>-7792  [001] ...1  2093.932496: do_swap_page: id 0, table 0 || 587: 7440 7e4c503000 (after!!)
           <...>-7792  [001] ...1  2093.932516: do_swap_page: id 0, table 0 || 588: 7440 7ea9794000 (after!!)
           <...>-15747 [001] ...1  2093.932626: do_swap_page: id 0, table 0 || 589: 7440 7f29afe000 (after!!)
           <...>-15747 [001] ...1  2093.932648: do_swap_page: id 0, table 0 || 590: 7440 7f29aff000 (after!!)
           <...>-15747 [001] ...1  2093.932669: do_swap_page: id 0, table 0 || 591: 7440 7f28dbf000 (after!!)
           <...>-12751 [001] ...1  2093.932767: do_swap_page: id 0, table 0 || 592: 7440 7f29df5000 (after!!)
           <...>-12751 [001] ...1  2093.932791: do_swap_page: id 0, table 0 || 593: 7440 7f29df6000 (after!!)
           <...>-12751 [001] ....  2093.932817: do_swap_page: Exception touched after marked : 7440 "Binder:7440_8" 7ed17dc000 60859
           <...>-6517  [006] ...1  2093.933416: do_swap_page: id 0, table 0 || 594: 6497 7f29ffe000 (after!!)
           <...>-6517  [006] ....  2093.933530: read_swap_cache_async: remote readpage 6497 "Profile Saver" 7f29fc3000 1275fe1
