           <...>-6551  [006] ...1  2093.452740: do_swap_page: id 0, table 0 || 131: 6497 7e88c0d000
           <...>-6551  [006] ...1  2093.452777: do_swap_page: id 0, table 0 || 132: 6497 7e88c08000
    RenderThread-2137  [006] ...1  2093.457175: do_swap_page: id 0, table 0 || 133: 1708 7f2d625000
           <...>-6549  [007] ...1  2093.457471: do_swap_page: id 0, table 0 || 134: 6497 7e8c9ab000
    RenderThread-2137  [006] ...1  2093.457680: do_swap_page: id 0, table 0 || 135: 1708 7f2d7d7000
           <...>-6551  [007] ...1  2093.458752: do_swap_page: id 0, table 0 || 136: 6497 7e8a289000
           <...>-6568  [007] ....  2093.460694: read_swap_cache_async: remote readpage 6497 "ChromiumNet" 7ecdb84000 1299fcc
           <...>-6568  [007] ....  2093.460696: do_swap_page: cold fault : 6497 "ChromiumNet" 7ecdb84000 1299fcc
     logd.auditd-577   [000] ....  2093.460899: do_swap_page: Exception touched after marked : 558 "logd.auditd" 7fbd6f8000 64594
           <...>-6568  [007] ...1  2093.462381: do_swap_page: id 0, table 0 || 137: 6497 7ecdb84000
           <...>-6568  [007] ....  2093.462469: read_swap_cache_async: remote readpage 6497 "ChromiumNet" 7ecdb85000 1625f47
           <...>-6568  [007] ....  2093.462470: do_swap_page: cold fault : 6497 "ChromiumNet" 7ecdb85000 1625f47
           <...>-6568  [007] ...1  2093.464810: do_swap_page: id 0, table 0 || 138: 6497 7ecdb85000
           <...>-5484  [006] ...1  2093.467293: do_swap_page: id 0, table 0 || 139: 1359 7e6ebec000
           <...>-6570  [004] ....  2093.469294: read_swap_cache_async: remote readpage 6497 "ThreadPoolForeg" 7e89ffa000 cf5fa0
           <...>-6570  [004] ....  2093.469297: do_swap_page: cold fault : 6497 "ThreadPoolForeg" 7e89ffa000 cf5fa0
           <...>-6570  [004] ...1  2093.471720: do_swap_page: id 0, table 0 || 140: 6497 7e89ffa000
           <...>-6570  [004] ....  2093.471797: read_swap_cache_async: remote readpage 6497 "ThreadPoolForeg" 7e98be7000 d25f71
           <...>-6570  [004] ....  2093.471798: do_swap_page: cold fault : 6497 "ThreadPoolForeg" 7e98be7000 d25f71
           <...>-6570  [004] ...1  2093.473807: do_swap_page: id 0, table 0 || 141: 6497 7e98be7000
           <...>-6570  [004] ....  2093.473913: read_swap_cache_async: remote readpage 6497 "ThreadPoolForeg" 7e9e2c4000 d25fc0
           <...>-6570  [004] ....  2093.473915: do_swap_page: cold fault : 6497 "ThreadPoolForeg" 7e9e2c4000 d25fc0
           <...>-6570  [004] ...1  2093.475485: do_swap_page: id 0, table 0 || 142: 6497 7e9e2c4000
           <...>-6570  [004] ....  2093.475550: read_swap_cache_async: remote readpage 6497 "ThreadPoolForeg" 7e98c4f000 d25fa4
           <...>-6570  [004] ....  2093.475552: do_swap_page: cold fault : 6497 "ThreadPoolForeg" 7e98c4f000 d25fa4
           <...>-6570  [004] ...1  2093.477656: do_swap_page: id 0, table 0 || 143: 6497 7e98c4f000
           <...>-6570  [004] ....  2093.477779: read_swap_cache_async: remote readpage 6497 "ThreadPoolForeg" 7e9e2c5000 d25fc2
           <...>-6570  [004] ....  2093.477780: do_swap_page: cold fault : 6497 "ThreadPoolForeg" 7e9e2c5000 d25fc2
           <...>-6570  [006] ...1  2093.479857: do_swap_page: id 0, table 0 || 144: 6497 7e9e2c5000
           <...>-6570  [006] ....  2093.479955: read_swap_cache_async: remote readpage 6497 "ThreadPoolForeg" 7eb24fa000 1625f21
           <...>-6570  [006] ....  2093.479957: do_swap_page: cold fault : 6497 "ThreadPoolForeg" 7eb24fa000 1625f21
           <...>-6570  [004] ...1  2093.481776: do_swap_page: id 0, table 0 || 145: 6497 7eb24fa000
           <...>-6570  [004] ....  2093.481868: read_swap_cache_async: remote readpage 6497 "ThreadPoolForeg" 7e9e2c3000 d25fbe
           <...>-6570  [004] ....  2093.481870: do_swap_page: cold fault : 6497 "ThreadPoolForeg" 7e9e2c3000 d25fbe
           <...>-5484  [006] ...1  2093.484354: do_swap_page: id 0, table 0 || 146: 1359 7e6ebac000
           <...>-6570  [004] ...1  2093.484652: do_swap_page: id 0, table 0 || 147: 6497 7e9e2c3000
           <...>-6570  [004] ....  2093.484729: read_swap_cache_async: remote readpage 6497 "ThreadPoolForeg" 7e9afa3000 1625f1e
           <...>-6570  [004] ....  2093.484730: do_swap_page: cold fault : 6497 "ThreadPoolForeg" 7e9afa3000 1625f1e
           <...>-6570  [007] ...1  2093.486567: do_swap_page: id 0, table 0 || 148: 6497 7e9afa3000
           <...>-6570  [007] ....  2093.486684: read_swap_cache_async: remote readpage 6497 "ThreadPoolForeg" 7eb24fb000 1625f22
           <...>-6570  [007] ....  2093.486686: do_swap_page: cold fault : 6497 "ThreadPoolForeg" 7eb24fb000 1625f22
           <...>-6570  [005] ...1  2093.495183: do_swap_page: id 0, table 0 || 149: 6497 7eb24fb000
           <...>-6570  [005] ....  2093.495292: read_swap_cache_async: remote readpage 6497 "ThreadPoolForeg" 7e9af9d000 1625f1b
           <...>-6570  [005] ....  2093.495294: do_swap_page: cold fault : 6497 "ThreadPoolForeg" 7e9af9d000 1625f1b
           <...>-6570  [005] ...1  2093.496846: do_swap_page: id 0, table 0 || 150: 6497 7e9af9d000
           <...>-6570  [005] ....  2093.496922: read_swap_cache_async: remote readpage 6497 "ThreadPoolForeg" 7e9af92000 1625f11
           <...>-6570  [005] ....  2093.496924: do_swap_page: cold fault : 6497 "ThreadPoolForeg" 7e9af92000 1625f11
           <...>-6570  [005] ...1  2093.498566: do_swap_page: id 0, table 0 || 151: 6497 7e9af92000
           <...>-6570  [005] ....  2093.498621: read_swap_cache_async: remote readpage 6497 "ThreadPoolForeg" 7e9af9c000 1625f1a
           <...>-6570  [005] ....  2093.498623: do_swap_page: cold fault : 6497 "ThreadPoolForeg" 7e9af9c000 1625f1a
           <...>-6570  [005] ...1  2093.500276: do_swap_page: id 0, table 0 || 152: 6497 7e9af9c000
           <...>-6570  [005] ....  2093.500366: read_swap_cache_async: remote readpage 6497 "ThreadPoolForeg" 7e9af93000 1625f12
           <...>-6570  [005] ....  2093.500368: do_swap_page: cold fault : 6497 "ThreadPoolForeg" 7e9af93000 1625f12
           <...>-6535  [004] ...1  2093.501745: do_swap_page: id 0, table 0 || 153: 6497 7e8a0c8000
           <...>-6570  [004] ...1  2093.502178: do_swap_page: id 0, table 0 || 154: 6497 7e9af93000
           <...>-6570  [004] ....  2093.502309: read_swap_cache_async: remote readpage 6497 "ThreadPoolForeg" 7e98be8000 d25f73
           <...>-6570  [004] ....  2093.502311: do_swap_page: cold fault : 6497 "ThreadPoolForeg" 7e98be8000 d25f73
           <...>-6535  [004] ...1  2093.502868: do_swap_page: id 0, table 0 || 155: 6497 9e268000
           <...>-6533  [004] ....  2093.503515: lookup_swap_cache: prefetch hit id 0: 6497 "DefaultPool1" 7eb5983000 1661f6d
           <...>-6533  [004] ...1  2093.503521: do_swap_page: id 0, table 0 || 156: 6497 7eb5983000
           <...>-6570  [004] ...1  2093.504241: do_swap_page: id 0, table 0 || 157: 6497 7e98be8000
           <...>-6570  [004] ....  2093.504412: read_swap_cache_async: remote readpage 6497 "ThreadPoolForeg" 7e9afa5000 1625f1f
           <...>-6570  [004] ....  2093.504414: do_swap_page: cold fault : 6497 "ThreadPoolForeg" 7e9afa5000 1625f1f
           <...>-6570  [004] ...1  2093.506324: do_swap_page: id 0, table 0 || 158: 6497 7e9afa5000
           <...>-6570  [004] ....  2093.506474: read_swap_cache_async: remote readpage 6497 "ThreadPoolForeg" 7e8a008000 cf5fa6
           <...>-6570  [004] ....  2093.506476: do_swap_page: cold fault : 6497 "ThreadPoolForeg" 7e8a008000 cf5fa6
           <...>-6535  [006] ...1  2093.506579: do_swap_page: id 0, table 0 || 159: 6497 7e5d14c000
           <...>-6570  [004] ...1  2093.507997: do_swap_page: id 0, table 0 || 160: 6497 7e8a008000
           <...>-6570  [004] ....  2093.508155: read_swap_cache_async: remote readpage 6497 "ThreadPoolForeg" 7e8a02b000 cf5fb9
           <...>-6570  [004] ....  2093.508156: do_swap_page: cold fault : 6497 "ThreadPoolForeg" 7e8a02b000 cf5fb9
           <...>-6535  [006] ...1  2093.508269: do_swap_page: id 0, table 0 || 161: 6497 7ecda24000
           <...>-6535  [006] ...1  2093.508568: do_swap_page: id 0, table 0 || 162: 6497 7f2d7e6000
           <...>-6535  [006] ...1  2093.508585: do_swap_page: id 0, table 0 || 163: 6497 7e98c75000
           <...>-6548  [007] ...1  2093.508717: do_swap_page: id 0, table 0 || 164: 6497 6f6a9000
           <...>-6570  [004] ...1  2093.509846: do_swap_page: id 0, table 0 || 165: 6497 7e8a02b000
           <...>-6570  [004] ....  2093.509929: read_swap_cache_async: remote readpage 6497 "ThreadPoolForeg" 7e8a29d000 15f1fcd
           <...>-6570  [004] ....  2093.509930: do_swap_page: cold fault : 6497 "ThreadPoolForeg" 7e8a29d000 15f1fcd
           <...>-6570  [004] ...1  2093.511555: do_swap_page: id 0, table 0 || 166: 6497 7e8a29d000
           <...>-6570  [006] ....  2093.511869: read_swap_cache_async: remote readpage 6497 "ThreadPoolForeg" 7e9af99000 1625f17
           <...>-6570  [006] ....  2093.511872: do_swap_page: cold fault : 6497 "ThreadPoolForeg" 7e9af99000 1625f17
           <...>-3660  [001] ...1  2093.512524: do_swap_page: id 0, table 0 || 167: 2554 7ea1665000
           <...>-3660  [001] ...1  2093.512693: do_swap_page: id 0, table 0 || 168: 2554 7ea1666000
           <...>-3660  [001] ...1  2093.513144: do_swap_page: id 0, table 0 || 169: 2554 7eb0bfb000
           <...>-3660  [001] ...1  2093.513213: do_swap_page: id 0, table 0 || 170: 2554 7f28ac9000
           <...>-3660  [001] ...1  2093.513271: do_swap_page: id 0, table 0 || 171: 2554 7ea1663000
           <...>-3660  [001] ...1  2093.513310: do_swap_page: id 0, table 0 || 172: 2554 7ea1664000
           <...>-3660  [001] ...1  2093.513378: do_swap_page: id 0, table 0 || 173: 2554 7eb0ce3000
           <...>-3660  [001] ...1  2093.513398: do_swap_page: id 0, table 0 || 174: 2554 7eb0ce4000
           <...>-6541  [004] .n.1  2093.513409: do_swap_page: id 0, table 0 || 175: 6497 7e8c6b7000
           <...>-2464  [005] ...1  2093.513441: do_swap_page: id 0, table 0 || 176: 2287 7f2d72a000
           <...>-3660  [001] ...1  2093.513468: do_swap_page: id 0, table 0 || 177: 2554 7ea1662000
           <...>-2464  [005] ...1  2093.513470: do_swap_page: id 0, table 0 || 178: 2287 7eb6562000
           <...>-6541  [004] ....  2093.513593: read_swap_cache_async: remote readpage 6497 "DefaultPool7" 7ecdc56000 1625f4c
           <...>-6541  [004] ....  2093.513595: do_swap_page: cold fault : 6497 "DefaultPool7" 7ecdc56000 1625f4c
           <...>-6567  [005] ....  2093.513769: read_swap_cache_async: remote readpage 6497 "ThreadPoolForeg" 7eb5953000 d31f6f
           <...>-6567  [005] ....  2093.513771: do_swap_page: cold fault : 6497 "ThreadPoolForeg" 7eb5953000 d31f6f
           <...>-2464  [000] ...1  2093.514056: do_swap_page: id 0, table 0 || 179: 2287 7eb6561000
           <...>-6570  [006] ...1  2093.514916: do_swap_page: id 0, table 0 || 180: 6497 7e9af99000
           <...>-6570  [006] ....  2093.514996: read_swap_cache_async: remote readpage 6497 "ThreadPoolForeg" 7e9af96000 1625f15
           <...>-6570  [006] ....  2093.514998: do_swap_page: cold fault : 6497 "ThreadPoolForeg" 7e9af96000 1625f15
           <...>-6567  [004] ...1  2093.516014: do_swap_page: id 0, table 0 || 181: 6497 7eb5953000
           <...>-6567  [004] ....  2093.516220: read_swap_cache_async: remote readpage 6497 "ThreadPoolForeg" 7ea25bd000 d25fc6
           <...>-6567  [004] ....  2093.516221: do_swap_page: cold fault : 6497 "ThreadPoolForeg" 7ea25bd000 d25fc6
           <...>-6541  [004] ...1  2093.516468: do_swap_page: id 0, table 0 || 182: 6497 7ecdc56000
           <...>-6541  [004] ....  2093.516532: read_swap_cache_async: remote readpage 6497 "DefaultPool7" 7ecde18000 1625f55
           <...>-6541  [004] ....  2093.516533: do_swap_page: cold fault : 6497 "DefaultPool7" 7ecde18000 1625f55
           <...>-2464  [005] ...1  2093.517223: do_swap_page: id 0, table 0 || 183: 2287 7f2d723000
           <...>-2464  [005] ...1  2093.517247: do_swap_page: id 0, table 0 || 184: 2287 7eb6560000
           <...>-2464  [005] ...1  2093.517364: do_swap_page: id 0, table 0 || 185: 2287 7eb655f000
           <...>-6570  [006] ...1  2093.517526: do_swap_page: id 0, table 0 || 186: 6497 7e9af96000
           <...>-6570  [006] ....  2093.517624: read_swap_cache_async: remote readpage 6497 "ThreadPoolForeg" 7e9af9b000 1625f19
           <...>-6570  [006] ....  2093.517626: do_swap_page: cold fault : 6497 "ThreadPoolForeg" 7e9af9b000 1625f19
           <...>-6567  [004] ...1  2093.517758: do_swap_page: id 0, table 0 || 187: 6497 7ea25bd000
           <...>-6567  [004] ....  2093.517816: read_swap_cache_async: remote readpage 6497 "ThreadPoolForeg" 7eb5952000 d31f6d
           <...>-6567  [004] ....  2093.517818: do_swap_page: cold fault : 6497 "ThreadPoolForeg" 7eb5952000 d31f6d
           <...>-2464  [005] ...1  2093.517865: do_swap_page: id 0, table 0 || 188: 2287 7f2d74b000
           <...>-6541  [004] ...1  2093.518562: do_swap_page: id 0, table 0 || 189: 6497 7ecde18000
           <...>-6541  [004] ...1  2093.518604: do_swap_page: id 0, table 0 || 190: 6497 7e8c6b8000
           <...>-5970  [005] ...1  2093.519718: do_swap_page: id 0, table 0 || 191: 1359 7e5dada000
           <...>-5970  [005] ...1  2093.519729: do_swap_page: id 0, table 0 || 192: 1359 7e5dad7000
           <...>-5970  [005] ...1  2093.519833: do_swap_page: id 0, table 0 || 193: 1359 7e6eda6000
           <...>-5970  [005] ...1  2093.519843: do_swap_page: id 0, table 0 || 194: 1359 7e6ed78000
           <...>-5970  [005] d..4  2093.519876: __free_cluster: [REMOTE __free_cluster] free cluster 92383
           <...>-5970  [005] ...1  2093.519899: do_swap_page: id 0, table 0 || 195: 1359 7e6eda5000
           <...>-6589  [004] ....  2093.521303: read_swap_cache_async: remote readpage 6497 "Labeling" 7e8285e000 12b5fad
           <...>-6589  [004] ....  2093.521307: do_swap_page: Exception : 6497 "Labeling" 7e8285e000 12b5fad
           <...>-6567  [004] ...1  2093.521443: do_swap_page: id 0, table 0 || 196: 6497 7eb5952000
           <...>-6570  [004] ...1  2093.521591: do_swap_page: id 0, table 0 || 197: 6497 7e9af9b000
           <...>-6570  [004] ....  2093.521671: read_swap_cache_async: remote readpage 6497 "ThreadPoolForeg" 7e9af94000 1625f13
           <...>-6570  [004] ....  2093.521672: do_swap_page: cold fault : 6497 "ThreadPoolForeg" 7e9af94000 1625f13
           <...>-6568  [007] ...1  2093.522670: do_swap_page: id 0, table 0 || 198: 6497 7e8a255000
           <...>-6568  [007] ....  2093.522783: read_swap_cache_async: remote readpage 6497 "ChromiumNet" 7ecdbcf000 d45fb5
           <...>-6568  [007] ....  2093.522785: do_swap_page: cold fault : 6497 "ChromiumNet" 7ecdbcf000 d45fb5
           <...>-6589  [004] ...1  2093.522915: do_swap_page: id 0, table 0 || 199: 6497 7e8285e000
           <...>-6570  [004] ...1  2093.523054: do_swap_page: id 0, table 0 || 200: 6497 7e9af94000
           <...>-6570  [004] ....  2093.523100: read_swap_cache_async: remote readpage 6497 "ThreadPoolForeg" 7e9af9a000 1625f18
           <...>-6570  [004] ....  2093.523102: do_swap_page: cold fault : 6497 "ThreadPoolForeg" 7e9af9a000 1625f18
           <...>-6589  [004] ....  2093.523109: read_swap_cache_async: remote readpage 6497 "Labeling" 7e8285f000 12b5fae
           <...>-6589  [004] ....  2093.523110: do_swap_page: Exception : 6497 "Labeling" 7e8285f000 12b5fae
           <...>-6568  [007] ...1  2093.524832: do_swap_page: id 0, table 0 || 201: 6497 7ecdbcf000
           <...>-6568  [007] ...1  2093.524938: do_swap_page: id 0, table 0 || 202: 6497 7e8a256000
           <...>-6589  [004] ...1  2093.525056: do_swap_page: id 0, table 0 || 203: 6497 7e8285f000
           <...>-6589  [004] ...1  2093.525319: do_swap_page: id 0, table 0 || 204: 6497 7e829e3000
           <...>-6589  [004] ...1  2093.525337: do_swap_page: id 0, table 0 || 205: 6497 7e829e4000
           <...>-6589  [004] ...1  2093.525458: do_swap_page: id 0, table 0 || 206: 6497 7e829e5000
           <...>-6589  [004] ...1  2093.525970: do_swap_page: id 0, table 0 || 207: 6497 7e86484000
           <...>-6570  [004] ...1  2093.528058: do_swap_page: id 0, table 0 || 208: 6497 7e9af9a000
           <...>-6570  [004] ....  2093.528140: read_swap_cache_async: remote readpage 6497 "ThreadPoolForeg" 7e9af97000 1625f16
           <...>-6570  [004] ....  2093.528142: do_swap_page: cold fault : 6497 "ThreadPoolForeg" 7e9af97000 1625f16
           <...>-6570  [005] ...1  2093.530072: do_swap_page: id 0, table 0 || 209: 6497 7e9af97000
           <...>-6570  [005] ....  2093.530168: read_swap_cache_async: remote readpage 6497 "ThreadPoolForeg" 7e9af95000 1625f14
           <...>-6570  [005] ....  2093.530171: do_swap_page: cold fault : 6497 "ThreadPoolForeg" 7e9af95000 1625f14
           <...>-6570  [005] ...1  2093.531579: do_swap_page: id 0, table 0 || 210: 6497 7e9af95000
           <...>-6570  [005] ....  2093.531668: read_swap_cache_async: remote readpage 6497 "ThreadPoolForeg" 7e9af9e000 1625f1c
           <...>-6570  [005] ....  2093.531670: do_swap_page: cold fault : 6497 "ThreadPoolForeg" 7e9af9e000 1625f1c
           <...>-2464  [005] ...1  2093.531818: do_swap_page: id 0, table 0 || 211: 2287 7eb7acd000
           <...>-5970  [005] ...1  2093.532519: do_swap_page: id 0, table 0 || 212: 1359 7eb4dea000
           <...>-6570  [004] ...1  2093.533148: do_swap_page: id 0, table 0 || 213: 6497 7e9af9e000
           <...>-6570  [004] ....  2093.533230: read_swap_cache_async: remote readpage 6497 "ThreadPoolForeg" 7e9af9f000 1625f1d
           <...>-6570  [004] ....  2093.533232: do_swap_page: cold fault : 6497 "ThreadPoolForeg" 7e9af9f000 1625f1d
           <...>-6568  [005] ...1  2093.534799: do_swap_page: id 0, table 0 || 214: 6497 7ecdbeb000
           <...>-6570  [004] ...1  2093.535067: do_swap_page: id 0, table 0 || 215: 6497 7e9af9f000
           <...>-6570  [004] ....  2093.535245: read_swap_cache_async: remote readpage 6497 "ThreadPoolForeg" 7fbc8f8000 d61fe0
           <...>-6570  [004] ....  2093.535247: do_swap_page: cold fault : 6497 "ThreadPoolForeg" 7fbc8f8000 d61fe0
           <...>-6708  [007] ...1  2093.536230: do_swap_page: id 0, table 0 || 216: 6497 7e83f7a000
           <...>-6589  [004] ...1  2093.536262: do_swap_page: id 0, table 0 || 217: 6497 7ecdee6000
           <...>-6708  [007] ...1  2093.536300: do_swap_page: id 0, table 0 || 218: 6497 7e8670b000
           <...>-6708  [007] ...1  2093.536378: do_swap_page: id 0, table 0 || 219: 6497 7e86731000
           <...>-6708  [007] ...1  2093.536388: do_swap_page: id 0, table 0 || 220: 6497 7e86749000
           <...>-6570  [004] ...1  2093.537058: do_swap_page: id 0, table 0 || 221: 6497 7fbc8f8000
           <...>-6570  [004] ....  2093.537150: read_swap_cache_async: remote readpage 6497 "ThreadPoolForeg" 7fbc8fd000 d61fe4
           <...>-6570  [004] ....  2093.537152: do_swap_page: cold fault : 6497 "ThreadPoolForeg" 7fbc8fd000 d61fe4
           <...>-6568  [005] ....  2093.538054: read_swap_cache_async: remote readpage 6497 "ChromiumNet" 7e88912000 cf1f72
           <...>-6568  [005] ....  2093.538057: do_swap_page: cold fault : 6497 "ChromiumNet" 7e88912000 cf1f72
           <...>-6570  [004] ...1  2093.538761: do_swap_page: id 0, table 0 || 222: 6497 7fbc8fd000
           <...>-6570  [004] ....  2093.538846: read_swap_cache_async: remote readpage 6497 "ThreadPoolForeg" 7fbc8f7000 d61fde
           <...>-6570  [004] ....  2093.538847: do_swap_page: cold fault : 6497 "ThreadPoolForeg" 7fbc8f7000 d61fde
           <...>-6568  [007] ...1  2093.539593: do_swap_page: id 0, table 0 || 223: 6497 7e88912000
           <...>-19014 [002] ...1  2093.539647: do_swap_page: id 0, table 0 || 224: 846 7fbc649000
           <...>-6568  [007] ...1  2093.539807: do_swap_page: id 0, table 0 || 225: 6497 7e8a257000
           <...>-6568  [007] ...1  2093.539872: do_swap_page: id 0, table 0 || 226: 6497 7e8a23a000
           <...>-6570  [004] ...1  2093.540489: do_swap_page: id 0, table 0 || 227: 6497 7fbc8f7000
           <...>-6570  [004] ....  2093.540587: read_swap_cache_async: remote readpage 6497 "ThreadPoolForeg" 7e9e2c2000 d25fbc
           <...>-6570  [004] ....  2093.540589: do_swap_page: cold fault : 6497 "ThreadPoolForeg" 7e9e2c2000 d25fbc
           <...>-6570  [005] ...1  2093.542185: do_swap_page: id 0, table 0 || 228: 6497 7e9e2c2000
           <...>-6570  [005] ...1  2093.542212: do_swap_page: id 0, table 0 || 229: 6497 6f63f000
           <...>-6570  [005] ....  2093.542312: read_swap_cache_async: remote readpage 6497 "ThreadPoolForeg" 7fbc8f6000 1625f68
           <...>-6570  [005] ....  2093.542314: do_swap_page: cold fault : 6497 "ThreadPoolForeg" 7fbc8f6000 1625f68
           <...>-6570  [005] ...1  2093.543966: do_swap_page: id 0, table 0 || 230: 6497 7fbc8f6000
           <...>-6570  [005] ...1  2093.544015: do_swap_page: id 0, table 0 || 231: 6497 6f793000
           <...>-6570  [005] ....  2093.544082: read_swap_cache_async: remote readpage 6497 "ThreadPoolForeg" 70116000 bfdf9e
           <...>-6570  [005] ....  2093.544084: do_swap_page: cold fault : 6497 "ThreadPoolForeg" 70116000 bfdf9e
           <...>-6570  [005] ...1  2093.545946: do_swap_page: id 0, table 0 || 232: 6497 70116000
           <...>-2464  [003] ....  2093.545981: lookup_swap_cache: prefetch hit id 0: 2287 "Binder:2287_4" 7f2d6d3000 1661f02
           <...>-2464  [003] ...1  2093.545988: do_swap_page: id 0, table 0 || 233: 2287 7f2d6d3000
           <...>-6497  [006] ...1  2093.546859: do_swap_page: id 0, table 0 || 234: 6497 7eb590d000
           <...>-2464  [003] ...1  2093.547954: do_swap_page: id 0, table 0 || 235: 2287 7eb7a1a000
           <...>-2464  [003] ....  2093.548180: do_swap_page: Exception touched after marked : 2287 "Binder:2287_4" 137fe000 b1bf
           <...>-6570  [004] ....  2093.551363: read_swap_cache_async: remote readpage 6497 "ThreadPoolForeg" 7e5d011000 cc5f19
           <...>-6570  [004] ....  2093.551366: do_swap_page: cold fault : 6497 "ThreadPoolForeg" 7e5d011000 cc5f19
           <...>-6570  [004] ...1  2093.553163: do_swap_page: id 0, table 0 || 236: 6497 7e5d011000
           <...>-6570  [004] ...1  2093.553407: do_swap_page: id 0, table 0 || 237: 6497 7e8a09f000
           <...>-19033 [007] ...1  2093.553480: do_swap_page: id 0, table 0 || 238: 6497 7ecddf8000
           <...>-19033 [007] ...1  2093.553491: do_swap_page: id 0, table 0 || 239: 6497 7ecddf9000
           <...>-6570  [004] ....  2093.554073: read_swap_cache_async: remote readpage 6497 "ThreadPoolForeg" 7fbc8e2000 1275fc5
           <...>-6570  [004] ....  2093.554076: do_swap_page: prefetch fault id 0: 6497 "ThreadPoolForeg" 7fbc8e2000 1275fc5
           <...>-2464  [005] ...1  2093.554947: do_swap_page: id 0, table 0 || 240: 2287 7eb7a2d000
           <...>-2464  [005] ....  2093.555051: read_swap_cache_async: remote readpage 2287 "Binder:2287_4" 7eb7a2e000 3a5f12
           <...>-2464  [005] ....  2093.555053: do_swap_page: Exception : 2287 "Binder:2287_4" 7eb7a2e000 3a5f12
   Binder:2287_A-5130  [006] ...1  2093.555214: do_swap_page: id 0, table 0 || 241: 2287 7eabced000
           <...>-6570  [004] ...1  2093.555882: do_swap_page: id 0, table 0 || 242: 6497 7fbc8e2000
           <...>-6570  [004] ...1  2093.556528: do_swap_page: id 0, table 0 || 243: 6497 6f671000
           <...>-6570  [004] ....  2093.556646: read_swap_cache_async: remote readpage 6497 "ThreadPoolForeg" 7e88c29000 cf5f66
           <...>-6570  [004] ....  2093.556648: do_swap_page: cold fault : 6497 "ThreadPoolForeg" 7e88c29000 cf5f66
           <...>-2464  [005] ...1  2093.557827: do_swap_page: id 0, table 0 || 244: 2287 7eb7a2e000
           <...>-6570  [004] ...1  2093.558208: do_swap_page: id 0, table 0 || 245: 6497 7e88c29000
           <...>-6570  [004] ....  2093.558368: read_swap_cache_async: remote readpage 6497 "ThreadPoolForeg" 7e5d016000 cc5f1b
           <...>-6570  [004] ....  2093.558370: do_swap_page: cold fault : 6497 "ThreadPoolForeg" 7e5d016000 cc5f1b
           <...>-6570  [004] ...1  2093.560130: do_swap_page: id 0, table 0 || 246: 6497 7e5d016000
           <...>-2464  [005] ...1  2093.560740: do_swap_page: id 0, table 0 || 247: 2287 7eb7dfb000
           <...>-6536  [005] ...1  2093.561812: do_swap_page: id 0, table 0 || 248: 6497 7e86196000
           <...>-6537  [004] ....  2093.562817: read_swap_cache_async: remote readpage 6497 "DefaultPool4" 7e88a35000 1329fd0
           <...>-6537  [004] ....  2093.562821: do_swap_page: prefetch fault id 0: 6497 "DefaultPool4" 7e88a35000 1329fd0
           <...>-6570  [004] ....  2093.562824: read_swap_cache_async: remote readpage 6497 "ThreadPoolForeg" 7ecdadd000 d45f49
           <...>-6570  [004] ....  2093.562825: do_swap_page: cold fault : 6497 "ThreadPoolForeg" 7ecdadd000 d45f49
           <...>-6537  [004] ...1  2093.564382: do_swap_page: id 0, table 0 || 249: 6497 7e88a35000
           <...>-6570  [004] ...1  2093.564485: do_swap_page: id 0, table 0 || 250: 6497 7ecdadd000
           <...>-6576  [007] ...1  2093.564889: do_swap_page: id 0, table 0 || 251: 6497 9e22c000
           <...>-6568  [004] ...1  2093.566921: do_swap_page: id 0, table 0 || 252: 6497 7f2d6c3000
           <...>-2464  [006] ....  2093.568097: do_swap_page: Exception touched after marked : 2287 "Binder:2287_4" 14457000 428d5
           <...>-2464  [006] ....  2093.568507: read_swap_cache_async: remote readpage 2287 "Binder:2287_4" 7e8fc84000 875f6d
           <...>-2464  [006] ....  2093.568511: do_swap_page: Exception : 2287 "Binder:2287_4" 7e8fc84000 875f6d
           <...>-2464  [006] ...1  2093.569984: do_swap_page: id 0, table 0 || 253: 2287 7e8fc84000
           <...>-2464  [006] ....  2093.570113: read_swap_cache_async: remote readpage 2287 "Binder:2287_4" 7eb7b24000 529fe7
           <...>-2464  [006] ....  2093.570115: do_swap_page: prefetch fault id 0: 2287 "Binder:2287_4" 7eb7b24000 529fe7
           <...>-6548  [006] ....  2093.571638: read_swap_cache_async: remote readpage 6497 "NetworkPool1" 7e8a29a000 15f1fcb
           <...>-6548  [006] ....  2093.571641: do_swap_page: cold fault : 6497 "NetworkPool1" 7e8a29a000 15f1fcb
           <...>-6568  [004] ...1  2093.571650: do_swap_page: id 0, table 0 || 254: 6497 7e98c5a000
           <...>-2464  [006] ...1  2093.571844: do_swap_page: id 0, table 0 || 255: 2287 7eb7b24000
           <...>-2464  [006] ....  2093.571952: read_swap_cache_async: remote readpage 2287 "Binder:2287_4" 7eb7b25000 529fe8
           <...>-2464  [006] ....  2093.571954: do_swap_page: prefetch fault id 0: 2287 "Binder:2287_4" 7eb7b25000 529fe8
           <...>-6568  [004] ...1  2093.571995: do_swap_page: id 0, table 0 || 256: 6497 7e88c22000
           <...>-6568  [004] ...1  2093.572278: do_swap_page: id 0, table 0 || 257: 6497 7e989a6000
           <...>-6568  [004] ...1  2093.572618: do_swap_page: id 0, table 0 || 258: 6497 7f2d6c4000
           <...>-6568  [004] ...1  2093.572791: do_swap_page: id 0, table 0 || 259: 6497 7f2d7df000
           <...>-5484  [005] ...1  2093.573186: do_swap_page: id 0, table 0 || 260: 1359 7eb5693000
           <...>-5484  [005] ...1  2093.573265: do_swap_page: id 0, table 0 || 261: 1359 7eb552e000
           <...>-5484  [005] ...1  2093.573297: do_swap_page: id 0, table 0 || 262: 1359 7eb4f54000
           <...>-6577  [007] ....  2093.573976: read_swap_cache_async: remote readpage 6497 "TilePrepPool2" 7e8a258000 15f1fc7
           <...>-6577  [007] ....  2093.573979: do_swap_page: cold fault : 6497 "TilePrepPool2" 7e8a258000 15f1fc7
           <...>-2464  [006] ...1  2093.574270: do_swap_page: id 0, table 0 || 263: 2287 7eb7b25000
           <...>-6548  [006] ...1  2093.574351: do_swap_page: id 0, table 0 || 264: 6497 7e8a29a000
           <...>-6568  [004] ....  2093.574604: read_swap_cache_async: remote readpage 6497 "ChromiumNet" 7e8a228000 1285f18
           <...>-6568  [004] ....  2093.574606: do_swap_page: Exception : 6497 "ChromiumNet" 7e8a228000 1285f18
 SharedScheduler-9171  [000] ....  2093.574864: read_swap_cache_async: remote readpage 9076 "SharedScheduler" 7e9f9b0000 1289fa3
 SharedScheduler-9171  [000] ....  2093.574869: do_swap_page: Exception : 9076 "SharedScheduler" 7e9f9b0000 1289fa3
 SharedScheduler-9171  [001] ...1  2093.575836: do_swap_page: id 0, table 0 || 265: 9076 7e9f9b0000
           <...>-6577  [007] ...1  2093.575867: do_swap_page: id 0, table 0 || 266: 6497 7e8a258000
           <...>-6568  [004] ...1  2093.576567: do_swap_page: id 0, table 0 || 267: 6497 7e8a228000
           <...>-6568  [004] ...1  2093.576885: do_swap_page: id 0, table 0 || 268: 6497 7ecdb3f000
           <...>-6584  [007] ....  2093.577298: read_swap_cache_async: remote readpage 6497 "TilePrepPool3" 7ecdbaf000 d45fa5
           <...>-6584  [007] ....  2093.577301: do_swap_page: cold fault : 6497 "TilePrepPool3" 7ecdbaf000 d45fa5
           <...>-6584  [007] ...1  2093.578928: do_swap_page: id 0, table 0 || 269: 6497 7ecdbaf000
           <...>-6584  [007] ....  2093.578997: read_swap_cache_async: remote readpage 6497 "TilePrepPool3" 7ecdbb0000 d45fa7
           <...>-6584  [007] ....  2093.578998: do_swap_page: cold fault : 6497 "TilePrepPool3" 7ecdbb0000 d45fa7
           <...>-6584  [005] ...1  2093.580716: do_swap_page: id 0, table 0 || 270: 6497 7ecdbb0000
           <...>-6584  [005] ...1  2093.580750: do_swap_page: id 0, table 0 || 271: 6497 7ecdbb1000
           <...>-6584  [005] ...1  2093.580819: do_swap_page: id 0, table 0 || 272: 6497 7e888d9000
           <...>-6584  [005] ...1  2093.580825: do_swap_page: id 0, table 0 || 273: 6497 7e888da000
           <...>-6584  [005] ...1  2093.580829: do_swap_page: id 0, table 0 || 274: 6497 7e888db000
           <...>-6584  [005] ...1  2093.580838: do_swap_page: id 0, table 0 || 275: 6497 7e888e0000
           <...>-6584  [005] ...1  2093.580844: do_swap_page: id 0, table 0 || 276: 6497 7e888de000
           <...>-6584  [005] ...1  2093.580859: do_swap_page: id 0, table 0 || 277: 6497 7e888df000
           <...>-6584  [005] ....  2093.583713: read_swap_cache_async: remote readpage 6497 "TilePrepPool3" 7e8a266000 1681f0f
           <...>-6584  [005] ....  2093.583718: do_swap_page: Exception : 6497 "TilePrepPool3" 7e8a266000 1681f0f
           <...>-6584  [005] ...1  2093.584800: do_swap_page: id 0, table 0 || 278: 6497 7e8a266000
           <...>-6576  [007] ...1  2093.586608: do_swap_page: id 0, table 0 || 279: 6497 7e86412000
           <...>-6576  [007] ...1  2093.587033: do_swap_page: id 0, table 0 || 280: 6497 756b1000
           <...>-6576  [007] ...1  2093.587127: do_swap_page: id 0, table 0 || 281: 6497 756b2000
           <...>-6576  [007] ...1  2093.587148: do_swap_page: id 0, table 0 || 282: 6497 756b3000
           <...>-6576  [007] ...1  2093.587157: do_swap_page: id 0, table 0 || 283: 6497 7e8c700000
           <...>-6576  [007] ...1  2093.587161: do_swap_page: id 0, table 0 || 284: 6497 7e8c701000
           <...>-6576  [007] ....  2093.587934: read_swap_cache_async: remote readpage 6497 "TilePrepPool1" 7e8c935000 d15f01
           <...>-6576  [007] ....  2093.587937: do_swap_page: cold fault : 6497 "TilePrepPool1" 7e8c935000 d15f01
           <...>-6584  [007] ....  2093.589785: read_swap_cache_async: remote readpage 6497 "TilePrepPool3" 7ecdbc9000 1681f08
           <...>-6584  [007] ....  2093.589787: do_swap_page: Exception : 6497 "TilePrepPool3" 7ecdbc9000 1681f08
           <...>-6576  [007] ...1  2093.589936: do_swap_page: id 0, table 0 || 285: 6497 7e8c935000
           <...>-6568  [007] ...1  2093.590206: do_swap_page: id 0, table 0 || 286: 6497 7e5d14e000
           <...>-6568  [007] ...1  2093.590214: do_swap_page: id 0, table 0 || 287: 6497 7e5d14d000
           <...>-6568  [007] ...1  2093.590285: do_swap_page: id 0, table 0 || 288: 6497 7ecda3c000
           <...>-6584  [007] ...1  2093.595834: do_swap_page: id 0, table 0 || 289: 6497 7ecdbc9000
           <...>-6584  [007] ....  2093.598551: read_swap_cache_async: remote readpage 6497 "TilePrepPool3" 7ecda36000 d3df9e
           <...>-6584  [007] ....  2093.598555: do_swap_page: cold fault : 6497 "TilePrepPool3" 7ecda36000 d3df9e
           <...>-6570  [007] ...1  2093.599271: do_swap_page: id 0, table 0 || 290: 6497 7f2d81b000
           <...>-6584  [007] ...1  2093.600613: do_swap_page: id 0, table 0 || 291: 6497 7ecda36000
           <...>-6577  [001] ...1  2093.601439: do_swap_page: id 0, table 0 || 292: 6497 7e8a0ce000
           <...>-6577  [001] ...1  2093.601472: do_swap_page: id 0, table 0 || 293: 6497 7e8a0c9000
           <...>-6577  [001] ...1  2093.601492: do_swap_page: id 0, table 0 || 294: 6497 7e8a0ca000
           <...>-6577  [001] ...1  2093.601512: do_swap_page: id 0, table 0 || 295: 6497 7e8a0cb000
           <...>-6577  [001] ...1  2093.601533: do_swap_page: id 0, table 0 || 296: 6497 7e8a0cc000
           <...>-6577  [001] ...1  2093.601553: do_swap_page: id 0, table 0 || 297: 6497 7e8a0cd000
           <...>-6577  [001] ...1  2093.603384: do_swap_page: id 0, table 0 || 298: 6497 75a50000
           <...>-6577  [001] ...1  2093.603451: do_swap_page: id 0, table 0 || 299: 6497 75a51000
           <...>-6568  [007] ....  2093.611753: read_swap_cache_async: remote readpage 6497 "ChromiumNet" 7e8a22b000 15f1fc6
           <...>-6568  [007] ....  2093.611756: do_swap_page: cold fault : 6497 "ChromiumNet" 7e8a22b000 15f1fc6
           <...>-6608  [004] ...1  2093.612341: do_swap_page: id 0, table 0 || 300: 6497 7e8c51a000
           <...>-6608  [004] ...1  2093.612384: do_swap_page: id 0, table 0 || 301: 6497 7e8c517000
           <...>-6608  [004] ...1  2093.612414: do_swap_page: id 0, table 0 || 302: 6497 7e8c518000
           <...>-6608  [004] ...1  2093.612432: do_swap_page: id 0, table 0 || 303: 6497 7ecdbc0000
           <...>-6608  [004] ...1  2093.612465: do_swap_page: id 0, table 0 || 304: 6497 7f2d71c000
           <...>-6568  [007] ...1  2093.614111: do_swap_page: id 0, table 0 || 305: 6497 7e8a22b000
           <...>-6568  [007] ....  2093.614271: read_swap_cache_async: remote readpage 6497 "ChromiumNet" 7e8a29b000 15f1fcc
           <...>-6568  [007] ....  2093.614273: do_swap_page: cold fault : 6497 "ChromiumNet" 7e8a29b000 15f1fcc
           <...>-19001 [001] ....  2093.616266: read_swap_cache_async: remote readpage 9411 "MediaCodec_loop" 7e6a0d9000 15a9fd7
           <...>-19001 [001] ....  2093.616302: do_swap_page: Exception : 9411 "MediaCodec_loop" 7e6a0d9000 15a9fd7
           <...>-6568  [007] ...1  2093.616577: do_swap_page: id 0, table 0 || 306: 6497 7e8a29b000
           <...>-19001 [001] ...1  2093.618115: do_swap_page: id 0, table 0 || 307: 9411 7e6a0d9000
           <...>-6570  [004] ....  2093.618135: read_swap_cache_async: remote readpage 6497 "ThreadPoolForeg" 7e8a009000 15f1fb7
           <...>-6570  [004] ....  2093.618138: do_swap_page: cold fault : 6497 "ThreadPoolForeg" 7e8a009000 15f1fb7
           <...>-996   [005] ...1  2093.619781: do_swap_page: id 0, table 0 || 308: 876 7fbdfe3000
           <...>-996   [005] ...1  2093.619799: do_swap_page: id 0, table 0 || 309: 876 7fbdfe4000
           <...>-6570  [004] ...1  2093.619986: do_swap_page: id 0, table 0 || 310: 6497 7e8a009000
           <...>-6545  [004] ...1  2093.623054: do_swap_page: id 0, table 0 || 311: 6497 7e5d0a7000
           <...>-6545  [004] ...1  2093.623289: do_swap_page: id 0, table 0 || 312: 6497 7e5cfe7000
           <...>-6545  [007] ...1  2093.623463: do_swap_page: id 0, table 0 || 313: 6497 7e5cfe8000
           <...>-6545  [007] ....  2093.623490: lookup_swap_cache: prefetch hit id 0: 6497 "RenderThread" 7e88b61000 1661f46
           <...>-6545  [007] ...1  2093.623493: do_swap_page: id 0, table 0 || 314: 6497 7e88b61000
           <...>-6545  [007] ....  2093.623687: read_swap_cache_async: remote readpage 6497 "RenderThread" 7ecdae9000 1681f09
           <...>-6545  [007] ....  2093.623689: do_swap_page: Exception : 6497 "RenderThread" 7ecdae9000 1681f09
         sql-4-0-9172  [001] ...1  2093.623759: do_swap_page: id 0, table 0 || 315: 9076 7e96bef000
           <...>-5178  [005] ...1  2093.624441: do_swap_page: id 0, table 0 || 316: 2554 7f2d6e4000
           <...>-6577  [007] ....  2093.624968: read_swap_cache_async: remote readpage 6497 "TilePrepPool2" 7ecdbe5000 d45fb7
           <...>-6577  [007] ....  2093.624971: do_swap_page: cold fault : 6497 "TilePrepPool2" 7ecdbe5000 d45fb7
           <...>-6568  [007] ....  2093.624979: read_swap_cache_async: remote readpage 6497 "ChromiumNet" 7e88c81000 cf5f7e
           <...>-6568  [007] ....  2093.624979: do_swap_page: cold fault : 6497 "ChromiumNet" 7e88c81000 cf5f7e
           <...>-6545  [007] ...1  2093.625620: do_swap_page: id 0, table 0 || 317: 6497 7ecdae9000
           <...>-6545  [007] ...1  2093.625701: do_swap_page: id 0, table 0 || 318: 6497 7e8890c000
           <...>-6568  [007] ...1  2093.626167: do_swap_page: id 0, table 0 || 319: 6497 7e88c81000
           <...>-6577  [007] ...1  2093.626890: do_swap_page: id 0, table 0 || 320: 6497 7ecdbe5000
           <...>-6545  [007] ....  2093.627524: read_swap_cache_async: remote readpage 6497 "RenderThread" 7e888a9000 cf1f46
           <...>-6545  [007] ....  2093.627526: do_swap_page: cold fault : 6497 "RenderThread" 7e888a9000 cf1f46
           <...>-6545  [007] ...1  2093.629202: do_swap_page: id 0, table 0 || 321: 6497 7e888a9000
           <...>-6545  [007] ....  2093.629739: read_swap_cache_async: remote readpage 6497 "RenderThread" 7e8891d000 cf1f76
           <...>-6545  [007] ....  2093.629742: do_swap_page: cold fault : 6497 "RenderThread" 7e8891d000 cf1f76
           <...>-6545  [004] ...1  2093.631420: do_swap_page: id 0, table 0 || 322: 6497 7e8891d000
           <...>-6545  [004] ....  2093.631817: read_swap_cache_async: remote readpage 6497 "RenderThread" 7e5d01a000 1299f6a
           <...>-6545  [004] ....  2093.631820: do_swap_page: cold fault : 6497 "RenderThread" 7e5d01a000 1299f6a
           <...>-6545  [004] ...1  2093.633299: do_swap_page: id 0, table 0 || 323: 6497 7e5d01a000
           <...>-6584  [007] ...1  2093.633869: do_swap_page: id 0, table 0 || 324: 6497 7e88c7c000
           <...>-6545  [005] ....  2093.634371: read_swap_cache_async: remote readpage 6497 "RenderThread" 7e88a34000 cf5f08
           <...>-6545  [005] ....  2093.634374: do_swap_page: cold fault : 6497 "RenderThread" 7e88a34000 cf5f08
           <...>-6545  [005] ...1  2093.636798: do_swap_page: id 0, table 0 || 325: 6497 7e88a34000
           <...>-6545  [005] ...1  2093.637542: do_swap_page: id 0, table 0 || 326: 6497 7ecdb27000
           <...>-1044  [002] ...1  2093.638031: do_swap_page: id 0, table 0 || 327: 846 7fbc60d000
           <...>-1044  [002] ...1  2093.638080: do_swap_page: id 0, table 0 || 328: 846 7fb8877000
           <...>-2109  [002] ...1  2093.640420: do_swap_page: id 0, table 0 || 329: 601 7fba6d4000
           <...>-6568  [004] ...1  2093.644146: do_swap_page: id 0, table 0 || 330: 6497 7e88a98000
           <...>-1385  [002] ...1  2093.644434: do_swap_page: id 0, table 0 || 331: 1359 7e5e37b000
           <...>-6568  [004] ...1  2093.644467: do_swap_page: id 0, table 0 || 332: 6497 7e88a99000
           <...>-19039 [003] ...1  2093.651523: do_swap_page: id 0, table 0 || 333: 6497 7e8c5d3000
           <...>-6497  [006] ....  2093.671158: read_swap_cache_async: remote readpage 6497 "droid.apps.maps" 7e828b1000 cd1fd2
           <...>-6497  [006] ....  2093.671161: do_swap_page: cold fault : 6497 "droid.apps.maps" 7e828b1000 cd1fd2
           <...>-18993 [005] ....  2093.672152: app_switch_after_1_handler: foreground 10135 switch after start
           <...>-6497  [006] ...1  2093.672829: do_swap_page: id 0, table 0 || 334: 6497 7e828b1000 (after!!)
           <...>-6497  [006] ....  2093.672862: read_swap_cache_async: remote readpage 6497 "droid.apps.maps" 7e828b2000 cd1fd4
           <...>-6497  [006] ....  2093.672863: do_swap_page: cold fault : 6497 "droid.apps.maps" 7e828b2000 cd1fd4
           <...>-6497  [006] ...1  2093.674668: do_swap_page: id 0, table 0 || 335: 6497 7e828b2000 (after!!)
           <...>-19041 [004] ...1  2093.675431: do_swap_page: id 0, table 0 || 336: 6497 7e8285d000 (after!!)
           <...>-6497  [006] ....  2093.682782: read_swap_cache_async: remote readpage 6497 "droid.apps.maps" 7e82942000 cd9fbb
           <...>-6497  [006] ....  2093.682786: do_swap_page: cold fault : 6497 "droid.apps.maps" 7e82942000 cd9fbb
           <...>-6497  [006] ...1  2093.684511: do_swap_page: id 0, table 0 || 337: 6497 7e82942000 (after!!)
           <...>-19043 [005] ...1  2093.684769: do_swap_page: id 0, table 0 || 338: 6497 7e82929000 (after!!)
           <...>-6497  [006] ....  2093.685078: read_swap_cache_async: remote readpage 6497 "droid.apps.maps" 7e82943000 cd9fbd
           <...>-6497  [006] ....  2093.685080: do_swap_page: cold fault : 6497 "droid.apps.maps" 7e82943000 cd9fbd
           <...>-6497  [004] ...1  2093.687120: do_swap_page: id 0, table 0 || 339: 6497 7e82943000 (after!!)
           <...>-601   [003] ...1  2093.688116: do_swap_page: id 0, table 0 || 340: 601 7faa7f0000 (after!!)
           <...>-6618  [001] ...1  2093.694814: do_swap_page: id 0, table 0 || 341: 6618 7f3980b000 (after!!)
           <...>-6497  [006] ...1  2093.697281: do_swap_page: id 0, table 0 || 342: 6497 7e82c68000 (after!!)
           <...>-6497  [006] ...1  2093.697295: do_swap_page: id 0, table 0 || 343: 6497 7e82c6a000 (after!!)
           <...>-6497  [006] ...1  2093.697306: do_swap_page: id 0, table 0 || 344: 6497 7e82c69000 (after!!)
           <...>-6568  [004] ...1  2093.707111: do_swap_page: id 0, table 0 || 345: 6497 7e88a36000 (after!!)
           <...>-5985  [002] ...1  2093.709982: do_swap_page: id 0, table 0 || 346: 2287 7e8b4d7000 (after!!)
           <...>-5985  [002] ....  2093.710020: do_swap_page: Exception touched after marked : 2287 "Binder:2287_C" 7e8b4d8000 608b8
           <...>-5985  [002] ...1  2093.710042: do_swap_page: id 0, table 0 || 347: 2287 7e948b5000 (after!!)
           <...>-5985  [002] ...1  2093.710070: do_swap_page: id 0, table 0 || 348: 2287 7ec5866000 (after!!)
           <...>-5985  [002] ...1  2093.710101: do_swap_page: id 0, table 0 || 349: 2287 7e8b4d5000 (after!!)
           <...>-18843 [003] ....  2093.711017: read_swap_cache_async: remote readpage 2287 "Binder:2287_10" 7eb1a16000 158dfb2
           <...>-18843 [003] ....  2093.711025: do_swap_page: Exception : 2287 "Binder:2287_10" 7eb1a16000 158dfb2
           <...>-6568  [004] ....  2093.711606: read_swap_cache_async: remote readpage 6497 "ChromiumNet" 7e8a285000 cfdfea
           <...>-6568  [004] ....  2093.711608: do_swap_page: cold fault : 6497 "ChromiumNet" 7e8a285000 cfdfea
           <...>-5985  [002] ...1  2093.712629: do_swap_page: id 0, table 0 || 350: 2287 7e8b4d6000 (after!!)
           <...>-18843 [003] ...1  2093.712752: do_swap_page: id 0, table 0 || 351: 2287 7eb1a16000 (after!!)
           <...>-5985  [002] ...1  2093.712775: do_swap_page: id 0, table 0 || 352: 2287 7e8b4d4000 (after!!)
           <...>-6568  [007] ...1  2093.712806: do_swap_page: id 0, table 0 || 353: 6497 7e8a285000 (after!!)
           <...>-5985  [002] ...1  2093.712869: do_swap_page: id 0, table 0 || 354: 2287 7e94a70000 (after!!)
           <...>-5985  [002] ...1  2093.712885: do_swap_page: id 0, table 0 || 355: 2287 7e94a71000 (after!!)
           <...>-5985  [002] ....  2093.713074: read_swap_cache_async: remote readpage 2287 "Binder:2287_C" 7eb8264000 1681f0e
           <...>-5985  [002] ....  2093.713078: do_swap_page: Exception : 2287 "Binder:2287_C" 7eb8264000 1681f0e
           <...>-6639  [006] ...1  2093.713374: do_swap_page: id 0, table 0 || 356: 6497 9e267000 (after!!)
           <...>-9561  [005] ....  2093.714991: read_swap_cache_async: remote readpage 9411 "RenderThread" 7ea1e89000 15a9ff0
           <...>-9561  [005] ....  2093.714994: do_swap_page: Exception : 9411 "RenderThread" 7ea1e89000 15a9ff0
           <...>-5985  [002] ...1  2093.715680: do_swap_page: id 0, table 0 || 357: 2287 7eb8264000 (after!!)
           <...>-5985  [002] ...1  2093.715749: do_swap_page: id 0, table 0 || 358: 2287 7ec572a000 (after!!)
           <...>-9561  [005] ...1  2093.716844: do_swap_page: id 0, table 0 || 359: 9411 7ea1e89000 (after!!)
           <...>-6568  [007] ...1  2093.717519: do_swap_page: id 0, table 0 || 360: 6497 7e88c49000 (after!!)
           <...>-6568  [007] ...1  2093.717567: do_swap_page: id 0, table 0 || 361: 6497 7e88c4a000 (after!!)
           <...>-6639  [006] ...1  2093.718283: do_swap_page: id 0, table 0 || 362: 6497 7e8c573000 (after!!)
           <...>-6639  [006] ....  2093.718485: read_swap_cache_async: remote readpage 6497 "NetworkPool4" 7eb5a66000 1299fc2
           <...>-6639  [006] ....  2093.718487: do_swap_page: cold fault : 6497 "NetworkPool4" 7eb5a66000 1299fc2
           <...>-5985  [002] ....  2093.719913: read_swap_cache_async: remote readpage 2287 "Binder:2287_C" 7ec57bc000 1681f03
           <...>-5985  [002] ....  2093.719922: do_swap_page: Exception : 2287 "Binder:2287_C" 7ec57bc000 1681f03
           <...>-6639  [006] ...1  2093.721194: do_swap_page: id 0, table 0 || 363: 6497 7eb5a66000 (after!!)
           <...>-6512  [004] ...1  2093.721428: do_swap_page: id 0, table 0 || 364: 6497 7e98c1d000 (after!!)
           <...>-5970  [005] ....  2093.722996: do_swap_page: Exception touched after marked : 1359 "Binder:1359_13" 7f2d78b000 42934
           <...>-5985  [002] ...1  2093.724792: do_swap_page: id 0, table 0 || 365: 2287 7ec57bc000 (after!!)
           <...>-5985  [002] ...1  2093.724876: do_swap_page: id 0, table 0 || 366: 2287 7f28a7f000 (after!!)
           <...>-4649  [005] ...1  2093.726568: do_swap_page: id 0, table 0 || 367: 2287 7eb2d8e000 (after!!)
           <...>-4649  [005] ...1  2093.726595: do_swap_page: id 0, table 0 || 368: 2287 7eb2d8b000 (after!!)
           <...>-4649  [005] ...1  2093.726649: do_swap_page: id 0, table 0 || 369: 2287 7eb2d8c000 (after!!)
           <...>-17666 [005] ...1  2093.727330: do_swap_page: id 0, table 0 || 370: 2287 13da4000 (after!!)
           <...>-4628  [005] ....  2093.729890: do_swap_page: Exception touched after marked : 2287 "FlpThread" 7ea978f000 688e7
           <...>-4628  [005] ....  2093.730922: do_swap_page: Exception touched after marked : 2287 "FlpThread" 7f2d611000 b1c2
           <...>-4628  [005] ....  2093.730935: do_swap_page: Exception touched after marked : 2287 "FlpThread" 7f2d62e000 b1c3
           <...>-4628  [005] ....  2093.730945: do_swap_page: Exception touched after marked : 2287 "FlpThread" 7f28bba000 b1bb
           <...>-4628  [005] ...1  2093.730955: do_swap_page: id 0, table 0 || 371: 2287 7ec565a000 (after!!)
           <...>-4628  [005] ....  2093.730970: do_swap_page: Exception touched after marked : 2287 "FlpThread" 7e948d0000 b1e7
           <...>-6503  [007] ...1  2093.731896: do_swap_page: id 0, table 0 || 372: 6497 70115000 (after!!)
           <...>-6568  [005] ....  2093.735190: read_swap_cache_async: remote readpage 6497 "ChromiumNet" 7ecdb40000 d45f72
           <...>-6568  [005] ....  2093.735193: do_swap_page: cold fault : 6497 "ChromiumNet" 7ecdb40000 d45f72
           <...>-17666 [005] ....  2093.735678: do_swap_page: Exception touched after marked : 2287 "CMEventHandler" 13d96000 b1b0
           <...>-17666 [005] ...1  2093.735711: do_swap_page: id 0, table 0 || 373: 2287 133d0000 (after!!)
           <...>-6497  [006] ...1  2093.735940: do_swap_page: id 0, table 0 || 374: 6497 7eb58f8000 (after!!)
           <...>-6497  [006] ....  2093.738314: read_swap_cache_async: remote readpage 6497 "droid.apps.maps" 7e8675d000 cf1f28
           <...>-6497  [006] ....  2093.738317: do_swap_page: cold fault : 6497 "droid.apps.maps" 7e8675d000 cf1f28
           <...>-6568  [005] ...1  2093.738930: do_swap_page: id 0, table 0 || 375: 6497 7ecdb40000 (after!!)
 .gms.persistent-2287  [003] ...1  2093.739424: do_swap_page: id 0, table 0 || 376: 2287 141c8000 (after!!)
     lowpool[61]-18429 [001] ...1  2093.739861: do_swap_page: id 0, table 0 || 377: 2287 7eabade000 (after!!)
           <...>-6644  [005] ....  2093.740194: do_swap_page: Exception touched after marked : 2287 "GoogleLocationS" 133fe000 b1ab
           <...>-6497  [005] ...1  2093.741040: do_swap_page: id 0, table 0 || 378: 6497 7e8675d000 (after!!)
           <...>-6497  [005] ...1  2093.741065: do_swap_page: id 0, table 0 || 379: 6497 7e8675e000 (after!!)
           <...>-6568  [004] ...1  2093.741357: do_swap_page: id 0, table 0 || 380: 6497 7e5d025000 (after!!)
           <...>-6568  [004] ...1  2093.741369: do_swap_page: id 0, table 0 || 381: 6497 7e5d026000 (after!!)
 ActivityManager-1390  [006] ...1  2093.741398: do_swap_page: id 0, table 0 || 382: 1359 7eb5545000 (after!!)
           <...>-5985  [006] ...1  2093.742103: do_swap_page: id 0, table 0 || 383: 2287 7e94a72000 (after!!)
           <...>-5985  [006] ...1  2093.742121: do_swap_page: id 0, table 0 || 384: 2287 7fbe2fc000 (after!!)
           <...>-6549  [007] ....  2093.742175: read_swap_cache_async: remote readpage 6497 "NetworkPool2" 7e82853000 1275f96
           <...>-6549  [007] ....  2093.742177: do_swap_page: after prefetch fault id 0: 6497 "NetworkPool2" 7e82853000 1275f96
           <...>-4628  [006] ....  2093.742504: do_swap_page: Exception touched after marked : 2287 "FlpThread" 1471a000 b1af
           <...>-6497  [005] ....  2093.742683: read_swap_cache_async: remote readpage 6497 "droid.apps.maps" 7e86763000 12b5fb1
           <...>-6497  [005] ....  2093.742685: do_swap_page: Exception : 6497 "droid.apps.maps" 7e86763000 12b5fb1
           <...>-5472  [005] ...1  2093.742786: do_swap_page: id 0, table 0 || 385: 2287 7ec5505000 (after!!)
           <...>-4649  [006] ...1  2093.742799: do_swap_page: id 0, table 0 || 386: 2287 7eb2d8a000 (after!!)
