           <...>-2224  [004] ....  7003.360130: do_swap_page: swapin tgid 1700 pid 2224 name "ScreenDecoratio" vma 13d3a000
           <...>-2224  [004] ....  7003.360133: do_swap_page: swapin tgid 1700 pid 2224 name "ScreenDecoratio" vma 9d602000
           <...>-2224  [004] ....  7003.360225: do_swap_page: swapin tgid 1700 pid 2224 name "ScreenDecoratio" vma 7f2d6f8000
           <...>-2079  [004] ....  7003.360295: do_swap_page: swapin tgid 2079 pid 2079 name "droid.launcher3" vma 9d54e000
           <...>-2079  [004] ....  7003.360302: do_swap_page: swapin tgid 2079 pid 2079 name "droid.launcher3" vma 9d54f000
           <...>-1937  [004] ....  7003.360325: do_swap_page: swapin tgid 1882 pid 1937 name "Binder:1882_3" vma 132c0000
           <...>-1937  [004] ....  7003.360329: do_swap_page: swapin tgid 1882 pid 1937 name "Binder:1882_3" vma 132c8000
           <...>-1937  [004] ....  7003.360335: do_swap_page: swapin tgid 1882 pid 1937 name "Binder:1882_3" vma 7fbe24e000
           <...>-2040  [004] ....  7003.360360: do_swap_page: swapin tgid 2012 pid 2040 name "Binder:2012_1" vma 7fbe1f8000
           <...>-2040  [004] ....  7003.360365: do_swap_page: swapin tgid 2012 pid 2040 name "Binder:2012_1" vma 7f2e0e7000
           <...>-2079  [004] ....  7003.360566: do_swap_page: swapin tgid 2079 pid 2079 name "droid.launcher3" vma 9d54f000
           <...>-2079  [004] ....  7003.360576: do_swap_page: swapin tgid 2079 pid 2079 name "droid.launcher3" vma 9d650000
           <...>-1918  [004] ....  7003.360602: do_swap_page: swapin tgid 1918 pid 1918 name "m.android.phone" vma 71653000
           <...>-1918  [004] ....  7003.360606: do_swap_page: swapin tgid 1918 pid 1918 name "m.android.phone" vma 71654000
           <...>-1918  [004] ....  7003.360609: do_swap_page: swapin tgid 1918 pid 1918 name "m.android.phone" vma 71656000
           <...>-1918  [004] ....  7003.360611: do_swap_page: swapin tgid 1918 pid 1918 name "m.android.phone" vma 71657000
           <...>-1918  [004] ....  7003.360614: do_swap_page: swapin tgid 1918 pid 1918 name "m.android.phone" vma 715b5000
           <...>-1918  [004] ....  7003.360624: do_swap_page: swapin tgid 1918 pid 1918 name "m.android.phone" vma 71659000
           <...>-1918  [004] ....  7003.360629: do_swap_page: swapin tgid 1918 pid 1918 name "m.android.phone" vma 716af000
           <...>-1837  [004] ....  7003.360654: do_swap_page: swapin tgid 1816 pid 1837 name "Binder:1816_2" vma 7f2dfea000
           <...>-1837  [004] ....  7003.360660: do_swap_page: swapin tgid 1816 pid 1837 name "Binder:1816_2" vma 133c0000
           <...>-1937  [004] ....  7003.360693: do_swap_page: swapin tgid 1882 pid 1937 name "Binder:1882_3" vma 7fbe24e000
           <...>-1937  [004] ....  7003.360701: do_swap_page: swapin tgid 1882 pid 1937 name "Binder:1882_3" vma 7f31392000
           <...>-1937  [004] ....  7003.360705: do_swap_page: swapin tgid 1882 pid 1937 name "Binder:1882_3" vma 7f2deee000
           <...>-1937  [004] ....  7003.360725: do_swap_page: swapin tgid 1882 pid 1937 name "Binder:1882_3" vma 12c43000
           <...>-1937  [004] ....  7003.360730: do_swap_page: swapin tgid 1882 pid 1937 name "Binder:1882_3" vma 7f34f48000
           <...>-1937  [004] ....  7003.360731: do_swap_page: swapin tgid 1882 pid 1937 name "Binder:1882_3" vma 132c2000
           <...>-1937  [004] ....  7003.360735: do_swap_page: swapin tgid 1882 pid 1937 name "Binder:1882_3" vma 7fbe1e7000
           <...>-2079  [004] ....  7003.360767: do_swap_page: swapin tgid 2079 pid 2079 name "droid.launcher3" vma 9d650000
           <...>-2079  [004] ....  7003.360775: do_swap_page: swapin tgid 2079 pid 2079 name "droid.launcher3" vma 9d577000
           <...>-1837  [004] ....  7003.360889: do_swap_page: swapin tgid 1816 pid 1837 name "Binder:1816_2" vma 133c0000
           <...>-1837  [004] ....  7003.360897: do_swap_page: swapin tgid 1816 pid 1837 name "Binder:1816_2" vma 133d5000
           <...>-1837  [004] ....  7003.360928: do_swap_page: swapin tgid 1816 pid 1837 name "Binder:1816_2" vma 7fbe24e000
           <...>-2040  [004] ....  7003.360952: do_swap_page: swapin tgid 2012 pid 2040 name "Binder:2012_1" vma 7f2e0e7000
           <...>-2040  [004] ....  7003.360959: do_swap_page: swapin tgid 2012 pid 2040 name "Binder:2012_1" vma 137c0000
           <...>-1918  [004] ....  7003.360986: do_swap_page: swapin tgid 1918 pid 1918 name "m.android.phone" vma 716af000
           <...>-1918  [004] ....  7003.360994: do_swap_page: swapin tgid 1918 pid 1918 name "m.android.phone" vma 7155c000
           <...>-1918  [004] ....  7003.360998: do_swap_page: swapin tgid 1918 pid 1918 name "m.android.phone" vma 715e7000
           <...>-1918  [004] ....  7003.361001: do_swap_page: swapin tgid 1918 pid 1918 name "m.android.phone" vma 715e8000
           <...>-1918  [004] ....  7003.361004: do_swap_page: swapin tgid 1918 pid 1918 name "m.android.phone" vma 71585000
           <...>-1918  [004] ....  7003.361008: do_swap_page: swapin tgid 1918 pid 1918 name "m.android.phone" vma 715ed000
           <...>-2079  [004] ....  7003.361057: do_swap_page: swapin tgid 2079 pid 2079 name "droid.launcher3" vma 9d577000
           <...>-2079  [004] ....  7003.361062: do_swap_page: swapin tgid 2079 pid 2079 name "droid.launcher3" vma 9d576000
           <...>-1937  [004] ....  7003.361083: do_swap_page: swapin tgid 1882 pid 1937 name "Binder:1882_3" vma 7fbe1e7000
           <...>-1937  [004] ....  7003.361088: do_swap_page: swapin tgid 1882 pid 1937 name "Binder:1882_3" vma 7fbe17f000
           <...>-1837  [004] ....  7003.361112: do_swap_page: swapin tgid 1816 pid 1837 name "Binder:1816_2" vma 7fbe24e000
           <...>-1837  [004] ....  7003.361120: do_swap_page: swapin tgid 1816 pid 1837 name "Binder:1816_2" vma 7f31394000
           <...>-1837  [004] ....  7003.361123: do_swap_page: swapin tgid 1816 pid 1837 name "Binder:1816_2" vma 7f2dfeb000
           <...>-1837  [004] ....  7003.361126: do_swap_page: swapin tgid 1816 pid 1837 name "Binder:1816_2" vma 12ec0000
           <...>-1837  [004] ....  7003.361130: do_swap_page: swapin tgid 1816 pid 1837 name "Binder:1816_2" vma 7f34f48000
           <...>-1837  [004] ....  7003.361132: do_swap_page: swapin tgid 1816 pid 1837 name "Binder:1816_2" vma 133c4000
           <...>-1837  [004] ....  7003.361154: do_swap_page: swapin tgid 1816 pid 1837 name "Binder:1816_2" vma 7fbe1e7000
           <...>-2079  [004] ....  7003.361198: do_swap_page: swapin tgid 2079 pid 2079 name "droid.launcher3" vma 9d576000
           <...>-2079  [004] ....  7003.361205: do_swap_page: swapin tgid 2079 pid 2079 name "droid.launcher3" vma 7ecdbd8000
           <...>-2079  [004] ....  7003.361209: do_swap_page: swapin tgid 2079 pid 2079 name "droid.launcher3" vma 1324e000
           <...>-2079  [004] ....  7003.361211: do_swap_page: swapin tgid 2079 pid 2079 name "droid.launcher3" vma 9d55c000
           <...>-2040  [004] ....  7003.361232: do_swap_page: swapin tgid 2012 pid 2040 name "Binder:2012_1" vma 137c0000
           <...>-2040  [004] ....  7003.361237: do_swap_page: swapin tgid 2012 pid 2040 name "Binder:2012_1" vma 137d3000
           <...>-2040  [004] ....  7003.361243: do_swap_page: swapin tgid 2012 pid 2040 name "Binder:2012_1" vma 7fbe24e000
           <...>-1918  [004] ....  7003.361285: do_swap_page: swapin tgid 1918 pid 1918 name "m.android.phone" vma 715ed000
           <...>-1918  [004] ....  7003.361291: do_swap_page: swapin tgid 1918 pid 1918 name "m.android.phone" vma 71586000
           <...>-1918  [004] ....  7003.361299: do_swap_page: swapin tgid 1918 pid 1918 name "m.android.phone" vma 7155b000
           <...>-1918  [004] ....  7003.361302: do_swap_page: swapin tgid 1918 pid 1918 name "m.android.phone" vma 71606000
           <...>-2079  [004] ....  7003.361464: do_swap_page: swapin tgid 2079 pid 2079 name "droid.launcher3" vma 9d55c000
           <...>-2079  [004] ....  7003.361470: do_swap_page: swapin tgid 2079 pid 2079 name "droid.launcher3" vma 9d55b000
           <...>-2224  [004] ....  7003.361492: do_swap_page: swapin tgid 1700 pid 2224 name "ScreenDecoratio" vma 7f2d6f8000
    RenderThread-2165  [004] ....  7003.361539: do_swap_page: swapin tgid 1700 pid 2165 name "RenderThread" vma 7ec275e000
           <...>-2079  [004] ....  7003.361626: do_swap_page: swapin tgid 2079 pid 2079 name "droid.launcher3" vma 9d55b000
           <...>-2079  [004] ....  7003.361631: do_swap_page: swapin tgid 2079 pid 2079 name "droid.launcher3" vma 1324f000
           <...>-2079  [004] ....  7003.361634: do_swap_page: swapin tgid 2079 pid 2079 name "droid.launcher3" vma 7ec613d000
           <...>-2079  [004] ....  7003.361645: do_swap_page: swapin tgid 2079 pid 2079 name "droid.launcher3" vma 9d5d9000
           <...>-2040  [004] ....  7003.361666: do_swap_page: swapin tgid 2012 pid 2040 name "Binder:2012_1" vma 7fbe24e000
           <...>-2040  [004] ....  7003.361675: do_swap_page: swapin tgid 2012 pid 2040 name "Binder:2012_1" vma 7f3131b000
           <...>-2040  [004] ....  7003.361678: do_swap_page: swapin tgid 2012 pid 2040 name "Binder:2012_1" vma 7f2e0e8000
           <...>-2040  [004] ....  7003.361681: do_swap_page: swapin tgid 2012 pid 2040 name "Binder:2012_1" vma 12c63000
           <...>-2040  [004] ....  7003.361685: do_swap_page: swapin tgid 2012 pid 2040 name "Binder:2012_1" vma 7f34f49000
           <...>-2040  [004] ....  7003.361687: do_swap_page: swapin tgid 2012 pid 2040 name "Binder:2012_1" vma 137c5000
           <...>-2040  [004] ....  7003.361691: do_swap_page: swapin tgid 2012 pid 2040 name "Binder:2012_1" vma 7fbe1e7000
           <...>-1937  [004] ....  7003.361712: do_swap_page: swapin tgid 1882 pid 1937 name "Binder:1882_3" vma 7fbe17f000
           <...>-1937  [004] ....  7003.361718: do_swap_page: swapin tgid 1882 pid 1937 name "Binder:1882_3" vma 7fbe20a000
           <...>-2079  [004] ....  7003.361760: do_swap_page: swapin tgid 2079 pid 2079 name "droid.launcher3" vma 9d5d9000
           <...>-2079  [004] ....  7003.361765: do_swap_page: swapin tgid 2079 pid 2079 name "droid.launcher3" vma 9d67f000
           <...>-1837  [004] ....  7003.361796: do_swap_page: swapin tgid 1816 pid 1837 name "Binder:1816_2" vma 7fbe1e7000
           <...>-1837  [004] ....  7003.361801: do_swap_page: swapin tgid 1816 pid 1837 name "Binder:1816_2" vma 7fbe17f000
           <...>-2224  [004] ....  7003.361876: do_swap_page: swapin tgid 1700 pid 2224 name "ScreenDecoratio" vma 7f28987000
           <...>-2224  [004] ....  7003.361881: do_swap_page: swapin tgid 1700 pid 2224 name "ScreenDecoratio" vma 7fbe188000
           <...>-2040  [004] ....  7003.361907: do_swap_page: swapin tgid 2012 pid 2040 name "Binder:2012_1" vma 7fbe1e7000
           <...>-2040  [004] ....  7003.361912: do_swap_page: swapin tgid 2012 pid 2040 name "Binder:2012_1" vma 7fbe17f000
           <...>-1359  [004] ....  7003.362127: do_swap_page: swapin tgid 1338 pid 1359 name "android.ui" vma 7e879ac000
           <...>-1362  [004] ....  7003.362199: do_swap_page: swapin tgid 1338 pid 1362 name "android.anim" vma 7ecc7f6000
           <...>-1362  [004] ....  7003.362203: do_swap_page: swapin tgid 1338 pid 1362 name "android.anim" vma 7ecc7f4000
           <...>-1362  [004] ....  7003.362210: do_swap_page: swapin tgid 1338 pid 1362 name "android.anim" vma 7ecc7f3000
           <...>-1362  [004] ....  7003.362226: do_swap_page: swapin tgid 1338 pid 1362 name "android.anim" vma 7f28b15000
           <...>-1362  [004] ....  7003.362228: do_swap_page: swapin tgid 1338 pid 1362 name "android.anim" vma 7f28b1f000
           <...>-1362  [004] ....  7003.362231: do_swap_page: swapin tgid 1338 pid 1362 name "android.anim" vma 7f28bd7000
           <...>-1362  [004] ....  7003.362238: do_swap_page: swapin tgid 1338 pid 1362 name "android.anim" vma 7fbe166000
           <...>-2079  [004] ....  7003.362269: do_swap_page: swapin tgid 2079 pid 2079 name "droid.launcher3" vma 9d67f000
           <...>-2079  [004] ....  7003.362274: do_swap_page: swapin tgid 2079 pid 2079 name "droid.launcher3" vma 9d631000
           <...>-1937  [004] ....  7003.362297: do_swap_page: swapin tgid 1882 pid 1937 name "Binder:1882_3" vma 7fbe20a000
           <...>-1937  [004] ....  7003.362304: do_swap_page: swapin tgid 1882 pid 1937 name "Binder:1882_3" vma 7fbcdf6000
           <...>-1937  [004] ....  7003.362306: do_swap_page: swapin tgid 1882 pid 1937 name "Binder:1882_3" vma 7fbcdf2000
           <...>-1918  [004] ....  7003.362330: do_swap_page: swapin tgid 1918 pid 1918 name "m.android.phone" vma 71606000
           <...>-1918  [004] ....  7003.362339: do_swap_page: swapin tgid 1918 pid 1918 name "m.android.phone" vma 7fba63d000
           <...>-1918  [004] ....  7003.362346: do_swap_page: swapin tgid 1918 pid 1918 name "m.android.phone" vma 7fbe243000
           <...>-1837  [004] ....  7003.362369: do_swap_page: swapin tgid 1816 pid 1837 name "Binder:1816_2" vma 7fbe17f000
           <...>-1837  [004] ....  7003.362374: do_swap_page: swapin tgid 1816 pid 1837 name "Binder:1816_2" vma 7fbe20a000
           <...>-1362  [004] ....  7003.362425: do_swap_page: swapin tgid 1338 pid 1362 name "android.anim" vma 7fbe166000
           <...>-1362  [004] ....  7003.362433: do_swap_page: swapin tgid 1338 pid 1362 name "android.anim" vma 7f28b4b000
           <...>-1362  [004] ....  7003.362471: do_swap_page: swapin tgid 1338 pid 1362 name "android.anim" vma 7eb4d2f000
           <...>-1362  [004] ....  7003.362485: do_swap_page: swapin tgid 1338 pid 1362 name "android.anim" vma 9d8a0000
           <...>-2079  [004] ....  7003.362556: do_swap_page: swapin tgid 2079 pid 2079 name "droid.launcher3" vma 9d631000
           <...>-2079  [004] ....  7003.362570: do_swap_page: swapin tgid 2079 pid 2079 name "droid.launcher3" vma 7f395f1000
           <...>-1937  [004] ....  7003.362615: do_swap_page: swapin tgid 1882 pid 1937 name "Binder:1882_3" vma 7fbcdf2000
           <...>-1937  [004] ....  7003.362620: do_swap_page: swapin tgid 1882 pid 1937 name "Binder:1882_3" vma 7f2895f000
           <...>-1937  [004] ....  7003.362622: do_swap_page: swapin tgid 1882 pid 1937 name "Binder:1882_3" vma 7f28b1c000
           <...>-1937  [004] ....  7003.362626: do_swap_page: swapin tgid 1882 pid 1937 name "Binder:1882_3" vma 7fbe1d3000
           <...>-1937  [004] ....  7003.362629: do_swap_page: swapin tgid 1882 pid 1937 name "Binder:1882_3" vma 7f28b3f000
           <...>-1937  [004] ....  7003.362632: do_swap_page: swapin tgid 1882 pid 1937 name "Binder:1882_3" vma 7fbe1b2000
           <...>-1937  [004] ....  7003.362637: do_swap_page: swapin tgid 1882 pid 1937 name "Binder:1882_3" vma 7f395f0000
           <...>-1362  [004] ....  7003.362678: do_swap_page: swapin tgid 1338 pid 1362 name "android.anim" vma 9d8a0000
           <...>-1362  [004] ....  7003.362781: do_swap_page: swapin tgid 1338 pid 1362 name "android.anim" vma 7ecc7f2000
           <...>-1362  [004] ....  7003.362811: do_swap_page: swapin tgid 1338 pid 1362 name "android.anim" vma 7ed0c7f000
           <...>-2226  [004] ....  7003.363042: do_swap_page: swapin tgid 1700 pid 2226 name "Binder:1700_7" vma 9d5d6000
           <...>-636   [004] ....  7003.363090: do_swap_page: swapin tgid 601 pid 636 name "Binder:601_1" vma 7fa7fbd000
           <...>-636   [004] ....  7003.363098: do_swap_page: swapin tgid 601 pid 636 name "Binder:601_1" vma 7fbd89e000
           <...>-2079  [004] ....  7003.363131: do_swap_page: swapin tgid 2079 pid 2079 name "droid.launcher3" vma 7f395f1000
           <...>-2079  [004] ....  7003.363140: do_swap_page: swapin tgid 2079 pid 2079 name "droid.launcher3" vma 7f28bd0000
           <...>-2079  [004] ....  7003.363161: do_swap_page: swapin tgid 2079 pid 2079 name "droid.launcher3" vma 12e05000
           <...>-2079  [004] ....  7003.363166: do_swap_page: swapin tgid 2079 pid 2079 name "droid.launcher3" vma 7f350b9000
           <...>-2079  [004] ....  7003.363171: do_swap_page: swapin tgid 2079 pid 2079 name "droid.launcher3" vma 7fbe1cb000
           <...>-2079  [004] ....  7003.363180: do_swap_page: swapin tgid 2079 pid 2079 name "droid.launcher3" vma 7fbf5e3000
           <...>-2040  [004] ....  7003.363204: do_swap_page: swapin tgid 2012 pid 2040 name "Binder:2012_1" vma 7fbe17f000
           <...>-2040  [004] ....  7003.363210: do_swap_page: swapin tgid 2012 pid 2040 name "Binder:2012_1" vma 7fbe20a000
           <...>-636   [004] ....  7003.363250: do_swap_page: swapin tgid 601 pid 636 name "Binder:601_1" vma 7fbd89e000
           <...>-1362  [004] ....  7003.363386: do_swap_page: swapin tgid 1338 pid 1362 name "android.anim" vma 7e5f01d000
           <...>-1362  [004] ....  7003.363400: do_swap_page: swapin tgid 1338 pid 1362 name "android.anim" vma 7e69e21000
           <...>-1362  [004] ....  7003.363407: do_swap_page: swapin tgid 1338 pid 1362 name "android.anim" vma 7f28b20000
           <...>-1362  [004] ....  7003.363419: do_swap_page: swapin tgid 1338 pid 1362 name "android.anim" vma 9d86e000
           <...>-2079  [004] ....  7003.363460: do_swap_page: swapin tgid 2079 pid 2079 name "droid.launcher3" vma 7fbf5e3000
           <...>-2079  [004] ....  7003.363475: do_swap_page: swapin tgid 2079 pid 2079 name "droid.launcher3" vma 7ec6e79000
           <...>-2079  [004] ....  7003.363478: do_swap_page: swapin tgid 2079 pid 2079 name "droid.launcher3" vma 7ec6e7a000
           <...>-2079  [004] ....  7003.363486: do_swap_page: swapin tgid 2079 pid 2079 name "droid.launcher3" vma 13e00000
           <...>-2079  [004] ....  7003.363489: do_swap_page: swapin tgid 2079 pid 2079 name "droid.launcher3" vma 7fbe2f7000
           <...>-2079  [004] ....  7003.363497: do_swap_page: swapin tgid 2079 pid 2079 name "droid.launcher3" vma 7fbddfb000
           <...>-1918  [004] ....  7003.363523: do_swap_page: swapin tgid 1918 pid 1918 name "m.android.phone" vma 7fbe243000
           <...>-1918  [004] ....  7003.363532: do_swap_page: swapin tgid 1918 pid 1918 name "m.android.phone" vma 7fbe211000
           <...>-1361  [004] ....  7003.363556: do_swap_page: swapin tgid 1338 pid 1361 name "android.display" vma 7e5efc4000
           <...>-1361  [004] ....  7003.363791: do_swap_page: swapin tgid 1338 pid 1361 name "android.display" vma 7e5c9f7000
           <...>-2481  [004] ....  7003.363825: do_swap_page: swapin tgid 2079 pid 2481 name "Binder:2079_5" vma 7f28b4c000
           <...>-2481  [004] ....  7003.363832: do_swap_page: swapin tgid 2079 pid 2481 name "Binder:2079_5" vma 7ecdce7000
           <...>-2481  [004] ....  7003.363836: do_swap_page: swapin tgid 2079 pid 2481 name "Binder:2079_5" vma 7ecdce8000
   Binder:2275_3-2314  [004] ....  7003.363879: do_swap_page: swapin tgid 2275 pid 2314 name "Binder:2275_3" vma 7fbe241000
  Binder:2396_10-12192 [004] ....  7003.363920: do_swap_page: swapin tgid 2396 pid 12192 name "Binder:2396_10" vma 7fbe241000
           <...>-2675  [004] ....  7003.363953: do_swap_page: swapin tgid 2424 pid 2675 name "Binder:2424_3" vma 7fbe2f3000
           <...>-2675  [004] ....  7003.363961: do_swap_page: swapin tgid 2424 pid 2675 name "Binder:2424_3" vma 7fbe241000
           <...>-2467  [004] ....  7003.364007: do_swap_page: swapin tgid 2448 pid 2467 name "Binder:2448_2" vma 7f2d668000
           <...>-2467  [004] ....  7003.364015: do_swap_page: swapin tgid 2448 pid 2467 name "Binder:2448_2" vma 7f2dfec000
           <...>-2467  [004] ....  7003.364019: do_swap_page: swapin tgid 2448 pid 2467 name "Binder:2448_2" vma 7f2dfed000
           <...>-2521  [004] ....  7003.364067: do_swap_page: swapin tgid 2479 pid 2521 name "Binder:2479_1" vma 7f2d668000
           <...>-2521  [004] ....  7003.364076: do_swap_page: swapin tgid 2479 pid 2521 name "Binder:2479_1" vma 7f2e0e9000
           <...>-2521  [004] ....  7003.364079: do_swap_page: swapin tgid 2479 pid 2521 name "Binder:2479_1" vma 7f2e0ea000
           <...>-2529  [004] ....  7003.364107: do_swap_page: swapin tgid 2495 pid 2529 name "Binder:2495_3" vma 7f28abc000
           <...>-2529  [004] ....  7003.364117: do_swap_page: swapin tgid 2495 pid 2529 name "Binder:2495_3" vma 7f2deef000
           <...>-2529  [004] ....  7003.364121: do_swap_page: swapin tgid 2495 pid 2529 name "Binder:2495_3" vma 7f2def0000
           <...>-2481  [004] ....  7003.364143: do_swap_page: swapin tgid 2079 pid 2481 name "Binder:2079_5" vma 7ecdce8000
           <...>-2481  [004] ....  7003.364148: do_swap_page: swapin tgid 2079 pid 2481 name "Binder:2079_5" vma 7fbe248000
           <...>-2481  [004] ....  7003.364156: do_swap_page: swapin tgid 2079 pid 2481 name "Binder:2079_5" vma 7f28b04000
           <...>-2481  [004] ....  7003.364160: do_swap_page: swapin tgid 2079 pid 2481 name "Binder:2079_5" vma 7fbe241000
   Binder:2275_3-2314  [004] ....  7003.364183: do_swap_page: swapin tgid 2275 pid 2314 name "Binder:2275_3" vma 7fbe241000
  Binder:2396_10-12192 [004] ....  7003.364251: do_swap_page: swapin tgid 2396 pid 12192 name "Binder:2396_10" vma 7fbe241000
  Binder:2396_10-12192 [004] ....  7003.364280: do_swap_page: swapin tgid 2396 pid 12192 name "Binder:2396_10" vma 7f28b16000
  Binder:2396_10-12192 [004] ....  7003.364291: do_swap_page: swapin tgid 2396 pid 12192 name "Binder:2396_10" vma 12d8e000
           <...>-1362  [004] ....  7003.364311: do_swap_page: swapin tgid 1338 pid 1362 name "android.anim" vma 9d86e000
           <...>-1362  [004] ....  7003.364362: do_swap_page: swapin tgid 1338 pid 1362 name "android.anim" vma 7e5f01c000
           <...>-1362  [004] ....  7003.364406: do_swap_page: swapin tgid 1338 pid 1362 name "android.anim" vma 7e6a057000
           <...>-1362  [004] ....  7003.364416: do_swap_page: swapin tgid 1338 pid 1362 name "android.anim" vma 7e69e1f000
           <...>-1362  [004] ....  7003.364515: do_swap_page: swapin tgid 1338 pid 1362 name "android.anim" vma 7ed0c32000
           <...>-1362  [004] ....  7003.364555: do_swap_page: swapin tgid 1338 pid 1362 name "android.anim" vma 7ed0e8b000
           <...>-1362  [004] ....  7003.364583: do_swap_page: swapin tgid 1338 pid 1362 name "android.anim" vma 7eb4cf1000
           <...>-1362  [004] ....  7003.364591: do_swap_page: swapin tgid 1338 pid 1362 name "android.anim" vma 7eb4cf2000
           <...>-1362  [004] ....  7003.364614: do_swap_page: swapin tgid 1338 pid 1362 name "android.anim" vma 7e87a3b000
           <...>-1362  [004] ....  7003.364622: do_swap_page: swapin tgid 1338 pid 1362 name "android.anim" vma 7e87a3c000
           <...>-1362  [004] ....  7003.364627: do_swap_page: swapin tgid 1338 pid 1362 name "android.anim" vma 7e87a3d000
           <...>-1362  [004] ....  7003.364631: do_swap_page: swapin tgid 1338 pid 1362 name "android.anim" vma 7e69e1d000
           <...>-2521  [004] ....  7003.364665: do_swap_page: swapin tgid 2479 pid 2521 name "Binder:2479_1" vma 7f2e0ea000
           <...>-2521  [004] ....  7003.364672: do_swap_page: swapin tgid 2479 pid 2521 name "Binder:2479_1" vma 7f2d666000
           <...>-2521  [004] ....  7003.364676: do_swap_page: swapin tgid 2479 pid 2521 name "Binder:2479_1" vma 7fbe180000
           <...>-2521  [004] ....  7003.364686: do_swap_page: swapin tgid 2479 pid 2521 name "Binder:2479_1" vma 7f2d615000
           <...>-2521  [004] ....  7003.364688: do_swap_page: swapin tgid 2479 pid 2521 name "Binder:2479_1" vma 7f2d61f000
           <...>-2529  [004] ....  7003.364717: do_swap_page: swapin tgid 2495 pid 2529 name "Binder:2495_3" vma 7f2def0000
           <...>-2529  [004] ....  7003.364723: do_swap_page: swapin tgid 2495 pid 2529 name "Binder:2495_3" vma 7f28b57000
           <...>-2529  [004] ....  7003.364727: do_swap_page: swapin tgid 2495 pid 2529 name "Binder:2495_3" vma 7fbe180000
           <...>-2529  [004] ....  7003.364736: do_swap_page: swapin tgid 2495 pid 2529 name "Binder:2495_3" vma 7fbe22b000
           <...>-2529  [004] ....  7003.364738: do_swap_page: swapin tgid 2495 pid 2529 name "Binder:2495_3" vma 7fbe165000
           <...>-2467  [004] ....  7003.364760: do_swap_page: swapin tgid 2448 pid 2467 name "Binder:2448_2" vma 7f2dfed000
           <...>-2467  [004] ....  7003.364769: do_swap_page: swapin tgid 2448 pid 2467 name "Binder:2448_2" vma 7f2d667000
           <...>-2467  [004] ....  7003.364773: do_swap_page: swapin tgid 2448 pid 2467 name "Binder:2448_2" vma 7fbe180000
           <...>-2467  [004] ....  7003.364776: do_swap_page: swapin tgid 2448 pid 2467 name "Binder:2448_2" vma 7f2d688000
           <...>-2675  [004] ....  7003.364819: do_swap_page: swapin tgid 2424 pid 2675 name "Binder:2424_3" vma 7fbe241000
           <...>-2675  [004] ....  7003.364830: do_swap_page: swapin tgid 2424 pid 2675 name "Binder:2424_3" vma 7f393e9000
           <...>-2675  [004] ....  7003.364836: do_swap_page: swapin tgid 2424 pid 2675 name "Binder:2424_3" vma 7fbe286000
           <...>-2675  [004] ....  7003.364840: do_swap_page: swapin tgid 2424 pid 2675 name "Binder:2424_3" vma 7fbe285000
           <...>-2675  [004] ....  7003.364871: do_swap_page: swapin tgid 2424 pid 2675 name "Binder:2424_3" vma 7fbcdf6000
           <...>-2675  [004] ....  7003.364876: do_swap_page: swapin tgid 2424 pid 2675 name "Binder:2424_3" vma 7fbe1d6000
           <...>-2675  [004] ....  7003.364884: do_swap_page: swapin tgid 2424 pid 2675 name "Binder:2424_3" vma 14011000
           <...>-2481  [004] ....  7003.364937: do_swap_page: swapin tgid 2079 pid 2481 name "Binder:2079_5" vma 7fbe241000
           <...>-2481  [004] ....  7003.364944: do_swap_page: swapin tgid 2079 pid 2481 name "Binder:2079_5" vma 7f28bbd000
           <...>-2481  [004] ....  7003.364948: do_swap_page: swapin tgid 2079 pid 2481 name "Binder:2079_5" vma 7fbc1fc000
           <...>-2481  [004] ....  7003.364949: do_swap_page: swapin tgid 2079 pid 2481 name "Binder:2079_5" vma 7f28b19000
           <...>-2481  [004] ....  7003.364953: do_swap_page: swapin tgid 2079 pid 2481 name "Binder:2079_5" vma 7f28bbe000
           <...>-2481  [004] ....  7003.364958: do_swap_page: swapin tgid 2079 pid 2481 name "Binder:2079_5" vma 7ecdce5000
           <...>-2529  [004] ....  7003.364981: do_swap_page: swapin tgid 2495 pid 2529 name "Binder:2495_3" vma 7fbe165000
           <...>-2529  [004] ....  7003.364986: do_swap_page: swapin tgid 2495 pid 2529 name "Binder:2495_3" vma 7f28ac8000
           <...>-2529  [004] ....  7003.364990: do_swap_page: swapin tgid 2495 pid 2529 name "Binder:2495_3" vma 7fbbbfd000
           <...>-2467  [004] ....  7003.365015: do_swap_page: swapin tgid 2448 pid 2467 name "Binder:2448_2" vma 7f2d688000
           <...>-2467  [004] ....  7003.365028: do_swap_page: swapin tgid 2448 pid 2467 name "Binder:2448_2" vma 7f2d615000
           <...>-2467  [004] ....  7003.365030: do_swap_page: swapin tgid 2448 pid 2467 name "Binder:2448_2" vma 7f2d61f000
           <...>-2521  [004] ....  7003.365073: do_swap_page: swapin tgid 2479 pid 2521 name "Binder:2479_1" vma 7f2d61f000
           <...>-2521  [004] ....  7003.365078: do_swap_page: swapin tgid 2479 pid 2521 name "Binder:2479_1" vma 7f2d6ce000
           <...>-2521  [004] ....  7003.365082: do_swap_page: swapin tgid 2479 pid 2521 name "Binder:2479_1" vma 7fbbbfd000
           <...>-2481  [004] ....  7003.365103: do_swap_page: swapin tgid 2079 pid 2481 name "Binder:2079_5" vma 7ecdce5000
           <...>-2481  [004] ....  7003.365110: do_swap_page: swapin tgid 2079 pid 2481 name "Binder:2079_5" vma 13080000
           <...>-2481  [004] ....  7003.365118: do_swap_page: swapin tgid 2079 pid 2481 name "Binder:2079_5" vma 13091000
           <...>-2481  [004] ....  7003.365126: do_swap_page: swapin tgid 2079 pid 2481 name "Binder:2079_5" vma 7f3110e000
           <...>-2481  [004] ....  7003.365128: do_swap_page: swapin tgid 2079 pid 2481 name "Binder:2079_5" vma 7ecdce6000
           <...>-2481  [004] ....  7003.365130: do_swap_page: swapin tgid 2079 pid 2481 name "Binder:2079_5" vma 13041000
           <...>-2481  [004] ....  7003.365136: do_swap_page: swapin tgid 2079 pid 2481 name "Binder:2079_5" vma 7f28bcb000
           <...>-2481  [004] ....  7003.365138: do_swap_page: swapin tgid 2079 pid 2481 name "Binder:2079_5" vma 7ecd995000
           <...>-2481  [004] ....  7003.365141: do_swap_page: swapin tgid 2079 pid 2481 name "Binder:2079_5" vma 7f28afd000
           <...>-2481  [004] ....  7003.365144: do_swap_page: swapin tgid 2079 pid 2481 name "Binder:2079_5" vma 7f28b58000
           <...>-2481  [004] ....  7003.365173: do_swap_page: swapin tgid 2079 pid 2481 name "Binder:2079_5" vma 7ecd90e000
           <...>-2481  [004] ....  7003.365176: do_swap_page: swapin tgid 2079 pid 2481 name "Binder:2079_5" vma 7f2d26c000
           <...>-2481  [004] ....  7003.365180: do_swap_page: swapin tgid 2079 pid 2481 name "Binder:2079_5" vma 13e05000
           <...>-2481  [004] ....  7003.365183: do_swap_page: swapin tgid 2079 pid 2481 name "Binder:2079_5" vma 13088000
           <...>-2481  [004] ....  7003.365185: do_swap_page: swapin tgid 2079 pid 2481 name "Binder:2079_5" vma 7fbe254000
           <...>-2481  [004] ....  7003.365200: do_swap_page: swapin tgid 2079 pid 2481 name "Binder:2079_5" vma 7fbddfb000
           <...>-2481  [004] ....  7003.365206: do_swap_page: swapin tgid 2079 pid 2481 name "Binder:2079_5" vma 12fc2000
           <...>-2521  [004] ....  7003.365241: do_swap_page: swapin tgid 2479 pid 2521 name "Binder:2479_1" vma 7fbbbfd000
           <...>-2521  [004] ....  7003.365246: do_swap_page: swapin tgid 2479 pid 2521 name "Binder:2479_1" vma 7fbe301000
           <...>-2521  [004] ....  7003.365249: do_swap_page: swapin tgid 2479 pid 2521 name "Binder:2479_1" vma 7fbe241000
           <...>-2529  [004] ....  7003.365275: do_swap_page: swapin tgid 2495 pid 2529 name "Binder:2495_3" vma 7fbbbfd000
           <...>-2529  [004] ....  7003.365281: do_swap_page: swapin tgid 2495 pid 2529 name "Binder:2495_3" vma 7fbe301000
           <...>-2529  [004] ....  7003.365283: do_swap_page: swapin tgid 2495 pid 2529 name "Binder:2495_3" vma 7fbe241000
           <...>-2467  [004] ....  7003.365304: do_swap_page: swapin tgid 2448 pid 2467 name "Binder:2448_2" vma 7f2d61f000
           <...>-2467  [004] ....  7003.365323: do_swap_page: swapin tgid 2448 pid 2467 name "Binder:2448_2" vma 7f2d67e000
           <...>-2467  [004] ....  7003.365327: do_swap_page: swapin tgid 2448 pid 2467 name "Binder:2448_2" vma 7fbbbfd000
           <...>-2079  [004] ....  7003.365371: do_swap_page: swapin tgid 2079 pid 2079 name "droid.launcher3" vma 131fc000
           <...>-2079  [004] ....  7003.365378: do_swap_page: swapin tgid 2079 pid 2079 name "droid.launcher3" vma 71541000
           <...>-2481  [004] ....  7003.365415: do_swap_page: swapin tgid 2079 pid 2481 name "Binder:2079_5" vma 12fc2000
           <...>-2529  [004] ....  7003.365476: do_swap_page: swapin tgid 2495 pid 2529 name "Binder:2495_3" vma 7fbe241000
           <...>-2529  [004] ....  7003.365481: do_swap_page: swapin tgid 2495 pid 2529 name "Binder:2495_3" vma 7fbe1e9000
           <...>-2481  [004] ....  7003.365511: do_swap_page: swapin tgid 2079 pid 2481 name "Binder:2079_5" vma 12ff8000
           <...>-1362  [004] ....  7003.365607: do_swap_page: swapin tgid 1338 pid 1362 name "android.anim" vma 9d5ba000
           <...>-2521  [004] ....  7003.365651: do_swap_page: swapin tgid 2479 pid 2521 name "Binder:2479_1" vma 7fbe241000
           <...>-2521  [004] ....  7003.365657: do_swap_page: swapin tgid 2479 pid 2521 name "Binder:2479_1" vma 7fbe1e9000
           <...>-2467  [004] ....  7003.365699: do_swap_page: swapin tgid 2448 pid 2467 name "Binder:2448_2" vma 7fbbbfd000
           <...>-2467  [004] ....  7003.365704: do_swap_page: swapin tgid 2448 pid 2467 name "Binder:2448_2" vma 7fbe2f3000
           <...>-2467  [004] ....  7003.365707: do_swap_page: swapin tgid 2448 pid 2467 name "Binder:2448_2" vma 7fbe241000
           <...>-2529  [004] ....  7003.365749: do_swap_page: swapin tgid 2495 pid 2529 name "Binder:2495_3" vma 7fbe1e9000
           <...>-2529  [004] ....  7003.365756: do_swap_page: swapin tgid 2495 pid 2529 name "Binder:2495_3" vma 7f393eb000
           <...>-2481  [004] ....  7003.365776: do_swap_page: swapin tgid 2079 pid 2481 name "Binder:2079_5" vma 12ff8000
           <...>-2481  [004] ....  7003.365784: do_swap_page: swapin tgid 2079 pid 2481 name "Binder:2079_5" vma 7fbe25d000
           <...>-2481  [004] ....  7003.365805: do_swap_page: swapin tgid 2079 pid 2481 name "Binder:2079_5" vma 7155f000
           <...>-2142  [004] ....  7003.365838: do_swap_page: swapin tgid 2079 pid 2142 name "UiThreadHelper" vma 7ecfef9000
           <...>-2142  [004] ....  7003.365844: do_swap_page: swapin tgid 2079 pid 2142 name "UiThreadHelper" vma 7ecfefa000
           <...>-2521  [004] ....  7003.365868: do_swap_page: swapin tgid 2479 pid 2521 name "Binder:2479_1" vma 7fbe1e9000
           <...>-2521  [004] ....  7003.365875: do_swap_page: swapin tgid 2479 pid 2521 name "Binder:2479_1" vma 7f393eb000
           <...>-1362  [004] ....  7003.365920: do_swap_page: swapin tgid 1338 pid 1362 name "android.anim" vma 9d5ba000
           <...>-1362  [004] ....  7003.365965: do_swap_page: swapin tgid 1338 pid 1362 name "android.anim" vma 9d87f000
           <...>-2467  [004] ....  7003.365990: do_swap_page: swapin tgid 2448 pid 2467 name "Binder:2448_2" vma 7fbe241000
           <...>-2467  [004] ....  7003.365997: do_swap_page: swapin tgid 2448 pid 2467 name "Binder:2448_2" vma 7fbe1e9000
           <...>-2142  [004] ....  7003.366047: do_swap_page: swapin tgid 2079 pid 2142 name "UiThreadHelper" vma 7ecfefa000
           <...>-2142  [004] ....  7003.366053: do_swap_page: swapin tgid 2079 pid 2142 name "UiThreadHelper" vma 7f28bba000
           <...>-2142  [004] ....  7003.366057: do_swap_page: swapin tgid 2079 pid 2142 name "UiThreadHelper" vma 7ecfef8000
           <...>-2142  [004] ....  7003.366066: do_swap_page: swapin tgid 2079 pid 2142 name "UiThreadHelper" vma 13086000
           <...>-2529  [004] ....  7003.366108: do_swap_page: swapin tgid 2495 pid 2529 name "Binder:2495_3" vma 7f393eb000
           <...>-2529  [004] ....  7003.366114: do_swap_page: swapin tgid 2495 pid 2529 name "Binder:2495_3" vma 7f28b91000
           <...>-2529  [004] ....  7003.366117: do_swap_page: swapin tgid 2495 pid 2529 name "Binder:2495_3" vma 7fbcdf3000
           <...>-2521  [004] ....  7003.366141: do_swap_page: swapin tgid 2479 pid 2521 name "Binder:2479_1" vma 7f393eb000
           <...>-2521  [004] ....  7003.366146: do_swap_page: swapin tgid 2479 pid 2521 name "Binder:2479_1" vma 7fbe165000
           <...>-2467  [004] ....  7003.366203: do_swap_page: swapin tgid 2448 pid 2467 name "Binder:2448_2" vma 7fbe1e9000
           <...>-2467  [004] ....  7003.366209: do_swap_page: swapin tgid 2448 pid 2467 name "Binder:2448_2" vma 7f393eb000
           <...>-2142  [004] ....  7003.366234: do_swap_page: swapin tgid 2079 pid 2142 name "UiThreadHelper" vma 13086000
           <...>-2142  [004] ....  7003.366238: do_swap_page: swapin tgid 2079 pid 2142 name "UiThreadHelper" vma 12ffa000
           <...>-2142  [004] ....  7003.366243: do_swap_page: swapin tgid 2079 pid 2142 name "UiThreadHelper" vma 7f31181000
           <...>-2142  [004] ....  7003.366246: do_swap_page: swapin tgid 2079 pid 2142 name "UiThreadHelper" vma 12c84000
           <...>-2142  [004] ....  7003.366269: do_swap_page: swapin tgid 2079 pid 2142 name "UiThreadHelper" vma 9d686000
           <...>-2529  [004] ....  7003.366299: do_swap_page: swapin tgid 2495 pid 2529 name "Binder:2495_3" vma 7fbcdf3000
           <...>-2529  [004] ....  7003.366304: do_swap_page: swapin tgid 2495 pid 2529 name "Binder:2495_3" vma 7fbc1fc000
           <...>-2521  [004] ....  7003.366345: do_swap_page: swapin tgid 2479 pid 2521 name "Binder:2479_1" vma 7fbe165000
           <...>-2521  [004] ....  7003.366350: do_swap_page: swapin tgid 2479 pid 2521 name "Binder:2479_1" vma 7f2d651000
           <...>-2521  [004] ....  7003.366353: do_swap_page: swapin tgid 2479 pid 2521 name "Binder:2479_1" vma 7fbcdf3000
           <...>-2142  [004] ....  7003.366394: do_swap_page: swapin tgid 2079 pid 2142 name "UiThreadHelper" vma 9d686000
           <...>-2142  [004] ....  7003.366399: do_swap_page: swapin tgid 2079 pid 2142 name "UiThreadHelper" vma 9d662000
           <...>-2142  [004] ....  7003.366402: do_swap_page: swapin tgid 2079 pid 2142 name "UiThreadHelper" vma 9d641000
           <...>-2142  [004] ....  7003.366404: do_swap_page: swapin tgid 2079 pid 2142 name "UiThreadHelper" vma 13e01000
           <...>-2142  [004] ....  7003.366407: do_swap_page: swapin tgid 2079 pid 2142 name "UiThreadHelper" vma 13e20000
           <...>-2467  [004] ....  7003.366429: do_swap_page: swapin tgid 2448 pid 2467 name "Binder:2448_2" vma 7f393eb000
           <...>-2467  [004] ....  7003.366434: do_swap_page: swapin tgid 2448 pid 2467 name "Binder:2448_2" vma 7fbe165000
           <...>-1362  [004] ....  7003.366459: do_swap_page: swapin tgid 1338 pid 1362 name "android.anim" vma 9d87f000
           <...>-1362  [004] ....  7003.366622: do_swap_page: swapin tgid 1338 pid 1362 name "android.anim" vma 7eb4d82000
           <...>-1362  [004] ....  7003.366629: do_swap_page: swapin tgid 1338 pid 1362 name "android.anim" vma 7e69e1a000
           <...>-1362  [004] ....  7003.366636: do_swap_page: swapin tgid 1338 pid 1362 name "android.anim" vma 7e69e1b000
           <...>-1362  [004] ....  7003.366640: do_swap_page: swapin tgid 1338 pid 1362 name "android.anim" vma 7eb4ff4000
           <...>-1362  [004] ....  7003.366643: do_swap_page: swapin tgid 1338 pid 1362 name "android.anim" vma 7eb4ff5000
           <...>-1362  [004] ....  7003.366660: do_swap_page: swapin tgid 1338 pid 1362 name "android.anim" vma 7eb4ebc000
           <...>-1362  [004] ....  7003.366668: do_swap_page: swapin tgid 1338 pid 1362 name "android.anim" vma 7ed0d78000
           <...>-1362  [004] ....  7003.366670: do_swap_page: swapin tgid 1338 pid 1362 name "android.anim" vma 7ed0d79000
           <...>-1362  [004] ....  7003.366675: do_swap_page: swapin tgid 1338 pid 1362 name "android.anim" vma 7fbe18f000
           <...>-1362  [004] ....  7003.366681: do_swap_page: swapin tgid 1338 pid 1362 name "android.anim" vma 7e6a191000
           <...>-1362  [004] ....  7003.366686: do_swap_page: swapin tgid 1338 pid 1362 name "android.anim" vma 7e6a192000
           <...>-1362  [004] ....  7003.366695: do_swap_page: swapin tgid 1338 pid 1362 name "android.anim" vma 7e6a059000
           <...>-1362  [004] ....  7003.366697: do_swap_page: swapin tgid 1338 pid 1362 name "android.anim" vma 7e6a05a000
           <...>-1362  [004] ....  7003.366708: do_swap_page: swapin tgid 1338 pid 1362 name "android.anim" vma 7e8798b000
           <...>-1362  [004] ....  7003.366711: do_swap_page: swapin tgid 1338 pid 1362 name "android.anim" vma 7e8798c000
           <...>-2142  [004] ....  7003.366762: do_swap_page: swapin tgid 2079 pid 2142 name "UiThreadHelper" vma 13e20000
           <...>-2142  [004] ....  7003.366775: do_swap_page: swapin tgid 2079 pid 2142 name "UiThreadHelper" vma 1308d000
           <...>-2142  [004] ....  7003.366790: do_swap_page: swapin tgid 2079 pid 2142 name "UiThreadHelper" vma 1300f000
           <...>-2142  [004] ....  7003.366795: do_swap_page: swapin tgid 2079 pid 2142 name "UiThreadHelper" vma 7f28ba8000
           <...>-2142  [004] ....  7003.366797: do_swap_page: swapin tgid 2079 pid 2142 name "UiThreadHelper" vma 7f28bc8000
           <...>-2142  [004] ....  7003.366799: do_swap_page: swapin tgid 2079 pid 2142 name "UiThreadHelper" vma 7ec6b7f000
           <...>-2142  [004] ....  7003.366802: do_swap_page: swapin tgid 2079 pid 2142 name "UiThreadHelper" vma 7f28b2c000
           <...>-2142  [004] ....  7003.366805: do_swap_page: swapin tgid 2079 pid 2142 name "UiThreadHelper" vma 7fbe218000
           <...>-2142  [004] ....  7003.366806: do_swap_page: swapin tgid 2079 pid 2142 name "UiThreadHelper" vma 7f28b16000
           <...>-2142  [004] ....  7003.366812: do_swap_page: swapin tgid 2079 pid 2142 name "UiThreadHelper" vma 7f395f0000
           <...>-2265  [004] ....  7003.366850: do_swap_page: swapin tgid 601 pid 2265 name "Binder:601_5" vma 7fb757a000
           <...>-2265  [004] ....  7003.366855: do_swap_page: swapin tgid 601 pid 2265 name "Binder:601_5" vma 7fb76f9000
           <...>-2265  [004] ....  7003.366859: do_swap_page: swapin tgid 601 pid 2265 name "Binder:601_5" vma 7faa767000
           <...>-2265  [004] ....  7003.366883: do_swap_page: swapin tgid 601 pid 2265 name "Binder:601_5" vma 7fbc208000
           <...>-2265  [004] ....  7003.366891: do_swap_page: swapin tgid 601 pid 2265 name "Binder:601_5" vma 7fa9334000
           <...>-2265  [004] ....  7003.366903: do_swap_page: swapin tgid 601 pid 2265 name "Binder:601_5" vma 7fb76fa000
           <...>-2265  [004] ....  7003.366906: do_swap_page: swapin tgid 601 pid 2265 name "Binder:601_5" vma 7fb75bc000
           <...>-2265  [004] ....  7003.366912: do_swap_page: swapin tgid 601 pid 2265 name "Binder:601_5" vma 7fb79c0000
           <...>-2529  [004] ....  7003.366940: do_swap_page: swapin tgid 2495 pid 2529 name "Binder:2495_3" vma 7fbc1fc000
           <...>-2529  [004] ....  7003.366945: do_swap_page: swapin tgid 2495 pid 2529 name "Binder:2495_3" vma 7f28b18000
           <...>-2529  [004] ....  7003.366949: do_swap_page: swapin tgid 2495 pid 2529 name "Binder:2495_3" vma 7f393e9000
           <...>-2529  [004] ....  7003.366951: do_swap_page: swapin tgid 2495 pid 2529 name "Binder:2495_3" vma 7fbe23c000
           <...>-2142  [004] ....  7003.366988: do_swap_page: swapin tgid 2079 pid 2142 name "UiThreadHelper" vma 7f395f0000
           <...>-2142  [004] ....  7003.366994: do_swap_page: swapin tgid 2079 pid 2142 name "UiThreadHelper" vma 7ecdaa3000
           <...>-2142  [004] ....  7003.366999: do_swap_page: swapin tgid 2079 pid 2142 name "UiThreadHelper" vma 7f2d235000
           <...>-2521  [004] ....  7003.367025: do_swap_page: swapin tgid 2479 pid 2521 name "Binder:2479_1" vma 7fbcdf3000
           <...>-2521  [004] ....  7003.367031: do_swap_page: swapin tgid 2479 pid 2521 name "Binder:2479_1" vma 7fbc1fc000
           <...>-2467  [004] ....  7003.367052: do_swap_page: swapin tgid 2448 pid 2467 name "Binder:2448_2" vma 7fbe165000
           <...>-2467  [004] ....  7003.367057: do_swap_page: swapin tgid 2448 pid 2467 name "Binder:2448_2" vma 7f2d662000
           <...>-2467  [004] ....  7003.367060: do_swap_page: swapin tgid 2448 pid 2467 name "Binder:2448_2" vma 7fbcdf3000
           <...>-2079  [004] ....  7003.367149: do_swap_page: swapin tgid 2079 pid 2079 name "droid.launcher3" vma 71541000
           <...>-2079  [004] ....  7003.367154: do_swap_page: swapin tgid 2079 pid 2079 name "droid.launcher3" vma 716ae000
           <...>-2265  [004] ....  7003.367175: do_swap_page: swapin tgid 601 pid 2265 name "Binder:601_5" vma 7fb79c0000
           <...>-2265  [004] ....  7003.367214: do_swap_page: swapin tgid 601 pid 2265 name "Binder:601_5" vma 7fb75e2000
           <...>-2265  [004] ....  7003.367224: do_swap_page: swapin tgid 601 pid 2265 name "Binder:601_5" vma 7fbe173000
           <...>-2265  [004] ....  7003.367239: do_swap_page: swapin tgid 601 pid 2265 name "Binder:601_5" vma 7fb76fb000
           <...>-2265  [004] ....  7003.367244: do_swap_page: swapin tgid 601 pid 2265 name "Binder:601_5" vma 7faa670000
           <...>-2265  [004] ....  7003.367274: do_swap_page: swapin tgid 601 pid 2265 name "Binder:601_5" vma 7fba64f000
           <...>-2265  [004] ....  7003.367278: do_swap_page: swapin tgid 601 pid 2265 name "Binder:601_5" vma 7fba639000
           <...>-2142  [004] ....  7003.367307: do_swap_page: swapin tgid 2079 pid 2142 name "UiThreadHelper" vma 7f2d235000
           <...>-2142  [004] ....  7003.367317: do_swap_page: swapin tgid 2079 pid 2142 name "UiThreadHelper" vma 7f2d677000
           <...>-2142  [004] ....  7003.367320: do_swap_page: swapin tgid 2079 pid 2142 name "UiThreadHelper" vma 7f28b4b000
           <...>-2265  [004] ....  7003.367440: do_swap_page: swapin tgid 601 pid 2265 name "Binder:601_5" vma 7fbc211000
           <...>-2521  [004] ....  7003.367482: do_swap_page: swapin tgid 2479 pid 2521 name "Binder:2479_1" vma 7fbc1fc000
           <...>-2521  [004] ....  7003.367487: do_swap_page: swapin tgid 2479 pid 2521 name "Binder:2479_1" vma 7f2d61a000
           <...>-2521  [004] ....  7003.367491: do_swap_page: swapin tgid 2479 pid 2521 name "Binder:2479_1" vma 7f393e9000
           <...>-2521  [004] ....  7003.367493: do_swap_page: swapin tgid 2479 pid 2521 name "Binder:2479_1" vma 7fbe23c000
           <...>-2529  [004] ....  7003.367520: do_swap_page: swapin tgid 2495 pid 2529 name "Binder:2495_3" vma 7fbe23c000
           <...>-2529  [004] ....  7003.367525: do_swap_page: swapin tgid 2495 pid 2529 name "Binder:2495_3" vma 7f28b92000
           <...>-2529  [004] ....  7003.367536: do_swap_page: swapin tgid 2495 pid 2529 name "Binder:2495_3" vma 7f31934000
           <...>-2467  [004] ....  7003.367557: do_swap_page: swapin tgid 2448 pid 2467 name "Binder:2448_2" vma 7fbcdf3000
           <...>-2467  [004] ....  7003.367563: do_swap_page: swapin tgid 2448 pid 2467 name "Binder:2448_2" vma 7fbc1fc000
           <...>-2142  [004] ....  7003.367750: do_swap_page: swapin tgid 2079 pid 2142 name "UiThreadHelper" vma 7ec7f59000
           <...>-2142  [004] ....  7003.367761: do_swap_page: swapin tgid 2079 pid 2142 name "UiThreadHelper" vma 7fbe1f9000
           <...>-2521  [004] ....  7003.367787: do_swap_page: swapin tgid 2479 pid 2521 name "Binder:2479_1" vma 7fbe23c000
           <...>-2521  [004] ....  7003.367793: do_swap_page: swapin tgid 2479 pid 2521 name "Binder:2479_1" vma 7f31934000
           <...>-2529  [004] ....  7003.367818: do_swap_page: swapin tgid 2495 pid 2529 name "Binder:2495_3" vma 7f31934000
           <...>-2529  [004] ....  7003.367826: do_swap_page: swapin tgid 2495 pid 2529 name "Binder:2495_3" vma 14083000
           <...>-2529  [004] ....  7003.367829: do_swap_page: swapin tgid 2495 pid 2529 name "Binder:2495_3" vma 7fbe286000
           <...>-2529  [004] ....  7003.367832: do_swap_page: swapin tgid 2495 pid 2529 name "Binder:2495_3" vma 7fbe285000
           <...>-2529  [004] ....  7003.367833: do_swap_page: swapin tgid 2495 pid 2529 name "Binder:2495_3" vma 7f393ea000
           <...>-2467  [004] ....  7003.367854: do_swap_page: swapin tgid 2448 pid 2467 name "Binder:2448_2" vma 7fbc1fc000
           <...>-2467  [004] ....  7003.367859: do_swap_page: swapin tgid 2448 pid 2467 name "Binder:2448_2" vma 7f2d61a000
           <...>-2467  [004] ....  7003.367880: do_swap_page: swapin tgid 2448 pid 2467 name "Binder:2448_2" vma 7f393e9000
           <...>-2467  [004] ....  7003.367883: do_swap_page: swapin tgid 2448 pid 2467 name "Binder:2448_2" vma 7fbe23c000
           <...>-2142  [004] ....  7003.367907: do_swap_page: swapin tgid 2079 pid 2142 name "UiThreadHelper" vma 7fbe1f9000
           <...>-2142  [004] ....  7003.367915: do_swap_page: swapin tgid 2079 pid 2142 name "UiThreadHelper" vma 13e13000
           <...>-2142  [004] ....  7003.367918: do_swap_page: swapin tgid 2079 pid 2142 name "UiThreadHelper" vma 12fda000
           <...>-2079  [004] ....  7003.367952: do_swap_page: swapin tgid 2079 pid 2079 name "droid.launcher3" vma 716ae000
           <...>-2079  [004] ....  7003.367958: do_swap_page: swapin tgid 2079 pid 2079 name "droid.launcher3" vma 13e15000
           <...>-2079  [004] ....  7003.367967: do_swap_page: swapin tgid 2079 pid 2079 name "droid.launcher3" vma 7ecd90c000
           <...>-2079  [004] ....  7003.367995: do_swap_page: swapin tgid 2079 pid 2079 name "droid.launcher3" vma 7ec6c9e000
           <...>-1595  [004] ....  7003.368027: do_swap_page: swapin tgid 1338 pid 1595 name "AudioService" vma 7eb4256000
           <...>-2142  [004] ....  7003.368103: do_swap_page: swapin tgid 2079 pid 2142 name "UiThreadHelper" vma 12fda000
           <...>-2142  [004] ....  7003.368116: do_swap_page: swapin tgid 2079 pid 2142 name "UiThreadHelper" vma 12fdb000
           <...>-2521  [004] ....  7003.368136: do_swap_page: swapin tgid 2479 pid 2521 name "Binder:2479_1" vma 7f31934000
           <...>-2521  [004] ....  7003.368144: do_swap_page: swapin tgid 2479 pid 2521 name "Binder:2479_1" vma 140c7000
           <...>-2529  [004] ....  7003.368169: do_swap_page: swapin tgid 2495 pid 2529 name "Binder:2495_3" vma 7f393ea000
           <...>-2529  [004] ....  7003.368174: do_swap_page: swapin tgid 2495 pid 2529 name "Binder:2495_3" vma 7fbe1f8000
           <...>-2467  [004] ....  7003.368194: do_swap_page: swapin tgid 2448 pid 2467 name "Binder:2448_2" vma 7fbe23c000
           <...>-2467  [004] ....  7003.368199: do_swap_page: swapin tgid 2448 pid 2467 name "Binder:2448_2" vma 7f2d663000
           <...>-2467  [004] ....  7003.368202: do_swap_page: swapin tgid 2448 pid 2467 name "Binder:2448_2" vma 7f31934000
           <...>-2142  [004] ....  7003.368242: do_swap_page: swapin tgid 2079 pid 2142 name "UiThreadHelper" vma 12fdb000
           <...>-2142  [004] ....  7003.368258: do_swap_page: swapin tgid 2079 pid 2142 name "UiThreadHelper" vma 716af000
           <...>-2142  [004] ....  7003.368267: do_swap_page: swapin tgid 2079 pid 2142 name "UiThreadHelper" vma 716b3000
           <...>-2142  [004] ....  7003.368270: do_swap_page: swapin tgid 2079 pid 2142 name "UiThreadHelper" vma 7fbe167000
           <...>-1837  [004] ....  7003.368293: do_swap_page: swapin tgid 1816 pid 1837 name "Binder:1816_2" vma 7fbe20a000
           <...>-1837  [004] ....  7003.368302: do_swap_page: swapin tgid 1816 pid 1837 name "Binder:1816_2" vma 7fbcdf6000
           <...>-1837  [004] ....  7003.368304: do_swap_page: swapin tgid 1816 pid 1837 name "Binder:1816_2" vma 7fbcdf2000
