           <...>-2079  [004] ....  5314.384707: do_swap_page: swapin tgid 2079 pid 2079 name "droid.launcher3" vma 7ec6c9d000
           <...>-2079  [004] ....  5314.384715: do_swap_page: swapin tgid 2079 pid 2079 name "droid.launcher3" vma 7f2d236000
           <...>-2079  [004] ....  5314.384722: do_swap_page: swapin tgid 2079 pid 2079 name "droid.launcher3" vma 131fc000
           <...>-2079  [004] ....  5314.384728: do_swap_page: swapin tgid 2079 pid 2079 name "droid.launcher3" vma 13e05000
           <...>-2079  [004] ....  5314.384731: do_swap_page: swapin tgid 2079 pid 2079 name "droid.launcher3" vma 13080000
           <...>-2079  [004] ....  5314.384736: do_swap_page: swapin tgid 2079 pid 2079 name "droid.launcher3" vma 1327e000
           <...>-2079  [004] ....  5314.384760: do_swap_page: swapin tgid 2079 pid 2079 name "droid.launcher3" vma 9d654000
           <...>-1361  [004] ....  5314.384789: do_swap_page: swapin tgid 1338 pid 1361 name "android.display" vma 7ed0cb8000
           <...>-1361  [004] ....  5314.384796: do_swap_page: swapin tgid 1338 pid 1361 name "android.display" vma 7f28b32000
           <...>-1361  [004] ....  5314.384801: do_swap_page: swapin tgid 1338 pid 1361 name "android.display" vma 7fbe306000
           <...>-1361  [004] ....  5314.384805: do_swap_page: swapin tgid 1338 pid 1361 name "android.display" vma 7eb4fc1000
           <...>-1361  [004] ....  5314.384811: do_swap_page: swapin tgid 1338 pid 1361 name "android.display" vma 7eb500f000
           <...>-2079  [004] ....  5314.384885: do_swap_page: swapin tgid 2079 pid 2079 name "droid.launcher3" vma 9d654000
           <...>-2079  [004] ....  5314.384895: do_swap_page: swapin tgid 2079 pid 2079 name "droid.launcher3" vma 12e56000
           <...>-2079  [004] ....  5314.384941: do_swap_page: swapin tgid 2079 pid 2079 name "droid.launcher3" vma 7fbf700000
           <...>-2079  [004] ....  5314.384951: do_swap_page: swapin tgid 2079 pid 2079 name "droid.launcher3" vma 7f28b3c000
           <...>-1361  [004] ....  5314.385026: do_swap_page: swapin tgid 1338 pid 1361 name "android.display" vma 7eb500f000
           <...>-1361  [004] ....  5314.385034: do_swap_page: swapin tgid 1338 pid 1361 name "android.display" vma 7f28a85000
           <...>-1361  [004] ....  5314.385318: do_swap_page: swapin tgid 1338 pid 1361 name "android.display" vma 7f28a85000
           <...>-1361  [004] ....  5314.385325: do_swap_page: swapin tgid 1338 pid 1361 name "android.display" vma 7e69ebc000
           <...>-3879  [004] ....  5314.385389: do_swap_page: swapin tgid 1338 pid 3879 name "Binder:1338_10" vma 7e5eefd000
           <...>-1449  [004] ....  5314.385482: do_swap_page: swapin tgid 1338 pid 1449 name "InputDispatcher" vma 7e5c52f000
           <...>-1449  [004] ....  5314.385488: do_swap_page: swapin tgid 1338 pid 1449 name "InputDispatcher" vma 7ed0e27000
           <...>-2079  [004] ....  5314.385513: do_swap_page: swapin tgid 2079 pid 2079 name "droid.launcher3" vma 7ecdadb000
           <...>-2079  [004] ....  5314.385520: do_swap_page: swapin tgid 2079 pid 2079 name "droid.launcher3" vma 7ec6201000
           <...>-2079  [004] ....  5314.385571: do_swap_page: swapin tgid 2079 pid 2079 name "droid.launcher3" vma 7fbe1d3000
           <...>-2079  [004] ....  5314.385583: do_swap_page: swapin tgid 2079 pid 2079 name "droid.launcher3" vma 7fbe166000
           <...>-2079  [004] ....  5314.385585: do_swap_page: swapin tgid 2079 pid 2079 name "droid.launcher3" vma 7f395f0000
           <...>-1361  [004] ....  5314.385613: do_swap_page: swapin tgid 1338 pid 1361 name "android.display" vma 7e69ebc000
           <...>-1361  [004] ....  5314.385619: do_swap_page: swapin tgid 1338 pid 1361 name "android.display" vma 7e69e1e000
           <...>-1361  [004] ....  5314.385621: do_swap_page: swapin tgid 1338 pid 1361 name "android.display" vma 7ed0dc6000
           <...>-1359  [004] ....  5314.385681: do_swap_page: swapin tgid 1338 pid 1359 name "android.ui" vma 7f2895f000
           <...>-1359  [004] ....  5314.385685: do_swap_page: swapin tgid 1338 pid 1359 name "android.ui" vma 7e5cc35000
           <...>-1359  [004] ....  5314.385703: do_swap_page: swapin tgid 1338 pid 1359 name "android.ui" vma 7f2d6c0000
           <...>-1359  [004] ....  5314.385709: do_swap_page: swapin tgid 1338 pid 1359 name "android.ui" vma 7e5efd4000
           <...>-1359  [004] ....  5314.385712: do_swap_page: swapin tgid 1338 pid 1359 name "android.ui" vma 7eb46e6000
           <...>-1359  [004] ....  5314.385722: do_swap_page: swapin tgid 1338 pid 1359 name "android.ui" vma 12fc0000
           <...>-2079  [004] ....  5314.385755: do_swap_page: swapin tgid 2079 pid 2079 name "droid.launcher3" vma 7f395f0000
           <...>-2079  [004] ....  5314.385762: do_swap_page: swapin tgid 2079 pid 2079 name "droid.launcher3" vma 7f39805000
           <...>-2079  [004] ....  5314.385770: do_swap_page: swapin tgid 2079 pid 2079 name "droid.launcher3" vma 7f3982d000
           <...>-2079  [004] ....  5314.385773: do_swap_page: swapin tgid 2079 pid 2079 name "droid.launcher3" vma 7f39806000
           <...>-2079  [004] ....  5314.385775: do_swap_page: swapin tgid 2079 pid 2079 name "droid.launcher3" vma 7fbe161000
           <...>-2079  [004] ....  5314.385777: do_swap_page: swapin tgid 2079 pid 2079 name "droid.launcher3" vma 7f28b16000
           <...>-2079  [004] ....  5314.385782: do_swap_page: swapin tgid 2079 pid 2079 name "droid.launcher3" vma 7f28b4c000
           <...>-2079  [004] ....  5314.385802: do_swap_page: swapin tgid 2079 pid 2079 name "droid.launcher3" vma 7fbe1d0000
           <...>-1359  [004] ....  5314.385874: do_swap_page: swapin tgid 1338 pid 1359 name "android.ui" vma 14587000
           <...>-1359  [004] ....  5314.385884: do_swap_page: swapin tgid 1338 pid 1359 name "android.ui" vma 7eb43d5000
           <...>-1359  [004] ....  5314.385887: do_swap_page: swapin tgid 1338 pid 1359 name "android.ui" vma 7eb43d6000
           <...>-1361  [004] ....  5314.386100: do_swap_page: swapin tgid 1338 pid 1361 name "android.display" vma 7ed0dc6000
           <...>-1361  [004] ....  5314.386108: do_swap_page: swapin tgid 1338 pid 1361 name "android.display" vma 7fbe311000
           <...>-1361  [004] ....  5314.386133: do_swap_page: swapin tgid 1338 pid 1361 name "android.display" vma 7f28987000
 ndroid.systemui-1700  [004] ....  5314.386179: do_swap_page: swapin tgid 1700 pid 1700 name "ndroid.systemui" vma 7f28e5e000
 ndroid.systemui-1700  [004] ....  5314.386199: do_swap_page: swapin tgid 1700 pid 1700 name "ndroid.systemui" vma 7fbd003000
 ndroid.systemui-1700  [004] ....  5314.386209: do_swap_page: swapin tgid 1700 pid 1700 name "ndroid.systemui" vma 7eb944f000
 ndroid.systemui-1700  [004] ....  5314.386233: do_swap_page: swapin tgid 1700 pid 1700 name "ndroid.systemui" vma 7f28fd4000
           <...>-1361  [004] ....  5314.386324: do_swap_page: swapin tgid 1338 pid 1361 name "android.display" vma 7f28987000
           <...>-1361  [004] ....  5314.386333: do_swap_page: swapin tgid 1338 pid 1361 name "android.display" vma 7e69df7000
           <...>-1361  [004] ....  5314.386338: do_swap_page: swapin tgid 1338 pid 1361 name "android.display" vma 7e87aa7000
           <...>-1361  [004] ....  5314.386460: do_swap_page: swapin tgid 1338 pid 1361 name "android.display" vma 7e87aa7000
           <...>-1361  [004] ....  5314.386466: do_swap_page: swapin tgid 1338 pid 1361 name "android.display" vma 7eb5020000
           <...>-1361  [004] ....  5314.386621: do_swap_page: swapin tgid 1338 pid 1361 name "android.display" vma 7eb5020000
           <...>-1361  [004] ....  5314.386646: do_swap_page: swapin tgid 1338 pid 1361 name "android.display" vma 9d715000
           <...>-1361  [004] ....  5314.386814: do_swap_page: swapin tgid 1338 pid 1361 name "android.display" vma 9d715000
           <...>-1361  [004] ....  5314.386820: do_swap_page: swapin tgid 1338 pid 1361 name "android.display" vma 13923000
           <...>-1361  [004] ....  5314.386825: do_swap_page: swapin tgid 1338 pid 1361 name "android.display" vma 150cd000
           <...>-1361  [004] ....  5314.386831: do_swap_page: swapin tgid 1338 pid 1361 name "android.display" vma 150cc000
           <...>-1361  [004] ....  5314.386834: do_swap_page: swapin tgid 1338 pid 1361 name "android.display" vma 7f2afb3000
           <...>-1361  [004] ....  5314.386947: do_swap_page: swapin tgid 1338 pid 1361 name "android.display" vma 7f2afb3000
           <...>-1361  [004] ....  5314.386950: do_swap_page: swapin tgid 1338 pid 1361 name "android.display" vma 150ce000
           <...>-1361  [004] ....  5314.386971: do_swap_page: swapin tgid 1338 pid 1361 name "android.display" vma 150cb000
           <...>-1361  [004] ....  5314.386996: do_swap_page: swapin tgid 1338 pid 1361 name "android.display" vma 150c4000
           <...>-1361  [004] ....  5314.387008: do_swap_page: swapin tgid 1338 pid 1361 name "android.display" vma 7ed0c31000
           <...>-1361  [004] ....  5314.387025: do_swap_page: swapin tgid 1338 pid 1361 name "android.display" vma 9d661000
           <...>-1361  [004] ....  5314.387329: do_swap_page: swapin tgid 1338 pid 1361 name "android.display" vma 9d661000
           <...>-1361  [004] ....  5314.387340: do_swap_page: swapin tgid 1338 pid 1361 name "android.display" vma 7eb4239000
           <...>-1361  [004] ....  5314.387414: do_swap_page: swapin tgid 1338 pid 1361 name "android.display" vma 9d73f000
     logd.writer-567   [004] ....  5314.387461: do_swap_page: swapin tgid 556 pid 567 name "logd.writer" vma 7fb7cc3000
     logd.writer-567   [004] ....  5314.387478: do_swap_page: swapin tgid 556 pid 567 name "logd.writer" vma 7fb7d60000
           <...>-1361  [004] ....  5314.387588: do_swap_page: swapin tgid 1338 pid 1361 name "android.display" vma 9d73f000
           <...>-1361  [004] ....  5314.387657: do_swap_page: swapin tgid 1338 pid 1361 name "android.display" vma 13fe3000
           <...>-1361  [004] ....  5314.387668: do_swap_page: swapin tgid 1338 pid 1361 name "android.display" vma 14a71000
           <...>-1361  [004] ....  5314.387675: do_swap_page: swapin tgid 1338 pid 1361 name "android.display" vma 14546000
           <...>-1361  [004] ....  5314.387678: do_swap_page: swapin tgid 1338 pid 1361 name "android.display" vma 13b9b000
           <...>-1361  [004] ....  5314.387687: do_swap_page: swapin tgid 1338 pid 1361 name "android.display" vma 141cf000
           <...>-1361  [004] ....  5314.387691: do_swap_page: swapin tgid 1338 pid 1361 name "android.display" vma 145e7000
           <...>-1361  [004] ....  5314.387717: do_swap_page: swapin tgid 1338 pid 1361 name "android.display" vma 7f289f2000
           <...>-1361  [004] ....  5314.387721: do_swap_page: swapin tgid 1338 pid 1361 name "android.display" vma 7f28a7a000
           <...>-1361  [004] ....  5314.387735: do_swap_page: swapin tgid 1338 pid 1361 name "android.display" vma 7eb4244000
           <...>-1361  [004] ....  5314.387738: do_swap_page: swapin tgid 1338 pid 1361 name "android.display" vma 7f2d66f000
           <...>-1361  [004] ....  5314.387752: do_swap_page: swapin tgid 1338 pid 1361 name "android.display" vma 7e5eeeb000
           <...>-1361  [004] ....  5314.387763: do_swap_page: swapin tgid 1338 pid 1361 name "android.display" vma 14411000
           <...>-1361  [004] ....  5314.387774: do_swap_page: swapin tgid 1338 pid 1361 name "android.display" vma 7f2d668000
           <...>-1361  [004] ....  5314.387801: do_swap_page: swapin tgid 1338 pid 1361 name "android.display" vma 7e8785a000
           <...>-1367  [004] ....  5314.387831: do_swap_page: swapin tgid 1338 pid 1367 name "android.bg" vma 7ec83d1000
           <...>-1367  [004] ....  5314.387844: do_swap_page: swapin tgid 1338 pid 1367 name "android.bg" vma 7ec83d2000
           <...>-1367  [004] ....  5314.387847: do_swap_page: swapin tgid 1338 pid 1367 name "android.bg" vma 7ed0c38000
           <...>-1367  [004] ....  5314.387855: do_swap_page: swapin tgid 1338 pid 1367 name "android.bg" vma 7ec83cf000
           <...>-1367  [004] ....  5314.387860: do_swap_page: swapin tgid 1338 pid 1367 name "android.bg" vma 143fa000
           <...>-1367  [004] ....  5314.387865: do_swap_page: swapin tgid 1338 pid 1367 name "android.bg" vma 7f31041000
           <...>-1367  [004] ....  5314.387873: do_swap_page: swapin tgid 1338 pid 1367 name "android.bg" vma 9d866000
           <...>-1595  [004] ....  5314.387902: do_swap_page: swapin tgid 1338 pid 1595 name "AudioService" vma 7e87844000
           <...>-1595  [004] ....  5314.387911: do_swap_page: swapin tgid 1338 pid 1595 name "AudioService" vma 7e87845000
           <...>-2114  [004] ....  5314.387956: do_swap_page: swapin tgid 1700 pid 2114 name "Binder:1700_5" vma 7ec2b42000
           <...>-2114  [004] ....  5314.387994: do_swap_page: swapin tgid 1700 pid 2114 name "Binder:1700_5" vma 7fbe254000
           <...>-2114  [004] ....  5314.388002: do_swap_page: swapin tgid 1700 pid 2114 name "Binder:1700_5" vma 7f2d69a000
           <...>-2224  [004] ....  5314.388081: do_swap_page: swapin tgid 1700 pid 2224 name "ScreenDecoratio" vma 7eb9c9d000
           <...>-2224  [004] ....  5314.388092: do_swap_page: swapin tgid 1700 pid 2224 name "ScreenDecoratio" vma 7eb9c9e000
           <...>-2224  [004] ....  5314.388095: do_swap_page: swapin tgid 1700 pid 2224 name "ScreenDecoratio" vma 7f28f70000
           <...>-2224  [004] ....  5314.388099: do_swap_page: swapin tgid 1700 pid 2224 name "ScreenDecoratio" vma 7f28bd6000
           <...>-2224  [004] ....  5314.388103: do_swap_page: swapin tgid 1700 pid 2224 name "ScreenDecoratio" vma 7eb9c9c000
           <...>-2224  [004] ....  5314.388107: do_swap_page: swapin tgid 1700 pid 2224 name "ScreenDecoratio" vma 7eb9c9b000
           <...>-1595  [004] ....  5314.388142: do_swap_page: swapin tgid 1338 pid 1595 name "AudioService" vma 7e87845000
           <...>-1595  [004] ....  5314.388150: do_swap_page: swapin tgid 1338 pid 1595 name "AudioService" vma 7eb4f62000
           <...>-1595  [004] ....  5314.388154: do_swap_page: swapin tgid 1338 pid 1595 name "AudioService" vma 7eb4f63000
           <...>-1595  [004] ....  5314.388160: do_swap_page: swapin tgid 1338 pid 1595 name "AudioService" vma 7e87843000
           <...>-1595  [004] ....  5314.388166: do_swap_page: swapin tgid 1338 pid 1595 name "AudioService" vma 7e87842000
           <...>-1338  [004] ....  5314.388203: do_swap_page: swapin tgid 1338 pid 1338 name "system_server" vma 145dd000
           <...>-1338  [004] ....  5314.388208: do_swap_page: swapin tgid 1338 pid 1338 name "system_server" vma 9d866000
           <...>-1338  [004] ....  5314.388225: do_swap_page: swapin tgid 1338 pid 1338 name "system_server" vma 9d60d000
           <...>-1338  [004] ....  5314.388243: do_swap_page: swapin tgid 1338 pid 1338 name "system_server" vma 9d8d7000
           <...>-1367  [004] ....  5314.388277: do_swap_page: swapin tgid 1338 pid 1367 name "android.bg" vma 9d6ff000
           <...>-1595  [004] ....  5314.388311: do_swap_page: swapin tgid 1338 pid 1595 name "AudioService" vma 7e87842000
           <...>-1595  [004] ....  5314.388318: do_swap_page: swapin tgid 1338 pid 1595 name "AudioService" vma 7f212fc000
           <...>-1595  [004] ....  5314.388325: do_swap_page: swapin tgid 1338 pid 1595 name "AudioService" vma 141d2000
           <...>-1595  [004] ....  5314.388328: do_swap_page: swapin tgid 1338 pid 1595 name "AudioService" vma 9d639000
           <...>-1595  [004] ....  5314.388343: do_swap_page: swapin tgid 1338 pid 1595 name "AudioService" vma 9d8aa000
           <...>-2224  [004] ....  5314.388357: do_swap_page: swapin tgid 1700 pid 2224 name "ScreenDecoratio" vma 7eb9c9b000
           <...>-2224  [004] ....  5314.388367: do_swap_page: swapin tgid 1700 pid 2224 name "ScreenDecoratio" vma 7f309df000
           <...>-2224  [004] ....  5314.388372: do_swap_page: swapin tgid 1700 pid 2224 name "ScreenDecoratio" vma 12e43000
           <...>-2224  [004] ....  5314.388378: do_swap_page: swapin tgid 1700 pid 2224 name "ScreenDecoratio" vma 13d37000
           <...>-2224  [004] ....  5314.388424: do_swap_page: swapin tgid 1700 pid 2224 name "ScreenDecoratio" vma 7ec9bc4000
           <...>-2224  [004] ....  5314.388428: do_swap_page: swapin tgid 1700 pid 2224 name "ScreenDecoratio" vma 7ec9bc5000
           <...>-2224  [004] ....  5314.388433: do_swap_page: swapin tgid 1700 pid 2224 name "ScreenDecoratio" vma 7f2d751000
           <...>-2224  [004] ....  5314.388438: do_swap_page: swapin tgid 1700 pid 2224 name "ScreenDecoratio" vma 7ec29fc000
           <...>-2224  [004] ....  5314.388443: do_swap_page: swapin tgid 1700 pid 2224 name "ScreenDecoratio" vma 13288000
           <...>-2224  [004] ....  5314.388455: do_swap_page: swapin tgid 1700 pid 2224 name "ScreenDecoratio" vma 7f2d752000
           <...>-1595  [004] ....  5314.388492: do_swap_page: swapin tgid 1338 pid 1595 name "AudioService" vma 9d8aa000
           <...>-2224  [004] ....  5314.388583: do_swap_page: swapin tgid 1700 pid 2224 name "ScreenDecoratio" vma 7f2d72f000
           <...>-2224  [004] ....  5314.388598: do_swap_page: swapin tgid 1700 pid 2224 name "ScreenDecoratio" vma 132d3000
           <...>-2224  [004] ....  5314.388601: do_swap_page: swapin tgid 1700 pid 2224 name "ScreenDecoratio" vma 132d4000
           <...>-2224  [004] ....  5314.388622: do_swap_page: swapin tgid 1700 pid 2224 name "ScreenDecoratio" vma 7f2d69f000
           <...>-2224  [004] ....  5314.388632: do_swap_page: swapin tgid 1700 pid 2224 name "ScreenDecoratio" vma 13d3d000
           <...>-2224  [004] ....  5314.388634: do_swap_page: swapin tgid 1700 pid 2224 name "ScreenDecoratio" vma 13d3c000
           <...>-2224  [004] ....  5314.388726: do_swap_page: swapin tgid 1700 pid 2224 name "ScreenDecoratio" vma 9d811000
           <...>-1338  [004] ....  5314.388756: do_swap_page: swapin tgid 1338 pid 1338 name "system_server" vma 9d8d7000
           <...>-1338  [004] ....  5314.388762: do_swap_page: swapin tgid 1338 pid 1338 name "system_server" vma 9d8c8000
           <...>-1367  [004] ....  5314.388785: do_swap_page: swapin tgid 1338 pid 1367 name "android.bg" vma 9d6ff000
           <...>-1367  [004] ....  5314.388790: do_swap_page: swapin tgid 1338 pid 1367 name "android.bg" vma 7ec83d0000
           <...>-1367  [004] ....  5314.388796: do_swap_page: swapin tgid 1338 pid 1367 name "android.bg" vma 14a63000
           <...>-1359  [004] ....  5314.388817: do_swap_page: swapin tgid 1338 pid 1359 name "android.ui" vma 9d601000
           <...>-1359  [004] ....  5314.388820: do_swap_page: swapin tgid 1338 pid 1359 name "android.ui" vma 9d883000
           <...>-2224  [004] ....  5314.388864: do_swap_page: swapin tgid 1700 pid 2224 name "ScreenDecoratio" vma 9d811000
           <...>-2224  [004] ....  5314.388870: do_swap_page: swapin tgid 1700 pid 2224 name "ScreenDecoratio" vma 9d750000
           <...>-1361  [004] ....  5314.388910: do_swap_page: swapin tgid 1338 pid 1361 name "android.display" vma 7e8785a000
           <...>-1361  [004] ....  5314.389039: do_swap_page: swapin tgid 1338 pid 1361 name "android.display" vma 7e87928000
           <...>-1361  [004] ....  5314.389110: do_swap_page: swapin tgid 1338 pid 1361 name "android.display" vma 7e5efc4000
           <...>-1837  [004] ....  5314.389380: do_swap_page: swapin tgid 1816 pid 1837 name "Binder:1816_2" vma 7f2d668000
           <...>-1837  [004] ....  5314.389390: do_swap_page: swapin tgid 1816 pid 1837 name "Binder:1816_2" vma 7f2dfec000
           <...>-1837  [004] ....  5314.389398: do_swap_page: swapin tgid 1816 pid 1837 name "Binder:1816_2" vma 7f2dfed000
           <...>-1937  [004] ....  5314.389433: do_swap_page: swapin tgid 1882 pid 1937 name "Binder:1882_3" vma 7f28abc000
           <...>-1937  [004] ....  5314.389440: do_swap_page: swapin tgid 1882 pid 1937 name "Binder:1882_3" vma 7f2deef000
           <...>-1937  [004] ....  5314.389444: do_swap_page: swapin tgid 1882 pid 1937 name "Binder:1882_3" vma 7f2def0000
           <...>-3419  [004] ....  5314.389485: do_swap_page: swapin tgid 1904 pid 3419 name "Binder:1904_5" vma 7fbe2f1000
           <...>-3419  [004] ....  5314.389492: do_swap_page: swapin tgid 1904 pid 3419 name "Binder:1904_5" vma 7fbe241000
   Binder:1918_6-2237  [004] ....  5314.389533: do_swap_page: swapin tgid 1918 pid 2237 name "Binder:1918_6" vma 7fbe241000
           <...>-2040  [004] ....  5314.389565: do_swap_page: swapin tgid 2012 pid 2040 name "Binder:2012_1" vma 7f28a4e000
           <...>-2040  [004] ....  5314.389573: do_swap_page: swapin tgid 2012 pid 2040 name "Binder:2012_1" vma 7f2e0e9000
           <...>-2040  [004] ....  5314.389576: do_swap_page: swapin tgid 2012 pid 2040 name "Binder:2012_1" vma 7f2e0ea000
           <...>-2532  [004] ....  5314.389621: do_swap_page: swapin tgid 2079 pid 2532 name "Binder:2079_6" vma 7f28b15000
           <...>-2532  [004] ....  5314.389630: do_swap_page: swapin tgid 2079 pid 2532 name "Binder:2079_6" vma 7ec95cf000
           <...>-2532  [004] ....  5314.389633: do_swap_page: swapin tgid 2079 pid 2532 name "Binder:2079_6" vma 7ec95d0000
   Binder:2275_7-3045  [004] ....  5314.389665: do_swap_page: swapin tgid 2275 pid 3045 name "Binder:2275_7" vma 7ec4c2b000
   Binder:2275_7-3045  [004] ....  5314.389693: do_swap_page: swapin tgid 2275 pid 3045 name "Binder:2275_7" vma 7ec2dd4000
   Binder:2275_7-3045  [004] ....  5314.389697: do_swap_page: swapin tgid 2275 pid 3045 name "Binder:2275_7" vma 7ec2dd5000
   Binder:2275_7-3045  [004] ....  5314.389700: do_swap_page: swapin tgid 2275 pid 3045 name "Binder:2275_7" vma 7ec4e58000
   Binder:2275_7-3045  [004] ....  5314.389706: do_swap_page: swapin tgid 2275 pid 3045 name "Binder:2275_7" vma 7fbe180000
   Binder:2275_7-3045  [004] ....  5314.389710: do_swap_page: swapin tgid 2275 pid 3045 name "Binder:2275_7" vma 7fbe1d0000
   Binder:2275_7-3045  [004] ....  5314.389719: do_swap_page: swapin tgid 2275 pid 3045 name "Binder:2275_7" vma 7fbe22c000
   Binder:2275_7-3045  [004] ....  5314.389726: do_swap_page: swapin tgid 2275 pid 3045 name "Binder:2275_7" vma 7fbe296000
   Binder:2275_7-3045  [004] ....  5314.389743: do_swap_page: swapin tgid 2275 pid 3045 name "Binder:2275_7" vma 7fbbbfd000
   Binder:2275_7-3045  [004] ....  5314.389756: do_swap_page: swapin tgid 2275 pid 3045 name "Binder:2275_7" vma 7fbe2f3000
   Binder:2275_7-3045  [004] ....  5314.389759: do_swap_page: swapin tgid 2275 pid 3045 name "Binder:2275_7" vma 7fbe241000
           <...>-5155  [004] ....  5314.389791: do_swap_page: swapin tgid 2396 pid 5155 name "Binder:2396_A" vma 7f289d6000
           <...>-5155  [004] ....  5314.389818: do_swap_page: swapin tgid 2396 pid 5155 name "Binder:2396_A" vma 7f29ce4000
           <...>-5155  [004] ....  5314.389823: do_swap_page: swapin tgid 2396 pid 5155 name "Binder:2396_A" vma 7f29ce5000
           <...>-5155  [004] ....  5314.389825: do_swap_page: swapin tgid 2396 pid 5155 name "Binder:2396_A" vma 7f28af1000
           <...>-5155  [004] ....  5314.389830: do_swap_page: swapin tgid 2396 pid 5155 name "Binder:2396_A" vma 7fbe180000
           <...>-5155  [004] ....  5314.389833: do_swap_page: swapin tgid 2396 pid 5155 name "Binder:2396_A" vma 7f289d4000
           <...>-5155  [004] ....  5314.389841: do_swap_page: swapin tgid 2396 pid 5155 name "Binder:2396_A" vma 7fbe22c000
           <...>-5155  [004] ....  5314.389855: do_swap_page: swapin tgid 2396 pid 5155 name "Binder:2396_A" vma 7fbe165000
           <...>-5155  [004] ....  5314.389860: do_swap_page: swapin tgid 2396 pid 5155 name "Binder:2396_A" vma 7ed32c8000
           <...>-5155  [004] ....  5314.389865: do_swap_page: swapin tgid 2396 pid 5155 name "Binder:2396_A" vma 7fbbbfd000
           <...>-5155  [004] ....  5314.389867: do_swap_page: swapin tgid 2396 pid 5155 name "Binder:2396_A" vma 7fbe2f3000
           <...>-5155  [004] ....  5314.389873: do_swap_page: swapin tgid 2396 pid 5155 name "Binder:2396_A" vma 7fbe241000
           <...>-2675  [004] ....  5314.389912: do_swap_page: swapin tgid 2424 pid 2675 name "Binder:2424_3" vma 7fbe222000
           <...>-2675  [004] ....  5314.389923: do_swap_page: swapin tgid 2424 pid 2675 name "Binder:2424_3" vma 7ed06cc000
           <...>-2675  [004] ....  5314.389927: do_swap_page: swapin tgid 2424 pid 2675 name "Binder:2424_3" vma 7ed06cd000
           <...>-1937  [004] ....  5314.389958: do_swap_page: swapin tgid 1882 pid 1937 name "Binder:1882_3" vma 7f2def0000
           <...>-1937  [004] ....  5314.389968: do_swap_page: swapin tgid 1882 pid 1937 name "Binder:1882_3" vma 7fbe1db000
           <...>-1937  [004] ....  5314.389970: do_swap_page: swapin tgid 1882 pid 1937 name "Binder:1882_3" vma 7fbe180000
           <...>-1937  [004] ....  5314.389987: do_swap_page: swapin tgid 1882 pid 1937 name "Binder:1882_3" vma 7fbe1d0000
           <...>-2532  [004] ....  5314.390085: do_swap_page: swapin tgid 2079 pid 2532 name "Binder:2079_6" vma 7ec95d0000
           <...>-2532  [004] ....  5314.390092: do_swap_page: swapin tgid 2079 pid 2532 name "Binder:2079_6" vma 7ecd9ba000
           <...>-2532  [004] ....  5314.390102: do_swap_page: swapin tgid 2079 pid 2532 name "Binder:2079_6" vma 7fbe22d000
           <...>-2532  [004] ....  5314.390105: do_swap_page: swapin tgid 2079 pid 2532 name "Binder:2079_6" vma 7f28bd5000
           <...>-2532  [004] ....  5314.390108: do_swap_page: swapin tgid 2079 pid 2532 name "Binder:2079_6" vma 7fbe241000
   Binder:1918_6-2237  [004] ....  5314.390134: do_swap_page: swapin tgid 1918 pid 2237 name "Binder:1918_6" vma 7fbe241000
   Binder:1918_6-2237  [004] ....  5314.390147: do_swap_page: swapin tgid 1918 pid 2237 name "Binder:1918_6" vma 145d7000
           <...>-2040  [004] ....  5314.390203: do_swap_page: swapin tgid 2012 pid 2040 name "Binder:2012_1" vma 7f2e0ea000
           <...>-2040  [004] ....  5314.390209: do_swap_page: swapin tgid 2012 pid 2040 name "Binder:2012_1" vma 7f289fc000
           <...>-2040  [004] ....  5314.390214: do_swap_page: swapin tgid 2012 pid 2040 name "Binder:2012_1" vma 7fbe180000
           <...>-2040  [004] ....  5314.390218: do_swap_page: swapin tgid 2012 pid 2040 name "Binder:2012_1" vma 7fbe1fd000
           <...>-2675  [004] ....  5314.390268: do_swap_page: swapin tgid 2424 pid 2675 name "Binder:2424_3" vma 7ed06cd000
           <...>-2675  [004] ....  5314.390276: do_swap_page: swapin tgid 2424 pid 2675 name "Binder:2424_3" vma 7f28bbf000
           <...>-2675  [004] ....  5314.390278: do_swap_page: swapin tgid 2424 pid 2675 name "Binder:2424_3" vma 7fbe180000
           <...>-2675  [004] ....  5314.390282: do_swap_page: swapin tgid 2424 pid 2675 name "Binder:2424_3" vma 7fbe1fd000
           <...>-2675  [004] ....  5314.390291: do_swap_page: swapin tgid 2424 pid 2675 name "Binder:2424_3" vma 7f28b4f000
           <...>-2675  [004] ....  5314.390293: do_swap_page: swapin tgid 2424 pid 2675 name "Binder:2424_3" vma 7f28ac2000
           <...>-2675  [004] ....  5314.390299: do_swap_page: swapin tgid 2424 pid 2675 name "Binder:2424_3" vma 7fbe2fb000
           <...>-2675  [004] ....  5314.390303: do_swap_page: swapin tgid 2424 pid 2675 name "Binder:2424_3" vma 7fbbbfd000
           <...>-3419  [004] ....  5314.390331: do_swap_page: swapin tgid 1904 pid 3419 name "Binder:1904_5" vma 7fbe241000
           <...>-3419  [004] ....  5314.390364: do_swap_page: swapin tgid 1904 pid 3419 name "Binder:1904_5" vma 7f2d748000
           <...>-3419  [004] ....  5314.390376: do_swap_page: swapin tgid 1904 pid 3419 name "Binder:1904_5" vma 1340a000
           <...>-1837  [004] ....  5314.390418: do_swap_page: swapin tgid 1816 pid 1837 name "Binder:1816_2" vma 7f2dfed000
           <...>-1837  [004] ....  5314.390424: do_swap_page: swapin tgid 1816 pid 1837 name "Binder:1816_2" vma 7f2d666000
           <...>-1837  [004] ....  5314.390430: do_swap_page: swapin tgid 1816 pid 1837 name "Binder:1816_2" vma 7fbe180000
           <...>-1837  [004] ....  5314.390434: do_swap_page: swapin tgid 1816 pid 1837 name "Binder:1816_2" vma 7f2d673000
   Binder:1918_6-2237  [004] ....  5314.390479: do_swap_page: swapin tgid 1918 pid 2237 name "Binder:1918_6" vma 145d7000
   Binder:1918_6-2237  [004] ....  5314.390506: do_swap_page: swapin tgid 1918 pid 2237 name "Binder:1918_6" vma 7ed2b00000
   Binder:1918_6-2237  [004] ....  5314.390510: do_swap_page: swapin tgid 1918 pid 2237 name "Binder:1918_6" vma 7fbe1c2000
   Binder:1918_6-2237  [004] ....  5314.390518: do_swap_page: swapin tgid 1918 pid 2237 name "Binder:1918_6" vma 146d9000
           <...>-5155  [004] ....  5314.390547: do_swap_page: swapin tgid 2396 pid 5155 name "Binder:2396_A" vma 7fbe241000
           <...>-5155  [004] ....  5314.390555: do_swap_page: swapin tgid 2396 pid 5155 name "Binder:2396_A" vma 7fbe1e9000
           <...>-5155  [004] ....  5314.390559: do_swap_page: swapin tgid 2396 pid 5155 name "Binder:2396_A" vma 7f393eb000
           <...>-2040  [004] ....  5314.390597: do_swap_page: swapin tgid 2012 pid 2040 name "Binder:2012_1" vma 7fbe1fd000
           <...>-2040  [004] ....  5314.390603: do_swap_page: swapin tgid 2012 pid 2040 name "Binder:2012_1" vma 7fbe1d0000
           <...>-1837  [004] ....  5314.390648: do_swap_page: swapin tgid 1816 pid 1837 name "Binder:1816_2" vma 7f2d673000
           <...>-1837  [004] ....  5314.390662: do_swap_page: swapin tgid 1816 pid 1837 name "Binder:1816_2" vma 7f2d615000
           <...>-1837  [004] ....  5314.390669: do_swap_page: swapin tgid 1816 pid 1837 name "Binder:1816_2" vma 7f2d61f000
   Binder:2275_7-3045  [004] ....  5314.390694: do_swap_page: swapin tgid 2275 pid 3045 name "Binder:2275_7" vma 7fbe241000
   Binder:2275_7-3045  [004] ....  5314.390700: do_swap_page: swapin tgid 2275 pid 3045 name "Binder:2275_7" vma 7fbe1e9000
   Binder:2275_7-3045  [004] ....  5314.390705: do_swap_page: swapin tgid 2275 pid 3045 name "Binder:2275_7" vma 7f393eb000
           <...>-2532  [004] ....  5314.390776: do_swap_page: swapin tgid 2079 pid 2532 name "Binder:2079_6" vma 7fbe241000
           <...>-2532  [004] ....  5314.390784: do_swap_page: swapin tgid 2079 pid 2532 name "Binder:2079_6" vma 7ecd9a2000
           <...>-2532  [004] ....  5314.390788: do_swap_page: swapin tgid 2079 pid 2532 name "Binder:2079_6" vma 7fbc1fc000
           <...>-2532  [004] ....  5314.390790: do_swap_page: swapin tgid 2079 pid 2532 name "Binder:2079_6" vma 7f28b1b000
           <...>-2532  [004] ....  5314.390793: do_swap_page: swapin tgid 2079 pid 2532 name "Binder:2079_6" vma 7ecd9a3000
           <...>-2532  [004] ....  5314.390800: do_swap_page: swapin tgid 2079 pid 2532 name "Binder:2079_6" vma 7ec95cd000
           <...>-1937  [004] ....  5314.390841: do_swap_page: swapin tgid 1882 pid 1937 name "Binder:1882_3" vma 7fbe1d0000
           <...>-1937  [004] ....  5314.390855: do_swap_page: swapin tgid 1882 pid 1937 name "Binder:1882_3" vma 7fbe22b000
           <...>-1937  [004] ....  5314.390857: do_swap_page: swapin tgid 1882 pid 1937 name "Binder:1882_3" vma 7fbe165000
           <...>-2675  [004] ....  5314.390884: do_swap_page: swapin tgid 2424 pid 2675 name "Binder:2424_3" vma 7fbbbfd000
           <...>-2675  [004] ....  5314.390893: do_swap_page: swapin tgid 2424 pid 2675 name "Binder:2424_3" vma 7fbe2f3000
           <...>-2675  [004] ....  5314.390896: do_swap_page: swapin tgid 2424 pid 2675 name "Binder:2424_3" vma 7fbe241000
           <...>-5155  [004] ....  5314.391071: do_swap_page: swapin tgid 2396 pid 5155 name "Binder:2396_A" vma 7f393eb000
           <...>-5155  [004] ....  5314.391078: do_swap_page: swapin tgid 2396 pid 5155 name "Binder:2396_A" vma 7ed32aa000
           <...>-5155  [004] ....  5314.391082: do_swap_page: swapin tgid 2396 pid 5155 name "Binder:2396_A" vma 7fbcdf3000
           <...>-2040  [004] ....  5314.391103: do_swap_page: swapin tgid 2012 pid 2040 name "Binder:2012_1" vma 7fbe1d0000
           <...>-2040  [004] ....  5314.391173: do_swap_page: swapin tgid 2012 pid 2040 name "Binder:2012_1" vma 7fbe22b000
           <...>-2040  [004] ....  5314.391177: do_swap_page: swapin tgid 2012 pid 2040 name "Binder:2012_1" vma 7f28ac2000
   Binder:2275_7-3045  [004] ....  5314.391299: do_swap_page: swapin tgid 2275 pid 3045 name "Binder:2275_7" vma 7f393eb000
   Binder:2275_7-3045  [004] ....  5314.391324: do_swap_page: swapin tgid 2275 pid 3045 name "Binder:2275_7" vma 7fbe165000
   Binder:2275_7-3045  [004] ....  5314.391331: do_swap_page: swapin tgid 2275 pid 3045 name "Binder:2275_7" vma 7ec4baa000
   Binder:2275_7-3045  [004] ....  5314.391336: do_swap_page: swapin tgid 2275 pid 3045 name "Binder:2275_7" vma 7fbc1fc000
   Binder:2275_7-3045  [004] ....  5314.391340: do_swap_page: swapin tgid 2275 pid 3045 name "Binder:2275_7" vma 7f28b1a000
   Binder:2275_7-3045  [004] ....  5314.391358: do_swap_page: swapin tgid 2275 pid 3045 name "Binder:2275_7" vma 7f393e9000
   Binder:2275_7-3045  [004] ....  5314.391363: do_swap_page: swapin tgid 2275 pid 3045 name "Binder:2275_7" vma 7fbe23c000
   Binder:2275_7-3045  [004] ....  5314.391366: do_swap_page: swapin tgid 2275 pid 3045 name "Binder:2275_7" vma 7f31934000
   Binder:2275_7-3045  [004] ....  5314.391370: do_swap_page: swapin tgid 2275 pid 3045 name "Binder:2275_7" vma 12d88000
   Binder:2275_7-3045  [004] ....  5314.391374: do_swap_page: swapin tgid 2275 pid 3045 name "Binder:2275_7" vma 7fbe286000
   Binder:2275_7-3045  [004] ....  5314.391379: do_swap_page: swapin tgid 2275 pid 3045 name "Binder:2275_7" vma 7fbe285000
   Binder:2275_7-3045  [004] ....  5314.391381: do_swap_page: swapin tgid 2275 pid 3045 name "Binder:2275_7" vma 7f393ea000
   Binder:2275_7-3045  [004] ....  5314.391384: do_swap_page: swapin tgid 2275 pid 3045 name "Binder:2275_7" vma 7fbe1f8000
   Binder:2275_7-3045  [004] ....  5314.391387: do_swap_page: swapin tgid 2275 pid 3045 name "Binder:2275_7" vma 7ec2dd2000
   Binder:2275_7-3045  [004] ....  5314.391390: do_swap_page: swapin tgid 2275 pid 3045 name "Binder:2275_7" vma 12c05000
   Binder:2275_7-3045  [004] ....  5314.391392: do_swap_page: swapin tgid 2275 pid 3045 name "Binder:2275_7" vma 1313d000
   Binder:2275_7-3045  [004] ....  5314.391397: do_swap_page: swapin tgid 2275 pid 3045 name "Binder:2275_7" vma 149d2000
   Binder:2275_7-3045  [004] ....  5314.391401: do_swap_page: swapin tgid 2275 pid 3045 name "Binder:2275_7" vma 149f0000
   Binder:2275_7-3045  [004] ....  5314.391406: do_swap_page: swapin tgid 2275 pid 3045 name "Binder:2275_7" vma 7fbe24e000
   Binder:2275_7-3045  [004] ....  5314.391416: do_swap_page: swapin tgid 2275 pid 3045 name "Binder:2275_7" vma 7f30f80000
   Binder:2275_7-3045  [004] ....  5314.391421: do_swap_page: swapin tgid 2275 pid 3045 name "Binder:2275_7" vma 7ec2dd3000
   Binder:2275_7-3045  [004] ....  5314.391423: do_swap_page: swapin tgid 2275 pid 3045 name "Binder:2275_7" vma 154c3000
   Binder:2275_7-3045  [004] ....  5314.391429: do_swap_page: swapin tgid 2275 pid 3045 name "Binder:2275_7" vma 7f34f4e000
   Binder:2275_7-3045  [004] ....  5314.391432: do_swap_page: swapin tgid 2275 pid 3045 name "Binder:2275_7" vma 15382000
   Binder:2275_7-3045  [004] ....  5314.391437: do_swap_page: swapin tgid 2275 pid 3045 name "Binder:2275_7" vma 7fbe1e7000
   Binder:2275_7-3045  [004] ....  5314.391439: do_swap_page: swapin tgid 2275 pid 3045 name "Binder:2275_7" vma 7fbe17f000
   Binder:2275_7-3045  [004] ....  5314.391440: do_swap_page: swapin tgid 2275 pid 3045 name "Binder:2275_7" vma 7fbe20a000
           <...>-1937  [004] ....  5314.391465: do_swap_page: swapin tgid 1882 pid 1937 name "Binder:1882_3" vma 7fbe165000
           <...>-1937  [004] ....  5314.391470: do_swap_page: swapin tgid 1882 pid 1937 name "Binder:1882_3" vma 7f28b57000
           <...>-1937  [004] ....  5314.391475: do_swap_page: swapin tgid 1882 pid 1937 name "Binder:1882_3" vma 7fbbbfd000
           <...>-1837  [004] ....  5314.391498: do_swap_page: swapin tgid 1816 pid 1837 name "Binder:1816_2" vma 7f2d61f000
           <...>-1837  [004] ....  5314.391502: do_swap_page: swapin tgid 1816 pid 1837 name "Binder:1816_2" vma 7f2d669000
           <...>-1837  [004] ....  5314.391506: do_swap_page: swapin tgid 1816 pid 1837 name "Binder:1816_2" vma 7fbbbfd000
           <...>-5155  [004] ....  5314.391564: do_swap_page: swapin tgid 2396 pid 5155 name "Binder:2396_A" vma 7fbcdf3000
           <...>-5155  [004] ....  5314.391573: do_swap_page: swapin tgid 2396 pid 5155 name "Binder:2396_A" vma 7fbc1fc000
           <...>-5155  [004] ....  5314.391575: do_swap_page: swapin tgid 2396 pid 5155 name "Binder:2396_A" vma 7f28b62000
           <...>-5155  [004] ....  5314.391580: do_swap_page: swapin tgid 2396 pid 5155 name "Binder:2396_A" vma 7f393e9000
           <...>-5155  [004] ....  5314.391582: do_swap_page: swapin tgid 2396 pid 5155 name "Binder:2396_A" vma 7fbe23c000
           <...>-5155  [004] ....  5314.391583: do_swap_page: swapin tgid 2396 pid 5155 name "Binder:2396_A" vma 7ed32ab000
           <...>-5155  [004] ....  5314.391590: do_swap_page: swapin tgid 2396 pid 5155 name "Binder:2396_A" vma 7f31934000
           <...>-5155  [004] ....  5314.391613: do_swap_page: swapin tgid 2396 pid 5155 name "Binder:2396_A" vma 12d07000
           <...>-5155  [004] ....  5314.391617: do_swap_page: swapin tgid 2396 pid 5155 name "Binder:2396_A" vma 7fbe286000
           <...>-5155  [004] ....  5314.391619: do_swap_page: swapin tgid 2396 pid 5155 name "Binder:2396_A" vma 7fbe285000
           <...>-5155  [004] ....  5314.391620: do_swap_page: swapin tgid 2396 pid 5155 name "Binder:2396_A" vma 7f393ea000
           <...>-2532  [004] ....  5314.391658: do_swap_page: swapin tgid 2079 pid 2532 name "Binder:2079_6" vma 7ec95cd000
           <...>-2532  [004] ....  5314.391667: do_swap_page: swapin tgid 2079 pid 2532 name "Binder:2079_6" vma 1327c000
           <...>-2532  [004] ....  5314.391678: do_swap_page: swapin tgid 2079 pid 2532 name "Binder:2079_6" vma 7f3105e000
           <...>-2532  [004] ....  5314.391682: do_swap_page: swapin tgid 2079 pid 2532 name "Binder:2079_6" vma 7ec95ce000
           <...>-2532  [004] ....  5314.391684: do_swap_page: swapin tgid 2079 pid 2532 name "Binder:2079_6" vma 12d01000
           <...>-2532  [004] ....  5314.391693: do_swap_page: swapin tgid 2079 pid 2532 name "Binder:2079_6" vma 7ecd9b2000
           <...>-2532  [004] ....  5314.391695: do_swap_page: swapin tgid 2079 pid 2532 name "Binder:2079_6" vma 7ecda5c000
           <...>-2532  [004] ....  5314.391698: do_swap_page: swapin tgid 2079 pid 2532 name "Binder:2079_6" vma 7f28afc000
           <...>-2532  [004] ....  5314.391732: do_swap_page: swapin tgid 2079 pid 2532 name "Binder:2079_6" vma 13088000
           <...>-2532  [004] ....  5314.391738: do_swap_page: swapin tgid 2079 pid 2532 name "Binder:2079_6" vma 7fbe254000
           <...>-2532  [004] ....  5314.391747: do_swap_page: swapin tgid 2079 pid 2532 name "Binder:2079_6" vma 12e42000
   Binder:1918_6-2237  [004] ....  5314.391779: do_swap_page: swapin tgid 1918 pid 2237 name "Binder:1918_6" vma 146d9000
           <...>-1918  [004] ....  5314.391835: do_swap_page: swapin tgid 1918 pid 1918 name "m.android.phone" vma 14655000
           <...>-1918  [004] ....  5314.391846: do_swap_page: swapin tgid 1918 pid 1918 name "m.android.phone" vma 145ca000
           <...>-1918  [004] ....  5314.391858: do_swap_page: swapin tgid 1918 pid 1918 name "m.android.phone" vma 145d9000
           <...>-1918  [004] ....  5314.391861: do_swap_page: swapin tgid 1918 pid 1918 name "m.android.phone" vma 145da000
           <...>-1918  [004] ....  5314.391869: do_swap_page: swapin tgid 1918 pid 1918 name "m.android.phone" vma 146ab000
           <...>-1918  [004] ....  5314.391877: do_swap_page: swapin tgid 1918 pid 1918 name "m.android.phone" vma 7f28b2c000
           <...>-1918  [004] ....  5314.391883: do_swap_page: swapin tgid 1918 pid 1918 name "m.android.phone" vma 7ed2b29000
           <...>-1918  [004] ....  5314.391886: do_swap_page: swapin tgid 1918 pid 1918 name "m.android.phone" vma 146c7000
           <...>-2675  [004] ....  5314.391915: do_swap_page: swapin tgid 2424 pid 2675 name "Binder:2424_3" vma 7fbe241000
           <...>-2675  [004] ....  5314.391922: do_swap_page: swapin tgid 2424 pid 2675 name "Binder:2424_3" vma 7fbe1e9000
           <...>-1837  [004] ....  5314.391966: do_swap_page: swapin tgid 1816 pid 1837 name "Binder:1816_2" vma 7fbbbfd000
           <...>-1837  [004] ....  5314.391989: do_swap_page: swapin tgid 1816 pid 1837 name "Binder:1816_2" vma 7fbe2f1000
           <...>-1837  [004] ....  5314.391993: do_swap_page: swapin tgid 1816 pid 1837 name "Binder:1816_2" vma 7fbe241000
           <...>-1937  [004] ....  5314.392016: do_swap_page: swapin tgid 1882 pid 1937 name "Binder:1882_3" vma 7fbbbfd000
           <...>-1937  [004] ....  5314.392022: do_swap_page: swapin tgid 1882 pid 1937 name "Binder:1882_3" vma 7fbe2f1000
           <...>-1937  [004] ....  5314.392044: do_swap_page: swapin tgid 1882 pid 1937 name "Binder:1882_3" vma 7fbe241000
           <...>-1918  [004] ....  5314.392076: do_swap_page: swapin tgid 1918 pid 1918 name "m.android.phone" vma 146c7000
           <...>-1918  [004] ....  5314.392086: do_swap_page: swapin tgid 1918 pid 1918 name "m.android.phone" vma 7f2d681000
           <...>-2040  [004] ....  5314.392109: do_swap_page: swapin tgid 2012 pid 2040 name "Binder:2012_1" vma 7f28ac2000
           <...>-2040  [004] ....  5314.392115: do_swap_page: swapin tgid 2012 pid 2040 name "Binder:2012_1" vma 7fbe218000
           <...>-2040  [004] ....  5314.392120: do_swap_page: swapin tgid 2012 pid 2040 name "Binder:2012_1" vma 7fbbbfd000
           <...>-2675  [004] ....  5314.392144: do_swap_page: swapin tgid 2424 pid 2675 name "Binder:2424_3" vma 7fbe1e9000
           <...>-2675  [004] ....  5314.392153: do_swap_page: swapin tgid 2424 pid 2675 name "Binder:2424_3" vma 7f393eb000
           <...>-5155  [004] ....  5314.392177: do_swap_page: swapin tgid 2396 pid 5155 name "Binder:2396_A" vma 7f393ea000
           <...>-5155  [004] ....  5314.392183: do_swap_page: swapin tgid 2396 pid 5155 name "Binder:2396_A" vma 7fbe1f8000
           <...>-5155  [004] ....  5314.392213: do_swap_page: swapin tgid 2396 pid 5155 name "Binder:2396_A" vma 12d00000
           <...>-5155  [004] ....  5314.392216: do_swap_page: swapin tgid 2396 pid 5155 name "Binder:2396_A" vma 12dcf000
           <...>-5155  [004] ....  5314.392223: do_swap_page: swapin tgid 2396 pid 5155 name "Binder:2396_A" vma 7fbe24e000
           <...>-5155  [004] ....  5314.392229: do_swap_page: swapin tgid 2396 pid 5155 name "Binder:2396_A" vma 7fbdc2c000
           <...>-5155  [004] ....  5314.392232: do_swap_page: swapin tgid 2396 pid 5155 name "Binder:2396_A" vma 7f29ce3000
           <...>-5155  [004] ....  5314.392234: do_swap_page: swapin tgid 2396 pid 5155 name "Binder:2396_A" vma 12c82000
           <...>-5155  [004] ....  5314.392239: do_swap_page: swapin tgid 2396 pid 5155 name "Binder:2396_A" vma 7f34f47000
           <...>-5155  [004] ....  5314.392241: do_swap_page: swapin tgid 2396 pid 5155 name "Binder:2396_A" vma 12d03000
           <...>-5155  [004] ....  5314.392245: do_swap_page: swapin tgid 2396 pid 5155 name "Binder:2396_A" vma 7fbe1e7000
           <...>-5155  [004] ....  5314.392247: do_swap_page: swapin tgid 2396 pid 5155 name "Binder:2396_A" vma 7fbe17f000
           <...>-5155  [004] ....  5314.392249: do_swap_page: swapin tgid 2396 pid 5155 name "Binder:2396_A" vma 7fbe20a000
           <...>-1837  [004] ....  5314.392268: do_swap_page: swapin tgid 1816 pid 1837 name "Binder:1816_2" vma 7fbe241000
           <...>-1837  [004] ....  5314.392275: do_swap_page: swapin tgid 1816 pid 1837 name "Binder:1816_2" vma 7fbe1e9000
           <...>-1937  [004] ....  5314.392302: do_swap_page: swapin tgid 1882 pid 1937 name "Binder:1882_3" vma 7fbe241000
           <...>-1937  [004] ....  5314.392345: do_swap_page: swapin tgid 1882 pid 1937 name "Binder:1882_3" vma 7fbe1e9000
           <...>-1918  [004] ....  5314.392401: do_swap_page: swapin tgid 1918 pid 1918 name "m.android.phone" vma 7f2d681000
           <...>-1918  [004] ....  5314.392407: do_swap_page: swapin tgid 1918 pid 1918 name "m.android.phone" vma 7f2d677000
           <...>-2040  [004] ....  5314.392452: do_swap_page: swapin tgid 2012 pid 2040 name "Binder:2012_1" vma 7fbbbfd000
           <...>-2040  [004] ....  5314.392458: do_swap_page: swapin tgid 2012 pid 2040 name "Binder:2012_1" vma 7fbe2f1000
           <...>-2040  [004] ....  5314.392462: do_swap_page: swapin tgid 2012 pid 2040 name "Binder:2012_1" vma 7fbe241000
           <...>-2675  [004] ....  5314.392503: do_swap_page: swapin tgid 2424 pid 2675 name "Binder:2424_3" vma 7f393eb000
           <...>-2675  [004] ....  5314.392510: do_swap_page: swapin tgid 2424 pid 2675 name "Binder:2424_3" vma 7fbe165000
           <...>-1937  [004] ....  5314.392554: do_swap_page: swapin tgid 1882 pid 1937 name "Binder:1882_3" vma 7fbe1e9000
           <...>-1937  [004] ....  5314.392563: do_swap_page: swapin tgid 1882 pid 1937 name "Binder:1882_3" vma 7f393eb000
           <...>-1918  [004] ....  5314.392584: do_swap_page: swapin tgid 1918 pid 1918 name "m.android.phone" vma 7f2d677000
           <...>-1918  [004] ....  5314.392595: do_swap_page: swapin tgid 1918 pid 1918 name "m.android.phone" vma 7f28b4c000
           <...>-1918  [004] ....  5314.392637: do_swap_page: swapin tgid 1918 pid 1918 name "m.android.phone" vma 7f289bb000
           <...>-1837  [004] ....  5314.392645: do_swap_page: swapin tgid 1816 pid 1837 name "Binder:1816_2" vma 7fbe1e9000
           <...>-1837  [004] ....  5314.392670: do_swap_page: swapin tgid 1816 pid 1837 name "Binder:1816_2" vma 7f393eb000
           <...>-2040  [004] ....  5314.392711: do_swap_page: swapin tgid 2012 pid 2040 name "Binder:2012_1" vma 7fbe241000
           <...>-2040  [004] ....  5314.392718: do_swap_page: swapin tgid 2012 pid 2040 name "Binder:2012_1" vma 7fbe1e9000
           <...>-2532  [004] ....  5314.392740: do_swap_page: swapin tgid 2079 pid 2532 name "Binder:2079_6" vma 12e42000
           <...>-2532  [004] ....  5314.392745: do_swap_page: swapin tgid 2079 pid 2532 name "Binder:2079_6" vma 12e78000
           <...>-2675  [004] ....  5314.392769: do_swap_page: swapin tgid 2424 pid 2675 name "Binder:2424_3" vma 7fbe165000
           <...>-2675  [004] ....  5314.392776: do_swap_page: swapin tgid 2424 pid 2675 name "Binder:2424_3" vma 7ed2c59000
           <...>-2675  [004] ....  5314.392779: do_swap_page: swapin tgid 2424 pid 2675 name "Binder:2424_3" vma 7fbcdf3000
   Binder:2275_7-3045  [004] ....  5314.392824: do_swap_page: swapin tgid 2275 pid 3045 name "Binder:2275_7" vma 7fbe20a000
   Binder:2275_7-3045  [004] ....  5314.392833: do_swap_page: swapin tgid 2275 pid 3045 name "Binder:2275_7" vma 7fbcdf6000
   Binder:2275_7-3045  [004] ....  5314.392837: do_swap_page: swapin tgid 2275 pid 3045 name "Binder:2275_7" vma 7ec4b88000
   Binder:2275_7-3045  [004] ....  5314.392839: do_swap_page: swapin tgid 2275 pid 3045 name "Binder:2275_7" vma 7ec4b8c000
   Binder:2275_7-3045  [004] ....  5314.392854: do_swap_page: swapin tgid 2275 pid 3045 name "Binder:2275_7" vma 12c10000
   Binder:2275_7-3045  [004] ....  5314.392856: do_swap_page: swapin tgid 2275 pid 3045 name "Binder:2275_7" vma 1307d000
   Binder:2275_7-3045  [004] ....  5314.392862: do_swap_page: swapin tgid 2275 pid 3045 name "Binder:2275_7" vma 7f34f50000
   Binder:2275_7-3045  [004] ....  5314.392873: do_swap_page: swapin tgid 2275 pid 3045 name "Binder:2275_7" vma 7f350ba000
   Binder:2275_7-3045  [004] ....  5314.392877: do_swap_page: swapin tgid 2275 pid 3045 name "Binder:2275_7" vma 7155f000
   Binder:2275_7-3045  [004] ....  5314.392904: do_swap_page: swapin tgid 2275 pid 3045 name "Binder:2275_7" vma 149f5000
           <...>-1937  [004] ....  5314.392926: do_swap_page: swapin tgid 1882 pid 1937 name "Binder:1882_3" vma 7f393eb000
           <...>-1937  [004] ....  5314.392932: do_swap_page: swapin tgid 1882 pid 1937 name "Binder:1882_3" vma 7f28b90000
           <...>-1937  [004] ....  5314.392936: do_swap_page: swapin tgid 1882 pid 1937 name "Binder:1882_3" vma 7fbcdf3000
           <...>-1837  [004] ....  5314.392959: do_swap_page: swapin tgid 1816 pid 1837 name "Binder:1816_2" vma 7f393eb000
           <...>-1837  [004] ....  5314.392984: do_swap_page: swapin tgid 1816 pid 1837 name "Binder:1816_2" vma 7fbe165000
           <...>-2040  [004] ....  5314.393027: do_swap_page: swapin tgid 2012 pid 2040 name "Binder:2012_1" vma 7fbe1e9000
           <...>-2040  [004] ....  5314.393035: do_swap_page: swapin tgid 2012 pid 2040 name "Binder:2012_1" vma 7f393eb000
           <...>-5155  [004] ....  5314.393057: do_swap_page: swapin tgid 2396 pid 5155 name "Binder:2396_A" vma 7fbe20a000
           <...>-5155  [004] ....  5314.393065: do_swap_page: swapin tgid 2396 pid 5155 name "Binder:2396_A" vma 7fbcdf6000
           <...>-5155  [004] ....  5314.393066: do_swap_page: swapin tgid 2396 pid 5155 name "Binder:2396_A" vma 7fbcdf2000
           <...>-5155  [004] ....  5314.393069: do_swap_page: swapin tgid 2396 pid 5155 name "Binder:2396_A" vma 7ed327f000
           <...>-5155  [004] ....  5314.393071: do_swap_page: swapin tgid 2396 pid 5155 name "Binder:2396_A" vma 7ed32b4000
           <...>-5155  [004] ....  5314.393075: do_swap_page: swapin tgid 2396 pid 5155 name "Binder:2396_A" vma 7fbe1d3000
           <...>-5155  [004] ....  5314.393079: do_swap_page: swapin tgid 2396 pid 5155 name "Binder:2396_A" vma 7f28a5d000
           <...>-5155  [004] ....  5314.393083: do_swap_page: swapin tgid 2396 pid 5155 name "Binder:2396_A" vma 7f2d145000
           <...>-2532  [004] ....  5314.393108: do_swap_page: swapin tgid 2079 pid 2532 name "Binder:2079_6" vma 12e78000
