           <...>-3122  [004] ....  1927.120600: do_swap_page: swapin tgid 2954 pid 3122 name "bgExecutor #1" vma 135b4000
           <...>-3122  [004] ....  1927.120609: do_swap_page: swapin tgid 2954 pid 3122 name "bgExecutor #1" vma 7ec458d000
           <...>-3122  [004] ....  1927.120613: do_swap_page: swapin tgid 2954 pid 3122 name "bgExecutor #1" vma 7ecee26000
           <...>-3122  [004] .n..  1927.120638: do_swap_page: swapin tgid 2954 pid 3122 name "bgExecutor #1" vma 7ecee55000
           <...>-3122  [004] ....  1927.120649: do_swap_page: swapin tgid 2954 pid 3122 name "bgExecutor #1" vma 7fbe24f000
           <...>-3122  [004] ....  1927.120657: do_swap_page: swapin tgid 2954 pid 3122 name "bgExecutor #1" vma 7e9e7a8000
           <...>-3122  [004] ....  1927.120669: do_swap_page: swapin tgid 2954 pid 3122 name "bgExecutor #1" vma 7ec458b000
           <...>-3122  [004] ....  1927.120678: do_swap_page: swapin tgid 2954 pid 3122 name "bgExecutor #1" vma 9dfb3000
           <...>-2963  [004] ....  1927.120711: do_swap_page: swapin tgid 2954 pid 2963 name "Jit thread pool" vma 7f2d62e000
           <...>-2963  [004] ....  1927.120721: do_swap_page: swapin tgid 2954 pid 2963 name "Jit thread pool" vma 7f2d619000
           <...>-2963  [004] ....  1927.120725: do_swap_page: swapin tgid 2954 pid 2963 name "Jit thread pool" vma 7f2e90a000
           <...>-2963  [004] ....  1927.120729: do_swap_page: swapin tgid 2954 pid 2963 name "Jit thread pool" vma 7fbe0ad000
           <...>-6718  [004] ....  1927.120753: do_swap_page: swapin tgid 6439 pid 6718 name "MqttHandler" vma 13585000
           <...>-6718  [004] ....  1927.120761: do_swap_page: swapin tgid 6439 pid 6718 name "MqttHandler" vma 9d72f000
           <...>-2954  [004] ....  1927.120815: do_swap_page: swapin tgid 2954 pid 2954 name "android.vending" vma 9d7f0000
           <...>-2954  [004] ....  1927.120827: do_swap_page: swapin tgid 2954 pid 2954 name "android.vending" vma 9dcf6000
           <...>-2954  [004] ....  1927.120831: do_swap_page: swapin tgid 2954 pid 2954 name "android.vending" vma 9dcf5000
           <...>-2963  [004] ....  1927.120883: do_swap_page: swapin tgid 2954 pid 2963 name "Jit thread pool" vma 7fbe0ad000
           <...>-2963  [004] ....  1927.120922: do_swap_page: swapin tgid 2954 pid 2963 name "Jit thread pool" vma 7fbe225000
           <...>-2963  [004] ....  1927.120925: do_swap_page: swapin tgid 2954 pid 2963 name "Jit thread pool" vma 7fbe226000
           <...>-2963  [004] ....  1927.120930: do_swap_page: swapin tgid 2954 pid 2963 name "Jit thread pool" vma 7fbe168000
           <...>-2963  [004] ....  1927.120943: do_swap_page: swapin tgid 2954 pid 2963 name "Jit thread pool" vma 7fbe17a000
           <...>-2963  [004] ....  1927.120946: do_swap_page: swapin tgid 2954 pid 2963 name "Jit thread pool" vma 7fbe243000
           <...>-2963  [004] ....  1927.120979: do_swap_page: swapin tgid 2954 pid 2963 name "Jit thread pool" vma 7f2f01d000
           <...>-2963  [004] ....  1927.120987: do_swap_page: swapin tgid 2954 pid 2963 name "Jit thread pool" vma 7fbe227000
           <...>-2963  [004] ....  1927.120989: do_swap_page: swapin tgid 2954 pid 2963 name "Jit thread pool" vma 7f2ecf9000
           <...>-2963  [004] ....  1927.120992: do_swap_page: swapin tgid 2954 pid 2963 name "Jit thread pool" vma 7f2ecfa000
           <...>-2963  [004] ....  1927.121001: do_swap_page: swapin tgid 2954 pid 2963 name "Jit thread pool" vma 7fbb261000
           <...>-2963  [004] ....  1927.121021: do_swap_page: swapin tgid 2954 pid 2963 name "Jit thread pool" vma 7f2e909000
           <...>-2963  [004] ....  1927.121150: do_swap_page: swapin tgid 2954 pid 2963 name "Jit thread pool" vma 7f2e908000
           <...>-2963  [004] ....  1927.121242: do_swap_page: swapin tgid 2954 pid 2963 name "Jit thread pool" vma 7f2f01c000
           <...>-2963  [004] ....  1927.121295: do_swap_page: swapin tgid 2954 pid 2963 name "Jit thread pool" vma 7f2ecfb000
           <...>-2963  [004] ....  1927.121299: do_swap_page: swapin tgid 2954 pid 2963 name "Jit thread pool" vma 7ebe86d000
           <...>-2963  [004] ....  1927.121308: do_swap_page: swapin tgid 2954 pid 2963 name "Jit thread pool" vma 7e7e787000
           <...>-2963  [004] ....  1927.121354: do_swap_page: swapin tgid 2954 pid 2963 name "Jit thread pool" vma 7f2ecf8000
           <...>-2963  [004] ....  1927.121402: do_swap_page: swapin tgid 2954 pid 2963 name "Jit thread pool" vma 7ebe904000
           <...>-2963  [004] ....  1927.121452: do_swap_page: swapin tgid 2954 pid 2963 name "Jit thread pool" vma 7e99eb3000
           <...>-2963  [004] ....  1927.121458: do_swap_page: swapin tgid 2954 pid 2963 name "Jit thread pool" vma 7ebe90d000
           <...>-2963  [004] ....  1927.121462: do_swap_page: swapin tgid 2954 pid 2963 name "Jit thread pool" vma 7ebe926000
           <...>-2963  [004] ....  1927.121465: do_swap_page: swapin tgid 2954 pid 2963 name "Jit thread pool" vma 7ebe948000
           <...>-2963  [004] ....  1927.121473: do_swap_page: swapin tgid 2954 pid 2963 name "Jit thread pool" vma 7ebe845000
           <...>-2963  [004] ....  1927.121478: do_swap_page: swapin tgid 2954 pid 2963 name "Jit thread pool" vma 7ebe86f000
           <...>-2963  [004] ....  1927.121482: do_swap_page: swapin tgid 2954 pid 2963 name "Jit thread pool" vma 7ebe870000
           <...>-2963  [004] ....  1927.121484: do_swap_page: swapin tgid 2954 pid 2963 name "Jit thread pool" vma 7ebe846000
           <...>-2963  [004] ....  1927.121492: do_swap_page: swapin tgid 2954 pid 2963 name "Jit thread pool" vma 7eb1df6000
           <...>-2963  [004] ....  1927.121501: do_swap_page: swapin tgid 2954 pid 2963 name "Jit thread pool" vma 7ebe8d8000
           <...>-2963  [004] ....  1927.121521: do_swap_page: swapin tgid 2954 pid 2963 name "Jit thread pool" vma 7ebe87e000
           <...>-2963  [004] ....  1927.121531: do_swap_page: swapin tgid 2954 pid 2963 name "Jit thread pool" vma 7f2d6e4000
           <...>-2963  [004] ....  1927.121542: do_swap_page: swapin tgid 2954 pid 2963 name "Jit thread pool" vma 7e784e9000
           <...>-2963  [004] ....  1927.121554: do_swap_page: swapin tgid 2954 pid 2963 name "Jit thread pool" vma 7ebe900000
           <...>-2963  [004] ....  1927.121591: do_swap_page: swapin tgid 2954 pid 2963 name "Jit thread pool" vma 7fbe1b2000
           <...>-6718  [004] ....  1927.121608: do_swap_page: swapin tgid 6439 pid 6718 name "MqttHandler" vma 9d72f000
           <...>-6718  [004] ....  1927.121616: do_swap_page: swapin tgid 6439 pid 6718 name "MqttHandler" vma 9de03000
           <...>-2954  [004] ....  1927.121662: do_swap_page: swapin tgid 2954 pid 2954 name "android.vending" vma 9dcf5000
           <...>-2954  [004] ....  1927.121672: do_swap_page: swapin tgid 2954 pid 2954 name "android.vending" vma 9d941000
           <...>-2954  [004] ....  1927.121675: do_swap_page: swapin tgid 2954 pid 2954 name "android.vending" vma 9d876000
           <...>-2954  [004] ....  1927.121680: do_swap_page: swapin tgid 2954 pid 2954 name "android.vending" vma 9d870000
           <...>-2954  [004] ....  1927.121685: do_swap_page: swapin tgid 2954 pid 2954 name "android.vending" vma 9d9c3000
           <...>-2954  [004] ....  1927.121687: do_swap_page: swapin tgid 2954 pid 2954 name "android.vending" vma 9d741000
           <...>-6718  [004] ....  1927.121990: do_swap_page: swapin tgid 6439 pid 6718 name "MqttHandler" vma 9de03000
           <...>-6718  [004] ....  1927.121998: do_swap_page: swapin tgid 6439 pid 6718 name "MqttHandler" vma 9dbd3000
           <...>-2954  [004] ....  1927.122048: do_swap_page: swapin tgid 2954 pid 2954 name "android.vending" vma 7e99f39000
           <...>-3122  [004] ....  1927.122089: do_swap_page: swapin tgid 2954 pid 3122 name "bgExecutor #1" vma 9dfb3000
           <...>-3122  [004] ....  1927.122096: do_swap_page: swapin tgid 2954 pid 3122 name "bgExecutor #1" vma 9dcb0000
           <...>-3122  [004] ....  1927.122102: do_swap_page: swapin tgid 2954 pid 3122 name "bgExecutor #1" vma 9d9dd000
           <...>-3122  [004] ....  1927.122147: do_swap_page: swapin tgid 2954 pid 3122 name "bgExecutor #1" vma 12f1e000
           <...>-3122  [004] ....  1927.122156: do_swap_page: swapin tgid 2954 pid 3122 name "bgExecutor #1" vma 9d7e0000
           <...>-6718  [004] ....  1927.122189: do_swap_page: swapin tgid 6439 pid 6718 name "MqttHandler" vma 9dbd3000
           <...>-6718  [004] ....  1927.122197: do_swap_page: swapin tgid 6439 pid 6718 name "MqttHandler" vma 13349000
           <...>-6718  [004] ....  1927.122205: do_swap_page: swapin tgid 6439 pid 6718 name "MqttHandler" vma 9d564000
           <...>-6718  [004] ....  1927.122338: do_swap_page: swapin tgid 6439 pid 6718 name "MqttHandler" vma 9d564000
           <...>-6718  [004] ....  1927.122346: do_swap_page: swapin tgid 6439 pid 6718 name "MqttHandler" vma 9d730000
           <...>-6718  [004] ....  1927.122497: do_swap_page: swapin tgid 6439 pid 6718 name "MqttHandler" vma 9d730000
           <...>-6718  [004] ....  1927.122504: do_swap_page: swapin tgid 6439 pid 6718 name "MqttHandler" vma 9de04000
           <...>-3122  [004] ....  1927.122539: do_swap_page: swapin tgid 2954 pid 3122 name "bgExecutor #1" vma 9d7e0000
           <...>-3122  [004] ....  1927.122549: do_swap_page: swapin tgid 2954 pid 3122 name "bgExecutor #1" vma 9d873000
           <...>-3122  [004] ....  1927.122551: do_swap_page: swapin tgid 2954 pid 3122 name "bgExecutor #1" vma 9d97b000
           <...>-3122  [004] ....  1927.122554: do_swap_page: swapin tgid 2954 pid 3122 name "bgExecutor #1" vma 9d895000
           <...>-3122  [004] ....  1927.122556: do_swap_page: swapin tgid 2954 pid 3122 name "bgExecutor #1" vma 9dc1d000
           <...>-3122  [004] ....  1927.122562: do_swap_page: swapin tgid 2954 pid 3122 name "bgExecutor #1" vma 9da20000
           <...>-3122  [004] ....  1927.122564: do_swap_page: swapin tgid 2954 pid 3122 name "bgExecutor #1" vma 9de71000
           <...>-3122  [004] ....  1927.122567: do_swap_page: swapin tgid 2954 pid 3122 name "bgExecutor #1" vma 9d542000
           <...>-3122  [004] ....  1927.122571: do_swap_page: swapin tgid 2954 pid 3122 name "bgExecutor #1" vma 12f5d000
           <...>-3122  [004] ....  1927.122574: do_swap_page: swapin tgid 2954 pid 3122 name "bgExecutor #1" vma 9ddd0000
           <...>-3122  [004] ....  1927.122579: do_swap_page: swapin tgid 2954 pid 3122 name "bgExecutor #1" vma 9d972000
           <...>-3122  [004] ....  1927.122583: do_swap_page: swapin tgid 2954 pid 3122 name "bgExecutor #1" vma 9d974000
           <...>-3122  [004] ....  1927.122586: do_swap_page: swapin tgid 2954 pid 3122 name "bgExecutor #1" vma 9d7d3000
           <...>-6718  [004] ....  1927.122638: do_swap_page: swapin tgid 6439 pid 6718 name "MqttHandler" vma 9de04000
           <...>-6718  [004] ....  1927.122646: do_swap_page: swapin tgid 6439 pid 6718 name "MqttHandler" vma 9dbd4000
           <...>-6718  [004] ....  1927.122807: do_swap_page: swapin tgid 6439 pid 6718 name "MqttHandler" vma 9dbd4000
           <...>-6718  [004] ....  1927.122814: do_swap_page: swapin tgid 6439 pid 6718 name "MqttHandler" vma 9d565000
           <...>-6718  [004] ....  1927.122955: do_swap_page: swapin tgid 6439 pid 6718 name "MqttHandler" vma 9d565000
           <...>-6718  [004] ....  1927.122963: do_swap_page: swapin tgid 6439 pid 6718 name "MqttHandler" vma 9dde7000
           <...>-3122  [004] ....  1927.123578: do_swap_page: swapin tgid 2954 pid 3122 name "bgExecutor #1" vma 9d7d3000
           <...>-3122  [004] ....  1927.123584: do_swap_page: swapin tgid 2954 pid 3122 name "bgExecutor #1" vma 9d973000
           <...>-3122  [004] ....  1927.123587: do_swap_page: swapin tgid 2954 pid 3122 name "bgExecutor #1" vma 9dd0e000
           <...>-6718  [004] ....  1927.123744: do_swap_page: swapin tgid 6439 pid 6718 name "MqttHandler" vma 9dde7000
           <...>-6718  [004] ....  1927.123753: do_swap_page: swapin tgid 6439 pid 6718 name "MqttHandler" vma 9d57c000
           <...>-1367  [004] ....  1927.123865: do_swap_page: swapin tgid 1338 pid 1367 name "android.bg" vma 7fbe1d0000
           <...>-1367  [004] ....  1927.123982: do_swap_page: swapin tgid 1338 pid 1367 name "android.bg" vma 7fbe1ae000
           <...>-1367  [004] ....  1927.124091: do_swap_page: swapin tgid 1338 pid 1367 name "android.bg" vma 7fbe22a000
           <...>-3102  [004] ....  1927.128004: do_swap_page: swapin tgid 2954 pid 3102 name "bgExecutor #0" vma 7ecf0ba000
           <...>-3102  [004] ....  1927.128128: do_swap_page: swapin tgid 2954 pid 3102 name "bgExecutor #0" vma 1468b000
           <...>-3102  [004] ....  1927.128147: do_swap_page: swapin tgid 2954 pid 3102 name "bgExecutor #0" vma 7ecee09000
           <...>-3102  [004] ....  1927.128169: do_swap_page: swapin tgid 2954 pid 3102 name "bgExecutor #0" vma 9d7ee000
   bgExecutor #2-3139  [004] ....  1927.128203: do_swap_page: swapin tgid 2954 pid 3139 name "bgExecutor #2" vma 7ebeb81000
   bgExecutor #2-3139  [004] ....  1927.128212: do_swap_page: swapin tgid 2954 pid 3139 name "bgExecutor #2" vma 7ebeb82000
   bgExecutor #2-3139  [004] ....  1927.128217: do_swap_page: swapin tgid 2954 pid 3139 name "bgExecutor #2" vma 7ebeb7f000
   bgExecutor #2-3139  [004] ....  1927.128222: do_swap_page: swapin tgid 2954 pid 3139 name "bgExecutor #2" vma 9d7f1000
           <...>-6718  [004] ....  1927.128722: do_swap_page: swapin tgid 6439 pid 6718 name "MqttHandler" vma 9d57c000
           <...>-6718  [004] ....  1927.128760: do_swap_page: swapin tgid 6439 pid 6718 name "MqttHandler" vma 9dd48000
           <...>-3122  [004] ....  1927.128839: do_swap_page: swapin tgid 2954 pid 3122 name "bgExecutor #1" vma 9dd0e000
           <...>-3122  [004] ....  1927.128853: do_swap_page: swapin tgid 2954 pid 3122 name "bgExecutor #1" vma 9e024000
   bgExecutor #2-3139  [004] ....  1927.128897: do_swap_page: swapin tgid 2954 pid 3139 name "bgExecutor #2" vma 9d7f1000
   bgExecutor #2-3139  [004] ....  1927.128902: do_swap_page: swapin tgid 2954 pid 3139 name "bgExecutor #2" vma 9dfdb000
           <...>-6718  [004] ....  1927.128947: do_swap_page: swapin tgid 6439 pid 6718 name "MqttHandler" vma 9dd48000
           <...>-6718  [004] ....  1927.128956: do_swap_page: swapin tgid 6439 pid 6718 name "MqttHandler" vma 9d57d000
           <...>-3122  [004] ....  1927.129016: do_swap_page: swapin tgid 2954 pid 3122 name "bgExecutor #1" vma 9e024000
           <...>-3122  [004] ....  1927.129049: do_swap_page: swapin tgid 2954 pid 3122 name "bgExecutor #1" vma 9dd14000
           <...>-3122  [004] ....  1927.129055: do_swap_page: swapin tgid 2954 pid 3122 name "bgExecutor #1" vma 9e01b000
   bgExecutor #2-3139  [004] ....  1927.129100: do_swap_page: swapin tgid 2954 pid 3139 name "bgExecutor #2" vma 9dfdb000
   bgExecutor #2-3139  [004] ....  1927.129110: do_swap_page: swapin tgid 2954 pid 3139 name "bgExecutor #2" vma 9d7f2000
           <...>-6718  [004] ....  1927.129145: do_swap_page: swapin tgid 6439 pid 6718 name "MqttHandler" vma 9d57d000
           <...>-6718  [004] ....  1927.129153: do_swap_page: swapin tgid 6439 pid 6718 name "MqttHandler" vma 13342000
           <...>-3122  [004] ....  1927.129215: do_swap_page: swapin tgid 2954 pid 3122 name "bgExecutor #1" vma 9e01b000
           <...>-3122  [004] ....  1927.129247: do_swap_page: swapin tgid 2954 pid 3122 name "bgExecutor #1" vma 9dd15000
   bgExecutor #2-3139  [004] ....  1927.129278: do_swap_page: swapin tgid 2954 pid 3139 name "bgExecutor #2" vma 9d7f2000
   bgExecutor #2-3139  [004] ....  1927.129309: do_swap_page: swapin tgid 2954 pid 3139 name "bgExecutor #2" vma 7ecee73000
   bgExecutor #2-3139  [004] ....  1927.129314: do_swap_page: swapin tgid 2954 pid 3139 name "bgExecutor #2" vma 7ecee82000
           <...>-6718  [004] ....  1927.129389: do_swap_page: swapin tgid 6439 pid 6718 name "MqttHandler" vma 13342000
           <...>-6718  [004] ....  1927.129404: do_swap_page: swapin tgid 6439 pid 6718 name "MqttHandler" vma 12d5b000
           <...>-6718  [004] ....  1927.129413: do_swap_page: swapin tgid 6439 pid 6718 name "MqttHandler" vma 9d72c000
           <...>-3122  [004] ....  1927.129461: do_swap_page: swapin tgid 2954 pid 3122 name "bgExecutor #1" vma 9dd15000
           <...>-3122  [004] ....  1927.129493: do_swap_page: swapin tgid 2954 pid 3122 name "bgExecutor #1" vma 716a9000
           <...>-3122  [004] ....  1927.129507: do_swap_page: swapin tgid 2954 pid 3122 name "bgExecutor #1" vma 7fba63c000
           <...>-3122  [004] ....  1927.129519: do_swap_page: swapin tgid 2954 pid 3122 name "bgExecutor #1" vma 7ecee27000
           <...>-3122  [004] ....  1927.129595: do_swap_page: swapin tgid 2954 pid 3122 name "bgExecutor #1" vma 7e9e8e3000
           <...>-3122  [004] ....  1927.129610: do_swap_page: swapin tgid 2954 pid 3122 name "bgExecutor #1" vma 7e9e8e5000
           <...>-3122  [004] ....  1927.129628: do_swap_page: swapin tgid 2954 pid 3122 name "bgExecutor #1" vma 7f2d802000
           <...>-6718  [004] ....  1927.130180: do_swap_page: swapin tgid 6439 pid 6718 name "MqttHandler" vma 9d72c000
           <...>-6718  [004] ....  1927.130190: do_swap_page: swapin tgid 6439 pid 6718 name "MqttHandler" vma 9dbd1000
           <...>-6718  [004] ....  1927.130198: do_swap_page: swapin tgid 6439 pid 6718 name "MqttHandler" vma 9d72d000
           <...>-6718  [004] ....  1927.130517: do_swap_page: swapin tgid 6439 pid 6718 name "MqttHandler" vma 9d72d000
           <...>-6718  [004] ....  1927.130529: do_swap_page: swapin tgid 6439 pid 6718 name "MqttHandler" vma 9d580000
           <...>-6718  [004] ....  1927.130722: do_swap_page: swapin tgid 6439 pid 6718 name "MqttHandler" vma 9d580000
           <...>-6718  [004] ....  1927.130744: do_swap_page: swapin tgid 6439 pid 6718 name "MqttHandler" vma 7eb40df000
           <...>-6718  [004] ....  1927.130765: do_swap_page: swapin tgid 6439 pid 6718 name "MqttHandler" vma 12d57000
           <...>-6718  [004] ....  1927.130792: do_swap_page: swapin tgid 6439 pid 6718 name "MqttHandler" vma 9dd9e000
           <...>-6718  [004] ....  1927.130806: do_swap_page: swapin tgid 6439 pid 6718 name "MqttHandler" vma 7fbe1a6000
           <...>-6718  [004] ....  1927.130815: do_swap_page: swapin tgid 6439 pid 6718 name "MqttHandler" vma 7f21320000
           <...>-6718  [004] ....  1927.130823: do_swap_page: swapin tgid 6439 pid 6718 name "MqttHandler" vma 1329a000
           <...>-6608  [004] ....  1927.130872: do_swap_page: swapin tgid 6439 pid 6608 name "CombinedTP12" vma 7ec2062000
           <...>-6608  [004] ....  1927.130880: do_swap_page: swapin tgid 6439 pid 6608 name "CombinedTP12" vma 7eb40e0000
           <...>-6608  [004] ....  1927.130883: do_swap_page: swapin tgid 6439 pid 6608 name "CombinedTP12" vma 7ec2063000
           <...>-6608  [004] ....  1927.130894: do_swap_page: swapin tgid 6439 pid 6608 name "CombinedTP12" vma 7eb407c000
           <...>-6608  [004] ....  1927.130897: do_swap_page: swapin tgid 6439 pid 6608 name "CombinedTP12" vma 7eb407b000
           <...>-6608  [004] ....  1927.130903: do_swap_page: swapin tgid 6439 pid 6608 name "CombinedTP12" vma 7ec2060000
           <...>-6608  [004] ....  1927.130909: do_swap_page: swapin tgid 6439 pid 6608 name "CombinedTP12" vma 7ece096000
           <...>-6608  [004] ....  1927.130915: do_swap_page: swapin tgid 6439 pid 6608 name "CombinedTP12" vma 9dd08000
           <...>-6718  [004] ....  1927.131007: do_swap_page: swapin tgid 6439 pid 6718 name "MqttHandler" vma 1329a000
           <...>-6718  [004] ....  1927.131020: do_swap_page: swapin tgid 6439 pid 6718 name "MqttHandler" vma 1384d000
           <...>-6718  [004] ....  1927.131032: do_swap_page: swapin tgid 6439 pid 6718 name "MqttHandler" vma 7f232ab000
           <...>-6718  [004] ....  1927.131072: do_swap_page: swapin tgid 6439 pid 6718 name "MqttHandler" vma 1329b000
           <...>-6608  [004] ....  1927.131112: do_swap_page: swapin tgid 6439 pid 6608 name "CombinedTP12" vma 9dd08000
           <...>-6608  [004] ....  1927.131119: do_swap_page: swapin tgid 6439 pid 6608 name "CombinedTP12" vma 7ece0ab000
           <...>-3102  [004] ....  1927.131144: do_swap_page: swapin tgid 2954 pid 3102 name "bgExecutor #0" vma 9d7ee000
           <...>-6718  [004] ....  1927.131208: do_swap_page: swapin tgid 6439 pid 6718 name "MqttHandler" vma 1329b000
           <...>-6718  [004] ....  1927.131257: do_swap_page: swapin tgid 6439 pid 6718 name "MqttHandler" vma 9e17e000
           <...>-6718  [004] ....  1927.131262: do_swap_page: swapin tgid 6439 pid 6718 name "MqttHandler" vma 9d723000
           <...>-6608  [004] ....  1927.131300: do_swap_page: swapin tgid 6439 pid 6608 name "CombinedTP12" vma 7ece0ab000
           <...>-6608  [004] ....  1927.131310: do_swap_page: swapin tgid 6439 pid 6608 name "CombinedTP12" vma 9d584000
           <...>-6718  [004] ....  1927.131402: do_swap_page: swapin tgid 6439 pid 6718 name "MqttHandler" vma 9d723000
           <...>-6718  [004] ....  1927.131411: do_swap_page: swapin tgid 6439 pid 6718 name "MqttHandler" vma 9dbc9000
           <...>-6718  [004] ....  1927.131464: do_swap_page: swapin tgid 6439 pid 6718 name "MqttHandler" vma 1329e000
           <...>-6608  [004] ....  1927.131503: do_swap_page: swapin tgid 6439 pid 6608 name "CombinedTP12" vma 9d584000
           <...>-6608  [004] ....  1927.131511: do_swap_page: swapin tgid 6439 pid 6608 name "CombinedTP12" vma 133de000
           <...>-6608  [004] ....  1927.131516: do_swap_page: swapin tgid 6439 pid 6608 name "CombinedTP12" vma 9d57f000
           <...>-6608  [004] ....  1927.131518: do_swap_page: swapin tgid 6439 pid 6608 name "CombinedTP12" vma 9dd4b000
           <...>-6718  [004] ....  1927.131604: do_swap_page: swapin tgid 6439 pid 6718 name "MqttHandler" vma 1329e000
           <...>-6718  [004] .n..  1927.131642: do_swap_page: swapin tgid 6439 pid 6718 name "MqttHandler" vma 7f232ac000
           <...>-6718  [004] ....  1927.131691: do_swap_page: swapin tgid 6439 pid 6718 name "MqttHandler" vma 1384b000
           <...>-6608  [004] ....  1927.131733: do_swap_page: swapin tgid 6439 pid 6608 name "CombinedTP12" vma 9dd4b000
           <...>-6608  [004] ....  1927.131745: do_swap_page: swapin tgid 6439 pid 6608 name "CombinedTP12" vma 9d736000
           <...>-3102  [004] ....  1927.131799: do_swap_page: swapin tgid 2954 pid 3102 name "bgExecutor #0" vma 7ebe8aa000
           <...>-3102  [004] ....  1927.131809: do_swap_page: swapin tgid 2954 pid 3102 name "bgExecutor #0" vma 7ebe8a8000
           <...>-6718  [004] ....  1927.131899: do_swap_page: swapin tgid 6439 pid 6718 name "MqttHandler" vma 1384b000
           <...>-6718  [004] ....  1927.131914: do_swap_page: swapin tgid 6439 pid 6718 name "MqttHandler" vma 7f232ad000
           <...>-6718  [004] ....  1927.131937: do_swap_page: swapin tgid 6439 pid 6718 name "MqttHandler" vma 9dd40000
           <...>-6718  [004] ....  1927.132007: do_swap_page: swapin tgid 6439 pid 6718 name "MqttHandler" vma 7f28ac1000
           <...>-6718  [004] ....  1927.132157: do_swap_page: swapin tgid 6439 pid 6718 name "MqttHandler" vma 7f28ac1000
           <...>-6718  [004] ....  1927.132167: do_swap_page: swapin tgid 6439 pid 6718 name "MqttHandler" vma 7f289be000
           <...>-6718  [004] ....  1927.132481: do_swap_page: swapin tgid 6439 pid 6718 name "MqttHandler" vma 9dbc6000
           <...>-6718  [004] ....  1927.132486: do_swap_page: swapin tgid 6439 pid 6718 name "MqttHandler" vma 9d71f000
           <...>-3102  [004] ....  1927.132570: do_swap_page: swapin tgid 2954 pid 3102 name "bgExecutor #0" vma 7ebe895000
           <...>-6718  [004] ....  1927.132643: do_swap_page: swapin tgid 6439 pid 6718 name "MqttHandler" vma 9d71f000
           <...>-6718  [004] ....  1927.132659: do_swap_page: swapin tgid 6439 pid 6718 name "MqttHandler" vma 7fbe34c000
           <...>-6718  [004] ....  1927.132667: do_swap_page: swapin tgid 6439 pid 6718 name "MqttHandler" vma 9e17a000
           <...>-6718  [004] ....  1927.132674: do_swap_page: swapin tgid 6439 pid 6718 name "MqttHandler" vma 7f28c43000
           <...>-6718  [004] ....  1927.132687: do_swap_page: swapin tgid 6439 pid 6718 name "MqttHandler" vma 138bd000
           <...>-6718  [004] ....  1927.132695: do_swap_page: swapin tgid 6439 pid 6718 name "MqttHandler" vma 13700000
           <...>-6718  [004] ....  1927.132758: do_swap_page: swapin tgid 6439 pid 6718 name "MqttHandler" vma 7fbe226000
           <...>-6718  [004] ....  1927.132764: do_swap_page: swapin tgid 6439 pid 6718 name "MqttHandler" vma 7ec69e0000
           <...>-6718  [004] ....  1927.132768: do_swap_page: swapin tgid 6439 pid 6718 name "MqttHandler" vma 7ec69e1000
           <...>-6718  [004] ....  1927.132778: do_swap_page: swapin tgid 6439 pid 6718 name "MqttHandler" vma 7ec6b2e000
           <...>-6718  [004] ....  1927.132790: do_swap_page: swapin tgid 6439 pid 6718 name "MqttHandler" vma 7ec6b9c000
           <...>-6718  [004] ....  1927.132814: do_swap_page: swapin tgid 6439 pid 6718 name "MqttHandler" vma 7fbe288000
           <...>-6718  [004] ....  1927.132961: do_swap_page: swapin tgid 6439 pid 6718 name "MqttHandler" vma 7fbe288000
           <...>-6718  [004] ....  1927.133066: do_swap_page: swapin tgid 6439 pid 6718 name "MqttHandler" vma 7fbe22a000
           <...>-6718  [004] ....  1927.133201: do_swap_page: swapin tgid 6439 pid 6718 name "MqttHandler" vma 7fbe22a000
           <...>-6718  [004] ....  1927.133212: do_swap_page: swapin tgid 6439 pid 6718 name "MqttHandler" vma 7fbe1ae000
           <...>-6608  [004] ....  1927.133311: do_swap_page: swapin tgid 6439 pid 6608 name "CombinedTP12" vma 9d736000
           <...>-6608  [004] ....  1927.133320: do_swap_page: swapin tgid 6439 pid 6608 name "CombinedTP12" vma 9d65d000
           <...>-6718  [004] ....  1927.133404: do_swap_page: swapin tgid 6439 pid 6718 name "MqttHandler" vma 7fbe1ae000
           <...>-6718  [004] ....  1927.133419: do_swap_page: swapin tgid 6439 pid 6718 name "MqttHandler" vma 7fbe199000
           <...>-3122  [004] ....  1927.133474: do_swap_page: swapin tgid 2954 pid 3122 name "bgExecutor #1" vma 7eb1cd3000
           <...>-6718  [004] ....  1927.133552: do_swap_page: swapin tgid 6439 pid 6718 name "MqttHandler" vma 7fbe199000
           <...>-6718  [004] ....  1927.133559: do_swap_page: swapin tgid 6439 pid 6718 name "MqttHandler" vma 7fbe19b000
           <...>-3122  [004] ....  1927.133623: do_swap_page: swapin tgid 2954 pid 3122 name "bgExecutor #1" vma 9d6d7000
           <...>-3122  [004] ....  1927.133632: do_swap_page: swapin tgid 2954 pid 3122 name "bgExecutor #1" vma 9de99000
           <...>-3122  [004] ....  1927.133641: do_swap_page: swapin tgid 2954 pid 3122 name "bgExecutor #1" vma 9d69d000
           <...>-3122  [004] ....  1927.133645: do_swap_page: swapin tgid 2954 pid 3122 name "bgExecutor #1" vma 9e132000
           <...>-6718  [004] ....  1927.133703: do_swap_page: swapin tgid 6439 pid 6718 name "MqttHandler" vma 7fbe19b000
           <...>-6718  [004] ....  1927.133710: do_swap_page: swapin tgid 6439 pid 6718 name "MqttHandler" vma 7fbe267000
           <...>-6608  [004] ....  1927.133775: do_swap_page: swapin tgid 6439 pid 6608 name "CombinedTP12" vma 9d65d000
           <...>-6608  [004] ....  1927.133789: do_swap_page: swapin tgid 6439 pid 6608 name "CombinedTP12" vma 12d82000
           <...>-6608  [004] ....  1927.133798: do_swap_page: swapin tgid 6439 pid 6608 name "CombinedTP12" vma 133e5000
           <...>-6608  [004] ....  1927.133849: do_swap_page: swapin tgid 6439 pid 6608 name "CombinedTP12" vma 7ece0ad000
           <...>-6718  [004] ....  1927.133922: do_swap_page: swapin tgid 6439 pid 6718 name "MqttHandler" vma 7fbe267000
           <...>-6718  [004] ....  1927.133933: do_swap_page: swapin tgid 6439 pid 6718 name "MqttHandler" vma 7eba96e000
           <...>-3122  [004] ....  1927.133962: do_swap_page: swapin tgid 2954 pid 3122 name "bgExecutor #1" vma 9e132000
           <...>-3122  [004] ....  1927.133971: do_swap_page: swapin tgid 2954 pid 3122 name "bgExecutor #1" vma 9e0dc000
           <...>-6608  [004] ....  1927.134037: do_swap_page: swapin tgid 6439 pid 6608 name "CombinedTP12" vma 7ece0ad000
           <...>-6608  [004] ....  1927.134046: do_swap_page: swapin tgid 6439 pid 6608 name "CombinedTP12" vma 137ec000
           <...>-6608  [004] ....  1927.134050: do_swap_page: swapin tgid 6439 pid 6608 name "CombinedTP12" vma 9d5eb000
           <...>-6718  [004] ....  1927.134149: do_swap_page: swapin tgid 6439 pid 6718 name "MqttHandler" vma 7eba96e000
           <...>-6718  [004] ....  1927.134161: do_swap_page: swapin tgid 6439 pid 6718 name "MqttHandler" vma 7fbe266000
           <...>-6608  [004] ....  1927.134229: do_swap_page: swapin tgid 6439 pid 6608 name "CombinedTP12" vma 9d5eb000
           <...>-6608  [004] ....  1927.134235: do_swap_page: swapin tgid 6439 pid 6608 name "CombinedTP12" vma 9d607000
           <...>-6718  [004] ....  1927.134330: do_swap_page: swapin tgid 6439 pid 6718 name "MqttHandler" vma 7fbe266000
           <...>-6718  [004] ....  1927.134339: do_swap_page: swapin tgid 6439 pid 6718 name "MqttHandler" vma 7fbe1af000
           <...>-6718  [004] ....  1927.134377: do_swap_page: swapin tgid 6439 pid 6718 name "MqttHandler" vma 7f28a5a000
           <...>-6718  [004] ....  1927.134382: do_swap_page: swapin tgid 6439 pid 6718 name "MqttHandler" vma 7fbe1b0000
           <...>-6718  [004] ....  1927.134394: do_swap_page: swapin tgid 6439 pid 6718 name "MqttHandler" vma 7f2d616000
           <...>-6718  [004] ....  1927.134454: do_swap_page: swapin tgid 6439 pid 6718 name "MqttHandler" vma 555555e000
           <...>-6718  [004] ....  1927.134459: do_swap_page: swapin tgid 6439 pid 6718 name "MqttHandler" vma 555555d000
           <...>-6608  [004] ....  1927.134493: do_swap_page: swapin tgid 6439 pid 6608 name "CombinedTP12" vma 9d607000
           <...>-6608  [004] ....  1927.134498: do_swap_page: swapin tgid 6439 pid 6608 name "CombinedTP12" vma 9d82e000
           <...>-3122  [004] .n..  1927.134635: do_swap_page: swapin tgid 2954 pid 3122 name "bgExecutor #1" vma 9e0dc000
           <...>-6718  [004] ....  1927.134644: do_swap_page: swapin tgid 6439 pid 6718 name "MqttHandler" vma 555555d000
           <...>-6718  [004] ....  1927.134785: do_swap_page: swapin tgid 6439 pid 6718 name "MqttHandler" vma 7ec589e000
           <...>-6718  [004] ....  1927.134815: do_swap_page: swapin tgid 6439 pid 6718 name "MqttHandler" vma 7fbc622000
           <...>-6718  [004] ....  1927.134825: do_swap_page: swapin tgid 6439 pid 6718 name "MqttHandler" vma 7fbc620000
           <...>-6608  [004] ....  1927.134864: do_swap_page: swapin tgid 6439 pid 6608 name "CombinedTP12" vma 9d82e000
           <...>-6608  [004] ....  1927.134876: do_swap_page: swapin tgid 6439 pid 6608 name "CombinedTP12" vma 138c1000
           <...>-6608  [004] ....  1927.134883: do_swap_page: swapin tgid 6439 pid 6608 name "CombinedTP12" vma 7f2dd7a000
           <...>-6608  [004] ....  1927.134887: do_swap_page: swapin tgid 6439 pid 6608 name "CombinedTP12" vma 9d579000
           <...>-3122  [004] ....  1927.134914: do_swap_page: swapin tgid 2954 pid 3122 name "bgExecutor #1" vma 9d975000
           <...>-3122  [004] ....  1927.134919: do_swap_page: swapin tgid 2954 pid 3122 name "bgExecutor #1" vma 9e01c000
           <...>-6718  [004] ....  1927.134961: do_swap_page: swapin tgid 6439 pid 6718 name "MqttHandler" vma 7fbc620000
           <...>-6718  [004] ....  1927.135008: do_swap_page: swapin tgid 6439 pid 6718 name "MqttHandler" vma 9d567000
           <...>-6608  [004] ....  1927.135044: do_swap_page: swapin tgid 6439 pid 6608 name "CombinedTP12" vma 9d579000
           <...>-6608  [004] ....  1927.135050: do_swap_page: swapin tgid 6439 pid 6608 name "CombinedTP12" vma 9dd45000
           <...>-6718  [004] ....  1927.135149: do_swap_page: swapin tgid 6439 pid 6718 name "MqttHandler" vma 9d567000
           <...>-6718  [004] .n..  1927.135181: do_swap_page: swapin tgid 6439 pid 6718 name "MqttHandler" vma 137e7000
           <...>-6718  [004] ....  1927.135192: do_swap_page: swapin tgid 6439 pid 6718 name "MqttHandler" vma 9d748000
           <...>-6718  [004] ....  1927.135195: do_swap_page: swapin tgid 6439 pid 6718 name "MqttHandler" vma 9de1e000
           <...>-6608  [004] ....  1927.135218: do_swap_page: swapin tgid 6439 pid 6608 name "CombinedTP12" vma 9dd45000
           <...>-6608  [004] ....  1927.135227: do_swap_page: swapin tgid 6439 pid 6608 name "CombinedTP12" vma 7eb03bc000
           <...>-6608  [004] ....  1927.135232: do_swap_page: swapin tgid 6439 pid 6608 name "CombinedTP12" vma 7eb03bd000
           <...>-6608  [004] ....  1927.135240: do_swap_page: swapin tgid 6439 pid 6608 name "CombinedTP12" vma 7ea75dc000
           <...>-6608  [004] ....  1927.135244: do_swap_page: swapin tgid 6439 pid 6608 name "CombinedTP12" vma 7fbdb7f000
           <...>-6718  [004] ....  1927.135312: do_swap_page: swapin tgid 6439 pid 6718 name "MqttHandler" vma 9de1e000
           <...>-6718  [004] ....  1927.135320: do_swap_page: swapin tgid 6439 pid 6718 name "MqttHandler" vma 9df07000
           <...>-1367  [004] ....  1927.135413: do_swap_page: swapin tgid 1338 pid 1367 name "android.bg" vma 9d5aa000
           <...>-6718  [004] ....  1927.135449: do_swap_page: swapin tgid 6439 pid 6718 name "MqttHandler" vma 9df07000
           <...>-6718  [004] ....  1927.135457: do_swap_page: swapin tgid 6439 pid 6718 name "MqttHandler" vma 9dbe5000
           <...>-6608  [004] ....  1927.135517: do_swap_page: swapin tgid 6439 pid 6608 name "CombinedTP12" vma 7fbdb7f000
           <...>-6608  [004] ....  1927.135529: do_swap_page: swapin tgid 6439 pid 6608 name "CombinedTP12" vma 7fbe1fb000
           <...>-3122  [004] ....  1927.135547: do_swap_page: swapin tgid 2954 pid 3122 name "bgExecutor #1" vma 9e01c000
           <...>-3122  [004] ....  1927.135553: do_swap_page: swapin tgid 2954 pid 3122 name "bgExecutor #1" vma 9dd0f000
           <...>-6718  [004] ....  1927.135584: do_swap_page: swapin tgid 6439 pid 6718 name "MqttHandler" vma 9dbe5000
           <...>-6718  [004] ....  1927.135592: do_swap_page: swapin tgid 6439 pid 6718 name "MqttHandler" vma 1369e000
           <...>-1367  [004] ....  1927.135653: do_swap_page: swapin tgid 1338 pid 1367 name "android.bg" vma 9d5aa000
           <...>-1367  [004] ....  1927.135661: do_swap_page: swapin tgid 1338 pid 1367 name "android.bg" vma 9d89f000
           <...>-1367  [004] ....  1927.135802: do_swap_page: swapin tgid 1338 pid 1367 name "android.bg" vma 9d89f000
           <...>-1367  [004] ....  1927.135827: do_swap_page: swapin tgid 1338 pid 1367 name "android.bg" vma 9d883000
           <...>-3102  [004] ....  1927.135888: do_swap_page: swapin tgid 2954 pid 3102 name "bgExecutor #0" vma 7ecee0a000
           <...>-3141  [004] ....  1927.135932: do_swap_page: swapin tgid 2954 pid 3141 name "bgExecutor #3" vma 7ebea78000
           <...>-3141  [004] ....  1927.135939: do_swap_page: swapin tgid 2954 pid 3141 name "bgExecutor #3" vma 7ecee0b000
           <...>-3141  [004] ....  1927.135941: do_swap_page: swapin tgid 2954 pid 3141 name "bgExecutor #3" vma 7ebea79000
           <...>-3141  [004] ....  1927.135945: do_swap_page: swapin tgid 2954 pid 3141 name "bgExecutor #3" vma 7ebea76000
           <...>-1367  [004] ....  1927.135983: do_swap_page: swapin tgid 1338 pid 1367 name "android.bg" vma 9d883000
           <...>-13245 [004] .n..  1927.136328: do_swap_page: swapin tgid 6439 pid 13245 name "MqttHandler" vma 7fbf5e5000
           <...>-13245 [004] ....  1927.136472: do_swap_page: swapin tgid 6439 pid 13245 name "MqttHandler" vma 7fbe26c000
           <...>-13245 [004] ....  1927.136477: do_swap_page: swapin tgid 6439 pid 13245 name "MqttHandler" vma 7fbe26e000
           <...>-13245 [004] ....  1927.136479: do_swap_page: swapin tgid 6439 pid 13245 name "MqttHandler" vma 7fbe1b1000
           <...>-13245 [004] ....  1927.136482: do_swap_page: swapin tgid 6439 pid 13245 name "MqttHandler" vma 7f2d618000
           <...>-13245 [004] ....  1927.136484: do_swap_page: swapin tgid 6439 pid 13245 name "MqttHandler" vma 7fbe1b5000
           <...>-6608  [004] ....  1927.138509: do_swap_page: swapin tgid 6439 pid 6608 name "CombinedTP12" vma 7fbe1fb000
           <...>-6608  [004] ....  1927.138514: do_swap_page: swapin tgid 6439 pid 6608 name "CombinedTP12" vma 7fbe342000
           <...>-3122  [004] ....  1927.138561: do_swap_page: swapin tgid 2954 pid 3122 name "bgExecutor #1" vma 9dd0f000
           <...>-3122  [004] ....  1927.138567: do_swap_page: swapin tgid 2954 pid 3122 name "bgExecutor #1" vma 9dd6e000
           <...>-3122  [004] ....  1927.138604: do_swap_page: swapin tgid 2954 pid 3122 name "bgExecutor #1" vma 7ec4589000
           <...>-3122  [004] ....  1927.138607: do_swap_page: swapin tgid 2954 pid 3122 name "bgExecutor #1" vma 7ec458a000
           <...>-3122  [004] ....  1927.138714: do_swap_page: swapin tgid 2954 pid 3122 name "bgExecutor #1" vma 7e7e6b4000
           <...>-3122  [004] ....  1927.138735: do_swap_page: swapin tgid 2954 pid 3122 name "bgExecutor #1" vma 9d977000
           <...>-3122  [004] ....  1927.138991: do_swap_page: swapin tgid 2954 pid 3122 name "bgExecutor #1" vma 9e0d0000
           <...>-6718  [004] ....  1927.139025: do_swap_page: swapin tgid 6439 pid 6718 name "MqttHandler" vma 1369e000
           <...>-6718  [004] ....  1927.139031: do_swap_page: swapin tgid 6439 pid 6718 name "MqttHandler" vma 9d75b000
           <...>-6608  [004] ....  1927.139058: do_swap_page: swapin tgid 6439 pid 6608 name "CombinedTP12" vma 7fbe342000
           <...>-6608  [004] ....  1927.139062: do_swap_page: swapin tgid 6439 pid 6608 name "CombinedTP12" vma 7fbe1d4000
           <...>-6608  [004] ....  1927.139068: do_swap_page: swapin tgid 6439 pid 6608 name "CombinedTP12" vma 7fbe346000
           <...>-13245 [004] ....  1927.139083: do_swap_page: swapin tgid 6439 pid 13245 name "MqttHandler" vma 7fbe1b5000
           <...>-13245 [004] ....  1927.139087: do_swap_page: swapin tgid 6439 pid 13245 name "MqttHandler" vma 7fbe229000
           <...>-13245 [004] ....  1927.139113: do_swap_page: swapin tgid 6439 pid 13245 name "MqttHandler" vma 7fbe35b000
           <...>-3122  [004] ....  1927.139127: do_swap_page: swapin tgid 2954 pid 3122 name "bgExecutor #1" vma 9e0d0000
           <...>-3122  [004] ....  1927.139132: do_swap_page: swapin tgid 2954 pid 3122 name "bgExecutor #1" vma 9dc30000
           <...>-6718  [004] ....  1927.139157: do_swap_page: swapin tgid 6439 pid 6718 name "MqttHandler" vma 9d75b000
           <...>-6718  [004] ....  1927.139162: do_swap_page: swapin tgid 6439 pid 6718 name "MqttHandler" vma 9d654000
           <...>-6608  [004] ....  1927.139203: do_swap_page: swapin tgid 6439 pid 6608 name "CombinedTP12" vma 7fbe346000
           <...>-6608  [004] ....  1927.139209: do_swap_page: swapin tgid 6439 pid 6608 name "CombinedTP12" vma 7ec2061000
           <...>-6608  [004] ....  1927.139331: do_swap_page: swapin tgid 6439 pid 6608 name "CombinedTP12" vma 7eb373a000
           <...>-6718  [004] ....  1927.139345: do_swap_page: swapin tgid 6439 pid 6718 name "MqttHandler" vma 9d654000
           <...>-6718  [004] ....  1927.139349: do_swap_page: swapin tgid 6439 pid 6718 name "MqttHandler" vma 9de31000
           <...>-6608  [004] ....  1927.139370: do_swap_page: swapin tgid 6439 pid 6608 name "CombinedTP12" vma 9de0a000
           <...>-13245 [004] ....  1927.139394: do_swap_page: swapin tgid 6439 pid 13245 name "MqttHandler" vma 7fbe35b000
           <...>-13245 [004] ....  1927.139397: do_swap_page: swapin tgid 6439 pid 13245 name "MqttHandler" vma 7f289bd000
           <...>-3122  [004] ....  1927.139417: do_swap_page: swapin tgid 2954 pid 3122 name "bgExecutor #1" vma 9d978000
           <...>-3122  [004] ....  1927.139421: do_swap_page: swapin tgid 2954 pid 3122 name "bgExecutor #1" vma 9d976000
           <...>-3122  [004] ....  1927.139422: do_swap_page: swapin tgid 2954 pid 3122 name "bgExecutor #1" vma 9d7d0000
           <...>-6718  [004] ....  1927.139464: do_swap_page: swapin tgid 6439 pid 6718 name "MqttHandler" vma 9de31000
           <...>-6718  [004] ....  1927.139470: do_swap_page: swapin tgid 6439 pid 6718 name "MqttHandler" vma 9dbb6000
           <...>-6608  [004] ....  1927.139522: do_swap_page: swapin tgid 6439 pid 6608 name "CombinedTP12" vma 9de0a000
           <...>-6608  [004] ....  1927.139529: do_swap_page: swapin tgid 6439 pid 6608 name "CombinedTP12" vma 7f28961000
           <...>-6608  [004] ....  1927.139538: do_swap_page: swapin tgid 6439 pid 6608 name "CombinedTP12" vma 7ec6b3f000
           <...>-6608  [004] ....  1927.139546: do_swap_page: swapin tgid 6439 pid 6608 name "CombinedTP12" vma 9dece000
           <...>-13245 [004] ....  1927.139562: do_swap_page: swapin tgid 6439 pid 13245 name "MqttHandler" vma 7f289bd000
           <...>-13245 [004] ....  1927.139566: do_swap_page: swapin tgid 6439 pid 13245 name "MqttHandler" vma 7f2d748000
           <...>-6718  [004] ....  1927.139625: do_swap_page: swapin tgid 6439 pid 6718 name "MqttHandler" vma 9dbb6000
           <...>-6718  [004] ....  1927.139634: do_swap_page: swapin tgid 6439 pid 6718 name "MqttHandler" vma 13421000
           <...>-6718  [004] ....  1927.139651: do_swap_page: swapin tgid 6439 pid 6718 name "MqttHandler" vma 9d75d000
           <...>-3122  [004] ....  1927.139711: do_swap_page: swapin tgid 2954 pid 3122 name "bgExecutor #1" vma 9d7d0000
           <...>-3122  [004] ....  1927.139718: do_swap_page: swapin tgid 2954 pid 3122 name "bgExecutor #1" vma 9d98c000
           <...>-3122  [004] ....  1927.139720: do_swap_page: swapin tgid 2954 pid 3122 name "bgExecutor #1" vma 9d7dc000
           <...>-13245 [004] ....  1927.139763: do_swap_page: swapin tgid 6439 pid 13245 name "MqttHandler" vma 7f2d748000
           <...>-13245 [004] ....  1927.139769: do_swap_page: swapin tgid 6439 pid 13245 name "MqttHandler" vma 7ec6b37000
           <...>-6718  [004] ....  1927.139800: do_swap_page: swapin tgid 6439 pid 6718 name "MqttHandler" vma 9d75d000
           <...>-6718  [004] ....  1927.139804: do_swap_page: swapin tgid 6439 pid 6718 name "MqttHandler" vma 9d653000
           <...>-6608  [004] ....  1927.139821: do_swap_page: swapin tgid 6439 pid 6608 name "CombinedTP12" vma 9dece000
           <...>-6608  [004] ....  1927.139825: do_swap_page: swapin tgid 6439 pid 6608 name "CombinedTP12" vma 9dced000
           <...>-6608  [004] ....  1927.139832: do_swap_page: swapin tgid 6439 pid 6608 name "CombinedTP12" vma 9dce3000
           <...>-6608  [004] ....  1927.139854: do_swap_page: swapin tgid 6439 pid 6608 name "CombinedTP12" vma 12d4d000
           <...>-13245 [004] ....  1927.139885: do_swap_page: swapin tgid 6439 pid 13245 name "MqttHandler" vma 7ec6b37000
           <...>-13245 [004] ....  1927.139889: do_swap_page: swapin tgid 6439 pid 13245 name "MqttHandler" vma 7ec6b3c000
           <...>-13245 [004] ....  1927.139893: do_swap_page: swapin tgid 6439 pid 13245 name "MqttHandler" vma 7f2d7ab000
           <...>-13245 [004] ....  1927.139899: do_swap_page: swapin tgid 6439 pid 13245 name "MqttHandler" vma 7eb40c7000
           <...>-13245 [004] ....  1927.139902: do_swap_page: swapin tgid 6439 pid 13245 name "MqttHandler" vma 7ec6c88000
           <...>-13245 [004] ....  1927.139923: do_swap_page: swapin tgid 6439 pid 13245 name "MqttHandler" vma 7eb40b6000
           <...>-13245 [004] ....  1927.139927: do_swap_page: swapin tgid 6439 pid 13245 name "MqttHandler" vma 7eb037c000
           <...>-13245 [004] ....  1927.139930: do_swap_page: swapin tgid 6439 pid 13245 name "MqttHandler" vma 7ea7de2000
           <...>-13245 [004] ....  1927.139935: do_swap_page: swapin tgid 6439 pid 13245 name "MqttHandler" vma 7ea7dea000
           <...>-13245 [004] ....  1927.139937: do_swap_page: swapin tgid 6439 pid 13245 name "MqttHandler" vma 7ea7e65000
           <...>-13245 [004] ....  1927.139940: do_swap_page: swapin tgid 6439 pid 13245 name "MqttHandler" vma 7f2d71b000
           <...>-13245 [004] ....  1927.139942: do_swap_page: swapin tgid 6439 pid 13245 name "MqttHandler" vma 7eb0400000
           <...>-13245 [004] ....  1927.139944: do_swap_page: swapin tgid 6439 pid 13245 name "MqttHandler" vma 7f2d747000
           <...>-13245 [004] ....  1927.139950: do_swap_page: swapin tgid 6439 pid 13245 name "MqttHandler" vma 7f2d76a000
           <...>-13245 [004] ....  1927.139955: do_swap_page: swapin tgid 6439 pid 13245 name "MqttHandler" vma 7ebabc5000
           <...>-13245 [004] ....  1927.139957: do_swap_page: swapin tgid 6439 pid 13245 name "MqttHandler" vma 7ec6a99000
           <...>-6718  [004] ....  1927.139980: do_swap_page: swapin tgid 6439 pid 6718 name "MqttHandler" vma 9d653000
           <...>-6718  [004] ....  1927.139983: do_swap_page: swapin tgid 6439 pid 6718 name "MqttHandler" vma 9de32000
           <...>-3122  [004] ....  1927.140001: do_swap_page: swapin tgid 2954 pid 3122 name "bgExecutor #1" vma 9d7dc000
           <...>-3122  [004] ....  1927.140006: do_swap_page: swapin tgid 2954 pid 3122 name "bgExecutor #1" vma 9e008000
           <...>-6608  [004] ....  1927.140029: do_swap_page: swapin tgid 6439 pid 6608 name "CombinedTP12" vma 7eb4025000
           <...>-6608  [004] ....  1927.140078: do_swap_page: swapin tgid 6439 pid 6608 name "CombinedTP12" vma 7fbb88d000
           <...>-6718  [004] ....  1927.140116: do_swap_page: swapin tgid 6439 pid 6718 name "MqttHandler" vma 9de32000
           <...>-6718  [004] ....  1927.140121: do_swap_page: swapin tgid 6439 pid 6718 name "MqttHandler" vma 13562000
           <...>-3122  [004] ....  1927.140152: do_swap_page: swapin tgid 2954 pid 3122 name "bgExecutor #1" vma 9e008000
           <...>-3122  [004] ....  1927.140158: do_swap_page: swapin tgid 2954 pid 3122 name "bgExecutor #1" vma 9e153000
           <...>-13245 [004] ....  1927.140202: do_swap_page: swapin tgid 6439 pid 13245 name "MqttHandler" vma 7ec6a99000
           <...>-13245 [004] ....  1927.140210: do_swap_page: swapin tgid 6439 pid 13245 name "MqttHandler" vma 7fbe25f000
           <...>-6718  [004] ....  1927.140252: do_swap_page: swapin tgid 6439 pid 6718 name "MqttHandler" vma 13562000
           <...>-6718  [004] ....  1927.140256: do_swap_page: swapin tgid 6439 pid 6718 name "MqttHandler" vma 9d761000
           <...>-6608  [004] ....  1927.140284: do_swap_page: swapin tgid 6439 pid 6608 name "CombinedTP12" vma 7f30864000
           <...>-3122  [004] ....  1927.140324: do_swap_page: swapin tgid 2954 pid 3122 name "bgExecutor #1" vma 9e153000
           <...>-3122  [004] ....  1927.140349: do_swap_page: swapin tgid 2954 pid 3122 name "bgExecutor #1" vma 9e105000
           <...>-13245 [004] ....  1927.140387: do_swap_page: swapin tgid 6439 pid 13245 name "MqttHandler" vma 7fbe25f000
           <...>-13245 [004] ....  1927.140394: do_swap_page: swapin tgid 6439 pid 13245 name "MqttHandler" vma 7f2d71d000
           <...>-13245 [004] ....  1927.140402: do_swap_page: swapin tgid 6439 pid 13245 name "MqttHandler" vma 7fbcdf9000
           <...>-6718  [004] ....  1927.140423: do_swap_page: swapin tgid 6439 pid 6718 name "MqttHandler" vma 9d761000
           <...>-6718  [004] ....  1927.140427: do_swap_page: swapin tgid 6439 pid 6718 name "MqttHandler" vma 9d652000
           <...>-6608  [004] ....  1927.140487: do_swap_page: swapin tgid 6439 pid 6608 name "CombinedTP12" vma 7f30864000
           <...>-6608  [004] ....  1927.140494: do_swap_page: swapin tgid 6439 pid 6608 name "CombinedTP12" vma 7ec205f000
           <...>-6608  [004] ....  1927.140500: do_swap_page: swapin tgid 6439 pid 6608 name "CombinedTP12" vma 7ebab5d000
           <...>-6608  [004] ....  1927.140517: do_swap_page: swapin tgid 6439 pid 6608 name "CombinedTP12" vma 7eb37d5000
           <...>-6608  [004] ....  1927.140526: do_swap_page: swapin tgid 6439 pid 6608 name "CombinedTP12" vma 13504000
           <...>-6608  [004] ....  1927.140530: do_swap_page: swapin tgid 6439 pid 6608 name "CombinedTP12" vma 71622000
           <...>-3122  [004] ....  1927.140564: do_swap_page: swapin tgid 2954 pid 3122 name "bgExecutor #1" vma 9e105000
           <...>-3122  [004] ....  1927.140582: do_swap_page: swapin tgid 2954 pid 3122 name "bgExecutor #1" vma 146c1000
           <...>-3122  [004] ....  1927.140587: do_swap_page: swapin tgid 2954 pid 3122 name "bgExecutor #1" vma 9d693000
           <...>-3122  [004] ....  1927.140593: do_swap_page: swapin tgid 2954 pid 3122 name "bgExecutor #1" vma 9d7d6000
           <...>-13245 [004] ....  1927.140621: do_swap_page: swapin tgid 6439 pid 13245 name "MqttHandler" vma 7fbcdf9000
           <...>-13245 [004] ....  1927.140631: do_swap_page: swapin tgid 6439 pid 13245 name "MqttHandler" vma 7ec6af0000
           <...>-13245 [004] ....  1927.140635: do_swap_page: swapin tgid 6439 pid 13245 name "MqttHandler" vma 7ec6af1000
           <...>-13245 [004] ....  1927.140641: do_swap_page: swapin tgid 6439 pid 13245 name "MqttHandler" vma 7ec6b01000
           <...>-13245 [004] ....  1927.140643: do_swap_page: swapin tgid 6439 pid 13245 name "MqttHandler" vma 7ec6b02000
           <...>-13245 [004] ....  1927.140651: do_swap_page: swapin tgid 6439 pid 13245 name "MqttHandler" vma 7fbe15d000
           <...>-13245 [004] ....  1927.140653: do_swap_page: swapin tgid 6439 pid 13245 name "MqttHandler" vma 7f29dde000
           <...>-13245 [004] ....  1927.140696: do_swap_page: swapin tgid 6439 pid 13245 name "writeInMqttClie" vma 7fbc63f000
           <...>-13245 [004] ....  1927.140701: do_swap_page: swapin tgid 6439 pid 13245 name "writeInMqttClie" vma 132c8000
