           <...>-2521  [004] ....  7848.841470: do_swap_page: swapin tgid 2479 pid 2521 name "Binder:2479_1" vma 7fbe311000
           <...>-2521  [004] ....  7848.841474: do_swap_page: swapin tgid 2479 pid 2521 name "Binder:2479_1" vma 7f2d689000
           <...>-2521  [004] ....  7848.841478: do_swap_page: swapin tgid 2479 pid 2521 name "Binder:2479_1" vma 7f2d61e000
           <...>-2521  [004] ....  7848.841483: do_swap_page: swapin tgid 2479 pid 2521 name "Binder:2479_1" vma 7f2d16b000
           <...>-2529  [004] ....  7848.841531: do_swap_page: swapin tgid 2495 pid 2529 name "Binder:2495_3" vma 7f39800000
           <...>-2529  [004] ....  7848.841540: do_swap_page: swapin tgid 2495 pid 2529 name "Binder:2495_3" vma 7f395f0000
           <...>-2467  [004] ....  7848.841560: do_swap_page: swapin tgid 2448 pid 2467 name "Binder:2448_2" vma 7fbe17f000
           <...>-2467  [004] ....  7848.841566: do_swap_page: swapin tgid 2448 pid 2467 name "Binder:2448_2" vma 7fbe20a000
           <...>-1937  [004] ....  7848.841608: do_swap_page: swapin tgid 1882 pid 1937 name "Binder:1882_3" vma 7f395f0000
           <...>-1937  [004] ....  7848.841613: do_swap_page: swapin tgid 1882 pid 1937 name "Binder:1882_3" vma 7f39800000
           <...>-2040  [004] ....  7848.841639: do_swap_page: swapin tgid 2012 pid 2040 name "Binder:2012_1" vma 7fbe17f000
           <...>-2040  [004] ....  7848.841645: do_swap_page: swapin tgid 2012 pid 2040 name "Binder:2012_1" vma 7fbe20a000
           <...>-2224  [004] ....  7848.841719: do_swap_page: swapin tgid 1700 pid 2224 name "ScreenDecoratio" vma 7f28987000
           <...>-2224  [004] ....  7848.841726: do_swap_page: swapin tgid 1700 pid 2224 name "ScreenDecoratio" vma 7fbe188000
           <...>-2675  [004] ....  7848.841770: do_swap_page: swapin tgid 2424 pid 2675 name "Binder:2424_3" vma 7fbcdf2000
           <...>-2675  [004] ....  7848.841777: do_swap_page: swapin tgid 2424 pid 2675 name "Binder:2424_3" vma 7ed2c54000
           <...>-2675  [004] ....  7848.841778: do_swap_page: swapin tgid 2424 pid 2675 name "Binder:2424_3" vma 7ed2c55000
           <...>-2675  [004] ....  7848.841783: do_swap_page: swapin tgid 2424 pid 2675 name "Binder:2424_3" vma 7f2d67a000
           <...>-2675  [004] ....  7848.841787: do_swap_page: swapin tgid 2424 pid 2675 name "Binder:2424_3" vma 7fbe1d6000
           <...>-2675  [004] ....  7848.841793: do_swap_page: swapin tgid 2424 pid 2675 name "Binder:2424_3" vma 7f395f0000
           <...>-2529  [004] ....  7848.841847: do_swap_page: swapin tgid 2495 pid 2529 name "Binder:2495_3" vma 7f395f0000
           <...>-2529  [004] ....  7848.841855: do_swap_page: swapin tgid 2495 pid 2529 name "Binder:2495_3" vma 14087000
           <...>-2529  [004] ....  7848.841859: do_swap_page: swapin tgid 2495 pid 2529 name "Binder:2495_3" vma 14082000
           <...>-2467  [004] ....  7848.841896: do_swap_page: swapin tgid 2448 pid 2467 name "Binder:2448_2" vma 7fbe20a000
           <...>-2467  [004] ....  7848.841903: do_swap_page: swapin tgid 2448 pid 2467 name "Binder:2448_2" vma 7fbcdf6000
           <...>-2467  [004] ....  7848.841905: do_swap_page: swapin tgid 2448 pid 2467 name "Binder:2448_2" vma 7fbcdf2000
           <...>-2521  [004] ....  7848.841966: do_swap_page: swapin tgid 2479 pid 2521 name "Binder:2479_1" vma 7f2d16b000
           <...>-2521  [004] ....  7848.841972: do_swap_page: swapin tgid 2479 pid 2521 name "Binder:2479_1" vma 7f39800000
           <...>-1937  [004] ....  7848.841992: do_swap_page: swapin tgid 1882 pid 1937 name "Binder:1882_3" vma 7f39800000
           <...>-1937  [004] ....  7848.842016: do_swap_page: swapin tgid 1882 pid 1937 name "Binder:1882_3" vma 7f2d145000
           <...>-2040  [004] ....  7848.842038: do_swap_page: swapin tgid 2012 pid 2040 name "Binder:2012_1" vma 7fbe20a000
           <...>-2040  [004] ....  7848.842044: do_swap_page: swapin tgid 2012 pid 2040 name "Binder:2012_1" vma 7fbcdf6000
           <...>-2040  [004] ....  7848.842046: do_swap_page: swapin tgid 2012 pid 2040 name "Binder:2012_1" vma 7fbcdf2000
           <...>-2529  [004] ....  7848.842066: do_swap_page: swapin tgid 2495 pid 2529 name "Binder:2495_3" vma 14082000
           <...>-2529  [004] ....  7848.842072: do_swap_page: swapin tgid 2495 pid 2529 name "Binder:2495_3" vma 7f350ba000
           <...>-2529  [004] ....  7848.842076: do_swap_page: swapin tgid 2495 pid 2529 name "Binder:2495_3" vma 7155f000
           <...>-2675  [004] ....  7848.842100: do_swap_page: swapin tgid 2424 pid 2675 name "Binder:2424_3" vma 7f395f0000
           <...>-2675  [004] ....  7848.842105: do_swap_page: swapin tgid 2424 pid 2675 name "Binder:2424_3" vma 7f39800000
           <...>-2467  [004] ....  7848.842146: do_swap_page: swapin tgid 2448 pid 2467 name "Binder:2448_2" vma 7fbcdf2000
           <...>-2467  [004] ....  7848.842153: do_swap_page: swapin tgid 2448 pid 2467 name "Binder:2448_2" vma 7f2895d000
           <...>-2467  [004] ....  7848.842157: do_swap_page: swapin tgid 2448 pid 2467 name "Binder:2448_2" vma 7f2895e000
           <...>-2467  [004] ....  7848.842160: do_swap_page: swapin tgid 2448 pid 2467 name "Binder:2448_2" vma 7f2d689000
           <...>-2467  [004] ....  7848.842164: do_swap_page: swapin tgid 2448 pid 2467 name "Binder:2448_2" vma 7f2d61e000
           <...>-2467  [004] ....  7848.842167: do_swap_page: swapin tgid 2448 pid 2467 name "Binder:2448_2" vma 7f2d16b000
           <...>-2521  [004] ....  7848.842215: do_swap_page: swapin tgid 2479 pid 2521 name "Binder:2479_1" vma 7f39800000
           <...>-2521  [004] ....  7848.842243: do_swap_page: swapin tgid 2479 pid 2521 name "Binder:2479_1" vma 140d0000
           <...>-2521  [004] ....  7848.842250: do_swap_page: swapin tgid 2479 pid 2521 name "Binder:2479_1" vma 7f34f4c000
           <...>-2521  [004] ....  7848.842251: do_swap_page: swapin tgid 2479 pid 2521 name "Binder:2479_1" vma 7f350ba000
           <...>-2521  [004] ....  7848.842254: do_swap_page: swapin tgid 2479 pid 2521 name "Binder:2479_1" vma 7155f000
           <...>-1937  [004] ....  7848.842275: do_swap_page: swapin tgid 1882 pid 1937 name "Binder:1882_3" vma 7f2d145000
           <...>-1937  [004] ....  7848.842309: do_swap_page: swapin tgid 1882 pid 1937 name "Binder:1882_3" vma 7f350ba000
           <...>-1937  [004] ....  7848.842314: do_swap_page: swapin tgid 1882 pid 1937 name "Binder:1882_3" vma 7155f000
           <...>-2040  [004] ....  7848.842335: do_swap_page: swapin tgid 2012 pid 2040 name "Binder:2012_1" vma 7fbcdf2000
           <...>-2040  [004] ....  7848.842341: do_swap_page: swapin tgid 2012 pid 2040 name "Binder:2012_1" vma 7fbe312000
           <...>-2040  [004] ....  7848.842344: do_swap_page: swapin tgid 2012 pid 2040 name "Binder:2012_1" vma 7f2895c000
           <...>-2040  [004] ....  7848.842346: do_swap_page: swapin tgid 2012 pid 2040 name "Binder:2012_1" vma 7fbe1d3000
           <...>-2040  [004] ....  7848.842352: do_swap_page: swapin tgid 2012 pid 2040 name "Binder:2012_1" vma 7ece36c000
           <...>-2040  [004] ....  7848.842356: do_swap_page: swapin tgid 2012 pid 2040 name "Binder:2012_1" vma 7f2d271000
           <...>-2529  [004] ....  7848.842396: do_swap_page: swapin tgid 2495 pid 2529 name "Binder:2495_3" vma 7155f000
           <...>-1367  [004] ....  7848.842461: do_swap_page: swapin tgid 1338 pid 1367 name "android.bg" vma 7f28b16000
           <...>-2675  [004] ....  7848.842526: do_swap_page: swapin tgid 2424 pid 2675 name "Binder:2424_3" vma 7f39800000
           <...>-2675  [004] ....  7848.842535: do_swap_page: swapin tgid 2424 pid 2675 name "Binder:2424_3" vma 7f2d16b000
           <...>-2467  [004] ....  7848.842560: do_swap_page: swapin tgid 2448 pid 2467 name "Binder:2448_2" vma 7f2d16b000
           <...>-2467  [004] ....  7848.842565: do_swap_page: swapin tgid 2448 pid 2467 name "Binder:2448_2" vma 7f39800000
           <...>-1937  [004] ....  7848.842602: do_swap_page: swapin tgid 1882 pid 1937 name "Binder:1882_3" vma 7155f000
           <...>-2521  [004] ....  7848.842625: do_swap_page: swapin tgid 2479 pid 2521 name "Binder:2479_1" vma 7155f000
           <...>-2224  [004] ....  7848.842647: do_swap_page: swapin tgid 1700 pid 2224 name "ScreenDecoratio" vma 7fbe188000
           <...>-2224  [004] ....  7848.842716: do_swap_page: swapin tgid 1700 pid 2224 name "ScreenDecoratio" vma 13d3f000
    RenderThread-2165  [004] ....  7848.842760: do_swap_page: swapin tgid 1700 pid 2165 name "RenderThread" vma 7ec276b000
           <...>-2040  [004] ....  7848.842818: do_swap_page: swapin tgid 2012 pid 2040 name "Binder:2012_1" vma 7f2d271000
           <...>-2040  [004] ....  7848.842824: do_swap_page: swapin tgid 2012 pid 2040 name "Binder:2012_1" vma 7f39800000
           <...>-2467  [004] ....  7848.842850: do_swap_page: swapin tgid 2448 pid 2467 name "Binder:2448_2" vma 7f39800000
           <...>-2467  [004] ....  7848.842862: do_swap_page: swapin tgid 2448 pid 2467 name "Binder:2448_2" vma 14710000
           <...>-2467  [004] ....  7848.842865: do_swap_page: swapin tgid 2448 pid 2467 name "Binder:2448_2" vma 7f350ba000
           <...>-2467  [004] ....  7848.842868: do_swap_page: swapin tgid 2448 pid 2467 name "Binder:2448_2" vma 7155f000
           <...>-2675  [004] ....  7848.842891: do_swap_page: swapin tgid 2424 pid 2675 name "Binder:2424_3" vma 7f2d16b000
           <...>-2675  [004] ....  7848.842899: do_swap_page: swapin tgid 2424 pid 2675 name "Binder:2424_3" vma 14011000
           <...>-2675  [004] ....  7848.842904: do_swap_page: swapin tgid 2424 pid 2675 name "Binder:2424_3" vma 7f34f4c000
           <...>-2675  [004] ....  7848.842905: do_swap_page: swapin tgid 2424 pid 2675 name "Binder:2424_3" vma 7f350ba000
           <...>-2675  [004] ....  7848.842908: do_swap_page: swapin tgid 2424 pid 2675 name "Binder:2424_3" vma 7155f000
           <...>-2040  [004] ....  7848.842949: do_swap_page: swapin tgid 2012 pid 2040 name "Binder:2012_1" vma 7f39800000
           <...>-2040  [004] ....  7848.842958: do_swap_page: swapin tgid 2012 pid 2040 name "Binder:2012_1" vma 7f395f0000
           <...>-2467  [004] ....  7848.843038: do_swap_page: swapin tgid 2448 pid 2467 name "Binder:2448_2" vma 7155f000
           <...>-2467  [004] ....  7848.843049: do_swap_page: swapin tgid 2448 pid 2467 name "Binder:2448_2" vma 7f2d691000
           <...>-1361  [004] ....  7848.843074: do_swap_page: swapin tgid 1338 pid 1361 name "android.display" vma 7e5c9f7000
           <...>-1361  [004] ....  7848.843139: do_swap_page: swapin tgid 1338 pid 1361 name "android.display" vma 7e5f1d5000
           <...>-1361  [004] ....  7848.843144: do_swap_page: swapin tgid 1338 pid 1361 name "android.display" vma 7e5c9fa000
           <...>-1361  [004] ....  7848.843168: do_swap_page: swapin tgid 1338 pid 1361 name "android.display" vma 7e5ca6b000
           <...>-5218  [004] ....  7848.843494: do_swap_page: swapin tgid 2552 pid 5218 name "Binder:2552_9" vma 7eb6ebd000
           <...>-5218  [004] ....  7848.843505: do_swap_page: swapin tgid 2552 pid 5218 name "Binder:2552_9" vma 7eb6e33000
           <...>-5218  [004] ....  7848.843509: do_swap_page: swapin tgid 2552 pid 5218 name "Binder:2552_9" vma 7fbe241000
           <...>-2882  [004] ....  7848.843530: do_swap_page: swapin tgid 2851 pid 2882 name "Binder:2851_3" vma 7f28abc000
           <...>-2882  [004] ....  7848.843539: do_swap_page: swapin tgid 2851 pid 2882 name "Binder:2851_3" vma 7f2deef000
           <...>-2882  [004] ....  7848.843543: do_swap_page: swapin tgid 2851 pid 2882 name "Binder:2851_3" vma 7f2def0000
           <...>-3352  [004] ....  7848.843573: do_swap_page: swapin tgid 2954 pid 3352 name "Binder:2954_4" vma 7f28b4b000
           <...>-3352  [004] ....  7848.843583: do_swap_page: swapin tgid 2954 pid 3352 name "Binder:2954_4" vma 7e99d70000
           <...>-3352  [004] ....  7848.843588: do_swap_page: swapin tgid 2954 pid 3352 name "Binder:2954_4" vma 7e99d71000
           <...>-5255  [004] ....  7848.843618: do_swap_page: swapin tgid 5238 pid 5255 name "Binder:5238_1" vma 7f2e0e9000
           <...>-5255  [004] ....  7848.843625: do_swap_page: swapin tgid 5238 pid 5255 name "Binder:5238_1" vma 7f2e0ea000
           <...>-6368  [004] ....  7848.843657: do_swap_page: swapin tgid 5785 pid 6368 name "Binder:5785_4" vma 7fbe23a000
           <...>-6368  [004] ....  7848.843683: do_swap_page: swapin tgid 5785 pid 6368 name "Binder:5785_4" vma 7f28ac2000
           <...>-6368  [004] ....  7848.843686: do_swap_page: swapin tgid 5785 pid 6368 name "Binder:5785_4" vma 7f28b57000
           <...>-6368  [004] ....  7848.843690: do_swap_page: swapin tgid 5785 pid 6368 name "Binder:5785_4" vma 7fbbbfd000
           <...>-6368  [004] ....  7848.843693: do_swap_page: swapin tgid 5785 pid 6368 name "Binder:5785_4" vma 7fbe241000
           <...>-22170 [004] ....  7848.843720: do_swap_page: swapin tgid 6323 pid 22170 name "Binder:6323_5" vma 7f2d6d2000
           <...>-22170 [004] ....  7848.843726: do_swap_page: swapin tgid 6323 pid 22170 name "Binder:6323_5" vma 7f2d61f000
           <...>-22170 [004] ....  7848.843729: do_swap_page: swapin tgid 6323 pid 22170 name "Binder:6323_5" vma 7f2d63b000
           <...>-22170 [004] ....  7848.843734: do_swap_page: swapin tgid 6323 pid 22170 name "Binder:6323_5" vma 7fbbbfd000
           <...>-22170 [004] ....  7848.843744: do_swap_page: swapin tgid 6323 pid 22170 name "Binder:6323_5" vma 7fbe241000
           <...>-6425  [004] ....  7848.843790: do_swap_page: swapin tgid 6401 pid 6425 name "Binder:6401_3" vma 7f28abc000
           <...>-6425  [004] ....  7848.843799: do_swap_page: swapin tgid 6401 pid 6425 name "Binder:6401_3" vma 7f2deef000
           <...>-6425  [004] ....  7848.843804: do_swap_page: swapin tgid 6401 pid 6425 name "Binder:6401_3" vma 7f2def0000
   Binder:6777_8-16174 [004] ....  7848.843825: do_swap_page: swapin tgid 6777 pid 16174 name "Binder:6777_8" vma 7eaeaae000
   Binder:6777_8-16174 [004] ....  7848.843833: do_swap_page: swapin tgid 6777 pid 16174 name "Binder:6777_8" vma 7f29dd5000
   Binder:6777_8-16174 [004] ....  7848.843837: do_swap_page: swapin tgid 6777 pid 16174 name "Binder:6777_8" vma 7f29dd6000
   Binder:6777_8-16174 [004] ....  7848.843840: do_swap_page: swapin tgid 6777 pid 16174 name "Binder:6777_8" vma 7ea36cd000
   Binder:6777_8-16174 [004] ....  7848.843851: do_swap_page: swapin tgid 6777 pid 16174 name "Binder:6777_8" vma 7eb9ca0000
   Binder:6777_8-16174 [004] ....  7848.843859: do_swap_page: swapin tgid 6777 pid 16174 name "Binder:6777_8" vma 7fbe241000
           <...>-7013  [004] ....  7848.843881: do_swap_page: swapin tgid 6994 pid 7013 name "Binder:6994_3" vma f0e3f000
           <...>-7013  [004] ....  7848.843889: do_swap_page: swapin tgid 6994 pid 7013 name "Binder:6994_3" vma cd347000
           <...>-7013  [004] ....  7848.843896: do_swap_page: swapin tgid 6994 pid 7013 name "Binder:6994_3" vma f7a7d000
           <...>-7013  [004] ....  7848.843901: do_swap_page: swapin tgid 6994 pid 7013 name "Binder:6994_3" vma f7a7f000
           <...>-7232  [004] ....  7848.843923: do_swap_page: swapin tgid 7206 pid 7232 name "Binder:7206_3" vma f0e3f000
           <...>-7232  [004] ....  7848.843961: do_swap_page: swapin tgid 7206 pid 7232 name "Binder:7206_3" vma cd347000
           <...>-7232  [004] ....  7848.843967: do_swap_page: swapin tgid 7206 pid 7232 name "Binder:7206_3" vma f7a7d000
           <...>-7232  [004] ....  7848.843971: do_swap_page: swapin tgid 7206 pid 7232 name "Binder:7206_3" vma f7a7f000
           <...>-22336 [004] ....  7848.843992: do_swap_page: swapin tgid 22322 pid 22336 name "Binder:22322_1" vma 7f2d645000
           <...>-22336 [004] ....  7848.844005: do_swap_page: swapin tgid 22322 pid 22336 name "Binder:22322_1" vma 7f2e0e9000
           <...>-22336 [004] ....  7848.844008: do_swap_page: swapin tgid 22322 pid 22336 name "Binder:22322_1" vma 7f2e0ea000
           <...>-31398 [004] ....  7848.844036: do_swap_page: swapin tgid 30257 pid 31398 name "Binder:30257_5" vma 7f2d645000
           <...>-31398 [004] ....  7848.844045: do_swap_page: swapin tgid 30257 pid 31398 name "Binder:30257_5" vma 7ed46ff000
           <...>-31398 [004] ....  7848.844060: do_swap_page: swapin tgid 30257 pid 31398 name "Binder:30257_5" vma 7ed4700000
           <...>-31398 [004] ....  7848.844063: do_swap_page: swapin tgid 30257 pid 31398 name "Binder:30257_5" vma 7f2d695000
           <...>-31398 [004] ....  7848.844068: do_swap_page: swapin tgid 30257 pid 31398 name "Binder:30257_5" vma 7fbe180000
           <...>-31398 [004] ....  7848.844078: do_swap_page: swapin tgid 30257 pid 31398 name "Binder:30257_5" vma 7f2d615000
           <...>-31398 [004] ....  7848.844081: do_swap_page: swapin tgid 30257 pid 31398 name "Binder:30257_5" vma 7fbcdf6000
           <...>-31398 [004] ....  7848.844084: do_swap_page: swapin tgid 30257 pid 31398 name "Binder:30257_5" vma 7fbcdf2000
           <...>-31398 [004] ....  7848.844086: do_swap_page: swapin tgid 30257 pid 31398 name "Binder:30257_5" vma 7fbcdf3000
           <...>-31398 [004] ....  7848.844091: do_swap_page: swapin tgid 30257 pid 31398 name "Binder:30257_5" vma 7f28dc6000
           <...>-31398 [004] ....  7848.844093: do_swap_page: swapin tgid 30257 pid 31398 name "Binder:30257_5" vma 7f28dc7000
           <...>-31398 [004] ....  7848.844097: do_swap_page: swapin tgid 30257 pid 31398 name "Binder:30257_5" vma 7f2d806000
           <...>-31398 [004] ....  7848.844101: do_swap_page: swapin tgid 30257 pid 31398 name "Binder:30257_5" vma 7f39800000
           <...>-31398 [004] ....  7848.844103: do_swap_page: swapin tgid 30257 pid 31398 name "Binder:30257_5" vma 7f2d800000
           <...>-31398 [004] ....  7848.844109: do_swap_page: swapin tgid 30257 pid 31398 name "Binder:30257_5" vma 7f2d802000
           <...>-31398 [004] ....  7848.844112: do_swap_page: swapin tgid 30257 pid 31398 name "Binder:30257_5" vma 7f2d80b000
           <...>-31398 [004] ....  7848.844115: do_swap_page: swapin tgid 30257 pid 31398 name "Binder:30257_5" vma 7f2d809000
           <...>-31398 [004] ....  7848.844119: do_swap_page: swapin tgid 30257 pid 31398 name "Binder:30257_5" vma 7f2d80a000
           <...>-31398 [004] ....  7848.844121: do_swap_page: swapin tgid 30257 pid 31398 name "Binder:30257_5" vma 7f2d808000
           <...>-31398 [004] ....  7848.844131: do_swap_page: swapin tgid 30257 pid 31398 name "Binder:30257_5" vma 7f2d16b000
           <...>-31398 [004] ....  7848.844135: do_swap_page: swapin tgid 30257 pid 31398 name "Binder:30257_5" vma 7f28dc8000
           <...>-31398 [004] ....  7848.844141: do_swap_page: swapin tgid 30257 pid 31398 name "Binder:30257_5" vma 7f2d61f000
           <...>-31398 [004] ....  7848.844144: do_swap_page: swapin tgid 30257 pid 31398 name "Binder:30257_5" vma 7f2d6a3000
           <...>-31398 [004] ....  7848.844147: do_swap_page: swapin tgid 30257 pid 31398 name "Binder:30257_5" vma 7fbbbfd000
           <...>-31398 [004] ....  7848.844150: do_swap_page: swapin tgid 30257 pid 31398 name "Binder:30257_5" vma 7f289bd000
           <...>-31398 [004] ....  7848.844154: do_swap_page: swapin tgid 30257 pid 31398 name "Binder:30257_5" vma 7fbe241000
           <...>-31398 [004] ....  7848.844158: do_swap_page: swapin tgid 30257 pid 31398 name "Binder:30257_5" vma 7fbe1e9000
           <...>-31398 [004] ....  7848.844161: do_swap_page: swapin tgid 30257 pid 31398 name "Binder:30257_5" vma 7f393eb000
           <...>-31398 [004] ....  7848.844166: do_swap_page: swapin tgid 30257 pid 31398 name "Binder:30257_5" vma 7fbe165000
           <...>-31398 [004] ....  7848.844169: do_swap_page: swapin tgid 30257 pid 31398 name "Binder:30257_5" vma 7f2d6d2000
           <...>-31398 [004] ....  7848.844172: do_swap_page: swapin tgid 30257 pid 31398 name "Binder:30257_5" vma 7fbc1fc000
           <...>-31398 [004] ....  7848.844173: do_swap_page: swapin tgid 30257 pid 31398 name "Binder:30257_5" vma 7f2d61a000
           <...>-31398 [004] ....  7848.844176: do_swap_page: swapin tgid 30257 pid 31398 name "Binder:30257_5" vma 7f393e9000
           <...>-31398 [004] ....  7848.844178: do_swap_page: swapin tgid 30257 pid 31398 name "Binder:30257_5" vma 7fbe23c000
           <...>-31398 [004] ....  7848.844180: do_swap_page: swapin tgid 30257 pid 31398 name "Binder:30257_5" vma 7f31934000
           <...>-31398 [004] ....  7848.844185: do_swap_page: swapin tgid 30257 pid 31398 name "Binder:30257_5" vma 12c5b000
           <...>-31398 [004] ....  7848.844188: do_swap_page: swapin tgid 30257 pid 31398 name "Binder:30257_5" vma 7fbe286000
           <...>-31398 [004] ....  7848.844191: do_swap_page: swapin tgid 30257 pid 31398 name "Binder:30257_5" vma 7fbe285000
           <...>-31398 [004] ....  7848.844193: do_swap_page: swapin tgid 30257 pid 31398 name "Binder:30257_5" vma 7f393ea000
           <...>-31398 [004] ....  7848.844194: do_swap_page: swapin tgid 30257 pid 31398 name "Binder:30257_5" vma 7fbe1f8000
           <...>-31398 [004] ....  7848.844198: do_swap_page: swapin tgid 30257 pid 31398 name "Binder:30257_5" vma 12e00000
           <...>-31398 [004] ....  7848.844205: do_swap_page: swapin tgid 30257 pid 31398 name "Binder:30257_5" vma 705cd000
           <...>-31398 [004] ....  7848.844207: do_swap_page: swapin tgid 30257 pid 31398 name "Binder:30257_5" vma 7f34f47000
           <...>-31398 [004] ....  7848.844210: do_swap_page: swapin tgid 30257 pid 31398 name "Binder:30257_5" vma 71555000
           <...>-31398 [004] ....  7848.844214: do_swap_page: swapin tgid 30257 pid 31398 name "Binder:30257_5" vma 7fbe24e000
           <...>-31398 [004] ....  7848.844224: do_swap_page: swapin tgid 30257 pid 31398 name "Binder:30257_5" vma 7fbe074000
           <...>-31398 [004] ....  7848.844226: do_swap_page: swapin tgid 30257 pid 31398 name "Binder:30257_5" vma 7ed46fe000
           <...>-31398 [004] ....  7848.844228: do_swap_page: swapin tgid 30257 pid 31398 name "Binder:30257_5" vma 12c46000
           <...>-31398 [004] ....  7848.844232: do_swap_page: swapin tgid 30257 pid 31398 name "Binder:30257_5" vma 7fbe1e7000
           <...>-31398 [004] ....  7848.844234: do_swap_page: swapin tgid 30257 pid 31398 name "Binder:30257_5" vma 7fbe17f000
           <...>-31398 [004] ....  7848.844236: do_swap_page: swapin tgid 30257 pid 31398 name "Binder:30257_5" vma 7fbe20a000
           <...>-31398 [004] ....  7848.844238: do_swap_page: swapin tgid 30257 pid 31398 name "Binder:30257_5" vma 7f2d804000
           <...>-31398 [004] ....  7848.844240: do_swap_page: swapin tgid 30257 pid 31398 name "Binder:30257_5" vma 7f2d807000
           <...>-31398 [004] ....  7848.844243: do_swap_page: swapin tgid 30257 pid 31398 name "Binder:30257_5" vma 7f2d657000
           <...>-31398 [004] ....  7848.844246: do_swap_page: swapin tgid 30257 pid 31398 name "Binder:30257_5" vma 7f2d61e000
           <...>-31398 [004] ....  7848.844248: do_swap_page: swapin tgid 30257 pid 31398 name "Binder:30257_5" vma 7f2d6af000
           <...>-31398 [004] ....  7848.844252: do_swap_page: swapin tgid 30257 pid 31398 name "Binder:30257_5" vma 12c43000
           <...>-31398 [004] ....  7848.844255: do_swap_page: swapin tgid 30257 pid 31398 name "Binder:30257_5" vma 12c83000
           <...>-31398 [004] ....  7848.844258: do_swap_page: swapin tgid 30257 pid 31398 name "Binder:30257_5" vma 7f350ba000
           <...>-31398 [004] ....  7848.844263: do_swap_page: swapin tgid 30257 pid 31398 name "Binder:30257_5" vma 7155f000
           <...>-31391 [004] ....  7848.844305: do_swap_page: swapin tgid 31370 pid 31391 name "Binder:31370_3" vma 7fbe286000
           <...>-31391 [004] ....  7848.844310: do_swap_page: swapin tgid 31370 pid 31391 name "Binder:31370_3" vma 7fbe285000
           <...>-31391 [004] ....  7848.844336: do_swap_page: swapin tgid 31370 pid 31391 name "Binder:31370_3" vma 7fbdd6f000
           <...>-31489 [004] ....  7848.844392: do_swap_page: swapin tgid 31463 pid 31489 name "Binder:31463_3" vma 7fbe286000
           <...>-31489 [004] ....  7848.844397: do_swap_page: swapin tgid 31463 pid 31489 name "Binder:31463_3" vma 7fbe285000
           <...>-3352  [004] ....  7848.844435: do_swap_page: swapin tgid 2954 pid 3352 name "Binder:2954_4" vma 7e99d71000
           <...>-3352  [004] ....  7848.844442: do_swap_page: swapin tgid 2954 pid 3352 name "Binder:2954_4" vma 7f28b38000
           <...>-3352  [004] ....  7848.844448: do_swap_page: swapin tgid 2954 pid 3352 name "Binder:2954_4" vma 7ecf0ae000
           <...>-2882  [004] ....  7848.844468: do_swap_page: swapin tgid 2851 pid 2882 name "Binder:2851_3" vma 7f2def0000
           <...>-2882  [004] ....  7848.844476: do_swap_page: swapin tgid 2851 pid 2882 name "Binder:2851_3" vma 7fbe218000
           <...>-2882  [004] ....  7848.844479: do_swap_page: swapin tgid 2851 pid 2882 name "Binder:2851_3" vma 7fbe180000
           <...>-2882  [004] ....  7848.844483: do_swap_page: swapin tgid 2851 pid 2882 name "Binder:2851_3" vma 7fbe1d0000
           <...>-5218  [004] ....  7848.844507: do_swap_page: swapin tgid 2552 pid 5218 name "Binder:2552_9" vma 7fbe241000
           <...>-5218  [004] ....  7848.844520: do_swap_page: swapin tgid 2552 pid 5218 name "Binder:2552_9" vma 7f31934000
           <...>-5218  [004] ....  7848.844525: do_swap_page: swapin tgid 2552 pid 5218 name "Binder:2552_9" vma 14088000
           <...>-5218  [004] ....  7848.844533: do_swap_page: swapin tgid 2552 pid 5218 name "Binder:2552_9" vma 7eba68f000
           <...>-22170 [004] ....  7848.844553: do_swap_page: swapin tgid 6323 pid 22170 name "Binder:6323_5" vma 7fbe241000
           <...>-22170 [004] ....  7848.844567: do_swap_page: swapin tgid 6323 pid 22170 name "Binder:6323_5" vma 14807000
           <...>-22170 [004] ....  7848.844572: do_swap_page: swapin tgid 6323 pid 22170 name "Binder:6323_5" vma 7fbe286000
           <...>-22170 [004] ....  7848.844573: do_swap_page: swapin tgid 6323 pid 22170 name "Binder:6323_5" vma 7fbe285000
           <...>-22170 [004] ....  7848.844576: do_swap_page: swapin tgid 6323 pid 22170 name "Binder:6323_5" vma 7f393ea000
           <...>-2882  [004] ....  7848.844626: do_swap_page: swapin tgid 2851 pid 2882 name "Binder:2851_3" vma 7fbe1d0000
           <...>-2882  [004] ....  7848.844639: do_swap_page: swapin tgid 2851 pid 2882 name "Binder:2851_3" vma 7fbe22b000
           <...>-2882  [004] ....  7848.844641: do_swap_page: swapin tgid 2851 pid 2882 name "Binder:2851_3" vma 7f28ac2000
           <...>-2675  [004] ....  7848.844666: do_swap_page: swapin tgid 2424 pid 2675 name "Binder:2424_3" vma 7155f000
           <...>-2040  [004] ....  7848.844706: do_swap_page: swapin tgid 2012 pid 2040 name "Binder:2012_1" vma 7f395f0000
           <...>-2040  [004] ....  7848.844713: do_swap_page: swapin tgid 2012 pid 2040 name "Binder:2012_1" vma 137c1000
           <...>-2882  [004] ....  7848.844810: do_swap_page: swapin tgid 2851 pid 2882 name "Binder:2851_3" vma 7f28ac2000
           <...>-2882  [004] ....  7848.844816: do_swap_page: swapin tgid 2851 pid 2882 name "Binder:2851_3" vma 7f28b03000
           <...>-2882  [004] ....  7848.844824: do_swap_page: swapin tgid 2851 pid 2882 name "Binder:2851_3" vma 7fbbbfd000
           <...>-22170 [004] ....  7848.844869: do_swap_page: swapin tgid 6323 pid 22170 name "Binder:6323_5" vma 7f393ea000
           <...>-22170 [004] ....  7848.844874: do_swap_page: swapin tgid 6323 pid 22170 name "Binder:6323_5" vma 7fbe1f8000
           <...>-22170 [004] ....  7848.844878: do_swap_page: swapin tgid 6323 pid 22170 name "Binder:6323_5" vma 7f29efc000
           <...>-22170 [004] ....  7848.844882: do_swap_page: swapin tgid 6323 pid 22170 name "Binder:6323_5" vma 12e00000
           <...>-22170 [004] ....  7848.844907: do_swap_page: swapin tgid 6323 pid 22170 name "Binder:6323_5" vma 7fbe24e000
           <...>-2040  [004] ....  7848.844933: do_swap_page: swapin tgid 2012 pid 2040 name "Binder:2012_1" vma 137c1000
           <...>-2040  [004] ....  7848.844939: do_swap_page: swapin tgid 2012 pid 2040 name "Binder:2012_1" vma 137d1000
           <...>-2040  [004] ....  7848.844943: do_swap_page: swapin tgid 2012 pid 2040 name "Binder:2012_1" vma 7f350ba000
           <...>-2040  [004] ....  7848.844946: do_swap_page: swapin tgid 2012 pid 2040 name "Binder:2012_1" vma 7155f000
           <...>-1359  [004] ....  7848.845008: do_swap_page: swapin tgid 1338 pid 1359 name "android.ui" vma 9d883000
           <...>-2882  [004] ....  7848.845036: do_swap_page: swapin tgid 2851 pid 2882 name "Binder:2851_3" vma 7fbbbfd000
           <...>-2882  [004] ....  7848.845041: do_swap_page: swapin tgid 2851 pid 2882 name "Binder:2851_3" vma 7fbe342000
           <...>-2882  [004] ....  7848.845045: do_swap_page: swapin tgid 2851 pid 2882 name "Binder:2851_3" vma 7fbe241000
           <...>-6425  [004] ....  7848.845089: do_swap_page: swapin tgid 6401 pid 6425 name "Binder:6401_3" vma 7f2def0000
           <...>-6425  [004] ....  7848.845113: do_swap_page: swapin tgid 6401 pid 6425 name "Binder:6401_3" vma 7f28b5d000
           <...>-6425  [004] ....  7848.845119: do_swap_page: swapin tgid 6401 pid 6425 name "Binder:6401_3" vma 7fbe180000
           <...>-6425  [004] ....  7848.845135: do_swap_page: swapin tgid 6401 pid 6425 name "Binder:6401_3" vma 7fbe1d0000
           <...>-6425  [004] ....  7848.845160: do_swap_page: swapin tgid 6401 pid 6425 name "Binder:6401_3" vma 7f28ac2000
           <...>-6425  [004] ....  7848.845163: do_swap_page: swapin tgid 6401 pid 6425 name "Binder:6401_3" vma 7fbe222000
           <...>-6425  [004] ....  7848.845177: do_swap_page: swapin tgid 6401 pid 6425 name "Binder:6401_3" vma 7fbbbfd000
           <...>-6425  [004] ....  7848.845179: do_swap_page: swapin tgid 6401 pid 6425 name "Binder:6401_3" vma 7fbe301000
           <...>-6425  [004] ....  7848.845185: do_swap_page: swapin tgid 6401 pid 6425 name "Binder:6401_3" vma 7fbe241000
           <...>-22170 [004] ....  7848.845236: do_swap_page: swapin tgid 6323 pid 22170 name "Binder:6323_5" vma 7fbe24e000
           <...>-22170 [004] ....  7848.845245: do_swap_page: swapin tgid 6323 pid 22170 name "Binder:6323_5" vma 7fbe06b000
           <...>-22170 [004] ....  7848.845248: do_swap_page: swapin tgid 6323 pid 22170 name "Binder:6323_5" vma 7f29efd000
           <...>-22170 [004] ....  7848.845253: do_swap_page: swapin tgid 6323 pid 22170 name "Binder:6323_5" vma 7f34f47000
           <...>-22170 [004] ....  7848.845256: do_swap_page: swapin tgid 6323 pid 22170 name "Binder:6323_5" vma 14801000
           <...>-22170 [004] ....  7848.845260: do_swap_page: swapin tgid 6323 pid 22170 name "Binder:6323_5" vma 7fbe1e7000
           <...>-2882  [004] ....  7848.845291: do_swap_page: swapin tgid 2851 pid 2882 name "Binder:2851_3" vma 7fbe241000
           <...>-2882  [004] ....  7848.845296: do_swap_page: swapin tgid 2851 pid 2882 name "Binder:2851_3" vma 7fbe1e9000
           <...>-2040  [004] ....  7848.845329: do_swap_page: swapin tgid 2012 pid 2040 name "Binder:2012_1" vma 7155f000
           <...>-1359  [004] ....  7848.845356: do_swap_page: swapin tgid 1338 pid 1359 name "android.ui" vma 9d883000
           <...>-1362  [004] ....  7848.845402: do_swap_page: swapin tgid 1338 pid 1362 name "android.anim" vma 7ecc7f6000
           <...>-1362  [004] ....  7848.845415: do_swap_page: swapin tgid 1338 pid 1362 name "android.anim" vma 7ecc7f4000
           <...>-1362  [004] ....  7848.845437: do_swap_page: swapin tgid 1338 pid 1362 name "android.anim" vma 7ecc7f3000
           <...>-1362  [004] ....  7848.845449: do_swap_page: swapin tgid 1338 pid 1362 name "android.anim" vma 9d8a0000
           <...>-22170 [004] ....  7848.845496: do_swap_page: swapin tgid 6323 pid 22170 name "Binder:6323_5" vma 7fbe1e7000
           <...>-22170 [004] ....  7848.845501: do_swap_page: swapin tgid 6323 pid 22170 name "Binder:6323_5" vma 7fbe17f000
   Binder:6777_8-16174 [004] ....  7848.845543: do_swap_page: swapin tgid 6777 pid 16174 name "Binder:6777_8" vma 7fbe241000
   Binder:6777_8-16174 [004] ....  7848.845558: do_swap_page: swapin tgid 6777 pid 16174 name "Binder:6777_8" vma 7f29dd3000
           <...>-2882  [004] ....  7848.845576: do_swap_page: swapin tgid 2851 pid 2882 name "Binder:2851_3" vma 7fbe1e9000
           <...>-2882  [004] ....  7848.845584: do_swap_page: swapin tgid 2851 pid 2882 name "Binder:2851_3" vma 7f393eb000
           <...>-1362  [004] ....  7848.845623: do_swap_page: swapin tgid 1338 pid 1362 name "android.anim" vma 9d8a0000
           <...>-1362  [004] ....  7848.845663: do_swap_page: swapin tgid 1338 pid 1362 name "android.anim" vma 9d881000
           <...>-1361  [004] ....  7848.845768: do_swap_page: swapin tgid 1338 pid 1361 name "android.display" vma 7fbc6e7000
           <...>-22170 [004] ....  7848.845795: do_swap_page: swapin tgid 6323 pid 22170 name "Binder:6323_5" vma 7fbe17f000
           <...>-22170 [004] ....  7848.845800: do_swap_page: swapin tgid 6323 pid 22170 name "Binder:6323_5" vma 7fbe20a000
           <...>-2882  [004] ....  7848.845823: do_swap_page: swapin tgid 2851 pid 2882 name "Binder:2851_3" vma 7f393eb000
           <...>-2882  [004] ....  7848.845828: do_swap_page: swapin tgid 2851 pid 2882 name "Binder:2851_3" vma 7fbe165000
           <...>-1362  [004] ....  7848.845867: do_swap_page: swapin tgid 1338 pid 1362 name "android.anim" vma 9d881000
           <...>-1362  [004] ....  7848.845914: do_swap_page: swapin tgid 1338 pid 1362 name "android.anim" vma 7f28b1f000
           <...>-1362  [004] ....  7848.845918: do_swap_page: swapin tgid 1338 pid 1362 name "android.anim" vma 7f28bd7000
           <...>-1362  [004] ....  7848.845958: do_swap_page: swapin tgid 1338 pid 1362 name "android.anim" vma 7ecc7f2000
           <...>-1362  [004] ....  7848.845994: do_swap_page: swapin tgid 1338 pid 1362 name "android.anim" vma 7f28b30000
           <...>-1362  [004] ....  7848.845998: do_swap_page: swapin tgid 1338 pid 1362 name "android.anim" vma 7f28b15000
           <...>-1362  [004] ....  7848.846007: do_swap_page: swapin tgid 1338 pid 1362 name "android.anim" vma 7f28b4b000
           <...>-1362  [004] ....  7848.846111: do_swap_page: swapin tgid 1338 pid 1362 name "android.anim" vma 7edf567000
           <...>-7013  [004] ....  7848.846140: do_swap_page: swapin tgid 6994 pid 7013 name "Binder:6994_3" vma f7a7f000
           <...>-7013  [004] ....  7848.846147: do_swap_page: swapin tgid 6994 pid 7013 name "Binder:6994_3" vma f7aa6000
           <...>-7013  [004] ....  7848.846182: do_swap_page: swapin tgid 6994 pid 7013 name "Binder:6994_3" vma f0db8000
           <...>-7013  [004] ....  7848.846185: do_swap_page: swapin tgid 6994 pid 7013 name "Binder:6994_3" vma f0d56000
           <...>-7013  [004] ....  7848.846188: do_swap_page: swapin tgid 6994 pid 7013 name "Binder:6994_3" vma e2026000
           <...>-7013  [004] ....  7848.846200: do_swap_page: swapin tgid 6994 pid 7013 name "Binder:6994_3" vma f56be000
           <...>-1725  [004] ....  7848.846236: do_swap_page: swapin tgid 1700 pid 1725 name "Binder:1700_2" vma 9d5d6000
           <...>-22170 [004] ....  7848.846269: do_swap_page: swapin tgid 6323 pid 22170 name "Binder:6323_5" vma 7fbe20a000
           <...>-22170 [004] ....  7848.846277: do_swap_page: swapin tgid 6323 pid 22170 name "Binder:6323_5" vma 7f2d674000
           <...>-22170 [004] .n..  7848.846281: do_swap_page: swapin tgid 6323 pid 22170 name "Binder:6323_5" vma 7f2d61e000
           <...>-22170 [004] ....  7848.846311: do_swap_page: swapin tgid 6323 pid 22170 name "Binder:6323_5" vma 7f2d16b000
           <...>-22170 [004] ....  7848.846317: do_swap_page: swapin tgid 6323 pid 22170 name "Binder:6323_5" vma 14814000
           <...>-22170 [004] ....  7848.846324: do_swap_page: swapin tgid 6323 pid 22170 name "Binder:6323_5" vma 12c44000
           <...>-22170 [004] ....  7848.846329: do_swap_page: swapin tgid 6323 pid 22170 name "Binder:6323_5" vma 7f350ba000
           <...>-22170 [004] ....  7848.846335: do_swap_page: swapin tgid 6323 pid 22170 name "Binder:6323_5" vma 14800000
           <...>-22170 [004] ....  7848.846337: do_swap_page: swapin tgid 6323 pid 22170 name "Binder:6323_5" vma 7fbe170000
           <...>-1362  [004] ....  7848.846366: do_swap_page: swapin tgid 1338 pid 1362 name "android.anim" vma 7edf567000
           <...>-1362  [004] ....  7848.846392: do_swap_page: swapin tgid 1338 pid 1362 name "android.anim" vma 7fbc6e9000
           <...>-2882  [004] ....  7848.846419: do_swap_page: swapin tgid 2851 pid 2882 name "Binder:2851_3" vma 7fbe165000
           <...>-2882  [004] ....  7848.846424: do_swap_page: swapin tgid 2851 pid 2882 name "Binder:2851_3" vma 7f28b91000
           <...>-2882  [004] ....  7848.846428: do_swap_page: swapin tgid 2851 pid 2882 name "Binder:2851_3" vma 7fbcdf3000
           <...>-1361  [004] ....  7848.846457: do_swap_page: swapin tgid 1338 pid 1361 name "android.display" vma 7fbc6e7000
 ndroid.systemui-1700  [004] ....  7848.846499: do_swap_page: swapin tgid 1700 pid 1700 name "ndroid.systemui" vma 9d826000
           <...>-1362  [004] ....  7848.846531: do_swap_page: swapin tgid 1338 pid 1362 name "android.anim" vma 7fbc6e9000
           <...>-1362  [004] ....  7848.846721: do_swap_page: swapin tgid 1338 pid 1362 name "android.anim" vma 7f2afc0000
           <...>-22336 [004] ....  7848.846754: do_swap_page: swapin tgid 22322 pid 22336 name "Binder:22322_1" vma 7f2e0ea000
           <...>-22336 [004] ....  7848.846762: do_swap_page: swapin tgid 22322 pid 22336 name "Binder:22322_1" vma 7f2d643000
           <...>-22336 [004] ....  7848.846767: do_swap_page: swapin tgid 22322 pid 22336 name "Binder:22322_1" vma 7fbe180000
           <...>-22336 [004] ....  7848.846771: do_swap_page: swapin tgid 22322 pid 22336 name "Binder:22322_1" vma 7f2d656000
           <...>-2882  [004] ....  7848.846792: do_swap_page: swapin tgid 2851 pid 2882 name "Binder:2851_3" vma 7fbcdf3000
           <...>-2882  [004] ....  7848.846799: do_swap_page: swapin tgid 2851 pid 2882 name "Binder:2851_3" vma 7fbc1fc000
           <...>-22170 [004] ....  7848.846820: do_swap_page: swapin tgid 6323 pid 22170 name "Binder:6323_5" vma 7fbe170000
           <...>-22170 [004] ....  7848.846826: do_swap_page: swapin tgid 6323 pid 22170 name "Binder:6323_5" vma 7fbe249000
           <...>-22170 [004] ....  7848.846829: do_swap_page: swapin tgid 6323 pid 22170 name "Binder:6323_5" vma 7fbe254000
           <...>-22170 [004] ....  7848.846856: do_swap_page: swapin tgid 6323 pid 22170 name "Binder:6323_5" vma 7fbddfb000
           <...>-1362  [004] ....  7848.846885: do_swap_page: swapin tgid 1338 pid 1362 name "android.anim" vma 7f2afc0000
           <...>-2882  [004] ....  7848.846950: do_swap_page: swapin tgid 2851 pid 2882 name "Binder:2851_3" vma 7fbc1fc000
           <...>-2882  [004] ....  7848.846956: do_swap_page: swapin tgid 2851 pid 2882 name "Binder:2851_3" vma 7f28b18000
           <...>-2882  [004] ....  7848.846960: do_swap_page: swapin tgid 2851 pid 2882 name "Binder:2851_3" vma 7f393e9000
           <...>-2882  [004] ....  7848.846962: do_swap_page: swapin tgid 2851 pid 2882 name "Binder:2851_3" vma 7fbe23c000
           <...>-22170 [004] ....  7848.847002: do_swap_page: swapin tgid 6323 pid 22170 name "Binder:6323_5" vma 7fbddfb000
           <...>-22170 [004] ....  7848.847009: do_swap_page: swapin tgid 6323 pid 22170 name "Binder:6323_5" vma 7f34f4e000
           <...>-22170 [004] ....  7848.847012: do_swap_page: swapin tgid 6323 pid 22170 name "Binder:6323_5" vma 7f28b4e000
           <...>-22170 [004] ....  7848.847015: do_swap_page: swapin tgid 6323 pid 22170 name "Binder:6323_5" vma 7fbe22e000
           <...>-22170 [004] ....  7848.847050: do_swap_page: swapin tgid 6323 pid 22170 name "Binder:6323_5" vma 7155f000
           <...>-6323  [004] ....  7848.847071: do_swap_page: swapin tgid 6323 pid 6323 name "droid.bluetooth" vma 7fffffd000
           <...>-6323  [004] ....  7848.847080: do_swap_page: swapin tgid 6323 pid 6323 name "droid.bluetooth" vma 7fbe491000
           <...>-3352  [004] ....  7848.847129: do_swap_page: swapin tgid 2954 pid 3352 name "Binder:2954_4" vma 7ecf0ae000
           <...>-3352  [004] ....  7848.847148: do_swap_page: swapin tgid 2954 pid 3352 name "Binder:2954_4" vma 7f28b4f000
           <...>-3352  [004] ....  7848.847150: do_swap_page: swapin tgid 2954 pid 3352 name "Binder:2954_4" vma 7f28ac2000
           <...>-3352  [004] ....  7848.847152: do_swap_page: swapin tgid 2954 pid 3352 name "Binder:2954_4" vma 7fbe1d6000
           <...>-3352  [004] ....  7848.847156: do_swap_page: swapin tgid 2954 pid 3352 name "Binder:2954_4" vma 7fbe342000
           <...>-3352  [004] ....  7848.847158: do_swap_page: swapin tgid 2954 pid 3352 name "Binder:2954_4" vma 7fbe241000
           <...>-6323  [004] ....  7848.847235: do_swap_page: swapin tgid 6323 pid 6323 name "droid.bluetooth" vma 7fbe491000
           <...>-6323  [004] ....  7848.847244: do_swap_page: swapin tgid 6323 pid 6323 name "droid.bluetooth" vma 7fbe1a2000
           <...>-6323  [004] ....  7848.847248: do_swap_page: swapin tgid 6323 pid 6323 name "droid.bluetooth" vma 7fbe1a3000
           <...>-6323  [004] ....  7848.847250: do_swap_page: swapin tgid 6323 pid 6323 name "droid.bluetooth" vma 7fbe25a000
           <...>-6323  [004] ....  7848.847253: do_swap_page: swapin tgid 6323 pid 6323 name "droid.bluetooth" vma 7fffffc000
           <...>-6323  [004] ....  7848.847259: do_swap_page: swapin tgid 6323 pid 6323 name "droid.bluetooth" vma 7fffffb000
           <...>-2882  [004] ....  7848.847345: do_swap_page: swapin tgid 2851 pid 2882 name "Binder:2851_3" vma 7fbe23c000
           <...>-2882  [004] ....  7848.847351: do_swap_page: swapin tgid 2851 pid 2882 name "Binder:2851_3" vma 7f28b92000
           <...>-2882  [004] ....  7848.847355: do_swap_page: swapin tgid 2851 pid 2882 name "Binder:2851_3" vma 7f31934000
    Binder:601_4-2119  [004] ....  7848.847401: do_swap_page: swapin tgid 601 pid 2119 name "Binder:601_4" vma 7fa7fbd000
    Binder:601_4-2119  [004] ....  7848.847430: do_swap_page: swapin tgid 601 pid 2119 name "Binder:601_4" vma 7fbd89e000
           <...>-6323  [004] ....  7848.847460: do_swap_page: swapin tgid 6323 pid 6323 name "droid.bluetooth" vma 7fffffb000
           <...>-6323  [004] ....  7848.847467: do_swap_page: swapin tgid 6323 pid 6323 name "droid.bluetooth" vma 71541000
 ndroid.systemui-1700  [004] ....  7848.847544: do_swap_page: swapin tgid 1700 pid 1700 name "ndroid.systemui" vma 9d769000
           <...>-5218  [004] ....  7848.847581: do_swap_page: swapin tgid 2552 pid 5218 name "Binder:2552_9" vma 7eba68f000
           <...>-5218  [004] ....  7848.847592: do_swap_page: swapin tgid 2552 pid 5218 name "Binder:2552_9" vma 14e21000
           <...>-5218  [004] ....  7848.847609: do_swap_page: swapin tgid 2552 pid 5218 name "Binder:2552_9" vma 7eba690000
           <...>-5218  [004] ....  7848.847647: do_swap_page: swapin tgid 2552 pid 5218 name "Binder:2552_9" vma 13f54000
           <...>-5218  [004] ....  7848.847655: do_swap_page: swapin tgid 2552 pid 5218 name "Binder:2552_9" vma 7eb01f3000
           <...>-5218  [004] ....  7848.847660: do_swap_page: swapin tgid 2552 pid 5218 name "Binder:2552_9" vma 7eafb40000
           <...>-5218  [004] ....  7848.847666: do_swap_page: swapin tgid 2552 pid 5218 name "Binder:2552_9" vma 7eb4381000
           <...>-5218  [004] ....  7848.847669: do_swap_page: swapin tgid 2552 pid 5218 name "Binder:2552_9" vma 13f49000
           <...>-5218  [004] ....  7848.847671: do_swap_page: swapin tgid 2552 pid 5218 name "Binder:2552_9" vma 14dc5000
           <...>-5218  [004] ....  7848.847688: do_swap_page: swapin tgid 2552 pid 5218 name "Binder:2552_9" vma 7155f000
           <...>-2552  [004] ....  7848.847739: do_swap_page: swapin tgid 2552 pid 2552 name "gle.android.gms" vma 7fffffb000
           <...>-2552  [004] ....  7848.847743: do_swap_page: swapin tgid 2552 pid 2552 name "gle.android.gms" vma 71541000
           <...>-2552  [004] ....  7848.847745: do_swap_page: swapin tgid 2552 pid 2552 name "gle.android.gms" vma 716ae000
           <...>-2552  [004] ....  7848.847748: do_swap_page: swapin tgid 2552 pid 2552 name "gle.android.gms" vma 13f5c000
           <...>-2552  [004] ....  7848.847754: do_swap_page: swapin tgid 2552 pid 2552 name "gle.android.gms" vma 13f5d000
           <...>-2552  [004] ....  7848.847757: do_swap_page: swapin tgid 2552 pid 2552 name "gle.android.gms" vma 7fbdcd8000
           <...>-2552  [004] ....  7848.847770: do_swap_page: swapin tgid 2552 pid 2552 name "gle.android.gms" vma 14d4c000
           <...>-2552  [004] ....  7848.847773: do_swap_page: swapin tgid 2552 pid 2552 name "gle.android.gms" vma 142d2000
           <...>-2552  [004] ....  7848.847778: do_swap_page: swapin tgid 2552 pid 2552 name "gle.android.gms" vma 7ec3844000
           <...>-2552  [004] ....  7848.847783: do_swap_page: swapin tgid 2552 pid 2552 name "gle.android.gms" vma 7e746ae000
           <...>-2552  [004] ....  7848.847785: do_swap_page: swapin tgid 2552 pid 2552 name "gle.android.gms" vma 7e746af000
           <...>-2552  [004] ....  7848.847787: do_swap_page: swapin tgid 2552 pid 2552 name "gle.android.gms" vma 1408c000
           <...>-2552  [004] ....  7848.847790: do_swap_page: swapin tgid 2552 pid 2552 name "gle.android.gms" vma 142c8000
           <...>-2552  [004] ....  7848.847792: do_swap_page: swapin tgid 2552 pid 2552 name "gle.android.gms" vma 142d9000
           <...>-2552  [004] ....  7848.847796: do_swap_page: swapin tgid 2552 pid 2552 name "gle.android.gms" vma 7ec4994000
           <...>-2552  [004] ....  7848.847801: do_swap_page: swapin tgid 2552 pid 2552 name "gle.android.gms" vma 7fbc62e000
           <...>-2552  [004] ....  7848.847804: do_swap_page: swapin tgid 2552 pid 2552 name "gle.android.gms" vma 14191000
           <...>-2552  [004] ....  7848.847808: do_swap_page: swapin tgid 2552 pid 2552 name "gle.android.gms" vma 14304000
           <...>-2552  [004] ....  7848.847820: do_swap_page: swapin tgid 2552 pid 2552 name "gle.android.gms" vma 14307000
           <...>-2552  [004] ....  7848.847823: do_swap_page: swapin tgid 2552 pid 2552 name "gle.android.gms" vma 14308000
           <...>-2552  [004] ....  7848.847832: do_swap_page: swapin tgid 2552 pid 2552 name "gle.android.gms" vma 7fbe179000
           <...>-2552  [004] ....  7848.847836: do_swap_page: swapin tgid 2552 pid 2552 name "gle.android.gms" vma 7f28b2c000
           <...>-2552  [004] ....  7848.847846: do_swap_page: swapin tgid 2552 pid 2552 name "gle.android.gms" vma 7ea8b2e000
           <...>-2552  [004] ....  7848.847851: do_swap_page: swapin tgid 2552 pid 2552 name "gle.android.gms" vma 14d78000
           <...>-2552  [004] ....  7848.847857: do_swap_page: swapin tgid 2552 pid 2552 name "gle.android.gms" vma 7f2d669000
           <...>-6323  [004] ....  7848.847875: do_swap_page: swapin tgid 6323 pid 6323 name "droid.bluetooth" vma 71541000
           <...>-6323  [004] ....  7848.847881: do_swap_page: swapin tgid 6323 pid 6323 name "droid.bluetooth" vma 716ae000
           <...>-2882  [004] ....  7848.847910: do_swap_page: swapin tgid 2851 pid 2882 name "Binder:2851_3" vma 7f31934000
           <...>-2882  [004] ....  7848.847917: do_swap_page: swapin tgid 2851 pid 2882 name "Binder:2851_3" vma 14806000
    Binder:601_4-2119  [004] ....  7848.847941: do_swap_page: swapin tgid 601 pid 2119 name "Binder:601_4" vma 7fbd89e000
           <...>-1362  [004] ....  7848.848012: do_swap_page: swapin tgid 1338 pid 1362 name "android.anim" vma 7fbc6ea000
           <...>-6323  [004] ....  7848.848257: do_swap_page: swapin tgid 6323 pid 6323 name "droid.bluetooth" vma 716ae000
           <...>-6323  [004] ....  7848.848342: do_swap_page: swapin tgid 6323 pid 6323 name "droid.bluetooth" vma 14805000
           <...>-6323  [004] ....  7848.848364: do_swap_page: swapin tgid 6323 pid 6323 name "droid.bluetooth" vma 7fbdcd8000
           <...>-6323  [004] ....  7848.848367: do_swap_page: swapin tgid 6323 pid 6323 name "droid.bluetooth" vma 12c46000
           <...>-6323  [004] ....  7848.848372: do_swap_page: swapin tgid 6323 pid 6323 name "droid.bluetooth" vma 1480b000
           <...>-6323  [004] ....  7848.848375: do_swap_page: swapin tgid 6323 pid 6323 name "droid.bluetooth" vma 9d563000
           <...>-1362  [004] ....  7848.848446: do_swap_page: swapin tgid 1338 pid 1362 name "android.anim" vma 7fbe166000
           <...>-2882  [004] ....  7848.848492: do_swap_page: swapin tgid 2851 pid 2882 name "Binder:2851_3" vma 14806000
           <...>-2882  [004] ....  7848.848499: do_swap_page: swapin tgid 2851 pid 2882 name "Binder:2851_3" vma 7fbe286000
           <...>-2882  [004] ....  7848.848501: do_swap_page: swapin tgid 2851 pid 2882 name "Binder:2851_3" vma 7fbe285000
           <...>-2882  [004] ....  7848.848503: do_swap_page: swapin tgid 2851 pid 2882 name "Binder:2851_3" vma 7f393ea000
           <...>-6323  [004] ....  7848.848604: do_swap_page: swapin tgid 6323 pid 6323 name "droid.bluetooth" vma 9d563000
           <...>-6323  [004] ....  7848.848610: do_swap_page: swapin tgid 6323 pid 6323 name "droid.bluetooth" vma 9d5a4000
 ndroid.systemui-1700  [004] ....  7848.848637: do_swap_page: swapin tgid 1700 pid 1700 name "ndroid.systemui" vma 9d769000
 ndroid.systemui-1700  [004] .n..  7848.848676: do_swap_page: swapin tgid 1700 pid 1700 name "ndroid.systemui" vma 9d6a5000
           <...>-1362  [004] ....  7848.848682: do_swap_page: swapin tgid 1338 pid 1362 name "android.anim" vma 7fbe166000
           <...>-1362  [004] ....  7848.848747: do_swap_page: swapin tgid 1338 pid 1362 name "android.anim" vma 7eb4d2f000
