  ClientModeImpl-1474  [004] ....  3612.628824: do_swap_page: swapin tgid 1338 pid 1474 name "ClientModeImpl" vma 7ed1b9d000
           <...>-2895  [004] ....  3612.629481: do_swap_page: swapin tgid 2895 pid 2895 name "wpa_supplicant" vma 7fbd5e7000
           <...>-2895  [004] ....  3612.629673: do_swap_page: swapin tgid 2895 pid 2895 name "wpa_supplicant" vma 7fbd5e7000
           <...>-2895  [004] ....  3612.629687: do_swap_page: swapin tgid 2895 pid 2895 name "wpa_supplicant" vma 7f3cc20000
           <...>-2895  [004] ....  3612.629703: do_swap_page: swapin tgid 2895 pid 2895 name "wpa_supplicant" vma 7f3cc3e000
           <...>-2895  [004] ....  3612.629964: do_swap_page: swapin tgid 2895 pid 2895 name "wpa_supplicant" vma 7f3cc6e000
 wifi_ext@1.0-se-2962  [004] ....  3612.641442: do_swap_page: swapin tgid 824 pid 2962 name "wifi_ext@1.0-se" vma 7fb99af000
 wifi_ext@1.0-se-2962  [004] ....  3612.641470: do_swap_page: swapin tgid 824 pid 2962 name "wifi_ext@1.0-se" vma 7fb99b0000
 wifi_ext@1.0-se-2962  [004] ....  3612.641477: do_swap_page: swapin tgid 824 pid 2962 name "wifi_ext@1.0-se" vma 7fb99b1000
 wifi_ext@1.0-se-2962  [004] ....  3612.641483: do_swap_page: swapin tgid 824 pid 2962 name "wifi_ext@1.0-se" vma 7fb99b2000
 wifi_ext@1.0-se-2962  [004] ....  3612.641489: do_swap_page: swapin tgid 824 pid 2962 name "wifi_ext@1.0-se" vma 7fb99b3000
 wifi_ext@1.0-se-2962  [004] ....  3612.644092: do_swap_page: swapin tgid 824 pid 2962 name "wifi_ext@1.0-se" vma 7fb9b28000
 wifi_ext@1.0-se-2962  [004] ....  3612.644123: do_swap_page: swapin tgid 824 pid 2962 name "wifi_ext@1.0-se" vma 7fb9d6e000
 wifi_ext@1.0-se-2962  [004] ....  3612.644147: do_swap_page: swapin tgid 824 pid 2962 name "wifi_ext@1.0-se" vma 7fb9e0e000
 wifi_ext@1.0-se-2962  [004] ....  3612.644162: do_swap_page: swapin tgid 824 pid 2962 name "wifi_ext@1.0-se" vma 7fbb511000
  ClientModeImpl-1474  [004] ....  3612.644885: do_swap_page: swapin tgid 1338 pid 1474 name "ClientModeImpl" vma 143b9000
  ClientModeImpl-1474  [004] ....  3612.645636: do_swap_page: swapin tgid 1338 pid 1474 name "ClientModeImpl" vma 143b9000
  ClientModeImpl-1474  [004] ....  3612.645655: do_swap_page: swapin tgid 1338 pid 1474 name "ClientModeImpl" vma 142fc000
  ClientModeImpl-1474  [004] ....  3612.645706: do_swap_page: swapin tgid 1338 pid 1474 name "ClientModeImpl" vma 7f2d66e000
           <...>-1475  [004] ....  3612.645752: do_swap_page: swapin tgid 1338 pid 1475 name "WifiP2pService" vma 7e92abf000
           <...>-1475  [004] ....  3612.646084: do_swap_page: swapin tgid 1338 pid 1475 name "WifiP2pService" vma 7e92abf000
           <...>-1475  [004] ....  3612.646116: do_swap_page: swapin tgid 1338 pid 1475 name "WifiP2pService" vma 7e92ac0000
           <...>-1475  [004] ....  3612.646126: do_swap_page: swapin tgid 1338 pid 1475 name "WifiP2pService" vma 7eb4f09000
           <...>-1475  [004] ....  3612.646142: do_swap_page: swapin tgid 1338 pid 1475 name "WifiP2pService" vma 7e92abe000
           <...>-1475  [004] ....  3612.646159: do_swap_page: swapin tgid 1338 pid 1475 name "WifiP2pService" vma 1436d000
           <...>-1475  [004] ....  3612.646399: do_swap_page: swapin tgid 1338 pid 1475 name "WifiP2pService" vma 1436d000
           <...>-1475  [004] ....  3612.646409: do_swap_page: swapin tgid 1338 pid 1475 name "WifiP2pService" vma 1436e000
           <...>-1475  [004] ....  3612.646428: do_swap_page: swapin tgid 1338 pid 1475 name "WifiP2pService" vma 7f236bd000
           <...>-1475  [004] ....  3612.646690: do_swap_page: swapin tgid 1338 pid 1475 name "WifiP2pService" vma 7f236bd000
           <...>-1475  [004] ....  3612.646747: do_swap_page: swapin tgid 1338 pid 1475 name "WifiP2pService" vma 140c6000
           <...>-1475  [004] ....  3612.646760: do_swap_page: swapin tgid 1338 pid 1475 name "WifiP2pService" vma 7f23286000
           <...>-1475  [004] ....  3612.646975: do_swap_page: swapin tgid 1338 pid 1475 name "WifiP2pService" vma 7f23286000
           <...>-1475  [004] ....  3612.646988: do_swap_page: swapin tgid 1338 pid 1475 name "WifiP2pService" vma 7f2132f000
           <...>-1475  [004] ....  3612.647201: do_swap_page: swapin tgid 1338 pid 1475 name "WifiP2pService" vma 7f2132f000
           <...>-1475  [004] ....  3612.647251: do_swap_page: swapin tgid 1338 pid 1475 name "WifiP2pService" vma 7eb4243000
           <...>-1475  [004] ....  3612.647307: do_swap_page: swapin tgid 1338 pid 1475 name "WifiP2pService" vma 14372000
  ClientModeImpl-1474  [004] ....  3612.647356: do_swap_page: swapin tgid 1338 pid 1474 name "ClientModeImpl" vma 7f2dc7d000
  ClientModeImpl-1474  [004] ....  3612.647627: do_swap_page: swapin tgid 1338 pid 1474 name "ClientModeImpl" vma 7f2dc7d000
  ClientModeImpl-1474  [004] ....  3612.647641: do_swap_page: swapin tgid 1338 pid 1474 name "ClientModeImpl" vma 140df000
  ClientModeImpl-1474  [004] ....  3612.647666: do_swap_page: swapin tgid 1338 pid 1474 name "ClientModeImpl" vma 9d5c7000
  ClientModeImpl-1474  [004] ....  3612.647675: do_swap_page: swapin tgid 1338 pid 1474 name "ClientModeImpl" vma 9d867000
  ClientModeImpl-1474  [004] ....  3612.647902: do_swap_page: swapin tgid 1338 pid 1474 name "ClientModeImpl" vma 9d867000
  ClientModeImpl-1474  [004] ....  3612.647915: do_swap_page: swapin tgid 1338 pid 1474 name "ClientModeImpl" vma 9d948000
  ClientModeImpl-1474  [004] ....  3612.647925: do_swap_page: swapin tgid 1338 pid 1474 name "ClientModeImpl" vma 7f28b2c000
  ClientModeImpl-1474  [004] ....  3612.647936: do_swap_page: swapin tgid 1338 pid 1474 name "ClientModeImpl" vma 9d978000
  ClientModeImpl-1474  [004] ....  3612.648141: do_swap_page: swapin tgid 1338 pid 1474 name "ClientModeImpl" vma 9d978000
  ClientModeImpl-1474  [004] ....  3612.648157: do_swap_page: swapin tgid 1338 pid 1474 name "ClientModeImpl" vma 7f35171000
  ClientModeImpl-1474  [004] ....  3612.648166: do_swap_page: swapin tgid 1338 pid 1474 name "ClientModeImpl" vma 9d8b9000
  ClientModeImpl-1474  [004] ....  3612.648317: do_swap_page: swapin tgid 1338 pid 1474 name "ClientModeImpl" vma 9d8b9000
  ClientModeImpl-1474  [004] ....  3612.648325: do_swap_page: swapin tgid 1338 pid 1474 name "ClientModeImpl" vma 9d70a000
  ClientModeImpl-1474  [004] ....  3612.648538: do_swap_page: swapin tgid 1338 pid 1474 name "ClientModeImpl" vma 9d70a000
  ClientModeImpl-1474  [004] ....  3612.648589: do_swap_page: swapin tgid 1338 pid 1474 name "ClientModeImpl" vma 7e5f1d5000
  ClientModeImpl-1474  [004] ....  3612.648925: do_swap_page: swapin tgid 1338 pid 1474 name "ClientModeImpl" vma 7e5f1d5000
  ClientModeImpl-1474  [004] ....  3612.648940: do_swap_page: swapin tgid 1338 pid 1474 name "ClientModeImpl" vma 7e5ca6b000
  ClientModeImpl-1474  [004] ....  3612.649242: do_swap_page: swapin tgid 1338 pid 1474 name "ClientModeImpl" vma 7e5ca6b000
           <...>-1944  [004] ....  3612.649354: do_swap_page: swapin tgid 1904 pid 1944 name "Binder:1904_1" vma 7fbe2f1000
           <...>-1944  [004] ....  3612.649411: do_swap_page: swapin tgid 1904 pid 1944 name "Binder:1904_1" vma 7fbe175000
           <...>-1944  [004] ....  3612.649430: do_swap_page: swapin tgid 1904 pid 1944 name "Binder:1904_1" vma 9d556000
           <...>-1944  [004] ....  3612.649435: do_swap_page: swapin tgid 1904 pid 1944 name "Binder:1904_1" vma 9d557000
           <...>-586   [004] ....  3612.649634: do_swap_page: swapin tgid 556 pid 586 name "logd.klogd" vma 7fbbe65000
  IpClient.wlan0-3002  [004] ....  3612.650035: do_swap_page: swapin tgid 1904 pid 3002 name "IpClient.wlan0" vma 12c41000
  IpClient.wlan0-3002  [004] ....  3612.650220: do_swap_page: swapin tgid 1904 pid 3002 name "IpClient.wlan0" vma 9d562000
           <...>-586   [004] ....  3612.650389: do_swap_page: swapin tgid 556 pid 586 name "logd.klogd" vma 7fbbe65000
  IpClient.wlan0-3002  [004] ....  3612.651097: do_swap_page: swapin tgid 1904 pid 3002 name "IpClient.wlan0" vma 12e66000
  IpClient.wlan0-3002  [004] ....  3612.651117: do_swap_page: swapin tgid 1904 pid 3002 name "IpClient.wlan0" vma 12cbb000
  IpClient.wlan0-3002  [004] ....  3612.651131: do_swap_page: swapin tgid 1904 pid 3002 name "IpClient.wlan0" vma 12cbc000
  IpClient.wlan0-3002  [004] ....  3612.651149: do_swap_page: swapin tgid 1904 pid 3002 name "IpClient.wlan0" vma 12e54000
  IpClient.wlan0-3002  [004] ....  3612.651157: do_swap_page: swapin tgid 1904 pid 3002 name "IpClient.wlan0" vma 7fbc6ee000
  IpClient.wlan0-3002  [004] ....  3612.651247: do_swap_page: swapin tgid 1904 pid 3002 name "IpClient.wlan0" vma 12e43000
  IpClient.wlan0-3002  [004] ....  3612.651298: do_swap_page: swapin tgid 1904 pid 3002 name "IpClient.wlan0" vma 7fbf5e4000
  IpClient.wlan0-3002  [004] ....  3612.651363: do_swap_page: swapin tgid 1904 pid 3002 name "IpClient.wlan0" vma 12e55000
  IpClient.wlan0-3002  [004] ....  3612.651388: do_swap_page: swapin tgid 1904 pid 3002 name "IpClient.wlan0" vma 12ec1000
  IpClient.wlan0-3002  [004] ....  3612.651399: do_swap_page: swapin tgid 1904 pid 3002 name "IpClient.wlan0" vma 7158d000
  IpClient.wlan0-3002  [004] ....  3612.651406: do_swap_page: swapin tgid 1904 pid 3002 name "IpClient.wlan0" vma 7168e000
  IpClient.wlan0-3002  [004] ....  3612.652100: do_swap_page: swapin tgid 1904 pid 3002 name "IpClient.wlan0" vma 7168e000
  IpClient.wlan0-3002  [004] ....  3612.652121: do_swap_page: swapin tgid 1904 pid 3002 name "IpClient.wlan0" vma 7f28ac0000
  IpClient.wlan0-3002  [004] ....  3612.652293: do_swap_page: swapin tgid 1904 pid 3002 name "IpClient.wlan0" vma 7fbf5e3000
  IpClient.wlan0-3002  [004] ....  3612.652314: do_swap_page: swapin tgid 1904 pid 3002 name "IpClient.wlan0" vma 7fbb93c000
  IpClient.wlan0-3002  [004] ....  3612.652325: do_swap_page: swapin tgid 1904 pid 3002 name "IpClient.wlan0" vma 7fbe229000
     logd.writer-567   [004] ....  3612.652901: do_swap_page: swapin tgid 556 pid 567 name "logd.writer" vma 7ffffff000
  IpClient.wlan0-3002  [004] ....  3612.654037: do_swap_page: swapin tgid 1904 pid 3002 name "IpClient.wlan0" vma 7f2d6de000
  IpClient.wlan0-3002  [004] ....  3612.654052: do_swap_page: swapin tgid 1904 pid 3002 name "IpClient.wlan0" vma 7f2d6df000
  IpClient.wlan0-3002  [004] ....  3612.656969: do_swap_page: swapin tgid 1904 pid 3002 name "IpClient.wlan0" vma 7f2d804000
  IpClient.wlan0-3002  [004] ....  3612.656987: do_swap_page: swapin tgid 1904 pid 3002 name "IpClient.wlan0" vma 7f2d809000
  IpClient.wlan0-3002  [004] ....  3612.658247: do_swap_page: swapin tgid 1904 pid 3002 name "IpClient.wlan0" vma 12e46000
  IpClient.wlan0-3002  [004] ....  3612.658329: do_swap_page: swapin tgid 1904 pid 3002 name "IpClient.wlan0" vma 12e59000
           <...>-880   [004] ....  3612.659626: do_swap_page: swapin tgid 880 pid 880 name "logcatd" vma 7fbd848000
           <...>-3392  [004] ....  3612.681271: do_swap_page: swapin tgid 1904 pid 3392 name "Thread-3" vma 7f28b62000
           <...>-3392  [004] ....  3612.681304: do_swap_page: swapin tgid 1904 pid 3392 name "Thread-3" vma 7f29ac1000
           <...>-3392  [004] ....  3612.681312: do_swap_page: swapin tgid 1904 pid 3392 name "Thread-3" vma 7f29ac0000
           <...>-3392  [004] ....  3612.681321: do_swap_page: swapin tgid 1904 pid 3392 name "Thread-3" vma 7f28d3f000
           <...>-3392  [004] ....  3612.681332: do_swap_page: swapin tgid 1904 pid 3392 name "Thread-3" vma 7f28d40000
           <...>-3392  [004] ....  3612.681337: do_swap_page: swapin tgid 1904 pid 3392 name "Thread-3" vma 7f2d61a000
           <...>-3392  [004] ....  3612.681347: do_swap_page: swapin tgid 1904 pid 3392 name "Thread-3" vma 7f2d613000
           <...>-3392  [004] ....  3612.681377: do_swap_page: swapin tgid 1904 pid 3392 name "Thread-3" vma 7f28d41000
           <...>-3392  [004] ....  3612.681383: do_swap_page: swapin tgid 1904 pid 3392 name "Thread-3" vma 7f2d61b000
           <...>-3392  [004] ....  3612.681391: do_swap_page: swapin tgid 1904 pid 3392 name "Thread-3" vma 7f29abe000
           <...>-3392  [004] ....  3612.681396: do_swap_page: swapin tgid 1904 pid 3392 name "Thread-3" vma 12e03000
           <...>-3392  [004] ....  3612.681417: do_swap_page: swapin tgid 1904 pid 3392 name "Thread-3" vma 7f29abf000
           <...>-3392  [004] ....  3612.681432: do_swap_page: swapin tgid 1904 pid 3392 name "Thread-3" vma 12e5f000
           <...>-3392  [004] ....  3612.681459: do_swap_page: swapin tgid 1904 pid 3392 name "Thread-3" vma 12e00000
           <...>-3392  [004] ....  3612.681488: do_swap_page: swapin tgid 1904 pid 3392 name "Thread-3" vma 7fbdba5000
           <...>-3392  [004] ....  3612.681514: do_swap_page: swapin tgid 1904 pid 3392 name "Thread-3" vma 12e60000
           <...>-3392  [004] ....  3612.681533: do_swap_page: swapin tgid 1904 pid 3392 name "Thread-3" vma 12e01000
           <...>-3392  [004] ....  3612.681543: do_swap_page: swapin tgid 1904 pid 3392 name "Thread-3" vma 12e61000
           <...>-3392  [004] ....  3612.681567: do_swap_page: swapin tgid 1904 pid 3392 name "Thread-3" vma 7f28b49000
           <...>-3392  [004] ....  3612.681695: do_swap_page: swapin tgid 1904 pid 3392 name "Thread-3" vma 7f2d614000
     logd.writer-567   [004] ....  3612.681810: do_swap_page: swapin tgid 556 pid 567 name "logd.writer" vma 7fbd758000
  IpClient.wlan0-3002  [004] ....  3612.682980: do_swap_page: swapin tgid 1904 pid 3002 name "IpClient.wlan0" vma 9d550000
  IpClient.wlan0-3002  [004] ....  3612.684069: do_swap_page: swapin tgid 1904 pid 3002 name "IpClient.wlan0" vma 9d550000
  IpClient.wlan0-3002  [004] ....  3612.684214: do_swap_page: swapin tgid 1904 pid 3002 name "IpClient.wlan0" vma 7fbc6e6000
  IpClient.wlan0-3002  [004] ....  3612.685043: do_swap_page: swapin tgid 1904 pid 3002 name "IpClient.wlan0" vma 7fbc6e6000
  IpClient.wlan0-3002  [004] ....  3612.685116: do_swap_page: swapin tgid 1904 pid 3002 name "IpClient.wlan0" vma 12d06000
  IpClient.wlan0-3002  [004] ....  3612.685124: do_swap_page: swapin tgid 1904 pid 3002 name "IpClient.wlan0" vma 12d05000
  IpClient.wlan0-3002  [004] ....  3612.685286: do_swap_page: swapin tgid 1904 pid 3002 name "IpClient.wlan0" vma 12e67000
  IpClient.wlan0-3002  [004] ....  3612.685664: do_swap_page: swapin tgid 1904 pid 3002 name "IpClient.wlan0" vma 12ca1000
  IpClient.wlan0-3002  [004] ....  3612.687230: do_swap_page: swapin tgid 1904 pid 3002 name "IpClient.wlan0" vma 7fbc2e5000
  IpClient.wlan0-3002  [004] ....  3612.687990: do_swap_page: swapin tgid 1904 pid 3002 name "IpClient.wlan0" vma 7fbc2e5000
           <...>-1068  [004] ....  3612.688750: do_swap_page: swapin tgid 782 pid 1068 name "Binder:782_2" vma 7fb2716000
           <...>-1068  [004] ....  3612.688773: do_swap_page: swapin tgid 782 pid 1068 name "Binder:782_2" vma 7fb2715000
           <...>-1068  [004] ....  3612.688844: do_swap_page: swapin tgid 782 pid 1068 name "Binder:782_2" vma 7fbcce2000
           <...>-1068  [004] ....  3612.688852: do_swap_page: swapin tgid 782 pid 1068 name "Binder:782_2" vma 7fbcce3000
           <...>-1068  [004] ....  3612.688863: do_swap_page: swapin tgid 782 pid 1068 name "Binder:782_2" vma 7fba057000
           <...>-1068  [004] ....  3612.688964: do_swap_page: swapin tgid 782 pid 1068 name "Binder:782_2" vma 7fba032000
           <...>-2469  [004] ....  3612.690540: do_swap_page: swapin tgid 1338 pid 2469 name "Binder:1338_E" vma 1428e000
           <...>-2469  [004] ....  3612.690567: do_swap_page: swapin tgid 1338 pid 2469 name "Binder:1338_E" vma 14284000
           <...>-2469  [004] ....  3612.691112: do_swap_page: swapin tgid 1338 pid 2469 name "Binder:1338_E" vma 7fbe30f000
           <...>-2469  [004] ....  3612.691162: do_swap_page: swapin tgid 1338 pid 2469 name "Binder:1338_E" vma 14285000
  IpClient.wlan0-3002  [004] ....  3612.692262: do_swap_page: swapin tgid 1904 pid 3002 name "IpClient.wlan0" vma 7154a000
  IpClient.wlan0-3002  [004] ....  3612.693891: do_swap_page: swapin tgid 1904 pid 3002 name "IpClient.wlan0" vma 7154a000
  IpClient.wlan0-3002  [004] ....  3612.693916: do_swap_page: swapin tgid 1904 pid 3002 name "IpClient.wlan0" vma 71691000
  IpClient.wlan0-3002  [004] ....  3612.694330: do_swap_page: swapin tgid 1904 pid 3002 name "IpClient.wlan0" vma 71691000
  ClientModeImpl-1474  [004] ....  3612.698082: do_swap_page: swapin tgid 1338 pid 1474 name "ClientModeImpl" vma 7e6a0cd000
  IpClient.wlan0-3002  [004] ....  3612.698412: do_swap_page: swapin tgid 1904 pid 3002 name "IpClient.wlan0" vma 12d13000
  IpClient.wlan0-3002  [004] ....  3612.698431: do_swap_page: swapin tgid 1904 pid 3002 name "IpClient.wlan0" vma 12c92000
  IpClient.wlan0-3002  [004] ....  3612.698460: do_swap_page: swapin tgid 1904 pid 3002 name "IpClient.wlan0" vma 13100000
  IpClient.wlan0-3002  [004] ....  3612.698472: do_swap_page: swapin tgid 1904 pid 3002 name "IpClient.wlan0" vma 12d14000
  IpClient.wlan0-3002  [004] ....  3612.698488: do_swap_page: swapin tgid 1904 pid 3002 name "IpClient.wlan0" vma 7167e000
  IpClient.wlan0-3002  [004] ....  3612.698526: do_swap_page: swapin tgid 1904 pid 3002 name "IpClient.wlan0" vma 71541000
  IpClient.wlan0-3002  [004] ....  3612.698535: do_swap_page: swapin tgid 1904 pid 3002 name "IpClient.wlan0" vma 7167b000
  IpClient.wlan0-3002  [004] ....  3612.698566: do_swap_page: swapin tgid 1904 pid 3002 name "IpClient.wlan0" vma 12c9e000
  IpClient.wlan0-3002  [004] ....  3612.698589: do_swap_page: swapin tgid 1904 pid 3002 name "IpClient.wlan0" vma 12e75000
  IpClient.wlan0-3002  [004] ....  3612.698627: do_swap_page: swapin tgid 1904 pid 3002 name "IpClient.wlan0" vma 12e74000
  IpClient.wlan0-3002  [004] ....  3612.698637: do_swap_page: swapin tgid 1904 pid 3002 name "IpClient.wlan0" vma 1340a000
           <...>-2469  [004] ....  3612.698770: do_swap_page: swapin tgid 1338 pid 2469 name "Binder:1338_E" vma 9d7ab000
           <...>-586   [004] ....  3612.699602: do_swap_page: swapin tgid 556 pid 586 name "logd.klogd" vma 7fbbe73000
           <...>-2469  [004] ....  3612.699818: do_swap_page: swapin tgid 1338 pid 2469 name "Binder:1338_E" vma 9d7ab000
           <...>-2469  [004] ....  3612.699904: do_swap_page: swapin tgid 1338 pid 2469 name "Binder:1338_E" vma 142fe000
  IpClient.wlan0-3002  [004] ....  3612.700104: do_swap_page: swapin tgid 1904 pid 3002 name "IpClient.wlan0" vma 12cba000
  IpClient.wlan0-3002  [004] ....  3612.700269: do_swap_page: swapin tgid 1904 pid 3002 name "IpClient.wlan0" vma 12e6b000
  IpClient.wlan0-3002  [004] ....  3612.700396: do_swap_page: swapin tgid 1904 pid 3002 name "IpClient.wlan0" vma 7f2d62e000
           <...>-2469  [004] ....  3612.700522: do_swap_page: swapin tgid 1338 pid 2469 name "Binder:1338_E" vma 144f4000
           <...>-2469  [004] ....  3612.700544: do_swap_page: swapin tgid 1338 pid 2469 name "Binder:1338_E" vma 7ed1540000
  IpClient.wlan0-3002  [004] ....  3612.700714: do_swap_page: swapin tgid 1904 pid 3002 name "IpClient.wlan0" vma 12cb9000
  IpClient.wlan0-3002  [004] ....  3612.700804: do_swap_page: swapin tgid 1904 pid 3002 name "IpClient.wlan0" vma 71558000
  IpClient.wlan0-3002  [004] ....  3612.700852: do_swap_page: swapin tgid 1904 pid 3002 name "IpClient.wlan0" vma 716b2000
  IpClient.wlan0-3002  [004] ....  3612.700863: do_swap_page: swapin tgid 1904 pid 3002 name "IpClient.wlan0" vma 7f350c1000
  IpClient.wlan0-3002  [004] ....  3612.700876: do_swap_page: swapin tgid 1904 pid 3002 name "IpClient.wlan0" vma 7f33efa000
  IpClient.wlan0-3002  [004] ....  3612.701128: do_swap_page: swapin tgid 1904 pid 3002 name "IpClient.wlan0" vma 7f2d6f0000
           <...>-2469  [004] ....  3612.701269: do_swap_page: swapin tgid 1338 pid 2469 name "Binder:1338_E" vma 7ed1540000
           <...>-2469  [004] ....  3612.701379: do_swap_page: swapin tgid 1338 pid 2469 name "Binder:1338_E" vma 14570000
           <...>-2469  [004] ....  3612.701454: do_swap_page: swapin tgid 1338 pid 2469 name "Binder:1338_E" vma 7f2af97000
           <...>-2469  [004] ....  3612.701752: do_swap_page: swapin tgid 1338 pid 2469 name "Binder:1338_E" vma 7f2af97000
           <...>-2469  [004] ....  3612.701780: do_swap_page: swapin tgid 1338 pid 2469 name "Binder:1338_E" vma 7f20fbc000
           <...>-2469  [004] ....  3612.702013: do_swap_page: swapin tgid 1338 pid 2469 name "Binder:1338_E" vma 7f20fbc000
           <...>-2469  [004] ....  3612.702081: do_swap_page: swapin tgid 1338 pid 2469 name "Binder:1338_E" vma 7fbe256000
           <...>-2469  [004] ....  3612.702097: do_swap_page: swapin tgid 1338 pid 2469 name "Binder:1338_E" vma 71555000
           <...>-2469  [004] ....  3612.702118: do_swap_page: swapin tgid 1338 pid 2469 name "Binder:1338_E" vma 7f28b53000
  ClientModeImpl-1474  [004] ....  3612.702349: do_swap_page: swapin tgid 1338 pid 1474 name "ClientModeImpl" vma 1420d000
  ClientModeImpl-1474  [004] ....  3612.702366: do_swap_page: swapin tgid 1338 pid 1474 name "ClientModeImpl" vma 14215000
  ClientModeImpl-1474  [004] ....  3612.702485: do_swap_page: swapin tgid 1338 pid 1474 name "ClientModeImpl" vma 140e3000
  ClientModeImpl-1474  [004] ....  3612.702505: do_swap_page: swapin tgid 1338 pid 1474 name "ClientModeImpl" vma 140e2000
  ClientModeImpl-1474  [004] ....  3612.702537: do_swap_page: swapin tgid 1338 pid 1474 name "ClientModeImpl" vma 7eb4244000
           <...>-1480  [004] ....  3612.702698: do_swap_page: swapin tgid 1338 pid 1480 name "ConnectivitySer" vma 7e9506d000
           <...>-1480  [004] ....  3612.702766: do_swap_page: swapin tgid 1338 pid 1480 name "ConnectivitySer" vma 7e9506e000
  ClientModeImpl-1474  [004] ....  3612.703126: do_swap_page: swapin tgid 1338 pid 1474 name "ClientModeImpl" vma 14a74000
  ClientModeImpl-1474  [004] ....  3612.703152: do_swap_page: swapin tgid 1338 pid 1474 name "ClientModeImpl" vma 1438f000
  ClientModeImpl-1474  [004] ....  3612.703166: do_swap_page: swapin tgid 1338 pid 1474 name "ClientModeImpl" vma 1439b000
  ClientModeImpl-1474  [004] ....  3612.703172: do_swap_page: swapin tgid 1338 pid 1474 name "ClientModeImpl" vma 1438b000
  ClientModeImpl-1474  [004] ....  3612.703182: do_swap_page: swapin tgid 1338 pid 1474 name "ClientModeImpl" vma 14162000
  ClientModeImpl-1474  [004] ....  3612.703205: do_swap_page: swapin tgid 1338 pid 1474 name "ClientModeImpl" vma 13b9b000
  ClientModeImpl-1474  [004] ....  3612.703311: do_swap_page: swapin tgid 1338 pid 1474 name "ClientModeImpl" vma 143f0000
           <...>-1480  [004] ....  3612.703463: do_swap_page: swapin tgid 1338 pid 1480 name "ConnectivitySer" vma 7e9506e000
           <...>-1480  [004] ....  3612.703481: do_swap_page: swapin tgid 1338 pid 1480 name "ConnectivitySer" vma 7eb4f54000
           <...>-1480  [004] ....  3612.703494: do_swap_page: swapin tgid 1338 pid 1480 name "ConnectivitySer" vma 7eb4f55000
           <...>-1480  [004] ....  3612.703563: do_swap_page: swapin tgid 1338 pid 1480 name "ConnectivitySer" vma 7e9506c000
           <...>-1480  [004] ....  3612.703576: do_swap_page: swapin tgid 1338 pid 1480 name "ConnectivitySer" vma 7e9506b000
  ClientModeImpl-1474  [004] ....  3612.703651: do_swap_page: swapin tgid 1338 pid 1474 name "ClientModeImpl" vma 143f0000
 ActivityManager-1369  [004] ....  3612.703834: do_swap_page: swapin tgid 1338 pid 1369 name "ActivityManager" vma 7eb43c4000
 ActivityManager-1369  [004] ....  3612.703875: do_swap_page: swapin tgid 1338 pid 1369 name "ActivityManager" vma 7f2d6dd000
 ActivityManager-1369  [004] ....  3612.704152: do_swap_page: swapin tgid 1338 pid 1369 name "ActivityManager" vma 7f2d766000
 ActivityManager-1369  [004] ....  3612.704509: do_swap_page: swapin tgid 1338 pid 1369 name "ActivityManager" vma 7e8785a000
           <...>-2226  [004] ....  3612.704610: do_swap_page: swapin tgid 1700 pid 2226 name "Binder:1700_7" vma 7f28f47000
           <...>-2226  [004] ....  3612.704633: do_swap_page: swapin tgid 1700 pid 2226 name "Binder:1700_7" vma 7eb9b94000
           <...>-2226  [004] ....  3612.704645: do_swap_page: swapin tgid 1700 pid 2226 name "Binder:1700_7" vma 7eb9b95000
           <...>-2226  [004] ....  3612.704963: do_swap_page: swapin tgid 1700 pid 2226 name "Binder:1700_7" vma 7eb9b95000
           <...>-2226  [004] ....  3612.704980: do_swap_page: swapin tgid 1700 pid 2226 name "Binder:1700_7" vma 7f28f84000
           <...>-2226  [004] ....  3612.705012: do_swap_page: swapin tgid 1700 pid 2226 name "Binder:1700_7" vma 7ec9b9c000
           <...>-2226  [004] ....  3612.705027: do_swap_page: swapin tgid 1700 pid 2226 name "Binder:1700_7" vma 7ec9bc0000
           <...>-2226  [004] ....  3612.705035: do_swap_page: swapin tgid 1700 pid 2226 name "Binder:1700_7" vma 7f28f8d000
           <...>-2226  [004] ....  3612.705057: do_swap_page: swapin tgid 1700 pid 2226 name "Binder:1700_7" vma 7eb9b92000
           <...>-2226  [004] ....  3612.705086: do_swap_page: swapin tgid 1700 pid 2226 name "Binder:1700_7" vma 7f309dd000
           <...>-2226  [004] ....  3612.705097: do_swap_page: swapin tgid 1700 pid 2226 name "Binder:1700_7" vma 7eb9b93000
           <...>-2226  [004] ....  3612.705106: do_swap_page: swapin tgid 1700 pid 2226 name "Binder:1700_7" vma 12e41000
           <...>-2226  [004] ....  3612.705140: do_swap_page: swapin tgid 1700 pid 2226 name "Binder:1700_7" vma 7ec9bc7000
           <...>-2226  [004] ....  3612.705151: do_swap_page: swapin tgid 1700 pid 2226 name "Binder:1700_7" vma 7ec9bc8000
           <...>-2226  [004] ....  3612.705167: do_swap_page: swapin tgid 1700 pid 2226 name "Binder:1700_7" vma 7fbe1fd000
           <...>-2226  [004] ....  3612.705180: do_swap_page: swapin tgid 1700 pid 2226 name "Binder:1700_7" vma 7fbe1d5000
           <...>-2226  [004] ....  3612.705201: do_swap_page: swapin tgid 1700 pid 2226 name "Binder:1700_7" vma 7fbe235000
           <...>-1480  [004] ....  3612.705282: do_swap_page: swapin tgid 1338 pid 1480 name "ConnectivitySer" vma 7e9506b000
           <...>-1480  [004] ....  3612.705303: do_swap_page: swapin tgid 1338 pid 1480 name "ConnectivitySer" vma 7f235fc000
           <...>-1480  [004] ....  3612.705369: do_swap_page: swapin tgid 1338 pid 1480 name "ConnectivitySer" vma 9d7bf000
 ActivityManager-1369  [004] ....  3612.705465: do_swap_page: swapin tgid 1338 pid 1369 name "ActivityManager" vma 7e8785a000
 ActivityManager-1369  [004] ....  3612.705672: do_swap_page: swapin tgid 1338 pid 1369 name "ActivityManager" vma 7e5c7d1000
 ActivityManager-1369  [004] ....  3612.705923: do_swap_page: swapin tgid 1338 pid 1369 name "ActivityManager" vma 7ed0e10000
 ActivityManager-1369  [004] ....  3612.705945: do_swap_page: swapin tgid 1338 pid 1369 name "ActivityManager" vma 7e5c7d3000
           <...>-3653  [004] ....  3612.706131: do_swap_page: swapin tgid 1816 pid 3653 name "Binder:1816_4" vma 7f28d81000
           <...>-3653  [004] ....  3612.706152: do_swap_page: swapin tgid 1816 pid 3653 name "Binder:1816_4" vma 7f29fdb000
           <...>-3653  [004] ....  3612.706163: do_swap_page: swapin tgid 1816 pid 3653 name "Binder:1816_4" vma 7f29fdc000
   Binder:2275_2-2306  [004] ....  3612.706357: do_swap_page: swapin tgid 2275 pid 2306 name "Binder:2275_2" vma 7fbe235000
   Binder:2275_2-2306  [004] ....  3612.706462: do_swap_page: swapin tgid 2275 pid 2306 name "Binder:2275_2" vma 1374a000
   Binder:2275_2-2306  [004] ....  3612.706519: do_swap_page: swapin tgid 2275 pid 2306 name "Binder:2275_2" vma 7f2d61c000
   Binder:2275_2-2306  [004] ....  3612.706551: do_swap_page: swapin tgid 2275 pid 2306 name "Binder:2275_2" vma 13764000
   Binder:2275_2-2306  [004] ....  3612.706558: do_swap_page: swapin tgid 2275 pid 2306 name "Binder:2275_2" vma 1376d000
   Binder:2275_2-2306  [004] ....  3612.706778: do_swap_page: swapin tgid 2275 pid 2306 name "Binder:2275_2" vma 7eb487f000
   Binder:2275_2-2306  [004] ....  3612.706808: do_swap_page: swapin tgid 2275 pid 2306 name "Binder:2275_2" vma 14c22000
   Binder:2275_2-2306  [004] ....  3612.706836: do_swap_page: swapin tgid 2275 pid 2306 name "Binder:2275_2" vma 14e90000
   Binder:2275_2-2306  [004] ....  3612.706845: do_swap_page: swapin tgid 2275 pid 2306 name "Binder:2275_2" vma 14e3f000
           <...>-2275  [004] ....  3612.706958: do_swap_page: swapin tgid 2275 pid 2275 name ".gms.persistent" vma 136da000
           <...>-2275  [004] ....  3612.707095: do_swap_page: swapin tgid 2275 pid 2275 name ".gms.persistent" vma 136c2000
           <...>-2275  [004] ....  3612.707270: do_swap_page: swapin tgid 2275 pid 2275 name ".gms.persistent" vma 7f21146000
           <...>-2275  [004] ....  3612.707355: do_swap_page: swapin tgid 2275 pid 2275 name ".gms.persistent" vma 7fbe1d6000
  Binder:1338_1A-13340 [004] ....  3612.707775: do_swap_page: swapin tgid 1338 pid 13340 name "Binder:1338_1A" vma 9d85d000
           <...>-3653  [004] ....  3612.708084: do_swap_page: swapin tgid 1816 pid 3653 name "Binder:1816_4" vma 7f29fdc000
           <...>-3653  [004] ....  3612.708100: do_swap_page: swapin tgid 1816 pid 3653 name "Binder:1816_4" vma 7f28d88000
           <...>-3653  [004] ....  3612.708112: do_swap_page: swapin tgid 1816 pid 3653 name "Binder:1816_4" vma 7fbe180000
           <...>-3653  [004] ....  3612.708126: do_swap_page: swapin tgid 1816 pid 3653 name "Binder:1816_4" vma 7f28b4e000
  Binder:1338_1A-13340 [004] ....  3612.708215: do_swap_page: swapin tgid 1338 pid 13340 name "Binder:1338_1A" vma 9d85d000
  Binder:1338_1A-13340 [004] ....  3612.708232: do_swap_page: swapin tgid 1338 pid 13340 name "Binder:1338_1A" vma 9d8b5000
           <...>-2226  [004] ....  3612.708298: do_swap_page: swapin tgid 1700 pid 2226 name "Binder:1700_7" vma 7fbe235000
           <...>-2226  [004] ....  3612.708459: do_swap_page: swapin tgid 1700 pid 2226 name "Binder:1700_7" vma 7eb9b91000
           <...>-3653  [004] ....  3612.708522: do_swap_page: swapin tgid 1816 pid 3653 name "Binder:1816_4" vma 7f28b4e000
           <...>-3653  [004] ....  3612.708557: do_swap_page: swapin tgid 1816 pid 3653 name "Binder:1816_4" vma 7fbe22b000
           <...>-3653  [004] ....  3612.708566: do_swap_page: swapin tgid 1816 pid 3653 name "Binder:1816_4" vma 7fbe165000
           <...>-1480  [004] ....  3612.708695: do_swap_page: swapin tgid 1338 pid 1480 name "ConnectivitySer" vma 9d7bf000
           <...>-1480  [004] ....  3612.708769: do_swap_page: swapin tgid 1338 pid 1480 name "ConnectivitySer" vma 140f2000
           <...>-1480  [004] ....  3612.708790: do_swap_page: swapin tgid 1338 pid 1480 name "ConnectivitySer" vma 7f21225000
  Binder:1338_1A-13340 [004] ....  3612.708855: do_swap_page: swapin tgid 1338 pid 13340 name "Binder:1338_1A" vma 9d8b5000
  Binder:1338_1A-13340 [004] ....  3612.708916: do_swap_page: swapin tgid 1338 pid 13340 name "Binder:1338_1A" vma 715ad000
  Binder:1338_1A-13340 [004] ....  3612.709029: do_swap_page: swapin tgid 1338 pid 13340 name "Binder:1338_1A" vma 715ac000
  Binder:1338_1A-13340 [004] ....  3612.709038: do_swap_page: swapin tgid 1338 pid 13340 name "Binder:1338_1A" vma 1422f000
  Binder:1338_1A-13340 [004] ....  3612.709044: do_swap_page: swapin tgid 1338 pid 13340 name "Binder:1338_1A" vma 1434e000
  Binder:1338_1A-13340 [004] ....  3612.709214: do_swap_page: swapin tgid 1338 pid 13340 name "Binder:1338_1A" vma 150f2000
  Binder:1338_1A-13340 [004] ....  3612.709300: do_swap_page: swapin tgid 1338 pid 13340 name "Binder:1338_1A" vma 7f2d6ce000
  Binder:1338_1A-13340 [004] ....  3612.709416: do_swap_page: swapin tgid 1338 pid 13340 name "Binder:1338_1A" vma 7f2dc7c000
           <...>-3653  [004] ....  3612.709499: do_swap_page: swapin tgid 1816 pid 3653 name "Binder:1816_4" vma 7fbe165000
           <...>-3653  [004] ....  3612.709514: do_swap_page: swapin tgid 1816 pid 3653 name "Binder:1816_4" vma 7f28af1000
           <...>-3653  [004] ....  3612.709527: do_swap_page: swapin tgid 1816 pid 3653 name "Binder:1816_4" vma 7fbbbfd000
           <...>-2226  [004] ....  3612.709657: do_swap_page: swapin tgid 1700 pid 2226 name "Binder:1700_7" vma 7eb9b91000
           <...>-2106  [004] ....  3612.709854: do_swap_page: swapin tgid 1700 pid 2106 name "SysUiBg" vma 13313000
           <...>-2106  [004] ....  3612.709898: do_swap_page: swapin tgid 1700 pid 2106 name "SysUiBg" vma 716bf000
           <...>-2106  [004] ....  3612.709926: do_swap_page: swapin tgid 1700 pid 2106 name "SysUiBg" vma 9d6c8000
           <...>-2106  [004] ....  3612.709938: do_swap_page: swapin tgid 1700 pid 2106 name "SysUiBg" vma 9d778000
           <...>-3653  [004] ....  3612.710029: do_swap_page: swapin tgid 1816 pid 3653 name "Binder:1816_4" vma 7fbbbfd000
           <...>-3653  [004] ....  3612.710046: do_swap_page: swapin tgid 1816 pid 3653 name "Binder:1816_4" vma 7fbe2f1000
           <...>-3653  [004] ....  3612.710055: do_swap_page: swapin tgid 1816 pid 3653 name "Binder:1816_4" vma 7fbe177000
           <...>-3653  [004] ....  3612.710064: do_swap_page: swapin tgid 1816 pid 3653 name "Binder:1816_4" vma 7fbe1e9000
           <...>-1480  [004] ....  3612.710125: do_swap_page: swapin tgid 1338 pid 1480 name "ConnectivitySer" vma 7f21225000
           <...>-1480  [004] ....  3612.710185: do_swap_page: swapin tgid 1338 pid 1480 name "ConnectivitySer" vma 7eb4246000
           <...>-1480  [004] ....  3612.710209: do_swap_page: swapin tgid 1338 pid 1480 name "ConnectivitySer" vma 14543000
           <...>-1480  [004] ....  3612.710230: do_swap_page: swapin tgid 1338 pid 1480 name "ConnectivitySer" vma 7eb4f15000
           <...>-1480  [004] ....  3612.710297: do_swap_page: swapin tgid 1338 pid 1480 name "ConnectivitySer" vma 7eb4f16000
           <...>-1480  [004] ....  3612.710365: do_swap_page: swapin tgid 1338 pid 1480 name "ConnectivitySer" vma 7e9506a000
           <...>-3653  [004] ....  3612.710450: do_swap_page: swapin tgid 1816 pid 3653 name "Binder:1816_4" vma 7fbe1e9000
           <...>-3653  [004] ....  3612.710473: do_swap_page: swapin tgid 1816 pid 3653 name "Binder:1816_4" vma 7f393eb000
   Binder:2275_2-2306  [004] ....  3612.710573: do_swap_page: swapin tgid 2275 pid 2306 name "Binder:2275_2" vma 14e3f000
           <...>-3653  [004] ....  3612.710842: do_swap_page: swapin tgid 1816 pid 3653 name "Binder:1816_4" vma 7f393eb000
           <...>-3653  [004] ....  3612.710858: do_swap_page: swapin tgid 1816 pid 3653 name "Binder:1816_4" vma 7fbe1a4000
           <...>-3653  [004] ....  3612.710867: do_swap_page: swapin tgid 1816 pid 3653 name "Binder:1816_4" vma 7fbcdf3000
 ActivityManager-1369  [004] ....  3612.710976: do_swap_page: swapin tgid 1338 pid 1369 name "ActivityManager" vma 9d5c1000
 ActivityManager-1369  [004] ....  3612.710991: do_swap_page: swapin tgid 1338 pid 1369 name "ActivityManager" vma 9d86b000
           <...>-3653  [004] ....  3612.711114: do_swap_page: swapin tgid 1816 pid 3653 name "Binder:1816_4" vma 7fbcdf3000
           <...>-3653  [004] ....  3612.711131: do_swap_page: swapin tgid 1816 pid 3653 name "Binder:1816_4" vma 7fbc1fc000
           <...>-1480  [004] ....  3612.711197: do_swap_page: swapin tgid 1338 pid 1480 name "ConnectivitySer" vma 7e9506a000
           <...>-1480  [004] ....  3612.711273: do_swap_page: swapin tgid 1338 pid 1480 name "ConnectivitySer" vma 7f2d7c5000
           <...>-1480  [004] ....  3612.711313: do_swap_page: swapin tgid 1338 pid 1480 name "ConnectivitySer" vma 7eb4f17000
           <...>-1480  [004] ....  3612.711384: do_swap_page: swapin tgid 1338 pid 1480 name "ConnectivitySer" vma 7eb4270000
           <...>-1480  [004] ....  3612.711425: do_swap_page: swapin tgid 1338 pid 1480 name "ConnectivitySer" vma 7eb4241000
           <...>-1480  [004] ....  3612.711468: do_swap_page: swapin tgid 1338 pid 1480 name "ConnectivitySer" vma 14575000
           <...>-1480  [004] ....  3612.711479: do_swap_page: swapin tgid 1338 pid 1480 name "ConnectivitySer" vma 7eb41fd000
           <...>-1480  [004] ....  3612.711525: do_swap_page: swapin tgid 1338 pid 1480 name "ConnectivitySer" vma 7e5c9b3000
           <...>-1480  [004] ....  3612.711552: do_swap_page: swapin tgid 1338 pid 1480 name "ConnectivitySer" vma 7eb4247000
           <...>-1480  [004] ....  3612.711643: do_swap_page: swapin tgid 1338 pid 1480 name "ConnectivitySer" vma 14439000
           <...>-1480  [004] ....  3612.711664: do_swap_page: swapin tgid 1338 pid 1480 name "ConnectivitySer" vma 13f76000
           <...>-1480  [004] ....  3612.711679: do_swap_page: swapin tgid 1338 pid 1480 name "ConnectivitySer" vma 145a1000
           <...>-1480  [004] ....  3612.711688: do_swap_page: swapin tgid 1338 pid 1480 name "ConnectivitySer" vma 145b6000
           <...>-1480  [004] ....  3612.711703: do_swap_page: swapin tgid 1338 pid 1480 name "ConnectivitySer" vma 1458c000
           <...>-1480  [004] ....  3612.711709: do_swap_page: swapin tgid 1338 pid 1480 name "ConnectivitySer" vma 145a4000
           <...>-1480  [004] ....  3612.711717: do_swap_page: swapin tgid 1338 pid 1480 name "ConnectivitySer" vma 14a1f000
           <...>-1480  [004] ....  3612.711728: do_swap_page: swapin tgid 1338 pid 1480 name "ConnectivitySer" vma 1449e000
           <...>-1480  [004] ....  3612.711737: do_swap_page: swapin tgid 1338 pid 1480 name "ConnectivitySer" vma 145aa000
           <...>-1480  [004] ....  3612.711742: do_swap_page: swapin tgid 1338 pid 1480 name "ConnectivitySer" vma 14438000
           <...>-1944  [004] ....  3612.711849: do_swap_page: swapin tgid 1904 pid 1944 name "Binder:1904_1" vma 12d09000
           <...>-3653  [004] ....  3612.711932: do_swap_page: swapin tgid 1816 pid 3653 name "Binder:1816_4" vma 7fbc1fc000
           <...>-3653  [004] ....  3612.711948: do_swap_page: swapin tgid 1816 pid 3653 name "Binder:1816_4" vma 7fbe250000
           <...>-3653  [004] ....  3612.711960: do_swap_page: swapin tgid 1816 pid 3653 name "Binder:1816_4" vma 7f393e9000
           <...>-3653  [004] ....  3612.711967: do_swap_page: swapin tgid 1816 pid 3653 name "Binder:1816_4" vma 7fbe23c000
 ActivityManager-1369  [004] ....  3612.712075: do_swap_page: swapin tgid 1338 pid 1369 name "ActivityManager" vma 9d86b000
 ActivityManager-1369  [004] ....  3612.712100: do_swap_page: swapin tgid 1338 pid 1369 name "ActivityManager" vma 14399000
  Binder:1338_1A-13340 [004] ....  3612.712200: do_swap_page: swapin tgid 1338 pid 13340 name "Binder:1338_1A" vma 7f2dc7c000
           <...>-1944  [004] ....  3612.712421: do_swap_page: swapin tgid 1904 pid 1944 name "Binder:1904_1" vma 12d09000
           <...>-1944  [004] ....  3612.712522: do_swap_page: swapin tgid 1904 pid 1944 name "Binder:1904_1" vma 7fbc6e7000
           <...>-1944  [004] ....  3612.713244: do_swap_page: swapin tgid 1904 pid 1944 name "Binder:1904_1" vma 7fbc6e7000
           <...>-1944  [004] ....  3612.713393: do_swap_page: swapin tgid 1904 pid 1944 name "Binder:1904_1" vma 12d00000
           <...>-1944  [004] ....  3612.713668: do_swap_page: swapin tgid 1904 pid 1944 name "Binder:1904_1" vma 12d00000
           <...>-1944  [004] ....  3612.713703: do_swap_page: swapin tgid 1904 pid 1944 name "Binder:1904_1" vma 12d01000
           <...>-1944  [004] ....  3612.713717: do_swap_page: swapin tgid 1904 pid 1944 name "Binder:1904_1" vma 12d40000
           <...>-1944  [004] ....  3612.713773: do_swap_page: swapin tgid 1904 pid 1944 name "Binder:1904_1" vma 12d08000
           <...>-3387  [004] ....  3612.713821: do_swap_page: swapin tgid 1904 pid 3387 name "NetworkMonitor/" vma 7f29ef2000
           <...>-3387  [004] ....  3612.713843: do_swap_page: swapin tgid 1904 pid 3387 name "NetworkMonitor/" vma 7f29ef3000
 ActivityManager-1369  [004] ....  3612.713920: do_swap_page: swapin tgid 1338 pid 1369 name "ActivityManager" vma 14399000
 ActivityManager-1369  [004] ....  3612.713939: do_swap_page: swapin tgid 1338 pid 1369 name "ActivityManager" vma 7f20fb9000
           <...>-3387  [004] ....  3612.714064: do_swap_page: swapin tgid 1904 pid 3387 name "NetworkMonitor/" vma 7f29ef3000
           <...>-3387  [004] ....  3612.714080: do_swap_page: swapin tgid 1904 pid 3387 name "NetworkMonitor/" vma 7f2d652000
           <...>-3387  [004] ....  3612.714094: do_swap_page: swapin tgid 1904 pid 3387 name "NetworkMonitor/" vma 7f2d653000
           <...>-3387  [004] ....  3612.714102: do_swap_page: swapin tgid 1904 pid 3387 name "NetworkMonitor/" vma 7f29ef1000
           <...>-3387  [004] ....  3612.714115: do_swap_page: swapin tgid 1904 pid 3387 name "NetworkMonitor/" vma 7f29ef0000
           <...>-3653  [004] ....  3612.714497: do_swap_page: swapin tgid 1816 pid 3653 name "Binder:1816_4" vma 7fbe23c000
           <...>-3653  [004] ....  3612.714512: do_swap_page: swapin tgid 1816 pid 3653 name "Binder:1816_4" vma 7fbe1a5000
           <...>-3653  [004] ....  3612.714522: do_swap_page: swapin tgid 1816 pid 3653 name "Binder:1816_4" vma 7f31934000
           <...>-3387  [004] ....  3612.714649: do_swap_page: swapin tgid 1904 pid 3387 name "NetworkMonitor/" vma 7f29ef0000
           <...>-3387  [004] ....  3612.714676: do_swap_page: swapin tgid 1904 pid 3387 name "NetworkMonitor/" vma 7fbe074000
           <...>-3387  [004] ....  3612.714688: do_swap_page: swapin tgid 1904 pid 3387 name "NetworkMonitor/" vma 12d42000
           <...>-3387  [004] ....  3612.714792: do_swap_page: swapin tgid 1904 pid 3387 name "NetworkMonitor/" vma 7fbc6e5000
 ActivityManager-1369  [004] ....  3612.714852: do_swap_page: swapin tgid 1338 pid 1369 name "ActivityManager" vma 7f20fb9000
 ActivityManager-1369  [004] ....  3612.714897: do_swap_page: swapin tgid 1338 pid 1369 name "ActivityManager" vma 14393000
 ActivityManager-1369  [004] ....  3612.715182: do_swap_page: swapin tgid 1338 pid 1369 name "ActivityManager" vma 7e5f0bc000
           <...>-3387  [004] ....  3612.715257: do_swap_page: swapin tgid 1904 pid 3387 name "NetworkMonitor/" vma 7fbc6e5000
           <...>-3387  [004] ....  3612.715292: do_swap_page: swapin tgid 1904 pid 3387 name "NetworkMonitor/" vma 9d54f000
           <...>-3387  [004] ....  3612.715304: do_swap_page: swapin tgid 1904 pid 3387 name "NetworkMonitor/" vma 7f2d654000
           <...>-3387  [004] ....  3612.715336: do_swap_page: swapin tgid 1904 pid 3387 name "NetworkMonitor/" vma 12d41000
           <...>-3387  [004] ....  3612.715354: do_swap_page: swapin tgid 1904 pid 3387 name "NetworkMonitor/" vma 7f2d6a9000
           <...>-3653  [004] ....  3612.715465: do_swap_page: swapin tgid 1816 pid 3653 name "Binder:1816_4" vma 7f31934000
           <...>-3653  [004] ....  3612.715484: do_swap_page: swapin tgid 1816 pid 3653 name "Binder:1816_4" vma 133c1000
 ActivityManager-1369  [004] ....  3612.715566: do_swap_page: swapin tgid 1338 pid 1369 name "ActivityManager" vma 7e5f0bc000
           <...>-2226  [004] ....  3612.715720: do_swap_page: swapin tgid 1700 pid 2226 name "Binder:1700_7" vma 13c47000
           <...>-2226  [004] ....  3612.715810: do_swap_page: swapin tgid 1700 pid 2226 name "Binder:1700_7" vma 7f28fa9000
           <...>-2226  [004] ....  3612.715832: do_swap_page: swapin tgid 1700 pid 2226 name "Binder:1700_7" vma 7fbc627000
           <...>-3653  [004] ....  3612.715908: do_swap_page: swapin tgid 1816 pid 3653 name "Binder:1816_4" vma 133c1000
           <...>-3653  [004] ....  3612.715929: do_swap_page: swapin tgid 1816 pid 3653 name "Binder:1816_4" vma 7fbe286000
           <...>-3653  [004] ....  3612.715936: do_swap_page: swapin tgid 1816 pid 3653 name "Binder:1816_4" vma 7fbe285000
           <...>-3653  [004] ....  3612.715944: do_swap_page: swapin tgid 1816 pid 3653 name "Binder:1816_4" vma 7f393ea000
           <...>-2226  [004] ....  3612.716089: do_swap_page: swapin tgid 1700 pid 2226 name "Binder:1700_7" vma 7fbc627000
           <...>-2226  [004] ....  3612.716120: do_swap_page: swapin tgid 1700 pid 2226 name "Binder:1700_7" vma 7ec9bc1000
           <...>-2275  [004] ....  3612.716932: do_swap_page: swapin tgid 2275 pid 2275 name ".gms.persistent" vma 14e3e000
           <...>-2275  [004] ....  3612.716947: do_swap_page: swapin tgid 2275 pid 2275 name ".gms.persistent" vma 143ec000
           <...>-2275  [004] ....  3612.717054: do_swap_page: swapin tgid 2275 pid 2275 name ".gms.persistent" vma 7f20eb8000
           <...>-2226  [004] ....  3612.717150: do_swap_page: swapin tgid 1700 pid 2226 name "Binder:1700_7" vma 7ec9bc1000
           <...>-2226  [004] ....  3612.717185: do_swap_page: swapin tgid 1700 pid 2226 name "Binder:1700_7" vma 13e39000
           <...>-2226  [004] ....  3612.717195: do_swap_page: swapin tgid 1700 pid 2226 name "Binder:1700_7" vma 7fbc6ec000
           <...>-2226  [004] ....  3612.717495: do_swap_page: swapin tgid 1700 pid 2226 name "Binder:1700_7" vma 7fbc6ec000
           <...>-2275  [004] ....  3612.717647: do_swap_page: swapin tgid 2275 pid 2275 name ".gms.persistent" vma 7f20eb8000
           <...>-2275  [004] ....  3612.717669: do_swap_page: swapin tgid 2275 pid 2275 name ".gms.persistent" vma 7ed341c000
           <...>-2275  [004] ....  3612.717682: do_swap_page: swapin tgid 2275 pid 2275 name ".gms.persistent" vma 7ed33d4000
           <...>-2275  [004] ....  3612.717693: do_swap_page: swapin tgid 2275 pid 2275 name ".gms.persistent" vma 7f20e11000
           <...>-2275  [004] ....  3612.717701: do_swap_page: swapin tgid 2275 pid 2275 name ".gms.persistent" vma 7ed33ff000
           <...>-2275  [004] ....  3612.717707: do_swap_page: swapin tgid 2275 pid 2275 name ".gms.persistent" vma 7f20ebc000
           <...>-2275  [004] ....  3612.717716: do_swap_page: swapin tgid 2275 pid 2275 name ".gms.persistent" vma 1494c000
           <...>-2275  [004] ....  3612.717726: do_swap_page: swapin tgid 2275 pid 2275 name ".gms.persistent" vma 14fbb000
           <...>-3653  [004] ....  3612.717812: do_swap_page: swapin tgid 1816 pid 3653 name "Binder:1816_4" vma 7f393ea000
           <...>-3653  [004] ....  3612.717828: do_swap_page: swapin tgid 1816 pid 3653 name "Binder:1816_4" vma 7fbe1f8000
           <...>-1480  [004] ....  3612.717893: do_swap_page: swapin tgid 1338 pid 1480 name "ConnectivitySer" vma 14438000
           <...>-1480  [004] ....  3612.718110: do_swap_page: swapin tgid 1338 pid 1480 name "ConnectivitySer" vma 7f2d670000
           <...>-1480  [004] ....  3612.718160: do_swap_page: swapin tgid 1338 pid 1480 name "ConnectivitySer" vma 1414e000
           <...>-1480  [004] ....  3612.718221: do_swap_page: swapin tgid 1338 pid 1480 name "ConnectivitySer" vma 14416000
           <...>-1480  [004] ....  3612.718277: do_swap_page: swapin tgid 1338 pid 1480 name "ConnectivitySer" vma 149f1000
           <...>-1480  [004] ....  3612.718320: do_swap_page: swapin tgid 1338 pid 1480 name "ConnectivitySer" vma 7e69e35000
           <...>-1480  [004] ....  3612.718335: do_swap_page: swapin tgid 1338 pid 1480 name "ConnectivitySer" vma 7e87aa0000
           <...>-1480  [004] ....  3612.718428: do_swap_page: swapin tgid 1338 pid 1480 name "ConnectivitySer" vma 144b9000
           <...>-1480  [004] ....  3612.718588: do_swap_page: swapin tgid 1338 pid 1480 name "ConnectivitySer" vma 7e5efc7000
   Binder:1918_6-2237  [004] ....  3612.718682: do_swap_page: swapin tgid 1918 pid 2237 name "Binder:1918_6" vma 7fbe178000
   Binder:1918_6-2237  [004] ....  3612.718780: do_swap_page: swapin tgid 1918 pid 2237 name "Binder:1918_6" vma 7f39837000
   Binder:1918_6-2237  [004] ....  3612.718800: do_swap_page: swapin tgid 1918 pid 2237 name "Binder:1918_6" vma 7f28b35000
   Binder:1918_6-2237  [004] ....  3612.718817: do_swap_page: swapin tgid 1918 pid 2237 name "Binder:1918_6" vma 1465a000
   Binder:1918_6-2237  [004] ....  3612.718830: do_swap_page: swapin tgid 1918 pid 2237 name "Binder:1918_6" vma 7f28bd9000
   Binder:1918_6-2237  [004] ....  3612.718841: do_swap_page: swapin tgid 1918 pid 2237 name "Binder:1918_6" vma 7f28a7c000
           <...>-1609  [004] ....  3612.718932: do_swap_page: swapin tgid 1338 pid 1609 name "ConnectivityThr" vma 7e8342c000
           <...>-1360  [004] ....  3612.719068: do_swap_page: swapin tgid 1338 pid 1360 name "android.io" vma 1420f000
           <...>-1360  [004] ....  3612.719081: do_swap_page: swapin tgid 1338 pid 1360 name "android.io" vma 14230000
           <...>-1360  [004] ....  3612.719157: do_swap_page: swapin tgid 1338 pid 1360 name "android.io" vma 9d570000
           <...>-1793  [004] ....  3612.719219: do_swap_page: swapin tgid 1338 pid 1793 name "NetworkTimeUpda" vma 7e6489c000
           <...>-1358  [004] ....  3612.719486: do_swap_page: swapin tgid 1338 pid 1358 name "android.fg" vma 144da000
           <...>-1358  [004] ....  3612.719502: do_swap_page: swapin tgid 1338 pid 1358 name "android.fg" vma 9d577000
           <...>-2154  [004] ....  3612.719548: do_swap_page: swapin tgid 1918 pid 2154 name "ConnectivityThr" vma 7ec9150000
           <...>-2154  [004] ....  3612.719585: do_swap_page: swapin tgid 1918 pid 2154 name "ConnectivityThr" vma 7ec9151000
           <...>-2154  [004] ....  3612.719595: do_swap_page: swapin tgid 1918 pid 2154 name "ConnectivityThr" vma 7ed2a3f000
           <...>-2154  [004] ....  3612.719608: do_swap_page: swapin tgid 1918 pid 2154 name "ConnectivityThr" vma 7ed2a4d000
           <...>-2154  [004] ....  3612.719621: do_swap_page: swapin tgid 1918 pid 2154 name "ConnectivityThr" vma 146f0000
           <...>-2154  [004] ....  3612.719630: do_swap_page: swapin tgid 1918 pid 2154 name "ConnectivityThr" vma 12f00000
           <...>-1793  [004] ....  3612.719707: do_swap_page: swapin tgid 1338 pid 1793 name "NetworkTimeUpda" vma 7e6489c000
           <...>-1793  [004] ....  3612.719739: do_swap_page: swapin tgid 1338 pid 1793 name "NetworkTimeUpda" vma 7e6489d000
           <...>-1793  [004] ....  3612.719748: do_swap_page: swapin tgid 1338 pid 1793 name "NetworkTimeUpda" vma 7e69e08000
           <...>-1793  [004] ....  3612.719755: do_swap_page: swapin tgid 1338 pid 1793 name "NetworkTimeUpda" vma 7e69e09000
           <...>-1793  [004] ....  3612.719773: do_swap_page: swapin tgid 1338 pid 1793 name "NetworkTimeUpda" vma 7e6489b000
