 droid.launcher3-2031  [004] ....  7008.315228: do_swap_page: swapin tgid 2031 pid 2031 name "droid.launcher3" vma 7fbe249000
 droid.launcher3-2031  [004] ....  7008.315231: do_swap_page: swapin tgid 2031 pid 2031 name "droid.launcher3" vma 7f289fb000
           <...>-816   [004] ....  7008.315710: do_swap_page: swapin tgid 816 pid 816 name "power@1.3-servi" vma 7fbcfe9000
           <...>-2352  [004] ....  7008.315837: do_swap_page: swapin tgid 816 pid 2352 name "NodeLooperThrea" vma 7fbb83d000
           <...>-2352  [004] ....  7008.315844: do_swap_page: swapin tgid 816 pid 2352 name "NodeLooperThrea" vma 7fbb81b000
           <...>-2353  [004] ....  7008.315914: do_swap_page: swapin tgid 816 pid 2353 name "power@1.3-servi" vma 7fba6ff000
           <...>-2353  [004] ....  7008.315918: do_swap_page: swapin tgid 816 pid 2353 name "power@1.3-servi" vma 7fba6fe000
  HwBinder:604_1-636   [004] ....  7008.316015: do_swap_page: swapin tgid 604 pid 636 name "HwBinder:604_1" vma 7fbcbe7000
  HwBinder:604_1-636   [004] ....  7008.316024: do_swap_page: swapin tgid 604 pid 636 name "HwBinder:604_1" vma 7fbb60a000
  HwBinder:604_1-636   [004] ....  7008.316030: do_swap_page: swapin tgid 604 pid 636 name "HwBinder:604_1" vma 7fbce33000
  HwBinder:604_1-636   [004] ....  7008.316054: do_swap_page: swapin tgid 604 pid 636 name "HwBinder:604_1" vma 7fb5e51000
  HwBinder:604_1-636   [004] ....  7008.316057: do_swap_page: swapin tgid 604 pid 636 name "HwBinder:604_1" vma 7fbcbaf000
           <...>-2352  [004] ....  7008.316108: do_swap_page: swapin tgid 816 pid 2352 name "NodeLooperThrea" vma 7fbb81b000
  HwBinder:604_1-636   [004] ....  7008.316175: do_swap_page: swapin tgid 604 pid 636 name "HwBinder:604_1" vma 7fbcbaf000
  HwBinder:604_1-636   [004] ....  7008.316193: do_swap_page: swapin tgid 604 pid 636 name "HwBinder:604_1" vma 7fbce32000
           <...>-2352  [004] ....  7008.316255: do_swap_page: swapin tgid 816 pid 2352 name "NodeLooperThrea" vma 7fbb84e000
  HwBinder:604_1-636   [004] ....  7008.316310: do_swap_page: swapin tgid 604 pid 636 name "HwBinder:604_1" vma 7fbce32000
  HwBinder:604_1-636   [004] ....  7008.316317: do_swap_page: swapin tgid 604 pid 636 name "HwBinder:604_1" vma 7fbce96000
           <...>-2352  [004] ....  7008.316360: do_swap_page: swapin tgid 816 pid 2352 name "NodeLooperThrea" vma 7fbb81d000
 droid.launcher3-2031  [004] ....  7008.316378: do_swap_page: swapin tgid 2031 pid 2031 name "droid.launcher3" vma 7f289fb000
 droid.launcher3-2031  [004] ....  7008.316390: do_swap_page: swapin tgid 2031 pid 2031 name "droid.launcher3" vma 130cb000
 droid.launcher3-2031  [004] ....  7008.316394: do_swap_page: swapin tgid 2031 pid 2031 name "droid.launcher3" vma 13017000
 droid.launcher3-2031  [004] ....  7008.316396: do_swap_page: swapin tgid 2031 pid 2031 name "droid.launcher3" vma 9d789000
  HwBinder:604_1-636   [004] ....  7008.316429: do_swap_page: swapin tgid 604 pid 636 name "HwBinder:604_1" vma 7fbce96000
  HwBinder:604_1-636   [004] ....  7008.316443: do_swap_page: swapin tgid 604 pid 636 name "HwBinder:604_1" vma 7fbce93000
  HwBinder:604_1-636   [004] ....  7008.316447: do_swap_page: swapin tgid 604 pid 636 name "HwBinder:604_1" vma 7fbce0e000
  HwBinder:604_1-636   [004] ....  7008.316452: do_swap_page: swapin tgid 604 pid 636 name "HwBinder:604_1" vma 7fb6039000
           <...>-1358  [004] ....  7008.316500: do_swap_page: swapin tgid 1333 pid 1358 name "android.display" vma 9da43000
           <...>-1358  [004] ....  7008.316508: do_swap_page: swapin tgid 1333 pid 1358 name "android.display" vma 140a1000
           <...>-1358  [004] ....  7008.316529: do_swap_page: swapin tgid 1333 pid 1358 name "android.display" vma 7f2d669000
           <...>-1358  [004] ....  7008.316536: do_swap_page: swapin tgid 1333 pid 1358 name "android.display" vma 7f2d6af000
           <...>-1358  [004] ....  7008.316541: do_swap_page: swapin tgid 1333 pid 1358 name "android.display" vma 7f28b1d000
           <...>-1358  [004] ....  7008.316543: do_swap_page: swapin tgid 1333 pid 1358 name "android.display" vma 7f28b1e000
           <...>-1356  [004] ....  7008.316558: do_swap_page: swapin tgid 1333 pid 1356 name "android.ui" vma 9da93000
           <...>-1356  [004] ....  7008.316561: do_swap_page: swapin tgid 1333 pid 1356 name "android.ui" vma 9d95c000
 ndroid.systemui-1717  [004] ....  7008.316584: do_swap_page: swapin tgid 1717 pid 1717 name "ndroid.systemui" vma 9d979000
 ndroid.systemui-1717  [004] ....  7008.316599: do_swap_page: swapin tgid 1717 pid 1717 name "ndroid.systemui" vma 7fbe1a4000
 ndroid.systemui-1717  [004] ....  7008.316621: do_swap_page: swapin tgid 1717 pid 1717 name "ndroid.systemui" vma 13689000
           <...>-2352  [004] ....  7008.316655: do_swap_page: swapin tgid 816 pid 2352 name "NodeLooperThrea" vma 7fbb81d000
  HwBinder:604_1-636   [004] ....  7008.316703: do_swap_page: swapin tgid 604 pid 636 name "HwBinder:604_1" vma 7fb6039000
  HwBinder:604_1-636   [004] ....  7008.316708: do_swap_page: swapin tgid 604 pid 636 name "HwBinder:604_1" vma 7fbce72000
  HwBinder:604_1-636   [004] ....  7008.316710: do_swap_page: swapin tgid 604 pid 636 name "HwBinder:604_1" vma 7fbce73000
  HwBinder:604_1-636   [004] ....  7008.316746: do_swap_page: swapin tgid 604 pid 636 name "HwBinder:604_1" vma 7fbd77b000
  HwBinder:604_1-636   [004] ....  7008.316987: do_swap_page: swapin tgid 604 pid 636 name "HwBinder:604_1" vma 7fbce57000
  HwBinder:604_1-636   [004] ....  7008.317003: do_swap_page: swapin tgid 604 pid 636 name "HwBinder:604_1" vma 7fbe29e000
  HwBinder:604_1-636   [004] ....  7008.317007: do_swap_page: swapin tgid 604 pid 636 name "HwBinder:604_1" vma 7fbe29f000
  HwBinder:604_1-636   [004] ....  7008.317010: do_swap_page: swapin tgid 604 pid 636 name "HwBinder:604_1" vma 7fbe2a0000
  HwBinder:604_1-636   [004] ....  7008.317012: do_swap_page: swapin tgid 604 pid 636 name "HwBinder:604_1" vma 7fbe2a1000
  HwBinder:604_1-636   [004] ....  7008.317017: do_swap_page: swapin tgid 604 pid 636 name "HwBinder:604_1" vma 7fbe2a2000
  HwBinder:604_1-636   [004] ....  7008.317019: do_swap_page: swapin tgid 604 pid 636 name "HwBinder:604_1" vma 7fbe2a3000
  HwBinder:604_1-636   [004] ....  7008.317021: do_swap_page: swapin tgid 604 pid 636 name "HwBinder:604_1" vma 7fbe2a4000
  HwBinder:604_1-636   [004] ....  7008.317022: do_swap_page: swapin tgid 604 pid 636 name "HwBinder:604_1" vma 7fbe2a5000
  HwBinder:604_1-636   [004] ....  7008.317024: do_swap_page: swapin tgid 604 pid 636 name "HwBinder:604_1" vma 7fbe2a6000
  HwBinder:604_1-636   [004] ....  7008.317026: do_swap_page: swapin tgid 604 pid 636 name "HwBinder:604_1" vma 7fbe2a7000
  HwBinder:604_1-636   [004] ....  7008.317028: do_swap_page: swapin tgid 604 pid 636 name "HwBinder:604_1" vma 7fbe2a8000
  HwBinder:604_1-636   [004] ....  7008.317030: do_swap_page: swapin tgid 604 pid 636 name "HwBinder:604_1" vma 7fbe2a9000
  HwBinder:604_1-636   [004] ....  7008.317031: do_swap_page: swapin tgid 604 pid 636 name "HwBinder:604_1" vma 7fbe2aa000
  HwBinder:604_1-636   [004] ....  7008.317033: do_swap_page: swapin tgid 604 pid 636 name "HwBinder:604_1" vma 7fbe2ab000
  HwBinder:604_1-636   [004] ....  7008.317035: do_swap_page: swapin tgid 604 pid 636 name "HwBinder:604_1" vma 7fbe2ac000
  HwBinder:604_1-636   [004] ....  7008.317036: do_swap_page: swapin tgid 604 pid 636 name "HwBinder:604_1" vma 7fbe2ad000
  HwBinder:604_1-636   [004] ....  7008.317038: do_swap_page: swapin tgid 604 pid 636 name "HwBinder:604_1" vma 7fbe2ae000
  HwBinder:604_1-636   [004] ....  7008.317040: do_swap_page: swapin tgid 604 pid 636 name "HwBinder:604_1" vma 7fbe2af000
  HwBinder:604_1-636   [004] ....  7008.317043: do_swap_page: swapin tgid 604 pid 636 name "HwBinder:604_1" vma 7fbe2b0000
  HwBinder:604_1-636   [004] ....  7008.317045: do_swap_page: swapin tgid 604 pid 636 name "HwBinder:604_1" vma 7fbe2b1000
  HwBinder:604_1-636   [004] ....  7008.317047: do_swap_page: swapin tgid 604 pid 636 name "HwBinder:604_1" vma 7fbe2b2000
  HwBinder:604_1-636   [004] ....  7008.317048: do_swap_page: swapin tgid 604 pid 636 name "HwBinder:604_1" vma 7fbe2b3000
  HwBinder:604_1-636   [004] ....  7008.317050: do_swap_page: swapin tgid 604 pid 636 name "HwBinder:604_1" vma 7fbe2b4000
  HwBinder:604_1-636   [004] ....  7008.317052: do_swap_page: swapin tgid 604 pid 636 name "HwBinder:604_1" vma 7fbe2b5000
  HwBinder:604_1-636   [004] ....  7008.317054: do_swap_page: swapin tgid 604 pid 636 name "HwBinder:604_1" vma 7fbe2b6000
  HwBinder:604_1-636   [004] ....  7008.317055: do_swap_page: swapin tgid 604 pid 636 name "HwBinder:604_1" vma 7fbe2b7000
  HwBinder:604_1-636   [004] ....  7008.317057: do_swap_page: swapin tgid 604 pid 636 name "HwBinder:604_1" vma 7fbe2b8000
  HwBinder:604_1-636   [004] ....  7008.317059: do_swap_page: swapin tgid 604 pid 636 name "HwBinder:604_1" vma 7fbe2b9000
  HwBinder:604_1-636   [004] ....  7008.317061: do_swap_page: swapin tgid 604 pid 636 name "HwBinder:604_1" vma 7fbe2ba000
  HwBinder:604_1-636   [004] ....  7008.317075: do_swap_page: swapin tgid 604 pid 636 name "HwBinder:604_1" vma 7fbced1000
  HwBinder:604_1-636   [004] ....  7008.317078: do_swap_page: swapin tgid 604 pid 636 name "HwBinder:604_1" vma 7fbced3000
  HwBinder:604_1-636   [004] ....  7008.317088: do_swap_page: swapin tgid 604 pid 636 name "HwBinder:604_1" vma 7fbcedc000
  HwBinder:604_1-636   [004] ....  7008.317091: do_swap_page: swapin tgid 604 pid 636 name "HwBinder:604_1" vma 7fbcedd000
  HwBinder:604_1-636   [004] ....  7008.317094: do_swap_page: swapin tgid 604 pid 636 name "HwBinder:604_1" vma 7fbcede000
  HwBinder:604_1-636   [004] ....  7008.317096: do_swap_page: swapin tgid 604 pid 636 name "HwBinder:604_1" vma 7fbcedf000
  HwBinder:604_1-636   [004] ....  7008.317098: do_swap_page: swapin tgid 604 pid 636 name "HwBinder:604_1" vma 7fbcee0000
  HwBinder:604_1-636   [004] ....  7008.317100: do_swap_page: swapin tgid 604 pid 636 name "HwBinder:604_1" vma 7fbcee1000
  HwBinder:604_1-636   [004] ....  7008.317102: do_swap_page: swapin tgid 604 pid 636 name "HwBinder:604_1" vma 7fbcee2000
  HwBinder:604_1-636   [004] ....  7008.317104: do_swap_page: swapin tgid 604 pid 636 name "HwBinder:604_1" vma 7fbcee3000
  HwBinder:604_1-636   [004] ....  7008.317106: do_swap_page: swapin tgid 604 pid 636 name "HwBinder:604_1" vma 7fbcee4000
  HwBinder:604_1-636   [004] ....  7008.317108: do_swap_page: swapin tgid 604 pid 636 name "HwBinder:604_1" vma 7fbcee5000
  HwBinder:604_1-636   [004] ....  7008.317110: do_swap_page: swapin tgid 604 pid 636 name "HwBinder:604_1" vma 7fbcee6000
  HwBinder:604_1-636   [004] ....  7008.317117: do_swap_page: swapin tgid 604 pid 636 name "HwBinder:604_1" vma 7fbcee7000
  HwBinder:604_1-636   [004] ....  7008.317119: do_swap_page: swapin tgid 604 pid 636 name "HwBinder:604_1" vma 7fbcee8000
  HwBinder:604_1-636   [004] ....  7008.317121: do_swap_page: swapin tgid 604 pid 636 name "HwBinder:604_1" vma 7fbcee9000
  HwBinder:604_1-636   [004] ....  7008.317123: do_swap_page: swapin tgid 604 pid 636 name "HwBinder:604_1" vma 7fbceea000
  HwBinder:604_1-636   [004] ....  7008.317126: do_swap_page: swapin tgid 604 pid 636 name "HwBinder:604_1" vma 7fbceeb000
  HwBinder:604_1-636   [004] ....  7008.317127: do_swap_page: swapin tgid 604 pid 636 name "HwBinder:604_1" vma 7fbceec000
  HwBinder:604_1-636   [004] ....  7008.317129: do_swap_page: swapin tgid 604 pid 636 name "HwBinder:604_1" vma 7fbceed000
  HwBinder:604_1-636   [004] ....  7008.317144: do_swap_page: swapin tgid 604 pid 636 name "HwBinder:604_1" vma 7fbf5e4000
     logd.writer-572   [004] ....  7008.317256: do_swap_page: swapin tgid 556 pid 572 name "logd.writer" vma 7fbbe0b000
  HwBinder:604_1-636   [004] ....  7008.317340: do_swap_page: swapin tgid 604 pid 636 name "HwBinder:604_1" vma 7fbf5e4000
  HwBinder:604_1-636   [004] ....  7008.317357: do_swap_page: swapin tgid 604 pid 636 name "HwBinder:604_1" vma 7fbe29d000
  HwBinder:604_1-636   [004] ....  7008.317362: do_swap_page: swapin tgid 604 pid 636 name "HwBinder:604_1" vma 7fbe29c000
  HwBinder:604_1-636   [004] ....  7008.317368: do_swap_page: swapin tgid 604 pid 636 name "HwBinder:604_1" vma 7fbb4a8000
  HwBinder:604_1-636   [004] ....  7008.317372: do_swap_page: swapin tgid 604 pid 636 name "HwBinder:604_1" vma 7fbb4c6000
  HwBinder:604_1-636   [004] ....  7008.317374: do_swap_page: swapin tgid 604 pid 636 name "HwBinder:604_1" vma 7fbb4c7000
  HwBinder:604_1-636   [004] ....  7008.317379: do_swap_page: swapin tgid 604 pid 636 name "HwBinder:604_1" vma 7fbb534000
  HwBinder:604_1-636   [004] ....  7008.317381: do_swap_page: swapin tgid 604 pid 636 name "HwBinder:604_1" vma 7fbb535000
  HwBinder:604_1-636   [004] ....  7008.317384: do_swap_page: swapin tgid 604 pid 636 name "HwBinder:604_1" vma 7fbb533000
  HwBinder:604_1-636   [004] ....  7008.317388: do_swap_page: swapin tgid 604 pid 636 name "HwBinder:604_1" vma 7fbb536000
  HwBinder:604_1-636   [004] ....  7008.317435: do_swap_page: swapin tgid 604 pid 636 name "HwBinder:604_1" vma 7fb5eb6000
           <...>-2352  [004] ....  7008.317505: do_swap_page: swapin tgid 816 pid 2352 name "NodeLooperThrea" vma 7fbb85b000
 droid.launcher3-2031  [004] ....  7008.317530: do_swap_page: swapin tgid 2031 pid 2031 name "droid.launcher3" vma 9d789000
 droid.launcher3-2031  [004] ....  7008.317537: do_swap_page: swapin tgid 2031 pid 2031 name "droid.launcher3" vma 9d886000
           <...>-1356  [004] ....  7008.317567: do_swap_page: swapin tgid 1333 pid 1356 name "android.ui" vma 9d95c000
           <...>-1356  [004] ....  7008.317574: do_swap_page: swapin tgid 1333 pid 1356 name "android.ui" vma 9d782000
  HwBinder:604_1-636   [004] ....  7008.317608: do_swap_page: swapin tgid 604 pid 636 name "HwBinder:604_1" vma 7fb5eb6000
  HwBinder:604_1-636   [004] ....  7008.317634: do_swap_page: swapin tgid 604 pid 636 name "HwBinder:604_1" vma 7fbce21000
           <...>-2352  [004] ....  7008.317681: do_swap_page: swapin tgid 816 pid 2352 name "NodeLooperThrea" vma 7fbb85b000
  HwBinder:604_1-636   [004] ....  7008.317799: do_swap_page: swapin tgid 604 pid 636 name "HwBinder:604_1" vma 7fbce21000
  HwBinder:604_1-636   [004] ....  7008.317839: do_swap_page: swapin tgid 604 pid 636 name "HwBinder:604_1" vma 7fbce94000
  HwBinder:604_1-636   [004] ....  7008.317964: do_swap_page: swapin tgid 604 pid 636 name "HwBinder:604_1" vma 7fbce94000
  HwBinder:604_1-636   [004] ....  7008.317975: do_swap_page: swapin tgid 604 pid 636 name "HwBinder:604_1" vma 7fbb495000
  HwBinder:604_1-636   [004] ....  7008.317993: do_swap_page: swapin tgid 604 pid 636 name "HwBinder:604_1" vma 7fbe263000
  HwBinder:604_1-636   [004] ....  7008.317994: do_swap_page: swapin tgid 604 pid 636 name "HwBinder:604_1" vma 7fbe281000
  HwBinder:604_1-636   [004] ....  7008.317996: do_swap_page: swapin tgid 604 pid 636 name "HwBinder:604_1" vma 7fbe282000
  HwBinder:604_1-636   [004] ....  7008.317998: do_swap_page: swapin tgid 604 pid 636 name "HwBinder:604_1" vma 7fbe283000
  HwBinder:604_1-636   [004] ....  7008.318000: do_swap_page: swapin tgid 604 pid 636 name "HwBinder:604_1" vma 7fbe284000
  HwBinder:604_1-636   [004] ....  7008.318002: do_swap_page: swapin tgid 604 pid 636 name "HwBinder:604_1" vma 7fbe285000
  HwBinder:604_1-636   [004] ....  7008.318004: do_swap_page: swapin tgid 604 pid 636 name "HwBinder:604_1" vma 7fbe286000
  HwBinder:604_1-636   [004] ....  7008.318006: do_swap_page: swapin tgid 604 pid 636 name "HwBinder:604_1" vma 7fbe287000
  HwBinder:604_1-636   [004] ....  7008.318008: do_swap_page: swapin tgid 604 pid 636 name "HwBinder:604_1" vma 7fbe288000
  HwBinder:604_1-636   [004] ....  7008.318010: do_swap_page: swapin tgid 604 pid 636 name "HwBinder:604_1" vma 7fbe289000
  HwBinder:604_1-636   [004] ....  7008.318013: do_swap_page: swapin tgid 604 pid 636 name "HwBinder:604_1" vma 7fbe28a000
  HwBinder:604_1-636   [004] ....  7008.318015: do_swap_page: swapin tgid 604 pid 636 name "HwBinder:604_1" vma 7fbe28b000
  HwBinder:604_1-636   [004] ....  7008.318019: do_swap_page: swapin tgid 604 pid 636 name "HwBinder:604_1" vma 7fbe28c000
  HwBinder:604_1-636   [004] ....  7008.318021: do_swap_page: swapin tgid 604 pid 636 name "HwBinder:604_1" vma 7fbe28d000
  HwBinder:604_1-636   [004] ....  7008.318022: do_swap_page: swapin tgid 604 pid 636 name "HwBinder:604_1" vma 7fbe28e000
  HwBinder:604_1-636   [004] ....  7008.318024: do_swap_page: swapin tgid 604 pid 636 name "HwBinder:604_1" vma 7fbe28f000
  HwBinder:604_1-636   [004] ....  7008.318026: do_swap_page: swapin tgid 604 pid 636 name "HwBinder:604_1" vma 7fbe290000
  HwBinder:604_1-636   [004] ....  7008.318028: do_swap_page: swapin tgid 604 pid 636 name "HwBinder:604_1" vma 7fbe291000
  HwBinder:604_1-636   [004] ....  7008.318030: do_swap_page: swapin tgid 604 pid 636 name "HwBinder:604_1" vma 7fbe292000
  HwBinder:604_1-636   [004] ....  7008.318032: do_swap_page: swapin tgid 604 pid 636 name "HwBinder:604_1" vma 7fbe293000
  HwBinder:604_1-636   [004] ....  7008.318034: do_swap_page: swapin tgid 604 pid 636 name "HwBinder:604_1" vma 7fbe294000
  HwBinder:604_1-636   [004] ....  7008.318036: do_swap_page: swapin tgid 604 pid 636 name "HwBinder:604_1" vma 7fbe295000
  HwBinder:604_1-636   [004] ....  7008.318037: do_swap_page: swapin tgid 604 pid 636 name "HwBinder:604_1" vma 7fbe296000
  HwBinder:604_1-636   [004] ....  7008.318039: do_swap_page: swapin tgid 604 pid 636 name "HwBinder:604_1" vma 7fbe297000
  HwBinder:604_1-636   [004] ....  7008.318041: do_swap_page: swapin tgid 604 pid 636 name "HwBinder:604_1" vma 7fbe298000
  HwBinder:604_1-636   [004] ....  7008.318043: do_swap_page: swapin tgid 604 pid 636 name "HwBinder:604_1" vma 7fbe299000
  HwBinder:604_1-636   [004] ....  7008.318046: do_swap_page: swapin tgid 604 pid 636 name "HwBinder:604_1" vma 7fbe29a000
  HwBinder:604_1-636   [004] ....  7008.318049: do_swap_page: swapin tgid 604 pid 636 name "HwBinder:604_1" vma 7fbe29b000
  HwBinder:604_1-636   [004] ....  7008.318052: do_swap_page: swapin tgid 604 pid 636 name "HwBinder:604_1" vma 7fbce56000
  HwBinder:604_1-636   [004] ....  7008.318056: do_swap_page: swapin tgid 604 pid 636 name "HwBinder:604_1" vma 7fbe264000
  HwBinder:604_1-636   [004] ....  7008.318057: do_swap_page: swapin tgid 604 pid 636 name "HwBinder:604_1" vma 7fbe265000
  HwBinder:604_1-636   [004] ....  7008.318060: do_swap_page: swapin tgid 604 pid 636 name "HwBinder:604_1" vma 7fbe266000
  HwBinder:604_1-636   [004] ....  7008.318062: do_swap_page: swapin tgid 604 pid 636 name "HwBinder:604_1" vma 7fbe267000
  HwBinder:604_1-636   [004] ....  7008.318064: do_swap_page: swapin tgid 604 pid 636 name "HwBinder:604_1" vma 7fbe268000
  HwBinder:604_1-636   [004] ....  7008.318066: do_swap_page: swapin tgid 604 pid 636 name "HwBinder:604_1" vma 7fbe269000
  HwBinder:604_1-636   [004] ....  7008.318067: do_swap_page: swapin tgid 604 pid 636 name "HwBinder:604_1" vma 7fbe26a000
  HwBinder:604_1-636   [004] ....  7008.318069: do_swap_page: swapin tgid 604 pid 636 name "HwBinder:604_1" vma 7fbe26b000
  HwBinder:604_1-636   [004] ....  7008.318071: do_swap_page: swapin tgid 604 pid 636 name "HwBinder:604_1" vma 7fbe26c000
  HwBinder:604_1-636   [004] ....  7008.318073: do_swap_page: swapin tgid 604 pid 636 name "HwBinder:604_1" vma 7fbe26d000
  HwBinder:604_1-636   [004] ....  7008.318074: do_swap_page: swapin tgid 604 pid 636 name "HwBinder:604_1" vma 7fbe26e000
  HwBinder:604_1-636   [004] ....  7008.318077: do_swap_page: swapin tgid 604 pid 636 name "HwBinder:604_1" vma 7fbe26f000
  HwBinder:604_1-636   [004] ....  7008.318079: do_swap_page: swapin tgid 604 pid 636 name "HwBinder:604_1" vma 7fbe270000
  HwBinder:604_1-636   [004] ....  7008.318081: do_swap_page: swapin tgid 604 pid 636 name "HwBinder:604_1" vma 7fbe271000
  HwBinder:604_1-636   [004] ....  7008.318087: do_swap_page: swapin tgid 604 pid 636 name "HwBinder:604_1" vma 7fbe272000
  HwBinder:604_1-636   [004] ....  7008.318089: do_swap_page: swapin tgid 604 pid 636 name "HwBinder:604_1" vma 7fbe273000
  HwBinder:604_1-636   [004] ....  7008.318091: do_swap_page: swapin tgid 604 pid 636 name "HwBinder:604_1" vma 7fbe274000
  HwBinder:604_1-636   [004] ....  7008.318093: do_swap_page: swapin tgid 604 pid 636 name "HwBinder:604_1" vma 7fbe275000
  HwBinder:604_1-636   [004] ....  7008.318094: do_swap_page: swapin tgid 604 pid 636 name "HwBinder:604_1" vma 7fbe276000
  HwBinder:604_1-636   [004] ....  7008.318096: do_swap_page: swapin tgid 604 pid 636 name "HwBinder:604_1" vma 7fbe277000
  HwBinder:604_1-636   [004] ....  7008.318098: do_swap_page: swapin tgid 604 pid 636 name "HwBinder:604_1" vma 7fbe278000
  HwBinder:604_1-636   [004] ....  7008.318100: do_swap_page: swapin tgid 604 pid 636 name "HwBinder:604_1" vma 7fbe279000
  HwBinder:604_1-636   [004] ....  7008.318102: do_swap_page: swapin tgid 604 pid 636 name "HwBinder:604_1" vma 7fbe27a000
  HwBinder:604_1-636   [004] ....  7008.318104: do_swap_page: swapin tgid 604 pid 636 name "HwBinder:604_1" vma 7fbe27b000
  HwBinder:604_1-636   [004] ....  7008.318106: do_swap_page: swapin tgid 604 pid 636 name "HwBinder:604_1" vma 7fbe27c000
  HwBinder:604_1-636   [004] ....  7008.318108: do_swap_page: swapin tgid 604 pid 636 name "HwBinder:604_1" vma 7fbe27d000
  HwBinder:604_1-636   [004] ....  7008.318110: do_swap_page: swapin tgid 604 pid 636 name "HwBinder:604_1" vma 7fbe27e000
  HwBinder:604_1-636   [004] ....  7008.318112: do_swap_page: swapin tgid 604 pid 636 name "HwBinder:604_1" vma 7fbe27f000
  HwBinder:604_1-636   [004] ....  7008.318114: do_swap_page: swapin tgid 604 pid 636 name "HwBinder:604_1" vma 7fbe280000
  HwBinder:604_1-636   [004] ....  7008.318118: do_swap_page: swapin tgid 604 pid 636 name "HwBinder:604_1" vma 7fb0d09000
  HwBinder:604_1-636   [004] ....  7008.318335: do_swap_page: swapin tgid 604 pid 636 name "HwBinder:604_1" vma 7fb0d09000
  HwBinder:604_1-636   [004] ....  7008.318342: do_swap_page: swapin tgid 604 pid 636 name "HwBinder:604_1" vma 7fbe262000
  HwBinder:604_1-636   [004] ....  7008.318344: do_swap_page: swapin tgid 604 pid 636 name "HwBinder:604_1" vma 7fb0d27000
           <...>-2352  [004] ....  7008.318401: do_swap_page: swapin tgid 816 pid 2352 name "NodeLooperThrea" vma 7fbd26b000
           <...>-2352  [004] ....  7008.318406: do_swap_page: swapin tgid 816 pid 2352 name "NodeLooperThrea" vma 7fbd26c000
           <...>-2352  [004] ....  7008.318409: do_swap_page: swapin tgid 816 pid 2352 name "NodeLooperThrea" vma 7fbd240000
           <...>-2352  [004] ....  7008.318412: do_swap_page: swapin tgid 816 pid 2352 name "NodeLooperThrea" vma 7fbd921000
           <...>-2352  [004] ....  7008.318420: do_swap_page: swapin tgid 816 pid 2352 name "NodeLooperThrea" vma 7fbd20a000
           <...>-2352  [004] ....  7008.318423: do_swap_page: swapin tgid 816 pid 2352 name "NodeLooperThrea" vma 7fbd20e000
           <...>-2352  [004] ....  7008.318425: do_swap_page: swapin tgid 816 pid 2352 name "NodeLooperThrea" vma 7fbd920000
 droid.launcher3-2031  [004] ....  7008.318442: do_swap_page: swapin tgid 2031 pid 2031 name "droid.launcher3" vma 9d886000
 droid.launcher3-2031  [004] ....  7008.318448: do_swap_page: swapin tgid 2031 pid 2031 name "droid.launcher3" vma 9d897000
  HwBinder:604_1-636   [004] ....  7008.318490: do_swap_page: swapin tgid 604 pid 636 name "HwBinder:604_1" vma 7fb0d27000
  HwBinder:604_1-636   [004] ....  7008.318495: do_swap_page: swapin tgid 604 pid 636 name "HwBinder:604_1" vma 7fbe261000
  HwBinder:604_1-636   [004] ....  7008.318502: do_swap_page: swapin tgid 604 pid 636 name "HwBinder:604_1" vma 7fb0d28000
           <...>-1356  [004] ....  7008.318547: do_swap_page: swapin tgid 1333 pid 1356 name "android.ui" vma 7f2d677000
           <...>-1356  [004] ....  7008.318596: do_swap_page: swapin tgid 1333 pid 1356 name "android.ui" vma 9da98000
 ndroid.systemui-1717  [004] ....  7008.318623: do_swap_page: swapin tgid 1717 pid 1717 name "ndroid.systemui" vma 133b1000
  HwBinder:604_1-636   [004] ....  7008.318712: do_swap_page: swapin tgid 604 pid 636 name "HwBinder:604_1" vma 7fb0d28000
  HwBinder:604_1-636   [004] ....  7008.318719: do_swap_page: swapin tgid 604 pid 636 name "HwBinder:604_1" vma 7fb0d45000
           <...>-2352  [004] ....  7008.318756: do_swap_page: swapin tgid 816 pid 2352 name "NodeLooperThrea" vma 7fbd920000
           <...>-2352  [004] ....  7008.318775: do_swap_page: swapin tgid 816 pid 2352 name "NodeLooperThrea" vma 7fbb7fa000
           <...>-2352  [004] ....  7008.318794: do_swap_page: swapin tgid 816 pid 2352 name "NodeLooperThrea" vma 7fbd212000
           <...>-2352  [004] ....  7008.318797: do_swap_page: swapin tgid 816 pid 2352 name "NodeLooperThrea" vma 7fbe1f0000
 droid.launcher3-2031  [004] ....  7008.318819: do_swap_page: swapin tgid 2031 pid 2031 name "droid.launcher3" vma 9d897000
 droid.launcher3-2031  [004] ....  7008.318825: do_swap_page: swapin tgid 2031 pid 2031 name "droid.launcher3" vma 9d891000
           <...>-1356  [004] ....  7008.318848: do_swap_page: swapin tgid 1333 pid 1356 name "android.ui" vma 9da98000
           <...>-1356  [004] ....  7008.318856: do_swap_page: swapin tgid 1333 pid 1356 name "android.ui" vma 9d7d3000
           <...>-1356  [004] ....  7008.318859: do_swap_page: swapin tgid 1333 pid 1356 name "android.ui" vma 9d902000
 ndroid.systemui-1717  [004] ....  7008.318881: do_swap_page: swapin tgid 1717 pid 1717 name "ndroid.systemui" vma 9d958000
  HwBinder:604_1-636   [004] ....  7008.318912: do_swap_page: swapin tgid 604 pid 636 name "HwBinder:604_1" vma 7fb0d45000
  HwBinder:604_1-636   [004] ....  7008.318919: do_swap_page: swapin tgid 604 pid 636 name "HwBinder:604_1" vma 7fb0d29000
           <...>-2352  [004] ....  7008.318963: do_swap_page: swapin tgid 816 pid 2352 name "NodeLooperThrea" vma 7fbe1f0000
           <...>-2352  [004] ....  7008.318979: do_swap_page: swapin tgid 816 pid 2352 name "NodeLooperThrea" vma 7fbf5e3000
 droid.launcher3-2031  [004] ....  7008.319018: do_swap_page: swapin tgid 2031 pid 2031 name "droid.launcher3" vma 9d891000
 droid.launcher3-2031  [004] ....  7008.319027: do_swap_page: swapin tgid 2031 pid 2031 name "droid.launcher3" vma 1302f000
  HwBinder:604_1-636   [004] ....  7008.319078: do_swap_page: swapin tgid 604 pid 636 name "HwBinder:604_1" vma 7fb0d29000
  HwBinder:604_1-636   [004] ....  7008.319091: do_swap_page: swapin tgid 604 pid 636 name "HwBinder:604_1" vma 7fbb4a7000
  HwBinder:604_1-636   [004] ....  7008.319093: do_swap_page: swapin tgid 604 pid 636 name "HwBinder:604_1" vma 7fbb4ae000
  HwBinder:604_1-636   [004] ....  7008.319094: do_swap_page: swapin tgid 604 pid 636 name "HwBinder:604_1" vma 7fbb50c000
  HwBinder:604_1-636   [004] ....  7008.319098: do_swap_page: swapin tgid 604 pid 636 name "HwBinder:604_1" vma 7fbb50b000
           <...>-2352  [004] ....  7008.319678: do_swap_page: swapin tgid 816 pid 2352 name "NodeLooperThrea" vma 7fbf5e3000
           <...>-2352  [004] ....  7008.319689: do_swap_page: swapin tgid 816 pid 2352 name "NodeLooperThrea" vma 7fbe196000
 droid.launcher3-2031  [004] ....  7008.319788: do_swap_page: swapin tgid 2031 pid 2031 name "droid.launcher3" vma 130d1000
 droid.launcher3-2031  [004] ....  7008.319796: do_swap_page: swapin tgid 2031 pid 2031 name "droid.launcher3" vma 7ed0e0e000
 droid.launcher3-2031  [004] ....  7008.319800: do_swap_page: swapin tgid 2031 pid 2031 name "droid.launcher3" vma 7f28b5d000
 droid.launcher3-2031  [004] ....  7008.319806: do_swap_page: swapin tgid 2031 pid 2031 name "droid.launcher3" vma 13016000
 droid.launcher3-2031  [004] ....  7008.319813: do_swap_page: swapin tgid 2031 pid 2031 name "droid.launcher3" vma 7ed0e0f000
 droid.launcher3-2031  [004] ....  7008.319816: do_swap_page: swapin tgid 2031 pid 2031 name "droid.launcher3" vma 13003000
 droid.launcher3-2031  [004] ....  7008.319818: do_swap_page: swapin tgid 2031 pid 2031 name "droid.launcher3" vma 9d752000
           <...>-1356  [004] ....  7008.319855: do_swap_page: swapin tgid 1333 pid 1356 name "android.ui" vma 9d902000
           <...>-1356  [004] ....  7008.319861: do_swap_page: swapin tgid 1333 pid 1356 name "android.ui" vma 9d76a000
           <...>-1356  [004] ....  7008.319865: do_swap_page: swapin tgid 1333 pid 1356 name "android.ui" vma 9d83c000
     logd.writer-572   [004] ....  7008.319965: do_swap_page: swapin tgid 556 pid 572 name "logd.writer" vma 7fbbe0b000
     logd.writer-572   [004] ....  7008.319973: do_swap_page: swapin tgid 556 pid 572 name "logd.writer" vma 7fb26a3000
 droid.launcher3-2031  [004] ....  7008.319997: do_swap_page: swapin tgid 2031 pid 2031 name "droid.launcher3" vma 9d752000
 droid.launcher3-2031  [004] ....  7008.320003: do_swap_page: swapin tgid 2031 pid 2031 name "droid.launcher3" vma 7fbe264000
 droid.launcher3-2031  [004] ....  7008.320006: do_swap_page: swapin tgid 2031 pid 2031 name "droid.launcher3" vma 9d753000
 ndroid.systemui-1717  [004] ....  7008.320070: do_swap_page: swapin tgid 1717 pid 1717 name "ndroid.systemui" vma 9d958000
 ndroid.systemui-1717  [004] ....  7008.320081: do_swap_page: swapin tgid 1717 pid 1717 name "ndroid.systemui" vma 7eb3e87000
 ndroid.systemui-1717  [004] ....  7008.320084: do_swap_page: swapin tgid 1717 pid 1717 name "ndroid.systemui" vma 9da35000
 droid.launcher3-2031  [004] ....  7008.320177: do_swap_page: swapin tgid 2031 pid 2031 name "droid.launcher3" vma 9d753000
 droid.launcher3-2031  [004] ....  7008.320189: do_swap_page: swapin tgid 2031 pid 2031 name "droid.launcher3" vma 9d76b000
     logd.writer-572   [004] ....  7008.320301: do_swap_page: swapin tgid 556 pid 572 name "logd.writer" vma 7fb26a3000
     logd.writer-572   [004] ....  7008.320312: do_swap_page: swapin tgid 556 pid 572 name "logd.writer" vma 7fbbe39000
 droid.launcher3-2031  [004] ....  7008.320340: do_swap_page: swapin tgid 2031 pid 2031 name "droid.launcher3" vma 9d76b000
 droid.launcher3-2031  [004] ....  7008.320345: do_swap_page: swapin tgid 2031 pid 2031 name "droid.launcher3" vma 130df000
 droid.launcher3-2031  [004] ....  7008.320349: do_swap_page: swapin tgid 2031 pid 2031 name "droid.launcher3" vma 9d754000
     logd.writer-572   [004] ....  7008.320413: do_swap_page: swapin tgid 556 pid 572 name "logd.writer" vma 7fbbe74000
     logd.writer-572   [004] ....  7008.320417: do_swap_page: swapin tgid 556 pid 572 name "logd.writer" vma 7fbbe61000
 droid.launcher3-2031  [004] ....  7008.320469: do_swap_page: swapin tgid 2031 pid 2031 name "droid.launcher3" vma 9d754000
 droid.launcher3-2031  [004] ....  7008.320475: do_swap_page: swapin tgid 2031 pid 2031 name "droid.launcher3" vma 7ed0e0d000
 droid.launcher3-2031  [004] ....  7008.320477: do_swap_page: swapin tgid 2031 pid 2031 name "droid.launcher3" vma 9d76c000
 ndroid.systemui-1717  [004] ....  7008.320499: do_swap_page: swapin tgid 1717 pid 1717 name "ndroid.systemui" vma 9da35000
 ndroid.systemui-1717  [004] ....  7008.320509: do_swap_page: swapin tgid 1717 pid 1717 name "ndroid.systemui" vma 9d8b9000
 ndroid.systemui-1717  [004] ....  7008.320517: do_swap_page: swapin tgid 1717 pid 1717 name "ndroid.systemui" vma 9da25000
     logd.writer-572   [004] ....  7008.320645: do_swap_page: swapin tgid 556 pid 572 name "logd.writer" vma 7fbbe61000
     logd.writer-572   [004] ....  7008.320652: do_swap_page: swapin tgid 556 pid 572 name "logd.writer" vma 7fbbe8d000
     logd.writer-572   [004] ....  7008.320657: do_swap_page: swapin tgid 556 pid 572 name "logd.writer" vma 7fb25c2000
     logd.writer-572   [004] ....  7008.320660: do_swap_page: swapin tgid 556 pid 572 name "logd.writer" vma 7fb25e0000
 droid.launcher3-2031  [004] ....  7008.320686: do_swap_page: swapin tgid 2031 pid 2031 name "droid.launcher3" vma 9d76c000
 droid.launcher3-2031  [004] ....  7008.320692: do_swap_page: swapin tgid 2031 pid 2031 name "droid.launcher3" vma 9d85a000
 droid.launcher3-2031  [004] ....  7008.320697: do_swap_page: swapin tgid 2031 pid 2031 name "droid.launcher3" vma 7f2ddab000
 droid.launcher3-2031  [004] ....  7008.320873: do_swap_page: swapin tgid 2031 pid 2031 name "droid.launcher3" vma 7f2ddab000
 droid.launcher3-2031  [004] ....  7008.320878: do_swap_page: swapin tgid 2031 pid 2031 name "droid.launcher3" vma 9d864000
 droid.launcher3-2031  [004] ....  7008.320882: do_swap_page: swapin tgid 2031 pid 2031 name "droid.launcher3" vma 1300f000
 droid.launcher3-2031  [004] ....  7008.320885: do_swap_page: swapin tgid 2031 pid 2031 name "droid.launcher3" vma 9d76d000
 ndroid.systemui-1717  [004] ....  7008.320906: do_swap_page: swapin tgid 1717 pid 1717 name "ndroid.systemui" vma 9da25000
 ndroid.systemui-1717  [004] ....  7008.320910: do_swap_page: swapin tgid 1717 pid 1717 name "ndroid.systemui" vma 9d969000
     logd.writer-572   [004] ....  7008.320951: do_swap_page: swapin tgid 556 pid 572 name "logd.writer" vma 7fb25e0000
 droid.launcher3-2031  [004] .n..  7008.321103: do_swap_page: swapin tgid 2031 pid 2031 name "droid.launcher3" vma 9d76d000
 droid.launcher3-2031  [004] ....  7008.321113: do_swap_page: swapin tgid 2031 pid 2031 name "droid.launcher3" vma 7f2ddac000
 ndroid.systemui-1717  [004] ....  7008.321140: do_swap_page: swapin tgid 1717 pid 1717 name "ndroid.systemui" vma 9d969000
 ndroid.systemui-1717  [004] ....  7008.321146: do_swap_page: swapin tgid 1717 pid 1717 name "ndroid.systemui" vma 9d8da000
 ndroid.systemui-1717  [004] ....  7008.321149: do_swap_page: swapin tgid 1717 pid 1717 name "ndroid.systemui" vma 9d98c000
 ndroid.systemui-1717  [004] ....  7008.321275: do_swap_page: swapin tgid 1717 pid 1717 name "ndroid.systemui" vma 9d98c000
 ndroid.systemui-1717  [004] ....  7008.321279: do_swap_page: swapin tgid 1717 pid 1717 name "ndroid.systemui" vma 9d8b7000
 ndroid.systemui-1717  [004] ....  7008.321280: do_swap_page: swapin tgid 1717 pid 1717 name "ndroid.systemui" vma 9d945000
 droid.launcher3-2031  [004] ....  7008.321315: do_swap_page: swapin tgid 2031 pid 2031 name "droid.launcher3" vma 7f2ddac000
 droid.launcher3-2031  [004] ....  7008.321320: do_swap_page: swapin tgid 2031 pid 2031 name "droid.launcher3" vma 9d7aa000
 ndroid.systemui-1717  [004] ....  7008.321409: do_swap_page: swapin tgid 1717 pid 1717 name "ndroid.systemui" vma 9d945000
 ndroid.systemui-1717  [004] ....  7008.321416: do_swap_page: swapin tgid 1717 pid 1717 name "ndroid.systemui" vma 9d91c000
 droid.launcher3-2031  [004] ....  7008.321451: do_swap_page: swapin tgid 2031 pid 2031 name "droid.launcher3" vma 9d7aa000
 droid.launcher3-2031  [004] ....  7008.321456: do_swap_page: swapin tgid 2031 pid 2031 name "droid.launcher3" vma 9d785000
 droid.launcher3-2031  [004] ....  7008.321572: do_swap_page: swapin tgid 2031 pid 2031 name "droid.launcher3" vma 9d785000
 droid.launcher3-2031  [004] ....  7008.321577: do_swap_page: swapin tgid 2031 pid 2031 name "droid.launcher3" vma 9d73b000
 ndroid.systemui-1717  [004] ....  7008.321622: do_swap_page: swapin tgid 1717 pid 1717 name "ndroid.systemui" vma 9d91c000
 ndroid.systemui-1717  [004] ....  7008.321627: do_swap_page: swapin tgid 1717 pid 1717 name "ndroid.systemui" vma 9d8a5000
 ndroid.systemui-1717  [004] ....  7008.321629: do_swap_page: swapin tgid 1717 pid 1717 name "ndroid.systemui" vma 9d955000
 droid.launcher3-2031  [004] ....  7008.321713: do_swap_page: swapin tgid 2031 pid 2031 name "droid.launcher3" vma 9d73b000
 droid.launcher3-2031  [004] ....  7008.321717: do_swap_page: swapin tgid 2031 pid 2031 name "droid.launcher3" vma 9d8f7000
 droid.launcher3-2031  [004] ....  7008.321721: do_swap_page: swapin tgid 2031 pid 2031 name "droid.launcher3" vma 9d869000
 ndroid.systemui-1717  [004] ....  7008.321760: do_swap_page: swapin tgid 1717 pid 1717 name "ndroid.systemui" vma 9d955000
 ndroid.systemui-1717  [004] ....  7008.321766: do_swap_page: swapin tgid 1717 pid 1717 name "ndroid.systemui" vma 9d89a000
 ndroid.systemui-1717  [004] ....  7008.321771: do_swap_page: swapin tgid 1717 pid 1717 name "ndroid.systemui" vma 7ead3b2000
 ndroid.systemui-1717  [004] ....  7008.321784: do_swap_page: swapin tgid 1717 pid 1717 name "ndroid.systemui" vma 9d9f5000
 droid.launcher3-2031  [004] ....  7008.321947: do_swap_page: swapin tgid 2031 pid 2031 name "droid.launcher3" vma 9d869000
 droid.launcher3-2031  [004] ....  7008.321955: do_swap_page: swapin tgid 2031 pid 2031 name "droid.launcher3" vma 9d779000
 droid.launcher3-2031  [004] ....  7008.322095: do_swap_page: swapin tgid 2031 pid 2031 name "droid.launcher3" vma 9d779000
 droid.launcher3-2031  [004] ....  7008.322098: do_swap_page: swapin tgid 2031 pid 2031 name "droid.launcher3" vma 9d85e000
 ndroid.systemui-1717  [004] ....  7008.322123: do_swap_page: swapin tgid 1717 pid 1717 name "ndroid.systemui" vma 9d9f5000
 ndroid.systemui-1717  [004] ....  7008.322128: do_swap_page: swapin tgid 1717 pid 1717 name "ndroid.systemui" vma 9d92e000
 droid.launcher3-2031  [004] ....  7008.322223: do_swap_page: swapin tgid 2031 pid 2031 name "droid.launcher3" vma 9d85e000
 droid.launcher3-2031  [004] ....  7008.322228: do_swap_page: swapin tgid 2031 pid 2031 name "droid.launcher3" vma 9d885000
 ndroid.systemui-1717  [004] ....  7008.322270: do_swap_page: swapin tgid 1717 pid 1717 name "ndroid.systemui" vma 9d92e000
 ndroid.systemui-1717  [004] ....  7008.322276: do_swap_page: swapin tgid 1717 pid 1717 name "ndroid.systemui" vma 9d981000
 droid.launcher3-2031  [004] ....  7008.322375: do_swap_page: swapin tgid 2031 pid 2031 name "droid.launcher3" vma 9d885000
 droid.launcher3-2031  [004] ....  7008.322385: do_swap_page: swapin tgid 2031 pid 2031 name "droid.launcher3" vma 9d866000
 droid.launcher3-2031  [004] ....  7008.322387: do_swap_page: swapin tgid 2031 pid 2031 name "droid.launcher3" vma 9d78b000
 ndroid.systemui-1717  [004] ....  7008.322433: do_swap_page: swapin tgid 1717 pid 1717 name "ndroid.systemui" vma 9d981000
 ndroid.systemui-1717  [004] ....  7008.322439: do_swap_page: swapin tgid 1717 pid 1717 name "ndroid.systemui" vma 9d9df000
 ndroid.systemui-1717  [004] ....  7008.322443: do_swap_page: swapin tgid 1717 pid 1717 name "ndroid.systemui" vma 9d8b4000
 ndroid.systemui-1717  [004] ....  7008.322445: do_swap_page: swapin tgid 1717 pid 1717 name "ndroid.systemui" vma 9da21000
 droid.launcher3-2031  [004] ....  7008.322515: do_swap_page: swapin tgid 2031 pid 2031 name "droid.launcher3" vma 9d78b000
 droid.launcher3-2031  [004] ....  7008.322522: do_swap_page: swapin tgid 2031 pid 2031 name "droid.launcher3" vma 13006000
 droid.launcher3-2031  [004] ....  7008.322524: do_swap_page: swapin tgid 2031 pid 2031 name "droid.launcher3" vma 9d790000
 ndroid.systemui-1717  [004] ....  7008.322573: do_swap_page: swapin tgid 1717 pid 1717 name "ndroid.systemui" vma 9da21000
 ndroid.systemui-1717  [004] ....  7008.322578: do_swap_page: swapin tgid 1717 pid 1717 name "ndroid.systemui" vma 9d964000
 droid.launcher3-2031  [004] ....  7008.322638: do_swap_page: swapin tgid 2031 pid 2031 name "droid.launcher3" vma 9d790000
 droid.launcher3-2031  [004] ....  7008.322645: do_swap_page: swapin tgid 2031 pid 2031 name "droid.launcher3" vma 13c36000
 droid.launcher3-2031  [004] ....  7008.322648: do_swap_page: swapin tgid 2031 pid 2031 name "droid.launcher3" vma 9d750000
 ndroid.systemui-1717  [004] ....  7008.322751: do_swap_page: swapin tgid 1717 pid 1717 name "ndroid.systemui" vma 9d964000
 ndroid.systemui-1717  [004] ....  7008.322758: do_swap_page: swapin tgid 1717 pid 1717 name "ndroid.systemui" vma 9d8a0000
 ndroid.systemui-1717  [004] ....  7008.322760: do_swap_page: swapin tgid 1717 pid 1717 name "ndroid.systemui" vma 9d94f000
 droid.launcher3-2031  [004] ....  7008.322796: do_swap_page: swapin tgid 2031 pid 2031 name "droid.launcher3" vma 9d750000
 droid.launcher3-2031  [004] ....  7008.322801: do_swap_page: swapin tgid 2031 pid 2031 name "droid.launcher3" vma 9d795000
 droid.launcher3-2031  [004] ....  7008.322923: do_swap_page: swapin tgid 2031 pid 2031 name "droid.launcher3" vma 9d795000
 droid.launcher3-2031  [004] ....  7008.322928: do_swap_page: swapin tgid 2031 pid 2031 name "droid.launcher3" vma 9d74c000
 ndroid.systemui-1717  [004] ....  7008.322988: do_swap_page: swapin tgid 1717 pid 1717 name "ndroid.systemui" vma 9d94f000
 ndroid.systemui-1717  [004] ....  7008.322995: do_swap_page: swapin tgid 1717 pid 1717 name "ndroid.systemui" vma 9d977000
 droid.launcher3-2031  [004] ....  7008.323052: do_swap_page: swapin tgid 2031 pid 2031 name "droid.launcher3" vma 9d74c000
 droid.launcher3-2031  [004] ....  7008.323058: do_swap_page: swapin tgid 2031 pid 2031 name "droid.launcher3" vma 9d79e000
 ndroid.systemui-1717  [004] ....  7008.323138: do_swap_page: swapin tgid 1717 pid 1717 name "ndroid.systemui" vma 9d977000
 droid.launcher3-2031  [004] ....  7008.323181: do_swap_page: swapin tgid 2031 pid 2031 name "droid.launcher3" vma 9d79e000
 droid.launcher3-2031  [004] ....  7008.323186: do_swap_page: swapin tgid 2031 pid 2031 name "droid.launcher3" vma 9d77d000
 ndroid.systemui-1717  [004] ....  7008.323265: do_swap_page: swapin tgid 1717 pid 1717 name "ndroid.systemui" vma 7eb3e3f000
 droid.launcher3-2031  [004] ....  7008.323298: do_swap_page: swapin tgid 2031 pid 2031 name "droid.launcher3" vma 9d77d000
 droid.launcher3-2031  [004] ....  7008.323303: do_swap_page: swapin tgid 2031 pid 2031 name "droid.launcher3" vma 9d745000
 ndroid.systemui-1717  [004] ....  7008.323334: do_swap_page: swapin tgid 1717 pid 1717 name "ndroid.systemui" vma 7eb3e40000
 ndroid.systemui-1717  [004] ....  7008.323355: do_swap_page: swapin tgid 1717 pid 1717 name "ndroid.systemui" vma 13ef9000
 ndroid.systemui-1717  [004] ....  7008.323362: do_swap_page: swapin tgid 1717 pid 1717 name "ndroid.systemui" vma 13efa000
 ndroid.systemui-1717  [004] ....  7008.323368: do_swap_page: swapin tgid 1717 pid 1717 name "ndroid.systemui" vma 7fbc835000
 ndroid.systemui-1717  [004] ....  7008.323375: do_swap_page: swapin tgid 1717 pid 1717 name "ndroid.systemui" vma 7fbc834000
 droid.launcher3-2031  [004] ....  7008.323423: do_swap_page: swapin tgid 2031 pid 2031 name "droid.launcher3" vma 9d745000
 droid.launcher3-2031  [004] ....  7008.323428: do_swap_page: swapin tgid 2031 pid 2031 name "droid.launcher3" vma 13c37000
 droid.launcher3-2031  [004] ....  7008.323434: do_swap_page: swapin tgid 2031 pid 2031 name "droid.launcher3" vma 9d796000
 ndroid.systemui-1717  [004] ....  7008.323502: do_swap_page: swapin tgid 1717 pid 1717 name "ndroid.systemui" vma 7fbcb76000
 droid.launcher3-2031  [004] ....  7008.323546: do_swap_page: swapin tgid 2031 pid 2031 name "droid.launcher3" vma 9d796000
 droid.launcher3-2031  [004] ....  7008.323551: do_swap_page: swapin tgid 2031 pid 2031 name "droid.launcher3" vma 9d782000
 droid.launcher3-2031  [004] ....  7008.323670: do_swap_page: swapin tgid 2031 pid 2031 name "droid.launcher3" vma 9d782000
 droid.launcher3-2031  [004] ....  7008.323676: do_swap_page: swapin tgid 2031 pid 2031 name "droid.launcher3" vma 13c3b000
 droid.launcher3-2031  [004] ....  7008.323677: do_swap_page: swapin tgid 2031 pid 2031 name "droid.launcher3" vma 9d77b000
 droid.launcher3-2031  [004] ....  7008.323790: do_swap_page: swapin tgid 2031 pid 2031 name "droid.launcher3" vma 9d77b000
 droid.launcher3-2031  [004] ....  7008.323793: do_swap_page: swapin tgid 2031 pid 2031 name "droid.launcher3" vma 13c3c000
 droid.launcher3-2031  [004] ....  7008.323795: do_swap_page: swapin tgid 2031 pid 2031 name "droid.launcher3" vma 9d7c7000
 droid.launcher3-2031  [004] ....  7008.323894: do_swap_page: swapin tgid 2031 pid 2031 name "droid.launcher3" vma 9d7c7000
 droid.launcher3-2031  [004] ....  7008.323897: do_swap_page: swapin tgid 2031 pid 2031 name "droid.launcher3" vma 9d872000
 droid.launcher3-2031  [004] ....  7008.324056: do_swap_page: swapin tgid 2031 pid 2031 name "droid.launcher3" vma 9d872000
 droid.launcher3-2031  [004] ....  7008.324059: do_swap_page: swapin tgid 2031 pid 2031 name "droid.launcher3" vma 9d81e000
 droid.launcher3-2031  [004] ....  7008.324183: do_swap_page: swapin tgid 2031 pid 2031 name "droid.launcher3" vma 9d81e000
 droid.launcher3-2031  [004] ....  7008.324188: do_swap_page: swapin tgid 2031 pid 2031 name "droid.launcher3" vma 13011000
 droid.launcher3-2031  [004] ....  7008.324195: do_swap_page: swapin tgid 2031 pid 2031 name "droid.launcher3" vma 7fffffb000
 droid.launcher3-2031  [004] ....  7008.324199: do_swap_page: swapin tgid 2031 pid 2031 name "droid.launcher3" vma 7ed0d64000
 droid.launcher3-2031  [004] ....  7008.324203: do_swap_page: swapin tgid 2031 pid 2031 name "droid.launcher3" vma 7f289f8000
 droid.launcher3-2031  [004] ....  7008.324211: do_swap_page: swapin tgid 2031 pid 2031 name "droid.launcher3" vma 9d877000
 droid.launcher3-2031  [004] ....  7008.324372: do_swap_page: swapin tgid 2031 pid 2031 name "droid.launcher3" vma 9d877000
 droid.launcher3-2031  [004] ....  7008.324375: do_swap_page: swapin tgid 2031 pid 2031 name "droid.launcher3" vma 7fffff9000
 droid.launcher3-2031  [004] ....  7008.324383: do_swap_page: swapin tgid 2031 pid 2031 name "droid.launcher3" vma 9d761000
 droid.launcher3-2031  [004] ....  7008.324487: do_swap_page: swapin tgid 2031 pid 2031 name "droid.launcher3" vma 9d761000
 droid.launcher3-2031  [004] ....  7008.324492: do_swap_page: swapin tgid 2031 pid 2031 name "droid.launcher3" vma 13263000
 droid.launcher3-2031  [004] ....  7008.324494: do_swap_page: swapin tgid 2031 pid 2031 name "droid.launcher3" vma 9d7d0000
 droid.launcher3-2031  [004] ....  7008.324594: do_swap_page: swapin tgid 2031 pid 2031 name "droid.launcher3" vma 9d7d0000
 droid.launcher3-2031  [004] ....  7008.324597: do_swap_page: swapin tgid 2031 pid 2031 name "droid.launcher3" vma 9d878000
 droid.launcher3-2031  [004] ....  7008.324759: do_swap_page: swapin tgid 2031 pid 2031 name "droid.launcher3" vma 9d878000
 droid.launcher3-2031  [004] ....  7008.324762: do_swap_page: swapin tgid 2031 pid 2031 name "droid.launcher3" vma 9d835000
 droid.launcher3-2031  [004] ....  7008.324765: do_swap_page: swapin tgid 2031 pid 2031 name "droid.launcher3" vma 9d828000
 droid.launcher3-2031  [004] ....  7008.324916: do_swap_page: swapin tgid 2031 pid 2031 name "droid.launcher3" vma 9d828000
 droid.launcher3-2031  [004] ....  7008.324920: do_swap_page: swapin tgid 2031 pid 2031 name "droid.launcher3" vma 9d76e000
 droid.launcher3-2031  [004] ....  7008.325017: do_swap_page: swapin tgid 2031 pid 2031 name "droid.launcher3" vma 9d76e000
 droid.launcher3-2031  [004] ....  7008.325020: do_swap_page: swapin tgid 2031 pid 2031 name "droid.launcher3" vma 9d7dc000
 droid.launcher3-2031  [004] ....  7008.325118: do_swap_page: swapin tgid 2031 pid 2031 name "droid.launcher3" vma 9d7dc000
 droid.launcher3-2031  [004] ....  7008.325121: do_swap_page: swapin tgid 2031 pid 2031 name "droid.launcher3" vma 9d833000
 droid.launcher3-2031  [004] ....  7008.325127: do_swap_page: swapin tgid 2031 pid 2031 name "droid.launcher3" vma 13c23000
 droid.launcher3-2031  [004] ....  7008.325128: do_swap_page: swapin tgid 2031 pid 2031 name "droid.launcher3" vma 9d7d9000
  surfaceflinger-602   [004] ....  7008.325243: do_swap_page: swapin tgid 602 pid 602 name "surfaceflinger" vma 7fb7705000
    RenderThread-2098  [004] ....  7008.325431: do_swap_page: swapin tgid 1717 pid 2098 name "RenderThread" vma 7f28ef1000
    RenderThread-2098  [004] ....  7008.325468: do_swap_page: swapin tgid 1717 pid 2098 name "RenderThread" vma 7fbe175000
    RenderThread-2480  [004] ....  7008.325501: do_swap_page: swapin tgid 2031 pid 2480 name "RenderThread" vma 7ecb6d1000
    RenderThread-2480  [004] ....  7008.325510: do_swap_page: swapin tgid 2031 pid 2480 name "RenderThread" vma 7fbe231000
    RenderThread-2480  [004] ....  7008.325513: do_swap_page: swapin tgid 2031 pid 2480 name "RenderThread" vma 7ecb6d2000
    RenderThread-2480  [004] ....  7008.325515: do_swap_page: swapin tgid 2031 pid 2480 name "RenderThread" vma 7f289be000
    RenderThread-2480  [004] ....  7008.325518: do_swap_page: swapin tgid 2031 pid 2480 name "RenderThread" vma 7ed0d1f000
    RenderThread-2480  [004] ....  7008.325522: do_swap_page: swapin tgid 2031 pid 2480 name "RenderThread" vma 7fbdcb6000
    RenderThread-2480  [004] ....  7008.325524: do_swap_page: swapin tgid 2031 pid 2480 name "RenderThread" vma 7f28b41000
    RenderThread-2480  [004] ....  7008.325527: do_swap_page: swapin tgid 2031 pid 2480 name "RenderThread" vma 7f28a69000
    RenderThread-2480  [004] ....  7008.325529: do_swap_page: swapin tgid 2031 pid 2480 name "RenderThread" vma 7fbe1c5000
    RenderThread-2480  [004] ....  7008.325531: do_swap_page: swapin tgid 2031 pid 2480 name "RenderThread" vma 7ecb6d0000
    RenderThread-2480  [004] ....  7008.325570: do_swap_page: swapin tgid 2031 pid 2480 name "RenderThread" vma 7fbb042000
    RenderThread-2480  [004] ....  7008.325593: do_swap_page: swapin tgid 2031 pid 2480 name "RenderThread" vma 7fbd629000
    RenderThread-2480  [004] ....  7008.325597: do_swap_page: swapin tgid 2031 pid 2480 name "RenderThread" vma 7fbe1fb000
    RenderThread-2480  [004] ....  7008.325603: do_swap_page: swapin tgid 2031 pid 2480 name "RenderThread" vma 7fbe1fd000
    RenderThread-2480  [004] ....  7008.325605: do_swap_page: swapin tgid 2031 pid 2480 name "RenderThread" vma 7fbe35b000
    RenderThread-2480  [004] ....  7008.325609: do_swap_page: swapin tgid 2031 pid 2480 name "RenderThread" vma 7fbba73000
    RenderThread-2480  [004] ....  7008.325611: do_swap_page: swapin tgid 2031 pid 2480 name "RenderThread" vma 7ed0cbd000
    RenderThread-2480  [004] ....  7008.325613: do_swap_page: swapin tgid 2031 pid 2480 name "RenderThread" vma 7ed0cac000
    RenderThread-2480  [004] ....  7008.325615: do_swap_page: swapin tgid 2031 pid 2480 name "RenderThread" vma 7ed0ce4000
    RenderThread-2480  [004] ....  7008.325618: do_swap_page: swapin tgid 2031 pid 2480 name "RenderThread" vma 7f28ac2000
