           <...>-2031  [004] ....  4469.184431: do_swap_page: swapin tgid 2031 pid 2031 name "droid.launcher3" vma 9d77a000
           <...>-2031  [004] ....  4469.184549: do_swap_page: swapin tgid 2031 pid 2031 name "droid.launcher3" vma 9d77a000
           <...>-2031  [004] ....  4469.184554: do_swap_page: swapin tgid 2031 pid 2031 name "droid.launcher3" vma 9d85f000
           <...>-2031  [004] ....  4469.184668: do_swap_page: swapin tgid 2031 pid 2031 name "droid.launcher3" vma 9d85f000
           <...>-2031  [004] ....  4469.184676: do_swap_page: swapin tgid 2031 pid 2031 name "droid.launcher3" vma 9d77f000
           <...>-2031  [004] ....  4469.184684: do_swap_page: swapin tgid 2031 pid 2031 name "droid.launcher3" vma 9d849000
           <...>-2031  [004] ....  4469.184688: do_swap_page: swapin tgid 2031 pid 2031 name "droid.launcher3" vma 9d842000
           <...>-2031  [004] ....  4469.184693: do_swap_page: swapin tgid 2031 pid 2031 name "droid.launcher3" vma 9d765000
           <...>-2031  [004] ....  4469.184696: do_swap_page: swapin tgid 2031 pid 2031 name "droid.launcher3" vma 9d856000
           <...>-2031  [004] ....  4469.184831: do_swap_page: swapin tgid 2031 pid 2031 name "droid.launcher3" vma 9d856000
           <...>-602   [004] ....  4469.184966: do_swap_page: swapin tgid 602 pid 602 name "surfaceflinger" vma 7fb7705000
    RenderThread-2098  [004] ....  4469.185293: do_swap_page: swapin tgid 1717 pid 2098 name "RenderThread" vma 7f28ef1000
    RenderThread-2098  [004] ....  4469.185352: do_swap_page: swapin tgid 1717 pid 2098 name "RenderThread" vma 7fbe175000
    RenderThread-2480  [004] ....  4469.185437: do_swap_page: swapin tgid 2031 pid 2480 name "RenderThread" vma 7ecb6d1000
    RenderThread-2480  [004] ....  4469.185452: do_swap_page: swapin tgid 2031 pid 2480 name "RenderThread" vma 7fbe231000
    RenderThread-2480  [004] ....  4469.185457: do_swap_page: swapin tgid 2031 pid 2480 name "RenderThread" vma 7ecb6d2000
    RenderThread-2480  [004] ....  4469.185460: do_swap_page: swapin tgid 2031 pid 2480 name "RenderThread" vma 7f289be000
    RenderThread-2480  [004] ....  4469.185467: do_swap_page: swapin tgid 2031 pid 2480 name "RenderThread" vma 7fbdcb6000
    RenderThread-2480  [004] ....  4469.185470: do_swap_page: swapin tgid 2031 pid 2480 name "RenderThread" vma 7f28b41000
    RenderThread-2480  [004] ....  4469.185474: do_swap_page: swapin tgid 2031 pid 2480 name "RenderThread" vma 7f28a69000
    RenderThread-2480  [004] ....  4469.185478: do_swap_page: swapin tgid 2031 pid 2480 name "RenderThread" vma 7ecb6d0000
    RenderThread-2480  [004] ....  4469.185534: do_swap_page: swapin tgid 2031 pid 2480 name "RenderThread" vma 7fbb042000
    RenderThread-2480  [004] ....  4469.185551: do_swap_page: swapin tgid 2031 pid 2480 name "RenderThread" vma 7fbe35b000
    RenderThread-2480  [004] ....  4469.185558: do_swap_page: swapin tgid 2031 pid 2480 name "RenderThread" vma 7ed0cbd000
    RenderThread-2480  [004] ....  4469.185560: do_swap_page: swapin tgid 2031 pid 2480 name "RenderThread" vma 7ed0cac000
    RenderThread-2480  [004] ....  4469.185563: do_swap_page: swapin tgid 2031 pid 2480 name "RenderThread" vma 7ed0ce4000
    RenderThread-2480  [004] ....  4469.185569: do_swap_page: swapin tgid 2031 pid 2480 name "RenderThread" vma 7ec4cdb000
    RenderThread-2480  [004] ....  4469.185574: do_swap_page: swapin tgid 2031 pid 2480 name "RenderThread" vma 7fbe175000
           <...>-6164  [004] ....  4469.185635: do_swap_page: swapin tgid 6123 pid 6164 name "RenderThread" vma cb04e000
           <...>-6164  [004] ....  4469.185654: do_swap_page: swapin tgid 6123 pid 6164 name "RenderThread" vma f0d63000
           <...>-6164  [004] ....  4469.185660: do_swap_page: swapin tgid 6123 pid 6164 name "RenderThread" vma cb04d000
           <...>-6164  [004] ....  4469.185666: do_swap_page: swapin tgid 6123 pid 6164 name "RenderThread" vma cbda6000
           <...>-6164  [004] ....  4469.185671: do_swap_page: swapin tgid 6123 pid 6164 name "RenderThread" vma cacdd000
           <...>-6164  [004] ....  4469.185781: do_swap_page: swapin tgid 6123 pid 6164 name "RenderThread" vma f6274000
           <...>-6164  [004] ....  4469.185793: do_swap_page: swapin tgid 6123 pid 6164 name "RenderThread" vma f72e0000
           <...>-6164  [004] ....  4469.185833: do_swap_page: swapin tgid 6123 pid 6164 name "RenderThread" vma bee74000
           <...>-6164  [004] ....  4469.185839: do_swap_page: swapin tgid 6123 pid 6164 name "RenderThread" vma cbd50000
           <...>-6164  [004] ....  4469.185853: do_swap_page: swapin tgid 6123 pid 6164 name "RenderThread" vma cb04c000
           <...>-6164  [004] ....  4469.185863: do_swap_page: swapin tgid 6123 pid 6164 name "RenderThread" vma f7a24000
           <...>-6164  [004] ....  4469.185869: do_swap_page: swapin tgid 6123 pid 6164 name "RenderThread" vma f0d62000
           <...>-6164  [004] ....  4469.185872: do_swap_page: swapin tgid 6123 pid 6164 name "RenderThread" vma cbc3d000
           <...>-6376  [004] ....  4469.185963: do_swap_page: swapin tgid 1333 pid 6376 name "RenderThread" vma 7e5fbac000
           <...>-6376  [004] ....  4469.185981: do_swap_page: swapin tgid 1333 pid 6376 name "RenderThread" vma 7e5fbad000
           <...>-6376  [004] ....  4469.185984: do_swap_page: swapin tgid 1333 pid 6376 name "RenderThread" vma 7e6243a000
           <...>-6376  [004] ....  4469.185993: do_swap_page: swapin tgid 1333 pid 6376 name "RenderThread" vma 7e62234000
           <...>-6376  [004] ....  4469.186000: do_swap_page: swapin tgid 1333 pid 6376 name "RenderThread" vma 7e5fbab000
           <...>-6376  [004] ....  4469.186052: do_swap_page: swapin tgid 1333 pid 6376 name "RenderThread" vma 7fbb042000
           <...>-6376  [004] ....  4469.186065: do_swap_page: swapin tgid 1333 pid 6376 name "RenderThread" vma 7f2d694000
           <...>-6376  [004] ....  4469.186072: do_swap_page: swapin tgid 1333 pid 6376 name "RenderThread" vma 7e6d0f6000
           <...>-6376  [004] ....  4469.186076: do_swap_page: swapin tgid 1333 pid 6376 name "RenderThread" vma 7e6d1ae000
           <...>-6376  [004] ....  4469.186081: do_swap_page: swapin tgid 1333 pid 6376 name "RenderThread" vma 7e6e9e2000
           <...>-6376  [004] ....  4469.186096: do_swap_page: swapin tgid 1333 pid 6376 name "RenderThread" vma 7e6e8d0000
           <...>-6376  [004] ....  4469.186102: do_swap_page: swapin tgid 1333 pid 6376 name "RenderThread" vma 7e62249000
           <...>-6376  [004] ....  4469.186140: do_swap_page: swapin tgid 1333 pid 6376 name "RenderThread" vma 7eb7530000
    RenderThread-2480  [004] ....  4469.186162: do_swap_page: swapin tgid 2031 pid 2480 name "RenderThread" vma 7fbe175000
    RenderThread-2480  [004] ....  4469.186173: do_swap_page: swapin tgid 2031 pid 2480 name "RenderThread" vma 7f2d226000
    RenderThread-2480  [004] ....  4469.186177: do_swap_page: swapin tgid 2031 pid 2480 name "RenderThread" vma 7f28b2e000
    RenderThread-2480  [004] ....  4469.186184: do_swap_page: swapin tgid 2031 pid 2480 name "RenderThread" vma 7ed0c09000
    Binder:602_3-739   [004] ....  4469.186233: do_swap_page: swapin tgid 602 pid 739 name "Binder:602_3" vma 7faa3ca000
    Binder:602_3-739   [004] ....  4469.186245: do_swap_page: swapin tgid 602 pid 739 name "Binder:602_3" vma 7faa3cb000
    Binder:602_3-739   [004] ....  4469.186261: do_swap_page: swapin tgid 602 pid 739 name "Binder:602_3" vma 7fba63a000
    Binder:602_3-739   [004] ....  4469.186276: do_swap_page: swapin tgid 602 pid 739 name "Binder:602_3" vma 7faa6f7000
    Binder:602_3-739   [004] ....  4469.186281: do_swap_page: swapin tgid 602 pid 739 name "Binder:602_3" vma 7faa6f8000
    RenderThread-2480  [004] ....  4469.186330: do_swap_page: swapin tgid 2031 pid 2480 name "RenderThread" vma 7f289f2000
    RenderThread-2480  [004] ....  4469.186342: do_swap_page: swapin tgid 2031 pid 2480 name "RenderThread" vma 7ed0cad000
    RenderThread-2480  [004] ....  4469.186489: do_swap_page: swapin tgid 2031 pid 2480 name "RenderThread" vma 7fbe162000
    RenderThread-2480  [004] ....  4469.186505: do_swap_page: swapin tgid 2031 pid 2480 name "RenderThread" vma 7fbe2df000
    RenderThread-2480  [004] ....  4469.186513: do_swap_page: swapin tgid 2031 pid 2480 name "RenderThread" vma 7f28a1a000
    RenderThread-2480  [004] ....  4469.186518: do_swap_page: swapin tgid 2031 pid 2480 name "RenderThread" vma 7fbe294000
    RenderThread-2480  [004] ....  4469.186521: do_swap_page: swapin tgid 2031 pid 2480 name "RenderThread" vma 7f28b01000
    RenderThread-2480  [004] ....  4469.186526: do_swap_page: swapin tgid 2031 pid 2480 name "RenderThread" vma 7fbc6b1000
    RenderThread-2098  [004] ....  4469.186722: do_swap_page: swapin tgid 1717 pid 2098 name "RenderThread" vma 7fbe175000
    RenderThread-2480  [004] ....  4469.186776: do_swap_page: swapin tgid 2031 pid 2480 name "RenderThread" vma 7fbc6b1000
    RenderThread-2480  [004] ....  4469.186785: do_swap_page: swapin tgid 2031 pid 2480 name "RenderThread" vma 7fbe2f1000
    Binder:602_3-739   [004] ....  4469.186895: do_swap_page: swapin tgid 602 pid 739 name "Binder:602_3" vma 7fbf5e3000
           <...>-1446  [004] ....  4469.187156: do_swap_page: swapin tgid 602 pid 1446 name "Binder:602_4" vma 7fab933000
           <...>-1446  [004] ....  4469.187171: do_swap_page: swapin tgid 602 pid 1446 name "Binder:602_4" vma 7fab934000
           <...>-1446  [004] ....  4469.187174: do_swap_page: swapin tgid 602 pid 1446 name "Binder:602_4" vma 7fba639000
           <...>-1446  [004] ....  4469.187184: do_swap_page: swapin tgid 602 pid 1446 name "Binder:602_4" vma 7fba673000
           <...>-1446  [004] ....  4469.187192: do_swap_page: swapin tgid 602 pid 1446 name "Binder:602_4" vma 7faa726000
           <...>-1446  [004] ....  4469.187195: do_swap_page: swapin tgid 602 pid 1446 name "Binder:602_4" vma 7faa727000
    Binder:602_3-739   [004] ....  4469.187213: do_swap_page: swapin tgid 602 pid 739 name "Binder:602_3" vma 7fbf5e3000
    Binder:602_3-739   [004] ....  4469.187232: do_swap_page: swapin tgid 602 pid 739 name "Binder:602_3" vma 7fbd1cf000
    Binder:602_3-739   [004] ....  4469.187267: do_swap_page: swapin tgid 602 pid 739 name "Binder:602_3" vma 7fba771000
    RenderThread-2480  [004] ....  4469.187321: do_swap_page: swapin tgid 2031 pid 2480 name "RenderThread" vma 7ed0ca5000
    Binder:602_5-2224  [004] ....  4469.187383: do_swap_page: swapin tgid 602 pid 2224 name "Binder:602_5" vma 7fa9242000
    Binder:602_5-2224  [004] ....  4469.187394: do_swap_page: swapin tgid 602 pid 2224 name "Binder:602_5" vma 7fa9243000
    Binder:602_5-2224  [004] ....  4469.187398: do_swap_page: swapin tgid 602 pid 2224 name "Binder:602_5" vma 7faa516000
    Binder:602_5-2224  [004] ....  4469.187412: do_swap_page: swapin tgid 602 pid 2224 name "Binder:602_5" vma 7fb7572000
    Binder:602_5-2224  [004] ....  4469.187419: do_swap_page: swapin tgid 602 pid 2224 name "Binder:602_5" vma 7faa708000
    Binder:602_5-2224  [004] ....  4469.187421: do_swap_page: swapin tgid 602 pid 2224 name "Binder:602_5" vma 7faa709000
    RenderThread-2480  [004] ....  4469.187497: do_swap_page: swapin tgid 2031 pid 2480 name "RenderThread" vma 7ed0d99000
    RenderThread-2098  [004] ....  4469.187711: do_swap_page: swapin tgid 1717 pid 2098 name "RenderThread" vma 7f28fc1000
    RenderThread-2098  [004] ....  4469.187731: do_swap_page: swapin tgid 1717 pid 2098 name "RenderThread" vma 7fbc6b1000
           <...>-6164  [004] ....  4469.187846: do_swap_page: swapin tgid 6123 pid 6164 name "RenderThread" vma c79f1000
           <...>-6164  [004] ....  4469.188027: do_swap_page: swapin tgid 6123 pid 6164 name "RenderThread" vma e20d5000
           <...>-6164  [004] ....  4469.188044: do_swap_page: swapin tgid 6123 pid 6164 name "RenderThread" vma f7b59000
    RenderThread-2098  [004] ....  4469.188083: do_swap_page: swapin tgid 1717 pid 2098 name "RenderThread" vma 7fbc6b1000
           <...>-1358  [004] ....  4469.188334: do_swap_page: swapin tgid 1333 pid 1358 name "android.display" vma 7ecd832000
           <...>-1358  [004] ....  4469.188369: do_swap_page: swapin tgid 1333 pid 1358 name "android.display" vma 9d8fe000
           <...>-6164  [004] ....  4469.188571: do_swap_page: swapin tgid 6123 pid 6164 name "RenderThread" vma c79f4000
           <...>-6164  [004] ....  4469.188581: do_swap_page: swapin tgid 6123 pid 6164 name "RenderThread" vma f7b3e000
           <...>-1358  [004] ....  4469.188635: do_swap_page: swapin tgid 1333 pid 1358 name "android.display" vma 9d8fe000
           <...>-1358  [004] ....  4469.188673: do_swap_page: swapin tgid 1333 pid 1358 name "android.display" vma 9d75b000
           <...>-1358  [004] ....  4469.188683: do_swap_page: swapin tgid 1333 pid 1358 name "android.display" vma 9da04000
           <...>-6376  [004] ....  4469.189055: do_swap_page: swapin tgid 1333 pid 6376 name "RenderThread" vma 7e6e9e1000
           <...>-6376  [004] ....  4469.189202: do_swap_page: swapin tgid 1333 pid 6376 name "RenderThread" vma 7e62439000
           <...>-6376  [004] ....  4469.189209: do_swap_page: swapin tgid 1333 pid 6376 name "RenderThread" vma 7eb8b12000
           <...>-1358  [004] ....  4469.189339: do_swap_page: swapin tgid 1333 pid 1358 name "android.display" vma 9da04000
           <...>-1358  [004] ....  4469.189360: do_swap_page: swapin tgid 1333 pid 1358 name "android.display" vma 9d7f2000
           <...>-1358  [004] ....  4469.189367: do_swap_page: swapin tgid 1333 pid 1358 name "android.display" vma 9d810000
           <...>-1358  [004] ....  4469.189526: do_swap_page: swapin tgid 1333 pid 1358 name "android.display" vma 9da8c000
           <...>-6376  [004] ....  4469.189576: do_swap_page: swapin tgid 1333 pid 6376 name "RenderThread" vma 7eb8b12000
           <...>-6164  [004] ....  4469.189593: do_swap_page: swapin tgid 6123 pid 6164 name "RenderThread" vma f7b3e000
           <...>-2031  [004] ....  4469.189651: do_swap_page: swapin tgid 2031 pid 2031 name "droid.launcher3" vma 7fbe2f6000
           <...>-2031  [004] ....  4469.189727: do_swap_page: swapin tgid 2031 pid 2031 name "droid.launcher3" vma 7f2898a000
           <...>-2031  [004] ....  4469.189736: do_swap_page: swapin tgid 2031 pid 2031 name "droid.launcher3" vma 7ed0c67000
           <...>-2031  [004] ....  4469.189739: do_swap_page: swapin tgid 2031 pid 2031 name "droid.launcher3" vma 7f289cd000
           <...>-1358  [004] ....  4469.189803: do_swap_page: swapin tgid 1333 pid 1358 name "android.display" vma 9da8c000
           <...>-1358  [004] ....  4469.189819: do_swap_page: swapin tgid 1333 pid 1358 name "android.display" vma 9d939000
           <...>-2031  [004] ....  4469.189973: do_swap_page: swapin tgid 2031 pid 2031 name "droid.launcher3" vma 7f289cd000
           <...>-2031  [004] ....  4469.189981: do_swap_page: swapin tgid 2031 pid 2031 name "droid.launcher3" vma 7f28b35000
           <...>-1358  [004] ....  4469.190073: do_swap_page: swapin tgid 1333 pid 1358 name "android.display" vma 9d939000
           <...>-1358  [004] ....  4469.190085: do_swap_page: swapin tgid 1333 pid 1358 name "android.display" vma 9d7dd000
           <...>-1358  [004] ....  4469.190102: do_swap_page: swapin tgid 1333 pid 1358 name "android.display" vma 13f5e000
           <...>-1358  [004] ....  4469.190107: do_swap_page: swapin tgid 1333 pid 1358 name "android.display" vma 146ef000
           <...>-1358  [004] ....  4469.190115: do_swap_page: swapin tgid 1333 pid 1358 name "android.display" vma 7f28a21000
           <...>-1358  [004] ....  4469.190121: do_swap_page: swapin tgid 1333 pid 1358 name "android.display" vma 7eb6d9b000
           <...>-1358  [004] ....  4469.190126: do_swap_page: swapin tgid 1333 pid 1358 name "android.display" vma 7ed0bf6000
           <...>-1358  [004] ....  4469.190137: do_swap_page: swapin tgid 1333 pid 1358 name "android.display" vma 7f28b32000
           <...>-2031  [004] ....  4469.190224: do_swap_page: swapin tgid 2031 pid 2031 name "droid.launcher3" vma 7f28b35000
           <...>-2031  [004] ....  4469.190230: do_swap_page: swapin tgid 2031 pid 2031 name "droid.launcher3" vma 7ed0cf8000
           <...>-1358  [004] ....  4469.191003: do_swap_page: swapin tgid 1333 pid 1358 name "android.display" vma 7f28b32000
           <...>-1358  [004] ....  4469.191011: do_swap_page: swapin tgid 1333 pid 1358 name "android.display" vma 7ed0cfa000
           <...>-1358  [004] ....  4469.191017: do_swap_page: swapin tgid 1333 pid 1358 name "android.display" vma 7ed0d47000
           <...>-1358  [004] ....  4469.191019: do_swap_page: swapin tgid 1333 pid 1358 name "android.display" vma 7f28abe000
           <...>-1358  [004] ....  4469.191023: do_swap_page: swapin tgid 1333 pid 1358 name "android.display" vma 7e6d04a000
           <...>-2031  [004] ....  4469.191199: do_swap_page: swapin tgid 2031 pid 2031 name "droid.launcher3" vma 7ed0cf8000
           <...>-2031  [004] ....  4469.191212: do_swap_page: swapin tgid 2031 pid 2031 name "droid.launcher3" vma 7fbbdfa000
           <...>-2031  [004] ....  4469.191261: do_swap_page: swapin tgid 2031 pid 2031 name "droid.launcher3" vma 9d7d7000
           <...>-2031  [004] ....  4469.191278: do_swap_page: swapin tgid 2031 pid 2031 name "droid.launcher3" vma 9d7e4000
           <...>-2031  [004] ....  4469.191281: do_swap_page: swapin tgid 2031 pid 2031 name "droid.launcher3" vma 9d83b000
           <...>-1358  [004] ....  4469.191309: do_swap_page: swapin tgid 1333 pid 1358 name "android.display" vma 7e6d04a000
           <...>-1358  [004] ....  4469.191316: do_swap_page: swapin tgid 1333 pid 1358 name "android.display" vma 7eb6e26000
           <...>-1358  [004] ....  4469.191342: do_swap_page: swapin tgid 1333 pid 1358 name "android.display" vma 7f28987000
           <...>-1358  [004] ....  4469.191349: do_swap_page: swapin tgid 1333 pid 1358 name "android.display" vma 7e867e3000
           <...>-2031  [004] ....  4469.191398: do_swap_page: swapin tgid 2031 pid 2031 name "droid.launcher3" vma 9d83b000
           <...>-2031  [004] ....  4469.191404: do_swap_page: swapin tgid 2031 pid 2031 name "droid.launcher3" vma 9d7ed000
           <...>-2031  [004] ....  4469.191420: do_swap_page: swapin tgid 2031 pid 2031 name "droid.launcher3" vma 9d7b3000
           <...>-1358  [004] ....  4469.191535: do_swap_page: swapin tgid 1333 pid 1358 name "android.display" vma 7e867e3000
           <...>-1358  [004] ....  4469.191544: do_swap_page: swapin tgid 1333 pid 1358 name "android.display" vma 7e867ea000
           <...>-2031  [004] ....  4469.191596: do_swap_page: swapin tgid 2031 pid 2031 name "droid.launcher3" vma 9d7b3000
           <...>-2031  [004] ....  4469.191608: do_swap_page: swapin tgid 2031 pid 2031 name "droid.launcher3" vma 9d78d000
           <...>-2031  [004] ....  4469.191624: do_swap_page: swapin tgid 2031 pid 2031 name "droid.launcher3" vma 7fbe260000
           <...>-2031  [004] ....  4469.191656: do_swap_page: swapin tgid 2031 pid 2031 name "droid.launcher3" vma 7fbdd6b000
           <...>-2031  [004] ....  4469.191666: do_swap_page: swapin tgid 2031 pid 2031 name "droid.launcher3" vma 9d73d000
           <...>-2031  [004] ....  4469.191674: do_swap_page: swapin tgid 2031 pid 2031 name "droid.launcher3" vma 13c21000
           <...>-2031  [004] ....  4469.191677: do_swap_page: swapin tgid 2031 pid 2031 name "droid.launcher3" vma 9d7e9000
           <...>-2031  [004] ....  4469.191678: do_swap_page: swapin tgid 2031 pid 2031 name "droid.launcher3" vma 9d83f000
           <...>-1358  [004] ....  4469.191721: do_swap_page: swapin tgid 1333 pid 1358 name "android.display" vma 7e867ea000
           <...>-1358  [004] ....  4469.191746: do_swap_page: swapin tgid 1333 pid 1358 name "android.display" vma 14101000
           <...>-1358  [004] ....  4469.191751: do_swap_page: swapin tgid 1333 pid 1358 name "android.display" vma 9d910000
           <...>-2031  [004] ....  4469.191863: do_swap_page: swapin tgid 2031 pid 2031 name "droid.launcher3" vma 9d83f000
           <...>-2031  [004] ....  4469.191871: do_swap_page: swapin tgid 2031 pid 2031 name "droid.launcher3" vma 13c1b000
           <...>-2031  [004] ....  4469.191875: do_swap_page: swapin tgid 2031 pid 2031 name "droid.launcher3" vma 9d87e000
           <...>-1358  [004] ....  4469.191924: do_swap_page: swapin tgid 1333 pid 1358 name "android.display" vma 9d910000
           <...>-1358  [004] ....  4469.191939: do_swap_page: swapin tgid 1333 pid 1358 name "android.display" vma 1514c000
           <...>-1358  [004] ....  4469.191941: do_swap_page: swapin tgid 1333 pid 1358 name "android.display" vma 1514e000
           <...>-1358  [004] ....  4469.191952: do_swap_page: swapin tgid 1333 pid 1358 name "android.display" vma 13e60000
           <...>-1358  [004] ....  4469.191958: do_swap_page: swapin tgid 1333 pid 1358 name "android.display" vma 13e66000
           <...>-1358  [004] ....  4469.191971: do_swap_page: swapin tgid 1333 pid 1358 name "android.display" vma 1514b000
           <...>-1358  [004] ....  4469.191999: do_swap_page: swapin tgid 1333 pid 1358 name "android.display" vma 15144000
           <...>-1358  [004] ....  4469.192042: do_swap_page: swapin tgid 1333 pid 1358 name "android.display" vma 7ed0b68000
           <...>-1358  [004] ....  4469.192061: do_swap_page: swapin tgid 1333 pid 1358 name "android.display" vma 9d85c000
           <...>-2031  [004] ....  4469.192087: do_swap_page: swapin tgid 2031 pid 2031 name "droid.launcher3" vma 9d87e000
           <...>-2031  [004] ....  4469.192093: do_swap_page: swapin tgid 2031 pid 2031 name "droid.launcher3" vma 9d895000
           <...>-1358  [004] ....  4469.192178: do_swap_page: swapin tgid 1333 pid 1358 name "android.display" vma 9d85c000
           <...>-1358  [004] ....  4469.192261: do_swap_page: swapin tgid 1333 pid 1358 name "android.display" vma 9d93a000
           <...>-2031  [004] ....  4469.192284: do_swap_page: swapin tgid 2031 pid 2031 name "droid.launcher3" vma 9d895000
           <...>-2031  [004] ....  4469.192290: do_swap_page: swapin tgid 2031 pid 2031 name "droid.launcher3" vma 9d88e000
           <...>-572   [004] ....  4469.192340: do_swap_page: swapin tgid 556 pid 572 name "logd.writer" vma 7fb2760000
           <...>-572   [004] ....  4469.192354: do_swap_page: swapin tgid 556 pid 572 name "logd.writer" vma 7fb2775000
           <...>-572   [004] ....  4469.192360: do_swap_page: swapin tgid 556 pid 572 name "logd.writer" vma 7fbbfc2000
           <...>-572   [004] ....  4469.192370: do_swap_page: swapin tgid 556 pid 572 name "logd.writer" vma 7fbbee2000
           <...>-2031  [004] ....  4469.192424: do_swap_page: swapin tgid 2031 pid 2031 name "droid.launcher3" vma 9d88e000
           <...>-2031  [004] ....  4469.192432: do_swap_page: swapin tgid 2031 pid 2031 name "droid.launcher3" vma 9d894000
           <...>-1358  [004] ....  4469.192453: do_swap_page: swapin tgid 1333 pid 1358 name "android.display" vma 9d93a000
           <...>-1358  [004] ....  4469.192458: do_swap_page: swapin tgid 1333 pid 1358 name "android.display" vma 9d82c000
           <...>-1358  [004] ....  4469.192461: do_swap_page: swapin tgid 1333 pid 1358 name "android.display" vma 9d973000
           <...>-2031  [004] ....  4469.192544: do_swap_page: swapin tgid 2031 pid 2031 name "droid.launcher3" vma 9d894000
           <...>-2031  [004] ....  4469.192550: do_swap_page: swapin tgid 2031 pid 2031 name "droid.launcher3" vma 9d88c000
           <...>-2031  [004] ....  4469.192661: do_swap_page: swapin tgid 2031 pid 2031 name "droid.launcher3" vma 9d88c000
           <...>-2031  [004] ....  4469.192677: do_swap_page: swapin tgid 2031 pid 2031 name "droid.launcher3" vma 12eee000
           <...>-2031  [004] ....  4469.192714: do_swap_page: swapin tgid 2031 pid 2031 name "droid.launcher3" vma 7ed0e5d000
    RenderThread-2480  [004] ....  4469.192728: do_swap_page: swapin tgid 2031 pid 2480 name "RenderThread" vma 7ec6aaa000
    RenderThread-2480  [004] ....  4469.192734: do_swap_page: swapin tgid 2031 pid 2480 name "RenderThread" vma 7f39848000
    RenderThread-2480  [004] ....  4469.192738: do_swap_page: swapin tgid 2031 pid 2480 name "RenderThread" vma 7fbd429000
    RenderThread-2480  [004] ....  4469.192742: do_swap_page: swapin tgid 2031 pid 2480 name "RenderThread" vma 7f39804000
    RenderThread-2480  [004] ....  4469.192746: do_swap_page: swapin tgid 2031 pid 2480 name "RenderThread" vma 7f39831000
    RenderThread-2480  [004] ....  4469.192749: do_swap_page: swapin tgid 2031 pid 2480 name "RenderThread" vma 7f3983f000
    RenderThread-2480  [004] ....  4469.192751: do_swap_page: swapin tgid 2031 pid 2480 name "RenderThread" vma 7f39833000
           <...>-2031  [004] ....  4469.192762: do_swap_page: swapin tgid 2031 pid 2031 name "droid.launcher3" vma 9d7c8000
           <...>-2031  [004] ....  4469.192763: do_swap_page: swapin tgid 2031 pid 2031 name "droid.launcher3" vma 9d873000
           <...>-1358  [004] ....  4469.192842: do_swap_page: swapin tgid 1333 pid 1358 name "android.display" vma 9d973000
           <...>-1358  [004] ....  4469.192853: do_swap_page: swapin tgid 1333 pid 1358 name "android.display" vma 7eb75e0000
           <...>-1358  [004] ....  4469.192906: do_swap_page: swapin tgid 1333 pid 1358 name "android.display" vma 1376d000
           <...>-2031  [004] ....  4469.192939: do_swap_page: swapin tgid 2031 pid 2031 name "droid.launcher3" vma 9d873000
           <...>-2031  [004] ....  4469.192945: do_swap_page: swapin tgid 2031 pid 2031 name "droid.launcher3" vma 9d81f000
           <...>-1358  [004] ....  4469.192976: do_swap_page: swapin tgid 1333 pid 1358 name "android.display" vma 13ba6000
           <...>-1358  [004] ....  4469.192981: do_swap_page: swapin tgid 1333 pid 1358 name "android.display" vma 140aa000
           <...>-1358  [004] ....  4469.193016: do_swap_page: swapin tgid 1333 pid 1358 name "android.display" vma 13d2a000
           <...>-1358  [004] ....  4469.193030: do_swap_page: swapin tgid 1333 pid 1358 name "android.display" vma 7e86800000
           <...>-1358  [004] ....  4469.193047: do_swap_page: swapin tgid 1333 pid 1358 name "android.display" vma 7eb7430000
           <...>-2031  [004] ....  4469.193088: do_swap_page: swapin tgid 2031 pid 2031 name "droid.launcher3" vma 9d81f000
           <...>-2031  [004] ....  4469.193115: do_swap_page: swapin tgid 2031 pid 2031 name "droid.launcher3" vma 13c14000
           <...>-1358  [004] ....  4469.193144: do_swap_page: swapin tgid 1333 pid 1358 name "android.display" vma 7f2d668000
           <...>-1358  [004] ....  4469.193210: do_swap_page: swapin tgid 1333 pid 1358 name "android.display" vma 7f2d6c5000
           <...>-1358  [004] ....  4469.193237: do_swap_page: swapin tgid 1333 pid 1358 name "android.display" vma 7f2d6c7000
           <...>-2031  [004] ....  4469.193286: do_swap_page: swapin tgid 2031 pid 2031 name "droid.launcher3" vma 13c14000
           <...>-2031  [004] ....  4469.193304: do_swap_page: swapin tgid 2031 pid 2031 name "droid.launcher3" vma 9d837000
           <...>-2031  [004] ....  4469.193311: do_swap_page: swapin tgid 2031 pid 2031 name "droid.launcher3" vma 9d75e000
           <...>-2031  [004] ....  4469.193313: do_swap_page: swapin tgid 2031 pid 2031 name "droid.launcher3" vma 9d831000
           <...>-2031  [004] ....  4469.193315: do_swap_page: swapin tgid 2031 pid 2031 name "droid.launcher3" vma 9d7e0000
           <...>-2031  [004] ....  4469.193318: do_swap_page: swapin tgid 2031 pid 2031 name "droid.launcher3" vma 9d88a000
           <...>-1358  [004] ....  4469.193367: do_swap_page: swapin tgid 1333 pid 1358 name "android.display" vma 7f2d6c9000
           <...>-1358  [004] ....  4469.193391: do_swap_page: swapin tgid 1333 pid 1358 name "android.display" vma 14698000
           <...>-1358  [004] ....  4469.193414: do_swap_page: swapin tgid 1333 pid 1358 name "android.display" vma 7e623e7000
           <...>-2031  [004] ....  4469.193454: do_swap_page: swapin tgid 2031 pid 2031 name "droid.launcher3" vma 9d88a000
           <...>-2031  [004] ....  4469.193470: do_swap_page: swapin tgid 2031 pid 2031 name "droid.launcher3" vma 13c02000
           <...>-2031  [004] ....  4469.193482: do_swap_page: swapin tgid 2031 pid 2031 name "droid.launcher3" vma 12ed2000
           <...>-2031  [004] ....  4469.193485: do_swap_page: swapin tgid 2031 pid 2031 name "droid.launcher3" vma 12efc000
           <...>-2031  [004] ....  4469.193500: do_swap_page: swapin tgid 2031 pid 2031 name "droid.launcher3" vma 9d7d5000
           <...>-2031  [004] ....  4469.193502: do_swap_page: swapin tgid 2031 pid 2031 name "droid.launcher3" vma 9d7e5000
           <...>-2031  [004] ....  4469.193504: do_swap_page: swapin tgid 2031 pid 2031 name "droid.launcher3" vma 9d74e000
           <...>-2031  [004] ....  4469.193506: do_swap_page: swapin tgid 2031 pid 2031 name "droid.launcher3" vma 9d84e000
           <...>-1363  [004] ....  4469.193560: do_swap_page: swapin tgid 1333 pid 1363 name "android.bg" vma 1420f000
           <...>-1363  [004] ....  4469.193567: do_swap_page: swapin tgid 1333 pid 1363 name "android.bg" vma 9da61000
           <...>-1622  [004] ....  4469.193595: do_swap_page: swapin tgid 1333 pid 1622 name "AudioService" vma 7e867b1000
           <...>-1622  [004] ....  4469.193603: do_swap_page: swapin tgid 1333 pid 1622 name "AudioService" vma 7e867b2000
           <...>-1815  [004] ....  4469.193794: do_swap_page: swapin tgid 1796 pid 1815 name "Binder:1796_2" vma 7fbe2df000
           <...>-1815  [004] ....  4469.193801: do_swap_page: swapin tgid 1796 pid 1815 name "Binder:1796_2" vma 7fbe241000
           <...>-1854  [004] ....  4469.193833: do_swap_page: swapin tgid 1830 pid 1854 name "Binder:1830_2" vma 7f2d668000
           <...>-1854  [004] ....  4469.193841: do_swap_page: swapin tgid 1830 pid 1854 name "Binder:1830_2" vma 7f2e02d000
           <...>-1854  [004] ....  4469.193846: do_swap_page: swapin tgid 1830 pid 1854 name "Binder:1830_2" vma 7f2e02e000
           <...>-1946  [004] ....  4469.193874: do_swap_page: swapin tgid 1926 pid 1946 name "Binder:1926_1" vma 7f28a4e000
           <...>-1946  [004] ....  4469.193881: do_swap_page: swapin tgid 1926 pid 1946 name "Binder:1926_1" vma 7f2e12a000
           <...>-1946  [004] ....  4469.193888: do_swap_page: swapin tgid 1926 pid 1946 name "Binder:1926_1" vma 7f2e12b000
           <...>-5253  [004] ....  4469.193928: do_swap_page: swapin tgid 1942 pid 5253 name "Binder:1942_B" vma 7fbe241000
           <...>-2024  [004] ....  4469.193957: do_swap_page: swapin tgid 2002 pid 2024 name "Binder:2002_3" vma 7f28abc000
           <...>-2024  [004] ....  4469.193966: do_swap_page: swapin tgid 2002 pid 2024 name "Binder:2002_3" vma 7f2df30000
           <...>-2024  [004] ....  4469.193970: do_swap_page: swapin tgid 2002 pid 2024 name "Binder:2002_3" vma 7f2df31000
   Binder:2031_5-2555  [004] ....  4469.193996: do_swap_page: swapin tgid 2031 pid 2555 name "Binder:2031_5" vma 7f2d696000
   Binder:2031_5-2555  [004] ....  4469.194004: do_swap_page: swapin tgid 2031 pid 2555 name "Binder:2031_5" vma 7eca5d4000
   Binder:2031_5-2555  [004] ....  4469.194036: do_swap_page: swapin tgid 2031 pid 2555 name "Binder:2031_5" vma 7eca5d5000
   Binder:2031_5-2555  [004] ....  4469.194038: do_swap_page: swapin tgid 2031 pid 2555 name "Binder:2031_5" vma 7f2d69b000
   Binder:2031_5-2555  [004] ....  4469.194041: do_swap_page: swapin tgid 2031 pid 2555 name "Binder:2031_5" vma 7f2d66f000
   Binder:2031_5-2555  [004] ....  4469.194046: do_swap_page: swapin tgid 2031 pid 2555 name "Binder:2031_5" vma 7f2d615000
   Binder:2031_5-2555  [004] ....  4469.194048: do_swap_page: swapin tgid 2031 pid 2555 name "Binder:2031_5" vma 7f2d61f000
   Binder:2031_5-2555  [004] ....  4469.194050: do_swap_page: swapin tgid 2031 pid 2555 name "Binder:2031_5" vma 7f2d6a3000
   Binder:2031_5-2555  [004] ....  4469.194054: do_swap_page: swapin tgid 2031 pid 2555 name "Binder:2031_5" vma 7fbe241000
           <...>-3304  [004] ....  4469.194082: do_swap_page: swapin tgid 2244 pid 3304 name "Binder:2244_8" vma 7ec4ec7000
           <...>-3304  [004] ....  4469.194091: do_swap_page: swapin tgid 2244 pid 3304 name "Binder:2244_8" vma 7eaa07b000
           <...>-3304  [004] ....  4469.194095: do_swap_page: swapin tgid 2244 pid 3304 name "Binder:2244_8" vma 7eaa07c000
           <...>-2187  [004] ....  4469.194154: do_swap_page: swapin tgid 1717 pid 2187 name "ScreenDecoratio" vma 7eb75fb000
           <...>-2187  [004] ....  4469.194165: do_swap_page: swapin tgid 1717 pid 2187 name "ScreenDecoratio" vma 7eb75fc000
           <...>-2187  [004] ....  4469.194171: do_swap_page: swapin tgid 1717 pid 2187 name "ScreenDecoratio" vma 7f28dd7000
           <...>-2187  [004] ....  4469.194175: do_swap_page: swapin tgid 1717 pid 2187 name "ScreenDecoratio" vma 7f28dd8000
           <...>-2187  [004] ....  4469.194177: do_swap_page: swapin tgid 1717 pid 2187 name "ScreenDecoratio" vma 7ec03cd000
           <...>-2187  [004] ....  4469.194180: do_swap_page: swapin tgid 1717 pid 2187 name "ScreenDecoratio" vma 7eb75fa000
           <...>-2187  [004] ....  4469.194185: do_swap_page: swapin tgid 1717 pid 2187 name "ScreenDecoratio" vma 7eb75f9000
           <...>-1622  [004] ....  4469.194217: do_swap_page: swapin tgid 1333 pid 1622 name "AudioService" vma 7e867b2000
           <...>-1622  [004] ....  4469.194225: do_swap_page: swapin tgid 1333 pid 1622 name "AudioService" vma 7eb6fe6000
           <...>-1622  [004] ....  4469.194229: do_swap_page: swapin tgid 1333 pid 1622 name "AudioService" vma 7eb6fe7000
           <...>-1622  [004] ....  4469.194231: do_swap_page: swapin tgid 1333 pid 1622 name "AudioService" vma 7eb7000000
           <...>-1622  [004] ....  4469.194234: do_swap_page: swapin tgid 1333 pid 1622 name "AudioService" vma 7e867af000
           <...>-1854  [004] ....  4469.194258: do_swap_page: swapin tgid 1830 pid 1854 name "Binder:1830_2" vma 7f2e02e000
           <...>-1854  [004] ....  4469.194264: do_swap_page: swapin tgid 1830 pid 1854 name "Binder:1830_2" vma 7f2d666000
           <...>-1854  [004] ....  4469.194268: do_swap_page: swapin tgid 1830 pid 1854 name "Binder:1830_2" vma 7fbe180000
           <...>-1854  [004] ....  4469.194272: do_swap_page: swapin tgid 1830 pid 1854 name "Binder:1830_2" vma 7f2d673000
           <...>-1854  [004] ....  4469.194279: do_swap_page: swapin tgid 1830 pid 1854 name "Binder:1830_2" vma 7f2d615000
           <...>-1854  [004] ....  4469.194281: do_swap_page: swapin tgid 1830 pid 1854 name "Binder:1830_2" vma 7f2d62d000
           <...>-1854  [004] ....  4469.194287: do_swap_page: swapin tgid 1830 pid 1854 name "Binder:1830_2" vma 7f2d669000
           <...>-1854  [004] ....  4469.194290: do_swap_page: swapin tgid 1830 pid 1854 name "Binder:1830_2" vma 7fbba73000
           <...>-1854  [004] ....  4469.194293: do_swap_page: swapin tgid 1830 pid 1854 name "Binder:1830_2" vma 7fbe2f1000
           <...>-1854  [004] ....  4469.194295: do_swap_page: swapin tgid 1830 pid 1854 name "Binder:1830_2" vma 7fbe241000
           <...>-1946  [004] ....  4469.194338: do_swap_page: swapin tgid 1926 pid 1946 name "Binder:1926_1" vma 7f2e12b000
           <...>-1946  [004] ....  4469.194345: do_swap_page: swapin tgid 1926 pid 1946 name "Binder:1926_1" vma 7f289fc000
           <...>-1946  [004] ....  4469.194347: do_swap_page: swapin tgid 1926 pid 1946 name "Binder:1926_1" vma 7fbe180000
           <...>-1946  [004] ....  4469.194357: do_swap_page: swapin tgid 1926 pid 1946 name "Binder:1926_1" vma 7fbe22b000
           <...>-1946  [004] ....  4469.194359: do_swap_page: swapin tgid 1926 pid 1946 name "Binder:1926_1" vma 7f28ac2000
           <...>-1815  [004] ....  4469.194383: do_swap_page: swapin tgid 1796 pid 1815 name "Binder:1796_2" vma 7fbe241000
           <...>-1815  [004] ....  4469.194411: do_swap_page: swapin tgid 1796 pid 1815 name "Binder:1796_2" vma 7f2d61e000
           <...>-1815  [004] ....  4469.194473: do_swap_page: swapin tgid 1796 pid 1815 name "Binder:1796_2" vma 130ca000
           <...>-2024  [004] ....  4469.194495: do_swap_page: swapin tgid 2002 pid 2024 name "Binder:2002_3" vma 7f2df31000
           <...>-2024  [004] ....  4469.194502: do_swap_page: swapin tgid 2002 pid 2024 name "Binder:2002_3" vma 7fbe1db000
           <...>-2024  [004] ....  4469.194505: do_swap_page: swapin tgid 2002 pid 2024 name "Binder:2002_3" vma 7fbe180000
           <...>-2024  [004] ....  4469.194509: do_swap_page: swapin tgid 2002 pid 2024 name "Binder:2002_3" vma 7fbe1d0000
           <...>-2024  [004] ....  4469.194521: do_swap_page: swapin tgid 2002 pid 2024 name "Binder:2002_3" vma 7fbe22b000
           <...>-2024  [004] ....  4469.194524: do_swap_page: swapin tgid 2002 pid 2024 name "Binder:2002_3" vma 7f28ac2000
           <...>-2024  [004] ....  4469.194526: do_swap_page: swapin tgid 2002 pid 2024 name "Binder:2002_3" vma 7fbe222000
           <...>-2024  [004] ....  4469.194530: do_swap_page: swapin tgid 2002 pid 2024 name "Binder:2002_3" vma 7fbba73000
           <...>-2024  [004] ....  4469.194532: do_swap_page: swapin tgid 2002 pid 2024 name "Binder:2002_3" vma 7fbe2f1000
           <...>-2024  [004] ....  4469.194534: do_swap_page: swapin tgid 2002 pid 2024 name "Binder:2002_3" vma 7fbe241000
           <...>-5253  [004] ....  4469.194557: do_swap_page: swapin tgid 1942 pid 5253 name "Binder:1942_B" vma 7fbe241000
           <...>-5253  [004] ....  4469.194603: do_swap_page: swapin tgid 1942 pid 5253 name "Binder:1942_B" vma 7f2d62c000
           <...>-5253  [004] ....  4469.194611: do_swap_page: swapin tgid 1942 pid 5253 name "Binder:1942_B" vma 1455a000
 m.android.phone-1942  [004] ....  4469.194660: do_swap_page: swapin tgid 1942 pid 1942 name "m.android.phone" vma 1447b000
 m.android.phone-1942  [004] ....  4469.194667: do_swap_page: swapin tgid 1942 pid 1942 name "m.android.phone" vma 1445e000
 m.android.phone-1942  [004] ....  4469.194694: do_swap_page: swapin tgid 1942 pid 1942 name "m.android.phone" vma 1445d000
 m.android.phone-1942  [004] ....  4469.194714: do_swap_page: swapin tgid 1942 pid 1942 name "m.android.phone" vma 1450c000
           <...>-3304  [004] ....  4469.194742: do_swap_page: swapin tgid 2244 pid 3304 name "Binder:2244_8" vma 7eaa07c000
           <...>-3304  [004] ....  4469.194749: do_swap_page: swapin tgid 2244 pid 3304 name "Binder:2244_8" vma 7eaf17b000
           <...>-3304  [004] ....  4469.194754: do_swap_page: swapin tgid 2244 pid 3304 name "Binder:2244_8" vma 7fbe180000
           <...>-3304  [004] ....  4469.194765: do_swap_page: swapin tgid 2244 pid 3304 name "Binder:2244_8" vma 7fbe23b000
           <...>-3304  [004] ....  4469.194772: do_swap_page: swapin tgid 2244 pid 3304 name "Binder:2244_8" vma 7f28ac2000
           <...>-3304  [004] ....  4469.194775: do_swap_page: swapin tgid 2244 pid 3304 name "Binder:2244_8" vma 7eaf1d0000
           <...>-3304  [004] ....  4469.194780: do_swap_page: swapin tgid 2244 pid 3304 name "Binder:2244_8" vma 7fbba73000
           <...>-3304  [004] ....  4469.194783: do_swap_page: swapin tgid 2244 pid 3304 name "Binder:2244_8" vma 7fbe2f3000
           <...>-3304  [004] ....  4469.194785: do_swap_page: swapin tgid 2244 pid 3304 name "Binder:2244_8" vma 7fbe241000
           <...>-2187  [004] ....  4469.194812: do_swap_page: swapin tgid 1717 pid 2187 name "ScreenDecoratio" vma 7eb75f9000
           <...>-2187  [004] ....  4469.194821: do_swap_page: swapin tgid 1717 pid 2187 name "ScreenDecoratio" vma 7f3127a000
           <...>-2187  [004] ....  4469.194827: do_swap_page: swapin tgid 1717 pid 2187 name "ScreenDecoratio" vma 12d4b000
           <...>-2187  [004] ....  4469.194831: do_swap_page: swapin tgid 1717 pid 2187 name "ScreenDecoratio" vma 13d3b000
           <...>-2187  [004] ....  4469.194836: do_swap_page: swapin tgid 1717 pid 2187 name "ScreenDecoratio" vma 13d3a000
           <...>-2187  [004] ....  4469.194849: do_swap_page: swapin tgid 1717 pid 2187 name "ScreenDecoratio" vma 7ec0415000
           <...>-2187  [004] ....  4469.194851: do_swap_page: swapin tgid 1717 pid 2187 name "ScreenDecoratio" vma 7ec0416000
           <...>-2187  [004] ....  4469.194856: do_swap_page: swapin tgid 1717 pid 2187 name "ScreenDecoratio" vma 7f28f1d000
           <...>-2187  [004] ....  4469.194861: do_swap_page: swapin tgid 1717 pid 2187 name "ScreenDecoratio" vma 7f2d148000
           <...>-2187  [004] ....  4469.194864: do_swap_page: swapin tgid 1717 pid 2187 name "ScreenDecoratio" vma 7ec04f0000
           <...>-2187  [004] ....  4469.194872: do_swap_page: swapin tgid 1717 pid 2187 name "ScreenDecoratio" vma 7f28f1c000
   Binder:2031_5-2555  [004] ....  4469.194896: do_swap_page: swapin tgid 2031 pid 2555 name "Binder:2031_5" vma 7fbe241000
   Binder:2031_5-2555  [004] ....  4469.194903: do_swap_page: swapin tgid 2031 pid 2555 name "Binder:2031_5" vma 7f2d66b000
   Binder:2031_5-2555  [004] ....  4469.194905: do_swap_page: swapin tgid 2031 pid 2555 name "Binder:2031_5" vma 7f2d61a000
   Binder:2031_5-2555  [004] ....  4469.194909: do_swap_page: swapin tgid 2031 pid 2555 name "Binder:2031_5" vma 7f2d66c000
   Binder:2031_5-2555  [004] ....  4469.194913: do_swap_page: swapin tgid 2031 pid 2555 name "Binder:2031_5" vma 7eca5d2000
   Binder:2031_5-2555  [004] ....  4469.194916: do_swap_page: swapin tgid 2031 pid 2555 name "Binder:2031_5" vma 12ec9000
   Binder:2031_5-2555  [004] ....  4469.194919: do_swap_page: swapin tgid 2031 pid 2555 name "Binder:2031_5" vma 12f8c000
   Binder:2031_5-2555  [004] ....  4469.194945: do_swap_page: swapin tgid 2031 pid 2555 name "Binder:2031_5" vma 7f31435000
   Binder:2031_5-2555  [004] ....  4469.194949: do_swap_page: swapin tgid 2031 pid 2555 name "Binder:2031_5" vma 7eca5d3000
   Binder:2031_5-2555  [004] ....  4469.194951: do_swap_page: swapin tgid 2031 pid 2555 name "Binder:2031_5" vma 12cc4000
   Binder:2031_5-2555  [004] ....  4469.194955: do_swap_page: swapin tgid 2031 pid 2555 name "Binder:2031_5" vma 13c18000
   Binder:2031_5-2555  [004] ....  4469.194960: do_swap_page: swapin tgid 2031 pid 2555 name "Binder:2031_5" vma 7ed0df1000
   Binder:2031_5-2555  [004] ....  4469.194962: do_swap_page: swapin tgid 2031 pid 2555 name "Binder:2031_5" vma 7ed0df2000
   Binder:2031_5-2555  [004] ....  4469.194965: do_swap_page: swapin tgid 2031 pid 2555 name "Binder:2031_5" vma 7f2d678000
   Binder:2031_5-2555  [004] ....  4469.194967: do_swap_page: swapin tgid 2031 pid 2555 name "Binder:2031_5" vma 7f2d61e000
   Binder:2031_5-2555  [004] ....  4469.194974: do_swap_page: swapin tgid 2031 pid 2555 name "Binder:2031_5" vma 7f2d16b000
   Binder:2031_5-2555  [004] ....  4469.194979: do_swap_page: swapin tgid 2031 pid 2555 name "Binder:2031_5" vma 12eca000
   Binder:2031_5-2555  [004] ....  4469.194984: do_swap_page: swapin tgid 2031 pid 2555 name "Binder:2031_5" vma 1327f000
   Binder:2031_5-2555  [004] ....  4469.194989: do_swap_page: swapin tgid 2031 pid 2555 name "Binder:2031_5" vma 7fbe25e000
   Binder:2031_5-2555  [004] ....  4469.194996: do_swap_page: swapin tgid 2031 pid 2555 name "Binder:2031_5" vma 7f2d670000
           <...>-2068  [004] ....  4469.195046: do_swap_page: swapin tgid 2031 pid 2068 name "UiThreadHelper" vma 7ed0bf2000
           <...>-2068  [004] ....  4469.195056: do_swap_page: swapin tgid 2031 pid 2068 name "UiThreadHelper" vma 7ed0bf3000
 m.android.phone-1942  [004] ....  4469.195080: do_swap_page: swapin tgid 1942 pid 1942 name "m.android.phone" vma 1450c000
 m.android.phone-1942  [004] ....  4469.195095: do_swap_page: swapin tgid 1942 pid 1942 name "m.android.phone" vma 7f28b2c000
 m.android.phone-1942  [004] ....  4469.195100: do_swap_page: swapin tgid 1942 pid 1942 name "m.android.phone" vma 7f2d145000
           <...>-1622  [004] ....  4469.195129: do_swap_page: swapin tgid 1333 pid 1622 name "AudioService" vma 7e867af000
           <...>-1622  [004] ....  4469.195136: do_swap_page: swapin tgid 1333 pid 1622 name "AudioService" vma 13fee000
           <...>-1622  [004] ....  4469.195142: do_swap_page: swapin tgid 1333 pid 1622 name "AudioService" vma 7f2da6b000
           <...>-1622  [004] ....  4469.195147: do_swap_page: swapin tgid 1333 pid 1622 name "AudioService" vma 1414c000
           <...>-1622  [004] ....  4469.195151: do_swap_page: swapin tgid 1333 pid 1622 name "AudioService" vma 9daa5000
           <...>-1946  [004] ....  4469.195174: do_swap_page: swapin tgid 1926 pid 1946 name "Binder:1926_1" vma 7f28ac2000
           <...>-1946  [004] ....  4469.195179: do_swap_page: swapin tgid 1926 pid 1946 name "Binder:1926_1" vma 7fbe2fc000
           <...>-1946  [004] ....  4469.195194: do_swap_page: swapin tgid 1926 pid 1946 name "Binder:1926_1" vma 7fbba73000
           <...>-1854  [004] ....  4469.195220: do_swap_page: swapin tgid 1830 pid 1854 name "Binder:1830_2" vma 7fbe241000
           <...>-1854  [004] ....  4469.195226: do_swap_page: swapin tgid 1830 pid 1854 name "Binder:1830_2" vma 7fbe1e9000
           <...>-1854  [004] ....  4469.195230: do_swap_page: swapin tgid 1830 pid 1854 name "Binder:1830_2" vma 7f393f4000
           <...>-2068  [004] ....  4469.195277: do_swap_page: swapin tgid 2031 pid 2068 name "UiThreadHelper" vma 7ed0bf3000
           <...>-2068  [004] ....  4469.195284: do_swap_page: swapin tgid 2031 pid 2068 name "UiThreadHelper" vma 7f28bcf000
           <...>-2068  [004] ....  4469.195291: do_swap_page: swapin tgid 2031 pid 2068 name "UiThreadHelper" vma 7f28b19000
           <...>-2068  [004] ....  4469.195296: do_swap_page: swapin tgid 2031 pid 2068 name "UiThreadHelper" vma 7ed0bf1000
           <...>-2068  [004] ....  4469.195302: do_swap_page: swapin tgid 2031 pid 2068 name "UiThreadHelper" vma 12f8d000
           <...>-2068  [004] ....  4469.195305: do_swap_page: swapin tgid 2031 pid 2068 name "UiThreadHelper" vma 7f31571000
           <...>-2068  [004] ....  4469.195308: do_swap_page: swapin tgid 2031 pid 2068 name "UiThreadHelper" vma 12c82000
           <...>-2068  [004] ....  4469.195312: do_swap_page: swapin tgid 2031 pid 2068 name "UiThreadHelper" vma 9d881000
           <...>-2024  [004] ....  4469.195351: do_swap_page: swapin tgid 2002 pid 2024 name "Binder:2002_3" vma 7fbe241000
           <...>-2024  [004] ....  4469.195358: do_swap_page: swapin tgid 2002 pid 2024 name "Binder:2002_3" vma 7fbe1e9000
           <...>-3304  [004] ....  4469.195405: do_swap_page: swapin tgid 2244 pid 3304 name "Binder:2244_8" vma 7fbe241000
           <...>-3304  [004] ....  4469.195411: do_swap_page: swapin tgid 2244 pid 3304 name "Binder:2244_8" vma 7fbe1e9000
           <...>-3304  [004] ....  4469.195416: do_swap_page: swapin tgid 2244 pid 3304 name "Binder:2244_8" vma 7f393f4000
           <...>-2068  [004] ....  4469.195467: do_swap_page: swapin tgid 2031 pid 2068 name "UiThreadHelper" vma 9d881000
           <...>-2068  [004] ....  4469.195473: do_swap_page: swapin tgid 2031 pid 2068 name "UiThreadHelper" vma 9d83c000
           <...>-2068  [004] ....  4469.195672: do_swap_page: swapin tgid 2031 pid 2068 name "UiThreadHelper" vma 7f28bb4000
           <...>-2068  [004] ....  4469.195692: do_swap_page: swapin tgid 2031 pid 2068 name "UiThreadHelper" vma 7f28bb5000
           <...>-2068  [004] ....  4469.195695: do_swap_page: swapin tgid 2031 pid 2068 name "UiThreadHelper" vma 7f2d686000
           <...>-2068  [004] ....  4469.195698: do_swap_page: swapin tgid 2031 pid 2068 name "UiThreadHelper" vma 7f2d6ae000
           <...>-2068  [004] ....  4469.195700: do_swap_page: swapin tgid 2031 pid 2068 name "UiThreadHelper" vma 7f2d652000
           <...>-2068  [004] ....  4469.195705: do_swap_page: swapin tgid 2031 pid 2068 name "UiThreadHelper" vma 7f28a0f000
           <...>-2068  [004] ....  4469.195709: do_swap_page: swapin tgid 2031 pid 2068 name "UiThreadHelper" vma 7f2d659000
           <...>-2068  [004] ....  4469.195712: do_swap_page: swapin tgid 2031 pid 2068 name "UiThreadHelper" vma 7f2d654000
           <...>-2068  [004] ....  4469.195715: do_swap_page: swapin tgid 2031 pid 2068 name "UiThreadHelper" vma 12ef3000
           <...>-2068  [004] ....  4469.195722: do_swap_page: swapin tgid 2031 pid 2068 name "UiThreadHelper" vma 7fbe1ca000
           <...>-2068  [004] ....  4469.195724: do_swap_page: swapin tgid 2031 pid 2068 name "UiThreadHelper" vma 7f2d653000
           <...>-12367 [004] ....  4469.195778: do_swap_page: swapin tgid 1333 pid 12367 name "Binder:1333_1A" vma 9da2b000
 m.android.phone-1942  [004] ....  4469.195824: do_swap_page: swapin tgid 1942 pid 1942 name "m.android.phone" vma 7f2d145000
 m.android.phone-1942  [004] ....  4469.195835: do_swap_page: swapin tgid 1942 pid 1942 name "m.android.phone" vma 7f28abe000
 m.android.phone-1942  [004] ....  4469.195839: do_swap_page: swapin tgid 1942 pid 1942 name "m.android.phone" vma 1454f000
           <...>-1622  [004] ....  4469.195866: do_swap_page: swapin tgid 1333 pid 1622 name "AudioService" vma 9daa5000
           <...>-1622  [004] ....  4469.195881: do_swap_page: swapin tgid 1333 pid 1622 name "AudioService" vma 7e867b0000
           <...>-1622  [004] ....  4469.195890: do_swap_page: swapin tgid 1333 pid 1622 name "AudioService" vma 9da9f000
           <...>-12367 [004] ....  4469.195927: do_swap_page: swapin tgid 1333 pid 12367 name "Binder:1333_1A" vma 9da2b000
   system_server-1333  [004] ....  4469.196024: do_swap_page: swapin tgid 1333 pid 1333 name "system_server" vma 9da61000
           <...>-1946  [004] ....  4469.196083: do_swap_page: swapin tgid 1926 pid 1946 name "Binder:1926_1" vma 7fbba73000
           <...>-1946  [004] ....  4469.196091: do_swap_page: swapin tgid 1926 pid 1946 name "Binder:1926_1" vma 7fbe2f1000
           <...>-1946  [004] ....  4469.196094: do_swap_page: swapin tgid 1926 pid 1946 name "Binder:1926_1" vma 7fbe241000
