           <...>-816   [004] ....  8697.331619: do_swap_page: swapin tgid 816 pid 816 name "power@1.3-servi" vma 7fbd211000
           <...>-816   [004] ....  8697.331622: do_swap_page: swapin tgid 816 pid 816 name "power@1.3-servi" vma 7fbb84d000
           <...>-816   [004] ....  8697.331661: do_swap_page: swapin tgid 816 pid 816 name "power@1.3-servi" vma 7fbcfe9000
           <...>-2352  [004] ....  8697.331713: do_swap_page: swapin tgid 816 pid 2352 name "NodeLooperThrea" vma 7fbb7fc000
           <...>-2352  [004] ....  8697.331717: do_swap_page: swapin tgid 816 pid 2352 name "NodeLooperThrea" vma 7fbb7fb000
           <...>-2352  [004] ....  8697.331722: do_swap_page: swapin tgid 816 pid 2352 name "NodeLooperThrea" vma 7fbb83e000
           <...>-2352  [004] ....  8697.331727: do_swap_page: swapin tgid 816 pid 2352 name "NodeLooperThrea" vma 7fbb83d000
           <...>-2353  [004] ....  8697.331758: do_swap_page: swapin tgid 816 pid 2353 name "power@1.3-servi" vma 7fba6ff000
 droid.launcher3-2031  [004] ....  8697.331780: do_swap_page: swapin tgid 2031 pid 2031 name "droid.launcher3" vma 9d78a000
           <...>-816   [004] ....  8697.331814: do_swap_page: swapin tgid 816 pid 816 name "power@1.3-servi" vma 7fbcfe9000
           <...>-2352  [004] ....  8697.331874: do_swap_page: swapin tgid 816 pid 2352 name "NodeLooperThrea" vma 7fbb83d000
           <...>-2352  [004] ....  8697.331886: do_swap_page: swapin tgid 816 pid 2352 name "NodeLooperThrea" vma 7fbb81b000
 droid.launcher3-2031  [004] ....  8697.331916: do_swap_page: swapin tgid 2031 pid 2031 name "droid.launcher3" vma 7fbe170000
 droid.launcher3-2031  [004] ....  8697.331920: do_swap_page: swapin tgid 2031 pid 2031 name "droid.launcher3" vma 7fbe249000
 droid.launcher3-2031  [004] ....  8697.331925: do_swap_page: swapin tgid 2031 pid 2031 name "droid.launcher3" vma 7f289fb000
           <...>-2353  [004] ....  8697.331966: do_swap_page: swapin tgid 816 pid 2353 name "power@1.3-servi" vma 7fba6ff000
           <...>-2353  [004] ....  8697.331972: do_swap_page: swapin tgid 816 pid 2353 name "power@1.3-servi" vma 7fba6fe000
           <...>-2352  [004] ....  8697.332070: do_swap_page: swapin tgid 816 pid 2352 name "NodeLooperThrea" vma 7fbb81b000
           <...>-2352  [004] ....  8697.332215: do_swap_page: swapin tgid 816 pid 2352 name "NodeLooperThrea" vma 7fbb84e000
           <...>-2352  [004] ....  8697.332258: do_swap_page: swapin tgid 816 pid 2352 name "NodeLooperThrea" vma 7fbb81d000
 droid.launcher3-2031  [004] ....  8697.332324: do_swap_page: swapin tgid 2031 pid 2031 name "droid.launcher3" vma 7f289fb000
 droid.launcher3-2031  [004] ....  8697.332338: do_swap_page: swapin tgid 2031 pid 2031 name "droid.launcher3" vma 12f8a000
 droid.launcher3-2031  [004] ....  8697.332342: do_swap_page: swapin tgid 2031 pid 2031 name "droid.launcher3" vma 12ed6000
 droid.launcher3-2031  [004] ....  8697.332344: do_swap_page: swapin tgid 2031 pid 2031 name "droid.launcher3" vma 9d789000
   system_server-1333  [004] ....  8697.332372: do_swap_page: swapin tgid 1333 pid 1333 name "system_server" vma 9d994000
 android.display-1358  [004] ....  8697.332404: do_swap_page: swapin tgid 1333 pid 1358 name "android.display" vma 9d9fe000
           <...>-2352  [004] ....  8697.332432: do_swap_page: swapin tgid 816 pid 2352 name "NodeLooperThrea" vma 7fbb81d000
           <...>-2352  [004] ....  8697.332563: do_swap_page: swapin tgid 816 pid 2352 name "NodeLooperThrea" vma 7fbb85b000
 android.display-1358  [004] ....  8697.332607: do_swap_page: swapin tgid 1333 pid 1358 name "android.display" vma 9d82a000
 android.display-1358  [004] ....  8697.332615: do_swap_page: swapin tgid 1333 pid 1358 name "android.display" vma 146f9000
 android.display-1358  [004] ....  8697.332620: do_swap_page: swapin tgid 1333 pid 1358 name "android.display" vma 13deb000
 android.display-1358  [004] ....  8697.332623: do_swap_page: swapin tgid 1333 pid 1358 name "android.display" vma 9d78e000
 android.display-1358  [004] ....  8697.332625: do_swap_page: swapin tgid 1333 pid 1358 name "android.display" vma 9da42000
 droid.launcher3-2031  [004] ....  8697.332651: do_swap_page: swapin tgid 2031 pid 2031 name "droid.launcher3" vma 9d789000
 droid.launcher3-2031  [004] ....  8697.332658: do_swap_page: swapin tgid 2031 pid 2031 name "droid.launcher3" vma 9d886000
           <...>-1356  [004] ....  8697.332686: do_swap_page: swapin tgid 1333 pid 1356 name "android.ui" vma 9d8f3000
           <...>-1356  [004] ....  8697.332693: do_swap_page: swapin tgid 1333 pid 1356 name "android.ui" vma 9da67000
           <...>-2352  [004] ....  8697.332726: do_swap_page: swapin tgid 816 pid 2352 name "NodeLooperThrea" vma 7fbb85b000
 android.display-1358  [004] ....  8697.332840: do_swap_page: swapin tgid 1333 pid 1358 name "android.display" vma 9da42000
           <...>-2352  [004] ....  8697.333055: do_swap_page: swapin tgid 816 pid 2352 name "NodeLooperThrea" vma 7fbd26b000
           <...>-2352  [004] ....  8697.333060: do_swap_page: swapin tgid 816 pid 2352 name "NodeLooperThrea" vma 7fbd26c000
           <...>-2352  [004] ....  8697.333066: do_swap_page: swapin tgid 816 pid 2352 name "NodeLooperThrea" vma 7fbd240000
           <...>-2352  [004] ....  8697.333070: do_swap_page: swapin tgid 816 pid 2352 name "NodeLooperThrea" vma 7fbd921000
           <...>-2352  [004] ....  8697.333079: do_swap_page: swapin tgid 816 pid 2352 name "NodeLooperThrea" vma 7fbd20a000
           <...>-2352  [004] ....  8697.333082: do_swap_page: swapin tgid 816 pid 2352 name "NodeLooperThrea" vma 7fbd20e000
           <...>-2352  [004] ....  8697.333084: do_swap_page: swapin tgid 816 pid 2352 name "NodeLooperThrea" vma 7fbd920000
 android.display-1358  [004] ....  8697.333109: do_swap_page: swapin tgid 1333 pid 1358 name "android.display" vma 9da43000
 droid.launcher3-2031  [004] ....  8697.333135: do_swap_page: swapin tgid 2031 pid 2031 name "droid.launcher3" vma 9d886000
 droid.launcher3-2031  [004] ....  8697.333141: do_swap_page: swapin tgid 2031 pid 2031 name "droid.launcher3" vma 9d897000
           <...>-1356  [004] ....  8697.333166: do_swap_page: swapin tgid 1333 pid 1356 name "android.ui" vma 9da67000
           <...>-1356  [004] ....  8697.333172: do_swap_page: swapin tgid 1333 pid 1356 name "android.ui" vma 13fd8000
           <...>-1356  [004] ....  8697.333175: do_swap_page: swapin tgid 1333 pid 1356 name "android.ui" vma 9d819000
           <...>-1356  [004] ....  8697.333177: do_swap_page: swapin tgid 1333 pid 1356 name "android.ui" vma 9da93000
 ndroid.systemui-1717  [004] ....  8697.333203: do_swap_page: swapin tgid 1717 pid 1717 name "ndroid.systemui" vma 9d982000
           <...>-2352  [004] ....  8697.333257: do_swap_page: swapin tgid 816 pid 2352 name "NodeLooperThrea" vma 7fbd920000
           <...>-2352  [004] ....  8697.333268: do_swap_page: swapin tgid 816 pid 2352 name "NodeLooperThrea" vma 7fbb7fa000
           <...>-2352  [004] ....  8697.333274: do_swap_page: swapin tgid 816 pid 2352 name "NodeLooperThrea" vma 7fbd212000
           <...>-2352  [004] ....  8697.333277: do_swap_page: swapin tgid 816 pid 2352 name "NodeLooperThrea" vma 7fbe1f0000
 ndroid.systemui-1717  [004] .n..  8697.333367: do_swap_page: swapin tgid 1717 pid 1717 name "ndroid.systemui" vma 9d9b5000
 droid.launcher3-2031  [004] ....  8697.333397: do_swap_page: swapin tgid 2031 pid 2031 name "droid.launcher3" vma 9d897000
 droid.launcher3-2031  [004] ....  8697.333402: do_swap_page: swapin tgid 2031 pid 2031 name "droid.launcher3" vma 9d891000
           <...>-2352  [004] ....  8697.333434: do_swap_page: swapin tgid 816 pid 2352 name "NodeLooperThrea" vma 7fbe1f0000
           <...>-2352  [004] ....  8697.333450: do_swap_page: swapin tgid 816 pid 2352 name "NodeLooperThrea" vma 7fbf5e3000
 android.display-1358  [004] ....  8697.333490: do_swap_page: swapin tgid 1333 pid 1358 name "android.display" vma 9da43000
 android.display-1358  [004] ....  8697.333500: do_swap_page: swapin tgid 1333 pid 1358 name "android.display" vma 140a1000
 android.display-1358  [004] ....  8697.333519: do_swap_page: swapin tgid 1333 pid 1358 name "android.display" vma 7f2d669000
 android.display-1358  [004] ....  8697.333529: do_swap_page: swapin tgid 1333 pid 1358 name "android.display" vma 7f2d6af000
 android.display-1358  [004] ....  8697.333531: do_swap_page: swapin tgid 1333 pid 1358 name "android.display" vma 7f28b1d000
 android.display-1358  [004] ....  8697.333534: do_swap_page: swapin tgid 1333 pid 1358 name "android.display" vma 7f28b1e000
 InputDispatcher-1448  [004] ....  8697.333551: do_swap_page: swapin tgid 1333 pid 1448 name "InputDispatcher" vma 7e86881000
           <...>-2352  [004] ....  8697.333603: do_swap_page: swapin tgid 816 pid 2352 name "NodeLooperThrea" vma 7fbf5e3000
           <...>-2352  [004] ....  8697.333615: do_swap_page: swapin tgid 816 pid 2352 name "NodeLooperThrea" vma 7fbe196000
           <...>-1356  [004] ....  8697.333718: do_swap_page: swapin tgid 1333 pid 1356 name "android.ui" vma 9da93000
           <...>-1356  [004] ....  8697.333723: do_swap_page: swapin tgid 1333 pid 1356 name "android.ui" vma 9d95c000
     logd.writer-572   [004] ....  8697.333787: do_swap_page: swapin tgid 556 pid 572 name "logd.writer" vma 7fbbe74000
     logd.writer-572   [004] ....  8697.333793: do_swap_page: swapin tgid 556 pid 572 name "logd.writer" vma 7fbbe61000
 droid.launcher3-2031  [004] ....  8697.333826: do_swap_page: swapin tgid 2031 pid 2031 name "droid.launcher3" vma 9d891000
 droid.launcher3-2031  [004] ....  8697.333835: do_swap_page: swapin tgid 2031 pid 2031 name "droid.launcher3" vma 12f89000
 droid.launcher3-2031  [004] ....  8697.333862: do_swap_page: swapin tgid 2031 pid 2031 name "droid.launcher3" vma 12f90000
 droid.launcher3-2031  [004] ....  8697.333867: do_swap_page: swapin tgid 2031 pid 2031 name "droid.launcher3" vma 7ed0e0e000
 droid.launcher3-2031  [004] ....  8697.333888: do_swap_page: swapin tgid 2031 pid 2031 name "droid.launcher3" vma 7f28b5d000
 droid.launcher3-2031  [004] ....  8697.333899: do_swap_page: swapin tgid 2031 pid 2031 name "droid.launcher3" vma 7ed0e0f000
 droid.launcher3-2031  [004] ....  8697.333903: do_swap_page: swapin tgid 2031 pid 2031 name "droid.launcher3" vma 12ec3000
 droid.launcher3-2031  [004] ....  8697.333905: do_swap_page: swapin tgid 2031 pid 2031 name "droid.launcher3" vma 9d752000
           <...>-1356  [004] ....  8697.333930: do_swap_page: swapin tgid 1333 pid 1356 name "android.ui" vma 9d95c000
           <...>-1356  [004] ....  8697.333937: do_swap_page: swapin tgid 1333 pid 1356 name "android.ui" vma 9d782000
           <...>-1356  [004] ....  8697.333954: do_swap_page: swapin tgid 1333 pid 1356 name "android.ui" vma 7f2d6c6000
           <...>-1356  [004] ....  8697.333957: do_swap_page: swapin tgid 1333 pid 1356 name "android.ui" vma 7f2d677000
           <...>-1356  [004] ....  8697.333995: do_swap_page: swapin tgid 1333 pid 1356 name "android.ui" vma 9d83d000
           <...>-1356  [004] ....  8697.334000: do_swap_page: swapin tgid 1333 pid 1356 name "android.ui" vma 7f2afa4000
 droid.launcher3-2031  [004] ....  8697.334081: do_swap_page: swapin tgid 2031 pid 2031 name "droid.launcher3" vma 9d752000
 droid.launcher3-2031  [004] ....  8697.334087: do_swap_page: swapin tgid 2031 pid 2031 name "droid.launcher3" vma 7fbe264000
 droid.launcher3-2031  [004] ....  8697.334091: do_swap_page: swapin tgid 2031 pid 2031 name "droid.launcher3" vma 9d753000
  HwBinder:604_1-636   [004] ....  8697.334142: do_swap_page: swapin tgid 604 pid 636 name "HwBinder:604_1" vma 7fbce09000
  HwBinder:604_1-636   [004] ....  8697.334361: do_swap_page: swapin tgid 604 pid 636 name "HwBinder:604_1" vma 7fbce49000
  HwBinder:604_1-636   [004] ....  8697.334371: do_swap_page: swapin tgid 604 pid 636 name "HwBinder:604_1" vma 7fbce22000
  HwBinder:604_1-636   [004] ....  8697.334377: do_swap_page: swapin tgid 604 pid 636 name "HwBinder:604_1" vma 7fbce78000
  HwBinder:604_1-636   [004] ....  8697.334386: do_swap_page: swapin tgid 604 pid 636 name "HwBinder:604_1" vma 7fbcbe7000
 droid.launcher3-2031  [004] ....  8697.334437: do_swap_page: swapin tgid 2031 pid 2031 name "droid.launcher3" vma 9d753000
 droid.launcher3-2031  [004] ....  8697.334449: do_swap_page: swapin tgid 2031 pid 2031 name "droid.launcher3" vma 9d76b000
           <...>-1356  [004] ....  8697.334516: do_swap_page: swapin tgid 1333 pid 1356 name "android.ui" vma 7f2afa4000
           <...>-1356  [004] ....  8697.334526: do_swap_page: swapin tgid 1333 pid 1356 name "android.ui" vma 9da98000
 ndroid.systemui-1717  [004] ....  8697.334552: do_swap_page: swapin tgid 1717 pid 1717 name "ndroid.systemui" vma 9d9b5000
 droid.launcher3-2031  [004] ....  8697.334575: do_swap_page: swapin tgid 2031 pid 2031 name "droid.launcher3" vma 9d76b000
 droid.launcher3-2031  [004] ....  8697.334581: do_swap_page: swapin tgid 2031 pid 2031 name "droid.launcher3" vma 12f9f000
 droid.launcher3-2031  [004] ....  8697.334585: do_swap_page: swapin tgid 2031 pid 2031 name "droid.launcher3" vma 9d754000
  HwBinder:604_1-636   [004] ....  8697.334623: do_swap_page: swapin tgid 604 pid 636 name "HwBinder:604_1" vma 7fbcbe7000
  HwBinder:604_1-636   [004] ....  8697.334633: do_swap_page: swapin tgid 604 pid 636 name "HwBinder:604_1" vma 7fbce33000
  HwBinder:604_1-636   [004] ....  8697.334643: do_swap_page: swapin tgid 604 pid 636 name "HwBinder:604_1" vma 7fb5e51000
  HwBinder:604_1-636   [004] ....  8697.334661: do_swap_page: swapin tgid 604 pid 636 name "HwBinder:604_1" vma 7fbcbaf000
 ndroid.systemui-1717  [004] ....  8697.334705: do_swap_page: swapin tgid 1717 pid 1717 name "ndroid.systemui" vma 9d979000
           <...>-1356  [004] ....  8697.334742: do_swap_page: swapin tgid 1333 pid 1356 name "android.ui" vma 9da98000
           <...>-1356  [004] ....  8697.334750: do_swap_page: swapin tgid 1333 pid 1356 name "android.ui" vma 9d7ed000
           <...>-1356  [004] ....  8697.334752: do_swap_page: swapin tgid 1333 pid 1356 name "android.ui" vma 9d925000
  HwBinder:604_1-636   [004] ....  8697.334787: do_swap_page: swapin tgid 604 pid 636 name "HwBinder:604_1" vma 7fbcbaf000
  HwBinder:604_1-636   [004] ....  8697.334802: do_swap_page: swapin tgid 604 pid 636 name "HwBinder:604_1" vma 7fbce32000
 droid.launcher3-2031  [004] ....  8697.334849: do_swap_page: swapin tgid 2031 pid 2031 name "droid.launcher3" vma 9d754000
 droid.launcher3-2031  [004] ....  8697.334855: do_swap_page: swapin tgid 2031 pid 2031 name "droid.launcher3" vma 7ed0e0d000
 droid.launcher3-2031  [004] ....  8697.334857: do_swap_page: swapin tgid 2031 pid 2031 name "droid.launcher3" vma 9d76c000
     logd.writer-572   [004] ....  8697.334889: do_swap_page: swapin tgid 556 pid 572 name "logd.writer" vma 7fbbe61000
     logd.writer-572   [004] ....  8697.334897: do_swap_page: swapin tgid 556 pid 572 name "logd.writer" vma 7fbbe8d000
  HwBinder:604_1-636   [004] ....  8697.334966: do_swap_page: swapin tgid 604 pid 636 name "HwBinder:604_1" vma 7fbce32000
  HwBinder:604_1-636   [004] ....  8697.335001: do_swap_page: swapin tgid 604 pid 636 name "HwBinder:604_1" vma 7fbce96000
 droid.launcher3-2031  [004] ....  8697.335046: do_swap_page: swapin tgid 2031 pid 2031 name "droid.launcher3" vma 9d76c000
 droid.launcher3-2031  [004] ....  8697.335053: do_swap_page: swapin tgid 2031 pid 2031 name "droid.launcher3" vma 9d85a000
 droid.launcher3-2031  [004] ....  8697.335059: do_swap_page: swapin tgid 2031 pid 2031 name "droid.launcher3" vma 7f2ddab000
  HwBinder:604_1-636   [004] ....  8697.335134: do_swap_page: swapin tgid 604 pid 636 name "HwBinder:604_1" vma 7fbce96000
  HwBinder:604_1-636   [004] ....  8697.335150: do_swap_page: swapin tgid 604 pid 636 name "HwBinder:604_1" vma 7fbce93000
  HwBinder:604_1-636   [004] ....  8697.335154: do_swap_page: swapin tgid 604 pid 636 name "HwBinder:604_1" vma 7fbce0e000
  HwBinder:604_1-636   [004] ....  8697.335160: do_swap_page: swapin tgid 604 pid 636 name "HwBinder:604_1" vma 7fb6039000
  HwBinder:604_1-636   [004] ....  8697.335365: do_swap_page: swapin tgid 604 pid 636 name "HwBinder:604_1" vma 7fb6039000
  HwBinder:604_1-636   [004] ....  8697.335371: do_swap_page: swapin tgid 604 pid 636 name "HwBinder:604_1" vma 7fbce72000
  HwBinder:604_1-636   [004] ....  8697.335374: do_swap_page: swapin tgid 604 pid 636 name "HwBinder:604_1" vma 7fbce73000
  HwBinder:604_1-636   [004] ....  8697.335413: do_swap_page: swapin tgid 604 pid 636 name "HwBinder:604_1" vma 7fbd77b000
  HwBinder:604_1-636   [004] ....  8697.335664: do_swap_page: swapin tgid 604 pid 636 name "HwBinder:604_1" vma 7fbce57000
  HwBinder:604_1-636   [004] ....  8697.335684: do_swap_page: swapin tgid 604 pid 636 name "HwBinder:604_1" vma 7fbe29e000
  HwBinder:604_1-636   [004] ....  8697.335688: do_swap_page: swapin tgid 604 pid 636 name "HwBinder:604_1" vma 7fbe29f000
  HwBinder:604_1-636   [004] ....  8697.335690: do_swap_page: swapin tgid 604 pid 636 name "HwBinder:604_1" vma 7fbe2a0000
  HwBinder:604_1-636   [004] ....  8697.335696: do_swap_page: swapin tgid 604 pid 636 name "HwBinder:604_1" vma 7fbe2a1000
  HwBinder:604_1-636   [004] ....  8697.335698: do_swap_page: swapin tgid 604 pid 636 name "HwBinder:604_1" vma 7fbe2a2000
  HwBinder:604_1-636   [004] ....  8697.335700: do_swap_page: swapin tgid 604 pid 636 name "HwBinder:604_1" vma 7fbe2a3000
  HwBinder:604_1-636   [004] ....  8697.335702: do_swap_page: swapin tgid 604 pid 636 name "HwBinder:604_1" vma 7fbe2a4000
  HwBinder:604_1-636   [004] ....  8697.335705: do_swap_page: swapin tgid 604 pid 636 name "HwBinder:604_1" vma 7fbe2a5000
  HwBinder:604_1-636   [004] ....  8697.335707: do_swap_page: swapin tgid 604 pid 636 name "HwBinder:604_1" vma 7fbe2a6000
  HwBinder:604_1-636   [004] ....  8697.335710: do_swap_page: swapin tgid 604 pid 636 name "HwBinder:604_1" vma 7fbe2a7000
  HwBinder:604_1-636   [004] ....  8697.335712: do_swap_page: swapin tgid 604 pid 636 name "HwBinder:604_1" vma 7fbe2a8000
  HwBinder:604_1-636   [004] ....  8697.335714: do_swap_page: swapin tgid 604 pid 636 name "HwBinder:604_1" vma 7fbe2a9000
  HwBinder:604_1-636   [004] ....  8697.335716: do_swap_page: swapin tgid 604 pid 636 name "HwBinder:604_1" vma 7fbe2aa000
  HwBinder:604_1-636   [004] ....  8697.335718: do_swap_page: swapin tgid 604 pid 636 name "HwBinder:604_1" vma 7fbe2ab000
  HwBinder:604_1-636   [004] ....  8697.335721: do_swap_page: swapin tgid 604 pid 636 name "HwBinder:604_1" vma 7fbe2ac000
  HwBinder:604_1-636   [004] ....  8697.335722: do_swap_page: swapin tgid 604 pid 636 name "HwBinder:604_1" vma 7fbe2ad000
  HwBinder:604_1-636   [004] ....  8697.335725: do_swap_page: swapin tgid 604 pid 636 name "HwBinder:604_1" vma 7fbe2ae000
  HwBinder:604_1-636   [004] ....  8697.335727: do_swap_page: swapin tgid 604 pid 636 name "HwBinder:604_1" vma 7fbe2af000
  HwBinder:604_1-636   [004] ....  8697.335737: do_swap_page: swapin tgid 604 pid 636 name "HwBinder:604_1" vma 7fbe2b0000
  HwBinder:604_1-636   [004] ....  8697.335739: do_swap_page: swapin tgid 604 pid 636 name "HwBinder:604_1" vma 7fbe2b1000
  HwBinder:604_1-636   [004] ....  8697.335741: do_swap_page: swapin tgid 604 pid 636 name "HwBinder:604_1" vma 7fbe2b2000
  HwBinder:604_1-636   [004] ....  8697.335743: do_swap_page: swapin tgid 604 pid 636 name "HwBinder:604_1" vma 7fbe2b3000
  HwBinder:604_1-636   [004] ....  8697.335745: do_swap_page: swapin tgid 604 pid 636 name "HwBinder:604_1" vma 7fbe2b4000
  HwBinder:604_1-636   [004] ....  8697.335747: do_swap_page: swapin tgid 604 pid 636 name "HwBinder:604_1" vma 7fbe2b5000
  HwBinder:604_1-636   [004] ....  8697.335749: do_swap_page: swapin tgid 604 pid 636 name "HwBinder:604_1" vma 7fbe2b6000
  HwBinder:604_1-636   [004] ....  8697.335751: do_swap_page: swapin tgid 604 pid 636 name "HwBinder:604_1" vma 7fbe2b7000
  HwBinder:604_1-636   [004] ....  8697.335753: do_swap_page: swapin tgid 604 pid 636 name "HwBinder:604_1" vma 7fbe2b8000
  HwBinder:604_1-636   [004] ....  8697.335755: do_swap_page: swapin tgid 604 pid 636 name "HwBinder:604_1" vma 7fbe2b9000
  HwBinder:604_1-636   [004] ....  8697.335757: do_swap_page: swapin tgid 604 pid 636 name "HwBinder:604_1" vma 7fbe2ba000
  HwBinder:604_1-636   [004] ....  8697.335773: do_swap_page: swapin tgid 604 pid 636 name "HwBinder:604_1" vma 7fbced1000
  HwBinder:604_1-636   [004] ....  8697.335777: do_swap_page: swapin tgid 604 pid 636 name "HwBinder:604_1" vma 7fbced3000
  HwBinder:604_1-636   [004] ....  8697.335790: do_swap_page: swapin tgid 604 pid 636 name "HwBinder:604_1" vma 7fbcedc000
  HwBinder:604_1-636   [004] ....  8697.335793: do_swap_page: swapin tgid 604 pid 636 name "HwBinder:604_1" vma 7fbcedd000
  HwBinder:604_1-636   [004] ....  8697.335795: do_swap_page: swapin tgid 604 pid 636 name "HwBinder:604_1" vma 7fbcede000
  HwBinder:604_1-636   [004] ....  8697.335797: do_swap_page: swapin tgid 604 pid 636 name "HwBinder:604_1" vma 7fbcedf000
  HwBinder:604_1-636   [004] ....  8697.335799: do_swap_page: swapin tgid 604 pid 636 name "HwBinder:604_1" vma 7fbcee0000
  HwBinder:604_1-636   [004] ....  8697.335801: do_swap_page: swapin tgid 604 pid 636 name "HwBinder:604_1" vma 7fbcee1000
  HwBinder:604_1-636   [004] ....  8697.335803: do_swap_page: swapin tgid 604 pid 636 name "HwBinder:604_1" vma 7fbcee2000
  HwBinder:604_1-636   [004] ....  8697.335805: do_swap_page: swapin tgid 604 pid 636 name "HwBinder:604_1" vma 7fbcee3000
  HwBinder:604_1-636   [004] ....  8697.335807: do_swap_page: swapin tgid 604 pid 636 name "HwBinder:604_1" vma 7fbcee4000
  HwBinder:604_1-636   [004] ....  8697.335809: do_swap_page: swapin tgid 604 pid 636 name "HwBinder:604_1" vma 7fbcee5000
  HwBinder:604_1-636   [004] ....  8697.335811: do_swap_page: swapin tgid 604 pid 636 name "HwBinder:604_1" vma 7fbcee6000
  HwBinder:604_1-636   [004] ....  8697.335813: do_swap_page: swapin tgid 604 pid 636 name "HwBinder:604_1" vma 7fbcee7000
  HwBinder:604_1-636   [004] ....  8697.335815: do_swap_page: swapin tgid 604 pid 636 name "HwBinder:604_1" vma 7fbcee8000
  HwBinder:604_1-636   [004] ....  8697.335817: do_swap_page: swapin tgid 604 pid 636 name "HwBinder:604_1" vma 7fbcee9000
  HwBinder:604_1-636   [004] ....  8697.335820: do_swap_page: swapin tgid 604 pid 636 name "HwBinder:604_1" vma 7fbceea000
  HwBinder:604_1-636   [004] ....  8697.335822: do_swap_page: swapin tgid 604 pid 636 name "HwBinder:604_1" vma 7fbceeb000
  HwBinder:604_1-636   [004] ....  8697.335824: do_swap_page: swapin tgid 604 pid 636 name "HwBinder:604_1" vma 7fbceec000
  HwBinder:604_1-636   [004] ....  8697.335827: do_swap_page: swapin tgid 604 pid 636 name "HwBinder:604_1" vma 7fbceed000
  HwBinder:604_1-636   [004] ....  8697.335844: do_swap_page: swapin tgid 604 pid 636 name "HwBinder:604_1" vma 7fbf5e4000
 droid.launcher3-2031  [004] ....  8697.335874: do_swap_page: swapin tgid 2031 pid 2031 name "droid.launcher3" vma 7f2ddab000
 droid.launcher3-2031  [004] ....  8697.335880: do_swap_page: swapin tgid 2031 pid 2031 name "droid.launcher3" vma 9d864000
 droid.launcher3-2031  [004] ....  8697.335886: do_swap_page: swapin tgid 2031 pid 2031 name "droid.launcher3" vma 9d76d000
           <...>-1356  [004] ....  8697.335905: do_swap_page: swapin tgid 1333 pid 1356 name "android.ui" vma 9d925000
           <...>-1356  [004] ....  8697.335912: do_swap_page: swapin tgid 1333 pid 1356 name "android.ui" vma 9d7d3000
           <...>-1356  [004] ....  8697.335914: do_swap_page: swapin tgid 1333 pid 1356 name "android.ui" vma 9d902000
 ndroid.systemui-1717  [004] ....  8697.335935: do_swap_page: swapin tgid 1717 pid 1717 name "ndroid.systemui" vma 9d979000
 ndroid.systemui-1717  [004] ....  8697.335953: do_swap_page: swapin tgid 1717 pid 1717 name "ndroid.systemui" vma 7fbe1a4000
 ndroid.systemui-1717  [004] ....  8697.335975: do_swap_page: swapin tgid 1717 pid 1717 name "ndroid.systemui" vma 13689000
 ndroid.systemui-1717  [004] ....  8697.335999: do_swap_page: swapin tgid 1717 pid 1717 name "ndroid.systemui" vma 9d958000
  HwBinder:604_1-636   [004] ....  8697.336034: do_swap_page: swapin tgid 604 pid 636 name "HwBinder:604_1" vma 7fbf5e4000
  HwBinder:604_1-636   [004] ....  8697.336054: do_swap_page: swapin tgid 604 pid 636 name "HwBinder:604_1" vma 7fbe29d000
  HwBinder:604_1-636   [004] ....  8697.336060: do_swap_page: swapin tgid 604 pid 636 name "HwBinder:604_1" vma 7fbe29c000
  HwBinder:604_1-636   [004] ....  8697.336067: do_swap_page: swapin tgid 604 pid 636 name "HwBinder:604_1" vma 7fbb4a8000
  HwBinder:604_1-636   [004] ....  8697.336073: do_swap_page: swapin tgid 604 pid 636 name "HwBinder:604_1" vma 7fbb4c6000
  HwBinder:604_1-636   [004] ....  8697.336076: do_swap_page: swapin tgid 604 pid 636 name "HwBinder:604_1" vma 7fbb4c7000
  HwBinder:604_1-636   [004] ....  8697.336085: do_swap_page: swapin tgid 604 pid 636 name "HwBinder:604_1" vma 7fbb534000
  HwBinder:604_1-636   [004] ....  8697.336088: do_swap_page: swapin tgid 604 pid 636 name "HwBinder:604_1" vma 7fbb535000
  HwBinder:604_1-636   [004] ....  8697.336089: do_swap_page: swapin tgid 604 pid 636 name "HwBinder:604_1" vma 7fbb533000
  HwBinder:604_1-636   [004] ....  8697.336094: do_swap_page: swapin tgid 604 pid 636 name "HwBinder:604_1" vma 7fbb536000
  HwBinder:604_1-636   [004] ....  8697.336134: do_swap_page: swapin tgid 604 pid 636 name "HwBinder:604_1" vma 7fb5eb6000
     logd.writer-572   [004] ....  8697.336246: do_swap_page: swapin tgid 556 pid 572 name "logd.writer" vma 7fbbe0b000
  HwBinder:604_1-636   [004] ....  8697.336335: do_swap_page: swapin tgid 604 pid 636 name "HwBinder:604_1" vma 7fb5eb6000
  HwBinder:604_1-636   [004] ....  8697.336387: do_swap_page: swapin tgid 604 pid 636 name "HwBinder:604_1" vma 7fbce21000
 droid.launcher3-2031  [004] ....  8697.336429: do_swap_page: swapin tgid 2031 pid 2031 name "droid.launcher3" vma 9d76d000
 droid.launcher3-2031  [004] ....  8697.336436: do_swap_page: swapin tgid 2031 pid 2031 name "droid.launcher3" vma 7f2ddac000
           <...>-1356  [004] ....  8697.336478: do_swap_page: swapin tgid 1333 pid 1356 name "android.ui" vma 9d902000
           <...>-1356  [004] ....  8697.336486: do_swap_page: swapin tgid 1333 pid 1356 name "android.ui" vma 9d76a000
           <...>-1356  [004] ....  8697.336490: do_swap_page: swapin tgid 1333 pid 1356 name "android.ui" vma 9da30000
  HwBinder:604_1-636   [004] ....  8697.336534: do_swap_page: swapin tgid 604 pid 636 name "HwBinder:604_1" vma 7fbce21000
  HwBinder:604_1-636   [004] ....  8697.336577: do_swap_page: swapin tgid 604 pid 636 name "HwBinder:604_1" vma 7fbce94000
 ndroid.systemui-1717  [004] ....  8697.336604: do_swap_page: swapin tgid 1717 pid 1717 name "ndroid.systemui" vma 9d958000
 droid.launcher3-2031  [004] ....  8697.336641: do_swap_page: swapin tgid 2031 pid 2031 name "droid.launcher3" vma 7f2ddac000
 droid.launcher3-2031  [004] ....  8697.336646: do_swap_page: swapin tgid 2031 pid 2031 name "droid.launcher3" vma 9d7aa000
 ndroid.systemui-1717  [004] ....  8697.336677: do_swap_page: swapin tgid 1717 pid 1717 name "ndroid.systemui" vma 13453000
 ndroid.systemui-1717  [004] ....  8697.336683: do_swap_page: swapin tgid 1717 pid 1717 name "ndroid.systemui" vma 7eb3eb4000
  HwBinder:604_1-636   [004] ....  8697.336708: do_swap_page: swapin tgid 604 pid 636 name "HwBinder:604_1" vma 7fbce94000
  HwBinder:604_1-636   [004] ....  8697.336718: do_swap_page: swapin tgid 604 pid 636 name "HwBinder:604_1" vma 7fbb495000
  HwBinder:604_1-636   [004] ....  8697.336736: do_swap_page: swapin tgid 604 pid 636 name "HwBinder:604_1" vma 7fbe263000
  HwBinder:604_1-636   [004] ....  8697.336738: do_swap_page: swapin tgid 604 pid 636 name "HwBinder:604_1" vma 7fbe281000
  HwBinder:604_1-636   [004] ....  8697.336743: do_swap_page: swapin tgid 604 pid 636 name "HwBinder:604_1" vma 7fbe282000
  HwBinder:604_1-636   [004] ....  8697.336759: do_swap_page: swapin tgid 604 pid 636 name "HwBinder:604_1" vma 7fbe283000
  HwBinder:604_1-636   [004] ....  8697.336762: do_swap_page: swapin tgid 604 pid 636 name "HwBinder:604_1" vma 7fbe284000
  HwBinder:604_1-636   [004] ....  8697.336764: do_swap_page: swapin tgid 604 pid 636 name "HwBinder:604_1" vma 7fbe285000
  HwBinder:604_1-636   [004] ....  8697.336766: do_swap_page: swapin tgid 604 pid 636 name "HwBinder:604_1" vma 7fbe286000
  HwBinder:604_1-636   [004] ....  8697.336768: do_swap_page: swapin tgid 604 pid 636 name "HwBinder:604_1" vma 7fbe287000
  HwBinder:604_1-636   [004] ....  8697.336770: do_swap_page: swapin tgid 604 pid 636 name "HwBinder:604_1" vma 7fbe288000
  HwBinder:604_1-636   [004] ....  8697.336773: do_swap_page: swapin tgid 604 pid 636 name "HwBinder:604_1" vma 7fbe289000
  HwBinder:604_1-636   [004] ....  8697.336775: do_swap_page: swapin tgid 604 pid 636 name "HwBinder:604_1" vma 7fbe28a000
  HwBinder:604_1-636   [004] ....  8697.336777: do_swap_page: swapin tgid 604 pid 636 name "HwBinder:604_1" vma 7fbe28b000
  HwBinder:604_1-636   [004] ....  8697.336779: do_swap_page: swapin tgid 604 pid 636 name "HwBinder:604_1" vma 7fbe28c000
  HwBinder:604_1-636   [004] ....  8697.336781: do_swap_page: swapin tgid 604 pid 636 name "HwBinder:604_1" vma 7fbe28d000
  HwBinder:604_1-636   [004] ....  8697.336789: do_swap_page: swapin tgid 604 pid 636 name "HwBinder:604_1" vma 7fbe28e000
  HwBinder:604_1-636   [004] ....  8697.336790: do_swap_page: swapin tgid 604 pid 636 name "HwBinder:604_1" vma 7fbe28f000
  HwBinder:604_1-636   [004] ....  8697.336794: do_swap_page: swapin tgid 604 pid 636 name "HwBinder:604_1" vma 7fbe290000
  HwBinder:604_1-636   [004] ....  8697.336796: do_swap_page: swapin tgid 604 pid 636 name "HwBinder:604_1" vma 7fbe291000
  HwBinder:604_1-636   [004] ....  8697.336798: do_swap_page: swapin tgid 604 pid 636 name "HwBinder:604_1" vma 7fbe292000
  HwBinder:604_1-636   [004] ....  8697.336799: do_swap_page: swapin tgid 604 pid 636 name "HwBinder:604_1" vma 7fbe293000
  HwBinder:604_1-636   [004] ....  8697.336801: do_swap_page: swapin tgid 604 pid 636 name "HwBinder:604_1" vma 7fbe294000
  HwBinder:604_1-636   [004] ....  8697.336803: do_swap_page: swapin tgid 604 pid 636 name "HwBinder:604_1" vma 7fbe295000
  HwBinder:604_1-636   [004] ....  8697.336805: do_swap_page: swapin tgid 604 pid 636 name "HwBinder:604_1" vma 7fbe296000
  HwBinder:604_1-636   [004] ....  8697.336807: do_swap_page: swapin tgid 604 pid 636 name "HwBinder:604_1" vma 7fbe297000
  HwBinder:604_1-636   [004] ....  8697.336810: do_swap_page: swapin tgid 604 pid 636 name "HwBinder:604_1" vma 7fbe298000
  HwBinder:604_1-636   [004] ....  8697.336812: do_swap_page: swapin tgid 604 pid 636 name "HwBinder:604_1" vma 7fbe299000
  HwBinder:604_1-636   [004] ....  8697.336814: do_swap_page: swapin tgid 604 pid 636 name "HwBinder:604_1" vma 7fbe29a000
  HwBinder:604_1-636   [004] ....  8697.336816: do_swap_page: swapin tgid 604 pid 636 name "HwBinder:604_1" vma 7fbe29b000
  HwBinder:604_1-636   [004] ....  8697.336820: do_swap_page: swapin tgid 604 pid 636 name "HwBinder:604_1" vma 7fbce56000
  HwBinder:604_1-636   [004] ....  8697.336824: do_swap_page: swapin tgid 604 pid 636 name "HwBinder:604_1" vma 7fbe264000
  HwBinder:604_1-636   [004] ....  8697.336827: do_swap_page: swapin tgid 604 pid 636 name "HwBinder:604_1" vma 7fbe265000
  HwBinder:604_1-636   [004] ....  8697.336829: do_swap_page: swapin tgid 604 pid 636 name "HwBinder:604_1" vma 7fbe266000
  HwBinder:604_1-636   [004] ....  8697.336831: do_swap_page: swapin tgid 604 pid 636 name "HwBinder:604_1" vma 7fbe267000
  HwBinder:604_1-636   [004] ....  8697.336834: do_swap_page: swapin tgid 604 pid 636 name "HwBinder:604_1" vma 7fbe268000
  HwBinder:604_1-636   [004] ....  8697.336836: do_swap_page: swapin tgid 604 pid 636 name "HwBinder:604_1" vma 7fbe269000
  HwBinder:604_1-636   [004] ....  8697.336837: do_swap_page: swapin tgid 604 pid 636 name "HwBinder:604_1" vma 7fbe26a000
  HwBinder:604_1-636   [004] ....  8697.336839: do_swap_page: swapin tgid 604 pid 636 name "HwBinder:604_1" vma 7fbe26b000
  HwBinder:604_1-636   [004] ....  8697.336841: do_swap_page: swapin tgid 604 pid 636 name "HwBinder:604_1" vma 7fbe26c000
  HwBinder:604_1-636   [004] ....  8697.336843: do_swap_page: swapin tgid 604 pid 636 name "HwBinder:604_1" vma 7fbe26d000
  HwBinder:604_1-636   [004] ....  8697.336845: do_swap_page: swapin tgid 604 pid 636 name "HwBinder:604_1" vma 7fbe26e000
  HwBinder:604_1-636   [004] ....  8697.336847: do_swap_page: swapin tgid 604 pid 636 name "HwBinder:604_1" vma 7fbe26f000
  HwBinder:604_1-636   [004] ....  8697.336849: do_swap_page: swapin tgid 604 pid 636 name "HwBinder:604_1" vma 7fbe270000
  HwBinder:604_1-636   [004] ....  8697.336851: do_swap_page: swapin tgid 604 pid 636 name "HwBinder:604_1" vma 7fbe271000
  HwBinder:604_1-636   [004] ....  8697.336853: do_swap_page: swapin tgid 604 pid 636 name "HwBinder:604_1" vma 7fbe272000
  HwBinder:604_1-636   [004] ....  8697.336856: do_swap_page: swapin tgid 604 pid 636 name "HwBinder:604_1" vma 7fbe273000
  HwBinder:604_1-636   [004] ....  8697.336858: do_swap_page: swapin tgid 604 pid 636 name "HwBinder:604_1" vma 7fbe274000
  HwBinder:604_1-636   [004] ....  8697.336860: do_swap_page: swapin tgid 604 pid 636 name "HwBinder:604_1" vma 7fbe275000
  HwBinder:604_1-636   [004] ....  8697.336862: do_swap_page: swapin tgid 604 pid 636 name "HwBinder:604_1" vma 7fbe276000
  HwBinder:604_1-636   [004] ....  8697.336864: do_swap_page: swapin tgid 604 pid 636 name "HwBinder:604_1" vma 7fbe277000
  HwBinder:604_1-636   [004] ....  8697.336866: do_swap_page: swapin tgid 604 pid 636 name "HwBinder:604_1" vma 7fbe278000
  HwBinder:604_1-636   [004] ....  8697.336868: do_swap_page: swapin tgid 604 pid 636 name "HwBinder:604_1" vma 7fbe279000
  HwBinder:604_1-636   [004] ....  8697.336870: do_swap_page: swapin tgid 604 pid 636 name "HwBinder:604_1" vma 7fbe27a000
  HwBinder:604_1-636   [004] ....  8697.336871: do_swap_page: swapin tgid 604 pid 636 name "HwBinder:604_1" vma 7fbe27b000
  HwBinder:604_1-636   [004] ....  8697.336873: do_swap_page: swapin tgid 604 pid 636 name "HwBinder:604_1" vma 7fbe27c000
  HwBinder:604_1-636   [004] ....  8697.336876: do_swap_page: swapin tgid 604 pid 636 name "HwBinder:604_1" vma 7fbe27d000
  HwBinder:604_1-636   [004] ....  8697.336878: do_swap_page: swapin tgid 604 pid 636 name "HwBinder:604_1" vma 7fbe27e000
  HwBinder:604_1-636   [004] ....  8697.336880: do_swap_page: swapin tgid 604 pid 636 name "HwBinder:604_1" vma 7fbe27f000
  HwBinder:604_1-636   [004] ....  8697.336882: do_swap_page: swapin tgid 604 pid 636 name "HwBinder:604_1" vma 7fbe280000
  HwBinder:604_1-636   [004] ....  8697.336890: do_swap_page: swapin tgid 604 pid 636 name "HwBinder:604_1" vma 7fb0d09000
 droid.launcher3-2031  [004] ....  8697.336929: do_swap_page: swapin tgid 2031 pid 2031 name "droid.launcher3" vma 9d7aa000
 droid.launcher3-2031  [004] ....  8697.336935: do_swap_page: swapin tgid 2031 pid 2031 name "droid.launcher3" vma 9d785000
           <...>-1356  [004] ....  8697.336960: do_swap_page: swapin tgid 1333 pid 1356 name "android.ui" vma 9da30000
           <...>-1356  [004] ....  8697.336967: do_swap_page: swapin tgid 1333 pid 1356 name "android.ui" vma 9d83c000
           <...>-1356  [004] ....  8697.336969: do_swap_page: swapin tgid 1333 pid 1356 name "android.ui" vma 9d986000
 ndroid.systemui-1717  [004] ....  8697.336990: do_swap_page: swapin tgid 1717 pid 1717 name "ndroid.systemui" vma 9da35000
     logd.writer-572   [004] ....  8697.337017: do_swap_page: swapin tgid 556 pid 572 name "logd.writer" vma 7fbbe0b000
     logd.writer-572   [004] ....  8697.337024: do_swap_page: swapin tgid 556 pid 572 name "logd.writer" vma 7fb26a3000
 droid.launcher3-2031  [004] ....  8697.337065: do_swap_page: swapin tgid 2031 pid 2031 name "droid.launcher3" vma 9d785000
 droid.launcher3-2031  [004] ....  8697.337071: do_swap_page: swapin tgid 2031 pid 2031 name "droid.launcher3" vma 9d73b000
  HwBinder:604_1-636   [004] ....  8697.337168: do_swap_page: swapin tgid 604 pid 636 name "HwBinder:604_1" vma 7fb0d09000
  HwBinder:604_1-636   [004] ....  8697.337176: do_swap_page: swapin tgid 604 pid 636 name "HwBinder:604_1" vma 7fbe262000
  HwBinder:604_1-636   [004] ....  8697.337178: do_swap_page: swapin tgid 604 pid 636 name "HwBinder:604_1" vma 7fb0d27000
           <...>-1356  [004] ....  8697.337267: do_swap_page: swapin tgid 1333 pid 1356 name "android.ui" vma 9d986000
           <...>-1356  [004] ....  8697.337281: do_swap_page: swapin tgid 1333 pid 1356 name "android.ui" vma 7ecfa45000
           <...>-1356  [004] ....  8697.337316: do_swap_page: swapin tgid 1333 pid 1356 name "android.ui" vma 7f2d667000
  HwBinder:604_1-636   [004] ....  8697.337380: do_swap_page: swapin tgid 604 pid 636 name "HwBinder:604_1" vma 7fb0d27000
  HwBinder:604_1-636   [004] ....  8697.337385: do_swap_page: swapin tgid 604 pid 636 name "HwBinder:604_1" vma 7fbe261000
  HwBinder:604_1-636   [004] ....  8697.337394: do_swap_page: swapin tgid 604 pid 636 name "HwBinder:604_1" vma 7fb0d28000
 droid.launcher3-2031  [004] ....  8697.337419: do_swap_page: swapin tgid 2031 pid 2031 name "droid.launcher3" vma 9d73b000
 droid.launcher3-2031  [004] ....  8697.337424: do_swap_page: swapin tgid 2031 pid 2031 name "droid.launcher3" vma 9d8f7000
 droid.launcher3-2031  [004] ....  8697.337428: do_swap_page: swapin tgid 2031 pid 2031 name "droid.launcher3" vma 9d869000
 ndroid.systemui-1717  [004] ....  8697.337498: do_swap_page: swapin tgid 1717 pid 1717 name "ndroid.systemui" vma 9da35000
  HwBinder:604_1-636   [004] ....  8697.337528: do_swap_page: swapin tgid 604 pid 636 name "HwBinder:604_1" vma 7fb0d28000
  HwBinder:604_1-636   [004] ....  8697.337535: do_swap_page: swapin tgid 604 pid 636 name "HwBinder:604_1" vma 7fb0d45000
 ndroid.systemui-1717  [004] ....  8697.337574: do_swap_page: swapin tgid 1717 pid 1717 name "ndroid.systemui" vma 9d8b9000
 ndroid.systemui-1717  [004] ....  8697.337581: do_swap_page: swapin tgid 1717 pid 1717 name "ndroid.systemui" vma 9da25000
     logd.writer-572   [004] ....  8697.337609: do_swap_page: swapin tgid 556 pid 572 name "logd.writer" vma 7fb26a3000
     logd.writer-572   [004] ....  8697.337617: do_swap_page: swapin tgid 556 pid 572 name "logd.writer" vma 7fbbe41000
     logd.writer-572   [004] ....  8697.337624: do_swap_page: swapin tgid 556 pid 572 name "logd.writer" vma 7fbbe39000
  HwBinder:604_1-636   [004] ....  8697.337717: do_swap_page: swapin tgid 604 pid 636 name "HwBinder:604_1" vma 7fb0d45000
  HwBinder:604_1-636   [004] ....  8697.337725: do_swap_page: swapin tgid 604 pid 636 name "HwBinder:604_1" vma 7fb0d29000
 ndroid.systemui-1717  [004] ....  8697.337809: do_swap_page: swapin tgid 1717 pid 1717 name "ndroid.systemui" vma 9da25000
 ndroid.systemui-1717  [004] ....  8697.337815: do_swap_page: swapin tgid 1717 pid 1717 name "ndroid.systemui" vma 9d969000
 droid.launcher3-2031  [004] ....  8697.337904: do_swap_page: swapin tgid 2031 pid 2031 name "droid.launcher3" vma 9d869000
 droid.launcher3-2031  [004] ....  8697.337912: do_swap_page: swapin tgid 2031 pid 2031 name "droid.launcher3" vma 9d779000
  HwBinder:604_1-636   [004] ....  8697.337952: do_swap_page: swapin tgid 604 pid 636 name "HwBinder:604_1" vma 7fb0d29000
  HwBinder:604_1-636   [004] ....  8697.337966: do_swap_page: swapin tgid 604 pid 636 name "HwBinder:604_1" vma 7fbb4a7000
  HwBinder:604_1-636   [004] ....  8697.337971: do_swap_page: swapin tgid 604 pid 636 name "HwBinder:604_1" vma 7fbb4ad000
  HwBinder:604_1-636   [004] ....  8697.337973: do_swap_page: swapin tgid 604 pid 636 name "HwBinder:604_1" vma 7fbb50b000
  HwBinder:604_1-636   [004] ....  8697.337976: do_swap_page: swapin tgid 604 pid 636 name "HwBinder:604_1" vma 7fbb50c000
  HwBinder:604_1-636   [004] ....  8697.337980: do_swap_page: swapin tgid 604 pid 636 name "HwBinder:604_1" vma 7fbb4ae000
 droid.launcher3-2031  [004] ....  8697.338807: do_swap_page: swapin tgid 2031 pid 2031 name "droid.launcher3" vma 9d779000
 droid.launcher3-2031  [004] ....  8697.338818: do_swap_page: swapin tgid 2031 pid 2031 name "droid.launcher3" vma 9d85e000
 ndroid.systemui-1717  [004] ....  8697.338848: do_swap_page: swapin tgid 1717 pid 1717 name "ndroid.systemui" vma 9d969000
 ndroid.systemui-1717  [004] ....  8697.338855: do_swap_page: swapin tgid 1717 pid 1717 name "ndroid.systemui" vma 9d8da000
 ndroid.systemui-1717  [004] ....  8697.338858: do_swap_page: swapin tgid 1717 pid 1717 name "ndroid.systemui" vma 9d98c000
     logd.writer-572   [004] ....  8697.338892: do_swap_page: swapin tgid 556 pid 572 name "logd.writer" vma 7fbbe39000
 droid.launcher3-2031  [004] ....  8697.338944: do_swap_page: swapin tgid 2031 pid 2031 name "droid.launcher3" vma 9d85e000
 droid.launcher3-2031  [004] ....  8697.338951: do_swap_page: swapin tgid 2031 pid 2031 name "droid.launcher3" vma 9d885000
 ndroid.systemui-1717  [004] ....  8697.339001: do_swap_page: swapin tgid 1717 pid 1717 name "ndroid.systemui" vma 9d98c000
 ndroid.systemui-1717  [004] ....  8697.339009: do_swap_page: swapin tgid 1717 pid 1717 name "ndroid.systemui" vma 9d8b7000
 ndroid.systemui-1717  [004] ....  8697.339011: do_swap_page: swapin tgid 1717 pid 1717 name "ndroid.systemui" vma 9d945000
 droid.launcher3-2031  [004] ....  8697.339107: do_swap_page: swapin tgid 2031 pid 2031 name "droid.launcher3" vma 9d885000
 droid.launcher3-2031  [004] ....  8697.339114: do_swap_page: swapin tgid 2031 pid 2031 name "droid.launcher3" vma 9d866000
 droid.launcher3-2031  [004] ....  8697.339117: do_swap_page: swapin tgid 2031 pid 2031 name "droid.launcher3" vma 9d78b000
 ndroid.systemui-1717  [004] ....  8697.339157: do_swap_page: swapin tgid 1717 pid 1717 name "ndroid.systemui" vma 9d945000
 ndroid.systemui-1717  [004] ....  8697.339163: do_swap_page: swapin tgid 1717 pid 1717 name "ndroid.systemui" vma 9d91c000
 droid.launcher3-2031  [004] ....  8697.339236: do_swap_page: swapin tgid 2031 pid 2031 name "droid.launcher3" vma 9d78b000
 droid.launcher3-2031  [004] ....  8697.339245: do_swap_page: swapin tgid 2031 pid 2031 name "droid.launcher3" vma 12ec6000
 droid.launcher3-2031  [004] ....  8697.339248: do_swap_page: swapin tgid 2031 pid 2031 name "droid.launcher3" vma 9d790000
 ndroid.systemui-1717  [004] ....  8697.339316: do_swap_page: swapin tgid 1717 pid 1717 name "ndroid.systemui" vma 9d91c000
 ndroid.systemui-1717  [004] ....  8697.339323: do_swap_page: swapin tgid 1717 pid 1717 name "ndroid.systemui" vma 9d8a5000
 ndroid.systemui-1717  [004] ....  8697.339325: do_swap_page: swapin tgid 1717 pid 1717 name "ndroid.systemui" vma 9d955000
 droid.launcher3-2031  [004] ....  8697.339368: do_swap_page: swapin tgid 2031 pid 2031 name "droid.launcher3" vma 9d790000
 droid.launcher3-2031  [004] ....  8697.339377: do_swap_page: swapin tgid 2031 pid 2031 name "droid.launcher3" vma 13c36000
 droid.launcher3-2031  [004] ....  8697.339380: do_swap_page: swapin tgid 2031 pid 2031 name "droid.launcher3" vma 9d750000
 ndroid.systemui-1717  [004] ....  8697.339451: do_swap_page: swapin tgid 1717 pid 1717 name "ndroid.systemui" vma 9d955000
 ndroid.systemui-1717  [004] ....  8697.339457: do_swap_page: swapin tgid 1717 pid 1717 name "ndroid.systemui" vma 9d89a000
 ndroid.systemui-1717  [004] ....  8697.339463: do_swap_page: swapin tgid 1717 pid 1717 name "ndroid.systemui" vma 7ead3b2000
 ndroid.systemui-1717  [004] ....  8697.339480: do_swap_page: swapin tgid 1717 pid 1717 name "ndroid.systemui" vma 9d9f5000
 droid.launcher3-2031  [004] ....  8697.339509: do_swap_page: swapin tgid 2031 pid 2031 name "droid.launcher3" vma 9d750000
 droid.launcher3-2031  [004] ....  8697.339514: do_swap_page: swapin tgid 2031 pid 2031 name "droid.launcher3" vma 9d795000
 droid.launcher3-2031  [004] ....  8697.339630: do_swap_page: swapin tgid 2031 pid 2031 name "droid.launcher3" vma 9d795000
 droid.launcher3-2031  [004] ....  8697.339636: do_swap_page: swapin tgid 2031 pid 2031 name "droid.launcher3" vma 12ecc000
 droid.launcher3-2031  [004] ....  8697.339642: do_swap_page: swapin tgid 2031 pid 2031 name "droid.launcher3" vma 9d74c000
 ndroid.systemui-1717  [004] ....  8697.339730: do_swap_page: swapin tgid 1717 pid 1717 name "ndroid.systemui" vma 9d9f5000
 ndroid.systemui-1717  [004] ....  8697.339735: do_swap_page: swapin tgid 1717 pid 1717 name "ndroid.systemui" vma 9d92e000
 droid.launcher3-2031  [004] ....  8697.339769: do_swap_page: swapin tgid 2031 pid 2031 name "droid.launcher3" vma 9d74c000
 droid.launcher3-2031  [004] ....  8697.339775: do_swap_page: swapin tgid 2031 pid 2031 name "droid.launcher3" vma 9d79e000
 droid.launcher3-2031  [004] ....  8697.339962: do_swap_page: swapin tgid 2031 pid 2031 name "droid.launcher3" vma 9d79e000
 droid.launcher3-2031  [004] ....  8697.339967: do_swap_page: swapin tgid 2031 pid 2031 name "droid.launcher3" vma 9d77d000
 ndroid.systemui-1717  [004] ....  8697.340008: do_swap_page: swapin tgid 1717 pid 1717 name "ndroid.systemui" vma 9d92e000
 ndroid.systemui-1717  [004] ....  8697.340014: do_swap_page: swapin tgid 1717 pid 1717 name "ndroid.systemui" vma 9d981000
 droid.launcher3-2031  [004] ....  8697.340089: do_swap_page: swapin tgid 2031 pid 2031 name "droid.launcher3" vma 9d77d000
 droid.launcher3-2031  [004] ....  8697.340094: do_swap_page: swapin tgid 2031 pid 2031 name "droid.launcher3" vma 9d745000
 ndroid.systemui-1717  [004] ....  8697.340163: do_swap_page: swapin tgid 1717 pid 1717 name "ndroid.systemui" vma 9d981000
 ndroid.systemui-1717  [004] ....  8697.340171: do_swap_page: swapin tgid 1717 pid 1717 name "ndroid.systemui" vma 9d9df000
 ndroid.systemui-1717  [004] ....  8697.340178: do_swap_page: swapin tgid 1717 pid 1717 name "ndroid.systemui" vma 9d8b4000
 ndroid.systemui-1717  [004] ....  8697.340179: do_swap_page: swapin tgid 1717 pid 1717 name "ndroid.systemui" vma 9da21000
 droid.launcher3-2031  [004] ....  8697.340216: do_swap_page: swapin tgid 2031 pid 2031 name "droid.launcher3" vma 9d745000
 droid.launcher3-2031  [004] ....  8697.340222: do_swap_page: swapin tgid 2031 pid 2031 name "droid.launcher3" vma 13c37000
 droid.launcher3-2031  [004] ....  8697.340224: do_swap_page: swapin tgid 2031 pid 2031 name "droid.launcher3" vma 9d796000
 droid.launcher3-2031  [004] ....  8697.340368: do_swap_page: swapin tgid 2031 pid 2031 name "droid.launcher3" vma 9d796000
 droid.launcher3-2031  [004] ....  8697.340373: do_swap_page: swapin tgid 2031 pid 2031 name "droid.launcher3" vma 9d782000
 ndroid.systemui-1717  [004] ....  8697.340395: do_swap_page: swapin tgid 1717 pid 1717 name "ndroid.systemui" vma 9da21000
 ndroid.systemui-1717  [004] ....  8697.340400: do_swap_page: swapin tgid 1717 pid 1717 name "ndroid.systemui" vma 9d964000
 droid.launcher3-2031  [004] ....  8697.340488: do_swap_page: swapin tgid 2031 pid 2031 name "droid.launcher3" vma 9d782000
 droid.launcher3-2031  [004] ....  8697.340493: do_swap_page: swapin tgid 2031 pid 2031 name "droid.launcher3" vma 13c3b000
 droid.launcher3-2031  [004] ....  8697.340495: do_swap_page: swapin tgid 2031 pid 2031 name "droid.launcher3" vma 9d77b000
 ndroid.systemui-1717  [004] ....  8697.340588: do_swap_page: swapin tgid 1717 pid 1717 name "ndroid.systemui" vma 9d964000
 ndroid.systemui-1717  [004] ....  8697.340596: do_swap_page: swapin tgid 1717 pid 1717 name "ndroid.systemui" vma 9d8a0000
 ndroid.systemui-1717  [004] ....  8697.340598: do_swap_page: swapin tgid 1717 pid 1717 name "ndroid.systemui" vma 9d94f000
 droid.launcher3-2031  [004] ....  8697.340634: do_swap_page: swapin tgid 2031 pid 2031 name "droid.launcher3" vma 9d77b000
 droid.launcher3-2031  [004] ....  8697.340640: do_swap_page: swapin tgid 2031 pid 2031 name "droid.launcher3" vma 13c3c000
 droid.launcher3-2031  [004] ....  8697.340642: do_swap_page: swapin tgid 2031 pid 2031 name "droid.launcher3" vma 9d7c7000
 droid.launcher3-2031  [004] ....  8697.340762: do_swap_page: swapin tgid 2031 pid 2031 name "droid.launcher3" vma 9d7c7000
 droid.launcher3-2031  [004] ....  8697.340768: do_swap_page: swapin tgid 2031 pid 2031 name "droid.launcher3" vma 9d872000
 ndroid.systemui-1717  [004] ....  8697.340831: do_swap_page: swapin tgid 1717 pid 1717 name "ndroid.systemui" vma 9d94f000
 ndroid.systemui-1717  [004] ....  8697.340838: do_swap_page: swapin tgid 1717 pid 1717 name "ndroid.systemui" vma 9d977000
 droid.launcher3-2031  [004] ....  8697.340948: do_swap_page: swapin tgid 2031 pid 2031 name "droid.launcher3" vma 9d872000
 droid.launcher3-2031  [004] ....  8697.340954: do_swap_page: swapin tgid 2031 pid 2031 name "droid.launcher3" vma 9d81e000
 ndroid.systemui-1717  [004] ....  8697.341010: do_swap_page: swapin tgid 1717 pid 1717 name "ndroid.systemui" vma 9d977000
 droid.launcher3-2031  [004] ....  8697.341097: do_swap_page: swapin tgid 2031 pid 2031 name "droid.launcher3" vma 9d81e000
 droid.launcher3-2031  [004] ....  8697.341104: do_swap_page: swapin tgid 2031 pid 2031 name "droid.launcher3" vma 12ecf000
 droid.launcher3-2031  [004] ....  8697.341114: do_swap_page: swapin tgid 2031 pid 2031 name "droid.launcher3" vma 7fffffb000
 droid.launcher3-2031  [004] ....  8697.341119: do_swap_page: swapin tgid 2031 pid 2031 name "droid.launcher3" vma 7ed0d64000
 droid.launcher3-2031  [004] ....  8697.341125: do_swap_page: swapin tgid 2031 pid 2031 name "droid.launcher3" vma 7f289f8000
 droid.launcher3-2031  [004] ....  8697.341133: do_swap_page: swapin tgid 2031 pid 2031 name "droid.launcher3" vma 9d877000
 ndroid.systemui-1717  [004] ....  8697.341183: do_swap_page: swapin tgid 1717 pid 1717 name "ndroid.systemui" vma 7eb3e3f000
 ndroid.systemui-1717  [004] ....  8697.341198: do_swap_page: swapin tgid 1717 pid 1717 name "ndroid.systemui" vma 7eb3e40000
 ndroid.systemui-1717  [004] ....  8697.341224: do_swap_page: swapin tgid 1717 pid 1717 name "ndroid.systemui" vma 13ef9000
 ndroid.systemui-1717  [004] ....  8697.341230: do_swap_page: swapin tgid 1717 pid 1717 name "ndroid.systemui" vma 13efa000
