           <...>-2068  [004] ....  4469.196129: do_swap_page: swapin tgid 2031 pid 2068 name "UiThreadHelper" vma 7f28a5d000
           <...>-2068  [004] ....  4469.196146: do_swap_page: swapin tgid 2031 pid 2068 name "UiThreadHelper" vma 12ef9000
           <...>-2068  [004] ....  4469.196148: do_swap_page: swapin tgid 2031 pid 2068 name "UiThreadHelper" vma 12efa000
           <...>-2068  [004] ....  4469.196168: do_swap_page: swapin tgid 2031 pid 2068 name "UiThreadHelper" vma 12f81000
           <...>-2068  [004] ....  4469.196171: do_swap_page: swapin tgid 2031 pid 2068 name "UiThreadHelper" vma 718aa000
           <...>-2068  [004] ....  4469.196178: do_swap_page: swapin tgid 2031 pid 2068 name "UiThreadHelper" vma 718ac000
           <...>-2068  [004] ....  4469.196180: do_swap_page: swapin tgid 2031 pid 2068 name "UiThreadHelper" vma 718ab000
           <...>-2068  [004] ....  4469.196184: do_swap_page: swapin tgid 2031 pid 2068 name "UiThreadHelper" vma 7f35081000
           <...>-2068  [004] ....  4469.196188: do_swap_page: swapin tgid 2031 pid 2068 name "UiThreadHelper" vma 7f33eb9000
           <...>-2024  [004] ....  4469.196303: do_swap_page: swapin tgid 2002 pid 2024 name "Binder:2002_3" vma 7fbe1e9000
           <...>-2024  [004] ....  4469.196311: do_swap_page: swapin tgid 2002 pid 2024 name "Binder:2002_3" vma 7f393f4000
           <...>-1854  [004] ....  4469.196337: do_swap_page: swapin tgid 1830 pid 1854 name "Binder:1830_2" vma 7f393f4000
           <...>-1854  [004] ....  4469.196343: do_swap_page: swapin tgid 1830 pid 1854 name "Binder:1830_2" vma 7fbe165000
           <...>-3304  [004] ....  4469.196371: do_swap_page: swapin tgid 2244 pid 3304 name "Binder:2244_8" vma 7f393f4000
           <...>-3304  [004] ....  4469.196378: do_swap_page: swapin tgid 2244 pid 3304 name "Binder:2244_8" vma 7fbe165000
 m.android.phone-1942  [004] ....  4469.196402: do_swap_page: swapin tgid 1942 pid 1942 name "m.android.phone" vma 1454f000
 m.android.phone-1942  [004] ....  4469.196428: do_swap_page: swapin tgid 1942 pid 1942 name "m.android.phone" vma 7f2d677000
           <...>-1622  [004] ....  4469.196456: do_swap_page: swapin tgid 1333 pid 1622 name "AudioService" vma 9da9f000
           <...>-1622  [004] ....  4469.196478: do_swap_page: swapin tgid 1333 pid 1622 name "AudioService" vma 9dad2000
           <...>-2024  [004] ....  4469.196500: do_swap_page: swapin tgid 2002 pid 2024 name "Binder:2002_3" vma 7f393f4000
           <...>-2024  [004] ....  4469.196504: do_swap_page: swapin tgid 2002 pid 2024 name "Binder:2002_3" vma 7fbe165000
           <...>-1946  [004] ....  4469.196531: do_swap_page: swapin tgid 1926 pid 1946 name "Binder:1926_1" vma 7fbe241000
           <...>-1946  [004] ....  4469.196537: do_swap_page: swapin tgid 1926 pid 1946 name "Binder:1926_1" vma 7fbe1e9000
           <...>-1854  [004] ....  4469.196563: do_swap_page: swapin tgid 1830 pid 1854 name "Binder:1830_2" vma 7fbe165000
           <...>-1854  [004] ....  4469.196569: do_swap_page: swapin tgid 1830 pid 1854 name "Binder:1830_2" vma 7f2d651000
           <...>-1854  [004] ....  4469.196572: do_swap_page: swapin tgid 1830 pid 1854 name "Binder:1830_2" vma 7fbd222000
           <...>-3304  [004] ....  4469.196614: do_swap_page: swapin tgid 2244 pid 3304 name "Binder:2244_8" vma 7fbe165000
           <...>-3304  [004] ....  4469.196620: do_swap_page: swapin tgid 2244 pid 3304 name "Binder:2244_8" vma 7eaf23f000
           <...>-3304  [004] ....  4469.196627: do_swap_page: swapin tgid 2244 pid 3304 name "Binder:2244_8" vma 7fbbdfa000
           <...>-3304  [004] ....  4469.196629: do_swap_page: swapin tgid 2244 pid 3304 name "Binder:2244_8" vma 7eaf0c8000
           <...>-3304  [004] ....  4469.196633: do_swap_page: swapin tgid 2244 pid 3304 name "Binder:2244_8" vma 7f393f2000
           <...>-3304  [004] ....  4469.196636: do_swap_page: swapin tgid 2244 pid 3304 name "Binder:2244_8" vma 7f318f3000
 m.android.phone-1942  [004] ....  4469.196791: do_swap_page: swapin tgid 1942 pid 1942 name "m.android.phone" vma 7f2d677000
 m.android.phone-1942  [004] ....  4469.196798: do_swap_page: swapin tgid 1942 pid 1942 name "m.android.phone" vma 7f28b4c000
           <...>-1622  [004] ....  4469.196900: do_swap_page: swapin tgid 1333 pid 1622 name "AudioService" vma 9dad2000
           <...>-1622  [004] ....  4469.196906: do_swap_page: swapin tgid 1333 pid 1622 name "AudioService" vma 9dac3000
           <...>-2024  [004] ....  4469.196930: do_swap_page: swapin tgid 2002 pid 2024 name "Binder:2002_3" vma 7fbe165000
           <...>-2024  [004] ....  4469.196936: do_swap_page: swapin tgid 2002 pid 2024 name "Binder:2002_3" vma 7f28b90000
           <...>-2024  [004] ....  4469.196940: do_swap_page: swapin tgid 2002 pid 2024 name "Binder:2002_3" vma 7fbd222000
           <...>-1946  [004] ....  4469.196988: do_swap_page: swapin tgid 1926 pid 1946 name "Binder:1926_1" vma 7fbe1e9000
           <...>-1946  [004] ....  4469.196996: do_swap_page: swapin tgid 1926 pid 1946 name "Binder:1926_1" vma 7f393f4000
           <...>-2187  [004] ....  4469.197119: do_swap_page: swapin tgid 1717 pid 2187 name "ScreenDecoratio" vma 132f3000
           <...>-2187  [004] ....  4469.197139: do_swap_page: swapin tgid 1717 pid 2187 name "ScreenDecoratio" vma 7ec03f4000
           <...>-2187  [004] ....  4469.197152: do_swap_page: swapin tgid 1717 pid 2187 name "ScreenDecoratio" vma 13db1000
           <...>-1854  [004] ....  4469.197198: do_swap_page: swapin tgid 1830 pid 1854 name "Binder:1830_2" vma 7fbd222000
           <...>-1854  [004] ....  4469.197229: do_swap_page: swapin tgid 1830 pid 1854 name "Binder:1830_2" vma 7fbbdfa000
           <...>-12367 [004] ....  4469.197324: do_swap_page: swapin tgid 1333 pid 12367 name "Binder:1333_1A" vma 7f2d82b000
           <...>-1622  [004] ....  4469.197386: do_swap_page: swapin tgid 1333 pid 1622 name "AudioService" vma 9dac3000
           <...>-1622  [004] ....  4469.197393: do_swap_page: swapin tgid 1333 pid 1622 name "AudioService" vma 7ed0e49000
   system_server-1333  [004] ....  4469.197463: do_swap_page: swapin tgid 1333 pid 1333 name "system_server" vma 138ba000
           <...>-1946  [004] ....  4469.197487: do_swap_page: swapin tgid 1926 pid 1946 name "Binder:1926_1" vma 7f393f4000
           <...>-1946  [004] ....  4469.197493: do_swap_page: swapin tgid 1926 pid 1946 name "Binder:1926_1" vma 7fbe165000
           <...>-3304  [004] ....  4469.197521: do_swap_page: swapin tgid 2244 pid 3304 name "Binder:2244_8" vma 7f318f3000
           <...>-3304  [004] ....  4469.197529: do_swap_page: swapin tgid 2244 pid 3304 name "Binder:2244_8" vma 13aa9000
           <...>-3304  [004] ....  4469.197537: do_swap_page: swapin tgid 2244 pid 3304 name "Binder:2244_8" vma 7fbe286000
           <...>-3304  [004] ....  4469.197539: do_swap_page: swapin tgid 2244 pid 3304 name "Binder:2244_8" vma 7fbe285000
           <...>-3304  [004] ....  4469.197541: do_swap_page: swapin tgid 2244 pid 3304 name "Binder:2244_8" vma 7f393f3000
           <...>-3304  [004] ....  4469.197544: do_swap_page: swapin tgid 2244 pid 3304 name "Binder:2244_8" vma 7fbe1f8000
           <...>-3304  [004] ....  4469.197546: do_swap_page: swapin tgid 2244 pid 3304 name "Binder:2244_8" vma 7eaa079000
           <...>-4872  [004] ....  4469.197611: do_swap_page: swapin tgid 1333 pid 4872 name "Binder:1333_12" vma 7f28b6e000
           <...>-4872  [004] ....  4469.197620: do_swap_page: swapin tgid 1333 pid 4872 name "Binder:1333_12" vma 7e732fc000
           <...>-4872  [004] ....  4469.197624: do_swap_page: swapin tgid 1333 pid 4872 name "Binder:1333_12" vma 7e732fd000
           <...>-4872  [004] ....  4469.197626: do_swap_page: swapin tgid 1333 pid 4872 name "Binder:1333_12" vma 7ed0ce6000
           <...>-4872  [004] ....  4469.197630: do_swap_page: swapin tgid 1333 pid 4872 name "Binder:1333_12" vma 7ed0bad000
           <...>-4872  [004] ....  4469.197636: do_swap_page: swapin tgid 1333 pid 4872 name "Binder:1333_12" vma 7eb6e1d000
           <...>-4872  [004] ....  4469.197640: do_swap_page: swapin tgid 1333 pid 4872 name "Binder:1333_12" vma 7e86846000
           <...>-4872  [004] ....  4469.197662: do_swap_page: swapin tgid 1333 pid 4872 name "Binder:1333_12" vma 7ed0ba7000
           <...>-4872  [004] ....  4469.197665: do_swap_page: swapin tgid 1333 pid 4872 name "Binder:1333_12" vma 7e86847000
           <...>-4872  [004] ....  4469.197667: do_swap_page: swapin tgid 1333 pid 4872 name "Binder:1333_12" vma 7e732fa000
           <...>-4872  [004] ....  4469.197670: do_swap_page: swapin tgid 1333 pid 4872 name "Binder:1333_12" vma 140b2000
           <...>-4872  [004] ....  4469.197674: do_swap_page: swapin tgid 1333 pid 4872 name "Binder:1333_12" vma 14bb4000
           <...>-4872  [004] ....  4469.197687: do_swap_page: swapin tgid 1333 pid 4872 name "Binder:1333_12" vma 7e732fb000
           <...>-4872  [004] ....  4469.197731: do_swap_page: swapin tgid 1333 pid 4872 name "Binder:1333_12" vma 7e6d2cd000
           <...>-4872  [004] ....  4469.197735: do_swap_page: swapin tgid 1333 pid 4872 name "Binder:1333_12" vma 7e6d462000
           <...>-4872  [004] ....  4469.197741: do_swap_page: swapin tgid 1333 pid 4872 name "Binder:1333_12" vma 7e6e8ce000
           <...>-4872  [004] ....  4469.197744: do_swap_page: swapin tgid 1333 pid 4872 name "Binder:1333_12" vma 7ed0bb9000
           <...>-4872  [004] ....  4469.197773: do_swap_page: swapin tgid 1333 pid 4872 name "Binder:1333_12" vma 7e6d463000
           <...>-4872  [004] ....  4469.197776: do_swap_page: swapin tgid 1333 pid 4872 name "Binder:1333_12" vma 7eb7047000
           <...>-2024  [004] ....  4469.197813: do_swap_page: swapin tgid 2002 pid 2024 name "Binder:2002_3" vma 7fbd222000
           <...>-2024  [004] ....  4469.197820: do_swap_page: swapin tgid 2002 pid 2024 name "Binder:2002_3" vma 7fbbdfa000
           <...>-2024  [004] ....  4469.197822: do_swap_page: swapin tgid 2002 pid 2024 name "Binder:2002_3" vma 7f28b18000
           <...>-2024  [004] ....  4469.197826: do_swap_page: swapin tgid 2002 pid 2024 name "Binder:2002_3" vma 7f393f2000
           <...>-2024  [004] ....  4469.197828: do_swap_page: swapin tgid 2002 pid 2024 name "Binder:2002_3" vma 7fbe23c000
           <...>-2024  [004] ....  4469.197831: do_swap_page: swapin tgid 2002 pid 2024 name "Binder:2002_3" vma 7f318f3000
 m.android.phone-1942  [004] ....  4469.197865: do_swap_page: swapin tgid 1942 pid 1942 name "m.android.phone" vma 7fbe1d0000
           <...>-1854  [004] ....  4469.197893: do_swap_page: swapin tgid 1830 pid 1854 name "Binder:1830_2" vma 7fbbdfa000
           <...>-1854  [004] ....  4469.197898: do_swap_page: swapin tgid 1830 pid 1854 name "Binder:1830_2" vma 7f2d61a000
           <...>-1854  [004] ....  4469.197902: do_swap_page: swapin tgid 1830 pid 1854 name "Binder:1830_2" vma 7f393f2000
           <...>-1854  [004] ....  4469.197904: do_swap_page: swapin tgid 1830 pid 1854 name "Binder:1830_2" vma 7fbe23c000
           <...>-1854  [004] ....  4469.197907: do_swap_page: swapin tgid 1830 pid 1854 name "Binder:1830_2" vma 7f318f3000
           <...>-1854  [004] ....  4469.197910: do_swap_page: swapin tgid 1830 pid 1854 name "Binder:1830_2" vma 133c5000
           <...>-1946  [004] ....  4469.198013: do_swap_page: swapin tgid 1926 pid 1946 name "Binder:1926_1" vma 7fbe165000
           <...>-1946  [004] ....  4469.198023: do_swap_page: swapin tgid 1926 pid 1946 name "Binder:1926_1" vma 7f28b7e000
           <...>-1946  [004] ....  4469.198027: do_swap_page: swapin tgid 1926 pid 1946 name "Binder:1926_1" vma 7fbd222000
 m.android.phone-1942  [004] ....  4469.198116: do_swap_page: swapin tgid 1942 pid 1942 name "m.android.phone" vma 7fbe1d0000
 m.android.phone-1942  [004] ....  4469.198128: do_swap_page: swapin tgid 1942 pid 1942 name "m.android.phone" vma 1450d000
 m.android.phone-1942  [004] ....  4469.198134: do_swap_page: swapin tgid 1942 pid 1942 name "m.android.phone" vma 71525000
           <...>-2187  [004] ....  4469.198296: do_swap_page: swapin tgid 1717 pid 2187 name "ScreenDecoratio" vma 9da0c000
           <...>-3304  [004] ....  4469.198326: do_swap_page: swapin tgid 2244 pid 3304 name "Binder:2244_8" vma 7eaa079000
           <...>-3304  [004] ....  4469.198334: do_swap_page: swapin tgid 2244 pid 3304 name "Binder:2244_8" vma 13a42000
           <...>-3304  [004] ....  4469.198337: do_swap_page: swapin tgid 2244 pid 3304 name "Binder:2244_8" vma 13665000
           <...>-3304  [004] ....  4469.198358: do_swap_page: swapin tgid 2244 pid 3304 name "Binder:2244_8" vma 14904000
           <...>-3304  [004] ....  4469.198363: do_swap_page: swapin tgid 2244 pid 3304 name "Binder:2244_8" vma 14c6d000
           <...>-3304  [004] ....  4469.198370: do_swap_page: swapin tgid 2244 pid 3304 name "Binder:2244_8" vma 7fbe24e000
           <...>-3304  [004] ....  4469.198376: do_swap_page: swapin tgid 2244 pid 3304 name "Binder:2244_8" vma 7f31101000
           <...>-3304  [004] ....  4469.198379: do_swap_page: swapin tgid 2244 pid 3304 name "Binder:2244_8" vma 7eaa07a000
           <...>-3304  [004] ....  4469.198381: do_swap_page: swapin tgid 2244 pid 3304 name "Binder:2244_8" vma 13a00000
           <...>-3304  [004] ....  4469.198385: do_swap_page: swapin tgid 2244 pid 3304 name "Binder:2244_8" vma 7f34f0e000
           <...>-3304  [004] ....  4469.198387: do_swap_page: swapin tgid 2244 pid 3304 name "Binder:2244_8" vma 144c0000
           <...>-3304  [004] ....  4469.198402: do_swap_page: swapin tgid 2244 pid 3304 name "Binder:2244_8" vma 7fbe1e7000
           <...>-2187  [004] ....  4469.198439: do_swap_page: swapin tgid 1717 pid 2187 name "ScreenDecoratio" vma 9da0c000
           <...>-2187  [004] ....  4469.198444: do_swap_page: swapin tgid 1717 pid 2187 name "ScreenDecoratio" vma 9d94b000
           <...>-2068  [004] ....  4469.198486: do_swap_page: swapin tgid 2031 pid 2068 name "UiThreadHelper" vma 7175b000
           <...>-2068  [004] ....  4469.198494: do_swap_page: swapin tgid 2031 pid 2068 name "UiThreadHelper" vma 12c81000
           <...>-2068  [004] ....  4469.198497: do_swap_page: swapin tgid 2031 pid 2068 name "UiThreadHelper" vma 7f2ddad000
           <...>-2068  [004] ....  4469.198501: do_swap_page: swapin tgid 2031 pid 2068 name "UiThreadHelper" vma 1327c000
           <...>-2024  [004] ....  4469.198543: do_swap_page: swapin tgid 2002 pid 2024 name "Binder:2002_3" vma 7f318f3000
           <...>-2024  [004] ....  4469.198551: do_swap_page: swapin tgid 2002 pid 2024 name "Binder:2002_3" vma 136c8000
           <...>-2024  [004] ....  4469.198554: do_swap_page: swapin tgid 2002 pid 2024 name "Binder:2002_3" vma 7fbe286000
           <...>-2024  [004] ....  4469.198556: do_swap_page: swapin tgid 2002 pid 2024 name "Binder:2002_3" vma 7fbe285000
           <...>-2024  [004] ....  4469.198558: do_swap_page: swapin tgid 2002 pid 2024 name "Binder:2002_3" vma 7f393f3000
           <...>-2024  [004] ....  4469.198560: do_swap_page: swapin tgid 2002 pid 2024 name "Binder:2002_3" vma 7fbe1f8000
           <...>-2024  [004] ....  4469.198563: do_swap_page: swapin tgid 2002 pid 2024 name "Binder:2002_3" vma 7f2df2e000
           <...>-2024  [004] ....  4469.198566: do_swap_page: swapin tgid 2002 pid 2024 name "Binder:2002_3" vma 136c0000
           <...>-2024  [004] ....  4469.198567: do_swap_page: swapin tgid 2002 pid 2024 name "Binder:2002_3" vma 136d3000
           <...>-2024  [004] ....  4469.198599: do_swap_page: swapin tgid 2002 pid 2024 name "Binder:2002_3" vma 7fbe24e000
           <...>-1854  [004] ....  4469.198629: do_swap_page: swapin tgid 1830 pid 1854 name "Binder:1830_2" vma 133c5000
           <...>-1854  [004] ....  4469.198636: do_swap_page: swapin tgid 1830 pid 1854 name "Binder:1830_2" vma 7fbe286000
           <...>-1854  [004] ....  4469.198638: do_swap_page: swapin tgid 1830 pid 1854 name "Binder:1830_2" vma 7fbe285000
           <...>-1854  [004] ....  4469.198640: do_swap_page: swapin tgid 1830 pid 1854 name "Binder:1830_2" vma 7f393f3000
           <...>-1946  [004] ....  4469.198667: do_swap_page: swapin tgid 1926 pid 1946 name "Binder:1926_1" vma 7fbd222000
           <...>-1946  [004] ....  4469.198673: do_swap_page: swapin tgid 1926 pid 1946 name "Binder:1926_1" vma 7fbbdfa000
           <...>-2187  [004] ....  4469.198694: do_swap_page: swapin tgid 1717 pid 2187 name "ScreenDecoratio" vma 9d94b000
 m.android.phone-1942  [004] ....  4469.198760: do_swap_page: swapin tgid 1942 pid 1942 name "m.android.phone" vma 71525000
 m.android.phone-1942  [004] ....  4469.198766: do_swap_page: swapin tgid 1942 pid 1942 name "m.android.phone" vma 1444a000
           <...>-1854  [004] ....  4469.198860: do_swap_page: swapin tgid 1830 pid 1854 name "Binder:1830_2" vma 7f393f3000
           <...>-1854  [004] ....  4469.198884: do_swap_page: swapin tgid 1830 pid 1854 name "Binder:1830_2" vma 7fbe1f8000
           <...>-1854  [004] ....  4469.198887: do_swap_page: swapin tgid 1830 pid 1854 name "Binder:1830_2" vma 7f2e02b000
           <...>-1946  [004] ....  4469.198913: do_swap_page: swapin tgid 1926 pid 1946 name "Binder:1926_1" vma 7fbbdfa000
           <...>-1946  [004] ....  4469.198919: do_swap_page: swapin tgid 1926 pid 1946 name "Binder:1926_1" vma 7f28b18000
           <...>-1946  [004] ....  4469.198927: do_swap_page: swapin tgid 1926 pid 1946 name "Binder:1926_1" vma 7f393f2000
           <...>-1946  [004] ....  4469.198928: do_swap_page: swapin tgid 1926 pid 1946 name "Binder:1926_1" vma 7fbe23c000
           <...>-2187  [004] ....  4469.198969: do_swap_page: swapin tgid 1717 pid 2187 name "ScreenDecoratio" vma 9d810000
           <...>-2187  [004] ....  4469.199014: do_swap_page: swapin tgid 1717 pid 2187 name "ScreenDecoratio" vma 718c4000
           <...>-2187  [004] ....  4469.199018: do_swap_page: swapin tgid 1717 pid 2187 name "ScreenDecoratio" vma 718c1000
           <...>-2187  [004] ....  4469.199025: do_swap_page: swapin tgid 1717 pid 2187 name "ScreenDecoratio" vma 13d17000
           <...>-2187  [004] ....  4469.199032: do_swap_page: swapin tgid 1717 pid 2187 name "ScreenDecoratio" vma 9d8e0000
 m.android.phone-1942  [004] ....  4469.199078: do_swap_page: swapin tgid 1942 pid 1942 name "m.android.phone" vma 1444a000
 m.android.phone-1942  [004] ....  4469.199086: do_swap_page: swapin tgid 1942 pid 1942 name "m.android.phone" vma 7fbe167000
           <...>-2024  [004] ....  4469.199114: do_swap_page: swapin tgid 2002 pid 2024 name "Binder:2002_3" vma 7fbe24e000
           <...>-2024  [004] ....  4469.199123: do_swap_page: swapin tgid 2002 pid 2024 name "Binder:2002_3" vma 7f31572000
           <...>-2024  [004] ....  4469.199127: do_swap_page: swapin tgid 2002 pid 2024 name "Binder:2002_3" vma 7f2df2f000
           <...>-2024  [004] ....  4469.199129: do_swap_page: swapin tgid 2002 pid 2024 name "Binder:2002_3" vma 12d91000
           <...>-2024  [004] ....  4469.199133: do_swap_page: swapin tgid 2002 pid 2024 name "Binder:2002_3" vma 7f34f08000
           <...>-2024  [004] ....  4469.199135: do_swap_page: swapin tgid 2002 pid 2024 name "Binder:2002_3" vma 136c5000
           <...>-2024  [004] ....  4469.199157: do_swap_page: swapin tgid 2002 pid 2024 name "Binder:2002_3" vma 7fbe1e7000
           <...>-1946  [004] ....  4469.199226: do_swap_page: swapin tgid 1926 pid 1946 name "Binder:1926_1" vma 7fbe23c000
           <...>-1946  [004] ....  4469.199230: do_swap_page: swapin tgid 1926 pid 1946 name "Binder:1926_1" vma 7f28b7f000
           <...>-1946  [004] ....  4469.199237: do_swap_page: swapin tgid 1926 pid 1946 name "Binder:1926_1" vma 7f318f3000
           <...>-3304  [004] ....  4469.199281: do_swap_page: swapin tgid 2244 pid 3304 name "Binder:2244_8" vma 7fbe1e7000
           <...>-3304  [004] ....  4469.199287: do_swap_page: swapin tgid 2244 pid 3304 name "Binder:2244_8" vma 7fbe17f000
           <...>-3304  [004] ....  4469.199289: do_swap_page: swapin tgid 2244 pid 3304 name "Binder:2244_8" vma 7fbe20a000
           <...>-1854  [004] ....  4469.199403: do_swap_page: swapin tgid 1830 pid 1854 name "Binder:1830_2" vma 7f2e02b000
           <...>-1854  [004] ....  4469.199411: do_swap_page: swapin tgid 1830 pid 1854 name "Binder:1830_2" vma 133c0000
 m.android.phone-1942  [004] ....  4469.199448: do_swap_page: swapin tgid 1942 pid 1942 name "m.android.phone" vma 14558000
           <...>-1946  [004] ....  4469.199470: do_swap_page: swapin tgid 1926 pid 1946 name "Binder:1926_1" vma 7f318f3000
           <...>-1946  [004] ....  4469.199477: do_swap_page: swapin tgid 1926 pid 1946 name "Binder:1926_1" vma 132c3000
           <...>-3304  [004] ....  4469.199521: do_swap_page: swapin tgid 2244 pid 3304 name "Binder:2244_8" vma 7fbe20a000
           <...>-3304  [004] ....  4469.199529: do_swap_page: swapin tgid 2244 pid 3304 name "Binder:2244_8" vma 7eaf1e5000
           <...>-3304  [004] ....  4469.199531: do_swap_page: swapin tgid 2244 pid 3304 name "Binder:2244_8" vma 7eaf225000
           <...>-3304  [004] ....  4469.199535: do_swap_page: swapin tgid 2244 pid 3304 name "Binder:2244_8" vma 7fbe1d4000
           <...>-3304  [004] ....  4469.199539: do_swap_page: swapin tgid 2244 pid 3304 name "Binder:2244_8" vma 7f28b58000
           <...>-3304  [004] ....  4469.199543: do_swap_page: swapin tgid 2244 pid 3304 name "Binder:2244_8" vma 7f2d145000
           <...>-3304  [004] ....  4469.199548: do_swap_page: swapin tgid 2244 pid 3304 name "Binder:2244_8" vma 7f395f0000
           <...>-3304  [004] ....  4469.199551: do_swap_page: swapin tgid 2244 pid 3304 name "Binder:2244_8" vma 13a48000
           <...>-3304  [004] ....  4469.199553: do_swap_page: swapin tgid 2244 pid 3304 name "Binder:2244_8" vma 13544000
           <...>-3304  [004] ....  4469.199558: do_swap_page: swapin tgid 2244 pid 3304 name "Binder:2244_8" vma 7f34f0c000
           <...>-3304  [004] ....  4469.199560: do_swap_page: swapin tgid 2244 pid 3304 name "Binder:2244_8" vma 7f35079000
           <...>-3304  [004] ....  4469.199563: do_swap_page: swapin tgid 2244 pid 3304 name "Binder:2244_8" vma 7175a000
           <...>-1854  [004] ....  4469.199613: do_swap_page: swapin tgid 1830 pid 1854 name "Binder:1830_2" vma 133c0000
           <...>-1854  [004] ....  4469.199618: do_swap_page: swapin tgid 1830 pid 1854 name "Binder:1830_2" vma 133d5000
           <...>-1854  [004] ....  4469.199624: do_swap_page: swapin tgid 1830 pid 1854 name "Binder:1830_2" vma 7fbe24e000
           <...>-2024  [004] ....  4469.199651: do_swap_page: swapin tgid 2002 pid 2024 name "Binder:2002_3" vma 7fbe1e7000
           <...>-2024  [004] ....  4469.199657: do_swap_page: swapin tgid 2002 pid 2024 name "Binder:2002_3" vma 7fbe17f000
 m.android.phone-1942  [004] ....  4469.199678: do_swap_page: swapin tgid 1942 pid 1942 name "m.android.phone" vma 14558000
 m.android.phone-1942  [004] ....  4469.199683: do_swap_page: swapin tgid 1942 pid 1942 name "m.android.phone" vma 12f00000
           <...>-2187  [004] ....  4469.199710: do_swap_page: swapin tgid 1717 pid 2187 name "ScreenDecoratio" vma 9d8e0000
           <...>-2187  [004] ....  4469.199719: do_swap_page: swapin tgid 1717 pid 2187 name "ScreenDecoratio" vma 718bc000
           <...>-1946  [004] ....  4469.199846: do_swap_page: swapin tgid 1926 pid 1946 name "Binder:1926_1" vma 132c3000
           <...>-1946  [004] ....  4469.199853: do_swap_page: swapin tgid 1926 pid 1946 name "Binder:1926_1" vma 7fbe286000
           <...>-1946  [004] ....  4469.199856: do_swap_page: swapin tgid 1926 pid 1946 name "Binder:1926_1" vma 7fbe285000
           <...>-1946  [004] ....  4469.199857: do_swap_page: swapin tgid 1926 pid 1946 name "Binder:1926_1" vma 7f393f3000
           <...>-1854  [004] ....  4469.199879: do_swap_page: swapin tgid 1830 pid 1854 name "Binder:1830_2" vma 7fbe24e000
           <...>-1854  [004] ....  4469.199912: do_swap_page: swapin tgid 1830 pid 1854 name "Binder:1830_2" vma 7f31574000
           <...>-1854  [004] ....  4469.199916: do_swap_page: swapin tgid 1830 pid 1854 name "Binder:1830_2" vma 7f2e02c000
           <...>-1854  [004] ....  4469.199918: do_swap_page: swapin tgid 1830 pid 1854 name "Binder:1830_2" vma 12c43000
           <...>-1854  [004] ....  4469.199923: do_swap_page: swapin tgid 1830 pid 1854 name "Binder:1830_2" vma 7f34f07000
           <...>-1854  [004] ....  4469.199925: do_swap_page: swapin tgid 1830 pid 1854 name "Binder:1830_2" vma 133c4000
           <...>-1854  [004] ....  4469.199929: do_swap_page: swapin tgid 1830 pid 1854 name "Binder:1830_2" vma 7fbe1e7000
           <...>-2024  [004] ....  4469.199956: do_swap_page: swapin tgid 2002 pid 2024 name "Binder:2002_3" vma 7fbe17f000
           <...>-2024  [004] ....  4469.199962: do_swap_page: swapin tgid 2002 pid 2024 name "Binder:2002_3" vma 7fbe20a000
 m.android.phone-1942  [004] ....  4469.199983: do_swap_page: swapin tgid 1942 pid 1942 name "m.android.phone" vma 12f00000
 m.android.phone-1942  [004] ....  4469.200003: do_swap_page: swapin tgid 1942 pid 1942 name "m.android.phone" vma 14444000
           <...>-1363  [004] ....  4469.200070: do_swap_page: swapin tgid 1333 pid 1363 name "android.bg" vma 9d8fa000
           <...>-1946  [004] ....  4469.200094: do_swap_page: swapin tgid 1926 pid 1946 name "Binder:1926_1" vma 7f393f3000
           <...>-1946  [004] ....  4469.200100: do_swap_page: swapin tgid 1926 pid 1946 name "Binder:1926_1" vma 7fbe1f8000
           <...>-2187  [004] ....  4469.200150: do_swap_page: swapin tgid 1717 pid 2187 name "ScreenDecoratio" vma 9d7fc000
           <...>-2187  [004] ....  4469.200155: do_swap_page: swapin tgid 1717 pid 2187 name "ScreenDecoratio" vma 9da2d000
           <...>-2024  [004] ....  4469.200198: do_swap_page: swapin tgid 2002 pid 2024 name "Binder:2002_3" vma 7fbe20a000
           <...>-2024  [004] ....  4469.200205: do_swap_page: swapin tgid 2002 pid 2024 name "Binder:2002_3" vma 7fbd225000
           <...>-2024  [004] ....  4469.200207: do_swap_page: swapin tgid 2002 pid 2024 name "Binder:2002_3" vma 7fbd221000
           <...>-1854  [004] ....  4469.200230: do_swap_page: swapin tgid 1830 pid 1854 name "Binder:1830_2" vma 7fbe1e7000
           <...>-1854  [004] ....  4469.200235: do_swap_page: swapin tgid 1830 pid 1854 name "Binder:1830_2" vma 7fbe17f000
 m.android.phone-1942  [004] ....  4469.200281: do_swap_page: swapin tgid 1942 pid 1942 name "m.android.phone" vma 14444000
 m.android.phone-1942  [004] ....  4469.200297: do_swap_page: swapin tgid 1942 pid 1942 name "m.android.phone" vma 71752000
           <...>-2031  [004] ....  4469.200320: do_swap_page: swapin tgid 2031 pid 2031 name "droid.launcher3" vma 9d84e000
           <...>-2031  [004] ....  4469.200336: do_swap_page: swapin tgid 2031 pid 2031 name "droid.launcher3" vma 9d848000
           <...>-1356  [004] ....  4469.200392: do_swap_page: swapin tgid 1333 pid 1356 name "android.ui" vma 9da7e000
           <...>-1946  [004] ....  4469.200418: do_swap_page: swapin tgid 1926 pid 1946 name "Binder:1926_1" vma 7fbe1f8000
           <...>-1946  [004] ....  4469.200425: do_swap_page: swapin tgid 1926 pid 1946 name "Binder:1926_1" vma 132c0000
           <...>-2024  [004] ....  4469.200484: do_swap_page: swapin tgid 2002 pid 2024 name "Binder:2002_3" vma 7fbd221000
           <...>-2024  [004] ....  4469.200490: do_swap_page: swapin tgid 2002 pid 2024 name "Binder:2002_3" vma 7f2895f000
           <...>-2024  [004] ....  4469.200492: do_swap_page: swapin tgid 2002 pid 2024 name "Binder:2002_3" vma 7f28b1c000
           <...>-2024  [004] ....  4469.200496: do_swap_page: swapin tgid 2002 pid 2024 name "Binder:2002_3" vma 7fbe1d3000
           <...>-2024  [004] ....  4469.200500: do_swap_page: swapin tgid 2002 pid 2024 name "Binder:2002_3" vma 7f289d8000
           <...>-2024  [004] ....  4469.200502: do_swap_page: swapin tgid 2002 pid 2024 name "Binder:2002_3" vma 7f2d144000
           <...>-1854  [004] ....  4469.200526: do_swap_page: swapin tgid 1830 pid 1854 name "Binder:1830_2" vma 7fbe17f000
           <...>-1854  [004] ....  4469.200532: do_swap_page: swapin tgid 1830 pid 1854 name "Binder:1830_2" vma 7fbe20a000
           <...>-2187  [004] ....  4469.200574: do_swap_page: swapin tgid 1717 pid 2187 name "ScreenDecoratio" vma 9da2d000
           <...>-2187  [004] ....  4469.200579: do_swap_page: swapin tgid 1717 pid 2187 name "ScreenDecoratio" vma 9d9ca000
 m.android.phone-1942  [004] ....  4469.200604: do_swap_page: swapin tgid 1942 pid 1942 name "m.android.phone" vma 71752000
 m.android.phone-1942  [004] ....  4469.200611: do_swap_page: swapin tgid 1942 pid 1942 name "m.android.phone" vma 7184e000
           <...>-2031  [004] ....  4469.200674: do_swap_page: swapin tgid 2031 pid 2031 name "droid.launcher3" vma 9d848000
           <...>-2031  [004] ....  4469.200702: do_swap_page: swapin tgid 2031 pid 2031 name "droid.launcher3" vma 13c1e000
           <...>-2031  [004] ....  4469.200712: do_swap_page: swapin tgid 2031 pid 2031 name "droid.launcher3" vma 9d7b6000
           <...>-1363  [004] ....  4469.200734: do_swap_page: swapin tgid 1333 pid 1363 name "android.bg" vma 9d8fa000
           <...>-1946  [004] ....  4469.200798: do_swap_page: swapin tgid 1926 pid 1946 name "Binder:1926_1" vma 132c0000
           <...>-1946  [004] ....  4469.200804: do_swap_page: swapin tgid 1926 pid 1946 name "Binder:1926_1" vma 132c8000
           <...>-1946  [004] ....  4469.200809: do_swap_page: swapin tgid 1926 pid 1946 name "Binder:1926_1" vma 7fbe24e000
           <...>-2024  [004] ....  4469.200849: do_swap_page: swapin tgid 2002 pid 2024 name "Binder:2002_3" vma 7f2d144000
           <...>-2024  [004] ....  4469.200855: do_swap_page: swapin tgid 2002 pid 2024 name "Binder:2002_3" vma 7f39800000
           <...>-2024  [004] ....  4469.200861: do_swap_page: swapin tgid 2002 pid 2024 name "Binder:2002_3" vma 7f395f0000
           <...>-1854  [004] ....  4469.200883: do_swap_page: swapin tgid 1830 pid 1854 name "Binder:1830_2" vma 7fbe20a000
           <...>-1854  [004] ....  4469.200889: do_swap_page: swapin tgid 1830 pid 1854 name "Binder:1830_2" vma 7fbd225000
           <...>-1854  [004] ....  4469.200891: do_swap_page: swapin tgid 1830 pid 1854 name "Binder:1830_2" vma 7fbd221000
           <...>-1854  [004] ....  4469.200893: do_swap_page: swapin tgid 1830 pid 1854 name "Binder:1830_2" vma 7f2895d000
           <...>-1854  [004] ....  4469.200898: do_swap_page: swapin tgid 1830 pid 1854 name "Binder:1830_2" vma 7f2895e000
           <...>-1854  [004] ....  4469.200901: do_swap_page: swapin tgid 1830 pid 1854 name "Binder:1830_2" vma 7f2d674000
           <...>-1854  [004] ....  4469.200904: do_swap_page: swapin tgid 1830 pid 1854 name "Binder:1830_2" vma 7f2d6ed000
           <...>-1854  [004] ....  4469.200907: do_swap_page: swapin tgid 1830 pid 1854 name "Binder:1830_2" vma 7f2d16b000
           <...>-1854  [004] ....  4469.200910: do_swap_page: swapin tgid 1830 pid 1854 name "Binder:1830_2" vma 7f39800000
           <...>-2031  [004] ....  4469.200953: do_swap_page: swapin tgid 2031 pid 2031 name "droid.launcher3" vma 9d7b6000
           <...>-2031  [004] ....  4469.200960: do_swap_page: swapin tgid 2031 pid 2031 name "droid.launcher3" vma 9d832000
           <...>-2031  [004] ....  4469.200976: do_swap_page: swapin tgid 2031 pid 2031 name "droid.launcher3" vma 9d7c4000
           <...>-2031  [004] ....  4469.200979: do_swap_page: swapin tgid 2031 pid 2031 name "droid.launcher3" vma 13c27000
           <...>-2031  [004] ....  4469.201013: do_swap_page: swapin tgid 2031 pid 2031 name "droid.launcher3" vma 9d7b5000
           <...>-2068  [004] ....  4469.201043: do_swap_page: swapin tgid 2031 pid 2068 name "UiThreadHelper" vma 9d7ad000
           <...>-2187  [004] ....  4469.201063: do_swap_page: swapin tgid 1717 pid 2187 name "ScreenDecoratio" vma 9d9ca000
           <...>-2187  [004] ....  4469.201071: do_swap_page: swapin tgid 1717 pid 2187 name "ScreenDecoratio" vma 13daf000
           <...>-2187  [004] ....  4469.201074: do_swap_page: swapin tgid 1717 pid 2187 name "ScreenDecoratio" vma 9d7fd000
           <...>-2187  [004] ....  4469.201106: do_swap_page: swapin tgid 1717 pid 2187 name "ScreenDecoratio" vma 13dae000
           <...>-2187  [004] ....  4469.201146: do_swap_page: swapin tgid 1717 pid 2187 name "ScreenDecoratio" vma 7ead968000
    RenderThread-2098  [004] ....  4469.201249: do_swap_page: swapin tgid 1717 pid 2098 name "RenderThread" vma 7ec05f1000
           <...>-2068  [004] ....  4469.201261: do_swap_page: swapin tgid 2031 pid 2068 name "UiThreadHelper" vma 9d7ad000
           <...>-2068  [004] ....  4469.201266: do_swap_page: swapin tgid 2031 pid 2068 name "UiThreadHelper" vma 9d884000
           <...>-2068  [004] ....  4469.201417: do_swap_page: swapin tgid 2031 pid 2068 name "UiThreadHelper" vma 9d884000
           <...>-2031  [004] ....  4469.201449: do_swap_page: swapin tgid 2031 pid 2031 name "droid.launcher3" vma 9d7b5000
           <...>-2031  [004] ....  4469.201454: do_swap_page: swapin tgid 2031 pid 2031 name "droid.launcher3" vma 9d87c000
           <...>-6108  [004] ....  4469.201493: do_swap_page: swapin tgid 1333 pid 6108 name "Binder:1333_15" vma 9d9fd000
           <...>-2024  [004] ....  4469.201518: do_swap_page: swapin tgid 2002 pid 2024 name "Binder:2002_3" vma 7f395f0000
           <...>-2024  [004] ....  4469.201526: do_swap_page: swapin tgid 2002 pid 2024 name "Binder:2002_3" vma 136c1000
           <...>-2024  [004] ....  4469.201532: do_swap_page: swapin tgid 2002 pid 2024 name "Binder:2002_3" vma 136d1000
           <...>-2024  [004] ....  4469.201536: do_swap_page: swapin tgid 2002 pid 2024 name "Binder:2002_3" vma 7f35079000
           <...>-2024  [004] ....  4469.201539: do_swap_page: swapin tgid 2002 pid 2024 name "Binder:2002_3" vma 7175a000
 m.android.phone-1942  [004] ....  4469.201560: do_swap_page: swapin tgid 1942 pid 1942 name "m.android.phone" vma 7184e000
 m.android.phone-1942  [004] ....  4469.201565: do_swap_page: swapin tgid 1942 pid 1942 name "m.android.phone" vma 7184f000
 m.android.phone-1942  [004] ....  4469.201586: do_swap_page: swapin tgid 1942 pid 1942 name "m.android.phone" vma 71851000
 m.android.phone-1942  [004] ....  4469.201588: do_swap_page: swapin tgid 1942 pid 1942 name "m.android.phone" vma 71852000
 m.android.phone-1942  [004] ....  4469.201590: do_swap_page: swapin tgid 1942 pid 1942 name "m.android.phone" vma 717b0000
 m.android.phone-1942  [004] ....  4469.201600: do_swap_page: swapin tgid 1942 pid 1942 name "m.android.phone" vma 71854000
 m.android.phone-1942  [004] ....  4469.201605: do_swap_page: swapin tgid 1942 pid 1942 name "m.android.phone" vma 718aa000
           <...>-2031  [004] ....  4469.201650: do_swap_page: swapin tgid 2031 pid 2031 name "droid.launcher3" vma 9d87c000
           <...>-2031  [004] ....  4469.201655: do_swap_page: swapin tgid 2031 pid 2031 name "droid.launcher3" vma 9d82e000
           <...>-6108  [004] ....  4469.201676: do_swap_page: swapin tgid 1333 pid 6108 name "Binder:1333_15" vma 9d9fd000
           <...>-1946  [004] ....  4469.201718: do_swap_page: swapin tgid 1926 pid 1946 name "Binder:1926_1" vma 7fbe24e000
           <...>-1946  [004] ....  4469.201727: do_swap_page: swapin tgid 1926 pid 1946 name "Binder:1926_1" vma 7f31576000
           <...>-1946  [004] ....  4469.201731: do_swap_page: swapin tgid 1926 pid 1946 name "Binder:1926_1" vma 7f2e129000
           <...>-1946  [004] ....  4469.201734: do_swap_page: swapin tgid 1926 pid 1946 name "Binder:1926_1" vma 12d41000
           <...>-1946  [004] ....  4469.201738: do_swap_page: swapin tgid 1926 pid 1946 name "Binder:1926_1" vma 7f34f07000
           <...>-1946  [004] ....  4469.201740: do_swap_page: swapin tgid 1926 pid 1946 name "Binder:1926_1" vma 132c2000
           <...>-1946  [004] ....  4469.201744: do_swap_page: swapin tgid 1926 pid 1946 name "Binder:1926_1" vma 7fbe1e7000
           <...>-1356  [004] ....  4469.201789: do_swap_page: swapin tgid 1333 pid 1356 name "android.ui" vma 9da7e000
           <...>-6108  [004] ....  4469.201805: do_swap_page: swapin tgid 1333 pid 6108 name "Binder:1333_15" vma 9d9ce000
           <...>-2031  [004] ....  4469.201845: do_swap_page: swapin tgid 2031 pid 2031 name "droid.launcher3" vma 9d82e000
           <...>-2031  [004] ....  4469.201850: do_swap_page: swapin tgid 2031 pid 2031 name "droid.launcher3" vma 9d7ae000
           <...>-1854  [004] ....  4469.201877: do_swap_page: swapin tgid 1830 pid 1854 name "Binder:1830_2" vma 7f39800000
           <...>-1854  [004] ....  4469.201888: do_swap_page: swapin tgid 1830 pid 1854 name "Binder:1830_2" vma 133c1000
           <...>-1854  [004] ....  4469.201890: do_swap_page: swapin tgid 1830 pid 1854 name "Binder:1830_2" vma 133d4000
           <...>-1854  [004] ....  4469.201896: do_swap_page: swapin tgid 1830 pid 1854 name "Binder:1830_2" vma 7f35079000
           <...>-1854  [004] ....  4469.201899: do_swap_page: swapin tgid 1830 pid 1854 name "Binder:1830_2" vma 7175a000
           <...>-1854  [004] ....  4469.201907: do_swap_page: swapin tgid 1830 pid 1854 name "Binder:1830_2" vma 7f2d682000
 m.android.phone-1942  [004] ....  4469.201970: do_swap_page: swapin tgid 1942 pid 1942 name "m.android.phone" vma 718aa000
 m.android.phone-1942  [004] ....  4469.201977: do_swap_page: swapin tgid 1942 pid 1942 name "m.android.phone" vma 71757000
 m.android.phone-1942  [004] ....  4469.201981: do_swap_page: swapin tgid 1942 pid 1942 name "m.android.phone" vma 717e2000
 m.android.phone-1942  [004] ....  4469.201983: do_swap_page: swapin tgid 1942 pid 1942 name "m.android.phone" vma 717e3000
 m.android.phone-1942  [004] ....  4469.201986: do_swap_page: swapin tgid 1942 pid 1942 name "m.android.phone" vma 71780000
 m.android.phone-1942  [004] ....  4469.201990: do_swap_page: swapin tgid 1942 pid 1942 name "m.android.phone" vma 717e8000
           <...>-6108  [004] ....  4469.202017: do_swap_page: swapin tgid 1333 pid 6108 name "Binder:1333_15" vma 9d9ce000
           <...>-6108  [004] ....  4469.202029: do_swap_page: swapin tgid 1333 pid 6108 name "Binder:1333_15" vma 7f20f84000
           <...>-2031  [004] ....  4469.202071: do_swap_page: swapin tgid 2031 pid 2031 name "droid.launcher3" vma 9d7ae000
           <...>-2031  [004] ....  4469.202079: do_swap_page: swapin tgid 2031 pid 2031 name "droid.launcher3" vma 9d7b9000
           <...>-1946  [004] ....  4469.202120: do_swap_page: swapin tgid 1926 pid 1946 name "Binder:1926_1" vma 7fbe1e7000
           <...>-1946  [004] ....  4469.202126: do_swap_page: swapin tgid 1926 pid 1946 name "Binder:1926_1" vma 7fbe17f000
           <...>-2187  [004] ....  4469.202166: do_swap_page: swapin tgid 1717 pid 2187 name "ScreenDecoratio" vma 13db0000
           <...>-2187  [004] ....  4469.202188: do_swap_page: swapin tgid 1717 pid 2187 name "ScreenDecoratio" vma 7f28987000
           <...>-2187  [004] ....  4469.202192: do_swap_page: swapin tgid 1717 pid 2187 name "ScreenDecoratio" vma 7fbe188000
 m.android.phone-1942  [004] ....  4469.202221: do_swap_page: swapin tgid 1942 pid 1942 name "m.android.phone" vma 717e8000
 m.android.phone-1942  [004] ....  4469.202227: do_swap_page: swapin tgid 1942 pid 1942 name "m.android.phone" vma 71781000
 m.android.phone-1942  [004] ....  4469.202236: do_swap_page: swapin tgid 1942 pid 1942 name "m.android.phone" vma 71756000
 m.android.phone-1942  [004] ....  4469.202257: do_swap_page: swapin tgid 1942 pid 1942 name "m.android.phone" vma 71801000
           <...>-2031  [004] ....  4469.202278: do_swap_page: swapin tgid 2031 pid 2031 name "droid.launcher3" vma 9d7b9000
           <...>-2031  [004] ....  4469.202299: do_swap_page: swapin tgid 2031 pid 2031 name "droid.launcher3" vma 9d876000
           <...>-6108  [004] ....  4469.202320: do_swap_page: swapin tgid 1333 pid 6108 name "Binder:1333_15" vma 7f20f84000
           <...>-6108  [004] ....  4469.202403: do_swap_page: swapin tgid 1333 pid 6108 name "Binder:1333_15" vma 9db51000
           <...>-6108  [004] ....  4469.202441: do_swap_page: swapin tgid 1333 pid 6108 name "Binder:1333_15" vma 13fe0000
   Binder:1717_4-2076  [004] ....  4469.202571: do_swap_page: swapin tgid 1717 pid 2076 name "Binder:1717_4" vma 13831000
   Binder:1717_4-2076  [004] ....  4469.202578: do_swap_page: swapin tgid 1717 pid 2076 name "Binder:1717_4" vma 9d85e000
           <...>-2031  [004] ....  4469.202611: do_swap_page: swapin tgid 2031 pid 2031 name "droid.launcher3" vma 9d876000
           <...>-2031  [004] ....  4469.202617: do_swap_page: swapin tgid 2031 pid 2031 name "droid.launcher3" vma 9d7b1000
           <...>-1356  [004] ....  4469.202676: do_swap_page: swapin tgid 1333 pid 1356 name "android.ui" vma 9d926000
           <...>-1946  [004] ....  4469.202719: do_swap_page: swapin tgid 1926 pid 1946 name "Binder:1926_1" vma 7fbe17f000
           <...>-1946  [004] ....  4469.202724: do_swap_page: swapin tgid 1926 pid 1946 name "Binder:1926_1" vma 7fbe20a000
   Binder:1717_4-2076  [004] ....  4469.202749: do_swap_page: swapin tgid 1717 pid 2076 name "Binder:1717_4" vma 9d85e000
   Binder:1717_4-2076  [004] ....  4469.202756: do_swap_page: swapin tgid 1717 pid 2076 name "Binder:1717_4" vma 9d856000
           <...>-2031  [004] ....  4469.202877: do_swap_page: swapin tgid 2031 pid 2031 name "droid.launcher3" vma 9d7b1000
           <...>-2031  [004] ....  4469.202886: do_swap_page: swapin tgid 2031 pid 2031 name "droid.launcher3" vma 9d7b7000
           <...>-1356  [004] ....  4469.202932: do_swap_page: swapin tgid 1333 pid 1356 name "android.ui" vma 9d926000
           <...>-1356  [004] ....  4469.202937: do_swap_page: swapin tgid 1333 pid 1356 name "android.ui" vma 9d924000
   Binder:1717_4-2076  [004] ....  4469.202959: do_swap_page: swapin tgid 1717 pid 2076 name "Binder:1717_4" vma 9d856000
   Binder:1717_4-2076  [004] ....  4469.202964: do_swap_page: swapin tgid 1717 pid 2076 name "Binder:1717_4" vma 9da09000
           <...>-1946  [004] ....  4469.203001: do_swap_page: swapin tgid 1926 pid 1946 name "Binder:1926_1" vma 7fbe20a000
           <...>-1946  [004] ....  4469.203010: do_swap_page: swapin tgid 1926 pid 1946 name "Binder:1926_1" vma 7fbd225000
           <...>-1946  [004] ....  4469.203012: do_swap_page: swapin tgid 1926 pid 1946 name "Binder:1926_1" vma 7fbd221000
 m.android.phone-1942  [004] ....  4469.203035: do_swap_page: swapin tgid 1942 pid 1942 name "m.android.phone" vma 71801000
 m.android.phone-1942  [004] ....  4469.203062: do_swap_page: swapin tgid 1942 pid 1942 name "m.android.phone" vma 7fbb7f0000
 m.android.phone-1942  [004] ....  4469.203069: do_swap_page: swapin tgid 1942 pid 1942 name "m.android.phone" vma 7fbe243000
           <...>-2031  [004] ....  4469.203090: do_swap_page: swapin tgid 2031 pid 2031 name "droid.launcher3" vma 9d7b7000
           <...>-2031  [004] ....  4469.203112: do_swap_page: swapin tgid 2031 pid 2031 name "droid.launcher3" vma 9d829000
           <...>-2031  [004] ....  4469.203116: do_swap_page: swapin tgid 2031 pid 2031 name "droid.launcher3" vma 9d7c3000
           <...>-1356  [004] ....  4469.203136: do_swap_page: swapin tgid 1333 pid 1356 name "android.ui" vma 9d924000
           <...>-1356  [004] ....  4469.203187: do_swap_page: swapin tgid 1333 pid 1356 name "android.ui" vma 9d837000
           <...>-1356  [004] ....  4469.203191: do_swap_page: swapin tgid 1333 pid 1356 name "android.ui" vma 9d838000
           <...>-1356  [004] ....  4469.203192: do_swap_page: swapin tgid 1333 pid 1356 name "android.ui" vma 9d985000
   Binder:1717_4-2076  [004] ....  4469.203215: do_swap_page: swapin tgid 1717 pid 2076 name "Binder:1717_4" vma 9da09000
   Binder:1717_4-2076  [004] ....  4469.203220: do_swap_page: swapin tgid 1717 pid 2076 name "Binder:1717_4" vma 9da64000
           <...>-2187  [004] ....  4469.203243: do_swap_page: swapin tgid 1717 pid 2187 name "ScreenDecoratio" vma 7fbe188000
           <...>-2187  [004] ....  4469.203284: do_swap_page: swapin tgid 1717 pid 2187 name "ScreenDecoratio" vma 13db4000
           <...>-2187  [004] ....  4469.203318: do_swap_page: swapin tgid 1717 pid 2187 name "ScreenDecoratio" vma 7f28f28000
           <...>-1946  [004] ....  4469.203342: do_swap_page: swapin tgid 1926 pid 1946 name "Binder:1926_1" vma 7fbd221000
           <...>-1946  [004] ....  4469.203347: do_swap_page: swapin tgid 1926 pid 1946 name "Binder:1926_1" vma 7fbe306000
           <...>-1946  [004] ....  4469.203366: do_swap_page: swapin tgid 1926 pid 1946 name "Binder:1926_1" vma 7fbe30f000
           <...>-1946  [004] ....  4469.203370: do_swap_page: swapin tgid 1926 pid 1946 name "Binder:1926_1" vma 7fbe1d3000
           <...>-1946  [004] ....  4469.203374: do_swap_page: swapin tgid 1926 pid 1946 name "Binder:1926_1" vma 7f28b3f000
           <...>-1946  [004] ....  4469.203378: do_swap_page: swapin tgid 1926 pid 1946 name "Binder:1926_1" vma 7f2d145000
           <...>-2031  [004] ....  4469.203399: do_swap_page: swapin tgid 2031 pid 2031 name "droid.launcher3" vma 9d7c3000
           <...>-2031  [004] ....  4469.203404: do_swap_page: swapin tgid 2031 pid 2031 name "droid.launcher3" vma 9d870000
           <...>-2031  [004] ....  4469.203418: do_swap_page: swapin tgid 2031 pid 2031 name "droid.launcher3" vma 9d88d000
 m.android.phone-1942  [004] ....  4469.203439: do_swap_page: swapin tgid 1942 pid 1942 name "m.android.phone" vma 7fbe243000
 m.android.phone-1942  [004] ....  4469.203446: do_swap_page: swapin tgid 1942 pid 1942 name "m.android.phone" vma 7fbe211000
           <...>-1356  [004] ....  4469.203488: do_swap_page: swapin tgid 1333 pid 1356 name "android.ui" vma 9d985000
           <...>-1356  [004] ....  4469.203495: do_swap_page: swapin tgid 1333 pid 1356 name "android.ui" vma 13fe4000
           <...>-1356  [004] ....  4469.203502: do_swap_page: swapin tgid 1333 pid 1356 name "android.ui" vma 9d7e8000
           <...>-1356  [004] ....  4469.203505: do_swap_page: swapin tgid 1333 pid 1356 name "android.ui" vma 9d91d000
   Binder:1717_4-2076  [004] ....  4469.203550: do_swap_page: swapin tgid 1717 pid 2076 name "Binder:1717_4" vma 9da64000
   Binder:1717_4-2076  [004] ....  4469.203555: do_swap_page: swapin tgid 1717 pid 2076 name "Binder:1717_4" vma 9da50000
           <...>-1946  [004] ....  4469.203578: do_swap_page: swapin tgid 1926 pid 1946 name "Binder:1926_1" vma 7f2d145000
           <...>-1946  [004] ....  4469.203584: do_swap_page: swapin tgid 1926 pid 1946 name "Binder:1926_1" vma 7f39800000
           <...>-1358  [004] ....  4469.203607: do_swap_page: swapin tgid 1333 pid 1358 name "android.display" vma 7e623e7000
           <...>-2031  [004] ....  4469.203635: do_swap_page: swapin tgid 2031 pid 2031 name "droid.launcher3" vma 9d88d000
           <...>-2031  [004] ....  4469.203650: do_swap_page: swapin tgid 2031 pid 2031 name "droid.launcher3" vma 13201000
           <...>-2031  [004] ....  4469.203652: do_swap_page: swapin tgid 2031 pid 2031 name "droid.launcher3" vma 9d768000
           <...>-2031  [004] ....  4469.203655: do_swap_page: swapin tgid 2031 pid 2031 name "droid.launcher3" vma 9d769000
           <...>-1358  [004] ....  4469.203794: do_swap_page: swapin tgid 1333 pid 1358 name "android.display" vma 7ed0d63000
           <...>-1358  [004] ....  4469.203880: do_swap_page: swapin tgid 1333 pid 1358 name "android.display" vma 146b0000
           <...>-2031  [004] ....  4469.203911: do_swap_page: swapin tgid 2031 pid 2031 name "droid.launcher3" vma 9d769000
           <...>-2031  [004] ....  4469.203917: do_swap_page: swapin tgid 2031 pid 2031 name "droid.launcher3" vma 13202000
           <...>-2031  [004] ....  4469.203919: do_swap_page: swapin tgid 2031 pid 2031 name "droid.launcher3" vma 13203000
           <...>-2031  [004] ....  4469.203920: do_swap_page: swapin tgid 2031 pid 2031 name "droid.launcher3" vma 13204000
           <...>-2031  [004] ....  4469.203922: do_swap_page: swapin tgid 2031 pid 2031 name "droid.launcher3" vma 13205000
           <...>-2031  [004] ....  4469.203924: do_swap_page: swapin tgid 2031 pid 2031 name "droid.launcher3" vma 13206000
           <...>-2031  [004] ....  4469.203925: do_swap_page: swapin tgid 2031 pid 2031 name "droid.launcher3" vma 13207000
           <...>-2031  [004] ....  4469.203930: do_swap_page: swapin tgid 2031 pid 2031 name "droid.launcher3" vma 13208000
           <...>-2031  [004] ....  4469.203937: do_swap_page: swapin tgid 2031 pid 2031 name "droid.launcher3" vma 9d858000
           <...>-2031  [004] ....  4469.203943: do_swap_page: swapin tgid 2031 pid 2031 name "droid.launcher3" vma 1323e000
           <...>-2031  [004] ....  4469.203948: do_swap_page: swapin tgid 2031 pid 2031 name "droid.launcher3" vma 1323f000
           <...>-2031  [004] ....  4469.203954: do_swap_page: swapin tgid 2031 pid 2031 name "droid.launcher3" vma 9d87d000
           <...>-1358  [004] ....  4469.203982: do_swap_page: swapin tgid 1333 pid 1358 name "android.display" vma 7ed0dde000
           <...>-1358  [004] ....  4469.204009: do_swap_page: swapin tgid 1333 pid 1358 name "android.display" vma 7eb6d99000
           <...>-1358  [004] ....  4469.204032: do_swap_page: swapin tgid 1333 pid 1358 name "android.display" vma 7e6219e000
           <...>-1358  [004] .n..  4469.204079: do_swap_page: swapin tgid 1333 pid 1358 name "android.display" vma 7e86899000
           <...>-2031  [004] ....  4469.204084: do_swap_page: swapin tgid 2031 pid 2031 name "droid.launcher3" vma 9d87d000
           <...>-2031  [004] ....  4469.204092: do_swap_page: swapin tgid 2031 pid 2031 name "droid.launcher3" vma 1323c000
           <...>-2031  [004] ....  4469.204099: do_swap_page: swapin tgid 2031 pid 2031 name "droid.launcher3" vma 1323b000
           <...>-2031  [004] ....  4469.204103: do_swap_page: swapin tgid 2031 pid 2031 name "droid.launcher3" vma 13239000
