           <...>-2031  [004] ....  2778.289373: do_swap_page: swapin tgid 2031 pid 2031 name "droid.launcher3" vma 9d833000
           <...>-2031  [004] ....  2778.289382: do_swap_page: swapin tgid 2031 pid 2031 name "droid.launcher3" vma 13c23000
           <...>-2031  [004] ....  2778.289385: do_swap_page: swapin tgid 2031 pid 2031 name "droid.launcher3" vma 9d7d9000
           <...>-2031  [004] ....  2778.289387: do_swap_page: swapin tgid 2031 pid 2031 name "droid.launcher3" vma 9d830000
  HwBinder:604_1-636   [004] ....  2778.289445: do_swap_page: swapin tgid 604 pid 636 name "HwBinder:604_1" vma 7fb0d45000
  HwBinder:604_1-636   [004] ....  2778.289453: do_swap_page: swapin tgid 604 pid 636 name "HwBinder:604_1" vma 7fb0d29000
           <...>-2031  [004] ....  2778.289527: do_swap_page: swapin tgid 2031 pid 2031 name "droid.launcher3" vma 9d830000
           <...>-2031  [004] ....  2778.289534: do_swap_page: swapin tgid 2031 pid 2031 name "droid.launcher3" vma 13cca000
           <...>-2031  [004] ....  2778.289536: do_swap_page: swapin tgid 2031 pid 2031 name "droid.launcher3" vma 9d78c000
           <...>-2031  [004] ....  2778.289538: do_swap_page: swapin tgid 2031 pid 2031 name "droid.launcher3" vma 9d855000
 ndroid.systemui-1717  [004] ....  2778.289574: do_swap_page: swapin tgid 1717 pid 1717 name "ndroid.systemui" vma 9d9b5000
  HwBinder:604_1-636   [004] ....  2778.289597: do_swap_page: swapin tgid 604 pid 636 name "HwBinder:604_1" vma 7fb0d29000
  HwBinder:604_1-636   [004] ....  2778.289611: do_swap_page: swapin tgid 604 pid 636 name "HwBinder:604_1" vma 7fbb50c000
  HwBinder:604_1-636   [004] ....  2778.289614: do_swap_page: swapin tgid 604 pid 636 name "HwBinder:604_1" vma 7fbb50b000
  HwBinder:604_1-636   [004] ....  2778.289620: do_swap_page: swapin tgid 604 pid 636 name "HwBinder:604_1" vma 7fbb4ad000
  HwBinder:604_1-636   [004] ....  2778.289621: do_swap_page: swapin tgid 604 pid 636 name "HwBinder:604_1" vma 7fbb4a7000
  HwBinder:604_1-636   [004] ....  2778.289624: do_swap_page: swapin tgid 604 pid 636 name "HwBinder:604_1" vma 7fbb4ae000
           <...>-602   [004] ....  2778.290246: do_swap_page: swapin tgid 602 pid 602 name "surfaceflinger" vma 7fbc208000
           <...>-602   [004] ....  2778.290253: do_swap_page: swapin tgid 602 pid 602 name "surfaceflinger" vma 7fbc209000
           <...>-2031  [004] ....  2778.290363: do_swap_page: swapin tgid 2031 pid 2031 name "droid.launcher3" vma 9d855000
           <...>-2031  [004] ....  2778.290372: do_swap_page: swapin tgid 2031 pid 2031 name "droid.launcher3" vma 7ec4b10000
           <...>-2031  [004] ....  2778.290377: do_swap_page: swapin tgid 2031 pid 2031 name "droid.launcher3" vma 7f28a71000
           <...>-2031  [004] ....  2778.290384: do_swap_page: swapin tgid 2031 pid 2031 name "droid.launcher3" vma 9d74b000
           <...>-2031  [004] ....  2778.290386: do_swap_page: swapin tgid 2031 pid 2031 name "droid.launcher3" vma 9d7e6000
           <...>-2031  [004] ....  2778.290389: do_swap_page: swapin tgid 2031 pid 2031 name "droid.launcher3" vma 9d83d000
           <...>-2031  [004] ....  2778.290394: do_swap_page: swapin tgid 2031 pid 2031 name "droid.launcher3" vma 9d85b000
           <...>-2031  [004] ....  2778.290396: do_swap_page: swapin tgid 2031 pid 2031 name "droid.launcher3" vma 13c2d000
           <...>-2031  [004] ....  2778.290398: do_swap_page: swapin tgid 2031 pid 2031 name "droid.launcher3" vma 9d7cf000
           <...>-2031  [004] ....  2778.290399: do_swap_page: swapin tgid 2031 pid 2031 name "droid.launcher3" vma 9d825000
           <...>-2031  [004] ....  2778.290534: do_swap_page: swapin tgid 2031 pid 2031 name "droid.launcher3" vma 9d825000
           <...>-2031  [004] ....  2778.290539: do_swap_page: swapin tgid 2031 pid 2031 name "droid.launcher3" vma 13107000
           <...>-2031  [004] ....  2778.290546: do_swap_page: swapin tgid 2031 pid 2031 name "droid.launcher3" vma 13c25000
           <...>-2031  [004] ....  2778.290549: do_swap_page: swapin tgid 2031 pid 2031 name "droid.launcher3" vma 9d86f000
           <...>-2031  [004] ....  2778.290551: do_swap_page: swapin tgid 2031 pid 2031 name "droid.launcher3" vma 13140000
           <...>-2031  [004] ....  2778.290556: do_swap_page: swapin tgid 2031 pid 2031 name "droid.launcher3" vma 9d7e7000
           <...>-2031  [004] ....  2778.290557: do_swap_page: swapin tgid 2031 pid 2031 name "droid.launcher3" vma 9d887000
     logd.writer-572   [004] ....  2778.290637: do_swap_page: swapin tgid 556 pid 572 name "logd.writer" vma 7fbbe61000
           <...>-2031  [004] ....  2778.290674: do_swap_page: swapin tgid 2031 pid 2031 name "droid.launcher3" vma 9d887000
           <...>-2031  [004] ....  2778.290679: do_swap_page: swapin tgid 2031 pid 2031 name "droid.launcher3" vma 9d81d000
 ndroid.systemui-1717  [004] ....  2778.290720: do_swap_page: swapin tgid 1717 pid 1717 name "ndroid.systemui" vma 9d9b5000
 ndroid.systemui-1717  [004] ....  2778.290730: do_swap_page: swapin tgid 1717 pid 1717 name "ndroid.systemui" vma 9d979000
     logd.writer-572   [004] ....  2778.290758: do_swap_page: swapin tgid 556 pid 572 name "logd.writer" vma 7fbbe8d000
     logd.writer-572   [004] ....  2778.290765: do_swap_page: swapin tgid 556 pid 572 name "logd.writer" vma 7fb25c2000
     logd.writer-572   [004] ....  2778.290768: do_swap_page: swapin tgid 556 pid 572 name "logd.writer" vma 7fb25e0000
           <...>-2031  [004] ....  2778.290826: do_swap_page: swapin tgid 2031 pid 2031 name "droid.launcher3" vma 9d81d000
           <...>-2031  [004] ....  2778.290855: do_swap_page: swapin tgid 2031 pid 2031 name "droid.launcher3" vma 9d797000
 ndroid.systemui-1717  [004] ....  2778.290878: do_swap_page: swapin tgid 1717 pid 1717 name "ndroid.systemui" vma 9d979000
 ndroid.systemui-1717  [004] ....  2778.290894: do_swap_page: swapin tgid 1717 pid 1717 name "ndroid.systemui" vma 7fbe1a4000
 ndroid.systemui-1717  [004] ....  2778.290916: do_swap_page: swapin tgid 1717 pid 1717 name "ndroid.systemui" vma 1326d000
 ndroid.systemui-1717  [004] ....  2778.290923: do_swap_page: swapin tgid 1717 pid 1717 name "ndroid.systemui" vma 7eb3eb4000
 ndroid.systemui-1717  [004] ....  2778.290934: do_swap_page: swapin tgid 1717 pid 1717 name "ndroid.systemui" vma 7f2898b000
 ndroid.systemui-1717  [004] ....  2778.290951: do_swap_page: swapin tgid 1717 pid 1717 name "ndroid.systemui" vma 9d958000
           <...>-2031  [004] ....  2778.291006: do_swap_page: swapin tgid 2031 pid 2031 name "droid.launcher3" vma 9d797000
           <...>-2031  [004] ....  2778.291011: do_swap_page: swapin tgid 2031 pid 2031 name "droid.launcher3" vma 13c38000
           <...>-2031  [004] ....  2778.291013: do_swap_page: swapin tgid 2031 pid 2031 name "droid.launcher3" vma 9d77e000
     logd.writer-572   [004] ....  2778.291037: do_swap_page: swapin tgid 556 pid 572 name "logd.writer" vma 7fb25e0000
     logd.writer-572   [004] ....  2778.291108: do_swap_page: swapin tgid 556 pid 572 name "logd.writer" vma 7fbbe0b000
           <...>-2031  [004] ....  2778.291128: do_swap_page: swapin tgid 2031 pid 2031 name "droid.launcher3" vma 9d77e000
           <...>-2031  [004] ....  2778.291134: do_swap_page: swapin tgid 2031 pid 2031 name "droid.launcher3" vma 9d79f000
 ndroid.systemui-1717  [004] ....  2778.291184: do_swap_page: swapin tgid 1717 pid 1717 name "ndroid.systemui" vma 9d958000
 ndroid.systemui-1717  [004] ....  2778.291193: do_swap_page: swapin tgid 1717 pid 1717 name "ndroid.systemui" vma 133c6000
 ndroid.systemui-1717  [004] ....  2778.291196: do_swap_page: swapin tgid 1717 pid 1717 name "ndroid.systemui" vma 9da35000
           <...>-2031  [004] ....  2778.291257: do_swap_page: swapin tgid 2031 pid 2031 name "droid.launcher3" vma 9d79f000
           <...>-2031  [004] ....  2778.291263: do_swap_page: swapin tgid 2031 pid 2031 name "droid.launcher3" vma 7ed0e11000
           <...>-2031  [004] ....  2778.291271: do_swap_page: swapin tgid 2031 pid 2031 name "droid.launcher3" vma 9d74d000
     logd.writer-572   [004] ....  2778.291351: do_swap_page: swapin tgid 556 pid 572 name "logd.writer" vma 7fbbe0b000
     logd.writer-572   [004] ....  2778.291359: do_swap_page: swapin tgid 556 pid 572 name "logd.writer" vma 7fbbe41000
     logd.writer-572   [004] ....  2778.291363: do_swap_page: swapin tgid 556 pid 572 name "logd.writer" vma 7fbbf73000
     logd.writer-572   [004] ....  2778.291366: do_swap_page: swapin tgid 556 pid 572 name "logd.writer" vma 7fbbe39000
           <...>-2031  [004] ....  2778.291513: do_swap_page: swapin tgid 2031 pid 2031 name "droid.launcher3" vma 9d74d000
           <...>-2031  [004] ....  2778.291518: do_swap_page: swapin tgid 2031 pid 2031 name "droid.launcher3" vma 13cc9000
           <...>-2031  [004] ....  2778.291520: do_swap_page: swapin tgid 2031 pid 2031 name "droid.launcher3" vma 9d751000
 ndroid.systemui-1717  [004] ....  2778.291544: do_swap_page: swapin tgid 1717 pid 1717 name "ndroid.systemui" vma 9da35000
 ndroid.systemui-1717  [004] ....  2778.291554: do_swap_page: swapin tgid 1717 pid 1717 name "ndroid.systemui" vma 9d8b9000
 ndroid.systemui-1717  [004] ....  2778.291559: do_swap_page: swapin tgid 1717 pid 1717 name "ndroid.systemui" vma 9da25000
           <...>-2031  [004] ....  2778.291635: do_swap_page: swapin tgid 2031 pid 2031 name "droid.launcher3" vma 9d751000
           <...>-2031  [004] ....  2778.291640: do_swap_page: swapin tgid 2031 pid 2031 name "droid.launcher3" vma 9d755000
 ndroid.systemui-1717  [004] ....  2778.291688: do_swap_page: swapin tgid 1717 pid 1717 name "ndroid.systemui" vma 9da25000
 ndroid.systemui-1717  [004] ....  2778.291694: do_swap_page: swapin tgid 1717 pid 1717 name "ndroid.systemui" vma 9d969000
           <...>-2031  [004] ....  2778.291756: do_swap_page: swapin tgid 2031 pid 2031 name "droid.launcher3" vma 9d755000
           <...>-2031  [004] ....  2778.291761: do_swap_page: swapin tgid 2031 pid 2031 name "droid.launcher3" vma 13cfa000
           <...>-2031  [004] ....  2778.291764: do_swap_page: swapin tgid 2031 pid 2031 name "droid.launcher3" vma 7ed0e9a000
           <...>-2031  [004] ....  2778.291770: do_swap_page: swapin tgid 2031 pid 2031 name "droid.launcher3" vma 7ec4b3c000
           <...>-2031  [004] ....  2778.291779: do_swap_page: swapin tgid 2031 pid 2031 name "droid.launcher3" vma 7fbe1e7000
           <...>-2031  [004] ....  2778.291782: do_swap_page: swapin tgid 2031 pid 2031 name "droid.launcher3" vma 7fbe17f000
           <...>-2031  [004] ....  2778.291788: do_swap_page: swapin tgid 2031 pid 2031 name "droid.launcher3" vma 7ed0c0f000
           <...>-2031  [004] ....  2778.291823: do_swap_page: swapin tgid 2031 pid 2031 name "droid.launcher3" vma 7fbe20a000
 ndroid.systemui-1717  [004] ....  2778.291849: do_swap_page: swapin tgid 1717 pid 1717 name "ndroid.systemui" vma 9d969000
 ndroid.systemui-1717  [004] ....  2778.291855: do_swap_page: swapin tgid 1717 pid 1717 name "ndroid.systemui" vma 9d8da000
 ndroid.systemui-1717  [004] ....  2778.291858: do_swap_page: swapin tgid 1717 pid 1717 name "ndroid.systemui" vma 9d98c000
 ndroid.systemui-1717  [004] ....  2778.291979: do_swap_page: swapin tgid 1717 pid 1717 name "ndroid.systemui" vma 9d98c000
 ndroid.systemui-1717  [004] ....  2778.291983: do_swap_page: swapin tgid 1717 pid 1717 name "ndroid.systemui" vma 9d8b7000
 ndroid.systemui-1717  [004] ....  2778.291984: do_swap_page: swapin tgid 1717 pid 1717 name "ndroid.systemui" vma 9d945000
           <...>-2031  [004] ....  2778.292008: do_swap_page: swapin tgid 2031 pid 2031 name "droid.launcher3" vma 7fbe20a000
           <...>-2031  [004] ....  2778.292014: do_swap_page: swapin tgid 2031 pid 2031 name "droid.launcher3" vma 7f2896c000
           <...>-2031  [004] ....  2778.292017: do_swap_page: swapin tgid 2031 pid 2031 name "droid.launcher3" vma 7f289bb000
           <...>-2031  [004] ....  2778.292018: do_swap_page: swapin tgid 2031 pid 2031 name "droid.launcher3" vma 7f28b48000
           <...>-2031  [004] ....  2778.292021: do_swap_page: swapin tgid 2031 pid 2031 name "droid.launcher3" vma 7f2d286000
           <...>-2031  [004] ....  2778.292026: do_swap_page: swapin tgid 2031 pid 2031 name "droid.launcher3" vma 7ec6d8d000
           <...>-2031  [004] ....  2778.292031: do_swap_page: swapin tgid 2031 pid 2031 name "droid.launcher3" vma 9d86d000
 ndroid.systemui-1717  [004] ....  2778.292094: do_swap_page: swapin tgid 1717 pid 1717 name "ndroid.systemui" vma 9d945000
 ndroid.systemui-1717  [004] ....  2778.292100: do_swap_page: swapin tgid 1717 pid 1717 name "ndroid.systemui" vma 9d8a5000
 ndroid.systemui-1717  [004] ....  2778.292102: do_swap_page: swapin tgid 1717 pid 1717 name "ndroid.systemui" vma 9d955000
           <...>-2031  [004] ....  2778.292150: do_swap_page: swapin tgid 2031 pid 2031 name "droid.launcher3" vma 9d86d000
           <...>-2031  [004] ....  2778.292160: do_swap_page: swapin tgid 2031 pid 2031 name "droid.launcher3" vma 7fbe23b000
           <...>-2031  [004] ....  2778.292162: do_swap_page: swapin tgid 2031 pid 2031 name "droid.launcher3" vma 9d798000
 ndroid.systemui-1717  [004] ....  2778.292218: do_swap_page: swapin tgid 1717 pid 1717 name "ndroid.systemui" vma 9d955000
 ndroid.systemui-1717  [004] ....  2778.292227: do_swap_page: swapin tgid 1717 pid 1717 name "ndroid.systemui" vma 7ead3b2000
 ndroid.systemui-1717  [004] ....  2778.292240: do_swap_page: swapin tgid 1717 pid 1717 name "ndroid.systemui" vma 9d9f5000
           <...>-2031  [004] ....  2778.292278: do_swap_page: swapin tgid 2031 pid 2031 name "droid.launcher3" vma 9d798000
           <...>-2031  [004] ....  2778.292284: do_swap_page: swapin tgid 2031 pid 2031 name "droid.launcher3" vma 9d77c000
           <...>-2031  [004] ....  2778.292420: do_swap_page: swapin tgid 2031 pid 2031 name "droid.launcher3" vma 9d77c000
           <...>-2031  [004] ....  2778.292430: do_swap_page: swapin tgid 2031 pid 2031 name "droid.launcher3" vma 9d860000
 ndroid.systemui-1717  [004] ....  2778.292456: do_swap_page: swapin tgid 1717 pid 1717 name "ndroid.systemui" vma 9d9f5000
 ndroid.systemui-1717  [004] ....  2778.292461: do_swap_page: swapin tgid 1717 pid 1717 name "ndroid.systemui" vma 9d92e000
           <...>-2031  [004] ....  2778.292544: do_swap_page: swapin tgid 2031 pid 2031 name "droid.launcher3" vma 9d860000
           <...>-2031  [004] ....  2778.292552: do_swap_page: swapin tgid 2031 pid 2031 name "droid.launcher3" vma 9d86b000
 ndroid.systemui-1717  [004] ....  2778.292594: do_swap_page: swapin tgid 1717 pid 1717 name "ndroid.systemui" vma 9d92e000
 ndroid.systemui-1717  [004] ....  2778.292600: do_swap_page: swapin tgid 1717 pid 1717 name "ndroid.systemui" vma 9d981000
           <...>-2031  [004] ....  2778.292678: do_swap_page: swapin tgid 2031 pid 2031 name "droid.launcher3" vma 9d86b000
           <...>-2031  [004] ....  2778.292691: do_swap_page: swapin tgid 2031 pid 2031 name "droid.launcher3" vma 12c44000
           <...>-2031  [004] ....  2778.292695: do_swap_page: swapin tgid 2031 pid 2031 name "droid.launcher3" vma 7f34f06000
           <...>-2031  [004] ....  2778.292733: do_swap_page: swapin tgid 2031 pid 2031 name "droid.launcher3" vma 7fbf5e3000
 ndroid.systemui-1717  [004] ....  2778.292760: do_swap_page: swapin tgid 1717 pid 1717 name "ndroid.systemui" vma 9d981000
 ndroid.systemui-1717  [004] ....  2778.292767: do_swap_page: swapin tgid 1717 pid 1717 name "ndroid.systemui" vma 9d9df000
 ndroid.systemui-1717  [004] ....  2778.292772: do_swap_page: swapin tgid 1717 pid 1717 name "ndroid.systemui" vma 9d8b4000
 ndroid.systemui-1717  [004] ....  2778.292773: do_swap_page: swapin tgid 1717 pid 1717 name "ndroid.systemui" vma 9da21000
           <...>-2031  [004] ....  2778.292908: do_swap_page: swapin tgid 2031 pid 2031 name "droid.launcher3" vma 7fbf5e3000
           <...>-2031  [004] ....  2778.292923: do_swap_page: swapin tgid 2031 pid 2031 name "droid.launcher3" vma 7ed0de7000
           <...>-2031  [004] ....  2778.292928: do_swap_page: swapin tgid 2031 pid 2031 name "droid.launcher3" vma 9d86a000
 ndroid.systemui-1717  [004] ....  2778.292954: do_swap_page: swapin tgid 1717 pid 1717 name "ndroid.systemui" vma 9da21000
 ndroid.systemui-1717  [004] ....  2778.292959: do_swap_page: swapin tgid 1717 pid 1717 name "ndroid.systemui" vma 9d964000
           <...>-2031  [004] ....  2778.293041: do_swap_page: swapin tgid 2031 pid 2031 name "droid.launcher3" vma 9d86a000
           <...>-2031  [004] ....  2778.293047: do_swap_page: swapin tgid 2031 pid 2031 name "droid.launcher3" vma 13cc7000
           <...>-2031  [004] ....  2778.293051: do_swap_page: swapin tgid 2031 pid 2031 name "droid.launcher3" vma 13109000
           <...>-2031  [004] ....  2778.293052: do_swap_page: swapin tgid 2031 pid 2031 name "droid.launcher3" vma 9d783000
 ndroid.systemui-1717  [004] ....  2778.293100: do_swap_page: swapin tgid 1717 pid 1717 name "ndroid.systemui" vma 9d964000
 ndroid.systemui-1717  [004] ....  2778.293107: do_swap_page: swapin tgid 1717 pid 1717 name "ndroid.systemui" vma 9d8a0000
 ndroid.systemui-1717  [004] ....  2778.293109: do_swap_page: swapin tgid 1717 pid 1717 name "ndroid.systemui" vma 9d94f000
           <...>-2031  [004] ....  2778.293186: do_swap_page: swapin tgid 2031 pid 2031 name "droid.launcher3" vma 9d783000
           <...>-2031  [004] ....  2778.293192: do_swap_page: swapin tgid 2031 pid 2031 name "droid.launcher3" vma 1325a000
           <...>-2031  [004] ....  2778.293195: do_swap_page: swapin tgid 2031 pid 2031 name "droid.launcher3" vma 7ed0e10000
           <...>-2031  [004] ....  2778.293197: do_swap_page: swapin tgid 2031 pid 2031 name "droid.launcher3" vma 1324a000
           <...>-2031  [004] ....  2778.293199: do_swap_page: swapin tgid 2031 pid 2031 name "droid.launcher3" vma 7ed0ecb000
           <...>-2031  [004] ....  2778.293204: do_swap_page: swapin tgid 2031 pid 2031 name "droid.launcher3" vma 7fbe22d000
           <...>-2031  [004] ....  2778.293206: do_swap_page: swapin tgid 2031 pid 2031 name "droid.launcher3" vma 7fbe22b000
           <...>-2031  [004] ....  2778.293209: do_swap_page: swapin tgid 2031 pid 2031 name "droid.launcher3" vma 9d784000
           <...>-2031  [004] ....  2778.293238: do_swap_page: swapin tgid 2031 pid 2031 name "droid.launcher3" vma 9d863000
 ndroid.systemui-1717  [004] ....  2778.293262: do_swap_page: swapin tgid 1717 pid 1717 name "ndroid.systemui" vma 9d94f000
 ndroid.systemui-1717  [004] ....  2778.293268: do_swap_page: swapin tgid 1717 pid 1717 name "ndroid.systemui" vma 9d977000
           <...>-2031  [004] ....  2778.293351: do_swap_page: swapin tgid 2031 pid 2031 name "droid.launcher3" vma 9d863000
           <...>-2031  [004] ....  2778.293357: do_swap_page: swapin tgid 2031 pid 2031 name "droid.launcher3" vma 9d883000
 ndroid.systemui-1717  [004] ....  2778.293395: do_swap_page: swapin tgid 1717 pid 1717 name "ndroid.systemui" vma 9d977000
           <...>-2031  [004] ....  2778.293474: do_swap_page: swapin tgid 2031 pid 2031 name "droid.launcher3" vma 9d883000
           <...>-2031  [004] ....  2778.293479: do_swap_page: swapin tgid 2031 pid 2031 name "droid.launcher3" vma 9d896000
 ndroid.systemui-1717  [004] ....  2778.293523: do_swap_page: swapin tgid 1717 pid 1717 name "ndroid.systemui" vma 7eb3e3f000
 ndroid.systemui-1717  [004] ....  2778.293534: do_swap_page: swapin tgid 1717 pid 1717 name "ndroid.systemui" vma 7eb3e40000
 ndroid.systemui-1717  [004] ....  2778.293548: do_swap_page: swapin tgid 1717 pid 1717 name "ndroid.systemui" vma 13ef9000
 ndroid.systemui-1717  [004] ....  2778.293554: do_swap_page: swapin tgid 1717 pid 1717 name "ndroid.systemui" vma 13efa000
 ndroid.systemui-1717  [004] ....  2778.293559: do_swap_page: swapin tgid 1717 pid 1717 name "ndroid.systemui" vma 7fbc835000
           <...>-2031  [004] ....  2778.293592: do_swap_page: swapin tgid 2031 pid 2031 name "droid.launcher3" vma 9d896000
           <...>-2031  [004] ....  2778.293598: do_swap_page: swapin tgid 2031 pid 2031 name "droid.launcher3" vma 9d8f6000
           <...>-2031  [004] ....  2778.293601: do_swap_page: swapin tgid 2031 pid 2031 name "droid.launcher3" vma 9d890000
 ndroid.systemui-1717  [004] ....  2778.293638: do_swap_page: swapin tgid 1717 pid 1717 name "ndroid.systemui" vma 7eb3514000
 ndroid.systemui-1717  [004] ....  2778.293645: do_swap_page: swapin tgid 1717 pid 1717 name "ndroid.systemui" vma 7fbc834000
           <...>-2031  [004] ....  2778.293733: do_swap_page: swapin tgid 2031 pid 2031 name "droid.launcher3" vma 9d890000
           <...>-2031  [004] ....  2778.293739: do_swap_page: swapin tgid 2031 pid 2031 name "droid.launcher3" vma 9d861000
           <...>-2031  [004] ....  2778.293744: do_swap_page: swapin tgid 2031 pid 2031 name "droid.launcher3" vma 13259000
           <...>-2031  [004] ....  2778.293746: do_swap_page: swapin tgid 2031 pid 2031 name "droid.launcher3" vma 9d749000
           <...>-2031  [004] ....  2778.293750: do_swap_page: swapin tgid 2031 pid 2031 name "droid.launcher3" vma 13248000
           <...>-2031  [004] ....  2778.293753: do_swap_page: swapin tgid 2031 pid 2031 name "droid.launcher3" vma 9d74a000
           <...>-2031  [004] ....  2778.293872: do_swap_page: swapin tgid 2031 pid 2031 name "droid.launcher3" vma 9d74a000
           <...>-2031  [004] ....  2778.293880: do_swap_page: swapin tgid 2031 pid 2031 name "droid.launcher3" vma 9d84b000
           <...>-2031  [004] ....  2778.293990: do_swap_page: swapin tgid 2031 pid 2031 name "droid.launcher3" vma 9d84b000
           <...>-2031  [004] ....  2778.293996: do_swap_page: swapin tgid 2031 pid 2031 name "droid.launcher3" vma 13c3d000
           <...>-2031  [004] ....  2778.293998: do_swap_page: swapin tgid 2031 pid 2031 name "droid.launcher3" vma 9d772000
           <...>-2031  [004] ....  2778.294100: do_swap_page: swapin tgid 2031 pid 2031 name "droid.launcher3" vma 9d772000
           <...>-2031  [004] ....  2778.294103: do_swap_page: swapin tgid 2031 pid 2031 name "droid.launcher3" vma 9d771000
           <...>-2031  [004] ....  2778.294108: do_swap_page: swapin tgid 2031 pid 2031 name "droid.launcher3" vma 7ed0e9e000
           <...>-2031  [004] ....  2778.294111: do_swap_page: swapin tgid 2031 pid 2031 name "droid.launcher3" vma 9d757000
           <...>-2031  [004] ....  2778.294206: do_swap_page: swapin tgid 2031 pid 2031 name "droid.launcher3" vma 9d757000
           <...>-2031  [004] ....  2778.294209: do_swap_page: swapin tgid 2031 pid 2031 name "droid.launcher3" vma 9d756000
           <...>-2031  [004] ....  2778.294211: do_swap_page: swapin tgid 2031 pid 2031 name "droid.launcher3" vma 13249000
           <...>-2031  [004] ....  2778.294213: do_swap_page: swapin tgid 2031 pid 2031 name "droid.launcher3" vma 7ec4b01000
           <...>-2031  [004] ....  2778.294223: do_swap_page: swapin tgid 2031 pid 2031 name "droid.launcher3" vma 9d7d4000
           <...>-2031  [004] ....  2778.294225: do_swap_page: swapin tgid 2031 pid 2031 name "droid.launcher3" vma 9d87a000
           <...>-2031  [004] ....  2778.294332: do_swap_page: swapin tgid 2031 pid 2031 name "droid.launcher3" vma 9d87a000
           <...>-2031  [004] ....  2778.294334: do_swap_page: swapin tgid 2031 pid 2031 name "droid.launcher3" vma 9d82c000
           <...>-2031  [004] ....  2778.294444: do_swap_page: swapin tgid 2031 pid 2031 name "droid.launcher3" vma 9d82c000
           <...>-2031  [004] ....  2778.294452: do_swap_page: swapin tgid 2031 pid 2031 name "droid.launcher3" vma 7ed0ead000
           <...>-2031  [004] ....  2778.294456: do_swap_page: swapin tgid 2031 pid 2031 name "droid.launcher3" vma 7f2d287000
           <...>-2031  [004] ....  2778.294573: do_swap_page: swapin tgid 2031 pid 2031 name "droid.launcher3" vma 7f2d287000
           <...>-2031  [004] ....  2778.294577: do_swap_page: swapin tgid 2031 pid 2031 name "droid.launcher3" vma 7fbe1c0000
           <...>-2031  [004] ....  2778.294581: do_swap_page: swapin tgid 2031 pid 2031 name "droid.launcher3" vma 7f395f0000
           <...>-2031  [004] ....  2778.294683: do_swap_page: swapin tgid 2031 pid 2031 name "droid.launcher3" vma 7f395f0000
           <...>-2031  [004] ....  2778.294691: do_swap_page: swapin tgid 2031 pid 2031 name "droid.launcher3" vma 7f39805000
           <...>-2031  [004] ....  2778.294694: do_swap_page: swapin tgid 2031 pid 2031 name "droid.launcher3" vma 7f39807000
           <...>-2031  [004] ....  2778.294697: do_swap_page: swapin tgid 2031 pid 2031 name "droid.launcher3" vma 7f39846000
           <...>-2031  [004] ....  2778.294700: do_swap_page: swapin tgid 2031 pid 2031 name "droid.launcher3" vma 7f3980d000
           <...>-2031  [004] ....  2778.294702: do_swap_page: swapin tgid 2031 pid 2031 name "droid.launcher3" vma 7f39810000
           <...>-2031  [004] ....  2778.294705: do_swap_page: swapin tgid 2031 pid 2031 name "droid.launcher3" vma 7f39830000
           <...>-2031  [004] ....  2778.294707: do_swap_page: swapin tgid 2031 pid 2031 name "droid.launcher3" vma 7f3983d000
           <...>-2031  [004] ....  2778.294713: do_swap_page: swapin tgid 2031 pid 2031 name "droid.launcher3" vma 7f39843000
           <...>-2031  [004] ....  2778.294716: do_swap_page: swapin tgid 2031 pid 2031 name "droid.launcher3" vma 7f39844000
           <...>-2031  [004] ....  2778.294720: do_swap_page: swapin tgid 2031 pid 2031 name "droid.launcher3" vma 7fbe1cb000
           <...>-2031  [004] ....  2778.294826: do_swap_page: swapin tgid 2031 pid 2031 name "droid.launcher3" vma 7fbe1cb000
           <...>-2031  [004] ....  2778.294835: do_swap_page: swapin tgid 2031 pid 2031 name "droid.launcher3" vma 13c00000
           <...>-2031  [004] ....  2778.294840: do_swap_page: swapin tgid 2031 pid 2031 name "droid.launcher3" vma 7fbe254000
           <...>-2031  [004] ....  2778.294847: do_swap_page: swapin tgid 2031 pid 2031 name "droid.launcher3" vma 7fbddf7000
           <...>-2031  [004] ....  2778.295008: do_swap_page: swapin tgid 2031 pid 2031 name "droid.launcher3" vma 7fbddf7000
           <...>-2031  [004] ....  2778.295016: do_swap_page: swapin tgid 2031 pid 2031 name "droid.launcher3" vma 7173c000
           <...>-2031  [004] ....  2778.295019: do_swap_page: swapin tgid 2031 pid 2031 name "droid.launcher3" vma 718a9000
           <...>-2031  [004] ....  2778.295027: do_swap_page: swapin tgid 2031 pid 2031 name "droid.launcher3" vma 7f28b4e000
           <...>-2031  [004] ....  2778.295036: do_swap_page: swapin tgid 2031 pid 2031 name "droid.launcher3" vma 7ec62ca000
           <...>-2031  [004] ....  2778.295039: do_swap_page: swapin tgid 2031 pid 2031 name "droid.launcher3" vma 7f2d231000
           <...>-2031  [004] ....  2778.295042: do_swap_page: swapin tgid 2031 pid 2031 name "droid.launcher3" vma 7fbe1c1000
           <...>-2031  [004] ....  2778.295049: do_swap_page: swapin tgid 2031 pid 2031 name "droid.launcher3" vma 13c09000
           <...>-2031  [004] ....  2778.295053: do_swap_page: swapin tgid 2031 pid 2031 name "droid.launcher3" vma 13285000
           <...>-2031  [004] ....  2778.295065: do_swap_page: swapin tgid 2031 pid 2031 name "droid.launcher3" vma 9d84f000
           <...>-2031  [004] ....  2778.295178: do_swap_page: swapin tgid 2031 pid 2031 name "droid.launcher3" vma 9d84f000
           <...>-2031  [004] ....  2778.295186: do_swap_page: swapin tgid 2031 pid 2031 name "droid.launcher3" vma 13122000
           <...>-2031  [004] ....  2778.295210: do_swap_page: swapin tgid 2031 pid 2031 name "droid.launcher3" vma 7fbf700000
           <...>-2031  [004] ....  2778.295224: do_swap_page: swapin tgid 2031 pid 2031 name "droid.launcher3" vma 7fbba73000
           <...>-2031  [004] ....  2778.295226: do_swap_page: swapin tgid 2031 pid 2031 name "droid.launcher3" vma 7f28b3c000
           <...>-2031  [004] ....  2778.295228: do_swap_page: swapin tgid 2031 pid 2031 name "droid.launcher3" vma 7fbe180000
           <...>-2031  [004] ....  2778.295231: do_swap_page: swapin tgid 2031 pid 2031 name "droid.launcher3" vma 7ed0d98000
           <...>-1448  [004] ....  2778.295604: do_swap_page: swapin tgid 1333 pid 1448 name "InputDispatcher" vma 7e868f6000
           <...>-2031  [004] ....  2778.295630: do_swap_page: swapin tgid 2031 pid 2031 name "droid.launcher3" vma 7ed0d6b000
           <...>-2031  [004] ....  2778.295636: do_swap_page: swapin tgid 2031 pid 2031 name "droid.launcher3" vma 7ec62b1000
           <...>-2031  [004] ....  2778.295640: do_swap_page: swapin tgid 2031 pid 2031 name "droid.launcher3" vma 7ec62b2000
           <...>-2031  [004] ....  2778.295654: do_swap_page: swapin tgid 2031 pid 2031 name "droid.launcher3" vma 13c08000
           <...>-2031  [004] ....  2778.295658: do_swap_page: swapin tgid 2031 pid 2031 name "droid.launcher3" vma 7fbe1d3000
           <...>-2031  [004] ....  2778.295660: do_swap_page: swapin tgid 2031 pid 2031 name "droid.launcher3" vma 7fbe346000
           <...>-2031  [004] ....  2778.295665: do_swap_page: swapin tgid 2031 pid 2031 name "droid.launcher3" vma 7fbe1c5000
           <...>-2031  [004] ....  2778.295699: do_swap_page: swapin tgid 2031 pid 2031 name "droid.launcher3" vma 7fbe1fd000
           <...>-2031  [004] ....  2778.295706: do_swap_page: swapin tgid 2031 pid 2031 name "droid.launcher3" vma 7ed0da4000
           <...>-2031  [004] ....  2778.295713: do_swap_page: swapin tgid 2031 pid 2031 name "droid.launcher3" vma 7fbd629000
           <...>-2031  [004] ....  2778.295715: do_swap_page: swapin tgid 2031 pid 2031 name "droid.launcher3" vma 7fbe166000
           <...>-2031  [004] ....  2778.295719: do_swap_page: swapin tgid 2031 pid 2031 name "droid.launcher3" vma 7f28b3a000
           <...>-2031  [004] ....  2778.295722: do_swap_page: swapin tgid 2031 pid 2031 name "droid.launcher3" vma 7f28b4c000
           <...>-2031  [004] ....  2778.295766: do_swap_page: swapin tgid 2031 pid 2031 name "droid.launcher3" vma 7f2d145000
           <...>-1356  [004] ....  2778.295862: do_swap_page: swapin tgid 1333 pid 1356 name "android.ui" vma 7f2895f000
           <...>-1356  [004] ....  2778.295868: do_swap_page: swapin tgid 1333 pid 1356 name "android.ui" vma 7eb7528000
           <...>-1356  [004] ....  2778.295873: do_swap_page: swapin tgid 1333 pid 1356 name "android.ui" vma 7eb7529000
           <...>-1356  [004] ....  2778.295890: do_swap_page: swapin tgid 1333 pid 1356 name "android.ui" vma 7e6217f000
           <...>-1356  [004] ....  2778.295930: do_swap_page: swapin tgid 1333 pid 1356 name "android.ui" vma 144c4000
           <...>-1356  [004] ....  2778.295939: do_swap_page: swapin tgid 1333 pid 1356 name "android.ui" vma 7e622bd000
           <...>-1356  [004] ....  2778.295943: do_swap_page: swapin tgid 1333 pid 1356 name "android.ui" vma 7e622be000
           <...>-602   [004] ....  2778.296018: do_swap_page: swapin tgid 602 pid 602 name "surfaceflinger" vma 7fb7705000
    RenderThread-2098  [004] ....  2778.296214: do_swap_page: swapin tgid 1717 pid 2098 name "RenderThread" vma 7fbe175000
           <...>-2480  [004] ....  2778.296255: do_swap_page: swapin tgid 2031 pid 2480 name "RenderThread" vma 7ecb6d1000
           <...>-2480  [004] ....  2778.296267: do_swap_page: swapin tgid 2031 pid 2480 name "RenderThread" vma 7fbe231000
           <...>-2480  [004] ....  2778.296270: do_swap_page: swapin tgid 2031 pid 2480 name "RenderThread" vma 7ecb6d2000
           <...>-2480  [004] ....  2778.296271: do_swap_page: swapin tgid 2031 pid 2480 name "RenderThread" vma 7f289be000
           <...>-2480  [004] ....  2778.296275: do_swap_page: swapin tgid 2031 pid 2480 name "RenderThread" vma 7fbdcb6000
           <...>-2480  [004] ....  2778.296277: do_swap_page: swapin tgid 2031 pid 2480 name "RenderThread" vma 7f28b41000
           <...>-2480  [004] ....  2778.296279: do_swap_page: swapin tgid 2031 pid 2480 name "RenderThread" vma 7f28a69000
           <...>-2480  [004] ....  2778.296282: do_swap_page: swapin tgid 2031 pid 2480 name "RenderThread" vma 7ecb6d0000
           <...>-2480  [004] ....  2778.296292: do_swap_page: swapin tgid 2031 pid 2480 name "RenderThread" vma 7fbb042000
           <...>-2480  [004] ....  2778.296296: do_swap_page: swapin tgid 2031 pid 2480 name "RenderThread" vma 7fbe35b000
           <...>-2480  [004] ....  2778.296299: do_swap_page: swapin tgid 2031 pid 2480 name "RenderThread" vma 7ed0cbd000
           <...>-2480  [004] ....  2778.296301: do_swap_page: swapin tgid 2031 pid 2480 name "RenderThread" vma 7ed0cac000
           <...>-2480  [004] ....  2778.296303: do_swap_page: swapin tgid 2031 pid 2480 name "RenderThread" vma 7ed0ce4000
           <...>-2480  [004] ....  2778.296307: do_swap_page: swapin tgid 2031 pid 2480 name "RenderThread" vma 7ec4cdb000
           <...>-2480  [004] ....  2778.296310: do_swap_page: swapin tgid 2031 pid 2480 name "RenderThread" vma 7fbe175000
           <...>-6164  [004] ....  2778.296358: do_swap_page: swapin tgid 6123 pid 6164 name "RenderThread" vma cb04e000
           <...>-6164  [004] ....  2778.296373: do_swap_page: swapin tgid 6123 pid 6164 name "RenderThread" vma f0d63000
           <...>-6164  [004] ....  2778.296377: do_swap_page: swapin tgid 6123 pid 6164 name "RenderThread" vma cb04d000
           <...>-6164  [004] ....  2778.296382: do_swap_page: swapin tgid 6123 pid 6164 name "RenderThread" vma c79f4000
           <...>-6164  [004] ....  2778.296447: do_swap_page: swapin tgid 6123 pid 6164 name "RenderThread" vma f6274000
           <...>-6164  [004] ....  2778.296453: do_swap_page: swapin tgid 6123 pid 6164 name "RenderThread" vma f72e0000
           <...>-6164  [004] ....  2778.296462: do_swap_page: swapin tgid 6123 pid 6164 name "RenderThread" vma bee74000
           <...>-6164  [004] ....  2778.296466: do_swap_page: swapin tgid 6123 pid 6164 name "RenderThread" vma cbd50000
           <...>-6164  [004] ....  2778.296470: do_swap_page: swapin tgid 6123 pid 6164 name "RenderThread" vma cb04c000
           <...>-6164  [004] ....  2778.296477: do_swap_page: swapin tgid 6123 pid 6164 name "RenderThread" vma f7a24000
           <...>-6164  [004] ....  2778.296481: do_swap_page: swapin tgid 6123 pid 6164 name "RenderThread" vma cad45000
           <...>-6164  [004] ....  2778.296484: do_swap_page: swapin tgid 6123 pid 6164 name "RenderThread" vma cbc3d000
           <...>-6376  [004] ....  2778.296527: do_swap_page: swapin tgid 1333 pid 6376 name "RenderThread" vma 7e5fbac000
           <...>-6376  [004] ....  2778.296535: do_swap_page: swapin tgid 1333 pid 6376 name "RenderThread" vma 7e5fbad000
           <...>-6376  [004] ....  2778.296537: do_swap_page: swapin tgid 1333 pid 6376 name "RenderThread" vma 7f2d722000
           <...>-6376  [004] ....  2778.296545: do_swap_page: swapin tgid 1333 pid 6376 name "RenderThread" vma 7e6243a000
           <...>-6376  [004] ....  2778.296551: do_swap_page: swapin tgid 1333 pid 6376 name "RenderThread" vma 7e5fbab000
           <...>-6376  [004] ....  2778.296586: do_swap_page: swapin tgid 1333 pid 6376 name "RenderThread" vma 7fbb042000
           <...>-6376  [004] ....  2778.296592: do_swap_page: swapin tgid 1333 pid 6376 name "RenderThread" vma 7f2d694000
           <...>-6376  [004] ....  2778.296594: do_swap_page: swapin tgid 1333 pid 6376 name "RenderThread" vma 7e6d0f6000
           <...>-6376  [004] ....  2778.296597: do_swap_page: swapin tgid 1333 pid 6376 name "RenderThread" vma 7e6d1ae000
           <...>-6376  [004] ....  2778.296600: do_swap_page: swapin tgid 1333 pid 6376 name "RenderThread" vma 7e6e9e2000
           <...>-6376  [004] ....  2778.296606: do_swap_page: swapin tgid 1333 pid 6376 name "RenderThread" vma 7e6e8d0000
           <...>-6376  [004] ....  2778.296609: do_swap_page: swapin tgid 1333 pid 6376 name "RenderThread" vma 7e62249000
           <...>-6376  [004] ....  2778.296626: do_swap_page: swapin tgid 1333 pid 6376 name "RenderThread" vma 7eb7530000
           <...>-2480  [004] ....  2778.296634: do_swap_page: swapin tgid 2031 pid 2480 name "RenderThread" vma 7fbe175000
           <...>-2480  [004] ....  2778.296639: do_swap_page: swapin tgid 2031 pid 2480 name "RenderThread" vma 7f2d226000
           <...>-2480  [004] ....  2778.296641: do_swap_page: swapin tgid 2031 pid 2480 name "RenderThread" vma 7f28b2e000
           <...>-2480  [004] ....  2778.296645: do_swap_page: swapin tgid 2031 pid 2480 name "RenderThread" vma 7ed0c09000
           <...>-2480  [004] ....  2778.296698: do_swap_page: swapin tgid 2031 pid 2480 name "RenderThread" vma 7f289f2000
           <...>-2480  [004] ....  2778.296780: do_swap_page: swapin tgid 2031 pid 2480 name "RenderThread" vma 7fbe162000
           <...>-2480  [004] ....  2778.296786: do_swap_page: swapin tgid 2031 pid 2480 name "RenderThread" vma 7fbe2df000
           <...>-2480  [004] ....  2778.296791: do_swap_page: swapin tgid 2031 pid 2480 name "RenderThread" vma 7f28a1a000
           <...>-2480  [004] ....  2778.296794: do_swap_page: swapin tgid 2031 pid 2480 name "RenderThread" vma 7ec4b12000
           <...>-2480  [004] ....  2778.296796: do_swap_page: swapin tgid 2031 pid 2480 name "RenderThread" vma 7fbe229000
           <...>-2480  [004] ....  2778.296799: do_swap_page: swapin tgid 2031 pid 2480 name "RenderThread" vma 7fbc6b1000
    RenderThread-2098  [004] ....  2778.296841: do_swap_page: swapin tgid 1717 pid 2098 name "RenderThread" vma 7fbe175000
    Binder:602_2-644   [004] ....  2778.296947: do_swap_page: swapin tgid 602 pid 644 name "Binder:602_2" vma 7fbab02000
    Binder:602_2-644   [004] ....  2778.296956: do_swap_page: swapin tgid 602 pid 644 name "Binder:602_2" vma 7fbab03000
    Binder:602_2-644   [004] ....  2778.296959: do_swap_page: swapin tgid 602 pid 644 name "Binder:602_2" vma 7fbe1c7000
    Binder:602_2-644   [004] ....  2778.296966: do_swap_page: swapin tgid 602 pid 644 name "Binder:602_2" vma 7fb7988000
    Binder:602_2-644   [004] ....  2778.296970: do_swap_page: swapin tgid 602 pid 644 name "Binder:602_2" vma 7fbe1c2000
    Binder:602_2-644   [004] ....  2778.296972: do_swap_page: swapin tgid 602 pid 644 name "Binder:602_2" vma 7fbe1c3000
           <...>-2480  [004] ....  2778.297015: do_swap_page: swapin tgid 2031 pid 2480 name "RenderThread" vma 7fbc6b1000
           <...>-2480  [004] ....  2778.297021: do_swap_page: swapin tgid 2031 pid 2480 name "RenderThread" vma 7fbe2f1000
    Binder:602_5-2224  [004] ....  2778.297057: do_swap_page: swapin tgid 602 pid 2224 name "Binder:602_5" vma 7fa9242000
    Binder:602_5-2224  [004] ....  2778.297065: do_swap_page: swapin tgid 602 pid 2224 name "Binder:602_5" vma 7fa9243000
    Binder:602_5-2224  [004] ....  2778.297068: do_swap_page: swapin tgid 602 pid 2224 name "Binder:602_5" vma 7faa516000
    Binder:602_5-2224  [004] ....  2778.297074: do_swap_page: swapin tgid 602 pid 2224 name "Binder:602_5" vma 7fb7572000
    Binder:602_5-2224  [004] ....  2778.297079: do_swap_page: swapin tgid 602 pid 2224 name "Binder:602_5" vma 7faa708000
    Binder:602_5-2224  [004] ....  2778.297082: do_swap_page: swapin tgid 602 pid 2224 name "Binder:602_5" vma 7faa709000
    Binder:602_5-2224  [004] ....  2778.297092: do_swap_page: swapin tgid 602 pid 2224 name "Binder:602_5" vma 7fbf5e3000
    RenderThread-2098  [004] ....  2778.297150: do_swap_page: swapin tgid 1717 pid 2098 name "RenderThread" vma 7f28fc1000
    RenderThread-2098  [004] ....  2778.297158: do_swap_page: swapin tgid 1717 pid 2098 name "RenderThread" vma 7fbc6b1000
           <...>-1358  [004] ....  2778.297220: do_swap_page: swapin tgid 1333 pid 1358 name "android.display" vma 7ecd832000
           <...>-1358  [004] ....  2778.297239: do_swap_page: swapin tgid 1333 pid 1358 name "android.display" vma 9d8fe000
    Binder:602_5-2224  [004] ....  2778.297265: do_swap_page: swapin tgid 602 pid 2224 name "Binder:602_5" vma 7fbf5e3000
    Binder:602_5-2224  [004] ....  2778.297281: do_swap_page: swapin tgid 602 pid 2224 name "Binder:602_5" vma 7fbd1cf000
    Binder:602_5-2224  [004] ....  2778.297291: do_swap_page: swapin tgid 602 pid 2224 name "Binder:602_5" vma 7fb7502000
           <...>-2480  [004] ....  2778.297343: do_swap_page: swapin tgid 2031 pid 2480 name "RenderThread" vma 7ed0d9f000
           <...>-2480  [004] ....  2778.297376: do_swap_page: swapin tgid 2031 pid 2480 name "RenderThread" vma 7f395f1000
           <...>-6164  [004] ....  2778.297437: do_swap_page: swapin tgid 6123 pid 6164 name "RenderThread" vma f7b3e000
           <...>-2480  [004] ....  2778.297523: do_swap_page: swapin tgid 2031 pid 2480 name "RenderThread" vma 7f395f1000
           <...>-2480  [004] ....  2778.297578: do_swap_page: swapin tgid 2031 pid 2480 name "RenderThread" vma 7f2d225000
           <...>-2480  [004] ....  2778.297592: do_swap_page: swapin tgid 2031 pid 2480 name "RenderThread" vma 7ec62bc000
    RenderThread-2098  [004] ....  2778.297605: do_swap_page: swapin tgid 1717 pid 2098 name "RenderThread" vma 7fbc6b1000
           <...>-6164  [004] ....  2778.297684: do_swap_page: swapin tgid 6123 pid 6164 name "RenderThread" vma e205d000
           <...>-6164  [004] ....  2778.297818: do_swap_page: swapin tgid 6123 pid 6164 name "RenderThread" vma e20d5000
           <...>-6164  [004] ....  2778.297880: do_swap_page: swapin tgid 6123 pid 6164 name "RenderThread" vma f7b59000
           <...>-6376  [004] ....  2778.298035: do_swap_page: swapin tgid 1333 pid 6376 name "RenderThread" vma 7e6e9e1000
           <...>-6376  [004] ....  2778.298098: do_swap_page: swapin tgid 1333 pid 6376 name "RenderThread" vma 7e62439000
           <...>-6376  [004] ....  2778.298101: do_swap_page: swapin tgid 1333 pid 6376 name "RenderThread" vma 7eb8b12000
           <...>-1358  [004] ....  2778.298121: do_swap_page: swapin tgid 1333 pid 1358 name "android.display" vma 9d8fe000
           <...>-1358  [004] ....  2778.298137: do_swap_page: swapin tgid 1333 pid 1358 name "android.display" vma 9d75b000
           <...>-1358  [004] ....  2778.298143: do_swap_page: swapin tgid 1333 pid 1358 name "android.display" vma 9da04000
           <...>-1358  [004] ....  2778.298346: do_swap_page: swapin tgid 1333 pid 1358 name "android.display" vma 9da04000
           <...>-1358  [004] ....  2778.298357: do_swap_page: swapin tgid 1333 pid 1358 name "android.display" vma 9d7f2000
           <...>-1358  [004] ....  2778.298362: do_swap_page: swapin tgid 1333 pid 1358 name "android.display" vma 9d810000
           <...>-1358  [004] ....  2778.298403: do_swap_page: swapin tgid 1333 pid 1358 name "android.display" vma 9da8c000
           <...>-1358  [004] ....  2778.298533: do_swap_page: swapin tgid 1333 pid 1358 name "android.display" vma 9da8c000
           <...>-1358  [004] ....  2778.298540: do_swap_page: swapin tgid 1333 pid 1358 name "android.display" vma 9d939000
 ndroid.systemui-1717  [004] ....  2778.298604: do_swap_page: swapin tgid 1717 pid 1717 name "ndroid.systemui" vma 7ec04b7000
 ndroid.systemui-1717  [004] ....  2778.298612: do_swap_page: swapin tgid 1717 pid 1717 name "ndroid.systemui" vma 7eb3f15000
           <...>-1358  [004] ....  2778.298658: do_swap_page: swapin tgid 1333 pid 1358 name "android.display" vma 9d939000
           <...>-1358  [004] ....  2778.298667: do_swap_page: swapin tgid 1333 pid 1358 name "android.display" vma 9d7dd000
           <...>-1358  [004] ....  2778.298677: do_swap_page: swapin tgid 1333 pid 1358 name "android.display" vma 13f5e000
           <...>-1358  [004] ....  2778.298682: do_swap_page: swapin tgid 1333 pid 1358 name "android.display" vma 146ef000
           <...>-1358  [004] ....  2778.298693: do_swap_page: swapin tgid 1333 pid 1358 name "android.display" vma 7f28a21000
           <...>-1358  [004] ....  2778.298698: do_swap_page: swapin tgid 1333 pid 1358 name "android.display" vma 7eb6d9b000
 ndroid.systemui-1717  [004] ....  2778.298730: do_swap_page: swapin tgid 1717 pid 1717 name "ndroid.systemui" vma 7f3986c000
 ndroid.systemui-1717  [004] ....  2778.298745: do_swap_page: swapin tgid 1717 pid 1717 name "ndroid.systemui" vma 7fbd433000
 ndroid.systemui-1717  [004] ....  2778.298748: do_swap_page: swapin tgid 1717 pid 1717 name "ndroid.systemui" vma 7ec013d000
           <...>-1358  [004] ....  2778.298814: do_swap_page: swapin tgid 1333 pid 1358 name "android.display" vma 7eb6d9b000
           <...>-1358  [004] ....  2778.298821: do_swap_page: swapin tgid 1333 pid 1358 name "android.display" vma 7ed0bf6000
           <...>-1358  [004] ....  2778.298987: do_swap_page: swapin tgid 1333 pid 1358 name "android.display" vma 7ed0bf6000
           <...>-1358  [004] ....  2778.298994: do_swap_page: swapin tgid 1333 pid 1358 name "android.display" vma 7f28b32000
           <...>-1358  [004] ....  2778.299113: do_swap_page: swapin tgid 1333 pid 1358 name "android.display" vma 7f28b32000
           <...>-1358  [004] ....  2778.299117: do_swap_page: swapin tgid 1333 pid 1358 name "android.display" vma 7ed0cfa000
           <...>-1358  [004] ....  2778.299215: do_swap_page: swapin tgid 1333 pid 1358 name "android.display" vma 7ed0cfa000
           <...>-1358  [004] ....  2778.299221: do_swap_page: swapin tgid 1333 pid 1358 name "android.display" vma 7f28abe000
           <...>-1358  [004] ....  2778.299223: do_swap_page: swapin tgid 1333 pid 1358 name "android.display" vma 7e6d04a000
           <...>-1358  [004] ....  2778.299379: do_swap_page: swapin tgid 1333 pid 1358 name "android.display" vma 7e6d04a000
           <...>-1358  [004] ....  2778.299382: do_swap_page: swapin tgid 1333 pid 1358 name "android.display" vma 7eb6e26000
           <...>-1358  [004] ....  2778.299404: do_swap_page: swapin tgid 1333 pid 1358 name "android.display" vma 7f28987000
           <...>-1358  [004] ....  2778.299569: do_swap_page: swapin tgid 1333 pid 1358 name "android.display" vma 7f28987000
           <...>-1358  [004] ....  2778.299574: do_swap_page: swapin tgid 1333 pid 1358 name "android.display" vma 7e867e3000
           <...>-1358  [004] ....  2778.299724: do_swap_page: swapin tgid 1333 pid 1358 name "android.display" vma 7e867e3000
           <...>-1358  [004] ....  2778.299729: do_swap_page: swapin tgid 1333 pid 1358 name "android.display" vma 7e867ea000
           <...>-1358  [004] ....  2778.299830: do_swap_page: swapin tgid 1333 pid 1358 name "android.display" vma 7e867ea000
           <...>-1358  [004] ....  2778.299833: do_swap_page: swapin tgid 1333 pid 1358 name "android.display" vma 7eb6d9c000
           <...>-1358  [004] ....  2778.299849: do_swap_page: swapin tgid 1333 pid 1358 name "android.display" vma 9d910000
           <...>-1358  [004] ....  2778.299963: do_swap_page: swapin tgid 1333 pid 1358 name "android.display" vma 9d910000
           <...>-1358  [004] ....  2778.299969: do_swap_page: swapin tgid 1333 pid 1358 name "android.display" vma 1514d000
           <...>-1358  [004] ....  2778.299975: do_swap_page: swapin tgid 1333 pid 1358 name "android.display" vma 1514c000
           <...>-1358  [004] ....  2778.299976: do_swap_page: swapin tgid 1333 pid 1358 name "android.display" vma 1514e000
           <...>-1358  [004] ....  2778.299988: do_swap_page: swapin tgid 1333 pid 1358 name "android.display" vma 13e60000
           <...>-1358  [004] ....  2778.299993: do_swap_page: swapin tgid 1333 pid 1358 name "android.display" vma 13e66000
           <...>-1358  [004] ....  2778.300003: do_swap_page: swapin tgid 1333 pid 1358 name "android.display" vma 1514b000
           <...>-1358  [004] ....  2778.300029: do_swap_page: swapin tgid 1333 pid 1358 name "android.display" vma 15144000
           <...>-1358  [004] ....  2778.300042: do_swap_page: swapin tgid 1333 pid 1358 name "android.display" vma 7ed0b68000
           <...>-1358  [004] ....  2778.300057: do_swap_page: swapin tgid 1333 pid 1358 name "android.display" vma 9d85c000
           <...>-1358  [004] ....  2778.300171: do_swap_page: swapin tgid 1333 pid 1358 name "android.display" vma 9d85c000
           <...>-1358  [004] ....  2778.300213: do_swap_page: swapin tgid 1333 pid 1358 name "android.display" vma 9d93a000
     logd.writer-572   [004] ....  2778.300245: do_swap_page: swapin tgid 556 pid 572 name "logd.writer" vma 7fbd8c7000
     logd.writer-572   [004] ....  2778.300252: do_swap_page: swapin tgid 556 pid 572 name "logd.writer" vma 7fb275e000
     logd.writer-572   [004] ....  2778.300266: do_swap_page: swapin tgid 556 pid 572 name "logd.writer" vma 7fbbfc2000
     logd.writer-572   [004] ....  2778.300271: do_swap_page: swapin tgid 556 pid 572 name "logd.writer" vma 7fbbf08000
     logd.writer-572   [004] ....  2778.300273: do_swap_page: swapin tgid 556 pid 572 name "logd.writer" vma 7fbbf10000
           <...>-1358  [004] ....  2778.300328: do_swap_page: swapin tgid 1333 pid 1358 name "android.display" vma 9d93a000
           <...>-1358  [004] ....  2778.300333: do_swap_page: swapin tgid 1333 pid 1358 name "android.display" vma 9d82c000
           <...>-1358  [004] ....  2778.300336: do_swap_page: swapin tgid 1333 pid 1358 name "android.display" vma 9d973000
           <...>-861   [004] ....  2778.300409: do_swap_page: swapin tgid 861 pid 861 name "logcatd" vma 7fbd819000
           <...>-1358  [004] ....  2778.300466: do_swap_page: swapin tgid 1333 pid 1358 name "android.display" vma 9d973000
           <...>-1358  [004] ....  2778.300523: do_swap_page: swapin tgid 1333 pid 1358 name "android.display" vma 1446d000
           <...>-1358  [004] ....  2778.300553: do_swap_page: swapin tgid 1333 pid 1358 name "android.display" vma 13d2a000
           <...>-1358  [004] ....  2778.300567: do_swap_page: swapin tgid 1333 pid 1358 name "android.display" vma 7e86800000
           <...>-1358  [004] ....  2778.300583: do_swap_page: swapin tgid 1333 pid 1358 name "android.display" vma 7f2d685000
           <...>-1358  [004] ....  2778.300652: do_swap_page: swapin tgid 1333 pid 1358 name "android.display" vma 7f2d6c5000
