   Binder:1333_1-1350  [004] ....  7850.945669: do_swap_page: swapin tgid 1333 pid 1350 name "Binder:1333_1" vma 9d842000
   Binder:1333_1-1350  [004] ....  7850.945671: do_swap_page: swapin tgid 1333 pid 1350 name "Binder:1333_1" vma 9d98b000
   Binder:1333_1-1350  [004] ....  7850.945827: do_swap_page: swapin tgid 1333 pid 1350 name "Binder:1333_1" vma 9d98b000
   Binder:1333_1-1350  [004] ....  7850.945832: do_swap_page: swapin tgid 1333 pid 1350 name "Binder:1333_1" vma 9d7f9000
   Binder:1333_1-1350  [004] ....  7850.945834: do_swap_page: swapin tgid 1333 pid 1350 name "Binder:1333_1" vma 9d932000
   Binder:1333_1-1350  [004] ....  7850.945956: do_swap_page: swapin tgid 1333 pid 1350 name "Binder:1333_1" vma 9d932000
   Binder:1333_1-1350  [004] ....  7850.945960: do_swap_page: swapin tgid 1333 pid 1350 name "Binder:1333_1" vma 13b94000
   Binder:1333_1-1350  [004] ....  7850.945964: do_swap_page: swapin tgid 1333 pid 1350 name "Binder:1333_1" vma 13fd7000
   Binder:1333_1-1350  [004] ....  7850.945970: do_swap_page: swapin tgid 1333 pid 1350 name "Binder:1333_1" vma 9da48000
   Binder:1333_1-1350  [004] ....  7850.946175: do_swap_page: swapin tgid 1333 pid 1350 name "Binder:1333_1" vma 9da48000
   Binder:1333_1-1350  [004] ....  7850.946179: do_swap_page: swapin tgid 1333 pid 1350 name "Binder:1333_1" vma 9d9c2000
   Binder:1333_1-1350  [004] ....  7850.946328: do_swap_page: swapin tgid 1333 pid 1350 name "Binder:1333_1" vma 9d9c2000
   Binder:1333_1-1350  [004] ....  7850.946361: do_swap_page: swapin tgid 1333 pid 1350 name "Binder:1333_1" vma 141f1000
           <...>-1448  [004] ....  7850.946425: do_swap_page: swapin tgid 1333 pid 1448 name "InputDispatcher" vma 7ed0dc1000
           <...>-1448  [004] ....  7850.946433: do_swap_page: swapin tgid 1333 pid 1448 name "InputDispatcher" vma 7e6222d000
           <...>-1448  [004] ....  7850.946438: do_swap_page: swapin tgid 1333 pid 1448 name "InputDispatcher" vma 7e6222f000
           <...>-1448  [004] ....  7850.946656: do_swap_page: swapin tgid 1333 pid 1448 name "InputDispatcher" vma 7e6222f000
           <...>-1448  [004] ....  7850.946663: do_swap_page: swapin tgid 1333 pid 1448 name "InputDispatcher" vma 7e59c1a000
           <...>-1448  [004] ....  7850.946668: do_swap_page: swapin tgid 1333 pid 1448 name "InputDispatcher" vma 7e86a88000
           <...>-1448  [004] ....  7850.946672: do_swap_page: swapin tgid 1333 pid 1448 name "InputDispatcher" vma 7e86a89000
           <...>-1448  [004] ....  7850.946679: do_swap_page: swapin tgid 1333 pid 1448 name "InputDispatcher" vma 7ed0d7b000
           <...>-1448  [004] ....  7850.946686: do_swap_page: swapin tgid 1333 pid 1448 name "InputDispatcher" vma 7eb8835000
   Binder:1333_1-1350  [004] ....  7850.946864: do_swap_page: swapin tgid 1333 pid 1350 name "Binder:1333_1" vma 7ed0c83000
           <...>-1448  [004] ....  7850.946890: do_swap_page: swapin tgid 1333 pid 1448 name "InputDispatcher" vma 7e86a8a000
           <...>-1448  [004] ....  7850.946892: do_swap_page: swapin tgid 1333 pid 1448 name "InputDispatcher" vma 7ed0d7f000
           <...>-1448  [004] ....  7850.946897: do_swap_page: swapin tgid 1333 pid 1448 name "InputDispatcher" vma 7eb6e2f000
           <...>-1448  [004] ....  7850.946902: do_swap_page: swapin tgid 1333 pid 1448 name "InputDispatcher" vma 7f39843000
     logd.writer-572   [004] ....  7852.068610: do_swap_page: swapin tgid 556 pid 572 name "logd.writer" vma 7fbbf3c000
   Binder:1333_1-1350  [004] ....  7852.137921: do_swap_page: swapin tgid 1333 pid 1350 name "Binder:1333_1" vma 143e8000
   Binder:1333_1-1350  [004] ....  7852.137944: do_swap_page: swapin tgid 1333 pid 1350 name "Binder:1333_1" vma 13f67000
   Binder:1333_1-1350  [004] ....  7852.137950: do_swap_page: swapin tgid 1333 pid 1350 name "Binder:1333_1" vma 7f20c2c000
   Binder:1333_1-1350  [004] ....  7852.138044: do_swap_page: swapin tgid 1333 pid 1350 name "Binder:1333_1" vma 7e6d0d7000
   Binder:1333_1-1350  [004] ....  7852.138156: do_swap_page: swapin tgid 1333 pid 1350 name "Binder:1333_1" vma 13fd6000
   Binder:1333_1-1350  [004] ....  7852.138172: do_swap_page: swapin tgid 1333 pid 1350 name "Binder:1333_1" vma 7eb6e87000
   Binder:1333_1-1350  [004] ....  7852.150495: do_swap_page: swapin tgid 1333 pid 1350 name "Binder:1333_1" vma 7eb6e87000
   Binder:1333_1-1350  [004] ....  7852.150506: do_swap_page: swapin tgid 1333 pid 1350 name "Binder:1333_1" vma 7f28b39000
   Binder:1333_1-1350  [004] ....  7852.150509: do_swap_page: swapin tgid 1333 pid 1350 name "Binder:1333_1" vma 7f28b57000
   Binder:1333_1-1350  [004] ....  7852.150695: do_swap_page: swapin tgid 1333 pid 1350 name "Binder:1333_1" vma 7f28b57000
   Binder:1333_1-1350  [004] ....  7852.150706: do_swap_page: swapin tgid 1333 pid 1350 name "Binder:1333_1" vma 7ed0bf8000
   Binder:1333_1-1350  [004] ....  7852.150715: do_swap_page: swapin tgid 1333 pid 1350 name "Binder:1333_1" vma 7f28b4d000
   Binder:1333_1-1350  [004] ....  7852.150720: do_swap_page: swapin tgid 1333 pid 1350 name "Binder:1333_1" vma 7e6d0dd000
   Binder:1333_1-1350  [004] ....  7852.150729: do_swap_page: swapin tgid 1333 pid 1350 name "Binder:1333_1" vma 7eb7023000
   Binder:1333_1-1350  [004] ....  7852.150744: do_swap_page: swapin tgid 1333 pid 1350 name "Binder:1333_1" vma 7e6d0a2000
   Binder:1333_1-1350  [004] ....  7852.150748: do_swap_page: swapin tgid 1333 pid 1350 name "Binder:1333_1" vma 7e6d0a3000
   Binder:1333_1-1350  [004] ....  7852.150752: do_swap_page: swapin tgid 1333 pid 1350 name "Binder:1333_1" vma 7eb6e88000
   Binder:1333_1-1350  [004] ....  7852.150883: do_swap_page: swapin tgid 1333 pid 1350 name "Binder:1333_1" vma 7eb6e88000
   Binder:1333_1-1350  [004] ....  7852.151080: do_swap_page: swapin tgid 1333 pid 1350 name "Binder:1333_1" vma 7eb6d53000
   Binder:1333_1-1350  [004] ....  7852.151259: do_swap_page: swapin tgid 1333 pid 1350 name "Binder:1333_1" vma 7eb6d53000
   Binder:1333_1-1350  [004] ....  7852.151266: do_swap_page: swapin tgid 1333 pid 1350 name "Binder:1333_1" vma 7fbe311000
   Binder:1333_1-1350  [004] ....  7852.151274: do_swap_page: swapin tgid 1333 pid 1350 name "Binder:1333_1" vma 7fbe312000
   Binder:1333_1-1350  [004] ....  7852.151486: do_swap_page: swapin tgid 1333 pid 1350 name "Binder:1333_1" vma 7fbe312000
   Binder:1333_1-1350  [004] ....  7852.151491: do_swap_page: swapin tgid 1333 pid 1350 name "Binder:1333_1" vma 7fbe313000
   Binder:1333_1-1350  [004] ....  7852.151645: do_swap_page: swapin tgid 1333 pid 1350 name "Binder:1333_1" vma 7fbe313000
   Binder:1333_1-1350  [004] ....  7852.151660: do_swap_page: swapin tgid 1333 pid 1350 name "Binder:1333_1" vma 7eb6d54000
   Binder:1333_1-1350  [004] ....  7852.151822: do_swap_page: swapin tgid 1333 pid 1350 name "Binder:1333_1" vma 7eb6d54000
   Binder:1333_1-1350  [004] ....  7852.152191: do_swap_page: swapin tgid 1333 pid 1350 name "Binder:1333_1" vma 7e622f1000
   Binder:1333_1-1350  [004] ....  7852.152200: do_swap_page: swapin tgid 1333 pid 1350 name "Binder:1333_1" vma 7eb74ab000
   Binder:1333_1-1350  [004] ....  7852.152224: do_swap_page: swapin tgid 1333 pid 1350 name "Binder:1333_1" vma 7f2d6c3000
           <...>-1448  [004] ....  7852.152265: do_swap_page: swapin tgid 1333 pid 1448 name "InputDispatcher" vma 7e86b62000
           <...>-1448  [004] ....  7852.152275: do_swap_page: swapin tgid 1333 pid 1448 name "InputDispatcher" vma 7ed0d89000
           <...>-1448  [004] ....  7852.152280: do_swap_page: swapin tgid 1333 pid 1448 name "InputDispatcher" vma 7eb7443000
           <...>-1448  [004] ....  7852.152286: do_swap_page: swapin tgid 1333 pid 1448 name "InputDispatcher" vma 7ed0e0f000
           <...>-1448  [004] ....  7852.152288: do_swap_page: swapin tgid 1333 pid 1448 name "InputDispatcher" vma 7ed0d1a000
           <...>-1448  [004] ....  7852.152292: do_swap_page: swapin tgid 1333 pid 1448 name "InputDispatcher" vma 7e62189000
           <...>-1448  [004] ....  7852.152294: do_swap_page: swapin tgid 1333 pid 1448 name "InputDispatcher" vma 7ed0d03000
           <...>-1448  [004] ....  7852.152297: do_swap_page: swapin tgid 1333 pid 1448 name "InputDispatcher" vma 7e6cfbc000
           <...>-1448  [004] ....  7852.152301: do_swap_page: swapin tgid 1333 pid 1448 name "InputDispatcher" vma 7f2d683000
           <...>-1448  [004] ....  7852.152307: do_swap_page: swapin tgid 1333 pid 1448 name "InputDispatcher" vma 7ed0de2000
           <...>-1448  [004] ....  7852.152310: do_swap_page: swapin tgid 1333 pid 1448 name "InputDispatcher" vma 7ed0cd2000
           <...>-1448  [004] ....  7852.152312: do_swap_page: swapin tgid 1333 pid 1448 name "InputDispatcher" vma 7f28b59000
           <...>-1448  [004] ....  7852.152318: do_swap_page: swapin tgid 1333 pid 1448 name "InputDispatcher" vma 7e86a7e000
           <...>-1448  [004] ....  7852.152323: do_swap_page: swapin tgid 1333 pid 1448 name "InputDispatcher" vma 7e62239000
           <...>-1448  [004] ....  7852.152325: do_swap_page: swapin tgid 1333 pid 1448 name "InputDispatcher" vma 7e621f6000
           <...>-1448  [004] ....  7852.152330: do_swap_page: swapin tgid 1333 pid 1448 name "InputDispatcher" vma 7e622f9000
           <...>-1448  [004] ....  7852.152541: do_swap_page: swapin tgid 1333 pid 1448 name "InputDispatcher" vma 7e622f9000
           <...>-1448  [004] ....  7852.152547: do_swap_page: swapin tgid 1333 pid 1448 name "InputDispatcher" vma 7e6d2b0000
           <...>-1448  [004] ....  7852.152550: do_swap_page: swapin tgid 1333 pid 1448 name "InputDispatcher" vma 7e6224e000
           <...>-1448  [004] ....  7852.152553: do_swap_page: swapin tgid 1333 pid 1448 name "InputDispatcher" vma 7e62243000
           <...>-1448  [004] ....  7852.152555: do_swap_page: swapin tgid 1333 pid 1448 name "InputDispatcher" vma 7e6223e000
           <...>-1448  [004] ....  7852.152751: do_swap_page: swapin tgid 1333 pid 1448 name "InputDispatcher" vma 7e6223e000
           <...>-1448  [004] ....  7852.152756: do_swap_page: swapin tgid 1333 pid 1448 name "InputDispatcher" vma 7e62169000
           <...>-1448  [004] ....  7852.152761: do_swap_page: swapin tgid 1333 pid 1448 name "InputDispatcher" vma 7e62391000
           <...>-1448  [004] ....  7852.152763: do_swap_page: swapin tgid 1333 pid 1448 name "InputDispatcher" vma 7e6237e000
           <...>-1448  [004] ....  7852.152765: do_swap_page: swapin tgid 1333 pid 1448 name "InputDispatcher" vma 7e6223f000
           <...>-1448  [004] ....  7852.152768: do_swap_page: swapin tgid 1333 pid 1448 name "InputDispatcher" vma 7e6224f000
           <...>-1448  [004] ....  7852.152773: do_swap_page: swapin tgid 1333 pid 1448 name "InputDispatcher" vma 7e6d1b4000
           <...>-1448  [004] ....  7852.152937: do_swap_page: swapin tgid 1333 pid 1448 name "InputDispatcher" vma 7e6d1b4000
           <...>-1448  [004] ....  7852.152943: do_swap_page: swapin tgid 1333 pid 1448 name "InputDispatcher" vma 7e6d1ed000
           <...>-1448  [004] ....  7852.153159: do_swap_page: swapin tgid 1333 pid 1448 name "InputDispatcher" vma 7e6d1ed000
           <...>-1448  [004] ....  7852.153165: do_swap_page: swapin tgid 1333 pid 1448 name "InputDispatcher" vma 7e86945000
           <...>-1448  [004] ....  7852.153180: do_swap_page: swapin tgid 1333 pid 1448 name "InputDispatcher" vma 7eb6dc9000
           <...>-1448  [004] ....  7852.153189: do_swap_page: swapin tgid 1333 pid 1448 name "InputDispatcher" vma 7f28b46000
           <...>-1448  [004] ....  7852.153199: do_swap_page: swapin tgid 1333 pid 1448 name "InputDispatcher" vma 7ed0cdb000
           <...>-1448  [004] ....  7852.153212: do_swap_page: swapin tgid 1333 pid 1448 name "InputDispatcher" vma 7ed1a7f000
           <...>-1448  [004] ....  7852.153221: do_swap_page: swapin tgid 1333 pid 1448 name "InputDispatcher" vma 7ea95bd000
           <...>-1448  [004] ....  7852.153232: do_swap_page: swapin tgid 1333 pid 1448 name "InputDispatcher" vma 7ea95bc000
           <...>-1448  [004] ....  7852.153270: do_swap_page: swapin tgid 1333 pid 1448 name "InputDispatcher" vma 7e868f2000
           <...>-1448  [004] ....  7852.153274: do_swap_page: swapin tgid 1333 pid 1448 name "InputDispatcher" vma 7e868f3000
           <...>-1448  [004] ....  7852.153291: do_swap_page: swapin tgid 1333 pid 1448 name "InputDispatcher" vma 7f2d754000
           <...>-1448  [004] ....  7852.153301: do_swap_page: swapin tgid 1333 pid 1448 name "InputDispatcher" vma 7e6d209000
           <...>-1448  [004] ....  7852.153318: do_swap_page: swapin tgid 1333 pid 1448 name "InputDispatcher" vma 7e5d98c000
           <...>-1448  [004] ....  7852.153351: do_swap_page: swapin tgid 1333 pid 1448 name "InputDispatcher" vma 7f2898b000
           <...>-816   [004] ....  7852.153433: do_swap_page: swapin tgid 816 pid 816 name "power@1.3-servi" vma 7fbd22b000
           <...>-816   [004] ....  7852.153446: do_swap_page: swapin tgid 816 pid 816 name "power@1.3-servi" vma 7ffffff000
           <...>-816   [004] ....  7852.153453: do_swap_page: swapin tgid 816 pid 816 name "power@1.3-servi" vma 7fbe422000
           <...>-1448  [004] ....  7852.153529: do_swap_page: swapin tgid 1333 pid 1448 name "InputDispatcher" vma 7fbd629000
           <...>-1448  [004] ....  7852.153542: do_swap_page: swapin tgid 1333 pid 1448 name "InputDispatcher" vma 7ed0d9c000
           <...>-1448  [004] ....  7852.153547: do_swap_page: swapin tgid 1333 pid 1448 name "InputDispatcher" vma 7fbe175000
 ndroid.systemui-1717  [004] ....  7852.153598: do_swap_page: swapin tgid 1717 pid 1717 name "ndroid.systemui" vma 7f28f50000
 ndroid.systemui-1717  [004] ....  7852.153612: do_swap_page: swapin tgid 1717 pid 1717 name "ndroid.systemui" vma 7f28df9000
 ndroid.systemui-1717  [004] ....  7852.153616: do_swap_page: swapin tgid 1717 pid 1717 name "ndroid.systemui" vma 7f28dfa000
           <...>-816   [004] ....  7852.153658: do_swap_page: swapin tgid 816 pid 816 name "power@1.3-servi" vma 7fbe422000
           <...>-816   [004] ....  7852.153665: do_swap_page: swapin tgid 816 pid 816 name "power@1.3-servi" vma 7fbd226000
           <...>-816   [004] ....  7852.153668: do_swap_page: swapin tgid 816 pid 816 name "power@1.3-servi" vma 7fbd21e000
           <...>-816   [004] ....  7852.153678: do_swap_page: swapin tgid 816 pid 816 name "power@1.3-servi" vma 7fbf700000
           <...>-816   [004] ....  7852.153686: do_swap_page: swapin tgid 816 pid 816 name "power@1.3-servi" vma 7fbd206000
           <...>-816   [004] ....  7852.153689: do_swap_page: swapin tgid 816 pid 816 name "power@1.3-servi" vma 7fbd209000
           <...>-816   [004] ....  7852.153691: do_swap_page: swapin tgid 816 pid 816 name "power@1.3-servi" vma 7fbd24e000
           <...>-816   [004] ....  7852.153696: do_swap_page: swapin tgid 816 pid 816 name "power@1.3-servi" vma 7fbdffb000
           <...>-816   [004] ....  7852.153700: do_swap_page: swapin tgid 816 pid 816 name "power@1.3-servi" vma 7fbd20d000
           <...>-816   [004] ....  7852.153703: do_swap_page: swapin tgid 816 pid 816 name "power@1.3-servi" vma 7fbd221000
 ndroid.systemui-1717  [004] ....  7852.153784: do_swap_page: swapin tgid 1717 pid 1717 name "ndroid.systemui" vma 7f28f48000
 ndroid.systemui-1717  [004] ....  7852.153812: do_swap_page: swapin tgid 1717 pid 1717 name "ndroid.systemui" vma 7f28fed000
 ndroid.systemui-1717  [004] ....  7852.153821: do_swap_page: swapin tgid 1717 pid 1717 name "ndroid.systemui" vma 7f2d148000
           <...>-2031  [004] ....  7852.153865: do_swap_page: swapin tgid 2031 pid 2031 name "droid.launcher3" vma 7fffffd000
           <...>-2031  [004] ....  7852.153880: do_swap_page: swapin tgid 2031 pid 2031 name "droid.launcher3" vma 7fbe22e000
           <...>-2031  [004] ....  7852.153891: do_swap_page: swapin tgid 2031 pid 2031 name "droid.launcher3" vma 7f28b49000
           <...>-2031  [004] ....  7852.153898: do_swap_page: swapin tgid 2031 pid 2031 name "droid.launcher3" vma 7fbe491000
      android.ui-1356  [004] ....  7852.153944: do_swap_page: swapin tgid 1333 pid 1356 name "android.ui" vma 7ecfa47000
      android.ui-1356  [004] ....  7852.154001: do_swap_page: swapin tgid 1333 pid 1356 name "android.ui" vma 7e8684d000
      android.ui-1356  [004] ....  7852.154004: do_swap_page: swapin tgid 1333 pid 1356 name "android.ui" vma 7ecfa48000
      android.ui-1356  [004] ....  7852.154006: do_swap_page: swapin tgid 1333 pid 1356 name "android.ui" vma 7ed0cad000
      android.ui-1356  [004] ....  7852.154009: do_swap_page: swapin tgid 1333 pid 1356 name "android.ui" vma 7ed0cae000
      android.ui-1356  [004] ....  7852.154014: do_swap_page: swapin tgid 1333 pid 1356 name "android.ui" vma 7ed0b63000
      android.ui-1356  [004] ....  7852.154027: do_swap_page: swapin tgid 1333 pid 1356 name "android.ui" vma 7e623f0000
      android.ui-1356  [004] ....  7852.154032: do_swap_page: swapin tgid 1333 pid 1356 name "android.ui" vma 7e623f1000
      android.ui-1356  [004] ....  7852.154035: do_swap_page: swapin tgid 1333 pid 1356 name "android.ui" vma 7ecfa46000
      android.ui-1356  [004] ....  7852.154038: do_swap_page: swapin tgid 1333 pid 1356 name "android.ui" vma 7f2895d000
      android.ui-1356  [004] ....  7852.154041: do_swap_page: swapin tgid 1333 pid 1356 name "android.ui" vma 7f2895e000
      android.ui-1356  [004] ....  7852.154048: do_swap_page: swapin tgid 1333 pid 1356 name "android.ui" vma 7eb7510000
      android.ui-1356  [004] ....  7852.154067: do_swap_page: swapin tgid 1333 pid 1356 name "android.ui" vma 7f31572000
      android.ui-1356  [004] ....  7852.154082: do_swap_page: swapin tgid 1333 pid 1356 name "android.ui" vma 143dc000
      android.ui-1356  [004] ....  7852.154090: do_swap_page: swapin tgid 1333 pid 1356 name "android.ui" vma 7e62194000
      android.ui-1356  [004] ....  7852.154129: do_swap_page: swapin tgid 1333 pid 1356 name "android.ui" vma 13fe2000
      android.ui-1356  [004] ....  7852.154139: do_swap_page: swapin tgid 1333 pid 1356 name "android.ui" vma 13fe3000
      android.ui-1356  [004] ....  7852.154157: do_swap_page: swapin tgid 1333 pid 1356 name "android.ui" vma 9da58000
           <...>-816   [004] ....  7852.154197: do_swap_page: swapin tgid 816 pid 816 name "power@1.3-servi" vma 7fbd221000
           <...>-816   [004] ....  7852.154217: do_swap_page: swapin tgid 816 pid 816 name "power@1.3-servi" vma 7fbdca3000
           <...>-2031  [004] ....  7852.154250: do_swap_page: swapin tgid 2031 pid 2031 name "droid.launcher3" vma 7fbe491000
           <...>-2031  [004] ....  7852.154260: do_swap_page: swapin tgid 2031 pid 2031 name "droid.launcher3" vma 7ed0de8000
           <...>-2031  [004] ....  7852.154267: do_swap_page: swapin tgid 2031 pid 2031 name "droid.launcher3" vma 7ed0de9000
           <...>-2031  [004] ....  7852.154271: do_swap_page: swapin tgid 2031 pid 2031 name "droid.launcher3" vma 7ed0ec6000
           <...>-2031  [004] ....  7852.154284: do_swap_page: swapin tgid 2031 pid 2031 name "droid.launcher3" vma 7fbbdf9000
           <...>-2031  [004] ....  7852.154289: do_swap_page: swapin tgid 2031 pid 2031 name "droid.launcher3" vma 7fbe1e9000
           <...>-2031  [004] ....  7852.154296: do_swap_page: swapin tgid 2031 pid 2031 name "droid.launcher3" vma 7f393f4000
           <...>-1448  [004] ....  7852.154333: do_swap_page: swapin tgid 1333 pid 1448 name "InputDispatcher" vma 7fbe175000
           <...>-816   [004] ....  7852.154382: do_swap_page: swapin tgid 816 pid 816 name "power@1.3-servi" vma 7fbdca3000
           <...>-816   [004] ....  7852.154389: do_swap_page: swapin tgid 816 pid 816 name "power@1.3-servi" vma 7fbd219000
           <...>-1448  [004] ....  7852.154543: do_swap_page: swapin tgid 1333 pid 1448 name "InputDispatcher" vma 7eb6e31000
           <...>-816   [004] ....  7852.154573: do_swap_page: swapin tgid 816 pid 816 name "power@1.3-servi" vma 7fbd219000
           <...>-816   [004] ....  7852.154583: do_swap_page: swapin tgid 816 pid 816 name "power@1.3-servi" vma 7fffffe000
           <...>-816   [004] ....  7852.154589: do_swap_page: swapin tgid 816 pid 816 name "power@1.3-servi" vma 7fbb851000
           <...>-816   [004] ....  7852.154595: do_swap_page: swapin tgid 816 pid 816 name "power@1.3-servi" vma 7fbda49000
           <...>-1448  [004] ....  7852.154712: do_swap_page: swapin tgid 1333 pid 1448 name "InputDispatcher" vma 13d25000
           <...>-1448  [004] ....  7852.154719: do_swap_page: swapin tgid 1333 pid 1448 name "InputDispatcher" vma 13ff0000
           <...>-816   [004] ....  7852.154772: do_swap_page: swapin tgid 816 pid 816 name "power@1.3-servi" vma 7fbda49000
           <...>-816   [004] ....  7852.154782: do_swap_page: swapin tgid 816 pid 816 name "power@1.3-servi" vma 7fbb800000
           <...>-816   [004] ....  7852.154967: do_swap_page: swapin tgid 816 pid 816 name "power@1.3-servi" vma 7fbb800000
           <...>-816   [004] ....  7852.154975: do_swap_page: swapin tgid 816 pid 816 name "power@1.3-servi" vma 7fbb820000
           <...>-1448  [004] ....  7852.155029: do_swap_page: swapin tgid 1333 pid 1448 name "InputDispatcher" vma 9d759000
    Binder:602_5-2224  [004] ....  7852.155172: do_swap_page: swapin tgid 602 pid 2224 name "Binder:602_5" vma 7fbe175000
   system_server-1333  [004] ....  7852.155252: do_swap_page: swapin tgid 1333 pid 1333 name "system_server" vma 9dab7000
           <...>-1358  [004] ....  7852.155345: do_swap_page: swapin tgid 1333 pid 1358 name "android.display" vma 7ecd835000
           <...>-1358  [004] ....  7852.155381: do_swap_page: swapin tgid 1333 pid 1358 name "android.display" vma 7ecd836000
           <...>-1358  [004] ....  7852.155384: do_swap_page: swapin tgid 1333 pid 1358 name "android.display" vma 7ed0b66000
           <...>-1358  [004] ....  7852.155404: do_swap_page: swapin tgid 1333 pid 1358 name "android.display" vma 7ed0b67000
           <...>-1358  [004] ....  7852.155425: do_swap_page: swapin tgid 1333 pid 1358 name "android.display" vma 7ecd834000
           <...>-1358  [004] ....  7852.155431: do_swap_page: swapin tgid 1333 pid 1358 name "android.display" vma 7ecd833000
           <...>-1358  [004] ....  7852.155439: do_swap_page: swapin tgid 1333 pid 1358 name "android.display" vma 7f314e4000
           <...>-1358  [004] ....  7852.155449: do_swap_page: swapin tgid 1333 pid 1358 name "android.display" vma 9d9cc000
           <...>-816   [004] ....  7852.155496: do_swap_page: swapin tgid 816 pid 816 name "power@1.3-servi" vma 7fbb820000
           <...>-816   [004] ....  7852.155507: do_swap_page: swapin tgid 816 pid 816 name "power@1.3-servi" vma 7fbb83f000
           <...>-816   [004] ....  7852.155513: do_swap_page: swapin tgid 816 pid 816 name "power@1.3-servi" vma 7fbb85c000
           <...>-2031  [004] ....  7852.155551: do_swap_page: swapin tgid 2031 pid 2031 name "droid.launcher3" vma 7f393f4000
           <...>-2031  [004] ....  7852.155559: do_swap_page: swapin tgid 2031 pid 2031 name "droid.launcher3" vma 7fbe165000
           <...>-2031  [004] ....  7852.155563: do_swap_page: swapin tgid 2031 pid 2031 name "droid.launcher3" vma 7fbe1a2000
           <...>-2031  [004] ....  7852.155567: do_swap_page: swapin tgid 2031 pid 2031 name "droid.launcher3" vma 7ed0ecc000
           <...>-816   [004] ....  7852.155669: do_swap_page: swapin tgid 816 pid 816 name "power@1.3-servi" vma 7fbb85c000
           <...>-816   [004] ....  7852.155675: do_swap_page: swapin tgid 816 pid 816 name "power@1.3-servi" vma 7fbb844000
           <...>-816   [004] ....  7852.155678: do_swap_page: swapin tgid 816 pid 816 name "power@1.3-servi" vma 7fbb859000
           <...>-816   [004] ....  7852.155689: do_swap_page: swapin tgid 816 pid 816 name "power@1.3-servi" vma 7fbda45000
           <...>-2031  [004] ....  7852.155736: do_swap_page: swapin tgid 2031 pid 2031 name "droid.launcher3" vma 7ec4d6f000
           <...>-2031  [004] ....  7852.155745: do_swap_page: swapin tgid 2031 pid 2031 name "droid.launcher3" vma 7ec4d70000
           <...>-2031  [004] ....  7852.155749: do_swap_page: swapin tgid 2031 pid 2031 name "droid.launcher3" vma 7fffffc000
           <...>-2031  [004] ....  7852.155753: do_swap_page: swapin tgid 2031 pid 2031 name "droid.launcher3" vma 7ec62ca000
           <...>-2031  [004] ....  7852.155758: do_swap_page: swapin tgid 2031 pid 2031 name "droid.launcher3" vma 7fbd225000
           <...>-2031  [004] ....  7852.155761: do_swap_page: swapin tgid 2031 pid 2031 name "droid.launcher3" vma 7fbd221000
           <...>-2031  [004] ....  7852.155764: do_swap_page: swapin tgid 2031 pid 2031 name "droid.launcher3" vma 7fbd222000
   system_server-1333  [004] ....  7852.155804: do_swap_page: swapin tgid 1333 pid 1333 name "system_server" vma 9dab7000
   system_server-1333  [004] ....  7852.155813: do_swap_page: swapin tgid 1333 pid 1333 name "system_server" vma 9d9c4000
           <...>-816   [004] ....  7852.155866: do_swap_page: swapin tgid 816 pid 816 name "power@1.3-servi" vma 7fbda45000
           <...>-816   [004] ....  7852.155874: do_swap_page: swapin tgid 816 pid 816 name "power@1.3-servi" vma 7fbda46000
           <...>-1358  [004] ....  7852.155903: do_swap_page: swapin tgid 1333 pid 1358 name "android.display" vma 9d9cc000
           <...>-1358  [004] ....  7852.155918: do_swap_page: swapin tgid 1333 pid 1358 name "android.display" vma 9d9fb000
    Binder:602_5-2224  [004] ....  7852.155954: do_swap_page: swapin tgid 602 pid 2224 name "Binder:602_5" vma 7fbe175000
           <...>-816   [004] ....  7852.156119: do_swap_page: swapin tgid 816 pid 816 name "power@1.3-servi" vma 7fbda46000
           <...>-816   [004] ....  7852.156127: do_swap_page: swapin tgid 816 pid 816 name "power@1.3-servi" vma 7fbd201000
           <...>-816   [004] ....  7852.156129: do_swap_page: swapin tgid 816 pid 816 name "power@1.3-servi" vma 7fbd200000
           <...>-816   [004] ....  7852.156134: do_swap_page: swapin tgid 816 pid 816 name "power@1.3-servi" vma 7fbd298000
           <...>-816   [004] ....  7852.156142: do_swap_page: swapin tgid 816 pid 816 name "power@1.3-servi" vma 7fbb84b000
           <...>-816   [004] ....  7852.156146: do_swap_page: swapin tgid 816 pid 816 name "power@1.3-servi" vma 7fbb84c000
           <...>-816   [004] ....  7852.156178: do_swap_page: swapin tgid 816 pid 816 name "power@1.3-servi" vma 7fbd404000
           <...>-816   [004] ....  7852.156183: do_swap_page: swapin tgid 816 pid 816 name "power@1.3-servi" vma 7fbd400000
           <...>-2031  [004] ....  7852.156216: do_swap_page: swapin tgid 2031 pid 2031 name "droid.launcher3" vma 7fbd222000
           <...>-2031  [004] ....  7852.156224: do_swap_page: swapin tgid 2031 pid 2031 name "droid.launcher3" vma 7fbe15d000
           <...>-2031  [004] ....  7852.156226: do_swap_page: swapin tgid 2031 pid 2031 name "droid.launcher3" vma 7fbe15c000
           <...>-2031  [004] ....  7852.156232: do_swap_page: swapin tgid 2031 pid 2031 name "droid.launcher3" vma 7fbe1fd000
           <...>-2031  [004] ....  7852.156238: do_swap_page: swapin tgid 2031 pid 2031 name "droid.launcher3" vma 7ed0d58000
           <...>-2031  [004] ....  7852.156243: do_swap_page: swapin tgid 2031 pid 2031 name "droid.launcher3" vma 7ec6a92000
           <...>-2031  [004] ....  7852.156247: do_swap_page: swapin tgid 2031 pid 2031 name "droid.launcher3" vma 7f28a21000
           <...>-2031  [004] ....  7852.156256: do_swap_page: swapin tgid 2031 pid 2031 name "droid.launcher3" vma 7fba71b000
           <...>-816   [004] ....  7852.156307: do_swap_page: swapin tgid 816 pid 816 name "power@1.3-servi" vma 7fbd400000
           <...>-816   [004] ....  7852.156313: do_swap_page: swapin tgid 816 pid 816 name "power@1.3-servi" vma 7fbd407000
           <...>-816   [004] ....  7852.156318: do_swap_page: swapin tgid 816 pid 816 name "power@1.3-servi" vma 7fbd406000
   system_server-1333  [004] ....  7852.156358: do_swap_page: swapin tgid 1333 pid 1333 name "system_server" vma 9d9c4000
   system_server-1333  [004] ....  7852.156369: do_swap_page: swapin tgid 1333 pid 1333 name "system_server" vma 9d994000
           <...>-1358  [004] ....  7852.156402: do_swap_page: swapin tgid 1333 pid 1358 name "android.display" vma 9d9fb000
           <...>-816   [004] ....  7852.156463: do_swap_page: swapin tgid 816 pid 816 name "power@1.3-servi" vma 7fbd406000
           <...>-816   [004] ....  7852.156470: do_swap_page: swapin tgid 816 pid 816 name "power@1.3-servi" vma 7fbd408000
           <...>-816   [004] ....  7852.156475: do_swap_page: swapin tgid 816 pid 816 name "power@1.3-servi" vma 7fbd205000
           <...>-816   [004] ....  7852.156478: do_swap_page: swapin tgid 816 pid 816 name "power@1.3-servi" vma 7fbd211000
           <...>-816   [004] ....  7852.156486: do_swap_page: swapin tgid 816 pid 816 name "power@1.3-servi" vma 7fbb84d000
           <...>-816   [004] ....  7852.156515: do_swap_page: swapin tgid 816 pid 816 name "power@1.3-servi" vma 7fbcfe9000
           <...>-2352  [004] ....  7852.156569: do_swap_page: swapin tgid 816 pid 2352 name "NodeLooperThrea" vma 7fbb7fc000
           <...>-2352  [004] ....  7852.156575: do_swap_page: swapin tgid 816 pid 2352 name "NodeLooperThrea" vma 7fbb7fb000
           <...>-2352  [004] ....  7852.156584: do_swap_page: swapin tgid 816 pid 2352 name "NodeLooperThrea" vma 7fbb83e000
           <...>-2352  [004] ....  7852.156589: do_swap_page: swapin tgid 816 pid 2352 name "NodeLooperThrea" vma 7fbb83d000
           <...>-2353  [004] ....  7852.156612: do_swap_page: swapin tgid 816 pid 2353 name "power@1.3-servi" vma 7fba6ff000
           <...>-1358  [004] ....  7852.156631: do_swap_page: swapin tgid 1333 pid 1358 name "android.display" vma 9d9fe000
           <...>-2031  [004] ....  7852.156667: do_swap_page: swapin tgid 2031 pid 2031 name "droid.launcher3" vma 7fba71b000
           <...>-2031  [004] ....  7852.156697: do_swap_page: swapin tgid 2031 pid 2031 name "droid.launcher3" vma 7fbe25a000
           <...>-2031  [004] ....  7852.156704: do_swap_page: swapin tgid 2031 pid 2031 name "droid.launcher3" vma 7f393f2000
           <...>-2031  [004] ....  7852.156707: do_swap_page: swapin tgid 2031 pid 2031 name "droid.launcher3" vma 7fbe23c000
           <...>-2031  [004] ....  7852.156709: do_swap_page: swapin tgid 2031 pid 2031 name "droid.launcher3" vma 7fbe1a3000
           <...>-2031  [004] ....  7852.156712: do_swap_page: swapin tgid 2031 pid 2031 name "droid.launcher3" vma 7f318f3000
           <...>-2031  [004] ....  7852.156719: do_swap_page: swapin tgid 2031 pid 2031 name "droid.launcher3" vma 13c2a000
           <...>-2031  [004] ....  7852.156726: do_swap_page: swapin tgid 2031 pid 2031 name "droid.launcher3" vma 7fbe285000
           <...>-2031  [004] ....  7852.156732: do_swap_page: swapin tgid 2031 pid 2031 name "droid.launcher3" vma 7f393f3000
           <...>-2031  [004] ....  7852.156734: do_swap_page: swapin tgid 2031 pid 2031 name "droid.launcher3" vma 7fbe1f8000
           <...>-2031  [004] ....  7852.156737: do_swap_page: swapin tgid 2031 pid 2031 name "droid.launcher3" vma 7fffffa000
           <...>-2031  [004] ....  7852.156742: do_swap_page: swapin tgid 2031 pid 2031 name "droid.launcher3" vma 7fbe24e000
           <...>-2031  [004] ....  7852.156749: do_swap_page: swapin tgid 2031 pid 2031 name "droid.launcher3" vma 7fbdcd8000
           <...>-2031  [004] ....  7852.156756: do_swap_page: swapin tgid 2031 pid 2031 name "droid.launcher3" vma 7fbe286000
           <...>-2031  [004] ....  7852.156763: do_swap_page: swapin tgid 2031 pid 2031 name "droid.launcher3" vma 12ed4000
           <...>-2031  [004] ....  7852.156769: do_swap_page: swapin tgid 2031 pid 2031 name "droid.launcher3" vma 7f35079000
           <...>-2031  [004] ....  7852.156779: do_swap_page: swapin tgid 2031 pid 2031 name "droid.launcher3" vma 7ed0db2000
           <...>-2031  [004] ....  7852.156790: do_swap_page: swapin tgid 2031 pid 2031 name "droid.launcher3" vma 12ed2000
           <...>-2031  [004] ....  7852.156797: do_swap_page: swapin tgid 2031 pid 2031 name "droid.launcher3" vma 12ed5000
           <...>-2031  [004] ....  7852.156801: do_swap_page: swapin tgid 2031 pid 2031 name "droid.launcher3" vma 12eec000
           <...>-2031  [004] ....  7852.156806: do_swap_page: swapin tgid 2031 pid 2031 name "droid.launcher3" vma 7f34f06000
           <...>-2031  [004] ....  7852.156810: do_swap_page: swapin tgid 2031 pid 2031 name "droid.launcher3" vma 12ecd000
           <...>-2031  [004] ....  7852.156813: do_swap_page: swapin tgid 2031 pid 2031 name "droid.launcher3" vma 12f87000
           <...>-816   [004] ....  7852.156839: do_swap_page: swapin tgid 816 pid 816 name "power@1.3-servi" vma 7fbcfe9000
           <...>-2031  [004] ....  7852.156917: do_swap_page: swapin tgid 2031 pid 2031 name "droid.launcher3" vma 12f88000
           <...>-2031  [004] ....  7852.156926: do_swap_page: swapin tgid 2031 pid 2031 name "droid.launcher3" vma 13c05000
           <...>-2031  [004] ....  7852.156939: do_swap_page: swapin tgid 2031 pid 2031 name "droid.launcher3" vma 12ec8000
           <...>-2031  [004] ....  7852.156943: do_swap_page: swapin tgid 2031 pid 2031 name "droid.launcher3" vma 12ed3000
           <...>-2031  [004] ....  7852.156949: do_swap_page: swapin tgid 2031 pid 2031 name "droid.launcher3" vma 9d78a000
           <...>-2352  [004] ....  7852.156982: do_swap_page: swapin tgid 816 pid 2352 name "NodeLooperThrea" vma 7fbb83d000
           <...>-2352  [004] ....  7852.156993: do_swap_page: swapin tgid 816 pid 2352 name "NodeLooperThrea" vma 7fbb81b000
   system_server-1333  [004] ....  7852.157069: do_swap_page: swapin tgid 1333 pid 1333 name "system_server" vma 9d994000
           <...>-671   [004] ....  7852.157191: do_swap_page: swapin tgid 602 pid 671 name "surfaceflinger" vma 7fb3f22000
           <...>-671   [004] ....  7852.157198: do_swap_page: swapin tgid 602 pid 671 name "surfaceflinger" vma 7fb3f21000
           <...>-2353  [004] ....  7852.157719: do_swap_page: swapin tgid 816 pid 2353 name "power@1.3-servi" vma 7fba6ff000
           <...>-2353  [004] ....  7852.157756: do_swap_page: swapin tgid 816 pid 2353 name "power@1.3-servi" vma 7fba6fe000
           <...>-2352  [004] ....  7852.158031: do_swap_page: swapin tgid 816 pid 2352 name "NodeLooperThrea" vma 7fbb81b000
           <...>-2352  [004] ....  7852.158238: do_swap_page: swapin tgid 816 pid 2352 name "NodeLooperThrea" vma 7fbb84e000
           <...>-2352  [004] ....  7852.158293: do_swap_page: swapin tgid 816 pid 2352 name "NodeLooperThrea" vma 7fbb81d000
           <...>-671   [004] ....  7852.158417: do_swap_page: swapin tgid 602 pid 671 name "surfaceflinger" vma 7fb798b000
           <...>-2352  [004] ....  7852.159002: do_swap_page: swapin tgid 816 pid 2352 name "NodeLooperThrea" vma 7fbb81d000
           <...>-2352  [004] ....  7852.159553: do_swap_page: swapin tgid 816 pid 2352 name "NodeLooperThrea" vma 7fbb85b000
           <...>-2031  [004] ....  7852.159607: do_swap_page: swapin tgid 2031 pid 2031 name "droid.launcher3" vma 9d78a000
           <...>-2031  [004] ....  7852.159630: do_swap_page: swapin tgid 2031 pid 2031 name "droid.launcher3" vma 7fbe170000
           <...>-2031  [004] ....  7852.159632: do_swap_page: swapin tgid 2031 pid 2031 name "droid.launcher3" vma 7fbe249000
           <...>-2031  [004] ....  7852.159638: do_swap_page: swapin tgid 2031 pid 2031 name "droid.launcher3" vma 7f289fb000
           <...>-2031  [004] ....  7852.159652: do_swap_page: swapin tgid 2031 pid 2031 name "droid.launcher3" vma 12f8a000
           <...>-2031  [004] ....  7852.159659: do_swap_page: swapin tgid 2031 pid 2031 name "droid.launcher3" vma 12ed6000
           <...>-2031  [004] ....  7852.159662: do_swap_page: swapin tgid 2031 pid 2031 name "droid.launcher3" vma 9d789000
           <...>-2031  [004] ....  7852.159667: do_swap_page: swapin tgid 2031 pid 2031 name "droid.launcher3" vma 9d886000
           <...>-2352  [004] ....  7852.159702: do_swap_page: swapin tgid 816 pid 2352 name "NodeLooperThrea" vma 7fbb85b000
           <...>-671   [004] ....  7852.159839: do_swap_page: swapin tgid 602 pid 671 name "surfaceflinger" vma 7faa5c7000
           <...>-671   [004] ....  7852.159850: do_swap_page: swapin tgid 602 pid 671 name "surfaceflinger" vma 7fb76ce000
           <...>-1358  [004] ....  7852.159880: do_swap_page: swapin tgid 1333 pid 1358 name "android.display" vma 9d9fe000
           <...>-1358  [004] ....  7852.159889: do_swap_page: swapin tgid 1333 pid 1358 name "android.display" vma 9d82a000
           <...>-1358  [004] ....  7852.159903: do_swap_page: swapin tgid 1333 pid 1358 name "android.display" vma 146f9000
           <...>-1358  [004] ....  7852.159908: do_swap_page: swapin tgid 1333 pid 1358 name "android.display" vma 13deb000
           <...>-1358  [004] ....  7852.159912: do_swap_page: swapin tgid 1333 pid 1358 name "android.display" vma 9d78e000
           <...>-1358  [004] ....  7852.159914: do_swap_page: swapin tgid 1333 pid 1358 name "android.display" vma 9da42000
      android.ui-1356  [004] ....  7852.159952: do_swap_page: swapin tgid 1333 pid 1356 name "android.ui" vma 9da58000
           <...>-2352  [004] ....  7852.160287: do_swap_page: swapin tgid 816 pid 2352 name "NodeLooperThrea" vma 7fbd26b000
           <...>-2352  [004] ....  7852.160293: do_swap_page: swapin tgid 816 pid 2352 name "NodeLooperThrea" vma 7fbd26c000
           <...>-2352  [004] ....  7852.160297: do_swap_page: swapin tgid 816 pid 2352 name "NodeLooperThrea" vma 7fbd240000
           <...>-2352  [004] ....  7852.160302: do_swap_page: swapin tgid 816 pid 2352 name "NodeLooperThrea" vma 7fbd921000
           <...>-2352  [004] ....  7852.160314: do_swap_page: swapin tgid 816 pid 2352 name "NodeLooperThrea" vma 7fbd20a000
           <...>-2352  [004] ....  7852.160319: do_swap_page: swapin tgid 816 pid 2352 name "NodeLooperThrea" vma 7fbd20e000
           <...>-2352  [004] ....  7852.160322: do_swap_page: swapin tgid 816 pid 2352 name "NodeLooperThrea" vma 7fbd920000
      android.ui-1356  [004] ....  7852.160358: do_swap_page: swapin tgid 1333 pid 1356 name "android.ui" vma 9d7c5000
      android.ui-1356  [004] ....  7852.160364: do_swap_page: swapin tgid 1333 pid 1356 name "android.ui" vma 9d8f3000
           <...>-2031  [004] ....  7852.160404: do_swap_page: swapin tgid 2031 pid 2031 name "droid.launcher3" vma 9d886000
           <...>-2031  [004] ....  7852.160411: do_swap_page: swapin tgid 2031 pid 2031 name "droid.launcher3" vma 9d897000
 ndroid.systemui-1717  [004] ....  7852.160448: do_swap_page: swapin tgid 1717 pid 1717 name "ndroid.systemui" vma 7f2d148000
 ndroid.systemui-1717  [004] ....  7852.160465: do_swap_page: swapin tgid 1717 pid 1717 name "ndroid.systemui" vma 7eb3e09000
           <...>-2352  [004] ....  7852.160512: do_swap_page: swapin tgid 816 pid 2352 name "NodeLooperThrea" vma 7fbd920000
           <...>-2352  [004] ....  7852.160525: do_swap_page: swapin tgid 816 pid 2352 name "NodeLooperThrea" vma 7fbb7fa000
           <...>-2352  [004] ....  7852.160551: do_swap_page: swapin tgid 816 pid 2352 name "NodeLooperThrea" vma 7fbd212000
           <...>-2352  [004] ....  7852.160553: do_swap_page: swapin tgid 816 pid 2352 name "NodeLooperThrea" vma 7fbe1f0000
 ndroid.systemui-1717  [004] ....  7852.160638: do_swap_page: swapin tgid 1717 pid 1717 name "ndroid.systemui" vma 7eb3eb4000
 ndroid.systemui-1717  [004] ....  7852.160653: do_swap_page: swapin tgid 1717 pid 1717 name "ndroid.systemui" vma 13e4d000
           <...>-2352  [004] ....  7852.160684: do_swap_page: swapin tgid 816 pid 2352 name "NodeLooperThrea" vma 7fbe1f0000
           <...>-2352  [004] ....  7852.160705: do_swap_page: swapin tgid 816 pid 2352 name "NodeLooperThrea" vma 7fbf5e3000
 ndroid.systemui-1717  [004] ....  7852.160732: do_swap_page: swapin tgid 1717 pid 1717 name "ndroid.systemui" vma 13e4e000
 ndroid.systemui-1717  [004] ....  7852.160744: do_swap_page: swapin tgid 1717 pid 1717 name "ndroid.systemui" vma 13e4c000
 ndroid.systemui-1717  [004] ....  7852.160763: do_swap_page: swapin tgid 1717 pid 1717 name "ndroid.systemui" vma 13e4f000
 ndroid.systemui-1717  [004] ....  7852.160773: do_swap_page: swapin tgid 1717 pid 1717 name "ndroid.systemui" vma 9d769000
 ndroid.systemui-1717  [004] ....  7852.160777: do_swap_page: swapin tgid 1717 pid 1717 name "ndroid.systemui" vma 9d9a1000
           <...>-2031  [004] ....  7852.160809: do_swap_page: swapin tgid 2031 pid 2031 name "droid.launcher3" vma 9d897000
           <...>-2031  [004] ....  7852.160817: do_swap_page: swapin tgid 2031 pid 2031 name "droid.launcher3" vma 9d891000
           <...>-2352  [004] ....  7852.160844: do_swap_page: swapin tgid 816 pid 2352 name "NodeLooperThrea" vma 7fbf5e3000
           <...>-2352  [004] ....  7852.160858: do_swap_page: swapin tgid 816 pid 2352 name "NodeLooperThrea" vma 7fbe196000
     logd.writer-572   [004] ....  7852.161122: do_swap_page: swapin tgid 556 pid 572 name "logd.writer" vma 7fbbe74000
     logd.writer-572   [004] ....  7852.161129: do_swap_page: swapin tgid 556 pid 572 name "logd.writer" vma 7fbbe61000
           <...>-2031  [004] ....  7852.161167: do_swap_page: swapin tgid 2031 pid 2031 name "droid.launcher3" vma 9d891000
           <...>-2031  [004] ....  7852.161179: do_swap_page: swapin tgid 2031 pid 2031 name "droid.launcher3" vma 12f89000
           <...>-2031  [004] ....  7852.161217: do_swap_page: swapin tgid 2031 pid 2031 name "droid.launcher3" vma 12f90000
           <...>-2031  [004] ....  7852.161224: do_swap_page: swapin tgid 2031 pid 2031 name "droid.launcher3" vma 7ed0e0e000
           <...>-2031  [004] ....  7852.161226: do_swap_page: swapin tgid 2031 pid 2031 name "droid.launcher3" vma 7f28b5d000
           <...>-2031  [004] ....  7852.161240: do_swap_page: swapin tgid 2031 pid 2031 name "droid.launcher3" vma 7ed0e0f000
           <...>-2031  [004] ....  7852.161249: do_swap_page: swapin tgid 2031 pid 2031 name "droid.launcher3" vma 12ec3000
           <...>-2031  [004] ....  7852.161251: do_swap_page: swapin tgid 2031 pid 2031 name "droid.launcher3" vma 9d752000
           <...>-2031  [004] ....  7852.161255: do_swap_page: swapin tgid 2031 pid 2031 name "droid.launcher3" vma 7fbe264000
           <...>-2031  [004] ....  7852.161258: do_swap_page: swapin tgid 2031 pid 2031 name "droid.launcher3" vma 9d753000
      android.ui-1356  [004] ....  7852.161337: do_swap_page: swapin tgid 1333 pid 1356 name "android.ui" vma 9d8f3000
      android.ui-1356  [004] ....  7852.161348: do_swap_page: swapin tgid 1333 pid 1356 name "android.ui" vma 13fd8000
      android.ui-1356  [004] ....  7852.161351: do_swap_page: swapin tgid 1333 pid 1356 name "android.ui" vma 9d819000
      android.ui-1356  [004] ....  7852.161353: do_swap_page: swapin tgid 1333 pid 1356 name "android.ui" vma 9da93000
           <...>-2031  [004] ....  7852.161775: do_swap_page: swapin tgid 2031 pid 2031 name "droid.launcher3" vma 9d753000
           <...>-2031  [004] ....  7852.161794: do_swap_page: swapin tgid 2031 pid 2031 name "droid.launcher3" vma 9d76b000
           <...>-2031  [004] ....  7852.161797: do_swap_page: swapin tgid 2031 pid 2031 name "droid.launcher3" vma 12f9f000
           <...>-2031  [004] ....  7852.161800: do_swap_page: swapin tgid 2031 pid 2031 name "droid.launcher3" vma 9d754000
           <...>-2031  [004] ....  7852.161804: do_swap_page: swapin tgid 2031 pid 2031 name "droid.launcher3" vma 7ed0e0d000
           <...>-2031  [004] ....  7852.161833: do_swap_page: swapin tgid 2031 pid 2031 name "droid.launcher3" vma 9d76c000
           <...>-1358  [004] ....  7852.161896: do_swap_page: swapin tgid 1333 pid 1358 name "android.display" vma 9da42000
           <...>-1358  [004] ....  7852.161905: do_swap_page: swapin tgid 1333 pid 1358 name "android.display" vma 9da43000
           <...>-2031  [004] ....  7852.162031: do_swap_page: swapin tgid 2031 pid 2031 name "droid.launcher3" vma 9d76c000
           <...>-2031  [004] ....  7852.162039: do_swap_page: swapin tgid 2031 pid 2031 name "droid.launcher3" vma 9d85a000
           <...>-2031  [004] ....  7852.162048: do_swap_page: swapin tgid 2031 pid 2031 name "droid.launcher3" vma 7f2ddab000
           <...>-1358  [004] ....  7852.162110: do_swap_page: swapin tgid 1333 pid 1358 name "android.display" vma 9da43000
           <...>-1358  [004] ....  7852.162142: do_swap_page: swapin tgid 1333 pid 1358 name "android.display" vma 140a1000
           <...>-1358  [004] ....  7852.162174: do_swap_page: swapin tgid 1333 pid 1358 name "android.display" vma 7f2d669000
           <...>-1358  [004] ....  7852.162225: do_swap_page: swapin tgid 1333 pid 1358 name "android.display" vma 7f2d6af000
           <...>-1358  [004] ....  7852.162229: do_swap_page: swapin tgid 1333 pid 1358 name "android.display" vma 7f28b1d000
           <...>-1358  [004] ....  7852.162234: do_swap_page: swapin tgid 1333 pid 1358 name "android.display" vma 7f28b1e000
           <...>-2031  [004] ....  7852.162262: do_swap_page: swapin tgid 2031 pid 2031 name "droid.launcher3" vma 7f2ddab000
           <...>-2031  [004] ....  7852.162268: do_swap_page: swapin tgid 2031 pid 2031 name "droid.launcher3" vma 9d864000
           <...>-2031  [004] ....  7852.162273: do_swap_page: swapin tgid 2031 pid 2031 name "droid.launcher3" vma 9d76d000
           <...>-2031  [004] ....  7852.162275: do_swap_page: swapin tgid 2031 pid 2031 name "droid.launcher3" vma 7f2ddac000
           <...>-2031  [004] ....  7852.162278: do_swap_page: swapin tgid 2031 pid 2031 name "droid.launcher3" vma 9d7aa000
      android.ui-1356  [004] ....  7852.162321: do_swap_page: swapin tgid 1333 pid 1356 name "android.ui" vma 9da93000
      android.ui-1356  [004] ....  7852.162328: do_swap_page: swapin tgid 1333 pid 1356 name "android.ui" vma 9d95c000
 ndroid.systemui-1717  [004] ....  7852.162357: do_swap_page: swapin tgid 1717 pid 1717 name "ndroid.systemui" vma 9d9a1000
 ndroid.systemui-1717  [004] ....  7852.162366: do_swap_page: swapin tgid 1717 pid 1717 name "ndroid.systemui" vma 13e6b000
 ndroid.systemui-1717  [004] ....  7852.162369: do_swap_page: swapin tgid 1717 pid 1717 name "ndroid.systemui" vma 9d982000
           <...>-2031  [004] ....  7852.162419: do_swap_page: swapin tgid 2031 pid 2031 name "droid.launcher3" vma 9d7aa000
           <...>-2031  [004] ....  7852.162426: do_swap_page: swapin tgid 2031 pid 2031 name "droid.launcher3" vma 9d785000
           <...>-2031  [004] ....  7852.162429: do_swap_page: swapin tgid 2031 pid 2031 name "droid.launcher3" vma 9d73b000
           <...>-2031  [004] ....  7852.162431: do_swap_page: swapin tgid 2031 pid 2031 name "droid.launcher3" vma 9d8f7000
           <...>-2031  [004] ....  7852.162434: do_swap_page: swapin tgid 2031 pid 2031 name "droid.launcher3" vma 9d869000
  HwBinder:604_1-636   [004] ....  7852.162537: do_swap_page: swapin tgid 604 pid 636 name "HwBinder:604_1" vma 7fbce09000
           <...>-2031  [004] ....  7852.162759: do_swap_page: swapin tgid 2031 pid 2031 name "droid.launcher3" vma 9d869000
           <...>-2031  [004] ....  7852.162767: do_swap_page: swapin tgid 2031 pid 2031 name "droid.launcher3" vma 9d779000
           <...>-2031  [004] ....  7852.162774: do_swap_page: swapin tgid 2031 pid 2031 name "droid.launcher3" vma 9d85e000
  HwBinder:604_1-636   [004] ....  7852.162977: do_swap_page: swapin tgid 604 pid 636 name "HwBinder:604_1" vma 7fbce49000
  HwBinder:604_1-636   [004] ....  7852.162989: do_swap_page: swapin tgid 604 pid 636 name "HwBinder:604_1" vma 7fbce22000
  HwBinder:604_1-636   [004] ....  7852.162994: do_swap_page: swapin tgid 604 pid 636 name "HwBinder:604_1" vma 7fbce78000
  HwBinder:604_1-636   [004] ....  7852.163003: do_swap_page: swapin tgid 604 pid 636 name "HwBinder:604_1" vma 7fbcbe7000
           <...>-2031  [004] ....  7852.163062: do_swap_page: swapin tgid 2031 pid 2031 name "droid.launcher3" vma 9d85e000
           <...>-2031  [004] ....  7852.163069: do_swap_page: swapin tgid 2031 pid 2031 name "droid.launcher3" vma 9d885000
      android.ui-1356  [004] ....  7852.163109: do_swap_page: swapin tgid 1333 pid 1356 name "android.ui" vma 9d95c000
      android.ui-1356  [004] ....  7852.163117: do_swap_page: swapin tgid 1333 pid 1356 name "android.ui" vma 9d782000
      android.ui-1356  [004] ....  7852.163126: do_swap_page: swapin tgid 1333 pid 1356 name "android.ui" vma 7e62253000
      android.ui-1356  [004] ....  7852.163137: do_swap_page: swapin tgid 1333 pid 1356 name "android.ui" vma 7f2d6c6000
      android.ui-1356  [004] ....  7852.163141: do_swap_page: swapin tgid 1333 pid 1356 name "android.ui" vma 7f2d677000
  HwBinder:604_1-636   [004] ....  7852.163203: do_swap_page: swapin tgid 604 pid 636 name "HwBinder:604_1" vma 7fbcbe7000
  HwBinder:604_1-636   [004] ....  7852.163213: do_swap_page: swapin tgid 604 pid 636 name "HwBinder:604_1" vma 7fbce33000
  HwBinder:604_1-636   [004] ....  7852.163219: do_swap_page: swapin tgid 604 pid 636 name "HwBinder:604_1" vma 7fb5e51000
  HwBinder:604_1-636   [004] ....  7852.163224: do_swap_page: swapin tgid 604 pid 636 name "HwBinder:604_1" vma 7fbcbaf000
           <...>-2031  [004] ....  7852.163290: do_swap_page: swapin tgid 2031 pid 2031 name "droid.launcher3" vma 9d885000
           <...>-2031  [004] ....  7852.163300: do_swap_page: swapin tgid 2031 pid 2031 name "droid.launcher3" vma 9d866000
           <...>-2031  [004] ....  7852.163302: do_swap_page: swapin tgid 2031 pid 2031 name "droid.launcher3" vma 9d78b000
           <...>-2031  [004] ....  7852.163306: do_swap_page: swapin tgid 2031 pid 2031 name "droid.launcher3" vma 12ec6000
           <...>-2031  [004] ....  7852.163310: do_swap_page: swapin tgid 2031 pid 2031 name "droid.launcher3" vma 9d790000
           <...>-2031  [004] ....  7852.163313: do_swap_page: swapin tgid 2031 pid 2031 name "droid.launcher3" vma 13c36000
