           <...>-6164  [004] ....  7852.173544: do_swap_page: swapin tgid 6123 pid 6164 name "RenderThread" vma f72e0000
           <...>-6164  [004] ....  7852.173553: do_swap_page: swapin tgid 6123 pid 6164 name "RenderThread" vma bee74000
           <...>-6164  [004] ....  7852.173557: do_swap_page: swapin tgid 6123 pid 6164 name "RenderThread" vma cbd50000
           <...>-6164  [004] ....  7852.173561: do_swap_page: swapin tgid 6123 pid 6164 name "RenderThread" vma cb04c000
           <...>-6164  [004] ....  7852.173567: do_swap_page: swapin tgid 6123 pid 6164 name "RenderThread" vma f7a24000
           <...>-6164  [004] ....  7852.173571: do_swap_page: swapin tgid 6123 pid 6164 name "RenderThread" vma cbc3d000
           <...>-6376  [004] ....  7852.173641: do_swap_page: swapin tgid 1333 pid 6376 name "RenderThread" vma 7e5fbac000
           <...>-6376  [004] ....  7852.173651: do_swap_page: swapin tgid 1333 pid 6376 name "RenderThread" vma 7e5fbad000
           <...>-6376  [004] ....  7852.173653: do_swap_page: swapin tgid 1333 pid 6376 name "RenderThread" vma 7f2d722000
           <...>-6376  [004] ....  7852.173657: do_swap_page: swapin tgid 1333 pid 6376 name "RenderThread" vma 7e6243a000
           <...>-6376  [004] ....  7852.173663: do_swap_page: swapin tgid 1333 pid 6376 name "RenderThread" vma 7e869eb000
           <...>-6376  [004] ....  7852.173666: do_swap_page: swapin tgid 1333 pid 6376 name "RenderThread" vma 7e62234000
           <...>-6376  [004] ....  7852.173670: do_swap_page: swapin tgid 1333 pid 6376 name "RenderThread" vma 7e5fbab000
           <...>-6376  [004] ....  7852.173707: do_swap_page: swapin tgid 1333 pid 6376 name "RenderThread" vma 7fbb042000
           <...>-6376  [004] ....  7852.173714: do_swap_page: swapin tgid 1333 pid 6376 name "RenderThread" vma 7f2d694000
           <...>-6376  [004] ....  7852.173717: do_swap_page: swapin tgid 1333 pid 6376 name "RenderThread" vma 7e6d0f6000
           <...>-6376  [004] ....  7852.173719: do_swap_page: swapin tgid 1333 pid 6376 name "RenderThread" vma 7e6d1ae000
           <...>-6376  [004] ....  7852.173722: do_swap_page: swapin tgid 1333 pid 6376 name "RenderThread" vma 7e6e9e2000
           <...>-6376  [004] ....  7852.173728: do_swap_page: swapin tgid 1333 pid 6376 name "RenderThread" vma 7e6e8d0000
           <...>-6376  [004] ....  7852.173733: do_swap_page: swapin tgid 1333 pid 6376 name "RenderThread" vma 7e62249000
           <...>-6376  [004] ....  7852.173752: do_swap_page: swapin tgid 1333 pid 6376 name "RenderThread" vma 7eb7530000
    Binder:602_2-644   [004] ....  7852.173776: do_swap_page: swapin tgid 602 pid 644 name "Binder:602_2" vma 7fbbfd4000
    RenderThread-2480  [004] ....  7852.173807: do_swap_page: swapin tgid 2031 pid 2480 name "RenderThread" vma 7fbe175000
    RenderThread-2480  [004] ....  7852.173812: do_swap_page: swapin tgid 2031 pid 2480 name "RenderThread" vma 7f2d226000
    RenderThread-2480  [004] ....  7852.173815: do_swap_page: swapin tgid 2031 pid 2480 name "RenderThread" vma 7fbe172000
    RenderThread-2480  [004] ....  7852.173819: do_swap_page: swapin tgid 2031 pid 2480 name "RenderThread" vma 7ed0c09000
    RenderThread-2480  [004] ....  7852.173823: do_swap_page: swapin tgid 2031 pid 2480 name "RenderThread" vma 7fbe180000
           <...>-1446  [004] ....  7852.173864: do_swap_page: swapin tgid 602 pid 1446 name "Binder:602_4" vma 7fb76d4000
    RenderThread-2480  [004] ....  7852.173912: do_swap_page: swapin tgid 2031 pid 2480 name "RenderThread" vma 7f289f2000
    RenderThread-2480  [004] ....  7852.173924: do_swap_page: swapin tgid 2031 pid 2480 name "RenderThread" vma 7f395f0000
    Binder:602_2-644   [004] ....  7852.173947: do_swap_page: swapin tgid 602 pid 644 name "Binder:602_2" vma 7fbbfd4000
    RenderThread-2098  [004] ....  7852.173968: do_swap_page: swapin tgid 1717 pid 2098 name "RenderThread" vma 7fbe175000
    RenderThread-2480  [004] ....  7852.174120: do_swap_page: swapin tgid 2031 pid 2480 name "RenderThread" vma 7f395f0000
    RenderThread-2480  [004] ....  7852.174177: do_swap_page: swapin tgid 2031 pid 2480 name "RenderThread" vma 7fbe162000
    RenderThread-2480  [004] ....  7852.174183: do_swap_page: swapin tgid 2031 pid 2480 name "RenderThread" vma 7fbe2df000
    RenderThread-2480  [004] ....  7852.174188: do_swap_page: swapin tgid 2031 pid 2480 name "RenderThread" vma 7f28a1a000
    RenderThread-2480  [004] ....  7852.174191: do_swap_page: swapin tgid 2031 pid 2480 name "RenderThread" vma 7f28a83000
    RenderThread-2480  [004] ....  7852.174192: do_swap_page: swapin tgid 2031 pid 2480 name "RenderThread" vma 7fbe229000
    RenderThread-2480  [004] ....  7852.174196: do_swap_page: swapin tgid 2031 pid 2480 name "RenderThread" vma 7fbc6b1000
    RenderThread-2098  [004] ....  7852.174234: do_swap_page: swapin tgid 1717 pid 2098 name "RenderThread" vma 7f28fc1000
    RenderThread-2098  [004] ....  7852.174241: do_swap_page: swapin tgid 1717 pid 2098 name "RenderThread" vma 7fbc6b1000
           <...>-6164  [004] ....  7852.174298: do_swap_page: swapin tgid 6123 pid 6164 name "RenderThread" vma bee75000
    RenderThread-2480  [004] ....  7852.174350: do_swap_page: swapin tgid 2031 pid 2480 name "RenderThread" vma 7fbc6b1000
    RenderThread-2480  [004] ....  7852.174355: do_swap_page: swapin tgid 2031 pid 2480 name "RenderThread" vma 7fbe2f1000
           <...>-1446  [004] ....  7852.174397: do_swap_page: swapin tgid 602 pid 1446 name "Binder:602_4" vma 7fbf5e3000
           <...>-1358  [004] ....  7852.174440: do_swap_page: swapin tgid 1333 pid 1358 name "android.display" vma 7f2d684000
           <...>-1358  [004] ....  7852.174478: do_swap_page: swapin tgid 1333 pid 1358 name "android.display" vma 7ecd832000
           <...>-1358  [004] ....  7852.174495: do_swap_page: swapin tgid 1333 pid 1358 name "android.display" vma 9d8fe000
    RenderThread-2098  [004] ....  7852.174518: do_swap_page: swapin tgid 1717 pid 2098 name "RenderThread" vma 7fbc6b1000
    Binder:602_3-739   [004] ....  7852.174553: do_swap_page: swapin tgid 602 pid 739 name "Binder:602_3" vma 7faa3ca000
    Binder:602_3-739   [004] ....  7852.174579: do_swap_page: swapin tgid 602 pid 739 name "Binder:602_3" vma 7faa3cb000
    Binder:602_3-739   [004] ....  7852.174586: do_swap_page: swapin tgid 602 pid 739 name "Binder:602_3" vma 7fba63a000
    Binder:602_3-739   [004] ....  7852.174594: do_swap_page: swapin tgid 602 pid 739 name "Binder:602_3" vma 7faa6f7000
    Binder:602_3-739   [004] ....  7852.174596: do_swap_page: swapin tgid 602 pid 739 name "Binder:602_3" vma 7faa6f8000
           <...>-1446  [004] ....  7852.174604: do_swap_page: swapin tgid 602 pid 1446 name "Binder:602_4" vma 7fbf5e3000
           <...>-1446  [004] ....  7852.174615: do_swap_page: swapin tgid 602 pid 1446 name "Binder:602_4" vma 7fbd1cf000
           <...>-1446  [004] ....  7852.174641: do_swap_page: swapin tgid 602 pid 1446 name "Binder:602_4" vma 7fba66f000
    RenderThread-2480  [004] ....  7852.174659: do_swap_page: swapin tgid 2031 pid 2480 name "RenderThread" vma 7ed0c04000
    RenderThread-2480  [004] ....  7852.174665: do_swap_page: swapin tgid 2031 pid 2480 name "RenderThread" vma 7f395f1000
           <...>-6164  [004] ....  7852.174755: do_swap_page: swapin tgid 6123 pid 6164 name "RenderThread" vma f0e05000
    RenderThread-2480  [004] ....  7852.174819: do_swap_page: swapin tgid 2031 pid 2480 name "RenderThread" vma 7f395f1000
    Binder:602_1-643   [004] ....  7852.174847: do_swap_page: swapin tgid 602 pid 643 name "Binder:602_1" vma 7fbbbff000
    Binder:602_1-643   [004] ....  7852.174852: do_swap_page: swapin tgid 602 pid 643 name "Binder:602_1" vma 7fbbc00000
    Binder:602_1-643   [004] ....  7852.174854: do_swap_page: swapin tgid 602 pid 643 name "Binder:602_1" vma 7fba62c000
    Binder:602_1-643   [004] ....  7852.174860: do_swap_page: swapin tgid 602 pid 643 name "Binder:602_1" vma 7fba61e000
    Binder:602_1-643   [004] ....  7852.174864: do_swap_page: swapin tgid 602 pid 643 name "Binder:602_1" vma 7fbe15e000
    Binder:602_1-643   [004] ....  7852.174866: do_swap_page: swapin tgid 602 pid 643 name "Binder:602_1" vma 7fbe15f000
    Binder:602_1-643   [004] ....  7852.174868: do_swap_page: swapin tgid 602 pid 643 name "Binder:602_1" vma 7fba7f5000
    RenderThread-2480  [004] ....  7852.174895: do_swap_page: swapin tgid 2031 pid 2480 name "RenderThread" vma 7f2d286000
    RenderThread-2480  [004] ....  7852.174915: do_swap_page: swapin tgid 2031 pid 2480 name "RenderThread" vma 7ed0d20000
           <...>-6164  [004] ....  7852.174944: do_swap_page: swapin tgid 6123 pid 6164 name "RenderThread" vma e20d5000
           <...>-6164  [004] ....  7852.175008: do_swap_page: swapin tgid 6123 pid 6164 name "RenderThread" vma f7b59000
           <...>-6376  [004] ....  7852.175201: do_swap_page: swapin tgid 1333 pid 6376 name "RenderThread" vma 7e6e9e1000
           <...>-6376  [004] ....  7852.175297: do_swap_page: swapin tgid 1333 pid 6376 name "RenderThread" vma 7e62439000
           <...>-1358  [004] ....  7852.175397: do_swap_page: swapin tgid 1333 pid 1358 name "android.display" vma 9d8fe000
           <...>-1358  [004] ....  7852.175415: do_swap_page: swapin tgid 1333 pid 1358 name "android.display" vma 9d75b000
           <...>-1358  [004] ....  7852.175420: do_swap_page: swapin tgid 1333 pid 1358 name "android.display" vma 9da04000
           <...>-2031  [004] ....  7852.175565: do_swap_page: swapin tgid 2031 pid 2031 name "droid.launcher3" vma 9d74a000
           <...>-2031  [004] ....  7852.175576: do_swap_page: swapin tgid 2031 pid 2031 name "droid.launcher3" vma 9d84b000
           <...>-1358  [004] ....  7852.175604: do_swap_page: swapin tgid 1333 pid 1358 name "android.display" vma 9da04000
           <...>-1358  [004] ....  7852.175617: do_swap_page: swapin tgid 1333 pid 1358 name "android.display" vma 9d7f2000
           <...>-1358  [004] ....  7852.175620: do_swap_page: swapin tgid 1333 pid 1358 name "android.display" vma 9d810000
           <...>-1358  [004] ....  7852.175671: do_swap_page: swapin tgid 1333 pid 1358 name "android.display" vma 9da8c000
           <...>-2031  [004] ....  7852.175746: do_swap_page: swapin tgid 2031 pid 2031 name "droid.launcher3" vma 9d84b000
           <...>-2031  [004] ....  7852.175755: do_swap_page: swapin tgid 2031 pid 2031 name "droid.launcher3" vma 13c3d000
           <...>-2031  [004] ....  7852.175759: do_swap_page: swapin tgid 2031 pid 2031 name "droid.launcher3" vma 9d772000
           <...>-1358  [004] ....  7852.175818: do_swap_page: swapin tgid 1333 pid 1358 name "android.display" vma 9da8c000
           <...>-1358  [004] ....  7852.175827: do_swap_page: swapin tgid 1333 pid 1358 name "android.display" vma 9d939000
           <...>-2031  [004] ....  7852.175885: do_swap_page: swapin tgid 2031 pid 2031 name "droid.launcher3" vma 9d772000
           <...>-2031  [004] ....  7852.175890: do_swap_page: swapin tgid 2031 pid 2031 name "droid.launcher3" vma 9d771000
           <...>-2031  [004] ....  7852.175894: do_swap_page: swapin tgid 2031 pid 2031 name "droid.launcher3" vma 7ed0e9e000
           <...>-2031  [004] ....  7852.175896: do_swap_page: swapin tgid 2031 pid 2031 name "droid.launcher3" vma 9d757000
           <...>-1358  [004] ....  7852.175971: do_swap_page: swapin tgid 1333 pid 1358 name "android.display" vma 9d939000
           <...>-1358  [004] ....  7852.175981: do_swap_page: swapin tgid 1333 pid 1358 name "android.display" vma 9d7dd000
           <...>-1358  [004] ....  7852.175992: do_swap_page: swapin tgid 1333 pid 1358 name "android.display" vma 13f5e000
           <...>-1358  [004] ....  7852.176001: do_swap_page: swapin tgid 1333 pid 1358 name "android.display" vma 146ef000
           <...>-1358  [004] ....  7852.176009: do_swap_page: swapin tgid 1333 pid 1358 name "android.display" vma 7f28a21000
           <...>-1358  [004] ....  7852.176015: do_swap_page: swapin tgid 1333 pid 1358 name "android.display" vma 7eb6d9b000
           <...>-1358  [004] ....  7852.176019: do_swap_page: swapin tgid 1333 pid 1358 name "android.display" vma 7ed0bf6000
           <...>-1358  [004] ....  7852.176023: do_swap_page: swapin tgid 1333 pid 1358 name "android.display" vma 7f28b32000
           <...>-2031  [004] ....  7852.176075: do_swap_page: swapin tgid 2031 pid 2031 name "droid.launcher3" vma 9d757000
           <...>-2031  [004] ....  7852.176080: do_swap_page: swapin tgid 2031 pid 2031 name "droid.launcher3" vma 9d756000
           <...>-2031  [004] ....  7852.176082: do_swap_page: swapin tgid 2031 pid 2031 name "droid.launcher3" vma 13249000
           <...>-2031  [004] ....  7852.176085: do_swap_page: swapin tgid 2031 pid 2031 name "droid.launcher3" vma 7ec4b01000
           <...>-2031  [004] ....  7852.176095: do_swap_page: swapin tgid 2031 pid 2031 name "droid.launcher3" vma 9d7d4000
           <...>-2031  [004] ....  7852.176097: do_swap_page: swapin tgid 2031 pid 2031 name "droid.launcher3" vma 9d87a000
           <...>-1358  [004] ....  7852.176193: do_swap_page: swapin tgid 1333 pid 1358 name "android.display" vma 7f28b32000
           <...>-1358  [004] ....  7852.176199: do_swap_page: swapin tgid 1333 pid 1358 name "android.display" vma 7ed0cfa000
           <...>-1358  [004] ....  7852.176203: do_swap_page: swapin tgid 1333 pid 1358 name "android.display" vma 7ed0d47000
           <...>-1358  [004] ....  7852.176206: do_swap_page: swapin tgid 1333 pid 1358 name "android.display" vma 7f28abe000
           <...>-1358  [004] ....  7852.176208: do_swap_page: swapin tgid 1333 pid 1358 name "android.display" vma 7e6d04a000
           <...>-2031  [004] ....  7852.176275: do_swap_page: swapin tgid 2031 pid 2031 name "droid.launcher3" vma 9d87a000
           <...>-2031  [004] ....  7852.176279: do_swap_page: swapin tgid 2031 pid 2031 name "droid.launcher3" vma 9d82c000
           <...>-1358  [004] ....  7852.176410: do_swap_page: swapin tgid 1333 pid 1358 name "android.display" vma 7e6d04a000
           <...>-1358  [004] ....  7852.176417: do_swap_page: swapin tgid 1333 pid 1358 name "android.display" vma 7eb6e26000
           <...>-2031  [004] ....  7852.176463: do_swap_page: swapin tgid 2031 pid 2031 name "droid.launcher3" vma 9d82c000
           <...>-2031  [004] ....  7852.176474: do_swap_page: swapin tgid 2031 pid 2031 name "droid.launcher3" vma 7ec6386000
           <...>-2031  [004] ....  7852.176482: do_swap_page: swapin tgid 2031 pid 2031 name "droid.launcher3" vma 7f2d231000
           <...>-2031  [004] ....  7852.176484: do_swap_page: swapin tgid 2031 pid 2031 name "droid.launcher3" vma 7fbe1c4000
           <...>-2031  [004] ....  7852.176493: do_swap_page: swapin tgid 2031 pid 2031 name "droid.launcher3" vma 12c00000
           <...>-2031  [004] ....  7852.176501: do_swap_page: swapin tgid 2031 pid 2031 name "droid.launcher3" vma 7fbf5e3000
           <...>-1358  [004] ....  7852.176617: do_swap_page: swapin tgid 1333 pid 1358 name "android.display" vma 7eb6e26000
           <...>-1358  [004] ....  7852.176642: do_swap_page: swapin tgid 1333 pid 1358 name "android.display" vma 7f28987000
           <...>-2031  [004] ....  7852.176690: do_swap_page: swapin tgid 2031 pid 2031 name "droid.launcher3" vma 7fbf5e3000
           <...>-2031  [004] ....  7852.176703: do_swap_page: swapin tgid 2031 pid 2031 name "droid.launcher3" vma 7ed0dad000
           <...>-2031  [004] ....  7852.176706: do_swap_page: swapin tgid 2031 pid 2031 name "droid.launcher3" vma 7ed0dae000
           <...>-2031  [004] ....  7852.176711: do_swap_page: swapin tgid 2031 pid 2031 name "droid.launcher3" vma 13c00000
           <...>-2031  [004] ....  7852.176715: do_swap_page: swapin tgid 2031 pid 2031 name "droid.launcher3" vma 7fbe254000
           <...>-2031  [004] ....  7852.176722: do_swap_page: swapin tgid 2031 pid 2031 name "droid.launcher3" vma 7fbddf7000
           <...>-1358  [004] ....  7852.176860: do_swap_page: swapin tgid 1333 pid 1358 name "android.display" vma 7f28987000
           <...>-1358  [004] ....  7852.176868: do_swap_page: swapin tgid 1333 pid 1358 name "android.display" vma 7e867e3000
           <...>-1358  [004] ....  7852.176872: do_swap_page: swapin tgid 1333 pid 1358 name "android.display" vma 7e867ea000
           <...>-2031  [004] ....  7852.176930: do_swap_page: swapin tgid 2031 pid 2031 name "droid.launcher3" vma 7fbddf7000
           <...>-2031  [004] ....  7852.176940: do_swap_page: swapin tgid 2031 pid 2031 name "droid.launcher3" vma 7173c000
           <...>-2031  [004] ....  7852.176943: do_swap_page: swapin tgid 2031 pid 2031 name "droid.launcher3" vma 718a9000
           <...>-2031  [004] ....  7852.176953: do_swap_page: swapin tgid 2031 pid 2031 name "droid.launcher3" vma 7f28b4e000
           <...>-2031  [004] ....  7852.176960: do_swap_page: swapin tgid 2031 pid 2031 name "droid.launcher3" vma 7f28acb000
           <...>-2031  [004] ....  7852.176964: do_swap_page: swapin tgid 2031 pid 2031 name "droid.launcher3" vma 7fbe1c3000
           <...>-2031  [004] ....  7852.176972: do_swap_page: swapin tgid 2031 pid 2031 name "droid.launcher3" vma 13c09000
           <...>-2031  [004] ....  7852.176978: do_swap_page: swapin tgid 2031 pid 2031 name "droid.launcher3" vma 12ec0000
           <...>-2031  [004] ....  7852.176982: do_swap_page: swapin tgid 2031 pid 2031 name "droid.launcher3" vma 12fb0000
           <...>-2031  [004] ....  7852.177001: do_swap_page: swapin tgid 2031 pid 2031 name "droid.launcher3" vma 9d84f000
           <...>-1358  [004] ....  7852.177044: do_swap_page: swapin tgid 1333 pid 1358 name "android.display" vma 7e867ea000
           <...>-1358  [004] ....  7852.177051: do_swap_page: swapin tgid 1333 pid 1358 name "android.display" vma 7eb6d9c000
           <...>-1358  [004] ....  7852.177068: do_swap_page: swapin tgid 1333 pid 1358 name "android.display" vma 9d910000
           <...>-2031  [004] ....  7852.177142: do_swap_page: swapin tgid 2031 pid 2031 name "droid.launcher3" vma 9d84f000
           <...>-2031  [004] ....  7852.177152: do_swap_page: swapin tgid 2031 pid 2031 name "droid.launcher3" vma 12ef7000
           <...>-2031  [004] ....  7852.177208: do_swap_page: swapin tgid 2031 pid 2031 name "droid.launcher3" vma 7fbf700000
           <...>-2031  [004] ....  7852.177220: do_swap_page: swapin tgid 2031 pid 2031 name "droid.launcher3" vma 7f28b3c000
           <...>-1358  [004] ....  7852.177317: do_swap_page: swapin tgid 1333 pid 1358 name "android.display" vma 9d910000
           <...>-1358  [004] ....  7852.177325: do_swap_page: swapin tgid 1333 pid 1358 name "android.display" vma 1514d000
           <...>-1358  [004] ....  7852.177330: do_swap_page: swapin tgid 1333 pid 1358 name "android.display" vma 1514c000
           <...>-1358  [004] ....  7852.177332: do_swap_page: swapin tgid 1333 pid 1358 name "android.display" vma 1514e000
           <...>-1358  [004] ....  7852.177341: do_swap_page: swapin tgid 1333 pid 1358 name "android.display" vma 13e60000
           <...>-1358  [004] ....  7852.177346: do_swap_page: swapin tgid 1333 pid 1358 name "android.display" vma 13e66000
           <...>-1358  [004] ....  7852.177356: do_swap_page: swapin tgid 1333 pid 1358 name "android.display" vma 1514b000
           <...>-1358  [004] ....  7852.177390: do_swap_page: swapin tgid 1333 pid 1358 name "android.display" vma 7ed0b68000
           <...>-1358  [004] ....  7852.177407: do_swap_page: swapin tgid 1333 pid 1358 name "android.display" vma 9d85c000
           <...>-1358  [004] ....  7852.177538: do_swap_page: swapin tgid 1333 pid 1358 name "android.display" vma 9d85c000
           <...>-1358  [004] ....  7852.177544: do_swap_page: swapin tgid 1333 pid 1358 name "android.display" vma 7ed0cf8000
           <...>-1358  [004] ....  7852.177553: do_swap_page: swapin tgid 1333 pid 1358 name "android.display" vma 7eb7521000
           <...>-1358  [004] ....  7852.177616: do_swap_page: swapin tgid 1333 pid 1358 name "android.display" vma 9d93a000
   Binder:1333_1-1350  [004] ....  7852.177807: do_swap_page: swapin tgid 1333 pid 1350 name "Binder:1333_1" vma 7e6d1b9000
           <...>-1448  [004] ....  7852.177873: do_swap_page: swapin tgid 1333 pid 1448 name "InputDispatcher" vma 7e868eb000
           <...>-2031  [004] ....  7852.177903: do_swap_page: swapin tgid 2031 pid 2031 name "droid.launcher3" vma 7ed0d6b000
           <...>-2031  [004] ....  7852.177919: do_swap_page: swapin tgid 2031 pid 2031 name "droid.launcher3" vma 7ec62ac000
           <...>-2031  [004] ....  7852.177922: do_swap_page: swapin tgid 2031 pid 2031 name "droid.launcher3" vma 7ec62ad000
           <...>-2031  [004] ....  7852.177939: do_swap_page: swapin tgid 2031 pid 2031 name "droid.launcher3" vma 13c08000
           <...>-2031  [004] ....  7852.177943: do_swap_page: swapin tgid 2031 pid 2031 name "droid.launcher3" vma 7fbe1d3000
           <...>-2031  [004] ....  7852.177946: do_swap_page: swapin tgid 2031 pid 2031 name "droid.launcher3" vma 7fbe346000
           <...>-2031  [004] ....  7852.177956: do_swap_page: swapin tgid 2031 pid 2031 name "droid.launcher3" vma 7fbe166000
           <...>-2031  [004] ....  7852.177959: do_swap_page: swapin tgid 2031 pid 2031 name "droid.launcher3" vma 7f39805000
           <...>-2031  [004] ....  7852.177961: do_swap_page: swapin tgid 2031 pid 2031 name "droid.launcher3" vma 7f3980f000
           <...>-2031  [004] ....  7852.177964: do_swap_page: swapin tgid 2031 pid 2031 name "droid.launcher3" vma 7f39806000
           <...>-2031  [004] ....  7852.177966: do_swap_page: swapin tgid 2031 pid 2031 name "droid.launcher3" vma 7f39832000
           <...>-2031  [004] ....  7852.177972: do_swap_page: swapin tgid 2031 pid 2031 name "droid.launcher3" vma 7f3983a000
           <...>-2031  [004] ....  7852.177974: do_swap_page: swapin tgid 2031 pid 2031 name "droid.launcher3" vma 7f39811000
           <...>-2031  [004] ....  7852.177976: do_swap_page: swapin tgid 2031 pid 2031 name "droid.launcher3" vma 7f3982e000
           <...>-2031  [004] ....  7852.177979: do_swap_page: swapin tgid 2031 pid 2031 name "droid.launcher3" vma 7fbe161000
           <...>-2031  [004] ....  7852.177981: do_swap_page: swapin tgid 2031 pid 2031 name "droid.launcher3" vma 7f289bc000
           <...>-2031  [004] ....  7852.177985: do_swap_page: swapin tgid 2031 pid 2031 name "droid.launcher3" vma 7f28b4c000
           <...>-2031  [004] ....  7852.178001: do_swap_page: swapin tgid 2031 pid 2031 name "droid.launcher3" vma 7fbe1d0000
           <...>-2031  [004] ....  7852.178004: do_swap_page: swapin tgid 2031 pid 2031 name "droid.launcher3" vma 7f2d144000
      android.ui-1356  [004] ....  7852.178098: do_swap_page: swapin tgid 1333 pid 1356 name "android.ui" vma 7f2895f000
      android.ui-1356  [004] ....  7852.178103: do_swap_page: swapin tgid 1333 pid 1356 name "android.ui" vma 7f2d81c000
      android.ui-1356  [004] ....  7852.178109: do_swap_page: swapin tgid 1333 pid 1356 name "android.ui" vma 7f2d809000
      android.ui-1356  [004] ....  7852.178112: do_swap_page: swapin tgid 1333 pid 1356 name "android.ui" vma 7f2d811000
      android.ui-1356  [004] ....  7852.178116: do_swap_page: swapin tgid 1333 pid 1356 name "android.ui" vma 7e6217f000
      android.ui-1356  [004] ....  7852.178132: do_swap_page: swapin tgid 1333 pid 1356 name "android.ui" vma 7eb7528000
      android.ui-1356  [004] ....  7852.178135: do_swap_page: swapin tgid 1333 pid 1356 name "android.ui" vma 7eb8b10000
           <...>-2031  [004] ....  7852.178174: do_swap_page: swapin tgid 2031 pid 2031 name "droid.launcher3" vma 7f2d144000
           <...>-1358  [004] ....  7852.178208: do_swap_page: swapin tgid 1333 pid 1358 name "android.display" vma 9d93a000
           <...>-1358  [004] ....  7852.178214: do_swap_page: swapin tgid 1333 pid 1358 name "android.display" vma 9d82c000
           <...>-1358  [004] ....  7852.178216: do_swap_page: swapin tgid 1333 pid 1358 name "android.display" vma 9d973000
 ndroid.systemui-1717  [004] ....  7852.178252: do_swap_page: swapin tgid 1717 pid 1717 name "ndroid.systemui" vma 7eb3fe0000
 ndroid.systemui-1717  [004] ....  7852.178256: do_swap_page: swapin tgid 1717 pid 1717 name "ndroid.systemui" vma 7eb3fe1000
 ndroid.systemui-1717  [004] ....  7852.178271: do_swap_page: swapin tgid 1717 pid 1717 name "ndroid.systemui" vma 7ec013d000
           <...>-1358  [004] ....  7852.178371: do_swap_page: swapin tgid 1333 pid 1358 name "android.display" vma 9d973000
           <...>-1358  [004] ....  7852.178382: do_swap_page: swapin tgid 1333 pid 1358 name "android.display" vma 7eb75e0000
           <...>-1358  [004] ....  7852.178433: do_swap_page: swapin tgid 1333 pid 1358 name "android.display" vma 13ba5000
           <...>-1358  [004] ....  7852.178438: do_swap_page: swapin tgid 1333 pid 1358 name "android.display" vma 1376d000
           <...>-1358  [004] ....  7852.178442: do_swap_page: swapin tgid 1333 pid 1358 name "android.display" vma 13ba6000
           <...>-1358  [004] ....  7852.178446: do_swap_page: swapin tgid 1333 pid 1358 name "android.display" vma 1434e000
           <...>-1358  [004] ....  7852.178489: do_swap_page: swapin tgid 1333 pid 1358 name "android.display" vma 13d2a000
           <...>-1358  [004] ....  7852.178519: do_swap_page: swapin tgid 1333 pid 1358 name "android.display" vma 7f289f2000
           <...>-1358  [004] ....  7852.178521: do_swap_page: swapin tgid 1333 pid 1358 name "android.display" vma 7f28a7a000
           <...>-1358  [004] ....  7852.178532: do_swap_page: swapin tgid 1333 pid 1358 name "android.display" vma 7e86800000
           <...>-1358  [004] ....  7852.178550: do_swap_page: swapin tgid 1333 pid 1358 name "android.display" vma 7eb6e67000
           <...>-1358  [004] ....  7852.178555: do_swap_page: swapin tgid 1333 pid 1358 name "android.display" vma 7eb7430000
           <...>-1358  [004] ....  7852.178568: do_swap_page: swapin tgid 1333 pid 1358 name "android.display" vma 7f2d668000
           <...>-1358  [004] ....  7852.178639: do_swap_page: swapin tgid 1333 pid 1358 name "android.display" vma 7f2d6c5000
           <...>-1358  [004] ....  7852.178667: do_swap_page: swapin tgid 1333 pid 1358 name "android.display" vma 7f2d6c7000
           <...>-1358  [004] ....  7852.178708: do_swap_page: swapin tgid 1333 pid 1358 name "android.display" vma 7e6d032000
           <...>-1358  [004] ....  7852.178722: do_swap_page: swapin tgid 1333 pid 1358 name "android.display" vma 7f2d6c9000
           <...>-1358  [004] ....  7852.178741: do_swap_page: swapin tgid 1333 pid 1358 name "android.display" vma 14698000
           <...>-1358  [004] ....  7852.178756: do_swap_page: swapin tgid 1333 pid 1358 name "android.display" vma 14696000
           <...>-1358  [004] ....  7852.178763: do_swap_page: swapin tgid 1333 pid 1358 name "android.display" vma 13c06000
           <...>-1358  [004] ....  7852.178767: do_swap_page: swapin tgid 1333 pid 1358 name "android.display" vma 7e623e7000
           <...>-1363  [004] ....  7852.178793: do_swap_page: swapin tgid 1333 pid 1363 name "android.bg" vma 7ec8308000
           <...>-1363  [004] ....  7852.178803: do_swap_page: swapin tgid 1333 pid 1363 name "android.bg" vma 7ec8309000
           <...>-1363  [004] ....  7852.178806: do_swap_page: swapin tgid 1333 pid 1363 name "android.bg" vma 7ed0b6f000
           <...>-1363  [004] ....  7852.178810: do_swap_page: swapin tgid 1333 pid 1363 name "android.bg" vma 7ec8307000
           <...>-1363  [004] ....  7852.178818: do_swap_page: swapin tgid 1333 pid 1363 name "android.bg" vma 7ec8306000
           <...>-1363  [004] ....  7852.178822: do_swap_page: swapin tgid 1333 pid 1363 name "android.bg" vma 7f313f9000
           <...>-1363  [004] ....  7852.178827: do_swap_page: swapin tgid 1333 pid 1363 name "android.bg" vma 1420f000
           <...>-1363  [004] ....  7852.178830: do_swap_page: swapin tgid 1333 pid 1363 name "android.bg" vma 9da61000
           <...>-1622  [004] ....  7852.178856: do_swap_page: swapin tgid 1333 pid 1622 name "AudioService" vma 7e867b1000
           <...>-1622  [004] ....  7852.178862: do_swap_page: swapin tgid 1333 pid 1622 name "AudioService" vma 7e867b2000
   Binder:1796_1-1813  [004] ....  7852.179011: do_swap_page: swapin tgid 1796 pid 1813 name "Binder:1796_1" vma 7f28a4e000
   Binder:1796_1-1813  [004] ....  7852.179019: do_swap_page: swapin tgid 1796 pid 1813 name "Binder:1796_1" vma 7f2e12a000
   Binder:1796_1-1813  [004] ....  7852.179022: do_swap_page: swapin tgid 1796 pid 1813 name "Binder:1796_1" vma 7f2e12b000
           <...>-2186  [004] ....  7852.179052: do_swap_page: swapin tgid 1830 pid 2186 name "Binder:1830_3" vma 7f2d668000
           <...>-2186  [004] ....  7852.179060: do_swap_page: swapin tgid 1830 pid 2186 name "Binder:1830_3" vma 7f2dd8c000
           <...>-2186  [004] ....  7852.179063: do_swap_page: swapin tgid 1830 pid 2186 name "Binder:1830_3" vma 7f2dd8d000
           <...>-2186  [004] ....  7852.179065: do_swap_page: swapin tgid 1830 pid 2186 name "Binder:1830_3" vma 7f2d667000
           <...>-2186  [004] ....  7852.179070: do_swap_page: swapin tgid 1830 pid 2186 name "Binder:1830_3" vma 7fbe180000
           <...>-2186  [004] ....  7852.179074: do_swap_page: swapin tgid 1830 pid 2186 name "Binder:1830_3" vma 7f2d673000
           <...>-2186  [004] ....  7852.179082: do_swap_page: swapin tgid 1830 pid 2186 name "Binder:1830_3" vma 7f2d615000
           <...>-2186  [004] ....  7852.179084: do_swap_page: swapin tgid 1830 pid 2186 name "Binder:1830_3" vma 7f2d62d000
           <...>-2186  [004] ....  7852.179090: do_swap_page: swapin tgid 1830 pid 2186 name "Binder:1830_3" vma 7f2d6a2000
           <...>-2186  [004] ....  7852.179093: do_swap_page: swapin tgid 1830 pid 2186 name "Binder:1830_3" vma 7fbba73000
           <...>-2186  [004] ....  7852.179096: do_swap_page: swapin tgid 1830 pid 2186 name "Binder:1830_3" vma 7fbe2f1000
           <...>-2186  [004] ....  7852.179098: do_swap_page: swapin tgid 1830 pid 2186 name "Binder:1830_3" vma 7fbe241000
           <...>-1946  [004] ....  7852.179126: do_swap_page: swapin tgid 1926 pid 1946 name "Binder:1926_1" vma 7f28a4e000
           <...>-1946  [004] ....  7852.179132: do_swap_page: swapin tgid 1926 pid 1946 name "Binder:1926_1" vma 7f2e12a000
           <...>-1946  [004] ....  7852.179136: do_swap_page: swapin tgid 1926 pid 1946 name "Binder:1926_1" vma 7f2e12b000
           <...>-5253  [004] ....  7852.179173: do_swap_page: swapin tgid 1942 pid 5253 name "Binder:1942_B" vma 7fbe241000
           <...>-2024  [004] ....  7852.179216: do_swap_page: swapin tgid 2002 pid 2024 name "Binder:2002_3" vma 7f28abc000
           <...>-2024  [004] ....  7852.179224: do_swap_page: swapin tgid 2002 pid 2024 name "Binder:2002_3" vma 7f2df30000
           <...>-2024  [004] ....  7852.179227: do_swap_page: swapin tgid 2002 pid 2024 name "Binder:2002_3" vma 7f2df31000
   Binder:2031_5-2555  [004] ....  7852.179253: do_swap_page: swapin tgid 2031 pid 2555 name "Binder:2031_5" vma 7f2d696000
   Binder:2031_5-2555  [004] ....  7852.179259: do_swap_page: swapin tgid 2031 pid 2555 name "Binder:2031_5" vma 7eca5d4000
   Binder:2031_5-2555  [004] ....  7852.179262: do_swap_page: swapin tgid 2031 pid 2555 name "Binder:2031_5" vma 7eca5d5000
   Binder:2244_C-3599  [004] ....  7852.179308: do_swap_page: swapin tgid 2244 pid 3599 name "Binder:2244_C" vma 7ec4d73000
   Binder:2244_C-3599  [004] ....  7852.179318: do_swap_page: swapin tgid 2244 pid 3599 name "Binder:2244_C" vma 7ea0978000
   Binder:2244_C-3599  [004] ....  7852.179323: do_swap_page: swapin tgid 2244 pid 3599 name "Binder:2244_C" vma 7ea0979000
   Binder:2244_C-3599  [004] ....  7852.179325: do_swap_page: swapin tgid 2244 pid 3599 name "Binder:2244_C" vma 7ec4ccf000
   Binder:2244_C-3599  [004] ....  7852.179340: do_swap_page: swapin tgid 2244 pid 3599 name "Binder:2244_C" vma 7ec4d7c000
   Binder:2244_C-3599  [004] ....  7852.179357: do_swap_page: swapin tgid 2244 pid 3599 name "Binder:2244_C" vma 7f28b5c000
   Binder:2244_C-3599  [004] ....  7852.179360: do_swap_page: swapin tgid 2244 pid 3599 name "Binder:2244_C" vma 7f28ac9000
   Binder:2244_C-3599  [004] ....  7852.179375: do_swap_page: swapin tgid 2244 pid 3599 name "Binder:2244_C" vma 7fbe241000
           <...>-2187  [004] ....  7852.179415: do_swap_page: swapin tgid 1717 pid 2187 name "ScreenDecoratio" vma 7eb75fb000
           <...>-2187  [004] ....  7852.179424: do_swap_page: swapin tgid 1717 pid 2187 name "ScreenDecoratio" vma 7eb75fc000
           <...>-2187  [004] ....  7852.179427: do_swap_page: swapin tgid 1717 pid 2187 name "ScreenDecoratio" vma 7f28dd7000
           <...>-2187  [004] ....  7852.179449: do_swap_page: swapin tgid 1717 pid 2187 name "ScreenDecoratio" vma 7f28dd8000
           <...>-2187  [004] ....  7852.179452: do_swap_page: swapin tgid 1717 pid 2187 name "ScreenDecoratio" vma 7eb75fa000
           <...>-2187  [004] ....  7852.179456: do_swap_page: swapin tgid 1717 pid 2187 name "ScreenDecoratio" vma 7eb75f9000
           <...>-1622  [004] ....  7852.179480: do_swap_page: swapin tgid 1333 pid 1622 name "AudioService" vma 7e867b2000
           <...>-1622  [004] ....  7852.179486: do_swap_page: swapin tgid 1333 pid 1622 name "AudioService" vma 7eb6fe6000
           <...>-1622  [004] ....  7852.179490: do_swap_page: swapin tgid 1333 pid 1622 name "AudioService" vma 7eb6fe7000
           <...>-1622  [004] ....  7852.179491: do_swap_page: swapin tgid 1333 pid 1622 name "AudioService" vma 7eb7000000
           <...>-1622  [004] ....  7852.179495: do_swap_page: swapin tgid 1333 pid 1622 name "AudioService" vma 7e867af000
           <...>-2024  [004] ....  7852.179518: do_swap_page: swapin tgid 2002 pid 2024 name "Binder:2002_3" vma 7f2df31000
           <...>-2024  [004] ....  7852.179541: do_swap_page: swapin tgid 2002 pid 2024 name "Binder:2002_3" vma 7fbe1db000
           <...>-2024  [004] ....  7852.179544: do_swap_page: swapin tgid 2002 pid 2024 name "Binder:2002_3" vma 7fbe180000
           <...>-2024  [004] ....  7852.179547: do_swap_page: swapin tgid 2002 pid 2024 name "Binder:2002_3" vma 7fbe1d0000
   Binder:2031_5-2555  [004] ....  7852.179572: do_swap_page: swapin tgid 2031 pid 2555 name "Binder:2031_5" vma 7eca5d5000
   Binder:2031_5-2555  [004] ....  7852.179578: do_swap_page: swapin tgid 2031 pid 2555 name "Binder:2031_5" vma 7f2d69b000
   Binder:2031_5-2555  [004] ....  7852.179589: do_swap_page: swapin tgid 2031 pid 2555 name "Binder:2031_5" vma 7f2d615000
   Binder:2031_5-2555  [004] ....  7852.179592: do_swap_page: swapin tgid 2031 pid 2555 name "Binder:2031_5" vma 7f2d61f000
   Binder:2031_5-2555  [004] ....  7852.179593: do_swap_page: swapin tgid 2031 pid 2555 name "Binder:2031_5" vma 7f2d6a3000
   Binder:2031_5-2555  [004] ....  7852.179597: do_swap_page: swapin tgid 2031 pid 2555 name "Binder:2031_5" vma 7fbe241000
           <...>-1946  [004] ....  7852.179646: do_swap_page: swapin tgid 1926 pid 1946 name "Binder:1926_1" vma 7f2e12b000
           <...>-1946  [004] ....  7852.179652: do_swap_page: swapin tgid 1926 pid 1946 name "Binder:1926_1" vma 7f289fc000
           <...>-1946  [004] ....  7852.179654: do_swap_page: swapin tgid 1926 pid 1946 name "Binder:1926_1" vma 7fbe180000
           <...>-1946  [004] ....  7852.179663: do_swap_page: swapin tgid 1926 pid 1946 name "Binder:1926_1" vma 7fbe22b000
           <...>-1946  [004] ....  7852.179666: do_swap_page: swapin tgid 1926 pid 1946 name "Binder:1926_1" vma 7f28ac2000
           <...>-5253  [004] ....  7852.179692: do_swap_page: swapin tgid 1942 pid 5253 name "Binder:1942_B" vma 7fbe241000
           <...>-5253  [004] ....  7852.179706: do_swap_page: swapin tgid 1942 pid 5253 name "Binder:1942_B" vma 1445a000
           <...>-5253  [004] ....  7852.179743: do_swap_page: swapin tgid 1942 pid 5253 name "Binder:1942_B" vma 7f2d62c000
           <...>-1942  [004] ....  7852.179819: do_swap_page: swapin tgid 1942 pid 1942 name "m.android.phone" vma 1450c000
   Binder:1796_1-1813  [004] ....  7852.179857: do_swap_page: swapin tgid 1796 pid 1813 name "Binder:1796_1" vma 7f2e12b000
   Binder:1796_1-1813  [004] ....  7852.179864: do_swap_page: swapin tgid 1796 pid 1813 name "Binder:1796_1" vma 7f289fc000
   Binder:1796_1-1813  [004] ....  7852.179867: do_swap_page: swapin tgid 1796 pid 1813 name "Binder:1796_1" vma 7fbe180000
   Binder:1796_1-1813  [004] ....  7852.179871: do_swap_page: swapin tgid 1796 pid 1813 name "Binder:1796_1" vma 7fbe1d0000
   Binder:1796_1-1813  [004] ....  7852.179883: do_swap_page: swapin tgid 1796 pid 1813 name "Binder:1796_1" vma 7fbe22b000
   Binder:1796_1-1813  [004] ....  7852.179885: do_swap_page: swapin tgid 1796 pid 1813 name "Binder:1796_1" vma 7f28ac2000
   Binder:1796_1-1813  [004] ....  7852.179887: do_swap_page: swapin tgid 1796 pid 1813 name "Binder:1796_1" vma 7fbe222000
   Binder:1796_1-1813  [004] ....  7852.179890: do_swap_page: swapin tgid 1796 pid 1813 name "Binder:1796_1" vma 7fbba73000
   Binder:1796_1-1813  [004] ....  7852.179894: do_swap_page: swapin tgid 1796 pid 1813 name "Binder:1796_1" vma 7fbe2df000
   Binder:1796_1-1813  [004] ....  7852.179897: do_swap_page: swapin tgid 1796 pid 1813 name "Binder:1796_1" vma 7fbe241000
           <...>-2187  [004] ....  7852.179925: do_swap_page: swapin tgid 1717 pid 2187 name "ScreenDecoratio" vma 7eb75f9000
           <...>-2187  [004] ....  7852.179935: do_swap_page: swapin tgid 1717 pid 2187 name "ScreenDecoratio" vma 7f3127a000
           <...>-2187  [004] ....  7852.179939: do_swap_page: swapin tgid 1717 pid 2187 name "ScreenDecoratio" vma 12d43000
           <...>-2187  [004] ....  7852.179946: do_swap_page: swapin tgid 1717 pid 2187 name "ScreenDecoratio" vma 13d3b000
           <...>-2187  [004] ....  7852.179951: do_swap_page: swapin tgid 1717 pid 2187 name "ScreenDecoratio" vma 13d3a000
           <...>-2187  [004] ....  7852.179963: do_swap_page: swapin tgid 1717 pid 2187 name "ScreenDecoratio" vma 7ec0415000
           <...>-2187  [004] ....  7852.179965: do_swap_page: swapin tgid 1717 pid 2187 name "ScreenDecoratio" vma 7ec0416000
           <...>-2187  [004] ....  7852.179969: do_swap_page: swapin tgid 1717 pid 2187 name "ScreenDecoratio" vma 7f28f1d000
           <...>-2187  [004] ....  7852.179975: do_swap_page: swapin tgid 1717 pid 2187 name "ScreenDecoratio" vma 7ec04f0000
           <...>-2187  [004] ....  7852.180004: do_swap_page: swapin tgid 1717 pid 2187 name "ScreenDecoratio" vma 7f28f1c000
           <...>-16674 [004] ....  7852.180093: do_swap_page: swapin tgid 1333 pid 16674 name "Binder:1333_1C" vma 7eb8b10000
           <...>-16674 [004] ....  7852.180099: do_swap_page: swapin tgid 1333 pid 16674 name "Binder:1333_1C" vma 7f2d6d3000
           <...>-16674 [004] ....  7852.180109: do_swap_page: swapin tgid 1333 pid 16674 name "Binder:1333_1C" vma 7f2d6c1000
           <...>-1942  [004] ....  7852.180145: do_swap_page: swapin tgid 1942 pid 1942 name "m.android.phone" vma 1450c000
           <...>-1942  [004] ....  7852.180187: do_swap_page: swapin tgid 1942 pid 1942 name "m.android.phone" vma 1454f000
           <...>-1622  [004] ....  7852.180212: do_swap_page: swapin tgid 1333 pid 1622 name "AudioService" vma 7e867af000
           <...>-1622  [004] ....  7852.180218: do_swap_page: swapin tgid 1333 pid 1622 name "AudioService" vma 13fee000
           <...>-1622  [004] ....  7852.180220: do_swap_page: swapin tgid 1333 pid 1622 name "AudioService" vma 13fef000
           <...>-1622  [004] ....  7852.180224: do_swap_page: swapin tgid 1333 pid 1622 name "AudioService" vma 7f2da6b000
           <...>-1622  [004] ....  7852.180231: do_swap_page: swapin tgid 1333 pid 1622 name "AudioService" vma 1414c000
           <...>-1622  [004] ....  7852.180234: do_swap_page: swapin tgid 1333 pid 1622 name "AudioService" vma 9daa5000
           <...>-2186  [004] ....  7852.180257: do_swap_page: swapin tgid 1830 pid 2186 name "Binder:1830_3" vma 7fbe241000
           <...>-2186  [004] ....  7852.180264: do_swap_page: swapin tgid 1830 pid 2186 name "Binder:1830_3" vma 7fbe1e9000
           <...>-2186  [004] ....  7852.180267: do_swap_page: swapin tgid 1830 pid 2186 name "Binder:1830_3" vma 7f393f4000
           <...>-2024  [004] ....  7852.180294: do_swap_page: swapin tgid 2002 pid 2024 name "Binder:2002_3" vma 7fbe1d0000
           <...>-2024  [004] ....  7852.180326: do_swap_page: swapin tgid 2002 pid 2024 name "Binder:2002_3" vma 7fbe22b000
           <...>-2024  [004] ....  7852.180328: do_swap_page: swapin tgid 2002 pid 2024 name "Binder:2002_3" vma 7f28ac2000
   Binder:2031_5-2555  [004] ....  7852.180350: do_swap_page: swapin tgid 2031 pid 2555 name "Binder:2031_5" vma 7fbe241000
   Binder:2031_5-2555  [004] ....  7852.180357: do_swap_page: swapin tgid 2031 pid 2555 name "Binder:2031_5" vma 7f2d66b000
   Binder:2031_5-2555  [004] ....  7852.180363: do_swap_page: swapin tgid 2031 pid 2555 name "Binder:2031_5" vma 7fbbdfa000
   Binder:2031_5-2555  [004] ....  7852.180366: do_swap_page: swapin tgid 2031 pid 2555 name "Binder:2031_5" vma 7f2d61a000
   Binder:2031_5-2555  [004] ....  7852.180369: do_swap_page: swapin tgid 2031 pid 2555 name "Binder:2031_5" vma 7f2d66c000
   Binder:2031_5-2555  [004] ....  7852.180374: do_swap_page: swapin tgid 2031 pid 2555 name "Binder:2031_5" vma 7eca5d2000
   Binder:2031_5-2555  [004] ....  7852.180377: do_swap_page: swapin tgid 2031 pid 2555 name "Binder:2031_5" vma 13c02000
   Binder:2031_5-2555  [004] ....  7852.180379: do_swap_page: swapin tgid 2031 pid 2555 name "Binder:2031_5" vma 12f91000
   Binder:2031_5-2555  [004] ....  7852.180389: do_swap_page: swapin tgid 2031 pid 2555 name "Binder:2031_5" vma 7eca5d3000
   Binder:2031_5-2555  [004] ....  7852.180392: do_swap_page: swapin tgid 2031 pid 2555 name "Binder:2031_5" vma 7fbe29c000
   Binder:2031_5-2555  [004] ....  7852.180427: do_swap_page: swapin tgid 2031 pid 2555 name "Binder:2031_5" vma 7fbdd6b000
   Binder:2031_5-2555  [004] ....  7852.180436: do_swap_page: swapin tgid 2031 pid 2555 name "Binder:2031_5" vma 7ed0df1000
   Binder:2031_5-2555  [004] ....  7852.180438: do_swap_page: swapin tgid 2031 pid 2555 name "Binder:2031_5" vma 7ed0df2000
   Binder:2031_5-2555  [004] ....  7852.180440: do_swap_page: swapin tgid 2031 pid 2555 name "Binder:2031_5" vma 7f2d678000
   Binder:2031_5-2555  [004] ....  7852.180443: do_swap_page: swapin tgid 2031 pid 2555 name "Binder:2031_5" vma 7f2d61e000
   Binder:2031_5-2555  [004] ....  7852.180445: do_swap_page: swapin tgid 2031 pid 2555 name "Binder:2031_5" vma 7f2d16b000
           <...>-1946  [004] ....  7852.180482: do_swap_page: swapin tgid 1926 pid 1946 name "Binder:1926_1" vma 7f28ac2000
           <...>-1946  [004] ....  7852.180487: do_swap_page: swapin tgid 1926 pid 1946 name "Binder:1926_1" vma 7fbe2fc000
           <...>-1946  [004] ....  7852.180491: do_swap_page: swapin tgid 1926 pid 1946 name "Binder:1926_1" vma 7fbba73000
   Binder:2244_C-3599  [004] ....  7852.180534: do_swap_page: swapin tgid 2244 pid 3599 name "Binder:2244_C" vma 7fbe241000
   Binder:2244_C-3599  [004] ....  7852.180547: do_swap_page: swapin tgid 2244 pid 3599 name "Binder:2244_C" vma 7eaf149000
   Binder:2244_C-3599  [004] ....  7852.180552: do_swap_page: swapin tgid 2244 pid 3599 name "Binder:2244_C" vma 7fbbdfa000
   Binder:2244_C-3599  [004] ....  7852.180555: do_swap_page: swapin tgid 2244 pid 3599 name "Binder:2244_C" vma 7ec4dd8000
   Binder:2244_C-3599  [004] ....  7852.180561: do_swap_page: swapin tgid 2244 pid 3599 name "Binder:2244_C" vma 7f318f3000
           <...>-1942  [004] ....  7852.180588: do_swap_page: swapin tgid 1942 pid 1942 name "m.android.phone" vma 1454f000
           <...>-1622  [004] ....  7852.180692: do_swap_page: swapin tgid 1333 pid 1622 name "AudioService" vma 9daa5000
           <...>-1622  [004] ....  7852.180708: do_swap_page: swapin tgid 1333 pid 1622 name "AudioService" vma 7e867b0000
           <...>-1622  [004] ....  7852.180717: do_swap_page: swapin tgid 1333 pid 1622 name "AudioService" vma 9da9f000
           <...>-2186  [004] ....  7852.180742: do_swap_page: swapin tgid 1830 pid 2186 name "Binder:1830_3" vma 7f393f4000
           <...>-2186  [004] ....  7852.180749: do_swap_page: swapin tgid 1830 pid 2186 name "Binder:1830_3" vma 7fbe165000
   Binder:1796_1-1813  [004] ....  7852.180780: do_swap_page: swapin tgid 1796 pid 1813 name "Binder:1796_1" vma 7fbe241000
   Binder:1796_1-1813  [004] ....  7852.180786: do_swap_page: swapin tgid 1796 pid 1813 name "Binder:1796_1" vma 7fbe1e9000
   Binder:1796_1-1813  [004] ....  7852.180790: do_swap_page: swapin tgid 1796 pid 1813 name "Binder:1796_1" vma 7f393f4000
           <...>-2024  [004] ....  7852.180816: do_swap_page: swapin tgid 2002 pid 2024 name "Binder:2002_3" vma 7f28ac2000
           <...>-2024  [004] ....  7852.180822: do_swap_page: swapin tgid 2002 pid 2024 name "Binder:2002_3" vma 7fbe222000
           <...>-2024  [004] ....  7852.180844: do_swap_page: swapin tgid 2002 pid 2024 name "Binder:2002_3" vma 7fbba73000
           <...>-1946  [004] ....  7852.180866: do_swap_page: swapin tgid 1926 pid 1946 name "Binder:1926_1" vma 7fbba73000
           <...>-1946  [004] ....  7852.180874: do_swap_page: swapin tgid 1926 pid 1946 name "Binder:1926_1" vma 7fbe2f1000
           <...>-1946  [004] ....  7852.180877: do_swap_page: swapin tgid 1926 pid 1946 name "Binder:1926_1" vma 7fbe241000
           <...>-1942  [004] ....  7852.180912: do_swap_page: swapin tgid 1942 pid 1942 name "m.android.phone" vma 1450d000
           <...>-1942  [004] ....  7852.180945: do_swap_page: swapin tgid 1942 pid 1942 name "m.android.phone" vma 71525000
   system_server-1333  [004] ....  7852.180997: do_swap_page: swapin tgid 1333 pid 1333 name "system_server" vma 9da61000
           <...>-2187  [004] ....  7852.181048: do_swap_page: swapin tgid 1717 pid 2187 name "ScreenDecoratio" vma 132fc000
           <...>-2187  [004] ....  7852.181057: do_swap_page: swapin tgid 1717 pid 2187 name "ScreenDecoratio" vma 132fd000
           <...>-2187  [004] ....  7852.181079: do_swap_page: swapin tgid 1717 pid 2187 name "ScreenDecoratio" vma 7ec03f4000
           <...>-2187  [004] ....  7852.181110: do_swap_page: swapin tgid 1717 pid 2187 name "ScreenDecoratio" vma 13db1000
   Binder:2244_C-3599  [004] ....  7852.181138: do_swap_page: swapin tgid 2244 pid 3599 name "Binder:2244_C" vma 7f318f3000
   Binder:2244_C-3599  [004] ....  7852.181146: do_swap_page: swapin tgid 2244 pid 3599 name "Binder:2244_C" vma 13aa9000
   Binder:2244_C-3599  [004] ....  7852.181177: do_swap_page: swapin tgid 2244 pid 3599 name "Binder:2244_C" vma 7ea0976000
   Binder:2244_C-3599  [004] ....  7852.181181: do_swap_page: swapin tgid 2244 pid 3599 name "Binder:2244_C" vma 13506000
   Binder:2244_C-3599  [004] ....  7852.181185: do_swap_page: swapin tgid 2244 pid 3599 name "Binder:2244_C" vma 1350b000
   Binder:2244_C-3599  [004] ....  7852.181194: do_swap_page: swapin tgid 2244 pid 3599 name "Binder:2244_C" vma 7f23468000
   Binder:2244_C-3599  [004] ....  7852.181197: do_swap_page: swapin tgid 2244 pid 3599 name "Binder:2244_C" vma 7ea0977000
   Binder:2244_C-3599  [004] ....  7852.181200: do_swap_page: swapin tgid 2244 pid 3599 name "Binder:2244_C" vma 1470a000
   Binder:2244_C-3599  [004] ....  7852.181205: do_swap_page: swapin tgid 2244 pid 3599 name "Binder:2244_C" vma 14909000
   Binder:2244_C-3599  [004] ....  7852.181221: do_swap_page: swapin tgid 2244 pid 3599 name "Binder:2244_C" vma 7eaf108000
   Binder:2244_C-3599  [004] ....  7852.181223: do_swap_page: swapin tgid 2244 pid 3599 name "Binder:2244_C" vma 7eaf1d9000
   Binder:2244_C-3599  [004] ....  7852.181230: do_swap_page: swapin tgid 2244 pid 3599 name "Binder:2244_C" vma 7f28afb000
   Binder:2244_C-3599  [004] ....  7852.181233: do_swap_page: swapin tgid 2244 pid 3599 name "Binder:2244_C" vma 7fbe1c1000
   Binder:2244_C-3599  [004] ....  7852.181241: do_swap_page: swapin tgid 2244 pid 3599 name "Binder:2244_C" vma 13a48000
   Binder:2244_C-3599  [004] ....  7852.181245: do_swap_page: swapin tgid 2244 pid 3599 name "Binder:2244_C" vma 7f34f0d000
   Binder:2244_C-3599  [004] ....  7852.181249: do_swap_page: swapin tgid 2244 pid 3599 name "Binder:2244_C" vma 7175a000
   Binder:1796_1-1813  [004] ....  7852.181268: do_swap_page: swapin tgid 1796 pid 1813 name "Binder:1796_1" vma 7f393f4000
   Binder:1796_1-1813  [004] ....  7852.181273: do_swap_page: swapin tgid 1796 pid 1813 name "Binder:1796_1" vma 7fbe165000
           <...>-2186  [004] ....  7852.181301: do_swap_page: swapin tgid 1830 pid 2186 name "Binder:1830_3" vma 7fbe165000
           <...>-2186  [004] ....  7852.181306: do_swap_page: swapin tgid 1830 pid 2186 name "Binder:1830_3" vma 7f2d662000
           <...>-2186  [004] ....  7852.181310: do_swap_page: swapin tgid 1830 pid 2186 name "Binder:1830_3" vma 7fbd222000
           <...>-2024  [004] ....  7852.181331: do_swap_page: swapin tgid 2002 pid 2024 name "Binder:2002_3" vma 7fbba73000
           <...>-2024  [004] ....  7852.181339: do_swap_page: swapin tgid 2002 pid 2024 name "Binder:2002_3" vma 7fbe2f1000
           <...>-2024  [004] ....  7852.181341: do_swap_page: swapin tgid 2002 pid 2024 name "Binder:2002_3" vma 7fbe241000
           <...>-1946  [004] ....  7852.181422: do_swap_page: swapin tgid 1926 pid 1946 name "Binder:1926_1" vma 7fbe241000
           <...>-1946  [004] ....  7852.181448: do_swap_page: swapin tgid 1926 pid 1946 name "Binder:1926_1" vma 7fbe1e9000
           <...>-1622  [004] ....  7852.181483: do_swap_page: swapin tgid 1333 pid 1622 name "AudioService" vma 9da9f000
           <...>-1622  [004] ....  7852.181488: do_swap_page: swapin tgid 1333 pid 1622 name "AudioService" vma 9dad2000
           <...>-1942  [004] ....  7852.181512: do_swap_page: swapin tgid 1942 pid 1942 name "m.android.phone" vma 71525000
