 droid.bluetooth-5661  [004] ....  8697.394381: do_swap_page: swapin tgid 5661 pid 5661 name "droid.bluetooth" vma 7f28b3c000
 droid.bluetooth-5661  [004] ....  8697.394386: do_swap_page: swapin tgid 5661 pid 5661 name "droid.bluetooth" vma 7f28b55000
 droid.bluetooth-5661  [004] ....  8697.394391: do_swap_page: swapin tgid 5661 pid 5661 name "droid.bluetooth" vma 7f28ac2000
 droid.bluetooth-5661  [004] ....  8697.394393: do_swap_page: swapin tgid 5661 pid 5661 name "droid.bluetooth" vma 7f2d145000
           <...>-2523  [004] ....  8697.394414: do_swap_page: swapin tgid 2498 pid 2523 name "Binder:2498_2" vma 7f39800000
           <...>-2523  [004] ....  8697.394426: do_swap_page: swapin tgid 2498 pid 2523 name "Binder:2498_2" vma 12dc8000
           <...>-2523  [004] ....  8697.394450: do_swap_page: swapin tgid 2498 pid 2523 name "Binder:2498_2" vma 7f35079000
           <...>-2523  [004] ....  8697.394453: do_swap_page: swapin tgid 2498 pid 2523 name "Binder:2498_2" vma 7175a000
 droid.launcher3-2031  [004] ....  8697.394473: do_swap_page: swapin tgid 2031 pid 2031 name "droid.launcher3" vma 9d7c3000
 droid.launcher3-2031  [004] ....  8697.394478: do_swap_page: swapin tgid 2031 pid 2031 name "droid.launcher3" vma 9d870000
 droid.launcher3-2031  [004] ....  8697.394488: do_swap_page: swapin tgid 2031 pid 2031 name "droid.launcher3" vma 9d88d000
 droid.bluetooth-5661  [004] ....  8697.394536: do_swap_page: swapin tgid 5661 pid 5661 name "droid.bluetooth" vma 7f2d145000
 droid.bluetooth-5661  [004] ....  8697.394542: do_swap_page: swapin tgid 5661 pid 5661 name "droid.bluetooth" vma 7fbe1c5000
 droid.bluetooth-5661  [004] ....  8697.394546: do_swap_page: swapin tgid 5661 pid 5661 name "droid.bluetooth" vma 7fbe1ca000
 droid.bluetooth-5661  [004] ....  8697.394550: do_swap_page: swapin tgid 5661 pid 5661 name "droid.bluetooth" vma 14011000
           <...>-1946  [004] ....  8697.394580: do_swap_page: swapin tgid 1926 pid 1946 name "Binder:1926_1" vma 7175a000
 droid.launcher3-2031  [004] ....  8697.394631: do_swap_page: swapin tgid 2031 pid 2031 name "droid.launcher3" vma 9d88d000
 droid.launcher3-2031  [004] ....  8697.394645: do_swap_page: swapin tgid 2031 pid 2031 name "droid.launcher3" vma 12fa6000
 droid.launcher3-2031  [004] ....  8697.394648: do_swap_page: swapin tgid 2031 pid 2031 name "droid.launcher3" vma 13201000
 droid.launcher3-2031  [004] ....  8697.394650: do_swap_page: swapin tgid 2031 pid 2031 name "droid.launcher3" vma 9d768000
           <...>-1359  [004] ....  8697.394702: do_swap_page: swapin tgid 1333 pid 1359 name "android.anim" vma 7f28b5a000
           <...>-1359  [004] ....  8697.394714: do_swap_page: swapin tgid 1333 pid 1359 name "android.anim" vma 7ed0bf7000
           <...>-1359  [004] ....  8697.394733: do_swap_page: swapin tgid 1333 pid 1359 name "android.anim" vma 7e6d467000
           <...>-1359  [004] ....  8697.394737: do_swap_page: swapin tgid 1333 pid 1359 name "android.anim" vma 7eb8b6a000
 droid.launcher3-2031  [004] ....  8697.394769: do_swap_page: swapin tgid 2031 pid 2031 name "droid.launcher3" vma 9d768000
 droid.launcher3-2031  [004] ....  8697.394775: do_swap_page: swapin tgid 2031 pid 2031 name "droid.launcher3" vma 9d769000
           <...>-5111  [004] ....  8697.394807: do_swap_page: swapin tgid 5031 pid 5111 name "Binder:5031_4" vma 7f2d16b000
           <...>-5111  [004] ....  8697.394814: do_swap_page: swapin tgid 5031 pid 5111 name "Binder:5031_4" vma 7f39800000
 droid.bluetooth-5661  [004] ....  8697.394832: do_swap_page: swapin tgid 5661 pid 5661 name "droid.bluetooth" vma 14011000
 droid.bluetooth-5661  [004] ....  8697.394841: do_swap_page: swapin tgid 5661 pid 5661 name "droid.bluetooth" vma 7fbbdf9000
 droid.bluetooth-5661  [004] ....  8697.394844: do_swap_page: swapin tgid 5661 pid 5661 name "droid.bluetooth" vma 7f2d681000
           <...>-2428  [004] ....  8697.394868: do_swap_page: swapin tgid 2408 pid 2428 name "Binder:2408_2" vma 7175a000
           <...>-2428  [004] ....  8697.394885: do_swap_page: swapin tgid 2408 pid 2428 name "Binder:2408_2" vma 7fbe1eb000
           <...>-2186  [004] ....  8697.394912: do_swap_page: swapin tgid 1830 pid 2186 name "Binder:1830_3" vma 133c1000
           <...>-2186  [004] ....  8697.394918: do_swap_page: swapin tgid 1830 pid 2186 name "Binder:1830_3" vma 133d4000
           <...>-2186  [004] ....  8697.394925: do_swap_page: swapin tgid 1830 pid 2186 name "Binder:1830_3" vma 7f35079000
           <...>-2186  [004] ....  8697.394928: do_swap_page: swapin tgid 1830 pid 2186 name "Binder:1830_3" vma 7175a000
 droid.launcher3-2031  [004] ....  8697.394984: do_swap_page: swapin tgid 2031 pid 2031 name "droid.launcher3" vma 9d769000
 droid.launcher3-2031  [004] ....  8697.394990: do_swap_page: swapin tgid 2031 pid 2031 name "droid.launcher3" vma 13202000
 droid.launcher3-2031  [004] ....  8697.394992: do_swap_page: swapin tgid 2031 pid 2031 name "droid.launcher3" vma 13203000
 droid.launcher3-2031  [004] ....  8697.394994: do_swap_page: swapin tgid 2031 pid 2031 name "droid.launcher3" vma 13204000
 droid.launcher3-2031  [004] ....  8697.394995: do_swap_page: swapin tgid 2031 pid 2031 name "droid.launcher3" vma 13205000
 droid.launcher3-2031  [004] ....  8697.395020: do_swap_page: swapin tgid 2031 pid 2031 name "droid.launcher3" vma 13206000
 droid.launcher3-2031  [004] ....  8697.395023: do_swap_page: swapin tgid 2031 pid 2031 name "droid.launcher3" vma 13207000
 droid.launcher3-2031  [004] ....  8697.395026: do_swap_page: swapin tgid 2031 pid 2031 name "droid.launcher3" vma 13208000
 droid.launcher3-2031  [004] ....  8697.395034: do_swap_page: swapin tgid 2031 pid 2031 name "droid.launcher3" vma 9d858000
 droid.launcher3-2031  [004] ....  8697.395040: do_swap_page: swapin tgid 2031 pid 2031 name "droid.launcher3" vma 1323e000
 droid.launcher3-2031  [004] ....  8697.395046: do_swap_page: swapin tgid 2031 pid 2031 name "droid.launcher3" vma 1323f000
 droid.launcher3-2031  [004] ....  8697.395067: do_swap_page: swapin tgid 2031 pid 2031 name "droid.launcher3" vma 9d87d000
           <...>-5111  [004] ....  8697.395096: do_swap_page: swapin tgid 5031 pid 5111 name "Binder:5031_4" vma 7f39800000
           <...>-5111  [004] ....  8697.395126: do_swap_page: swapin tgid 5031 pid 5111 name "Binder:5031_4" vma 12d83000
           <...>-5111  [004] ....  8697.395129: do_swap_page: swapin tgid 5031 pid 5111 name "Binder:5031_4" vma 12f81000
           <...>-5111  [004] ....  8697.395132: do_swap_page: swapin tgid 5031 pid 5111 name "Binder:5031_4" vma 7f35079000
           <...>-5111  [004] ....  8697.395136: do_swap_page: swapin tgid 5031 pid 5111 name "Binder:5031_4" vma 7175a000
 droid.bluetooth-5661  [004] ....  8697.395157: do_swap_page: swapin tgid 5661 pid 5661 name "droid.bluetooth" vma 7f2d681000
 droid.bluetooth-5661  [004] ....  8697.395161: do_swap_page: swapin tgid 5661 pid 5661 name "droid.bluetooth" vma 7f2d623000
 droid.launcher3-2031  [004] ....  8697.395204: do_swap_page: swapin tgid 2031 pid 2031 name "droid.launcher3" vma 9d87d000
 droid.launcher3-2031  [004] ....  8697.395213: do_swap_page: swapin tgid 2031 pid 2031 name "droid.launcher3" vma 12ec2000
           <...>-1942  [004] ....  8697.395237: do_swap_page: swapin tgid 1942 pid 1942 name "m.android.phone" vma 7f28a22000
           <...>-1942  [004] ....  8697.395247: do_swap_page: swapin tgid 1942 pid 1942 name "m.android.phone" vma 7fbb7ef000
           <...>-2024  [004] ....  8697.395269: do_swap_page: swapin tgid 2002 pid 2024 name "Binder:2002_3" vma 7f39800000
           <...>-2024  [004] ....  8697.395282: do_swap_page: swapin tgid 2002 pid 2024 name "Binder:2002_3" vma 7f395f0000
 droid.launcher3-2031  [004] ....  8697.395338: do_swap_page: swapin tgid 2031 pid 2031 name "droid.launcher3" vma 12ec2000
 droid.launcher3-2031  [004] ....  8697.395344: do_swap_page: swapin tgid 2031 pid 2031 name "droid.launcher3" vma 1323c000
 droid.launcher3-2031  [004] ....  8697.395352: do_swap_page: swapin tgid 2031 pid 2031 name "droid.launcher3" vma 1323b000
 droid.launcher3-2031  [004] ....  8697.395357: do_swap_page: swapin tgid 2031 pid 2031 name "droid.launcher3" vma 13239000
 droid.launcher3-2031  [004] ....  8697.395365: do_swap_page: swapin tgid 2031 pid 2031 name "droid.launcher3" vma 13238000
 droid.launcher3-2031  [004] ....  8697.395368: do_swap_page: swapin tgid 2031 pid 2031 name "droid.launcher3" vma 13236000
 droid.launcher3-2031  [004] ....  8697.395389: do_swap_page: swapin tgid 2031 pid 2031 name "droid.launcher3" vma 13235000
 droid.launcher3-2031  [004] ....  8697.395394: do_swap_page: swapin tgid 2031 pid 2031 name "droid.launcher3" vma 13233000
 droid.launcher3-2031  [004] ....  8697.395397: do_swap_page: swapin tgid 2031 pid 2031 name "droid.launcher3" vma 13234000
 droid.launcher3-2031  [004] ....  8697.395399: do_swap_page: swapin tgid 2031 pid 2031 name "droid.launcher3" vma 13232000
 droid.launcher3-2031  [004] ....  8697.395400: do_swap_page: swapin tgid 2031 pid 2031 name "droid.launcher3" vma 13231000
 droid.launcher3-2031  [004] ....  8697.395405: do_swap_page: swapin tgid 2031 pid 2031 name "droid.launcher3" vma 13230000
 droid.launcher3-2031  [004] ....  8697.395408: do_swap_page: swapin tgid 2031 pid 2031 name "droid.launcher3" vma 1322f000
 droid.launcher3-2031  [004] ....  8697.395410: do_swap_page: swapin tgid 2031 pid 2031 name "droid.launcher3" vma 1322e000
 droid.launcher3-2031  [004] ....  8697.395413: do_swap_page: swapin tgid 2031 pid 2031 name "droid.launcher3" vma 1322d000
 droid.launcher3-2031  [004] ....  8697.395416: do_swap_page: swapin tgid 2031 pid 2031 name "droid.launcher3" vma 1322b000
 droid.launcher3-2031  [004] ....  8697.395419: do_swap_page: swapin tgid 2031 pid 2031 name "droid.launcher3" vma 1322a000
 droid.launcher3-2031  [004] ....  8697.395422: do_swap_page: swapin tgid 2031 pid 2031 name "droid.launcher3" vma 13228000
 droid.launcher3-2031  [004] ....  8697.395426: do_swap_page: swapin tgid 2031 pid 2031 name "droid.launcher3" vma 13227000
 droid.launcher3-2031  [004] ....  8697.395428: do_swap_page: swapin tgid 2031 pid 2031 name "droid.launcher3" vma 13225000
 droid.launcher3-2031  [004] ....  8697.395432: do_swap_page: swapin tgid 2031 pid 2031 name "droid.launcher3" vma 13224000
 droid.launcher3-2031  [004] ....  8697.395433: do_swap_page: swapin tgid 2031 pid 2031 name "droid.launcher3" vma 13223000
 droid.launcher3-2031  [004] ....  8697.395436: do_swap_page: swapin tgid 2031 pid 2031 name "droid.launcher3" vma 13222000
 droid.launcher3-2031  [004] ....  8697.395439: do_swap_page: swapin tgid 2031 pid 2031 name "droid.launcher3" vma 13221000
 droid.launcher3-2031  [004] ....  8697.395442: do_swap_page: swapin tgid 2031 pid 2031 name "droid.launcher3" vma 13220000
 droid.launcher3-2031  [004] ....  8697.395445: do_swap_page: swapin tgid 2031 pid 2031 name "droid.launcher3" vma 1321f000
 droid.launcher3-2031  [004] ....  8697.395448: do_swap_page: swapin tgid 2031 pid 2031 name "droid.launcher3" vma 1321d000
 droid.launcher3-2031  [004] ....  8697.395451: do_swap_page: swapin tgid 2031 pid 2031 name "droid.launcher3" vma 1321c000
 droid.launcher3-2031  [004] ....  8697.395454: do_swap_page: swapin tgid 2031 pid 2031 name "droid.launcher3" vma 1321a000
 droid.launcher3-2031  [004] ....  8697.395456: do_swap_page: swapin tgid 2031 pid 2031 name "droid.launcher3" vma 13219000
 droid.launcher3-2031  [004] ....  8697.395459: do_swap_page: swapin tgid 2031 pid 2031 name "droid.launcher3" vma 13217000
 droid.launcher3-2031  [004] ....  8697.395462: do_swap_page: swapin tgid 2031 pid 2031 name "droid.launcher3" vma 13216000
 droid.launcher3-2031  [004] ....  8697.395466: do_swap_page: swapin tgid 2031 pid 2031 name "droid.launcher3" vma 13214000
 droid.launcher3-2031  [004] ....  8697.395469: do_swap_page: swapin tgid 2031 pid 2031 name "droid.launcher3" vma 13213000
 droid.launcher3-2031  [004] ....  8697.395470: do_swap_page: swapin tgid 2031 pid 2031 name "droid.launcher3" vma 13212000
 droid.launcher3-2031  [004] ....  8697.395473: do_swap_page: swapin tgid 2031 pid 2031 name "droid.launcher3" vma 13211000
 droid.launcher3-2031  [004] ....  8697.395476: do_swap_page: swapin tgid 2031 pid 2031 name "droid.launcher3" vma 13210000
 droid.launcher3-2031  [004] ....  8697.395477: do_swap_page: swapin tgid 2031 pid 2031 name "droid.launcher3" vma 1320f000
 droid.launcher3-2031  [004] ....  8697.395480: do_swap_page: swapin tgid 2031 pid 2031 name "droid.launcher3" vma 1320e000
 droid.launcher3-2031  [004] ....  8697.395483: do_swap_page: swapin tgid 2031 pid 2031 name "droid.launcher3" vma 1320c000
 droid.launcher3-2031  [004] ....  8697.395491: do_swap_page: swapin tgid 2031 pid 2031 name "droid.launcher3" vma 1320b000
 droid.launcher3-2031  [004] ....  8697.395493: do_swap_page: swapin tgid 2031 pid 2031 name "droid.launcher3" vma 13209000
 droid.launcher3-2031  [004] .n..  8697.395498: do_swap_page: swapin tgid 2031 pid 2031 name "droid.launcher3" vma 9d744000
           <...>-5322  [004] ....  8697.395551: do_swap_page: swapin tgid 2558 pid 5322 name "Binder:2558_C" vma 7fbe241000
           <...>-5322  [004] ....  8697.395568: do_swap_page: swapin tgid 2558 pid 5322 name "Binder:2558_C" vma 131ee000
           <...>-5322  [004] ....  8697.395592: do_swap_page: swapin tgid 2558 pid 5322 name "Binder:2558_C" vma 7f2d80f000
           <...>-5322  [004] ....  8697.395602: do_swap_page: swapin tgid 2558 pid 5322 name "Binder:2558_C" vma 13ea3000
 droid.bluetooth-5661  [004] ....  8697.395652: do_swap_page: swapin tgid 5661 pid 5661 name "droid.bluetooth" vma 7f2d623000
 droid.bluetooth-5661  [004] ....  8697.395659: do_swap_page: swapin tgid 5661 pid 5661 name "droid.bluetooth" vma 7f28a4e000
 droid.bluetooth-5661  [004] ....  8697.395696: do_swap_page: swapin tgid 5661 pid 5661 name "droid.bluetooth" vma 7f289bb000
 droid.bluetooth-5661  [004] ....  8697.395773: do_swap_page: swapin tgid 5661 pid 5661 name "droid.bluetooth" vma 7f28b4e000
 droid.launcher3-2031  [004] ....  8697.395807: do_swap_page: swapin tgid 2031 pid 2031 name "droid.launcher3" vma 9d744000
 droid.launcher3-2031  [004] ....  8697.395832: do_swap_page: swapin tgid 2031 pid 2031 name "droid.launcher3" vma 9d79a000
 droid.bluetooth-5661  [004] ....  8697.395910: do_swap_page: swapin tgid 5661 pid 5661 name "droid.bluetooth" vma 7f28b4e000
 droid.bluetooth-5661  [004] ....  8697.395917: do_swap_page: swapin tgid 5661 pid 5661 name "droid.bluetooth" vma 7fbe1d0000
           <...>-1359  [004] ....  8697.395941: do_swap_page: swapin tgid 1333 pid 1359 name "android.anim" vma 7eb8b6a000
           <...>-1359  [004] ....  8697.395948: do_swap_page: swapin tgid 1333 pid 1359 name "android.anim" vma 7e86b5a000
 droid.launcher3-2031  [004] ....  8697.395977: do_swap_page: swapin tgid 2031 pid 2031 name "droid.launcher3" vma 9d79a000
 droid.launcher3-2031  [004] ....  8697.395989: do_swap_page: swapin tgid 2031 pid 2031 name "droid.launcher3" vma 9d7a2000
           <...>-739   [004] ....  8697.396053: do_swap_page: swapin tgid 602 pid 739 name "Binder:602_3" vma 7faa6f9000
           <...>-739   [004] ....  8697.396058: do_swap_page: swapin tgid 602 pid 739 name "Binder:602_3" vma 7fba769000
           <...>-739   [004] ....  8697.396091: do_swap_page: swapin tgid 602 pid 739 name "Binder:602_3" vma 7fba65b000
           <...>-739   [004] ....  8697.396125: do_swap_page: swapin tgid 602 pid 739 name "Binder:602_3" vma 7fb7532000
           <...>-739   [004] ....  8697.396138: do_swap_page: swapin tgid 602 pid 739 name "Binder:602_3" vma 7fba661000
 droid.bluetooth-5661  [004] ....  8697.396175: do_swap_page: swapin tgid 5661 pid 5661 name "droid.bluetooth" vma 7fbe1d0000
 droid.bluetooth-5661  [004] ....  8697.396181: do_swap_page: swapin tgid 5661 pid 5661 name "droid.bluetooth" vma 7f2d628000
 droid.bluetooth-5661  [004] ....  8697.396191: do_swap_page: swapin tgid 5661 pid 5661 name "droid.bluetooth" vma 1400a000
 droid.bluetooth-5661  [004] ....  8697.396195: do_swap_page: swapin tgid 5661 pid 5661 name "droid.bluetooth" vma 12c40000
 droid.bluetooth-5661  [004] ....  8697.396202: do_swap_page: swapin tgid 5661 pid 5661 name "droid.bluetooth" vma 71525000
 droid.launcher3-2031  [004] ....  8697.396234: do_swap_page: swapin tgid 2031 pid 2031 name "droid.launcher3" vma 9d7a2000
 droid.launcher3-2031  [004] ....  8697.396239: do_swap_page: swapin tgid 2031 pid 2031 name "droid.launcher3" vma 9d898000
           <...>-1942  [004] ....  8697.396260: do_swap_page: swapin tgid 1942 pid 1942 name "m.android.phone" vma 7fbb7ef000
           <...>-1942  [004] ....  8697.396268: do_swap_page: swapin tgid 1942 pid 1942 name "m.android.phone" vma 7f2d68c000
           <...>-1942  [004] ....  8697.396274: do_swap_page: swapin tgid 1942 pid 1942 name "m.android.phone" vma 7f2d68b000
           <...>-1942  [004] ....  8697.396296: do_swap_page: swapin tgid 1942 pid 1942 name "m.android.phone" vma 71755000
           <...>-1359  [004] ....  8697.396346: do_swap_page: swapin tgid 1333 pid 1359 name "android.anim" vma 7eb8835000
 droid.launcher3-2031  [004] ....  8697.396364: do_swap_page: swapin tgid 2031 pid 2031 name "droid.launcher3" vma 9d898000
 droid.launcher3-2031  [004] ....  8697.396369: do_swap_page: swapin tgid 2031 pid 2031 name "droid.launcher3" vma 9d892000
 droid.bluetooth-5661  [004] ....  8697.396414: do_swap_page: swapin tgid 5661 pid 5661 name "droid.bluetooth" vma 71525000
 droid.bluetooth-5661  [004] ....  8697.396422: do_swap_page: swapin tgid 5661 pid 5661 name "droid.bluetooth" vma 7fbe167000
           <...>-2186  [004] ....  8697.396459: do_swap_page: swapin tgid 1830 pid 2186 name "Binder:1830_3" vma 7175a000
 droid.launcher3-2031  [004] ....  8697.396520: do_swap_page: swapin tgid 2031 pid 2031 name "droid.launcher3" vma 9d892000
 droid.launcher3-2031  [004] ....  8697.396533: do_swap_page: swapin tgid 2031 pid 2031 name "droid.launcher3" vma 7f28b0f000
 droid.launcher3-2031  [004] ....  8697.396546: do_swap_page: swapin tgid 2031 pid 2031 name "droid.launcher3" vma 7ed0e9c000
 droid.launcher3-2031  [004] ....  8697.396550: do_swap_page: swapin tgid 2031 pid 2031 name "droid.launcher3" vma 9d79b000
 droid.bluetooth-5661  [004] ....  8697.396597: do_swap_page: swapin tgid 5661 pid 5661 name "droid.bluetooth" vma 7fbe167000
 droid.bluetooth-5661  [004] ....  8697.396736: do_swap_page: swapin tgid 5661 pid 5661 name "droid.bluetooth" vma 7fbe1f9000
 droid.launcher3-2031  [004] ....  8697.396769: do_swap_page: swapin tgid 2031 pid 2031 name "droid.launcher3" vma 9d79b000
 droid.launcher3-2031  [004] ....  8697.396803: do_swap_page: swapin tgid 2031 pid 2031 name "droid.launcher3" vma 9d7a0000
           <...>-2024  [004] ....  8697.396837: do_swap_page: swapin tgid 2002 pid 2024 name "Binder:2002_3" vma 136c1000
           <...>-1359  [004] ....  8697.396864: do_swap_page: swapin tgid 1333 pid 1359 name "android.anim" vma 7eb8835000
           <...>-1359  [004] ....  8697.396929: do_swap_page: swapin tgid 1333 pid 1359 name "android.anim" vma 9da73000
 droid.launcher3-2031  [004] ....  8697.396960: do_swap_page: swapin tgid 2031 pid 2031 name "droid.launcher3" vma 9d7a0000
 droid.launcher3-2031  [004] ....  8697.396974: do_swap_page: swapin tgid 2031 pid 2031 name "droid.launcher3" vma 9d862000
           <...>-1817  [004] ....  8697.397047: do_swap_page: swapin tgid 1333 pid 1817 name "Binder:1333_6" vma 9d933000
 droid.bluetooth-5661  [004] ....  8697.397089: do_swap_page: swapin tgid 5661 pid 5661 name "droid.bluetooth" vma 7fbe1f9000
 droid.bluetooth-5661  [004] ....  8697.397098: do_swap_page: swapin tgid 5661 pid 5661 name "droid.bluetooth" vma 14012000
 droid.launcher3-2031  [004] ....  8697.397128: do_swap_page: swapin tgid 2031 pid 2031 name "droid.launcher3" vma 9d862000
 droid.launcher3-2031  [004] ....  8697.397141: do_swap_page: swapin tgid 2031 pid 2031 name "droid.launcher3" vma 7ed0cfa000
 droid.launcher3-2031  [004] ....  8697.397149: do_swap_page: swapin tgid 2031 pid 2031 name "droid.launcher3" vma 7ec6322000
 droid.launcher3-2031  [004] ....  8697.397156: do_swap_page: swapin tgid 2031 pid 2031 name "droid.launcher3" vma 9d7e8000
 droid.launcher3-2031  [004] ....  8697.397286: do_swap_page: swapin tgid 2031 pid 2031 name "droid.launcher3" vma 9d7e8000
 droid.launcher3-2031  [004] ....  8697.397289: do_swap_page: swapin tgid 2031 pid 2031 name "droid.launcher3" vma 9d83e000
 droid.launcher3-2031  [004] ....  8697.397308: do_swap_page: swapin tgid 2031 pid 2031 name "droid.launcher3" vma 9d838000
 droid.launcher3-2031  [004] ....  8697.397328: do_swap_page: swapin tgid 2031 pid 2031 name "droid.launcher3" vma 9d740000
           <...>-1817  [004] .n..  8697.397442: do_swap_page: swapin tgid 1333 pid 1817 name "Binder:1333_6" vma 9d933000
           <...>-1817  [004] ....  8697.397453: do_swap_page: swapin tgid 1333 pid 1817 name "Binder:1333_6" vma 7f20f84000
 droid.launcher3-2031  [004] ....  8697.397478: do_swap_page: swapin tgid 2031 pid 2031 name "droid.launcher3" vma 9d740000
 droid.launcher3-2031  [004] ....  8697.397498: do_swap_page: swapin tgid 2031 pid 2031 name "droid.launcher3" vma 7ed0e9d000
 droid.launcher3-2031  [004] ....  8697.397517: do_swap_page: swapin tgid 2031 pid 2031 name "droid.launcher3" vma 13c06000
 droid.launcher3-2031  [004] ....  8697.397523: do_swap_page: swapin tgid 2031 pid 2031 name "droid.launcher3" vma 12f1c000
 droid.launcher3-2031  [004] ....  8697.397525: do_swap_page: swapin tgid 2031 pid 2031 name "droid.launcher3" vma 13262000
           <...>-1817  [004] ....  8697.397582: do_swap_page: swapin tgid 1333 pid 1817 name "Binder:1333_6" vma 7f20f84000
           <...>-1749  [004] ....  8697.397729: do_swap_page: swapin tgid 1717 pid 1749 name "Binder:1717_3" vma 13831000
           <...>-1749  [004] ....  8697.397736: do_swap_page: swapin tgid 1717 pid 1749 name "Binder:1717_3" vma 9d85e000
 droid.launcher3-2031  [004] ....  8697.397837: do_swap_page: swapin tgid 2031 pid 2031 name "droid.launcher3" vma 13262000
 droid.launcher3-2031  [004] ....  8697.397846: do_swap_page: swapin tgid 2031 pid 2031 name "droid.launcher3" vma 13c07000
 droid.launcher3-2031  [004] ....  8697.397849: do_swap_page: swapin tgid 2031 pid 2031 name "droid.launcher3" vma 13c2c000
 droid.launcher3-2031  [004] ....  8697.397885: do_swap_page: swapin tgid 2031 pid 2031 name "droid.launcher3" vma 9d85c000
           <...>-1749  [004] ....  8697.397909: do_swap_page: swapin tgid 1717 pid 1749 name "Binder:1717_3" vma 9d85e000
           <...>-1749  [004] ....  8697.397917: do_swap_page: swapin tgid 1717 pid 1749 name "Binder:1717_3" vma 9d856000
 droid.bluetooth-5661  [004] ....  8697.397941: do_swap_page: swapin tgid 5661 pid 5661 name "droid.bluetooth" vma 14012000
 droid.bluetooth-5661  [004] ....  8697.397999: do_swap_page: swapin tgid 5661 pid 5661 name "droid.bluetooth" vma 7fbe1cb000
 droid.launcher3-2031  [004] ....  8697.398021: do_swap_page: swapin tgid 2031 pid 2031 name "droid.launcher3" vma 9d85c000
 droid.launcher3-2031  [004] ....  8697.398035: do_swap_page: swapin tgid 2031 pid 2031 name "droid.launcher3" vma 9d748000
           <...>-1749  [004] ....  8697.398074: do_swap_page: swapin tgid 1717 pid 1749 name "Binder:1717_3" vma 9d856000
           <...>-1749  [004] ....  8697.398079: do_swap_page: swapin tgid 1717 pid 1749 name "Binder:1717_3" vma 9da09000
           <...>-2187  [004] ....  8697.398118: do_swap_page: swapin tgid 1717 pid 2187 name "ScreenDecoratio" vma 7f28f28000
           <...>-2187  [004] ....  8697.398126: do_swap_page: swapin tgid 1717 pid 2187 name "ScreenDecoratio" vma 7fbe1fd000
    RenderThread-2098  [004] ....  8697.398143: do_swap_page: swapin tgid 1717 pid 2098 name "RenderThread" vma 7ec0602000
 droid.launcher3-2031  [004] ....  8697.398184: do_swap_page: swapin tgid 2031 pid 2031 name "droid.launcher3" vma 9d748000
 droid.launcher3-2031  [004] ....  8697.398193: do_swap_page: swapin tgid 2031 pid 2031 name "droid.launcher3" vma 7ed0e9b000
 droid.launcher3-2031  [004] ....  8697.398194: do_swap_page: swapin tgid 2031 pid 2031 name "droid.launcher3" vma 9d787000
           <...>-1749  [004] ....  8697.398408: do_swap_page: swapin tgid 1717 pid 1749 name "Binder:1717_3" vma 9da09000
           <...>-1749  [004] ....  8697.398413: do_swap_page: swapin tgid 1717 pid 1749 name "Binder:1717_3" vma 9da64000
 droid.bluetooth-5661  [004] ....  8697.398439: do_swap_page: swapin tgid 5661 pid 5661 name "droid.bluetooth" vma 7fbe1cb000
           <...>-1817  [004] ....  8697.398493: do_swap_page: swapin tgid 1333 pid 1817 name "Binder:1333_6" vma 9d73c000
           <...>-1817  [004] ....  8697.398511: do_swap_page: swapin tgid 1333 pid 1817 name "Binder:1333_6" vma 9d990000
 droid.launcher3-2031  [004] ....  8697.398554: do_swap_page: swapin tgid 2031 pid 2031 name "droid.launcher3" vma 9d787000
 droid.launcher3-2031  [004] ....  8697.398567: do_swap_page: swapin tgid 2031 pid 2031 name "droid.launcher3" vma 9d774000
           <...>-1749  [004] ....  8697.398594: do_swap_page: swapin tgid 1717 pid 1749 name "Binder:1717_3" vma 9da64000
           <...>-1749  [004] ....  8697.398600: do_swap_page: swapin tgid 1717 pid 1749 name "Binder:1717_3" vma 9da50000
 android.display-1358  [004] ....  8697.398624: do_swap_page: swapin tgid 1333 pid 1358 name "android.display" vma 7e62188000
 android.display-1358  [004] ....  8697.398652: do_swap_page: swapin tgid 1333 pid 1358 name "android.display" vma 7e6e8e4000
 droid.launcher3-2031  [004] ....  8697.398701: do_swap_page: swapin tgid 2031 pid 2031 name "droid.launcher3" vma 9d774000
 droid.launcher3-2031  [004] ....  8697.398710: do_swap_page: swapin tgid 2031 pid 2031 name "droid.launcher3" vma 9d780000
 android.display-1358  [004] ....  8697.398799: do_swap_page: swapin tgid 1333 pid 1358 name "android.display" vma 7ed0c85000
 droid.launcher3-2031  [004] ....  8697.398847: do_swap_page: swapin tgid 2031 pid 2031 name "droid.launcher3" vma 9d780000
 droid.launcher3-2031  [004] ....  8697.398901: do_swap_page: swapin tgid 2031 pid 2031 name "droid.launcher3" vma 717a9000
 android.display-1358  [004] ....  8697.398956: do_swap_page: swapin tgid 1333 pid 1358 name "android.display" vma 144b7000
   Binder:5737_1-5759  [004] ....  8697.398990: do_swap_page: swapin tgid 5737 pid 5759 name "Binder:5737_1" vma 7f289bb000
   Binder:5737_1-5759  [004] ....  8697.399000: do_swap_page: swapin tgid 5737 pid 5759 name "Binder:5737_1" vma 7f2e12a000
   Binder:5737_1-5759  [004] ....  8697.399005: do_swap_page: swapin tgid 5737 pid 5759 name "Binder:5737_1" vma 7f2e12b000
   Binder:6123_A-14691 [004] ....  8697.399046: do_swap_page: swapin tgid 6123 pid 14691 name "Binder:6123_A" vma f7ae3000
   Binder:6123_A-14691 [004] ....  8697.399052: do_swap_page: swapin tgid 6123 pid 14691 name "Binder:6123_A" vma f7a18000
   Binder:6123_A-14691 [004] ....  8697.399092: do_swap_page: swapin tgid 6123 pid 14691 name "Binder:6123_A" vma cb09d000
   Binder:6123_A-14691 [004] ....  8697.399103: do_swap_page: swapin tgid 6123 pid 14691 name "Binder:6123_A" vma 1321b000
           <...>-6201  [004] ....  8697.399177: do_swap_page: swapin tgid 6182 pid 6201 name "Binder:6182_3" vma f0dd8000
           <...>-6201  [004] ....  8697.399187: do_swap_page: swapin tgid 6182 pid 6201 name "Binder:6182_3" vma c8aea000
           <...>-6201  [004] ....  8697.399194: do_swap_page: swapin tgid 6182 pid 6201 name "Binder:6182_3" vma f7a3c000
           <...>-6201  [004] ....  8697.399198: do_swap_page: swapin tgid 6182 pid 6201 name "Binder:6182_3" vma f0df6000
           <...>-6201  [004] ....  8697.399200: do_swap_page: swapin tgid 6182 pid 6201 name "Binder:6182_3" vma f7aa6000
   Binder:6215_3-6236  [004] ....  8697.399238: do_swap_page: swapin tgid 6215 pid 6236 name "Binder:6215_3" vma f7a3c000
   Binder:6215_3-6236  [004] ....  8697.399250: do_swap_page: swapin tgid 6215 pid 6236 name "Binder:6215_3" vma cda0c000
   Binder:6215_3-6236  [004] ....  8697.399256: do_swap_page: swapin tgid 6215 pid 6236 name "Binder:6215_3" vma f0df6000
   Binder:6215_3-6236  [004] ....  8697.399258: do_swap_page: swapin tgid 6215 pid 6236 name "Binder:6215_3" vma f7aa6000
 .android.chrome-6123  [004] ....  8697.399341: do_swap_page: swapin tgid 6123 pid 6123 name ".android.chrome" vma 13193000
 .android.chrome-6123  [004] ....  8697.399348: do_swap_page: swapin tgid 6123 pid 6123 name ".android.chrome" vma ebbc0000
 .android.chrome-6123  [004] ....  8697.399354: do_swap_page: swapin tgid 6123 pid 6123 name ".android.chrome" vma 1318f000
 .android.chrome-6123  [004] ....  8697.399380: do_swap_page: swapin tgid 6123 pid 6123 name ".android.chrome" vma beeb6000
 .android.chrome-6123  [004] ....  8697.399393: do_swap_page: swapin tgid 6123 pid 6123 name ".android.chrome" vma e544e000
 .android.chrome-6123  [004] ....  8697.399489: do_swap_page: swapin tgid 6123 pid 6123 name ".android.chrome" vma 1320b000
 .android.chrome-6123  [004] ....  8697.399509: do_swap_page: swapin tgid 6123 pid 6123 name ".android.chrome" vma f7b33000
           <...>-1749  [004] ....  8697.399952: do_swap_page: swapin tgid 1717 pid 1749 name "Binder:1717_3" vma 9da50000
           <...>-1749  [004] ....  8697.399960: do_swap_page: swapin tgid 1717 pid 1749 name "Binder:1717_3" vma 9d86f000
           <...>-1749  [004] ....  8697.399963: do_swap_page: swapin tgid 1717 pid 1749 name "Binder:1717_3" vma 9d8dd000
           <...>-1749  [004] ....  8697.400011: do_swap_page: swapin tgid 1717 pid 1749 name "Binder:1717_3" vma 9d872000
 .android.chrome-6123  [004] ....  8697.400172: do_swap_page: swapin tgid 6123 pid 6123 name ".android.chrome" vma f6585000
 .android.chrome-6123  [004] ....  8697.400179: do_swap_page: swapin tgid 6123 pid 6123 name ".android.chrome" vma 12d01000
 .android.chrome-6123  [004] ....  8697.400198: do_swap_page: swapin tgid 6123 pid 6123 name ".android.chrome" vma ebba8000
 .android.chrome-6123  [004] ....  8697.400209: do_swap_page: swapin tgid 6123 pid 6123 name ".android.chrome" vma 3a651000
 .android.chrome-6123  [004] ....  8697.400214: do_swap_page: swapin tgid 6123 pid 6123 name ".android.chrome" vma 3a710000
 .android.chrome-6123  [004] ....  8697.400223: do_swap_page: swapin tgid 6123 pid 6123 name ".android.chrome" vma 3ac4e000
 .android.chrome-6123  [004] ....  8697.400229: do_swap_page: swapin tgid 6123 pid 6123 name ".android.chrome" vma 3a6d5000
 .android.chrome-6123  [004] ....  8697.400233: do_swap_page: swapin tgid 6123 pid 6123 name ".android.chrome" vma 3a67f000
 .android.chrome-6123  [004] ....  8697.400237: do_swap_page: swapin tgid 6123 pid 6123 name ".android.chrome" vma 3acec000
 .android.chrome-6123  [004] ....  8697.400241: do_swap_page: swapin tgid 6123 pid 6123 name ".android.chrome" vma 3a712000
 .android.chrome-6123  [004] ....  8697.400247: do_swap_page: swapin tgid 6123 pid 6123 name ".android.chrome" vma 130f1000
 .android.chrome-6123  [004] ....  8697.400253: do_swap_page: swapin tgid 6123 pid 6123 name ".android.chrome" vma 12cc5000
 .android.chrome-6123  [004] ....  8697.400255: do_swap_page: swapin tgid 6123 pid 6123 name ".android.chrome" vma 13190000
 .android.chrome-6123  [004] ....  8697.400257: do_swap_page: swapin tgid 6123 pid 6123 name ".android.chrome" vma 130b9000
 .android.chrome-6123  [004] ....  8697.400260: do_swap_page: swapin tgid 6123 pid 6123 name ".android.chrome" vma 12f9a000
 .android.chrome-6123  [004] ....  8697.400263: do_swap_page: swapin tgid 6123 pid 6123 name ".android.chrome" vma 130ee000
 .android.chrome-6123  [004] ....  8697.400268: do_swap_page: swapin tgid 6123 pid 6123 name ".android.chrome" vma 1318e000
 .android.chrome-6123  [004] ....  8697.400270: do_swap_page: swapin tgid 6123 pid 6123 name ".android.chrome" vma f6583000
 .android.chrome-6123  [004] ....  8697.400273: do_swap_page: swapin tgid 6123 pid 6123 name ".android.chrome" vma ebbb0000
 .android.chrome-6123  [004] ....  8697.400278: do_swap_page: swapin tgid 6123 pid 6123 name ".android.chrome" vma eb4b6000
 .android.chrome-6123  [004] ....  8697.400281: do_swap_page: swapin tgid 6123 pid 6123 name ".android.chrome" vma dfd01000
 .android.chrome-6123  [004] ....  8697.400291: do_swap_page: swapin tgid 6123 pid 6123 name ".android.chrome" vma 12fc5000
 .android.chrome-6123  [004] ....  8697.400293: do_swap_page: swapin tgid 6123 pid 6123 name ".android.chrome" vma 12f9d000
 .android.chrome-6123  [004] ....  8697.400295: do_swap_page: swapin tgid 6123 pid 6123 name ".android.chrome" vma f64b7000
 .android.chrome-6123  [004] ....  8697.400297: do_swap_page: swapin tgid 6123 pid 6123 name ".android.chrome" vma 12fb0000
 .android.chrome-6123  [004] ....  8697.400307: do_swap_page: swapin tgid 6123 pid 6123 name ".android.chrome" vma f656e000
 .android.chrome-6123  [004] ....  8697.400309: do_swap_page: swapin tgid 6123 pid 6123 name ".android.chrome" vma 12f9c000
 .android.chrome-6123  [004] ....  8697.400311: do_swap_page: swapin tgid 6123 pid 6123 name ".android.chrome" vma 12faa000
 .android.chrome-6123  [004] ....  8697.400314: do_swap_page: swapin tgid 6123 pid 6123 name ".android.chrome" vma 12cce000
 .android.chrome-6123  [004] ....  8697.400315: do_swap_page: swapin tgid 6123 pid 6123 name ".android.chrome" vma 12fa5000
 .android.chrome-6123  [004] ....  8697.400324: do_swap_page: swapin tgid 6123 pid 6123 name ".android.chrome" vma 130ba000
 .android.chrome-6123  [004] ....  8697.400327: do_swap_page: swapin tgid 6123 pid 6123 name ".android.chrome" vma 1301b000
 .android.chrome-6123  [004] ....  8697.400332: do_swap_page: swapin tgid 6123 pid 6123 name ".android.chrome" vma f64b1000
 .android.chrome-6123  [004] ....  8697.400338: do_swap_page: swapin tgid 6123 pid 6123 name ".android.chrome" vma f64b0000
 .android.chrome-6123  [004] ....  8697.400351: do_swap_page: swapin tgid 6123 pid 6123 name ".android.chrome" vma f64ad000
 .android.chrome-6123  [004] ....  8697.400352: do_swap_page: swapin tgid 6123 pid 6123 name ".android.chrome" vma f64b5000
 .android.chrome-6123  [004] ....  8697.400354: do_swap_page: swapin tgid 6123 pid 6123 name ".android.chrome" vma 12fd0000
 .android.chrome-6123  [004] ....  8697.400359: do_swap_page: swapin tgid 6123 pid 6123 name ".android.chrome" vma e563c000
 .android.chrome-6123  [004] ....  8697.400363: do_swap_page: swapin tgid 6123 pid 6123 name ".android.chrome" vma dd6e6000
 .android.chrome-6123  [004] ....  8697.400386: do_swap_page: swapin tgid 6123 pid 6123 name ".android.chrome" vma 130a3000
 .android.chrome-6123  [004] ....  8697.400392: do_swap_page: swapin tgid 6123 pid 6123 name ".android.chrome" vma 130a1000
 .android.chrome-6123  [004] ....  8697.400394: do_swap_page: swapin tgid 6123 pid 6123 name ".android.chrome" vma 12fc9000
 .android.chrome-6123  [004] ....  8697.400490: do_swap_page: swapin tgid 6123 pid 6123 name ".android.chrome" vma 13083000
 .android.chrome-6123  [004] ....  8697.400495: do_swap_page: swapin tgid 6123 pid 6123 name ".android.chrome" vma 12fa9000
 .android.chrome-6123  [004] ....  8697.400503: do_swap_page: swapin tgid 6123 pid 6123 name ".android.chrome" vma dd721000
 .android.chrome-6123  [004] ....  8697.400505: do_swap_page: swapin tgid 6123 pid 6123 name ".android.chrome" vma 13021000
 droid.launcher3-2031  [004] ....  8697.400538: do_swap_page: swapin tgid 2031 pid 2031 name "droid.launcher3" vma 717a9000
 droid.launcher3-2031  [004] ....  8697.400546: do_swap_page: swapin tgid 2031 pid 2031 name "droid.launcher3" vma 7ed0cf9000
 droid.launcher3-2031  [004] ....  8697.400556: do_swap_page: swapin tgid 2031 pid 2031 name "droid.launcher3" vma 7ec6299000
 droid.launcher3-2031  [004] ....  8697.400699: do_swap_page: swapin tgid 2031 pid 2031 name "droid.launcher3" vma 13c39000
           <...>-1817  [004] ....  8697.400739: do_swap_page: swapin tgid 1333 pid 1817 name "Binder:1333_6" vma 9d990000
           <...>-1817  [004] ....  8697.400751: do_swap_page: swapin tgid 1333 pid 1817 name "Binder:1333_6" vma 717a8000
           <...>-1817  [004] ....  8697.400791: do_swap_page: swapin tgid 1333 pid 1817 name "Binder:1333_6" vma 717a7000
           <...>-1817  [004] ....  8697.400795: do_swap_page: swapin tgid 1333 pid 1817 name "Binder:1333_6" vma 141ec000
   Binder:5737_1-5759  [004] ....  8697.401060: do_swap_page: swapin tgid 5737 pid 5759 name "Binder:5737_1" vma 7f2e12b000
   Binder:5737_1-5759  [004] ....  8697.401067: do_swap_page: swapin tgid 5737 pid 5759 name "Binder:5737_1" vma 7f289fc000
   Binder:5737_1-5759  [004] ....  8697.401073: do_swap_page: swapin tgid 5737 pid 5759 name "Binder:5737_1" vma 7fbe180000
   Binder:5737_1-5759  [004] ....  8697.401080: do_swap_page: swapin tgid 5737 pid 5759 name "Binder:5737_1" vma 7ecd0d1000
   Binder:5737_1-5759  [004] ....  8697.401082: do_swap_page: swapin tgid 5737 pid 5759 name "Binder:5737_1" vma 7eccf07000
 droid.launcher3-2031  [004] ....  8697.401102: do_swap_page: swapin tgid 2031 pid 2031 name "droid.launcher3" vma 13c39000
 droid.launcher3-2031  [004] ....  8697.401111: do_swap_page: swapin tgid 2031 pid 2031 name "droid.launcher3" vma 718ab000
 droid.launcher3-2031  [004] ....  8697.401118: do_swap_page: swapin tgid 2031 pid 2031 name "droid.launcher3" vma 71752000
           <...>-1817  [004] ....  8697.401145: do_swap_page: swapin tgid 1333 pid 1817 name "Binder:1333_6" vma 141ec000
 droid.bluetooth-5661  [004] ....  8697.401194: do_swap_page: swapin tgid 5661 pid 5661 name "droid.bluetooth" vma 9d743000
 droid.launcher3-2031  [004] ....  8697.401243: do_swap_page: swapin tgid 2031 pid 2031 name "droid.launcher3" vma 71752000
 droid.launcher3-2031  [004] ....  8697.401258: do_swap_page: swapin tgid 2031 pid 2031 name "droid.launcher3" vma 13c1f000
   Binder:1333_3-1498  [004] ....  8697.401329: do_swap_page: swapin tgid 1333 pid 1498 name "Binder:1333_3" vma 7f2d82a000
   Binder:1333_3-1498  [004] ....  8697.401341: do_swap_page: swapin tgid 1333 pid 1498 name "Binder:1333_3" vma 7f2d6fd000
 InputDispatcher-1448  [004] ....  8697.401456: do_swap_page: swapin tgid 1333 pid 1448 name "InputDispatcher" vma 7e4ff6c000
 droid.launcher3-2031  [004] ....  8697.401470: do_swap_page: swapin tgid 2031 pid 2031 name "droid.launcher3" vma 13c1f000
 droid.launcher3-2031  [004] ....  8697.401475: do_swap_page: swapin tgid 2031 pid 2031 name "droid.launcher3" vma 13c20000
           <...>-1356  [004] ....  8697.401598: do_swap_page: swapin tgid 1333 pid 1356 name "android.ui" vma 7e622f2000
 droid.bluetooth-5661  [004] ....  8697.401610: do_swap_page: swapin tgid 5661 pid 5661 name "droid.bluetooth" vma 9d743000
 droid.bluetooth-5661  [004] ....  8697.401622: do_swap_page: swapin tgid 5661 pid 5661 name "droid.bluetooth" vma 7f2d6dd000
 droid.bluetooth-5661  [004] ....  8697.401626: do_swap_page: swapin tgid 5661 pid 5661 name "droid.bluetooth" vma 7f2d68a000
 droid.bluetooth-5661  [004] ....  8697.401656: do_swap_page: swapin tgid 5661 pid 5661 name "droid.bluetooth" vma 7fbf6ff000
           <...>-5698  [004] ....  8697.401706: do_swap_page: swapin tgid 5661 pid 5698 name "BluetoothScanMa" vma 7ec3a7d000
           <...>-5698  [004] ....  8697.401716: do_swap_page: swapin tgid 5661 pid 5698 name "BluetoothScanMa" vma 7ec3a7e000
 droid.launcher3-2031  [004] ....  8697.401745: do_swap_page: swapin tgid 2031 pid 2031 name "droid.launcher3" vma 13c20000
 droid.launcher3-2031  [004] ....  8697.401750: do_swap_page: swapin tgid 2031 pid 2031 name "droid.launcher3" vma 13c3e000
 droid.launcher3-2031  [004] ....  8697.401754: do_swap_page: swapin tgid 2031 pid 2031 name "droid.launcher3" vma 13242000
 droid.launcher3-2031  [004] ....  8697.401756: do_swap_page: swapin tgid 2031 pid 2031 name "droid.launcher3" vma 13243000
 droid.launcher3-2031  [004] ....  8697.401759: do_swap_page: swapin tgid 2031 pid 2031 name "droid.launcher3" vma 13247000
 droid.launcher3-2031  [004] ....  8697.401762: do_swap_page: swapin tgid 2031 pid 2031 name "droid.launcher3" vma 13258000
 droid.launcher3-2031  [004] ....  8697.401763: do_swap_page: swapin tgid 2031 pid 2031 name "droid.launcher3" vma 1324b000
 droid.launcher3-2031  [004] ....  8697.401765: do_swap_page: swapin tgid 2031 pid 2031 name "droid.launcher3" vma 13257000
 droid.launcher3-2031  [004] ....  8697.401766: do_swap_page: swapin tgid 2031 pid 2031 name "droid.launcher3" vma 13256000
 droid.launcher3-2031  [004] ....  8697.401772: do_swap_page: swapin tgid 2031 pid 2031 name "droid.launcher3" vma 1324c000
 droid.launcher3-2031  [004] ....  8697.401774: do_swap_page: swapin tgid 2031 pid 2031 name "droid.launcher3" vma 13255000
 droid.launcher3-2031  [004] ....  8697.401776: do_swap_page: swapin tgid 2031 pid 2031 name "droid.launcher3" vma 13254000
 droid.launcher3-2031  [004] ....  8697.401777: do_swap_page: swapin tgid 2031 pid 2031 name "droid.launcher3" vma 1324d000
 droid.launcher3-2031  [004] ....  8697.401779: do_swap_page: swapin tgid 2031 pid 2031 name "droid.launcher3" vma 13253000
 droid.launcher3-2031  [004] ....  8697.401781: do_swap_page: swapin tgid 2031 pid 2031 name "droid.launcher3" vma 1324e000
 droid.launcher3-2031  [004] ....  8697.401782: do_swap_page: swapin tgid 2031 pid 2031 name "droid.launcher3" vma 13252000
 droid.launcher3-2031  [004] ....  8697.401784: do_swap_page: swapin tgid 2031 pid 2031 name "droid.launcher3" vma 13251000
 droid.launcher3-2031  [004] ....  8697.401785: do_swap_page: swapin tgid 2031 pid 2031 name "droid.launcher3" vma 1324f000
 droid.launcher3-2031  [004] ....  8697.401787: do_swap_page: swapin tgid 2031 pid 2031 name "droid.launcher3" vma 13250000
 droid.launcher3-2031  [004] ....  8697.401789: do_swap_page: swapin tgid 2031 pid 2031 name "droid.launcher3" vma 13c3a000
 droid.launcher3-2031  [004] ....  8697.401819: do_swap_page: swapin tgid 2031 pid 2031 name "droid.launcher3" vma 1325c000
 droid.launcher3-2031  [004] ....  8697.401821: do_swap_page: swapin tgid 2031 pid 2031 name "droid.launcher3" vma 1325b000
 droid.launcher3-2031  [004] ....  8697.401828: do_swap_page: swapin tgid 2031 pid 2031 name "droid.launcher3" vma 9d788000
           <...>-6201  [004] ....  8697.401850: do_swap_page: swapin tgid 6182 pid 6201 name "Binder:6182_3" vma f7aa6000
           <...>-6201  [004] ....  8697.401858: do_swap_page: swapin tgid 6182 pid 6201 name "Binder:6182_3" vma f0e08000
           <...>-6201  [004] ....  8697.401890: do_swap_page: swapin tgid 6182 pid 6201 name "Binder:6182_3" vma f7a7b000
           <...>-6201  [004] ....  8697.401893: do_swap_page: swapin tgid 6182 pid 6201 name "Binder:6182_3" vma f0d6e000
           <...>-6201  [004] ....  8697.401896: do_swap_page: swapin tgid 6182 pid 6201 name "Binder:6182_3" vma e20d5000
           <...>-6201  [004] ....  8697.401900: do_swap_page: swapin tgid 6182 pid 6201 name "Binder:6182_3" vma f4b3f000
           <...>-5698  [004] ....  8697.401920: do_swap_page: swapin tgid 5661 pid 5698 name "BluetoothScanMa" vma 7ec3a7e000
           <...>-5698  [004] ....  8697.401926: do_swap_page: swapin tgid 5661 pid 5698 name "BluetoothScanMa" vma 7eca135000
           <...>-5698  [004] ....  8697.401929: do_swap_page: swapin tgid 5661 pid 5698 name "BluetoothScanMa" vma 7eca136000
           <...>-5698  [004] ....  8697.401932: do_swap_page: swapin tgid 5661 pid 5698 name "BluetoothScanMa" vma 7f28b1a000
           <...>-5698  [004] ....  8697.401935: do_swap_page: swapin tgid 5661 pid 5698 name "BluetoothScanMa" vma 14017000
           <...>-5698  [004] ....  8697.401938: do_swap_page: swapin tgid 5661 pid 5698 name "BluetoothScanMa" vma 12cc0000
           <...>-5698  [004] ....  8697.401943: do_swap_page: swapin tgid 5661 pid 5698 name "BluetoothScanMa" vma 7f313f9000
           <...>-5698  [004] ....  8697.401946: do_swap_page: swapin tgid 5661 pid 5698 name "BluetoothScanMa" vma 12cc1000
           <...>-5698  [004] ....  8697.401950: do_swap_page: swapin tgid 5661 pid 5698 name "BluetoothScanMa" vma 9d789000
 droid.bluetooth-5661  [004] ....  8697.401973: do_swap_page: swapin tgid 5661 pid 5661 name "droid.bluetooth" vma 7fbf6ff000
 droid.bluetooth-5661  [004] ....  8697.402004: do_swap_page: swapin tgid 5661 pid 5661 name "droid.bluetooth" vma 14019000
 droid.launcher3-2031  [004] ....  8697.402027: do_swap_page: swapin tgid 2031 pid 2031 name "droid.launcher3" vma 9d788000
 droid.launcher3-2031  [004] ....  8697.402037: do_swap_page: swapin tgid 2031 pid 2031 name "droid.launcher3" vma 12f19000
 droid.launcher3-2031  [004] ....  8697.402093: do_swap_page: swapin tgid 2031 pid 2031 name "droid.launcher3" vma 7f28ac3000
 droid.launcher3-2031  [004] ....  8697.402098: do_swap_page: swapin tgid 2031 pid 2031 name "droid.launcher3" vma 7fbe301000
 droid.launcher3-2031  [004] ....  8697.402126: do_swap_page: swapin tgid 2031 pid 2031 name "droid.launcher3" vma 13c19000
 droid.launcher3-2031  [004] ....  8697.402130: do_swap_page: swapin tgid 2031 pid 2031 name "droid.launcher3" vma 7ec6a83000
 droid.launcher3-2031  [004] ....  8697.402133: do_swap_page: swapin tgid 2031 pid 2031 name "droid.launcher3" vma 7ec6a84000
 droid.launcher3-2031  [004] ....  8697.402137: do_swap_page: swapin tgid 2031 pid 2031 name "droid.launcher3" vma 7f28afc000
 droid.launcher3-2031  [004] ....  8697.402141: do_swap_page: swapin tgid 2031 pid 2031 name "droid.launcher3" vma 9d844000
 droid.launcher3-2031  [004] ....  8697.402148: do_swap_page: swapin tgid 2031 pid 2031 name "droid.launcher3" vma 7ed0ca8000
 droid.launcher3-2031  [004] ....  8697.402151: do_swap_page: swapin tgid 2031 pid 2031 name "droid.launcher3" vma 7f28ac5000
 droid.launcher3-2031  [004] ....  8697.402156: do_swap_page: swapin tgid 2031 pid 2031 name "droid.launcher3" vma 7ed0dbd000
 droid.launcher3-2031  [004] ....  8697.402162: do_swap_page: swapin tgid 2031 pid 2031 name "droid.launcher3" vma 7fbe1c7000
 droid.launcher3-2031  [004] ....  8697.402193: do_swap_page: swapin tgid 2031 pid 2031 name "droid.launcher3" vma 9d854000
   Binder:5737_1-5759  [004] ....  8697.402233: do_swap_page: swapin tgid 5737 pid 5759 name "Binder:5737_1" vma 7eccf07000
   Binder:5737_1-5759  [004] ....  8697.402247: do_swap_page: swapin tgid 5737 pid 5759 name "Binder:5737_1" vma 7fbe22b000
   Binder:5737_1-5759  [004] ....  8697.402250: do_swap_page: swapin tgid 5737 pid 5759 name "Binder:5737_1" vma 7f28ac2000
   Binder:5737_1-5759  [004] ....  8697.402252: do_swap_page: swapin tgid 5737 pid 5759 name "Binder:5737_1" vma 7ecd09b000
   Binder:5737_1-5759  [004] ....  8697.402256: do_swap_page: swapin tgid 5737 pid 5759 name "Binder:5737_1" vma 7fbba73000
   Binder:5737_1-5759  [004] ....  8697.402259: do_swap_page: swapin tgid 5737 pid 5759 name "Binder:5737_1" vma 7fbe2f3000
   Binder:5737_1-5759  [004] ....  8697.402265: do_swap_page: swapin tgid 5737 pid 5759 name "Binder:5737_1" vma 7fbe241000
           <...>-5698  [004] ....  8697.402286: do_swap_page: swapin tgid 5661 pid 5698 name "BluetoothScanMa" vma 9d789000
           <...>-5698  [004] ....  8697.402294: do_swap_page: swapin tgid 5661 pid 5698 name "BluetoothScanMa" vma 9d73b000
 droid.launcher3-2031  [004] ....  8697.402338: do_swap_page: swapin tgid 2031 pid 2031 name "droid.launcher3" vma 9d854000
 droid.launcher3-2031  [004] ....  8697.402353: do_swap_page: swapin tgid 2031 pid 2031 name "droid.launcher3" vma 7ec6afa000
 droid.launcher3-2031  [004] ....  8697.402357: do_swap_page: swapin tgid 2031 pid 2031 name "droid.launcher3" vma 7ec6afb000
 droid.launcher3-2031  [004] ....  8697.402360: do_swap_page: swapin tgid 2031 pid 2031 name "droid.launcher3" vma 7fbe299000
 droid.launcher3-2031  [004] ....  8697.402382: do_swap_page: swapin tgid 2031 pid 2031 name "droid.launcher3" vma 7ed0e83000
 droid.launcher3-2031  [004] ....  8697.402387: do_swap_page: swapin tgid 2031 pid 2031 name "droid.launcher3" vma 7ed0e8b000
 droid.bluetooth-5661  [004] ....  8697.402430: do_swap_page: swapin tgid 5661 pid 5661 name "droid.bluetooth" vma 14019000
           <...>-2024  [004] ....  8697.402449: do_swap_page: swapin tgid 2002 pid 2024 name "Binder:2002_3" vma 136c1000
           <...>-2024  [004] ....  8697.402474: do_swap_page: swapin tgid 2002 pid 2024 name "Binder:2002_3" vma 136d1000
           <...>-2024  [004] ....  8697.402481: do_swap_page: swapin tgid 2002 pid 2024 name "Binder:2002_3" vma 7f35079000
           <...>-2024  [004] ....  8697.402485: do_swap_page: swapin tgid 2002 pid 2024 name "Binder:2002_3" vma 7175a000
 droid.launcher3-2031  [004] ....  8697.402507: do_swap_page: swapin tgid 2031 pid 2031 name "droid.launcher3" vma 7ed0e8b000
 droid.launcher3-2031  [004] ....  8697.402518: do_swap_page: swapin tgid 2031 pid 2031 name "droid.launcher3" vma 7ec6afc000
 droid.launcher3-2031  [004] ....  8697.402524: do_swap_page: swapin tgid 2031 pid 2031 name "droid.launcher3" vma 7fbe181000
 droid.launcher3-2031  [004] ....  8697.402529: do_swap_page: swapin tgid 2031 pid 2031 name "droid.launcher3" vma 7f39805000
 droid.launcher3-2031  [004] ....  8697.402533: do_swap_page: swapin tgid 2031 pid 2031 name "droid.launcher3" vma 7f39807000
 droid.launcher3-2031  [004] ....  8697.402538: do_swap_page: swapin tgid 2031 pid 2031 name "droid.launcher3" vma 7f39806000
 droid.launcher3-2031  [004] ....  8697.402539: do_swap_page: swapin tgid 2031 pid 2031 name "droid.launcher3" vma 7f39833000
 droid.launcher3-2031  [004] ....  8697.402541: do_swap_page: swapin tgid 2031 pid 2031 name "droid.launcher3" vma 7f39832000
 droid.launcher3-2031  [004] ....  8697.402544: do_swap_page: swapin tgid 2031 pid 2031 name "droid.launcher3" vma 7fbe161000
 droid.launcher3-2031  [004] ....  8697.402546: do_swap_page: swapin tgid 2031 pid 2031 name "droid.launcher3" vma 7fbe1c0000
 droid.launcher3-2031  [004] ....  8697.402548: do_swap_page: swapin tgid 2031 pid 2031 name "droid.launcher3" vma 7f28ac7000
 droid.launcher3-2031  [004] ....  8697.402551: do_swap_page: swapin tgid 2031 pid 2031 name "droid.launcher3" vma 7ec6afd000
