           <...>-2480  [004] ....  2778.344291: do_swap_page: swapin tgid 2031 pid 2480 name "RenderThread" vma 7ec4d00000
           <...>-2480  [004] ....  2778.344316: do_swap_page: swapin tgid 2031 pid 2480 name "RenderThread" vma 7ec6d5a000
           <...>-2480  [004] ....  2778.344382: do_swap_page: swapin tgid 2031 pid 2480 name "RenderThread" vma 7ec6d5c000
           <...>-1359  [004] ....  2778.344420: do_swap_page: swapin tgid 1333 pid 1359 name "android.anim" vma 7ed0b69000
           <...>-1359  [004] ....  2778.344432: do_swap_page: swapin tgid 1333 pid 1359 name "android.anim" vma 7eb6f0e000
           <...>-1359  [004] ....  2778.344455: do_swap_page: swapin tgid 1333 pid 1359 name "android.anim" vma 14511000
           <...>-2480  [004] ....  2778.344498: do_swap_page: swapin tgid 2031 pid 2480 name "RenderThread" vma 7ec6d5c000
           <...>-2480  [004] ....  2778.344512: do_swap_page: swapin tgid 2031 pid 2480 name "RenderThread" vma 7ec4d26000
           <...>-2480  [004] ....  2778.344522: do_swap_page: swapin tgid 2031 pid 2480 name "RenderThread" vma 7ec4d34000
           <...>-2480  [004] ....  2778.344524: do_swap_page: swapin tgid 2031 pid 2480 name "RenderThread" vma 7ec4d33000
           <...>-2480  [004] ....  2778.344528: do_swap_page: swapin tgid 2031 pid 2480 name "RenderThread" vma 7ec4d31000
           <...>-2480  [004] ....  2778.344534: do_swap_page: swapin tgid 2031 pid 2480 name "RenderThread" vma 7ed0db1000
           <...>-2480  [004] ....  2778.344537: do_swap_page: swapin tgid 2031 pid 2480 name "RenderThread" vma 7ec4cd4000
           <...>-2480  [004] ....  2778.344551: do_swap_page: swapin tgid 2031 pid 2480 name "RenderThread" vma 7ec4cd3000
           <...>-2480  [004] ....  2778.344558: do_swap_page: swapin tgid 2031 pid 2480 name "RenderThread" vma 7ed0db7000
           <...>-2480  [004] ....  2778.344576: do_swap_page: swapin tgid 2031 pid 2480 name "RenderThread" vma 7ec4cd5000
           <...>-2480  [004] ....  2778.344585: do_swap_page: swapin tgid 2031 pid 2480 name "RenderThread" vma 7ed0db8000
           <...>-2480  [004] ....  2778.344594: do_swap_page: swapin tgid 2031 pid 2480 name "RenderThread" vma 7ec6b0b000
           <...>-2480  [004] ....  2778.344606: do_swap_page: swapin tgid 2031 pid 2480 name "RenderThread" vma 7ec4c9c000
           <...>-2480  [004] ....  2778.344608: do_swap_page: swapin tgid 2031 pid 2480 name "RenderThread" vma 7ec4cd2000
           <...>-2480  [004] ....  2778.344614: do_swap_page: swapin tgid 2031 pid 2480 name "RenderThread" vma 7ec64a4000
           <...>-2480  [004] ....  2778.344623: do_swap_page: swapin tgid 2031 pid 2480 name "RenderThread" vma 7ec4ced000
           <...>-2480  [004] ....  2778.344633: do_swap_page: swapin tgid 2031 pid 2480 name "RenderThread" vma 7ec4d3f000
           <...>-1359  [004] ....  2778.344680: do_swap_page: swapin tgid 1333 pid 1359 name "android.anim" vma 7ed0d30000
           <...>-1359  [004] ....  2778.344693: do_swap_page: swapin tgid 1333 pid 1359 name "android.anim" vma 7ed0d0f000
           <...>-1359  [004] ....  2778.344703: do_swap_page: swapin tgid 1333 pid 1359 name "android.anim" vma 7e6d354000
           <...>-1359  [004] ....  2778.344707: do_swap_page: swapin tgid 1333 pid 1359 name "android.anim" vma 7eb73b4000
           <...>-1359  [004] ....  2778.344716: do_swap_page: swapin tgid 1333 pid 1359 name "android.anim" vma 1377d000
           <...>-1359  [004] ....  2778.344719: do_swap_page: swapin tgid 1333 pid 1359 name "android.anim" vma 13d0f000
           <...>-1359  [004] ....  2778.344724: do_swap_page: swapin tgid 1333 pid 1359 name "android.anim" vma 7f2d6a7000
           <...>-2480  [004] ....  2778.344758: do_swap_page: swapin tgid 2031 pid 2480 name "RenderThread" vma 7ec4d3f000
           <...>-2480  [004] ....  2778.344786: do_swap_page: swapin tgid 2031 pid 2480 name "RenderThread" vma 7ec4ca2000
           <...>-2480  [004] ....  2778.344790: do_swap_page: swapin tgid 2031 pid 2480 name "RenderThread" vma 7ec6384000
           <...>-2480  [004] ....  2778.344792: do_swap_page: swapin tgid 2031 pid 2480 name "RenderThread" vma 7ec4da0000
           <...>-2480  [004] ....  2778.344799: do_swap_page: swapin tgid 2031 pid 2480 name "RenderThread" vma 7ec4d7d000
           <...>-2480  [004] ....  2778.344805: do_swap_page: swapin tgid 2031 pid 2480 name "RenderThread" vma 7ec4cf5000
           <...>-2480  [004] ....  2778.344807: do_swap_page: swapin tgid 2031 pid 2480 name "RenderThread" vma 7ec6ae3000
           <...>-2480  [004] ....  2778.344821: do_swap_page: swapin tgid 2031 pid 2480 name "RenderThread" vma 7ec4d5b000
           <...>-2480  [004] ....  2778.344824: do_swap_page: swapin tgid 2031 pid 2480 name "RenderThread" vma 7ec4d5e000
           <...>-2480  [004] ....  2778.344829: do_swap_page: swapin tgid 2031 pid 2480 name "RenderThread" vma 7ec4d32000
           <...>-2480  [004] ....  2778.344844: do_swap_page: swapin tgid 2031 pid 2480 name "RenderThread" vma 7ec4d7e000
           <...>-1359  [004] ....  2778.344947: do_swap_page: swapin tgid 1333 pid 1359 name "android.anim" vma 7f2d717000
           <...>-1359  [004] ....  2778.344957: do_swap_page: swapin tgid 1333 pid 1359 name "android.anim" vma 7f2d68f000
           <...>-1359  [004] ....  2778.344963: do_swap_page: swapin tgid 1333 pid 1359 name "android.anim" vma 7eb744c000
           <...>-1359  [004] ....  2778.344970: do_swap_page: swapin tgid 1333 pid 1359 name "android.anim" vma 7f28b36000
           <...>-1359  [004] ....  2778.345015: do_swap_page: swapin tgid 1333 pid 1359 name "android.anim" vma 7eb6d6d000
           <...>-1359  [004] ....  2778.345031: do_swap_page: swapin tgid 1333 pid 1359 name "android.anim" vma 7eb6ef6000
           <...>-1359  [004] ....  2778.345038: do_swap_page: swapin tgid 1333 pid 1359 name "android.anim" vma 7f39849000
           <...>-1359  [004] ....  2778.345043: do_swap_page: swapin tgid 1333 pid 1359 name "android.anim" vma 7eb6ef9000
           <...>-1359  [004] ....  2778.345049: do_swap_page: swapin tgid 1333 pid 1359 name "android.anim" vma 7e86a02000
           <...>-2480  [004] ....  2778.345122: do_swap_page: swapin tgid 2031 pid 2480 name "RenderThread" vma 7ec6324000
           <...>-2480  [004] ....  2778.345177: do_swap_page: swapin tgid 2031 pid 2480 name "RenderThread" vma 7ec6b0a000
           <...>-2480  [004] ....  2778.345187: do_swap_page: swapin tgid 2031 pid 2480 name "RenderThread" vma 7ec4ca4000
           <...>-2480  [004] ....  2778.345190: do_swap_page: swapin tgid 2031 pid 2480 name "RenderThread" vma 7ec4d80000
           <...>-2480  [004] ....  2778.345192: do_swap_page: swapin tgid 2031 pid 2480 name "RenderThread" vma 7ec4d81000
           <...>-2480  [004] ....  2778.345197: do_swap_page: swapin tgid 2031 pid 2480 name "RenderThread" vma 7ec6a8d000
           <...>-2480  [004] ....  2778.345199: do_swap_page: swapin tgid 2031 pid 2480 name "RenderThread" vma 7ec625c000
           <...>-2480  [004] ....  2778.345207: do_swap_page: swapin tgid 2031 pid 2480 name "RenderThread" vma 7ec4d82000
           <...>-2480  [004] ....  2778.345220: do_swap_page: swapin tgid 2031 pid 2480 name "RenderThread" vma 7ec6b1e000
           <...>-2480  [004] ....  2778.345225: do_swap_page: swapin tgid 2031 pid 2480 name "RenderThread" vma 7ec6d4d000
           <...>-2480  [004] ....  2778.345230: do_swap_page: swapin tgid 2031 pid 2480 name "RenderThread" vma 7ed0ccd000
           <...>-2480  [004] ....  2778.345232: do_swap_page: swapin tgid 2031 pid 2480 name "RenderThread" vma 7ec625a000
           <...>-12367 [004] ....  2778.345312: do_swap_page: swapin tgid 1333 pid 12367 name "Binder:1333_1A" vma 7f2d6fe000
           <...>-2480  [004] ....  2778.345425: do_swap_page: swapin tgid 2031 pid 2480 name "RenderThread" vma 7ec625a000
           <...>-2480  [004] ....  2778.345478: do_swap_page: swapin tgid 2031 pid 2480 name "RenderThread" vma 7ec6262000
           <...>-2480  [004] ....  2778.345482: do_swap_page: swapin tgid 2031 pid 2480 name "RenderThread" vma 7ec4d7f000
           <...>-2480  [004] ....  2778.345491: do_swap_page: swapin tgid 2031 pid 2480 name "RenderThread" vma 7ec4d63000
           <...>-2480  [004] ....  2778.345497: do_swap_page: swapin tgid 2031 pid 2480 name "RenderThread" vma 7ec4ce3000
           <...>-2480  [004] ....  2778.345500: do_swap_page: swapin tgid 2031 pid 2480 name "RenderThread" vma 7ec4cb3000
           <...>-2480  [004] ....  2778.345515: do_swap_page: swapin tgid 2031 pid 2480 name "RenderThread" vma 7fbf5e4000
           <...>-2480  [004] ....  2778.346339: do_swap_page: swapin tgid 2031 pid 2480 name "RenderThread" vma 7fbf5e4000
           <...>-739   [004] ....  2778.347204: do_swap_page: swapin tgid 602 pid 739 name "Binder:602_3" vma 7faa615000
           <...>-739   [004] ....  2778.347213: do_swap_page: swapin tgid 602 pid 739 name "Binder:602_3" vma 7fb7501000
           <...>-739   [004] ....  2778.347215: do_swap_page: swapin tgid 602 pid 739 name "Binder:602_3" vma 7fba611000
           <...>-739   [004] ....  2778.347226: do_swap_page: swapin tgid 602 pid 739 name "Binder:602_3" vma 7fba69d000
           <...>-739   [004] ....  2778.347229: do_swap_page: swapin tgid 602 pid 739 name "Binder:602_3" vma 7fba647000
           <...>-739   [004] ....  2778.347265: do_swap_page: swapin tgid 602 pid 739 name "Binder:602_3" vma 7fba69f000
           <...>-2480  [004] ....  2778.347312: do_swap_page: swapin tgid 2031 pid 2480 name "RenderThread" vma 7fbdb35000
           <...>-2480  [004] ....  2778.347319: do_swap_page: swapin tgid 2031 pid 2480 name "RenderThread" vma 7fbd538000
           <...>-2480  [004] ....  2778.347336: do_swap_page: swapin tgid 2031 pid 2480 name "RenderThread" vma 7ec6b1f000
           <...>-5735  [004] ....  2778.347633: do_swap_page: swapin tgid 2031 pid 5735 name "hwuiTask1" vma 7f29ebf000
           <...>-2480  [004] ....  2778.347777: do_swap_page: swapin tgid 2031 pid 2480 name "RenderThread" vma 7ec4d68000
           <...>-2480  [004] ....  2778.347804: do_swap_page: swapin tgid 2031 pid 2480 name "RenderThread" vma 7ed0d5f000
           <...>-5735  [004] ....  2778.347867: do_swap_page: swapin tgid 2031 pid 5735 name "hwuiTask1" vma 7f29ebf000
           <...>-5735  [004] ....  2778.347876: do_swap_page: swapin tgid 2031 pid 5735 name "hwuiTask1" vma 7f29ebe000
           <...>-5735  [004] ....  2778.347884: do_swap_page: swapin tgid 2031 pid 5735 name "hwuiTask1" vma 7ec4b23000
           <...>-5735  [004] ....  2778.347919: do_swap_page: swapin tgid 2031 pid 5735 name "hwuiTask1" vma 7f29ebc000
           <...>-5735  [004] ....  2778.347948: do_swap_page: swapin tgid 2031 pid 5735 name "hwuiTask1" vma 7f29ebd000
           <...>-5735  [004] ....  2778.348011: do_swap_page: swapin tgid 2031 pid 5735 name "hwuiTask1" vma 7ec4b1e000
           <...>-5735  [004] ....  2778.348016: do_swap_page: swapin tgid 2031 pid 5735 name "hwuiTask1" vma 7ec4b1f000
           <...>-6358  [004] ....  2778.348027: do_swap_page: swapin tgid 6328 pid 6358 name "Binder:6328_4" vma 7fbba73000
           <...>-6358  [004] ....  2778.348035: do_swap_page: swapin tgid 6328 pid 6358 name "Binder:6328_4" vma 7fbe2f3000
           <...>-6358  [004] ....  2778.348040: do_swap_page: swapin tgid 6328 pid 6358 name "Binder:6328_4" vma 7fbe241000
   Binder:6215_2-6234  [004] ....  2778.348065: do_swap_page: swapin tgid 6215 pid 6234 name "Binder:6215_2" vma f5721000
   Binder:6215_2-6234  [004] ....  2778.348105: do_swap_page: swapin tgid 6215 pid 6234 name "Binder:6215_2" vma ef97b000
   Binder:6215_2-6234  [004] ....  2778.348109: do_swap_page: swapin tgid 6215 pid 6234 name "Binder:6215_2" vma 12d43000
   Binder:6215_2-6234  [004] ....  2778.348117: do_swap_page: swapin tgid 6215 pid 6234 name "Binder:6215_2" vma f7a30000
   Binder:6215_2-6234  [004] ....  2778.348120: do_swap_page: swapin tgid 6215 pid 6234 name "Binder:6215_2" vma f7a9e000
           <...>-6201  [004] ....  2778.348140: do_swap_page: swapin tgid 6182 pid 6201 name "Binder:6182_3" vma f5721000
           <...>-6201  [004] ....  2778.348156: do_swap_page: swapin tgid 6182 pid 6201 name "Binder:6182_3" vma ef97b000
           <...>-6201  [004] ....  2778.348159: do_swap_page: swapin tgid 6182 pid 6201 name "Binder:6182_3" vma 12c83000
           <...>-6201  [004] ....  2778.348165: do_swap_page: swapin tgid 6182 pid 6201 name "Binder:6182_3" vma f7a30000
           <...>-6201  [004] ....  2778.348168: do_swap_page: swapin tgid 6182 pid 6201 name "Binder:6182_3" vma f7a9e000
           <...>-2480  [004] ....  2778.348321: do_swap_page: swapin tgid 2031 pid 2480 name "RenderThread" vma 7f289b1000
           <...>-2480  [004] ....  2778.348490: do_swap_page: swapin tgid 2031 pid 2480 name "RenderThread" vma 7f289b1000
           <...>-2480  [004] ....  2778.348497: do_swap_page: swapin tgid 2031 pid 2480 name "RenderThread" vma 7ed0ef1000
           <...>-6358  [004] ....  2778.348571: do_swap_page: swapin tgid 6328 pid 6358 name "Binder:6328_4" vma 7fbe241000
           <...>-6358  [004] ....  2778.348578: do_swap_page: swapin tgid 6328 pid 6358 name "Binder:6328_4" vma 7fbe1e9000
           <...>-6358  [004] ....  2778.348605: do_swap_page: swapin tgid 6328 pid 6358 name "Binder:6328_4" vma 7f393f4000
           <...>-2480  [004] ....  2778.348643: do_swap_page: swapin tgid 2031 pid 2480 name "RenderThread" vma 7ec4d6b000
           <...>-2480  [004] ....  2778.348727: do_swap_page: swapin tgid 2031 pid 2480 name "RenderThread" vma 7ec6348000
           <...>-2480  [004] ....  2778.348783: do_swap_page: swapin tgid 2031 pid 2480 name "RenderThread" vma 7ec4d01000
           <...>-2480  [004] ....  2778.348797: do_swap_page: swapin tgid 2031 pid 2480 name "RenderThread" vma 7ec4d02000
           <...>-2480  [004] ....  2778.348812: do_swap_page: swapin tgid 2031 pid 2480 name "RenderThread" vma 7ec4d03000
           <...>-2480  [004] ....  2778.348921: do_swap_page: swapin tgid 2031 pid 2480 name "RenderThread" vma 7f28b59000
           <...>-739   [004] ....  2778.349643: do_swap_page: swapin tgid 602 pid 739 name "Binder:602_3" vma 7fb76e2000
           <...>-5661  [004] ....  2778.349694: do_swap_page: swapin tgid 5661 pid 5661 name "droid.bluetooth" vma 14019000
           <...>-1854  [004] ....  2778.349722: do_swap_page: swapin tgid 1830 pid 1854 name "Binder:1830_2" vma 133c1000
           <...>-1854  [004] ....  2778.349731: do_swap_page: swapin tgid 1830 pid 1854 name "Binder:1830_2" vma 133d4000
           <...>-1854  [004] ....  2778.349740: do_swap_page: swapin tgid 1830 pid 1854 name "Binder:1830_2" vma 7f35079000
           <...>-1854  [004] ....  2778.349744: do_swap_page: swapin tgid 1830 pid 1854 name "Binder:1830_2" vma 7175a000
           <...>-2024  [004] ....  2778.349822: do_swap_page: swapin tgid 2002 pid 2024 name "Binder:2002_3" vma 7175a000
           <...>-1942  [004] ....  2778.349888: do_swap_page: swapin tgid 1942 pid 1942 name "m.android.phone" vma 71758000
           <...>-1942  [004] ....  2778.349897: do_swap_page: swapin tgid 1942 pid 1942 name "m.android.phone" vma 717e0000
           <...>-2031  [004] ....  2778.350656: do_swap_page: swapin tgid 2031 pid 2031 name "droid.launcher3" vma 718b5000
           <...>-2031  [004] ....  2778.350663: do_swap_page: swapin tgid 2031 pid 2031 name "droid.launcher3" vma 718b6000
           <...>-2031  [004] ....  2778.350665: do_swap_page: swapin tgid 2031 pid 2031 name "droid.launcher3" vma 718b7000
           <...>-1942  [004] ....  2778.351170: do_swap_page: swapin tgid 1942 pid 1942 name "m.android.phone" vma 717e0000
           <...>-1942  [004] ....  2778.351194: do_swap_page: swapin tgid 1942 pid 1942 name "m.android.phone" vma 707c8000
           <...>-1358  [004] ....  2778.351330: do_swap_page: swapin tgid 1333 pid 1358 name "android.display" vma 7fbc877000
           <...>-1854  [004] ....  2778.351378: do_swap_page: swapin tgid 1830 pid 1854 name "Binder:1830_2" vma 7175a000
           <...>-1854  [004] ....  2778.351400: do_swap_page: swapin tgid 1830 pid 1854 name "Binder:1830_2" vma 7f2d682000
           <...>-12367 [004] ....  2778.351498: do_swap_page: swapin tgid 1333 pid 12367 name "Binder:1333_1A" vma 7f2d6ff000
           <...>-1448  [004] ....  2778.351591: do_swap_page: swapin tgid 1333 pid 1448 name "InputDispatcher" vma 7e868f8000
   Binder:6215_2-6234  [004] ....  2778.351615: do_swap_page: swapin tgid 6215 pid 6234 name "Binder:6215_2" vma f7a9e000
   Binder:6215_2-6234  [004] ....  2778.351627: do_swap_page: swapin tgid 6215 pid 6234 name "Binder:6215_2" vma e20fc000
   Binder:6215_2-6234  [004] ....  2778.351631: do_swap_page: swapin tgid 6215 pid 6234 name "Binder:6215_2" vma e2102000
   Binder:6215_2-6234  [004] ....  2778.351635: do_swap_page: swapin tgid 6215 pid 6234 name "Binder:6215_2" vma e541d000
   Binder:6215_2-6234  [004] ....  2778.351641: do_swap_page: swapin tgid 6215 pid 6234 name "Binder:6215_2" vma e541b000
   Binder:6215_2-6234  [004] ....  2778.351648: do_swap_page: swapin tgid 6215 pid 6234 name "Binder:6215_2" vma f7b0d000
   Binder:6215_2-6234  [004] ....  2778.351656: do_swap_page: swapin tgid 6215 pid 6234 name "Binder:6215_2" vma 12d41000
   Binder:6215_2-6234  [004] ....  2778.351660: do_swap_page: swapin tgid 6215 pid 6234 name "Binder:6215_2" vma 12d52000
   Binder:6215_2-6234  [004] ....  2778.351665: do_swap_page: swapin tgid 6215 pid 6234 name "Binder:6215_2" vma efaed000
   Binder:6215_2-6234  [004] ....  2778.351669: do_swap_page: swapin tgid 6215 pid 6234 name "Binder:6215_2" vma 70e7d000
   Binder:6215_2-6234  [004] ....  2778.351686: do_swap_page: swapin tgid 6215 pid 6234 name "Binder:6215_2" vma e546e000
           <...>-1942  [004] ....  2778.351791: do_swap_page: swapin tgid 1942 pid 1942 name "m.android.phone" vma 707c8000
           <...>-1942  [004] ....  2778.351858: do_swap_page: swapin tgid 1942 pid 1942 name "m.android.phone" vma 7175c000
           <...>-1359  [004] ....  2778.352115: do_swap_page: swapin tgid 1333 pid 1359 name "android.anim" vma 7e86a03000
           <...>-1359  [004] ....  2778.352130: do_swap_page: swapin tgid 1333 pid 1359 name "android.anim" vma 7e6d104000
           <...>-1359  [004] ....  2778.352161: do_swap_page: swapin tgid 1333 pid 1359 name "android.anim" vma 7eb6da7000
           <...>-1359  [004] ....  2778.352168: do_swap_page: swapin tgid 1333 pid 1359 name "android.anim" vma 7eb6ec7000
           <...>-1359  [004] ....  2778.352171: do_swap_page: swapin tgid 1333 pid 1359 name "android.anim" vma 7eb6ee9000
           <...>-1359  [004] ....  2778.352177: do_swap_page: swapin tgid 1333 pid 1359 name "android.anim" vma 7eb7074000
           <...>-1359  [004] ....  2778.352181: do_swap_page: swapin tgid 1333 pid 1359 name "android.anim" vma 7eb7075000
           <...>-1359  [004] ....  2778.352193: do_swap_page: swapin tgid 1333 pid 1359 name "android.anim" vma 7eb6d95000
           <...>-1359  [004] ....  2778.352210: do_swap_page: swapin tgid 1333 pid 1359 name "android.anim" vma 7eb744f000
           <...>-1359  [004] ....  2778.352218: do_swap_page: swapin tgid 1333 pid 1359 name "android.anim" vma 7fbe229000
           <...>-1359  [004] ....  2778.352223: do_swap_page: swapin tgid 1333 pid 1359 name "android.anim" vma 7e868fb000
           <...>-1359  [004] ....  2778.352229: do_swap_page: swapin tgid 1333 pid 1359 name "android.anim" vma 7f28ba0000
           <...>-1359  [004] ....  2778.352234: do_swap_page: swapin tgid 1333 pid 1359 name "android.anim" vma 7e5d95e000
           <...>-1359  [004] ....  2778.352242: do_swap_page: swapin tgid 1333 pid 1359 name "android.anim" vma 7fbe34f000
           <...>-1359  [004] ....  2778.352245: do_swap_page: swapin tgid 1333 pid 1359 name "android.anim" vma 7fbe350000
           <...>-1359  [004] ....  2778.352259: do_swap_page: swapin tgid 1333 pid 1359 name "android.anim" vma 7e868b0000
           <...>-1359  [004] ....  2778.352261: do_swap_page: swapin tgid 1333 pid 1359 name "android.anim" vma 7e868b1000
           <...>-1359  [004] ....  2778.352264: do_swap_page: swapin tgid 1333 pid 1359 name "android.anim" vma 7e868b2000
    Binder:602_5-2224  [004] ....  2778.352336: do_swap_page: swapin tgid 602 pid 2224 name "Binder:602_5" vma 7faa70a000
    Binder:602_5-2224  [004] ....  2778.352341: do_swap_page: swapin tgid 602 pid 2224 name "Binder:602_5" vma 7fb765a000
    Binder:602_5-2224  [004] ....  2778.352362: do_swap_page: swapin tgid 602 pid 2224 name "Binder:602_5" vma 7fbe174000
    Binder:602_5-2224  [004] ....  2778.352375: do_swap_page: swapin tgid 602 pid 2224 name "Binder:602_5" vma 7fbe173000
    Binder:602_5-2224  [004] ....  2778.352379: do_swap_page: swapin tgid 602 pid 2224 name "Binder:602_5" vma 7fba666000
    Binder:602_5-2224  [004] ....  2778.352387: do_swap_page: swapin tgid 602 pid 2224 name "Binder:602_5" vma 7fb765b000
    Binder:602_5-2224  [004] ....  2778.352418: do_swap_page: swapin tgid 602 pid 2224 name "Binder:602_5" vma 7fbc217000
    Binder:602_5-2224  [004] ....  2778.352424: do_swap_page: swapin tgid 602 pid 2224 name "Binder:602_5" vma 7fb765c000
    Binder:602_5-2224  [004] ....  2778.352428: do_swap_page: swapin tgid 602 pid 2224 name "Binder:602_5" vma 7faa5e5000
    Binder:602_5-2224  [004] ....  2778.352433: do_swap_page: swapin tgid 602 pid 2224 name "Binder:602_5" vma 7faa5e6000
    Binder:602_5-2224  [004] ....  2778.352454: do_swap_page: swapin tgid 602 pid 2224 name "Binder:602_5" vma 7fba7f0000
           <...>-3821  [004] ....  2778.353106: do_swap_page: swapin tgid 1333 pid 3821 name "Binder:1333_F" vma 7e868a3000
           <...>-3821  [004] ....  2778.353126: do_swap_page: swapin tgid 1333 pid 3821 name "Binder:1333_F" vma 7eb75bb000
           <...>-6494  [004] ....  2778.354124: do_swap_page: swapin tgid 6441 pid 6494 name "Binder:6441_5" vma 7f29ef3000
           <...>-6494  [004] ....  2778.354136: do_swap_page: swapin tgid 6441 pid 6494 name "Binder:6441_5" vma 7fbe1c6000
           <...>-6494  [004] ....  2778.354139: do_swap_page: swapin tgid 6441 pid 6494 name "Binder:6441_5" vma 7fbe180000
           <...>-6494  [004] ....  2778.354148: do_swap_page: swapin tgid 6441 pid 6494 name "Binder:6441_5" vma 7fbe1d8000
           <...>-6494  [004] ....  2778.354150: do_swap_page: swapin tgid 6441 pid 6494 name "Binder:6441_5" vma 7fbe165000
           <...>-12360 [004] ....  2778.354198: do_swap_page: swapin tgid 12266 pid 12360 name "Binder:12266_3" vma 707c8000
           <...>-12360 [004] ....  2778.354232: do_swap_page: swapin tgid 12266 pid 12360 name "Binder:12266_3" vma 7f289bc000
           <...>-6358  [004] ....  2778.354266: do_swap_page: swapin tgid 6328 pid 6358 name "Binder:6328_4" vma 7f393f4000
           <...>-6358  [004] ....  2778.354275: do_swap_page: swapin tgid 6328 pid 6358 name "Binder:6328_4" vma 7fbe165000
           <...>-6494  [004] ....  2778.354333: do_swap_page: swapin tgid 6441 pid 6494 name "Binder:6441_5" vma 7fbe165000
           <...>-6494  [004] ....  2778.354339: do_swap_page: swapin tgid 6441 pid 6494 name "Binder:6441_5" vma 7fbe268000
           <...>-6494  [004] ....  2778.354343: do_swap_page: swapin tgid 6441 pid 6494 name "Binder:6441_5" vma 7fbba73000
           <...>-5760  [004] ....  2778.354368: do_swap_page: swapin tgid 5737 pid 5760 name "Binder:5737_2" vma 7fbe165000
           <...>-5760  [004] ....  2778.354376: do_swap_page: swapin tgid 5737 pid 5760 name "Binder:5737_2" vma 7f2d65a000
           <...>-5760  [004] ....  2778.354383: do_swap_page: swapin tgid 5737 pid 5760 name "Binder:5737_2" vma 7fbd222000
           <...>-6358  [004] ....  2778.354426: do_swap_page: swapin tgid 6328 pid 6358 name "Binder:6328_4" vma 7fbe165000
           <...>-6358  [004] ....  2778.354435: do_swap_page: swapin tgid 6328 pid 6358 name "Binder:6328_4" vma 7f2d6ed000
           <...>-6358  [004] ....  2778.354439: do_swap_page: swapin tgid 6328 pid 6358 name "Binder:6328_4" vma 7fbd222000
           <...>-6201  [004] ....  2778.354463: do_swap_page: swapin tgid 6182 pid 6201 name "Binder:6182_3" vma f7a9e000
           <...>-6201  [004] ....  2778.354479: do_swap_page: swapin tgid 6182 pid 6201 name "Binder:6182_3" vma e2118000
           <...>-6201  [004] ....  2778.354485: do_swap_page: swapin tgid 6182 pid 6201 name "Binder:6182_3" vma f0e25000
           <...>-6201  [004] ....  2778.354490: do_swap_page: swapin tgid 6182 pid 6201 name "Binder:6182_3" vma f7aa0000
           <...>-6201  [004] ....  2778.354524: do_swap_page: swapin tgid 6182 pid 6201 name "Binder:6182_3" vma f0e00000
           <...>-6201  [004] ....  2778.354530: do_swap_page: swapin tgid 6182 pid 6201 name "Binder:6182_3" vma f7b0a000
           <...>-6201  [004] ....  2778.354535: do_swap_page: swapin tgid 6182 pid 6201 name "Binder:6182_3" vma f7b05000
           <...>-6201  [004] ....  2778.354542: do_swap_page: swapin tgid 6182 pid 6201 name "Binder:6182_3" vma 12c81000
           <...>-6201  [004] ....  2778.354545: do_swap_page: swapin tgid 6182 pid 6201 name "Binder:6182_3" vma 12c90000
           <...>-6201  [004] ....  2778.354567: do_swap_page: swapin tgid 6182 pid 6201 name "Binder:6182_3" vma efaed000
           <...>-6201  [004] ....  2778.354571: do_swap_page: swapin tgid 6182 pid 6201 name "Binder:6182_3" vma 70e7d000
           <...>-6494  [004] ....  2778.354622: do_swap_page: swapin tgid 6441 pid 6494 name "Binder:6441_5" vma 7fbba73000
           <...>-6494  [004] ....  2778.354628: do_swap_page: swapin tgid 6441 pid 6494 name "Binder:6441_5" vma 7fbe301000
           <...>-6494  [004] ....  2778.354631: do_swap_page: swapin tgid 6441 pid 6494 name "Binder:6441_5" vma 7fbe241000
           <...>-5760  [004] ....  2778.354653: do_swap_page: swapin tgid 5737 pid 5760 name "Binder:5737_2" vma 7fbd222000
           <...>-5760  [004] ....  2778.354660: do_swap_page: swapin tgid 5737 pid 5760 name "Binder:5737_2" vma 7fbbdfa000
           <...>-5760  [004] ....  2778.354664: do_swap_page: swapin tgid 5737 pid 5760 name "Binder:5737_2" vma 7f2d61d000
           <...>-5760  [004] ....  2778.354670: do_swap_page: swapin tgid 5737 pid 5760 name "Binder:5737_2" vma 7f318f3000
           <...>-6358  [004] ....  2778.354695: do_swap_page: swapin tgid 6328 pid 6358 name "Binder:6328_4" vma 7fbd222000
           <...>-6358  [004] ....  2778.354702: do_swap_page: swapin tgid 6328 pid 6358 name "Binder:6328_4" vma 7fbbdfa000
           <...>-6358  [004] ....  2778.354708: do_swap_page: swapin tgid 6328 pid 6358 name "Binder:6328_4" vma 7f2d61e000
           <...>-6358  [004] ....  2778.354712: do_swap_page: swapin tgid 6328 pid 6358 name "Binder:6328_4" vma 7f393f2000
           <...>-6358  [004] ....  2778.354714: do_swap_page: swapin tgid 6328 pid 6358 name "Binder:6328_4" vma 7fbe23c000
           <...>-6358  [004] ....  2778.354717: do_swap_page: swapin tgid 6328 pid 6358 name "Binder:6328_4" vma 7f318f3000
           <...>-6358  [004] ....  2778.354721: do_swap_page: swapin tgid 6328 pid 6358 name "Binder:6328_4" vma 12c4b000
           <...>-6494  [004] ....  2778.354760: do_swap_page: swapin tgid 6441 pid 6494 name "Binder:6441_5" vma 7fbe241000
           <...>-6494  [004] ....  2778.354766: do_swap_page: swapin tgid 6441 pid 6494 name "Binder:6441_5" vma 7fbe1e9000
           <...>-6494  [004] ....  2778.354770: do_swap_page: swapin tgid 6441 pid 6494 name "Binder:6441_5" vma 7f393f4000
           <...>-5760  [004] ....  2778.354807: do_swap_page: swapin tgid 5737 pid 5760 name "Binder:5737_2" vma 7f318f3000
           <...>-5760  [004] ....  2778.354814: do_swap_page: swapin tgid 5737 pid 5760 name "Binder:5737_2" vma 1307b000
           <...>-5760  [004] ....  2778.354818: do_swap_page: swapin tgid 5737 pid 5760 name "Binder:5737_2" vma 7fbe286000
           <...>-5760  [004] ....  2778.354822: do_swap_page: swapin tgid 5737 pid 5760 name "Binder:5737_2" vma 7fbe285000
           <...>-5760  [004] ....  2778.354826: do_swap_page: swapin tgid 5737 pid 5760 name "Binder:5737_2" vma 7f2e02b000
           <...>-6358  [004] ....  2778.354867: do_swap_page: swapin tgid 6328 pid 6358 name "Binder:6328_4" vma 12c4b000
           <...>-6358  [004] ....  2778.354873: do_swap_page: swapin tgid 6328 pid 6358 name "Binder:6328_4" vma 7fbe286000
           <...>-6358  [004] ....  2778.354875: do_swap_page: swapin tgid 6328 pid 6358 name "Binder:6328_4" vma 7fbe285000
           <...>-6358  [004] ....  2778.354877: do_swap_page: swapin tgid 6328 pid 6358 name "Binder:6328_4" vma 7f393f3000
           <...>-6494  [004] ....  2778.354914: do_swap_page: swapin tgid 6441 pid 6494 name "Binder:6441_5" vma 7f393f4000
           <...>-6494  [004] ....  2778.354920: do_swap_page: swapin tgid 6441 pid 6494 name "Binder:6441_5" vma 7fbe1a4000
           <...>-6494  [004] ....  2778.354923: do_swap_page: swapin tgid 6441 pid 6494 name "Binder:6441_5" vma 7fbd222000
           <...>-2480  [004] ....  2778.355131: do_swap_page: swapin tgid 2031 pid 2480 name "RenderThread" vma 7ec64a3000
           <...>-2480  [004] ....  2778.355142: do_swap_page: swapin tgid 2031 pid 2480 name "RenderThread" vma 7ec4ae9000
           <...>-6494  [004] ....  2778.355269: do_swap_page: swapin tgid 6441 pid 6494 name "Binder:6441_5" vma 7fbd222000
           <...>-6494  [004] ....  2778.355275: do_swap_page: swapin tgid 6441 pid 6494 name "Binder:6441_5" vma 7fbbdfa000
           <...>-6494  [004] ....  2778.355277: do_swap_page: swapin tgid 6441 pid 6494 name "Binder:6441_5" vma 7ecb3e3000
           <...>-6494  [004] ....  2778.355282: do_swap_page: swapin tgid 6441 pid 6494 name "Binder:6441_5" vma 7f393f2000
           <...>-6494  [004] ....  2778.355284: do_swap_page: swapin tgid 6441 pid 6494 name "Binder:6441_5" vma 7fbe23c000
           <...>-6494  [004] ....  2778.355285: do_swap_page: swapin tgid 6441 pid 6494 name "Binder:6441_5" vma 7fbe1a5000
           <...>-6494  [004] ....  2778.355287: do_swap_page: swapin tgid 6441 pid 6494 name "Binder:6441_5" vma 7f318f3000
           <...>-6494  [004] ....  2778.355291: do_swap_page: swapin tgid 6441 pid 6494 name "Binder:6441_5" vma 12da2000
           <...>-5760  [004] ....  2778.355318: do_swap_page: swapin tgid 5737 pid 5760 name "Binder:5737_2" vma 7f2e02b000
           <...>-5760  [004] ....  2778.355326: do_swap_page: swapin tgid 5737 pid 5760 name "Binder:5737_2" vma 13181000
           <...>-5760  [004] ....  2778.355340: do_swap_page: swapin tgid 5737 pid 5760 name "Binder:5737_2" vma 7f315e7000
           <...>-5760  [004] ....  2778.355342: do_swap_page: swapin tgid 5737 pid 5760 name "Binder:5737_2" vma 7f2e02c000
           <...>-5760  [004] ....  2778.355345: do_swap_page: swapin tgid 5737 pid 5760 name "Binder:5737_2" vma 12dc0000
           <...>-5760  [004] ....  2778.355351: do_swap_page: swapin tgid 5737 pid 5760 name "Binder:5737_2" vma 7f34f07000
           <...>-5760  [004] ....  2778.355354: do_swap_page: swapin tgid 5737 pid 5760 name "Binder:5737_2" vma 13049000
           <...>-5760  [004] ....  2778.355359: do_swap_page: swapin tgid 5737 pid 5760 name "Binder:5737_2" vma 7fbe1e7000
           <...>-6358  [004] ....  2778.355386: do_swap_page: swapin tgid 6328 pid 6358 name "Binder:6328_4" vma 7f393f3000
           <...>-6358  [004] ....  2778.355392: do_swap_page: swapin tgid 6328 pid 6358 name "Binder:6328_4" vma 7fbe1f8000
           <...>-6494  [004] ....  2778.355764: do_swap_page: swapin tgid 6441 pid 6494 name "Binder:6441_5" vma 12da2000
           <...>-6494  [004] ....  2778.355772: do_swap_page: swapin tgid 6441 pid 6494 name "Binder:6441_5" vma 7fbe286000
           <...>-6494  [004] ....  2778.355774: do_swap_page: swapin tgid 6441 pid 6494 name "Binder:6441_5" vma 7fbe285000
           <...>-6494  [004] ....  2778.355776: do_swap_page: swapin tgid 6441 pid 6494 name "Binder:6441_5" vma 7f393f3000
           <...>-6358  [004] ....  2778.355800: do_swap_page: swapin tgid 6328 pid 6358 name "Binder:6328_4" vma 7fbe1f8000
           <...>-6358  [004] ....  2778.355807: do_swap_page: swapin tgid 6328 pid 6358 name "Binder:6328_4" vma 7f28cd3000
           <...>-5760  [004] ....  2778.355834: do_swap_page: swapin tgid 5737 pid 5760 name "Binder:5737_2" vma 7fbe1e7000
           <...>-5760  [004] ....  2778.355839: do_swap_page: swapin tgid 5737 pid 5760 name "Binder:5737_2" vma 7fbe17f000
           <...>-6494  [004] ....  2778.355977: do_swap_page: swapin tgid 6441 pid 6494 name "Binder:6441_5" vma 7f393f3000
           <...>-6494  [004] ....  2778.355982: do_swap_page: swapin tgid 6441 pid 6494 name "Binder:6441_5" vma 7fbe1f8000
           <...>-6358  [004] ....  2778.356006: do_swap_page: swapin tgid 6328 pid 6358 name "Binder:6328_4" vma 7f28cd3000
           <...>-6358  [004] ....  2778.356031: do_swap_page: swapin tgid 6328 pid 6358 name "Binder:6328_4" vma 12c40000
           <...>-5760  [004] ....  2778.356057: do_swap_page: swapin tgid 5737 pid 5760 name "Binder:5737_2" vma 7fbe17f000
           <...>-5760  [004] ....  2778.356062: do_swap_page: swapin tgid 5737 pid 5760 name "Binder:5737_2" vma 7fbe20a000
           <...>-6494  [004] ....  2778.356103: do_swap_page: swapin tgid 6441 pid 6494 name "Binder:6441_5" vma 7fbe1f8000
           <...>-6494  [004] ....  2778.356111: do_swap_page: swapin tgid 6441 pid 6494 name "Binder:6441_5" vma 13000000
           <...>-6494  [004] ....  2778.356117: do_swap_page: swapin tgid 6441 pid 6494 name "Binder:6441_5" vma 7fbe24e000
           <...>-5760  [004] ....  2778.356198: do_swap_page: swapin tgid 5737 pid 5760 name "Binder:5737_2" vma 7fbe20a000
           <...>-5760  [004] ....  2778.356206: do_swap_page: swapin tgid 5737 pid 5760 name "Binder:5737_2" vma 7f2895d000
           <...>-5760  [004] ....  2778.356209: do_swap_page: swapin tgid 5737 pid 5760 name "Binder:5737_2" vma 7f2895e000
           <...>-5760  [004] ....  2778.356234: do_swap_page: swapin tgid 5737 pid 5760 name "Binder:5737_2" vma 7f2d679000
           <...>-5760  [004] ....  2778.356239: do_swap_page: swapin tgid 5737 pid 5760 name "Binder:5737_2" vma 7f2d628000
           <...>-5760  [004] ....  2778.356242: do_swap_page: swapin tgid 5737 pid 5760 name "Binder:5737_2" vma 7f2d16b000
           <...>-6494  [004] ....  2778.356273: do_swap_page: swapin tgid 6441 pid 6494 name "Binder:6441_5" vma 7fbe24e000
           <...>-6494  [004] ....  2778.356282: do_swap_page: swapin tgid 6441 pid 6494 name "Binder:6441_5" vma 7fbe06b000
           <...>-6494  [004] ....  2778.356290: do_swap_page: swapin tgid 6441 pid 6494 name "Binder:6441_5" vma 7f29ef1000
           <...>-6494  [004] ....  2778.356294: do_swap_page: swapin tgid 6441 pid 6494 name "Binder:6441_5" vma 7f34f07000
           <...>-6494  [004] ....  2778.356296: do_swap_page: swapin tgid 6441 pid 6494 name "Binder:6441_5" vma 12d86000
           <...>-6494  [004] ....  2778.356300: do_swap_page: swapin tgid 6441 pid 6494 name "Binder:6441_5" vma 7fbe1e7000
           <...>-6358  [004] ....  2778.356322: do_swap_page: swapin tgid 6328 pid 6358 name "Binder:6328_4" vma 12c40000
           <...>-6358  [004] ....  2778.356326: do_swap_page: swapin tgid 6328 pid 6358 name "Binder:6328_4" vma 12c66000
           <...>-6358  [004] ....  2778.356333: do_swap_page: swapin tgid 6328 pid 6358 name "Binder:6328_4" vma 7fbe24e000
           <...>-5760  [004] ....  2778.356374: do_swap_page: swapin tgid 5737 pid 5760 name "Binder:5737_2" vma 7f2d16b000
           <...>-5760  [004] ....  2778.356380: do_swap_page: swapin tgid 5737 pid 5760 name "Binder:5737_2" vma 7f39800000
           <...>-6494  [004] ....  2778.356434: do_swap_page: swapin tgid 6441 pid 6494 name "Binder:6441_5" vma 7fbe1e7000
           <...>-6494  [004] ....  2778.356440: do_swap_page: swapin tgid 6441 pid 6494 name "Binder:6441_5" vma 7fbe17f000
           <...>-6358  [004] ....  2778.356477: do_swap_page: swapin tgid 6328 pid 6358 name "Binder:6328_4" vma 7fbe24e000
           <...>-6358  [004] ....  2778.356503: do_swap_page: swapin tgid 6328 pid 6358 name "Binder:6328_4" vma 7f313ff000
           <...>-6358  [004] ....  2778.356507: do_swap_page: swapin tgid 6328 pid 6358 name "Binder:6328_4" vma 7f28cd4000
           <...>-6358  [004] ....  2778.356509: do_swap_page: swapin tgid 6328 pid 6358 name "Binder:6328_4" vma 12e00000
           <...>-6358  [004] ....  2778.356513: do_swap_page: swapin tgid 6328 pid 6358 name "Binder:6328_4" vma 7f34f06000
           <...>-6358  [004] ....  2778.356515: do_swap_page: swapin tgid 6328 pid 6358 name "Binder:6328_4" vma 12c44000
           <...>-6358  [004] ....  2778.356519: do_swap_page: swapin tgid 6328 pid 6358 name "Binder:6328_4" vma 7fbe1e7000
           <...>-6494  [004] ....  2778.356554: do_swap_page: swapin tgid 6441 pid 6494 name "Binder:6441_5" vma 7fbe17f000
           <...>-6494  [004] ....  2778.356560: do_swap_page: swapin tgid 6441 pid 6494 name "Binder:6441_5" vma 7fbe20a000
           <...>-5760  [004] ....  2778.356581: do_swap_page: swapin tgid 5737 pid 5760 name "Binder:5737_2" vma 7f39800000
           <...>-5760  [004] ....  2778.356591: do_swap_page: swapin tgid 5737 pid 5760 name "Binder:5737_2" vma 13044000
           <...>-5760  [004] ....  2778.356593: do_swap_page: swapin tgid 5737 pid 5760 name "Binder:5737_2" vma 130dd000
           <...>-5760  [004] ....  2778.356597: do_swap_page: swapin tgid 5737 pid 5760 name "Binder:5737_2" vma 7f35079000
           <...>-5760  [004] ....  2778.356600: do_swap_page: swapin tgid 5737 pid 5760 name "Binder:5737_2" vma 7175a000
           <...>-6358  [004] ....  2778.356642: do_swap_page: swapin tgid 6328 pid 6358 name "Binder:6328_4" vma 7fbe1e7000
           <...>-6358  [004] ....  2778.356648: do_swap_page: swapin tgid 6328 pid 6358 name "Binder:6328_4" vma 7fbe17f000
           <...>-6494  [004] ....  2778.356686: do_swap_page: swapin tgid 6441 pid 6494 name "Binder:6441_5" vma 7fbe20a000
           <...>-6494  [004] ....  2778.356695: do_swap_page: swapin tgid 6441 pid 6494 name "Binder:6441_5" vma 7fbd225000
           <...>-6494  [004] ....  2778.356697: do_swap_page: swapin tgid 6441 pid 6494 name "Binder:6441_5" vma 7fbd221000
           <...>-2480  [004] ....  2778.356777: do_swap_page: swapin tgid 2031 pid 2480 name "RenderThread" vma 7f3980f000
           <...>-6358  [004] ....  2778.356791: do_swap_page: swapin tgid 6328 pid 6358 name "Binder:6328_4" vma 7fbe17f000
           <...>-6358  [004] ....  2778.356796: do_swap_page: swapin tgid 6328 pid 6358 name "Binder:6328_4" vma 7fbe20a000
           <...>-6494  [004] ....  2778.356842: do_swap_page: swapin tgid 6441 pid 6494 name "Binder:6441_5" vma 7fbd221000
           <...>-6494  [004] ....  2778.356847: do_swap_page: swapin tgid 6441 pid 6494 name "Binder:6441_5" vma 7fbe226000
           <...>-6494  [004] ....  2778.356849: do_swap_page: swapin tgid 6441 pid 6494 name "Binder:6441_5" vma 7fbe317000
           <...>-6494  [004] ....  2778.356852: do_swap_page: swapin tgid 6441 pid 6494 name "Binder:6441_5" vma 7fbe1d3000
           <...>-6494  [004] ....  2778.356856: do_swap_page: swapin tgid 6441 pid 6494 name "Binder:6441_5" vma 7fbe1b2000
           <...>-6494  [004] ....  2778.356858: do_swap_page: swapin tgid 6441 pid 6494 name "Binder:6441_5" vma 7f289bc000
           <...>-6494  [004] ....  2778.356862: do_swap_page: swapin tgid 6441 pid 6494 name "Binder:6441_5" vma 7f2d144000
           <...>-5760  [004] ....  2778.357064: do_swap_page: swapin tgid 5737 pid 5760 name "Binder:5737_2" vma 7175a000
           <...>-5760  [004] ....  2778.357077: do_swap_page: swapin tgid 5737 pid 5760 name "Binder:5737_2" vma 7f2d682000
           <...>-6358  [004] ....  2778.357110: do_swap_page: swapin tgid 6328 pid 6358 name "Binder:6328_4" vma 7fbe20a000
           <...>-6358  [004] ....  2778.357116: do_swap_page: swapin tgid 6328 pid 6358 name "Binder:6328_4" vma 7fbd225000
           <...>-6358  [004] ....  2778.357118: do_swap_page: swapin tgid 6328 pid 6358 name "Binder:6328_4" vma 7fbd221000
           <...>-6494  [004] ....  2778.357323: do_swap_page: swapin tgid 6441 pid 6494 name "Binder:6441_5" vma 7f2d144000
           <...>-6494  [004] ....  2778.357329: do_swap_page: swapin tgid 6441 pid 6494 name "Binder:6441_5" vma 7f39800000
           <...>-6358  [004] ....  2778.357352: do_swap_page: swapin tgid 6328 pid 6358 name "Binder:6328_4" vma 7fbd221000
           <...>-6358  [004] ....  2778.357359: do_swap_page: swapin tgid 6328 pid 6358 name "Binder:6328_4" vma 7ecccf6000
           <...>-6358  [004] ....  2778.357361: do_swap_page: swapin tgid 6328 pid 6358 name "Binder:6328_4" vma 7ecccf7000
           <...>-6358  [004] ....  2778.357364: do_swap_page: swapin tgid 6328 pid 6358 name "Binder:6328_4" vma 7f2d679000
           <...>-6358  [004] ....  2778.357368: do_swap_page: swapin tgid 6328 pid 6358 name "Binder:6328_4" vma 7f2d6e7000
           <...>-6358  [004] ....  2778.357371: do_swap_page: swapin tgid 6328 pid 6358 name "Binder:6328_4" vma 7f2d16b000
           <...>-1358  [004] ....  2778.357401: do_swap_page: swapin tgid 1333 pid 1358 name "android.display" vma 7fbc877000
           <...>-6494  [004] ....  2778.357527: do_swap_page: swapin tgid 6441 pid 6494 name "Binder:6441_5" vma 7f39800000
           <...>-6494  [004] ....  2778.357535: do_swap_page: swapin tgid 6441 pid 6494 name "Binder:6441_5" vma 7f395f0000
           <...>-6358  [004] ....  2778.357557: do_swap_page: swapin tgid 6328 pid 6358 name "Binder:6328_4" vma 7f2d16b000
           <...>-6358  [004] ....  2778.357563: do_swap_page: swapin tgid 6328 pid 6358 name "Binder:6328_4" vma 7f39800000
           <...>-2187  [004] ....  2778.357593: do_swap_page: swapin tgid 1717 pid 2187 name "ScreenDecoratio" vma 7ec058e000
           <...>-2187  [004] ....  2778.357604: do_swap_page: swapin tgid 1717 pid 2187 name "ScreenDecoratio" vma 7ec058f000
           <...>-2187  [004] ....  2778.357622: do_swap_page: swapin tgid 1717 pid 2187 name "ScreenDecoratio" vma 7ec0590000
           <...>-2187  [004] ....  2778.357682: do_swap_page: swapin tgid 1717 pid 2187 name "ScreenDecoratio" vma 9d773000
           <...>-6494  [004] ....  2778.357709: do_swap_page: swapin tgid 6441 pid 6494 name "Binder:6441_5" vma 7f395f0000
           <...>-6494  [004] ....  2778.357717: do_swap_page: swapin tgid 6441 pid 6494 name "Binder:6441_5" vma 12d83000
           <...>-6358  [004] ....  2778.357734: do_swap_page: swapin tgid 6328 pid 6358 name "Binder:6328_4" vma 7f39800000
           <...>-6358  [004] ....  2778.357745: do_swap_page: swapin tgid 6328 pid 6358 name "Binder:6328_4" vma 12c41000
           <...>-602   [004] ....  2778.357864: do_swap_page: swapin tgid 602 pid 602 name "surfaceflinger" vma 7faa505000
           <...>-602   [004] ....  2778.357893: do_swap_page: swapin tgid 602 pid 602 name "surfaceflinger" vma 7fb7991000
           <...>-602   [004] ....  2778.357924: do_swap_page: swapin tgid 602 pid 602 name "surfaceflinger" vma 7faa692000
           <...>-602   [004] ....  2778.357929: do_swap_page: swapin tgid 602 pid 602 name "surfaceflinger" vma 7fba602000
           <...>-602   [004] ....  2778.357933: do_swap_page: swapin tgid 602 pid 602 name "surfaceflinger" vma 7fba722000
           <...>-602   [004] ....  2778.357936: do_swap_page: swapin tgid 602 pid 602 name "surfaceflinger" vma 7faa693000
           <...>-602   [004] ....  2778.357944: do_swap_page: swapin tgid 602 pid 602 name "surfaceflinger" vma 7faa70d000
           <...>-602   [004] ....  2778.357964: do_swap_page: swapin tgid 602 pid 602 name "surfaceflinger" vma 7fb798d000
           <...>-602   [004] ....  2778.357969: do_swap_page: swapin tgid 602 pid 602 name "surfaceflinger" vma 7fba781000
           <...>-602   [004] ....  2778.357994: do_swap_page: swapin tgid 602 pid 602 name "surfaceflinger" vma 7faa690000
           <...>-602   [004] ....  2778.358005: do_swap_page: swapin tgid 602 pid 602 name "surfaceflinger" vma 7faa5f4000
           <...>-602   [004] ....  2778.358009: do_swap_page: swapin tgid 602 pid 602 name "surfaceflinger" vma 7fba632000
           <...>-602   [004] ....  2778.358016: do_swap_page: swapin tgid 602 pid 602 name "surfaceflinger" vma 7faa5f5000
           <...>-602   [004] ....  2778.358025: do_swap_page: swapin tgid 602 pid 602 name "surfaceflinger" vma 7faa68f000
           <...>-602   [004] ....  2778.358034: do_swap_page: swapin tgid 602 pid 602 name "surfaceflinger" vma 7faa734000
           <...>-602   [004] ....  2778.358089: do_swap_page: swapin tgid 602 pid 602 name "surfaceflinger" vma 7fb7557000
           <...>-602   [004] ....  2778.358091: do_swap_page: swapin tgid 602 pid 602 name "surfaceflinger" vma 7fb7559000
           <...>-602   [004] ....  2778.358094: do_swap_page: swapin tgid 602 pid 602 name "surfaceflinger" vma 7faa66a000
           <...>-602   [004] ....  2778.358096: do_swap_page: swapin tgid 602 pid 602 name "surfaceflinger" vma 7faa66c000
           <...>-602   [004] ....  2778.358098: do_swap_page: swapin tgid 602 pid 602 name "surfaceflinger" vma 7fba748000
           <...>-602   [004] ....  2778.358100: do_swap_page: swapin tgid 602 pid 602 name "surfaceflinger" vma 7fba74a000
           <...>-602   [004] ....  2778.358266: do_swap_page: swapin tgid 602 pid 602 name "surfaceflinger" vma 7fba74a000
           <...>-602   [004] ....  2778.358273: do_swap_page: swapin tgid 602 pid 602 name "surfaceflinger" vma 7fba745000
           <...>-602   [004] ....  2778.358275: do_swap_page: swapin tgid 602 pid 602 name "surfaceflinger" vma 7fba747000
           <...>-6494  [004] ....  2778.358301: do_swap_page: swapin tgid 6441 pid 6494 name "Binder:6441_5" vma 12d83000
           <...>-6494  [004] ....  2778.358306: do_swap_page: swapin tgid 6441 pid 6494 name "Binder:6441_5" vma 12e51000
           <...>-6494  [004] ....  2778.358311: do_swap_page: swapin tgid 6441 pid 6494 name "Binder:6441_5" vma 7f34f06000
           <...>-6494  [004] ....  2778.358313: do_swap_page: swapin tgid 6441 pid 6494 name "Binder:6441_5" vma 7f35079000
           <...>-6494  [004] ....  2778.358316: do_swap_page: swapin tgid 6441 pid 6494 name "Binder:6441_5" vma 7175a000
           <...>-2187  [004] ....  2778.358334: do_swap_page: swapin tgid 1717 pid 2187 name "ScreenDecoratio" vma 9d773000
           <...>-602   [004] ....  2778.358391: do_swap_page: swapin tgid 602 pid 602 name "surfaceflinger" vma 7fba747000
           <...>-602   [004] ....  2778.358479: do_swap_page: swapin tgid 602 pid 602 name "surfaceflinger" vma 7fbe194000
           <...>-602   [004] ....  2778.358496: do_swap_page: swapin tgid 602 pid 602 name "surfaceflinger" vma 7faa5a5000
           <...>-602   [004] ....  2778.358505: do_swap_page: swapin tgid 602 pid 602 name "surfaceflinger" vma 7fbdd35000
           <...>-602   [004] ....  2778.358628: do_swap_page: swapin tgid 602 pid 602 name "surfaceflinger" vma 7fbdd35000
           <...>-602   [004] ....  2778.358644: do_swap_page: swapin tgid 602 pid 602 name "surfaceflinger" vma 7faa5d5000
           <...>-602   [004] ....  2778.358648: do_swap_page: swapin tgid 602 pid 602 name "surfaceflinger" vma 7fbe1ac000
           <...>-602   [004] ....  2778.358653: do_swap_page: swapin tgid 602 pid 602 name "surfaceflinger" vma 7fb793f000
           <...>-602   [004] ....  2778.358658: do_swap_page: swapin tgid 602 pid 602 name "surfaceflinger" vma 7faa546000
           <...>-602   [004] ....  2778.358660: do_swap_page: swapin tgid 602 pid 602 name "surfaceflinger" vma 7faa547000
           <...>-602   [004] ....  2778.358664: do_swap_page: swapin tgid 602 pid 602 name "surfaceflinger" vma 7fb792c000
           <...>-602   [004] ....  2778.358695: do_swap_page: swapin tgid 602 pid 602 name "surfaceflinger" vma 7fb74bc000
           <...>-602   [004] ....  2778.360525: do_swap_page: swapin tgid 602 pid 602 name "surfaceflinger" vma 7fb7515000
           <...>-602   [004] ....  2778.360554: do_swap_page: swapin tgid 602 pid 602 name "surfaceflinger" vma 7fba6a1000
 .android.chrome-6123  [004] ....  2778.360707: do_swap_page: swapin tgid 6123 pid 6123 name ".android.chrome" vma f7adf000
 .android.chrome-6123  [004] ....  2778.360714: do_swap_page: swapin tgid 6123 pid 6123 name ".android.chrome" vma f7ab6000
           <...>-6494  [004] ....  2778.360777: do_swap_page: swapin tgid 6441 pid 6494 name "Binder:6441_5" vma 7175a000
           <...>-6358  [004] ....  2778.360829: do_swap_page: swapin tgid 6328 pid 6358 name "Binder:6328_4" vma 12c41000
           <...>-6358  [004] ....  2778.360840: do_swap_page: swapin tgid 6328 pid 6358 name "Binder:6328_4" vma 12c63000
           <...>-6358  [004] ....  2778.360848: do_swap_page: swapin tgid 6328 pid 6358 name "Binder:6328_4" vma 7f35079000
           <...>-6358  [004] ....  2778.360851: do_swap_page: swapin tgid 6328 pid 6358 name "Binder:6328_4" vma 7175a000
 .android.chrome-6123  [004] ....  2778.360941: do_swap_page: swapin tgid 6123 pid 6123 name ".android.chrome" vma f7ab6000
 .android.chrome-6123  [004] ....  2778.361220: do_swap_page: swapin tgid 6123 pid 6123 name ".android.chrome" vma f6585000
 .android.chrome-6123  [004] ....  2778.361239: do_swap_page: swapin tgid 6123 pid 6123 name ".android.chrome" vma 12d03000
 .android.chrome-6123  [004] ....  2778.361245: do_swap_page: swapin tgid 6123 pid 6123 name ".android.chrome" vma ebba8000
 .android.chrome-6123  [004] ....  2778.361257: do_swap_page: swapin tgid 6123 pid 6123 name ".android.chrome" vma 3a651000
 .android.chrome-6123  [004] ....  2778.361270: do_swap_page: swapin tgid 6123 pid 6123 name ".android.chrome" vma 3ac4e000
 .android.chrome-6123  [004] ....  2778.361281: do_swap_page: swapin tgid 6123 pid 6123 name ".android.chrome" vma 3a712000
