           <...>-5698  [004] ....  7008.360337: do_swap_page: swapin tgid 5661 pid 5698 name "BluetoothScanMa" vma 9d73b000
 droid.launcher3-2031  [004] ....  7008.360387: do_swap_page: swapin tgid 2031 pid 2031 name "droid.launcher3" vma 9d834000
 droid.launcher3-2031  [004] ....  7008.360395: do_swap_page: swapin tgid 2031 pid 2031 name "droid.launcher3" vma 9d7b4000
           <...>-1854  [004] ....  7008.360447: do_swap_page: swapin tgid 1830 pid 1854 name "Binder:1830_2" vma 7f2d16b000
           <...>-1854  [004] ....  7008.360454: do_swap_page: swapin tgid 1830 pid 1854 name "Binder:1830_2" vma 7f39800000
           <...>-1942  [004] ....  7008.360482: do_swap_page: swapin tgid 1942 pid 1942 name "m.android.phone" vma 7fbe243000
           <...>-1942  [004] ....  7008.360489: do_swap_page: swapin tgid 1942 pid 1942 name "m.android.phone" vma 7fbe211000
 droid.launcher3-2031  [004] ....  7008.360589: do_swap_page: swapin tgid 2031 pid 2031 name "droid.launcher3" vma 9d7b4000
 droid.launcher3-2031  [004] ....  7008.360596: do_swap_page: swapin tgid 2031 pid 2031 name "droid.launcher3" vma 130d4000
 droid.launcher3-2031  [004] ....  7008.360599: do_swap_page: swapin tgid 2031 pid 2031 name "droid.launcher3" vma 130d5000
 droid.launcher3-2031  [004] ....  7008.360601: do_swap_page: swapin tgid 2031 pid 2031 name "droid.launcher3" vma 13001000
 droid.launcher3-2031  [004] ....  7008.360602: do_swap_page: swapin tgid 2031 pid 2031 name "droid.launcher3" vma 9d766000
           <...>-5698  [004] ....  7008.360664: do_swap_page: swapin tgid 5661 pid 5698 name "BluetoothScanMa" vma 9d73b000
           <...>-5698  [004] ....  7008.360669: do_swap_page: swapin tgid 5661 pid 5698 name "BluetoothScanMa" vma 9d7cb000
           <...>-5698  [004] ....  7008.360681: do_swap_page: swapin tgid 5661 pid 5698 name "BluetoothScanMa" vma 7f2d6f9000
           <...>-28288 [004] ....  7008.360794: do_swap_page: swapin tgid 20632 pid 28288 name "Binder:20632_6" vma 707c8000
           <...>-28288 [004] ....  7008.360802: do_swap_page: swapin tgid 20632 pid 28288 name "Binder:20632_6" vma 71750000
 droid.launcher3-2031  [004] ....  7008.360823: do_swap_page: swapin tgid 2031 pid 2031 name "droid.launcher3" vma 9d766000
 droid.launcher3-2031  [004] ....  7008.360829: do_swap_page: swapin tgid 2031 pid 2031 name "droid.launcher3" vma 130e6000
 droid.launcher3-2031  [004] ....  7008.360835: do_swap_page: swapin tgid 2031 pid 2031 name "droid.launcher3" vma 9d767000
           <...>-2024  [004] ....  7008.360862: do_swap_page: swapin tgid 2002 pid 2024 name "Binder:2002_3" vma 7f39800000
           <...>-2024  [004] ....  7008.360873: do_swap_page: swapin tgid 2002 pid 2024 name "Binder:2002_3" vma 7f395f0000
           <...>-2428  [004] ....  7008.360929: do_swap_page: swapin tgid 2408 pid 2428 name "Binder:2408_2" vma 7f39800000
           <...>-2428  [004] ....  7008.360940: do_swap_page: swapin tgid 2408 pid 2428 name "Binder:2408_2" vma 7f395f0000
 droid.launcher3-2031  [004] ....  7008.360977: do_swap_page: swapin tgid 2031 pid 2031 name "droid.launcher3" vma 9d767000
 droid.launcher3-2031  [004] ....  7008.360982: do_swap_page: swapin tgid 2031 pid 2031 name "droid.launcher3" vma 9d857000
           <...>-1358  [004] ....  7008.361085: do_swap_page: swapin tgid 1333 pid 1358 name "android.display" vma 7fbc877000
           <...>-6201  [004] ....  7008.361112: do_swap_page: swapin tgid 6182 pid 6201 name "Binder:6182_3" vma f7a18000
           <...>-6201  [004] ....  7008.361121: do_swap_page: swapin tgid 6182 pid 6201 name "Binder:6182_3" vma c8ae9000
           <...>-6201  [004] ....  7008.361128: do_swap_page: swapin tgid 6182 pid 6201 name "Binder:6182_3" vma e2120000
           <...>-6201  [004] ....  7008.361131: do_swap_page: swapin tgid 6182 pid 6201 name "Binder:6182_3" vma f51a6000
           <...>-6201  [004] ....  7008.361133: do_swap_page: swapin tgid 6182 pid 6201 name "Binder:6182_3" vma e2076000
           <...>-6201  [004] ....  7008.361139: do_swap_page: swapin tgid 6182 pid 6201 name "Binder:6182_3" vma ec368000
           <...>-6201  [004] ....  7008.361169: do_swap_page: swapin tgid 6182 pid 6201 name "Binder:6182_3" vma 12cc4000
           <...>-6201  [004] ....  7008.361176: do_swap_page: swapin tgid 6182 pid 6201 name "Binder:6182_3" vma c8ae7000
 droid.launcher3-2031  [004] ....  7008.361201: do_swap_page: swapin tgid 2031 pid 2031 name "droid.launcher3" vma 9d857000
 droid.launcher3-2031  [004] ....  7008.361207: do_swap_page: swapin tgid 2031 pid 2031 name "droid.launcher3" vma 9d743000
           <...>-1946  [004] ....  7008.361228: do_swap_page: swapin tgid 1926 pid 1946 name "Binder:1926_1" vma 7175a000
           <...>-1942  [004] ....  7008.361258: do_swap_page: swapin tgid 1942 pid 1942 name "m.android.phone" vma 7fbe211000
           <...>-1942  [004] ....  7008.361266: do_swap_page: swapin tgid 1942 pid 1942 name "m.android.phone" vma 7f28a5d000
           <...>-1942  [004] ....  7008.361268: do_swap_page: swapin tgid 1942 pid 1942 name "m.android.phone" vma 7f28a54000
           <...>-1942  [004] ....  7008.361271: do_swap_page: swapin tgid 1942 pid 1942 name "m.android.phone" vma 7f28a22000
 droid.launcher3-2031  [004] ....  7008.361326: do_swap_page: swapin tgid 2031 pid 2031 name "droid.launcher3" vma 9d743000
 droid.launcher3-2031  [004] ....  7008.361334: do_swap_page: swapin tgid 2031 pid 2031 name "droid.launcher3" vma 9d865000
           <...>-1854  [004] ....  7008.361365: do_swap_page: swapin tgid 1830 pid 1854 name "Binder:1830_2" vma 7f39800000
           <...>-1854  [004] ....  7008.361380: do_swap_page: swapin tgid 1830 pid 1854 name "Binder:1830_2" vma 133c1000
           <...>-5514  [004] ....  7008.361407: do_swap_page: swapin tgid 2433 pid 5514 name "Binder:2433_5" vma 7175a000
           <...>-5661  [004] ....  7008.361438: do_swap_page: swapin tgid 5661 pid 5661 name "droid.bluetooth" vma 7fbf6ff000
 droid.launcher3-2031  [004] ....  7008.361475: do_swap_page: swapin tgid 2031 pid 2031 name "droid.launcher3" vma 9d865000
 droid.launcher3-2031  [004] ....  7008.361480: do_swap_page: swapin tgid 2031 pid 2031 name "droid.launcher3" vma 13c2b000
 droid.launcher3-2031  [004] ....  7008.361482: do_swap_page: swapin tgid 2031 pid 2031 name "droid.launcher3" vma 9d87f000
           <...>-5661  [004] ....  7008.361508: do_swap_page: swapin tgid 5661 pid 5661 name "droid.bluetooth" vma 14019000
           <...>-22925 [004] ....  7008.361567: do_swap_page: swapin tgid 22911 pid 22925 name "Binder:22911_1" vma 7fbe241000
           <...>-22925 [004] ....  7008.361575: do_swap_page: swapin tgid 22911 pid 22925 name "Binder:22911_1" vma 7fbe1e9000
           <...>-2024  [004] ....  7008.361590: do_swap_page: swapin tgid 2002 pid 2024 name "Binder:2002_3" vma 7f395f0000
           <...>-2024  [004] ....  7008.361599: do_swap_page: swapin tgid 2002 pid 2024 name "Binder:2002_3" vma 136c1000
 droid.launcher3-2031  [004] ....  7008.361641: do_swap_page: swapin tgid 2031 pid 2031 name "droid.launcher3" vma 9d87f000
 droid.launcher3-2031  [004] ....  7008.361650: do_swap_page: swapin tgid 2031 pid 2031 name "droid.launcher3" vma 9d770000
           <...>-2187  [004] ....  7008.361679: do_swap_page: swapin tgid 1717 pid 2187 name "ScreenDecoratio" vma 7f28f28000
    RenderThread-2098  [004] ....  7008.361769: do_swap_page: swapin tgid 1717 pid 2098 name "RenderThread" vma 7ec0602000
   Binder:5737_7-6048  [004] ....  7008.361892: do_swap_page: swapin tgid 5737 pid 6048 name "Binder:5737_7" vma 7fbd222000
   Binder:5737_7-6048  [004] ....  7008.361900: do_swap_page: swapin tgid 5737 pid 6048 name "Binder:5737_7" vma 7fbbdfa000
   Binder:5737_7-6048  [004] ....  7008.361903: do_swap_page: swapin tgid 5737 pid 6048 name "Binder:5737_7" vma 7f2d61d000
   Binder:5737_7-6048  [004] ....  7008.361910: do_swap_page: swapin tgid 5737 pid 6048 name "Binder:5737_7" vma 7f318f3000
   Binder:5737_7-6048  [004] ....  7008.361913: do_swap_page: swapin tgid 5737 pid 6048 name "Binder:5737_7" vma 1307b000
   Binder:5737_7-6048  [004] ....  7008.361917: do_swap_page: swapin tgid 5737 pid 6048 name "Binder:5737_7" vma 7fbe286000
   Binder:5737_7-6048  [004] ....  7008.361920: do_swap_page: swapin tgid 5737 pid 6048 name "Binder:5737_7" vma 7fbe285000
   Binder:5737_7-6048  [004] ....  7008.361925: do_swap_page: swapin tgid 5737 pid 6048 name "Binder:5737_7" vma 13041000
   Binder:5737_7-6048  [004] ....  7008.361928: do_swap_page: swapin tgid 5737 pid 6048 name "Binder:5737_7" vma 12e41000
   Binder:5737_7-6048  [004] ....  7008.361931: do_swap_page: swapin tgid 5737 pid 6048 name "Binder:5737_7" vma 12f40000
   Binder:5737_7-6048  [004] ....  7008.361944: do_swap_page: swapin tgid 5737 pid 6048 name "Binder:5737_7" vma 7eac26a000
   Binder:5737_7-6048  [004] ....  7008.361947: do_swap_page: swapin tgid 5737 pid 6048 name "Binder:5737_7" vma 7fbe17f000
   Binder:5737_7-6048  [004] ....  7008.361950: do_swap_page: swapin tgid 5737 pid 6048 name "Binder:5737_7" vma 7fbe29c000
   Binder:5737_7-6048  [004] ....  7008.361966: do_swap_page: swapin tgid 5737 pid 6048 name "Binder:5737_7" vma 13049000
   Binder:5737_7-6048  [004] ....  7008.361986: do_swap_page: swapin tgid 5737 pid 6048 name "Binder:5737_7" vma 7fbe1e7000
   Binder:5737_7-6048  [004] ....  7008.361988: do_swap_page: swapin tgid 5737 pid 6048 name "Binder:5737_7" vma 7fbe20a000
 droid.launcher3-2031  [004] ....  7008.362010: do_swap_page: swapin tgid 2031 pid 2031 name "droid.launcher3" vma 9d770000
 droid.launcher3-2031  [004] ....  7008.362015: do_swap_page: swapin tgid 2031 pid 2031 name "droid.launcher3" vma 9d836000
 droid.launcher3-2031  [004] ....  7008.362017: do_swap_page: swapin tgid 2031 pid 2031 name "droid.launcher3" vma 9d7df000
           <...>-2428  [004] ....  7008.362043: do_swap_page: swapin tgid 2408 pid 2428 name "Binder:2408_2" vma 7f395f0000
           <...>-2428  [004] ....  7008.362053: do_swap_page: swapin tgid 2408 pid 2428 name "Binder:2408_2" vma 14550000
           <...>-2428  [004] ....  7008.362058: do_swap_page: swapin tgid 2408 pid 2428 name "Binder:2408_2" vma 7f35079000
           <...>-2428  [004] ....  7008.362061: do_swap_page: swapin tgid 2408 pid 2428 name "Binder:2408_2" vma 7175a000
           <...>-1358  [004] ....  7008.362087: do_swap_page: swapin tgid 1333 pid 1358 name "android.display" vma 7fbc877000
 droid.launcher3-2031  [004] ....  7008.362137: do_swap_page: swapin tgid 2031 pid 2031 name "droid.launcher3" vma 9d7df000
 droid.launcher3-2031  [004] ....  7008.362146: do_swap_page: swapin tgid 2031 pid 2031 name "droid.launcher3" vma 9d7f3000
           <...>-1358  [004] ....  7008.362191: do_swap_page: swapin tgid 1333 pid 1358 name "android.display" vma 9d991000
 droid.launcher3-2031  [004] ....  7008.362296: do_swap_page: swapin tgid 2031 pid 2031 name "droid.launcher3" vma 9d7f3000
 droid.launcher3-2031  [004] ....  7008.362303: do_swap_page: swapin tgid 2031 pid 2031 name "droid.launcher3" vma 9d777000
           <...>-28288 [004] ....  7008.362361: do_swap_page: swapin tgid 20632 pid 28288 name "Binder:20632_6" vma 71750000
           <...>-28288 [004] ....  7008.362373: do_swap_page: swapin tgid 20632 pid 28288 name "Binder:20632_6" vma 12d46000
           <...>-28288 [004] ....  7008.362379: do_swap_page: swapin tgid 20632 pid 28288 name "Binder:20632_6" vma 7fbe1e7000
 droid.launcher3-2031  [004] ....  7008.362495: do_swap_page: swapin tgid 2031 pid 2031 name "droid.launcher3" vma 9d777000
 droid.launcher3-2031  [004] ....  7008.362501: do_swap_page: swapin tgid 2031 pid 2031 name "droid.launcher3" vma 9d82b000
 droid.launcher3-2031  [004] ....  7008.362507: do_swap_page: swapin tgid 2031 pid 2031 name "droid.launcher3" vma 9d747000
           <...>-1854  [004] ....  7008.362533: do_swap_page: swapin tgid 1830 pid 1854 name "Binder:1830_2" vma 133c1000
           <...>-1854  [004] ....  7008.362539: do_swap_page: swapin tgid 1830 pid 1854 name "Binder:1830_2" vma 133d4000
           <...>-1854  [004] ....  7008.362544: do_swap_page: swapin tgid 1830 pid 1854 name "Binder:1830_2" vma 7f35079000
           <...>-1854  [004] ....  7008.362548: do_swap_page: swapin tgid 1830 pid 1854 name "Binder:1830_2" vma 7175a000
           <...>-1942  [004] ....  7008.362574: do_swap_page: swapin tgid 1942 pid 1942 name "m.android.phone" vma 7f28a22000
           <...>-1942  [004] ....  7008.362591: do_swap_page: swapin tgid 1942 pid 1942 name "m.android.phone" vma 7fbb7ef000
 droid.launcher3-2031  [004] ....  7008.362625: do_swap_page: swapin tgid 2031 pid 2031 name "droid.launcher3" vma 9d747000
 droid.launcher3-2031  [004] ....  7008.362629: do_swap_page: swapin tgid 2031 pid 2031 name "droid.launcher3" vma 9d874000
 droid.launcher3-2031  [004] ....  7008.362844: do_swap_page: swapin tgid 2031 pid 2031 name "droid.launcher3" vma 9d874000
 droid.launcher3-2031  [004] ....  7008.362855: do_swap_page: swapin tgid 2031 pid 2031 name "droid.launcher3" vma 130e0000
 droid.launcher3-2031  [004] ....  7008.362859: do_swap_page: swapin tgid 2031 pid 2031 name "droid.launcher3" vma 9d773000
           <...>-6201  [004] ....  7008.362902: do_swap_page: swapin tgid 6182 pid 6201 name "Binder:6182_3" vma c8ae7000
           <...>-6201  [004] ....  7008.362911: do_swap_page: swapin tgid 6182 pid 6201 name "Binder:6182_3" vma 12cc0000
           <...>-6201  [004] ....  7008.362915: do_swap_page: swapin tgid 6182 pid 6201 name "Binder:6182_3" vma 12cd1000
           <...>-6201  [004] ....  7008.362922: do_swap_page: swapin tgid 6182 pid 6201 name "Binder:6182_3" vma f7a4a000
           <...>-6201  [004] ....  7008.362928: do_swap_page: swapin tgid 6182 pid 6201 name "Binder:6182_3" vma ec028000
           <...>-6201  [004] ....  7008.362932: do_swap_page: swapin tgid 6182 pid 6201 name "Binder:6182_3" vma 12c40000
           <...>-6201  [004] ....  7008.362935: do_swap_page: swapin tgid 6182 pid 6201 name "Binder:6182_3" vma ef97b000
           <...>-6201  [004] ....  7008.362937: do_swap_page: swapin tgid 6182 pid 6201 name "Binder:6182_3" vma 12cc3000
           <...>-6201  [004] ....  7008.362942: do_swap_page: swapin tgid 6182 pid 6201 name "Binder:6182_3" vma f7a30000
           <...>-6201  [004] ....  7008.362945: do_swap_page: swapin tgid 6182 pid 6201 name "Binder:6182_3" vma f7a9e000
 droid.launcher3-2031  [004] ....  7008.363041: do_swap_page: swapin tgid 2031 pid 2031 name "droid.launcher3" vma 9d773000
 droid.launcher3-2031  [004] ....  7008.363049: do_swap_page: swapin tgid 2031 pid 2031 name "droid.launcher3" vma 9d799000
           <...>-2024  [004] ....  7008.363076: do_swap_page: swapin tgid 2002 pid 2024 name "Binder:2002_3" vma 136c1000
           <...>-2024  [004] ....  7008.363082: do_swap_page: swapin tgid 2002 pid 2024 name "Binder:2002_3" vma 136d1000
           <...>-2024  [004] ....  7008.363088: do_swap_page: swapin tgid 2002 pid 2024 name "Binder:2002_3" vma 7f35079000
           <...>-2024  [004] ....  7008.363091: do_swap_page: swapin tgid 2002 pid 2024 name "Binder:2002_3" vma 7175a000
           <...>-5661  [004] ....  7008.363117: do_swap_page: swapin tgid 5661 pid 5661 name "droid.bluetooth" vma 14019000
           <...>-2428  [004] ....  7008.363143: do_swap_page: swapin tgid 2408 pid 2428 name "Binder:2408_2" vma 7175a000
 droid.launcher3-2031  [004] ....  7008.363166: do_swap_page: swapin tgid 2031 pid 2031 name "droid.launcher3" vma 9d799000
 droid.launcher3-2031  [004] ....  7008.363171: do_swap_page: swapin tgid 2031 pid 2031 name "droid.launcher3" vma 9d889000
           <...>-2428  [004] ....  7008.363224: do_swap_page: swapin tgid 2408 pid 2428 name "Binder:2408_2" vma 7fbe1eb000
           <...>-1358  [004] ....  7008.363254: do_swap_page: swapin tgid 1333 pid 1358 name "android.display" vma 9d991000
 droid.launcher3-2031  [004] ....  7008.363307: do_swap_page: swapin tgid 2031 pid 2031 name "droid.launcher3" vma 9d889000
 droid.launcher3-2031  [004] ....  7008.363312: do_swap_page: swapin tgid 2031 pid 2031 name "droid.launcher3" vma 9d86e000
           <...>-2187  [004] ....  7008.363382: do_swap_page: swapin tgid 1717 pid 2187 name "ScreenDecoratio" vma 7ec058e000
           <...>-1854  [004] ....  7008.363418: do_swap_page: swapin tgid 1830 pid 1854 name "Binder:1830_2" vma 7175a000
           <...>-1854  [004] ....  7008.363434: do_swap_page: swapin tgid 1830 pid 1854 name "Binder:1830_2" vma 7f2d682000
           <...>-1942  [004] ....  7008.363460: do_swap_page: swapin tgid 1942 pid 1942 name "m.android.phone" vma 7fbb7ef000
 droid.launcher3-2031  [004] ....  7008.363486: do_swap_page: swapin tgid 2031 pid 2031 name "droid.launcher3" vma 9d86e000
 droid.launcher3-2031  [004] ....  7008.363500: do_swap_page: swapin tgid 2031 pid 2031 name "droid.launcher3" vma 9d7ca000
           <...>-1942  [004] ....  7008.363543: do_swap_page: swapin tgid 1942 pid 1942 name "m.android.phone" vma 7f2d68c000
           <...>-1942  [004] ....  7008.363551: do_swap_page: swapin tgid 1942 pid 1942 name "m.android.phone" vma 7f2d68b000
           <...>-1942  [004] ....  7008.363570: do_swap_page: swapin tgid 1942 pid 1942 name "m.android.phone" vma 71755000
           <...>-22925 [004] ....  7008.363612: do_swap_page: swapin tgid 22911 pid 22925 name "Binder:22911_1" vma 7fbe1e9000
           <...>-22925 [004] ....  7008.363639: do_swap_page: swapin tgid 22911 pid 22925 name "Binder:22911_1" vma 7f393f4000
 droid.launcher3-2031  [004] ....  7008.363654: do_swap_page: swapin tgid 2031 pid 2031 name "droid.launcher3" vma 9d7ca000
 droid.launcher3-2031  [004] ....  7008.363659: do_swap_page: swapin tgid 2031 pid 2031 name "droid.launcher3" vma 9d821000
           <...>-2024  [004] ....  7008.363683: do_swap_page: swapin tgid 2002 pid 2024 name "Binder:2002_3" vma 7175a000
 droid.launcher3-2031  [004] ....  7008.363806: do_swap_page: swapin tgid 2031 pid 2031 name "droid.launcher3" vma 9d821000
 droid.launcher3-2031  [004] ....  7008.363814: do_swap_page: swapin tgid 2031 pid 2031 name "droid.launcher3" vma 9d7f2000
 droid.launcher3-2031  [004] ....  7008.363954: do_swap_page: swapin tgid 2031 pid 2031 name "droid.launcher3" vma 9d7f2000
 droid.launcher3-2031  [004] ....  7008.363961: do_swap_page: swapin tgid 2031 pid 2031 name "droid.launcher3" vma 9d7eb000
 droid.launcher3-2031  [004] ....  7008.364080: do_swap_page: swapin tgid 2031 pid 2031 name "droid.launcher3" vma 9d7eb000
 droid.launcher3-2031  [004] ....  7008.364085: do_swap_page: swapin tgid 2031 pid 2031 name "droid.launcher3" vma 9d7ea000
    android.anim-1359  [004] ....  7008.364150: do_swap_page: swapin tgid 1333 pid 1359 name "android.anim" vma 7eb6da7000
    android.anim-1359  [004] ....  7008.364156: do_swap_page: swapin tgid 1333 pid 1359 name "android.anim" vma 7eb6ec7000
    android.anim-1359  [004] ....  7008.364168: do_swap_page: swapin tgid 1333 pid 1359 name "android.anim" vma 7eb6d95000
 droid.launcher3-2031  [004] ....  7008.364204: do_swap_page: swapin tgid 2031 pid 2031 name "droid.launcher3" vma 9d7ea000
 droid.launcher3-2031  [004] ....  7008.364209: do_swap_page: swapin tgid 2031 pid 2031 name "droid.launcher3" vma 9d841000
    android.anim-1359  [004] ....  7008.364245: do_swap_page: swapin tgid 1333 pid 1359 name "android.anim" vma 7eb744f000
    android.anim-1359  [004] ....  7008.364259: do_swap_page: swapin tgid 1333 pid 1359 name "android.anim" vma 7e868fb000
    android.anim-1359  [004] ....  7008.364268: do_swap_page: swapin tgid 1333 pid 1359 name "android.anim" vma 7f28ba0000
    android.anim-1359  [004] ....  7008.364280: do_swap_page: swapin tgid 1333 pid 1359 name "android.anim" vma 7fbe34f000
    android.anim-1359  [004] ....  7008.364283: do_swap_page: swapin tgid 1333 pid 1359 name "android.anim" vma 7fbe350000
    Binder:602_2-644   [004] ....  7008.364403: do_swap_page: swapin tgid 602 pid 644 name "Binder:602_2" vma 7fbe173000
    Binder:602_2-644   [004] ....  7008.364419: do_swap_page: swapin tgid 602 pid 644 name "Binder:602_2" vma 7fba666000
    Binder:602_2-644   [004] ....  7008.364435: do_swap_page: swapin tgid 602 pid 644 name "Binder:602_2" vma 7faa688000
    Binder:602_2-644   [004] ....  7008.364453: do_swap_page: swapin tgid 602 pid 644 name "Binder:602_2" vma 7faa514000
    Binder:602_2-644   [004] ....  7008.364473: do_swap_page: swapin tgid 602 pid 644 name "Binder:602_2" vma 7fb7695000
    Binder:602_2-644   [004] ....  7008.364477: do_swap_page: swapin tgid 602 pid 644 name "Binder:602_2" vma 7fba64c000
    Binder:602_2-644   [004] ....  7008.364486: do_swap_page: swapin tgid 602 pid 644 name "Binder:602_2" vma 7fba632000
 droid.launcher3-2031  [004] ....  7008.364570: do_swap_page: swapin tgid 2031 pid 2031 name "droid.launcher3" vma 9d841000
 droid.launcher3-2031  [004] ....  7008.364577: do_swap_page: swapin tgid 2031 pid 2031 name "droid.launcher3" vma 9d77a000
           <...>-1942  [004] ....  7008.364603: do_swap_page: swapin tgid 1942 pid 1942 name "m.android.phone" vma 71755000
           <...>-1942  [004] ....  7008.364609: do_swap_page: swapin tgid 1942 pid 1942 name "m.android.phone" vma 7181d000
           <...>-1942  [004] ....  7008.364617: do_swap_page: swapin tgid 1942 pid 1942 name "m.android.phone" vma 71758000
 droid.launcher3-2031  [004] ....  7008.364714: do_swap_page: swapin tgid 2031 pid 2031 name "droid.launcher3" vma 9d77a000
 droid.launcher3-2031  [004] ....  7008.364719: do_swap_page: swapin tgid 2031 pid 2031 name "droid.launcher3" vma 9d85f000
           <...>-2187  [004] ....  7008.364809: do_swap_page: swapin tgid 1717 pid 2187 name "ScreenDecoratio" vma 7ec058e000
           <...>-2187  [004] ....  7008.364815: do_swap_page: swapin tgid 1717 pid 2187 name "ScreenDecoratio" vma 7ec058f000
           <...>-2187  [004] ....  7008.364832: do_swap_page: swapin tgid 1717 pid 2187 name "ScreenDecoratio" vma 7ec0590000
           <...>-2187  [004] ....  7008.364867: do_swap_page: swapin tgid 1717 pid 2187 name "ScreenDecoratio" vma 9d773000
   Binder:5737_7-6048  [004] ....  7008.364896: do_swap_page: swapin tgid 5737 pid 6048 name "Binder:5737_7" vma 7fbe20a000
   Binder:5737_7-6048  [004] ....  7008.364906: do_swap_page: swapin tgid 5737 pid 6048 name "Binder:5737_7" vma 7eb384c000
   Binder:5737_7-6048  [004] ....  7008.364908: do_swap_page: swapin tgid 5737 pid 6048 name "Binder:5737_7" vma 7eb384d000
   Binder:5737_7-6048  [004] ....  7008.364930: do_swap_page: swapin tgid 5737 pid 6048 name "Binder:5737_7" vma 7f2d67b000
   Binder:5737_7-6048  [004] ....  7008.364935: do_swap_page: swapin tgid 5737 pid 6048 name "Binder:5737_7" vma 7f2d7f8000
   Binder:5737_7-6048  [004] ....  7008.364938: do_swap_page: swapin tgid 5737 pid 6048 name "Binder:5737_7" vma 7f2d16c000
           <...>-1942  [004] ....  7008.364954: do_swap_page: swapin tgid 1942 pid 1942 name "m.android.phone" vma 71758000
           <...>-1942  [004] ....  7008.364980: do_swap_page: swapin tgid 1942 pid 1942 name "m.android.phone" vma 717e0000
           <...>-28288 [004] ....  7008.365023: do_swap_page: swapin tgid 20632 pid 28288 name "Binder:20632_6" vma 7fbe1e7000
           <...>-28288 [004] ....  7008.365031: do_swap_page: swapin tgid 20632 pid 28288 name "Binder:20632_6" vma 7fbe20a000
 droid.launcher3-2031  [004] ....  7008.365044: do_swap_page: swapin tgid 2031 pid 2031 name "droid.launcher3" vma 9d85f000
 droid.launcher3-2031  [004] ....  7008.365069: do_swap_page: swapin tgid 2031 pid 2031 name "droid.launcher3" vma 9d77f000
 droid.launcher3-2031  [004] ....  7008.365226: do_swap_page: swapin tgid 2031 pid 2031 name "droid.launcher3" vma 9d77f000
 droid.launcher3-2031  [004] ....  7008.365231: do_swap_page: swapin tgid 2031 pid 2031 name "droid.launcher3" vma 9d849000
 droid.launcher3-2031  [004] ....  7008.365236: do_swap_page: swapin tgid 2031 pid 2031 name "droid.launcher3" vma 9d842000
 droid.launcher3-2031  [004] ....  7008.365240: do_swap_page: swapin tgid 2031 pid 2031 name "droid.launcher3" vma 9d765000
 droid.launcher3-2031  [004] ....  7008.365351: do_swap_page: swapin tgid 2031 pid 2031 name "droid.launcher3" vma 9d765000
 droid.launcher3-2031  [004] ....  7008.365357: do_swap_page: swapin tgid 2031 pid 2031 name "droid.launcher3" vma 9d856000
 droid.launcher3-2031  [004] ....  7008.365500: do_swap_page: swapin tgid 2031 pid 2031 name "droid.launcher3" vma 9d856000
 droid.launcher3-2031  [004] ....  7008.365514: do_swap_page: swapin tgid 2031 pid 2031 name "droid.launcher3" vma 7fbe2f6000
 droid.launcher3-2031  [004] ....  7008.365528: do_swap_page: swapin tgid 2031 pid 2031 name "droid.launcher3" vma 7f2898a000
 droid.launcher3-2031  [004] ....  7008.365533: do_swap_page: swapin tgid 2031 pid 2031 name "droid.launcher3" vma 7ed0c67000
 droid.launcher3-2031  [004] ....  7008.365536: do_swap_page: swapin tgid 2031 pid 2031 name "droid.launcher3" vma 7f289cd000
 droid.launcher3-2031  [004] ....  7008.365765: do_swap_page: swapin tgid 2031 pid 2031 name "droid.launcher3" vma 7f289cd000
 droid.launcher3-2031  [004] ....  7008.365772: do_swap_page: swapin tgid 2031 pid 2031 name "droid.launcher3" vma 7f28b35000
           <...>-1358  [004] ....  7008.365807: do_swap_page: swapin tgid 1333 pid 1358 name "android.display" vma 138a9000
           <...>-1358  [004] ....  7008.365815: do_swap_page: swapin tgid 1333 pid 1358 name "android.display" vma 13b92000
           <...>-1358  [004] ....  7008.365821: do_swap_page: swapin tgid 1333 pid 1358 name "android.display" vma 7fbc876000
   Binder:5737_7-6048  [004] ....  7008.366053: do_swap_page: swapin tgid 5737 pid 6048 name "Binder:5737_7" vma 7f2d16c000
   Binder:5737_7-6048  [004] ....  7008.366060: do_swap_page: swapin tgid 5737 pid 6048 name "Binder:5737_7" vma 7f39800000
 droid.launcher3-2031  [004] ....  7008.366078: do_swap_page: swapin tgid 2031 pid 2031 name "droid.launcher3" vma 7f28b35000
 droid.launcher3-2031  [004] ....  7008.366084: do_swap_page: swapin tgid 2031 pid 2031 name "droid.launcher3" vma 7ed0cf8000
           <...>-1942  [004] ....  7008.366114: do_swap_page: swapin tgid 1942 pid 1942 name "m.android.phone" vma 717e0000
           <...>-1942  [004] ....  7008.366151: do_swap_page: swapin tgid 1942 pid 1942 name "m.android.phone" vma 707c8000
           <...>-1358  [004] ....  7008.366177: do_swap_page: swapin tgid 1333 pid 1358 name "android.display" vma 7fbc876000
           <...>-1358  [004] ....  7008.366189: do_swap_page: swapin tgid 1333 pid 1358 name "android.display" vma 7eb75bb000
           <...>-1358  [004] ....  7008.366202: do_swap_page: swapin tgid 1333 pid 1358 name "android.display" vma 7e86810000
           <...>-1358  [004] ....  7008.366227: do_swap_page: swapin tgid 1333 pid 1358 name "android.display" vma 7e6d033000
           <...>-6201  [004] ....  7008.366367: do_swap_page: swapin tgid 6182 pid 6201 name "Binder:6182_3" vma f7a9e000
           <...>-6201  [004] ....  7008.366377: do_swap_page: swapin tgid 6182 pid 6201 name "Binder:6182_3" vma e2118000
           <...>-6201  [004] ....  7008.366381: do_swap_page: swapin tgid 6182 pid 6201 name "Binder:6182_3" vma f0e25000
           <...>-6201  [004] ....  7008.366386: do_swap_page: swapin tgid 6182 pid 6201 name "Binder:6182_3" vma f7aa0000
           <...>-6201  [004] ....  7008.366392: do_swap_page: swapin tgid 6182 pid 6201 name "Binder:6182_3" vma f0e00000
           <...>-6201  [004] ....  7008.366401: do_swap_page: swapin tgid 6182 pid 6201 name "Binder:6182_3" vma 12cc1000
           <...>-6201  [004] ....  7008.366403: do_swap_page: swapin tgid 6182 pid 6201 name "Binder:6182_3" vma 12cd0000
           <...>-6201  [004] ....  7008.366408: do_swap_page: swapin tgid 6182 pid 6201 name "Binder:6182_3" vma efaed000
           <...>-6201  [004] ....  7008.366415: do_swap_page: swapin tgid 6182 pid 6201 name "Binder:6182_3" vma 70e7d000
   Binder:2031_2-2060  [004] ....  7008.366469: do_swap_page: swapin tgid 2031 pid 2060 name "Binder:2031_2" vma 7f289bd000
   Binder:2031_2-2060  [004] ....  7008.366475: do_swap_page: swapin tgid 2031 pid 2060 name "Binder:2031_2" vma 7fbe176000
   Binder:2031_2-2060  [004] ....  7008.366496: do_swap_page: swapin tgid 2031 pid 2060 name "Binder:2031_2" vma 7f2d679000
   Binder:1717_2-1740  [004] ....  7008.366548: do_swap_page: swapin tgid 1717 pid 1740 name "Binder:1717_2" vma 7fbe35b000
 droid.launcher3-2031  [004] ....  7008.366612: do_swap_page: swapin tgid 2031 pid 2031 name "droid.launcher3" vma 7ed0cf8000
 droid.launcher3-2031  [004] ....  7008.366639: do_swap_page: swapin tgid 2031 pid 2031 name "droid.launcher3" vma 9d7d7000
 ndroid.systemui-1717  [004] ....  7008.366689: do_swap_page: swapin tgid 1717 pid 1717 name "ndroid.systemui" vma 7ec013d000
 ndroid.systemui-1717  [004] ....  7008.366695: do_swap_page: swapin tgid 1717 pid 1717 name "ndroid.systemui" vma 7ec013e000
 ndroid.systemui-1717  [004] ....  7008.366714: do_swap_page: swapin tgid 1717 pid 1717 name "ndroid.systemui" vma 7eb3fe0000
 droid.launcher3-2031  [004] .n..  7008.366773: do_swap_page: swapin tgid 2031 pid 2031 name "droid.launcher3" vma 9d7d7000
 ndroid.systemui-1717  [004] ....  7008.366851: do_swap_page: swapin tgid 1717 pid 1717 name "ndroid.systemui" vma 9da69000
 droid.launcher3-2031  [004] ....  7008.366903: do_swap_page: swapin tgid 2031 pid 2031 name "droid.launcher3" vma 9d7e4000
           <...>-2187  [004] ....  7008.366928: do_swap_page: swapin tgid 1717 pid 2187 name "ScreenDecoratio" vma 9d773000
           <...>-2187  [004] ....  7008.366950: do_swap_page: swapin tgid 1717 pid 2187 name "ScreenDecoratio" vma 9d774000
           <...>-2187  [004] ....  7008.366956: do_swap_page: swapin tgid 1717 pid 2187 name "ScreenDecoratio" vma 9d7c4000
           <...>-2187  [004] ....  7008.366968: do_swap_page: swapin tgid 1717 pid 2187 name "ScreenDecoratio" vma 13dad000
           <...>-2187  [004] ....  7008.366973: do_swap_page: swapin tgid 1717 pid 2187 name "ScreenDecoratio" vma 7ec03ff000
 droid.launcher3-2031  [004] ....  7008.367046: do_swap_page: swapin tgid 2031 pid 2031 name "droid.launcher3" vma 9d7e4000
 droid.launcher3-2031  [004] ....  7008.367052: do_swap_page: swapin tgid 2031 pid 2031 name "droid.launcher3" vma 9d83b000
 .android.chrome-6123  [004] ....  7008.367194: do_swap_page: swapin tgid 6123 pid 6123 name ".android.chrome" vma f6585000
 .android.chrome-6123  [004] ....  7008.367205: do_swap_page: swapin tgid 6123 pid 6123 name ".android.chrome" vma 12d01000
 .android.chrome-6123  [004] ....  7008.367222: do_swap_page: swapin tgid 6123 pid 6123 name ".android.chrome" vma 131c3000
 .android.chrome-6123  [004] ....  7008.367225: do_swap_page: swapin tgid 6123 pid 6123 name ".android.chrome" vma ebba8000
 .android.chrome-6123  [004] ....  7008.367237: do_swap_page: swapin tgid 6123 pid 6123 name ".android.chrome" vma 3a651000
 .android.chrome-6123  [004] ....  7008.367244: do_swap_page: swapin tgid 6123 pid 6123 name ".android.chrome" vma 3a710000
 .android.chrome-6123  [004] ....  7008.367252: do_swap_page: swapin tgid 6123 pid 6123 name ".android.chrome" vma 3ac4e000
 .android.chrome-6123  [004] ....  7008.367263: do_swap_page: swapin tgid 6123 pid 6123 name ".android.chrome" vma 3a712000
 .android.chrome-6123  [004] ....  7008.367270: do_swap_page: swapin tgid 6123 pid 6123 name ".android.chrome" vma 133b1000
 .android.chrome-6123  [004] ....  7008.367278: do_swap_page: swapin tgid 6123 pid 6123 name ".android.chrome" vma 131c5000
 .android.chrome-6123  [004] ....  7008.367280: do_swap_page: swapin tgid 6123 pid 6123 name ".android.chrome" vma 133d0000
 .android.chrome-6123  [004] ....  7008.367284: do_swap_page: swapin tgid 6123 pid 6123 name ".android.chrome" vma 13379000
 .android.chrome-6123  [004] ....  7008.367287: do_swap_page: swapin tgid 6123 pid 6123 name ".android.chrome" vma 1321b000
 .android.chrome-6123  [004] ....  7008.367289: do_swap_page: swapin tgid 6123 pid 6123 name ".android.chrome" vma 133ae000
 .android.chrome-6123  [004] ....  7008.367291: do_swap_page: swapin tgid 6123 pid 6123 name ".android.chrome" vma 133ce000
 .android.chrome-6123  [004] ....  7008.367296: do_swap_page: swapin tgid 6123 pid 6123 name ".android.chrome" vma 133cd000
 .android.chrome-6123  [004] ....  7008.367299: do_swap_page: swapin tgid 6123 pid 6123 name ".android.chrome" vma f6583000
 .android.chrome-6123  [004] ....  7008.367302: do_swap_page: swapin tgid 6123 pid 6123 name ".android.chrome" vma ebbb0000
 .android.chrome-6123  [004] ....  7008.367307: do_swap_page: swapin tgid 6123 pid 6123 name ".android.chrome" vma eb4b6000
 .android.chrome-6123  [004] ....  7008.367310: do_swap_page: swapin tgid 6123 pid 6123 name ".android.chrome" vma dfd01000
 .android.chrome-6123  [004] ....  7008.367321: do_swap_page: swapin tgid 6123 pid 6123 name ".android.chrome" vma 13245000
 .android.chrome-6123  [004] ....  7008.367324: do_swap_page: swapin tgid 6123 pid 6123 name ".android.chrome" vma 1321d000
 .android.chrome-6123  [004] ....  7008.367327: do_swap_page: swapin tgid 6123 pid 6123 name ".android.chrome" vma f64b7000
 .android.chrome-6123  [004] ....  7008.367329: do_swap_page: swapin tgid 6123 pid 6123 name ".android.chrome" vma 13231000
 .android.chrome-6123  [004] ....  7008.367341: do_swap_page: swapin tgid 6123 pid 6123 name ".android.chrome" vma f656e000
 .android.chrome-6123  [004] ....  7008.367343: do_swap_page: swapin tgid 6123 pid 6123 name ".android.chrome" vma 1321e000
 .android.chrome-6123  [004] ....  7008.367345: do_swap_page: swapin tgid 6123 pid 6123 name ".android.chrome" vma 1323f000
 .android.chrome-6123  [004] ....  7008.367347: do_swap_page: swapin tgid 6123 pid 6123 name ".android.chrome" vma 1322b000
 .android.chrome-6123  [004] ....  7008.367349: do_swap_page: swapin tgid 6123 pid 6123 name ".android.chrome" vma 13226000
 .android.chrome-6123  [004] ....  7008.367358: do_swap_page: swapin tgid 6123 pid 6123 name ".android.chrome" vma 1337a000
 .android.chrome-6123  [004] ....  7008.367361: do_swap_page: swapin tgid 6123 pid 6123 name ".android.chrome" vma 1329b000
 .android.chrome-6123  [004] ....  7008.367365: do_swap_page: swapin tgid 6123 pid 6123 name ".android.chrome" vma 1329c000
 .android.chrome-6123  [004] ....  7008.367368: do_swap_page: swapin tgid 6123 pid 6123 name ".android.chrome" vma f64b1000
 .android.chrome-6123  [004] ....  7008.367374: do_swap_page: swapin tgid 6123 pid 6123 name ".android.chrome" vma f64b0000
 .android.chrome-6123  [004] ....  7008.367388: do_swap_page: swapin tgid 6123 pid 6123 name ".android.chrome" vma f64ad000
 .android.chrome-6123  [004] ....  7008.367390: do_swap_page: swapin tgid 6123 pid 6123 name ".android.chrome" vma f64b5000
 .android.chrome-6123  [004] ....  7008.367391: do_swap_page: swapin tgid 6123 pid 6123 name ".android.chrome" vma 13246000
 .android.chrome-6123  [004] ....  7008.367392: do_swap_page: swapin tgid 6123 pid 6123 name ".android.chrome" vma 13250000
 .android.chrome-6123  [004] ....  7008.367398: do_swap_page: swapin tgid 6123 pid 6123 name ".android.chrome" vma e563c000
 .android.chrome-6123  [004] ....  7008.367401: do_swap_page: swapin tgid 6123 pid 6123 name ".android.chrome" vma dd6e6000
 .android.chrome-6123  [004] ....  7008.367432: do_swap_page: swapin tgid 6123 pid 6123 name ".android.chrome" vma 13363000
 .android.chrome-6123  [004] ....  7008.367438: do_swap_page: swapin tgid 6123 pid 6123 name ".android.chrome" vma 13361000
 .android.chrome-6123  [004] ....  7008.367439: do_swap_page: swapin tgid 6123 pid 6123 name ".android.chrome" vma 1324a000
 droid.launcher3-2031  [004] ....  7008.367474: do_swap_page: swapin tgid 2031 pid 2031 name "droid.launcher3" vma 9d83b000
 droid.launcher3-2031  [004] ....  7008.367479: do_swap_page: swapin tgid 2031 pid 2031 name "droid.launcher3" vma 9d7ed000
           <...>-1942  [004] ....  7008.367506: do_swap_page: swapin tgid 1942 pid 1942 name "m.android.phone" vma 707c8000
           <...>-1942  [004] .n..  7008.367574: do_swap_page: swapin tgid 1942 pid 1942 name "m.android.phone" vma 7175c000
 droid.launcher3-2031  [004] ....  7008.367603: do_swap_page: swapin tgid 2031 pid 2031 name "droid.launcher3" vma 9d7ed000
 droid.launcher3-2031  [004] ....  7008.367624: do_swap_page: swapin tgid 2031 pid 2031 name "droid.launcher3" vma 9d7b3000
  Binder:1333_15-6108  [004] ....  7008.367751: do_swap_page: swapin tgid 1333 pid 6108 name "Binder:1333_15" vma 9d9e5000
 droid.launcher3-2031  [004] ....  7008.367802: do_swap_page: swapin tgid 2031 pid 2031 name "droid.launcher3" vma 9d7b3000
 droid.launcher3-2031  [004] ....  7008.367813: do_swap_page: swapin tgid 2031 pid 2031 name "droid.launcher3" vma 9d78d000
 droid.launcher3-2031  [004] ....  7008.367831: do_swap_page: swapin tgid 2031 pid 2031 name "droid.launcher3" vma 7fbe260000
 droid.launcher3-2031  [004] ....  7008.367837: do_swap_page: swapin tgid 2031 pid 2031 name "droid.launcher3" vma 7fbe1a4000
 droid.launcher3-2031  [004] ....  7008.367862: do_swap_page: swapin tgid 2031 pid 2031 name "droid.launcher3" vma 9d73d000
  Binder:1333_15-6108  [004] ....  7008.367963: do_swap_page: swapin tgid 1333 pid 6108 name "Binder:1333_15" vma 9d9e5000
  Binder:1333_15-6108  [004] ....  7008.368054: do_swap_page: swapin tgid 1333 pid 6108 name "Binder:1333_15" vma 7ed0d2f000
           <...>-22925 [004] ....  7008.368101: do_swap_page: swapin tgid 22911 pid 22925 name "Binder:22911_1" vma 7f393f4000
           <...>-22925 [004] ....  7008.368110: do_swap_page: swapin tgid 22911 pid 22925 name "Binder:22911_1" vma 7fbe165000
  Binder:1333_15-6108  [004] ....  7008.368132: do_swap_page: swapin tgid 1333 pid 6108 name "Binder:1333_15" vma 7f20f81000
 droid.launcher3-2031  [004] ....  7008.368165: do_swap_page: swapin tgid 2031 pid 2031 name "droid.launcher3" vma 9d73d000
 droid.launcher3-2031  [004] ....  7008.368171: do_swap_page: swapin tgid 2031 pid 2031 name "droid.launcher3" vma 13c21000
 .android.chrome-6123  [004] ....  7008.368225: do_swap_page: swapin tgid 6123 pid 6123 name ".android.chrome" vma 13343000
 .android.chrome-6123  [004] ....  7008.368229: do_swap_page: swapin tgid 6123 pid 6123 name ".android.chrome" vma 1322a000
 .android.chrome-6123  [004] ....  7008.368232: do_swap_page: swapin tgid 6123 pid 6123 name ".android.chrome" vma dd721000
 .android.chrome-6123  [004] ....  7008.368236: do_swap_page: swapin tgid 6123 pid 6123 name ".android.chrome" vma 132a2000
           <...>-22925 [004] .n..  7008.368315: do_swap_page: swapin tgid 22911 pid 22925 name "Binder:22911_1" vma 7fbe165000
           <...>-22925 [004] ....  7008.368325: do_swap_page: swapin tgid 22911 pid 22925 name "Binder:22911_1" vma 7f2d637000
           <...>-22925 [004] ....  7008.368330: do_swap_page: swapin tgid 22911 pid 22925 name "Binder:22911_1" vma 7fbd222000
  Binder:1333_15-6108  [004] ....  7008.368345: do_swap_page: swapin tgid 1333 pid 6108 name "Binder:1333_15" vma 7f20f81000
  Binder:1333_15-6108  [004] ....  7008.368370: do_swap_page: swapin tgid 1333 pid 6108 name "Binder:1333_15" vma 9d98c000
 droid.launcher3-2031  [004] ....  7008.368402: do_swap_page: swapin tgid 2031 pid 2031 name "droid.launcher3" vma 13c21000
 droid.launcher3-2031  [004] ....  7008.368407: do_swap_page: swapin tgid 2031 pid 2031 name "droid.launcher3" vma 9d7e9000
 ndroid.systemui-1717  [004] ....  7008.368433: do_swap_page: swapin tgid 1717 pid 1717 name "ndroid.systemui" vma 9da69000
 ndroid.systemui-1717  [004] ....  7008.368472: do_swap_page: swapin tgid 1717 pid 1717 name "ndroid.systemui" vma 12fe0000
 ndroid.systemui-1717  [004] ....  7008.368483: do_swap_page: swapin tgid 1717 pid 1717 name "ndroid.systemui" vma 7fbe235000
 droid.launcher3-2031  [004] ....  7008.368551: do_swap_page: swapin tgid 2031 pid 2031 name "droid.launcher3" vma 9d7e9000
 droid.launcher3-2031  [004] ....  7008.368556: do_swap_page: swapin tgid 2031 pid 2031 name "droid.launcher3" vma 9d83f000
  Binder:1333_15-6108  [004] ....  7008.368623: do_swap_page: swapin tgid 1333 pid 6108 name "Binder:1333_15" vma 9d98c000
  Binder:1333_15-6108  [004] ....  7008.368667: do_swap_page: swapin tgid 1333 pid 6108 name "Binder:1333_15" vma 13c01000
  Binder:1333_15-6108  [004] ....  7008.368682: do_swap_page: swapin tgid 1333 pid 6108 name "Binder:1333_15" vma 9da6e000
 droid.launcher3-2031  [004] ....  7008.368739: do_swap_page: swapin tgid 2031 pid 2031 name "droid.launcher3" vma 9d83f000
 droid.launcher3-2031  [004] ....  7008.368746: do_swap_page: swapin tgid 2031 pid 2031 name "droid.launcher3" vma 13c1b000
 ndroid.systemui-1717  [004] ....  7008.368784: do_swap_page: swapin tgid 1717 pid 1717 name "ndroid.systemui" vma 13cc8000
 ndroid.systemui-1717  [004] ....  7008.368821: do_swap_page: swapin tgid 1717 pid 1717 name "ndroid.systemui" vma 13e4a000
 ndroid.systemui-1717  [004] ....  7008.368825: do_swap_page: swapin tgid 1717 pid 1717 name "ndroid.systemui" vma 9d88e000
 ndroid.systemui-1717  [004] ....  7008.368828: do_swap_page: swapin tgid 1717 pid 1717 name "ndroid.systemui" vma 9d9ff000
           <...>-22925 [004] ....  7008.368853: do_swap_page: swapin tgid 22911 pid 22925 name "Binder:22911_1" vma 7fbd222000
           <...>-22925 [004] ....  7008.368860: do_swap_page: swapin tgid 22911 pid 22925 name "Binder:22911_1" vma 7fbbdfa000
  Binder:1333_15-6108  [004] ....  7008.368912: do_swap_page: swapin tgid 1333 pid 6108 name "Binder:1333_15" vma 9da6e000
  Binder:1333_15-6108  [004] ....  7008.368916: do_swap_page: swapin tgid 1333 pid 6108 name "Binder:1333_15" vma 9d919000
 droid.launcher3-2031  [004] ....  7008.368958: do_swap_page: swapin tgid 2031 pid 2031 name "droid.launcher3" vma 13c1b000
 droid.launcher3-2031  [004] ....  7008.368965: do_swap_page: swapin tgid 2031 pid 2031 name "droid.launcher3" vma 9d87e000
 ndroid.systemui-1717  [004] ....  7008.369013: do_swap_page: swapin tgid 1717 pid 1717 name "ndroid.systemui" vma 9d9ff000
 ndroid.systemui-1717  [004] ....  7008.369018: do_swap_page: swapin tgid 1717 pid 1717 name "ndroid.systemui" vma 9d939000
  Binder:1333_15-6108  [004] ....  7008.369062: do_swap_page: swapin tgid 1333 pid 6108 name "Binder:1333_15" vma 9d919000
  Binder:1333_15-6108  [004] ....  7008.369303: do_swap_page: swapin tgid 1333 pid 6108 name "Binder:1333_15" vma 7e6d281000
  Binder:1333_15-6108  [004] ....  7008.369333: do_swap_page: swapin tgid 1333 pid 6108 name "Binder:1333_15" vma 7e6d320000
  Binder:1333_15-6108  [004] ....  7008.369363: do_swap_page: swapin tgid 1333 pid 6108 name "Binder:1333_15" vma 7e6d29c000
  Binder:1333_15-6108  [004] ....  7008.369369: do_swap_page: swapin tgid 1333 pid 6108 name "Binder:1333_15" vma 7e6d29d000
  Binder:1333_15-6108  [004] ....  7008.369394: do_swap_page: swapin tgid 1333 pid 6108 name "Binder:1333_15" vma 7e6d13b000
  Binder:1333_15-6108  [004] ....  7008.369410: do_swap_page: swapin tgid 1333 pid 6108 name "Binder:1333_15" vma 7eb6fb6000
  Binder:1333_15-6108  [004] ....  7008.369417: do_swap_page: swapin tgid 1333 pid 6108 name "Binder:1333_15" vma 7eb6fb7000
   Binder:1717_8-5653  [004] ....  7008.369472: do_swap_page: swapin tgid 1717 pid 5653 name "Binder:1717_8" vma 7eb3758000
   Binder:1717_8-5653  [004] ....  7008.369481: do_swap_page: swapin tgid 1717 pid 5653 name "Binder:1717_8" vma 7f29428000
   Binder:1717_8-5653  [004] ....  7008.369485: do_swap_page: swapin tgid 1717 pid 5653 name "Binder:1717_8" vma 7f29429000
           <...>-22925 [004] ....  7008.369516: do_swap_page: swapin tgid 22911 pid 22925 name "Binder:22911_1" vma 7fbbdfa000
           <...>-22925 [004] ....  7008.369521: do_swap_page: swapin tgid 22911 pid 22925 name "Binder:22911_1" vma 7f2d61c000
           <...>-22925 [004] ....  7008.369526: do_swap_page: swapin tgid 22911 pid 22925 name "Binder:22911_1" vma 7f393f2000
           <...>-22925 [004] ....  7008.369531: do_swap_page: swapin tgid 22911 pid 22925 name "Binder:22911_1" vma 7f318f3000
 droid.launcher3-2031  [004] ....  7008.369672: do_swap_page: swapin tgid 2031 pid 2031 name "droid.launcher3" vma 9d87e000
 droid.launcher3-2031  [004] ....  7008.369677: do_swap_page: swapin tgid 2031 pid 2031 name "droid.launcher3" vma 9d895000
   Binder:1717_8-5653  [004] ....  7008.369723: do_swap_page: swapin tgid 1717 pid 5653 name "Binder:1717_8" vma 7f29429000
   Binder:1717_8-5653  [004] ....  7008.369730: do_swap_page: swapin tgid 1717 pid 5653 name "Binder:1717_8" vma 7f2d722000
   Binder:1717_8-5653  [004] ....  7008.369739: do_swap_page: swapin tgid 1717 pid 5653 name "Binder:1717_8" vma 7eb3742000
   Binder:1717_8-5653  [004] ....  7008.369742: do_swap_page: swapin tgid 1717 pid 5653 name "Binder:1717_8" vma 7f2d735000
   Binder:1717_8-5653  [004] ....  7008.369745: do_swap_page: swapin tgid 1717 pid 5653 name "Binder:1717_8" vma 7f2d611000
   Binder:1717_8-5653  [004] ....  7008.369747: do_swap_page: swapin tgid 1717 pid 5653 name "Binder:1717_8" vma 7f2d619000
   Binder:1717_8-5653  [004] ....  7008.369751: do_swap_page: swapin tgid 1717 pid 5653 name "Binder:1717_8" vma 7f2d612000
   Binder:1717_8-5653  [004] ....  7008.369755: do_swap_page: swapin tgid 1717 pid 5653 name "Binder:1717_8" vma 7f29426000
  Binder:1333_15-6108  [004] ....  7008.369865: do_swap_page: swapin tgid 1333 pid 6108 name "Binder:1333_15" vma 9daaf000
 droid.launcher3-2031  [004] ....  7008.369891: do_swap_page: swapin tgid 2031 pid 2031 name "droid.launcher3" vma 9d895000
 droid.launcher3-2031  [004] ....  7008.369896: do_swap_page: swapin tgid 2031 pid 2031 name "droid.launcher3" vma 9d88e000
   Binder:1717_8-5653  [004] ....  7008.369941: do_swap_page: swapin tgid 1717 pid 5653 name "Binder:1717_8" vma 7f29426000
   Binder:1717_8-5653  [004] ....  7008.369955: do_swap_page: swapin tgid 1717 pid 5653 name "Binder:1717_8" vma 7fbcb42000
   Binder:1717_8-5653  [004] ....  7008.369959: do_swap_page: swapin tgid 1717 pid 5653 name "Binder:1717_8" vma 7f29427000
   Binder:1717_8-5653  [004] ....  7008.369962: do_swap_page: swapin tgid 1717 pid 5653 name "Binder:1717_8" vma 12e00000
   Binder:1717_8-5653  [004] ....  7008.369972: do_swap_page: swapin tgid 1717 pid 5653 name "Binder:1717_8" vma 7eb3d35000
   Binder:1717_8-5653  [004] ....  7008.369974: do_swap_page: swapin tgid 1717 pid 5653 name "Binder:1717_8" vma 7eb3d36000
   Binder:1717_8-5653  [004] ....  7008.369977: do_swap_page: swapin tgid 1717 pid 5653 name "Binder:1717_8" vma 7eb37c5000
  Binder:1333_15-6108  [004] ....  7008.370026: do_swap_page: swapin tgid 1333 pid 6108 name "Binder:1333_15" vma 9daaf000
  Binder:1333_15-6108  [004] ....  7008.370061: do_swap_page: swapin tgid 1333 pid 6108 name "Binder:1333_15" vma 9da54000
           <...>-22925 [004] ....  7008.370083: do_swap_page: swapin tgid 22911 pid 22925 name "Binder:22911_1" vma 7f318f3000
           <...>-22925 [004] ....  7008.370090: do_swap_page: swapin tgid 22911 pid 22925 name "Binder:22911_1" vma 12c47000
 droid.launcher3-2031  [004] ....  7008.370106: do_swap_page: swapin tgid 2031 pid 2031 name "droid.launcher3" vma 9d88e000
 droid.launcher3-2031  [004] ....  7008.370114: do_swap_page: swapin tgid 2031 pid 2031 name "droid.launcher3" vma 9d894000
  Binder:1333_15-6108  [004] ....  7008.370198: do_swap_page: swapin tgid 1333 pid 6108 name "Binder:1333_15" vma 9da54000
  Binder:1333_15-6108  [004] ....  7008.370248: do_swap_page: swapin tgid 1333 pid 6108 name "Binder:1333_15" vma 718b9000
  Binder:1333_15-6108  [004] ....  7008.370260: do_swap_page: swapin tgid 1333 pid 6108 name "Binder:1333_15" vma 718b3000
 droid.launcher3-2031  [004] ....  7008.370312: do_swap_page: swapin tgid 2031 pid 2031 name "droid.launcher3" vma 9d894000
 droid.launcher3-2031  [004] ....  7008.370318: do_swap_page: swapin tgid 2031 pid 2031 name "droid.launcher3" vma 9d88c000
 droid.launcher3-2031  [004] ....  7008.370441: do_swap_page: swapin tgid 2031 pid 2031 name "droid.launcher3" vma 9d88c000
 droid.launcher3-2031  [004] ....  7008.370502: do_swap_page: swapin tgid 2031 pid 2031 name "droid.launcher3" vma 7ed0e5d000
    RenderThread-2480  [004] ....  7008.370522: do_swap_page: swapin tgid 2031 pid 2480 name "RenderThread" vma 7ec6aaa000
 droid.launcher3-2031  [004] ....  7008.370537: do_swap_page: swapin tgid 2031 pid 2031 name "droid.launcher3" vma 9d7c8000
 droid.launcher3-2031  [004] ....  7008.370656: do_swap_page: swapin tgid 2031 pid 2031 name "droid.launcher3" vma 9d7c8000
 droid.launcher3-2031  [004] ....  7008.370661: do_swap_page: swapin tgid 2031 pid 2031 name "droid.launcher3" vma 9d873000
           <...>-2187  [004] ....  7008.370798: do_swap_page: swapin tgid 1717 pid 2187 name "ScreenDecoratio" vma 71849000
 droid.launcher3-2031  [004] ....  7008.370833: do_swap_page: swapin tgid 2031 pid 2031 name "droid.launcher3" vma 9d873000
 droid.launcher3-2031  [004] ....  7008.370839: do_swap_page: swapin tgid 2031 pid 2031 name "droid.launcher3" vma 9d81f000
    android.anim-1359  [004] ....  7008.370931: do_swap_page: swapin tgid 1333 pid 1359 name "android.anim" vma 7e8685a000
 droid.launcher3-2031  [004] ....  7008.370978: do_swap_page: swapin tgid 2031 pid 2031 name "droid.launcher3" vma 9d81f000
 droid.launcher3-2031  [004] ....  7008.371009: do_swap_page: swapin tgid 2031 pid 2031 name "droid.launcher3" vma 9d837000
    android.anim-1359  [004] ....  7008.371061: do_swap_page: swapin tgid 1333 pid 1359 name "android.anim" vma 7ed0d32000
 droid.launcher3-2031  [004] ....  7008.371145: do_swap_page: swapin tgid 2031 pid 2031 name "droid.launcher3" vma 9d837000
 droid.launcher3-2031  [004] ....  7008.371155: do_swap_page: swapin tgid 2031 pid 2031 name "droid.launcher3" vma 9d75e000
 droid.launcher3-2031  [004] ....  7008.371270: do_swap_page: swapin tgid 2031 pid 2031 name "droid.launcher3" vma 9d75e000
 droid.launcher3-2031  [004] ....  7008.371276: do_swap_page: swapin tgid 2031 pid 2031 name "droid.launcher3" vma 9d831000
 droid.launcher3-2031  [004] ....  7008.371280: do_swap_page: swapin tgid 2031 pid 2031 name "droid.launcher3" vma 9d7e0000
