# tracer: nop
#
# entries-in-buffer/entries-written: 25916/25916   #P:1
#
#                              _-----=> irqs-off
#                             / _----=> need-resched
#                            | / _---=> hardirq/softirq
#                            || / _--=> preempt-depth
#                            ||| /     delay
#           TASK-PID   CPU#  ||||    TIMESTAMP  FUNCTION
#              | |       |   ||||       |         |
 wifi_ext@1.0-se-2810  [004] ....  4449.006523: do_swap_page: swapin tgid 826 pid 2810 name "wifi_ext@1.0-se" vma 7fbb5fb000
 wifi_ext@1.0-se-2810  [004] ....  4449.007392: do_swap_page: swapin tgid 826 pid 2810 name "wifi_ext@1.0-se" vma 7fba06f000
 wifi_ext@1.0-se-2810  [004] ....  4449.009001: do_swap_page: swapin tgid 826 pid 2810 name "wifi_ext@1.0-se" vma 7fba09c000
 wifi_ext@1.0-se-2810  [004] ....  4449.009352: do_swap_page: swapin tgid 826 pid 2810 name "wifi_ext@1.0-se" vma 7fbb5f9000
 wifi_ext@1.0-se-2810  [004] ....  4449.009386: do_swap_page: swapin tgid 826 pid 2810 name "wifi_ext@1.0-se" vma 7fbb5f1000
 wifi_ext@1.0-se-2810  [004] ....  4449.012674: do_swap_page: swapin tgid 826 pid 2810 name "wifi_ext@1.0-se" vma 7fbb5ff000
  ClientModeImpl-1475  [004] ....  4449.012918: do_swap_page: swapin tgid 1333 pid 1475 name "ClientModeImpl" vma 718cf000
 ActivityManager-1364  [004] ....  4450.410658: do_swap_page: swapin tgid 1333 pid 1364 name "ActivityManager" vma 7eb8a7f000
   Binder:1717_5-2133  [004] ....  4450.411130: do_swap_page: swapin tgid 1717 pid 2133 name "Binder:1717_5" vma 7f28f51000
   Binder:1717_5-2133  [004] ....  4450.411162: do_swap_page: swapin tgid 1717 pid 2133 name "Binder:1717_5" vma 7ec79db000
   Binder:1717_5-2133  [004] ....  4450.411178: do_swap_page: swapin tgid 1717 pid 2133 name "Binder:1717_5" vma 7ec79dc000
   Binder:1717_5-2133  [004] ....  4450.434421: do_swap_page: swapin tgid 1717 pid 2133 name "Binder:1717_5" vma 7ec79dc000
   Binder:1717_5-2133  [004] ....  4450.434452: do_swap_page: swapin tgid 1717 pid 2133 name "Binder:1717_5" vma 7f28f5c000
   Binder:1717_5-2133  [004] ....  4450.434471: do_swap_page: swapin tgid 1717 pid 2133 name "Binder:1717_5" vma 7f28f48000
   Binder:1717_5-2133  [004] ....  4450.434497: do_swap_page: swapin tgid 1717 pid 2133 name "Binder:1717_5" vma 7f28b51000
   Binder:1717_5-2133  [004] ....  4450.434510: do_swap_page: swapin tgid 1717 pid 2133 name "Binder:1717_5" vma 7f28dff000
   Binder:1717_5-2133  [004] ....  4450.434529: do_swap_page: swapin tgid 1717 pid 2133 name "Binder:1717_5" vma 7f28f44000
   Binder:1717_5-2133  [004] ....  4450.434540: do_swap_page: swapin tgid 1717 pid 2133 name "Binder:1717_5" vma 7f28f45000
   Binder:1717_5-2133  [004] ....  4450.434565: do_swap_page: swapin tgid 1717 pid 2133 name "Binder:1717_5" vma 7ec79d9000
   Binder:1717_5-2133  [004] ....  4450.434594: do_swap_page: swapin tgid 1717 pid 2133 name "Binder:1717_5" vma 7f313f9000
   Binder:1717_5-2133  [004] ....  4450.434607: do_swap_page: swapin tgid 1717 pid 2133 name "Binder:1717_5" vma 7ec79da000
   Binder:1717_5-2133  [004] ....  4450.434617: do_swap_page: swapin tgid 1717 pid 2133 name "Binder:1717_5" vma 12d05000
   Binder:1717_5-2133  [004] ....  4450.434642: do_swap_page: swapin tgid 1717 pid 2133 name "Binder:1717_5" vma 7f28f62000
   Binder:1717_5-2133  [004] ....  4450.434659: do_swap_page: swapin tgid 1717 pid 2133 name "Binder:1717_5" vma 7f28f63000
   Binder:1717_5-2133  [004] ....  4450.434671: do_swap_page: swapin tgid 1717 pid 2133 name "Binder:1717_5" vma 7ec0485000
 ndroid.systemui-1717  [004] ....  4450.437544: do_swap_page: swapin tgid 1717 pid 1717 name "ndroid.systemui" vma 718ed000
 ndroid.systemui-1717  [004] ....  4450.437574: do_swap_page: swapin tgid 1717 pid 1717 name "ndroid.systemui" vma 718b3000
 ndroid.systemui-1717  [004] ....  4450.455640: do_swap_page: swapin tgid 1717 pid 1717 name "ndroid.systemui" vma 7eb31e5000
    RenderThread-2098  [004] ....  4450.459555: do_swap_page: swapin tgid 1717 pid 2098 name "RenderThread" vma 7ead995000
           <...>-602   [004] ....  4450.493667: do_swap_page: swapin tgid 602 pid 602 name "surfaceflinger" vma 7fbc20e000
  IpClient.wlan0-2840  [004] ....  4450.613926: do_swap_page: swapin tgid 1796 pid 2840 name "IpClient.wlan0" vma 7f2dc43000
  IpClient.wlan0-2840  [004] ....  4450.613970: do_swap_page: swapin tgid 1796 pid 2840 name "IpClient.wlan0" vma 7f28a04000
  IpClient.wlan0-2840  [004] ....  4450.613980: do_swap_page: swapin tgid 1796 pid 2840 name "IpClient.wlan0" vma 7f28b49000
  IpClient.wlan0-2840  [004] ....  4450.613987: do_swap_page: swapin tgid 1796 pid 2840 name "IpClient.wlan0" vma 7f2dc44000
  IpClient.wlan0-2840  [004] ....  4450.613999: do_swap_page: swapin tgid 1796 pid 2840 name "IpClient.wlan0" vma 7fbe1fd000
  IpClient.wlan0-2840  [004] ....  4450.614009: do_swap_page: swapin tgid 1796 pid 2840 name "IpClient.wlan0" vma 7fbe2f1000
  IpClient.wlan0-2840  [004] ....  4450.614026: do_swap_page: swapin tgid 1796 pid 2840 name "IpClient.wlan0" vma 7fbbdf9000
  IpClient.wlan0-2840  [004] ....  4450.614036: do_swap_page: swapin tgid 1796 pid 2840 name "IpClient.wlan0" vma 7f28b18000
  IpClient.wlan0-2840  [004] ....  4450.614058: do_swap_page: swapin tgid 1796 pid 2840 name "IpClient.wlan0" vma 7f28b91000
  IpClient.wlan0-2840  [004] ....  4450.614068: do_swap_page: swapin tgid 1796 pid 2840 name "IpClient.wlan0" vma 7f393f2000
  IpClient.wlan0-2840  [004] ....  4450.614075: do_swap_page: swapin tgid 1796 pid 2840 name "IpClient.wlan0" vma 7fbe23c000
  IpClient.wlan0-2840  [004] ....  4450.614081: do_swap_page: swapin tgid 1796 pid 2840 name "IpClient.wlan0" vma 7f28b92000
  IpClient.wlan0-2840  [004] ....  4450.614086: do_swap_page: swapin tgid 1796 pid 2840 name "IpClient.wlan0" vma 7f2dc42000
  IpClient.wlan0-2840  [004] ....  4450.614094: do_swap_page: swapin tgid 1796 pid 2840 name "IpClient.wlan0" vma 12cc0000
  IpClient.wlan0-2840  [004] ....  4450.614104: do_swap_page: swapin tgid 1796 pid 2840 name "IpClient.wlan0" vma 7f393f4000
           <...>-1630  [004] ....  4450.614935: do_swap_page: swapin tgid 1333 pid 1630 name "UEventObserver" vma 7e834a2000
           <...>-1630  [004] ....  4450.614960: do_swap_page: swapin tgid 1333 pid 1630 name "UEventObserver" vma 7e834a3000
           <...>-12367 [004] ....  4450.617270: do_swap_page: swapin tgid 1333 pid 12367 name "Binder:1333_1A" vma 9da22000
           <...>-1815  [004] ....  4450.617430: do_swap_page: swapin tgid 1796 pid 1815 name "Binder:1796_2" vma 7f2d668000
           <...>-1815  [004] ....  4450.617453: do_swap_page: swapin tgid 1796 pid 1815 name "Binder:1796_2" vma 7f2e02d000
           <...>-1815  [004] ....  4450.617462: do_swap_page: swapin tgid 1796 pid 1815 name "Binder:1796_2" vma 7f2e02e000
 wifi_ext@1.0-se-2810  [004] ....  4450.621255: do_swap_page: swapin tgid 826 pid 2810 name "wifi_ext@1.0-se" vma 7fba277000
 wifi_ext@1.0-se-2810  [004] ....  4450.621267: do_swap_page: swapin tgid 826 pid 2810 name "wifi_ext@1.0-se" vma 7fba278000
 wifi_ext@1.0-se-2810  [004] ....  4450.621271: do_swap_page: swapin tgid 826 pid 2810 name "wifi_ext@1.0-se" vma 7fba279000
 wifi_ext@1.0-se-2810  [004] ....  4450.621275: do_swap_page: swapin tgid 826 pid 2810 name "wifi_ext@1.0-se" vma 7fba241000
 wifi_ext@1.0-se-2810  [004] ....  4450.621279: do_swap_page: swapin tgid 826 pid 2810 name "wifi_ext@1.0-se" vma 7fba242000
 wifi_ext@1.0-se-2810  [004] ....  4450.621282: do_swap_page: swapin tgid 826 pid 2810 name "wifi_ext@1.0-se" vma 7fba243000
 wifi_ext@1.0-se-2810  [004] ....  4450.621293: do_swap_page: swapin tgid 826 pid 2810 name "wifi_ext@1.0-se" vma 7fba23e000
 wifi_ext@1.0-se-2810  [004] ....  4450.621297: do_swap_page: swapin tgid 826 pid 2810 name "wifi_ext@1.0-se" vma 7fba23f000
 wifi_ext@1.0-se-2810  [004] ....  4450.621301: do_swap_page: swapin tgid 826 pid 2810 name "wifi_ext@1.0-se" vma 7fba240000
  IpClient.wlan0-2840  [004] ....  4450.630232: do_swap_page: swapin tgid 1796 pid 2840 name "IpClient.wlan0" vma 7f393f4000
  IpClient.wlan0-2840  [004] ....  4450.630271: do_swap_page: swapin tgid 1796 pid 2840 name "IpClient.wlan0" vma 7fbe286000
  IpClient.wlan0-2840  [004] ....  4450.630278: do_swap_page: swapin tgid 1796 pid 2840 name "IpClient.wlan0" vma 7fbe285000
  IpClient.wlan0-2840  [004] ....  4450.630281: do_swap_page: swapin tgid 1796 pid 2840 name "IpClient.wlan0" vma 7f393f3000
  IpClient.wlan0-2840  [004] ....  4450.630284: do_swap_page: swapin tgid 1796 pid 2840 name "IpClient.wlan0" vma 7fbe1f8000
  IpClient.wlan0-2840  [004] ....  4450.630287: do_swap_page: swapin tgid 1796 pid 2840 name "IpClient.wlan0" vma 7f2dc40000
           <...>-12367 [004] ....  4450.630358: do_swap_page: swapin tgid 1333 pid 12367 name "Binder:1333_1A" vma 9da22000
           <...>-12367 [004] ....  4450.630394: do_swap_page: swapin tgid 1333 pid 12367 name "Binder:1333_1A" vma 9d9bb000
           <...>-1630  [004] ....  4450.630435: do_swap_page: swapin tgid 1333 pid 1630 name "UEventObserver" vma 7e834a3000
           <...>-1630  [004] ....  4450.630532: do_swap_page: swapin tgid 1333 pid 1630 name "UEventObserver" vma 7ed0d11000
           <...>-1815  [004] ....  4450.630565: do_swap_page: swapin tgid 1796 pid 1815 name "Binder:1796_2" vma 7f2e02e000
           <...>-1815  [004] ....  4450.630573: do_swap_page: swapin tgid 1796 pid 1815 name "Binder:1796_2" vma 7f2d666000
           <...>-1815  [004] ....  4450.630577: do_swap_page: swapin tgid 1796 pid 1815 name "Binder:1796_2" vma 7fbe180000
           <...>-1815  [004] ....  4450.630582: do_swap_page: swapin tgid 1796 pid 1815 name "Binder:1796_2" vma 7f2d673000
           <...>-1815  [004] ....  4450.630593: do_swap_page: swapin tgid 1796 pid 1815 name "Binder:1796_2" vma 7f2d615000
           <...>-1815  [004] ....  4450.630596: do_swap_page: swapin tgid 1796 pid 1815 name "Binder:1796_2" vma 7f2d61f000
  IpClient.wlan0-2840  [004] ....  4450.630659: do_swap_page: swapin tgid 1796 pid 2840 name "IpClient.wlan0" vma 7f2dc40000
  IpClient.wlan0-2840  [004] ....  4450.630667: do_swap_page: swapin tgid 1796 pid 2840 name "IpClient.wlan0" vma 12ce9000
  IpClient.wlan0-2840  [004] ....  4450.630672: do_swap_page: swapin tgid 1796 pid 2840 name "IpClient.wlan0" vma 71525000
           <...>-12367 [004] ....  4450.630722: do_swap_page: swapin tgid 1333 pid 12367 name "Binder:1333_1A" vma 9d9bb000
           <...>-12367 [004] ....  4450.630735: do_swap_page: swapin tgid 1333 pid 12367 name "Binder:1333_1A" vma 14688000
           <...>-1355  [004] ....  4450.630856: do_swap_page: swapin tgid 1333 pid 1355 name "android.fg" vma 7ed151a000
           <...>-1815  [004] ....  4450.630923: do_swap_page: swapin tgid 1796 pid 1815 name "Binder:1796_2" vma 7f2d61f000
           <...>-1815  [004] ....  4450.630932: do_swap_page: swapin tgid 1796 pid 1815 name "Binder:1796_2" vma 7f2d669000
           <...>-1815  [004] ....  4450.630943: do_swap_page: swapin tgid 1796 pid 1815 name "Binder:1796_2" vma 7fbba73000
           <...>-1815  [004] ....  4450.630946: do_swap_page: swapin tgid 1796 pid 1815 name "Binder:1796_2" vma 7fbe342000
           <...>-1815  [004] ....  4450.630949: do_swap_page: swapin tgid 1796 pid 1815 name "Binder:1796_2" vma 7fbe176000
           <...>-1815  [004] ....  4450.630953: do_swap_page: swapin tgid 1796 pid 1815 name "Binder:1796_2" vma 7fbe1e9000
           <...>-1815  [004] ....  4450.630957: do_swap_page: swapin tgid 1796 pid 1815 name "Binder:1796_2" vma 7fbe165000
           <...>-1630  [004] ....  4450.630997: do_swap_page: swapin tgid 1333 pid 1630 name "UEventObserver" vma 7ed0d11000
  IpClient.wlan0-2840  [004] ....  4450.631019: do_swap_page: swapin tgid 1796 pid 2840 name "IpClient.wlan0" vma 71525000
  IpClient.wlan0-2840  [004] ....  4450.631026: do_swap_page: swapin tgid 1796 pid 2840 name "IpClient.wlan0" vma 12cea000
  IpClient.wlan0-2840  [004] ....  4450.631030: do_swap_page: swapin tgid 1796 pid 2840 name "IpClient.wlan0" vma 7fbc87a000
  IpClient.wlan0-2840  [004] ....  4450.631035: do_swap_page: swapin tgid 1796 pid 2840 name "IpClient.wlan0" vma 7f2dd81000
  IpClient.wlan0-2840  [004] ....  4450.631039: do_swap_page: swapin tgid 1796 pid 2840 name "IpClient.wlan0" vma 130c0000
  IpClient.wlan0-2840  [004] ....  4450.631051: do_swap_page: swapin tgid 1796 pid 2840 name "IpClient.wlan0" vma 12c82000
  IpClient.wlan0-2840  [004] ....  4450.631053: do_swap_page: swapin tgid 1796 pid 2840 name "IpClient.wlan0" vma 12cf2000
           <...>-1355  [004] ....  4450.631124: do_swap_page: swapin tgid 1333 pid 1355 name "android.fg" vma 7ed151a000
           <...>-1355  [004] ....  4450.631197: do_swap_page: swapin tgid 1333 pid 1355 name "android.fg" vma 7ed0c95000
           <...>-1355  [004] ....  4450.631207: do_swap_page: swapin tgid 1333 pid 1355 name "android.fg" vma 7ed0c96000
           <...>-1355  [004] ....  4450.631237: do_swap_page: swapin tgid 1333 pid 1355 name "android.fg" vma 12d00000
           <...>-1355  [004] ....  4450.631246: do_swap_page: swapin tgid 1333 pid 1355 name "android.fg" vma 13d08000
           <...>-1355  [004] ....  4450.631290: do_swap_page: swapin tgid 1333 pid 1355 name "android.fg" vma 9d753000
           <...>-1355  [004] ....  4450.631299: do_swap_page: swapin tgid 1333 pid 1355 name "android.fg" vma 7ed150e000
           <...>-1815  [004] ....  4450.631410: do_swap_page: swapin tgid 1796 pid 1815 name "Binder:1796_2" vma 7fbe165000
           <...>-1815  [004] ....  4450.631419: do_swap_page: swapin tgid 1796 pid 1815 name "Binder:1796_2" vma 7f2d651000
           <...>-1815  [004] ....  4450.631423: do_swap_page: swapin tgid 1796 pid 1815 name "Binder:1796_2" vma 7fbd222000
  IpClient.wlan0-2840  [004] ....  4450.631490: do_swap_page: swapin tgid 1796 pid 2840 name "IpClient.wlan0" vma 12cf2000
  IpClient.wlan0-2840  [004] ....  4450.631501: do_swap_page: swapin tgid 1796 pid 2840 name "IpClient.wlan0" vma 7fbe24e000
           <...>-1355  [004] ....  4450.631524: do_swap_page: swapin tgid 1333 pid 1355 name "android.fg" vma 7ed150e000
           <...>-1355  [004] ....  4450.631535: do_swap_page: swapin tgid 1333 pid 1355 name "android.fg" vma 9da6e000
           <...>-1815  [004] ....  4450.631620: do_swap_page: swapin tgid 1796 pid 1815 name "Binder:1796_2" vma 7fbd222000
           <...>-1815  [004] ....  4450.631630: do_swap_page: swapin tgid 1796 pid 1815 name "Binder:1796_2" vma 7fbbdfa000
           <...>-1815  [004] ....  4450.631633: do_swap_page: swapin tgid 1796 pid 1815 name "Binder:1796_2" vma 7f2d61a000
           <...>-1815  [004] ....  4450.631640: do_swap_page: swapin tgid 1796 pid 1815 name "Binder:1796_2" vma 7f318f3000
           <...>-1815  [004] ....  4450.631643: do_swap_page: swapin tgid 1796 pid 1815 name "Binder:1796_2" vma 130c4000
           <...>-1355  [004] ....  4450.631739: do_swap_page: swapin tgid 1333 pid 1355 name "android.fg" vma 9da6e000
           <...>-1355  [004] ....  4450.631749: do_swap_page: swapin tgid 1333 pid 1355 name "android.fg" vma 9d9c1000
  IpClient.wlan0-2840  [004] ....  4450.631809: do_swap_page: swapin tgid 1796 pid 2840 name "IpClient.wlan0" vma 7fbe24e000
  IpClient.wlan0-2840  [004] ....  4450.631822: do_swap_page: swapin tgid 1796 pid 2840 name "IpClient.wlan0" vma 7f31471000
  IpClient.wlan0-2840  [004] ....  4450.631835: do_swap_page: swapin tgid 1796 pid 2840 name "IpClient.wlan0" vma 7f28b93000
  IpClient.wlan0-2840  [004] ....  4450.631841: do_swap_page: swapin tgid 1796 pid 2840 name "IpClient.wlan0" vma 7fbe170000
  IpClient.wlan0-2840  [004] ....  4450.631844: do_swap_page: swapin tgid 1796 pid 2840 name "IpClient.wlan0" vma 7fbe1f5000
  IpClient.wlan0-2840  [004] ....  4450.631855: do_swap_page: swapin tgid 1796 pid 2840 name "IpClient.wlan0" vma 7fbe1e7000
           <...>-1815  [004] ....  4450.631920: do_swap_page: swapin tgid 1796 pid 1815 name "Binder:1796_2" vma 130c4000
           <...>-1815  [004] ....  4450.631945: do_swap_page: swapin tgid 1796 pid 1815 name "Binder:1796_2" vma 7f2e02b000
           <...>-1355  [004] ....  4450.631977: do_swap_page: swapin tgid 1333 pid 1355 name "android.fg" vma 9d9c1000
           <...>-1355  [004] ....  4450.631987: do_swap_page: swapin tgid 1333 pid 1355 name "android.fg" vma 9d9a4000
  IpClient.wlan0-2840  [004] ....  4450.632047: do_swap_page: swapin tgid 1796 pid 2840 name "IpClient.wlan0" vma 7fbe1e7000
  IpClient.wlan0-2840  [004] ....  4450.632055: do_swap_page: swapin tgid 1796 pid 2840 name "IpClient.wlan0" vma 7fbe17f000
  IpClient.wlan0-2840  [004] ....  4450.632060: do_swap_page: swapin tgid 1796 pid 2840 name "IpClient.wlan0" vma 7fbd225000
  IpClient.wlan0-2840  [004] ....  4450.632064: do_swap_page: swapin tgid 1796 pid 2840 name "IpClient.wlan0" vma 7fbd221000
           <...>-1815  [004] ....  4450.632139: do_swap_page: swapin tgid 1796 pid 1815 name "Binder:1796_2" vma 7f2e02b000
           <...>-1815  [004] ....  4450.632146: do_swap_page: swapin tgid 1796 pid 1815 name "Binder:1796_2" vma 130cb000
           <...>-1815  [004] ....  4450.632155: do_swap_page: swapin tgid 1796 pid 1815 name "Binder:1796_2" vma 7f31574000
           <...>-1815  [004] ....  4450.632163: do_swap_page: swapin tgid 1796 pid 1815 name "Binder:1796_2" vma 7f2e02c000
           <...>-1815  [004] ....  4450.632170: do_swap_page: swapin tgid 1796 pid 1815 name "Binder:1796_2" vma 7f34f07000
           <...>-1815  [004] ....  4450.632173: do_swap_page: swapin tgid 1796 pid 1815 name "Binder:1796_2" vma 130c3000
           <...>-1815  [004] ....  4450.632177: do_swap_page: swapin tgid 1796 pid 1815 name "Binder:1796_2" vma 9d73b000
           <...>-1355  [004] ....  4450.632213: do_swap_page: swapin tgid 1333 pid 1355 name "android.fg" vma 9d9a4000
  IpClient.wlan0-2840  [004] ....  4450.632310: do_swap_page: swapin tgid 1796 pid 2840 name "IpClient.wlan0" vma 7fbd221000
  IpClient.wlan0-2840  [004] ....  4450.632320: do_swap_page: swapin tgid 1796 pid 2840 name "IpClient.wlan0" vma 7f28d23000
  IpClient.wlan0-2840  [004] ....  4450.632322: do_swap_page: swapin tgid 1796 pid 2840 name "IpClient.wlan0" vma 7f28d24000
  IpClient.wlan0-2840  [004] ....  4450.632379: do_swap_page: swapin tgid 1796 pid 2840 name "IpClient.wlan0" vma 7fbe1d7000
  IpClient.wlan0-2840  [004] ....  4450.632387: do_swap_page: swapin tgid 1796 pid 2840 name "IpClient.wlan0" vma 7fba71b000
           <...>-1815  [004] ....  4450.632418: do_swap_page: swapin tgid 1796 pid 1815 name "Binder:1796_2" vma 9d73b000
           <...>-1815  [004] ....  4450.632422: do_swap_page: swapin tgid 1796 pid 1815 name "Binder:1796_2" vma 9d748000
           <...>-1815  [004] ....  4450.632428: do_swap_page: swapin tgid 1796 pid 1815 name "Binder:1796_2" vma 7fbe20a000
           <...>-1355  [004] ....  4450.632508: do_swap_page: swapin tgid 1333 pid 1355 name "android.fg" vma 7ed0b4d000
           <...>-1815  [004] ....  4450.632602: do_swap_page: swapin tgid 1796 pid 1815 name "Binder:1796_2" vma 7fbe20a000
           <...>-1815  [004] ....  4450.632610: do_swap_page: swapin tgid 1796 pid 1815 name "Binder:1796_2" vma 7f2896c000
  IpClient.wlan0-2840  [004] ....  4450.632648: do_swap_page: swapin tgid 1796 pid 2840 name "IpClient.wlan0" vma 7fba71b000
  IpClient.wlan0-2840  [004] ....  4450.632657: do_swap_page: swapin tgid 1796 pid 2840 name "IpClient.wlan0" vma 7f3084e000
  IpClient.wlan0-2840  [004] ....  4450.632662: do_swap_page: swapin tgid 1796 pid 2840 name "IpClient.wlan0" vma 7fbe301000
  IpClient.wlan0-2840  [004] ....  4450.632664: do_swap_page: swapin tgid 1796 pid 2840 name "IpClient.wlan0" vma 7f289b7000
  IpClient.wlan0-2840  [004] ....  4450.632723: do_swap_page: swapin tgid 1796 pid 2840 name "IpClient.wlan0" vma 7f395f1000
           <...>-1355  [004] ....  4450.632749: do_swap_page: swapin tgid 1333 pid 1355 name "android.fg" vma 7ed0b4d000
           <...>-1815  [004] ....  4450.632908: do_swap_page: swapin tgid 1796 pid 1815 name "Binder:1796_2" vma 7f2896c000
           <...>-1815  [004] ....  4450.632916: do_swap_page: swapin tgid 1796 pid 1815 name "Binder:1796_2" vma 7f289bb000
           <...>-1815  [004] ....  4450.632920: do_swap_page: swapin tgid 1796 pid 1815 name "Binder:1796_2" vma 7f28b48000
  IpClient.wlan0-2840  [004] ....  4450.632964: do_swap_page: swapin tgid 1796 pid 2840 name "IpClient.wlan0" vma 7f395f1000
  IpClient.wlan0-2840  [004] ....  4450.632973: do_swap_page: swapin tgid 1796 pid 2840 name "IpClient.wlan0" vma 7f39800000
           <...>-1355  [004] ....  4450.632997: do_swap_page: swapin tgid 1333 pid 1355 name "android.fg" vma 9d7a7000
           <...>-1815  [004] ....  4450.633146: do_swap_page: swapin tgid 1796 pid 1815 name "Binder:1796_2" vma 7f28b48000
           <...>-1815  [004] ....  4450.633155: do_swap_page: swapin tgid 1796 pid 1815 name "Binder:1796_2" vma 9d743000
  IpClient.wlan0-2840  [004] ....  4450.633196: do_swap_page: swapin tgid 1796 pid 2840 name "IpClient.wlan0" vma 7f39800000
  IpClient.wlan0-2840  [004] ....  4450.633211: do_swap_page: swapin tgid 1796 pid 2840 name "IpClient.wlan0" vma 7f395f0000
           <...>-1355  [004] ....  4450.633256: do_swap_page: swapin tgid 1333 pid 1355 name "android.fg" vma 9d7a7000
           <...>-1355  [004] ....  4450.633265: do_swap_page: swapin tgid 1333 pid 1355 name "android.fg" vma 9dad1000
           <...>-1815  [004] ....  4450.633371: do_swap_page: swapin tgid 1796 pid 1815 name "Binder:1796_2" vma 9d743000
           <...>-1815  [004] ....  4450.633380: do_swap_page: swapin tgid 1796 pid 1815 name "Binder:1796_2" vma 7f2895d000
           <...>-1815  [004] ....  4450.633383: do_swap_page: swapin tgid 1796 pid 1815 name "Binder:1796_2" vma 7f2895e000
           <...>-1815  [004] ....  4450.633387: do_swap_page: swapin tgid 1796 pid 1815 name "Binder:1796_2" vma 7f2d674000
           <...>-1815  [004] ....  4450.633393: do_swap_page: swapin tgid 1796 pid 1815 name "Binder:1796_2" vma 7f2d634000
           <...>-1815  [004] ....  4450.633397: do_swap_page: swapin tgid 1796 pid 1815 name "Binder:1796_2" vma 7f2d16b000
  IpClient.wlan0-2840  [004] ....  4450.633437: do_swap_page: swapin tgid 1796 pid 2840 name "IpClient.wlan0" vma 7f395f0000
  IpClient.wlan0-2840  [004] ....  4450.633469: do_swap_page: swapin tgid 1796 pid 2840 name "IpClient.wlan0" vma 12d88000
           <...>-1355  [004] ....  4450.633544: do_swap_page: swapin tgid 1333 pid 1355 name "android.fg" vma 9dad1000
           <...>-1355  [004] ....  4450.633552: do_swap_page: swapin tgid 1333 pid 1355 name "android.fg" vma 9dac1000
           <...>-1815  [004] ....  4450.633586: do_swap_page: swapin tgid 1796 pid 1815 name "Binder:1796_2" vma 7f2d16b000
           <...>-1815  [004] ....  4450.633626: do_swap_page: swapin tgid 1796 pid 1815 name "Binder:1796_2" vma 9d742000
  IpClient.wlan0-2840  [004] ....  4450.633683: do_swap_page: swapin tgid 1796 pid 2840 name "IpClient.wlan0" vma 12d88000
  IpClient.wlan0-2840  [004] ....  4450.633688: do_swap_page: swapin tgid 1796 pid 2840 name "IpClient.wlan0" vma 12cf8000
  IpClient.wlan0-2840  [004] ....  4450.633691: do_swap_page: swapin tgid 1796 pid 2840 name "IpClient.wlan0" vma 13326000
  IpClient.wlan0-2840  [004] ....  4450.633694: do_swap_page: swapin tgid 1796 pid 2840 name "IpClient.wlan0" vma 7fbc87d000
  IpClient.wlan0-2840  [004] ....  4450.633712: do_swap_page: swapin tgid 1796 pid 2840 name "IpClient.wlan0" vma 718aa000
  IpClient.wlan0-2840  [004] ....  4450.633718: do_swap_page: swapin tgid 1796 pid 2840 name "IpClient.wlan0" vma 71752000
           <...>-1355  [004] ....  4450.633739: do_swap_page: swapin tgid 1333 pid 1355 name "android.fg" vma 9dac1000
           <...>-1355  [004] ....  4450.633749: do_swap_page: swapin tgid 1333 pid 1355 name "android.fg" vma 13ffe000
           <...>-1355  [004] ....  4450.633756: do_swap_page: swapin tgid 1333 pid 1355 name "android.fg" vma 7f23178000
           <...>-1815  [004] ....  4450.633934: do_swap_page: swapin tgid 1796 pid 1815 name "Binder:1796_2" vma 9d742000
           <...>-1815  [004] ....  4450.633943: do_swap_page: swapin tgid 1796 pid 1815 name "Binder:1796_2" vma 13141000
           <...>-1815  [004] ....  4450.633947: do_swap_page: swapin tgid 1796 pid 1815 name "Binder:1796_2" vma 9d74c000
           <...>-1815  [004] ....  4450.633953: do_swap_page: swapin tgid 1796 pid 1815 name "Binder:1796_2" vma 9d75a000
           <...>-1815  [004] ....  4450.633958: do_swap_page: swapin tgid 1796 pid 1815 name "Binder:1796_2" vma 12c84000
           <...>-1815  [004] ....  4450.633964: do_swap_page: swapin tgid 1796 pid 1815 name "Binder:1796_2" vma 12c83000
           <...>-1815  [004] ....  4450.633971: do_swap_page: swapin tgid 1796 pid 1815 name "Binder:1796_2" vma 9d73e000
  IpClient.wlan0-2840  [004] ....  4450.634047: do_swap_page: swapin tgid 1796 pid 2840 name "IpClient.wlan0" vma 71752000
  IpClient.wlan0-2840  [004] ....  4450.634052: do_swap_page: swapin tgid 1796 pid 2840 name "IpClient.wlan0" vma 71757000
  IpClient.wlan0-2840  [004] ....  4450.634057: do_swap_page: swapin tgid 1796 pid 2840 name "IpClient.wlan0" vma 717e2000
  IpClient.wlan0-2840  [004] ....  4450.634061: do_swap_page: swapin tgid 1796 pid 2840 name "IpClient.wlan0" vma 717e3000
  IpClient.wlan0-2840  [004] ....  4450.634066: do_swap_page: swapin tgid 1796 pid 2840 name "IpClient.wlan0" vma 71780000
  IpClient.wlan0-2840  [004] ....  4450.634071: do_swap_page: swapin tgid 1796 pid 2840 name "IpClient.wlan0" vma 717e8000
           <...>-1355  [004] ....  4450.634187: do_swap_page: swapin tgid 1333 pid 1355 name "android.fg" vma 7f23178000
           <...>-1355  [004] ....  4450.634197: do_swap_page: swapin tgid 1333 pid 1355 name "android.fg" vma 13f6c000
           <...>-1355  [004] ....  4450.634200: do_swap_page: swapin tgid 1333 pid 1355 name "android.fg" vma 13ba5000
           <...>-1355  [004] ....  4450.634206: do_swap_page: swapin tgid 1333 pid 1355 name "android.fg" vma 7f20e52000
           <...>-1815  [004] ....  4450.634399: do_swap_page: swapin tgid 1796 pid 1815 name "Binder:1796_2" vma 9d73e000
           <...>-1815  [004] ....  4450.634407: do_swap_page: swapin tgid 1796 pid 1815 name "Binder:1796_2" vma 9d750000
  IpClient.wlan0-2840  [004] ....  4450.634991: do_swap_page: swapin tgid 1796 pid 2840 name "IpClient.wlan0" vma 717e8000
  IpClient.wlan0-2840  [004] ....  4450.635002: do_swap_page: swapin tgid 1796 pid 2840 name "IpClient.wlan0" vma 71781000
  IpClient.wlan0-2840  [004] ....  4450.635007: do_swap_page: swapin tgid 1796 pid 2840 name "IpClient.wlan0" vma 7fbe1f9000
           <...>-1355  [004] ....  4450.635149: do_swap_page: swapin tgid 1333 pid 1355 name "android.fg" vma 7f20e52000
           <...>-1355  [004] ....  4450.635158: do_swap_page: swapin tgid 1333 pid 1355 name "android.fg" vma 9d764000
           <...>-1355  [004] ....  4450.635162: do_swap_page: swapin tgid 1333 pid 1355 name "android.fg" vma 9d7b2000
           <...>-1815  [004] ....  4450.635234: do_swap_page: swapin tgid 1796 pid 1815 name "Binder:1796_2" vma 9d750000
           <...>-1815  [004] ....  4450.635242: do_swap_page: swapin tgid 1796 pid 1815 name "Binder:1796_2" vma 9d746000
           <...>-1815  [004] ....  4450.635246: do_swap_page: swapin tgid 1796 pid 1815 name "Binder:1796_2" vma 7f35079000
           <...>-1815  [004] ....  4450.635250: do_swap_page: swapin tgid 1796 pid 1815 name "Binder:1796_2" vma 7175a000
  IpClient.wlan0-2840  [004] ....  4450.635378: do_swap_page: swapin tgid 1796 pid 2840 name "IpClient.wlan0" vma 7fbe1f9000
  IpClient.wlan0-2840  [004] ....  4450.635392: do_swap_page: swapin tgid 1796 pid 2840 name "IpClient.wlan0" vma 71756000
  IpClient.wlan0-2840  [004] ....  4450.635398: do_swap_page: swapin tgid 1796 pid 2840 name "IpClient.wlan0" vma 71801000
  IpClient.wlan0-2840  [004] ....  4450.635406: do_swap_page: swapin tgid 1796 pid 2840 name "IpClient.wlan0" vma 7fbb7f0000
  IpClient.wlan0-2840  [004] ....  4450.635413: do_swap_page: swapin tgid 1796 pid 2840 name "IpClient.wlan0" vma 7fbe243000
  IpClient.wlan0-2840  [004] ....  4450.635417: do_swap_page: swapin tgid 1796 pid 2840 name "IpClient.wlan0" vma 7fbe211000
           <...>-1355  [004] ....  4450.635549: do_swap_page: swapin tgid 1333 pid 1355 name "android.fg" vma 9d7b2000
           <...>-1355  [004] ....  4450.635558: do_swap_page: swapin tgid 1333 pid 1355 name "android.fg" vma 9da7d000
           <...>-1815  [004] ....  4450.636214: do_swap_page: swapin tgid 1796 pid 1815 name "Binder:1796_2" vma 7175a000
           <...>-1815  [004] ....  4450.636231: do_swap_page: swapin tgid 1796 pid 1815 name "Binder:1796_2" vma 7f2d682000
  IpClient.wlan0-2840  [004] ....  4450.636326: do_swap_page: swapin tgid 1796 pid 2840 name "IpClient.wlan0" vma 7fbe211000
  IpClient.wlan0-2840  [004] ....  4450.636331: do_swap_page: swapin tgid 1796 pid 2840 name "IpClient.wlan0" vma 7f28a5d000
  IpClient.wlan0-2840  [004] ....  4450.636334: do_swap_page: swapin tgid 1796 pid 2840 name "IpClient.wlan0" vma 7f28a54000
  IpClient.wlan0-2840  [004] ....  4450.636339: do_swap_page: swapin tgid 1796 pid 2840 name "IpClient.wlan0" vma 7f28a22000
           <...>-1355  [004] ....  4450.636386: do_swap_page: swapin tgid 1333 pid 1355 name "android.fg" vma 9da7d000
           <...>-1355  [004] ....  4450.636394: do_swap_page: swapin tgid 1333 pid 1355 name "android.fg" vma 9dacc000
  IpClient.wlan0-2840  [004] ....  4450.636501: do_swap_page: swapin tgid 1796 pid 2840 name "IpClient.wlan0" vma 7f28a22000
  IpClient.wlan0-2840  [004] ....  4450.636515: do_swap_page: swapin tgid 1796 pid 2840 name "IpClient.wlan0" vma 7fbb7ef000
           <...>-1355  [004] ....  4450.636595: do_swap_page: swapin tgid 1333 pid 1355 name "android.fg" vma 9dacc000
           <...>-1355  [004] ....  4450.636603: do_swap_page: swapin tgid 1333 pid 1355 name "android.fg" vma 9daba000
  IpClient.wlan0-2840  [004] ....  4450.636696: do_swap_page: swapin tgid 1796 pid 2840 name "IpClient.wlan0" vma 7fbb7ef000
  IpClient.wlan0-2840  [004] ....  4450.636713: do_swap_page: swapin tgid 1796 pid 2840 name "IpClient.wlan0" vma 7f28ac2000
  IpClient.wlan0-2840  [004] ....  4450.636719: do_swap_page: swapin tgid 1796 pid 2840 name "IpClient.wlan0" vma 7f28a7a000
  IpClient.wlan0-2840  [004] ....  4450.636722: do_swap_page: swapin tgid 1796 pid 2840 name "IpClient.wlan0" vma 7f28a7b000
  IpClient.wlan0-2840  [004] .n..  4450.636763: do_swap_page: swapin tgid 1796 pid 2840 name "IpClient.wlan0" vma 7f2d145000
           <...>-1355  [004] ....  4450.636812: do_swap_page: swapin tgid 1333 pid 1355 name "android.fg" vma 9daba000
           <...>-1355  [004] ....  4450.636821: do_swap_page: swapin tgid 1333 pid 1355 name "android.fg" vma 9d78e000
           <...>-1355  [004] ....  4450.636825: do_swap_page: swapin tgid 1333 pid 1355 name "android.fg" vma 9d79f000
  IpClient.wlan0-2840  [004] ....  4450.636916: do_swap_page: swapin tgid 1796 pid 2840 name "IpClient.wlan0" vma 7f2d145000
  IpClient.wlan0-2840  [004] ....  4450.636931: do_swap_page: swapin tgid 1796 pid 2840 name "IpClient.wlan0" vma 71755000
           <...>-1355  [004] ....  4450.637018: do_swap_page: swapin tgid 1333 pid 1355 name "android.fg" vma 9d79f000
           <...>-1355  [004] ....  4450.637027: do_swap_page: swapin tgid 1333 pid 1355 name "android.fg" vma 9daa4000
  IpClient.wlan0-2840  [004] ....  4450.637129: do_swap_page: swapin tgid 1796 pid 2840 name "IpClient.wlan0" vma 71755000
  IpClient.wlan0-2840  [004] ....  4450.637136: do_swap_page: swapin tgid 1796 pid 2840 name "IpClient.wlan0" vma 7181d000
           <...>-1355  [004] ....  4450.637234: do_swap_page: swapin tgid 1333 pid 1355 name "android.fg" vma 9daa4000
           <...>-1355  [004] ....  4450.637244: do_swap_page: swapin tgid 1333 pid 1355 name "android.fg" vma 9da88000
  IpClient.wlan0-2840  [004] ....  4450.637316: do_swap_page: swapin tgid 1796 pid 2840 name "IpClient.wlan0" vma 7181d000
  IpClient.wlan0-2840  [004] ....  4450.637329: do_swap_page: swapin tgid 1796 pid 2840 name "IpClient.wlan0" vma 71758000
           <...>-1355  [004] ....  4450.637432: do_swap_page: swapin tgid 1333 pid 1355 name "android.fg" vma 9da88000
  IpClient.wlan0-2840  [004] ....  4450.637542: do_swap_page: swapin tgid 1796 pid 2840 name "IpClient.wlan0" vma 71758000
  IpClient.wlan0-2840  [004] ....  4450.637552: do_swap_page: swapin tgid 1796 pid 2840 name "IpClient.wlan0" vma 717e0000
  IpClient.wlan0-2840  [004] ....  4450.637709: do_swap_page: swapin tgid 1796 pid 2840 name "IpClient.wlan0" vma 717e0000
  IpClient.wlan0-2840  [004] ....  4450.637732: do_swap_page: swapin tgid 1796 pid 2840 name "IpClient.wlan0" vma 707c8000
  IpClient.wlan0-2840  [004] ....  4450.637863: do_swap_page: swapin tgid 1796 pid 2840 name "IpClient.wlan0" vma 707c8000
  IpClient.wlan0-2840  [004] ....  4450.637887: do_swap_page: swapin tgid 1796 pid 2840 name "IpClient.wlan0" vma 7fbe167000
  IpClient.wlan0-2840  [004] ....  4450.638014: do_swap_page: swapin tgid 1796 pid 2840 name "IpClient.wlan0" vma 7fbe167000
  IpClient.wlan0-2840  [004] ....  4450.638066: do_swap_page: swapin tgid 1796 pid 2840 name "IpClient.wlan0" vma 7fbdd6b000
  IpClient.wlan0-2840  [004] ....  4450.638075: do_swap_page: swapin tgid 1796 pid 2840 name "IpClient.wlan0" vma 7fbdcb6000
  IpClient.wlan0-2840  [004] ....  4450.638093: do_swap_page: swapin tgid 1796 pid 2840 name "IpClient.wlan0" vma 12cfa000
  IpClient.wlan0-2840  [004] ....  4450.638290: do_swap_page: swapin tgid 1796 pid 2840 name "IpClient.wlan0" vma 12cfa000
  IpClient.wlan0-2840  [004] ....  4450.638296: do_swap_page: swapin tgid 1796 pid 2840 name "IpClient.wlan0" vma 7fbc87e000
  IpClient.wlan0-2840  [004] ....  4450.638311: do_swap_page: swapin tgid 1796 pid 2840 name "IpClient.wlan0" vma 7f308f1000
  IpClient.wlan0-2840  [004] ....  4450.638490: do_swap_page: swapin tgid 1796 pid 2840 name "IpClient.wlan0" vma 7f308f1000
  IpClient.wlan0-2840  [004] ....  4450.638510: do_swap_page: swapin tgid 1796 pid 2840 name "IpClient.wlan0" vma 7f2dc41000
  IpClient.wlan0-2840  [004] ....  4450.638560: do_swap_page: swapin tgid 1796 pid 2840 name "IpClient.wlan0" vma 7fbe260000
  IpClient.wlan0-2840  [004] ....  4450.638567: do_swap_page: swapin tgid 1796 pid 2840 name "IpClient.wlan0" vma 9d760000
  IpClient.wlan0-2840  [004] ....  4450.638583: do_swap_page: swapin tgid 1796 pid 2840 name "IpClient.wlan0" vma 12ed0000
  IpClient.wlan0-2840  [004] ....  4450.638799: do_swap_page: swapin tgid 1796 pid 2840 name "IpClient.wlan0" vma 12ed0000
  IpClient.wlan0-2840  [004] ....  4450.638864: do_swap_page: swapin tgid 1796 pid 2840 name "IpClient.wlan0" vma 12cfb000
  IpClient.wlan0-2840  [004] ....  4450.639065: do_swap_page: swapin tgid 1796 pid 2840 name "IpClient.wlan0" vma 12cfb000
  IpClient.wlan0-2840  [004] ....  4450.639076: do_swap_page: swapin tgid 1796 pid 2840 name "IpClient.wlan0" vma 12ce8000
  IpClient.wlan0-2840  [004] ....  4450.639230: do_swap_page: swapin tgid 1796 pid 2840 name "IpClient.wlan0" vma 12ce8000
  IpClient.wlan0-2840  [004] ....  4450.639241: do_swap_page: swapin tgid 1796 pid 2840 name "IpClient.wlan0" vma 12cc2000
  IpClient.wlan0-2840  [004] ....  4450.639365: do_swap_page: swapin tgid 1796 pid 2840 name "IpClient.wlan0" vma 12cc2000
  IpClient.wlan0-2840  [004] ....  4450.639380: do_swap_page: swapin tgid 1796 pid 2840 name "IpClient.wlan0" vma 12cc1000
  IpClient.wlan0-2840  [004] ....  4450.639512: do_swap_page: swapin tgid 1796 pid 2840 name "IpClient.wlan0" vma 12cc1000
  IpClient.wlan0-2840  [004] ....  4450.639522: do_swap_page: swapin tgid 1796 pid 2840 name "IpClient.wlan0" vma 7184e000
  IpClient.wlan0-2840  [004] ....  4450.639641: do_swap_page: swapin tgid 1796 pid 2840 name "IpClient.wlan0" vma 7184e000
  IpClient.wlan0-2840  [004] ....  4450.639645: do_swap_page: swapin tgid 1796 pid 2840 name "IpClient.wlan0" vma 7184f000
  IpClient.wlan0-2840  [004] ....  4450.639650: do_swap_page: swapin tgid 1796 pid 2840 name "IpClient.wlan0" vma 71851000
  IpClient.wlan0-2840  [004] ....  4450.639657: do_swap_page: swapin tgid 1796 pid 2840 name "IpClient.wlan0" vma 71852000
  IpClient.wlan0-2840  [004] ....  4450.639660: do_swap_page: swapin tgid 1796 pid 2840 name "IpClient.wlan0" vma 717b0000
  IpClient.wlan0-2840  [004] ....  4450.639670: do_swap_page: swapin tgid 1796 pid 2840 name "IpClient.wlan0" vma 12ccb000
  IpClient.wlan0-2840  [004] ....  4450.639840: do_swap_page: swapin tgid 1796 pid 2840 name "IpClient.wlan0" vma 12ccb000
  IpClient.wlan0-2840  [004] ....  4450.639847: do_swap_page: swapin tgid 1796 pid 2840 name "IpClient.wlan0" vma 12cca000
  IpClient.wlan0-2840  [004] ....  4450.640015: do_swap_page: swapin tgid 1796 pid 2840 name "IpClient.wlan0" vma 12cca000
  IpClient.wlan0-2840  [004] ....  4450.640026: do_swap_page: swapin tgid 1796 pid 2840 name "IpClient.wlan0" vma 71854000
  IpClient.wlan0-2840  [004] ....  4450.640029: do_swap_page: swapin tgid 1796 pid 2840 name "IpClient.wlan0" vma 12cc9000
  IpClient.wlan0-2840  [004] ....  4450.640201: do_swap_page: swapin tgid 1796 pid 2840 name "IpClient.wlan0" vma 12cc9000
  IpClient.wlan0-2840  [004] ....  4450.640262: do_swap_page: swapin tgid 1796 pid 2840 name "IpClient.wlan0" vma 7f34f06000
  IpClient.wlan0-2840  [004] ....  4450.640296: do_swap_page: swapin tgid 1796 pid 2840 name "IpClient.wlan0" vma 7f318f1000
  IpClient.wlan0-2840  [004] ....  4450.640311: do_swap_page: swapin tgid 1796 pid 2840 name "IpClient.wlan0" vma 7f28d29000
  IpClient.wlan0-2840  [004] ....  4450.640376: do_swap_page: swapin tgid 1796 pid 2840 name "IpClient.wlan0" vma 7f2d146000
  IpClient.wlan0-2840  [004] ....  4450.640522: do_swap_page: swapin tgid 1796 pid 2840 name "IpClient.wlan0" vma 7f2d146000
  IpClient.wlan0-2840  [004] ....  4450.640548: do_swap_page: swapin tgid 1796 pid 2840 name "IpClient.wlan0" vma 7f28989000
  IpClient.wlan0-2840  [004] ....  4450.640556: do_swap_page: swapin tgid 1796 pid 2840 name "IpClient.wlan0" vma 7f2898a000
  IpClient.wlan0-2840  [004] ....  4450.640571: do_swap_page: swapin tgid 1796 pid 2840 name "IpClient.wlan0" vma 9d757000
  IpClient.wlan0-2840  [004] ....  4450.640594: do_swap_page: swapin tgid 1796 pid 2840 name "IpClient.wlan0" vma 7f289d5000
 wifi_ext@1.0-se-2810  [004] ....  4450.683639: do_swap_page: swapin tgid 826 pid 2810 name "wifi_ext@1.0-se" vma 7fba0a1000
 wifi_ext@1.0-se-2810  [004] ....  4450.683668: do_swap_page: swapin tgid 826 pid 2810 name "wifi_ext@1.0-se" vma 7fba0a2000
 wifi_ext@1.0-se-2810  [004] ....  4450.683677: do_swap_page: swapin tgid 826 pid 2810 name "wifi_ext@1.0-se" vma 7fba0a3000
 wifi_ext@1.0-se-2810  [004] ....  4450.683686: do_swap_page: swapin tgid 826 pid 2810 name "wifi_ext@1.0-se" vma 7fba0a4000
 wifi_ext@1.0-se-2810  [004] ....  4450.683693: do_swap_page: swapin tgid 826 pid 2810 name "wifi_ext@1.0-se" vma 7fba0a5000
 .android.chrome-6123  [004] ....  4450.988030: do_swap_page: swapin tgid 6123 pid 6123 name ".android.chrome" vma 3b3ce000
 .android.chrome-6123  [004] ....  4450.988139: do_swap_page: swapin tgid 6123 pid 6123 name ".android.chrome" vma c313d000
 .android.chrome-6123  [004] ....  4450.988155: do_swap_page: swapin tgid 6123 pid 6123 name ".android.chrome" vma c2fb2000
 .android.chrome-6123  [004] ....  4450.988170: do_swap_page: swapin tgid 6123 pid 6123 name ".android.chrome" vma 3a8e8000
 .android.chrome-6123  [004] ....  4450.988186: do_swap_page: swapin tgid 6123 pid 6123 name ".android.chrome" vma 3a736000
 .android.chrome-6123  [004] ....  4450.988198: do_swap_page: swapin tgid 6123 pid 6123 name ".android.chrome" vma 3a640000
 .android.chrome-6123  [004] ....  4450.988218: do_swap_page: swapin tgid 6123 pid 6123 name ".android.chrome" vma c2fb1000
 .android.chrome-6123  [004] ....  4450.988241: do_swap_page: swapin tgid 6123 pid 6123 name ".android.chrome" vma 3b3f9000
 .android.chrome-6123  [004] ....  4450.988250: do_swap_page: swapin tgid 6123 pid 6123 name ".android.chrome" vma 3b3fa000
 .android.chrome-6123  [004] ....  4450.988258: do_swap_page: swapin tgid 6123 pid 6123 name ".android.chrome" vma 3af67000
 .android.chrome-6123  [004] ....  4450.988568: do_swap_page: swapin tgid 6123 pid 6123 name ".android.chrome" vma f7aa3000
 .android.chrome-6123  [004] ....  4450.988778: do_swap_page: swapin tgid 6123 pid 6123 name ".android.chrome" vma 3b719000
 .android.chrome-6123  [004] ....  4450.988794: do_swap_page: swapin tgid 6123 pid 6123 name ".android.chrome" vma 3b71a000
 .android.chrome-6123  [004] ....  4450.988822: do_swap_page: swapin tgid 6123 pid 6123 name ".android.chrome" vma 3a721000
 .android.chrome-6123  [004] ....  4450.988858: do_swap_page: swapin tgid 6123 pid 6123 name ".android.chrome" vma 3b0f2000
 .android.chrome-6123  [004] ....  4450.988875: do_swap_page: swapin tgid 6123 pid 6123 name ".android.chrome" vma 3b0f3000
 .android.chrome-6123  [004] ....  4450.988924: do_swap_page: swapin tgid 6123 pid 6123 name ".android.chrome" vma 3b77c000
 .android.chrome-6123  [004] ....  4450.988939: do_swap_page: swapin tgid 6123 pid 6123 name ".android.chrome" vma 3b3f7000
 .android.chrome-6123  [004] ....  4450.988946: do_swap_page: swapin tgid 6123 pid 6123 name ".android.chrome" vma 3a683000
 .android.chrome-6123  [004] ....  4450.988978: do_swap_page: swapin tgid 6123 pid 6123 name ".android.chrome" vma 3b78f000
 .android.chrome-6123  [004] ....  4450.989033: do_swap_page: swapin tgid 6123 pid 6123 name ".android.chrome" vma 3ab55000
 .android.chrome-6123  [004] ....  4450.989044: do_swap_page: swapin tgid 6123 pid 6123 name ".android.chrome" vma 3ab29000
 .android.chrome-6123  [004] ....  4451.001877: do_swap_page: swapin tgid 6123 pid 6123 name ".android.chrome" vma 3ab29000
 .android.chrome-6123  [004] ....  4451.052883: do_swap_page: swapin tgid 6123 pid 6123 name ".android.chrome" vma 3ae35000
 .android.chrome-6123  [004] ....  4451.052916: do_swap_page: swapin tgid 6123 pid 6123 name ".android.chrome" vma 3a6e9000
 .android.chrome-6123  [004] ....  4451.052932: do_swap_page: swapin tgid 6123 pid 6123 name ".android.chrome" vma 3a88d000
 .android.chrome-6123  [004] ....  4451.053733: do_swap_page: swapin tgid 6123 pid 6123 name ".android.chrome" vma 3a88d000
 .android.chrome-6123  [004] ....  4451.053753: do_swap_page: swapin tgid 6123 pid 6123 name ".android.chrome" vma 3a931000
           <...>-6203  [004] ....  4451.466942: do_swap_page: swapin tgid 6123 pid 6203 name "ThreadPoolServi" vma 3a653000
           <...>-6203  [004] ....  4451.466981: do_swap_page: swapin tgid 6123 pid 6203 name "ThreadPoolServi" vma 3a6a2000
           <...>-6203  [004] ....  4451.466992: do_swap_page: swapin tgid 6123 pid 6203 name "ThreadPoolServi" vma 3a8fd000
 ThreadPoolForeg-17372 [004] ....  4451.467147: do_swap_page: swapin tgid 6123 pid 17372 name "ThreadPoolForeg" vma 3a6e5000
 ThreadPoolForeg-17372 [004] ....  4451.467164: do_swap_page: swapin tgid 6123 pid 17372 name "ThreadPoolForeg" vma 3a729000
 ThreadPoolForeg-17372 [004] ....  4451.467176: do_swap_page: swapin tgid 6123 pid 17372 name "ThreadPoolForeg" vma 3b42a000
 ThreadPoolForeg-17372 [004] ....  4451.467186: do_swap_page: swapin tgid 6123 pid 17372 name "ThreadPoolForeg" vma 3b374000
 ThreadPoolForeg-17372 [004] ....  4451.467195: do_swap_page: swapin tgid 6123 pid 17372 name "ThreadPoolForeg" vma 3aad2000
 ThreadPoolForeg-17372 [004] ....  4451.467208: do_swap_page: swapin tgid 6123 pid 17372 name "ThreadPoolForeg" vma 3b1bb000
 ThreadPoolForeg-17372 [004] ....  4451.467216: do_swap_page: swapin tgid 6123 pid 17372 name "ThreadPoolForeg" vma 3b22d000
 ThreadPoolForeg-17372 [004] ....  4451.467291: do_swap_page: swapin tgid 6123 pid 17372 name "ThreadPoolForeg" vma 3b1ba000
 ThreadPoolForeg-17372 [004] ....  4451.467305: do_swap_page: swapin tgid 6123 pid 17372 name "ThreadPoolForeg" vma 3a9d8000
 ThreadPoolForeg-17372 [004] ....  4451.467311: do_swap_page: swapin tgid 6123 pid 17372 name "ThreadPoolForeg" vma 3a650000
 ThreadPoolForeg-17372 [004] ....  4451.467317: do_swap_page: swapin tgid 6123 pid 17372 name "ThreadPoolForeg" vma 3b25a000
 ThreadPoolForeg-17372 [004] ....  4451.467323: do_swap_page: swapin tgid 6123 pid 17372 name "ThreadPoolForeg" vma 3b259000
 ThreadPoolForeg-17372 [004] ....  4451.479810: do_swap_page: swapin tgid 6123 pid 17372 name "ThreadPoolForeg" vma 3b259000
 ThreadPoolForeg-17372 [004] ....  4451.479830: do_swap_page: swapin tgid 6123 pid 17372 name "ThreadPoolForeg" vma 3a656000
 ThreadPoolForeg-17372 [004] ....  4451.479847: do_swap_page: swapin tgid 6123 pid 17372 name "ThreadPoolForeg" vma c3121000
 ThreadPoolForeg-17372 [004] ....  4451.479864: do_swap_page: swapin tgid 6123 pid 17372 name "ThreadPoolForeg" vma 3a727000
 ThreadPoolForeg-17372 [004] ....  4451.479886: do_swap_page: swapin tgid 6123 pid 17372 name "ThreadPoolForeg" vma 3a72a000
 ThreadPoolForeg-17372 [004] ....  4451.479893: do_swap_page: swapin tgid 6123 pid 17372 name "ThreadPoolForeg" vma 3a72b000
 ThreadPoolForeg-17372 [004] ....  4451.479904: do_swap_page: swapin tgid 6123 pid 17372 name "ThreadPoolForeg" vma 3b680000
 ThreadPoolForeg-17372 [004] ....  4451.479915: do_swap_page: swapin tgid 6123 pid 17372 name "ThreadPoolForeg" vma 3b429000
 ThreadPoolForeg-17372 [004] ....  4451.479923: do_swap_page: swapin tgid 6123 pid 17372 name "ThreadPoolForeg" vma 3a711000
 ThreadPoolForeg-17372 [004] ....  4451.479937: do_swap_page: swapin tgid 6123 pid 17372 name "ThreadPoolForeg" vma 3aaf9000
 ThreadPoolForeg-17372 [004] ....  4451.479944: do_swap_page: swapin tgid 6123 pid 17372 name "ThreadPoolForeg" vma 3a703000
 ThreadPoolForeg-17372 [004] ....  4451.480238: do_swap_page: swapin tgid 6123 pid 17372 name "ThreadPoolForeg" vma 3a703000
 ThreadPoolForeg-17372 [004] ....  4451.480268: do_swap_page: swapin tgid 6123 pid 17372 name "ThreadPoolForeg" vma 3b329000
 .android.chrome-6123  [004] ....  4451.823122: do_swap_page: swapin tgid 6123 pid 6123 name ".android.chrome" vma 3b0f4000
 .android.chrome-6123  [004] ....  4451.823147: do_swap_page: swapin tgid 6123 pid 6123 name ".android.chrome" vma 3b0f6000
 .android.chrome-6123  [004] ....  4451.823156: do_swap_page: swapin tgid 6123 pid 6123 name ".android.chrome" vma 3b0f7000
  ClientModeImpl-1475  [004] ....  4452.018988: do_swap_page: swapin tgid 1333 pid 1475 name "ClientModeImpl" vma 7e5d968000
  ClientModeImpl-1475  [004] ....  4452.019036: do_swap_page: swapin tgid 1333 pid 1475 name "ClientModeImpl" vma 7e6d0f0000
 wifi_ext@1.0-se-2810  [004] ....  4452.026025: do_swap_page: swapin tgid 826 pid 2810 name "wifi_ext@1.0-se" vma 7fba0b7000
 wifi_ext@1.0-se-2810  [004] ....  4452.030433: do_swap_page: swapin tgid 826 pid 2810 name "wifi_ext@1.0-se" vma 7fba09d000
 wifi_ext@1.0-se-2810  [004] ....  4452.030469: do_swap_page: swapin tgid 826 pid 2810 name "wifi_ext@1.0-se" vma 7fbb5fc000
 wifi_ext@1.0-se-2810  [004] ....  4452.030540: do_swap_page: swapin tgid 826 pid 2810 name "wifi_ext@1.0-se" vma 7fbb489000
 wifi_ext@1.0-se-2810  [004] ....  4452.030622: do_swap_page: swapin tgid 826 pid 2810 name "wifi_ext@1.0-se" vma 7fba08d000
 wifi_ext@1.0-se-2810  [004] ....  4452.032048: do_swap_page: swapin tgid 826 pid 2810 name "wifi_ext@1.0-se" vma 7fba29a000
 wifi_ext@1.0-se-2810  [004] ....  4452.032066: do_swap_page: swapin tgid 826 pid 2810 name "wifi_ext@1.0-se" vma 7fba29b000
 wifi_ext@1.0-se-2810  [004] ....  4452.032072: do_swap_page: swapin tgid 826 pid 2810 name "wifi_ext@1.0-se" vma 7fba29c000
 wifi_ext@1.0-se-2810  [004] ....  4452.033858: do_swap_page: swapin tgid 826 pid 2810 name "wifi_ext@1.0-se" vma 7fbb59b000
 wifi_ext@1.0-se-2810  [004] ....  4452.033891: do_swap_page: swapin tgid 826 pid 2810 name "wifi_ext@1.0-se" vma 7fb9b18000
 wifi_ext@1.0-se-2810  [004] ....  4452.033945: do_swap_page: swapin tgid 826 pid 2810 name "wifi_ext@1.0-se" vma 7fba065000
  ClientModeImpl-1475  [004] ....  4452.035410: do_swap_page: swapin tgid 1333 pid 1475 name "ClientModeImpl" vma 7ed153d000
  ClientModeImpl-1475  [004] ....  4452.047890: do_swap_page: swapin tgid 1333 pid 1475 name "ClientModeImpl" vma 7ed153d000
  ClientModeImpl-1475  [004] ....  4452.047929: do_swap_page: swapin tgid 1333 pid 1475 name "ClientModeImpl" vma 13dcf000
  ClientModeImpl-1475  [004] ....  4452.047943: do_swap_page: swapin tgid 1333 pid 1475 name "ClientModeImpl" vma 7f20f85000
  ClientModeImpl-1475  [004] ....  4452.047983: do_swap_page: swapin tgid 1333 pid 1475 name "ClientModeImpl" vma 7e6223f000
   Binder:1717_4-2076  [004] ....  4452.048148: do_swap_page: swapin tgid 1717 pid 2076 name "Binder:1717_4" vma 13cc9000
   Binder:1717_4-2076  [004] ....  4452.048176: do_swap_page: swapin tgid 1717 pid 2076 name "Binder:1717_4" vma 7fbe23d000
   Binder:1717_4-2076  [004] ....  4452.048201: do_swap_page: swapin tgid 1717 pid 2076 name "Binder:1717_4" vma 7fbcb76000
   Binder:1717_4-2076  [004] ....  4452.048241: do_swap_page: swapin tgid 1717 pid 2076 name "Binder:1717_4" vma 7fbc83e000
 ndroid.systemui-1717  [004] ....  4452.048405: do_swap_page: swapin tgid 1717 pid 1717 name "ndroid.systemui" vma 13e76000
 ndroid.systemui-1717  [004] ....  4452.048444: do_swap_page: swapin tgid 1717 pid 1717 name "ndroid.systemui" vma 9d99b000
 ndroid.systemui-1717  [004] ....  4452.048894: do_swap_page: swapin tgid 1717 pid 1717 name "ndroid.systemui" vma 9d99b000
 ndroid.systemui-1717  [004] ....  4452.048913: do_swap_page: swapin tgid 1717 pid 1717 name "ndroid.systemui" vma 9d8ba000
 ndroid.systemui-1717  [004] ....  4452.048946: do_swap_page: swapin tgid 1717 pid 1717 name "ndroid.systemui" vma 7f28b2c000
 ndroid.systemui-1717  [004] ....  4452.048967: do_swap_page: swapin tgid 1717 pid 1717 name "ndroid.systemui" vma 13d02000
 ndroid.systemui-1717  [004] ....  4452.049002: do_swap_page: swapin tgid 1717 pid 1717 name "ndroid.systemui" vma 13698000
 ndroid.systemui-1717  [004] ....  4452.049015: do_swap_page: swapin tgid 1717 pid 1717 name "ndroid.systemui" vma 9d89a000
