           <...>-2031  [004] ....  6163.566866: do_swap_page: swapin tgid 2031 pid 2031 name "droid.launcher3" vma 12c00000
           <...>-2031  [004] ....  6163.566869: do_swap_page: swapin tgid 2031 pid 2031 name "droid.launcher3" vma 7f34f06000
           <...>-2031  [004] ....  6163.566873: do_swap_page: swapin tgid 2031 pid 2031 name "droid.launcher3" vma 7fbe292000
           <...>-2031  [004] ....  6163.566878: do_swap_page: swapin tgid 2031 pid 2031 name "droid.launcher3" vma 7fbf5e3000
           <...>-2031  [004] .n..  6163.567044: do_swap_page: swapin tgid 2031 pid 2031 name "droid.launcher3" vma 7fbf5e3000
  surfaceflinger-602   [004] ....  6163.567114: do_swap_page: swapin tgid 602 pid 602 name "surfaceflinger" vma 7fb7705000
    RenderThread-2098  [004] ....  6163.567278: do_swap_page: swapin tgid 1717 pid 2098 name "RenderThread" vma 7f28ef1000
    RenderThread-2480  [004] ....  6163.567313: do_swap_page: swapin tgid 2031 pid 2480 name "RenderThread" vma 7ecb6d1000
    RenderThread-2480  [004] ....  6163.567320: do_swap_page: swapin tgid 2031 pid 2480 name "RenderThread" vma 7fbe231000
    RenderThread-2480  [004] ....  6163.567322: do_swap_page: swapin tgid 2031 pid 2480 name "RenderThread" vma 7ecb6d2000
    RenderThread-2480  [004] ....  6163.567324: do_swap_page: swapin tgid 2031 pid 2480 name "RenderThread" vma 7f289be000
    RenderThread-2480  [004] ....  6163.567327: do_swap_page: swapin tgid 2031 pid 2480 name "RenderThread" vma 7ed0d6c000
    RenderThread-2480  [004] ....  6163.567333: do_swap_page: swapin tgid 2031 pid 2480 name "RenderThread" vma 7fbdcb6000
    RenderThread-2480  [004] ....  6163.567335: do_swap_page: swapin tgid 2031 pid 2480 name "RenderThread" vma 7f28b41000
    RenderThread-2480  [004] ....  6163.567337: do_swap_page: swapin tgid 2031 pid 2480 name "RenderThread" vma 7f28a69000
    RenderThread-2480  [004] ....  6163.567339: do_swap_page: swapin tgid 2031 pid 2480 name "RenderThread" vma 7fbe1c5000
    RenderThread-2480  [004] ....  6163.567346: do_swap_page: swapin tgid 2031 pid 2480 name "RenderThread" vma 7ecb6d0000
    RenderThread-2480  [004] ....  6163.567389: do_swap_page: swapin tgid 2031 pid 2480 name "RenderThread" vma 7fbb042000
    RenderThread-2480  [004] ....  6163.567394: do_swap_page: swapin tgid 2031 pid 2480 name "RenderThread" vma 7fbd629000
    RenderThread-2480  [004] ....  6163.567397: do_swap_page: swapin tgid 2031 pid 2480 name "RenderThread" vma 7fbe1fb000
    RenderThread-2480  [004] ....  6163.567399: do_swap_page: swapin tgid 2031 pid 2480 name "RenderThread" vma 7fbe35b000
    RenderThread-2480  [004] ....  6163.567404: do_swap_page: swapin tgid 2031 pid 2480 name "RenderThread" vma 7fbba73000
    RenderThread-2480  [004] ....  6163.567408: do_swap_page: swapin tgid 2031 pid 2480 name "RenderThread" vma 7ed0cbd000
    RenderThread-2480  [004] ....  6163.567409: do_swap_page: swapin tgid 2031 pid 2480 name "RenderThread" vma 7ed0cac000
    RenderThread-2480  [004] ....  6163.567411: do_swap_page: swapin tgid 2031 pid 2480 name "RenderThread" vma 7ed0ce4000
    RenderThread-2480  [004] ....  6163.567416: do_swap_page: swapin tgid 2031 pid 2480 name "RenderThread" vma 7ed0da4000
    RenderThread-2480  [004] ....  6163.567419: do_swap_page: swapin tgid 2031 pid 2480 name "RenderThread" vma 7fbe175000
           <...>-6164  [004] ....  6163.567470: do_swap_page: swapin tgid 6123 pid 6164 name "RenderThread" vma cb04e000
           <...>-6164  [004] ....  6163.567481: do_swap_page: swapin tgid 6123 pid 6164 name "RenderThread" vma f0d63000
           <...>-6164  [004] ....  6163.567485: do_swap_page: swapin tgid 6123 pid 6164 name "RenderThread" vma cb04d000
           <...>-6164  [004] ....  6163.567489: do_swap_page: swapin tgid 6123 pid 6164 name "RenderThread" vma cbda6000
           <...>-6164  [004] ....  6163.567528: do_swap_page: swapin tgid 6123 pid 6164 name "RenderThread" vma f6274000
           <...>-6164  [004] ....  6163.567533: do_swap_page: swapin tgid 6123 pid 6164 name "RenderThread" vma f72e0000
           <...>-6164  [004] ....  6163.567564: do_swap_page: swapin tgid 6123 pid 6164 name "RenderThread" vma bee74000
           <...>-6164  [004] ....  6163.567568: do_swap_page: swapin tgid 6123 pid 6164 name "RenderThread" vma cbd50000
           <...>-6164  [004] ....  6163.567572: do_swap_page: swapin tgid 6123 pid 6164 name "RenderThread" vma cb04c000
           <...>-6164  [004] ....  6163.567579: do_swap_page: swapin tgid 6123 pid 6164 name "RenderThread" vma f7a24000
           <...>-6164  [004] ....  6163.567582: do_swap_page: swapin tgid 6123 pid 6164 name "RenderThread" vma cbc3d000
           <...>-6376  [004] ....  6163.567640: do_swap_page: swapin tgid 1333 pid 6376 name "RenderThread" vma 7e5fbac000
           <...>-6376  [004] ....  6163.567649: do_swap_page: swapin tgid 1333 pid 6376 name "RenderThread" vma 7e62194000
           <...>-6376  [004] ....  6163.567652: do_swap_page: swapin tgid 1333 pid 6376 name "RenderThread" vma 7e5fbad000
           <...>-6376  [004] ....  6163.567654: do_swap_page: swapin tgid 1333 pid 6376 name "RenderThread" vma 7e6243a000
           <...>-6376  [004] ....  6163.567659: do_swap_page: swapin tgid 1333 pid 6376 name "RenderThread" vma 7e869eb000
           <...>-6376  [004] ....  6163.567662: do_swap_page: swapin tgid 1333 pid 6376 name "RenderThread" vma 7e62234000
           <...>-6376  [004] ....  6163.567666: do_swap_page: swapin tgid 1333 pid 6376 name "RenderThread" vma 7e5fbab000
           <...>-6376  [004] ....  6163.567700: do_swap_page: swapin tgid 1333 pid 6376 name "RenderThread" vma 7fbb042000
           <...>-6376  [004] ....  6163.567708: do_swap_page: swapin tgid 1333 pid 6376 name "RenderThread" vma 7f2d694000
           <...>-6376  [004] ....  6163.567712: do_swap_page: swapin tgid 1333 pid 6376 name "RenderThread" vma 7e6d0f6000
           <...>-6376  [004] ....  6163.567715: do_swap_page: swapin tgid 1333 pid 6376 name "RenderThread" vma 7e6d1ae000
           <...>-6376  [004] ....  6163.567720: do_swap_page: swapin tgid 1333 pid 6376 name "RenderThread" vma 7e6e9e2000
           <...>-6376  [004] ....  6163.567726: do_swap_page: swapin tgid 1333 pid 6376 name "RenderThread" vma 7e6e8d0000
           <...>-6376  [004] ....  6163.567730: do_swap_page: swapin tgid 1333 pid 6376 name "RenderThread" vma 7e62249000
    Binder:602_2-644   [004] ....  6163.567783: do_swap_page: swapin tgid 602 pid 644 name "Binder:602_2" vma 7fba7f5000
    RenderThread-2480  [004] ....  6163.567806: do_swap_page: swapin tgid 2031 pid 2480 name "RenderThread" vma 7fbe175000
    RenderThread-2480  [004] ....  6163.567812: do_swap_page: swapin tgid 2031 pid 2480 name "RenderThread" vma 7f2d286000
    RenderThread-2480  [004] ....  6163.567815: do_swap_page: swapin tgid 2031 pid 2480 name "RenderThread" vma 7f28b30000
    RenderThread-2480  [004] ....  6163.567818: do_swap_page: swapin tgid 2031 pid 2480 name "RenderThread" vma 7fbe1cb000
    RenderThread-2480  [004] ....  6163.567821: do_swap_page: swapin tgid 2031 pid 2480 name "RenderThread" vma 7ed0c09000
    RenderThread-2480  [004] ....  6163.567824: do_swap_page: swapin tgid 2031 pid 2480 name "RenderThread" vma 7fbe180000
    Binder:602_5-2224  [004] ....  6163.567860: do_swap_page: swapin tgid 602 pid 2224 name "Binder:602_5" vma 7fa9242000
    Binder:602_5-2224  [004] ....  6163.567871: do_swap_page: swapin tgid 602 pid 2224 name "Binder:602_5" vma 7fa9243000
    Binder:602_5-2224  [004] ....  6163.567874: do_swap_page: swapin tgid 602 pid 2224 name "Binder:602_5" vma 7faa516000
    Binder:602_5-2224  [004] ....  6163.567880: do_swap_page: swapin tgid 602 pid 2224 name "Binder:602_5" vma 7fb7572000
    Binder:602_5-2224  [004] ....  6163.567884: do_swap_page: swapin tgid 602 pid 2224 name "Binder:602_5" vma 7faa708000
    Binder:602_5-2224  [004] ....  6163.567887: do_swap_page: swapin tgid 602 pid 2224 name "Binder:602_5" vma 7faa709000
    Binder:602_5-2224  [004] ....  6163.567891: do_swap_page: swapin tgid 602 pid 2224 name "Binder:602_5" vma 7fbbfbb000
    RenderThread-2098  [004] ....  6163.567914: do_swap_page: swapin tgid 1717 pid 2098 name "RenderThread" vma 7f28ef1000
    RenderThread-2098  [004] ....  6163.567937: do_swap_page: swapin tgid 1717 pid 2098 name "RenderThread" vma 7fbe175000
    RenderThread-2480  [004] ....  6163.567971: do_swap_page: swapin tgid 2031 pid 2480 name "RenderThread" vma 7f289f2000
    RenderThread-2480  [004] ....  6163.568083: do_swap_page: swapin tgid 2031 pid 2480 name "RenderThread" vma 7fbe162000
    RenderThread-2480  [004] ....  6163.568088: do_swap_page: swapin tgid 2031 pid 2480 name "RenderThread" vma 7fbe2df000
    RenderThread-2480  [004] ....  6163.568093: do_swap_page: swapin tgid 2031 pid 2480 name "RenderThread" vma 7f28a1a000
    RenderThread-2480  [004] ....  6163.568096: do_swap_page: swapin tgid 2031 pid 2480 name "RenderThread" vma 7fbe294000
    RenderThread-2480  [004] ....  6163.568098: do_swap_page: swapin tgid 2031 pid 2480 name "RenderThread" vma 7fbe229000
    RenderThread-2480  [004] ....  6163.568100: do_swap_page: swapin tgid 2031 pid 2480 name "RenderThread" vma 7fbc6b1000
    RenderThread-2098  [004] ....  6163.568126: do_swap_page: swapin tgid 1717 pid 2098 name "RenderThread" vma 7fbe175000
    RenderThread-2480  [004] ....  6163.568268: do_swap_page: swapin tgid 2031 pid 2480 name "RenderThread" vma 7fbc6b1000
    RenderThread-2480  [004] ....  6163.568274: do_swap_page: swapin tgid 2031 pid 2480 name "RenderThread" vma 7fbe2f1000
    Binder:602_5-2224  [004] ....  6163.568322: do_swap_page: swapin tgid 602 pid 2224 name "Binder:602_5" vma 7fbf5e3000
           <...>-1358  [004] ....  6163.568374: do_swap_page: swapin tgid 1333 pid 1358 name "android.display" vma 7ecd832000
           <...>-1358  [004] ....  6163.568453: do_swap_page: swapin tgid 1333 pid 1358 name "android.display" vma 9da8c000
    Binder:602_5-2224  [004] ....  6163.568495: do_swap_page: swapin tgid 602 pid 2224 name "Binder:602_5" vma 7fbf5e3000
    Binder:602_5-2224  [004] ....  6163.568509: do_swap_page: swapin tgid 602 pid 2224 name "Binder:602_5" vma 7fbd1cf000
    Binder:602_5-2224  [004] ....  6163.568518: do_swap_page: swapin tgid 602 pid 2224 name "Binder:602_5" vma 7fb7502000
    RenderThread-2480  [004] ....  6163.568553: do_swap_page: swapin tgid 2031 pid 2480 name "RenderThread" vma 7ed0c04000
    Binder:602_4-1446  [004] ....  6163.568581: do_swap_page: swapin tgid 602 pid 1446 name "Binder:602_4" vma 7fab933000
    Binder:602_4-1446  [004] ....  6163.570649: do_swap_page: swapin tgid 602 pid 1446 name "Binder:602_4" vma 7fab934000
    Binder:602_4-1446  [004] ....  6163.570653: do_swap_page: swapin tgid 602 pid 1446 name "Binder:602_4" vma 7fba639000
    Binder:602_4-1446  [004] ....  6163.570658: do_swap_page: swapin tgid 602 pid 1446 name "Binder:602_4" vma 7fba673000
    Binder:602_4-1446  [004] ....  6163.570663: do_swap_page: swapin tgid 602 pid 1446 name "Binder:602_4" vma 7faa726000
    Binder:602_4-1446  [004] ....  6163.570665: do_swap_page: swapin tgid 602 pid 1446 name "Binder:602_4" vma 7faa727000
    RenderThread-2480  [004] ....  6163.570705: do_swap_page: swapin tgid 2031 pid 2480 name "RenderThread" vma 7ed0d20000
           <...>-6164  [004] ....  6163.570938: do_swap_page: swapin tgid 6123 pid 6164 name "RenderThread" vma e20d4000
           <...>-6164  [004] ....  6163.570953: do_swap_page: swapin tgid 6123 pid 6164 name "RenderThread" vma c8f09000
           <...>-6164  [004] ....  6163.571036: do_swap_page: swapin tgid 6123 pid 6164 name "RenderThread" vma e20d5000
           <...>-6164  [004] ....  6163.571047: do_swap_page: swapin tgid 6123 pid 6164 name "RenderThread" vma f7b47000
           <...>-1358  [004] ....  6163.571080: do_swap_page: swapin tgid 1333 pid 1358 name "android.display" vma 9da8c000
           <...>-1358  [004] ....  6163.571107: do_swap_page: swapin tgid 1333 pid 1358 name "android.display" vma 7f28a21000
           <...>-1358  [004] ....  6163.571115: do_swap_page: swapin tgid 1333 pid 1358 name "android.display" vma 7eb6d9b000
           <...>-6376  [004] ....  6163.571328: do_swap_page: swapin tgid 1333 pid 6376 name "RenderThread" vma 7e6e9e1000
           <...>-6376  [004] ....  6163.571390: do_swap_page: swapin tgid 1333 pid 6376 name "RenderThread" vma 7e62439000
           <...>-6376  [004] ....  6163.571395: do_swap_page: swapin tgid 1333 pid 6376 name "RenderThread" vma 7e6d0f7000
           <...>-6164  [004] ....  6163.571416: do_swap_page: swapin tgid 6123 pid 6164 name "RenderThread" vma f7b47000
           <...>-6164  [004] ....  6163.571484: do_swap_page: swapin tgid 6123 pid 6164 name "RenderThread" vma cacdd000
           <...>-1358  [004] ....  6163.571508: do_swap_page: swapin tgid 1333 pid 1358 name "android.display" vma 7eb6d9b000
           <...>-1358  [004] ....  6163.571514: do_swap_page: swapin tgid 1333 pid 1358 name "android.display" vma 7ed0bf6000
           <...>-2031  [004] ....  6163.571562: do_swap_page: swapin tgid 2031 pid 2031 name "droid.launcher3" vma 7ec4d28000
           <...>-2031  [004] ....  6163.571572: do_swap_page: swapin tgid 2031 pid 2031 name "droid.launcher3" vma 13c00000
           <...>-2031  [004] ....  6163.571577: do_swap_page: swapin tgid 2031 pid 2031 name "droid.launcher3" vma 7fbe254000
           <...>-2031  [004] ....  6163.571584: do_swap_page: swapin tgid 2031 pid 2031 name "droid.launcher3" vma 7fbddf7000
           <...>-1358  [004] ....  6163.571676: do_swap_page: swapin tgid 1333 pid 1358 name "android.display" vma 7ed0bf6000
           <...>-1358  [004] ....  6163.571683: do_swap_page: swapin tgid 1333 pid 1358 name "android.display" vma 7f28b32000
           <...>-2031  [004] ....  6163.571789: do_swap_page: swapin tgid 2031 pid 2031 name "droid.launcher3" vma 7fbddf7000
           <...>-2031  [004] ....  6163.571801: do_swap_page: swapin tgid 2031 pid 2031 name "droid.launcher3" vma 7173c000
           <...>-2031  [004] ....  6163.571804: do_swap_page: swapin tgid 2031 pid 2031 name "droid.launcher3" vma 718a9000
           <...>-2031  [004] ....  6163.571822: do_swap_page: swapin tgid 2031 pid 2031 name "droid.launcher3" vma 7f2d287000
           <...>-2031  [004] ....  6163.571825: do_swap_page: swapin tgid 2031 pid 2031 name "droid.launcher3" vma 7ed0df4000
           <...>-2031  [004] ....  6163.571828: do_swap_page: swapin tgid 2031 pid 2031 name "droid.launcher3" vma 7ec6a92000
           <...>-2031  [004] ....  6163.571836: do_swap_page: swapin tgid 2031 pid 2031 name "droid.launcher3" vma 7f2d235000
           <...>-2031  [004] ....  6163.571871: do_swap_page: swapin tgid 2031 pid 2031 name "droid.launcher3" vma 13c09000
           <...>-2031  [004] ....  6163.571877: do_swap_page: swapin tgid 2031 pid 2031 name "droid.launcher3" vma 130ef000
           <...>-2031  [004] ....  6163.571896: do_swap_page: swapin tgid 2031 pid 2031 name "droid.launcher3" vma 9d84f000
           <...>-1358  [004] ....  6163.571923: do_swap_page: swapin tgid 1333 pid 1358 name "android.display" vma 7f28b32000
           <...>-1358  [004] ....  6163.571930: do_swap_page: swapin tgid 1333 pid 1358 name "android.display" vma 7ed0cfa000
           <...>-1358  [004] ....  6163.571934: do_swap_page: swapin tgid 1333 pid 1358 name "android.display" vma 7ed0d47000
           <...>-1358  [004] ....  6163.571937: do_swap_page: swapin tgid 1333 pid 1358 name "android.display" vma 7f28abe000
           <...>-1358  [004] ....  6163.571939: do_swap_page: swapin tgid 1333 pid 1358 name "android.display" vma 7e6d04a000
           <...>-2031  [004] ....  6163.572035: do_swap_page: swapin tgid 2031 pid 2031 name "droid.launcher3" vma 9d84f000
           <...>-2031  [004] ....  6163.572045: do_swap_page: swapin tgid 2031 pid 2031 name "droid.launcher3" vma 1303b000
           <...>-2031  [004] ....  6163.572077: do_swap_page: swapin tgid 2031 pid 2031 name "droid.launcher3" vma 7fbf700000
           <...>-2031  [004] ....  6163.572086: do_swap_page: swapin tgid 2031 pid 2031 name "droid.launcher3" vma 7f28b3c000
           <...>-1358  [004] ....  6163.572193: do_swap_page: swapin tgid 1333 pid 1358 name "android.display" vma 7e6d04a000
           <...>-1358  [004] ....  6163.572198: do_swap_page: swapin tgid 1333 pid 1358 name "android.display" vma 7eb6e26000
           <...>-1358  [004] ....  6163.572455: do_swap_page: swapin tgid 1333 pid 1358 name "android.display" vma 7eb6e26000
           <...>-1358  [004] ....  6163.572478: do_swap_page: swapin tgid 1333 pid 1358 name "android.display" vma 7f28987000
           <...>-1358  [004] ....  6163.572484: do_swap_page: swapin tgid 1333 pid 1358 name "android.display" vma 7e867e3000
           <...>-1358  [004] ....  6163.572674: do_swap_page: swapin tgid 1333 pid 1358 name "android.display" vma 7e867e3000
           <...>-1358  [004] ....  6163.572679: do_swap_page: swapin tgid 1333 pid 1358 name "android.display" vma 7e867ea000
           <...>-1358  [004] ....  6163.572856: do_swap_page: swapin tgid 1333 pid 1358 name "android.display" vma 7e867ea000
           <...>-1358  [004] ....  6163.572863: do_swap_page: swapin tgid 1333 pid 1358 name "android.display" vma 7eb6d9c000
           <...>-1358  [004] ....  6163.572960: do_swap_page: swapin tgid 1333 pid 1358 name "android.display" vma 9d85c000
           <...>-1448  [004] ....  6163.573199: do_swap_page: swapin tgid 1333 pid 1448 name "InputDispatcher" vma 7e868f8000
           <...>-2031  [004] ....  6163.573227: do_swap_page: swapin tgid 2031 pid 2031 name "droid.launcher3" vma 7ec62ac000
           <...>-2031  [004] ....  6163.573233: do_swap_page: swapin tgid 2031 pid 2031 name "droid.launcher3" vma 7ec62ad000
           <...>-2031  [004] ....  6163.573256: do_swap_page: swapin tgid 2031 pid 2031 name "droid.launcher3" vma 13c08000
           <...>-2031  [004] ....  6163.573262: do_swap_page: swapin tgid 2031 pid 2031 name "droid.launcher3" vma 7fbe1d3000
           <...>-2031  [004] ....  6163.573265: do_swap_page: swapin tgid 2031 pid 2031 name "droid.launcher3" vma 7fbe346000
           <...>-2031  [004] ....  6163.573276: do_swap_page: swapin tgid 2031 pid 2031 name "droid.launcher3" vma 7fbe166000
           <...>-2031  [004] ....  6163.573280: do_swap_page: swapin tgid 2031 pid 2031 name "droid.launcher3" vma 7f39805000
           <...>-2031  [004] ....  6163.573283: do_swap_page: swapin tgid 2031 pid 2031 name "droid.launcher3" vma 7f3980e000
           <...>-2031  [004] ....  6163.573286: do_swap_page: swapin tgid 2031 pid 2031 name "droid.launcher3" vma 7f3980f000
           <...>-2031  [004] ....  6163.573289: do_swap_page: swapin tgid 2031 pid 2031 name "droid.launcher3" vma 7f28a0f000
           <...>-2031  [004] ....  6163.573292: do_swap_page: swapin tgid 2031 pid 2031 name "droid.launcher3" vma 7f28b4c000
           <...>-2031  [004] ....  6163.573311: do_swap_page: swapin tgid 2031 pid 2031 name "droid.launcher3" vma 7fbe1d0000
      android.ui-1356  [004] ....  6163.573402: do_swap_page: swapin tgid 1333 pid 1356 name "android.ui" vma 7f2895f000
      android.ui-1356  [004] ....  6163.573407: do_swap_page: swapin tgid 1333 pid 1356 name "android.ui" vma 7e6217f000
      android.ui-1356  [004] ....  6163.573424: do_swap_page: swapin tgid 1333 pid 1356 name "android.ui" vma 7eb7528000
      android.ui-1356  [004] ....  6163.573487: do_swap_page: swapin tgid 1333 pid 1356 name "android.ui" vma 7e622bd000
      android.ui-1356  [004] ....  6163.573498: do_swap_page: swapin tgid 1333 pid 1356 name "android.ui" vma 7e622be000
           <...>-1358  [004] ....  6163.573666: do_swap_page: swapin tgid 1333 pid 1358 name "android.display" vma 9d85c000
           <...>-1358  [004] ....  6163.573676: do_swap_page: swapin tgid 1333 pid 1358 name "android.display" vma 7eb7521000
           <...>-1358  [004] ....  6163.573831: do_swap_page: swapin tgid 1333 pid 1358 name "android.display" vma 7e86800000
           <...>-1358  [004] ....  6163.573857: do_swap_page: swapin tgid 1333 pid 1358 name "android.display" vma 7f2d668000
           <...>-1358  [004] ....  6163.573920: do_swap_page: swapin tgid 1333 pid 1358 name "android.display" vma 7f2d6c5000
           <...>-1358  [004] ....  6163.573980: do_swap_page: swapin tgid 1333 pid 1358 name "android.display" vma 7e6d032000
           <...>-1358  [004] ....  6163.574029: do_swap_page: swapin tgid 1333 pid 1358 name "android.display" vma 7e623e7000
      android.bg-1363  [004] ....  6163.574075: do_swap_page: swapin tgid 1333 pid 1363 name "android.bg" vma 9da61000
           <...>-1622  [004] ....  6163.574121: do_swap_page: swapin tgid 1333 pid 1622 name "AudioService" vma 7e867b2000
   Binder:1717_2-1740  [004] ....  6163.574185: do_swap_page: swapin tgid 1717 pid 1740 name "Binder:1717_2" vma 13332000
           <...>-3293  [004] ....  6163.574302: do_swap_page: swapin tgid 1796 pid 3293 name "Binder:1796_4" vma 7f2d668000
           <...>-3293  [004] ....  6163.574313: do_swap_page: swapin tgid 1796 pid 3293 name "Binder:1796_4" vma 7ede413000
           <...>-3293  [004] ....  6163.574317: do_swap_page: swapin tgid 1796 pid 3293 name "Binder:1796_4" vma 7ede414000
           <...>-1854  [004] ....  6163.574354: do_swap_page: swapin tgid 1830 pid 1854 name "Binder:1830_2" vma 7f2d668000
           <...>-1854  [004] ....  6163.574362: do_swap_page: swapin tgid 1830 pid 1854 name "Binder:1830_2" vma 7f2e02d000
           <...>-1854  [004] ....  6163.574366: do_swap_page: swapin tgid 1830 pid 1854 name "Binder:1830_2" vma 7f2e02e000
           <...>-1946  [004] ....  6163.574396: do_swap_page: swapin tgid 1926 pid 1946 name "Binder:1926_1" vma 7f28a4e000
           <...>-1946  [004] ....  6163.574403: do_swap_page: swapin tgid 1926 pid 1946 name "Binder:1926_1" vma 7f2e12a000
           <...>-1946  [004] ....  6163.574408: do_swap_page: swapin tgid 1926 pid 1946 name "Binder:1926_1" vma 7f2e12b000
           <...>-5253  [004] ....  6163.574449: do_swap_page: swapin tgid 1942 pid 5253 name "Binder:1942_B" vma 7fbe241000
           <...>-2024  [004] ....  6163.574479: do_swap_page: swapin tgid 2002 pid 2024 name "Binder:2002_3" vma 7f28abc000
           <...>-2024  [004] ....  6163.574523: do_swap_page: swapin tgid 2002 pid 2024 name "Binder:2002_3" vma 7f2df30000
           <...>-2024  [004] ....  6163.574528: do_swap_page: swapin tgid 2002 pid 2024 name "Binder:2002_3" vma 7f2df31000
   Binder:2031_2-2060  [004] ....  6163.574555: do_swap_page: swapin tgid 2031 pid 2060 name "Binder:2031_2" vma 7f2d653000
   Binder:2031_2-2060  [004] ....  6163.574563: do_swap_page: swapin tgid 2031 pid 2060 name "Binder:2031_2" vma 7f2e02d000
   Binder:2031_2-2060  [004] ....  6163.574567: do_swap_page: swapin tgid 2031 pid 2060 name "Binder:2031_2" vma 7f2e02e000
           <...>-2763  [004] ....  6163.574637: do_swap_page: swapin tgid 2244 pid 2763 name "Binder:2244_5" vma 7f2d616000
           <...>-2763  [004] ....  6163.574646: do_swap_page: swapin tgid 2244 pid 2763 name "Binder:2244_5" vma 7f2d61f000
           <...>-2763  [004] ....  6163.574648: do_swap_page: swapin tgid 2244 pid 2763 name "Binder:2244_5" vma 7f2d7ee000
           <...>-2763  [004] ....  6163.574654: do_swap_page: swapin tgid 2244 pid 2763 name "Binder:2244_5" vma 7fbba73000
           <...>-2763  [004] ....  6163.574659: do_swap_page: swapin tgid 2244 pid 2763 name "Binder:2244_5" vma 7fbe2f3000
           <...>-2763  [004] ....  6163.574663: do_swap_page: swapin tgid 2244 pid 2763 name "Binder:2244_5" vma 7fbe241000
           <...>-2187  [004] ....  6163.574691: do_swap_page: swapin tgid 1717 pid 2187 name "ScreenDecoratio" vma 7eb75fb000
           <...>-2187  [004] ....  6163.574702: do_swap_page: swapin tgid 1717 pid 2187 name "ScreenDecoratio" vma 7eb75fc000
           <...>-2187  [004] ....  6163.574706: do_swap_page: swapin tgid 1717 pid 2187 name "ScreenDecoratio" vma 7f28dd7000
           <...>-2187  [004] ....  6163.574711: do_swap_page: swapin tgid 1717 pid 2187 name "ScreenDecoratio" vma 7f28dd8000
           <...>-2187  [004] ....  6163.574713: do_swap_page: swapin tgid 1717 pid 2187 name "ScreenDecoratio" vma 7eb75fa000
           <...>-2187  [004] ....  6163.574719: do_swap_page: swapin tgid 1717 pid 2187 name "ScreenDecoratio" vma 7eb75f9000
           <...>-1622  [004] ....  6163.574746: do_swap_page: swapin tgid 1333 pid 1622 name "AudioService" vma 7e867b2000
           <...>-1622  [004] ....  6163.574784: do_swap_page: swapin tgid 1333 pid 1622 name "AudioService" vma 7e867af000
           <...>-1946  [004] ....  6163.574809: do_swap_page: swapin tgid 1926 pid 1946 name "Binder:1926_1" vma 7f2e12b000
           <...>-1946  [004] ....  6163.574816: do_swap_page: swapin tgid 1926 pid 1946 name "Binder:1926_1" vma 7f289fc000
           <...>-1946  [004] ....  6163.574818: do_swap_page: swapin tgid 1926 pid 1946 name "Binder:1926_1" vma 7fbe180000
           <...>-1946  [004] ....  6163.574849: do_swap_page: swapin tgid 1926 pid 1946 name "Binder:1926_1" vma 7fbe22b000
           <...>-1946  [004] ....  6163.574853: do_swap_page: swapin tgid 1926 pid 1946 name "Binder:1926_1" vma 7f28ac2000
           <...>-5253  [004] ....  6163.574881: do_swap_page: swapin tgid 1942 pid 5253 name "Binder:1942_B" vma 7fbe241000
           <...>-5253  [004] ....  6163.574915: do_swap_page: swapin tgid 1942 pid 5253 name "Binder:1942_B" vma 7f2d62c000
           <...>-5253  [004] ....  6163.574944: do_swap_page: swapin tgid 1942 pid 5253 name "Binder:1942_B" vma 1455a000
           <...>-1942  [004] ....  6163.575023: do_swap_page: swapin tgid 1942 pid 1942 name "m.android.phone" vma 1447b000
           <...>-1942  [004] ....  6163.575029: do_swap_page: swapin tgid 1942 pid 1942 name "m.android.phone" vma 1445e000
           <...>-1942  [004] ....  6163.575041: do_swap_page: swapin tgid 1942 pid 1942 name "m.android.phone" vma 1445d000
           <...>-1942  [004] ....  6163.575045: do_swap_page: swapin tgid 1942 pid 1942 name "m.android.phone" vma 1450c000
           <...>-1854  [004] ....  6163.575071: do_swap_page: swapin tgid 1830 pid 1854 name "Binder:1830_2" vma 7f2e02e000
           <...>-1854  [004] ....  6163.575077: do_swap_page: swapin tgid 1830 pid 1854 name "Binder:1830_2" vma 7f2d666000
           <...>-1854  [004] ....  6163.575082: do_swap_page: swapin tgid 1830 pid 1854 name "Binder:1830_2" vma 7fbe180000
           <...>-1854  [004] ....  6163.575086: do_swap_page: swapin tgid 1830 pid 1854 name "Binder:1830_2" vma 7f2d673000
   Binder:2031_2-2060  [004] ....  6163.575109: do_swap_page: swapin tgid 2031 pid 2060 name "Binder:2031_2" vma 7f2e02e000
   Binder:2031_2-2060  [004] ....  6163.575114: do_swap_page: swapin tgid 2031 pid 2060 name "Binder:2031_2" vma 7f2d651000
   Binder:2031_2-2060  [004] ....  6163.575126: do_swap_page: swapin tgid 2031 pid 2060 name "Binder:2031_2" vma 7f2d615000
   Binder:2031_2-2060  [004] ....  6163.575128: do_swap_page: swapin tgid 2031 pid 2060 name "Binder:2031_2" vma 7f2d61f000
   Binder:2031_2-2060  [004] ....  6163.575130: do_swap_page: swapin tgid 2031 pid 2060 name "Binder:2031_2" vma 7f2d67c000
   Binder:2031_2-2060  [004] ....  6163.575153: do_swap_page: swapin tgid 2031 pid 2060 name "Binder:2031_2" vma 7fbe241000
           <...>-3293  [004] ....  6163.575175: do_swap_page: swapin tgid 1796 pid 3293 name "Binder:1796_4" vma 7ede414000
           <...>-3293  [004] ....  6163.575183: do_swap_page: swapin tgid 1796 pid 3293 name "Binder:1796_4" vma 7f2d63b000
           <...>-3293  [004] ....  6163.575188: do_swap_page: swapin tgid 1796 pid 3293 name "Binder:1796_4" vma 7fbe180000
           <...>-3293  [004] ....  6163.575197: do_swap_page: swapin tgid 1796 pid 3293 name "Binder:1796_4" vma 7f2d615000
           <...>-3293  [004] ....  6163.575199: do_swap_page: swapin tgid 1796 pid 3293 name "Binder:1796_4" vma 7f2d61f000
   system_server-1333  [004] ....  6163.575245: do_swap_page: swapin tgid 1333 pid 1333 name "system_server" vma 9da61000
   system_server-1333  [004] ....  6163.575306: do_swap_page: swapin tgid 1333 pid 1333 name "system_server" vma 9da9f000
           <...>-2187  [004] ....  6163.575334: do_swap_page: swapin tgid 1717 pid 2187 name "ScreenDecoratio" vma 7eb75f9000
           <...>-2187  [004] ....  6163.575344: do_swap_page: swapin tgid 1717 pid 2187 name "ScreenDecoratio" vma 7f3127a000
           <...>-2187  [004] ....  6163.575367: do_swap_page: swapin tgid 1717 pid 2187 name "ScreenDecoratio" vma 12d43000
           <...>-2187  [004] ....  6163.575375: do_swap_page: swapin tgid 1717 pid 2187 name "ScreenDecoratio" vma 13d3b000
           <...>-2187  [004] ....  6163.575381: do_swap_page: swapin tgid 1717 pid 2187 name "ScreenDecoratio" vma 13d3a000
           <...>-2187  [004] ....  6163.575395: do_swap_page: swapin tgid 1717 pid 2187 name "ScreenDecoratio" vma 7ec0415000
           <...>-2187  [004] ....  6163.575398: do_swap_page: swapin tgid 1717 pid 2187 name "ScreenDecoratio" vma 7ec0416000
           <...>-2187  [004] ....  6163.575407: do_swap_page: swapin tgid 1717 pid 2187 name "ScreenDecoratio" vma 7fbe23d000
           <...>-2187  [004] ....  6163.575412: do_swap_page: swapin tgid 1717 pid 2187 name "ScreenDecoratio" vma 7f28f1d000
           <...>-2187  [004] ....  6163.575418: do_swap_page: swapin tgid 1717 pid 2187 name "ScreenDecoratio" vma 7ec04f0000
           <...>-2187  [004] ....  6163.575428: do_swap_page: swapin tgid 1717 pid 2187 name "ScreenDecoratio" vma 7f28f1c000
           <...>-5088  [004] ....  6163.575492: do_swap_page: swapin tgid 1333 pid 5088 name "Binder:1333_13" vma 7e5dc5d000
           <...>-5088  [004] ....  6163.575537: do_swap_page: swapin tgid 1333 pid 5088 name "Binder:1333_13" vma 7e6e8ce000
           <...>-5088  [004] ....  6163.575567: do_swap_page: swapin tgid 1333 pid 5088 name "Binder:1333_13" vma 7e6219d000
           <...>-5088  [004] ....  6163.575576: do_swap_page: swapin tgid 1333 pid 5088 name "Binder:1333_13" vma 7eb751b000
           <...>-5088  [004] ....  6163.575589: do_swap_page: swapin tgid 1333 pid 5088 name "Binder:1333_13" vma 7eb750f000
           <...>-2024  [004] ....  6163.575625: do_swap_page: swapin tgid 2002 pid 2024 name "Binder:2002_3" vma 7f2df31000
           <...>-2024  [004] ....  6163.575632: do_swap_page: swapin tgid 2002 pid 2024 name "Binder:2002_3" vma 7fbe1db000
           <...>-2024  [004] ....  6163.575634: do_swap_page: swapin tgid 2002 pid 2024 name "Binder:2002_3" vma 7fbe180000
           <...>-2024  [004] ....  6163.575638: do_swap_page: swapin tgid 2002 pid 2024 name "Binder:2002_3" vma 7fbe1d0000
           <...>-1942  [004] ....  6163.575669: do_swap_page: swapin tgid 1942 pid 1942 name "m.android.phone" vma 1450c000
           <...>-1942  [004] ....  6163.575679: do_swap_page: swapin tgid 1942 pid 1942 name "m.android.phone" vma 144f3000
           <...>-1942  [004] ....  6163.575686: do_swap_page: swapin tgid 1942 pid 1942 name "m.android.phone" vma 7f28b2c000
           <...>-1942  [004] ....  6163.575697: do_swap_page: swapin tgid 1942 pid 1942 name "m.android.phone" vma 7f2d145000
           <...>-2763  [004] ....  6163.575725: do_swap_page: swapin tgid 2244 pid 2763 name "Binder:2244_5" vma 7fbe241000
           <...>-2763  [004] ....  6163.575738: do_swap_page: swapin tgid 2244 pid 2763 name "Binder:2244_5" vma 7f318f3000
           <...>-1622  [004] ....  6163.575765: do_swap_page: swapin tgid 1333 pid 1622 name "AudioService" vma 7e867af000
           <...>-1622  [004] ....  6163.575780: do_swap_page: swapin tgid 1333 pid 1622 name "AudioService" vma 9daa5000
           <...>-1854  [004] ....  6163.575823: do_swap_page: swapin tgid 1830 pid 1854 name "Binder:1830_2" vma 7f2d673000
           <...>-1854  [004] ....  6163.575837: do_swap_page: swapin tgid 1830 pid 1854 name "Binder:1830_2" vma 7f2d615000
           <...>-1854  [004] ....  6163.575840: do_swap_page: swapin tgid 1830 pid 1854 name "Binder:1830_2" vma 7f2d62d000
   Binder:2031_2-2060  [004] ....  6163.575866: do_swap_page: swapin tgid 2031 pid 2060 name "Binder:2031_2" vma 7fbe241000
   Binder:2031_2-2060  [004] ....  6163.575872: do_swap_page: swapin tgid 2031 pid 2060 name "Binder:2031_2" vma 7f2d63f000
   Binder:2031_2-2060  [004] ....  6163.575876: do_swap_page: swapin tgid 2031 pid 2060 name "Binder:2031_2" vma 7fbbdfa000
   Binder:2031_2-2060  [004] ....  6163.575878: do_swap_page: swapin tgid 2031 pid 2060 name "Binder:2031_2" vma 7f2d619000
   Binder:2031_2-2060  [004] ....  6163.575881: do_swap_page: swapin tgid 2031 pid 2060 name "Binder:2031_2" vma 7f2d640000
   Binder:2031_2-2060  [004] ....  6163.575885: do_swap_page: swapin tgid 2031 pid 2060 name "Binder:2031_2" vma 7f2d61a000
   Binder:2031_2-2060  [004] ....  6163.575888: do_swap_page: swapin tgid 2031 pid 2060 name "Binder:2031_2" vma 7f2e02b000
           <...>-1946  [004] ....  6163.575913: do_swap_page: swapin tgid 1926 pid 1946 name "Binder:1926_1" vma 7f28ac2000
           <...>-1946  [004] ....  6163.575918: do_swap_page: swapin tgid 1926 pid 1946 name "Binder:1926_1" vma 7fbe2fc000
           <...>-1946  [004] ....  6163.575924: do_swap_page: swapin tgid 1926 pid 1946 name "Binder:1926_1" vma 7fbba73000
           <...>-3293  [004] ....  6163.575973: do_swap_page: swapin tgid 1796 pid 3293 name "Binder:1796_4" vma 7f2d61f000
           <...>-3293  [004] ....  6163.575980: do_swap_page: swapin tgid 1796 pid 3293 name "Binder:1796_4" vma 7f2d6c6000
           <...>-3293  [004] ....  6163.575986: do_swap_page: swapin tgid 1796 pid 3293 name "Binder:1796_4" vma 7fbba73000
           <...>-2024  [004] ....  6163.576026: do_swap_page: swapin tgid 2002 pid 2024 name "Binder:2002_3" vma 7fbe1d0000
           <...>-2024  [004] ....  6163.576041: do_swap_page: swapin tgid 2002 pid 2024 name "Binder:2002_3" vma 7fbe22b000
           <...>-2024  [004] ....  6163.576047: do_swap_page: swapin tgid 2002 pid 2024 name "Binder:2002_3" vma 7f28ac2000
   system_server-1333  [004] ....  6163.576072: do_swap_page: swapin tgid 1333 pid 1333 name "system_server" vma 9da9f000
   system_server-1333  [004] ....  6163.576077: do_swap_page: swapin tgid 1333 pid 1333 name "system_server" vma 9dad2000
           <...>-2763  [004] ....  6163.576120: do_swap_page: swapin tgid 2244 pid 2763 name "Binder:2244_5" vma 7f318f3000
           <...>-2763  [004] ....  6163.576130: do_swap_page: swapin tgid 2244 pid 2763 name "Binder:2244_5" vma 13aa9000
           <...>-1622  [004] ....  6163.576206: do_swap_page: swapin tgid 1333 pid 1622 name "AudioService" vma 9daa5000
           <...>-1622  [004] ....  6163.576224: do_swap_page: swapin tgid 1333 pid 1622 name "AudioService" vma 7e867b0000
           <...>-1942  [004] ....  6163.576242: do_swap_page: swapin tgid 1942 pid 1942 name "m.android.phone" vma 7f2d145000
           <...>-1942  [004] ....  6163.576254: do_swap_page: swapin tgid 1942 pid 1942 name "m.android.phone" vma 7f28abf000
           <...>-1942  [004] ....  6163.576259: do_swap_page: swapin tgid 1942 pid 1942 name "m.android.phone" vma 1454f000
           <...>-1854  [004] ....  6163.576321: do_swap_page: swapin tgid 1830 pid 1854 name "Binder:1830_2" vma 7f2d62d000
           <...>-1854  [004] ....  6163.576325: do_swap_page: swapin tgid 1830 pid 1854 name "Binder:1830_2" vma 7f2d669000
           <...>-1854  [004] ....  6163.576330: do_swap_page: swapin tgid 1830 pid 1854 name "Binder:1830_2" vma 7fbba73000
   system_server-1333  [004] ....  6163.576364: do_swap_page: swapin tgid 1333 pid 1333 name "system_server" vma 9dad2000
   system_server-1333  [004] ....  6163.576369: do_swap_page: swapin tgid 1333 pid 1333 name "system_server" vma 9dac3000
           <...>-3293  [004] ....  6163.576391: do_swap_page: swapin tgid 1796 pid 3293 name "Binder:1796_4" vma 7fbba73000
           <...>-3293  [004] ....  6163.576398: do_swap_page: swapin tgid 1796 pid 3293 name "Binder:1796_4" vma 7fbe2df000
           <...>-3293  [004] ....  6163.576401: do_swap_page: swapin tgid 1796 pid 3293 name "Binder:1796_4" vma 7fbe241000
           <...>-1946  [004] ....  6163.576447: do_swap_page: swapin tgid 1926 pid 1946 name "Binder:1926_1" vma 7fbba73000
           <...>-1946  [004] ....  6163.576455: do_swap_page: swapin tgid 1926 pid 1946 name "Binder:1926_1" vma 7fbe2f1000
           <...>-1946  [004] ....  6163.576458: do_swap_page: swapin tgid 1926 pid 1946 name "Binder:1926_1" vma 7fbe241000
   Binder:2031_2-2060  [004] ....  6163.576499: do_swap_page: swapin tgid 2031 pid 2060 name "Binder:2031_2" vma 7f2e02b000
   Binder:2031_2-2060  [004] ....  6163.576508: do_swap_page: swapin tgid 2031 pid 2060 name "Binder:2031_2" vma 13007000
   Binder:2031_2-2060  [004] ....  6163.576509: do_swap_page: swapin tgid 2031 pid 2060 name "Binder:2031_2" vma 130d3000
   Binder:2031_2-2060  [004] ....  6163.576521: do_swap_page: swapin tgid 2031 pid 2060 name "Binder:2031_2" vma 7f2e02c000
   Binder:2031_2-2060  [004] ....  6163.576525: do_swap_page: swapin tgid 2031 pid 2060 name "Binder:2031_2" vma 7fbe29c000
   Binder:2031_2-2060  [004] ....  6163.576554: do_swap_page: swapin tgid 2031 pid 2060 name "Binder:2031_2" vma 7fbdd6b000
   Binder:2031_2-2060  [004] ....  6163.576568: do_swap_page: swapin tgid 2031 pid 2060 name "Binder:2031_2" vma 13013000
   Binder:2031_2-2060  [004] ....  6163.576577: do_swap_page: swapin tgid 2031 pid 2060 name "Binder:2031_2" vma 7f2895d000
   Binder:2031_2-2060  [004] ....  6163.576579: do_swap_page: swapin tgid 2031 pid 2060 name "Binder:2031_2" vma 7f2895e000
   Binder:2031_2-2060  [004] ....  6163.576581: do_swap_page: swapin tgid 2031 pid 2060 name "Binder:2031_2" vma 7f2d678000
   Binder:2031_2-2060  [004] ....  6163.576584: do_swap_page: swapin tgid 2031 pid 2060 name "Binder:2031_2" vma 7f2d61e000
   Binder:2031_2-2060  [004] ....  6163.576587: do_swap_page: swapin tgid 2031 pid 2060 name "Binder:2031_2" vma 7f2d16b000
   Binder:2031_2-2060  [004] ....  6163.576597: do_swap_page: swapin tgid 2031 pid 2060 name "Binder:2031_2" vma 1327f000
   Binder:2031_2-2060  [004] ....  6163.576603: do_swap_page: swapin tgid 2031 pid 2060 name "Binder:2031_2" vma 7fbe25e000
   Binder:2031_2-2060  [004] ....  6163.576607: do_swap_page: swapin tgid 2031 pid 2060 name "Binder:2031_2" vma 7f2d66f000
   Binder:2031_2-2060  [004] ....  6163.576609: do_swap_page: swapin tgid 2031 pid 2060 name "Binder:2031_2" vma 7f2d670000
   Binder:2031_2-2060  [004] ....  6163.576664: do_swap_page: swapin tgid 2031 pid 2060 name "Binder:2031_2" vma 7175a000
           <...>-2068  [004] ....  6163.576682: do_swap_page: swapin tgid 2031 pid 2068 name "UiThreadHelper" vma 7ed0bf2000
           <...>-2068  [004] ....  6163.576690: do_swap_page: swapin tgid 2031 pid 2068 name "UiThreadHelper" vma 7ed0bf3000
           <...>-2763  [004] ....  6163.576716: do_swap_page: swapin tgid 2244 pid 2763 name "Binder:2244_5" vma 13aa9000
           <...>-2763  [004] ....  6163.576723: do_swap_page: swapin tgid 2244 pid 2763 name "Binder:2244_5" vma 7fbe286000
           <...>-2763  [004] ....  6163.576726: do_swap_page: swapin tgid 2244 pid 2763 name "Binder:2244_5" vma 7fbe285000
           <...>-2763  [004] ....  6163.576730: do_swap_page: swapin tgid 2244 pid 2763 name "Binder:2244_5" vma 7f393f3000
           <...>-2763  [004] ....  6163.576733: do_swap_page: swapin tgid 2244 pid 2763 name "Binder:2244_5" vma 7fbe1f8000
           <...>-2763  [004] ....  6163.576741: do_swap_page: swapin tgid 2244 pid 2763 name "Binder:2244_5" vma 7ec41d5000
   system_server-1333  [004] ....  6163.576768: do_swap_page: swapin tgid 1333 pid 1333 name "system_server" vma 9dac3000
           <...>-2024  [004] ....  6163.576809: do_swap_page: swapin tgid 2002 pid 2024 name "Binder:2002_3" vma 7f28ac2000
           <...>-2024  [004] ....  6163.576815: do_swap_page: swapin tgid 2002 pid 2024 name "Binder:2002_3" vma 7fbe222000
           <...>-2024  [004] ....  6163.576820: do_swap_page: swapin tgid 2002 pid 2024 name "Binder:2002_3" vma 7fbba73000
           <...>-1622  [004] ....  6163.576851: do_swap_page: swapin tgid 1333 pid 1622 name "AudioService" vma 7ed0e49000
           <...>-1854  [004] ....  6163.576909: do_swap_page: swapin tgid 1830 pid 1854 name "Binder:1830_2" vma 7fbba73000
           <...>-1854  [004] ....  6163.576915: do_swap_page: swapin tgid 1830 pid 1854 name "Binder:1830_2" vma 7fbe2f1000
           <...>-1854  [004] ....  6163.576939: do_swap_page: swapin tgid 1830 pid 1854 name "Binder:1830_2" vma 7fbe241000
           <...>-2068  [004] ....  6163.576983: do_swap_page: swapin tgid 2031 pid 2068 name "UiThreadHelper" vma 7ed0bf3000
           <...>-2068  [004] ....  6163.576989: do_swap_page: swapin tgid 2031 pid 2068 name "UiThreadHelper" vma 7f28bcf000
           <...>-2068  [004] ....  6163.576994: do_swap_page: swapin tgid 2031 pid 2068 name "UiThreadHelper" vma 7f28b19000
           <...>-2068  [004] ....  6163.576998: do_swap_page: swapin tgid 2031 pid 2068 name "UiThreadHelper" vma 7ed0bf1000
           <...>-2068  [004] ....  6163.577007: do_swap_page: swapin tgid 2031 pid 2068 name "UiThreadHelper" vma 7f31571000
           <...>-2068  [004] ....  6163.577011: do_swap_page: swapin tgid 2031 pid 2068 name "UiThreadHelper" vma 12c80000
           <...>-2068  [004] ....  6163.577016: do_swap_page: swapin tgid 2031 pid 2068 name "UiThreadHelper" vma 9d881000
           <...>-2187  [004] ....  6163.577056: do_swap_page: swapin tgid 1717 pid 2187 name "ScreenDecoratio" vma 132fc000
           <...>-2187  [004] ....  6163.577063: do_swap_page: swapin tgid 1717 pid 2187 name "ScreenDecoratio" vma 132fd000
           <...>-2187  [004] ....  6163.577090: do_swap_page: swapin tgid 1717 pid 2187 name "ScreenDecoratio" vma 7ec03f4000
           <...>-2187  [004] ....  6163.577106: do_swap_page: swapin tgid 1717 pid 2187 name "ScreenDecoratio" vma 13db1000
           <...>-2068  [004] ....  6163.577226: do_swap_page: swapin tgid 2031 pid 2068 name "UiThreadHelper" vma 9d881000
           <...>-2068  [004] ....  6163.577232: do_swap_page: swapin tgid 2031 pid 2068 name "UiThreadHelper" vma 9d85d000
           <...>-2068  [004] ....  6163.577235: do_swap_page: swapin tgid 2031 pid 2068 name "UiThreadHelper" vma 9d83c000
           <...>-2068  [004] ....  6163.577238: do_swap_page: swapin tgid 2031 pid 2068 name "UiThreadHelper" vma 13c02000
           <...>-2068  [004] ....  6163.577242: do_swap_page: swapin tgid 2031 pid 2068 name "UiThreadHelper" vma 13c14000
           <...>-1942  [004] ....  6163.577275: do_swap_page: swapin tgid 1942 pid 1942 name "m.android.phone" vma 1454f000
           <...>-1942  [004] ....  6163.577285: do_swap_page: swapin tgid 1942 pid 1942 name "m.android.phone" vma 7f2d677000
           <...>-1946  [004] ....  6163.577309: do_swap_page: swapin tgid 1926 pid 1946 name "Binder:1926_1" vma 7fbe241000
           <...>-1946  [004] ....  6163.577316: do_swap_page: swapin tgid 1926 pid 1946 name "Binder:1926_1" vma 7fbe1e9000
           <...>-3293  [004] ....  6163.577342: do_swap_page: swapin tgid 1796 pid 3293 name "Binder:1796_4" vma 7fbe241000
           <...>-3293  [004] ....  6163.577350: do_swap_page: swapin tgid 1796 pid 3293 name "Binder:1796_4" vma 7fbe1e9000
           <...>-2024  [004] ....  6163.577372: do_swap_page: swapin tgid 2002 pid 2024 name "Binder:2002_3" vma 7fbba73000
           <...>-2024  [004] ....  6163.577381: do_swap_page: swapin tgid 2002 pid 2024 name "Binder:2002_3" vma 7fbe2f1000
           <...>-2024  [004] ....  6163.577383: do_swap_page: swapin tgid 2002 pid 2024 name "Binder:2002_3" vma 7fbe241000
           <...>-2763  [004] ....  6163.577411: do_swap_page: swapin tgid 2244 pid 2763 name "Binder:2244_5" vma 7ec41d5000
           <...>-2763  [004] ....  6163.577421: do_swap_page: swapin tgid 2244 pid 2763 name "Binder:2244_5" vma 13a41000
           <...>-2763  [004] ....  6163.577427: do_swap_page: swapin tgid 2244 pid 2763 name "Binder:2244_5" vma 13665000
           <...>-2763  [004] ....  6163.577429: do_swap_page: swapin tgid 2244 pid 2763 name "Binder:2244_5" vma 144ad000
           <...>-2763  [004] ....  6163.577434: do_swap_page: swapin tgid 2244 pid 2763 name "Binder:2244_5" vma 14c6e000
           <...>-2763  [004] ....  6163.577475: do_swap_page: swapin tgid 2244 pid 2763 name "Binder:2244_5" vma 7fbe24e000
           <...>-2068  [004] ....  6163.577498: do_swap_page: swapin tgid 2031 pid 2068 name "UiThreadHelper" vma 13c14000
           <...>-2068  [004] ....  6163.577544: do_swap_page: swapin tgid 2031 pid 2068 name "UiThreadHelper" vma 7f28bb4000
           <...>-2068  [004] ....  6163.577548: do_swap_page: swapin tgid 2031 pid 2068 name "UiThreadHelper" vma 7f28bb5000
           <...>-2068  [004] ....  6163.577556: do_swap_page: swapin tgid 2031 pid 2068 name "UiThreadHelper" vma 7f2d686000
           <...>-2068  [004] ....  6163.577558: do_swap_page: swapin tgid 2031 pid 2068 name "UiThreadHelper" vma 7f2d6ae000
           <...>-2068  [004] ....  6163.577560: do_swap_page: swapin tgid 2031 pid 2068 name "UiThreadHelper" vma 7f2d652000
           <...>-2068  [004] ....  6163.577561: do_swap_page: swapin tgid 2031 pid 2068 name "UiThreadHelper" vma 7f28b0f000
           <...>-2068  [004] ....  6163.577566: do_swap_page: swapin tgid 2031 pid 2068 name "UiThreadHelper" vma 7f2d659000
           <...>-2068  [004] ....  6163.577570: do_swap_page: swapin tgid 2031 pid 2068 name "UiThreadHelper" vma 7f2d654000
           <...>-2068  [004] ....  6163.577573: do_swap_page: swapin tgid 2031 pid 2068 name "UiThreadHelper" vma 13033000
           <...>-2068  [004] ....  6163.577599: do_swap_page: swapin tgid 2031 pid 2068 name "UiThreadHelper" vma 7fbe1ca000
           <...>-1942  [004] ....  6163.577627: do_swap_page: swapin tgid 1942 pid 1942 name "m.android.phone" vma 7f2d677000
           <...>-1942  [004] ....  6163.577634: do_swap_page: swapin tgid 1942 pid 1942 name "m.android.phone" vma 7f28b4c000
           <...>-1942  [004] ....  6163.577699: do_swap_page: swapin tgid 1942 pid 1942 name "m.android.phone" vma 7f289bb000
           <...>-1854  [004] ....  6163.577753: do_swap_page: swapin tgid 1830 pid 1854 name "Binder:1830_2" vma 7fbe241000
           <...>-1854  [004] .n..  6163.577782: do_swap_page: swapin tgid 1830 pid 1854 name "Binder:1830_2" vma 7fbe1e9000
           <...>-2068  [004] ....  6163.577812: do_swap_page: swapin tgid 2031 pid 2068 name "UiThreadHelper" vma 7fbe1ca000
           <...>-3293  [004] ....  6163.577839: do_swap_page: swapin tgid 1796 pid 3293 name "Binder:1796_4" vma 7fbe1e9000
           <...>-3293  [004] ....  6163.577845: do_swap_page: swapin tgid 1796 pid 3293 name "Binder:1796_4" vma 7f393f4000
           <...>-1946  [004] ....  6163.577874: do_swap_page: swapin tgid 1926 pid 1946 name "Binder:1926_1" vma 7fbe1e9000
           <...>-1946  [004] ....  6163.577906: do_swap_page: swapin tgid 1926 pid 1946 name "Binder:1926_1" vma 7f393f4000
           <...>-2024  [004] ....  6163.577928: do_swap_page: swapin tgid 2002 pid 2024 name "Binder:2002_3" vma 7fbe241000
           <...>-2024  [004] ....  6163.577936: do_swap_page: swapin tgid 2002 pid 2024 name "Binder:2002_3" vma 7fbe1e9000
           <...>-2068  [004] ....  6163.578028: do_swap_page: swapin tgid 2031 pid 2068 name "UiThreadHelper" vma 7ed0d22000
           <...>-2068  [004] ....  6163.578044: do_swap_page: swapin tgid 2031 pid 2068 name "UiThreadHelper" vma 7fbe1f9000
           <...>-2068  [004] ....  6163.578048: do_swap_page: swapin tgid 2031 pid 2068 name "UiThreadHelper" vma 13c18000
           <...>-2068  [004] ....  6163.578050: do_swap_page: swapin tgid 2031 pid 2068 name "UiThreadHelper" vma 1303e000
           <...>-2068  [004] ....  6163.578058: do_swap_page: swapin tgid 2031 pid 2068 name "UiThreadHelper" vma 1303f000
           <...>-2068  [004] ....  6163.578102: do_swap_page: swapin tgid 2031 pid 2068 name "UiThreadHelper" vma 130c7000
           <...>-2068  [004] ....  6163.578106: do_swap_page: swapin tgid 2031 pid 2068 name "UiThreadHelper" vma 130c6000
           <...>-2068  [004] ....  6163.578108: do_swap_page: swapin tgid 2031 pid 2068 name "UiThreadHelper" vma 718aa000
           <...>-2068  [004] ....  6163.578115: do_swap_page: swapin tgid 2031 pid 2068 name "UiThreadHelper" vma 718b7000
           <...>-2068  [004] ....  6163.578119: do_swap_page: swapin tgid 2031 pid 2068 name "UiThreadHelper" vma 7fbe167000
           <...>-2068  [004] ....  6163.578122: do_swap_page: swapin tgid 2031 pid 2068 name "UiThreadHelper" vma 7f35081000
           <...>-2068  [004] ....  6163.578125: do_swap_page: swapin tgid 2031 pid 2068 name "UiThreadHelper" vma 7f346ba000
           <...>-1854  [004] ....  6163.578316: do_swap_page: swapin tgid 1830 pid 1854 name "Binder:1830_2" vma 7fbe1e9000
           <...>-1854  [004] ....  6163.578324: do_swap_page: swapin tgid 1830 pid 1854 name "Binder:1830_2" vma 7f393f4000
           <...>-3293  [004] ....  6163.578360: do_swap_page: swapin tgid 1796 pid 3293 name "Binder:1796_4" vma 7f393f4000
           <...>-3293  [004] ....  6163.578367: do_swap_page: swapin tgid 1796 pid 3293 name "Binder:1796_4" vma 7fbe165000
           <...>-1946  [004] ....  6163.578394: do_swap_page: swapin tgid 1926 pid 1946 name "Binder:1926_1" vma 7f393f4000
           <...>-1946  [004] ....  6163.578400: do_swap_page: swapin tgid 1926 pid 1946 name "Binder:1926_1" vma 7fbe165000
           <...>-1942  [004] ....  6163.578426: do_swap_page: swapin tgid 1942 pid 1942 name "m.android.phone" vma 7fbe1d0000
           <...>-2763  [004] ....  6163.578450: do_swap_page: swapin tgid 2244 pid 2763 name "Binder:2244_5" vma 7fbe24e000
           <...>-2763  [004] ....  6163.578483: do_swap_page: swapin tgid 2244 pid 2763 name "Binder:2244_5" vma 7f31369000
