    RenderThread-2480  [004] ....  7008.325621: do_swap_page: swapin tgid 2031 pid 2480 name "RenderThread" vma 7f2d145000
    RenderThread-2480  [004] ....  7008.325623: do_swap_page: swapin tgid 2031 pid 2480 name "RenderThread" vma 7ed0da4000
    RenderThread-2480  [004] ....  7008.325626: do_swap_page: swapin tgid 2031 pid 2480 name "RenderThread" vma 7f39800000
    RenderThread-2480  [004] ....  7008.325630: do_swap_page: swapin tgid 2031 pid 2480 name "RenderThread" vma 7fbe175000
    RenderThread-6164  [004] ....  7008.325661: do_swap_page: swapin tgid 6123 pid 6164 name "RenderThread" vma cb04e000
    RenderThread-6164  [004] ....  7008.325672: do_swap_page: swapin tgid 6123 pid 6164 name "RenderThread" vma f0d63000
    RenderThread-6164  [004] ....  7008.325677: do_swap_page: swapin tgid 6123 pid 6164 name "RenderThread" vma cb04d000
    RenderThread-6164  [004] ....  7008.325680: do_swap_page: swapin tgid 6123 pid 6164 name "RenderThread" vma cbda6000
    RenderThread-6164  [004] ....  7008.325689: do_swap_page: swapin tgid 6123 pid 6164 name "RenderThread" vma cacdd000
    RenderThread-6164  [004] ....  7008.325721: do_swap_page: swapin tgid 6123 pid 6164 name "RenderThread" vma f6274000
    RenderThread-6164  [004] ....  7008.325726: do_swap_page: swapin tgid 6123 pid 6164 name "RenderThread" vma f72e0000
    RenderThread-6164  [004] ....  7008.325736: do_swap_page: swapin tgid 6123 pid 6164 name "RenderThread" vma bee74000
    RenderThread-6164  [004] ....  7008.325739: do_swap_page: swapin tgid 6123 pid 6164 name "RenderThread" vma cbd50000
    RenderThread-6164  [004] ....  7008.325743: do_swap_page: swapin tgid 6123 pid 6164 name "RenderThread" vma cb04c000
    RenderThread-6164  [004] ....  7008.325749: do_swap_page: swapin tgid 6123 pid 6164 name "RenderThread" vma f7a24000
    RenderThread-6164  [004] ....  7008.325752: do_swap_page: swapin tgid 6123 pid 6164 name "RenderThread" vma f0d62000
    RenderThread-6164  [004] ....  7008.325754: do_swap_page: swapin tgid 6123 pid 6164 name "RenderThread" vma cbc3d000
           <...>-6376  [004] ....  7008.325829: do_swap_page: swapin tgid 1333 pid 6376 name "RenderThread" vma 7e5fbac000
           <...>-6376  [004] ....  7008.325838: do_swap_page: swapin tgid 1333 pid 6376 name "RenderThread" vma 7e5fbad000
           <...>-6376  [004] ....  7008.325840: do_swap_page: swapin tgid 1333 pid 6376 name "RenderThread" vma 7e62439000
           <...>-6376  [004] ....  7008.325846: do_swap_page: swapin tgid 1333 pid 6376 name "RenderThread" vma 7e5fbab000
           <...>-6376  [004] ....  7008.325874: do_swap_page: swapin tgid 1333 pid 6376 name "RenderThread" vma 7fbb042000
           <...>-6376  [004] ....  7008.325886: do_swap_page: swapin tgid 1333 pid 6376 name "RenderThread" vma 7f2d694000
           <...>-6376  [004] ....  7008.325894: do_swap_page: swapin tgid 1333 pid 6376 name "RenderThread" vma 7e6e8d0000
           <...>-6376  [004] ....  7008.325900: do_swap_page: swapin tgid 1333 pid 6376 name "RenderThread" vma 7e62249000
           <...>-6376  [004] ....  7008.325920: do_swap_page: swapin tgid 1333 pid 6376 name "RenderThread" vma 7eb7530000
    Binder:602_4-1446  [004] ....  7008.325946: do_swap_page: swapin tgid 602 pid 1446 name "Binder:602_4" vma 7fbbfd4000
    RenderThread-2480  [004] ....  7008.325983: do_swap_page: swapin tgid 2031 pid 2480 name "RenderThread" vma 7fbe175000
    RenderThread-2480  [004] ....  7008.325990: do_swap_page: swapin tgid 2031 pid 2480 name "RenderThread" vma 7f2d286000
    RenderThread-2480  [004] ....  7008.325993: do_swap_page: swapin tgid 2031 pid 2480 name "RenderThread" vma 7f28b2f000
    RenderThread-2480  [004] ....  7008.325996: do_swap_page: swapin tgid 2031 pid 2480 name "RenderThread" vma 7fbe1cb000
    RenderThread-2480  [004] ....  7008.325998: do_swap_page: swapin tgid 2031 pid 2480 name "RenderThread" vma 7ed0c09000
    RenderThread-2480  [004] ....  7008.326001: do_swap_page: swapin tgid 2031 pid 2480 name "RenderThread" vma 7fbe180000
    Binder:602_1-643   [004] ....  7008.326038: do_swap_page: swapin tgid 602 pid 643 name "Binder:602_1" vma 7fbbbff000
    Binder:602_1-643   [004] ....  7008.326066: do_swap_page: swapin tgid 602 pid 643 name "Binder:602_1" vma 7fbbc00000
    Binder:602_1-643   [004] ....  7008.326068: do_swap_page: swapin tgid 602 pid 643 name "Binder:602_1" vma 7fba62c000
    Binder:602_1-643   [004] ....  7008.326074: do_swap_page: swapin tgid 602 pid 643 name "Binder:602_1" vma 7fba61e000
    Binder:602_1-643   [004] ....  7008.326083: do_swap_page: swapin tgid 602 pid 643 name "Binder:602_1" vma 7fbe15e000
    Binder:602_1-643   [004] ....  7008.326086: do_swap_page: swapin tgid 602 pid 643 name "Binder:602_1" vma 7fbe15f000
    Binder:602_1-643   [004] ....  7008.326088: do_swap_page: swapin tgid 602 pid 643 name "Binder:602_1" vma 7fb76d4000
    RenderThread-2480  [004] ....  7008.326123: do_swap_page: swapin tgid 2031 pid 2480 name "RenderThread" vma 7f289f2000
    Binder:602_4-1446  [004] ....  7008.326202: do_swap_page: swapin tgid 602 pid 1446 name "Binder:602_4" vma 7fbbfd4000
    RenderThread-2480  [004] ....  7008.326227: do_swap_page: swapin tgid 2031 pid 2480 name "RenderThread" vma 7fbe162000
    RenderThread-2480  [004] ....  7008.326232: do_swap_page: swapin tgid 2031 pid 2480 name "RenderThread" vma 7fbe2df000
    RenderThread-2480  [004] ....  7008.326238: do_swap_page: swapin tgid 2031 pid 2480 name "RenderThread" vma 7f28a1a000
    RenderThread-2480  [004] ....  7008.326239: do_swap_page: swapin tgid 2031 pid 2480 name "RenderThread" vma 7f28a1b000
    RenderThread-2480  [004] ....  7008.326242: do_swap_page: swapin tgid 2031 pid 2480 name "RenderThread" vma 7f289ff000
    RenderThread-2480  [004] ....  7008.326244: do_swap_page: swapin tgid 2031 pid 2480 name "RenderThread" vma 7f28b01000
    RenderThread-2480  [004] ....  7008.326247: do_swap_page: swapin tgid 2031 pid 2480 name "RenderThread" vma 7fbc6b1000
    RenderThread-2098  [004] ....  7008.326284: do_swap_page: swapin tgid 1717 pid 2098 name "RenderThread" vma 7fbe175000
    RenderThread-2480  [004] ....  7008.326431: do_swap_page: swapin tgid 2031 pid 2480 name "RenderThread" vma 7fbc6b1000
    RenderThread-2480  [004] ....  7008.326438: do_swap_page: swapin tgid 2031 pid 2480 name "RenderThread" vma 7fbe2f1000
    Binder:602_3-739   [004] ....  7008.326472: do_swap_page: swapin tgid 602 pid 739 name "Binder:602_3" vma 7faa3ca000
    Binder:602_3-739   [004] ....  7008.326479: do_swap_page: swapin tgid 602 pid 739 name "Binder:602_3" vma 7faa3cb000
    Binder:602_3-739   [004] ....  7008.326488: do_swap_page: swapin tgid 602 pid 739 name "Binder:602_3" vma 7fba63a000
    Binder:602_3-739   [004] ....  7008.326493: do_swap_page: swapin tgid 602 pid 739 name "Binder:602_3" vma 7faa6f7000
    Binder:602_3-739   [004] ....  7008.326496: do_swap_page: swapin tgid 602 pid 739 name "Binder:602_3" vma 7faa6f8000
    Binder:602_3-739   [004] ....  7008.326507: do_swap_page: swapin tgid 602 pid 739 name "Binder:602_3" vma 7fbf5e3000
    RenderThread-2098  [004] ....  7008.326553: do_swap_page: swapin tgid 1717 pid 2098 name "RenderThread" vma 7f28fc1000
    RenderThread-2098  [004] ....  7008.326560: do_swap_page: swapin tgid 1717 pid 2098 name "RenderThread" vma 7fbc6b1000
           <...>-1358  [004] ....  7008.326657: do_swap_page: swapin tgid 1333 pid 1358 name "android.display" vma 7ecd832000
           <...>-1358  [004] ....  7008.326695: do_swap_page: swapin tgid 1333 pid 1358 name "android.display" vma 9d8fe000
    Binder:602_3-739   [004] ....  7008.326719: do_swap_page: swapin tgid 602 pid 739 name "Binder:602_3" vma 7fbf5e3000
    Binder:602_3-739   [004] ....  7008.326732: do_swap_page: swapin tgid 602 pid 739 name "Binder:602_3" vma 7fbd1cf000
    Binder:602_3-739   [004] ....  7008.326740: do_swap_page: swapin tgid 602 pid 739 name "Binder:602_3" vma 7fba75e000
    Binder:602_3-739   [004] ....  7008.326750: do_swap_page: swapin tgid 602 pid 739 name "Binder:602_3" vma 7fba66f000
    RenderThread-2480  [004] ....  7008.326777: do_swap_page: swapin tgid 2031 pid 2480 name "RenderThread" vma 7ed0ca5000
    RenderThread-2480  [004] ....  7008.328941: do_swap_page: swapin tgid 2031 pid 2480 name "RenderThread" vma 7ed0d99000
    RenderThread-2098  [004] ....  7008.328990: do_swap_page: swapin tgid 1717 pid 2098 name "RenderThread" vma 7fbc6b1000
    RenderThread-6164  [004] ....  7008.329174: do_swap_page: swapin tgid 6123 pid 6164 name "RenderThread" vma e20d5000
    RenderThread-6164  [004] ....  7008.329278: do_swap_page: swapin tgid 6123 pid 6164 name "RenderThread" vma c79f4000
    RenderThread-6164  [004] ....  7008.329285: do_swap_page: swapin tgid 6123 pid 6164 name "RenderThread" vma f7b3e000
           <...>-6376  [004] ....  7008.329435: do_swap_page: swapin tgid 1333 pid 6376 name "RenderThread" vma 7e6e9e1000
           <...>-6376  [004] ....  7008.329499: do_swap_page: swapin tgid 1333 pid 6376 name "RenderThread" vma 7e6243a000
           <...>-6376  [004] ....  7008.329504: do_swap_page: swapin tgid 1333 pid 6376 name "RenderThread" vma 7eb8b12000
           <...>-1358  [004] ....  7008.329562: do_swap_page: swapin tgid 1333 pid 1358 name "android.display" vma 9d8fe000
           <...>-1358  [004] ....  7008.329584: do_swap_page: swapin tgid 1333 pid 1358 name "android.display" vma 9da04000
 droid.launcher3-2031  [004] ....  7008.329608: do_swap_page: swapin tgid 2031 pid 2031 name "droid.launcher3" vma 9d7d9000
 droid.launcher3-2031  [004] ....  7008.329614: do_swap_page: swapin tgid 2031 pid 2031 name "droid.launcher3" vma 9d830000
           <...>-6376  [004] ....  7008.329690: do_swap_page: swapin tgid 1333 pid 6376 name "RenderThread" vma 7eb8b12000
           <...>-1358  [004] ....  7008.329732: do_swap_page: swapin tgid 1333 pid 1358 name "android.display" vma 9da04000
           <...>-1358  [004] ....  7008.329738: do_swap_page: swapin tgid 1333 pid 1358 name "android.display" vma 9d7f2000
           <...>-1358  [004] ....  7008.329743: do_swap_page: swapin tgid 1333 pid 1358 name "android.display" vma 9d810000
           <...>-1358  [004] ....  7008.329813: do_swap_page: swapin tgid 1333 pid 1358 name "android.display" vma 9da8c000
 droid.launcher3-2031  [004] ....  7008.329839: do_swap_page: swapin tgid 2031 pid 2031 name "droid.launcher3" vma 9d830000
 droid.launcher3-2031  [004] ....  7008.329846: do_swap_page: swapin tgid 2031 pid 2031 name "droid.launcher3" vma 9d78c000
           <...>-1358  [004] .n..  7008.329968: do_swap_page: swapin tgid 1333 pid 1358 name "android.display" vma 9da8c000
           <...>-1358  [004] ....  7008.329996: do_swap_page: swapin tgid 1333 pid 1358 name "android.display" vma 13f5e000
           <...>-1358  [004] ....  7008.330002: do_swap_page: swapin tgid 1333 pid 1358 name "android.display" vma 146ef000
           <...>-1358  [004] ....  7008.330011: do_swap_page: swapin tgid 1333 pid 1358 name "android.display" vma 7f28a21000
           <...>-1358  [004] ....  7008.330016: do_swap_page: swapin tgid 1333 pid 1358 name "android.display" vma 7eb6d9b000
           <...>-1358  [004] ....  7008.330021: do_swap_page: swapin tgid 1333 pid 1358 name "android.display" vma 7ed0bf6000
           <...>-1358  [004] ....  7008.330026: do_swap_page: swapin tgid 1333 pid 1358 name "android.display" vma 7f28b32000
 droid.launcher3-2031  [004] ....  7008.330053: do_swap_page: swapin tgid 2031 pid 2031 name "droid.launcher3" vma 9d78c000
 droid.launcher3-2031  [004] ....  7008.330058: do_swap_page: swapin tgid 2031 pid 2031 name "droid.launcher3" vma 9d855000
 droid.launcher3-2031  [004] ....  7008.330209: do_swap_page: swapin tgid 2031 pid 2031 name "droid.launcher3" vma 9d855000
 droid.launcher3-2031  [004] ....  7008.330216: do_swap_page: swapin tgid 2031 pid 2031 name "droid.launcher3" vma 7f28abe000
 droid.launcher3-2031  [004] ....  7008.330220: do_swap_page: swapin tgid 2031 pid 2031 name "droid.launcher3" vma 7ec4d26000
 droid.launcher3-2031  [004] ....  7008.330227: do_swap_page: swapin tgid 2031 pid 2031 name "droid.launcher3" vma 9d74b000
           <...>-1358  [004] ....  7008.330250: do_swap_page: swapin tgid 1333 pid 1358 name "android.display" vma 7f28b32000
           <...>-1358  [004] ....  7008.330257: do_swap_page: swapin tgid 1333 pid 1358 name "android.display" vma 7ed0cfa000
           <...>-1358  [004] ....  7008.330261: do_swap_page: swapin tgid 1333 pid 1358 name "android.display" vma 7ed0d47000
           <...>-1358  [004] ....  7008.330267: do_swap_page: swapin tgid 1333 pid 1358 name "android.display" vma 7f28abe000
           <...>-1358  [004] ....  7008.330269: do_swap_page: swapin tgid 1333 pid 1358 name "android.display" vma 7e6d04a000
 droid.launcher3-2031  [004] ....  7008.330341: do_swap_page: swapin tgid 2031 pid 2031 name "droid.launcher3" vma 9d74b000
 droid.launcher3-2031  [004] ....  7008.330347: do_swap_page: swapin tgid 2031 pid 2031 name "droid.launcher3" vma 9d7e6000
           <...>-1358  [004] ....  7008.330468: do_swap_page: swapin tgid 1333 pid 1358 name "android.display" vma 7e6d04a000
           <...>-1358  [004] ....  7008.330475: do_swap_page: swapin tgid 1333 pid 1358 name "android.display" vma 7eb6e26000
           <...>-1358  [004] ....  7008.330522: do_swap_page: swapin tgid 1333 pid 1358 name "android.display" vma 7f28987000
           <...>-1358  [004] ....  7008.330529: do_swap_page: swapin tgid 1333 pid 1358 name "android.display" vma 7e867ea000
 droid.launcher3-2031  [004] ....  7008.330555: do_swap_page: swapin tgid 2031 pid 2031 name "droid.launcher3" vma 9d7e6000
 droid.launcher3-2031  [004] ....  7008.330560: do_swap_page: swapin tgid 2031 pid 2031 name "droid.launcher3" vma 9d83d000
 droid.launcher3-2031  [004] ....  7008.330568: do_swap_page: swapin tgid 2031 pid 2031 name "droid.launcher3" vma 9d85b000
 droid.launcher3-2031  [004] ....  7008.330653: do_swap_page: swapin tgid 2031 pid 2031 name "droid.launcher3" vma 13c2d000
 droid.launcher3-2031  [004] ....  7008.330655: do_swap_page: swapin tgid 2031 pid 2031 name "droid.launcher3" vma 9d7cf000
           <...>-1358  [004] ....  7008.330695: do_swap_page: swapin tgid 1333 pid 1358 name "android.display" vma 7e867ea000
           <...>-1358  [004] ....  7008.330719: do_swap_page: swapin tgid 1333 pid 1358 name "android.display" vma 1514d000
           <...>-1358  [004] ....  7008.330726: do_swap_page: swapin tgid 1333 pid 1358 name "android.display" vma 1514c000
           <...>-1358  [004] ....  7008.330737: do_swap_page: swapin tgid 1333 pid 1358 name "android.display" vma 13e60000
           <...>-1358  [004] ....  7008.330743: do_swap_page: swapin tgid 1333 pid 1358 name "android.display" vma 13e66000
           <...>-1358  [004] ....  7008.330780: do_swap_page: swapin tgid 1333 pid 1358 name "android.display" vma 1514b000
           <...>-1358  [004] ....  7008.330806: do_swap_page: swapin tgid 1333 pid 1358 name "android.display" vma 15144000
           <...>-1358  [004] ....  7008.330821: do_swap_page: swapin tgid 1333 pid 1358 name "android.display" vma 7ed0b68000
           <...>-1358  [004] ....  7008.330837: do_swap_page: swapin tgid 1333 pid 1358 name "android.display" vma 9d85c000
 droid.launcher3-2031  [004] ....  7008.330863: do_swap_page: swapin tgid 2031 pid 2031 name "droid.launcher3" vma 9d7cf000
 droid.launcher3-2031  [004] ....  7008.330868: do_swap_page: swapin tgid 2031 pid 2031 name "droid.launcher3" vma 9d825000
           <...>-1358  [004] ....  7008.330952: do_swap_page: swapin tgid 1333 pid 1358 name "android.display" vma 9d85c000
           <...>-1358  [004] ....  7008.330961: do_swap_page: swapin tgid 1333 pid 1358 name "android.display" vma 7eb7521000
           <...>-1358  [004] ....  7008.331031: do_swap_page: swapin tgid 1333 pid 1358 name "android.display" vma 7eb75e0000
           <...>-1358  [004] ....  7008.331074: do_swap_page: swapin tgid 1333 pid 1358 name "android.display" vma 13ba5000
           <...>-1358  [004] ....  7008.331108: do_swap_page: swapin tgid 1333 pid 1358 name "android.display" vma 13d2a000
           <...>-1358  [004] ....  7008.331124: do_swap_page: swapin tgid 1333 pid 1358 name "android.display" vma 7e86800000
           <...>-1358  [004] ....  7008.331141: do_swap_page: swapin tgid 1333 pid 1358 name "android.display" vma 7eb6e67000
           <...>-1358  [004] ....  7008.331146: do_swap_page: swapin tgid 1333 pid 1358 name "android.display" vma 7eb7430000
           <...>-1358  [004] ....  7008.331221: do_swap_page: swapin tgid 1333 pid 1358 name "android.display" vma 7f2d6c5000
           <...>-1358  [004] ....  7008.331271: do_swap_page: swapin tgid 1333 pid 1358 name "android.display" vma 7e6d032000
           <...>-1358  [004] ....  7008.331286: do_swap_page: swapin tgid 1333 pid 1358 name "android.display" vma 7f2d6c9000
           <...>-1358  [004] ....  7008.331306: do_swap_page: swapin tgid 1333 pid 1358 name "android.display" vma 14698000
           <...>-1358  [004] ....  7008.331364: do_swap_page: swapin tgid 1333 pid 1358 name "android.display" vma 7ed0d63000
           <...>-1358  [004] ....  7008.331378: do_swap_page: swapin tgid 1333 pid 1358 name "android.display" vma 7e623e0000
           <...>-1358  [004] ....  7008.331409: do_swap_page: swapin tgid 1333 pid 1358 name "android.display" vma 7e623e1000
           <...>-1358  [004] ....  7008.331421: do_swap_page: swapin tgid 1333 pid 1358 name "android.display" vma 146b0000
           <...>-1358  [004] ....  7008.331451: do_swap_page: swapin tgid 1333 pid 1358 name "android.display" vma 7eb6d99000
           <...>-1358  [004] ....  7008.331470: do_swap_page: swapin tgid 1333 pid 1358 name "android.display" vma 7e6219e000
           <...>-1358  [004] ....  7008.331486: do_swap_page: swapin tgid 1333 pid 1358 name "android.display" vma 7e623dd000
           <...>-1358  [004] ....  7008.331502: do_swap_page: swapin tgid 1333 pid 1358 name "android.display" vma 7e86899000
           <...>-1358  [004] ....  7008.331526: do_swap_page: swapin tgid 1333 pid 1358 name "android.display" vma 7e62188000
      android.bg-1363  [004] ....  7008.331568: do_swap_page: swapin tgid 1333 pid 1363 name "android.bg" vma 9da61000
           <...>-1622  [004] ....  7008.331597: do_swap_page: swapin tgid 1333 pid 1622 name "AudioService" vma 7e867b1000
           <...>-1622  [004] ....  7008.331606: do_swap_page: swapin tgid 1333 pid 1622 name "AudioService" vma 7e867b2000
   Binder:1717_2-1740  [004] ....  7008.331626: do_swap_page: swapin tgid 1717 pid 1740 name "Binder:1717_2" vma 7f28a4e000
   Binder:1717_2-1740  [004] ....  7008.331634: do_swap_page: swapin tgid 1717 pid 1740 name "Binder:1717_2" vma 7f2e02d000
   Binder:1717_2-1740  [004] ....  7008.331638: do_swap_page: swapin tgid 1717 pid 1740 name "Binder:1717_2" vma 7f2e02e000
   Binder:1796_1-1813  [004] ....  7008.331667: do_swap_page: swapin tgid 1796 pid 1813 name "Binder:1796_1" vma 7f28a4e000
   Binder:1796_1-1813  [004] ....  7008.331676: do_swap_page: swapin tgid 1796 pid 1813 name "Binder:1796_1" vma 7f2e12a000
   Binder:1796_1-1813  [004] ....  7008.331680: do_swap_page: swapin tgid 1796 pid 1813 name "Binder:1796_1" vma 7f2e12b000
           <...>-1854  [004] ....  7008.331724: do_swap_page: swapin tgid 1830 pid 1854 name "Binder:1830_2" vma 7f2d668000
           <...>-1854  [004] ....  7008.331733: do_swap_page: swapin tgid 1830 pid 1854 name "Binder:1830_2" vma 7f2e02d000
           <...>-1854  [004] ....  7008.331736: do_swap_page: swapin tgid 1830 pid 1854 name "Binder:1830_2" vma 7f2e02e000
           <...>-1946  [004] ....  7008.331766: do_swap_page: swapin tgid 1926 pid 1946 name "Binder:1926_1" vma 7f28a4e000
           <...>-1946  [004] ....  7008.331773: do_swap_page: swapin tgid 1926 pid 1946 name "Binder:1926_1" vma 7f2e12a000
           <...>-1946  [004] ....  7008.331776: do_swap_page: swapin tgid 1926 pid 1946 name "Binder:1926_1" vma 7f2e12b000
           <...>-5253  [004] ....  7008.331834: do_swap_page: swapin tgid 1942 pid 5253 name "Binder:1942_B" vma 7fbe241000
           <...>-2024  [004] ....  7008.331863: do_swap_page: swapin tgid 2002 pid 2024 name "Binder:2002_3" vma 7f28abc000
           <...>-2024  [004] ....  7008.331875: do_swap_page: swapin tgid 2002 pid 2024 name "Binder:2002_3" vma 7f2df30000
           <...>-2024  [004] ....  7008.331878: do_swap_page: swapin tgid 2002 pid 2024 name "Binder:2002_3" vma 7f2df31000
   Binder:2031_2-2060  [004] ....  7008.331906: do_swap_page: swapin tgid 2031 pid 2060 name "Binder:2031_2" vma 7f2d653000
   Binder:2031_2-2060  [004] ....  7008.331913: do_swap_page: swapin tgid 2031 pid 2060 name "Binder:2031_2" vma 7f2e02d000
   Binder:2031_2-2060  [004] ....  7008.331916: do_swap_page: swapin tgid 2031 pid 2060 name "Binder:2031_2" vma 7f2e02e000
   Binder:2031_2-2060  [004] ....  7008.331918: do_swap_page: swapin tgid 2031 pid 2060 name "Binder:2031_2" vma 7f2d651000
   Binder:2031_2-2060  [004] ....  7008.331921: do_swap_page: swapin tgid 2031 pid 2060 name "Binder:2031_2" vma 7f2d66f000
   Binder:2031_2-2060  [004] ....  7008.331926: do_swap_page: swapin tgid 2031 pid 2060 name "Binder:2031_2" vma 7f2d615000
   Binder:2031_2-2060  [004] ....  7008.331928: do_swap_page: swapin tgid 2031 pid 2060 name "Binder:2031_2" vma 7f2d61f000
   Binder:2031_2-2060  [004] ....  7008.331930: do_swap_page: swapin tgid 2031 pid 2060 name "Binder:2031_2" vma 7f2d67c000
   Binder:2031_2-2060  [004] ....  7008.331934: do_swap_page: swapin tgid 2031 pid 2060 name "Binder:2031_2" vma 7fbe241000
   Binder:2244_C-3599  [004] ....  7008.332012: do_swap_page: swapin tgid 2244 pid 3599 name "Binder:2244_C" vma 7fbe241000
           <...>-2714  [004] ....  7008.332098: do_swap_page: swapin tgid 2383 pid 2714 name "Binder:2383_3" vma 7fbe2f3000
           <...>-2714  [004] ....  7008.332106: do_swap_page: swapin tgid 2383 pid 2714 name "Binder:2383_3" vma 7fbe241000
           <...>-2428  [004] ....  7008.332134: do_swap_page: swapin tgid 2408 pid 2428 name "Binder:2408_2" vma 7f28a4e000
           <...>-2428  [004] ....  7008.332141: do_swap_page: swapin tgid 2408 pid 2428 name "Binder:2408_2" vma 7f2e02d000
           <...>-2428  [004] ....  7008.332144: do_swap_page: swapin tgid 2408 pid 2428 name "Binder:2408_2" vma 7f2e02e000
           <...>-5514  [004] ....  7008.332195: do_swap_page: swapin tgid 2433 pid 5514 name "Binder:2433_5" vma 7f289d4000
           <...>-5514  [004] ....  7008.332203: do_swap_page: swapin tgid 2433 pid 5514 name "Binder:2433_5" vma 7f28de9000
           <...>-5514  [004] ....  7008.332235: do_swap_page: swapin tgid 2433 pid 5514 name "Binder:2433_5" vma 7f28dea000
           <...>-2497  [004] ....  7008.332261: do_swap_page: swapin tgid 2474 pid 2497 name "Binder:2474_3" vma 7f28a4e000
           <...>-2497  [004] ....  7008.332269: do_swap_page: swapin tgid 2474 pid 2497 name "Binder:2474_3" vma 7f2df30000
           <...>-2497  [004] ....  7008.332272: do_swap_page: swapin tgid 2474 pid 2497 name "Binder:2474_3" vma 7f2df31000
           <...>-5233  [004] ....  7008.332303: do_swap_page: swapin tgid 2498 pid 5233 name "Binder:2498_B" vma 7f29b0a000
           <...>-5233  [004] ....  7008.332340: do_swap_page: swapin tgid 2498 pid 5233 name "Binder:2498_B" vma 7f29b0b000
           <...>-5233  [004] ....  7008.332342: do_swap_page: swapin tgid 2498 pid 5233 name "Binder:2498_B" vma 7f2d6dd000
           <...>-5233  [004] ....  7008.332347: do_swap_page: swapin tgid 2498 pid 5233 name "Binder:2498_B" vma 7f2d701000
           <...>-5233  [004] ....  7008.332355: do_swap_page: swapin tgid 2498 pid 5233 name "Binder:2498_B" vma 7f2d76b000
           <...>-5233  [004] ....  7008.332359: do_swap_page: swapin tgid 2498 pid 5233 name "Binder:2498_B" vma 7fbe241000
  Binder:2558_10-9198  [004] ....  7008.332389: do_swap_page: swapin tgid 2558 pid 9198 name "Binder:2558_10" vma 7fbe241000
           <...>-2805  [004] ....  7008.332441: do_swap_page: swapin tgid 2778 pid 2805 name "Binder:2778_3" vma 7f2d668000
           <...>-2805  [004] ....  7008.332449: do_swap_page: swapin tgid 2778 pid 2805 name "Binder:2778_3" vma 7f2dd7f000
           <...>-2805  [004] ....  7008.332455: do_swap_page: swapin tgid 2778 pid 2805 name "Binder:2778_3" vma 7f2dd80000
           <...>-5048  [004] ....  7008.332484: do_swap_page: swapin tgid 5031 pid 5048 name "Binder:5031_1" vma 7fbe1e8000
           <...>-5048  [004] ....  7008.332494: do_swap_page: swapin tgid 5031 pid 5048 name "Binder:5031_1" vma 7f2e12a000
           <...>-5048  [004] ....  7008.332497: do_swap_page: swapin tgid 5031 pid 5048 name "Binder:5031_1" vma 7f2e12b000
   Binder:5191_5-5297  [004] ....  7008.332532: do_swap_page: swapin tgid 5191 pid 5297 name "Binder:5191_5" vma 7fbe241000
           <...>-5679  [004] ....  7008.332586: do_swap_page: swapin tgid 5661 pid 5679 name "Binder:5661_2" vma 7fbe2f3000
           <...>-5679  [004] ....  7008.332592: do_swap_page: swapin tgid 5661 pid 5679 name "Binder:5661_2" vma 7fbe241000
           <...>-1622  [004] ....  7008.332617: do_swap_page: swapin tgid 1333 pid 1622 name "AudioService" vma 7e867b2000
           <...>-1622  [004] ....  7008.332641: do_swap_page: swapin tgid 1333 pid 1622 name "AudioService" vma 7eb6fe6000
           <...>-1622  [004] ....  7008.332649: do_swap_page: swapin tgid 1333 pid 1622 name "AudioService" vma 7eb6fe7000
           <...>-1622  [004] ....  7008.332651: do_swap_page: swapin tgid 1333 pid 1622 name "AudioService" vma 7e867af000
           <...>-5253  [004] ....  7008.332681: do_swap_page: swapin tgid 1942 pid 5253 name "Binder:1942_B" vma 7fbe241000
           <...>-5253  [004] ....  7008.332714: do_swap_page: swapin tgid 1942 pid 5253 name "Binder:1942_B" vma 7f2d62c000
           <...>-5253  [004] ....  7008.332724: do_swap_page: swapin tgid 1942 pid 5253 name "Binder:1942_B" vma 1455a000
           <...>-1942  [004] ....  7008.332810: do_swap_page: swapin tgid 1942 pid 1942 name "m.android.phone" vma 1447b000
           <...>-1942  [004] ....  7008.332816: do_swap_page: swapin tgid 1942 pid 1942 name "m.android.phone" vma 1445e000
           <...>-1942  [004] ....  7008.332828: do_swap_page: swapin tgid 1942 pid 1942 name "m.android.phone" vma 1445d000
           <...>-1942  [004] ....  7008.332831: do_swap_page: swapin tgid 1942 pid 1942 name "m.android.phone" vma 1450c000
   Binder:1796_1-1813  [004] ....  7008.332858: do_swap_page: swapin tgid 1796 pid 1813 name "Binder:1796_1" vma 7f2e12b000
   Binder:1796_1-1813  [004] ....  7008.332864: do_swap_page: swapin tgid 1796 pid 1813 name "Binder:1796_1" vma 7f289fc000
   Binder:1796_1-1813  [004] ....  7008.332868: do_swap_page: swapin tgid 1796 pid 1813 name "Binder:1796_1" vma 7fbe180000
   Binder:1796_1-1813  [004] ....  7008.332873: do_swap_page: swapin tgid 1796 pid 1813 name "Binder:1796_1" vma 7fbe1d0000
           <...>-2497  [004] ....  7008.332897: do_swap_page: swapin tgid 2474 pid 2497 name "Binder:2474_3" vma 7f2df31000
           <...>-2497  [004] ....  7008.332902: do_swap_page: swapin tgid 2474 pid 2497 name "Binder:2474_3" vma 7f289fc000
           <...>-2497  [004] ....  7008.332906: do_swap_page: swapin tgid 2474 pid 2497 name "Binder:2474_3" vma 7fbe180000
           <...>-2497  [004] ....  7008.332915: do_swap_page: swapin tgid 2474 pid 2497 name "Binder:2474_3" vma 7fbe22b000
           <...>-2497  [004] ....  7008.332921: do_swap_page: swapin tgid 2474 pid 2497 name "Binder:2474_3" vma 7fbe165000
           <...>-1854  [004] ....  7008.332953: do_swap_page: swapin tgid 1830 pid 1854 name "Binder:1830_2" vma 7f2e02e000
           <...>-1854  [004] ....  7008.332959: do_swap_page: swapin tgid 1830 pid 1854 name "Binder:1830_2" vma 7f2d666000
           <...>-1854  [004] ....  7008.332964: do_swap_page: swapin tgid 1830 pid 1854 name "Binder:1830_2" vma 7fbe180000
           <...>-1854  [004] ....  7008.332968: do_swap_page: swapin tgid 1830 pid 1854 name "Binder:1830_2" vma 7f2d673000
   Binder:1717_2-1740  [004] ....  7008.332991: do_swap_page: swapin tgid 1717 pid 1740 name "Binder:1717_2" vma 7f2e02e000
   Binder:1717_2-1740  [004] ....  7008.332997: do_swap_page: swapin tgid 1717 pid 1740 name "Binder:1717_2" vma 7f289fc000
   Binder:1717_2-1740  [004] ....  7008.333006: do_swap_page: swapin tgid 1717 pid 1740 name "Binder:1717_2" vma 7fbe22b000
   Binder:1717_2-1740  [004] ....  7008.333009: do_swap_page: swapin tgid 1717 pid 1740 name "Binder:1717_2" vma 7fbe222000
   Binder:1717_2-1740  [004] ....  7008.333026: do_swap_page: swapin tgid 1717 pid 1740 name "Binder:1717_2" vma 7f28b7e000
   Binder:1717_2-1740  [004] ....  7008.333028: do_swap_page: swapin tgid 1717 pid 1740 name "Binder:1717_2" vma 7f28b18000
   Binder:1717_2-1740  [004] ....  7008.333031: do_swap_page: swapin tgid 1717 pid 1740 name "Binder:1717_2" vma 7f28b7f000
   Binder:1717_2-1740  [004] ....  7008.333057: do_swap_page: swapin tgid 1717 pid 1740 name "Binder:1717_2" vma 7f2e02b000
   Binder:1717_2-1740  [004] ....  7008.333067: do_swap_page: swapin tgid 1717 pid 1740 name "Binder:1717_2" vma 7f3162f000
   Binder:1717_2-1740  [004] ....  7008.333070: do_swap_page: swapin tgid 1717 pid 1740 name "Binder:1717_2" vma 7f2e02c000
   Binder:1717_2-1740  [004] ....  7008.333071: do_swap_page: swapin tgid 1717 pid 1740 name "Binder:1717_2" vma 12d01000
   Binder:1717_2-1740  [004] ....  7008.333095: do_swap_page: swapin tgid 1717 pid 1740 name "Binder:1717_2" vma 7fbe312000
   Binder:1717_2-1740  [004] ....  7008.333098: do_swap_page: swapin tgid 1717 pid 1740 name "Binder:1717_2" vma 7f2895c000
   Binder:1717_2-1740  [004] ....  7008.333100: do_swap_page: swapin tgid 1717 pid 1740 name "Binder:1717_2" vma 7fbe1d3000
   Binder:1717_2-1740  [004] ....  7008.333116: do_swap_page: swapin tgid 1717 pid 1740 name "Binder:1717_2" vma 13385000
   Binder:1717_2-1740  [004] ....  7008.333120: do_swap_page: swapin tgid 1717 pid 1740 name "Binder:1717_2" vma 133f2000
   Binder:1717_2-1740  [004] ....  7008.333178: do_swap_page: swapin tgid 1717 pid 1740 name "Binder:1717_2" vma 7fbe1eb000
           <...>-2187  [004] ....  7008.333214: do_swap_page: swapin tgid 1717 pid 2187 name "ScreenDecoratio" vma 7eb75fb000
           <...>-2187  [004] ....  7008.333221: do_swap_page: swapin tgid 1717 pid 2187 name "ScreenDecoratio" vma 7eb75fc000
           <...>-2187  [004] ....  7008.333224: do_swap_page: swapin tgid 1717 pid 2187 name "ScreenDecoratio" vma 7f28dd7000
           <...>-2187  [004] ....  7008.333227: do_swap_page: swapin tgid 1717 pid 2187 name "ScreenDecoratio" vma 7f28dd8000
           <...>-2187  [004] ....  7008.333230: do_swap_page: swapin tgid 1717 pid 2187 name "ScreenDecoratio" vma 7eb75fa000
           <...>-2187  [004] ....  7008.333235: do_swap_page: swapin tgid 1717 pid 2187 name "ScreenDecoratio" vma 7eb75f9000
  Binder:2558_10-9198  [004] ....  7008.333278: do_swap_page: swapin tgid 2558 pid 9198 name "Binder:2558_10" vma 7fbe241000
  Binder:2558_10-9198  [004] ....  7008.333291: do_swap_page: swapin tgid 2558 pid 9198 name "Binder:2558_10" vma 1312e000
  Binder:2558_10-9198  [004] ....  7008.333320: do_swap_page: swapin tgid 2558 pid 9198 name "Binder:2558_10" vma 13a80000
           <...>-1946  [004] ....  7008.333356: do_swap_page: swapin tgid 1926 pid 1946 name "Binder:1926_1" vma 7f2e12b000
           <...>-1946  [004] ....  7008.333363: do_swap_page: swapin tgid 1926 pid 1946 name "Binder:1926_1" vma 7f289fc000
           <...>-1946  [004] ....  7008.333365: do_swap_page: swapin tgid 1926 pid 1946 name "Binder:1926_1" vma 7fbe180000
           <...>-1946  [004] ....  7008.333376: do_swap_page: swapin tgid 1926 pid 1946 name "Binder:1926_1" vma 7fbe22b000
           <...>-1946  [004] ....  7008.333379: do_swap_page: swapin tgid 1926 pid 1946 name "Binder:1926_1" vma 7f28ac2000
           <...>-2714  [004] ....  7008.333421: do_swap_page: swapin tgid 2383 pid 2714 name "Binder:2383_3" vma 7fbe241000
           <...>-2714  [004] ....  7008.333449: do_swap_page: swapin tgid 2383 pid 2714 name "Binder:2383_3" vma 7f2d6c2000
           <...>-2714  [004] ....  7008.333459: do_swap_page: swapin tgid 2383 pid 2714 name "Binder:2383_3" vma 13e11000
           <...>-2428  [004] ....  7008.333479: do_swap_page: swapin tgid 2408 pid 2428 name "Binder:2408_2" vma 7f2e02e000
           <...>-2428  [004] ....  7008.333485: do_swap_page: swapin tgid 2408 pid 2428 name "Binder:2408_2" vma 7f289fc000
           <...>-2428  [004] ....  7008.333487: do_swap_page: swapin tgid 2408 pid 2428 name "Binder:2408_2" vma 7fbe180000
           <...>-2428  [004] ....  7008.333491: do_swap_page: swapin tgid 2408 pid 2428 name "Binder:2408_2" vma 7fbe1d0000
           <...>-5514  [004] ....  7008.333519: do_swap_page: swapin tgid 2433 pid 5514 name "Binder:2433_5" vma 7f28dea000
           <...>-5514  [004] ....  7008.333526: do_swap_page: swapin tgid 2433 pid 5514 name "Binder:2433_5" vma 7fbe2fe000
           <...>-5514  [004] ....  7008.333528: do_swap_page: swapin tgid 2433 pid 5514 name "Binder:2433_5" vma 7fbe180000
           <...>-5514  [004] ....  7008.333536: do_swap_page: swapin tgid 2433 pid 5514 name "Binder:2433_5" vma 7fbe22d000
           <...>-5514  [004] ....  7008.333542: do_swap_page: swapin tgid 2433 pid 5514 name "Binder:2433_5" vma 7f28ac2000
           <...>-2024  [004] ....  7008.333570: do_swap_page: swapin tgid 2002 pid 2024 name "Binder:2002_3" vma 7f2df31000
           <...>-2024  [004] ....  7008.333577: do_swap_page: swapin tgid 2002 pid 2024 name "Binder:2002_3" vma 7fbe1db000
           <...>-2024  [004] ....  7008.333579: do_swap_page: swapin tgid 2002 pid 2024 name "Binder:2002_3" vma 7fbe180000
           <...>-2024  [004] ....  7008.333582: do_swap_page: swapin tgid 2002 pid 2024 name "Binder:2002_3" vma 7fbe1d0000
           <...>-2805  [004] ....  7008.333622: do_swap_page: swapin tgid 2778 pid 2805 name "Binder:2778_3" vma 7f2dd80000
           <...>-2805  [004] ....  7008.333628: do_swap_page: swapin tgid 2778 pid 2805 name "Binder:2778_3" vma 7f2d667000
           <...>-2805  [004] ....  7008.333632: do_swap_page: swapin tgid 2778 pid 2805 name "Binder:2778_3" vma 7fbe180000
           <...>-2805  [004] ....  7008.333643: do_swap_page: swapin tgid 2778 pid 2805 name "Binder:2778_3" vma 7f2d615000
           <...>-2805  [004] ....  7008.333645: do_swap_page: swapin tgid 2778 pid 2805 name "Binder:2778_3" vma 7f2d61f000
           <...>-5679  [004] ....  7008.333668: do_swap_page: swapin tgid 5661 pid 5679 name "Binder:5661_2" vma 7fbe241000
           <...>-5679  [004] ....  7008.333695: do_swap_page: swapin tgid 5661 pid 5679 name "Binder:5661_2" vma 7f2d679000
           <...>-5679  [004] ....  7008.333720: do_swap_page: swapin tgid 5661 pid 5679 name "Binder:5661_2" vma 7f2d628000
           <...>-5679  [004] ....  7008.333727: do_swap_page: swapin tgid 5661 pid 5679 name "Binder:5661_2" vma 14001000
           <...>-5233  [004] ....  7008.333772: do_swap_page: swapin tgid 2498 pid 5233 name "Binder:2498_B" vma 7fbe241000
           <...>-5233  [004] ....  7008.333780: do_swap_page: swapin tgid 2498 pid 5233 name "Binder:2498_B" vma 7f2d754000
           <...>-5233  [004] ....  7008.333797: do_swap_page: swapin tgid 2498 pid 5233 name "Binder:2498_B" vma 12e4a000
           <...>-5233  [004] ....  7008.333810: do_swap_page: swapin tgid 2498 pid 5233 name "Binder:2498_B" vma 7f29b09000
           <...>-5233  [004] ....  7008.333832: do_swap_page: swapin tgid 2498 pid 5233 name "Binder:2498_B" vma 7ed3182000
           <...>-5233  [004] ....  7008.333837: do_swap_page: swapin tgid 2498 pid 5233 name "Binder:2498_B" vma 7ed3183000
           <...>-5233  [004] ....  7008.333842: do_swap_page: swapin tgid 2498 pid 5233 name "Binder:2498_B" vma 7f2d769000
           <...>-5233  [004] ....  7008.333848: do_swap_page: swapin tgid 2498 pid 5233 name "Binder:2498_B" vma 12e49000
           <...>-2187  [004] ....  7008.333893: do_swap_page: swapin tgid 1717 pid 2187 name "ScreenDecoratio" vma 7eb75f9000
           <...>-2187  [004] ....  7008.333903: do_swap_page: swapin tgid 1717 pid 2187 name "ScreenDecoratio" vma 7f3127a000
           <...>-2187  [004] ....  7008.333906: do_swap_page: swapin tgid 1717 pid 2187 name "ScreenDecoratio" vma 12dc3000
           <...>-2187  [004] ....  7008.333910: do_swap_page: swapin tgid 1717 pid 2187 name "ScreenDecoratio" vma 13d3b000
           <...>-2187  [004] ....  7008.333914: do_swap_page: swapin tgid 1717 pid 2187 name "ScreenDecoratio" vma 13d3a000
           <...>-2187  [004] ....  7008.333945: do_swap_page: swapin tgid 1717 pid 2187 name "ScreenDecoratio" vma 7ec0415000
           <...>-2187  [004] ....  7008.333948: do_swap_page: swapin tgid 1717 pid 2187 name "ScreenDecoratio" vma 7ec0416000
           <...>-2187  [004] ....  7008.333953: do_swap_page: swapin tgid 1717 pid 2187 name "ScreenDecoratio" vma 7f28f1d000
           <...>-2187  [004] ....  7008.333959: do_swap_page: swapin tgid 1717 pid 2187 name "ScreenDecoratio" vma 7ec04f0000
           <...>-2187  [004] ....  7008.333966: do_swap_page: swapin tgid 1717 pid 2187 name "ScreenDecoratio" vma 7f28f1c000
           <...>-28287 [004] ....  7008.334066: do_swap_page: swapin tgid 1333 pid 28287 name "Binder:1333_1E" vma 7f2d16c000
   Binder:5191_5-5297  [004] ....  7008.334115: do_swap_page: swapin tgid 5191 pid 5297 name "Binder:5191_5" vma 7fbe241000
   Binder:5191_5-5297  [004] ....  7008.334134: do_swap_page: swapin tgid 5191 pid 5297 name "Binder:5191_5" vma 12ee6000
   Binder:5191_5-5297  [004] ....  7008.334155: do_swap_page: swapin tgid 5191 pid 5297 name "Binder:5191_5" vma 7f28b55000
   Binder:5191_5-5297  [004] ....  7008.334163: do_swap_page: swapin tgid 5191 pid 5297 name "Binder:5191_5" vma 7f2d145000
   Binder:2031_2-2060  [004] ....  7008.334184: do_swap_page: swapin tgid 2031 pid 2060 name "Binder:2031_2" vma 7fbe241000
   Binder:2031_2-2060  [004] ....  7008.334191: do_swap_page: swapin tgid 2031 pid 2060 name "Binder:2031_2" vma 7f2d63f000
   Binder:2031_2-2060  [004] ....  7008.334194: do_swap_page: swapin tgid 2031 pid 2060 name "Binder:2031_2" vma 7fbbdfa000
   Binder:2031_2-2060  [004] ....  7008.334197: do_swap_page: swapin tgid 2031 pid 2060 name "Binder:2031_2" vma 7f2d619000
   Binder:2031_2-2060  [004] ....  7008.334200: do_swap_page: swapin tgid 2031 pid 2060 name "Binder:2031_2" vma 7f2d640000
   Binder:2031_2-2060  [004] ....  7008.334205: do_swap_page: swapin tgid 2031 pid 2060 name "Binder:2031_2" vma 7f2d61a000
   Binder:2031_2-2060  [004] ....  7008.334207: do_swap_page: swapin tgid 2031 pid 2060 name "Binder:2031_2" vma 7f2e02b000
   Binder:2031_2-2060  [004] ....  7008.334211: do_swap_page: swapin tgid 2031 pid 2060 name "Binder:2031_2" vma 13c00000
   Binder:2031_2-2060  [004] ....  7008.334214: do_swap_page: swapin tgid 2031 pid 2060 name "Binder:2031_2" vma 13007000
   Binder:2031_2-2060  [004] ....  7008.334216: do_swap_page: swapin tgid 2031 pid 2060 name "Binder:2031_2" vma 130d3000
   Binder:2031_2-2060  [004] ....  7008.334223: do_swap_page: swapin tgid 2031 pid 2060 name "Binder:2031_2" vma 7f31780000
   Binder:2031_2-2060  [004] ....  7008.334226: do_swap_page: swapin tgid 2031 pid 2060 name "Binder:2031_2" vma 7f2e02c000
   Binder:2031_2-2060  [004] ....  7008.334231: do_swap_page: swapin tgid 2031 pid 2060 name "Binder:2031_2" vma 12cc1000
   Binder:2031_2-2060  [004] ....  7008.334254: do_swap_page: swapin tgid 2031 pid 2060 name "Binder:2031_2" vma 13c18000
   Binder:2031_2-2060  [004] ....  7008.334258: do_swap_page: swapin tgid 2031 pid 2060 name "Binder:2031_2" vma 7fbe1e7000
   Binder:2031_2-2060  [004] ....  7008.334261: do_swap_page: swapin tgid 2031 pid 2060 name "Binder:2031_2" vma 7fbe17f000
   Binder:2031_2-2060  [004] ....  7008.334263: do_swap_page: swapin tgid 2031 pid 2060 name "Binder:2031_2" vma 7fbe20a000
           <...>-1942  [004] ....  7008.334290: do_swap_page: swapin tgid 1942 pid 1942 name "m.android.phone" vma 1450c000
           <...>-1942  [004] ....  7008.334301: do_swap_page: swapin tgid 1942 pid 1942 name "m.android.phone" vma 13279000
           <...>-1942  [004] ....  7008.334307: do_swap_page: swapin tgid 1942 pid 1942 name "m.android.phone" vma 7f28b2c000
           <...>-1942  [004] ....  7008.334314: do_swap_page: swapin tgid 1942 pid 1942 name "m.android.phone" vma 7f2d145000
   Binder:2244_C-3599  [004] ....  7008.334358: do_swap_page: swapin tgid 2244 pid 3599 name "Binder:2244_C" vma 7fbe241000
           <...>-1622  [004] ....  7008.334419: do_swap_page: swapin tgid 1333 pid 1622 name "AudioService" vma 7e867af000
           <...>-1622  [004] ....  7008.334426: do_swap_page: swapin tgid 1333 pid 1622 name "AudioService" vma 13fee000
           <...>-1622  [004] ....  7008.334429: do_swap_page: swapin tgid 1333 pid 1622 name "AudioService" vma 13fef000
           <...>-1622  [004] ....  7008.334433: do_swap_page: swapin tgid 1333 pid 1622 name "AudioService" vma 7f2da6b000
           <...>-1622  [004] ....  7008.334440: do_swap_page: swapin tgid 1333 pid 1622 name "AudioService" vma 9daa5000
           <...>-1333  [004] ....  7008.334504: do_swap_page: swapin tgid 1333 pid 1333 name "system_server" vma 9da61000
           <...>-1333  [004] ....  7008.334535: do_swap_page: swapin tgid 1333 pid 1333 name "system_server" vma 9da9f000
   Binder:1796_1-1813  [004] ....  7008.334578: do_swap_page: swapin tgid 1796 pid 1813 name "Binder:1796_1" vma 7fbe1d0000
   Binder:1796_1-1813  [004] ....  7008.334594: do_swap_page: swapin tgid 1796 pid 1813 name "Binder:1796_1" vma 7fbe22b000
   Binder:1796_1-1813  [004] ....  7008.334597: do_swap_page: swapin tgid 1796 pid 1813 name "Binder:1796_1" vma 7f28ac2000
   Binder:1796_1-1813  [004] ....  7008.334599: do_swap_page: swapin tgid 1796 pid 1813 name "Binder:1796_1" vma 7fbe222000
   Binder:1796_1-1813  [004] ....  7008.334603: do_swap_page: swapin tgid 1796 pid 1813 name "Binder:1796_1" vma 7fbba73000
           <...>-1854  [004] ....  7008.334630: do_swap_page: swapin tgid 1830 pid 1854 name "Binder:1830_2" vma 7f2d673000
           <...>-1854  [004] ....  7008.334642: do_swap_page: swapin tgid 1830 pid 1854 name "Binder:1830_2" vma 7f2d615000
           <...>-1854  [004] ....  7008.334644: do_swap_page: swapin tgid 1830 pid 1854 name "Binder:1830_2" vma 7f2d62d000
           <...>-2024  [004] ....  7008.334693: do_swap_page: swapin tgid 2002 pid 2024 name "Binder:2002_3" vma 7fbe1d0000
           <...>-2024  [004] ....  7008.334707: do_swap_page: swapin tgid 2002 pid 2024 name "Binder:2002_3" vma 7fbe22b000
           <...>-2024  [004] ....  7008.334709: do_swap_page: swapin tgid 2002 pid 2024 name "Binder:2002_3" vma 7f28ac2000
           <...>-2428  [004] ....  7008.334732: do_swap_page: swapin tgid 2408 pid 2428 name "Binder:2408_2" vma 7fbe1d0000
           <...>-2428  [004] ....  7008.334781: do_swap_page: swapin tgid 2408 pid 2428 name "Binder:2408_2" vma 7fbe22b000
           <...>-2428  [004] ....  7008.334784: do_swap_page: swapin tgid 2408 pid 2428 name "Binder:2408_2" vma 7f28ac2000
           <...>-1946  [004] ....  7008.334811: do_swap_page: swapin tgid 1926 pid 1946 name "Binder:1926_1" vma 7f28ac2000
           <...>-1946  [004] ....  7008.334817: do_swap_page: swapin tgid 1926 pid 1946 name "Binder:1926_1" vma 7fbe2fc000
           <...>-1946  [004] ....  7008.334821: do_swap_page: swapin tgid 1926 pid 1946 name "Binder:1926_1" vma 7fbba73000
           <...>-2805  [004] ....  7008.334861: do_swap_page: swapin tgid 2778 pid 2805 name "Binder:2778_3" vma 7f2d61f000
           <...>-2805  [004] ....  7008.334867: do_swap_page: swapin tgid 2778 pid 2805 name "Binder:2778_3" vma 7f2d6a3000
           <...>-2805  [004] ....  7008.334871: do_swap_page: swapin tgid 2778 pid 2805 name "Binder:2778_3" vma 7fbba73000
           <...>-5048  [004] ....  7008.334907: do_swap_page: swapin tgid 5031 pid 5048 name "Binder:5031_1" vma 7f2e12b000
           <...>-5048  [004] ....  7008.334916: do_swap_page: swapin tgid 5031 pid 5048 name "Binder:5031_1" vma 7f289fc000
           <...>-5048  [004] ....  7008.334918: do_swap_page: swapin tgid 5031 pid 5048 name "Binder:5031_1" vma 7fbe180000
           <...>-5048  [004] ....  7008.334928: do_swap_page: swapin tgid 5031 pid 5048 name "Binder:5031_1" vma 7fbe22b000
           <...>-5048  [004] ....  7008.334931: do_swap_page: swapin tgid 5031 pid 5048 name "Binder:5031_1" vma 7f28ac2000
           <...>-5048  [004] ....  7008.334959: do_swap_page: swapin tgid 5031 pid 5048 name "Binder:5031_1" vma 7fbe1c1000
           <...>-5048  [004] ....  7008.334963: do_swap_page: swapin tgid 5031 pid 5048 name "Binder:5031_1" vma 7fbba73000
           <...>-5048  [004] ....  7008.334968: do_swap_page: swapin tgid 5031 pid 5048 name "Binder:5031_1" vma 7fbe2f1000
           <...>-5048  [004] ....  7008.334970: do_swap_page: swapin tgid 5031 pid 5048 name "Binder:5031_1" vma 7fbe241000
           <...>-5514  [004] ....  7008.334990: do_swap_page: swapin tgid 2433 pid 5514 name "Binder:2433_5" vma 7f28ac2000
           <...>-5514  [004] ....  7008.334995: do_swap_page: swapin tgid 2433 pid 5514 name "Binder:2433_5" vma 7f289d6000
           <...>-5514  [004] ....  7008.335000: do_swap_page: swapin tgid 2433 pid 5514 name "Binder:2433_5" vma 7fbba73000
           <...>-28287 [004] ....  7008.335026: do_swap_page: swapin tgid 1333 pid 28287 name "Binder:1333_1E" vma 7f2d16c000
           <...>-2497  [004] ....  7008.335116: do_swap_page: swapin tgid 2474 pid 2497 name "Binder:2474_3" vma 7fbe165000
           <...>-2497  [004] ....  7008.335122: do_swap_page: swapin tgid 2474 pid 2497 name "Binder:2474_3" vma 7fbe218000
           <...>-2497  [004] ....  7008.335126: do_swap_page: swapin tgid 2474 pid 2497 name "Binder:2474_3" vma 7fbba73000
           <...>-5048  [004] ....  7008.335164: do_swap_page: swapin tgid 5031 pid 5048 name "Binder:5031_1" vma 7fbe241000
           <...>-5048  [004] ....  7008.335172: do_swap_page: swapin tgid 5031 pid 5048 name "Binder:5031_1" vma 7fbe1e9000
           <...>-5048  [004] ....  7008.335176: do_swap_page: swapin tgid 5031 pid 5048 name "Binder:5031_1" vma 7f393f4000
   Binder:5191_5-5297  [004] ....  7008.335198: do_swap_page: swapin tgid 5191 pid 5297 name "Binder:5191_5" vma 7f2d145000
   Binder:5191_5-5297  [004] ....  7008.335212: do_swap_page: swapin tgid 5191 pid 5297 name "Binder:5191_5" vma 12fd9000
           <...>-1622  [004] ....  7008.335269: do_swap_page: swapin tgid 1333 pid 1622 name "AudioService" vma 9daa5000
           <...>-1622  [004] ....  7008.335286: do_swap_page: swapin tgid 1333 pid 1622 name "AudioService" vma 7e867b0000
           <...>-1942  [004] ....  7008.335302: do_swap_page: swapin tgid 1942 pid 1942 name "m.android.phone" vma 7f2d145000
           <...>-1942  [004] ....  7008.335330: do_swap_page: swapin tgid 1942 pid 1942 name "m.android.phone" vma 7f28abf000
           <...>-1942  [004] ....  7008.335335: do_swap_page: swapin tgid 1942 pid 1942 name "m.android.phone" vma 1454f000
           <...>-1333  [004] ....  7008.335375: do_swap_page: swapin tgid 1333 pid 1333 name "system_server" vma 9da9f000
           <...>-1333  [004] ....  7008.335380: do_swap_page: swapin tgid 1333 pid 1333 name "system_server" vma 9dad2000
           <...>-5679  [004] ....  7008.335403: do_swap_page: swapin tgid 5661 pid 5679 name "Binder:5661_2" vma 14001000
           <...>-5679  [004] ....  7008.335409: do_swap_page: swapin tgid 5661 pid 5679 name "Binder:5661_2" vma 14014000
           <...>-1946  [004] ....  7008.335436: do_swap_page: swapin tgid 1926 pid 1946 name "Binder:1926_1" vma 7fbba73000
           <...>-1946  [004] ....  7008.335444: do_swap_page: swapin tgid 1926 pid 1946 name "Binder:1926_1" vma 7fbe2f1000
           <...>-1946  [004] ....  7008.335447: do_swap_page: swapin tgid 1926 pid 1946 name "Binder:1926_1" vma 7fbe241000
           <...>-2024  [004] ....  7008.335474: do_swap_page: swapin tgid 2002 pid 2024 name "Binder:2002_3" vma 7f28ac2000
           <...>-2024  [004] ....  7008.335479: do_swap_page: swapin tgid 2002 pid 2024 name "Binder:2002_3" vma 7fbe222000
           <...>-2024  [004] ....  7008.335484: do_swap_page: swapin tgid 2002 pid 2024 name "Binder:2002_3" vma 7fbba73000
           <...>-1854  [004] ....  7008.335524: do_swap_page: swapin tgid 1830 pid 1854 name "Binder:1830_2" vma 7f2d62d000
           <...>-1854  [004] ....  7008.335529: do_swap_page: swapin tgid 1830 pid 1854 name "Binder:1830_2" vma 7f2d669000
           <...>-1854  [004] ....  7008.335534: do_swap_page: swapin tgid 1830 pid 1854 name "Binder:1830_2" vma 7fbba73000
           <...>-2805  [004] ....  7008.335562: do_swap_page: swapin tgid 2778 pid 2805 name "Binder:2778_3" vma 7fbba73000
           <...>-2805  [004] ....  7008.335571: do_swap_page: swapin tgid 2778 pid 2805 name "Binder:2778_3" vma 7fbe301000
           <...>-2805  [004] ....  7008.335574: do_swap_page: swapin tgid 2778 pid 2805 name "Binder:2778_3" vma 7fbe241000
           <...>-2187  [004] ....  7008.335631: do_swap_page: swapin tgid 1717 pid 2187 name "ScreenDecoratio" vma 133bc000
           <...>-2187  [004] ....  7008.335636: do_swap_page: swapin tgid 1717 pid 2187 name "ScreenDecoratio" vma 133bd000
           <...>-2187  [004] ....  7008.335660: do_swap_page: swapin tgid 1717 pid 2187 name "ScreenDecoratio" vma 7ec03f4000
           <...>-2187  [004] ....  7008.335673: do_swap_page: swapin tgid 1717 pid 2187 name "ScreenDecoratio" vma 13db1000
           <...>-5048  [004] ....  7008.335731: do_swap_page: swapin tgid 5031 pid 5048 name "Binder:5031_1" vma 7f393f4000
           <...>-5048  [004] ....  7008.335738: do_swap_page: swapin tgid 5031 pid 5048 name "Binder:5031_1" vma 7fbe165000
           <...>-2497  [004] ....  7008.335757: do_swap_page: swapin tgid 2474 pid 2497 name "Binder:2474_3" vma 7fbba73000
