           <...>-1356  [004] ....  4469.153438: do_swap_page: swapin tgid 1333 pid 1356 name "android.ui" vma 7ecfa47000
           <...>-1356  [004] ....  4469.153450: do_swap_page: swapin tgid 1333 pid 1356 name "android.ui" vma 7e8684d000
           <...>-1356  [004] ....  4469.153454: do_swap_page: swapin tgid 1333 pid 1356 name "android.ui" vma 7ecfa48000
           <...>-1356  [004] ....  4469.153462: do_swap_page: swapin tgid 1333 pid 1356 name "android.ui" vma 7ed0cad000
           <...>-1356  [004] ....  4469.153464: do_swap_page: swapin tgid 1333 pid 1356 name "android.ui" vma 7ed0cae000
           <...>-1356  [004] ....  4469.153468: do_swap_page: swapin tgid 1333 pid 1356 name "android.ui" vma 7ed0b63000
           <...>-1356  [004] ....  4469.153506: do_swap_page: swapin tgid 1333 pid 1356 name "android.ui" vma 7e623f0000
           <...>-1356  [004] ....  4469.153511: do_swap_page: swapin tgid 1333 pid 1356 name "android.ui" vma 7e623f1000
           <...>-1356  [004] ....  4469.153513: do_swap_page: swapin tgid 1333 pid 1356 name "android.ui" vma 7ecfa46000
           <...>-1356  [004] ....  4469.153516: do_swap_page: swapin tgid 1333 pid 1356 name "android.ui" vma 7f2895d000
           <...>-1356  [004] ....  4469.153520: do_swap_page: swapin tgid 1333 pid 1356 name "android.ui" vma 7f2895e000
           <...>-1356  [004] ....  4469.153526: do_swap_page: swapin tgid 1333 pid 1356 name "android.ui" vma 7eb7510000
           <...>-1356  [004] ....  4469.153542: do_swap_page: swapin tgid 1333 pid 1356 name "android.ui" vma 7f31572000
           <...>-1356  [004] ....  4469.153556: do_swap_page: swapin tgid 1333 pid 1356 name "android.ui" vma 14130000
           <...>-1356  [004] ....  4469.153566: do_swap_page: swapin tgid 1333 pid 1356 name "android.ui" vma 7e62194000
           <...>-1356  [004] ....  4469.153575: do_swap_page: swapin tgid 1333 pid 1356 name "android.ui" vma 13fe2000
           <...>-1356  [004] ....  4469.153583: do_swap_page: swapin tgid 1333 pid 1356 name "android.ui" vma 13fe3000
           <...>-1356  [004] ....  4469.153601: do_swap_page: swapin tgid 1333 pid 1356 name "android.ui" vma 9da58000
           <...>-816   [004] ....  4469.153669: do_swap_page: swapin tgid 816 pid 816 name "power@1.3-servi" vma 7fbdca3000
           <...>-816   [004] ....  4469.153677: do_swap_page: swapin tgid 816 pid 816 name "power@1.3-servi" vma 7fbd219000
           <...>-2031  [004] ....  4469.153708: do_swap_page: swapin tgid 2031 pid 2031 name "droid.launcher3" vma 7fbe491000
           <...>-2031  [004] ....  4469.153718: do_swap_page: swapin tgid 2031 pid 2031 name "droid.launcher3" vma 7ed0de8000
           <...>-2031  [004] ....  4469.153725: do_swap_page: swapin tgid 2031 pid 2031 name "droid.launcher3" vma 7ed0de9000
           <...>-2031  [004] ....  4469.153729: do_swap_page: swapin tgid 2031 pid 2031 name "droid.launcher3" vma 7ed0ec6000
           <...>-2031  [004] ....  4469.153735: do_swap_page: swapin tgid 2031 pid 2031 name "droid.launcher3" vma 7ed0d20000
           <...>-2031  [004] ....  4469.153745: do_swap_page: swapin tgid 2031 pid 2031 name "droid.launcher3" vma 7fbbdf9000
           <...>-2031  [004] ....  4469.153750: do_swap_page: swapin tgid 2031 pid 2031 name "droid.launcher3" vma 7fbe1e9000
           <...>-2031  [004] ....  4469.153756: do_swap_page: swapin tgid 2031 pid 2031 name "droid.launcher3" vma 7f393f4000
           <...>-1448  [004] ....  4469.153811: do_swap_page: swapin tgid 1333 pid 1448 name "InputDispatcher" vma 7fbe175000
           <...>-816   [004] ....  4469.153940: do_swap_page: swapin tgid 816 pid 816 name "power@1.3-servi" vma 7fbd219000
           <...>-816   [004] ....  4469.153974: do_swap_page: swapin tgid 816 pid 816 name "power@1.3-servi" vma 7fffffe000
           <...>-816   [004] ....  4469.153980: do_swap_page: swapin tgid 816 pid 816 name "power@1.3-servi" vma 7fbb851000
           <...>-816   [004] ....  4469.153984: do_swap_page: swapin tgid 816 pid 816 name "power@1.3-servi" vma 7fbda49000
           <...>-1448  [004] ....  4469.154044: do_swap_page: swapin tgid 1333 pid 1448 name "InputDispatcher" vma 7eb6e31000
           <...>-816   [004] ....  4469.154184: do_swap_page: swapin tgid 816 pid 816 name "power@1.3-servi" vma 7fbda49000
           <...>-816   [004] ....  4469.154197: do_swap_page: swapin tgid 816 pid 816 name "power@1.3-servi" vma 7fbb800000
           <...>-1448  [004] ....  4469.154241: do_swap_page: swapin tgid 1333 pid 1448 name "InputDispatcher" vma 13ff0000
           <...>-816   [004] ....  4469.154383: do_swap_page: swapin tgid 816 pid 816 name "power@1.3-servi" vma 7fbb800000
           <...>-816   [004] ....  4469.154390: do_swap_page: swapin tgid 816 pid 816 name "power@1.3-servi" vma 7fbb820000
           <...>-1448  [004] ....  4469.154475: do_swap_page: swapin tgid 1333 pid 1448 name "InputDispatcher" vma 9d759000
           <...>-816   [004] ....  4469.154529: do_swap_page: swapin tgid 816 pid 816 name "power@1.3-servi" vma 7fbb820000
           <...>-816   [004] ....  4469.154541: do_swap_page: swapin tgid 816 pid 816 name "power@1.3-servi" vma 7fbb83f000
           <...>-816   [004] ....  4469.154553: do_swap_page: swapin tgid 816 pid 816 name "power@1.3-servi" vma 7fbb85c000
           <...>-816   [004] ....  4469.154678: do_swap_page: swapin tgid 816 pid 816 name "power@1.3-servi" vma 7fbb85c000
           <...>-816   [004] ....  4469.154685: do_swap_page: swapin tgid 816 pid 816 name "power@1.3-servi" vma 7fbb844000
           <...>-816   [004] ....  4469.154688: do_swap_page: swapin tgid 816 pid 816 name "power@1.3-servi" vma 7fbb859000
           <...>-816   [004] ....  4469.154693: do_swap_page: swapin tgid 816 pid 816 name "power@1.3-servi" vma 7fbda45000
           <...>-816   [004] ....  4469.154695: do_swap_page: swapin tgid 816 pid 816 name "power@1.3-servi" vma 7fbda46000
           <...>-644   [004] ....  4469.154725: do_swap_page: swapin tgid 602 pid 644 name "Binder:602_2" vma 7fbe175000
   system_server-1333  [004] ....  4469.154801: do_swap_page: swapin tgid 1333 pid 1333 name "system_server" vma 9dab7000
           <...>-1358  [004] ....  4469.154920: do_swap_page: swapin tgid 1333 pid 1358 name "android.display" vma 7ecd835000
           <...>-1358  [004] ....  4469.154969: do_swap_page: swapin tgid 1333 pid 1358 name "android.display" vma 7ecd836000
           <...>-1358  [004] ....  4469.154972: do_swap_page: swapin tgid 1333 pid 1358 name "android.display" vma 7ed0b66000
           <...>-1358  [004] ....  4469.154975: do_swap_page: swapin tgid 1333 pid 1358 name "android.display" vma 7ed0b67000
           <...>-1358  [004] ....  4469.154979: do_swap_page: swapin tgid 1333 pid 1358 name "android.display" vma 7ecd834000
           <...>-1358  [004] ....  4469.154985: do_swap_page: swapin tgid 1333 pid 1358 name "android.display" vma 7ecd833000
           <...>-1358  [004] ....  4469.154992: do_swap_page: swapin tgid 1333 pid 1358 name "android.display" vma 7f314e4000
           <...>-1358  [004] ....  4469.154997: do_swap_page: swapin tgid 1333 pid 1358 name "android.display" vma 9d9cc000
           <...>-816   [004] ....  4469.155046: do_swap_page: swapin tgid 816 pid 816 name "power@1.3-servi" vma 7fbda46000
           <...>-816   [004] ....  4469.155053: do_swap_page: swapin tgid 816 pid 816 name "power@1.3-servi" vma 7fbd201000
           <...>-816   [004] ....  4469.155055: do_swap_page: swapin tgid 816 pid 816 name "power@1.3-servi" vma 7fbd200000
           <...>-816   [004] ....  4469.155060: do_swap_page: swapin tgid 816 pid 816 name "power@1.3-servi" vma 7fbd298000
           <...>-816   [004] ....  4469.155068: do_swap_page: swapin tgid 816 pid 816 name "power@1.3-servi" vma 7fbb84b000
           <...>-816   [004] ....  4469.155079: do_swap_page: swapin tgid 816 pid 816 name "power@1.3-servi" vma 7fbb84c000
           <...>-816   [004] ....  4469.155084: do_swap_page: swapin tgid 816 pid 816 name "power@1.3-servi" vma 7fbd404000
           <...>-816   [004] ....  4469.155087: do_swap_page: swapin tgid 816 pid 816 name "power@1.3-servi" vma 7fbd400000
           <...>-2031  [004] ....  4469.155117: do_swap_page: swapin tgid 2031 pid 2031 name "droid.launcher3" vma 7f393f4000
           <...>-2031  [004] ....  4469.155127: do_swap_page: swapin tgid 2031 pid 2031 name "droid.launcher3" vma 7fbe165000
           <...>-2031  [004] ....  4469.155130: do_swap_page: swapin tgid 2031 pid 2031 name "droid.launcher3" vma 7fbe1a2000
           <...>-2031  [004] ....  4469.155134: do_swap_page: swapin tgid 2031 pid 2031 name "droid.launcher3" vma 7ed0ecc000
           <...>-816   [004] ....  4469.155242: do_swap_page: swapin tgid 816 pid 816 name "power@1.3-servi" vma 7fbd400000
           <...>-816   [004] ....  4469.155250: do_swap_page: swapin tgid 816 pid 816 name "power@1.3-servi" vma 7fbd407000
           <...>-816   [004] ....  4469.155254: do_swap_page: swapin tgid 816 pid 816 name "power@1.3-servi" vma 7fbd406000
           <...>-2031  [004] ....  4469.155292: do_swap_page: swapin tgid 2031 pid 2031 name "droid.launcher3" vma 7ec4d6f000
           <...>-2031  [004] ....  4469.155304: do_swap_page: swapin tgid 2031 pid 2031 name "droid.launcher3" vma 7ec4d70000
           <...>-2031  [004] ....  4469.155308: do_swap_page: swapin tgid 2031 pid 2031 name "droid.launcher3" vma 7fffffc000
           <...>-2031  [004] ....  4469.155311: do_swap_page: swapin tgid 2031 pid 2031 name "droid.launcher3" vma 7ed0ded000
           <...>-2031  [004] ....  4469.155315: do_swap_page: swapin tgid 2031 pid 2031 name "droid.launcher3" vma 7fbd225000
           <...>-2031  [004] ....  4469.155318: do_swap_page: swapin tgid 2031 pid 2031 name "droid.launcher3" vma 7fbd221000
           <...>-2031  [004] ....  4469.155321: do_swap_page: swapin tgid 2031 pid 2031 name "droid.launcher3" vma 7fbd222000
           <...>-816   [004] ....  4469.155376: do_swap_page: swapin tgid 816 pid 816 name "power@1.3-servi" vma 7fbd406000
           <...>-816   [004] ....  4469.155384: do_swap_page: swapin tgid 816 pid 816 name "power@1.3-servi" vma 7fbd408000
           <...>-816   [004] ....  4469.155389: do_swap_page: swapin tgid 816 pid 816 name "power@1.3-servi" vma 7fbd205000
           <...>-816   [004] ....  4469.155398: do_swap_page: swapin tgid 816 pid 816 name "power@1.3-servi" vma 7fbd211000
           <...>-816   [004] ....  4469.155406: do_swap_page: swapin tgid 816 pid 816 name "power@1.3-servi" vma 7fbb84d000
           <...>-816   [004] ....  4469.155437: do_swap_page: swapin tgid 816 pid 816 name "power@1.3-servi" vma 7fbcfe9000
 NodeLooperThrea-2352  [004] ....  4469.155475: do_swap_page: swapin tgid 816 pid 2352 name "NodeLooperThrea" vma 7fbb7fc000
 NodeLooperThrea-2352  [004] ....  4469.155481: do_swap_page: swapin tgid 816 pid 2352 name "NodeLooperThrea" vma 7fbb7fb000
 NodeLooperThrea-2352  [004] ....  4469.155486: do_swap_page: swapin tgid 816 pid 2352 name "NodeLooperThrea" vma 7fbb83e000
 NodeLooperThrea-2352  [004] ....  4469.155493: do_swap_page: swapin tgid 816 pid 2352 name "NodeLooperThrea" vma 7fbb83d000
 power@1.3-servi-2353  [004] ....  4469.155515: do_swap_page: swapin tgid 816 pid 2353 name "power@1.3-servi" vma 7fba6ff000
           <...>-1358  [004] ....  4469.155543: do_swap_page: swapin tgid 1333 pid 1358 name "android.display" vma 9d9cc000
           <...>-816   [004] ....  4469.155579: do_swap_page: swapin tgid 816 pid 816 name "power@1.3-servi" vma 7fbcfe9000
 NodeLooperThrea-2352  [004] ....  4469.155669: do_swap_page: swapin tgid 816 pid 2352 name "NodeLooperThrea" vma 7fbb83d000
 NodeLooperThrea-2352  [004] ....  4469.155676: do_swap_page: swapin tgid 816 pid 2352 name "NodeLooperThrea" vma 7fbb81b000
           <...>-1358  [004] ....  4469.155710: do_swap_page: swapin tgid 1333 pid 1358 name "android.display" vma 9d9fb000
   system_server-1333  [004] ....  4469.155746: do_swap_page: swapin tgid 1333 pid 1333 name "system_server" vma 9dab7000
   system_server-1333  [004] ....  4469.155753: do_swap_page: swapin tgid 1333 pid 1333 name "system_server" vma 9d9c4000
 power@1.3-servi-2353  [004] ....  4469.155830: do_swap_page: swapin tgid 816 pid 2353 name "power@1.3-servi" vma 7fba6ff000
 power@1.3-servi-2353  [004] ....  4469.155867: do_swap_page: swapin tgid 816 pid 2353 name "power@1.3-servi" vma 7fba6fe000
 NodeLooperThrea-2352  [004] ....  4469.155886: do_swap_page: swapin tgid 816 pid 2352 name "NodeLooperThrea" vma 7fbb81b000
 NodeLooperThrea-2352  [004] ....  4469.156078: do_swap_page: swapin tgid 816 pid 2352 name "NodeLooperThrea" vma 7fbb84e000
 NodeLooperThrea-2352  [004] ....  4469.156133: do_swap_page: swapin tgid 816 pid 2352 name "NodeLooperThrea" vma 7fbb81d000
           <...>-644   [004] ....  4469.156168: do_swap_page: swapin tgid 602 pid 644 name "Binder:602_2" vma 7fbe175000
           <...>-644   [004] ....  4469.156213: do_swap_page: swapin tgid 602 pid 644 name "Binder:602_2" vma 7fbbfd4000
           <...>-671   [004] ....  4469.156253: do_swap_page: swapin tgid 602 pid 671 name "surfaceflinger" vma 7fb3f22000
           <...>-671   [004] ....  4469.156262: do_swap_page: swapin tgid 602 pid 671 name "surfaceflinger" vma 7fb3f21000
 NodeLooperThrea-2352  [004] ....  4469.156775: do_swap_page: swapin tgid 816 pid 2352 name "NodeLooperThrea" vma 7fbb81d000
 NodeLooperThrea-2352  [004] ....  4469.157182: do_swap_page: swapin tgid 816 pid 2352 name "NodeLooperThrea" vma 7fbb85b000
           <...>-2031  [004] ....  4469.157259: do_swap_page: swapin tgid 2031 pid 2031 name "droid.launcher3" vma 7fbd222000
           <...>-2031  [004] ....  4469.157268: do_swap_page: swapin tgid 2031 pid 2031 name "droid.launcher3" vma 7fbe15d000
           <...>-2031  [004] ....  4469.157275: do_swap_page: swapin tgid 2031 pid 2031 name "droid.launcher3" vma 7fbe15c000
           <...>-2031  [004] ....  4469.157279: do_swap_page: swapin tgid 2031 pid 2031 name "droid.launcher3" vma 7fbe1fd000
           <...>-2031  [004] ....  4469.157285: do_swap_page: swapin tgid 2031 pid 2031 name "droid.launcher3" vma 7ed0df4000
           <...>-2031  [004] ....  4469.157289: do_swap_page: swapin tgid 2031 pid 2031 name "droid.launcher3" vma 7f28b4e000
           <...>-2031  [004] ....  4469.157294: do_swap_page: swapin tgid 2031 pid 2031 name "droid.launcher3" vma 7ed0da7000
           <...>-2031  [004] ....  4469.157297: do_swap_page: swapin tgid 2031 pid 2031 name "droid.launcher3" vma 7f2898b000
           <...>-2031  [004] ....  4469.157306: do_swap_page: swapin tgid 2031 pid 2031 name "droid.launcher3" vma 7fba71b000
 NodeLooperThrea-2352  [004] ....  4469.157420: do_swap_page: swapin tgid 816 pid 2352 name "NodeLooperThrea" vma 7fbb85b000
           <...>-2031  [004] ....  4469.158677: do_swap_page: swapin tgid 2031 pid 2031 name "droid.launcher3" vma 7fba71b000
 NodeLooperThrea-2352  [004] ....  4469.158779: do_swap_page: swapin tgid 816 pid 2352 name "NodeLooperThrea" vma 7fbd26b000
 NodeLooperThrea-2352  [004] ....  4469.158784: do_swap_page: swapin tgid 816 pid 2352 name "NodeLooperThrea" vma 7fbd26c000
 NodeLooperThrea-2352  [004] ....  4469.158788: do_swap_page: swapin tgid 816 pid 2352 name "NodeLooperThrea" vma 7fbd240000
 NodeLooperThrea-2352  [004] ....  4469.158792: do_swap_page: swapin tgid 816 pid 2352 name "NodeLooperThrea" vma 7fbd921000
 NodeLooperThrea-2352  [004] ....  4469.158803: do_swap_page: swapin tgid 816 pid 2352 name "NodeLooperThrea" vma 7fbd20a000
 NodeLooperThrea-2352  [004] ....  4469.158806: do_swap_page: swapin tgid 816 pid 2352 name "NodeLooperThrea" vma 7fbd20e000
 NodeLooperThrea-2352  [004] ....  4469.158809: do_swap_page: swapin tgid 816 pid 2352 name "NodeLooperThrea" vma 7fbd920000
           <...>-2031  [004] ....  4469.158849: do_swap_page: swapin tgid 2031 pid 2031 name "droid.launcher3" vma 7fbe25a000
           <...>-2031  [004] ....  4469.158856: do_swap_page: swapin tgid 2031 pid 2031 name "droid.launcher3" vma 7f393f2000
           <...>-2031  [004] ....  4469.158859: do_swap_page: swapin tgid 2031 pid 2031 name "droid.launcher3" vma 7fbe23c000
           <...>-2031  [004] ....  4469.158866: do_swap_page: swapin tgid 2031 pid 2031 name "droid.launcher3" vma 7fbe1a3000
           <...>-2031  [004] ....  4469.158869: do_swap_page: swapin tgid 2031 pid 2031 name "droid.launcher3" vma 7f318f3000
           <...>-2031  [004] ....  4469.158876: do_swap_page: swapin tgid 2031 pid 2031 name "droid.launcher3" vma 13c2a000
           <...>-2031  [004] ....  4469.158885: do_swap_page: swapin tgid 2031 pid 2031 name "droid.launcher3" vma 7fbe285000
           <...>-2031  [004] ....  4469.158890: do_swap_page: swapin tgid 2031 pid 2031 name "droid.launcher3" vma 7f393f3000
           <...>-2031  [004] ....  4469.158892: do_swap_page: swapin tgid 2031 pid 2031 name "droid.launcher3" vma 7fbe1f8000
           <...>-2031  [004] ....  4469.158896: do_swap_page: swapin tgid 2031 pid 2031 name "droid.launcher3" vma 7fffffa000
           <...>-2031  [004] ....  4469.158900: do_swap_page: swapin tgid 2031 pid 2031 name "droid.launcher3" vma 7fbe24e000
           <...>-2031  [004] ....  4469.158908: do_swap_page: swapin tgid 2031 pid 2031 name "droid.launcher3" vma 7fbdcd8000
           <...>-2031  [004] ....  4469.158914: do_swap_page: swapin tgid 2031 pid 2031 name "droid.launcher3" vma 7fbe286000
           <...>-2031  [004] ....  4469.158922: do_swap_page: swapin tgid 2031 pid 2031 name "droid.launcher3" vma 12ed3000
           <...>-2031  [004] ....  4469.158928: do_swap_page: swapin tgid 2031 pid 2031 name "droid.launcher3" vma 7f35079000
           <...>-2031  [004] ....  4469.158939: do_swap_page: swapin tgid 2031 pid 2031 name "droid.launcher3" vma 7ed0db2000
           <...>-2031  [004] ....  4469.158944: do_swap_page: swapin tgid 2031 pid 2031 name "droid.launcher3" vma 12ec5000
           <...>-2031  [004] ....  4469.158949: do_swap_page: swapin tgid 2031 pid 2031 name "droid.launcher3" vma 12ed4000
           <...>-2031  [004] ....  4469.158954: do_swap_page: swapin tgid 2031 pid 2031 name "droid.launcher3" vma 12eef000
 NodeLooperThrea-2352  [004] ....  4469.159000: do_swap_page: swapin tgid 816 pid 2352 name "NodeLooperThrea" vma 7fbd920000
 NodeLooperThrea-2352  [004] ....  4469.159013: do_swap_page: swapin tgid 816 pid 2352 name "NodeLooperThrea" vma 7fbb7fa000
 NodeLooperThrea-2352  [004] ....  4469.159021: do_swap_page: swapin tgid 816 pid 2352 name "NodeLooperThrea" vma 7fbd212000
 NodeLooperThrea-2352  [004] ....  4469.159024: do_swap_page: swapin tgid 816 pid 2352 name "NodeLooperThrea" vma 7fbe1f0000
           <...>-2031  [004] ....  4469.159058: do_swap_page: swapin tgid 2031 pid 2031 name "droid.launcher3" vma 7f34f06000
           <...>-2031  [004] ....  4469.159064: do_swap_page: swapin tgid 2031 pid 2031 name "droid.launcher3" vma 12ec4000
           <...>-2031  [004] ....  4469.159072: do_swap_page: swapin tgid 2031 pid 2031 name "droid.launcher3" vma 13c05000
           <...>-2031  [004] ....  4469.159085: do_swap_page: swapin tgid 2031 pid 2031 name "droid.launcher3" vma 12ec6000
           <...>-2031  [004] ....  4469.159090: do_swap_page: swapin tgid 2031 pid 2031 name "droid.launcher3" vma 9d78a000
 NodeLooperThrea-2352  [004] ....  4469.159158: do_swap_page: swapin tgid 816 pid 2352 name "NodeLooperThrea" vma 7fbe1f0000
 NodeLooperThrea-2352  [004] ....  4469.159192: do_swap_page: swapin tgid 816 pid 2352 name "NodeLooperThrea" vma 7fbf5e3000
   system_server-1333  [004] ....  4469.159263: do_swap_page: swapin tgid 1333 pid 1333 name "system_server" vma 9d9c4000
   system_server-1333  [004] ....  4469.159277: do_swap_page: swapin tgid 1333 pid 1333 name "system_server" vma 9d994000
           <...>-2031  [004] ....  4469.159336: do_swap_page: swapin tgid 2031 pid 2031 name "droid.launcher3" vma 9d78a000
           <...>-2031  [004] ....  4469.159346: do_swap_page: swapin tgid 2031 pid 2031 name "droid.launcher3" vma 12ece000
           <...>-2031  [004] ....  4469.159356: do_swap_page: swapin tgid 2031 pid 2031 name "droid.launcher3" vma 7fbe170000
           <...>-2031  [004] ....  4469.159358: do_swap_page: swapin tgid 2031 pid 2031 name "droid.launcher3" vma 7fbe249000
 NodeLooperThrea-2352  [004] ....  4469.159386: do_swap_page: swapin tgid 816 pid 2352 name "NodeLooperThrea" vma 7fbf5e3000
 NodeLooperThrea-2352  [004] ....  4469.159399: do_swap_page: swapin tgid 816 pid 2352 name "NodeLooperThrea" vma 7fbe196000
           <...>-2031  [004] ....  4469.159572: do_swap_page: swapin tgid 2031 pid 2031 name "droid.launcher3" vma 7f289fb000
           <...>-2031  [004] ....  4469.159589: do_swap_page: swapin tgid 2031 pid 2031 name "droid.launcher3" vma 12f86000
           <...>-2031  [004] ....  4469.159609: do_swap_page: swapin tgid 2031 pid 2031 name "droid.launcher3" vma 12ed9000
           <...>-2031  [004] ....  4469.159612: do_swap_page: swapin tgid 2031 pid 2031 name "droid.launcher3" vma 9d789000
           <...>-2031  [004] ....  4469.159619: do_swap_page: swapin tgid 2031 pid 2031 name "droid.launcher3" vma 9d886000
           <...>-1358  [004] ....  4469.159661: do_swap_page: swapin tgid 1333 pid 1358 name "android.display" vma 9d9fb000
           <...>-671   [004] ....  4469.159700: do_swap_page: swapin tgid 602 pid 671 name "surfaceflinger" vma 7fb798b000
           <...>-671   [004] ....  4469.159711: do_swap_page: swapin tgid 602 pid 671 name "surfaceflinger" vma 7faa5c7000
           <...>-671   [004] ....  4469.159720: do_swap_page: swapin tgid 602 pid 671 name "surfaceflinger" vma 7fb76ce000
           <...>-671   [004] ....  4469.159723: do_swap_page: swapin tgid 602 pid 671 name "surfaceflinger" vma 7fb7667000
           <...>-1358  [004] ....  4469.159753: do_swap_page: swapin tgid 1333 pid 1358 name "android.display" vma 9d9fe000
   system_server-1333  [004] ....  4469.159785: do_swap_page: swapin tgid 1333 pid 1333 name "system_server" vma 9d994000
           <...>-2031  [004] ....  4469.159848: do_swap_page: swapin tgid 2031 pid 2031 name "droid.launcher3" vma 9d886000
           <...>-2031  [004] ....  4469.159854: do_swap_page: swapin tgid 2031 pid 2031 name "droid.launcher3" vma 9d897000
           <...>-1358  [004] ....  4469.159923: do_swap_page: swapin tgid 1333 pid 1358 name "android.display" vma 9d9fe000
           <...>-1358  [004] ....  4469.159930: do_swap_page: swapin tgid 1333 pid 1358 name "android.display" vma 9d82a000
           <...>-1358  [004] ....  4469.159939: do_swap_page: swapin tgid 1333 pid 1358 name "android.display" vma 146f9000
           <...>-1358  [004] ....  4469.159945: do_swap_page: swapin tgid 1333 pid 1358 name "android.display" vma 13deb000
           <...>-1358  [004] ....  4469.159950: do_swap_page: swapin tgid 1333 pid 1358 name "android.display" vma 9da42000
           <...>-1356  [004] ....  4469.159976: do_swap_page: swapin tgid 1333 pid 1356 name "android.ui" vma 9da58000
           <...>-1356  [004] ....  4469.159991: do_swap_page: swapin tgid 1333 pid 1356 name "android.ui" vma 9d7c5000
           <...>-1356  [004] ....  4469.159995: do_swap_page: swapin tgid 1333 pid 1356 name "android.ui" vma 9d8f3000
           <...>-644   [004] ....  4469.160031: do_swap_page: swapin tgid 602 pid 644 name "Binder:602_2" vma 7fbbfd4000
           <...>-2031  [004] ....  4469.160163: do_swap_page: swapin tgid 2031 pid 2031 name "droid.launcher3" vma 9d897000
           <...>-2031  [004] ....  4469.160171: do_swap_page: swapin tgid 2031 pid 2031 name "droid.launcher3" vma 9d891000
           <...>-1358  [004] ....  4469.160211: do_swap_page: swapin tgid 1333 pid 1358 name "android.display" vma 9da42000
           <...>-1358  [004] ....  4469.160219: do_swap_page: swapin tgid 1333 pid 1358 name "android.display" vma 9da43000
           <...>-1356  [004] ....  4469.160265: do_swap_page: swapin tgid 1333 pid 1356 name "android.ui" vma 9d8f3000
           <...>-1356  [004] ....  4469.160272: do_swap_page: swapin tgid 1333 pid 1356 name "android.ui" vma 9da67000
           <...>-2031  [004] ....  4469.160373: do_swap_page: swapin tgid 2031 pid 2031 name "droid.launcher3" vma 9d891000
           <...>-2031  [004] ....  4469.160384: do_swap_page: swapin tgid 2031 pid 2031 name "droid.launcher3" vma 12ef0000
           <...>-2031  [004] ....  4469.160463: do_swap_page: swapin tgid 2031 pid 2031 name "droid.launcher3" vma 12ed5000
           <...>-2031  [004] ....  4469.160473: do_swap_page: swapin tgid 2031 pid 2031 name "droid.launcher3" vma 7ed0e0e000
           <...>-2031  [004] ....  4469.160476: do_swap_page: swapin tgid 2031 pid 2031 name "droid.launcher3" vma 7f28b5d000
           <...>-2031  [004] ....  4469.160485: do_swap_page: swapin tgid 2031 pid 2031 name "droid.launcher3" vma 12ec7000
           <...>-2031  [004] ....  4469.160487: do_swap_page: swapin tgid 2031 pid 2031 name "droid.launcher3" vma 12ed6000
           <...>-2031  [004] ....  4469.160493: do_swap_page: swapin tgid 2031 pid 2031 name "droid.launcher3" vma 7ed0e0f000
           <...>-2031  [004] ....  4469.160498: do_swap_page: swapin tgid 2031 pid 2031 name "droid.launcher3" vma 12ec3000
           <...>-2031  [004] ....  4469.160500: do_swap_page: swapin tgid 2031 pid 2031 name "droid.launcher3" vma 9d752000
           <...>-2031  [004] ....  4469.160504: do_swap_page: swapin tgid 2031 pid 2031 name "droid.launcher3" vma 7fbe264000
           <...>-2031  [004] ....  4469.160507: do_swap_page: swapin tgid 2031 pid 2031 name "droid.launcher3" vma 9d753000
           <...>-1358  [004] ....  4469.160549: do_swap_page: swapin tgid 1333 pid 1358 name "android.display" vma 9da43000
           <...>-1358  [004] ....  4469.160560: do_swap_page: swapin tgid 1333 pid 1358 name "android.display" vma 140a1000
           <...>-1358  [004] ....  4469.160598: do_swap_page: swapin tgid 1333 pid 1358 name "android.display" vma 7f2d669000
           <...>-1358  [004] ....  4469.160607: do_swap_page: swapin tgid 1333 pid 1358 name "android.display" vma 7f28b1d000
           <...>-1358  [004] ....  4469.160610: do_swap_page: swapin tgid 1333 pid 1358 name "android.display" vma 7f28b1e000
           <...>-1356  [004] ....  4469.160628: do_swap_page: swapin tgid 1333 pid 1356 name "android.ui" vma 9da67000
           <...>-1356  [004] ....  4469.160634: do_swap_page: swapin tgid 1333 pid 1356 name "android.ui" vma 13fd8000
           <...>-1356  [004] ....  4469.160641: do_swap_page: swapin tgid 1333 pid 1356 name "android.ui" vma 9d819000
           <...>-1356  [004] ....  4469.160644: do_swap_page: swapin tgid 1333 pid 1356 name "android.ui" vma 9da93000
           <...>-2031  [004] ....  4469.160694: do_swap_page: swapin tgid 2031 pid 2031 name "droid.launcher3" vma 9d753000
           <...>-2031  [004] ....  4469.160708: do_swap_page: swapin tgid 2031 pid 2031 name "droid.launcher3" vma 9d76b000
           <...>-2031  [004] ....  4469.160711: do_swap_page: swapin tgid 2031 pid 2031 name "droid.launcher3" vma 12f99000
           <...>-2031  [004] ....  4469.160715: do_swap_page: swapin tgid 2031 pid 2031 name "droid.launcher3" vma 9d754000
           <...>-2031  [004] ....  4469.160718: do_swap_page: swapin tgid 2031 pid 2031 name "droid.launcher3" vma 7ed0e0d000
           <...>-2031  [004] ....  4469.160720: do_swap_page: swapin tgid 2031 pid 2031 name "droid.launcher3" vma 9d76c000
           <...>-1356  [004] ....  4469.160780: do_swap_page: swapin tgid 1333 pid 1356 name "android.ui" vma 9da93000
           <...>-1356  [004] ....  4469.160787: do_swap_page: swapin tgid 1333 pid 1356 name "android.ui" vma 9d95c000
 ndroid.systemui-1717  [004] ....  4469.160818: do_swap_page: swapin tgid 1717 pid 1717 name "ndroid.systemui" vma 9d9a1000
 ndroid.systemui-1717  [004] ....  4469.160830: do_swap_page: swapin tgid 1717 pid 1717 name "ndroid.systemui" vma 13e6b000
 ndroid.systemui-1717  [004] ....  4469.160833: do_swap_page: swapin tgid 1717 pid 1717 name "ndroid.systemui" vma 9d982000
           <...>-2031  [004] ....  4469.160882: do_swap_page: swapin tgid 2031 pid 2031 name "droid.launcher3" vma 9d76c000
           <...>-2031  [004] ....  4469.160890: do_swap_page: swapin tgid 2031 pid 2031 name "droid.launcher3" vma 9d85a000
           <...>-2031  [004] ....  4469.160898: do_swap_page: swapin tgid 2031 pid 2031 name "droid.launcher3" vma 7f2ddab000
           <...>-2031  [004] ....  4469.160901: do_swap_page: swapin tgid 2031 pid 2031 name "droid.launcher3" vma 9d864000
           <...>-2031  [004] ....  4469.160905: do_swap_page: swapin tgid 2031 pid 2031 name "droid.launcher3" vma 12ecf000
           <...>-2031  [004] ....  4469.160908: do_swap_page: swapin tgid 2031 pid 2031 name "droid.launcher3" vma 9d76d000
           <...>-2031  [004] ....  4469.160912: do_swap_page: swapin tgid 2031 pid 2031 name "droid.launcher3" vma 7f2ddac000
           <...>-2031  [004] ....  4469.160921: do_swap_page: swapin tgid 2031 pid 2031 name "droid.launcher3" vma 9d7aa000
           <...>-1356  [004] ....  4469.160983: do_swap_page: swapin tgid 1333 pid 1356 name "android.ui" vma 9d95c000
           <...>-1356  [004] ....  4469.160993: do_swap_page: swapin tgid 1333 pid 1356 name "android.ui" vma 9d782000
           <...>-1356  [004] ....  4469.161000: do_swap_page: swapin tgid 1333 pid 1356 name "android.ui" vma 7e62253000
           <...>-1356  [004] ....  4469.161013: do_swap_page: swapin tgid 1333 pid 1356 name "android.ui" vma 7f2d6c6000
           <...>-1356  [004] ....  4469.161018: do_swap_page: swapin tgid 1333 pid 1356 name "android.ui" vma 7f2d677000
           <...>-1356  [004] ....  4469.161122: do_swap_page: swapin tgid 1333 pid 1356 name "android.ui" vma 9d83d000
           <...>-1356  [004] ....  4469.161131: do_swap_page: swapin tgid 1333 pid 1356 name "android.ui" vma 7f2afa4000
           <...>-2031  [004] ....  4469.161173: do_swap_page: swapin tgid 2031 pid 2031 name "droid.launcher3" vma 9d7aa000
           <...>-2031  [004] ....  4469.161179: do_swap_page: swapin tgid 2031 pid 2031 name "droid.launcher3" vma 9d785000
           <...>-2031  [004] ....  4469.161182: do_swap_page: swapin tgid 2031 pid 2031 name "droid.launcher3" vma 9d73b000
           <...>-2031  [004] ....  4469.161185: do_swap_page: swapin tgid 2031 pid 2031 name "droid.launcher3" vma 9d8f7000
           <...>-2031  [004] ....  4469.161191: do_swap_page: swapin tgid 2031 pid 2031 name "droid.launcher3" vma 9d869000
  HwBinder:604_1-636   [004] ....  4469.161249: do_swap_page: swapin tgid 604 pid 636 name "HwBinder:604_1" vma 7fbce09000
           <...>-2031  [004] ....  4469.161461: do_swap_page: swapin tgid 2031 pid 2031 name "droid.launcher3" vma 9d869000
           <...>-2031  [004] ....  4469.161471: do_swap_page: swapin tgid 2031 pid 2031 name "droid.launcher3" vma 9d779000
           <...>-2031  [004] ....  4469.161473: do_swap_page: swapin tgid 2031 pid 2031 name "droid.launcher3" vma 9d85e000
  HwBinder:604_1-636   [004] ....  4469.161708: do_swap_page: swapin tgid 604 pid 636 name "HwBinder:604_1" vma 7fbce49000
  HwBinder:604_1-636   [004] ....  4469.161722: do_swap_page: swapin tgid 604 pid 636 name "HwBinder:604_1" vma 7fbce22000
  HwBinder:604_1-636   [004] ....  4469.161730: do_swap_page: swapin tgid 604 pid 636 name "HwBinder:604_1" vma 7fbce78000
  HwBinder:604_1-636   [004] ....  4469.161748: do_swap_page: swapin tgid 604 pid 636 name "HwBinder:604_1" vma 7fbcbe7000
           <...>-2031  [004] ....  4469.161809: do_swap_page: swapin tgid 2031 pid 2031 name "droid.launcher3" vma 9d85e000
           <...>-2031  [004] ....  4469.161817: do_swap_page: swapin tgid 2031 pid 2031 name "droid.launcher3" vma 9d885000
           <...>-1356  [004] ....  4469.161857: do_swap_page: swapin tgid 1333 pid 1356 name "android.ui" vma 7f2afa4000
           <...>-1356  [004] ....  4469.161871: do_swap_page: swapin tgid 1333 pid 1356 name "android.ui" vma 9da98000
  HwBinder:604_1-636   [004] ....  4469.161956: do_swap_page: swapin tgid 604 pid 636 name "HwBinder:604_1" vma 7fbcbe7000
  HwBinder:604_1-636   [004] ....  4469.161966: do_swap_page: swapin tgid 604 pid 636 name "HwBinder:604_1" vma 7fbce33000
  HwBinder:604_1-636   [004] ....  4469.161980: do_swap_page: swapin tgid 604 pid 636 name "HwBinder:604_1" vma 7fb5e51000
  HwBinder:604_1-636   [004] ....  4469.162000: do_swap_page: swapin tgid 604 pid 636 name "HwBinder:604_1" vma 7fbcbaf000
           <...>-2031  [004] ....  4469.162045: do_swap_page: swapin tgid 2031 pid 2031 name "droid.launcher3" vma 9d885000
           <...>-2031  [004] ....  4469.162051: do_swap_page: swapin tgid 2031 pid 2031 name "droid.launcher3" vma 9d866000
           <...>-2031  [004] ....  4469.162053: do_swap_page: swapin tgid 2031 pid 2031 name "droid.launcher3" vma 9d78b000
           <...>-2031  [004] ....  4469.162058: do_swap_page: swapin tgid 2031 pid 2031 name "droid.launcher3" vma 9d790000
           <...>-2031  [004] ....  4469.162062: do_swap_page: swapin tgid 2031 pid 2031 name "droid.launcher3" vma 13c36000
           <...>-2031  [004] ....  4469.162064: do_swap_page: swapin tgid 2031 pid 2031 name "droid.launcher3" vma 9d750000
           <...>-2031  [004] ....  4469.162065: do_swap_page: swapin tgid 2031 pid 2031 name "droid.launcher3" vma 9d795000
           <...>-2031  [004] ....  4469.162067: do_swap_page: swapin tgid 2031 pid 2031 name "droid.launcher3" vma 9d74c000
           <...>-2031  [004] ....  4469.162069: do_swap_page: swapin tgid 2031 pid 2031 name "droid.launcher3" vma 9d79e000
           <...>-2031  [004] ....  4469.162072: do_swap_page: swapin tgid 2031 pid 2031 name "droid.launcher3" vma 12ec8000
           <...>-2031  [004] ....  4469.162074: do_swap_page: swapin tgid 2031 pid 2031 name "droid.launcher3" vma 9d77d000
           <...>-2031  [004] ....  4469.162076: do_swap_page: swapin tgid 2031 pid 2031 name "droid.launcher3" vma 9d745000
           <...>-2031  [004] ....  4469.162079: do_swap_page: swapin tgid 2031 pid 2031 name "droid.launcher3" vma 13c37000
           <...>-2031  [004] ....  4469.162088: do_swap_page: swapin tgid 2031 pid 2031 name "droid.launcher3" vma 9d796000
           <...>-2031  [004] ....  4469.162089: do_swap_page: swapin tgid 2031 pid 2031 name "droid.launcher3" vma 9d782000
           <...>-2031  [004] ....  4469.162091: do_swap_page: swapin tgid 2031 pid 2031 name "droid.launcher3" vma 13c3b000
  HwBinder:604_1-636   [004] ....  4469.162117: do_swap_page: swapin tgid 604 pid 636 name "HwBinder:604_1" vma 7fbcbaf000
  HwBinder:604_1-636   [004] ....  4469.162127: do_swap_page: swapin tgid 604 pid 636 name "HwBinder:604_1" vma 7fbce32000
           <...>-2031  [004] ....  4469.162156: do_swap_page: swapin tgid 2031 pid 2031 name "droid.launcher3" vma 9d77b000
           <...>-2031  [004] ....  4469.162158: do_swap_page: swapin tgid 2031 pid 2031 name "droid.launcher3" vma 13c3c000
           <...>-2031  [004] ....  4469.162162: do_swap_page: swapin tgid 2031 pid 2031 name "droid.launcher3" vma 9d7c7000
           <...>-2031  [004] ....  4469.162164: do_swap_page: swapin tgid 2031 pid 2031 name "droid.launcher3" vma 9d872000
  HwBinder:604_1-636   [004] ....  4469.162341: do_swap_page: swapin tgid 604 pid 636 name "HwBinder:604_1" vma 7fbce32000
  HwBinder:604_1-636   [004] ....  4469.162349: do_swap_page: swapin tgid 604 pid 636 name "HwBinder:604_1" vma 7fbce96000
           <...>-1356  [004] ....  4469.162390: do_swap_page: swapin tgid 1333 pid 1356 name "android.ui" vma 9da98000
           <...>-1356  [004] ....  4469.162398: do_swap_page: swapin tgid 1333 pid 1356 name "android.ui" vma 9d7ed000
           <...>-1356  [004] ....  4469.162401: do_swap_page: swapin tgid 1333 pid 1356 name "android.ui" vma 9d925000
 ndroid.systemui-1717  [004] ....  4469.162417: do_swap_page: swapin tgid 1717 pid 1717 name "ndroid.systemui" vma 9d982000
  HwBinder:604_1-636   [004] ....  4469.162487: do_swap_page: swapin tgid 604 pid 636 name "HwBinder:604_1" vma 7fbce96000
  HwBinder:604_1-636   [004] ....  4469.162507: do_swap_page: swapin tgid 604 pid 636 name "HwBinder:604_1" vma 7fbce93000
  HwBinder:604_1-636   [004] ....  4469.162512: do_swap_page: swapin tgid 604 pid 636 name "HwBinder:604_1" vma 7fbce0e000
  HwBinder:604_1-636   [004] ....  4469.162519: do_swap_page: swapin tgid 604 pid 636 name "HwBinder:604_1" vma 7fb6039000
 ndroid.systemui-1717  [004] ....  4469.162679: do_swap_page: swapin tgid 1717 pid 1717 name "ndroid.systemui" vma 9d9b5000
           <...>-1448  [004] ....  4469.162713: do_swap_page: swapin tgid 1333 pid 1448 name "InputDispatcher" vma 7e86881000
           <...>-2031  [004] ....  4469.162766: do_swap_page: swapin tgid 2031 pid 2031 name "droid.launcher3" vma 9d872000
           <...>-2031  [004] ....  4469.162771: do_swap_page: swapin tgid 2031 pid 2031 name "droid.launcher3" vma 9d81e000
           <...>-572   [004] ....  4469.162819: do_swap_page: swapin tgid 556 pid 572 name "logd.writer" vma 7fbda09000
           <...>-572   [004] ....  4469.162847: do_swap_page: swapin tgid 556 pid 572 name "logd.writer" vma 7fbda08000
           <...>-572   [004] ....  4469.162867: do_swap_page: swapin tgid 556 pid 572 name "logd.writer" vma 7fbbe74000
           <...>-572   [004] ....  4469.162870: do_swap_page: swapin tgid 556 pid 572 name "logd.writer" vma 7fbbe61000
  HwBinder:604_1-636   [004] ....  4469.162899: do_swap_page: swapin tgid 604 pid 636 name "HwBinder:604_1" vma 7fb6039000
  HwBinder:604_1-636   [004] ....  4469.162904: do_swap_page: swapin tgid 604 pid 636 name "HwBinder:604_1" vma 7fbce72000
  HwBinder:604_1-636   [004] ....  4469.162907: do_swap_page: swapin tgid 604 pid 636 name "HwBinder:604_1" vma 7fbce73000
  HwBinder:604_1-636   [004] ....  4469.162952: do_swap_page: swapin tgid 604 pid 636 name "HwBinder:604_1" vma 7fbd77b000
  HwBinder:604_1-636   [004] ....  4469.163190: do_swap_page: swapin tgid 604 pid 636 name "HwBinder:604_1" vma 7fbce57000
  HwBinder:604_1-636   [004] ....  4469.163206: do_swap_page: swapin tgid 604 pid 636 name "HwBinder:604_1" vma 7fbe29e000
  HwBinder:604_1-636   [004] ....  4469.163209: do_swap_page: swapin tgid 604 pid 636 name "HwBinder:604_1" vma 7fbe29f000
  HwBinder:604_1-636   [004] ....  4469.163211: do_swap_page: swapin tgid 604 pid 636 name "HwBinder:604_1" vma 7fbe2a0000
  HwBinder:604_1-636   [004] ....  4469.163213: do_swap_page: swapin tgid 604 pid 636 name "HwBinder:604_1" vma 7fbe2a1000
  HwBinder:604_1-636   [004] ....  4469.163215: do_swap_page: swapin tgid 604 pid 636 name "HwBinder:604_1" vma 7fbe2a2000
  HwBinder:604_1-636   [004] ....  4469.163217: do_swap_page: swapin tgid 604 pid 636 name "HwBinder:604_1" vma 7fbe2a3000
  HwBinder:604_1-636   [004] ....  4469.163219: do_swap_page: swapin tgid 604 pid 636 name "HwBinder:604_1" vma 7fbe2a4000
  HwBinder:604_1-636   [004] ....  4469.163221: do_swap_page: swapin tgid 604 pid 636 name "HwBinder:604_1" vma 7fbe2a5000
  HwBinder:604_1-636   [004] ....  4469.163225: do_swap_page: swapin tgid 604 pid 636 name "HwBinder:604_1" vma 7fbe2a6000
  HwBinder:604_1-636   [004] ....  4469.163227: do_swap_page: swapin tgid 604 pid 636 name "HwBinder:604_1" vma 7fbe2a7000
  HwBinder:604_1-636   [004] ....  4469.163229: do_swap_page: swapin tgid 604 pid 636 name "HwBinder:604_1" vma 7fbe2a8000
  HwBinder:604_1-636   [004] ....  4469.163231: do_swap_page: swapin tgid 604 pid 636 name "HwBinder:604_1" vma 7fbe2a9000
  HwBinder:604_1-636   [004] ....  4469.163232: do_swap_page: swapin tgid 604 pid 636 name "HwBinder:604_1" vma 7fbe2aa000
  HwBinder:604_1-636   [004] ....  4469.163234: do_swap_page: swapin tgid 604 pid 636 name "HwBinder:604_1" vma 7fbe2ab000
  HwBinder:604_1-636   [004] ....  4469.163236: do_swap_page: swapin tgid 604 pid 636 name "HwBinder:604_1" vma 7fbe2ac000
  HwBinder:604_1-636   [004] ....  4469.163238: do_swap_page: swapin tgid 604 pid 636 name "HwBinder:604_1" vma 7fbe2ad000
  HwBinder:604_1-636   [004] ....  4469.163240: do_swap_page: swapin tgid 604 pid 636 name "HwBinder:604_1" vma 7fbe2ae000
  HwBinder:604_1-636   [004] ....  4469.163241: do_swap_page: swapin tgid 604 pid 636 name "HwBinder:604_1" vma 7fbe2af000
  HwBinder:604_1-636   [004] ....  4469.163243: do_swap_page: swapin tgid 604 pid 636 name "HwBinder:604_1" vma 7fbe2b0000
  HwBinder:604_1-636   [004] ....  4469.163245: do_swap_page: swapin tgid 604 pid 636 name "HwBinder:604_1" vma 7fbe2b1000
  HwBinder:604_1-636   [004] ....  4469.163247: do_swap_page: swapin tgid 604 pid 636 name "HwBinder:604_1" vma 7fbe2b2000
  HwBinder:604_1-636   [004] ....  4469.163249: do_swap_page: swapin tgid 604 pid 636 name "HwBinder:604_1" vma 7fbe2b3000
  HwBinder:604_1-636   [004] ....  4469.163253: do_swap_page: swapin tgid 604 pid 636 name "HwBinder:604_1" vma 7fbe2b4000
  HwBinder:604_1-636   [004] ....  4469.163254: do_swap_page: swapin tgid 604 pid 636 name "HwBinder:604_1" vma 7fbe2b5000
  HwBinder:604_1-636   [004] ....  4469.163264: do_swap_page: swapin tgid 604 pid 636 name "HwBinder:604_1" vma 7fbe2b6000
  HwBinder:604_1-636   [004] ....  4469.163266: do_swap_page: swapin tgid 604 pid 636 name "HwBinder:604_1" vma 7fbe2b7000
  HwBinder:604_1-636   [004] ....  4469.163268: do_swap_page: swapin tgid 604 pid 636 name "HwBinder:604_1" vma 7fbe2b8000
  HwBinder:604_1-636   [004] ....  4469.163269: do_swap_page: swapin tgid 604 pid 636 name "HwBinder:604_1" vma 7fbe2b9000
  HwBinder:604_1-636   [004] ....  4469.163271: do_swap_page: swapin tgid 604 pid 636 name "HwBinder:604_1" vma 7fbe2ba000
  HwBinder:604_1-636   [004] ....  4469.163285: do_swap_page: swapin tgid 604 pid 636 name "HwBinder:604_1" vma 7fbced1000
  HwBinder:604_1-636   [004] ....  4469.163288: do_swap_page: swapin tgid 604 pid 636 name "HwBinder:604_1" vma 7fbced3000
  HwBinder:604_1-636   [004] ....  4469.163297: do_swap_page: swapin tgid 604 pid 636 name "HwBinder:604_1" vma 7fbcedc000
  HwBinder:604_1-636   [004] ....  4469.163299: do_swap_page: swapin tgid 604 pid 636 name "HwBinder:604_1" vma 7fbcedd000
  HwBinder:604_1-636   [004] ....  4469.163301: do_swap_page: swapin tgid 604 pid 636 name "HwBinder:604_1" vma 7fbcede000
  HwBinder:604_1-636   [004] ....  4469.163303: do_swap_page: swapin tgid 604 pid 636 name "HwBinder:604_1" vma 7fbcedf000
  HwBinder:604_1-636   [004] ....  4469.163305: do_swap_page: swapin tgid 604 pid 636 name "HwBinder:604_1" vma 7fbcee0000
  HwBinder:604_1-636   [004] ....  4469.163308: do_swap_page: swapin tgid 604 pid 636 name "HwBinder:604_1" vma 7fbcee1000
  HwBinder:604_1-636   [004] ....  4469.163310: do_swap_page: swapin tgid 604 pid 636 name "HwBinder:604_1" vma 7fbcee2000
  HwBinder:604_1-636   [004] ....  4469.163312: do_swap_page: swapin tgid 604 pid 636 name "HwBinder:604_1" vma 7fbcee3000
  HwBinder:604_1-636   [004] ....  4469.163314: do_swap_page: swapin tgid 604 pid 636 name "HwBinder:604_1" vma 7fbcee4000
  HwBinder:604_1-636   [004] ....  4469.163316: do_swap_page: swapin tgid 604 pid 636 name "HwBinder:604_1" vma 7fbcee5000
  HwBinder:604_1-636   [004] ....  4469.163318: do_swap_page: swapin tgid 604 pid 636 name "HwBinder:604_1" vma 7fbcee6000
  HwBinder:604_1-636   [004] ....  4469.163319: do_swap_page: swapin tgid 604 pid 636 name "HwBinder:604_1" vma 7fbcee7000
  HwBinder:604_1-636   [004] ....  4469.163322: do_swap_page: swapin tgid 604 pid 636 name "HwBinder:604_1" vma 7fbcee8000
  HwBinder:604_1-636   [004] ....  4469.163324: do_swap_page: swapin tgid 604 pid 636 name "HwBinder:604_1" vma 7fbcee9000
  HwBinder:604_1-636   [004] ....  4469.163326: do_swap_page: swapin tgid 604 pid 636 name "HwBinder:604_1" vma 7fbceea000
  HwBinder:604_1-636   [004] ....  4469.163327: do_swap_page: swapin tgid 604 pid 636 name "HwBinder:604_1" vma 7fbceeb000
  HwBinder:604_1-636   [004] ....  4469.163329: do_swap_page: swapin tgid 604 pid 636 name "HwBinder:604_1" vma 7fbceec000
  HwBinder:604_1-636   [004] ....  4469.163331: do_swap_page: swapin tgid 604 pid 636 name "HwBinder:604_1" vma 7fbceed000
  HwBinder:604_1-636   [004] ....  4469.163346: do_swap_page: swapin tgid 604 pid 636 name "HwBinder:604_1" vma 7fbf5e4000
           <...>-2031  [004] ....  4469.163391: do_swap_page: swapin tgid 2031 pid 2031 name "droid.launcher3" vma 9d81e000
           <...>-2031  [004] ....  4469.163397: do_swap_page: swapin tgid 2031 pid 2031 name "droid.launcher3" vma 12ed1000
           <...>-2031  [004] ....  4469.163405: do_swap_page: swapin tgid 2031 pid 2031 name "droid.launcher3" vma 7fffffb000
           <...>-2031  [004] ....  4469.163408: do_swap_page: swapin tgid 2031 pid 2031 name "droid.launcher3" vma 7ed0d64000
           <...>-2031  [004] ....  4469.163412: do_swap_page: swapin tgid 2031 pid 2031 name "droid.launcher3" vma 7f289f8000
           <...>-2031  [004] ....  4469.163419: do_swap_page: swapin tgid 2031 pid 2031 name "droid.launcher3" vma 9d877000
           <...>-1356  [004] ....  4469.163440: do_swap_page: swapin tgid 1333 pid 1356 name "android.ui" vma 9d925000
           <...>-1356  [004] ....  4469.163446: do_swap_page: swapin tgid 1333 pid 1356 name "android.ui" vma 9d7d3000
           <...>-1356  [004] ....  4469.163448: do_swap_page: swapin tgid 1333 pid 1356 name "android.ui" vma 9d902000
 ndroid.systemui-1717  [004] ....  4469.163518: do_swap_page: swapin tgid 1717 pid 1717 name "ndroid.systemui" vma 9d9b5000
  HwBinder:604_1-636   [004] ....  4469.163555: do_swap_page: swapin tgid 604 pid 636 name "HwBinder:604_1" vma 7fbf5e4000
  HwBinder:604_1-636   [004] ....  4469.163573: do_swap_page: swapin tgid 604 pid 636 name "HwBinder:604_1" vma 7fbe29d000
  HwBinder:604_1-636   [004] ....  4469.163598: do_swap_page: swapin tgid 604 pid 636 name "HwBinder:604_1" vma 7fbe29c000
  HwBinder:604_1-636   [004] ....  4469.163605: do_swap_page: swapin tgid 604 pid 636 name "HwBinder:604_1" vma 7fbb4a7000
  HwBinder:604_1-636   [004] ....  4469.163609: do_swap_page: swapin tgid 604 pid 636 name "HwBinder:604_1" vma 7fbb4c6000
  HwBinder:604_1-636   [004] ....  4469.163611: do_swap_page: swapin tgid 604 pid 636 name "HwBinder:604_1" vma 7fbb4c7000
  HwBinder:604_1-636   [004] ....  4469.163617: do_swap_page: swapin tgid 604 pid 636 name "HwBinder:604_1" vma 7fbb534000
  HwBinder:604_1-636   [004] ....  4469.163618: do_swap_page: swapin tgid 604 pid 636 name "HwBinder:604_1" vma 7fbb535000
  HwBinder:604_1-636   [004] ....  4469.163620: do_swap_page: swapin tgid 604 pid 636 name "HwBinder:604_1" vma 7fbb533000
  HwBinder:604_1-636   [004] ....  4469.163628: do_swap_page: swapin tgid 604 pid 636 name "HwBinder:604_1" vma 7fbb536000
  HwBinder:604_1-636   [004] ....  4469.163663: do_swap_page: swapin tgid 604 pid 636 name "HwBinder:604_1" vma 7fb5eb6000
           <...>-2031  [004] ....  4469.163703: do_swap_page: swapin tgid 2031 pid 2031 name "droid.launcher3" vma 9d877000
           <...>-2031  [004] ....  4469.163709: do_swap_page: swapin tgid 2031 pid 2031 name "droid.launcher3" vma 7fffff9000
           <...>-2031  [004] ....  4469.163717: do_swap_page: swapin tgid 2031 pid 2031 name "droid.launcher3" vma 9d761000
           <...>-2031  [004] ....  4469.163722: do_swap_page: swapin tgid 2031 pid 2031 name "droid.launcher3" vma 13263000
           <...>-2031  [004] ....  4469.163725: do_swap_page: swapin tgid 2031 pid 2031 name "droid.launcher3" vma 9d7d0000
           <...>-2031  [004] ....  4469.163726: do_swap_page: swapin tgid 2031 pid 2031 name "droid.launcher3" vma 9d878000
           <...>-1356  [004] ....  4469.163748: do_swap_page: swapin tgid 1333 pid 1356 name "android.ui" vma 9d902000
           <...>-1356  [004] ....  4469.163754: do_swap_page: swapin tgid 1333 pid 1356 name "android.ui" vma 9d76a000
           <...>-1356  [004] ....  4469.163757: do_swap_page: swapin tgid 1333 pid 1356 name "android.ui" vma 9da30000
  HwBinder:604_1-636   [004] ....  4469.163843: do_swap_page: swapin tgid 604 pid 636 name "HwBinder:604_1" vma 7fb5eb6000
  HwBinder:604_1-636   [004] ....  4469.163870: do_swap_page: swapin tgid 604 pid 636 name "HwBinder:604_1" vma 7fbce21000
 ndroid.systemui-1717  [004] ....  4469.163901: do_swap_page: swapin tgid 1717 pid 1717 name "ndroid.systemui" vma 9d979000
 ndroid.systemui-1717  [004] ....  4469.163927: do_swap_page: swapin tgid 1717 pid 1717 name "ndroid.systemui" vma 13689000
 ndroid.systemui-1717  [004] ....  4469.163933: do_swap_page: swapin tgid 1717 pid 1717 name "ndroid.systemui" vma 132ed000
 ndroid.systemui-1717  [004] ....  4469.163939: do_swap_page: swapin tgid 1717 pid 1717 name "ndroid.systemui" vma 7eb3eb4000
           <...>-2031  [004] ....  4469.163977: do_swap_page: swapin tgid 2031 pid 2031 name "droid.launcher3" vma 9d878000
           <...>-2031  [004] ....  4469.163981: do_swap_page: swapin tgid 2031 pid 2031 name "droid.launcher3" vma 9d835000
           <...>-2031  [004] ....  4469.163985: do_swap_page: swapin tgid 2031 pid 2031 name "droid.launcher3" vma 9d828000
           <...>-2031  [004] ....  4469.163988: do_swap_page: swapin tgid 2031 pid 2031 name "droid.launcher3" vma 9d76e000
           <...>-2031  [004] ....  4469.163989: do_swap_page: swapin tgid 2031 pid 2031 name "droid.launcher3" vma 9d7dc000
           <...>-2031  [004] ....  4469.163995: do_swap_page: swapin tgid 2031 pid 2031 name "droid.launcher3" vma 9d833000
           <...>-2031  [004] ....  4469.164003: do_swap_page: swapin tgid 2031 pid 2031 name "droid.launcher3" vma 13c23000
           <...>-2031  [004] ....  4469.164005: do_swap_page: swapin tgid 2031 pid 2031 name "droid.launcher3" vma 9d7d9000
           <...>-2031  [004] ....  4469.164007: do_swap_page: swapin tgid 2031 pid 2031 name "droid.launcher3" vma 9d830000
 ndroid.systemui-1717  [004] ....  4469.164029: do_swap_page: swapin tgid 1717 pid 1717 name "ndroid.systemui" vma 7f2898b000
  HwBinder:604_1-636   [004] ....  4469.164053: do_swap_page: swapin tgid 604 pid 636 name "HwBinder:604_1" vma 7fbce21000
