 wifi_ext@1.0-se-2952  [004] ....  5629.512391: do_swap_page: swapin tgid 828 pid 2952 name "wifi_ext@1.0-se" vma 7fba1f3000
 wifi_ext@1.0-se-2952  [004] ....  5629.512455: do_swap_page: swapin tgid 828 pid 2952 name "wifi_ext@1.0-se" vma 7fbb536000
 wifi_ext@1.0-se-2952  [004] ....  5629.514107: do_swap_page: swapin tgid 828 pid 2952 name "wifi_ext@1.0-se" vma 7fbb4f0000
 wifi_ext@1.0-se-2952  [004] ....  5629.514120: do_swap_page: swapin tgid 828 pid 2952 name "wifi_ext@1.0-se" vma 7fbb4d1000
 wifi_ext@1.0-se-2952  [004] ....  5629.514127: do_swap_page: swapin tgid 828 pid 2952 name "wifi_ext@1.0-se" vma 7fb9dd2000
 wifi_ext@1.0-se-2952  [004] ....  5629.514135: do_swap_page: swapin tgid 828 pid 2952 name "wifi_ext@1.0-se" vma 7fba2e0000
     logd.writer-567   [004] ....  5631.475484: do_swap_page: swapin tgid 557 pid 567 name "logd.writer" vma 7fbd8f1000
     logd.writer-567   [004] ....  5631.495028: do_swap_page: swapin tgid 557 pid 567 name "logd.writer" vma 7fbd8f1000
           <...>-5700  [004] ....  5632.454906: do_swap_page: swapin tgid 1340 pid 5700 name "Binder:1340_12" vma 7eb4dda000
           <...>-5700  [004] ....  5632.454924: do_swap_page: swapin tgid 1340 pid 5700 name "Binder:1340_12" vma 7eb4ddb000
           <...>-5700  [004] ....  5632.454932: do_swap_page: swapin tgid 1340 pid 5700 name "Binder:1340_12" vma 7e70c92000
           <...>-5700  [004] ....  5632.454945: do_swap_page: swapin tgid 1340 pid 5700 name "Binder:1340_12" vma 7e68cbc000
           <...>-5700  [004] ....  5632.454953: do_swap_page: swapin tgid 1340 pid 5700 name "Binder:1340_12" vma 7e68cbd000
           <...>-5700  [004] ....  5632.454963: do_swap_page: swapin tgid 1340 pid 5700 name "Binder:1340_12" vma 7e836df000
           <...>-5700  [004] ....  5632.454975: do_swap_page: swapin tgid 1340 pid 5700 name "Binder:1340_12" vma 7e68fdc000
           <...>-5700  [004] ....  5632.454978: do_swap_page: swapin tgid 1340 pid 5700 name "Binder:1340_12" vma 7e68fdd000
           <...>-5700  [004] ....  5632.455295: do_swap_page: swapin tgid 1340 pid 5700 name "Binder:1340_12" vma 7e70975000
           <...>-5700  [004] ....  5632.455317: do_swap_page: swapin tgid 1340 pid 5700 name "Binder:1340_12" vma 7ed0b08000
           <...>-5700  [004] ....  5632.455331: do_swap_page: swapin tgid 1340 pid 5700 name "Binder:1340_12" vma 7ed0b61000
           <...>-5700  [004] ....  5632.455336: do_swap_page: swapin tgid 1340 pid 5700 name "Binder:1340_12" vma 7ed0b62000
           <...>-5700  [004] ....  5632.455911: do_swap_page: swapin tgid 1340 pid 5700 name "Binder:1340_12" vma 7eb4b48000
           <...>-1665  [004] ....  5632.456784: do_swap_page: swapin tgid 1665 pid 1665 name "ndroid.systemui" vma 7f28d68000
           <...>-1996  [004] ....  5632.456949: do_swap_page: swapin tgid 1996 pid 1996 name "droid.launcher3" vma 7ec527b000
      android.ui-1362  [004] ....  5632.457554: do_swap_page: swapin tgid 1340 pid 1362 name "android.ui" vma 7e50cd7000
           <...>-1996  [004] ....  5632.458020: do_swap_page: swapin tgid 1996 pid 1996 name "droid.launcher3" vma 9e6ae000
           <...>-1996  [004] ....  5632.471848: do_swap_page: swapin tgid 1996 pid 1996 name "droid.launcher3" vma 9e6ae000
           <...>-1996  [004] ....  5632.471881: do_swap_page: swapin tgid 1996 pid 1996 name "droid.launcher3" vma 7fbe22c000
           <...>-1996  [004] ....  5632.471896: do_swap_page: swapin tgid 1996 pid 1996 name "droid.launcher3" vma 12e66000
           <...>-1996  [004] ....  5632.471903: do_swap_page: swapin tgid 1996 pid 1996 name "droid.launcher3" vma 9e63e000
           <...>-1996  [004] ....  5632.472122: do_swap_page: swapin tgid 1996 pid 1996 name "droid.launcher3" vma 9e63e000
           <...>-1996  [004] ....  5632.472129: do_swap_page: swapin tgid 1996 pid 1996 name "droid.launcher3" vma 132b9000
           <...>-1996  [004] ....  5632.472133: do_swap_page: swapin tgid 1996 pid 1996 name "droid.launcher3" vma 9e599000
           <...>-1996  [004] ....  5632.472261: do_swap_page: swapin tgid 1996 pid 1996 name "droid.launcher3" vma 9e599000
           <...>-1996  [004] ....  5632.472274: do_swap_page: swapin tgid 1996 pid 1996 name "droid.launcher3" vma 12e68000
           <...>-1996  [004] ....  5632.472277: do_swap_page: swapin tgid 1996 pid 1996 name "droid.launcher3" vma 9e626000
           <...>-1996  [004] ....  5632.472394: do_swap_page: swapin tgid 1996 pid 1996 name "droid.launcher3" vma 9e626000
           <...>-1996  [004] ....  5632.472399: do_swap_page: swapin tgid 1996 pid 1996 name "droid.launcher3" vma 9e681000
           <...>-1996  [004] ....  5632.472546: do_swap_page: swapin tgid 1996 pid 1996 name "droid.launcher3" vma 9e681000
           <...>-1996  [004] ....  5632.472560: do_swap_page: swapin tgid 1996 pid 1996 name "droid.launcher3" vma 9e5ed000
           <...>-1996  [004] ....  5632.472684: do_swap_page: swapin tgid 1996 pid 1996 name "droid.launcher3" vma 9e5ed000
           <...>-1996  [004] ....  5632.472689: do_swap_page: swapin tgid 1996 pid 1996 name "droid.launcher3" vma 9e5ee000
           <...>-1996  [004] ....  5632.472806: do_swap_page: swapin tgid 1996 pid 1996 name "droid.launcher3" vma 9e5ee000
           <...>-1996  [004] ....  5632.472880: do_swap_page: swapin tgid 1996 pid 1996 name "droid.launcher3" vma 9e6a0000
           <...>-1996  [004] ....  5632.473056: do_swap_page: swapin tgid 1996 pid 1996 name "droid.launcher3" vma 9e6a0000
           <...>-1996  [004] ....  5632.473062: do_swap_page: swapin tgid 1996 pid 1996 name "droid.launcher3" vma 9e694000
           <...>-1996  [004] ....  5632.473069: do_swap_page: swapin tgid 1996 pid 1996 name "droid.launcher3" vma 7f28a72000
           <...>-1996  [004] ....  5632.473081: do_swap_page: swapin tgid 1996 pid 1996 name "droid.launcher3" vma 9e733000
           <...>-1996  [004] ....  5632.473086: do_swap_page: swapin tgid 1996 pid 1996 name "droid.launcher3" vma 9e732000
           <...>-1996  [004] ....  5632.486596: do_swap_page: swapin tgid 1996 pid 1996 name "droid.launcher3" vma 9e627000
           <...>-1996  [004] ....  5632.486740: do_swap_page: swapin tgid 1996 pid 1996 name "droid.launcher3" vma 9e627000
           <...>-1996  [004] ....  5632.497910: do_swap_page: swapin tgid 1996 pid 1996 name "droid.launcher3" vma 9e743000
           <...>-1996  [004] ....  5632.497931: do_swap_page: swapin tgid 1996 pid 1996 name "droid.launcher3" vma 9e59d000
           <...>-2488  [004] ....  5632.498384: do_swap_page: swapin tgid 1996 pid 2488 name "RenderThread" vma 7ec5068000
           <...>-5700  [004] ....  5632.502183: do_swap_page: swapin tgid 1340 pid 5700 name "Binder:1340_12" vma 7e68d06000
           <...>-5700  [004] ....  5632.511572: do_swap_page: swapin tgid 1340 pid 5700 name "Binder:1340_12" vma 7e68d0a000
           <...>-1996  [004] ....  5632.521946: do_swap_page: swapin tgid 1996 pid 1996 name "droid.launcher3" vma 7ed0c1f000
           <...>-2488  [004] ....  5632.523024: do_swap_page: swapin tgid 1996 pid 2488 name "RenderThread" vma 7f3983b000
           <...>-2488  [004] ....  5632.523038: do_swap_page: swapin tgid 1996 pid 2488 name "RenderThread" vma 7eca256000
           <...>-2488  [004] ....  5632.523054: do_swap_page: swapin tgid 1996 pid 2488 name "RenderThread" vma 7f2d80c000
           <...>-2488  [004] ....  5632.523080: do_swap_page: swapin tgid 1996 pid 2488 name "RenderThread" vma 7eca30a000
 wifi_ext@1.0-se-2952  [004] ....  5632.524322: do_swap_page: swapin tgid 828 pid 2952 name "wifi_ext@1.0-se" vma 7fba26c000
 wifi_ext@1.0-se-2952  [004] ....  5632.526412: do_swap_page: swapin tgid 828 pid 2952 name "wifi_ext@1.0-se" vma 7fbb54e000
 wifi_ext@1.0-se-2952  [004] ....  5632.526437: do_swap_page: swapin tgid 828 pid 2952 name "wifi_ext@1.0-se" vma 7fb9dcd000
 wifi_ext@1.0-se-2952  [004] ....  5632.526448: do_swap_page: swapin tgid 828 pid 2952 name "wifi_ext@1.0-se" vma 7fba203000
 wifi_ext@1.0-se-2952  [004] ....  5632.528048: do_swap_page: swapin tgid 828 pid 2952 name "wifi_ext@1.0-se" vma 7fbb52b000
 wifi_ext@1.0-se-2952  [004] ....  5632.528055: do_swap_page: swapin tgid 828 pid 2952 name "wifi_ext@1.0-se" vma 7fbb52c000
 wifi_ext@1.0-se-2952  [004] ....  5632.528058: do_swap_page: swapin tgid 828 pid 2952 name "wifi_ext@1.0-se" vma 7fbb52d000
 wifi_ext@1.0-se-2952  [004] ....  5632.528060: do_swap_page: swapin tgid 828 pid 2952 name "wifi_ext@1.0-se" vma 7fbb52e000
 wifi_ext@1.0-se-2952  [004] ....  5632.528062: do_swap_page: swapin tgid 828 pid 2952 name "wifi_ext@1.0-se" vma 7fbb52f000
 wifi_ext@1.0-se-2952  [004] ....  5632.528066: do_swap_page: swapin tgid 828 pid 2952 name "wifi_ext@1.0-se" vma 7fb9d51000
 wifi_ext@1.0-se-2952  [004] ....  5632.528070: do_swap_page: swapin tgid 828 pid 2952 name "wifi_ext@1.0-se" vma 7fb9d52000
 wifi_ext@1.0-se-2952  [004] ....  5632.528087: do_swap_page: swapin tgid 828 pid 2952 name "wifi_ext@1.0-se" vma 7fb9d53000
 wifi_ext@1.0-se-2952  [004] ....  5632.528089: do_swap_page: swapin tgid 828 pid 2952 name "wifi_ext@1.0-se" vma 7fb9d54000
 wifi_ext@1.0-se-2952  [004] ....  5632.528095: do_swap_page: swapin tgid 828 pid 2952 name "wifi_ext@1.0-se" vma 7fb9d55000
 wifi_ext@1.0-se-2952  [004] ....  5632.528123: do_swap_page: swapin tgid 828 pid 2952 name "wifi_ext@1.0-se" vma 7fbb4ba000
           <...>-5700  [004] ....  5632.544613: do_swap_page: swapin tgid 1340 pid 5700 name "Binder:1340_12" vma 7eb4b4a000
           <...>-5700  [004] ....  5632.544637: do_swap_page: swapin tgid 1340 pid 5700 name "Binder:1340_12" vma 7e70933000
           <...>-1996  [004] ....  5632.565031: do_swap_page: swapin tgid 1996 pid 1996 name "droid.launcher3" vma 9e6a7000
           <...>-1996  [004] ....  5632.565259: do_swap_page: swapin tgid 1996 pid 1996 name "droid.launcher3" vma 9e6a7000
           <...>-1996  [004] ....  5632.565353: do_swap_page: swapin tgid 1996 pid 1996 name "droid.launcher3" vma 13cd1000
           <...>-1996  [004] ....  5632.565971: do_swap_page: swapin tgid 1996 pid 1996 name "droid.launcher3" vma 13cd1000
  surfaceflinger-601   [004] ....  5632.587046: do_swap_page: swapin tgid 601 pid 601 name "surfaceflinger" vma 7faa818000
           <...>-5700  [004] ....  5632.611950: do_swap_page: swapin tgid 1340 pid 5700 name "Binder:1340_12" vma 7eb4e4c000
           <...>-1996  [004] ....  5632.632052: do_swap_page: swapin tgid 1996 pid 1996 name "droid.launcher3" vma 9e60d000
           <...>-1996  [004] ....  5632.632345: do_swap_page: swapin tgid 1996 pid 1996 name "droid.launcher3" vma 9e60d000
           <...>-1996  [004] ....  5632.632353: do_swap_page: swapin tgid 1996 pid 1996 name "droid.launcher3" vma 9e6db000
           <...>-1996  [004] ....  5632.632553: do_swap_page: swapin tgid 1996 pid 1996 name "droid.launcher3" vma 9e6db000
           <...>-23717 [004] ....  5633.129468: do_swap_page: swapin tgid 6822 pid 23717 name "services-3-480" vma 9f000000
           <...>-23717 [004] ....  5633.141805: do_swap_page: swapin tgid 6822 pid 23717 name "services-3-480" vma 9f000000
           <...>-23717 [004] ....  5633.141874: do_swap_page: swapin tgid 6822 pid 23717 name "services-3-480" vma 9e9fd000
           <...>-23717 [004] ....  5633.142094: do_swap_page: swapin tgid 6822 pid 23717 name "services-3-480" vma 9e9fd000
           <...>-23717 [004] ....  5633.142138: do_swap_page: swapin tgid 6822 pid 23717 name "services-3-480" vma 7263e000
           <...>-23717 [004] ....  5633.142147: do_swap_page: swapin tgid 6822 pid 23717 name "services-3-480" vma 725db000
           <...>-23717 [004] ....  5633.142155: do_swap_page: swapin tgid 6822 pid 23717 name "services-3-480" vma 72643000
           <...>-23717 [004] ....  5633.142351: do_swap_page: swapin tgid 6822 pid 23717 name "services-3-480" vma 72643000
           <...>-23717 [004] ....  5633.142360: do_swap_page: swapin tgid 6822 pid 23717 name "services-3-480" vma 725dc000
           <...>-23717 [004] ....  5633.142372: do_swap_page: swapin tgid 6822 pid 23717 name "services-3-480" vma 725b1000
           <...>-23717 [004] ....  5633.142376: do_swap_page: swapin tgid 6822 pid 23717 name "services-3-480" vma 7265c000
           <...>-23717 [004] ....  5633.142548: do_swap_page: swapin tgid 6822 pid 23717 name "services-3-480" vma 7265c000
           <...>-23717 [004] ....  5633.142562: do_swap_page: swapin tgid 6822 pid 23717 name "services-3-480" vma 7fb9c7c000
           <...>-23717 [004] ....  5633.142580: do_swap_page: swapin tgid 6822 pid 23717 name "services-3-480" vma 7fbe211000
           <...>-23717 [004] ....  5633.142749: do_swap_page: swapin tgid 6822 pid 23717 name "services-3-480" vma 7fbe211000
           <...>-23717 [004] ....  5633.142756: do_swap_page: swapin tgid 6822 pid 23717 name "services-3-480" vma 7f28a5d000
           <...>-23717 [004] ....  5633.142760: do_swap_page: swapin tgid 6822 pid 23717 name "services-3-480" vma 7f28a54000
           <...>-23717 [004] ....  5633.142766: do_swap_page: swapin tgid 6822 pid 23717 name "services-3-480" vma 7f28a22000
           <...>-23717 [004] ....  5633.142940: do_swap_page: swapin tgid 6822 pid 23717 name "services-3-480" vma 7f28a22000
           <...>-23717 [004] ....  5633.142950: do_swap_page: swapin tgid 6822 pid 23717 name "services-3-480" vma 7fb9c7b000
           <...>-23717 [004] ....  5633.143117: do_swap_page: swapin tgid 6822 pid 23717 name "services-3-480" vma 7fb9c7b000
           <...>-23717 [004] ....  5633.143131: do_swap_page: swapin tgid 6822 pid 23717 name "services-3-480" vma 7fbe231000
           <...>-23717 [004] ....  5633.143149: do_swap_page: swapin tgid 6822 pid 23717 name "services-3-480" vma 7f39830000
           <...>-23717 [004] ....  5633.143155: do_swap_page: swapin tgid 6822 pid 23717 name "services-3-480" vma 7f28a03000
           <...>-23717 [004] ....  5633.143180: do_swap_page: swapin tgid 6822 pid 23717 name "services-3-480" vma 9e9f0000
           <...>-23717 [004] ....  5633.143301: do_swap_page: swapin tgid 6822 pid 23717 name "services-3-480" vma 9e9f0000
           <...>-23717 [004] ....  5633.143420: do_swap_page: swapin tgid 6822 pid 23717 name "services-3-480" vma 7f39808000
           <...>-23717 [004] ....  5633.143427: do_swap_page: swapin tgid 6822 pid 23717 name "services-3-480" vma 7fbe1fb000
           <...>-23717 [004] ....  5633.143437: do_swap_page: swapin tgid 6822 pid 23717 name "services-3-480" vma 7f39838000
           <...>-23717 [004] ....  5633.143440: do_swap_page: swapin tgid 6822 pid 23717 name "services-3-480" vma 7f39834000
           <...>-23717 [004] ....  5633.143442: do_swap_page: swapin tgid 6822 pid 23717 name "services-3-480" vma 7f39837000
           <...>-23717 [004] ....  5633.143453: do_swap_page: swapin tgid 6822 pid 23717 name "services-3-480" vma 7f39832000
           <...>-23717 [004] ....  5633.143455: do_swap_page: swapin tgid 6822 pid 23717 name "services-3-480" vma 7f3982d000
           <...>-23717 [004] ....  5633.143463: do_swap_page: swapin tgid 6822 pid 23717 name "services-3-480" vma 7fbced7000
           <...>-23717 [004] ....  5633.143583: do_swap_page: swapin tgid 6822 pid 23717 name "services-3-480" vma 7fbced7000
           <...>-23717 [004] ....  5633.143615: do_swap_page: swapin tgid 6822 pid 23717 name "services-3-480" vma 7ecc819000
           <...>-23717 [004] ....  5633.143646: do_swap_page: swapin tgid 6822 pid 23717 name "services-3-480" vma 7f28b87000
 wifi_ext@1.0-se-2952  [004] ....  5635.529568: do_swap_page: swapin tgid 828 pid 2952 name "wifi_ext@1.0-se" vma 7fba0fd000
 wifi_ext@1.0-se-2952  [004] ....  5635.535981: do_swap_page: swapin tgid 828 pid 2952 name "wifi_ext@1.0-se" vma 7fb9db7000
 wifi_ext@1.0-se-2952  [004] ....  5635.539064: do_swap_page: swapin tgid 828 pid 2952 name "wifi_ext@1.0-se" vma 7fbb486000
 wifi_ext@1.0-se-2952  [004] ....  5635.539095: do_swap_page: swapin tgid 828 pid 2952 name "wifi_ext@1.0-se" vma 7fb9fe5000
 wifi_ext@1.0-se-2952  [004] ....  5635.540768: do_swap_page: swapin tgid 828 pid 2952 name "wifi_ext@1.0-se" vma 7fba02c000
 wifi_ext@1.0-se-2952  [004] ....  5635.540783: do_swap_page: swapin tgid 828 pid 2952 name "wifi_ext@1.0-se" vma 7fba202000
 wifi_ext@1.0-se-2952  [004] ....  5635.540791: do_swap_page: swapin tgid 828 pid 2952 name "wifi_ext@1.0-se" vma 7fbb487000
 wifi_ext@1.0-se-2952  [004] ....  5638.549108: do_swap_page: swapin tgid 828 pid 2952 name "wifi_ext@1.0-se" vma 7fb9fe9000
 wifi_ext@1.0-se-2952  [004] ....  5638.549127: do_swap_page: swapin tgid 828 pid 2952 name "wifi_ext@1.0-se" vma 7fba26e000
 wifi_ext@1.0-se-2952  [004] ....  5638.549137: do_swap_page: swapin tgid 828 pid 2952 name "wifi_ext@1.0-se" vma 7fbb4cf000
 wifi_ext@1.0-se-2952  [004] ....  5638.552155: do_swap_page: swapin tgid 828 pid 2952 name "wifi_ext@1.0-se" vma 7fbb488000
 wifi_ext@1.0-se-2952  [004] ....  5638.552213: do_swap_page: swapin tgid 828 pid 2952 name "wifi_ext@1.0-se" vma 7fbb537000
 wifi_ext@1.0-se-2952  [004] ....  5638.552260: do_swap_page: swapin tgid 828 pid 2952 name "wifi_ext@1.0-se" vma 7fba028000
 wifi_ext@1.0-se-2952  [004] ....  5638.553932: do_swap_page: swapin tgid 828 pid 2952 name "wifi_ext@1.0-se" vma 7fb9fe8000
 wifi_ext@1.0-se-2952  [004] ....  5638.553952: do_swap_page: swapin tgid 828 pid 2952 name "wifi_ext@1.0-se" vma 7fba1f2000
 wifi_ext@1.0-se-2952  [004] ....  5638.553958: do_swap_page: swapin tgid 828 pid 2952 name "wifi_ext@1.0-se" vma 7fba025000
           <...>-6914  [004] ....  5640.489122: do_swap_page: swapin tgid 6822 pid 6914 name "SharedScheduler" vma 7eb7ef9000
           <...>-6914  [004] ....  5640.489138: do_swap_page: swapin tgid 6822 pid 6914 name "SharedScheduler" vma 7eb7efa000
           <...>-23717 [004] ....  5640.489515: do_swap_page: swapin tgid 6822 pid 23717 name "services-3-480" vma 7ecca1d000
  ClientModeImpl-1483  [004] ....  5641.556092: do_swap_page: swapin tgid 1340 pid 1483 name "ClientModeImpl" vma 7eb3f73000
 wifi_ext@1.0-se-2952  [004] ....  5641.562814: do_swap_page: swapin tgid 828 pid 2952 name "wifi_ext@1.0-se" vma 7fba023000
 wifi_ext@1.0-se-2952  [004] ....  5641.562830: do_swap_page: swapin tgid 828 pid 2952 name "wifi_ext@1.0-se" vma 7fb9dd0000
 wifi_ext@1.0-se-2952  [004] ....  5641.568111: do_swap_page: swapin tgid 828 pid 2952 name "wifi_ext@1.0-se" vma 7fba02b000
 wifi_ext@1.0-se-2952  [004] ....  5641.569922: do_swap_page: swapin tgid 828 pid 2952 name "wifi_ext@1.0-se" vma 7fba038000
 wifi_ext@1.0-se-2952  [004] ....  5641.570077: do_swap_page: swapin tgid 828 pid 2952 name "wifi_ext@1.0-se" vma 7fba035000
 wifi_ext@1.0-se-2952  [004] ....  5641.570418: do_swap_page: swapin tgid 828 pid 2952 name "wifi_ext@1.0-se" vma 7fba233000
 wifi_ext@1.0-se-2952  [004] ....  5641.570426: do_swap_page: swapin tgid 828 pid 2952 name "wifi_ext@1.0-se" vma 7fba234000
 wifi_ext@1.0-se-2952  [004] ....  5641.570429: do_swap_page: swapin tgid 828 pid 2952 name "wifi_ext@1.0-se" vma 7fba235000
 wifi_ext@1.0-se-2952  [004] ....  5641.570431: do_swap_page: swapin tgid 828 pid 2952 name "wifi_ext@1.0-se" vma 7fba236000
 wifi_ext@1.0-se-2952  [004] ....  5641.570434: do_swap_page: swapin tgid 828 pid 2952 name "wifi_ext@1.0-se" vma 7fba237000
 wifi_ext@1.0-se-2952  [004] ....  5641.571560: do_swap_page: swapin tgid 828 pid 2952 name "wifi_ext@1.0-se" vma 7fba058000
           <...>-5700  [004] ....  5643.360382: do_swap_page: swapin tgid 1340 pid 5700 name "Binder:1340_12" vma 7eb4d9c000
           <...>-5700  [004] ....  5643.360590: do_swap_page: swapin tgid 1340 pid 5700 name "Binder:1340_12" vma 7f20d3f000
           <...>-5700  [004] ....  5643.360681: do_swap_page: swapin tgid 1340 pid 5700 name "Binder:1340_12" vma 7ed187d000
           <...>-5700  [004] ....  5643.380288: do_swap_page: swapin tgid 1340 pid 5700 name "Binder:1340_12" vma 7ed187d000
           <...>-5700  [004] ....  5643.380460: do_swap_page: swapin tgid 1340 pid 5700 name "Binder:1340_12" vma 7ed187f000
           <...>-5700  [004] ....  5643.380640: do_swap_page: swapin tgid 1340 pid 5700 name "Binder:1340_12" vma 7ed187f000
           <...>-5700  [004] ....  5643.380774: do_swap_page: swapin tgid 1340 pid 5700 name "Binder:1340_12" vma 7f308f7000
           <...>-5700  [004] ....  5643.381362: do_swap_page: swapin tgid 1340 pid 5700 name "Binder:1340_12" vma 9e8ea000
           <...>-5700  [004] ....  5643.381826: do_swap_page: swapin tgid 1340 pid 5700 name "Binder:1340_12" vma 9e8ea000
           <...>-5700  [004] ....  5643.381926: do_swap_page: swapin tgid 1340 pid 5700 name "Binder:1340_12" vma 153ad000
 android.display-1364  [004] ....  5643.382066: do_swap_page: swapin tgid 1340 pid 1364 name "android.display" vma 7f2334a000
           <...>-5700  [004] ....  5643.382196: do_swap_page: swapin tgid 1340 pid 5700 name "Binder:1340_12" vma 153ad000
           <...>-5700  [004] ....  5643.382304: do_swap_page: swapin tgid 1340 pid 5700 name "Binder:1340_12" vma 158e8000
           <...>-5700  [004] ....  5643.382536: do_swap_page: swapin tgid 1340 pid 5700 name "Binder:1340_12" vma 158e8000
           <...>-5700  [004] ....  5643.382551: do_swap_page: swapin tgid 1340 pid 5700 name "Binder:1340_12" vma 76d80000
           <...>-5700  [004] ....  5643.382767: do_swap_page: swapin tgid 1340 pid 5700 name "Binder:1340_12" vma 76d80000
           <...>-5700  [004] ....  5643.382777: do_swap_page: swapin tgid 1340 pid 5700 name "Binder:1340_12" vma 76d82000
           <...>-5700  [004] ....  5643.382934: do_swap_page: swapin tgid 1340 pid 5700 name "Binder:1340_12" vma 76d82000
           <...>-5700  [004] ....  5643.382943: do_swap_page: swapin tgid 1340 pid 5700 name "Binder:1340_12" vma 76d83000
           <...>-5700  [004] ....  5643.383095: do_swap_page: swapin tgid 1340 pid 5700 name "Binder:1340_12" vma 76d83000
           <...>-5700  [004] ....  5643.383107: do_swap_page: swapin tgid 1340 pid 5700 name "Binder:1340_12" vma 158ed000
           <...>-5700  [004] ....  5643.383311: do_swap_page: swapin tgid 1340 pid 5700 name "Binder:1340_12" vma 158ed000
           <...>-5700  [004] ....  5643.383321: do_swap_page: swapin tgid 1340 pid 5700 name "Binder:1340_12" vma 15781000
           <...>-5700  [004] ....  5643.383539: do_swap_page: swapin tgid 1340 pid 5700 name "Binder:1340_12" vma 15781000
           <...>-5700  [004] ....  5643.383550: do_swap_page: swapin tgid 1340 pid 5700 name "Binder:1340_12" vma 15780000
           <...>-5700  [004] ....  5643.383801: do_swap_page: swapin tgid 1340 pid 5700 name "Binder:1340_12" vma 15780000
           <...>-5700  [004] ....  5643.383817: do_swap_page: swapin tgid 1340 pid 5700 name "Binder:1340_12" vma 1577f000
           <...>-5700  [004] ....  5643.383885: do_swap_page: swapin tgid 1340 pid 5700 name "Binder:1340_12" vma 9e6fc000
           <...>-5700  [004] ....  5643.384127: do_swap_page: swapin tgid 1340 pid 5700 name "Binder:1340_12" vma 9e6fc000
           <...>-5700  [004] ....  5643.384254: do_swap_page: swapin tgid 1340 pid 5700 name "Binder:1340_12" vma 7f23344000
     logd.writer-567   [004] ....  5643.384383: do_swap_page: swapin tgid 557 pid 567 name "logd.writer" vma 7fbbe5c000
           <...>-5700  [004] ....  5643.384623: do_swap_page: swapin tgid 1340 pid 5700 name "Binder:1340_12" vma 7f23344000
           <...>-5700  [004] ....  5643.384658: do_swap_page: swapin tgid 1340 pid 5700 name "Binder:1340_12" vma 9e8d2000
           <...>-5700  [004] ....  5643.384895: do_swap_page: swapin tgid 1340 pid 5700 name "Binder:1340_12" vma 9e8d2000
           <...>-5700  [004] ....  5643.384906: do_swap_page: swapin tgid 1340 pid 5700 name "Binder:1340_12" vma 9e927000
           <...>-5700  [004] ....  5643.385115: do_swap_page: swapin tgid 1340 pid 5700 name "Binder:1340_12" vma 9e927000
           <...>-5700  [004] ....  5643.385125: do_swap_page: swapin tgid 1340 pid 5700 name "Binder:1340_12" vma 9e914000
           <...>-5700  [004] ....  5643.385292: do_swap_page: swapin tgid 1340 pid 5700 name "Binder:1340_12" vma 9e914000
           <...>-5700  [004] ....  5643.385413: do_swap_page: swapin tgid 1340 pid 5700 name "Binder:1340_12" vma 7f2af95000
           <...>-5700  [004] ....  5643.385694: do_swap_page: swapin tgid 1340 pid 5700 name "Binder:1340_12" vma 7f2af95000
           <...>-5700  [004] ....  5643.385709: do_swap_page: swapin tgid 1340 pid 5700 name "Binder:1340_12" vma 7f210fc000
           <...>-5700  [004] ....  5643.385941: do_swap_page: swapin tgid 1340 pid 5700 name "Binder:1340_12" vma 7f210fc000
           <...>-5700  [004] ....  5643.385965: do_swap_page: swapin tgid 1340 pid 5700 name "Binder:1340_12" vma 7f210fd000
           <...>-5700  [004] ....  5643.386037: do_swap_page: swapin tgid 1340 pid 5700 name "Binder:1340_12" vma 9e6fd000
           <...>-5700  [004] ....  5643.386246: do_swap_page: swapin tgid 1340 pid 5700 name "Binder:1340_12" vma 9e6fd000
           <...>-5700  [004] ....  5643.386430: do_swap_page: swapin tgid 1340 pid 5700 name "Binder:1340_12" vma 7e8358e000
           <...>-5700  [004] ....  5643.386461: do_swap_page: swapin tgid 1340 pid 5700 name "Binder:1340_12" vma 7f39858000
           <...>-5700  [004] ....  5643.386482: do_swap_page: swapin tgid 1340 pid 5700 name "Binder:1340_12" vma 7fbe235000
           <...>-5700  [004] ....  5643.386773: do_swap_page: swapin tgid 1340 pid 5700 name "Binder:1340_12" vma 7fbe235000
           <...>-5700  [004] ....  5643.386833: do_swap_page: swapin tgid 1340 pid 5700 name "Binder:1340_12" vma 9e921000
     logd.writer-567   [004] ....  5643.386940: do_swap_page: swapin tgid 557 pid 567 name "logd.writer" vma 7fb26b6000
         logcatd-874   [004] ....  5643.387096: do_swap_page: swapin tgid 874 pid 874 name "logcatd" vma 7fbd915000
           <...>-5700  [004] ....  5643.387179: do_swap_page: swapin tgid 1340 pid 5700 name "Binder:1340_12" vma 9e921000
           <...>-5700  [004] ....  5643.387265: do_swap_page: swapin tgid 1340 pid 5700 name "Binder:1340_12" vma 7ed0cbf000
           <...>-816   [004] ....  5643.387429: do_swap_page: swapin tgid 816 pid 816 name "power@1.3-servi" vma 7fbf6ff000
           <...>-816   [004] ....  5643.387713: do_swap_page: swapin tgid 816 pid 816 name "power@1.3-servi" vma 7fbf6ff000
           <...>-816   [004] ....  5643.387780: do_swap_page: swapin tgid 816 pid 816 name "power@1.3-servi" vma 7fbb825000
           <...>-5700  [004] ....  5643.387893: do_swap_page: swapin tgid 1340 pid 5700 name "Binder:1340_12" vma 7fbe178000
           <...>-816   [004] ....  5643.388014: do_swap_page: swapin tgid 816 pid 816 name "power@1.3-servi" vma 7fbb825000
           <...>-5700  [004] ....  5643.388604: do_swap_page: swapin tgid 1340 pid 5700 name "Binder:1340_12" vma 7fbe178000
           <...>-5700  [004] ....  5643.388623: do_swap_page: swapin tgid 1340 pid 5700 name "Binder:1340_12" vma 7fbe23f000
         logcatd-874   [004] ....  5643.388685: do_swap_page: swapin tgid 874 pid 874 name "logcatd" vma 7fbd915000
           <...>-5700  [004] ....  5643.389058: do_swap_page: swapin tgid 1340 pid 5700 name "Binder:1340_12" vma 7fbe23f000
           <...>-5700  [004] ....  5643.389259: do_swap_page: swapin tgid 1340 pid 5700 name "Binder:1340_12" vma 7eb4c23000
           <...>-5700  [004] ....  5643.391807: do_swap_page: swapin tgid 1340 pid 5700 name "Binder:1340_12" vma 7fbe236000
           <...>-5700  [004] ....  5643.392051: do_swap_page: swapin tgid 1340 pid 5700 name "Binder:1340_12" vma 7fbe236000
           <...>-5700  [004] ....  5643.393353: do_swap_page: swapin tgid 1340 pid 5700 name "Binder:1340_12" vma 7eb408c000
           <...>-2552  [004] ....  5643.393597: do_swap_page: swapin tgid 1996 pid 2552 name "Binder:1996_5" vma 7ecc650000
      android.ui-1362  [004] ....  5643.393688: do_swap_page: swapin tgid 1340 pid 1362 name "android.ui" vma 9e91c000
           <...>-5700  [004] ....  5643.393790: do_swap_page: swapin tgid 1340 pid 5700 name "Binder:1340_12" vma 13fff000
      android.ui-1362  [004] ....  5643.393825: do_swap_page: swapin tgid 1340 pid 1362 name "android.ui" vma 9e91c000
           <...>-5700  [004] ....  5643.393891: do_swap_page: swapin tgid 1340 pid 5700 name "Binder:1340_12" vma 7fbe176000
           <...>-2552  [004] ....  5643.394084: do_swap_page: swapin tgid 1996 pid 2552 name "Binder:1996_5" vma 7ecc650000
           <...>-2552  [004] ....  5643.394094: do_swap_page: swapin tgid 1996 pid 2552 name "Binder:1996_5" vma 12e7b000
           <...>-1996  [004] ....  5643.394177: do_swap_page: swapin tgid 1996 pid 1996 name "droid.launcher3" vma 12ee6000
           <...>-1996  [004] ....  5643.394189: do_swap_page: swapin tgid 1996 pid 1996 name "droid.launcher3" vma 13cc2000
           <...>-5700  [004] ....  5643.394219: do_swap_page: swapin tgid 1340 pid 5700 name "Binder:1340_12" vma 7fbe176000
           <...>-1996  [004] ....  5643.394372: do_swap_page: swapin tgid 1996 pid 1996 name "droid.launcher3" vma 13cc2000
           <...>-1996  [004] ....  5643.394399: do_swap_page: swapin tgid 1996 pid 1996 name "droid.launcher3" vma 7fbe23f000
           <...>-1996  [004] ....  5643.394652: do_swap_page: swapin tgid 1996 pid 1996 name "droid.launcher3" vma 7fbe23f000
           <...>-1996  [004] ....  5643.394659: do_swap_page: swapin tgid 1996 pid 1996 name "droid.launcher3" vma 7fbe240000
           <...>-5700  [004] ....  5643.394717: do_swap_page: swapin tgid 1340 pid 5700 name "Binder:1340_12" vma 15102000
           <...>-5700  [004] ....  5643.394723: do_swap_page: swapin tgid 1340 pid 5700 name "Binder:1340_12" vma 15107000
           <...>-5700  [004] ....  5643.394727: do_swap_page: swapin tgid 1340 pid 5700 name "Binder:1340_12" vma 9e6f8000
     logd.writer-567   [004] ....  5643.394769: do_swap_page: swapin tgid 557 pid 567 name "logd.writer" vma 7fbd87b000
           <...>-1996  [004] ....  5643.394836: do_swap_page: swapin tgid 1996 pid 1996 name "droid.launcher3" vma 7fbe240000
           <...>-5700  [004] ....  5643.395282: do_swap_page: swapin tgid 1340 pid 5700 name "Binder:1340_12" vma 9e6f8000
           <...>-5700  [004] ....  5643.395295: do_swap_page: swapin tgid 1340 pid 5700 name "Binder:1340_12" vma 15108000
           <...>-5700  [004] ....  5643.396026: do_swap_page: swapin tgid 1340 pid 5700 name "Binder:1340_12" vma 7eb4c07000
    Binder:601_3-729   [004] ....  5643.396174: do_swap_page: swapin tgid 601 pid 729 name "Binder:601_3" vma 7fba73d000
           <...>-5700  [004] ....  5643.396306: do_swap_page: swapin tgid 1340 pid 5700 name "Binder:1340_12" vma 7f210f8000
     logd.writer-567   [004] ....  5643.396367: do_swap_page: swapin tgid 557 pid 567 name "logd.writer" vma 7fbd87b000
     logd.writer-567   [004] ....  5643.396374: do_swap_page: swapin tgid 557 pid 567 name "logd.writer" vma 7fbd875000
           <...>-5700  [004] ....  5643.396450: do_swap_page: swapin tgid 1340 pid 5700 name "Binder:1340_12" vma 7f210f8000
    android.anim-1365  [004] ....  5643.396609: do_swap_page: swapin tgid 1340 pid 1365 name "android.anim" vma 7f28bd8000
    android.anim-1365  [004] ....  5643.396615: do_swap_page: swapin tgid 1340 pid 1365 name "android.anim" vma 7eb44ff000
    android.anim-1365  [004] ....  5643.396623: do_swap_page: swapin tgid 1340 pid 1365 name "android.anim" vma 7eb44fe000
    android.anim-1365  [004] ....  5643.396633: do_swap_page: swapin tgid 1340 pid 1365 name "android.anim" vma 7fbd525000
    android.anim-1365  [004] ....  5643.396636: do_swap_page: swapin tgid 1340 pid 1365 name "android.anim" vma 7fbd526000
           <...>-1996  [004] ....  5643.397251: do_swap_page: swapin tgid 1996 pid 1996 name "droid.launcher3" vma 13cf1000
           <...>-1996  [004] ....  5643.397267: do_swap_page: swapin tgid 1996 pid 1996 name "droid.launcher3" vma 9e750000
           <...>-1996  [004] ....  5643.397270: do_swap_page: swapin tgid 1996 pid 1996 name "droid.launcher3" vma 9e74e000
           <...>-1996  [004] ....  5643.397272: do_swap_page: swapin tgid 1996 pid 1996 name "droid.launcher3" vma 9e604000
           <...>-1996  [004] ....  5643.397444: do_swap_page: swapin tgid 1996 pid 1996 name "droid.launcher3" vma 9e604000
           <...>-1996  [004] ....  5643.397453: do_swap_page: swapin tgid 1996 pid 1996 name "droid.launcher3" vma 9e755000
           <...>-1996  [004] ....  5643.397456: do_swap_page: swapin tgid 1996 pid 1996 name "droid.launcher3" vma 9e65f000
 android.display-1364  [004] ....  5643.397603: do_swap_page: swapin tgid 1340 pid 1364 name "android.display" vma 9e8f5000
           <...>-1996  [004] ....  5643.397631: do_swap_page: swapin tgid 1996 pid 1996 name "droid.launcher3" vma 9e65f000
           <...>-1996  [004] ....  5643.397637: do_swap_page: swapin tgid 1996 pid 1996 name "droid.launcher3" vma 9e74d000
           <...>-1996  [004] ....  5643.397743: do_swap_page: swapin tgid 1996 pid 1996 name "droid.launcher3" vma 7fbe23d000
           <...>-1996  [004] ....  5643.397922: do_swap_page: swapin tgid 1996 pid 1996 name "droid.launcher3" vma 7fbe23d000
   Binder:1340_E-3956  [004] ....  5643.398188: do_swap_page: swapin tgid 1340 pid 3956 name "Binder:1340_E" vma 7f28b46000
   Binder:1340_E-3956  [004] ....  5643.398237: do_swap_page: swapin tgid 1340 pid 3956 name "Binder:1340_E" vma 7ed0b13000
   Binder:1340_E-3956  [004] ....  5643.398244: do_swap_page: swapin tgid 1340 pid 3956 name "Binder:1340_E" vma 7ed0b14000
   Binder:1340_E-3956  [004] ....  5643.398346: do_swap_page: swapin tgid 1340 pid 3956 name "Binder:1340_E" vma 9e6fe000
           <...>-6630  [004] ....  5643.398389: do_swap_page: swapin tgid 6611 pid 6630 name "Binder:6611_3" vma 7ea2b57000
           <...>-6630  [004] ....  5643.398402: do_swap_page: swapin tgid 6611 pid 6630 name "Binder:6611_3" vma 12f85000
           <...>-6630  [004] ....  5643.398426: do_swap_page: swapin tgid 6611 pid 6630 name "Binder:6611_3" vma 7fbe178000
           <...>-6630  [004] ....  5643.398443: do_swap_page: swapin tgid 6611 pid 6630 name "Binder:6611_3" vma 130d2000
   Binder:6611_5-9977  [004] ....  5643.398498: do_swap_page: swapin tgid 6611 pid 9977 name "Binder:6611_5" vma 7f2d638000
   Binder:6611_5-9977  [004] ....  5643.398519: do_swap_page: swapin tgid 6611 pid 9977 name "Binder:6611_5" vma 7f2dd0d000
   Binder:6611_5-9977  [004] ....  5643.398524: do_swap_page: swapin tgid 6611 pid 9977 name "Binder:6611_5" vma 7f2dd0e000
   Binder:6611_1-6628  [004] ....  5643.398549: do_swap_page: swapin tgid 6611 pid 6628 name "Binder:6611_1" vma 7f2e1eb000
   Binder:6611_1-6628  [004] ....  5643.398551: do_swap_page: swapin tgid 6611 pid 6628 name "Binder:6611_1" vma 7f2e1ec000
 LazyTaskWriterT-2393  [004] ....  5643.398574: do_swap_page: swapin tgid 1340 pid 2393 name "LazyTaskWriterT" vma 7e9b4ff000
 LazyTaskWriterT-2393  [004] ....  5643.398578: do_swap_page: swapin tgid 1340 pid 2393 name "LazyTaskWriterT" vma 7e9b4fd000
 ell.clashroyale-6611  [004] ....  5643.398614: do_swap_page: swapin tgid 6611 pid 6611 name "ell.clashroyale" vma 7f28afb000
 ell.clashroyale-6611  [004] ....  5643.398620: do_swap_page: swapin tgid 6611 pid 6611 name "ell.clashroyale" vma 7ece581000
 ell.clashroyale-6611  [004] ....  5643.398623: do_swap_page: swapin tgid 6611 pid 6611 name "ell.clashroyale" vma 7ece565000
 ell.clashroyale-6611  [004] ....  5643.398632: do_swap_page: swapin tgid 6611 pid 6611 name "ell.clashroyale" vma 7ece575000
 ell.clashroyale-6611  [004] ....  5643.398637: do_swap_page: swapin tgid 6611 pid 6611 name "ell.clashroyale" vma 7fbe166000
 ell.clashroyale-6611  [004] ....  5643.398640: do_swap_page: swapin tgid 6611 pid 6611 name "ell.clashroyale" vma 7f28a0f000
 ell.clashroyale-6611  [004] ....  5643.398643: do_swap_page: swapin tgid 6611 pid 6611 name "ell.clashroyale" vma 7f28a81000
 ell.clashroyale-6611  [004] ....  5643.398663: do_swap_page: swapin tgid 6611 pid 6611 name "ell.clashroyale" vma 7f28b23000
    RenderThread-6657  [004] ....  5643.398698: do_swap_page: swapin tgid 6611 pid 6657 name "RenderThread" vma 7eb729b000
   Binder:1340_E-3956  [004] ....  5643.398709: do_swap_page: swapin tgid 1340 pid 3956 name "Binder:1340_E" vma 9e6fe000
   Binder:1340_E-3956  [004] ....  5643.398719: do_swap_page: swapin tgid 1340 pid 3956 name "Binder:1340_E" vma 7fbe238000
 android.display-1364  [004] ....  5643.398808: do_swap_page: swapin tgid 1340 pid 1364 name "android.display" vma 9e8f5000
 android.display-1364  [004] ....  5643.398836: do_swap_page: swapin tgid 1340 pid 1364 name "android.display" vma 7f21033000
   Binder:1340_E-3956  [004] ....  5643.398888: do_swap_page: swapin tgid 1340 pid 3956 name "Binder:1340_E" vma 7fbe238000
   Binder:1340_E-3956  [004] ....  5643.399061: do_swap_page: swapin tgid 1340 pid 3956 name "Binder:1340_E" vma 9e6ec000
   Binder:6611_5-9977  [004] ....  5643.399090: do_swap_page: swapin tgid 6611 pid 9977 name "Binder:6611_5" vma 7f2dd0e000
   Binder:6611_5-9977  [004] ....  5643.399098: do_swap_page: swapin tgid 6611 pid 9977 name "Binder:6611_5" vma 7e9681e000
   Binder:6611_5-9977  [004] ....  5643.399108: do_swap_page: swapin tgid 6611 pid 9977 name "Binder:6611_5" vma 7e965d7000
   Binder:6611_5-9977  [004] ....  5643.399112: do_swap_page: swapin tgid 6611 pid 9977 name "Binder:6611_5" vma 7ea2694000
   Binder:6611_5-9977  [004] ....  5643.399117: do_swap_page: swapin tgid 6611 pid 9977 name "Binder:6611_5" vma 7f28ba8000
   Binder:6611_5-9977  [004] ....  5643.399121: do_swap_page: swapin tgid 6611 pid 9977 name "Binder:6611_5" vma 7e96658000
   Binder:6611_5-9977  [004] ....  5643.399125: do_swap_page: swapin tgid 6611 pid 9977 name "Binder:6611_5" vma 7e96659000
   Binder:6611_5-9977  [004] ....  5643.399127: do_swap_page: swapin tgid 6611 pid 9977 name "Binder:6611_5" vma 12f82000
   Binder:6611_5-9977  [004] ....  5643.399132: do_swap_page: swapin tgid 6611 pid 9977 name "Binder:6611_5" vma 13429000
   Binder:6611_5-9977  [004] ....  5643.399147: do_swap_page: swapin tgid 6611 pid 9977 name "Binder:6611_5" vma 7f2dd0c000
   Binder:6611_5-9977  [004] ....  5643.399151: do_swap_page: swapin tgid 6611 pid 9977 name "Binder:6611_5" vma 7fbe29c000
   Binder:6611_5-9977  [004] ....  5643.399172: do_swap_page: swapin tgid 6611 pid 9977 name "Binder:6611_5" vma 7ea28b2000
   Binder:6611_5-9977  [004] ....  5643.399176: do_swap_page: swapin tgid 6611 pid 9977 name "Binder:6611_5" vma 7ea293e000
   Binder:6611_5-9977  [004] ....  5643.399181: do_swap_page: swapin tgid 6611 pid 9977 name "Binder:6611_5" vma 7eb7138000
   Binder:6611_5-9977  [004] ....  5643.399190: do_swap_page: swapin tgid 6611 pid 9977 name "Binder:6611_5" vma 7eb67b8000
   Binder:6611_5-9977  [004] ....  5643.399194: do_swap_page: swapin tgid 6611 pid 9977 name "Binder:6611_5" vma 13090000
   Binder:1340_E-3956  [004] ....  5643.399235: do_swap_page: swapin tgid 1340 pid 3956 name "Binder:1340_E" vma 9e6ec000
   Binder:1340_E-3956  [004] ....  5643.399259: do_swap_page: swapin tgid 1340 pid 3956 name "Binder:1340_E" vma 7eb3ed7000
 android.display-1364  [004] ....  5643.399285: do_swap_page: swapin tgid 1340 pid 1364 name "android.display" vma 7f21033000
 android.display-1364  [004] ....  5643.399290: do_swap_page: swapin tgid 1340 pid 1364 name "android.display" vma 9e8ba000
 android.display-1364  [004] ....  5643.399452: do_swap_page: swapin tgid 1340 pid 1364 name "android.display" vma 9e8ba000
   Binder:1340_E-3956  [004] ....  5643.399526: do_swap_page: swapin tgid 1340 pid 3956 name "Binder:1340_E" vma 7eb3ed7000
   Binder:1340_E-3956  [004] ....  5643.399534: do_swap_page: swapin tgid 1340 pid 3956 name "Binder:1340_E" vma 7eb3ed8000
     logd.writer-567   [004] ....  5643.399672: do_swap_page: swapin tgid 557 pid 567 name "logd.writer" vma 7fbd875000
     logd.writer-567   [004] ....  5643.399678: do_swap_page: swapin tgid 557 pid 567 name "logd.writer" vma 7fbd8ab000
   Binder:6611_1-6628  [004] ....  5643.399727: do_swap_page: swapin tgid 6611 pid 6628 name "Binder:6611_1" vma 7f2e1ec000
   Binder:6611_1-6628  [004] ....  5643.399734: do_swap_page: swapin tgid 6611 pid 6628 name "Binder:6611_1" vma 7f289fc000
   Binder:6611_1-6628  [004] ....  5643.399743: do_swap_page: swapin tgid 6611 pid 6628 name "Binder:6611_1" vma 7f28ac2000
   Binder:6611_1-6628  [004] ....  5643.399745: do_swap_page: swapin tgid 6611 pid 6628 name "Binder:6611_1" vma 7f28b5e000
   Binder:6611_1-6628  [004] ....  5643.399748: do_swap_page: swapin tgid 6611 pid 6628 name "Binder:6611_1" vma 7f28b67000
   Binder:6611_1-6628  [004] ....  5643.399751: do_swap_page: swapin tgid 6611 pid 6628 name "Binder:6611_1" vma 7f28b68000
   Binder:6611_1-6628  [004] ....  5643.399755: do_swap_page: swapin tgid 6611 pid 6628 name "Binder:6611_1" vma 7f2e1e9000
   Binder:1340_E-3956  [004] ....  5643.399771: do_swap_page: swapin tgid 1340 pid 3956 name "Binder:1340_E" vma 7eb3ed8000
   Binder:1340_E-3956  [004] ....  5643.399805: do_swap_page: swapin tgid 1340 pid 3956 name "Binder:1340_E" vma 7ed0b4f000
   Binder:6611_1-6628  [004] ....  5643.399982: do_swap_page: swapin tgid 6611 pid 6628 name "Binder:6611_1" vma 7f2e1e9000
   Binder:6611_1-6628  [004] ....  5643.399995: do_swap_page: swapin tgid 6611 pid 6628 name "Binder:6611_1" vma 7f2e1ea000
   Binder:6611_1-6628  [004] ....  5643.400009: do_swap_page: swapin tgid 6611 pid 6628 name "Binder:6611_1" vma 7fbe28c000
   Binder:6611_1-6628  [004] ....  5643.400011: do_swap_page: swapin tgid 6611 pid 6628 name "Binder:6611_1" vma 7fbe303000
   Binder:6611_1-6628  [004] ....  5643.400029: do_swap_page: swapin tgid 6611 pid 6628 name "Binder:6611_1" vma 7fbe1ca000
   Binder:6611_1-6628  [004] ....  5643.400032: do_swap_page: swapin tgid 6611 pid 6628 name "Binder:6611_1" vma 7e96428000
   Binder:6611_1-6628  [004] ....  5643.400035: do_swap_page: swapin tgid 6611 pid 6628 name "Binder:6611_1" vma 7ece439000
   Binder:6611_1-6628  [004] ....  5643.400042: do_swap_page: swapin tgid 6611 pid 6628 name "Binder:6611_1" vma 12f55000
   Binder:6611_1-6628  [004] ....  5643.400046: do_swap_page: swapin tgid 6611 pid 6628 name "Binder:6611_1" vma 13403000
   Binder:6611_1-6628  [004] ....  5643.400049: do_swap_page: swapin tgid 6611 pid 6628 name "Binder:6611_1" vma 13087000
   Binder:6611_1-6628  [004] ....  5643.400099: do_swap_page: swapin tgid 6611 pid 6628 name "Binder:6611_1" vma 7f28969000
   Binder:1340_E-3956  [004] ....  5643.400120: do_swap_page: swapin tgid 1340 pid 3956 name "Binder:1340_E" vma 7ed0b4f000
   Binder:1340_E-3956  [004] ....  5643.400484: do_swap_page: swapin tgid 1340 pid 3956 name "Binder:1340_E" vma 7f3985f000
           <...>-1996  [004] ....  5643.401109: do_swap_page: swapin tgid 1996 pid 1996 name "droid.launcher3" vma 725c5000
 android.display-1364  [004] ....  5643.401195: do_swap_page: swapin tgid 1340 pid 1364 name "android.display" vma 7f2d673000
 android.display-1364  [004] ....  5643.401213: do_swap_page: swapin tgid 1340 pid 1364 name "android.display" vma 7f2d6f7000
           <...>-1996  [004] ....  5643.401329: do_swap_page: swapin tgid 1996 pid 1996 name "droid.launcher3" vma 725c5000
           <...>-1996  [004] ....  5643.401347: do_swap_page: swapin tgid 1996 pid 1996 name "droid.launcher3" vma 12ece000
           <...>-1996  [004] ....  5643.401522: do_swap_page: swapin tgid 1996 pid 1996 name "droid.launcher3" vma 12ece000
           <...>-1996  [004] ....  5643.401583: do_swap_page: swapin tgid 1996 pid 1996 name "droid.launcher3" vma 7fbc095000
           <...>-1996  [004] ....  5643.401599: do_swap_page: swapin tgid 1996 pid 1996 name "droid.launcher3" vma 12ed1000
           <...>-6686  [004] ....  5643.401642: do_swap_page: swapin tgid 1665 pid 6686 name "Binder:1665_6" vma 9e903000
           <...>-6686  [004] ....  5643.401647: do_swap_page: swapin tgid 1665 pid 6686 name "Binder:1665_6" vma 9e767000
           <...>-1996  [004] ....  5643.401718: do_swap_page: swapin tgid 1996 pid 1996 name "droid.launcher3" vma 12ed1000
           <...>-1996  [004] ....  5643.401794: do_swap_page: swapin tgid 1996 pid 1996 name "droid.launcher3" vma 12e8f000
           <...>-1996  [004] ....  5643.401815: do_swap_page: swapin tgid 1996 pid 1996 name "droid.launcher3" vma 725d7000
 android.display-1364  [004] ....  5643.401948: do_swap_page: swapin tgid 1340 pid 1364 name "android.display" vma 9e605000
           <...>-2552  [004] ....  5643.402072: do_swap_page: swapin tgid 1996 pid 2552 name "Binder:1996_5" vma 7f2d708000
           <...>-1996  [004] ....  5643.402130: do_swap_page: swapin tgid 1996 pid 1996 name "droid.launcher3" vma 725d7000
           <...>-1996  [004] ....  5643.402137: do_swap_page: swapin tgid 1996 pid 1996 name "droid.launcher3" vma 725d8000
 android.display-1364  [004] ....  5643.402166: do_swap_page: swapin tgid 1340 pid 1364 name "android.display" vma 9e605000
 android.display-1364  [004] ....  5643.402172: do_swap_page: swapin tgid 1340 pid 1364 name "android.display" vma 9e8e6000
           <...>-6686  [004] ....  5643.402194: do_swap_page: swapin tgid 1665 pid 6686 name "Binder:1665_6" vma 9e767000
           <...>-1665  [004] ....  5643.402273: do_swap_page: swapin tgid 1665 pid 1665 name "ndroid.systemui" vma 9e719000
           <...>-1665  [004] ....  5643.402278: do_swap_page: swapin tgid 1665 pid 1665 name "ndroid.systemui" vma 9e7c9000
           <...>-1996  [004] ....  5643.402326: do_swap_page: swapin tgid 1996 pid 1996 name "droid.launcher3" vma 725d8000
           <...>-1996  [004] ....  5643.402335: do_swap_page: swapin tgid 1996 pid 1996 name "droid.launcher3" vma 132bf000
           <...>-1996  [004] ....  5643.402375: do_swap_page: swapin tgid 1996 pid 1996 name "droid.launcher3" vma 7ed0cde000
           <...>-1996  [004] ....  5643.402386: do_swap_page: swapin tgid 1996 pid 1996 name "droid.launcher3" vma 725cc000
 android.display-1364  [004] ....  5643.402409: do_swap_page: swapin tgid 1340 pid 1364 name "android.display" vma 9e8e6000
 android.display-1364  [004] ....  5643.402445: do_swap_page: swapin tgid 1340 pid 1364 name "android.display" vma 15654000
           <...>-1665  [004] ....  5643.402471: do_swap_page: swapin tgid 1665 pid 1665 name "ndroid.systemui" vma 9e7c9000
           <...>-1665  [004] ....  5643.402479: do_swap_page: swapin tgid 1665 pid 1665 name "ndroid.systemui" vma 9e7b6000
           <...>-1996  [004] ....  5643.402530: do_swap_page: swapin tgid 1996 pid 1996 name "droid.launcher3" vma 725cc000
           <...>-1996  [004] ....  5643.402545: do_swap_page: swapin tgid 1996 pid 1996 name "droid.launcher3" vma 7ed0cdf000
           <...>-1996  [004] ....  5643.402624: do_swap_page: swapin tgid 1996 pid 1996 name "droid.launcher3" vma 9e5ea000
           <...>-1996  [004] ....  5643.402773: do_swap_page: swapin tgid 1996 pid 1996 name "droid.launcher3" vma 9e5ea000
           <...>-1996  [004] ....  5643.402783: do_swap_page: swapin tgid 1996 pid 1996 name "droid.launcher3" vma 9e5b7000
           <...>-1665  [004] ....  5643.402898: do_swap_page: swapin tgid 1665 pid 1665 name "ndroid.systemui" vma 9e7b6000
           <...>-1665  [004] ....  5643.402905: do_swap_page: swapin tgid 1665 pid 1665 name "ndroid.systemui" vma 13e72000
           <...>-1665  [004] ....  5643.402914: do_swap_page: swapin tgid 1665 pid 1665 name "ndroid.systemui" vma 13dfa000
           <...>-1996  [004] ....  5643.402960: do_swap_page: swapin tgid 1996 pid 1996 name "droid.launcher3" vma 9e5b7000
           <...>-1996  [004] ....  5643.402975: do_swap_page: swapin tgid 1996 pid 1996 name "droid.launcher3" vma 13283000
 android.display-1364  [004] ....  5643.403008: do_swap_page: swapin tgid 1340 pid 1364 name "android.display" vma 15654000
 android.display-1364  [004] ....  5643.403047: do_swap_page: swapin tgid 1340 pid 1364 name "android.display" vma 1513f000
           <...>-1996  [004] ....  5643.403262: do_swap_page: swapin tgid 1996 pid 1996 name "droid.launcher3" vma 13283000
           <...>-1996  [004] ....  5643.403280: do_swap_page: swapin tgid 1996 pid 1996 name "droid.launcher3" vma 132b1000
           <...>-1996  [004] ....  5643.403400: do_swap_page: swapin tgid 1996 pid 1996 name "droid.launcher3" vma 132b1000
           <...>-1996  [004] ....  5643.403453: do_swap_page: swapin tgid 1996 pid 1996 name "droid.launcher3" vma 132e1000
           <...>-1996  [004] ....  5643.403572: do_swap_page: swapin tgid 1996 pid 1996 name "droid.launcher3" vma 132e1000
           <...>-1996  [004] ....  5643.403584: do_swap_page: swapin tgid 1996 pid 1996 name "droid.launcher3" vma 132e0000
           <...>-1996  [004] ....  5643.403697: do_swap_page: swapin tgid 1996 pid 1996 name "droid.launcher3" vma 132e0000
           <...>-1996  [004] ....  5643.403707: do_swap_page: swapin tgid 1996 pid 1996 name "droid.launcher3" vma 132df000
           <...>-1996  [004] ....  5643.403820: do_swap_page: swapin tgid 1996 pid 1996 name "droid.launcher3" vma 132df000
           <...>-1996  [004] ....  5643.403833: do_swap_page: swapin tgid 1996 pid 1996 name "droid.launcher3" vma 132dd000
           <...>-1996  [004] ....  5643.403945: do_swap_page: swapin tgid 1996 pid 1996 name "droid.launcher3" vma 132dd000
           <...>-1996  [004] ....  5643.403951: do_swap_page: swapin tgid 1996 pid 1996 name "droid.launcher3" vma 132dc000
 android.display-1364  [004] ....  5643.409536: do_swap_page: swapin tgid 1340 pid 1364 name "android.display" vma 7e6a179000
 android.display-1364  [004] ....  5643.409750: do_swap_page: swapin tgid 1340 pid 1364 name "android.display" vma 7fbe23e000
           <...>-3005  [004] ....  5643.410635: do_swap_page: swapin tgid 2967 pid 3005 name "Binder:2967_3" vma 7fbe177000
           <...>-3005  [004] ....  5643.410669: do_swap_page: swapin tgid 2967 pid 3005 name "Binder:2967_3" vma 7eb313f000
           <...>-3005  [004] ....  5643.410677: do_swap_page: swapin tgid 2967 pid 3005 name "Binder:2967_3" vma 7fbe1d4000
