 android.display-1364  [004] ....  4713.747644: do_swap_page: swapin tgid 1340 pid 1364 name "android.display" vma 7f28b32000
 android.display-1364  [004] ....  4713.747650: do_swap_page: swapin tgid 1340 pid 1364 name "android.display" vma 7ed0aad000
 ndroid.systemui-1665  [004] ....  4713.747686: do_swap_page: swapin tgid 1665 pid 1665 name "ndroid.systemui" vma 7fbc3c9000
           <...>-1996  [004] ....  4713.747726: do_swap_page: swapin tgid 1996 pid 1996 name "droid.launcher3" vma 9e5a5000
           <...>-1996  [004] ....  4713.747734: do_swap_page: swapin tgid 1996 pid 1996 name "droid.launcher3" vma 9e6a6000
 android.display-1364  [004] ....  4713.747824: do_swap_page: swapin tgid 1340 pid 1364 name "android.display" vma 7ed0aad000
 android.display-1364  [004] ....  4713.747832: do_swap_page: swapin tgid 1340 pid 1364 name "android.display" vma 7ed0c36000
           <...>-1996  [004] ....  4713.747877: do_swap_page: swapin tgid 1996 pid 1996 name "droid.launcher3" vma 9e6a6000
           <...>-1996  [004] ....  4713.747884: do_swap_page: swapin tgid 1996 pid 1996 name "droid.launcher3" vma 13cfe000
           <...>-1996  [004] ....  4713.747887: do_swap_page: swapin tgid 1996 pid 1996 name "droid.launcher3" vma 9e5cd000
           <...>-1996  [004] ....  4713.748032: do_swap_page: swapin tgid 1996 pid 1996 name "droid.launcher3" vma 9e5cd000
           <...>-1996  [004] ....  4713.748037: do_swap_page: swapin tgid 1996 pid 1996 name "droid.launcher3" vma 9e5cc000
           <...>-1996  [004] ....  4713.748039: do_swap_page: swapin tgid 1996 pid 1996 name "droid.launcher3" vma 7ed0e16000
           <...>-1996  [004] ....  4713.748041: do_swap_page: swapin tgid 1996 pid 1996 name "droid.launcher3" vma 9e5b2000
 android.display-1364  [004] ....  4713.748070: do_swap_page: swapin tgid 1340 pid 1364 name "android.display" vma 7ed0c36000
 android.display-1364  [004] ....  4713.748074: do_swap_page: swapin tgid 1340 pid 1364 name "android.display" vma 7f28a85000
           <...>-1996  [004] ....  4713.748223: do_swap_page: swapin tgid 1996 pid 1996 name "droid.launcher3" vma 9e5b2000
           <...>-1996  [004] ....  4713.748227: do_swap_page: swapin tgid 1996 pid 1996 name "droid.launcher3" vma 9e5b1000
           <...>-1996  [004] ....  4713.748230: do_swap_page: swapin tgid 1996 pid 1996 name "droid.launcher3" vma 132c2000
           <...>-1996  [004] ....  4713.748232: do_swap_page: swapin tgid 1996 pid 1996 name "droid.launcher3" vma 7ec6d23000
           <...>-1996  [004] ....  4713.748235: do_swap_page: swapin tgid 1996 pid 1996 name "droid.launcher3" vma 7ec6d24000
           <...>-1996  [004] ....  4713.748243: do_swap_page: swapin tgid 1996 pid 1996 name "droid.launcher3" vma 9e62f000
           <...>-1996  [004] ....  4713.748245: do_swap_page: swapin tgid 1996 pid 1996 name "droid.launcher3" vma 9e6d5000
 android.display-1364  [004] ....  4713.748273: do_swap_page: swapin tgid 1340 pid 1364 name "android.display" vma 7f28a85000
 android.display-1364  [004] ....  4713.748280: do_swap_page: swapin tgid 1340 pid 1364 name "android.display" vma 7e68bfa000
           <...>-1996  [004] ....  4713.748383: do_swap_page: swapin tgid 1996 pid 1996 name "droid.launcher3" vma 9e6d5000
           <...>-1996  [004] ....  4713.748389: do_swap_page: swapin tgid 1996 pid 1996 name "droid.launcher3" vma 9e687000
 android.display-1364  [004] ....  4713.748472: do_swap_page: swapin tgid 1340 pid 1364 name "android.display" vma 7e68bfa000
 android.display-1364  [004] ....  4713.748478: do_swap_page: swapin tgid 1340 pid 1364 name "android.display" vma 7f28b35000
 android.display-1364  [004] ....  4713.748528: do_swap_page: swapin tgid 1340 pid 1364 name "android.display" vma 7f28987000
 android.display-1364  [004] ....  4713.748535: do_swap_page: swapin tgid 1340 pid 1364 name "android.display" vma 7eb4e21000
           <...>-1996  [004] ....  4713.748559: do_swap_page: swapin tgid 1996 pid 1996 name "droid.launcher3" vma 9e687000
           <...>-1996  [004] ....  4713.748570: do_swap_page: swapin tgid 1996 pid 1996 name "droid.launcher3" vma 7f2d286000
           <...>-1996  [004] ....  4713.748576: do_swap_page: swapin tgid 1996 pid 1996 name "droid.launcher3" vma 7ed0bfd000
           <...>-1996  [004] ....  4713.748585: do_swap_page: swapin tgid 1996 pid 1996 name "droid.launcher3" vma 12c00000
           <...>-1996  [004] ....  4713.748588: do_swap_page: swapin tgid 1996 pid 1996 name "droid.launcher3" vma 7f3510e000
           <...>-1996  [004] ....  4713.748593: do_swap_page: swapin tgid 1996 pid 1996 name "droid.launcher3" vma 7ec6a10000
           <...>-1996  [004] ....  4713.748601: do_swap_page: swapin tgid 1996 pid 1996 name "droid.launcher3" vma 7fbf5e3000
 android.display-1364  [004] ....  4713.748720: do_swap_page: swapin tgid 1340 pid 1364 name "android.display" vma 7eb4e21000
 android.display-1364  [004] ....  4713.748727: do_swap_page: swapin tgid 1340 pid 1364 name "android.display" vma 7f28a83000
           <...>-1996  [004] ....  4713.748874: do_swap_page: swapin tgid 1996 pid 1996 name "droid.launcher3" vma 7fbf5e3000
           <...>-1996  [004] ....  4713.748888: do_swap_page: swapin tgid 1996 pid 1996 name "droid.launcher3" vma 7ed0d59000
           <...>-1996  [004] ....  4713.748893: do_swap_page: swapin tgid 1996 pid 1996 name "droid.launcher3" vma 13cc0000
           <...>-1996  [004] ....  4713.748897: do_swap_page: swapin tgid 1996 pid 1996 name "droid.launcher3" vma 7fbe254000
           <...>-1996  [004] ....  4713.748903: do_swap_page: swapin tgid 1996 pid 1996 name "droid.launcher3" vma 7fbdd78000
 android.display-1364  [004] ....  4713.748952: do_swap_page: swapin tgid 1340 pid 1364 name "android.display" vma 7f28a83000
 android.display-1364  [004] ....  4713.748957: do_swap_page: swapin tgid 1340 pid 1364 name "android.display" vma 7ed0bdd000
 android.display-1364  [004] ....  4713.748961: do_swap_page: swapin tgid 1340 pid 1364 name "android.display" vma 7eb4e42000
           <...>-1996  [004] ....  4713.749045: do_swap_page: swapin tgid 1996 pid 1996 name "droid.launcher3" vma 7fbdd78000
           <...>-1996  [004] ....  4713.749056: do_swap_page: swapin tgid 1996 pid 1996 name "droid.launcher3" vma 72597000
           <...>-1996  [004] ....  4713.749060: do_swap_page: swapin tgid 1996 pid 1996 name "droid.launcher3" vma 72704000
           <...>-1996  [004] ....  4713.749062: do_swap_page: swapin tgid 1996 pid 1996 name "droid.launcher3" vma 13cd5000
           <...>-1996  [004] ....  4713.749073: do_swap_page: swapin tgid 1996 pid 1996 name "droid.launcher3" vma 7f28b4e000
           <...>-1996  [004] ....  4713.749105: do_swap_page: swapin tgid 1996 pid 1996 name "droid.launcher3" vma 12e40000
           <...>-1996  [004] ....  4713.749109: do_swap_page: swapin tgid 1996 pid 1996 name "droid.launcher3" vma 12ee9000
           <...>-1996  [004] ....  4713.749115: do_swap_page: swapin tgid 1996 pid 1996 name "droid.launcher3" vma 12e56000
           <...>-1996  [004] ....  4713.749152: do_swap_page: swapin tgid 1996 pid 1996 name "droid.launcher3" vma 9e6aa000
 android.display-1364  [004] ....  4713.749200: do_swap_page: swapin tgid 1340 pid 1364 name "android.display" vma 7eb4e42000
 android.display-1364  [004] ....  4713.749223: do_swap_page: swapin tgid 1340 pid 1364 name "android.display" vma 9e76b000
           <...>-1996  [004] ....  4713.749296: do_swap_page: swapin tgid 1996 pid 1996 name "droid.launcher3" vma 9e6aa000
           <...>-1996  [004] ....  4713.749305: do_swap_page: swapin tgid 1996 pid 1996 name "droid.launcher3" vma 12e79000
           <...>-1996  [004] ....  4713.749358: do_swap_page: swapin tgid 1996 pid 1996 name "droid.launcher3" vma 7fbf700000
           <...>-1996  [004] ....  4713.749368: do_swap_page: swapin tgid 1996 pid 1996 name "droid.launcher3" vma 7f28b3c000
           <...>-1996  [004] ....  4713.749371: do_swap_page: swapin tgid 1996 pid 1996 name "droid.launcher3" vma 7f2d235000
 android.display-1364  [004] ....  4713.749462: do_swap_page: swapin tgid 1340 pid 1364 name "android.display" vma 9e76b000
 android.display-1364  [004] ....  4713.749469: do_swap_page: swapin tgid 1340 pid 1364 name "android.display" vma 13657000
 android.display-1364  [004] ....  4713.749474: do_swap_page: swapin tgid 1340 pid 1364 name "android.display" vma 1508d000
 android.display-1364  [004] ....  4713.749480: do_swap_page: swapin tgid 1340 pid 1364 name "android.display" vma 1508c000
 android.display-1364  [004] ....  4713.749482: do_swap_page: swapin tgid 1340 pid 1364 name "android.display" vma 1508e000
 android.display-1364  [004] ....  4713.749502: do_swap_page: swapin tgid 1340 pid 1364 name "android.display" vma 1508b000
 android.display-1364  [004] ....  4713.749526: do_swap_page: swapin tgid 1340 pid 1364 name "android.display" vma 15084000
 android.display-1364  [004] ....  4713.749538: do_swap_page: swapin tgid 1340 pid 1364 name "android.display" vma 7ed0a63000
 android.display-1364  [004] ....  4713.749547: do_swap_page: swapin tgid 1340 pid 1364 name "android.display" vma 7f2d807000
 android.display-1364  [004] ....  4713.749552: do_swap_page: swapin tgid 1340 pid 1364 name "android.display" vma 7f2d699000
 android.display-1364  [004] ....  4713.749555: do_swap_page: swapin tgid 1340 pid 1364 name "android.display" vma 7eb4029000
 android.display-1364  [004] ....  4713.749570: do_swap_page: swapin tgid 1340 pid 1364 name "android.display" vma 7f2d69c000
 android.display-1364  [004] ....  4713.749572: do_swap_page: swapin tgid 1340 pid 1364 name "android.display" vma 7f289fc000
 android.display-1364  [004] ....  4713.749587: do_swap_page: swapin tgid 1340 pid 1364 name "android.display" vma 9e6b7000
 android.display-1364  [004] ....  4713.749768: do_swap_page: swapin tgid 1340 pid 1364 name "android.display" vma 9e6b7000
 android.display-1364  [004] ....  4713.749777: do_swap_page: swapin tgid 1340 pid 1364 name "android.display" vma 7f2d6c1000
 android.display-1364  [004] ....  4713.749786: do_swap_page: swapin tgid 1340 pid 1364 name "android.display" vma 7fbaaac000
 android.display-1364  [004] ....  4713.749790: do_swap_page: swapin tgid 1340 pid 1364 name "android.display" vma 7ed0d14000
 android.display-1364  [004] ....  4713.749862: do_swap_page: swapin tgid 1340 pid 1364 name "android.display" vma 9e795000
           <...>-2020  [004] ....  4713.749961: do_swap_page: swapin tgid 1340 pid 2020 name "Binder:1340_8" vma 7f2d6fc000
           <...>-1461  [004] ....  4713.750054: do_swap_page: swapin tgid 1340 pid 1461 name "InputDispatcher" vma 7e68b6e000
           <...>-1461  [004] ....  4713.750059: do_swap_page: swapin tgid 1340 pid 1461 name "InputDispatcher" vma 7eb4586000
           <...>-1461  [004] ....  4713.750064: do_swap_page: swapin tgid 1340 pid 1461 name "InputDispatcher" vma 7f3985b000
           <...>-1461  [004] ....  4713.750066: do_swap_page: swapin tgid 1340 pid 1461 name "InputDispatcher" vma 7f39842000
           <...>-1461  [004] ....  4713.750067: do_swap_page: swapin tgid 1340 pid 1461 name "InputDispatcher" vma 7f3982e000
           <...>-1461  [004] ....  4713.750074: do_swap_page: swapin tgid 1340 pid 1461 name "InputDispatcher" vma 7f39837000
           <...>-1461  [004] ....  4713.750076: do_swap_page: swapin tgid 1340 pid 1461 name "InputDispatcher" vma 7f39838000
           <...>-1461  [004] ....  4713.750080: do_swap_page: swapin tgid 1340 pid 1461 name "InputDispatcher" vma 7f39863000
           <...>-1996  [004] ....  4713.750104: do_swap_page: swapin tgid 1996 pid 1996 name "droid.launcher3" vma 7ec50a6000
           <...>-1996  [004] ....  4713.750110: do_swap_page: swapin tgid 1996 pid 1996 name "droid.launcher3" vma 7ec5261000
           <...>-1996  [004] ....  4713.750130: do_swap_page: swapin tgid 1996 pid 1996 name "droid.launcher3" vma 7fbe1d3000
           <...>-1996  [004] ....  4713.750133: do_swap_page: swapin tgid 1996 pid 1996 name "droid.launcher3" vma 7fbe349000
           <...>-1996  [004] ....  4713.750141: do_swap_page: swapin tgid 1996 pid 1996 name "droid.launcher3" vma 7ec5054000
           <...>-1996  [004] ....  4713.750143: do_swap_page: swapin tgid 1996 pid 1996 name "droid.launcher3" vma 7fbe166000
           <...>-1996  [004] ....  4713.750145: do_swap_page: swapin tgid 1996 pid 1996 name "droid.launcher3" vma 7f2d228000
           <...>-1996  [004] ....  4713.750148: do_swap_page: swapin tgid 1996 pid 1996 name "droid.launcher3" vma 7ed0c05000
           <...>-1996  [004] ....  4713.750151: do_swap_page: swapin tgid 1996 pid 1996 name "droid.launcher3" vma 7f28b4c000
           <...>-1996  [004] ....  4713.750167: do_swap_page: swapin tgid 1996 pid 1996 name "droid.launcher3" vma 7fbe1d0000
           <...>-1362  [004] ....  4713.750244: do_swap_page: swapin tgid 1340 pid 1362 name "android.ui" vma 7f2895f000
           <...>-1362  [004] ....  4713.750253: do_swap_page: swapin tgid 1340 pid 1362 name "android.ui" vma 7e69fc4000
           <...>-1362  [004] ....  4713.750269: do_swap_page: swapin tgid 1340 pid 1362 name "android.ui" vma 7e6a224000
           <...>-1362  [004] ....  4713.750275: do_swap_page: swapin tgid 1340 pid 1362 name "android.ui" vma 7eb4551000
 android.display-1364  [004] ....  4713.750309: do_swap_page: swapin tgid 1340 pid 1364 name "android.display" vma 9e795000
 android.display-1364  [004] ....  4713.750313: do_swap_page: swapin tgid 1340 pid 1364 name "android.display" vma 9e687000
 android.display-1364  [004] ....  4713.750315: do_swap_page: swapin tgid 1340 pid 1364 name "android.display" vma 9e7ce000
 ndroid.systemui-1665  [004] ....  4713.750349: do_swap_page: swapin tgid 1665 pid 1665 name "ndroid.systemui" vma 7f28bb3000
           <...>-1362  [004] ....  4713.750599: do_swap_page: swapin tgid 1340 pid 1362 name "android.ui" vma 7eb4551000
           <...>-1362  [004] ....  4713.750612: do_swap_page: swapin tgid 1340 pid 1362 name "android.ui" vma 12ec0000
           <...>-1362  [004] ....  4713.750642: do_swap_page: swapin tgid 1340 pid 1362 name "android.ui" vma 1494d000
           <...>-1362  [004] ....  4713.750650: do_swap_page: swapin tgid 1340 pid 1362 name "android.ui" vma 7ec832a000
           <...>-1362  [004] ....  4713.750654: do_swap_page: swapin tgid 1340 pid 1362 name "android.ui" vma 7ec832b000
 android.display-1364  [004] ....  4713.750800: do_swap_page: swapin tgid 1340 pid 1364 name "android.display" vma 9e7ce000
 android.display-1364  [004] ....  4713.750807: do_swap_page: swapin tgid 1340 pid 1364 name "android.display" vma 13d2c000
 android.display-1364  [004] ....  4713.750854: do_swap_page: swapin tgid 1340 pid 1364 name "android.display" vma 14343000
 android.display-1364  [004] ....  4713.750861: do_swap_page: swapin tgid 1340 pid 1364 name "android.display" vma 1365b000
 android.display-1364  [004] ....  4713.750863: do_swap_page: swapin tgid 1340 pid 1364 name "android.display" vma 13f0c000
 android.display-1364  [004] ....  4713.750868: do_swap_page: swapin tgid 1340 pid 1364 name "android.display" vma 14180000
 android.display-1364  [004] ....  4713.750898: do_swap_page: swapin tgid 1340 pid 1364 name "android.display" vma 7f289f2000
 android.display-1364  [004] ....  4713.750905: do_swap_page: swapin tgid 1340 pid 1364 name "android.display" vma 7f28a7a000
 android.display-1364  [004] ....  4713.750918: do_swap_page: swapin tgid 1340 pid 1364 name "android.display" vma 7eb4bc4000
 android.display-1364  [004] ....  4713.750922: do_swap_page: swapin tgid 1340 pid 1364 name "android.display" vma 7ed0d0f000
 android.display-1364  [004] ....  4713.750936: do_swap_page: swapin tgid 1340 pid 1364 name "android.display" vma 7ec840b000
 android.display-1364  [004] ....  4713.750945: do_swap_page: swapin tgid 1340 pid 1364 name "android.display" vma 13be3000
 android.display-1364  [004] ....  4713.750954: do_swap_page: swapin tgid 1340 pid 1364 name "android.display" vma 7f2d668000
 android.display-1364  [004] ....  4713.750980: do_swap_page: swapin tgid 1340 pid 1364 name "android.display" vma 7f2d6c5000
 android.display-1364  [004] ....  4713.751029: do_swap_page: swapin tgid 1340 pid 1364 name "android.display" vma 7f28abe000
   system_server-1340  [004] ....  4713.751073: do_swap_page: swapin tgid 1340 pid 1340 name "system_server" vma 146c7000
   system_server-1340  [004] ....  4713.751079: do_swap_page: swapin tgid 1340 pid 1340 name "system_server" vma 9e8bc000
      android.bg-1369  [004] ....  4713.751101: do_swap_page: swapin tgid 1340 pid 1369 name "android.bg" vma 7ec8203000
      android.bg-1369  [004] ....  4713.751109: do_swap_page: swapin tgid 1340 pid 1369 name "android.bg" vma 7ec8204000
      android.bg-1369  [004] ....  4713.751112: do_swap_page: swapin tgid 1340 pid 1369 name "android.bg" vma 7ed0a6a000
      android.bg-1369  [004] ....  4713.751116: do_swap_page: swapin tgid 1340 pid 1369 name "android.bg" vma 7ec8201000
      android.bg-1369  [004] ....  4713.751121: do_swap_page: swapin tgid 1340 pid 1369 name "android.bg" vma 7f312cd000
      android.bg-1369  [004] ....  4713.751126: do_swap_page: swapin tgid 1340 pid 1369 name "android.bg" vma 9e8bc000
           <...>-1517  [004] ....  4713.751133: do_swap_page: swapin tgid 1340 pid 1517 name "AudioService" vma 7e88cbd000
           <...>-1517  [004] ....  4713.751142: do_swap_page: swapin tgid 1340 pid 1517 name "AudioService" vma 7e88cbe000
           <...>-6992  [004] ....  4713.751176: do_swap_page: swapin tgid 1665 pid 6992 name "Binder:1665_7" vma 7f2919f000
           <...>-6992  [004] ....  4713.751181: do_swap_page: swapin tgid 1665 pid 6992 name "Binder:1665_7" vma 7f291a0000
           <...>-2139  [004] ....  4713.751237: do_swap_page: swapin tgid 1767 pid 2139 name "Binder:1767_3" vma 7f2d668000
           <...>-2139  [004] ....  4713.751245: do_swap_page: swapin tgid 1767 pid 2139 name "Binder:1767_3" vma 7f2de44000
           <...>-2139  [004] ....  4713.751248: do_swap_page: swapin tgid 1767 pid 2139 name "Binder:1767_3" vma 7f2de45000
           <...>-2870  [004] ....  4713.751274: do_swap_page: swapin tgid 1852 pid 2870 name "Binder:1852_4" vma 7f28b4c000
           <...>-2870  [004] ....  4713.751282: do_swap_page: swapin tgid 1852 pid 2870 name "Binder:1852_4" vma 7ed0395000
           <...>-2870  [004] ....  4713.751286: do_swap_page: swapin tgid 1852 pid 2870 name "Binder:1852_4" vma 7ed0396000
   system_server-1340  [004] ....  4713.751328: do_swap_page: swapin tgid 1340 pid 1340 name "system_server" vma 9e8bc000
   system_server-1340  [004] ....  4713.751355: do_swap_page: swapin tgid 1340 pid 1340 name "system_server" vma 1366b000
   system_server-1340  [004] ....  4713.751359: do_swap_page: swapin tgid 1340 pid 1340 name "system_server" vma 13825000
   system_server-1340  [004] ....  4713.751367: do_swap_page: swapin tgid 1340 pid 1340 name "system_server" vma 9e8fa000
           <...>-1517  [004] ....  4713.751389: do_swap_page: swapin tgid 1340 pid 1517 name "AudioService" vma 7e88cbe000
           <...>-1517  [004] ....  4713.751395: do_swap_page: swapin tgid 1340 pid 1517 name "AudioService" vma 7eb4d61000
           <...>-1517  [004] ....  4713.751400: do_swap_page: swapin tgid 1340 pid 1517 name "AudioService" vma 7e88cbb000
      android.bg-1369  [004] ....  4713.751420: do_swap_page: swapin tgid 1340 pid 1369 name "android.bg" vma 14089000
      android.bg-1369  [004] ....  4713.751422: do_swap_page: swapin tgid 1340 pid 1369 name "android.bg" vma 9e88f000
           <...>-1362  [004] ....  4713.751446: do_swap_page: swapin tgid 1340 pid 1362 name "android.ui" vma 9e8d9000
           <...>-2139  [004] ....  4713.751489: do_swap_page: swapin tgid 1767 pid 2139 name "Binder:1767_3" vma 7f2de45000
           <...>-2139  [004] ....  4713.751495: do_swap_page: swapin tgid 1767 pid 2139 name "Binder:1767_3" vma 7f2d667000
           <...>-2139  [004] ....  4713.751514: do_swap_page: swapin tgid 1767 pid 2139 name "Binder:1767_3" vma 7fbe180000
           <...>-2139  [004] ....  4713.751522: do_swap_page: swapin tgid 1767 pid 2139 name "Binder:1767_3" vma 7f2d673000
           <...>-2870  [004] ....  4713.751544: do_swap_page: swapin tgid 1852 pid 2870 name "Binder:1852_4" vma 7ed0396000
           <...>-2870  [004] ....  4713.751551: do_swap_page: swapin tgid 1852 pid 2870 name "Binder:1852_4" vma 7fbe296000
           <...>-2870  [004] ....  4713.751554: do_swap_page: swapin tgid 1852 pid 2870 name "Binder:1852_4" vma 7fbe180000
           <...>-2870  [004] ....  4713.751564: do_swap_page: swapin tgid 1852 pid 2870 name "Binder:1852_4" vma 7fbe22c000
           <...>-2870  [004] ....  4713.751566: do_swap_page: swapin tgid 1852 pid 2870 name "Binder:1852_4" vma 7f28ac2000
           <...>-6992  [004] ....  4713.751606: do_swap_page: swapin tgid 1665 pid 6992 name "Binder:1665_7" vma 7f291a0000
           <...>-6992  [004] ....  4713.751612: do_swap_page: swapin tgid 1665 pid 6992 name "Binder:1665_7" vma 7eba13e000
           <...>-6992  [004] ....  4713.751620: do_swap_page: swapin tgid 1665 pid 6992 name "Binder:1665_7" vma 7f28b50000
           <...>-6992  [004] ....  4713.751648: do_swap_page: swapin tgid 1665 pid 6992 name "Binder:1665_7" vma 7ebc323000
           <...>-6992  [004] ....  4713.751655: do_swap_page: swapin tgid 1665 pid 6992 name "Binder:1665_7" vma 7fbe241000
   system_server-1340  [004] ....  4713.751681: do_swap_page: swapin tgid 1340 pid 1340 name "system_server" vma 9e8fa000
   system_server-1340  [004] ....  4713.751687: do_swap_page: swapin tgid 1340 pid 1340 name "system_server" vma 9e92d000
           <...>-1517  [004] ....  4713.751724: do_swap_page: swapin tgid 1340 pid 1517 name "AudioService" vma 7e88cbb000
           <...>-1517  [004] ....  4713.751731: do_swap_page: swapin tgid 1340 pid 1517 name "AudioService" vma 7f235b7000
           <...>-1517  [004] ....  4713.751753: do_swap_page: swapin tgid 1340 pid 1517 name "AudioService" vma 9e68f000
           <...>-1517  [004] ....  4713.751756: do_swap_page: swapin tgid 1340 pid 1517 name "AudioService" vma 9e900000
           <...>-2139  [004] ....  4713.751771: do_swap_page: swapin tgid 1767 pid 2139 name "Binder:1767_3" vma 7f2d673000
           <...>-2139  [004] ....  4713.751783: do_swap_page: swapin tgid 1767 pid 2139 name "Binder:1767_3" vma 7f2d615000
           <...>-2139  [004] ....  4713.751785: do_swap_page: swapin tgid 1767 pid 2139 name "Binder:1767_3" vma 7f2d61f000
           <...>-2870  [004] ....  4713.751823: do_swap_page: swapin tgid 1852 pid 2870 name "Binder:1852_4" vma 7f28ac2000
           <...>-2870  [004] ....  4713.751828: do_swap_page: swapin tgid 1852 pid 2870 name "Binder:1852_4" vma 7fbe2fb000
           <...>-2870  [004] ....  4713.751832: do_swap_page: swapin tgid 1852 pid 2870 name "Binder:1852_4" vma 7fbc3a7000
           <...>-6992  [004] ....  4713.751857: do_swap_page: swapin tgid 1665 pid 6992 name "Binder:1665_7" vma 7fbe241000
           <...>-6992  [004] ....  4713.751864: do_swap_page: swapin tgid 1665 pid 6992 name "Binder:1665_7" vma 7eba14e000
           <...>-6992  [004] ....  4713.751868: do_swap_page: swapin tgid 1665 pid 6992 name "Binder:1665_7" vma 7eba14f000
           <...>-6992  [004] ....  4713.751891: do_swap_page: swapin tgid 1665 pid 6992 name "Binder:1665_7" vma 7f2919d000
           <...>-6992  [004] ....  4713.751903: do_swap_page: swapin tgid 1665 pid 6992 name "Binder:1665_7" vma 7fbc41e000
           <...>-6992  [004] ....  4713.751906: do_swap_page: swapin tgid 1665 pid 6992 name "Binder:1665_7" vma 7f2919e000
           <...>-6992  [004] ....  4713.751919: do_swap_page: swapin tgid 1665 pid 6992 name "Binder:1665_7" vma 12dc0000
           <...>-6992  [004] ....  4713.751931: do_swap_page: swapin tgid 1665 pid 6992 name "Binder:1665_7" vma 7ebc310000
           <...>-6992  [004] ....  4713.751933: do_swap_page: swapin tgid 1665 pid 6992 name "Binder:1665_7" vma 7ebc311000
           <...>-6992  [004] ....  4713.751942: do_swap_page: swapin tgid 1665 pid 6992 name "Binder:1665_7" vma 7fbe34a000
           <...>-6992  [004] ....  4713.751948: do_swap_page: swapin tgid 1665 pid 6992 name "Binder:1665_7" vma 13441000
           <...>-6992  [004] ....  4713.751985: do_swap_page: swapin tgid 1665 pid 6992 name "Binder:1665_7" vma 7f28a26000
           <...>-6992  [004] ....  4713.751992: do_swap_page: swapin tgid 1665 pid 6992 name "Binder:1665_7" vma 7f2d6d0000
           <...>-6992  [004] ....  4713.752014: do_swap_page: swapin tgid 1665 pid 6992 name "Binder:1665_7" vma 7eb88bf000
 ScreenDecoratio-2229  [004] ....  4713.752031: do_swap_page: swapin tgid 1665 pid 2229 name "ScreenDecoratio" vma 7eb8e74000
 ScreenDecoratio-2229  [004] ....  4713.752039: do_swap_page: swapin tgid 1665 pid 2229 name "ScreenDecoratio" vma 7eb8e75000
 ScreenDecoratio-2229  [004] ....  4713.752042: do_swap_page: swapin tgid 1665 pid 2229 name "ScreenDecoratio" vma 7f28e0b000
 ScreenDecoratio-2229  [004] ....  4713.752047: do_swap_page: swapin tgid 1665 pid 2229 name "ScreenDecoratio" vma 7eb8e73000
 ScreenDecoratio-2229  [004] ....  4713.752056: do_swap_page: swapin tgid 1665 pid 2229 name "ScreenDecoratio" vma 7eb8e72000
   system_server-1340  [004] ....  4713.752084: do_swap_page: swapin tgid 1340 pid 1340 name "system_server" vma 9e92d000
   system_server-1340  [004] ....  4713.752090: do_swap_page: swapin tgid 1340 pid 1340 name "system_server" vma 9e91e000
           <...>-1517  [004] ....  4713.752128: do_swap_page: swapin tgid 1340 pid 1517 name "AudioService" vma 9e900000
           <...>-1517  [004] ....  4713.752142: do_swap_page: swapin tgid 1340 pid 1517 name "AudioService" vma 7e88cbc000
           <...>-2139  [004] ....  4713.752160: do_swap_page: swapin tgid 1767 pid 2139 name "Binder:1767_3" vma 7f2d61f000
           <...>-2139  [004] ....  4713.752165: do_swap_page: swapin tgid 1767 pid 2139 name "Binder:1767_3" vma 7f2d6a2000
           <...>-2139  [004] ....  4713.752169: do_swap_page: swapin tgid 1767 pid 2139 name "Binder:1767_3" vma 7fbc3a7000
           <...>-2870  [004] ....  4713.752192: do_swap_page: swapin tgid 1852 pid 2870 name "Binder:1852_4" vma 7fbc3a7000
           <...>-2870  [004] ....  4713.752200: do_swap_page: swapin tgid 1852 pid 2870 name "Binder:1852_4" vma 7fbe2df000
           <...>-2870  [004] ....  4713.752203: do_swap_page: swapin tgid 1852 pid 2870 name "Binder:1852_4" vma 7fbe241000
           <...>-1362  [004] ....  4713.752253: do_swap_page: swapin tgid 1340 pid 1362 name "android.ui" vma 9e8d9000
 ScreenDecoratio-2229  [004] ....  4713.752285: do_swap_page: swapin tgid 1665 pid 2229 name "ScreenDecoratio" vma 7eb8e72000
 ScreenDecoratio-2229  [004] ....  4713.752312: do_swap_page: swapin tgid 1665 pid 2229 name "ScreenDecoratio" vma 7f30af5000
 ScreenDecoratio-2229  [004] ....  4713.752317: do_swap_page: swapin tgid 1665 pid 2229 name "ScreenDecoratio" vma 12e04000
 ScreenDecoratio-2229  [004] ....  4713.752322: do_swap_page: swapin tgid 1665 pid 2229 name "ScreenDecoratio" vma 13cfa000
 ScreenDecoratio-2229  [004] ....  4713.752337: do_swap_page: swapin tgid 1665 pid 2229 name "ScreenDecoratio" vma 7ebc249000
 ScreenDecoratio-2229  [004] ....  4713.752339: do_swap_page: swapin tgid 1665 pid 2229 name "ScreenDecoratio" vma 7ebc267000
 ScreenDecoratio-2229  [004] ....  4713.752342: do_swap_page: swapin tgid 1665 pid 2229 name "ScreenDecoratio" vma 7eb7d91000
 ScreenDecoratio-2229  [004] ....  4713.752376: do_swap_page: swapin tgid 1665 pid 2229 name "ScreenDecoratio" vma 7eca4e6000
 ScreenDecoratio-2229  [004] ....  4713.752382: do_swap_page: swapin tgid 1665 pid 2229 name "ScreenDecoratio" vma 7eb92fc000
  Binder:1340_16-12632 [004] ....  4713.752418: do_swap_page: swapin tgid 1340 pid 12632 name "Binder:1340_16" vma 7f289b7000
  Binder:1340_16-12632 [004] ....  4713.752459: do_swap_page: swapin tgid 1340 pid 12632 name "Binder:1340_16" vma 9e886000
   system_server-1340  [004] ....  4713.752531: do_swap_page: swapin tgid 1340 pid 1340 name "system_server" vma 9e91e000
   system_server-1340  [004] ....  4713.752535: do_swap_page: swapin tgid 1340 pid 1340 name "system_server" vma 9e886000
           <...>-2139  [004] ....  4713.752539: do_swap_page: swapin tgid 1767 pid 2139 name "Binder:1767_3" vma 7fbc3a7000
           <...>-2139  [004] ....  4713.752544: do_swap_page: swapin tgid 1767 pid 2139 name "Binder:1767_3" vma 7fbe2f1000
           <...>-2139  [004] ....  4713.752547: do_swap_page: swapin tgid 1767 pid 2139 name "Binder:1767_3" vma 7fbe241000
           <...>-2870  [004] ....  4713.752593: do_swap_page: swapin tgid 1852 pid 2870 name "Binder:1852_4" vma 7fbe241000
           <...>-2870  [004] ....  4713.752599: do_swap_page: swapin tgid 1852 pid 2870 name "Binder:1852_4" vma 7fbe1e9000
  Binder:1340_16-12632 [004] ....  4713.752625: do_swap_page: swapin tgid 1340 pid 12632 name "Binder:1340_16" vma 9e886000
  Binder:1340_16-12632 [004] ....  4713.752644: do_swap_page: swapin tgid 1340 pid 12632 name "Binder:1340_16" vma 1369b000
           <...>-1517  [004] ....  4713.752744: do_swap_page: swapin tgid 1340 pid 1517 name "AudioService" vma 7eb4bc6000
 ScreenDecoratio-2229  [004] ....  4713.752842: do_swap_page: swapin tgid 1665 pid 2229 name "ScreenDecoratio" vma 13340000
 ScreenDecoratio-2229  [004] ....  4713.752846: do_swap_page: swapin tgid 1665 pid 2229 name "ScreenDecoratio" vma 13341000
 ScreenDecoratio-2229  [004] ....  4713.752866: do_swap_page: swapin tgid 1665 pid 2229 name "ScreenDecoratio" vma 7f2d6db000
 ScreenDecoratio-2229  [004] ....  4713.752877: do_swap_page: swapin tgid 1665 pid 2229 name "ScreenDecoratio" vma 13d71000
           <...>-2139  [004] ....  4713.752952: do_swap_page: swapin tgid 1767 pid 2139 name "Binder:1767_3" vma 7fbe241000
           <...>-2139  [004] ....  4713.752959: do_swap_page: swapin tgid 1767 pid 2139 name "Binder:1767_3" vma 7fbe1e9000
           <...>-2870  [004] ....  4713.752989: do_swap_page: swapin tgid 1852 pid 2870 name "Binder:1852_4" vma 7fbe1e9000
           <...>-2870  [004] ....  4713.752997: do_swap_page: swapin tgid 1852 pid 2870 name "Binder:1852_4" vma 7f393d6000
 ScreenDecoratio-2229  [004] ....  4713.753049: do_swap_page: swapin tgid 1665 pid 2229 name "ScreenDecoratio" vma 9e867000
           <...>-2139  [004] ....  4713.753093: do_swap_page: swapin tgid 1767 pid 2139 name "Binder:1767_3" vma 7fbe1e9000
           <...>-2139  [004] ....  4713.753101: do_swap_page: swapin tgid 1767 pid 2139 name "Binder:1767_3" vma 7f393d6000
           <...>-1362  [004] ....  4713.753147: do_swap_page: swapin tgid 1340 pid 1362 name "android.ui" vma 9e781000
      android.bg-1369  [004] ....  4713.753169: do_swap_page: swapin tgid 1340 pid 1369 name "android.bg" vma 9e88f000
      android.bg-1369  [004] ....  4713.753177: do_swap_page: swapin tgid 1340 pid 1369 name "android.bg" vma 13bf8000
      android.bg-1369  [004] ....  4713.753180: do_swap_page: swapin tgid 1340 pid 1369 name "android.bg" vma 7ec8202000
           <...>-2870  [004] ....  4713.753233: do_swap_page: swapin tgid 1852 pid 2870 name "Binder:1852_4" vma 7f393d6000
           <...>-2870  [004] ....  4713.753239: do_swap_page: swapin tgid 1852 pid 2870 name "Binder:1852_4" vma 7fbe165000
 ScreenDecoratio-2229  [004] ....  4713.753265: do_swap_page: swapin tgid 1665 pid 2229 name "ScreenDecoratio" vma 9e867000
 ScreenDecoratio-2229  [004] ....  4713.753271: do_swap_page: swapin tgid 1665 pid 2229 name "ScreenDecoratio" vma 9e7a6000
 android.display-1364  [004] ....  4713.753297: do_swap_page: swapin tgid 1340 pid 1364 name "android.display" vma 7f28abe000
 android.display-1364  [004] ....  4713.753476: do_swap_page: swapin tgid 1340 pid 1364 name "android.display" vma 7ec84ae000
           <...>-1896  [004] ....  4713.753509: do_swap_page: swapin tgid 1872 pid 1896 name "Binder:1872_1" vma 7f28a4e000
           <...>-1896  [004] ....  4713.753518: do_swap_page: swapin tgid 1872 pid 1896 name "Binder:1872_1" vma 7f2e1eb000
           <...>-1896  [004] ....  4713.753523: do_swap_page: swapin tgid 1872 pid 1896 name "Binder:1872_1" vma 7f2e1ec000
   Binder:1901_5-2121  [004] ....  4713.753563: do_swap_page: swapin tgid 1901 pid 2121 name "Binder:1901_5" vma 7fbe241000
           <...>-2429  [004] ....  4713.753591: do_swap_page: swapin tgid 1956 pid 2429 name "Binder:1956_4" vma 7f2d668000
           <...>-2429  [004] ....  4713.753599: do_swap_page: swapin tgid 1956 pid 2429 name "Binder:1956_4" vma 7f28ef2000
           <...>-2429  [004] ....  4713.753603: do_swap_page: swapin tgid 1956 pid 2429 name "Binder:1956_4" vma 7f28ef3000
           <...>-2017  [004] ....  4713.753628: do_swap_page: swapin tgid 1996 pid 2017 name "Binder:1996_2" vma 7f28abc000
           <...>-2017  [004] ....  4713.753635: do_swap_page: swapin tgid 1996 pid 2017 name "Binder:1996_2" vma 7f2e0ee000
           <...>-2017  [004] ....  4713.753638: do_swap_page: swapin tgid 1996 pid 2017 name "Binder:1996_2" vma 7f2e0ef000
           <...>-2870  [004] ....  4713.753681: do_swap_page: swapin tgid 1852 pid 2870 name "Binder:1852_4" vma 7fbe165000
           <...>-2870  [004] ....  4713.753688: do_swap_page: swapin tgid 1852 pid 2870 name "Binder:1852_4" vma 7f2dc11000
           <...>-2870  [004] ....  4713.753691: do_swap_page: swapin tgid 1852 pid 2870 name "Binder:1852_4" vma 7fbd314000
           <...>-2139  [004] ....  4713.753717: do_swap_page: swapin tgid 1767 pid 2139 name "Binder:1767_3" vma 7f393d6000
           <...>-2139  [004] ....  4713.753725: do_swap_page: swapin tgid 1767 pid 2139 name "Binder:1767_3" vma 7fbe165000
 ScreenDecoratio-2229  [004] ....  4713.753768: do_swap_page: swapin tgid 1665 pid 2229 name "ScreenDecoratio" vma 9e7a6000
 ScreenDecoratio-2229  [004] ....  4713.753774: do_swap_page: swapin tgid 1665 pid 2229 name "ScreenDecoratio" vma 9e7bb000
           <...>-1896  [004] ....  4713.753797: do_swap_page: swapin tgid 1872 pid 1896 name "Binder:1872_1" vma 7f2e1ec000
           <...>-1896  [004] ....  4713.753805: do_swap_page: swapin tgid 1872 pid 1896 name "Binder:1872_1" vma 7f289fc000
           <...>-1896  [004] ....  4713.753809: do_swap_page: swapin tgid 1872 pid 1896 name "Binder:1872_1" vma 7fbe180000
           <...>-1896  [004] ....  4713.753813: do_swap_page: swapin tgid 1872 pid 1896 name "Binder:1872_1" vma 7fbe1fd000
           <...>-1896  [004] ....  4713.753826: do_swap_page: swapin tgid 1872 pid 1896 name "Binder:1872_1" vma 7fbe22b000
           <...>-1896  [004] ....  4713.753828: do_swap_page: swapin tgid 1872 pid 1896 name "Binder:1872_1" vma 7f28ac2000
           <...>-1896  [004] ....  4713.753830: do_swap_page: swapin tgid 1872 pid 1896 name "Binder:1872_1" vma 7f28d47000
           <...>-1896  [004] ....  4713.753833: do_swap_page: swapin tgid 1872 pid 1896 name "Binder:1872_1" vma 7fbc3a7000
           <...>-2429  [004] ....  4713.753880: do_swap_page: swapin tgid 1956 pid 2429 name "Binder:1956_4" vma 7f28ef3000
           <...>-2429  [004] ....  4713.753886: do_swap_page: swapin tgid 1956 pid 2429 name "Binder:1956_4" vma 7f2d6a9000
           <...>-2429  [004] ....  4713.753890: do_swap_page: swapin tgid 1956 pid 2429 name "Binder:1956_4" vma 7fbe180000
           <...>-2429  [004] ....  4713.753893: do_swap_page: swapin tgid 1956 pid 2429 name "Binder:1956_4" vma 7f2d68f000
   Binder:1901_5-2121  [004] ....  4713.753917: do_swap_page: swapin tgid 1901 pid 2121 name "Binder:1901_5" vma 7fbe241000
   Binder:1901_5-2121  [004] ....  4713.753931: do_swap_page: swapin tgid 1901 pid 2121 name "Binder:1901_5" vma 14657000
           <...>-2870  [004] ....  4713.753976: do_swap_page: swapin tgid 1852 pid 2870 name "Binder:1852_4" vma 7fbd314000
           <...>-2870  [004] ....  4713.753982: do_swap_page: swapin tgid 1852 pid 2870 name "Binder:1852_4" vma 7fbba72000
           <...>-1362  [004] ....  4713.754008: do_swap_page: swapin tgid 1340 pid 1362 name "android.ui" vma 9e781000
           <...>-1362  [004] ....  4713.754014: do_swap_page: swapin tgid 1340 pid 1362 name "android.ui" vma 9e77f000
 android.display-1364  [004] ....  4713.754035: do_swap_page: swapin tgid 1340 pid 1364 name "android.display" vma 7ec84ae000
 android.display-1364  [004] ....  4713.754080: do_swap_page: swapin tgid 1340 pid 1364 name "android.display" vma 7f28abf000
 android.display-1364  [004] ....  4713.754104: do_swap_page: swapin tgid 1340 pid 1364 name "android.display" vma 7e69ee4000
 android.display-1364  [004] ....  4713.754173: do_swap_page: swapin tgid 1340 pid 1364 name "android.display" vma 135c8000
 android.display-1364  [004] ....  4713.754180: do_swap_page: swapin tgid 1340 pid 1364 name "android.display" vma 7ed0c53000
           <...>-2425  [004] ....  4713.754223: do_swap_page: swapin tgid 2275 pid 2425 name "Binder:2275_3" vma 7fbe2f3000
           <...>-2425  [004] ....  4713.754231: do_swap_page: swapin tgid 2275 pid 2425 name "Binder:2275_3" vma 7fbe241000
           <...>-2965  [004] ....  4713.754257: do_swap_page: swapin tgid 2398 pid 2965 name "Binder:2398_5" vma 7f2d653000
           <...>-2965  [004] ....  4713.754266: do_swap_page: swapin tgid 2398 pid 2965 name "Binder:2398_5" vma 7f28d70000
           <...>-2965  [004] ....  4713.754270: do_swap_page: swapin tgid 2398 pid 2965 name "Binder:2398_5" vma 7f28d71000
           <...>-2965  [004] ....  4713.754271: do_swap_page: swapin tgid 2398 pid 2965 name "Binder:2398_5" vma 7f2d6a4000
           <...>-2965  [004] ....  4713.754279: do_swap_page: swapin tgid 2398 pid 2965 name "Binder:2398_5" vma 7fbe180000
           <...>-2965  [004] ....  4713.754288: do_swap_page: swapin tgid 2398 pid 2965 name "Binder:2398_5" vma 7f2d615000
           <...>-2965  [004] ....  4713.754289: do_swap_page: swapin tgid 2398 pid 2965 name "Binder:2398_5" vma 7f2d61f000
           <...>-2965  [004] ....  4713.754291: do_swap_page: swapin tgid 2398 pid 2965 name "Binder:2398_5" vma 7f2d6ca000
           <...>-2965  [004] ....  4713.754295: do_swap_page: swapin tgid 2398 pid 2965 name "Binder:2398_5" vma 7fbc3a7000
           <...>-2965  [004] ....  4713.754298: do_swap_page: swapin tgid 2398 pid 2965 name "Binder:2398_5" vma 7fbe2f3000
           <...>-2965  [004] ....  4713.754300: do_swap_page: swapin tgid 2398 pid 2965 name "Binder:2398_5" vma 7fbe241000
           <...>-2453  [004] ....  4713.754322: do_swap_page: swapin tgid 2432 pid 2453 name "Binder:2432_1" vma 7f2d668000
           <...>-2453  [004] ....  4713.754359: do_swap_page: swapin tgid 2432 pid 2453 name "Binder:2432_1" vma 7f2e1eb000
           <...>-2453  [004] ....  4713.754363: do_swap_page: swapin tgid 2432 pid 2453 name "Binder:2432_1" vma 7f2e1ec000
           <...>-2017  [004] ....  4713.754399: do_swap_page: swapin tgid 1996 pid 2017 name "Binder:1996_2" vma 7f2e0ef000
           <...>-2017  [004] ....  4713.754404: do_swap_page: swapin tgid 1996 pid 2017 name "Binder:1996_2" vma 7f2895d000
           <...>-2017  [004] ....  4713.754412: do_swap_page: swapin tgid 1996 pid 2017 name "Binder:1996_2" vma 7fbe22b000
           <...>-2017  [004] ....  4713.754432: do_swap_page: swapin tgid 1996 pid 2017 name "Binder:1996_2" vma 7f2895f000
           <...>-2017  [004] ....  4713.754435: do_swap_page: swapin tgid 1996 pid 2017 name "Binder:1996_2" vma 7fbe241000
           <...>-2425  [004] ....  4713.754458: do_swap_page: swapin tgid 2275 pid 2425 name "Binder:2275_3" vma 7fbe241000
           <...>-2425  [004] ....  4713.754471: do_swap_page: swapin tgid 2275 pid 2425 name "Binder:2275_3" vma 12d25000
           <...>-2965  [004] ....  4713.754533: do_swap_page: swapin tgid 2398 pid 2965 name "Binder:2398_5" vma 7fbe241000
           <...>-2965  [004] ....  4713.754539: do_swap_page: swapin tgid 2398 pid 2965 name "Binder:2398_5" vma 7fbe1e9000
           <...>-2965  [004] ....  4713.754547: do_swap_page: swapin tgid 2398 pid 2965 name "Binder:2398_5" vma 7f393d6000
           <...>-2429  [004] ....  4713.754593: do_swap_page: swapin tgid 1956 pid 2429 name "Binder:1956_4" vma 7f2d68f000
           <...>-2429  [004] ....  4713.754605: do_swap_page: swapin tgid 1956 pid 2429 name "Binder:1956_4" vma 7f2d615000
           <...>-2429  [004] ....  4713.754607: do_swap_page: swapin tgid 1956 pid 2429 name "Binder:1956_4" vma 7f2d61f000
           <...>-2453  [004] ....  4713.754632: do_swap_page: swapin tgid 2432 pid 2453 name "Binder:2432_1" vma 7f2e1ec000
           <...>-2453  [004] ....  4713.754638: do_swap_page: swapin tgid 2432 pid 2453 name "Binder:2432_1" vma 7f2d666000
           <...>-2453  [004] ....  4713.754642: do_swap_page: swapin tgid 2432 pid 2453 name "Binder:2432_1" vma 7fbe180000
           <...>-2453  [004] ....  4713.754645: do_swap_page: swapin tgid 2432 pid 2453 name "Binder:2432_1" vma 7f2d679000
           <...>-2453  [004] ....  4713.754652: do_swap_page: swapin tgid 2432 pid 2453 name "Binder:2432_1" vma 7f2d615000
           <...>-2453  [004] ....  4713.754654: do_swap_page: swapin tgid 2432 pid 2453 name "Binder:2432_1" vma 7f2d61f000
           <...>-2017  [004] ....  4713.754682: do_swap_page: swapin tgid 1996 pid 2017 name "Binder:1996_2" vma 7fbe241000
           <...>-2017  [004] ....  4713.754689: do_swap_page: swapin tgid 1996 pid 2017 name "Binder:1996_2" vma 7f28b90000
           <...>-2017  [004] ....  4713.754692: do_swap_page: swapin tgid 1996 pid 2017 name "Binder:1996_2" vma 7fbba72000
           <...>-2017  [004] ....  4713.754694: do_swap_page: swapin tgid 1996 pid 2017 name "Binder:1996_2" vma 7f28b18000
           <...>-2017  [004] ....  4713.754701: do_swap_page: swapin tgid 1996 pid 2017 name "Binder:1996_2" vma 7f2e0ec000
   Binder:1901_5-2121  [004] ....  4713.754732: do_swap_page: swapin tgid 1901 pid 2121 name "Binder:1901_5" vma 14657000
   Binder:1901_5-2121  [004] ....  4713.754756: do_swap_page: swapin tgid 1901 pid 2121 name "Binder:1901_5" vma 7ed1ac3000
   Binder:1901_5-2121  [004] ....  4713.754765: do_swap_page: swapin tgid 1901 pid 2121 name "Binder:1901_5" vma 146dd000
 m.android.phone-1901  [004] ....  4713.754857: do_swap_page: swapin tgid 1901 pid 1901 name "m.android.phone" vma 14687000
 m.android.phone-1901  [004] ....  4713.754865: do_swap_page: swapin tgid 1901 pid 1901 name "m.android.phone" vma 1464a000
 m.android.phone-1901  [004] ....  4713.754883: do_swap_page: swapin tgid 1901 pid 1901 name "m.android.phone" vma 12e2c000
 m.android.phone-1901  [004] ....  4713.754887: do_swap_page: swapin tgid 1901 pid 1901 name "m.android.phone" vma 7f34f98000
 m.android.phone-1901  [004] ....  4713.754892: do_swap_page: swapin tgid 1901 pid 1901 name "m.android.phone" vma 7f28b2c000
 m.android.phone-1901  [004] ....  4713.754900: do_swap_page: swapin tgid 1901 pid 1901 name "m.android.phone" vma 7fbe291000
 m.android.phone-1901  [004] ....  4713.754903: do_swap_page: swapin tgid 1901 pid 1901 name "m.android.phone" vma 146c8000
           <...>-2453  [004] ....  4713.754951: do_swap_page: swapin tgid 2432 pid 2453 name "Binder:2432_1" vma 7f2d61f000
           <...>-2453  [004] ....  4713.754955: do_swap_page: swapin tgid 2432 pid 2453 name "Binder:2432_1" vma 7f2d66f000
           <...>-2453  [004] ....  4713.754960: do_swap_page: swapin tgid 2432 pid 2453 name "Binder:2432_1" vma 7fbc3a7000
           <...>-2965  [004] ....  4713.754985: do_swap_page: swapin tgid 2398 pid 2965 name "Binder:2398_5" vma 7f393d6000
           <...>-2965  [004] ....  4713.754991: do_swap_page: swapin tgid 2398 pid 2965 name "Binder:2398_5" vma 7fbe165000
           <...>-1896  [004] ....  4713.755009: do_swap_page: swapin tgid 1872 pid 1896 name "Binder:1872_1" vma 7fbc3a7000
           <...>-1896  [004] ....  4713.755015: do_swap_page: swapin tgid 1872 pid 1896 name "Binder:1872_1" vma 7fbe2f1000
           <...>-1896  [004] ....  4713.755018: do_swap_page: swapin tgid 1872 pid 1896 name "Binder:1872_1" vma 7fbe241000
           <...>-2429  [004] ....  4713.755044: do_swap_page: swapin tgid 1956 pid 2429 name "Binder:1956_4" vma 7f2d61f000
           <...>-2429  [004] ....  4713.755050: do_swap_page: swapin tgid 1956 pid 2429 name "Binder:1956_4" vma 7f2d6d2000
           <...>-2429  [004] ....  4713.755054: do_swap_page: swapin tgid 1956 pid 2429 name "Binder:1956_4" vma 7fbc3a7000
           <...>-2017  [004] ....  4713.755077: do_swap_page: swapin tgid 1996 pid 2017 name "Binder:1996_2" vma 7f2e0ec000
           <...>-2017  [004] ....  4713.755103: do_swap_page: swapin tgid 1996 pid 2017 name "Binder:1996_2" vma 132ec000
           <...>-2017  [004] ....  4713.755117: do_swap_page: swapin tgid 1996 pid 2017 name "Binder:1996_2" vma 7f2e0ed000
           <...>-2017  [004] ....  4713.755121: do_swap_page: swapin tgid 1996 pid 2017 name "Binder:1996_2" vma 7fbe29c000
           <...>-2017  [004] ....  4713.755135: do_swap_page: swapin tgid 1996 pid 2017 name "Binder:1996_2" vma 7fbdf57000
           <...>-2017  [004] ....  4713.755141: do_swap_page: swapin tgid 1996 pid 2017 name "Binder:1996_2" vma 13cd2000
           <...>-2017  [004] ....  4713.755146: do_swap_page: swapin tgid 1996 pid 2017 name "Binder:1996_2" vma 7fbe312000
           <...>-2017  [004] ....  4713.755148: do_swap_page: swapin tgid 1996 pid 2017 name "Binder:1996_2" vma 7f28b1c000
           <...>-2017  [004] ....  4713.755154: do_swap_page: swapin tgid 1996 pid 2017 name "Binder:1996_2" vma 7ec504b000
           <...>-2017  [004] ....  4713.755158: do_swap_page: swapin tgid 1996 pid 2017 name "Binder:1996_2" vma 7f2895c000
           <...>-2017  [004] ....  4713.755159: do_swap_page: swapin tgid 1996 pid 2017 name "Binder:1996_2" vma 7f28b59000
           <...>-2017  [004] ....  4713.755163: do_swap_page: swapin tgid 1996 pid 2017 name "Binder:1996_2" vma 7f2d144000
 m.android.phone-1901  [004] ....  4713.755203: do_swap_page: swapin tgid 1901 pid 1901 name "m.android.phone" vma 146c8000
 m.android.phone-1901  [004] ....  4713.755214: do_swap_page: swapin tgid 1901 pid 1901 name "m.android.phone" vma 7f2d681000
           <...>-2453  [004] ....  4713.755242: do_swap_page: swapin tgid 2432 pid 2453 name "Binder:2432_1" vma 7fbc3a7000
           <...>-2453  [004] ....  4713.755248: do_swap_page: swapin tgid 2432 pid 2453 name "Binder:2432_1" vma 7fbe2f3000
           <...>-2453  [004] ....  4713.755251: do_swap_page: swapin tgid 2432 pid 2453 name "Binder:2432_1" vma 7fbe241000
           <...>-2965  [004] ....  4713.755293: do_swap_page: swapin tgid 2398 pid 2965 name "Binder:2398_5" vma 7fbe165000
           <...>-2965  [004] ....  4713.755300: do_swap_page: swapin tgid 2398 pid 2965 name "Binder:2398_5" vma 7f2d68f000
           <...>-2965  [004] ....  4713.755303: do_swap_page: swapin tgid 2398 pid 2965 name "Binder:2398_5" vma 7fbd314000
           <...>-2139  [004] ....  4713.755322: do_swap_page: swapin tgid 1767 pid 2139 name "Binder:1767_3" vma 7fbe165000
           <...>-2139  [004] ....  4713.755328: do_swap_page: swapin tgid 1767 pid 2139 name "Binder:1767_3" vma 7f2d662000
           <...>-2139  [004] ....  4713.755332: do_swap_page: swapin tgid 1767 pid 2139 name "Binder:1767_3" vma 7fbd314000
           <...>-1896  [004] ....  4713.755393: do_swap_page: swapin tgid 1872 pid 1896 name "Binder:1872_1" vma 7fbe241000
           <...>-1896  [004] ....  4713.755399: do_swap_page: swapin tgid 1872 pid 1896 name "Binder:1872_1" vma 7fbe1e9000
           <...>-1896  [004] ....  4713.755403: do_swap_page: swapin tgid 1872 pid 1896 name "Binder:1872_1" vma 7f393d6000
           <...>-2429  [004] ....  4713.755424: do_swap_page: swapin tgid 1956 pid 2429 name "Binder:1956_4" vma 7fbc3a7000
           <...>-2429  [004] ....  4713.755430: do_swap_page: swapin tgid 1956 pid 2429 name "Binder:1956_4" vma 7fbe2f1000
           <...>-2429  [004] ....  4713.755446: do_swap_page: swapin tgid 1956 pid 2429 name "Binder:1956_4" vma 7fbe241000
           <...>-2453  [004] ....  4713.755468: do_swap_page: swapin tgid 2432 pid 2453 name "Binder:2432_1" vma 7fbe241000
           <...>-2453  [004] ....  4713.755474: do_swap_page: swapin tgid 2432 pid 2453 name "Binder:2432_1" vma 7fbe1e9000
           <...>-2870  [004] ....  4713.755499: do_swap_page: swapin tgid 1852 pid 2870 name "Binder:1852_4" vma 7fbba72000
           <...>-2870  [004] ....  4713.755506: do_swap_page: swapin tgid 1852 pid 2870 name "Binder:1852_4" vma 7f28b19000
           <...>-2870  [004] ....  4713.755527: do_swap_page: swapin tgid 1852 pid 2870 name "Binder:1852_4" vma 7f393d4000
           <...>-2870  [004] ....  4713.755530: do_swap_page: swapin tgid 1852 pid 2870 name "Binder:1852_4" vma 7fbe23c000
           <...>-2017  [004] ....  4713.755550: do_swap_page: swapin tgid 1996 pid 2017 name "Binder:1996_2" vma 7f2d144000
           <...>-2017  [004] ....  4713.755581: do_swap_page: swapin tgid 1996 pid 2017 name "Binder:1996_2" vma 132ea000
           <...>-2017  [004] ....  4713.755587: do_swap_page: swapin tgid 1996 pid 2017 name "Binder:1996_2" vma 7fbe25e000
           <...>-2017  [004] ....  4713.755593: do_swap_page: swapin tgid 1996 pid 2017 name "Binder:1996_2" vma 7f2d667000
           <...>-2017  [004] ....  4713.755602: do_swap_page: swapin tgid 1996 pid 2017 name "Binder:1996_2" vma 12e71000
           <...>-2017  [004] ....  4713.755614: do_swap_page: swapin tgid 1996 pid 2017 name "Binder:1996_2" vma 725b5000
           <...>-2017  [004] ....  4713.755620: do_swap_page: swapin tgid 1996 pid 2017 name "Binder:1996_2" vma 7fbe1eb000
  UiThreadHelper-2045  [004] ....  4713.755632: do_swap_page: swapin tgid 1996 pid 2045 name "UiThreadHelper" vma 7ed0b74000
  UiThreadHelper-2045  [004] ....  4713.755639: do_swap_page: swapin tgid 1996 pid 2045 name "UiThreadHelper" vma 7ed0b75000
           <...>-1996  [004] ....  4713.755701: do_swap_page: swapin tgid 1996 pid 1996 name "droid.launcher3" vma 7fbe177000
