           <...>-816   [004] ....  4713.728610: do_swap_page: swapin tgid 816 pid 816 name "power@1.3-servi" vma 7fffffe000
           <...>-816   [004] ....  4713.728614: do_swap_page: swapin tgid 816 pid 816 name "power@1.3-servi" vma 7fbb851000
           <...>-816   [004] ....  4713.728619: do_swap_page: swapin tgid 816 pid 816 name "power@1.3-servi" vma 7fbdfbc000
           <...>-816   [004] ....  4713.728734: do_swap_page: swapin tgid 816 pid 816 name "power@1.3-servi" vma 7fbdfbc000
           <...>-816   [004] ....  4713.728744: do_swap_page: swapin tgid 816 pid 816 name "power@1.3-servi" vma 7fbb800000
           <...>-1461  [004] ....  4713.728832: do_swap_page: swapin tgid 1340 pid 1461 name "InputDispatcher" vma 147c0000
           <...>-816   [004] ....  4713.728873: do_swap_page: swapin tgid 816 pid 816 name "power@1.3-servi" vma 7fbb800000
           <...>-816   [004] ....  4713.728879: do_swap_page: swapin tgid 816 pid 816 name "power@1.3-servi" vma 7fbb820000
           <...>-1461  [004] ....  4713.728900: do_swap_page: swapin tgid 1340 pid 1461 name "InputDispatcher" vma 14165000
           <...>-1461  [004] ....  4713.728905: do_swap_page: swapin tgid 1340 pid 1461 name "InputDispatcher" vma 9e5b4000
           <...>-816   [004] ....  4713.728996: do_swap_page: swapin tgid 816 pid 816 name "power@1.3-servi" vma 7fbb820000
           <...>-816   [004] ....  4713.729005: do_swap_page: swapin tgid 816 pid 816 name "power@1.3-servi" vma 7fbb83f000
           <...>-816   [004] ....  4713.729014: do_swap_page: swapin tgid 816 pid 816 name "power@1.3-servi" vma 7fbb85c000
           <...>-729   [004] ....  4713.729038: do_swap_page: swapin tgid 601 pid 729 name "Binder:601_3" vma 7fbe175000
   system_server-1340  [004] ....  4713.729112: do_swap_page: swapin tgid 1340 pid 1340 name "system_server" vma 9e912000
 android.display-1364  [004] ....  4713.729206: do_swap_page: swapin tgid 1340 pid 1364 name "android.display" vma 7ecd730000
 android.display-1364  [004] ....  4713.729214: do_swap_page: swapin tgid 1340 pid 1364 name "android.display" vma 7ecd731000
 android.display-1364  [004] ....  4713.729216: do_swap_page: swapin tgid 1340 pid 1364 name "android.display" vma 7ed0a61000
 android.display-1364  [004] ....  4713.729219: do_swap_page: swapin tgid 1340 pid 1364 name "android.display" vma 7ed0a62000
 android.display-1364  [004] ....  4713.729222: do_swap_page: swapin tgid 1340 pid 1364 name "android.display" vma 7ecd72f000
 android.display-1364  [004] ....  4713.729227: do_swap_page: swapin tgid 1340 pid 1364 name "android.display" vma 7ecd72e000
 android.display-1364  [004] ....  4713.729232: do_swap_page: swapin tgid 1340 pid 1364 name "android.display" vma 7f3153f000
 android.display-1364  [004] ....  4713.729235: do_swap_page: swapin tgid 1340 pid 1364 name "android.display" vma 9e827000
           <...>-816   [004] ....  4713.729283: do_swap_page: swapin tgid 816 pid 816 name "power@1.3-servi" vma 7fbb85c000
           <...>-816   [004] ....  4713.729289: do_swap_page: swapin tgid 816 pid 816 name "power@1.3-servi" vma 7fbb844000
           <...>-816   [004] ....  4713.729291: do_swap_page: swapin tgid 816 pid 816 name "power@1.3-servi" vma 7fbb859000
           <...>-816   [004] ....  4713.729295: do_swap_page: swapin tgid 816 pid 816 name "power@1.3-servi" vma 7fbdfb8000
           <...>-1996  [004] ....  4713.729324: do_swap_page: swapin tgid 1996 pid 1996 name "droid.launcher3" vma 7f393d6000
           <...>-1996  [004] ....  4713.729331: do_swap_page: swapin tgid 1996 pid 1996 name "droid.launcher3" vma 7fbe165000
           <...>-1996  [004] ....  4713.729335: do_swap_page: swapin tgid 1996 pid 1996 name "droid.launcher3" vma 7fbe1a2000
           <...>-1996  [004] ....  4713.729339: do_swap_page: swapin tgid 1996 pid 1996 name "droid.launcher3" vma 7ed0e41000
           <...>-1996  [004] ....  4713.729409: do_swap_page: swapin tgid 1996 pid 1996 name "droid.launcher3" vma 7ec52a1000
           <...>-1996  [004] ....  4713.729445: do_swap_page: swapin tgid 1996 pid 1996 name "droid.launcher3" vma 7ec52a2000
           <...>-1996  [004] ....  4713.729448: do_swap_page: swapin tgid 1996 pid 1996 name "droid.launcher3" vma 7fffffc000
           <...>-1996  [004] ....  4713.729451: do_swap_page: swapin tgid 1996 pid 1996 name "droid.launcher3" vma 7ed0d69000
           <...>-1996  [004] ....  4713.729455: do_swap_page: swapin tgid 1996 pid 1996 name "droid.launcher3" vma 7fbd317000
           <...>-1996  [004] ....  4713.729458: do_swap_page: swapin tgid 1996 pid 1996 name "droid.launcher3" vma 7fbd313000
           <...>-1996  [004] ....  4713.729460: do_swap_page: swapin tgid 1996 pid 1996 name "droid.launcher3" vma 7fbd314000
           <...>-816   [004] ....  4713.729506: do_swap_page: swapin tgid 816 pid 816 name "power@1.3-servi" vma 7fbdfb8000
           <...>-816   [004] ....  4713.729512: do_swap_page: swapin tgid 816 pid 816 name "power@1.3-servi" vma 7fbdfb9000
 android.display-1364  [004] ....  4713.729537: do_swap_page: swapin tgid 1340 pid 1364 name "android.display" vma 9e827000
 android.display-1364  [004] ....  4713.729548: do_swap_page: swapin tgid 1340 pid 1364 name "android.display" vma 9e856000
   system_server-1340  [004] ....  4713.729574: do_swap_page: swapin tgid 1340 pid 1340 name "system_server" vma 9e912000
   system_server-1340  [004] ....  4713.729578: do_swap_page: swapin tgid 1340 pid 1340 name "system_server" vma 9e81f000
           <...>-729   [004] ....  4713.729598: do_swap_page: swapin tgid 601 pid 729 name "Binder:601_3" vma 7fbe175000
           <...>-816   [004] ....  4713.729663: do_swap_page: swapin tgid 816 pid 816 name "power@1.3-servi" vma 7fbdfb9000
           <...>-816   [004] ....  4713.729676: do_swap_page: swapin tgid 816 pid 816 name "power@1.3-servi" vma 7fbd201000
           <...>-816   [004] ....  4713.729678: do_swap_page: swapin tgid 816 pid 816 name "power@1.3-servi" vma 7fbd200000
           <...>-816   [004] ....  4713.729682: do_swap_page: swapin tgid 816 pid 816 name "power@1.3-servi" vma 7fbd298000
           <...>-816   [004] ....  4713.729688: do_swap_page: swapin tgid 816 pid 816 name "power@1.3-servi" vma 7fbb84b000
           <...>-816   [004] ....  4713.729692: do_swap_page: swapin tgid 816 pid 816 name "power@1.3-servi" vma 7fbb84c000
           <...>-816   [004] ....  4713.729697: do_swap_page: swapin tgid 816 pid 816 name "power@1.3-servi" vma 7fbd404000
           <...>-816   [004] ....  4713.729700: do_swap_page: swapin tgid 816 pid 816 name "power@1.3-servi" vma 7fbd400000
           <...>-661   [004] ....  4713.729767: do_swap_page: swapin tgid 601 pid 661 name "surfaceflinger" vma 7fb2fa1000
           <...>-661   [004] ....  4713.729790: do_swap_page: swapin tgid 601 pid 661 name "surfaceflinger" vma 7fb2fa0000
           <...>-816   [004] ....  4713.730245: do_swap_page: swapin tgid 816 pid 816 name "power@1.3-servi" vma 7fbd400000
           <...>-816   [004] ....  4713.730251: do_swap_page: swapin tgid 816 pid 816 name "power@1.3-servi" vma 7fbd407000
           <...>-816   [004] ....  4713.730259: do_swap_page: swapin tgid 816 pid 816 name "power@1.3-servi" vma 7fbd406000
           <...>-1996  [004] ....  4713.730283: do_swap_page: swapin tgid 1996 pid 1996 name "droid.launcher3" vma 7fbd314000
           <...>-1996  [004] ....  4713.730291: do_swap_page: swapin tgid 1996 pid 1996 name "droid.launcher3" vma 7fbe15d000
           <...>-1996  [004] ....  4713.730293: do_swap_page: swapin tgid 1996 pid 1996 name "droid.launcher3" vma 7fbe15c000
           <...>-1996  [004] ....  4713.730297: do_swap_page: swapin tgid 1996 pid 1996 name "droid.launcher3" vma 7ed0c4d000
           <...>-1996  [004] ....  4713.730301: do_swap_page: swapin tgid 1996 pid 1996 name "droid.launcher3" vma 7ed0d5b000
           <...>-1996  [004] ....  4713.730304: do_swap_page: swapin tgid 1996 pid 1996 name "droid.launcher3" vma 7f2898b000
           <...>-1996  [004] ....  4713.730306: do_swap_page: swapin tgid 1996 pid 1996 name "droid.launcher3" vma 7ed0bfb000
           <...>-1996  [004] ....  4713.730312: do_swap_page: swapin tgid 1996 pid 1996 name "droid.launcher3" vma 7fbb755000
           <...>-816   [004] ....  4713.730555: do_swap_page: swapin tgid 816 pid 816 name "power@1.3-servi" vma 7fbd406000
           <...>-816   [004] ....  4713.730570: do_swap_page: swapin tgid 816 pid 816 name "power@1.3-servi" vma 7fbd408000
           <...>-816   [004] ....  4713.730574: do_swap_page: swapin tgid 816 pid 816 name "power@1.3-servi" vma 7fbd205000
           <...>-816   [004] ....  4713.730577: do_swap_page: swapin tgid 816 pid 816 name "power@1.3-servi" vma 7fbd211000
           <...>-816   [004] ....  4713.730582: do_swap_page: swapin tgid 816 pid 816 name "power@1.3-servi" vma 7fbb84d000
           <...>-816   [004] ....  4713.730602: do_swap_page: swapin tgid 816 pid 816 name "power@1.3-servi" vma 7fbcfe9000
           <...>-2378  [004] ....  4713.730629: do_swap_page: swapin tgid 816 pid 2378 name "NodeLooperThrea" vma 7fbbcfe000
           <...>-2378  [004] ....  4713.730633: do_swap_page: swapin tgid 816 pid 2378 name "NodeLooperThrea" vma 7fbbcfd000
           <...>-2378  [004] ....  4713.730637: do_swap_page: swapin tgid 816 pid 2378 name "NodeLooperThrea" vma 7fbb83e000
           <...>-2378  [004] ....  4713.730646: do_swap_page: swapin tgid 816 pid 2378 name "NodeLooperThrea" vma 7fbb83d000
           <...>-2379  [004] ....  4713.730729: do_swap_page: swapin tgid 816 pid 2379 name "power@1.3-servi" vma 7fba7fc000
           <...>-816   [004] ....  4713.731244: do_swap_page: swapin tgid 816 pid 816 name "power@1.3-servi" vma 7fbcfe9000
           <...>-2379  [004] ....  4713.731634: do_swap_page: swapin tgid 816 pid 2379 name "power@1.3-servi" vma 7fba7fc000
           <...>-2379  [004] ....  4713.731638: do_swap_page: swapin tgid 816 pid 2379 name "power@1.3-servi" vma 7fba7fb000
           <...>-2378  [004] ....  4713.731648: do_swap_page: swapin tgid 816 pid 2378 name "NodeLooperThrea" vma 7fbb83d000
           <...>-2378  [004] ....  4713.731653: do_swap_page: swapin tgid 816 pid 2378 name "NodeLooperThrea" vma 7fbb81b000
           <...>-1996  [004] ....  4713.731717: do_swap_page: swapin tgid 1996 pid 1996 name "droid.launcher3" vma 7fbb755000
           <...>-1996  [004] ....  4713.731723: do_swap_page: swapin tgid 1996 pid 1996 name "droid.launcher3" vma 7fbe25a000
           <...>-1996  [004] ....  4713.731728: do_swap_page: swapin tgid 1996 pid 1996 name "droid.launcher3" vma 7f393d4000
           <...>-1996  [004] ....  4713.731732: do_swap_page: swapin tgid 1996 pid 1996 name "droid.launcher3" vma 7fbe23c000
           <...>-1996  [004] ....  4713.731733: do_swap_page: swapin tgid 1996 pid 1996 name "droid.launcher3" vma 7fbe1a3000
           <...>-1996  [004] ....  4713.731737: do_swap_page: swapin tgid 1996 pid 1996 name "droid.launcher3" vma 7f31985000
           <...>-1996  [004] ....  4713.731744: do_swap_page: swapin tgid 1996 pid 1996 name "droid.launcher3" vma 13ce9000
           <...>-1996  [004] ....  4713.731749: do_swap_page: swapin tgid 1996 pid 1996 name "droid.launcher3" vma 7fbe285000
           <...>-1996  [004] ....  4713.731754: do_swap_page: swapin tgid 1996 pid 1996 name "droid.launcher3" vma 7f393d5000
           <...>-1996  [004] ....  4713.731757: do_swap_page: swapin tgid 1996 pid 1996 name "droid.launcher3" vma 7fbe1f8000
           <...>-1996  [004] ....  4713.731759: do_swap_page: swapin tgid 1996 pid 1996 name "droid.launcher3" vma 7fffffa000
           <...>-1996  [004] ....  4713.731762: do_swap_page: swapin tgid 1996 pid 1996 name "droid.launcher3" vma 7fbe24e000
           <...>-1996  [004] ....  4713.731767: do_swap_page: swapin tgid 1996 pid 1996 name "droid.launcher3" vma 7fbde23000
           <...>-1996  [004] ....  4713.731773: do_swap_page: swapin tgid 1996 pid 1996 name "droid.launcher3" vma 7fbe286000
           <...>-1996  [004] ....  4713.731781: do_swap_page: swapin tgid 1996 pid 1996 name "droid.launcher3" vma 12e57000
           <...>-1996  [004] ....  4713.731786: do_swap_page: swapin tgid 1996 pid 1996 name "droid.launcher3" vma 7f3510f000
           <...>-1996  [004] ....  4713.731794: do_swap_page: swapin tgid 1996 pid 1996 name "droid.launcher3" vma 7ec6bc6000
           <...>-1996  [004] ....  4713.731806: do_swap_page: swapin tgid 1996 pid 1996 name "droid.launcher3" vma 12e59000
           <...>-1996  [004] ....  4713.731811: do_swap_page: swapin tgid 1996 pid 1996 name "droid.launcher3" vma 12e73000
           <...>-1996  [004] ....  4713.731815: do_swap_page: swapin tgid 1996 pid 1996 name "droid.launcher3" vma 7f34f98000
           <...>-1996  [004] ....  4713.731819: do_swap_page: swapin tgid 1996 pid 1996 name "droid.launcher3" vma 12e42000
           <...>-1996  [004] ....  4713.731821: do_swap_page: swapin tgid 1996 pid 1996 name "droid.launcher3" vma 12ed4000
           <...>-1996  [004] ....  4713.731824: do_swap_page: swapin tgid 1996 pid 1996 name "droid.launcher3" vma 12ed5000
           <...>-1996  [004] ....  4713.731828: do_swap_page: swapin tgid 1996 pid 1996 name "droid.launcher3" vma 13cc4000
           <...>-1996  [004] ....  4713.731830: do_swap_page: swapin tgid 1996 pid 1996 name "droid.launcher3" vma 13ce4000
           <...>-1996  [004] ....  4713.731836: do_swap_page: swapin tgid 1996 pid 1996 name "droid.launcher3" vma 13cea000
           <...>-1996  [004] ....  4713.731842: do_swap_page: swapin tgid 1996 pid 1996 name "droid.launcher3" vma 12e58000
           <...>-1996  [004] ....  4713.731845: do_swap_page: swapin tgid 1996 pid 1996 name "droid.launcher3" vma 9e5e5000
           <...>-661   [004] ....  4713.731882: do_swap_page: swapin tgid 601 pid 661 name "surfaceflinger" vma 7faa7d4000
           <...>-661   [004] ....  4713.731887: do_swap_page: swapin tgid 601 pid 661 name "surfaceflinger" vma 7faa7f5000
           <...>-661   [004] ....  4713.731893: do_swap_page: swapin tgid 601 pid 661 name "surfaceflinger" vma 7fba61d000
 android.display-1364  [004] ....  4713.731920: do_swap_page: swapin tgid 1340 pid 1364 name "android.display" vma 9e856000
   system_server-1340  [004] ....  4713.731958: do_swap_page: swapin tgid 1340 pid 1340 name "system_server" vma 9e81f000
   system_server-1340  [004] ....  4713.731966: do_swap_page: swapin tgid 1340 pid 1340 name "system_server" vma 9e7ef000
 android.display-1364  [004] ....  4713.731988: do_swap_page: swapin tgid 1340 pid 1364 name "android.display" vma 9e859000
           <...>-1362  [004] ....  4713.732004: do_swap_page: swapin tgid 1340 pid 1362 name "android.ui" vma 9e8b3000
           <...>-1362  [004] ....  4713.732008: do_swap_page: swapin tgid 1340 pid 1362 name "android.ui" vma 9e74f000
 ndroid.systemui-1665  [004] ....  4713.732029: do_swap_page: swapin tgid 1665 pid 1665 name "ndroid.systemui" vma 9e7fc000
 ndroid.systemui-1665  [004] ....  4713.732038: do_swap_page: swapin tgid 1665 pid 1665 name "ndroid.systemui" vma 13e2c000
 ndroid.systemui-1665  [004] ....  4713.732041: do_swap_page: swapin tgid 1665 pid 1665 name "ndroid.systemui" vma 9e7dd000
  HwBinder:604_1-637   [004] ....  4713.732442: do_swap_page: swapin tgid 604 pid 637 name "HwBinder:604_1" vma 7fbd049000
  HwBinder:604_1-637   [004] ....  4713.732456: do_swap_page: swapin tgid 604 pid 637 name "HwBinder:604_1" vma 7fbd022000
  HwBinder:604_1-637   [004] ....  4713.732464: do_swap_page: swapin tgid 604 pid 637 name "HwBinder:604_1" vma 7fbd078000
  HwBinder:604_1-637   [004] ....  4713.732476: do_swap_page: swapin tgid 604 pid 637 name "HwBinder:604_1" vma 7fbb608000
  HwBinder:604_1-637   [004] ....  4713.732491: do_swap_page: swapin tgid 604 pid 637 name "HwBinder:604_1" vma 7fbd033000
  HwBinder:604_1-637   [004] ....  4713.732498: do_swap_page: swapin tgid 604 pid 637 name "HwBinder:604_1" vma 7fb5d97000
  HwBinder:604_1-637   [004] ....  4713.732502: do_swap_page: swapin tgid 604 pid 637 name "HwBinder:604_1" vma 7fbcdae000
           <...>-2378  [004] ....  4713.732547: do_swap_page: swapin tgid 816 pid 2378 name "NodeLooperThrea" vma 7fbb81b000
           <...>-2378  [004] ....  4713.732661: do_swap_page: swapin tgid 816 pid 2378 name "NodeLooperThrea" vma 7fbb84e000
           <...>-2378  [004] ....  4713.732706: do_swap_page: swapin tgid 816 pid 2378 name "NodeLooperThrea" vma 7fbb81d000
   system_server-1340  [004] ....  4713.732784: do_swap_page: swapin tgid 1340 pid 1340 name "system_server" vma 9e7ef000
 android.display-1364  [004] ....  4713.732848: do_swap_page: swapin tgid 1340 pid 1364 name "android.display" vma 9e859000
 android.display-1364  [004] ....  4713.732854: do_swap_page: swapin tgid 1340 pid 1364 name "android.display" vma 9e685000
 android.display-1364  [004] ....  4713.732863: do_swap_page: swapin tgid 1340 pid 1364 name "android.display" vma 14589000
 android.display-1364  [004] ....  4713.732866: do_swap_page: swapin tgid 1340 pid 1364 name "android.display" vma 147fd000
 android.display-1364  [004] ....  4713.732874: do_swap_page: swapin tgid 1340 pid 1364 name "android.display" vma 14521000
 android.display-1364  [004] ....  4713.732877: do_swap_page: swapin tgid 1340 pid 1364 name "android.display" vma 9e5e9000
 android.display-1364  [004] ....  4713.732880: do_swap_page: swapin tgid 1340 pid 1364 name "android.display" vma 9e89d000
 ndroid.systemui-1665  [004] ....  4713.733414: do_swap_page: swapin tgid 1665 pid 1665 name "ndroid.systemui" vma 9e7dd000
 ndroid.systemui-1665  [004] ....  4713.733459: do_swap_page: swapin tgid 1665 pid 1665 name "ndroid.systemui" vma 7eb8a0a000
 ndroid.systemui-1665  [004] ....  4713.733484: do_swap_page: swapin tgid 1665 pid 1665 name "ndroid.systemui" vma 9e810000
           <...>-1461  [004] ....  4713.733543: do_swap_page: swapin tgid 1340 pid 1461 name "InputDispatcher" vma 7f2d6c0000
           <...>-1996  [004] ....  4713.733569: do_swap_page: swapin tgid 1996 pid 1996 name "droid.launcher3" vma 9e5e5000
           <...>-1996  [004] ....  4713.733600: do_swap_page: swapin tgid 1996 pid 1996 name "droid.launcher3" vma 7fbe170000
           <...>-1996  [004] ....  4713.733604: do_swap_page: swapin tgid 1996 pid 1996 name "droid.launcher3" vma 7fbe249000
           <...>-1996  [004] ....  4713.733607: do_swap_page: swapin tgid 1996 pid 1996 name "droid.launcher3" vma 7f289fb000
           <...>-1996  [004] ....  4713.733615: do_swap_page: swapin tgid 1996 pid 1996 name "droid.launcher3" vma 12ed7000
           <...>-1996  [004] ....  4713.733619: do_swap_page: swapin tgid 1996 pid 1996 name "droid.launcher3" vma 12e5a000
           <...>-1996  [004] ....  4713.733621: do_swap_page: swapin tgid 1996 pid 1996 name "droid.launcher3" vma 9e5e4000
           <...>-1996  [004] ....  4713.733625: do_swap_page: swapin tgid 1996 pid 1996 name "droid.launcher3" vma 9e6e1000
           <...>-1362  [004] ....  4713.733649: do_swap_page: swapin tgid 1340 pid 1362 name "android.ui" vma 9e74f000
           <...>-1362  [004] ....  4713.733659: do_swap_page: swapin tgid 1340 pid 1362 name "android.ui" vma 9e620000
           <...>-1362  [004] ....  4713.733662: do_swap_page: swapin tgid 1340 pid 1362 name "android.ui" vma 9e74e000
  HwBinder:604_1-637   [004] ....  4713.733696: do_swap_page: swapin tgid 604 pid 637 name "HwBinder:604_1" vma 7fbcdae000
  HwBinder:604_1-637   [004] ....  4713.733727: do_swap_page: swapin tgid 604 pid 637 name "HwBinder:604_1" vma 7fbd032000
           <...>-2378  [004] ....  4713.733755: do_swap_page: swapin tgid 816 pid 2378 name "NodeLooperThrea" vma 7fbb81d000
           <...>-2378  [004] ....  4713.733875: do_swap_page: swapin tgid 816 pid 2378 name "NodeLooperThrea" vma 7fbb85b000
  HwBinder:604_1-637   [004] ....  4713.733923: do_swap_page: swapin tgid 604 pid 637 name "HwBinder:604_1" vma 7fbd032000
  HwBinder:604_1-637   [004] ....  4713.733930: do_swap_page: swapin tgid 604 pid 637 name "HwBinder:604_1" vma 7fbd096000
           <...>-1996  [004] ....  4713.733959: do_swap_page: swapin tgid 1996 pid 1996 name "droid.launcher3" vma 9e6e1000
           <...>-1996  [004] ....  4713.733964: do_swap_page: swapin tgid 1996 pid 1996 name "droid.launcher3" vma 9e6f2000
 android.display-1364  [004] ....  4713.733985: do_swap_page: swapin tgid 1340 pid 1364 name "android.display" vma 9e89d000
 android.display-1364  [004] ....  4713.733991: do_swap_page: swapin tgid 1340 pid 1364 name "android.display" vma 9e89e000
 ndroid.systemui-1665  [004] ....  4713.734038: do_swap_page: swapin tgid 1665 pid 1665 name "ndroid.systemui" vma 9e810000
 ndroid.systemui-1665  [004] ....  4713.734046: do_swap_page: swapin tgid 1665 pid 1665 name "ndroid.systemui" vma 9e7d4000
           <...>-2378  [004] ....  4713.734073: do_swap_page: swapin tgid 816 pid 2378 name "NodeLooperThrea" vma 7fbb85b000
           <...>-1996  [004] ....  4713.734160: do_swap_page: swapin tgid 1996 pid 1996 name "droid.launcher3" vma 9e6f2000
           <...>-1996  [004] ....  4713.734178: do_swap_page: swapin tgid 1996 pid 1996 name "droid.launcher3" vma 9e6ec000
  HwBinder:604_1-637   [004] ....  4713.734317: do_swap_page: swapin tgid 604 pid 637 name "HwBinder:604_1" vma 7fbd096000
  HwBinder:604_1-637   [004] ....  4713.734347: do_swap_page: swapin tgid 604 pid 637 name "HwBinder:604_1" vma 7fbd093000
  HwBinder:604_1-637   [004] ....  4713.734350: do_swap_page: swapin tgid 604 pid 637 name "HwBinder:604_1" vma 7fbd015000
  HwBinder:604_1-637   [004] ....  4713.734352: do_swap_page: swapin tgid 604 pid 637 name "HwBinder:604_1" vma 7fbd00e000
  HwBinder:604_1-637   [004] ....  4713.734368: do_swap_page: swapin tgid 604 pid 637 name "HwBinder:604_1" vma 7fb5ff9000
  HwBinder:604_1-637   [004] ....  4713.734587: do_swap_page: swapin tgid 604 pid 637 name "HwBinder:604_1" vma 7fb5ff9000
  HwBinder:604_1-637   [004] ....  4713.734593: do_swap_page: swapin tgid 604 pid 637 name "HwBinder:604_1" vma 7fbd072000
  HwBinder:604_1-637   [004] ....  4713.734595: do_swap_page: swapin tgid 604 pid 637 name "HwBinder:604_1" vma 7fbd073000
  HwBinder:604_1-637   [004] ....  4713.734632: do_swap_page: swapin tgid 604 pid 637 name "HwBinder:604_1" vma 7fbd765000
  HwBinder:604_1-637   [004] ....  4713.734876: do_swap_page: swapin tgid 604 pid 637 name "HwBinder:604_1" vma 7fbd057000
  HwBinder:604_1-637   [004] ....  4713.734894: do_swap_page: swapin tgid 604 pid 637 name "HwBinder:604_1" vma 7fbb4d1000
  HwBinder:604_1-637   [004] ....  4713.734898: do_swap_page: swapin tgid 604 pid 637 name "HwBinder:604_1" vma 7fb8275000
  HwBinder:604_1-637   [004] ....  4713.734902: do_swap_page: swapin tgid 604 pid 637 name "HwBinder:604_1" vma 7fb8276000
  HwBinder:604_1-637   [004] ....  4713.734904: do_swap_page: swapin tgid 604 pid 637 name "HwBinder:604_1" vma 7fb8277000
  HwBinder:604_1-637   [004] ....  4713.734906: do_swap_page: swapin tgid 604 pid 637 name "HwBinder:604_1" vma 7fb8278000
  HwBinder:604_1-637   [004] ....  4713.734911: do_swap_page: swapin tgid 604 pid 637 name "HwBinder:604_1" vma 7fb8279000
  HwBinder:604_1-637   [004] ....  4713.734913: do_swap_page: swapin tgid 604 pid 637 name "HwBinder:604_1" vma 7fb827a000
  HwBinder:604_1-637   [004] ....  4713.734915: do_swap_page: swapin tgid 604 pid 637 name "HwBinder:604_1" vma 7fb827b000
  HwBinder:604_1-637   [004] ....  4713.734917: do_swap_page: swapin tgid 604 pid 637 name "HwBinder:604_1" vma 7fb827c000
  HwBinder:604_1-637   [004] ....  4713.734919: do_swap_page: swapin tgid 604 pid 637 name "HwBinder:604_1" vma 7fb827d000
  HwBinder:604_1-637   [004] ....  4713.734921: do_swap_page: swapin tgid 604 pid 637 name "HwBinder:604_1" vma 7fb827e000
  HwBinder:604_1-637   [004] ....  4713.734923: do_swap_page: swapin tgid 604 pid 637 name "HwBinder:604_1" vma 7fb827f000
  HwBinder:604_1-637   [004] ....  4713.734925: do_swap_page: swapin tgid 604 pid 637 name "HwBinder:604_1" vma 7fb8280000
  HwBinder:604_1-637   [004] ....  4713.734928: do_swap_page: swapin tgid 604 pid 637 name "HwBinder:604_1" vma 7fb8281000
  HwBinder:604_1-637   [004] ....  4713.734930: do_swap_page: swapin tgid 604 pid 637 name "HwBinder:604_1" vma 7fb8282000
  HwBinder:604_1-637   [004] ....  4713.734932: do_swap_page: swapin tgid 604 pid 637 name "HwBinder:604_1" vma 7fb8283000
  HwBinder:604_1-637   [004] ....  4713.734934: do_swap_page: swapin tgid 604 pid 637 name "HwBinder:604_1" vma 7fb8284000
  HwBinder:604_1-637   [004] ....  4713.734936: do_swap_page: swapin tgid 604 pid 637 name "HwBinder:604_1" vma 7fb8285000
  HwBinder:604_1-637   [004] ....  4713.734938: do_swap_page: swapin tgid 604 pid 637 name "HwBinder:604_1" vma 7fb8286000
  HwBinder:604_1-637   [004] ....  4713.734942: do_swap_page: swapin tgid 604 pid 637 name "HwBinder:604_1" vma 7fb8287000
  HwBinder:604_1-637   [004] ....  4713.734943: do_swap_page: swapin tgid 604 pid 637 name "HwBinder:604_1" vma 7fb8288000
  HwBinder:604_1-637   [004] ....  4713.734945: do_swap_page: swapin tgid 604 pid 637 name "HwBinder:604_1" vma 7fb8289000
  HwBinder:604_1-637   [004] ....  4713.734948: do_swap_page: swapin tgid 604 pid 637 name "HwBinder:604_1" vma 7fb828a000
  HwBinder:604_1-637   [004] ....  4713.734950: do_swap_page: swapin tgid 604 pid 637 name "HwBinder:604_1" vma 7fb828b000
  HwBinder:604_1-637   [004] ....  4713.734952: do_swap_page: swapin tgid 604 pid 637 name "HwBinder:604_1" vma 7fb828c000
  HwBinder:604_1-637   [004] ....  4713.734954: do_swap_page: swapin tgid 604 pid 637 name "HwBinder:604_1" vma 7fb828d000
  HwBinder:604_1-637   [004] ....  4713.734956: do_swap_page: swapin tgid 604 pid 637 name "HwBinder:604_1" vma 7fb828e000
  HwBinder:604_1-637   [004] ....  4713.734959: do_swap_page: swapin tgid 604 pid 637 name "HwBinder:604_1" vma 7fb828f000
  HwBinder:604_1-637   [004] ....  4713.734961: do_swap_page: swapin tgid 604 pid 637 name "HwBinder:604_1" vma 7fb8290000
  HwBinder:604_1-637   [004] ....  4713.734963: do_swap_page: swapin tgid 604 pid 637 name "HwBinder:604_1" vma 7fb8291000
  HwBinder:604_1-637   [004] ....  4713.734979: do_swap_page: swapin tgid 604 pid 637 name "HwBinder:604_1" vma 7fbd0d1000
  HwBinder:604_1-637   [004] ....  4713.734983: do_swap_page: swapin tgid 604 pid 637 name "HwBinder:604_1" vma 7fbd0d3000
  HwBinder:604_1-637   [004] ....  4713.734986: do_swap_page: swapin tgid 604 pid 637 name "HwBinder:604_1" vma 7fbd0d5000
  HwBinder:604_1-637   [004] ....  4713.734995: do_swap_page: swapin tgid 604 pid 637 name "HwBinder:604_1" vma 7fbd0dc000
  HwBinder:604_1-637   [004] ....  4713.734996: do_swap_page: swapin tgid 604 pid 637 name "HwBinder:604_1" vma 7fbd0dd000
  HwBinder:604_1-637   [004] ....  4713.734999: do_swap_page: swapin tgid 604 pid 637 name "HwBinder:604_1" vma 7fbd0de000
  HwBinder:604_1-637   [004] ....  4713.735001: do_swap_page: swapin tgid 604 pid 637 name "HwBinder:604_1" vma 7fbd0df000
  HwBinder:604_1-637   [004] ....  4713.735003: do_swap_page: swapin tgid 604 pid 637 name "HwBinder:604_1" vma 7fbd0e0000
  HwBinder:604_1-637   [004] ....  4713.735005: do_swap_page: swapin tgid 604 pid 637 name "HwBinder:604_1" vma 7fbd0e1000
  HwBinder:604_1-637   [004] ....  4713.735007: do_swap_page: swapin tgid 604 pid 637 name "HwBinder:604_1" vma 7fbd0e2000
  HwBinder:604_1-637   [004] ....  4713.735009: do_swap_page: swapin tgid 604 pid 637 name "HwBinder:604_1" vma 7fbd0e3000
  HwBinder:604_1-637   [004] ....  4713.735011: do_swap_page: swapin tgid 604 pid 637 name "HwBinder:604_1" vma 7fbd0e4000
  HwBinder:604_1-637   [004] ....  4713.735013: do_swap_page: swapin tgid 604 pid 637 name "HwBinder:604_1" vma 7fbd0e5000
  HwBinder:604_1-637   [004] ....  4713.735015: do_swap_page: swapin tgid 604 pid 637 name "HwBinder:604_1" vma 7fbd0e6000
  HwBinder:604_1-637   [004] ....  4713.735017: do_swap_page: swapin tgid 604 pid 637 name "HwBinder:604_1" vma 7fbd0e7000
  HwBinder:604_1-637   [004] ....  4713.735020: do_swap_page: swapin tgid 604 pid 637 name "HwBinder:604_1" vma 7fbd0e8000
  HwBinder:604_1-637   [004] ....  4713.735022: do_swap_page: swapin tgid 604 pid 637 name "HwBinder:604_1" vma 7fbd0e9000
  HwBinder:604_1-637   [004] ....  4713.735025: do_swap_page: swapin tgid 604 pid 637 name "HwBinder:604_1" vma 7fbd0ea000
  HwBinder:604_1-637   [004] ....  4713.735027: do_swap_page: swapin tgid 604 pid 637 name "HwBinder:604_1" vma 7fbd0eb000
  HwBinder:604_1-637   [004] ....  4713.735029: do_swap_page: swapin tgid 604 pid 637 name "HwBinder:604_1" vma 7fbd0ec000
  HwBinder:604_1-637   [004] ....  4713.735031: do_swap_page: swapin tgid 604 pid 637 name "HwBinder:604_1" vma 7fbd0ed000
  HwBinder:604_1-637   [004] ....  4713.735046: do_swap_page: swapin tgid 604 pid 637 name "HwBinder:604_1" vma 7fbf5e4000
     logd.writer-567   [004] ....  4713.735110: do_swap_page: swapin tgid 557 pid 567 name "logd.writer" vma 7fbbe34000
     logd.writer-567   [004] ....  4713.735116: do_swap_page: swapin tgid 557 pid 567 name "logd.writer" vma 7fbbe0b000
           <...>-2378  [004] ....  4713.735180: do_swap_page: swapin tgid 816 pid 2378 name "NodeLooperThrea" vma 7fbd26b000
           <...>-2378  [004] ....  4713.735184: do_swap_page: swapin tgid 816 pid 2378 name "NodeLooperThrea" vma 7fbd26c000
           <...>-2378  [004] ....  4713.735187: do_swap_page: swapin tgid 816 pid 2378 name "NodeLooperThrea" vma 7fbd240000
           <...>-2378  [004] ....  4713.735191: do_swap_page: swapin tgid 816 pid 2378 name "NodeLooperThrea" vma 7fbd8e5000
           <...>-2378  [004] ....  4713.735199: do_swap_page: swapin tgid 816 pid 2378 name "NodeLooperThrea" vma 7fbd20a000
           <...>-2378  [004] ....  4713.735206: do_swap_page: swapin tgid 816 pid 2378 name "NodeLooperThrea" vma 7fbd20e000
           <...>-2378  [004] ....  4713.735208: do_swap_page: swapin tgid 816 pid 2378 name "NodeLooperThrea" vma 7fbd8e4000
           <...>-1996  [004] ....  4713.735227: do_swap_page: swapin tgid 1996 pid 1996 name "droid.launcher3" vma 9e6ec000
           <...>-1996  [004] ....  4713.735235: do_swap_page: swapin tgid 1996 pid 1996 name "droid.launcher3" vma 12ed6000
           <...>-1996  [004] ....  4713.735258: do_swap_page: swapin tgid 1996 pid 1996 name "droid.launcher3" vma 12edb000
           <...>-1996  [004] ....  4713.735267: do_swap_page: swapin tgid 1996 pid 1996 name "droid.launcher3" vma 7ed0b94000
           <...>-1996  [004] ....  4713.735269: do_swap_page: swapin tgid 1996 pid 1996 name "droid.launcher3" vma 7f28b5d000
           <...>-1996  [004] ....  4713.735277: do_swap_page: swapin tgid 1996 pid 1996 name "droid.launcher3" vma 7ed0b95000
           <...>-1996  [004] ....  4713.735281: do_swap_page: swapin tgid 1996 pid 1996 name "droid.launcher3" vma 12e41000
           <...>-1996  [004] ....  4713.735284: do_swap_page: swapin tgid 1996 pid 1996 name "droid.launcher3" vma 9e5ad000
  HwBinder:604_1-637   [004] ....  4713.735310: do_swap_page: swapin tgid 604 pid 637 name "HwBinder:604_1" vma 7fbf5e4000
  HwBinder:604_1-637   [004] ....  4713.735328: do_swap_page: swapin tgid 604 pid 637 name "HwBinder:604_1" vma 7fb8274000
  HwBinder:604_1-637   [004] ....  4713.735332: do_swap_page: swapin tgid 604 pid 637 name "HwBinder:604_1" vma 7fb8273000
  HwBinder:604_1-637   [004] ....  4713.735338: do_swap_page: swapin tgid 604 pid 637 name "HwBinder:604_1" vma 7fbb4ae000
  HwBinder:604_1-637   [004] ....  4713.735341: do_swap_page: swapin tgid 604 pid 637 name "HwBinder:604_1" vma 7fbb4af000
  HwBinder:604_1-637   [004] ....  4713.735344: do_swap_page: swapin tgid 604 pid 637 name "HwBinder:604_1" vma 7fbb4d4000
  HwBinder:604_1-637   [004] ....  4713.735345: do_swap_page: swapin tgid 604 pid 637 name "HwBinder:604_1" vma 7fbb4d5000
  HwBinder:604_1-637   [004] ....  4713.735350: do_swap_page: swapin tgid 604 pid 637 name "HwBinder:604_1" vma 7fbb4e0000
  HwBinder:604_1-637   [004] ....  4713.735352: do_swap_page: swapin tgid 604 pid 637 name "HwBinder:604_1" vma 7fbb4e1000
  HwBinder:604_1-637   [004] ....  4713.735358: do_swap_page: swapin tgid 604 pid 637 name "HwBinder:604_1" vma 7fbb4df000
  HwBinder:604_1-637   [004] ....  4713.735362: do_swap_page: swapin tgid 604 pid 637 name "HwBinder:604_1" vma 7fbb4e2000
  HwBinder:604_1-637   [004] ....  4713.735380: do_swap_page: swapin tgid 604 pid 637 name "HwBinder:604_1" vma 7fbb44d000
  HwBinder:604_1-637   [004] ....  4713.735400: do_swap_page: swapin tgid 604 pid 637 name "HwBinder:604_1" vma 7fb5dfc000
           <...>-1996  [004] ....  4713.735436: do_swap_page: swapin tgid 1996 pid 1996 name "droid.launcher3" vma 7fbe264000
           <...>-1996  [004] ....  4713.735441: do_swap_page: swapin tgid 1996 pid 1996 name "droid.launcher3" vma 9e5ae000
 android.display-1364  [004] ....  4713.735465: do_swap_page: swapin tgid 1340 pid 1364 name "android.display" vma 9e89e000
 android.display-1364  [004] ....  4713.735473: do_swap_page: swapin tgid 1340 pid 1364 name "android.display" vma 14182000
 android.display-1364  [004] ....  4713.735497: do_swap_page: swapin tgid 1340 pid 1364 name "android.display" vma 7f2d669000
 android.display-1364  [004] ....  4713.735503: do_swap_page: swapin tgid 1340 pid 1364 name "android.display" vma 7f2d6af000
 android.display-1364  [004] ....  4713.735506: do_swap_page: swapin tgid 1340 pid 1364 name "android.display" vma 7f28b1d000
 android.display-1364  [004] ....  4713.735508: do_swap_page: swapin tgid 1340 pid 1364 name "android.display" vma 7f28b1e000
 android.display-1364  [004] ....  4713.735512: do_swap_page: swapin tgid 1340 pid 1364 name "android.display" vma 7ec843b000
  HwBinder:604_1-637   [004] ....  4713.735546: do_swap_page: swapin tgid 604 pid 637 name "HwBinder:604_1" vma 7fb5dfc000
  HwBinder:604_1-637   [004] ....  4713.735571: do_swap_page: swapin tgid 604 pid 637 name "HwBinder:604_1" vma 7fbd021000
           <...>-2378  [004] ....  4713.735618: do_swap_page: swapin tgid 816 pid 2378 name "NodeLooperThrea" vma 7fbd8e4000
           <...>-2378  [004] ....  4713.735629: do_swap_page: swapin tgid 816 pid 2378 name "NodeLooperThrea" vma 7fbbcfc000
           <...>-2378  [004] ....  4713.735635: do_swap_page: swapin tgid 816 pid 2378 name "NodeLooperThrea" vma 7fbd212000
           <...>-2378  [004] ....  4713.735640: do_swap_page: swapin tgid 816 pid 2378 name "NodeLooperThrea" vma 7fbd921000
           <...>-1362  [004] ....  4713.735695: do_swap_page: swapin tgid 1340 pid 1362 name "android.ui" vma 9e74e000
           <...>-1362  [004] ....  4713.735705: do_swap_page: swapin tgid 1340 pid 1362 name "android.ui" vma 9e8c2000
  HwBinder:604_1-637   [004] ....  4713.735748: do_swap_page: swapin tgid 604 pid 637 name "HwBinder:604_1" vma 7fbd021000
  HwBinder:604_1-637   [004] ....  4713.735786: do_swap_page: swapin tgid 604 pid 637 name "HwBinder:604_1" vma 7fb5dc2000
  HwBinder:604_1-637   [004] ....  4713.735827: do_swap_page: swapin tgid 604 pid 637 name "HwBinder:604_1" vma 7fbd094000
  HwBinder:604_1-637   [004] ....  4713.735967: do_swap_page: swapin tgid 604 pid 637 name "HwBinder:604_1" vma 7fbd094000
  HwBinder:604_1-637   [004] ....  4713.735976: do_swap_page: swapin tgid 604 pid 637 name "HwBinder:604_1" vma 7fbb477000
  HwBinder:604_1-637   [004] ....  4713.735993: do_swap_page: swapin tgid 604 pid 637 name "HwBinder:604_1" vma 7fb823a000
  HwBinder:604_1-637   [004] ....  4713.735995: do_swap_page: swapin tgid 604 pid 637 name "HwBinder:604_1" vma 7fb8258000
  HwBinder:604_1-637   [004] ....  4713.735997: do_swap_page: swapin tgid 604 pid 637 name "HwBinder:604_1" vma 7fb8259000
  HwBinder:604_1-637   [004] ....  4713.736000: do_swap_page: swapin tgid 604 pid 637 name "HwBinder:604_1" vma 7fb825a000
  HwBinder:604_1-637   [004] ....  4713.736002: do_swap_page: swapin tgid 604 pid 637 name "HwBinder:604_1" vma 7fb825b000
  HwBinder:604_1-637   [004] ....  4713.736004: do_swap_page: swapin tgid 604 pid 637 name "HwBinder:604_1" vma 7fb825c000
  HwBinder:604_1-637   [004] ....  4713.736006: do_swap_page: swapin tgid 604 pid 637 name "HwBinder:604_1" vma 7fb825d000
  HwBinder:604_1-637   [004] ....  4713.736008: do_swap_page: swapin tgid 604 pid 637 name "HwBinder:604_1" vma 7fb825e000
  HwBinder:604_1-637   [004] ....  4713.736010: do_swap_page: swapin tgid 604 pid 637 name "HwBinder:604_1" vma 7fb825f000
  HwBinder:604_1-637   [004] ....  4713.736012: do_swap_page: swapin tgid 604 pid 637 name "HwBinder:604_1" vma 7fb8260000
  HwBinder:604_1-637   [004] ....  4713.736014: do_swap_page: swapin tgid 604 pid 637 name "HwBinder:604_1" vma 7fb8261000
  HwBinder:604_1-637   [004] ....  4713.736019: do_swap_page: swapin tgid 604 pid 637 name "HwBinder:604_1" vma 7fb8262000
  HwBinder:604_1-637   [004] ....  4713.736021: do_swap_page: swapin tgid 604 pid 637 name "HwBinder:604_1" vma 7fb8263000
  HwBinder:604_1-637   [004] ....  4713.736023: do_swap_page: swapin tgid 604 pid 637 name "HwBinder:604_1" vma 7fb8264000
  HwBinder:604_1-637   [004] ....  4713.736025: do_swap_page: swapin tgid 604 pid 637 name "HwBinder:604_1" vma 7fb8265000
  HwBinder:604_1-637   [004] ....  4713.736027: do_swap_page: swapin tgid 604 pid 637 name "HwBinder:604_1" vma 7fb8266000
  HwBinder:604_1-637   [004] ....  4713.736030: do_swap_page: swapin tgid 604 pid 637 name "HwBinder:604_1" vma 7fb8267000
  HwBinder:604_1-637   [004] ....  4713.736032: do_swap_page: swapin tgid 604 pid 637 name "HwBinder:604_1" vma 7fb8268000
  HwBinder:604_1-637   [004] ....  4713.736034: do_swap_page: swapin tgid 604 pid 637 name "HwBinder:604_1" vma 7fb8269000
  HwBinder:604_1-637   [004] ....  4713.736036: do_swap_page: swapin tgid 604 pid 637 name "HwBinder:604_1" vma 7fb826a000
  HwBinder:604_1-637   [004] ....  4713.736038: do_swap_page: swapin tgid 604 pid 637 name "HwBinder:604_1" vma 7fb826b000
  HwBinder:604_1-637   [004] ....  4713.736040: do_swap_page: swapin tgid 604 pid 637 name "HwBinder:604_1" vma 7fb826c000
  HwBinder:604_1-637   [004] ....  4713.736042: do_swap_page: swapin tgid 604 pid 637 name "HwBinder:604_1" vma 7fb826d000
  HwBinder:604_1-637   [004] ....  4713.736044: do_swap_page: swapin tgid 604 pid 637 name "HwBinder:604_1" vma 7fb826e000
  HwBinder:604_1-637   [004] ....  4713.736046: do_swap_page: swapin tgid 604 pid 637 name "HwBinder:604_1" vma 7fb826f000
  HwBinder:604_1-637   [004] ....  4713.736049: do_swap_page: swapin tgid 604 pid 637 name "HwBinder:604_1" vma 7fb8270000
  HwBinder:604_1-637   [004] ....  4713.736051: do_swap_page: swapin tgid 604 pid 637 name "HwBinder:604_1" vma 7fb8271000
  HwBinder:604_1-637   [004] ....  4713.736053: do_swap_page: swapin tgid 604 pid 637 name "HwBinder:604_1" vma 7fb8272000
  HwBinder:604_1-637   [004] ....  4713.736056: do_swap_page: swapin tgid 604 pid 637 name "HwBinder:604_1" vma 7fbd056000
  HwBinder:604_1-637   [004] ....  4713.736061: do_swap_page: swapin tgid 604 pid 637 name "HwBinder:604_1" vma 7fb823b000
  HwBinder:604_1-637   [004] ....  4713.736062: do_swap_page: swapin tgid 604 pid 637 name "HwBinder:604_1" vma 7fb823c000
  HwBinder:604_1-637   [004] ....  4713.736064: do_swap_page: swapin tgid 604 pid 637 name "HwBinder:604_1" vma 7fb823d000
  HwBinder:604_1-637   [004] ....  4713.736067: do_swap_page: swapin tgid 604 pid 637 name "HwBinder:604_1" vma 7fb823e000
  HwBinder:604_1-637   [004] ....  4713.736069: do_swap_page: swapin tgid 604 pid 637 name "HwBinder:604_1" vma 7fb823f000
  HwBinder:604_1-637   [004] ....  4713.736071: do_swap_page: swapin tgid 604 pid 637 name "HwBinder:604_1" vma 7fb8240000
  HwBinder:604_1-637   [004] ....  4713.736073: do_swap_page: swapin tgid 604 pid 637 name "HwBinder:604_1" vma 7fb8241000
  HwBinder:604_1-637   [004] ....  4713.736080: do_swap_page: swapin tgid 604 pid 637 name "HwBinder:604_1" vma 7fb8242000
  HwBinder:604_1-637   [004] ....  4713.736082: do_swap_page: swapin tgid 604 pid 637 name "HwBinder:604_1" vma 7fb8243000
  HwBinder:604_1-637   [004] ....  4713.736084: do_swap_page: swapin tgid 604 pid 637 name "HwBinder:604_1" vma 7fb8244000
  HwBinder:604_1-637   [004] ....  4713.736087: do_swap_page: swapin tgid 604 pid 637 name "HwBinder:604_1" vma 7fb8245000
  HwBinder:604_1-637   [004] ....  4713.736089: do_swap_page: swapin tgid 604 pid 637 name "HwBinder:604_1" vma 7fb8246000
  HwBinder:604_1-637   [004] ....  4713.736091: do_swap_page: swapin tgid 604 pid 637 name "HwBinder:604_1" vma 7fb8247000
  HwBinder:604_1-637   [004] ....  4713.736093: do_swap_page: swapin tgid 604 pid 637 name "HwBinder:604_1" vma 7fb8248000
  HwBinder:604_1-637   [004] ....  4713.736094: do_swap_page: swapin tgid 604 pid 637 name "HwBinder:604_1" vma 7fb8249000
  HwBinder:604_1-637   [004] ....  4713.736096: do_swap_page: swapin tgid 604 pid 637 name "HwBinder:604_1" vma 7fb824a000
  HwBinder:604_1-637   [004] ....  4713.736098: do_swap_page: swapin tgid 604 pid 637 name "HwBinder:604_1" vma 7fb824b000
  HwBinder:604_1-637   [004] ....  4713.736100: do_swap_page: swapin tgid 604 pid 637 name "HwBinder:604_1" vma 7fb824c000
  HwBinder:604_1-637   [004] ....  4713.736102: do_swap_page: swapin tgid 604 pid 637 name "HwBinder:604_1" vma 7fb824d000
  HwBinder:604_1-637   [004] ....  4713.736104: do_swap_page: swapin tgid 604 pid 637 name "HwBinder:604_1" vma 7fb824e000
  HwBinder:604_1-637   [004] ....  4713.736106: do_swap_page: swapin tgid 604 pid 637 name "HwBinder:604_1" vma 7fb824f000
  HwBinder:604_1-637   [004] ....  4713.736108: do_swap_page: swapin tgid 604 pid 637 name "HwBinder:604_1" vma 7fb8250000
  HwBinder:604_1-637   [004] ....  4713.736110: do_swap_page: swapin tgid 604 pid 637 name "HwBinder:604_1" vma 7fb8251000
  HwBinder:604_1-637   [004] ....  4713.736112: do_swap_page: swapin tgid 604 pid 637 name "HwBinder:604_1" vma 7fb8252000
  HwBinder:604_1-637   [004] ....  4713.736115: do_swap_page: swapin tgid 604 pid 637 name "HwBinder:604_1" vma 7fb8253000
  HwBinder:604_1-637   [004] ....  4713.736116: do_swap_page: swapin tgid 604 pid 637 name "HwBinder:604_1" vma 7fb8254000
  HwBinder:604_1-637   [004] ....  4713.736118: do_swap_page: swapin tgid 604 pid 637 name "HwBinder:604_1" vma 7fb8255000
  HwBinder:604_1-637   [004] ....  4713.736120: do_swap_page: swapin tgid 604 pid 637 name "HwBinder:604_1" vma 7fb8256000
  HwBinder:604_1-637   [004] ....  4713.736122: do_swap_page: swapin tgid 604 pid 637 name "HwBinder:604_1" vma 7fb8257000
  HwBinder:604_1-637   [004] ....  4713.736127: do_swap_page: swapin tgid 604 pid 637 name "HwBinder:604_1" vma 7fb4496000
           <...>-2378  [004] ....  4713.736170: do_swap_page: swapin tgid 816 pid 2378 name "NodeLooperThrea" vma 7fbd921000
           <...>-2378  [004] ....  4713.736184: do_swap_page: swapin tgid 816 pid 2378 name "NodeLooperThrea" vma 7fbf5e3000
           <...>-1996  [004] ....  4713.736201: do_swap_page: swapin tgid 1996 pid 1996 name "droid.launcher3" vma 9e5ae000
           <...>-1996  [004] ....  4713.736212: do_swap_page: swapin tgid 1996 pid 1996 name "droid.launcher3" vma 9e5c6000
           <...>-1996  [004] ....  4713.736215: do_swap_page: swapin tgid 1996 pid 1996 name "droid.launcher3" vma 12ee4000
           <...>-1996  [004] ....  4713.736218: do_swap_page: swapin tgid 1996 pid 1996 name "droid.launcher3" vma 9e5af000
           <...>-1996  [004] ....  4713.736220: do_swap_page: swapin tgid 1996 pid 1996 name "droid.launcher3" vma 12e52000
           <...>-1996  [004] ....  4713.736222: do_swap_page: swapin tgid 1996 pid 1996 name "droid.launcher3" vma 7ed0b93000
           <...>-1996  [004] ....  4713.736224: do_swap_page: swapin tgid 1996 pid 1996 name "droid.launcher3" vma 9e5c7000
           <...>-1362  [004] ....  4713.736247: do_swap_page: swapin tgid 1340 pid 1362 name "android.ui" vma 9e8c2000
           <...>-1362  [004] ....  4713.736252: do_swap_page: swapin tgid 1340 pid 1362 name "android.ui" vma 9e674000
           <...>-1362  [004] ....  4713.736255: do_swap_page: swapin tgid 1340 pid 1362 name "android.ui" vma 9e8ee000
  HwBinder:604_1-637   [004] ....  4713.736305: do_swap_page: swapin tgid 604 pid 637 name "HwBinder:604_1" vma 7fb4496000
  HwBinder:604_1-637   [004] ....  4713.736311: do_swap_page: swapin tgid 604 pid 637 name "HwBinder:604_1" vma 7fb4497000
     logd.writer-567   [004] ....  4713.736351: do_swap_page: swapin tgid 557 pid 567 name "logd.writer" vma 7fbbe0b000
     logd.writer-567   [004] ....  4713.736360: do_swap_page: swapin tgid 557 pid 567 name "logd.writer" vma 7fbbe13000
     logd.writer-567   [004] ....  4713.736362: do_swap_page: swapin tgid 557 pid 567 name "logd.writer" vma 7fbbe1c000
  HwBinder:604_1-637   [004] ....  4713.736515: do_swap_page: swapin tgid 604 pid 637 name "HwBinder:604_1" vma 7fb4497000
  HwBinder:604_1-637   [004] ....  4713.736521: do_swap_page: swapin tgid 604 pid 637 name "HwBinder:604_1" vma 7fb8239000
  HwBinder:604_1-637   [004] ....  4713.736537: do_swap_page: swapin tgid 604 pid 637 name "HwBinder:604_1" vma 7fb44b5000
           <...>-2378  [004] ....  4713.736562: do_swap_page: swapin tgid 816 pid 2378 name "NodeLooperThrea" vma 7fbf5e3000
           <...>-2378  [004] ....  4713.736593: do_swap_page: swapin tgid 816 pid 2378 name "NodeLooperThrea" vma 7fbdbbd000
  HwBinder:604_1-637   [004] ....  4713.736771: do_swap_page: swapin tgid 604 pid 637 name "HwBinder:604_1" vma 7fb44b5000
  HwBinder:604_1-637   [004] ....  4713.736777: do_swap_page: swapin tgid 604 pid 637 name "HwBinder:604_1" vma 7fb8238000
  HwBinder:604_1-637   [004] ....  4713.736785: do_swap_page: swapin tgid 604 pid 637 name "HwBinder:604_1" vma 7fb44d3000
           <...>-1996  [004] ....  4713.736845: do_swap_page: swapin tgid 1996 pid 1996 name "droid.launcher3" vma 9e5c7000
           <...>-1996  [004] ....  4713.736852: do_swap_page: swapin tgid 1996 pid 1996 name "droid.launcher3" vma 9e6b5000
           <...>-1996  [004] ....  4713.736858: do_swap_page: swapin tgid 1996 pid 1996 name "droid.launcher3" vma 7f2de52000
           <...>-1362  [004] ....  4713.736877: do_swap_page: swapin tgid 1340 pid 1362 name "android.ui" vma 9e8ee000
           <...>-1362  [004] ....  4713.736881: do_swap_page: swapin tgid 1340 pid 1362 name "android.ui" vma 9e7b7000
  HwBinder:604_1-637   [004] ....  4713.736906: do_swap_page: swapin tgid 604 pid 637 name "HwBinder:604_1" vma 7fb44d3000
  HwBinder:604_1-637   [004] ....  4713.736913: do_swap_page: swapin tgid 604 pid 637 name "HwBinder:604_1" vma 7fb44b6000
 ndroid.systemui-1665  [004] ....  4713.736968: do_swap_page: swapin tgid 1665 pid 1665 name "ndroid.systemui" vma 9e7d4000
 ndroid.systemui-1665  [004] ....  4713.736996: do_swap_page: swapin tgid 1665 pid 1665 name "ndroid.systemui" vma 13686000
 ndroid.systemui-1665  [004] ....  4713.737004: do_swap_page: swapin tgid 1665 pid 1665 name "ndroid.systemui" vma 13334000
 ndroid.systemui-1665  [004] ....  4713.737009: do_swap_page: swapin tgid 1665 pid 1665 name "ndroid.systemui" vma 7eb8900000
 ndroid.systemui-1665  [004] ....  4713.737024: do_swap_page: swapin tgid 1665 pid 1665 name "ndroid.systemui" vma 9e7b3000
     logd.writer-567   [004] ....  4713.737049: do_swap_page: swapin tgid 557 pid 567 name "logd.writer" vma 7fbbe1c000
     logd.writer-567   [004] ....  4713.737056: do_swap_page: swapin tgid 557 pid 567 name "logd.writer" vma 7fb270b000
     logd.writer-567   [004] ....  4713.737063: do_swap_page: swapin tgid 557 pid 567 name "logd.writer" vma 7fb269b000
     logd.writer-567   [004] ....  4713.737064: do_swap_page: swapin tgid 557 pid 567 name "logd.writer" vma 7fbbe08000
     logd.writer-567   [004] ....  4713.737069: do_swap_page: swapin tgid 557 pid 567 name "logd.writer" vma 7fbbe33000
  HwBinder:604_1-637   [004] ....  4713.737108: do_swap_page: swapin tgid 604 pid 637 name "HwBinder:604_1" vma 7fb44b6000
  HwBinder:604_1-637   [004] ....  4713.737114: do_swap_page: swapin tgid 604 pid 637 name "HwBinder:604_1" vma 7fb44b7000
           <...>-1362  [004] ....  4713.737175: do_swap_page: swapin tgid 1340 pid 1362 name "android.ui" vma 9e7b7000
           <...>-1362  [004] ....  4713.737182: do_swap_page: swapin tgid 1340 pid 1362 name "android.ui" vma 1366f000
           <...>-1362  [004] ....  4713.737186: do_swap_page: swapin tgid 1340 pid 1362 name "android.ui" vma 9e5dd000
           <...>-1362  [004] ....  4713.737194: do_swap_page: swapin tgid 1340 pid 1362 name "android.ui" vma 7ec843a000
           <...>-1362  [004] ....  4713.737221: do_swap_page: swapin tgid 1340 pid 1362 name "android.ui" vma 7ec8366000
           <...>-1362  [004] ....  4713.737225: do_swap_page: swapin tgid 1340 pid 1362 name "android.ui" vma 13821000
           <...>-1362  [004] ....  4713.737248: do_swap_page: swapin tgid 1340 pid 1362 name "android.ui" vma 7e69f2c000
           <...>-1362  [004] ....  4713.737270: do_swap_page: swapin tgid 1340 pid 1362 name "android.ui" vma 9e698000
           <...>-1362  [004] ....  4713.737277: do_swap_page: swapin tgid 1340 pid 1362 name "android.ui" vma 7f2afa4000
           <...>-1996  [004] ....  4713.737323: do_swap_page: swapin tgid 1996 pid 1996 name "droid.launcher3" vma 7f2de52000
           <...>-1996  [004] ....  4713.737329: do_swap_page: swapin tgid 1996 pid 1996 name "droid.launcher3" vma 9e6bf000
           <...>-1996  [004] ....  4713.737333: do_swap_page: swapin tgid 1996 pid 1996 name "droid.launcher3" vma 9e5c8000
           <...>-1996  [004] ....  4713.737335: do_swap_page: swapin tgid 1996 pid 1996 name "droid.launcher3" vma 7f2de53000
           <...>-1996  [004] ....  4713.737339: do_swap_page: swapin tgid 1996 pid 1996 name "droid.launcher3" vma 9e605000
 ndroid.systemui-1665  [004] ....  4713.737361: do_swap_page: swapin tgid 1665 pid 1665 name "ndroid.systemui" vma 9e7b3000
 ndroid.systemui-1665  [004] ....  4713.737370: do_swap_page: swapin tgid 1665 pid 1665 name "ndroid.systemui" vma 9e890000
  HwBinder:604_1-637   [004] ....  4713.737436: do_swap_page: swapin tgid 604 pid 637 name "HwBinder:604_1" vma 7fb44b7000
