           <...>-3005  [004] ....  5643.410688: do_swap_page: swapin tgid 2967 pid 3005 name "Binder:2967_3" vma 7eaff98000
           <...>-6783  [004] ....  5643.410740: do_swap_page: swapin tgid 6761 pid 6783 name "Binder:6761_3" vma f7ae3000
           <...>-6783  [004] ....  5643.410748: do_swap_page: swapin tgid 6761 pid 6783 name "Binder:6761_3" vma f7a1a000
 ell.clashroyale-6611  [004] ....  5643.410952: do_swap_page: swapin tgid 6611 pid 6611 name "ell.clashroyale" vma 7fbe181000
 ell.clashroyale-6611  [004] ....  5643.410973: do_swap_page: swapin tgid 6611 pid 6611 name "ell.clashroyale" vma 7fbb755000
           <...>-1996  [004] ....  5643.411026: do_swap_page: swapin tgid 1996 pid 1996 name "droid.launcher3" vma 132dc000
           <...>-1996  [004] ....  5643.411049: do_swap_page: swapin tgid 1996 pid 1996 name "droid.launcher3" vma 132db000
   Binder:1340_E-3956  [004] ....  5643.411140: do_swap_page: swapin tgid 1340 pid 3956 name "Binder:1340_E" vma 7ed0bc4000
           <...>-6783  [004] ....  5643.411310: do_swap_page: swapin tgid 6761 pid 6783 name "Binder:6761_3" vma f7a1a000
           <...>-6783  [004] ....  5643.411346: do_swap_page: swapin tgid 6761 pid 6783 name "Binder:6761_3" vma f0e87000
           <...>-6783  [004] ....  5643.411352: do_swap_page: swapin tgid 6761 pid 6783 name "Binder:6761_3" vma e1fab000
           <...>-6783  [004] ....  5643.411356: do_swap_page: swapin tgid 6761 pid 6783 name "Binder:6761_3" vma f7b14000
 ell.clashroyale-6611  [004] ....  5643.411376: do_swap_page: swapin tgid 6611 pid 6611 name "ell.clashroyale" vma 7fbb755000
 ell.clashroyale-6611  [004] ....  5643.411417: do_swap_page: swapin tgid 6611 pid 6611 name "ell.clashroyale" vma 130df000
 ell.clashroyale-6611  [004] ....  5643.411422: do_swap_page: swapin tgid 6611 pid 6611 name "ell.clashroyale" vma 130e0000
 ell.clashroyale-6611  [004] ....  5643.411433: do_swap_page: swapin tgid 6611 pid 6611 name "ell.clashroyale" vma 7f28bbe000
 ell.clashroyale-6611  [004] ....  5643.411437: do_swap_page: swapin tgid 6611 pid 6611 name "ell.clashroyale" vma 7f28bbf000
 ell.clashroyale-6611  [004] ....  5643.411483: do_swap_page: swapin tgid 6611 pid 6611 name "ell.clashroyale" vma 130cc000
 ell.clashroyale-6611  [004] ....  5643.411487: do_swap_page: swapin tgid 6611 pid 6611 name "ell.clashroyale" vma 130cd000
 ell.clashroyale-6611  [004] ....  5643.411489: do_swap_page: swapin tgid 6611 pid 6611 name "ell.clashroyale" vma 12fbd000
 ell.clashroyale-6611  [004] ....  5643.411495: do_swap_page: swapin tgid 6611 pid 6611 name "ell.clashroyale" vma 1342b000
 ell.clashroyale-6611  [004] ....  5643.411505: do_swap_page: swapin tgid 6611 pid 6611 name "ell.clashroyale" vma 7270d000
 ell.clashroyale-6611  [004] ....  5643.411508: do_swap_page: swapin tgid 6611 pid 6611 name "ell.clashroyale" vma 72705000
 ell.clashroyale-6611  [004] ....  5643.411511: do_swap_page: swapin tgid 6611 pid 6611 name "ell.clashroyale" vma 72707000
 ell.clashroyale-6611  [004] ....  5643.411514: do_swap_page: swapin tgid 6611 pid 6611 name "ell.clashroyale" vma 725ad000
 ell.clashroyale-6611  [004] ....  5643.411521: do_swap_page: swapin tgid 6611 pid 6611 name "ell.clashroyale" vma 130dc000
 ell.clashroyale-6611  [004] ....  5643.411523: do_swap_page: swapin tgid 6611 pid 6611 name "ell.clashroyale" vma 130cf000
 ell.clashroyale-6611  [004] ....  5643.411525: do_swap_page: swapin tgid 6611 pid 6611 name "ell.clashroyale" vma 130d0000
 ell.clashroyale-6611  [004] ....  5643.411528: do_swap_page: swapin tgid 6611 pid 6611 name "ell.clashroyale" vma 12f50000
 ell.clashroyale-6611  [004] ....  5643.411534: do_swap_page: swapin tgid 6611 pid 6611 name "ell.clashroyale" vma 130d5000
 ell.clashroyale-6611  [004] ....  5643.411535: do_swap_page: swapin tgid 6611 pid 6611 name "ell.clashroyale" vma 130d6000
 ell.clashroyale-6611  [004] ....  5643.411538: do_swap_page: swapin tgid 6611 pid 6611 name "ell.clashroyale" vma 130d1000
 ell.clashroyale-6611  [004] ....  5643.411540: do_swap_page: swapin tgid 6611 pid 6611 name "ell.clashroyale" vma 12f52000
 ell.clashroyale-6611  [004] ....  5643.411541: do_swap_page: swapin tgid 6611 pid 6611 name "ell.clashroyale" vma 12f53000
 ell.clashroyale-6611  [004] ....  5643.411547: do_swap_page: swapin tgid 6611 pid 6611 name "ell.clashroyale" vma 12f51000
 ell.clashroyale-6611  [004] ....  5643.411561: do_swap_page: swapin tgid 6611 pid 6611 name "ell.clashroyale" vma 7eb7158000
    RenderThread-6657  [004] ....  5643.411583: do_swap_page: swapin tgid 6611 pid 6657 name "RenderThread" vma 7f28afd000
    RenderThread-6657  [004] ....  5643.411588: do_swap_page: swapin tgid 6611 pid 6657 name "RenderThread" vma 7e888c4000
    RenderThread-6657  [004] ....  5643.411593: do_swap_page: swapin tgid 6611 pid 6657 name "RenderThread" vma 7eb729f000
    RenderThread-6657  [004] ....  5643.411597: do_swap_page: swapin tgid 6611 pid 6657 name "RenderThread" vma 7f28a80000
    RenderThread-6657  [004] ....  5643.411604: do_swap_page: swapin tgid 6611 pid 6657 name "RenderThread" vma 7fbe177000
    RenderThread-6657  [004] ....  5643.411607: do_swap_page: swapin tgid 6611 pid 6657 name "RenderThread" vma 7ece6a6000
    RenderThread-6657  [004] ....  5643.411611: do_swap_page: swapin tgid 6611 pid 6657 name "RenderThread" vma 7eb7179000
    RenderThread-6657  [004] ....  5643.411617: do_swap_page: swapin tgid 6611 pid 6657 name "RenderThread" vma 7eb714e000
    RenderThread-6657  [004] ....  5643.411620: do_swap_page: swapin tgid 6611 pid 6657 name "RenderThread" vma 7f28bbc000
           <...>-1996  [004] ....  5643.411658: do_swap_page: swapin tgid 1996 pid 1996 name "droid.launcher3" vma 132db000
    RenderThread-6657  [004] ....  5643.412009: do_swap_page: swapin tgid 6611 pid 6657 name "RenderThread" vma 7f28bbc000
    RenderThread-6657  [004] ....  5643.412016: do_swap_page: swapin tgid 6611 pid 6657 name "RenderThread" vma 7e888e7000
    RenderThread-6657  [004] ....  5643.412024: do_swap_page: swapin tgid 6611 pid 6657 name "RenderThread" vma 7f2d273000
    RenderThread-6657  [004] ....  5643.412028: do_swap_page: swapin tgid 6611 pid 6657 name "RenderThread" vma 7eb7154000
    RenderThread-6657  [004] ....  5643.412031: do_swap_page: swapin tgid 6611 pid 6657 name "RenderThread" vma 7fbe231000
    RenderThread-6657  [004] ....  5643.412035: do_swap_page: swapin tgid 6611 pid 6657 name "RenderThread" vma 7fbe26e000
    RenderThread-6657  [004] ....  5643.412042: do_swap_page: swapin tgid 6611 pid 6657 name "RenderThread" vma 7fbb237000
    RenderThread-6657  [004] ....  5643.412047: do_swap_page: swapin tgid 6611 pid 6657 name "RenderThread" vma 7f1f97e000
           <...>-6783  [004] ....  5643.412079: do_swap_page: swapin tgid 6761 pid 6783 name "Binder:6761_3" vma f7b14000
   Binder:6611_1-6628  [004] ....  5643.412155: do_swap_page: swapin tgid 6611 pid 6628 name "Binder:6611_1" vma 1342f000
           <...>-1996  [004] .n..  5643.412215: do_swap_page: swapin tgid 1996 pid 1996 name "droid.launcher3" vma 9e6cc000
    RenderThread-6657  [004] ....  5643.412221: do_swap_page: swapin tgid 6611 pid 6657 name "RenderThread" vma 7f1f97e000
    RenderThread-6657  [004] ....  5643.412228: do_swap_page: swapin tgid 6611 pid 6657 name "RenderThread" vma 7ece621000
    RenderThread-6657  [004] ....  5643.412230: do_swap_page: swapin tgid 6611 pid 6657 name "RenderThread" vma 7ece6b9000
    RenderThread-6657  [004] ....  5643.412232: do_swap_page: swapin tgid 6611 pid 6657 name "RenderThread" vma 7f28afc000
    RenderThread-6657  [004] ....  5643.412234: do_swap_page: swapin tgid 6611 pid 6657 name "RenderThread" vma 7ece6c2000
    RenderThread-6657  [004] ....  5643.412236: do_swap_page: swapin tgid 6611 pid 6657 name "RenderThread" vma 7ece582000
    RenderThread-6657  [004] ....  5643.412391: do_swap_page: swapin tgid 6611 pid 6657 name "RenderThread" vma 7eb714a000
    RenderThread-6657  [004] ....  5643.412396: do_swap_page: swapin tgid 6611 pid 6657 name "RenderThread" vma 7ece6b5000
    RenderThread-6657  [004] ....  5643.412397: do_swap_page: swapin tgid 6611 pid 6657 name "RenderThread" vma 7f28b2c000
    RenderThread-6657  [004] ....  5643.412399: do_swap_page: swapin tgid 6611 pid 6657 name "RenderThread" vma 7ece5ea000
    RenderThread-6657  [004] ....  5643.412523: do_swap_page: swapin tgid 6611 pid 6657 name "RenderThread" vma 7ece5ea000
    RenderThread-6657  [004] ....  5643.412528: do_swap_page: swapin tgid 6611 pid 6657 name "RenderThread" vma 7eb714c000
    RenderThread-6657  [004] ....  5643.412531: do_swap_page: swapin tgid 6611 pid 6657 name "RenderThread" vma 7ece6b8000
    RenderThread-6657  [004] ....  5643.412532: do_swap_page: swapin tgid 6611 pid 6657 name "RenderThread" vma 7ece6a0000
    RenderThread-6657  [004] ....  5643.412540: do_swap_page: swapin tgid 6611 pid 6657 name "RenderThread" vma 7ece6a2000
    RenderThread-6657  [004] ....  5643.412544: do_swap_page: swapin tgid 6611 pid 6657 name "RenderThread" vma 7eb722e000
    RenderThread-6657  [004] ....  5643.412548: do_swap_page: swapin tgid 6611 pid 6657 name "RenderThread" vma 7ece5e7000
    RenderThread-6657  [004] ....  5643.412668: do_swap_page: swapin tgid 6611 pid 6657 name "RenderThread" vma 7ece5e7000
    RenderThread-6657  [004] ....  5643.412674: do_swap_page: swapin tgid 6611 pid 6657 name "RenderThread" vma 7f289be000
    RenderThread-6657  [004] ....  5643.412678: do_swap_page: swapin tgid 6611 pid 6657 name "RenderThread" vma 7ece6ae000
    RenderThread-6657  [004] ....  5643.412680: do_swap_page: swapin tgid 6611 pid 6657 name "RenderThread" vma 7eb7035000
    RenderThread-6657  [004] ....  5643.412688: do_swap_page: swapin tgid 6611 pid 6657 name "RenderThread" vma 7f39837000
    RenderThread-6657  [004] ....  5643.412691: do_swap_page: swapin tgid 6611 pid 6657 name "RenderThread" vma 7f39805000
    RenderThread-6657  [004] ....  5643.412695: do_swap_page: swapin tgid 6611 pid 6657 name "RenderThread" vma 7f39844000
    RenderThread-6657  [004] ....  5643.412698: do_swap_page: swapin tgid 6611 pid 6657 name "RenderThread" vma 7f39842000
    RenderThread-6657  [004] ....  5643.412701: do_swap_page: swapin tgid 6611 pid 6657 name "RenderThread" vma 7f39849000
    RenderThread-6657  [004] ....  5643.412705: do_swap_page: swapin tgid 6611 pid 6657 name "RenderThread" vma 7f3984b000
    RenderThread-6657  [004] ....  5643.412707: do_swap_page: swapin tgid 6611 pid 6657 name "RenderThread" vma 7f3983b000
    RenderThread-6657  [004] ....  5643.412710: do_swap_page: swapin tgid 6611 pid 6657 name "RenderThread" vma 7f39810000
    RenderThread-6657  [004] ....  5643.412717: do_swap_page: swapin tgid 6611 pid 6657 name "RenderThread" vma 7f3980f000
    RenderThread-6657  [004] ....  5643.412727: do_swap_page: swapin tgid 6611 pid 6657 name "RenderThread" vma 7ece592000
    RenderThread-6657  [004] ....  5643.412730: do_swap_page: swapin tgid 6611 pid 6657 name "RenderThread" vma 7eb7151000
    RenderThread-6657  [004] ....  5643.412765: do_swap_page: swapin tgid 6611 pid 6657 name "RenderThread" vma 7fbe1c7000
    RenderThread-6657  [004] ....  5643.412777: do_swap_page: swapin tgid 6611 pid 6657 name "RenderThread" vma 7f39835000
    RenderThread-6657  [004] ....  5643.412780: do_swap_page: swapin tgid 6611 pid 6657 name "RenderThread" vma 7f3980a000
    RenderThread-6657  [004] ....  5643.412782: do_swap_page: swapin tgid 6611 pid 6657 name "RenderThread" vma 7f39830000
    RenderThread-6657  [004] ....  5643.412786: do_swap_page: swapin tgid 6611 pid 6657 name "RenderThread" vma 7f3982c000
 ell.clashroyale-6611  [004] ....  5643.412799: do_swap_page: swapin tgid 6611 pid 6611 name "ell.clashroyale" vma 130d4000
 ell.clashroyale-6611  [004] ....  5643.412828: do_swap_page: swapin tgid 6611 pid 6611 name "ell.clashroyale" vma 7f31983000
 ell.clashroyale-6611  [004] ....  5643.412841: do_swap_page: swapin tgid 6611 pid 6611 name "ell.clashroyale" vma 7ece3ef000
   Binder:1340_E-3956  [004] ....  5643.416717: do_swap_page: swapin tgid 1340 pid 3956 name "Binder:1340_E" vma 7ec8361000
           <...>-1996  [004] ....  5643.417407: do_swap_page: swapin tgid 1996 pid 1996 name "droid.launcher3" vma 9e6cc000
           <...>-1996  [004] ....  5643.417540: do_swap_page: swapin tgid 1996 pid 1996 name "droid.launcher3" vma 7ec6c76000
           <...>-1996  [004] ....  5643.417568: do_swap_page: swapin tgid 1996 pid 1996 name "droid.launcher3" vma 7ec6d3a000
           <...>-1996  [004] ....  5643.417571: do_swap_page: swapin tgid 1996 pid 1996 name "droid.launcher3" vma 7ec6d3b000
   Binder:1665_1-1687  [004] ....  5643.417780: do_swap_page: swapin tgid 1665 pid 1687 name "Binder:1665_1" vma 13cb1000
           <...>-2488  [004] ....  5643.417960: do_swap_page: swapin tgid 1996 pid 2488 name "RenderThread" vma 7f2d662000
           <...>-2488  [004] ....  5643.417965: do_swap_page: swapin tgid 1996 pid 2488 name "RenderThread" vma 7f2d663000
           <...>-2488  [004] ....  5643.417991: do_swap_page: swapin tgid 1996 pid 2488 name "RenderThread" vma 7fbe1b2000
           <...>-1665  [004] ....  5643.419247: do_swap_page: swapin tgid 1665 pid 1665 name "ndroid.systemui" vma 9e87a000
 ell.clashroyale-6611  [004] ....  5643.419612: do_swap_page: swapin tgid 6611 pid 6611 name "ell.clashroyale" vma 7f34f99000
 ell.clashroyale-6611  [004] ....  5643.419659: do_swap_page: swapin tgid 6611 pid 6611 name "ell.clashroyale" vma 725ae000
 ell.clashroyale-6611  [004] ....  5643.419664: do_swap_page: swapin tgid 6611 pid 6611 name "ell.clashroyale" vma 726a4000
           <...>-1665  [004] ....  5643.419718: do_swap_page: swapin tgid 1665 pid 1665 name "ndroid.systemui" vma 9e87a000
           <...>-1665  [004] ....  5643.419728: do_swap_page: swapin tgid 1665 pid 1665 name "ndroid.systemui" vma 9e885000
 ell.clashroyale-6611  [004] ....  5643.419880: do_swap_page: swapin tgid 6611 pid 6611 name "ell.clashroyale" vma 726a4000
 ell.clashroyale-6611  [004] ....  5643.419898: do_swap_page: swapin tgid 6611 pid 6611 name "ell.clashroyale" vma 7270e000
 ell.clashroyale-6611  [004] ....  5643.419906: do_swap_page: swapin tgid 6611 pid 6611 name "ell.clashroyale" vma 7fbe167000
 ell.clashroyale-6611  [004] ....  5643.419909: do_swap_page: swapin tgid 6611 pid 6611 name "ell.clashroyale" vma 7f35116000
 ell.clashroyale-6611  [004] ....  5643.419913: do_swap_page: swapin tgid 6611 pid 6611 name "ell.clashroyale" vma 7fbe17a000
 ell.clashroyale-6611  [004] ....  5643.419917: do_swap_page: swapin tgid 6611 pid 6611 name "ell.clashroyale" vma 7f33f4b000
 ell.clashroyale-6611  [004] ....  5643.419974: do_swap_page: swapin tgid 6611 pid 6611 name "ell.clashroyale" vma 12fb3000
 ell.clashroyale-6611  [004] ....  5643.420082: do_swap_page: swapin tgid 6611 pid 6611 name "ell.clashroyale" vma 1308c000
 ell.clashroyale-6611  [004] ....  5643.420118: do_swap_page: swapin tgid 6611 pid 6611 name "ell.clashroyale" vma 13089000
 ell.clashroyale-6611  [004] ....  5643.420174: do_swap_page: swapin tgid 6611 pid 6611 name "ell.clashroyale" vma 9e5c6000
 ell.clashroyale-6611  [004] ....  5643.420185: do_swap_page: swapin tgid 6611 pid 6611 name "ell.clashroyale" vma 130dd000
 ell.clashroyale-6611  [004] ....  5643.420190: do_swap_page: swapin tgid 6611 pid 6611 name "ell.clashroyale" vma 9e5bf000
 ell.clashroyale-6611  [004] ....  5643.420193: do_swap_page: swapin tgid 6611 pid 6611 name "ell.clashroyale" vma 12f6d000
 ell.clashroyale-6611  [004] ....  5643.420195: do_swap_page: swapin tgid 6611 pid 6611 name "ell.clashroyale" vma 9e5a5000
 ell.clashroyale-6611  [004] ....  5643.420202: do_swap_page: swapin tgid 6611 pid 6611 name "ell.clashroyale" vma 7ece42e000
    RenderThread-6657  [004] ....  5643.420218: do_swap_page: swapin tgid 6611 pid 6657 name "RenderThread" vma 7ece5cc000
 ell.clashroyale-6611  [004] ....  5643.420254: do_swap_page: swapin tgid 6611 pid 6611 name "ell.clashroyale" vma 9e5a1000
 ell.clashroyale-6611  [004] ....  5643.420258: do_swap_page: swapin tgid 6611 pid 6611 name "ell.clashroyale" vma 9e5e5000
 ell.clashroyale-6611  [004] ....  5643.420964: do_swap_page: swapin tgid 6611 pid 6611 name "ell.clashroyale" vma 9e5e5000
 ell.clashroyale-6611  [004] ....  5643.420969: do_swap_page: swapin tgid 6611 pid 6611 name "ell.clashroyale" vma 9e706000
           <...>-1665  [004] ....  5643.421031: do_swap_page: swapin tgid 1665 pid 1665 name "ndroid.systemui" vma 9e885000
 ell.clashroyale-6611  [004] ....  5643.421136: do_swap_page: swapin tgid 6611 pid 6611 name "ell.clashroyale" vma 9e706000
 ell.clashroyale-6611  [004] ....  5643.421142: do_swap_page: swapin tgid 6611 pid 6611 name "ell.clashroyale" vma 9e741000
 ell.clashroyale-6611  [004] ....  5643.421881: do_swap_page: swapin tgid 6611 pid 6611 name "ell.clashroyale" vma 9e741000
 ell.clashroyale-6611  [004] ....  5643.421887: do_swap_page: swapin tgid 6611 pid 6611 name "ell.clashroyale" vma 9e73b000
 ell.clashroyale-6611  [004] ....  5643.422060: do_swap_page: swapin tgid 6611 pid 6611 name "ell.clashroyale" vma 9e73b000
 ell.clashroyale-6611  [004] ....  5643.422066: do_swap_page: swapin tgid 6611 pid 6611 name "ell.clashroyale" vma 9e5a3000
 ell.clashroyale-6611  [004] ....  5643.422068: do_swap_page: swapin tgid 6611 pid 6611 name "ell.clashroyale" vma 9e5a2000
 ell.clashroyale-6611  [004] ....  5643.422202: do_swap_page: swapin tgid 6611 pid 6611 name "ell.clashroyale" vma 9e5a2000
 ell.clashroyale-6611  [004] ....  5643.422212: do_swap_page: swapin tgid 6611 pid 6611 name "ell.clashroyale" vma 12fb4000
 ell.clashroyale-6611  [004] ....  5643.422221: do_swap_page: swapin tgid 6611 pid 6611 name "ell.clashroyale" vma 9e78c000
 ell.clashroyale-6611  [004] ....  5643.422226: do_swap_page: swapin tgid 6611 pid 6611 name "ell.clashroyale" vma 7ebfd60000
 ell.clashroyale-6611  [004] ....  5643.422230: do_swap_page: swapin tgid 6611 pid 6611 name "ell.clashroyale" vma 9e78a000
 ell.clashroyale-6611  [004] ....  5643.422233: do_swap_page: swapin tgid 6611 pid 6611 name "ell.clashroyale" vma 9e787000
 ell.clashroyale-6611  [004] ....  5643.422274: do_swap_page: swapin tgid 6611 pid 6611 name "ell.clashroyale" vma 1308a000
 ell.clashroyale-6611  [004] ....  5643.422283: do_swap_page: swapin tgid 6611 pid 6611 name "ell.clashroyale" vma 7ea2909000
 ell.clashroyale-6611  [004] ....  5643.422287: do_swap_page: swapin tgid 6611 pid 6611 name "ell.clashroyale" vma 7ea290a000
 ell.clashroyale-6611  [004] ....  5643.422301: do_swap_page: swapin tgid 6611 pid 6611 name "ell.clashroyale" vma 7fbf5e3000
           <...>-1996  [004] ....  5643.422350: do_swap_page: swapin tgid 1996 pid 1996 name "droid.launcher3" vma 9e69b000
           <...>-1996  [004] ....  5643.422372: do_swap_page: swapin tgid 1996 pid 1996 name "droid.launcher3" vma 9e754000
 ell.clashroyale-6611  [004] ....  5643.422484: do_swap_page: swapin tgid 6611 pid 6611 name "ell.clashroyale" vma 7fbf5e3000
 ell.clashroyale-6611  [004] ....  5643.422495: do_swap_page: swapin tgid 6611 pid 6611 name "ell.clashroyale" vma 7fbaaac000
 ell.clashroyale-6611  [004] ....  5643.422498: do_swap_page: swapin tgid 6611 pid 6611 name "ell.clashroyale" vma 7fbe191000
 ell.clashroyale-6611  [004] ....  5643.422669: do_swap_page: swapin tgid 6611 pid 6611 name "ell.clashroyale" vma 7fbe191000
 ell.clashroyale-6611  [004] ....  5643.422676: do_swap_page: swapin tgid 6611 pid 6611 name "ell.clashroyale" vma 7ece5bf000
 ell.clashroyale-6611  [004] ....  5643.422818: do_swap_page: swapin tgid 6611 pid 6611 name "ell.clashroyale" vma 7ece5bf000
 ell.clashroyale-6611  [004] ....  5643.422825: do_swap_page: swapin tgid 6611 pid 6611 name "ell.clashroyale" vma 7fbe229000
 ell.clashroyale-6611  [004] ....  5643.422894: do_swap_page: swapin tgid 6611 pid 6611 name "ell.clashroyale" vma 12f6b000
 ell.clashroyale-6611  [004] ....  5643.422897: do_swap_page: swapin tgid 6611 pid 6611 name "ell.clashroyale" vma 9e59c000
 ell.clashroyale-6611  [004] ....  5643.422899: do_swap_page: swapin tgid 6611 pid 6611 name "ell.clashroyale" vma 9e5e7000
 ell.clashroyale-6611  [004] ....  5643.423123: do_swap_page: swapin tgid 6611 pid 6611 name "ell.clashroyale" vma 9e5e7000
 ell.clashroyale-6611  [004] ....  5643.423128: do_swap_page: swapin tgid 6611 pid 6611 name "ell.clashroyale" vma 9e702000
 ell.clashroyale-6611  [004] ....  5643.423239: do_swap_page: swapin tgid 6611 pid 6611 name "ell.clashroyale" vma 9e702000
 ell.clashroyale-6611  [004] ....  5643.423246: do_swap_page: swapin tgid 6611 pid 6611 name "ell.clashroyale" vma 9e6c5000
 ell.clashroyale-6611  [004] ....  5643.423248: do_swap_page: swapin tgid 6611 pid 6611 name "ell.clashroyale" vma 130a2000
 ell.clashroyale-6611  [004] ....  5643.423251: do_swap_page: swapin tgid 6611 pid 6611 name "ell.clashroyale" vma 9e5fc000
 ell.clashroyale-6611  [004] ....  5643.423253: do_swap_page: swapin tgid 6611 pid 6611 name "ell.clashroyale" vma 9e5e6000
 ell.clashroyale-6611  [004] ....  5643.423397: do_swap_page: swapin tgid 6611 pid 6611 name "ell.clashroyale" vma 9e5e6000
 ell.clashroyale-6611  [004] ....  5643.423401: do_swap_page: swapin tgid 6611 pid 6611 name "ell.clashroyale" vma 9e704000
 ell.clashroyale-6611  [004] ....  5643.423527: do_swap_page: swapin tgid 6611 pid 6611 name "ell.clashroyale" vma 9e704000
 ell.clashroyale-6611  [004] ....  5643.423532: do_swap_page: swapin tgid 6611 pid 6611 name "ell.clashroyale" vma 9e682000
 ell.clashroyale-6611  [004] ....  5643.423535: do_swap_page: swapin tgid 6611 pid 6611 name "ell.clashroyale" vma 9e5f6000
 ell.clashroyale-6611  [004] ....  5643.423541: do_swap_page: swapin tgid 6611 pid 6611 name "ell.clashroyale" vma 9e5e8000
 ell.clashroyale-6611  [004] ....  5643.423660: do_swap_page: swapin tgid 6611 pid 6611 name "ell.clashroyale" vma 9e5e8000
 ell.clashroyale-6611  [004] ....  5643.423665: do_swap_page: swapin tgid 6611 pid 6611 name "ell.clashroyale" vma 9e700000
 android.display-1364  [004] ....  5643.423689: do_swap_page: swapin tgid 1340 pid 1364 name "android.display" vma 7fbe23e000
 ell.clashroyale-6611  [004] ....  5643.423813: do_swap_page: swapin tgid 6611 pid 6611 name "ell.clashroyale" vma 9e700000
 ell.clashroyale-6611  [004] ....  5643.423819: do_swap_page: swapin tgid 6611 pid 6611 name "ell.clashroyale" vma 9e699000
 ell.clashroyale-6611  [004] ....  5643.423821: do_swap_page: swapin tgid 6611 pid 6611 name "ell.clashroyale" vma 9e617000
 ell.clashroyale-6611  [004] ....  5643.423822: do_swap_page: swapin tgid 6611 pid 6611 name "ell.clashroyale" vma 9e5dc000
 ell.clashroyale-6611  [004] ....  5643.426169: do_swap_page: swapin tgid 6611 pid 6611 name "ell.clashroyale" vma 9e5dc000
 ell.clashroyale-6611  [004] ....  5643.426179: do_swap_page: swapin tgid 6611 pid 6611 name "ell.clashroyale" vma 9e719000
 ell.clashroyale-6611  [004] ....  5643.426306: do_swap_page: swapin tgid 6611 pid 6611 name "ell.clashroyale" vma 9e719000
 ell.clashroyale-6611  [004] ....  5643.426311: do_swap_page: swapin tgid 6611 pid 6611 name "ell.clashroyale" vma 9e743000
 ell.clashroyale-6611  [004] ....  5643.426450: do_swap_page: swapin tgid 6611 pid 6611 name "ell.clashroyale" vma 9e743000
 ell.clashroyale-6611  [004] ....  5643.426456: do_swap_page: swapin tgid 6611 pid 6611 name "ell.clashroyale" vma 9e73d000
    Binder:601_3-729   [004] ....  5643.426509: do_swap_page: swapin tgid 601 pid 729 name "Binder:601_3" vma 7fba68c000
 ell.clashroyale-6611  [004] ....  5643.426583: do_swap_page: swapin tgid 6611 pid 6611 name "ell.clashroyale" vma 9e73d000
 ell.clashroyale-6611  [004] ....  5643.426588: do_swap_page: swapin tgid 6611 pid 6611 name "ell.clashroyale" vma 12fb5000
 ell.clashroyale-6611  [004] ....  5643.426591: do_swap_page: swapin tgid 6611 pid 6611 name "ell.clashroyale" vma 9e622000
 ell.clashroyale-6611  [004] ....  5643.426594: do_swap_page: swapin tgid 6611 pid 6611 name "ell.clashroyale" vma 9e5d7000
 ell.clashroyale-6611  [004] ....  5643.426730: do_swap_page: swapin tgid 6611 pid 6611 name "ell.clashroyale" vma 9e5d7000
 ell.clashroyale-6611  [004] ....  5643.426736: do_swap_page: swapin tgid 6611 pid 6611 name "ell.clashroyale" vma 9e724000
 ell.clashroyale-6611  [004] ....  5643.426853: do_swap_page: swapin tgid 6611 pid 6611 name "ell.clashroyale" vma 9e724000
 ell.clashroyale-6611  [004] ....  5643.426858: do_swap_page: swapin tgid 6611 pid 6611 name "ell.clashroyale" vma 9e744000
 ell.clashroyale-6611  [004] ....  5643.426977: do_swap_page: swapin tgid 6611 pid 6611 name "ell.clashroyale" vma 9e744000
 ell.clashroyale-6611  [004] ....  5643.426982: do_swap_page: swapin tgid 6611 pid 6611 name "ell.clashroyale" vma 9e73e000
 ell.clashroyale-6611  [004] ....  5643.427094: do_swap_page: swapin tgid 6611 pid 6611 name "ell.clashroyale" vma 9e73e000
 ell.clashroyale-6611  [004] ....  5643.427706: do_swap_page: swapin tgid 6611 pid 6611 name "ell.clashroyale" vma 9e6a5000
 ell.clashroyale-6611  [004] ....  5643.427711: do_swap_page: swapin tgid 6611 pid 6611 name "ell.clashroyale" vma 9e5f8000
 ell.clashroyale-6611  [004] ....  5643.427714: do_swap_page: swapin tgid 6611 pid 6611 name "ell.clashroyale" vma 9e67d000
 ell.clashroyale-6611  [004] ....  5643.427717: do_swap_page: swapin tgid 6611 pid 6611 name "ell.clashroyale" vma 9e619000
 ell.clashroyale-6611  [004] ....  5643.427719: do_swap_page: swapin tgid 6611 pid 6611 name "ell.clashroyale" vma 9e5db000
 ell.clashroyale-6611  [004] ....  5643.427846: do_swap_page: swapin tgid 6611 pid 6611 name "ell.clashroyale" vma 9e5db000
 ell.clashroyale-6611  [004] ....  5643.427851: do_swap_page: swapin tgid 6611 pid 6611 name "ell.clashroyale" vma 9e71c000
 ell.clashroyale-6611  [004] ....  5643.427963: do_swap_page: swapin tgid 6611 pid 6611 name "ell.clashroyale" vma 9e71c000
 ell.clashroyale-6611  [004] ....  5643.427969: do_swap_page: swapin tgid 6611 pid 6611 name "ell.clashroyale" vma 9e61d000
 ell.clashroyale-6611  [004] ....  5643.427971: do_swap_page: swapin tgid 6611 pid 6611 name "ell.clashroyale" vma 9e5d9000
 ell.clashroyale-6611  [004] ....  5643.428093: do_swap_page: swapin tgid 6611 pid 6611 name "ell.clashroyale" vma 9e5d9000
 ell.clashroyale-6611  [004] ....  5643.428098: do_swap_page: swapin tgid 6611 pid 6611 name "ell.clashroyale" vma 9e71f000
 ell.clashroyale-6611  [004] ....  5643.428210: do_swap_page: swapin tgid 6611 pid 6611 name "ell.clashroyale" vma 9e71f000
 ell.clashroyale-6611  [004] ....  5643.428215: do_swap_page: swapin tgid 6611 pid 6611 name "ell.clashroyale" vma 9e6a0000
 ell.clashroyale-6611  [004] ....  5643.428219: do_swap_page: swapin tgid 6611 pid 6611 name "ell.clashroyale" vma 12f56000
 ell.clashroyale-6611  [004] ....  5643.428239: do_swap_page: swapin tgid 6611 pid 6611 name "ell.clashroyale" vma 7eb72a4000
 ell.clashroyale-6611  [004] ....  5643.428256: do_swap_page: swapin tgid 6611 pid 6611 name "ell.clashroyale" vma 13401000
      android.ui-1362  [004] ....  5643.428431: do_swap_page: swapin tgid 1340 pid 1362 name "android.ui" vma 7ed0c55000
           <...>-1099  [004] ....  5643.428634: do_swap_page: swapin tgid 910 pid 1099 name "Binder:910_2" vma 7fbb402000
           <...>-1099  [004] ....  5643.428648: do_swap_page: swapin tgid 910 pid 1099 name "Binder:910_2" vma 7fbd762000
           <...>-1099  [004] ....  5643.428651: do_swap_page: swapin tgid 910 pid 1099 name "Binder:910_2" vma 7fbb403000
           <...>-1099  [004] ....  5643.428655: do_swap_page: swapin tgid 910 pid 1099 name "Binder:910_2" vma 7fbd763000
           <...>-1099  [004] ....  5643.428669: do_swap_page: swapin tgid 910 pid 1099 name "Binder:910_2" vma 7fbcdda000
      android.ui-1362  [004] ....  5643.428683: do_swap_page: swapin tgid 1340 pid 1362 name "android.ui" vma 7ed0c55000
      android.ui-1362  [004] ....  5643.428710: do_swap_page: swapin tgid 1340 pid 1362 name "android.ui" vma 9e60e000
           <...>-2453  [004] ....  5643.428748: do_swap_page: swapin tgid 2432 pid 2453 name "Binder:2432_1" vma 7fbe35b000
           <...>-2453  [004] ....  5643.428758: do_swap_page: swapin tgid 2432 pid 2453 name "Binder:2432_1" vma 7f28b28000
 ell.clashroyale-6611  [004] .n..  5643.428961: do_swap_page: swapin tgid 6611 pid 6611 name "ell.clashroyale" vma 12fbe000
 ell.clashroyale-6611  [004] ....  5643.428991: do_swap_page: swapin tgid 6611 pid 6611 name "ell.clashroyale" vma 9e705000
           <...>-2453  [004] ....  5643.429066: do_swap_page: swapin tgid 2432 pid 2453 name "Binder:2432_1" vma 7f28b28000
           <...>-2453  [004] ....  5643.429113: do_swap_page: swapin tgid 2432 pid 2453 name "Binder:2432_1" vma 9e599000
      android.ui-1362  [004] ....  5643.429187: do_swap_page: swapin tgid 1340 pid 1362 name "android.ui" vma 9e60e000
      android.ui-1362  [004] ....  5643.429258: do_swap_page: swapin tgid 1340 pid 1362 name "android.ui" vma 7f28bf5000
           <...>-2453  [004] ....  5643.429288: do_swap_page: swapin tgid 2432 pid 2453 name "Binder:2432_1" vma 9e599000
           <...>-2453  [004] ....  5643.429303: do_swap_page: swapin tgid 2432 pid 2453 name "Binder:2432_1" vma 7fbe168000
           <...>-2453  [004] ....  5643.429307: do_swap_page: swapin tgid 2432 pid 2453 name "Binder:2432_1" vma 7f395f0000
 ell.clashroyale-6611  [004] ....  5643.429333: do_swap_page: swapin tgid 6611 pid 6611 name "ell.clashroyale" vma 9e705000
 ell.clashroyale-6611  [004] ....  5643.429344: do_swap_page: swapin tgid 6611 pid 6611 name "ell.clashroyale" vma 7ed29a3000
 ell.clashroyale-6611  [004] ....  5643.429347: do_swap_page: swapin tgid 6611 pid 6611 name "ell.clashroyale" vma 9e61a000
 ell.clashroyale-6611  [004] ....  5643.429349: do_swap_page: swapin tgid 6611 pid 6611 name "ell.clashroyale" vma 9e5af000
 ell.clashroyale-6611  [004] ....  5643.429355: do_swap_page: swapin tgid 6611 pid 6611 name "ell.clashroyale" vma 725b0000
 ell.clashroyale-6611  [004] ....  5643.429358: do_swap_page: swapin tgid 6611 pid 6611 name "ell.clashroyale" vma 72678000
 ell.clashroyale-6611  [004] ....  5643.429382: do_swap_page: swapin tgid 6611 pid 6611 name "ell.clashroyale" vma 12f73000
 ell.clashroyale-6611  [004] ....  5643.429390: do_swap_page: swapin tgid 6611 pid 6611 name "ell.clashroyale" vma 9e5bb000
 ell.clashroyale-6611  [004] ....  5643.429392: do_swap_page: swapin tgid 6611 pid 6611 name "ell.clashroyale" vma 12f74000
 ell.clashroyale-6611  [004] ....  5643.429393: do_swap_page: swapin tgid 6611 pid 6611 name "ell.clashroyale" vma 9e5c7000
 ell.clashroyale-6611  [004] ....  5643.429398: do_swap_page: swapin tgid 6611 pid 6611 name "ell.clashroyale" vma 9e731000
      android.ui-1362  [004] ....  5643.429441: do_swap_page: swapin tgid 1340 pid 1362 name "android.ui" vma 7f28bf5000
      android.ui-1362  [004] ....  5643.429448: do_swap_page: swapin tgid 1340 pid 1362 name "android.ui" vma 7f234d8000
 android.display-1364  [004] ....  5643.429513: do_swap_page: swapin tgid 1340 pid 1364 name "android.display" vma 7ed187e000
           <...>-2453  [004] ....  5643.429558: do_swap_page: swapin tgid 2432 pid 2453 name "Binder:2432_1" vma 7f395f0000
           <...>-2453  [004] ....  5643.429585: do_swap_page: swapin tgid 2432 pid 2453 name "Binder:2432_1" vma 9e5aa000
           <...>-2453  [004] ....  5643.429590: do_swap_page: swapin tgid 2432 pid 2453 name "Binder:2432_1" vma 9e596000
 ell.clashroyale-6611  [004] ....  5643.429612: do_swap_page: swapin tgid 6611 pid 6611 name "ell.clashroyale" vma 9e731000
 ell.clashroyale-6611  [004] ....  5643.429617: do_swap_page: swapin tgid 6611 pid 6611 name "ell.clashroyale" vma 9e745000
      android.ui-1362  [004] ....  5643.429667: do_swap_page: swapin tgid 1340 pid 1362 name "android.ui" vma 7f234d8000
      android.ui-1362  [004] ....  5643.429796: do_swap_page: swapin tgid 1340 pid 1362 name "android.ui" vma 7f23349000
           <...>-2453  [004] ....  5643.429930: do_swap_page: swapin tgid 2432 pid 2453 name "Binder:2432_1" vma 9e596000
           <...>-2453  [004] ....  5643.429938: do_swap_page: swapin tgid 2432 pid 2453 name "Binder:2432_1" vma 7fbe231000
 ell.clashroyale-6611  [004] ....  5643.429986: do_swap_page: swapin tgid 6611 pid 6611 name "ell.clashroyale" vma 9e745000
 ell.clashroyale-6611  [004] ....  5643.429991: do_swap_page: swapin tgid 6611 pid 6611 name "ell.clashroyale" vma 9e740000
      android.ui-1362  [004] ....  5643.430018: do_swap_page: swapin tgid 1340 pid 1362 name "android.ui" vma 7f23349000
      android.ui-1362  [004] ....  5643.430026: do_swap_page: swapin tgid 1340 pid 1362 name "android.ui" vma 13ffd000
      android.ui-1362  [004] ....  5643.430063: do_swap_page: swapin tgid 1340 pid 1362 name "android.ui" vma 9e8e9000
           <...>-2453  [004] ....  5643.430267: do_swap_page: swapin tgid 2432 pid 2453 name "Binder:2432_1" vma 7fbe231000
           <...>-2453  [004] ....  5643.430275: do_swap_page: swapin tgid 2432 pid 2453 name "Binder:2432_1" vma 7fbe170000
 ell.clashroyale-6611  [004] ....  5643.430302: do_swap_page: swapin tgid 6611 pid 6611 name "ell.clashroyale" vma 9e740000
 ell.clashroyale-6611  [004] ....  5643.430307: do_swap_page: swapin tgid 6611 pid 6611 name "ell.clashroyale" vma 9e6ee000
 ell.clashroyale-6611  [004] ....  5643.430310: do_swap_page: swapin tgid 6611 pid 6611 name "ell.clashroyale" vma 9e639000
 ell.clashroyale-6611  [004] ....  5643.430312: do_swap_page: swapin tgid 6611 pid 6611 name "ell.clashroyale" vma 9e5cb000
 ell.clashroyale-6611  [004] ....  5643.430314: do_swap_page: swapin tgid 6611 pid 6611 name "ell.clashroyale" vma 12f75000
 ell.clashroyale-6611  [004] ....  5643.430316: do_swap_page: swapin tgid 6611 pid 6611 name "ell.clashroyale" vma 9e62a000
 ell.clashroyale-6611  [004] ....  5643.430318: do_swap_page: swapin tgid 6611 pid 6611 name "ell.clashroyale" vma 9e72d000
      android.ui-1362  [004] ....  5643.430345: do_swap_page: swapin tgid 1340 pid 1362 name "android.ui" vma 9e8e9000
           <...>-1481  [004] ....  5643.430643: do_swap_page: swapin tgid 1340 pid 1481 name "tworkPolicy.uid" vma 7e99697000
           <...>-1481  [004] ....  5643.430647: do_swap_page: swapin tgid 1340 pid 1481 name "tworkPolicy.uid" vma 7e99695000
           <...>-1481  [004] ....  5643.430704: do_swap_page: swapin tgid 1340 pid 1481 name "tworkPolicy.uid" vma 7eb4d2e000
           <...>-1481  [004] ....  5643.430709: do_swap_page: swapin tgid 1340 pid 1481 name "tworkPolicy.uid" vma 7eb4d2f000
           <...>-1481  [004] ....  5643.430722: do_swap_page: swapin tgid 1340 pid 1481 name "tworkPolicy.uid" vma 7fbf5e4000
           <...>-9970  [004] ....  5643.430768: do_swap_page: swapin tgid 6158 pid 9970 name "Binder:6158_5" vma 7f28a02000
           <...>-9970  [004] ....  5643.430803: do_swap_page: swapin tgid 6158 pid 9970 name "Binder:6158_5" vma 9e5a0000
           <...>-9885  [004] ....  5643.430876: do_swap_page: swapin tgid 900 pid 9885 name "Binder:900_6" vma f4d29000
           <...>-9885  [004] ....  5643.430910: do_swap_page: swapin tgid 900 pid 9885 name "Binder:900_6" vma f4d00000
           <...>-1519  [004] ....  5643.431011: do_swap_page: swapin tgid 843 pid 1519 name "Binder:843_3" vma 7fbe07e000
           <...>-9970  [004] ....  5643.431134: do_swap_page: swapin tgid 6158 pid 9970 name "Binder:6158_5" vma 9e5a0000
           <...>-9970  [004] ....  5643.431144: do_swap_page: swapin tgid 6158 pid 9970 name "Binder:6158_5" vma 14a10000
           <...>-1481  [004] ....  5643.431172: do_swap_page: swapin tgid 1340 pid 1481 name "tworkPolicy.uid" vma 7fbf5e4000
           <...>-1481  [004] ....  5643.431195: do_swap_page: swapin tgid 1340 pid 1481 name "tworkPolicy.uid" vma 7fbc021000
           <...>-1481  [004] ....  5643.431487: do_swap_page: swapin tgid 1340 pid 1481 name "tworkPolicy.uid" vma 7fbc021000
    Binder:786_2-1125  [004] ....  5643.431741: do_swap_page: swapin tgid 786 pid 1125 name "Binder:786_2" vma 7fb2716000
    Binder:786_2-1125  [004] ....  5643.431747: do_swap_page: swapin tgid 786 pid 1125 name "Binder:786_2" vma 7fb2715000
    Binder:786_2-1125  [004] ....  5643.431784: do_swap_page: swapin tgid 786 pid 1125 name "Binder:786_2" vma 7fbcd1a000
    Binder:786_2-1125  [004] ....  5643.431787: do_swap_page: swapin tgid 786 pid 1125 name "Binder:786_2" vma 7fbcd1b000
           <...>-9970  [004] ....  5643.431840: do_swap_page: swapin tgid 6158 pid 9970 name "Binder:6158_5" vma 14a10000
           <...>-9970  [004] ....  5643.431847: do_swap_page: swapin tgid 6158 pid 9970 name "Binder:6158_5" vma 9e5b4000
           <...>-2453  [004] ....  5643.431879: do_swap_page: swapin tgid 2432 pid 2453 name "Binder:2432_1" vma 7fbe170000
           <...>-2453  [004] ....  5643.431887: do_swap_page: swapin tgid 2432 pid 2453 name "Binder:2432_1" vma 7fbe260000
           <...>-1481  [004] ....  5643.431931: do_swap_page: swapin tgid 1340 pid 1481 name "tworkPolicy.uid" vma 7eb3f11000
           <...>-9970  [004] ....  5643.432158: do_swap_page: swapin tgid 6158 pid 9970 name "Binder:6158_5" vma 9e5b4000
           <...>-9970  [004] ....  5643.432163: do_swap_page: swapin tgid 6158 pid 9970 name "Binder:6158_5" vma 9e5ce000
           <...>-2453  [004] ....  5643.432185: do_swap_page: swapin tgid 2432 pid 2453 name "Binder:2432_1" vma 7fbe260000
           <...>-2453  [004] ....  5643.432194: do_swap_page: swapin tgid 2432 pid 2453 name "Binder:2432_1" vma 1400c000
           <...>-2453  [004] ....  5643.432199: do_swap_page: swapin tgid 2432 pid 2453 name "Binder:2432_1" vma 7fbdd78000
 ell.clashroyale-6611  [004] ....  5643.432225: do_swap_page: swapin tgid 6611 pid 6611 name "ell.clashroyale" vma 9e72d000
 ell.clashroyale-6611  [004] ....  5643.432231: do_swap_page: swapin tgid 6611 pid 6611 name "ell.clashroyale" vma 9e6ad000
 ell.clashroyale-6611  [004] ....  5643.432233: do_swap_page: swapin tgid 6611 pid 6611 name "ell.clashroyale" vma 1309d000
           <...>-9970  [004] ....  5643.432289: do_swap_page: swapin tgid 6158 pid 9970 name "Binder:6158_5" vma 9e5ce000
           <...>-9970  [004] ....  5643.432295: do_swap_page: swapin tgid 6158 pid 9970 name "Binder:6158_5" vma 14a41000
 ell.clashroyale-6611  [004] ....  5643.432348: do_swap_page: swapin tgid 6611 pid 6611 name "ell.clashroyale" vma 9e687000
 ell.clashroyale-6611  [004] ....  5643.432352: do_swap_page: swapin tgid 6611 pid 6611 name "ell.clashroyale" vma 9e602000
 ell.clashroyale-6611  [004] ....  5643.432357: do_swap_page: swapin tgid 6611 pid 6611 name "ell.clashroyale" vma 9e5fd000
 ell.clashroyale-6611  [004] ....  5643.432360: do_swap_page: swapin tgid 6611 pid 6611 name "ell.clashroyale" vma 9e635000
 ell.clashroyale-6611  [004] ....  5643.432362: do_swap_page: swapin tgid 6611 pid 6611 name "ell.clashroyale" vma 9e734000
           <...>-9970  [004] ....  5643.432512: do_swap_page: swapin tgid 6158 pid 9970 name "Binder:6158_5" vma 14a41000
 ell.clashroyale-6611  [004] ....  5643.432585: do_swap_page: swapin tgid 6611 pid 6611 name "ell.clashroyale" vma 9e734000
 ell.clashroyale-6611  [004] ....  5643.432591: do_swap_page: swapin tgid 6611 pid 6611 name "ell.clashroyale" vma 9e78b000
 ell.clashroyale-6611  [004] ....  5643.432594: do_swap_page: swapin tgid 6611 pid 6611 name "ell.clashroyale" vma 9e68d000
           <...>-2453  [004] ....  5643.432620: do_swap_page: swapin tgid 2432 pid 2453 name "Binder:2432_1" vma 7fbdd78000
           <...>-2453  [004] ....  5643.432626: do_swap_page: swapin tgid 2432 pid 2453 name "Binder:2432_1" vma 9e5c2000
 ell.clashroyale-6611  [004] ....  5643.432729: do_swap_page: swapin tgid 6611 pid 6611 name "ell.clashroyale" vma 9e68d000
 ell.clashroyale-6611  [004] ....  5643.432760: do_swap_page: swapin tgid 6611 pid 6611 name "ell.clashroyale" vma 9e6b8000
           <...>-2453  [004] ....  5643.432788: do_swap_page: swapin tgid 2432 pid 2453 name "Binder:2432_1" vma 9e5c2000
           <...>-2453  [004] ....  5643.432795: do_swap_page: swapin tgid 2432 pid 2453 name "Binder:2432_1" vma 7fbe1f9000
           <...>-1481  [004] ....  5643.432855: do_swap_page: swapin tgid 1340 pid 1481 name "tworkPolicy.uid" vma 1538f000
 ell.clashroyale-6611  [004] ....  5643.432898: do_swap_page: swapin tgid 6611 pid 6611 name "ell.clashroyale" vma 9e6b8000
 ell.clashroyale-6611  [004] ....  5643.432904: do_swap_page: swapin tgid 6611 pid 6611 name "ell.clashroyale" vma 1309e000
 ell.clashroyale-6611  [004] ....  5643.432906: do_swap_page: swapin tgid 6611 pid 6611 name "ell.clashroyale" vma 9e5ff000
 ell.clashroyale-6611  [004] ....  5643.432907: do_swap_page: swapin tgid 6611 pid 6611 name "ell.clashroyale" vma 9e5e4000
           <...>-2453  [004] ....  5643.432949: do_swap_page: swapin tgid 2432 pid 2453 name "Binder:2432_1" vma 7fbe1f9000
           <...>-2453  [004] ....  5643.432956: do_swap_page: swapin tgid 2432 pid 2453 name "Binder:2432_1" vma 7f2d652000
 android.display-1364  [004] ....  5643.432979: do_swap_page: swapin tgid 1340 pid 1364 name "android.display" vma 7ed187e000
 ell.clashroyale-6611  [004] ....  5643.433054: do_swap_page: swapin tgid 6611 pid 6611 name "ell.clashroyale" vma 9e5e4000
 ell.clashroyale-6611  [004] ....  5643.433067: do_swap_page: swapin tgid 6611 pid 6611 name "ell.clashroyale" vma 9e707000
           <...>-1481  [004] ....  5643.433106: do_swap_page: swapin tgid 1340 pid 1481 name "tworkPolicy.uid" vma 1538f000
           <...>-1481  [004] ....  5643.433112: do_swap_page: swapin tgid 1340 pid 1481 name "tworkPolicy.uid" vma 15391000
           <...>-2453  [004] ....  5643.433149: do_swap_page: swapin tgid 2432 pid 2453 name "Binder:2432_1" vma 7f2d652000
           <...>-2453  [004] ....  5643.433166: do_swap_page: swapin tgid 2432 pid 2453 name "Binder:2432_1" vma 7f34f98000
 ell.clashroyale-6611  [004] ....  5643.433245: do_swap_page: swapin tgid 6611 pid 6611 name "ell.clashroyale" vma 9e707000
 ell.clashroyale-6611  [004] ....  5643.433250: do_swap_page: swapin tgid 6611 pid 6611 name "ell.clashroyale" vma 9e684000
           <...>-1481  [004] ....  5643.433276: do_swap_page: swapin tgid 1340 pid 1481 name "tworkPolicy.uid" vma 15391000
 ell.clashroyale-6611  [004] ....  5643.433400: do_swap_page: swapin tgid 6611 pid 6611 name "ell.clashroyale" vma 9e684000
 ell.clashroyale-6611  [004] ....  5643.433411: do_swap_page: swapin tgid 6611 pid 6611 name "ell.clashroyale" vma 9e613000
 ell.clashroyale-6611  [004] ....  5643.433413: do_swap_page: swapin tgid 6611 pid 6611 name "ell.clashroyale" vma 9e5de000
 android.display-1364  [004] ....  5643.433478: do_swap_page: swapin tgid 1340 pid 1364 name "android.display" vma 9e602000
 ell.clashroyale-6611  [004] ....  5643.433533: do_swap_page: swapin tgid 6611 pid 6611 name "ell.clashroyale" vma 9e5de000
 ell.clashroyale-6611  [004] ....  5643.433538: do_swap_page: swapin tgid 6611 pid 6611 name "ell.clashroyale" vma 9e716000
 ell.clashroyale-6611  [004] ....  5643.433689: do_swap_page: swapin tgid 6611 pid 6611 name "ell.clashroyale" vma 9e716000
 ell.clashroyale-6611  [004] ....  5643.433694: do_swap_page: swapin tgid 6611 pid 6611 name "ell.clashroyale" vma 9e696000
 android.display-1364  [004] ....  5643.433718: do_swap_page: swapin tgid 1340 pid 1364 name "android.display" vma 9e602000
 android.display-1364  [004] ....  5643.433724: do_swap_page: swapin tgid 1340 pid 1364 name "android.display" vma 9e8ef000
           <...>-1369  [004] ....  5643.433750: do_swap_page: swapin tgid 1340 pid 1369 name "android.bg" vma 7ed0a71000
 ell.clashroyale-6611  [004] ....  5643.433806: do_swap_page: swapin tgid 6611 pid 6611 name "ell.clashroyale" vma 9e696000
 ell.clashroyale-6611  [004] ....  5643.433813: do_swap_page: swapin tgid 6611 pid 6611 name "ell.clashroyale" vma 12f72000
 ell.clashroyale-6611  [004] ....  5643.433823: do_swap_page: swapin tgid 6611 pid 6611 name "ell.clashroyale" vma 9e69d000
 android.display-1364  [004] ....  5643.433870: do_swap_page: swapin tgid 1340 pid 1364 name "android.display" vma 9e8ef000
 ell.clashroyale-6611  [004] ....  5643.433964: do_swap_page: swapin tgid 6611 pid 6611 name "ell.clashroyale" vma 9e69d000
 ell.clashroyale-6611  [004] ....  5643.433975: do_swap_page: swapin tgid 6611 pid 6611 name "ell.clashroyale" vma 9e6d6000
 android.display-1364  [004] ....  5643.434088: do_swap_page: swapin tgid 1340 pid 1364 name "android.display" vma 7fbe244000
 ell.clashroyale-6611  [004] ....  5643.434326: do_swap_page: swapin tgid 6611 pid 6611 name "ell.clashroyale" vma 9e6d6000
 ell.clashroyale-6611  [004] ....  5643.434332: do_swap_page: swapin tgid 6611 pid 6611 name "ell.clashroyale" vma 12f6e000
 ell.clashroyale-6611  [004] ....  5643.434372: do_swap_page: swapin tgid 6611 pid 6611 name "ell.clashroyale" vma 9e79a000
 ell.clashroyale-6611  [004] ....  5643.434375: do_swap_page: swapin tgid 6611 pid 6611 name "ell.clashroyale" vma 9e722000
 android.display-1364  [004] ....  5643.434403: do_swap_page: swapin tgid 1340 pid 1364 name "android.display" vma 7fbe244000
 ell.clashroyale-6611  [004] ....  5643.434494: do_swap_page: swapin tgid 6611 pid 6611 name "ell.clashroyale" vma 9e722000
 ell.clashroyale-6611  [004] ....  5643.434499: do_swap_page: swapin tgid 6611 pid 6611 name "ell.clashroyale" vma 9e6e2000
 ell.clashroyale-6611  [004] ....  5643.434619: do_swap_page: swapin tgid 6611 pid 6611 name "ell.clashroyale" vma 9e6e2000
 ell.clashroyale-6611  [004] ....  5643.434625: do_swap_page: swapin tgid 6611 pid 6611 name "ell.clashroyale" vma 7ed29a5000
 ell.clashroyale-6611  [004] ....  5643.434629: do_swap_page: swapin tgid 6611 pid 6611 name "ell.clashroyale" vma 9e5bc000
 ell.clashroyale-6611  [004] ....  5643.434632: do_swap_page: swapin tgid 6611 pid 6611 name "ell.clashroyale" vma 9e6e4000
 ell.clashroyale-6611  [004] ....  5643.434743: do_swap_page: swapin tgid 6611 pid 6611 name "ell.clashroyale" vma 9e6e4000
 ell.clashroyale-6611  [004] ....  5643.434749: do_swap_page: swapin tgid 6611 pid 6611 name "ell.clashroyale" vma 9e5b2000
 ell.clashroyale-6611  [004] ....  5643.434751: do_swap_page: swapin tgid 6611 pid 6611 name "ell.clashroyale" vma 7ed29a1000
 ell.clashroyale-6611  [004] ....  5643.434916: do_swap_page: swapin tgid 6611 pid 6611 name "ell.clashroyale" vma 7ed29a1000
 ell.clashroyale-6611  [004] ....  5643.434922: do_swap_page: swapin tgid 6611 pid 6611 name "ell.clashroyale" vma 9e6d9000
 ell.clashroyale-6611  [004] ....  5643.434924: do_swap_page: swapin tgid 6611 pid 6611 name "ell.clashroyale" vma 9e5f3000
 ell.clashroyale-6611  [004] ....  5643.434926: do_swap_page: swapin tgid 6611 pid 6611 name "ell.clashroyale" vma 9e6d7000
 ell.clashroyale-6611  [004] ....  5643.435047: do_swap_page: swapin tgid 6611 pid 6611 name "ell.clashroyale" vma 9e6d7000
 ell.clashroyale-6611  [004] ....  5643.435053: do_swap_page: swapin tgid 6611 pid 6611 name "ell.clashroyale" vma 9e6e3000
 ell.clashroyale-6611  [004] ....  5643.436119: do_swap_page: swapin tgid 6611 pid 6611 name "ell.clashroyale" vma 9e6e3000
 ell.clashroyale-6611  [004] ....  5643.436126: do_swap_page: swapin tgid 6611 pid 6611 name "ell.clashroyale" vma 9e679000
 ell.clashroyale-6611  [004] ....  5643.436249: do_swap_page: swapin tgid 6611 pid 6611 name "ell.clashroyale" vma 9e679000
 ell.clashroyale-6611  [004] ....  5643.436254: do_swap_page: swapin tgid 6611 pid 6611 name "ell.clashroyale" vma 9e678000
 ell.clashroyale-6611  [004] ....  5643.436373: do_swap_page: swapin tgid 6611 pid 6611 name "ell.clashroyale" vma 9e678000
 ell.clashroyale-6611  [004] ....  5643.436378: do_swap_page: swapin tgid 6611 pid 6611 name "ell.clashroyale" vma 9e637000
 ell.clashroyale-6611  [004] ....  5643.436380: do_swap_page: swapin tgid 6611 pid 6611 name "ell.clashroyale" vma 9e6ba000
 ell.clashroyale-6611  [004] ....  5643.436494: do_swap_page: swapin tgid 6611 pid 6611 name "ell.clashroyale" vma 9e6ba000
 ell.clashroyale-6611  [004] ....  5643.436500: do_swap_page: swapin tgid 6611 pid 6611 name "ell.clashroyale" vma 9e62f000
 ell.clashroyale-6611  [004] ....  5643.436502: do_swap_page: swapin tgid 6611 pid 6611 name "ell.clashroyale" vma 9e6b2000
 ell.clashroyale-6611  [004] ....  5643.436622: do_swap_page: swapin tgid 6611 pid 6611 name "ell.clashroyale" vma 9e6b2000
 ell.clashroyale-6611  [004] ....  5643.436629: do_swap_page: swapin tgid 6611 pid 6611 name "ell.clashroyale" vma 9e61e000
 ell.clashroyale-6611  [004] ....  5643.436642: do_swap_page: swapin tgid 6611 pid 6611 name "ell.clashroyale" vma 9e5bd000
 ell.clashroyale-6611  [004] ....  5643.436644: do_swap_page: swapin tgid 6611 pid 6611 name "ell.clashroyale" vma 9e5a6000
 ell.clashroyale-6611  [004] ....  5643.436648: do_swap_page: swapin tgid 6611 pid 6611 name "ell.clashroyale" vma 9e605000
 ell.clashroyale-6611  [004] ....  5643.436654: do_swap_page: swapin tgid 6611 pid 6611 name "ell.clashroyale" vma 9e6e5000
     logd.writer-567   [004] ....  5643.436715: do_swap_page: swapin tgid 557 pid 567 name "logd.writer" vma 7fbd8ab000
     logd.writer-567   [004] ....  5643.436722: do_swap_page: swapin tgid 557 pid 567 name "logd.writer" vma 7fbd88a000
 ell.clashroyale-6611  [004] ....  5643.436773: do_swap_page: swapin tgid 6611 pid 6611 name "ell.clashroyale" vma 9e6e5000
 ell.clashroyale-6611  [004] ....  5643.436778: do_swap_page: swapin tgid 6611 pid 6611 name "ell.clashroyale" vma 9e5a8000
 ell.clashroyale-6611  [004] ....  5643.436780: do_swap_page: swapin tgid 6611 pid 6611 name "ell.clashroyale" vma 9e6ce000
 ell.clashroyale-6611  [004] ....  5643.436900: do_swap_page: swapin tgid 6611 pid 6611 name "ell.clashroyale" vma 9e6ce000
 ell.clashroyale-6611  [004] ....  5643.436908: do_swap_page: swapin tgid 6611 pid 6611 name "ell.clashroyale" vma 9e6c1000
     logd.writer-567   [004] ....  5643.436944: do_swap_page: swapin tgid 557 pid 567 name "logd.writer" vma 7fbd88a000
 ell.clashroyale-6611  [004] ....  5643.437024: do_swap_page: swapin tgid 6611 pid 6611 name "ell.clashroyale" vma 9e6c1000
 ell.clashroyale-6611  [004] ....  5643.437031: do_swap_page: swapin tgid 6611 pid 6611 name "ell.clashroyale" vma 9e659000
