           <...>-2084  [004] ....  4451.930701: do_swap_page: swapin tgid 1648 pid 2084 name "RenderThread" vma 7eabf6e000
           <...>-2084  [004] ....  4451.930733: do_swap_page: swapin tgid 1648 pid 2084 name "RenderThread" vma 7eabf76000
           <...>-1454  [004] ....  4451.931065: do_swap_page: swapin tgid 600 pid 1454 name "Binder:600_4" vma 7fb76cc000
           <...>-1454  [004] ....  4451.931072: do_swap_page: swapin tgid 600 pid 1454 name "Binder:600_4" vma 7faa5ea000
           <...>-1454  [004] ....  4451.931094: do_swap_page: swapin tgid 600 pid 1454 name "Binder:600_4" vma 7fba66d000
           <...>-1454  [004] ....  4451.931110: do_swap_page: swapin tgid 600 pid 1454 name "Binder:600_4" vma 7faa50b000
           <...>-2084  [004] ....  4451.931488: do_swap_page: swapin tgid 1648 pid 2084 name "RenderThread" vma 7eb41ea000
  surfaceflinger-600   [004] ....  4451.933558: do_swap_page: swapin tgid 600 pid 600 name "surfaceflinger" vma 7fba672000
  surfaceflinger-600   [004] ....  4451.933601: do_swap_page: swapin tgid 600 pid 600 name "surfaceflinger" vma 7faa643000
           <...>-2084  [004] ....  4451.934147: do_swap_page: swapin tgid 1648 pid 2084 name "RenderThread" vma 7eb41ea000
           <...>-2084  [004] ....  4451.934158: do_swap_page: swapin tgid 1648 pid 2084 name "RenderThread" vma 7ec3c40000
           <...>-2084  [004] ....  4451.934776: do_swap_page: swapin tgid 1648 pid 2084 name "RenderThread" vma 7ec3c40000
           <...>-2300  [004] ....  4451.934944: do_swap_page: swapin tgid 1648 pid 2300 name "hwuiTask1" vma 7ec06e6000
           <...>-2084  [004] ....  4451.935367: do_swap_page: swapin tgid 1648 pid 2084 name "RenderThread" vma 7eb4346000
           <...>-2084  [004] ....  4451.935372: do_swap_page: swapin tgid 1648 pid 2084 name "RenderThread" vma 7eb4347000
           <...>-2084  [004] ....  4451.935375: do_swap_page: swapin tgid 1648 pid 2084 name "RenderThread" vma 7eac393000
           <...>-2084  [004] ....  4451.935389: do_swap_page: swapin tgid 1648 pid 2084 name "RenderThread" vma 7eb4326000
           <...>-2084  [004] ....  4451.935583: do_swap_page: swapin tgid 1648 pid 2084 name "RenderThread" vma 7eb4326000
           <...>-2084  [004] ....  4451.935595: do_swap_page: swapin tgid 1648 pid 2084 name "RenderThread" vma 7eb438d000
           <...>-2084  [004] ....  4451.935723: do_swap_page: swapin tgid 1648 pid 2084 name "RenderThread" vma 7eb438d000
           <...>-2084  [004] ....  4451.938080: do_swap_page: swapin tgid 1648 pid 2084 name "RenderThread" vma 7eabf60000
           <...>-1454  [004] ....  4451.938349: do_swap_page: swapin tgid 600 pid 1454 name "Binder:600_4" vma 7fba60b000
           <...>-2084  [004] ....  4451.940141: do_swap_page: swapin tgid 1648 pid 2084 name "RenderThread" vma 7eca8ba000
           <...>-2084  [004] ....  4451.940792: do_swap_page: swapin tgid 1648 pid 2084 name "RenderThread" vma 7eca8ba000
           <...>-2084  [004] ....  4451.940802: do_swap_page: swapin tgid 1648 pid 2084 name "RenderThread" vma 7eb42a0000
           <...>-2084  [004] ....  4451.940808: do_swap_page: swapin tgid 1648 pid 2084 name "RenderThread" vma 7f28a04000
           <...>-2084  [004] ....  4451.940815: do_swap_page: swapin tgid 1648 pid 2084 name "RenderThread" vma 7f28bae000
           <...>-2084  [004] ....  4451.947109: do_swap_page: swapin tgid 1648 pid 2084 name "RenderThread" vma 7eca7db000
           <...>-2300  [004] ....  4451.947262: do_swap_page: swapin tgid 1648 pid 2300 name "hwuiTask1" vma 7f2d70a000
           <...>-2084  [004] ....  4451.948494: do_swap_page: swapin tgid 1648 pid 2084 name "RenderThread" vma 7fbe25b000
           <...>-1648  [004] ....  4451.957623: do_swap_page: swapin tgid 1648 pid 1648 name "ndroid.systemui" vma 72990000
           <...>-1648  [004] ....  4451.958266: do_swap_page: swapin tgid 1648 pid 1648 name "ndroid.systemui" vma 72990000
           <...>-1648  [004] ....  4451.958272: do_swap_page: swapin tgid 1648 pid 1648 name "ndroid.systemui" vma 729b2000
           <...>-1648  [004] ....  4451.958276: do_swap_page: swapin tgid 1648 pid 1648 name "ndroid.systemui" vma 729b0000
           <...>-1648  [004] ....  4451.958452: do_swap_page: swapin tgid 1648 pid 1648 name "ndroid.systemui" vma 729b0000
           <...>-2084  [004] ....  4451.959250: do_swap_page: swapin tgid 1648 pid 2084 name "RenderThread" vma 7eca6f3000
           <...>-2084  [004] ....  4451.959275: do_swap_page: swapin tgid 1648 pid 2084 name "RenderThread" vma 7f28a03000
           <...>-1648  [004] ....  4451.969359: do_swap_page: swapin tgid 1648 pid 1648 name "ndroid.systemui" vma 729b1000
           <...>-1648  [004] ....  4451.969874: do_swap_page: swapin tgid 1648 pid 1648 name "ndroid.systemui" vma 7eca7e0000
           <...>-2084  [004] ....  4451.970245: do_swap_page: swapin tgid 1648 pid 2084 name "RenderThread" vma 7eca7cc000
           <...>-2084  [004] ....  4451.970899: do_swap_page: swapin tgid 1648 pid 2084 name "RenderThread" vma 7eca7cc000
           <...>-2084  [004] ....  4451.970910: do_swap_page: swapin tgid 1648 pid 2084 name "RenderThread" vma 7eac182000
           <...>-2084  [004] ....  4451.971102: do_swap_page: swapin tgid 1648 pid 2084 name "RenderThread" vma 7eac182000
           <...>-2084  [004] ....  4451.971106: do_swap_page: swapin tgid 1648 pid 2084 name "RenderThread" vma 7eca6f0000
           <...>-2084  [004] ....  4451.971220: do_swap_page: swapin tgid 1648 pid 2084 name "RenderThread" vma 7eca6f0000
           <...>-1981  [004] ....  4451.977665: do_swap_page: swapin tgid 1981 pid 1981 name "droid.launcher3" vma 72977000
           <...>-2084  [004] ....  4451.981377: do_swap_page: swapin tgid 1648 pid 2084 name "RenderThread" vma 7ec3ce1000
           <...>-2084  [004] ....  4451.982005: do_swap_page: swapin tgid 1648 pid 2084 name "RenderThread" vma 7ec3ce1000
           <...>-2084  [004] ....  4451.982015: do_swap_page: swapin tgid 1648 pid 2084 name "RenderThread" vma 7eca7dd000
           <...>-2084  [004] ....  4451.982161: do_swap_page: swapin tgid 1648 pid 2084 name "RenderThread" vma 7eca7dd000
           <...>-2084  [004] ....  4451.992315: do_swap_page: swapin tgid 1648 pid 2084 name "RenderThread" vma 7eca7ab000
           <...>-2084  [004] ....  4451.992916: do_swap_page: swapin tgid 1648 pid 2084 name "RenderThread" vma 7eca7ab000
           <...>-2084  [004] ....  4451.992928: do_swap_page: swapin tgid 1648 pid 2084 name "RenderThread" vma 7eac1a8000
           <...>-2084  [004] ....  4451.992935: do_swap_page: swapin tgid 1648 pid 2084 name "RenderThread" vma 7f28a7c000
           <...>-2084  [004] ....  4451.992944: do_swap_page: swapin tgid 1648 pid 2084 name "RenderThread" vma 7f28d39000
           <...>-2084  [004] ....  4452.003740: do_swap_page: swapin tgid 1648 pid 2084 name "RenderThread" vma 7eb438e000
           <...>-2084  [004] ....  4452.004374: do_swap_page: swapin tgid 1648 pid 2084 name "RenderThread" vma 7eb438e000
           <...>-2084  [004] ....  4452.004386: do_swap_page: swapin tgid 1648 pid 2084 name "RenderThread" vma 7eac28d000
           <...>-2084  [004] ....  4452.004417: do_swap_page: swapin tgid 1648 pid 2084 name "RenderThread" vma 7ec3deb000
           <...>-2084  [004] ....  4452.014614: do_swap_page: swapin tgid 1648 pid 2084 name "RenderThread" vma 7eac183000
           <...>-2084  [004] ....  4452.015276: do_swap_page: swapin tgid 1648 pid 2084 name "RenderThread" vma 7eac183000
           <...>-2084  [004] ....  4452.015289: do_swap_page: swapin tgid 1648 pid 2084 name "RenderThread" vma 7eca7bc000
           <...>-1981  [004] ....  4452.022411: do_swap_page: swapin tgid 1981 pid 1981 name "droid.launcher3" vma 7fbbf50000
           <...>-1648  [004] ....  4452.022959: do_swap_page: swapin tgid 1648 pid 1648 name "ndroid.systemui" vma 729b3000
           <...>-1981  [004] ....  4452.023063: do_swap_page: swapin tgid 1981 pid 1981 name "droid.launcher3" vma 7fbbf50000
           <...>-1981  [004] ....  4452.023099: do_swap_page: swapin tgid 1981 pid 1981 name "droid.launcher3" vma 9e958000
           <...>-1981  [004] ....  4452.023348: do_swap_page: swapin tgid 1981 pid 1981 name "droid.launcher3" vma 9e958000
           <...>-1981  [004] ....  4452.023357: do_swap_page: swapin tgid 1981 pid 1981 name "droid.launcher3" vma 9e95c000
           <...>-1981  [004] ....  4452.023499: do_swap_page: swapin tgid 1981 pid 1981 name "droid.launcher3" vma 9e95c000
           <...>-1981  [004] ....  4452.023508: do_swap_page: swapin tgid 1981 pid 1981 name "droid.launcher3" vma 9e916000
           <...>-1981  [004] ....  4452.023636: do_swap_page: swapin tgid 1981 pid 1981 name "droid.launcher3" vma 9e916000
           <...>-1981  [004] ....  4452.023773: do_swap_page: swapin tgid 1981 pid 1981 name "droid.launcher3" vma 7ec7e2c000
           <...>-1981  [004] ....  4452.023780: do_swap_page: swapin tgid 1981 pid 1981 name "droid.launcher3" vma 7ec7e2d000
           <...>-1981  [004] ....  4452.023795: do_swap_page: swapin tgid 1981 pid 1981 name "droid.launcher3" vma 7fbd95e000
           <...>-1981  [004] ....  4452.023800: do_swap_page: swapin tgid 1981 pid 1981 name "droid.launcher3" vma 7ecdc0e000
           <...>-1981  [004] ....  4452.023806: do_swap_page: swapin tgid 1981 pid 1981 name "droid.launcher3" vma 7ec7d03000
           <...>-1981  [004] ....  4452.023936: do_swap_page: swapin tgid 1981 pid 1981 name "droid.launcher3" vma 7ec7d03000
           <...>-1981  [004] ....  4452.023942: do_swap_page: swapin tgid 1981 pid 1981 name "droid.launcher3" vma 7ec7d15000
           <...>-1981  [004] ....  4452.024124: do_swap_page: swapin tgid 1981 pid 1981 name "droid.launcher3" vma 7ec7d15000
           <...>-1981  [004] ....  4452.024136: do_swap_page: swapin tgid 1981 pid 1981 name "droid.launcher3" vma 7fbe229000
           <...>-1981  [004] ....  4452.024283: do_swap_page: swapin tgid 1981 pid 1981 name "droid.launcher3" vma 7fb9eb9000
           <...>-1981  [004] ....  4452.024292: do_swap_page: swapin tgid 1981 pid 1981 name "droid.launcher3" vma 7fbd772000
           <...>-1981  [004] ....  4452.024322: do_swap_page: swapin tgid 1981 pid 1981 name "droid.launcher3" vma 9e82b000
           <...>-1981  [004] ....  4452.024333: do_swap_page: swapin tgid 1981 pid 1981 name "droid.launcher3" vma 9e8f0000
           <...>-1981  [004] ....  4452.024609: do_swap_page: swapin tgid 1981 pid 1981 name "droid.launcher3" vma 9e8f0000
           <...>-1981  [004] ....  4452.024797: do_swap_page: swapin tgid 1981 pid 1981 name "droid.launcher3" vma 7ec6383000
           <...>-2084  [004] ....  4452.027306: do_swap_page: swapin tgid 1648 pid 2084 name "RenderThread" vma 7eca8a7000
           <...>-2084  [004] ....  4452.027907: do_swap_page: swapin tgid 1648 pid 2084 name "RenderThread" vma 7eca8a7000
           <...>-1981  [004] ....  4452.044694: do_swap_page: swapin tgid 1981 pid 1981 name "droid.launcher3" vma 131ce000
           <...>-2356  [004] ....  4452.183033: do_swap_page: swapin tgid 817 pid 2356 name "power@1.3-servi" vma 7fbd269000
           <...>-2356  [004] ....  4452.183078: do_swap_page: swapin tgid 817 pid 2356 name "power@1.3-servi" vma 7fbdfea000
           <...>-2356  [004] ....  4452.184581: do_swap_page: swapin tgid 817 pid 2356 name "power@1.3-servi" vma 7fbdfea000
 wifi_ext@1.0-se-2869  [004] ....  4453.032399: do_swap_page: swapin tgid 827 pid 2869 name "wifi_ext@1.0-se" vma 7fbb4b5000
 wifi_ext@1.0-se-2869  [004] ....  4453.039514: do_swap_page: swapin tgid 827 pid 2869 name "wifi_ext@1.0-se" vma 7fb9f7a000
 wifi_ext@1.0-se-2869  [004] ....  4453.041867: do_swap_page: swapin tgid 827 pid 2869 name "wifi_ext@1.0-se" vma 7fb9ab8000
 wifi_ext@1.0-se-2869  [004] ....  4453.041908: do_swap_page: swapin tgid 827 pid 2869 name "wifi_ext@1.0-se" vma 7fb9f5d000
 wifi_ext@1.0-se-2869  [004] ....  4453.042186: do_swap_page: swapin tgid 827 pid 2869 name "wifi_ext@1.0-se" vma 7fb9ab3000
 wifi_ext@1.0-se-2869  [004] ....  4453.045398: do_swap_page: swapin tgid 827 pid 2869 name "wifi_ext@1.0-se" vma 7fbb46d000
 wifi_ext@1.0-se-2869  [004] ....  4453.045449: do_swap_page: swapin tgid 827 pid 2869 name "wifi_ext@1.0-se" vma 7fb9ac1000
 wifi_ext@1.0-se-2869  [004] ....  4453.045471: do_swap_page: swapin tgid 827 pid 2869 name "wifi_ext@1.0-se" vma 7fb9ac7000
 wifi_ext@1.0-se-2869  [004] ....  4456.059640: do_swap_page: swapin tgid 827 pid 2869 name "wifi_ext@1.0-se" vma 7fbb4b3000
 wifi_ext@1.0-se-2869  [004] ....  4456.059696: do_swap_page: swapin tgid 827 pid 2869 name "wifi_ext@1.0-se" vma 7fbb410000
 wifi_ext@1.0-se-2869  [004] ....  4456.059723: do_swap_page: swapin tgid 827 pid 2869 name "wifi_ext@1.0-se" vma 7fb9ab9000
 wifi_ext@1.0-se-2869  [004] ....  4456.062374: do_swap_page: swapin tgid 827 pid 2869 name "wifi_ext@1.0-se" vma 7fb9ab1000
 wifi_ext@1.0-se-2869  [004] ....  4456.064137: do_swap_page: swapin tgid 827 pid 2869 name "wifi_ext@1.0-se" vma 7fb9a49000
 wifi_ext@1.0-se-2869  [004] ....  4456.064156: do_swap_page: swapin tgid 827 pid 2869 name "wifi_ext@1.0-se" vma 7fb9a4a000
 wifi_ext@1.0-se-2869  [004] ....  4456.064163: do_swap_page: swapin tgid 827 pid 2869 name "wifi_ext@1.0-se" vma 7fb9a4b000
 wifi_ext@1.0-se-2869  [004] ....  4456.064170: do_swap_page: swapin tgid 827 pid 2869 name "wifi_ext@1.0-se" vma 7fb9a4c000
 wifi_ext@1.0-se-2869  [004] ....  4456.064177: do_swap_page: swapin tgid 827 pid 2869 name "wifi_ext@1.0-se" vma 7fb9a4d000
 wifi_ext@1.0-se-2869  [004] ....  4456.065640: do_swap_page: swapin tgid 827 pid 2869 name "wifi_ext@1.0-se" vma 7fb9ac5000
 wifi_ext@1.0-se-2869  [004] ....  4456.065675: do_swap_page: swapin tgid 827 pid 2869 name "wifi_ext@1.0-se" vma 7fbb520000
 wifi_ext@1.0-se-2869  [004] ....  4456.065708: do_swap_page: swapin tgid 827 pid 2869 name "wifi_ext@1.0-se" vma 7fbb418000
 wifi_ext@1.0-se-2869  [004] ....  4456.065730: do_swap_page: swapin tgid 827 pid 2869 name "wifi_ext@1.0-se" vma 7fbb4af000
           <...>-14566 [004] ....  4458.119593: do_swap_page: swapin tgid 1333 pid 14566 name "Binder:1333_15" vma 7ed0cec000
           <...>-14566 [004] ....  4458.119796: do_swap_page: swapin tgid 1333 pid 14566 name "Binder:1333_15" vma 7f28b46000
           <...>-14566 [004] ....  4458.139117: do_swap_page: swapin tgid 1333 pid 14566 name "Binder:1333_15" vma 7f28b46000
           <...>-14566 [004] ....  4458.139192: do_swap_page: swapin tgid 1333 pid 14566 name "Binder:1333_15" vma 7ed0ed4000
           <...>-14566 [004] ....  4458.139239: do_swap_page: swapin tgid 1333 pid 14566 name "Binder:1333_15" vma 7e4b1f5000
           <...>-14566 [004] ....  4458.139246: do_swap_page: swapin tgid 1333 pid 14566 name "Binder:1333_15" vma 7e4b1f6000
           <...>-1355  [004] ....  4458.141369: do_swap_page: swapin tgid 1333 pid 1355 name "android.ui" vma 7e5cd09000
           <...>-1981  [004] ....  4458.143402: do_swap_page: swapin tgid 1981 pid 1981 name "droid.launcher3" vma 7ec63ad000
           <...>-1981  [004] ....  4458.145463: do_swap_page: swapin tgid 1981 pid 1981 name "droid.launcher3" vma 9e8ac000
           <...>-1981  [004] ....  4458.145480: do_swap_page: swapin tgid 1981 pid 1981 name "droid.launcher3" vma 9e894000
           <...>-1981  [004] ....  4458.145483: do_swap_page: swapin tgid 1981 pid 1981 name "droid.launcher3" vma 9e8ef000
           <...>-1981  [004] ....  4458.146189: do_swap_page: swapin tgid 1981 pid 1981 name "droid.launcher3" vma 9e8ef000
           <...>-1981  [004] ....  4458.146204: do_swap_page: swapin tgid 1981 pid 1981 name "droid.launcher3" vma 9e85b000
           <...>-1981  [004] ....  4458.146207: do_swap_page: swapin tgid 1981 pid 1981 name "droid.launcher3" vma 9e85c000
           <...>-1981  [004] ....  4458.146293: do_swap_page: swapin tgid 1981 pid 1981 name "droid.launcher3" vma 9e902000
           <...>-1981  [004] ....  4458.146302: do_swap_page: swapin tgid 1981 pid 1981 name "droid.launcher3" vma 7f28a72000
           <...>-1981  [004] ....  4458.146313: do_swap_page: swapin tgid 1981 pid 1981 name "droid.launcher3" vma 9e9a1000
           <...>-1981  [004] ....  4458.146318: do_swap_page: swapin tgid 1981 pid 1981 name "droid.launcher3" vma 9e9a0000
           <...>-14566 [004] ....  4458.146750: do_swap_page: swapin tgid 1333 pid 14566 name "Binder:1333_15" vma 7e83677000
           <...>-14566 [004] ....  4458.168875: do_swap_page: swapin tgid 1333 pid 14566 name "Binder:1333_15" vma 7e68f7d000
           <...>-1981  [004] ....  4458.185507: do_swap_page: swapin tgid 1981 pid 1981 name "droid.launcher3" vma 131de000
           <...>-1981  [004] ....  4458.185601: do_swap_page: swapin tgid 1981 pid 1981 name "droid.launcher3" vma 9e9b1000
           <...>-1981  [004] ....  4458.185641: do_swap_page: swapin tgid 1981 pid 1981 name "droid.launcher3" vma 9e80b000
           <...>-2503  [004] ....  4458.186433: do_swap_page: swapin tgid 1981 pid 2503 name "RenderThread" vma 7ecdc1c000
           <...>-1981  [004] ....  4458.212080: do_swap_page: swapin tgid 1981 pid 1981 name "droid.launcher3" vma 7ecdb3c000
           <...>-1986  [004] ....  4458.212244: do_swap_page: swapin tgid 1981 pid 1986 name "Jit thread pool" vma 7f2d600000
           <...>-1986  [004] ....  4458.212275: do_swap_page: swapin tgid 1981 pid 1986 name "Jit thread pool" vma 7f2e90c000
           <...>-1986  [004] ....  4458.212289: do_swap_page: swapin tgid 1981 pid 1986 name "Jit thread pool" vma 7fbe0ad000
           <...>-1986  [004] ....  4458.213657: do_swap_page: swapin tgid 1981 pid 1986 name "Jit thread pool" vma 7fbe0ad000
           <...>-1986  [004] ....  4458.213739: do_swap_page: swapin tgid 1981 pid 1986 name "Jit thread pool" vma 7fbe314000
           <...>-1986  [004] ....  4458.213749: do_swap_page: swapin tgid 1981 pid 1986 name "Jit thread pool" vma 7fbe315000
           <...>-1986  [004] ....  4458.213757: do_swap_page: swapin tgid 1981 pid 1986 name "Jit thread pool" vma 7fbe168000
           <...>-2503  [004] ....  4458.215003: do_swap_page: swapin tgid 1981 pid 2503 name "RenderThread" vma 7f2d622000
           <...>-1986  [004] ....  4458.218968: do_swap_page: swapin tgid 1981 pid 1986 name "Jit thread pool" vma 7fbe168000
           <...>-1986  [004] ....  4458.219032: do_swap_page: swapin tgid 1981 pid 1986 name "Jit thread pool" vma 7f2f030000
           <...>-1986  [004] ....  4458.219045: do_swap_page: swapin tgid 1981 pid 1986 name "Jit thread pool" vma 7f2ecfb000
           <...>-1986  [004] ....  4458.219048: do_swap_page: swapin tgid 1981 pid 1986 name "Jit thread pool" vma 7f2ecfc000
           <...>-1986  [004] ....  4458.219062: do_swap_page: swapin tgid 1981 pid 1986 name "Jit thread pool" vma 7fba118000
           <...>-1986  [004] ....  4458.219078: do_swap_page: swapin tgid 1981 pid 1986 name "Jit thread pool" vma 7f2e90b000
           <...>-1986  [004] ....  4458.219478: do_swap_page: swapin tgid 1981 pid 1986 name "Jit thread pool" vma 7f2f02f000
           <...>-1986  [004] ....  4458.219493: do_swap_page: swapin tgid 1981 pid 1986 name "Jit thread pool" vma 7f2d69b000
           <...>-1986  [004] ....  4458.219507: do_swap_page: swapin tgid 1981 pid 1986 name "Jit thread pool" vma 7f2ecfd000
           <...>-1986  [004] ....  4458.219513: do_swap_page: swapin tgid 1981 pid 1986 name "Jit thread pool" vma 7f2ecfe000
           <...>-1986  [004] ....  4458.219630: do_swap_page: swapin tgid 1981 pid 1986 name "Jit thread pool" vma 7f2d6ad000
           <...>-1986  [004] ....  4458.219747: do_swap_page: swapin tgid 1981 pid 1986 name "Jit thread pool" vma 7f2d6dd000
           <...>-1986  [004] ....  4458.219759: do_swap_page: swapin tgid 1981 pid 1986 name "Jit thread pool" vma 7f2d69c000
           <...>-1986  [004] ....  4458.219765: do_swap_page: swapin tgid 1981 pid 1986 name "Jit thread pool" vma 7f2d69e000
           <...>-1986  [004] ....  4458.219779: do_swap_page: swapin tgid 1981 pid 1986 name "Jit thread pool" vma 7f2d6aa000
           <...>-1986  [004] ....  4458.219817: do_swap_page: swapin tgid 1981 pid 1986 name "Jit thread pool" vma 7f2d6e6000
           <...>-1986  [004] ....  4458.219831: do_swap_page: swapin tgid 1981 pid 1986 name "Jit thread pool" vma 7f2d6db000
           <...>-1986  [004] ....  4458.219848: do_swap_page: swapin tgid 1981 pid 1986 name "Jit thread pool" vma 7fbe1b0000
           <...>-1986  [004] ....  4458.219926: do_swap_page: swapin tgid 1981 pid 1986 name "Jit thread pool" vma 7fbe1b2000
           <...>-1981  [004] ....  4458.230205: do_swap_page: swapin tgid 1981 pid 1981 name "droid.launcher3" vma 7ec7d54000
           <...>-1981  [004] ....  4458.230434: do_swap_page: swapin tgid 1981 pid 1981 name "droid.launcher3" vma 7ec7d54000
           <...>-1981  [004] ....  4458.241319: do_swap_page: swapin tgid 1981 pid 1981 name "droid.launcher3" vma 9e915000
           <...>-1981  [004] ....  4458.241550: do_swap_page: swapin tgid 1981 pid 1981 name "droid.launcher3" vma 9e915000
           <...>-14566 [004] ....  4458.256135: do_swap_page: swapin tgid 1333 pid 14566 name "Binder:1333_15" vma 7ed0ced000
           <...>-1981  [004] ....  4458.330770: do_swap_page: swapin tgid 1981 pid 1981 name "droid.launcher3" vma 9e87b000
           <...>-1981  [004] ....  4458.331089: do_swap_page: swapin tgid 1981 pid 1981 name "droid.launcher3" vma 9e87b000
           <...>-1981  [004] ....  4458.331100: do_swap_page: swapin tgid 1981 pid 1981 name "droid.launcher3" vma 9e949000
           <...>-1981  [004] ....  4458.331229: do_swap_page: swapin tgid 1981 pid 1981 name "droid.launcher3" vma 9e949000
  surfaceflinger-600   [004] ....  4458.453777: do_swap_page: swapin tgid 600 pid 600 name "surfaceflinger" vma 7fb7994000
  surfaceflinger-600   [004] ....  4458.610438: do_swap_page: swapin tgid 600 pid 600 name "surfaceflinger" vma 7fbc213000
 wifi_ext@1.0-se-2869  [004] ....  4459.081030: do_swap_page: swapin tgid 827 pid 2869 name "wifi_ext@1.0-se" vma 7fbb416000
 wifi_ext@1.0-se-2869  [004] ....  4459.081078: do_swap_page: swapin tgid 827 pid 2869 name "wifi_ext@1.0-se" vma 7fbb4da000
 wifi_ext@1.0-se-2869  [004] ....  4459.081341: do_swap_page: swapin tgid 827 pid 2869 name "wifi_ext@1.0-se" vma 7fbb474000
 wifi_ext@1.0-se-2869  [004] ....  4459.082890: do_swap_page: swapin tgid 827 pid 2869 name "wifi_ext@1.0-se" vma 7fbb40f000
 wifi_ext@1.0-se-2869  [004] ....  4459.084613: do_swap_page: swapin tgid 827 pid 2869 name "wifi_ext@1.0-se" vma 7fbb42e000
 wifi_ext@1.0-se-2869  [004] ....  4459.086436: do_swap_page: swapin tgid 827 pid 2869 name "wifi_ext@1.0-se" vma 7fbb4df000
 wifi_ext@1.0-se-2869  [004] ....  4459.086470: do_swap_page: swapin tgid 827 pid 2869 name "wifi_ext@1.0-se" vma 7fbb4b2000
 wifi_ext@1.0-se-2869  [004] ....  4462.099348: do_swap_page: swapin tgid 827 pid 2869 name "wifi_ext@1.0-se" vma 7fbb471000
 wifi_ext@1.0-se-2869  [004] ....  4462.099394: do_swap_page: swapin tgid 827 pid 2869 name "wifi_ext@1.0-se" vma 7fbb522000
 wifi_ext@1.0-se-2869  [004] ....  4462.099460: do_swap_page: swapin tgid 827 pid 2869 name "wifi_ext@1.0-se" vma 7fbb4ad000
 wifi_ext@1.0-se-2869  [004] ....  4462.099631: do_swap_page: swapin tgid 827 pid 2869 name "wifi_ext@1.0-se" vma 7fbb51c000
 wifi_ext@1.0-se-2869  [004] ....  4462.100884: do_swap_page: swapin tgid 827 pid 2869 name "wifi_ext@1.0-se" vma 7fbb412000
 wifi_ext@1.0-se-2869  [004] ....  4462.100952: do_swap_page: swapin tgid 827 pid 2869 name "wifi_ext@1.0-se" vma 7fbb475000
 wifi_ext@1.0-se-2869  [004] ....  4462.101002: do_swap_page: swapin tgid 827 pid 2869 name "wifi_ext@1.0-se" vma 7fb9e8b000
 wifi_ext@1.0-se-2869  [004] ....  4462.102031: do_swap_page: swapin tgid 827 pid 2869 name "wifi_ext@1.0-se" vma 7fb9e41000
 wifi_ext@1.0-se-2869  [004] ....  4462.102043: do_swap_page: swapin tgid 827 pid 2869 name "wifi_ext@1.0-se" vma 7fb9e42000
 wifi_ext@1.0-se-2869  [004] ....  4462.102050: do_swap_page: swapin tgid 827 pid 2869 name "wifi_ext@1.0-se" vma 7fb9e43000
 wifi_ext@1.0-se-2869  [004] ....  4462.102056: do_swap_page: swapin tgid 827 pid 2869 name "wifi_ext@1.0-se" vma 7fb9e44000
 wifi_ext@1.0-se-2869  [004] ....  4462.102063: do_swap_page: swapin tgid 827 pid 2869 name "wifi_ext@1.0-se" vma 7fb9e45000
 wifi_ext@1.0-se-2869  [004] ....  4465.109786: do_swap_page: swapin tgid 827 pid 2869 name "wifi_ext@1.0-se" vma 7fbb544000
 wifi_ext@1.0-se-2869  [004] ....  4465.116680: do_swap_page: swapin tgid 827 pid 2869 name "wifi_ext@1.0-se" vma 7fbb461000
 wifi_ext@1.0-se-2869  [004] ....  4465.119499: do_swap_page: swapin tgid 827 pid 2869 name "wifi_ext@1.0-se" vma 7fbb470000
 wifi_ext@1.0-se-2869  [004] ....  4465.119530: do_swap_page: swapin tgid 827 pid 2869 name "wifi_ext@1.0-se" vma 7fbb472000
 wifi_ext@1.0-se-2869  [004] ....  4465.119648: do_swap_page: swapin tgid 827 pid 2869 name "wifi_ext@1.0-se" vma 7fbb56d000
 wifi_ext@1.0-se-2869  [004] ....  4465.122687: do_swap_page: swapin tgid 827 pid 2869 name "wifi_ext@1.0-se" vma 7fbb4b6000
 wifi_ext@1.0-se-2869  [004] ....  4465.122726: do_swap_page: swapin tgid 827 pid 2869 name "wifi_ext@1.0-se" vma 7fbb4dc000
 wifi_ext@1.0-se-2869  [004] ....  4465.122747: do_swap_page: swapin tgid 827 pid 2869 name "wifi_ext@1.0-se" vma 7fbb476000
 wifi_ext@1.0-se-2869  [004] ....  4468.135477: do_swap_page: swapin tgid 827 pid 2869 name "wifi_ext@1.0-se" vma 7fbb4b1000
 wifi_ext@1.0-se-2869  [004] ....  4468.135525: do_swap_page: swapin tgid 827 pid 2869 name "wifi_ext@1.0-se" vma 7fbb462000
 wifi_ext@1.0-se-2869  [004] ....  4468.139056: do_swap_page: swapin tgid 827 pid 2869 name "wifi_ext@1.0-se" vma 7fbb473000
 wifi_ext@1.0-se-2869  [004] ....  4468.139086: do_swap_page: swapin tgid 827 pid 2869 name "wifi_ext@1.0-se" vma 7fbb4dd000
 wifi_ext@1.0-se-2869  [004] ....  4468.139223: do_swap_page: swapin tgid 827 pid 2869 name "wifi_ext@1.0-se" vma 7fbb445000
 wifi_ext@1.0-se-2869  [004] ....  4468.142280: do_swap_page: swapin tgid 827 pid 2869 name "wifi_ext@1.0-se" vma 7fbb521000
 wifi_ext@1.0-se-2869  [004] ....  4468.142324: do_swap_page: swapin tgid 827 pid 2869 name "wifi_ext@1.0-se" vma 7fbb4b4000
           <...>-14566 [004] ....  4468.413658: do_swap_page: swapin tgid 1333 pid 14566 name "Binder:1333_15" vma 7f28b96000
           <...>-14566 [004] ....  4468.414207: do_swap_page: swapin tgid 1333 pid 14566 name "Binder:1333_15" vma 9eb58000
           <...>-14566 [004] ....  4468.414845: do_swap_page: swapin tgid 1333 pid 14566 name "Binder:1333_15" vma 9eb58000
           <...>-14566 [004] ....  4468.414932: do_swap_page: swapin tgid 1333 pid 14566 name "Binder:1333_15" vma 76fe6000
 android.display-1357  [004] ....  4468.415014: do_swap_page: swapin tgid 1333 pid 1357 name "android.display" vma 9e86f000
           <...>-14566 [004] ....  4468.415136: do_swap_page: swapin tgid 1333 pid 14566 name "Binder:1333_15" vma 76fe6000
           <...>-14566 [004] ....  4468.415142: do_swap_page: swapin tgid 1333 pid 14566 name "Binder:1333_15" vma 76fe5000
 android.display-1357  [004] ....  4468.415186: do_swap_page: swapin tgid 1333 pid 1357 name "android.display" vma 9e86f000
           <...>-14566 [004] ....  4468.415278: do_swap_page: swapin tgid 1333 pid 14566 name "Binder:1333_15" vma 76fe5000
           <...>-14566 [004] ....  4468.415330: do_swap_page: swapin tgid 1333 pid 14566 name "Binder:1333_15" vma 9e96a000
           <...>-14566 [004] ....  4468.415498: do_swap_page: swapin tgid 1333 pid 14566 name "Binder:1333_15" vma 9e96a000
           <...>-14566 [004] ....  4468.415924: do_swap_page: swapin tgid 1333 pid 14566 name "Binder:1333_15" vma 7fbe178000
     logd.writer-567   [004] ....  4468.415991: do_swap_page: swapin tgid 555 pid 567 name "logd.writer" vma 7fb2644000
           <...>-817   [004] ....  4468.416174: do_swap_page: swapin tgid 817 pid 817 name "power@1.3-servi" vma 7fbf6ff000
           <...>-14566 [004] ....  4468.416215: do_swap_page: swapin tgid 1333 pid 14566 name "Binder:1333_15" vma 7fbe178000
           <...>-817   [004] ....  4468.416374: do_swap_page: swapin tgid 817 pid 817 name "power@1.3-servi" vma 7fbf6ff000
           <...>-817   [004] ....  4468.416402: do_swap_page: swapin tgid 817 pid 817 name "power@1.3-servi" vma 7fbb825000
           <...>-817   [004] ....  4468.416630: do_swap_page: swapin tgid 817 pid 817 name "power@1.3-servi" vma 7fbb825000
           <...>-1981  [004] ....  4468.417257: do_swap_page: swapin tgid 1981 pid 1981 name "droid.launcher3" vma 1323e000
           <...>-1981  [004] ....  4468.417289: do_swap_page: swapin tgid 1981 pid 1981 name "droid.launcher3" vma 7fbe23f000
           <...>-1981  [004] ....  4468.417612: do_swap_page: swapin tgid 1981 pid 1981 name "droid.launcher3" vma 7fbe23f000
           <...>-1981  [004] ....  4468.417629: do_swap_page: swapin tgid 1981 pid 1981 name "droid.launcher3" vma 7fbe240000
           <...>-1981  [004] ....  4468.417875: do_swap_page: swapin tgid 1981 pid 1981 name "droid.launcher3" vma 7fbe240000
           <...>-1454  [004] ....  4468.420692: do_swap_page: swapin tgid 600 pid 1454 name "Binder:600_4" vma 7fba718000
 android.display-1357  [004] ....  4468.421505: do_swap_page: swapin tgid 1333 pid 1357 name "android.display" vma 7e5c645000
 android.display-1357  [004] ....  4468.421558: do_swap_page: swapin tgid 1333 pid 1357 name "android.display" vma 9eb63000
           <...>-1981  [004] ....  4468.421703: do_swap_page: swapin tgid 1981 pid 1981 name "droid.launcher3" vma 72833000
    android.anim-1358  [004] ....  4468.421824: do_swap_page: swapin tgid 1333 pid 1358 name "android.anim" vma 7e835a3000
    android.anim-1358  [004] ....  4468.421949: do_swap_page: swapin tgid 1333 pid 1358 name "android.anim" vma 9e96d000
           <...>-1981  [004] ....  4468.421984: do_swap_page: swapin tgid 1981 pid 1981 name "droid.launcher3" vma 72833000
           <...>-1981  [004] ....  4468.422128: do_swap_page: swapin tgid 1981 pid 1981 name "droid.launcher3" vma 7fbbf51000
           <...>-1981  [004] ....  4468.422137: do_swap_page: swapin tgid 1981 pid 1981 name "droid.launcher3" vma 131cb000
           <...>-1981  [004] ....  4468.422218: do_swap_page: swapin tgid 1981 pid 1981 name "droid.launcher3" vma 7ec7e4a000
           <...>-1981  [004] ....  4468.422234: do_swap_page: swapin tgid 1981 pid 1981 name "droid.launcher3" vma 72845000
    android.anim-1358  [004] ....  4468.422343: do_swap_page: swapin tgid 1333 pid 1358 name "android.anim" vma 9e96d000
           <...>-646   [004] ....  4468.422538: do_swap_page: swapin tgid 600 pid 646 name "Binder:600_2" vma 7fbc21b000
           <...>-646   [004] ....  4468.422551: do_swap_page: swapin tgid 600 pid 646 name "Binder:600_2" vma 7fbc211000
           <...>-1981  [004] ....  4468.422789: do_swap_page: swapin tgid 1981 pid 1981 name "droid.launcher3" vma 72845000
           <...>-1981  [004] ....  4468.422796: do_swap_page: swapin tgid 1981 pid 1981 name "droid.launcher3" vma 72846000
           <...>-1981  [004] ....  4468.422821: do_swap_page: swapin tgid 1981 pid 1981 name "droid.launcher3" vma 7f28b12000
           <...>-1981  [004] ....  4468.422834: do_swap_page: swapin tgid 1981 pid 1981 name "droid.launcher3" vma 7283a000
 android.display-1357  [004] ....  4468.422917: do_swap_page: swapin tgid 1333 pid 1357 name "android.display" vma 9eb63000
           <...>-1981  [004] ....  4468.422991: do_swap_page: swapin tgid 1981 pid 1981 name "droid.launcher3" vma 7283a000
           <...>-1981  [004] ....  4468.423097: do_swap_page: swapin tgid 1981 pid 1981 name "droid.launcher3" vma 9e858000
    android.anim-1358  [004] ....  4468.423272: do_swap_page: swapin tgid 1333 pid 1358 name "android.anim" vma 7fbad9a000
           <...>-1981  [004] ....  4468.423304: do_swap_page: swapin tgid 1981 pid 1981 name "droid.launcher3" vma 9e858000
           <...>-1981  [004] ....  4468.423321: do_swap_page: swapin tgid 1981 pid 1981 name "droid.launcher3" vma 13ca6000
           <...>-1981  [004] ....  4468.423526: do_swap_page: swapin tgid 1981 pid 1981 name "droid.launcher3" vma 13ca6000
           <...>-1981  [004] ....  4468.423554: do_swap_page: swapin tgid 1981 pid 1981 name "droid.launcher3" vma 131fd000
           <...>-1981  [004] ....  4468.423592: do_swap_page: swapin tgid 1981 pid 1981 name "droid.launcher3" vma 13ca9000
           <...>-1981  [004] ....  4468.423598: do_swap_page: swapin tgid 1981 pid 1981 name "droid.launcher3" vma 13cb3000
           <...>-1981  [004] ....  4468.423604: do_swap_page: swapin tgid 1981 pid 1981 name "droid.launcher3" vma 13cb4000
           <...>-1981  [004] ....  4468.423606: do_swap_page: swapin tgid 1981 pid 1981 name "droid.launcher3" vma 13cb2000
           <...>-1981  [004] ....  4468.423609: do_swap_page: swapin tgid 1981 pid 1981 name "droid.launcher3" vma 13cb0000
    android.anim-1358  [004] ....  4468.423631: do_swap_page: swapin tgid 1333 pid 1358 name "android.anim" vma 7fbad9a000
    android.anim-1358  [004] ....  4468.423640: do_swap_page: swapin tgid 1333 pid 1358 name "android.anim" vma 7f3980d000
           <...>-1981  [004] ....  4468.424066: do_swap_page: swapin tgid 1981 pid 1981 name "droid.launcher3" vma 13cb0000
           <...>-1981  [004] ....  4468.424149: do_swap_page: swapin tgid 1981 pid 1981 name "droid.launcher3" vma 9e93a000
           <...>-1981  [004] ....  4468.424340: do_swap_page: swapin tgid 1981 pid 1981 name "droid.launcher3" vma 9e93a000
           <...>-1981  [004] ....  4468.424457: do_swap_page: swapin tgid 1981 pid 1981 name "droid.launcher3" vma 7ecdbfa000
           <...>-1981  [004] ....  4468.424495: do_swap_page: swapin tgid 1981 pid 1981 name "droid.launcher3" vma 7ecdc0a000
           <...>-1981  [004] ....  4468.424499: do_swap_page: swapin tgid 1981 pid 1981 name "droid.launcher3" vma 7ecdc0b000
           <...>-646   [004] ....  4468.424988: do_swap_page: swapin tgid 600 pid 646 name "Binder:600_2" vma 7faa508000
           <...>-2503  [004] ....  4468.425121: do_swap_page: swapin tgid 1981 pid 2503 name "RenderThread" vma 7f2d6bb000
           <...>-646   [004] ....  4468.426298: do_swap_page: swapin tgid 600 pid 646 name "Binder:600_2" vma 7faa508000
           <...>-646   [004] ....  4468.426324: do_swap_page: swapin tgid 600 pid 646 name "Binder:600_2" vma 7faa679000
           <...>-1981  [004] ....  4468.427336: do_swap_page: swapin tgid 1981 pid 1981 name "droid.launcher3" vma 9e872000
           <...>-1981  [004] ....  4468.428128: do_swap_page: swapin tgid 1981 pid 1981 name "droid.launcher3" vma 9e872000
           <...>-1981  [004] ....  4468.428137: do_swap_page: swapin tgid 1981 pid 1981 name "droid.launcher3" vma 9e8cd000
           <...>-1981  [004] ....  4468.428324: do_swap_page: swapin tgid 1981 pid 1981 name "droid.launcher3" vma 9e8cd000
           <...>-1981  [004] ....  4468.428333: do_swap_page: swapin tgid 1981 pid 1981 name "droid.launcher3" vma 9e9cb000
           <...>-1981  [004] ....  4468.428455: do_swap_page: swapin tgid 1981 pid 1981 name "droid.launcher3" vma 9e9cb000
           <...>-1981  [004] ....  4468.428658: do_swap_page: swapin tgid 1981 pid 1981 name "droid.launcher3" vma 7fbe23d000
           <...>-1981  [004] ....  4468.428789: do_swap_page: swapin tgid 1981 pid 1981 name "droid.launcher3" vma 7fbe23d000
    android.anim-1358  [004] ....  4468.429077: do_swap_page: swapin tgid 1333 pid 1358 name "android.anim" vma 7eb4e9d000
    android.anim-1358  [004] ....  4468.429086: do_swap_page: swapin tgid 1333 pid 1358 name "android.anim" vma 7eb4e9e000
   Binder:5855_4-5980  [004] ....  4468.429516: do_swap_page: swapin tgid 5855 pid 5980 name "Binder:5855_4" vma 7e973cd000
           <...>-2078  [004] .n..  4468.429599: do_swap_page: swapin tgid 1333 pid 2078 name "Binder:1333_C" vma 7eb41f7000
           <...>-2078  [004] .n..  4468.429821: do_swap_page: swapin tgid 1333 pid 2078 name "Binder:1333_C" vma 7eb41f7000
           <...>-2078  [004] ....  4468.429841: do_swap_page: swapin tgid 1333 pid 2078 name "Binder:1333_C" vma 7eb41f8000
   Binder:5855_4-5980  [004] ....  4468.429861: do_swap_page: swapin tgid 5855 pid 5980 name "Binder:5855_4" vma 7e973cd000
   Binder:5855_4-5980  [004] ....  4468.429874: do_swap_page: swapin tgid 5855 pid 5980 name "Binder:5855_4" vma 136c5000
   Binder:5855_4-5980  [004] ....  4468.429901: do_swap_page: swapin tgid 5855 pid 5980 name "Binder:5855_4" vma 7e72935000
   Binder:5855_4-5980  [004] ....  4468.429911: do_swap_page: swapin tgid 5855 pid 5980 name "Binder:5855_4" vma 7eaf194000
           <...>-2078  [004] ....  4468.429961: do_swap_page: swapin tgid 1333 pid 2078 name "Binder:1333_C" vma 7eb41f8000
   Binder:5855_5-6115  [004] ....  4468.430300: do_swap_page: swapin tgid 5855 pid 6115 name "Binder:5855_5" vma 7fbe22b000
   Binder:5855_5-6115  [004] ....  4468.430310: do_swap_page: swapin tgid 5855 pid 6115 name "Binder:5855_5" vma 7ecdaae000
   Binder:5855_5-6115  [004] ....  4468.430323: do_swap_page: swapin tgid 5855 pid 6115 name "Binder:5855_5" vma 7f29f39000
           <...>-2078  [004] ....  4468.430359: do_swap_page: swapin tgid 1333 pid 2078 name "Binder:1333_C" vma 7e5cd1d000
 LazyTaskWriterT-2373  [004] ....  4468.430418: do_swap_page: swapin tgid 1333 pid 2373 name "LazyTaskWriterT" vma 7eadf22000
 LazyTaskWriterT-2373  [004] ....  4468.430424: do_swap_page: swapin tgid 1333 pid 2373 name "LazyTaskWriterT" vma 7eadf20000
           <...>-2078  [004] ....  4468.430476: do_swap_page: swapin tgid 1333 pid 2078 name "Binder:1333_C" vma 9e96c000
           <...>-2078  [004] ....  4468.430700: do_swap_page: swapin tgid 1333 pid 2078 name "Binder:1333_C" vma 9e96c000
           <...>-2078  [004] ....  4468.431230: do_swap_page: swapin tgid 1333 pid 2078 name "Binder:1333_C" vma 7eb424c000
           <...>-2078  [004] ....  4468.431237: do_swap_page: swapin tgid 1333 pid 2078 name "Binder:1333_C" vma 7eb424b000
    android.anim-1358  [004] ....  4468.431761: do_swap_page: swapin tgid 1333 pid 1358 name "android.anim" vma 7e68f7f000
    android.anim-1358  [004] ....  4468.431769: do_swap_page: swapin tgid 1333 pid 1358 name "android.anim" vma 7fbb7ba000
    android.anim-1358  [004] ....  4468.431805: do_swap_page: swapin tgid 1333 pid 1358 name "android.anim" vma 7f39808000
           <...>-1454  [004] ....  4468.431924: do_swap_page: swapin tgid 600 pid 1454 name "Binder:600_4" vma 7fba78c000
           <...>-1454  [004] ....  4468.431944: do_swap_page: swapin tgid 600 pid 1454 name "Binder:600_4" vma 7fba78d000
 android.display-1357  [004] ....  4468.432257: do_swap_page: swapin tgid 1333 pid 1357 name "android.display" vma 7e63579000
 android.display-1357  [004] ....  4468.432276: do_swap_page: swapin tgid 1333 pid 1357 name "android.display" vma 7e635e3000
           <...>-2094  [004] ....  4468.432796: do_swap_page: swapin tgid 1648 pid 2094 name "Binder:1648_5" vma 9e9d5000
   Binder:5855_5-6115  [004] ....  4468.433022: do_swap_page: swapin tgid 5855 pid 6115 name "Binder:5855_5" vma 7f29f39000
   Binder:5855_5-6115  [004] ....  4468.433034: do_swap_page: swapin tgid 5855 pid 6115 name "Binder:5855_5" vma 13ebb000
   Binder:5855_5-6115  [004] ....  4468.433053: do_swap_page: swapin tgid 5855 pid 6115 name "Binder:5855_5" vma 7f29f3a000
   Binder:5855_5-6115  [004] ....  4468.433096: do_swap_page: swapin tgid 5855 pid 6115 name "Binder:5855_5" vma 7f289b7000
   Binder:5855_5-6115  [004] ....  4468.433111: do_swap_page: swapin tgid 5855 pid 6115 name "Binder:5855_5" vma 13e87000
   Binder:5855_5-6115  [004] ....  4468.433114: do_swap_page: swapin tgid 5855 pid 6115 name "Binder:5855_5" vma 136ff000
   Binder:5855_5-6115  [004] ....  4468.433121: do_swap_page: swapin tgid 5855 pid 6115 name "Binder:5855_5" vma 7f2d144000
   Binder:5855_4-5980  [004] ....  4468.433186: do_swap_page: swapin tgid 5855 pid 5980 name "Binder:5855_4" vma 7eaf194000
   Binder:5855_4-5980  [004] ....  4468.433196: do_swap_page: swapin tgid 5855 pid 5980 name "Binder:5855_4" vma 13d3b000
 ogle.android.gm-5855  [004] ....  4468.433273: do_swap_page: swapin tgid 5855 pid 5855 name "ogle.android.gm" vma 7fbf700000
 ogle.android.gm-5855  [004] ....  4468.433278: do_swap_page: swapin tgid 5855 pid 5855 name "ogle.android.gm" vma 7eaf86e000
 ogle.android.gm-5855  [004] ....  4468.433285: do_swap_page: swapin tgid 5855 pid 5855 name "ogle.android.gm" vma 7fbe166000
 ogle.android.gm-5855  [004] ....  4468.433290: do_swap_page: swapin tgid 5855 pid 5855 name "ogle.android.gm" vma 7eaf993000
 ogle.android.gm-5855  [004] ....  4468.433309: do_swap_page: swapin tgid 5855 pid 5855 name "ogle.android.gm" vma 7eaf9c5000
    RenderThread-5925  [004] ....  4468.433337: do_swap_page: swapin tgid 5855 pid 5925 name "RenderThread" vma 7f2e3ac000
  surfaceflinger-600   [004] ....  4468.433825: do_swap_page: swapin tgid 600 pid 600 name "surfaceflinger" vma 7faa6e0000
  surfaceflinger-600   [004] ....  4468.433841: do_swap_page: swapin tgid 600 pid 600 name "surfaceflinger" vma 7faa72f000
  surfaceflinger-600   [004] ....  4468.433956: do_swap_page: swapin tgid 600 pid 600 name "surfaceflinger" vma 7fbe18c000
  surfaceflinger-600   [004] ....  4468.434912: do_swap_page: swapin tgid 600 pid 600 name "surfaceflinger" vma 7fbd4ba000
 ogle.android.gm-5855  [004] ....  4468.435229: do_swap_page: swapin tgid 5855 pid 5855 name "ogle.android.gm" vma 7fbb7d4000
  surfaceflinger-600   [004] ....  4468.435330: do_swap_page: swapin tgid 600 pid 600 name "surfaceflinger" vma 7fbd4ba000
  surfaceflinger-600   [004] ....  4468.435338: do_swap_page: swapin tgid 600 pid 600 name "surfaceflinger" vma 7fbe1e7000
   Binder:5855_5-6115  [004] ....  4468.435372: do_swap_page: swapin tgid 5855 pid 6115 name "Binder:5855_5" vma 7f2d144000
    android.anim-1358  [004] ....  4468.435551: do_swap_page: swapin tgid 1333 pid 1358 name "android.anim" vma 7e68e7a000
  surfaceflinger-600   [004] ....  4468.435587: do_swap_page: swapin tgid 600 pid 600 name "surfaceflinger" vma 7fbe1e7000
  surfaceflinger-600   [004] ....  4468.435594: do_swap_page: swapin tgid 600 pid 600 name "surfaceflinger" vma 7fbe33f000
  surfaceflinger-600   [004] ....  4468.435597: do_swap_page: swapin tgid 600 pid 600 name "surfaceflinger" vma 7fbe2ef000
  surfaceflinger-600   [004] ....  4468.435601: do_swap_page: swapin tgid 600 pid 600 name "surfaceflinger" vma 7fbf6ff000
           <...>-1981  [004] ....  4468.435900: do_swap_page: swapin tgid 1981 pid 1981 name "droid.launcher3" vma 9e909000
           <...>-1981  [004] ....  4468.435910: do_swap_page: swapin tgid 1981 pid 1981 name "droid.launcher3" vma 9e9c2000
  surfaceflinger-600   [004] ....  4468.435943: do_swap_page: swapin tgid 600 pid 600 name "surfaceflinger" vma 7fbf6ff000
           <...>-646   [004] ....  4468.436095: do_swap_page: swapin tgid 600 pid 646 name "Binder:600_2" vma 7fbaafe000
           <...>-646   [004] ....  4468.436102: do_swap_page: swapin tgid 600 pid 646 name "Binder:600_2" vma 7fbaaff000
           <...>-646   [004] ....  4468.436105: do_swap_page: swapin tgid 600 pid 646 name "Binder:600_2" vma 7fbab00000
           <...>-646   [004] ....  4468.436109: do_swap_page: swapin tgid 600 pid 646 name "Binder:600_2" vma 7fb7b6b000
           <...>-646   [004] ....  4468.436117: do_swap_page: swapin tgid 600 pid 646 name "Binder:600_2" vma 7fb92d2000
           <...>-646   [004] ....  4468.436357: do_swap_page: swapin tgid 600 pid 646 name "Binder:600_2" vma 7fb92d2000
           <...>-646   [004] ....  4468.436362: do_swap_page: swapin tgid 600 pid 646 name "Binder:600_2" vma 7fb92d3000
 ogle.android.gm-5855  [004] ....  4468.436424: do_swap_page: swapin tgid 5855 pid 5855 name "ogle.android.gm" vma 7fbb7d4000
 ogle.android.gm-5855  [004] ....  4468.436504: do_swap_page: swapin tgid 5855 pid 5855 name "ogle.android.gm" vma 7ecd99e000
           <...>-646   [004] ....  4468.436534: do_swap_page: swapin tgid 600 pid 646 name "Binder:600_2" vma 7fb92d3000
           <...>-2094  [004] ....  4468.438249: do_swap_page: swapin tgid 1648 pid 2094 name "Binder:1648_5" vma 9e9d5000
    android.anim-1358  [004] ....  4468.438392: do_swap_page: swapin tgid 1333 pid 1358 name "android.anim" vma 7e68f96000
 ogle.android.gm-5855  [004] ....  4468.438920: do_swap_page: swapin tgid 5855 pid 5855 name "ogle.android.gm" vma 7ecd99e000
 ogle.android.gm-5855  [004] ....  4468.438927: do_swap_page: swapin tgid 5855 pid 5855 name "ogle.android.gm" vma 7ecd99f000
 ogle.android.gm-5855  [004] ....  4468.438978: do_swap_page: swapin tgid 5855 pid 5855 name "ogle.android.gm" vma 13ab5000
 ogle.android.gm-5855  [004] ....  4468.438999: do_swap_page: swapin tgid 5855 pid 5855 name "ogle.android.gm" vma 1372d000
 ogle.android.gm-5855  [004] ....  4468.439004: do_swap_page: swapin tgid 5855 pid 5855 name "ogle.android.gm" vma 13700000
 ogle.android.gm-5855  [004] ....  4468.439008: do_swap_page: swapin tgid 5855 pid 5855 name "ogle.android.gm" vma 729ad000
 ogle.android.gm-5855  [004] ....  4468.439014: do_swap_page: swapin tgid 5855 pid 5855 name "ogle.android.gm" vma 72975000
 ogle.android.gm-5855  [004] ....  4468.439022: do_swap_page: swapin tgid 5855 pid 5855 name "ogle.android.gm" vma 13abf000
 ogle.android.gm-5855  [004] ....  4468.439023: do_swap_page: swapin tgid 5855 pid 5855 name "ogle.android.gm" vma 13abc000
 ogle.android.gm-5855  [004] ....  4468.439026: do_swap_page: swapin tgid 5855 pid 5855 name "ogle.android.gm" vma 1372e000
 ogle.android.gm-5855  [004] ....  4468.439028: do_swap_page: swapin tgid 5855 pid 5855 name "ogle.android.gm" vma 13733000
 ogle.android.gm-5855  [004] ....  4468.439032: do_swap_page: swapin tgid 5855 pid 5855 name "ogle.android.gm" vma 9e8f5000
    android.anim-1358  [004] ....  4468.439413: do_swap_page: swapin tgid 1333 pid 1358 name "android.anim" vma 9eb56000
 ogle.android.gm-5855  [004] ....  4468.439493: do_swap_page: swapin tgid 5855 pid 5855 name "ogle.android.gm" vma 9e8f5000
 ogle.android.gm-5855  [004] ....  4468.439499: do_swap_page: swapin tgid 5855 pid 5855 name "ogle.android.gm" vma 9e8f6000
 ogle.android.gm-5855  [004] ....  4468.439503: do_swap_page: swapin tgid 5855 pid 5855 name "ogle.android.gm" vma 13732000
 ogle.android.gm-5855  [004] ....  4468.439510: do_swap_page: swapin tgid 5855 pid 5855 name "ogle.android.gm" vma 9e8db000
 ogle.android.gm-5855  [004] ....  4468.439511: do_swap_page: swapin tgid 5855 pid 5855 name "ogle.android.gm" vma 9e8dc000
    android.anim-1358  [004] ....  4468.439557: do_swap_page: swapin tgid 1333 pid 1358 name "android.anim" vma 9eb56000
    android.anim-1358  [004] ....  4468.439596: do_swap_page: swapin tgid 1333 pid 1358 name "android.anim" vma 7f28a5b000
    android.anim-1358  [004] ....  4468.439761: do_swap_page: swapin tgid 1333 pid 1358 name "android.anim" vma 7f28a5b000
    android.anim-1358  [004] ....  4468.439789: do_swap_page: swapin tgid 1333 pid 1358 name "android.anim" vma 7f28980000
     logd.writer-567   [004] ....  4468.439845: do_swap_page: swapin tgid 555 pid 567 name "logd.writer" vma 7fb25d3000
    android.anim-1358  [004] ....  4468.439938: do_swap_page: swapin tgid 1333 pid 1358 name "android.anim" vma 7f28980000
    android.anim-1358  [004] ....  4468.439945: do_swap_page: swapin tgid 1333 pid 1358 name "android.anim" vma 7f28adb000
    android.anim-1358  [004] ....  4468.440123: do_swap_page: swapin tgid 1333 pid 1358 name "android.anim" vma 7f28adb000
    android.anim-1358  [004] ....  4468.440170: do_swap_page: swapin tgid 1333 pid 1358 name "android.anim" vma 7f28a5a000
    android.anim-1358  [004] ....  4468.440287: do_swap_page: swapin tgid 1333 pid 1358 name "android.anim" vma 7f28a5a000
    android.anim-1358  [004] ....  4468.440294: do_swap_page: swapin tgid 1333 pid 1358 name "android.anim" vma 7fba26a000
    android.anim-1358  [004] ....  4468.440303: do_swap_page: swapin tgid 1333 pid 1358 name "android.anim" vma 7ed0e88000
    android.anim-1358  [004] ....  4468.440372: do_swap_page: swapin tgid 1333 pid 1358 name "android.anim" vma 7f28bd8000
    android.anim-1358  [004] ....  4468.440403: do_swap_page: swapin tgid 1333 pid 1358 name "android.anim" vma 7ed0dde000
    android.anim-1358  [004] ....  4468.440447: do_swap_page: swapin tgid 1333 pid 1358 name "android.anim" vma 7e5cd46000
    android.anim-1358  [004] ....  4468.440623: do_swap_page: swapin tgid 1333 pid 1358 name "android.anim" vma 7e5cd46000
    android.anim-1358  [004] ....  4468.440634: do_swap_page: swapin tgid 1333 pid 1358 name "android.anim" vma 7eb43cf000
    android.anim-1358  [004] ....  4468.440807: do_swap_page: swapin tgid 1333 pid 1358 name "android.anim" vma 7eb43cf000
    android.anim-1358  [004] ....  4468.440812: do_swap_page: swapin tgid 1333 pid 1358 name "android.anim" vma 7e5d0fa000
    android.anim-1358  [004] ....  4468.440981: do_swap_page: swapin tgid 1333 pid 1358 name "android.anim" vma 7e5d0fa000
    android.anim-1358  [004] ....  4468.440991: do_swap_page: swapin tgid 1333 pid 1358 name "android.anim" vma 7e5d0fc000
    android.anim-1358  [004] ....  4468.441096: do_swap_page: swapin tgid 1333 pid 1358 name "android.anim" vma 7e5d0fc000
    android.anim-1358  [004] ....  4468.441099: do_swap_page: swapin tgid 1333 pid 1358 name "android.anim" vma 7eb41fe000
    android.anim-1358  [004] ....  4468.441200: do_swap_page: swapin tgid 1333 pid 1358 name "android.anim" vma 7eb41fe000
    android.anim-1358  [004] ....  4468.441250: do_swap_page: swapin tgid 1333 pid 1358 name "android.anim" vma 9eb35000
    android.anim-1358  [004] ....  4468.441370: do_swap_page: swapin tgid 1333 pid 1358 name "android.anim" vma 9eb35000
    android.anim-1358  [004] ....  4468.441395: do_swap_page: swapin tgid 1333 pid 1358 name "android.anim" vma 9e965000
    android.anim-1358  [004] ....  4468.441518: do_swap_page: swapin tgid 1333 pid 1358 name "android.anim" vma 9e965000
           <...>-1454  [004] ....  4468.441627: do_swap_page: swapin tgid 600 pid 1454 name "Binder:600_4" vma 7faa614000
