# tracer: nop
#
# entries-in-buffer/entries-written: 27070/27070   #P:1
#
#                              _-----=> irqs-off
#                             / _----=> need-resched
#                            | / _---=> hardirq/softirq
#                            || / _--=> preempt-depth
#                            ||| /     delay
#           TASK-PID   CPU#  ||||    TIMESTAMP  FUNCTION
#              | |       |   ||||       |         |
 GoogleApiHandle-5883  [004] ....  6953.537878: do_swap_page: swapin tgid 5855 pid 5883 name "GoogleApiHandle" vma 7e925c9000
           <...>-2278  [004] ....  6953.542134: do_swap_page: swapin tgid 2250 pid 2278 name "Binder:2250_2" vma 141d1000
   Binder:1333_B-2036  [004] ....  6953.543080: do_swap_page: swapin tgid 1333 pid 2036 name "Binder:1333_B" vma 1526c000
   Binder:1333_B-2036  [004] ....  6953.543116: do_swap_page: swapin tgid 1333 pid 2036 name "Binder:1333_B" vma 7f2d814000
   Binder:1333_B-2036  [004] ....  6953.543130: do_swap_page: swapin tgid 1333 pid 2036 name "Binder:1333_B" vma 7f2d81c000
   Binder:1333_B-2036  [004] ....  6953.543136: do_swap_page: swapin tgid 1333 pid 2036 name "Binder:1333_B" vma 7f2d818000
   Binder:1333_B-2036  [004] ....  6953.543142: do_swap_page: swapin tgid 1333 pid 2036 name "Binder:1333_B" vma 7f2d827000
   Binder:1333_B-2036  [004] ....  6953.543162: do_swap_page: swapin tgid 1333 pid 2036 name "Binder:1333_B" vma 7eb4234000
   Binder:1333_B-2036  [004] ....  6953.543172: do_swap_page: swapin tgid 1333 pid 2036 name "Binder:1333_B" vma 7eb4235000
   Binder:1333_B-2036  [004] ....  6953.543322: do_swap_page: swapin tgid 1333 pid 2036 name "Binder:1333_B" vma 7e70f20000
   Binder:1333_B-2036  [004] ....  6953.555938: do_swap_page: swapin tgid 1333 pid 2036 name "Binder:1333_B" vma 7e70f20000
   Binder:1333_B-2036  [004] ....  6953.555970: do_swap_page: swapin tgid 1333 pid 2036 name "Binder:1333_B" vma 7ed0e1c000
   Binder:1333_B-2036  [004] ....  6953.556065: do_swap_page: swapin tgid 1333 pid 2036 name "Binder:1333_B" vma 7ed0e1b000
   Binder:1333_B-2036  [004] ....  6953.556371: do_swap_page: swapin tgid 1333 pid 2036 name "Binder:1333_B" vma 7ed0e1b000
           <...>-2278  [004] ....  6953.557933: do_swap_page: swapin tgid 2250 pid 2278 name "Binder:2250_2" vma 7eae18a000
           <...>-2278  [004] ....  6953.557987: do_swap_page: swapin tgid 2250 pid 2278 name "Binder:2250_2" vma 76934000
           <...>-2278  [004] ....  6953.558796: do_swap_page: swapin tgid 2250 pid 2278 name "Binder:2250_2" vma 76934000
           <...>-2278  [004] ....  6953.560029: do_swap_page: swapin tgid 2250 pid 2278 name "Binder:2250_2" vma 1324e000
           <...>-2278  [004] ....  6953.560055: do_swap_page: swapin tgid 2250 pid 2278 name "Binder:2250_2" vma 7f2db5b000
 GoogleApiHandle-5883  [004] ....  6953.560454: do_swap_page: swapin tgid 5855 pid 5883 name "GoogleApiHandle" vma 14154000
           <...>-14502 [004] ....  6953.561753: do_swap_page: swapin tgid 2250 pid 14502 name "Binder:2250_E" vma 141d2000
           <...>-14502 [004] ....  6953.562491: do_swap_page: swapin tgid 2250 pid 14502 name "Binder:2250_E" vma 141d2000
  ClientModeImpl-1497  [004] ....  6954.296243: do_swap_page: swapin tgid 1333 pid 1497 name "ClientModeImpl" vma 7e50f31000
 wifi_ext@1.0-se-2869  [004] ....  6954.304059: do_swap_page: swapin tgid 827 pid 2869 name "wifi_ext@1.0-se" vma 7fbb589000
 wifi_ext@1.0-se-2869  [004] ....  6954.307755: do_swap_page: swapin tgid 827 pid 2869 name "wifi_ext@1.0-se" vma 7fbb58c000
 wifi_ext@1.0-se-2869  [004] ....  6954.307790: do_swap_page: swapin tgid 827 pid 2869 name "wifi_ext@1.0-se" vma 7fb9dc7000
 wifi_ext@1.0-se-2869  [004] ....  6954.307854: do_swap_page: swapin tgid 827 pid 2869 name "wifi_ext@1.0-se" vma 7fba0db000
 wifi_ext@1.0-se-2869  [004] ....  6954.307925: do_swap_page: swapin tgid 827 pid 2869 name "wifi_ext@1.0-se" vma 7fb9acf000
 wifi_ext@1.0-se-2869  [004] ....  6954.307936: do_swap_page: swapin tgid 827 pid 2869 name "wifi_ext@1.0-se" vma 7fb9ad0000
 wifi_ext@1.0-se-2869  [004] ....  6954.307942: do_swap_page: swapin tgid 827 pid 2869 name "wifi_ext@1.0-se" vma 7fb9ad1000
 wifi_ext@1.0-se-2869  [004] ....  6954.307948: do_swap_page: swapin tgid 827 pid 2869 name "wifi_ext@1.0-se" vma 7fb9ad2000
 wifi_ext@1.0-se-2869  [004] ....  6954.307954: do_swap_page: swapin tgid 827 pid 2869 name "wifi_ext@1.0-se" vma 7fb9ad3000
 wifi_ext@1.0-se-2869  [004] ....  6954.308949: do_swap_page: swapin tgid 827 pid 2869 name "wifi_ext@1.0-se" vma 7fbb44b000
 wifi_ext@1.0-se-2869  [004] ....  6954.311354: do_swap_page: swapin tgid 827 pid 2869 name "wifi_ext@1.0-se" vma 7fb9ac0000
 wifi_ext@1.0-se-2869  [004] ....  6954.311387: do_swap_page: swapin tgid 827 pid 2869 name "wifi_ext@1.0-se" vma 7fba0bf000
 wifi_ext@1.0-se-2869  [004] ....  6954.311411: do_swap_page: swapin tgid 827 pid 2869 name "wifi_ext@1.0-se" vma 7fb9a0d000
  ClientModeImpl-1497  [004] ....  6957.317594: do_swap_page: swapin tgid 1333 pid 1497 name "ClientModeImpl" vma 7f39863000
 wifi_ext@1.0-se-2869  [004] ....  6957.327505: do_swap_page: swapin tgid 827 pid 2869 name "wifi_ext@1.0-se" vma 7fbb49d000
 wifi_ext@1.0-se-2869  [004] ....  6957.327583: do_swap_page: swapin tgid 827 pid 2869 name "wifi_ext@1.0-se" vma 7fb9a6a000
 wifi_ext@1.0-se-2869  [004] ....  6957.328161: do_swap_page: swapin tgid 827 pid 2869 name "wifi_ext@1.0-se" vma 7fb9a65000
 wifi_ext@1.0-se-2869  [004] ....  6957.328223: do_swap_page: swapin tgid 827 pid 2869 name "wifi_ext@1.0-se" vma 7fb9f79000
 wifi_ext@1.0-se-2869  [004] ....  6957.329521: do_swap_page: swapin tgid 827 pid 2869 name "wifi_ext@1.0-se" vma 7fba01b000
 wifi_ext@1.0-se-2869  [004] ....  6957.330629: do_swap_page: swapin tgid 827 pid 2869 name "wifi_ext@1.0-se" vma 7fb9f17000
 wifi_ext@1.0-se-2869  [004] ....  6957.331467: do_swap_page: swapin tgid 827 pid 2869 name "wifi_ext@1.0-se" vma 7fba0d3000
 wifi_ext@1.0-se-2869  [004] ....  6957.331502: do_swap_page: swapin tgid 827 pid 2869 name "wifi_ext@1.0-se" vma 7fba125000
 wifi_ext@1.0-se-2869  [004] ....  6957.331524: do_swap_page: swapin tgid 827 pid 2869 name "wifi_ext@1.0-se" vma 7fba113000
 wifi_ext@1.0-se-2869  [004] ....  6957.331543: do_swap_page: swapin tgid 827 pid 2869 name "wifi_ext@1.0-se" vma 7fba277000
  ClientModeImpl-1497  [004] ....  6960.337116: do_swap_page: swapin tgid 1333 pid 1497 name "ClientModeImpl" vma 7e50f56000
 wifi_ext@1.0-se-2869  [004] ....  6960.346484: do_swap_page: swapin tgid 827 pid 2869 name "wifi_ext@1.0-se" vma 7fb9a68000
 wifi_ext@1.0-se-2869  [004] ....  6960.346525: do_swap_page: swapin tgid 827 pid 2869 name "wifi_ext@1.0-se" vma 7fba0dc000
 wifi_ext@1.0-se-2869  [004] ....  6960.349413: do_swap_page: swapin tgid 827 pid 2869 name "wifi_ext@1.0-se" vma 7fb9a6d000
 wifi_ext@1.0-se-2869  [004] ....  6960.349443: do_swap_page: swapin tgid 827 pid 2869 name "wifi_ext@1.0-se" vma 7fbb49b000
 wifi_ext@1.0-se-2869  [004] ....  6960.353650: do_swap_page: swapin tgid 827 pid 2869 name "wifi_ext@1.0-se" vma 7fba107000
 wifi_ext@1.0-se-2869  [004] ....  6960.353687: do_swap_page: swapin tgid 827 pid 2869 name "wifi_ext@1.0-se" vma 7fba0c0000
    UeventThread-937   [004] ....  6960.862423: do_swap_page: swapin tgid 828 pid 937 name "UeventThread" vma 7fbd227000
    UeventThread-937   [004] ....  6960.862462: do_swap_page: swapin tgid 828 pid 937 name "UeventThread" vma 7fbcdfb000
    UeventThread-937   [004] ....  6960.862472: do_swap_page: swapin tgid 828 pid 937 name "UeventThread" vma 7fbcdfc000
 FileWatcherThre-955   [004] ....  6960.862615: do_swap_page: swapin tgid 820 pid 955 name "FileWatcherThre" vma 7fbd42a000
 FileWatcherThre-955   [004] ....  6960.862637: do_swap_page: swapin tgid 820 pid 955 name "FileWatcherThre" vma 7fbcfd8000
 FileWatcherThre-955   [004] ....  6960.862645: do_swap_page: swapin tgid 820 pid 955 name "FileWatcherThre" vma 7fbcfd9000
 FileWatcherThre-955   [004] ....  6960.862652: do_swap_page: swapin tgid 820 pid 955 name "FileWatcherThre" vma 7fbd423000
 FileWatcherThre-955   [004] ....  6960.862658: do_swap_page: swapin tgid 820 pid 955 name "FileWatcherThre" vma 7fbd428000
 FileWatcherThre-955   [004] ....  6960.862683: do_swap_page: swapin tgid 820 pid 955 name "FileWatcherThre" vma 7fbd45b000
    UeventThread-937   [004] ....  6960.885911: do_swap_page: swapin tgid 828 pid 937 name "UeventThread" vma 7fbcdfc000
    UeventThread-937   [004] ....  6960.886010: do_swap_page: swapin tgid 828 pid 937 name "UeventThread" vma 7fbd21e000
 FileWatcherThre-955   [004] ....  6960.886117: do_swap_page: swapin tgid 820 pid 955 name "FileWatcherThre" vma 7fbd45b000
 FileWatcherThre-955   [004] ....  6960.886137: do_swap_page: swapin tgid 820 pid 955 name "FileWatcherThre" vma 7fbd40e000
    UeventThread-937   [004] ....  6960.886382: do_swap_page: swapin tgid 828 pid 937 name "UeventThread" vma 7fbd21e000
    UeventThread-937   [004] ....  6960.886467: do_swap_page: swapin tgid 828 pid 937 name "UeventThread" vma 7fbb82c000
    UeventThread-937   [004] ....  6960.886492: do_swap_page: swapin tgid 828 pid 937 name "UeventThread" vma 7fbde60000
 FileWatcherThre-955   [004] ....  6960.886577: do_swap_page: swapin tgid 820 pid 955 name "FileWatcherThre" vma 7fbd40e000
 FileWatcherThre-955   [004] ....  6960.886595: do_swap_page: swapin tgid 820 pid 955 name "FileWatcherThre" vma 7fbd40f000
    UeventThread-937   [004] ....  6960.886742: do_swap_page: swapin tgid 828 pid 937 name "UeventThread" vma 7fbde60000
    UeventThread-937   [004] ....  6960.886761: do_swap_page: swapin tgid 828 pid 937 name "UeventThread" vma 7fbde5c000
 FileWatcherThre-955   [004] ....  6960.886881: do_swap_page: swapin tgid 820 pid 955 name "FileWatcherThre" vma 7fbd40f000
 FileWatcherThre-955   [004] ....  6960.886923: do_swap_page: swapin tgid 820 pid 955 name "FileWatcherThre" vma 7fbd411000
    UeventThread-937   [004] ....  6960.887071: do_swap_page: swapin tgid 828 pid 937 name "UeventThread" vma 7fbde5c000
    UeventThread-937   [004] ....  6960.887087: do_swap_page: swapin tgid 828 pid 937 name "UeventThread" vma 7fbde5d000
 FileWatcherThre-955   [004] ....  6960.887209: do_swap_page: swapin tgid 820 pid 955 name "FileWatcherThre" vma 7fbd411000
 FileWatcherThre-955   [004] ....  6960.887235: do_swap_page: swapin tgid 820 pid 955 name "FileWatcherThre" vma 7fbda1b000
    UeventThread-937   [004] ....  6960.887380: do_swap_page: swapin tgid 828 pid 937 name "UeventThread" vma 7fbde5d000
    UeventThread-937   [004] ....  6960.887397: do_swap_page: swapin tgid 828 pid 937 name "UeventThread" vma 7fbd202000
    UeventThread-937   [004] ....  6960.887403: do_swap_page: swapin tgid 828 pid 937 name "UeventThread" vma 7fbd203000
    UeventThread-937   [004] ....  6960.887415: do_swap_page: swapin tgid 828 pid 937 name "UeventThread" vma 7fbcfdc000
 FileWatcherThre-955   [004] ....  6960.887537: do_swap_page: swapin tgid 820 pid 955 name "FileWatcherThre" vma 7fbda1b000
 FileWatcherThre-955   [004] ....  6960.887556: do_swap_page: swapin tgid 820 pid 955 name "FileWatcherThre" vma 7fbda17000
    UeventThread-937   [004] ....  6960.887683: do_swap_page: swapin tgid 828 pid 937 name "UeventThread" vma 7fbcfdc000
    UeventThread-937   [004] ....  6960.887700: do_swap_page: swapin tgid 828 pid 937 name "UeventThread" vma 7fbd400000
 FileWatcherThre-955   [004] ....  6960.887913: do_swap_page: swapin tgid 820 pid 955 name "FileWatcherThre" vma 7fbda17000
 FileWatcherThre-955   [004] ....  6960.887931: do_swap_page: swapin tgid 820 pid 955 name "FileWatcherThre" vma 7fbda18000
    UeventThread-937   [004] ....  6960.888024: do_swap_page: swapin tgid 828 pid 937 name "UeventThread" vma 7fbd400000
 FileWatcherThre-955   [004] ....  6960.888135: do_swap_page: swapin tgid 820 pid 955 name "FileWatcherThre" vma 7fbda18000
 FileWatcherThre-955   [004] ....  6960.888151: do_swap_page: swapin tgid 820 pid 955 name "FileWatcherThre" vma 7fbd453000
 FileWatcherThre-955   [004] ....  6960.888158: do_swap_page: swapin tgid 820 pid 955 name "FileWatcherThre" vma 7fbd454000
 FileWatcherThre-955   [004] ....  6960.888171: do_swap_page: swapin tgid 820 pid 955 name "FileWatcherThre" vma 7fbb833000
 FileWatcherThre-955   [004] ....  6960.888382: do_swap_page: swapin tgid 820 pid 955 name "FileWatcherThre" vma 7fbb846000
 FileWatcherThre-955   [004] ....  6960.889401: do_swap_page: swapin tgid 820 pid 955 name "FileWatcherThre" vma 7fbd1dc000
 FileWatcherThre-955   [004] ....  6960.890072: do_swap_page: swapin tgid 820 pid 955 name "FileWatcherThre" vma 7fbd1dc000
 FileWatcherThre-955   [004] ....  6960.890084: do_swap_page: swapin tgid 820 pid 955 name "FileWatcherThre" vma 7fbd600000
 FileWatcherThre-955   [004] ....  6960.890284: do_swap_page: swapin tgid 820 pid 955 name "FileWatcherThre" vma 7fbd600000
 FileWatcherThre-955   [004] ....  6960.890303: do_swap_page: swapin tgid 820 pid 955 name "FileWatcherThre" vma 7fbd40d000
 FileWatcherThre-955   [004] ....  6960.890318: do_swap_page: swapin tgid 820 pid 955 name "FileWatcherThre" vma 7fbda19000
 FileWatcherThre-955   [004] ....  6960.890342: do_swap_page: swapin tgid 820 pid 955 name "FileWatcherThre" vma 7fbb804000
 FileWatcherThre-955   [004] ....  6960.890355: do_swap_page: swapin tgid 820 pid 955 name "FileWatcherThre" vma 7fbd1ea000
 FileWatcherThre-955   [004] ....  6960.890524: do_swap_page: swapin tgid 820 pid 955 name "FileWatcherThre" vma 7fbd1ea000
 FileWatcherThre-955   [004] ....  6960.891496: do_swap_page: swapin tgid 820 pid 955 name "FileWatcherThre" vma 7fbb82c000
 wifi_ext@1.0-se-2869  [004] ....  6963.367452: do_swap_page: swapin tgid 827 pid 2869 name "wifi_ext@1.0-se" vma 7fba126000
 wifi_ext@1.0-se-2869  [004] ....  6963.370237: do_swap_page: swapin tgid 827 pid 2869 name "wifi_ext@1.0-se" vma 7fba106000
 wifi_ext@1.0-se-2869  [004] ....  6963.370274: do_swap_page: swapin tgid 827 pid 2869 name "wifi_ext@1.0-se" vma 7fba279000
 wifi_ext@1.0-se-2869  [004] ....  6963.370350: do_swap_page: swapin tgid 827 pid 2869 name "wifi_ext@1.0-se" vma 7fbb58b000
 wifi_ext@1.0-se-2869  [004] ....  6963.370424: do_swap_page: swapin tgid 827 pid 2869 name "wifi_ext@1.0-se" vma 7fb9ef5000
 wifi_ext@1.0-se-2869  [004] ....  6963.370433: do_swap_page: swapin tgid 827 pid 2869 name "wifi_ext@1.0-se" vma 7fb9ef6000
 wifi_ext@1.0-se-2869  [004] ....  6963.370440: do_swap_page: swapin tgid 827 pid 2869 name "wifi_ext@1.0-se" vma 7fb9ef7000
 wifi_ext@1.0-se-2869  [004] ....  6963.370447: do_swap_page: swapin tgid 827 pid 2869 name "wifi_ext@1.0-se" vma 7fb9ef8000
 wifi_ext@1.0-se-2869  [004] ....  6963.370453: do_swap_page: swapin tgid 827 pid 2869 name "wifi_ext@1.0-se" vma 7fb9ef9000
 wifi_ext@1.0-se-2869  [004] ....  6963.370537: do_swap_page: swapin tgid 827 pid 2869 name "wifi_ext@1.0-se" vma 7fb9a60000
  ClientModeImpl-1497  [004] ....  6963.370662: do_swap_page: swapin tgid 1333 pid 1497 name "ClientModeImpl" vma 7e50eec000
 wifi_ext@1.0-se-2869  [004] ....  6963.371831: do_swap_page: swapin tgid 827 pid 2869 name "wifi_ext@1.0-se" vma 7fba0fd000
 wifi_ext@1.0-se-2869  [004] ....  6963.371870: do_swap_page: swapin tgid 827 pid 2869 name "wifi_ext@1.0-se" vma 7fbb4c5000
 wifi_ext@1.0-se-2869  [004] ....  6963.374608: do_swap_page: swapin tgid 827 pid 2869 name "wifi_ext@1.0-se" vma 7fba0d4000
 HwBinder:1333_2-1462  [004] ....  6963.739920: do_swap_page: swapin tgid 1333 pid 1462 name "HwBinder:1333_2" vma 9e8a5000
 HwBinder:1333_2-1462  [004] ....  6963.739977: do_swap_page: swapin tgid 1333 pid 1462 name "HwBinder:1333_2" vma 1429c000
 HwBinder:1333_2-1462  [004] ....  6963.740033: do_swap_page: swapin tgid 1333 pid 1462 name "HwBinder:1333_2" vma 9e8fc000
   system_server-1333  [004] ....  6963.740233: do_swap_page: swapin tgid 1333 pid 1333 name "system_server" vma 9eb31000
   system_server-1333  [004] ....  6963.741112: do_swap_page: swapin tgid 1333 pid 1333 name "system_server" vma 9eb31000
   system_server-1333  [004] ....  6963.741138: do_swap_page: swapin tgid 1333 pid 1333 name "system_server" vma 9e9d8000
   system_server-1333  [004] ....  6963.741394: do_swap_page: swapin tgid 1333 pid 1333 name "system_server" vma 9e9d8000
   system_server-1333  [004] ....  6963.741563: do_swap_page: swapin tgid 1333 pid 1333 name "system_server" vma 1411a000
   system_server-1333  [004] ....  6963.741841: do_swap_page: swapin tgid 1333 pid 1333 name "system_server" vma 1411a000
   system_server-1333  [004] ....  6963.741858: do_swap_page: swapin tgid 1333 pid 1333 name "system_server" vma 14119000
   system_server-1333  [004] ....  6963.741874: do_swap_page: swapin tgid 1333 pid 1333 name "system_server" vma 1412f000
   system_server-1333  [004] ....  6963.742129: do_swap_page: swapin tgid 1333 pid 1333 name "system_server" vma 1412f000
   system_server-1333  [004] ....  6963.742147: do_swap_page: swapin tgid 1333 pid 1333 name "system_server" vma 1436a000
   system_server-1333  [004] ....  6963.742160: do_swap_page: swapin tgid 1333 pid 1333 name "system_server" vma 1411b000
   system_server-1333  [004] ....  6963.742173: do_swap_page: swapin tgid 1333 pid 1333 name "system_server" vma 13b55000
   system_server-1333  [004] ....  6963.742186: do_swap_page: swapin tgid 1333 pid 1333 name "system_server" vma 13b57000
   system_server-1333  [004] ....  6963.742192: do_swap_page: swapin tgid 1333 pid 1333 name "system_server" vma 13b59000
   system_server-1333  [004] ....  6963.742200: do_swap_page: swapin tgid 1333 pid 1333 name "system_server" vma 13b58000
   system_server-1333  [004] ....  6963.742209: do_swap_page: swapin tgid 1333 pid 1333 name "system_server" vma 13b5c000
   system_server-1333  [004] ....  6963.742245: do_swap_page: swapin tgid 1333 pid 1333 name "system_server" vma 1482e000
   system_server-1333  [004] ....  6963.742255: do_swap_page: swapin tgid 1333 pid 1333 name "system_server" vma 1404a000
   system_server-1333  [004] ....  6963.742265: do_swap_page: swapin tgid 1333 pid 1333 name "system_server" vma 14041000
   system_server-1333  [004] ....  6963.742286: do_swap_page: swapin tgid 1333 pid 1333 name "system_server" vma 13d84000
 ActivityManager-1363  [004] ....  6963.742614: do_swap_page: swapin tgid 1333 pid 1363 name "ActivityManager" vma 13b8d000
 ActivityManager-1363  [004] ....  6963.742864: do_swap_page: swapin tgid 1333 pid 1363 name "ActivityManager" vma 7e5cd37000
 ActivityManager-1363  [004] ....  6963.742899: do_swap_page: swapin tgid 1333 pid 1363 name "ActivityManager" vma 7e637d4000
 ActivityManager-1363  [004] ....  6963.742931: do_swap_page: swapin tgid 1333 pid 1363 name "ActivityManager" vma 7f2d729000
 ActivityManager-1363  [004] ....  6963.742961: do_swap_page: swapin tgid 1333 pid 1363 name "ActivityManager" vma 7f2d6fa000
 ActivityManager-1363  [004] ....  6963.743116: do_swap_page: swapin tgid 1333 pid 1363 name "ActivityManager" vma 7e5d1f5000
 PowerManagerSer-1380  [004] ....  6963.743300: do_swap_page: swapin tgid 1333 pid 1380 name "PowerManagerSer" vma 9ea3b000
   Binder:1648_9-5397  [004] ....  6963.743590: do_swap_page: swapin tgid 1648 pid 5397 name "Binder:1648_9" vma 7f2d805000
   Binder:1648_9-5397  [004] ....  6963.743620: do_swap_page: swapin tgid 1648 pid 5397 name "Binder:1648_9" vma 7f2d809000
   Binder:1648_9-5397  [004] ....  6963.743629: do_swap_page: swapin tgid 1648 pid 5397 name "Binder:1648_9" vma 7f2d806000
   Binder:1648_9-5397  [004] ....  6963.743635: do_swap_page: swapin tgid 1648 pid 5397 name "Binder:1648_9" vma 7f2d800000
   Binder:1648_9-5397  [004] ....  6963.743648: do_swap_page: swapin tgid 1648 pid 5397 name "Binder:1648_9" vma 7ec9d54000
 ndroid.systemui-1648  [004] ....  6963.744068: do_swap_page: swapin tgid 1648 pid 1648 name "ndroid.systemui" vma 7fbbf50000
 PowerManagerSer-1380  [004] ....  6963.744271: do_swap_page: swapin tgid 1333 pid 1380 name "PowerManagerSer" vma 9ea3b000
 ActivityManager-1363  [004] ....  6963.744535: do_swap_page: swapin tgid 1333 pid 1363 name "ActivityManager" vma 7e5d1f5000
 ActivityManager-1363  [004] ....  6963.744557: do_swap_page: swapin tgid 1333 pid 1363 name "ActivityManager" vma 7e63745000
 ActivityManager-1363  [004] ....  6963.744851: do_swap_page: swapin tgid 1333 pid 1363 name "ActivityManager" vma 7e690d4000
 ndroid.systemui-1648  [004] ....  6963.744952: do_swap_page: swapin tgid 1648 pid 1648 name "ndroid.systemui" vma 7fbbf50000
 ndroid.systemui-1648  [004] ....  6963.744973: do_swap_page: swapin tgid 1648 pid 1648 name "ndroid.systemui" vma 7fbbf51000
   Binder:1648_9-5397  [004] .n..  6963.745226: do_swap_page: swapin tgid 1648 pid 5397 name "Binder:1648_9" vma 7fbe235000
   Binder:1648_9-5397  [004] ....  6963.745306: do_swap_page: swapin tgid 1648 pid 5397 name "Binder:1648_9" vma 13f05000
 ndroid.systemui-1648  [004] ....  6963.745466: do_swap_page: swapin tgid 1648 pid 1648 name "ndroid.systemui" vma 7fbbf51000
 ndroid.systemui-1648  [004] ....  6963.745488: do_swap_page: swapin tgid 1648 pid 1648 name "ndroid.systemui" vma 9ea05000
   system_server-1333  [004] ....  6963.745626: do_swap_page: swapin tgid 1333 pid 1333 name "system_server" vma 9e8bc000
   system_server-1333  [004] ....  6963.745644: do_swap_page: swapin tgid 1333 pid 1333 name "system_server" vma 9e9f5000
 ndroid.systemui-1648  [004] ....  6963.745777: do_swap_page: swapin tgid 1648 pid 1648 name "ndroid.systemui" vma 9ea05000
 ndroid.systemui-1648  [004] ....  6963.745797: do_swap_page: swapin tgid 1648 pid 1648 name "ndroid.systemui" vma 130c0000
 ndroid.systemui-1648  [004] ....  6963.745922: do_swap_page: swapin tgid 1648 pid 1648 name "ndroid.systemui" vma 9e842000
 ndroid.systemui-1648  [004] ....  6963.745942: do_swap_page: swapin tgid 1648 pid 1648 name "ndroid.systemui" vma 9ea6f000
   system_server-1333  [004] ....  6963.746033: do_swap_page: swapin tgid 1333 pid 1333 name "system_server" vma 9e9f5000
   system_server-1333  [004] .n..  6963.746162: do_swap_page: swapin tgid 1333 pid 1333 name "system_server" vma 9e8ea000
   system_server-1333  [004] ....  6963.746207: do_swap_page: swapin tgid 1333 pid 1333 name "system_server" vma 9eabc000
 ActivityManager-1363  [004] ....  6963.746283: do_swap_page: swapin tgid 1333 pid 1363 name "ActivityManager" vma 7e690d4000
 ActivityManager-1363  [004] ....  6963.746548: do_swap_page: swapin tgid 1333 pid 1363 name "ActivityManager" vma 1559f000
 ActivityManager-1363  [004] ....  6963.746567: do_swap_page: swapin tgid 1333 pid 1363 name "ActivityManager" vma 1559a000
 ActivityManager-1363  [004] ....  6963.746768: do_swap_page: swapin tgid 1333 pid 1363 name "ActivityManager" vma 7ed0cb4000
 ActivityManager-1363  [004] ....  6963.746791: do_swap_page: swapin tgid 1333 pid 1363 name "ActivityManager" vma 7e4b010000
 ActivityManager-1363  [004] ....  6963.746800: do_swap_page: swapin tgid 1333 pid 1363 name "ActivityManager" vma 7ed0e8d000
   Binder:1868_1-1894  [004] ....  6963.747173: do_swap_page: swapin tgid 1868 pid 1894 name "Binder:1868_1" vma 7fbe2f1000
   Binder:1868_1-1894  [004] ....  6963.747203: do_swap_page: swapin tgid 1868 pid 1894 name "Binder:1868_1" vma 7fbe177000
  Binder:19958_6-20280 [004] ....  6963.747319: do_swap_page: swapin tgid 19958 pid 20280 name "Binder:19958_6" vma 7ecdb45000
  Binder:19958_6-20280 [004] ....  6963.747398: do_swap_page: swapin tgid 19958 pid 20280 name "Binder:19958_6" vma 7f29b1e000
  Binder:19958_6-20280 [004] ....  6963.747415: do_swap_page: swapin tgid 19958 pid 20280 name "Binder:19958_6" vma 7f29b1f000
   Binder:1868_1-1894  [004] ....  6963.747563: do_swap_page: swapin tgid 1868 pid 1894 name "Binder:1868_1" vma 7fbe177000
   Binder:1868_1-1894  [004] ....  6963.747595: do_swap_page: swapin tgid 1868 pid 1894 name "Binder:1868_1" vma 14484000
   Binder:1868_1-1894  [004] ....  6963.747662: do_swap_page: swapin tgid 1868 pid 1894 name "Binder:1868_1" vma 7fbe162000
   Binder:1868_1-1894  [004] ....  6963.747695: do_swap_page: swapin tgid 1868 pid 1894 name "Binder:1868_1" vma 7fbe2df000
   Binder:1868_1-1894  [004] ....  6963.747711: do_swap_page: swapin tgid 1868 pid 1894 name "Binder:1868_1" vma 7ed1a80000
   Binder:1648_9-5397  [004] ....  6963.747855: do_swap_page: swapin tgid 1648 pid 5397 name "Binder:1648_9" vma 7fbe239000
   Binder:1868_1-1894  [004] ....  6963.748024: do_swap_page: swapin tgid 1868 pid 1894 name "Binder:1868_1" vma 7ed1a80000
   Binder:1868_1-1894  [004] ....  6963.748046: do_swap_page: swapin tgid 1868 pid 1894 name "Binder:1868_1" vma 7ed1aaf000
   Binder:1868_1-1894  [004] ....  6963.748117: do_swap_page: swapin tgid 1868 pid 1894 name "Binder:1868_1" vma 14498000
  Binder:19958_6-20280 [004] ....  6963.748239: do_swap_page: swapin tgid 19958 pid 20280 name "Binder:19958_6" vma 7f29b1f000
  Binder:19958_6-20280 [004] ....  6963.748268: do_swap_page: swapin tgid 19958 pid 20280 name "Binder:19958_6" vma 7fbe2fe000
  Binder:19958_6-20280 [004] ....  6963.748288: do_swap_page: swapin tgid 19958 pid 20280 name "Binder:19958_6" vma 7ecdb94000
 ndroid.systemui-1648  [004] ....  6963.748358: do_swap_page: swapin tgid 1648 pid 1648 name "ndroid.systemui" vma 9ea6f000
 ndroid.systemui-1648  [004] ....  6963.748505: do_swap_page: swapin tgid 1648 pid 1648 name "ndroid.systemui" vma 13f04000
 ndroid.systemui-1648  [004] ....  6963.748528: do_swap_page: swapin tgid 1648 pid 1648 name "ndroid.systemui" vma 13db9000
 ndroid.systemui-1648  [004] ....  6963.748538: do_swap_page: swapin tgid 1648 pid 1648 name "ndroid.systemui" vma 9e940000
 ndroid.systemui-1648  [004] ....  6963.748552: do_swap_page: swapin tgid 1648 pid 1648 name "ndroid.systemui" vma 9e932000
   Binder:1868_1-1894  [004] ....  6963.748692: do_swap_page: swapin tgid 1868 pid 1894 name "Binder:1868_1" vma 14498000
   Binder:1868_1-1894  [004] ....  6963.748746: do_swap_page: swapin tgid 1868 pid 1894 name "Binder:1868_1" vma 7fbe260000
   Binder:1868_1-1894  [004] ....  6963.748876: do_swap_page: swapin tgid 1868 pid 1894 name "Binder:1868_1" vma 7f28b36000
   Binder:1868_1-1894  [004] ....  6963.748907: do_swap_page: swapin tgid 1868 pid 1894 name "Binder:1868_1" vma 1452d000
  Binder:19958_6-20280 [004] ....  6963.748985: do_swap_page: swapin tgid 19958 pid 20280 name "Binder:19958_6" vma 7ecdb94000
  Binder:19958_6-20280 [004] ....  6963.749005: do_swap_page: swapin tgid 19958 pid 20280 name "Binder:19958_6" vma 7ecdb95000
  Binder:19958_6-20280 [004] ....  6963.749033: do_swap_page: swapin tgid 19958 pid 20280 name "Binder:19958_6" vma 7fbe23a000
  Binder:19958_6-20280 [004] ....  6963.749042: do_swap_page: swapin tgid 19958 pid 20280 name "Binder:19958_6" vma 7ebb8ed000
  Binder:19958_6-20280 [004] ....  6963.749077: do_swap_page: swapin tgid 19958 pid 20280 name "Binder:19958_6" vma 7fbe1a6000
  Binder:19958_6-20280 [004] ....  6963.749091: do_swap_page: swapin tgid 19958 pid 20280 name "Binder:19958_6" vma 7f28b1a000
  Binder:19958_6-20280 [004] ....  6963.749204: do_swap_page: swapin tgid 19958 pid 20280 name "Binder:19958_6" vma 13380000
  Binder:19958_6-20280 [004] ....  6963.749241: do_swap_page: swapin tgid 19958 pid 20280 name "Binder:19958_6" vma 7fbe077000
  Binder:19958_6-20280 [004] ....  6963.749251: do_swap_page: swapin tgid 19958 pid 20280 name "Binder:19958_6" vma 7f29b1d000
  Binder:19958_6-20280 [004] ....  6963.749257: do_swap_page: swapin tgid 19958 pid 20280 name "Binder:19958_6" vma 13384000
  Binder:19958_6-20280 [004] ....  6963.749283: do_swap_page: swapin tgid 19958 pid 20280 name "Binder:19958_6" vma 7ecdaf3000
  Binder:19958_6-20280 [004] ....  6963.749291: do_swap_page: swapin tgid 19958 pid 20280 name "Binder:19958_6" vma 7ecdbc0000
  Binder:19958_6-20280 [004] ....  6963.749306: do_swap_page: swapin tgid 19958 pid 20280 name "Binder:19958_6" vma 7fbe1d5000
  Binder:19958_6-20280 [004] ....  6963.749321: do_swap_page: swapin tgid 19958 pid 20280 name "Binder:19958_6" vma 7f395f0000
   Binder:1868_1-1894  [004] ....  6963.749396: do_swap_page: swapin tgid 1868 pid 1894 name "Binder:1868_1" vma 1452d000
   Binder:1868_1-1894  [004] ....  6963.749419: do_swap_page: swapin tgid 1868 pid 1894 name "Binder:1868_1" vma 144ad000
   Binder:1868_1-1894  [004] ....  6963.749442: do_swap_page: swapin tgid 1868 pid 1894 name "Binder:1868_1" vma 144b7000
   Binder:1868_1-1894  [004] ....  6963.749465: do_swap_page: swapin tgid 1868 pid 1894 name "Binder:1868_1" vma 7fbe254000
   Binder:1868_1-1894  [004] ....  6963.749498: do_swap_page: swapin tgid 1868 pid 1894 name "Binder:1868_1" vma 7fbe1d0000
   Binder:1868_1-1894  [004] ....  6963.749504: do_swap_page: swapin tgid 1868 pid 1894 name "Binder:1868_1" vma 7fbe22e000
 m.android.phone-1868  [004] ....  6963.749611: do_swap_page: swapin tgid 1868 pid 1868 name "m.android.phone" vma 7fffffd000
 m.android.phone-1868  [004] ....  6963.749639: do_swap_page: swapin tgid 1868 pid 1868 name "m.android.phone" vma 7fbe491000
   system_server-1333  [004] ....  6963.749735: do_swap_page: swapin tgid 1333 pid 1333 name "system_server" vma 9eabc000
   system_server-1333  [004] ....  6963.749761: do_swap_page: swapin tgid 1333 pid 1333 name "system_server" vma 9e8c7000
   system_server-1333  [004] ....  6963.749769: do_swap_page: swapin tgid 1333 pid 1333 name "system_server" vma 9eb48000
   Binder:1648_9-5397  [004] ....  6963.749843: do_swap_page: swapin tgid 1648 pid 5397 name "Binder:1648_9" vma 7fbe239000
   Binder:1648_9-5397  [004] ....  6963.750042: do_swap_page: swapin tgid 1648 pid 5397 name "Binder:1648_9" vma 13f13000
 m.android.phone-1868  [004] ....  6963.750128: do_swap_page: swapin tgid 1868 pid 1868 name "m.android.phone" vma 7fbe491000
 m.android.phone-1868  [004] ....  6963.750154: do_swap_page: swapin tgid 1868 pid 1868 name "m.android.phone" vma 7fbe1a2000
 m.android.phone-1868  [004] ....  6963.750163: do_swap_page: swapin tgid 1868 pid 1868 name "m.android.phone" vma 7fbe1a3000
 m.android.phone-1868  [004] ....  6963.750168: do_swap_page: swapin tgid 1868 pid 1868 name "m.android.phone" vma 7fbe25a000
 m.android.phone-1868  [004] ....  6963.750179: do_swap_page: swapin tgid 1868 pid 1868 name "m.android.phone" vma 7fffffc000
 m.android.phone-1868  [004] ....  6963.750199: do_swap_page: swapin tgid 1868 pid 1868 name "m.android.phone" vma 7fffffb000
 m.android.phone-1868  [004] ....  6963.750209: do_swap_page: swapin tgid 1868 pid 1868 name "m.android.phone" vma 72805000
  Binder:19958_6-20280 [004] ....  6963.750307: do_swap_page: swapin tgid 19958 pid 20280 name "Binder:19958_6" vma 7f395f0000
  Binder:19958_6-20280 [004] ....  6963.750349: do_swap_page: swapin tgid 19958 pid 20280 name "Binder:19958_6" vma 7fbe179000
 m.android.phone-1868  [004] ....  6963.750491: do_swap_page: swapin tgid 1868 pid 1868 name "m.android.phone" vma 72805000
 m.android.phone-1868  [004] ....  6963.750510: do_swap_page: swapin tgid 1868 pid 1868 name "m.android.phone" vma 72972000
   system_server-1333  [004] ....  6963.750603: do_swap_page: swapin tgid 1333 pid 1333 name "system_server" vma 9eb48000
   system_server-1333  [004] ....  6963.750620: do_swap_page: swapin tgid 1333 pid 1333 name "system_server" vma 9ea05000
 ndroid.systemui-1648  [004] ....  6963.750704: do_swap_page: swapin tgid 1648 pid 1648 name "ndroid.systemui" vma 9e932000
 ndroid.systemui-1648  [004] ....  6963.750723: do_swap_page: swapin tgid 1648 pid 1648 name "ndroid.systemui" vma 9eab5000
 m.android.phone-1868  [004] ....  6963.750916: do_swap_page: swapin tgid 1868 pid 1868 name "m.android.phone" vma 72972000
 m.android.phone-1868  [004] ....  6963.750946: do_swap_page: swapin tgid 1868 pid 1868 name "m.android.phone" vma 7fbde23000
 m.android.phone-1868  [004] ....  6963.750963: do_swap_page: swapin tgid 1868 pid 1868 name "m.android.phone" vma 133e9000
 m.android.phone-1868  [004] ....  6963.750979: do_swap_page: swapin tgid 1868 pid 1868 name "m.android.phone" vma 144a1000
  Binder:19958_6-20280 [004] ....  6963.751103: do_swap_page: swapin tgid 19958 pid 20280 name "Binder:19958_6" vma 7fbe179000
  Binder:19958_6-20280 [004] ....  6963.751130: do_swap_page: swapin tgid 19958 pid 20280 name "Binder:19958_6" vma 7ebb9e8000
  Binder:19958_6-20280 [004] ....  6963.751160: do_swap_page: swapin tgid 19958 pid 20280 name "Binder:19958_6" vma 1308a000
 m.android.phone-1868  [004] ....  6963.751297: do_swap_page: swapin tgid 1868 pid 1868 name "m.android.phone" vma 144a1000
 m.android.phone-1868  [004] ....  6963.751323: do_swap_page: swapin tgid 1868 pid 1868 name "m.android.phone" vma 7f28c33000
   system_server-1333  [004] ....  6963.751412: do_swap_page: swapin tgid 1333 pid 1333 name "system_server" vma 9ea05000
   system_server-1333  [004] ....  6963.751488: do_swap_page: swapin tgid 1333 pid 1333 name "system_server" vma 9e9f6000
 m.android.phone-1868  [004] ....  6963.751633: do_swap_page: swapin tgid 1868 pid 1868 name "m.android.phone" vma 7f28c33000
 m.android.phone-1868  [004] ....  6963.751659: do_swap_page: swapin tgid 1868 pid 1868 name "m.android.phone" vma 7ebf7f0000
  Binder:19958_6-20280 [004] ....  6963.751821: do_swap_page: swapin tgid 19958 pid 20280 name "Binder:19958_6" vma 1308a000
  Binder:19958_6-20280 [004] ....  6963.751889: do_swap_page: swapin tgid 19958 pid 20280 name "Binder:19958_6" vma 7f39848000
  Binder:19958_6-20280 [004] ....  6963.751906: do_swap_page: swapin tgid 19958 pid 20280 name "Binder:19958_6" vma 7ebba59000
  Binder:19958_6-20280 [004] ....  6963.751934: do_swap_page: swapin tgid 19958 pid 20280 name "Binder:19958_6" vma 130b9000
   system_server-1333  [004] ....  6963.752104: do_swap_page: swapin tgid 1333 pid 1333 name "system_server" vma 9e9f6000
   system_server-1333  [004] ....  6963.752130: do_swap_page: swapin tgid 1333 pid 1333 name "system_server" vma 14372000
   system_server-1333  [004] ....  6963.752234: do_swap_page: swapin tgid 1333 pid 1333 name "system_server" vma 9e8ac000
   system_server-1333  [004] ....  6963.752256: do_swap_page: swapin tgid 1333 pid 1333 name "system_server" vma 9e9e1000
           <...>-1354  [004] ....  6963.752421: do_swap_page: swapin tgid 1333 pid 1354 name "android.fg" vma 13d25000
           <...>-1354  [004] ....  6963.752448: do_swap_page: swapin tgid 1333 pid 1354 name "android.fg" vma 7f28b94000
           <...>-1354  [004] ....  6963.752462: do_swap_page: swapin tgid 1333 pid 1354 name "android.fg" vma 7f39808000
           <...>-1354  [004] ....  6963.752509: do_swap_page: swapin tgid 1333 pid 1354 name "android.fg" vma 7282f000
           <...>-1354  [004] ....  6963.752543: do_swap_page: swapin tgid 1333 pid 1354 name "android.fg" vma 7f28a18000
 m.android.phone-1868  [004] ....  6963.752639: do_swap_page: swapin tgid 1868 pid 1868 name "m.android.phone" vma 7ebf7f0000
 m.android.phone-1868  [004] ....  6963.752659: do_swap_page: swapin tgid 1868 pid 1868 name "m.android.phone" vma 144a7000
 ndroid.systemui-1648  [004] ....  6963.752740: do_swap_page: swapin tgid 1648 pid 1648 name "ndroid.systemui" vma 9eab5000
 ndroid.systemui-1648  [004] ....  6963.752757: do_swap_page: swapin tgid 1648 pid 1648 name "ndroid.systemui" vma 9e9eb000
  Binder:19958_6-20280 [004] ....  6963.752911: do_swap_page: swapin tgid 19958 pid 20280 name "Binder:19958_6" vma 130b9000
  Binder:19958_6-20280 [004] ....  6963.752936: do_swap_page: swapin tgid 19958 pid 20280 name "Binder:19958_6" vma 130b7000
  Binder:19958_6-20280 [004] ....  6963.752970: do_swap_page: swapin tgid 19958 pid 20280 name "Binder:19958_6" vma 7fbe25e000
  Binder:19958_6-20280 [004] ....  6963.753003: do_swap_page: swapin tgid 19958 pid 20280 name "Binder:19958_6" vma 7f2e196000
  Binder:19958_6-20280 [004] ....  6963.753065: do_swap_page: swapin tgid 19958 pid 20280 name "Binder:19958_6" vma 7f2d681000
 LacrimaBroadcas-20041 [004] ....  6963.753124: do_swap_page: swapin tgid 19958 pid 20041 name "LacrimaBroadcas" vma 7eb13d8000
 LacrimaBroadcas-20041 [004] ....  6963.753152: do_swap_page: swapin tgid 19958 pid 20041 name "LacrimaBroadcas" vma 7eb13d9000
  Binder:19958_6-20280 [004] ....  6963.753440: do_swap_page: swapin tgid 19958 pid 20280 name "Binder:19958_6" vma 7fbe235000
           <...>-1354  [004] ....  6963.753508: do_swap_page: swapin tgid 1333 pid 1354 name "android.fg" vma 7f28a18000
           <...>-1354  [004] ....  6963.753608: do_swap_page: swapin tgid 1333 pid 1354 name "android.fg" vma 7f289cd000
 m.android.phone-1868  [004] ....  6963.753711: do_swap_page: swapin tgid 1868 pid 1868 name "m.android.phone" vma 144a7000
 m.android.phone-1868  [004] ....  6963.753739: do_swap_page: swapin tgid 1868 pid 1868 name "m.android.phone" vma 7f34ef1000
 m.android.phone-1868  [004] ....  6963.753797: do_swap_page: swapin tgid 1868 pid 1868 name "m.android.phone" vma 7fbe15d000
 m.android.phone-1868  [004] ....  6963.753813: do_swap_page: swapin tgid 1868 pid 1868 name "m.android.phone" vma 7fbe15c000
 m.android.phone-1868  [004] ....  6963.753822: do_swap_page: swapin tgid 1868 pid 1868 name "m.android.phone" vma 1449f000
   system_server-1333  [004] ....  6963.753911: do_swap_page: swapin tgid 1333 pid 1333 name "system_server" vma 9e9e1000
   system_server-1333  [004] ....  6963.753980: do_swap_page: swapin tgid 1333 pid 1333 name "system_server" vma 9e8e3000
   system_server-1333  [004] ....  6963.753995: do_swap_page: swapin tgid 1333 pid 1333 name "system_server" vma 9ea27000
 ndroid.systemui-1648  [004] ....  6963.754126: do_swap_page: swapin tgid 1648 pid 1648 name "ndroid.systemui" vma 9e9eb000
 ndroid.systemui-1648  [004] ....  6963.754149: do_swap_page: swapin tgid 1648 pid 1648 name "ndroid.systemui" vma 9ea46000
 ndroid.systemui-1648  [004] ....  6963.754158: do_swap_page: swapin tgid 1648 pid 1648 name "ndroid.systemui" vma 9e91d000
           <...>-1354  [004] ....  6963.754288: do_swap_page: swapin tgid 1333 pid 1354 name "android.fg" vma 7f289cd000
           <...>-1354  [004] ....  6963.754378: do_swap_page: swapin tgid 1333 pid 1354 name "android.fg" vma 7f28a81000
 m.android.phone-1868  [004] ....  6963.754503: do_swap_page: swapin tgid 1868 pid 1868 name "m.android.phone" vma 1449f000
 m.android.phone-1868  [004] ....  6963.754521: do_swap_page: swapin tgid 1868 pid 1868 name "m.android.phone" vma 144a4000
           <...>-1354  [004] ....  6963.754672: do_swap_page: swapin tgid 1333 pid 1354 name "android.fg" vma 7f28a81000
           <...>-1354  [004] ....  6963.754689: do_swap_page: swapin tgid 1333 pid 1354 name "android.fg" vma 7f28af5000
           <...>-1354  [004] ....  6963.754706: do_swap_page: swapin tgid 1333 pid 1354 name "android.fg" vma 7fbe187000
 LacrimaBroadcas-20041 [004] ....  6963.758697: do_swap_page: swapin tgid 19958 pid 20041 name "LacrimaBroadcas" vma 7eb13d9000
 LacrimaBroadcas-20041 [004] ....  6963.758722: do_swap_page: swapin tgid 19958 pid 20041 name "LacrimaBroadcas" vma 7ebb848000
 LacrimaBroadcas-20041 [004] ....  6963.758728: do_swap_page: swapin tgid 19958 pid 20041 name "LacrimaBroadcas" vma 7ebb849000
 LacrimaBroadcas-20041 [004] ....  6963.758744: do_swap_page: swapin tgid 19958 pid 20041 name "LacrimaBroadcas" vma 7eb13d7000
 LacrimaBroadcas-20041 [004] ....  6963.758769: do_swap_page: swapin tgid 19958 pid 20041 name "LacrimaBroadcas" vma 7f2dbaf000
 LacrimaBroadcas-20041 [004] ....  6963.758788: do_swap_page: swapin tgid 19958 pid 20041 name "LacrimaBroadcas" vma 9e94b000
           <...>-1354  [004] ....  6963.758879: do_swap_page: swapin tgid 1333 pid 1354 name "android.fg" vma 7fbe187000
           <...>-1354  [004] ....  6963.758892: do_swap_page: swapin tgid 1333 pid 1354 name "android.fg" vma 7f289b6000
           <...>-1354  [004] ....  6963.758923: do_swap_page: swapin tgid 1333 pid 1354 name "android.fg" vma 7282c000
           <...>-1354  [004] ....  6963.758928: do_swap_page: swapin tgid 1333 pid 1354 name "android.fg" vma 7f289fb000
           <...>-1354  [004] ....  6963.758945: do_swap_page: swapin tgid 1333 pid 1354 name "android.fg" vma 14274000
           <...>-1354  [004] ....  6963.758951: do_swap_page: swapin tgid 1333 pid 1354 name "android.fg" vma 13c2a000
 m.android.phone-1868  [004] ....  6963.759001: do_swap_page: swapin tgid 1868 pid 1868 name "m.android.phone" vma 144a4000
 m.android.phone-1868  [004] ....  6963.759013: do_swap_page: swapin tgid 1868 pid 1868 name "m.android.phone" vma 144af000
   system_server-1333  [004] ....  6963.759074: do_swap_page: swapin tgid 1333 pid 1333 name "system_server" vma 9ea27000
   system_server-1333  [004] ....  6963.759115: do_swap_page: swapin tgid 1333 pid 1333 name "system_server" vma 14126000
 ndroid.systemui-1648  [004] ....  6963.759165: do_swap_page: swapin tgid 1648 pid 1648 name "ndroid.systemui" vma 9e91d000
 ndroid.systemui-1648  [004] ....  6963.759176: do_swap_page: swapin tgid 1648 pid 1648 name "ndroid.systemui" vma 9ead7000
  Binder:19958_6-20280 [004] ....  6963.759229: do_swap_page: swapin tgid 19958 pid 20280 name "Binder:19958_6" vma 7fbe235000
  Binder:19958_6-20280 [004] ....  6963.759254: do_swap_page: swapin tgid 19958 pid 20280 name "Binder:19958_6" vma 7f318dd000
 m.android.phone-1868  [004] ....  6963.759526: do_swap_page: swapin tgid 1868 pid 1868 name "m.android.phone" vma 144af000
 LacrimaBroadcas-20041 [004] ....  6963.759561: do_swap_page: swapin tgid 19958 pid 20041 name "LacrimaBroadcas" vma 9e94b000
 LacrimaBroadcas-20041 [004] ....  6963.759580: do_swap_page: swapin tgid 19958 pid 20041 name "LacrimaBroadcas" vma 9ee80000
 m.android.phone-1868  [004] ....  6963.759643: do_swap_page: swapin tgid 1868 pid 1868 name "m.android.phone" vma 7f2898a000
 m.android.phone-1868  [004] ....  6963.759657: do_swap_page: swapin tgid 1868 pid 1868 name "m.android.phone" vma 7f28bb2000
   system_server-1333  [004] ....  6963.759731: do_swap_page: swapin tgid 1333 pid 1333 name "system_server" vma 14126000
   system_server-1333  [004] ....  6963.759779: do_swap_page: swapin tgid 1333 pid 1333 name "system_server" vma 13b61000
   system_server-1333  [004] ....  6963.759795: do_swap_page: swapin tgid 1333 pid 1333 name "system_server" vma 9e904000
   system_server-1333  [004] ....  6963.759807: do_swap_page: swapin tgid 1333 pid 1333 name "system_server" vma 9ea4d000
 LacrimaBroadcas-20041 [004] ....  6963.759896: do_swap_page: swapin tgid 19958 pid 20041 name "LacrimaBroadcas" vma 9ee80000
 LacrimaBroadcas-20041 [004] ....  6963.759913: do_swap_page: swapin tgid 19958 pid 20041 name "LacrimaBroadcas" vma 9e9ce000
   system_server-1333  [004] ....  6963.760055: do_swap_page: swapin tgid 1333 pid 1333 name "system_server" vma 9e9fd000
 m.android.phone-1868  [004] ....  6963.760135: do_swap_page: swapin tgid 1868 pid 1868 name "m.android.phone" vma 7f28bb2000
 m.android.phone-1868  [004] ....  6963.760150: do_swap_page: swapin tgid 1868 pid 1868 name "m.android.phone" vma 7f28b37000
 ndroid.systemui-1648  [004] ....  6963.760242: do_swap_page: swapin tgid 1648 pid 1648 name "ndroid.systemui" vma 9ead7000
 ndroid.systemui-1648  [004] ....  6963.760259: do_swap_page: swapin tgid 1648 pid 1648 name "ndroid.systemui" vma 9eb2e000
   system_server-1333  [004] ....  6963.760315: do_swap_page: swapin tgid 1333 pid 1333 name "system_server" vma 9e9fd000
 m.android.phone-1868  [004] ....  6963.760413: do_swap_page: swapin tgid 1868 pid 1868 name "m.android.phone" vma 7f28b37000
 m.android.phone-1868  [004] ....  6963.760430: do_swap_page: swapin tgid 1868 pid 1868 name "m.android.phone" vma 7ed1a6e000
 ndroid.systemui-1648  [004] ....  6963.760517: do_swap_page: swapin tgid 1648 pid 1648 name "ndroid.systemui" vma 9eb2e000
 ndroid.systemui-1648  [004] ....  6963.760532: do_swap_page: swapin tgid 1648 pid 1648 name "ndroid.systemui" vma 9eb1a000
 m.android.phone-1868  [004] ....  6963.760638: do_swap_page: swapin tgid 1868 pid 1868 name "m.android.phone" vma 7ed1a6e000
 m.android.phone-1868  [004] ....  6963.760674: do_swap_page: swapin tgid 1868 pid 1868 name "m.android.phone" vma 7f28b3c000
 m.android.phone-1868  [004] ....  6963.760683: do_swap_page: swapin tgid 1868 pid 1868 name "m.android.phone" vma 7fbf6ff000
  Binder:19958_6-20280 [004] ....  6963.760735: do_swap_page: swapin tgid 19958 pid 20280 name "Binder:19958_6" vma 7f318dd000
  Binder:19958_6-20280 [004] ....  6963.760790: do_swap_page: swapin tgid 19958 pid 20280 name "Binder:19958_6" vma 13883000
 ndroid.systemui-1648  [004] ....  6963.760865: do_swap_page: swapin tgid 1648 pid 1648 name "ndroid.systemui" vma 9eb1a000
 ndroid.systemui-1648  [004] ....  6963.760875: do_swap_page: swapin tgid 1648 pid 1648 name "ndroid.systemui" vma 9ea7a000
 m.android.phone-1868  [004] ....  6963.760928: do_swap_page: swapin tgid 1868 pid 1868 name "m.android.phone" vma 7fbf6ff000
 m.android.phone-1868  [004] ....  6963.760970: do_swap_page: swapin tgid 1868 pid 1868 name "m.android.phone" vma 14578000
 ndroid.systemui-1648  [004] ....  6963.761049: do_swap_page: swapin tgid 1648 pid 1648 name "ndroid.systemui" vma 9ea7a000
 ndroid.systemui-1648  [004] ....  6963.761062: do_swap_page: swapin tgid 1648 pid 1648 name "ndroid.systemui" vma 9ea91000
 ndroid.systemui-1648  [004] ....  6963.761280: do_swap_page: swapin tgid 1648 pid 1648 name "ndroid.systemui" vma 9ea91000
 ndroid.systemui-1648  [004] ....  6963.761293: do_swap_page: swapin tgid 1648 pid 1648 name "ndroid.systemui" vma 9e9a4000
 ndroid.systemui-1648  [004] ....  6963.761300: do_swap_page: swapin tgid 1648 pid 1648 name "ndroid.systemui" vma 9e8fd000
 ndroid.systemui-1648  [004] ....  6963.761493: do_swap_page: swapin tgid 1648 pid 1648 name "ndroid.systemui" vma 9e8fd000
 ndroid.systemui-1648  [004] ....  6963.761505: do_swap_page: swapin tgid 1648 pid 1648 name "ndroid.systemui" vma 9e8bc000
 ndroid.systemui-1648  [004] ....  6963.761650: do_swap_page: swapin tgid 1648 pid 1648 name "ndroid.systemui" vma 7f28b5c000
 ndroid.systemui-1648  [004] ....  6963.761671: do_swap_page: swapin tgid 1648 pid 1648 name "ndroid.systemui" vma 9ea79000
 ndroid.systemui-1648  [004] ....  6963.762600: do_swap_page: swapin tgid 1648 pid 1648 name "ndroid.systemui" vma 9ea79000
 ndroid.systemui-1648  [004] ....  6963.763999: do_swap_page: swapin tgid 1648 pid 1648 name "ndroid.systemui" vma 7287f000
 ndroid.systemui-1648  [004] ....  6963.764146: do_swap_page: swapin tgid 1648 pid 1648 name "ndroid.systemui" vma 7eac4a8000
 ndroid.systemui-1648  [004] ....  6963.764154: do_swap_page: swapin tgid 1648 pid 1648 name "ndroid.systemui" vma 130c1000
 ndroid.systemui-1648  [004] ....  6963.764185: do_swap_page: swapin tgid 1648 pid 1648 name "ndroid.systemui" vma 13efc000
 ndroid.systemui-1648  [004] ....  6963.764225: do_swap_page: swapin tgid 1648 pid 1648 name "ndroid.systemui" vma 9eab9000
 LacrimaBroadcas-20041 [004] ....  6963.764528: do_swap_page: swapin tgid 19958 pid 20041 name "LacrimaBroadcas" vma 9e9ce000
 LacrimaBroadcas-20041 [004] ....  6963.764543: do_swap_page: swapin tgid 19958 pid 20041 name "LacrimaBroadcas" vma 9e83a000
  Binder:19958_6-20280 [004] ....  6963.764654: do_swap_page: swapin tgid 19958 pid 20280 name "Binder:19958_6" vma 13883000
  Binder:19958_6-20280 [004] ....  6963.764730: do_swap_page: swapin tgid 19958 pid 20280 name "Binder:19958_6" vma 7fbe34c000
  Binder:19958_6-20280 [004] ....  6963.764755: do_swap_page: swapin tgid 19958 pid 20280 name "Binder:19958_6" vma 7f2d622000
  Binder:19958_6-20280 [004] ....  6963.764768: do_swap_page: swapin tgid 19958 pid 20280 name "Binder:19958_6" vma 7fbe22e000
 facebook.katana-19958 [004] ....  6963.764848: do_swap_page: swapin tgid 19958 pid 19958 name "facebook.katana" vma 7fffffd000
 facebook.katana-19958 [004] ....  6963.764868: do_swap_page: swapin tgid 19958 pid 19958 name "facebook.katana" vma 7fbe491000
 ndroid.systemui-1648  [004] ....  6963.764910: do_swap_page: swapin tgid 1648 pid 1648 name "ndroid.systemui" vma 9eab9000
 ndroid.systemui-1648  [004] ....  6963.764921: do_swap_page: swapin tgid 1648 pid 1648 name "ndroid.systemui" vma 9eb13000
 ndroid.systemui-1648  [004] ....  6963.765172: do_swap_page: swapin tgid 1648 pid 1648 name "ndroid.systemui" vma 9eb13000
 ndroid.systemui-1648  [004] ....  6963.765304: do_swap_page: swapin tgid 1648 pid 1648 name "ndroid.systemui" vma 9e944000
 ndroid.systemui-1648  [004] ....  6963.765393: do_swap_page: swapin tgid 1648 pid 1648 name "ndroid.systemui" vma 7f28a72000
 ndroid.systemui-1648  [004] ....  6963.765912: do_swap_page: swapin tgid 1648 pid 1648 name "ndroid.systemui" vma 7f28a72000
 ndroid.systemui-1648  [004] ....  6963.765928: do_swap_page: swapin tgid 1648 pid 1648 name "ndroid.systemui" vma 7f28b4b000
 ndroid.systemui-1648  [004] ....  6963.766201: do_swap_page: swapin tgid 1648 pid 1648 name "ndroid.systemui" vma 7f28b4b000
 ndroid.systemui-1648  [004] ....  6963.766228: do_swap_page: swapin tgid 1648 pid 1648 name "ndroid.systemui" vma 13e91000
 ndroid.systemui-1648  [004] ....  6963.766241: do_swap_page: swapin tgid 1648 pid 1648 name "ndroid.systemui" vma 13e92000
 ndroid.systemui-1648  [004] ....  6963.766365: do_swap_page: swapin tgid 1648 pid 1648 name "ndroid.systemui" vma 13f3d000
 ndroid.systemui-1648  [004] ....  6963.766536: do_swap_page: swapin tgid 1648 pid 1648 name "ndroid.systemui" vma 7eb2e6e000
 ndroid.systemui-1648  [004] ....  6963.766548: do_swap_page: swapin tgid 1648 pid 1648 name "ndroid.systemui" vma 130c3000
 ndroid.systemui-1648  [004] ....  6963.766618: do_swap_page: swapin tgid 1648 pid 1648 name "ndroid.systemui" vma 7f39810000
 ndroid.systemui-1648  [004] ....  6963.766638: do_swap_page: swapin tgid 1648 pid 1648 name "ndroid.systemui" vma 7f2d807000
 ndroid.systemui-1648  [004] ....  6963.766645: do_swap_page: swapin tgid 1648 pid 1648 name "ndroid.systemui" vma 7f2d804000
 ndroid.systemui-1648  [004] ....  6963.766705: do_swap_page: swapin tgid 1648 pid 1648 name "ndroid.systemui" vma 9e9ed000
 ndroid.systemui-1648  [004] ....  6963.766923: do_swap_page: swapin tgid 1648 pid 1648 name "ndroid.systemui" vma 9e9ed000
 ndroid.systemui-1648  [004] ....  6963.766975: do_swap_page: swapin tgid 1648 pid 1648 name "ndroid.systemui" vma 7eb3961000
