 droid.launcher3-1981  [004] ....  6133.729183: do_swap_page: swapin tgid 1981 pid 1981 name "droid.launcher3" vma 131d5000
 droid.launcher3-1981  [004] ....  6133.729185: do_swap_page: swapin tgid 1981 pid 1981 name "droid.launcher3" vma 131d6000
 droid.launcher3-1981  [004] ....  6133.729187: do_swap_page: swapin tgid 1981 pid 1981 name "droid.launcher3" vma 131d7000
 droid.launcher3-1981  [004] ....  6133.729202: do_swap_page: swapin tgid 1981 pid 1981 name "droid.launcher3" vma 9e921000
 droid.launcher3-1981  [004] ....  6133.729208: do_swap_page: swapin tgid 1981 pid 1981 name "droid.launcher3" vma 1320c000
 droid.launcher3-1981  [004] ....  6133.729215: do_swap_page: swapin tgid 1981 pid 1981 name "droid.launcher3" vma 1320d000
 droid.launcher3-1981  [004] ....  6133.729225: do_swap_page: swapin tgid 1981 pid 1981 name "droid.launcher3" vma 9e946000
           <...>-1357  [004] ....  6133.729280: do_swap_page: swapin tgid 1333 pid 1357 name "android.display" vma 7e835b1000
           <...>-1357  [004] ....  6133.729306: do_swap_page: swapin tgid 1333 pid 1357 name "android.display" vma 7e835b5000
 droid.launcher3-1981  [004] ....  6133.729358: do_swap_page: swapin tgid 1981 pid 1981 name "droid.launcher3" vma 9e946000
 droid.launcher3-1981  [004] ....  6133.729368: do_swap_page: swapin tgid 1981 pid 1981 name "droid.launcher3" vma 1320a000
 droid.launcher3-1981  [004] ....  6133.729376: do_swap_page: swapin tgid 1981 pid 1981 name "droid.launcher3" vma 131cd000
 droid.launcher3-1981  [004] ....  6133.729379: do_swap_page: swapin tgid 1981 pid 1981 name "droid.launcher3" vma 13209000
 droid.launcher3-1981  [004] ....  6133.729386: do_swap_page: swapin tgid 1981 pid 1981 name "droid.launcher3" vma 13207000
 droid.launcher3-1981  [004] ....  6133.729391: do_swap_page: swapin tgid 1981 pid 1981 name "droid.launcher3" vma 13206000
 droid.launcher3-1981  [004] ....  6133.729396: do_swap_page: swapin tgid 1981 pid 1981 name "droid.launcher3" vma 13204000
 droid.launcher3-1981  [004] ....  6133.729399: do_swap_page: swapin tgid 1981 pid 1981 name "droid.launcher3" vma 13205000
 droid.launcher3-1981  [004] ....  6133.729403: do_swap_page: swapin tgid 1981 pid 1981 name "droid.launcher3" vma 13203000
 droid.launcher3-1981  [004] ....  6133.729406: do_swap_page: swapin tgid 1981 pid 1981 name "droid.launcher3" vma 13202000
 droid.launcher3-1981  [004] ....  6133.729414: do_swap_page: swapin tgid 1981 pid 1981 name "droid.launcher3" vma 13201000
 droid.launcher3-1981  [004] ....  6133.729417: do_swap_page: swapin tgid 1981 pid 1981 name "droid.launcher3" vma 131ff000
 droid.launcher3-1981  [004] ....  6133.729419: do_swap_page: swapin tgid 1981 pid 1981 name "droid.launcher3" vma 13200000
 droid.launcher3-1981  [004] ....  6133.729423: do_swap_page: swapin tgid 1981 pid 1981 name "droid.launcher3" vma 13c2e000
 droid.launcher3-1981  [004] ....  6133.729425: do_swap_page: swapin tgid 1981 pid 1981 name "droid.launcher3" vma 131fe000
 droid.launcher3-1981  [004] ....  6133.729446: do_swap_page: swapin tgid 1981 pid 1981 name "droid.launcher3" vma 131fc000
 droid.launcher3-1981  [004] ....  6133.729451: do_swap_page: swapin tgid 1981 pid 1981 name "droid.launcher3" vma 131fb000
 droid.launcher3-1981  [004] ....  6133.729456: do_swap_page: swapin tgid 1981 pid 1981 name "droid.launcher3" vma 131f9000
 droid.launcher3-1981  [004] ....  6133.729460: do_swap_page: swapin tgid 1981 pid 1981 name "droid.launcher3" vma 131f8000
 droid.launcher3-1981  [004] ....  6133.729464: do_swap_page: swapin tgid 1981 pid 1981 name "droid.launcher3" vma 131f6000
 droid.launcher3-1981  [004] ....  6133.729468: do_swap_page: swapin tgid 1981 pid 1981 name "droid.launcher3" vma 131f5000
 droid.launcher3-1981  [004] ....  6133.729471: do_swap_page: swapin tgid 1981 pid 1981 name "droid.launcher3" vma 131f4000
 droid.launcher3-1981  [004] ....  6133.729475: do_swap_page: swapin tgid 1981 pid 1981 name "droid.launcher3" vma 131f3000
 droid.launcher3-1981  [004] ....  6133.729479: do_swap_page: swapin tgid 1981 pid 1981 name "droid.launcher3" vma 131f1000
 droid.launcher3-1981  [004] ....  6133.729483: do_swap_page: swapin tgid 1981 pid 1981 name "droid.launcher3" vma 131f2000
 droid.launcher3-1981  [004] ....  6133.729485: do_swap_page: swapin tgid 1981 pid 1981 name "droid.launcher3" vma 131f0000
 droid.launcher3-1981  [004] ....  6133.729488: do_swap_page: swapin tgid 1981 pid 1981 name "droid.launcher3" vma 131ee000
 droid.launcher3-1981  [004] ....  6133.729493: do_swap_page: swapin tgid 1981 pid 1981 name "droid.launcher3" vma 131ed000
 droid.launcher3-1981  [004] ....  6133.729497: do_swap_page: swapin tgid 1981 pid 1981 name "droid.launcher3" vma 131eb000
 droid.launcher3-1981  [004] ....  6133.729501: do_swap_page: swapin tgid 1981 pid 1981 name "droid.launcher3" vma 131ea000
 droid.launcher3-1981  [004] ....  6133.729505: do_swap_page: swapin tgid 1981 pid 1981 name "droid.launcher3" vma 131e8000
 droid.launcher3-1981  [004] ....  6133.729508: do_swap_page: swapin tgid 1981 pid 1981 name "droid.launcher3" vma 131e7000
 droid.launcher3-1981  [004] ....  6133.729510: do_swap_page: swapin tgid 1981 pid 1981 name "droid.launcher3" vma 131e6000
 droid.launcher3-1981  [004] ....  6133.729515: do_swap_page: swapin tgid 1981 pid 1981 name "droid.launcher3" vma 131e5000
 droid.launcher3-1981  [004] ....  6133.729519: do_swap_page: swapin tgid 1981 pid 1981 name "droid.launcher3" vma 131e3000
 droid.launcher3-1981  [004] ....  6133.729521: do_swap_page: swapin tgid 1981 pid 1981 name "droid.launcher3" vma 131e4000
 droid.launcher3-1981  [004] ....  6133.729525: do_swap_page: swapin tgid 1981 pid 1981 name "droid.launcher3" vma 131e2000
 droid.launcher3-1981  [004] ....  6133.729529: do_swap_page: swapin tgid 1981 pid 1981 name "droid.launcher3" vma 131e0000
 droid.launcher3-1981  [004] ....  6133.729534: do_swap_page: swapin tgid 1981 pid 1981 name "droid.launcher3" vma 131df000
 droid.launcher3-1981  [004] ....  6133.729537: do_swap_page: swapin tgid 1981 pid 1981 name "droid.launcher3" vma 131dd000
 droid.launcher3-1981  [004] ....  6133.729540: do_swap_page: swapin tgid 1981 pid 1981 name "droid.launcher3" vma 131dc000
 droid.launcher3-1981  [004] ....  6133.729544: do_swap_page: swapin tgid 1981 pid 1981 name "droid.launcher3" vma 131da000
 droid.launcher3-1981  [004] ....  6133.729546: do_swap_page: swapin tgid 1981 pid 1981 name "droid.launcher3" vma 131db000
 droid.launcher3-1981  [004] ....  6133.729550: do_swap_page: swapin tgid 1981 pid 1981 name "droid.launcher3" vma 131d9000
 droid.launcher3-1981  [004] ....  6133.729552: do_swap_page: swapin tgid 1981 pid 1981 name "droid.launcher3" vma 131d8000
 droid.launcher3-1981  [004] ....  6133.729561: do_swap_page: swapin tgid 1981 pid 1981 name "droid.launcher3" vma 9e80d000
           <...>-1357  [004] ....  6133.729628: do_swap_page: swapin tgid 1333 pid 1357 name "android.display" vma 1373a000
           <...>-1357  [004] ....  6133.729661: do_swap_page: swapin tgid 1333 pid 1357 name "android.display" vma 13d2a000
           <...>-1357  [004] ....  6133.729669: do_swap_page: swapin tgid 1333 pid 1357 name "android.display" vma 1439e000
           <...>-1357  [004] ....  6133.729695: do_swap_page: swapin tgid 1333 pid 1357 name "android.display" vma 7e8364d000
 droid.launcher3-1981  [004] ....  6133.729746: do_swap_page: swapin tgid 1981 pid 1981 name "droid.launcher3" vma 9e80d000
 droid.launcher3-1981  [004] ....  6133.729773: do_swap_page: swapin tgid 1981 pid 1981 name "droid.launcher3" vma 9e863000
           <...>-1357  [004] ....  6133.729857: do_swap_page: swapin tgid 1333 pid 1357 name "android.display" vma 13d2b000
           <...>-1357  [004] ....  6133.729864: do_swap_page: swapin tgid 1333 pid 1357 name "android.display" vma 7ed0e67000
 droid.launcher3-1981  [004] ....  6133.729892: do_swap_page: swapin tgid 1981 pid 1981 name "droid.launcher3" vma 9e863000
 droid.launcher3-1981  [004] ....  6133.729907: do_swap_page: swapin tgid 1981 pid 1981 name "droid.launcher3" vma 9e86b000
           <...>-1357  [004] ....  6133.729965: do_swap_page: swapin tgid 1333 pid 1357 name "android.display" vma 7e635de000
 droid.launcher3-1981  [004] ....  6133.730030: do_swap_page: swapin tgid 1981 pid 1981 name "droid.launcher3" vma 9e86b000
 droid.launcher3-1981  [004] ....  6133.730036: do_swap_page: swapin tgid 1981 pid 1981 name "droid.launcher3" vma 9e961000
           <...>-1357  [004] ....  6133.730070: do_swap_page: swapin tgid 1333 pid 1357 name "android.display" vma 13f94000
           <...>-1357  [004] ....  6133.730079: do_swap_page: swapin tgid 1333 pid 1357 name "android.display" vma 7ed0ee6000
           <...>-1355  [004] ....  6133.730133: do_swap_page: swapin tgid 1333 pid 1355 name "android.ui" vma 9eb47000
   system_server-1333  [004] ....  6133.730180: do_swap_page: swapin tgid 1333 pid 1333 name "system_server" vma 9eb2a000
           <...>-1362  [004] ....  6133.730232: do_swap_page: swapin tgid 1333 pid 1362 name "android.bg" vma 9eb2a000
           <...>-1540  [004] ....  6133.730241: do_swap_page: swapin tgid 1333 pid 1540 name "AudioService" vma 7e87d84000
           <...>-1540  [004] ....  6133.730250: do_swap_page: swapin tgid 1333 pid 1540 name "AudioService" vma 7e87d85000
   Binder:1648_1-1671  [004] ....  6133.730346: do_swap_page: swapin tgid 1648 pid 1671 name "Binder:1648_1" vma 7f28a4e000
   Binder:1648_1-1671  [004] ....  6133.730356: do_swap_page: swapin tgid 1648 pid 1671 name "Binder:1648_1" vma 7f2e0eb000
   Binder:1648_1-1671  [004] ....  6133.730388: do_swap_page: swapin tgid 1648 pid 1671 name "Binder:1648_1" vma 7f2e0ec000
   Binder:1730_2-1750  [004] ....  6133.730426: do_swap_page: swapin tgid 1730 pid 1750 name "Binder:1730_2" vma 7f2d668000
   Binder:1730_2-1750  [004] ....  6133.730438: do_swap_page: swapin tgid 1730 pid 1750 name "Binder:1730_2" vma 7f2dfee000
   Binder:1730_2-1750  [004] ....  6133.730442: do_swap_page: swapin tgid 1730 pid 1750 name "Binder:1730_2" vma 7f2dfef000
           <...>-2214  [004] ....  6133.730478: do_swap_page: swapin tgid 1760 pid 2214 name "Binder:1760_4" vma 7f2d668000
           <...>-2214  [004] ....  6133.730488: do_swap_page: swapin tgid 1760 pid 2214 name "Binder:1760_4" vma 7f2daf8000
           <...>-2214  [004] ....  6133.730493: do_swap_page: swapin tgid 1760 pid 2214 name "Binder:1760_4" vma 7f2daf9000
           <...>-2791  [004] ....  6133.730552: do_swap_page: swapin tgid 1852 pid 2791 name "Binder:1852_4" vma 7f28b4c000
           <...>-2791  [004] ....  6133.730563: do_swap_page: swapin tgid 1852 pid 2791 name "Binder:1852_4" vma 7ed05c2000
           <...>-2791  [004] ....  6133.730567: do_swap_page: swapin tgid 1852 pid 2791 name "Binder:1852_4" vma 7ed05c3000
           <...>-1894  [004] ....  6133.730616: do_swap_page: swapin tgid 1868 pid 1894 name "Binder:1868_1" vma 7fbe241000
           <...>-2426  [004] ....  6133.730650: do_swap_page: swapin tgid 1928 pid 2426 name "Binder:1928_4" vma 7f2d668000
           <...>-2426  [004] ....  6133.730658: do_swap_page: swapin tgid 1928 pid 2426 name "Binder:1928_4" vma 7f28ef2000
           <...>-2426  [004] ....  6133.730663: do_swap_page: swapin tgid 1928 pid 2426 name "Binder:1928_4" vma 7f28ef3000
           <...>-2011  [004] ....  6133.730710: do_swap_page: swapin tgid 1981 pid 2011 name "Binder:1981_3" vma 7f28abc000
           <...>-2011  [004] ....  6133.730723: do_swap_page: swapin tgid 1981 pid 2011 name "Binder:1981_3" vma 7f2def1000
           <...>-2011  [004] ....  6133.730726: do_swap_page: swapin tgid 1981 pid 2011 name "Binder:1981_3" vma 7f2def2000
   Binder:2250_F-17337 [004] ....  6133.730786: do_swap_page: swapin tgid 2250 pid 17337 name "Binder:2250_F" vma 7fbe241000
   Binder:2250_F-17337 [004] ....  6133.730797: do_swap_page: swapin tgid 2250 pid 17337 name "Binder:2250_F" vma 13aa5000
           <...>-5103  [004] ....  6133.730829: do_swap_page: swapin tgid 2374 pid 5103 name "Binder:2374_C" vma 7f289d1000
           <...>-5103  [004] ....  6133.730861: do_swap_page: swapin tgid 2374 pid 5103 name "Binder:2374_C" vma 7f29c07000
           <...>-5103  [004] ....  6133.730866: do_swap_page: swapin tgid 2374 pid 5103 name "Binder:2374_C" vma 7f29c08000
           <...>-2434  [004] ....  6133.730921: do_swap_page: swapin tgid 2405 pid 2434 name "Binder:2405_3" vma 7f28abc000
           <...>-2434  [004] ....  6133.730932: do_swap_page: swapin tgid 2405 pid 2434 name "Binder:2405_3" vma 7f2def1000
           <...>-2434  [004] ....  6133.730936: do_swap_page: swapin tgid 2405 pid 2434 name "Binder:2405_3" vma 7f2def2000
           <...>-2473  [004] ....  6133.730985: do_swap_page: swapin tgid 2432 pid 2473 name "Binder:2432_3" vma 7f28abc000
           <...>-2473  [004] ....  6133.730993: do_swap_page: swapin tgid 2432 pid 2473 name "Binder:2432_3" vma 7f2def1000
           <...>-2473  [004] ....  6133.730997: do_swap_page: swapin tgid 2432 pid 2473 name "Binder:2432_3" vma 7f2def2000
           <...>-4032  [004] ....  6133.731047: do_swap_page: swapin tgid 2460 pid 4032 name "Binder:2460_4" vma 7f2d62b000
           <...>-4032  [004] ....  6133.731055: do_swap_page: swapin tgid 2460 pid 4032 name "Binder:2460_4" vma 7f29ef2000
           <...>-4032  [004] ....  6133.731059: do_swap_page: swapin tgid 2460 pid 4032 name "Binder:2460_4" vma 7f29ef3000
           <...>-2506  [004] ....  6133.731118: do_swap_page: swapin tgid 2479 pid 2506 name "Binder:2479_3" vma 7f28a4e000
           <...>-2506  [004] ....  6133.731128: do_swap_page: swapin tgid 2479 pid 2506 name "Binder:2479_3" vma 7f2def1000
           <...>-2506  [004] ....  6133.731133: do_swap_page: swapin tgid 2479 pid 2506 name "Binder:2479_3" vma 7f2def2000
   system_server-1333  [004] ....  6133.731187: do_swap_page: swapin tgid 1333 pid 1333 name "system_server" vma 9eb2a000
   system_server-1333  [004] ....  6133.731254: do_swap_page: swapin tgid 1333 pid 1333 name "system_server" vma 9eb68000
           <...>-1355  [004] ....  6133.731280: do_swap_page: swapin tgid 1333 pid 1355 name "android.ui" vma 9eb47000
           <...>-1540  [004] ....  6133.731325: do_swap_page: swapin tgid 1333 pid 1540 name "AudioService" vma 7e87d85000
           <...>-1540  [004] ....  6133.731333: do_swap_page: swapin tgid 1333 pid 1540 name "AudioService" vma 7eb4fc9000
           <...>-1540  [004] ....  6133.731339: do_swap_page: swapin tgid 1333 pid 1540 name "AudioService" vma 7eb4fca000
           <...>-1540  [004] ....  6133.731343: do_swap_page: swapin tgid 1333 pid 1540 name "AudioService" vma 7e87d82000
           <...>-2791  [004] ....  6133.731368: do_swap_page: swapin tgid 1852 pid 2791 name "Binder:1852_4" vma 7ed05c3000
           <...>-2791  [004] ....  6133.731378: do_swap_page: swapin tgid 1852 pid 2791 name "Binder:1852_4" vma 7fbe222000
           <...>-2791  [004] ....  6133.731381: do_swap_page: swapin tgid 1852 pid 2791 name "Binder:1852_4" vma 7fbe180000
           <...>-2791  [004] ....  6133.731392: do_swap_page: swapin tgid 1852 pid 2791 name "Binder:1852_4" vma 7fbe22c000
           <...>-2791  [004] ....  6133.731394: do_swap_page: swapin tgid 1852 pid 2791 name "Binder:1852_4" vma 7f28ac2000
           <...>-2473  [004] ....  6133.731420: do_swap_page: swapin tgid 2432 pid 2473 name "Binder:2432_3" vma 7f2def2000
           <...>-2473  [004] ....  6133.731427: do_swap_page: swapin tgid 2432 pid 2473 name "Binder:2432_3" vma 7f28b57000
           <...>-2473  [004] ....  6133.731432: do_swap_page: swapin tgid 2432 pid 2473 name "Binder:2432_3" vma 7fbe180000
           <...>-2473  [004] ....  6133.731437: do_swap_page: swapin tgid 2432 pid 2473 name "Binder:2432_3" vma 7fbe1d0000
           <...>-4032  [004] ....  6133.731494: do_swap_page: swapin tgid 2460 pid 4032 name "Binder:2460_4" vma 7f29ef3000
           <...>-4032  [004] ....  6133.731500: do_swap_page: swapin tgid 2460 pid 4032 name "Binder:2460_4" vma 7f2d6a2000
           <...>-4032  [004] ....  6133.731502: do_swap_page: swapin tgid 2460 pid 4032 name "Binder:2460_4" vma 7fbe180000
           <...>-4032  [004] ....  6133.731516: do_swap_page: swapin tgid 2460 pid 4032 name "Binder:2460_4" vma 7f2d615000
           <...>-4032  [004] ....  6133.731518: do_swap_page: swapin tgid 2460 pid 4032 name "Binder:2460_4" vma 7f2d61f000
           <...>-2426  [004] ....  6133.731559: do_swap_page: swapin tgid 1928 pid 2426 name "Binder:1928_4" vma 7f28ef3000
           <...>-2426  [004] ....  6133.731566: do_swap_page: swapin tgid 1928 pid 2426 name "Binder:1928_4" vma 7f2d6a1000
           <...>-2426  [004] ....  6133.731576: do_swap_page: swapin tgid 1928 pid 2426 name "Binder:1928_4" vma 7fbe180000
           <...>-2426  [004] ....  6133.731581: do_swap_page: swapin tgid 1928 pid 2426 name "Binder:1928_4" vma 7f2d673000
           <...>-2506  [004] ....  6133.731623: do_swap_page: swapin tgid 2479 pid 2506 name "Binder:2479_3" vma 7f2def2000
           <...>-2506  [004] ....  6133.731630: do_swap_page: swapin tgid 2479 pid 2506 name "Binder:2479_3" vma 7f289fc000
           <...>-2506  [004] ....  6133.731635: do_swap_page: swapin tgid 2479 pid 2506 name "Binder:2479_3" vma 7fbe180000
           <...>-2506  [004] ....  6133.731648: do_swap_page: swapin tgid 2479 pid 2506 name "Binder:2479_3" vma 7fbe22b000
           <...>-2506  [004] ....  6133.731650: do_swap_page: swapin tgid 2479 pid 2506 name "Binder:2479_3" vma 7fbe165000
           <...>-1894  [004] ....  6133.731700: do_swap_page: swapin tgid 1868 pid 1894 name "Binder:1868_1" vma 7fbe241000
           <...>-1894  [004] ....  6133.731766: do_swap_page: swapin tgid 1868 pid 1894 name "Binder:1868_1" vma 7ed1ca4000
           <...>-1894  [004] ....  6133.731775: do_swap_page: swapin tgid 1868 pid 1894 name "Binder:1868_1" vma 7f28ac3000
 m.android.phone-1868  [004] ....  6133.731862: do_swap_page: swapin tgid 1868 pid 1868 name "m.android.phone" vma 14507000
 m.android.phone-1868  [004] ....  6133.731924: do_swap_page: swapin tgid 1868 pid 1868 name "m.android.phone" vma 14546000
           <...>-2434  [004] ....  6133.731953: do_swap_page: swapin tgid 2405 pid 2434 name "Binder:2405_3" vma 7f2def2000
           <...>-2434  [004] ....  6133.731963: do_swap_page: swapin tgid 2405 pid 2434 name "Binder:2405_3" vma 7fbe218000
           <...>-2434  [004] ....  6133.731966: do_swap_page: swapin tgid 2405 pid 2434 name "Binder:2405_3" vma 7fbe180000
           <...>-2434  [004] ....  6133.731972: do_swap_page: swapin tgid 2405 pid 2434 name "Binder:2405_3" vma 7f289d6000
           <...>-2434  [004] ....  6133.731981: do_swap_page: swapin tgid 2405 pid 2434 name "Binder:2405_3" vma 7fbe22b000
           <...>-2434  [004] ....  6133.731983: do_swap_page: swapin tgid 2405 pid 2434 name "Binder:2405_3" vma 7f28ac2000
           <...>-2011  [004] ....  6133.732012: do_swap_page: swapin tgid 1981 pid 2011 name "Binder:1981_3" vma 7f2def2000
           <...>-2011  [004] ....  6133.732023: do_swap_page: swapin tgid 1981 pid 2011 name "Binder:1981_3" vma 7fbe1db000
           <...>-2011  [004] ....  6133.732031: do_swap_page: swapin tgid 1981 pid 2011 name "Binder:1981_3" vma 7fbe22b000
           <...>-2011  [004] ....  6133.732034: do_swap_page: swapin tgid 1981 pid 2011 name "Binder:1981_3" vma 7f28bb9000
           <...>-2011  [004] ....  6133.732037: do_swap_page: swapin tgid 1981 pid 2011 name "Binder:1981_3" vma 7fbe241000
   Binder:1730_2-1750  [004] ....  6133.732062: do_swap_page: swapin tgid 1730 pid 1750 name "Binder:1730_2" vma 7f2dfef000
   Binder:1730_2-1750  [004] ....  6133.732069: do_swap_page: swapin tgid 1730 pid 1750 name "Binder:1730_2" vma 7f2d666000
   Binder:1730_2-1750  [004] ....  6133.732075: do_swap_page: swapin tgid 1730 pid 1750 name "Binder:1730_2" vma 7fbe180000
   Binder:1730_2-1750  [004] ....  6133.732080: do_swap_page: swapin tgid 1730 pid 1750 name "Binder:1730_2" vma 7f2d673000
   Binder:1730_2-1750  [004] ....  6133.732090: do_swap_page: swapin tgid 1730 pid 1750 name "Binder:1730_2" vma 7f2d615000
   Binder:1730_2-1750  [004] ....  6133.732093: do_swap_page: swapin tgid 1730 pid 1750 name "Binder:1730_2" vma 7f2d62d000
   Binder:1333_1-1350  [004] ....  6133.732123: do_swap_page: swapin tgid 1333 pid 1350 name "Binder:1333_1" vma 9ea97000
   Binder:1333_1-1350  [004] ....  6133.732135: do_swap_page: swapin tgid 1333 pid 1350 name "Binder:1333_1" vma 9e9fc000
           <...>-2214  [004] ....  6133.732195: do_swap_page: swapin tgid 1760 pid 2214 name "Binder:1760_4" vma 7f2daf9000
           <...>-2214  [004] ....  6133.732202: do_swap_page: swapin tgid 1760 pid 2214 name "Binder:1760_4" vma 7f2d685000
           <...>-2214  [004] ....  6133.732207: do_swap_page: swapin tgid 1760 pid 2214 name "Binder:1760_4" vma 7fbe180000
           <...>-2214  [004] ....  6133.732232: do_swap_page: swapin tgid 1760 pid 2214 name "Binder:1760_4" vma 7f2d67d000
           <...>-5103  [004] ....  6133.732467: do_swap_page: swapin tgid 2374 pid 5103 name "Binder:2374_C" vma 7f29c08000
           <...>-5103  [004] ....  6133.732475: do_swap_page: swapin tgid 2374 pid 5103 name "Binder:2374_C" vma 7f28b62000
           <...>-5103  [004] ....  6133.732482: do_swap_page: swapin tgid 2374 pid 5103 name "Binder:2374_C" vma 7fbe180000
           <...>-5103  [004] ....  6133.732486: do_swap_page: swapin tgid 2374 pid 5103 name "Binder:2374_C" vma 7f28b4e000
           <...>-5103  [004] ....  6133.732495: do_swap_page: swapin tgid 2374 pid 5103 name "Binder:2374_C" vma 7fbe23a000
           <...>-5103  [004] ....  6133.732499: do_swap_page: swapin tgid 2374 pid 5103 name "Binder:2374_C" vma 7f28ac2000
   Binder:1648_1-1671  [004] ....  6133.732520: do_swap_page: swapin tgid 1648 pid 1671 name "Binder:1648_1" vma 7f2e0ec000
   Binder:1648_1-1671  [004] ....  6133.732527: do_swap_page: swapin tgid 1648 pid 1671 name "Binder:1648_1" vma 7f289fc000
   Binder:1648_1-1671  [004] ....  6133.732541: do_swap_page: swapin tgid 1648 pid 1671 name "Binder:1648_1" vma 7f28e5a000
   Binder:1648_1-1671  [004] ....  6133.732548: do_swap_page: swapin tgid 1648 pid 1671 name "Binder:1648_1" vma 7f28b7e000
   Binder:1648_1-1671  [004] ....  6133.732553: do_swap_page: swapin tgid 1648 pid 1671 name "Binder:1648_1" vma 7f28b7f000
   Binder:1648_1-1671  [004] ....  6133.732560: do_swap_page: swapin tgid 1648 pid 1671 name "Binder:1648_1" vma 7f2e0e9000
   Binder:1648_1-1671  [004] ....  6133.732570: do_swap_page: swapin tgid 1648 pid 1671 name "Binder:1648_1" vma 7f31531000
   Binder:1648_1-1671  [004] ....  6133.732574: do_swap_page: swapin tgid 1648 pid 1671 name "Binder:1648_1" vma 7f2e0ea000
   Binder:1648_1-1671  [004] ....  6133.732576: do_swap_page: swapin tgid 1648 pid 1671 name "Binder:1648_1" vma 12d80000
   Binder:1648_1-1671  [004] ....  6133.732585: do_swap_page: swapin tgid 1648 pid 1671 name "Binder:1648_1" vma 7fbe312000
   Binder:1648_1-1671  [004] ....  6133.732588: do_swap_page: swapin tgid 1648 pid 1671 name "Binder:1648_1" vma 7f2895c000
   Binder:1648_1-1671  [004] ....  6133.732600: do_swap_page: swapin tgid 1648 pid 1671 name "Binder:1648_1" vma 7eb2bfa000
   Binder:1648_1-1671  [004] ....  6133.732609: do_swap_page: swapin tgid 1648 pid 1671 name "Binder:1648_1" vma 7fbe34a000
   Binder:1648_1-1671  [004] ....  6133.732643: do_swap_page: swapin tgid 1648 pid 1671 name "Binder:1648_1" vma 7f28a15000
   Binder:1648_1-1671  [004] ....  6133.732649: do_swap_page: swapin tgid 1648 pid 1671 name "Binder:1648_1" vma 7f28da4000
 ndroid.systemui-1648  [004] ....  6133.732697: do_swap_page: swapin tgid 1648 pid 1648 name "ndroid.systemui" vma 9eb32000
 ScreenDecoratio-2174  [004] ....  6133.732737: do_swap_page: swapin tgid 1648 pid 2174 name "ScreenDecoratio" vma 7eb5898000
 ScreenDecoratio-2174  [004] ....  6133.732749: do_swap_page: swapin tgid 1648 pid 2174 name "ScreenDecoratio" vma 7eb5899000
 ScreenDecoratio-2174  [004] ....  6133.732751: do_swap_page: swapin tgid 1648 pid 2174 name "ScreenDecoratio" vma 7ec3b9a000
 ScreenDecoratio-2174  [004] ....  6133.732756: do_swap_page: swapin tgid 1648 pid 2174 name "ScreenDecoratio" vma 7eb5897000
 ScreenDecoratio-2174  [004] ....  6133.732762: do_swap_page: swapin tgid 1648 pid 2174 name "ScreenDecoratio" vma 7eb5896000
   Binder:2250_F-17337 [004] ....  6133.732786: do_swap_page: swapin tgid 2250 pid 17337 name "Binder:2250_F" vma 13aa5000
   Binder:1333_1-1350  [004] ....  6133.732848: do_swap_page: swapin tgid 1333 pid 1350 name "Binder:1333_1" vma 9e9fc000
   Binder:1333_1-1350  [004] ....  6133.732855: do_swap_page: swapin tgid 1333 pid 1350 name "Binder:1333_1" vma 13d3f000
   Binder:1333_1-1350  [004] ....  6133.732860: do_swap_page: swapin tgid 1333 pid 1350 name "Binder:1333_1" vma 7f2109a000
   Binder:1333_1-1350  [004] ....  6133.732874: do_swap_page: swapin tgid 1333 pid 1350 name "Binder:1333_1" vma 7fbe28d000
   Binder:1333_1-1350  [004] ....  6133.732879: do_swap_page: swapin tgid 1333 pid 1350 name "Binder:1333_1" vma 7f3984f000
   Binder:1333_1-1350  [004] ....  6133.732908: do_swap_page: swapin tgid 1333 pid 1350 name "Binder:1333_1" vma 7f3983b000
   Binder:1333_1-1350  [004] ....  6133.732988: do_swap_page: swapin tgid 1333 pid 1350 name "Binder:1333_1" vma 14341000
 ScreenDecoratio-2174  [004] ....  6133.733070: do_swap_page: swapin tgid 1648 pid 2174 name "ScreenDecoratio" vma 7eb5896000
 ScreenDecoratio-2174  [004] ....  6133.733080: do_swap_page: swapin tgid 1648 pid 2174 name "ScreenDecoratio" vma 7f30809000
 ScreenDecoratio-2174  [004] ....  6133.733087: do_swap_page: swapin tgid 1648 pid 2174 name "ScreenDecoratio" vma 12e44000
 ScreenDecoratio-2174  [004] ....  6133.733090: do_swap_page: swapin tgid 1648 pid 2174 name "ScreenDecoratio" vma 13dbb000
 ScreenDecoratio-2174  [004] ....  6133.733109: do_swap_page: swapin tgid 1648 pid 2174 name "ScreenDecoratio" vma 7ec3bbc000
 ScreenDecoratio-2174  [004] ....  6133.733111: do_swap_page: swapin tgid 1648 pid 2174 name "ScreenDecoratio" vma 7ec3bbd000
 ScreenDecoratio-2174  [004] ....  6133.733115: do_swap_page: swapin tgid 1648 pid 2174 name "ScreenDecoratio" vma 7ec3b97000
 ScreenDecoratio-2174  [004] ....  6133.733123: do_swap_page: swapin tgid 1648 pid 2174 name "ScreenDecoratio" vma 7eca735000
   Binder:1333_B-2036  [004] ....  6133.733159: do_swap_page: swapin tgid 1333 pid 2036 name "Binder:1333_B" vma 7f2d7e0000
   Binder:1333_B-2036  [004] ....  6133.733168: do_swap_page: swapin tgid 1333 pid 2036 name "Binder:1333_B" vma 7e70f24000
   Binder:1333_B-2036  [004] ....  6133.733172: do_swap_page: swapin tgid 1333 pid 2036 name "Binder:1333_B" vma 7e70f25000
   Binder:1333_B-2036  [004] ....  6133.733174: do_swap_page: swapin tgid 1333 pid 2036 name "Binder:1333_B" vma 7f2d7bf000
   Binder:1333_B-2036  [004] ....  6133.733181: do_swap_page: swapin tgid 1333 pid 2036 name "Binder:1333_B" vma 7eb435a000
   Binder:1333_B-2036  [004] ....  6133.733184: do_swap_page: swapin tgid 1333 pid 2036 name "Binder:1333_B" vma 7e636d8000
   Binder:1333_B-2036  [004] ....  6133.733194: do_swap_page: swapin tgid 1333 pid 2036 name "Binder:1333_B" vma 7f289b7000
   Binder:1333_B-2036  [004] ....  6133.733198: do_swap_page: swapin tgid 1333 pid 2036 name "Binder:1333_B" vma 7eb423b000
   Binder:1333_B-2036  [004] ....  6133.733203: do_swap_page: swapin tgid 1333 pid 2036 name "Binder:1333_B" vma 7e70f22000
   Binder:1333_B-2036  [004] ....  6133.733216: do_swap_page: swapin tgid 1333 pid 2036 name "Binder:1333_B" vma 7e70f23000
   Binder:1333_B-2036  [004] ....  6133.733241: do_swap_page: swapin tgid 1333 pid 2036 name "Binder:1333_B" vma 7eb4e2d000
   Binder:1333_B-2036  [004] ....  6133.733244: do_swap_page: swapin tgid 1333 pid 2036 name "Binder:1333_B" vma 7eb4e4f000
   Binder:1333_B-2036  [004] ....  6133.733248: do_swap_page: swapin tgid 1333 pid 2036 name "Binder:1333_B" vma 7ed0cae000
   Binder:1333_B-2036  [004] ....  6133.733255: do_swap_page: swapin tgid 1333 pid 2036 name "Binder:1333_B" vma 7e70f21000
 ndroid.systemui-1648  [004] ....  6133.733287: do_swap_page: swapin tgid 1648 pid 1648 name "ndroid.systemui" vma 9eb32000
   system_server-1333  [004] ....  6133.733344: do_swap_page: swapin tgid 1333 pid 1333 name "system_server" vma 9eb68000
   system_server-1333  [004] ....  6133.733350: do_swap_page: swapin tgid 1333 pid 1333 name "system_server" vma 9eb9b000
           <...>-1540  [004] ....  6133.733377: do_swap_page: swapin tgid 1333 pid 1540 name "AudioService" vma 7e87d82000
           <...>-1540  [004] ....  6133.733386: do_swap_page: swapin tgid 1333 pid 1540 name "AudioService" vma 7f213ae000
           <...>-1540  [004] ....  6133.733394: do_swap_page: swapin tgid 1333 pid 1540 name "AudioService" vma 9eb6e000
 m.android.phone-1868  [004] ....  6133.733423: do_swap_page: swapin tgid 1868 pid 1868 name "m.android.phone" vma 14546000
   Binder:1333_F-3782  [004] ....  6133.733506: do_swap_page: swapin tgid 1333 pid 3782 name "Binder:1333_F" vma 7eb4247000
   Binder:1333_F-3782  [004] ....  6133.733515: do_swap_page: swapin tgid 1333 pid 3782 name "Binder:1333_F" vma 7e9c60d000
   Binder:1333_F-3782  [004] ....  6133.733519: do_swap_page: swapin tgid 1333 pid 3782 name "Binder:1333_F" vma 7e9c60e000
   Binder:1333_F-3782  [004] ....  6133.733525: do_swap_page: swapin tgid 1333 pid 3782 name "Binder:1333_F" vma 7f2d666000
   Binder:1333_F-3782  [004] ....  6133.733555: do_swap_page: swapin tgid 1333 pid 3782 name "Binder:1333_F" vma 7e6385d000
   Binder:1333_F-3782  [004] ....  6133.733559: do_swap_page: swapin tgid 1333 pid 3782 name "Binder:1333_F" vma 7eb4206000
   Binder:1333_F-3782  [004] ....  6133.733562: do_swap_page: swapin tgid 1333 pid 3782 name "Binder:1333_F" vma 7eb4398000
   Binder:1333_F-3782  [004] ....  6133.733566: do_swap_page: swapin tgid 1333 pid 3782 name "Binder:1333_F" vma 7e5d1eb000
   Binder:1333_F-3782  [004] ....  6133.733570: do_swap_page: swapin tgid 1333 pid 3782 name "Binder:1333_F" vma 7eb4399000
   Binder:1333_F-3782  [004] ....  6133.733574: do_swap_page: swapin tgid 1333 pid 3782 name "Binder:1333_F" vma 7e9c60b000
   Binder:1333_F-3782  [004] ....  6133.733602: do_swap_page: swapin tgid 1333 pid 3782 name "Binder:1333_F" vma 7e9c60c000
   Binder:1333_F-3782  [004] ....  6133.733629: do_swap_page: swapin tgid 1333 pid 3782 name "Binder:1333_F" vma 7e68fc1000
   Binder:1333_F-3782  [004] ....  6133.733632: do_swap_page: swapin tgid 1333 pid 3782 name "Binder:1333_F" vma 7e6922e000
   Binder:1333_F-3782  [004] ....  6133.733638: do_swap_page: swapin tgid 1333 pid 3782 name "Binder:1333_F" vma 7f2d717000
   Binder:1333_F-3782  [004] ....  6133.733641: do_swap_page: swapin tgid 1333 pid 3782 name "Binder:1333_F" vma 7f2d719000
   Binder:1333_F-3782  [004] ....  6133.733674: do_swap_page: swapin tgid 1333 pid 3782 name "Binder:1333_F" vma 7eb426a000
           <...>-2473  [004] ....  6133.733700: do_swap_page: swapin tgid 2432 pid 2473 name "Binder:2432_3" vma 7fbe1d0000
           <...>-2473  [004] ....  6133.733719: do_swap_page: swapin tgid 2432 pid 2473 name "Binder:2432_3" vma 7fbe22b000
           <...>-2473  [004] ....  6133.733721: do_swap_page: swapin tgid 2432 pid 2473 name "Binder:2432_3" vma 7f28ac2000
           <...>-2426  [004] ....  6133.733751: do_swap_page: swapin tgid 1928 pid 2426 name "Binder:1928_4" vma 7f2d673000
           <...>-2426  [004] ....  6133.733766: do_swap_page: swapin tgid 1928 pid 2426 name "Binder:1928_4" vma 7f2d615000
           <...>-2426  [004] ....  6133.733768: do_swap_page: swapin tgid 1928 pid 2426 name "Binder:1928_4" vma 7f2d61f000
           <...>-4032  [004] ....  6133.733791: do_swap_page: swapin tgid 2460 pid 4032 name "Binder:2460_4" vma 7f2d61f000
           <...>-4032  [004] ....  6133.733796: do_swap_page: swapin tgid 2460 pid 4032 name "Binder:2460_4" vma 7f2d62c000
           <...>-4032  [004] ....  6133.733802: do_swap_page: swapin tgid 2460 pid 4032 name "Binder:2460_4" vma 7fb9f9d000
   system_server-1333  [004] ....  6133.733831: do_swap_page: swapin tgid 1333 pid 1333 name "system_server" vma 9eb9b000
   system_server-1333  [004] ....  6133.733838: do_swap_page: swapin tgid 1333 pid 1333 name "system_server" vma 9eb8c000
           <...>-2791  [004] ....  6133.733871: do_swap_page: swapin tgid 1852 pid 2791 name "Binder:1852_4" vma 7f28ac2000
           <...>-2791  [004] ....  6133.733896: do_swap_page: swapin tgid 1852 pid 2791 name "Binder:1852_4" vma 7fbe268000
           <...>-2791  [004] ....  6133.733901: do_swap_page: swapin tgid 1852 pid 2791 name "Binder:1852_4" vma 7fb9f9d000
           <...>-2011  [004] ....  6133.733941: do_swap_page: swapin tgid 1981 pid 2011 name "Binder:1981_3" vma 7fbe241000
           <...>-2011  [004] ....  6133.733949: do_swap_page: swapin tgid 1981 pid 2011 name "Binder:1981_3" vma 7f28b90000
           <...>-2011  [004] ....  6133.733953: do_swap_page: swapin tgid 1981 pid 2011 name "Binder:1981_3" vma 7f28b18000
           <...>-2011  [004] ....  6133.733961: do_swap_page: swapin tgid 1981 pid 2011 name "Binder:1981_3" vma 7f2deef000
           <...>-2011  [004] ....  6133.733974: do_swap_page: swapin tgid 1981 pid 2011 name "Binder:1981_3" vma 7f2def0000
           <...>-2011  [004] ....  6133.733978: do_swap_page: swapin tgid 1981 pid 2011 name "Binder:1981_3" vma 7fbe29c000
           <...>-2011  [004] ....  6133.733999: do_swap_page: swapin tgid 1981 pid 2011 name "Binder:1981_3" vma 13c15000
           <...>-2011  [004] ....  6133.734005: do_swap_page: swapin tgid 1981 pid 2011 name "Binder:1981_3" vma 7f2895f000
           <...>-2011  [004] ....  6133.734007: do_swap_page: swapin tgid 1981 pid 2011 name "Binder:1981_3" vma 7f28b1c000
           <...>-2011  [004] ....  6133.734010: do_swap_page: swapin tgid 1981 pid 2011 name "Binder:1981_3" vma 7f28b5a000
           <...>-2011  [004] ....  6133.734013: do_swap_page: swapin tgid 1981 pid 2011 name "Binder:1981_3" vma 7f28bd4000
           <...>-2011  [004] ....  6133.734040: do_swap_page: swapin tgid 1981 pid 2011 name "Binder:1981_3" vma 12e86000
           <...>-2011  [004] ....  6133.734045: do_swap_page: swapin tgid 1981 pid 2011 name "Binder:1981_3" vma 7fbe254000
           <...>-2011  [004] ....  6133.734052: do_swap_page: swapin tgid 1981 pid 2011 name "Binder:1981_3" vma 13236000
           <...>-2506  [004] ....  6133.734078: do_swap_page: swapin tgid 2479 pid 2506 name "Binder:2479_3" vma 7fbe165000
           <...>-2506  [004] ....  6133.734084: do_swap_page: swapin tgid 2479 pid 2506 name "Binder:2479_3" vma 7fbe218000
           <...>-2506  [004] ....  6133.734090: do_swap_page: swapin tgid 2479 pid 2506 name "Binder:2479_3" vma 7fb9f9d000
           <...>-2434  [004] ....  6133.734138: do_swap_page: swapin tgid 2405 pid 2434 name "Binder:2405_3" vma 7f28ac2000
           <...>-5103  [004] ....  6133.734222: do_swap_page: swapin tgid 2374 pid 5103 name "Binder:2374_C" vma 7f28ac2000
           <...>-5103  [004] ....  6133.734232: do_swap_page: swapin tgid 2374 pid 5103 name "Binder:2374_C" vma 7ed2199000
           <...>-5103  [004] ....  6133.734239: do_swap_page: swapin tgid 2374 pid 5103 name "Binder:2374_C" vma 7fb9f9d000
   Binder:1730_2-1750  [004] ....  6133.734256: do_swap_page: swapin tgid 1730 pid 1750 name "Binder:1730_2" vma 7f2d62d000
   Binder:1730_2-1750  [004] ....  6133.734267: do_swap_page: swapin tgid 1730 pid 1750 name "Binder:1730_2" vma 7f2d669000
   Binder:1730_2-1750  [004] ....  6133.734272: do_swap_page: swapin tgid 1730 pid 1750 name "Binder:1730_2" vma 7fb9f9d000
           <...>-2434  [004] ....  6133.734327: do_swap_page: swapin tgid 2405 pid 2434 name "Binder:2405_3" vma 7ed1fc7000
           <...>-2434  [004] ....  6133.734335: do_swap_page: swapin tgid 2405 pid 2434 name "Binder:2405_3" vma 7fb9f9d000
   system_server-1333  [004] ....  6133.734362: do_swap_page: swapin tgid 1333 pid 1333 name "system_server" vma 9eb8c000
   system_server-1333  [004] ....  6133.734380: do_swap_page: swapin tgid 1333 pid 1333 name "system_server" vma 13945000
   system_server-1333  [004] ....  6133.734389: do_swap_page: swapin tgid 1333 pid 1333 name "system_server" vma 14102000
           <...>-1355  [004] ....  6133.734463: do_swap_page: swapin tgid 1333 pid 1355 name "android.ui" vma 13ba0000
           <...>-1355  [004] ....  6133.734481: do_swap_page: swapin tgid 1333 pid 1355 name "android.ui" vma 13ba1000
           <...>-1355  [004] ....  6133.734484: do_swap_page: swapin tgid 1333 pid 1355 name "android.ui" vma 9e9ef000
           <...>-1540  [004] ....  6133.734519: do_swap_page: swapin tgid 1333 pid 1540 name "AudioService" vma 9eb6e000
           <...>-1540  [004] ....  6133.734538: do_swap_page: swapin tgid 1333 pid 1540 name "AudioService" vma 7e87d83000
           <...>-1540  [004] ....  6133.734546: do_swap_page: swapin tgid 1333 pid 1540 name "AudioService" vma 7eb421c000
           <...>-1540  [004] ....  6133.734574: do_swap_page: swapin tgid 1333 pid 1540 name "AudioService" vma 72979000
           <...>-1540  [004] ....  6133.734579: do_swap_page: swapin tgid 1333 pid 1540 name "AudioService" vma 72977000
           <...>-1355  [004] ....  6133.734625: do_swap_page: swapin tgid 1333 pid 1355 name "android.ui" vma 9e9ef000
           <...>-1355  [004] ....  6133.734630: do_swap_page: swapin tgid 1333 pid 1355 name "android.ui" vma 9e9ed000
   Binder:1333_B-2036  [004] ....  6133.734647: do_swap_page: swapin tgid 1333 pid 2036 name "Binder:1333_B" vma 7e70f21000
   Binder:1333_B-2036  [004] ....  6133.734678: do_swap_page: swapin tgid 1333 pid 2036 name "Binder:1333_B" vma 7f2d78e000
   Binder:1333_B-2036  [004] ....  6133.734690: do_swap_page: swapin tgid 1333 pid 2036 name "Binder:1333_B" vma 7f2d744000
   Binder:1333_B-2036  [004] ....  6133.734698: do_swap_page: swapin tgid 1333 pid 2036 name "Binder:1333_B" vma 7e63589000
   Binder:1333_B-2036  [004] ....  6133.734722: do_swap_page: swapin tgid 1333 pid 2036 name "Binder:1333_B" vma 7e63693000
           <...>-1355  [004] ....  6133.734765: do_swap_page: swapin tgid 1333 pid 1355 name "android.ui" vma 9e9ed000
           <...>-1355  [004] ....  6133.734802: do_swap_page: swapin tgid 1333 pid 1355 name "android.ui" vma 9e900000
           <...>-1355  [004] ....  6133.734808: do_swap_page: swapin tgid 1333 pid 1355 name "android.ui" vma 9e901000
           <...>-1355  [004] ....  6133.734811: do_swap_page: swapin tgid 1333 pid 1355 name "android.ui" vma 9ea4e000
           <...>-4032  [004] ....  6133.734857: do_swap_page: swapin tgid 2460 pid 4032 name "Binder:2460_4" vma 7fb9f9d000
           <...>-4032  [004] ....  6133.734865: do_swap_page: swapin tgid 2460 pid 4032 name "Binder:2460_4" vma 7fbe2f3000
           <...>-4032  [004] ....  6133.734868: do_swap_page: swapin tgid 2460 pid 4032 name "Binder:2460_4" vma 7fbe241000
           <...>-2426  [004] ....  6133.734898: do_swap_page: swapin tgid 1928 pid 2426 name "Binder:1928_4" vma 7f2d61f000
           <...>-2426  [004] ....  6133.734904: do_swap_page: swapin tgid 1928 pid 2426 name "Binder:1928_4" vma 7f2d6b8000
           <...>-2426  [004] ....  6133.734909: do_swap_page: swapin tgid 1928 pid 2426 name "Binder:1928_4" vma 7fb9f9d000
 ScreenDecoratio-2174  [004] ....  6133.734971: do_swap_page: swapin tgid 1648 pid 2174 name "ScreenDecoratio" vma 1323c000
 ScreenDecoratio-2174  [004] ....  6133.734978: do_swap_page: swapin tgid 1648 pid 2174 name "ScreenDecoratio" vma 1323d000
 ScreenDecoratio-2174  [004] ....  6133.735007: do_swap_page: swapin tgid 1648 pid 2174 name "ScreenDecoratio" vma 7ec3b90000
 ScreenDecoratio-2174  [004] ....  6133.735020: do_swap_page: swapin tgid 1648 pid 2174 name "ScreenDecoratio" vma 13df2000
 ScreenDecoratio-2174  [004] ....  6133.735023: do_swap_page: swapin tgid 1648 pid 2174 name "ScreenDecoratio" vma 13df1000
           <...>-1355  [004] ....  6133.735102: do_swap_page: swapin tgid 1333 pid 1355 name "android.ui" vma 9ea4e000
           <...>-1355  [004] ....  6133.735117: do_swap_page: swapin tgid 1333 pid 1355 name "android.ui" vma 14049000
           <...>-1355  [004] ....  6133.735122: do_swap_page: swapin tgid 1333 pid 1355 name "android.ui" vma 9e8b1000
           <...>-1355  [004] ....  6133.735124: do_swap_page: swapin tgid 1333 pid 1355 name "android.ui" vma 9e9e6000
           <...>-2791  [004] ....  6133.735150: do_swap_page: swapin tgid 1852 pid 2791 name "Binder:1852_4" vma 7fb9f9d000
           <...>-2791  [004] ....  6133.735158: do_swap_page: swapin tgid 1852 pid 2791 name "Binder:1852_4" vma 7fbe2f1000
           <...>-2791  [004] ....  6133.735161: do_swap_page: swapin tgid 1852 pid 2791 name "Binder:1852_4" vma 7fbe241000
  UiThreadHelper-2022  [004] ....  6133.735241: do_swap_page: swapin tgid 1981 pid 2022 name "UiThreadHelper" vma 12cc0000
  UiThreadHelper-2022  [004] ....  6133.735293: do_swap_page: swapin tgid 1981 pid 2022 name "UiThreadHelper" vma 7f2d669000
  UiThreadHelper-2022  [004] ....  6133.735298: do_swap_page: swapin tgid 1981 pid 2022 name "UiThreadHelper" vma 12e96000
           <...>-5103  [004] ....  6133.735321: do_swap_page: swapin tgid 2374 pid 5103 name "Binder:2374_C" vma 7fb9f9d000
           <...>-5103  [004] ....  6133.735328: do_swap_page: swapin tgid 2374 pid 5103 name "Binder:2374_C" vma 7fbe2f3000
           <...>-5103  [004] ....  6133.735332: do_swap_page: swapin tgid 2374 pid 5103 name "Binder:2374_C" vma 7fbe241000
           <...>-2473  [004] ....  6133.735353: do_swap_page: swapin tgid 2432 pid 2473 name "Binder:2432_3" vma 7f28ac2000
           <...>-2473  [004] ....  6133.735360: do_swap_page: swapin tgid 2432 pid 2473 name "Binder:2432_3" vma 7f28ba5000
           <...>-2473  [004] ....  6133.735365: do_swap_page: swapin tgid 2432 pid 2473 name "Binder:2432_3" vma 7fb9f9d000
           <...>-2214  [004] ....  6133.735413: do_swap_page: swapin tgid 1760 pid 2214 name "Binder:1760_4" vma 7f2d67d000
           <...>-2214  [004] ....  6133.735429: do_swap_page: swapin tgid 1760 pid 2214 name "Binder:1760_4" vma 7f2d615000
           <...>-2214  [004] ....  6133.735432: do_swap_page: swapin tgid 1760 pid 2214 name "Binder:1760_4" vma 7f2d61f000
           <...>-1355  [004] ....  6133.735457: do_swap_page: swapin tgid 1333 pid 1355 name "android.ui" vma 9e9e6000
           <...>-1355  [004] ....  6133.735498: do_swap_page: swapin tgid 1333 pid 1355 name "android.ui" vma 7ed0e77000
           <...>-1355  [004] ....  6133.735509: do_swap_page: swapin tgid 1333 pid 1355 name "android.ui" vma 13970000
           <...>-1355  [004] ....  6133.735519: do_swap_page: swapin tgid 1333 pid 1355 name "android.ui" vma 14531000
           <...>-1355  [004] ....  6133.735524: do_swap_page: swapin tgid 1333 pid 1355 name "android.ui" vma 9e856000
           <...>-1355  [004] ....  6133.735528: do_swap_page: swapin tgid 1333 pid 1355 name "android.ui" vma 143a5000
           <...>-1355  [004] ....  6133.735533: do_swap_page: swapin tgid 1333 pid 1355 name "android.ui" vma 7f28b49000
           <...>-1355  [004] ....  6133.735542: do_swap_page: swapin tgid 1333 pid 1355 name "android.ui" vma 7ed0f1f000
           <...>-1355  [004] ....  6133.735564: do_swap_page: swapin tgid 1333 pid 1355 name "android.ui" vma 1372e000
           <...>-1355  [004] ....  6133.735567: do_swap_page: swapin tgid 1333 pid 1355 name "android.ui" vma 138eb000
           <...>-1355  [004] ....  6133.735582: do_swap_page: swapin tgid 1333 pid 1355 name "android.ui" vma 9e8dd000
           <...>-1355  [004] ....  6133.735587: do_swap_page: swapin tgid 1333 pid 1355 name "android.ui" vma 9e9d7000
           <...>-2506  [004] ....  6133.735613: do_swap_page: swapin tgid 2479 pid 2506 name "Binder:2479_3" vma 7fb9f9d000
           <...>-2506  [004] ....  6133.735621: do_swap_page: swapin tgid 2479 pid 2506 name "Binder:2479_3" vma 7fbe2f3000
           <...>-2506  [004] ....  6133.735625: do_swap_page: swapin tgid 2479 pid 2506 name "Binder:2479_3" vma 7fbe241000
 m.android.phone-1868  [004] ....  6133.735684: do_swap_page: swapin tgid 1868 pid 1868 name "m.android.phone" vma 725ee000
           <...>-2434  [004] ....  6133.735727: do_swap_page: swapin tgid 2405 pid 2434 name "Binder:2405_3" vma 7fb9f9d000
           <...>-2434  [004] ....  6133.735736: do_swap_page: swapin tgid 2405 pid 2434 name "Binder:2405_3" vma 7fbe2f3000
           <...>-2434  [004] ....  6133.735739: do_swap_page: swapin tgid 2405 pid 2434 name "Binder:2405_3" vma 7fbe241000
   Binder:1730_2-1750  [004] ....  6133.735803: do_swap_page: swapin tgid 1730 pid 1750 name "Binder:1730_2" vma 7fb9f9d000
   Binder:1730_2-1750  [004] ....  6133.735815: do_swap_page: swapin tgid 1730 pid 1750 name "Binder:1730_2" vma 7fbe2df000
   Binder:1730_2-1750  [004] ....  6133.735819: do_swap_page: swapin tgid 1730 pid 1750 name "Binder:1730_2" vma 7fbe241000
 droid.launcher3-1981  [004] ....  6133.735863: do_swap_page: swapin tgid 1981 pid 1981 name "droid.launcher3" vma 9e961000
 droid.launcher3-1981  [004] ....  6133.735870: do_swap_page: swapin tgid 1981 pid 1981 name "droid.launcher3" vma 9e95b000
   Binder:1333_F-3782  [004] ....  6133.735923: do_swap_page: swapin tgid 1333 pid 3782 name "Binder:1333_F" vma 7e69024000
   Binder:1333_F-3782  [004] ....  6133.735956: do_swap_page: swapin tgid 1333 pid 3782 name "Binder:1333_F" vma 7eb4299000
   Binder:1333_F-3782  [004] ....  6133.735964: do_swap_page: swapin tgid 1333 pid 3782 name "Binder:1333_F" vma 7e635cc000
   Binder:1333_F-3782  [004] ....  6133.735971: do_swap_page: swapin tgid 1333 pid 3782 name "Binder:1333_F" vma 7eb4323000
  UiThreadHelper-2022  [004] ....  6133.736046: do_swap_page: swapin tgid 1981 pid 2022 name "UiThreadHelper" vma 12ea2000
  UiThreadHelper-2022  [004] ....  6133.736056: do_swap_page: swapin tgid 1981 pid 2022 name "UiThreadHelper" vma 12ea3000
  UiThreadHelper-2022  [004] ....  6133.736068: do_swap_page: swapin tgid 1981 pid 2022 name "UiThreadHelper" vma 72973000
  UiThreadHelper-2022  [004] ....  6133.736075: do_swap_page: swapin tgid 1981 pid 2022 name "UiThreadHelper" vma 72974000
  UiThreadHelper-2022  [004] ....  6133.736082: do_swap_page: swapin tgid 1981 pid 2022 name "UiThreadHelper" vma 7f3506e000
  UiThreadHelper-2022  [004] ....  6133.736086: do_swap_page: swapin tgid 1981 pid 2022 name "UiThreadHelper" vma 7f346a3000
  UiThreadHelper-2022  [004] ....  6133.736088: do_swap_page: swapin tgid 1981 pid 2022 name "UiThreadHelper" vma 13cac000
 droid.launcher3-1981  [004] ....  6133.736117: do_swap_page: swapin tgid 1981 pid 1981 name "droid.launcher3" vma 9e95b000
 droid.launcher3-1981  [004] ....  6133.736128: do_swap_page: swapin tgid 1981 pid 1981 name "droid.launcher3" vma 1320f000
 droid.launcher3-1981  [004] ....  6133.736145: do_swap_page: swapin tgid 1981 pid 1981 name "droid.launcher3" vma 7ecdb85000
 droid.launcher3-1981  [004] ....  6133.736151: do_swap_page: swapin tgid 1981 pid 1981 name "droid.launcher3" vma 9e864000
 droid.launcher3-1981  [004] ....  6133.736154: do_swap_page: swapin tgid 1981 pid 1981 name "droid.launcher3" vma 13c9e000
 droid.launcher3-1981  [004] ....  6133.736182: do_swap_page: swapin tgid 1981 pid 1981 name "droid.launcher3" vma 9e869000
 droid.launcher3-1981  [004] ....  6133.736195: do_swap_page: swapin tgid 1981 pid 1981 name "droid.launcher3" vma 9e92b000
           <...>-2426  [004] ....  6133.736263: do_swap_page: swapin tgid 1928 pid 2426 name "Binder:1928_4" vma 7fb9f9d000
           <...>-2426  [004] ....  6133.736270: do_swap_page: swapin tgid 1928 pid 2426 name "Binder:1928_4" vma 7fbe2f1000
           <...>-2426  [004] ....  6133.736274: do_swap_page: swapin tgid 1928 pid 2426 name "Binder:1928_4" vma 7fbe241000
           <...>-4032  [004] ....  6133.736323: do_swap_page: swapin tgid 2460 pid 4032 name "Binder:2460_4" vma 7fbe241000
           <...>-4032  [004] ....  6133.736331: do_swap_page: swapin tgid 2460 pid 4032 name "Binder:2460_4" vma 7fbe1e9000
   Binder:1333_1-1350  [004] ....  6133.736389: do_swap_page: swapin tgid 1333 pid 1350 name "Binder:1333_1" vma 7ed0e35000
   Binder:1333_1-1350  [004] ....  6133.736400: do_swap_page: swapin tgid 1333 pid 1350 name "Binder:1333_1" vma 7e69175000
   Binder:1333_1-1350  [004] ....  6133.736412: do_swap_page: swapin tgid 1333 pid 1350 name "Binder:1333_1" vma 7e68f8a000
           <...>-5103  [004] ....  6133.736438: do_swap_page: swapin tgid 2374 pid 5103 name "Binder:2374_C" vma 7fbe241000
           <...>-5103  [004] ....  6133.736446: do_swap_page: swapin tgid 2374 pid 5103 name "Binder:2374_C" vma 7fbe1e9000
           <...>-5103  [004] ....  6133.736451: do_swap_page: swapin tgid 2374 pid 5103 name "Binder:2374_C" vma 7f393d8000
 droid.launcher3-1981  [004] ....  6133.736475: do_swap_page: swapin tgid 1981 pid 1981 name "droid.launcher3" vma 9e92b000
 droid.launcher3-1981  [004] ....  6133.736516: do_swap_page: swapin tgid 1981 pid 1981 name "droid.launcher3" vma 7ecdc39000
 droid.launcher3-1981  [004] ....  6133.736527: do_swap_page: swapin tgid 1981 pid 1981 name "droid.launcher3" vma 7f28b0e000
 droid.launcher3-1981  [004] ....  6133.736539: do_swap_page: swapin tgid 1981 pid 1981 name "droid.launcher3" vma 9e8b1000
 droid.launcher3-1981  [004] ....  6133.736541: do_swap_page: swapin tgid 1981 pid 1981 name "droid.launcher3" vma 9e907000
 droid.launcher3-1981  [004] ....  6133.736588: do_swap_page: swapin tgid 1981 pid 1981 name "droid.launcher3" vma 9e901000
 droid.launcher3-1981  [004] ....  6133.736614: do_swap_page: swapin tgid 1981 pid 1981 name "droid.launcher3" vma 9e809000
 droid.launcher3-1981  [004] ....  6133.736622: do_swap_page: swapin tgid 1981 pid 1981 name "droid.launcher3" vma 7ecdb86000
 droid.launcher3-1981  [004] ....  6133.736648: do_swap_page: swapin tgid 1981 pid 1981 name "droid.launcher3" vma 13cad000
 droid.launcher3-1981  [004] ....  6133.736651: do_swap_page: swapin tgid 1981 pid 1981 name "droid.launcher3" vma 13ca5000
