 droid.launcher3-1981  [004] ....  6133.683647: do_swap_page: swapin tgid 1981 pid 1981 name "droid.launcher3" vma 7ecdc33000
 droid.launcher3-1981  [004] ....  6133.683649: do_swap_page: swapin tgid 1981 pid 1981 name "droid.launcher3" vma 7ecdcdd000
 droid.launcher3-1981  [004] ....  6133.683658: do_swap_page: swapin tgid 1981 pid 1981 name "droid.launcher3" vma 7f28b5f000
 droid.launcher3-1981  [004] ....  6133.683674: do_swap_page: swapin tgid 1981 pid 1981 name "droid.launcher3" vma 7fbd770000
 droid.launcher3-1981  [004] ....  6133.683683: do_swap_page: swapin tgid 1981 pid 1981 name "droid.launcher3" vma 7fbe1e9000
 droid.launcher3-1981  [004] ....  6133.683691: do_swap_page: swapin tgid 1981 pid 1981 name "droid.launcher3" vma 7f393d8000
           <...>-1458  [004] ....  6133.683854: do_swap_page: swapin tgid 1333 pid 1458 name "InputDispatcher" vma 7e68eba000
           <...>-1458  [004] ....  6133.683869: do_swap_page: swapin tgid 1333 pid 1458 name "InputDispatcher" vma 7e68ebb000
           <...>-1458  [004] ....  6133.683954: do_swap_page: swapin tgid 1333 pid 1458 name "InputDispatcher" vma 7e5ce78000
           <...>-1458  [004] ....  6133.684116: do_swap_page: swapin tgid 1333 pid 1458 name "InputDispatcher" vma 7ed0d77000
           <...>-817   [004] ....  6133.684255: do_swap_page: swapin tgid 817 pid 817 name "power@1.3-servi" vma 7fbd22b000
           <...>-817   [004] ....  6133.684282: do_swap_page: swapin tgid 817 pid 817 name "power@1.3-servi" vma 7ffffff000
           <...>-817   [004] ....  6133.684296: do_swap_page: swapin tgid 817 pid 817 name "power@1.3-servi" vma 7fbe422000
           <...>-1458  [004] ....  6133.684445: do_swap_page: swapin tgid 1333 pid 1458 name "InputDispatcher" vma 7fbb277000
           <...>-817   [004] ....  6133.684559: do_swap_page: swapin tgid 817 pid 817 name "power@1.3-servi" vma 7fbe422000
           <...>-817   [004] ....  6133.684576: do_swap_page: swapin tgid 817 pid 817 name "power@1.3-servi" vma 7fbd226000
           <...>-817   [004] ....  6133.684580: do_swap_page: swapin tgid 817 pid 817 name "power@1.3-servi" vma 7fbd21e000
           <...>-817   [004] ....  6133.684597: do_swap_page: swapin tgid 817 pid 817 name "power@1.3-servi" vma 7fbf700000
           <...>-817   [004] ....  6133.684610: do_swap_page: swapin tgid 817 pid 817 name "power@1.3-servi" vma 7fbd206000
           <...>-817   [004] ....  6133.684613: do_swap_page: swapin tgid 817 pid 817 name "power@1.3-servi" vma 7fbd209000
           <...>-817   [004] ....  6133.684617: do_swap_page: swapin tgid 817 pid 817 name "power@1.3-servi" vma 7fbd24e000
           <...>-817   [004] ....  6133.684625: do_swap_page: swapin tgid 817 pid 817 name "power@1.3-servi" vma 7fbe13f000
           <...>-817   [004] ....  6133.684631: do_swap_page: swapin tgid 817 pid 817 name "power@1.3-servi" vma 7fbd20d000
           <...>-817   [004] ....  6133.684636: do_swap_page: swapin tgid 817 pid 817 name "power@1.3-servi" vma 7fbd221000
           <...>-1458  [004] ....  6133.684761: do_swap_page: swapin tgid 1333 pid 1458 name "InputDispatcher" vma 7ed0ec1000
           <...>-1458  [004] ....  6133.684795: do_swap_page: swapin tgid 1333 pid 1458 name "InputDispatcher" vma 7fbe175000
           <...>-1355  [004] ....  6133.684883: do_swap_page: swapin tgid 1333 pid 1355 name "android.ui" vma 7ecfb40000
           <...>-817   [004] ....  6133.684978: do_swap_page: swapin tgid 817 pid 817 name "power@1.3-servi" vma 7fbd221000
           <...>-817   [004] ....  6133.685056: do_swap_page: swapin tgid 817 pid 817 name "power@1.3-servi" vma 7fbdab9000
           <...>-1355  [004] ....  6133.685171: do_swap_page: swapin tgid 1333 pid 1355 name "android.ui" vma 7ecfb41000
           <...>-1355  [004] ....  6133.685186: do_swap_page: swapin tgid 1333 pid 1355 name "android.ui" vma 7ed0da8000
           <...>-1355  [004] ....  6133.685189: do_swap_page: swapin tgid 1333 pid 1355 name "android.ui" vma 7ed0da9000
           <...>-1355  [004] ....  6133.685235: do_swap_page: swapin tgid 1333 pid 1355 name "android.ui" vma 7e63705000
           <...>-1355  [004] ....  6133.685244: do_swap_page: swapin tgid 1333 pid 1355 name "android.ui" vma 7e63706000
           <...>-1355  [004] ....  6133.685250: do_swap_page: swapin tgid 1333 pid 1355 name "android.ui" vma 7ecfb3f000
           <...>-1355  [004] ....  6133.685256: do_swap_page: swapin tgid 1333 pid 1355 name "android.ui" vma 7f2895d000
           <...>-1355  [004] ....  6133.685260: do_swap_page: swapin tgid 1333 pid 1355 name "android.ui" vma 7f2895e000
           <...>-817   [004] ....  6133.685350: do_swap_page: swapin tgid 817 pid 817 name "power@1.3-servi" vma 7fbdab9000
           <...>-817   [004] ....  6133.685368: do_swap_page: swapin tgid 817 pid 817 name "power@1.3-servi" vma 7fbd219000
           <...>-1355  [004] ....  6133.685536: do_swap_page: swapin tgid 1333 pid 1355 name "android.ui" vma 7f2d6c1000
           <...>-817   [004] ....  6133.685654: do_swap_page: swapin tgid 817 pid 817 name "power@1.3-servi" vma 7fbd219000
           <...>-817   [004] ....  6133.685676: do_swap_page: swapin tgid 817 pid 817 name "power@1.3-servi" vma 7fffffe000
           <...>-817   [004] ....  6133.685688: do_swap_page: swapin tgid 817 pid 817 name "power@1.3-servi" vma 7fbb851000
           <...>-817   [004] ....  6133.685694: do_swap_page: swapin tgid 817 pid 817 name "power@1.3-servi" vma 7fbdde6000
           <...>-1355  [004] ....  6133.685785: do_swap_page: swapin tgid 1333 pid 1355 name "android.ui" vma 7f312bd000
           <...>-1355  [004] ....  6133.685820: do_swap_page: swapin tgid 1333 pid 1355 name "android.ui" vma 1431b000
           <...>-1355  [004] ....  6133.685858: do_swap_page: swapin tgid 1333 pid 1355 name "android.ui" vma 7f2d788000
           <...>-1355  [004] ....  6133.685868: do_swap_page: swapin tgid 1333 pid 1355 name "android.ui" vma 13b9e000
           <...>-817   [004] ....  6133.685964: do_swap_page: swapin tgid 817 pid 817 name "power@1.3-servi" vma 7fbdde6000
           <...>-817   [004] ....  6133.685989: do_swap_page: swapin tgid 817 pid 817 name "power@1.3-servi" vma 7fbb800000
 droid.launcher3-1981  [004] ....  6133.686106: do_swap_page: swapin tgid 1981 pid 1981 name "droid.launcher3" vma 7f393d8000
 droid.launcher3-1981  [004] ....  6133.686125: do_swap_page: swapin tgid 1981 pid 1981 name "droid.launcher3" vma 7fbe165000
 droid.launcher3-1981  [004] ....  6133.686131: do_swap_page: swapin tgid 1981 pid 1981 name "droid.launcher3" vma 7fbe1a2000
 droid.launcher3-1981  [004] ....  6133.686138: do_swap_page: swapin tgid 1981 pid 1981 name "droid.launcher3" vma 7ecdce4000
           <...>-817   [004] ....  6133.686312: do_swap_page: swapin tgid 817 pid 817 name "power@1.3-servi" vma 7fbb800000
           <...>-817   [004] ....  6133.686330: do_swap_page: swapin tgid 817 pid 817 name "power@1.3-servi" vma 7fbb820000
 droid.launcher3-1981  [004] ....  6133.686444: do_swap_page: swapin tgid 1981 pid 1981 name "droid.launcher3" vma 7ec63da000
 droid.launcher3-1981  [004] ....  6133.686465: do_swap_page: swapin tgid 1981 pid 1981 name "droid.launcher3" vma 7ec63db000
 droid.launcher3-1981  [004] ....  6133.686471: do_swap_page: swapin tgid 1981 pid 1981 name "droid.launcher3" vma 7fffffc000
 droid.launcher3-1981  [004] ....  6133.686476: do_swap_page: swapin tgid 1981 pid 1981 name "droid.launcher3" vma 7ecdba8000
 droid.launcher3-1981  [004] ....  6133.686483: do_swap_page: swapin tgid 1981 pid 1981 name "droid.launcher3" vma 7fbd2d4000
 droid.launcher3-1981  [004] ....  6133.686487: do_swap_page: swapin tgid 1981 pid 1981 name "droid.launcher3" vma 7fbd2d0000
 droid.launcher3-1981  [004] ....  6133.686491: do_swap_page: swapin tgid 1981 pid 1981 name "droid.launcher3" vma 7fbd2d1000
           <...>-817   [004] ....  6133.686583: do_swap_page: swapin tgid 817 pid 817 name "power@1.3-servi" vma 7fbb820000
           <...>-817   [004] ....  6133.686605: do_swap_page: swapin tgid 817 pid 817 name "power@1.3-servi" vma 7fbb83f000
           <...>-817   [004] ....  6133.686615: do_swap_page: swapin tgid 817 pid 817 name "power@1.3-servi" vma 7fbb85c000
           <...>-817   [004] ....  6133.686824: do_swap_page: swapin tgid 817 pid 817 name "power@1.3-servi" vma 7fbb85c000
           <...>-817   [004] ....  6133.686840: do_swap_page: swapin tgid 817 pid 817 name "power@1.3-servi" vma 7fbb844000
           <...>-817   [004] ....  6133.686855: do_swap_page: swapin tgid 817 pid 817 name "power@1.3-servi" vma 7fbb859000
           <...>-817   [004] ....  6133.686862: do_swap_page: swapin tgid 817 pid 817 name "power@1.3-servi" vma 7fbdde2000
           <...>-1458  [004] ....  6133.686991: do_swap_page: swapin tgid 1333 pid 1458 name "InputDispatcher" vma 7fbe175000
           <...>-1458  [004] ....  6133.687019: do_swap_page: swapin tgid 1333 pid 1458 name "InputDispatcher" vma 7ed0cad000
           <...>-817   [004] ....  6133.687223: do_swap_page: swapin tgid 817 pid 817 name "power@1.3-servi" vma 7fbdde2000
           <...>-817   [004] ....  6133.687239: do_swap_page: swapin tgid 817 pid 817 name "power@1.3-servi" vma 7fbdde3000
           <...>-817   [004] ....  6133.687497: do_swap_page: swapin tgid 817 pid 817 name "power@1.3-servi" vma 7fbdde3000
           <...>-817   [004] ....  6133.687515: do_swap_page: swapin tgid 817 pid 817 name "power@1.3-servi" vma 7fbd201000
           <...>-817   [004] ....  6133.687520: do_swap_page: swapin tgid 817 pid 817 name "power@1.3-servi" vma 7fbd200000
           <...>-817   [004] ....  6133.687528: do_swap_page: swapin tgid 817 pid 817 name "power@1.3-servi" vma 7fbd298000
           <...>-817   [004] ....  6133.687538: do_swap_page: swapin tgid 817 pid 817 name "power@1.3-servi" vma 7fbb84b000
           <...>-817   [004] ....  6133.687546: do_swap_page: swapin tgid 817 pid 817 name "power@1.3-servi" vma 7fbb84c000
           <...>-817   [004] ....  6133.687557: do_swap_page: swapin tgid 817 pid 817 name "power@1.3-servi" vma 7fbd404000
           <...>-817   [004] ....  6133.687561: do_swap_page: swapin tgid 817 pid 817 name "power@1.3-servi" vma 7fbd400000
           <...>-817   [004] ....  6133.687823: do_swap_page: swapin tgid 817 pid 817 name "power@1.3-servi" vma 7fbd400000
           <...>-817   [004] ....  6133.687841: do_swap_page: swapin tgid 817 pid 817 name "power@1.3-servi" vma 7fbd407000
           <...>-817   [004] ....  6133.687851: do_swap_page: swapin tgid 817 pid 817 name "power@1.3-servi" vma 7fbd406000
           <...>-817   [004] ....  6133.688052: do_swap_page: swapin tgid 817 pid 817 name "power@1.3-servi" vma 7fbd406000
           <...>-817   [004] ....  6133.688070: do_swap_page: swapin tgid 817 pid 817 name "power@1.3-servi" vma 7fbd408000
           <...>-817   [004] ....  6133.688079: do_swap_page: swapin tgid 817 pid 817 name "power@1.3-servi" vma 7fbd205000
           <...>-817   [004] ....  6133.688105: do_swap_page: swapin tgid 817 pid 817 name "power@1.3-servi" vma 7fbd211000
           <...>-817   [004] ....  6133.688117: do_swap_page: swapin tgid 817 pid 817 name "power@1.3-servi" vma 7fbb84d000
           <...>-817   [004] ....  6133.688179: do_swap_page: swapin tgid 817 pid 817 name "power@1.3-servi" vma 7fbcfe9000
           <...>-817   [004] ....  6133.688387: do_swap_page: swapin tgid 817 pid 817 name "power@1.3-servi" vma 7fbcfe9000
           <...>-1458  [004] ....  6133.688552: do_swap_page: swapin tgid 1333 pid 1458 name "InputDispatcher" vma 13964000
           <...>-1458  [004] ....  6133.688567: do_swap_page: swapin tgid 1333 pid 1458 name "InputDispatcher" vma 13baf000
           <...>-1458  [004] ....  6133.688907: do_swap_page: swapin tgid 1333 pid 1458 name "InputDispatcher" vma 9e822000
    Binder:600_1-645   [004] ....  6133.689097: do_swap_page: swapin tgid 600 pid 645 name "Binder:600_1" vma 7fba7c9000
    Binder:600_1-645   [004] ....  6133.689106: do_swap_page: swapin tgid 600 pid 645 name "Binder:600_1" vma 7fbe175000
           <...>-2355  [004] ....  6133.689235: do_swap_page: swapin tgid 817 pid 2355 name "NodeLooperThrea" vma 7fbb7fc000
           <...>-2355  [004] ....  6133.689249: do_swap_page: swapin tgid 817 pid 2355 name "NodeLooperThrea" vma 7fbb7fb000
           <...>-2355  [004] ....  6133.689263: do_swap_page: swapin tgid 817 pid 2355 name "NodeLooperThrea" vma 7fbb83e000
           <...>-2355  [004] ....  6133.689271: do_swap_page: swapin tgid 817 pid 2355 name "NodeLooperThrea" vma 7fbb83d000
           <...>-2356  [004] ....  6133.689424: do_swap_page: swapin tgid 817 pid 2356 name "power@1.3-servi" vma 7fba6ff000
           <...>-2355  [004] ....  6133.689621: do_swap_page: swapin tgid 817 pid 2355 name "NodeLooperThrea" vma 7fbb83d000
           <...>-2355  [004] ....  6133.689674: do_swap_page: swapin tgid 817 pid 2355 name "NodeLooperThrea" vma 7fbb81b000
   system_server-1333  [004] ....  6133.689785: do_swap_page: swapin tgid 1333 pid 1333 name "system_server" vma 9eb80000
           <...>-2355  [004] ....  6133.689928: do_swap_page: swapin tgid 817 pid 2355 name "NodeLooperThrea" vma 7fbb81b000
           <...>-2355  [004] ....  6133.690209: do_swap_page: swapin tgid 817 pid 2355 name "NodeLooperThrea" vma 7fbb84e000
           <...>-2355  [004] ....  6133.690295: do_swap_page: swapin tgid 817 pid 2355 name "NodeLooperThrea" vma 7fbb81d000
           <...>-2355  [004] ....  6133.690604: do_swap_page: swapin tgid 817 pid 2355 name "NodeLooperThrea" vma 7fbb81d000
           <...>-2355  [004] ....  6133.690912: do_swap_page: swapin tgid 817 pid 2355 name "NodeLooperThrea" vma 7fbb85b000
           <...>-1357  [004] ....  6133.691151: do_swap_page: swapin tgid 1333 pid 1357 name "android.display" vma 7ecd92e000
           <...>-1357  [004] ....  6133.691185: do_swap_page: swapin tgid 1333 pid 1357 name "android.display" vma 7ecd92f000
           <...>-1357  [004] ....  6133.691193: do_swap_page: swapin tgid 1333 pid 1357 name "android.display" vma 7ed0c60000
           <...>-1357  [004] ....  6133.691197: do_swap_page: swapin tgid 1333 pid 1357 name "android.display" vma 7ecd92d000
           <...>-1357  [004] ....  6133.691209: do_swap_page: swapin tgid 1333 pid 1357 name "android.display" vma 7ecd92c000
           <...>-1357  [004] ....  6133.691237: do_swap_page: swapin tgid 1333 pid 1357 name "android.display" vma 7f31239000
           <...>-1357  [004] ....  6133.691248: do_swap_page: swapin tgid 1333 pid 1357 name "android.display" vma 9ea95000
           <...>-2356  [004] ....  6133.691357: do_swap_page: swapin tgid 817 pid 2356 name "power@1.3-servi" vma 7fba6ff000
           <...>-2356  [004] ....  6133.691378: do_swap_page: swapin tgid 817 pid 2356 name "power@1.3-servi" vma 7fba6fe000
           <...>-2355  [004] ....  6133.691426: do_swap_page: swapin tgid 817 pid 2355 name "NodeLooperThrea" vma 7fbb85b000
 droid.launcher3-1981  [004] ....  6133.691683: do_swap_page: swapin tgid 1981 pid 1981 name "droid.launcher3" vma 7fbd2d1000
 droid.launcher3-1981  [004] ....  6133.691706: do_swap_page: swapin tgid 1981 pid 1981 name "droid.launcher3" vma 7fbe15d000
 droid.launcher3-1981  [004] ....  6133.691711: do_swap_page: swapin tgid 1981 pid 1981 name "droid.launcher3" vma 7fbe15c000
 droid.launcher3-1981  [004] ....  6133.691730: do_swap_page: swapin tgid 1981 pid 1981 name "droid.launcher3" vma 7f39804000
 droid.launcher3-1981  [004] ....  6133.691736: do_swap_page: swapin tgid 1981 pid 1981 name "droid.launcher3" vma 7f39800000
 droid.launcher3-1981  [004] ....  6133.691740: do_swap_page: swapin tgid 1981 pid 1981 name "droid.launcher3" vma 7f3980a000
 droid.launcher3-1981  [004] ....  6133.691746: do_swap_page: swapin tgid 1981 pid 1981 name "droid.launcher3" vma 7f39806000
 droid.launcher3-1981  [004] ....  6133.691749: do_swap_page: swapin tgid 1981 pid 1981 name "droid.launcher3" vma 7fbe161000
 droid.launcher3-1981  [004] ....  6133.691753: do_swap_page: swapin tgid 1981 pid 1981 name "droid.launcher3" vma 7fbe1fd000
 droid.launcher3-1981  [004] ....  6133.691757: do_swap_page: swapin tgid 1981 pid 1981 name "droid.launcher3" vma 7f2898a000
 droid.launcher3-1981  [004] ....  6133.691766: do_swap_page: swapin tgid 1981 pid 1981 name "droid.launcher3" vma 7ec7d13000
 droid.launcher3-1981  [004] ....  6133.691790: do_swap_page: swapin tgid 1981 pid 1981 name "droid.launcher3" vma 7fbb7d4000
           <...>-2355  [004] ....  6133.692344: do_swap_page: swapin tgid 817 pid 2355 name "NodeLooperThrea" vma 7fbd26b000
           <...>-2355  [004] ....  6133.692358: do_swap_page: swapin tgid 817 pid 2355 name "NodeLooperThrea" vma 7fbd26c000
           <...>-2355  [004] ....  6133.692366: do_swap_page: swapin tgid 817 pid 2355 name "NodeLooperThrea" vma 7fbd240000
           <...>-2355  [004] ....  6133.692374: do_swap_page: swapin tgid 817 pid 2355 name "NodeLooperThrea" vma 7fbda64000
           <...>-2355  [004] ....  6133.692393: do_swap_page: swapin tgid 817 pid 2355 name "NodeLooperThrea" vma 7fbd20a000
           <...>-2355  [004] ....  6133.692399: do_swap_page: swapin tgid 817 pid 2355 name "NodeLooperThrea" vma 7fbd20e000
           <...>-2355  [004] ....  6133.692403: do_swap_page: swapin tgid 817 pid 2355 name "NodeLooperThrea" vma 7fbda63000
           <...>-1357  [004] ....  6133.692572: do_swap_page: swapin tgid 1333 pid 1357 name "android.display" vma 9ea95000
           <...>-1357  [004] ....  6133.692612: do_swap_page: swapin tgid 1333 pid 1357 name "android.display" vma 9eac4000
           <...>-2355  [004] ....  6133.692685: do_swap_page: swapin tgid 817 pid 2355 name "NodeLooperThrea" vma 7fbda63000
           <...>-2355  [004] ....  6133.692713: do_swap_page: swapin tgid 817 pid 2355 name "NodeLooperThrea" vma 7fbb7fa000
           <...>-2355  [004] ....  6133.692730: do_swap_page: swapin tgid 817 pid 2355 name "NodeLooperThrea" vma 7fbd212000
           <...>-2355  [004] ....  6133.692734: do_swap_page: swapin tgid 817 pid 2355 name "NodeLooperThrea" vma 7fbdcab000
 droid.launcher3-1981  [004] ....  6133.692939: do_swap_page: swapin tgid 1981 pid 1981 name "droid.launcher3" vma 7fbb7d4000
 droid.launcher3-1981  [004] ....  6133.692959: do_swap_page: swapin tgid 1981 pid 1981 name "droid.launcher3" vma 7fbe25a000
 droid.launcher3-1981  [004] ....  6133.692972: do_swap_page: swapin tgid 1981 pid 1981 name "droid.launcher3" vma 7f393d6000
 droid.launcher3-1981  [004] ....  6133.692976: do_swap_page: swapin tgid 1981 pid 1981 name "droid.launcher3" vma 7fbe23c000
 droid.launcher3-1981  [004] ....  6133.692979: do_swap_page: swapin tgid 1981 pid 1981 name "droid.launcher3" vma 7fbe1a3000
 droid.launcher3-1981  [004] ....  6133.692986: do_swap_page: swapin tgid 1981 pid 1981 name "droid.launcher3" vma 7f318dc000
 droid.launcher3-1981  [004] ....  6133.692996: do_swap_page: swapin tgid 1981 pid 1981 name "droid.launcher3" vma 13c2a000
 droid.launcher3-1981  [004] ....  6133.693007: do_swap_page: swapin tgid 1981 pid 1981 name "droid.launcher3" vma 7fbe285000
 droid.launcher3-1981  [004] ....  6133.693018: do_swap_page: swapin tgid 1981 pid 1981 name "droid.launcher3" vma 7f393d7000
 droid.launcher3-1981  [004] ....  6133.693029: do_swap_page: swapin tgid 1981 pid 1981 name "droid.launcher3" vma 7fbe1f8000
 droid.launcher3-1981  [004] ....  6133.693034: do_swap_page: swapin tgid 1981 pid 1981 name "droid.launcher3" vma 7fffffa000
 droid.launcher3-1981  [004] ....  6133.693043: do_swap_page: swapin tgid 1981 pid 1981 name "droid.launcher3" vma 7fbe24e000
 droid.launcher3-1981  [004] ....  6133.693054: do_swap_page: swapin tgid 1981 pid 1981 name "droid.launcher3" vma 7fbde23000
 droid.launcher3-1981  [004] ....  6133.693066: do_swap_page: swapin tgid 1981 pid 1981 name "droid.launcher3" vma 7fbe286000
 droid.launcher3-1981  [004] ....  6133.693077: do_swap_page: swapin tgid 1981 pid 1981 name "droid.launcher3" vma 12e91000
 droid.launcher3-1981  [004] ....  6133.693085: do_swap_page: swapin tgid 1981 pid 1981 name "droid.launcher3" vma 7f35067000
 droid.launcher3-1981  [004] ....  6133.693103: do_swap_page: swapin tgid 1981 pid 1981 name "droid.launcher3" vma 7ec7daa000
 droid.launcher3-1981  [004] ....  6133.693117: do_swap_page: swapin tgid 1981 pid 1981 name "droid.launcher3" vma 13c3f000
 droid.launcher3-1981  [004] ....  6133.693132: do_swap_page: swapin tgid 1981 pid 1981 name "droid.launcher3" vma 13c93000
 droid.launcher3-1981  [004] ....  6133.693143: do_swap_page: swapin tgid 1981 pid 1981 name "droid.launcher3" vma 7f34ef3000
 droid.launcher3-1981  [004] ....  6133.693150: do_swap_page: swapin tgid 1981 pid 1981 name "droid.launcher3" vma 12e81000
 droid.launcher3-1981  [004] ....  6133.693153: do_swap_page: swapin tgid 1981 pid 1981 name "droid.launcher3" vma 7f34eef000
 droid.launcher3-1981  [004] ....  6133.693159: do_swap_page: swapin tgid 1981 pid 1981 name "droid.launcher3" vma 13c07000
 droid.launcher3-1981  [004] ....  6133.693163: do_swap_page: swapin tgid 1981 pid 1981 name "droid.launcher3" vma 12e80000
 droid.launcher3-1981  [004] ....  6133.693177: do_swap_page: swapin tgid 1981 pid 1981 name "droid.launcher3" vma 12e90000
 droid.launcher3-1981  [004] ....  6133.693185: do_swap_page: swapin tgid 1981 pid 1981 name "droid.launcher3" vma 13c3c000
 droid.launcher3-1981  [004] ....  6133.693196: do_swap_page: swapin tgid 1981 pid 1981 name "droid.launcher3" vma 13c3e000
 droid.launcher3-1981  [004] ....  6133.693202: do_swap_page: swapin tgid 1981 pid 1981 name "droid.launcher3" vma 9e853000
           <...>-2355  [004] ....  6133.693410: do_swap_page: swapin tgid 817 pid 2355 name "NodeLooperThrea" vma 7fbdcab000
           <...>-2355  [004] ....  6133.693458: do_swap_page: swapin tgid 817 pid 2355 name "NodeLooperThrea" vma 7fbf5e3000
   system_server-1333  [004] ....  6133.693624: do_swap_page: swapin tgid 1333 pid 1333 name "system_server" vma 9eb80000
   system_server-1333  [004] ....  6133.693646: do_swap_page: swapin tgid 1333 pid 1333 name "system_server" vma 9ea8d000
           <...>-2355  [004] ....  6133.693797: do_swap_page: swapin tgid 817 pid 2355 name "NodeLooperThrea" vma 7fbf5e3000
           <...>-2355  [004] ....  6133.693829: do_swap_page: swapin tgid 817 pid 2355 name "NodeLooperThrea" vma 7fbd820000
 droid.launcher3-1981  [004] ....  6133.694182: do_swap_page: swapin tgid 1981 pid 1981 name "droid.launcher3" vma 9e853000
 droid.launcher3-1981  [004] ....  6133.694208: do_swap_page: swapin tgid 1981 pid 1981 name "droid.launcher3" vma 13c95000
 droid.launcher3-1981  [004] ....  6133.694229: do_swap_page: swapin tgid 1981 pid 1981 name "droid.launcher3" vma 7fbe170000
 droid.launcher3-1981  [004] ....  6133.694234: do_swap_page: swapin tgid 1981 pid 1981 name "droid.launcher3" vma 7fbe249000
 droid.launcher3-1981  [004] ....  6133.694243: do_swap_page: swapin tgid 1981 pid 1981 name "droid.launcher3" vma 7f289fb000
 droid.launcher3-1981  [004] ....  6133.694259: do_swap_page: swapin tgid 1981 pid 1981 name "droid.launcher3" vma 13c96000
 droid.launcher3-1981  [004] ....  6133.694270: do_swap_page: swapin tgid 1981 pid 1981 name "droid.launcher3" vma 9e852000
 droid.launcher3-1981  [004] ....  6133.694277: do_swap_page: swapin tgid 1981 pid 1981 name "droid.launcher3" vma 9e94f000
           <...>-567   [004] ....  6133.694489: do_swap_page: swapin tgid 555 pid 567 name "logd.writer" vma 7fbbe71000
 droid.launcher3-1981  [004] ....  6133.694591: do_swap_page: swapin tgid 1981 pid 1981 name "droid.launcher3" vma 9e94f000
 droid.launcher3-1981  [004] ....  6133.694608: do_swap_page: swapin tgid 1981 pid 1981 name "droid.launcher3" vma 9e960000
           <...>-1357  [004] ....  6133.694684: do_swap_page: swapin tgid 1333 pid 1357 name "android.display" vma 9eac4000
           <...>-567   [004] ....  6133.694780: do_swap_page: swapin tgid 555 pid 567 name "logd.writer" vma 7fbbe5a000
 droid.launcher3-1981  [004] ....  6133.694871: do_swap_page: swapin tgid 1981 pid 1981 name "droid.launcher3" vma 9e960000
 droid.launcher3-1981  [004] ....  6133.694888: do_swap_page: swapin tgid 1981 pid 1981 name "droid.launcher3" vma 9e95a000
 droid.launcher3-1981  [004] ....  6133.695088: do_swap_page: swapin tgid 1981 pid 1981 name "droid.launcher3" vma 9e95a000
 droid.launcher3-1981  [004] ....  6133.695111: do_swap_page: swapin tgid 1981 pid 1981 name "droid.launcher3" vma 13c80000
 droid.launcher3-1981  [004] ....  6133.695191: do_swap_page: swapin tgid 1981 pid 1981 name "droid.launcher3" vma 7ecdc76000
 droid.launcher3-1981  [004] ....  6133.695206: do_swap_page: swapin tgid 1981 pid 1981 name "droid.launcher3" vma 7f28b5e000
 droid.launcher3-1981  [004] ....  6133.695216: do_swap_page: swapin tgid 1981 pid 1981 name "droid.launcher3" vma 13c99000
 droid.launcher3-1981  [004] ....  6133.695222: do_swap_page: swapin tgid 1981 pid 1981 name "droid.launcher3" vma 13c9a000
 droid.launcher3-1981  [004] ....  6133.695230: do_swap_page: swapin tgid 1981 pid 1981 name "droid.launcher3" vma 7ecdc77000
 droid.launcher3-1981  [004] ....  6133.695233: do_swap_page: swapin tgid 1981 pid 1981 name "droid.launcher3" vma 12e8c000
 droid.launcher3-1981  [004] ....  6133.695243: do_swap_page: swapin tgid 1981 pid 1981 name "droid.launcher3" vma 9e81b000
 droid.launcher3-1981  [004] ....  6133.695248: do_swap_page: swapin tgid 1981 pid 1981 name "droid.launcher3" vma 7fbe264000
 droid.launcher3-1981  [004] ....  6133.695251: do_swap_page: swapin tgid 1981 pid 1981 name "droid.launcher3" vma 9e81c000
    Binder:600_1-645   [004] ....  6133.695345: do_swap_page: swapin tgid 600 pid 645 name "Binder:600_1" vma 7fbe175000
           <...>-675   [004] ....  6133.695657: do_swap_page: swapin tgid 600 pid 675 name "surfaceflinger" vma 7fb2f20000
           <...>-675   [004] ....  6133.695678: do_swap_page: swapin tgid 600 pid 675 name "surfaceflinger" vma 7fb2f1f000
           <...>-675   [004] ....  6133.696758: do_swap_page: swapin tgid 600 pid 675 name "surfaceflinger" vma 7faa6e1000
           <...>-675   [004] ....  6133.696772: do_swap_page: swapin tgid 600 pid 675 name "surfaceflinger" vma 7faa6f6000
           <...>-675   [004] ....  6133.696788: do_swap_page: swapin tgid 600 pid 675 name "surfaceflinger" vma 7fba60f000
 droid.launcher3-1981  [004] ....  6133.698119: do_swap_page: swapin tgid 1981 pid 1981 name "droid.launcher3" vma 9e81c000
 droid.launcher3-1981  [004] ....  6133.698156: do_swap_page: swapin tgid 1981 pid 1981 name "droid.launcher3" vma 9e834000
 droid.launcher3-1981  [004] ....  6133.698175: do_swap_page: swapin tgid 1981 pid 1981 name "droid.launcher3" vma 9e81d000
 droid.launcher3-1981  [004] ....  6133.698182: do_swap_page: swapin tgid 1981 pid 1981 name "droid.launcher3" vma 7ecdc75000
 droid.launcher3-1981  [004] ....  6133.698187: do_swap_page: swapin tgid 1981 pid 1981 name "droid.launcher3" vma 9e835000
           <...>-1357  [004] ....  6133.698321: do_swap_page: swapin tgid 1333 pid 1357 name "android.display" vma 9eac7000
 droid.launcher3-1981  [004] ....  6133.698503: do_swap_page: swapin tgid 1981 pid 1981 name "droid.launcher3" vma 9e835000
 droid.launcher3-1981  [004] ....  6133.698587: do_swap_page: swapin tgid 1981 pid 1981 name "droid.launcher3" vma 9e923000
 droid.launcher3-1981  [004] ....  6133.698605: do_swap_page: swapin tgid 1981 pid 1981 name "droid.launcher3" vma 7f2dd45000
   system_server-1333  [004] ....  6133.698860: do_swap_page: swapin tgid 1333 pid 1333 name "system_server" vma 9ea8d000
   system_server-1333  [004] ....  6133.698885: do_swap_page: swapin tgid 1333 pid 1333 name "system_server" vma 9ea5d000
           <...>-1357  [004] ....  6133.699353: do_swap_page: swapin tgid 1333 pid 1357 name "android.display" vma 9eac7000
           <...>-1357  [004] ....  6133.699376: do_swap_page: swapin tgid 1333 pid 1357 name "android.display" vma 9e8f3000
           <...>-1357  [004] ....  6133.699390: do_swap_page: swapin tgid 1333 pid 1357 name "android.display" vma 1372b000
           <...>-1357  [004] ....  6133.699399: do_swap_page: swapin tgid 1333 pid 1357 name "android.display" vma 13d32000
           <...>-1357  [004] ....  6133.699407: do_swap_page: swapin tgid 1333 pid 1357 name "android.display" vma 9e857000
           <...>-1357  [004] ....  6133.699411: do_swap_page: swapin tgid 1333 pid 1357 name "android.display" vma 9eb0b000
 droid.launcher3-1981  [004] ....  6133.699557: do_swap_page: swapin tgid 1981 pid 1981 name "droid.launcher3" vma 7f2dd45000
 droid.launcher3-1981  [004] ....  6133.699577: do_swap_page: swapin tgid 1981 pid 1981 name "droid.launcher3" vma 9e92d000
 droid.launcher3-1981  [004] ....  6133.699589: do_swap_page: swapin tgid 1981 pid 1981 name "droid.launcher3" vma 9e836000
 droid.launcher3-1981  [004] ....  6133.699594: do_swap_page: swapin tgid 1981 pid 1981 name "droid.launcher3" vma 7f2dd46000
 droid.launcher3-1981  [004] ....  6133.699599: do_swap_page: swapin tgid 1981 pid 1981 name "droid.launcher3" vma 9e873000
           <...>-1355  [004] ....  6133.699774: do_swap_page: swapin tgid 1333 pid 1355 name "android.ui" vma 13b9f000
           <...>-1355  [004] ....  6133.699808: do_swap_page: swapin tgid 1333 pid 1355 name "android.ui" vma 9eb21000
 droid.launcher3-1981  [004] ....  6133.699943: do_swap_page: swapin tgid 1981 pid 1981 name "droid.launcher3" vma 9e873000
 droid.launcher3-1981  [004] ....  6133.699962: do_swap_page: swapin tgid 1981 pid 1981 name "droid.launcher3" vma 9e84e000
 droid.launcher3-1981  [004] ....  6133.699966: do_swap_page: swapin tgid 1981 pid 1981 name "droid.launcher3" vma 9e804000
 droid.launcher3-1981  [004] ....  6133.699981: do_swap_page: swapin tgid 1981 pid 1981 name "droid.launcher3" vma 9e9c0000
 droid.launcher3-1981  [004] ....  6133.700040: do_swap_page: swapin tgid 1981 pid 1981 name "droid.launcher3" vma 9e932000
           <...>-1357  [004] ....  6133.700157: do_swap_page: swapin tgid 1333 pid 1357 name "android.display" vma 9eb0b000
           <...>-1357  [004] ....  6133.700174: do_swap_page: swapin tgid 1333 pid 1357 name "android.display" vma 9eb0c000
 droid.launcher3-1981  [004] ....  6133.700320: do_swap_page: swapin tgid 1981 pid 1981 name "droid.launcher3" vma 9e932000
 droid.launcher3-1981  [004] ....  6133.700340: do_swap_page: swapin tgid 1981 pid 1981 name "droid.launcher3" vma 9e842000
 droid.launcher3-1981  [004] ....  6133.700343: do_swap_page: swapin tgid 1981 pid 1981 name "droid.launcher3" vma 9e927000
 droid.launcher3-1981  [004] ....  6133.700650: do_swap_page: swapin tgid 1981 pid 1981 name "droid.launcher3" vma 9e927000
 droid.launcher3-1981  [004] ....  6133.700665: do_swap_page: swapin tgid 1981 pid 1981 name "droid.launcher3" vma 9e94e000
   system_server-1333  [004] ....  6133.700720: do_swap_page: swapin tgid 1333 pid 1333 name "system_server" vma 9ea5d000
 droid.launcher3-1981  [004] ....  6133.700903: do_swap_page: swapin tgid 1981 pid 1981 name "droid.launcher3" vma 9e94e000
 droid.launcher3-1981  [004] ....  6133.700923: do_swap_page: swapin tgid 1981 pid 1981 name "droid.launcher3" vma 9e92f000
 droid.launcher3-1981  [004] ....  6133.700928: do_swap_page: swapin tgid 1981 pid 1981 name "droid.launcher3" vma 9e854000
 droid.launcher3-1981  [004] ....  6133.700934: do_swap_page: swapin tgid 1981 pid 1981 name "droid.launcher3" vma 13c9b000
 droid.launcher3-1981  [004] ....  6133.700938: do_swap_page: swapin tgid 1981 pid 1981 name "droid.launcher3" vma 9e859000
 droid.launcher3-1981  [004] ....  6133.700943: do_swap_page: swapin tgid 1981 pid 1981 name "droid.launcher3" vma 9e819000
 droid.launcher3-1981  [004] ....  6133.700945: do_swap_page: swapin tgid 1981 pid 1981 name "droid.launcher3" vma 9e85e000
 droid.launcher3-1981  [004] ....  6133.700947: do_swap_page: swapin tgid 1981 pid 1981 name "droid.launcher3" vma 9e815000
 droid.launcher3-1981  [004] ....  6133.700950: do_swap_page: swapin tgid 1981 pid 1981 name "droid.launcher3" vma 9e867000
 droid.launcher3-1981  [004] ....  6133.700953: do_swap_page: swapin tgid 1981 pid 1981 name "droid.launcher3" vma 13c3b000
 droid.launcher3-1981  [004] ....  6133.700955: do_swap_page: swapin tgid 1981 pid 1981 name "droid.launcher3" vma 9e846000
 droid.launcher3-1981  [004] ....  6133.700964: do_swap_page: swapin tgid 1981 pid 1981 name "droid.launcher3" vma 9e80e000
 droid.launcher3-1981  [004] ....  6133.700967: do_swap_page: swapin tgid 1981 pid 1981 name "droid.launcher3" vma 9e85f000
 droid.launcher3-1981  [004] ....  6133.700969: do_swap_page: swapin tgid 1981 pid 1981 name "droid.launcher3" vma 9e84b000
 droid.launcher3-1981  [004] ....  6133.700971: do_swap_page: swapin tgid 1981 pid 1981 name "droid.launcher3" vma 9e844000
 droid.launcher3-1981  [004] ....  6133.700972: do_swap_page: swapin tgid 1981 pid 1981 name "droid.launcher3" vma 9e890000
 droid.launcher3-1981  [004] ....  6133.700975: do_swap_page: swapin tgid 1981 pid 1981 name "droid.launcher3" vma 9e93b000
           <...>-1355  [004] ....  6133.701055: do_swap_page: swapin tgid 1333 pid 1355 name "android.ui" vma 9eb21000
           <...>-1355  [004] ....  6133.701069: do_swap_page: swapin tgid 1333 pid 1355 name "android.ui" vma 9e9bd000
           <...>-1357  [004] ....  6133.701131: do_swap_page: swapin tgid 1333 pid 1357 name "android.display" vma 9eb0c000
           <...>-1357  [004] ....  6133.701140: do_swap_page: swapin tgid 1333 pid 1357 name "android.display" vma 13d33000
           <...>-1357  [004] ....  6133.701148: do_swap_page: swapin tgid 1333 pid 1357 name "android.display" vma 143a6000
 droid.launcher3-1981  [004] ....  6133.701305: do_swap_page: swapin tgid 1981 pid 1981 name "droid.launcher3" vma 9e93b000
 droid.launcher3-1981  [004] ....  6133.701322: do_swap_page: swapin tgid 1981 pid 1981 name "droid.launcher3" vma 9e8e7000
 ndroid.systemui-1648  [004] ....  6133.701434: do_swap_page: swapin tgid 1648 pid 1648 name "ndroid.systemui" vma 7f2d144000
 ndroid.systemui-1648  [004] ....  6133.701464: do_swap_page: swapin tgid 1648 pid 1648 name "ndroid.systemui" vma 13e8d000
 ndroid.systemui-1648  [004] ....  6133.701482: do_swap_page: swapin tgid 1648 pid 1648 name "ndroid.systemui" vma 13e8f000
 ndroid.systemui-1648  [004] ....  6133.701617: do_swap_page: swapin tgid 1648 pid 1648 name "ndroid.systemui" vma 9e832000
 ndroid.systemui-1648  [004] ....  6133.701633: do_swap_page: swapin tgid 1648 pid 1648 name "ndroid.systemui" vma 13eac000
 ndroid.systemui-1648  [004] ....  6133.701750: do_swap_page: swapin tgid 1648 pid 1648 name "ndroid.systemui" vma 7eabf66000
 ndroid.systemui-1648  [004] ....  6133.701811: do_swap_page: swapin tgid 1648 pid 1648 name "ndroid.systemui" vma 9ea7e000
 droid.launcher3-1981  [004] ....  6133.701945: do_swap_page: swapin tgid 1981 pid 1981 name "droid.launcher3" vma 9e8e7000
 droid.launcher3-1981  [004] ....  6133.701974: do_swap_page: swapin tgid 1981 pid 1981 name "droid.launcher3" vma 7fffffb000
 droid.launcher3-1981  [004] ....  6133.701988: do_swap_page: swapin tgid 1981 pid 1981 name "droid.launcher3" vma 7ec7d0a000
 droid.launcher3-1981  [004] ....  6133.701995: do_swap_page: swapin tgid 1981 pid 1981 name "droid.launcher3" vma 7f289f8000
 droid.launcher3-1981  [004] ....  6133.702008: do_swap_page: swapin tgid 1981 pid 1981 name "droid.launcher3" vma 9e940000
 droid.launcher3-1981  [004] ....  6133.702316: do_swap_page: swapin tgid 1981 pid 1981 name "droid.launcher3" vma 9e940000
 droid.launcher3-1981  [004] ....  6133.702335: do_swap_page: swapin tgid 1981 pid 1981 name "droid.launcher3" vma 7fffff9000
 droid.launcher3-1981  [004] ....  6133.702353: do_swap_page: swapin tgid 1981 pid 1981 name "droid.launcher3" vma 9e82a000
 droid.launcher3-1981  [004] ....  6133.702359: do_swap_page: swapin tgid 1981 pid 1981 name "droid.launcher3" vma 12e83000
 droid.launcher3-1981  [004] ....  6133.702364: do_swap_page: swapin tgid 1981 pid 1981 name "droid.launcher3" vma 9e899000
 droid.launcher3-1981  [004] ....  6133.702367: do_swap_page: swapin tgid 1981 pid 1981 name "droid.launcher3" vma 9e941000
 droid.launcher3-1981  [004] ....  6133.702608: do_swap_page: swapin tgid 1981 pid 1981 name "droid.launcher3" vma 9e941000
 droid.launcher3-1981  [004] ....  6133.702625: do_swap_page: swapin tgid 1981 pid 1981 name "droid.launcher3" vma 9e8fe000
 droid.launcher3-1981  [004] ....  6133.702633: do_swap_page: swapin tgid 1981 pid 1981 name "droid.launcher3" vma 9e8f1000
           <...>-1355  [004] ....  6133.702737: do_swap_page: swapin tgid 1333 pid 1355 name "android.ui" vma 9e9bd000
 droid.launcher3-1981  [004] ....  6133.703047: do_swap_page: swapin tgid 1981 pid 1981 name "droid.launcher3" vma 9e8f1000
 droid.launcher3-1981  [004] ....  6133.703068: do_swap_page: swapin tgid 1981 pid 1981 name "droid.launcher3" vma 9e837000
 droid.launcher3-1981  [004] ....  6133.703072: do_swap_page: swapin tgid 1981 pid 1981 name "droid.launcher3" vma 12e8b000
 droid.launcher3-1981  [004] ....  6133.703075: do_swap_page: swapin tgid 1981 pid 1981 name "droid.launcher3" vma 9e8a5000
 droid.launcher3-1981  [004] ....  6133.703078: do_swap_page: swapin tgid 1981 pid 1981 name "droid.launcher3" vma 9e8fc000
 droid.launcher3-1981  [004] ....  6133.703098: do_swap_page: swapin tgid 1981 pid 1981 name "droid.launcher3" vma 13c22000
 droid.launcher3-1981  [004] ....  6133.703108: do_swap_page: swapin tgid 1981 pid 1981 name "droid.launcher3" vma 9e8a2000
 droid.launcher3-1981  [004] ....  6133.703111: do_swap_page: swapin tgid 1981 pid 1981 name "droid.launcher3" vma 9e8f9000
           <...>-1357  [004] ....  6133.703220: do_swap_page: swapin tgid 1333 pid 1357 name "android.display" vma 7f2d669000
           <...>-1357  [004] ....  6133.703327: do_swap_page: swapin tgid 1333 pid 1357 name "android.display" vma 7f2d6af000
           <...>-1357  [004] ....  6133.703338: do_swap_page: swapin tgid 1333 pid 1357 name "android.display" vma 7f28b1d000
           <...>-1357  [004] ....  6133.703342: do_swap_page: swapin tgid 1333 pid 1357 name "android.display" vma 7f28b1e000
 droid.launcher3-1981  [004] ....  6133.703393: do_swap_page: swapin tgid 1981 pid 1981 name "droid.launcher3" vma 9e8f9000
 droid.launcher3-1981  [004] ....  6133.703414: do_swap_page: swapin tgid 1981 pid 1981 name "droid.launcher3" vma 1320e000
 droid.launcher3-1981  [004] ....  6133.703422: do_swap_page: swapin tgid 1981 pid 1981 name "droid.launcher3" vma 9e855000
 droid.launcher3-1981  [004] ....  6133.703425: do_swap_page: swapin tgid 1981 pid 1981 name "droid.launcher3" vma 9e91e000
           <...>-1355  [004] ....  6133.703507: do_swap_page: swapin tgid 1333 pid 1355 name "android.ui" vma 9e88e000
           <...>-1355  [004] ....  6133.703517: do_swap_page: swapin tgid 1333 pid 1355 name "android.ui" vma 9e9bc000
 droid.launcher3-1981  [004] ....  6133.703635: do_swap_page: swapin tgid 1981 pid 1981 name "droid.launcher3" vma 9e91e000
 droid.launcher3-1981  [004] ....  6133.703662: do_swap_page: swapin tgid 1981 pid 1981 name "droid.launcher3" vma 7fbe293000
 droid.launcher3-1981  [004] ....  6133.703671: do_swap_page: swapin tgid 1981 pid 1981 name "droid.launcher3" vma 7ecdc34000
 droid.launcher3-1981  [004] ....  6133.703683: do_swap_page: swapin tgid 1981 pid 1981 name "droid.launcher3" vma 9e814000
 droid.launcher3-1981  [004] ....  6133.703686: do_swap_page: swapin tgid 1981 pid 1981 name "droid.launcher3" vma 9e8af000
 droid.launcher3-1981  [004] ....  6133.703690: do_swap_page: swapin tgid 1981 pid 1981 name "droid.launcher3" vma 9e906000
 droid.launcher3-1981  [004] ....  6133.703702: do_swap_page: swapin tgid 1981 pid 1981 name "droid.launcher3" vma 9e924000
 droid.launcher3-1981  [004] ....  6133.703770: do_swap_page: swapin tgid 1981 pid 1981 name "droid.launcher3" vma 9e898000
 droid.launcher3-1981  [004] ....  6133.703776: do_swap_page: swapin tgid 1981 pid 1981 name "droid.launcher3" vma 9e8ee000
 droid.launcher3-1981  [004] ....  6133.704020: do_swap_page: swapin tgid 1981 pid 1981 name "droid.launcher3" vma 9e8ee000
 droid.launcher3-1981  [004] ....  6133.704024: do_swap_page: swapin tgid 1981 pid 1981 name "droid.launcher3" vma 13217000
 droid.launcher3-1981  [004] ....  6133.704026: do_swap_page: swapin tgid 1981 pid 1981 name "droid.launcher3" vma 13c24000
 droid.launcher3-1981  [004] ....  6133.704029: do_swap_page: swapin tgid 1981 pid 1981 name "droid.launcher3" vma 9e938000
 droid.launcher3-1981  [004] ....  6133.704032: do_swap_page: swapin tgid 1981 pid 1981 name "droid.launcher3" vma 13001000
 droid.launcher3-1981  [004] ....  6133.704037: do_swap_page: swapin tgid 1981 pid 1981 name "droid.launcher3" vma 7f34ef0000
 droid.launcher3-1981  [004] ....  6133.704039: do_swap_page: swapin tgid 1981 pid 1981 name "droid.launcher3" vma 9e8b0000
 droid.launcher3-1981  [004] ....  6133.704040: do_swap_page: swapin tgid 1981 pid 1981 name "droid.launcher3" vma 9e950000
           <...>-1355  [004] ....  6133.704064: do_swap_page: swapin tgid 1333 pid 1355 name "android.ui" vma 9e9bc000
           <...>-1355  [004] ....  6133.704074: do_swap_page: swapin tgid 1333 pid 1355 name "android.ui" vma 9e8e2000
           <...>-1355  [004] ....  6133.704076: do_swap_page: swapin tgid 1333 pid 1355 name "android.ui" vma 9eb5c000
 composer@2.3-se-603   [004] ....  6133.704297: do_swap_page: swapin tgid 603 pid 603 name "composer@2.3-se" vma 7fbd049000
 composer@2.3-se-603   [004] ....  6133.704309: do_swap_page: swapin tgid 603 pid 603 name "composer@2.3-se" vma 7fbd022000
 composer@2.3-se-603   [004] ....  6133.704313: do_swap_page: swapin tgid 603 pid 603 name "composer@2.3-se" vma 7fbd078000
 composer@2.3-se-603   [004] ....  6133.704321: do_swap_page: swapin tgid 603 pid 603 name "composer@2.3-se" vma 7fbd20a000
 composer@2.3-se-603   [004] ....  6133.704324: do_swap_page: swapin tgid 603 pid 603 name "composer@2.3-se" vma 7fbd033000
 composer@2.3-se-603   [004] ....  6133.704330: do_swap_page: swapin tgid 603 pid 603 name "composer@2.3-se" vma 7fb5e11000
 composer@2.3-se-603   [004] ....  6133.704337: do_swap_page: swapin tgid 603 pid 603 name "composer@2.3-se" vma 7fbd207000
 composer@2.3-se-603   [004] ....  6133.704343: do_swap_page: swapin tgid 603 pid 603 name "composer@2.3-se" vma 7fbd032000
 droid.launcher3-1981  [004] ....  6133.704419: do_swap_page: swapin tgid 1981 pid 1981 name "droid.launcher3" vma 9e950000
 droid.launcher3-1981  [004] ....  6133.704424: do_swap_page: swapin tgid 1981 pid 1981 name "droid.launcher3" vma 9e8e6000
           <...>-1355  [004] ....  6133.704446: do_swap_page: swapin tgid 1333 pid 1355 name "android.ui" vma 9eb5c000
           <...>-1355  [004] ....  6133.704451: do_swap_page: swapin tgid 1333 pid 1355 name "android.ui" vma 9ea25000
 ndroid.systemui-1648  [004] ....  6133.704540: do_swap_page: swapin tgid 1648 pid 1648 name "ndroid.systemui" vma 9ea7e000
 ndroid.systemui-1648  [004] .n..  6133.704576: do_swap_page: swapin tgid 1648 pid 1648 name "ndroid.systemui" vma 9ea42000
 composer@2.3-se-603   [004] ....  6133.704581: do_swap_page: swapin tgid 603 pid 603 name "composer@2.3-se" vma 7fbd032000
 composer@2.3-se-603   [004] ....  6133.704589: do_swap_page: swapin tgid 603 pid 603 name "composer@2.3-se" vma 7fbd096000
 droid.launcher3-1981  [004] ....  6133.704636: do_swap_page: swapin tgid 1981 pid 1981 name "droid.launcher3" vma 9e8e6000
 droid.launcher3-1981  [004] ....  6133.704646: do_swap_page: swapin tgid 1981 pid 1981 name "droid.launcher3" vma 13cbd000
 droid.launcher3-1981  [004] ....  6133.704649: do_swap_page: swapin tgid 1981 pid 1981 name "droid.launcher3" vma 9e860000
           <...>-1355  [004] ....  6133.704670: do_swap_page: swapin tgid 1333 pid 1355 name "android.ui" vma 9ea25000
           <...>-1355  [004] ....  6133.704677: do_swap_page: swapin tgid 1333 pid 1355 name "android.ui" vma 13b87000
           <...>-1355  [004] ....  6133.704680: do_swap_page: swapin tgid 1333 pid 1355 name "android.ui" vma 9e84b000
           <...>-1355  [004] ....  6133.704709: do_swap_page: swapin tgid 1333 pid 1355 name "android.ui" vma 7eb433a000
 composer@2.3-se-603   [004] ....  6133.704732: do_swap_page: swapin tgid 603 pid 603 name "composer@2.3-se" vma 7fbd096000
 composer@2.3-se-603   [004] ....  6133.704748: do_swap_page: swapin tgid 603 pid 603 name "composer@2.3-se" vma 7fbd093000
 composer@2.3-se-603   [004] ....  6133.704750: do_swap_page: swapin tgid 603 pid 603 name "composer@2.3-se" vma 7fbd00e000
 composer@2.3-se-603   [004] ....  6133.704756: do_swap_page: swapin tgid 603 pid 603 name "composer@2.3-se" vma 7fb5f7a000
 droid.launcher3-1981  [004] ....  6133.704806: do_swap_page: swapin tgid 1981 pid 1981 name "droid.launcher3" vma 9e860000
 droid.launcher3-1981  [004] ....  6133.704812: do_swap_page: swapin tgid 1981 pid 1981 name "droid.launcher3" vma 13cb9000
 droid.launcher3-1981  [004] ....  6133.704815: do_swap_page: swapin tgid 1981 pid 1981 name "droid.launcher3" vma 9e847000
           <...>-1355  [004] ....  6133.704852: do_swap_page: swapin tgid 1333 pid 1355 name "android.ui" vma 7eb43c9000
           <...>-1355  [004] ....  6133.704859: do_swap_page: swapin tgid 1333 pid 1355 name "android.ui" vma 7f2d6c0000
           <...>-1355  [004] ....  6133.704884: do_swap_page: swapin tgid 1333 pid 1355 name "android.ui" vma 9e906000
           <...>-1355  [004] ....  6133.704889: do_swap_page: swapin tgid 1333 pid 1355 name "android.ui" vma 7f2afa7000
           <...>-567   [004] ....  6133.704954: do_swap_page: swapin tgid 555 pid 567 name "logd.writer" vma 7fbbe5a000
           <...>-567   [004] ....  6133.704964: do_swap_page: swapin tgid 555 pid 567 name "logd.writer" vma 7fb25c6000
 composer@2.3-se-603   [004] ....  6133.705010: do_swap_page: swapin tgid 603 pid 603 name "composer@2.3-se" vma 7fb5f7a000
 composer@2.3-se-603   [004] ....  6133.705016: do_swap_page: swapin tgid 603 pid 603 name "composer@2.3-se" vma 7fbd072000
 composer@2.3-se-603   [004] ....  6133.705018: do_swap_page: swapin tgid 603 pid 603 name "composer@2.3-se" vma 7fbd073000
 composer@2.3-se-603   [004] ....  6133.705052: do_swap_page: swapin tgid 603 pid 603 name "composer@2.3-se" vma 7fbdc16000
 composer@2.3-se-603   [004] ....  6133.705309: do_swap_page: swapin tgid 603 pid 603 name "composer@2.3-se" vma 7ffffe0000
 composer@2.3-se-603   [004] ....  6133.705317: do_swap_page: swapin tgid 603 pid 603 name "composer@2.3-se" vma 7ffffe1000
 composer@2.3-se-603   [004] ....  6133.705320: do_swap_page: swapin tgid 603 pid 603 name "composer@2.3-se" vma 7ffffe2000
 composer@2.3-se-603   [004] ....  6133.705322: do_swap_page: swapin tgid 603 pid 603 name "composer@2.3-se" vma 7ffffe3000
 composer@2.3-se-603   [004] ....  6133.705324: do_swap_page: swapin tgid 603 pid 603 name "composer@2.3-se" vma 7ffffe4000
 composer@2.3-se-603   [004] ....  6133.705327: do_swap_page: swapin tgid 603 pid 603 name "composer@2.3-se" vma 7ffffe5000
 composer@2.3-se-603   [004] ....  6133.705329: do_swap_page: swapin tgid 603 pid 603 name "composer@2.3-se" vma 7ffffe6000
 composer@2.3-se-603   [004] ....  6133.705331: do_swap_page: swapin tgid 603 pid 603 name "composer@2.3-se" vma 7ffffe7000
 composer@2.3-se-603   [004] ....  6133.705332: do_swap_page: swapin tgid 603 pid 603 name "composer@2.3-se" vma 7ffffe8000
 composer@2.3-se-603   [004] ....  6133.705337: do_swap_page: swapin tgid 603 pid 603 name "composer@2.3-se" vma 7ffffe9000
 composer@2.3-se-603   [004] ....  6133.705339: do_swap_page: swapin tgid 603 pid 603 name "composer@2.3-se" vma 7ffffea000
 composer@2.3-se-603   [004] ....  6133.705341: do_swap_page: swapin tgid 603 pid 603 name "composer@2.3-se" vma 7ffffeb000
 composer@2.3-se-603   [004] ....  6133.705343: do_swap_page: swapin tgid 603 pid 603 name "composer@2.3-se" vma 7ffffec000
 composer@2.3-se-603   [004] ....  6133.705345: do_swap_page: swapin tgid 603 pid 603 name "composer@2.3-se" vma 7ffffed000
 composer@2.3-se-603   [004] ....  6133.705347: do_swap_page: swapin tgid 603 pid 603 name "composer@2.3-se" vma 7ffffee000
 composer@2.3-se-603   [004] ....  6133.705349: do_swap_page: swapin tgid 603 pid 603 name "composer@2.3-se" vma 7ffffef000
 composer@2.3-se-603   [004] ....  6133.705351: do_swap_page: swapin tgid 603 pid 603 name "composer@2.3-se" vma 7fffff0000
 composer@2.3-se-603   [004] ....  6133.705352: do_swap_page: swapin tgid 603 pid 603 name "composer@2.3-se" vma 7fffff1000
 composer@2.3-se-603   [004] ....  6133.705354: do_swap_page: swapin tgid 603 pid 603 name "composer@2.3-se" vma 7fffff2000
 composer@2.3-se-603   [004] ....  6133.705357: do_swap_page: swapin tgid 603 pid 603 name "composer@2.3-se" vma 7fffff3000
 composer@2.3-se-603   [004] ....  6133.705359: do_swap_page: swapin tgid 603 pid 603 name "composer@2.3-se" vma 7fffff4000
 composer@2.3-se-603   [004] ....  6133.705361: do_swap_page: swapin tgid 603 pid 603 name "composer@2.3-se" vma 7fffff5000
 composer@2.3-se-603   [004] ....  6133.705363: do_swap_page: swapin tgid 603 pid 603 name "composer@2.3-se" vma 7fffff6000
 composer@2.3-se-603   [004] ....  6133.705373: do_swap_page: swapin tgid 603 pid 603 name "composer@2.3-se" vma 7fffff7000
 composer@2.3-se-603   [004] ....  6133.705375: do_swap_page: swapin tgid 603 pid 603 name "composer@2.3-se" vma 7fffff8000
 composer@2.3-se-603   [004] ....  6133.705377: do_swap_page: swapin tgid 603 pid 603 name "composer@2.3-se" vma 7fffff9000
 composer@2.3-se-603   [004] ....  6133.705379: do_swap_page: swapin tgid 603 pid 603 name "composer@2.3-se" vma 7fffffa000
 composer@2.3-se-603   [004] ....  6133.705381: do_swap_page: swapin tgid 603 pid 603 name "composer@2.3-se" vma 7fffffb000
 composer@2.3-se-603   [004] ....  6133.705393: do_swap_page: swapin tgid 603 pid 603 name "composer@2.3-se" vma 7fbcdda000
 droid.launcher3-1981  [004] ....  6133.705435: do_swap_page: swapin tgid 1981 pid 1981 name "droid.launcher3" vma 9e847000
 droid.launcher3-1981  [004] ....  6133.705441: do_swap_page: swapin tgid 1981 pid 1981 name "droid.launcher3" vma 9e868000
