# tracer: nop
#
# entries-in-buffer/entries-written: 14565/14565   #P:1
#
#                              _-----=> irqs-off
#                             / _----=> need-resched
#                            | / _---=> hardirq/softirq
#                            || / _--=> preempt-depth
#                            ||| /     delay
#           TASK-PID   CPU#  ||||    TIMESTAMP  FUNCTION
#              | |       |   ||||       |         |
           <...>-2078  [004] ....  4431.101052: do_swap_page: swapin tgid 1333 pid 2078 name "Binder:1333_C" vma 7e637a3000
 wifi_ext@1.0-se-2869  [004] ....  4431.840507: do_swap_page: swapin tgid 827 pid 2869 name "wifi_ext@1.0-se" vma 7fb9f78000
 wifi_ext@1.0-se-2869  [004] ....  4431.895262: do_swap_page: swapin tgid 827 pid 2869 name "wifi_ext@1.0-se" vma 7fbb4c5000
 wifi_ext@1.0-se-2869  [004] ....  4431.897745: do_swap_page: swapin tgid 827 pid 2869 name "wifi_ext@1.0-se" vma 7fb9f79000
 wifi_ext@1.0-se-2869  [004] ....  4431.897784: do_swap_page: swapin tgid 827 pid 2869 name "wifi_ext@1.0-se" vma 7fb9a22000
 wifi_ext@1.0-se-2869  [004] ....  4431.897919: do_swap_page: swapin tgid 827 pid 2869 name "wifi_ext@1.0-se" vma 7fb9ac2000
 wifi_ext@1.0-se-2869  [004] ....  4431.899319: do_swap_page: swapin tgid 827 pid 2869 name "wifi_ext@1.0-se" vma 7fbb535000
 wifi_ext@1.0-se-2869  [004] ....  4431.901089: do_swap_page: swapin tgid 827 pid 2869 name "wifi_ext@1.0-se" vma 7fb9ea3000
 wifi_ext@1.0-se-2869  [004] ....  4431.901120: do_swap_page: swapin tgid 827 pid 2869 name "wifi_ext@1.0-se" vma 7fb9dc4000
 wifi_ext@1.0-se-2869  [004] ....  4431.902258: do_swap_page: swapin tgid 827 pid 2869 name "wifi_ext@1.0-se" vma 7fbb43a000
           <...>-2078  [004] ....  4432.263191: do_swap_page: swapin tgid 1333 pid 2078 name "Binder:1333_C" vma 7eb43e4000
           <...>-2078  [004] ....  4432.284365: do_swap_page: swapin tgid 1333 pid 2078 name "Binder:1333_C" vma 7eb43e4000
           <...>-2078  [004] ....  4432.288362: do_swap_page: swapin tgid 1333 pid 2078 name "Binder:1333_C" vma 7e63720000
           <...>-2078  [004] ....  4432.288658: do_swap_page: swapin tgid 1333 pid 2078 name "Binder:1333_C" vma 7ed0e1b000
           <...>-2078  [004] ....  4432.289532: do_swap_page: swapin tgid 1333 pid 2078 name "Binder:1333_C" vma 7ed0e1b000
           <...>-2778  [004] ....  4432.290011: do_swap_page: swapin tgid 2250 pid 2778 name "Binder:2250_5" vma 7f2d714000
           <...>-2778  [004] ....  4432.290262: do_swap_page: swapin tgid 2250 pid 2778 name "Binder:2250_5" vma 7ec46b0000
           <...>-2778  [004] ....  4432.290355: do_swap_page: swapin tgid 2250 pid 2778 name "Binder:2250_5" vma 7f2d6e9000
           <...>-2778  [004] ....  4432.291142: do_swap_page: swapin tgid 2250 pid 2778 name "Binder:2250_5" vma 7eb10b8000
           <...>-2778  [004] ....  4432.291193: do_swap_page: swapin tgid 2250 pid 2778 name "Binder:2250_5" vma 76934000
           <...>-2778  [004] ....  4432.291940: do_swap_page: swapin tgid 2250 pid 2778 name "Binder:2250_5" vma 76934000
           <...>-2778  [004] ....  4432.293242: do_swap_page: swapin tgid 2250 pid 2778 name "Binder:2250_5" vma 13247000
           <...>-17337 [004] ....  4432.294004: do_swap_page: swapin tgid 2250 pid 17337 name "Binder:2250_F" vma 7eb1d1e000
 GoogleApiHandle-5883  [004] ....  4432.294447: do_swap_page: swapin tgid 5855 pid 5883 name "GoogleApiHandle" vma 7f2d831000
 GoogleApiHandle-5883  [004] ....  4432.294470: do_swap_page: swapin tgid 5855 pid 5883 name "GoogleApiHandle" vma 7e92a67000
           <...>-17341 [004] ....  4432.295405: do_swap_page: swapin tgid 2250 pid 17341 name "lowpool[46]" vma 7ec075e000
           <...>-17341 [004] ....  4432.295809: do_swap_page: swapin tgid 2250 pid 17341 name "lowpool[46]" vma 7ec6030000
           <...>-17341 [004] ....  4432.298137: do_swap_page: swapin tgid 2250 pid 17341 name "lowpool[46]" vma 7eb1e34000
           <...>-17341 [004] ....  4432.299128: do_swap_page: swapin tgid 2250 pid 17341 name "lowpool[46]" vma 1494f000
           <...>-17341 [004] ....  4432.299742: do_swap_page: swapin tgid 2250 pid 17341 name "lowpool[46]" vma 7ea0e41000
           <...>-17341 [004] ....  4432.299776: do_swap_page: swapin tgid 2250 pid 17341 name "lowpool[46]" vma 7ea0e42000
           <...>-17341 [004] ....  4432.300021: do_swap_page: swapin tgid 2250 pid 17341 name "lowpool[46]" vma 7ea0ddb000
   Binder:5855_4-5980  [004] ....  4432.300372: do_swap_page: swapin tgid 5855 pid 5980 name "Binder:5855_4" vma 7e593a2000
   Binder:5855_4-5980  [004] ....  4432.300406: do_swap_page: swapin tgid 5855 pid 5980 name "Binder:5855_4" vma 7eaf0c9000
   Binder:5855_4-5980  [004] ....  4432.301158: do_swap_page: swapin tgid 5855 pid 5980 name "Binder:5855_4" vma 7eaf0c9000
 wifi_ext@1.0-se-2869  [004] ....  4433.056050: do_swap_page: swapin tgid 827 pid 2869 name "wifi_ext@1.0-se" vma 7fb9b59000
 wifi_ext@1.0-se-2869  [004] ....  4433.056080: do_swap_page: swapin tgid 827 pid 2869 name "wifi_ext@1.0-se" vma 7fb9b5a000
 wifi_ext@1.0-se-2869  [004] ....  4433.056089: do_swap_page: swapin tgid 827 pid 2869 name "wifi_ext@1.0-se" vma 7fb9b5b000
 wifi_ext@1.0-se-2869  [004] ....  4433.056096: do_swap_page: swapin tgid 827 pid 2869 name "wifi_ext@1.0-se" vma 7fb9b5c000
 wifi_ext@1.0-se-2869  [004] ....  4433.056105: do_swap_page: swapin tgid 827 pid 2869 name "wifi_ext@1.0-se" vma 7fb9b5d000
 wifi_ext@1.0-se-2869  [004] ....  4433.106238: do_swap_page: swapin tgid 827 pid 2869 name "wifi_ext@1.0-se" vma 7fbb444000
 wifi_ext@1.0-se-2869  [004] ....  4433.139016: do_swap_page: swapin tgid 827 pid 2869 name "wifi_ext@1.0-se" vma 7fba20f000
 wifi_ext@1.0-se-2869  [004] ....  4433.139041: do_swap_page: swapin tgid 827 pid 2869 name "wifi_ext@1.0-se" vma 7fba210000
 wifi_ext@1.0-se-2869  [004] ....  4433.139052: do_swap_page: swapin tgid 827 pid 2869 name "wifi_ext@1.0-se" vma 7fba211000
 wifi_ext@1.0-se-2869  [004] ....  4433.139058: do_swap_page: swapin tgid 827 pid 2869 name "wifi_ext@1.0-se" vma 7fba212000
 wifi_ext@1.0-se-2869  [004] ....  4433.139065: do_swap_page: swapin tgid 827 pid 2869 name "wifi_ext@1.0-se" vma 7fba213000
     lowpool[47]-17342 [004] ....  4433.598063: do_swap_page: swapin tgid 2250 pid 17342 name "lowpool[47]" vma 7f1f664000
     lowpool[47]-17342 [004] ....  4433.610764: do_swap_page: swapin tgid 2250 pid 17342 name "lowpool[47]" vma 7f1f664000
 wifi_ext@1.0-se-2869  [004] ....  4434.916552: do_swap_page: swapin tgid 827 pid 2869 name "wifi_ext@1.0-se" vma 7fba108000
 wifi_ext@1.0-se-2869  [004] ....  4434.916608: do_swap_page: swapin tgid 827 pid 2869 name "wifi_ext@1.0-se" vma 7fb9fc9000
 wifi_ext@1.0-se-2869  [004] ....  4434.916634: do_swap_page: swapin tgid 827 pid 2869 name "wifi_ext@1.0-se" vma 7fb9dc5000
 wifi_ext@1.0-se-2869  [004] ....  4434.918366: do_swap_page: swapin tgid 827 pid 2869 name "wifi_ext@1.0-se" vma 7fbb49b000
 wifi_ext@1.0-se-2869  [004] ....  4434.922280: do_swap_page: swapin tgid 827 pid 2869 name "wifi_ext@1.0-se" vma 7fb9fc8000
 wifi_ext@1.0-se-2869  [004] ....  4434.922320: do_swap_page: swapin tgid 827 pid 2869 name "wifi_ext@1.0-se" vma 7fba16c000
 wifi_ext@1.0-se-2869  [004] ....  4434.922353: do_swap_page: swapin tgid 827 pid 2869 name "wifi_ext@1.0-se" vma 7fb9fe8000
 wifi_ext@1.0-se-2869  [004] ....  4434.922376: do_swap_page: swapin tgid 827 pid 2869 name "wifi_ext@1.0-se" vma 7fb9dc6000
           <...>-20148 [004] ....  4437.260761: do_swap_page: swapin tgid 5855 pid 20148 name "services-3-380" vma 7eaf15f000
           <...>-20148 [004] ....  4437.260830: do_swap_page: swapin tgid 5855 pid 20148 name "services-3-380" vma 7f3985d000
 wifi_ext@1.0-se-2869  [004] ....  4437.936887: do_swap_page: swapin tgid 827 pid 2869 name "wifi_ext@1.0-se" vma 7fb9aa2000
 wifi_ext@1.0-se-2869  [004] ....  4437.936932: do_swap_page: swapin tgid 827 pid 2869 name "wifi_ext@1.0-se" vma 7fb9fca000
 wifi_ext@1.0-se-2869  [004] ....  4437.938546: do_swap_page: swapin tgid 827 pid 2869 name "wifi_ext@1.0-se" vma 7fb9fe7000
 wifi_ext@1.0-se-2869  [004] ....  4437.938801: do_swap_page: swapin tgid 827 pid 2869 name "wifi_ext@1.0-se" vma 7fb9fee000
 wifi_ext@1.0-se-2869  [004] ....  4437.938833: do_swap_page: swapin tgid 827 pid 2869 name "wifi_ext@1.0-se" vma 7fb9a45000
 wifi_ext@1.0-se-2869  [004] ....  4437.938841: do_swap_page: swapin tgid 827 pid 2869 name "wifi_ext@1.0-se" vma 7fb9f5e000
 wifi_ext@1.0-se-2869  [004] ....  4437.942036: do_swap_page: swapin tgid 827 pid 2869 name "wifi_ext@1.0-se" vma 7fbb417000
           <...>-20071 [004] ....  4437.962652: do_swap_page: swapin tgid 787 pid 20071 name "netd" vma 7fba301000
           <...>-20071 [004] ....  4437.962785: do_swap_page: swapin tgid 787 pid 20071 name "netd" vma 7fba29a000
           <...>-20071 [004] ....  4437.962816: do_swap_page: swapin tgid 787 pid 20071 name "netd" vma 7fba30b000
           <...>-20071 [004] ....  4437.962826: do_swap_page: swapin tgid 787 pid 20071 name "netd" vma 7fba302000
           <...>-20071 [004] ....  4437.962856: do_swap_page: swapin tgid 787 pid 20071 name "netd" vma 7fba20c000
           <...>-20071 [004] ....  4437.962885: do_swap_page: swapin tgid 787 pid 20071 name "netd" vma 7fba262000
           <...>-20071 [004] ....  4437.962894: do_swap_page: swapin tgid 787 pid 20071 name "netd" vma 7fba29b000
           <...>-20071 [004] ....  4437.962946: do_swap_page: swapin tgid 787 pid 20071 name "netd" vma 7fbcbd2000
           <...>-20071 [004] ....  4437.962988: do_swap_page: swapin tgid 787 pid 20071 name "netd" vma 7fba2fb000
           <...>-20071 [004] ....  4437.962996: do_swap_page: swapin tgid 787 pid 20071 name "netd" vma 7fba2fc000
           <...>-20071 [004] ....  4437.963139: do_swap_page: swapin tgid 787 pid 20071 name "netd" vma 7fae520000
 wifi_ext@1.0-se-2869  [004] ....  4438.008616: do_swap_page: swapin tgid 827 pid 2869 name "wifi_ext@1.0-se" vma 7fb9a06000
 wifi_ext@1.0-se-2869  [004] ....  4438.059966: do_swap_page: swapin tgid 827 pid 2869 name "wifi_ext@1.0-se" vma 7fba078000
 wifi_ext@1.0-se-2869  [004] ....  4438.059993: do_swap_page: swapin tgid 827 pid 2869 name "wifi_ext@1.0-se" vma 7fba079000
 wifi_ext@1.0-se-2869  [004] ....  4438.060002: do_swap_page: swapin tgid 827 pid 2869 name "wifi_ext@1.0-se" vma 7fba07a000
 wifi_ext@1.0-se-2869  [004] ....  4438.060009: do_swap_page: swapin tgid 827 pid 2869 name "wifi_ext@1.0-se" vma 7fba07b000
 wifi_ext@1.0-se-2869  [004] ....  4438.060018: do_swap_page: swapin tgid 827 pid 2869 name "wifi_ext@1.0-se" vma 7fba07c000
 wifi_ext@1.0-se-2869  [004] ....  4438.110712: do_swap_page: swapin tgid 827 pid 2869 name "wifi_ext@1.0-se" vma 7fba18e000
 wifi_ext@1.0-se-2869  [004] ....  4438.110735: do_swap_page: swapin tgid 827 pid 2869 name "wifi_ext@1.0-se" vma 7fba18f000
 wifi_ext@1.0-se-2869  [004] ....  4438.110743: do_swap_page: swapin tgid 827 pid 2869 name "wifi_ext@1.0-se" vma 7fba190000
 wifi_ext@1.0-se-2869  [004] ....  4438.110749: do_swap_page: swapin tgid 827 pid 2869 name "wifi_ext@1.0-se" vma 7fba191000
 wifi_ext@1.0-se-2869  [004] ....  4438.110757: do_swap_page: swapin tgid 827 pid 2869 name "wifi_ext@1.0-se" vma 7fba192000
 wifi_ext@1.0-se-2869  [004] ....  4438.146623: do_swap_page: swapin tgid 827 pid 2869 name "wifi_ext@1.0-se" vma 7fbb437000
 wifi_ext@1.0-se-2869  [004] ....  4438.707784: do_swap_page: swapin tgid 827 pid 2869 name "wifi_ext@1.0-se" vma 7fb9aa0000
 wifi_ext@1.0-se-2869  [004] ....  4438.707836: do_swap_page: swapin tgid 827 pid 2869 name "wifi_ext@1.0-se" vma 7fb9aa3000
 wifi_ext@1.0-se-2869  [004] ....  4440.956517: do_swap_page: swapin tgid 827 pid 2869 name "wifi_ext@1.0-se" vma 7fb9ac3000
 wifi_ext@1.0-se-2869  [004] ....  4440.957499: do_swap_page: swapin tgid 827 pid 2869 name "wifi_ext@1.0-se" vma 7fb9aa1000
 wifi_ext@1.0-se-2869  [004] ....  4440.959069: do_swap_page: swapin tgid 827 pid 2869 name "wifi_ext@1.0-se" vma 7fb9f77000
 wifi_ext@1.0-se-2869  [004] ....  4440.959363: do_swap_page: swapin tgid 827 pid 2869 name "wifi_ext@1.0-se" vma 7fba0fc000
 wifi_ext@1.0-se-2869  [004] ....  4440.959396: do_swap_page: swapin tgid 827 pid 2869 name "wifi_ext@1.0-se" vma 7fb9f5f000
 wifi_ext@1.0-se-2869  [004] ....  4440.962973: do_swap_page: swapin tgid 827 pid 2869 name "wifi_ext@1.0-se" vma 7fb9f76000
           <...>-924   [004] ....  4442.928501: do_swap_page: swapin tgid 924 pid 924 name "llkd" vma 7ffffff000
           <...>-2300  [004] ....  4443.763305: do_swap_page: swapin tgid 1648 pid 2300 name "hwuiTask1" vma 7ec06e5000
           <...>-1648  [004] ....  4443.766986: do_swap_page: swapin tgid 1648 pid 1648 name "ndroid.systemui" vma 12f40000
           <...>-2294  [004] ....  4443.767074: do_swap_page: swapin tgid 1648 pid 2294 name "pool-5-thread-1" vma 7ead707000
           <...>-2294  [004] ....  4443.767090: do_swap_page: swapin tgid 1648 pid 2294 name "pool-5-thread-1" vma 7eca956000
           <...>-2294  [004] ....  4443.767106: do_swap_page: swapin tgid 1648 pid 2294 name "pool-5-thread-1" vma 7ead708000
           <...>-2294  [004] ....  4443.767927: do_swap_page: swapin tgid 1648 pid 2294 name "pool-5-thread-1" vma 7ead708000
           <...>-2294  [004] ....  4443.767946: do_swap_page: swapin tgid 1648 pid 2294 name "pool-5-thread-1" vma 7ead705000
           <...>-2294  [004] ....  4443.768156: do_swap_page: swapin tgid 1648 pid 2294 name "pool-5-thread-1" vma 7ead705000
           <...>-2294  [004] ....  4443.768196: do_swap_page: swapin tgid 1648 pid 2294 name "pool-5-thread-1" vma 7eb30a7000
           <...>-2294  [004] ....  4443.768209: do_swap_page: swapin tgid 1648 pid 2294 name "pool-5-thread-1" vma 7eb2d65000
           <...>-2294  [004] ....  4443.768249: do_swap_page: swapin tgid 1648 pid 2294 name "pool-5-thread-1" vma 7eb2f79000
           <...>-2294  [004] ....  4443.768262: do_swap_page: swapin tgid 1648 pid 2294 name "pool-5-thread-1" vma 7eb2d3a000
           <...>-2294  [004] ....  4443.768675: do_swap_page: swapin tgid 1648 pid 2294 name "pool-5-thread-1" vma 7ead706000
           <...>-2294  [004] ....  4443.768700: do_swap_page: swapin tgid 1648 pid 2294 name "pool-5-thread-1" vma 7eb2fe5000
           <...>-6161  [004] ....  4443.803841: do_swap_page: swapin tgid 1333 pid 6161 name "RenderThread" vma 7eb4ee5000
           <...>-6161  [004] ....  4443.803863: do_swap_page: swapin tgid 1333 pid 6161 name "RenderThread" vma 7e836a4000
           <...>-645   [004] ....  4443.817168: do_swap_page: swapin tgid 600 pid 645 name "Binder:600_1" vma 7fba6cc000
           <...>-645   [004] ....  4443.817236: do_swap_page: swapin tgid 600 pid 645 name "Binder:600_1" vma 7fba6cd000
           <...>-645   [004] ....  4443.817275: do_swap_page: swapin tgid 600 pid 645 name "Binder:600_1" vma 7fba6ce000
           <...>-1543  [004] ....  4443.818852: do_swap_page: swapin tgid 1333 pid 1543 name "Binder:1333_3" vma 7e6364b000
           <...>-1543  [004] ....  4443.818874: do_swap_page: swapin tgid 1333 pid 1543 name "Binder:1333_3" vma 7f2d77a000
           <...>-1543  [004] ....  4443.818890: do_swap_page: swapin tgid 1333 pid 1543 name "Binder:1333_3" vma 7e5cfd6000
           <...>-1543  [004] ....  4443.818948: do_swap_page: swapin tgid 1333 pid 1543 name "Binder:1333_3" vma 7e5ce9b000
           <...>-4888  [004] ....  4443.820458: do_swap_page: swapin tgid 1333 pid 4888 name "Binder:1333_11" vma 7e5d122000
           <...>-4888  [004] ....  4443.820476: do_swap_page: swapin tgid 1333 pid 4888 name "Binder:1333_11" vma 7e5d20d000
           <...>-4888  [004] ....  4443.820482: do_swap_page: swapin tgid 1333 pid 4888 name "Binder:1333_11" vma 7e5d210000
           <...>-4888  [004] ....  4443.820486: do_swap_page: swapin tgid 1333 pid 4888 name "Binder:1333_11" vma 7e5d211000
           <...>-4888  [004] ....  4443.820523: do_swap_page: swapin tgid 1333 pid 4888 name "Binder:1333_11" vma 7eb4f91000
           <...>-4888  [004] ....  4443.820536: do_swap_page: swapin tgid 1333 pid 4888 name "Binder:1333_11" vma 7eb4338000
           <...>-4888  [004] ....  4443.820544: do_swap_page: swapin tgid 1333 pid 4888 name "Binder:1333_11" vma 7eb4339000
           <...>-4888  [004] ....  4443.820574: do_swap_page: swapin tgid 1333 pid 4888 name "Binder:1333_11" vma 7e635e4000
           <...>-4888  [004] ....  4443.820579: do_swap_page: swapin tgid 1333 pid 4888 name "Binder:1333_11" vma 7e635e5000
           <...>-4888  [004] ....  4443.820588: do_swap_page: swapin tgid 1333 pid 4888 name "Binder:1333_11" vma 7e5cddf000
           <...>-4888  [004] ....  4443.820607: do_swap_page: swapin tgid 1333 pid 4888 name "Binder:1333_11" vma 7e5cdbf000
           <...>-4888  [004] ....  4443.821379: do_swap_page: swapin tgid 1333 pid 4888 name "Binder:1333_11" vma 7e6357c000
 wifi_ext@1.0-se-2869  [004] ....  4443.976788: do_swap_page: swapin tgid 827 pid 2869 name "wifi_ext@1.0-se" vma 7fb9ab4000
 wifi_ext@1.0-se-2869  [004] ....  4443.979548: do_swap_page: swapin tgid 827 pid 2869 name "wifi_ext@1.0-se" vma 7fbb499000
 wifi_ext@1.0-se-2869  [004] ....  4443.979582: do_swap_page: swapin tgid 827 pid 2869 name "wifi_ext@1.0-se" vma 7fb9ab5000
 wifi_ext@1.0-se-2869  [004] ....  4443.979644: do_swap_page: swapin tgid 827 pid 2869 name "wifi_ext@1.0-se" vma 7fb9ac4000
 wifi_ext@1.0-se-2869  [004] ....  4443.979670: do_swap_page: swapin tgid 827 pid 2869 name "wifi_ext@1.0-se" vma 7fba1ba000
 wifi_ext@1.0-se-2869  [004] ....  4443.979679: do_swap_page: swapin tgid 827 pid 2869 name "wifi_ext@1.0-se" vma 7fba1bb000
 wifi_ext@1.0-se-2869  [004] ....  4443.979686: do_swap_page: swapin tgid 827 pid 2869 name "wifi_ext@1.0-se" vma 7fba1bc000
 wifi_ext@1.0-se-2869  [004] ....  4443.979692: do_swap_page: swapin tgid 827 pid 2869 name "wifi_ext@1.0-se" vma 7fba1bd000
 wifi_ext@1.0-se-2869  [004] ....  4443.979699: do_swap_page: swapin tgid 827 pid 2869 name "wifi_ext@1.0-se" vma 7fba1be000
 wifi_ext@1.0-se-2869  [004] ....  4443.980867: do_swap_page: swapin tgid 827 pid 2869 name "wifi_ext@1.0-se" vma 7fbb4ae000
 wifi_ext@1.0-se-2869  [004] ....  4443.983050: do_swap_page: swapin tgid 827 pid 2869 name "wifi_ext@1.0-se" vma 7fb9ab6000
 wifi_ext@1.0-se-2869  [004] ....  4443.983082: do_swap_page: swapin tgid 827 pid 2869 name "wifi_ext@1.0-se" vma 7fbb49a000
           <...>-2094  [004] ....  4443.985022: do_swap_page: swapin tgid 1648 pid 2094 name "Binder:1648_5" vma 7eca20b000
           <...>-2094  [004] ....  4443.997451: do_swap_page: swapin tgid 1648 pid 2094 name "Binder:1648_5" vma 7eca20b000
 .gms.persistent-2250  [004] ....  4446.352838: do_swap_page: swapin tgid 2250 pid 2250 name ".gms.persistent" vma 7f39803000
 .gms.persistent-2250  [004] ....  4446.353084: do_swap_page: swapin tgid 2250 pid 2250 name ".gms.persistent" vma 7f39808000
           <...>-1648  [004] ....  4446.949044: do_swap_page: swapin tgid 1648 pid 1648 name "ndroid.systemui" vma 9e9df000
           <...>-1648  [004] ....  4446.961747: do_swap_page: swapin tgid 1648 pid 1648 name "ndroid.systemui" vma 9e9df000
           <...>-2078  [004] ....  4446.990576: do_swap_page: swapin tgid 1333 pid 2078 name "Binder:1333_C" vma 7e637a4000
           <...>-1363  [004] ....  4446.991072: do_swap_page: swapin tgid 1333 pid 1363 name "ActivityManager" vma 7e5cdc9000
 wifi_ext@1.0-se-2869  [004] ....  4446.999513: do_swap_page: swapin tgid 827 pid 2869 name "wifi_ext@1.0-se" vma 7fb9aa5000
 wifi_ext@1.0-se-2869  [004] ....  4446.999557: do_swap_page: swapin tgid 827 pid 2869 name "wifi_ext@1.0-se" vma 7fb9aba000
 wifi_ext@1.0-se-2869  [004] ....  4447.003248: do_swap_page: swapin tgid 827 pid 2869 name "wifi_ext@1.0-se" vma 7fb9ab2000
 wifi_ext@1.0-se-2869  [004] ....  4447.003284: do_swap_page: swapin tgid 827 pid 2869 name "wifi_ext@1.0-se" vma 7fb9ab7000
 wifi_ext@1.0-se-2869  [004] ....  4447.005727: do_swap_page: swapin tgid 827 pid 2869 name "wifi_ext@1.0-se" vma 7fb9fef000
 wifi_ext@1.0-se-2869  [004] ....  4447.005765: do_swap_page: swapin tgid 827 pid 2869 name "wifi_ext@1.0-se" vma 7fbb413000
 wifi_ext@1.0-se-2869  [004] ....  4447.005791: do_swap_page: swapin tgid 827 pid 2869 name "wifi_ext@1.0-se" vma 7fbb448000
 wifi_ext@1.0-se-2869  [004] ....  4447.005856: do_swap_page: swapin tgid 827 pid 2869 name "wifi_ext@1.0-se" vma 7fb9aa6000
 ogle.android.gm-5855  [004] ....  4447.327266: do_swap_page: swapin tgid 5855 pid 5855 name "ogle.android.gm" vma 7eaf139000
 ogle.android.gm-5855  [004] ....  4447.327303: do_swap_page: swapin tgid 5855 pid 5855 name "ogle.android.gm" vma 7f39843000
 ogle.android.gm-5855  [004] ....  4447.327334: do_swap_page: swapin tgid 5855 pid 5855 name "ogle.android.gm" vma 7f39844000
 ogle.android.gm-5855  [004] ....  4447.327357: do_swap_page: swapin tgid 5855 pid 5855 name "ogle.android.gm" vma 7f3986f000
           <...>-3123  [004] ....  4447.331906: do_swap_page: swapin tgid 3123 pid 3123 name "e.process.gapps" vma 7fbf6ff000
           <...>-3135  [004] ....  4447.332192: do_swap_page: swapin tgid 3123 pid 3135 name "Signal Catcher" vma 7f2e807000
           <...>-3136  [004] ....  4447.332295: do_swap_page: swapin tgid 3123 pid 3136 name "ADB-JDWP Connec" vma 7f2e70a000
           <...>-3138  [004] ....  4447.332360: do_swap_page: swapin tgid 3123 pid 3138 name "HeapTaskDaemon" vma 7f2e60d000
           <...>-3139  [004] ....  4447.332405: do_swap_page: swapin tgid 3123 pid 3139 name "ReferenceQueueD" vma 7f2e504000
           <...>-3140  [004] ....  4447.332441: do_swap_page: swapin tgid 3123 pid 3140 name "FinalizerDaemon" vma 7f2e3fb000
           <...>-3141  [004] ....  4447.332572: do_swap_page: swapin tgid 3123 pid 3141 name "FinalizerWatchd" vma 7f2e2f2000
           <...>-3151  [004] ....  4447.332744: do_swap_page: swapin tgid 3123 pid 3151 name "Binder:3123_3" vma 7f2def1000
           <...>-3153  [004] ....  4447.332799: do_swap_page: swapin tgid 3123 pid 3153 name "Profile Saver" vma 7f2dc3e000
           <...>-3170  [004] ....  4447.332841: do_swap_page: swapin tgid 3123 pid 3170 name "RefQueueWorker@" vma 7f2db21000
           <...>-4028  [004] ....  4447.332879: do_swap_page: swapin tgid 3123 pid 4028 name "Binder:3123_4" vma 7f29fdb000
           <...>-5209  [004] ....  4447.332931: do_swap_page: swapin tgid 3123 pid 5209 name "Binder:3123_5" vma 7f29ede000
           <...>-5212  [004] ....  4447.332983: do_swap_page: swapin tgid 3123 pid 5212 name "Binder:3123_6" vma 7f29de1000
           <...>-1365  [004] ....  4447.333057: do_swap_page: swapin tgid 1333 pid 1365 name "ActivityManager" vma 7ec50e7000
           <...>-1365  [004] ....  4447.333070: do_swap_page: swapin tgid 1333 pid 1365 name "ActivityManager" vma 7ec50e5000
           <...>-1365  [004] ....  4447.333161: do_swap_page: swapin tgid 1333 pid 1365 name "ActivityManager" vma 7fbb10f000
           <...>-1365  [004] ....  4447.333190: do_swap_page: swapin tgid 1333 pid 1365 name "ActivityManager" vma 7ed0c7c000
           <...>-1365  [004] ....  4447.333196: do_swap_page: swapin tgid 1333 pid 1365 name "ActivityManager" vma 7ed0c7d000
           <...>-1365  [004] ....  4447.333350: do_swap_page: swapin tgid 1333 pid 1365 name "ActivityManager" vma 7ed0c7e000
           <...>-1365  [004] ....  4447.333375: do_swap_page: swapin tgid 1333 pid 1365 name "ActivityManager" vma 7f2d674000
           <...>-3142  [004] ....  4447.333603: do_swap_page: swapin tgid 3123 pid 3142 name "Binder:3123_1" vma 7f2e0eb000
           <...>-3130  [004] ....  4447.333954: do_swap_page: swapin tgid 3123 pid 3130 name "Jit thread pool" vma 7f2e90c000
           <...>-811   [004] ....  4447.343557: do_swap_page: swapin tgid 811 pid 811 name "memtrack@1.0-se" vma 7fbdce3000
           <...>-811   [004] ....  4447.343586: do_swap_page: swapin tgid 811 pid 811 name "memtrack@1.0-se" vma 7fbd42e000
           <...>-811   [004] ....  4447.343594: do_swap_page: swapin tgid 811 pid 811 name "memtrack@1.0-se" vma 7fbf6ff000
           <...>-2078  [004] ....  4447.345354: do_swap_page: swapin tgid 1333 pid 2078 name "Binder:1333_C" vma 7e6384d000
           <...>-1355  [004] ....  4447.346431: do_swap_page: swapin tgid 1333 pid 1355 name "android.ui" vma 9e87c000
   Binder:2405_3-2434  [004] ....  4447.346713: do_swap_page: swapin tgid 2405 pid 2434 name "Binder:2405_3" vma 7fbe35b000
   Binder:2405_3-2434  [004] ....  4447.346730: do_swap_page: swapin tgid 2405 pid 2434 name "Binder:2405_3" vma 7f28b28000
           <...>-4888  [004] ....  4447.346932: do_swap_page: swapin tgid 1333 pid 4888 name "Binder:1333_11" vma 9eb28000
           <...>-1365  [004] ....  4447.353120: do_swap_page: swapin tgid 1333 pid 1365 name "ActivityManager" vma 7f2d6a6000
           <...>-811   [004] ....  4447.356277: do_swap_page: swapin tgid 811 pid 811 name "memtrack@1.0-se" vma 7fbf6ff000
           <...>-811   [004] ....  4447.356322: do_swap_page: swapin tgid 811 pid 811 name "memtrack@1.0-se" vma 7fbd459000
   Binder:2405_3-2434  [004] ....  4447.356600: do_swap_page: swapin tgid 2405 pid 2434 name "Binder:2405_3" vma 7f28b28000
   Binder:2405_3-2434  [004] ....  4447.356671: do_swap_page: swapin tgid 2405 pid 2434 name "Binder:2405_3" vma 9e807000
           <...>-2078  [004] ....  4447.356768: do_swap_page: swapin tgid 1333 pid 2078 name "Binder:1333_C" vma 7e6384d000
           <...>-1355  [004] ....  4447.357076: do_swap_page: swapin tgid 1333 pid 1355 name "android.ui" vma 9e87c000
   Binder:2405_3-2434  [004] ....  4447.357158: do_swap_page: swapin tgid 2405 pid 2434 name "Binder:2405_3" vma 9e807000
   Binder:2405_3-2434  [004] ....  4447.357218: do_swap_page: swapin tgid 2405 pid 2434 name "Binder:2405_3" vma 7f2d144000
           <...>-4888  [004] ....  4447.357302: do_swap_page: swapin tgid 1333 pid 4888 name "Binder:1333_11" vma 9eb28000
   Binder:2405_3-2434  [004] ....  4447.358117: do_swap_page: swapin tgid 2405 pid 2434 name "Binder:2405_3" vma 7f2d144000
   Binder:2405_3-2434  [004] ....  4447.358139: do_swap_page: swapin tgid 2405 pid 2434 name "Binder:2405_3" vma 9e818000
   Binder:2405_3-2434  [004] ....  4447.358150: do_swap_page: swapin tgid 2405 pid 2434 name "Binder:2405_3" vma 9e804000
   Binder:2405_3-2434  [004] ....  4447.358364: do_swap_page: swapin tgid 2405 pid 2434 name "Binder:2405_3" vma 9e804000
   Binder:2405_3-2434  [004] ....  4447.358382: do_swap_page: swapin tgid 2405 pid 2434 name "Binder:2405_3" vma 7fbe231000
   Binder:2405_3-2434  [004] ....  4447.358800: do_swap_page: swapin tgid 2405 pid 2434 name "Binder:2405_3" vma 7fbe231000
   Binder:2405_3-2434  [004] ....  4447.358823: do_swap_page: swapin tgid 2405 pid 2434 name "Binder:2405_3" vma 7fbe170000
   Binder:2405_3-2434  [004] ....  4447.359076: do_swap_page: swapin tgid 2405 pid 2434 name "Binder:2405_3" vma 7fbe170000
   Binder:2405_3-2434  [004] ....  4447.359098: do_swap_page: swapin tgid 2405 pid 2434 name "Binder:2405_3" vma 7fbe260000
   Binder:2405_3-2434  [004] ....  4447.359386: do_swap_page: swapin tgid 2405 pid 2434 name "Binder:2405_3" vma 7fbe260000
   Binder:2405_3-2434  [004] ....  4447.359407: do_swap_page: swapin tgid 2405 pid 2434 name "Binder:2405_3" vma 13f0c000
   Binder:2405_3-2434  [004] ....  4447.359419: do_swap_page: swapin tgid 2405 pid 2434 name "Binder:2405_3" vma 7fbddf7000
   Binder:2405_3-2434  [004] ....  4447.359642: do_swap_page: swapin tgid 2405 pid 2434 name "Binder:2405_3" vma 7fbddf7000
   Binder:2405_3-2434  [004] ....  4447.359839: do_swap_page: swapin tgid 2405 pid 2434 name "Binder:2405_3" vma 9e830000
   Binder:2405_3-2434  [004] ....  4447.360051: do_swap_page: swapin tgid 2405 pid 2434 name "Binder:2405_3" vma 9e830000
   Binder:2405_3-2434  [004] ....  4447.360070: do_swap_page: swapin tgid 2405 pid 2434 name "Binder:2405_3" vma 7fbe1f9000
   Binder:2405_3-2434  [004] ....  4447.360304: do_swap_page: swapin tgid 2405 pid 2434 name "Binder:2405_3" vma 7fbe1f9000
   Binder:2405_3-2434  [004] ....  4447.360322: do_swap_page: swapin tgid 2405 pid 2434 name "Binder:2405_3" vma 7f28b91000
   Binder:2405_3-2434  [004] ....  4447.360593: do_swap_page: swapin tgid 2405 pid 2434 name "Binder:2405_3" vma 7f28b91000
   Binder:2405_3-2434  [004] ....  4447.360796: do_swap_page: swapin tgid 2405 pid 2434 name "Binder:2405_3" vma 9e817000
   Binder:2405_3-2434  [004] ....  4447.361005: do_swap_page: swapin tgid 2405 pid 2434 name "Binder:2405_3" vma 9e817000
   Binder:2405_3-2434  [004] ....  4447.361028: do_swap_page: swapin tgid 2405 pid 2434 name "Binder:2405_3" vma 9e82f000
   Binder:2405_3-2434  [004] ....  4447.361236: do_swap_page: swapin tgid 2405 pid 2434 name "Binder:2405_3" vma 9e82f000
 wifi_ext@1.0-se-2869  [004] ....  4450.019927: do_swap_page: swapin tgid 827 pid 2869 name "wifi_ext@1.0-se" vma 7fbb534000
 wifi_ext@1.0-se-2869  [004] ....  4450.020954: do_swap_page: swapin tgid 827 pid 2869 name "wifi_ext@1.0-se" vma 7fbb414000
 wifi_ext@1.0-se-2869  [004] ....  4450.022725: do_swap_page: swapin tgid 827 pid 2869 name "wifi_ext@1.0-se" vma 7fbb415000
 wifi_ext@1.0-se-2869  [004] ....  4450.022757: do_swap_page: swapin tgid 827 pid 2869 name "wifi_ext@1.0-se" vma 7fb9ac6000
 wifi_ext@1.0-se-2869  [004] ....  4450.025910: do_swap_page: swapin tgid 827 pid 2869 name "wifi_ext@1.0-se" vma 7fb9a11000
           <...>-1458  [004] ....  4450.332880: do_swap_page: swapin tgid 1333 pid 1458 name "InputDispatcher" vma 7eb4d32000
           <...>-1458  [004] ....  4450.332894: do_swap_page: swapin tgid 1333 pid 1458 name "InputDispatcher" vma 7e636ff000
           <...>-1458  [004] ....  4450.332901: do_swap_page: swapin tgid 1333 pid 1458 name "InputDispatcher" vma 7e83665000
           <...>-1458  [004] ....  4450.332904: do_swap_page: swapin tgid 1333 pid 1458 name "InputDispatcher" vma 7e6367d000
           <...>-1458  [004] ....  4450.333918: do_swap_page: swapin tgid 1333 pid 1458 name "InputDispatcher" vma 7e6367e000
           <...>-959   [004] ....  4451.157688: do_swap_page: swapin tgid 959 pid 959 name "iptables-restor" vma 7fbdc08000
           <...>-4888  [004] ....  4451.527241: do_swap_page: swapin tgid 1333 pid 4888 name "Binder:1333_11" vma 7f2d704000
           <...>-4888  [004] ....  4451.539592: do_swap_page: swapin tgid 1333 pid 4888 name "Binder:1333_11" vma 7f2d704000
           <...>-4888  [004] ....  4451.539610: do_swap_page: swapin tgid 1333 pid 4888 name "Binder:1333_11" vma 7eb41f6000
           <...>-4888  [004] ....  4451.539808: do_swap_page: swapin tgid 1333 pid 4888 name "Binder:1333_11" vma 7eb41f6000
           <...>-4888  [004] ....  4451.539825: do_swap_page: swapin tgid 1333 pid 4888 name "Binder:1333_11" vma 7eb41f5000
           <...>-4888  [004] ....  4451.539926: do_swap_page: swapin tgid 1333 pid 4888 name "Binder:1333_11" vma 7eb41f5000
           <...>-4888  [004] ....  4451.540199: do_swap_page: swapin tgid 1333 pid 4888 name "Binder:1333_11" vma 7f2d702000
           <...>-4888  [004] ....  4451.540324: do_swap_page: swapin tgid 1333 pid 4888 name "Binder:1333_11" vma 7f2d702000
           <...>-4888  [004] ....  4451.540331: do_swap_page: swapin tgid 1333 pid 4888 name "Binder:1333_11" vma 7eb41e6000
           <...>-4888  [004] ....  4451.540442: do_swap_page: swapin tgid 1333 pid 4888 name "Binder:1333_11" vma 7eb41e6000
           <...>-4888  [004] ....  4451.540451: do_swap_page: swapin tgid 1333 pid 4888 name "Binder:1333_11" vma 7f2d727000
           <...>-4888  [004] ....  4451.540476: do_swap_page: swapin tgid 1333 pid 4888 name "Binder:1333_11" vma 7eb41f1000
           <...>-4888  [004] ....  4451.540580: do_swap_page: swapin tgid 1333 pid 4888 name "Binder:1333_11" vma 7eb41f1000
           <...>-4888  [004] ....  4451.540587: do_swap_page: swapin tgid 1333 pid 4888 name "Binder:1333_11" vma 7e63851000
           <...>-4888  [004] ....  4451.540594: do_swap_page: swapin tgid 1333 pid 4888 name "Binder:1333_11" vma 7e63852000
           <...>-1458  [004] ....  4451.541047: do_swap_page: swapin tgid 1333 pid 1458 name "InputDispatcher" vma 7e5cd1a000
           <...>-1458  [004] ....  4451.541071: do_swap_page: swapin tgid 1333 pid 1458 name "InputDispatcher" vma 7f28b44000
           <...>-1458  [004] ....  4451.541094: do_swap_page: swapin tgid 1333 pid 1458 name "InputDispatcher" vma 7ed11bf000
           <...>-1458  [004] ....  4451.541102: do_swap_page: swapin tgid 1333 pid 1458 name "InputDispatcher" vma 7ea9738000
           <...>-1458  [004] ....  4451.541109: do_swap_page: swapin tgid 1333 pid 1458 name "InputDispatcher" vma 7ea9737000
           <...>-1458  [004] ....  4451.541137: do_swap_page: swapin tgid 1333 pid 1458 name "InputDispatcher" vma 7e5cd45000
           <...>-1458  [004] ....  4451.541159: do_swap_page: swapin tgid 1333 pid 1458 name "InputDispatcher" vma 7e68eba000
           <...>-1458  [004] ....  4451.541164: do_swap_page: swapin tgid 1333 pid 1458 name "InputDispatcher" vma 7e68ebb000
           <...>-817   [004] ....  4451.541258: do_swap_page: swapin tgid 817 pid 817 name "power@1.3-servi" vma 7fbd22b000
           <...>-817   [004] ....  4451.541269: do_swap_page: swapin tgid 817 pid 817 name "power@1.3-servi" vma 7ffffff000
           <...>-817   [004] ....  4451.541280: do_swap_page: swapin tgid 817 pid 817 name "power@1.3-servi" vma 7fbe422000
           <...>-1458  [004] ....  4451.541345: do_swap_page: swapin tgid 1333 pid 1458 name "InputDispatcher" vma 7ed0ec1000
           <...>-817   [004] ....  4451.541494: do_swap_page: swapin tgid 817 pid 817 name "power@1.3-servi" vma 7fbe422000
           <...>-817   [004] ....  4451.541501: do_swap_page: swapin tgid 817 pid 817 name "power@1.3-servi" vma 7fbd226000
           <...>-817   [004] ....  4451.541504: do_swap_page: swapin tgid 817 pid 817 name "power@1.3-servi" vma 7fbd21e000
           <...>-817   [004] ....  4451.541512: do_swap_page: swapin tgid 817 pid 817 name "power@1.3-servi" vma 7fbf700000
           <...>-817   [004] ....  4451.541521: do_swap_page: swapin tgid 817 pid 817 name "power@1.3-servi" vma 7fbd206000
           <...>-817   [004] ....  4451.541524: do_swap_page: swapin tgid 817 pid 817 name "power@1.3-servi" vma 7fbd209000
           <...>-817   [004] ....  4451.541525: do_swap_page: swapin tgid 817 pid 817 name "power@1.3-servi" vma 7fbd24e000
           <...>-817   [004] ....  4451.541530: do_swap_page: swapin tgid 817 pid 817 name "power@1.3-servi" vma 7fbe13f000
           <...>-817   [004] ....  4451.541532: do_swap_page: swapin tgid 817 pid 817 name "power@1.3-servi" vma 7fbd20d000
           <...>-817   [004] ....  4451.541536: do_swap_page: swapin tgid 817 pid 817 name "power@1.3-servi" vma 7fbd221000
           <...>-817   [004] ....  4451.541767: do_swap_page: swapin tgid 817 pid 817 name "power@1.3-servi" vma 7fbd221000
           <...>-817   [004] ....  4451.541782: do_swap_page: swapin tgid 817 pid 817 name "power@1.3-servi" vma 7fbdab9000
           <...>-1648  [004] ....  4451.541838: do_swap_page: swapin tgid 1648 pid 1648 name "ndroid.systemui" vma 7f28dbd000
           <...>-1648  [004] ....  4451.541851: do_swap_page: swapin tgid 1648 pid 1648 name "ndroid.systemui" vma 7f28e2a000
           <...>-1648  [004] ....  4451.541922: do_swap_page: swapin tgid 1648 pid 1648 name "ndroid.systemui" vma 7eb2f85000
           <...>-817   [004] ....  4451.541954: do_swap_page: swapin tgid 817 pid 817 name "power@1.3-servi" vma 7fbdab9000
           <...>-817   [004] ....  4451.541961: do_swap_page: swapin tgid 817 pid 817 name "power@1.3-servi" vma 7fbd219000
           <...>-1648  [004] ....  4451.542013: do_swap_page: swapin tgid 1648 pid 1648 name "ndroid.systemui" vma 13e8f000
           <...>-817   [004] ....  4451.542136: do_swap_page: swapin tgid 817 pid 817 name "power@1.3-servi" vma 7fbd219000
           <...>-817   [004] ....  4451.542145: do_swap_page: swapin tgid 817 pid 817 name "power@1.3-servi" vma 7fffffe000
           <...>-817   [004] ....  4451.542156: do_swap_page: swapin tgid 817 pid 817 name "power@1.3-servi" vma 7fbb851000
           <...>-817   [004] ....  4451.542160: do_swap_page: swapin tgid 817 pid 817 name "power@1.3-servi" vma 7fbdde6000
           <...>-1981  [004] ....  4451.542257: do_swap_page: swapin tgid 1981 pid 1981 name "droid.launcher3" vma 7ec63da000
           <...>-1981  [004] ....  4451.542264: do_swap_page: swapin tgid 1981 pid 1981 name "droid.launcher3" vma 7ec63db000
           <...>-1981  [004] ....  4451.542386: do_swap_page: swapin tgid 1981 pid 1981 name "droid.launcher3" vma 7f289fb000
           <...>-1981  [004] ....  4451.542453: do_swap_page: swapin tgid 1981 pid 1981 name "droid.launcher3" vma 9e835000
           <...>-1648  [004] ....  4451.542545: do_swap_page: swapin tgid 1648 pid 1648 name "ndroid.systemui" vma 7f2898b000
           <...>-1648  [004] ....  4451.542574: do_swap_page: swapin tgid 1648 pid 1648 name "ndroid.systemui" vma 9eafe000
           <...>-1355  [004] ....  4451.542624: do_swap_page: swapin tgid 1333 pid 1355 name "android.ui" vma 7ed0da8000
           <...>-1355  [004] ....  4451.542652: do_swap_page: swapin tgid 1333 pid 1355 name "android.ui" vma 7ed0da9000
           <...>-1355  [004] ....  4451.542666: do_swap_page: swapin tgid 1333 pid 1355 name "android.ui" vma 7e63705000
           <...>-1355  [004] ....  4451.542671: do_swap_page: swapin tgid 1333 pid 1355 name "android.ui" vma 7e63706000
           <...>-1355  [004] ....  4451.542678: do_swap_page: swapin tgid 1333 pid 1355 name "android.ui" vma 7f2d6c3000
           <...>-1355  [004] ....  4451.542708: do_swap_page: swapin tgid 1333 pid 1355 name "android.ui" vma 9eb21000
           <...>-675   [004] ....  4451.543005: do_swap_page: swapin tgid 600 pid 675 name "surfaceflinger" vma 7fb2f20000
           <...>-675   [004] ....  4451.543014: do_swap_page: swapin tgid 600 pid 675 name "surfaceflinger" vma 7fb2f1f000
           <...>-675   [004] ....  4451.543039: do_swap_page: swapin tgid 600 pid 675 name "surfaceflinger" vma 7faa6e1000
           <...>-675   [004] ....  4451.543045: do_swap_page: swapin tgid 600 pid 675 name "surfaceflinger" vma 7faa6f6000
           <...>-817   [004] ....  4451.543363: do_swap_page: swapin tgid 817 pid 817 name "power@1.3-servi" vma 7fbdde6000
           <...>-817   [004] ....  4451.543373: do_swap_page: swapin tgid 817 pid 817 name "power@1.3-servi" vma 7fbb800000
           <...>-1981  [004] ....  4451.543485: do_swap_page: swapin tgid 1981 pid 1981 name "droid.launcher3" vma 9e835000
           <...>-1981  [004] ....  4451.543496: do_swap_page: swapin tgid 1981 pid 1981 name "droid.launcher3" vma 9e923000
           <...>-1981  [004] ....  4451.543501: do_swap_page: swapin tgid 1981 pid 1981 name "droid.launcher3" vma 9e92d000
           <...>-1981  [004] ....  4451.543507: do_swap_page: swapin tgid 1981 pid 1981 name "droid.launcher3" vma 9e873000
           <...>-817   [004] ....  4451.543771: do_swap_page: swapin tgid 817 pid 817 name "power@1.3-servi" vma 7fbb800000
           <...>-817   [004] ....  4451.543778: do_swap_page: swapin tgid 817 pid 817 name "power@1.3-servi" vma 7fbb820000
           <...>-1981  [004] ....  4451.543809: do_swap_page: swapin tgid 1981 pid 1981 name "droid.launcher3" vma 9e873000
           <...>-1981  [004] ....  4451.543817: do_swap_page: swapin tgid 1981 pid 1981 name "droid.launcher3" vma 9e932000
           <...>-1355  [004] ....  4451.543850: do_swap_page: swapin tgid 1333 pid 1355 name "android.ui" vma 9eb21000
           <...>-817   [004] ....  4451.544411: do_swap_page: swapin tgid 817 pid 817 name "power@1.3-servi" vma 7fbb820000
           <...>-817   [004] ....  4451.544503: do_swap_page: swapin tgid 817 pid 817 name "power@1.3-servi" vma 7fbb83f000
           <...>-817   [004] ....  4451.544865: do_swap_page: swapin tgid 817 pid 817 name "power@1.3-servi" vma 7fbb85c000
           <...>-1981  [004] ....  4451.544949: do_swap_page: swapin tgid 1981 pid 1981 name "droid.launcher3" vma 9e932000
           <...>-1981  [004] ....  4451.544967: do_swap_page: swapin tgid 1981 pid 1981 name "droid.launcher3" vma 9e890000
           <...>-1981  [004] ....  4451.544970: do_swap_page: swapin tgid 1981 pid 1981 name "droid.launcher3" vma 9e8e7000
           <...>-817   [004] ....  4451.545026: do_swap_page: swapin tgid 817 pid 817 name "power@1.3-servi" vma 7fbb85c000
           <...>-817   [004] ....  4451.545032: do_swap_page: swapin tgid 817 pid 817 name "power@1.3-servi" vma 7fbb844000
           <...>-817   [004] ....  4451.545035: do_swap_page: swapin tgid 817 pid 817 name "power@1.3-servi" vma 7fbb859000
           <...>-817   [004] ....  4451.545039: do_swap_page: swapin tgid 817 pid 817 name "power@1.3-servi" vma 7fbdde2000
           <...>-1355  [004] ....  4451.545068: do_swap_page: swapin tgid 1333 pid 1355 name "android.ui" vma 9eb5c000
           <...>-1981  [004] ....  4451.545180: do_swap_page: swapin tgid 1981 pid 1981 name "droid.launcher3" vma 9e8e7000
           <...>-1981  [004] ....  4451.545194: do_swap_page: swapin tgid 1981 pid 1981 name "droid.launcher3" vma 7f289f8000
           <...>-1981  [004] ....  4451.545217: do_swap_page: swapin tgid 1981 pid 1981 name "droid.launcher3" vma 9e8a5000
           <...>-1981  [004] ....  4451.545220: do_swap_page: swapin tgid 1981 pid 1981 name "droid.launcher3" vma 9e8fc000
           <...>-1981  [004] ....  4451.545230: do_swap_page: swapin tgid 1981 pid 1981 name "droid.launcher3" vma 1320e000
           <...>-817   [004] ....  4451.545260: do_swap_page: swapin tgid 817 pid 817 name "power@1.3-servi" vma 7fbdde2000
           <...>-817   [004] ....  4451.545265: do_swap_page: swapin tgid 817 pid 817 name "power@1.3-servi" vma 7fbdde3000
           <...>-1981  [004] ....  4451.545313: do_swap_page: swapin tgid 1981 pid 1981 name "droid.launcher3" vma 9e91e000
           <...>-1355  [004] ....  4451.545343: do_swap_page: swapin tgid 1333 pid 1355 name "android.ui" vma 9eb5c000
           <...>-1355  [004] ....  4451.545362: do_swap_page: swapin tgid 1333 pid 1355 name "android.ui" vma 7eb433a000
           <...>-817   [004] ....  4451.545466: do_swap_page: swapin tgid 817 pid 817 name "power@1.3-servi" vma 7fbdde3000
           <...>-817   [004] ....  4451.545472: do_swap_page: swapin tgid 817 pid 817 name "power@1.3-servi" vma 7fbd201000
           <...>-817   [004] ....  4451.545481: do_swap_page: swapin tgid 817 pid 817 name "power@1.3-servi" vma 7fbd200000
           <...>-817   [004] ....  4451.545484: do_swap_page: swapin tgid 817 pid 817 name "power@1.3-servi" vma 7fbd298000
           <...>-817   [004] ....  4451.545490: do_swap_page: swapin tgid 817 pid 817 name "power@1.3-servi" vma 7fbb84b000
           <...>-817   [004] ....  4451.545494: do_swap_page: swapin tgid 817 pid 817 name "power@1.3-servi" vma 7fbb84c000
           <...>-817   [004] ....  4451.545498: do_swap_page: swapin tgid 817 pid 817 name "power@1.3-servi" vma 7fbd404000
           <...>-817   [004] ....  4451.545501: do_swap_page: swapin tgid 817 pid 817 name "power@1.3-servi" vma 7fbd400000
           <...>-1981  [004] ....  4451.545567: do_swap_page: swapin tgid 1981 pid 1981 name "droid.launcher3" vma 9e91e000
           <...>-1981  [004] ....  4451.545579: do_swap_page: swapin tgid 1981 pid 1981 name "droid.launcher3" vma 7ecdc31000
           <...>-1981  [004] ....  4451.545591: do_swap_page: swapin tgid 1981 pid 1981 name "droid.launcher3" vma 9e898000
           <...>-1981  [004] ....  4451.545594: do_swap_page: swapin tgid 1981 pid 1981 name "droid.launcher3" vma 9e8ee000
           <...>-817   [004] ....  4451.545641: do_swap_page: swapin tgid 817 pid 817 name "power@1.3-servi" vma 7fbd400000
           <...>-817   [004] ....  4451.545646: do_swap_page: swapin tgid 817 pid 817 name "power@1.3-servi" vma 7fbd407000
           <...>-817   [004] ....  4451.545651: do_swap_page: swapin tgid 817 pid 817 name "power@1.3-servi" vma 7fbd406000
           <...>-1981  [004] ....  4451.545725: do_swap_page: swapin tgid 1981 pid 1981 name "droid.launcher3" vma 9e8ee000
           <...>-1981  [004] ....  4451.545733: do_swap_page: swapin tgid 1981 pid 1981 name "droid.launcher3" vma 13217000
           <...>-1981  [004] ....  4451.545740: do_swap_page: swapin tgid 1981 pid 1981 name "droid.launcher3" vma 9e8b0000
           <...>-1981  [004] ....  4451.545742: do_swap_page: swapin tgid 1981 pid 1981 name "droid.launcher3" vma 9e950000
           <...>-817   [004] ....  4451.545783: do_swap_page: swapin tgid 817 pid 817 name "power@1.3-servi" vma 7fbd406000
           <...>-817   [004] ....  4451.545790: do_swap_page: swapin tgid 817 pid 817 name "power@1.3-servi" vma 7fbd408000
           <...>-817   [004] ....  4451.545794: do_swap_page: swapin tgid 817 pid 817 name "power@1.3-servi" vma 7fbd205000
           <...>-817   [004] ....  4451.545801: do_swap_page: swapin tgid 817 pid 817 name "power@1.3-servi" vma 7fbd211000
           <...>-817   [004] ....  4451.545828: do_swap_page: swapin tgid 817 pid 817 name "power@1.3-servi" vma 7fbb84d000
           <...>-817   [004] ....  4451.545853: do_swap_page: swapin tgid 817 pid 817 name "power@1.3-servi" vma 7fbcfe9000
           <...>-2355  [004] ....  4451.545884: do_swap_page: swapin tgid 817 pid 2355 name "NodeLooperThrea" vma 7fbb7fc000
           <...>-2355  [004] ....  4451.545888: do_swap_page: swapin tgid 817 pid 2355 name "NodeLooperThrea" vma 7fbb7fb000
           <...>-2355  [004] ....  4451.545892: do_swap_page: swapin tgid 817 pid 2355 name "NodeLooperThrea" vma 7fbb83e000
           <...>-2355  [004] ....  4451.545896: do_swap_page: swapin tgid 817 pid 2355 name "NodeLooperThrea" vma 7fbb83d000
           <...>-2356  [004] ....  4451.545916: do_swap_page: swapin tgid 817 pid 2356 name "power@1.3-servi" vma 7fba6ff000
           <...>-817   [004] ....  4451.545981: do_swap_page: swapin tgid 817 pid 817 name "power@1.3-servi" vma 7fbcfe9000
           <...>-2355  [004] ....  4451.546088: do_swap_page: swapin tgid 817 pid 2355 name "NodeLooperThrea" vma 7fbb83d000
           <...>-2355  [004] ....  4451.546097: do_swap_page: swapin tgid 817 pid 2355 name "NodeLooperThrea" vma 7fbb81b000
           <...>-2356  [004] ....  4451.546166: do_swap_page: swapin tgid 817 pid 2356 name "power@1.3-servi" vma 7fba6ff000
           <...>-2356  [004] ....  4451.546171: do_swap_page: swapin tgid 817 pid 2356 name "power@1.3-servi" vma 7fba6fe000
           <...>-1981  [004] ....  4451.546186: do_swap_page: swapin tgid 1981 pid 1981 name "droid.launcher3" vma 9e950000
           <...>-1981  [004] ....  4451.546191: do_swap_page: swapin tgid 1981 pid 1981 name "droid.launcher3" vma 9e8e6000
           <...>-2355  [004] ....  4451.546292: do_swap_page: swapin tgid 817 pid 2355 name "NodeLooperThrea" vma 7fbb81b000
           <...>-2355  [004] ....  4451.546437: do_swap_page: swapin tgid 817 pid 2355 name "NodeLooperThrea" vma 7fbb84e000
           <...>-2355  [004] ....  4451.546493: do_swap_page: swapin tgid 817 pid 2355 name "NodeLooperThrea" vma 7fbb81d000
           <...>-1981  [004] ....  4451.546567: do_swap_page: swapin tgid 1981 pid 1981 name "droid.launcher3" vma 9e8e6000
           <...>-1981  [004] ....  4451.546581: do_swap_page: swapin tgid 1981 pid 1981 name "droid.launcher3" vma 9e847000
           <...>-2355  [004] ....  4451.546749: do_swap_page: swapin tgid 817 pid 2355 name "NodeLooperThrea" vma 7fbb81d000
           <...>-2355  [004] ....  4451.546896: do_swap_page: swapin tgid 817 pid 2355 name "NodeLooperThrea" vma 7fbb85b000
           <...>-1981  [004] ....  4451.546930: do_swap_page: swapin tgid 1981 pid 1981 name "droid.launcher3" vma 9e847000
           <...>-1981  [004] ....  4451.546937: do_swap_page: swapin tgid 1981 pid 1981 name "droid.launcher3" vma 9e868000
           <...>-2355  [004] ....  4451.547285: do_swap_page: swapin tgid 817 pid 2355 name "NodeLooperThrea" vma 7fbb85b000
           <...>-1981  [004] ....  4451.547488: do_swap_page: swapin tgid 1981 pid 1981 name "droid.launcher3" vma 9e868000
           <...>-1981  [004] ....  4451.547495: do_swap_page: swapin tgid 1981 pid 1981 name "droid.launcher3" vma 9e816000
           <...>-1981  [004] ....  4451.548832: do_swap_page: swapin tgid 1981 pid 1981 name "droid.launcher3" vma 9e816000
           <...>-2355  [004] ....  4451.548931: do_swap_page: swapin tgid 817 pid 2355 name "NodeLooperThrea" vma 7fbd26b000
           <...>-2355  [004] ....  4451.548937: do_swap_page: swapin tgid 817 pid 2355 name "NodeLooperThrea" vma 7fbd26c000
           <...>-2355  [004] ....  4451.548941: do_swap_page: swapin tgid 817 pid 2355 name "NodeLooperThrea" vma 7fbd240000
           <...>-2355  [004] ....  4451.548946: do_swap_page: swapin tgid 817 pid 2355 name "NodeLooperThrea" vma 7fbda64000
           <...>-2355  [004] ....  4451.548957: do_swap_page: swapin tgid 817 pid 2355 name "NodeLooperThrea" vma 7fbd20a000
           <...>-2355  [004] ....  4451.548960: do_swap_page: swapin tgid 817 pid 2355 name "NodeLooperThrea" vma 7fbd20e000
           <...>-2355  [004] ....  4451.548963: do_swap_page: swapin tgid 817 pid 2355 name "NodeLooperThrea" vma 7fbda63000
           <...>-1981  [004] ....  4451.549013: do_swap_page: swapin tgid 1981 pid 1981 name "droid.launcher3" vma 13cb7000
           <...>-1981  [004] ....  4451.549023: do_swap_page: swapin tgid 1981 pid 1981 name "droid.launcher3" vma 9e81a000
           <...>-1648  [004] ....  4451.549136: do_swap_page: swapin tgid 1648 pid 1648 name "ndroid.systemui" vma 9eafe000
           <...>-1648  [004] ....  4451.549295: do_swap_page: swapin tgid 1648 pid 1648 name "ndroid.systemui" vma 7eca8c8000
           <...>-1648  [004] ....  4451.549303: do_swap_page: swapin tgid 1648 pid 1648 name "ndroid.systemui" vma 7eca8c9000
           <...>-2355  [004] ....  4451.549615: do_swap_page: swapin tgid 817 pid 2355 name "NodeLooperThrea" vma 7fbda63000
           <...>-2355  [004] ....  4451.549646: do_swap_page: swapin tgid 817 pid 2355 name "NodeLooperThrea" vma 7fbb7fa000
