           <...>-5406  [004] ....  6973.807452: do_swap_page: swapin tgid 5406 pid 5406 name "droid.bluetooth" vma 13f11000
           <...>-1750  [004] ....  6973.807493: do_swap_page: swapin tgid 1730 pid 1750 name "Binder:1730_2" vma 7fbe20a000
           <...>-1750  [004] ....  6973.807502: do_swap_page: swapin tgid 1730 pid 1750 name "Binder:1730_2" vma 7fbd2d4000
           <...>-1750  [004] ....  6973.807504: do_swap_page: swapin tgid 1730 pid 1750 name "Binder:1730_2" vma 7fbd2d0000
           <...>-2770  [004] ....  6973.807527: do_swap_page: swapin tgid 2740 pid 2770 name "Binder:2740_3" vma 7fbe20a000
           <...>-2770  [004] ....  6973.807534: do_swap_page: swapin tgid 2740 pid 2770 name "Binder:2740_3" vma 7fbd2d4000
           <...>-2770  [004] ....  6973.807535: do_swap_page: swapin tgid 2740 pid 2770 name "Binder:2740_3" vma 7fbd2d0000
           <...>-2791  [004] ....  6973.807556: do_swap_page: swapin tgid 1852 pid 2791 name "Binder:1852_4" vma 7fbe17f000
           <...>-2791  [004] ....  6973.807562: do_swap_page: swapin tgid 1852 pid 2791 name "Binder:1852_4" vma 7fbe20a000
 droid.launcher3-1981  [004] ....  6973.807603: do_swap_page: swapin tgid 1981 pid 1981 name "droid.launcher3" vma 9e937000
 droid.launcher3-1981  [004] ....  6973.807610: do_swap_page: swapin tgid 1981 pid 1981 name "droid.launcher3" vma 13c9f000
 droid.launcher3-1981  [004] ....  6973.807613: do_swap_page: swapin tgid 1981 pid 1981 name "droid.launcher3" vma 9e893000
           <...>-2506  [004] ....  6973.807667: do_swap_page: swapin tgid 2479 pid 2506 name "Binder:2479_3" vma 7fbd2d0000
           <...>-2506  [004] ....  6973.807675: do_swap_page: swapin tgid 2479 pid 2506 name "Binder:2479_3" vma 7f2895f000
           <...>-2506  [004] ....  6973.807678: do_swap_page: swapin tgid 2479 pid 2506 name "Binder:2479_3" vma 7f28b1c000
           <...>-2506  [004] ....  6973.807684: do_swap_page: swapin tgid 2479 pid 2506 name "Binder:2479_3" vma 7fbe1d3000
           <...>-2506  [004] ....  6973.807689: do_swap_page: swapin tgid 2479 pid 2506 name "Binder:2479_3" vma 7f28b56000
           <...>-2506  [004] ....  6973.807711: do_swap_page: swapin tgid 2479 pid 2506 name "Binder:2479_3" vma 7f2d145000
   Binder:4963_3-4985  [004] ....  6973.807736: do_swap_page: swapin tgid 4963 pid 4985 name "Binder:4963_3" vma 7f2dc37000
   Binder:4963_3-4985  [004] ....  6973.807770: do_swap_page: swapin tgid 4963 pid 4985 name "Binder:4963_3" vma 7f3152c000
   Binder:4963_3-4985  [004] ....  6973.807774: do_swap_page: swapin tgid 4963 pid 4985 name "Binder:4963_3" vma 7f2dc38000
   Binder:4963_3-4985  [004] ....  6973.807776: do_swap_page: swapin tgid 4963 pid 4985 name "Binder:4963_3" vma 12f40000
   Binder:4963_3-4985  [004] ....  6973.807806: do_swap_page: swapin tgid 4963 pid 4985 name "Binder:4963_3" vma 12f0a000
   Binder:4963_3-4985  [004] ....  6973.807813: do_swap_page: swapin tgid 4963 pid 4985 name "Binder:4963_3" vma 7fbe312000
   Binder:4963_3-4985  [004] ....  6973.807817: do_swap_page: swapin tgid 4963 pid 4985 name "Binder:4963_3" vma 7f2895c000
   Binder:4963_3-4985  [004] ....  6973.807836: do_swap_page: swapin tgid 4963 pid 4985 name "Binder:4963_3" vma 7fbe1d3000
   Binder:4963_3-4985  [004] ....  6973.807841: do_swap_page: swapin tgid 4963 pid 4985 name "Binder:4963_3" vma 7fbe1b2000
   Binder:4963_3-4985  [004] ....  6973.807844: do_swap_page: swapin tgid 4963 pid 4985 name "Binder:4963_3" vma 7ec4bcb000
   Binder:4963_3-4985  [004] ....  6973.807851: do_swap_page: swapin tgid 4963 pid 4985 name "Binder:4963_3" vma 13059000
   Binder:4963_3-4985  [004] ....  6973.807856: do_swap_page: swapin tgid 4963 pid 4985 name "Binder:4963_3" vma 72823000
   Binder:4963_3-4985  [004] ....  6973.807867: do_swap_page: swapin tgid 4963 pid 4985 name "Binder:4963_3" vma 7f28a4e000
           <...>-17414 [004] ....  6973.807905: do_swap_page: swapin tgid 6085 pid 17414 name "Binder:6085_6" vma 7fbd2d1000
           <...>-17414 [004] ....  6973.807912: do_swap_page: swapin tgid 6085 pid 17414 name "Binder:6085_6" vma 7fbd771000
 droid.launcher3-1981  [004] ....  6973.808077: do_swap_page: swapin tgid 1981 pid 1981 name "droid.launcher3" vma 9e893000
 droid.launcher3-1981  [004] ....  6973.808082: do_swap_page: swapin tgid 1981 pid 1981 name "droid.launcher3" vma 9e8ea000
           <...>-5406  [004] ....  6973.808117: do_swap_page: swapin tgid 5406 pid 5406 name "droid.bluetooth" vma 13f11000
           <...>-5406  [004] ....  6973.808126: do_swap_page: swapin tgid 5406 pid 5406 name "droid.bluetooth" vma 7fbd770000
           <...>-5406  [004] ....  6973.808130: do_swap_page: swapin tgid 5406 pid 5406 name "droid.bluetooth" vma 7f2d681000
           <...>-2434  [004] ....  6973.808155: do_swap_page: swapin tgid 2405 pid 2434 name "Binder:2405_3" vma 7fbe1e7000
           <...>-2434  [004] ....  6973.808161: do_swap_page: swapin tgid 2405 pid 2434 name "Binder:2405_3" vma 7fbe17f000
           <...>-2473  [004] ....  6973.808188: do_swap_page: swapin tgid 2432 pid 2473 name "Binder:2432_3" vma 7fbe17f000
           <...>-2473  [004] ....  6973.808193: do_swap_page: swapin tgid 2432 pid 2473 name "Binder:2432_3" vma 7fbe20a000
 droid.launcher3-1981  [004] ....  6973.808226: do_swap_page: swapin tgid 1981 pid 1981 name "droid.launcher3" vma 9e8ea000
 droid.launcher3-1981  [004] ....  6973.808233: do_swap_page: swapin tgid 1981 pid 1981 name "droid.launcher3" vma 9e8bb000
           <...>-5406  [004] ....  6973.808280: do_swap_page: swapin tgid 5406 pid 5406 name "droid.bluetooth" vma 7f2d681000
           <...>-5406  [004] ....  6973.808285: do_swap_page: swapin tgid 5406 pid 5406 name "droid.bluetooth" vma 7f2d623000
           <...>-17414 [004] ....  6973.808325: do_swap_page: swapin tgid 6085 pid 17414 name "Binder:6085_6" vma 7fbd771000
           <...>-17414 [004] ....  6973.808332: do_swap_page: swapin tgid 6085 pid 17414 name "Binder:6085_6" vma 7f28b19000
           <...>-17414 [004] ....  6973.808337: do_swap_page: swapin tgid 6085 pid 17414 name "Binder:6085_6" vma 7f393d6000
           <...>-17414 [004] ....  6973.808339: do_swap_page: swapin tgid 6085 pid 17414 name "Binder:6085_6" vma 7fbe23c000
 droid.launcher3-1981  [004] ....  6973.808391: do_swap_page: swapin tgid 1981 pid 1981 name "droid.launcher3" vma 9e8bb000
 droid.launcher3-1981  [004] ....  6973.808397: do_swap_page: swapin tgid 1981 pid 1981 name "droid.launcher3" vma 9e8b4000
           <...>-1750  [004] ....  6973.808424: do_swap_page: swapin tgid 1730 pid 1750 name "Binder:1730_2" vma 7fbd2d0000
           <...>-1750  [004] ....  6973.808431: do_swap_page: swapin tgid 1730 pid 1750 name "Binder:1730_2" vma 7f2895d000
           <...>-1750  [004] ....  6973.808434: do_swap_page: swapin tgid 1730 pid 1750 name "Binder:1730_2" vma 7f2895e000
           <...>-1750  [004] ....  6973.808466: do_swap_page: swapin tgid 1730 pid 1750 name "Binder:1730_2" vma 7f2d674000
           <...>-1750  [004] ....  6973.808471: do_swap_page: swapin tgid 1730 pid 1750 name "Binder:1730_2" vma 7f2d61e000
           <...>-1750  [004] ....  6973.808474: do_swap_page: swapin tgid 1730 pid 1750 name "Binder:1730_2" vma 7f2d16b000
           <...>-5406  [004] ....  6973.808502: do_swap_page: swapin tgid 5406 pid 5406 name "droid.bluetooth" vma 7f2d623000
 droid.launcher3-1981  [004] ....  6973.808530: do_swap_page: swapin tgid 1981 pid 1981 name "droid.launcher3" vma 9e8b4000
 droid.launcher3-1981  [004] ....  6973.808536: do_swap_page: swapin tgid 1981 pid 1981 name "droid.launcher3" vma 9e8b3000
           <...>-5406  [004] ....  6973.808560: do_swap_page: swapin tgid 5406 pid 5406 name "droid.bluetooth" vma 7f28a4e000
           <...>-5406  [004] ....  6973.808627: do_swap_page: swapin tgid 5406 pid 5406 name "droid.bluetooth" vma 7f289bb000
           <...>-17414 [004] ....  6973.808634: do_swap_page: swapin tgid 6085 pid 17414 name "Binder:6085_6" vma 7fbe23c000
           <...>-17414 [004] ....  6973.808639: do_swap_page: swapin tgid 6085 pid 17414 name "Binder:6085_6" vma 7ecdce1000
           <...>-17414 [004] ....  6973.808643: do_swap_page: swapin tgid 6085 pid 17414 name "Binder:6085_6" vma 7f318dc000
 droid.launcher3-1981  [004] ....  6973.808783: do_swap_page: swapin tgid 1981 pid 1981 name "droid.launcher3" vma 9e8b3000
 droid.launcher3-1981  [004] ....  6973.808802: do_swap_page: swapin tgid 1981 pid 1981 name "droid.launcher3" vma 9e90a000
 droid.launcher3-1981  [004] ....  6973.808972: do_swap_page: swapin tgid 1981 pid 1981 name "droid.launcher3" vma 9e90a000
 droid.launcher3-1981  [004] ....  6973.808979: do_swap_page: swapin tgid 1981 pid 1981 name "droid.launcher3" vma 9e843000
           <...>-5406  [004] ....  6973.809007: do_swap_page: swapin tgid 5406 pid 5406 name "droid.bluetooth" vma 7fbe1d0000
           <...>-2214  [004] ....  6973.809034: do_swap_page: swapin tgid 1760 pid 2214 name "Binder:1760_4" vma 7fbe1e7000
           <...>-2214  [004] ....  6973.809040: do_swap_page: swapin tgid 1760 pid 2214 name "Binder:1760_4" vma 7fbe17f000
           <...>-2770  [004] ....  6973.809065: do_swap_page: swapin tgid 2740 pid 2770 name "Binder:2740_3" vma 7fbd2d0000
           <...>-2770  [004] ....  6973.809073: do_swap_page: swapin tgid 2740 pid 2770 name "Binder:2740_3" vma 7f28aff000
           <...>-2770  [004] ....  6973.809075: do_swap_page: swapin tgid 2740 pid 2770 name "Binder:2740_3" vma 7f28b00000
           <...>-2770  [004] ....  6973.809078: do_swap_page: swapin tgid 2740 pid 2770 name "Binder:2740_3" vma 7f2d674000
           <...>-2770  [004] ....  6973.809082: do_swap_page: swapin tgid 2740 pid 2770 name "Binder:2740_3" vma 7f2d61e000
           <...>-2770  [004] ....  6973.809085: do_swap_page: swapin tgid 2740 pid 2770 name "Binder:2740_3" vma 7f2d16b000
           <...>-4032  [004] ....  6973.809107: do_swap_page: swapin tgid 2460 pid 4032 name "Binder:2460_4" vma 7fbd2d0000
           <...>-4032  [004] ....  6973.809115: do_swap_page: swapin tgid 2460 pid 4032 name "Binder:2460_4" vma 7f28d4c000
           <...>-4032  [004] ....  6973.809117: do_swap_page: swapin tgid 2460 pid 4032 name "Binder:2460_4" vma 7f28d53000
           <...>-4032  [004] ....  6973.809121: do_swap_page: swapin tgid 2460 pid 4032 name "Binder:2460_4" vma 7f2d674000
           <...>-4032  [004] ....  6973.809125: do_swap_page: swapin tgid 2460 pid 4032 name "Binder:2460_4" vma 7f2d61e000
           <...>-4032  [004] ....  6973.809130: do_swap_page: swapin tgid 2460 pid 4032 name "Binder:2460_4" vma 7f2d16b000
 droid.launcher3-1981  [004] ....  6973.809163: do_swap_page: swapin tgid 1981 pid 1981 name "droid.launcher3" vma 9e843000
 droid.launcher3-1981  [004] ....  6973.809168: do_swap_page: swapin tgid 1981 pid 1981 name "droid.launcher3" vma 9e928000
           <...>-17414 [004] ....  6973.809223: do_swap_page: swapin tgid 6085 pid 17414 name "Binder:6085_6" vma 7f318dc000
           <...>-17414 [004] ....  6973.809228: do_swap_page: swapin tgid 6085 pid 17414 name "Binder:6085_6" vma 12c96000
           <...>-5406  [004] ....  6973.809260: do_swap_page: swapin tgid 5406 pid 5406 name "droid.bluetooth" vma 7fbe1d0000
           <...>-5406  [004] ....  6973.809267: do_swap_page: swapin tgid 5406 pid 5406 name "droid.bluetooth" vma 7f28b5c000
           <...>-5406  [004] ....  6973.809277: do_swap_page: swapin tgid 5406 pid 5406 name "droid.bluetooth" vma 12c40000
           <...>-5406  [004] ....  6973.809281: do_swap_page: swapin tgid 5406 pid 5406 name "droid.bluetooth" vma 725ee000
 droid.launcher3-1981  [004] ....  6973.809316: do_swap_page: swapin tgid 1981 pid 1981 name "droid.launcher3" vma 9e928000
 droid.launcher3-1981  [004] ....  6973.809324: do_swap_page: swapin tgid 1981 pid 1981 name "droid.launcher3" vma 9e848000
           <...>-2791  [004] ....  6973.809410: do_swap_page: swapin tgid 1852 pid 2791 name "Binder:1852_4" vma 7fbe20a000
           <...>-2791  [004] ....  6973.809418: do_swap_page: swapin tgid 1852 pid 2791 name "Binder:1852_4" vma 7fbd2d4000
           <...>-2791  [004] ....  6973.809420: do_swap_page: swapin tgid 1852 pid 2791 name "Binder:1852_4" vma 7fbd2d0000
 droid.launcher3-1981  [004] ....  6973.809495: do_swap_page: swapin tgid 1981 pid 1981 name "droid.launcher3" vma 9e848000
 droid.launcher3-1981  [004] ....  6973.809500: do_swap_page: swapin tgid 1981 pid 1981 name "droid.launcher3" vma 9e912000
 droid.launcher3-1981  [004] ....  6973.809504: do_swap_page: swapin tgid 1981 pid 1981 name "droid.launcher3" vma 9e90b000
 droid.launcher3-1981  [004] ....  6973.809508: do_swap_page: swapin tgid 1981 pid 1981 name "droid.launcher3" vma 9e82e000
           <...>-17414 [004] ....  6973.809555: do_swap_page: swapin tgid 6085 pid 17414 name "Binder:6085_6" vma 12c96000
           <...>-17414 [004] ....  6973.809563: do_swap_page: swapin tgid 6085 pid 17414 name "Binder:6085_6" vma 7fbe286000
           <...>-17414 [004] ....  6973.809566: do_swap_page: swapin tgid 6085 pid 17414 name "Binder:6085_6" vma 7fbe285000
           <...>-17414 [004] ....  6973.809569: do_swap_page: swapin tgid 6085 pid 17414 name "Binder:6085_6" vma 7f393d7000
           <...>-5406  [004] ....  6973.809586: do_swap_page: swapin tgid 5406 pid 5406 name "droid.bluetooth" vma 725ee000
           <...>-5406  [004] ....  6973.809594: do_swap_page: swapin tgid 5406 pid 5406 name "droid.bluetooth" vma 7fbe167000
           <...>-2434  [004] ....  6973.809617: do_swap_page: swapin tgid 2405 pid 2434 name "Binder:2405_3" vma 7fbe17f000
           <...>-2434  [004] ....  6973.809624: do_swap_page: swapin tgid 2405 pid 2434 name "Binder:2405_3" vma 7fbe20a000
 droid.launcher3-1981  [004] ....  6973.809650: do_swap_page: swapin tgid 1981 pid 1981 name "droid.launcher3" vma 9e82e000
 droid.launcher3-1981  [004] ....  6973.809656: do_swap_page: swapin tgid 1981 pid 1981 name "droid.launcher3" vma 13c21000
 droid.launcher3-1981  [004] ....  6973.809660: do_swap_page: swapin tgid 1981 pid 1981 name "droid.launcher3" vma 9e91f000
    android.anim-1358  [004] ....  6973.809716: do_swap_page: swapin tgid 1333 pid 1358 name "android.anim" vma 9e87e000
    android.anim-1358  [004] ....  6973.809722: do_swap_page: swapin tgid 1333 pid 1358 name "android.anim" vma 9eb3d000
           <...>-5406  [004] ....  6973.809748: do_swap_page: swapin tgid 5406 pid 5406 name "droid.bluetooth" vma 7fbe167000
 droid.launcher3-1981  [004] ....  6973.809805: do_swap_page: swapin tgid 1981 pid 1981 name "droid.launcher3" vma 9e91f000
 droid.launcher3-1981  [004] ....  6973.809813: do_swap_page: swapin tgid 1981 pid 1981 name "droid.launcher3" vma 13c3d000
 m.android.phone-1868  [004] ....  6973.809935: do_swap_page: swapin tgid 1868 pid 1868 name "m.android.phone" vma 72973000
 m.android.phone-1868  [004] ....  6973.809945: do_swap_page: swapin tgid 1868 pid 1868 name "m.android.phone" vma 72820000
 m.android.phone-1868  [004] ....  6973.809949: do_swap_page: swapin tgid 1868 pid 1868 name "m.android.phone" vma 728ab000
 m.android.phone-1868  [004] ....  6973.809952: do_swap_page: swapin tgid 1868 pid 1868 name "m.android.phone" vma 728ac000
 m.android.phone-1868  [004] ....  6973.809956: do_swap_page: swapin tgid 1868 pid 1868 name "m.android.phone" vma 72849000
 m.android.phone-1868  [004] ....  6973.809960: do_swap_page: swapin tgid 1868 pid 1868 name "m.android.phone" vma 728b1000
 droid.launcher3-1981  [004] ....  6973.809998: do_swap_page: swapin tgid 1981 pid 1981 name "droid.launcher3" vma 13c3d000
 droid.launcher3-1981  [004] ....  6973.810007: do_swap_page: swapin tgid 1981 pid 1981 name "droid.launcher3" vma 7fbe2f6000
 droid.launcher3-1981  [004] ....  6973.810024: do_swap_page: swapin tgid 1981 pid 1981 name "droid.launcher3" vma 7f2898a000
 droid.launcher3-1981  [004] ....  6973.810029: do_swap_page: swapin tgid 1981 pid 1981 name "droid.launcher3" vma 7ecdae8000
           <...>-17414 [004] ....  6973.810056: do_swap_page: swapin tgid 6085 pid 17414 name "Binder:6085_6" vma 7f393d7000
           <...>-17414 [004] ....  6973.810061: do_swap_page: swapin tgid 6085 pid 17414 name "Binder:6085_6" vma 7fbe1f8000
 android.display-1357  [004] ....  6973.810145: do_swap_page: swapin tgid 1333 pid 1357 name "android.display" vma 7fbbf52000
           <...>-2473  [004] ....  6973.810172: do_swap_page: swapin tgid 2432 pid 2473 name "Binder:2432_3" vma 7fbe20a000
           <...>-2473  [004] ....  6973.810181: do_swap_page: swapin tgid 2432 pid 2473 name "Binder:2432_3" vma 7fbd2d4000
           <...>-2473  [004] ....  6973.810183: do_swap_page: swapin tgid 2432 pid 2473 name "Binder:2432_3" vma 7fbd2d0000
 droid.launcher3-1981  [004] ....  6973.810229: do_swap_page: swapin tgid 1981 pid 1981 name "droid.launcher3" vma 7ecdae8000
 droid.launcher3-1981  [004] ....  6973.810235: do_swap_page: swapin tgid 1981 pid 1981 name "droid.launcher3" vma 7f289cd000
 ScreenDecoratio-2174  [004] ....  6973.810260: do_swap_page: swapin tgid 1648 pid 2174 name "ScreenDecoratio" vma 9eaf6000
 ScreenDecoratio-2174  [004] ....  6973.810266: do_swap_page: swapin tgid 1648 pid 2174 name "ScreenDecoratio" vma 9ea93000
           <...>-2214  [004] ....  6973.810291: do_swap_page: swapin tgid 1760 pid 2214 name "Binder:1760_4" vma 7fbe17f000
           <...>-2214  [004] ....  6973.810297: do_swap_page: swapin tgid 1760 pid 2214 name "Binder:1760_4" vma 7fbe20a000
           <...>-2506  [004] ....  6973.810335: do_swap_page: swapin tgid 2479 pid 2506 name "Binder:2479_3" vma 7f2d145000
           <...>-2506  [004] ....  6973.810342: do_swap_page: swapin tgid 2479 pid 2506 name "Binder:2479_3" vma 7f39800000
           <...>-17414 [004] ....  6973.810386: do_swap_page: swapin tgid 6085 pid 17414 name "Binder:6085_6" vma 7fbe1f8000
           <...>-17414 [004] ....  6973.810396: do_swap_page: swapin tgid 6085 pid 17414 name "Binder:6085_6" vma 12c40000
           <...>-17414 [004] ....  6973.810403: do_swap_page: swapin tgid 6085 pid 17414 name "Binder:6085_6" vma 7fbe24e000
 droid.launcher3-1981  [004] ....  6973.810438: do_swap_page: swapin tgid 1981 pid 1981 name "droid.launcher3" vma 7f289cd000
 droid.launcher3-1981  [004] ....  6973.810444: do_swap_page: swapin tgid 1981 pid 1981 name "droid.launcher3" vma 7f28b35000
    android.anim-1358  [004] ....  6973.810474: do_swap_page: swapin tgid 1333 pid 1358 name "android.anim" vma 9eb3d000
    android.anim-1358  [004] ....  6973.810580: do_swap_page: swapin tgid 1333 pid 1358 name "android.anim" vma 9eb43000
 droid.launcher3-1981  [004] ....  6973.810671: do_swap_page: swapin tgid 1981 pid 1981 name "droid.launcher3" vma 7f28b35000
 droid.launcher3-1981  [004] ....  6973.810676: do_swap_page: swapin tgid 1981 pid 1981 name "droid.launcher3" vma 7f289be000
 droid.launcher3-1981  [004] ....  6973.810679: do_swap_page: swapin tgid 1981 pid 1981 name "droid.launcher3" vma 7f28bd9000
           <...>-17414 [004] ....  6973.810722: do_swap_page: swapin tgid 6085 pid 17414 name "Binder:6085_6" vma 7fbe24e000
           <...>-17414 [004] ....  6973.810731: do_swap_page: swapin tgid 6085 pid 17414 name "Binder:6085_6" vma 7fbdb5f000
           <...>-17414 [004] ....  6973.810735: do_swap_page: swapin tgid 6085 pid 17414 name "Binder:6085_6" vma 7f2acd7000
           <...>-17414 [004] ....  6973.810740: do_swap_page: swapin tgid 6085 pid 17414 name "Binder:6085_6" vma 7f34eef000
           <...>-17414 [004] ....  6973.810742: do_swap_page: swapin tgid 6085 pid 17414 name "Binder:6085_6" vma 12c85000
           <...>-17414 [004] ....  6973.810749: do_swap_page: swapin tgid 6085 pid 17414 name "Binder:6085_6" vma 7fbe1e7000
           <...>-2426  [004] ....  6973.810762: do_swap_page: swapin tgid 1928 pid 2426 name "Binder:1928_4" vma 7fbe1e7000
           <...>-2426  [004] ....  6973.810768: do_swap_page: swapin tgid 1928 pid 2426 name "Binder:1928_4" vma 7fbe17f000
           <...>-5406  [004] ....  6973.810816: do_swap_page: swapin tgid 5406 pid 5406 name "droid.bluetooth" vma 7fbe1f9000
           <...>-2770  [004] ....  6973.810846: do_swap_page: swapin tgid 2740 pid 2770 name "Binder:2740_3" vma 7f2d16b000
           <...>-2770  [004] ....  6973.810852: do_swap_page: swapin tgid 2740 pid 2770 name "Binder:2740_3" vma 7f39800000
 droid.launcher3-1981  [004] ....  6973.810885: do_swap_page: swapin tgid 1981 pid 1981 name "droid.launcher3" vma 7f28bd9000
 droid.launcher3-1981  [004] ....  6973.810920: do_swap_page: swapin tgid 1981 pid 1981 name "droid.launcher3" vma 9e8a0000
           <...>-2434  [004] ....  6973.810968: do_swap_page: swapin tgid 2405 pid 2434 name "Binder:2405_3" vma 7fbe20a000
           <...>-2434  [004] ....  6973.810977: do_swap_page: swapin tgid 2405 pid 2434 name "Binder:2405_3" vma 7fbd2d4000
           <...>-2434  [004] ....  6973.810980: do_swap_page: swapin tgid 2405 pid 2434 name "Binder:2405_3" vma 7fbd2d0000
           <...>-17414 [004] ....  6973.811027: do_swap_page: swapin tgid 6085 pid 17414 name "Binder:6085_6" vma 7fbe1e7000
           <...>-17414 [004] ....  6973.811032: do_swap_page: swapin tgid 6085 pid 17414 name "Binder:6085_6" vma 7fbe17f000
           <...>-2791  [004] ....  6973.811048: do_swap_page: swapin tgid 1852 pid 2791 name "Binder:1852_4" vma 7fbd2d0000
           <...>-2791  [004] ....  6973.811057: do_swap_page: swapin tgid 1852 pid 2791 name "Binder:1852_4" vma 7f2da0b000
           <...>-2791  [004] ....  6973.811059: do_swap_page: swapin tgid 1852 pid 2791 name "Binder:1852_4" vma 7f28b1c000
           <...>-2791  [004] ....  6973.811063: do_swap_page: swapin tgid 1852 pid 2791 name "Binder:1852_4" vma 7fbe1d3000
           <...>-2791  [004] ....  6973.811086: do_swap_page: swapin tgid 1852 pid 2791 name "Binder:1852_4" vma 7f28b58000
           <...>-2791  [004] ....  6973.811091: do_swap_page: swapin tgid 1852 pid 2791 name "Binder:1852_4" vma 7f2d145000
 droid.launcher3-1981  [004] ....  6973.811143: do_swap_page: swapin tgid 1981 pid 1981 name "droid.launcher3" vma 9e8a0000
 droid.launcher3-1981  [004] ....  6973.811164: do_swap_page: swapin tgid 1981 pid 1981 name "droid.launcher3" vma 9e8ad000
           <...>-1750  [004] ....  6973.811192: do_swap_page: swapin tgid 1730 pid 1750 name "Binder:1730_2" vma 7f2d16b000
           <...>-1750  [004] ....  6973.811199: do_swap_page: swapin tgid 1730 pid 1750 name "Binder:1730_2" vma 7f39800000
           <...>-2214  [004] ....  6973.811223: do_swap_page: swapin tgid 1760 pid 2214 name "Binder:1760_4" vma 7fbe20a000
           <...>-2214  [004] ....  6973.811248: do_swap_page: swapin tgid 1760 pid 2214 name "Binder:1760_4" vma 7fbd2d4000
           <...>-2214  [004] ....  6973.811250: do_swap_page: swapin tgid 1760 pid 2214 name "Binder:1760_4" vma 7fbd2d0000
           <...>-2426  [004] ....  6973.811280: do_swap_page: swapin tgid 1928 pid 2426 name "Binder:1928_4" vma 7fbe17f000
           <...>-2426  [004] ....  6973.811286: do_swap_page: swapin tgid 1928 pid 2426 name "Binder:1928_4" vma 7fbe20a000
 droid.launcher3-1981  [004] ....  6973.811330: do_swap_page: swapin tgid 1981 pid 1981 name "droid.launcher3" vma 9e8ad000
 droid.launcher3-1981  [004] ....  6973.811335: do_swap_page: swapin tgid 1981 pid 1981 name "droid.launcher3" vma 9e904000
           <...>-17414 [004] ....  6973.811365: do_swap_page: swapin tgid 6085 pid 17414 name "Binder:6085_6" vma 7fbe17f000
           <...>-17414 [004] ....  6973.811371: do_swap_page: swapin tgid 6085 pid 17414 name "Binder:6085_6" vma 7fbe20a000
           <...>-4032  [004] ....  6973.811388: do_swap_page: swapin tgid 2460 pid 4032 name "Binder:2460_4" vma 7f2d16b000
           <...>-4032  [004] ....  6973.811397: do_swap_page: swapin tgid 2460 pid 4032 name "Binder:2460_4" vma 7f39800000
           <...>-2473  [004] ....  6973.811441: do_swap_page: swapin tgid 2432 pid 2473 name "Binder:2432_3" vma 7fbd2d0000
           <...>-2473  [004] ....  6973.811448: do_swap_page: swapin tgid 2432 pid 2473 name "Binder:2432_3" vma 7f2895f000
           <...>-2473  [004] ....  6973.811451: do_swap_page: swapin tgid 2432 pid 2473 name "Binder:2432_3" vma 7f28b1c000
           <...>-2473  [004] ....  6973.811454: do_swap_page: swapin tgid 2432 pid 2473 name "Binder:2432_3" vma 7fbe1d3000
           <...>-2473  [004] ....  6973.811459: do_swap_page: swapin tgid 2432 pid 2473 name "Binder:2432_3" vma 7f28b56000
           <...>-2473  [004] ....  6973.811463: do_swap_page: swapin tgid 2432 pid 2473 name "Binder:2432_3" vma 7f2d145000
    android.anim-1358  [004] .n..  6973.811529: do_swap_page: swapin tgid 1333 pid 1358 name "android.anim" vma 9eb43000
 droid.launcher3-1981  [004] ....  6973.811534: do_swap_page: swapin tgid 1981 pid 1981 name "droid.launcher3" vma 9e904000
 droid.launcher3-1981  [004] ....  6973.811540: do_swap_page: swapin tgid 1981 pid 1981 name "droid.launcher3" vma 9e8b6000
    android.anim-1358  [004] ....  6973.811583: do_swap_page: swapin tgid 1333 pid 1358 name "android.anim" vma 9e9f8000
 ScreenDecoratio-2174  [004] ....  6973.811626: do_swap_page: swapin tgid 1648 pid 2174 name "ScreenDecoratio" vma 9ea93000
 ScreenDecoratio-2174  [004] ....  6973.811634: do_swap_page: swapin tgid 1648 pid 2174 name "ScreenDecoratio" vma 9e8c6000
 ScreenDecoratio-2174  [004] ....  6973.811650: do_swap_page: swapin tgid 1648 pid 2174 name "ScreenDecoratio" vma 13def000
 ScreenDecoratio-2174  [004] ....  6973.811660: do_swap_page: swapin tgid 1648 pid 2174 name "ScreenDecoratio" vma 136ed000
 ScreenDecoratio-2174  [004] ....  6973.811667: do_swap_page: swapin tgid 1648 pid 2174 name "ScreenDecoratio" vma 7fbe1d5000
 ScreenDecoratio-2174  [004] ....  6973.811687: do_swap_page: swapin tgid 1648 pid 2174 name "ScreenDecoratio" vma 7ec3e3e000
           <...>-17414 [004] ....  6973.811729: do_swap_page: swapin tgid 6085 pid 17414 name "Binder:6085_6" vma 7fbe20a000
           <...>-17414 [004] ....  6973.811735: do_swap_page: swapin tgid 6085 pid 17414 name "Binder:6085_6" vma 7fbd2d4000
           <...>-17414 [004] ....  6973.811737: do_swap_page: swapin tgid 6085 pid 17414 name "Binder:6085_6" vma 7fbd2d0000
           <...>-2506  [004] ....  6973.811752: do_swap_page: swapin tgid 2479 pid 2506 name "Binder:2479_3" vma 7f39800000
           <...>-2506  [004] ....  6973.811780: do_swap_page: swapin tgid 2479 pid 2506 name "Binder:2479_3" vma 7f395f0000
 droid.launcher3-1981  [004] ....  6973.811817: do_swap_page: swapin tgid 1981 pid 1981 name "droid.launcher3" vma 9e8b6000
 droid.launcher3-1981  [004] ....  6973.811824: do_swap_page: swapin tgid 1981 pid 1981 name "droid.launcher3" vma 12e82000
 android.display-1357  [004] ....  6973.811850: do_swap_page: swapin tgid 1333 pid 1357 name "android.display" vma 7fbbf52000
 android.display-1357  [004] ....  6973.811934: do_swap_page: swapin tgid 1333 pid 1357 name "android.display" vma 9ea5a000
           <...>-17414 [004] ....  6973.811972: do_swap_page: swapin tgid 6085 pid 17414 name "Binder:6085_6" vma 7fbd2d0000
           <...>-17414 [004] ....  6973.811992: do_swap_page: swapin tgid 6085 pid 17414 name "Binder:6085_6" vma 7fbe314000
           <...>-17414 [004] ....  6973.811995: do_swap_page: swapin tgid 6085 pid 17414 name "Binder:6085_6" vma 7fbe315000
           <...>-17414 [004] ....  6973.811999: do_swap_page: swapin tgid 6085 pid 17414 name "Binder:6085_6" vma 7fbe1d3000
           <...>-17414 [004] ....  6973.812004: do_swap_page: swapin tgid 6085 pid 17414 name "Binder:6085_6" vma 7ecdd51000
           <...>-17414 [004] ....  6973.812008: do_swap_page: swapin tgid 6085 pid 17414 name "Binder:6085_6" vma 7f2d26e000
 droid.launcher3-1981  [004] ....  6973.812045: do_swap_page: swapin tgid 1981 pid 1981 name "droid.launcher3" vma 12e82000
 droid.launcher3-1981  [004] ....  6973.812086: do_swap_page: swapin tgid 1981 pid 1981 name "droid.launcher3" vma 12eac000
 droid.launcher3-1981  [004] ....  6973.812096: do_swap_page: swapin tgid 1981 pid 1981 name "droid.launcher3" vma 9e87c000
           <...>-2770  [004] ....  6973.812165: do_swap_page: swapin tgid 2740 pid 2770 name "Binder:2740_3" vma 7f39800000
           <...>-2770  [004] ....  6973.812178: do_swap_page: swapin tgid 2740 pid 2770 name "Binder:2740_3" vma 145cb000
           <...>-2770  [004] ....  6973.812183: do_swap_page: swapin tgid 2740 pid 2770 name "Binder:2740_3" vma 7f35066000
           <...>-2770  [004] ....  6973.812186: do_swap_page: swapin tgid 2740 pid 2770 name "Binder:2740_3" vma 72823000
 droid.launcher3-1981  [004] ....  6973.812232: do_swap_page: swapin tgid 1981 pid 1981 name "droid.launcher3" vma 9e87c000
 droid.launcher3-1981  [004] ....  6973.812243: do_swap_page: swapin tgid 1981 pid 1981 name "droid.launcher3" vma 9e856000
 droid.launcher3-1981  [004] ....  6973.812258: do_swap_page: swapin tgid 1981 pid 1981 name "droid.launcher3" vma 7fbe260000
 droid.launcher3-1981  [004] ....  6973.812264: do_swap_page: swapin tgid 1981 pid 1981 name "droid.launcher3" vma 7fbe1a4000
 droid.launcher3-1981  [004] ....  6973.812287: do_swap_page: swapin tgid 1981 pid 1981 name "droid.launcher3" vma 9e806000
           <...>-5406  [004] ....  6973.812330: do_swap_page: swapin tgid 5406 pid 5406 name "droid.bluetooth" vma 7fbe1f9000
           <...>-5406  [004] ....  6973.812339: do_swap_page: swapin tgid 5406 pid 5406 name "droid.bluetooth" vma 13f04000
 m.android.phone-1868  [004] ....  6973.812364: do_swap_page: swapin tgid 1868 pid 1868 name "m.android.phone" vma 728b1000
 m.android.phone-1868  [004] ....  6973.812374: do_swap_page: swapin tgid 1868 pid 1868 name "m.android.phone" vma 7284a000
 m.android.phone-1868  [004] ....  6973.812385: do_swap_page: swapin tgid 1868 pid 1868 name "m.android.phone" vma 7281f000
 m.android.phone-1868  [004] ....  6973.812389: do_swap_page: swapin tgid 1868 pid 1868 name "m.android.phone" vma 728ca000
           <...>-17414 [004] ....  6973.812427: do_swap_page: swapin tgid 6085 pid 17414 name "Binder:6085_6" vma 7f2d26e000
           <...>-17414 [004] ....  6973.812432: do_swap_page: swapin tgid 6085 pid 17414 name "Binder:6085_6" vma 7f39800000
 droid.launcher3-1981  [004] ....  6973.812455: do_swap_page: swapin tgid 1981 pid 1981 name "droid.launcher3" vma 9e806000
 droid.launcher3-1981  [004] ....  6973.812460: do_swap_page: swapin tgid 1981 pid 1981 name "droid.launcher3" vma 13c1f000
 droid.launcher3-1981  [004] ....  6973.812462: do_swap_page: swapin tgid 1981 pid 1981 name "droid.launcher3" vma 9e8b2000
    android.anim-1358  [004] ....  6973.812514: do_swap_page: swapin tgid 1333 pid 1358 name "android.anim" vma 9e9f8000
 droid.launcher3-1981  [004] ....  6973.812588: do_swap_page: swapin tgid 1981 pid 1981 name "droid.launcher3" vma 9e8b2000
 droid.launcher3-1981  [004] ....  6973.812593: do_swap_page: swapin tgid 1981 pid 1981 name "droid.launcher3" vma 9e908000
    android.anim-1358  [004] ....  6973.812633: do_swap_page: swapin tgid 1333 pid 1358 name "android.anim" vma 7eb4d59000
    android.anim-1358  [004] ....  6973.812641: do_swap_page: swapin tgid 1333 pid 1358 name "android.anim" vma 7f28af4000
    android.anim-1358  [004] ....  6973.812653: do_swap_page: swapin tgid 1333 pid 1358 name "android.anim" vma 7eb4ea3000
    android.anim-1358  [004] ....  6973.812657: do_swap_page: swapin tgid 1333 pid 1358 name "android.anim" vma 7f28b20000
    android.anim-1358  [004] ....  6973.812662: do_swap_page: swapin tgid 1333 pid 1358 name "android.anim" vma 7f3982e000
    android.anim-1358  [004] ....  6973.812676: do_swap_page: swapin tgid 1333 pid 1358 name "android.anim" vma 7eb4241000
    android.anim-1358  [004] ....  6973.812683: do_swap_page: swapin tgid 1333 pid 1358 name "android.anim" vma 7e63849000
    android.anim-1358  [004] ....  6973.812687: do_swap_page: swapin tgid 1333 pid 1358 name "android.anim" vma 7eb4e32000
    android.anim-1358  [004] ....  6973.812692: do_swap_page: swapin tgid 1333 pid 1358 name "android.anim" vma 7eb4688000
    android.anim-1358  [004] ....  6973.812698: do_swap_page: swapin tgid 1333 pid 1358 name "android.anim" vma 1410a000
    android.anim-1358  [004] ....  6973.812703: do_swap_page: swapin tgid 1333 pid 1358 name "android.anim" vma 9ea57000
           <...>-2434  [004] ....  6973.812732: do_swap_page: swapin tgid 2405 pid 2434 name "Binder:2405_3" vma 7fbd2d0000
           <...>-2434  [004] ....  6973.812739: do_swap_page: swapin tgid 2405 pid 2434 name "Binder:2405_3" vma 7f2895f000
 droid.launcher3-1981  [004] ....  6973.812767: do_swap_page: swapin tgid 1981 pid 1981 name "droid.launcher3" vma 9e908000
 droid.launcher3-1981  [004] ....  6973.812777: do_swap_page: swapin tgid 1981 pid 1981 name "droid.launcher3" vma 9e947000
           <...>-2434  [004] ....  6973.812803: do_swap_page: swapin tgid 2405 pid 2434 name "Binder:2405_3" vma 7f28b1c000
           <...>-2434  [004] ....  6973.812809: do_swap_page: swapin tgid 2405 pid 2434 name "Binder:2405_3" vma 7fbe1d3000
           <...>-2434  [004] ....  6973.812814: do_swap_page: swapin tgid 2405 pid 2434 name "Binder:2405_3" vma 7fbe1db000
           <...>-2434  [004] ....  6973.812818: do_swap_page: swapin tgid 2405 pid 2434 name "Binder:2405_3" vma 7f395f0000
           <...>-17414 [004] ....  6973.812868: do_swap_page: swapin tgid 6085 pid 17414 name "Binder:6085_6" vma 7f39800000
           <...>-17414 [004] ....  6973.812877: do_swap_page: swapin tgid 6085 pid 17414 name "Binder:6085_6" vma 7f395f0000
           <...>-1750  [004] ....  6973.812892: do_swap_page: swapin tgid 1730 pid 1750 name "Binder:1730_2" vma 7f39800000
           <...>-1750  [004] ....  6973.812905: do_swap_page: swapin tgid 1730 pid 1750 name "Binder:1730_2" vma 1314a000
           <...>-1750  [004] ....  6973.812910: do_swap_page: swapin tgid 1730 pid 1750 name "Binder:1730_2" vma 7f34eef000
 droid.launcher3-1981  [004] ....  6973.812934: do_swap_page: swapin tgid 1981 pid 1981 name "droid.launcher3" vma 9e947000
 droid.launcher3-1981  [004] ....  6973.812939: do_swap_page: swapin tgid 1981 pid 1981 name "droid.launcher3" vma 9e95e000
           <...>-1750  [004] ....  6973.812960: do_swap_page: swapin tgid 1730 pid 1750 name "Binder:1730_2" vma 7f35066000
           <...>-1750  [004] ....  6973.812966: do_swap_page: swapin tgid 1730 pid 1750 name "Binder:1730_2" vma 72823000
           <...>-4032  [004] ....  6973.812992: do_swap_page: swapin tgid 2460 pid 4032 name "Binder:2460_4" vma 7f39800000
           <...>-4032  [004] ....  6973.813005: do_swap_page: swapin tgid 2460 pid 4032 name "Binder:2460_4" vma 13fc0000
           <...>-2426  [004] ....  6973.813051: do_swap_page: swapin tgid 1928 pid 2426 name "Binder:1928_4" vma 7fbe20a000
           <...>-2426  [004] ....  6973.813060: do_swap_page: swapin tgid 1928 pid 2426 name "Binder:1928_4" vma 7fbd2d4000
           <...>-2426  [004] ....  6973.813061: do_swap_page: swapin tgid 1928 pid 2426 name "Binder:1928_4" vma 7fbd2d0000
           <...>-2214  [004] ....  6973.813083: do_swap_page: swapin tgid 1760 pid 2214 name "Binder:1760_4" vma 7fbd2d0000
           <...>-2214  [004] ....  6973.813092: do_swap_page: swapin tgid 1760 pid 2214 name "Binder:1760_4" vma 7f28aff000
           <...>-2214  [004] ....  6973.813094: do_swap_page: swapin tgid 1760 pid 2214 name "Binder:1760_4" vma 7f28b00000
           <...>-2214  [004] ....  6973.813100: do_swap_page: swapin tgid 1760 pid 2214 name "Binder:1760_4" vma 7f2d695000
 droid.launcher3-1981  [004] ....  6973.813126: do_swap_page: swapin tgid 1981 pid 1981 name "droid.launcher3" vma 9e95e000
 droid.launcher3-1981  [004] ....  6973.813132: do_swap_page: swapin tgid 1981 pid 1981 name "droid.launcher3" vma 9e957000
           <...>-2214  [004] ....  6973.813160: do_swap_page: swapin tgid 1760 pid 2214 name "Binder:1760_4" vma 7f2d61e000
           <...>-2214  [004] ....  6973.813167: do_swap_page: swapin tgid 1760 pid 2214 name "Binder:1760_4" vma 7f2d16b000
           <...>-2791  [004] ....  6973.813191: do_swap_page: swapin tgid 1852 pid 2791 name "Binder:1852_4" vma 7f2d145000
           <...>-2791  [004] ....  6973.813198: do_swap_page: swapin tgid 1852 pid 2791 name "Binder:1852_4" vma 7f39800000
 android.display-1357  [004] ....  6973.813240: do_swap_page: swapin tgid 1333 pid 1357 name "android.display" vma 9ea5a000
           <...>-2506  [004] ....  6973.813256: do_swap_page: swapin tgid 2479 pid 2506 name "Binder:2479_3" vma 7f395f0000
           <...>-2506  [004] ....  6973.813283: do_swap_page: swapin tgid 2479 pid 2506 name "Binder:2479_3" vma 13f87000
           <...>-2506  [004] ....  6973.813288: do_swap_page: swapin tgid 2479 pid 2506 name "Binder:2479_3" vma 7f35066000
           <...>-2506  [004] ....  6973.813291: do_swap_page: swapin tgid 2479 pid 2506 name "Binder:2479_3" vma 72823000
           <...>-17414 [004] ....  6973.813321: do_swap_page: swapin tgid 6085 pid 17414 name "Binder:6085_6" vma 7f395f0000
           <...>-17414 [004] ....  6973.813328: do_swap_page: swapin tgid 6085 pid 17414 name "Binder:6085_6" vma 12c82000
 droid.launcher3-1981  [004] ....  6973.813367: do_swap_page: swapin tgid 1981 pid 1981 name "droid.launcher3" vma 9e957000
 droid.launcher3-1981  [004] ....  6973.813392: do_swap_page: swapin tgid 1981 pid 1981 name "droid.launcher3" vma 9e95d000
           <...>-2473  [004] ....  6973.813426: do_swap_page: swapin tgid 2432 pid 2473 name "Binder:2432_3" vma 7f2d145000
           <...>-2473  [004] ....  6973.813453: do_swap_page: swapin tgid 2432 pid 2473 name "Binder:2432_3" vma 7f39800000
           <...>-10038 [004] ....  6973.813478: do_swap_page: swapin tgid 10023 pid 10038 name "Binder:10023_2" vma 7fb9f9d000
           <...>-10038 [004] ....  6973.813487: do_swap_page: swapin tgid 10023 pid 10038 name "Binder:10023_2" vma 7fbe2f1000
           <...>-10038 [004] ....  6973.813491: do_swap_page: swapin tgid 10023 pid 10038 name "Binder:10023_2" vma 7fbe241000
           <...>-5406  [004] ....  6973.813508: do_swap_page: swapin tgid 5406 pid 5406 name "droid.bluetooth" vma 13f04000
           <...>-5406  [004] ....  6973.813514: do_swap_page: swapin tgid 5406 pid 5406 name "droid.bluetooth" vma 13f12000
           <...>-2770  [004] ....  6973.813554: do_swap_page: swapin tgid 2740 pid 2770 name "Binder:2740_3" vma 72823000
 m.android.phone-1868  [004] ....  6973.813582: do_swap_page: swapin tgid 1868 pid 1868 name "m.android.phone" vma 728ca000
 m.android.phone-1868  [004] ....  6973.813592: do_swap_page: swapin tgid 1868 pid 1868 name "m.android.phone" vma 7fbb5bf000
 m.android.phone-1868  [004] ....  6973.813602: do_swap_page: swapin tgid 1868 pid 1868 name "m.android.phone" vma 7fbe243000
 droid.launcher3-1981  [004] ....  6973.813646: do_swap_page: swapin tgid 1981 pid 1981 name "droid.launcher3" vma 9e95d000
 droid.launcher3-1981  [004] ....  6973.813652: do_swap_page: swapin tgid 1981 pid 1981 name "droid.launcher3" vma 9e955000
           <...>-2426  [004] ....  6973.813679: do_swap_page: swapin tgid 1928 pid 2426 name "Binder:1928_4" vma 7fbd2d0000
           <...>-2426  [004] ....  6973.813686: do_swap_page: swapin tgid 1928 pid 2426 name "Binder:1928_4" vma 7f28bbc000
           <...>-2426  [004] ....  6973.813688: do_swap_page: swapin tgid 1928 pid 2426 name "Binder:1928_4" vma 7f28bbd000
           <...>-2426  [004] ....  6973.813692: do_swap_page: swapin tgid 1928 pid 2426 name "Binder:1928_4" vma 7f2d674000
           <...>-2426  [004] ....  6973.813696: do_swap_page: swapin tgid 1928 pid 2426 name "Binder:1928_4" vma 7f2d78a000
           <...>-2426  [004] ....  6973.813699: do_swap_page: swapin tgid 1928 pid 2426 name "Binder:1928_4" vma 7f2d16b000
           <...>-2791  [004] ....  6973.813749: do_swap_page: swapin tgid 1852 pid 2791 name "Binder:1852_4" vma 7f39800000
           <...>-2791  [004] ....  6973.813760: do_swap_page: swapin tgid 1852 pid 2791 name "Binder:1852_4" vma 7f395f0000
           <...>-4032  [004] ....  6973.813782: do_swap_page: swapin tgid 2460 pid 4032 name "Binder:2460_4" vma 13fc0000
 droid.launcher3-1981  [004] ....  6973.813816: do_swap_page: swapin tgid 1981 pid 1981 name "droid.launcher3" vma 9e955000
 droid.launcher3-1981  [004] ....  6973.813906: do_swap_page: swapin tgid 1981 pid 1981 name "droid.launcher3" vma 12e92000
 droid.launcher3-1981  [004] ....  6973.813914: do_swap_page: swapin tgid 1981 pid 1981 name "droid.launcher3" vma 7ecdca0000
           <...>-2503  [004] ....  6973.813933: do_swap_page: swapin tgid 1981 pid 2503 name "RenderThread" vma 7f2d732000
 droid.launcher3-1981  [004] ....  6973.813948: do_swap_page: swapin tgid 1981 pid 1981 name "droid.launcher3" vma 9e891000
           <...>-17414 [004] ....  6973.814021: do_swap_page: swapin tgid 6085 pid 17414 name "Binder:6085_6" vma 12c82000
           <...>-17414 [004] ....  6973.814027: do_swap_page: swapin tgid 6085 pid 17414 name "Binder:6085_6" vma 12cb8000
           <...>-17414 [004] ....  6973.814032: do_swap_page: swapin tgid 6085 pid 17414 name "Binder:6085_6" vma 7f35066000
 droid.launcher3-1981  [004] ....  6973.814063: do_swap_page: swapin tgid 1981 pid 1981 name "droid.launcher3" vma 9e891000
 droid.launcher3-1981  [004] ....  6973.814067: do_swap_page: swapin tgid 1981 pid 1981 name "droid.launcher3" vma 9e93c000
           <...>-17414 [004] ....  6973.814094: do_swap_page: swapin tgid 6085 pid 17414 name "Binder:6085_6" vma 72823000
           <...>-2434  [004] ....  6973.814112: do_swap_page: swapin tgid 2405 pid 2434 name "Binder:2405_3" vma 7f395f0000
           <...>-2434  [004] ....  6973.814118: do_swap_page: swapin tgid 2405 pid 2434 name "Binder:2405_3" vma 7f39800000
    android.anim-1358  [004] ....  6973.814145: do_swap_page: swapin tgid 1333 pid 1358 name "android.anim" vma 9ea57000
 droid.launcher3-1981  [004] ....  6973.814213: do_swap_page: swapin tgid 1981 pid 1981 name "droid.launcher3" vma 9e93c000
 droid.launcher3-1981  [004] ....  6973.814218: do_swap_page: swapin tgid 1981 pid 1981 name "droid.launcher3" vma 9e8e8000
    android.anim-1358  [004] ....  6973.814274: do_swap_page: swapin tgid 1333 pid 1358 name "android.anim" vma 7eb4ea4000
    android.anim-1358  [004] ....  6973.814290: do_swap_page: swapin tgid 1333 pid 1358 name "android.anim" vma 7e6914c000
    android.anim-1358  [004] ....  6973.814309: do_swap_page: swapin tgid 1333 pid 1358 name "android.anim" vma 7eb4d95000
    android.anim-1358  [004] ....  6973.814353: do_swap_page: swapin tgid 1333 pid 1358 name "android.anim" vma 7f28b5a000
    android.anim-1358  [004] ....  6973.814360: do_swap_page: swapin tgid 1333 pid 1358 name "android.anim" vma 7eb506c000
    android.anim-1358  [004] ....  6973.814367: do_swap_page: swapin tgid 1333 pid 1358 name "android.anim" vma 7e8374f000
    android.anim-1358  [004] ....  6973.814373: do_swap_page: swapin tgid 1333 pid 1358 name "android.anim" vma 7fbe18f000
 droid.launcher3-1981  [004] ....  6973.814406: do_swap_page: swapin tgid 1981 pid 1981 name "droid.launcher3" vma 9e8e8000
 droid.launcher3-1981  [004] ....  6973.814433: do_swap_page: swapin tgid 1981 pid 1981 name "droid.launcher3" vma 9e900000
           <...>-10038 [004] ....  6973.814482: do_swap_page: swapin tgid 10023 pid 10038 name "Binder:10023_2" vma 7fbe241000
           <...>-10038 [004] ....  6973.814490: do_swap_page: swapin tgid 10023 pid 10038 name "Binder:10023_2" vma 7fbe1e9000
    Binder:600_3-747   [004] ....  6973.814517: do_swap_page: swapin tgid 600 pid 747 name "Binder:600_3" vma 7faa6fc000
    Binder:600_3-747   [004] ....  6973.814524: do_swap_page: swapin tgid 600 pid 747 name "Binder:600_3" vma 7fba694000
    Binder:600_3-747   [004] ....  6973.814575: do_swap_page: swapin tgid 600 pid 747 name "Binder:600_3" vma 7fba695000
 droid.launcher3-1981  [004] ....  6973.814627: do_swap_page: swapin tgid 1981 pid 1981 name "droid.launcher3" vma 9e900000
 droid.launcher3-1981  [004] ....  6973.814636: do_swap_page: swapin tgid 1981 pid 1981 name "droid.launcher3" vma 9e827000
           <...>-2473  [004] ....  6973.814665: do_swap_page: swapin tgid 2432 pid 2473 name "Binder:2432_3" vma 7f39800000
           <...>-2473  [004] ....  6973.814680: do_swap_page: swapin tgid 2432 pid 2473 name "Binder:2432_3" vma 7f395f0000
           <...>-5406  [004] ....  6973.814704: do_swap_page: swapin tgid 5406 pid 5406 name "droid.bluetooth" vma 13f12000
 droid.launcher3-1981  [004] ....  6973.814760: do_swap_page: swapin tgid 1981 pid 1981 name "droid.launcher3" vma 9e827000
 droid.launcher3-1981  [004] ....  6973.814766: do_swap_page: swapin tgid 1981 pid 1981 name "droid.launcher3" vma 9e8fa000
 droid.launcher3-1981  [004] ....  6973.814769: do_swap_page: swapin tgid 1981 pid 1981 name "droid.launcher3" vma 9e8a9000
           <...>-5406  [004] ....  6973.814801: do_swap_page: swapin tgid 5406 pid 5406 name "droid.bluetooth" vma 7f28aca000
           <...>-5406  [004] ....  6973.814817: do_swap_page: swapin tgid 5406 pid 5406 name "droid.bluetooth" vma 7fbe1cb000
           <...>-1750  [004] ....  6973.814859: do_swap_page: swapin tgid 1730 pid 1750 name "Binder:1730_2" vma 72823000
           <...>-1750  [004] ....  6973.814876: do_swap_page: swapin tgid 1730 pid 1750 name "Binder:1730_2" vma 7f2d682000
 droid.launcher3-1981  [004] ....  6973.814928: do_swap_page: swapin tgid 1981 pid 1981 name "droid.launcher3" vma 9e8a9000
 droid.launcher3-1981  [004] ....  6973.814957: do_swap_page: swapin tgid 1981 pid 1981 name "droid.launcher3" vma 9e953000
           <...>-17414 [004] ....  6973.814980: do_swap_page: swapin tgid 6085 pid 17414 name "Binder:6085_6" vma 72823000
 ScreenDecoratio-2174  [004] ....  6973.815004: do_swap_page: swapin tgid 1648 pid 2174 name "ScreenDecoratio" vma 7ec3e3e000
 ScreenDecoratio-2174  [004] ....  6973.815035: do_swap_page: swapin tgid 1648 pid 2174 name "ScreenDecoratio" vma 7ec3c80000
 droid.launcher3-1981  [004] ....  6973.815075: do_swap_page: swapin tgid 1981 pid 1981 name "droid.launcher3" vma 9e953000
 droid.launcher3-1981  [004] ....  6973.815101: do_swap_page: swapin tgid 1981 pid 1981 name "droid.launcher3" vma 13019000
 droid.launcher3-1981  [004] ....  6973.815120: do_swap_page: swapin tgid 1981 pid 1981 name "droid.launcher3" vma 9e89e000
           <...>-4032  [004] ....  6973.815186: do_swap_page: swapin tgid 2460 pid 4032 name "Binder:2460_4" vma 13fd1000
           <...>-4032  [004] ....  6973.815192: do_swap_page: swapin tgid 2460 pid 4032 name "Binder:2460_4" vma 13fd0000
           <...>-2506  [004] ....  6973.815221: do_swap_page: swapin tgid 2479 pid 2506 name "Binder:2479_3" vma 72823000
 droid.launcher3-1981  [004] ....  6973.815263: do_swap_page: swapin tgid 1981 pid 1981 name "droid.launcher3" vma 9e89e000
 droid.launcher3-1981  [004] ....  6973.815269: do_swap_page: swapin tgid 1981 pid 1981 name "droid.launcher3" vma 9e8ae000
           <...>-10038 [004] ....  6973.815372: do_swap_page: swapin tgid 10023 pid 10038 name "Binder:10023_2" vma 7fbe1e9000
           <...>-10038 [004] ....  6973.815380: do_swap_page: swapin tgid 10023 pid 10038 name "Binder:10023_2" vma 7f393d8000
 droid.launcher3-1981  [004] ....  6973.815428: do_swap_page: swapin tgid 1981 pid 1981 name "droid.launcher3" vma 9e8ae000
 droid.launcher3-1981  [004] ....  6973.815433: do_swap_page: swapin tgid 1981 pid 1981 name "droid.launcher3" vma 9e817000
           <...>-2214  [004] ....  6973.815459: do_swap_page: swapin tgid 1760 pid 2214 name "Binder:1760_4" vma 7f2d16b000
           <...>-2214  [004] ....  6973.815467: do_swap_page: swapin tgid 1760 pid 2214 name "Binder:1760_4" vma 7f39800000
           <...>-2791  [004] ....  6973.815489: do_swap_page: swapin tgid 1852 pid 2791 name "Binder:1852_4" vma 7f395f0000
           <...>-2791  [004] ....  6973.815501: do_swap_page: swapin tgid 1852 pid 2791 name "Binder:1852_4" vma 13280000
           <...>-2434  [004] .n..  6973.815542: do_swap_page: swapin tgid 2405 pid 2434 name "Binder:2405_3" vma 7f39800000
 droid.launcher3-1981  [004] ....  6973.815548: do_swap_page: swapin tgid 1981 pid 1981 name "droid.launcher3" vma 9e817000
 droid.launcher3-1981  [004] ....  6973.815553: do_swap_page: swapin tgid 1981 pid 1981 name "droid.launcher3" vma 9e917000
           <...>-2434  [004] ....  6973.815607: do_swap_page: swapin tgid 2405 pid 2434 name "Binder:2405_3" vma 13f11000
           <...>-2434  [004] ....  6973.815613: do_swap_page: swapin tgid 2405 pid 2434 name "Binder:2405_3" vma 7f34ef3000
           <...>-2434  [004] ....  6973.815615: do_swap_page: swapin tgid 2405 pid 2434 name "Binder:2405_3" vma 7f35066000
           <...>-2434  [004] ....  6973.815618: do_swap_page: swapin tgid 2405 pid 2434 name "Binder:2405_3" vma 72823000
           <...>-2426  [004] ....  6973.815659: do_swap_page: swapin tgid 1928 pid 2426 name "Binder:1928_4" vma 7f2d16b000
           <...>-2426  [004] ....  6973.815666: do_swap_page: swapin tgid 1928 pid 2426 name "Binder:1928_4" vma 7f39800000
 m.android.phone-1868  [004] ....  6973.815690: do_swap_page: swapin tgid 1868 pid 1868 name "m.android.phone" vma 7fbe243000
 m.android.phone-1868  [004] ....  6973.815698: do_swap_page: swapin tgid 1868 pid 1868 name "m.android.phone" vma 7fbe211000
           <...>-2473  [004] ....  6973.815720: do_swap_page: swapin tgid 2432 pid 2473 name "Binder:2432_3" vma 7f395f0000
 droid.launcher3-1981  [004] ....  6973.815750: do_swap_page: swapin tgid 1981 pid 1981 name "droid.launcher3" vma 9e917000
 droid.launcher3-1981  [004] ....  6973.815759: do_swap_page: swapin tgid 1981 pid 1981 name "droid.launcher3" vma 9e911000
           <...>-2473  [004] ....  6973.815818: do_swap_page: swapin tgid 2432 pid 2473 name "Binder:2432_3" vma 14650000
           <...>-2473  [004] ....  6973.815824: do_swap_page: swapin tgid 2432 pid 2473 name "Binder:2432_3" vma 7f35066000
           <...>-2473  [004] ....  6973.815828: do_swap_page: swapin tgid 2432 pid 2473 name "Binder:2432_3" vma 72823000
