     logd.writer-567   [004] ....  8654.348848: do_swap_page: swapin tgid 555 pid 567 name "logd.writer" vma 7fbbe9f000
     logd.writer-567   [004] ....  8654.348850: do_swap_page: swapin tgid 555 pid 567 name "logd.writer" vma 7fbbee4000
     logd.writer-567   [004] ....  8654.348855: do_swap_page: swapin tgid 555 pid 567 name "logd.writer" vma 7fbbf14000
           <...>-855   [004] ....  8654.348938: do_swap_page: swapin tgid 855 pid 855 name "logcatd" vma 7fbd819000
 android.display-1357  [004] ....  8654.348998: do_swap_page: swapin tgid 1333 pid 1357 name "android.display" vma 9ea3c000
 android.display-1357  [004] ....  8654.349005: do_swap_page: swapin tgid 1333 pid 1357 name "android.display" vma 14275000
 android.display-1357  [004] ....  8654.349020: do_swap_page: swapin tgid 1333 pid 1357 name "android.display" vma 7eb4359000
 android.display-1357  [004] ....  8654.349024: do_swap_page: swapin tgid 1333 pid 1357 name "android.display" vma 7ed0c61000
 android.display-1357  [004] ....  8654.349081: do_swap_page: swapin tgid 1333 pid 1357 name "android.display" vma 13702000
 android.display-1357  [004] ....  8654.349087: do_swap_page: swapin tgid 1333 pid 1357 name "android.display" vma 14079000
 android.display-1357  [004] ....  8654.349262: do_swap_page: swapin tgid 1333 pid 1357 name "android.display" vma 14079000
 android.display-1357  [004] ....  8654.349265: do_swap_page: swapin tgid 1333 pid 1357 name "android.display" vma 1407a000
 android.display-1357  [004] ....  8654.349315: do_swap_page: swapin tgid 1333 pid 1357 name "android.display" vma 7f28a69000
 android.display-1357  [004] ....  8654.349319: do_swap_page: swapin tgid 1333 pid 1357 name "android.display" vma 7f28a7a000
 android.display-1357  [004] ....  8654.349334: do_swap_page: swapin tgid 1333 pid 1357 name "android.display" vma 7f2d670000
 android.display-1357  [004] ....  8654.349353: do_swap_page: swapin tgid 1333 pid 1357 name "android.display" vma 13927000
 android.display-1357  [004] ....  8654.349365: do_swap_page: swapin tgid 1333 pid 1357 name "android.display" vma 7f2d668000
 android.display-1357  [004] ....  8654.349395: do_swap_page: swapin tgid 1333 pid 1357 name "android.display" vma 7eb4d87000
 android.display-1357  [004] ....  8654.349438: do_swap_page: swapin tgid 1333 pid 1357 name "android.display" vma 14833000
 android.display-1357  [004] ....  8654.349445: do_swap_page: swapin tgid 1333 pid 1357 name "android.display" vma 7f2d6c8000
 android.display-1357  [004] ....  8654.349518: do_swap_page: swapin tgid 1333 pid 1357 name "android.display" vma 7e835b1000
 android.display-1357  [004] ....  8654.349541: do_swap_page: swapin tgid 1333 pid 1357 name "android.display" vma 7e835b5000
      android.bg-1362  [004] ....  8654.349573: do_swap_page: swapin tgid 1333 pid 1362 name "android.bg" vma 7ec8401000
      android.bg-1362  [004] ....  8654.349589: do_swap_page: swapin tgid 1333 pid 1362 name "android.bg" vma 7ec8402000
      android.bg-1362  [004] ....  8654.349591: do_swap_page: swapin tgid 1333 pid 1362 name "android.bg" vma 7ed0c68000
      android.bg-1362  [004] ....  8654.349596: do_swap_page: swapin tgid 1333 pid 1362 name "android.bg" vma 7ec83ff000
      android.bg-1362  [004] ....  8654.349603: do_swap_page: swapin tgid 1333 pid 1362 name "android.bg" vma 7f310fc000
      android.bg-1362  [004] ....  8654.349609: do_swap_page: swapin tgid 1333 pid 1362 name "android.bg" vma 9eb2a000
    AudioService-1540  [004] ....  8654.349643: do_swap_page: swapin tgid 1333 pid 1540 name "AudioService" vma 7e87d84000
    AudioService-1540  [004] ....  8654.349653: do_swap_page: swapin tgid 1333 pid 1540 name "AudioService" vma 7e87d85000
           <...>-5397  [004] ....  8654.349698: do_swap_page: swapin tgid 1648 pid 5397 name "Binder:1648_9" vma 7f293dc000
           <...>-5397  [004] ....  8654.349706: do_swap_page: swapin tgid 1648 pid 5397 name "Binder:1648_9" vma 7f293dd000
           <...>-1750  [004] ....  8654.349756: do_swap_page: swapin tgid 1730 pid 1750 name "Binder:1730_2" vma 7fbe2df000
           <...>-1750  [004] ....  8654.349796: do_swap_page: swapin tgid 1730 pid 1750 name "Binder:1730_2" vma 7fbe241000
   Binder:1760_4-2214  [004] ....  8654.349827: do_swap_page: swapin tgid 1760 pid 2214 name "Binder:1760_4" vma 7f2d668000
   Binder:1760_4-2214  [004] ....  8654.349834: do_swap_page: swapin tgid 1760 pid 2214 name "Binder:1760_4" vma 7f2daf8000
   Binder:1760_4-2214  [004] ....  8654.349837: do_swap_page: swapin tgid 1760 pid 2214 name "Binder:1760_4" vma 7f2daf9000
           <...>-2791  [004] ....  8654.349868: do_swap_page: swapin tgid 1852 pid 2791 name "Binder:1852_4" vma 7f28b4c000
           <...>-2791  [004] ....  8654.349895: do_swap_page: swapin tgid 1852 pid 2791 name "Binder:1852_4" vma 7ed05c2000
           <...>-2791  [004] ....  8654.349900: do_swap_page: swapin tgid 1852 pid 2791 name "Binder:1852_4" vma 7ed05c3000
   Binder:1868_3-1903  [004] ....  8654.349968: do_swap_page: swapin tgid 1868 pid 1903 name "Binder:1868_3" vma 7fbe241000
           <...>-2426  [004] ....  8654.350000: do_swap_page: swapin tgid 1928 pid 2426 name "Binder:1928_4" vma 7f2d668000
           <...>-2426  [004] ....  8654.350007: do_swap_page: swapin tgid 1928 pid 2426 name "Binder:1928_4" vma 7f28ef2000
           <...>-2426  [004] ....  8654.350011: do_swap_page: swapin tgid 1928 pid 2426 name "Binder:1928_4" vma 7f28ef3000
    AudioService-1540  [004] ....  8654.350036: do_swap_page: swapin tgid 1333 pid 1540 name "AudioService" vma 7e87d85000
    AudioService-1540  [004] ....  8654.350047: do_swap_page: swapin tgid 1333 pid 1540 name "AudioService" vma 7eb4fc9000
    AudioService-1540  [004] ....  8654.350051: do_swap_page: swapin tgid 1333 pid 1540 name "AudioService" vma 7eb4fca000
    AudioService-1540  [004] ....  8654.350054: do_swap_page: swapin tgid 1333 pid 1540 name "AudioService" vma 7e87d82000
           <...>-5397  [004] ....  8654.350080: do_swap_page: swapin tgid 1648 pid 5397 name "Binder:1648_9" vma 7f293dd000
           <...>-5397  [004] ....  8654.350106: do_swap_page: swapin tgid 1648 pid 5397 name "Binder:1648_9" vma 7f2d60c000
           <...>-5397  [004] ....  8654.350115: do_swap_page: swapin tgid 1648 pid 5397 name "Binder:1648_9" vma 7f2d617000
           <...>-5397  [004] ....  8654.350118: do_swap_page: swapin tgid 1648 pid 5397 name "Binder:1648_9" vma 7f2d63b000
           <...>-5397  [004] ....  8654.350124: do_swap_page: swapin tgid 1648 pid 5397 name "Binder:1648_9" vma 7f2d63c000
           <...>-5397  [004] ....  8654.350133: do_swap_page: swapin tgid 1648 pid 5397 name "Binder:1648_9" vma 7f293da000
   Binder:1760_4-2214  [004] ....  8654.350172: do_swap_page: swapin tgid 1760 pid 2214 name "Binder:1760_4" vma 7f2daf9000
   Binder:1760_4-2214  [004] ....  8654.350178: do_swap_page: swapin tgid 1760 pid 2214 name "Binder:1760_4" vma 7f2d685000
   Binder:1760_4-2214  [004] ....  8654.350183: do_swap_page: swapin tgid 1760 pid 2214 name "Binder:1760_4" vma 7fbe180000
   Binder:1760_4-2214  [004] ....  8654.350187: do_swap_page: swapin tgid 1760 pid 2214 name "Binder:1760_4" vma 7f2d67d000
           <...>-2791  [004] ....  8654.350209: do_swap_page: swapin tgid 1852 pid 2791 name "Binder:1852_4" vma 7ed05c3000
           <...>-2791  [004] ....  8654.350218: do_swap_page: swapin tgid 1852 pid 2791 name "Binder:1852_4" vma 7fbe222000
           <...>-2791  [004] ....  8654.350220: do_swap_page: swapin tgid 1852 pid 2791 name "Binder:1852_4" vma 7fbe180000
           <...>-2791  [004] ....  8654.350251: do_swap_page: swapin tgid 1852 pid 2791 name "Binder:1852_4" vma 7fbe22c000
           <...>-2791  [004] ....  8654.350254: do_swap_page: swapin tgid 1852 pid 2791 name "Binder:1852_4" vma 7f28ac2000
           <...>-1750  [004] ....  8654.350278: do_swap_page: swapin tgid 1730 pid 1750 name "Binder:1730_2" vma 7fbe241000
           <...>-1750  [004] ....  8654.350329: do_swap_page: swapin tgid 1730 pid 1750 name "Binder:1730_2" vma 7f2d61e000
           <...>-1750  [004] ....  8654.350340: do_swap_page: swapin tgid 1730 pid 1750 name "Binder:1730_2" vma 1314a000
   Binder:1868_3-1903  [004] ....  8654.350363: do_swap_page: swapin tgid 1868 pid 1903 name "Binder:1868_3" vma 7fbe241000
   Binder:1868_3-1903  [004] ....  8654.350445: do_swap_page: swapin tgid 1868 pid 1903 name "Binder:1868_3" vma 7ed1ca4000
   Binder:1868_3-1903  [004] ....  8654.350480: do_swap_page: swapin tgid 1868 pid 1903 name "Binder:1868_3" vma 14558000
 m.android.phone-1868  [004] ....  8654.350536: do_swap_page: swapin tgid 1868 pid 1868 name "m.android.phone" vma 14507000
 m.android.phone-1868  [004] ....  8654.350554: do_swap_page: swapin tgid 1868 pid 1868 name "m.android.phone" vma 14570000
 m.android.phone-1868  [004] ....  8654.350564: do_swap_page: swapin tgid 1868 pid 1868 name "m.android.phone" vma 144d0000
 m.android.phone-1868  [004] ....  8654.350576: do_swap_page: swapin tgid 1868 pid 1868 name "m.android.phone" vma 7ed1baf000
 m.android.phone-1868  [004] ....  8654.350579: do_swap_page: swapin tgid 1868 pid 1868 name "m.android.phone" vma 14546000
           <...>-2426  [004] ....  8654.350606: do_swap_page: swapin tgid 1928 pid 2426 name "Binder:1928_4" vma 7f28ef3000
           <...>-2426  [004] ....  8654.350612: do_swap_page: swapin tgid 1928 pid 2426 name "Binder:1928_4" vma 7f2d6a1000
           <...>-2426  [004] ....  8654.350617: do_swap_page: swapin tgid 1928 pid 2426 name "Binder:1928_4" vma 7fbe180000
           <...>-2426  [004] ....  8654.350621: do_swap_page: swapin tgid 1928 pid 2426 name "Binder:1928_4" vma 7f2d673000
   Binder:1760_4-2214  [004] ....  8654.350651: do_swap_page: swapin tgid 1760 pid 2214 name "Binder:1760_4" vma 7f2d67d000
   Binder:1760_4-2214  [004] ....  8654.350666: do_swap_page: swapin tgid 1760 pid 2214 name "Binder:1760_4" vma 7f2d615000
   Binder:1760_4-2214  [004] ....  8654.350668: do_swap_page: swapin tgid 1760 pid 2214 name "Binder:1760_4" vma 7f2d61f000
    AudioService-1540  [004] ....  8654.350693: do_swap_page: swapin tgid 1333 pid 1540 name "AudioService" vma 7e87d82000
    AudioService-1540  [004] ....  8654.350704: do_swap_page: swapin tgid 1333 pid 1540 name "AudioService" vma 7f213ae000
    AudioService-1540  [004] ....  8654.350711: do_swap_page: swapin tgid 1333 pid 1540 name "AudioService" vma 9eb6e000
           <...>-2791  [004] ....  8654.350735: do_swap_page: swapin tgid 1852 pid 2791 name "Binder:1852_4" vma 7f28ac2000
           <...>-2791  [004] ....  8654.350740: do_swap_page: swapin tgid 1852 pid 2791 name "Binder:1852_4" vma 7fbe268000
           <...>-2791  [004] ....  8654.350746: do_swap_page: swapin tgid 1852 pid 2791 name "Binder:1852_4" vma 7fb9f9d000
           <...>-5397  [004] ....  8654.350773: do_swap_page: swapin tgid 1648 pid 5397 name "Binder:1648_9" vma 7f293da000
           <...>-5397  [004] ....  8654.350782: do_swap_page: swapin tgid 1648 pid 5397 name "Binder:1648_9" vma 133fc000
           <...>-5397  [004] ....  8654.350791: do_swap_page: swapin tgid 1648 pid 5397 name "Binder:1648_9" vma 7fbc2a9000
           <...>-5397  [004] ....  8654.350801: do_swap_page: swapin tgid 1648 pid 5397 name "Binder:1648_9" vma 7f293db000
           <...>-5397  [004] ....  8654.350804: do_swap_page: swapin tgid 1648 pid 5397 name "Binder:1648_9" vma 12d80000
           <...>-5397  [004] ....  8654.350813: do_swap_page: swapin tgid 1648 pid 5397 name "Binder:1648_9" vma 7fbe226000
           <...>-5397  [004] ....  8654.350816: do_swap_page: swapin tgid 1648 pid 5397 name "Binder:1648_9" vma 7ec3bee000
           <...>-5397  [004] ....  8654.350826: do_swap_page: swapin tgid 1648 pid 5397 name "Binder:1648_9" vma 7f2d24f000
 m.android.phone-1868  [004] ....  8654.350892: do_swap_page: swapin tgid 1868 pid 1868 name "m.android.phone" vma 14546000
 m.android.phone-1868  [004] ....  8654.350905: do_swap_page: swapin tgid 1868 pid 1868 name "m.android.phone" vma 7f2d681000
           <...>-2426  [004] ....  8654.350931: do_swap_page: swapin tgid 1928 pid 2426 name "Binder:1928_4" vma 7f2d673000
           <...>-2426  [004] ....  8654.350962: do_swap_page: swapin tgid 1928 pid 2426 name "Binder:1928_4" vma 7f2d615000
           <...>-2426  [004] ....  8654.350965: do_swap_page: swapin tgid 1928 pid 2426 name "Binder:1928_4" vma 7f2d61f000
    AudioService-1540  [004] ....  8654.351007: do_swap_page: swapin tgid 1333 pid 1540 name "AudioService" vma 9eb6e000
    AudioService-1540  [004] ....  8654.351026: do_swap_page: swapin tgid 1333 pid 1540 name "AudioService" vma 7e87d83000
    AudioService-1540  [004] ....  8654.351035: do_swap_page: swapin tgid 1333 pid 1540 name "AudioService" vma 9eb68000
   Binder:1760_4-2214  [004] ....  8654.351058: do_swap_page: swapin tgid 1760 pid 2214 name "Binder:1760_4" vma 7f2d61f000
   Binder:1760_4-2214  [004] ....  8654.351065: do_swap_page: swapin tgid 1760 pid 2214 name "Binder:1760_4" vma 7f2d6f9000
   Binder:1760_4-2214  [004] ....  8654.351070: do_swap_page: swapin tgid 1760 pid 2214 name "Binder:1760_4" vma 7fb9f9d000
           <...>-5397  [004] ....  8654.351112: do_swap_page: swapin tgid 1648 pid 5397 name "Binder:1648_9" vma 7f2d24f000
           <...>-5397  [004] ....  8654.351125: do_swap_page: swapin tgid 1648 pid 5397 name "Binder:1648_9" vma 7fbe34a000
           <...>-5397  [004] ....  8654.351216: do_swap_page: swapin tgid 1648 pid 5397 name "Binder:1648_9" vma 7f28a15000
           <...>-5397  [004] ....  8654.351244: do_swap_page: swapin tgid 1648 pid 5397 name "Binder:1648_9" vma 7f28da4000
 ScreenDecoratio-2174  [004] ....  8654.351286: do_swap_page: swapin tgid 1648 pid 2174 name "ScreenDecoratio" vma 7eb5898000
 ScreenDecoratio-2174  [004] ....  8654.351296: do_swap_page: swapin tgid 1648 pid 2174 name "ScreenDecoratio" vma 7eb5899000
 ScreenDecoratio-2174  [004] ....  8654.351298: do_swap_page: swapin tgid 1648 pid 2174 name "ScreenDecoratio" vma 7ec3b9a000
 ScreenDecoratio-2174  [004] ....  8654.351302: do_swap_page: swapin tgid 1648 pid 2174 name "ScreenDecoratio" vma 7eb5897000
 ScreenDecoratio-2174  [004] ....  8654.351307: do_swap_page: swapin tgid 1648 pid 2174 name "ScreenDecoratio" vma 7eb5896000
 m.android.phone-1868  [004] ....  8654.351336: do_swap_page: swapin tgid 1868 pid 1868 name "m.android.phone" vma 7f2d681000
 m.android.phone-1868  [004] ....  8654.351342: do_swap_page: swapin tgid 1868 pid 1868 name "m.android.phone" vma 7f2d677000
           <...>-2426  [004] ....  8654.351363: do_swap_page: swapin tgid 1928 pid 2426 name "Binder:1928_4" vma 7f2d61f000
           <...>-2426  [004] ....  8654.351368: do_swap_page: swapin tgid 1928 pid 2426 name "Binder:1928_4" vma 7f2d6b8000
           <...>-2426  [004] ....  8654.351374: do_swap_page: swapin tgid 1928 pid 2426 name "Binder:1928_4" vma 7fb9f9d000
           <...>-2791  [004] ....  8654.351401: do_swap_page: swapin tgid 1852 pid 2791 name "Binder:1852_4" vma 7fb9f9d000
           <...>-2791  [004] ....  8654.351407: do_swap_page: swapin tgid 1852 pid 2791 name "Binder:1852_4" vma 7fbe2f1000
           <...>-2791  [004] ....  8654.351410: do_swap_page: swapin tgid 1852 pid 2791 name "Binder:1852_4" vma 7fbe241000
   Binder:1760_4-2214  [004] ....  8654.351433: do_swap_page: swapin tgid 1760 pid 2214 name "Binder:1760_4" vma 7fb9f9d000
   Binder:1760_4-2214  [004] ....  8654.351439: do_swap_page: swapin tgid 1760 pid 2214 name "Binder:1760_4" vma 7fbe2df000
   Binder:1760_4-2214  [004] ....  8654.351442: do_swap_page: swapin tgid 1760 pid 2214 name "Binder:1760_4" vma 7fbe241000
    AudioService-1540  [004] ....  8654.351477: do_swap_page: swapin tgid 1333 pid 1540 name "AudioService" vma 9eb68000
    AudioService-1540  [004] ....  8654.351500: do_swap_page: swapin tgid 1333 pid 1540 name "AudioService" vma 9eb9b000
 m.android.phone-1868  [004] ....  8654.351542: do_swap_page: swapin tgid 1868 pid 1868 name "m.android.phone" vma 7f2d677000
 m.android.phone-1868  [004] ....  8654.351548: do_swap_page: swapin tgid 1868 pid 1868 name "m.android.phone" vma 7f28b4c000
 m.android.phone-1868  [004] ....  8654.351593: do_swap_page: swapin tgid 1868 pid 1868 name "m.android.phone" vma 7f289bb000
           <...>-1832  [004] ....  8654.351609: do_swap_page: swapin tgid 1333 pid 1832 name "Binder:1333_8" vma 7e723eb000
           <...>-1832  [004] ....  8654.351632: do_swap_page: swapin tgid 1333 pid 1832 name "Binder:1333_8" vma 7e723ec000
           <...>-1832  [004] ....  8654.351635: do_swap_page: swapin tgid 1333 pid 1832 name "Binder:1333_8" vma 7eb43e8000
           <...>-1832  [004] ....  8654.351644: do_swap_page: swapin tgid 1333 pid 1832 name "Binder:1333_8" vma 7eb43ea000
           <...>-1832  [004] ....  8654.351646: do_swap_page: swapin tgid 1333 pid 1832 name "Binder:1333_8" vma 7f289b7000
           <...>-1832  [004] ....  8654.351668: do_swap_page: swapin tgid 1333 pid 1832 name "Binder:1333_8" vma 7e63583000
           <...>-1832  [004] ....  8654.351684: do_swap_page: swapin tgid 1333 pid 1832 name "Binder:1333_8" vma 7f2d61c000
           <...>-1832  [004] ....  8654.351688: do_swap_page: swapin tgid 1333 pid 1832 name "Binder:1333_8" vma 7e63584000
           <...>-1832  [004] ....  8654.351692: do_swap_page: swapin tgid 1333 pid 1832 name "Binder:1333_8" vma 7e723e9000
           <...>-1832  [004] ....  8654.351696: do_swap_page: swapin tgid 1333 pid 1832 name "Binder:1333_8" vma 14183000
           <...>-1832  [004] ....  8654.351703: do_swap_page: swapin tgid 1333 pid 1832 name "Binder:1333_8" vma 7f21029000
           <...>-1832  [004] ....  8654.351705: do_swap_page: swapin tgid 1333 pid 1832 name "Binder:1333_8" vma 7e723ea000
           <...>-1832  [004] ....  8654.351707: do_swap_page: swapin tgid 1333 pid 1832 name "Binder:1333_8" vma 133d8000
           <...>-1832  [004] ....  8654.351719: do_swap_page: swapin tgid 1333 pid 1832 name "Binder:1333_8" vma 7e68eb3000
           <...>-1832  [004] ....  8654.351756: do_swap_page: swapin tgid 1333 pid 1832 name "Binder:1333_8" vma 7e68eb4000
           <...>-1832  [004] ....  8654.351760: do_swap_page: swapin tgid 1333 pid 1832 name "Binder:1333_8" vma 7eb43e3000
           <...>-1832  [004] ....  8654.351774: do_swap_page: swapin tgid 1333 pid 1832 name "Binder:1333_8" vma 7f2d718000
           <...>-1832  [004] ....  8654.351786: do_swap_page: swapin tgid 1333 pid 1832 name "Binder:1333_8" vma 9eaf4000
 ScreenDecoratio-2174  [004] ....  8654.351814: do_swap_page: swapin tgid 1648 pid 2174 name "ScreenDecoratio" vma 7eb5896000
 ScreenDecoratio-2174  [004] ....  8654.351826: do_swap_page: swapin tgid 1648 pid 2174 name "ScreenDecoratio" vma 7f30809000
 ScreenDecoratio-2174  [004] ....  8654.351831: do_swap_page: swapin tgid 1648 pid 2174 name "ScreenDecoratio" vma 12dce000
 ScreenDecoratio-2174  [004] ....  8654.351840: do_swap_page: swapin tgid 1648 pid 2174 name "ScreenDecoratio" vma 13dbb000
 ScreenDecoratio-2174  [004] ....  8654.351858: do_swap_page: swapin tgid 1648 pid 2174 name "ScreenDecoratio" vma 7ec3bbc000
 ScreenDecoratio-2174  [004] ....  8654.351862: do_swap_page: swapin tgid 1648 pid 2174 name "ScreenDecoratio" vma 7ec3bbd000
 ScreenDecoratio-2174  [004] ....  8654.351868: do_swap_page: swapin tgid 1648 pid 2174 name "ScreenDecoratio" vma 7eca71b000
 ScreenDecoratio-2174  [004] ....  8654.351872: do_swap_page: swapin tgid 1648 pid 2174 name "ScreenDecoratio" vma 7ec3b97000
 ScreenDecoratio-2174  [004] ....  8654.351876: do_swap_page: swapin tgid 1648 pid 2174 name "ScreenDecoratio" vma 7eca735000
  Binder:1333_19-28366 [004] ....  8654.351946: do_swap_page: swapin tgid 1333 pid 28366 name "Binder:1333_19" vma 7ed0e88000
  Binder:1333_19-28366 [004] ....  8654.351953: do_swap_page: swapin tgid 1333 pid 28366 name "Binder:1333_19" vma 7e6136a000
  Binder:1333_19-28366 [004] ....  8654.351957: do_swap_page: swapin tgid 1333 pid 28366 name "Binder:1333_19" vma 7e6136b000
  Binder:1333_19-28366 [004] ....  8654.351959: do_swap_page: swapin tgid 1333 pid 28366 name "Binder:1333_19" vma 7e8370f000
  Binder:1333_19-28366 [004] ....  8654.351963: do_swap_page: swapin tgid 1333 pid 28366 name "Binder:1333_19" vma 7ed0e71000
  Binder:1333_19-28366 [004] ....  8654.351973: do_swap_page: swapin tgid 1333 pid 28366 name "Binder:1333_19" vma 7e50fb7000
  Binder:1333_19-28366 [004] ....  8654.351977: do_swap_page: swapin tgid 1333 pid 28366 name "Binder:1333_19" vma 7ed0d1c000
  Binder:1333_19-28366 [004] ....  8654.351981: do_swap_page: swapin tgid 1333 pid 28366 name "Binder:1333_19" vma 7ed0d1d000
  Binder:1333_19-28366 [004] ....  8654.351989: do_swap_page: swapin tgid 1333 pid 28366 name "Binder:1333_19" vma 7e61368000
  Binder:1333_19-28366 [004] ....  8654.351991: do_swap_page: swapin tgid 1333 pid 28366 name "Binder:1333_19" vma 13f43000
  Binder:1333_19-28366 [004] ....  8654.351997: do_swap_page: swapin tgid 1333 pid 28366 name "Binder:1333_19" vma 7f20ca0000
  Binder:1333_19-28366 [004] ....  8654.352000: do_swap_page: swapin tgid 1333 pid 28366 name "Binder:1333_19" vma 7e61369000
  Binder:1333_19-28366 [004] ....  8654.352002: do_swap_page: swapin tgid 1333 pid 28366 name "Binder:1333_19" vma 13081000
  Binder:1333_19-28366 [004] ....  8654.352007: do_swap_page: swapin tgid 1333 pid 28366 name "Binder:1333_19" vma 7e69187000
  Binder:1333_19-28366 [004] ....  8654.352012: do_swap_page: swapin tgid 1333 pid 28366 name "Binder:1333_19" vma 7e4b212000
  Binder:1333_19-28366 [004] ....  8654.352016: do_swap_page: swapin tgid 1333 pid 28366 name "Binder:1333_19" vma 7e8364b000
  Binder:1333_19-28366 [004] ....  8654.352021: do_swap_page: swapin tgid 1333 pid 28366 name "Binder:1333_19" vma 7f28b30000
  Binder:1333_19-28366 [004] ....  8654.352030: do_swap_page: swapin tgid 1333 pid 28366 name "Binder:1333_19" vma 9eaf4000
  Binder:1333_19-28366 [004] ....  8654.352051: do_swap_page: swapin tgid 1333 pid 28366 name "Binder:1333_19" vma 1403d000
  Binder:1333_19-28366 [004] ....  8654.352060: do_swap_page: swapin tgid 1333 pid 28366 name "Binder:1333_19" vma 7ed0e6d000
  Binder:1333_19-28366 [004] ....  8654.352068: do_swap_page: swapin tgid 1333 pid 28366 name "Binder:1333_19" vma 7eb4f47000
  Binder:1333_19-28366 [004] ....  8654.352075: do_swap_page: swapin tgid 1333 pid 28366 name "Binder:1333_19" vma 7eb4db4000
  Binder:1333_19-28366 [004] ....  8654.352086: do_swap_page: swapin tgid 1333 pid 28366 name "Binder:1333_19" vma 7e68e0f000
 ScreenDecoratio-2174  [004] ....  8654.352157: do_swap_page: swapin tgid 1648 pid 2174 name "ScreenDecoratio" vma 133bd000
 ScreenDecoratio-2174  [004] ....  8654.352182: do_swap_page: swapin tgid 1648 pid 2174 name "ScreenDecoratio" vma 7ec3b90000
 ScreenDecoratio-2174  [004] ....  8654.352194: do_swap_page: swapin tgid 1648 pid 2174 name "ScreenDecoratio" vma 13df2000
 ScreenDecoratio-2174  [004] ....  8654.352197: do_swap_page: swapin tgid 1648 pid 2174 name "ScreenDecoratio" vma 13df1000
           <...>-2426  [004] ....  8654.352222: do_swap_page: swapin tgid 1928 pid 2426 name "Binder:1928_4" vma 7fb9f9d000
           <...>-2426  [004] ....  8654.352229: do_swap_page: swapin tgid 1928 pid 2426 name "Binder:1928_4" vma 7fbe2f1000
           <...>-2426  [004] ....  8654.352233: do_swap_page: swapin tgid 1928 pid 2426 name "Binder:1928_4" vma 7fbe241000
           <...>-2791  [004] ....  8654.352265: do_swap_page: swapin tgid 1852 pid 2791 name "Binder:1852_4" vma 7fbe241000
           <...>-2791  [004] ....  8654.352273: do_swap_page: swapin tgid 1852 pid 2791 name "Binder:1852_4" vma 7fbe1e9000
           <...>-1832  [004] ....  8654.352323: do_swap_page: swapin tgid 1333 pid 1832 name "Binder:1333_8" vma 7eb4257000
           <...>-1832  [004] ....  8654.352334: do_swap_page: swapin tgid 1333 pid 1832 name "Binder:1333_8" vma 7f2d6d1000
           <...>-1832  [004] ....  8654.352341: do_swap_page: swapin tgid 1333 pid 1832 name "Binder:1333_8" vma 7f2d742000
   Binder:1760_4-2214  [004] ....  8654.352369: do_swap_page: swapin tgid 1760 pid 2214 name "Binder:1760_4" vma 7fbe241000
   Binder:1760_4-2214  [004] ....  8654.352377: do_swap_page: swapin tgid 1760 pid 2214 name "Binder:1760_4" vma 7fbe1e9000
           <...>-2791  [004] ....  8654.352431: do_swap_page: swapin tgid 1852 pid 2791 name "Binder:1852_4" vma 7fbe1e9000
           <...>-2791  [004] ....  8654.352439: do_swap_page: swapin tgid 1852 pid 2791 name "Binder:1852_4" vma 7f393d8000
    AudioService-1540  [004] ....  8654.352465: do_swap_page: swapin tgid 1333 pid 1540 name "AudioService" vma 9eb9b000
    AudioService-1540  [004] ....  8654.352471: do_swap_page: swapin tgid 1333 pid 1540 name "AudioService" vma 9eb8c000
           <...>-2426  [004] ....  8654.352493: do_swap_page: swapin tgid 1928 pid 2426 name "Binder:1928_4" vma 7fbe241000
           <...>-2426  [004] ....  8654.352500: do_swap_page: swapin tgid 1928 pid 2426 name "Binder:1928_4" vma 7fbe1e9000
 m.android.phone-1868  [004] ....  8654.352549: do_swap_page: swapin tgid 1868 pid 1868 name "m.android.phone" vma 7f2d61e000
 m.android.phone-1868  [004] ....  8654.352582: do_swap_page: swapin tgid 1868 pid 1868 name "m.android.phone" vma 725ee000
   system_server-1333  [004] ....  8654.352628: do_swap_page: swapin tgid 1333 pid 1333 name "system_server" vma 9eb2a000
           <...>-2791  [004] ....  8654.352719: do_swap_page: swapin tgid 1852 pid 2791 name "Binder:1852_4" vma 7f393d8000
           <...>-2791  [004] ....  8654.352724: do_swap_page: swapin tgid 1852 pid 2791 name "Binder:1852_4" vma 7fbe165000
   Binder:1760_4-2214  [004] ....  8654.352750: do_swap_page: swapin tgid 1760 pid 2214 name "Binder:1760_4" vma 7fbe1e9000
   Binder:1760_4-2214  [004] ....  8654.352758: do_swap_page: swapin tgid 1760 pid 2214 name "Binder:1760_4" vma 7f393d8000
    AudioService-1540  [004] ....  8654.352801: do_swap_page: swapin tgid 1333 pid 1540 name "AudioService" vma 9eb8c000
    AudioService-1540  [004] ....  8654.352808: do_swap_page: swapin tgid 1333 pid 1540 name "AudioService" vma 7eb421c000
    AudioService-1540  [004] ....  8654.352871: do_swap_page: swapin tgid 1333 pid 1540 name "AudioService" vma 7298e000
    AudioService-1540  [004] ....  8654.352874: do_swap_page: swapin tgid 1333 pid 1540 name "AudioService" vma 72977000
 ScreenDecoratio-2174  [004] ....  8654.352960: do_swap_page: swapin tgid 1648 pid 2174 name "ScreenDecoratio" vma 9ead5000
           <...>-2426  [004] ....  8654.352988: do_swap_page: swapin tgid 1928 pid 2426 name "Binder:1928_4" vma 7fbe1e9000
           <...>-2426  [004] ....  8654.352997: do_swap_page: swapin tgid 1928 pid 2426 name "Binder:1928_4" vma 7f393d8000
   system_server-1333  [004] ....  8654.353030: do_swap_page: swapin tgid 1333 pid 1333 name "system_server" vma 13945000
   system_server-1333  [004] ....  8654.353038: do_swap_page: swapin tgid 1333 pid 1333 name "system_server" vma 14102000
 m.android.phone-1868  [004] ....  8654.353079: do_swap_page: swapin tgid 1868 pid 1868 name "m.android.phone" vma 725ee000
 m.android.phone-1868  [004] ....  8654.353085: do_swap_page: swapin tgid 1868 pid 1868 name "m.android.phone" vma 14487000
           <...>-2791  [004] ....  8654.353123: do_swap_page: swapin tgid 1852 pid 2791 name "Binder:1852_4" vma 7fbe165000
           <...>-2791  [004] ....  8654.353130: do_swap_page: swapin tgid 1852 pid 2791 name "Binder:1852_4" vma 7f28bce000
           <...>-2791  [004] ....  8654.353135: do_swap_page: swapin tgid 1852 pid 2791 name "Binder:1852_4" vma 7fbd2d1000
   Binder:1760_4-2214  [004] ....  8654.353161: do_swap_page: swapin tgid 1760 pid 2214 name "Binder:1760_4" vma 7f393d8000
   Binder:1760_4-2214  [004] ....  8654.353168: do_swap_page: swapin tgid 1760 pid 2214 name "Binder:1760_4" vma 7fbe165000
           <...>-2426  [004] ....  8654.353195: do_swap_page: swapin tgid 1928 pid 2426 name "Binder:1928_4" vma 7f393d8000
           <...>-2426  [004] ....  8654.353202: do_swap_page: swapin tgid 1928 pid 2426 name "Binder:1928_4" vma 7fbe165000
 ScreenDecoratio-2174  [004] ....  8654.353224: do_swap_page: swapin tgid 1648 pid 2174 name "ScreenDecoratio" vma 9ead5000
 ScreenDecoratio-2174  [004] ....  8654.353231: do_swap_page: swapin tgid 1648 pid 2174 name "ScreenDecoratio" vma 9ea14000
 m.android.phone-1868  [004] ....  8654.353509: do_swap_page: swapin tgid 1868 pid 1868 name "m.android.phone" vma 14487000
 m.android.phone-1868  [004] ....  8654.353518: do_swap_page: swapin tgid 1868 pid 1868 name "m.android.phone" vma 7fbe167000
           <...>-2426  [004] ....  8654.353545: do_swap_page: swapin tgid 1928 pid 2426 name "Binder:1928_4" vma 7fbe165000
           <...>-2426  [004] ....  8654.353551: do_swap_page: swapin tgid 1928 pid 2426 name "Binder:1928_4" vma 7f2d6a2000
           <...>-2426  [004] ....  8654.353555: do_swap_page: swapin tgid 1928 pid 2426 name "Binder:1928_4" vma 7fbd2d1000
   Binder:1760_4-2214  [004] ....  8654.353579: do_swap_page: swapin tgid 1760 pid 2214 name "Binder:1760_4" vma 7fbe165000
   Binder:1760_4-2214  [004] ....  8654.353585: do_swap_page: swapin tgid 1760 pid 2214 name "Binder:1760_4" vma 7f2d6ba000
   Binder:1760_4-2214  [004] ....  8654.353589: do_swap_page: swapin tgid 1760 pid 2214 name "Binder:1760_4" vma 7fbd2d1000
           <...>-2791  [004] ....  8654.353614: do_swap_page: swapin tgid 1852 pid 2791 name "Binder:1852_4" vma 7fbd2d1000
           <...>-2791  [004] ....  8654.353621: do_swap_page: swapin tgid 1852 pid 2791 name "Binder:1852_4" vma 7fbd771000
 ScreenDecoratio-2174  [004] ....  8654.353646: do_swap_page: swapin tgid 1648 pid 2174 name "ScreenDecoratio" vma 13dba000
 m.android.phone-1868  [004] ....  8654.353777: do_swap_page: swapin tgid 1868 pid 1868 name "m.android.phone" vma 7fbe167000
           <...>-2791  [004] ....  8654.353900: do_swap_page: swapin tgid 1852 pid 2791 name "Binder:1852_4" vma 7fbd771000
           <...>-2791  [004] ....  8654.353906: do_swap_page: swapin tgid 1852 pid 2791 name "Binder:1852_4" vma 7f28b19000
           <...>-2791  [004] ....  8654.353911: do_swap_page: swapin tgid 1852 pid 2791 name "Binder:1852_4" vma 7f393d6000
           <...>-2791  [004] ....  8654.353915: do_swap_page: swapin tgid 1852 pid 2791 name "Binder:1852_4" vma 7fbe23c000
           <...>-2426  [004] ....  8654.353936: do_swap_page: swapin tgid 1928 pid 2426 name "Binder:1928_4" vma 7fbd2d1000
           <...>-2426  [004] ....  8654.353943: do_swap_page: swapin tgid 1928 pid 2426 name "Binder:1928_4" vma 7fbd771000
   Binder:1760_4-2214  [004] ....  8654.353970: do_swap_page: swapin tgid 1760 pid 2214 name "Binder:1760_4" vma 7fbd2d1000
   Binder:1760_4-2214  [004] ....  8654.353976: do_swap_page: swapin tgid 1760 pid 2214 name "Binder:1760_4" vma 7fbd771000
 m.android.phone-1868  [004] ....  8654.354008: do_swap_page: swapin tgid 1868 pid 1868 name "m.android.phone" vma 14489000
           <...>-2791  [004] ....  8654.354055: do_swap_page: swapin tgid 1852 pid 2791 name "Binder:1852_4" vma 7fbe23c000
           <...>-2791  [004] ....  8654.354061: do_swap_page: swapin tgid 1852 pid 2791 name "Binder:1852_4" vma 7f318dc000
           <...>-2426  [004] ....  8654.354103: do_swap_page: swapin tgid 1928 pid 2426 name "Binder:1928_4" vma 7fbd771000
           <...>-2426  [004] ....  8654.354108: do_swap_page: swapin tgid 1928 pid 2426 name "Binder:1928_4" vma 7f2d61a000
           <...>-2426  [004] ....  8654.354112: do_swap_page: swapin tgid 1928 pid 2426 name "Binder:1928_4" vma 7f393d6000
           <...>-2426  [004] ....  8654.354114: do_swap_page: swapin tgid 1928 pid 2426 name "Binder:1928_4" vma 7fbe23c000
   Binder:1760_4-2214  [004] ....  8654.354157: do_swap_page: swapin tgid 1760 pid 2214 name "Binder:1760_4" vma 7fbd771000
   Binder:1760_4-2214  [004] ....  8654.354162: do_swap_page: swapin tgid 1760 pid 2214 name "Binder:1760_4" vma 7f2d61b000
   Binder:1760_4-2214  [004] ....  8654.354166: do_swap_page: swapin tgid 1760 pid 2214 name "Binder:1760_4" vma 7f393d6000
   Binder:1760_4-2214  [004] ....  8654.354169: do_swap_page: swapin tgid 1760 pid 2214 name "Binder:1760_4" vma 7fbe23c000
 m.android.phone-1868  [004] ....  8654.354208: do_swap_page: swapin tgid 1868 pid 1868 name "m.android.phone" vma 14489000
 m.android.phone-1868  [004] ....  8654.354214: do_swap_page: swapin tgid 1868 pid 1868 name "m.android.phone" vma 14556000
 ScreenDecoratio-2174  [004] ....  8654.354307: do_swap_page: swapin tgid 1648 pid 2174 name "ScreenDecoratio" vma 72993000
 ScreenDecoratio-2174  [004] ....  8654.354313: do_swap_page: swapin tgid 1648 pid 2174 name "ScreenDecoratio" vma 72977000
   Binder:1760_4-2214  [004] ....  8654.354432: do_swap_page: swapin tgid 1760 pid 2214 name "Binder:1760_4" vma 7fbe23c000
   Binder:1760_4-2214  [004] ....  8654.354437: do_swap_page: swapin tgid 1760 pid 2214 name "Binder:1760_4" vma 7f2d6bb000
   Binder:1760_4-2214  [004] ....  8654.354441: do_swap_page: swapin tgid 1760 pid 2214 name "Binder:1760_4" vma 7f318dc000
           <...>-2791  [004] ....  8654.354467: do_swap_page: swapin tgid 1852 pid 2791 name "Binder:1852_4" vma 7f318dc000
           <...>-2791  [004] ....  8654.354474: do_swap_page: swapin tgid 1852 pid 2791 name "Binder:1852_4" vma 13283000
           <...>-2426  [004] ....  8654.354500: do_swap_page: swapin tgid 1928 pid 2426 name "Binder:1928_4" vma 7fbe23c000
           <...>-2426  [004] ....  8654.354506: do_swap_page: swapin tgid 1928 pid 2426 name "Binder:1928_4" vma 7f318dc000
 m.android.phone-1868  [004] ....  8654.354531: do_swap_page: swapin tgid 1868 pid 1868 name "m.android.phone" vma 14556000
 m.android.phone-1868  [004] ....  8654.354537: do_swap_page: swapin tgid 1868 pid 1868 name "m.android.phone" vma 12ec0000
   Binder:1760_4-2214  [004] ....  8654.354578: do_swap_page: swapin tgid 1760 pid 2214 name "Binder:1760_4" vma 7f318dc000
   Binder:1760_4-2214  [004] ....  8654.354586: do_swap_page: swapin tgid 1760 pid 2214 name "Binder:1760_4" vma 13405000
           <...>-2791  [004] ....  8654.354630: do_swap_page: swapin tgid 1852 pid 2791 name "Binder:1852_4" vma 13283000
           <...>-2791  [004] ....  8654.354638: do_swap_page: swapin tgid 1852 pid 2791 name "Binder:1852_4" vma 7fbe286000
           <...>-2791  [004] ....  8654.354659: do_swap_page: swapin tgid 1852 pid 2791 name "Binder:1852_4" vma 7fbe285000
           <...>-2791  [004] ....  8654.354662: do_swap_page: swapin tgid 1852 pid 2791 name "Binder:1852_4" vma 7f393d7000
           <...>-2426  [004] ....  8654.354683: do_swap_page: swapin tgid 1928 pid 2426 name "Binder:1928_4" vma 7f318dc000
           <...>-2426  [004] ....  8654.354707: do_swap_page: swapin tgid 1928 pid 2426 name "Binder:1928_4" vma 136c8000
 m.android.phone-1868  [004] ....  8654.354734: do_swap_page: swapin tgid 1868 pid 1868 name "m.android.phone" vma 12ec0000
 m.android.phone-1868  [004] ....  8654.354756: do_swap_page: swapin tgid 1868 pid 1868 name "m.android.phone" vma 14482000
 ScreenDecoratio-2174  [004] ....  8654.354812: do_swap_page: swapin tgid 1648 pid 2174 name "ScreenDecoratio" vma 9e8d9000
 ScreenDecoratio-2174  [004] ....  8654.354845: do_swap_page: swapin tgid 1648 pid 2174 name "ScreenDecoratio" vma 13d97000
 ScreenDecoratio-2174  [004] ....  8654.354855: do_swap_page: swapin tgid 1648 pid 2174 name "ScreenDecoratio" vma 9e9a9000
           <...>-2791  [004] ....  8654.354893: do_swap_page: swapin tgid 1852 pid 2791 name "Binder:1852_4" vma 7f393d7000
           <...>-2791  [004] ....  8654.354898: do_swap_page: swapin tgid 1852 pid 2791 name "Binder:1852_4" vma 7fbe1f8000
   Binder:1760_4-2214  [004] ....  8654.354920: do_swap_page: swapin tgid 1760 pid 2214 name "Binder:1760_4" vma 13405000
   Binder:1760_4-2214  [004] ....  8654.354946: do_swap_page: swapin tgid 1760 pid 2214 name "Binder:1760_4" vma 7fbe286000
   Binder:1760_4-2214  [004] ....  8654.354948: do_swap_page: swapin tgid 1760 pid 2214 name "Binder:1760_4" vma 7fbe285000
   Binder:1760_4-2214  [004] ....  8654.354950: do_swap_page: swapin tgid 1760 pid 2214 name "Binder:1760_4" vma 7f393d7000
           <...>-2426  [004] ....  8654.354976: do_swap_page: swapin tgid 1928 pid 2426 name "Binder:1928_4" vma 136c8000
           <...>-2426  [004] ....  8654.355000: do_swap_page: swapin tgid 1928 pid 2426 name "Binder:1928_4" vma 7fbe286000
           <...>-2426  [004] ....  8654.355002: do_swap_page: swapin tgid 1928 pid 2426 name "Binder:1928_4" vma 7fbe285000
           <...>-2426  [004] ....  8654.355005: do_swap_page: swapin tgid 1928 pid 2426 name "Binder:1928_4" vma 7f393d7000
 droid.launcher3-1981  [004] ....  8654.355218: do_swap_page: swapin tgid 1981 pid 1981 name "droid.launcher3" vma 13c29000
           <...>-2791  [004] ....  8654.355250: do_swap_page: swapin tgid 1852 pid 2791 name "Binder:1852_4" vma 7fbe1f8000
           <...>-2791  [004] ....  8654.355259: do_swap_page: swapin tgid 1852 pid 2791 name "Binder:1852_4" vma 12d80000
           <...>-2791  [004] ....  8654.355270: do_swap_page: swapin tgid 1852 pid 2791 name "Binder:1852_4" vma 7fbe24e000
   Binder:1760_4-2214  [004] ....  8654.355295: do_swap_page: swapin tgid 1760 pid 2214 name "Binder:1760_4" vma 7f393d7000
   Binder:1760_4-2214  [004] ....  8654.355301: do_swap_page: swapin tgid 1760 pid 2214 name "Binder:1760_4" vma 7fbe1f8000
 droid.launcher3-1981  [004] ....  8654.355353: do_swap_page: swapin tgid 1981 pid 1981 name "droid.launcher3" vma 13c29000
 droid.launcher3-1981  [004] ....  8654.355422: do_swap_page: swapin tgid 1981 pid 1981 name "droid.launcher3" vma 72823000
 droid.launcher3-1981  [004] ....  8654.355438: do_swap_page: swapin tgid 1981 pid 1981 name "droid.launcher3" vma 7ec635c000
 droid.launcher3-1981  [004] .n..  8654.355461: do_swap_page: swapin tgid 1981 pid 1981 name "droid.launcher3" vma 7f2d231000
 m.android.phone-1868  [004] ....  8654.355491: do_swap_page: swapin tgid 1868 pid 1868 name "m.android.phone" vma 14482000
 m.android.phone-1868  [004] ....  8654.355504: do_swap_page: swapin tgid 1868 pid 1868 name "m.android.phone" vma 14545000
           <...>-2426  [004] ....  8654.355526: do_swap_page: swapin tgid 1928 pid 2426 name "Binder:1928_4" vma 7f393d7000
           <...>-2426  [004] ....  8654.355531: do_swap_page: swapin tgid 1928 pid 2426 name "Binder:1928_4" vma 7fbe1f8000
   Binder:1760_4-2214  [004] ....  8654.355561: do_swap_page: swapin tgid 1760 pid 2214 name "Binder:1760_4" vma 7fbe1f8000
   Binder:1760_4-2214  [004] ....  8654.355567: do_swap_page: swapin tgid 1760 pid 2214 name "Binder:1760_4" vma 7f2daf6000
 droid.launcher3-1981  [004] ....  8654.355607: do_swap_page: swapin tgid 1981 pid 1981 name "droid.launcher3" vma 7f2d231000
 droid.launcher3-1981  [004] ....  8654.355716: do_swap_page: swapin tgid 1981 pid 1981 name "droid.launcher3" vma 9e8a6000
           <...>-2426  [004] ....  8654.355744: do_swap_page: swapin tgid 1928 pid 2426 name "Binder:1928_4" vma 7fbe1f8000
           <...>-2426  [004] ....  8654.355767: do_swap_page: swapin tgid 1928 pid 2426 name "Binder:1928_4" vma 7f28ef0000
           <...>-2791  [004] ....  8654.355791: do_swap_page: swapin tgid 1852 pid 2791 name "Binder:1852_4" vma 7fbe24e000
           <...>-2791  [004] ....  8654.355800: do_swap_page: swapin tgid 1852 pid 2791 name "Binder:1852_4" vma 7f312bd000
           <...>-2791  [004] ....  8654.355804: do_swap_page: swapin tgid 1852 pid 2791 name "Binder:1852_4" vma 7ed05c1000
           <...>-2791  [004] ....  8654.355806: do_swap_page: swapin tgid 1852 pid 2791 name "Binder:1852_4" vma 12d81000
           <...>-2791  [004] ....  8654.355811: do_swap_page: swapin tgid 1852 pid 2791 name "Binder:1852_4" vma 7f34eef000
           <...>-2791  [004] ....  8654.355813: do_swap_page: swapin tgid 1852 pid 2791 name "Binder:1852_4" vma 13282000
           <...>-2791  [004] ....  8654.355835: do_swap_page: swapin tgid 1852 pid 2791 name "Binder:1852_4" vma 7fbe1e7000
 droid.launcher3-1981  [004] ....  8654.355856: do_swap_page: swapin tgid 1981 pid 1981 name "droid.launcher3" vma 9e8a6000
 droid.launcher3-1981  [004] ....  8654.355863: do_swap_page: swapin tgid 1981 pid 1981 name "droid.launcher3" vma 9e930000
 droid.launcher3-1981  [004] ....  8654.355873: do_swap_page: swapin tgid 1981 pid 1981 name "droid.launcher3" vma 9e822000
 m.android.phone-1868  [004] ....  8654.355915: do_swap_page: swapin tgid 1868 pid 1868 name "m.android.phone" vma 14545000
 m.android.phone-1868  [004] ....  8654.355925: do_swap_page: swapin tgid 1868 pid 1868 name "m.android.phone" vma 7281b000
 ScreenDecoratio-2174  [004] ....  8654.355966: do_swap_page: swapin tgid 1648 pid 2174 name "ScreenDecoratio" vma 9e9a9000
 droid.launcher3-1981  [004] ....  8654.356108: do_swap_page: swapin tgid 1981 pid 1981 name "droid.launcher3" vma 9e822000
 droid.launcher3-1981  [004] ....  8654.356114: do_swap_page: swapin tgid 1981 pid 1981 name "droid.launcher3" vma 9e919000
   Binder:1760_4-2214  [004] ....  8654.356141: do_swap_page: swapin tgid 1760 pid 2214 name "Binder:1760_4" vma 7f2daf6000
   Binder:1760_4-2214  [004] ....  8654.356148: do_swap_page: swapin tgid 1760 pid 2214 name "Binder:1760_4" vma 13400000
           <...>-2426  [004] ....  8654.356176: do_swap_page: swapin tgid 1928 pid 2426 name "Binder:1928_4" vma 7f28ef0000
           <...>-2426  [004] ....  8654.356184: do_swap_page: swapin tgid 1928 pid 2426 name "Binder:1928_4" vma 136c0000
 m.android.phone-1868  [004] ....  8654.356211: do_swap_page: swapin tgid 1868 pid 1868 name "m.android.phone" vma 7281b000
 m.android.phone-1868  [004] ....  8654.356221: do_swap_page: swapin tgid 1868 pid 1868 name "m.android.phone" vma 72917000
 droid.launcher3-1981  [004] ....  8654.356261: do_swap_page: swapin tgid 1981 pid 1981 name "droid.launcher3" vma 9e919000
 droid.launcher3-1981  [004] ....  8654.356266: do_swap_page: swapin tgid 1981 pid 1981 name "droid.launcher3" vma 9e91a000
           <...>-2791  [004] ....  8654.356288: do_swap_page: swapin tgid 1852 pid 2791 name "Binder:1852_4" vma 7fbe1e7000
           <...>-2791  [004] ....  8654.356293: do_swap_page: swapin tgid 1852 pid 2791 name "Binder:1852_4" vma 7fbe17f000
 ScreenDecoratio-2174  [004] ....  8654.356377: do_swap_page: swapin tgid 1648 pid 2174 name "ScreenDecoratio" vma 729bd000
 droid.launcher3-1981  [004] ....  8654.356487: do_swap_page: swapin tgid 1981 pid 1981 name "droid.launcher3" vma 9e91a000
 droid.launcher3-1981  [004] ....  8654.356499: do_swap_page: swapin tgid 1981 pid 1981 name "droid.launcher3" vma 7fbe1f9000
   Binder:1760_4-2214  [004] ....  8654.356544: do_swap_page: swapin tgid 1760 pid 2214 name "Binder:1760_4" vma 13400000
   Binder:1760_4-2214  [004] ....  8654.356550: do_swap_page: swapin tgid 1760 pid 2214 name "Binder:1760_4" vma 13415000
   Binder:1760_4-2214  [004] ....  8654.356556: do_swap_page: swapin tgid 1760 pid 2214 name "Binder:1760_4" vma 7fbe24e000
           <...>-2426  [004] ....  8654.356580: do_swap_page: swapin tgid 1928 pid 2426 name "Binder:1928_4" vma 136c0000
           <...>-2426  [004] ....  8654.356586: do_swap_page: swapin tgid 1928 pid 2426 name "Binder:1928_4" vma 136d2000
           <...>-2426  [004] ....  8654.356594: do_swap_page: swapin tgid 1928 pid 2426 name "Binder:1928_4" vma 7fbe24e000
 droid.launcher3-1981  [004] ....  8654.356632: do_swap_page: swapin tgid 1981 pid 1981 name "droid.launcher3" vma 7fbe1f9000
 droid.launcher3-1981  [004] ....  8654.356640: do_swap_page: swapin tgid 1981 pid 1981 name "droid.launcher3" vma 9e913000
 droid.launcher3-1981  [004] ....  8654.356643: do_swap_page: swapin tgid 1981 pid 1981 name "droid.launcher3" vma 9e8a3000
 m.android.phone-1868  [004] ....  8654.356667: do_swap_page: swapin tgid 1868 pid 1868 name "m.android.phone" vma 72917000
 m.android.phone-1868  [004] ....  8654.356672: do_swap_page: swapin tgid 1868 pid 1868 name "m.android.phone" vma 72918000
 m.android.phone-1868  [004] ....  8654.356675: do_swap_page: swapin tgid 1868 pid 1868 name "m.android.phone" vma 7291a000
 m.android.phone-1868  [004] ....  8654.356678: do_swap_page: swapin tgid 1868 pid 1868 name "m.android.phone" vma 7291b000
 m.android.phone-1868  [004] ....  8654.356680: do_swap_page: swapin tgid 1868 pid 1868 name "m.android.phone" vma 72879000
 m.android.phone-1868  [004] ....  8654.356711: do_swap_page: swapin tgid 1868 pid 1868 name "m.android.phone" vma 7291d000
 m.android.phone-1868  [004] ....  8654.356718: do_swap_page: swapin tgid 1868 pid 1868 name "m.android.phone" vma 72973000
           <...>-2791  [004] ....  8654.356743: do_swap_page: swapin tgid 1852 pid 2791 name "Binder:1852_4" vma 7fbe17f000
           <...>-2791  [004] ....  8654.356748: do_swap_page: swapin tgid 1852 pid 2791 name "Binder:1852_4" vma 7fbe20a000
 droid.launcher3-1981  [004] ....  8654.356799: do_swap_page: swapin tgid 1981 pid 1981 name "droid.launcher3" vma 9e8a3000
 droid.launcher3-1981  [004] ....  8654.356807: do_swap_page: swapin tgid 1981 pid 1981 name "droid.launcher3" vma 7fbe167000
   Binder:1760_4-2214  [004] ....  8654.356832: do_swap_page: swapin tgid 1760 pid 2214 name "Binder:1760_4" vma 7fbe24e000
   Binder:1760_4-2214  [004] ....  8654.356841: do_swap_page: swapin tgid 1760 pid 2214 name "Binder:1760_4" vma 7f31239000
   Binder:1760_4-2214  [004] ....  8654.356846: do_swap_page: swapin tgid 1760 pid 2214 name "Binder:1760_4" vma 7f2daf7000
   Binder:1760_4-2214  [004] ....  8654.356866: do_swap_page: swapin tgid 1760 pid 2214 name "Binder:1760_4" vma 12c43000
   Binder:1760_4-2214  [004] ....  8654.356871: do_swap_page: swapin tgid 1760 pid 2214 name "Binder:1760_4" vma 7f34ef1000
   Binder:1760_4-2214  [004] ....  8654.356883: do_swap_page: swapin tgid 1760 pid 2214 name "Binder:1760_4" vma 13404000
   Binder:1760_4-2214  [004] ....  8654.356890: do_swap_page: swapin tgid 1760 pid 2214 name "Binder:1760_4" vma 7fbe1e7000
           <...>-2426  [004] ....  8654.356914: do_swap_page: swapin tgid 1928 pid 2426 name "Binder:1928_4" vma 7fbe24e000
           <...>-2426  [004] ....  8654.356924: do_swap_page: swapin tgid 1928 pid 2426 name "Binder:1928_4" vma 7f31381000
           <...>-2426  [004] ....  8654.356928: do_swap_page: swapin tgid 1928 pid 2426 name "Binder:1928_4" vma 7f28ef1000
           <...>-2426  [004] ....  8654.356930: do_swap_page: swapin tgid 1928 pid 2426 name "Binder:1928_4" vma 12d5e000
           <...>-2426  [004] ....  8654.356935: do_swap_page: swapin tgid 1928 pid 2426 name "Binder:1928_4" vma 7f34ef1000
           <...>-2426  [004] ....  8654.356936: do_swap_page: swapin tgid 1928 pid 2426 name "Binder:1928_4" vma 136c5000
           <...>-2426  [004] ....  8654.356967: do_swap_page: swapin tgid 1928 pid 2426 name "Binder:1928_4" vma 7fbe1e7000
 droid.launcher3-1981  [004] ....  8654.356988: do_swap_page: swapin tgid 1981 pid 1981 name "droid.launcher3" vma 7fbe167000
 droid.launcher3-1981  [004] ....  8654.356996: do_swap_page: swapin tgid 1981 pid 1981 name "droid.launcher3" vma 12f16000
 droid.launcher3-1981  [004] ....  8654.356998: do_swap_page: swapin tgid 1981 pid 1981 name "droid.launcher3" vma 9e896000
      android.bg-1362  [004] ....  8654.357047: do_swap_page: swapin tgid 1333 pid 1362 name "android.bg" vma 7ec8400000
      android.bg-1362  [004] ....  8654.357061: do_swap_page: swapin tgid 1333 pid 1362 name "android.bg" vma 7f28b16000
 ScreenDecoratio-2174  [004] ....  8654.357162: do_swap_page: swapin tgid 1648 pid 2174 name "ScreenDecoratio" vma 9e8c5000
 ScreenDecoratio-2174  [004] ....  8654.357168: do_swap_page: swapin tgid 1648 pid 2174 name "ScreenDecoratio" vma 9eaf6000
 droid.launcher3-1981  [004] ....  8654.357196: do_swap_page: swapin tgid 1981 pid 1981 name "droid.launcher3" vma 9e896000
 droid.launcher3-1981  [004] ....  8654.357202: do_swap_page: swapin tgid 1981 pid 1981 name "droid.launcher3" vma 9e8ec000
           <...>-2791  [004] ....  8654.357226: do_swap_page: swapin tgid 1852 pid 2791 name "Binder:1852_4" vma 7fbe20a000
           <...>-2791  [004] ....  8654.357234: do_swap_page: swapin tgid 1852 pid 2791 name "Binder:1852_4" vma 7fbd2d4000
           <...>-2791  [004] ....  8654.357236: do_swap_page: swapin tgid 1852 pid 2791 name "Binder:1852_4" vma 7fbd2d0000
 m.android.phone-1868  [004] ....  8654.357262: do_swap_page: swapin tgid 1868 pid 1868 name "m.android.phone" vma 72973000
 m.android.phone-1868  [004] ....  8654.357271: do_swap_page: swapin tgid 1868 pid 1868 name "m.android.phone" vma 72820000
 m.android.phone-1868  [004] ....  8654.357274: do_swap_page: swapin tgid 1868 pid 1868 name "m.android.phone" vma 728ab000
 m.android.phone-1868  [004] ....  8654.357278: do_swap_page: swapin tgid 1868 pid 1868 name "m.android.phone" vma 728ac000
 m.android.phone-1868  [004] ....  8654.357282: do_swap_page: swapin tgid 1868 pid 1868 name "m.android.phone" vma 72849000
 m.android.phone-1868  [004] ....  8654.357286: do_swap_page: swapin tgid 1868 pid 1868 name "m.android.phone" vma 728b1000
           <...>-2426  [004] ....  8654.357325: do_swap_page: swapin tgid 1928 pid 2426 name "Binder:1928_4" vma 7fbe1e7000
           <...>-2426  [004] ....  8654.357351: do_swap_page: swapin tgid 1928 pid 2426 name "Binder:1928_4" vma 7fbe17f000
 droid.launcher3-1981  [004] ....  8654.357372: do_swap_page: swapin tgid 1981 pid 1981 name "droid.launcher3" vma 9e8ec000
 droid.launcher3-1981  [004] ....  8654.357400: do_swap_page: swapin tgid 1981 pid 1981 name "droid.launcher3" vma 9e841000
           <...>-2791  [004] ....  8654.357423: do_swap_page: swapin tgid 1852 pid 2791 name "Binder:1852_4" vma 7fbd2d0000
           <...>-2791  [004] ....  8654.357430: do_swap_page: swapin tgid 1852 pid 2791 name "Binder:1852_4" vma 7f2da0b000
           <...>-2791  [004] ....  8654.357432: do_swap_page: swapin tgid 1852 pid 2791 name "Binder:1852_4" vma 7f28b1c000
           <...>-2791  [004] ....  8654.357436: do_swap_page: swapin tgid 1852 pid 2791 name "Binder:1852_4" vma 7fbe1d3000
