           <...>-2503  [004] ....  1927.792833: do_swap_page: swapin tgid 1981 pid 2503 name "RenderThread" vma 7fbe2f1000
           <...>-2503  [004] ....  1927.792843: do_swap_page: swapin tgid 1981 pid 2503 name "RenderThread" vma 7ecdb34000
           <...>-2503  [004] ....  1927.792845: do_swap_page: swapin tgid 1981 pid 2503 name "RenderThread" vma 7f2d25c000
           <...>-2503  [004] ....  1927.792850: do_swap_page: swapin tgid 1981 pid 2503 name "RenderThread" vma 7f395f0000
    RenderThread-5925  [004] ....  1927.792886: do_swap_page: swapin tgid 5855 pid 5925 name "RenderThread" vma 7e742b2000
    RenderThread-5925  [004] ....  1927.792998: do_swap_page: swapin tgid 5855 pid 5925 name "RenderThread" vma 7eaf1a1000
           <...>-2503  [004] ....  1927.793023: do_swap_page: swapin tgid 1981 pid 2503 name "RenderThread" vma 7f395f0000
           <...>-2503  [004] ....  1927.793038: do_swap_page: swapin tgid 1981 pid 2503 name "RenderThread" vma 7f2d26e000
           <...>-2503  [004] ....  1927.793041: do_swap_page: swapin tgid 1981 pid 2503 name "RenderThread" vma 7f2d813000
           <...>-2503  [004] ....  1927.793046: do_swap_page: swapin tgid 1981 pid 2503 name "RenderThread" vma 7fbd4d8000
           <...>-2503  [004] ....  1927.793050: do_swap_page: swapin tgid 1981 pid 2503 name "RenderThread" vma 7f2d806000
           <...>-2503  [004] ....  1927.793054: do_swap_page: swapin tgid 1981 pid 2503 name "RenderThread" vma 7f2d802000
           <...>-2503  [004] ....  1927.793062: do_swap_page: swapin tgid 1981 pid 2503 name "RenderThread" vma 7f2d800000
           <...>-2503  [004] ....  1927.793064: do_swap_page: swapin tgid 1981 pid 2503 name "RenderThread" vma 7f2d814000
           <...>-2503  [004] ....  1927.793066: do_swap_page: swapin tgid 1981 pid 2503 name "RenderThread" vma 7f2d80f000
           <...>-2503  [004] ....  1927.793069: do_swap_page: swapin tgid 1981 pid 2503 name "RenderThread" vma 7f2d803000
 android.display-1357  [004] ....  1927.793109: do_swap_page: swapin tgid 1333 pid 1357 name "android.display" vma 7eb4d8c000
 android.display-1357  [004] ....  1927.793119: do_swap_page: swapin tgid 1333 pid 1357 name "android.display" vma 7f28b32000
 android.display-1357  [004] ....  1927.793124: do_swap_page: swapin tgid 1333 pid 1357 name "android.display" vma 7ed0ca2000
 android.display-1357  [004] ....  1927.793128: do_swap_page: swapin tgid 1333 pid 1357 name "android.display" vma 7ed0e4f000
           <...>-2503  [004] ....  1927.793184: do_swap_page: swapin tgid 1981 pid 2503 name "RenderThread" vma 7f2d803000
           <...>-2503  [004] ....  1927.793191: do_swap_page: swapin tgid 1981 pid 2503 name "RenderThread" vma 7f3983d000
           <...>-2503  [004] ....  1927.793195: do_swap_page: swapin tgid 1981 pid 2503 name "RenderThread" vma 7f3983a000
           <...>-2503  [004] ....  1927.793198: do_swap_page: swapin tgid 1981 pid 2503 name "RenderThread" vma 7f39830000
           <...>-2503  [004] ....  1927.793200: do_swap_page: swapin tgid 1981 pid 2503 name "RenderThread" vma 7f3983c000
           <...>-2503  [004] ....  1927.793203: do_swap_page: swapin tgid 1981 pid 2503 name "RenderThread" vma 7f3983e000
           <...>-2503  [004] ....  1927.793207: do_swap_page: swapin tgid 1981 pid 2503 name "RenderThread" vma 7f39802000
           <...>-2503  [004] ....  1927.793210: do_swap_page: swapin tgid 1981 pid 2503 name "RenderThread" vma 7f3983f000
           <...>-2503  [004] ....  1927.793212: do_swap_page: swapin tgid 1981 pid 2503 name "RenderThread" vma 7f39803000
           <...>-2503  [004] ....  1927.793229: do_swap_page: swapin tgid 1981 pid 2503 name "RenderThread" vma 7ecb7cd000
           <...>-2503  [004] ....  1927.793321: do_swap_page: swapin tgid 1981 pid 2503 name "RenderThread" vma 7ecb4d6000
           <...>-2503  [004] ....  1927.793327: do_swap_page: swapin tgid 1981 pid 2503 name "RenderThread" vma 7f2d25b000
           <...>-2503  [004] ....  1927.793371: do_swap_page: swapin tgid 1981 pid 2503 name "RenderThread" vma 7f2d25a000
 android.display-1357  [004] ....  1927.793422: do_swap_page: swapin tgid 1333 pid 1357 name "android.display" vma 7ed0e4f000
 android.display-1357  [004] ....  1927.793430: do_swap_page: swapin tgid 1333 pid 1357 name "android.display" vma 7f28abd000
 android.display-1357  [004] ....  1927.793601: do_swap_page: swapin tgid 1333 pid 1357 name "android.display" vma 7f28abd000
 android.display-1357  [004] ....  1927.793607: do_swap_page: swapin tgid 1333 pid 1357 name "android.display" vma 7e68e4a000
 android.display-1357  [004] ....  1927.793766: do_swap_page: swapin tgid 1333 pid 1357 name "android.display" vma 7e68e4a000
 android.display-1357  [004] ....  1927.793771: do_swap_page: swapin tgid 1333 pid 1357 name "android.display" vma 7eb4e34000
 android.display-1357  [004] ....  1927.793922: do_swap_page: swapin tgid 1333 pid 1357 name "android.display" vma 7eb4e34000
 android.display-1357  [004] ....  1927.793927: do_swap_page: swapin tgid 1333 pid 1357 name "android.display" vma 7fbe30f000
 android.display-1357  [004] ....  1927.794075: do_swap_page: swapin tgid 1333 pid 1357 name "android.display" vma 7fbe30f000
 android.display-1357  [004] ....  1927.794080: do_swap_page: swapin tgid 1333 pid 1357 name "android.display" vma 7f28b72000
 android.display-1357  [004] ....  1927.794106: do_swap_page: swapin tgid 1333 pid 1357 name "android.display" vma 7f28987000
 android.display-1357  [004] ....  1927.794114: do_swap_page: swapin tgid 1333 pid 1357 name "android.display" vma 7f28a85000
 android.display-1357  [004] ....  1927.794232: do_swap_page: swapin tgid 1333 pid 1357 name "android.display" vma 7f28a85000
 android.display-1357  [004] ....  1927.794236: do_swap_page: swapin tgid 1333 pid 1357 name "android.display" vma 7ed0df0000
 android.display-1357  [004] ....  1927.794341: do_swap_page: swapin tgid 1333 pid 1357 name "android.display" vma 7ed0df0000
 android.display-1357  [004] ....  1927.794458: do_swap_page: swapin tgid 1333 pid 1357 name "android.display" vma 9e925000
 android.display-1357  [004] ....  1927.794627: do_swap_page: swapin tgid 1333 pid 1357 name "android.display" vma 9e925000
 android.display-1357  [004] ....  1927.794638: do_swap_page: swapin tgid 1333 pid 1357 name "android.display" vma 7eb4324000
 android.display-1357  [004] ....  1927.795014: do_swap_page: swapin tgid 1333 pid 1357 name "android.display" vma 7e835b5000
           <...>-1362  [004] ....  1927.795072: do_swap_page: swapin tgid 1333 pid 1362 name "android.bg" vma 9eb2a000
           <...>-1540  [004] ....  1927.795118: do_swap_page: swapin tgid 1333 pid 1540 name "AudioService" vma 7e87d85000
   Binder:1648_5-2094  [004] ....  1927.795164: do_swap_page: swapin tgid 1648 pid 2094 name "Binder:1648_5" vma 7eca20e000
   Binder:1648_5-2094  [004] ....  1927.795172: do_swap_page: swapin tgid 1648 pid 2094 name "Binder:1648_5" vma 7eca20f000
   Binder:1648_5-2094  [004] ....  1927.795176: do_swap_page: swapin tgid 1648 pid 2094 name "Binder:1648_5" vma 7f28bce000
   Binder:1648_5-2094  [004] ....  1927.795207: do_swap_page: swapin tgid 1648 pid 2094 name "Binder:1648_5" vma 7f28a5b000
   Binder:1648_5-2094  [004] ....  1927.795211: do_swap_page: swapin tgid 1648 pid 2094 name "Binder:1648_5" vma 7f28bd0000
   Binder:1648_5-2094  [004] ....  1927.795218: do_swap_page: swapin tgid 1648 pid 2094 name "Binder:1648_5" vma 7f28eb2000
   Binder:1648_5-2094  [004] ....  1927.795221: do_swap_page: swapin tgid 1648 pid 2094 name "Binder:1648_5" vma 7f28fb3000
   Binder:1648_5-2094  [004] ....  1927.795225: do_swap_page: swapin tgid 1648 pid 2094 name "Binder:1648_5" vma 7f28eb3000
   Binder:1648_5-2094  [004] ....  1927.795233: do_swap_page: swapin tgid 1648 pid 2094 name "Binder:1648_5" vma 7eca20c000
   Binder:1648_5-2094  [004] ....  1927.795248: do_swap_page: swapin tgid 1648 pid 2094 name "Binder:1648_5" vma 7f30a6f000
   Binder:1648_5-2094  [004] ....  1927.795252: do_swap_page: swapin tgid 1648 pid 2094 name "Binder:1648_5" vma 7eca20d000
   Binder:1648_5-2094  [004] ....  1927.795257: do_swap_page: swapin tgid 1648 pid 2094 name "Binder:1648_5" vma 12e81000
   Binder:1648_5-2094  [004] ....  1927.795265: do_swap_page: swapin tgid 1648 pid 2094 name "Binder:1648_5" vma 7f28f17000
   Binder:1648_5-2094  [004] ....  1927.795267: do_swap_page: swapin tgid 1648 pid 2094 name "Binder:1648_5" vma 7f28f18000
   Binder:1648_5-2094  [004] ....  1927.795304: do_swap_page: swapin tgid 1648 pid 2094 name "Binder:1648_5" vma 7fbe34a000
   Binder:1648_5-2094  [004] ....  1927.795339: do_swap_page: swapin tgid 1648 pid 2094 name "Binder:1648_5" vma 7f28a15000
   Binder:1648_5-2094  [004] ....  1927.795346: do_swap_page: swapin tgid 1648 pid 2094 name "Binder:1648_5" vma 7f28da4000
   Binder:1730_3-1754  [004] ....  1927.795402: do_swap_page: swapin tgid 1730 pid 1754 name "Binder:1730_3" vma 7fbe2df000
   Binder:1730_3-1754  [004] ....  1927.795409: do_swap_page: swapin tgid 1730 pid 1754 name "Binder:1730_3" vma 7fbe241000
           <...>-2214  [004] ....  1927.795447: do_swap_page: swapin tgid 1760 pid 2214 name "Binder:1760_4" vma 7f2d668000
           <...>-2214  [004] ....  1927.795458: do_swap_page: swapin tgid 1760 pid 2214 name "Binder:1760_4" vma 7f2daf8000
           <...>-2214  [004] ....  1927.795462: do_swap_page: swapin tgid 1760 pid 2214 name "Binder:1760_4" vma 7f2daf9000
           <...>-2791  [004] ....  1927.795496: do_swap_page: swapin tgid 1852 pid 2791 name "Binder:1852_4" vma 7f28b4c000
           <...>-2791  [004] ....  1927.795506: do_swap_page: swapin tgid 1852 pid 2791 name "Binder:1852_4" vma 7ed05c2000
           <...>-2791  [004] ....  1927.795510: do_swap_page: swapin tgid 1852 pid 2791 name "Binder:1852_4" vma 7ed05c3000
           <...>-1903  [004] ....  1927.795577: do_swap_page: swapin tgid 1868 pid 1903 name "Binder:1868_3" vma 7fbe241000
           <...>-2426  [004] ....  1927.795614: do_swap_page: swapin tgid 1928 pid 2426 name "Binder:1928_4" vma 7f2d668000
           <...>-2426  [004] ....  1927.795649: do_swap_page: swapin tgid 1928 pid 2426 name "Binder:1928_4" vma 7f28ef2000
           <...>-2426  [004] ....  1927.795653: do_swap_page: swapin tgid 1928 pid 2426 name "Binder:1928_4" vma 7f28ef3000
 ScreenDecoratio-2174  [004] ....  1927.795685: do_swap_page: swapin tgid 1648 pid 2174 name "ScreenDecoratio" vma 7eb5898000
 ScreenDecoratio-2174  [004] ....  1927.795697: do_swap_page: swapin tgid 1648 pid 2174 name "ScreenDecoratio" vma 7eb5899000
 ScreenDecoratio-2174  [004] ....  1927.795702: do_swap_page: swapin tgid 1648 pid 2174 name "ScreenDecoratio" vma 7ec3b9a000
 ScreenDecoratio-2174  [004] ....  1927.795706: do_swap_page: swapin tgid 1648 pid 2174 name "ScreenDecoratio" vma 7eb5897000
 ScreenDecoratio-2174  [004] ....  1927.795712: do_swap_page: swapin tgid 1648 pid 2174 name "ScreenDecoratio" vma 7eb5896000
           <...>-1540  [004] ....  1927.795784: do_swap_page: swapin tgid 1333 pid 1540 name "AudioService" vma 7e87d85000
           <...>-1540  [004] ....  1927.795797: do_swap_page: swapin tgid 1333 pid 1540 name "AudioService" vma 7e87d82000
           <...>-2214  [004] ....  1927.795825: do_swap_page: swapin tgid 1760 pid 2214 name "Binder:1760_4" vma 7f2daf9000
           <...>-2214  [004] ....  1927.795832: do_swap_page: swapin tgid 1760 pid 2214 name "Binder:1760_4" vma 7f2d685000
           <...>-2214  [004] ....  1927.795838: do_swap_page: swapin tgid 1760 pid 2214 name "Binder:1760_4" vma 7fbe180000
           <...>-2214  [004] ....  1927.795843: do_swap_page: swapin tgid 1760 pid 2214 name "Binder:1760_4" vma 7f2d67d000
           <...>-2791  [004] ....  1927.795895: do_swap_page: swapin tgid 1852 pid 2791 name "Binder:1852_4" vma 7ed05c3000
           <...>-2791  [004] ....  1927.795905: do_swap_page: swapin tgid 1852 pid 2791 name "Binder:1852_4" vma 7fbe222000
           <...>-2791  [004] ....  1927.795907: do_swap_page: swapin tgid 1852 pid 2791 name "Binder:1852_4" vma 7fbe180000
           <...>-2791  [004] ....  1927.795939: do_swap_page: swapin tgid 1852 pid 2791 name "Binder:1852_4" vma 7fbe22c000
           <...>-2791  [004] ....  1927.795942: do_swap_page: swapin tgid 1852 pid 2791 name "Binder:1852_4" vma 7f28ac2000
           <...>-1903  [004] ....  1927.795965: do_swap_page: swapin tgid 1868 pid 1903 name "Binder:1868_3" vma 7fbe241000
 m.android.phone-1868  [004] ....  1927.796108: do_swap_page: swapin tgid 1868 pid 1868 name "m.android.phone" vma 14507000
 m.android.phone-1868  [004] ....  1927.796151: do_swap_page: swapin tgid 1868 pid 1868 name "m.android.phone" vma 14546000
   system_server-1333  [004] ....  1927.796203: do_swap_page: swapin tgid 1333 pid 1333 name "system_server" vma 9eb2a000
   system_server-1333  [004] ....  1927.796248: do_swap_page: swapin tgid 1333 pid 1333 name "system_server" vma 9eb68000
           <...>-2426  [004] ....  1927.796277: do_swap_page: swapin tgid 1928 pid 2426 name "Binder:1928_4" vma 7f28ef3000
           <...>-2426  [004] ....  1927.796284: do_swap_page: swapin tgid 1928 pid 2426 name "Binder:1928_4" vma 7f2d6a1000
           <...>-2426  [004] ....  1927.796290: do_swap_page: swapin tgid 1928 pid 2426 name "Binder:1928_4" vma 7fbe180000
           <...>-2426  [004] ....  1927.796295: do_swap_page: swapin tgid 1928 pid 2426 name "Binder:1928_4" vma 7f2d673000
   Binder:1730_3-1754  [004] ....  1927.796379: do_swap_page: swapin tgid 1730 pid 1754 name "Binder:1730_3" vma 7fbe241000
   Binder:1730_3-1754  [004] ....  1927.796447: do_swap_page: swapin tgid 1730 pid 1754 name "Binder:1730_3" vma 7fbe1b2000
   Binder:1730_3-1754  [004] ....  1927.796457: do_swap_page: swapin tgid 1730 pid 1754 name "Binder:1730_3" vma 7f289bc000
   Binder:1730_3-1754  [004] ....  1927.796464: do_swap_page: swapin tgid 1730 pid 1754 name "Binder:1730_3" vma 1314a000
 ScreenDecoratio-2174  [004] ....  1927.796518: do_swap_page: swapin tgid 1648 pid 2174 name "ScreenDecoratio" vma 7eb5896000
 ScreenDecoratio-2174  [004] ....  1927.796531: do_swap_page: swapin tgid 1648 pid 2174 name "ScreenDecoratio" vma 7f30809000
 ScreenDecoratio-2174  [004] ....  1927.796536: do_swap_page: swapin tgid 1648 pid 2174 name "ScreenDecoratio" vma 1338e000
 ScreenDecoratio-2174  [004] ....  1927.796544: do_swap_page: swapin tgid 1648 pid 2174 name "ScreenDecoratio" vma 13dbb000
 ScreenDecoratio-2174  [004] ....  1927.796566: do_swap_page: swapin tgid 1648 pid 2174 name "ScreenDecoratio" vma 7ec3bbc000
 ScreenDecoratio-2174  [004] ....  1927.796569: do_swap_page: swapin tgid 1648 pid 2174 name "ScreenDecoratio" vma 7ec3bbd000
 ScreenDecoratio-2174  [004] ....  1927.796573: do_swap_page: swapin tgid 1648 pid 2174 name "ScreenDecoratio" vma 7eca71b000
 ScreenDecoratio-2174  [004] ....  1927.796577: do_swap_page: swapin tgid 1648 pid 2174 name "ScreenDecoratio" vma 7ec3b97000
 ScreenDecoratio-2174  [004] ....  1927.796583: do_swap_page: swapin tgid 1648 pid 2174 name "ScreenDecoratio" vma 7eca735000
           <...>-2458  [004] ....  1927.796669: do_swap_page: swapin tgid 1333 pid 2458 name "Binder:1333_E" vma 7e50ea5000
           <...>-2458  [004] ....  1927.796716: do_swap_page: swapin tgid 1333 pid 2458 name "Binder:1333_E" vma 7f2d742000
           <...>-2458  [004] ....  1927.796732: do_swap_page: swapin tgid 1333 pid 2458 name "Binder:1333_E" vma 7e637a7000
           <...>-1540  [004] ....  1927.796771: do_swap_page: swapin tgid 1333 pid 1540 name "AudioService" vma 7e87d82000
           <...>-1540  [004] ....  1927.796791: do_swap_page: swapin tgid 1333 pid 1540 name "AudioService" vma 9eb6e000
 m.android.phone-1868  [004] ....  1927.796820: do_swap_page: swapin tgid 1868 pid 1868 name "m.android.phone" vma 14546000
           <...>-2214  [004] ....  1927.796868: do_swap_page: swapin tgid 1760 pid 2214 name "Binder:1760_4" vma 7f2d67d000
           <...>-2214  [004] ....  1927.796910: do_swap_page: swapin tgid 1760 pid 2214 name "Binder:1760_4" vma 7f2d615000
           <...>-2214  [004] ....  1927.796913: do_swap_page: swapin tgid 1760 pid 2214 name "Binder:1760_4" vma 7f2d61f000
           <...>-2791  [004] ....  1927.796940: do_swap_page: swapin tgid 1852 pid 2791 name "Binder:1852_4" vma 7f28ac2000
           <...>-2791  [004] ....  1927.796946: do_swap_page: swapin tgid 1852 pid 2791 name "Binder:1852_4" vma 7fbe268000
           <...>-2791  [004] ....  1927.796954: do_swap_page: swapin tgid 1852 pid 2791 name "Binder:1852_4" vma 7fb9f9d000
           <...>-2426  [004] ....  1927.796978: do_swap_page: swapin tgid 1928 pid 2426 name "Binder:1928_4" vma 7f2d673000
           <...>-2426  [004] ....  1927.796993: do_swap_page: swapin tgid 1928 pid 2426 name "Binder:1928_4" vma 7f2d615000
           <...>-2426  [004] ....  1927.796995: do_swap_page: swapin tgid 1928 pid 2426 name "Binder:1928_4" vma 7f2d61f000
   system_server-1333  [004] ....  1927.797037: do_swap_page: swapin tgid 1333 pid 1333 name "system_server" vma 9eb68000
           <...>-1540  [004] ....  1927.797076: do_swap_page: swapin tgid 1333 pid 1540 name "AudioService" vma 9eb6e000
           <...>-1540  [004] ....  1927.797097: do_swap_page: swapin tgid 1333 pid 1540 name "AudioService" vma 7e87d83000
           <...>-1540  [004] ....  1927.797107: do_swap_page: swapin tgid 1333 pid 1540 name "AudioService" vma 7eb421c000
           <...>-2791  [004] ....  1927.797248: do_swap_page: swapin tgid 1852 pid 2791 name "Binder:1852_4" vma 7fb9f9d000
           <...>-2791  [004] ....  1927.797255: do_swap_page: swapin tgid 1852 pid 2791 name "Binder:1852_4" vma 7fbe2f1000
           <...>-2791  [004] ....  1927.797260: do_swap_page: swapin tgid 1852 pid 2791 name "Binder:1852_4" vma 7fbe241000
 m.android.phone-1868  [004] ....  1927.797306: do_swap_page: swapin tgid 1868 pid 1868 name "m.android.phone" vma 725ee000
           <...>-2426  [004] ....  1927.797332: do_swap_page: swapin tgid 1928 pid 2426 name "Binder:1928_4" vma 7f2d61f000
           <...>-2426  [004] ....  1927.797337: do_swap_page: swapin tgid 1928 pid 2426 name "Binder:1928_4" vma 7f2d6b8000
           <...>-2426  [004] ....  1927.797347: do_swap_page: swapin tgid 1928 pid 2426 name "Binder:1928_4" vma 7fb9f9d000
           <...>-2214  [004] ....  1927.797372: do_swap_page: swapin tgid 1760 pid 2214 name "Binder:1760_4" vma 7f2d61f000
           <...>-2214  [004] ....  1927.797378: do_swap_page: swapin tgid 1760 pid 2214 name "Binder:1760_4" vma 7f2d6f9000
           <...>-2214  [004] ....  1927.797383: do_swap_page: swapin tgid 1760 pid 2214 name "Binder:1760_4" vma 7fb9f9d000
 ScreenDecoratio-2174  [004] ....  1927.797461: do_swap_page: swapin tgid 1648 pid 2174 name "ScreenDecoratio" vma 13336000
 ScreenDecoratio-2174  [004] ....  1927.797489: do_swap_page: swapin tgid 1648 pid 2174 name "ScreenDecoratio" vma 7ec3b90000
 ScreenDecoratio-2174  [004] ....  1927.797542: do_swap_page: swapin tgid 1648 pid 2174 name "ScreenDecoratio" vma 13df2000
 ScreenDecoratio-2174  [004] ....  1927.797549: do_swap_page: swapin tgid 1648 pid 2174 name "ScreenDecoratio" vma 13df1000
 m.android.phone-1868  [004] ....  1927.797650: do_swap_page: swapin tgid 1868 pid 1868 name "m.android.phone" vma 725ee000
           <...>-2791  [004] ....  1927.797686: do_swap_page: swapin tgid 1852 pid 2791 name "Binder:1852_4" vma 7fbe241000
           <...>-2791  [004] ....  1927.797693: do_swap_page: swapin tgid 1852 pid 2791 name "Binder:1852_4" vma 7fbe1e9000
           <...>-2426  [004] ....  1927.797718: do_swap_page: swapin tgid 1928 pid 2426 name "Binder:1928_4" vma 7fb9f9d000
           <...>-2426  [004] ....  1927.797726: do_swap_page: swapin tgid 1928 pid 2426 name "Binder:1928_4" vma 7fbe2f1000
           <...>-2426  [004] ....  1927.797729: do_swap_page: swapin tgid 1928 pid 2426 name "Binder:1928_4" vma 7fbe241000
           <...>-2214  [004] ....  1927.797754: do_swap_page: swapin tgid 1760 pid 2214 name "Binder:1760_4" vma 7fb9f9d000
           <...>-2214  [004] ....  1927.797761: do_swap_page: swapin tgid 1760 pid 2214 name "Binder:1760_4" vma 7fbe2df000
           <...>-2214  [004] ....  1927.797765: do_swap_page: swapin tgid 1760 pid 2214 name "Binder:1760_4" vma 7fbe241000
           <...>-2791  [004] ....  1927.797811: do_swap_page: swapin tgid 1852 pid 2791 name "Binder:1852_4" vma 7fbe1e9000
           <...>-2791  [004] ....  1927.797820: do_swap_page: swapin tgid 1852 pid 2791 name "Binder:1852_4" vma 7f393d8000
 m.android.phone-1868  [004] ....  1927.798048: do_swap_page: swapin tgid 1868 pid 1868 name "m.android.phone" vma 72918000
 m.android.phone-1868  [004] ....  1927.798074: do_swap_page: swapin tgid 1868 pid 1868 name "m.android.phone" vma 728ab000
 m.android.phone-1868  [004] ....  1927.798078: do_swap_page: swapin tgid 1868 pid 1868 name "m.android.phone" vma 728ac000
 m.android.phone-1868  [004] ....  1927.798081: do_swap_page: swapin tgid 1868 pid 1868 name "m.android.phone" vma 72849000
 m.android.phone-1868  [004] ....  1927.798090: do_swap_page: swapin tgid 1868 pid 1868 name "m.android.phone" vma 7284a000
 m.android.phone-1868  [004] ....  1927.798102: do_swap_page: swapin tgid 1868 pid 1868 name "m.android.phone" vma 7281f000
 m.android.phone-1868  [004] ....  1927.798122: do_swap_page: swapin tgid 1868 pid 1868 name "m.android.phone" vma 7f28a54000
           <...>-2426  [004] ....  1927.798243: do_swap_page: swapin tgid 1928 pid 2426 name "Binder:1928_4" vma 7fbe241000
           <...>-2426  [004] ....  1927.798250: do_swap_page: swapin tgid 1928 pid 2426 name "Binder:1928_4" vma 7fbe1e9000
           <...>-2214  [004] ....  1927.798277: do_swap_page: swapin tgid 1760 pid 2214 name "Binder:1760_4" vma 7fbe241000
           <...>-2214  [004] ....  1927.798285: do_swap_page: swapin tgid 1760 pid 2214 name "Binder:1760_4" vma 7fbe1e9000
           <...>-2791  [004] ....  1927.798313: do_swap_page: swapin tgid 1852 pid 2791 name "Binder:1852_4" vma 7f393d8000
           <...>-2791  [004] ....  1927.798320: do_swap_page: swapin tgid 1852 pid 2791 name "Binder:1852_4" vma 7fbe165000
           <...>-2426  [004] ....  1927.798371: do_swap_page: swapin tgid 1928 pid 2426 name "Binder:1928_4" vma 7fbe1e9000
           <...>-2426  [004] ....  1927.798380: do_swap_page: swapin tgid 1928 pid 2426 name "Binder:1928_4" vma 7f393d8000
           <...>-2214  [004] ....  1927.798421: do_swap_page: swapin tgid 1760 pid 2214 name "Binder:1760_4" vma 7fbe1e9000
           <...>-2214  [004] ....  1927.798429: do_swap_page: swapin tgid 1760 pid 2214 name "Binder:1760_4" vma 7f393d8000
      android.ui-1355  [004] ....  1927.798591: do_swap_page: swapin tgid 1333 pid 1355 name "android.ui" vma 7ed0e77000
      android.ui-1355  [004] ....  1927.798616: do_swap_page: swapin tgid 1333 pid 1355 name "android.ui" vma 7ed0f1f000
      android.ui-1355  [004] ....  1927.798698: do_swap_page: swapin tgid 1333 pid 1355 name "android.ui" vma 7f2d6b1000
           <...>-1358  [004] ....  1927.798749: do_swap_page: swapin tgid 1333 pid 1358 name "android.anim" vma 7ecc826000
           <...>-1358  [004] ....  1927.798760: do_swap_page: swapin tgid 1333 pid 1358 name "android.anim" vma 7ecc824000
           <...>-1358  [004] ....  1927.798764: do_swap_page: swapin tgid 1333 pid 1358 name "android.anim" vma 7ecc823000
           <...>-1358  [004] ....  1927.798786: do_swap_page: swapin tgid 1333 pid 1358 name "android.anim" vma 7f28b15000
           <...>-1358  [004] ....  1927.798790: do_swap_page: swapin tgid 1333 pid 1358 name "android.anim" vma 7f28b1f000
           <...>-1358  [004] ....  1927.798793: do_swap_page: swapin tgid 1333 pid 1358 name "android.anim" vma 7f28bd7000
           <...>-1358  [004] ....  1927.798801: do_swap_page: swapin tgid 1333 pid 1358 name "android.anim" vma 7fbe166000
           <...>-1358  [004] ....  1927.798831: do_swap_page: swapin tgid 1333 pid 1358 name "android.anim" vma 7e83745000
           <...>-1358  [004] ....  1927.798843: do_swap_page: swapin tgid 1333 pid 1358 name "android.anim" vma 9eb64000
 ScreenDecoratio-2174  [004] ....  1927.798994: do_swap_page: swapin tgid 1648 pid 2174 name "ScreenDecoratio" vma 9ead5000
           <...>-1358  [004] ....  1927.799029: do_swap_page: swapin tgid 1333 pid 1358 name "android.anim" vma 9eb64000
           <...>-1358  [004] ....  1927.799167: do_swap_page: swapin tgid 1333 pid 1358 name "android.anim" vma 7ecc822000
           <...>-747   [004] ....  1927.799503: do_swap_page: swapin tgid 600 pid 747 name "Binder:600_3" vma 7fbdb21000
           <...>-2791  [004] ....  1927.799586: do_swap_page: swapin tgid 1852 pid 2791 name "Binder:1852_4" vma 7fbe165000
           <...>-2791  [004] ....  1927.799594: do_swap_page: swapin tgid 1852 pid 2791 name "Binder:1852_4" vma 7f28bce000
           <...>-2791  [004] ....  1927.799598: do_swap_page: swapin tgid 1852 pid 2791 name "Binder:1852_4" vma 7fbd2d1000
           <...>-747   [004] ....  1927.799674: do_swap_page: swapin tgid 600 pid 747 name "Binder:600_3" vma 7fbdb21000
           <...>-1358  [004] ....  1927.799833: do_swap_page: swapin tgid 1333 pid 1358 name "android.anim" vma 7f28b33000
           <...>-1358  [004] ....  1927.799850: do_swap_page: swapin tgid 1333 pid 1358 name "android.anim" vma 9eb32000
           <...>-2426  [004] ....  1927.799880: do_swap_page: swapin tgid 1928 pid 2426 name "Binder:1928_4" vma 7f393d8000
           <...>-2426  [004] ....  1927.799888: do_swap_page: swapin tgid 1928 pid 2426 name "Binder:1928_4" vma 7fbe165000
           <...>-2214  [004] ....  1927.799916: do_swap_page: swapin tgid 1760 pid 2214 name "Binder:1760_4" vma 7f393d8000
           <...>-2214  [004] ....  1927.799924: do_swap_page: swapin tgid 1760 pid 2214 name "Binder:1760_4" vma 7fbe165000
           <...>-2791  [004] ....  1927.799971: do_swap_page: swapin tgid 1852 pid 2791 name "Binder:1852_4" vma 7fbd2d1000
           <...>-2791  [004] ....  1927.799978: do_swap_page: swapin tgid 1852 pid 2791 name "Binder:1852_4" vma 7fbd771000
           <...>-1358  [004] ....  1927.800014: do_swap_page: swapin tgid 1333 pid 1358 name "android.anim" vma 9eb32000
           <...>-1358  [004] ....  1927.800035: do_swap_page: swapin tgid 1333 pid 1358 name "android.anim" vma 7ed0eec000
           <...>-1358  [004] ....  1927.800115: do_swap_page: swapin tgid 1333 pid 1358 name "android.anim" vma 7e68f12000
           <...>-1358  [004] ....  1927.800123: do_swap_page: swapin tgid 1333 pid 1358 name "android.anim" vma 7f28b37000
           <...>-1358  [004] ....  1927.800132: do_swap_page: swapin tgid 1333 pid 1358 name "android.anim" vma 7f28b20000
           <...>-1358  [004] ....  1927.800156: do_swap_page: swapin tgid 1333 pid 1358 name "android.anim" vma 7e5d1f8000
           <...>-2426  [004] ....  1927.800189: do_swap_page: swapin tgid 1928 pid 2426 name "Binder:1928_4" vma 7fbe165000
           <...>-2426  [004] ....  1927.800196: do_swap_page: swapin tgid 1928 pid 2426 name "Binder:1928_4" vma 7f2d6a2000
           <...>-2426  [004] ....  1927.800201: do_swap_page: swapin tgid 1928 pid 2426 name "Binder:1928_4" vma 7fbd2d1000
           <...>-2214  [004] ....  1927.800228: do_swap_page: swapin tgid 1760 pid 2214 name "Binder:1760_4" vma 7fbe165000
           <...>-2214  [004] ....  1927.800235: do_swap_page: swapin tgid 1760 pid 2214 name "Binder:1760_4" vma 7f2d6ba000
           <...>-2214  [004] ....  1927.800239: do_swap_page: swapin tgid 1760 pid 2214 name "Binder:1760_4" vma 7fbd2d1000
 ScreenDecoratio-2174  [004] ....  1927.800269: do_swap_page: swapin tgid 1648 pid 2174 name "ScreenDecoratio" vma 9ead5000
 ScreenDecoratio-2174  [004] ....  1927.800276: do_swap_page: swapin tgid 1648 pid 2174 name "ScreenDecoratio" vma 9ea14000
           <...>-2791  [004] ....  1927.800303: do_swap_page: swapin tgid 1852 pid 2791 name "Binder:1852_4" vma 7fbd771000
           <...>-2791  [004] ....  1927.800308: do_swap_page: swapin tgid 1852 pid 2791 name "Binder:1852_4" vma 7f28b19000
           <...>-2791  [004] ....  1927.800332: do_swap_page: swapin tgid 1852 pid 2791 name "Binder:1852_4" vma 7f393d6000
           <...>-2791  [004] ....  1927.800338: do_swap_page: swapin tgid 1852 pid 2791 name "Binder:1852_4" vma 7fbe23c000
           <...>-1358  [004] ....  1927.800378: do_swap_page: swapin tgid 1333 pid 1358 name "android.anim" vma 7e5d1f8000
           <...>-1358  [004] ....  1927.800438: do_swap_page: swapin tgid 1333 pid 1358 name "android.anim" vma 7eb4ea4000
           <...>-1358  [004] ....  1927.800498: do_swap_page: swapin tgid 1333 pid 1358 name "android.anim" vma 7e83596000
           <...>-1358  [004] ....  1927.800532: do_swap_page: swapin tgid 1333 pid 1358 name "android.anim" vma 7ed0c62000
           <...>-1358  [004] ....  1927.800579: do_swap_page: swapin tgid 1333 pid 1358 name "android.anim" vma 7ed0e7a000
           <...>-1358  [004] ....  1927.800611: do_swap_page: swapin tgid 1333 pid 1358 name "android.anim" vma 7e4ad9d000
           <...>-1358  [004] ....  1927.800619: do_swap_page: swapin tgid 1333 pid 1358 name "android.anim" vma 7e4ad9e000
           <...>-1358  [004] ....  1927.800655: do_swap_page: swapin tgid 1333 pid 1358 name "android.anim" vma 7f28b34000
           <...>-1358  [004] ....  1927.800671: do_swap_page: swapin tgid 1333 pid 1358 name "android.anim" vma 7e4ad9c000
           <...>-2426  [004] ....  1927.800723: do_swap_page: swapin tgid 1928 pid 2426 name "Binder:1928_4" vma 7fbd2d1000
           <...>-2426  [004] ....  1927.800731: do_swap_page: swapin tgid 1928 pid 2426 name "Binder:1928_4" vma 7fbd771000
           <...>-2214  [004] ....  1927.800758: do_swap_page: swapin tgid 1760 pid 2214 name "Binder:1760_4" vma 7fbd2d1000
           <...>-2214  [004] ....  1927.800764: do_swap_page: swapin tgid 1760 pid 2214 name "Binder:1760_4" vma 7fbd771000
 ScreenDecoratio-2174  [004] ....  1927.800792: do_swap_page: swapin tgid 1648 pid 2174 name "ScreenDecoratio" vma 9ea14000
 ScreenDecoratio-2174  [004] ....  1927.800799: do_swap_page: swapin tgid 1648 pid 2174 name "ScreenDecoratio" vma 13dba000
           <...>-2426  [004] ....  1927.800951: do_swap_page: swapin tgid 1928 pid 2426 name "Binder:1928_4" vma 7fbd771000
           <...>-2426  [004] ....  1927.800957: do_swap_page: swapin tgid 1928 pid 2426 name "Binder:1928_4" vma 7f2d61a000
           <...>-2426  [004] ....  1927.800961: do_swap_page: swapin tgid 1928 pid 2426 name "Binder:1928_4" vma 7f393d6000
           <...>-2426  [004] ....  1927.800963: do_swap_page: swapin tgid 1928 pid 2426 name "Binder:1928_4" vma 7fbe23c000
           <...>-2791  [004] ....  1927.800989: do_swap_page: swapin tgid 1852 pid 2791 name "Binder:1852_4" vma 7fbe23c000
           <...>-2791  [004] ....  1927.800996: do_swap_page: swapin tgid 1852 pid 2791 name "Binder:1852_4" vma 7f318dc000
           <...>-2214  [004] ....  1927.801024: do_swap_page: swapin tgid 1760 pid 2214 name "Binder:1760_4" vma 7fbd771000
           <...>-2214  [004] ....  1927.801030: do_swap_page: swapin tgid 1760 pid 2214 name "Binder:1760_4" vma 7f2d61b000
           <...>-2214  [004] ....  1927.801036: do_swap_page: swapin tgid 1760 pid 2214 name "Binder:1760_4" vma 7f393d6000
           <...>-2426  [004] ....  1927.801280: do_swap_page: swapin tgid 1928 pid 2426 name "Binder:1928_4" vma 7fbe23c000
           <...>-2426  [004] ....  1927.801287: do_swap_page: swapin tgid 1928 pid 2426 name "Binder:1928_4" vma 7f318dc000
           <...>-2791  [004] ....  1927.801312: do_swap_page: swapin tgid 1852 pid 2791 name "Binder:1852_4" vma 7f318dc000
           <...>-2791  [004] ....  1927.801321: do_swap_page: swapin tgid 1852 pid 2791 name "Binder:1852_4" vma 13283000
           <...>-2426  [004] ....  1927.801674: do_swap_page: swapin tgid 1928 pid 2426 name "Binder:1928_4" vma 7f318dc000
           <...>-2426  [004] ....  1927.801682: do_swap_page: swapin tgid 1928 pid 2426 name "Binder:1928_4" vma 136c8000
           <...>-2214  [004] ....  1927.801712: do_swap_page: swapin tgid 1760 pid 2214 name "Binder:1760_4" vma 7fbe23c000
           <...>-2791  [004] ....  1927.801739: do_swap_page: swapin tgid 1852 pid 2791 name "Binder:1852_4" vma 13283000
           <...>-2791  [004] ....  1927.801747: do_swap_page: swapin tgid 1852 pid 2791 name "Binder:1852_4" vma 7fbe286000
           <...>-2791  [004] ....  1927.801751: do_swap_page: swapin tgid 1852 pid 2791 name "Binder:1852_4" vma 7fbe285000
           <...>-2791  [004] ....  1927.801754: do_swap_page: swapin tgid 1852 pid 2791 name "Binder:1852_4" vma 7f393d7000
 ScreenDecoratio-2174  [004] ....  1927.801793: do_swap_page: swapin tgid 1648 pid 2174 name "ScreenDecoratio" vma 9e8d9000
 ScreenDecoratio-2174  [004] ....  1927.801810: do_swap_page: swapin tgid 1648 pid 2174 name "ScreenDecoratio" vma 13d97000
 ScreenDecoratio-2174  [004] ....  1927.801822: do_swap_page: swapin tgid 1648 pid 2174 name "ScreenDecoratio" vma 9e9a9000
           <...>-2214  [004] ....  1927.801875: do_swap_page: swapin tgid 1760 pid 2214 name "Binder:1760_4" vma 7fbe23c000
           <...>-2214  [004] ....  1927.801898: do_swap_page: swapin tgid 1760 pid 2214 name "Binder:1760_4" vma 7f2d6bb000
           <...>-2214  [004] ....  1927.801902: do_swap_page: swapin tgid 1760 pid 2214 name "Binder:1760_4" vma 7f318dc000
           <...>-2426  [004] ....  1927.801924: do_swap_page: swapin tgid 1928 pid 2426 name "Binder:1928_4" vma 136c8000
           <...>-2426  [004] ....  1927.801932: do_swap_page: swapin tgid 1928 pid 2426 name "Binder:1928_4" vma 7fbe286000
           <...>-2426  [004] ....  1927.801934: do_swap_page: swapin tgid 1928 pid 2426 name "Binder:1928_4" vma 7fbe285000
           <...>-2426  [004] ....  1927.801937: do_swap_page: swapin tgid 1928 pid 2426 name "Binder:1928_4" vma 7f393d7000
           <...>-2791  [004] ....  1927.801958: do_swap_page: swapin tgid 1852 pid 2791 name "Binder:1852_4" vma 7f393d7000
           <...>-2791  [004] ....  1927.801963: do_swap_page: swapin tgid 1852 pid 2791 name "Binder:1852_4" vma 7fbe1f8000
           <...>-2214  [004] ....  1927.802111: do_swap_page: swapin tgid 1760 pid 2214 name "Binder:1760_4" vma 7f318dc000
           <...>-2214  [004] ....  1927.802119: do_swap_page: swapin tgid 1760 pid 2214 name "Binder:1760_4" vma 13405000
           <...>-2426  [004] ....  1927.802161: do_swap_page: swapin tgid 1928 pid 2426 name "Binder:1928_4" vma 7f393d7000
           <...>-2426  [004] ....  1927.802166: do_swap_page: swapin tgid 1928 pid 2426 name "Binder:1928_4" vma 7fbe1f8000
           <...>-2791  [004] ....  1927.802188: do_swap_page: swapin tgid 1852 pid 2791 name "Binder:1852_4" vma 7fbe1f8000
           <...>-2791  [004] ....  1927.802197: do_swap_page: swapin tgid 1852 pid 2791 name "Binder:1852_4" vma 12d80000
           <...>-2791  [004] ....  1927.802205: do_swap_page: swapin tgid 1852 pid 2791 name "Binder:1852_4" vma 7fbe24e000
 android.display-1357  [004] ....  1927.802232: do_swap_page: swapin tgid 1333 pid 1357 name "android.display" vma 7e835b5000
 android.display-1357  [004] ....  1927.802398: do_swap_page: swapin tgid 1333 pid 1357 name "android.display" vma 7e8364d000
           <...>-2011  [004] ....  1927.802431: do_swap_page: swapin tgid 1981 pid 2011 name "Binder:1981_3" vma 7f28abc000
           <...>-2011  [004] ....  1927.802444: do_swap_page: swapin tgid 1981 pid 2011 name "Binder:1981_3" vma 7f2def1000
           <...>-2011  [004] ....  1927.802449: do_swap_page: swapin tgid 1981 pid 2011 name "Binder:1981_3" vma 7f2def2000
           <...>-2401  [004] ....  1927.802497: do_swap_page: swapin tgid 2250 pid 2401 name "Binder:2250_4" vma 7fbe241000
           <...>-4365  [004] ....  1927.802619: do_swap_page: swapin tgid 2374 pid 4365 name "Binder:2374_9" vma 7f2d615000
           <...>-4365  [004] ....  1927.802625: do_swap_page: swapin tgid 2374 pid 4365 name "Binder:2374_9" vma 7f2d61f000
           <...>-4365  [004] ....  1927.802627: do_swap_page: swapin tgid 2374 pid 4365 name "Binder:2374_9" vma 7f2d63b000
           <...>-4365  [004] ....  1927.802632: do_swap_page: swapin tgid 2374 pid 4365 name "Binder:2374_9" vma 7fb9f9d000
           <...>-4365  [004] ....  1927.802641: do_swap_page: swapin tgid 2374 pid 4365 name "Binder:2374_9" vma 7fbe241000
           <...>-2011  [004] ....  1927.802663: do_swap_page: swapin tgid 1981 pid 2011 name "Binder:1981_3" vma 7f2def2000
           <...>-2011  [004] ....  1927.802671: do_swap_page: swapin tgid 1981 pid 2011 name "Binder:1981_3" vma 7fbe1db000
           <...>-2011  [004] ....  1927.802681: do_swap_page: swapin tgid 1981 pid 2011 name "Binder:1981_3" vma 7fbe22b000
           <...>-2011  [004] ....  1927.802684: do_swap_page: swapin tgid 1981 pid 2011 name "Binder:1981_3" vma 7f28ac2000
           <...>-2011  [004] ....  1927.802686: do_swap_page: swapin tgid 1981 pid 2011 name "Binder:1981_3" vma 7f28bb9000
           <...>-2011  [004] ....  1927.802689: do_swap_page: swapin tgid 1981 pid 2011 name "Binder:1981_3" vma 7fbe241000
           <...>-2426  [004] ....  1927.802716: do_swap_page: swapin tgid 1928 pid 2426 name "Binder:1928_4" vma 7fbe1f8000
           <...>-2426  [004] ....  1927.802722: do_swap_page: swapin tgid 1928 pid 2426 name "Binder:1928_4" vma 7f28ef0000
 ScreenDecoratio-2174  [004] ....  1927.802752: do_swap_page: swapin tgid 1648 pid 2174 name "ScreenDecoratio" vma 9e9a9000
 ScreenDecoratio-2174  [004] ....  1927.802763: do_swap_page: swapin tgid 1648 pid 2174 name "ScreenDecoratio" vma 72983000
           <...>-2011  [004] ....  1927.802816: do_swap_page: swapin tgid 1981 pid 2011 name "Binder:1981_3" vma 7fbe241000
           <...>-2011  [004] ....  1927.802825: do_swap_page: swapin tgid 1981 pid 2011 name "Binder:1981_3" vma 7f28b90000
           <...>-2011  [004] ....  1927.802828: do_swap_page: swapin tgid 1981 pid 2011 name "Binder:1981_3" vma 7fbd771000
           <...>-2011  [004] ....  1927.802831: do_swap_page: swapin tgid 1981 pid 2011 name "Binder:1981_3" vma 7f28b18000
           <...>-2011  [004] ....  1927.802875: do_swap_page: swapin tgid 1981 pid 2011 name "Binder:1981_3" vma 13c29000
           <...>-4365  [004] ....  1927.802899: do_swap_page: swapin tgid 2374 pid 4365 name "Binder:2374_9" vma 7fbe241000
           <...>-4365  [004] ....  1927.802913: do_swap_page: swapin tgid 2374 pid 4365 name "Binder:2374_9" vma 7f393d6000
           <...>-4365  [004] ....  1927.802919: do_swap_page: swapin tgid 2374 pid 4365 name "Binder:2374_9" vma 12c86000
           <...>-2011  [004] ....  1927.803084: do_swap_page: swapin tgid 1981 pid 2011 name "Binder:1981_3" vma 13c29000
           <...>-2011  [004] ....  1927.803095: do_swap_page: swapin tgid 1981 pid 2011 name "Binder:1981_3" vma 7f2deef000
           <...>-2011  [004] ....  1927.803107: do_swap_page: swapin tgid 1981 pid 2011 name "Binder:1981_3" vma 7f3152c000
           <...>-2011  [004] ....  1927.803110: do_swap_page: swapin tgid 1981 pid 2011 name "Binder:1981_3" vma 7f2def0000
           <...>-2011  [004] ....  1927.803113: do_swap_page: swapin tgid 1981 pid 2011 name "Binder:1981_3" vma 12f04000
           <...>-2011  [004] ....  1927.803117: do_swap_page: swapin tgid 1981 pid 2011 name "Binder:1981_3" vma 13c15000
           <...>-2011  [004] ....  1927.803124: do_swap_page: swapin tgid 1981 pid 2011 name "Binder:1981_3" vma 7f2895f000
           <...>-2011  [004] ....  1927.803127: do_swap_page: swapin tgid 1981 pid 2011 name "Binder:1981_3" vma 7f28b1c000
           <...>-2011  [004] ....  1927.803130: do_swap_page: swapin tgid 1981 pid 2011 name "Binder:1981_3" vma 7f28b3f000
           <...>-2011  [004] ....  1927.803138: do_swap_page: swapin tgid 1981 pid 2011 name "Binder:1981_3" vma 13d38000
 droid.launcher3-1981  [004] ....  1927.803224: do_swap_page: swapin tgid 1981 pid 1981 name "droid.launcher3" vma 13d29000
 droid.launcher3-1981  [004] ....  1927.803229: do_swap_page: swapin tgid 1981 pid 1981 name "droid.launcher3" vma 13d2a000
 droid.launcher3-1981  [004] ....  1927.803264: do_swap_page: swapin tgid 1981 pid 1981 name "droid.launcher3" vma 72823000
 droid.launcher3-1981  [004] ....  1927.803285: do_swap_page: swapin tgid 1981 pid 1981 name "droid.launcher3" vma 7ec635c000
 droid.launcher3-1981  [004] ....  1927.803393: do_swap_page: swapin tgid 1981 pid 1981 name "droid.launcher3" vma 9e8a6000
           <...>-2011  [004] ....  1927.803425: do_swap_page: swapin tgid 1981 pid 2011 name "Binder:1981_3" vma 13d38000
           <...>-2011  [004] ....  1927.803431: do_swap_page: swapin tgid 1981 pid 2011 name "Binder:1981_3" vma 7fbe254000
           <...>-2011  [004] ....  1927.803439: do_swap_page: swapin tgid 1981 pid 2011 name "Binder:1981_3" vma 13c01000
           <...>-2011  [004] ....  1927.803443: do_swap_page: swapin tgid 1981 pid 2011 name "Binder:1981_3" vma 7fbe25e000
           <...>-2011  [004] ....  1927.803449: do_swap_page: swapin tgid 1981 pid 2011 name "Binder:1981_3" vma 7f2d690000
  UiThreadHelper-2022  [004] ....  1927.803478: do_swap_page: swapin tgid 1981 pid 2022 name "UiThreadHelper" vma 7ed10a1000
  UiThreadHelper-2022  [004] ....  1927.803487: do_swap_page: swapin tgid 1981 pid 2022 name "UiThreadHelper" vma 7ed10a2000
 droid.launcher3-1981  [004] ....  1927.803526: do_swap_page: swapin tgid 1981 pid 1981 name "droid.launcher3" vma 9e8a6000
 droid.launcher3-1981  [004] ....  1927.803532: do_swap_page: swapin tgid 1981 pid 1981 name "droid.launcher3" vma 9e930000
 droid.launcher3-1981  [004] ....  1927.803544: do_swap_page: swapin tgid 1981 pid 1981 name "droid.launcher3" vma 9e822000
           <...>-4365  [004] ....  1927.803581: do_swap_page: swapin tgid 2374 pid 4365 name "Binder:2374_9" vma 12c86000
           <...>-4365  [004] ....  1927.803589: do_swap_page: swapin tgid 2374 pid 4365 name "Binder:2374_9" vma 7fbe286000
           <...>-4365  [004] ....  1927.803592: do_swap_page: swapin tgid 2374 pid 4365 name "Binder:2374_9" vma 7fbe285000
           <...>-4365  [004] ....  1927.803594: do_swap_page: swapin tgid 2374 pid 4365 name "Binder:2374_9" vma 7f393d7000
  UiThreadHelper-2022  [004] ....  1927.803711: do_swap_page: swapin tgid 1981 pid 2022 name "UiThreadHelper" vma 7ed10a2000
  UiThreadHelper-2022  [004] ....  1927.803718: do_swap_page: swapin tgid 1981 pid 2022 name "UiThreadHelper" vma 7f28ba1000
  UiThreadHelper-2022  [004] ....  1927.803721: do_swap_page: swapin tgid 1981 pid 2022 name "UiThreadHelper" vma 7f28ba2000
  UiThreadHelper-2022  [004] ....  1927.803735: do_swap_page: swapin tgid 1981 pid 2022 name "UiThreadHelper" vma 7f28b19000
  UiThreadHelper-2022  [004] ....  1927.803738: do_swap_page: swapin tgid 1981 pid 2022 name "UiThreadHelper" vma 7ed10a0000
  UiThreadHelper-2022  [004] ....  1927.803747: do_swap_page: swapin tgid 1981 pid 2022 name "UiThreadHelper" vma 7f312bd000
  UiThreadHelper-2022  [004] ....  1927.803750: do_swap_page: swapin tgid 1981 pid 2022 name "UiThreadHelper" vma 12d66000
  UiThreadHelper-2022  [004] ....  1927.803754: do_swap_page: swapin tgid 1981 pid 2022 name "UiThreadHelper" vma 13d28000
  UiThreadHelper-2022  [004] ....  1927.803756: do_swap_page: swapin tgid 1981 pid 2022 name "UiThreadHelper" vma 9e94a000
 droid.launcher3-1981  [004] ....  1927.803787: do_swap_page: swapin tgid 1981 pid 1981 name "droid.launcher3" vma 9e822000
 droid.launcher3-1981  [004] ....  1927.803790: do_swap_page: swapin tgid 1981 pid 1981 name "droid.launcher3" vma 9e919000
           <...>-2214  [004] ....  1927.803804: do_swap_page: swapin tgid 1760 pid 2214 name "Binder:1760_4" vma 13405000
           <...>-2214  [004] ....  1927.803816: do_swap_page: swapin tgid 1760 pid 2214 name "Binder:1760_4" vma 7fbe286000
           <...>-2214  [004] ....  1927.803818: do_swap_page: swapin tgid 1760 pid 2214 name "Binder:1760_4" vma 7fbe285000
           <...>-2214  [004] ....  1927.803820: do_swap_page: swapin tgid 1760 pid 2214 name "Binder:1760_4" vma 7f393d7000
           <...>-2791  [004] ....  1927.803846: do_swap_page: swapin tgid 1852 pid 2791 name "Binder:1852_4" vma 7fbe24e000
           <...>-2791  [004] ....  1927.803855: do_swap_page: swapin tgid 1852 pid 2791 name "Binder:1852_4" vma 7f312bd000
           <...>-2791  [004] ....  1927.803860: do_swap_page: swapin tgid 1852 pid 2791 name "Binder:1852_4" vma 7ed05c1000
           <...>-2791  [004] ....  1927.803862: do_swap_page: swapin tgid 1852 pid 2791 name "Binder:1852_4" vma 12d81000
           <...>-2791  [004] ....  1927.803885: do_swap_page: swapin tgid 1852 pid 2791 name "Binder:1852_4" vma 7f34eef000
           <...>-2791  [004] ....  1927.803888: do_swap_page: swapin tgid 1852 pid 2791 name "Binder:1852_4" vma 13282000
           <...>-2791  [004] ....  1927.803894: do_swap_page: swapin tgid 1852 pid 2791 name "Binder:1852_4" vma 7fbe1e7000
  UiThreadHelper-2022  [004] ....  1927.803924: do_swap_page: swapin tgid 1981 pid 2022 name "UiThreadHelper" vma 9e94a000
  UiThreadHelper-2022  [004] ....  1927.803929: do_swap_page: swapin tgid 1981 pid 2022 name "UiThreadHelper" vma 9e926000
  UiThreadHelper-2022  [004] ....  1927.803932: do_swap_page: swapin tgid 1981 pid 2022 name "UiThreadHelper" vma 9e905000
  UiThreadHelper-2022  [004] ....  1927.803936: do_swap_page: swapin tgid 1981 pid 2022 name "UiThreadHelper" vma 13c2f000
           <...>-4365  [004] ....  1927.803973: do_swap_page: swapin tgid 2374 pid 4365 name "Binder:2374_9" vma 7f393d7000
           <...>-4365  [004] ....  1927.803979: do_swap_page: swapin tgid 2374 pid 4365 name "Binder:2374_9" vma 7fbe1f8000
           <...>-4365  [004] ....  1927.804002: do_swap_page: swapin tgid 2374 pid 4365 name "Binder:2374_9" vma 12c80000
           <...>-4365  [004] ....  1927.804005: do_swap_page: swapin tgid 2374 pid 4365 name "Binder:2374_9" vma 12d4a000
           <...>-4365  [004] ....  1927.804011: do_swap_page: swapin tgid 2374 pid 4365 name "Binder:2374_9" vma 7fbe24e000
 droid.launcher3-1981  [004] ....  1927.804042: do_swap_page: swapin tgid 1981 pid 1981 name "droid.launcher3" vma 9e919000
 droid.launcher3-1981  [004] ....  1927.804047: do_swap_page: swapin tgid 1981 pid 1981 name "droid.launcher3" vma 9e91a000
  UiThreadHelper-2022  [004] ....  1927.804094: do_swap_page: swapin tgid 1981 pid 2022 name "UiThreadHelper" vma 13c2f000
  UiThreadHelper-2022  [004] ....  1927.804105: do_swap_page: swapin tgid 1981 pid 2022 name "UiThreadHelper" vma 13c36000
  UiThreadHelper-2022  [004] ....  1927.804119: do_swap_page: swapin tgid 1981 pid 2022 name "UiThreadHelper" vma 12e71000
  UiThreadHelper-2022  [004] ....  1927.804121: do_swap_page: swapin tgid 1981 pid 2022 name "UiThreadHelper" vma 12e77000
  UiThreadHelper-2022  [004] ....  1927.804130: do_swap_page: swapin tgid 1981 pid 2022 name "UiThreadHelper" vma 7f28ba6000
  UiThreadHelper-2022  [004] ....  1927.804132: do_swap_page: swapin tgid 1981 pid 2022 name "UiThreadHelper" vma 7f28ba7000
  UiThreadHelper-2022  [004] ....  1927.804134: do_swap_page: swapin tgid 1981 pid 2022 name "UiThreadHelper" vma 7f2d67d000
  UiThreadHelper-2022  [004] ....  1927.804137: do_swap_page: swapin tgid 1981 pid 2022 name "UiThreadHelper" vma 7f2d6d0000
  UiThreadHelper-2022  [004] ....  1927.804140: do_swap_page: swapin tgid 1981 pid 2022 name "UiThreadHelper" vma 7f2d667000
  UiThreadHelper-2022  [004] ....  1927.804142: do_swap_page: swapin tgid 1981 pid 2022 name "UiThreadHelper" vma 7ecdcf0000
  UiThreadHelper-2022  [004] ....  1927.804149: do_swap_page: swapin tgid 1981 pid 2022 name "UiThreadHelper" vma 7f2d669000
  UiThreadHelper-2022  [004] ....  1927.804152: do_swap_page: swapin tgid 1981 pid 2022 name "UiThreadHelper" vma 13d2c000
           <...>-4365  [004] ....  1927.804197: do_swap_page: swapin tgid 2374 pid 4365 name "Binder:2374_9" vma 7fbe24e000
           <...>-4365  [004] ....  1927.804208: do_swap_page: swapin tgid 2374 pid 4365 name "Binder:2374_9" vma 7fbe06b000
           <...>-4365  [004] ....  1927.804212: do_swap_page: swapin tgid 2374 pid 4365 name "Binder:2374_9" vma 7f29efd000
           <...>-4365  [004] ....  1927.804214: do_swap_page: swapin tgid 2374 pid 4365 name "Binder:2374_9" vma 12d00000
           <...>-4365  [004] ....  1927.804220: do_swap_page: swapin tgid 2374 pid 4365 name "Binder:2374_9" vma 7f34eef000
           <...>-4365  [004] ....  1927.804222: do_swap_page: swapin tgid 2374 pid 4365 name "Binder:2374_9" vma 12c83000
           <...>-4365  [004] ....  1927.804225: do_swap_page: swapin tgid 2374 pid 4365 name "Binder:2374_9" vma 7fbe1e7000
 droid.launcher3-1981  [004] ....  1927.804267: do_swap_page: swapin tgid 1981 pid 1981 name "droid.launcher3" vma 9e91a000
 droid.launcher3-1981  [004] ....  1927.804281: do_swap_page: swapin tgid 1981 pid 1981 name "droid.launcher3" vma 12fc7000
 droid.launcher3-1981  [004] ....  1927.804285: do_swap_page: swapin tgid 1981 pid 1981 name "droid.launcher3" vma 7fbe1f9000
  UiThreadHelper-2022  [004] ....  1927.804315: do_swap_page: swapin tgid 1981 pid 2022 name "UiThreadHelper" vma 13d2c000
  UiThreadHelper-2022  [004] ....  1927.804323: do_swap_page: swapin tgid 1981 pid 2022 name "UiThreadHelper" vma 7fbe1ca000
           <...>-2426  [004] ....  1927.804345: do_swap_page: swapin tgid 1928 pid 2426 name "Binder:1928_4" vma 7f28ef0000
           <...>-2426  [004] ....  1927.804353: do_swap_page: swapin tgid 1928 pid 2426 name "Binder:1928_4" vma 136c0000
           <...>-2214  [004] ....  1927.804378: do_swap_page: swapin tgid 1760 pid 2214 name "Binder:1760_4" vma 7f393d7000
           <...>-2214  [004] ....  1927.804384: do_swap_page: swapin tgid 1760 pid 2214 name "Binder:1760_4" vma 7fbe1f8000
 droid.launcher3-1981  [004] ....  1927.804429: do_swap_page: swapin tgid 1981 pid 1981 name "droid.launcher3" vma 7fbe1f9000
 droid.launcher3-1981  [004] ....  1927.804437: do_swap_page: swapin tgid 1981 pid 1981 name "droid.launcher3" vma 9e913000
