           <...>-2503  [004] ....  6133.759160: do_swap_page: swapin tgid 1981 pid 2503 name "RenderThread" vma 7ecb7a1000
           <...>-2503  [004] ....  6133.759164: do_swap_page: swapin tgid 1981 pid 2503 name "RenderThread" vma 7ecb53b000
           <...>-2503  [004] ....  6133.759169: do_swap_page: swapin tgid 1981 pid 2503 name "RenderThread" vma 7ecb404000
           <...>-2503  [004] ....  6133.759172: do_swap_page: swapin tgid 1981 pid 2503 name "RenderThread" vma 7f2d7c1000
           <...>-2503  [004] ....  6133.759175: do_swap_page: swapin tgid 1981 pid 2503 name "RenderThread" vma 7ecb542000
           <...>-2503  [004] ....  6133.759179: do_swap_page: swapin tgid 1981 pid 2503 name "RenderThread" vma 7ecb5f2000
           <...>-2503  [004] ....  6133.759188: do_swap_page: swapin tgid 1981 pid 2503 name "RenderThread" vma 7f2d61b000
           <...>-2503  [004] ....  6133.759191: do_swap_page: swapin tgid 1981 pid 2503 name "RenderThread" vma 7ecb5cb000
           <...>-2503  [004] ....  6133.759285: do_swap_page: swapin tgid 1981 pid 2503 name "RenderThread" vma 7f2986d000
           <...>-2503  [004] ....  6133.759346: do_swap_page: swapin tgid 1981 pid 2503 name "RenderThread" vma 7ecb7a2000
           <...>-2503  [004] ....  6133.759349: do_swap_page: swapin tgid 1981 pid 2503 name "RenderThread" vma 7f2d810000
           <...>-2503  [004] ....  6133.759350: do_swap_page: swapin tgid 1981 pid 2503 name "RenderThread" vma 7ecb4d1000
           <...>-2503  [004] ....  6133.759356: do_swap_page: swapin tgid 1981 pid 2503 name "RenderThread" vma 7ecb794000
           <...>-2503  [004] ....  6133.759359: do_swap_page: swapin tgid 1981 pid 2503 name "RenderThread" vma 7ecb422000
           <...>-2503  [004] ....  6133.759360: do_swap_page: swapin tgid 1981 pid 2503 name "RenderThread" vma 7ecb421000
           <...>-2503  [004] ....  6133.759365: do_swap_page: swapin tgid 1981 pid 2503 name "RenderThread" vma 7f2d699000
           <...>-2503  [004] ....  6133.759367: do_swap_page: swapin tgid 1981 pid 2503 name "RenderThread" vma 7ecb5ca000
           <...>-2503  [004] ....  6133.759379: do_swap_page: swapin tgid 1981 pid 2503 name "RenderThread" vma 7ecb790000
           <...>-2503  [004] ....  6133.759383: do_swap_page: swapin tgid 1981 pid 2503 name "RenderThread" vma 7ecb5eb000
           <...>-2503  [004] ....  6133.759386: do_swap_page: swapin tgid 1981 pid 2503 name "RenderThread" vma 7f2d67f000
           <...>-2503  [004] ....  6133.759393: do_swap_page: swapin tgid 1981 pid 2503 name "RenderThread" vma 7ecb7b6000
           <...>-2503  [004] ....  6133.759395: do_swap_page: swapin tgid 1981 pid 2503 name "RenderThread" vma 7ecb7b7000
           <...>-2503  [004] ....  6133.759399: do_swap_page: swapin tgid 1981 pid 2503 name "RenderThread" vma 7ecb600000
           <...>-2503  [004] ....  6133.759518: do_swap_page: swapin tgid 1981 pid 2503 name "RenderThread" vma 7ecb600000
           <...>-2503  [004] ....  6133.759524: do_swap_page: swapin tgid 1981 pid 2503 name "RenderThread" vma 7f2d7c2000
           <...>-2503  [004] ....  6133.759527: do_swap_page: swapin tgid 1981 pid 2503 name "RenderThread" vma 7ecb7e9000
           <...>-2503  [004] ....  6133.759529: do_swap_page: swapin tgid 1981 pid 2503 name "RenderThread" vma 7f2d7b8000
           <...>-2503  [004] ....  6133.759531: do_swap_page: swapin tgid 1981 pid 2503 name "RenderThread" vma 7ecb433000
           <...>-2503  [004] ....  6133.759699: do_swap_page: swapin tgid 1981 pid 2503 name "RenderThread" vma 7ecb433000
           <...>-2503  [004] ....  6133.759704: do_swap_page: swapin tgid 1981 pid 2503 name "RenderThread" vma 7ecb4e0000
 droid.launcher3-1981  [004] ....  6133.759813: do_swap_page: swapin tgid 1981 pid 1981 name "droid.launcher3" vma 7ec6383000
 droid.launcher3-1981  [004] ....  6133.759827: do_swap_page: swapin tgid 1981 pid 1981 name "droid.launcher3" vma 7f2898b000
 droid.launcher3-1981  [004] ....  6133.759835: do_swap_page: swapin tgid 1981 pid 1981 name "droid.launcher3" vma 7ecdbb3000
 droid.launcher3-1981  [004] ....  6133.759841: do_swap_page: swapin tgid 1981 pid 1981 name "droid.launcher3" vma 7ecdbeb000
           <...>-2503  [004] ....  6133.759873: do_swap_page: swapin tgid 1981 pid 2503 name "RenderThread" vma 7ecb4e0000
           <...>-2503  [004] ....  6133.759876: do_swap_page: swapin tgid 1981 pid 2503 name "RenderThread" vma 7ecdc3e000
 droid.launcher3-1981  [004] ....  6133.759898: do_swap_page: swapin tgid 1981 pid 1981 name "droid.launcher3" vma 7ecdbe7000
 droid.launcher3-1981  [004] ....  6133.759906: do_swap_page: swapin tgid 1981 pid 1981 name "droid.launcher3" vma 7ecdbe8000
 droid.launcher3-1981  [004] ....  6133.759912: do_swap_page: swapin tgid 1981 pid 1981 name "droid.launcher3" vma 7ecdbe9000
 droid.launcher3-1981  [004] ....  6133.759917: do_swap_page: swapin tgid 1981 pid 1981 name "droid.launcher3" vma 7ec7deb000
 droid.launcher3-1981  [004] ....  6133.759923: do_swap_page: swapin tgid 1981 pid 1981 name "droid.launcher3" vma 7ec7dec000
 droid.launcher3-1981  [004] ....  6133.759929: do_swap_page: swapin tgid 1981 pid 1981 name "droid.launcher3" vma 7ec7ded000
 droid.launcher3-1981  [004] ....  6133.759937: do_swap_page: swapin tgid 1981 pid 1981 name "droid.launcher3" vma 7fbe299000
 droid.launcher3-1981  [004] ....  6133.759940: do_swap_page: swapin tgid 1981 pid 1981 name "droid.launcher3" vma 7ec7d49000
 droid.launcher3-1981  [004] ....  6133.759943: do_swap_page: swapin tgid 1981 pid 1981 name "droid.launcher3" vma 7ec7d4b000
 droid.launcher3-1981  [004] ....  6133.759953: do_swap_page: swapin tgid 1981 pid 1981 name "droid.launcher3" vma 7ecdc02000
 droid.launcher3-1981  [004] ....  6133.759956: do_swap_page: swapin tgid 1981 pid 1981 name "droid.launcher3" vma 7ecdbb4000
 droid.launcher3-1981  [004] ....  6133.760041: do_swap_page: swapin tgid 1981 pid 1981 name "droid.launcher3" vma 7ec7db9000
   Binder:1333_C-2078  [004] ....  6133.760361: do_swap_page: swapin tgid 1333 pid 2078 name "Binder:1333_C" vma 7e6367f000
           <...>-1458  [004] ....  6133.760436: do_swap_page: swapin tgid 1333 pid 1458 name "InputDispatcher" vma 7e5c66a000
           <...>-2503  [004] ....  6133.760463: do_swap_page: swapin tgid 1981 pid 2503 name "RenderThread" vma 7ecdc3e000
           <...>-2503  [004] ....  6133.760470: do_swap_page: swapin tgid 1981 pid 2503 name "RenderThread" vma 7ecb54c000
           <...>-2503  [004] ....  6133.760476: do_swap_page: swapin tgid 1981 pid 2503 name "RenderThread" vma 7f2d7b7000
           <...>-2503  [004] ....  6133.760477: do_swap_page: swapin tgid 1981 pid 2503 name "RenderThread" vma 7f2d6d1000
           <...>-2503  [004] ....  6133.760482: do_swap_page: swapin tgid 1981 pid 2503 name "RenderThread" vma 7ecb4df000
           <...>-2503  [004] ....  6133.760486: do_swap_page: swapin tgid 1981 pid 2503 name "RenderThread" vma 7ecb60c000
           <...>-2503  [004] ....  6133.760618: do_swap_page: swapin tgid 1981 pid 2503 name "RenderThread" vma 7ecb60c000
           <...>-2503  [004] ....  6133.760629: do_swap_page: swapin tgid 1981 pid 2503 name "RenderThread" vma 7ecb431000
           <...>-2503  [004] ....  6133.760632: do_swap_page: swapin tgid 1981 pid 2503 name "RenderThread" vma 7f2d7a2000
           <...>-2503  [004] ....  6133.760635: do_swap_page: swapin tgid 1981 pid 2503 name "RenderThread" vma 7ecb642000
           <...>-2503  [004] ....  6133.760754: do_swap_page: swapin tgid 1981 pid 2503 name "RenderThread" vma 7ecb642000
           <...>-2503  [004] ....  6133.760759: do_swap_page: swapin tgid 1981 pid 2503 name "RenderThread" vma 7ecb7bc000
           <...>-2503  [004] ....  6133.760766: do_swap_page: swapin tgid 1981 pid 2503 name "RenderThread" vma 7ecb4de000
           <...>-2503  [004] ....  6133.760772: do_swap_page: swapin tgid 1981 pid 2503 name "RenderThread" vma 7ecb7f2000
           <...>-2503  [004] ....  6133.760779: do_swap_page: swapin tgid 1981 pid 2503 name "RenderThread" vma 7ecb7a6000
           <...>-2503  [004] ....  6133.760898: do_swap_page: swapin tgid 1981 pid 2503 name "RenderThread" vma 7ecb7a6000
           <...>-2503  [004] ....  6133.760904: do_swap_page: swapin tgid 1981 pid 2503 name "RenderThread" vma 7f2d7c3000
           <...>-2503  [004] ....  6133.760909: do_swap_page: swapin tgid 1981 pid 2503 name "RenderThread" vma 7ecb5ef000
           <...>-2503  [004] ....  6133.760912: do_swap_page: swapin tgid 1981 pid 2503 name "RenderThread" vma 7f2d691000
           <...>-2503  [004] ....  6133.760918: do_swap_page: swapin tgid 1981 pid 2503 name "RenderThread" vma 7ecb78f000
           <...>-2503  [004] ....  6133.760938: do_swap_page: swapin tgid 1981 pid 2503 name "RenderThread" vma 7f20a7f000
           <...>-2503  [004] ....  6133.760973: do_swap_page: swapin tgid 1981 pid 2503 name "RenderThread" vma 7ecb7e7000
           <...>-2503  [004] ....  6133.760975: do_swap_page: swapin tgid 1981 pid 2503 name "RenderThread" vma 7ecb54b000
           <...>-2503  [004] ....  6133.760977: do_swap_page: swapin tgid 1981 pid 2503 name "RenderThread" vma 7ecb4e1000
           <...>-2791  [004] ....  6133.761052: do_swap_page: swapin tgid 1852 pid 2791 name "Binder:1852_4" vma 7fbe20a000
           <...>-2791  [004] ....  6133.761062: do_swap_page: swapin tgid 1852 pid 2791 name "Binder:1852_4" vma 7fbd2d4000
           <...>-2791  [004] ....  6133.761065: do_swap_page: swapin tgid 1852 pid 2791 name "Binder:1852_4" vma 7fbd2d0000
           <...>-2503  [004] ....  6133.761101: do_swap_page: swapin tgid 1981 pid 2503 name "RenderThread" vma 7ecb4e1000
           <...>-2503  [004] ....  6133.761106: do_swap_page: swapin tgid 1981 pid 2503 name "RenderThread" vma 7ecdc3d000
           <...>-2426  [004] ....  6133.761140: do_swap_page: swapin tgid 1928 pid 2426 name "Binder:1928_4" vma 7fbe1e7000
           <...>-2426  [004] ....  6133.761148: do_swap_page: swapin tgid 1928 pid 2426 name "Binder:1928_4" vma 7fbe17f000
   Binder:1730_2-1750  [004] ....  6133.761181: do_swap_page: swapin tgid 1730 pid 1750 name "Binder:1730_2" vma 7fbd2d0000
   Binder:1730_2-1750  [004] ....  6133.761191: do_swap_page: swapin tgid 1730 pid 1750 name "Binder:1730_2" vma 7f2895d000
   Binder:1730_2-1750  [004] ....  6133.761194: do_swap_page: swapin tgid 1730 pid 1750 name "Binder:1730_2" vma 7f2895e000
   Binder:1730_2-1750  [004] ....  6133.761200: do_swap_page: swapin tgid 1730 pid 1750 name "Binder:1730_2" vma 7f2d674000
   Binder:1730_2-1750  [004] ....  6133.761210: do_swap_page: swapin tgid 1730 pid 1750 name "Binder:1730_2" vma 7f2d61e000
   Binder:1730_2-1750  [004] ....  6133.761214: do_swap_page: swapin tgid 1730 pid 1750 name "Binder:1730_2" vma 7f2d16b000
           <...>-2214  [004] ....  6133.761241: do_swap_page: swapin tgid 1760 pid 2214 name "Binder:1760_4" vma 7fbe24e000
           <...>-2214  [004] ....  6133.761253: do_swap_page: swapin tgid 1760 pid 2214 name "Binder:1760_4" vma 7f31239000
           <...>-2214  [004] ....  6133.761259: do_swap_page: swapin tgid 1760 pid 2214 name "Binder:1760_4" vma 7f2daf7000
           <...>-2503  [004] ....  6133.761288: do_swap_page: swapin tgid 1981 pid 2503 name "RenderThread" vma 7ecdc3d000
           <...>-2503  [004] ....  6133.761307: do_swap_page: swapin tgid 1981 pid 2503 name "RenderThread" vma 7f2d6ee000
           <...>-2503  [004] ....  6133.761481: do_swap_page: swapin tgid 1981 pid 2503 name "RenderThread" vma 7ecb7e8000
           <...>-2503  [004] ....  6133.761499: do_swap_page: swapin tgid 1981 pid 2503 name "RenderThread" vma 7f2d6ef000
           <...>-4032  [004] ....  6133.761529: do_swap_page: swapin tgid 2460 pid 4032 name "Binder:2460_4" vma 7fbe20a000
           <...>-4032  [004] ....  6133.761540: do_swap_page: swapin tgid 2460 pid 4032 name "Binder:2460_4" vma 7fbd2d4000
           <...>-4032  [004] ....  6133.761542: do_swap_page: swapin tgid 2460 pid 4032 name "Binder:2460_4" vma 7fbd2d0000
           <...>-2434  [004] ....  6133.761569: do_swap_page: swapin tgid 2405 pid 2434 name "Binder:2405_3" vma 7fbe20a000
           <...>-2434  [004] ....  6133.761580: do_swap_page: swapin tgid 2405 pid 2434 name "Binder:2405_3" vma 7fbd2d4000
           <...>-2434  [004] ....  6133.761582: do_swap_page: swapin tgid 2405 pid 2434 name "Binder:2405_3" vma 7fbd2d0000
           <...>-2503  [004] ....  6133.761639: do_swap_page: swapin tgid 1981 pid 2503 name "RenderThread" vma 7f2d6ef000
           <...>-2503  [004] ....  6133.761652: do_swap_page: swapin tgid 1981 pid 2503 name "RenderThread" vma 7ecb533000
    android.anim-1358  [004] ....  6133.761683: do_swap_page: swapin tgid 1333 pid 1358 name "android.anim" vma 9e87e000
    android.anim-1358  [004] ....  6133.761690: do_swap_page: swapin tgid 1333 pid 1358 name "android.anim" vma 9eb3d000
           <...>-2426  [004] ....  6133.761713: do_swap_page: swapin tgid 1928 pid 2426 name "Binder:1928_4" vma 7fbe17f000
           <...>-2426  [004] ....  6133.761719: do_swap_page: swapin tgid 1928 pid 2426 name "Binder:1928_4" vma 7fbe20a000
           <...>-2506  [004] ....  6133.761761: do_swap_page: swapin tgid 2479 pid 2506 name "Binder:2479_3" vma 7f2d145000
           <...>-2506  [004] ....  6133.761770: do_swap_page: swapin tgid 2479 pid 2506 name "Binder:2479_3" vma 7f39800000
           <...>-2791  [004] ....  6133.761794: do_swap_page: swapin tgid 1852 pid 2791 name "Binder:1852_4" vma 7fbd2d0000
           <...>-2791  [004] ....  6133.761802: do_swap_page: swapin tgid 1852 pid 2791 name "Binder:1852_4" vma 7f2da0b000
           <...>-2791  [004] ....  6133.761806: do_swap_page: swapin tgid 1852 pid 2791 name "Binder:1852_4" vma 7f28b1c000
           <...>-2791  [004] ....  6133.761828: do_swap_page: swapin tgid 1852 pid 2791 name "Binder:1852_4" vma 7fbe1d3000
           <...>-2791  [004] ....  6133.761834: do_swap_page: swapin tgid 1852 pid 2791 name "Binder:1852_4" vma 7f28b58000
           <...>-2791  [004] ....  6133.761837: do_swap_page: swapin tgid 1852 pid 2791 name "Binder:1852_4" vma 7f2d145000
           <...>-4032  [004] ....  6133.761861: do_swap_page: swapin tgid 2460 pid 4032 name "Binder:2460_4" vma 7fbd2d0000
           <...>-2503  [004] ....  6133.761896: do_swap_page: swapin tgid 1981 pid 2503 name "RenderThread" vma 7ecb533000
           <...>-2503  [004] ....  6133.762044: do_swap_page: swapin tgid 1981 pid 2503 name "RenderThread" vma 7f2d7ac000
           <...>-2503  [004] ....  6133.762056: do_swap_page: swapin tgid 1981 pid 2503 name "RenderThread" vma 7ec6356000
           <...>-2503  [004] ....  6133.762061: do_swap_page: swapin tgid 1981 pid 2503 name "RenderThread" vma 7ecdbaf000
           <...>-2503  [004] ....  6133.762066: do_swap_page: swapin tgid 1981 pid 2503 name "RenderThread" vma 7ecdc3c000
           <...>-2503  [004] ....  6133.762069: do_swap_page: swapin tgid 1981 pid 2503 name "RenderThread" vma 7ecdc2f000
           <...>-2503  [004] ....  6133.762072: do_swap_page: swapin tgid 1981 pid 2503 name "RenderThread" vma 7ecdc2e000
           <...>-2503  [004] ....  6133.762076: do_swap_page: swapin tgid 1981 pid 2503 name "RenderThread" vma 7ecdc2d000
           <...>-2503  [004] ....  6133.762106: do_swap_page: swapin tgid 1981 pid 2503 name "RenderThread" vma 7ecc971000
           <...>-2503  [004] ....  6133.762190: do_swap_page: swapin tgid 1981 pid 2503 name "RenderThread" vma 7f2980c000
           <...>-2503  [004] ....  6133.762216: do_swap_page: swapin tgid 1981 pid 2503 name "RenderThread" vma 7f2985e000
           <...>-2503  [004] ....  6133.762226: do_swap_page: swapin tgid 1981 pid 2503 name "RenderThread" vma 7ec7d48000
           <...>-2503  [004] ....  6133.762249: do_swap_page: swapin tgid 1981 pid 2503 name "RenderThread" vma 7ecb585000
           <...>-2503  [004] ....  6133.762254: do_swap_page: swapin tgid 1981 pid 2503 name "RenderThread" vma 7ecb5bb000
           <...>-2503  [004] ....  6133.762256: do_swap_page: swapin tgid 1981 pid 2503 name "RenderThread" vma 7f29832000
           <...>-2503  [004] ....  6133.762257: do_swap_page: swapin tgid 1981 pid 2503 name "RenderThread" vma 7f297e2000
           <...>-2503  [004] ....  6133.762262: do_swap_page: swapin tgid 1981 pid 2503 name "RenderThread" vma 7f2d7c7000
           <...>-2503  [004] ....  6133.762266: do_swap_page: swapin tgid 1981 pid 2503 name "RenderThread" vma 7f297e1000
           <...>-2503  [004] ....  6133.762275: do_swap_page: swapin tgid 1981 pid 2503 name "RenderThread" vma 7f29831000
           <...>-2503  [004] ....  6133.762280: do_swap_page: swapin tgid 1981 pid 2503 name "RenderThread" vma 7ecb4d4000
           <...>-2503  [004] ....  6133.762282: do_swap_page: swapin tgid 1981 pid 2503 name "RenderThread" vma 7f2d6f2000
           <...>-2503  [004] ....  6133.762284: do_swap_page: swapin tgid 1981 pid 2503 name "RenderThread" vma 7ecb554000
           <...>-2503  [004] ....  6133.762286: do_swap_page: swapin tgid 1981 pid 2503 name "RenderThread" vma 7f29850000
           <...>-2503  [004] ....  6133.762288: do_swap_page: swapin tgid 1981 pid 2503 name "RenderThread" vma 7ecb555000
           <...>-2503  [004] ....  6133.762291: do_swap_page: swapin tgid 1981 pid 2503 name "RenderThread" vma 7f29851000
           <...>-2503  [004] ....  6133.762295: do_swap_page: swapin tgid 1981 pid 2503 name "RenderThread" vma 7f2d7c6000
           <...>-2503  [004] ....  6133.762297: do_swap_page: swapin tgid 1981 pid 2503 name "RenderThread" vma 7ecb547000
           <...>-2503  [004] ....  6133.762300: do_swap_page: swapin tgid 1981 pid 2503 name "RenderThread" vma 7ecb7f5000
           <...>-2503  [004] ....  6133.762303: do_swap_page: swapin tgid 1981 pid 2503 name "RenderThread" vma 7ecb548000
           <...>-2503  [004] ....  6133.762306: do_swap_page: swapin tgid 1981 pid 2503 name "RenderThread" vma 7f2d7c5000
           <...>-2503  [004] ....  6133.762309: do_swap_page: swapin tgid 1981 pid 2503 name "RenderThread" vma 7f2d6ed000
           <...>-2503  [004] ....  6133.762312: do_swap_page: swapin tgid 1981 pid 2503 name "RenderThread" vma 7ecb586000
           <...>-2503  [004] ....  6133.762324: do_swap_page: swapin tgid 1981 pid 2503 name "RenderThread" vma 7ecb5a4000
    android.anim-1358  [004] ....  6133.762382: do_swap_page: swapin tgid 1333 pid 1358 name "android.anim" vma 9eb3d000
    android.anim-1358  [004] ....  6133.762457: do_swap_page: swapin tgid 1333 pid 1358 name "android.anim" vma 9eb43000
           <...>-2503  [004] ....  6133.762496: do_swap_page: swapin tgid 1981 pid 2503 name "RenderThread" vma 7ecb5a4000
           <...>-2503  [004] ....  6133.762552: do_swap_page: swapin tgid 1981 pid 2503 name "RenderThread" vma 7fbd4e4000
           <...>-2503  [004] ....  6133.762558: do_swap_page: swapin tgid 1981 pid 2503 name "RenderThread" vma 7f2d7cb000
           <...>-2503  [004] ....  6133.762563: do_swap_page: swapin tgid 1981 pid 2503 name "RenderThread" vma 7f2d7cc000
           <...>-2503  [004] ....  6133.762573: do_swap_page: swapin tgid 1981 pid 2503 name "RenderThread" vma 7f2d7cd000
           <...>-2503  [004] ....  6133.762582: do_swap_page: swapin tgid 1981 pid 2503 name "RenderThread" vma 7f2d7ce000
           <...>-2503  [004] ....  6133.762598: do_swap_page: swapin tgid 1981 pid 2503 name "RenderThread" vma 7f2d7cf000
           <...>-2503  [004] ....  6133.762602: do_swap_page: swapin tgid 1981 pid 2503 name "RenderThread" vma 7f2d803000
           <...>-2503  [004] ....  6133.762605: do_swap_page: swapin tgid 1981 pid 2503 name "RenderThread" vma 7f2d80a000
           <...>-2503  [004] ....  6133.762608: do_swap_page: swapin tgid 1981 pid 2503 name "RenderThread" vma 7fbd4e0000
           <...>-2503  [004] ....  6133.762611: do_swap_page: swapin tgid 1981 pid 2503 name "RenderThread" vma 7fbd4e1000
           <...>-2503  [004] ....  6133.762630: do_swap_page: swapin tgid 1981 pid 2503 name "RenderThread" vma 7fbd4e6000
           <...>-2503  [004] ....  6133.762650: do_swap_page: swapin tgid 1981 pid 2503 name "RenderThread" vma 7ecb423000
           <...>-2503  [004] ....  6133.762654: do_swap_page: swapin tgid 1981 pid 2503 name "RenderThread" vma 7f29865000
           <...>-2503  [004] ....  6133.762739: do_swap_page: swapin tgid 1981 pid 2503 name "RenderThread" vma 7f2d619000
           <...>-2503  [004] ....  6133.762751: do_swap_page: swapin tgid 1981 pid 2503 name "RenderThread" vma 7ecb425000
 ndroid.systemui-1648  [004] ....  6133.762846: do_swap_page: swapin tgid 1648 pid 1648 name "ndroid.systemui" vma 9ead0000
 ndroid.systemui-1648  [004] ....  6133.762854: do_swap_page: swapin tgid 1648 pid 1648 name "ndroid.systemui" vma 9ea0c000
           <...>-2503  [004] ....  6133.762894: do_swap_page: swapin tgid 1981 pid 2503 name "RenderThread" vma 7ecb425000
           <...>-2503  [004] ....  6133.762909: do_swap_page: swapin tgid 1981 pid 2503 name "RenderThread" vma 7ecb79f000
           <...>-2503  [004] ....  6133.762912: do_swap_page: swapin tgid 1981 pid 2503 name "RenderThread" vma 7ecb4d7000
           <...>-2503  [004] ....  6133.762915: do_swap_page: swapin tgid 1981 pid 2503 name "RenderThread" vma 7ecb5a3000
           <...>-2503  [004] ....  6133.762923: do_swap_page: swapin tgid 1981 pid 2503 name "RenderThread" vma 7ecb7eb000
           <...>-2503  [004] ....  6133.762925: do_swap_page: swapin tgid 1981 pid 2503 name "RenderThread" vma 7ecb54f000
           <...>-2503  [004] ....  6133.762928: do_swap_page: swapin tgid 1981 pid 2503 name "RenderThread" vma 7ecb58f000
           <...>-2473  [004] ....  6133.762971: do_swap_page: swapin tgid 2432 pid 2473 name "Binder:2432_3" vma 7fbe1e7000
           <...>-2473  [004] ....  6133.762979: do_swap_page: swapin tgid 2432 pid 2473 name "Binder:2432_3" vma 7fbe17f000
           <...>-2434  [004] ....  6133.763020: do_swap_page: swapin tgid 2405 pid 2434 name "Binder:2405_3" vma 7fbd2d0000
           <...>-2434  [004] ....  6133.763029: do_swap_page: swapin tgid 2405 pid 2434 name "Binder:2405_3" vma 7f2895f000
           <...>-2434  [004] ....  6133.763032: do_swap_page: swapin tgid 2405 pid 2434 name "Binder:2405_3" vma 7f28b1c000
           <...>-2434  [004] ....  6133.763036: do_swap_page: swapin tgid 2405 pid 2434 name "Binder:2405_3" vma 7fbe1d3000
           <...>-2503  [004] ....  6133.763146: do_swap_page: swapin tgid 1981 pid 2503 name "RenderThread" vma 7ecb58f000
           <...>-2503  [004] ....  6133.763182: do_swap_page: swapin tgid 1981 pid 2503 name "RenderThread" vma 7ecb428000
           <...>-2214  [004] ....  6133.763214: do_swap_page: swapin tgid 1760 pid 2214 name "Binder:1760_4" vma 12c43000
           <...>-2214  [004] ....  6133.763229: do_swap_page: swapin tgid 1760 pid 2214 name "Binder:1760_4" vma 7f34ef1000
           <...>-2214  [004] ....  6133.763234: do_swap_page: swapin tgid 1760 pid 2214 name "Binder:1760_4" vma 13404000
           <...>-2214  [004] ....  6133.763238: do_swap_page: swapin tgid 1760 pid 2214 name "Binder:1760_4" vma 7fbe1e7000
   Binder:1730_2-1750  [004] ....  6133.763264: do_swap_page: swapin tgid 1730 pid 1750 name "Binder:1730_2" vma 7f2d16b000
   Binder:1730_2-1750  [004] ....  6133.763271: do_swap_page: swapin tgid 1730 pid 1750 name "Binder:1730_2" vma 7f39800000
           <...>-2503  [004] ....  6133.763300: do_swap_page: swapin tgid 1981 pid 2503 name "RenderThread" vma 7ecb428000
           <...>-2503  [004] ....  6133.763305: do_swap_page: swapin tgid 1981 pid 2503 name "RenderThread" vma 7ecb7ff000
           <...>-2503  [004] ....  6133.763308: do_swap_page: swapin tgid 1981 pid 2503 name "RenderThread" vma 7ecb54a000
           <...>-2503  [004] ....  6133.763320: do_swap_page: swapin tgid 1981 pid 2503 name "RenderThread" vma 7ecb534000
           <...>-2503  [004] ....  6133.763453: do_swap_page: swapin tgid 1981 pid 2503 name "RenderThread" vma 7ecb534000
           <...>-2503  [004] ....  6133.763459: do_swap_page: swapin tgid 1981 pid 2503 name "RenderThread" vma 7ecb54e000
           <...>-2503  [004] ....  6133.763485: do_swap_page: swapin tgid 1981 pid 2503 name "RenderThread" vma 7ecb59f000
           <...>-2503  [004] ....  6133.763505: do_swap_page: swapin tgid 1981 pid 2503 name "RenderThread" vma 7ecb7ec000
           <...>-2503  [004] ....  6133.763507: do_swap_page: swapin tgid 1981 pid 2503 name "RenderThread" vma 7ecb5a7000
           <...>-2503  [004] ....  6133.763509: do_swap_page: swapin tgid 1981 pid 2503 name "RenderThread" vma 7ecb58e000
 ScreenDecoratio-2174  [004] ....  6133.763604: do_swap_page: swapin tgid 1648 pid 2174 name "ScreenDecoratio" vma 9e8c5000
 ScreenDecoratio-2174  [004] ....  6133.763610: do_swap_page: swapin tgid 1648 pid 2174 name "ScreenDecoratio" vma 9eaf6000
           <...>-2503  [004] ....  6133.763651: do_swap_page: swapin tgid 1981 pid 2503 name "RenderThread" vma 7ecb58e000
           <...>-2503  [004] ....  6133.763671: do_swap_page: swapin tgid 1981 pid 2503 name "RenderThread" vma 7ecb54d000
           <...>-2503  [004] ....  6133.763680: do_swap_page: swapin tgid 1981 pid 2503 name "RenderThread" vma 7ecb7ee000
           <...>-4032  [004] ....  6133.763710: do_swap_page: swapin tgid 2460 pid 4032 name "Binder:2460_4" vma 7f28d4c000
           <...>-4032  [004] ....  6133.763715: do_swap_page: swapin tgid 2460 pid 4032 name "Binder:2460_4" vma 7f28d53000
           <...>-4032  [004] ....  6133.763719: do_swap_page: swapin tgid 2460 pid 4032 name "Binder:2460_4" vma 7f2d674000
           <...>-4032  [004] ....  6133.763728: do_swap_page: swapin tgid 2460 pid 4032 name "Binder:2460_4" vma 7f2d61e000
           <...>-4032  [004] ....  6133.763750: do_swap_page: swapin tgid 2460 pid 4032 name "Binder:2460_4" vma 7f2d16b000
           <...>-2426  [004] ....  6133.763775: do_swap_page: swapin tgid 1928 pid 2426 name "Binder:1928_4" vma 7fbe20a000
           <...>-2426  [004] ....  6133.763786: do_swap_page: swapin tgid 1928 pid 2426 name "Binder:1928_4" vma 7fbd2d4000
           <...>-2426  [004] ....  6133.763788: do_swap_page: swapin tgid 1928 pid 2426 name "Binder:1928_4" vma 7fbd2d0000
           <...>-2506  [004] ....  6133.763811: do_swap_page: swapin tgid 2479 pid 2506 name "Binder:2479_3" vma 7f39800000
           <...>-2506  [004] ....  6133.763824: do_swap_page: swapin tgid 2479 pid 2506 name "Binder:2479_3" vma 7f395f0000
           <...>-2503  [004] ....  6133.763864: do_swap_page: swapin tgid 1981 pid 2503 name "RenderThread" vma 7ecb7ee000
           <...>-2503  [004] ....  6133.763887: do_swap_page: swapin tgid 1981 pid 2503 name "RenderThread" vma 7f297f6000
           <...>-2503  [004] ....  6133.763891: do_swap_page: swapin tgid 1981 pid 2503 name "RenderThread" vma 7f297e8000
           <...>-2503  [004] ....  6133.763894: do_swap_page: swapin tgid 1981 pid 2503 name "RenderThread" vma 7f29808000
           <...>-2503  [004] ....  6133.763897: do_swap_page: swapin tgid 1981 pid 2503 name "RenderThread" vma 7ecb545000
           <...>-2473  [004] ....  6133.763941: do_swap_page: swapin tgid 2432 pid 2473 name "Binder:2432_3" vma 7fbe17f000
           <...>-2473  [004] ....  6133.763946: do_swap_page: swapin tgid 2432 pid 2473 name "Binder:2432_3" vma 7fbe20a000
 ndroid.systemui-1648  [004] ....  6133.763986: do_swap_page: swapin tgid 1648 pid 1648 name "ndroid.systemui" vma 9ea0c000
 ndroid.systemui-1648  [004] ....  6133.763996: do_swap_page: swapin tgid 1648 pid 1648 name "ndroid.systemui" vma 9e91b000
    android.anim-1358  [004] ....  6133.764026: do_swap_page: swapin tgid 1333 pid 1358 name "android.anim" vma 9eb43000
    android.anim-1358  [004] ....  6133.764048: do_swap_page: swapin tgid 1333 pid 1358 name "android.anim" vma 9e9f8000
           <...>-2791  [004] ....  6133.764073: do_swap_page: swapin tgid 1852 pid 2791 name "Binder:1852_4" vma 7f2d145000
           <...>-2791  [004] ....  6133.764081: do_swap_page: swapin tgid 1852 pid 2791 name "Binder:1852_4" vma 7f39800000
           <...>-2503  [004] ....  6133.764121: do_swap_page: swapin tgid 1981 pid 2503 name "RenderThread" vma 7ecb545000
           <...>-2503  [004] ....  6133.764133: do_swap_page: swapin tgid 1981 pid 2503 name "RenderThread" vma 7f2d6a4000
           <...>-2434  [004] ....  6133.764190: do_swap_page: swapin tgid 2405 pid 2434 name "Binder:2405_3" vma 7fbe1db000
           <...>-2434  [004] ....  6133.764198: do_swap_page: swapin tgid 2405 pid 2434 name "Binder:2405_3" vma 7f395f0000
   Binder:1730_2-1750  [004] ....  6133.764238: do_swap_page: swapin tgid 1730 pid 1750 name "Binder:1730_2" vma 7f39800000
   Binder:1730_2-1750  [004] ....  6133.764256: do_swap_page: swapin tgid 1730 pid 1750 name "Binder:1730_2" vma 1314a000
           <...>-2503  [004] ....  6133.764282: do_swap_page: swapin tgid 1981 pid 2503 name "RenderThread" vma 7f2d6a4000
           <...>-2503  [004] ....  6133.764303: do_swap_page: swapin tgid 1981 pid 2503 name "RenderThread" vma 7ecb546000
           <...>-2503  [004] ....  6133.764313: do_swap_page: swapin tgid 1981 pid 2503 name "RenderThread" vma 7f297f5000
           <...>-2503  [004] ....  6133.764321: do_swap_page: swapin tgid 1981 pid 2503 name "RenderThread" vma 7ecb5a9000
           <...>-2503  [004] ....  6133.764323: do_swap_page: swapin tgid 1981 pid 2503 name "RenderThread" vma 7ecb5aa000
           <...>-2503  [004] ....  6133.764328: do_swap_page: swapin tgid 1981 pid 2503 name "RenderThread" vma 7f297e0000
   Binder:1730_2-1750  [004] ....  6133.764353: do_swap_page: swapin tgid 1730 pid 1750 name "Binder:1730_2" vma 7f34eef000
   Binder:1730_2-1750  [004] ....  6133.764358: do_swap_page: swapin tgid 1730 pid 1750 name "Binder:1730_2" vma 7f35066000
   Binder:1730_2-1750  [004] ....  6133.764361: do_swap_page: swapin tgid 1730 pid 1750 name "Binder:1730_2" vma 72823000
    android.anim-1358  [004] ....  6133.764403: do_swap_page: swapin tgid 1333 pid 1358 name "android.anim" vma 9e9f8000
    android.anim-1358  [004] ....  6133.764465: do_swap_page: swapin tgid 1333 pid 1358 name "android.anim" vma 7e4b12b000
    android.anim-1358  [004] ....  6133.764470: do_swap_page: swapin tgid 1333 pid 1358 name "android.anim" vma 7f28b20000
    android.anim-1358  [004] ....  6133.764486: do_swap_page: swapin tgid 1333 pid 1358 name "android.anim" vma 7e63849000
    android.anim-1358  [004] ....  6133.764491: do_swap_page: swapin tgid 1333 pid 1358 name "android.anim" vma 7e5d120000
    android.anim-1358  [004] ....  6133.764494: do_swap_page: swapin tgid 1333 pid 1358 name "android.anim" vma 7e5d121000
    android.anim-1358  [004] ....  6133.764500: do_swap_page: swapin tgid 1333 pid 1358 name "android.anim" vma 1410a000
    android.anim-1358  [004] ....  6133.764506: do_swap_page: swapin tgid 1333 pid 1358 name "android.anim" vma 9ea57000
           <...>-2426  [004] ....  6133.764531: do_swap_page: swapin tgid 1928 pid 2426 name "Binder:1928_4" vma 7fbd2d0000
           <...>-2503  [004] ....  6133.764563: do_swap_page: swapin tgid 1981 pid 2503 name "RenderThread" vma 7f297e0000
           <...>-2503  [004] ....  6133.764573: do_swap_page: swapin tgid 1981 pid 2503 name "RenderThread" vma 7f297df000
           <...>-2426  [004] ....  6133.764599: do_swap_page: swapin tgid 1928 pid 2426 name "Binder:1928_4" vma 7f28bbc000
           <...>-2426  [004] ....  6133.764603: do_swap_page: swapin tgid 1928 pid 2426 name "Binder:1928_4" vma 7f28bbd000
           <...>-2426  [004] ....  6133.764607: do_swap_page: swapin tgid 1928 pid 2426 name "Binder:1928_4" vma 7f2d674000
           <...>-2426  [004] ....  6133.764613: do_swap_page: swapin tgid 1928 pid 2426 name "Binder:1928_4" vma 7f2d78a000
           <...>-2426  [004] ....  6133.764616: do_swap_page: swapin tgid 1928 pid 2426 name "Binder:1928_4" vma 7f2d16b000
           <...>-2473  [004] ....  6133.764656: do_swap_page: swapin tgid 2432 pid 2473 name "Binder:2432_3" vma 7fbe20a000
           <...>-2473  [004] ....  6133.764666: do_swap_page: swapin tgid 2432 pid 2473 name "Binder:2432_3" vma 7fbd2d4000
           <...>-2473  [004] ....  6133.764667: do_swap_page: swapin tgid 2432 pid 2473 name "Binder:2432_3" vma 7fbd2d0000
           <...>-2503  [004] ....  6133.764695: do_swap_page: swapin tgid 1981 pid 2503 name "RenderThread" vma 7f297df000
           <...>-2503  [004] ....  6133.764711: do_swap_page: swapin tgid 1981 pid 2503 name "RenderThread" vma 7ecb5d3000
           <...>-2503  [004] ....  6133.764715: do_swap_page: swapin tgid 1981 pid 2503 name "RenderThread" vma 7ecb5ab000
           <...>-2503  [004] ....  6133.764720: do_swap_page: swapin tgid 1981 pid 2503 name "RenderThread" vma 7ecb5f4000
           <...>-2503  [004] ....  6133.764759: do_swap_page: swapin tgid 1981 pid 2503 name "RenderThread" vma 7f297e6000
           <...>-2503  [004] ....  6133.764763: do_swap_page: swapin tgid 1981 pid 2503 name "RenderThread" vma 7f2d6f3000
           <...>-2214  [004] ....  6133.764788: do_swap_page: swapin tgid 1760 pid 2214 name "Binder:1760_4" vma 7fbe1e7000
           <...>-2214  [004] ....  6133.764794: do_swap_page: swapin tgid 1760 pid 2214 name "Binder:1760_4" vma 7fbe17f000
           <...>-4032  [004] ....  6133.764817: do_swap_page: swapin tgid 2460 pid 4032 name "Binder:2460_4" vma 7f2d16b000
           <...>-4032  [004] ....  6133.764825: do_swap_page: swapin tgid 2460 pid 4032 name "Binder:2460_4" vma 7f39800000
           <...>-2506  [004] ....  6133.764849: do_swap_page: swapin tgid 2479 pid 2506 name "Binder:2479_3" vma 7f395f0000
           <...>-2506  [004] ....  6133.764860: do_swap_page: swapin tgid 2479 pid 2506 name "Binder:2479_3" vma 13f87000
           <...>-2503  [004] ....  6133.764883: do_swap_page: swapin tgid 1981 pid 2503 name "RenderThread" vma 7f2d6f3000
           <...>-2503  [004] ....  6133.764934: do_swap_page: swapin tgid 1981 pid 2503 name "RenderThread" vma 7f2983b000
           <...>-2503  [004] ....  6133.764945: do_swap_page: swapin tgid 1981 pid 2503 name "RenderThread" vma 7f29839000
           <...>-2503  [004] ....  6133.764957: do_swap_page: swapin tgid 1981 pid 2503 name "RenderThread" vma 7f297e9000
           <...>-2503  [004] ....  6133.764977: do_swap_page: swapin tgid 1981 pid 2503 name "RenderThread" vma 7f297ea000
           <...>-2503  [004] ....  6133.764980: do_swap_page: swapin tgid 1981 pid 2503 name "RenderThread" vma 7f29809000
           <...>-2503  [004] ....  6133.764988: do_swap_page: swapin tgid 1981 pid 2503 name "RenderThread" vma 7ecb4d5000
           <...>-2506  [004] ....  6133.765030: do_swap_page: swapin tgid 2479 pid 2506 name "Binder:2479_3" vma 13f82000
 ScreenDecoratio-2174  [004] ....  6133.765057: do_swap_page: swapin tgid 1648 pid 2174 name "ScreenDecoratio" vma 9eaf6000
 ScreenDecoratio-2174  [004] ....  6133.765063: do_swap_page: swapin tgid 1648 pid 2174 name "ScreenDecoratio" vma 9ea93000
 ndroid.systemui-1648  [004] ....  6133.765102: do_swap_page: swapin tgid 1648 pid 1648 name "ndroid.systemui" vma 9e91b000
           <...>-2503  [004] ....  6133.765125: do_swap_page: swapin tgid 1981 pid 2503 name "RenderThread" vma 7ecb4d5000
           <...>-2503  [004] ....  6133.765175: do_swap_page: swapin tgid 1981 pid 2503 name "RenderThread" vma 7f297e7000
           <...>-2503  [004] ....  6133.765194: do_swap_page: swapin tgid 1981 pid 2503 name "RenderThread" vma 7f2d6a3000
 ndroid.systemui-1648  [004] ....  6133.765235: do_swap_page: swapin tgid 1648 pid 1648 name "ndroid.systemui" vma 9ea1c000
           <...>-2791  [004] ....  6133.765261: do_swap_page: swapin tgid 1852 pid 2791 name "Binder:1852_4" vma 7f39800000
           <...>-2791  [004] ....  6133.765274: do_swap_page: swapin tgid 1852 pid 2791 name "Binder:1852_4" vma 7f395f0000
           <...>-2434  [004] ....  6133.765295: do_swap_page: swapin tgid 2405 pid 2434 name "Binder:2405_3" vma 7f395f0000
           <...>-2434  [004] ....  6133.765301: do_swap_page: swapin tgid 2405 pid 2434 name "Binder:2405_3" vma 7f39800000
           <...>-2503  [004] ....  6133.765330: do_swap_page: swapin tgid 1981 pid 2503 name "RenderThread" vma 7f2d6a3000
           <...>-2503  [004] ....  6133.765423: do_swap_page: swapin tgid 1981 pid 2503 name "RenderThread" vma 7f2d736000
           <...>-2503  [004] ....  6133.765452: do_swap_page: swapin tgid 1981 pid 2503 name "RenderThread" vma 7ecb7c0000
           <...>-2503  [004] ....  6133.765507: do_swap_page: swapin tgid 1981 pid 2503 name "RenderThread" vma 7f2d7bf000
           <...>-2503  [004] ....  6133.765521: do_swap_page: swapin tgid 1981 pid 2503 name "RenderThread" vma 7ecb588000
           <...>-2503  [004] ....  6133.765578: do_swap_page: swapin tgid 1981 pid 2503 name "RenderThread" vma 7f2d7c0000
           <...>-2503  [004] ....  6133.765587: do_swap_page: swapin tgid 1981 pid 2503 name "RenderThread" vma 7ecb791000
           <...>-2503  [004] ....  6133.765605: do_swap_page: swapin tgid 1981 pid 2503 name "RenderThread" vma 7ecb435000
           <...>-2503  [004] ....  6133.765607: do_swap_page: swapin tgid 1981 pid 2503 name "RenderThread" vma 7ecb436000
           <...>-2503  [004] ....  6133.765610: do_swap_page: swapin tgid 1981 pid 2503 name "RenderThread" vma 7f2d6bc000
           <...>-2503  [004] ....  6133.765652: do_swap_page: swapin tgid 1981 pid 2503 name "RenderThread" vma 7ecb78d000
           <...>-2503  [004] ....  6133.765655: do_swap_page: swapin tgid 1981 pid 2503 name "RenderThread" vma 7ecb808000
           <...>-2503  [004] ....  6133.765657: do_swap_page: swapin tgid 1981 pid 2503 name "RenderThread" vma 7f2d681000
           <...>-2503  [004] ....  6133.765668: do_swap_page: swapin tgid 1981 pid 2503 name "RenderThread" vma 7f297d7000
           <...>-2503  [004] ....  6133.765674: do_swap_page: swapin tgid 1981 pid 2503 name "RenderThread" vma 7ecb5ae000
           <...>-2503  [004] ....  6133.765676: do_swap_page: swapin tgid 1981 pid 2503 name "RenderThread" vma 7ecb53e000
           <...>-2503  [004] ....  6133.765697: do_swap_page: swapin tgid 1981 pid 2503 name "RenderThread" vma 7f2d621000
           <...>-2503  [004] ....  6133.765700: do_swap_page: swapin tgid 1981 pid 2503 name "RenderThread" vma 7f2d620000
           <...>-2503  [004] ....  6133.765715: do_swap_page: swapin tgid 1981 pid 2503 name "RenderThread" vma 7fbf5e4000
           <...>-2503  [004] ....  6133.766502: do_swap_page: swapin tgid 1981 pid 2503 name "RenderThread" vma 7fbf5e4000
           <...>-2503  [004] ....  6133.766535: do_swap_page: swapin tgid 1981 pid 2503 name "RenderThread" vma 7f2d7f5000
    Binder:600_1-645   [004] ....  6133.767363: do_swap_page: swapin tgid 600 pid 645 name "Binder:600_1" vma 7fba608000
    Binder:600_1-645   [004] ....  6133.767373: do_swap_page: swapin tgid 600 pid 645 name "Binder:600_1" vma 7fba69b000
    Binder:600_1-645   [004] ....  6133.767381: do_swap_page: swapin tgid 600 pid 645 name "Binder:600_1" vma 7fb7526000
    Binder:600_1-645   [004] ....  6133.767404: do_swap_page: swapin tgid 600 pid 645 name "Binder:600_1" vma 7faa612000
    Binder:600_1-645   [004] ....  6133.767454: do_swap_page: swapin tgid 600 pid 645 name "Binder:600_1" vma 7fb7527000
           <...>-2503  [004] ....  6133.767498: do_swap_page: swapin tgid 1981 pid 2503 name "RenderThread" vma 7fbdbe2000
           <...>-2503  [004] ....  6133.767516: do_swap_page: swapin tgid 1981 pid 2503 name "RenderThread" vma 7fbb7ba000
           <...>-2503  [004] ....  6133.767537: do_swap_page: swapin tgid 1981 pid 2503 name "RenderThread" vma 7f2d6d8000
           <...>-5478  [004] ....  6133.767770: do_swap_page: swapin tgid 1981 pid 5478 name "hwuiTask0" vma 7f29fbc000
           <...>-5478  [004] ....  6133.767942: do_swap_page: swapin tgid 1981 pid 5478 name "hwuiTask0" vma 7f29fbc000
           <...>-5478  [004] ....  6133.767952: do_swap_page: swapin tgid 1981 pid 5478 name "hwuiTask0" vma 7f29fbb000
           <...>-5478  [004] ....  6133.767960: do_swap_page: swapin tgid 1981 pid 5478 name "hwuiTask0" vma 7f2d611000
           <...>-5478  [004] ....  6133.767965: do_swap_page: swapin tgid 1981 pid 5478 name "hwuiTask0" vma 7f2d612000
           <...>-5478  [004] ....  6133.767979: do_swap_page: swapin tgid 1981 pid 5478 name "hwuiTask0" vma 7f29fb9000
           <...>-5478  [004] ....  6133.767987: do_swap_page: swapin tgid 1981 pid 5478 name "hwuiTask0" vma 13040000
           <...>-5478  [004] ....  6133.767997: do_swap_page: swapin tgid 1981 pid 5478 name "hwuiTask0" vma 7f29fba000
           <...>-5478  [004] ....  6133.768014: do_swap_page: swapin tgid 1981 pid 5478 name "hwuiTask0" vma 7ec7f91000
           <...>-5478  [004] ....  6133.768019: do_swap_page: swapin tgid 1981 pid 5478 name "hwuiTask0" vma 7ec7f92000
           <...>-2503  [004] ....  6133.768134: do_swap_page: swapin tgid 1981 pid 2503 name "RenderThread" vma 7ec7d21000
           <...>-2503  [004] ....  6133.768300: do_swap_page: swapin tgid 1981 pid 2503 name "RenderThread" vma 7ec7d21000
           <...>-2503  [004] ....  6133.768306: do_swap_page: swapin tgid 1981 pid 2503 name "RenderThread" vma 7ecdc47000
 droid.launcher3-1981  [004] .n..  6133.768370: do_swap_page: swapin tgid 1981 pid 1981 name "droid.launcher3" vma 13216000
           <...>-2503  [004] ....  6133.768484: do_swap_page: swapin tgid 1981 pid 2503 name "RenderThread" vma 7ecdc47000
           <...>-2503  [004] ....  6133.768491: do_swap_page: swapin tgid 1981 pid 2503 name "RenderThread" vma 7ec63c0000
           <...>-2503  [004] ....  6133.768519: do_swap_page: swapin tgid 1981 pid 2503 name "RenderThread" vma 7f289b1000
 droid.launcher3-1981  [004] ....  6133.768549: do_swap_page: swapin tgid 1981 pid 1981 name "droid.launcher3" vma 7f3982e000
           <...>-2503  [004] ....  6133.768643: do_swap_page: swapin tgid 1981 pid 2503 name "RenderThread" vma 7f289b1000
           <...>-2503  [004] ....  6133.768649: do_swap_page: swapin tgid 1981 pid 2503 name "RenderThread" vma 7ecdc48000
           <...>-2503  [004] ....  6133.768765: do_swap_page: swapin tgid 1981 pid 2503 name "RenderThread" vma 7ecdc48000
           <...>-2503  [004] ....  6133.768772: do_swap_page: swapin tgid 1981 pid 2503 name "RenderThread" vma 7ecdceb000
           <...>-2503  [004] ....  6133.768906: do_swap_page: swapin tgid 1981 pid 2503 name "RenderThread" vma 7ecdceb000
           <...>-2503  [004] ....  6133.768982: do_swap_page: swapin tgid 1981 pid 2503 name "RenderThread" vma 7f28b3e000
           <...>-2503  [004] ....  6133.769098: do_swap_page: swapin tgid 1981 pid 2503 name "RenderThread" vma 7f28b3e000
           <...>-2503  [004] ....  6133.770354: do_swap_page: swapin tgid 1981 pid 2503 name "RenderThread" vma 7f2d7bc000
           <...>-2503  [004] ....  6133.770469: do_swap_page: swapin tgid 1981 pid 2503 name "RenderThread" vma 7f2d7d6000
           <...>-2503  [004] ....  6133.770594: do_swap_page: swapin tgid 1981 pid 2503 name "RenderThread" vma 7ecb5b0000
           <...>-646   [004] ....  6133.771001: do_swap_page: swapin tgid 600 pid 646 name "Binder:600_2" vma 7fba66b000
           <...>-646   [004] ....  6133.771020: do_swap_page: swapin tgid 600 pid 646 name "Binder:600_2" vma 7fbab01000
 droid.launcher3-1981  [004] ....  6133.771232: do_swap_page: swapin tgid 1981 pid 1981 name "droid.launcher3" vma 7f3982c000
 droid.launcher3-1981  [004] ....  6133.771244: do_swap_page: swapin tgid 1981 pid 1981 name "droid.launcher3" vma 7f28a5d000
           <...>-2214  [004] ....  6133.771318: do_swap_page: swapin tgid 1760 pid 2214 name "Binder:1760_4" vma 7fbe17f000
           <...>-2214  [004] ....  6133.771327: do_swap_page: swapin tgid 1760 pid 2214 name "Binder:1760_4" vma 7fbe20a000
 ScreenDecoratio-2174  [004] ....  6133.771372: do_swap_page: swapin tgid 1648 pid 2174 name "ScreenDecoratio" vma 9ea93000
 ScreenDecoratio-2174  [004] ....  6133.771409: do_swap_page: swapin tgid 1648 pid 2174 name "ScreenDecoratio" vma 9e8c6000
 ScreenDecoratio-2174  [004] ....  6133.771431: do_swap_page: swapin tgid 1648 pid 2174 name "ScreenDecoratio" vma 13def000
 ScreenDecoratio-2174  [004] ....  6133.771443: do_swap_page: swapin tgid 1648 pid 2174 name "ScreenDecoratio" vma 136ed000
 ScreenDecoratio-2174  [004] ....  6133.771503: do_swap_page: swapin tgid 1648 pid 2174 name "ScreenDecoratio" vma 7ec3e3e000
           <...>-4032  [004] ....  6133.771544: do_swap_page: swapin tgid 2460 pid 4032 name "Binder:2460_4" vma 7f39800000
           <...>-4032  [004] ....  6133.771568: do_swap_page: swapin tgid 2460 pid 4032 name "Binder:2460_4" vma 13fc0000
    android.anim-1358  [004] ....  6133.771637: do_swap_page: swapin tgid 1333 pid 1358 name "android.anim" vma 9ea57000
    android.anim-1358  [004] ....  6133.771809: do_swap_page: swapin tgid 1333 pid 1358 name "android.anim" vma 7e83598000
    android.anim-1358  [004] ....  6133.771816: do_swap_page: swapin tgid 1333 pid 1358 name "android.anim" vma 7e83599000
    android.anim-1358  [004] ....  6133.771849: do_swap_page: swapin tgid 1333 pid 1358 name "android.anim" vma 7eb4d95000
    android.anim-1358  [004] ....  6133.771870: do_swap_page: swapin tgid 1333 pid 1358 name "android.anim" vma 7f28b5a000
    android.anim-1358  [004] ....  6133.771875: do_swap_page: swapin tgid 1333 pid 1358 name "android.anim" vma 7eb506c000
    android.anim-1358  [004] ....  6133.771883: do_swap_page: swapin tgid 1333 pid 1358 name "android.anim" vma 7e68db9000
    android.anim-1358  [004] ....  6133.771888: do_swap_page: swapin tgid 1333 pid 1358 name "android.anim" vma 7ed0cea000
    android.anim-1358  [004] ....  6133.771894: do_swap_page: swapin tgid 1333 pid 1358 name "android.anim" vma 7fbe18f000
    Binder:600_1-645   [004] ....  6133.771941: do_swap_page: swapin tgid 600 pid 645 name "Binder:600_1" vma 7fba694000
           <...>-2791  [004] ....  6133.772022: do_swap_page: swapin tgid 1852 pid 2791 name "Binder:1852_4" vma 7f395f0000
           <...>-2791  [004] ....  6133.772036: do_swap_page: swapin tgid 1852 pid 2791 name "Binder:1852_4" vma 13280000
   Binder:1730_2-1750  [004] ....  6133.772069: do_swap_page: swapin tgid 1730 pid 1750 name "Binder:1730_2" vma 72823000
   Binder:1730_2-1750  [004] ....  6133.772093: do_swap_page: swapin tgid 1730 pid 1750 name "Binder:1730_2" vma 7f2d682000
           <...>-2506  [004] ....  6133.772133: do_swap_page: swapin tgid 2479 pid 2506 name "Binder:2479_3" vma 13f82000
           <...>-2506  [004] ....  6133.772188: do_swap_page: swapin tgid 2479 pid 2506 name "Binder:2479_3" vma 7f35066000
           <...>-2506  [004] ....  6133.772193: do_swap_page: swapin tgid 2479 pid 2506 name "Binder:2479_3" vma 72823000
 ndroid.systemui-1648  [004] ....  6133.772254: do_swap_page: swapin tgid 1648 pid 1648 name "ndroid.systemui" vma 9ea1c000
 ndroid.systemui-1648  [004] ....  6133.772264: do_swap_page: swapin tgid 1648 pid 1648 name "ndroid.systemui" vma 9e91a000
           <...>-2426  [004] ....  6133.772292: do_swap_page: swapin tgid 1928 pid 2426 name "Binder:1928_4" vma 7f2d16b000
           <...>-2426  [004] ....  6133.772302: do_swap_page: swapin tgid 1928 pid 2426 name "Binder:1928_4" vma 7f39800000
           <...>-2434  [004] ....  6133.772327: do_swap_page: swapin tgid 2405 pid 2434 name "Binder:2405_3" vma 7f39800000
           <...>-2434  [004] ....  6133.772366: do_swap_page: swapin tgid 2405 pid 2434 name "Binder:2405_3" vma 13f11000
           <...>-2434  [004] ....  6133.772373: do_swap_page: swapin tgid 2405 pid 2434 name "Binder:2405_3" vma 7f34ef3000
           <...>-2434  [004] ....  6133.772376: do_swap_page: swapin tgid 2405 pid 2434 name "Binder:2405_3" vma 7f35066000
           <...>-2434  [004] ....  6133.772379: do_swap_page: swapin tgid 2405 pid 2434 name "Binder:2405_3" vma 72823000
           <...>-2473  [004] ....  6133.772422: do_swap_page: swapin tgid 2432 pid 2473 name "Binder:2432_3" vma 7fbd2d0000
           <...>-2473  [004] ....  6133.772433: do_swap_page: swapin tgid 2432 pid 2473 name "Binder:2432_3" vma 7f2895f000
           <...>-2473  [004] ....  6133.772435: do_swap_page: swapin tgid 2432 pid 2473 name "Binder:2432_3" vma 7f28b1c000
           <...>-2473  [004] ....  6133.772442: do_swap_page: swapin tgid 2432 pid 2473 name "Binder:2432_3" vma 7fbe1d3000
           <...>-2473  [004] ....  6133.772461: do_swap_page: swapin tgid 2432 pid 2473 name "Binder:2432_3" vma 7f28b56000
           <...>-2473  [004] ....  6133.772465: do_swap_page: swapin tgid 2432 pid 2473 name "Binder:2432_3" vma 7f2d145000
           <...>-1357  [004] ....  6133.772490: do_swap_page: swapin tgid 1333 pid 1357 name "android.display" vma 7ed0ee6000
           <...>-1357  [004] ....  6133.772603: do_swap_page: swapin tgid 1333 pid 1357 name "android.display" vma 7eb43ee000
           <...>-1357  [004] ....  6133.772626: do_swap_page: swapin tgid 1333 pid 1357 name "android.display" vma 7eb4d8b000
           <...>-1357  [004] ....  6133.772646: do_swap_page: swapin tgid 1333 pid 1357 name "android.display" vma 1428d000
           <...>-1357  [004] ....  6133.772656: do_swap_page: swapin tgid 1333 pid 1357 name "android.display" vma 13fa7000
           <...>-1357  [004] ....  6133.772663: do_swap_page: swapin tgid 1333 pid 1357 name "android.display" vma 7e6911c000
           <...>-1357  [004] ....  6133.772719: do_swap_page: swapin tgid 1333 pid 1357 name "android.display" vma 7e68fe2000
           <...>-1357  [004] ....  6133.772758: do_swap_page: swapin tgid 1333 pid 1357 name "android.display" vma 7e69106000
           <...>-1357  [004] ....  6133.772808: do_swap_page: swapin tgid 1333 pid 1357 name "android.display" vma 7e691c6000
           <...>-1357  [004] ....  6133.772831: do_swap_page: swapin tgid 1333 pid 1357 name "android.display" vma 147e2000
           <...>-1357  [004] ....  6133.772866: do_swap_page: swapin tgid 1333 pid 1357 name "android.display" vma 7e6927b000
