  UiThreadHelper-2022  [004] ....  8654.380718: do_swap_page: swapin tgid 1981 pid 2022 name "UiThreadHelper" vma 9e94d000
           <...>-2770  [004] ....  8654.380812: do_swap_page: swapin tgid 2740 pid 2770 name "Binder:2740_3" vma 7f39800000
           <...>-2770  [004] ....  8654.380824: do_swap_page: swapin tgid 2740 pid 2770 name "Binder:2740_3" vma 145cb000
           <...>-2770  [004] ....  8654.380828: do_swap_page: swapin tgid 2740 pid 2770 name "Binder:2740_3" vma 7f35066000
           <...>-2770  [004] ....  8654.380831: do_swap_page: swapin tgid 2740 pid 2770 name "Binder:2740_3" vma 72823000
    android.anim-1358  [004] ....  8654.380875: do_swap_page: swapin tgid 1333 pid 1358 name "android.anim" vma 7fbbf54000
    android.anim-1358  [004] ....  8654.380883: do_swap_page: swapin tgid 1333 pid 1358 name "android.anim" vma 14092000
    android.anim-1358  [004] ....  8654.380888: do_swap_page: swapin tgid 1333 pid 1358 name "android.anim" vma 9eb0a000
 droid.launcher3-1981  [004] ....  8654.380948: do_swap_page: swapin tgid 1981 pid 1981 name "droid.launcher3" vma 9e945000
 droid.launcher3-1981  [004] ....  8654.380961: do_swap_page: swapin tgid 1981 pid 1981 name "droid.launcher3" vma 9e8f7000
           <...>-6159  [004] ....  8654.381001: do_swap_page: swapin tgid 5485 pid 6159 name "Binder:5485_6" vma 7fbe241000
           <...>-6159  [004] ....  8654.381026: do_swap_page: swapin tgid 5485 pid 6159 name "Binder:5485_6" vma 7fbe1e9000
 droid.bluetooth-5406  [004] ....  8654.381043: do_swap_page: swapin tgid 5406 pid 5406 name "droid.bluetooth" vma 9e827000
 droid.bluetooth-5406  [004] ....  8654.381048: do_swap_page: swapin tgid 5406 pid 5406 name "droid.bluetooth" vma 9e868000
  UiThreadHelper-2022  [004] ....  8654.381101: do_swap_page: swapin tgid 1981 pid 2022 name "UiThreadHelper" vma 9e94d000
  Binder:1333_19-28366 [004] ....  8654.381151: do_swap_page: swapin tgid 1333 pid 28366 name "Binder:1333_19" vma 7e83731000
 droid.launcher3-1981  [004] .n..  8654.381203: do_swap_page: swapin tgid 1981 pid 1981 name "droid.launcher3" vma 9e8f7000
 droid.launcher3-1981  [004] ....  8654.381212: do_swap_page: swapin tgid 1981 pid 1981 name "droid.launcher3" vma 9e877000
           <...>-17312 [004] ....  8654.381234: do_swap_page: swapin tgid 17295 pid 17312 name "Binder:17295_2" vma 7fb9f9d000
           <...>-17312 [004] ....  8654.381240: do_swap_page: swapin tgid 17295 pid 17312 name "Binder:17295_2" vma 7fbe2f3000
           <...>-17312 [004] ....  8654.381246: do_swap_page: swapin tgid 17295 pid 17312 name "Binder:17295_2" vma 7fbe241000
 droid.bluetooth-5406  [004] ....  8654.381262: do_swap_page: swapin tgid 5406 pid 5406 name "droid.bluetooth" vma 9e868000
 droid.bluetooth-5406  [004] ....  8654.381267: do_swap_page: swapin tgid 5406 pid 5406 name "droid.bluetooth" vma 9e844000
    android.anim-1358  [004] ....  8654.381294: do_swap_page: swapin tgid 1333 pid 1358 name "android.anim" vma 9eb0a000
    android.anim-1358  [004] ....  8654.381299: do_swap_page: swapin tgid 1333 pid 1358 name "android.anim" vma 9ea74000
           <...>-2770  [004] ....  8654.381321: do_swap_page: swapin tgid 2740 pid 2770 name "Binder:2740_3" vma 72823000
 droid.launcher3-1981  [004] ....  8654.381379: do_swap_page: swapin tgid 1981 pid 1981 name "droid.launcher3" vma 9e877000
 droid.launcher3-1981  [004] ....  8654.381388: do_swap_page: swapin tgid 1981 pid 1981 name "droid.launcher3" vma 9e882000
 droid.bluetooth-5406  [004] ....  8654.381429: do_swap_page: swapin tgid 5406 pid 5406 name "droid.bluetooth" vma 9e844000
 droid.bluetooth-5406  [004] ....  8654.381436: do_swap_page: swapin tgid 5406 pid 5406 name "droid.bluetooth" vma 7ed31c7000
 ndroid.systemui-1648  [004] ....  8654.381476: do_swap_page: swapin tgid 1648 pid 1648 name "ndroid.systemui" vma 13eb0000
    android.anim-1358  [004] ....  8654.381523: do_swap_page: swapin tgid 1333 pid 1358 name "android.anim" vma 9ea74000
    android.anim-1358  [004] ....  8654.381551: do_swap_page: swapin tgid 1333 pid 1358 name "android.anim" vma 1410c000
    android.anim-1358  [004] ....  8654.381554: do_swap_page: swapin tgid 1333 pid 1358 name "android.anim" vma 9eaa3000
  Binder:1333_13-10073 [004] ....  8654.381577: do_swap_page: swapin tgid 1333 pid 10073 name "Binder:1333_13" vma 7eb43dc000
  Binder:1333_13-10073 [004] ....  8654.381583: do_swap_page: swapin tgid 1333 pid 10073 name "Binder:1333_13" vma 7e69e0d000
  Binder:1333_13-10073 [004] ....  8654.381586: do_swap_page: swapin tgid 1333 pid 10073 name "Binder:1333_13" vma 7e69e0e000
  Binder:1333_13-10073 [004] ....  8654.381592: do_swap_page: swapin tgid 1333 pid 10073 name "Binder:1333_13" vma 7e6385e000
  Binder:1333_13-10073 [004] ....  8654.381595: do_swap_page: swapin tgid 1333 pid 10073 name "Binder:1333_13" vma 7eb43dd000
  Binder:1333_13-10073 [004] ....  8654.381600: do_swap_page: swapin tgid 1333 pid 10073 name "Binder:1333_13" vma 7f2d65f000
  Binder:1333_13-10073 [004] ....  8654.381605: do_swap_page: swapin tgid 1333 pid 10073 name "Binder:1333_13" vma 7e69e0b000
  Binder:1333_13-10073 [004] ....  8654.381624: do_swap_page: swapin tgid 1333 pid 10073 name "Binder:1333_13" vma 14381000
  Binder:1333_13-10073 [004] ....  8654.381633: do_swap_page: swapin tgid 1333 pid 10073 name "Binder:1333_13" vma 7e69e0c000
  Binder:1333_13-10073 [004] ....  8654.381683: do_swap_page: swapin tgid 1333 pid 10073 name "Binder:1333_13" vma 7e836c0000
  Binder:1333_13-10073 [004] ....  8654.381686: do_swap_page: swapin tgid 1333 pid 10073 name "Binder:1333_13" vma 7e836c1000
  Binder:1333_13-10073 [004] ....  8654.381693: do_swap_page: swapin tgid 1333 pid 10073 name "Binder:1333_13" vma 7eb43e0000
  Binder:1333_13-10073 [004] ....  8654.381697: do_swap_page: swapin tgid 1333 pid 10073 name "Binder:1333_13" vma 7e6914c000
  Binder:1333_13-10073 [004] ....  8654.381699: do_swap_page: swapin tgid 1333 pid 10073 name "Binder:1333_13" vma 7ed0cae000
  Binder:1333_13-10073 [004] ....  8654.381722: do_swap_page: swapin tgid 1333 pid 10073 name "Binder:1333_13" vma 7e69278000
  Binder:1333_13-10073 [004] ....  8654.381729: do_swap_page: swapin tgid 1333 pid 10073 name "Binder:1333_13" vma 7eb4749000
   Binder:4785_2-4803  [004] ....  8654.381777: do_swap_page: swapin tgid 4785 pid 4803 name "Binder:4785_2" vma 7fbe165000
   Binder:4785_2-4803  [004] ....  8654.381784: do_swap_page: swapin tgid 4785 pid 4803 name "Binder:4785_2" vma 7f2d66b000
   Binder:4785_2-4803  [004] ....  8654.381788: do_swap_page: swapin tgid 4785 pid 4803 name "Binder:4785_2" vma 7fbd2d1000
 droid.bluetooth-5406  [004] ....  8654.381804: do_swap_page: swapin tgid 5406 pid 5406 name "droid.bluetooth" vma 7ed31c7000
 droid.bluetooth-5406  [004] ....  8654.381810: do_swap_page: swapin tgid 5406 pid 5406 name "droid.bluetooth" vma 9e828000
 droid.launcher3-1981  [004] ....  8654.381831: do_swap_page: swapin tgid 1981 pid 1981 name "droid.launcher3" vma 9e882000
 droid.launcher3-1981  [004] ....  8654.381854: do_swap_page: swapin tgid 1981 pid 1981 name "droid.launcher3" vma 9e93f000
  Binder:1333_13-10073 [004] ....  8654.381875: do_swap_page: swapin tgid 1333 pid 10073 name "Binder:1333_13" vma 7eb4749000
  Binder:1333_13-10073 [004] ....  8654.381884: do_swap_page: swapin tgid 1333 pid 10073 name "Binder:1333_13" vma 7f2d743000
  Binder:1333_13-10073 [004] ....  8654.381894: do_swap_page: swapin tgid 1333 pid 10073 name "Binder:1333_13" vma 7e63587000
    android.anim-1358  [004] ....  8654.381939: do_swap_page: swapin tgid 1333 pid 1358 name "android.anim" vma 9eaa3000
    android.anim-1358  [004] ....  8654.381949: do_swap_page: swapin tgid 1333 pid 1358 name "android.anim" vma 14182000
    android.anim-1358  [004] .n..  8654.382005: do_swap_page: swapin tgid 1333 pid 1358 name "android.anim" vma 9e83c000
    android.anim-1358  [004] ....  8654.382017: do_swap_page: swapin tgid 1333 pid 1358 name "android.anim" vma 9ead0000
 droid.bluetooth-5406  [004] ....  8654.382042: do_swap_page: swapin tgid 5406 pid 5406 name "droid.bluetooth" vma 9e828000
 droid.bluetooth-5406  [004] ....  8654.382047: do_swap_page: swapin tgid 5406 pid 5406 name "droid.bluetooth" vma 13f0a000
 droid.launcher3-1981  [004] ....  8654.382074: do_swap_page: swapin tgid 1981 pid 1981 name "droid.launcher3" vma 9e93f000
 droid.launcher3-1981  [004] ....  8654.382079: do_swap_page: swapin tgid 1981 pid 1981 name "droid.launcher3" vma 9e87a000
 ndroid.systemui-1648  [004] ....  8654.382128: do_swap_page: swapin tgid 1648 pid 1648 name "ndroid.systemui" vma 13d3d000
           <...>-6159  [004] ....  8654.382247: do_swap_page: swapin tgid 5485 pid 6159 name "Binder:5485_6" vma 7fbe1e9000
           <...>-6159  [004] ....  8654.382254: do_swap_page: swapin tgid 5485 pid 6159 name "Binder:5485_6" vma 7fbe165000
 droid.bluetooth-5406  [004] ....  8654.382294: do_swap_page: swapin tgid 5406 pid 5406 name "droid.bluetooth" vma 13f0a000
 droid.bluetooth-5406  [004] ....  8654.382306: do_swap_page: swapin tgid 5406 pid 5406 name "droid.bluetooth" vma 7fbe15d000
 droid.bluetooth-5406  [004] ....  8654.382309: do_swap_page: swapin tgid 5406 pid 5406 name "droid.bluetooth" vma 7fbe15c000
 droid.bluetooth-5406  [004] ....  8654.382312: do_swap_page: swapin tgid 5406 pid 5406 name "droid.bluetooth" vma 7fbe177000
 droid.bluetooth-5406  [004] ....  8654.382316: do_swap_page: swapin tgid 5406 pid 5406 name "droid.bluetooth" vma 7f28b2c000
 droid.bluetooth-5406  [004] ....  8654.382318: do_swap_page: swapin tgid 5406 pid 5406 name "droid.bluetooth" vma 7f28b3c000
 droid.bluetooth-5406  [004] ....  8654.382325: do_swap_page: swapin tgid 5406 pid 5406 name "droid.bluetooth" vma 7fffffc000
 droid.bluetooth-5406  [004] ....  8654.382327: do_swap_page: swapin tgid 5406 pid 5406 name "droid.bluetooth" vma 7fbe1c5000
 droid.bluetooth-5406  [004] ....  8654.382331: do_swap_page: swapin tgid 5406 pid 5406 name "droid.bluetooth" vma 7fbe1ca000
 droid.bluetooth-5406  [004] ....  8654.382335: do_swap_page: swapin tgid 5406 pid 5406 name "droid.bluetooth" vma 13f11000
 droid.launcher3-1981  [004] ....  8654.382360: do_swap_page: swapin tgid 1981 pid 1981 name "droid.launcher3" vma 9e87a000
 droid.launcher3-1981  [004] ....  8654.382370: do_swap_page: swapin tgid 1981 pid 1981 name "droid.launcher3" vma 9e880000
    android.anim-1358  [004] ....  8654.382391: do_swap_page: swapin tgid 1333 pid 1358 name "android.anim" vma 9ead0000
    android.anim-1358  [004] ....  8654.382400: do_swap_page: swapin tgid 1333 pid 1358 name "android.anim" vma 9e8ab000
    android.anim-1358  [004] ....  8654.382437: do_swap_page: swapin tgid 1333 pid 1358 name "android.anim" vma 13bb2000
    android.anim-1358  [004] ....  8654.382444: do_swap_page: swapin tgid 1333 pid 1358 name "android.anim" vma 9ea49000
 ndroid.systemui-1648  [004] ....  8654.382519: do_swap_page: swapin tgid 1648 pid 1648 name "ndroid.systemui" vma 13832000
 ndroid.systemui-1648  [004] ....  8654.382525: do_swap_page: swapin tgid 1648 pid 1648 name "ndroid.systemui" vma 9ead0000
 droid.launcher3-1981  [004] ....  8654.382560: do_swap_page: swapin tgid 1981 pid 1981 name "droid.launcher3" vma 9e880000
 droid.launcher3-1981  [004] ....  8654.382566: do_swap_page: swapin tgid 1981 pid 1981 name "droid.launcher3" vma 9e8f2000
 droid.launcher3-1981  [004] ....  8654.382574: do_swap_page: swapin tgid 1981 pid 1981 name "droid.launcher3" vma 9e88c000
           <...>-17312 [004] ....  8654.382628: do_swap_page: swapin tgid 17295 pid 17312 name "Binder:17295_2" vma 7fbe241000
           <...>-17312 [004] ....  8654.382636: do_swap_page: swapin tgid 17295 pid 17312 name "Binder:17295_2" vma 7fbe1e9000
 droid.bluetooth-5406  [004] ....  8654.382653: do_swap_page: swapin tgid 5406 pid 5406 name "droid.bluetooth" vma 13f11000
 droid.bluetooth-5406  [004] ....  8654.382662: do_swap_page: swapin tgid 5406 pid 5406 name "droid.bluetooth" vma 7fbd770000
 droid.bluetooth-5406  [004] ....  8654.382666: do_swap_page: swapin tgid 5406 pid 5406 name "droid.bluetooth" vma 7f2d681000
 droid.launcher3-1981  [004] ....  8654.382716: do_swap_page: swapin tgid 1981 pid 1981 name "droid.launcher3" vma 9e88c000
 droid.launcher3-1981  [004] ....  8654.382721: do_swap_page: swapin tgid 1981 pid 1981 name "droid.launcher3" vma 9e939000
 droid.launcher3-1981  [004] ....  8654.382735: do_swap_page: swapin tgid 1981 pid 1981 name "droid.launcher3" vma 9e956000
    android.anim-1358  [004] ....  8654.382758: do_swap_page: swapin tgid 1333 pid 1358 name "android.anim" vma 9ea49000
    android.anim-1358  [004] ....  8654.382769: do_swap_page: swapin tgid 1333 pid 1358 name "android.anim" vma 9ea00000
 droid.launcher3-1981  [004] ....  8654.382872: do_swap_page: swapin tgid 1981 pid 1981 name "droid.launcher3" vma 9e956000
 droid.launcher3-1981  [004] ....  8654.382887: do_swap_page: swapin tgid 1981 pid 1981 name "droid.launcher3" vma 131cf000
 droid.launcher3-1981  [004] ....  8654.382890: do_swap_page: swapin tgid 1981 pid 1981 name "droid.launcher3" vma 9e831000
 droid.bluetooth-5406  [004] ....  8654.382928: do_swap_page: swapin tgid 5406 pid 5406 name "droid.bluetooth" vma 7f2d681000
 droid.bluetooth-5406  [004] ....  8654.382935: do_swap_page: swapin tgid 5406 pid 5406 name "droid.bluetooth" vma 7f2d623000
   Binder:4785_2-4803  [004] ....  8654.382987: do_swap_page: swapin tgid 4785 pid 4803 name "Binder:4785_2" vma 7fbd2d1000
   Binder:4785_2-4803  [004] ....  8654.382995: do_swap_page: swapin tgid 4785 pid 4803 name "Binder:4785_2" vma 7fbd771000
   Binder:4785_2-4803  [004] ....  8654.382998: do_swap_page: swapin tgid 4785 pid 4803 name "Binder:4785_2" vma 7f2d613000
   Binder:4785_2-4803  [004] ....  8654.383003: do_swap_page: swapin tgid 4785 pid 4803 name "Binder:4785_2" vma 7f393d6000
   Binder:4785_2-4803  [004] ....  8654.383005: do_swap_page: swapin tgid 4785 pid 4803 name "Binder:4785_2" vma 7fbe23c000
   Binder:4785_2-4803  [004] ....  8654.383007: do_swap_page: swapin tgid 4785 pid 4803 name "Binder:4785_2" vma 7f2d66c000
   Binder:4785_2-4803  [004] ....  8654.383010: do_swap_page: swapin tgid 4785 pid 4803 name "Binder:4785_2" vma 7f318dc000
   Binder:4785_2-4803  [004] ....  8654.383013: do_swap_page: swapin tgid 4785 pid 4803 name "Binder:4785_2" vma 12d1a000
    android.anim-1358  [004] ....  8654.383048: do_swap_page: swapin tgid 1333 pid 1358 name "android.anim" vma 9ea00000
    android.anim-1358  [004] ....  8654.383119: do_swap_page: swapin tgid 1333 pid 1358 name "android.anim" vma 13f76000
    android.anim-1358  [004] ....  8654.383182: do_swap_page: swapin tgid 1333 pid 1358 name "android.anim" vma 7e5cdee000
    android.anim-1358  [004] ....  8654.383192: do_swap_page: swapin tgid 1333 pid 1358 name "android.anim" vma 7ed0e0f000
    android.anim-1358  [004] ....  8654.383205: do_swap_page: swapin tgid 1333 pid 1358 name "android.anim" vma 7f2d6ca000
           <...>-646   [004] ....  8654.383259: do_swap_page: swapin tgid 600 pid 646 name "Binder:600_2" vma 7fbdb21000
 droid.bluetooth-5406  [004] ....  8654.383285: do_swap_page: swapin tgid 5406 pid 5406 name "droid.bluetooth" vma 7f2d623000
 droid.bluetooth-5406  [004] ....  8654.383292: do_swap_page: swapin tgid 5406 pid 5406 name "droid.bluetooth" vma 7f28a4e000
 droid.bluetooth-5406  [004] ....  8654.383323: do_swap_page: swapin tgid 5406 pid 5406 name "droid.bluetooth" vma 7f289bb000
           <...>-646   [004] ....  8654.383396: do_swap_page: swapin tgid 600 pid 646 name "Binder:600_2" vma 7fbdb21000
 droid.bluetooth-5406  [004] ....  8654.383439: do_swap_page: swapin tgid 5406 pid 5406 name "droid.bluetooth" vma 7fbe1d0000
 droid.bluetooth-5406  [004] ....  8654.383443: do_swap_page: swapin tgid 5406 pid 5406 name "droid.bluetooth" vma 7fbe1b2000
 droid.bluetooth-5406  [004] ....  8654.383453: do_swap_page: swapin tgid 5406 pid 5406 name "droid.bluetooth" vma 12c40000
 droid.bluetooth-5406  [004] ....  8654.383457: do_swap_page: swapin tgid 5406 pid 5406 name "droid.bluetooth" vma 725ee000
 droid.launcher3-1981  [004] ....  8654.383487: do_swap_page: swapin tgid 1981 pid 1981 name "droid.launcher3" vma 9e831000
 droid.launcher3-1981  [004] ....  8654.383494: do_swap_page: swapin tgid 1981 pid 1981 name "droid.launcher3" vma 9e832000
    android.anim-1358  [004] ....  8654.383528: do_swap_page: swapin tgid 1333 pid 1358 name "android.anim" vma 9e8ef000
    android.anim-1358  [004] ....  8654.383532: do_swap_page: swapin tgid 1333 pid 1358 name "android.anim" vma 9ea35000
 ndroid.systemui-1648  [004] ....  8654.383554: do_swap_page: swapin tgid 1648 pid 1648 name "ndroid.systemui" vma 9ead0000
 ndroid.systemui-1648  [004] ....  8654.383577: do_swap_page: swapin tgid 1648 pid 1648 name "ndroid.systemui" vma 9ea0c000
 droid.bluetooth-5406  [004] ....  8654.383601: do_swap_page: swapin tgid 5406 pid 5406 name "droid.bluetooth" vma 725ee000
 droid.bluetooth-5406  [004] ....  8654.383609: do_swap_page: swapin tgid 5406 pid 5406 name "droid.bluetooth" vma 7fbe167000
           <...>-6159  [004] ....  8654.383646: do_swap_page: swapin tgid 5485 pid 6159 name "Binder:5485_6" vma 7fbe165000
           <...>-6159  [004] ....  8654.383652: do_swap_page: swapin tgid 5485 pid 6159 name "Binder:5485_6" vma 7f2d61c000
           <...>-6159  [004] ....  8654.383657: do_swap_page: swapin tgid 5485 pid 6159 name "Binder:5485_6" vma 7fbd2d1000
 droid.launcher3-1981  [004] ....  8654.383695: do_swap_page: swapin tgid 1981 pid 1981 name "droid.launcher3" vma 9e832000
 droid.launcher3-1981  [004] ....  8654.383701: do_swap_page: swapin tgid 1981 pid 1981 name "droid.launcher3" vma 131d0000
 droid.launcher3-1981  [004] ....  8654.383703: do_swap_page: swapin tgid 1981 pid 1981 name "droid.launcher3" vma 131d1000
 droid.launcher3-1981  [004] ....  8654.383705: do_swap_page: swapin tgid 1981 pid 1981 name "droid.launcher3" vma 131d2000
 droid.launcher3-1981  [004] ....  8654.383710: do_swap_page: swapin tgid 1981 pid 1981 name "droid.launcher3" vma 131d3000
 droid.launcher3-1981  [004] ....  8654.383712: do_swap_page: swapin tgid 1981 pid 1981 name "droid.launcher3" vma 131d4000
 droid.launcher3-1981  [004] ....  8654.383713: do_swap_page: swapin tgid 1981 pid 1981 name "droid.launcher3" vma 131d5000
 droid.launcher3-1981  [004] ....  8654.383715: do_swap_page: swapin tgid 1981 pid 1981 name "droid.launcher3" vma 131d6000
 droid.launcher3-1981  [004] ....  8654.383735: do_swap_page: swapin tgid 1981 pid 1981 name "droid.launcher3" vma 131d7000
 droid.launcher3-1981  [004] ....  8654.383744: do_swap_page: swapin tgid 1981 pid 1981 name "droid.launcher3" vma 9e921000
 droid.launcher3-1981  [004] ....  8654.383749: do_swap_page: swapin tgid 1981 pid 1981 name "droid.launcher3" vma 1320c000
 droid.launcher3-1981  [004] ....  8654.383755: do_swap_page: swapin tgid 1981 pid 1981 name "droid.launcher3" vma 1320d000
 droid.launcher3-1981  [004] ....  8654.383782: do_swap_page: swapin tgid 1981 pid 1981 name "droid.launcher3" vma 9e946000
 droid.bluetooth-5406  [004] ....  8654.383802: do_swap_page: swapin tgid 5406 pid 5406 name "droid.bluetooth" vma 7fbe167000
 droid.bluetooth-5406  [004] ....  8654.383889: do_swap_page: swapin tgid 5406 pid 5406 name "droid.bluetooth" vma 7fbe1f9000
 droid.launcher3-1981  [004] ....  8654.383945: do_swap_page: swapin tgid 1981 pid 1981 name "droid.launcher3" vma 9e946000
 droid.launcher3-1981  [004] ....  8654.383956: do_swap_page: swapin tgid 1981 pid 1981 name "droid.launcher3" vma 1320a000
 droid.launcher3-1981  [004] ....  8654.383965: do_swap_page: swapin tgid 1981 pid 1981 name "droid.launcher3" vma 131cd000
 droid.launcher3-1981  [004] ....  8654.383967: do_swap_page: swapin tgid 1981 pid 1981 name "droid.launcher3" vma 13209000
 droid.launcher3-1981  [004] ....  8654.383972: do_swap_page: swapin tgid 1981 pid 1981 name "droid.launcher3" vma 13207000
 droid.launcher3-1981  [004] ....  8654.383976: do_swap_page: swapin tgid 1981 pid 1981 name "droid.launcher3" vma 13206000
 droid.launcher3-1981  [004] ....  8654.383983: do_swap_page: swapin tgid 1981 pid 1981 name "droid.launcher3" vma 13204000
 droid.launcher3-1981  [004] ....  8654.383986: do_swap_page: swapin tgid 1981 pid 1981 name "droid.launcher3" vma 13205000
 droid.launcher3-1981  [004] ....  8654.383989: do_swap_page: swapin tgid 1981 pid 1981 name "droid.launcher3" vma 13203000
 droid.launcher3-1981  [004] ....  8654.383991: do_swap_page: swapin tgid 1981 pid 1981 name "droid.launcher3" vma 13202000
 droid.launcher3-1981  [004] ....  8654.383995: do_swap_page: swapin tgid 1981 pid 1981 name "droid.launcher3" vma 13201000
 droid.launcher3-1981  [004] ....  8654.383998: do_swap_page: swapin tgid 1981 pid 1981 name "droid.launcher3" vma 131ff000
 droid.launcher3-1981  [004] ....  8654.384000: do_swap_page: swapin tgid 1981 pid 1981 name "droid.launcher3" vma 13200000
 droid.launcher3-1981  [004] ....  8654.384003: do_swap_page: swapin tgid 1981 pid 1981 name "droid.launcher3" vma 13c2e000
 droid.launcher3-1981  [004] ....  8654.384005: do_swap_page: swapin tgid 1981 pid 1981 name "droid.launcher3" vma 131fe000
 droid.launcher3-1981  [004] ....  8654.384009: do_swap_page: swapin tgid 1981 pid 1981 name "droid.launcher3" vma 131fc000
 droid.launcher3-1981  [004] ....  8654.384012: do_swap_page: swapin tgid 1981 pid 1981 name "droid.launcher3" vma 131fb000
 droid.launcher3-1981  [004] ....  8654.384016: do_swap_page: swapin tgid 1981 pid 1981 name "droid.launcher3" vma 131f9000
 droid.launcher3-1981  [004] ....  8654.384018: do_swap_page: swapin tgid 1981 pid 1981 name "droid.launcher3" vma 131f8000
 droid.launcher3-1981  [004] ....  8654.384022: do_swap_page: swapin tgid 1981 pid 1981 name "droid.launcher3" vma 131f6000
 droid.launcher3-1981  [004] ....  8654.384047: do_swap_page: swapin tgid 1981 pid 1981 name "droid.launcher3" vma 131f5000
 droid.launcher3-1981  [004] ....  8654.384049: do_swap_page: swapin tgid 1981 pid 1981 name "droid.launcher3" vma 131f4000
 droid.launcher3-1981  [004] ....  8654.384053: do_swap_page: swapin tgid 1981 pid 1981 name "droid.launcher3" vma 131f3000
 droid.launcher3-1981  [004] ....  8654.384057: do_swap_page: swapin tgid 1981 pid 1981 name "droid.launcher3" vma 131f1000
 droid.launcher3-1981  [004] ....  8654.384059: do_swap_page: swapin tgid 1981 pid 1981 name "droid.launcher3" vma 131f2000
 droid.launcher3-1981  [004] ....  8654.384069: do_swap_page: swapin tgid 1981 pid 1981 name "droid.launcher3" vma 131f0000
 droid.launcher3-1981  [004] ....  8654.384073: do_swap_page: swapin tgid 1981 pid 1981 name "droid.launcher3" vma 131ee000
 droid.launcher3-1981  [004] ....  8654.384095: do_swap_page: swapin tgid 1981 pid 1981 name "droid.launcher3" vma 131ed000
 droid.launcher3-1981  [004] ....  8654.384098: do_swap_page: swapin tgid 1981 pid 1981 name "droid.launcher3" vma 131eb000
 droid.launcher3-1981  [004] ....  8654.384101: do_swap_page: swapin tgid 1981 pid 1981 name "droid.launcher3" vma 131ea000
 droid.launcher3-1981  [004] ....  8654.384105: do_swap_page: swapin tgid 1981 pid 1981 name "droid.launcher3" vma 131e8000
 droid.launcher3-1981  [004] ....  8654.384108: do_swap_page: swapin tgid 1981 pid 1981 name "droid.launcher3" vma 131e7000
 droid.launcher3-1981  [004] ....  8654.384110: do_swap_page: swapin tgid 1981 pid 1981 name "droid.launcher3" vma 131e6000
 droid.launcher3-1981  [004] ....  8654.384114: do_swap_page: swapin tgid 1981 pid 1981 name "droid.launcher3" vma 131e5000
 droid.launcher3-1981  [004] ....  8654.384118: do_swap_page: swapin tgid 1981 pid 1981 name "droid.launcher3" vma 131e3000
 droid.launcher3-1981  [004] ....  8654.384120: do_swap_page: swapin tgid 1981 pid 1981 name "droid.launcher3" vma 131e4000
 droid.launcher3-1981  [004] ....  8654.384122: do_swap_page: swapin tgid 1981 pid 1981 name "droid.launcher3" vma 131e2000
 droid.launcher3-1981  [004] ....  8654.384126: do_swap_page: swapin tgid 1981 pid 1981 name "droid.launcher3" vma 131e0000
 droid.launcher3-1981  [004] ....  8654.384129: do_swap_page: swapin tgid 1981 pid 1981 name "droid.launcher3" vma 131df000
 droid.launcher3-1981  [004] ....  8654.384132: do_swap_page: swapin tgid 1981 pid 1981 name "droid.launcher3" vma 131dd000
 droid.launcher3-1981  [004] ....  8654.384135: do_swap_page: swapin tgid 1981 pid 1981 name "droid.launcher3" vma 131dc000
 droid.launcher3-1981  [004] ....  8654.384138: do_swap_page: swapin tgid 1981 pid 1981 name "droid.launcher3" vma 131da000
 droid.launcher3-1981  [004] ....  8654.384141: do_swap_page: swapin tgid 1981 pid 1981 name "droid.launcher3" vma 131db000
 droid.launcher3-1981  [004] ....  8654.384143: do_swap_page: swapin tgid 1981 pid 1981 name "droid.launcher3" vma 131d9000
 droid.launcher3-1981  [004] ....  8654.384145: do_swap_page: swapin tgid 1981 pid 1981 name "droid.launcher3" vma 131d8000
 droid.launcher3-1981  [004] ....  8654.384154: do_swap_page: swapin tgid 1981 pid 1981 name "droid.launcher3" vma 9e80d000
           <...>-17312 [004] ....  8654.384179: do_swap_page: swapin tgid 17295 pid 17312 name "Binder:17295_2" vma 7fbe1e9000
           <...>-17312 [004] ....  8654.384187: do_swap_page: swapin tgid 17295 pid 17312 name "Binder:17295_2" vma 7f393d8000
 droid.bluetooth-5406  [004] ....  8654.384202: do_swap_page: swapin tgid 5406 pid 5406 name "droid.bluetooth" vma 7fbe1f9000
 droid.bluetooth-5406  [004] ....  8654.384209: do_swap_page: swapin tgid 5406 pid 5406 name "droid.bluetooth" vma 13f04000
    android.anim-1358  [004] ....  8654.384235: do_swap_page: swapin tgid 1333 pid 1358 name "android.anim" vma 9ea35000
    android.anim-1358  [004] ....  8654.384255: do_swap_page: swapin tgid 1333 pid 1358 name "android.anim" vma 9e84a000
    android.anim-1358  [004] ....  8654.384275: do_swap_page: swapin tgid 1333 pid 1358 name "android.anim" vma 7fbbf55000
 droid.launcher3-1981  [004] ....  8654.384330: do_swap_page: swapin tgid 1981 pid 1981 name "droid.launcher3" vma 9e80d000
 droid.launcher3-1981  [004] ....  8654.384363: do_swap_page: swapin tgid 1981 pid 1981 name "droid.launcher3" vma 9e863000
 droid.bluetooth-5406  [004] ....  8654.384389: do_swap_page: swapin tgid 5406 pid 5406 name "droid.bluetooth" vma 13f04000
 droid.bluetooth-5406  [004] ....  8654.384394: do_swap_page: swapin tgid 5406 pid 5406 name "droid.bluetooth" vma 13f12000
 ndroid.systemui-1648  [004] ....  8654.384421: do_swap_page: swapin tgid 1648 pid 1648 name "ndroid.systemui" vma 9ea0c000
 ndroid.systemui-1648  [004] ....  8654.384429: do_swap_page: swapin tgid 1648 pid 1648 name "ndroid.systemui" vma 9e91b000
    android.anim-1358  [004] ....  8654.384460: do_swap_page: swapin tgid 1333 pid 1358 name "android.anim" vma 7fbbf55000
    android.anim-1358  [004] ....  8654.384609: do_swap_page: swapin tgid 1333 pid 1358 name "android.anim" vma 9e87e000
   Binder:4785_2-4803  [004] ....  8654.384636: do_swap_page: swapin tgid 4785 pid 4803 name "Binder:4785_2" vma 12d1a000
   Binder:4785_2-4803  [004] ....  8654.384644: do_swap_page: swapin tgid 4785 pid 4803 name "Binder:4785_2" vma 7fbe286000
   Binder:4785_2-4803  [004] ....  8654.384648: do_swap_page: swapin tgid 4785 pid 4803 name "Binder:4785_2" vma 7fbe285000
   Binder:4785_2-4803  [004] ....  8654.384650: do_swap_page: swapin tgid 4785 pid 4803 name "Binder:4785_2" vma 7f393d7000
   Binder:4785_2-4803  [004] ....  8654.384653: do_swap_page: swapin tgid 4785 pid 4803 name "Binder:4785_2" vma 7fbe1f8000
   Binder:4785_2-4803  [004] ....  8654.384656: do_swap_page: swapin tgid 4785 pid 4803 name "Binder:4785_2" vma 7f2dd34000
 droid.bluetooth-5406  [004] ....  8654.384672: do_swap_page: swapin tgid 5406 pid 5406 name "droid.bluetooth" vma 13f12000
 droid.bluetooth-5406  [004] ....  8654.384702: do_swap_page: swapin tgid 5406 pid 5406 name "droid.bluetooth" vma 7fbe1d3000
 droid.bluetooth-5406  [004] ....  8654.384708: do_swap_page: swapin tgid 5406 pid 5406 name "droid.bluetooth" vma 7f28aca000
 droid.bluetooth-5406  [004] ....  8654.384713: do_swap_page: swapin tgid 5406 pid 5406 name "droid.bluetooth" vma 7fbe1cb000
           <...>-1832  [004] ....  8654.384783: do_swap_page: swapin tgid 1333 pid 1832 name "Binder:1333_8" vma 7f21096000
 droid.launcher3-1981  [004] ....  8654.384808: do_swap_page: swapin tgid 1981 pid 1981 name "droid.launcher3" vma 9e863000
 droid.launcher3-1981  [004] ....  8654.384822: do_swap_page: swapin tgid 1981 pid 1981 name "droid.launcher3" vma 9e86b000
 droid.bluetooth-5406  [004] ....  8654.384864: do_swap_page: swapin tgid 5406 pid 5406 name "droid.bluetooth" vma 7fbe1cb000
  Binder:1333_13-10073 [004] ....  8654.384897: do_swap_page: swapin tgid 1333 pid 10073 name "Binder:1333_13" vma 9e805000
  Binder:1333_13-10073 [004] ....  8654.384906: do_swap_page: swapin tgid 1333 pid 10073 name "Binder:1333_13" vma 7eb4281000
  Binder:1333_13-10073 [004] ....  8654.384914: do_swap_page: swapin tgid 1333 pid 10073 name "Binder:1333_13" vma 9ea59000
    android.anim-1358  [004] ....  8654.384940: do_swap_page: swapin tgid 1333 pid 1358 name "android.anim" vma 9e87e000
    android.anim-1358  [004] ....  8654.384945: do_swap_page: swapin tgid 1333 pid 1358 name "android.anim" vma 9eb3d000
           <...>-1832  [004] ....  8654.385113: do_swap_page: swapin tgid 1333 pid 1832 name "Binder:1333_8" vma 7f21096000
           <...>-1832  [004] ....  8654.385135: do_swap_page: swapin tgid 1333 pid 1832 name "Binder:1333_8" vma 9ea55000
  Binder:1333_13-10073 [004] ....  8654.385177: do_swap_page: swapin tgid 1333 pid 10073 name "Binder:1333_13" vma 9ea59000
  Binder:1333_13-10073 [004] ....  8654.385187: do_swap_page: swapin tgid 1333 pid 10073 name "Binder:1333_13" vma 72871000
  Binder:1333_13-10073 [004] ....  8654.385209: do_swap_page: swapin tgid 1333 pid 10073 name "Binder:1333_13" vma 72870000
  Binder:1333_13-10073 [004] ....  8654.385212: do_swap_page: swapin tgid 1333 pid 10073 name "Binder:1333_13" vma 1435c000
 droid.launcher3-1981  [004] ....  8654.385251: do_swap_page: swapin tgid 1981 pid 1981 name "droid.launcher3" vma 9e86b000
 droid.launcher3-1981  [004] ....  8654.385259: do_swap_page: swapin tgid 1981 pid 1981 name "droid.launcher3" vma 9e961000
           <...>-6159  [004] ....  8654.385309: do_swap_page: swapin tgid 5485 pid 6159 name "Binder:5485_6" vma 7fbd2d1000
           <...>-6159  [004] ....  8654.385319: do_swap_page: swapin tgid 5485 pid 6159 name "Binder:5485_6" vma 7fbd771000
           <...>-6159  [004] ....  8654.385322: do_swap_page: swapin tgid 5485 pid 6159 name "Binder:5485_6" vma 7f2d612000
           <...>-6159  [004] ....  8654.385325: do_swap_page: swapin tgid 5485 pid 6159 name "Binder:5485_6" vma 7f2d61d000
           <...>-6159  [004] ....  8654.385329: do_swap_page: swapin tgid 5485 pid 6159 name "Binder:5485_6" vma 7f318dc000
    android.anim-1358  [004] ....  8654.385346: do_swap_page: swapin tgid 1333 pid 1358 name "android.anim" vma 9eb3d000
           <...>-1832  [004] ....  8654.385377: do_swap_page: swapin tgid 1333 pid 1832 name "Binder:1333_8" vma 9ea55000
           <...>-1832  [004] ....  8654.385385: do_swap_page: swapin tgid 1333 pid 1832 name "Binder:1333_8" vma 1410a000
           <...>-1832  [004] ....  8654.385406: do_swap_page: swapin tgid 1333 pid 1832 name "Binder:1333_8" vma 9e9e2000
 ndroid.systemui-1648  [004] ....  8654.385431: do_swap_page: swapin tgid 1648 pid 1648 name "ndroid.systemui" vma 9e91b000
 ndroid.systemui-1648  [004] ....  8654.385438: do_swap_page: swapin tgid 1648 pid 1648 name "ndroid.systemui" vma 9ea1c000
           <...>-17312 [004] ....  8654.385497: do_swap_page: swapin tgid 17295 pid 17312 name "Binder:17295_2" vma 7f393d8000
           <...>-17312 [004] ....  8654.385504: do_swap_page: swapin tgid 17295 pid 17312 name "Binder:17295_2" vma 7fbe165000
 droid.launcher3-1981  [004] ....  8654.385546: do_swap_page: swapin tgid 1981 pid 1981 name "droid.launcher3" vma 9e961000
 droid.launcher3-1981  [004] ....  8654.385552: do_swap_page: swapin tgid 1981 pid 1981 name "droid.launcher3" vma 9e95b000
  Binder:1333_13-10073 [004] ....  8654.385602: do_swap_page: swapin tgid 1333 pid 10073 name "Binder:1333_13" vma 1435c000
 droid.bluetooth-5406  [004] ....  8654.385659: do_swap_page: swapin tgid 5406 pid 5406 name "droid.bluetooth" vma 9e80c000
 droid.launcher3-1981  [004] ....  8654.385702: do_swap_page: swapin tgid 1981 pid 1981 name "droid.launcher3" vma 9e95b000
 droid.launcher3-1981  [004] ....  8654.385711: do_swap_page: swapin tgid 1981 pid 1981 name "droid.launcher3" vma 1320f000
 droid.launcher3-1981  [004] ....  8654.385717: do_swap_page: swapin tgid 1981 pid 1981 name "droid.launcher3" vma 7fbe1c0000
 droid.launcher3-1981  [004] ....  8654.385727: do_swap_page: swapin tgid 1981 pid 1981 name "droid.launcher3" vma 7ecdb85000
 droid.launcher3-1981  [004] ....  8654.385731: do_swap_page: swapin tgid 1981 pid 1981 name "droid.launcher3" vma 9e864000
           <...>-1832  [004] ....  8654.385759: do_swap_page: swapin tgid 1333 pid 1832 name "Binder:1333_8" vma 9e9e2000
           <...>-1832  [004] ....  8654.385829: do_swap_page: swapin tgid 1333 pid 1832 name "Binder:1333_8" vma 9eb43000
           <...>-6159  [004] ....  8654.385890: do_swap_page: swapin tgid 5485 pid 6159 name "Binder:5485_6" vma 7f318dc000
           <...>-6159  [004] ....  8654.385897: do_swap_page: swapin tgid 5485 pid 6159 name "Binder:5485_6" vma 1303b000
           <...>-6159  [004] ....  8654.385902: do_swap_page: swapin tgid 5485 pid 6159 name "Binder:5485_6" vma 7fbe286000
           <...>-6159  [004] ....  8654.385905: do_swap_page: swapin tgid 5485 pid 6159 name "Binder:5485_6" vma 7fbe285000
           <...>-6159  [004] ....  8654.385910: do_swap_page: swapin tgid 5485 pid 6159 name "Binder:5485_6" vma 12f00000
           <...>-6159  [004] ....  8654.385912: do_swap_page: swapin tgid 5485 pid 6159 name "Binder:5485_6" vma 12f01000
           <...>-6159  [004] ....  8654.385927: do_swap_page: swapin tgid 5485 pid 6159 name "Binder:5485_6" vma 7fbe076000
           <...>-6159  [004] ....  8654.385930: do_swap_page: swapin tgid 5485 pid 6159 name "Binder:5485_6" vma 7f29ffa000
           <...>-6159  [004] ....  8654.385932: do_swap_page: swapin tgid 5485 pid 6159 name "Binder:5485_6" vma 12d00000
           <...>-6159  [004] ....  8654.385939: do_swap_page: swapin tgid 5485 pid 6159 name "Binder:5485_6" vma 7fbe1e7000
 droid.bluetooth-5406  [004] ....  8654.385955: do_swap_page: swapin tgid 5406 pid 5406 name "droid.bluetooth" vma 9e80c000
 droid.bluetooth-5406  [004] ....  8654.385990: do_swap_page: swapin tgid 5406 pid 5406 name "droid.bluetooth" vma 7f2d6dd000
 droid.bluetooth-5406  [004] ....  8654.385995: do_swap_page: swapin tgid 5406 pid 5406 name "droid.bluetooth" vma 7f2d68a000
 droid.bluetooth-5406  [004] ....  8654.386008: do_swap_page: swapin tgid 5406 pid 5406 name "droid.bluetooth" vma 7fbf6ff000
           <...>-5443  [004] ....  8654.386034: do_swap_page: swapin tgid 5406 pid 5443 name "BluetoothScanMa" vma 7ec3910000
           <...>-5443  [004] ....  8654.386044: do_swap_page: swapin tgid 5406 pid 5443 name "BluetoothScanMa" vma 7ec3911000
 droid.launcher3-1981  [004] ....  8654.386066: do_swap_page: swapin tgid 1981 pid 1981 name "droid.launcher3" vma 9e864000
 droid.launcher3-1981  [004] ....  8654.386071: do_swap_page: swapin tgid 1981 pid 1981 name "droid.launcher3" vma 13c9e000
 droid.launcher3-1981  [004] ....  8654.386097: do_swap_page: swapin tgid 1981 pid 1981 name "droid.launcher3" vma 9e869000
           <...>-1832  [004] ....  8654.386121: do_swap_page: swapin tgid 1333 pid 1832 name "Binder:1333_8" vma 9eb43000
           <...>-1832  [004] ....  8654.386160: do_swap_page: swapin tgid 1333 pid 1832 name "Binder:1333_8" vma 7f2afc3000
           <...>-5443  [004] ....  8654.386219: do_swap_page: swapin tgid 5406 pid 5443 name "BluetoothScanMa" vma 7ec3911000
           <...>-5443  [004] ....  8654.386228: do_swap_page: swapin tgid 5406 pid 5443 name "BluetoothScanMa" vma 7eca008000
           <...>-5443  [004] ....  8654.386232: do_swap_page: swapin tgid 5406 pid 5443 name "BluetoothScanMa" vma 7eca009000
           <...>-5443  [004] ....  8654.386235: do_swap_page: swapin tgid 5406 pid 5443 name "BluetoothScanMa" vma 7f28b1a000
           <...>-5443  [004] ....  8654.386239: do_swap_page: swapin tgid 5406 pid 5443 name "BluetoothScanMa" vma 12c80000
           <...>-5443  [004] ....  8654.386247: do_swap_page: swapin tgid 5406 pid 5443 name "BluetoothScanMa" vma 7f310fc000
           <...>-5443  [004] ....  8654.386250: do_swap_page: swapin tgid 5406 pid 5443 name "BluetoothScanMa" vma 12c82000
           <...>-5443  [004] ....  8654.386253: do_swap_page: swapin tgid 5406 pid 5443 name "BluetoothScanMa" vma 9e852000
 droid.launcher3-1981  [004] ....  8654.386278: do_swap_page: swapin tgid 1981 pid 1981 name "droid.launcher3" vma 9e869000
 droid.launcher3-1981  [004] ....  8654.386294: do_swap_page: swapin tgid 1981 pid 1981 name "droid.launcher3" vma 9e92b000
 droid.bluetooth-5406  [004] ....  8654.386315: do_swap_page: swapin tgid 5406 pid 5406 name "droid.bluetooth" vma 7fbf6ff000
 droid.bluetooth-5406  [004] ....  8654.386327: do_swap_page: swapin tgid 5406 pid 5406 name "droid.bluetooth" vma 13f19000
   Binder:4785_2-4803  [004] ....  8654.386372: do_swap_page: swapin tgid 4785 pid 4803 name "Binder:4785_2" vma 7f2dd34000
   Binder:4785_2-4803  [004] ....  8654.386382: do_swap_page: swapin tgid 4785 pid 4803 name "Binder:4785_2" vma 12d00000
   Binder:4785_2-4803  [004] ....  8654.386386: do_swap_page: swapin tgid 4785 pid 4803 name "Binder:4785_2" vma 12fd6000
   Binder:4785_2-4803  [004] ....  8654.386393: do_swap_page: swapin tgid 4785 pid 4803 name "Binder:4785_2" vma 7fbe24e000
           <...>-1832  [004] ....  8654.386411: do_swap_page: swapin tgid 1333 pid 1832 name "Binder:1333_8" vma 7f2afc3000
           <...>-1832  [004] ....  8654.386437: do_swap_page: swapin tgid 1333 pid 1832 name "Binder:1333_8" vma 9e8b2000
           <...>-1832  [004] ....  8654.386631: do_swap_page: swapin tgid 1333 pid 1832 name "Binder:1333_8" vma 7f2d61a000
           <...>-5443  [004] ....  8654.386668: do_swap_page: swapin tgid 5406 pid 5443 name "BluetoothScanMa" vma 9e852000
           <...>-5443  [004] ....  8654.386675: do_swap_page: swapin tgid 5406 pid 5443 name "BluetoothScanMa" vma 9e804000
 droid.launcher3-1981  [004] ....  8654.386777: do_swap_page: swapin tgid 1981 pid 1981 name "droid.launcher3" vma 9e92b000
 droid.launcher3-1981  [004] ....  8654.386958: do_swap_page: swapin tgid 1981 pid 1981 name "droid.launcher3" vma 7ecdc39000
 droid.launcher3-1981  [004] ....  8654.386969: do_swap_page: swapin tgid 1981 pid 1981 name "droid.launcher3" vma 7f28b0e000
 droid.launcher3-1981  [004] ....  8654.386979: do_swap_page: swapin tgid 1981 pid 1981 name "droid.launcher3" vma 9e8b1000
           <...>-5443  [004] ....  8654.387018: do_swap_page: swapin tgid 5406 pid 5443 name "BluetoothScanMa" vma 9e804000
           <...>-5443  [004] ....  8654.387023: do_swap_page: swapin tgid 5406 pid 5443 name "BluetoothScanMa" vma 9e894000
           <...>-5443  [004] ....  8654.387037: do_swap_page: swapin tgid 5406 pid 5443 name "BluetoothScanMa" vma 7f2d6f7000
 droid.bluetooth-5406  [004] ....  8654.387053: do_swap_page: swapin tgid 5406 pid 5406 name "droid.bluetooth" vma 13f19000
           <...>-1832  [004] ....  8654.387128: do_swap_page: swapin tgid 1333 pid 1832 name "Binder:1333_8" vma 7e5d1f8000
           <...>-17312 [004] ....  8654.387181: do_swap_page: swapin tgid 17295 pid 17312 name "Binder:17295_2" vma 7fbe165000
           <...>-17312 [004] ....  8654.387188: do_swap_page: swapin tgid 17295 pid 17312 name "Binder:17295_2" vma 7f28b37000
           <...>-17312 [004] ....  8654.387196: do_swap_page: swapin tgid 17295 pid 17312 name "Binder:17295_2" vma 7fbd2d1000
 droid.launcher3-1981  [004] ....  8654.387216: do_swap_page: swapin tgid 1981 pid 1981 name "droid.launcher3" vma 9e8b1000
 droid.launcher3-1981  [004] ....  8654.387221: do_swap_page: swapin tgid 1981 pid 1981 name "droid.launcher3" vma 9e907000
 droid.launcher3-1981  [004] ....  8654.387240: do_swap_page: swapin tgid 1981 pid 1981 name "droid.launcher3" vma 9e901000
 droid.launcher3-1981  [004] ....  8654.387260: do_swap_page: swapin tgid 1981 pid 1981 name "droid.launcher3" vma 9e809000
 ndroid.systemui-1648  [004] ....  8654.387284: do_swap_page: swapin tgid 1648 pid 1648 name "ndroid.systemui" vma 9ea1c000
 ndroid.systemui-1648  [004] ....  8654.387291: do_swap_page: swapin tgid 1648 pid 1648 name "ndroid.systemui" vma 9e91a000
 droid.launcher3-1981  [004] ....  8654.387388: do_swap_page: swapin tgid 1981 pid 1981 name "droid.launcher3" vma 9e809000
 droid.launcher3-1981  [004] ....  8654.387401: do_swap_page: swapin tgid 1981 pid 1981 name "droid.launcher3" vma 7ecdb86000
 droid.launcher3-1981  [004] ....  8654.387456: do_swap_page: swapin tgid 1981 pid 1981 name "droid.launcher3" vma 12f5f000
 droid.launcher3-1981  [004] ....  8654.387460: do_swap_page: swapin tgid 1981 pid 1981 name "droid.launcher3" vma 13cad000
           <...>-1832  [004] ....  8654.387486: do_swap_page: swapin tgid 1333 pid 1832 name "Binder:1333_8" vma 7e5d1f8000
           <...>-1832  [004] ....  8654.387492: do_swap_page: swapin tgid 1333 pid 1832 name "Binder:1333_8" vma 7f2d6ae000
           <...>-1832  [004] ....  8654.387501: do_swap_page: swapin tgid 1333 pid 1832 name "Binder:1333_8" vma 9eb78000
 ndroid.systemui-1648  [004] ....  8654.387530: do_swap_page: swapin tgid 1648 pid 1648 name "ndroid.systemui" vma 9e91a000
 ndroid.systemui-1648  [004] ....  8654.387536: do_swap_page: swapin tgid 1648 pid 1648 name "ndroid.systemui" vma 9eade000
 droid.launcher3-1981  [004] ....  8654.387589: do_swap_page: swapin tgid 1981 pid 1981 name "droid.launcher3" vma 13cad000
 droid.launcher3-1981  [004] ....  8654.387595: do_swap_page: swapin tgid 1981 pid 1981 name "droid.launcher3" vma 13ca5000
 droid.launcher3-1981  [004] ....  8654.387599: do_swap_page: swapin tgid 1981 pid 1981 name "droid.launcher3" vma 13cab000
           <...>-6159  [004] ....  8654.387648: do_swap_page: swapin tgid 5485 pid 6159 name "Binder:5485_6" vma 7fbe1e7000
           <...>-6159  [004] ....  8654.387670: do_swap_page: swapin tgid 5485 pid 6159 name "Binder:5485_6" vma 7fbe17f000
           <...>-1832  [004] ....  8654.387688: do_swap_page: swapin tgid 1333 pid 1832 name "Binder:1333_8" vma 9eb78000
           <...>-1832  [004] ....  8654.387693: do_swap_page: swapin tgid 1333 pid 1832 name "Binder:1333_8" vma 9eb1d000
 ndroid.systemui-1648  [004] ....  8654.387731: do_swap_page: swapin tgid 1648 pid 1648 name "ndroid.systemui" vma 9eade000
 ndroid.systemui-1648  [004] ....  8654.387741: do_swap_page: swapin tgid 1648 pid 1648 name "ndroid.systemui" vma 7fbbf57000
 droid.launcher3-1981  [004] ....  8654.387763: do_swap_page: swapin tgid 1981 pid 1981 name "droid.launcher3" vma 13cab000
 droid.launcher3-1981  [004] ....  8654.387771: do_swap_page: swapin tgid 1981 pid 1981 name "droid.launcher3" vma 13caa000
           <...>-1832  [004] ....  8654.387837: do_swap_page: swapin tgid 1333 pid 1832 name "Binder:1333_8" vma 9eb1d000
           <...>-1832  [004] ....  8654.387862: do_swap_page: swapin tgid 1333 pid 1832 name "Binder:1333_8" vma 9e892000
           <...>-1832  [004] ....  8654.387887: do_swap_page: swapin tgid 1333 pid 1832 name "Binder:1333_8" vma 7297f000
           <...>-1832  [004] ....  8654.387895: do_swap_page: swapin tgid 1333 pid 1832 name "Binder:1333_8" vma 72978000
           <...>-1832  [004] ....  8654.387912: do_swap_page: swapin tgid 1333 pid 1832 name "Binder:1333_8" vma 72990000
           <...>-1832  [004] ....  8654.387915: do_swap_page: swapin tgid 1333 pid 1832 name "Binder:1333_8" vma 138d9000
           <...>-1832  [004] ....  8654.387918: do_swap_page: swapin tgid 1333 pid 1832 name "Binder:1333_8" vma 7297a000
           <...>-1832  [004] ....  8654.387923: do_swap_page: swapin tgid 1333 pid 1832 name "Binder:1333_8" vma 138e6000
           <...>-1832  [004] ....  8654.387926: do_swap_page: swapin tgid 1333 pid 1832 name "Binder:1333_8" vma 72985000
           <...>-1832  [004] ....  8654.387929: do_swap_page: swapin tgid 1333 pid 1832 name "Binder:1333_8" vma 7297c000
 droid.launcher3-1981  [004] ....  8654.387954: do_swap_page: swapin tgid 1981 pid 1981 name "droid.launcher3" vma 13caa000
 droid.launcher3-1981  [004] ....  8654.387982: do_swap_page: swapin tgid 1981 pid 1981 name "droid.launcher3" vma 13ca8000
           <...>-1832  [004] ....  8654.388021: do_swap_page: swapin tgid 1333 pid 1832 name "Binder:1333_8" vma 142b7000
           <...>-1832  [004] ....  8654.388041: do_swap_page: swapin tgid 1333 pid 1832 name "Binder:1333_8" vma 7f2d818000
           <...>-1832  [004] ....  8654.388047: do_swap_page: swapin tgid 1333 pid 1832 name "Binder:1333_8" vma 7e6364a000
           <...>-1832  [004] ....  8654.388056: do_swap_page: swapin tgid 1333 pid 1832 name "Binder:1333_8" vma 7f2d80c000
           <...>-1832  [004] ....  8654.388058: do_swap_page: swapin tgid 1333 pid 1832 name "Binder:1333_8" vma 7f2d775000
           <...>-1832  [004] ....  8654.388067: do_swap_page: swapin tgid 1333 pid 1832 name "Binder:1333_8" vma 7f2d82c000
 droid.launcher3-1981  [004] ....  8654.388095: do_swap_page: swapin tgid 1981 pid 1981 name "droid.launcher3" vma 13ca8000
 droid.launcher3-1981  [004] ....  8654.388107: do_swap_page: swapin tgid 1981 pid 1981 name "droid.launcher3" vma 9e925000
           <...>-1832  [004] ....  8654.388133: do_swap_page: swapin tgid 1333 pid 1832 name "Binder:1333_8" vma 7f2d809000
           <...>-1832  [004] ....  8654.388139: do_swap_page: swapin tgid 1333 pid 1832 name "Binder:1333_8" vma 7f2d6d5000
           <...>-1832  [004] ....  8654.388156: do_swap_page: swapin tgid 1333 pid 1832 name "Binder:1333_8" vma 7e68fdf000
           <...>-1832  [004] ....  8654.388183: do_swap_page: swapin tgid 1333 pid 1832 name "Binder:1333_8" vma 7e63686000
 droid.launcher3-1981  [004] ....  8654.388223: do_swap_page: swapin tgid 1981 pid 1981 name "droid.launcher3" vma 9e925000
 droid.launcher3-1981  [004] ....  8654.388233: do_swap_page: swapin tgid 1981 pid 1981 name "droid.launcher3" vma 9e811000
 ScreenDecoratio-2174  [004] ....  8654.388356: do_swap_page: swapin tgid 1648 pid 2174 name "ScreenDecoratio" vma 72912000
 droid.launcher3-1981  [004] ....  8654.388398: do_swap_page: swapin tgid 1981 pid 1981 name "droid.launcher3" vma 9e811000
 droid.launcher3-1981  [004] ....  8654.388405: do_swap_page: swapin tgid 1981 pid 1981 name "droid.launcher3" vma 7ecdb84000
 droid.launcher3-1981  [004] ....  8654.388407: do_swap_page: swapin tgid 1981 pid 1981 name "droid.launcher3" vma 9e850000
           <...>-17312 [004] ....  8654.388550: do_swap_page: swapin tgid 17295 pid 17312 name "Binder:17295_2" vma 7fbd2d1000
           <...>-17312 [004] ....  8654.388578: do_swap_page: swapin tgid 17295 pid 17312 name "Binder:17295_2" vma 7fbd771000
  Binder:1333_19-28366 [004] ....  8654.388599: do_swap_page: swapin tgid 1333 pid 28366 name "Binder:1333_19" vma 9e9fc000
 droid.launcher3-1981  [004] ....  8654.388628: do_swap_page: swapin tgid 1981 pid 1981 name "droid.launcher3" vma 9e850000
 droid.launcher3-1981  [004] ....  8654.388636: do_swap_page: swapin tgid 1981 pid 1981 name "droid.launcher3" vma 7ecdb83000
 droid.launcher3-1981  [004] ....  8654.388646: do_swap_page: swapin tgid 1981 pid 1981 name "droid.launcher3" vma 9e83d000
 ScreenDecoratio-2174  [004] ....  8654.388670: do_swap_page: swapin tgid 1648 pid 2174 name "ScreenDecoratio" vma 72912000
  Binder:1333_19-28366 [004] ....  8654.388720: do_swap_page: swapin tgid 1333 pid 28366 name "Binder:1333_19" vma 9e9fc000
  Binder:1333_19-28366 [004] ....  8654.388727: do_swap_page: swapin tgid 1333 pid 28366 name "Binder:1333_19" vma 7f2109a000
  Binder:1333_19-28366 [004] ....  8654.388737: do_swap_page: swapin tgid 1333 pid 28366 name "Binder:1333_19" vma 7f39837000
  Binder:1333_19-28366 [004] ....  8654.388742: do_swap_page: swapin tgid 1333 pid 28366 name "Binder:1333_19" vma 7f3983a000
  Binder:1333_19-28366 [004] ....  8654.388744: do_swap_page: swapin tgid 1333 pid 28366 name "Binder:1333_19" vma 7f3983b000
  Binder:1333_19-28366 [004] ....  8654.388746: do_swap_page: swapin tgid 1333 pid 28366 name "Binder:1333_19" vma 7f3983f000
  Binder:1333_19-28366 [004] ....  8654.388748: do_swap_page: swapin tgid 1333 pid 28366 name "Binder:1333_19" vma 7f39844000
  Binder:1333_19-28366 [004] ....  8654.388757: do_swap_page: swapin tgid 1333 pid 28366 name "Binder:1333_19" vma 7eb4d03000
 droid.launcher3-1981  [004] ....  8654.388825: do_swap_page: swapin tgid 1981 pid 1981 name "droid.launcher3" vma 9e83d000
 droid.launcher3-1981  [004] ....  8654.388837: do_swap_page: swapin tgid 1981 pid 1981 name "droid.launcher3" vma 9e849000
 ScreenDecoratio-2174  [004] ....  8654.388893: do_swap_page: swapin tgid 1648 pid 2174 name "ScreenDecoratio" vma 7f28ee6000
  Binder:1333_19-28366 [004] ....  8654.388934: do_swap_page: swapin tgid 1333 pid 28366 name "Binder:1333_19" vma 7eb4d03000
           <...>-5397  [004] ....  8654.389070: do_swap_page: swapin tgid 1648 pid 5397 name "Binder:1648_9" vma 9e927000
           <...>-17312 [004] ....  8654.389212: do_swap_page: swapin tgid 17295 pid 17312 name "Binder:17295_2" vma 7fbd771000
           <...>-17312 [004] ....  8654.389219: do_swap_page: swapin tgid 17295 pid 17312 name "Binder:17295_2" vma 7f28b17000
           <...>-17312 [004] ....  8654.389223: do_swap_page: swapin tgid 17295 pid 17312 name "Binder:17295_2" vma 7f393d6000
           <...>-17312 [004] ....  8654.389246: do_swap_page: swapin tgid 17295 pid 17312 name "Binder:17295_2" vma 7fbe23c000
           <...>-5397  [004] ....  8654.389261: do_swap_page: swapin tgid 1648 pid 5397 name "Binder:1648_9" vma 9e927000
