    Binder:600_2-646   [004] ....  5292.654585: do_swap_page: swapin tgid 600 pid 646 name "Binder:600_2" vma 7fbe1c3000
           <...>-2503  [004] ....  5292.654672: do_swap_page: swapin tgid 1981 pid 2503 name "RenderThread" vma 7f2d25a000
           <...>-2503  [004] ....  5292.654996: do_swap_page: swapin tgid 1981 pid 2503 name "RenderThread" vma 7f2d25a000
           <...>-2503  [004] ....  5292.655032: do_swap_page: swapin tgid 1981 pid 2503 name "RenderThread" vma 7f395f1000
           <...>-2503  [004] ....  5292.655344: do_swap_page: swapin tgid 1981 pid 2503 name "RenderThread" vma 7f395f1000
    RenderThread-5925  [004] ....  5292.655563: do_swap_page: swapin tgid 5855 pid 5925 name "RenderThread" vma 7fbe1cb000
    RenderThread-5925  [004] ....  5292.655602: do_swap_page: swapin tgid 5855 pid 5925 name "RenderThread" vma 7e92a67000
    Binder:600_2-646   [004] ....  5292.655780: do_swap_page: swapin tgid 600 pid 646 name "Binder:600_2" vma 7fb7562000
    Binder:600_2-646   [004] ....  5292.655804: do_swap_page: swapin tgid 600 pid 646 name "Binder:600_2" vma 7fbe20f000
    RenderThread-2084  [004] ....  5292.655919: do_swap_page: swapin tgid 1648 pid 2084 name "RenderThread" vma 7ec3b0f000
    RenderThread-5925  [004] ....  5292.656127: do_swap_page: swapin tgid 5855 pid 5925 name "RenderThread" vma 7e742b2000
    RenderThread-2084  [004] ....  5292.656374: do_swap_page: swapin tgid 1648 pid 2084 name "RenderThread" vma 7ec3b0f000
    RenderThread-2084  [004] ....  5292.656393: do_swap_page: swapin tgid 1648 pid 2084 name "RenderThread" vma 7ec3b10000
    RenderThread-2084  [004] ....  5292.656418: do_swap_page: swapin tgid 1648 pid 2084 name "RenderThread" vma 7fbc6df000
    RenderThread-5925  [004] ....  5292.656588: do_swap_page: swapin tgid 5855 pid 5925 name "RenderThread" vma 7eaf1a1000
    RenderThread-2084  [004] ....  5292.656747: do_swap_page: swapin tgid 1648 pid 2084 name "RenderThread" vma 7fbc6df000
           <...>-6161  [004] ....  5292.657611: do_swap_page: swapin tgid 1333 pid 6161 name "RenderThread" vma 7e4ae47000
           <...>-1981  [004] ....  5292.657915: do_swap_page: swapin tgid 1981 pid 1981 name "droid.launcher3" vma 9e846000
           <...>-1981  [004] ....  5292.657933: do_swap_page: swapin tgid 1981 pid 1981 name "droid.launcher3" vma 9e80e000
           <...>-1355  [004] ....  5292.658077: do_swap_page: swapin tgid 1333 pid 1355 name "android.ui" vma 9ea25000
           <...>-1355  [004] ....  5292.658103: do_swap_page: swapin tgid 1333 pid 1355 name "android.ui" vma 13b87000
           <...>-1355  [004] ....  5292.658109: do_swap_page: swapin tgid 1333 pid 1355 name "android.ui" vma 9e84b000
           <...>-1981  [004] ....  5292.658229: do_swap_page: swapin tgid 1981 pid 1981 name "droid.launcher3" vma 9e80e000
           <...>-1981  [004] ....  5292.658287: do_swap_page: swapin tgid 1981 pid 1981 name "droid.launcher3" vma 9e85f000
    RenderThread-5925  [004] ....  5292.658367: do_swap_page: swapin tgid 5855 pid 5925 name "RenderThread" vma 7eaf1a1000
           <...>-1981  [004] ....  5292.658553: do_swap_page: swapin tgid 1981 pid 1981 name "droid.launcher3" vma 9e85f000
           <...>-1981  [004] ....  5292.658569: do_swap_page: swapin tgid 1981 pid 1981 name "droid.launcher3" vma 9e84b000
           <...>-1981  [004] ....  5292.658799: do_swap_page: swapin tgid 1981 pid 1981 name "droid.launcher3" vma 9e84b000
           <...>-1981  [004] ....  5292.658817: do_swap_page: swapin tgid 1981 pid 1981 name "droid.launcher3" vma 9e844000
           <...>-1357  [004] ....  5292.658940: do_swap_page: swapin tgid 1333 pid 1357 name "android.display" vma 7ecd92b000
           <...>-1981  [004] ....  5292.659099: do_swap_page: swapin tgid 1981 pid 1981 name "droid.launcher3" vma 9e844000
           <...>-1981  [004] ....  5292.659116: do_swap_page: swapin tgid 1981 pid 1981 name "droid.launcher3" vma 9e890000
           <...>-1357  [004] ....  5292.659206: do_swap_page: swapin tgid 1333 pid 1357 name "android.display" vma 9e9c7000
           <...>-1981  [004] ....  5292.659319: do_swap_page: swapin tgid 1981 pid 1981 name "droid.launcher3" vma 9e890000
           <...>-1981  [004] ....  5292.659335: do_swap_page: swapin tgid 1981 pid 1981 name "droid.launcher3" vma 9e93b000
           <...>-1355  [004] ....  5292.659515: do_swap_page: swapin tgid 1333 pid 1355 name "android.ui" vma 7eb433a000
           <...>-1981  [004] ....  5292.659633: do_swap_page: swapin tgid 1981 pid 1981 name "droid.launcher3" vma 9e93b000
           <...>-1981  [004] ....  5292.659691: do_swap_page: swapin tgid 1981 pid 1981 name "droid.launcher3" vma 9e8e7000
           <...>-1355  [004] .n..  5292.659839: do_swap_page: swapin tgid 1333 pid 1355 name "android.ui" vma 7eb43c9000
           <...>-1981  [004] ....  5292.659940: do_swap_page: swapin tgid 1981 pid 1981 name "droid.launcher3" vma 9e8e7000
           <...>-1981  [004] ....  5292.659968: do_swap_page: swapin tgid 1981 pid 1981 name "droid.launcher3" vma 7fffffb000
           <...>-1981  [004] ....  5292.659984: do_swap_page: swapin tgid 1981 pid 1981 name "droid.launcher3" vma 7ec7d0a000
           <...>-1981  [004] ....  5292.659992: do_swap_page: swapin tgid 1981 pid 1981 name "droid.launcher3" vma 7f289f8000
           <...>-1981  [004] ....  5292.660006: do_swap_page: swapin tgid 1981 pid 1981 name "droid.launcher3" vma 9e940000
           <...>-1355  [004] ....  5292.660105: do_swap_page: swapin tgid 1333 pid 1355 name "android.ui" vma 7f2d6c0000
           <...>-1355  [004] ....  5292.660145: do_swap_page: swapin tgid 1333 pid 1355 name "android.ui" vma 14125000
           <...>-1981  [004] ....  5292.660244: do_swap_page: swapin tgid 1981 pid 1981 name "droid.launcher3" vma 9e940000
           <...>-1981  [004] ....  5292.660262: do_swap_page: swapin tgid 1981 pid 1981 name "droid.launcher3" vma 7fffff9000
           <...>-1981  [004] ....  5292.660292: do_swap_page: swapin tgid 1981 pid 1981 name "droid.launcher3" vma 9e82a000
           <...>-1355  [004] ....  5292.660403: do_swap_page: swapin tgid 1333 pid 1355 name "android.ui" vma 144aa000
           <...>-1981  [004] ....  5292.660531: do_swap_page: swapin tgid 1981 pid 1981 name "droid.launcher3" vma 9e82a000
           <...>-1981  [004] ....  5292.660552: do_swap_page: swapin tgid 1981 pid 1981 name "droid.launcher3" vma 12ec3000
           <...>-1981  [004] ....  5292.660559: do_swap_page: swapin tgid 1981 pid 1981 name "droid.launcher3" vma 9e899000
           <...>-1355  [004] ....  5292.660676: do_swap_page: swapin tgid 1333 pid 1355 name "android.ui" vma 9e906000
           <...>-1981  [004] ....  5292.660775: do_swap_page: swapin tgid 1981 pid 1981 name "droid.launcher3" vma 9e899000
           <...>-1981  [004] ....  5292.660790: do_swap_page: swapin tgid 1981 pid 1981 name "droid.launcher3" vma 9e941000
           <...>-1355  [004] ....  5292.660881: do_swap_page: swapin tgid 1333 pid 1355 name "android.ui" vma 7f2afa7000
           <...>-1981  [004] ....  5292.661012: do_swap_page: swapin tgid 1981 pid 1981 name "droid.launcher3" vma 9e941000
           <...>-1981  [004] ....  5292.661028: do_swap_page: swapin tgid 1981 pid 1981 name "droid.launcher3" vma 9e8fe000
           <...>-1981  [004] ....  5292.661034: do_swap_page: swapin tgid 1981 pid 1981 name "droid.launcher3" vma 9e8f1000
           <...>-1981  [004] ....  5292.661039: do_swap_page: swapin tgid 1981 pid 1981 name "droid.launcher3" vma 9e837000
           <...>-1981  [004] ....  5292.661669: do_swap_page: swapin tgid 1981 pid 1981 name "droid.launcher3" vma 9e837000
           <...>-1981  [004] ....  5292.661689: do_swap_page: swapin tgid 1981 pid 1981 name "droid.launcher3" vma 12ecb000
           <...>-1981  [004] ....  5292.661694: do_swap_page: swapin tgid 1981 pid 1981 name "droid.launcher3" vma 9e8a5000
           <...>-1981  [004] ....  5292.661897: do_swap_page: swapin tgid 1981 pid 1981 name "droid.launcher3" vma 9e8a5000
           <...>-1981  [004] ....  5292.661908: do_swap_page: swapin tgid 1981 pid 1981 name "droid.launcher3" vma 9e8fc000
           <...>-1981  [004] ....  5292.661933: do_swap_page: swapin tgid 1981 pid 1981 name "droid.launcher3" vma 13c22000
           <...>-1981  [004] ....  5292.661936: do_swap_page: swapin tgid 1981 pid 1981 name "droid.launcher3" vma 9e8a2000
           <...>-1357  [004] ....  5292.662020: do_swap_page: swapin tgid 1333 pid 1357 name "android.display" vma 9e9c7000
           <...>-1981  [004] ....  5292.662130: do_swap_page: swapin tgid 1981 pid 1981 name "droid.launcher3" vma 9e8a2000
           <...>-1981  [004] ....  5292.662143: do_swap_page: swapin tgid 1981 pid 1981 name "droid.launcher3" vma 9e8f9000
           <...>-1357  [004] ....  5292.662262: do_swap_page: swapin tgid 1333 pid 1357 name "android.display" vma 9e824000
           <...>-1357  [004] ....  5292.662275: do_swap_page: swapin tgid 1333 pid 1357 name "android.display" vma 9e83b000
           <...>-1357  [004] ....  5292.662278: do_swap_page: swapin tgid 1333 pid 1357 name "android.display" vma 9eacd000
           <...>-1981  [004] ....  5292.662396: do_swap_page: swapin tgid 1981 pid 1981 name "droid.launcher3" vma 9e8f9000
           <...>-1981  [004] ....  5292.662424: do_swap_page: swapin tgid 1981 pid 1981 name "droid.launcher3" vma 1320e000
           <...>-1981  [004] ....  5292.662432: do_swap_page: swapin tgid 1981 pid 1981 name "droid.launcher3" vma 9e855000
           <...>-1981  [004] ....  5292.662642: do_swap_page: swapin tgid 1981 pid 1981 name "droid.launcher3" vma 9e855000
           <...>-1981  [004] ....  5292.662657: do_swap_page: swapin tgid 1981 pid 1981 name "droid.launcher3" vma 9e91e000
 ndroid.systemui-1648  [004] ....  5292.662823: do_swap_page: swapin tgid 1648 pid 1648 name "ndroid.systemui" vma 9ea7e000
 ndroid.systemui-1648  [004] ....  5292.662851: do_swap_page: swapin tgid 1648 pid 1648 name "ndroid.systemui" vma 9ea42000
           <...>-1981  [004] ....  5292.662955: do_swap_page: swapin tgid 1981 pid 1981 name "droid.launcher3" vma 9e91e000
           <...>-1981  [004] ....  5292.662976: do_swap_page: swapin tgid 1981 pid 1981 name "droid.launcher3" vma 7fbe291000
           <...>-1981  [004] ....  5292.662986: do_swap_page: swapin tgid 1981 pid 1981 name "droid.launcher3" vma 7ecdc34000
           <...>-1981  [004] ....  5292.663001: do_swap_page: swapin tgid 1981 pid 1981 name "droid.launcher3" vma 9e814000
 ndroid.systemui-1648  [004] ....  5292.663125: do_swap_page: swapin tgid 1648 pid 1648 name "ndroid.systemui" vma 7fbe1a4000
           <...>-1981  [004] ....  5292.663246: do_swap_page: swapin tgid 1981 pid 1981 name "droid.launcher3" vma 9e814000
           <...>-1981  [004] ....  5292.663262: do_swap_page: swapin tgid 1981 pid 1981 name "droid.launcher3" vma 9e8af000
 ndroid.systemui-1648  [004] ....  5292.663352: do_swap_page: swapin tgid 1648 pid 1648 name "ndroid.systemui" vma 136ca000
 ndroid.systemui-1648  [004] ....  5292.663373: do_swap_page: swapin tgid 1648 pid 1648 name "ndroid.systemui" vma 1357c000
           <...>-1981  [004] ....  5292.663468: do_swap_page: swapin tgid 1981 pid 1981 name "droid.launcher3" vma 9e8af000
           <...>-1981  [004] ....  5292.663483: do_swap_page: swapin tgid 1981 pid 1981 name "droid.launcher3" vma 9e906000
           <...>-1981  [004] ....  5292.663497: do_swap_page: swapin tgid 1981 pid 1981 name "droid.launcher3" vma 9e924000
           <...>-1981  [004] ....  5292.663502: do_swap_page: swapin tgid 1981 pid 1981 name "droid.launcher3" vma 9e898000
           <...>-1981  [004] ....  5292.663704: do_swap_page: swapin tgid 1981 pid 1981 name "droid.launcher3" vma 9e898000
           <...>-1981  [004] ....  5292.663719: do_swap_page: swapin tgid 1981 pid 1981 name "droid.launcher3" vma 9e8ee000
 ndroid.systemui-1648  [004] ....  5292.663800: do_swap_page: swapin tgid 1648 pid 1648 name "ndroid.systemui" vma 9ea21000
           <...>-1981  [004] ....  5292.663931: do_swap_page: swapin tgid 1981 pid 1981 name "droid.launcher3" vma 9e8ee000
           <...>-1981  [004] ....  5292.663946: do_swap_page: swapin tgid 1981 pid 1981 name "droid.launcher3" vma 13217000
           <...>-1981  [004] ....  5292.663951: do_swap_page: swapin tgid 1981 pid 1981 name "droid.launcher3" vma 13c24000
           <...>-1981  [004] ....  5292.663957: do_swap_page: swapin tgid 1981 pid 1981 name "droid.launcher3" vma 9e938000
           <...>-1981  [004] ....  5292.663962: do_swap_page: swapin tgid 1981 pid 1981 name "droid.launcher3" vma 12e01000
           <...>-1981  [004] ....  5292.663973: do_swap_page: swapin tgid 1981 pid 1981 name "droid.launcher3" vma 7f34ef0000
           <...>-1981  [004] ....  5292.663979: do_swap_page: swapin tgid 1981 pid 1981 name "droid.launcher3" vma 9e8b0000
           <...>-1981  [004] ....  5292.664224: do_swap_page: swapin tgid 1981 pid 1981 name "droid.launcher3" vma 9e8b0000
           <...>-1981  [004] ....  5292.664240: do_swap_page: swapin tgid 1981 pid 1981 name "droid.launcher3" vma 9e950000
           <...>-1981  [004] ....  5292.664424: do_swap_page: swapin tgid 1981 pid 1981 name "droid.launcher3" vma 9e950000
           <...>-1981  [004] ....  5292.664427: do_swap_page: swapin tgid 1981 pid 1981 name "droid.launcher3" vma 9e8e6000
           <...>-1357  [004] ....  5292.664504: do_swap_page: swapin tgid 1333 pid 1357 name "android.display" vma 9e8bb000
           <...>-1357  [004] ....  5292.664508: do_swap_page: swapin tgid 1333 pid 1357 name "android.display" vma 9e8d9000
           <...>-1981  [004] ....  5292.664556: do_swap_page: swapin tgid 1981 pid 1981 name "droid.launcher3" vma 9e8e6000
           <...>-1981  [004] ....  5292.664567: do_swap_page: swapin tgid 1981 pid 1981 name "droid.launcher3" vma 13cbd000
           <...>-1981  [004] ....  5292.664570: do_swap_page: swapin tgid 1981 pid 1981 name "droid.launcher3" vma 9e860000
           <...>-1357  [004] ....  5292.664620: do_swap_page: swapin tgid 1333 pid 1357 name "android.display" vma 9eb55000
           <...>-1355  [004] ....  5292.664645: do_swap_page: swapin tgid 1333 pid 1355 name "android.ui" vma 7f2afa7000
           <...>-1355  [004] ....  5292.664651: do_swap_page: swapin tgid 1333 pid 1355 name "android.ui" vma 9eb61000
           <...>-1981  [004] ....  5292.664692: do_swap_page: swapin tgid 1981 pid 1981 name "droid.launcher3" vma 9e860000
           <...>-1981  [004] ....  5292.664698: do_swap_page: swapin tgid 1981 pid 1981 name "droid.launcher3" vma 13cb9000
           <...>-1981  [004] ....  5292.664700: do_swap_page: swapin tgid 1981 pid 1981 name "droid.launcher3" vma 9e847000
 ndroid.systemui-1648  [004] ....  5292.664763: do_swap_page: swapin tgid 1648 pid 1648 name "ndroid.systemui" vma 9ea21000
 ndroid.systemui-1648  [004] ....  5292.664772: do_swap_page: swapin tgid 1648 pid 1648 name "ndroid.systemui" vma 13657000
 ndroid.systemui-1648  [004] ....  5292.664775: do_swap_page: swapin tgid 1648 pid 1648 name "ndroid.systemui" vma 9eafe000
           <...>-1357  [004] ....  5292.664799: do_swap_page: swapin tgid 1333 pid 1357 name "android.display" vma 9eb55000
           <...>-1357  [004] ....  5292.664824: do_swap_page: swapin tgid 1333 pid 1357 name "android.display" vma 9ea11000
           <...>-1355  [004] ....  5292.664846: do_swap_page: swapin tgid 1333 pid 1355 name "android.ui" vma 9eb61000
           <...>-1355  [004] ....  5292.664850: do_swap_page: swapin tgid 1333 pid 1355 name "android.ui" vma 1396a000
           <...>-1355  [004] ....  5292.664853: do_swap_page: swapin tgid 1333 pid 1355 name "android.ui" vma 9e8b6000
           <...>-1355  [004] ....  5292.664855: do_swap_page: swapin tgid 1333 pid 1355 name "android.ui" vma 9e9ee000
     logd.writer-567   [004] .n..  5292.664888: do_swap_page: swapin tgid 555 pid 567 name "logd.writer" vma 7fbbe5a000
           <...>-1981  [004] ....  5292.664894: do_swap_page: swapin tgid 1981 pid 1981 name "droid.launcher3" vma 9e847000
           <...>-1981  [004] ....  5292.664899: do_swap_page: swapin tgid 1981 pid 1981 name "droid.launcher3" vma 9e868000
     logd.writer-567   [004] ....  5292.664933: do_swap_page: swapin tgid 555 pid 567 name "logd.writer" vma 7fb25c6000
     logd.writer-567   [004] ....  5292.664938: do_swap_page: swapin tgid 555 pid 567 name "logd.writer" vma 7fb26fe000
           <...>-1357  [004] ....  5292.665028: do_swap_page: swapin tgid 1333 pid 1357 name "android.display" vma 9ea11000
           <...>-1357  [004] ....  5292.665034: do_swap_page: swapin tgid 1333 pid 1357 name "android.display" vma 9ea02000
           <...>-1981  [004] ....  5292.665079: do_swap_page: swapin tgid 1981 pid 1981 name "droid.launcher3" vma 9e868000
           <...>-1981  [004] ....  5292.665084: do_swap_page: swapin tgid 1981 pid 1981 name "droid.launcher3" vma 13cb8000
           <...>-1981  [004] ....  5292.665090: do_swap_page: swapin tgid 1981 pid 1981 name "droid.launcher3" vma 7ecdc79000
           <...>-1981  [004] ....  5292.665092: do_swap_page: swapin tgid 1981 pid 1981 name "droid.launcher3" vma 9e816000
           <...>-1355  [004] ....  5292.665117: do_swap_page: swapin tgid 1333 pid 1355 name "android.ui" vma 9e9ee000
           <...>-1355  [004] ....  5292.665122: do_swap_page: swapin tgid 1333 pid 1355 name "android.ui" vma 9e89c000
           <...>-1355  [004] ....  5292.665125: do_swap_page: swapin tgid 1333 pid 1355 name "android.ui" vma 9e9cb000
           <...>-1357  [004] ....  5292.665169: do_swap_page: swapin tgid 1333 pid 1357 name "android.display" vma 9ea02000
           <...>-1357  [004] ....  5292.665176: do_swap_page: swapin tgid 1333 pid 1357 name "android.display" vma 9e8a6000
           <...>-1357  [004] ....  5292.665186: do_swap_page: swapin tgid 1333 pid 1357 name "android.display" vma 13c29000
           <...>-1357  [004] ....  5292.665191: do_swap_page: swapin tgid 1333 pid 1357 name "android.display" vma 14832000
           <...>-1357  [004] ....  5292.665199: do_swap_page: swapin tgid 1333 pid 1357 name "android.display" vma 7f28a21000
           <...>-1357  [004] ....  5292.665204: do_swap_page: swapin tgid 1333 pid 1357 name "android.display" vma 7eb4d8c000
           <...>-1357  [004] ....  5292.665208: do_swap_page: swapin tgid 1333 pid 1357 name "android.display" vma 7f28b32000
           <...>-1357  [004] ....  5292.665211: do_swap_page: swapin tgid 1333 pid 1357 name "android.display" vma 7f28b57000
           <...>-1357  [004] ....  5292.665213: do_swap_page: swapin tgid 1333 pid 1357 name "android.display" vma 7ed0ca2000
           <...>-1357  [004] ....  5292.665217: do_swap_page: swapin tgid 1333 pid 1357 name "android.display" vma 7ed0e4f000
 ndroid.systemui-1648  [004] ....  5292.665239: do_swap_page: swapin tgid 1648 pid 1648 name "ndroid.systemui" vma 9eafe000
 ndroid.systemui-1648  [004] ....  5292.665248: do_swap_page: swapin tgid 1648 pid 1648 name "ndroid.systemui" vma 9e982000
 ndroid.systemui-1648  [004] ....  5292.665251: do_swap_page: swapin tgid 1648 pid 1648 name "ndroid.systemui" vma 9eaee000
           <...>-1981  [004] ....  5292.665295: do_swap_page: swapin tgid 1981 pid 1981 name "droid.launcher3" vma 9e816000
           <...>-1981  [004] ....  5292.665301: do_swap_page: swapin tgid 1981 pid 1981 name "droid.launcher3" vma 13cb7000
           <...>-1981  [004] ....  5292.665303: do_swap_page: swapin tgid 1981 pid 1981 name "droid.launcher3" vma 9e81a000
           <...>-1355  [004] ....  5292.665325: do_swap_page: swapin tgid 1333 pid 1355 name "android.ui" vma 9e9cb000
           <...>-1355  [004] ....  5292.665330: do_swap_page: swapin tgid 1333 pid 1355 name "android.ui" vma 9e833000
           <...>-1355  [004] ....  5292.665337: do_swap_page: swapin tgid 1333 pid 1355 name "android.ui" vma 9eaf9000
     logd.writer-567   [004] ....  5292.665358: do_swap_page: swapin tgid 555 pid 567 name "logd.writer" vma 7fb26fe000
     logd.writer-567   [004] ....  5292.665369: do_swap_page: swapin tgid 555 pid 567 name "logd.writer" vma 7fb25ed000
     logd.writer-567   [004] ....  5292.665371: do_swap_page: swapin tgid 555 pid 567 name "logd.writer" vma 7fb25b2000
 ndroid.systemui-1648  [004] ....  5292.665444: do_swap_page: swapin tgid 1648 pid 1648 name "ndroid.systemui" vma 9eaee000
 ndroid.systemui-1648  [004] ....  5292.665449: do_swap_page: swapin tgid 1648 pid 1648 name "ndroid.systemui" vma 9ea32000
           <...>-1357  [004] ....  5292.665504: do_swap_page: swapin tgid 1333 pid 1357 name "android.display" vma 7ed0e4f000
           <...>-1357  [004] ....  5292.665509: do_swap_page: swapin tgid 1333 pid 1357 name "android.display" vma 7f28abd000
           <...>-1981  [004] ....  5292.665597: do_swap_page: swapin tgid 1981 pid 1981 name "droid.launcher3" vma 9e81a000
           <...>-1981  [004] ....  5292.665602: do_swap_page: swapin tgid 1981 pid 1981 name "droid.launcher3" vma 13cb5000
           <...>-1981  [004] ....  5292.665604: do_swap_page: swapin tgid 1981 pid 1981 name "droid.launcher3" vma 9e81e000
           <...>-1355  [004] ....  5292.665656: do_swap_page: swapin tgid 1333 pid 1355 name "android.ui" vma 9eaf9000
           <...>-1355  [004] ....  5292.665661: do_swap_page: swapin tgid 1333 pid 1355 name "android.ui" vma 9e905000
           <...>-1355  [004] ....  5292.665663: do_swap_page: swapin tgid 1333 pid 1355 name "android.ui" vma 9ea4f000
     logd.writer-567   [004] ....  5292.665717: do_swap_page: swapin tgid 555 pid 567 name "logd.writer" vma 7fb25b2000
     logd.writer-567   [004] ....  5292.665768: do_swap_page: swapin tgid 555 pid 567 name "logd.writer" vma 7fbbe38000
     logd.writer-567   [004] ....  5292.665772: do_swap_page: swapin tgid 555 pid 567 name "logd.writer" vma 7fbbe0b000
           <...>-1357  [004] ....  5292.665809: do_swap_page: swapin tgid 1333 pid 1357 name "android.display" vma 7f28abd000
           <...>-1357  [004] ....  5292.665816: do_swap_page: swapin tgid 1333 pid 1357 name "android.display" vma 7e68e4a000
           <...>-1981  [004] ....  5292.665870: do_swap_page: swapin tgid 1981 pid 1981 name "droid.launcher3" vma 9e81e000
           <...>-1981  [004] ....  5292.665875: do_swap_page: swapin tgid 1981 pid 1981 name "droid.launcher3" vma 7ecdd1e000
           <...>-1981  [004] ....  5292.665881: do_swap_page: swapin tgid 1981 pid 1981 name "droid.launcher3" vma 7f28b5d000
           <...>-1981  [004] ....  5292.665884: do_swap_page: swapin tgid 1981 pid 1981 name "droid.launcher3" vma 7ec7f8c000
           <...>-1981  [004] ....  5292.665892: do_swap_page: swapin tgid 1981 pid 1981 name "droid.launcher3" vma 7fbe1e7000
           <...>-1981  [004] ....  5292.665894: do_swap_page: swapin tgid 1981 pid 1981 name "droid.launcher3" vma 7fbe17f000
           <...>-1981  [004] ....  5292.665898: do_swap_page: swapin tgid 1981 pid 1981 name "droid.launcher3" vma 7f28ac2000
           <...>-1981  [004] ....  5292.665906: do_swap_page: swapin tgid 1981 pid 1981 name "droid.launcher3" vma 7fbe20a000
           <...>-1355  [004] ....  5292.665933: do_swap_page: swapin tgid 1333 pid 1355 name "android.ui" vma 9ea4f000
           <...>-1355  [004] ....  5292.665943: do_swap_page: swapin tgid 1333 pid 1355 name "android.ui" vma 7ecfb3e000
           <...>-1355  [004] ....  5292.665998: do_swap_page: swapin tgid 1333 pid 1355 name "android.ui" vma 7f2d667000
           <...>-1981  [004] ....  5292.666036: do_swap_page: swapin tgid 1981 pid 1981 name "droid.launcher3" vma 7fbe20a000
           <...>-1981  [004] ....  5292.666041: do_swap_page: swapin tgid 1981 pid 1981 name "droid.launcher3" vma 7f2896c000
           <...>-1357  [004] ....  5292.666080: do_swap_page: swapin tgid 1333 pid 1357 name "android.display" vma 7e68e4a000
           <...>-1357  [004] ....  5292.666085: do_swap_page: swapin tgid 1333 pid 1357 name "android.display" vma 7eb4e34000
 ndroid.systemui-1648  [004] ....  5292.666111: do_swap_page: swapin tgid 1648 pid 1648 name "ndroid.systemui" vma 9ea32000
 ndroid.systemui-1648  [004] ....  5292.666116: do_swap_page: swapin tgid 1648 pid 1648 name "ndroid.systemui" vma 9e9a3000
 ndroid.systemui-1648  [004] ....  5292.666119: do_swap_page: swapin tgid 1648 pid 1648 name "ndroid.systemui" vma 9ea55000
           <...>-1981  [004] ....  5292.666155: do_swap_page: swapin tgid 1981 pid 1981 name "droid.launcher3" vma 7f2896c000
           <...>-1981  [004] ....  5292.666160: do_swap_page: swapin tgid 1981 pid 1981 name "droid.launcher3" vma 7f289bb000
           <...>-1981  [004] ....  5292.666162: do_swap_page: swapin tgid 1981 pid 1981 name "droid.launcher3" vma 7f28b48000
           <...>-1357  [004] ....  5292.666305: do_swap_page: swapin tgid 1333 pid 1357 name "android.display" vma 7eb4e34000
           <...>-1357  [004] ....  5292.666312: do_swap_page: swapin tgid 1333 pid 1357 name "android.display" vma 7fbe30f000
 ndroid.systemui-1648  [004] ....  5292.666335: do_swap_page: swapin tgid 1648 pid 1648 name "ndroid.systemui" vma 9ea55000
 ndroid.systemui-1648  [004] ....  5292.666340: do_swap_page: swapin tgid 1648 pid 1648 name "ndroid.systemui" vma 9e980000
 ndroid.systemui-1648  [004] ....  5292.666343: do_swap_page: swapin tgid 1648 pid 1648 name "ndroid.systemui" vma 9ea0e000
           <...>-1981  [004] ....  5292.666398: do_swap_page: swapin tgid 1981 pid 1981 name "droid.launcher3" vma 7f28b48000
           <...>-1981  [004] ....  5292.666411: do_swap_page: swapin tgid 1981 pid 1981 name "droid.launcher3" vma 9e936000
     logd.writer-567   [004] ....  5292.666465: do_swap_page: swapin tgid 555 pid 567 name "logd.writer" vma 7fbbe0b000
     logd.writer-567   [004] ....  5292.666472: do_swap_page: swapin tgid 555 pid 567 name "logd.writer" vma 7fbbe0a000
 ndroid.systemui-1648  [004] ....  5292.666511: do_swap_page: swapin tgid 1648 pid 1648 name "ndroid.systemui" vma 9ea0e000
 ndroid.systemui-1648  [004] ....  5292.666516: do_swap_page: swapin tgid 1648 pid 1648 name "ndroid.systemui" vma 9e9e5000
           <...>-1357  [004] ....  5292.666562: do_swap_page: swapin tgid 1333 pid 1357 name "android.display" vma 7fbe30f000
           <...>-1357  [004] ....  5292.666567: do_swap_page: swapin tgid 1333 pid 1357 name "android.display" vma 7f28b72000
           <...>-1357  [004] ....  5292.666591: do_swap_page: swapin tgid 1333 pid 1357 name "android.display" vma 7f28987000
           <...>-1981  [004] ....  5292.666613: do_swap_page: swapin tgid 1981 pid 1981 name "droid.launcher3" vma 9e936000
           <...>-1981  [004] ....  5292.666623: do_swap_page: swapin tgid 1981 pid 1981 name "droid.launcher3" vma 7fbe265000
           <...>-1981  [004] ....  5292.666625: do_swap_page: swapin tgid 1981 pid 1981 name "droid.launcher3" vma 9e861000
           <...>-1357  [004] ....  5292.666665: do_swap_page: swapin tgid 1333 pid 1357 name "android.display" vma 7e8357e000
           <...>-1357  [004] ....  5292.666669: do_swap_page: swapin tgid 1333 pid 1357 name "android.display" vma 7f28a85000
 ndroid.systemui-1648  [004] ....  5292.666708: do_swap_page: swapin tgid 1648 pid 1648 name "ndroid.systemui" vma 9e9e5000
 ndroid.systemui-1648  [004] ....  5292.666713: do_swap_page: swapin tgid 1648 pid 1648 name "ndroid.systemui" vma 9e96e000
 ndroid.systemui-1648  [004] ....  5292.666715: do_swap_page: swapin tgid 1648 pid 1648 name "ndroid.systemui" vma 9ea1e000
     logd.writer-567   [004] ....  5292.666736: do_swap_page: swapin tgid 555 pid 567 name "logd.writer" vma 7fbbe0a000
           <...>-1981  [004] ....  5292.666763: do_swap_page: swapin tgid 1981 pid 1981 name "droid.launcher3" vma 9e861000
           <...>-1981  [004] ....  5292.666769: do_swap_page: swapin tgid 1981 pid 1981 name "droid.launcher3" vma 9e845000
           <...>-1357  [004] ....  5292.666812: do_swap_page: swapin tgid 1333 pid 1357 name "android.display" vma 7f28a85000
           <...>-1357  [004] ....  5292.666816: do_swap_page: swapin tgid 1333 pid 1357 name "android.display" vma 7ed0df0000
 ndroid.systemui-1648  [004] ....  5292.666857: do_swap_page: swapin tgid 1648 pid 1648 name "ndroid.systemui" vma 9ea1e000
 ndroid.systemui-1648  [004] ....  5292.666862: do_swap_page: swapin tgid 1648 pid 1648 name "ndroid.systemui" vma 9e963000
 ndroid.systemui-1648  [004] ....  5292.666868: do_swap_page: swapin tgid 1648 pid 1648 name "ndroid.systemui" vma 7e9df00000
 ndroid.systemui-1648  [004] ....  5292.666874: do_swap_page: swapin tgid 1648 pid 1648 name "ndroid.systemui" vma 7f2d144000
 ndroid.systemui-1648  [004] ....  5292.666878: do_swap_page: swapin tgid 1648 pid 1648 name "ndroid.systemui" vma 136e1000
 ndroid.systemui-1648  [004] ....  5292.666887: do_swap_page: swapin tgid 1648 pid 1648 name "ndroid.systemui" vma 9eabe000
     logd.writer-567   [004] ....  5292.666914: do_swap_page: swapin tgid 555 pid 567 name "logd.writer" vma 7fb268a000
     logd.writer-567   [004] ....  5292.666919: do_swap_page: swapin tgid 555 pid 567 name "logd.writer" vma 7fbbf2e000
     logd.writer-567   [004] ....  5292.666921: do_swap_page: swapin tgid 555 pid 567 name "logd.writer" vma 7fbbe39000
           <...>-1981  [004] ....  5292.666950: do_swap_page: swapin tgid 1981 pid 1981 name "droid.launcher3" vma 9e845000
           <...>-1981  [004] ....  5292.666958: do_swap_page: swapin tgid 1981 pid 1981 name "droid.launcher3" vma 9e929000
           <...>-1981  [004] ....  5292.666961: do_swap_page: swapin tgid 1981 pid 1981 name "droid.launcher3" vma 9e934000
           <...>-1357  [004] ....  5292.667096: do_swap_page: swapin tgid 1333 pid 1357 name "android.display" vma 7ed0df0000
           <...>-1357  [004] ....  5292.667102: do_swap_page: swapin tgid 1333 pid 1357 name "android.display" vma 7e8357f000
           <...>-1357  [004] ....  5292.667107: do_swap_page: swapin tgid 1333 pid 1357 name "android.display" vma 143bb000
           <...>-1357  [004] ....  5292.667127: do_swap_page: swapin tgid 1333 pid 1357 name "android.display" vma 9e9d9000
 ndroid.systemui-1648  [004] ....  5292.667151: do_swap_page: swapin tgid 1648 pid 1648 name "ndroid.systemui" vma 9eabe000
 ndroid.systemui-1648  [004] ....  5292.667155: do_swap_page: swapin tgid 1648 pid 1648 name "ndroid.systemui" vma 9e9f7000
           <...>-1981  [004] ....  5292.667189: do_swap_page: swapin tgid 1981 pid 1981 name "droid.launcher3" vma 9e934000
           <...>-1981  [004] ....  5292.667196: do_swap_page: swapin tgid 1981 pid 1981 name "droid.launcher3" vma 12f1a000
           <...>-1981  [004] ....  5292.667202: do_swap_page: swapin tgid 1981 pid 1981 name "droid.launcher3" vma 9e933000
           <...>-1357  [004] ....  5292.667292: do_swap_page: swapin tgid 1333 pid 1357 name "android.display" vma 9e9d9000
           <...>-1357  [004] ....  5292.667299: do_swap_page: swapin tgid 1333 pid 1357 name "android.display" vma 13957000
           <...>-1357  [004] ....  5292.667303: do_swap_page: swapin tgid 1333 pid 1357 name "android.display" vma 150cd000
           <...>-1357  [004] ....  5292.667308: do_swap_page: swapin tgid 1333 pid 1357 name "android.display" vma 150cc000
           <...>-1357  [004] ....  5292.667310: do_swap_page: swapin tgid 1333 pid 1357 name "android.display" vma 150ce000
           <...>-1357  [004] ....  5292.667353: do_swap_page: swapin tgid 1333 pid 1357 name "android.display" vma 150cb000
           <...>-1981  [004] ....  5292.667397: do_swap_page: swapin tgid 1981 pid 1981 name "droid.launcher3" vma 9e933000
           <...>-1981  [004] ....  5292.667402: do_swap_page: swapin tgid 1981 pid 1981 name "droid.launcher3" vma 12ecd000
           <...>-1981  [004] ....  5292.667405: do_swap_page: swapin tgid 1981 pid 1981 name "droid.launcher3" vma 13cbf000
           <...>-1981  [004] ....  5292.667407: do_swap_page: swapin tgid 1981 pid 1981 name "droid.launcher3" vma 9e84c000
           <...>-1357  [004] ....  5292.667439: do_swap_page: swapin tgid 1333 pid 1357 name "android.display" vma 150c4000
           <...>-1357  [004] ....  5292.667453: do_swap_page: swapin tgid 1333 pid 1357 name "android.display" vma 7ed0c61000
           <...>-1357  [004] ....  5292.667494: do_swap_page: swapin tgid 1333 pid 1357 name "android.display" vma 9e925000
 ndroid.systemui-1648  [004] ....  5292.667518: do_swap_page: swapin tgid 1648 pid 1648 name "ndroid.systemui" vma 9e9f7000
 ndroid.systemui-1648  [004] ....  5292.667524: do_swap_page: swapin tgid 1648 pid 1648 name "ndroid.systemui" vma 9ea4a000
           <...>-1981  [004] ....  5292.667558: do_swap_page: swapin tgid 1981 pid 1981 name "droid.launcher3" vma 9e84c000
           <...>-1981  [004] ....  5292.667564: do_swap_page: swapin tgid 1981 pid 1981 name "droid.launcher3" vma 7ecdd3d000
           <...>-1981  [004] ....  5292.667567: do_swap_page: swapin tgid 1981 pid 1981 name "droid.launcher3" vma 7ec7d9c000
           <...>-1981  [004] ....  5292.667570: do_swap_page: swapin tgid 1981 pid 1981 name "droid.launcher3" vma 7fbe22c000
           <...>-1981  [004] ....  5292.667576: do_swap_page: swapin tgid 1981 pid 1981 name "droid.launcher3" vma 9e84d000
     logd.writer-567   [004] ....  5292.667608: do_swap_page: swapin tgid 555 pid 567 name "logd.writer" vma 7fbbe39000
           <...>-1981  [004] ....  5292.667767: do_swap_page: swapin tgid 1981 pid 1981 name "droid.launcher3" vma 9e84d000
           <...>-1981  [004] ....  5292.667772: do_swap_page: swapin tgid 1981 pid 1981 name "droid.launcher3" vma 9e92c000
           <...>-1357  [004] ....  5292.667806: do_swap_page: swapin tgid 1333 pid 1357 name "android.display" vma 9e925000
           <...>-1357  [004] ....  5292.667816: do_swap_page: swapin tgid 1333 pid 1357 name "android.display" vma 7eb4324000
           <...>-1357  [004] ....  5292.667868: do_swap_page: swapin tgid 1333 pid 1357 name "android.display" vma 9ea03000
 ndroid.systemui-1648  [004] ....  5292.667891: do_swap_page: swapin tgid 1648 pid 1648 name "ndroid.systemui" vma 9ea4a000
 ndroid.systemui-1648  [004] ....  5292.667898: do_swap_page: swapin tgid 1648 pid 1648 name "ndroid.systemui" vma 9eaa8000
 ndroid.systemui-1648  [004] ....  5292.667902: do_swap_page: swapin tgid 1648 pid 1648 name "ndroid.systemui" vma 9e97d000
 ndroid.systemui-1648  [004] ....  5292.667907: do_swap_page: swapin tgid 1648 pid 1648 name "ndroid.systemui" vma 9eaea000
           <...>-1981  [004] ....  5292.667941: do_swap_page: swapin tgid 1981 pid 1981 name "droid.launcher3" vma 9e92c000
           <...>-1981  [004] ....  5292.667947: do_swap_page: swapin tgid 1981 pid 1981 name "droid.launcher3" vma 9e94c000
           <...>-1357  [004] ....  5292.668002: do_swap_page: swapin tgid 1333 pid 1357 name "android.display" vma 9ea03000
           <...>-1357  [004] ....  5292.668008: do_swap_page: swapin tgid 1333 pid 1357 name "android.display" vma 9e8f5000
           <...>-1357  [004] ....  5292.668010: do_swap_page: swapin tgid 1333 pid 1357 name "android.display" vma 9ea3c000
     logd.writer-567   [004] ....  5292.668034: do_swap_page: swapin tgid 555 pid 567 name "logd.writer" vma 7fbd6c7000
     logd.writer-567   [004] ....  5292.668039: do_swap_page: swapin tgid 555 pid 567 name "logd.writer" vma 7fb2781000
     logd.writer-567   [004] ....  5292.668045: do_swap_page: swapin tgid 555 pid 567 name "logd.writer" vma 7fbbf48000
     logd.writer-567   [004] ....  5292.668049: do_swap_page: swapin tgid 555 pid 567 name "logd.writer" vma 7fbbfc7000
     logd.writer-567   [004] ....  5292.668051: do_swap_page: swapin tgid 555 pid 567 name "logd.writer" vma 7fbbe9f000
     logd.writer-567   [004] ....  5292.668053: do_swap_page: swapin tgid 555 pid 567 name "logd.writer" vma 7fbbee4000
     logd.writer-567   [004] ....  5292.668058: do_swap_page: swapin tgid 555 pid 567 name "logd.writer" vma 7fbbf07000
     logd.writer-567   [004] ....  5292.668059: do_swap_page: swapin tgid 555 pid 567 name "logd.writer" vma 7fbbf06000
     logd.writer-567   [004] ....  5292.668061: do_swap_page: swapin tgid 555 pid 567 name "logd.writer" vma 7fbbf14000
           <...>-1981  [004] ....  5292.668084: do_swap_page: swapin tgid 1981 pid 1981 name "droid.launcher3" vma 9e94c000
           <...>-1981  [004] ....  5292.668088: do_swap_page: swapin tgid 1981 pid 1981 name "droid.launcher3" vma 9e95f000
           <...>-855   [004] ....  5292.668176: do_swap_page: swapin tgid 855 pid 855 name "logcatd" vma 7fbddb6000
 ndroid.systemui-1648  [004] ....  5292.668202: do_swap_page: swapin tgid 1648 pid 1648 name "ndroid.systemui" vma 9eaea000
 ndroid.systemui-1648  [004] ....  5292.668207: do_swap_page: swapin tgid 1648 pid 1648 name "ndroid.systemui" vma 9ea2d000
           <...>-1357  [004] ....  5292.668272: do_swap_page: swapin tgid 1333 pid 1357 name "android.display" vma 9ea3c000
           <...>-1357  [004] ....  5292.668278: do_swap_page: swapin tgid 1333 pid 1357 name "android.display" vma 13ec0000
           <...>-1357  [004] ....  5292.668281: do_swap_page: swapin tgid 1333 pid 1357 name "android.display" vma 140ec000
           <...>-1357  [004] ....  5292.668287: do_swap_page: swapin tgid 1333 pid 1357 name "android.display" vma 7eb4359000
           <...>-1357  [004] ....  5292.668338: do_swap_page: swapin tgid 1333 pid 1357 name "android.display" vma 13702000
           <...>-1981  [004] ....  5292.668363: do_swap_page: swapin tgid 1981 pid 1981 name "droid.launcher3" vma 9e95f000
           <...>-1981  [004] ....  5292.668368: do_swap_page: swapin tgid 1981 pid 1981 name "droid.launcher3" vma 9e9bf000
           <...>-1981  [004] ....  5292.668376: do_swap_page: swapin tgid 1981 pid 1981 name "droid.launcher3" vma 9e959000
           <...>-1357  [004] ....  5292.668402: do_swap_page: swapin tgid 1333 pid 1357 name "android.display" vma 13f1a000
           <...>-1357  [004] ....  5292.668407: do_swap_page: swapin tgid 1333 pid 1357 name "android.display" vma 142a9000
           <...>-1357  [004] ....  5292.668470: do_swap_page: swapin tgid 1333 pid 1357 name "android.display" vma 7eb41b3000
           <...>-1357  [004] ....  5292.668475: do_swap_page: swapin tgid 1333 pid 1357 name "android.display" vma 7f2d670000
           <...>-1981  [004] ....  5292.668505: do_swap_page: swapin tgid 1981 pid 1981 name "droid.launcher3" vma 9e959000
           <...>-1981  [004] ....  5292.668510: do_swap_page: swapin tgid 1981 pid 1981 name "droid.launcher3" vma 9e92a000
           <...>-1981  [004] ....  5292.668515: do_swap_page: swapin tgid 1981 pid 1981 name "droid.launcher3" vma 9e812000
           <...>-1357  [004] ....  5292.668551: do_swap_page: swapin tgid 1333 pid 1357 name "android.display" vma 7f2d721000
           <...>-1357  [004] ....  5292.668561: do_swap_page: swapin tgid 1333 pid 1357 name "android.display" vma 13927000
           <...>-1357  [004] ....  5292.668571: do_swap_page: swapin tgid 1333 pid 1357 name "android.display" vma 7f2d668000
           <...>-1981  [004] ....  5292.668627: do_swap_page: swapin tgid 1981 pid 1981 name "droid.launcher3" vma 9e812000
           <...>-1981  [004] ....  5292.668633: do_swap_page: swapin tgid 1981 pid 1981 name "droid.launcher3" vma 131c0000
           <...>-1981  [004] ....  5292.668636: do_swap_page: swapin tgid 1981 pid 1981 name "droid.launcher3" vma 9e813000
           <...>-1357  [004] ....  5292.668668: do_swap_page: swapin tgid 1333 pid 1357 name "android.display" vma 7eb4d87000
           <...>-1357  [004] ....  5292.668697: do_swap_page: swapin tgid 1333 pid 1357 name "android.display" vma 14833000
           <...>-1357  [004] ....  5292.668705: do_swap_page: swapin tgid 1333 pid 1357 name "android.display" vma 7f2d6c8000
           <...>-1981  [004] ....  5292.668798: do_swap_page: swapin tgid 1981 pid 1981 name "droid.launcher3" vma 9e813000
           <...>-1981  [004] ....  5292.668805: do_swap_page: swapin tgid 1981 pid 1981 name "droid.launcher3" vma 9e914000
           <...>-1357  [004] ....  5292.668837: do_swap_page: swapin tgid 1333 pid 1357 name "android.display" vma 7e835b1000
           <...>-1357  [004] ....  5292.668862: do_swap_page: swapin tgid 1333 pid 1357 name "android.display" vma 7e835b5000
   system_server-1333  [004] ....  5292.668902: do_swap_page: swapin tgid 1333 pid 1333 name "system_server" vma 9eb2a000
           <...>-1362  [004] ....  5292.668955: do_swap_page: swapin tgid 1333 pid 1362 name "android.bg" vma 9eb2a000
           <...>-1540  [004] ....  5292.668964: do_swap_page: swapin tgid 1333 pid 1540 name "AudioService" vma 7e87d84000
           <...>-1540  [004] ....  5292.668973: do_swap_page: swapin tgid 1333 pid 1540 name "AudioService" vma 7e87d85000
   Binder:1648_1-1671  [004] ....  5292.669023: do_swap_page: swapin tgid 1648 pid 1671 name "Binder:1648_1" vma 7f28a4e000
   Binder:1648_1-1671  [004] ....  5292.669030: do_swap_page: swapin tgid 1648 pid 1671 name "Binder:1648_1" vma 7f2e0eb000
   Binder:1648_1-1671  [004] ....  5292.669034: do_swap_page: swapin tgid 1648 pid 1671 name "Binder:1648_1" vma 7f2e0ec000
   Binder:1730_2-1750  [004] ....  5292.669063: do_swap_page: swapin tgid 1730 pid 1750 name "Binder:1730_2" vma 7f2d668000
   Binder:1730_2-1750  [004] ....  5292.669072: do_swap_page: swapin tgid 1730 pid 1750 name "Binder:1730_2" vma 7f2dfee000
   Binder:1730_2-1750  [004] ....  5292.669075: do_swap_page: swapin tgid 1730 pid 1750 name "Binder:1730_2" vma 7f2dfef000
           <...>-2214  [004] ....  5292.669124: do_swap_page: swapin tgid 1760 pid 2214 name "Binder:1760_4" vma 7f2d668000
           <...>-2214  [004] ....  5292.669130: do_swap_page: swapin tgid 1760 pid 2214 name "Binder:1760_4" vma 7f2daf8000
           <...>-2214  [004] ....  5292.669134: do_swap_page: swapin tgid 1760 pid 2214 name "Binder:1760_4" vma 7f2daf9000
           <...>-2791  [004] ....  5292.669179: do_swap_page: swapin tgid 1852 pid 2791 name "Binder:1852_4" vma 7f28b4c000
           <...>-2791  [004] ....  5292.669187: do_swap_page: swapin tgid 1852 pid 2791 name "Binder:1852_4" vma 7ed05c2000
           <...>-2791  [004] ....  5292.669190: do_swap_page: swapin tgid 1852 pid 2791 name "Binder:1852_4" vma 7ed05c3000
           <...>-1894  [004] ....  5292.669243: do_swap_page: swapin tgid 1868 pid 1894 name "Binder:1868_1" vma 7fbe241000
           <...>-2426  [004] ....  5292.669271: do_swap_page: swapin tgid 1928 pid 2426 name "Binder:1928_4" vma 7f2d668000
           <...>-2426  [004] ....  5292.669278: do_swap_page: swapin tgid 1928 pid 2426 name "Binder:1928_4" vma 7f28ef2000
           <...>-2426  [004] ....  5292.669282: do_swap_page: swapin tgid 1928 pid 2426 name "Binder:1928_4" vma 7f28ef3000
           <...>-1981  [004] ....  5292.669328: do_swap_page: swapin tgid 1981 pid 1981 name "droid.launcher3" vma 9e914000
           <...>-1981  [004] ....  5292.669336: do_swap_page: swapin tgid 1981 pid 1981 name "droid.launcher3" vma 9e83b000
   system_server-1333  [004] ....  5292.669359: do_swap_page: swapin tgid 1333 pid 1333 name "system_server" vma 9eb2a000
   system_server-1333  [004] ....  5292.669428: do_swap_page: swapin tgid 1333 pid 1333 name "system_server" vma 9eb68000
           <...>-1540  [004] ....  5292.669460: do_swap_page: swapin tgid 1333 pid 1540 name "AudioService" vma 7e87d85000
           <...>-1540  [004] ....  5292.669468: do_swap_page: swapin tgid 1333 pid 1540 name "AudioService" vma 7eb4fc9000
           <...>-1540  [004] ....  5292.669471: do_swap_page: swapin tgid 1333 pid 1540 name "AudioService" vma 7eb4fca000
           <...>-1540  [004] ....  5292.669477: do_swap_page: swapin tgid 1333 pid 1540 name "AudioService" vma 7e87d82000
           <...>-1981  [004] ....  5292.669509: do_swap_page: swapin tgid 1981 pid 1981 name "droid.launcher3" vma 9e83b000
           <...>-1981  [004] ....  5292.669514: do_swap_page: swapin tgid 1981 pid 1981 name "droid.launcher3" vma 9e83a000
           <...>-2214  [004] ....  5292.669535: do_swap_page: swapin tgid 1760 pid 2214 name "Binder:1760_4" vma 7f2daf9000
           <...>-2214  [004] ....  5292.669541: do_swap_page: swapin tgid 1760 pid 2214 name "Binder:1760_4" vma 7f2d685000
           <...>-2214  [004] ....  5292.669545: do_swap_page: swapin tgid 1760 pid 2214 name "Binder:1760_4" vma 7fbe180000
           <...>-2214  [004] ....  5292.669566: do_swap_page: swapin tgid 1760 pid 2214 name "Binder:1760_4" vma 7f2d67d000
           <...>-1894  [004] ....  5292.669592: do_swap_page: swapin tgid 1868 pid 1894 name "Binder:1868_1" vma 7fbe241000
           <...>-1894  [004] ....  5292.669624: do_swap_page: swapin tgid 1868 pid 1894 name "Binder:1868_1" vma 7ed1ca4000
           <...>-1894  [004] ....  5292.669630: do_swap_page: swapin tgid 1868 pid 1894 name "Binder:1868_1" vma 7f28ac3000
           <...>-1894  [004] ....  5292.669636: do_swap_page: swapin tgid 1868 pid 1894 name "Binder:1868_1" vma 7f2d28e000
           <...>-1894  [004] ....  5292.669642: do_swap_page: swapin tgid 1868 pid 1894 name "Binder:1868_1" vma 14558000
 m.android.phone-1868  [004] ....  5292.669733: do_swap_page: swapin tgid 1868 pid 1868 name "m.android.phone" vma 14507000
 m.android.phone-1868  [004] ....  5292.669739: do_swap_page: swapin tgid 1868 pid 1868 name "m.android.phone" vma 1448a000
 m.android.phone-1868  [004] ....  5292.669749: do_swap_page: swapin tgid 1868 pid 1868 name "m.android.phone" vma 14570000
 m.android.phone-1868  [004] ....  5292.669757: do_swap_page: swapin tgid 1868 pid 1868 name "m.android.phone" vma 131ba000
 m.android.phone-1868  [004] ....  5292.669766: do_swap_page: swapin tgid 1868 pid 1868 name "m.android.phone" vma 7f28abd000
 m.android.phone-1868  [004] ....  5292.669773: do_swap_page: swapin tgid 1868 pid 1868 name "m.android.phone" vma 14546000
           <...>-1981  [004] ....  5292.669812: do_swap_page: swapin tgid 1981 pid 1981 name "droid.launcher3" vma 9e83a000
           <...>-1981  [004] ....  5292.669817: do_swap_page: swapin tgid 1981 pid 1981 name "droid.launcher3" vma 131c2000
           <...>-1981  [004] ....  5292.669820: do_swap_page: swapin tgid 1981 pid 1981 name "droid.launcher3" vma 7ecdb87000
           <...>-1981  [004] ....  5292.669823: do_swap_page: swapin tgid 1981 pid 1981 name "droid.launcher3" vma 9e820000
           <...>-2426  [004] ....  5292.669849: do_swap_page: swapin tgid 1928 pid 2426 name "Binder:1928_4" vma 7f28ef3000
           <...>-2426  [004] ....  5292.669855: do_swap_page: swapin tgid 1928 pid 2426 name "Binder:1928_4" vma 7f2d6a1000
           <...>-2426  [004] ....  5292.669859: do_swap_page: swapin tgid 1928 pid 2426 name "Binder:1928_4" vma 7fbe180000
           <...>-2426  [004] ....  5292.669863: do_swap_page: swapin tgid 1928 pid 2426 name "Binder:1928_4" vma 7f2d673000
           <...>-2426  [004] ....  5292.669871: do_swap_page: swapin tgid 1928 pid 2426 name "Binder:1928_4" vma 7f2d615000
           <...>-2426  [004] ....  5292.669873: do_swap_page: swapin tgid 1928 pid 2426 name "Binder:1928_4" vma 7f2d61f000
           <...>-2426  [004] ....  5292.669875: do_swap_page: swapin tgid 1928 pid 2426 name "Binder:1928_4" vma 7f2d6b8000
           <...>-2426  [004] ....  5292.669878: do_swap_page: swapin tgid 1928 pid 2426 name "Binder:1928_4" vma 7fb9f9d000
           <...>-2426  [004] ....  5292.669881: do_swap_page: swapin tgid 1928 pid 2426 name "Binder:1928_4" vma 7fbe2f1000
           <...>-2426  [004] ....  5292.669883: do_swap_page: swapin tgid 1928 pid 2426 name "Binder:1928_4" vma 7fbe241000
   Binder:1648_1-1671  [004] ....  5292.669910: do_swap_page: swapin tgid 1648 pid 1671 name "Binder:1648_1" vma 7f2e0ec000
   Binder:1648_1-1671  [004] ....  5292.669916: do_swap_page: swapin tgid 1648 pid 1671 name "Binder:1648_1" vma 7f289fc000
   Binder:1648_1-1671  [004] ....  5292.669925: do_swap_page: swapin tgid 1648 pid 1671 name "Binder:1648_1" vma 7f28e5a000
   Binder:1648_1-1671  [004] ....  5292.669935: do_swap_page: swapin tgid 1648 pid 1671 name "Binder:1648_1" vma 7f28b7e000
   Binder:1648_1-1671  [004] ....  5292.669937: do_swap_page: swapin tgid 1648 pid 1671 name "Binder:1648_1" vma 7f28b18000
   Binder:1648_1-1671  [004] ....  5292.669940: do_swap_page: swapin tgid 1648 pid 1671 name "Binder:1648_1" vma 7f28b7f000
   Binder:1648_1-1671  [004] ....  5292.669945: do_swap_page: swapin tgid 1648 pid 1671 name "Binder:1648_1" vma 7f2e0e9000
   Binder:1648_1-1671  [004] ....  5292.669972: do_swap_page: swapin tgid 1648 pid 1671 name "Binder:1648_1" vma 7f31531000
   Binder:1648_1-1671  [004] ....  5292.669975: do_swap_page: swapin tgid 1648 pid 1671 name "Binder:1648_1" vma 7f2e0ea000
   Binder:1648_1-1671  [004] ....  5292.669978: do_swap_page: swapin tgid 1648 pid 1671 name "Binder:1648_1" vma 12d80000
   Binder:1648_1-1671  [004] ....  5292.669984: do_swap_page: swapin tgid 1648 pid 1671 name "Binder:1648_1" vma 7fbe312000
   Binder:1648_1-1671  [004] ....  5292.669987: do_swap_page: swapin tgid 1648 pid 1671 name "Binder:1648_1" vma 7f2895c000
   Binder:1648_1-1671  [004] ....  5292.669992: do_swap_page: swapin tgid 1648 pid 1671 name "Binder:1648_1" vma 7eb2bfa000
   Binder:1648_1-1671  [004] ....  5292.670001: do_swap_page: swapin tgid 1648 pid 1671 name "Binder:1648_1" vma 7fbe34a000
   Binder:1648_1-1671  [004] ....  5292.670008: do_swap_page: swapin tgid 1648 pid 1671 name "Binder:1648_1" vma 13546000
   Binder:1648_1-1671  [004] ....  5292.670030: do_swap_page: swapin tgid 1648 pid 1671 name "Binder:1648_1" vma 7f28a15000
   Binder:1648_1-1671  [004] ....  5292.670036: do_swap_page: swapin tgid 1648 pid 1671 name "Binder:1648_1" vma 7f28da4000
 ScreenDecoratio-2174  [004] ....  5292.670105: do_swap_page: swapin tgid 1648 pid 2174 name "ScreenDecoratio" vma 7eb5898000
 ScreenDecoratio-2174  [004] ....  5292.670124: do_swap_page: swapin tgid 1648 pid 2174 name "ScreenDecoratio" vma 7eb5899000
 ScreenDecoratio-2174  [004] ....  5292.670126: do_swap_page: swapin tgid 1648 pid 2174 name "ScreenDecoratio" vma 7ec3b9a000
