 ogle.android.gm-5855  [004] ....  4468.534535: do_swap_page: swapin tgid 5855 pid 5855 name "ogle.android.gm" vma 9e9e7000
 ogle.android.gm-5855  [004] ....  4468.534545: do_swap_page: swapin tgid 5855 pid 5855 name "ogle.android.gm" vma 9e853000
 ogle.android.gm-5855  [004] ....  4468.534552: do_swap_page: swapin tgid 5855 pid 5855 name "ogle.android.gm" vma 13e21000
 ogle.android.gm-5855  [004] ....  4468.534565: do_swap_page: swapin tgid 5855 pid 5855 name "ogle.android.gm" vma 13734000
 ogle.android.gm-5855  [004] ....  4468.534567: do_swap_page: swapin tgid 5855 pid 5855 name "ogle.android.gm" vma 9f213000
           <...>-1999  [004] ....  4468.534596: do_swap_page: swapin tgid 1981 pid 1999 name "Binder:1981_1" vma 9e8cf000
 ogle.android.gm-5855  [004] ....  4468.534742: do_swap_page: swapin tgid 5855 pid 5855 name "ogle.android.gm" vma 9f213000
 ogle.android.gm-5855  [004] ....  4468.534747: do_swap_page: swapin tgid 5855 pid 5855 name "ogle.android.gm" vma 9f320000
 ogle.android.gm-5855  [004] ....  4468.534903: do_swap_page: swapin tgid 5855 pid 5855 name "ogle.android.gm" vma 9f320000
 ogle.android.gm-5855  [004] ....  4468.534909: do_swap_page: swapin tgid 5855 pid 5855 name "ogle.android.gm" vma 9f2ee000
           <...>-1981  [004] ....  4468.535145: do_swap_page: swapin tgid 1981 pid 1981 name "droid.launcher3" vma 1322d000
 ogle.android.gm-5855  [004] ....  4468.535168: do_swap_page: swapin tgid 5855 pid 5855 name "ogle.android.gm" vma 9f2ee000
 ogle.android.gm-5855  [004] ....  4468.535173: do_swap_page: swapin tgid 5855 pid 5855 name "ogle.android.gm" vma 9f0b4000
 ogle.android.gm-5855  [004] ....  4468.535302: do_swap_page: swapin tgid 5855 pid 5855 name "ogle.android.gm" vma 9f0b4000
 ogle.android.gm-5855  [004] ....  4468.535308: do_swap_page: swapin tgid 5855 pid 5855 name "ogle.android.gm" vma 13735000
 ogle.android.gm-5855  [004] ....  4468.535310: do_swap_page: swapin tgid 5855 pid 5855 name "ogle.android.gm" vma 13737000
 ogle.android.gm-5855  [004] ....  4468.535313: do_swap_page: swapin tgid 5855 pid 5855 name "ogle.android.gm" vma 9ead8000
     lowpool[47]-17342 [004] ....  4468.535349: do_swap_page: swapin tgid 2250 pid 17342 name "CMEventHandler" vma 134e9000
 ogle.android.gm-5855  [004] ....  4468.535443: do_swap_page: swapin tgid 5855 pid 5855 name "ogle.android.gm" vma 9ead8000
 ogle.android.gm-5855  [004] ....  4468.535449: do_swap_page: swapin tgid 5855 pid 5855 name "ogle.android.gm" vma 9f194000
           <...>-2401  [004] ....  4468.535854: do_swap_page: swapin tgid 2250 pid 2401 name "Binder:2250_4" vma 7ec39d0000
           <...>-2401  [004] ....  4468.535862: do_swap_page: swapin tgid 2250 pid 2401 name "Binder:2250_4" vma 7ec39d1000
           <...>-2401  [004] ....  4468.535871: do_swap_page: swapin tgid 2250 pid 2401 name "Binder:2250_4" vma 7f2d67e000
           <...>-2401  [004] ....  4468.535877: do_swap_page: swapin tgid 2250 pid 2401 name "Binder:2250_4" vma 7f2d662000
           <...>-2401  [004] ....  4468.535881: do_swap_page: swapin tgid 2250 pid 2401 name "Binder:2250_4" vma 7f2d663000
           <...>-2401  [004] ....  4468.535886: do_swap_page: swapin tgid 2250 pid 2401 name "Binder:2250_4" vma 7ec39ce000
           <...>-2401  [004] ....  4468.535891: do_swap_page: swapin tgid 2250 pid 2401 name "Binder:2250_4" vma 7f312bd000
           <...>-2401  [004] ....  4468.535895: do_swap_page: swapin tgid 2250 pid 2401 name "Binder:2250_4" vma 7ec39cf000
           <...>-2401  [004] ....  4468.535901: do_swap_page: swapin tgid 2250 pid 2401 name "Binder:2250_4" vma 14540000
           <...>-2401  [004] ....  4468.535909: do_swap_page: swapin tgid 2250 pid 2401 name "Binder:2250_4" vma 7ec600c000
           <...>-2401  [004] ....  4468.535911: do_swap_page: swapin tgid 2250 pid 2401 name "Binder:2250_4" vma 7ec600d000
 ogle.android.gm-5855  [004] ....  4468.536122: do_swap_page: swapin tgid 5855 pid 5855 name "ogle.android.gm" vma 9f194000
 ogle.android.gm-5855  [004] ....  4468.536129: do_swap_page: swapin tgid 5855 pid 5855 name "ogle.android.gm" vma 9f2da000
 ogle.android.gm-5855  [004] ....  4468.536628: do_swap_page: swapin tgid 5855 pid 5855 name "ogle.android.gm" vma 9f2da000
 ogle.android.gm-5855  [004] ....  4468.536634: do_swap_page: swapin tgid 5855 pid 5855 name "ogle.android.gm" vma 9eb15000
 ogle.android.gm-5855  [004] ....  4468.536637: do_swap_page: swapin tgid 5855 pid 5855 name "ogle.android.gm" vma 9f13f000
 ogle.android.gm-5855  [004] ....  4468.536758: do_swap_page: swapin tgid 5855 pid 5855 name "ogle.android.gm" vma 9f13f000
 ogle.android.gm-5855  [004] ....  4468.536765: do_swap_page: swapin tgid 5855 pid 5855 name "ogle.android.gm" vma 9ee57000
 ogle.android.gm-5855  [004] ....  4468.536881: do_swap_page: swapin tgid 5855 pid 5855 name "ogle.android.gm" vma 9ee57000
 ogle.android.gm-5855  [004] ....  4468.536890: do_swap_page: swapin tgid 5855 pid 5855 name "ogle.android.gm" vma 13ec5000
 ogle.android.gm-5855  [004] ....  4468.536897: do_swap_page: swapin tgid 5855 pid 5855 name "ogle.android.gm" vma 13541000
 ogle.android.gm-5855  [004] ....  4468.536918: do_swap_page: swapin tgid 5855 pid 5855 name "ogle.android.gm" vma 13661000
 ogle.android.gm-5855  [004] ....  4468.536924: do_swap_page: swapin tgid 5855 pid 5855 name "ogle.android.gm" vma 9ec40000
 ogle.android.gm-5855  [004] ....  4468.536928: do_swap_page: swapin tgid 5855 pid 5855 name "ogle.android.gm" vma 13cc3000
 ogle.android.gm-5855  [004] ....  4468.536936: do_swap_page: swapin tgid 5855 pid 5855 name "ogle.android.gm" vma 13e20000
 ogle.android.gm-5855  [004] ....  4468.536953: do_swap_page: swapin tgid 5855 pid 5855 name "ogle.android.gm" vma 9e962000
 ogle.android.gm-5855  [004] ....  4468.536959: do_swap_page: swapin tgid 5855 pid 5855 name "ogle.android.gm" vma 13e23000
 ogle.android.gm-5855  [004] ....  4468.536975: do_swap_page: swapin tgid 5855 pid 5855 name "ogle.android.gm" vma 9e8be000
 ogle.android.gm-5855  [004] ....  4468.536984: do_swap_page: swapin tgid 5855 pid 5855 name "ogle.android.gm" vma 9f068000
 ogle.android.gm-5855  [004] ....  4468.536986: do_swap_page: swapin tgid 5855 pid 5855 name "ogle.android.gm" vma 13964000
 ogle.android.gm-5855  [004] ....  4468.536991: do_swap_page: swapin tgid 5855 pid 5855 name "ogle.android.gm" vma 9eca1000
    BG Thread #1-5894  [004] ....  4468.537032: do_swap_page: swapin tgid 5855 pid 5894 name "BG Thread #1" vma 7ec3fc1000
    BG Thread #1-5894  [004] ....  4468.537039: do_swap_page: swapin tgid 5855 pid 5894 name "BG Thread #1" vma 7f28b8d000
    BG Thread #1-5894  [004] ....  4468.537041: do_swap_page: swapin tgid 5855 pid 5894 name "BG Thread #1" vma 7ec3fc2000
 ogle.android.gm-5855  [004] ....  4468.537112: do_swap_page: swapin tgid 5855 pid 5855 name "ogle.android.gm" vma 9eca1000
 ogle.android.gm-5855  [004] ....  4468.537120: do_swap_page: swapin tgid 5855 pid 5855 name "ogle.android.gm" vma 9eb83000
 ogle.android.gm-5855  [004] ....  4468.537123: do_swap_page: swapin tgid 5855 pid 5855 name "ogle.android.gm" vma 9eef0000
 ogle.android.gm-5855  [004] ....  4468.537133: do_swap_page: swapin tgid 5855 pid 5855 name "ogle.android.gm" vma 9ee6c000
 ogle.android.gm-5855  [004] ....  4468.537294: do_swap_page: swapin tgid 5855 pid 5855 name "ogle.android.gm" vma 9ee6c000
 ogle.android.gm-5855  [004] ....  4468.537299: do_swap_page: swapin tgid 5855 pid 5855 name "ogle.android.gm" vma 9eb22000
 ogle.android.gm-5855  [004] ....  4468.537302: do_swap_page: swapin tgid 5855 pid 5855 name "ogle.android.gm" vma 9f14f000
    BG Thread #1-5894  [004] ....  4468.537322: do_swap_page: swapin tgid 5855 pid 5894 name "BG Thread #1" vma 7ec3fc2000
    BG Thread #1-5894  [004] ....  4468.537327: do_swap_page: swapin tgid 5855 pid 5894 name "BG Thread #1" vma 7ec3fbf000
 ogle.android.gm-5855  [004] ....  4468.537418: do_swap_page: swapin tgid 5855 pid 5855 name "ogle.android.gm" vma 9f14f000
 ogle.android.gm-5855  [004] ....  4468.537424: do_swap_page: swapin tgid 5855 pid 5855 name "ogle.android.gm" vma 9ee6b000
    BG Thread #1-5894  [004] ....  4468.537512: do_swap_page: swapin tgid 5855 pid 5894 name "BG Thread #1" vma 7ec3fbf000
 ogle.android.gm-5855  [004] ....  4468.537544: do_swap_page: swapin tgid 5855 pid 5855 name "ogle.android.gm" vma 9ee6b000
 ogle.android.gm-5855  [004] ....  4468.537551: do_swap_page: swapin tgid 5855 pid 5855 name "ogle.android.gm" vma 9eab8000
    BG Thread #1-5894  [004] ....  4468.537575: do_swap_page: swapin tgid 5855 pid 5894 name "BG Thread #1" vma 9ea94000
 GoogleApiHandle-2607  [004] ....  4468.537615: do_swap_page: swapin tgid 2250 pid 2607 name "GoogleApiHandle" vma 7f21184000
 ogle.android.gm-5855  [004] ....  4468.537688: do_swap_page: swapin tgid 5855 pid 5855 name "ogle.android.gm" vma 9eab8000
 ogle.android.gm-5855  [004] ....  4468.537701: do_swap_page: swapin tgid 5855 pid 5855 name "ogle.android.gm" vma 9eb4c000
 ogle.android.gm-5855  [004] ....  4468.537704: do_swap_page: swapin tgid 5855 pid 5855 name "ogle.android.gm" vma 9eb7f000
 ogle.android.gm-5855  [004] ....  4468.537707: do_swap_page: swapin tgid 5855 pid 5855 name "ogle.android.gm" vma 13607000
 ogle.android.gm-5855  [004] ....  4468.537709: do_swap_page: swapin tgid 5855 pid 5855 name "ogle.android.gm" vma 9e8f1000
 ogle.android.gm-5855  [004] ....  4468.537711: do_swap_page: swapin tgid 5855 pid 5855 name "ogle.android.gm" vma 9eab2000
    BG Thread #1-5894  [004] ....  4468.537751: do_swap_page: swapin tgid 5855 pid 5894 name "BG Thread #1" vma 9ea94000
    BG Thread #1-5894  [004] ....  4468.537763: do_swap_page: swapin tgid 5855 pid 5894 name "BG Thread #1" vma 9f135000
 GoogleApiHandle-2607  [004] ....  4468.537777: do_swap_page: swapin tgid 2250 pid 2607 name "GoogleApiHandle" vma 7f21184000
 GoogleApiHandle-2607  [004] ....  4468.537787: do_swap_page: swapin tgid 2250 pid 2607 name "GoogleApiHandle" vma 12f40000
 ogle.android.gm-5855  [004] ....  4468.537841: do_swap_page: swapin tgid 5855 pid 5855 name "ogle.android.gm" vma 9eab2000
 ogle.android.gm-5855  [004] ....  4468.537846: do_swap_page: swapin tgid 5855 pid 5855 name "ogle.android.gm" vma 9f1da000
    BG Thread #1-5894  [004] ....  4468.537884: do_swap_page: swapin tgid 5855 pid 5894 name "BG Thread #1" vma 9f135000
    BG Thread #1-5894  [004] ....  4468.537888: do_swap_page: swapin tgid 5855 pid 5894 name "BG Thread #1" vma 13647000
    BG Thread #1-5894  [004] ....  4468.537894: do_swap_page: swapin tgid 5855 pid 5894 name "BG Thread #1" vma 7f310c0000
    BG Thread #1-5894  [004] ....  4468.537900: do_swap_page: swapin tgid 5855 pid 5894 name "BG Thread #1" vma 13d54000
    BG Thread #1-5894  [004] ....  4468.537917: do_swap_page: swapin tgid 5855 pid 5894 name "BG Thread #1" vma 7ecd87c000
 ogle.android.gm-5855  [004] ....  4468.537978: do_swap_page: swapin tgid 5855 pid 5855 name "ogle.android.gm" vma 9f1da000
 ogle.android.gm-5855  [004] ....  4468.537984: do_swap_page: swapin tgid 5855 pid 5855 name "ogle.android.gm" vma 9e8bf000
 ogle.android.gm-5855  [004] ....  4468.537985: do_swap_page: swapin tgid 5855 pid 5855 name "ogle.android.gm" vma 9eb80000
 ogle.android.gm-5855  [004] ....  4468.537991: do_swap_page: swapin tgid 5855 pid 5855 name "ogle.android.gm" vma 9f1c7000
 ogle.android.gm-5855  [004] ....  4468.538112: do_swap_page: swapin tgid 5855 pid 5855 name "ogle.android.gm" vma 9f1c7000
 ogle.android.gm-5855  [004] ....  4468.538117: do_swap_page: swapin tgid 5855 pid 5855 name "ogle.android.gm" vma 9ef03000
 ogle.android.gm-5855  [004] ....  4468.538119: do_swap_page: swapin tgid 5855 pid 5855 name "ogle.android.gm" vma 9ec00000
 ogle.android.gm-5855  [004] ....  4468.538133: do_swap_page: swapin tgid 5855 pid 5855 name "ogle.android.gm" vma 7eaf8f8000
 ogle.android.gm-5855  [004] ....  4468.538136: do_swap_page: swapin tgid 5855 pid 5855 name "ogle.android.gm" vma 7eaf8f9000
 ogle.android.gm-5855  [004] ....  4468.538230: do_swap_page: swapin tgid 5855 pid 5855 name "ogle.android.gm" vma 9f17a000
 ogle.android.gm-5855  [004] ....  4468.538349: do_swap_page: swapin tgid 5855 pid 5855 name "ogle.android.gm" vma 9f17a000
 ogle.android.gm-5855  [004] ....  4468.538354: do_swap_page: swapin tgid 5855 pid 5855 name "ogle.android.gm" vma 9f038000
 ogle.android.gm-5855  [004] ....  4468.538480: do_swap_page: swapin tgid 5855 pid 5855 name "ogle.android.gm" vma 9f038000
 ogle.android.gm-5855  [004] ....  4468.538495: do_swap_page: swapin tgid 5855 pid 5855 name "ogle.android.gm" vma 9ecbe000
 ogle.android.gm-5855  [004] ....  4468.538621: do_swap_page: swapin tgid 5855 pid 5855 name "ogle.android.gm" vma 9ecbe000
 ogle.android.gm-5855  [004] ....  4468.538698: do_swap_page: swapin tgid 5855 pid 5855 name "ogle.android.gm" vma 1366e000
 ogle.android.gm-5855  [004] ....  4468.538723: do_swap_page: swapin tgid 5855 pid 5855 name "ogle.android.gm" vma 136bb000
           <...>-4888  [004] ....  4468.540400: do_swap_page: swapin tgid 1333 pid 4888 name "Binder:1333_11" vma 9e910000
           <...>-4888  [004] ....  4468.540584: do_swap_page: swapin tgid 1333 pid 4888 name "Binder:1333_11" vma 9e910000
 ogle.android.gm-5855  [004] ....  4468.540684: do_swap_page: swapin tgid 5855 pid 5855 name "ogle.android.gm" vma 9e89b000
 ogle.android.gm-5855  [004] ....  4468.540690: do_swap_page: swapin tgid 5855 pid 5855 name "ogle.android.gm" vma 9eecb000
 ogle.android.gm-5855  [004] ....  4468.540829: do_swap_page: swapin tgid 5855 pid 5855 name "ogle.android.gm" vma 9eecb000
 ogle.android.gm-5855  [004] ....  4468.540835: do_swap_page: swapin tgid 5855 pid 5855 name "ogle.android.gm" vma 9f056000
    BG Thread #1-5894  [004] ....  4468.540920: do_swap_page: swapin tgid 5855 pid 5894 name "BG Thread #1" vma 7ecd87c000
 ogle.android.gm-5855  [004] ....  4468.540957: do_swap_page: swapin tgid 5855 pid 5855 name "ogle.android.gm" vma 9f056000
 ogle.android.gm-5855  [004] ....  4468.540963: do_swap_page: swapin tgid 5855 pid 5855 name "ogle.android.gm" vma 9e958000
 ogle.android.gm-5855  [004] ....  4468.540968: do_swap_page: swapin tgid 5855 pid 5855 name "ogle.android.gm" vma 13db4000
 ogle.android.gm-5855  [004] ....  4468.540973: do_swap_page: swapin tgid 5855 pid 5855 name "ogle.android.gm" vma 9f1fe000
 ogle.android.gm-5855  [004] ....  4468.541095: do_swap_page: swapin tgid 5855 pid 5855 name "ogle.android.gm" vma 9f1fe000
 ogle.android.gm-5855  [004] ....  4468.541115: do_swap_page: swapin tgid 5855 pid 5855 name "ogle.android.gm" vma 1369c000
 ogle.android.gm-5855  [004] ....  4468.541119: do_swap_page: swapin tgid 5855 pid 5855 name "ogle.android.gm" vma 136a3000
 ogle.android.gm-5855  [004] ....  4468.541125: do_swap_page: swapin tgid 5855 pid 5855 name "ogle.android.gm" vma 131cb000
 ogle.android.gm-5855  [004] ....  4468.541129: do_swap_page: swapin tgid 5855 pid 5855 name "ogle.android.gm" vma 9ed3b000
 GoogleApiHandle-2607  [004] ....  4468.541216: do_swap_page: swapin tgid 2250 pid 2607 name "GoogleApiHandle" vma 7f21186000
 ogle.android.gm-5855  [004] ....  4468.541257: do_swap_page: swapin tgid 5855 pid 5855 name "ogle.android.gm" vma 9ed3b000
 ogle.android.gm-5855  [004] ....  4468.541263: do_swap_page: swapin tgid 5855 pid 5855 name "ogle.android.gm" vma 131cc000
 ogle.android.gm-5855  [004] ....  4468.541265: do_swap_page: swapin tgid 5855 pid 5855 name "ogle.android.gm" vma 13da8000
 ogle.android.gm-5855  [004] ....  4468.541267: do_swap_page: swapin tgid 5855 pid 5855 name "ogle.android.gm" vma 9f0ab000
 ogle.android.gm-5855  [004] ....  4468.541414: do_swap_page: swapin tgid 5855 pid 5855 name "ogle.android.gm" vma 9f0ab000
 ogle.android.gm-5855  [004] ....  4468.541419: do_swap_page: swapin tgid 5855 pid 5855 name "ogle.android.gm" vma 13dac000
 ogle.android.gm-5855  [004] ....  4468.541421: do_swap_page: swapin tgid 5855 pid 5855 name "ogle.android.gm" vma 9f14e000
 ogle.android.gm-5855  [004] ....  4468.541541: do_swap_page: swapin tgid 5855 pid 5855 name "ogle.android.gm" vma 9f14e000
 ogle.android.gm-5855  [004] ....  4468.541548: do_swap_page: swapin tgid 5855 pid 5855 name "ogle.android.gm" vma 1362d000
 ogle.android.gm-5855  [004] ....  4468.541551: do_swap_page: swapin tgid 5855 pid 5855 name "ogle.android.gm" vma 9efc9000
 ogle.android.gm-5855  [004] ....  4468.541556: do_swap_page: swapin tgid 5855 pid 5855 name "ogle.android.gm" vma 9f134000
           <...>-1362  [004] ....  4468.541622: do_swap_page: swapin tgid 1333 pid 1362 name "android.bg" vma 9eb73000
 ogle.android.gm-5855  [004] ....  4468.541667: do_swap_page: swapin tgid 5855 pid 5855 name "ogle.android.gm" vma 9f134000
 ogle.android.gm-5855  [004] ....  4468.541675: do_swap_page: swapin tgid 5855 pid 5855 name "ogle.android.gm" vma 13d47000
 ogle.android.gm-5855  [004] ....  4468.541690: do_swap_page: swapin tgid 5855 pid 5855 name "ogle.android.gm" vma 9f05d000
 GoogleApiHandle-2607  [004] ....  4468.541718: do_swap_page: swapin tgid 2250 pid 2607 name "GoogleApiHandle" vma 7f21186000
 GoogleApiHandle-2607  [004] ....  4468.541754: do_swap_page: swapin tgid 2250 pid 2607 name "GoogleApiHandle" vma 13dbd000
 GoogleApiHandle-2607  [004] ....  4468.541773: do_swap_page: swapin tgid 2250 pid 2607 name "GoogleApiHandle" vma 13427000
 ogle.android.gm-5855  [004] ....  4468.541812: do_swap_page: swapin tgid 5855 pid 5855 name "ogle.android.gm" vma 9f05d000
 ogle.android.gm-5855  [004] ....  4468.541819: do_swap_page: swapin tgid 5855 pid 5855 name "ogle.android.gm" vma 9e8af000
 ogle.android.gm-5855  [004] ....  4468.541822: do_swap_page: swapin tgid 5855 pid 5855 name "ogle.android.gm" vma 9eee0000
 ogle.android.gm-5855  [004] ....  4468.541825: do_swap_page: swapin tgid 5855 pid 5855 name "ogle.android.gm" vma 9e89a000
 ogle.android.gm-5855  [004] ....  4468.541826: do_swap_page: swapin tgid 5855 pid 5855 name "ogle.android.gm" vma 9f05c000
 ogle.android.gm-5855  [004] ....  4468.543317: do_swap_page: swapin tgid 5855 pid 5855 name "ogle.android.gm" vma 9f05c000
 ogle.android.gm-5855  [004] ....  4468.543326: do_swap_page: swapin tgid 5855 pid 5855 name "ogle.android.gm" vma 9eacf000
           <...>-20221 [004] ....  4468.543365: do_swap_page: swapin tgid 5855 pid 20221 name "ogle.android.gm" vma 7f3983b000
           <...>-20221 [004] ....  4468.543377: do_swap_page: swapin tgid 5855 pid 20221 name "ogle.android.gm" vma 7eaf90c000
           <...>-20221 [004] ....  4468.543382: do_swap_page: swapin tgid 5855 pid 20221 name "ogle.android.gm" vma 7eaf90d000
           <...>-20221 [004] ....  4468.543385: do_swap_page: swapin tgid 5855 pid 20221 name "ogle.android.gm" vma 7eaf90f000
           <...>-20221 [004] ....  4468.543387: do_swap_page: swapin tgid 5855 pid 20221 name "ogle.android.gm" vma 7eaf910000
 ogle.android.gm-5855  [004] ....  4468.543447: do_swap_page: swapin tgid 5855 pid 5855 name "ogle.android.gm" vma 9eacf000
 ogle.android.gm-5855  [004] ....  4468.543452: do_swap_page: swapin tgid 5855 pid 5855 name "ogle.android.gm" vma 9f2df000
           <...>-20221 [004] ....  4468.543477: do_swap_page: swapin tgid 5855 pid 20221 name "GAC_Executor[10" vma 9f254000
           <...>-1362  [004] ....  4468.543500: do_swap_page: swapin tgid 1333 pid 1362 name "android.bg" vma 9eb73000
 ogle.android.gm-5855  [004] ....  4468.543564: do_swap_page: swapin tgid 5855 pid 5855 name "ogle.android.gm" vma 9f2df000
 ogle.android.gm-5855  [004] ....  4468.543569: do_swap_page: swapin tgid 5855 pid 5855 name "ogle.android.gm" vma 9f057000
           <...>-20221 [004] ....  4468.543611: do_swap_page: swapin tgid 5855 pid 20221 name "GAC_Executor[10" vma 9f254000
           <...>-20221 [004] ....  4468.543614: do_swap_page: swapin tgid 5855 pid 20221 name "GAC_Executor[10" vma 9ef8d000
 ogle.android.gm-5855  [004] ....  4468.543697: do_swap_page: swapin tgid 5855 pid 5855 name "ogle.android.gm" vma 9f057000
 ogle.android.gm-5855  [004] ....  4468.543702: do_swap_page: swapin tgid 5855 pid 5855 name "ogle.android.gm" vma 9e89c000
 ogle.android.gm-5855  [004] ....  4468.543708: do_swap_page: swapin tgid 5855 pid 5855 name "ogle.android.gm" vma 13575000
 ogle.android.gm-5855  [004] ....  4468.543734: do_swap_page: swapin tgid 5855 pid 5855 name "ogle.android.gm" vma 9e8b0000
 ogle.android.gm-5855  [004] ....  4468.543736: do_swap_page: swapin tgid 5855 pid 5855 name "ogle.android.gm" vma 13e11000
 ogle.android.gm-5855  [004] ....  4468.543761: do_swap_page: swapin tgid 5855 pid 5855 name "ogle.android.gm" vma 7f289fc000
 ogle.android.gm-5855  [004] ....  4468.543769: do_swap_page: swapin tgid 5855 pid 5855 name "ogle.android.gm" vma 9f05f000
           <...>-20221 [004] ....  4468.543792: do_swap_page: swapin tgid 5855 pid 20221 name "GAC_Executor[10" vma 9ef8d000
           <...>-20221 [004] ....  4468.543804: do_swap_page: swapin tgid 5855 pid 20221 name "GAC_Executor[10" vma 9f1b6000
 GoogleApiHandle-2607  [004] ....  4468.543842: do_swap_page: swapin tgid 2250 pid 2607 name "GoogleApiHandle" vma 13c26000
 GoogleApiHandle-2607  [004] ....  4468.543850: do_swap_page: swapin tgid 2250 pid 2607 name "GoogleApiHandle" vma 13b23000
 ogle.android.gm-5855  [004] ....  4468.543882: do_swap_page: swapin tgid 5855 pid 5855 name "ogle.android.gm" vma 9f05f000
 ogle.android.gm-5855  [004] ....  4468.543893: do_swap_page: swapin tgid 5855 pid 5855 name "ogle.android.gm" vma 9f1ae000
           <...>-20221 [004] ....  4468.543960: do_swap_page: swapin tgid 5855 pid 20221 name "GAC_Executor[10" vma 9f1b6000
           <...>-20221 [004] ....  4468.543965: do_swap_page: swapin tgid 5855 pid 20221 name "GAC_Executor[10" vma 9eeec000
           <...>-20221 [004] ....  4468.543989: do_swap_page: swapin tgid 5855 pid 20221 name "GAC_Executor[10" vma 7fbe1f5000
 ogle.android.gm-5855  [004] ....  4468.544264: do_swap_page: swapin tgid 5855 pid 5855 name "ogle.android.gm" vma 9f1ae000
 ogle.android.gm-5855  [004] ....  4468.544269: do_swap_page: swapin tgid 5855 pid 5855 name "ogle.android.gm" vma 9eee1000
           <...>-20221 [004] ....  4468.544309: do_swap_page: swapin tgid 5855 pid 20221 name "GAC_Executor[10" vma 7fbe1f5000
           <...>-20221 [004] ....  4468.544337: do_swap_page: swapin tgid 5855 pid 20221 name "GAC_Executor[10" vma 9f2e7000
 GoogleApiHandle-2607  [004] ....  4468.544360: do_swap_page: swapin tgid 2250 pid 2607 name "GoogleApiHandle" vma 13cd6000
 ogle.android.gm-5855  [004] ....  4468.544391: do_swap_page: swapin tgid 5855 pid 5855 name "ogle.android.gm" vma 9eee1000
 ogle.android.gm-5855  [004] ....  4468.544425: do_swap_page: swapin tgid 5855 pid 5855 name "ogle.android.gm" vma 9eeda000
 ogle.android.gm-5855  [004] ....  4468.544459: do_swap_page: swapin tgid 5855 pid 5855 name "ogle.android.gm" vma 9f2c3000
           <...>-20221 [004] ....  4468.544489: do_swap_page: swapin tgid 5855 pid 20221 name "GAC_Executor[10" vma 9f2e7000
           <...>-20221 [004] ....  4468.544520: do_swap_page: swapin tgid 5855 pid 20221 name "GAC_Executor[10" vma 9ef76000
 ogle.android.gm-5855  [004] ....  4468.544579: do_swap_page: swapin tgid 5855 pid 5855 name "ogle.android.gm" vma 9f2c3000
 ogle.android.gm-5855  [004] ....  4468.544590: do_swap_page: swapin tgid 5855 pid 5855 name "ogle.android.gm" vma 9ef28000
 ogle.android.gm-5855  [004] ....  4468.544608: do_swap_page: swapin tgid 5855 pid 5855 name "ogle.android.gm" vma 72917000
 ogle.android.gm-5855  [004] ....  4468.544641: do_swap_page: swapin tgid 5855 pid 5855 name "ogle.android.gm" vma 13e58000
 ogle.android.gm-5855  [004] ....  4468.544674: do_swap_page: swapin tgid 5855 pid 5855 name "ogle.android.gm" vma 9f062000
 ogle.android.gm-5855  [004] ....  4468.544967: do_swap_page: swapin tgid 5855 pid 5855 name "ogle.android.gm" vma 9f26b000
           <...>-20221 [004] ....  4468.545051: do_swap_page: swapin tgid 5855 pid 20221 name "GAC_Executor[10" vma 9ef76000
 ogle.android.gm-5855  [004] ....  4468.545083: do_swap_page: swapin tgid 5855 pid 5855 name "ogle.android.gm" vma 9f26b000
 ogle.android.gm-5855  [004] ....  4468.545099: do_swap_page: swapin tgid 5855 pid 5855 name "ogle.android.gm" vma 1368d000
 ogle.android.gm-5855  [004] ....  4468.545129: do_swap_page: swapin tgid 5855 pid 5855 name "ogle.android.gm" vma 13675000
 ogle.android.gm-5855  [004] ....  4468.545157: do_swap_page: swapin tgid 5855 pid 5855 name "ogle.android.gm" vma 9ef1a000
           <...>-20221 [004] ....  4468.545208: do_swap_page: swapin tgid 5855 pid 20221 name "GAC_Executor[10" vma 7e92572000
           <...>-20221 [004] ....  4468.545216: do_swap_page: swapin tgid 5855 pid 20221 name "GAC_Executor[10" vma 7f2d679000
           <...>-20221 [004] ....  4468.545220: do_swap_page: swapin tgid 5855 pid 20221 name "GAC_Executor[10" vma 7f2d827000
           <...>-20221 [004] ....  4468.545228: do_swap_page: swapin tgid 5855 pid 20221 name "GAC_Executor[10" vma 7f2d835000
           <...>-20221 [004] ....  4468.545231: do_swap_page: swapin tgid 5855 pid 20221 name "GAC_Executor[10" vma 7f2d81c000
           <...>-20221 [004] ....  4468.545233: do_swap_page: swapin tgid 5855 pid 20221 name "GAC_Executor[10" vma 7f2d81f000
           <...>-20221 [004] ....  4468.545236: do_swap_page: swapin tgid 5855 pid 20221 name "GAC_Executor[10" vma 7f2d759000
           <...>-20221 [004] ....  4468.545251: do_swap_page: swapin tgid 5855 pid 20221 name "GAC_Executor[10" vma 7f2d70e000
 ogle.android.gm-5855  [004] ....  4468.545281: do_swap_page: swapin tgid 5855 pid 5855 name "ogle.android.gm" vma 9ef1a000
 ogle.android.gm-5855  [004] ....  4468.545287: do_swap_page: swapin tgid 5855 pid 5855 name "ogle.android.gm" vma 9e80b000
 ogle.android.gm-5855  [004] ....  4468.545310: do_swap_page: swapin tgid 5855 pid 5855 name "ogle.android.gm" vma 13935000
 ogle.android.gm-5855  [004] ....  4468.545316: do_swap_page: swapin tgid 5855 pid 5855 name "ogle.android.gm" vma 138b2000
 ogle.android.gm-5855  [004] ....  4468.545319: do_swap_page: swapin tgid 5855 pid 5855 name "ogle.android.gm" vma 13895000
 ogle.android.gm-5855  [004] ....  4468.545333: do_swap_page: swapin tgid 5855 pid 5855 name "ogle.android.gm" vma 13957000
 ogle.android.gm-5855  [004] ....  4468.545338: do_swap_page: swapin tgid 5855 pid 5855 name "ogle.android.gm" vma 9e968000
 ogle.android.gm-5855  [004] ....  4468.545340: do_swap_page: swapin tgid 5855 pid 5855 name "ogle.android.gm" vma 9f0d6000
 ogle.android.gm-5855  [004] ....  4468.545357: do_swap_page: swapin tgid 5855 pid 5855 name "ogle.android.gm" vma 1377c000
 ogle.android.gm-5855  [004] ....  4468.545390: do_swap_page: swapin tgid 5855 pid 5855 name "ogle.android.gm" vma 7fbe23d000
 ogle.android.gm-5855  [004] ....  4468.545630: do_swap_page: swapin tgid 5855 pid 5855 name "ogle.android.gm" vma 7fbe23d000
 ogle.android.gm-5855  [004] ....  4468.545636: do_swap_page: swapin tgid 5855 pid 5855 name "ogle.android.gm" vma 7f28b28000
           <...>-20221 [004] ....  4468.545666: do_swap_page: swapin tgid 5855 pid 20221 name "GAC_Executor[10" vma 7f2d6e4000
           <...>-20221 [004] ....  4468.545710: do_swap_page: swapin tgid 5855 pid 20221 name "GAC_Executor[10" vma 725ee000
           <...>-20221 [004] ....  4468.545723: do_swap_page: swapin tgid 5855 pid 20221 name "GAC_Executor[10" vma 1354e000
 ogle.android.gm-5855  [004] ....  4468.545757: do_swap_page: swapin tgid 5855 pid 5855 name "ogle.android.gm" vma 7f28b28000
 ogle.android.gm-5855  [004] ....  4468.545848: do_swap_page: swapin tgid 5855 pid 5855 name "ogle.android.gm" vma 7fbf6fb000
           <...>-20221 [004] ....  4468.545890: do_swap_page: swapin tgid 5855 pid 20221 name "GAC_Executor[10" vma 7f2d68a000
 ogle.android.gm-5855  [004] ....  4468.546019: do_swap_page: swapin tgid 5855 pid 5855 name "ogle.android.gm" vma 7fbf6fb000
 ogle.android.gm-5855  [004] ....  4468.546129: do_swap_page: swapin tgid 5855 pid 5855 name "ogle.android.gm" vma 7fbe1f2000
 ogle.android.gm-5855  [004] ....  4468.546171: do_swap_page: swapin tgid 5855 pid 5855 name "ogle.android.gm" vma 9f310000
 ogle.android.gm-5855  [004] ....  4468.546288: do_swap_page: swapin tgid 5855 pid 5855 name "ogle.android.gm" vma 9f310000
 ogle.android.gm-5855  [004] ....  4468.546294: do_swap_page: swapin tgid 5855 pid 5855 name "ogle.android.gm" vma 9f2d8000
 ogle.android.gm-5855  [004] ....  4468.546403: do_swap_page: swapin tgid 5855 pid 5855 name "ogle.android.gm" vma 9f2d8000
 ogle.android.gm-5855  [004] ....  4468.546413: do_swap_page: swapin tgid 5855 pid 5855 name "ogle.android.gm" vma 9ea4a000
 ogle.android.gm-5855  [004] ....  4468.546539: do_swap_page: swapin tgid 5855 pid 5855 name "ogle.android.gm" vma 9ea4a000
 ogle.android.gm-5855  [004] ....  4468.546545: do_swap_page: swapin tgid 5855 pid 5855 name "ogle.android.gm" vma 9f2c8000
           <...>-20221 [004] ....  4468.546579: do_swap_page: swapin tgid 5855 pid 20221 name "GAC_Executor[10" vma 9eb0d000
           <...>-20221 [004] ....  4468.546590: do_swap_page: swapin tgid 5855 pid 20221 name "GAC_Executor[10" vma 7e92a9a000
           <...>-20221 [004] ....  4468.546598: do_swap_page: swapin tgid 5855 pid 20221 name "GAC_Executor[10" vma 9eacb000
 ogle.android.gm-5855  [004] ....  4468.546659: do_swap_page: swapin tgid 5855 pid 5855 name "ogle.android.gm" vma 9f2c8000
 ogle.android.gm-5855  [004] ....  4468.546665: do_swap_page: swapin tgid 5855 pid 5855 name "ogle.android.gm" vma 9ec58000
 ogle.android.gm-5855  [004] ....  4468.546670: do_swap_page: swapin tgid 5855 pid 5855 name "ogle.android.gm" vma 13925000
 ogle.android.gm-5855  [004] ....  4468.546676: do_swap_page: swapin tgid 5855 pid 5855 name "ogle.android.gm" vma 13920000
 ogle.android.gm-5855  [004] ....  4468.546684: do_swap_page: swapin tgid 5855 pid 5855 name "ogle.android.gm" vma 13923000
 ogle.android.gm-5855  [004] ....  4468.546687: do_swap_page: swapin tgid 5855 pid 5855 name "ogle.android.gm" vma 9e95f000
 ogle.android.gm-5855  [004] ....  4468.546689: do_swap_page: swapin tgid 5855 pid 5855 name "ogle.android.gm" vma 9f0cf000
 ogle.android.gm-5855  [004] ....  4468.546729: do_swap_page: swapin tgid 5855 pid 5855 name "ogle.android.gm" vma 9ef63000
           <...>-20221 [004] ....  4468.546756: do_swap_page: swapin tgid 5855 pid 20221 name "GAC_Executor[10" vma 9eacb000
           <...>-20221 [004] ....  4468.546760: do_swap_page: swapin tgid 5855 pid 20221 name "GAC_Executor[10" vma 9f1ac000
           <...>-1362  [004] ....  4468.546810: do_swap_page: swapin tgid 1333 pid 1362 name "android.bg" vma 9e91a000
 ogle.android.gm-5855  [004] ....  4468.546865: do_swap_page: swapin tgid 5855 pid 5855 name "ogle.android.gm" vma 9ef63000
 ogle.android.gm-5855  [004] ....  4468.546880: do_swap_page: swapin tgid 5855 pid 5855 name "ogle.android.gm" vma 9e9ed000
 ogle.android.gm-5855  [004] ....  4468.546888: do_swap_page: swapin tgid 5855 pid 5855 name "ogle.android.gm" vma 13633000
 ogle.android.gm-5855  [004] ....  4468.546891: do_swap_page: swapin tgid 5855 pid 5855 name "ogle.android.gm" vma 13d4d000
 ogle.android.gm-5855  [004] ....  4468.546897: do_swap_page: swapin tgid 5855 pid 5855 name "ogle.android.gm" vma 13676000
 ogle.android.gm-5855  [004] ....  4468.546900: do_swap_page: swapin tgid 5855 pid 5855 name "ogle.android.gm" vma 13924000
 ogle.android.gm-5855  [004] ....  4468.546903: do_swap_page: swapin tgid 5855 pid 5855 name "ogle.android.gm" vma 9f16a000
           <...>-20221 [004] ....  4468.546928: do_swap_page: swapin tgid 5855 pid 20221 name "GAC_Executor[10" vma 9f1ac000
           <...>-20221 [004] ....  4468.546933: do_swap_page: swapin tgid 5855 pid 20221 name "GAC_Executor[10" vma 9f2e1000
 GoogleApiHandle-2607  [004] ....  4468.546975: do_swap_page: swapin tgid 2250 pid 2607 name "GoogleApiHandle" vma 13b1b000
 GoogleApiHandle-2607  [004] ....  4468.546997: do_swap_page: swapin tgid 2250 pid 2607 name "GoogleApiHandle" vma 13b59000
 GoogleApiHandle-2607  [004] ....  4468.547001: do_swap_page: swapin tgid 2250 pid 2607 name "GoogleApiHandle" vma 13b62000
 ogle.android.gm-5855  [004] ....  4468.547042: do_swap_page: swapin tgid 5855 pid 5855 name "ogle.android.gm" vma 9f16a000
 ogle.android.gm-5855  [004] ....  4468.547046: do_swap_page: swapin tgid 5855 pid 5855 name "ogle.android.gm" vma 9f30d000
           <...>-20221 [004] ....  4468.547067: do_swap_page: swapin tgid 5855 pid 20221 name "GAC_Executor[10" vma 9f2e1000
           <...>-20221 [004] ....  4468.547077: do_swap_page: swapin tgid 5855 pid 20221 name "GAC_Executor[10" vma 1367a000
           <...>-20221 [004] ....  4468.547087: do_swap_page: swapin tgid 5855 pid 20221 name "GAC_Executor[10" vma 7f2d811000
           <...>-20221 [004] ....  4468.547090: do_swap_page: swapin tgid 5855 pid 20221 name "GAC_Executor[10" vma 7f2d823000
           <...>-20221 [004] ....  4468.547095: do_swap_page: swapin tgid 5855 pid 20221 name "GAC_Executor[10" vma 7f2e2ef000
           <...>-20221 [004] ....  4468.547101: do_swap_page: swapin tgid 5855 pid 20221 name "GAC_Executor[10" vma 1367b000
           <...>-20221 [004] ....  4468.547119: do_swap_page: swapin tgid 5855 pid 20221 name "GAC_Executor[10" vma 9f31c000
 ogle.android.gm-5855  [004] ....  4468.547155: do_swap_page: swapin tgid 5855 pid 5855 name "ogle.android.gm" vma 9f30d000
 ogle.android.gm-5855  [004] ....  4468.547159: do_swap_page: swapin tgid 5855 pid 5855 name "ogle.android.gm" vma 9f2d4000
 ogle.android.gm-5855  [004] ....  4468.547293: do_swap_page: swapin tgid 5855 pid 5855 name "ogle.android.gm" vma 9f2d4000
 ogle.android.gm-5855  [004] ....  4468.547335: do_swap_page: swapin tgid 5855 pid 5855 name "ogle.android.gm" vma 9f114000
 ogle.android.gm-5855  [004] ....  4468.547346: do_swap_page: swapin tgid 5855 pid 5855 name "ogle.android.gm" vma 13abe000
 ogle.android.gm-5855  [004] ....  4468.547351: do_swap_page: swapin tgid 5855 pid 5855 name "ogle.android.gm" vma 9e9e5000
 ogle.android.gm-5855  [004] ....  4468.547384: do_swap_page: swapin tgid 5855 pid 5855 name "ogle.android.gm" vma 13922000
 ogle.android.gm-5855  [004] ....  4468.547388: do_swap_page: swapin tgid 5855 pid 5855 name "ogle.android.gm" vma 13576000
 ogle.android.gm-5855  [004] ....  4468.547391: do_swap_page: swapin tgid 5855 pid 5855 name "ogle.android.gm" vma 9f11a000
           <...>-20221 [004] ....  4468.547416: do_swap_page: swapin tgid 5855 pid 20221 name "GAC_Executor[10" vma 9f31c000
           <...>-20221 [004] ....  4468.547420: do_swap_page: swapin tgid 5855 pid 20221 name "GAC_Executor[10" vma 9f2e9000
           <...>-1362  [004] ....  4468.547433: do_swap_page: swapin tgid 1333 pid 1362 name "android.bg" vma 9e91a000
 ogle.android.gm-5855  [004] ....  4468.547512: do_swap_page: swapin tgid 5855 pid 5855 name "ogle.android.gm" vma 9f11a000
 ogle.android.gm-5855  [004] ....  4468.547519: do_swap_page: swapin tgid 5855 pid 5855 name "ogle.android.gm" vma 9ec15000
 ogle.android.gm-5855  [004] ....  4468.547522: do_swap_page: swapin tgid 5855 pid 5855 name "ogle.android.gm" vma 9efa6000
           <...>-20221 [004] ....  4468.547568: do_swap_page: swapin tgid 5855 pid 20221 name "GAC_Executor[10" vma 9f2e9000
           <...>-20221 [004] ....  4468.547571: do_swap_page: swapin tgid 5855 pid 20221 name "GAC_Executor[10" vma 9f083000
 ogle.android.gm-5855  [004] ....  4468.547752: do_swap_page: swapin tgid 5855 pid 5855 name "ogle.android.gm" vma 9efa6000
 ogle.android.gm-5855  [004] ....  4468.547770: do_swap_page: swapin tgid 5855 pid 5855 name "ogle.android.gm" vma 13ea0000
 ogle.android.gm-5855  [004] ....  4468.547776: do_swap_page: swapin tgid 5855 pid 5855 name "ogle.android.gm" vma 136be000
 ogle.android.gm-5855  [004] ....  4468.547804: do_swap_page: swapin tgid 5855 pid 5855 name "ogle.android.gm" vma 9eb50000
 ogle.android.gm-5855  [004] ....  4468.547808: do_swap_page: swapin tgid 5855 pid 5855 name "ogle.android.gm" vma 9eadf000
 queued-work-loo-5880  [004] ....  4468.547837: do_swap_page: swapin tgid 5855 pid 5880 name "queued-work-loo" vma 7f28d51000
 queued-work-loo-5880  [004] ....  4468.547846: do_swap_page: swapin tgid 5855 pid 5880 name "queued-work-loo" vma 7f28d52000
 queued-work-loo-5880  [004] ....  4468.547852: do_swap_page: swapin tgid 5855 pid 5880 name "queued-work-loo" vma 7f2d620000
 ogle.android.gm-5855  [004] ....  4468.547930: do_swap_page: swapin tgid 5855 pid 5855 name "ogle.android.gm" vma 9eadf000
 ogle.android.gm-5855  [004] ....  4468.547935: do_swap_page: swapin tgid 5855 pid 5855 name "ogle.android.gm" vma 9f187000
 ogle.android.gm-5855  [004] ....  4468.548139: do_swap_page: swapin tgid 5855 pid 5855 name "ogle.android.gm" vma 9f187000
 ogle.android.gm-5855  [004] ....  4468.548149: do_swap_page: swapin tgid 5855 pid 5855 name "ogle.android.gm" vma 9f277000
           <...>-20221 [004] ....  4468.548226: do_swap_page: swapin tgid 5855 pid 20221 name "GAC_Executor[10" vma 9eac6000
 ogle.android.gm-5855  [004] ....  4468.548267: do_swap_page: swapin tgid 5855 pid 5855 name "ogle.android.gm" vma 9f277000
 ogle.android.gm-5855  [004] ....  4468.548273: do_swap_page: swapin tgid 5855 pid 5855 name "ogle.android.gm" vma 7fbbf0b000
 ogle.android.gm-5855  [004] ....  4468.548280: do_swap_page: swapin tgid 5855 pid 5855 name "ogle.android.gm" vma 13e7d000
 ogle.android.gm-5855  [004] ....  4468.548290: do_swap_page: swapin tgid 5855 pid 5855 name "ogle.android.gm" vma 9eb58000
 ogle.android.gm-5855  [004] ....  4468.548295: do_swap_page: swapin tgid 5855 pid 5855 name "ogle.android.gm" vma 13ec4000
 ogle.android.gm-5855  [004] ....  4468.548335: do_swap_page: swapin tgid 5855 pid 5855 name "ogle.android.gm" vma 9e939000
 ogle.android.gm-5855  [004] ....  4468.548340: do_swap_page: swapin tgid 5855 pid 5855 name "ogle.android.gm" vma 136ba000
 ogle.android.gm-5855  [004] ....  4468.548342: do_swap_page: swapin tgid 5855 pid 5855 name "ogle.android.gm" vma 13d8a000
 ogle.android.gm-5855  [004] ....  4468.548350: do_swap_page: swapin tgid 5855 pid 5855 name "ogle.android.gm" vma 13a93000
 ogle.android.gm-5855  [004] ....  4468.548355: do_swap_page: swapin tgid 5855 pid 5855 name "ogle.android.gm" vma 13785000
 ogle.android.gm-5855  [004] ....  4468.548365: do_swap_page: swapin tgid 5855 pid 5855 name "ogle.android.gm" vma 13791000
 ogle.android.gm-5855  [004] ....  4468.548372: do_swap_page: swapin tgid 5855 pid 5855 name "ogle.android.gm" vma 9f026000
 ogle.android.gm-5855  [004] ....  4468.548379: do_swap_page: swapin tgid 5855 pid 5855 name "ogle.android.gm" vma 9e9ab000
 ogle.android.gm-5855  [004] ....  4468.548382: do_swap_page: swapin tgid 5855 pid 5855 name "ogle.android.gm" vma 9f0f9000
 ogle.android.gm-5855  [004] ....  4468.548387: do_swap_page: swapin tgid 5855 pid 5855 name "ogle.android.gm" vma 9e857000
 ogle.android.gm-5855  [004] ....  4468.548392: do_swap_page: swapin tgid 5855 pid 5855 name "ogle.android.gm" vma 9e83c000
 ogle.android.gm-5855  [004] ....  4468.548417: do_swap_page: swapin tgid 5855 pid 5855 name "ogle.android.gm" vma 9ec41000
 ogle.android.gm-5855  [004] ....  4468.548420: do_swap_page: swapin tgid 5855 pid 5855 name "ogle.android.gm" vma 9efdf000
 BackgroundSingl-5896  [004] ....  4468.548453: do_swap_page: swapin tgid 5855 pid 5896 name "BackgroundSingl" vma 7ec1daf000
 BackgroundSingl-5896  [004] ....  4468.548457: do_swap_page: swapin tgid 5855 pid 5896 name "BackgroundSingl" vma 7ec1db0000
 GoogleApiHandle-2607  [004] ....  4468.548477: do_swap_page: swapin tgid 2250 pid 2607 name "GoogleApiHandle" vma 13b62000
 GoogleApiHandle-2607  [004] ....  4468.548491: do_swap_page: swapin tgid 2250 pid 2607 name "GoogleApiHandle" vma 134f4000
 ogle.android.gm-5855  [004] ....  4468.548639: do_swap_page: swapin tgid 5855 pid 5855 name "ogle.android.gm" vma 9efdf000
 ogle.android.gm-5855  [004] ....  4468.548644: do_swap_page: swapin tgid 5855 pid 5855 name "ogle.android.gm" vma 9f0b8000
 BackgroundSingl-5896  [004] ....  4468.548672: do_swap_page: swapin tgid 5855 pid 5896 name "BackgroundSingl" vma 7ec1db0000
 BackgroundSingl-5896  [004] ....  4468.548678: do_swap_page: swapin tgid 5855 pid 5896 name "BackgroundSingl" vma 7ec1dad000
           <...>-20221 [004] ....  4468.548691: do_swap_page: swapin tgid 5855 pid 20221 name "GAC_Executor[10" vma 9eac6000
           <...>-20221 [004] ....  4468.548713: do_swap_page: swapin tgid 5855 pid 20221 name "GAC_Executor[10" vma 7e927e0000
           <...>-20221 [004] ....  4468.548729: do_swap_page: swapin tgid 5855 pid 20221 name "GAC_Executor[10" vma 7f2d81d000
           <...>-20221 [004] ....  4468.548736: do_swap_page: swapin tgid 5855 pid 20221 name "GAC_Executor[10" vma 7f2d81b000
           <...>-20221 [004] ....  4468.548740: do_swap_page: swapin tgid 5855 pid 20221 name "GAC_Executor[10" vma 7f2d819000
 ogle.android.gm-5855  [004] ....  4468.548760: do_swap_page: swapin tgid 5855 pid 5855 name "ogle.android.gm" vma 9f0b8000
 ogle.android.gm-5855  [004] ....  4468.548809: do_swap_page: swapin tgid 5855 pid 5855 name "ogle.android.gm" vma 9ec52000
 ogle.android.gm-5855  [004] ....  4468.548813: do_swap_page: swapin tgid 5855 pid 5855 name "ogle.android.gm" vma 9eff6000
           <...>-20221 [004] ....  4468.548844: do_swap_page: swapin tgid 5855 pid 20221 name "GAC_Executor[10" vma 7f2d82c000
           <...>-20221 [004] ....  4468.548846: do_swap_page: swapin tgid 5855 pid 20221 name "GAC_Executor[10" vma 7f2d82b000
           <...>-20221 [004] ....  4468.548855: do_swap_page: swapin tgid 5855 pid 20221 name "GAC_Executor[10" vma 7fbd4e3000
           <...>-20221 [004] ....  4468.548858: do_swap_page: swapin tgid 5855 pid 20221 name "GAC_Executor[10" vma 7fbd4e5000
           <...>-20221 [004] ....  4468.548865: do_swap_page: swapin tgid 5855 pid 20221 name "GAC_Executor[10" vma 7fbd4e2000
           <...>-20221 [004] ....  4468.548874: do_swap_page: swapin tgid 5855 pid 20221 name "GAC_Executor[10" vma 7f2d755000
 ogle.android.gm-5855  [004] ....  4468.548927: do_swap_page: swapin tgid 5855 pid 5855 name "ogle.android.gm" vma 9eff6000
 ogle.android.gm-5855  [004] ....  4468.548945: do_swap_page: swapin tgid 5855 pid 5855 name "ogle.android.gm" vma 9e850000
 ogle.android.gm-5855  [004] ....  4468.548948: do_swap_page: swapin tgid 5855 pid 5855 name "ogle.android.gm" vma 9f176000
 ogle.android.gm-5855  [004] ....  4468.549222: do_swap_page: swapin tgid 5855 pid 5855 name "ogle.android.gm" vma 9f176000
 ogle.android.gm-5855  [004] ....  4468.549236: do_swap_page: swapin tgid 5855 pid 5855 name "ogle.android.gm" vma 7297a000
 ogle.android.gm-5855  [004] ....  4468.549243: do_swap_page: swapin tgid 5855 pid 5855 name "ogle.android.gm" vma 1356b000
 ogle.android.gm-5855  [004] ....  4468.549252: do_swap_page: swapin tgid 5855 pid 5855 name "ogle.android.gm" vma 7eaf8fb000
 ogle.android.gm-5855  [004] ....  4468.549254: do_swap_page: swapin tgid 5855 pid 5855 name "ogle.android.gm" vma 7eaf8fc000
 ogle.android.gm-5855  [004] ....  4468.549350: do_swap_page: swapin tgid 5855 pid 5855 name "ogle.android.gm" vma 13563000
 ogle.android.gm-5855  [004] ....  4468.549355: do_swap_page: swapin tgid 5855 pid 5855 name "ogle.android.gm" vma 9e83d000
 ogle.android.gm-5855  [004] ....  4468.549362: do_swap_page: swapin tgid 5855 pid 5855 name "ogle.android.gm" vma 9eff5000
 ogle.android.gm-5855  [004] ....  4468.549497: do_swap_page: swapin tgid 5855 pid 5855 name "ogle.android.gm" vma 9eff5000
 ogle.android.gm-5855  [004] ....  4468.549512: do_swap_page: swapin tgid 5855 pid 5855 name "ogle.android.gm" vma 135ff000
 ogle.android.gm-5855  [004] ....  4468.549517: do_swap_page: swapin tgid 5855 pid 5855 name "ogle.android.gm" vma 9eece000
 ogle.android.gm-5855  [004] ....  4468.554988: do_swap_page: swapin tgid 5855 pid 5855 name "ogle.android.gm" vma 9eece000
 ogle.android.gm-5855  [004] ....  4468.555009: do_swap_page: swapin tgid 5855 pid 5855 name "ogle.android.gm" vma 9f3de000
 ogle.android.gm-5855  [004] ....  4468.555014: do_swap_page: swapin tgid 5855 pid 5855 name "ogle.android.gm" vma 9ead0000
 ogle.android.gm-5855  [004] ....  4468.555197: do_swap_page: swapin tgid 5855 pid 5855 name "ogle.android.gm" vma 9ead0000
 ogle.android.gm-5855  [004] ....  4468.555571: do_swap_page: swapin tgid 5855 pid 5855 name "ogle.android.gm" vma 9eb6c000
 ogle.android.gm-5855  [004] ....  4468.555582: do_swap_page: swapin tgid 5855 pid 5855 name "ogle.android.gm" vma 9eecf000
 ogle.android.gm-5855  [004] ....  4468.555832: do_swap_page: swapin tgid 5855 pid 5855 name "ogle.android.gm" vma 9eecf000
 ogle.android.gm-5855  [004] ....  4468.555850: do_swap_page: swapin tgid 5855 pid 5855 name "ogle.android.gm" vma 9efe8000
 ogle.android.gm-5855  [004] ....  4468.559458: do_swap_page: swapin tgid 5855 pid 5855 name "ogle.android.gm" vma 9efe8000
 ogle.android.gm-5855  [004] ....  4468.559464: do_swap_page: swapin tgid 5855 pid 5855 name "ogle.android.gm" vma 9e9ef000
 ogle.android.gm-5855  [004] ....  4468.559471: do_swap_page: swapin tgid 5855 pid 5855 name "ogle.android.gm" vma 9f13d000
 BackgroundSingl-5896  [004] ....  4468.559505: do_swap_page: swapin tgid 5855 pid 5896 name "BackgroundSingl" vma 7ec1dad000
 BackgroundSingl-5896  [004] ....  4468.559520: do_swap_page: swapin tgid 5855 pid 5896 name "BackgroundSingl" vma 9eada000
 ogle.android.gm-5855  [004] ....  4468.559600: do_swap_page: swapin tgid 5855 pid 5855 name "ogle.android.gm" vma 9f13d000
 ogle.android.gm-5855  [004] ....  4468.559605: do_swap_page: swapin tgid 5855 pid 5855 name "ogle.android.gm" vma 9f000000
 ogle.android.gm-5855  [004] ....  4468.559725: do_swap_page: swapin tgid 5855 pid 5855 name "ogle.android.gm" vma 9f000000
 ogle.android.gm-5855  [004] ....  4468.559731: do_swap_page: swapin tgid 5855 pid 5855 name "ogle.android.gm" vma 135f3000
 ogle.android.gm-5855  [004] ....  4468.559735: do_swap_page: swapin tgid 5855 pid 5855 name "ogle.android.gm" vma 9f029000
 ogle.android.gm-5855  [004] ....  4468.559849: do_swap_page: swapin tgid 5855 pid 5855 name "ogle.android.gm" vma 9f029000
 ogle.android.gm-5855  [004] ....  4468.559855: do_swap_page: swapin tgid 5855 pid 5855 name "ogle.android.gm" vma 9ec51000
 ogle.android.gm-5855  [004] ....  4468.559858: do_swap_page: swapin tgid 5855 pid 5855 name "ogle.android.gm" vma 9ea40000
 ogle.android.gm-5855  [004] ....  4468.559860: do_swap_page: swapin tgid 5855 pid 5855 name "ogle.android.gm" vma 9ea4b000
 ogle.android.gm-5855  [004] ....  4468.559981: do_swap_page: swapin tgid 5855 pid 5855 name "ogle.android.gm" vma 9ea4b000
 ogle.android.gm-5855  [004] ....  4468.559987: do_swap_page: swapin tgid 5855 pid 5855 name "ogle.android.gm" vma 9ea3c000
 ogle.android.gm-5855  [004] ....  4468.559989: do_swap_page: swapin tgid 5855 pid 5855 name "ogle.android.gm" vma 9f2c6000
 ogle.android.gm-5855  [004] ....  4468.560104: do_swap_page: swapin tgid 5855 pid 5855 name "ogle.android.gm" vma 9f2c6000
 ogle.android.gm-5855  [004] ....  4468.560109: do_swap_page: swapin tgid 5855 pid 5855 name "ogle.android.gm" vma 9efd2000
 ogle.android.gm-5855  [004] ....  4468.560228: do_swap_page: swapin tgid 5855 pid 5855 name "ogle.android.gm" vma 9efd2000
 ogle.android.gm-5855  [004] ....  4468.560234: do_swap_page: swapin tgid 5855 pid 5855 name "ogle.android.gm" vma 9eb14000
 ogle.android.gm-5855  [004] ....  4468.560235: do_swap_page: swapin tgid 5855 pid 5855 name "ogle.android.gm" vma 9ea2c000
 ogle.android.gm-5855  [004] ....  4468.560237: do_swap_page: swapin tgid 5855 pid 5855 name "ogle.android.gm" vma 9ea42000
 ogle.android.gm-5855  [004] ....  4468.560240: do_swap_page: swapin tgid 5855 pid 5855 name "ogle.android.gm" vma 9ec59000
 ogle.android.gm-5855  [004] ....  4468.560242: do_swap_page: swapin tgid 5855 pid 5855 name "ogle.android.gm" vma 9ec49000
 ogle.android.gm-5855  [004] ....  4468.560247: do_swap_page: swapin tgid 5855 pid 5855 name "ogle.android.gm" vma 9ec4a000
 ogle.android.gm-5855  [004] ....  4468.560250: do_swap_page: swapin tgid 5855 pid 5855 name "ogle.android.gm" vma 9f137000
   Binder:2564_9-5014  [004] ....  4468.560398: do_swap_page: swapin tgid 2564 pid 5014 name "Binder:2564_9" vma 7eb71cf000
   Binder:2564_9-5014  [004] ....  4468.560443: do_swap_page: swapin tgid 2564 pid 5014 name "Binder:2564_9" vma 7f2d808000
   Binder:2564_9-5014  [004] ....  4468.560451: do_swap_page: swapin tgid 2564 pid 5014 name "Binder:2564_9" vma 7f2d684000
   Binder:2564_9-5014  [004] ....  4468.560540: do_swap_page: swapin tgid 2564 pid 5014 name "Binder:2564_9" vma 7eae1fd000
   Binder:2564_9-5014  [004] ....  4468.560546: do_swap_page: swapin tgid 2564 pid 5014 name "Binder:2564_9" vma 138f9000
           <...>-2564  [004] ....  4468.560726: do_swap_page: swapin tgid 2564 pid 2564 name "gle.android.gms" vma 7f28c9c000
           <...>-2564  [004] ....  4468.560883: do_swap_page: swapin tgid 2564 pid 2564 name "gle.android.gms" vma 13c29000
           <...>-2564  [004] ....  4468.560891: do_swap_page: swapin tgid 2564 pid 2564 name "gle.android.gms" vma 144a8000
           <...>-2564  [004] ....  4468.560899: do_swap_page: swapin tgid 2564 pid 2564 name "gle.android.gms" vma 13ee8000
           <...>-2564  [004] ....  4468.560903: do_swap_page: swapin tgid 2564 pid 2564 name "gle.android.gms" vma 13d7f000
           <...>-2564  [004] ....  4468.561147: do_swap_page: swapin tgid 2564 pid 2564 name "gle.android.gms" vma 13947000
           <...>-2564  [004] ....  4468.561156: do_swap_page: swapin tgid 2564 pid 2564 name "gle.android.gms" vma 14402000
           <...>-2564  [004] ....  4468.561163: do_swap_page: swapin tgid 2564 pid 2564 name "gle.android.gms" vma 7f20c49000
           <...>-2564  [004] ....  4468.561193: do_swap_page: swapin tgid 2564 pid 2564 name "gle.android.gms" vma 7f28c7a000
           <...>-2564  [004] ....  4468.561199: do_swap_page: swapin tgid 2564 pid 2564 name "gle.android.gms" vma 7f2dc6b000
           <...>-2564  [004] ....  4468.561207: do_swap_page: swapin tgid 2564 pid 2564 name "gle.android.gms" vma 13e9c000
           <...>-2564  [004] ....  4468.561213: do_swap_page: swapin tgid 2564 pid 2564 name "gle.android.gms" vma 7f2db30000
