           <...>-2503  [004] ....  7814.065790: do_swap_page: swapin tgid 1981 pid 2503 name "RenderThread" vma 7f2d6d7000
           <...>-2503  [004] ....  7814.065799: do_swap_page: swapin tgid 1981 pid 2503 name "RenderThread" vma 7f2d618000
           <...>-2503  [004] ....  7814.065803: do_swap_page: swapin tgid 1981 pid 2503 name "RenderThread" vma 7f2d679000
           <...>-2503  [004] ....  7814.065808: do_swap_page: swapin tgid 1981 pid 2503 name "RenderThread" vma 7ecc97c000
           <...>-2503  [004] ....  7814.065810: do_swap_page: swapin tgid 1981 pid 2503 name "RenderThread" vma 7f2d66e000
           <...>-2503  [004] ....  7814.065845: do_swap_page: swapin tgid 1981 pid 2503 name "RenderThread" vma 7fbad99000
           <...>-2503  [004] ....  7814.065850: do_swap_page: swapin tgid 1981 pid 2503 name "RenderThread" vma 7fbb277000
           <...>-2503  [004] ....  7814.065854: do_swap_page: swapin tgid 1981 pid 2503 name "RenderThread" vma 7fbe1fb000
           <...>-2503  [004] ....  7814.065857: do_swap_page: swapin tgid 1981 pid 2503 name "RenderThread" vma 7fbe35b000
           <...>-2503  [004] ....  7814.065861: do_swap_page: swapin tgid 1981 pid 2503 name "RenderThread" vma 7f2d698000
           <...>-2503  [004] ....  7814.065863: do_swap_page: swapin tgid 1981 pid 2503 name "RenderThread" vma 7f2d61f000
           <...>-2503  [004] ....  7814.065866: do_swap_page: swapin tgid 1981 pid 2503 name "RenderThread" vma 7fbe175000
    RenderThread-5925  [004] ....  7814.065900: do_swap_page: swapin tgid 5855 pid 5925 name "RenderThread" vma 7f2d691000
           <...>-6161  [004] ....  7814.065942: do_swap_page: swapin tgid 1333 pid 6161 name "RenderThread" vma 7e6988c000
           <...>-6161  [004] ....  7814.065952: do_swap_page: swapin tgid 1333 pid 6161 name "RenderThread" vma 7eb4ec2000
           <...>-6161  [004] ....  7814.065955: do_swap_page: swapin tgid 1333 pid 6161 name "RenderThread" vma 7e6988d000
           <...>-6161  [004] ....  7814.065962: do_swap_page: swapin tgid 1333 pid 6161 name "RenderThread" vma 7e50c82000
           <...>-6161  [004] ....  7814.065989: do_swap_page: swapin tgid 1333 pid 6161 name "RenderThread" vma 7e637d3000
           <...>-6161  [004] ....  7814.065993: do_swap_page: swapin tgid 1333 pid 6161 name "RenderThread" vma 7e68fad000
           <...>-6161  [004] ....  7814.065997: do_swap_page: swapin tgid 1333 pid 6161 name "RenderThread" vma 7e6988b000
           <...>-6161  [004] ....  7814.066027: do_swap_page: swapin tgid 1333 pid 6161 name "RenderThread" vma 7eb4ee4000
           <...>-6161  [004] ....  7814.066030: do_swap_page: swapin tgid 1333 pid 6161 name "RenderThread" vma 7e836a3000
           <...>-6161  [004] ....  7814.066054: do_swap_page: swapin tgid 1333 pid 6161 name "RenderThread" vma 7ed0cab000
           <...>-2503  [004] ....  7814.066093: do_swap_page: swapin tgid 1981 pid 2503 name "RenderThread" vma 7fbe175000
           <...>-2503  [004] ....  7814.066100: do_swap_page: swapin tgid 1981 pid 2503 name "RenderThread" vma 7f28b2e000
           <...>-2503  [004] ....  7814.066104: do_swap_page: swapin tgid 1981 pid 2503 name "RenderThread" vma 7f2d668000
    RenderThread-2084  [004] ....  7814.066171: do_swap_page: swapin tgid 1648 pid 2084 name "RenderThread" vma 7f28e9e000
    RenderThread-2084  [004] ....  7814.066181: do_swap_page: swapin tgid 1648 pid 2084 name "RenderThread" vma 7fbe1c5000
    RenderThread-2084  [004] ....  7814.066198: do_swap_page: swapin tgid 1648 pid 2084 name "RenderThread" vma 7fbe175000
           <...>-2503  [004] ....  7814.066333: do_swap_page: swapin tgid 1981 pid 2503 name "RenderThread" vma 7f28a1a000
           <...>-2503  [004] ....  7814.066338: do_swap_page: swapin tgid 1981 pid 2503 name "RenderThread" vma 7ecb5b8000
           <...>-2503  [004] ....  7814.066341: do_swap_page: swapin tgid 1981 pid 2503 name "RenderThread" vma 7f2d7b3000
           <...>-2503  [004] ....  7814.066344: do_swap_page: swapin tgid 1981 pid 2503 name "RenderThread" vma 7fbc6df000
    RenderThread-5925  [004] ....  7814.066402: do_swap_page: swapin tgid 5855 pid 5925 name "RenderThread" vma 7f2d691000
    RenderThread-5925  [004] ....  7814.066421: do_swap_page: swapin tgid 5855 pid 5925 name "RenderThread" vma 7eaa6e8000
    RenderThread-5925  [004] ....  7814.066452: do_swap_page: swapin tgid 5855 pid 5925 name "RenderThread" vma 7fbad99000
    RenderThread-5925  [004] ....  7814.066482: do_swap_page: swapin tgid 5855 pid 5925 name "RenderThread" vma 7fbb277000
    RenderThread-5925  [004] ....  7814.066499: do_swap_page: swapin tgid 5855 pid 5925 name "RenderThread" vma 7f2d758000
    RenderThread-5925  [004] ....  7814.066506: do_swap_page: swapin tgid 5855 pid 5925 name "RenderThread" vma 7fbe175000
    RenderThread-5925  [004] ....  7814.066511: do_swap_page: swapin tgid 5855 pid 5925 name "RenderThread" vma 7f28b2d000
    RenderThread-5925  [004] ....  7814.066514: do_swap_page: swapin tgid 5855 pid 5925 name "RenderThread" vma 7f2d625000
    RenderThread-5925  [004] ....  7814.066516: do_swap_page: swapin tgid 5855 pid 5925 name "RenderThread" vma 7f2d74d000
           <...>-2503  [004] ....  7814.066557: do_swap_page: swapin tgid 1981 pid 2503 name "RenderThread" vma 7fbc6df000
           <...>-2503  [004] ....  7814.066563: do_swap_page: swapin tgid 1981 pid 2503 name "RenderThread" vma 7fbe2f1000
           <...>-2503  [004] ....  7814.066574: do_swap_page: swapin tgid 1981 pid 2503 name "RenderThread" vma 7ecdb34000
           <...>-2503  [004] ....  7814.066578: do_swap_page: swapin tgid 1981 pid 2503 name "RenderThread" vma 7f3983f000
           <...>-2503  [004] ....  7814.066580: do_swap_page: swapin tgid 1981 pid 2503 name "RenderThread" vma 7fbd4d8000
           <...>-2503  [004] ....  7814.066586: do_swap_page: swapin tgid 1981 pid 2503 name "RenderThread" vma 7f39802000
           <...>-2503  [004] ....  7814.066589: do_swap_page: swapin tgid 1981 pid 2503 name "RenderThread" vma 7f3983c000
           <...>-2503  [004] ....  7814.066591: do_swap_page: swapin tgid 1981 pid 2503 name "RenderThread" vma 7f39803000
           <...>-2503  [004] ....  7814.066597: do_swap_page: swapin tgid 1981 pid 2503 name "RenderThread" vma 7ecb439000
           <...>-2503  [004] ....  7814.066671: do_swap_page: swapin tgid 1981 pid 2503 name "RenderThread" vma 7ecb4d6000
           <...>-2503  [004] ....  7814.066677: do_swap_page: swapin tgid 1981 pid 2503 name "RenderThread" vma 7f2d25a000
    RenderThread-2084  [004] ....  7814.066736: do_swap_page: swapin tgid 1648 pid 2084 name "RenderThread" vma 7fbe175000
           <...>-6161  [004] ....  7814.066881: do_swap_page: swapin tgid 1333 pid 6161 name "RenderThread" vma 7f2d726000
    RenderThread-2084  [004] ....  7814.066912: do_swap_page: swapin tgid 1648 pid 2084 name "RenderThread" vma 7f39867000
           <...>-6161  [004] ....  7814.066998: do_swap_page: swapin tgid 1333 pid 6161 name "RenderThread" vma 7e4ae47000
    RenderThread-2084  [004] ....  7814.067042: do_swap_page: swapin tgid 1648 pid 2084 name "RenderThread" vma 7ec3b0f000
           <...>-6161  [004] ....  7814.067149: do_swap_page: swapin tgid 1333 pid 6161 name "RenderThread" vma 7eb4657000
    RenderThread-5925  [004] ....  7814.067178: do_swap_page: swapin tgid 5855 pid 5925 name "RenderThread" vma 7fbe1cb000
    RenderThread-5925  [004] .n..  7814.067259: do_swap_page: swapin tgid 5855 pid 5925 name "RenderThread" vma 7e742b2000
    RenderThread-2084  [004] ....  7814.067286: do_swap_page: swapin tgid 1648 pid 2084 name "RenderThread" vma 7ec3b0f000
    RenderThread-2084  [004] ....  7814.067291: do_swap_page: swapin tgid 1648 pid 2084 name "RenderThread" vma 7ec3b10000
    RenderThread-2084  [004] ....  7814.067299: do_swap_page: swapin tgid 1648 pid 2084 name "RenderThread" vma 7fbc6df000
           <...>-1357  [004] ....  7814.067356: do_swap_page: swapin tgid 1333 pid 1357 name "android.display" vma 7ecd92b000
           <...>-1357  [004] ....  7814.067373: do_swap_page: swapin tgid 1333 pid 1357 name "android.display" vma 9e9c7000
    RenderThread-5925  [004] ....  7814.067416: do_swap_page: swapin tgid 5855 pid 5925 name "RenderThread" vma 7eaf1a1000
           <...>-1458  [004] ....  7814.067497: do_swap_page: swapin tgid 1333 pid 1458 name "InputDispatcher" vma 7e5cd90000
    RenderThread-2084  [004] ....  7814.067532: do_swap_page: swapin tgid 1648 pid 2084 name "RenderThread" vma 7fbc6df000
           <...>-1357  [004] ....  7814.067655: do_swap_page: swapin tgid 1333 pid 1357 name "android.display" vma 9e9c7000
           <...>-1357  [004] ....  7814.067673: do_swap_page: swapin tgid 1333 pid 1357 name "android.display" vma 9e824000
           <...>-1357  [004] ....  7814.067679: do_swap_page: swapin tgid 1333 pid 1357 name "android.display" vma 9e83b000
           <...>-1357  [004] ....  7814.067681: do_swap_page: swapin tgid 1333 pid 1357 name "android.display" vma 9eacd000
           <...>-1981  [004] ....  7814.067715: do_swap_page: swapin tgid 1981 pid 1981 name "droid.launcher3" vma 7f28b60000
           <...>-1981  [004] ....  7814.067726: do_swap_page: swapin tgid 1981 pid 1981 name "droid.launcher3" vma 7ecdbd7000
           <...>-1981  [004] ....  7814.067729: do_swap_page: swapin tgid 1981 pid 1981 name "droid.launcher3" vma 7ecdbd8000
           <...>-1981  [004] ....  7814.067747: do_swap_page: swapin tgid 1981 pid 1981 name "droid.launcher3" vma 7fbe1d3000
           <...>-1981  [004] ....  7814.067750: do_swap_page: swapin tgid 1981 pid 1981 name "droid.launcher3" vma 7fbe346000
           <...>-1981  [004] ....  7814.067759: do_swap_page: swapin tgid 1981 pid 1981 name "droid.launcher3" vma 7f28b39000
           <...>-1981  [004] ....  7814.067762: do_swap_page: swapin tgid 1981 pid 1981 name "droid.launcher3" vma 7fbe166000
           <...>-1981  [004] ....  7814.067764: do_swap_page: swapin tgid 1981 pid 1981 name "droid.launcher3" vma 7fbe1c0000
           <...>-1981  [004] ....  7814.067767: do_swap_page: swapin tgid 1981 pid 1981 name "droid.launcher3" vma 7f28b4c000
           <...>-1357  [004] ....  7814.067863: do_swap_page: swapin tgid 1333 pid 1357 name "android.display" vma 9eacd000
           <...>-1357  [004] ....  7814.067876: do_swap_page: swapin tgid 1333 pid 1357 name "android.display" vma 9e8bb000
           <...>-1357  [004] ....  7814.067878: do_swap_page: swapin tgid 1333 pid 1357 name "android.display" vma 9e8d9000
           <...>-1357  [004] ....  7814.067881: do_swap_page: swapin tgid 1333 pid 1357 name "android.display" vma 12cc6000
           <...>-1357  [004] ....  7814.067909: do_swap_page: swapin tgid 1333 pid 1357 name "android.display" vma 9eb55000
      android.ui-1355  [004] ....  7814.067942: do_swap_page: swapin tgid 1333 pid 1355 name "android.ui" vma 7f2895f000
      android.ui-1355  [004] ....  7814.067947: do_swap_page: swapin tgid 1333 pid 1355 name "android.ui" vma 7e6375d000
      android.ui-1355  [004] ....  7814.067954: do_swap_page: swapin tgid 1333 pid 1355 name "android.ui" vma 7e6375e000
      android.ui-1355  [004] ....  7814.067967: do_swap_page: swapin tgid 1333 pid 1355 name "android.ui" vma 7e6375b000
      android.ui-1355  [004] ....  7814.067977: do_swap_page: swapin tgid 1333 pid 1355 name "android.ui" vma 12ec0000
      android.ui-1355  [004] ....  7814.068031: do_swap_page: swapin tgid 1333 pid 1355 name "android.ui" vma 14146000
      android.ui-1355  [004] ....  7814.068041: do_swap_page: swapin tgid 1333 pid 1355 name "android.ui" vma 7f2d754000
      android.ui-1355  [004] ....  7814.068044: do_swap_page: swapin tgid 1333 pid 1355 name "android.ui" vma 7f2d755000
    Binder:888_2-1097  [004] ....  7814.068154: do_swap_page: swapin tgid 888 pid 1097 name "Binder:888_2" vma 7fbce06000
           <...>-1357  [004] ....  7814.068193: do_swap_page: swapin tgid 1333 pid 1357 name "android.display" vma 9eb55000
           <...>-1357  [004] ....  7814.068200: do_swap_page: swapin tgid 1333 pid 1357 name "android.display" vma 9ea11000
 ndroid.systemui-1648  [004] ....  7814.068259: do_swap_page: swapin tgid 1648 pid 1648 name "ndroid.systemui" vma 7eca943000
 ndroid.systemui-1648  [004] ....  7814.068267: do_swap_page: swapin tgid 1648 pid 1648 name "ndroid.systemui" vma 7eb4269000
 ndroid.systemui-1648  [004] ....  7814.068270: do_swap_page: swapin tgid 1648 pid 1648 name "ndroid.systemui" vma 7eb426a000
 ndroid.systemui-1648  [004] ....  7814.068284: do_swap_page: swapin tgid 1648 pid 1648 name "ndroid.systemui" vma 7eb43fd000
    Binder:888_2-1097  [004] ....  7814.068409: do_swap_page: swapin tgid 888 pid 1097 name "Binder:888_2" vma 7fbce06000
    RenderThread-5925  [004] ....  7814.068454: do_swap_page: swapin tgid 5855 pid 5925 name "RenderThread" vma 7eaf1a1000
           <...>-1357  [004] ....  7814.068478: do_swap_page: swapin tgid 1333 pid 1357 name "android.display" vma 9ea11000
           <...>-1357  [004] ....  7814.068502: do_swap_page: swapin tgid 1333 pid 1357 name "android.display" vma 9ea02000
           <...>-1357  [004] ....  7814.068621: do_swap_page: swapin tgid 1333 pid 1357 name "android.display" vma 9ea02000
           <...>-1357  [004] ....  7814.068629: do_swap_page: swapin tgid 1333 pid 1357 name "android.display" vma 9e8a6000
           <...>-1357  [004] ....  7814.068640: do_swap_page: swapin tgid 1333 pid 1357 name "android.display" vma 13c29000
           <...>-1357  [004] ....  7814.068646: do_swap_page: swapin tgid 1333 pid 1357 name "android.display" vma 14832000
           <...>-1357  [004] ....  7814.068657: do_swap_page: swapin tgid 1333 pid 1357 name "android.display" vma 7f28a21000
           <...>-1357  [004] ....  7814.068661: do_swap_page: swapin tgid 1333 pid 1357 name "android.display" vma 7eb4d8c000
           <...>-1357  [004] ....  7814.068666: do_swap_page: swapin tgid 1333 pid 1357 name "android.display" vma 7f28b32000
           <...>-1357  [004] ....  7814.068670: do_swap_page: swapin tgid 1333 pid 1357 name "android.display" vma 7ed0ca2000
           <...>-1357  [004] ....  7814.068673: do_swap_page: swapin tgid 1333 pid 1357 name "android.display" vma 7ed0e4f000
           <...>-1357  [004] ....  7814.068862: do_swap_page: swapin tgid 1333 pid 1357 name "android.display" vma 7ed0e4f000
           <...>-1357  [004] ....  7814.068866: do_swap_page: swapin tgid 1333 pid 1357 name "android.display" vma 7f28abd000
           <...>-1357  [004] ....  7814.069019: do_swap_page: swapin tgid 1333 pid 1357 name "android.display" vma 7f28abd000
           <...>-1357  [004] ....  7814.069024: do_swap_page: swapin tgid 1333 pid 1357 name "android.display" vma 7e68e4a000
           <...>-1357  [004] ....  7814.069200: do_swap_page: swapin tgid 1333 pid 1357 name "android.display" vma 7e68e4a000
           <...>-1357  [004] ....  7814.069205: do_swap_page: swapin tgid 1333 pid 1357 name "android.display" vma 7eb4e34000
           <...>-1357  [004] ....  7814.069209: do_swap_page: swapin tgid 1333 pid 1357 name "android.display" vma 7fbe30f000
           <...>-1357  [004] ....  7814.069411: do_swap_page: swapin tgid 1333 pid 1357 name "android.display" vma 7fbe30f000
           <...>-1357  [004] ....  7814.069415: do_swap_page: swapin tgid 1333 pid 1357 name "android.display" vma 7f28b72000
           <...>-1357  [004] ....  7814.069436: do_swap_page: swapin tgid 1333 pid 1357 name "android.display" vma 7f28987000
           <...>-1357  [004] ....  7814.069442: do_swap_page: swapin tgid 1333 pid 1357 name "android.display" vma 7e8357e000
           <...>-1357  [004] ....  7814.069446: do_swap_page: swapin tgid 1333 pid 1357 name "android.display" vma 7f28a85000
           <...>-1357  [004] ....  7814.069568: do_swap_page: swapin tgid 1333 pid 1357 name "android.display" vma 7f28a85000
           <...>-1357  [004] ....  7814.069572: do_swap_page: swapin tgid 1333 pid 1357 name "android.display" vma 7e8357f000
           <...>-1357  [004] ....  7814.069577: do_swap_page: swapin tgid 1333 pid 1357 name "android.display" vma 143bb000
           <...>-1357  [004] ....  7814.069593: do_swap_page: swapin tgid 1333 pid 1357 name "android.display" vma 12cc3000
           <...>-1357  [004] ....  7814.069598: do_swap_page: swapin tgid 1333 pid 1357 name "android.display" vma 9e9d9000
           <...>-1357  [004] ....  7814.069715: do_swap_page: swapin tgid 1333 pid 1357 name "android.display" vma 9e9d9000
           <...>-1357  [004] ....  7814.069720: do_swap_page: swapin tgid 1333 pid 1357 name "android.display" vma 13957000
           <...>-1357  [004] ....  7814.069725: do_swap_page: swapin tgid 1333 pid 1357 name "android.display" vma 150cd000
           <...>-1357  [004] ....  7814.069730: do_swap_page: swapin tgid 1333 pid 1357 name "android.display" vma 150cc000
           <...>-1357  [004] ....  7814.069736: do_swap_page: swapin tgid 1333 pid 1357 name "android.display" vma 150ce000
           <...>-1357  [004] ....  7814.069755: do_swap_page: swapin tgid 1333 pid 1357 name "android.display" vma 150cb000
           <...>-1357  [004] ....  7814.069813: do_swap_page: swapin tgid 1333 pid 1357 name "android.display" vma 9e925000
           <...>-1357  [004] ....  7814.070034: do_swap_page: swapin tgid 1333 pid 1357 name "android.display" vma 9e925000
           <...>-1357  [004] ....  7814.070087: do_swap_page: swapin tgid 1333 pid 1357 name "android.display" vma 9ea03000
           <...>-855   [004] ....  7814.070240: do_swap_page: swapin tgid 855 pid 855 name "logcatd" vma 7fbd819000
           <...>-1357  [004] ....  7814.070274: do_swap_page: swapin tgid 1333 pid 1357 name "android.display" vma 9ea03000
           <...>-1357  [004] ....  7814.070279: do_swap_page: swapin tgid 1333 pid 1357 name "android.display" vma 9e8f5000
           <...>-1357  [004] ....  7814.070281: do_swap_page: swapin tgid 1333 pid 1357 name "android.display" vma 9ea3c000
           <...>-1357  [004] ....  7814.070448: do_swap_page: swapin tgid 1333 pid 1357 name "android.display" vma 9ea3c000
           <...>-1357  [004] ....  7814.070452: do_swap_page: swapin tgid 1333 pid 1357 name "android.display" vma 12cc5000
           <...>-1357  [004] ....  7814.070496: do_swap_page: swapin tgid 1333 pid 1357 name "android.display" vma 13d0a000
           <...>-1357  [004] ....  7814.070501: do_swap_page: swapin tgid 1333 pid 1357 name "android.display" vma 13702000
           <...>-1357  [004] ....  7814.070505: do_swap_page: swapin tgid 1333 pid 1357 name "android.display" vma 14079000
           <...>-1357  [004] ....  7814.070679: do_swap_page: swapin tgid 1333 pid 1357 name "android.display" vma 14079000
           <...>-1357  [004] ....  7814.070682: do_swap_page: swapin tgid 1333 pid 1357 name "android.display" vma 1407a000
           <...>-1357  [004] ....  7814.070685: do_swap_page: swapin tgid 1333 pid 1357 name "android.display" vma 13c1d000
           <...>-1357  [004] ....  7814.070687: do_swap_page: swapin tgid 1333 pid 1357 name "android.display" vma 142a9000
           <...>-1357  [004] ....  7814.070727: do_swap_page: swapin tgid 1333 pid 1357 name "android.display" vma 7f28a69000
           <...>-1357  [004] ....  7814.070731: do_swap_page: swapin tgid 1333 pid 1357 name "android.display" vma 7f28a7a000
           <...>-1357  [004] ....  7814.070741: do_swap_page: swapin tgid 1333 pid 1357 name "android.display" vma 14071000
           <...>-1357  [004] ....  7814.070750: do_swap_page: swapin tgid 1333 pid 1357 name "android.display" vma 7f2d670000
           <...>-1357  [004] ....  7814.070768: do_swap_page: swapin tgid 1333 pid 1357 name "android.display" vma 13927000
           <...>-1357  [004] ....  7814.070782: do_swap_page: swapin tgid 1333 pid 1357 name "android.display" vma 7f2d668000
           <...>-1357  [004] ....  7814.070821: do_swap_page: swapin tgid 1333 pid 1357 name "android.display" vma 7eb4d87000
           <...>-1357  [004] ....  7814.070860: do_swap_page: swapin tgid 1333 pid 1357 name "android.display" vma 7f2d6c8000
           <...>-1357  [004] ....  7814.070923: do_swap_page: swapin tgid 1333 pid 1357 name "android.display" vma 7e835b1000
           <...>-1357  [004] ....  7814.070944: do_swap_page: swapin tgid 1333 pid 1357 name "android.display" vma 7e835b5000
           <...>-1362  [004] ....  7814.070976: do_swap_page: swapin tgid 1333 pid 1362 name "android.bg" vma 7ec8401000
           <...>-1362  [004] ....  7814.070995: do_swap_page: swapin tgid 1333 pid 1362 name "android.bg" vma 7ec8402000
           <...>-1362  [004] ....  7814.071001: do_swap_page: swapin tgid 1333 pid 1362 name "android.bg" vma 7ec83ff000
           <...>-1362  [004] ....  7814.071004: do_swap_page: swapin tgid 1333 pid 1362 name "android.bg" vma 1418a000
           <...>-1362  [004] ....  7814.071011: do_swap_page: swapin tgid 1333 pid 1362 name "android.bg" vma 7f310fc000
           <...>-1362  [004] ....  7814.071017: do_swap_page: swapin tgid 1333 pid 1362 name "android.bg" vma 9eb2a000
    AudioService-1540  [004] ....  7814.071047: do_swap_page: swapin tgid 1333 pid 1540 name "AudioService" vma 7e87d84000
    AudioService-1540  [004] ....  7814.071056: do_swap_page: swapin tgid 1333 pid 1540 name "AudioService" vma 7e87d85000
           <...>-2042  [004] ....  7814.071094: do_swap_page: swapin tgid 1648 pid 2042 name "Binder:1648_4" vma 7ec50c7000
           <...>-2042  [004] ....  7814.071102: do_swap_page: swapin tgid 1648 pid 2042 name "Binder:1648_4" vma 7ec50c8000
           <...>-1750  [004] ....  7814.071131: do_swap_page: swapin tgid 1730 pid 1750 name "Binder:1730_2" vma 7f2d668000
           <...>-1750  [004] ....  7814.071145: do_swap_page: swapin tgid 1730 pid 1750 name "Binder:1730_2" vma 7f2dfee000
           <...>-1750  [004] ....  7814.071148: do_swap_page: swapin tgid 1730 pid 1750 name "Binder:1730_2" vma 7f2dfef000
           <...>-2214  [004] ....  7814.071175: do_swap_page: swapin tgid 1760 pid 2214 name "Binder:1760_4" vma 7f2d668000
           <...>-2214  [004] ....  7814.071203: do_swap_page: swapin tgid 1760 pid 2214 name "Binder:1760_4" vma 7f2daf8000
           <...>-2214  [004] ....  7814.071207: do_swap_page: swapin tgid 1760 pid 2214 name "Binder:1760_4" vma 7f2daf9000
           <...>-2791  [004] ....  7814.071235: do_swap_page: swapin tgid 1852 pid 2791 name "Binder:1852_4" vma 7f28b4c000
           <...>-2791  [004] ....  7814.071243: do_swap_page: swapin tgid 1852 pid 2791 name "Binder:1852_4" vma 7ed05c2000
           <...>-2791  [004] ....  7814.071246: do_swap_page: swapin tgid 1852 pid 2791 name "Binder:1852_4" vma 7ed05c3000
   Binder:1868_1-1894  [004] ....  7814.071284: do_swap_page: swapin tgid 1868 pid 1894 name "Binder:1868_1" vma 7fbe241000
           <...>-2426  [004] ....  7814.071314: do_swap_page: swapin tgid 1928 pid 2426 name "Binder:1928_4" vma 7f2d668000
           <...>-2426  [004] ....  7814.071322: do_swap_page: swapin tgid 1928 pid 2426 name "Binder:1928_4" vma 7f28ef2000
           <...>-2426  [004] ....  7814.071325: do_swap_page: swapin tgid 1928 pid 2426 name "Binder:1928_4" vma 7f28ef3000
    AudioService-1540  [004] ....  7814.071367: do_swap_page: swapin tgid 1333 pid 1540 name "AudioService" vma 7e87d85000
    AudioService-1540  [004] ....  7814.071375: do_swap_page: swapin tgid 1333 pid 1540 name "AudioService" vma 7eb4fca000
    AudioService-1540  [004] ....  7814.071377: do_swap_page: swapin tgid 1333 pid 1540 name "AudioService" vma 7eb4ff7000
    AudioService-1540  [004] ....  7814.071381: do_swap_page: swapin tgid 1333 pid 1540 name "AudioService" vma 7e87d82000
   system_server-1333  [004] ....  7814.071419: do_swap_page: swapin tgid 1333 pid 1333 name "system_server" vma 9eb2a000
   system_server-1333  [004] ....  7814.071473: do_swap_page: swapin tgid 1333 pid 1333 name "system_server" vma 9eb68000
           <...>-2042  [004] ....  7814.071502: do_swap_page: swapin tgid 1648 pid 2042 name "Binder:1648_4" vma 7ec50c8000
           <...>-2042  [004] ....  7814.071509: do_swap_page: swapin tgid 1648 pid 2042 name "Binder:1648_4" vma 7f28e72000
           <...>-2042  [004] ....  7814.071519: do_swap_page: swapin tgid 1648 pid 2042 name "Binder:1648_4" vma 7f28e00000
           <...>-2042  [004] ....  7814.071523: do_swap_page: swapin tgid 1648 pid 2042 name "Binder:1648_4" vma 7f28d23000
           <...>-2042  [004] ....  7814.071527: do_swap_page: swapin tgid 1648 pid 2042 name "Binder:1648_4" vma 7f28b1b000
           <...>-2042  [004] ....  7814.071535: do_swap_page: swapin tgid 1648 pid 2042 name "Binder:1648_4" vma 7f28d24000
           <...>-2042  [004] ....  7814.071541: do_swap_page: swapin tgid 1648 pid 2042 name "Binder:1648_4" vma 7ec50c5000
           <...>-2042  [004] ....  7814.071549: do_swap_page: swapin tgid 1648 pid 2042 name "Binder:1648_4" vma 7f310fc000
           <...>-2042  [004] ....  7814.071553: do_swap_page: swapin tgid 1648 pid 2042 name "Binder:1648_4" vma 7ec50c6000
           <...>-2042  [004] ....  7814.071556: do_swap_page: swapin tgid 1648 pid 2042 name "Binder:1648_4" vma 12e41000
           <...>-2042  [004] ....  7814.071563: do_swap_page: swapin tgid 1648 pid 2042 name "Binder:1648_4" vma 7f28e56000
           <...>-2042  [004] ....  7814.071565: do_swap_page: swapin tgid 1648 pid 2042 name "Binder:1648_4" vma 7f28e57000
           <...>-2042  [004] ....  7814.071574: do_swap_page: swapin tgid 1648 pid 2042 name "Binder:1648_4" vma 7fbe34a000
           <...>-2042  [004] ....  7814.071626: do_swap_page: swapin tgid 1648 pid 2042 name "Binder:1648_4" vma 7f28a15000
           <...>-2042  [004] ....  7814.071632: do_swap_page: swapin tgid 1648 pid 2042 name "Binder:1648_4" vma 7f28da4000
 ScreenDecoratio-2174  [004] ....  7814.071664: do_swap_page: swapin tgid 1648 pid 2174 name "ScreenDecoratio" vma 7eb5898000
 ScreenDecoratio-2174  [004] ....  7814.071673: do_swap_page: swapin tgid 1648 pid 2174 name "ScreenDecoratio" vma 7eb5899000
 ScreenDecoratio-2174  [004] ....  7814.071675: do_swap_page: swapin tgid 1648 pid 2174 name "ScreenDecoratio" vma 7ec3b9a000
 ScreenDecoratio-2174  [004] ....  7814.071679: do_swap_page: swapin tgid 1648 pid 2174 name "ScreenDecoratio" vma 7eb5897000
 ScreenDecoratio-2174  [004] ....  7814.071687: do_swap_page: swapin tgid 1648 pid 2174 name "ScreenDecoratio" vma 7eb5896000
           <...>-2214  [004] ....  7814.071716: do_swap_page: swapin tgid 1760 pid 2214 name "Binder:1760_4" vma 7f2daf9000
           <...>-2214  [004] ....  7814.071722: do_swap_page: swapin tgid 1760 pid 2214 name "Binder:1760_4" vma 7f2d685000
           <...>-2214  [004] ....  7814.071726: do_swap_page: swapin tgid 1760 pid 2214 name "Binder:1760_4" vma 7fbe180000
           <...>-2214  [004] ....  7814.071730: do_swap_page: swapin tgid 1760 pid 2214 name "Binder:1760_4" vma 7f2d67d000
           <...>-2214  [004] ....  7814.071738: do_swap_page: swapin tgid 1760 pid 2214 name "Binder:1760_4" vma 7f2d615000
           <...>-2214  [004] ....  7814.071740: do_swap_page: swapin tgid 1760 pid 2214 name "Binder:1760_4" vma 7f2d61f000
           <...>-1750  [004] ....  7814.071763: do_swap_page: swapin tgid 1730 pid 1750 name "Binder:1730_2" vma 7f2dfef000
           <...>-1750  [004] ....  7814.071770: do_swap_page: swapin tgid 1730 pid 1750 name "Binder:1730_2" vma 7f2d666000
           <...>-1750  [004] ....  7814.071775: do_swap_page: swapin tgid 1730 pid 1750 name "Binder:1730_2" vma 7fbe180000
           <...>-1750  [004] ....  7814.071778: do_swap_page: swapin tgid 1730 pid 1750 name "Binder:1730_2" vma 7f2d673000
           <...>-1750  [004] ....  7814.071847: do_swap_page: swapin tgid 1730 pid 1750 name "Binder:1730_2" vma 7f2d615000
           <...>-1750  [004] ....  7814.071849: do_swap_page: swapin tgid 1730 pid 1750 name "Binder:1730_2" vma 7f2d62d000
   Binder:1868_1-1894  [004] ....  7814.071877: do_swap_page: swapin tgid 1868 pid 1894 name "Binder:1868_1" vma 7fbe241000
   Binder:1868_1-1894  [004] ....  7814.071923: do_swap_page: swapin tgid 1868 pid 1894 name "Binder:1868_1" vma 7ed1ca4000
   Binder:1868_1-1894  [004] ....  7814.071950: do_swap_page: swapin tgid 1868 pid 1894 name "Binder:1868_1" vma 7f28ac3000
   Binder:1868_1-1894  [004] ....  7814.071956: do_swap_page: swapin tgid 1868 pid 1894 name "Binder:1868_1" vma 7f2d28e000
           <...>-2791  [004] ....  7814.071986: do_swap_page: swapin tgid 1852 pid 2791 name "Binder:1852_4" vma 7ed05c3000
           <...>-2791  [004] ....  7814.071999: do_swap_page: swapin tgid 1852 pid 2791 name "Binder:1852_4" vma 7fbe222000
           <...>-2791  [004] ....  7814.072001: do_swap_page: swapin tgid 1852 pid 2791 name "Binder:1852_4" vma 7fbe180000
           <...>-2791  [004] ....  7814.072030: do_swap_page: swapin tgid 1852 pid 2791 name "Binder:1852_4" vma 7fbe22c000
           <...>-2791  [004] ....  7814.072032: do_swap_page: swapin tgid 1852 pid 2791 name "Binder:1852_4" vma 7f28ac2000
           <...>-2426  [004] ....  7814.072063: do_swap_page: swapin tgid 1928 pid 2426 name "Binder:1928_4" vma 7f28ef3000
           <...>-2426  [004] ....  7814.072069: do_swap_page: swapin tgid 1928 pid 2426 name "Binder:1928_4" vma 7f2d6a1000
           <...>-2426  [004] ....  7814.072074: do_swap_page: swapin tgid 1928 pid 2426 name "Binder:1928_4" vma 7fbe180000
           <...>-2426  [004] ....  7814.072078: do_swap_page: swapin tgid 1928 pid 2426 name "Binder:1928_4" vma 7f2d673000
 ScreenDecoratio-2174  [004] ....  7814.072106: do_swap_page: swapin tgid 1648 pid 2174 name "ScreenDecoratio" vma 7eb5896000
 ScreenDecoratio-2174  [004] ....  7814.072133: do_swap_page: swapin tgid 1648 pid 2174 name "ScreenDecoratio" vma 7f30809000
 ScreenDecoratio-2174  [004] ....  7814.072138: do_swap_page: swapin tgid 1648 pid 2174 name "ScreenDecoratio" vma 12dce000
 ScreenDecoratio-2174  [004] ....  7814.072142: do_swap_page: swapin tgid 1648 pid 2174 name "ScreenDecoratio" vma 13dbb000
 ScreenDecoratio-2174  [004] ....  7814.072157: do_swap_page: swapin tgid 1648 pid 2174 name "ScreenDecoratio" vma 7ec3bbc000
 ScreenDecoratio-2174  [004] ....  7814.072159: do_swap_page: swapin tgid 1648 pid 2174 name "ScreenDecoratio" vma 7ec3bbd000
 ScreenDecoratio-2174  [004] ....  7814.072178: do_swap_page: swapin tgid 1648 pid 2174 name "ScreenDecoratio" vma 7ec3b97000
 ScreenDecoratio-2174  [004] ....  7814.072185: do_swap_page: swapin tgid 1648 pid 2174 name "ScreenDecoratio" vma 7eca735000
   Binder:1333_9-1835  [004] ....  7814.072235: do_swap_page: swapin tgid 1333 pid 1835 name "Binder:1333_9" vma 7f289b7000
   Binder:1333_9-1835  [004] ....  7814.072308: do_swap_page: swapin tgid 1333 pid 1835 name "Binder:1333_9" vma 1403d000
    AudioService-1540  [004] ....  7814.072350: do_swap_page: swapin tgid 1333 pid 1540 name "AudioService" vma 7e87d82000
    AudioService-1540  [004] ....  7814.072359: do_swap_page: swapin tgid 1333 pid 1540 name "AudioService" vma 7f213ae000
    AudioService-1540  [004] ....  7814.072364: do_swap_page: swapin tgid 1333 pid 1540 name "AudioService" vma 1410e000
    AudioService-1540  [004] ....  7814.072368: do_swap_page: swapin tgid 1333 pid 1540 name "AudioService" vma 9e8fd000
    AudioService-1540  [004] ....  7814.072370: do_swap_page: swapin tgid 1333 pid 1540 name "AudioService" vma 9eb6e000
           <...>-2426  [004] ....  7814.072394: do_swap_page: swapin tgid 1928 pid 2426 name "Binder:1928_4" vma 7f2d673000
           <...>-2426  [004] ....  7814.072406: do_swap_page: swapin tgid 1928 pid 2426 name "Binder:1928_4" vma 7f2d615000
           <...>-2426  [004] ....  7814.072408: do_swap_page: swapin tgid 1928 pid 2426 name "Binder:1928_4" vma 7f2d61f000
           <...>-2214  [004] ....  7814.072433: do_swap_page: swapin tgid 1760 pid 2214 name "Binder:1760_4" vma 7f2d61f000
           <...>-2214  [004] ....  7814.072439: do_swap_page: swapin tgid 1760 pid 2214 name "Binder:1760_4" vma 7f2d6f9000
           <...>-2214  [004] ....  7814.072444: do_swap_page: swapin tgid 1760 pid 2214 name "Binder:1760_4" vma 7fb9f9d000
           <...>-2214  [004] ....  7814.072446: do_swap_page: swapin tgid 1760 pid 2214 name "Binder:1760_4" vma 7fbe2df000
           <...>-2214  [004] ....  7814.072449: do_swap_page: swapin tgid 1760 pid 2214 name "Binder:1760_4" vma 7fbe241000
           <...>-2791  [004] ....  7814.072471: do_swap_page: swapin tgid 1852 pid 2791 name "Binder:1852_4" vma 7f28ac2000
           <...>-2791  [004] ....  7814.072477: do_swap_page: swapin tgid 1852 pid 2791 name "Binder:1852_4" vma 7fbe268000
           <...>-2791  [004] ....  7814.072482: do_swap_page: swapin tgid 1852 pid 2791 name "Binder:1852_4" vma 7fb9f9d000
           <...>-1750  [004] ....  7814.072521: do_swap_page: swapin tgid 1730 pid 1750 name "Binder:1730_2" vma 7f2d62d000
           <...>-1750  [004] ....  7814.072526: do_swap_page: swapin tgid 1730 pid 1750 name "Binder:1730_2" vma 7f2d669000
           <...>-1750  [004] ....  7814.072531: do_swap_page: swapin tgid 1730 pid 1750 name "Binder:1730_2" vma 7fb9f9d000
           <...>-1750  [004] ....  7814.072533: do_swap_page: swapin tgid 1730 pid 1750 name "Binder:1730_2" vma 7fbe2df000
           <...>-1750  [004] ....  7814.072536: do_swap_page: swapin tgid 1730 pid 1750 name "Binder:1730_2" vma 7fbe241000
   system_server-1333  [004] ....  7814.072581: do_swap_page: swapin tgid 1333 pid 1333 name "system_server" vma 9eb68000
   system_server-1333  [004] ....  7814.072590: do_swap_page: swapin tgid 1333 pid 1333 name "system_server" vma 9eb9b000
   Binder:1868_1-1894  [004] ....  7814.072613: do_swap_page: swapin tgid 1868 pid 1894 name "Binder:1868_1" vma 7f2d28e000
 m.android.phone-1868  [004] ....  7814.072698: do_swap_page: swapin tgid 1868 pid 1868 name "m.android.phone" vma 14507000
 m.android.phone-1868  [004] ....  7814.072724: do_swap_page: swapin tgid 1868 pid 1868 name "m.android.phone" vma 14546000
    AudioService-1540  [004] ....  7814.072753: do_swap_page: swapin tgid 1333 pid 1540 name "AudioService" vma 9eb6e000
    AudioService-1540  [004] ....  7814.072770: do_swap_page: swapin tgid 1333 pid 1540 name "AudioService" vma 7e87d83000
           <...>-2426  [004] ....  7814.072806: do_swap_page: swapin tgid 1928 pid 2426 name "Binder:1928_4" vma 7f2d61f000
           <...>-2426  [004] ....  7814.072811: do_swap_page: swapin tgid 1928 pid 2426 name "Binder:1928_4" vma 7f2d6b8000
           <...>-2426  [004] ....  7814.072824: do_swap_page: swapin tgid 1928 pid 2426 name "Binder:1928_4" vma 7fb9f9d000
           <...>-2214  [004] ....  7814.072852: do_swap_page: swapin tgid 1760 pid 2214 name "Binder:1760_4" vma 7fbe241000
           <...>-2214  [004] ....  7814.072878: do_swap_page: swapin tgid 1760 pid 2214 name "Binder:1760_4" vma 7fbe1e9000
           <...>-2214  [004] ....  7814.072882: do_swap_page: swapin tgid 1760 pid 2214 name "Binder:1760_4" vma 7f393d8000
   system_server-1333  [004] ....  7814.072904: do_swap_page: swapin tgid 1333 pid 1333 name "system_server" vma 9eb9b000
   system_server-1333  [004] ....  7814.072909: do_swap_page: swapin tgid 1333 pid 1333 name "system_server" vma 9eb8c000
           <...>-2791  [004] ....  7814.072931: do_swap_page: swapin tgid 1852 pid 2791 name "Binder:1852_4" vma 7fb9f9d000
           <...>-2791  [004] ....  7814.072938: do_swap_page: swapin tgid 1852 pid 2791 name "Binder:1852_4" vma 7fbe2f1000
           <...>-2791  [004] ....  7814.072941: do_swap_page: swapin tgid 1852 pid 2791 name "Binder:1852_4" vma 7fbe241000
 m.android.phone-1868  [004] ....  7814.072983: do_swap_page: swapin tgid 1868 pid 1868 name "m.android.phone" vma 14546000
 m.android.phone-1868  [004] ....  7814.073098: do_swap_page: swapin tgid 1868 pid 1868 name "m.android.phone" vma 725ee000
   system_server-1333  [004] ....  7814.073139: do_swap_page: swapin tgid 1333 pid 1333 name "system_server" vma 9eb8c000
   system_server-1333  [004] ....  7814.073156: do_swap_page: swapin tgid 1333 pid 1333 name "system_server" vma 13945000
   system_server-1333  [004] ....  7814.073188: do_swap_page: swapin tgid 1333 pid 1333 name "system_server" vma 14102000
 ScreenDecoratio-2174  [004] ....  7814.073225: do_swap_page: swapin tgid 1648 pid 2174 name "ScreenDecoratio" vma 132fc000
 ScreenDecoratio-2174  [004] ....  7814.073230: do_swap_page: swapin tgid 1648 pid 2174 name "ScreenDecoratio" vma 132fd000
 ScreenDecoratio-2174  [004] ....  7814.073276: do_swap_page: swapin tgid 1648 pid 2174 name "ScreenDecoratio" vma 7ec3b90000
 ScreenDecoratio-2174  [004] ....  7814.073293: do_swap_page: swapin tgid 1648 pid 2174 name "ScreenDecoratio" vma 13df2000
 ScreenDecoratio-2174  [004] ....  7814.073296: do_swap_page: swapin tgid 1648 pid 2174 name "ScreenDecoratio" vma 13df1000
 m.android.phone-1868  [004] ....  7814.073323: do_swap_page: swapin tgid 1868 pid 1868 name "m.android.phone" vma 725ee000
   Binder:1333_3-1543  [004] ....  7814.073356: do_swap_page: swapin tgid 1333 pid 1543 name "Binder:1333_3" vma 7eb421d000
   Binder:1333_3-1543  [004] ....  7814.073363: do_swap_page: swapin tgid 1333 pid 1543 name "Binder:1333_3" vma 7e85b72000
   Binder:1333_3-1543  [004] ....  7814.073365: do_swap_page: swapin tgid 1333 pid 1543 name "Binder:1333_3" vma 7e85b73000
   Binder:1333_3-1543  [004] ....  7814.073367: do_swap_page: swapin tgid 1333 pid 1543 name "Binder:1333_3" vma 7eb421f000
   Binder:1333_3-1543  [004] ....  7814.073370: do_swap_page: swapin tgid 1333 pid 1543 name "Binder:1333_3" vma 7eb4244000
   Binder:1333_3-1543  [004] ....  7814.073373: do_swap_page: swapin tgid 1333 pid 1543 name "Binder:1333_3" vma 7e835e2000
   Binder:1333_3-1543  [004] ....  7814.073379: do_swap_page: swapin tgid 1333 pid 1543 name "Binder:1333_3" vma 7f2d617000
   Binder:1333_3-1543  [004] ....  7814.073382: do_swap_page: swapin tgid 1333 pid 1543 name "Binder:1333_3" vma 7eb4328000
   Binder:1333_3-1543  [004] ....  7814.073386: do_swap_page: swapin tgid 1333 pid 1543 name "Binder:1333_3" vma 7f2d6cd000
   Binder:1333_3-1543  [004] ....  7814.073391: do_swap_page: swapin tgid 1333 pid 1543 name "Binder:1333_3" vma 7e85b70000
   Binder:1333_3-1543  [004] ....  7814.073396: do_swap_page: swapin tgid 1333 pid 1543 name "Binder:1333_3" vma 7f213aa000
   Binder:1333_3-1543  [004] ....  7814.073399: do_swap_page: swapin tgid 1333 pid 1543 name "Binder:1333_3" vma 7e85b71000
   Binder:1333_3-1543  [004] ....  7814.073404: do_swap_page: swapin tgid 1333 pid 1543 name "Binder:1333_3" vma 12e41000
   Binder:1333_3-1543  [004] ....  7814.073410: do_swap_page: swapin tgid 1333 pid 1543 name "Binder:1333_3" vma 7eb5033000
   Binder:1333_3-1543  [004] ....  7814.073412: do_swap_page: swapin tgid 1333 pid 1543 name "Binder:1333_3" vma 7eb5034000
   Binder:1333_3-1543  [004] ....  7814.073416: do_swap_page: swapin tgid 1333 pid 1543 name "Binder:1333_3" vma 7e6914c000
   Binder:1333_3-1543  [004] ....  7814.073422: do_swap_page: swapin tgid 1333 pid 1543 name "Binder:1333_3" vma 7e85b6f000
   Binder:1333_3-1543  [004] ....  7814.073424: do_swap_page: swapin tgid 1333 pid 1543 name "Binder:1333_3" vma 13d3f000
   Binder:1333_3-1543  [004] ....  7814.073442: do_swap_page: swapin tgid 1333 pid 1543 name "Binder:1333_3" vma 7e6384a000
   Binder:1333_3-1543  [004] ....  7814.073452: do_swap_page: swapin tgid 1333 pid 1543 name "Binder:1333_3" vma 7e635d3000
   Binder:1333_3-1543  [004] ....  7814.073461: do_swap_page: swapin tgid 1333 pid 1543 name "Binder:1333_3" vma 7eb5035000
   Binder:1333_3-1543  [004] ....  7814.073469: do_swap_page: swapin tgid 1333 pid 1543 name "Binder:1333_3" vma 7f2d7c3000
           <...>-1750  [004] ....  7814.073495: do_swap_page: swapin tgid 1730 pid 1750 name "Binder:1730_2" vma 7fbe241000
           <...>-1750  [004] ....  7814.073502: do_swap_page: swapin tgid 1730 pid 1750 name "Binder:1730_2" vma 7fbe1e9000
           <...>-1750  [004] ....  7814.073506: do_swap_page: swapin tgid 1730 pid 1750 name "Binder:1730_2" vma 7f393d8000
   Binder:1333_9-1835  [004] ....  7814.073547: do_swap_page: swapin tgid 1333 pid 1835 name "Binder:1333_9" vma 7f3982d000
    AudioService-1540  [004] ....  7814.073598: do_swap_page: swapin tgid 1333 pid 1540 name "AudioService" vma 7eb421c000
    AudioService-1540  [004] ....  7814.073612: do_swap_page: swapin tgid 1333 pid 1540 name "AudioService" vma 12d40000
    AudioService-1540  [004] ....  7814.073626: do_swap_page: swapin tgid 1333 pid 1540 name "AudioService" vma 72977000
    AudioService-1540  [004] ....  7814.073629: do_swap_page: swapin tgid 1333 pid 1540 name "AudioService" vma 72990000
    AudioService-1540  [004] ....  7814.073637: do_swap_page: swapin tgid 1333 pid 1540 name "AudioService" vma 14107000
           <...>-2214  [004] ....  7814.073682: do_swap_page: swapin tgid 1760 pid 2214 name "Binder:1760_4" vma 7f393d8000
           <...>-2214  [004] ....  7814.073690: do_swap_page: swapin tgid 1760 pid 2214 name "Binder:1760_4" vma 7fbe165000
           <...>-2426  [004] ....  7814.073711: do_swap_page: swapin tgid 1928 pid 2426 name "Binder:1928_4" vma 7fb9f9d000
           <...>-2426  [004] ....  7814.073718: do_swap_page: swapin tgid 1928 pid 2426 name "Binder:1928_4" vma 7fbe2f1000
           <...>-2426  [004] ....  7814.073721: do_swap_page: swapin tgid 1928 pid 2426 name "Binder:1928_4" vma 7fbe241000
           <...>-2791  [004] ....  7814.073743: do_swap_page: swapin tgid 1852 pid 2791 name "Binder:1852_4" vma 7fbe241000
           <...>-2791  [004] ....  7814.073749: do_swap_page: swapin tgid 1852 pid 2791 name "Binder:1852_4" vma 7fbe1e9000
 m.android.phone-1868  [004] ....  7814.073787: do_swap_page: swapin tgid 1868 pid 1868 name "m.android.phone" vma 14489000
 m.android.phone-1868  [004] ....  7814.073791: do_swap_page: swapin tgid 1868 pid 1868 name "m.android.phone" vma 14556000
           <...>-1750  [004] ....  7814.073832: do_swap_page: swapin tgid 1730 pid 1750 name "Binder:1730_2" vma 7f393d8000
           <...>-1750  [004] ....  7814.073838: do_swap_page: swapin tgid 1730 pid 1750 name "Binder:1730_2" vma 7fbe165000
           <...>-2214  [004] ....  7814.073864: do_swap_page: swapin tgid 1760 pid 2214 name "Binder:1760_4" vma 7fbe165000
           <...>-2214  [004] ....  7814.073888: do_swap_page: swapin tgid 1760 pid 2214 name "Binder:1760_4" vma 7f2d6ba000
           <...>-2214  [004] ....  7814.073893: do_swap_page: swapin tgid 1760 pid 2214 name "Binder:1760_4" vma 7fbd2d1000
           <...>-2426  [004] ....  7814.073924: do_swap_page: swapin tgid 1928 pid 2426 name "Binder:1928_4" vma 7fbe241000
           <...>-2426  [004] ....  7814.073930: do_swap_page: swapin tgid 1928 pid 2426 name "Binder:1928_4" vma 7fbe1e9000
           <...>-2791  [004] ....  7814.073970: do_swap_page: swapin tgid 1852 pid 2791 name "Binder:1852_4" vma 7fbe1e9000
           <...>-2791  [004] ....  7814.073977: do_swap_page: swapin tgid 1852 pid 2791 name "Binder:1852_4" vma 7f393d8000
 m.android.phone-1868  [004] ....  7814.074002: do_swap_page: swapin tgid 1868 pid 1868 name "m.android.phone" vma 14556000
 m.android.phone-1868  [004] ....  7814.074008: do_swap_page: swapin tgid 1868 pid 1868 name "m.android.phone" vma 12ec0000
           <...>-1750  [004] ....  7814.074218: do_swap_page: swapin tgid 1730 pid 1750 name "Binder:1730_2" vma 7fbe165000
           <...>-1750  [004] ....  7814.074225: do_swap_page: swapin tgid 1730 pid 1750 name "Binder:1730_2" vma 7f2d651000
           <...>-1750  [004] ....  7814.074228: do_swap_page: swapin tgid 1730 pid 1750 name "Binder:1730_2" vma 7fbd2d1000
           <...>-2426  [004] ....  7814.074257: do_swap_page: swapin tgid 1928 pid 2426 name "Binder:1928_4" vma 7fbe1e9000
           <...>-2426  [004] ....  7814.074265: do_swap_page: swapin tgid 1928 pid 2426 name "Binder:1928_4" vma 7f393d8000
           <...>-2214  [004] ....  7814.074287: do_swap_page: swapin tgid 1760 pid 2214 name "Binder:1760_4" vma 7fbd2d1000
           <...>-2214  [004] ....  7814.074294: do_swap_page: swapin tgid 1760 pid 2214 name "Binder:1760_4" vma 7fbd771000
           <...>-2791  [004] ....  7814.074319: do_swap_page: swapin tgid 1852 pid 2791 name "Binder:1852_4" vma 7f393d8000
           <...>-2791  [004] ....  7814.074328: do_swap_page: swapin tgid 1852 pid 2791 name "Binder:1852_4" vma 7fbe165000
 ScreenDecoratio-2174  [004] ....  7814.074417: do_swap_page: swapin tgid 1648 pid 2174 name "ScreenDecoratio" vma 9ead5000
           <...>-1750  [004] ....  7814.074479: do_swap_page: swapin tgid 1730 pid 1750 name "Binder:1730_2" vma 7fbd2d1000
           <...>-1750  [004] ....  7814.074485: do_swap_page: swapin tgid 1730 pid 1750 name "Binder:1730_2" vma 7fbd771000
           <...>-1750  [004] ....  7814.074487: do_swap_page: swapin tgid 1730 pid 1750 name "Binder:1730_2" vma 7f2d61a000
           <...>-1750  [004] ....  7814.074491: do_swap_page: swapin tgid 1730 pid 1750 name "Binder:1730_2" vma 7f393d6000
           <...>-1750  [004] ....  7814.074494: do_swap_page: swapin tgid 1730 pid 1750 name "Binder:1730_2" vma 7fbe23c000
           <...>-1750  [004] ....  7814.074497: do_swap_page: swapin tgid 1730 pid 1750 name "Binder:1730_2" vma 7f318dc000
           <...>-1750  [004] ....  7814.074500: do_swap_page: swapin tgid 1730 pid 1750 name "Binder:1730_2" vma 13144000
           <...>-2426  [004] ....  7814.074524: do_swap_page: swapin tgid 1928 pid 2426 name "Binder:1928_4" vma 7f393d8000
           <...>-2426  [004] ....  7814.074530: do_swap_page: swapin tgid 1928 pid 2426 name "Binder:1928_4" vma 7fbe165000
           <...>-2214  [004] ....  7814.074567: do_swap_page: swapin tgid 1760 pid 2214 name "Binder:1760_4" vma 7fbd771000
           <...>-2214  [004] ....  7814.074573: do_swap_page: swapin tgid 1760 pid 2214 name "Binder:1760_4" vma 7f2d61b000
           <...>-2214  [004] ....  7814.074577: do_swap_page: swapin tgid 1760 pid 2214 name "Binder:1760_4" vma 7f393d6000
           <...>-2214  [004] ....  7814.074579: do_swap_page: swapin tgid 1760 pid 2214 name "Binder:1760_4" vma 7fbe23c000
           <...>-2214  [004] ....  7814.074581: do_swap_page: swapin tgid 1760 pid 2214 name "Binder:1760_4" vma 7f2d6bb000
           <...>-2214  [004] ....  7814.074584: do_swap_page: swapin tgid 1760 pid 2214 name "Binder:1760_4" vma 7f318dc000
           <...>-2214  [004] ....  7814.074588: do_swap_page: swapin tgid 1760 pid 2214 name "Binder:1760_4" vma 13405000
           <...>-2791  [004] ....  7814.074621: do_swap_page: swapin tgid 1852 pid 2791 name "Binder:1852_4" vma 7fbe165000
           <...>-2791  [004] ....  7814.074628: do_swap_page: swapin tgid 1852 pid 2791 name "Binder:1852_4" vma 7f28bce000
           <...>-2791  [004] ....  7814.074631: do_swap_page: swapin tgid 1852 pid 2791 name "Binder:1852_4" vma 7fbd2d1000
 ScreenDecoratio-2174  [004] ....  7814.074679: do_swap_page: swapin tgid 1648 pid 2174 name "ScreenDecoratio" vma 9ead5000
 ScreenDecoratio-2174  [004] ....  7814.074684: do_swap_page: swapin tgid 1648 pid 2174 name "ScreenDecoratio" vma 9ea14000
           <...>-2426  [004] ....  7814.074708: do_swap_page: swapin tgid 1928 pid 2426 name "Binder:1928_4" vma 7fbe165000
           <...>-2426  [004] ....  7814.074714: do_swap_page: swapin tgid 1928 pid 2426 name "Binder:1928_4" vma 7f2d6a2000
           <...>-2426  [004] ....  7814.074717: do_swap_page: swapin tgid 1928 pid 2426 name "Binder:1928_4" vma 7fbd2d1000
           <...>-1750  [004] ....  7814.074739: do_swap_page: swapin tgid 1730 pid 1750 name "Binder:1730_2" vma 13144000
           <...>-1750  [004] ....  7814.074745: do_swap_page: swapin tgid 1730 pid 1750 name "Binder:1730_2" vma 7fbe286000
           <...>-1750  [004] ....  7814.074749: do_swap_page: swapin tgid 1730 pid 1750 name "Binder:1730_2" vma 7fbe285000
           <...>-1750  [004] ....  7814.074751: do_swap_page: swapin tgid 1730 pid 1750 name "Binder:1730_2" vma 7f393d7000
           <...>-1750  [004] ....  7814.074753: do_swap_page: swapin tgid 1730 pid 1750 name "Binder:1730_2" vma 7fbe1f8000
           <...>-1750  [004] ....  7814.074756: do_swap_page: swapin tgid 1730 pid 1750 name "Binder:1730_2" vma 7f2dfec000
           <...>-2791  [004] ....  7814.074797: do_swap_page: swapin tgid 1852 pid 2791 name "Binder:1852_4" vma 7fbd2d1000
           <...>-2791  [004] ....  7814.074803: do_swap_page: swapin tgid 1852 pid 2791 name "Binder:1852_4" vma 7fbd771000
           <...>-2214  [004] ....  7814.074840: do_swap_page: swapin tgid 1760 pid 2214 name "Binder:1760_4" vma 13405000
           <...>-2214  [004] ....  7814.074874: do_swap_page: swapin tgid 1760 pid 2214 name "Binder:1760_4" vma 7fbe286000
           <...>-2214  [004] ....  7814.074876: do_swap_page: swapin tgid 1760 pid 2214 name "Binder:1760_4" vma 7fbe285000
           <...>-2214  [004] ....  7814.074878: do_swap_page: swapin tgid 1760 pid 2214 name "Binder:1760_4" vma 7f393d7000
           <...>-2426  [004] ....  7814.074922: do_swap_page: swapin tgid 1928 pid 2426 name "Binder:1928_4" vma 7fbd2d1000
           <...>-2426  [004] ....  7814.074928: do_swap_page: swapin tgid 1928 pid 2426 name "Binder:1928_4" vma 7fbd771000
           <...>-2791  [004] ....  7814.074963: do_swap_page: swapin tgid 1852 pid 2791 name "Binder:1852_4" vma 7fbd771000
           <...>-2791  [004] ....  7814.074973: do_swap_page: swapin tgid 1852 pid 2791 name "Binder:1852_4" vma 7f28b19000
           <...>-2791  [004] ....  7814.074977: do_swap_page: swapin tgid 1852 pid 2791 name "Binder:1852_4" vma 7f393d6000
           <...>-2791  [004] ....  7814.074980: do_swap_page: swapin tgid 1852 pid 2791 name "Binder:1852_4" vma 7fbe23c000
 ScreenDecoratio-2174  [004] ....  7814.075001: do_swap_page: swapin tgid 1648 pid 2174 name "ScreenDecoratio" vma 9ea14000
 ScreenDecoratio-2174  [004] ....  7814.075007: do_swap_page: swapin tgid 1648 pid 2174 name "ScreenDecoratio" vma 13dba000
