           <...>-1985  [004] ....  4466.366594: do_swap_page: swapin tgid 1985 pid 1985 name "droid.launcher3" vma 9ec0b000
           <...>-1985  [004] ....  4466.366766: do_swap_page: swapin tgid 1985 pid 1985 name "droid.launcher3" vma 9ec0b000
           <...>-1985  [004] ....  4466.366775: do_swap_page: swapin tgid 1985 pid 1985 name "droid.launcher3" vma 9eb32000
           <...>-1985  [004] ....  4466.366777: do_swap_page: swapin tgid 1985 pid 1985 name "droid.launcher3" vma 9ec05000
           <...>-1985  [004] ....  4466.366780: do_swap_page: swapin tgid 1985 pid 1985 name "droid.launcher3" vma 9ebb4000
           <...>-1985  [004] ....  4466.366782: do_swap_page: swapin tgid 1985 pid 1985 name "droid.launcher3" vma 9ec5e000
           <...>-1985  [004] ....  4466.366908: do_swap_page: swapin tgid 1985 pid 1985 name "droid.launcher3" vma 9ec5e000
           <...>-1985  [004] ....  4466.366932: do_swap_page: swapin tgid 1985 pid 1985 name "droid.launcher3" vma 12e90000
           <...>-1985  [004] ....  4466.366935: do_swap_page: swapin tgid 1985 pid 1985 name "droid.launcher3" vma 12e9f000
           <...>-1985  [004] ....  4466.366953: do_swap_page: swapin tgid 1985 pid 1985 name "droid.launcher3" vma 9eba9000
           <...>-1985  [004] ....  4466.366959: do_swap_page: swapin tgid 1985 pid 1985 name "droid.launcher3" vma 9ebb9000
           <...>-1985  [004] ....  4466.366961: do_swap_page: swapin tgid 1985 pid 1985 name "droid.launcher3" vma 9eb22000
           <...>-1985  [004] ....  4466.366964: do_swap_page: swapin tgid 1985 pid 1985 name "droid.launcher3" vma 9ec22000
           <...>-1985  [004] ....  4466.367080: do_swap_page: swapin tgid 1985 pid 1985 name "droid.launcher3" vma 9ec22000
           <...>-1985  [004] ....  4466.367088: do_swap_page: swapin tgid 1985 pid 1985 name "droid.launcher3" vma 9ec1c000
           <...>-1985  [004] ....  4466.367225: do_swap_page: swapin tgid 1985 pid 1985 name "droid.launcher3" vma 9ec1c000
           <...>-1985  [004] ....  4466.367235: do_swap_page: swapin tgid 1985 pid 1985 name "droid.launcher3" vma 13c99000
           <...>-1985  [004] ....  4466.367243: do_swap_page: swapin tgid 1985 pid 1985 name "droid.launcher3" vma 9eb8a000
   Binder:1632_1-1664  [004] ....  4466.367333: do_swap_page: swapin tgid 1632 pid 1664 name "Binder:1632_1" vma 7f28a4e000
   Binder:1632_1-1664  [004] ....  4466.367343: do_swap_page: swapin tgid 1632 pid 1664 name "Binder:1632_1" vma 7f2e1ab000
   Binder:1632_1-1664  [004] ....  4466.367347: do_swap_page: swapin tgid 1632 pid 1664 name "Binder:1632_1" vma 7f2e1ac000
           <...>-5953  [004] ....  4466.367510: do_swap_page: swapin tgid 5710 pid 5953 name "Binder:5710_6" vma 72b2e000
   Binder:1632_1-1664  [004] ....  4466.367600: do_swap_page: swapin tgid 1632 pid 1664 name "Binder:1632_1" vma 7f2e1ac000
   Binder:1632_1-1664  [004] ....  4466.367605: do_swap_page: swapin tgid 1632 pid 1664 name "Binder:1632_1" vma 7f289fc000
   Binder:1632_1-1664  [004] ....  4466.367614: do_swap_page: swapin tgid 1632 pid 1664 name "Binder:1632_1" vma 7fbe22b000
   Binder:1632_1-1664  [004] ....  4466.367617: do_swap_page: swapin tgid 1632 pid 1664 name "Binder:1632_1" vma 7fbe218000
   Binder:1632_1-1664  [004] ....  4466.367620: do_swap_page: swapin tgid 1632 pid 1664 name "Binder:1632_1" vma 7f28b7e000
   Binder:1632_1-1664  [004] ....  4466.367623: do_swap_page: swapin tgid 1632 pid 1664 name "Binder:1632_1" vma 7f28b18000
   Binder:1632_1-1664  [004] ....  4466.367625: do_swap_page: swapin tgid 1632 pid 1664 name "Binder:1632_1" vma 7f28b7f000
   Binder:1632_1-1664  [004] ....  4466.367629: do_swap_page: swapin tgid 1632 pid 1664 name "Binder:1632_1" vma 7f2e1a9000
   Binder:1632_1-1664  [004] ....  4466.367641: do_swap_page: swapin tgid 1632 pid 1664 name "Binder:1632_1" vma 7f31131000
   Binder:1632_1-1664  [004] ....  4466.367643: do_swap_page: swapin tgid 1632 pid 1664 name "Binder:1632_1" vma 7f2e1aa000
   Binder:1632_1-1664  [004] ....  4466.367646: do_swap_page: swapin tgid 1632 pid 1664 name "Binder:1632_1" vma 12dc0000
   Binder:1632_1-1664  [004] ....  4466.367661: do_swap_page: swapin tgid 1632 pid 1664 name "Binder:1632_1" vma 7fbe312000
   Binder:1632_1-1664  [004] ....  4466.367663: do_swap_page: swapin tgid 1632 pid 1664 name "Binder:1632_1" vma 7f2895c000
   Binder:1632_1-1664  [004] ....  4466.367681: do_swap_page: swapin tgid 1632 pid 1664 name "Binder:1632_1" vma 7fbe1eb000
           <...>-5204  [004] ....  4466.367696: do_swap_page: swapin tgid 5185 pid 5204 name "Binder:5185_3" vma 7fbe241000
           <...>-5204  [004] ....  4466.367705: do_swap_page: swapin tgid 5185 pid 5204 name "Binder:5185_3" vma 7fbe1e9000
           <...>-5204  [004] ....  4466.367710: do_swap_page: swapin tgid 5185 pid 5204 name "Binder:5185_3" vma 7f393d0000
           <...>-1985  [004] ....  4466.367750: do_swap_page: swapin tgid 1985 pid 1985 name "droid.launcher3" vma 9eb8a000
           <...>-1985  [004] ....  4466.367758: do_swap_page: swapin tgid 1985 pid 1985 name "droid.launcher3" vma 9ec06000
           <...>-1985  [004] ....  4466.367773: do_swap_page: swapin tgid 1985 pid 1985 name "droid.launcher3" vma 9eb98000
           <...>-1985  [004] ....  4466.367776: do_swap_page: swapin tgid 1985 pid 1985 name "droid.launcher3" vma 13ca1000
           <...>-1985  [004] ....  4466.367794: do_swap_page: swapin tgid 1985 pid 1985 name "droid.launcher3" vma 9eb89000
           <...>-2023  [004] ....  4466.367830: do_swap_page: swapin tgid 1985 pid 2023 name "UiThreadHelper" vma 9eb81000
           <...>-1985  [004] ....  4466.367930: do_swap_page: swapin tgid 1985 pid 1985 name "droid.launcher3" vma 9eb89000
           <...>-1985  [004] ....  4466.367935: do_swap_page: swapin tgid 1985 pid 1985 name "droid.launcher3" vma 9ec50000
           <...>-2023  [004] ....  4466.368027: do_swap_page: swapin tgid 1985 pid 2023 name "UiThreadHelper" vma 9eb81000
           <...>-2023  [004] ....  4466.368058: do_swap_page: swapin tgid 1985 pid 2023 name "UiThreadHelper" vma 9ec58000
           <...>-1985  [004] ....  4466.368076: do_swap_page: swapin tgid 1985 pid 1985 name "droid.launcher3" vma 9ec50000
           <...>-1985  [004] ....  4466.368079: do_swap_page: swapin tgid 1985 pid 1985 name "droid.launcher3" vma 9ec02000
           <...>-1356  [004] ....  4466.368244: do_swap_page: swapin tgid 1333 pid 1356 name "android.anim" vma 7ed0c7d000
           <...>-5204  [004] ....  4466.368335: do_swap_page: swapin tgid 5185 pid 5204 name "Binder:5185_3" vma 7f393d0000
           <...>-5204  [004] ....  4466.368345: do_swap_page: swapin tgid 5185 pid 5204 name "Binder:5185_3" vma 7fbe165000
           <...>-5204  [004] ....  4466.368349: do_swap_page: swapin tgid 5185 pid 5204 name "Binder:5185_3" vma 7f28b79000
           <...>-5204  [004] ....  4466.368358: do_swap_page: swapin tgid 5185 pid 5204 name "Binder:5185_3" vma 7fbc390000
           <...>-2023  [004] ....  4466.368379: do_swap_page: swapin tgid 1985 pid 2023 name "UiThreadHelper" vma 9ec58000
   Binder:1333_A-1967  [004] ....  4466.368444: do_swap_page: swapin tgid 1333 pid 1967 name "Binder:1333_A" vma 7f2afc8000
           <...>-1985  [004] ....  4466.368474: do_swap_page: swapin tgid 1985 pid 1985 name "droid.launcher3" vma 9ec02000
           <...>-1985  [004] ....  4466.368479: do_swap_page: swapin tgid 1985 pid 1985 name "droid.launcher3" vma 9eb82000
   Binder:1333_A-1967  [004] ....  4466.368581: do_swap_page: swapin tgid 1333 pid 1967 name "Binder:1333_A" vma 7f2afc8000
   Binder:1333_A-1967  [004] ....  4466.368638: do_swap_page: swapin tgid 1333 pid 1967 name "Binder:1333_A" vma 7f20e9e000
   Binder:1632_1-1664  [004] ....  4466.368739: do_swap_page: swapin tgid 1632 pid 1664 name "Binder:1632_1" vma 7f2d69e000
   Binder:1632_1-1664  [004] ....  4466.368752: do_swap_page: swapin tgid 1632 pid 1664 name "Binder:1632_1" vma 137b7000
   Binder:1632_1-1664  [004] ....  4466.368757: do_swap_page: swapin tgid 1632 pid 1664 name "Binder:1632_1" vma 9ec32000
           <...>-1985  [004] ....  4466.368836: do_swap_page: swapin tgid 1985 pid 1985 name "droid.launcher3" vma 9eb82000
           <...>-1985  [004] ....  4466.368843: do_swap_page: swapin tgid 1985 pid 1985 name "droid.launcher3" vma 9eb8d000
   Binder:1632_1-1664  [004] ....  4466.368889: do_swap_page: swapin tgid 1632 pid 1664 name "Binder:1632_1" vma 9ec32000
   Binder:1632_1-1664  [004] ....  4466.368897: do_swap_page: swapin tgid 1632 pid 1664 name "Binder:1632_1" vma 9ec2a000
   Binder:1333_E-3772  [004] ....  4466.368947: do_swap_page: swapin tgid 1333 pid 3772 name "Binder:1333_E" vma 7e6c0be000
   Binder:1333_E-3772  [004] ....  4466.368953: do_swap_page: swapin tgid 1333 pid 3772 name "Binder:1333_E" vma 7e6c0bf000
           <...>-1985  [004] ....  4466.369006: do_swap_page: swapin tgid 1985 pid 1985 name "droid.launcher3" vma 9eb8d000
           <...>-1985  [004] ....  4466.369011: do_swap_page: swapin tgid 1985 pid 1985 name "droid.launcher3" vma 9ec4a000
           <...>-5204  [004] ....  4466.369064: do_swap_page: swapin tgid 5185 pid 5204 name "Binder:5185_3" vma 7fbc390000
           <...>-5204  [004] ....  4466.369071: do_swap_page: swapin tgid 5185 pid 5204 name "Binder:5185_3" vma 7fbcab9000
           <...>-5204  [004] ....  4466.369098: do_swap_page: swapin tgid 5185 pid 5204 name "Binder:5185_3" vma 7f28b18000
           <...>-5204  [004] ....  4466.369103: do_swap_page: swapin tgid 5185 pid 5204 name "Binder:5185_3" vma 7f393ce000
           <...>-5204  [004] ....  4466.369106: do_swap_page: swapin tgid 5185 pid 5204 name "Binder:5185_3" vma 7fbe23c000
           <...>-5204  [004] ....  4466.369109: do_swap_page: swapin tgid 5185 pid 5204 name "Binder:5185_3" vma 7f3197f000
           <...>-5204  [004] ....  4466.369113: do_swap_page: swapin tgid 5185 pid 5204 name "Binder:5185_3" vma 12de5000
           <...>-5204  [004] ....  4466.369117: do_swap_page: swapin tgid 5185 pid 5204 name "Binder:5185_3" vma 7fbe286000
           <...>-5204  [004] ....  4466.369120: do_swap_page: swapin tgid 5185 pid 5204 name "Binder:5185_3" vma 7fbe285000
           <...>-5204  [004] ....  4466.369122: do_swap_page: swapin tgid 5185 pid 5204 name "Binder:5185_3" vma 7f393cf000
   Binder:1632_1-1664  [004] ....  4466.369166: do_swap_page: swapin tgid 1632 pid 1664 name "Binder:1632_1" vma 9ec2a000
   Binder:1632_1-1664  [004] ....  4466.369179: do_swap_page: swapin tgid 1632 pid 1664 name "Binder:1632_1" vma 9eddd000
           <...>-1985  [004] ....  4466.369215: do_swap_page: swapin tgid 1985 pid 1985 name "droid.launcher3" vma 9ec4a000
           <...>-1985  [004] ....  4466.369227: do_swap_page: swapin tgid 1985 pid 1985 name "droid.launcher3" vma 9eb8b000
   Binder:1632_1-1664  [004] ....  4466.369340: do_swap_page: swapin tgid 1632 pid 1664 name "Binder:1632_1" vma 9eddd000
   Binder:1632_1-1664  [004] .n..  4466.369345: do_swap_page: swapin tgid 1632 pid 1664 name "Binder:1632_1" vma 9ee38000
           <...>-1985  [004] ....  4466.369411: do_swap_page: swapin tgid 1985 pid 1985 name "droid.launcher3" vma 9eb8b000
           <...>-1985  [004] ....  4466.369416: do_swap_page: swapin tgid 1985 pid 1985 name "droid.launcher3" vma 9ebfd000
           <...>-1985  [004] ....  4466.369424: do_swap_page: swapin tgid 1985 pid 1985 name "droid.launcher3" vma 9eb97000
 ndroid.systemui-1632  [004] ....  4466.369450: do_swap_page: swapin tgid 1632 pid 1632 name "ndroid.systemui" vma 9ed4b000
           <...>-5204  [004] ....  4466.369564: do_swap_page: swapin tgid 5185 pid 5204 name "Binder:5185_3" vma 7f393cf000
           <...>-5204  [004] ....  4466.369569: do_swap_page: swapin tgid 5185 pid 5204 name "Binder:5185_3" vma 7fbe1f8000
           <...>-5204  [004] ....  4466.369572: do_swap_page: swapin tgid 5185 pid 5204 name "Binder:5185_3" vma 7f2dfaf000
   Binder:1632_1-1664  [004] ....  4466.369591: do_swap_page: swapin tgid 1632 pid 1664 name "Binder:1632_1" vma 9ee38000
   Binder:1632_1-1664  [004] ....  4466.369595: do_swap_page: swapin tgid 1632 pid 1664 name "Binder:1632_1" vma 9ee24000
           <...>-1985  [004] ....  4466.369620: do_swap_page: swapin tgid 1985 pid 1985 name "droid.launcher3" vma 9eb97000
           <...>-1985  [004] ....  4466.369624: do_swap_page: swapin tgid 1985 pid 1985 name "droid.launcher3" vma 9ec44000
           <...>-1985  [004] ....  4466.369636: do_swap_page: swapin tgid 1985 pid 1985 name "droid.launcher3" vma 9ec61000
 ndroid.systemui-1632  [004] ....  4466.369683: do_swap_page: swapin tgid 1632 pid 1632 name "ndroid.systemui" vma 7eb47fd000
 ndroid.systemui-1632  [004] ....  4466.369689: do_swap_page: swapin tgid 1632 pid 1632 name "ndroid.systemui" vma 7eb47fe000
 ndroid.systemui-1632  [004] ....  4466.369705: do_swap_page: swapin tgid 1632 pid 1632 name "ndroid.systemui" vma 137b5000
 ndroid.systemui-1632  [004] ....  4466.369729: do_swap_page: swapin tgid 1632 pid 1632 name "ndroid.systemui" vma 137b6000
 ndroid.systemui-1632  [004] ....  4466.369732: do_swap_page: swapin tgid 1632 pid 1632 name "ndroid.systemui" vma 13cca000
 ndroid.systemui-1632  [004] ....  4466.369736: do_swap_page: swapin tgid 1632 pid 1632 name "ndroid.systemui" vma 7fbb82c000
 ndroid.systemui-1632  [004] ....  4466.369743: do_swap_page: swapin tgid 1632 pid 1632 name "ndroid.systemui" vma 7fbb82b000
 ndroid.systemui-1632  [004] ....  4466.369789: do_swap_page: swapin tgid 1632 pid 1632 name "ndroid.systemui" vma 7ec03e7000
 ndroid.systemui-1632  [004] .n..  4466.369816: do_swap_page: swapin tgid 1632 pid 1632 name "ndroid.systemui" vma 7ec03e8000
           <...>-1985  [004] ....  4466.369824: do_swap_page: swapin tgid 1985 pid 1985 name "droid.launcher3" vma 9ec61000
           <...>-1985  [004] ....  4466.369839: do_swap_page: swapin tgid 1985 pid 1985 name "droid.launcher3" vma 1327c000
           <...>-1985  [004] ....  4466.369842: do_swap_page: swapin tgid 1985 pid 1985 name "droid.launcher3" vma 9eb3c000
           <...>-1985  [004] ....  4466.369844: do_swap_page: swapin tgid 1985 pid 1985 name "droid.launcher3" vma 9eb3d000
 ndroid.systemui-1632  [004] ....  4466.369881: do_swap_page: swapin tgid 1632 pid 1632 name "ndroid.systemui" vma 7ea7cc5000
           <...>-1985  [004] ....  4466.369965: do_swap_page: swapin tgid 1985 pid 1985 name "droid.launcher3" vma 9eb3d000
           <...>-1985  [004] ....  4466.369971: do_swap_page: swapin tgid 1985 pid 1985 name "droid.launcher3" vma 1327d000
           <...>-1985  [004] ....  4466.369974: do_swap_page: swapin tgid 1985 pid 1985 name "droid.launcher3" vma 1327e000
           <...>-1985  [004] ....  4466.369976: do_swap_page: swapin tgid 1985 pid 1985 name "droid.launcher3" vma 1327f000
           <...>-1985  [004] ....  4466.369978: do_swap_page: swapin tgid 1985 pid 1985 name "droid.launcher3" vma 13280000
           <...>-1985  [004] ....  4466.369980: do_swap_page: swapin tgid 1985 pid 1985 name "droid.launcher3" vma 13281000
           <...>-1985  [004] ....  4466.369982: do_swap_page: swapin tgid 1985 pid 1985 name "droid.launcher3" vma 13282000
           <...>-1985  [004] ....  4466.369984: do_swap_page: swapin tgid 1985 pid 1985 name "droid.launcher3" vma 13283000
           <...>-1985  [004] ....  4466.369985: do_swap_page: swapin tgid 1985 pid 1985 name "droid.launcher3" vma 13284000
           <...>-1985  [004] ....  4466.369993: do_swap_page: swapin tgid 1985 pid 1985 name "droid.launcher3" vma 9ec2c000
           <...>-1985  [004] ....  4466.369998: do_swap_page: swapin tgid 1985 pid 1985 name "droid.launcher3" vma 12e87000
           <...>-1985  [004] ....  4466.370001: do_swap_page: swapin tgid 1985 pid 1985 name "droid.launcher3" vma 132b9000
           <...>-1985  [004] ....  4466.370006: do_swap_page: swapin tgid 1985 pid 1985 name "droid.launcher3" vma 132ba000
           <...>-1985  [004] ....  4466.370013: do_swap_page: swapin tgid 1985 pid 1985 name "droid.launcher3" vma 9ec51000
   Binder:1632_1-1664  [004] ....  4466.370079: do_swap_page: swapin tgid 1632 pid 1664 name "Binder:1632_1" vma 9ee24000
   Binder:1632_1-1664  [004] ....  4466.370085: do_swap_page: swapin tgid 1632 pid 1664 name "Binder:1632_1" vma 9ec43000
   Binder:1632_1-1664  [004] ....  4466.370090: do_swap_page: swapin tgid 1632 pid 1664 name "Binder:1632_1" vma 9ecb1000
   Binder:1632_1-1664  [004] ....  4466.370149: do_swap_page: swapin tgid 1632 pid 1664 name "Binder:1632_1" vma 9ec46000
           <...>-1985  [004] ....  4466.370176: do_swap_page: swapin tgid 1985 pid 1985 name "droid.launcher3" vma 9ec51000
           <...>-1985  [004] ....  4466.370184: do_swap_page: swapin tgid 1985 pid 1985 name "droid.launcher3" vma 132b7000
           <...>-1985  [004] ....  4466.370192: do_swap_page: swapin tgid 1985 pid 1985 name "droid.launcher3" vma 12e84000
           <...>-1985  [004] ....  4466.370194: do_swap_page: swapin tgid 1985 pid 1985 name "droid.launcher3" vma 132b6000
           <...>-1985  [004] ....  4466.370199: do_swap_page: swapin tgid 1985 pid 1985 name "droid.launcher3" vma 132b4000
           <...>-1985  [004] ....  4466.370203: do_swap_page: swapin tgid 1985 pid 1985 name "droid.launcher3" vma 132b3000
           <...>-1985  [004] ....  4466.370205: do_swap_page: swapin tgid 1985 pid 1985 name "droid.launcher3" vma 132b2000
           <...>-1985  [004] ....  4466.370208: do_swap_page: swapin tgid 1985 pid 1985 name "droid.launcher3" vma 132b1000
           <...>-1985  [004] ....  4466.370212: do_swap_page: swapin tgid 1985 pid 1985 name "droid.launcher3" vma 132b0000
           <...>-1985  [004] ....  4466.370214: do_swap_page: swapin tgid 1985 pid 1985 name "droid.launcher3" vma 132af000
           <...>-1985  [004] ....  4466.370217: do_swap_page: swapin tgid 1985 pid 1985 name "droid.launcher3" vma 132ae000
           <...>-1985  [004] ....  4466.370221: do_swap_page: swapin tgid 1985 pid 1985 name "droid.launcher3" vma 132ad000
           <...>-1985  [004] ....  4466.370222: do_swap_page: swapin tgid 1985 pid 1985 name "droid.launcher3" vma 132ac000
           <...>-1985  [004] ....  4466.370228: do_swap_page: swapin tgid 1985 pid 1985 name "droid.launcher3" vma 132ab000
           <...>-1985  [004] ....  4466.370231: do_swap_page: swapin tgid 1985 pid 1985 name "droid.launcher3" vma 132a9000
           <...>-1985  [004] ....  4466.370234: do_swap_page: swapin tgid 1985 pid 1985 name "droid.launcher3" vma 132a8000
           <...>-1985  [004] ....  4466.370238: do_swap_page: swapin tgid 1985 pid 1985 name "droid.launcher3" vma 132a6000
           <...>-1985  [004] ....  4466.370241: do_swap_page: swapin tgid 1985 pid 1985 name "droid.launcher3" vma 132a5000
           <...>-1985  [004] ....  4466.370244: do_swap_page: swapin tgid 1985 pid 1985 name "droid.launcher3" vma 132a3000
           <...>-1985  [004] ....  4466.370248: do_swap_page: swapin tgid 1985 pid 1985 name "droid.launcher3" vma 132a2000
           <...>-1985  [004] ....  4466.370251: do_swap_page: swapin tgid 1985 pid 1985 name "droid.launcher3" vma 132a0000
           <...>-1985  [004] ....  4466.370253: do_swap_page: swapin tgid 1985 pid 1985 name "droid.launcher3" vma 132a1000
           <...>-1985  [004] ....  4466.370256: do_swap_page: swapin tgid 1985 pid 1985 name "droid.launcher3" vma 1329f000
           <...>-1985  [004] ....  4466.370258: do_swap_page: swapin tgid 1985 pid 1985 name "droid.launcher3" vma 1329e000
           <...>-1985  [004] ....  4466.370262: do_swap_page: swapin tgid 1985 pid 1985 name "droid.launcher3" vma 1329d000
           <...>-1985  [004] ....  4466.370264: do_swap_page: swapin tgid 1985 pid 1985 name "droid.launcher3" vma 1329b000
           <...>-1985  [004] ....  4466.370268: do_swap_page: swapin tgid 1985 pid 1985 name "droid.launcher3" vma 1329a000
           <...>-1985  [004] ....  4466.370274: do_swap_page: swapin tgid 1985 pid 1985 name "droid.launcher3" vma 13298000
           <...>-1985  [004] ....  4466.370277: do_swap_page: swapin tgid 1985 pid 1985 name "droid.launcher3" vma 13297000
           <...>-1985  [004] ....  4466.370280: do_swap_page: swapin tgid 1985 pid 1985 name "droid.launcher3" vma 13295000
           <...>-1985  [004] ....  4466.370283: do_swap_page: swapin tgid 1985 pid 1985 name "droid.launcher3" vma 13294000
           <...>-1985  [004] ....  4466.370286: do_swap_page: swapin tgid 1985 pid 1985 name "droid.launcher3" vma 13292000
           <...>-1985  [004] ....  4466.370289: do_swap_page: swapin tgid 1985 pid 1985 name "droid.launcher3" vma 13291000
           <...>-1985  [004] ....  4466.370290: do_swap_page: swapin tgid 1985 pid 1985 name "droid.launcher3" vma 13290000
           <...>-1985  [004] ....  4466.370293: do_swap_page: swapin tgid 1985 pid 1985 name "droid.launcher3" vma 1328f000
           <...>-1985  [004] ....  4466.370297: do_swap_page: swapin tgid 1985 pid 1985 name "droid.launcher3" vma 1328e000
           <...>-1985  [004] ....  4466.370299: do_swap_page: swapin tgid 1985 pid 1985 name "droid.launcher3" vma 1328d000
           <...>-1985  [004] ....  4466.370301: do_swap_page: swapin tgid 1985 pid 1985 name "droid.launcher3" vma 1328c000
           <...>-1985  [004] ....  4466.370304: do_swap_page: swapin tgid 1985 pid 1985 name "droid.launcher3" vma 1328a000
           <...>-1985  [004] ....  4466.370314: do_swap_page: swapin tgid 1985 pid 1985 name "droid.launcher3" vma 13289000
           <...>-1985  [004] ....  4466.370318: do_swap_page: swapin tgid 1985 pid 1985 name "droid.launcher3" vma 13287000
           <...>-1985  [004] ....  4466.370324: do_swap_page: swapin tgid 1985 pid 1985 name "droid.launcher3" vma 13286000
           <...>-1985  [004] ....  4466.370330: do_swap_page: swapin tgid 1985 pid 1985 name "droid.launcher3" vma 9eb18000
           <...>-1985  [004] ....  4466.370503: do_swap_page: swapin tgid 1985 pid 1985 name "droid.launcher3" vma 9eb18000
           <...>-1985  [004] ....  4466.370515: do_swap_page: swapin tgid 1985 pid 1985 name "droid.launcher3" vma 12e91000
           <...>-1985  [004] ....  4466.370527: do_swap_page: swapin tgid 1985 pid 1985 name "droid.launcher3" vma 9eb6e000
           <...>-2181  [004] ....  4466.370575: do_swap_page: swapin tgid 1632 pid 2181 name "ScreenDecoratio" vma 7ec7ae6000
           <...>-1985  [004] ....  4466.370651: do_swap_page: swapin tgid 1985 pid 1985 name "droid.launcher3" vma 9eb6e000
           <...>-1985  [004] ....  4466.370665: do_swap_page: swapin tgid 1985 pid 1985 name "droid.launcher3" vma 9eb76000
 ndroid.systemui-1632  [004] ....  4466.370761: do_swap_page: swapin tgid 1632 pid 1632 name "ndroid.systemui" vma 13d3e000
 ndroid.systemui-1632  [004] ....  4466.370766: do_swap_page: swapin tgid 1632 pid 1632 name "ndroid.systemui" vma 13cc8000
 ndroid.systemui-1632  [004] ....  4466.370780: do_swap_page: swapin tgid 1632 pid 1632 name "ndroid.systemui" vma 13dda000
 ndroid.systemui-1632  [004] ....  4466.370784: do_swap_page: swapin tgid 1632 pid 1632 name "ndroid.systemui" vma 9ec62000
 ndroid.systemui-1632  [004] ....  4466.370786: do_swap_page: swapin tgid 1632 pid 1632 name "ndroid.systemui" vma 9edd3000
           <...>-1985  [004] ....  4466.370830: do_swap_page: swapin tgid 1985 pid 1985 name "droid.launcher3" vma 9eb76000
           <...>-1985  [004] ....  4466.370835: do_swap_page: swapin tgid 1985 pid 1985 name "droid.launcher3" vma 9ec6c000
 ndroid.systemui-1632  [004] ....  4466.371051: do_swap_page: swapin tgid 1632 pid 1632 name "ndroid.systemui" vma 9edd3000
           <...>-1985  [004] ....  4466.371095: do_swap_page: swapin tgid 1985 pid 1985 name "droid.launcher3" vma 9ec6c000
           <...>-1985  [004] ....  4466.371100: do_swap_page: swapin tgid 1985 pid 1985 name "droid.launcher3" vma 9ec66000
 ndroid.systemui-1632  [004] ....  4466.371122: do_swap_page: swapin tgid 1632 pid 1632 name "ndroid.systemui" vma 9ed0d000
           <...>-8710  [004] ....  4466.371149: do_swap_page: swapin tgid 8693 pid 8710 name "Binder:8693_1" vma 7fbe1e9000
           <...>-8710  [004] ....  4466.371160: do_swap_page: swapin tgid 8693 pid 8710 name "Binder:8693_1" vma 7f393d0000
           <...>-5204  [004] ....  4466.371180: do_swap_page: swapin tgid 5185 pid 5204 name "Binder:5185_3" vma 7f2dfaf000
           <...>-5204  [004] ....  4466.371188: do_swap_page: swapin tgid 5185 pid 5204 name "Binder:5185_3" vma 12dc0000
           <...>-5204  [004] ....  4466.371191: do_swap_page: swapin tgid 5185 pid 5204 name "Binder:5185_3" vma 12ef2000
           <...>-5204  [004] ....  4466.371199: do_swap_page: swapin tgid 5185 pid 5204 name "Binder:5185_3" vma 7fbe24e000
           <...>-5204  [004] ....  4466.371206: do_swap_page: swapin tgid 5185 pid 5204 name "Binder:5185_3" vma 7f310b9000
           <...>-5204  [004] ....  4466.371213: do_swap_page: swapin tgid 5185 pid 5204 name "Binder:5185_3" vma 7f2dfb0000
           <...>-5204  [004] ....  4466.371216: do_swap_page: swapin tgid 5185 pid 5204 name "Binder:5185_3" vma 12c40000
           <...>-5204  [004] ....  4466.371220: do_swap_page: swapin tgid 5185 pid 5204 name "Binder:5185_3" vma 7f34f92000
           <...>-5204  [004] ....  4466.371223: do_swap_page: swapin tgid 5185 pid 5204 name "Binder:5185_3" vma 12dca000
           <...>-5204  [004] ....  4466.371227: do_swap_page: swapin tgid 5185 pid 5204 name "Binder:5185_3" vma 7fbe1e7000
           <...>-5204  [004] ....  4466.371229: do_swap_page: swapin tgid 5185 pid 5204 name "Binder:5185_3" vma 7fbe17f000
           <...>-5204  [004] ....  4466.371231: do_swap_page: swapin tgid 5185 pid 5204 name "Binder:5185_3" vma 7fbe20a000
           <...>-1985  [004] ....  4466.371275: do_swap_page: swapin tgid 1985 pid 1985 name "droid.launcher3" vma 9ec66000
           <...>-1985  [004] ....  4466.371288: do_swap_page: swapin tgid 1985 pid 1985 name "droid.launcher3" vma 7eceb82000
           <...>-1985  [004] ....  4466.371297: do_swap_page: swapin tgid 1985 pid 1985 name "droid.launcher3" vma 7eced9f000
           <...>-1985  [004] ....  4466.371301: do_swap_page: swapin tgid 1985 pid 1985 name "droid.launcher3" vma 9eb6f000
           <...>-1985  [004] ....  4466.371305: do_swap_page: swapin tgid 1985 pid 1985 name "droid.launcher3" vma 13d55000
           <...>-1985  [004] ....  4466.371321: do_swap_page: swapin tgid 1985 pid 1985 name "droid.launcher3" vma 13d4a000
           <...>-1985  [004] ....  4466.371328: do_swap_page: swapin tgid 1985 pid 1985 name "droid.launcher3" vma 9eb74000
           <...>-1985  [004] ....  4466.371337: do_swap_page: swapin tgid 1985 pid 1985 name "droid.launcher3" vma 9ec36000
 ndroid.systemui-1632  [004] ....  4466.371408: do_swap_page: swapin tgid 1632 pid 1632 name "ndroid.systemui" vma 9ed0d000
 ndroid.systemui-1632  [004] ....  4466.371439: do_swap_page: swapin tgid 1632 pid 1632 name "ndroid.systemui" vma 13ec1000
           <...>-1985  [004] ....  4466.371510: do_swap_page: swapin tgid 1985 pid 1985 name "droid.launcher3" vma 9ec36000
           <...>-1985  [004] ....  4466.371523: do_swap_page: swapin tgid 1985 pid 1985 name "droid.launcher3" vma 7eced01000
           <...>-1985  [004] ....  4466.371536: do_swap_page: swapin tgid 1985 pid 1985 name "droid.launcher3" vma 7ecebe3000
           <...>-1985  [004] ....  4466.371545: do_swap_page: swapin tgid 1985 pid 1985 name "droid.launcher3" vma 9ebbc000
           <...>-1985  [004] ....  4466.371547: do_swap_page: swapin tgid 1985 pid 1985 name "droid.launcher3" vma 9ec12000
           <...>-1985  [004] ....  4466.371580: do_swap_page: swapin tgid 1985 pid 1985 name "droid.launcher3" vma 9eb14000
           <...>-1985  [004] ....  4466.371588: do_swap_page: swapin tgid 1985 pid 1985 name "droid.launcher3" vma 7eceda0000
           <...>-1985  [004] ....  4466.371605: do_swap_page: swapin tgid 1985 pid 1985 name "droid.launcher3" vma 12e8c000
           <...>-1985  [004] ....  4466.371607: do_swap_page: swapin tgid 1985 pid 1985 name "droid.launcher3" vma 13285000
           <...>-1985  [004] ....  4466.371609: do_swap_page: swapin tgid 1985 pid 1985 name "droid.launcher3" vma 13ca6000
           <...>-1985  [004] ....  4466.371618: do_swap_page: swapin tgid 1985 pid 1985 name "droid.launcher3" vma 9ec30000
           <...>-1985  [004] ....  4466.371787: do_swap_page: swapin tgid 1985 pid 1985 name "droid.launcher3" vma 9ec30000
           <...>-1985  [004] ....  4466.371800: do_swap_page: swapin tgid 1985 pid 1985 name "droid.launcher3" vma 9eb1c000
           <...>-1985  [004] ....  4466.371967: do_swap_page: swapin tgid 1985 pid 1985 name "droid.launcher3" vma 9eb1c000
           <...>-1985  [004] ....  4466.371975: do_swap_page: swapin tgid 1985 pid 1985 name "droid.launcher3" vma 7eced9e000
           <...>-1985  [004] ....  4466.371977: do_swap_page: swapin tgid 1985 pid 1985 name "droid.launcher3" vma 9eb5b000
           <...>-1985  [004] ....  4466.371984: do_swap_page: swapin tgid 1985 pid 1985 name "droid.launcher3" vma 9eb48000
 ndroid.systemui-1632  [004] ....  4466.372007: do_swap_page: swapin tgid 1632 pid 1632 name "ndroid.systemui" vma 13eae000
           <...>-568   [004] ....  4466.372047: do_swap_page: swapin tgid 557 pid 568 name "logd.writer" vma 7fbbfca000
           <...>-1985  [004] ....  4466.372154: do_swap_page: swapin tgid 1985 pid 1985 name "droid.launcher3" vma 9eb48000
           <...>-1985  [004] ....  4466.372164: do_swap_page: swapin tgid 1985 pid 1985 name "droid.launcher3" vma 9eb54000
           <...>-1985  [004] ....  4466.372259: do_swap_page: swapin tgid 1985 pid 1985 name "droid.launcher3" vma 72b7d000
           <...>-8710  [004] ....  4466.372284: do_swap_page: swapin tgid 8693 pid 8710 name "Binder:8693_1" vma 7f393d0000
           <...>-8710  [004] ....  4466.372291: do_swap_page: swapin tgid 8693 pid 8710 name "Binder:8693_1" vma 7fbe165000
 ndroid.systemui-1632  [004] ....  4466.372308: do_swap_page: swapin tgid 1632 pid 1632 name "ndroid.systemui" vma 13eae000
 ndroid.systemui-1632  [004] ....  4466.372420: do_swap_page: swapin tgid 1632 pid 1632 name "ndroid.systemui" vma 13cf5000
           <...>-1985  [004] ....  4466.372454: do_swap_page: swapin tgid 1985 pid 1985 name "droid.launcher3" vma 72b7d000
           <...>-1985  [004] ....  4466.372487: do_swap_page: swapin tgid 1985 pid 1985 name "droid.launcher3" vma 7ec88d4000
           <...>-1985  [004] ....  4466.372600: do_swap_page: swapin tgid 1985 pid 1985 name "droid.launcher3" vma 13d48000
           <...>-1985  [004] ....  4466.372609: do_swap_page: swapin tgid 1985 pid 1985 name "droid.launcher3" vma 72b26000
           <...>-1985  [004] ....  4466.372619: do_swap_page: swapin tgid 1985 pid 1985 name "droid.launcher3" vma 13c9a000
           <...>-1985  [004] ....  4466.372620: do_swap_page: swapin tgid 1985 pid 1985 name "droid.launcher3" vma 13c9b000
           <...>-5453  [004] ....  4466.372905: do_swap_page: swapin tgid 1333 pid 5453 name "Binder:1333_12" vma 7f39842000
           <...>-5453  [004] ....  4466.372914: do_swap_page: swapin tgid 1333 pid 5453 name "Binder:1333_12" vma 7e8031d000
           <...>-1453  [004] ....  4466.372968: do_swap_page: swapin tgid 1333 pid 1453 name "InputDispatcher" vma 7e8031c000
           <...>-1985  [004] ....  4466.373377: do_swap_page: swapin tgid 1985 pid 1985 name "droid.launcher3" vma 13c9b000
           <...>-1985  [004] ....  4466.373384: do_swap_page: swapin tgid 1985 pid 1985 name "droid.launcher3" vma 1324f000
           <...>-1985  [004] ....  4466.373387: do_swap_page: swapin tgid 1985 pid 1985 name "droid.launcher3" vma 13250000
           <...>-1985  [004] ....  4466.373390: do_swap_page: swapin tgid 1985 pid 1985 name "droid.launcher3" vma 13254000
           <...>-1985  [004] ....  4466.373393: do_swap_page: swapin tgid 1985 pid 1985 name "droid.launcher3" vma 13258000
           <...>-1985  [004] ....  4466.373395: do_swap_page: swapin tgid 1985 pid 1985 name "droid.launcher3" vma 13267000
           <...>-1985  [004] ....  4466.373396: do_swap_page: swapin tgid 1985 pid 1985 name "droid.launcher3" vma 13266000
           <...>-1985  [004] ....  4466.373398: do_swap_page: swapin tgid 1985 pid 1985 name "droid.launcher3" vma 13265000
           <...>-1985  [004] ....  4466.373404: do_swap_page: swapin tgid 1985 pid 1985 name "droid.launcher3" vma 13259000
           <...>-1985  [004] ....  4466.373406: do_swap_page: swapin tgid 1985 pid 1985 name "droid.launcher3" vma 13264000
           <...>-1985  [004] ....  4466.373407: do_swap_page: swapin tgid 1985 pid 1985 name "droid.launcher3" vma 13263000
           <...>-1985  [004] ....  4466.373409: do_swap_page: swapin tgid 1985 pid 1985 name "droid.launcher3" vma 1325a000
           <...>-1985  [004] ....  4466.373410: do_swap_page: swapin tgid 1985 pid 1985 name "droid.launcher3" vma 13262000
           <...>-1985  [004] ....  4466.373412: do_swap_page: swapin tgid 1985 pid 1985 name "droid.launcher3" vma 13261000
           <...>-1985  [004] ....  4466.373414: do_swap_page: swapin tgid 1985 pid 1985 name "droid.launcher3" vma 13260000
           <...>-1985  [004] ....  4466.373416: do_swap_page: swapin tgid 1985 pid 1985 name "droid.launcher3" vma 1325b000
           <...>-1985  [004] ....  4466.373418: do_swap_page: swapin tgid 1985 pid 1985 name "droid.launcher3" vma 1325f000
           <...>-1985  [004] ....  4466.373420: do_swap_page: swapin tgid 1985 pid 1985 name "droid.launcher3" vma 1325c000
           <...>-1985  [004] ....  4466.373422: do_swap_page: swapin tgid 1985 pid 1985 name "droid.launcher3" vma 1325e000
           <...>-1985  [004] ....  4466.373423: do_swap_page: swapin tgid 1985 pid 1985 name "droid.launcher3" vma 1325d000
           <...>-1985  [004] ....  4466.373426: do_swap_page: swapin tgid 1985 pid 1985 name "droid.launcher3" vma 1326b000
           <...>-1985  [004] ....  4466.373427: do_swap_page: swapin tgid 1985 pid 1985 name "droid.launcher3" vma 1326a000
           <...>-1985  [004] ....  4466.373435: do_swap_page: swapin tgid 1985 pid 1985 name "droid.launcher3" vma 9eb5c000
           <...>-1985  [004] ....  4466.373570: do_swap_page: swapin tgid 1985 pid 1985 name "droid.launcher3" vma 9eb5c000
           <...>-1985  [004] ....  4466.373578: do_swap_page: swapin tgid 1985 pid 1985 name "droid.launcher3" vma 13d46000
           <...>-1985  [004] ....  4466.373584: do_swap_page: swapin tgid 1985 pid 1985 name "droid.launcher3" vma 13d57000
           <...>-1985  [004] ....  4466.373617: do_swap_page: swapin tgid 1985 pid 1985 name "droid.launcher3" vma 7eced91000
           <...>-1985  [004] ....  4466.373620: do_swap_page: swapin tgid 1985 pid 1985 name "droid.launcher3" vma 7fbe25f000
           <...>-1985  [004] ....  4466.373644: do_swap_page: swapin tgid 1985 pid 1985 name "droid.launcher3" vma 13c94000
           <...>-1985  [004] ....  4466.373647: do_swap_page: swapin tgid 1985 pid 1985 name "droid.launcher3" vma 7ecee44000
           <...>-1985  [004] ....  4466.373650: do_swap_page: swapin tgid 1985 pid 1985 name "droid.launcher3" vma 7ecee45000
           <...>-1985  [004] ....  4466.373655: do_swap_page: swapin tgid 1985 pid 1985 name "droid.launcher3" vma 7f28afc000
           <...>-1985  [004] ....  4466.373659: do_swap_page: swapin tgid 1985 pid 1985 name "droid.launcher3" vma 9ec18000
           <...>-1985  [004] ....  4466.373667: do_swap_page: swapin tgid 1985 pid 1985 name "droid.launcher3" vma 7f28b04000
           <...>-1985  [004] ....  4466.373674: do_swap_page: swapin tgid 1985 pid 1985 name "droid.launcher3" vma 7eced0e000
           <...>-1985  [004] ....  4466.373676: do_swap_page: swapin tgid 1985 pid 1985 name "droid.launcher3" vma 7ececed000
           <...>-1985  [004] ....  4466.373681: do_swap_page: swapin tgid 1985 pid 1985 name "droid.launcher3" vma 7fbe1c7000
           <...>-1985  [004] ....  4466.373692: do_swap_page: swapin tgid 1985 pid 1985 name "droid.launcher3" vma 9ec28000
 ndroid.systemui-1632  [004] ....  4466.373743: do_swap_page: swapin tgid 1632 pid 1632 name "ndroid.systemui" vma 7ea7cc6000
           <...>-1985  [004] ....  4466.373825: do_swap_page: swapin tgid 1985 pid 1985 name "droid.launcher3" vma 9ec28000
           <...>-1985  [004] ....  4466.373840: do_swap_page: swapin tgid 1985 pid 1985 name "droid.launcher3" vma 7ec871a000
           <...>-1985  [004] ....  4466.373845: do_swap_page: swapin tgid 1985 pid 1985 name "droid.launcher3" vma 7ec871b000
           <...>-1985  [004] ....  4466.373848: do_swap_page: swapin tgid 1985 pid 1985 name "droid.launcher3" vma 7fbe181000
           <...>-1985  [004] ....  4466.373869: do_swap_page: swapin tgid 1985 pid 1985 name "droid.launcher3" vma 7eced9b000
           <...>-1985  [004] ....  4466.373878: do_swap_page: swapin tgid 1985 pid 1985 name "droid.launcher3" vma 7ec871c000
           <...>-1985  [004] ....  4466.373898: do_swap_page: swapin tgid 1985 pid 1985 name "droid.launcher3" vma 7f28b05000
           <...>-1985  [004] ....  4466.373901: do_swap_page: swapin tgid 1985 pid 1985 name "droid.launcher3" vma 7ec871d000
           <...>-1985  [004] ....  4466.373906: do_swap_page: swapin tgid 1985 pid 1985 name "droid.launcher3" vma 7f39805000
           <...>-1985  [004] ....  4466.373909: do_swap_page: swapin tgid 1985 pid 1985 name "droid.launcher3" vma 7f39833000
           <...>-1985  [004] ....  4466.373912: do_swap_page: swapin tgid 1985 pid 1985 name "droid.launcher3" vma 7f39806000
           <...>-1985  [004] ....  4466.373914: do_swap_page: swapin tgid 1985 pid 1985 name "droid.launcher3" vma 7f3982f000
           <...>-1985  [004] ....  4466.373917: do_swap_page: swapin tgid 1985 pid 1985 name "droid.launcher3" vma 7fbe161000
           <...>-1985  [004] ....  4466.373920: do_swap_page: swapin tgid 1985 pid 1985 name "droid.launcher3" vma 7f28b06000
           <...>-1985  [004] ....  4466.373925: do_swap_page: swapin tgid 1985 pid 1985 name "droid.launcher3" vma 7eceb80000
           <...>-1985  [004] ....  4466.373933: do_swap_page: swapin tgid 1985 pid 1985 name "droid.launcher3" vma 9eb2c000
           <...>-1985  [004] ....  4466.373943: do_swap_page: swapin tgid 1985 pid 1985 name "droid.launcher3" vma 7eceb7c000
           <...>-1985  [004] ....  4466.373950: do_swap_page: swapin tgid 1985 pid 1985 name "droid.launcher3" vma 7ec86d0000
           <...>-1985  [004] ....  4466.373958: do_swap_page: swapin tgid 1985 pid 1985 name "droid.launcher3" vma 7f28b02000
           <...>-1985  [004] ....  4466.373973: do_swap_page: swapin tgid 1985 pid 1985 name "droid.launcher3" vma 72b31000
           <...>-1985  [004] ....  4466.373978: do_swap_page: swapin tgid 1985 pid 1985 name "droid.launcher3" vma 7fbbf5b000
 ndroid.systemui-1632  [004] ....  4466.374037: do_swap_page: swapin tgid 1632 pid 1632 name "ndroid.systemui" vma 9eda1000
           <...>-568   [004] ....  4466.374069: do_swap_page: swapin tgid 557 pid 568 name "logd.writer" vma 7fbbfca000
           <...>-568   [004] .n..  4466.374095: do_swap_page: swapin tgid 557 pid 568 name "logd.writer" vma 7fbbef6000
           <...>-1985  [004] ....  4466.374100: do_swap_page: swapin tgid 1985 pid 1985 name "droid.launcher3" vma 7fbbf5b000
           <...>-1985  [004] ....  4466.374106: do_swap_page: swapin tgid 1985 pid 1985 name "droid.launcher3" vma 7f28a0f000
           <...>-1985  [004] ....  4466.374117: do_swap_page: swapin tgid 1985 pid 1985 name "droid.launcher3" vma 7f28afb000
           <...>-1985  [004] ....  4466.374120: do_swap_page: swapin tgid 1985 pid 1985 name "droid.launcher3" vma 7ec8769000
           <...>-1985  [004] ....  4466.374123: do_swap_page: swapin tgid 1985 pid 1985 name "droid.launcher3" vma 7ec8932000
           <...>-1985  [004] ....  4466.374128: do_swap_page: swapin tgid 1985 pid 1985 name "droid.launcher3" vma 7f395f1000
           <...>-5204  [004] ....  4466.374184: do_swap_page: swapin tgid 5185 pid 5204 name "Binder:5185_3" vma 7fbe20a000
           <...>-5204  [004] ....  4466.374193: do_swap_page: swapin tgid 5185 pid 5204 name "Binder:5185_3" vma 7fbc393000
           <...>-5204  [004] ....  4466.374197: do_swap_page: swapin tgid 5185 pid 5204 name "Binder:5185_3" vma 7fbc38f000
           <...>-5204  [004] ....  4466.374200: do_swap_page: swapin tgid 5185 pid 5204 name "Binder:5185_3" vma 7f2895f000
           <...>-5204  [004] ....  4466.374202: do_swap_page: swapin tgid 5185 pid 5204 name "Binder:5185_3" vma 7f28b1c000
           <...>-5204  [004] ....  4466.374206: do_swap_page: swapin tgid 5185 pid 5204 name "Binder:5185_3" vma 7fbe168000
           <...>-5204  [004] ....  4466.374212: do_swap_page: swapin tgid 5185 pid 5204 name "Binder:5185_3" vma 7f2d61e000
           <...>-5204  [004] ....  4466.374220: do_swap_page: swapin tgid 5185 pid 5204 name "Binder:5185_3" vma 7f2d16b000
           <...>-5204  [004] ....  4466.374223: do_swap_page: swapin tgid 5185 pid 5204 name "Binder:5185_3" vma 7f39800000
           <...>-5204  [004] ....  4466.374227: do_swap_page: swapin tgid 5185 pid 5204 name "Binder:5185_3" vma 7f395f0000
           <...>-8710  [004] ....  4466.374286: do_swap_page: swapin tgid 8693 pid 8710 name "Binder:8693_1" vma 7fbe165000
           <...>-8710  [004] ....  4466.374292: do_swap_page: swapin tgid 8693 pid 8710 name "Binder:8693_1" vma 7f28b55000
           <...>-8710  [004] ....  4466.374298: do_swap_page: swapin tgid 8693 pid 8710 name "Binder:8693_1" vma 7fbc390000
           <...>-1985  [004] ....  4466.374311: do_swap_page: swapin tgid 1985 pid 1985 name "droid.launcher3" vma 7f395f1000
           <...>-1985  [004] ....  4466.374327: do_swap_page: swapin tgid 1985 pid 1985 name "droid.launcher3" vma 7eceb85000
           <...>-1985  [004] ....  4466.374331: do_swap_page: swapin tgid 1985 pid 1985 name "droid.launcher3" vma 13c87000
           <...>-1985  [004] ....  4466.374337: do_swap_page: swapin tgid 1985 pid 1985 name "droid.launcher3" vma 7f39804000
           <...>-1985  [004] ....  4466.374339: do_swap_page: swapin tgid 1985 pid 1985 name "droid.launcher3" vma 7f39809000
           <...>-1985  [004] ....  4466.374343: do_swap_page: swapin tgid 1985 pid 1985 name "droid.launcher3" vma 7fbe22b000
           <...>-1985  [004] ....  4466.374347: do_swap_page: swapin tgid 1985 pid 1985 name "droid.launcher3" vma 7f39810000
           <...>-1985  [004] ....  4466.374350: do_swap_page: swapin tgid 1985 pid 1985 name "droid.launcher3" vma 7fbe349000
           <...>-1985  [004] ....  4466.374383: do_swap_page: swapin tgid 1985 pid 1985 name "droid.launcher3" vma 7ec86ff000
           <...>-1985  [004] ....  4466.374398: do_swap_page: swapin tgid 1985 pid 1985 name "droid.launcher3" vma 7f289d3000
           <...>-1985  [004] ....  4466.374403: do_swap_page: swapin tgid 1985 pid 1985 name "droid.launcher3" vma 7fbe1c4000
           <...>-1985  [004] ....  4466.374406: do_swap_page: swapin tgid 1985 pid 1985 name "droid.launcher3" vma 7f39811000
           <...>-1985  [004] ....  4466.374412: do_swap_page: swapin tgid 1985 pid 1985 name "droid.launcher3" vma 7f39839000
           <...>-1985  [004] ....  4466.374413: do_swap_page: swapin tgid 1985 pid 1985 name "droid.launcher3" vma 7f39838000
           <...>-1985  [004] ....  4466.374418: do_swap_page: swapin tgid 1985 pid 1985 name "droid.launcher3" vma 7f2d144000
 ndroid.systemui-1632  [004] ....  4466.374445: do_swap_page: swapin tgid 1632 pid 1632 name "ndroid.systemui" vma 9eda1000
 ndroid.systemui-1632  [004] ....  4466.374456: do_swap_page: swapin tgid 1632 pid 1632 name "ndroid.systemui" vma 13e9c000
 ndroid.systemui-1632  [004] ....  4466.374460: do_swap_page: swapin tgid 1632 pid 1632 name "ndroid.systemui" vma 9ed3b000
           <...>-568   [004] ....  4466.374486: do_swap_page: swapin tgid 557 pid 568 name "logd.writer" vma 7fbbf16000
           <...>-568   [004] ....  4466.374496: do_swap_page: swapin tgid 557 pid 568 name "logd.writer" vma 7fbbf1c000
         logcatd-873   [004] ....  4466.374615: do_swap_page: swapin tgid 873 pid 873 name "logcatd" vma 7fbd819000
           <...>-1985  [004] ....  4466.374649: do_swap_page: swapin tgid 1985 pid 1985 name "droid.launcher3" vma 7f2d144000
           <...>-1985  [004] ....  4466.374659: do_swap_page: swapin tgid 1985 pid 1985 name "droid.launcher3" vma 7eceb7f000
           <...>-1985  [004] ....  4466.374662: do_swap_page: swapin tgid 1985 pid 1985 name "droid.launcher3" vma 7eced02000
           <...>-1985  [004] ....  4466.374677: do_swap_page: swapin tgid 1985 pid 1985 name "droid.launcher3" vma 7ec86fe000
           <...>-1985  [004] ....  4466.374685: do_swap_page: swapin tgid 1985 pid 1985 name "droid.launcher3" vma 9ec1a000
 ndroid.systemui-1632  [004] ....  4466.374740: do_swap_page: swapin tgid 1632 pid 1632 name "ndroid.systemui" vma 9ed3b000
 ndroid.systemui-1632  [004] ....  4466.374748: do_swap_page: swapin tgid 1632 pid 1632 name "ndroid.systemui" vma 9ec9c000
 ndroid.systemui-1632  [004] ....  4466.374751: do_swap_page: swapin tgid 1632 pid 1632 name "ndroid.systemui" vma 9ecb2000
 ndroid.systemui-1632  [004] ....  4466.374777: do_swap_page: swapin tgid 1632 pid 1632 name "ndroid.systemui" vma 9ec6a000
 ndroid.systemui-1632  [004] ....  4466.374781: do_swap_page: swapin tgid 1632 pid 1632 name "ndroid.systemui" vma 9eddb000
           <...>-1985  [004] ....  4466.374820: do_swap_page: swapin tgid 1985 pid 1985 name "droid.launcher3" vma 9ec1a000
           <...>-1985  [004] ....  4466.374826: do_swap_page: swapin tgid 1985 pid 1985 name "droid.launcher3" vma 9ec1b000
           <...>-5204  [004] ....  4466.375076: do_swap_page: swapin tgid 5185 pid 5204 name "Binder:5185_3" vma 7f395f0000
           <...>-5204  [004] ....  4466.375086: do_swap_page: swapin tgid 5185 pid 5204 name "Binder:5185_3" vma 12de6000
           <...>-5204  [004] ....  4466.375088: do_swap_page: swapin tgid 5185 pid 5204 name "Binder:5185_3" vma 12dc4000
           <...>-5204  [004] ....  4466.375090: do_swap_page: swapin tgid 5185 pid 5204 name "Binder:5185_3" vma 12ed6000
           <...>-5204  [004] ....  4466.375096: do_swap_page: swapin tgid 5185 pid 5204 name "Binder:5185_3" vma 7f3510a000
           <...>-5204  [004] ....  4466.375099: do_swap_page: swapin tgid 5185 pid 5204 name "Binder:5185_3" vma 72b2e000
           <...>-1985  [004] ....  4466.375125: do_swap_page: swapin tgid 1985 pid 1985 name "droid.launcher3" vma 9ec1b000
           <...>-1985  [004] ....  4466.375130: do_swap_page: swapin tgid 1985 pid 1985 name "droid.launcher3" vma 13d51000
           <...>-1985  [004] ....  4466.375133: do_swap_page: swapin tgid 1985 pid 1985 name "droid.launcher3" vma 9ebf0000
 ndroid.systemui-1632  [004] ....  4466.375164: do_swap_page: swapin tgid 1632 pid 1632 name "ndroid.systemui" vma 9ed17000
           <...>-1985  [004] ....  4466.375257: do_swap_page: swapin tgid 1985 pid 1985 name "droid.launcher3" vma 9ebf0000
           <...>-1985  [004] ....  4466.375265: do_swap_page: swapin tgid 1985 pid 1985 name "droid.launcher3" vma 7f28af0000
           <...>-1985  [004] ....  4466.375270: do_swap_page: swapin tgid 1985 pid 1985 name "droid.launcher3" vma 7ec8955000
           <...>-1985  [004] ....  4466.375305: do_swap_page: swapin tgid 1985 pid 1985 name "droid.launcher3" vma 7eceb87000
           <...>-1985  [004] ....  4466.375310: do_swap_page: swapin tgid 1985 pid 1985 name "droid.launcher3" vma 7f2d6be000
           <...>-1985  [004] ....  4466.375313: do_swap_page: swapin tgid 1985 pid 1985 name "droid.launcher3" vma 7ecee4e000
 ndroid.systemui-1632  [004] ....  4466.375339: do_swap_page: swapin tgid 1632 pid 1632 name "ndroid.systemui" vma 9ed17000
 ndroid.systemui-1632  [004] ....  4466.375345: do_swap_page: swapin tgid 1632 pid 1632 name "ndroid.systemui" vma 9ec26000
           <...>-1985  [004] ....  4466.375491: do_swap_page: swapin tgid 1985 pid 1985 name "droid.launcher3" vma 7ecee4e000
           <...>-1985  [004] ....  4466.375499: do_swap_page: swapin tgid 1985 pid 1985 name "droid.launcher3" vma 7f28b0e000
           <...>-1985  [004] ....  4466.375502: do_swap_page: swapin tgid 1985 pid 1985 name "droid.launcher3" vma 7ec8961000
           <...>-1985  [004] ....  4466.375524: do_swap_page: swapin tgid 1985 pid 1985 name "droid.launcher3" vma 7fbe244000
           <...>-1985  [004] ....  4466.375537: do_swap_page: swapin tgid 1985 pid 1985 name "droid.launcher3" vma 12e9a000
           <...>-1985  [004] ....  4466.375539: do_swap_page: swapin tgid 1985 pid 1985 name "droid.launcher3" vma 7ec88d2000
           <...>-1985  [004] ....  4466.375549: do_swap_page: swapin tgid 1985 pid 1985 name "droid.launcher3" vma 7fbbf58000
           <...>-1985  [004] ....  4466.375552: do_swap_page: swapin tgid 1985 pid 1985 name "droid.launcher3" vma 7f28a02000
           <...>-1985  [004] ....  4466.375559: do_swap_page: swapin tgid 1985 pid 1985 name "droid.launcher3" vma 7fbcc7e000
           <...>-1985  [004] ....  4466.375561: do_swap_page: swapin tgid 1985 pid 1985 name "droid.launcher3" vma 7f289fd000
           <...>-1985  [004] ....  4466.375566: do_swap_page: swapin tgid 1985 pid 1985 name "droid.launcher3" vma 7f28b4f000
           <...>-1985  [004] ....  4466.375568: do_swap_page: swapin tgid 1985 pid 1985 name "droid.launcher3" vma 7f28b36000
           <...>-1985  [004] ....  4466.375570: do_swap_page: swapin tgid 1985 pid 1985 name "droid.launcher3" vma 7ecec20000
           <...>-1985  [004] ....  4466.375572: do_swap_page: swapin tgid 1985 pid 1985 name "droid.launcher3" vma 7ec5d4d000
           <...>-1985  [004] ....  4466.375574: do_swap_page: swapin tgid 1985 pid 1985 name "droid.launcher3" vma 7ec88dc000
           <...>-1985  [004] ....  4466.375576: do_swap_page: swapin tgid 1985 pid 1985 name "droid.launcher3" vma 7ecec15000
           <...>-1985  [004] ....  4466.375578: do_swap_page: swapin tgid 1985 pid 1985 name "droid.launcher3" vma 7f28b2d000
