           <...>-2514  [004] ....  2775.623360: do_swap_page: swapin tgid 1985 pid 2514 name "RenderThread" vma 7ecb522000
           <...>-2514  [004] ....  2775.623364: do_swap_page: swapin tgid 1985 pid 2514 name "RenderThread" vma 7ecaca1000
           <...>-2514  [004] ....  2775.623366: do_swap_page: swapin tgid 1985 pid 2514 name "RenderThread" vma 7ecb523000
           <...>-2514  [004] ....  2775.623369: do_swap_page: swapin tgid 1985 pid 2514 name "RenderThread" vma 7f2d74b000
           <...>-2514  [004] ....  2775.623371: do_swap_page: swapin tgid 1985 pid 2514 name "RenderThread" vma 7f2d740000
           <...>-2514  [004] ....  2775.623374: do_swap_page: swapin tgid 1985 pid 2514 name "RenderThread" vma 7ecb4f7000
           <...>-2514  [004] ....  2775.623376: do_swap_page: swapin tgid 1985 pid 2514 name "RenderThread" vma 7ecb633000
           <...>-2514  [004] ....  2775.623378: do_swap_page: swapin tgid 1985 pid 2514 name "RenderThread" vma 7ecb30b000
           <...>-2514  [004] ....  2775.623382: do_swap_page: swapin tgid 1985 pid 2514 name "RenderThread" vma 7ecb54a000
           <...>-2514  [004] ....  2775.623385: do_swap_page: swapin tgid 1985 pid 2514 name "RenderThread" vma 7ecb516000
           <...>-2514  [004] ....  2775.623395: do_swap_page: swapin tgid 1985 pid 2514 name "RenderThread" vma 7ecb657000
           <...>-2514  [004] ....  2775.623562: do_swap_page: swapin tgid 1985 pid 2514 name "RenderThread" vma 7ecb657000
           <...>-2514  [004] ....  2775.623575: do_swap_page: swapin tgid 1985 pid 2514 name "RenderThread" vma 7ecb514000
   Binder:1333_8-1954  [004] ....  2775.623615: do_swap_page: swapin tgid 1333 pid 1954 name "Binder:1333_8" vma 7f3985c000
           <...>-2514  [004] ....  2775.623692: do_swap_page: swapin tgid 1985 pid 2514 name "RenderThread" vma 7ecb514000
           <...>-2514  [004] ....  2775.623700: do_swap_page: swapin tgid 1985 pid 2514 name "RenderThread" vma 7ecb53b000
           <...>-2514  [004] ....  2775.623720: do_swap_page: swapin tgid 1985 pid 2514 name "RenderThread" vma 7f2d809000
           <...>-2514  [004] ....  2775.623728: do_swap_page: swapin tgid 1985 pid 2514 name "RenderThread" vma 7f2d68c000
           <...>-2514  [004] ....  2775.623731: do_swap_page: swapin tgid 1985 pid 2514 name "RenderThread" vma 7ecb5d1000
           <...>-2514  [004] ....  2775.623739: do_swap_page: swapin tgid 1985 pid 2514 name "RenderThread" vma 7ecacb4000
           <...>-2514  [004] ....  2775.623742: do_swap_page: swapin tgid 1985 pid 2514 name "RenderThread" vma 7ecb5d2000
           <...>-2514  [004] ....  2775.623748: do_swap_page: swapin tgid 1985 pid 2514 name "RenderThread" vma 7ecacb5000
           <...>-2514  [004] ....  2775.623753: do_swap_page: swapin tgid 1985 pid 2514 name "RenderThread" vma 7ec88db000
           <...>-2514  [004] ....  2775.623757: do_swap_page: swapin tgid 1985 pid 2514 name "RenderThread" vma 7f2d67b000
           <...>-2514  [004] ....  2775.623759: do_swap_page: swapin tgid 1985 pid 2514 name "RenderThread" vma 7ecb5dc000
           <...>-2514  [004] ....  2775.623770: do_swap_page: swapin tgid 1985 pid 2514 name "RenderThread" vma 7ecb5d3000
           <...>-2514  [004] ....  2775.623778: do_swap_page: swapin tgid 1985 pid 2514 name "RenderThread" vma 7ecb67c000
           <...>-2514  [004] ....  2775.623782: do_swap_page: swapin tgid 1985 pid 2514 name "RenderThread" vma 7ecb5cf000
           <...>-2514  [004] ....  2775.623788: do_swap_page: swapin tgid 1985 pid 2514 name "RenderThread" vma 7f2d67e000
           <...>-2514  [004] ....  2775.623791: do_swap_page: swapin tgid 1985 pid 2514 name "RenderThread" vma 7ecb534000
           <...>-2514  [004] ....  2775.623798: do_swap_page: swapin tgid 1985 pid 2514 name "RenderThread" vma 7ecb5e5000
           <...>-2514  [004] ....  2775.623800: do_swap_page: swapin tgid 1985 pid 2514 name "RenderThread" vma 7f2d635000
           <...>-2514  [004] ....  2775.623811: do_swap_page: swapin tgid 1985 pid 2514 name "RenderThread" vma 7f2d67f000
           <...>-2514  [004] ....  2775.623816: do_swap_page: swapin tgid 1985 pid 2514 name "RenderThread" vma 7ecb718000
           <...>-2514  [004] ....  2775.623825: do_swap_page: swapin tgid 1985 pid 2514 name "RenderThread" vma 7ecb303000
           <...>-2514  [004] ....  2775.623826: do_swap_page: swapin tgid 1985 pid 2514 name "RenderThread" vma 7ecb2ee000
           <...>-2514  [004] ....  2775.623827: do_swap_page: swapin tgid 1985 pid 2514 name "RenderThread" vma 7ecb63d000
           <...>-2514  [004] ....  2775.623830: do_swap_page: swapin tgid 1985 pid 2514 name "RenderThread" vma 7ecb6e0000
           <...>-2514  [004] ....  2775.623835: do_swap_page: swapin tgid 1985 pid 2514 name "RenderThread" vma 7ecb537000
           <...>-2514  [004] ....  2775.623838: do_swap_page: swapin tgid 1985 pid 2514 name "RenderThread" vma 7ecb6bb000
           <...>-2514  [004] ....  2775.623841: do_swap_page: swapin tgid 1985 pid 2514 name "RenderThread" vma 7ecb31d000
           <...>-2514  [004] ....  2775.623924: do_swap_page: swapin tgid 1985 pid 2514 name "RenderThread" vma 7ecb71b000
           <...>-2514  [004] ....  2775.623985: do_swap_page: swapin tgid 1985 pid 2514 name "RenderThread" vma 7ecb5e7000
           <...>-2514  [004] ....  2775.623988: do_swap_page: swapin tgid 1985 pid 2514 name "RenderThread" vma 7ecb513000
           <...>-2514  [004] ....  2775.623994: do_swap_page: swapin tgid 1985 pid 2514 name "RenderThread" vma 7ecb67b000
           <...>-2514  [004] ....  2775.623996: do_swap_page: swapin tgid 1985 pid 2514 name "RenderThread" vma 7fbe1d5000
           <...>-2514  [004] ....  2775.624000: do_swap_page: swapin tgid 1985 pid 2514 name "RenderThread" vma 7f2d634000
           <...>-2514  [004] ....  2775.624005: do_swap_page: swapin tgid 1985 pid 2514 name "RenderThread" vma 7ecb6a1000
           <...>-2514  [004] ....  2775.624011: do_swap_page: swapin tgid 1985 pid 2514 name "RenderThread" vma 7ecb62e000
           <...>-2514  [004] ....  2775.624014: do_swap_page: swapin tgid 1985 pid 2514 name "RenderThread" vma 7ecb67a000
           <...>-2514  [004] ....  2775.624019: do_swap_page: swapin tgid 1985 pid 2514 name "RenderThread" vma 7ecb679000
           <...>-2514  [004] ....  2775.624023: do_swap_page: swapin tgid 1985 pid 2514 name "RenderThread" vma 7f2d6ec000
           <...>-2514  [004] ....  2775.624025: do_swap_page: swapin tgid 1985 pid 2514 name "RenderThread" vma 7ecb2f8000
           <...>-2514  [004] ....  2775.624027: do_swap_page: swapin tgid 1985 pid 2514 name "RenderThread" vma 7ecb2f7000
           <...>-2514  [004] ....  2775.624035: do_swap_page: swapin tgid 1985 pid 2514 name "RenderThread" vma 7ecb535000
           <...>-2514  [004] ....  2775.624044: do_swap_page: swapin tgid 1985 pid 2514 name "RenderThread" vma 7ecb4bd000
           <...>-2514  [004] ....  2775.624056: do_swap_page: swapin tgid 1985 pid 2514 name "RenderThread" vma 7ecb543000
           <...>-2514  [004] ....  2775.624061: do_swap_page: swapin tgid 1985 pid 2514 name "RenderThread" vma 7ecb32a000
           <...>-2514  [004] ....  2775.624173: do_swap_page: swapin tgid 1985 pid 2514 name "RenderThread" vma 7ecb32a000
           <...>-2514  [004] ....  2775.624178: do_swap_page: swapin tgid 1985 pid 2514 name "RenderThread" vma 7ecb546000
           <...>-2514  [004] ....  2775.624182: do_swap_page: swapin tgid 1985 pid 2514 name "RenderThread" vma 7ecb680000
           <...>-2514  [004] ....  2775.624184: do_swap_page: swapin tgid 1985 pid 2514 name "RenderThread" vma 7ecb542000
           <...>-2514  [004] ....  2775.624186: do_swap_page: swapin tgid 1985 pid 2514 name "RenderThread" vma 7ecb26f000
           <...>-2514  [004] ....  2775.624306: do_swap_page: swapin tgid 1985 pid 2514 name "RenderThread" vma 7ecb26f000
           <...>-2514  [004] ....  2775.624312: do_swap_page: swapin tgid 1985 pid 2514 name "RenderThread" vma 7eced06000
           <...>-2514  [004] ....  2775.624428: do_swap_page: swapin tgid 1985 pid 2514 name "RenderThread" vma 7eced06000
           <...>-2514  [004] ....  2775.624435: do_swap_page: swapin tgid 1985 pid 2514 name "RenderThread" vma 7ecb5d0000
           <...>-2514  [004] ....  2775.624604: do_swap_page: swapin tgid 1985 pid 2514 name "RenderThread" vma 7ecb5d0000
           <...>-2514  [004] ....  2775.624619: do_swap_page: swapin tgid 1985 pid 2514 name "RenderThread" vma 7f2d6db000
           <...>-2514  [004] ....  2775.624621: do_swap_page: swapin tgid 1985 pid 2514 name "RenderThread" vma 7ecb5de000
           <...>-2514  [004] ....  2775.624628: do_swap_page: swapin tgid 1985 pid 2514 name "RenderThread" vma 7ecb336000
           <...>-2514  [004] ....  2775.624746: do_swap_page: swapin tgid 1985 pid 2514 name "RenderThread" vma 7ecb336000
           <...>-2514  [004] ....  2775.624756: do_swap_page: swapin tgid 1985 pid 2514 name "RenderThread" vma 7ecb307000
           <...>-2514  [004] ....  2775.624761: do_swap_page: swapin tgid 1985 pid 2514 name "RenderThread" vma 7ecb36c000
           <...>-2514  [004] ....  2775.624878: do_swap_page: swapin tgid 1985 pid 2514 name "RenderThread" vma 7ecb36c000
           <...>-2514  [004] ....  2775.624883: do_swap_page: swapin tgid 1985 pid 2514 name "RenderThread" vma 7ecb4cd000
           <...>-2514  [004] ....  2775.624889: do_swap_page: swapin tgid 1985 pid 2514 name "RenderThread" vma 7ecb5cd000
           <...>-2514  [004] ....  2775.624896: do_swap_page: swapin tgid 1985 pid 2514 name "RenderThread" vma 7ecb63e000
           <...>-2514  [004] ....  2775.624902: do_swap_page: swapin tgid 1985 pid 2514 name "RenderThread" vma 7ecb5c5000
           <...>-2514  [004] ....  2775.625019: do_swap_page: swapin tgid 1985 pid 2514 name "RenderThread" vma 7ecb5c5000
           <...>-2514  [004] ....  2775.625026: do_swap_page: swapin tgid 1985 pid 2514 name "RenderThread" vma 7ecb316000
           <...>-2514  [004] ....  2775.625029: do_swap_page: swapin tgid 1985 pid 2514 name "RenderThread" vma 7ecb319000
           <...>-2514  [004] ....  2775.625032: do_swap_page: swapin tgid 1985 pid 2514 name "RenderThread" vma 7f2d61b000
           <...>-2514  [004] ....  2775.625033: do_swap_page: swapin tgid 1985 pid 2514 name "RenderThread" vma 7f2d68a000
 ndroid.systemui-1632  [004] ....  2775.625094: do_swap_page: swapin tgid 1632 pid 1632 name "ndroid.systemui" vma 9ee1a000
           <...>-2514  [004] ....  2775.625143: do_swap_page: swapin tgid 1985 pid 2514 name "RenderThread" vma 7f2d68a000
           <...>-2514  [004] ....  2775.625153: do_swap_page: swapin tgid 1985 pid 2514 name "RenderThread" vma 7ecb4bc000
           <...>-2514  [004] ....  2775.625171: do_swap_page: swapin tgid 1985 pid 2514 name "RenderThread" vma 7f20a3f000
           <...>-2514  [004] ....  2775.625221: do_swap_page: swapin tgid 1985 pid 2514 name "RenderThread" vma 7ecb25f000
           <...>-2514  [004] ....  2775.625231: do_swap_page: swapin tgid 1985 pid 2514 name "RenderThread" vma 7ecb548000
           <...>-2514  [004] ....  2775.625234: do_swap_page: swapin tgid 1985 pid 2514 name "RenderThread" vma 7ecb648000
           <...>-2514  [004] ....  2775.625239: do_swap_page: swapin tgid 1985 pid 2514 name "RenderThread" vma 7eced05000
 ndroid.systemui-1632  [004] ....  2775.625266: do_swap_page: swapin tgid 1632 pid 1632 name "ndroid.systemui" vma 9ee1a000
 ndroid.systemui-1632  [004] ....  2775.625271: do_swap_page: swapin tgid 1632 pid 1632 name "ndroid.systemui" vma 9ed63000
           <...>-2514  [004] ....  2775.625357: do_swap_page: swapin tgid 1985 pid 2514 name "RenderThread" vma 7eced05000
           <...>-2514  [004] ....  2775.625401: do_swap_page: swapin tgid 1985 pid 2514 name "RenderThread" vma 7f2d6f5000
 ndroid.systemui-1632  [004] ....  2775.625431: do_swap_page: swapin tgid 1632 pid 1632 name "ndroid.systemui" vma 9ed63000
 ndroid.systemui-1632  [004] ....  2775.625438: do_swap_page: swapin tgid 1632 pid 1632 name "ndroid.systemui" vma 9ec73000
 ndroid.systemui-1632  [004] ....  2775.625453: do_swap_page: swapin tgid 1632 pid 1632 name "ndroid.systemui" vma 9edbb000
           <...>-2514  [004] ....  2775.625525: do_swap_page: swapin tgid 1985 pid 2514 name "RenderThread" vma 7f2d6f5000
           <...>-2514  [004] ....  2775.625548: do_swap_page: swapin tgid 1985 pid 2514 name "RenderThread" vma 7ecb649000
           <...>-2514  [004] ....  2775.625554: do_swap_page: swapin tgid 1985 pid 2514 name "RenderThread" vma 7ecb5ce000
           <...>-2514  [004] ....  2775.625595: do_swap_page: swapin tgid 1985 pid 2514 name "RenderThread" vma 7ecb5c6000
 ndroid.systemui-1632  [004] ....  2775.625620: do_swap_page: swapin tgid 1632 pid 1632 name "ndroid.systemui" vma 9edbb000
 ndroid.systemui-1632  [004] ....  2775.625629: do_swap_page: swapin tgid 1632 pid 1632 name "ndroid.systemui" vma 1340a000
           <...>-2514  [004] ....  2775.625716: do_swap_page: swapin tgid 1985 pid 2514 name "RenderThread" vma 7ecb5c6000
           <...>-2514  [004] ....  2775.625739: do_swap_page: swapin tgid 1985 pid 2514 name "RenderThread" vma 7ecb651000
 ndroid.systemui-1632  [004] ....  2775.625805: do_swap_page: swapin tgid 1632 pid 1632 name "ndroid.systemui" vma 9ec04000
 ndroid.systemui-1632  [004] ....  2775.625813: do_swap_page: swapin tgid 1632 pid 1632 name "ndroid.systemui" vma 7fbb82e000
           <...>-2514  [004] ....  2775.625853: do_swap_page: swapin tgid 1985 pid 2514 name "RenderThread" vma 7ecb651000
           <...>-2514  [004] ....  2775.625858: do_swap_page: swapin tgid 1985 pid 2514 name "RenderThread" vma 7f2d6ae000
           <...>-2514  [004] ....  2775.625985: do_swap_page: swapin tgid 1985 pid 2514 name "RenderThread" vma 7f2d6ae000
           <...>-2514  [004] ....  2775.625995: do_swap_page: swapin tgid 1985 pid 2514 name "RenderThread" vma 7ecb4d1000
           <...>-2514  [004] ....  2775.626058: do_swap_page: swapin tgid 1985 pid 2514 name "RenderThread" vma 7ecb642000
           <...>-2514  [004] ....  2775.626084: do_swap_page: swapin tgid 1985 pid 2514 name "RenderThread" vma 7ecac90000
           <...>-2514  [004] ....  2775.626093: do_swap_page: swapin tgid 1985 pid 2514 name "RenderThread" vma 7ecb643000
           <...>-2514  [004] ....  2775.626097: do_swap_page: swapin tgid 1985 pid 2514 name "RenderThread" vma 7f28a21000
 ndroid.systemui-1632  [004] ....  2775.626121: do_swap_page: swapin tgid 1632 pid 1632 name "ndroid.systemui" vma 7fbb82e000
 ndroid.systemui-1632  [004] ....  2775.626160: do_swap_page: swapin tgid 1632 pid 1632 name "ndroid.systemui" vma 1344c000
 ndroid.systemui-1632  [004] ....  2775.626170: do_swap_page: swapin tgid 1632 pid 1632 name "ndroid.systemui" vma 7f2d67e000
           <...>-2514  [004] ....  2775.626213: do_swap_page: swapin tgid 1985 pid 2514 name "RenderThread" vma 7f28a21000
           <...>-2514  [004] ....  2775.626219: do_swap_page: swapin tgid 1985 pid 2514 name "RenderThread" vma 7f2d6f9000
           <...>-2514  [004] ....  2775.626332: do_swap_page: swapin tgid 1985 pid 2514 name "RenderThread" vma 7f2d6f9000
           <...>-2514  [004] ....  2775.626339: do_swap_page: swapin tgid 1985 pid 2514 name "RenderThread" vma 7ecb6bc000
           <...>-2514  [004] ....  2775.626363: do_swap_page: swapin tgid 1985 pid 2514 name "RenderThread" vma 7ecac91000
           <...>-2514  [004] ....  2775.626370: do_swap_page: swapin tgid 1985 pid 2514 name "RenderThread" vma 7ecb31e000
           <...>-2514  [004] ....  2775.626372: do_swap_page: swapin tgid 1985 pid 2514 name "RenderThread" vma 7ecb5df000
           <...>-2514  [004] ....  2775.626386: do_swap_page: swapin tgid 1985 pid 2514 name "RenderThread" vma 7ecb6f2000
           <...>-2514  [004] ....  2775.626389: do_swap_page: swapin tgid 1985 pid 2514 name "RenderThread" vma 7f2d6fa000
   Binder:1333_8-1954  [004] ....  2775.626417: do_swap_page: swapin tgid 1333 pid 1954 name "Binder:1333_8" vma 9eb4b000
   Binder:1333_8-1954  [004] ....  2775.626430: do_swap_page: swapin tgid 1333 pid 1954 name "Binder:1333_8" vma 9ede9000
           <...>-2514  [004] ....  2775.626504: do_swap_page: swapin tgid 1985 pid 2514 name "RenderThread" vma 7f2d6fa000
           <...>-2514  [004] ....  2775.626526: do_swap_page: swapin tgid 1985 pid 2514 name "RenderThread" vma 7ecb6f3000
           <...>-2514  [004] ....  2775.626530: do_swap_page: swapin tgid 1985 pid 2514 name "RenderThread" vma 7ecb717000
           <...>-2514  [004] ....  2775.626533: do_swap_page: swapin tgid 1985 pid 2514 name "RenderThread" vma 7ecb4e9000
           <...>-2514  [004] ....  2775.626570: do_swap_page: swapin tgid 1985 pid 2514 name "RenderThread" vma 7ecac8e000
           <...>-2514  [004] ....  2775.626577: do_swap_page: swapin tgid 1985 pid 2514 name "RenderThread" vma 7ecac79000
           <...>-2514  [004] ....  2775.626613: do_swap_page: swapin tgid 1985 pid 2514 name "RenderThread" vma 7f2d245000
           <...>-2514  [004] ....  2775.626624: do_swap_page: swapin tgid 1985 pid 2514 name "RenderThread" vma 7ecb71d000
           <...>-2514  [004] ....  2775.626626: do_swap_page: swapin tgid 1985 pid 2514 name "RenderThread" vma 7ecb71e000
           <...>-2514  [004] ....  2775.626635: do_swap_page: swapin tgid 1985 pid 2514 name "RenderThread" vma 7ec8979000
           <...>-2514  [004] ....  2775.626644: do_swap_page: swapin tgid 1985 pid 2514 name "RenderThread" vma 7ec88af000
           <...>-2514  [004] ....  2775.626646: do_swap_page: swapin tgid 1985 pid 2514 name "RenderThread" vma 7eced08000
           <...>-2514  [004] ....  2775.626649: do_swap_page: swapin tgid 1985 pid 2514 name "RenderThread" vma 7ec88ad000
           <...>-2514  [004] ....  2775.626653: do_swap_page: swapin tgid 1985 pid 2514 name "RenderThread" vma 7ec88ac000
           <...>-2514  [004] ....  2775.626656: do_swap_page: swapin tgid 1985 pid 2514 name "RenderThread" vma 7ec88ab000
           <...>-2514  [004] ....  2775.626683: do_swap_page: swapin tgid 1985 pid 2514 name "RenderThread" vma 7ecc938000
           <...>-2514  [004] ....  2775.626722: do_swap_page: swapin tgid 1985 pid 2514 name "RenderThread" vma 7ecc937000
           <...>-2514  [004] ....  2775.626770: do_swap_page: swapin tgid 1985 pid 2514 name "RenderThread" vma 7ecacae000
           <...>-2514  [004] ....  2775.626810: do_swap_page: swapin tgid 1985 pid 2514 name "RenderThread" vma 7f2d803000
           <...>-2514  [004] ....  2775.626817: do_swap_page: swapin tgid 1985 pid 2514 name "RenderThread" vma 7fbc5a2000
           <...>-2514  [004] ....  2775.626820: do_swap_page: swapin tgid 1985 pid 2514 name "RenderThread" vma 7fbc5a4000
           <...>-2514  [004] ....  2775.626823: do_swap_page: swapin tgid 1985 pid 2514 name "RenderThread" vma 7f2d16c000
           <...>-2514  [004] ....  2775.626894: do_swap_page: swapin tgid 1985 pid 2514 name "RenderThread" vma 7f2d721000
           <...>-2514  [004] ....  2775.626945: do_swap_page: swapin tgid 1985 pid 2514 name "RenderThread" vma 7ecb650000
           <...>-2514  [004] ....  2775.626959: do_swap_page: swapin tgid 1985 pid 2514 name "RenderThread" vma 7ecb2fb000
           <...>-2514  [004] ....  2775.627138: do_swap_page: swapin tgid 1985 pid 2514 name "RenderThread" vma 7ecb2fb000
           <...>-2514  [004] ....  2775.627151: do_swap_page: swapin tgid 1985 pid 2514 name "RenderThread" vma 7ecb6e3000
           <...>-2514  [004] ....  2775.627155: do_swap_page: swapin tgid 1985 pid 2514 name "RenderThread" vma 7ecb2f9000
           <...>-2514  [004] ....  2775.627157: do_swap_page: swapin tgid 1985 pid 2514 name "RenderThread" vma 7ecb6e4000
           <...>-2514  [004] ....  2775.627160: do_swap_page: swapin tgid 1985 pid 2514 name "RenderThread" vma 7ecb6f4000
           <...>-2514  [004] ....  2775.627165: do_swap_page: swapin tgid 1985 pid 2514 name "RenderThread" vma 7ecb6a2000
           <...>-2514  [004] ....  2775.627169: do_swap_page: swapin tgid 1985 pid 2514 name "RenderThread" vma 7ecb681000
           <...>-2514  [004] ....  2775.627171: do_swap_page: swapin tgid 1985 pid 2514 name "RenderThread" vma 7ecb64c000
           <...>-2514  [004] ....  2775.627180: do_swap_page: swapin tgid 1985 pid 2514 name "RenderThread" vma 7f2d683000
           <...>-2514  [004] ....  2775.627186: do_swap_page: swapin tgid 1985 pid 2514 name "RenderThread" vma 7ecacb2000
           <...>-2514  [004] ....  2775.627191: do_swap_page: swapin tgid 1985 pid 2514 name "RenderThread" vma 7ecb5c7000
           <...>-2514  [004] ....  2775.627342: do_swap_page: swapin tgid 1985 pid 2514 name "RenderThread" vma 7ecb5c7000
           <...>-2514  [004] ....  2775.627351: do_swap_page: swapin tgid 1985 pid 2514 name "RenderThread" vma 7ecac73000
           <...>-1985  [004] ....  2775.627388: do_swap_page: swapin tgid 1985 pid 1985 name "droid.launcher3" vma 7ec875b000
           <...>-2514  [004] ....  2775.627504: do_swap_page: swapin tgid 1985 pid 2514 name "RenderThread" vma 7ecac73000
           <...>-2514  [004] ....  2775.627525: do_swap_page: swapin tgid 1985 pid 2514 name "RenderThread" vma 7ecac74000
           <...>-2514  [004] ....  2775.627529: do_swap_page: swapin tgid 1985 pid 2514 name "RenderThread" vma 7ecac8d000
           <...>-2514  [004] ....  2775.627538: do_swap_page: swapin tgid 1985 pid 2514 name "RenderThread" vma 7ecb737000
           <...>-2514  [004] ....  2775.627556: do_swap_page: swapin tgid 1985 pid 2514 name "RenderThread" vma 7ecac71000
           <...>-2514  [004] ....  2775.627561: do_swap_page: swapin tgid 1985 pid 2514 name "RenderThread" vma 7ecac72000
           <...>-2514  [004] ....  2775.627571: do_swap_page: swapin tgid 1985 pid 2514 name "RenderThread" vma 7ecb652000
           <...>-2514  [004] ....  2775.627578: do_swap_page: swapin tgid 1985 pid 2514 name "RenderThread" vma 7ecb5e0000
           <...>-2514  [004] ....  2775.627592: do_swap_page: swapin tgid 1985 pid 2514 name "RenderThread" vma 7ecb69b000
           <...>-2514  [004] ....  2775.627598: do_swap_page: swapin tgid 1985 pid 2514 name "RenderThread" vma 7f2d6af000
   Binder:1333_8-1954  [004] ....  2775.627679: do_swap_page: swapin tgid 1333 pid 1954 name "Binder:1333_8" vma 9ede9000
           <...>-2514  [004] ....  2775.627719: do_swap_page: swapin tgid 1985 pid 2514 name "RenderThread" vma 7f2d6af000
           <...>-2514  [004] ....  2775.627724: do_swap_page: swapin tgid 1985 pid 2514 name "RenderThread" vma 7ecb6f7000
           <...>-1353  [004] ....  2775.627783: do_swap_page: swapin tgid 1333 pid 1353 name "android.ui" vma 9ee54000
   Binder:1333_8-1954  [004] ....  2775.627816: do_swap_page: swapin tgid 1333 pid 1954 name "Binder:1333_8" vma 7e6c22e000
           <...>-2514  [004] ....  2775.627840: do_swap_page: swapin tgid 1985 pid 2514 name "RenderThread" vma 7ecb6f7000
           <...>-2514  [004] ....  2775.627871: do_swap_page: swapin tgid 1985 pid 2514 name "RenderThread" vma 7ecb727000
           <...>-2514  [004] ....  2775.627873: do_swap_page: swapin tgid 1985 pid 2514 name "RenderThread" vma 7ecb728000
           <...>-2514  [004] ....  2775.627906: do_swap_page: swapin tgid 1985 pid 2514 name "RenderThread" vma 7ecb73f000
           <...>-2514  [004] ....  2775.627912: do_swap_page: swapin tgid 1985 pid 2514 name "RenderThread" vma 7ecb73b000
           <...>-2514  [004] ....  2775.627917: do_swap_page: swapin tgid 1985 pid 2514 name "RenderThread" vma 7ecb73d000
           <...>-2514  [004] ....  2775.627927: do_swap_page: swapin tgid 1985 pid 2514 name "RenderThread" vma 7ecac92000
           <...>-2514  [004] ....  2775.627935: do_swap_page: swapin tgid 1985 pid 2514 name "RenderThread" vma 7ecb69c000
           <...>-2514  [004] ....  2775.627943: do_swap_page: swapin tgid 1985 pid 2514 name "RenderThread" vma 7ecb6f5000
           <...>-2514  [004] ....  2775.627966: do_swap_page: swapin tgid 1985 pid 2514 name "RenderThread" vma 7ecb6f6000
           <...>-2514  [004] ....  2775.628086: do_swap_page: swapin tgid 1985 pid 2514 name "RenderThread" vma 7ecb63c000
           <...>-2514  [004] ....  2775.628090: do_swap_page: swapin tgid 1985 pid 2514 name "RenderThread" vma 7ecac97000
           <...>-2514  [004] ....  2775.628139: do_swap_page: swapin tgid 1985 pid 2514 name "RenderThread" vma 7ecac70000
           <...>-2514  [004] ....  2775.628148: do_swap_page: swapin tgid 1985 pid 2514 name "RenderThread" vma 7ecb73a000
           <...>-2514  [004] ....  2775.628150: do_swap_page: swapin tgid 1985 pid 2514 name "RenderThread" vma 7ecb6de000
           <...>-2514  [004] ....  2775.628152: do_swap_page: swapin tgid 1985 pid 2514 name "RenderThread" vma 7ecb536000
           <...>-2514  [004] ....  2775.628158: do_swap_page: swapin tgid 1985 pid 2514 name "RenderThread" vma 7f2d679000
           <...>-2514  [004] ....  2775.628166: do_swap_page: swapin tgid 1985 pid 2514 name "RenderThread" vma 7ecac98000
           <...>-2514  [004] ....  2775.628176: do_swap_page: swapin tgid 1985 pid 2514 name "RenderThread" vma 7f2d692000
           <...>-2514  [004] ....  2775.628180: do_swap_page: swapin tgid 1985 pid 2514 name "RenderThread" vma 7ecb30c000
           <...>-2514  [004] ....  2775.628185: do_swap_page: swapin tgid 1985 pid 2514 name "RenderThread" vma 7f2d6c8000
           <...>-2514  [004] ....  2775.628249: do_swap_page: swapin tgid 1985 pid 2514 name "RenderThread" vma 7ecb30d000
           <...>-2514  [004] ....  2775.628253: do_swap_page: swapin tgid 1985 pid 2514 name "RenderThread" vma 7ecb4b5000
           <...>-2514  [004] ....  2775.628869: do_swap_page: swapin tgid 1985 pid 2514 name "RenderThread" vma 7ecb4b5000
           <...>-2514  [004] ....  2775.628875: do_swap_page: swapin tgid 1985 pid 2514 name "RenderThread" vma 7ecb6db000
           <...>-2514  [004] ....  2775.628880: do_swap_page: swapin tgid 1985 pid 2514 name "RenderThread" vma 7ecb6da000
           <...>-2514  [004] ....  2775.628883: do_swap_page: swapin tgid 1985 pid 2514 name "RenderThread" vma 7f2d680000
           <...>-2514  [004] ....  2775.628886: do_swap_page: swapin tgid 1985 pid 2514 name "RenderThread" vma 7ecb6e1000
           <...>-2514  [004] ....  2775.628891: do_swap_page: swapin tgid 1985 pid 2514 name "RenderThread" vma 7ecb6e2000
           <...>-2514  [004] ....  2775.628895: do_swap_page: swapin tgid 1985 pid 2514 name "RenderThread" vma 7ecb6dd000
           <...>-2514  [004] ....  2775.628913: do_swap_page: swapin tgid 1985 pid 2514 name "RenderThread" vma 7ecb549000
           <...>-2514  [004] ....  2775.628929: do_swap_page: swapin tgid 1985 pid 2514 name "RenderThread" vma 7fbf5e4000
           <...>-1353  [004] ....  2775.628948: do_swap_page: swapin tgid 1333 pid 1353 name "android.ui" vma 9ee54000
           <...>-1353  [004] ....  2775.628966: do_swap_page: swapin tgid 1333 pid 1353 name "android.ui" vma 9ede8000
 ndroid.systemui-1632  [004] .n..  2775.629034: do_swap_page: swapin tgid 1632 pid 1632 name "ndroid.systemui" vma 7ea7cc6000
           <...>-2514  [004] ....  2775.629039: do_swap_page: swapin tgid 1985 pid 2514 name "RenderThread" vma 7fbf5e4000
           <...>-1450  [004] ....  2775.631100: do_swap_page: swapin tgid 602 pid 1450 name "Binder:602_4" vma 7fb75a3000
           <...>-1450  [004] ....  2775.631129: do_swap_page: swapin tgid 602 pid 1450 name "Binder:602_4" vma 7fba614000
           <...>-1450  [004] ....  2775.631135: do_swap_page: swapin tgid 602 pid 1450 name "Binder:602_4" vma 7fba648000
           <...>-1450  [004] ....  2775.631138: do_swap_page: swapin tgid 602 pid 1450 name "Binder:602_4" vma 7fb75a2000
           <...>-1450  [004] ....  2775.631173: do_swap_page: swapin tgid 602 pid 1450 name "Binder:602_4" vma 7fba60c000
           <...>-2514  [004] ....  2775.631206: do_swap_page: swapin tgid 1985 pid 2514 name "RenderThread" vma 7fbdc7c000
           <...>-2514  [004] ....  2775.631242: do_swap_page: swapin tgid 1985 pid 2514 name "RenderThread" vma 7ecb4b9000
           <...>-1353  [004] ....  2775.631289: do_swap_page: swapin tgid 1333 pid 1353 name "android.ui" vma 9ede8000
           <...>-1985  [004] ....  2775.631622: do_swap_page: swapin tgid 1985 pid 1985 name "droid.launcher3" vma 7f3982d000
           <...>-1985  [004] .n..  2775.632496: do_swap_page: swapin tgid 1985 pid 1985 name "droid.launcher3" vma 7f3983f000
           <...>-1985  [004] ....  2775.632513: do_swap_page: swapin tgid 1985 pid 1985 name "droid.launcher3" vma 7f39802000
           <...>-1985  [004] ....  2775.632519: do_swap_page: swapin tgid 1985 pid 1985 name "droid.launcher3" vma 7f3982e000
           <...>-1985  [004] ....  2775.632524: do_swap_page: swapin tgid 1985 pid 1985 name "droid.launcher3" vma 7f3983d000
           <...>-1985  [004] ....  2775.632526: do_swap_page: swapin tgid 1985 pid 1985 name "droid.launcher3" vma 7f3983a000
           <...>-1985  [004] ....  2775.632529: do_swap_page: swapin tgid 1985 pid 1985 name "droid.launcher3" vma 7f3983b000
           <...>-1985  [004] ....  2775.632536: do_swap_page: swapin tgid 1985 pid 1985 name "droid.launcher3" vma 7fbc5a5000
           <...>-1985  [004] ....  2775.632551: do_swap_page: swapin tgid 1985 pid 1985 name "droid.launcher3" vma 7fbe1c0000
           <...>-1985  [004] ....  2775.632562: do_swap_page: swapin tgid 1985 pid 1985 name "droid.launcher3" vma 7fbe1c1000
           <...>-1985  [004] ....  2775.632570: do_swap_page: swapin tgid 1985 pid 1985 name "droid.launcher3" vma 7ececc8000
           <...>-1985  [004] ....  2775.632578: do_swap_page: swapin tgid 1985 pid 1985 name "droid.launcher3" vma 7ececc9000
           <...>-1985  [004] ....  2775.632584: do_swap_page: swapin tgid 1985 pid 1985 name "droid.launcher3" vma 7ec8951000
           <...>-1985  [004] ....  2775.632598: do_swap_page: swapin tgid 1985 pid 1985 name "droid.launcher3" vma 7ec8952000
           <...>-1985  [004] ....  2775.632607: do_swap_page: swapin tgid 1985 pid 1985 name "droid.launcher3" vma 7ec8953000
           <...>-1985  [004] ....  2775.632612: do_swap_page: swapin tgid 1985 pid 1985 name "droid.launcher3" vma 7ec8954000
           <...>-1985  [004] ....  2775.632618: do_swap_page: swapin tgid 1985 pid 1985 name "droid.launcher3" vma 7ec86fe000
           <...>-1985  [004] ....  2775.632621: do_swap_page: swapin tgid 1985 pid 1985 name "droid.launcher3" vma 7ec86ff000
           <...>-1985  [004] ....  2775.632633: do_swap_page: swapin tgid 1985 pid 1985 name "droid.launcher3" vma 7ecebe2000
           <...>-1985  [004] ....  2775.632637: do_swap_page: swapin tgid 1985 pid 1985 name "droid.launcher3" vma 7ecebd3000
           <...>-1985  [004] ....  2775.632719: do_swap_page: swapin tgid 1985 pid 1985 name "droid.launcher3" vma 7f28b5a000
           <...>-1985  [004] ....  2775.632734: do_swap_page: swapin tgid 1985 pid 1985 name "droid.launcher3" vma 7ec88ca000
           <...>-2514  [004] ....  2775.633246: do_swap_page: swapin tgid 1985 pid 2514 name "RenderThread" vma 7eced10000
           <...>-5704  [004] ....  2775.633303: do_swap_page: swapin tgid 1985 pid 5704 name "hwuiTask0" vma 7f29fdc000
           <...>-2514  [004] ....  2775.633395: do_swap_page: swapin tgid 1985 pid 2514 name "RenderThread" vma 7eced10000
           <...>-2514  [004] .n..  2775.633421: do_swap_page: swapin tgid 1985 pid 2514 name "RenderThread" vma 7eced0f000
           <...>-5704  [004] ....  2775.633449: do_swap_page: swapin tgid 1985 pid 5704 name "hwuiTask0" vma 7f29fdc000
           <...>-5704  [004] ....  2775.633455: do_swap_page: swapin tgid 1985 pid 5704 name "hwuiTask0" vma 7f29fdb000
           <...>-5704  [004] ....  2775.633463: do_swap_page: swapin tgid 1985 pid 5704 name "hwuiTask0" vma 7ecee31000
           <...>-5704  [004] ....  2775.633466: do_swap_page: swapin tgid 1985 pid 5704 name "hwuiTask0" vma 7fbe1a5000
           <...>-5704  [004] ....  2775.633478: do_swap_page: swapin tgid 1985 pid 5704 name "hwuiTask0" vma 7f29fd9000
           <...>-5704  [004] ....  2775.633482: do_swap_page: swapin tgid 1985 pid 5704 name "hwuiTask0" vma 131c0000
           <...>-5704  [004] ....  2775.633489: do_swap_page: swapin tgid 1985 pid 5704 name "hwuiTask0" vma 7f29fda000
           <...>-5704  [004] ....  2775.633502: do_swap_page: swapin tgid 1985 pid 5704 name "hwuiTask0" vma 7ec8824000
           <...>-5704  [004] ....  2775.633507: do_swap_page: swapin tgid 1985 pid 5704 name "hwuiTask0" vma 7ec8825000
           <...>-2514  [004] ....  2775.633544: do_swap_page: swapin tgid 1985 pid 2514 name "RenderThread" vma 7eced0f000
           <...>-2514  [004] ....  2775.633550: do_swap_page: swapin tgid 1985 pid 2514 name "RenderThread" vma 7eceb8c000
           <...>-2514  [004] ....  2775.633718: do_swap_page: swapin tgid 1985 pid 2514 name "RenderThread" vma 7eceb8c000
           <...>-2514  [004] ....  2775.633754: do_swap_page: swapin tgid 1985 pid 2514 name "RenderThread" vma 7f289b1000
           <...>-1450  [004] ....  2775.633928: do_swap_page: swapin tgid 602 pid 1450 name "Binder:602_4" vma 7fbc20b000
           <...>-2514  [004] ....  2775.633957: do_swap_page: swapin tgid 1985 pid 2514 name "RenderThread" vma 7f289b1000
           <...>-2514  [004] ....  2775.633962: do_swap_page: swapin tgid 1985 pid 2514 name "RenderThread" vma 7f28b57000
           <...>-2514  [004] ....  2775.634630: do_swap_page: swapin tgid 1985 pid 2514 name "RenderThread" vma 7ecb30e000
           <...>-645   [004] ....  2775.634717: do_swap_page: swapin tgid 602 pid 645 name "Binder:602_1" vma 7fba60b000
           <...>-1453  [004] ....  2775.635547: do_swap_page: swapin tgid 1333 pid 1453 name "InputDispatcher" vma 7e6c477000
  surfaceflinger-602   [004] ....  2775.643160: do_swap_page: swapin tgid 602 pid 602 name "surfaceflinger" vma 7fb75c5000
  surfaceflinger-602   [004] ....  2775.643186: do_swap_page: swapin tgid 602 pid 602 name "surfaceflinger" vma 7fba6ce000
           <...>-1985  [004] ....  2775.643646: do_swap_page: swapin tgid 1985 pid 1985 name "droid.launcher3" vma 72c89000
           <...>-1985  [004] ....  2775.643654: do_swap_page: swapin tgid 1985 pid 1985 name "droid.launcher3" vma 72c8a000
           <...>-1985  [004] ....  2775.643656: do_swap_page: swapin tgid 1985 pid 1985 name "droid.launcher3" vma 72c88000
           <...>-1967  [004] ....  2775.646628: do_swap_page: swapin tgid 1333 pid 1967 name "Binder:1333_A" vma 7ed0e1c000
           <...>-1967  [004] ....  2775.646666: do_swap_page: swapin tgid 1333 pid 1967 name "Binder:1333_A" vma 7ed0e43000
           <...>-1967  [004] ....  2775.646669: do_swap_page: swapin tgid 1333 pid 1967 name "Binder:1333_A" vma 7ed0c77000
           <...>-1967  [004] ....  2775.646675: do_swap_page: swapin tgid 1333 pid 1967 name "Binder:1333_A" vma 7ed0ea3000
           <...>-1967  [004] ....  2775.646682: do_swap_page: swapin tgid 1333 pid 1967 name "Binder:1333_A" vma 7ed0ece000
           <...>-1453  [004] ....  2775.647192: do_swap_page: swapin tgid 1333 pid 1453 name "InputDispatcher" vma 7eb4ce9000
 ndroid.systemui-1632  [004] ....  2775.647487: do_swap_page: swapin tgid 1632 pid 1632 name "ndroid.systemui" vma 7fbe24f000
 ndroid.systemui-1632  [004] ....  2775.647499: do_swap_page: swapin tgid 1632 pid 1632 name "ndroid.systemui" vma 7f28b57000
           <...>-1649  [004] ....  2775.647521: do_swap_page: swapin tgid 1632 pid 1649 name "Jit thread pool" vma 7f2d600000
           <...>-1649  [004] ....  2775.647528: do_swap_page: swapin tgid 1632 pid 1649 name "Jit thread pool" vma 7f2d619000
           <...>-1649  [004] ....  2775.647532: do_swap_page: swapin tgid 1632 pid 1649 name "Jit thread pool" vma 7f2e9cc000
           <...>-1649  [004] ....  2775.647537: do_swap_page: swapin tgid 1632 pid 1649 name "Jit thread pool" vma 7fbe0ad000
           <...>-1649  [004] ....  2775.647824: do_swap_page: swapin tgid 1632 pid 1649 name "Jit thread pool" vma 7fbe0ad000
           <...>-1649  [004] ....  2775.647854: do_swap_page: swapin tgid 1632 pid 1649 name "Jit thread pool" vma 7fbe314000
           <...>-1649  [004] ....  2775.647857: do_swap_page: swapin tgid 1632 pid 1649 name "Jit thread pool" vma 7fbe315000
           <...>-1649  [004] ....  2775.647875: do_swap_page: swapin tgid 1632 pid 1649 name "Jit thread pool" vma 7f2d6a2000
           <...>-1649  [004] ....  2775.647884: do_swap_page: swapin tgid 1632 pid 1649 name "Jit thread pool" vma 7f2f0dc000
           <...>-1649  [004] ....  2775.648046: do_swap_page: swapin tgid 1632 pid 1649 name "Jit thread pool" vma 7f2f0dc000
           <...>-1649  [004] ....  2775.648053: do_swap_page: swapin tgid 1632 pid 1649 name "Jit thread pool" vma 7f2edbb000
           <...>-1649  [004] ....  2775.648158: do_swap_page: swapin tgid 1632 pid 1649 name "Jit thread pool" vma 7f2edbb000
           <...>-1649  [004] ....  2775.648161: do_swap_page: swapin tgid 1632 pid 1649 name "Jit thread pool" vma 7f2edbc000
           <...>-1649  [004] ....  2775.648263: do_swap_page: swapin tgid 1632 pid 1649 name "Jit thread pool" vma 7f2edbc000
           <...>-1649  [004] ....  2775.648271: do_swap_page: swapin tgid 1632 pid 1649 name "Jit thread pool" vma 7fba1f4000
           <...>-1649  [004] ....  2775.648284: do_swap_page: swapin tgid 1632 pid 1649 name "Jit thread pool" vma 7f2e9cb000
           <...>-1649  [004] ....  2775.648531: do_swap_page: swapin tgid 1632 pid 1649 name "Jit thread pool" vma 7f2e9ca000
           <...>-1649  [004] ....  2775.648822: do_swap_page: swapin tgid 1632 pid 1649 name "Jit thread pool" vma 7f29586000
           <...>-1649  [004] ....  2775.649034: do_swap_page: swapin tgid 1632 pid 1649 name "Jit thread pool" vma 7f2f0db000
           <...>-1649  [004] ....  2775.649187: do_swap_page: swapin tgid 1632 pid 1649 name "Jit thread pool" vma 7f2f0db000
           <...>-1649  [004] ....  2775.649308: do_swap_page: swapin tgid 1632 pid 1649 name "Jit thread pool" vma 7f2edbd000
           <...>-1649  [004] ....  2775.649635: do_swap_page: swapin tgid 1632 pid 1649 name "Jit thread pool" vma 7f2edbd000
           <...>-1649  [004] ....  2775.649642: do_swap_page: swapin tgid 1632 pid 1649 name "Jit thread pool" vma 7f2d6aa000
           <...>-1649  [004] ....  2775.649664: do_swap_page: swapin tgid 1632 pid 1649 name "Jit thread pool" vma 7f2edba000
           <...>-1649  [004] ....  2775.649775: do_swap_page: swapin tgid 1632 pid 1649 name "Jit thread pool" vma 7f2edba000
           <...>-1649  [004] ....  2775.649922: do_swap_page: swapin tgid 1632 pid 1649 name "Jit thread pool" vma 7f2d692000
           <...>-1649  [004] ....  2775.649983: do_swap_page: swapin tgid 1632 pid 1649 name "Jit thread pool" vma 7eb3c65000
           <...>-1649  [004] ....  2775.650169: do_swap_page: swapin tgid 1632 pid 1649 name "Jit thread pool" vma 7eb3c65000
           <...>-1649  [004] ....  2775.650175: do_swap_page: swapin tgid 1632 pid 1649 name "Jit thread pool" vma 7eb3c16000
           <...>-1649  [004] ....  2775.650188: do_swap_page: swapin tgid 1632 pid 1649 name "Jit thread pool" vma 7f2d6b6000
           <...>-1649  [004] ....  2775.650193: do_swap_page: swapin tgid 1632 pid 1649 name "Jit thread pool" vma 7f2d6ab000
           <...>-1649  [004] ....  2775.650196: do_swap_page: swapin tgid 1632 pid 1649 name "Jit thread pool" vma 7f2d6ac000
           <...>-1649  [004] ....  2775.650202: do_swap_page: swapin tgid 1632 pid 1649 name "Jit thread pool" vma 7f2d6b3000
           <...>-1649  [004] ....  2775.650212: do_swap_page: swapin tgid 1632 pid 1649 name "Jit thread pool" vma 7f2d813000
           <...>-1649  [004] ....  2775.650226: do_swap_page: swapin tgid 1632 pid 1649 name "Jit thread pool" vma 7f2d61e000
           <...>-1649  [004] ....  2775.650232: do_swap_page: swapin tgid 1632 pid 1649 name "Jit thread pool" vma 7f2d681000
           <...>-1649  [004] ....  2775.650260: do_swap_page: swapin tgid 1632 pid 1649 name "Jit thread pool" vma 7f2d6bf000
 composer@2.3-se-605   [004] ....  2775.652699: do_swap_page: swapin tgid 605 pid 605 name "composer@2.3-se" vma 7fbce16000
           <...>-2514  [004] ....  2775.655661: do_swap_page: swapin tgid 1985 pid 2514 name "RenderThread" vma 7ecac93000
   Binder:1333_8-1954  [004] ....  2775.656679: do_swap_page: swapin tgid 1333 pid 1954 name "Binder:1333_8" vma 7e8036e000
           <...>-1985  [004] ....  2775.664680: do_swap_page: swapin tgid 1985 pid 1985 name "droid.launcher3" vma 7f28a71000
           <...>-2514  [004] ....  2775.665252: do_swap_page: swapin tgid 1985 pid 2514 name "RenderThread" vma 7f39808000
           <...>-2514  [004] ....  2775.666284: do_swap_page: swapin tgid 1985 pid 2514 name "RenderThread" vma 7ecacaf000
   Binder:1333_8-1954  [004] ....  2775.667025: do_swap_page: swapin tgid 1333 pid 1954 name "Binder:1333_8" vma 7e8036f000
           <...>-1353  [004] ....  2775.679244: do_swap_page: swapin tgid 1333 pid 1353 name "android.ui" vma 7f2d818000
   Binder:1333_8-1954  [004] ....  2775.690172: do_swap_page: swapin tgid 1333 pid 1954 name "Binder:1333_8" vma 7ed0e1d000
   Binder:1333_8-1954  [004] ....  2775.690200: do_swap_page: swapin tgid 1333 pid 1954 name "Binder:1333_8" vma 7e80370000
           <...>-2514  [004] ....  2775.700459: do_swap_page: swapin tgid 1985 pid 2514 name "RenderThread" vma 7ecac88000
   Binder:1333_8-1954  [004] ....  2775.701078: do_swap_page: swapin tgid 1333 pid 1954 name "Binder:1333_8" vma 7e80371000
           <...>-1985  [004] ....  2775.720877: do_swap_page: swapin tgid 1985 pid 1985 name "droid.launcher3" vma 7fbe17a000
           <...>-2514  [004] ....  2775.721492: do_swap_page: swapin tgid 1985 pid 2514 name "RenderThread" vma 7fbbf59000
           <...>-2514  [004] ....  2775.721950: do_swap_page: swapin tgid 1985 pid 2514 name "RenderThread" vma 7f39803000
           <...>-2514  [004] ....  2775.721980: do_swap_page: swapin tgid 1985 pid 2514 name "RenderThread" vma 7ecb739000
           <...>-2514  [004] ....  2775.722043: do_swap_page: swapin tgid 1985 pid 2514 name "RenderThread" vma 7ecb53c000
           <...>-2514  [004] ....  2775.722514: do_swap_page: swapin tgid 1985 pid 2514 name "RenderThread" vma 7ecac94000
           <...>-2514  [004] ....  2775.722529: do_swap_page: swapin tgid 1985 pid 2514 name "RenderThread" vma 7ecb734000
           <...>-2514  [004] ....  2775.722533: do_swap_page: swapin tgid 1985 pid 2514 name "RenderThread" vma 7ecb733000
           <...>-2514  [004] ....  2775.722835: do_swap_page: swapin tgid 1985 pid 2514 name "RenderThread" vma 7ecb733000
   Binder:1333_8-1954  [004] ....  2775.724139: do_swap_page: swapin tgid 1333 pid 1954 name "Binder:1333_8" vma 7e803a5000
   Binder:1333_8-1954  [004] ....  2775.734786: do_swap_page: swapin tgid 1333 pid 1954 name "Binder:1333_8" vma 7e6c139000
           <...>-1453  [004] ....  2775.734892: do_swap_page: swapin tgid 1333 pid 1453 name "InputDispatcher" vma 7f39854000
   Binder:1333_8-1954  [004] ....  2775.746598: do_swap_page: swapin tgid 1333 pid 1954 name "Binder:1333_8" vma 7e80372000
   Binder:1333_8-1954  [004] ....  2775.757551: do_swap_page: swapin tgid 1333 pid 1954 name "Binder:1333_8" vma 7e6c13c000
           <...>-1353  [004] ....  2775.758059: do_swap_page: swapin tgid 1333 pid 1353 name "android.ui" vma 7e57330000
           <...>-1353  [004] ....  2775.758133: do_swap_page: swapin tgid 1333 pid 1353 name "android.ui" vma 140c0000
           <...>-1353  [004] ....  2775.758157: do_swap_page: swapin tgid 1333 pid 1353 name "android.ui" vma 9eea5000
           <...>-1985  [004] ....  2775.758435: do_swap_page: swapin tgid 1985 pid 1985 name "droid.launcher3" vma 7ec5d3f000
           <...>-1985  [004] ....  2775.758727: do_swap_page: swapin tgid 1985 pid 1985 name "droid.launcher3" vma 9eb8c000
           <...>-1353  [004] ....  2775.758810: do_swap_page: swapin tgid 1333 pid 1353 name "android.ui" vma 9eea5000
           <...>-1353  [004] ....  2775.758822: do_swap_page: swapin tgid 1333 pid 1353 name "android.ui" vma 9ef28000
           <...>-1353  [004] ....  2775.758836: do_swap_page: swapin tgid 1333 pid 1353 name "android.ui" vma 9ee96000
           <...>-1353  [004] ....  2775.758999: do_swap_page: swapin tgid 1333 pid 1353 name "android.ui" vma 9ee96000
           <...>-1353  [004] ....  2775.759070: do_swap_page: swapin tgid 1333 pid 1353 name "android.ui" vma 7ed0c6f000
           <...>-1353  [004] ....  2775.759092: do_swap_page: swapin tgid 1333 pid 1353 name "android.ui" vma 7ed0c7e000
           <...>-1353  [004] ....  2775.759115: do_swap_page: swapin tgid 1333 pid 1353 name "android.ui" vma 14788000
           <...>-1985  [004] ....  2775.759353: do_swap_page: swapin tgid 1985 pid 1985 name "droid.launcher3" vma 9eb8c000
           <...>-1985  [004] ....  2775.759372: do_swap_page: swapin tgid 1985 pid 1985 name "droid.launcher3" vma 9eb96000
 ndroid.systemui-1632  [004] ....  2775.759461: do_swap_page: swapin tgid 1632 pid 1632 name "ndroid.systemui" vma 7eb4901000
           <...>-1985  [004] ....  2775.759765: do_swap_page: swapin tgid 1985 pid 1985 name "droid.launcher3" vma 9eb96000
     logd.writer-568   [004] ....  2775.772421: do_swap_page: swapin tgid 557 pid 568 name "logd.writer" vma 7fb262e000
     logd.writer-568   [004] ....  2775.772616: do_swap_page: swapin tgid 557 pid 568 name "logd.writer" vma 7fb2653000
           <...>-2514  [004] ....  2775.777945: do_swap_page: swapin tgid 1985 pid 2514 name "RenderThread" vma 7ecb735000
  surfaceflinger-602   [004] ....  2775.798776: do_swap_page: swapin tgid 602 pid 602 name "surfaceflinger" vma 7fb77a0000
           <...>-2514  [004] ....  2775.800234: do_swap_page: swapin tgid 1985 pid 2514 name "RenderThread" vma 7ecb5d4000
           <...>-2514  [004] ....  2775.811690: do_swap_page: swapin tgid 1985 pid 2514 name "RenderThread" vma 7ecb53d000
           <...>-2514  [004] ....  2775.812279: do_swap_page: swapin tgid 1985 pid 2514 name "RenderThread" vma 7ecacac000
           <...>-1985  [004] ....  2775.833110: do_swap_page: swapin tgid 1985 pid 1985 name "droid.launcher3" vma 13161000
           <...>-2514  [004] ....  2775.834491: do_swap_page: swapin tgid 1985 pid 2514 name "RenderThread" vma 7ec88d5000
           <...>-2514  [004] ....  2775.834533: do_swap_page: swapin tgid 1985 pid 2514 name "RenderThread" vma 7ecb6c6000
           <...>-2514  [004] ....  2775.835764: do_swap_page: swapin tgid 1985 pid 2514 name "RenderThread" vma 7ecb4ff000
           <...>-1985  [004] ....  2775.855338: do_swap_page: swapin tgid 1985 pid 1985 name "droid.launcher3" vma 72c83000
           <...>-1985  [004] ....  2775.855357: do_swap_page: swapin tgid 1985 pid 1985 name "droid.launcher3" vma 72c85000
           <...>-2514  [004] ....  2775.856628: do_swap_page: swapin tgid 1985 pid 2514 name "RenderThread" vma 7fbc5a3000
           <...>-2514  [004] ....  2775.857168: do_swap_page: swapin tgid 1985 pid 2514 name "RenderThread" vma 7ecb547000
           <...>-2514  [004] ....  2775.857237: do_swap_page: swapin tgid 1985 pid 2514 name "RenderThread" vma 7ecacad000
           <...>-1985  [004] ....  2775.879871: do_swap_page: swapin tgid 1985 pid 1985 name "droid.launcher3" vma 7f3197d000
           <...>-1985  [004] ....  2775.879893: do_swap_page: swapin tgid 1985 pid 1985 name "droid.launcher3" vma 7ec86c6000
           <...>-1985  [004] ....  2775.881885: do_swap_page: swapin tgid 1985 pid 1985 name "droid.launcher3" vma 7ec86c6000
   Binder:1333_8-1954  [004] ....  2775.882011: do_swap_page: swapin tgid 1333 pid 1954 name "Binder:1333_8" vma 7f31981000
   Binder:1333_8-1954  [004] ....  2775.882171: do_swap_page: swapin tgid 1333 pid 1954 name "Binder:1333_8" vma 145df000
   Binder:1333_8-1954  [004] ....  2775.882191: do_swap_page: swapin tgid 1333 pid 1954 name "Binder:1333_8" vma 13f86000
           <...>-2514  [004] ....  2775.901461: do_swap_page: swapin tgid 1985 pid 2514 name "RenderThread" vma 7ecb5d5000
           <...>-1985  [004] ....  2775.911728: do_swap_page: swapin tgid 1985 pid 1985 name "droid.launcher3" vma 72c84000
           <...>-1985  [004] ....  2775.922392: do_swap_page: swapin tgid 1985 pid 1985 name "droid.launcher3" vma 13251000
           <...>-1985  [004] ....  2775.922407: do_swap_page: swapin tgid 1985 pid 1985 name "droid.launcher3" vma 13252000
           <...>-1985  [004] ....  2775.922413: do_swap_page: swapin tgid 1985 pid 1985 name "droid.launcher3" vma 9eb62000
           <...>-1985  [004] ....  2775.923084: do_swap_page: swapin tgid 1985 pid 1985 name "droid.launcher3" vma 9eb62000
           <...>-1985  [004] ....  2775.923094: do_swap_page: swapin tgid 1985 pid 1985 name "droid.launcher3" vma 9eb2e000
           <...>-1985  [004] ....  2775.923099: do_swap_page: swapin tgid 1985 pid 1985 name "droid.launcher3" vma 9eb2f000
           <...>-1985  [004] ....  2775.923237: do_swap_page: swapin tgid 1985 pid 1985 name "droid.launcher3" vma 9eb2f000
           <...>-1985  [004] ....  2775.923244: do_swap_page: swapin tgid 1985 pid 1985 name "droid.launcher3" vma 9eb43000
           <...>-1985  [004] ....  2775.923361: do_swap_page: swapin tgid 1985 pid 1985 name "droid.launcher3" vma 9eb43000
           <...>-1985  [004] ....  2775.923451: do_swap_page: swapin tgid 1985 pid 1985 name "droid.launcher3" vma 7fbe28e000
           <...>-1985  [004] ....  2775.923488: do_swap_page: swapin tgid 1985 pid 1985 name "droid.launcher3" vma 7fbe253000
           <...>-1985  [004] ....  2775.923499: do_swap_page: swapin tgid 1985 pid 1985 name "droid.launcher3" vma 13cb1000
   Binder:1333_8-1954  [004] ....  2775.924067: do_swap_page: swapin tgid 1333 pid 1954 name "Binder:1333_8" vma 14426000
   Binder:1333_8-1954  [004] ....  2775.924078: do_swap_page: swapin tgid 1333 pid 1954 name "Binder:1333_8" vma 9eb27000
           <...>-1353  [004] ....  2775.924446: do_swap_page: swapin tgid 1333 pid 1353 name "android.ui" vma 7ed1de9000
