           <...>-2514  [004] ....  8684.691957: do_swap_page: swapin tgid 1985 pid 2514 name "RenderThread" vma 7fbc390000
           <...>-2038  [004] ....  8684.692011: do_swap_page: swapin tgid 1632 pid 2038 name "RenderThread" vma 7fbe175000
           <...>-6363  [004] ....  8684.692134: do_swap_page: swapin tgid 1333 pid 6363 name "RenderThread" vma 7fbe175000
           <...>-6363  [004] ....  8684.692156: do_swap_page: swapin tgid 1333 pid 6363 name "RenderThread" vma 7ed0ec0000
           <...>-2514  [004] ....  8684.692333: do_swap_page: swapin tgid 1985 pid 2514 name "RenderThread" vma 7fbc390000
           <...>-2514  [004] ....  8684.692348: do_swap_page: swapin tgid 1985 pid 2514 name "RenderThread" vma 7f2d6a2000
           <...>-2514  [004] ....  8684.692355: do_swap_page: swapin tgid 1985 pid 2514 name "RenderThread" vma 7fbc393000
           <...>-2514  [004] ....  8684.692360: do_swap_page: swapin tgid 1985 pid 2514 name "RenderThread" vma 7fbc38f000
           <...>-2514  [004] ....  8684.692368: do_swap_page: swapin tgid 1985 pid 2514 name "RenderThread" vma 7ecec00000
           <...>-2514  [004] ....  8684.692383: do_swap_page: swapin tgid 1985 pid 2514 name "RenderThread" vma 7ecec01000
           <...>-2514  [004] ....  8684.692391: do_swap_page: swapin tgid 1985 pid 2514 name "RenderThread" vma 7f2d61f000
           <...>-2514  [004] ....  8684.692396: do_swap_page: swapin tgid 1985 pid 2514 name "RenderThread" vma 7f2d16b000
           <...>-2514  [004] ....  8684.692405: do_swap_page: swapin tgid 1985 pid 2514 name "RenderThread" vma 7f39800000
           <...>-2514  [004] ....  8684.692416: do_swap_page: swapin tgid 1985 pid 2514 name "RenderThread" vma 7fbe175000
           <...>-2514  [004] ....  8684.692776: do_swap_page: swapin tgid 1985 pid 2514 name "RenderThread" vma 7fbe175000
           <...>-2514  [004] ....  8684.692791: do_swap_page: swapin tgid 1985 pid 2514 name "RenderThread" vma 7fbe172000
           <...>-2514  [004] ....  8684.692798: do_swap_page: swapin tgid 1985 pid 2514 name "RenderThread" vma 7fbe1ca000
           <...>-2038  [004] ....  8684.692968: do_swap_page: swapin tgid 1632 pid 2038 name "RenderThread" vma 7ed13d1000
           <...>-2038  [004] ....  8684.692997: do_swap_page: swapin tgid 1632 pid 2038 name "RenderThread" vma 7fbb25f000
           <...>-2514  [004] ....  8684.693106: do_swap_page: swapin tgid 1985 pid 2514 name "RenderThread" vma 7fbe1ca000
           <...>-2514  [004] ....  8684.693122: do_swap_page: swapin tgid 1985 pid 2514 name "RenderThread" vma 7f2d668000
           <...>-2514  [004] ....  8684.693131: do_swap_page: swapin tgid 1985 pid 2514 name "RenderThread" vma 7fbe180000
           <...>-1450  [004] ....  8684.693457: do_swap_page: swapin tgid 602 pid 1450 name "Binder:602_4" vma 7fa931b000
           <...>-1450  [004] ....  8684.693475: do_swap_page: swapin tgid 602 pid 1450 name "Binder:602_4" vma 7fa931c000
           <...>-1450  [004] ....  8684.693483: do_swap_page: swapin tgid 602 pid 1450 name "Binder:602_4" vma 7fba63e000
           <...>-1450  [004] ....  8684.693495: do_swap_page: swapin tgid 602 pid 1450 name "Binder:602_4" vma 7fba65a000
           <...>-1450  [004] ....  8684.693504: do_swap_page: swapin tgid 602 pid 1450 name "Binder:602_4" vma 7faa7b2000
           <...>-1450  [004] ....  8684.693520: do_swap_page: swapin tgid 602 pid 1450 name "Binder:602_4" vma 7faa7b3000
           <...>-1450  [004] ....  8684.693618: do_swap_page: swapin tgid 602 pid 1450 name "Binder:602_4" vma 7fbf5e3000
           <...>-6093  [004] ....  8684.693689: do_swap_page: swapin tgid 6055 pid 6093 name "RenderThread" vma 7f2d677000
           <...>-6093  [004] ....  8684.693706: do_swap_page: swapin tgid 6055 pid 6093 name "RenderThread" vma 7f2d6ef000
           <...>-722   [004] ....  8684.693820: do_swap_page: swapin tgid 602 pid 722 name "Binder:602_3" vma 7faa47f000
           <...>-722   [004] ....  8684.693834: do_swap_page: swapin tgid 602 pid 722 name "Binder:602_3" vma 7faa480000
           <...>-722   [004] ....  8684.693839: do_swap_page: swapin tgid 602 pid 722 name "Binder:602_3" vma 7fba62d000
           <...>-722   [004] ....  8684.693904: do_swap_page: swapin tgid 602 pid 722 name "Binder:602_3" vma 7fba63f000
           <...>-722   [004] ....  8684.693913: do_swap_page: swapin tgid 602 pid 722 name "Binder:602_3" vma 7faa799000
           <...>-722   [004] ....  8684.693919: do_swap_page: swapin tgid 602 pid 722 name "Binder:602_3" vma 7faa79a000
           <...>-1450  [004] ....  8684.693934: do_swap_page: swapin tgid 602 pid 1450 name "Binder:602_4" vma 7fbf5e3000
           <...>-1450  [004] ....  8684.693956: do_swap_page: swapin tgid 602 pid 1450 name "Binder:602_4" vma 7fbc858000
           <...>-1450  [004] ....  8684.693976: do_swap_page: swapin tgid 602 pid 1450 name "Binder:602_4" vma 7fba627000
           <...>-1450  [004] ....  8684.693993: do_swap_page: swapin tgid 602 pid 1450 name "Binder:602_4" vma 7faa647000
           <...>-1450  [004] ....  8684.693999: do_swap_page: swapin tgid 602 pid 1450 name "Binder:602_4" vma 7fba6ad000
           <...>-2514  [004] ....  8684.694100: do_swap_page: swapin tgid 1985 pid 2514 name "RenderThread" vma 7f395f0000
           <...>-2038  [004] ....  8684.694236: do_swap_page: swapin tgid 1632 pid 2038 name "RenderThread" vma 7fbb25f000
           <...>-6093  [004] ....  8684.694738: do_swap_page: swapin tgid 6055 pid 6093 name "RenderThread" vma 7fbe162000
           <...>-6093  [004] .n..  8684.694833: do_swap_page: swapin tgid 6055 pid 6093 name "RenderThread" vma 7fbe229000
           <...>-6093  [004] ....  8684.694862: do_swap_page: swapin tgid 6055 pid 6093 name "RenderThread" vma 7e89810000
           <...>-2514  [004] ....  8684.694896: do_swap_page: swapin tgid 1985 pid 2514 name "RenderThread" vma 7f395f0000
           <...>-2514  [004] ....  8684.695104: do_swap_page: swapin tgid 1985 pid 2514 name "RenderThread" vma 7fbe162000
           <...>-2514  [004] ....  8684.695118: do_swap_page: swapin tgid 1985 pid 2514 name "RenderThread" vma 7fbe2f1000
           <...>-2514  [004] ....  8684.695127: do_swap_page: swapin tgid 1985 pid 2514 name "RenderThread" vma 7f28a1a000
           <...>-2514  [004] ....  8684.695137: do_swap_page: swapin tgid 1985 pid 2514 name "RenderThread" vma 7ecac76000
           <...>-2514  [004] ....  8684.695147: do_swap_page: swapin tgid 1985 pid 2514 name "RenderThread" vma 7fbb25f000
           <...>-2514  [004] ....  8684.695422: do_swap_page: swapin tgid 1985 pid 2514 name "RenderThread" vma 7fbb25f000
           <...>-2514  [004] ....  8684.695456: do_swap_page: swapin tgid 1985 pid 2514 name "RenderThread" vma 7ecb533000
           <...>-2201  [004] ....  8684.695531: do_swap_page: swapin tgid 602 pid 2201 name "Binder:602_5" vma 7fb75f9000
           <...>-2201  [004] ....  8684.695552: do_swap_page: swapin tgid 602 pid 2201 name "Binder:602_5" vma 7fbe1ce000
           <...>-2514  [004] ....  8684.695597: do_swap_page: swapin tgid 1985 pid 2514 name "RenderThread" vma 7ecb4d8000
           <...>-2514  [004] ....  8684.695612: do_swap_page: swapin tgid 1985 pid 2514 name "RenderThread" vma 7f2d25a000
           <...>-2514  [004] ....  8684.695841: do_swap_page: swapin tgid 1985 pid 2514 name "RenderThread" vma 7f2d25a000
           <...>-2514  [004] ....  8684.695954: do_swap_page: swapin tgid 1985 pid 2514 name "RenderThread" vma 7f2d256000
           <...>-1355  [004] ....  8684.696035: do_swap_page: swapin tgid 1333 pid 1355 name "android.display" vma 9ecd2000
           <...>-2514  [004] ....  8684.696120: do_swap_page: swapin tgid 1985 pid 2514 name "RenderThread" vma 7f2d256000
           <...>-2514  [004] ....  8684.696155: do_swap_page: swapin tgid 1985 pid 2514 name "RenderThread" vma 7ecedc9000
           <...>-6093  [004] ....  8684.696431: do_swap_page: swapin tgid 6055 pid 6093 name "RenderThread" vma 7e89810000
           <...>-6093  [004] ....  8684.696445: do_swap_page: swapin tgid 6055 pid 6093 name "RenderThread" vma 7e89811000
           <...>-6093  [004] ....  8684.696459: do_swap_page: swapin tgid 6055 pid 6093 name "RenderThread" vma 7ea42fd000
           <...>-6093  [004] ....  8684.696470: do_swap_page: swapin tgid 6055 pid 6093 name "RenderThread" vma 7f28da2000
           <...>-6093  [004] ....  8684.696479: do_swap_page: swapin tgid 6055 pid 6093 name "RenderThread" vma 7fbb25f000
           <...>-1355  [004] ....  8684.696625: do_swap_page: swapin tgid 1333 pid 1355 name "android.display" vma 9ecd2000
           <...>-1355  [004] ....  8684.696663: do_swap_page: swapin tgid 1333 pid 1355 name "android.display" vma 9edd8000
           <...>-1355  [004] ....  8684.696829: do_swap_page: swapin tgid 1333 pid 1355 name "android.display" vma 9edd8000
           <...>-1355  [004] ....  8684.696841: do_swap_page: swapin tgid 1333 pid 1355 name "android.display" vma 9ebc6000
           <...>-1355  [004] ....  8684.696860: do_swap_page: swapin tgid 1333 pid 1355 name "android.display" vma 9ebe4000
           <...>-1355  [004] ....  8684.697533: do_swap_page: swapin tgid 1333 pid 1355 name "android.display" vma 9ee60000
           <...>-1355  [004] ....  8684.697707: do_swap_page: swapin tgid 1333 pid 1355 name "android.display" vma 9ee60000
           <...>-1355  [004] ....  8684.697722: do_swap_page: swapin tgid 1333 pid 1355 name "android.display" vma 9eb28000
           <...>-1355  [004] ....  8684.697734: do_swap_page: swapin tgid 1333 pid 1355 name "android.display" vma 9ed0d000
           <...>-1355  [004] ....  8684.697887: do_swap_page: swapin tgid 1333 pid 1355 name "android.display" vma 9ed0d000
           <...>-1355  [004] ....  8684.697904: do_swap_page: swapin tgid 1333 pid 1355 name "android.display" vma 9ebb1000
           <...>-1355  [004] ....  8684.697950: do_swap_page: swapin tgid 1333 pid 1355 name "android.display" vma 7eb4d1b000
           <...>-1355  [004] ....  8684.697961: do_swap_page: swapin tgid 1333 pid 1355 name "android.display" vma 7eb4d17000
           <...>-1355  [004] ....  8684.697968: do_swap_page: swapin tgid 1333 pid 1355 name "android.display" vma 7f28a79000
           <...>-1355  [004] ....  8684.698175: do_swap_page: swapin tgid 1333 pid 1355 name "android.display" vma 7f28a79000
           <...>-1355  [004] ....  8684.698187: do_swap_page: swapin tgid 1333 pid 1355 name "android.display" vma 7e806b2000
           <...>-1355  [004] ....  8684.698197: do_swap_page: swapin tgid 1333 pid 1355 name "android.display" vma 7e80510000
           <...>-1355  [004] ....  8684.698390: do_swap_page: swapin tgid 1333 pid 1355 name "android.display" vma 7e80510000
           <...>-1355  [004] ....  8684.698397: do_swap_page: swapin tgid 1333 pid 1355 name "android.display" vma 7f28a85000
           <...>-1355  [004] ....  8684.698539: do_swap_page: swapin tgid 1333 pid 1355 name "android.display" vma 7f28a85000
           <...>-1355  [004] ....  8684.698548: do_swap_page: swapin tgid 1333 pid 1355 name "android.display" vma 7e6c13e000
           <...>-1355  [004] ....  8684.698751: do_swap_page: swapin tgid 1333 pid 1355 name "android.display" vma 7e6c13e000
           <...>-1355  [004] ....  8684.698759: do_swap_page: swapin tgid 1333 pid 1355 name "android.display" vma 7e804af000
           <...>-1355  [004] ....  8684.698938: do_swap_page: swapin tgid 1333 pid 1355 name "android.display" vma 7e804af000
           <...>-1355  [004] ....  8684.698947: do_swap_page: swapin tgid 1333 pid 1355 name "android.display" vma 7fbe307000
           <...>-1355  [004] ....  8684.698987: do_swap_page: swapin tgid 1333 pid 1355 name "android.display" vma 7f28987000
           <...>-1355  [004] ....  8684.698997: do_swap_page: swapin tgid 1333 pid 1355 name "android.display" vma 7f28b39000
           <...>-1355  [004] ....  8684.699007: do_swap_page: swapin tgid 1333 pid 1355 name "android.display" vma 7f28a84000
           <...>-1355  [004] ....  8684.699210: do_swap_page: swapin tgid 1333 pid 1355 name "android.display" vma 7f28a84000
           <...>-1355  [004] ....  8684.699218: do_swap_page: swapin tgid 1333 pid 1355 name "android.display" vma 7e804a5000
           <...>-1355  [004] ....  8684.699226: do_swap_page: swapin tgid 1333 pid 1355 name "android.display" vma 7eb4d37000
           <...>-1355  [004] ....  8684.699264: do_swap_page: swapin tgid 1333 pid 1355 name "android.display" vma 9ece4000
           <...>-1355  [004] ....  8684.699426: do_swap_page: swapin tgid 1333 pid 1355 name "android.display" vma 9ece4000
           <...>-1355  [004] ....  8684.699442: do_swap_page: swapin tgid 1333 pid 1355 name "android.display" vma 1508d000
           <...>-1355  [004] ....  8684.699456: do_swap_page: swapin tgid 1333 pid 1355 name "android.display" vma 1508c000
           <...>-1355  [004] ....  8684.699498: do_swap_page: swapin tgid 1333 pid 1355 name "android.display" vma 13a8d000
           <...>-1355  [004] ....  8684.699531: do_swap_page: swapin tgid 1333 pid 1355 name "android.display" vma 1508b000
           <...>-1355  [004] ....  8684.699722: do_swap_page: swapin tgid 1333 pid 1355 name "android.display" vma 9ed0e000
     logd.writer-568   [004] ....  8684.699821: do_swap_page: swapin tgid 557 pid 568 name "logd.writer" vma 7fb1224000
           <...>-1355  [004] ....  8684.699899: do_swap_page: swapin tgid 1333 pid 1355 name "android.display" vma 9ed0e000
           <...>-1355  [004] ....  8684.699918: do_swap_page: swapin tgid 1333 pid 1355 name "android.display" vma 142f5000
           <...>-1355  [004] ....  8684.700021: do_swap_page: swapin tgid 1333 pid 1355 name "android.display" vma 9ec16000
           <...>-1355  [004] ....  8684.700031: do_swap_page: swapin tgid 1333 pid 1355 name "android.display" vma 9ed5f000
           <...>-1355  [004] ....  8684.700218: do_swap_page: swapin tgid 1333 pid 1355 name "android.display" vma 9ed5f000
           <...>-1353  [004] ....  8684.700335: do_swap_page: swapin tgid 1333 pid 1353 name "android.ui" vma 9ee52000
   system_server-1333  [004] ....  8684.700454: do_swap_page: swapin tgid 1333 pid 1333 name "system_server" vma 140e3000
   system_server-1333  [004] ....  8684.700467: do_swap_page: swapin tgid 1333 pid 1333 name "system_server" vma 9eba7000
   system_server-1333  [004] ....  8684.700473: do_swap_page: swapin tgid 1333 pid 1333 name "system_server" vma 9ee35000
           <...>-1353  [004] ....  8684.700565: do_swap_page: swapin tgid 1333 pid 1353 name "android.ui" vma 9ee52000
   system_server-1333  [004] ....  8684.700662: do_swap_page: swapin tgid 1333 pid 1333 name "system_server" vma 9ee35000
   system_server-1333  [004] ....  8684.700669: do_swap_page: swapin tgid 1333 pid 1333 name "system_server" vma 9ecd6000
           <...>-6093  [004] ....  8684.700748: do_swap_page: swapin tgid 6055 pid 6093 name "RenderThread" vma 7fbb25f000
           <...>-6093  [004] ....  8684.700765: do_swap_page: swapin tgid 6055 pid 6093 name "RenderThread" vma 7fbe2f3000
   system_server-1333  [004] ....  8684.700878: do_swap_page: swapin tgid 1333 pid 1333 name "system_server" vma 9ecd6000
           <...>-6093  [004] ....  8684.701027: do_swap_page: swapin tgid 6055 pid 6093 name "RenderThread" vma 7e84754000
           <...>-6093  [004] ....  8684.701046: do_swap_page: swapin tgid 6055 pid 6093 name "RenderThread" vma 7f2d146000
           <...>-6093  [004] ....  8684.701152: do_swap_page: swapin tgid 6055 pid 6093 name "RenderThread" vma 7eb2023000
           <...>-1509  [004] ....  8684.701432: do_swap_page: swapin tgid 1333 pid 1509 name "AudioService" vma 7e88efc000
           <...>-1509  [004] ....  8684.701453: do_swap_page: swapin tgid 1333 pid 1509 name "AudioService" vma 7e88efd000
           <...>-1353  [004] ....  8684.701537: do_swap_page: swapin tgid 1333 pid 1353 name "android.ui" vma 9eea6000
           <...>-1355  [004] ....  8684.701611: do_swap_page: swapin tgid 1333 pid 1355 name "android.display" vma 7eb42a1000
           <...>-6093  [004] ....  8684.701718: do_swap_page: swapin tgid 6055 pid 6093 name "RenderThread" vma 7eb2023000
           <...>-6093  [004] ....  8684.701738: do_swap_page: swapin tgid 6055 pid 6093 name "RenderThread" vma 7eb2121000
           <...>-6093  [004] ....  8684.701820: do_swap_page: swapin tgid 6055 pid 6093 name "RenderThread" vma 7e88420000
           <...>-6093  [004] ....  8684.701827: do_swap_page: swapin tgid 6055 pid 6093 name "RenderThread" vma 7eb2063000
           <...>-1509  [004] ....  8684.701904: do_swap_page: swapin tgid 1333 pid 1509 name "AudioService" vma 7e88efd000
           <...>-1509  [004] ....  8684.701924: do_swap_page: swapin tgid 1333 pid 1509 name "AudioService" vma 7eb4f5c000
           <...>-1509  [004] ....  8684.701930: do_swap_page: swapin tgid 1333 pid 1509 name "AudioService" vma 7e88efb000
           <...>-1509  [004] ....  8684.701938: do_swap_page: swapin tgid 1333 pid 1509 name "AudioService" vma 7e88efa000
           <...>-1353  [004] ....  8684.701983: do_swap_page: swapin tgid 1333 pid 1353 name "android.ui" vma 9eea6000
           <...>-1353  [004] ....  8684.701990: do_swap_page: swapin tgid 1333 pid 1353 name "android.ui" vma 9ee97000
           <...>-9238  [004] ....  8684.702267: do_swap_page: swapin tgid 1632 pid 9238 name "Binder:1632_D" vma 7f28a15000
           <...>-9238  [004] ....  8684.702288: do_swap_page: swapin tgid 1632 pid 9238 name "Binder:1632_D" vma 7ed1451000
           <...>-9238  [004] ....  8684.702293: do_swap_page: swapin tgid 1632 pid 9238 name "Binder:1632_D" vma 7ed11e4000
 ndroid.systemui-1632  [004] ....  8684.702396: do_swap_page: swapin tgid 1632 pid 1632 name "ndroid.systemui" vma 9eba5000
           <...>-2181  [004] ....  8684.702534: do_swap_page: swapin tgid 1632 pid 2181 name "ScreenDecoratio" vma 7eb801b000
           <...>-2181  [004] ....  8684.702557: do_swap_page: swapin tgid 1632 pid 2181 name "ScreenDecoratio" vma 7eb801c000
           <...>-2181  [004] ....  8684.702564: do_swap_page: swapin tgid 1632 pid 2181 name "ScreenDecoratio" vma 7ed1258000
           <...>-2181  [004] ....  8684.702576: do_swap_page: swapin tgid 1632 pid 2181 name "ScreenDecoratio" vma 7eb801a000
           <...>-2181  [004] ....  8684.702586: do_swap_page: swapin tgid 1632 pid 2181 name "ScreenDecoratio" vma 7eb8019000
           <...>-5105  [004] ....  8684.702670: do_swap_page: swapin tgid 1333 pid 5105 name "Binder:1333_11" vma 7f289b7000
           <...>-5105  [004] ....  8684.702754: do_swap_page: swapin tgid 1333 pid 5105 name "Binder:1333_11" vma 9edff000
           <...>-2181  [004] ....  8684.702857: do_swap_page: swapin tgid 1632 pid 2181 name "ScreenDecoratio" vma 7eb8019000
           <...>-2181  [004] ....  8684.702879: do_swap_page: swapin tgid 1632 pid 2181 name "ScreenDecoratio" vma 7f2f11a000
           <...>-2181  [004] ....  8684.702898: do_swap_page: swapin tgid 1632 pid 2181 name "ScreenDecoratio" vma 12e43000
           <...>-2181  [004] ....  8684.702911: do_swap_page: swapin tgid 1632 pid 2181 name "ScreenDecoratio" vma 13e84000
           <...>-2181  [004] .n..  8684.702960: do_swap_page: swapin tgid 1632 pid 2181 name "ScreenDecoratio" vma 13e83000
           <...>-1353  [004] ....  8684.703003: do_swap_page: swapin tgid 1333 pid 1353 name "android.ui" vma 9ee97000
           <...>-1353  [004] ....  8684.703013: do_swap_page: swapin tgid 1333 pid 1353 name "android.ui" vma 9edff000
           <...>-1353  [004] ....  8684.703065: do_swap_page: swapin tgid 1333 pid 1353 name "android.ui" vma 9ecfa000
 ndroid.systemui-1632  [004] ....  8684.703225: do_swap_page: swapin tgid 1632 pid 1632 name "ndroid.systemui" vma 137b4000
 ndroid.systemui-1632  [004] ....  8684.703291: do_swap_page: swapin tgid 1632 pid 1632 name "ndroid.systemui" vma 13d3e000
           <...>-1509  [004] ....  8684.703345: do_swap_page: swapin tgid 1333 pid 1509 name "AudioService" vma 7e88efa000
           <...>-1509  [004] ....  8684.703366: do_swap_page: swapin tgid 1333 pid 1509 name "AudioService" vma 7f212ec000
           <...>-1509  [004] ....  8684.703381: do_swap_page: swapin tgid 1333 pid 1509 name "AudioService" vma 9ee79000
   system_server-1333  [004] ....  8684.703458: do_swap_page: swapin tgid 1333 pid 1333 name "system_server" vma 13ff1000
           <...>-1353  [004] ....  8684.703539: do_swap_page: swapin tgid 1333 pid 1353 name "android.ui" vma 9ecfa000
           <...>-1353  [004] ....  8684.703550: do_swap_page: swapin tgid 1333 pid 1353 name "android.ui" vma 9ecf8000
           <...>-2181  [004] ....  8684.703659: do_swap_page: swapin tgid 1632 pid 2181 name "ScreenDecoratio" vma 7ec7ae5000
           <...>-2181  [004] ....  8684.703670: do_swap_page: swapin tgid 1632 pid 2181 name "ScreenDecoratio" vma 7ec7b13000
           <...>-2181  [004] ....  8684.703679: do_swap_page: swapin tgid 1632 pid 2181 name "ScreenDecoratio" vma 7fbe23d000
           <...>-2181  [004] ....  8684.703688: do_swap_page: swapin tgid 1632 pid 2181 name "ScreenDecoratio" vma 7ec7ae7000
           <...>-2181  [004] ....  8684.703705: do_swap_page: swapin tgid 1632 pid 2181 name "ScreenDecoratio" vma 7ec7c97000
           <...>-2181  [004] ....  8684.703722: do_swap_page: swapin tgid 1632 pid 2181 name "ScreenDecoratio" vma 7ec7aea000
           <...>-1353  [004] ....  8684.703817: do_swap_page: swapin tgid 1333 pid 1353 name "android.ui" vma 9ecf8000
           <...>-1353  [004] ....  8684.703900: do_swap_page: swapin tgid 1333 pid 1353 name "android.ui" vma 9ed5a000
           <...>-1509  [004] ....  8684.704095: do_swap_page: swapin tgid 1333 pid 1509 name "AudioService" vma 9ee79000
           <...>-1509  [004] ....  8684.704136: do_swap_page: swapin tgid 1333 pid 1509 name "AudioService" vma 7eb4d6b000
           <...>-1509  [004] ....  8684.704215: do_swap_page: swapin tgid 1333 pid 1509 name "AudioService" vma 72c9e000
           <...>-1509  [004] ....  8684.704225: do_swap_page: swapin tgid 1333 pid 1509 name "AudioService" vma 72c86000
 ndroid.systemui-1632  [004] ....  8684.706174: do_swap_page: swapin tgid 1632 pid 1632 name "ndroid.systemui" vma 13d3e000
 ndroid.systemui-1632  [004] ....  8684.706190: do_swap_page: swapin tgid 1632 pid 1632 name "ndroid.systemui" vma 13cc8000
           <...>-1353  [004] ....  8684.707280: do_swap_page: swapin tgid 1333 pid 1353 name "android.ui" vma 9ed5a000
           <...>-1353  [004] ....  8684.707332: do_swap_page: swapin tgid 1333 pid 1353 name "android.ui" vma 13ffd000
           <...>-1353  [004] ....  8684.707338: do_swap_page: swapin tgid 1333 pid 1353 name "android.ui" vma 14205000
           <...>-1353  [004] ....  8684.707352: do_swap_page: swapin tgid 1333 pid 1353 name "android.ui" vma 9ecf1000
 ndroid.systemui-1632  [004] ....  8684.707452: do_swap_page: swapin tgid 1632 pid 1632 name "ndroid.systemui" vma 13dda000
 ndroid.systemui-1632  [004] ....  8684.707462: do_swap_page: swapin tgid 1632 pid 1632 name "ndroid.systemui" vma 9ec62000
 ndroid.systemui-1632  [004] ....  8684.707468: do_swap_page: swapin tgid 1632 pid 1632 name "ndroid.systemui" vma 9edd3000
           <...>-2181  [004] ....  8684.707523: do_swap_page: swapin tgid 1632 pid 2181 name "ScreenDecoratio" vma 7ec7ae8000
           <...>-2181  [004] ....  8684.707552: do_swap_page: swapin tgid 1632 pid 2181 name "ScreenDecoratio" vma 13475000
           <...>-2181  [004] ....  8684.707608: do_swap_page: swapin tgid 1632 pid 2181 name "ScreenDecoratio" vma 7ec7ad9000
           <...>-2181  [004] ....  8684.707632: do_swap_page: swapin tgid 1632 pid 2181 name "ScreenDecoratio" vma 13e89000
           <...>-2181  [004] ....  8684.707639: do_swap_page: swapin tgid 1632 pid 2181 name "ScreenDecoratio" vma 13e88000
           <...>-2181  [004] ....  8684.707920: do_swap_page: swapin tgid 1632 pid 2181 name "ScreenDecoratio" vma 9ede0000
           <...>-1353  [004] ....  8684.708098: do_swap_page: swapin tgid 1333 pid 1353 name "android.ui" vma 9ecf1000
           <...>-1353  [004] ....  8684.708151: do_swap_page: swapin tgid 1333 pid 1353 name "android.ui" vma 14456000
           <...>-1353  [004] ....  8684.708172: do_swap_page: swapin tgid 1333 pid 1353 name "android.ui" vma 7e80350000
           <...>-1353  [004] ....  8684.708201: do_swap_page: swapin tgid 1333 pid 1353 name "android.ui" vma 13d6c000
           <...>-1353  [004] ....  8684.708212: do_swap_page: swapin tgid 1333 pid 1353 name "android.ui" vma 7e61273000
           <...>-1353  [004] ....  8684.708242: do_swap_page: swapin tgid 1333 pid 1353 name "android.ui" vma 14a37000
           <...>-1353  [004] ....  8684.708250: do_swap_page: swapin tgid 1333 pid 1353 name "android.ui" vma 7eb4d06000
           <...>-1353  [004] ....  8684.708264: do_swap_page: swapin tgid 1333 pid 1353 name "android.ui" vma 13d6f000
           <...>-1353  [004] ....  8684.708279: do_swap_page: swapin tgid 1333 pid 1353 name "android.ui" vma 7e61275000
           <...>-1353  [004] ....  8684.708292: do_swap_page: swapin tgid 1333 pid 1353 name "android.ui" vma 9ece2000
 ndroid.systemui-1632  [004] ....  8684.708357: do_swap_page: swapin tgid 1632 pid 1632 name "ndroid.systemui" vma 9edd3000
 ndroid.systemui-1632  [004] ....  8684.708368: do_swap_page: swapin tgid 1632 pid 1632 name "ndroid.systemui" vma 9ed0d000
           <...>-2181  [004] ....  8684.708446: do_swap_page: swapin tgid 1632 pid 2181 name "ScreenDecoratio" vma 9ede0000
           <...>-2181  [004] ....  8684.708457: do_swap_page: swapin tgid 1632 pid 2181 name "ScreenDecoratio" vma 9ed1f000
           <...>-602   [004] ....  8684.709252: do_swap_page: swapin tgid 602 pid 602 name "surfaceflinger" vma 7fbc20c000
           <...>-1353  [004] ....  8684.709497: do_swap_page: swapin tgid 1333 pid 1353 name "android.ui" vma 9ece2000
           <...>-1353  [004] ....  8684.709513: do_swap_page: swapin tgid 1333 pid 1353 name "android.ui" vma 14203000
           <...>-1353  [004] ....  8684.709522: do_swap_page: swapin tgid 1333 pid 1353 name "android.ui" vma 9ecfd000
 ndroid.systemui-1632  [004] ....  8684.709574: do_swap_page: swapin tgid 1632 pid 1632 name "ndroid.systemui" vma 9ed0d000
 ndroid.systemui-1632  [004] ....  8684.709629: do_swap_page: swapin tgid 1632 pid 1632 name "ndroid.systemui" vma 13ec1000
           <...>-1353  [004] ....  8684.709861: do_swap_page: swapin tgid 1333 pid 1353 name "android.ui" vma 9ecfd000
           <...>-1353  [004] ....  8684.709880: do_swap_page: swapin tgid 1333 pid 1353 name "android.ui" vma 14475000
           <...>-1353  [004] ....  8684.709913: do_swap_page: swapin tgid 1333 pid 1353 name "android.ui" vma 9eceb000
 ndroid.systemui-1632  [004] ....  8684.710004: do_swap_page: swapin tgid 1632 pid 1632 name "ndroid.systemui" vma 13e80000
           <...>-1353  [004] ....  8684.710109: do_swap_page: swapin tgid 1333 pid 1353 name "android.ui" vma 9eceb000
           <...>-1353  [004] ....  8684.710136: do_swap_page: swapin tgid 1333 pid 1353 name "android.ui" vma 145c0000
           <...>-1353  [004] ....  8684.710144: do_swap_page: swapin tgid 1333 pid 1353 name "android.ui" vma 7eb4d07000
           <...>-1353  [004] ....  8684.710167: do_swap_page: swapin tgid 1333 pid 1353 name "android.ui" vma 9eba9000
           <...>-1353  [004] ....  8684.710175: do_swap_page: swapin tgid 1333 pid 1353 name "android.ui" vma 9ecda000
           <...>-1353  [004] ....  8684.710434: do_swap_page: swapin tgid 1333 pid 1353 name "android.ui" vma 9ecda000
           <...>-1353  [004] ....  8684.710446: do_swap_page: swapin tgid 1333 pid 1353 name "android.ui" vma 9eb11000
           <...>-1353  [004] ....  8684.710603: do_swap_page: swapin tgid 1333 pid 1353 name "android.ui" vma 9edd1000
           <...>-2181  [004] ....  8684.710648: do_swap_page: swapin tgid 1632 pid 2181 name "ScreenDecoratio" vma 9ed1f000
           <...>-2181  [004] ....  8684.710674: do_swap_page: swapin tgid 1632 pid 2181 name "ScreenDecoratio" vma 7fbe34b000
           <...>-1353  [004] ....  8684.710855: do_swap_page: swapin tgid 1333 pid 1353 name "android.ui" vma 9edd1000
           <...>-1353  [004] ....  8684.710867: do_swap_page: swapin tgid 1333 pid 1353 name "android.ui" vma 9ec14000
           <...>-1353  [004] ....  8684.710873: do_swap_page: swapin tgid 1333 pid 1353 name "android.ui" vma 9ed5d000
           <...>-1353  [004] ....  8684.711063: do_swap_page: swapin tgid 1333 pid 1353 name "android.ui" vma 9ed5d000
           <...>-1353  [004] ....  8684.711089: do_swap_page: swapin tgid 1333 pid 1353 name "android.ui" vma 13c7d000
           <...>-1356  [004] ....  8684.711251: do_swap_page: swapin tgid 1333 pid 1356 name "android.anim" vma 7ecc7f2000
           <...>-1356  [004] ....  8684.711279: do_swap_page: swapin tgid 1333 pid 1356 name "android.anim" vma 7ecc7f3000
           <...>-1356  [004] ....  8684.711285: do_swap_page: swapin tgid 1333 pid 1356 name "android.anim" vma 7ecc7f1000
           <...>-1356  [004] ....  8684.711293: do_swap_page: swapin tgid 1333 pid 1356 name "android.anim" vma 7ecc7f0000
           <...>-1356  [004] ....  8684.711304: do_swap_page: swapin tgid 1333 pid 1356 name "android.anim" vma 7f3101d000
           <...>-1356  [004] ....  8684.711330: do_swap_page: swapin tgid 1333 pid 1356 name "android.anim" vma 7f28b15000
           <...>-1356  [004] ....  8684.711335: do_swap_page: swapin tgid 1333 pid 1356 name "android.anim" vma 7f28bd7000
           <...>-1356  [004] ....  8684.711350: do_swap_page: swapin tgid 1333 pid 1356 name "android.anim" vma 7ed0e98000
           <...>-1356  [004] ....  8684.711357: do_swap_page: swapin tgid 1333 pid 1356 name "android.anim" vma 7f28b4b000
           <...>-1356  [004] ....  8684.711415: do_swap_page: swapin tgid 1333 pid 1356 name "android.anim" vma 7e6c44f000
           <...>-1356  [004] ....  8684.711444: do_swap_page: swapin tgid 1333 pid 1356 name "android.anim" vma 9ebf8000
           <...>-1356  [004] ....  8684.711451: do_swap_page: swapin tgid 1333 pid 1356 name "android.anim" vma 9ee6f000
           <...>-1356  [004] ....  8684.711783: do_swap_page: swapin tgid 1333 pid 1356 name "android.anim" vma 9ee6f000
           <...>-1356  [004] ....  8684.711793: do_swap_page: swapin tgid 1333 pid 1356 name "android.anim" vma 9ed3b000
 ndroid.systemui-1632  [004] ....  8684.711899: do_swap_page: swapin tgid 1632 pid 1632 name "ndroid.systemui" vma 13eae000
           <...>-1356  [004] ....  8684.711997: do_swap_page: swapin tgid 1333 pid 1356 name "android.anim" vma 9ed3b000
           <...>-1356  [004] ....  8684.712043: do_swap_page: swapin tgid 1333 pid 1356 name "android.anim" vma 9ed68000
           <...>-1356  [004] ....  8684.712315: do_swap_page: swapin tgid 1333 pid 1356 name "android.anim" vma 9ed68000
           <...>-1356  [004] ....  8684.712344: do_swap_page: swapin tgid 1333 pid 1356 name "android.anim" vma 9ee6c000
           <...>-2181  [004] ....  8684.712412: do_swap_page: swapin tgid 1632 pid 2181 name "ScreenDecoratio" vma 9ebe4000
           <...>-2181  [004] ....  8684.712455: do_swap_page: swapin tgid 1632 pid 2181 name "ScreenDecoratio" vma 9ecb4000
           <...>-1356  [004] ....  8684.712540: do_swap_page: swapin tgid 1333 pid 1356 name "android.anim" vma 9ee6c000
           <...>-1356  [004] ....  8684.712551: do_swap_page: swapin tgid 1333 pid 1356 name "android.anim" vma 9ee50000
 ndroid.systemui-1632  [004] ....  8684.712599: do_swap_page: swapin tgid 1632 pid 1632 name "ndroid.systemui" vma 13eae000
           <...>-1356  [004] ....  8684.712833: do_swap_page: swapin tgid 1333 pid 1356 name "android.anim" vma 9ee50000
           <...>-1356  [004] ....  8684.712851: do_swap_page: swapin tgid 1333 pid 1356 name "android.anim" vma 9ec04000
           <...>-1356  [004] ....  8684.712855: do_swap_page: swapin tgid 1333 pid 1356 name "android.anim" vma 9ed4d000
           <...>-2181  [004] ....  8684.712893: do_swap_page: swapin tgid 1632 pid 2181 name "ScreenDecoratio" vma 9ecb4000
 ndroid.systemui-1632  [004] ....  8684.712985: do_swap_page: swapin tgid 1632 pid 1632 name "ndroid.systemui" vma 137b5000
 ndroid.systemui-1632  [004] ....  8684.712994: do_swap_page: swapin tgid 1632 pid 1632 name "ndroid.systemui" vma 13cca000
 ndroid.systemui-1632  [004] ....  8684.713001: do_swap_page: swapin tgid 1632 pid 1632 name "ndroid.systemui" vma 7fbb82c000
           <...>-1356  [004] ....  8684.713058: do_swap_page: swapin tgid 1333 pid 1356 name "android.anim" vma 9ed4d000
           <...>-1356  [004] ....  8684.713069: do_swap_page: swapin tgid 1333 pid 1356 name "android.anim" vma 9ed0a000
 ndroid.systemui-1632  [004] ....  8684.713111: do_swap_page: swapin tgid 1632 pid 1632 name "ndroid.systemui" vma 7fbb82b000
 ndroid.systemui-1632  [004] ....  8684.713134: do_swap_page: swapin tgid 1632 pid 1632 name "ndroid.systemui" vma 7fbe1a4000
           <...>-1356  [004] ....  8684.713252: do_swap_page: swapin tgid 1333 pid 1356 name "android.anim" vma 9ed0a000
           <...>-1356  [004] ....  8684.713263: do_swap_page: swapin tgid 1333 pid 1356 name "android.anim" vma 9ed97000
           <...>-1356  [004] ....  8684.713434: do_swap_page: swapin tgid 1333 pid 1356 name "android.anim" vma 9ed97000
           <...>-1356  [004] ....  8684.713452: do_swap_page: swapin tgid 1333 pid 1356 name "android.anim" vma 9ed98000
           <...>-1356  [004] ....  8684.713620: do_swap_page: swapin tgid 1333 pid 1356 name "android.anim" vma 9ed98000
           <...>-1356  [004] ....  8684.713649: do_swap_page: swapin tgid 1333 pid 1356 name "android.anim" vma 9ece9000
           <...>-1356  [004] ....  8684.713811: do_swap_page: swapin tgid 1333 pid 1356 name "android.anim" vma 9ece9000
           <...>-1356  [004] ....  8684.713825: do_swap_page: swapin tgid 1333 pid 1356 name "android.anim" vma 9ee8b000
           <...>-2181  [004] ....  8684.714042: do_swap_page: swapin tgid 1632 pid 2181 name "ScreenDecoratio" vma 9ebd0000
           <...>-2181  [004] ....  8684.714053: do_swap_page: swapin tgid 1632 pid 2181 name "ScreenDecoratio" vma 9ee01000
           <...>-1356  [004] ....  8684.714103: do_swap_page: swapin tgid 1333 pid 1356 name "android.anim" vma 9ee8b000
           <...>-1356  [004] ....  8684.714115: do_swap_page: swapin tgid 1333 pid 1356 name "android.anim" vma 9ed4b000
           <...>-1355  [004] ....  8684.714182: do_swap_page: swapin tgid 1333 pid 1355 name "android.display" vma 14a09000
           <...>-1356  [004] ....  8684.714285: do_swap_page: swapin tgid 1333 pid 1356 name "android.anim" vma 9ed4b000
           <...>-1356  [004] ....  8684.714311: do_swap_page: swapin tgid 1333 pid 1356 name "android.anim" vma 145de000
           <...>-1356  [004] ....  8684.714334: do_swap_page: swapin tgid 1333 pid 1356 name "android.anim" vma 14269000
           <...>-1356  [004] ....  8684.714341: do_swap_page: swapin tgid 1333 pid 1356 name "android.anim" vma 9ed06000
           <...>-1355  [004] ....  8684.714375: do_swap_page: swapin tgid 1333 pid 1355 name "android.display" vma 7ed0ea0000
           <...>-2181  [004] ....  8684.714410: do_swap_page: swapin tgid 1632 pid 2181 name "ScreenDecoratio" vma 9ee01000
           <...>-2181  [004] ....  8684.714421: do_swap_page: swapin tgid 1632 pid 2181 name "ScreenDecoratio" vma 9ed9e000
           <...>-1356  [004] ....  8684.714516: do_swap_page: swapin tgid 1333 pid 1356 name "android.anim" vma 9ed06000
           <...>-1356  [004] ....  8684.714530: do_swap_page: swapin tgid 1333 pid 1356 name "android.anim" vma 9ee18000
           <...>-2181  [004] ....  8684.714633: do_swap_page: swapin tgid 1632 pid 2181 name "ScreenDecoratio" vma 9ed9e000
           <...>-2181  [004] ....  8684.714646: do_swap_page: swapin tgid 1632 pid 2181 name "ScreenDecoratio" vma 13e86000
           <...>-2181  [004] ....  8684.714654: do_swap_page: swapin tgid 1632 pid 2181 name "ScreenDecoratio" vma 9ebd1000
           <...>-2181  [004] ....  8684.714689: do_swap_page: swapin tgid 1632 pid 2181 name "ScreenDecoratio" vma 7fbe1d4000
           <...>-1356  [004] ....  8684.714744: do_swap_page: swapin tgid 1333 pid 1356 name "android.anim" vma 9ee18000
           <...>-1356  [004] ....  8684.714763: do_swap_page: swapin tgid 1333 pid 1356 name "android.anim" vma 9ebad000
           <...>-1356  [004] ....  8684.714768: do_swap_page: swapin tgid 1333 pid 1356 name "android.anim" vma 9ecde000
           <...>-2181  [004] ....  8684.714837: do_swap_page: swapin tgid 1632 pid 2181 name "ScreenDecoratio" vma 7ed1319000
           <...>-1356  [004] ....  8684.714916: do_swap_page: swapin tgid 1333 pid 1356 name "android.anim" vma 9ecde000
           <...>-1356  [004] ....  8684.715065: do_swap_page: swapin tgid 1333 pid 1356 name "android.anim" vma 7ecc7ef000
           <...>-1356  [004] ....  8684.715074: do_swap_page: swapin tgid 1333 pid 1356 name "android.anim" vma 1435a000
           <...>-1356  [004] ....  8684.715114: do_swap_page: swapin tgid 1333 pid 1356 name "android.anim" vma 9ebd4000
           <...>-1356  [004] ....  8684.715119: do_swap_page: swapin tgid 1333 pid 1356 name "android.anim" vma 9ed14000
           <...>-2181  [004] ....  8684.715165: do_swap_page: swapin tgid 1632 pid 2181 name "ScreenDecoratio" vma 7ed1319000
           <...>-2181  [004] ....  8684.715218: do_swap_page: swapin tgid 1632 pid 2181 name "ScreenDecoratio" vma 7ed132f000
           <...>-1356  [004] ....  8684.715280: do_swap_page: swapin tgid 1333 pid 1356 name "android.anim" vma 9ed14000
           <...>-1356  [004] ....  8684.715294: do_swap_page: swapin tgid 1333 pid 1356 name "android.anim" vma 14a39000
           <...>-1356  [004] ....  8684.715303: do_swap_page: swapin tgid 1333 pid 1356 name "android.anim" vma 9ed2f000
           <...>-2038  [004] ....  8684.715374: do_swap_page: swapin tgid 1632 pid 2038 name "RenderThread" vma 7ec7bba000
           <...>-1356  [004] ....  8684.715475: do_swap_page: swapin tgid 1333 pid 1356 name "android.anim" vma 9ed2f000
           <...>-1356  [004] ....  8684.715492: do_swap_page: swapin tgid 1333 pid 1356 name "android.anim" vma 7f20ea0000
           <...>-1356  [004] ....  8684.715511: do_swap_page: swapin tgid 1333 pid 1356 name "android.anim" vma 7e6c17d000
           <...>-1356  [004] ....  8684.715536: do_swap_page: swapin tgid 1333 pid 1356 name "android.anim" vma 14a1b000
           <...>-1356  [004] ....  8684.715552: do_swap_page: swapin tgid 1333 pid 1356 name "android.anim" vma 7e6c331000
           <...>-1356  [004] ....  8684.715593: do_swap_page: swapin tgid 1333 pid 1356 name "android.anim" vma 9eb97000
           <...>-1356  [004] ....  8684.715607: do_swap_page: swapin tgid 1333 pid 1356 name "android.anim" vma 9ebe6000
           <...>-1356  [004] ....  8684.715644: do_swap_page: swapin tgid 1333 pid 1356 name "android.anim" vma 14241000
           <...>-1356  [004] ....  8684.715671: do_swap_page: swapin tgid 1333 pid 1356 name "android.anim" vma 9ee21000
           <...>-1356  [004] ....  8684.715963: do_swap_page: swapin tgid 1333 pid 1356 name "android.anim" vma 9ee21000
           <...>-1356  [004] ....  8684.716013: do_swap_page: swapin tgid 1333 pid 1356 name "android.anim" vma 7ed1dec000
           <...>-1356  [004] ....  8684.716206: do_swap_page: swapin tgid 1333 pid 1356 name "android.anim" vma 7ed1dec000
           <...>-1356  [004] ....  8684.716220: do_swap_page: swapin tgid 1333 pid 1356 name "android.anim" vma 14a34000
           <...>-1356  [004] ....  8684.716272: do_swap_page: swapin tgid 1333 pid 1356 name "android.anim" vma 13ffc000
           <...>-1356  [004] ....  8684.716280: do_swap_page: swapin tgid 1333 pid 1356 name "android.anim" vma 14010000
           <...>-1356  [004] ....  8684.716287: do_swap_page: swapin tgid 1333 pid 1356 name "android.anim" vma 9ee15000
 ndroid.systemui-1632  [004] ....  8684.716360: do_swap_page: swapin tgid 1632 pid 1632 name "ndroid.systemui" vma 137b7000
 ndroid.systemui-1632  [004] ....  8684.716371: do_swap_page: swapin tgid 1632 pid 1632 name "ndroid.systemui" vma 9ec6a000
 ndroid.systemui-1632  [004] ....  8684.716376: do_swap_page: swapin tgid 1632 pid 1632 name "ndroid.systemui" vma 9eddb000
           <...>-1356  [004] ....  8684.716487: do_swap_page: swapin tgid 1333 pid 1356 name "android.anim" vma 9ee15000
           <...>-1356  [004] ....  8684.716498: do_swap_page: swapin tgid 1333 pid 1356 name "android.anim" vma 9ed7f000
 ndroid.systemui-1632  [004] ....  8684.716587: do_swap_page: swapin tgid 1632 pid 1632 name "ndroid.systemui" vma 9eddb000
 ndroid.systemui-1632  [004] ....  8684.716598: do_swap_page: swapin tgid 1632 pid 1632 name "ndroid.systemui" vma 9ed17000
           <...>-2181  [004] ....  8684.716672: do_swap_page: swapin tgid 1632 pid 2181 name "ScreenDecoratio" vma 7f28987000
           <...>-2181  [004] ....  8684.716682: do_swap_page: swapin tgid 1632 pid 2181 name "ScreenDecoratio" vma 7fbe188000
           <...>-1356  [004] ....  8684.716740: do_swap_page: swapin tgid 1333 pid 1356 name "android.anim" vma 9ed7f000
           <...>-1356  [004] ....  8684.716803: do_swap_page: swapin tgid 1333 pid 1356 name "android.anim" vma 9edae000
 ndroid.systemui-1632  [004] ....  8684.716848: do_swap_page: swapin tgid 1632 pid 1632 name "ndroid.systemui" vma 9ed17000
 ndroid.systemui-1632  [004] ....  8684.716859: do_swap_page: swapin tgid 1632 pid 1632 name "ndroid.systemui" vma 9ec26000
           <...>-1355  [004] ....  8684.716923: do_swap_page: swapin tgid 1333 pid 1355 name "android.display" vma 7ed0ea0000
           <...>-1356  [004] ....  8684.717043: do_swap_page: swapin tgid 1333 pid 1356 name "android.anim" vma 9edae000
           <...>-1356  [004] ....  8684.717088: do_swap_page: swapin tgid 1333 pid 1356 name "android.anim" vma 14a3b000
           <...>-1356  [004] ....  8684.717200: do_swap_page: swapin tgid 1333 pid 1356 name "android.anim" vma 9eddb000
 ndroid.systemui-1632  [004] ....  8684.717251: do_swap_page: swapin tgid 1632 pid 1632 name "ndroid.systemui" vma 9ec26000
 ndroid.systemui-1632  [004] ....  8684.717262: do_swap_page: swapin tgid 1632 pid 1632 name "ndroid.systemui" vma 9ed27000
           <...>-2181  [004] ....  8684.717303: do_swap_page: swapin tgid 1632 pid 2181 name "ScreenDecoratio" vma 7fbe188000
           <...>-1356  [004] ....  8684.717352: do_swap_page: swapin tgid 1333 pid 1356 name "android.anim" vma 9eddb000
           <...>-1356  [004] ....  8684.717366: do_swap_page: swapin tgid 1333 pid 1356 name "android.anim" vma 13aac000
           <...>-1356  [004] ....  8684.717376: do_swap_page: swapin tgid 1333 pid 1356 name "android.anim" vma 9ebb6000
           <...>-1356  [004] ....  8684.717510: do_swap_page: swapin tgid 1333 pid 1356 name "android.anim" vma 9ed0b000
 ndroid.systemui-1632  [004] ....  8684.717559: do_swap_page: swapin tgid 1632 pid 1632 name "ndroid.systemui" vma 9ed27000
 ndroid.systemui-1632  [004] ....  8684.717572: do_swap_page: swapin tgid 1632 pid 1632 name "ndroid.systemui" vma 9ec25000
           <...>-2181  [004] ....  8684.717647: do_swap_page: swapin tgid 1632 pid 2181 name "ScreenDecoratio" vma 13e8b000
           <...>-1356  [004] ....  8684.717731: do_swap_page: swapin tgid 1333 pid 1356 name "android.anim" vma 9ed0b000
           <...>-1356  [004] ....  8684.717766: do_swap_page: swapin tgid 1333 pid 1356 name "android.anim" vma 14462000
           <...>-1356  [004] ....  8684.717831: do_swap_page: swapin tgid 1333 pid 1356 name "android.anim" vma 1484e000
           <...>-1356  [004] ....  8684.717902: do_swap_page: swapin tgid 1333 pid 1356 name "android.anim" vma 7f2d6cb000
           <...>-1356  [004] ....  8684.717927: do_swap_page: swapin tgid 1333 pid 1356 name "android.anim" vma 7ed0da5000
           <...>-2201  [004] ....  8684.718023: do_swap_page: swapin tgid 602 pid 2201 name "Binder:602_5" vma 7fba76c000
           <...>-2201  [004] ....  8684.718037: do_swap_page: swapin tgid 602 pid 2201 name "Binder:602_5" vma 7fbd0e2000
 ndroid.systemui-1632  [004] ....  8684.718090: do_swap_page: swapin tgid 1632 pid 1632 name "ndroid.systemui" vma 9ec25000
 ndroid.systemui-1632  [004] ....  8684.718101: do_swap_page: swapin tgid 1632 pid 1632 name "ndroid.systemui" vma 9ede9000
           <...>-2201  [004] ....  8684.718193: do_swap_page: swapin tgid 602 pid 2201 name "Binder:602_5" vma 7fbd0e2000
           <...>-2038  [004] ....  8684.718413: do_swap_page: swapin tgid 1632 pid 2038 name "RenderThread" vma 7ec7bcd000
           <...>-1356  [004] ....  8684.718477: do_swap_page: swapin tgid 1333 pid 1356 name "android.anim" vma 9ebfa000
           <...>-1356  [004] ....  8684.718485: do_swap_page: swapin tgid 1333 pid 1356 name "android.anim" vma 9ed40000
           <...>-1356  [004] ....  8684.718673: do_swap_page: swapin tgid 1333 pid 1356 name "android.anim" vma 9ed40000
           <...>-1356  [004] ....  8684.718699: do_swap_page: swapin tgid 1333 pid 1356 name "android.anim" vma 9eb55000
           <...>-1356  [004] ....  8684.718741: do_swap_page: swapin tgid 1333 pid 1356 name "android.anim" vma 7fbb893000
 ndroid.systemui-1632  [004] ....  8684.718794: do_swap_page: swapin tgid 1632 pid 1632 name "ndroid.systemui" vma 9ede9000
 ndroid.systemui-1632  [004] ....  8684.718813: do_swap_page: swapin tgid 1632 pid 1632 name "ndroid.systemui" vma 7fbb895000
 ndroid.systemui-1632  [004] ....  8684.718819: do_swap_page: swapin tgid 1632 pid 1632 name "ndroid.systemui" vma 7fbb892000
 ndroid.systemui-1632  [004] ....  8684.718826: do_swap_page: swapin tgid 1632 pid 1632 name "ndroid.systemui" vma 9ec11000
           <...>-1356  [004] ....  8684.718946: do_swap_page: swapin tgid 1333 pid 1356 name "android.anim" vma 7fbb893000
           <...>-1356  [004] ....  8684.719077: do_swap_page: swapin tgid 1333 pid 1356 name "android.anim" vma 9ee47000
 ndroid.systemui-1632  [004] ....  8684.719133: do_swap_page: swapin tgid 1632 pid 1632 name "ndroid.systemui" vma 9ec11000
 ndroid.systemui-1632  [004] ....  8684.719155: do_swap_page: swapin tgid 1632 pid 1632 name "ndroid.systemui" vma 9ee0c000
           <...>-2181  [004] ....  8684.719227: do_swap_page: swapin tgid 1632 pid 2181 name "ScreenDecoratio" vma 7ec7ae6000
           <...>-1356  [004] ....  8684.719287: do_swap_page: swapin tgid 1333 pid 1356 name "android.anim" vma 9ee47000
           <...>-1356  [004] ....  8684.719350: do_swap_page: swapin tgid 1333 pid 1356 name "android.anim" vma 9ecff000
 ndroid.systemui-1632  [004] ....  8684.719397: do_swap_page: swapin tgid 1632 pid 1632 name "ndroid.systemui" vma 9ee0c000
 ndroid.systemui-1632  [004] ....  8684.719407: do_swap_page: swapin tgid 1632 pid 1632 name "ndroid.systemui" vma 9ed55000
           <...>-1766  [004] ....  8684.719528: do_swap_page: swapin tgid 1745 pid 1766 name "Binder:1745_2" vma 7f2d668000
           <...>-1766  [004] ....  8684.719546: do_swap_page: swapin tgid 1745 pid 1766 name "Binder:1745_2" vma 7f2e0ae000
           <...>-1766  [004] ....  8684.719555: do_swap_page: swapin tgid 1745 pid 1766 name "Binder:1745_2" vma 7f2e0af000
           <...>-1356  [004] ....  8684.719638: do_swap_page: swapin tgid 1333 pid 1356 name "android.anim" vma 9ecff000
           <...>-1356  [004] ....  8684.719652: do_swap_page: swapin tgid 1333 pid 1356 name "android.anim" vma 13aa5000
           <...>-1356  [004] ....  8684.719659: do_swap_page: swapin tgid 1333 pid 1356 name "android.anim" vma 9ebbd000
           <...>-1356  [004] ....  8684.719668: do_swap_page: swapin tgid 1333 pid 1356 name "android.anim" vma 7e61280000
           <...>-1356  [004] ....  8684.719675: do_swap_page: swapin tgid 1333 pid 1356 name "android.anim" vma 7e571aa000
           <...>-1356  [004] ....  8684.719697: do_swap_page: swapin tgid 1333 pid 1356 name "android.anim" vma 7ed0d5d000
           <...>-1356  [004] ....  8684.719705: do_swap_page: swapin tgid 1333 pid 1356 name "android.anim" vma 7f28b20000
           <...>-1356  [004] ....  8684.719732: do_swap_page: swapin tgid 1333 pid 1356 name "android.anim" vma 9ee3d000
           <...>-1766  [004] ....  8684.719808: do_swap_page: swapin tgid 1745 pid 1766 name "Binder:1745_2" vma 7f2e0af000
           <...>-1766  [004] ....  8684.719821: do_swap_page: swapin tgid 1745 pid 1766 name "Binder:1745_2" vma 7f2d666000
           <...>-1766  [004] ....  8684.719832: do_swap_page: swapin tgid 1745 pid 1766 name "Binder:1745_2" vma 7fbe180000
           <...>-1766  [004] ....  8684.719839: do_swap_page: swapin tgid 1745 pid 1766 name "Binder:1745_2" vma 7f2d673000
           <...>-1356  [004] ....  8684.719942: do_swap_page: swapin tgid 1333 pid 1356 name "android.anim" vma 9ee3d000
           <...>-1356  [004] ....  8684.719975: do_swap_page: swapin tgid 1333 pid 1356 name "android.anim" vma 7e804e5000
           <...>-1356  [004] ....  8684.719997: do_swap_page: swapin tgid 1333 pid 1356 name "android.anim" vma 7f318b5000
           <...>-1356  [004] ....  8684.720089: do_swap_page: swapin tgid 1333 pid 1356 name "android.anim" vma 7eb4d33000
           <...>-1356  [004] ....  8684.720100: do_swap_page: swapin tgid 1333 pid 1356 name "android.anim" vma 7e6c22c000
           <...>-1356  [004] ....  8684.720110: do_swap_page: swapin tgid 1333 pid 1356 name "android.anim" vma 7ed0d5f000
           <...>-1356  [004] ....  8684.720151: do_swap_page: swapin tgid 1333 pid 1356 name "android.anim" vma 7e6c168000
           <...>-1766  [004] ....  8684.720205: do_swap_page: swapin tgid 1745 pid 1766 name "Binder:1745_2" vma 7f2d673000
           <...>-1766  [004] ....  8684.720231: do_swap_page: swapin tgid 1745 pid 1766 name "Binder:1745_2" vma 7f2d615000
           <...>-1766  [004] ....  8684.720237: do_swap_page: swapin tgid 1745 pid 1766 name "Binder:1745_2" vma 7f2d62d000
 ndroid.systemui-1632  [004] ....  8684.720285: do_swap_page: swapin tgid 1632 pid 1632 name "ndroid.systemui" vma 9ed55000
