           <...>-1985  [004] ....  4466.343876: do_swap_page: swapin tgid 1985 pid 1985 name "droid.launcher3" vma 72b10000
           <...>-1985  [004] ....  4466.343897: do_swap_page: swapin tgid 1985 pid 1985 name "droid.launcher3" vma 72c7d000
           <...>-1985  [004] ....  4466.343900: do_swap_page: swapin tgid 1985 pid 1985 name "droid.launcher3" vma 13c95000
           <...>-1985  [004] ....  4466.343909: do_swap_page: swapin tgid 1985 pid 1985 name "droid.launcher3" vma 7f2d276000
           <...>-1985  [004] ....  4466.343912: do_swap_page: swapin tgid 1985 pid 1985 name "droid.launcher3" vma 7ec86bf000
           <...>-1985  [004] ....  4466.343940: do_swap_page: swapin tgid 1985 pid 1985 name "droid.launcher3" vma 9ec23000
           <...>-2732  [004] ....  4466.343979: do_swap_page: swapin tgid 2438 pid 2732 name "Binder:2438_4" vma 7fbe20a000
           <...>-2732  [004] ....  4466.343986: do_swap_page: swapin tgid 2438 pid 2732 name "Binder:2438_4" vma 7fbc393000
           <...>-2732  [004] ....  4466.343988: do_swap_page: swapin tgid 2438 pid 2732 name "Binder:2438_4" vma 7fbc38f000
           <...>-2534  [004] ....  4466.344029: do_swap_page: swapin tgid 2451 pid 2534 name "Binder:2451_3" vma 7fbe20a000
           <...>-2534  [004] ....  4466.344039: do_swap_page: swapin tgid 2451 pid 2534 name "Binder:2451_3" vma 7fbc393000
           <...>-2534  [004] ....  4466.344041: do_swap_page: swapin tgid 2451 pid 2534 name "Binder:2451_3" vma 7fbc38f000
           <...>-1969  [004] ....  4466.344078: do_swap_page: swapin tgid 1926 pid 1969 name "Binder:1926_3" vma 7fbe20a000
           <...>-1969  [004] ....  4466.344084: do_swap_page: swapin tgid 1926 pid 1969 name "Binder:1926_3" vma 7fbc393000
           <...>-1969  [004] ....  4466.344086: do_swap_page: swapin tgid 1926 pid 1969 name "Binder:1926_3" vma 7fbc38f000
           <...>-2732  [004] ....  4466.344115: do_swap_page: swapin tgid 2438 pid 2732 name "Binder:2438_4" vma 7fbc38f000
           <...>-2732  [004] ....  4466.344120: do_swap_page: swapin tgid 2438 pid 2732 name "Binder:2438_4" vma 7ed1f1b000
           <...>-2732  [004] ....  4466.344122: do_swap_page: swapin tgid 2438 pid 2732 name "Binder:2438_4" vma 7ed1f1c000
           <...>-2732  [004] ....  4466.344126: do_swap_page: swapin tgid 2438 pid 2732 name "Binder:2438_4" vma 7f2d674000
           <...>-2732  [004] ....  4466.344130: do_swap_page: swapin tgid 2438 pid 2732 name "Binder:2438_4" vma 7f28bbf000
           <...>-2732  [004] ....  4466.344133: do_swap_page: swapin tgid 2438 pid 2732 name "Binder:2438_4" vma 7f2d145000
           <...>-2534  [004] ....  4466.344174: do_swap_page: swapin tgid 2451 pid 2534 name "Binder:2451_3" vma 7fbc38f000
           <...>-2534  [004] ....  4466.344180: do_swap_page: swapin tgid 2451 pid 2534 name "Binder:2451_3" vma 7f28b91000
           <...>-2534  [004] ....  4466.344181: do_swap_page: swapin tgid 2451 pid 2534 name "Binder:2451_3" vma 7f28b92000
           <...>-2534  [004] ....  4466.344185: do_swap_page: swapin tgid 2451 pid 2534 name "Binder:2451_3" vma 7f2d674000
           <...>-2534  [004] ....  4466.344189: do_swap_page: swapin tgid 2451 pid 2534 name "Binder:2451_3" vma 7f2d61e000
           <...>-2534  [004] ....  4466.344194: do_swap_page: swapin tgid 2451 pid 2534 name "Binder:2451_3" vma 7f2d16b000
           <...>-1864  [004] ....  4466.344215: do_swap_page: swapin tgid 1829 pid 1864 name "Binder:1829_2" vma 7fbe20a000
           <...>-1864  [004] ....  4466.344221: do_swap_page: swapin tgid 1829 pid 1864 name "Binder:1829_2" vma 7fbc393000
           <...>-1864  [004] ....  4466.344223: do_swap_page: swapin tgid 1829 pid 1864 name "Binder:1829_2" vma 7fbc38f000
           <...>-1985  [004] ....  4466.344243: do_swap_page: swapin tgid 1985 pid 1985 name "droid.launcher3" vma 9ec23000
           <...>-1985  [004] ....  4466.344271: do_swap_page: swapin tgid 1985 pid 1985 name "droid.launcher3" vma 12e99000
           <...>-1985  [004] ....  4466.344307: do_swap_page: swapin tgid 1985 pid 1985 name "droid.launcher3" vma 7fbf700000
           <...>-1985  [004] ....  4466.344349: do_swap_page: swapin tgid 1985 pid 1985 name "droid.launcher3" vma 7fbe177000
           <...>-1985  [004] ....  4466.344353: do_swap_page: swapin tgid 1985 pid 1985 name "droid.launcher3" vma 7f28b3c000
           <...>-1985  [004] ....  4466.344358: do_swap_page: swapin tgid 1985 pid 1985 name "droid.launcher3" vma 7f395f0000
           <...>-1985  [004] ....  4466.344368: do_swap_page: swapin tgid 1985 pid 1985 name "droid.launcher3" vma 7f28b4c000
           <...>-1985  [004] ....  4466.344451: do_swap_page: swapin tgid 1985 pid 1985 name "droid.launcher3" vma 7fbe1d0000
           <...>-1985  [004] ....  4466.344472: do_swap_page: swapin tgid 1985 pid 1985 name "droid.launcher3" vma 7fbf6ff000
           <...>-1969  [004] ....  4466.344543: do_swap_page: swapin tgid 1926 pid 1969 name "Binder:1926_3" vma 7fbc38f000
           <...>-1969  [004] ....  4466.344549: do_swap_page: swapin tgid 1926 pid 1969 name "Binder:1926_3" vma 7f2895f000
           <...>-1969  [004] ....  4466.344551: do_swap_page: swapin tgid 1926 pid 1969 name "Binder:1926_3" vma 7f28b1c000
           <...>-1969  [004] ....  4466.344554: do_swap_page: swapin tgid 1926 pid 1969 name "Binder:1926_3" vma 7fbe1d3000
           <...>-1969  [004] ....  4466.344557: do_swap_page: swapin tgid 1926 pid 1969 name "Binder:1926_3" vma 7f28b3f000
           <...>-1969  [004] ....  4466.344560: do_swap_page: swapin tgid 1926 pid 1969 name "Binder:1926_3" vma 7f2d145000
           <...>-1864  [004] ....  4466.344601: do_swap_page: swapin tgid 1829 pid 1864 name "Binder:1829_2" vma 7fbc38f000
           <...>-1864  [004] ....  4466.344606: do_swap_page: swapin tgid 1829 pid 1864 name "Binder:1829_2" vma 7f2895d000
           <...>-1864  [004] ....  4466.344608: do_swap_page: swapin tgid 1829 pid 1864 name "Binder:1829_2" vma 7f2895e000
           <...>-1864  [004] ....  4466.344611: do_swap_page: swapin tgid 1829 pid 1864 name "Binder:1829_2" vma 7fbe1d3000
           <...>-1864  [004] ....  4466.344615: do_swap_page: swapin tgid 1829 pid 1864 name "Binder:1829_2" vma 7f28b3f000
           <...>-1864  [004] ....  4466.344619: do_swap_page: swapin tgid 1829 pid 1864 name "Binder:1829_2" vma 7fbe1b2000
           <...>-1864  [004] ....  4466.344621: do_swap_page: swapin tgid 1829 pid 1864 name "Binder:1829_2" vma 7f395f0000
           <...>-2732  [004] ....  4466.344646: do_swap_page: swapin tgid 2438 pid 2732 name "Binder:2438_4" vma 7f2d145000
           <...>-2732  [004] ....  4466.344651: do_swap_page: swapin tgid 2438 pid 2732 name "Binder:2438_4" vma 7f39800000
           <...>-2534  [004] ....  4466.344675: do_swap_page: swapin tgid 2451 pid 2534 name "Binder:2451_3" vma 7f2d16b000
           <...>-2534  [004] ....  4466.344680: do_swap_page: swapin tgid 2451 pid 2534 name "Binder:2451_3" vma 7f39800000
           <...>-2181  [004] ....  4466.344701: do_swap_page: swapin tgid 1632 pid 2181 name "ScreenDecoratio" vma 7fbe188000
           <...>-2181  [004] ....  4466.344728: do_swap_page: swapin tgid 1632 pid 2181 name "ScreenDecoratio" vma 13e8b000
    RenderThread-2038  [004] ....  4466.344791: do_swap_page: swapin tgid 1632 pid 2038 name "RenderThread" vma 7ec7bcd000
           <...>-1969  [004] ....  4466.344891: do_swap_page: swapin tgid 1926 pid 1969 name "Binder:1926_3" vma 7f2d145000
           <...>-1969  [004] ....  4466.344897: do_swap_page: swapin tgid 1926 pid 1969 name "Binder:1926_3" vma 7f39800000
           <...>-2534  [004] ....  4466.344919: do_swap_page: swapin tgid 2451 pid 2534 name "Binder:2451_3" vma 7f39800000
           <...>-2534  [004] ....  4466.344931: do_swap_page: swapin tgid 2451 pid 2534 name "Binder:2451_3" vma 14710000
           <...>-2534  [004] ....  4466.344935: do_swap_page: swapin tgid 2451 pid 2534 name "Binder:2451_3" vma 7f3510a000
           <...>-2534  [004] ....  4466.344938: do_swap_page: swapin tgid 2451 pid 2534 name "Binder:2451_3" vma 72b2e000
           <...>-2732  [004] ....  4466.344967: do_swap_page: swapin tgid 2438 pid 2732 name "Binder:2438_4" vma 7f39800000
           <...>-2732  [004] ....  4466.344977: do_swap_page: swapin tgid 2438 pid 2732 name "Binder:2438_4" vma 7f2d16b000
           <...>-1864  [004] ....  4466.344997: do_swap_page: swapin tgid 1829 pid 1864 name "Binder:1829_2" vma 7f395f0000
           <...>-1864  [004] ....  4466.345003: do_swap_page: swapin tgid 1829 pid 1864 name "Binder:1829_2" vma 7f39800000
           <...>-1985  [004] ....  4466.345023: do_swap_page: swapin tgid 1985 pid 1985 name "droid.launcher3" vma 7fbf6ff000
           <...>-1985  [004] ....  4466.345042: do_swap_page: swapin tgid 1985 pid 1985 name "droid.launcher3" vma 9ebb5000
           <...>-1985  [004] ....  4466.345046: do_swap_page: swapin tgid 1985 pid 1985 name "droid.launcher3" vma 9ec0c000
           <...>-1985  [004] ....  4466.345049: do_swap_page: swapin tgid 1985 pid 1985 name "droid.launcher3" vma 9ebb1000
           <...>-1985  [004] ....  4466.345051: do_swap_page: swapin tgid 1985 pid 1985 name "droid.launcher3" vma 9eb85000
           <...>-1969  [004] ....  4466.345088: do_swap_page: swapin tgid 1926 pid 1969 name "Binder:1926_3" vma 7f39800000
           <...>-1969  [004] ....  4466.345096: do_swap_page: swapin tgid 1926 pid 1969 name "Binder:1926_3" vma 7f395f0000
           <...>-1360  [004] ....  4466.345154: do_swap_page: swapin tgid 1333 pid 1360 name "android.bg" vma 7f28b16000
           <...>-1509  [004] ....  4466.345221: do_swap_page: swapin tgid 1333 pid 1509 name "AudioService" vma 7eb4d6b000
           <...>-1985  [004] ....  4466.345319: do_swap_page: swapin tgid 1985 pid 1985 name "droid.launcher3" vma 9eb85000
           <...>-1985  [004] ....  4466.345323: do_swap_page: swapin tgid 1985 pid 1985 name "droid.launcher3" vma 9ebb2000
           <...>-1985  [004] ....  4466.345327: do_swap_page: swapin tgid 1985 pid 1985 name "droid.launcher3" vma 13275000
           <...>-1985  [004] ....  4466.345338: do_swap_page: swapin tgid 1985 pid 1985 name "droid.launcher3" vma 7f2d244000
           <...>-1985  [004] ....  4466.345344: do_swap_page: swapin tgid 1985 pid 1985 name "droid.launcher3" vma 13ca8000
           <...>-2732  [004] ....  4466.345357: do_swap_page: swapin tgid 2438 pid 2732 name "Binder:2438_4" vma 7f2d16b000
           <...>-2732  [004] ....  4466.345365: do_swap_page: swapin tgid 2438 pid 2732 name "Binder:2438_4" vma 13fd1000
           <...>-2732  [004] ....  4466.345369: do_swap_page: swapin tgid 2438 pid 2732 name "Binder:2438_4" vma 7f3510a000
           <...>-2732  [004] ....  4466.345371: do_swap_page: swapin tgid 2438 pid 2732 name "Binder:2438_4" vma 72b2e000
           <...>-1864  [004] ....  4466.345398: do_swap_page: swapin tgid 1829 pid 1864 name "Binder:1829_2" vma 7f39800000
           <...>-1864  [004] ....  4466.345406: do_swap_page: swapin tgid 1829 pid 1864 name "Binder:1829_2" vma 7f2d145000
           <...>-1969  [004] ....  4466.345489: do_swap_page: swapin tgid 1926 pid 1969 name "Binder:1926_3" vma 7f395f0000
           <...>-1969  [004] ....  4466.345496: do_swap_page: swapin tgid 1926 pid 1969 name "Binder:1926_3" vma 13781000
           <...>-2534  [004] ....  4466.345517: do_swap_page: swapin tgid 2451 pid 2534 name "Binder:2451_3" vma 72b2e000
           <...>-1864  [004] ....  4466.345750: do_swap_page: swapin tgid 1829 pid 1864 name "Binder:1829_2" vma 7f2d145000
           <...>-1864  [004] ....  4466.345762: do_swap_page: swapin tgid 1829 pid 1864 name "Binder:1829_2" vma 7f3510a000
           <...>-1864  [004] ....  4466.345766: do_swap_page: swapin tgid 1829 pid 1864 name "Binder:1829_2" vma 72b2e000
           <...>-2732  [004] ....  4466.345909: do_swap_page: swapin tgid 2438 pid 2732 name "Binder:2438_4" vma 72b2e000
           <...>-1969  [004] ....  4466.345941: do_swap_page: swapin tgid 1926 pid 1969 name "Binder:1926_3" vma 13781000
           <...>-1969  [004] ....  4466.345946: do_swap_page: swapin tgid 1926 pid 1969 name "Binder:1926_3" vma 13791000
           <...>-1969  [004] ....  4466.345951: do_swap_page: swapin tgid 1926 pid 1969 name "Binder:1926_3" vma 7f3510a000
           <...>-1969  [004] ....  4466.345954: do_swap_page: swapin tgid 1926 pid 1969 name "Binder:1926_3" vma 72b2e000
           <...>-1453  [004] ....  4466.346076: do_swap_page: swapin tgid 1333 pid 1453 name "InputDispatcher" vma 7eb4ce9000
           <...>-1985  [004] ....  4466.346127: do_swap_page: swapin tgid 1985 pid 1985 name "droid.launcher3" vma 7ec876c000
           <...>-1985  [004] ....  4466.346134: do_swap_page: swapin tgid 1985 pid 1985 name "droid.launcher3" vma 7ecebc3000
           <...>-1985  [004] ....  4466.346153: do_swap_page: swapin tgid 1985 pid 1985 name "droid.launcher3" vma 13ca3000
           <...>-1985  [004] ....  4466.346156: do_swap_page: swapin tgid 1985 pid 1985 name "droid.launcher3" vma 7fbe1d3000
           <...>-1985  [004] ....  4466.346158: do_swap_page: swapin tgid 1985 pid 1985 name "droid.launcher3" vma 7fbe2f3000
           <...>-1985  [004] ....  4466.346166: do_swap_page: swapin tgid 1985 pid 1985 name "droid.launcher3" vma 7f289b2000
           <...>-1985  [004] ....  4466.346173: do_swap_page: swapin tgid 1985 pid 1985 name "droid.launcher3" vma 7fbe166000
           <...>-1864  [004] ....  4466.346240: do_swap_page: swapin tgid 1829 pid 1864 name "Binder:1829_2" vma 72b2e000
           <...>-1969  [004] ....  4466.346264: do_swap_page: swapin tgid 1926 pid 1969 name "Binder:1926_3" vma 72b2e000
           <...>-1353  [004] ....  4466.346286: do_swap_page: swapin tgid 1333 pid 1353 name "android.ui" vma 9ee52000
           <...>-1353  [004] ....  4466.346373: do_swap_page: swapin tgid 1333 pid 1353 name "android.ui" vma 7e80350000
           <...>-1353  [004] ....  4466.346395: do_swap_page: swapin tgid 1333 pid 1353 name "android.ui" vma 7ed0ed6000
           <...>-1353  [004] ....  4466.346406: do_swap_page: swapin tgid 1333 pid 1353 name "android.ui" vma 7e61275000
           <...>-1356  [004] ....  4466.346481: do_swap_page: swapin tgid 1333 pid 1356 name "android.anim" vma 7ecc7f3000
           <...>-1356  [004] ....  4466.346494: do_swap_page: swapin tgid 1333 pid 1356 name "android.anim" vma 7ecc7f1000
           <...>-1356  [004] ....  4466.346499: do_swap_page: swapin tgid 1333 pid 1356 name "android.anim" vma 7ecc7f0000
           <...>-1356  [004] ....  4466.346867: do_swap_page: swapin tgid 1333 pid 1356 name "android.anim" vma 7f28b1f000
           <...>-1356  [004] ....  4466.346870: do_swap_page: swapin tgid 1333 pid 1356 name "android.anim" vma 7f28bd7000
           <...>-1356  [004] ....  4466.346876: do_swap_page: swapin tgid 1333 pid 1356 name "android.anim" vma 7fbe166000
           <...>-1353  [004] ....  4466.346956: do_swap_page: swapin tgid 1333 pid 1353 name "android.ui" vma 7f2895f000
           <...>-1353  [004] ....  4466.346962: do_swap_page: swapin tgid 1333 pid 1353 name "android.ui" vma 7ea6ce9000
           <...>-1353  [004] ....  4466.346977: do_swap_page: swapin tgid 1333 pid 1353 name "android.ui" vma 7ea6dc0000
           <...>-1356  [004] ....  4466.347014: do_swap_page: swapin tgid 1333 pid 1356 name "android.anim" vma 7fbe166000
           <...>-1356  [004] ....  4466.347022: do_swap_page: swapin tgid 1333 pid 1356 name "android.anim" vma 7ed0dc5000
           <...>-1356  [004] ....  4466.347054: do_swap_page: swapin tgid 1333 pid 1356 name "android.anim" vma 9ee6f000
           <...>-1353  [004] ....  4466.347098: do_swap_page: swapin tgid 1333 pid 1353 name "android.ui" vma 1415b000
           <...>-1353  [004] ....  4466.347106: do_swap_page: swapin tgid 1333 pid 1353 name "android.ui" vma 7f2d7c4000
           <...>-1353  [004] ....  4466.347109: do_swap_page: swapin tgid 1333 pid 1353 name "android.ui" vma 7f2d7c5000
           <...>-1061  [004] ....  4466.347243: do_swap_page: swapin tgid 910 pid 1061 name "Binder:910_2" vma 7fbce06000
           <...>-1356  [004] ....  4466.347270: do_swap_page: swapin tgid 1333 pid 1356 name "android.anim" vma 9ee6f000
           <...>-1356  [004] ....  4466.347299: do_swap_page: swapin tgid 1333 pid 1356 name "android.anim" vma 9ee50000
           <...>-1356  [004] ....  4466.347450: do_swap_page: swapin tgid 1333 pid 1356 name "android.anim" vma 9ee50000
           <...>-1356  [004] ....  4466.347504: do_swap_page: swapin tgid 1333 pid 1356 name "android.anim" vma 7ecc7ef000
           <...>-1356  [004] ....  4466.347528: do_swap_page: swapin tgid 1333 pid 1356 name "android.anim" vma 7eb4d2f000
           <...>-1356  [004] ....  4466.347593: do_swap_page: swapin tgid 1333 pid 1356 name "android.anim" vma 7ed1dec000
           <...>-1061  [004] ....  4466.347647: do_swap_page: swapin tgid 910 pid 1061 name "Binder:910_2" vma 7fbce06000
           <...>-1975  [004] ....  4466.347686: do_swap_page: swapin tgid 1632 pid 1975 name "Binder:1632_4" vma 9eba5000
 ndroid.systemui-1632  [004] ....  4466.347721: do_swap_page: swapin tgid 1632 pid 1632 name "ndroid.systemui" vma 9ee09000
 ndroid.systemui-1632  [004] ....  4466.347737: do_swap_page: swapin tgid 1632 pid 1632 name "ndroid.systemui" vma 9ec8d000
           <...>-1356  [004] ....  4466.347766: do_swap_page: swapin tgid 1333 pid 1356 name "android.anim" vma 7ed1dec000
           <...>-1356  [004] ....  4466.347793: do_swap_page: swapin tgid 1333 pid 1356 name "android.anim" vma 7fbb892000
 ndroid.systemui-1632  [004] ....  4466.347817: do_swap_page: swapin tgid 1632 pid 1632 name "ndroid.systemui" vma 9edf9000
           <...>-1355  [004] ....  4466.347843: do_swap_page: swapin tgid 1333 pid 1355 name "android.display" vma 7f289ff000
           <...>-1355  [004] ....  4466.347926: do_swap_page: swapin tgid 1333 pid 1355 name "android.display" vma 7ed0e1b000
           <...>-1355  [004] ....  4466.347982: do_swap_page: swapin tgid 1333 pid 1355 name "android.display" vma 7ea6d97000
           <...>-1356  [004] ....  4466.348016: do_swap_page: swapin tgid 1333 pid 1356 name "android.anim" vma 7fbb892000
           <...>-1355  [004] ....  4466.348282: do_swap_page: swapin tgid 1333 pid 1355 name "android.display" vma 14059000
           <...>-1355  [004] ....  4466.348318: do_swap_page: swapin tgid 1333 pid 1355 name "android.display" vma 7e6c169000
           <...>-5482  [004] ....  4466.348349: do_swap_page: swapin tgid 2467 pid 5482 name "Binder:2467_5" vma 7fbe272000
           <...>-5482  [004] ....  4466.348362: do_swap_page: swapin tgid 2467 pid 5482 name "Binder:2467_5" vma 7f28ce0000
           <...>-5482  [004] ....  4466.348366: do_swap_page: swapin tgid 2467 pid 5482 name "Binder:2467_5" vma 7f28ce1000
           <...>-2533  [004] ....  4466.348396: do_swap_page: swapin tgid 2506 pid 2533 name "Binder:2506_2" vma 7f2d668000
           <...>-2533  [004] ....  4466.348403: do_swap_page: swapin tgid 2506 pid 2533 name "Binder:2506_2" vma 7f2e0ae000
           <...>-2533  [004] ....  4466.348406: do_swap_page: swapin tgid 2506 pid 2533 name "Binder:2506_2" vma 7f2e0af000
           <...>-5456  [004] ....  4466.348449: do_swap_page: swapin tgid 2553 pid 5456 name "Binder:2553_B" vma 7f2d767000
           <...>-5456  [004] ....  4466.348458: do_swap_page: swapin tgid 2553 pid 5456 name "Binder:2553_B" vma 7ebcf98000
           <...>-5456  [004] ....  4466.348462: do_swap_page: swapin tgid 2553 pid 5456 name "Binder:2553_B" vma 7ebcf99000
           <...>-5456  [004] ....  4466.348464: do_swap_page: swapin tgid 2553 pid 5456 name "Binder:2553_B" vma 7f2d74d000
           <...>-5456  [004] ....  4466.348468: do_swap_page: swapin tgid 2553 pid 5456 name "Binder:2553_B" vma 7fbe180000
           <...>-5456  [004] ....  4466.348491: do_swap_page: swapin tgid 2553 pid 5456 name "Binder:2553_B" vma 7eb430c000
           <...>-5456  [004] ....  4466.348501: do_swap_page: swapin tgid 2553 pid 5456 name "Binder:2553_B" vma 7f2d616000
           <...>-5456  [004] ....  4466.348503: do_swap_page: swapin tgid 2553 pid 5456 name "Binder:2553_B" vma 7f2d61f000
           <...>-5456  [004] ....  4466.348505: do_swap_page: swapin tgid 2553 pid 5456 name "Binder:2553_B" vma 7f2d7f1000
           <...>-5456  [004] ....  4466.348508: do_swap_page: swapin tgid 2553 pid 5456 name "Binder:2553_B" vma 7fb9c29000
           <...>-5456  [004] ....  4466.348511: do_swap_page: swapin tgid 2553 pid 5456 name "Binder:2553_B" vma 7fbe2f3000
           <...>-5456  [004] ....  4466.348518: do_swap_page: swapin tgid 2553 pid 5456 name "Binder:2553_B" vma 7fbe241000
           <...>-2864  [004] ....  4466.348550: do_swap_page: swapin tgid 2803 pid 2864 name "Binder:2803_4" vma 7f28b4b000
           <...>-2864  [004] ....  4466.348557: do_swap_page: swapin tgid 2803 pid 2864 name "Binder:2803_4" vma 7f28ef2000
           <...>-2864  [004] ....  4466.348561: do_swap_page: swapin tgid 2803 pid 2864 name "Binder:2803_4" vma 7f28ef3000
           <...>-3184  [004] ....  4466.348591: do_swap_page: swapin tgid 3166 pid 3184 name "Binder:3166_2" vma 7f2d668000
           <...>-3184  [004] ....  4466.348599: do_swap_page: swapin tgid 3166 pid 3184 name "Binder:3166_2" vma 7f2e0ae000
           <...>-3184  [004] ....  4466.348603: do_swap_page: swapin tgid 3166 pid 3184 name "Binder:3166_2" vma 7f2e0af000
           <...>-11932 [004] ....  4466.348623: do_swap_page: swapin tgid 5023 pid 11932 name "Binder:5023_4" vma 7f289d8000
           <...>-11932 [004] ....  4466.348632: do_swap_page: swapin tgid 5023 pid 11932 name "Binder:5023_4" vma 7f29ae9000
           <...>-11932 [004] ....  4466.348635: do_swap_page: swapin tgid 5023 pid 11932 name "Binder:5023_4" vma 7f29aea000
           <...>-5204  [004] ....  4466.348658: do_swap_page: swapin tgid 5185 pid 5204 name "Binder:5185_3" vma 7f28abc000
           <...>-5204  [004] ....  4466.348664: do_swap_page: swapin tgid 5185 pid 5204 name "Binder:5185_3" vma 7f2dfb1000
           <...>-5204  [004] ....  4466.348668: do_swap_page: swapin tgid 5185 pid 5204 name "Binder:5185_3" vma 7f2dfb2000
           <...>-5647  [004] ....  4466.348687: do_swap_page: swapin tgid 5628 pid 5647 name "Binder:5628_3" vma 7f28abc000
           <...>-5647  [004] ....  4466.348696: do_swap_page: swapin tgid 5628 pid 5647 name "Binder:5628_3" vma 7f2dfb1000
           <...>-5647  [004] ....  4466.348699: do_swap_page: swapin tgid 5628 pid 5647 name "Binder:5628_3" vma 7f2dfb2000
           <...>-5953  [004] ....  4466.348728: do_swap_page: swapin tgid 5710 pid 5953 name "Binder:5710_6" vma 7ebe644000
           <...>-5953  [004] ....  4466.348737: do_swap_page: swapin tgid 5710 pid 5953 name "Binder:5710_6" vma 7eaf17b000
           <...>-5953  [004] ....  4466.348740: do_swap_page: swapin tgid 5710 pid 5953 name "Binder:5710_6" vma 7eaf17c000
           <...>-6074  [004] ....  4466.348777: do_swap_page: swapin tgid 6055 pid 6074 name "Binder:6055_3" vma 7f28abc000
           <...>-6074  [004] ....  4466.348784: do_swap_page: swapin tgid 6055 pid 6074 name "Binder:6055_3" vma 7f2dfb1000
           <...>-6074  [004] ....  4466.348803: do_swap_page: swapin tgid 6055 pid 6074 name "Binder:6055_3" vma 7f2dfb2000
           <...>-8710  [004] ....  4466.348823: do_swap_page: swapin tgid 8693 pid 8710 name "Binder:8693_1" vma 7fbe1e8000
           <...>-8710  [004] ....  4466.348831: do_swap_page: swapin tgid 8693 pid 8710 name "Binder:8693_1" vma 7f2e1ab000
           <...>-8710  [004] ....  4466.348834: do_swap_page: swapin tgid 8693 pid 8710 name "Binder:8693_1" vma 7f2e1ac000
           <...>-2533  [004] ....  4466.348874: do_swap_page: swapin tgid 2506 pid 2533 name "Binder:2506_2" vma 7f2e0af000
           <...>-2533  [004] ....  4466.348879: do_swap_page: swapin tgid 2506 pid 2533 name "Binder:2506_2" vma 7f2d666000
           <...>-2533  [004] ....  4466.348884: do_swap_page: swapin tgid 2506 pid 2533 name "Binder:2506_2" vma 7fbe180000
           <...>-2533  [004] ....  4466.348916: do_swap_page: swapin tgid 2506 pid 2533 name "Binder:2506_2" vma 7f2d615000
           <...>-2533  [004] ....  4466.348918: do_swap_page: swapin tgid 2506 pid 2533 name "Binder:2506_2" vma 7f2d61f000
           <...>-3184  [004] ....  4466.348942: do_swap_page: swapin tgid 3166 pid 3184 name "Binder:3166_2" vma 7f2e0af000
           <...>-3184  [004] ....  4466.348948: do_swap_page: swapin tgid 3166 pid 3184 name "Binder:3166_2" vma 7f2d666000
           <...>-3184  [004] ....  4466.348952: do_swap_page: swapin tgid 3166 pid 3184 name "Binder:3166_2" vma 7fbe180000
           <...>-3184  [004] ....  4466.348957: do_swap_page: swapin tgid 3166 pid 3184 name "Binder:3166_2" vma 7f2d673000
           <...>-3184  [004] ....  4466.348964: do_swap_page: swapin tgid 3166 pid 3184 name "Binder:3166_2" vma 7f2d615000
           <...>-3184  [004] ....  4466.348966: do_swap_page: swapin tgid 3166 pid 3184 name "Binder:3166_2" vma 7f2d61f000
           <...>-3184  [004] ....  4466.348968: do_swap_page: swapin tgid 3166 pid 3184 name "Binder:3166_2" vma 7f2d669000
           <...>-3184  [004] ....  4466.348971: do_swap_page: swapin tgid 3166 pid 3184 name "Binder:3166_2" vma 7fb9c29000
           <...>-3184  [004] ....  4466.348976: do_swap_page: swapin tgid 3166 pid 3184 name "Binder:3166_2" vma 7fbe346000
           <...>-3184  [004] ....  4466.348979: do_swap_page: swapin tgid 3166 pid 3184 name "Binder:3166_2" vma 7fbe241000
           <...>-5647  [004] ....  4466.348996: do_swap_page: swapin tgid 5628 pid 5647 name "Binder:5628_3" vma 7f2dfb2000
           <...>-5647  [004] ....  4466.349001: do_swap_page: swapin tgid 5628 pid 5647 name "Binder:5628_3" vma 7f28b5d000
           <...>-5647  [004] ....  4466.349005: do_swap_page: swapin tgid 5628 pid 5647 name "Binder:5628_3" vma 7fbe180000
           <...>-5647  [004] ....  4466.349008: do_swap_page: swapin tgid 5628 pid 5647 name "Binder:5628_3" vma 7f28b14000
           <...>-5647  [004] ....  4466.349016: do_swap_page: swapin tgid 5628 pid 5647 name "Binder:5628_3" vma 7fbe22c000
           <...>-5647  [004] ....  4466.349018: do_swap_page: swapin tgid 5628 pid 5647 name "Binder:5628_3" vma 7fbe165000
           <...>-5647  [004] ....  4466.349020: do_swap_page: swapin tgid 5628 pid 5647 name "Binder:5628_3" vma 7fbe218000
           <...>-5647  [004] ....  4466.349034: do_swap_page: swapin tgid 5628 pid 5647 name "Binder:5628_3" vma 7fb9c29000
           <...>-5647  [004] ....  4466.349036: do_swap_page: swapin tgid 5628 pid 5647 name "Binder:5628_3" vma 7fbe301000
           <...>-5647  [004] ....  4466.349039: do_swap_page: swapin tgid 5628 pid 5647 name "Binder:5628_3" vma 7fbe241000
           <...>-2864  [004] ....  4466.349079: do_swap_page: swapin tgid 2803 pid 2864 name "Binder:2803_4" vma 7f28ef3000
           <...>-2864  [004] ....  4466.349084: do_swap_page: swapin tgid 2803 pid 2864 name "Binder:2803_4" vma 7f28a89000
           <...>-2864  [004] ....  4466.349088: do_swap_page: swapin tgid 2803 pid 2864 name "Binder:2803_4" vma 7fbe180000
           <...>-5482  [004] ....  4466.349216: do_swap_page: swapin tgid 2467 pid 5482 name "Binder:2467_5" vma 7f28ce1000
           <...>-5482  [004] ....  4466.349234: do_swap_page: swapin tgid 2467 pid 5482 name "Binder:2467_5" vma 7fbe271000
           <...>-5482  [004] ....  4466.349239: do_swap_page: swapin tgid 2467 pid 5482 name "Binder:2467_5" vma 7fbe180000
           <...>-5482  [004] ....  4466.349249: do_swap_page: swapin tgid 2467 pid 5482 name "Binder:2467_5" vma 7fbe22c000
           <...>-5482  [004] ....  4466.349251: do_swap_page: swapin tgid 2467 pid 5482 name "Binder:2467_5" vma 7f28ac2000
           <...>-2864  [004] ....  4466.349284: do_swap_page: swapin tgid 2803 pid 2864 name "Binder:2803_4" vma 7fbe22c000
           <...>-2864  [004] ....  4466.349287: do_swap_page: swapin tgid 2803 pid 2864 name "Binder:2803_4" vma 7f28ac2000
           <...>-5456  [004] ....  4466.349309: do_swap_page: swapin tgid 2553 pid 5456 name "Binder:2553_B" vma 7fbe241000
           <...>-5456  [004] ....  4466.349316: do_swap_page: swapin tgid 2553 pid 5456 name "Binder:2553_B" vma 7fbe1e9000
           <...>-5456  [004] ....  4466.349321: do_swap_page: swapin tgid 2553 pid 5456 name "Binder:2553_B" vma 7f393d0000
           <...>-2533  [004] ....  4466.349339: do_swap_page: swapin tgid 2506 pid 2533 name "Binder:2506_2" vma 7f2d61f000
           <...>-2533  [004] ....  4466.349345: do_swap_page: swapin tgid 2506 pid 2533 name "Binder:2506_2" vma 7f2d669000
           <...>-2533  [004] ....  4466.349349: do_swap_page: swapin tgid 2506 pid 2533 name "Binder:2506_2" vma 7fb9c29000
           <...>-5647  [004] ....  4466.349377: do_swap_page: swapin tgid 5628 pid 5647 name "Binder:5628_3" vma 7fbe241000
           <...>-5647  [004] ....  4466.349383: do_swap_page: swapin tgid 5628 pid 5647 name "Binder:5628_3" vma 7fbe1e9000
           <...>-5647  [004] ....  4466.349387: do_swap_page: swapin tgid 5628 pid 5647 name "Binder:5628_3" vma 7f393d0000
           <...>-2864  [004] ....  4466.349433: do_swap_page: swapin tgid 2803 pid 2864 name "Binder:2803_4" vma 7f28ac2000
           <...>-2864  [004] ....  4466.349438: do_swap_page: swapin tgid 2803 pid 2864 name "Binder:2803_4" vma 7fbe272000
           <...>-2864  [004] ....  4466.349442: do_swap_page: swapin tgid 2803 pid 2864 name "Binder:2803_4" vma 7fb9c29000
           <...>-5482  [004] ....  4466.349466: do_swap_page: swapin tgid 2467 pid 5482 name "Binder:2467_5" vma 7f28ac2000
           <...>-5482  [004] ....  4466.349471: do_swap_page: swapin tgid 2467 pid 5482 name "Binder:2467_5" vma 7f289d8000
           <...>-5482  [004] ....  4466.349475: do_swap_page: swapin tgid 2467 pid 5482 name "Binder:2467_5" vma 7fb9c29000
           <...>-646   [004] ....  4466.349553: do_swap_page: swapin tgid 602 pid 646 name "Binder:602_2" vma 7fba76c000
           <...>-646   [004] ....  4466.349561: do_swap_page: swapin tgid 602 pid 646 name "Binder:602_2" vma 7fbd0e2000
           <...>-6074  [004] ....  4466.349583: do_swap_page: swapin tgid 6055 pid 6074 name "Binder:6055_3" vma 7f2dfb2000
           <...>-6074  [004] ....  4466.349589: do_swap_page: swapin tgid 6055 pid 6074 name "Binder:6055_3" vma 7f28b5d000
           <...>-6074  [004] ....  4466.349621: do_swap_page: swapin tgid 6055 pid 6074 name "Binder:6055_3" vma 7fbe22c000
           <...>-6074  [004] ....  4466.349627: do_swap_page: swapin tgid 6055 pid 6074 name "Binder:6055_3" vma 7f28ac2000
           <...>-6074  [004] ....  4466.349629: do_swap_page: swapin tgid 6055 pid 6074 name "Binder:6055_3" vma 7f28b13000
           <...>-6074  [004] ....  4466.349632: do_swap_page: swapin tgid 6055 pid 6074 name "Binder:6055_3" vma 7fbe301000
           <...>-6074  [004] ....  4466.349635: do_swap_page: swapin tgid 6055 pid 6074 name "Binder:6055_3" vma 7fbe241000
           <...>-2533  [004] ....  4466.349665: do_swap_page: swapin tgid 2506 pid 2533 name "Binder:2506_2" vma 7fb9c29000
           <...>-2533  [004] ....  4466.349671: do_swap_page: swapin tgid 2506 pid 2533 name "Binder:2506_2" vma 7fbe349000
           <...>-2533  [004] ....  4466.349674: do_swap_page: swapin tgid 2506 pid 2533 name "Binder:2506_2" vma 7fbe241000
           <...>-2864  [004] ....  4466.349719: do_swap_page: swapin tgid 2803 pid 2864 name "Binder:2803_4" vma 7fb9c29000
           <...>-2864  [004] ....  4466.349726: do_swap_page: swapin tgid 2803 pid 2864 name "Binder:2803_4" vma 7fbe301000
           <...>-2864  [004] ....  4466.349729: do_swap_page: swapin tgid 2803 pid 2864 name "Binder:2803_4" vma 7fbe241000
           <...>-5482  [004] ....  4466.349751: do_swap_page: swapin tgid 2467 pid 5482 name "Binder:2467_5" vma 7fb9c29000
           <...>-5482  [004] ....  4466.349756: do_swap_page: swapin tgid 2467 pid 5482 name "Binder:2467_5" vma 7fbe301000
           <...>-5482  [004] ....  4466.349759: do_swap_page: swapin tgid 2467 pid 5482 name "Binder:2467_5" vma 7fbe241000
           <...>-5647  [004] ....  4466.349784: do_swap_page: swapin tgid 5628 pid 5647 name "Binder:5628_3" vma 7f393d0000
           <...>-5647  [004] ....  4466.349789: do_swap_page: swapin tgid 5628 pid 5647 name "Binder:5628_3" vma 7f28b6b000
           <...>-5647  [004] ....  4466.349792: do_swap_page: swapin tgid 5628 pid 5647 name "Binder:5628_3" vma 7fbc390000
           <...>-2533  [004] ....  4466.349828: do_swap_page: swapin tgid 2506 pid 2533 name "Binder:2506_2" vma 7fbe241000
           <...>-2533  [004] ....  4466.349834: do_swap_page: swapin tgid 2506 pid 2533 name "Binder:2506_2" vma 7fbe1e9000
           <...>-646   [004] ....  4466.349862: do_swap_page: swapin tgid 602 pid 646 name "Binder:602_2" vma 7fbd0e2000
           <...>-1356  [004] ....  4466.349967: do_swap_page: swapin tgid 1333 pid 1356 name "android.anim" vma 7fbb893000
           <...>-11932 [004] ....  4466.350016: do_swap_page: swapin tgid 5023 pid 11932 name "Binder:5023_4" vma 7f29aea000
           <...>-11932 [004] ....  4466.350022: do_swap_page: swapin tgid 5023 pid 11932 name "Binder:5023_4" vma 7fbe2fe000
           <...>-11932 [004] ....  4466.350024: do_swap_page: swapin tgid 5023 pid 11932 name "Binder:5023_4" vma 7fbe180000
           <...>-11932 [004] ....  4466.350028: do_swap_page: swapin tgid 5023 pid 11932 name "Binder:5023_4" vma 7f28b4e000
           <...>-11932 [004] ....  4466.350034: do_swap_page: swapin tgid 5023 pid 11932 name "Binder:5023_4" vma 7f29b40000
           <...>-11932 [004] ....  4466.350041: do_swap_page: swapin tgid 5023 pid 11932 name "Binder:5023_4" vma 7fbe22d000
           <...>-11932 [004] ....  4466.350043: do_swap_page: swapin tgid 5023 pid 11932 name "Binder:5023_4" vma 7f28ac2000
           <...>-11932 [004] ....  4466.350045: do_swap_page: swapin tgid 5023 pid 11932 name "Binder:5023_4" vma 7f28b1e000
           <...>-11932 [004] ....  4466.350049: do_swap_page: swapin tgid 5023 pid 11932 name "Binder:5023_4" vma 7fb9c29000
           <...>-11932 [004] ....  4466.350051: do_swap_page: swapin tgid 5023 pid 11932 name "Binder:5023_4" vma 7fbe2f3000
           <...>-11932 [004] ....  4466.350053: do_swap_page: swapin tgid 5023 pid 11932 name "Binder:5023_4" vma 7fbe241000
           <...>-2864  [004] ....  4466.350069: do_swap_page: swapin tgid 2803 pid 2864 name "Binder:2803_4" vma 7fbe241000
           <...>-2864  [004] ....  4466.350074: do_swap_page: swapin tgid 2803 pid 2864 name "Binder:2803_4" vma 7fbe1e9000
           <...>-5482  [004] ....  4466.350114: do_swap_page: swapin tgid 2467 pid 5482 name "Binder:2467_5" vma 7fbe241000
           <...>-5482  [004] ....  4466.350119: do_swap_page: swapin tgid 2467 pid 5482 name "Binder:2467_5" vma 7fbe1e9000
           <...>-5953  [004] ....  4466.350160: do_swap_page: swapin tgid 5710 pid 5953 name "Binder:5710_6" vma 7eaf17c000
           <...>-5953  [004] ....  4466.350166: do_swap_page: swapin tgid 5710 pid 5953 name "Binder:5710_6" vma 7ebe686000
           <...>-5953  [004] ....  4466.350169: do_swap_page: swapin tgid 5710 pid 5953 name "Binder:5710_6" vma 7fbe180000
           <...>-5953  [004] ....  4466.350176: do_swap_page: swapin tgid 5710 pid 5953 name "Binder:5710_6" vma 7f2d673000
           <...>-5953  [004] ....  4466.350178: do_swap_page: swapin tgid 5710 pid 5953 name "Binder:5710_6" vma 7ebe6a4000
           <...>-5953  [004] ....  4466.350186: do_swap_page: swapin tgid 5710 pid 5953 name "Binder:5710_6" vma 7f2d7da000
           <...>-5953  [004] ....  4466.350188: do_swap_page: swapin tgid 5710 pid 5953 name "Binder:5710_6" vma 7f2d61f000
           <...>-5647  [004] ....  4466.350214: do_swap_page: swapin tgid 5628 pid 5647 name "Binder:5628_3" vma 7fbc390000
           <...>-5647  [004] ....  4466.350221: do_swap_page: swapin tgid 5628 pid 5647 name "Binder:5628_3" vma 7fbcab9000
           <...>-5647  [004] ....  4466.350224: do_swap_page: swapin tgid 5628 pid 5647 name "Binder:5628_3" vma 7f28b18000
           <...>-5647  [004] ....  4466.350231: do_swap_page: swapin tgid 5628 pid 5647 name "Binder:5628_3" vma 7f393ce000
           <...>-5647  [004] .n..  4466.350253: do_swap_page: swapin tgid 5628 pid 5647 name "Binder:5628_3" vma 7fbe23c000
           <...>-5647  [004] ....  4466.350262: do_swap_page: swapin tgid 5628 pid 5647 name "Binder:5628_3" vma 7f3197f000
           <...>-5647  [004] ....  4466.350266: do_swap_page: swapin tgid 5628 pid 5647 name "Binder:5628_3" vma 14307000
           <...>-5647  [004] ....  4466.350269: do_swap_page: swapin tgid 5628 pid 5647 name "Binder:5628_3" vma 7fbe286000
           <...>-5647  [004] ....  4466.350273: do_swap_page: swapin tgid 5628 pid 5647 name "Binder:5628_3" vma 7fbe285000
           <...>-5647  [004] ....  4466.350275: do_swap_page: swapin tgid 5628 pid 5647 name "Binder:5628_3" vma 7f393cf000
           <...>-2864  [004] ....  4466.350299: do_swap_page: swapin tgid 2803 pid 2864 name "Binder:2803_4" vma 7fbe1e9000
           <...>-2864  [004] ....  4466.350306: do_swap_page: swapin tgid 2803 pid 2864 name "Binder:2803_4" vma 7f393d0000
           <...>-2533  [004] ....  4466.350328: do_swap_page: swapin tgid 2506 pid 2533 name "Binder:2506_2" vma 7fbe1e9000
           <...>-2533  [004] ....  4466.350335: do_swap_page: swapin tgid 2506 pid 2533 name "Binder:2506_2" vma 7f393d0000
           <...>-5482  [004] ....  4466.350363: do_swap_page: swapin tgid 2467 pid 5482 name "Binder:2467_5" vma 7fbe1e9000
           <...>-5482  [004] ....  4466.350370: do_swap_page: swapin tgid 2467 pid 5482 name "Binder:2467_5" vma 7f393d0000
           <...>-5204  [004] ....  4466.350478: do_swap_page: swapin tgid 5185 pid 5204 name "Binder:5185_3" vma 7f2dfb2000
           <...>-5204  [004] ....  4466.350484: do_swap_page: swapin tgid 5185 pid 5204 name "Binder:5185_3" vma 7f28b5d000
           <...>-5204  [004] ....  4466.350488: do_swap_page: swapin tgid 5185 pid 5204 name "Binder:5185_3" vma 7fbe180000
           <...>-5204  [004] ....  4466.350510: do_swap_page: swapin tgid 5185 pid 5204 name "Binder:5185_3" vma 7f28bc8000
           <...>-2864  [004] ....  4466.350528: do_swap_page: swapin tgid 2803 pid 2864 name "Binder:2803_4" vma 7f393d0000
           <...>-2864  [004] ....  4466.350534: do_swap_page: swapin tgid 2803 pid 2864 name "Binder:2803_4" vma 7fbe165000
           <...>-2533  [004] ....  4466.350571: do_swap_page: swapin tgid 2506 pid 2533 name "Binder:2506_2" vma 7f393d0000
           <...>-2533  [004] ....  4466.350577: do_swap_page: swapin tgid 2506 pid 2533 name "Binder:2506_2" vma 7fbe165000
           <...>-5647  [004] ....  4466.350602: do_swap_page: swapin tgid 5628 pid 5647 name "Binder:5628_3" vma 7f393cf000
           <...>-5647  [004] ....  4466.350607: do_swap_page: swapin tgid 5628 pid 5647 name "Binder:5628_3" vma 7fbe1f8000
           <...>-5647  [004] ....  4466.350611: do_swap_page: swapin tgid 5628 pid 5647 name "Binder:5628_3" vma 7f2dfaf000
           <...>-2864  [004] ....  4466.350650: do_swap_page: swapin tgid 2803 pid 2864 name "Binder:2803_4" vma 7fbe165000
           <...>-2864  [004] ....  4466.350656: do_swap_page: swapin tgid 2803 pid 2864 name "Binder:2803_4" vma 7f28bd3000
           <...>-2864  [004] ....  4466.350661: do_swap_page: swapin tgid 2803 pid 2864 name "Binder:2803_4" vma 7fbc390000
           <...>-2533  [004] ....  4466.350711: do_swap_page: swapin tgid 2506 pid 2533 name "Binder:2506_2" vma 7fbe165000
           <...>-2533  [004] ....  4466.350717: do_swap_page: swapin tgid 2506 pid 2533 name "Binder:2506_2" vma 7f2d651000
           <...>-2533  [004] ....  4466.350721: do_swap_page: swapin tgid 2506 pid 2533 name "Binder:2506_2" vma 7fbc390000
           <...>-5482  [004] ....  4466.350745: do_swap_page: swapin tgid 2467 pid 5482 name "Binder:2467_5" vma 7f393d0000
           <...>-5482  [004] ....  4466.350750: do_swap_page: swapin tgid 2467 pid 5482 name "Binder:2467_5" vma 7fbe165000
           <...>-1356  [004] ....  4466.350777: do_swap_page: swapin tgid 1333 pid 1356 name "android.anim" vma 7fbb893000
           <...>-1356  [004] ....  4466.350875: do_swap_page: swapin tgid 1333 pid 1356 name "android.anim" vma 7f28b20000
           <...>-1356  [004] ....  4466.350940: do_swap_page: swapin tgid 1333 pid 1356 name "android.anim" vma 9eb89000
           <...>-8710  [004] ....  4466.350966: do_swap_page: swapin tgid 8693 pid 8710 name "Binder:8693_1" vma 7f2e1ac000
           <...>-8710  [004] ....  4466.350974: do_swap_page: swapin tgid 8693 pid 8710 name "Binder:8693_1" vma 7f289fc000
           <...>-8710  [004] ....  4466.350976: do_swap_page: swapin tgid 8693 pid 8710 name "Binder:8693_1" vma 7fbe180000
           <...>-8710  [004] ....  4466.350987: do_swap_page: swapin tgid 8693 pid 8710 name "Binder:8693_1" vma 7fbe22b000
           <...>-8710  [004] ....  4466.350989: do_swap_page: swapin tgid 8693 pid 8710 name "Binder:8693_1" vma 7f28ac2000
           <...>-8710  [004] ....  4466.350991: do_swap_page: swapin tgid 8693 pid 8710 name "Binder:8693_1" vma 7fbe218000
           <...>-8710  [004] ....  4466.350995: do_swap_page: swapin tgid 8693 pid 8710 name "Binder:8693_1" vma 7fb9c29000
           <...>-5647  [004] ....  4466.351011: do_swap_page: swapin tgid 5628 pid 5647 name "Binder:5628_3" vma 7f2dfaf000
           <...>-5647  [004] ....  4466.351019: do_swap_page: swapin tgid 5628 pid 5647 name "Binder:5628_3" vma 14300000
           <...>-5647  [004] ....  4466.351021: do_swap_page: swapin tgid 5628 pid 5647 name "Binder:5628_3" vma 14317000
           <...>-5647  [004] ....  4466.351028: do_swap_page: swapin tgid 5628 pid 5647 name "Binder:5628_3" vma 7fbe24e000
           <...>-2864  [004] ....  4466.351052: do_swap_page: swapin tgid 2803 pid 2864 name "Binder:2803_4" vma 7fbc390000
           <...>-2864  [004] ....  4466.351058: do_swap_page: swapin tgid 2803 pid 2864 name "Binder:2803_4" vma 7fbcab9000
           <...>-2533  [004] ....  4466.351084: do_swap_page: swapin tgid 2506 pid 2533 name "Binder:2506_2" vma 7fbc390000
           <...>-2533  [004] ....  4466.351090: do_swap_page: swapin tgid 2506 pid 2533 name "Binder:2506_2" vma 7fbcab9000
           <...>-5482  [004] ....  4466.351113: do_swap_page: swapin tgid 2467 pid 5482 name "Binder:2467_5" vma 7fbe165000
           <...>-5482  [004] ....  4466.351118: do_swap_page: swapin tgid 2467 pid 5482 name "Binder:2467_5" vma 7fbe1a4000
           <...>-5482  [004] ....  4466.351122: do_swap_page: swapin tgid 2467 pid 5482 name "Binder:2467_5" vma 7fbc390000
           <...>-5647  [004] ....  4466.351173: do_swap_page: swapin tgid 5628 pid 5647 name "Binder:5628_3" vma 7fbe24e000
           <...>-5647  [004] ....  4466.351183: do_swap_page: swapin tgid 5628 pid 5647 name "Binder:5628_3" vma 7f310b8000
           <...>-5647  [004] ....  4466.351191: do_swap_page: swapin tgid 5628 pid 5647 name "Binder:5628_3" vma 7f2dfb0000
           <...>-5647  [004] ....  4466.351194: do_swap_page: swapin tgid 5628 pid 5647 name "Binder:5628_3" vma 12d80000
           <...>-5647  [004] ....  4466.351198: do_swap_page: swapin tgid 5628 pid 5647 name "Binder:5628_3" vma 7f34f97000
           <...>-5647  [004] ....  4466.351200: do_swap_page: swapin tgid 5628 pid 5647 name "Binder:5628_3" vma 14301000
           <...>-5647  [004] ....  4466.351203: do_swap_page: swapin tgid 5628 pid 5647 name "Binder:5628_3" vma 7fbe1e7000
           <...>-1356  [004] ....  4466.351224: do_swap_page: swapin tgid 1333 pid 1356 name "android.anim" vma 9eb89000
           <...>-1356  [004] ....  4466.351230: do_swap_page: swapin tgid 1333 pid 1356 name "android.anim" vma 9ee48000
           <...>-2864  [004] ....  4466.351291: do_swap_page: swapin tgid 2803 pid 2864 name "Binder:2803_4" vma 7fbcab9000
           <...>-2864  [004] ....  4466.351296: do_swap_page: swapin tgid 2803 pid 2864 name "Binder:2803_4" vma 7f28b19000
           <...>-2864  [004] ....  4466.351300: do_swap_page: swapin tgid 2803 pid 2864 name "Binder:2803_4" vma 7f393ce000
           <...>-2864  [004] ....  4466.351302: do_swap_page: swapin tgid 2803 pid 2864 name "Binder:2803_4" vma 7fbe23c000
           <...>-3184  [004] ....  4466.351340: do_swap_page: swapin tgid 3166 pid 3184 name "Binder:3166_2" vma 7fbe241000
           <...>-3184  [004] ....  4466.351365: do_swap_page: swapin tgid 3166 pid 3184 name "Binder:3166_2" vma 7fbe1e9000
           <...>-3184  [004] ....  4466.351369: do_swap_page: swapin tgid 3166 pid 3184 name "Binder:3166_2" vma 7f393d0000
           <...>-2533  [004] ....  4466.351385: do_swap_page: swapin tgid 2506 pid 2533 name "Binder:2506_2" vma 7fbcab9000
           <...>-2533  [004] ....  4466.351390: do_swap_page: swapin tgid 2506 pid 2533 name "Binder:2506_2" vma 7f2d61a000
           <...>-2533  [004] ....  4466.351395: do_swap_page: swapin tgid 2506 pid 2533 name "Binder:2506_2" vma 7f393ce000
           <...>-2533  [004] ....  4466.351397: do_swap_page: swapin tgid 2506 pid 2533 name "Binder:2506_2" vma 7fbe23c000
           <...>-5482  [004] ....  4466.351419: do_swap_page: swapin tgid 2467 pid 5482 name "Binder:2467_5" vma 7fbc390000
           <...>-5482  [004] ....  4466.351427: do_swap_page: swapin tgid 2467 pid 5482 name "Binder:2467_5" vma 7fbcab9000
           <...>-5647  [004] ....  4466.351468: do_swap_page: swapin tgid 5628 pid 5647 name "Binder:5628_3" vma 7fbe1e7000
           <...>-5647  [004] ....  4466.351473: do_swap_page: swapin tgid 5628 pid 5647 name "Binder:5628_3" vma 7fbe17f000
           <...>-1356  [004] ....  4466.351494: do_swap_page: swapin tgid 1333 pid 1356 name "android.anim" vma 9ee48000
           <...>-1356  [004] ....  4466.351592: do_swap_page: swapin tgid 1333 pid 1356 name "android.anim" vma 9ee4e000
           <...>-11932 [004] ....  4466.351633: do_swap_page: swapin tgid 5023 pid 11932 name "Binder:5023_4" vma 7fbe241000
           <...>-11932 [004] ....  4466.351640: do_swap_page: swapin tgid 5023 pid 11932 name "Binder:5023_4" vma 7fbe1e9000
           <...>-11932 [004] ....  4466.351644: do_swap_page: swapin tgid 5023 pid 11932 name "Binder:5023_4" vma 7f393d0000
           <...>-2533  [004] ....  4466.351660: do_swap_page: swapin tgid 2506 pid 2533 name "Binder:2506_2" vma 7fbe23c000
           <...>-2533  [004] ....  4466.351666: do_swap_page: swapin tgid 2506 pid 2533 name "Binder:2506_2" vma 7f3197f000
           <...>-5482  [004] ....  4466.351691: do_swap_page: swapin tgid 2467 pid 5482 name "Binder:2467_5" vma 7fbcab9000
           <...>-5482  [004] ....  4466.351697: do_swap_page: swapin tgid 2467 pid 5482 name "Binder:2467_5" vma 7f28b18000
           <...>-5482  [004] ....  4466.351701: do_swap_page: swapin tgid 2467 pid 5482 name "Binder:2467_5" vma 7f393ce000
           <...>-5482  [004] ....  4466.351702: do_swap_page: swapin tgid 2467 pid 5482 name "Binder:2467_5" vma 7fbe23c000
           <...>-2864  [004] ....  4466.351726: do_swap_page: swapin tgid 2803 pid 2864 name "Binder:2803_4" vma 7fbe23c000
           <...>-2864  [004] ....  4466.351731: do_swap_page: swapin tgid 2803 pid 2864 name "Binder:2803_4" vma 7f28bd4000
           <...>-2864  [004] ....  4466.351755: do_swap_page: swapin tgid 2803 pid 2864 name "Binder:2803_4" vma 7f3197f000
           <...>-5647  [004] ....  4466.351777: do_swap_page: swapin tgid 5628 pid 5647 name "Binder:5628_3" vma 7fbe17f000
           <...>-5647  [004] ....  4466.351783: do_swap_page: swapin tgid 5628 pid 5647 name "Binder:5628_3" vma 7fbe20a000
           <...>-1356  [004] ....  4466.351853: do_swap_page: swapin tgid 1333 pid 1356 name "android.anim" vma 9ee4e000
           <...>-1356  [004] ....  4466.351905: do_swap_page: swapin tgid 1333 pid 1356 name "android.anim" vma 7eb4d3b000
           <...>-1356  [004] ....  4466.351919: do_swap_page: swapin tgid 1333 pid 1356 name "android.anim" vma 7e6c17d000
           <...>-1356  [004] ....  4466.351946: do_swap_page: swapin tgid 1333 pid 1356 name "android.anim" vma 7ed0d5b000
           <...>-1356  [004] ....  4466.351962: do_swap_page: swapin tgid 1333 pid 1356 name "android.anim" vma 7f28a02000
           <...>-1356  [004] ....  4466.351995: do_swap_page: swapin tgid 1333 pid 1356 name "android.anim" vma 7f28b35000
           <...>-1356  [004] ....  4466.352001: do_swap_page: swapin tgid 1333 pid 1356 name "android.anim" vma 7eb4d39000
           <...>-1356  [004] ....  4466.352017: do_swap_page: swapin tgid 1333 pid 1356 name "android.anim" vma 7eb4d3f000
           <...>-1356  [004] ....  4466.352022: do_swap_page: swapin tgid 1333 pid 1356 name "android.anim" vma 7eb4d40000
           <...>-1356  [004] ....  4466.352037: do_swap_page: swapin tgid 1333 pid 1356 name "android.anim" vma 7eb4e74000
           <...>-1356  [004] ....  4466.352043: do_swap_page: swapin tgid 1333 pid 1356 name "android.anim" vma 7e6c15e000
           <...>-1356  [004] ....  4466.352045: do_swap_page: swapin tgid 1333 pid 1356 name "android.anim" vma 7e6c15f000
           <...>-1356  [004] ....  4466.352049: do_swap_page: swapin tgid 1333 pid 1356 name "android.anim" vma 7e80624000
           <...>-3184  [004] ....  4466.352081: do_swap_page: swapin tgid 3166 pid 3184 name "Binder:3166_2" vma 7f393d0000
           <...>-3184  [004] ....  4466.352088: do_swap_page: swapin tgid 3166 pid 3184 name "Binder:3166_2" vma 7fbe165000
           <...>-3184  [004] ....  4466.352090: do_swap_page: swapin tgid 3166 pid 3184 name "Binder:3166_2" vma 7f2d651000
           <...>-3184  [004] ....  4466.352093: do_swap_page: swapin tgid 3166 pid 3184 name "Binder:3166_2" vma 7fbc390000
           <...>-2533  [004] ....  4466.352111: do_swap_page: swapin tgid 2506 pid 2533 name "Binder:2506_2" vma 7f3197f000
           <...>-2533  [004] ....  4466.352118: do_swap_page: swapin tgid 2506 pid 2533 name "Binder:2506_2" vma 14043000
