   Binder:1333_8-1954  [004] ....  2792.502511: do_swap_page: swapin tgid 1333 pid 1954 name "Binder:1333_8" vma 13d44000
   Binder:1333_8-1954  [004] ....  2792.502532: do_swap_page: swapin tgid 1333 pid 1954 name "Binder:1333_8" vma 9eb75000
   Binder:1333_8-1954  [004] ....  2792.502649: do_swap_page: swapin tgid 1333 pid 1954 name "Binder:1333_8" vma 9eb75000
   Binder:1333_8-1954  [004] ....  2792.502666: do_swap_page: swapin tgid 1333 pid 1954 name "Binder:1333_8" vma 14411000
   Binder:1333_8-1954  [004] ....  2792.502684: do_swap_page: swapin tgid 1333 pid 1954 name "Binder:1333_8" vma 141e1000
   Binder:1333_8-1954  [004] ....  2792.502687: do_swap_page: swapin tgid 1333 pid 1954 name "Binder:1333_8" vma 14460000
   Binder:1333_8-1954  [004] ....  2792.502691: do_swap_page: swapin tgid 1333 pid 1954 name "Binder:1333_8" vma 14736000
   Binder:1333_8-1954  [004] ....  2792.502693: do_swap_page: swapin tgid 1333 pid 1954 name "Binder:1333_8" vma 14737000
   Binder:1333_8-1954  [004] ....  2792.502710: do_swap_page: swapin tgid 1333 pid 1954 name "Binder:1333_8" vma 9eb49000
   Binder:1333_8-1954  [004] ....  2792.502713: do_swap_page: swapin tgid 1333 pid 1954 name "Binder:1333_8" vma 9ede5000
   Binder:1333_8-1954  [004] ....  2792.502830: do_swap_page: swapin tgid 1333 pid 1954 name "Binder:1333_8" vma 9ede5000
   Binder:1333_8-1954  [004] ....  2792.502840: do_swap_page: swapin tgid 1333 pid 1954 name "Binder:1333_8" vma 72c9b000
   Binder:1333_8-1954  [004] ....  2792.502868: do_swap_page: swapin tgid 1333 pid 1954 name "Binder:1333_8" vma 9ed3f000
   Binder:1333_8-1954  [004] ....  2792.502976: do_swap_page: swapin tgid 1333 pid 1954 name "Binder:1333_8" vma 9ed3f000
   Binder:1333_8-1954  [004] ....  2792.502985: do_swap_page: swapin tgid 1333 pid 1954 name "Binder:1333_8" vma 7e6c4a6000
   Binder:1333_8-1954  [004] ....  2792.502990: do_swap_page: swapin tgid 1333 pid 1954 name "Binder:1333_8" vma 7e6c4a7000
   Binder:1333_8-1954  [004] ....  2792.502999: do_swap_page: swapin tgid 1333 pid 1954 name "Binder:1333_8" vma 7eb4efc000
   Binder:1333_8-1954  [004] ....  2792.503014: do_swap_page: swapin tgid 1333 pid 1954 name "Binder:1333_8" vma 7fbe235000
   Binder:1333_8-1954  [004] ....  2792.503180: do_swap_page: swapin tgid 1333 pid 1954 name "Binder:1333_8" vma 7fbe235000
   Binder:1333_8-1954  [004] ....  2792.503204: do_swap_page: swapin tgid 1333 pid 1954 name "Binder:1333_8" vma 9ee2d000
     logd.writer-568   [004] ....  2792.503249: do_swap_page: swapin tgid 557 pid 568 name "logd.writer" vma 7fbbee8000
     logd.writer-568   [004] ....  2792.503256: do_swap_page: swapin tgid 557 pid 568 name "logd.writer" vma 7fbbe6b000
         logcatd-873   [004] ....  2792.503325: do_swap_page: swapin tgid 873 pid 873 name "logcatd" vma 7fbd893000
   Binder:1333_8-1954  [004] ....  2792.503353: do_swap_page: swapin tgid 1333 pid 1954 name "Binder:1333_8" vma 9ee2d000
   Binder:1333_8-1954  [004] ....  2792.503358: do_swap_page: swapin tgid 1333 pid 1954 name "Binder:1333_8" vma 9ee9a000
         logcatd-873   [004] ....  2792.503555: do_swap_page: swapin tgid 873 pid 873 name "logcatd" vma 7fbd893000
   Binder:1333_8-1954  [004] ....  2792.503589: do_swap_page: swapin tgid 1333 pid 1954 name "Binder:1333_8" vma 9ee9a000
   Binder:1333_8-1954  [004] ....  2792.503596: do_swap_page: swapin tgid 1333 pid 1954 name "Binder:1333_8" vma 9eb44000
   Binder:1333_8-1954  [004] ....  2792.503600: do_swap_page: swapin tgid 1333 pid 1954 name "Binder:1333_8" vma 9edd5000
   Binder:1333_8-1954  [004] ....  2792.503725: do_swap_page: swapin tgid 1333 pid 1954 name "Binder:1333_8" vma 9edd5000
   Binder:1333_8-1954  [004] ....  2792.503729: do_swap_page: swapin tgid 1333 pid 1954 name "Binder:1333_8" vma 9ede7000
   Binder:1333_8-1954  [004] ....  2792.503837: do_swap_page: swapin tgid 1333 pid 1954 name "Binder:1333_8" vma 9ede7000
   Binder:1333_8-1954  [004] ....  2792.503873: do_swap_page: swapin tgid 1333 pid 1954 name "Binder:1333_8" vma 7e804a8000
   Binder:1333_8-1954  [004] ....  2792.503879: do_swap_page: swapin tgid 1333 pid 1954 name "Binder:1333_8" vma 7f28bad000
           <...>-815   [004] ....  2792.503935: do_swap_page: swapin tgid 815 pid 815 name "power@1.3-servi" vma 7fbf6ff000
           <...>-815   [004] ....  2792.504065: do_swap_page: swapin tgid 815 pid 815 name "power@1.3-servi" vma 7fbf6ff000
           <...>-815   [004] ....  2792.504099: do_swap_page: swapin tgid 815 pid 815 name "power@1.3-servi" vma 7fbb825000
   Binder:1333_8-1954  [004] ....  2792.504165: do_swap_page: swapin tgid 1333 pid 1954 name "Binder:1333_8" vma 9ed7d000
     logd.writer-568   [004] ....  2792.504219: do_swap_page: swapin tgid 557 pid 568 name "logd.writer" vma 7fb267d000
           <...>-815   [004] ....  2792.504289: do_swap_page: swapin tgid 815 pid 815 name "power@1.3-servi" vma 7fbb825000
   Binder:1333_8-1954  [004] ....  2792.504854: do_swap_page: swapin tgid 1333 pid 1954 name "Binder:1333_8" vma 9ed7d000
   Binder:1333_8-1954  [004] ....  2792.504879: do_swap_page: swapin tgid 1333 pid 1954 name "Binder:1333_8" vma 7fbe178000
     logd.writer-568   [004] ....  2792.504919: do_swap_page: swapin tgid 557 pid 568 name "logd.writer" vma 7fb26c3000
   Binder:1333_8-1954  [004] ....  2792.505011: do_swap_page: swapin tgid 1333 pid 1954 name "Binder:1333_8" vma 7fbe178000
   Binder:1333_8-1954  [004] ....  2792.505016: do_swap_page: swapin tgid 1333 pid 1954 name "Binder:1333_8" vma 7fbe23f000
   Binder:1333_8-1954  [004] ....  2792.505141: do_swap_page: swapin tgid 1333 pid 1954 name "Binder:1333_8" vma 7fbe23f000
   Binder:1333_8-1954  [004] ....  2792.505146: do_swap_page: swapin tgid 1333 pid 1954 name "Binder:1333_8" vma 7fbe237000
   Binder:1333_8-1954  [004] ....  2792.505261: do_swap_page: swapin tgid 1333 pid 1954 name "Binder:1333_8" vma 7fbe237000
   Binder:1333_8-1954  [004] ....  2792.505370: do_swap_page: swapin tgid 1333 pid 1954 name "Binder:1333_8" vma 7ed0db9000
         logcatd-873   [004] ....  2792.508538: do_swap_page: swapin tgid 873 pid 873 name "logcatd" vma 7fbd891000
         logcatd-873   [004] ....  2792.508661: do_swap_page: swapin tgid 873 pid 873 name "logcatd" vma 7fbd891000
         logcatd-873   [004] ....  2792.508664: do_swap_page: swapin tgid 873 pid 873 name "logcatd" vma 7fbd875000
         logcatd-873   [004] ....  2792.508770: do_swap_page: swapin tgid 873 pid 873 name "logcatd" vma 7fbd875000
         logcatd-873   [004] ....  2792.508773: do_swap_page: swapin tgid 873 pid 873 name "logcatd" vma 7fbd862000
         logcatd-873   [004] ....  2792.508876: do_swap_page: swapin tgid 873 pid 873 name "logcatd" vma 7fbd862000
   Binder:1333_8-1954  [004] ....  2792.510695: do_swap_page: swapin tgid 1333 pid 1954 name "Binder:1333_8" vma 9eccc000
   Binder:1333_8-1954  [004] ....  2792.510871: do_swap_page: swapin tgid 1333 pid 1954 name "Binder:1333_8" vma 9eccc000
   Binder:1333_8-1954  [004] ....  2792.511288: do_swap_page: swapin tgid 1333 pid 1954 name "Binder:1333_8" vma 9ebd8000
           <...>-2011  [004] ....  2792.511976: do_swap_page: swapin tgid 1985 pid 2011 name "Binder:1985_2" vma 7f2e0ab000
   Binder:1333_8-1954  [004] ....  2792.512024: do_swap_page: swapin tgid 1333 pid 1954 name "Binder:1333_8" vma 9eb3f000
   Binder:1333_8-1954  [004] ....  2792.512036: do_swap_page: swapin tgid 1333 pid 1954 name "Binder:1333_8" vma 9eb40000
           <...>-2011  [004] ....  2792.512156: do_swap_page: swapin tgid 1985 pid 2011 name "Binder:1985_2" vma 7f2e0ab000
           <...>-2011  [004] ....  2792.512169: do_swap_page: swapin tgid 1985 pid 2011 name "Binder:1985_2" vma 1316c000
           <...>-1985  [004] ....  2792.512260: do_swap_page: swapin tgid 1985 pid 1985 name "droid.launcher3" vma 13c82000
           <...>-1985  [004] ....  2792.512290: do_swap_page: swapin tgid 1985 pid 1985 name "droid.launcher3" vma 7fbe23f000
   Binder:1333_8-1954  [004] ....  2792.512356: do_swap_page: swapin tgid 1333 pid 1954 name "Binder:1333_8" vma 14438000
   Binder:1333_8-1954  [004] ....  2792.512365: do_swap_page: swapin tgid 1333 pid 1954 name "Binder:1333_8" vma 145c6000
   Binder:1333_8-1954  [004] ....  2792.512377: do_swap_page: swapin tgid 1333 pid 1954 name "Binder:1333_8" vma 7f2d789000
           <...>-1985  [004] ....  2792.512423: do_swap_page: swapin tgid 1985 pid 1985 name "droid.launcher3" vma 7fbe23f000
           <...>-1985  [004] ....  2792.512430: do_swap_page: swapin tgid 1985 pid 1985 name "droid.launcher3" vma 7fbe23e000
   Binder:1333_8-1954  [004] ....  2792.512455: do_swap_page: swapin tgid 1333 pid 1954 name "Binder:1333_8" vma 7e6c17e000
           <...>-1985  [004] ....  2792.512545: do_swap_page: swapin tgid 1985 pid 1985 name "droid.launcher3" vma 7fbe23e000
   Binder:1333_8-1954  [004] ....  2792.512749: do_swap_page: swapin tgid 1333 pid 1954 name "Binder:1333_8" vma 9ebe7000
   Binder:1333_8-1954  [004] ....  2792.512782: do_swap_page: swapin tgid 1333 pid 1954 name "Binder:1333_8" vma 9eddc000
   Binder:1333_8-1954  [004] ....  2792.513003: do_swap_page: swapin tgid 1333 pid 1954 name "Binder:1333_8" vma 9eddc000
           <...>-1353  [004] ....  2792.513078: do_swap_page: swapin tgid 1333 pid 1353 name "android.ui" vma 9ee95000
   Binder:1333_8-1954  [004] ....  2792.513161: do_swap_page: swapin tgid 1333 pid 1954 name "Binder:1333_8" vma 14a13000
           <...>-1353  [004] ....  2792.513205: do_swap_page: swapin tgid 1333 pid 1353 name "android.ui" vma 9ee95000
           <...>-1353  [004] ....  2792.513215: do_swap_page: swapin tgid 1333 pid 1353 name "android.ui" vma 7f20ea6000
   Binder:1333_8-1954  [004] ....  2792.513240: do_swap_page: swapin tgid 1333 pid 1954 name "Binder:1333_8" vma 9ec79000
     logd.writer-568   [004] ....  2792.513295: do_swap_page: swapin tgid 557 pid 568 name "logd.writer" vma 7fbbfdb000
     logd.writer-568   [004] ....  2792.513306: do_swap_page: swapin tgid 557 pid 568 name "logd.writer" vma 7fbbefc000
           <...>-1353  [004] ....  2792.513328: do_swap_page: swapin tgid 1333 pid 1353 name "android.ui" vma 7f20ea6000
 ndroid.systemui-1632  [004] ....  2792.513514: do_swap_page: swapin tgid 1632 pid 1632 name "ndroid.systemui" vma 9ed03000
   Binder:1333_8-1954  [004] ....  2792.513555: do_swap_page: swapin tgid 1333 pid 1954 name "Binder:1333_8" vma 9ec79000
   Binder:1333_8-1954  [004] ....  2792.513561: do_swap_page: swapin tgid 1333 pid 1954 name "Binder:1333_8" vma 14434000
 ndroid.systemui-1632  [004] ....  2792.513725: do_swap_page: swapin tgid 1632 pid 1632 name "ndroid.systemui" vma 9ed03000
 ndroid.systemui-1632  [004] ....  2792.513750: do_swap_page: swapin tgid 1632 pid 1632 name "ndroid.systemui" vma 9ed5c000
   Binder:1333_8-1954  [004] ....  2792.513786: do_swap_page: swapin tgid 1333 pid 1954 name "Binder:1333_8" vma 9edba000
     logd.writer-568   [004] ....  2792.513843: do_swap_page: swapin tgid 557 pid 568 name "logd.writer" vma 7fbbfd9000
 ndroid.systemui-1632  [004] ....  2792.513867: do_swap_page: swapin tgid 1632 pid 1632 name "ndroid.systemui" vma 9ed5c000
   Binder:1333_8-1954  [004] ....  2792.513933: do_swap_page: swapin tgid 1333 pid 1954 name "Binder:1333_8" vma 9edba000
   Binder:1333_8-1954  [004] ....  2792.514242: do_swap_page: swapin tgid 1333 pid 1954 name "Binder:1333_8" vma 14455000
   Binder:1333_8-1954  [004] ....  2792.514248: do_swap_page: swapin tgid 1333 pid 1954 name "Binder:1333_8" vma 9ec71000
         logcatd-873   [004] ....  2792.514352: do_swap_page: swapin tgid 873 pid 873 name "logcatd" vma 7fbd863000
   Binder:1333_8-1954  [004] ....  2792.514386: do_swap_page: swapin tgid 1333 pid 1954 name "Binder:1333_8" vma 9ec71000
   Binder:1333_8-1954  [004] ....  2792.514392: do_swap_page: swapin tgid 1333 pid 1954 name "Binder:1333_8" vma 145db000
   Binder:1333_8-1954  [004] ....  2792.514395: do_swap_page: swapin tgid 1333 pid 1954 name "Binder:1333_8" vma 1470f000
    Binder:910_2-1061  [004] ....  2792.514534: do_swap_page: swapin tgid 910 pid 1061 name "Binder:910_2" vma 7fbcf1a000
   Binder:1333_8-1954  [004] ....  2792.514617: do_swap_page: swapin tgid 1333 pid 1954 name "Binder:1333_8" vma 9eb4c000
    Binder:910_2-1061  [004] ....  2792.514707: do_swap_page: swapin tgid 910 pid 1061 name "Binder:910_2" vma 7fbcf1a000
    Binder:910_2-1061  [004] ....  2792.514719: do_swap_page: swapin tgid 910 pid 1061 name "Binder:910_2" vma 7fbcf3f000
   Binder:1333_8-1954  [004] ....  2792.514775: do_swap_page: swapin tgid 1333 pid 1954 name "Binder:1333_8" vma 141ca000
   Binder:1333_8-1954  [004] ....  2792.514781: do_swap_page: swapin tgid 1333 pid 1954 name "Binder:1333_8" vma 1447b000
   Binder:1333_8-1954  [004] ....  2792.515198: do_swap_page: swapin tgid 1333 pid 1954 name "Binder:1333_8" vma 7ed0da5000
   Binder:1333_8-1954  [004] ....  2792.515243: do_swap_page: swapin tgid 1333 pid 1954 name "Binder:1333_8" vma 7e8031e000
           <...>-646   [004] ....  2792.515295: do_swap_page: swapin tgid 602 pid 646 name "Binder:602_2" vma 7fb7a2c000
           <...>-646   [004] ....  2792.515319: do_swap_page: swapin tgid 602 pid 646 name "Binder:602_2" vma 7fb7a2d000
   Binder:1333_8-1954  [004] ....  2792.515439: do_swap_page: swapin tgid 1333 pid 1954 name "Binder:1333_8" vma 13fe0000
   Binder:1333_8-1954  [004] ....  2792.515445: do_swap_page: swapin tgid 1333 pid 1954 name "Binder:1333_8" vma 14734000
   Binder:1333_8-1954  [004] ....  2792.515448: do_swap_page: swapin tgid 1333 pid 1954 name "Binder:1333_8" vma 1473a000
   Binder:1333_8-1954  [004] ....  2792.515451: do_swap_page: swapin tgid 1333 pid 1954 name "Binder:1333_8" vma 9edb7000
   Binder:1333_8-1954  [004] ....  2792.515677: do_swap_page: swapin tgid 1333 pid 1954 name "Binder:1333_8" vma 9edb7000
   Binder:1333_8-1954  [004] ....  2792.515690: do_swap_page: swapin tgid 1333 pid 1954 name "Binder:1333_8" vma 1464c000
   Binder:1333_8-1954  [004] ....  2792.515748: do_swap_page: swapin tgid 1333 pid 1954 name "Binder:1333_8" vma 13a16000
           <...>-1985  [004] ....  2792.516088: do_swap_page: swapin tgid 1985 pid 1985 name "droid.launcher3" vma 7f28b48000
           <...>-1985  [004] ....  2792.516109: do_swap_page: swapin tgid 1985 pid 1985 name "droid.launcher3" vma 9ecc9000
           <...>-1985  [004] ....  2792.516113: do_swap_page: swapin tgid 1985 pid 1985 name "droid.launcher3" vma 9ecc7000
           <...>-1985  [004] ....  2792.516115: do_swap_page: swapin tgid 1985 pid 1985 name "droid.launcher3" vma 9eb7d000
           <...>-1355  [004] ....  2792.516231: do_swap_page: swapin tgid 1333 pid 1355 name "android.display" vma 9ed29000
           <...>-1985  [004] ....  2792.516303: do_swap_page: swapin tgid 1985 pid 1985 name "droid.launcher3" vma 9eb7d000
           <...>-1985  [004] ....  2792.516312: do_swap_page: swapin tgid 1985 pid 1985 name "droid.launcher3" vma 9ecce000
           <...>-1985  [004] ....  2792.516315: do_swap_page: swapin tgid 1985 pid 1985 name "droid.launcher3" vma 9ebd8000
           <...>-1355  [004] ....  2792.516369: do_swap_page: swapin tgid 1333 pid 1355 name "android.display" vma 9ed29000
           <...>-1355  [004] ....  2792.516396: do_swap_page: swapin tgid 1333 pid 1355 name "android.display" vma 9ee6e000
         logcatd-873   [004] ....  2792.516432: do_swap_page: swapin tgid 873 pid 873 name "logcatd" vma 7fbd863000
           <...>-1985  [004] ....  2792.516514: do_swap_page: swapin tgid 1985 pid 1985 name "droid.launcher3" vma 9ebd8000
           <...>-1985  [004] ....  2792.516531: do_swap_page: swapin tgid 1985 pid 1985 name "droid.launcher3" vma 9ecc6000
           <...>-1985  [004] ....  2792.516610: do_swap_page: swapin tgid 1985 pid 1985 name "droid.launcher3" vma 7fbe23d000
           <...>-1985  [004] ....  2792.516755: do_swap_page: swapin tgid 1985 pid 1985 name "droid.launcher3" vma 7fbe23d000
           <...>-11917 [004] ....  2792.516971: do_swap_page: swapin tgid 1333 pid 11917 name "Binder:1333_16" vma 14a0a000
           <...>-11917 [004] ....  2792.517123: do_swap_page: swapin tgid 1333 pid 11917 name "Binder:1333_16" vma 14a0a000
           <...>-11917 [004] ....  2792.517131: do_swap_page: swapin tgid 1333 pid 11917 name "Binder:1333_16" vma 7f2128f000
           <...>-11917 [004] ....  2792.517277: do_swap_page: swapin tgid 1333 pid 11917 name "Binder:1333_16" vma 7f2128f000
           <...>-11917 [004] ....  2792.517324: do_swap_page: swapin tgid 1333 pid 11917 name "Binder:1333_16" vma 148ed000
           <...>-11917 [004] ....  2792.517404: do_swap_page: swapin tgid 1333 pid 11917 name "Binder:1333_16" vma 14785000
           <...>-11917 [004] ....  2792.517413: do_swap_page: swapin tgid 1333 pid 11917 name "Binder:1333_16" vma 7eb4255000
           <...>-11917 [004] ....  2792.517443: do_swap_page: swapin tgid 1333 pid 11917 name "Binder:1333_16" vma 9ec65000
   Binder:6055_D-9223  [004] ....  2792.517488: do_swap_page: swapin tgid 6055 pid 9223 name "Binder:6055_D" vma 7ea41ff000
   Binder:6055_D-9223  [004] ....  2792.517497: do_swap_page: swapin tgid 6055 pid 9223 name "Binder:6055_D" vma 7ea4271000
   Binder:6055_D-9223  [004] ....  2792.517506: do_swap_page: swapin tgid 6055 pid 9223 name "Binder:6055_D" vma 13dfb000
   Binder:6055_D-9223  [004] ....  2792.517530: do_swap_page: swapin tgid 6055 pid 9223 name "Binder:6055_D" vma 7eb3601000
   Binder:6055_D-9223  [004] ....  2792.517562: do_swap_page: swapin tgid 6055 pid 9223 name "Binder:6055_D" vma 7ea4270000
   Binder:6055_D-9223  [004] ....  2792.517569: do_swap_page: swapin tgid 6055 pid 9223 name "Binder:6055_D" vma 7eb2121000
   Binder:6055_D-9223  [004] ....  2792.517577: do_swap_page: swapin tgid 6055 pid 9223 name "Binder:6055_D" vma 147b6000
 droid.apps.maps-6055  [004] ....  2792.517620: do_swap_page: swapin tgid 6055 pid 6055 name "droid.apps.maps" vma 1384a000
 droid.apps.maps-6055  [004] ....  2792.517626: do_swap_page: swapin tgid 6055 pid 6055 name "droid.apps.maps" vma 15324000
 droid.apps.maps-6055  [004] ....  2792.517636: do_swap_page: swapin tgid 6055 pid 6055 name "droid.apps.maps" vma 7fbe1d5000
 droid.apps.maps-6055  [004] ....  2792.517641: do_swap_page: swapin tgid 6055 pid 6055 name "droid.apps.maps" vma 7f28f77000
 droid.apps.maps-6055  [004] ....  2792.517649: do_swap_page: swapin tgid 6055 pid 6055 name "droid.apps.maps" vma 7fbf700000
 droid.apps.maps-6055  [004] ....  2792.517652: do_swap_page: swapin tgid 6055 pid 6055 name "droid.apps.maps" vma 7f28fc3000
 droid.apps.maps-6055  [004] ....  2792.517657: do_swap_page: swapin tgid 6055 pid 6055 name "droid.apps.maps" vma 7fbe166000
 droid.apps.maps-6055  [004] ....  2792.517661: do_swap_page: swapin tgid 6055 pid 6055 name "droid.apps.maps" vma 7f28bd8000
 droid.apps.maps-6055  [004] ....  2792.517664: do_swap_page: swapin tgid 6055 pid 6055 name "droid.apps.maps" vma 7f28a00000
 droid.apps.maps-6055  [004] ....  2792.517682: do_swap_page: swapin tgid 6055 pid 6055 name "droid.apps.maps" vma 142a5000
 droid.apps.maps-6055  [004] ....  2792.517688: do_swap_page: swapin tgid 6055 pid 6055 name "droid.apps.maps" vma 7ea42d9000
 droid.apps.maps-6055  [004] ....  2792.517693: do_swap_page: swapin tgid 6055 pid 6055 name "droid.apps.maps" vma 7ea42db000
           <...>-6093  [004] ....  2792.517759: do_swap_page: swapin tgid 6055 pid 6093 name "RenderThread" vma 7eb364d000
           <...>-6093  [004] ....  2792.517768: do_swap_page: swapin tgid 6055 pid 6093 name "RenderThread" vma 7f39833000
           <...>-6093  [004] ....  2792.517772: do_swap_page: swapin tgid 6055 pid 6093 name "RenderThread" vma 7fbc597000
           <...>-6093  [004] ....  2792.517776: do_swap_page: swapin tgid 6055 pid 6093 name "RenderThread" vma 7f39804000
           <...>-6093  [004] ....  2792.517780: do_swap_page: swapin tgid 6055 pid 6093 name "RenderThread" vma 7f39838000
           <...>-6093  [004] ....  2792.517783: do_swap_page: swapin tgid 6055 pid 6093 name "RenderThread" vma 7f39806000
           <...>-6093  [004] ....  2792.517785: do_swap_page: swapin tgid 6055 pid 6093 name "RenderThread" vma 7f3980a000
           <...>-6093  [004] ....  2792.517786: do_swap_page: swapin tgid 6055 pid 6093 name "RenderThread" vma 7f3982e000
           <...>-6093  [004] ....  2792.517788: do_swap_page: swapin tgid 6055 pid 6093 name "RenderThread" vma 7f39837000
           <...>-6093  [004] ....  2792.517790: do_swap_page: swapin tgid 6055 pid 6093 name "RenderThread" vma 7f39853000
           <...>-6093  [004] ....  2792.517794: do_swap_page: swapin tgid 6055 pid 6093 name "RenderThread" vma 7f2d804000
           <...>-11917 [004] ....  2792.517844: do_swap_page: swapin tgid 1333 pid 11917 name "Binder:1333_16" vma 9ec65000
           <...>-11917 [004] ....  2792.517867: do_swap_page: swapin tgid 1333 pid 11917 name "Binder:1333_16" vma 7f2d685000
           <...>-11917 [004] ....  2792.517873: do_swap_page: swapin tgid 1333 pid 11917 name "Binder:1333_16" vma 7eb41d6000
           <...>-1355  [004] ....  2792.517898: do_swap_page: swapin tgid 1333 pid 1355 name "android.display" vma 9ee6e000
           <...>-1355  [004] ....  2792.517929: do_swap_page: swapin tgid 1333 pid 1355 name "android.display" vma 14355000
     logd.writer-568   [004] ....  2792.517981: do_swap_page: swapin tgid 557 pid 568 name "logd.writer" vma 7fb25fc000
           <...>-11917 [004] ....  2792.518055: do_swap_page: swapin tgid 1333 pid 11917 name "Binder:1333_16" vma 7eb41d6000
           <...>-11917 [004] ....  2792.518072: do_swap_page: swapin tgid 1333 pid 11917 name "Binder:1333_16" vma 7eb41d7000
           <...>-1355  [004] ....  2792.518100: do_swap_page: swapin tgid 1333 pid 1355 name "android.display" vma 14355000
           <...>-1355  [004] ....  2792.518106: do_swap_page: swapin tgid 1333 pid 1355 name "android.display" vma 7ed1df6000
           <...>-11917 [004] ....  2792.518213: do_swap_page: swapin tgid 1333 pid 11917 name "Binder:1333_16" vma 7eb41d7000
           <...>-11917 [004] ....  2792.518304: do_swap_page: swapin tgid 1333 pid 11917 name "Binder:1333_16" vma 7e611ad000
           <...>-1355  [004] ....  2792.518363: do_swap_page: swapin tgid 1333 pid 1355 name "android.display" vma 7ed1df6000
           <...>-1355  [004] ....  2792.518370: do_swap_page: swapin tgid 1333 pid 1355 name "android.display" vma 9eb92000
           <...>-11917 [004] ....  2792.518407: do_swap_page: swapin tgid 1333 pid 11917 name "Binder:1333_16" vma 7eb4294000
           <...>-11917 [004] ....  2792.518419: do_swap_page: swapin tgid 1333 pid 11917 name "Binder:1333_16" vma 7f2d7cd000
           <...>-11917 [004] ....  2792.518423: do_swap_page: swapin tgid 1333 pid 11917 name "Binder:1333_16" vma 7f2d7ce000
   Binder:6055_D-9223  [004] ....  2792.518607: do_swap_page: swapin tgid 6055 pid 9223 name "Binder:6055_D" vma 7fbe177000
   Binder:6055_D-9223  [004] ....  2792.518624: do_swap_page: swapin tgid 6055 pid 9223 name "Binder:6055_D" vma 7f28afc000
   Binder:6055_D-9223  [004] ....  2792.518638: do_swap_page: swapin tgid 6055 pid 9223 name "Binder:6055_D" vma 7f2d618000
   Binder:6055_D-9223  [004] ....  2792.518642: do_swap_page: swapin tgid 6055 pid 9223 name "Binder:6055_D" vma 7fbe35b000
   Binder:6055_D-9223  [004] ....  2792.518649: do_swap_page: swapin tgid 6055 pid 9223 name "Binder:6055_D" vma 13859000
   Binder:6055_D-9223  [004] ....  2792.518653: do_swap_page: swapin tgid 6055 pid 9223 name "Binder:6055_D" vma 1531a000
   Binder:6055_D-9223  [004] ....  2792.518656: do_swap_page: swapin tgid 6055 pid 9223 name "Binder:6055_D" vma 15318000
   Binder:6055_D-9223  [004] ....  2792.518661: do_swap_page: swapin tgid 6055 pid 9223 name "Binder:6055_D" vma 7f395f1000
           <...>-1355  [004] ....  2792.518694: do_swap_page: swapin tgid 1333 pid 1355 name "android.display" vma 9eb92000
           <...>-1355  [004] ....  2792.518699: do_swap_page: swapin tgid 1333 pid 1355 name "android.display" vma 9ee33000
           <...>-11917 [004] ....  2792.518719: do_swap_page: swapin tgid 1333 pid 11917 name "Binder:1333_16" vma 7e6c54e000
           <...>-11917 [004] ....  2792.518723: do_swap_page: swapin tgid 1333 pid 11917 name "Binder:1333_16" vma 7f2d6f0000
           <...>-11917 [004] ....  2792.518741: do_swap_page: swapin tgid 1333 pid 11917 name "Binder:1333_16" vma 7f2d6f1000
           <...>-11917 [004] ....  2792.518779: do_swap_page: swapin tgid 1333 pid 11917 name "Binder:1333_16" vma 9ee22000
           <...>-1355  [004] ....  2792.518810: do_swap_page: swapin tgid 1333 pid 1355 name "android.display" vma 9ee33000
           <...>-11917 [004] ....  2792.518910: do_swap_page: swapin tgid 1333 pid 11917 name "Binder:1333_16" vma 9ee22000
           <...>-11917 [004] ....  2792.518928: do_swap_page: swapin tgid 1333 pid 11917 name "Binder:1333_16" vma 14362000
           <...>-11917 [004] ....  2792.518932: do_swap_page: swapin tgid 1333 pid 11917 name "Binder:1333_16" vma 13fcf000
           <...>-11917 [004] ....  2792.519105: do_swap_page: swapin tgid 1333 pid 11917 name "Binder:1333_16" vma 13fcf000
           <...>-11917 [004] ....  2792.519116: do_swap_page: swapin tgid 1333 pid 11917 name "Binder:1333_16" vma 13fce000
           <...>-11917 [004] ....  2792.519126: do_swap_page: swapin tgid 1333 pid 11917 name "Binder:1333_16" vma 13d80000
           <...>-11917 [004] ....  2792.519133: do_swap_page: swapin tgid 1333 pid 11917 name "Binder:1333_16" vma 145e0000
           <...>-11917 [004] ....  2792.519135: do_swap_page: swapin tgid 1333 pid 11917 name "Binder:1333_16" vma 9eb53000
           <...>-11917 [004] ....  2792.519138: do_swap_page: swapin tgid 1333 pid 11917 name "Binder:1333_16" vma 9edf3000
           <...>-11917 [004] ....  2792.519254: do_swap_page: swapin tgid 1333 pid 11917 name "Binder:1333_16" vma 9edf3000
           <...>-11917 [004] ....  2792.519259: do_swap_page: swapin tgid 1333 pid 11917 name "Binder:1333_16" vma 1434e000
           <...>-11917 [004] ....  2792.519263: do_swap_page: swapin tgid 1333 pid 11917 name "Binder:1333_16" vma 143f8000
           <...>-11917 [004] ....  2792.519270: do_swap_page: swapin tgid 1333 pid 11917 name "Binder:1333_16" vma 7e612db000
           <...>-11917 [004] ....  2792.519273: do_swap_page: swapin tgid 1333 pid 11917 name "Binder:1333_16" vma 7e612dc000
           <...>-11917 [004] ....  2792.519275: do_swap_page: swapin tgid 1333 pid 11917 name "Binder:1333_16" vma 7e61493000
           <...>-2396  [004] ....  2792.519354: do_swap_page: swapin tgid 1333 pid 2396 name "LazyTaskWriterT" vma 7e6e877000
           <...>-2396  [004] ....  2792.519361: do_swap_page: swapin tgid 1333 pid 2396 name "LazyTaskWriterT" vma 7e6e878000
           <...>-2396  [004] ....  2792.519365: do_swap_page: swapin tgid 1333 pid 2396 name "LazyTaskWriterT" vma 7e6e876000
           <...>-2396  [004] ....  2792.519369: do_swap_page: swapin tgid 1333 pid 2396 name "LazyTaskWriterT" vma 14709000
 droid.apps.maps-6055  [004] ....  2792.519387: do_swap_page: swapin tgid 6055 pid 6055 name "droid.apps.maps" vma 7f28f26000
 droid.apps.maps-6055  [004] ....  2792.519399: do_swap_page: swapin tgid 6055 pid 6055 name "droid.apps.maps" vma 7fbcd0f000
           <...>-11917 [004] ....  2792.519461: do_swap_page: swapin tgid 1333 pid 11917 name "Binder:1333_16" vma 13f8e000
           <...>-11917 [004] ....  2792.519490: do_swap_page: swapin tgid 1333 pid 11917 name "Binder:1333_16" vma 9ec77000
           <...>-11917 [004] ....  2792.519613: do_swap_page: swapin tgid 1333 pid 11917 name "Binder:1333_16" vma 9ec77000
           <...>-11917 [004] ....  2792.519622: do_swap_page: swapin tgid 1333 pid 11917 name "Binder:1333_16" vma 7fbe238000
           <...>-11917 [004] ....  2792.519731: do_swap_page: swapin tgid 1333 pid 11917 name "Binder:1333_16" vma 7fbe238000
           <...>-11917 [004] ....  2792.519752: do_swap_page: swapin tgid 1333 pid 11917 name "Binder:1333_16" vma 7e6c2d5000
           <...>-11917 [004] ....  2792.519766: do_swap_page: swapin tgid 1333 pid 11917 name "Binder:1333_16" vma 9eb9f000
           <...>-11917 [004] ....  2792.519962: do_swap_page: swapin tgid 1333 pid 11917 name "Binder:1333_16" vma 141ff000
           <...>-11917 [004] ....  2792.519977: do_swap_page: swapin tgid 1333 pid 11917 name "Binder:1333_16" vma 7eb4344000
           <...>-11917 [004] ....  2792.520129: do_swap_page: swapin tgid 1333 pid 11917 name "Binder:1333_16" vma 9ee9c000
           <...>-11917 [004] ....  2792.520260: do_swap_page: swapin tgid 1333 pid 11917 name "Binder:1333_16" vma 9ee9c000
           <...>-11917 [004] ....  2792.520266: do_swap_page: swapin tgid 1333 pid 11917 name "Binder:1333_16" vma 9ee87000
     logd.writer-568   [004] ....  2792.520308: do_swap_page: swapin tgid 557 pid 568 name "logd.writer" vma 7fb2781000
     logd.writer-568   [004] ....  2792.520316: do_swap_page: swapin tgid 557 pid 568 name "logd.writer" vma 7fbbe33000
     logd.writer-568   [004] ....  2792.520320: do_swap_page: swapin tgid 557 pid 568 name "logd.writer" vma 7fb2609000
     logd.writer-568   [004] ....  2792.520334: do_swap_page: swapin tgid 557 pid 568 name "logd.writer" vma 7fb27b1000
           <...>-11917 [004] ....  2792.520380: do_swap_page: swapin tgid 1333 pid 11917 name "Binder:1333_16" vma 9ee87000
           <...>-11917 [004] ....  2792.520470: do_swap_page: swapin tgid 1333 pid 11917 name "Binder:1333_16" vma 7f2d692000
           <...>-11917 [004] ....  2792.520548: do_swap_page: swapin tgid 1333 pid 11917 name "Binder:1333_16" vma 7e6131a000
           <...>-11917 [004] ....  2792.520552: do_swap_page: swapin tgid 1333 pid 11917 name "Binder:1333_16" vma 7e61319000
           <...>-11917 [004] ....  2792.520862: do_swap_page: swapin tgid 1333 pid 11917 name "Binder:1333_16" vma 7eb4345000
           <...>-11917 [004] ....  2792.520867: do_swap_page: swapin tgid 1333 pid 11917 name "Binder:1333_16" vma 7eb4346000
           <...>-11917 [004] ....  2792.520880: do_swap_page: swapin tgid 1333 pid 11917 name "Binder:1333_16" vma 7eb4349000
           <...>-11917 [004] ....  2792.520916: do_swap_page: swapin tgid 1333 pid 11917 name "Binder:1333_16" vma 7eb42bf000
           <...>-11917 [004] ....  2792.520930: do_swap_page: swapin tgid 1333 pid 11917 name "Binder:1333_16" vma 7e61227000
           <...>-11917 [004] ....  2792.520936: do_swap_page: swapin tgid 1333 pid 11917 name "Binder:1333_16" vma 7e61228000
           <...>-11917 [004] ....  2792.520939: do_swap_page: swapin tgid 1333 pid 11917 name "Binder:1333_16" vma 7e611a7000
           <...>-11917 [004] ....  2792.520941: do_swap_page: swapin tgid 1333 pid 11917 name "Binder:1333_16" vma 7e611a8000
           <...>-11917 [004] ....  2792.520946: do_swap_page: swapin tgid 1333 pid 11917 name "Binder:1333_16" vma 7e611a9000
           <...>-11917 [004] ....  2792.520964: do_swap_page: swapin tgid 1333 pid 11917 name "Binder:1333_16" vma 7eb4336000
           <...>-11917 [004] ....  2792.520970: do_swap_page: swapin tgid 1333 pid 11917 name "Binder:1333_16" vma 7e61217000
           <...>-11917 [004] ....  2792.520972: do_swap_page: swapin tgid 1333 pid 11917 name "Binder:1333_16" vma 7e61218000
           <...>-11917 [004] ....  2792.520977: do_swap_page: swapin tgid 1333 pid 11917 name "Binder:1333_16" vma 7e6125a000
           <...>-11917 [004] ....  2792.520983: do_swap_page: swapin tgid 1333 pid 11917 name "Binder:1333_16" vma 7f2d6fe000
           <...>-11917 [004] ....  2792.520988: do_swap_page: swapin tgid 1333 pid 11917 name "Binder:1333_16" vma 7f2d6ff000
           <...>-11917 [004] ....  2792.520998: do_swap_page: swapin tgid 1333 pid 11917 name "Binder:1333_16" vma 7eb431f000
           <...>-11917 [004] ....  2792.521006: do_swap_page: swapin tgid 1333 pid 11917 name "Binder:1333_16" vma 7eb4320000
 droid.apps.maps-6055  [004] ....  2792.521063: do_swap_page: swapin tgid 6055 pid 6055 name "droid.apps.maps" vma 7fbcd0f000
 droid.apps.maps-6055  [004] ....  2792.521094: do_swap_page: swapin tgid 6055 pid 6055 name "droid.apps.maps" vma 15302000
 droid.apps.maps-6055  [004] ....  2792.521105: do_swap_page: swapin tgid 6055 pid 6055 name "droid.apps.maps" vma 7ea41fb000
           <...>-11917 [004] ....  2792.521420: do_swap_page: swapin tgid 1333 pid 11917 name "Binder:1333_16" vma 7eb4708000
     logd.writer-568   [004] ....  2792.521473: do_swap_page: swapin tgid 557 pid 568 name "logd.writer" vma 7fbbe86000
 droid.apps.maps-6055  [004] ....  2792.521632: do_swap_page: swapin tgid 6055 pid 6055 name "droid.apps.maps" vma 7ea41fb000
 droid.apps.maps-6055  [004] ....  2792.521638: do_swap_page: swapin tgid 6055 pid 6055 name "droid.apps.maps" vma 7ea41fc000
 droid.apps.maps-6055  [004] ....  2792.521644: do_swap_page: swapin tgid 6055 pid 6055 name "droid.apps.maps" vma 7f28bd9000
 droid.apps.maps-6055  [004] ....  2792.521711: do_swap_page: swapin tgid 6055 pid 6055 name "droid.apps.maps" vma 14190000
 droid.apps.maps-6055  [004] ....  2792.521717: do_swap_page: swapin tgid 6055 pid 6055 name "droid.apps.maps" vma 14193000
 droid.apps.maps-6055  [004] ....  2792.521721: do_swap_page: swapin tgid 6055 pid 6055 name "droid.apps.maps" vma 14194000
 droid.apps.maps-6055  [004] ....  2792.521726: do_swap_page: swapin tgid 6055 pid 6055 name "droid.apps.maps" vma 72c80000
 droid.apps.maps-6055  [004] ....  2792.521730: do_swap_page: swapin tgid 6055 pid 6055 name "droid.apps.maps" vma 72c7e000
 droid.apps.maps-6055  [004] ....  2792.521734: do_swap_page: swapin tgid 6055 pid 6055 name "droid.apps.maps" vma 72b26000
 droid.apps.maps-6055  [004] ....  2792.521739: do_swap_page: swapin tgid 6055 pid 6055 name "droid.apps.maps" vma 72b2f000
 droid.apps.maps-6055  [004] ....  2792.521743: do_swap_page: swapin tgid 6055 pid 6055 name "droid.apps.maps" vma 1419e000
 droid.apps.maps-6055  [004] ....  2792.521750: do_swap_page: swapin tgid 6055 pid 6055 name "droid.apps.maps" vma 1418f000
 droid.apps.maps-6055  [004] ....  2792.521753: do_swap_page: swapin tgid 6055 pid 6055 name "droid.apps.maps" vma 9ec6e000
 droid.apps.maps-6055  [004] ....  2792.521756: do_swap_page: swapin tgid 6055 pid 6055 name "droid.apps.maps" vma 9ec6f000
           <...>-11917 [004] ....  2792.521778: do_swap_page: swapin tgid 1333 pid 11917 name "Binder:1333_16" vma 7eb4708000
           <...>-1355  [004] ....  2792.521901: do_swap_page: swapin tgid 1333 pid 1355 name "android.display" vma 9eb1e000
           <...>-1355  [004] ....  2792.521907: do_swap_page: swapin tgid 1333 pid 1355 name "android.display" vma 9ee38000
           <...>-1985  [004] ....  2792.521993: do_swap_page: swapin tgid 1985 pid 1985 name "droid.launcher3" vma 72b3e000
           <...>-1355  [004] ....  2792.522061: do_swap_page: swapin tgid 1333 pid 1355 name "android.display" vma 9ee38000
           <...>-1355  [004] ....  2792.522066: do_swap_page: swapin tgid 1333 pid 1355 name "android.display" vma 9ed83000
 droid.apps.maps-6055  [004] ....  2792.522103: do_swap_page: swapin tgid 6055 pid 6055 name "droid.apps.maps" vma 9ec6f000
 droid.apps.maps-6055  [004] ....  2792.522109: do_swap_page: swapin tgid 6055 pid 6055 name "droid.apps.maps" vma 9ee06000
 droid.apps.maps-6055  [004] ....  2792.522113: do_swap_page: swapin tgid 6055 pid 6055 name "droid.apps.maps" vma 9ee07000
           <...>-1985  [004] ....  2792.522165: do_swap_page: swapin tgid 1985 pid 1985 name "droid.launcher3" vma 72b3e000
           <...>-1985  [004] ....  2792.522426: do_swap_page: swapin tgid 1985 pid 1985 name "droid.launcher3" vma 13d6a000
           <...>-1985  [004] ....  2792.522434: do_swap_page: swapin tgid 1985 pid 1985 name "droid.launcher3" vma 7fbb88f000
           <...>-1985  [004] ....  2792.522438: do_swap_page: swapin tgid 1985 pid 1985 name "droid.launcher3" vma 13d6c000
           <...>-1985  [004] ....  2792.522443: do_swap_page: swapin tgid 1985 pid 1985 name "droid.launcher3" vma 13d71000
           <...>-1985  [004] ....  2792.522454: do_swap_page: swapin tgid 1985 pid 1985 name "droid.launcher3" vma 13d70000
           <...>-1985  [004] ....  2792.522536: do_swap_page: swapin tgid 1985 pid 1985 name "droid.launcher3" vma 72b50000
           <...>-1355  [004] ....  2792.522633: do_swap_page: swapin tgid 1333 pid 1355 name "android.display" vma 9ed83000
           <...>-1355  [004] ....  2792.522657: do_swap_page: swapin tgid 1333 pid 1355 name "android.display" vma 7f2d7d2000
           <...>-1355  [004] ....  2792.522665: do_swap_page: swapin tgid 1333 pid 1355 name "android.display" vma 7eb4307000
           <...>-1355  [004] ....  2792.522673: do_swap_page: swapin tgid 1333 pid 1355 name "android.display" vma 7e5735b000
           <...>-2011  [004] ....  2792.523064: do_swap_page: swapin tgid 1985 pid 2011 name "Binder:1985_2" vma 7f2d652000
 ndroid.systemui-1632  [004] ....  2792.523110: do_swap_page: swapin tgid 1632 pid 1632 name "ndroid.systemui" vma 9ec92000
 ndroid.systemui-1632  [004] ....  2792.523120: do_swap_page: swapin tgid 1632 pid 1632 name "ndroid.systemui" vma 9ed42000
           <...>-1985  [004] ....  2792.523297: do_swap_page: swapin tgid 1985 pid 1985 name "droid.launcher3" vma 72b50000
           <...>-1985  [004] ....  2792.523318: do_swap_page: swapin tgid 1985 pid 1985 name "droid.launcher3" vma 72b51000
 ndroid.systemui-1632  [004] ....  2792.523346: do_swap_page: swapin tgid 1632 pid 1632 name "ndroid.systemui" vma 9ed42000
 ndroid.systemui-1632  [004] ....  2792.523354: do_swap_page: swapin tgid 1632 pid 1632 name "ndroid.systemui" vma 9ed2f000
           <...>-1985  [004] ....  2792.523481: do_swap_page: swapin tgid 1985 pid 1985 name "droid.launcher3" vma 72b51000
           <...>-1985  [004] ....  2792.523512: do_swap_page: swapin tgid 1985 pid 1985 name "droid.launcher3" vma 7ecedca000
           <...>-1985  [004] ....  2792.523521: do_swap_page: swapin tgid 1985 pid 1985 name "droid.launcher3" vma 13d6f000
           <...>-1985  [004] ....  2792.523526: do_swap_page: swapin tgid 1985 pid 1985 name "droid.launcher3" vma 72b45000
 ndroid.systemui-1632  [004] ....  2792.523563: do_swap_page: swapin tgid 1632 pid 1632 name "ndroid.systemui" vma 9ed2f000
 ndroid.systemui-1632  [004] ....  2792.523569: do_swap_page: swapin tgid 1632 pid 1632 name "ndroid.systemui" vma 13ec0000
 ndroid.systemui-1632  [004] ....  2792.523576: do_swap_page: swapin tgid 1632 pid 1632 name "ndroid.systemui" vma 9ec5d000
           <...>-1450  [004] ....  2792.523830: do_swap_page: swapin tgid 602 pid 1450 name "Binder:602_4" vma 7fba682000
           <...>-1450  [004] ....  2792.523852: do_swap_page: swapin tgid 602 pid 1450 name "Binder:602_4" vma 7fba683000
           <...>-1356  [004] ....  2792.524067: do_swap_page: swapin tgid 1333 pid 1356 name "android.anim" vma 7ed0d96000
           <...>-1985  [004] ....  2792.524189: do_swap_page: swapin tgid 1985 pid 1985 name "droid.launcher3" vma 72b45000
           <...>-1985  [004] ....  2792.524207: do_swap_page: swapin tgid 1985 pid 1985 name "droid.launcher3" vma 7ecebe7000
           <...>-1985  [004] ....  2792.524216: do_swap_page: swapin tgid 1985 pid 1985 name "droid.launcher3" vma 13d6d000
           <...>-1985  [004] ....  2792.524225: do_swap_page: swapin tgid 1985 pid 1985 name "droid.launcher3" vma 13d65000
           <...>-1355  [004] ....  2792.524297: do_swap_page: swapin tgid 1333 pid 1355 name "android.display" vma 9eb7e000
 droid.apps.maps-6055  [004] ....  2792.524340: do_swap_page: swapin tgid 6055 pid 6055 name "droid.apps.maps" vma 9ee07000
 droid.apps.maps-6055  [004] ....  2792.524348: do_swap_page: swapin tgid 6055 pid 6055 name "droid.apps.maps" vma 9ec5e000
           <...>-1985  [004] ....  2792.524365: do_swap_page: swapin tgid 1985 pid 1985 name "droid.launcher3" vma 13d65000
           <...>-1985  [004] ....  2792.524447: do_swap_page: swapin tgid 1985 pid 1985 name "droid.launcher3" vma 9eb63000
           <...>-1355  [004] ....  2792.524539: do_swap_page: swapin tgid 1333 pid 1355 name "android.display" vma 9eb7e000
           <...>-1355  [004] ....  2792.524556: do_swap_page: swapin tgid 1333 pid 1355 name "android.display" vma 9ee5f000
           <...>-1985  [004] ....  2792.524612: do_swap_page: swapin tgid 1985 pid 1985 name "droid.launcher3" vma 9eb63000
           <...>-1985  [004] ....  2792.524621: do_swap_page: swapin tgid 1985 pid 1985 name "droid.launcher3" vma 9eb30000
           <...>-1985  [004] ....  2792.524646: do_swap_page: swapin tgid 1985 pid 1985 name "droid.launcher3" vma 1326f000
           <...>-1985  [004] ....  2792.524663: do_swap_page: swapin tgid 1985 pid 1985 name "droid.launcher3" vma 132aa000
           <...>-1985  [004] ....  2792.524702: do_swap_page: swapin tgid 1985 pid 1985 name "droid.launcher3" vma 1329c000
           <...>-1985  [004] ....  2792.524714: do_swap_page: swapin tgid 1985 pid 1985 name "droid.launcher3" vma 1328b000
           <...>-1985  [004] ....  2792.524721: do_swap_page: swapin tgid 1985 pid 1985 name "droid.launcher3" vma 13274000
           <...>-1985  [004] ....  2792.524725: do_swap_page: swapin tgid 1985 pid 1985 name "droid.launcher3" vma 13273000
           <...>-1985  [004] ....  2792.524728: do_swap_page: swapin tgid 1985 pid 1985 name "droid.launcher3" vma 13272000
           <...>-1985  [004] ....  2792.524732: do_swap_page: swapin tgid 1985 pid 1985 name "droid.launcher3" vma 13270000
           <...>-1985  [004] ....  2792.524736: do_swap_page: swapin tgid 1985 pid 1985 name "droid.launcher3" vma 13d60000
           <...>-1985  [004] ....  2792.524742: do_swap_page: swapin tgid 1985 pid 1985 name "droid.launcher3" vma 13d61000
 droid.apps.maps-6055  [004] ....  2792.524770: do_swap_page: swapin tgid 6055 pid 6055 name "droid.apps.maps" vma 9ec5e000
 droid.apps.maps-6055  [004] ....  2792.524775: do_swap_page: swapin tgid 6055 pid 6055 name "droid.apps.maps" vma 9ec5f000
 droid.apps.maps-6055  [004] ....  2792.524778: do_swap_page: swapin tgid 6055 pid 6055 name "droid.apps.maps" vma 9ebe6000
 droid.apps.maps-6055  [004] ....  2792.524781: do_swap_page: swapin tgid 6055 pid 6055 name "droid.apps.maps" vma 9ebe7000
           <...>-1355  [004] ....  2792.524796: do_swap_page: swapin tgid 1333 pid 1355 name "android.display" vma 9ee5f000
           <...>-1355  [004] ....  2792.524801: do_swap_page: swapin tgid 1333 pid 1355 name "android.display" vma 9eddd000
           <...>-1985  [004] ....  2792.524866: do_swap_page: swapin tgid 1985 pid 1985 name "droid.launcher3" vma 13d61000
           <...>-1985  [004] ....  2792.524871: do_swap_page: swapin tgid 1985 pid 1985 name "droid.launcher3" vma 13d62000
           <...>-1985  [004] ....  2792.524875: do_swap_page: swapin tgid 1985 pid 1985 name "droid.launcher3" vma 13d5d000
 droid.apps.maps-6055  [004] ....  2792.524941: do_swap_page: swapin tgid 6055 pid 6055 name "droid.apps.maps" vma 9ebe7000
 droid.apps.maps-6055  [004] ....  2792.524946: do_swap_page: swapin tgid 6055 pid 6055 name "droid.apps.maps" vma 141bc000
 droid.apps.maps-6055  [004] ....  2792.524949: do_swap_page: swapin tgid 6055 pid 6055 name "droid.apps.maps" vma 141bd000
 droid.apps.maps-6055  [004] ....  2792.524951: do_swap_page: swapin tgid 6055 pid 6055 name "droid.apps.maps" vma 9ed67000
           <...>-1355  [004] ....  2792.524969: do_swap_page: swapin tgid 1333 pid 1355 name "android.display" vma 9eddd000
           <...>-1355  [004] ....  2792.525010: do_swap_page: swapin tgid 1333 pid 1355 name "android.display" vma 155e0000
           <...>-1985  [004] ....  2792.525039: do_swap_page: swapin tgid 1985 pid 1985 name "droid.launcher3" vma 13d5d000
           <...>-1985  [004] ....  2792.525052: do_swap_page: swapin tgid 1985 pid 1985 name "droid.launcher3" vma 13d5f000
           <...>-1985  [004] ....  2792.525193: do_swap_page: swapin tgid 1985 pid 1985 name "droid.launcher3" vma 13d5f000
           <...>-1985  [004] ....  2792.525258: do_swap_page: swapin tgid 1985 pid 1985 name "droid.launcher3" vma 9ec45000
 droid.apps.maps-6055  [004] ....  2792.525283: do_swap_page: swapin tgid 6055 pid 6055 name "droid.apps.maps" vma 9ed67000
 droid.apps.maps-6055  [004] ....  2792.525288: do_swap_page: swapin tgid 6055 pid 6055 name "droid.apps.maps" vma 9ed68000
           <...>-1355  [004] ....  2792.525303: do_swap_page: swapin tgid 1333 pid 1355 name "android.display" vma 155e0000
           <...>-1355  [004] ....  2792.525317: do_swap_page: swapin tgid 1333 pid 1355 name "android.display" vma 7e611f6000
           <...>-1355  [004] ....  2792.525321: do_swap_page: swapin tgid 1333 pid 1355 name "android.display" vma 7e611f7000
           <...>-1355  [004] ....  2792.525349: do_swap_page: swapin tgid 1333 pid 1355 name "android.display" vma 1509f000
           <...>-1355  [004] ....  2792.525355: do_swap_page: swapin tgid 1333 pid 1355 name "android.display" vma 150b0000
           <...>-1355  [004] ....  2792.525378: do_swap_page: swapin tgid 1333 pid 1355 name "android.display" vma 9eb73000
           <...>-1985  [004] ....  2792.525474: do_swap_page: swapin tgid 1985 pid 1985 name "droid.launcher3" vma 9ec45000
           <...>-9247  [004] ....  2792.525610: do_swap_page: swapin tgid 1632 pid 9247 name "Binder:1632_E" vma 7ec021c000
 droid.apps.maps-6055  [004] ....  2792.525641: do_swap_page: swapin tgid 6055 pid 6055 name "droid.apps.maps" vma 9ed68000
 droid.apps.maps-6055  [004] ....  2792.525646: do_swap_page: swapin tgid 6055 pid 6055 name "droid.apps.maps" vma 1418e000
 droid.apps.maps-6055  [004] ....  2792.525649: do_swap_page: swapin tgid 6055 pid 6055 name "droid.apps.maps" vma 141c6000
 droid.apps.maps-6055  [004] ....  2792.525650: do_swap_page: swapin tgid 6055 pid 6055 name "droid.apps.maps" vma 9edb5000
 droid.apps.maps-6055  [004] ....  2792.525653: do_swap_page: swapin tgid 6055 pid 6055 name "droid.apps.maps" vma 9edb6000
           <...>-1355  [004] ....  2792.525670: do_swap_page: swapin tgid 1333 pid 1355 name "android.display" vma 9eb73000
           <...>-1355  [004] ....  2792.525684: do_swap_page: swapin tgid 1333 pid 1355 name "android.display" vma 9ebeb000
           <...>-1355  [004] ....  2792.525689: do_swap_page: swapin tgid 1333 pid 1355 name "android.display" vma 9ed2d000
           <...>-9247  [004] ....  2792.525733: do_swap_page: swapin tgid 1632 pid 9247 name "Binder:1632_E" vma 7ec021c000
 ndroid.systemui-1632  [004] ....  2792.525862: do_swap_page: swapin tgid 1632 pid 1632 name "ndroid.systemui" vma 9edf3000
 droid.apps.maps-6055  [004] ....  2792.525904: do_swap_page: swapin tgid 6055 pid 6055 name "droid.apps.maps" vma 9edb6000
 droid.apps.maps-6055  [004] ....  2792.525910: do_swap_page: swapin tgid 6055 pid 6055 name "droid.apps.maps" vma 14261000
 droid.apps.maps-6055  [004] ....  2792.525915: do_swap_page: swapin tgid 6055 pid 6055 name "droid.apps.maps" vma 13e08000
 droid.apps.maps-6055  [004] ....  2792.525919: do_swap_page: swapin tgid 6055 pid 6055 name "droid.apps.maps" vma 9ecd5000
           <...>-1355  [004] ....  2792.525937: do_swap_page: swapin tgid 1333 pid 1355 name "android.display" vma 9ed2d000
      android.bg-1360  [004] ....  2792.526525: do_swap_page: swapin tgid 1333 pid 1360 name "android.bg" vma 9ee13000
 ndroid.systemui-1632  [004] ....  2792.528619: do_swap_page: swapin tgid 1632 pid 1632 name "ndroid.systemui" vma 9edf3000
 ndroid.systemui-1632  [004] ....  2792.528626: do_swap_page: swapin tgid 1632 pid 1632 name "ndroid.systemui" vma 9ed36000
 ndroid.systemui-1632  [004] ....  2792.529190: do_swap_page: swapin tgid 1632 pid 1632 name "ndroid.systemui" vma 9ed36000
 ndroid.systemui-1632  [004] ....  2792.529200: do_swap_page: swapin tgid 1632 pid 1632 name "ndroid.systemui" vma 13eb1000
 ndroid.systemui-1632  [004] ....  2792.529204: do_swap_page: swapin tgid 1632 pid 1632 name "ndroid.systemui" vma 9edfe000
 ndroid.systemui-1632  [004] ....  2792.529620: do_swap_page: swapin tgid 1632 pid 1632 name "ndroid.systemui" vma 9edfe000
 droid.apps.maps-6055  [004] ....  2792.529759: do_swap_page: swapin tgid 6055 pid 6055 name "droid.apps.maps" vma 9ecd5000
 droid.apps.maps-6055  [004] ....  2792.529774: do_swap_page: swapin tgid 6055 pid 6055 name "droid.apps.maps" vma 9ecd6000
 droid.apps.maps-6055  [004] ....  2792.529781: do_swap_page: swapin tgid 6055 pid 6055 name "droid.apps.maps" vma 14192000
 droid.apps.maps-6055  [004] ....  2792.529784: do_swap_page: swapin tgid 6055 pid 6055 name "droid.apps.maps" vma 9ec28000
      android.bg-1360  [004] ....  2792.530541: do_swap_page: swapin tgid 1333 pid 1360 name "android.bg" vma 9ee13000
      android.bg-1360  [004] ....  2792.530561: do_swap_page: swapin tgid 1333 pid 1360 name "android.bg" vma 9eb17000
      android.bg-1360  [004] ....  2792.530567: do_swap_page: swapin tgid 1333 pid 1360 name "android.bg" vma 9ed75000
 droid.apps.maps-6055  [004] ....  2792.530712: do_swap_page: swapin tgid 6055 pid 6055 name "droid.apps.maps" vma 9ec28000
 droid.apps.maps-6055  [004] ....  2792.530719: do_swap_page: swapin tgid 6055 pid 6055 name "droid.apps.maps" vma 9ec29000
 droid.apps.maps-6055  [004] ....  2792.530748: do_swap_page: swapin tgid 6055 pid 6055 name "droid.apps.maps" vma 141c7000
 droid.apps.maps-6055  [004] ....  2792.530750: do_swap_page: swapin tgid 6055 pid 6055 name "droid.apps.maps" vma 9ed5a000
 droid.apps.maps-6055  [004] ....  2792.530752: do_swap_page: swapin tgid 6055 pid 6055 name "droid.apps.maps" vma 9ed5b000
           <...>-1355  [004] ....  2792.531710: do_swap_page: swapin tgid 1333 pid 1355 name "android.display" vma 9edb5000
 droid.apps.maps-6055  [004] ....  2792.531890: do_swap_page: swapin tgid 6055 pid 6055 name "droid.apps.maps" vma 9ed5b000
 droid.apps.maps-6055  [004] ....  2792.531897: do_swap_page: swapin tgid 6055 pid 6055 name "droid.apps.maps" vma 1425e000
 droid.apps.maps-6055  [004] ....  2792.531902: do_swap_page: swapin tgid 6055 pid 6055 name "droid.apps.maps" vma 1425f000
