 droid.apps.maps-6055  [004] ....  2792.531905: do_swap_page: swapin tgid 6055 pid 6055 name "droid.apps.maps" vma 9ebb8000
 droid.apps.maps-6055  [004] ....  2792.531907: do_swap_page: swapin tgid 6055 pid 6055 name "droid.apps.maps" vma 9ebb9000
           <...>-1355  [004] ....  2792.531925: do_swap_page: swapin tgid 1333 pid 1355 name "android.display" vma 9edb5000
           <...>-1355  [004] ....  2792.532030: do_swap_page: swapin tgid 1333 pid 1355 name "android.display" vma 145da000
           <...>-1355  [004] ....  2792.532078: do_swap_page: swapin tgid 1333 pid 1355 name "android.display" vma 9ed1b000
           <...>-1355  [004] ....  2792.532299: do_swap_page: swapin tgid 1333 pid 1355 name "android.display" vma 9ed1b000
           <...>-1355  [004] ....  2792.532305: do_swap_page: swapin tgid 1333 pid 1355 name "android.display" vma 9ecfb000
           <...>-1355  [004] ....  2792.532476: do_swap_page: swapin tgid 1333 pid 1355 name "android.display" vma 9ecfb000
           <...>-1355  [004] ....  2792.532504: do_swap_page: swapin tgid 1333 pid 1355 name "android.display" vma 13f80000
           <...>-1355  [004] ....  2792.532510: do_swap_page: swapin tgid 1333 pid 1355 name "android.display" vma 14068000
           <...>-1355  [004] ....  2792.532519: do_swap_page: swapin tgid 1333 pid 1355 name "android.display" vma 1510f000
           <...>-1355  [004] ....  2792.532537: do_swap_page: swapin tgid 1333 pid 1355 name "android.display" vma 141e3000
           <...>-1355  [004] ....  2792.532544: do_swap_page: swapin tgid 1333 pid 1355 name "android.display" vma 141cb000
           <...>-1355  [004] ....  2792.532550: do_swap_page: swapin tgid 1333 pid 1355 name "android.display" vma 13a1e000
           <...>-1355  [004] ....  2792.532552: do_swap_page: swapin tgid 1333 pid 1355 name "android.display" vma 13a90000
           <...>-1355  [004] ....  2792.532584: do_swap_page: swapin tgid 1333 pid 1355 name "android.display" vma 14a15000
           <...>-1355  [004] ....  2792.532598: do_swap_page: swapin tgid 1333 pid 1355 name "android.display" vma 13a8b000
           <...>-1355  [004] ....  2792.532623: do_swap_page: swapin tgid 1333 pid 1355 name "android.display" vma 14a1e000
           <...>-1355  [004] ....  2792.532635: do_swap_page: swapin tgid 1333 pid 1355 name "android.display" vma 13a93000
           <...>-1355  [004] ....  2792.532637: do_swap_page: swapin tgid 1333 pid 1355 name "android.display" vma 145c7000
           <...>-1355  [004] ....  2792.532640: do_swap_page: swapin tgid 1333 pid 1355 name "android.display" vma 13e7a000
           <...>-1355  [004] ....  2792.532642: do_swap_page: swapin tgid 1333 pid 1355 name "android.display" vma 14373000
           <...>-1355  [004] ....  2792.532650: do_swap_page: swapin tgid 1333 pid 1355 name "android.display" vma 13d13000
           <...>-1355  [004] ....  2792.532654: do_swap_page: swapin tgid 1333 pid 1355 name "android.display" vma 145f4000
           <...>-1355  [004] ....  2792.532658: do_swap_page: swapin tgid 1333 pid 1355 name "android.display" vma 14401000
           <...>-1355  [004] ....  2792.532663: do_swap_page: swapin tgid 1333 pid 1355 name "android.display" vma 1437b000
           <...>-1355  [004] ....  2792.532673: do_swap_page: swapin tgid 1333 pid 1355 name "android.display" vma 143c1000
           <...>-1355  [004] ....  2792.532676: do_swap_page: swapin tgid 1333 pid 1355 name "android.display" vma 141cd000
           <...>-1355  [004] ....  2792.532679: do_swap_page: swapin tgid 1333 pid 1355 name "android.display" vma 141cc000
           <...>-1355  [004] ....  2792.532681: do_swap_page: swapin tgid 1333 pid 1355 name "android.display" vma 1447a000
           <...>-1355  [004] ....  2792.532683: do_swap_page: swapin tgid 1333 pid 1355 name "android.display" vma 143e1000
           <...>-1355  [004] ....  2792.532690: do_swap_page: swapin tgid 1333 pid 1355 name "android.display" vma 1473f000
           <...>-1355  [004] ....  2792.532693: do_swap_page: swapin tgid 1333 pid 1355 name "android.display" vma 1435f000
           <...>-1355  [004] ....  2792.532695: do_swap_page: swapin tgid 1333 pid 1355 name "android.display" vma 13ab1000
           <...>-1355  [004] ....  2792.532698: do_swap_page: swapin tgid 1333 pid 1355 name "android.display" vma 143c2000
           <...>-1355  [004] ....  2792.532699: do_swap_page: swapin tgid 1333 pid 1355 name "android.display" vma 141ce000
           <...>-1355  [004] ....  2792.532701: do_swap_page: swapin tgid 1333 pid 1355 name "android.display" vma 14360000
           <...>-1355  [004] ....  2792.532703: do_swap_page: swapin tgid 1333 pid 1355 name "android.display" vma 13ab2000
           <...>-1355  [004] ....  2792.532707: do_swap_page: swapin tgid 1333 pid 1355 name "android.display" vma 13d65000
           <...>-1355  [004] ....  2792.532710: do_swap_page: swapin tgid 1333 pid 1355 name "android.display" vma 13d54000
           <...>-1355  [004] ....  2792.532712: do_swap_page: swapin tgid 1333 pid 1355 name "android.display" vma 13d1a000
           <...>-1355  [004] ....  2792.532716: do_swap_page: swapin tgid 1333 pid 1355 name "android.display" vma 13abc000
           <...>-1355  [004] ....  2792.532717: do_swap_page: swapin tgid 1333 pid 1355 name "android.display" vma 13d69000
           <...>-1355  [004] ....  2792.532719: do_swap_page: swapin tgid 1333 pid 1355 name "android.display" vma 13abe000
           <...>-1355  [004] ....  2792.532724: do_swap_page: swapin tgid 1333 pid 1355 name "android.display" vma 9ed45000
      android.bg-1360  [004] ....  2792.532750: do_swap_page: swapin tgid 1333 pid 1360 name "android.bg" vma 9ed75000
      android.bg-1360  [004] ....  2792.532757: do_swap_page: swapin tgid 1333 pid 1360 name "android.bg" vma 9eba0000
      android.bg-1360  [004] ....  2792.532760: do_swap_page: swapin tgid 1333 pid 1360 name "android.bg" vma 9eccf000
           <...>-1355  [004] ....  2792.532839: do_swap_page: swapin tgid 1333 pid 1355 name "android.display" vma 9ed45000
           <...>-1355  [004] ....  2792.532842: do_swap_page: swapin tgid 1333 pid 1355 name "android.display" vma 13aab000
           <...>-1355  [004] ....  2792.532844: do_swap_page: swapin tgid 1333 pid 1355 name "android.display" vma 141cf000
           <...>-1355  [004] ....  2792.532855: do_swap_page: swapin tgid 1333 pid 1355 name "android.display" vma 13e5e000
 droid.apps.maps-6055  [004] ....  2792.532907: do_swap_page: swapin tgid 6055 pid 6055 name "droid.apps.maps" vma 9ebb9000
 droid.apps.maps-6055  [004] ....  2792.532913: do_swap_page: swapin tgid 6055 pid 6055 name "droid.apps.maps" vma 9ec68000
 droid.apps.maps-6055  [004] ....  2792.532915: do_swap_page: swapin tgid 6055 pid 6055 name "droid.apps.maps" vma 9ec69000
      android.bg-1360  [004] ....  2792.532932: do_swap_page: swapin tgid 1333 pid 1360 name "android.bg" vma 9eccf000
      android.bg-1360  [004] ....  2792.532937: do_swap_page: swapin tgid 1333 pid 1360 name "android.bg" vma 1422e000
      android.bg-1360  [004] ....  2792.532941: do_swap_page: swapin tgid 1333 pid 1360 name "android.bg" vma 14245000
      android.bg-1360  [004] ....  2792.532944: do_swap_page: swapin tgid 1333 pid 1360 name "android.bg" vma 14242000
      android.bg-1360  [004] ....  2792.532947: do_swap_page: swapin tgid 1333 pid 1360 name "android.bg" vma 14246000
      android.bg-1360  [004] ....  2792.532956: do_swap_page: swapin tgid 1333 pid 1360 name "android.bg" vma 1423c000
      android.bg-1360  [004] ....  2792.532959: do_swap_page: swapin tgid 1333 pid 1360 name "android.bg" vma 1423d000
      android.bg-1360  [004] ....  2792.532961: do_swap_page: swapin tgid 1333 pid 1360 name "android.bg" vma 14240000
      android.bg-1360  [004] ....  2792.532965: do_swap_page: swapin tgid 1333 pid 1360 name "android.bg" vma 14237000
      android.bg-1360  [004] ....  2792.532967: do_swap_page: swapin tgid 1333 pid 1360 name "android.bg" vma 14238000
           <...>-1355  [004] ....  2792.532992: do_swap_page: swapin tgid 1333 pid 1355 name "android.display" vma 13e5e000
           <...>-1355  [004] ....  2792.532995: do_swap_page: swapin tgid 1333 pid 1355 name "android.display" vma 13e5d000
      android.bg-1360  [004] ....  2792.533017: do_swap_page: swapin tgid 1333 pid 1360 name "android.bg" vma 1423b000
      android.bg-1360  [004] ....  2792.533025: do_swap_page: swapin tgid 1333 pid 1360 name "android.bg" vma 1422f000
      android.bg-1360  [004] ....  2792.533026: do_swap_page: swapin tgid 1333 pid 1360 name "android.bg" vma 14234000
      android.bg-1360  [004] ....  2792.533074: do_swap_page: swapin tgid 1333 pid 1360 name "android.bg" vma 9edf6000
           <...>-1355  [004] ....  2792.533111: do_swap_page: swapin tgid 1333 pid 1355 name "android.display" vma 13e5d000
           <...>-1355  [004] ....  2792.533115: do_swap_page: swapin tgid 1333 pid 1355 name "android.display" vma 13e5c000
           <...>-1355  [004] ....  2792.533253: do_swap_page: swapin tgid 1333 pid 1355 name "android.display" vma 13e5c000
           <...>-1355  [004] ....  2792.533257: do_swap_page: swapin tgid 1333 pid 1355 name "android.display" vma 143ef000
           <...>-1355  [004] ....  2792.533259: do_swap_page: swapin tgid 1333 pid 1355 name "android.display" vma 143d9000
           <...>-1355  [004] ....  2792.533261: do_swap_page: swapin tgid 1333 pid 1355 name "android.display" vma 141dc000
           <...>-1355  [004] ....  2792.533263: do_swap_page: swapin tgid 1333 pid 1355 name "android.display" vma 13e5f000
 droid.apps.maps-6055  [004] ....  2792.533288: do_swap_page: swapin tgid 6055 pid 6055 name "droid.apps.maps" vma 9ec69000
 droid.apps.maps-6055  [004] ....  2792.533292: do_swap_page: swapin tgid 6055 pid 6055 name "droid.apps.maps" vma 14260000
 droid.apps.maps-6055  [004] ....  2792.533297: do_swap_page: swapin tgid 6055 pid 6055 name "droid.apps.maps" vma 141c8000
 droid.apps.maps-6055  [004] ....  2792.533299: do_swap_page: swapin tgid 6055 pid 6055 name "droid.apps.maps" vma 14259000
 droid.apps.maps-6055  [004] ....  2792.533301: do_swap_page: swapin tgid 6055 pid 6055 name "droid.apps.maps" vma 1425a000
 droid.apps.maps-6055  [004] ....  2792.533303: do_swap_page: swapin tgid 6055 pid 6055 name "droid.apps.maps" vma 1425b000
 droid.apps.maps-6055  [004] ....  2792.533323: do_swap_page: swapin tgid 6055 pid 6055 name "droid.apps.maps" vma 1425c000
 droid.apps.maps-6055  [004] ....  2792.533324: do_swap_page: swapin tgid 6055 pid 6055 name "droid.apps.maps" vma 1425d000
 droid.apps.maps-6055  [004] ....  2792.533326: do_swap_page: swapin tgid 6055 pid 6055 name "droid.apps.maps" vma 14203000
 droid.apps.maps-6055  [004] ....  2792.533328: do_swap_page: swapin tgid 6055 pid 6055 name "droid.apps.maps" vma 14204000
 droid.apps.maps-6055  [004] ....  2792.533335: do_swap_page: swapin tgid 6055 pid 6055 name "droid.apps.maps" vma 14205000
 droid.apps.maps-6055  [004] ....  2792.533336: do_swap_page: swapin tgid 6055 pid 6055 name "droid.apps.maps" vma 14206000
 droid.apps.maps-6055  [004] ....  2792.533338: do_swap_page: swapin tgid 6055 pid 6055 name "droid.apps.maps" vma 14207000
 droid.apps.maps-6055  [004] ....  2792.533342: do_swap_page: swapin tgid 6055 pid 6055 name "droid.apps.maps" vma 9ed45000
 droid.apps.maps-6055  [004] ....  2792.533344: do_swap_page: swapin tgid 6055 pid 6055 name "droid.apps.maps" vma 9ed46000
      android.bg-1360  [004] ....  2792.533360: do_swap_page: swapin tgid 1333 pid 1360 name "android.bg" vma 9edf6000
           <...>-1355  [004] ....  2792.533388: do_swap_page: swapin tgid 1333 pid 1355 name "android.display" vma 13e5f000
           <...>-1355  [004] ....  2792.533395: do_swap_page: swapin tgid 1333 pid 1355 name "android.display" vma 14735000
           <...>-1355  [004] ....  2792.533408: do_swap_page: swapin tgid 1333 pid 1355 name "android.display" vma 14403000
           <...>-1355  [004] ....  2792.533411: do_swap_page: swapin tgid 1333 pid 1355 name "android.display" vma 143ce000
           <...>-1355  [004] ....  2792.533414: do_swap_page: swapin tgid 1333 pid 1355 name "android.display" vma 143d2000
           <...>-1355  [004] ....  2792.533421: do_swap_page: swapin tgid 1333 pid 1355 name "android.display" vma 14a1c000
           <...>-1355  [004] ....  2792.533424: do_swap_page: swapin tgid 1333 pid 1355 name "android.display" vma 13d31000
           <...>-1355  [004] ....  2792.533426: do_swap_page: swapin tgid 1333 pid 1355 name "android.display" vma 1473e000
           <...>-1355  [004] ....  2792.533428: do_swap_page: swapin tgid 1333 pid 1355 name "android.display" vma 141e2000
           <...>-1355  [004] ....  2792.533437: do_swap_page: swapin tgid 1333 pid 1355 name "android.display" vma 1437f000
           <...>-1355  [004] ....  2792.533439: do_swap_page: swapin tgid 1333 pid 1355 name "android.display" vma 143fc000
           <...>-1355  [004] ....  2792.533446: do_swap_page: swapin tgid 1333 pid 1355 name "android.display" vma 141d9000
           <...>-1355  [004] ....  2792.533448: do_swap_page: swapin tgid 1333 pid 1355 name "android.display" vma 1473b000
           <...>-1355  [004] ....  2792.533453: do_swap_page: swapin tgid 1333 pid 1355 name "android.display" vma 14471000
           <...>-1355  [004] ....  2792.533457: do_swap_page: swapin tgid 1333 pid 1355 name "android.display" vma 13be2000
           <...>-1355  [004] ....  2792.533468: do_swap_page: swapin tgid 1333 pid 1355 name "android.display" vma 13bc6000
           <...>-1355  [004] ....  2792.533473: do_swap_page: swapin tgid 1333 pid 1355 name "android.display" vma 141da000
           <...>-1355  [004] ....  2792.533484: do_swap_page: swapin tgid 1333 pid 1355 name "android.display" vma 14738000
           <...>-1355  [004] ....  2792.533489: do_swap_page: swapin tgid 1333 pid 1355 name "android.display" vma 14479000
           <...>-1355  [004] ....  2792.533494: do_swap_page: swapin tgid 1333 pid 1355 name "android.display" vma 14466000
           <...>-1355  [004] ....  2792.533509: do_swap_page: swapin tgid 1333 pid 1355 name "android.display" vma 143cf000
           <...>-1355  [004] ....  2792.533514: do_swap_page: swapin tgid 1333 pid 1355 name "android.display" vma 14a1f000
           <...>-1355  [004] ....  2792.533516: do_swap_page: swapin tgid 1333 pid 1355 name "android.display" vma 13d30000
           <...>-1355  [004] ....  2792.533518: do_swap_page: swapin tgid 1333 pid 1355 name "android.display" vma 13d19000
           <...>-1355  [004] ....  2792.533522: do_swap_page: swapin tgid 1333 pid 1355 name "android.display" vma 14a28000
           <...>-1355  [004] ....  2792.533535: do_swap_page: swapin tgid 1333 pid 1355 name "android.display" vma 141d4000
           <...>-1355  [004] ....  2792.533539: do_swap_page: swapin tgid 1333 pid 1355 name "android.display" vma 143d8000
           <...>-1355  [004] ....  2792.533540: do_swap_page: swapin tgid 1333 pid 1355 name "android.display" vma 14375000
           <...>-1355  [004] ....  2792.533546: do_swap_page: swapin tgid 1333 pid 1355 name "android.display" vma 143d1000
           <...>-1355  [004] ....  2792.533549: do_swap_page: swapin tgid 1333 pid 1355 name "android.display" vma 156ea000
      android.bg-1360  [004] ....  2792.533602: do_swap_page: swapin tgid 1333 pid 1360 name "android.bg" vma 14244000
      android.bg-1360  [004] ....  2792.533607: do_swap_page: swapin tgid 1333 pid 1360 name "android.bg" vma 1423f000
      android.bg-1360  [004] ....  2792.533610: do_swap_page: swapin tgid 1333 pid 1360 name "android.bg" vma 1423a000
      android.bg-1360  [004] ....  2792.533613: do_swap_page: swapin tgid 1333 pid 1360 name "android.bg" vma 14230000
           <...>-1355  [004] ....  2792.533720: do_swap_page: swapin tgid 1333 pid 1355 name "android.display" vma 156ea000
           <...>-1355  [004] ....  2792.533728: do_swap_page: swapin tgid 1333 pid 1355 name "android.display" vma 1570f000
           <...>-1355  [004] ....  2792.533837: do_swap_page: swapin tgid 1333 pid 1355 name "android.display" vma 1570f000
           <...>-1355  [004] ....  2792.533843: do_swap_page: swapin tgid 1333 pid 1355 name "android.display" vma 15503000
           <...>-1355  [004] ....  2792.533992: do_swap_page: swapin tgid 1333 pid 1355 name "android.display" vma 15503000
           <...>-1355  [004] ....  2792.533997: do_swap_page: swapin tgid 1333 pid 1355 name "android.display" vma 13c7f000
           <...>-1355  [004] ....  2792.534001: do_swap_page: swapin tgid 1333 pid 1355 name "android.display" vma 14a20000
           <...>-1355  [004] ....  2792.534003: do_swap_page: swapin tgid 1333 pid 1355 name "android.display" vma 14a29000
           <...>-1355  [004] ....  2792.534013: do_swap_page: swapin tgid 1333 pid 1355 name "android.display" vma 14272000
     OomAdjuster-1366  [004] ....  2792.534056: do_swap_page: swapin tgid 1333 pid 1366 name "OomAdjuster" vma 7ec2ea1000
     OomAdjuster-1366  [004] ....  2792.534070: do_swap_page: swapin tgid 1333 pid 1366 name "OomAdjuster" vma 7ec2ea2000
           <...>-843   [004] ....  2792.534087: do_swap_page: swapin tgid 843 pid 843 name "lmkd" vma 7ffffff000
           <...>-843   [004] ....  2792.534096: do_swap_page: swapin tgid 843 pid 843 name "lmkd" vma 555555f000
     OomAdjuster-1366  [004] ....  2792.534141: do_swap_page: swapin tgid 1333 pid 1366 name "OomAdjuster" vma 7ec2ea0000
     OomAdjuster-1366  [004] ....  2792.534151: do_swap_page: swapin tgid 1333 pid 1366 name "OomAdjuster" vma 7f30926000
     OomAdjuster-1366  [004] ....  2792.534197: do_swap_page: swapin tgid 1333 pid 1366 name "OomAdjuster" vma 7ed0c4e000
     OomAdjuster-1366  [004] ....  2792.534200: do_swap_page: swapin tgid 1333 pid 1366 name "OomAdjuster" vma 7e611f5000
     OomAdjuster-1366  [004] ....  2792.534333: do_swap_page: swapin tgid 1333 pid 1366 name "OomAdjuster" vma 7fbae7d000
           <...>-843   [004] ....  2792.534360: do_swap_page: swapin tgid 843 pid 843 name "lmkd" vma 555555f000
     OomAdjuster-1366  [004] ....  2792.536602: do_swap_page: swapin tgid 1333 pid 1366 name "OomAdjuster" vma 7fbae7d000
     OomAdjuster-1366  [004] ....  2792.536610: do_swap_page: swapin tgid 1333 pid 1366 name "OomAdjuster" vma 7ed0c4f000
     OomAdjuster-1366  [004] ....  2792.536617: do_swap_page: swapin tgid 1333 pid 1366 name "OomAdjuster" vma 7fbe1b0000
           <...>-843   [004] ....  2792.537767: do_swap_page: swapin tgid 843 pid 843 name "lmkd" vma 7fbe491000
           <...>-1985  [004] ....  2792.537991: do_swap_page: swapin tgid 1985 pid 1985 name "droid.launcher3" vma 7ec86d2000
           <...>-1985  [004] ....  2792.538002: do_swap_page: swapin tgid 1985 pid 1985 name "droid.launcher3" vma 7ecedd1000
           <...>-843   [004] ....  2792.538031: do_swap_page: swapin tgid 843 pid 843 name "lmkd" vma 7fbe491000
           <...>-843   [004] ....  2792.538056: do_swap_page: swapin tgid 843 pid 843 name "lmkd" vma 7fffffd000
           <...>-843   [004] ....  2792.538062: do_swap_page: swapin tgid 843 pid 843 name "lmkd" vma 7fbf700000
           <...>-1356  [004] ....  2792.538433: do_swap_page: swapin tgid 1333 pid 1356 name "android.anim" vma 7eb4eb1000
           <...>-1356  [004] ....  2792.538439: do_swap_page: swapin tgid 1333 pid 1356 name "android.anim" vma 7eb4eb2000
           <...>-1985  [004] ....  2792.538992: do_swap_page: swapin tgid 1985 pid 1985 name "droid.launcher3" vma 7ecedd1000
           <...>-1985  [004] ....  2792.539005: do_swap_page: swapin tgid 1985 pid 1985 name "droid.launcher3" vma 7fbe1d4000
           <...>-843   [004] ....  2792.539109: do_swap_page: swapin tgid 843 pid 843 name "lmkd" vma 7fbf700000
           <...>-843   [004] ....  2792.539115: do_swap_page: swapin tgid 843 pid 843 name "lmkd" vma 7fffffc000
           <...>-843   [004] ....  2792.539124: do_swap_page: swapin tgid 843 pid 843 name "lmkd" vma 7fffffe000
           <...>-843   [004] ....  2792.539127: do_swap_page: swapin tgid 843 pid 843 name "lmkd" vma 7fbdf89000
           <...>-1985  [004] ....  2792.539172: do_swap_page: swapin tgid 1985 pid 1985 name "droid.launcher3" vma 7fbe1d4000
           <...>-1985  [004] ....  2792.539197: do_swap_page: swapin tgid 1985 pid 1985 name "droid.launcher3" vma 7ec875d000
           <...>-1985  [004] ....  2792.539201: do_swap_page: swapin tgid 1985 pid 1985 name "droid.launcher3" vma 7ec877d000
           <...>-2514  [004] ....  2792.539405: do_swap_page: swapin tgid 1985 pid 2514 name "RenderThread" vma 7f2d6c5000
           <...>-1985  [004] ....  2792.541434: do_swap_page: swapin tgid 1985 pid 1985 name "droid.launcher3" vma 9ec14000
           <...>-1985  [004] ....  2792.541448: do_swap_page: swapin tgid 1985 pid 1985 name "droid.launcher3" vma 9eccd000
           <...>-1985  [004] ....  2792.541481: do_swap_page: swapin tgid 1985 pid 1985 name "droid.launcher3" vma 7f35109000
           <...>-843   [004] ....  2792.542904: do_swap_page: swapin tgid 843 pid 843 name "lmkd" vma 7fbdf89000
 droid.apps.maps-6055  [004] ....  2792.544310: do_swap_page: swapin tgid 6055 pid 6055 name "droid.apps.maps" vma 9ed46000
 droid.apps.maps-6055  [004] ....  2792.544358: do_swap_page: swapin tgid 6055 pid 6055 name "droid.apps.maps" vma 14252000
 droid.apps.maps-6055  [004] ....  2792.544362: do_swap_page: swapin tgid 6055 pid 6055 name "droid.apps.maps" vma 9ec8a000
 droid.apps.maps-6055  [004] ....  2792.545673: do_swap_page: swapin tgid 6055 pid 6055 name "droid.apps.maps" vma 9ec8a000
 droid.apps.maps-6055  [004] ....  2792.545681: do_swap_page: swapin tgid 6055 pid 6055 name "droid.apps.maps" vma 9edb0000
 droid.apps.maps-6055  [004] ....  2792.545685: do_swap_page: swapin tgid 6055 pid 6055 name "droid.apps.maps" vma 9edb1000
 droid.apps.maps-6055  [004] ....  2792.545946: do_swap_page: swapin tgid 6055 pid 6055 name "droid.apps.maps" vma 9edb1000
 droid.apps.maps-6055  [004] ....  2792.545952: do_swap_page: swapin tgid 6055 pid 6055 name "droid.apps.maps" vma 141c9000
 droid.apps.maps-6055  [004] ....  2792.545956: do_swap_page: swapin tgid 6055 pid 6055 name "droid.apps.maps" vma 14251000
 droid.apps.maps-6055  [004] ....  2792.545959: do_swap_page: swapin tgid 6055 pid 6055 name "droid.apps.maps" vma 1422c000
 droid.apps.maps-6055  [004] ....  2792.545967: do_swap_page: swapin tgid 6055 pid 6055 name "droid.apps.maps" vma 9ede1000
 droid.apps.maps-6055  [004] ....  2792.545969: do_swap_page: swapin tgid 6055 pid 6055 name "droid.apps.maps" vma 9ede2000
 droid.apps.maps-6055  [004] ....  2792.546256: do_swap_page: swapin tgid 6055 pid 6055 name "droid.apps.maps" vma 9ede2000
 droid.apps.maps-6055  [004] ....  2792.546262: do_swap_page: swapin tgid 6055 pid 6055 name "droid.apps.maps" vma 1422d000
 droid.apps.maps-6055  [004] ....  2792.546264: do_swap_page: swapin tgid 6055 pid 6055 name "droid.apps.maps" vma 1422f000
 droid.apps.maps-6055  [004] ....  2792.546266: do_swap_page: swapin tgid 6055 pid 6055 name "droid.apps.maps" vma 9ebc4000
 droid.apps.maps-6055  [004] ....  2792.546270: do_swap_page: swapin tgid 6055 pid 6055 name "droid.apps.maps" vma 9ebc5000
           <...>-11917 [004] ....  2792.546367: do_swap_page: swapin tgid 1333 pid 11917 name "Binder:1333_16" vma 7f2d70a000
           <...>-11917 [004] ....  2792.546375: do_swap_page: swapin tgid 1333 pid 11917 name "Binder:1333_16" vma 7e57052000
           <...>-11917 [004] ....  2792.546449: do_swap_page: swapin tgid 1333 pid 11917 name "Binder:1333_16" vma 7f2d80a000
 droid.apps.maps-6055  [004] ....  2792.546517: do_swap_page: swapin tgid 6055 pid 6055 name "droid.apps.maps" vma 9ebc5000
 droid.apps.maps-6055  [004] ....  2792.546522: do_swap_page: swapin tgid 6055 pid 6055 name "droid.apps.maps" vma 14230000
 droid.apps.maps-6055  [004] ....  2792.546525: do_swap_page: swapin tgid 6055 pid 6055 name "droid.apps.maps" vma 9ee01000
 droid.apps.maps-6055  [004] ....  2792.546682: do_swap_page: swapin tgid 6055 pid 6055 name "droid.apps.maps" vma 9ee01000
 droid.apps.maps-6055  [004] ....  2792.546688: do_swap_page: swapin tgid 6055 pid 6055 name "droid.apps.maps" vma 9ee02000
 droid.apps.maps-6055  [004] ....  2792.546842: do_swap_page: swapin tgid 6055 pid 6055 name "droid.apps.maps" vma 9ee02000
 droid.apps.maps-6055  [004] ....  2792.546848: do_swap_page: swapin tgid 6055 pid 6055 name "droid.apps.maps" vma 141ca000
 droid.apps.maps-6055  [004] ....  2792.546850: do_swap_page: swapin tgid 6055 pid 6055 name "droid.apps.maps" vma 141f4000
 droid.apps.maps-6055  [004] ....  2792.546853: do_swap_page: swapin tgid 6055 pid 6055 name "droid.apps.maps" vma 9edf8000
 droid.apps.maps-6055  [004] ....  2792.546855: do_swap_page: swapin tgid 6055 pid 6055 name "droid.apps.maps" vma 9edf9000
           <...>-11917 [004] ....  2792.547087: do_swap_page: swapin tgid 1333 pid 11917 name "Binder:1333_16" vma 7f2d744000
 droid.apps.maps-6055  [004] ....  2792.547667: do_swap_page: swapin tgid 6055 pid 6055 name "droid.apps.maps" vma 9edf9000
 droid.apps.maps-6055  [004] ....  2792.547673: do_swap_page: swapin tgid 6055 pid 6055 name "droid.apps.maps" vma 141f5000
 droid.apps.maps-6055  [004] ....  2792.547676: do_swap_page: swapin tgid 6055 pid 6055 name "droid.apps.maps" vma 14241000
 droid.apps.maps-6055  [004] ....  2792.547683: do_swap_page: swapin tgid 6055 pid 6055 name "droid.apps.maps" vma 14242000
 droid.apps.maps-6055  [004] ....  2792.547685: do_swap_page: swapin tgid 6055 pid 6055 name "droid.apps.maps" vma 14243000
 droid.apps.maps-6055  [004] ....  2792.547687: do_swap_page: swapin tgid 6055 pid 6055 name "droid.apps.maps" vma 14244000
 droid.apps.maps-6055  [004] ....  2792.547690: do_swap_page: swapin tgid 6055 pid 6055 name "droid.apps.maps" vma 14245000
 droid.apps.maps-6055  [004] ....  2792.547692: do_swap_page: swapin tgid 6055 pid 6055 name "droid.apps.maps" vma 9ec6c000
 droid.apps.maps-6055  [004] ....  2792.547696: do_swap_page: swapin tgid 6055 pid 6055 name "droid.apps.maps" vma 9ec6d000
           <...>-11917 [004] ....  2792.547762: do_swap_page: swapin tgid 1333 pid 11917 name "Binder:1333_16" vma 7eb41bc000
           <...>-11917 [004] ....  2792.547775: do_swap_page: swapin tgid 1333 pid 11917 name "Binder:1333_16" vma 7f2d7a5000
           <...>-11917 [004] ....  2792.547837: do_swap_page: swapin tgid 1333 pid 11917 name "Binder:1333_16" vma 7eb432a000
           <...>-11917 [004] ....  2792.547844: do_swap_page: swapin tgid 1333 pid 11917 name "Binder:1333_16" vma 7eb432b000
 droid.apps.maps-6055  [004] ....  2792.547897: do_swap_page: swapin tgid 6055 pid 6055 name "droid.apps.maps" vma 9ec6d000
 droid.apps.maps-6055  [004] ....  2792.547902: do_swap_page: swapin tgid 6055 pid 6055 name "droid.apps.maps" vma 9edde000
 droid.apps.maps-6055  [004] ....  2792.547906: do_swap_page: swapin tgid 6055 pid 6055 name "droid.apps.maps" vma 9eddf000
 droid.apps.maps-6055  [004] ....  2792.548047: do_swap_page: swapin tgid 6055 pid 6055 name "droid.apps.maps" vma 9eddf000
 droid.apps.maps-6055  [004] ....  2792.548053: do_swap_page: swapin tgid 6055 pid 6055 name "droid.apps.maps" vma 141a2000
 droid.apps.maps-6055  [004] ....  2792.548055: do_swap_page: swapin tgid 6055 pid 6055 name "droid.apps.maps" vma 141a1000
 droid.apps.maps-6055  [004] ....  2792.548058: do_swap_page: swapin tgid 6055 pid 6055 name "droid.apps.maps" vma 141ae000
 droid.apps.maps-6055  [004] ....  2792.548061: do_swap_page: swapin tgid 6055 pid 6055 name "droid.apps.maps" vma 9eb74000
 droid.apps.maps-6055  [004] ....  2792.548069: do_swap_page: swapin tgid 6055 pid 6055 name "droid.apps.maps" vma 9eb75000
 droid.apps.maps-6055  [004] ....  2792.548285: do_swap_page: swapin tgid 6055 pid 6055 name "droid.apps.maps" vma 9eb75000
 droid.apps.maps-6055  [004] ....  2792.548291: do_swap_page: swapin tgid 6055 pid 6055 name "droid.apps.maps" vma 141a0000
 droid.apps.maps-6055  [004] ....  2792.548294: do_swap_page: swapin tgid 6055 pid 6055 name "droid.apps.maps" vma 141b0000
 droid.apps.maps-6055  [004] ....  2792.548296: do_swap_page: swapin tgid 6055 pid 6055 name "droid.apps.maps" vma 9ec52000
 droid.apps.maps-6055  [004] ....  2792.548298: do_swap_page: swapin tgid 6055 pid 6055 name "droid.apps.maps" vma 9ec53000
           <...>-1355  [004] ....  2792.548346: do_swap_page: swapin tgid 1333 pid 1355 name "android.display" vma 14318000
           <...>-1355  [004] ....  2792.548466: do_swap_page: swapin tgid 1333 pid 1355 name "android.display" vma 1443f000
     OomAdjuster-1366  [004] ....  2792.548667: do_swap_page: swapin tgid 1333 pid 1366 name "OomAdjuster" vma 7e613f6000
     OomAdjuster-1366  [004] ....  2792.548673: do_swap_page: swapin tgid 1333 pid 1366 name "OomAdjuster" vma 7fba1f4000
     OomAdjuster-1366  [004] ....  2792.548683: do_swap_page: swapin tgid 1333 pid 1366 name "OomAdjuster" vma 7fba1f3000
           <...>-1355  [004] ....  2792.548773: do_swap_page: swapin tgid 1333 pid 1355 name "android.display" vma 156c2000
           <...>-1355  [004] ....  2792.548797: do_swap_page: swapin tgid 1333 pid 1355 name "android.display" vma 9ecd3000
   Binder:6055_D-9223  [004] ....  2792.548928: do_swap_page: swapin tgid 6055 pid 9223 name "Binder:6055_D" vma 1533d000
     OomAdjuster-1366  [004] ....  2792.549016: do_swap_page: swapin tgid 1333 pid 1366 name "OomAdjuster" vma 7fba1f3000
     OomAdjuster-1366  [004] ....  2792.549029: do_swap_page: swapin tgid 1333 pid 1366 name "OomAdjuster" vma 7e6149a000
     OomAdjuster-1366  [004] ....  2792.549036: do_swap_page: swapin tgid 1333 pid 1366 name "OomAdjuster" vma 7fbcdf6000
     OomAdjuster-1366  [004] ....  2792.549263: do_swap_page: swapin tgid 1333 pid 1366 name "OomAdjuster" vma 7fbcdf6000
     OomAdjuster-1366  [004] ....  2792.549312: do_swap_page: swapin tgid 1333 pid 1366 name "OomAdjuster" vma 7eb41ac000
 droid.apps.maps-6055  [004] ....  2792.550893: do_swap_page: swapin tgid 6055 pid 6055 name "droid.apps.maps" vma 9ec53000
 droid.apps.maps-6055  [004] ....  2792.550900: do_swap_page: swapin tgid 6055 pid 6055 name "droid.apps.maps" vma 141b3000
 droid.apps.maps-6055  [004] ....  2792.550908: do_swap_page: swapin tgid 6055 pid 6055 name "droid.apps.maps" vma 9edf3000
 droid.apps.maps-6055  [004] ....  2792.550911: do_swap_page: swapin tgid 6055 pid 6055 name "droid.apps.maps" vma 9edf4000
           <...>-1355  [004] ....  2792.551002: do_swap_page: swapin tgid 1333 pid 1355 name "android.display" vma 9ecd3000
 droid.apps.maps-6055  [004] ....  2792.553868: do_swap_page: swapin tgid 6055 pid 6055 name "droid.apps.maps" vma 9edf4000
 droid.apps.maps-6055  [004] ....  2792.553881: do_swap_page: swapin tgid 6055 pid 6055 name "droid.apps.maps" vma 9ec3e000
 droid.apps.maps-6055  [004] ....  2792.553885: do_swap_page: swapin tgid 6055 pid 6055 name "droid.apps.maps" vma 9ec3f000
           <...>-1355  [004] ....  2792.553951: do_swap_page: swapin tgid 1333 pid 1355 name "android.display" vma 9eb16000
           <...>-1355  [004] ....  2792.553956: do_swap_page: swapin tgid 1333 pid 1355 name "android.display" vma 9ed73000
 droid.apps.maps-6055  [004] ....  2792.554044: do_swap_page: swapin tgid 6055 pid 6055 name "droid.apps.maps" vma 9ec3f000
 droid.apps.maps-6055  [004] ....  2792.554050: do_swap_page: swapin tgid 6055 pid 6055 name "droid.apps.maps" vma 1419f000
 droid.apps.maps-6055  [004] ....  2792.554053: do_swap_page: swapin tgid 6055 pid 6055 name "droid.apps.maps" vma 9edda000
 droid.apps.maps-6055  [004] ....  2792.554056: do_swap_page: swapin tgid 6055 pid 6055 name "droid.apps.maps" vma 9eddb000
           <...>-1355  [004] ....  2792.554107: do_swap_page: swapin tgid 1333 pid 1355 name "android.display" vma 9ed73000
 droid.apps.maps-6055  [004] ....  2792.554202: do_swap_page: swapin tgid 6055 pid 6055 name "droid.apps.maps" vma 9eddb000
 droid.apps.maps-6055  [004] ....  2792.554207: do_swap_page: swapin tgid 6055 pid 6055 name "droid.apps.maps" vma 141ba000
 droid.apps.maps-6055  [004] ....  2792.554209: do_swap_page: swapin tgid 6055 pid 6055 name "droid.apps.maps" vma 9eb85000
           <...>-1355  [004] ....  2792.554235: do_swap_page: swapin tgid 1333 pid 1355 name "android.display" vma 9ebd7000
 droid.apps.maps-6055  [004] ....  2792.554323: do_swap_page: swapin tgid 6055 pid 6055 name "droid.apps.maps" vma 9eb85000
 droid.apps.maps-6055  [004] ....  2792.554328: do_swap_page: swapin tgid 6055 pid 6055 name "droid.apps.maps" vma 141bb000
 droid.apps.maps-6055  [004] ....  2792.554330: do_swap_page: swapin tgid 6055 pid 6055 name "droid.apps.maps" vma 9ed65000
 droid.apps.maps-6055  [004] ....  2792.554332: do_swap_page: swapin tgid 6055 pid 6055 name "droid.apps.maps" vma 9ed66000
 droid.apps.maps-6055  [004] ....  2792.554334: do_swap_page: swapin tgid 6055 pid 6055 name "droid.apps.maps" vma 9ec54000
 droid.apps.maps-6055  [004] ....  2792.554336: do_swap_page: swapin tgid 6055 pid 6055 name "droid.apps.maps" vma 9ec55000
           <...>-1355  [004] ....  2792.554356: do_swap_page: swapin tgid 1333 pid 1355 name "android.display" vma 1514c000
           <...>-1355  [004] ....  2792.554365: do_swap_page: swapin tgid 1333 pid 1355 name "android.display" vma 14046000
           <...>-1355  [004] ....  2792.554373: do_swap_page: swapin tgid 1333 pid 1355 name "android.display" vma 15152000
           <...>-1355  [004] ....  2792.554376: do_swap_page: swapin tgid 1333 pid 1355 name "android.display" vma 15153000
           <...>-1355  [004] ....  2792.554378: do_swap_page: swapin tgid 1333 pid 1355 name "android.display" vma 143e3000
 ActivityManager-1361  [004] ....  2792.554444: do_swap_page: swapin tgid 1333 pid 1361 name "ActivityManager" vma 13d25000
 ActivityManager-1361  [004] ....  2792.554453: do_swap_page: swapin tgid 1333 pid 1361 name "ActivityManager" vma 7ed1146000
           <...>-1355  [004] ....  2792.554486: do_swap_page: swapin tgid 1333 pid 1355 name "android.display" vma 13a97000
 ActivityManager-1361  [004] ....  2792.554602: do_swap_page: swapin tgid 1333 pid 1361 name "ActivityManager" vma 7ed1146000
           <...>-1355  [004] ....  2792.554632: do_swap_page: swapin tgid 1333 pid 1355 name "android.display" vma 9edc4000
 ActivityManager-1361  [004] ....  2792.554755: do_swap_page: swapin tgid 1333 pid 1361 name "ActivityManager" vma 141f5000
 ActivityManager-1361  [004] ....  2792.554797: do_swap_page: swapin tgid 1333 pid 1361 name "ActivityManager" vma 7fbc09a000
 ActivityManager-1361  [004] ....  2792.554804: do_swap_page: swapin tgid 1333 pid 1361 name "ActivityManager" vma 7ed19ba000
   Binder:2270_7-3194  [004] ....  2792.554852: do_swap_page: swapin tgid 2270 pid 3194 name "Binder:2270_7" vma 7fbe23f000
   Binder:2270_7-3194  [004] ....  2792.554863: do_swap_page: swapin tgid 2270 pid 3194 name "Binder:2270_7" vma 15510000
   Binder:2270_7-3194  [004] ....  2792.554880: do_swap_page: swapin tgid 2270 pid 3194 name "Binder:2270_7" vma 1550a000
           <...>-1353  [004] ....  2792.554934: do_swap_page: swapin tgid 1333 pid 1353 name "android.ui" vma 13aa3000
           <...>-1353  [004] ....  2792.554938: do_swap_page: swapin tgid 1333 pid 1353 name "android.ui" vma 9eb87000
    Binder:910_2-1061  [004] ....  2792.555060: do_swap_page: swapin tgid 910 pid 1061 name "Binder:910_2" vma 7fbcf40000
    Binder:910_2-1061  [004] ....  2792.555066: do_swap_page: swapin tgid 910 pid 1061 name "Binder:910_2" vma 7fbcef5000
           <...>-1353  [004] ....  2792.555108: do_swap_page: swapin tgid 1333 pid 1353 name "android.ui" vma 9eb87000
           <...>-1353  [004] ....  2792.555114: do_swap_page: swapin tgid 1333 pid 1353 name "android.ui" vma 9edb4000
   Binder:2270_7-3194  [004] ....  2792.555136: do_swap_page: swapin tgid 2270 pid 3194 name "Binder:2270_7" vma 1550a000
   Binder:2270_7-3194  [004] ....  2792.555148: do_swap_page: swapin tgid 2270 pid 3194 name "Binder:2270_7" vma 7ea8a6a000
   Binder:2270_7-3194  [004] ....  2792.555158: do_swap_page: swapin tgid 2270 pid 3194 name "Binder:2270_7" vma 7ea3113000
   Binder:2270_7-3194  [004] ....  2792.555178: do_swap_page: swapin tgid 2270 pid 3194 name "Binder:2270_7" vma 7f28b30000
   Binder:2270_7-3194  [004] ....  2792.555202: do_swap_page: swapin tgid 2270 pid 3194 name "Binder:2270_7" vma 7eafd18000
   Binder:2270_7-3194  [004] ....  2792.555205: do_swap_page: swapin tgid 2270 pid 3194 name "Binder:2270_7" vma 7eafd45000
   Binder:2270_7-3194  [004] ....  2792.555212: do_swap_page: swapin tgid 2270 pid 3194 name "Binder:2270_7" vma 7f20d79000
   Binder:2270_7-3194  [004] ....  2792.555241: do_swap_page: swapin tgid 2270 pid 3194 name "Binder:2270_7" vma 7eb2016000
   Binder:2270_7-3194  [004] ....  2792.555246: do_swap_page: swapin tgid 2270 pid 3194 name "Binder:2270_7" vma 15687000
   Binder:2270_7-3194  [004] ....  2792.555250: do_swap_page: swapin tgid 2270 pid 3194 name "Binder:2270_7" vma 151d1000
   Binder:2270_7-3194  [004] ....  2792.555258: do_swap_page: swapin tgid 2270 pid 3194 name "Binder:2270_7" vma 7ec5dee000
           <...>-1353  [004] ....  2792.555280: do_swap_page: swapin tgid 1333 pid 1353 name "android.ui" vma 9edb4000
           <...>-1353  [004] ....  2792.555286: do_swap_page: swapin tgid 1333 pid 1353 name "android.ui" vma 13f6f000
           <...>-1353  [004] ....  2792.555290: do_swap_page: swapin tgid 1333 pid 1353 name "android.ui" vma 7f20ea8000
    Binder:910_2-1061  [004] ....  2792.555314: do_swap_page: swapin tgid 910 pid 1061 name "Binder:910_2" vma 7fbcef5000
    Binder:910_2-1061  [004] ....  2792.555319: do_swap_page: swapin tgid 910 pid 1061 name "Binder:910_2" vma 7fbcef4000
 ActivityManager-1361  [004] ....  2792.555341: do_swap_page: swapin tgid 1333 pid 1361 name "ActivityManager" vma 7ed19ba000
 ActivityManager-1361  [004] ....  2792.555376: do_swap_page: swapin tgid 1333 pid 1361 name "ActivityManager" vma 145e1000
      android.fg-1352  [004] ....  2792.555480: do_swap_page: swapin tgid 1333 pid 1352 name "android.fg" vma 9ed63000
           <...>-1353  [004] ....  2792.555510: do_swap_page: swapin tgid 1333 pid 1353 name "android.ui" vma 7f20ea8000
           <...>-1353  [004] ....  2792.555565: do_swap_page: swapin tgid 1333 pid 1353 name "android.ui" vma 145f0000
           <...>-1353  [004] ....  2792.555568: do_swap_page: swapin tgid 1333 pid 1353 name "android.ui" vma 13ace000
           <...>-1353  [004] ....  2792.555576: do_swap_page: swapin tgid 1333 pid 1353 name "android.ui" vma 140e2000
           <...>-1353  [004] ....  2792.555603: do_swap_page: swapin tgid 1333 pid 1353 name "android.ui" vma 13a9a000
           <...>-1353  [004] ....  2792.555607: do_swap_page: swapin tgid 1333 pid 1353 name "android.ui" vma 1465f000
           <...>-1353  [004] ....  2792.555610: do_swap_page: swapin tgid 1333 pid 1353 name "android.ui" vma 14662000
           <...>-1353  [004] ....  2792.555612: do_swap_page: swapin tgid 1333 pid 1353 name "android.ui" vma 9eb7d000
           <...>-2732  [004] ....  2792.555653: do_swap_page: swapin tgid 2438 pid 2732 name "Binder:2438_4" vma 7fbe35b000
           <...>-2732  [004] ....  2792.555661: do_swap_page: swapin tgid 2438 pid 2732 name "Binder:2438_4" vma 7f28b28000
      android.fg-1352  [004] ....  2792.555688: do_swap_page: swapin tgid 1333 pid 1352 name "android.fg" vma 9ed63000
      android.fg-1352  [004] ....  2792.555697: do_swap_page: swapin tgid 1333 pid 1352 name "android.fg" vma 9ef17000
      android.fg-1352  [004] ....  2792.555729: do_swap_page: swapin tgid 1333 pid 1352 name "android.fg" vma 14a3d000
      android.fg-1352  [004] ....  2792.555735: do_swap_page: swapin tgid 1333 pid 1352 name "android.fg" vma 9ebcc000
      android.fg-1352  [004] ....  2792.555781: do_swap_page: swapin tgid 1333 pid 1352 name "android.fg" vma 140f7000
    Binder:910_2-1061  [004] ....  2792.555807: do_swap_page: swapin tgid 910 pid 1061 name "Binder:910_2" vma 7fbcef4000
    Binder:910_2-1061  [004] ....  2792.555829: do_swap_page: swapin tgid 910 pid 1061 name "Binder:910_2" vma 7fbcf3e000
           <...>-2732  [004] ....  2792.555854: do_swap_page: swapin tgid 2438 pid 2732 name "Binder:2438_4" vma 7f28b28000
           <...>-2732  [004] ....  2792.555878: do_swap_page: swapin tgid 2438 pid 2732 name "Binder:2438_4" vma 9eb12000
           <...>-1353  [004] ....  2792.555905: do_swap_page: swapin tgid 1333 pid 1353 name "android.ui" vma 9eb7d000
           <...>-1353  [004] ....  2792.555911: do_swap_page: swapin tgid 1333 pid 1353 name "android.ui" vma 9ee62000
   Binder:2270_7-3194  [004] ....  2792.555960: do_swap_page: swapin tgid 2270 pid 3194 name "Binder:2270_7" vma 7ec5dee000
   Binder:2270_7-3194  [004] ....  2792.555967: do_swap_page: swapin tgid 2270 pid 3194 name "Binder:2270_7" vma 7f28b49000
   Binder:2270_7-3194  [004] ....  2792.555973: do_swap_page: swapin tgid 2270 pid 3194 name "Binder:2270_7" vma 7eb0fb8000
   Binder:2270_7-3194  [004] ....  2792.555976: do_swap_page: swapin tgid 2270 pid 3194 name "Binder:2270_7" vma 15307000
   Binder:2270_7-3194  [004] ....  2792.555979: do_swap_page: swapin tgid 2270 pid 3194 name "Binder:2270_7" vma 7ec5df7000
      android.fg-1352  [004] ....  2792.556001: do_swap_page: swapin tgid 1333 pid 1352 name "android.fg" vma 140f7000
      android.fg-1352  [004] ....  2792.556048: do_swap_page: swapin tgid 1333 pid 1352 name "android.fg" vma 15164000
      android.fg-1352  [004] ....  2792.556053: do_swap_page: swapin tgid 1333 pid 1352 name "android.fg" vma 15167000
      android.fg-1352  [004] ....  2792.556056: do_swap_page: swapin tgid 1333 pid 1352 name "android.fg" vma 141f7000
      android.fg-1352  [004] ....  2792.556084: do_swap_page: swapin tgid 1333 pid 1352 name "android.fg" vma 13a0c000
      android.fg-1352  [004] ....  2792.556095: do_swap_page: swapin tgid 1333 pid 1352 name "android.fg" vma 9eb20000
      android.fg-1352  [004] ....  2792.556099: do_swap_page: swapin tgid 1333 pid 1352 name "android.fg" vma 9ed8a000
           <...>-2732  [004] ....  2792.556192: do_swap_page: swapin tgid 2438 pid 2732 name "Binder:2438_4" vma 9eb12000
           <...>-2732  [004] ....  2792.556202: do_swap_page: swapin tgid 2438 pid 2732 name "Binder:2438_4" vma 7fbe273000
           <...>-2732  [004] ....  2792.556208: do_swap_page: swapin tgid 2438 pid 2732 name "Binder:2438_4" vma 7fbe1d3000
           <...>-2732  [004] ....  2792.556212: do_swap_page: swapin tgid 2438 pid 2732 name "Binder:2438_4" vma 7f395f0000
    Binder:910_2-1061  [004] ....  2792.556255: do_swap_page: swapin tgid 910 pid 1061 name "Binder:910_2" vma 7fbcf3e000
    Binder:910_2-1061  [004] ....  2792.556262: do_swap_page: swapin tgid 910 pid 1061 name "Binder:910_2" vma 7fbcf25000
           <...>-1353  [004] ....  2792.556282: do_swap_page: swapin tgid 1333 pid 1353 name "android.ui" vma 9ee62000
           <...>-1353  [004] ....  2792.556304: do_swap_page: swapin tgid 1333 pid 1353 name "android.ui" vma 1420f000
           <...>-1353  [004] ....  2792.556308: do_swap_page: swapin tgid 1333 pid 1353 name "android.ui" vma 9eb6b000
           <...>-1353  [004] ....  2792.556310: do_swap_page: swapin tgid 1333 pid 1353 name "android.ui" vma 9eb6f000
           <...>-1474  [004] ....  2792.556335: do_swap_page: swapin tgid 1333 pid 1474 name "tworkPolicy.uid" vma 7ea66ec000
           <...>-1474  [004] ....  2792.556343: do_swap_page: swapin tgid 1333 pid 1474 name "tworkPolicy.uid" vma 7ea66ed000
           <...>-1474  [004] ....  2792.556350: do_swap_page: swapin tgid 1333 pid 1474 name "tworkPolicy.uid" vma 7ea66eb000
           <...>-1474  [004] ....  2792.556356: do_swap_page: swapin tgid 1333 pid 1474 name "tworkPolicy.uid" vma 13ad3000
           <...>-1474  [004] ....  2792.556358: do_swap_page: swapin tgid 1333 pid 1474 name "tworkPolicy.uid" vma 13ad4000
           <...>-1474  [004] ....  2792.556365: do_swap_page: swapin tgid 1333 pid 1474 name "tworkPolicy.uid" vma 7f23675000
           <...>-1474  [004] ....  2792.556403: do_swap_page: swapin tgid 1333 pid 1474 name "tworkPolicy.uid" vma 9ebe1000
           <...>-1474  [004] ....  2792.556407: do_swap_page: swapin tgid 1333 pid 1474 name "tworkPolicy.uid" vma 9ee11000
           <...>-2732  [004] ....  2792.556439: do_swap_page: swapin tgid 2438 pid 2732 name "Binder:2438_4" vma 7f395f0000
           <...>-2732  [004] ....  2792.556446: do_swap_page: swapin tgid 2438 pid 2732 name "Binder:2438_4" vma 7f395f1000
    Binder:910_2-1061  [004] ....  2792.556469: do_swap_page: swapin tgid 910 pid 1061 name "Binder:910_2" vma 7fbcf25000
    Binder:910_2-1061  [004] ....  2792.556475: do_swap_page: swapin tgid 910 pid 1061 name "Binder:910_2" vma 7fbcf24000
           <...>-1353  [004] ....  2792.556495: do_swap_page: swapin tgid 1333 pid 1353 name "android.ui" vma 9eb6f000
           <...>-1353  [004] ....  2792.556500: do_swap_page: swapin tgid 1333 pid 1353 name "android.ui" vma 13ad2000
           <...>-1353  [004] ....  2792.556503: do_swap_page: swapin tgid 1333 pid 1353 name "android.ui" vma 9ee81000
           <...>-1474  [004] ....  2792.556540: do_swap_page: swapin tgid 1333 pid 1474 name "tworkPolicy.uid" vma 9ee11000
           <...>-1474  [004] ....  2792.556546: do_swap_page: swapin tgid 1333 pid 1474 name "tworkPolicy.uid" vma 13ad5000
           <...>-1474  [004] ....  2792.556550: do_swap_page: swapin tgid 1333 pid 1474 name "tworkPolicy.uid" vma 14022000
           <...>-1474  [004] ....  2792.556576: do_swap_page: swapin tgid 1333 pid 1474 name "tworkPolicy.uid" vma 7f2afa3000
           <...>-2732  [004] ....  2792.556606: do_swap_page: swapin tgid 2438 pid 2732 name "Binder:2438_4" vma 7f395f1000
           <...>-2732  [004] ....  2792.556612: do_swap_page: swapin tgid 2438 pid 2732 name "Binder:2438_4" vma 9eb23000
           <...>-2732  [004] ....  2792.556616: do_swap_page: swapin tgid 2438 pid 2732 name "Binder:2438_4" vma 9eb0f000
    Binder:910_2-1061  [004] ....  2792.556656: do_swap_page: swapin tgid 910 pid 1061 name "Binder:910_2" vma 7fbcf24000
    Binder:910_2-1061  [004] ....  2792.556662: do_swap_page: swapin tgid 910 pid 1061 name "Binder:910_2" vma 7fbcf1b000
      android.fg-1352  [004] ....  2792.556683: do_swap_page: swapin tgid 1333 pid 1352 name "android.fg" vma 9ed8a000
      android.fg-1352  [004] ....  2792.556692: do_swap_page: swapin tgid 1333 pid 1352 name "android.fg" vma 1467c000
      android.fg-1352  [004] ....  2792.556698: do_swap_page: swapin tgid 1333 pid 1352 name "android.fg" vma 14365000
      android.fg-1352  [004] ....  2792.556700: do_swap_page: swapin tgid 1333 pid 1352 name "android.fg" vma 9eb1a000
      android.fg-1352  [004] ....  2792.556702: do_swap_page: swapin tgid 1333 pid 1352 name "android.fg" vma 9ed7c000
           <...>-1353  [004] ....  2792.556723: do_swap_page: swapin tgid 1333 pid 1353 name "android.ui" vma 9ee81000
           <...>-1353  [004] ....  2792.556726: do_swap_page: swapin tgid 1333 pid 1353 name "android.ui" vma 9ee25000
   Binder:2270_7-3194  [004] ....  2792.556765: do_swap_page: swapin tgid 2270 pid 3194 name "Binder:2270_7" vma 7ec5df7000
   Binder:2270_7-3194  [004] ....  2792.556771: do_swap_page: swapin tgid 2270 pid 3194 name "Binder:2270_7" vma 7f211c2000
           <...>-1474  [004] ....  2792.556796: do_swap_page: swapin tgid 1333 pid 1474 name "tworkPolicy.uid" vma 7f2afa3000
           <...>-1474  [004] ....  2792.556801: do_swap_page: swapin tgid 1333 pid 1474 name "tworkPolicy.uid" vma 9ee10000
           <...>-2732  [004] ....  2792.556823: do_swap_page: swapin tgid 2438 pid 2732 name "Binder:2438_4" vma 9eb0f000
           <...>-2732  [004] ....  2792.556828: do_swap_page: swapin tgid 2438 pid 2732 name "Binder:2438_4" vma 7fbe231000
           <...>-1353  [004] ....  2792.556878: do_swap_page: swapin tgid 1333 pid 1353 name "android.ui" vma 9ee25000
           <...>-1353  [004] ....  2792.556932: do_swap_page: swapin tgid 1333 pid 1353 name "android.ui" vma 13bdb000
           <...>-1353  [004] ....  2792.556974: do_swap_page: swapin tgid 1333 pid 1353 name "android.ui" vma 7f232ad000
           <...>-1333  [004] ....  2792.557049: do_swap_page: swapin tgid 1333 pid 1333 name "system_server" vma 14273000
           <...>-1333  [004] ....  2792.557055: do_swap_page: swapin tgid 1333 pid 1333 name "system_server" vma 1473d000
           <...>-1333  [004] ....  2792.557078: do_swap_page: swapin tgid 1333 pid 1333 name "system_server" vma 9ebe2000
           <...>-1333  [004] ....  2792.557110: do_swap_page: swapin tgid 1333 pid 1333 name "system_server" vma 14786000
           <...>-5647  [004] ....  2792.557157: do_swap_page: swapin tgid 5628 pid 5647 name "Binder:5628_3" vma 7f289be000
           <...>-5647  [004] ....  2792.557186: do_swap_page: swapin tgid 5628 pid 5647 name "Binder:5628_3" vma 7fbe176000
           <...>-5647  [004] ....  2792.557198: do_swap_page: swapin tgid 5628 pid 5647 name "Binder:5628_3" vma 9eb19000
           <...>-1474  [004] ....  2792.557226: do_swap_page: swapin tgid 1333 pid 1474 name "tworkPolicy.uid" vma 9ee10000
           <...>-1474  [004] ....  2792.557232: do_swap_page: swapin tgid 1333 pid 1474 name "tworkPolicy.uid" vma 13da0000
           <...>-1474  [004] ....  2792.557244: do_swap_page: swapin tgid 1333 pid 1474 name "tworkPolicy.uid" vma 7eb4205000
           <...>-1474  [004] ....  2792.557262: do_swap_page: swapin tgid 1333 pid 1474 name "tworkPolicy.uid" vma 15481000
    Binder:910_2-1061  [004] ....  2792.557287: do_swap_page: swapin tgid 910 pid 1061 name "Binder:910_2" vma 7fbcf1b000
    Binder:910_2-1061  [004] ....  2792.557293: do_swap_page: swapin tgid 910 pid 1061 name "Binder:910_2" vma 7fbcf23000
           <...>-2732  [004] ....  2792.557316: do_swap_page: swapin tgid 2438 pid 2732 name "Binder:2438_4" vma 7fbe231000
           <...>-2732  [004] ....  2792.557324: do_swap_page: swapin tgid 2438 pid 2732 name "Binder:2438_4" vma 7fbe170000
