           <...>-2038  [004] ....  1932.735270: do_swap_page: swapin tgid 1632 pid 2038 name "RenderThread" vma 7ed1331000
           <...>-2038  [004] ....  1932.735296: do_swap_page: swapin tgid 1632 pid 2038 name "RenderThread" vma 7fbe175000
           <...>-2201  [004] ....  1932.735342: do_swap_page: swapin tgid 602 pid 2201 name "Binder:602_5" vma 7fba7a0000
           <...>-645   [004] ....  1932.735394: do_swap_page: swapin tgid 602 pid 645 name "Binder:602_1" vma 7fbbbff000
           <...>-645   [004] ....  1932.735400: do_swap_page: swapin tgid 602 pid 645 name "Binder:602_1" vma 7fbbc00000
           <...>-645   [004] ....  1932.735408: do_swap_page: swapin tgid 602 pid 645 name "Binder:602_1" vma 7fba61e000
           <...>-645   [004] ....  1932.735414: do_swap_page: swapin tgid 602 pid 645 name "Binder:602_1" vma 7fbe15e000
           <...>-645   [004] ....  1932.735417: do_swap_page: swapin tgid 602 pid 645 name "Binder:602_1" vma 7fbe15f000
           <...>-645   [004] ....  1932.735424: do_swap_page: swapin tgid 602 pid 645 name "Binder:602_1" vma 7fba659000
           <...>-2038  [004] ....  1932.735528: do_swap_page: swapin tgid 1632 pid 2038 name "RenderThread" vma 7fbe175000
           <...>-722   [004] ....  1932.735607: do_swap_page: swapin tgid 602 pid 722 name "Binder:602_3" vma 7faa47f000
           <...>-722   [004] ....  1932.735615: do_swap_page: swapin tgid 602 pid 722 name "Binder:602_3" vma 7faa480000
           <...>-722   [004] ....  1932.735618: do_swap_page: swapin tgid 602 pid 722 name "Binder:602_3" vma 7fba62d000
           <...>-722   [004] ....  1932.735623: do_swap_page: swapin tgid 602 pid 722 name "Binder:602_3" vma 7fba63f000
           <...>-722   [004] ....  1932.735626: do_swap_page: swapin tgid 602 pid 722 name "Binder:602_3" vma 7faa799000
           <...>-722   [004] ....  1932.735629: do_swap_page: swapin tgid 602 pid 722 name "Binder:602_3" vma 7faa79a000
           <...>-2201  [004] ....  1932.735742: do_swap_page: swapin tgid 602 pid 2201 name "Binder:602_5" vma 7fbf5e3000
           <...>-6093  [004] ....  1932.735819: do_swap_page: swapin tgid 6055 pid 6093 name "RenderThread" vma 7f2d677000
           <...>-6093  [004] ....  1932.735827: do_swap_page: swapin tgid 6055 pid 6093 name "RenderThread" vma 7f2d6ef000
           <...>-2201  [004] ....  1932.735925: do_swap_page: swapin tgid 602 pid 2201 name "Binder:602_5" vma 7fbf5e3000
           <...>-2201  [004] ....  1932.735941: do_swap_page: swapin tgid 602 pid 2201 name "Binder:602_5" vma 7fbc858000
           <...>-2201  [004] ....  1932.735950: do_swap_page: swapin tgid 602 pid 2201 name "Binder:602_5" vma 7fb77b4000
           <...>-6363  [004] ....  1932.735975: do_swap_page: swapin tgid 1333 pid 6363 name "RenderThread" vma 7eb4e5f000
           <...>-1450  [004] ....  1932.736005: do_swap_page: swapin tgid 602 pid 1450 name "Binder:602_4" vma 7fa931b000
           <...>-1450  [004] ....  1932.736011: do_swap_page: swapin tgid 602 pid 1450 name "Binder:602_4" vma 7fa931c000
           <...>-1450  [004] ....  1932.736017: do_swap_page: swapin tgid 602 pid 1450 name "Binder:602_4" vma 7fba63e000
           <...>-1450  [004] ....  1932.736023: do_swap_page: swapin tgid 602 pid 1450 name "Binder:602_4" vma 7fba65a000
           <...>-1450  [004] ....  1932.736026: do_swap_page: swapin tgid 602 pid 1450 name "Binder:602_4" vma 7faa7b2000
           <...>-1450  [004] ....  1932.736028: do_swap_page: swapin tgid 602 pid 1450 name "Binder:602_4" vma 7faa7b3000
           <...>-645   [004] ....  1932.736061: do_swap_page: swapin tgid 602 pid 645 name "Binder:602_1" vma 7fba660000
           <...>-645   [004] ....  1932.736065: do_swap_page: swapin tgid 602 pid 645 name "Binder:602_1" vma 7fba6ad000
           <...>-1355  [004] ....  1932.736147: do_swap_page: swapin tgid 1333 pid 1355 name "android.display" vma 7ecd8f8000
           <...>-1355  [004] ....  1932.736215: do_swap_page: swapin tgid 1333 pid 1355 name "android.display" vma 9ee60000
           <...>-6093  [004] ....  1932.736423: do_swap_page: swapin tgid 6055 pid 6093 name "RenderThread" vma 7fbe162000
           <...>-6093  [004] ....  1932.736431: do_swap_page: swapin tgid 6055 pid 6093 name "RenderThread" vma 7fbe229000
           <...>-6093  [004] ....  1932.736440: do_swap_page: swapin tgid 6055 pid 6093 name "RenderThread" vma 7e89810000
           <...>-6093  [004] ....  1932.736444: do_swap_page: swapin tgid 6055 pid 6093 name "RenderThread" vma 7e89811000
           <...>-6093  [004] ....  1932.736449: do_swap_page: swapin tgid 6055 pid 6093 name "RenderThread" vma 7e8833a000
           <...>-6093  [004] ....  1932.736453: do_swap_page: swapin tgid 6055 pid 6093 name "RenderThread" vma 7f28da8000
           <...>-6093  [004] ....  1932.736457: do_swap_page: swapin tgid 6055 pid 6093 name "RenderThread" vma 7fbb25f000
           <...>-1355  [004] ....  1932.736492: do_swap_page: swapin tgid 1333 pid 1355 name "android.display" vma 9ee60000
           <...>-1355  [004] ....  1932.736521: do_swap_page: swapin tgid 1333 pid 1355 name "android.display" vma 7eb4d1b000
           <...>-1355  [004] ....  1932.736533: do_swap_page: swapin tgid 1333 pid 1355 name "android.display" vma 7eb4d17000
           <...>-1355  [004] ....  1932.736535: do_swap_page: swapin tgid 1333 pid 1355 name "android.display" vma 7f28a79000
           <...>-2514  [004] ....  1932.736656: do_swap_page: swapin tgid 1985 pid 2514 name "RenderThread" vma 7fbe162000
           <...>-2514  [004] ....  1932.736662: do_swap_page: swapin tgid 1985 pid 2514 name "RenderThread" vma 7fbe2f1000
           <...>-2514  [004] ....  1932.736666: do_swap_page: swapin tgid 1985 pid 2514 name "RenderThread" vma 7f28a1a000
           <...>-2514  [004] ....  1932.736669: do_swap_page: swapin tgid 1985 pid 2514 name "RenderThread" vma 7f28a1b000
           <...>-2514  [004] ....  1932.736694: do_swap_page: swapin tgid 1985 pid 2514 name "RenderThread" vma 7ecac76000
           <...>-2514  [004] ....  1932.736698: do_swap_page: swapin tgid 1985 pid 2514 name "RenderThread" vma 7ecb533000
           <...>-2514  [004] ....  1932.736702: do_swap_page: swapin tgid 1985 pid 2514 name "RenderThread" vma 7fbb25f000
           <...>-1355  [004] ....  1932.736745: do_swap_page: swapin tgid 1333 pid 1355 name "android.display" vma 7f28a79000
           <...>-1355  [004] ....  1932.736753: do_swap_page: swapin tgid 1333 pid 1355 name "android.display" vma 7f28b32000
           <...>-1355  [004] ....  1932.736756: do_swap_page: swapin tgid 1333 pid 1355 name "android.display" vma 7e806b2000
           <...>-1355  [004] ....  1932.736762: do_swap_page: swapin tgid 1333 pid 1355 name "android.display" vma 7e80510000
           <...>-6093  [004] ....  1932.736909: do_swap_page: swapin tgid 6055 pid 6093 name "RenderThread" vma 7fbb25f000
           <...>-6093  [004] ....  1932.736916: do_swap_page: swapin tgid 6055 pid 6093 name "RenderThread" vma 7fbe2f3000
           <...>-6093  [004] ....  1932.736964: do_swap_page: swapin tgid 6055 pid 6093 name "RenderThread" vma 7ecde79000
           <...>-2514  [004] ....  1932.736985: do_swap_page: swapin tgid 1985 pid 2514 name "RenderThread" vma 7fbb25f000
           <...>-2514  [004] ....  1932.736998: do_swap_page: swapin tgid 1985 pid 2514 name "RenderThread" vma 7ecb655000
           <...>-2514  [004] ....  1932.737050: do_swap_page: swapin tgid 1985 pid 2514 name "RenderThread" vma 7ecb4d8000
           <...>-2514  [004] ....  1932.737057: do_swap_page: swapin tgid 1985 pid 2514 name "RenderThread" vma 7f2d25b000
           <...>-2514  [004] ....  1932.737103: do_swap_page: swapin tgid 1985 pid 2514 name "RenderThread" vma 7f2d25a000
           <...>-2514  [004] ....  1932.737109: do_swap_page: swapin tgid 1985 pid 2514 name "RenderThread" vma 7f2d256000
           <...>-1355  [004] ....  1932.737143: do_swap_page: swapin tgid 1333 pid 1355 name "android.display" vma 7e80510000
           <...>-1355  [004] ....  1932.737149: do_swap_page: swapin tgid 1333 pid 1355 name "android.display" vma 7f28a85000
           <...>-646   [004] ....  1932.737184: do_swap_page: swapin tgid 602 pid 646 name "Binder:602_2" vma 7fb75f9000
           <...>-6093  [004] ....  1932.737212: do_swap_page: swapin tgid 6055 pid 6093 name "RenderThread" vma 7f28fea000
           <...>-6093  [004] ....  1932.737220: do_swap_page: swapin tgid 6055 pid 6093 name "RenderThread" vma 7f2d26f000
           <...>-6093  [004] ....  1932.737288: do_swap_page: swapin tgid 6055 pid 6093 name "RenderThread" vma 7f2d148000
           <...>-6093  [004] ....  1932.737295: do_swap_page: swapin tgid 6055 pid 6093 name "RenderThread" vma 7f2d146000
           <...>-6093  [004] ....  1932.737298: do_swap_page: swapin tgid 6055 pid 6093 name "RenderThread" vma 7eb2041000
           <...>-6093  [004] ....  1932.737311: do_swap_page: swapin tgid 6055 pid 6093 name "RenderThread" vma 7e88421000
           <...>-6093  [004] ....  1932.737324: do_swap_page: swapin tgid 6055 pid 6093 name "RenderThread" vma 7eb2063000
           <...>-1355  [004] ....  1932.737344: do_swap_page: swapin tgid 1333 pid 1355 name "android.display" vma 7f28a85000
           <...>-1355  [004] ....  1932.737349: do_swap_page: swapin tgid 1333 pid 1355 name "android.display" vma 7e6c13e000
           <...>-1355  [004] ....  1932.737521: do_swap_page: swapin tgid 1333 pid 1355 name "android.display" vma 7e6c13e000
           <...>-1355  [004] ....  1932.737528: do_swap_page: swapin tgid 1333 pid 1355 name "android.display" vma 7e804af000
           <...>-1355  [004] ....  1932.737691: do_swap_page: swapin tgid 1333 pid 1355 name "android.display" vma 7e804af000
           <...>-1355  [004] ....  1932.737715: do_swap_page: swapin tgid 1333 pid 1355 name "android.display" vma 7f28987000
           <...>-1355  [004] ....  1932.737720: do_swap_page: swapin tgid 1333 pid 1355 name "android.display" vma 7e6c0ca000
           <...>-1355  [004] ....  1932.737726: do_swap_page: swapin tgid 1333 pid 1355 name "android.display" vma 7f28a84000
           <...>-1355  [004] ....  1932.737836: do_swap_page: swapin tgid 1333 pid 1355 name "android.display" vma 7f28a84000
           <...>-1355  [004] ....  1932.737839: do_swap_page: swapin tgid 1333 pid 1355 name "android.display" vma 7e804a5000
           <...>-1355  [004] ....  1932.737843: do_swap_page: swapin tgid 1333 pid 1355 name "android.display" vma 7eb4d37000
           <...>-1355  [004] ....  1932.737942: do_swap_page: swapin tgid 1333 pid 1355 name "android.display" vma 9ec30000
           <...>-1355  [004] ....  1932.738108: do_swap_page: swapin tgid 1333 pid 1355 name "android.display" vma 9ec30000
           <...>-1355  [004] ....  1932.738116: do_swap_page: swapin tgid 1333 pid 1355 name "android.display" vma 7eb43aa000
           <...>-1355  [004] ....  1932.738125: do_swap_page: swapin tgid 1333 pid 1355 name "android.display" vma 7eb43ab000
           <...>-1355  [004] ....  1932.738277: do_swap_page: swapin tgid 1333 pid 1355 name "android.display" vma 7eb4d24000
           <...>-1355  [004] ....  1932.738281: do_swap_page: swapin tgid 1333 pid 1355 name "android.display" vma 7ed0edc000
           <...>-1355  [004] ....  1932.738309: do_swap_page: swapin tgid 1333 pid 1355 name "android.display" vma 7f2d668000
           <...>-1355  [004] ....  1932.738336: do_swap_page: swapin tgid 1333 pid 1355 name "android.display" vma 7ed0ea0000
           <...>-1360  [004] ....  1932.738382: do_swap_page: swapin tgid 1333 pid 1360 name "android.bg" vma 9ee35000
           <...>-1509  [004] ....  1932.738423: do_swap_page: swapin tgid 1333 pid 1509 name "AudioService" vma 7e88efd000
           <...>-9131  [004] ....  1932.738537: do_swap_page: swapin tgid 1632 pid 9131 name "Binder:1632_8" vma 7f28a15000
           <...>-9131  [004] ....  1932.738547: do_swap_page: swapin tgid 1632 pid 9131 name "Binder:1632_8" vma 7ed1451000
           <...>-9131  [004] ....  1932.738549: do_swap_page: swapin tgid 1632 pid 9131 name "Binder:1632_8" vma 7ed11e4000
           <...>-2181  [004] ....  1932.738607: do_swap_page: swapin tgid 1632 pid 2181 name "ScreenDecoratio" vma 7eb801b000
           <...>-2181  [004] ....  1932.738618: do_swap_page: swapin tgid 1632 pid 2181 name "ScreenDecoratio" vma 7eb801c000
           <...>-2181  [004] ....  1932.738621: do_swap_page: swapin tgid 1632 pid 2181 name "ScreenDecoratio" vma 7ed1258000
           <...>-2181  [004] ....  1932.738626: do_swap_page: swapin tgid 1632 pid 2181 name "ScreenDecoratio" vma 7eb801a000
           <...>-2181  [004] ....  1932.738630: do_swap_page: swapin tgid 1632 pid 2181 name "ScreenDecoratio" vma 7eb8019000
           <...>-1509  [004] ....  1932.738663: do_swap_page: swapin tgid 1333 pid 1509 name "AudioService" vma 7e88efd000
           <...>-1509  [004] ....  1932.738671: do_swap_page: swapin tgid 1333 pid 1509 name "AudioService" vma 7e88efb000
           <...>-1509  [004] ....  1932.738677: do_swap_page: swapin tgid 1333 pid 1509 name "AudioService" vma 7e88efa000
   system_server-1333  [004] ....  1932.738715: do_swap_page: swapin tgid 1333 pid 1333 name "system_server" vma 9ee35000
   system_server-1333  [004] ....  1932.738750: do_swap_page: swapin tgid 1333 pid 1333 name "system_server" vma 9ee73000
           <...>-1353  [004] ....  1932.738809: do_swap_page: swapin tgid 1333 pid 1353 name "android.ui" vma 9ee52000
           <...>-2181  [004] ....  1932.738845: do_swap_page: swapin tgid 1632 pid 2181 name "ScreenDecoratio" vma 7eb8019000
           <...>-2181  [004] ....  1932.738856: do_swap_page: swapin tgid 1632 pid 2181 name "ScreenDecoratio" vma 7f2f11a000
           <...>-2181  [004] ....  1932.738879: do_swap_page: swapin tgid 1632 pid 2181 name "ScreenDecoratio" vma 1354f000
           <...>-2181  [004] ....  1932.738890: do_swap_page: swapin tgid 1632 pid 2181 name "ScreenDecoratio" vma 13e84000
           <...>-2181  [004] ....  1932.738895: do_swap_page: swapin tgid 1632 pid 2181 name "ScreenDecoratio" vma 13e83000
           <...>-2181  [004] ....  1932.738909: do_swap_page: swapin tgid 1632 pid 2181 name "ScreenDecoratio" vma 7ec7ae5000
           <...>-2181  [004] ....  1932.738912: do_swap_page: swapin tgid 1632 pid 2181 name "ScreenDecoratio" vma 7ec7b13000
           <...>-2181  [004] ....  1932.738915: do_swap_page: swapin tgid 1632 pid 2181 name "ScreenDecoratio" vma 7ec7ae7000
           <...>-2181  [004] ....  1932.738943: do_swap_page: swapin tgid 1632 pid 2181 name "ScreenDecoratio" vma 7ec7c97000
           <...>-2181  [004] ....  1932.738954: do_swap_page: swapin tgid 1632 pid 2181 name "ScreenDecoratio" vma 7ec7aea000
           <...>-1954  [004] ....  1932.739039: do_swap_page: swapin tgid 1333 pid 1954 name "Binder:1333_8" vma 7e8034c000
           <...>-1954  [004] ....  1932.739045: do_swap_page: swapin tgid 1333 pid 1954 name "Binder:1333_8" vma 7e8034d000
           <...>-1509  [004] ....  1932.739078: do_swap_page: swapin tgid 1333 pid 1509 name "AudioService" vma 7e88efa000
           <...>-1509  [004] ....  1932.739091: do_swap_page: swapin tgid 1333 pid 1509 name "AudioService" vma 9ee79000
   system_server-1333  [004] ....  1932.739114: do_swap_page: swapin tgid 1333 pid 1333 name "system_server" vma 9ee73000
           <...>-2181  [004] ....  1932.739145: do_swap_page: swapin tgid 1632 pid 2181 name "ScreenDecoratio" vma 7ec7ae8000
           <...>-2181  [004] ....  1932.739161: do_swap_page: swapin tgid 1632 pid 2181 name "ScreenDecoratio" vma 134f8000
           <...>-2181  [004] ....  1932.739167: do_swap_page: swapin tgid 1632 pid 2181 name "ScreenDecoratio" vma 134f9000
           <...>-2181  [004] ....  1932.739214: do_swap_page: swapin tgid 1632 pid 2181 name "ScreenDecoratio" vma 7ec7ad9000
           <...>-2181  [004] ....  1932.739221: do_swap_page: swapin tgid 1632 pid 2181 name "ScreenDecoratio" vma 7f2d23d000
           <...>-1509  [004] ....  1932.739250: do_swap_page: swapin tgid 1333 pid 1509 name "AudioService" vma 9ee79000
           <...>-1509  [004] ....  1932.739274: do_swap_page: swapin tgid 1333 pid 1509 name "AudioService" vma 7eb4d6b000
           <...>-1353  [004] ....  1932.739334: do_swap_page: swapin tgid 1333 pid 1353 name "android.ui" vma 9ee52000
           <...>-2181  [004] ....  1932.739429: do_swap_page: swapin tgid 1632 pid 2181 name "ScreenDecoratio" vma 7f2d23d000
           <...>-2181  [004] ....  1932.739443: do_swap_page: swapin tgid 1632 pid 2181 name "ScreenDecoratio" vma 13e89000
           <...>-2181  [004] ....  1932.739447: do_swap_page: swapin tgid 1632 pid 2181 name "ScreenDecoratio" vma 13e88000
           <...>-2181  [004] ....  1932.739550: do_swap_page: swapin tgid 1632 pid 2181 name "ScreenDecoratio" vma 9ede0000
           <...>-1353  [004] .n..  1932.739666: do_swap_page: swapin tgid 1333 pid 1353 name "android.ui" vma 7e80350000
           <...>-2181  [004] ....  1932.739712: do_swap_page: swapin tgid 1632 pid 2181 name "ScreenDecoratio" vma 9ede0000
           <...>-2181  [004] ....  1932.739718: do_swap_page: swapin tgid 1632 pid 2181 name "ScreenDecoratio" vma 9ed1f000
           <...>-1355  [004] ....  1932.739746: do_swap_page: swapin tgid 1333 pid 1355 name "android.display" vma 7ed0ea0000
           <...>-1355  [004] ....  1932.739879: do_swap_page: swapin tgid 1333 pid 1355 name "android.display" vma 7e8035f000
           <...>-1355  [004] ....  1932.739969: do_swap_page: swapin tgid 1333 pid 1355 name "android.display" vma 7e6c45c000
           <...>-1766  [004] ....  1932.740004: do_swap_page: swapin tgid 1745 pid 1766 name "Binder:1745_2" vma 7f2d668000
           <...>-1766  [004] ....  1932.740014: do_swap_page: swapin tgid 1745 pid 1766 name "Binder:1745_2" vma 7f2e0ae000
           <...>-1766  [004] ....  1932.740019: do_swap_page: swapin tgid 1745 pid 1766 name "Binder:1745_2" vma 7f2e0af000
           <...>-1864  [004] ....  1932.740052: do_swap_page: swapin tgid 1829 pid 1864 name "Binder:1829_2" vma 7f28a4e000
           <...>-1864  [004] ....  1932.740060: do_swap_page: swapin tgid 1829 pid 1864 name "Binder:1829_2" vma 7f2e0ae000
           <...>-1864  [004] ....  1932.740064: do_swap_page: swapin tgid 1829 pid 1864 name "Binder:1829_2" vma 7f2e0af000
           <...>-1885  [004] ....  1932.740099: do_swap_page: swapin tgid 1847 pid 1885 name "Binder:1847_3" vma 7f2d668000
           <...>-1885  [004] ....  1932.740107: do_swap_page: swapin tgid 1847 pid 1885 name "Binder:1847_3" vma 7f2dfb1000
           <...>-1885  [004] ....  1932.740110: do_swap_page: swapin tgid 1847 pid 1885 name "Binder:1847_3" vma 7f2dfb2000
   Binder:1870_5-2154  [004] ....  1932.740172: do_swap_page: swapin tgid 1870 pid 2154 name "Binder:1870_5" vma 7fbe241000
           <...>-1969  [004] ....  1932.740213: do_swap_page: swapin tgid 1926 pid 1969 name "Binder:1926_3" vma 7f28a4e000
           <...>-1969  [004] ....  1932.740223: do_swap_page: swapin tgid 1926 pid 1969 name "Binder:1926_3" vma 7f2dfb1000
           <...>-1969  [004] ....  1932.740227: do_swap_page: swapin tgid 1926 pid 1969 name "Binder:1926_3" vma 7f2dfb2000
           <...>-2011  [004] ....  1932.740273: do_swap_page: swapin tgid 1985 pid 2011 name "Binder:1985_2" vma 7f2e0ae000
           <...>-2011  [004] ....  1932.740281: do_swap_page: swapin tgid 1985 pid 2011 name "Binder:1985_2" vma 7f2e0af000
           <...>-2011  [004] ....  1932.740288: do_swap_page: swapin tgid 1985 pid 2011 name "Binder:1985_2" vma 7f2d666000
           <...>-2011  [004] ....  1932.740296: do_swap_page: swapin tgid 1985 pid 2011 name "Binder:1985_2" vma 7f2d669000
           <...>-2011  [004] ....  1932.740300: do_swap_page: swapin tgid 1985 pid 2011 name "Binder:1985_2" vma 7fbe241000
   Binder:2270_7-3194  [004] ....  1932.740360: do_swap_page: swapin tgid 2270 pid 3194 name "Binder:2270_7" vma 7fbe23b000
   Binder:2270_7-3194  [004] ....  1932.740369: do_swap_page: swapin tgid 2270 pid 3194 name "Binder:2270_7" vma 7eb1fc7000
   Binder:2270_7-3194  [004] ....  1932.740376: do_swap_page: swapin tgid 2270 pid 3194 name "Binder:2270_7" vma 7fbe2f3000
   Binder:2270_7-3194  [004] ....  1932.740379: do_swap_page: swapin tgid 2270 pid 3194 name "Binder:2270_7" vma 7fbe241000
   Binder:2270_7-3194  [004] ....  1932.740391: do_swap_page: swapin tgid 2270 pid 3194 name "Binder:2270_7" vma 138e9000
   Binder:2270_7-3194  [004] ....  1932.740402: do_swap_page: swapin tgid 2270 pid 3194 name "Binder:2270_7" vma 7eb0fb9000
   Binder:2270_7-3194  [004] ....  1932.740406: do_swap_page: swapin tgid 2270 pid 3194 name "Binder:2270_7" vma 137c6000
   Binder:2270_7-3194  [004] ....  1932.740408: do_swap_page: swapin tgid 2270 pid 3194 name "Binder:2270_7" vma 149e3000
   Binder:2270_7-3194  [004] ....  1932.740428: do_swap_page: swapin tgid 2270 pid 3194 name "Binder:2270_7" vma 14c86000
   Binder:2270_7-3194  [004] ....  1932.740432: do_swap_page: swapin tgid 2270 pid 3194 name "Binder:2270_7" vma 14c8b000
   Binder:2270_7-3194  [004] ....  1932.740445: do_swap_page: swapin tgid 2270 pid 3194 name "Binder:2270_7" vma 7f237b7000
   Binder:2270_7-3194  [004] ....  1932.740460: do_swap_page: swapin tgid 2270 pid 3194 name "Binder:2270_7" vma 7eb0fba000
   Binder:2270_7-3194  [004] ....  1932.740466: do_swap_page: swapin tgid 2270 pid 3194 name "Binder:2270_7" vma 13580000
   Binder:2270_7-3194  [004] ....  1932.740473: do_swap_page: swapin tgid 2270 pid 3194 name "Binder:2270_7" vma 1533d000
   Binder:2270_7-3194  [004] ....  1932.740481: do_swap_page: swapin tgid 2270 pid 3194 name "Binder:2270_7" vma 7eb22e3000
   Binder:2270_7-3194  [004] ....  1932.740509: do_swap_page: swapin tgid 2270 pid 3194 name "Binder:2270_7" vma 7ec6107000
   Binder:2270_7-3194  [004] ....  1932.740518: do_swap_page: swapin tgid 2270 pid 3194 name "Binder:2270_7" vma 7eafd91000
   Binder:2270_7-3194  [004] ....  1932.740525: do_swap_page: swapin tgid 2270 pid 3194 name "Binder:2270_7" vma 137ca000
   Binder:2270_7-3194  [004] ....  1932.740528: do_swap_page: swapin tgid 2270 pid 3194 name "Binder:2270_7" vma 13e1d000
   Binder:2270_7-3194  [004] ....  1932.740536: do_swap_page: swapin tgid 2270 pid 3194 name "Binder:2270_7" vma 72b2e000
   Binder:2270_7-3194  [004] ....  1932.740540: do_swap_page: swapin tgid 2270 pid 3194 name "Binder:2270_7" vma 14c8f000
   Binder:2270_7-3194  [004] ....  1932.740544: do_swap_page: swapin tgid 2270 pid 3194 name "Binder:2270_7" vma 14caa000
           <...>-1885  [004] ....  1932.740561: do_swap_page: swapin tgid 1847 pid 1885 name "Binder:1847_3" vma 7f2dfb2000
           <...>-1885  [004] ....  1932.740567: do_swap_page: swapin tgid 1847 pid 1885 name "Binder:1847_3" vma 7f2d666000
           <...>-1885  [004] ....  1932.740569: do_swap_page: swapin tgid 1847 pid 1885 name "Binder:1847_3" vma 7fbe180000
           <...>-1885  [004] ....  1932.740574: do_swap_page: swapin tgid 1847 pid 1885 name "Binder:1847_3" vma 7f2d684000
           <...>-1885  [004] ....  1932.740584: do_swap_page: swapin tgid 1847 pid 1885 name "Binder:1847_3" vma 7f2d615000
           <...>-1885  [004] ....  1932.740590: do_swap_page: swapin tgid 1847 pid 1885 name "Binder:1847_3" vma 7f2d61f000
           <...>-1969  [004] ....  1932.740620: do_swap_page: swapin tgid 1926 pid 1969 name "Binder:1926_3" vma 7f2dfb2000
           <...>-1969  [004] ....  1932.740625: do_swap_page: swapin tgid 1926 pid 1969 name "Binder:1926_3" vma 7f289fc000
           <...>-1969  [004] ....  1932.740630: do_swap_page: swapin tgid 1926 pid 1969 name "Binder:1926_3" vma 7fbe180000
           <...>-1969  [004] ....  1932.740634: do_swap_page: swapin tgid 1926 pid 1969 name "Binder:1926_3" vma 7fbe1fb000
   Binder:1870_5-2154  [004] ....  1932.740658: do_swap_page: swapin tgid 1870 pid 2154 name "Binder:1870_5" vma 7fbe241000
   Binder:1870_5-2154  [004] ....  1932.740716: do_swap_page: swapin tgid 1870 pid 2154 name "Binder:1870_5" vma 1479c000
   Binder:1870_5-2154  [004] ....  1932.740723: do_swap_page: swapin tgid 1870 pid 2154 name "Binder:1870_5" vma 1479b000
           <...>-1864  [004] ....  1932.740753: do_swap_page: swapin tgid 1829 pid 1864 name "Binder:1829_2" vma 7f2e0af000
           <...>-1864  [004] ....  1932.740760: do_swap_page: swapin tgid 1829 pid 1864 name "Binder:1829_2" vma 7f289fc000
           <...>-1864  [004] ....  1932.740766: do_swap_page: swapin tgid 1829 pid 1864 name "Binder:1829_2" vma 7fbe180000
           <...>-1864  [004] ....  1932.740778: do_swap_page: swapin tgid 1829 pid 1864 name "Binder:1829_2" vma 7fbe22b000
           <...>-1864  [004] ....  1932.740798: do_swap_page: swapin tgid 1829 pid 1864 name "Binder:1829_2" vma 7f28ac2000
           <...>-1766  [004] ....  1932.740826: do_swap_page: swapin tgid 1745 pid 1766 name "Binder:1745_2" vma 7f2e0af000
           <...>-1766  [004] ....  1932.740834: do_swap_page: swapin tgid 1745 pid 1766 name "Binder:1745_2" vma 7f2d666000
           <...>-1766  [004] ....  1932.740839: do_swap_page: swapin tgid 1745 pid 1766 name "Binder:1745_2" vma 7fbe180000
           <...>-1766  [004] ....  1932.740843: do_swap_page: swapin tgid 1745 pid 1766 name "Binder:1745_2" vma 7f2d673000
           <...>-1766  [004] ....  1932.740851: do_swap_page: swapin tgid 1745 pid 1766 name "Binder:1745_2" vma 7f2d615000
           <...>-1766  [004] ....  1932.740853: do_swap_page: swapin tgid 1745 pid 1766 name "Binder:1745_2" vma 7f2d62d000
           <...>-2011  [004] ....  1932.740898: do_swap_page: swapin tgid 1985 pid 2011 name "Binder:1985_2" vma 7fbe241000
           <...>-2011  [004] ....  1932.740906: do_swap_page: swapin tgid 1985 pid 2011 name "Binder:1985_2" vma 7f2d651000
           <...>-2011  [004] ....  1932.740920: do_swap_page: swapin tgid 1985 pid 2011 name "Binder:1985_2" vma 7fbcab9000
           <...>-2011  [004] ....  1932.740926: do_swap_page: swapin tgid 1985 pid 2011 name "Binder:1985_2" vma 7f2d61a000
           <...>-2011  [004] ....  1932.740946: do_swap_page: swapin tgid 1985 pid 2011 name "Binder:1985_2" vma 7f2e0ac000
           <...>-2011  [004] ....  1932.740955: do_swap_page: swapin tgid 1985 pid 2011 name "Binder:1985_2" vma 7f310b9000
           <...>-2011  [004] ....  1932.740958: do_swap_page: swapin tgid 1985 pid 2011 name "Binder:1985_2" vma 7f2e0ad000
           <...>-2011  [004] ....  1932.740961: do_swap_page: swapin tgid 1985 pid 2011 name "Binder:1985_2" vma 12e02000
           <...>-2011  [004] ....  1932.740964: do_swap_page: swapin tgid 1985 pid 2011 name "Binder:1985_2" vma 12e00000
           <...>-2011  [004] ....  1932.740969: do_swap_page: swapin tgid 1985 pid 2011 name "Binder:1985_2" vma 7f2895d000
           <...>-2011  [004] ....  1932.740971: do_swap_page: swapin tgid 1985 pid 2011 name "Binder:1985_2" vma 7f2895e000
           <...>-2011  [004] ....  1932.740973: do_swap_page: swapin tgid 1985 pid 2011 name "Binder:1985_2" vma 7f2d674000
           <...>-2011  [004] ....  1932.740975: do_swap_page: swapin tgid 1985 pid 2011 name "Binder:1985_2" vma 7f2d61e000
           <...>-2011  [004] ....  1932.740981: do_swap_page: swapin tgid 1985 pid 2011 name "Binder:1985_2" vma 13d96000
           <...>-2011  [004] ....  1932.740993: do_swap_page: swapin tgid 1985 pid 2011 name "Binder:1985_2" vma 7fbe25e000
           <...>-2011  [004] .n..  1932.741021: do_swap_page: swapin tgid 1985 pid 2011 name "Binder:1985_2" vma 7f2d689000
           <...>-2011  [004] ....  1932.741043: do_swap_page: swapin tgid 1985 pid 2011 name "Binder:1985_2" vma 7f34f92000
           <...>-2011  [004] ....  1932.741051: do_swap_page: swapin tgid 1985 pid 2011 name "Binder:1985_2" vma 72b2e000
           <...>-2011  [004] ....  1932.741056: do_swap_page: swapin tgid 1985 pid 2011 name "Binder:1985_2" vma 7f2d682000
           <...>-2023  [004] ....  1932.741068: do_swap_page: swapin tgid 1985 pid 2023 name "UiThreadHelper" vma 7ed1068000
           <...>-2023  [004] ....  1932.741074: do_swap_page: swapin tgid 1985 pid 2023 name "UiThreadHelper" vma 7ed1069000
           <...>-1969  [004] ....  1932.741101: do_swap_page: swapin tgid 1926 pid 1969 name "Binder:1926_3" vma 7fbe1fb000
           <...>-1969  [004] ....  1932.741113: do_swap_page: swapin tgid 1926 pid 1969 name "Binder:1926_3" vma 7fbe22b000
           <...>-1969  [004] ....  1932.741117: do_swap_page: swapin tgid 1926 pid 1969 name "Binder:1926_3" vma 7f28ac2000
           <...>-1885  [004] ....  1932.741145: do_swap_page: swapin tgid 1847 pid 1885 name "Binder:1847_3" vma 7f2d61f000
           <...>-1885  [004] ....  1932.741150: do_swap_page: swapin tgid 1847 pid 1885 name "Binder:1847_3" vma 7f2d677000
           <...>-1885  [004] ....  1932.741154: do_swap_page: swapin tgid 1847 pid 1885 name "Binder:1847_3" vma 7fb9c29000
           <...>-2023  [004] ....  1932.741197: do_swap_page: swapin tgid 1985 pid 2023 name "UiThreadHelper" vma 7ed1069000
           <...>-2023  [004] ....  1932.741204: do_swap_page: swapin tgid 1985 pid 2023 name "UiThreadHelper" vma 7f28ba1000
           <...>-2023  [004] ....  1932.741208: do_swap_page: swapin tgid 1985 pid 2023 name "UiThreadHelper" vma 7f28ba2000
           <...>-2023  [004] ....  1932.741210: do_swap_page: swapin tgid 1985 pid 2023 name "UiThreadHelper" vma 7f28b19000
           <...>-2023  [004] ....  1932.741214: do_swap_page: swapin tgid 1985 pid 2023 name "UiThreadHelper" vma 7ed1067000
           <...>-2023  [004] ....  1932.741221: do_swap_page: swapin tgid 1985 pid 2023 name "UiThreadHelper" vma 7f30ffe000
           <...>-2023  [004] ....  1932.741224: do_swap_page: swapin tgid 1985 pid 2023 name "UiThreadHelper" vma 12de1000
           <...>-2023  [004] ....  1932.741227: do_swap_page: swapin tgid 1985 pid 2023 name "UiThreadHelper" vma 13d85000
           <...>-2023  [004] ....  1932.741230: do_swap_page: swapin tgid 1985 pid 2023 name "UiThreadHelper" vma 9ec55000
           <...>-1864  [004] ....  1932.741254: do_swap_page: swapin tgid 1829 pid 1864 name "Binder:1829_2" vma 7f28ac2000
           <...>-1864  [004] ....  1932.741259: do_swap_page: swapin tgid 1829 pid 1864 name "Binder:1829_2" vma 7f28b58000
           <...>-1864  [004] ....  1932.741265: do_swap_page: swapin tgid 1829 pid 1864 name "Binder:1829_2" vma 7fb9c29000
           <...>-1766  [004] ....  1932.741316: do_swap_page: swapin tgid 1745 pid 1766 name "Binder:1745_2" vma 7f2d62d000
           <...>-1766  [004] ....  1932.741326: do_swap_page: swapin tgid 1745 pid 1766 name "Binder:1745_2" vma 7f2d669000
           <...>-1766  [004] ....  1932.741330: do_swap_page: swapin tgid 1745 pid 1766 name "Binder:1745_2" vma 7fb9c29000
           <...>-2023  [004] ....  1932.741379: do_swap_page: swapin tgid 1985 pid 2023 name "UiThreadHelper" vma 9ec55000
           <...>-2023  [004] ....  1932.741385: do_swap_page: swapin tgid 1985 pid 2023 name "UiThreadHelper" vma 9ec31000
           <...>-2023  [004] ....  1932.741389: do_swap_page: swapin tgid 1985 pid 2023 name "UiThreadHelper" vma 9ec10000
           <...>-2023  [004] ....  1932.741393: do_swap_page: swapin tgid 1985 pid 2023 name "UiThreadHelper" vma 13ca7000
           <...>-2023  [004] ....  1932.741401: do_swap_page: swapin tgid 1985 pid 2023 name "UiThreadHelper" vma 13da0000
           <...>-2023  [004] ....  1932.741404: do_swap_page: swapin tgid 1985 pid 2023 name "UiThreadHelper" vma 13da4000
   Binder:1870_5-2154  [004] ....  1932.741427: do_swap_page: swapin tgid 1870 pid 2154 name "Binder:1870_5" vma 1479b000
 m.android.phone-1870  [004] ....  1932.741510: do_swap_page: swapin tgid 1870 pid 1870 name "m.android.phone" vma 14746000
 m.android.phone-1870  [004] ....  1932.741564: do_swap_page: swapin tgid 1870 pid 1870 name "m.android.phone" vma 7f28b30000
           <...>-2023  [004] ....  1932.741619: do_swap_page: swapin tgid 1985 pid 2023 name "UiThreadHelper" vma 13da4000
           <...>-2023  [004] ....  1932.741633: do_swap_page: swapin tgid 1985 pid 2023 name "UiThreadHelper" vma 13025000
           <...>-2023  [004] ....  1932.741638: do_swap_page: swapin tgid 1985 pid 2023 name "UiThreadHelper" vma 7f28ba6000
           <...>-2023  [004] ....  1932.741639: do_swap_page: swapin tgid 1985 pid 2023 name "UiThreadHelper" vma 7f28ba7000
           <...>-2023  [004] ....  1932.741643: do_swap_page: swapin tgid 1985 pid 2023 name "UiThreadHelper" vma 7f2d67c000
           <...>-2023  [004] ....  1932.741645: do_swap_page: swapin tgid 1985 pid 2023 name "UiThreadHelper" vma 7f2d6da000
           <...>-2023  [004] ....  1932.741651: do_swap_page: swapin tgid 1985 pid 2023 name "UiThreadHelper" vma 7f2d667000
           <...>-2023  [004] ....  1932.741653: do_swap_page: swapin tgid 1985 pid 2023 name "UiThreadHelper" vma 7eceb89000
           <...>-2023  [004] ....  1932.741658: do_swap_page: swapin tgid 1985 pid 2023 name "UiThreadHelper" vma 7f2d678000
           <...>-2023  [004] ....  1932.741662: do_swap_page: swapin tgid 1985 pid 2023 name "UiThreadHelper" vma 13d8b000
           <...>-1969  [004] ....  1932.741684: do_swap_page: swapin tgid 1926 pid 1969 name "Binder:1926_3" vma 7f28ac2000
           <...>-1969  [004] ....  1932.741690: do_swap_page: swapin tgid 1926 pid 1969 name "Binder:1926_3" vma 7f28b57000
           <...>-1969  [004] ....  1932.741694: do_swap_page: swapin tgid 1926 pid 1969 name "Binder:1926_3" vma 7fb9c29000
           <...>-1885  [004] ....  1932.741722: do_swap_page: swapin tgid 1847 pid 1885 name "Binder:1847_3" vma 7fb9c29000
           <...>-1885  [004] ....  1932.741729: do_swap_page: swapin tgid 1847 pid 1885 name "Binder:1847_3" vma 7fbe2f1000
           <...>-1885  [004] ....  1932.741732: do_swap_page: swapin tgid 1847 pid 1885 name "Binder:1847_3" vma 7fbe241000
           <...>-2023  [004] ....  1932.741776: do_swap_page: swapin tgid 1985 pid 2023 name "UiThreadHelper" vma 13d8b000
           <...>-2023  [004] ....  1932.741786: do_swap_page: swapin tgid 1985 pid 2023 name "UiThreadHelper" vma 7f2d677000
           <...>-1766  [004] ....  1932.741813: do_swap_page: swapin tgid 1745 pid 1766 name "Binder:1745_2" vma 7fb9c29000
           <...>-1766  [004] ....  1932.741819: do_swap_page: swapin tgid 1745 pid 1766 name "Binder:1745_2" vma 7fbe2f1000
           <...>-1766  [004] ....  1932.741823: do_swap_page: swapin tgid 1745 pid 1766 name "Binder:1745_2" vma 7fbe241000
           <...>-1864  [004] ....  1932.741850: do_swap_page: swapin tgid 1829 pid 1864 name "Binder:1829_2" vma 7fb9c29000
           <...>-1864  [004] ....  1932.741857: do_swap_page: swapin tgid 1829 pid 1864 name "Binder:1829_2" vma 7fbe2df000
           <...>-1864  [004] ....  1932.741860: do_swap_page: swapin tgid 1829 pid 1864 name "Binder:1829_2" vma 7fbe241000
 m.android.phone-1870  [004] ....  1932.742016: do_swap_page: swapin tgid 1870 pid 1870 name "m.android.phone" vma 728f9000
           <...>-2023  [004] ....  1932.742042: do_swap_page: swapin tgid 1985 pid 2023 name "UiThreadHelper" vma 7f2d677000
 m.android.phone-1870  [004] ....  1932.742141: do_swap_page: swapin tgid 1870 pid 1870 name "m.android.phone" vma 728f9000
 m.android.phone-1870  [004] ....  1932.742146: do_swap_page: swapin tgid 1870 pid 1870 name "m.android.phone" vma 146c6000
           <...>-1969  [004] ....  1932.742168: do_swap_page: swapin tgid 1926 pid 1969 name "Binder:1926_3" vma 7fb9c29000
           <...>-1969  [004] ....  1932.742175: do_swap_page: swapin tgid 1926 pid 1969 name "Binder:1926_3" vma 7fbe2f1000
           <...>-1969  [004] ....  1932.742178: do_swap_page: swapin tgid 1926 pid 1969 name "Binder:1926_3" vma 7fbe241000
           <...>-1885  [004] ....  1932.742199: do_swap_page: swapin tgid 1847 pid 1885 name "Binder:1847_3" vma 7fbe241000
           <...>-1885  [004] ....  1932.742206: do_swap_page: swapin tgid 1847 pid 1885 name "Binder:1847_3" vma 7fbe1e9000
           <...>-1766  [004] ....  1932.742232: do_swap_page: swapin tgid 1745 pid 1766 name "Binder:1745_2" vma 7fbe241000
           <...>-1766  [004] ....  1932.742240: do_swap_page: swapin tgid 1745 pid 1766 name "Binder:1745_2" vma 7fbe1e9000
 m.android.phone-1870  [004] ....  1932.742282: do_swap_page: swapin tgid 1870 pid 1870 name "m.android.phone" vma 146c6000
           <...>-1789  [004] ....  1932.742359: do_swap_page: swapin tgid 1333 pid 1789 name "Binder:1333_6" vma 7e62595000
           <...>-1789  [004] ....  1932.742364: do_swap_page: swapin tgid 1333 pid 1789 name "Binder:1333_6" vma 7e62596000
           <...>-1789  [004] ....  1932.742366: do_swap_page: swapin tgid 1333 pid 1789 name "Binder:1333_6" vma 7e6c0c9000
           <...>-1789  [004] ....  1932.742404: do_swap_page: swapin tgid 1333 pid 1789 name "Binder:1333_6" vma 7eb4e31000
           <...>-1789  [004] ....  1932.742410: do_swap_page: swapin tgid 1333 pid 1789 name "Binder:1333_6" vma 7e62593000
           <...>-1789  [004] ....  1932.742424: do_swap_page: swapin tgid 1333 pid 1789 name "Binder:1333_6" vma 7e62594000
           <...>-1864  [004] ....  1932.742433: do_swap_page: swapin tgid 1829 pid 1864 name "Binder:1829_2" vma 7fbe241000
           <...>-1864  [004] ....  1932.742440: do_swap_page: swapin tgid 1829 pid 1864 name "Binder:1829_2" vma 7fbe1e9000
           <...>-1969  [004] ....  1932.742463: do_swap_page: swapin tgid 1926 pid 1969 name "Binder:1926_3" vma 7fbe241000
           <...>-1969  [004] ....  1932.742470: do_swap_page: swapin tgid 1926 pid 1969 name "Binder:1926_3" vma 7fbe1e9000
           <...>-2023  [004] ....  1932.742592: do_swap_page: swapin tgid 1985 pid 2023 name "UiThreadHelper" vma 7fbe1f9000
           <...>-1885  [004] ....  1932.742616: do_swap_page: swapin tgid 1847 pid 1885 name "Binder:1847_3" vma 7fbe1e9000
           <...>-1885  [004] ....  1932.742625: do_swap_page: swapin tgid 1847 pid 1885 name "Binder:1847_3" vma 7f393d0000
           <...>-1864  [004] ....  1932.742651: do_swap_page: swapin tgid 1829 pid 1864 name "Binder:1829_2" vma 7fbe1e9000
           <...>-1864  [004] ....  1932.742659: do_swap_page: swapin tgid 1829 pid 1864 name "Binder:1829_2" vma 7f393d0000
           <...>-1766  [004] ....  1932.742704: do_swap_page: swapin tgid 1745 pid 1766 name "Binder:1745_2" vma 7fbe1e9000
           <...>-1766  [004] ....  1932.742713: do_swap_page: swapin tgid 1745 pid 1766 name "Binder:1745_2" vma 7f393d0000
           <...>-2023  [004] ....  1932.742749: do_swap_page: swapin tgid 1985 pid 2023 name "UiThreadHelper" vma 7fbe1f9000
           <...>-2023  [004] ....  1932.742757: do_swap_page: swapin tgid 1985 pid 2023 name "UiThreadHelper" vma 13c93000
           <...>-2023  [004] ....  1932.742760: do_swap_page: swapin tgid 1985 pid 2023 name "UiThreadHelper" vma 13d92000
           <...>-1969  [004] ....  1932.742799: do_swap_page: swapin tgid 1926 pid 1969 name "Binder:1926_3" vma 7fbe1e9000
           <...>-1969  [004] ....  1932.742806: do_swap_page: swapin tgid 1926 pid 1969 name "Binder:1926_3" vma 7f393d0000
           <...>-1885  [004] ....  1932.742863: do_swap_page: swapin tgid 1847 pid 1885 name "Binder:1847_3" vma 7f393d0000
           <...>-1885  [004] ....  1932.742869: do_swap_page: swapin tgid 1847 pid 1885 name "Binder:1847_3" vma 7fbe165000
           <...>-2023  [004] ....  1932.742914: do_swap_page: swapin tgid 1985 pid 2023 name "UiThreadHelper" vma 13d92000
           <...>-2023  [004] ....  1932.742919: do_swap_page: swapin tgid 1985 pid 2023 name "UiThreadHelper" vma 13d93000
           <...>-1864  [004] ....  1932.742957: do_swap_page: swapin tgid 1829 pid 1864 name "Binder:1829_2" vma 7f393d0000
           <...>-1864  [004] ....  1932.742964: do_swap_page: swapin tgid 1829 pid 1864 name "Binder:1829_2" vma 7fbe165000
           <...>-1766  [004] ....  1932.743073: do_swap_page: swapin tgid 1745 pid 1766 name "Binder:1745_2" vma 7f393d0000
           <...>-1766  [004] ....  1932.743080: do_swap_page: swapin tgid 1745 pid 1766 name "Binder:1745_2" vma 7fbe165000
           <...>-1969  [004] ....  1932.743125: do_swap_page: swapin tgid 1926 pid 1969 name "Binder:1926_3" vma 7f393d0000
           <...>-1969  [004] ....  1932.743131: do_swap_page: swapin tgid 1926 pid 1969 name "Binder:1926_3" vma 7fbe165000
           <...>-2023  [004] ....  1932.743153: do_swap_page: swapin tgid 1985 pid 2023 name "UiThreadHelper" vma 13d93000
           <...>-2023  [004] ....  1932.743158: do_swap_page: swapin tgid 1985 pid 2023 name "UiThreadHelper" vma 12d61000
           <...>-1885  [004] ....  1932.743183: do_swap_page: swapin tgid 1847 pid 1885 name "Binder:1847_3" vma 7fbe165000
           <...>-1885  [004] ....  1932.743190: do_swap_page: swapin tgid 1847 pid 1885 name "Binder:1847_3" vma 7f2d651000
           <...>-1885  [004] ....  1932.743194: do_swap_page: swapin tgid 1847 pid 1885 name "Binder:1847_3" vma 7fbc390000
           <...>-1864  [004] ....  1932.743257: do_swap_page: swapin tgid 1829 pid 1864 name "Binder:1829_2" vma 7fbe165000
           <...>-1864  [004] ....  1932.743262: do_swap_page: swapin tgid 1829 pid 1864 name "Binder:1829_2" vma 7f28b7e000
           <...>-1864  [004] ....  1932.743264: do_swap_page: swapin tgid 1829 pid 1864 name "Binder:1829_2" vma 7fbc390000
           <...>-1766  [004] ....  1932.743291: do_swap_page: swapin tgid 1745 pid 1766 name "Binder:1745_2" vma 7fbe165000
           <...>-1766  [004] ....  1932.743296: do_swap_page: swapin tgid 1745 pid 1766 name "Binder:1745_2" vma 7f2d651000
           <...>-1766  [004] ....  1932.743301: do_swap_page: swapin tgid 1745 pid 1766 name "Binder:1745_2" vma 7fbc390000
           <...>-1969  [004] ....  1932.743351: do_swap_page: swapin tgid 1926 pid 1969 name "Binder:1926_3" vma 7fbe165000
           <...>-1969  [004] ....  1932.743357: do_swap_page: swapin tgid 1926 pid 1969 name "Binder:1926_3" vma 7f28b7e000
           <...>-1969  [004] ....  1932.743361: do_swap_page: swapin tgid 1926 pid 1969 name "Binder:1926_3" vma 7fbc390000
           <...>-2023  [004] ....  1932.743401: do_swap_page: swapin tgid 1985 pid 2023 name "UiThreadHelper" vma 12d61000
           <...>-2023  [004] ....  1932.743443: do_swap_page: swapin tgid 1985 pid 2023 name "UiThreadHelper" vma 13cac000
           <...>-1885  [004] ....  1932.743484: do_swap_page: swapin tgid 1847 pid 1885 name "Binder:1847_3" vma 7fbc390000
           <...>-1885  [004] ....  1932.743491: do_swap_page: swapin tgid 1847 pid 1885 name "Binder:1847_3" vma 7fbcab9000
           <...>-1864  [004] ....  1932.743517: do_swap_page: swapin tgid 1829 pid 1864 name "Binder:1829_2" vma 7fbc390000
           <...>-1864  [004] ....  1932.743524: do_swap_page: swapin tgid 1829 pid 1864 name "Binder:1829_2" vma 7fbcab9000
           <...>-2023  [004] ....  1932.743567: do_swap_page: swapin tgid 1985 pid 2023 name "UiThreadHelper" vma 13cac000
           <...>-2023  [004] ....  1932.743573: do_swap_page: swapin tgid 1985 pid 2023 name "UiThreadHelper" vma 13cad000
           <...>-1766  [004] ....  1932.743612: do_swap_page: swapin tgid 1745 pid 1766 name "Binder:1745_2" vma 7fbc390000
           <...>-1766  [004] ....  1932.743620: do_swap_page: swapin tgid 1745 pid 1766 name "Binder:1745_2" vma 7fbcab9000
           <...>-1969  [004] ....  1932.743644: do_swap_page: swapin tgid 1926 pid 1969 name "Binder:1926_3" vma 7fbc390000
           <...>-1969  [004] ....  1932.743670: do_swap_page: swapin tgid 1926 pid 1969 name "Binder:1926_3" vma 7fbcab9000
           <...>-2023  [004] ....  1932.743701: do_swap_page: swapin tgid 1985 pid 2023 name "UiThreadHelper" vma 13cad000
           <...>-2023  [004] ....  1932.743708: do_swap_page: swapin tgid 1985 pid 2023 name "UiThreadHelper" vma 72c7e000
           <...>-2023  [004] ....  1932.743718: do_swap_page: swapin tgid 1985 pid 2023 name "UiThreadHelper" vma 72c92000
           <...>-2023  [004] ....  1932.743721: do_swap_page: swapin tgid 1985 pid 2023 name "UiThreadHelper" vma 7f35112000
           <...>-2023  [004] ....  1932.743744: do_swap_page: swapin tgid 1985 pid 2023 name "UiThreadHelper" vma 7fbde57000
           <...>-2023  [004] ....  1932.743749: do_swap_page: swapin tgid 1985 pid 2023 name "UiThreadHelper" vma 7f33f45000
           <...>-2023  [004] ....  1932.743752: do_swap_page: swapin tgid 1985 pid 2023 name "UiThreadHelper" vma 13d97000
           <...>-1864  [004] ....  1932.743857: do_swap_page: swapin tgid 1829 pid 1864 name "Binder:1829_2" vma 7fbcab9000
           <...>-1864  [004] ....  1932.743863: do_swap_page: swapin tgid 1829 pid 1864 name "Binder:1829_2" vma 7f28b18000
           <...>-1864  [004] ....  1932.743867: do_swap_page: swapin tgid 1829 pid 1864 name "Binder:1829_2" vma 7f393ce000
           <...>-1864  [004] ....  1932.743871: do_swap_page: swapin tgid 1829 pid 1864 name "Binder:1829_2" vma 7f28b7f000
           <...>-1864  [004] ....  1932.743873: do_swap_page: swapin tgid 1829 pid 1864 name "Binder:1829_2" vma 7f3197f000
           <...>-1885  [004] ....  1932.743901: do_swap_page: swapin tgid 1847 pid 1885 name "Binder:1847_3" vma 7fbcab9000
           <...>-1885  [004] ....  1932.743907: do_swap_page: swapin tgid 1847 pid 1885 name "Binder:1847_3" vma 7f2d61a000
           <...>-1885  [004] ....  1932.743912: do_swap_page: swapin tgid 1847 pid 1885 name "Binder:1847_3" vma 7f393ce000
           <...>-1885  [004] ....  1932.743915: do_swap_page: swapin tgid 1847 pid 1885 name "Binder:1847_3" vma 7f3197f000
           <...>-1985  [004] ....  1932.743957: do_swap_page: swapin tgid 1985 pid 1985 name "droid.launcher3" vma 7fbe1e8000
           <...>-1766  [004] ....  1932.744001: do_swap_page: swapin tgid 1745 pid 1766 name "Binder:1745_2" vma 7fbcab9000
           <...>-1766  [004] ....  1932.744006: do_swap_page: swapin tgid 1745 pid 1766 name "Binder:1745_2" vma 7f2d61a000
           <...>-1766  [004] ....  1932.744011: do_swap_page: swapin tgid 1745 pid 1766 name "Binder:1745_2" vma 7f393ce000
           <...>-1766  [004] ....  1932.744032: do_swap_page: swapin tgid 1745 pid 1766 name "Binder:1745_2" vma 7f3197f000
           <...>-1969  [004] ....  1932.744059: do_swap_page: swapin tgid 1926 pid 1969 name "Binder:1926_3" vma 7fbcab9000
           <...>-1969  [004] ....  1932.744065: do_swap_page: swapin tgid 1926 pid 1969 name "Binder:1926_3" vma 7f28b18000
           <...>-1969  [004] ....  1932.744073: do_swap_page: swapin tgid 1926 pid 1969 name "Binder:1926_3" vma 7f393ce000
           <...>-1969  [004] ....  1932.744094: do_swap_page: swapin tgid 1926 pid 1969 name "Binder:1926_3" vma 7f28b7f000
           <...>-1969  [004] ....  1932.744098: do_swap_page: swapin tgid 1926 pid 1969 name "Binder:1926_3" vma 7f3197f000
           <...>-1985  [004] ....  1932.744120: do_swap_page: swapin tgid 1985 pid 1985 name "droid.launcher3" vma 7fbe1e8000
           <...>-2181  [004] ....  1932.744276: do_swap_page: swapin tgid 1632 pid 2181 name "ScreenDecoratio" vma 9ed1f000
           <...>-2181  [004] ....  1932.744284: do_swap_page: swapin tgid 1632 pid 2181 name "ScreenDecoratio" vma 9ed34000
           <...>-1885  [004] ....  1932.744313: do_swap_page: swapin tgid 1847 pid 1885 name "Binder:1847_3" vma 7f3197f000
           <...>-1885  [004] ....  1932.744321: do_swap_page: swapin tgid 1847 pid 1885 name "Binder:1847_3" vma 13404000
           <...>-1864  [004] ....  1932.744346: do_swap_page: swapin tgid 1829 pid 1864 name "Binder:1829_2" vma 7f3197f000
           <...>-1864  [004] ....  1932.744354: do_swap_page: swapin tgid 1829 pid 1864 name "Binder:1829_2" vma 13283000
           <...>-1766  [004] ....  1932.744381: do_swap_page: swapin tgid 1745 pid 1766 name "Binder:1745_2" vma 7f3197f000
           <...>-1766  [004] ....  1932.744407: do_swap_page: swapin tgid 1745 pid 1766 name "Binder:1745_2" vma 13405000
           <...>-1766  [004] ....  1932.744412: do_swap_page: swapin tgid 1745 pid 1766 name "Binder:1745_2" vma 7fbe286000
           <...>-1766  [004] ....  1932.744416: do_swap_page: swapin tgid 1745 pid 1766 name "Binder:1745_2" vma 7fbe285000
           <...>-1766  [004] ....  1932.744418: do_swap_page: swapin tgid 1745 pid 1766 name "Binder:1745_2" vma 7f393cf000
           <...>-1969  [004] ....  1932.744443: do_swap_page: swapin tgid 1926 pid 1969 name "Binder:1926_3" vma 7f3197f000
           <...>-1969  [004] ....  1932.744452: do_swap_page: swapin tgid 1926 pid 1969 name "Binder:1926_3" vma 13788000
           <...>-2181  [004] ....  1932.744645: do_swap_page: swapin tgid 1632 pid 2181 name "ScreenDecoratio" vma 9ed34000
           <...>-2181  [004] ....  1932.744659: do_swap_page: swapin tgid 1632 pid 2181 name "ScreenDecoratio" vma 7fbe34b000
           <...>-1885  [004] ....  1932.744741: do_swap_page: swapin tgid 1847 pid 1885 name "Binder:1847_3" vma 13404000
           <...>-1885  [004] ....  1932.744752: do_swap_page: swapin tgid 1847 pid 1885 name "Binder:1847_3" vma 7fbe286000
           <...>-1885  [004] ....  1932.744754: do_swap_page: swapin tgid 1847 pid 1885 name "Binder:1847_3" vma 7fbe285000
           <...>-1885  [004] ....  1932.744756: do_swap_page: swapin tgid 1847 pid 1885 name "Binder:1847_3" vma 7f393cf000
           <...>-1864  [004] ....  1932.744784: do_swap_page: swapin tgid 1829 pid 1864 name "Binder:1829_2" vma 13283000
           <...>-1864  [004] ....  1932.744792: do_swap_page: swapin tgid 1829 pid 1864 name "Binder:1829_2" vma 7fbe286000
           <...>-1864  [004] ....  1932.744794: do_swap_page: swapin tgid 1829 pid 1864 name "Binder:1829_2" vma 7fbe285000
           <...>-1864  [004] ....  1932.744796: do_swap_page: swapin tgid 1829 pid 1864 name "Binder:1829_2" vma 7f393cf000
           <...>-1969  [004] ....  1932.744821: do_swap_page: swapin tgid 1926 pid 1969 name "Binder:1926_3" vma 13788000
           <...>-1969  [004] ....  1932.744829: do_swap_page: swapin tgid 1926 pid 1969 name "Binder:1926_3" vma 7fbe286000
           <...>-1969  [004] ....  1932.744830: do_swap_page: swapin tgid 1926 pid 1969 name "Binder:1926_3" vma 7fbe285000
