           <...>-1475  [004] ....  6137.788308: do_swap_page: swapin tgid 1330 pid 1475 name "InputDispatcher" vma 7e5c403000
           <...>-1475  [004] ....  6137.788314: do_swap_page: swapin tgid 1330 pid 1475 name "InputDispatcher" vma 7f28b61000
           <...>-1475  [004] ....  6137.788323: do_swap_page: swapin tgid 1330 pid 1475 name "InputDispatcher" vma 7eb9097000
           <...>-1475  [004] ....  6137.788336: do_swap_page: swapin tgid 1330 pid 1475 name "InputDispatcher" vma 7e8478d000
           <...>-1475  [004] ....  6137.788359: do_swap_page: swapin tgid 1330 pid 1475 name "InputDispatcher" vma 7e6d24f000
           <...>-1475  [004] ....  6137.788366: do_swap_page: swapin tgid 1330 pid 1475 name "InputDispatcher" vma 7ed0d10000
           <...>-813   [004] ....  6137.788447: do_swap_page: swapin tgid 813 pid 813 name "power@1.3-servi" vma 7fbd22b000
           <...>-813   [004] ....  6137.788458: do_swap_page: swapin tgid 813 pid 813 name "power@1.3-servi" vma 7ffffff000
           <...>-813   [004] ....  6137.788465: do_swap_page: swapin tgid 813 pid 813 name "power@1.3-servi" vma 7fbe422000
           <...>-1475  [004] ....  6137.788524: do_swap_page: swapin tgid 1330 pid 1475 name "InputDispatcher" vma 7fbdbf8000
           <...>-1475  [004] ....  6137.788537: do_swap_page: swapin tgid 1330 pid 1475 name "InputDispatcher" vma 7ed0ddb000
           <...>-1475  [004] ....  6137.788544: do_swap_page: swapin tgid 1330 pid 1475 name "InputDispatcher" vma 7fbe175000
           <...>-1670  [004] ....  6137.788590: do_swap_page: swapin tgid 1670 pid 1670 name "ndroid.systemui" vma 7f28f1a000
           <...>-1670  [004] ....  6137.788601: do_swap_page: swapin tgid 1670 pid 1670 name "ndroid.systemui" vma 7f28f1b000
           <...>-1670  [004] ....  6137.788606: do_swap_page: swapin tgid 1670 pid 1670 name "ndroid.systemui" vma 7f28f55000
           <...>-813   [004] ....  6137.788651: do_swap_page: swapin tgid 813 pid 813 name "power@1.3-servi" vma 7fbe422000
           <...>-813   [004] ....  6137.788658: do_swap_page: swapin tgid 813 pid 813 name "power@1.3-servi" vma 7fbd226000
           <...>-813   [004] ....  6137.788661: do_swap_page: swapin tgid 813 pid 813 name "power@1.3-servi" vma 7fbd21e000
           <...>-813   [004] ....  6137.788671: do_swap_page: swapin tgid 813 pid 813 name "power@1.3-servi" vma 7fbf700000
           <...>-813   [004] ....  6137.788678: do_swap_page: swapin tgid 813 pid 813 name "power@1.3-servi" vma 7fbd206000
           <...>-813   [004] ....  6137.788682: do_swap_page: swapin tgid 813 pid 813 name "power@1.3-servi" vma 7fbd209000
           <...>-813   [004] ....  6137.788684: do_swap_page: swapin tgid 813 pid 813 name "power@1.3-servi" vma 7fbd24e000
           <...>-813   [004] ....  6137.788688: do_swap_page: swapin tgid 813 pid 813 name "power@1.3-servi" vma 7fbe0ff000
           <...>-813   [004] ....  6137.788696: do_swap_page: swapin tgid 813 pid 813 name "power@1.3-servi" vma 7fbd20d000
           <...>-813   [004] ....  6137.788699: do_swap_page: swapin tgid 813 pid 813 name "power@1.3-servi" vma 7fbd221000
           <...>-1670  [004] ....  6137.788779: do_swap_page: swapin tgid 1670 pid 1670 name "ndroid.systemui" vma 7eb341d000
           <...>-1670  [004] ....  6137.788841: do_swap_page: swapin tgid 1670 pid 1670 name "ndroid.systemui" vma 7eb33ed000
           <...>-1670  [004] ....  6137.788850: do_swap_page: swapin tgid 1670 pid 1670 name "ndroid.systemui" vma 7ebb200000
           <...>-813   [004] ....  6137.788883: do_swap_page: swapin tgid 813 pid 813 name "power@1.3-servi" vma 7fbd221000
           <...>-813   [004] ....  6137.788900: do_swap_page: swapin tgid 813 pid 813 name "power@1.3-servi" vma 7fbddf9000
           <...>-1670  [004] ....  6137.788928: do_swap_page: swapin tgid 1670 pid 1670 name "ndroid.systemui" vma 13e7b000
           <...>-1670  [004] ....  6137.788942: do_swap_page: swapin tgid 1670 pid 1670 name "ndroid.systemui" vma 13e7c000
           <...>-1670  [004] ....  6137.788954: do_swap_page: swapin tgid 1670 pid 1670 name "ndroid.systemui" vma 13e7a000
           <...>-1670  [004] ....  6137.788985: do_swap_page: swapin tgid 1670 pid 1670 name "ndroid.systemui" vma 9e487000
           <...>-813   [004] ....  6137.789036: do_swap_page: swapin tgid 813 pid 813 name "power@1.3-servi" vma 7fbddf9000
           <...>-813   [004] ....  6137.789041: do_swap_page: swapin tgid 813 pid 813 name "power@1.3-servi" vma 7fbd219000
 droid.launcher3-2001  [004] ....  6137.789077: do_swap_page: swapin tgid 2001 pid 2001 name "droid.launcher3" vma 7fffffd000
 droid.launcher3-2001  [004] ....  6137.789093: do_swap_page: swapin tgid 2001 pid 2001 name "droid.launcher3" vma 7fbe22e000
 droid.launcher3-2001  [004] ....  6137.789102: do_swap_page: swapin tgid 2001 pid 2001 name "droid.launcher3" vma 7f28b49000
 droid.launcher3-2001  [004] ....  6137.789107: do_swap_page: swapin tgid 2001 pid 2001 name "droid.launcher3" vma 7fbe491000
           <...>-1670  [004] ....  6137.789168: do_swap_page: swapin tgid 1670 pid 1670 name "ndroid.systemui" vma 7f28e0f000
           <...>-813   [004] ....  6137.789212: do_swap_page: swapin tgid 813 pid 813 name "power@1.3-servi" vma 7fbd219000
           <...>-813   [004] ....  6137.789222: do_swap_page: swapin tgid 813 pid 813 name "power@1.3-servi" vma 7fffffe000
           <...>-813   [004] ....  6137.789232: do_swap_page: swapin tgid 813 pid 813 name "power@1.3-servi" vma 7fbb851000
           <...>-813   [004] ....  6137.789237: do_swap_page: swapin tgid 813 pid 813 name "power@1.3-servi" vma 7fbda90000
           <...>-1670  [004] ....  6137.789272: do_swap_page: swapin tgid 1670 pid 1670 name "ndroid.systemui" vma 9e6d3000
 droid.launcher3-2001  [004] ....  6137.789306: do_swap_page: swapin tgid 2001 pid 2001 name "droid.launcher3" vma 7fbe491000
 droid.launcher3-2001  [004] ....  6137.789316: do_swap_page: swapin tgid 2001 pid 2001 name "droid.launcher3" vma 7ecec27000
 droid.launcher3-2001  [004] ....  6137.789320: do_swap_page: swapin tgid 2001 pid 2001 name "droid.launcher3" vma 7ecec28000
 droid.launcher3-2001  [004] ....  6137.789322: do_swap_page: swapin tgid 2001 pid 2001 name "droid.launcher3" vma 7eced08000
 droid.launcher3-2001  [004] ....  6137.789327: do_swap_page: swapin tgid 2001 pid 2001 name "droid.launcher3" vma 7ecec23000
 droid.launcher3-2001  [004] ....  6137.789337: do_swap_page: swapin tgid 2001 pid 2001 name "droid.launcher3" vma 7fbcdb5000
 droid.launcher3-2001  [004] ....  6137.789342: do_swap_page: swapin tgid 2001 pid 2001 name "droid.launcher3" vma 7fbe1e9000
 droid.launcher3-2001  [004] ....  6137.789349: do_swap_page: swapin tgid 2001 pid 2001 name "droid.launcher3" vma 7f393dc000
           <...>-813   [004] ....  6137.789420: do_swap_page: swapin tgid 813 pid 813 name "power@1.3-servi" vma 7fbda90000
           <...>-813   [004] ....  6137.789432: do_swap_page: swapin tgid 813 pid 813 name "power@1.3-servi" vma 7fbb800000
           <...>-1353  [004] ....  6137.789478: do_swap_page: swapin tgid 1330 pid 1353 name "android.ui" vma 7ecfa75000
           <...>-1353  [004] ....  6137.789490: do_swap_page: swapin tgid 1330 pid 1353 name "android.ui" vma 7ed0dbd000
           <...>-1353  [004] ....  6137.789493: do_swap_page: swapin tgid 1330 pid 1353 name "android.ui" vma 7ecfa76000
           <...>-1353  [004] ....  6137.789495: do_swap_page: swapin tgid 1330 pid 1353 name "android.ui" vma 7eb90e4000
           <...>-1353  [004] ....  6137.789501: do_swap_page: swapin tgid 1330 pid 1353 name "android.ui" vma 7f28bb6000
           <...>-1353  [004] ....  6137.789511: do_swap_page: swapin tgid 1330 pid 1353 name "android.ui" vma 7e5c883000
           <...>-1353  [004] ....  6137.789517: do_swap_page: swapin tgid 1330 pid 1353 name "android.ui" vma 7e5c884000
           <...>-1353  [004] ....  6137.789519: do_swap_page: swapin tgid 1330 pid 1353 name "android.ui" vma 7ecfa74000
           <...>-1353  [004] ....  6137.789527: do_swap_page: swapin tgid 1330 pid 1353 name "android.ui" vma 7f2895d000
           <...>-1353  [004] ....  6137.789530: do_swap_page: swapin tgid 1330 pid 1353 name "android.ui" vma 7f2895e000
           <...>-1353  [004] ....  6137.789534: do_swap_page: swapin tgid 1330 pid 1353 name "android.ui" vma 7f2d710000
           <...>-1353  [004] ....  6137.789538: do_swap_page: swapin tgid 1330 pid 1353 name "android.ui" vma 7eb42e1000
           <...>-1353  [004] ....  6137.789542: do_swap_page: swapin tgid 1330 pid 1353 name "android.ui" vma 7f2d6b5000
           <...>-1353  [004] ....  6137.789547: do_swap_page: swapin tgid 1330 pid 1353 name "android.ui" vma 7f28bb7000
           <...>-1353  [004] ....  6137.789556: do_swap_page: swapin tgid 1330 pid 1353 name "android.ui" vma 7f3160c000
           <...>-1353  [004] ....  6137.789591: do_swap_page: swapin tgid 1330 pid 1353 name "android.ui" vma 1448d000
           <...>-813   [004] ....  6137.789631: do_swap_page: swapin tgid 813 pid 813 name "power@1.3-servi" vma 7fbb800000
           <...>-813   [004] ....  6137.789637: do_swap_page: swapin tgid 813 pid 813 name "power@1.3-servi" vma 7fbb820000
           <...>-1353  [004] ....  6137.789668: do_swap_page: swapin tgid 1330 pid 1353 name "android.ui" vma 7e5dedc000
           <...>-1353  [004] ....  6137.789676: do_swap_page: swapin tgid 1330 pid 1353 name "android.ui" vma 7eb431f000
           <...>-1353  [004] ....  6137.789700: do_swap_page: swapin tgid 1330 pid 1353 name "android.ui" vma 141ef000
           <...>-1353  [004] ....  6137.789709: do_swap_page: swapin tgid 1330 pid 1353 name "android.ui" vma 13b7a000
           <...>-1353  [004] ....  6137.789714: do_swap_page: swapin tgid 1330 pid 1353 name "android.ui" vma 14474000
           <...>-1353  [004] ....  6137.789721: do_swap_page: swapin tgid 1330 pid 1353 name "android.ui" vma 14062000
           <...>-1353  [004] ....  6137.789732: do_swap_page: swapin tgid 1330 pid 1353 name "android.ui" vma 141f0000
           <...>-1353  [004] ....  6137.789738: do_swap_page: swapin tgid 1330 pid 1353 name "android.ui" vma 9e776000
 droid.launcher3-2001  [004] ....  6137.789775: do_swap_page: swapin tgid 2001 pid 2001 name "droid.launcher3" vma 7f393dc000
 droid.launcher3-2001  [004] ....  6137.789781: do_swap_page: swapin tgid 2001 pid 2001 name "droid.launcher3" vma 7fbe165000
 droid.launcher3-2001  [004] ....  6137.789789: do_swap_page: swapin tgid 2001 pid 2001 name "droid.launcher3" vma 7fbe1a2000
 droid.launcher3-2001  [004] ....  6137.789812: do_swap_page: swapin tgid 2001 pid 2001 name "droid.launcher3" vma 7eced0e000
 droid.launcher3-2001  [004] ....  6137.789879: do_swap_page: swapin tgid 2001 pid 2001 name "droid.launcher3" vma 7ec96e3000
 droid.launcher3-2001  [004] ....  6137.789887: do_swap_page: swapin tgid 2001 pid 2001 name "droid.launcher3" vma 7ec96e4000
 droid.launcher3-2001  [004] ....  6137.789890: do_swap_page: swapin tgid 2001 pid 2001 name "droid.launcher3" vma 7fffffc000
 droid.launcher3-2001  [004] ....  6137.789893: do_swap_page: swapin tgid 2001 pid 2001 name "droid.launcher3" vma 7eceb90000
 droid.launcher3-2001  [004] .n..  6137.789914: do_swap_page: swapin tgid 2001 pid 2001 name "droid.launcher3" vma 7fbd565000
           <...>-813   [004] ....  6137.789923: do_swap_page: swapin tgid 813 pid 813 name "power@1.3-servi" vma 7fbb820000
           <...>-813   [004] ....  6137.789932: do_swap_page: swapin tgid 813 pid 813 name "power@1.3-servi" vma 7fbb83f000
           <...>-813   [004] ....  6137.789937: do_swap_page: swapin tgid 813 pid 813 name "power@1.3-servi" vma 7fbb85c000
 droid.launcher3-2001  [004] ....  6137.789969: do_swap_page: swapin tgid 2001 pid 2001 name "droid.launcher3" vma 7fbd561000
 droid.launcher3-2001  [004] ....  6137.789973: do_swap_page: swapin tgid 2001 pid 2001 name "droid.launcher3" vma 7fbd562000
           <...>-1475  [004] ....  6137.790003: do_swap_page: swapin tgid 1330 pid 1475 name "InputDispatcher" vma 7fbe175000
           <...>-1475  [004] ....  6137.790012: do_swap_page: swapin tgid 1330 pid 1475 name "InputDispatcher" vma 7ed0bec000
           <...>-813   [004] ....  6137.790121: do_swap_page: swapin tgid 813 pid 813 name "power@1.3-servi" vma 7fbb85c000
           <...>-813   [004] ....  6137.790126: do_swap_page: swapin tgid 813 pid 813 name "power@1.3-servi" vma 7fbb844000
           <...>-813   [004] ....  6137.790129: do_swap_page: swapin tgid 813 pid 813 name "power@1.3-servi" vma 7fbb859000
           <...>-813   [004] ....  6137.790139: do_swap_page: swapin tgid 813 pid 813 name "power@1.3-servi" vma 7fbda8c000
           <...>-813   [004] ....  6137.790141: do_swap_page: swapin tgid 813 pid 813 name "power@1.3-servi" vma 7fbda8d000
           <...>-1475  [004] ....  6137.790203: do_swap_page: swapin tgid 1330 pid 1475 name "InputDispatcher" vma 7eb91e4000
           <...>-1475  [004] ....  6137.790210: do_swap_page: swapin tgid 1330 pid 1475 name "InputDispatcher" vma 7eb91e5000
           <...>-1475  [004] ....  6137.790285: do_swap_page: swapin tgid 1330 pid 1475 name "InputDispatcher" vma 1446a000
           <...>-813   [004] ....  6137.790318: do_swap_page: swapin tgid 813 pid 813 name "power@1.3-servi" vma 7fbda8d000
           <...>-813   [004] ....  6137.790324: do_swap_page: swapin tgid 813 pid 813 name "power@1.3-servi" vma 7fbd201000
           <...>-813   [004] ....  6137.790326: do_swap_page: swapin tgid 813 pid 813 name "power@1.3-servi" vma 7fbd200000
           <...>-813   [004] ....  6137.790330: do_swap_page: swapin tgid 813 pid 813 name "power@1.3-servi" vma 7fbd298000
           <...>-813   [004] ....  6137.790339: do_swap_page: swapin tgid 813 pid 813 name "power@1.3-servi" vma 7fbb84b000
           <...>-813   [004] ....  6137.790344: do_swap_page: swapin tgid 813 pid 813 name "power@1.3-servi" vma 7fbb84c000
           <...>-813   [004] ....  6137.790351: do_swap_page: swapin tgid 813 pid 813 name "power@1.3-servi" vma 7fbd404000
           <...>-813   [004] ....  6137.790354: do_swap_page: swapin tgid 813 pid 813 name "power@1.3-servi" vma 7fbd400000
           <...>-813   [004] ....  6137.790472: do_swap_page: swapin tgid 813 pid 813 name "power@1.3-servi" vma 7fbd400000
           <...>-813   [004] ....  6137.790478: do_swap_page: swapin tgid 813 pid 813 name "power@1.3-servi" vma 7fbd407000
           <...>-813   [004] ....  6137.790482: do_swap_page: swapin tgid 813 pid 813 name "power@1.3-servi" vma 7fbd406000
           <...>-813   [004] ....  6137.790601: do_swap_page: swapin tgid 813 pid 813 name "power@1.3-servi" vma 7fbd406000
           <...>-813   [004] ....  6137.790608: do_swap_page: swapin tgid 813 pid 813 name "power@1.3-servi" vma 7fbd408000
           <...>-813   [004] ....  6137.790613: do_swap_page: swapin tgid 813 pid 813 name "power@1.3-servi" vma 7fbd205000
           <...>-813   [004] ....  6137.790620: do_swap_page: swapin tgid 813 pid 813 name "power@1.3-servi" vma 7fbd211000
           <...>-813   [004] ....  6137.790625: do_swap_page: swapin tgid 813 pid 813 name "power@1.3-servi" vma 7fbb84d000
           <...>-813   [004] ....  6137.790653: do_swap_page: swapin tgid 813 pid 813 name "power@1.3-servi" vma 7fbcfe9000
           <...>-1475  [004] ....  6137.790688: do_swap_page: swapin tgid 1330 pid 1475 name "InputDispatcher" vma 1449f000
           <...>-1475  [004] ....  6137.790693: do_swap_page: swapin tgid 1330 pid 1475 name "InputDispatcher" vma 14496000
           <...>-1475  [004] ....  6137.790697: do_swap_page: swapin tgid 1330 pid 1475 name "InputDispatcher" vma 14abe000
           <...>-1475  [004] ....  6137.790717: do_swap_page: swapin tgid 1330 pid 1475 name "InputDispatcher" vma 9e477000
           <...>-813   [004] ....  6137.790771: do_swap_page: swapin tgid 813 pid 813 name "power@1.3-servi" vma 7fbcfe9000
   system_server-1330  [004] ....  6137.790977: do_swap_page: swapin tgid 1330 pid 1330 name "system_server" vma 9e7d5000
           <...>-2389  [004] ....  6137.791022: do_swap_page: swapin tgid 813 pid 2389 name "NodeLooperThrea" vma 7fbb7fc000
           <...>-2389  [004] ....  6137.791028: do_swap_page: swapin tgid 813 pid 2389 name "NodeLooperThrea" vma 7fbb7fb000
           <...>-2389  [004] ....  6137.791034: do_swap_page: swapin tgid 813 pid 2389 name "NodeLooperThrea" vma 7fbb83e000
           <...>-2389  [004] ....  6137.791039: do_swap_page: swapin tgid 813 pid 2389 name "NodeLooperThrea" vma 7fbb83d000
           <...>-2390  [004] ....  6137.791069: do_swap_page: swapin tgid 813 pid 2390 name "power@1.3-servi" vma 7fba6ff000
 android.display-1355  [004] ....  6137.791092: do_swap_page: swapin tgid 1330 pid 1355 name "android.display" vma 7ecd863000
 android.display-1355  [004] ....  6137.791106: do_swap_page: swapin tgid 1330 pid 1355 name "android.display" vma 7ecd864000
 android.display-1355  [004] ....  6137.791109: do_swap_page: swapin tgid 1330 pid 1355 name "android.display" vma 7ed0ba6000
 android.display-1355  [004] ....  6137.791114: do_swap_page: swapin tgid 1330 pid 1355 name "android.display" vma 7ecd862000
 android.display-1355  [004] ....  6137.791120: do_swap_page: swapin tgid 1330 pid 1355 name "android.display" vma 7ecd861000
 android.display-1355  [004] ....  6137.791132: do_swap_page: swapin tgid 1330 pid 1355 name "android.display" vma 7f31515000
 android.display-1355  [004] ....  6137.791137: do_swap_page: swapin tgid 1330 pid 1355 name "android.display" vma 9e6ea000
           <...>-660   [004] ....  6137.791226: do_swap_page: swapin tgid 602 pid 660 name "surfaceflinger" vma 7fb3f9f000
           <...>-660   [004] ....  6137.791238: do_swap_page: swapin tgid 602 pid 660 name "surfaceflinger" vma 7fb3f9e000
           <...>-2390  [004] ....  6137.791262: do_swap_page: swapin tgid 813 pid 2390 name "power@1.3-servi" vma 7fba6ff000
           <...>-2390  [004] ....  6137.791269: do_swap_page: swapin tgid 813 pid 2390 name "power@1.3-servi" vma 7fba6fe000
           <...>-2389  [004] ....  6137.791665: do_swap_page: swapin tgid 813 pid 2389 name "NodeLooperThrea" vma 7fbb83d000
           <...>-2389  [004] ....  6137.791675: do_swap_page: swapin tgid 813 pid 2389 name "NodeLooperThrea" vma 7fbb81b000
 droid.launcher3-2001  [004] ....  6137.791772: do_swap_page: swapin tgid 2001 pid 2001 name "droid.launcher3" vma 7fbd562000
 droid.launcher3-2001  [004] ....  6137.791779: do_swap_page: swapin tgid 2001 pid 2001 name "droid.launcher3" vma 7fbe15d000
 droid.launcher3-2001  [004] ....  6137.791782: do_swap_page: swapin tgid 2001 pid 2001 name "droid.launcher3" vma 7fbe15c000
 droid.launcher3-2001  [004] ....  6137.791790: do_swap_page: swapin tgid 2001 pid 2001 name "droid.launcher3" vma 7f39804000
 droid.launcher3-2001  [004] ....  6137.791795: do_swap_page: swapin tgid 2001 pid 2001 name "droid.launcher3" vma 7f39800000
 droid.launcher3-2001  [004] ....  6137.791796: do_swap_page: swapin tgid 2001 pid 2001 name "droid.launcher3" vma 7f3982c000
 droid.launcher3-2001  [004] ....  6137.791801: do_swap_page: swapin tgid 2001 pid 2001 name "droid.launcher3" vma 7f39806000
 droid.launcher3-2001  [004] ....  6137.791804: do_swap_page: swapin tgid 2001 pid 2001 name "droid.launcher3" vma 7f3982f000
 droid.launcher3-2001  [004] ....  6137.791807: do_swap_page: swapin tgid 2001 pid 2001 name "droid.launcher3" vma 7f3980f000
 droid.launcher3-2001  [004] ....  6137.791809: do_swap_page: swapin tgid 2001 pid 2001 name "droid.launcher3" vma 7f3982e000
 droid.launcher3-2001  [004] ....  6137.791820: do_swap_page: swapin tgid 2001 pid 2001 name "droid.launcher3" vma 7fbe161000
 droid.launcher3-2001  [004] ....  6137.791822: do_swap_page: swapin tgid 2001 pid 2001 name "droid.launcher3" vma 7fbe272000
 droid.launcher3-2001  [004] ....  6137.791826: do_swap_page: swapin tgid 2001 pid 2001 name "droid.launcher3" vma 7ec9ffd000
 droid.launcher3-2001  [004] ....  6137.791832: do_swap_page: swapin tgid 2001 pid 2001 name "droid.launcher3" vma 7eca001000
 droid.launcher3-2001  [004] ....  6137.791839: do_swap_page: swapin tgid 2001 pid 2001 name "droid.launcher3" vma 7fba331000
           <...>-2389  [004] ....  6137.792072: do_swap_page: swapin tgid 813 pid 2389 name "NodeLooperThrea" vma 7fbb81b000
           <...>-2389  [004] ....  6137.793199: do_swap_page: swapin tgid 813 pid 2389 name "NodeLooperThrea" vma 7fbb84e000
           <...>-2389  [004] ....  6137.793253: do_swap_page: swapin tgid 813 pid 2389 name "NodeLooperThrea" vma 7fbb81d000
   system_server-1330  [004] ....  6137.793304: do_swap_page: swapin tgid 1330 pid 1330 name "system_server" vma 9e7d5000
   system_server-1330  [004] ....  6137.793313: do_swap_page: swapin tgid 1330 pid 1330 name "system_server" vma 9e6e2000
 android.display-1355  [004] ....  6137.793345: do_swap_page: swapin tgid 1330 pid 1355 name "android.display" vma 9e6ea000
 android.display-1355  [004] ....  6137.793357: do_swap_page: swapin tgid 1330 pid 1355 name "android.display" vma 9e719000
           <...>-660   [004] ....  6137.793488: do_swap_page: swapin tgid 602 pid 660 name "surfaceflinger" vma 7faa887000
           <...>-660   [004] ....  6137.793493: do_swap_page: swapin tgid 602 pid 660 name "surfaceflinger" vma 7faa888000
           <...>-660   [004] ....  6137.793501: do_swap_page: swapin tgid 602 pid 660 name "surfaceflinger" vma 7fba697000
           <...>-1353  [004] ....  6137.793669: do_swap_page: swapin tgid 1330 pid 1353 name "android.ui" vma 9e776000
           <...>-1353  [004] ....  6137.793676: do_swap_page: swapin tgid 1330 pid 1353 name "android.ui" vma 9e612000
           <...>-1670  [004] ....  6137.793818: do_swap_page: swapin tgid 1670 pid 1670 name "ndroid.systemui" vma 9e6d3000
           <...>-1670  [004] ....  6137.793835: do_swap_page: swapin tgid 1670 pid 1670 name "ndroid.systemui" vma 9e697000
           <...>-2389  [004] ....  6137.793989: do_swap_page: swapin tgid 813 pid 2389 name "NodeLooperThrea" vma 7fbb81d000
           <...>-2389  [004] ....  6137.794149: do_swap_page: swapin tgid 813 pid 2389 name "NodeLooperThrea" vma 7fbb85b000
 droid.launcher3-2001  [004] ....  6137.794194: do_swap_page: swapin tgid 2001 pid 2001 name "droid.launcher3" vma 7fba331000
 droid.launcher3-2001  [004] ....  6137.794200: do_swap_page: swapin tgid 2001 pid 2001 name "droid.launcher3" vma 7fbe25a000
 droid.launcher3-2001  [004] ....  6137.794207: do_swap_page: swapin tgid 2001 pid 2001 name "droid.launcher3" vma 7f393da000
 droid.launcher3-2001  [004] ....  6137.794212: do_swap_page: swapin tgid 2001 pid 2001 name "droid.launcher3" vma 7fbe23c000
 droid.launcher3-2001  [004] ....  6137.794214: do_swap_page: swapin tgid 2001 pid 2001 name "droid.launcher3" vma 7fbe1a3000
 droid.launcher3-2001  [004] ....  6137.794217: do_swap_page: swapin tgid 2001 pid 2001 name "droid.launcher3" vma 7f3194f000
 droid.launcher3-2001  [004] ....  6137.794226: do_swap_page: swapin tgid 2001 pid 2001 name "droid.launcher3" vma 13d27000
 droid.launcher3-2001  [004] ....  6137.794231: do_swap_page: swapin tgid 2001 pid 2001 name "droid.launcher3" vma 7fbe285000
 droid.launcher3-2001  [004] ....  6137.794236: do_swap_page: swapin tgid 2001 pid 2001 name "droid.launcher3" vma 7f393db000
 droid.launcher3-2001  [004] ....  6137.794237: do_swap_page: swapin tgid 2001 pid 2001 name "droid.launcher3" vma 7fbe1f8000
 droid.launcher3-2001  [004] ....  6137.794239: do_swap_page: swapin tgid 2001 pid 2001 name "droid.launcher3" vma 7fffffa000
 droid.launcher3-2001  [004] ....  6137.794243: do_swap_page: swapin tgid 2001 pid 2001 name "droid.launcher3" vma 7fbe24e000
 droid.launcher3-2001  [004] ....  6137.794249: do_swap_page: swapin tgid 2001 pid 2001 name "droid.launcher3" vma 7fbddf8000
 droid.launcher3-2001  [004] ....  6137.794254: do_swap_page: swapin tgid 2001 pid 2001 name "droid.launcher3" vma 7fbe286000
 droid.launcher3-2001  [004] ....  6137.794260: do_swap_page: swapin tgid 2001 pid 2001 name "droid.launcher3" vma 1314d000
 droid.launcher3-2001  [004] ....  6137.794263: do_swap_page: swapin tgid 2001 pid 2001 name "droid.launcher3" vma 7f350d9000
 droid.launcher3-2001  [004] ....  6137.794271: do_swap_page: swapin tgid 2001 pid 2001 name "droid.launcher3" vma 7ec96c7000
 droid.launcher3-2001  [004] ....  6137.794287: do_swap_page: swapin tgid 2001 pid 2001 name "droid.launcher3" vma 13d38000
 droid.launcher3-2001  [004] ....  6137.794292: do_swap_page: swapin tgid 2001 pid 2001 name "droid.launcher3" vma 1314a000
 droid.launcher3-2001  [004] ....  6137.794295: do_swap_page: swapin tgid 2001 pid 2001 name "droid.launcher3" vma 13307000
 droid.launcher3-2001  [004] ....  6137.794300: do_swap_page: swapin tgid 2001 pid 2001 name "droid.launcher3" vma 7f34f63000
 droid.launcher3-2001  [004] ....  6137.794302: do_swap_page: swapin tgid 2001 pid 2001 name "droid.launcher3" vma 13308000
 droid.launcher3-2001  [004] ....  6137.794311: do_swap_page: swapin tgid 2001 pid 2001 name "droid.launcher3" vma 7f34f66000
 droid.launcher3-2001  [004] ....  6137.794313: do_swap_page: swapin tgid 2001 pid 2001 name "droid.launcher3" vma 13d04000
 droid.launcher3-2001  [004] ....  6137.794337: do_swap_page: swapin tgid 2001 pid 2001 name "droid.launcher3" vma 13d23000
 droid.launcher3-2001  [004] ....  6137.794343: do_swap_page: swapin tgid 2001 pid 2001 name "droid.launcher3" vma 13d28000
 droid.launcher3-2001  [004] ....  6137.794348: do_swap_page: swapin tgid 2001 pid 2001 name "droid.launcher3" vma 13d39000
 droid.launcher3-2001  [004] ....  6137.794352: do_swap_page: swapin tgid 2001 pid 2001 name "droid.launcher3" vma 9e4a8000
 android.display-1355  [004] ....  6137.794386: do_swap_page: swapin tgid 1330 pid 1355 name "android.display" vma 9e719000
 android.display-1355  [004] ....  6137.794403: do_swap_page: swapin tgid 1330 pid 1355 name "android.display" vma 13f0a000
   system_server-1330  [004] ....  6137.794426: do_swap_page: swapin tgid 1330 pid 1330 name "system_server" vma 9e6e2000
   system_server-1330  [004] ....  6137.794431: do_swap_page: swapin tgid 1330 pid 1330 name "system_server" vma 141ee000
   system_server-1330  [004] ....  6137.794434: do_swap_page: swapin tgid 1330 pid 1330 name "system_server" vma 9e6b2000
 android.display-1355  [004] ....  6137.794460: do_swap_page: swapin tgid 1330 pid 1355 name "android.display" vma 9e71c000
           <...>-1353  [004] ....  6137.795003: do_swap_page: swapin tgid 1330 pid 1353 name "android.ui" vma 9e612000
           <...>-1353  [004] ....  6137.795017: do_swap_page: swapin tgid 1330 pid 1353 name "android.ui" vma 9e4e3000
           <...>-1353  [004] ....  6137.795020: do_swap_page: swapin tgid 1330 pid 1353 name "android.ui" vma 9e611000
           <...>-2389  [004] ....  6137.796241: do_swap_page: swapin tgid 813 pid 2389 name "NodeLooperThrea" vma 7fbb85b000
 droid.launcher3-2001  [004] ....  6137.796476: do_swap_page: swapin tgid 2001 pid 2001 name "droid.launcher3" vma 9e4a8000
           <...>-2389  [004] ....  6137.796576: do_swap_page: swapin tgid 813 pid 2389 name "NodeLooperThrea" vma 7fbd26b000
           <...>-2389  [004] ....  6137.796582: do_swap_page: swapin tgid 813 pid 2389 name "NodeLooperThrea" vma 7fbd26c000
           <...>-2389  [004] ....  6137.796590: do_swap_page: swapin tgid 813 pid 2389 name "NodeLooperThrea" vma 7fbd240000
           <...>-2389  [004] ....  6137.796594: do_swap_page: swapin tgid 813 pid 2389 name "NodeLooperThrea" vma 7fbdd95000
           <...>-2389  [004] ....  6137.796605: do_swap_page: swapin tgid 813 pid 2389 name "NodeLooperThrea" vma 7fbd20a000
           <...>-2389  [004] ....  6137.796609: do_swap_page: swapin tgid 813 pid 2389 name "NodeLooperThrea" vma 7fbd20e000
           <...>-2389  [004] ....  6137.796612: do_swap_page: swapin tgid 813 pid 2389 name "NodeLooperThrea" vma 7fbdd94000
 droid.launcher3-2001  [004] ....  6137.796657: do_swap_page: swapin tgid 2001 pid 2001 name "droid.launcher3" vma 13d32000
 droid.launcher3-2001  [004] ....  6137.796670: do_swap_page: swapin tgid 2001 pid 2001 name "droid.launcher3" vma 7fbe170000
 droid.launcher3-2001  [004] ....  6137.796673: do_swap_page: swapin tgid 2001 pid 2001 name "droid.launcher3" vma 7fbe249000
 droid.launcher3-2001  [004] ....  6137.796678: do_swap_page: swapin tgid 2001 pid 2001 name "droid.launcher3" vma 7f289fb000
 droid.launcher3-2001  [004] ....  6137.796692: do_swap_page: swapin tgid 2001 pid 2001 name "droid.launcher3" vma 9e4a7000
 droid.launcher3-2001  [004] ....  6137.796697: do_swap_page: swapin tgid 2001 pid 2001 name "droid.launcher3" vma 9e5a4000
   system_server-1330  [004] ....  6137.796734: do_swap_page: swapin tgid 1330 pid 1330 name "system_server" vma 9e6b2000
           <...>-2389  [004] ....  6137.796797: do_swap_page: swapin tgid 813 pid 2389 name "NodeLooperThrea" vma 7fbdd94000
           <...>-2389  [004] ....  6137.796807: do_swap_page: swapin tgid 813 pid 2389 name "NodeLooperThrea" vma 7fbb7fa000
           <...>-2389  [004] ....  6137.796814: do_swap_page: swapin tgid 813 pid 2389 name "NodeLooperThrea" vma 7fbd212000
           <...>-2389  [004] ....  6137.796816: do_swap_page: swapin tgid 813 pid 2389 name "NodeLooperThrea" vma 7fbe1ea000
 android.display-1355  [004] ....  6137.796878: do_swap_page: swapin tgid 1330 pid 1355 name "android.display" vma 9e71c000
 android.display-1355  [004] ....  6137.796885: do_swap_page: swapin tgid 1330 pid 1355 name "android.display" vma 9e548000
 android.display-1355  [004] ....  6137.796890: do_swap_page: swapin tgid 1330 pid 1355 name "android.display" vma 13e72000
 android.display-1355  [004] ....  6137.796895: do_swap_page: swapin tgid 1330 pid 1355 name "android.display" vma 9e4ac000
 android.display-1355  [004] ....  6137.796900: do_swap_page: swapin tgid 1330 pid 1355 name "android.display" vma 9e760000
 droid.launcher3-2001  [004] ....  6137.796930: do_swap_page: swapin tgid 2001 pid 2001 name "droid.launcher3" vma 9e5a4000
 droid.launcher3-2001  [004] ....  6137.796936: do_swap_page: swapin tgid 2001 pid 2001 name "droid.launcher3" vma 9e5b5000
           <...>-2389  [004] ....  6137.796964: do_swap_page: swapin tgid 813 pid 2389 name "NodeLooperThrea" vma 7fbe1ea000
           <...>-2389  [004] ....  6137.796980: do_swap_page: swapin tgid 813 pid 2389 name "NodeLooperThrea" vma 7fbf5e3000
           <...>-1353  [004] ....  6137.797029: do_swap_page: swapin tgid 1330 pid 1353 name "android.ui" vma 9e611000
           <...>-1353  [004] ....  6137.797038: do_swap_page: swapin tgid 1330 pid 1353 name "android.ui" vma 1446e000
           <...>-1353  [004] ....  6137.797043: do_swap_page: swapin tgid 1330 pid 1353 name "android.ui" vma 9e537000
           <...>-1353  [004] ....  6137.797046: do_swap_page: swapin tgid 1330 pid 1353 name "android.ui" vma 9e7b1000
           <...>-2389  [004] ....  6137.797194: do_swap_page: swapin tgid 813 pid 2389 name "NodeLooperThrea" vma 7fbf5e3000
           <...>-2389  [004] ....  6137.797208: do_swap_page: swapin tgid 813 pid 2389 name "NodeLooperThrea" vma 7fbdf66000
 droid.launcher3-2001  [004] ....  6137.797324: do_swap_page: swapin tgid 2001 pid 2001 name "droid.launcher3" vma 9e5b5000
 droid.launcher3-2001  [004] ....  6137.797331: do_swap_page: swapin tgid 2001 pid 2001 name "droid.launcher3" vma 9e5af000
 android.display-1355  [004] ....  6137.797367: do_swap_page: swapin tgid 1330 pid 1355 name "android.display" vma 9e760000
 android.display-1355  [004] ....  6137.797374: do_swap_page: swapin tgid 1330 pid 1355 name "android.display" vma 9e761000
 droid.launcher3-2001  [004] ....  6137.797517: do_swap_page: swapin tgid 2001 pid 2001 name "droid.launcher3" vma 9e5af000
 droid.launcher3-2001  [004] ....  6137.797576: do_swap_page: swapin tgid 2001 pid 2001 name "droid.launcher3" vma 13141000
 droid.launcher3-2001  [004] ....  6137.797581: do_swap_page: swapin tgid 2001 pid 2001 name "droid.launcher3" vma 13d3d000
 droid.launcher3-2001  [004] ....  6137.797587: do_swap_page: swapin tgid 2001 pid 2001 name "droid.launcher3" vma 7ecec52000
 droid.launcher3-2001  [004] ....  6137.797590: do_swap_page: swapin tgid 2001 pid 2001 name "droid.launcher3" vma 7f28b5d000
 droid.launcher3-2001  [004] ....  6137.797600: do_swap_page: swapin tgid 2001 pid 2001 name "droid.launcher3" vma 13d3c000
 droid.launcher3-2001  [004] ....  6137.797602: do_swap_page: swapin tgid 2001 pid 2001 name "droid.launcher3" vma 7ecec53000
 droid.launcher3-2001  [004] ....  6137.797607: do_swap_page: swapin tgid 2001 pid 2001 name "droid.launcher3" vma 9e470000
 droid.launcher3-2001  [004] ....  6137.797611: do_swap_page: swapin tgid 2001 pid 2001 name "droid.launcher3" vma 7fbe264000
 droid.launcher3-2001  [004] ....  6137.797613: do_swap_page: swapin tgid 2001 pid 2001 name "droid.launcher3" vma 9e471000
 android.display-1355  [004] ....  6137.797669: do_swap_page: swapin tgid 1330 pid 1355 name "android.display" vma 9e761000
 android.display-1355  [004] ....  6137.797718: do_swap_page: swapin tgid 1330 pid 1355 name "android.display" vma 7f2d654000
 android.display-1355  [004] ....  6137.797729: do_swap_page: swapin tgid 1330 pid 1355 name "android.display" vma 7f28b1d000
 android.display-1355  [004] ....  6137.797732: do_swap_page: swapin tgid 1330 pid 1355 name "android.display" vma 7f28b1e000
           <...>-1353  [004] ....  6137.797759: do_swap_page: swapin tgid 1330 pid 1353 name "android.ui" vma 9e7b1000
           <...>-1353  [004] ....  6137.797763: do_swap_page: swapin tgid 1330 pid 1353 name "android.ui" vma 9e67a000
           <...>-1670  [004] ....  6137.797791: do_swap_page: swapin tgid 1670 pid 1670 name "ndroid.systemui" vma 9e697000
 droid.launcher3-2001  [004] ....  6137.797828: do_swap_page: swapin tgid 2001 pid 2001 name "droid.launcher3" vma 9e471000
 droid.launcher3-2001  [004] ....  6137.797840: do_swap_page: swapin tgid 2001 pid 2001 name "droid.launcher3" vma 9e489000
 droid.launcher3-2001  [004] ....  6137.797842: do_swap_page: swapin tgid 2001 pid 2001 name "droid.launcher3" vma 9e472000
 droid.launcher3-2001  [004] ....  6137.797845: do_swap_page: swapin tgid 2001 pid 2001 name "droid.launcher3" vma 13147000
 droid.launcher3-2001  [004] ....  6137.797847: do_swap_page: swapin tgid 2001 pid 2001 name "droid.launcher3" vma 7ecec51000
 droid.launcher3-2001  [004] ....  6137.797850: do_swap_page: swapin tgid 2001 pid 2001 name "droid.launcher3" vma 9e48a000
           <...>-1670  [004] ....  6137.797927: do_swap_page: swapin tgid 1670 pid 1670 name "ndroid.systemui" vma 1358a000
           <...>-1670  [004] ....  6137.797947: do_swap_page: swapin tgid 1670 pid 1670 name "ndroid.systemui" vma 7f28988000
 droid.launcher3-2001  [004] ....  6137.797984: do_swap_page: swapin tgid 2001 pid 2001 name "droid.launcher3" vma 9e48a000
 droid.launcher3-2001  [004] ....  6137.797990: do_swap_page: swapin tgid 2001 pid 2001 name "droid.launcher3" vma 9e578000
 droid.launcher3-2001  [004] ....  6137.797996: do_swap_page: swapin tgid 2001 pid 2001 name "droid.launcher3" vma 7f2ddcf000
           <...>-1670  [004] ....  6137.798039: do_swap_page: swapin tgid 1670 pid 1670 name "ndroid.systemui" vma 9e676000
           <...>-1353  [004] ....  6137.798069: do_swap_page: swapin tgid 1330 pid 1353 name "android.ui" vma 9e67a000
           <...>-1353  [004] ....  6137.798077: do_swap_page: swapin tgid 1330 pid 1353 name "android.ui" vma 9e4a0000
           <...>-1353  [004] ....  6137.798088: do_swap_page: swapin tgid 1330 pid 1353 name "android.ui" vma 7f2d69a000
           <...>-1353  [004] ....  6137.798098: do_swap_page: swapin tgid 1330 pid 1353 name "android.ui" vma 7e5e038000
           <...>-1353  [004] ....  6137.798105: do_swap_page: swapin tgid 1330 pid 1353 name "android.ui" vma 7eb42ec000
           <...>-1353  [004] ....  6137.798155: do_swap_page: swapin tgid 1330 pid 1353 name "android.ui" vma 9e55b000
 droid.launcher3-2001  [004] ....  6137.798196: do_swap_page: swapin tgid 2001 pid 2001 name "droid.launcher3" vma 7f2ddcf000
 droid.launcher3-2001  [004] ....  6137.798203: do_swap_page: swapin tgid 2001 pid 2001 name "droid.launcher3" vma 9e582000
 droid.launcher3-2001  [004] ....  6137.798207: do_swap_page: swapin tgid 2001 pid 2001 name "droid.launcher3" vma 9e48b000
 droid.launcher3-2001  [004] ....  6137.798210: do_swap_page: swapin tgid 2001 pid 2001 name "droid.launcher3" vma 7f2ddd0000
           <...>-1353  [004] ....  6137.798246: do_swap_page: swapin tgid 1330 pid 1353 name "android.ui" vma 7f2afa0000
           <...>-1670  [004] ....  6137.798298: do_swap_page: swapin tgid 1670 pid 1670 name "ndroid.systemui" vma 9e676000
 droid.launcher3-2001  [004] ....  6137.798332: do_swap_page: swapin tgid 2001 pid 2001 name "droid.launcher3" vma 7f2ddd0000
 droid.launcher3-2001  [004] ....  6137.798338: do_swap_page: swapin tgid 2001 pid 2001 name "droid.launcher3" vma 9e4c8000
     logd.writer-565   [004] ....  6137.798384: do_swap_page: swapin tgid 555 pid 565 name "logd.writer" vma 7fb26fa000
           <...>-1670  [004] ....  6137.798418: do_swap_page: swapin tgid 1670 pid 1670 name "ndroid.systemui" vma 13338000
           <...>-1670  [004] ....  6137.798425: do_swap_page: swapin tgid 1670 pid 1670 name "ndroid.systemui" vma 7ea98ae000
           <...>-1670  [004] ....  6137.798447: do_swap_page: swapin tgid 1670 pid 1670 name "ndroid.systemui" vma 9e753000
           <...>-1353  [004] ....  6137.798481: do_swap_page: swapin tgid 1330 pid 1353 name "android.ui" vma 7f2afa0000
           <...>-1353  [004] ....  6137.798489: do_swap_page: swapin tgid 1330 pid 1353 name "android.ui" vma 9e7b6000
 droid.launcher3-2001  [004] ....  6137.798528: do_swap_page: swapin tgid 2001 pid 2001 name "droid.launcher3" vma 9e4c8000
 droid.launcher3-2001  [004] ....  6137.798533: do_swap_page: swapin tgid 2001 pid 2001 name "droid.launcher3" vma 9e4a3000
 droid.launcher3-2001  [004] ....  6137.798535: do_swap_page: swapin tgid 2001 pid 2001 name "droid.launcher3" vma 9e459000
 droid.launcher3-2001  [004] ....  6137.798538: do_swap_page: swapin tgid 2001 pid 2001 name "droid.launcher3" vma 9e615000
 droid.launcher3-2001  [004] ....  6137.798542: do_swap_page: swapin tgid 2001 pid 2001 name "droid.launcher3" vma 9e587000
     logd.writer-565   [004] ....  6137.798589: do_swap_page: swapin tgid 555 pid 565 name "logd.writer" vma 7fb26fa000
     logd.writer-565   [004] ....  6137.798605: do_swap_page: swapin tgid 555 pid 565 name "logd.writer" vma 7fbbea3000
     logd.writer-565   [004] ....  6137.798610: do_swap_page: swapin tgid 555 pid 565 name "logd.writer" vma 7fbbe75000
     logd.writer-565   [004] ....  6137.798612: do_swap_page: swapin tgid 555 pid 565 name "logd.writer" vma 7fbbe62000
           <...>-1353  [004] ....  6137.798678: do_swap_page: swapin tgid 1330 pid 1353 name "android.ui" vma 9e7b6000
           <...>-1353  [004] ....  6137.798686: do_swap_page: swapin tgid 1330 pid 1353 name "android.ui" vma 9e50b000
           <...>-1353  [004] ....  6137.798689: do_swap_page: swapin tgid 1330 pid 1353 name "android.ui" vma 9e643000
           <...>-1670  [004] ....  6137.798750: do_swap_page: swapin tgid 1670 pid 1670 name "ndroid.systemui" vma 9e753000
           <...>-1670  [004] ....  6137.798761: do_swap_page: swapin tgid 1670 pid 1670 name "ndroid.systemui" vma 9e5d7000
           <...>-1670  [004] ....  6137.798765: do_swap_page: swapin tgid 1670 pid 1670 name "ndroid.systemui" vma 9e687000
 droid.launcher3-2001  [004] ....  6137.798794: do_swap_page: swapin tgid 2001 pid 2001 name "droid.launcher3" vma 9e587000
 droid.launcher3-2001  [004] ....  6137.798802: do_swap_page: swapin tgid 2001 pid 2001 name "droid.launcher3" vma 9e497000
 droid.launcher3-2001  [004] ....  6137.798804: do_swap_page: swapin tgid 2001 pid 2001 name "droid.launcher3" vma 9e57c000
           <...>-1353  [004] ....  6137.798863: do_swap_page: swapin tgid 1330 pid 1353 name "android.ui" vma 9e643000
           <...>-1353  [004] ....  6137.798890: do_swap_page: swapin tgid 1330 pid 1353 name "android.ui" vma 9e4f1000
           <...>-1353  [004] ....  6137.798893: do_swap_page: swapin tgid 1330 pid 1353 name "android.ui" vma 9e620000
 droid.launcher3-2001  [004] ....  6137.799040: do_swap_page: swapin tgid 2001 pid 2001 name "droid.launcher3" vma 9e57c000
 droid.launcher3-2001  [004] ....  6137.799046: do_swap_page: swapin tgid 2001 pid 2001 name "droid.launcher3" vma 9e5a3000
           <...>-1353  [004] ....  6137.799071: do_swap_page: swapin tgid 1330 pid 1353 name "android.ui" vma 9e620000
           <...>-1353  [004] ....  6137.799077: do_swap_page: swapin tgid 1330 pid 1353 name "android.ui" vma 9e488000
           <...>-1353  [004] ....  6137.799080: do_swap_page: swapin tgid 1330 pid 1353 name "android.ui" vma 9e74e000
           <...>-1670  [004] ....  6137.799122: do_swap_page: swapin tgid 1670 pid 1670 name "ndroid.systemui" vma 9e687000
           <...>-1670  [004] ....  6137.799127: do_swap_page: swapin tgid 1670 pid 1670 name "ndroid.systemui" vma 9e5f8000
           <...>-1670  [004] ....  6137.799130: do_swap_page: swapin tgid 1670 pid 1670 name "ndroid.systemui" vma 9e6aa000
 droid.launcher3-2001  [004] ....  6137.799174: do_swap_page: swapin tgid 2001 pid 2001 name "droid.launcher3" vma 9e5a3000
 droid.launcher3-2001  [004] ....  6137.799181: do_swap_page: swapin tgid 2001 pid 2001 name "droid.launcher3" vma 9e584000
 droid.launcher3-2001  [004] ....  6137.799183: do_swap_page: swapin tgid 2001 pid 2001 name "droid.launcher3" vma 9e4a9000
 droid.launcher3-2001  [004] ....  6137.799186: do_swap_page: swapin tgid 2001 pid 2001 name "droid.launcher3" vma 13146000
 droid.launcher3-2001  [004] ....  6137.799189: do_swap_page: swapin tgid 2001 pid 2001 name "droid.launcher3" vma 9e4ae000
 droid.launcher3-2001  [004] ....  6137.799193: do_swap_page: swapin tgid 2001 pid 2001 name "droid.launcher3" vma 9e46e000
 droid.launcher3-2001  [004] ....  6137.799195: do_swap_page: swapin tgid 2001 pid 2001 name "droid.launcher3" vma 9e4b3000
 droid.launcher3-2001  [004] ....  6137.799196: do_swap_page: swapin tgid 2001 pid 2001 name "droid.launcher3" vma 9e46a000
 droid.launcher3-2001  [004] ....  6137.799216: do_swap_page: swapin tgid 2001 pid 2001 name "droid.launcher3" vma 9e4bc000
 droid.launcher3-2001  [004] ....  6137.799220: do_swap_page: swapin tgid 2001 pid 2001 name "droid.launcher3" vma 13d2d000
 droid.launcher3-2001  [004] ....  6137.799225: do_swap_page: swapin tgid 2001 pid 2001 name "droid.launcher3" vma 9e49b000
 droid.launcher3-2001  [004] ....  6137.799227: do_swap_page: swapin tgid 2001 pid 2001 name "droid.launcher3" vma 9e463000
 droid.launcher3-2001  [004] ....  6137.799230: do_swap_page: swapin tgid 2001 pid 2001 name "droid.launcher3" vma 9e4b4000
 droid.launcher3-2001  [004] ....  6137.799232: do_swap_page: swapin tgid 2001 pid 2001 name "droid.launcher3" vma 9e4a0000
 droid.launcher3-2001  [004] ....  6137.799235: do_swap_page: swapin tgid 2001 pid 2001 name "droid.launcher3" vma 9e499000
 droid.launcher3-2001  [004] ....  6137.799238: do_swap_page: swapin tgid 2001 pid 2001 name "droid.launcher3" vma 9e4e5000
 droid.launcher3-2001  [004] ....  6137.799240: do_swap_page: swapin tgid 2001 pid 2001 name "droid.launcher3" vma 9e590000
           <...>-1353  [004] ....  6137.799351: do_swap_page: swapin tgid 1330 pid 1353 name "android.ui" vma 9e74e000
           <...>-1353  [004] ....  6137.799358: do_swap_page: swapin tgid 1330 pid 1353 name "android.ui" vma 9e55a000
           <...>-1353  [004] ....  6137.799360: do_swap_page: swapin tgid 1330 pid 1353 name "android.ui" vma 9e6a4000
           <...>-1670  [004] ....  6137.799384: do_swap_page: swapin tgid 1670 pid 1670 name "ndroid.systemui" vma 9e6aa000
           <...>-1670  [004] ....  6137.799390: do_swap_page: swapin tgid 1670 pid 1670 name "ndroid.systemui" vma 9e5d5000
           <...>-1670  [004] ....  6137.799393: do_swap_page: swapin tgid 1670 pid 1670 name "ndroid.systemui" vma 9e63a000
     logd.writer-565   [004] ....  6137.799418: do_swap_page: swapin tgid 555 pid 565 name "logd.writer" vma 7fbbe62000
     logd.writer-565   [004] ....  6137.799427: do_swap_page: swapin tgid 555 pid 565 name "logd.writer" vma 7fb25a0000
     logd.writer-565   [004] ....  6137.799436: do_swap_page: swapin tgid 555 pid 565 name "logd.writer" vma 7fb25c3000
     logd.writer-565   [004] ....  6137.799437: do_swap_page: swapin tgid 555 pid 565 name "logd.writer" vma 7fb25eb000
 droid.launcher3-2001  [004] ....  6137.799469: do_swap_page: swapin tgid 2001 pid 2001 name "droid.launcher3" vma 9e590000
 droid.launcher3-2001  [004] ....  6137.799474: do_swap_page: swapin tgid 2001 pid 2001 name "droid.launcher3" vma 9e53c000
           <...>-1353  [004] ....  6137.799526: do_swap_page: swapin tgid 1330 pid 1353 name "android.ui" vma 9e6a4000
           <...>-1353  [004] ....  6137.799576: do_swap_page: swapin tgid 1330 pid 1353 name "android.ui" vma 7ecfa73000
 droid.launcher3-2001  [004] ....  6137.799612: do_swap_page: swapin tgid 2001 pid 2001 name "droid.launcher3" vma 9e53c000
 droid.launcher3-2001  [004] ....  6137.799619: do_swap_page: swapin tgid 2001 pid 2001 name "droid.launcher3" vma 12fc7000
 droid.launcher3-2001  [004] ....  6137.799628: do_swap_page: swapin tgid 2001 pid 2001 name "droid.launcher3" vma 7f34f62000
 droid.launcher3-2001  [004] ....  6137.799637: do_swap_page: swapin tgid 2001 pid 2001 name "droid.launcher3" vma 7fffffb000
 droid.launcher3-2001  [004] ....  6137.799642: do_swap_page: swapin tgid 2001 pid 2001 name "droid.launcher3" vma 7ec95f7000
 droid.launcher3-2001  [004] ....  6137.799646: do_swap_page: swapin tgid 2001 pid 2001 name "droid.launcher3" vma 7f289f8000
 droid.launcher3-2001  [004] ....  6137.799654: do_swap_page: swapin tgid 2001 pid 2001 name "droid.launcher3" vma 9e595000
           <...>-1353  [004] ....  6137.799688: do_swap_page: swapin tgid 1330 pid 1353 name "android.ui" vma 7f2d652000
           <...>-1670  [004] ....  6137.799747: do_swap_page: swapin tgid 1670 pid 1670 name "ndroid.systemui" vma 9e63a000
           <...>-1670  [004] ....  6137.799753: do_swap_page: swapin tgid 1670 pid 1670 name "ndroid.systemui" vma 9e5c3000
           <...>-1670  [004] ....  6137.799754: do_swap_page: swapin tgid 1670 pid 1670 name "ndroid.systemui" vma 9e673000
 droid.launcher3-2001  [004] ....  6137.799794: do_swap_page: swapin tgid 2001 pid 2001 name "droid.launcher3" vma 9e595000
 droid.launcher3-2001  [004] ....  6137.799800: do_swap_page: swapin tgid 2001 pid 2001 name "droid.launcher3" vma 7fffff9000
 droid.launcher3-2001  [004] ....  6137.799809: do_swap_page: swapin tgid 2001 pid 2001 name "droid.launcher3" vma 9e47f000
 droid.launcher3-2001  [004] ....  6137.799814: do_swap_page: swapin tgid 2001 pid 2001 name "droid.launcher3" vma 13316000
 droid.launcher3-2001  [004] ....  6137.799818: do_swap_page: swapin tgid 2001 pid 2001 name "droid.launcher3" vma 9e4ee000
 droid.launcher3-2001  [004] ....  6137.799820: do_swap_page: swapin tgid 2001 pid 2001 name "droid.launcher3" vma 9e596000
 droid.launcher3-2001  [004] ....  6137.799968: do_swap_page: swapin tgid 2001 pid 2001 name "droid.launcher3" vma 9e596000
 droid.launcher3-2001  [004] ....  6137.799974: do_swap_page: swapin tgid 2001 pid 2001 name "droid.launcher3" vma 9e553000
 droid.launcher3-2001  [004] ....  6137.799976: do_swap_page: swapin tgid 2001 pid 2001 name "droid.launcher3" vma 9e546000
           <...>-1670  [004] ....  6137.800031: do_swap_page: swapin tgid 1670 pid 1670 name "ndroid.systemui" vma 9e673000
           <...>-1670  [004] ....  6137.800051: do_swap_page: swapin tgid 1670 pid 1670 name "ndroid.systemui" vma 9e64c000
 droid.launcher3-2001  [004] ....  6137.800091: do_swap_page: swapin tgid 2001 pid 2001 name "droid.launcher3" vma 9e546000
 droid.launcher3-2001  [004] ....  6137.800098: do_swap_page: swapin tgid 2001 pid 2001 name "droid.launcher3" vma 9e48c000
 droid.launcher3-2001  [004] ....  6137.800100: do_swap_page: swapin tgid 2001 pid 2001 name "droid.launcher3" vma 9e4fa000
 droid.launcher3-2001  [004] ....  6137.800102: do_swap_page: swapin tgid 2001 pid 2001 name "droid.launcher3" vma 9e551000
 droid.launcher3-2001  [004] ....  6137.800114: do_swap_page: swapin tgid 2001 pid 2001 name "droid.launcher3" vma 13d1d000
 droid.launcher3-2001  [004] ....  6137.800116: do_swap_page: swapin tgid 2001 pid 2001 name "droid.launcher3" vma 9e4f7000
 droid.launcher3-2001  [004] ....  6137.800118: do_swap_page: swapin tgid 2001 pid 2001 name "droid.launcher3" vma 9e54e000
 droid.launcher3-2001  [004] ....  6137.800292: do_swap_page: swapin tgid 2001 pid 2001 name "droid.launcher3" vma 9e54e000
 droid.launcher3-2001  [004] ....  6137.800298: do_swap_page: swapin tgid 2001 pid 2001 name "droid.launcher3" vma 13d2c000
 droid.launcher3-2001  [004] ....  6137.800301: do_swap_page: swapin tgid 2001 pid 2001 name "droid.launcher3" vma 13317000
 droid.launcher3-2001  [004] ....  6137.800303: do_swap_page: swapin tgid 2001 pid 2001 name "droid.launcher3" vma 9e4aa000
 droid.launcher3-2001  [004] ....  6137.800305: do_swap_page: swapin tgid 2001 pid 2001 name "droid.launcher3" vma 9e573000
           <...>-1670  [004] ....  6137.800342: do_swap_page: swapin tgid 1670 pid 1670 name "ndroid.systemui" vma 9e64c000
           <...>-1670  [004] ....  6137.800353: do_swap_page: swapin tgid 1670 pid 1670 name "ndroid.systemui" vma 9e5d2000
           <...>-1670  [004] ....  6137.800355: do_swap_page: swapin tgid 1670 pid 1670 name "ndroid.systemui" vma 9e73f000
 droid.launcher3-2001  [004] ....  6137.800426: do_swap_page: swapin tgid 2001 pid 2001 name "droid.launcher3" vma 9e573000
 droid.launcher3-2001  [004] ....  6137.800433: do_swap_page: swapin tgid 2001 pid 2001 name "droid.launcher3" vma 12fc8000
 droid.launcher3-2001  [004] ....  6137.800438: do_swap_page: swapin tgid 2001 pid 2001 name "droid.launcher3" vma 7fbe1cb000
