           <...>-1475  [004] ....  6978.455202: do_swap_page: swapin tgid 1330 pid 1475 name "InputDispatcher" vma 7e5c468000
           <...>-1475  [004] ....  6978.455238: do_swap_page: swapin tgid 1330 pid 1475 name "InputDispatcher" vma 7e5c403000
           <...>-1475  [004] ....  6978.455248: do_swap_page: swapin tgid 1330 pid 1475 name "InputDispatcher" vma 7eb9097000
           <...>-1475  [004] ....  6978.455261: do_swap_page: swapin tgid 1330 pid 1475 name "InputDispatcher" vma 7e5dc54000
           <...>-1475  [004] ....  6978.455285: do_swap_page: swapin tgid 1330 pid 1475 name "InputDispatcher" vma 7ed0d10000
           <...>-813   [004] ....  6978.455361: do_swap_page: swapin tgid 813 pid 813 name "power@1.3-servi" vma 7fbd22b000
           <...>-813   [004] ....  6978.455371: do_swap_page: swapin tgid 813 pid 813 name "power@1.3-servi" vma 7ffffff000
           <...>-813   [004] ....  6978.455377: do_swap_page: swapin tgid 813 pid 813 name "power@1.3-servi" vma 7fbe422000
           <...>-1475  [004] ....  6978.455442: do_swap_page: swapin tgid 1330 pid 1475 name "InputDispatcher" vma 7ed0ddb000
           <...>-1475  [004] ....  6978.455483: do_swap_page: swapin tgid 1330 pid 1475 name "InputDispatcher" vma 7eb91e4000
           <...>-1475  [004] ....  6978.455489: do_swap_page: swapin tgid 1330 pid 1475 name "InputDispatcher" vma 7eb91e5000
           <...>-813   [004] ....  6978.455570: do_swap_page: swapin tgid 813 pid 813 name "power@1.3-servi" vma 7fbe422000
           <...>-813   [004] ....  6978.455577: do_swap_page: swapin tgid 813 pid 813 name "power@1.3-servi" vma 7fbd226000
           <...>-813   [004] ....  6978.455579: do_swap_page: swapin tgid 813 pid 813 name "power@1.3-servi" vma 7fbd21e000
           <...>-813   [004] ....  6978.455588: do_swap_page: swapin tgid 813 pid 813 name "power@1.3-servi" vma 7fbf700000
           <...>-813   [004] ....  6978.455594: do_swap_page: swapin tgid 813 pid 813 name "power@1.3-servi" vma 7fbd206000
           <...>-813   [004] ....  6978.455598: do_swap_page: swapin tgid 813 pid 813 name "power@1.3-servi" vma 7fbd209000
           <...>-813   [004] ....  6978.455600: do_swap_page: swapin tgid 813 pid 813 name "power@1.3-servi" vma 7fbd24e000
           <...>-813   [004] ....  6978.455605: do_swap_page: swapin tgid 813 pid 813 name "power@1.3-servi" vma 7fbe0ff000
           <...>-813   [004] ....  6978.455609: do_swap_page: swapin tgid 813 pid 813 name "power@1.3-servi" vma 7fbd20d000
           <...>-813   [004] ....  6978.455612: do_swap_page: swapin tgid 813 pid 813 name "power@1.3-servi" vma 7fbd221000
           <...>-1475  [004] ....  6978.455642: do_swap_page: swapin tgid 1330 pid 1475 name "InputDispatcher" vma 1446a000
           <...>-813   [004] ....  6978.455782: do_swap_page: swapin tgid 813 pid 813 name "power@1.3-servi" vma 7fbd221000
           <...>-813   [004] ....  6978.455796: do_swap_page: swapin tgid 813 pid 813 name "power@1.3-servi" vma 7fbddf9000
 ndroid.systemui-1670  [004] ....  6978.455877: do_swap_page: swapin tgid 1670 pid 1670 name "ndroid.systemui" vma 7f28f1a000
 ndroid.systemui-1670  [004] ....  6978.455888: do_swap_page: swapin tgid 1670 pid 1670 name "ndroid.systemui" vma 7f28f1b000
 ndroid.systemui-1670  [004] ....  6978.455892: do_swap_page: swapin tgid 1670 pid 1670 name "ndroid.systemui" vma 7f28f55000
           <...>-813   [004] ....  6978.455932: do_swap_page: swapin tgid 813 pid 813 name "power@1.3-servi" vma 7fbddf9000
           <...>-813   [004] ....  6978.455938: do_swap_page: swapin tgid 813 pid 813 name "power@1.3-servi" vma 7fbd219000
 ndroid.systemui-1670  [004] ....  6978.456017: do_swap_page: swapin tgid 1670 pid 1670 name "ndroid.systemui" vma 7ea96bd000
 ndroid.systemui-1670  [004] ....  6978.456026: do_swap_page: swapin tgid 1670 pid 1670 name "ndroid.systemui" vma 7f2d34c000
 droid.launcher3-2001  [004] ....  6978.456105: do_swap_page: swapin tgid 2001 pid 2001 name "droid.launcher3" vma 7ecec27000
 droid.launcher3-2001  [004] ....  6978.456115: do_swap_page: swapin tgid 2001 pid 2001 name "droid.launcher3" vma 7ecec28000
 droid.launcher3-2001  [004] ....  6978.456117: do_swap_page: swapin tgid 2001 pid 2001 name "droid.launcher3" vma 7eced08000
 droid.launcher3-2001  [004] ....  6978.456127: do_swap_page: swapin tgid 2001 pid 2001 name "droid.launcher3" vma 7eced0e000
 droid.launcher3-2001  [004] ....  6978.456183: do_swap_page: swapin tgid 2001 pid 2001 name "droid.launcher3" vma 7ec96e3000
 droid.launcher3-2001  [004] ....  6978.456189: do_swap_page: swapin tgid 2001 pid 2001 name "droid.launcher3" vma 7ec96e4000
 droid.launcher3-2001  [004] ....  6978.456192: do_swap_page: swapin tgid 2001 pid 2001 name "droid.launcher3" vma 7eceb90000
 droid.launcher3-2001  [004] ....  6978.456195: do_swap_page: swapin tgid 2001 pid 2001 name "droid.launcher3" vma 7ecec2c000
 droid.launcher3-2001  [004] ....  6978.456201: do_swap_page: swapin tgid 2001 pid 2001 name "droid.launcher3" vma 7f39804000
 droid.launcher3-2001  [004] ....  6978.456207: do_swap_page: swapin tgid 2001 pid 2001 name "droid.launcher3" vma 7f39811000
 droid.launcher3-2001  [004] ....  6978.456209: do_swap_page: swapin tgid 2001 pid 2001 name "droid.launcher3" vma 7f39806000
 droid.launcher3-2001  [004] ....  6978.456211: do_swap_page: swapin tgid 2001 pid 2001 name "droid.launcher3" vma 7f39830000
 droid.launcher3-2001  [004] ....  6978.456228: do_swap_page: swapin tgid 2001 pid 2001 name "droid.launcher3" vma 7f3982e000
 droid.launcher3-2001  [004] ....  6978.456236: do_swap_page: swapin tgid 2001 pid 2001 name "droid.launcher3" vma 7f3982f000
 droid.launcher3-2001  [004] ....  6978.456242: do_swap_page: swapin tgid 2001 pid 2001 name "droid.launcher3" vma 7fbe161000
 droid.launcher3-2001  [004] ....  6978.456246: do_swap_page: swapin tgid 2001 pid 2001 name "droid.launcher3" vma 7eca000000
 droid.launcher3-2001  [004] ....  6978.456249: do_swap_page: swapin tgid 2001 pid 2001 name "droid.launcher3" vma 7eca001000
 droid.launcher3-2001  [004] ....  6978.456255: do_swap_page: swapin tgid 2001 pid 2001 name "droid.launcher3" vma 7fba331000
      android.ui-1353  [004] ....  6978.456293: do_swap_page: swapin tgid 1330 pid 1353 name "android.ui" vma 7eb90e4000
      android.ui-1353  [004] ....  6978.456310: do_swap_page: swapin tgid 1330 pid 1353 name "android.ui" vma 7e5c883000
      android.ui-1353  [004] ....  6978.456314: do_swap_page: swapin tgid 1330 pid 1353 name "android.ui" vma 7e5c884000
      android.ui-1353  [004] ....  6978.456320: do_swap_page: swapin tgid 1330 pid 1353 name "android.ui" vma 7eb4320000
      android.ui-1353  [004] ....  6978.456333: do_swap_page: swapin tgid 1330 pid 1353 name "android.ui" vma 13eb2000
      android.ui-1353  [004] ....  6978.456344: do_swap_page: swapin tgid 1330 pid 1353 name "android.ui" vma 7eb431f000
      android.ui-1353  [004] ....  6978.456363: do_swap_page: swapin tgid 1330 pid 1353 name "android.ui" vma 9e776000
           <...>-660   [004] ....  6978.456708: do_swap_page: swapin tgid 602 pid 660 name "surfaceflinger" vma 7fb3f9f000
           <...>-660   [004] ....  6978.456715: do_swap_page: swapin tgid 602 pid 660 name "surfaceflinger" vma 7fb3f9e000
           <...>-660   [004] ....  6978.456740: do_swap_page: swapin tgid 602 pid 660 name "surfaceflinger" vma 7faa887000
           <...>-660   [004] ....  6978.456745: do_swap_page: swapin tgid 602 pid 660 name "surfaceflinger" vma 7faa888000
           <...>-813   [004] ....  6978.457066: do_swap_page: swapin tgid 813 pid 813 name "power@1.3-servi" vma 7fbd219000
           <...>-813   [004] ....  6978.457075: do_swap_page: swapin tgid 813 pid 813 name "power@1.3-servi" vma 7fffffe000
           <...>-813   [004] ....  6978.457142: do_swap_page: swapin tgid 813 pid 813 name "power@1.3-servi" vma 7fbb851000
           <...>-813   [004] ....  6978.457148: do_swap_page: swapin tgid 813 pid 813 name "power@1.3-servi" vma 7fbda90000
 droid.launcher3-2001  [004] ....  6978.457189: do_swap_page: swapin tgid 2001 pid 2001 name "droid.launcher3" vma 7fba331000
 droid.launcher3-2001  [004] ....  6978.457208: do_swap_page: swapin tgid 2001 pid 2001 name "droid.launcher3" vma 7fffffa000
 droid.launcher3-2001  [004] ....  6978.457236: do_swap_page: swapin tgid 2001 pid 2001 name "droid.launcher3" vma 13307000
 droid.launcher3-2001  [004] ....  6978.457246: do_swap_page: swapin tgid 2001 pid 2001 name "droid.launcher3" vma 13308000
           <...>-813   [004] ....  6978.457437: do_swap_page: swapin tgid 813 pid 813 name "power@1.3-servi" vma 7fbda90000
           <...>-813   [004] ....  6978.457446: do_swap_page: swapin tgid 813 pid 813 name "power@1.3-servi" vma 7fbb800000
 droid.launcher3-2001  [004] ....  6978.457486: do_swap_page: swapin tgid 2001 pid 2001 name "droid.launcher3" vma 13d23000
 droid.launcher3-2001  [004] ....  6978.457500: do_swap_page: swapin tgid 2001 pid 2001 name "droid.launcher3" vma 13d39000
 droid.launcher3-2001  [004] ....  6978.457505: do_swap_page: swapin tgid 2001 pid 2001 name "droid.launcher3" vma 9e4a8000
           <...>-813   [004] ....  6978.458050: do_swap_page: swapin tgid 813 pid 813 name "power@1.3-servi" vma 7fbb800000
           <...>-813   [004] ....  6978.458056: do_swap_page: swapin tgid 813 pid 813 name "power@1.3-servi" vma 7fbb820000
           <...>-813   [004] ....  6978.458665: do_swap_page: swapin tgid 813 pid 813 name "power@1.3-servi" vma 7fbb820000
           <...>-813   [004] ....  6978.458674: do_swap_page: swapin tgid 813 pid 813 name "power@1.3-servi" vma 7fbb83f000
           <...>-813   [004] ....  6978.458680: do_swap_page: swapin tgid 813 pid 813 name "power@1.3-servi" vma 7fbb85c000
           <...>-660   [004] ....  6978.458808: do_swap_page: swapin tgid 602 pid 660 name "surfaceflinger" vma 7fba697000
 droid.launcher3-2001  [004] ....  6978.458847: do_swap_page: swapin tgid 2001 pid 2001 name "droid.launcher3" vma 9e4a8000
 droid.launcher3-2001  [004] ....  6978.458866: do_swap_page: swapin tgid 2001 pid 2001 name "droid.launcher3" vma 7f289fb000
           <...>-813   [004] ....  6978.458907: do_swap_page: swapin tgid 813 pid 813 name "power@1.3-servi" vma 7fbb85c000
           <...>-813   [004] ....  6978.458912: do_swap_page: swapin tgid 813 pid 813 name "power@1.3-servi" vma 7fbb844000
           <...>-813   [004] ....  6978.458914: do_swap_page: swapin tgid 813 pid 813 name "power@1.3-servi" vma 7fbb859000
           <...>-813   [004] ....  6978.458919: do_swap_page: swapin tgid 813 pid 813 name "power@1.3-servi" vma 7fbda8c000
      android.ui-1353  [004] ....  6978.458959: do_swap_page: swapin tgid 1330 pid 1353 name "android.ui" vma 9e776000
      android.ui-1353  [004] ....  6978.458975: do_swap_page: swapin tgid 1330 pid 1353 name "android.ui" vma 9e611000
 ndroid.systemui-1670  [004] ....  6978.459005: do_swap_page: swapin tgid 1670 pid 1670 name "ndroid.systemui" vma 7f2d34c000
 ndroid.systemui-1670  [004] ....  6978.459018: do_swap_page: swapin tgid 1670 pid 1670 name "ndroid.systemui" vma 7eb327c000
 ndroid.systemui-1670  [004] ....  6978.459029: do_swap_page: swapin tgid 1670 pid 1670 name "ndroid.systemui" vma 13e7b000
 ndroid.systemui-1670  [004] ....  6978.459036: do_swap_page: swapin tgid 1670 pid 1670 name "ndroid.systemui" vma 13e7c000
 ndroid.systemui-1670  [004] ....  6978.459046: do_swap_page: swapin tgid 1670 pid 1670 name "ndroid.systemui" vma 1328c000
 ndroid.systemui-1670  [004] ....  6978.459068: do_swap_page: swapin tgid 1670 pid 1670 name "ndroid.systemui" vma 9e487000
 ndroid.systemui-1670  [004] ....  6978.459072: do_swap_page: swapin tgid 1670 pid 1670 name "ndroid.systemui" vma 9e6bf000
           <...>-813   [004] ....  6978.459156: do_swap_page: swapin tgid 813 pid 813 name "power@1.3-servi" vma 7fbda8c000
           <...>-813   [004] ....  6978.459162: do_swap_page: swapin tgid 813 pid 813 name "power@1.3-servi" vma 7fbda8d000
 droid.launcher3-2001  [004] ....  6978.459280: do_swap_page: swapin tgid 2001 pid 2001 name "droid.launcher3" vma 7f289fb000
 droid.launcher3-2001  [004] ....  6978.459298: do_swap_page: swapin tgid 2001 pid 2001 name "droid.launcher3" vma 9e4a7000
      android.ui-1353  [004] ....  6978.459326: do_swap_page: swapin tgid 1330 pid 1353 name "android.ui" vma 9e611000
      android.ui-1353  [004] .n..  6978.459353: do_swap_page: swapin tgid 1330 pid 1353 name "android.ui" vma 1446e000
           <...>-813   [004] ....  6978.459359: do_swap_page: swapin tgid 813 pid 813 name "power@1.3-servi" vma 7fbda8d000
           <...>-813   [004] ....  6978.459364: do_swap_page: swapin tgid 813 pid 813 name "power@1.3-servi" vma 7fbd201000
           <...>-813   [004] ....  6978.459366: do_swap_page: swapin tgid 813 pid 813 name "power@1.3-servi" vma 7fbd200000
           <...>-813   [004] ....  6978.459370: do_swap_page: swapin tgid 813 pid 813 name "power@1.3-servi" vma 7fbd298000
           <...>-813   [004] ....  6978.459376: do_swap_page: swapin tgid 813 pid 813 name "power@1.3-servi" vma 7fbb84b000
           <...>-813   [004] ....  6978.459381: do_swap_page: swapin tgid 813 pid 813 name "power@1.3-servi" vma 7fbb84c000
           <...>-813   [004] ....  6978.459386: do_swap_page: swapin tgid 813 pid 813 name "power@1.3-servi" vma 7fbd404000
           <...>-813   [004] ....  6978.459389: do_swap_page: swapin tgid 813 pid 813 name "power@1.3-servi" vma 7fbd400000
      android.ui-1353  [004] ....  6978.459428: do_swap_page: swapin tgid 1330 pid 1353 name "android.ui" vma 9e537000
      android.ui-1353  [004] ....  6978.459432: do_swap_page: swapin tgid 1330 pid 1353 name "android.ui" vma 9e7b1000
 droid.launcher3-2001  [004] ....  6978.459490: do_swap_page: swapin tgid 2001 pid 2001 name "droid.launcher3" vma 9e4a7000
 droid.launcher3-2001  [004] ....  6978.459497: do_swap_page: swapin tgid 2001 pid 2001 name "droid.launcher3" vma 9e5a4000
           <...>-813   [004] ....  6978.459527: do_swap_page: swapin tgid 813 pid 813 name "power@1.3-servi" vma 7fbd400000
           <...>-813   [004] ....  6978.459533: do_swap_page: swapin tgid 813 pid 813 name "power@1.3-servi" vma 7fbd407000
           <...>-813   [004] ....  6978.459555: do_swap_page: swapin tgid 813 pid 813 name "power@1.3-servi" vma 7fbd406000
 ndroid.systemui-1670  [004] ....  6978.459599: do_swap_page: swapin tgid 1670 pid 1670 name "ndroid.systemui" vma 9e6bf000
 ndroid.systemui-1670  [004] ....  6978.459607: do_swap_page: swapin tgid 1670 pid 1670 name "ndroid.systemui" vma 9e6a0000
           <...>-813   [004] ....  6978.459700: do_swap_page: swapin tgid 813 pid 813 name "power@1.3-servi" vma 7fbd406000
           <...>-813   [004] ....  6978.459706: do_swap_page: swapin tgid 813 pid 813 name "power@1.3-servi" vma 7fbd408000
           <...>-813   [004] ....  6978.459710: do_swap_page: swapin tgid 813 pid 813 name "power@1.3-servi" vma 7fbd205000
           <...>-813   [004] ....  6978.459713: do_swap_page: swapin tgid 813 pid 813 name "power@1.3-servi" vma 7fbd211000
           <...>-813   [004] ....  6978.459717: do_swap_page: swapin tgid 813 pid 813 name "power@1.3-servi" vma 7fbb84d000
           <...>-813   [004] ....  6978.459757: do_swap_page: swapin tgid 813 pid 813 name "power@1.3-servi" vma 7fbcfe9000
           <...>-2389  [004] ....  6978.459801: do_swap_page: swapin tgid 813 pid 2389 name "NodeLooperThrea" vma 7fbb7fc000
           <...>-2389  [004] ....  6978.459805: do_swap_page: swapin tgid 813 pid 2389 name "NodeLooperThrea" vma 7fbb7fb000
           <...>-2389  [004] ....  6978.459810: do_swap_page: swapin tgid 813 pid 2389 name "NodeLooperThrea" vma 7fbb83e000
           <...>-2389  [004] ....  6978.459814: do_swap_page: swapin tgid 813 pid 2389 name "NodeLooperThrea" vma 7fbb83d000
           <...>-2390  [004] ....  6978.459833: do_swap_page: swapin tgid 813 pid 2390 name "power@1.3-servi" vma 7fba6ff000
 droid.launcher3-2001  [004] ....  6978.459871: do_swap_page: swapin tgid 2001 pid 2001 name "droid.launcher3" vma 9e5a4000
 droid.launcher3-2001  [004] ....  6978.459876: do_swap_page: swapin tgid 2001 pid 2001 name "droid.launcher3" vma 9e5b5000
           <...>-813   [004] ....  6978.459901: do_swap_page: swapin tgid 813 pid 813 name "power@1.3-servi" vma 7fbcfe9000
      android.ui-1353  [004] ....  6978.459966: do_swap_page: swapin tgid 1330 pid 1353 name "android.ui" vma 9e7b1000
      android.ui-1353  [004] ....  6978.459972: do_swap_page: swapin tgid 1330 pid 1353 name "android.ui" vma 9e67a000
           <...>-2389  [004] ....  6978.460016: do_swap_page: swapin tgid 813 pid 2389 name "NodeLooperThrea" vma 7fbb83d000
           <...>-2389  [004] ....  6978.460024: do_swap_page: swapin tgid 813 pid 2389 name "NodeLooperThrea" vma 7fbb81b000
           <...>-2390  [004] ....  6978.460049: do_swap_page: swapin tgid 813 pid 2390 name "power@1.3-servi" vma 7fba6ff000
           <...>-2390  [004] ....  6978.460053: do_swap_page: swapin tgid 813 pid 2390 name "power@1.3-servi" vma 7fba6fe000
 ndroid.systemui-1670  [004] ....  6978.460076: do_swap_page: swapin tgid 1670 pid 1670 name "ndroid.systemui" vma 9e6a0000
 droid.launcher3-2001  [004] ....  6978.460140: do_swap_page: swapin tgid 2001 pid 2001 name "droid.launcher3" vma 9e5b5000
 droid.launcher3-2001  [004] ....  6978.460152: do_swap_page: swapin tgid 2001 pid 2001 name "droid.launcher3" vma 9e5af000
 ndroid.systemui-1670  [004] ....  6978.460195: do_swap_page: swapin tgid 1670 pid 1670 name "ndroid.systemui" vma 7ea9556000
 ndroid.systemui-1670  [004] ....  6978.460224: do_swap_page: swapin tgid 1670 pid 1670 name "ndroid.systemui" vma 9e6d3000
           <...>-2389  [004] ....  6978.460306: do_swap_page: swapin tgid 813 pid 2389 name "NodeLooperThrea" vma 7fbb81b000
           <...>-2389  [004] ....  6978.460424: do_swap_page: swapin tgid 813 pid 2389 name "NodeLooperThrea" vma 7fbb84e000
           <...>-2389  [004] ....  6978.460487: do_swap_page: swapin tgid 813 pid 2389 name "NodeLooperThrea" vma 7fbb81d000
      android.ui-1353  [004] ....  6978.460525: do_swap_page: swapin tgid 1330 pid 1353 name "android.ui" vma 9e67a000
      android.ui-1353  [004] ....  6978.460533: do_swap_page: swapin tgid 1330 pid 1353 name "android.ui" vma 9e4a0000
      android.ui-1353  [004] ....  6978.460547: do_swap_page: swapin tgid 1330 pid 1353 name "android.ui" vma 7eb42ec000
      android.ui-1353  [004] ....  6978.460620: do_swap_page: swapin tgid 1330 pid 1353 name "android.ui" vma 9e488000
 droid.launcher3-2001  [004] ....  6978.460664: do_swap_page: swapin tgid 2001 pid 2001 name "droid.launcher3" vma 9e5af000
 droid.launcher3-2001  [004] ....  6978.460701: do_swap_page: swapin tgid 2001 pid 2001 name "droid.launcher3" vma 13d3d000
 droid.launcher3-2001  [004] ....  6978.460707: do_swap_page: swapin tgid 2001 pid 2001 name "droid.launcher3" vma 7ecec52000
 droid.launcher3-2001  [004] ....  6978.460711: do_swap_page: swapin tgid 2001 pid 2001 name "droid.launcher3" vma 7f28b5d000
 droid.launcher3-2001  [004] ....  6978.460721: do_swap_page: swapin tgid 2001 pid 2001 name "droid.launcher3" vma 13d3c000
 droid.launcher3-2001  [004] ....  6978.460723: do_swap_page: swapin tgid 2001 pid 2001 name "droid.launcher3" vma 7ecec53000
 droid.launcher3-2001  [004] ....  6978.460728: do_swap_page: swapin tgid 2001 pid 2001 name "droid.launcher3" vma 9e470000
 ndroid.systemui-1670  [004] ....  6978.460792: do_swap_page: swapin tgid 1670 pid 1670 name "ndroid.systemui" vma 9e6d3000
 ndroid.systemui-1670  [004] ....  6978.460802: do_swap_page: swapin tgid 1670 pid 1670 name "ndroid.systemui" vma 9e697000
     logd.writer-565   [004] ....  6978.461268: do_swap_page: swapin tgid 555 pid 565 name "logd.writer" vma 7fb27ca000
           <...>-2389  [004] ....  6978.462543: do_swap_page: swapin tgid 813 pid 2389 name "NodeLooperThrea" vma 7fbb81d000
           <...>-2389  [004] ....  6978.462686: do_swap_page: swapin tgid 813 pid 2389 name "NodeLooperThrea" vma 7fbb85b000
 droid.launcher3-2001  [004] ....  6978.462738: do_swap_page: swapin tgid 2001 pid 2001 name "droid.launcher3" vma 9e470000
 droid.launcher3-2001  [004] ....  6978.462752: do_swap_page: swapin tgid 2001 pid 2001 name "droid.launcher3" vma 7fbe264000
 droid.launcher3-2001  [004] ....  6978.462757: do_swap_page: swapin tgid 2001 pid 2001 name "droid.launcher3" vma 9e471000
 ndroid.systemui-1670  [004] ....  6978.462811: do_swap_page: swapin tgid 1670 pid 1670 name "ndroid.systemui" vma 9e697000
 ndroid.systemui-1670  [004] ....  6978.462852: do_swap_page: swapin tgid 1670 pid 1670 name "ndroid.systemui" vma 1358a000
 ndroid.systemui-1670  [004] ....  6978.462866: do_swap_page: swapin tgid 1670 pid 1670 name "ndroid.systemui" vma 7eb33ed000
 ndroid.systemui-1670  [004] ....  6978.462872: do_swap_page: swapin tgid 1670 pid 1670 name "ndroid.systemui" vma 7eb341d000
 ndroid.systemui-1670  [004] ....  6978.462886: do_swap_page: swapin tgid 1670 pid 1670 name "ndroid.systemui" vma 9e676000
           <...>-2389  [004] ....  6978.463276: do_swap_page: swapin tgid 813 pid 2389 name "NodeLooperThrea" vma 7fbb85b000
 droid.launcher3-2001  [004] ....  6978.463504: do_swap_page: swapin tgid 2001 pid 2001 name "droid.launcher3" vma 9e471000
           <...>-2389  [004] ....  6978.463598: do_swap_page: swapin tgid 813 pid 2389 name "NodeLooperThrea" vma 7fbd26b000
           <...>-2389  [004] ....  6978.463602: do_swap_page: swapin tgid 813 pid 2389 name "NodeLooperThrea" vma 7fbd26c000
           <...>-2389  [004] ....  6978.463606: do_swap_page: swapin tgid 813 pid 2389 name "NodeLooperThrea" vma 7fbd240000
           <...>-2389  [004] ....  6978.463610: do_swap_page: swapin tgid 813 pid 2389 name "NodeLooperThrea" vma 7fbdd95000
           <...>-2389  [004] ....  6978.463621: do_swap_page: swapin tgid 813 pid 2389 name "NodeLooperThrea" vma 7fbd20a000
           <...>-2389  [004] ....  6978.463625: do_swap_page: swapin tgid 813 pid 2389 name "NodeLooperThrea" vma 7fbd20e000
           <...>-2389  [004] ....  6978.463628: do_swap_page: swapin tgid 813 pid 2389 name "NodeLooperThrea" vma 7fbdd94000
 droid.launcher3-2001  [004] ....  6978.463672: do_swap_page: swapin tgid 2001 pid 2001 name "droid.launcher3" vma 9e489000
 ndroid.systemui-1670  [004] ....  6978.463702: do_swap_page: swapin tgid 1670 pid 1670 name "ndroid.systemui" vma 9e676000
 ndroid.systemui-1670  [004] ....  6978.463713: do_swap_page: swapin tgid 1670 pid 1670 name "ndroid.systemui" vma 132b9000
 ndroid.systemui-1670  [004] ....  6978.463718: do_swap_page: swapin tgid 1670 pid 1670 name "ndroid.systemui" vma 7ea98ae000
 ndroid.systemui-1670  [004] ....  6978.463723: do_swap_page: swapin tgid 1670 pid 1670 name "ndroid.systemui" vma 9e753000
           <...>-2389  [004] ....  6978.463812: do_swap_page: swapin tgid 813 pid 2389 name "NodeLooperThrea" vma 7fbdd94000
           <...>-2389  [004] ....  6978.463823: do_swap_page: swapin tgid 813 pid 2389 name "NodeLooperThrea" vma 7fbb7fa000
           <...>-2389  [004] ....  6978.463832: do_swap_page: swapin tgid 813 pid 2389 name "NodeLooperThrea" vma 7fbd212000
           <...>-2389  [004] ....  6978.463854: do_swap_page: swapin tgid 813 pid 2389 name "NodeLooperThrea" vma 7fbe1ea000
 droid.launcher3-2001  [004] ....  6978.463981: do_swap_page: swapin tgid 2001 pid 2001 name "droid.launcher3" vma 9e489000
 droid.launcher3-2001  [004] ....  6978.463987: do_swap_page: swapin tgid 2001 pid 2001 name "droid.launcher3" vma 9e472000
 ndroid.systemui-1670  [004] ....  6978.464012: do_swap_page: swapin tgid 1670 pid 1670 name "ndroid.systemui" vma 9e753000
 ndroid.systemui-1670  [004] ....  6978.464025: do_swap_page: swapin tgid 1670 pid 1670 name "ndroid.systemui" vma 9e743000
           <...>-2389  [004] ....  6978.464088: do_swap_page: swapin tgid 813 pid 2389 name "NodeLooperThrea" vma 7fbe1ea000
           <...>-2389  [004] ....  6978.464122: do_swap_page: swapin tgid 813 pid 2389 name "NodeLooperThrea" vma 7fbf5e3000
 droid.launcher3-2001  [004] ....  6978.464165: do_swap_page: swapin tgid 2001 pid 2001 name "droid.launcher3" vma 9e472000
 droid.launcher3-2001  [004] ....  6978.464171: do_swap_page: swapin tgid 2001 pid 2001 name "droid.launcher3" vma 13147000
 droid.launcher3-2001  [004] ....  6978.464175: do_swap_page: swapin tgid 2001 pid 2001 name "droid.launcher3" vma 7ecec51000
 droid.launcher3-2001  [004] ....  6978.464182: do_swap_page: swapin tgid 2001 pid 2001 name "droid.launcher3" vma 9e48a000
 ndroid.systemui-1670  [004] ....  6978.464210: do_swap_page: swapin tgid 1670 pid 1670 name "ndroid.systemui" vma 9e743000
 ndroid.systemui-1670  [004] ....  6978.464215: do_swap_page: swapin tgid 1670 pid 1670 name "ndroid.systemui" vma 9e687000
           <...>-2389  [004] ....  6978.464281: do_swap_page: swapin tgid 813 pid 2389 name "NodeLooperThrea" vma 7fbf5e3000
           <...>-2389  [004] ....  6978.464312: do_swap_page: swapin tgid 813 pid 2389 name "NodeLooperThrea" vma 7fbdf66000
 droid.launcher3-2001  [004] ....  6978.464433: do_swap_page: swapin tgid 2001 pid 2001 name "droid.launcher3" vma 9e48a000
 droid.launcher3-2001  [004] ....  6978.464440: do_swap_page: swapin tgid 2001 pid 2001 name "droid.launcher3" vma 9e578000
 droid.launcher3-2001  [004] ....  6978.464445: do_swap_page: swapin tgid 2001 pid 2001 name "droid.launcher3" vma 9e582000
 droid.launcher3-2001  [004] ....  6978.464448: do_swap_page: swapin tgid 2001 pid 2001 name "droid.launcher3" vma 9e48b000
     logd.writer-565   [004] ....  6978.464509: do_swap_page: swapin tgid 555 pid 565 name "logd.writer" vma 7fbbea3000
     logd.writer-565   [004] ....  6978.464515: do_swap_page: swapin tgid 555 pid 565 name "logd.writer" vma 7fbbe62000
     logd.writer-565   [004] ....  6978.464520: do_swap_page: swapin tgid 555 pid 565 name "logd.writer" vma 7fb25a0000
     logd.writer-565   [004] ....  6978.464525: do_swap_page: swapin tgid 555 pid 565 name "logd.writer" vma 7fbbfea000
     logd.writer-565   [004] ....  6978.464531: do_swap_page: swapin tgid 555 pid 565 name "logd.writer" vma 7fb25c3000
     logd.writer-565   [004] ....  6978.464533: do_swap_page: swapin tgid 555 pid 565 name "logd.writer" vma 7fb25eb000
 droid.launcher3-2001  [004] ....  6978.464571: do_swap_page: swapin tgid 2001 pid 2001 name "droid.launcher3" vma 9e48b000
 droid.launcher3-2001  [004] ....  6978.464578: do_swap_page: swapin tgid 2001 pid 2001 name "droid.launcher3" vma 9e4c8000
 ndroid.systemui-1670  [004] ....  6978.464706: do_swap_page: swapin tgid 1670 pid 1670 name "ndroid.systemui" vma 9e687000
 ndroid.systemui-1670  [004] ....  6978.464712: do_swap_page: swapin tgid 1670 pid 1670 name "ndroid.systemui" vma 9e5f8000
 ndroid.systemui-1670  [004] ....  6978.464716: do_swap_page: swapin tgid 1670 pid 1670 name "ndroid.systemui" vma 9e6aa000
 droid.launcher3-2001  [004] ....  6978.464752: do_swap_page: swapin tgid 2001 pid 2001 name "droid.launcher3" vma 9e4c8000
 droid.launcher3-2001  [004] ....  6978.464759: do_swap_page: swapin tgid 2001 pid 2001 name "droid.launcher3" vma 9e4a3000
 droid.launcher3-2001  [004] ....  6978.464870: do_swap_page: swapin tgid 2001 pid 2001 name "droid.launcher3" vma 9e4a3000
 droid.launcher3-2001  [004] ....  6978.464875: do_swap_page: swapin tgid 2001 pid 2001 name "droid.launcher3" vma 9e459000
 ndroid.systemui-1670  [004] ....  6978.464922: do_swap_page: swapin tgid 1670 pid 1670 name "ndroid.systemui" vma 9e6aa000
 ndroid.systemui-1670  [004] ....  6978.464929: do_swap_page: swapin tgid 1670 pid 1670 name "ndroid.systemui" vma 9e5d5000
 ndroid.systemui-1670  [004] ....  6978.464934: do_swap_page: swapin tgid 1670 pid 1670 name "ndroid.systemui" vma 9e63a000
 droid.launcher3-2001  [004] ....  6978.465016: do_swap_page: swapin tgid 2001 pid 2001 name "droid.launcher3" vma 9e459000
 droid.launcher3-2001  [004] ....  6978.465022: do_swap_page: swapin tgid 2001 pid 2001 name "droid.launcher3" vma 9e615000
 droid.launcher3-2001  [004] ....  6978.465032: do_swap_page: swapin tgid 2001 pid 2001 name "droid.launcher3" vma 9e587000
 ndroid.systemui-1670  [004] ....  6978.465083: do_swap_page: swapin tgid 1670 pid 1670 name "ndroid.systemui" vma 9e63a000
 ndroid.systemui-1670  [004] ....  6978.465088: do_swap_page: swapin tgid 1670 pid 1670 name "ndroid.systemui" vma 9e5c3000
 ndroid.systemui-1670  [004] ....  6978.465090: do_swap_page: swapin tgid 1670 pid 1670 name "ndroid.systemui" vma 9e673000
 droid.launcher3-2001  [004] ....  6978.467330: do_swap_page: swapin tgid 2001 pid 2001 name "droid.launcher3" vma 9e587000
 droid.launcher3-2001  [004] ....  6978.467339: do_swap_page: swapin tgid 2001 pid 2001 name "droid.launcher3" vma 9e57c000
 ndroid.systemui-1670  [004] ....  6978.467370: do_swap_page: swapin tgid 1670 pid 1670 name "ndroid.systemui" vma 9e673000
 ndroid.systemui-1670  [004] ....  6978.467376: do_swap_page: swapin tgid 1670 pid 1670 name "ndroid.systemui" vma 9e5b8000
 ndroid.systemui-1670  [004] ....  6978.467396: do_swap_page: swapin tgid 1670 pid 1670 name "ndroid.systemui" vma 9e713000
 droid.launcher3-2001  [004] .n..  6978.467534: do_swap_page: swapin tgid 2001 pid 2001 name "droid.launcher3" vma 9e57c000
 droid.launcher3-2001  [004] ....  6978.467547: do_swap_page: swapin tgid 2001 pid 2001 name "droid.launcher3" vma 9e5a3000
 ndroid.systemui-1670  [004] ....  6978.467572: do_swap_page: swapin tgid 1670 pid 1670 name "ndroid.systemui" vma 9e713000
 ndroid.systemui-1670  [004] ....  6978.467578: do_swap_page: swapin tgid 1670 pid 1670 name "ndroid.systemui" vma 9e64c000
 droid.launcher3-2001  [004] ....  6978.467666: do_swap_page: swapin tgid 2001 pid 2001 name "droid.launcher3" vma 9e5a3000
 droid.launcher3-2001  [004] ....  6978.467673: do_swap_page: swapin tgid 2001 pid 2001 name "droid.launcher3" vma 9e584000
 droid.launcher3-2001  [004] ....  6978.467676: do_swap_page: swapin tgid 2001 pid 2001 name "droid.launcher3" vma 9e4a9000
 ndroid.systemui-1670  [004] ....  6978.467722: do_swap_page: swapin tgid 1670 pid 1670 name "ndroid.systemui" vma 9e64c000
 ndroid.systemui-1670  [004] ....  6978.467732: do_swap_page: swapin tgid 1670 pid 1670 name "ndroid.systemui" vma 9e6fd000
 ndroid.systemui-1670  [004] ....  6978.467737: do_swap_page: swapin tgid 1670 pid 1670 name "ndroid.systemui" vma 9e5d2000
 ndroid.systemui-1670  [004] ....  6978.467739: do_swap_page: swapin tgid 1670 pid 1670 name "ndroid.systemui" vma 9e73f000
 droid.launcher3-2001  [004] ....  6978.467812: do_swap_page: swapin tgid 2001 pid 2001 name "droid.launcher3" vma 9e4a9000
 droid.launcher3-2001  [004] ....  6978.467820: do_swap_page: swapin tgid 2001 pid 2001 name "droid.launcher3" vma 9e4ae000
 ndroid.systemui-1670  [004] ....  6978.467865: do_swap_page: swapin tgid 1670 pid 1670 name "ndroid.systemui" vma 9e73f000
 ndroid.systemui-1670  [004] ....  6978.467870: do_swap_page: swapin tgid 1670 pid 1670 name "ndroid.systemui" vma 9e682000
 droid.launcher3-2001  [004] ....  6978.467955: do_swap_page: swapin tgid 2001 pid 2001 name "droid.launcher3" vma 9e4ae000
 droid.launcher3-2001  [004] ....  6978.467963: do_swap_page: swapin tgid 2001 pid 2001 name "droid.launcher3" vma 9e46e000
 ndroid.systemui-1670  [004] ....  6978.468015: do_swap_page: swapin tgid 1670 pid 1670 name "ndroid.systemui" vma 9e682000
 ndroid.systemui-1670  [004] ....  6978.468023: do_swap_page: swapin tgid 1670 pid 1670 name "ndroid.systemui" vma 9e5be000
 ndroid.systemui-1670  [004] ....  6978.468026: do_swap_page: swapin tgid 1670 pid 1670 name "ndroid.systemui" vma 9e66d000
 droid.launcher3-2001  [004] ....  6978.468109: do_swap_page: swapin tgid 2001 pid 2001 name "droid.launcher3" vma 9e46e000
 droid.launcher3-2001  [004] ....  6978.468115: do_swap_page: swapin tgid 2001 pid 2001 name "droid.launcher3" vma 9e4b3000
 ndroid.systemui-1670  [004] ....  6978.468162: do_swap_page: swapin tgid 1670 pid 1670 name "ndroid.systemui" vma 9e66d000
 ndroid.systemui-1670  [004] ....  6978.468169: do_swap_page: swapin tgid 1670 pid 1670 name "ndroid.systemui" vma 9e695000
 droid.launcher3-2001  [004] ....  6978.468232: do_swap_page: swapin tgid 2001 pid 2001 name "droid.launcher3" vma 9e4b3000
 droid.launcher3-2001  [004] ....  6978.468238: do_swap_page: swapin tgid 2001 pid 2001 name "droid.launcher3" vma 9e46a000
 ndroid.systemui-1670  [004] ....  6978.468307: do_swap_page: swapin tgid 1670 pid 1670 name "ndroid.systemui" vma 9e695000
 droid.launcher3-2001  [004] ....  6978.468406: do_swap_page: swapin tgid 2001 pid 2001 name "droid.launcher3" vma 9e46a000
 droid.launcher3-2001  [004] ....  6978.468412: do_swap_page: swapin tgid 2001 pid 2001 name "droid.launcher3" vma 9e4bc000
 ndroid.systemui-1670  [004] ....  6978.468465: do_swap_page: swapin tgid 1670 pid 1670 name "ndroid.systemui" vma 7f28d34000
 ndroid.systemui-1670  [004] ....  6978.468472: do_swap_page: swapin tgid 1670 pid 1670 name "ndroid.systemui" vma 7f28d35000
 droid.launcher3-2001  [004] ....  6978.468532: do_swap_page: swapin tgid 2001 pid 2001 name "droid.launcher3" vma 9e4bc000
 droid.launcher3-2001  [004] ....  6978.468539: do_swap_page: swapin tgid 2001 pid 2001 name "droid.launcher3" vma 9e49b000
 ndroid.systemui-1670  [004] ....  6978.468568: do_swap_page: swapin tgid 1670 pid 1670 name "ndroid.systemui" vma 7eb2b59000
 ndroid.systemui-1670  [004] ....  6978.468576: do_swap_page: swapin tgid 1670 pid 1670 name "ndroid.systemui" vma 136e1000
 droid.launcher3-2001  [004] ....  6978.468684: do_swap_page: swapin tgid 2001 pid 2001 name "droid.launcher3" vma 9e49b000
 droid.launcher3-2001  [004] ....  6978.468689: do_swap_page: swapin tgid 2001 pid 2001 name "droid.launcher3" vma 9e463000
 droid.launcher3-2001  [004] ....  6978.468803: do_swap_page: swapin tgid 2001 pid 2001 name "droid.launcher3" vma 9e463000
 droid.launcher3-2001  [004] ....  6978.468807: do_swap_page: swapin tgid 2001 pid 2001 name "droid.launcher3" vma 9e4b4000
 droid.launcher3-2001  [004] ....  6978.468921: do_swap_page: swapin tgid 2001 pid 2001 name "droid.launcher3" vma 9e4b4000
 droid.launcher3-2001  [004] ....  6978.468926: do_swap_page: swapin tgid 2001 pid 2001 name "droid.launcher3" vma 9e4a0000
 droid.launcher3-2001  [004] ....  6978.469081: do_swap_page: swapin tgid 2001 pid 2001 name "droid.launcher3" vma 9e4a0000
 droid.launcher3-2001  [004] ....  6978.469085: do_swap_page: swapin tgid 2001 pid 2001 name "droid.launcher3" vma 9e499000
 droid.launcher3-2001  [004] ....  6978.469190: do_swap_page: swapin tgid 2001 pid 2001 name "droid.launcher3" vma 9e499000
 droid.launcher3-2001  [004] ....  6978.469193: do_swap_page: swapin tgid 2001 pid 2001 name "droid.launcher3" vma 9e4e5000
 droid.launcher3-2001  [004] ....  6978.469296: do_swap_page: swapin tgid 2001 pid 2001 name "droid.launcher3" vma 9e4e5000
 droid.launcher3-2001  [004] ....  6978.469299: do_swap_page: swapin tgid 2001 pid 2001 name "droid.launcher3" vma 9e590000
 droid.launcher3-2001  [004] ....  6978.469441: do_swap_page: swapin tgid 2001 pid 2001 name "droid.launcher3" vma 9e590000
 droid.launcher3-2001  [004] ....  6978.469444: do_swap_page: swapin tgid 2001 pid 2001 name "droid.launcher3" vma 9e53c000
 droid.launcher3-2001  [004] ....  6978.469553: do_swap_page: swapin tgid 2001 pid 2001 name "droid.launcher3" vma 9e53c000
 droid.launcher3-2001  [004] ....  6978.469558: do_swap_page: swapin tgid 2001 pid 2001 name "droid.launcher3" vma 12fc7000
 droid.launcher3-2001  [004] ....  6978.469572: do_swap_page: swapin tgid 2001 pid 2001 name "droid.launcher3" vma 7ec95f7000
 droid.launcher3-2001  [004] ....  6978.469582: do_swap_page: swapin tgid 2001 pid 2001 name "droid.launcher3" vma 7f289f8000
 droid.launcher3-2001  [004] ....  6978.469591: do_swap_page: swapin tgid 2001 pid 2001 name "droid.launcher3" vma 9e595000
 droid.launcher3-2001  [004] ....  6978.469719: do_swap_page: swapin tgid 2001 pid 2001 name "droid.launcher3" vma 9e595000
 droid.launcher3-2001  [004] ....  6978.469723: do_swap_page: swapin tgid 2001 pid 2001 name "droid.launcher3" vma 7fffff9000
 droid.launcher3-2001  [004] ....  6978.469733: do_swap_page: swapin tgid 2001 pid 2001 name "droid.launcher3" vma 9e47f000
 droid.launcher3-2001  [004] ....  6978.469834: do_swap_page: swapin tgid 2001 pid 2001 name "droid.launcher3" vma 9e47f000
 droid.launcher3-2001  [004] ....  6978.469837: do_swap_page: swapin tgid 2001 pid 2001 name "droid.launcher3" vma 13316000
 droid.launcher3-2001  [004] ....  6978.469840: do_swap_page: swapin tgid 2001 pid 2001 name "droid.launcher3" vma 9e4ee000
 droid.launcher3-2001  [004] ....  6978.469943: do_swap_page: swapin tgid 2001 pid 2001 name "droid.launcher3" vma 9e4ee000
 droid.launcher3-2001  [004] ....  6978.469946: do_swap_page: swapin tgid 2001 pid 2001 name "droid.launcher3" vma 9e596000
 droid.launcher3-2001  [004] ....  6978.470065: do_swap_page: swapin tgid 2001 pid 2001 name "droid.launcher3" vma 9e596000
 droid.launcher3-2001  [004] ....  6978.470070: do_swap_page: swapin tgid 2001 pid 2001 name "droid.launcher3" vma 9e546000
 droid.launcher3-2001  [004] ....  6978.470167: do_swap_page: swapin tgid 2001 pid 2001 name "droid.launcher3" vma 9e546000
 droid.launcher3-2001  [004] ....  6978.470170: do_swap_page: swapin tgid 2001 pid 2001 name "droid.launcher3" vma 9e48c000
 droid.launcher3-2001  [004] ....  6978.470269: do_swap_page: swapin tgid 2001 pid 2001 name "droid.launcher3" vma 9e48c000
 droid.launcher3-2001  [004] ....  6978.470271: do_swap_page: swapin tgid 2001 pid 2001 name "droid.launcher3" vma 9e4fa000
 droid.launcher3-2001  [004] ....  6978.470368: do_swap_page: swapin tgid 2001 pid 2001 name "droid.launcher3" vma 9e4fa000
 droid.launcher3-2001  [004] ....  6978.470371: do_swap_page: swapin tgid 2001 pid 2001 name "droid.launcher3" vma 9e551000
 droid.launcher3-2001  [004] ....  6978.470378: do_swap_page: swapin tgid 2001 pid 2001 name "droid.launcher3" vma 13d1d000
 droid.launcher3-2001  [004] ....  6978.470380: do_swap_page: swapin tgid 2001 pid 2001 name "droid.launcher3" vma 9e54e000
 droid.launcher3-2001  [004] ....  6978.470530: do_swap_page: swapin tgid 2001 pid 2001 name "droid.launcher3" vma 9e54e000
 droid.launcher3-2001  [004] ....  6978.470535: do_swap_page: swapin tgid 2001 pid 2001 name "droid.launcher3" vma 13317000
 droid.launcher3-2001  [004] ....  6978.470537: do_swap_page: swapin tgid 2001 pid 2001 name "droid.launcher3" vma 9e573000
 droid.launcher3-2001  [004] ....  6978.470636: do_swap_page: swapin tgid 2001 pid 2001 name "droid.launcher3" vma 9e573000
 droid.launcher3-2001  [004] ....  6978.470641: do_swap_page: swapin tgid 2001 pid 2001 name "droid.launcher3" vma 7eced69000
 droid.launcher3-2001  [004] ....  6978.470646: do_swap_page: swapin tgid 2001 pid 2001 name "droid.launcher3" vma 9e469000
 droid.launcher3-2001  [004] ....  6978.470747: do_swap_page: swapin tgid 2001 pid 2001 name "droid.launcher3" vma 9e469000
 droid.launcher3-2001  [004] ....  6978.470750: do_swap_page: swapin tgid 2001 pid 2001 name "droid.launcher3" vma 9e55b000
 droid.launcher3-2001  [004] ....  6978.470753: do_swap_page: swapin tgid 2001 pid 2001 name "droid.launcher3" vma 9e579000
 droid.launcher3-2001  [004] ....  6978.470755: do_swap_page: swapin tgid 2001 pid 2001 name "droid.launcher3" vma 9e4ed000
 droid.launcher3-2001  [004] ....  6978.470853: do_swap_page: swapin tgid 2001 pid 2001 name "droid.launcher3" vma 9e4ed000
 droid.launcher3-2001  [004] ....  6978.470855: do_swap_page: swapin tgid 2001 pid 2001 name "droid.launcher3" vma 9e543000
 droid.launcher3-2001  [004] ....  6978.470957: do_swap_page: swapin tgid 2001 pid 2001 name "droid.launcher3" vma 9e543000
 droid.launcher3-2001  [004] ....  6978.470960: do_swap_page: swapin tgid 2001 pid 2001 name "droid.launcher3" vma 13326000
 droid.launcher3-2001  [004] ....  6978.470964: do_swap_page: swapin tgid 2001 pid 2001 name "droid.launcher3" vma 13d1f000
 droid.launcher3-2001  [004] ....  6978.471117: do_swap_page: swapin tgid 2001 pid 2001 name "droid.launcher3" vma 13d1f000
 droid.launcher3-2001  [004] ....  6978.471121: do_swap_page: swapin tgid 2001 pid 2001 name "droid.launcher3" vma 9e58d000
 droid.launcher3-2001  [004] ....  6978.471125: do_swap_page: swapin tgid 2001 pid 2001 name "droid.launcher3" vma 9e505000
   Binder:1670_2-1696  [004] ....  6978.472983: do_swap_page: swapin tgid 1670 pid 1696 name "Binder:1670_2" vma 7f2d61e000
  Binder:1330_16-5705  [004] ....  6978.474711: do_swap_page: swapin tgid 1330 pid 5705 name "Binder:1330_16" vma 7eb9219000
  Binder:1330_16-5705  [004] ....  6978.474726: do_swap_page: swapin tgid 1330 pid 5705 name "Binder:1330_16" vma 7e5d21f000
  Binder:1330_16-5705  [004] ....  6978.474730: do_swap_page: swapin tgid 1330 pid 5705 name "Binder:1330_16" vma 7e5d220000
  Binder:1330_16-5705  [004] ....  6978.474944: do_swap_page: swapin tgid 1330 pid 5705 name "Binder:1330_16" vma 7e5d220000
  Binder:1330_16-5705  [004] ....  6978.474951: do_swap_page: swapin tgid 1330 pid 5705 name "Binder:1330_16" vma 7e8478f000
  Binder:1330_16-5705  [004] ....  6978.474958: do_swap_page: swapin tgid 1330 pid 5705 name "Binder:1330_16" vma 7e6d52b000
  Binder:1330_16-5705  [004] ....  6978.475165: do_swap_page: swapin tgid 1330 pid 5705 name "Binder:1330_16" vma 7e6d52b000
  Binder:1330_16-5705  [004] ....  6978.475174: do_swap_page: swapin tgid 1330 pid 5705 name "Binder:1330_16" vma 7e84700000
  Binder:1330_16-5705  [004] ....  6978.475178: do_swap_page: swapin tgid 1330 pid 5705 name "Binder:1330_16" vma 7eb9223000
  Binder:1330_16-5705  [004] ....  6978.475181: do_swap_page: swapin tgid 1330 pid 5705 name "Binder:1330_16" vma 7ed0c7e000
  Binder:1330_16-5705  [004] ....  6978.475186: do_swap_page: swapin tgid 1330 pid 5705 name "Binder:1330_16" vma 7eb9224000
  Binder:1330_16-5705  [004] ....  6978.475189: do_swap_page: swapin tgid 1330 pid 5705 name "Binder:1330_16" vma 7e5d21d000
  Binder:1330_16-5705  [004] ....  6978.475340: do_swap_page: swapin tgid 1330 pid 5705 name "Binder:1330_16" vma 7e5d21d000
  Binder:1330_16-5705  [004] ....  6978.475367: do_swap_page: swapin tgid 1330 pid 5705 name "Binder:1330_16" vma 7e5d21e000
  Binder:1330_16-5705  [004] ....  6978.475408: do_swap_page: swapin tgid 1330 pid 5705 name "Binder:1330_16" vma 7e6d28d000
  Binder:1330_16-5705  [004] ....  6978.475412: do_swap_page: swapin tgid 1330 pid 5705 name "Binder:1330_16" vma 7e5d93f000
  Binder:1330_16-5705  [004] ....  6978.475419: do_swap_page: swapin tgid 1330 pid 5705 name "Binder:1330_16" vma 7e5d21c000
  Binder:1330_16-5705  [004] ....  6978.475644: do_swap_page: swapin tgid 1330 pid 5705 name "Binder:1330_16" vma 7e5d21c000
  Binder:1330_16-5705  [004] ....  6978.475650: do_swap_page: swapin tgid 1330 pid 5705 name "Binder:1330_16" vma 13e78000
  Binder:1330_16-5705  [004] ....  6978.475662: do_swap_page: swapin tgid 1330 pid 5705 name "Binder:1330_16" vma 13e7a000
  Binder:1330_16-5705  [004] ....  6978.475678: do_swap_page: swapin tgid 1330 pid 5705 name "Binder:1330_16" vma 7eb9273000
  Binder:1330_16-5705  [004] ....  6978.475686: do_swap_page: swapin tgid 1330 pid 5705 name "Binder:1330_16" vma 7fbe181000
  Binder:1330_16-5705  [004] ....  6978.475693: do_swap_page: swapin tgid 1330 pid 5705 name "Binder:1330_16" vma 7e6d20e000
  Binder:1330_1D-27027 [004] ....  6978.476187: do_swap_page: swapin tgid 1330 pid 27027 name "Binder:1330_1D" vma 7e84654000
  UiThreadHelper-2062  [004] ....  6978.476726: do_swap_page: swapin tgid 2001 pid 2062 name "UiThreadHelper" vma 1314b000
 droid.launcher3-2001  [004] ....  6978.476753: do_swap_page: swapin tgid 2001 pid 2001 name "droid.launcher3" vma 9e505000
 droid.launcher3-2001  [004] ....  6978.476758: do_swap_page: swapin tgid 2001 pid 2001 name "droid.launcher3" vma 9e5a5000
 droid.launcher3-2001  [004] ....  6978.477013: do_swap_page: swapin tgid 2001 pid 2001 name "droid.launcher3" vma 9e5a5000
 droid.launcher3-2001  [004] ....  6978.477018: do_swap_page: swapin tgid 2001 pid 2001 name "droid.launcher3" vma 9e53b000
 droid.launcher3-2001  [004] ....  6978.477221: do_swap_page: swapin tgid 2001 pid 2001 name "droid.launcher3" vma 9e53b000
 droid.launcher3-2001  [004] ....  6978.477241: do_swap_page: swapin tgid 2001 pid 2001 name "droid.launcher3" vma 9e4b5000
 droid.launcher3-2001  [004] ....  6978.477360: do_swap_page: swapin tgid 2001 pid 2001 name "droid.launcher3" vma 9e4b5000
 droid.launcher3-2001  [004] ....  6978.477367: do_swap_page: swapin tgid 2001 pid 2001 name "droid.launcher3" vma 12fc8000
 droid.launcher3-2001  [004] ....  6978.477370: do_swap_page: swapin tgid 2001 pid 2001 name "droid.launcher3" vma 9e49c000
 droid.launcher3-2001  [004] ....  6978.478198: do_swap_page: swapin tgid 2001 pid 2001 name "droid.launcher3" vma 9e49c000
 droid.launcher3-2001  [004] ....  6978.478205: do_swap_page: swapin tgid 2001 pid 2001 name "droid.launcher3" vma 9e4bd000
 droid.launcher3-2001  [004] ....  6978.478793: do_swap_page: swapin tgid 2001 pid 2001 name "droid.launcher3" vma 9e4bd000
 droid.launcher3-2001  [004] ....  6978.478801: do_swap_page: swapin tgid 2001 pid 2001 name "droid.launcher3" vma 7ecec55000
 droid.launcher3-2001  [004] ....  6978.478806: do_swap_page: swapin tgid 2001 pid 2001 name "droid.launcher3" vma 9e46b000
 droid.launcher3-2001  [004] ....  6978.479063: do_swap_page: swapin tgid 2001 pid 2001 name "droid.launcher3" vma 9e46b000
 droid.launcher3-2001  [004] ....  6978.479072: do_swap_page: swapin tgid 2001 pid 2001 name "droid.launcher3" vma 9e46f000
 droid.launcher3-2001  [004] ....  6978.479210: do_swap_page: swapin tgid 2001 pid 2001 name "droid.launcher3" vma 9e46f000
 droid.launcher3-2001  [004] ....  6978.479216: do_swap_page: swapin tgid 2001 pid 2001 name "droid.launcher3" vma 13338000
 droid.launcher3-2001  [004] ....  6978.479219: do_swap_page: swapin tgid 2001 pid 2001 name "droid.launcher3" vma 9e473000
 android.display-1355  [004] ....  6978.479239: do_swap_page: swapin tgid 1330 pid 1355 name "android.display" vma 7f2d814000
 android.display-1355  [004] ....  6978.479247: do_swap_page: swapin tgid 1330 pid 1355 name "android.display" vma 7f2d816000
 droid.launcher3-2001  [004] ....  6978.479355: do_swap_page: swapin tgid 2001 pid 2001 name "droid.launcher3" vma 9e473000
 droid.launcher3-2001  [004] ....  6978.479361: do_swap_page: swapin tgid 2001 pid 2001 name "droid.launcher3" vma 7ecec54000
 droid.launcher3-2001  [004] ....  6978.479369: do_swap_page: swapin tgid 2001 pid 2001 name "droid.launcher3" vma 1314f000
 droid.launcher3-2001  [004] ....  6978.479373: do_swap_page: swapin tgid 2001 pid 2001 name "droid.launcher3" vma 7f28b5e000
 droid.launcher3-2001  [004] ....  6978.479386: do_swap_page: swapin tgid 2001 pid 2001 name "droid.launcher3" vma 7f28b48000
 droid.launcher3-2001  [004] ....  6978.479565: do_swap_page: swapin tgid 2001 pid 2001 name "droid.launcher3" vma 7f28b48000
 droid.launcher3-2001  [004] ....  6978.479580: do_swap_page: swapin tgid 2001 pid 2001 name "droid.launcher3" vma 9e58b000
 droid.launcher3-2001  [004] ....  6978.479725: do_swap_page: swapin tgid 2001 pid 2001 name "droid.launcher3" vma 9e58b000
 droid.launcher3-2001  [004] ....  6978.479737: do_swap_page: swapin tgid 2001 pid 2001 name "droid.launcher3" vma 7fbe23b000
 droid.launcher3-2001  [004] ....  6978.479741: do_swap_page: swapin tgid 2001 pid 2001 name "droid.launcher3" vma 9e4b6000
 droid.launcher3-2001  [004] ....  6978.479858: do_swap_page: swapin tgid 2001 pid 2001 name "droid.launcher3" vma 9e4b6000
 droid.launcher3-2001  [004] ....  6978.479865: do_swap_page: swapin tgid 2001 pid 2001 name "droid.launcher3" vma 9e49a000
 droid.launcher3-2001  [004] ....  6978.480035: do_swap_page: swapin tgid 2001 pid 2001 name "droid.launcher3" vma 9e49a000
 droid.launcher3-2001  [004] ....  6978.480044: do_swap_page: swapin tgid 2001 pid 2001 name "droid.launcher3" vma 9e57e000
 droid.launcher3-2001  [004] ....  6978.480210: do_swap_page: swapin tgid 2001 pid 2001 name "droid.launcher3" vma 9e57e000
 droid.launcher3-2001  [004] ....  6978.480217: do_swap_page: swapin tgid 2001 pid 2001 name "droid.launcher3" vma 9e589000
 droid.launcher3-2001  [004] ....  6978.480386: do_swap_page: swapin tgid 2001 pid 2001 name "droid.launcher3" vma 9e589000
 droid.launcher3-2001  [004] ....  6978.480394: do_swap_page: swapin tgid 2001 pid 2001 name "droid.launcher3" vma 13000000
 droid.launcher3-2001  [004] ....  6978.480403: do_swap_page: swapin tgid 2001 pid 2001 name "droid.launcher3" vma 7eced6a000
 droid.launcher3-2001  [004] ....  6978.480409: do_swap_page: swapin tgid 2001 pid 2001 name "droid.launcher3" vma 9e588000
 droid.launcher3-2001  [004] ....  6978.480578: do_swap_page: swapin tgid 2001 pid 2001 name "droid.launcher3" vma 9e588000
 droid.launcher3-2001  [004] ....  6978.480587: do_swap_page: swapin tgid 2001 pid 2001 name "droid.launcher3" vma 13318000
 droid.launcher3-2001  [004] ....  6978.480589: do_swap_page: swapin tgid 2001 pid 2001 name "droid.launcher3" vma 9e4a1000
 droid.launcher3-2001  [004] ....  6978.480717: do_swap_page: swapin tgid 2001 pid 2001 name "droid.launcher3" vma 9e4a1000
 droid.launcher3-2001  [004] ....  6978.480723: do_swap_page: swapin tgid 2001 pid 2001 name "droid.launcher3" vma 13319000
 droid.launcher3-2001  [004] ....  6978.480726: do_swap_page: swapin tgid 2001 pid 2001 name "droid.launcher3" vma 13327000
 droid.launcher3-2001  [004] ....  6978.480728: do_swap_page: swapin tgid 2001 pid 2001 name "droid.launcher3" vma 7eced0d000
 droid.launcher3-2001  [004] ....  6978.480734: do_swap_page: swapin tgid 2001 pid 2001 name "droid.launcher3" vma 7fbe22d000
 droid.launcher3-2001  [004] ....  6978.480736: do_swap_page: swapin tgid 2001 pid 2001 name "droid.launcher3" vma 7fbe22c000
 droid.launcher3-2001  [004] ....  6978.480740: do_swap_page: swapin tgid 2001 pid 2001 name "droid.launcher3" vma 9e4a2000
 droid.launcher3-2001  [004] ....  6978.480862: do_swap_page: swapin tgid 2001 pid 2001 name "droid.launcher3" vma 9e4a2000
