           <...>-2510  [004] ....  8660.880860: do_swap_page: swapin tgid 2001 pid 2510 name "RenderThread" vma 7f2d249000
           <...>-628   [004] ....  8660.881021: do_swap_page: swapin tgid 602 pid 628 name "Binder:602_2" vma 7fbbf52000
    RenderThread-6447  [004] ....  8660.881046: do_swap_page: swapin tgid 6297 pid 6447 name "RenderThread" vma 7ead32f000
    RenderThread-6447  [004] ....  8660.881052: do_swap_page: swapin tgid 6297 pid 6447 name "RenderThread" vma 7f2d201000
    RenderThread-6447  [004] ....  8660.881061: do_swap_page: swapin tgid 6297 pid 6447 name "RenderThread" vma 7f3988d000
    RenderThread-6447  [004] ....  8660.881063: do_swap_page: swapin tgid 6297 pid 6447 name "RenderThread" vma 7f3985a000
    RenderThread-6447  [004] ....  8660.881065: do_swap_page: swapin tgid 6297 pid 6447 name "RenderThread" vma 7f3987c000
    RenderThread-6447  [004] ....  8660.881118: do_swap_page: swapin tgid 6297 pid 6447 name "RenderThread" vma 7e7f55c000
    RenderThread-6447  [004] ....  8660.881133: do_swap_page: swapin tgid 6297 pid 6447 name "RenderThread" vma 7e7252e000
 android.display-1355  [004] ....  8660.881141: do_swap_page: swapin tgid 1330 pid 1355 name "android.display" vma 9e61c000
 android.display-1355  [004] ....  8660.881161: do_swap_page: swapin tgid 1330 pid 1355 name "android.display" vma 9e490000
 android.display-1355  [004] ....  8660.881164: do_swap_page: swapin tgid 1330 pid 1355 name "android.display" vma 9e722000
           <...>-7143  [004] ....  8660.881215: do_swap_page: swapin tgid 1330 pid 7143 name "RenderThread" vma 7eb91b7000
           <...>-7143  [004] ....  8660.881358: do_swap_page: swapin tgid 1330 pid 7143 name "RenderThread" vma 7ed0e64000
 android.display-1355  [004] ....  8660.881437: do_swap_page: swapin tgid 1330 pid 1355 name "android.display" vma 9e722000
 android.display-1355  [004] ....  8660.881445: do_swap_page: swapin tgid 1330 pid 1355 name "android.display" vma 9e510000
 android.display-1355  [004] ....  8660.881448: do_swap_page: swapin tgid 1330 pid 1355 name "android.display" vma 9e52e000
 android.display-1355  [004] ....  8660.881451: do_swap_page: swapin tgid 1330 pid 1355 name "android.display" vma 12c86000
 android.display-1355  [004] ....  8660.881485: do_swap_page: swapin tgid 1330 pid 1355 name "android.display" vma 9e7aa000
 droid.launcher3-2001  [004] ....  8660.881520: do_swap_page: swapin tgid 2001 pid 2001 name "droid.launcher3" vma 9e490000
 droid.launcher3-2001  [004] ....  8660.881525: do_swap_page: swapin tgid 2001 pid 2001 name "droid.launcher3" vma 9e48f000
 android.display-1355  [004] ....  8660.881602: do_swap_page: swapin tgid 1330 pid 1355 name "android.display" vma 9e7aa000
 android.display-1355  [004] ....  8660.881613: do_swap_page: swapin tgid 1330 pid 1355 name "android.display" vma 9e666000
 droid.launcher3-2001  [004] ....  8660.881683: do_swap_page: swapin tgid 2001 pid 2001 name "droid.launcher3" vma 9e48f000
 droid.launcher3-2001  [004] ....  8660.881688: do_swap_page: swapin tgid 2001 pid 2001 name "droid.launcher3" vma 7ececd5000
 droid.launcher3-2001  [004] ....  8660.881691: do_swap_page: swapin tgid 2001 pid 2001 name "droid.launcher3" vma 1331a000
 droid.launcher3-2001  [004] ....  8660.881693: do_swap_page: swapin tgid 2001 pid 2001 name "droid.launcher3" vma 9e475000
 android.display-1355  [004] ....  8660.881799: do_swap_page: swapin tgid 1330 pid 1355 name "android.display" vma 9e666000
 android.display-1355  [004] ....  8660.881805: do_swap_page: swapin tgid 1330 pid 1355 name "android.display" vma 9e657000
 droid.launcher3-2001  [004] ....  8660.881844: do_swap_page: swapin tgid 2001 pid 2001 name "droid.launcher3" vma 9e475000
 droid.launcher3-2001  [004] ....  8660.881849: do_swap_page: swapin tgid 2001 pid 2001 name "droid.launcher3" vma 9e474000
 android.display-1355  [004] ....  8660.881937: do_swap_page: swapin tgid 1330 pid 1355 name "android.display" vma 9e657000
 android.display-1355  [004] ....  8660.881946: do_swap_page: swapin tgid 1330 pid 1355 name "android.display" vma 9e4fb000
 android.display-1355  [004] ....  8660.881988: do_swap_page: swapin tgid 1330 pid 1355 name "android.display" vma 14069000
 android.display-1355  [004] ....  8660.881994: do_swap_page: swapin tgid 1330 pid 1355 name "android.display" vma 13d32000
 android.display-1355  [004] ....  8660.882002: do_swap_page: swapin tgid 1330 pid 1355 name "android.display" vma 7f28a21000
 android.display-1355  [004] ....  8660.882006: do_swap_page: swapin tgid 1330 pid 1355 name "android.display" vma 7eb9113000
 droid.launcher3-2001  [004] ....  8660.882030: do_swap_page: swapin tgid 2001 pid 2001 name "droid.launcher3" vma 9e474000
 droid.launcher3-2001  [004] ....  8660.882034: do_swap_page: swapin tgid 2001 pid 2001 name "droid.launcher3" vma 1331b000
 droid.launcher3-2001  [004] ....  8660.882037: do_swap_page: swapin tgid 2001 pid 2001 name "droid.launcher3" vma 7eca32d000
 droid.launcher3-2001  [004] ....  8660.882039: do_swap_page: swapin tgid 2001 pid 2001 name "droid.launcher3" vma 7eca32e000
 droid.launcher3-2001  [004] ....  8660.882049: do_swap_page: swapin tgid 2001 pid 2001 name "droid.launcher3" vma 9e4f2000
 droid.launcher3-2001  [004] ....  8660.882173: do_swap_page: swapin tgid 2001 pid 2001 name "droid.launcher3" vma 9e4f2000
 droid.launcher3-2001  [004] ....  8660.882176: do_swap_page: swapin tgid 2001 pid 2001 name "droid.launcher3" vma 9e598000
 android.display-1355  [004] ....  8660.882264: do_swap_page: swapin tgid 1330 pid 1355 name "android.display" vma 7eb9113000
 android.display-1355  [004] ....  8660.882270: do_swap_page: swapin tgid 1330 pid 1355 name "android.display" vma 7eb909c000
 droid.launcher3-2001  [004] ....  8660.882332: do_swap_page: swapin tgid 2001 pid 2001 name "droid.launcher3" vma 9e598000
 droid.launcher3-2001  [004] ....  8660.882338: do_swap_page: swapin tgid 2001 pid 2001 name "droid.launcher3" vma 9e54a000
 android.display-1355  [004] ....  8660.882467: do_swap_page: swapin tgid 1330 pid 1355 name "android.display" vma 7eb909c000
 android.display-1355  [004] ....  8660.882475: do_swap_page: swapin tgid 1330 pid 1355 name "android.display" vma 7f28b32000
 droid.launcher3-2001  [004] ....  8660.882503: do_swap_page: swapin tgid 2001 pid 2001 name "droid.launcher3" vma 9e54a000
 droid.launcher3-2001  [004] ....  8660.882515: do_swap_page: swapin tgid 2001 pid 2001 name "droid.launcher3" vma 7f2d276000
 droid.launcher3-2001  [004] ....  8660.882517: do_swap_page: swapin tgid 2001 pid 2001 name "droid.launcher3" vma 7eca001000
 droid.launcher3-2001  [004] ....  8660.882521: do_swap_page: swapin tgid 2001 pid 2001 name "droid.launcher3" vma 7f2d250000
 droid.launcher3-2001  [004] ....  8660.882530: do_swap_page: swapin tgid 2001 pid 2001 name "droid.launcher3" vma 12e44000
 droid.launcher3-2001  [004] ....  8660.882536: do_swap_page: swapin tgid 2001 pid 2001 name "droid.launcher3" vma 7f350d8000
 droid.launcher3-2001  [004] ....  8660.882546: do_swap_page: swapin tgid 2001 pid 2001 name "droid.launcher3" vma 7fbf5e3000
 android.display-1355  [004] ....  8660.882651: do_swap_page: swapin tgid 1330 pid 1355 name "android.display" vma 7f28b32000
 android.display-1355  [004] ....  8660.882658: do_swap_page: swapin tgid 1330 pid 1355 name "android.display" vma 7e6d264000
 android.display-1355  [004] ....  8660.882664: do_swap_page: swapin tgid 1330 pid 1355 name "android.display" vma 7e848b0000
 droid.launcher3-2001  [004] ....  8660.882762: do_swap_page: swapin tgid 2001 pid 2001 name "droid.launcher3" vma 7fbf5e3000
 droid.launcher3-2001  [004] ....  8660.882777: do_swap_page: swapin tgid 2001 pid 2001 name "droid.launcher3" vma 7eca2fc000
 droid.launcher3-2001  [004] ....  8660.882780: do_swap_page: swapin tgid 2001 pid 2001 name "droid.launcher3" vma 7eca2fd000
 droid.launcher3-2001  [004] ....  8660.882785: do_swap_page: swapin tgid 2001 pid 2001 name "droid.launcher3" vma 13d00000
 droid.launcher3-2001  [004] ....  8660.882790: do_swap_page: swapin tgid 2001 pid 2001 name "droid.launcher3" vma 7fbe254000
 droid.launcher3-2001  [004] ....  8660.882797: do_swap_page: swapin tgid 2001 pid 2001 name "droid.launcher3" vma 7fbdd7d000
 android.display-1355  [004] ....  8660.882838: do_swap_page: swapin tgid 1330 pid 1355 name "android.display" vma 7e848b0000
 android.display-1355  [004] ....  8660.882844: do_swap_page: swapin tgid 1330 pid 1355 name "android.display" vma 7f28a85000
 android.display-1355  [004] ....  8660.882847: do_swap_page: swapin tgid 1330 pid 1355 name "android.display" vma 7e6d31b000
 droid.launcher3-2001  [004] ....  8660.882935: do_swap_page: swapin tgid 2001 pid 2001 name "droid.launcher3" vma 7fbdd7d000
 droid.launcher3-2001  [004] ....  8660.882942: do_swap_page: swapin tgid 2001 pid 2001 name "droid.launcher3" vma 13150000
 droid.launcher3-2001  [004] ....  8660.882951: do_swap_page: swapin tgid 2001 pid 2001 name "droid.launcher3" vma 7245a000
 droid.launcher3-2001  [004] ....  8660.883086: do_swap_page: swapin tgid 2001 pid 2001 name "droid.launcher3" vma 7245a000
 droid.launcher3-2001  [004] ....  8660.883090: do_swap_page: swapin tgid 2001 pid 2001 name "droid.launcher3" vma 725c7000
 android.display-1355  [004] ....  8660.883104: do_swap_page: swapin tgid 1330 pid 1355 name "android.display" vma 7e6d31b000
 android.display-1355  [004] ....  8660.883110: do_swap_page: swapin tgid 1330 pid 1355 name "android.display" vma 7e6d211000
 android.display-1355  [004] ....  8660.883114: do_swap_page: swapin tgid 1330 pid 1355 name "android.display" vma 7fbe30f000
 droid.launcher3-2001  [004] ....  8660.883195: do_swap_page: swapin tgid 2001 pid 2001 name "droid.launcher3" vma 725c7000
 droid.launcher3-2001  [004] ....  8660.883201: do_swap_page: swapin tgid 2001 pid 2001 name "droid.launcher3" vma 13d14000
 droid.launcher3-2001  [004] ....  8660.883345: do_swap_page: swapin tgid 2001 pid 2001 name "droid.launcher3" vma 13d14000
 droid.launcher3-2001  [004] ....  8660.883347: do_swap_page: swapin tgid 2001 pid 2001 name "droid.launcher3" vma 13d15000
 droid.launcher3-2001  [004] ....  8660.883365: do_swap_page: swapin tgid 2001 pid 2001 name "droid.launcher3" vma 7fbe272000
 droid.launcher3-2001  [004] ....  8660.883369: do_swap_page: swapin tgid 2001 pid 2001 name "droid.launcher3" vma 7f395f1000
 android.display-1355  [004] ....  8660.883387: do_swap_page: swapin tgid 1330 pid 1355 name "android.display" vma 7fbe30f000
 android.display-1355  [004] ....  8660.883392: do_swap_page: swapin tgid 1330 pid 1355 name "android.display" vma 7f28b58000
 android.display-1355  [004] ....  8660.883402: do_swap_page: swapin tgid 1330 pid 1355 name "android.display" vma 14265000
 android.display-1355  [004] ....  8660.883420: do_swap_page: swapin tgid 1330 pid 1355 name "android.display" vma 7f28987000
 android.display-1355  [004] ....  8660.883425: do_swap_page: swapin tgid 1330 pid 1355 name "android.display" vma 7e6d2b3000
 droid.launcher3-2001  [004] ....  8660.883550: do_swap_page: swapin tgid 2001 pid 2001 name "droid.launcher3" vma 7f395f1000
 droid.launcher3-2001  [004] ....  8660.883565: do_swap_page: swapin tgid 2001 pid 2001 name "droid.launcher3" vma 13140000
 droid.launcher3-2001  [004] ....  8660.883570: do_swap_page: swapin tgid 2001 pid 2001 name "droid.launcher3" vma 12f00000
 droid.launcher3-2001  [004] ....  8660.883573: do_swap_page: swapin tgid 2001 pid 2001 name "droid.launcher3" vma 12f33000
 droid.launcher3-2001  [004] ....  8660.883591: do_swap_page: swapin tgid 2001 pid 2001 name "droid.launcher3" vma 9e56d000
 android.display-1355  [004] ....  8660.883616: do_swap_page: swapin tgid 1330 pid 1355 name "android.display" vma 7e6d2b3000
 android.display-1355  [004] ....  8660.883623: do_swap_page: swapin tgid 1330 pid 1355 name "android.display" vma 7e846a5000
 android.display-1355  [004] ....  8660.883643: do_swap_page: swapin tgid 1330 pid 1355 name "android.display" vma 12c83000
 android.display-1355  [004] ....  8660.883648: do_swap_page: swapin tgid 1330 pid 1355 name "android.display" vma 9e62e000
 droid.launcher3-2001  [004] ....  8660.883711: do_swap_page: swapin tgid 2001 pid 2001 name "droid.launcher3" vma 9e56d000
 droid.launcher3-2001  [004] ....  8660.883719: do_swap_page: swapin tgid 2001 pid 2001 name "droid.launcher3" vma 132fe000
 droid.launcher3-2001  [004] ....  8660.883781: do_swap_page: swapin tgid 2001 pid 2001 name "droid.launcher3" vma 7fbf700000
 droid.launcher3-2001  [004] ....  8660.883790: do_swap_page: swapin tgid 2001 pid 2001 name "droid.launcher3" vma 7f28b3c000
 droid.launcher3-2001  [004] ....  8660.883800: do_swap_page: swapin tgid 2001 pid 2001 name "droid.launcher3" vma 7f2d24b000
 android.display-1355  [004] ....  8660.883855: do_swap_page: swapin tgid 1330 pid 1355 name "android.display" vma 9e62e000
 android.display-1355  [004] ....  8660.883864: do_swap_page: swapin tgid 1330 pid 1355 name "android.display" vma 1510d000
 droid.launcher3-2001  [004] ....  8660.883982: do_swap_page: swapin tgid 2001 pid 2001 name "droid.launcher3" vma 7f2d24b000
 android.display-1355  [004] ....  8660.884199: do_swap_page: swapin tgid 1330 pid 1355 name "android.display" vma 1510d000
 android.display-1355  [004] ....  8660.884209: do_swap_page: swapin tgid 1330 pid 1355 name "android.display" vma 1510c000
   Binder:1330_9-2061  [004] ....  8660.884257: do_swap_page: swapin tgid 1330 pid 2061 name "Binder:1330_9" vma 7e6d410000
   Binder:1330_9-2061  [004] ....  8660.884326: do_swap_page: swapin tgid 1330 pid 2061 name "Binder:1330_9" vma 7f2d81f000
   Binder:1330_9-2061  [004] ....  8660.884333: do_swap_page: swapin tgid 1330 pid 2061 name "Binder:1330_9" vma 7f2d829000
   Binder:1330_9-2061  [004] ....  8660.884336: do_swap_page: swapin tgid 1330 pid 2061 name "Binder:1330_9" vma 7f2d81a000
   Binder:1330_9-2061  [004] ....  8660.884344: do_swap_page: swapin tgid 1330 pid 2061 name "Binder:1330_9" vma 7f2d808000
   Binder:1330_9-2061  [004] ....  8660.884346: do_swap_page: swapin tgid 1330 pid 2061 name "Binder:1330_9" vma 7f2d80b000
           <...>-1475  [004] ....  8660.884417: do_swap_page: swapin tgid 1330 pid 1475 name "InputDispatcher" vma 7e5c46b000
 droid.launcher3-2001  [004] ....  8660.884441: do_swap_page: swapin tgid 2001 pid 2001 name "droid.launcher3" vma 7ecea9e000
 droid.launcher3-2001  [004] ....  8660.884461: do_swap_page: swapin tgid 2001 pid 2001 name "droid.launcher3" vma 13d21000
 droid.launcher3-2001  [004] ....  8660.884466: do_swap_page: swapin tgid 2001 pid 2001 name "droid.launcher3" vma 7fbe1d3000
 droid.launcher3-2001  [004] ....  8660.884468: do_swap_page: swapin tgid 2001 pid 2001 name "droid.launcher3" vma 7fbe349000
 droid.launcher3-2001  [004] ....  8660.884475: do_swap_page: swapin tgid 2001 pid 2001 name "droid.launcher3" vma 7f289b2000
 droid.launcher3-2001  [004] ....  8660.884480: do_swap_page: swapin tgid 2001 pid 2001 name "droid.launcher3" vma 7fbe166000
 droid.launcher3-2001  [004] ....  8660.884482: do_swap_page: swapin tgid 2001 pid 2001 name "droid.launcher3" vma 7f28b56000
 droid.launcher3-2001  [004] ....  8660.884497: do_swap_page: swapin tgid 2001 pid 2001 name "droid.launcher3" vma 7f28b4b000
 droid.launcher3-2001  [004] ....  8660.884501: do_swap_page: swapin tgid 2001 pid 2001 name "droid.launcher3" vma 7fbe1d0000
 android.display-1355  [004] ....  8660.884578: do_swap_page: swapin tgid 1330 pid 1355 name "android.display" vma 1510c000
 android.display-1355  [004] ....  8660.884584: do_swap_page: swapin tgid 1330 pid 1355 name "android.display" vma 1510e000
           <...>-1353  [004] ....  8660.884616: do_swap_page: swapin tgid 1330 pid 1353 name "android.ui" vma 7f2895f000
           <...>-1353  [004] ....  8660.884620: do_swap_page: swapin tgid 1330 pid 1353 name "android.ui" vma 7e5c88d000
           <...>-1353  [004] ....  8660.884627: do_swap_page: swapin tgid 1330 pid 1353 name "android.ui" vma 7e5c88e000
           <...>-1353  [004] ....  8660.884655: do_swap_page: swapin tgid 1330 pid 1353 name "android.ui" vma 7e5c88b000
           <...>-1353  [004] ....  8660.884659: do_swap_page: swapin tgid 1330 pid 1353 name "android.ui" vma 7eb8ae4000
           <...>-1353  [004] ....  8660.884730: do_swap_page: swapin tgid 1330 pid 1353 name "android.ui" vma 7f2d669000
           <...>-1353  [004] ....  8660.884735: do_swap_page: swapin tgid 1330 pid 1353 name "android.ui" vma 7f2d66a000
 android.display-1355  [004] ....  8660.884900: do_swap_page: swapin tgid 1330 pid 1355 name "android.display" vma 1510e000
 android.display-1355  [004] ....  8660.884929: do_swap_page: swapin tgid 1330 pid 1355 name "android.display" vma 1510b000
 ndroid.systemui-1670  [004] ....  8660.884965: do_swap_page: swapin tgid 1670 pid 1670 name "ndroid.systemui" vma 7f28b0f000
 ndroid.systemui-1670  [004] ....  8660.884972: do_swap_page: swapin tgid 1670 pid 1670 name "ndroid.systemui" vma 7f28f69000
 ndroid.systemui-1670  [004] ....  8660.885012: do_swap_page: swapin tgid 1670 pid 1670 name "ndroid.systemui" vma 7ebb22b000
 android.display-1355  [004] ....  8660.885120: do_swap_page: swapin tgid 1330 pid 1355 name "android.display" vma 1510b000
 android.display-1355  [004] ....  8660.885158: do_swap_page: swapin tgid 1330 pid 1355 name "android.display" vma 7ed0ba7000
 android.display-1355  [004] ....  8660.885166: do_swap_page: swapin tgid 1330 pid 1355 name "android.display" vma 15104000
 android.display-1355  [004] ....  8660.885290: do_swap_page: swapin tgid 1330 pid 1355 name "android.display" vma 15104000
 android.display-1355  [004] ....  8660.885323: do_swap_page: swapin tgid 1330 pid 1355 name "android.display" vma 9e57a000
 android.display-1355  [004] ....  8660.885489: do_swap_page: swapin tgid 1330 pid 1355 name "android.display" vma 9e57a000
 android.display-1355  [004] ....  8660.885496: do_swap_page: swapin tgid 1330 pid 1355 name "android.display" vma 7f2d6b3000
 android.display-1355  [004] ....  8660.885577: do_swap_page: swapin tgid 1330 pid 1355 name "android.display" vma 9e658000
     logd.writer-565   [004] ....  8660.885618: do_swap_page: swapin tgid 555 pid 565 name "logd.writer" vma 7fb27db000
     logd.writer-565   [004] ....  8660.885651: do_swap_page: swapin tgid 555 pid 565 name "logd.writer" vma 7fbbef0000
     logd.writer-565   [004] ....  8660.885660: do_swap_page: swapin tgid 555 pid 565 name "logd.writer" vma 7fbbf06000
     logd.writer-565   [004] ....  8660.885662: do_swap_page: swapin tgid 555 pid 565 name "logd.writer" vma 7fbbf0d000
 android.display-1355  [004] ....  8660.885700: do_swap_page: swapin tgid 1330 pid 1355 name "android.display" vma 9e658000
 android.display-1355  [004] ....  8660.885707: do_swap_page: swapin tgid 1330 pid 1355 name "android.display" vma 12c85000
 android.display-1355  [004] ....  8660.885801: do_swap_page: swapin tgid 1330 pid 1355 name "android.display" vma 7eb937e000
 android.display-1355  [004] ....  8660.885805: do_swap_page: swapin tgid 1330 pid 1355 name "android.display" vma 7eb935f000
 android.display-1355  [004] ....  8660.885820: do_swap_page: swapin tgid 1330 pid 1355 name "android.display" vma 7e5de91000
 android.display-1355  [004] ....  8660.885836: do_swap_page: swapin tgid 1330 pid 1355 name "android.display" vma 7f28b39000
 android.display-1355  [004] ....  8660.885863: do_swap_page: swapin tgid 1330 pid 1355 name "android.display" vma 7f2d6bb000
 android.display-1355  [004] ....  8660.885906: do_swap_page: swapin tgid 1330 pid 1355 name "android.display" vma 7eb43ac000
 android.display-1355  [004] ....  8660.885978: do_swap_page: swapin tgid 1330 pid 1355 name "android.display" vma 7e84734000
 android.display-1355  [004] ....  8660.886010: do_swap_page: swapin tgid 1330 pid 1355 name "android.display" vma 13a1f000
 android.display-1355  [004] ....  8660.886020: do_swap_page: swapin tgid 1330 pid 1355 name "android.display" vma 13e60000
 android.display-1355  [004] ....  8660.886044: do_swap_page: swapin tgid 1330 pid 1355 name "android.display" vma 7e5c349000
 android.display-1355  [004] ....  8660.886075: do_swap_page: swapin tgid 1330 pid 1355 name "android.display" vma 7e5c34c000
 android.display-1355  [004] ....  8660.886104: do_swap_page: swapin tgid 1330 pid 1355 name "android.display" vma 7f28ac1000
 android.display-1355  [004] ....  8660.886170: do_swap_page: swapin tgid 1330 pid 1355 name "android.display" vma 7ed0daf000
 android.display-1355  [004] ....  8660.886190: do_swap_page: swapin tgid 1330 pid 1355 name "android.display" vma 7e847b0000
 android.display-1355  [004] ....  8660.886211: do_swap_page: swapin tgid 1330 pid 1355 name "android.display" vma 7e6d4ac000
 android.display-1355  [004] ....  8660.886254: do_swap_page: swapin tgid 1330 pid 1355 name "android.display" vma 7fbe294000
           <...>-1360  [004] ....  8660.886305: do_swap_page: swapin tgid 1330 pid 1360 name "android.bg" vma 141e0000
           <...>-1360  [004] ....  8660.886312: do_swap_page: swapin tgid 1330 pid 1360 name "android.bg" vma 9e77f000
           <...>-1546  [004] ....  8660.886340: do_swap_page: swapin tgid 1330 pid 1546 name "AudioService" vma 7e86c5c000
           <...>-1546  [004] ....  8660.886348: do_swap_page: swapin tgid 1330 pid 1546 name "AudioService" vma 7e86c5d000
           <...>-1694  [004] ....  8660.886398: do_swap_page: swapin tgid 1670 pid 1694 name "Binder:1670_1" vma 7f28f58000
           <...>-1694  [004] ....  8660.886411: do_swap_page: swapin tgid 1670 pid 1694 name "Binder:1670_1" vma 7fbe34a000
           <...>-1694  [004] ....  8660.886420: do_swap_page: swapin tgid 1670 pid 1694 name "Binder:1670_1" vma 136fb000
           <...>-1694  [004] ....  8660.886473: do_swap_page: swapin tgid 1670 pid 1694 name "Binder:1670_1" vma 7f2d767000
           <...>-1694  [004] ....  8660.886476: do_swap_page: swapin tgid 1670 pid 1694 name "Binder:1670_1" vma 7f2d68a000
           <...>-2191  [004] ....  8660.886515: do_swap_page: swapin tgid 1770 pid 2191 name "Binder:1770_3" vma 7f2d668000
           <...>-2191  [004] ....  8660.886523: do_swap_page: swapin tgid 1770 pid 2191 name "Binder:1770_3" vma 7f2dc87000
           <...>-2191  [004] ....  8660.886527: do_swap_page: swapin tgid 1770 pid 2191 name "Binder:1770_3" vma 7f2dc88000
           <...>-1874  [004] ....  8660.886564: do_swap_page: swapin tgid 1849 pid 1874 name "Binder:1849_1" vma 7f2d668000
           <...>-1874  [004] ....  8660.886570: do_swap_page: swapin tgid 1849 pid 1874 name "Binder:1849_1" vma 7f2e187000
           <...>-1874  [004] ....  8660.886574: do_swap_page: swapin tgid 1849 pid 1874 name "Binder:1849_1" vma 7f2e188000
           <...>-2114  [004] ....  8660.886620: do_swap_page: swapin tgid 1876 pid 2114 name "Binder:1876_5" vma 7f2d668000
           <...>-2114  [004] ....  8660.886631: do_swap_page: swapin tgid 1876 pid 2114 name "Binder:1876_5" vma 7f2dba5000
           <...>-2114  [004] ....  8660.886638: do_swap_page: swapin tgid 1876 pid 2114 name "Binder:1876_5" vma 7f2dba6000
           <...>-2238  [004] ....  8660.886680: do_swap_page: swapin tgid 1888 pid 2238 name "Binder:1888_6" vma 7fbe241000
           <...>-2056  [004] ....  8660.886711: do_swap_page: swapin tgid 1957 pid 2056 name "Binder:1957_4" vma 7f28b4b000
           <...>-2056  [004] ....  8660.886741: do_swap_page: swapin tgid 1957 pid 2056 name "Binder:1957_4" vma 7f2dcc5000
           <...>-2056  [004] ....  8660.886745: do_swap_page: swapin tgid 1957 pid 2056 name "Binder:1957_4" vma 7f2dcc6000
           <...>-2026  [004] ....  8660.886774: do_swap_page: swapin tgid 2001 pid 2026 name "Binder:2001_2" vma 7f28a4e000
           <...>-2026  [004] ....  8660.886782: do_swap_page: swapin tgid 2001 pid 2026 name "Binder:2001_2" vma 7f2e08a000
           <...>-2026  [004] ....  8660.886786: do_swap_page: swapin tgid 2001 pid 2026 name "Binder:2001_2" vma 7f2e08b000
           <...>-3160  [004] ....  8660.886833: do_swap_page: swapin tgid 2266 pid 3160 name "Binder:2266_6" vma 7fbe2f3000
           <...>-3160  [004] ....  8660.886841: do_swap_page: swapin tgid 2266 pid 3160 name "Binder:2266_6" vma 7fbe241000
   Binder:2452_4-2820  [004] ....  8660.886875: do_swap_page: swapin tgid 2452 pid 2820 name "Binder:2452_4" vma 7f2d755000
   Binder:2452_4-2820  [004] ....  8660.886885: do_swap_page: swapin tgid 2452 pid 2820 name "Binder:2452_4" vma 7ec7290000
   Binder:2452_4-2820  [004] ....  8660.886889: do_swap_page: swapin tgid 2452 pid 2820 name "Binder:2452_4" vma 7ec7291000
           <...>-2506  [004] ....  8660.886944: do_swap_page: swapin tgid 2483 pid 2506 name "Binder:2483_3" vma 7f28abc000
           <...>-2506  [004] ....  8660.886953: do_swap_page: swapin tgid 2483 pid 2506 name "Binder:2483_3" vma 7f2df8d000
           <...>-2506  [004] ....  8660.886956: do_swap_page: swapin tgid 2483 pid 2506 name "Binder:2483_3" vma 7f2df8e000
           <...>-2532  [004] ....  8660.886985: do_swap_page: swapin tgid 2514 pid 2532 name "Binder:2514_1" vma 7f2d653000
           <...>-2532  [004] ....  8660.886995: do_swap_page: swapin tgid 2514 pid 2532 name "Binder:2514_1" vma 7f2e187000
           <...>-2532  [004] ....  8660.886999: do_swap_page: swapin tgid 2514 pid 2532 name "Binder:2514_1" vma 7f2e188000
           <...>-2557  [004] ....  8660.887027: do_swap_page: swapin tgid 2534 pid 2557 name "Binder:2534_3" vma 7f28a4e000
           <...>-2557  [004] ....  8660.887034: do_swap_page: swapin tgid 2534 pid 2557 name "Binder:2534_3" vma 7f2df8d000
           <...>-2557  [004] ....  8660.887037: do_swap_page: swapin tgid 2534 pid 2557 name "Binder:2534_3" vma 7f2df8e000
  Binder:2560_10-24002 [004] ....  8660.887067: do_swap_page: swapin tgid 2560 pid 24002 name "Binder:2560_10" vma 7f2d6fd000
  Binder:2560_10-24002 [004] ....  8660.887118: do_swap_page: swapin tgid 2560 pid 24002 name "Binder:2560_10" vma 7ebcbd8000
  Binder:2560_10-24002 [004] ....  8660.887123: do_swap_page: swapin tgid 2560 pid 24002 name "Binder:2560_10" vma 7ebcbd9000
           <...>-2646  [004] ....  8660.887148: do_swap_page: swapin tgid 2578 pid 2646 name "Binder:2578_3" vma 7f2d668000
           <...>-2646  [004] ....  8660.887176: do_swap_page: swapin tgid 2578 pid 2646 name "Binder:2578_3" vma 7f2ddd5000
           <...>-2646  [004] ....  8660.887180: do_swap_page: swapin tgid 2578 pid 2646 name "Binder:2578_3" vma 7f2ddd6000
           <...>-3668  [004] ....  8660.887222: do_swap_page: swapin tgid 2648 pid 3668 name "Binder:2648_7" vma 7f2d6f6000
           <...>-3668  [004] ....  8660.887233: do_swap_page: swapin tgid 2648 pid 3668 name "Binder:2648_7" vma 7f29ede000
           <...>-3668  [004] ....  8660.887237: do_swap_page: swapin tgid 2648 pid 3668 name "Binder:2648_7" vma 7f29edf000
           <...>-5539  [004] ....  8660.887289: do_swap_page: swapin tgid 5231 pid 5539 name "Binder:5231_3" vma 7f28b4b000
           <...>-5539  [004] ....  8660.887299: do_swap_page: swapin tgid 5231 pid 5539 name "Binder:5231_3" vma 7f28cd5000
           <...>-5539  [004] ....  8660.887302: do_swap_page: swapin tgid 5231 pid 5539 name "Binder:5231_3" vma 7f28cd6000
   Binder:5403_3-5423  [004] ....  8660.887335: do_swap_page: swapin tgid 5403 pid 5423 name "Binder:5403_3" vma 7f28a4e000
   Binder:5403_3-5423  [004] ....  8660.887346: do_swap_page: swapin tgid 5403 pid 5423 name "Binder:5403_3" vma 7f2df8d000
   Binder:5403_3-5423  [004] ....  8660.887350: do_swap_page: swapin tgid 5403 pid 5423 name "Binder:5403_3" vma 7f2df8e000
           <...>-5871  [004] ....  8660.887372: do_swap_page: swapin tgid 5852 pid 5871 name "Binder:5852_3" vma 7f28a4e000
           <...>-5871  [004] ....  8660.887382: do_swap_page: swapin tgid 5852 pid 5871 name "Binder:5852_3" vma 7f2df8d000
           <...>-5871  [004] ....  8660.887388: do_swap_page: swapin tgid 5852 pid 5871 name "Binder:5852_3" vma 7f2df8e000
 ScreenDecoratio-2250  [004] ....  8660.887422: do_swap_page: swapin tgid 1670 pid 2250 name "ScreenDecoratio" vma 7ec9c95000
 ScreenDecoratio-2250  [004] ....  8660.887451: do_swap_page: swapin tgid 1670 pid 2250 name "ScreenDecoratio" vma 7ec9c96000
 ScreenDecoratio-2250  [004] ....  8660.887455: do_swap_page: swapin tgid 1670 pid 2250 name "ScreenDecoratio" vma 7f28dc8000
 ScreenDecoratio-2250  [004] ....  8660.887463: do_swap_page: swapin tgid 1670 pid 2250 name "ScreenDecoratio" vma 7ec9c94000
 ScreenDecoratio-2250  [004] ....  8660.887468: do_swap_page: swapin tgid 1670 pid 2250 name "ScreenDecoratio" vma 7ec9c93000
           <...>-1546  [004] ....  8660.887511: do_swap_page: swapin tgid 1330 pid 1546 name "AudioService" vma 7e86c5d000
           <...>-1546  [004] ....  8660.887519: do_swap_page: swapin tgid 1330 pid 1546 name "AudioService" vma 7eb931b000
           <...>-1546  [004] ....  8660.887522: do_swap_page: swapin tgid 1330 pid 1546 name "AudioService" vma 7eb931c000
           <...>-1546  [004] ....  8660.887525: do_swap_page: swapin tgid 1330 pid 1546 name "AudioService" vma 7e86c5b000
           <...>-1546  [004] ....  8660.887530: do_swap_page: swapin tgid 1330 pid 1546 name "AudioService" vma 7e86c5a000
           <...>-2557  [004] ....  8660.887556: do_swap_page: swapin tgid 2534 pid 2557 name "Binder:2534_3" vma 7f2df8e000
           <...>-2557  [004] ....  8660.887562: do_swap_page: swapin tgid 2534 pid 2557 name "Binder:2534_3" vma 7f289fc000
           <...>-2557  [004] ....  8660.887567: do_swap_page: swapin tgid 2534 pid 2557 name "Binder:2534_3" vma 7fbe180000
           <...>-2557  [004] ....  8660.887596: do_swap_page: swapin tgid 2534 pid 2557 name "Binder:2534_3" vma 7fbe22b000
           <...>-2557  [004] ....  8660.887599: do_swap_page: swapin tgid 2534 pid 2557 name "Binder:2534_3" vma 7f28ac2000
           <...>-3668  [004] ....  8660.887624: do_swap_page: swapin tgid 2648 pid 3668 name "Binder:2648_7" vma 7f29edf000
           <...>-3668  [004] ....  8660.887631: do_swap_page: swapin tgid 2648 pid 3668 name "Binder:2648_7" vma 7f2d6f5000
           <...>-3668  [004] ....  8660.887635: do_swap_page: swapin tgid 2648 pid 3668 name "Binder:2648_7" vma 7fbe180000
           <...>-3668  [004] ....  8660.887650: do_swap_page: swapin tgid 2648 pid 3668 name "Binder:2648_7" vma 7f2d621000
           <...>-3668  [004] ....  8660.887659: do_swap_page: swapin tgid 2648 pid 3668 name "Binder:2648_7" vma 7f2d616000
           <...>-2532  [004] ....  8660.887696: do_swap_page: swapin tgid 2514 pid 2532 name "Binder:2514_1" vma 7f2e188000
           <...>-2532  [004] ....  8660.887707: do_swap_page: swapin tgid 2514 pid 2532 name "Binder:2514_1" vma 7f2d651000
           <...>-2532  [004] ....  8660.887711: do_swap_page: swapin tgid 2514 pid 2532 name "Binder:2514_1" vma 7fbe180000
           <...>-2532  [004] ....  8660.887721: do_swap_page: swapin tgid 2514 pid 2532 name "Binder:2514_1" vma 7f2d615000
           <...>-2532  [004] ....  8660.887723: do_swap_page: swapin tgid 2514 pid 2532 name "Binder:2514_1" vma 7f2d61f000
           <...>-2506  [004] ....  8660.887748: do_swap_page: swapin tgid 2483 pid 2506 name "Binder:2483_3" vma 7f2df8e000
           <...>-2506  [004] ....  8660.887754: do_swap_page: swapin tgid 2483 pid 2506 name "Binder:2483_3" vma 7f28b57000
           <...>-2506  [004] ....  8660.887756: do_swap_page: swapin tgid 2483 pid 2506 name "Binder:2483_3" vma 7fbe180000
           <...>-2506  [004] ....  8660.887759: do_swap_page: swapin tgid 2483 pid 2506 name "Binder:2483_3" vma 7fbe1d0000
           <...>-1874  [004] ....  8660.887910: do_swap_page: swapin tgid 1849 pid 1874 name "Binder:1849_1" vma 7f2e188000
           <...>-1874  [004] ....  8660.887945: do_swap_page: swapin tgid 1849 pid 1874 name "Binder:1849_1" vma 7f2d666000
           <...>-1874  [004] ....  8660.887950: do_swap_page: swapin tgid 1849 pid 1874 name "Binder:1849_1" vma 7fbe180000
           <...>-1874  [004] ....  8660.887955: do_swap_page: swapin tgid 1849 pid 1874 name "Binder:1849_1" vma 7f2d687000
   Binder:2452_4-2820  [004] ....  8660.887977: do_swap_page: swapin tgid 2452 pid 2820 name "Binder:2452_4" vma 7ec7291000
   Binder:2452_4-2820  [004] ....  8660.887983: do_swap_page: swapin tgid 2452 pid 2820 name "Binder:2452_4" vma 7f2d6a6000
   Binder:2452_4-2820  [004] ....  8660.887988: do_swap_page: swapin tgid 2452 pid 2820 name "Binder:2452_4" vma 7fbe180000
   Binder:2452_4-2820  [004] ....  8660.887992: do_swap_page: swapin tgid 2452 pid 2820 name "Binder:2452_4" vma 7f2d673000
           <...>-2026  [004] ....  8660.888020: do_swap_page: swapin tgid 2001 pid 2026 name "Binder:2001_2" vma 7f2e08b000
           <...>-2026  [004] ....  8660.888026: do_swap_page: swapin tgid 2001 pid 2026 name "Binder:2001_2" vma 7f289fc000
           <...>-2026  [004] ....  8660.888039: do_swap_page: swapin tgid 2001 pid 2026 name "Binder:2001_2" vma 7fbe22b000
           <...>-2026  [004] ....  8660.888042: do_swap_page: swapin tgid 2001 pid 2026 name "Binder:2001_2" vma 7f28b58000
           <...>-2026  [004] ....  8660.888045: do_swap_page: swapin tgid 2001 pid 2026 name "Binder:2001_2" vma 7fbe241000
           <...>-2238  [004] ....  8660.888086: do_swap_page: swapin tgid 1888 pid 2238 name "Binder:1888_6" vma 7fbe241000
           <...>-2238  [004] ....  8660.888121: do_swap_page: swapin tgid 1888 pid 2238 name "Binder:1888_6" vma 7f2d6e5000
           <...>-2238  [004] ....  8660.888129: do_swap_page: swapin tgid 1888 pid 2238 name "Binder:1888_6" vma 14822000
 m.android.phone-1888  [004] ....  8660.888213: do_swap_page: swapin tgid 1888 pid 1888 name "m.android.phone" vma 147d6000
 m.android.phone-1888  [004] ....  8660.888218: do_swap_page: swapin tgid 1888 pid 1888 name "m.android.phone" vma 1475a000
 m.android.phone-1888  [004] ....  8660.888232: do_swap_page: swapin tgid 1888 pid 1888 name "m.android.phone" vma 14759000
 m.android.phone-1888  [004] ....  8660.888234: do_swap_page: swapin tgid 1888 pid 1888 name "m.android.phone" vma 147da000
 m.android.phone-1888  [004] ....  8660.888242: do_swap_page: swapin tgid 1888 pid 1888 name "m.android.phone" vma 12cf6000
 m.android.phone-1888  [004] ....  8660.888247: do_swap_page: swapin tgid 1888 pid 1888 name "m.android.phone" vma 7f28b2c000
 m.android.phone-1888  [004] ....  8660.888255: do_swap_page: swapin tgid 1888 pid 1888 name "m.android.phone" vma 7f2d145000
           <...>-2056  [004] ....  8660.888282: do_swap_page: swapin tgid 1957 pid 2056 name "Binder:1957_4" vma 7f2dcc6000
           <...>-2056  [004] ....  8660.888289: do_swap_page: swapin tgid 1957 pid 2056 name "Binder:1957_4" vma 7f28b56000
           <...>-2056  [004] ....  8660.888291: do_swap_page: swapin tgid 1957 pid 2056 name "Binder:1957_4" vma 7fbe180000
           <...>-2056  [004] ....  8660.888298: do_swap_page: swapin tgid 1957 pid 2056 name "Binder:1957_4" vma 7fbe1fb000
           <...>-2114  [004] ....  8660.888349: do_swap_page: swapin tgid 1876 pid 2114 name "Binder:1876_5" vma 7f2dba6000
           <...>-2114  [004] ....  8660.888357: do_swap_page: swapin tgid 1876 pid 2114 name "Binder:1876_5" vma 7f2d667000
           <...>-2114  [004] ....  8660.888361: do_swap_page: swapin tgid 1876 pid 2114 name "Binder:1876_5" vma 7fbe180000
           <...>-2114  [004] ....  8660.888365: do_swap_page: swapin tgid 1876 pid 2114 name "Binder:1876_5" vma 7f2d6b2000
           <...>-2114  [004] ....  8660.888373: do_swap_page: swapin tgid 1876 pid 2114 name "Binder:1876_5" vma 7f2d615000
           <...>-2114  [004] ....  8660.888375: do_swap_page: swapin tgid 1876 pid 2114 name "Binder:1876_5" vma 7f2d61f000
           <...>-2191  [004] ....  8660.888410: do_swap_page: swapin tgid 1770 pid 2191 name "Binder:1770_3" vma 7f2dc88000
           <...>-2191  [004] ....  8660.888416: do_swap_page: swapin tgid 1770 pid 2191 name "Binder:1770_3" vma 7f2d667000
           <...>-2191  [004] ....  8660.888418: do_swap_page: swapin tgid 1770 pid 2191 name "Binder:1770_3" vma 7fbe180000
           <...>-2191  [004] ....  8660.888422: do_swap_page: swapin tgid 1770 pid 2191 name "Binder:1770_3" vma 7f2d673000
           <...>-5871  [004] ....  8660.888464: do_swap_page: swapin tgid 5852 pid 5871 name "Binder:5852_3" vma 7f2df8e000
           <...>-5871  [004] ....  8660.888471: do_swap_page: swapin tgid 5852 pid 5871 name "Binder:5852_3" vma 7f28b5c000
           <...>-5871  [004] ....  8660.888475: do_swap_page: swapin tgid 5852 pid 5871 name "Binder:5852_3" vma 7fbe180000
           <...>-5871  [004] ....  8660.888479: do_swap_page: swapin tgid 5852 pid 5871 name "Binder:5852_3" vma 7fbe2fc000
  Binder:2560_10-24002 [004] ....  8660.888504: do_swap_page: swapin tgid 2560 pid 24002 name "Binder:2560_10" vma 7ebcbd9000
  Binder:2560_10-24002 [004] ....  8660.888510: do_swap_page: swapin tgid 2560 pid 24002 name "Binder:2560_10" vma 7f2d783000
  Binder:2560_10-24002 [004] ....  8660.888515: do_swap_page: swapin tgid 2560 pid 24002 name "Binder:2560_10" vma 7fbe180000
  Binder:2560_10-24002 [004] ....  8660.888523: do_swap_page: swapin tgid 2560 pid 24002 name "Binder:2560_10" vma 7f2d71c000
  Binder:2560_10-24002 [004] ....  8660.888533: do_swap_page: swapin tgid 2560 pid 24002 name "Binder:2560_10" vma 7eb91ff000
  Binder:2560_10-24002 [004] ....  8660.888536: do_swap_page: swapin tgid 2560 pid 24002 name "Binder:2560_10" vma 7f2d61f000
  Binder:2560_10-24002 [004] ....  8660.888539: do_swap_page: swapin tgid 2560 pid 24002 name "Binder:2560_10" vma 7eb925d000
  Binder:2560_10-24002 [004] ....  8660.888544: do_swap_page: swapin tgid 2560 pid 24002 name "Binder:2560_10" vma 7fba2f9000
  Binder:2560_10-24002 [004] ....  8660.888546: do_swap_page: swapin tgid 2560 pid 24002 name "Binder:2560_10" vma 7fbe2f3000
  Binder:2560_10-24002 [004] ....  8660.888549: do_swap_page: swapin tgid 2560 pid 24002 name "Binder:2560_10" vma 7fbe241000
           <...>-2646  [004] ....  8660.888567: do_swap_page: swapin tgid 2578 pid 2646 name "Binder:2578_3" vma 7f2ddd6000
           <...>-2646  [004] ....  8660.888592: do_swap_page: swapin tgid 2578 pid 2646 name "Binder:2578_3" vma 7f2d667000
           <...>-2646  [004] ....  8660.888597: do_swap_page: swapin tgid 2578 pid 2646 name "Binder:2578_3" vma 7fbe180000
           <...>-2646  [004] ....  8660.888606: do_swap_page: swapin tgid 2578 pid 2646 name "Binder:2578_3" vma 7f2d615000
           <...>-2646  [004] ....  8660.888608: do_swap_page: swapin tgid 2578 pid 2646 name "Binder:2578_3" vma 7f2d61f000
           <...>-5539  [004] ....  8660.888642: do_swap_page: swapin tgid 5231 pid 5539 name "Binder:5231_3" vma 7f28cd6000
           <...>-5539  [004] ....  8660.888648: do_swap_page: swapin tgid 5231 pid 5539 name "Binder:5231_3" vma 7fbe218000
           <...>-5539  [004] ....  8660.888651: do_swap_page: swapin tgid 5231 pid 5539 name "Binder:5231_3" vma 7fbe180000
           <...>-5539  [004] ....  8660.888656: do_swap_page: swapin tgid 5231 pid 5539 name "Binder:5231_3" vma 7f289f2000
           <...>-3160  [004] ....  8660.888675: do_swap_page: swapin tgid 2266 pid 3160 name "Binder:2266_6" vma 7fbe241000
           <...>-3160  [004] ....  8660.888693: do_swap_page: swapin tgid 2266 pid 3160 name "Binder:2266_6" vma 14944000
 ScreenDecoratio-2250  [004] ....  8660.888725: do_swap_page: swapin tgid 1670 pid 2250 name "ScreenDecoratio" vma 7ec9c93000
 ScreenDecoratio-2250  [004] ....  8660.888736: do_swap_page: swapin tgid 1670 pid 2250 name "ScreenDecoratio" vma 7f311b0000
 ScreenDecoratio-2250  [004] ....  8660.888742: do_swap_page: swapin tgid 1670 pid 2250 name "ScreenDecoratio" vma 12dcb000
 ScreenDecoratio-2250  [004] ....  8660.888748: do_swap_page: swapin tgid 1670 pid 2250 name "ScreenDecoratio" vma 13e7e000
 ScreenDecoratio-2250  [004] ....  8660.888765: do_swap_page: swapin tgid 1670 pid 2250 name "ScreenDecoratio" vma 7ebb2bb000
 ScreenDecoratio-2250  [004] ....  8660.888768: do_swap_page: swapin tgid 1670 pid 2250 name "ScreenDecoratio" vma 7ebb2bc000
 ScreenDecoratio-2250  [004] ....  8660.888791: do_swap_page: swapin tgid 1670 pid 2250 name "ScreenDecoratio" vma 7f2d67d000
 ScreenDecoratio-2250  [004] ....  8660.888795: do_swap_page: swapin tgid 1670 pid 2250 name "ScreenDecoratio" vma 7f2d7aa000
 ScreenDecoratio-2250  [004] ....  8660.888802: do_swap_page: swapin tgid 1670 pid 2250 name "ScreenDecoratio" vma 7f2d67a000
 ScreenDecoratio-2250  [004] ....  8660.888812: do_swap_page: swapin tgid 1670 pid 2250 name "ScreenDecoratio" vma 7f2d78f000
           <...>-1546  [004] ....  8660.888854: do_swap_page: swapin tgid 1330 pid 1546 name "AudioService" vma 7e86c5a000
           <...>-1546  [004] ....  8660.888864: do_swap_page: swapin tgid 1330 pid 1546 name "AudioService" vma 7f296ed000
           <...>-1546  [004] ....  8660.888871: do_swap_page: swapin tgid 1330 pid 1546 name "AudioService" vma 9e7c3000
           <...>-1874  [004] ....  8660.888918: do_swap_page: swapin tgid 1849 pid 1874 name "Binder:1849_1" vma 7f2d687000
           <...>-1874  [004] ....  8660.888932: do_swap_page: swapin tgid 1849 pid 1874 name "Binder:1849_1" vma 7f2d615000
           <...>-1874  [004] ....  8660.888937: do_swap_page: swapin tgid 1849 pid 1874 name "Binder:1849_1" vma 7f2d61f000
           <...>-2191  [004] ....  8660.888964: do_swap_page: swapin tgid 1770 pid 2191 name "Binder:1770_3" vma 7f2d673000
           <...>-2191  [004] ....  8660.888979: do_swap_page: swapin tgid 1770 pid 2191 name "Binder:1770_3" vma 7f2d615000
           <...>-2191  [004] ....  8660.888981: do_swap_page: swapin tgid 1770 pid 2191 name "Binder:1770_3" vma 7f2d61f000
 m.android.phone-1888  [004] ....  8660.889019: do_swap_page: swapin tgid 1888 pid 1888 name "m.android.phone" vma 7f2d145000
 m.android.phone-1888  [004] ....  8660.889031: do_swap_page: swapin tgid 1888 pid 1888 name "m.android.phone" vma 7f28ac1000
 m.android.phone-1888  [004] ....  8660.889036: do_swap_page: swapin tgid 1888 pid 1888 name "m.android.phone" vma 14811000
   Binder:2452_4-2820  [004] ....  8660.889083: do_swap_page: swapin tgid 2452 pid 2820 name "Binder:2452_4" vma 7f2d673000
   Binder:2452_4-2820  [004] ....  8660.889096: do_swap_page: swapin tgid 2452 pid 2820 name "Binder:2452_4" vma 7f2d615000
   Binder:2452_4-2820  [004] ....  8660.889098: do_swap_page: swapin tgid 2452 pid 2820 name "Binder:2452_4" vma 7f2d61f000
           <...>-5871  [004] ....  8660.889162: do_swap_page: swapin tgid 5852 pid 5871 name "Binder:5852_3" vma 7fbe2fc000
           <...>-5871  [004] ....  8660.889194: do_swap_page: swapin tgid 5852 pid 5871 name "Binder:5852_3" vma 7fbe22b000
           <...>-5871  [004] ....  8660.889198: do_swap_page: swapin tgid 5852 pid 5871 name "Binder:5852_3" vma 7f28ac2000
           <...>-5871  [004] ....  8660.889199: do_swap_page: swapin tgid 5852 pid 5871 name "Binder:5852_3" vma 7f289d6000
           <...>-5871  [004] ....  8660.889205: do_swap_page: swapin tgid 5852 pid 5871 name "Binder:5852_3" vma 7fba2f9000
           <...>-5871  [004] ....  8660.889208: do_swap_page: swapin tgid 5852 pid 5871 name "Binder:5852_3" vma 7fbe301000
           <...>-5871  [004] ....  8660.889211: do_swap_page: swapin tgid 5852 pid 5871 name "Binder:5852_3" vma 7fbe241000
           <...>-2557  [004] ....  8660.889237: do_swap_page: swapin tgid 2534 pid 2557 name "Binder:2534_3" vma 7f28ac2000
           <...>-2557  [004] ....  8660.889243: do_swap_page: swapin tgid 2534 pid 2557 name "Binder:2534_3" vma 7f28ac8000
           <...>-2557  [004] ....  8660.889250: do_swap_page: swapin tgid 2534 pid 2557 name "Binder:2534_3" vma 7fba2f9000
           <...>-3668  [004] ....  8660.889278: do_swap_page: swapin tgid 2648 pid 3668 name "Binder:2648_7" vma 7f2d616000
           <...>-3668  [004] ....  8660.889284: do_swap_page: swapin tgid 2648 pid 3668 name "Binder:2648_7" vma 7f2d617000
           <...>-3668  [004] ....  8660.889285: do_swap_page: swapin tgid 2648 pid 3668 name "Binder:2648_7" vma 7f2d61f000
           <...>-2532  [004] ....  8660.889324: do_swap_page: swapin tgid 2514 pid 2532 name "Binder:2514_1" vma 7f2d61f000
           <...>-2532  [004] ....  8660.889330: do_swap_page: swapin tgid 2514 pid 2532 name "Binder:2514_1" vma 7f2d620000
           <...>-2532  [004] ....  8660.889354: do_swap_page: swapin tgid 2514 pid 2532 name "Binder:2514_1" vma 7fba2f9000
           <...>-2026  [004] ....  8660.889405: do_swap_page: swapin tgid 2001 pid 2026 name "Binder:2001_2" vma 7fbe241000
           <...>-2026  [004] ....  8660.889414: do_swap_page: swapin tgid 2001 pid 2026 name "Binder:2001_2" vma 7f28b7e000
           <...>-2026  [004] ....  8660.889417: do_swap_page: swapin tgid 2001 pid 2026 name "Binder:2001_2" vma 7fbcdb6000
           <...>-2026  [004] ....  8660.889420: do_swap_page: swapin tgid 2001 pid 2026 name "Binder:2001_2" vma 7f28b18000
           <...>-2026  [004] ....  8660.889424: do_swap_page: swapin tgid 2001 pid 2026 name "Binder:2001_2" vma 7f28b7f000
           <...>-2026  [004] ....  8660.889430: do_swap_page: swapin tgid 2001 pid 2026 name "Binder:2001_2" vma 7f2e088000
           <...>-5539  [004] ....  8660.889467: do_swap_page: swapin tgid 5231 pid 5539 name "Binder:5231_3" vma 7f289f2000
           <...>-5539  [004] ....  8660.889485: do_swap_page: swapin tgid 5231 pid 5539 name "Binder:5231_3" vma 7fbe22c000
           <...>-5539  [004] ....  8660.889487: do_swap_page: swapin tgid 5231 pid 5539 name "Binder:5231_3" vma 7f28ac2000
           <...>-5539  [004] ....  8660.889490: do_swap_page: swapin tgid 5231 pid 5539 name "Binder:5231_3" vma 7f28b04000
           <...>-5539  [004] ....  8660.889493: do_swap_page: swapin tgid 5231 pid 5539 name "Binder:5231_3" vma 7fba2f9000
           <...>-5539  [004] ....  8660.889514: do_swap_page: swapin tgid 5231 pid 5539 name "Binder:5231_3" vma 7fbe2f3000
           <...>-5539  [004] ....  8660.889520: do_swap_page: swapin tgid 5231 pid 5539 name "Binder:5231_3" vma 7fbe241000
           <...>-2506  [004] ....  8660.889572: do_swap_page: swapin tgid 2483 pid 2506 name "Binder:2483_3" vma 7fbe1d0000
           <...>-2506  [004] ....  8660.889585: do_swap_page: swapin tgid 2483 pid 2506 name "Binder:2483_3" vma 7fbe22b000
           <...>-2506  [004] ....  8660.889588: do_swap_page: swapin tgid 2483 pid 2506 name "Binder:2483_3" vma 7fbe165000
           <...>-2056  [004] ....  8660.889615: do_swap_page: swapin tgid 1957 pid 2056 name "Binder:1957_4" vma 7fbe1fb000
           <...>-2056  [004] ....  8660.889628: do_swap_page: swapin tgid 1957 pid 2056 name "Binder:1957_4" vma 7fbe22c000
           <...>-2056  [004] ....  8660.889631: do_swap_page: swapin tgid 1957 pid 2056 name "Binder:1957_4" vma 7f28ac2000
           <...>-2646  [004] ....  8660.889654: do_swap_page: swapin tgid 2578 pid 2646 name "Binder:2578_3" vma 7f2d61f000
           <...>-2646  [004] ....  8660.889660: do_swap_page: swapin tgid 2578 pid 2646 name "Binder:2578_3" vma 7f2d699000
           <...>-2646  [004] ....  8660.889664: do_swap_page: swapin tgid 2578 pid 2646 name "Binder:2578_3" vma 7fba2f9000
           <...>-3160  [004] ....  8660.889693: do_swap_page: swapin tgid 2266 pid 3160 name "Binder:2266_6" vma 14944000
           <...>-2114  [004] ....  8660.889929: do_swap_page: swapin tgid 1876 pid 2114 name "Binder:1876_5" vma 7f2d61f000
           <...>-2114  [004] ....  8660.889955: do_swap_page: swapin tgid 1876 pid 2114 name "Binder:1876_5" vma 7f2d693000
           <...>-2114  [004] ....  8660.889966: do_swap_page: swapin tgid 1876 pid 2114 name "Binder:1876_5" vma 7fba2f9000
  Binder:2560_10-24002 [004] ....  8660.889989: do_swap_page: swapin tgid 2560 pid 24002 name "Binder:2560_10" vma 7fbe241000
  Binder:2560_10-24002 [004] ....  8660.889996: do_swap_page: swapin tgid 2560 pid 24002 name "Binder:2560_10" vma 7fbe1e9000
  Binder:2560_10-24002 [004] ....  8660.890000: do_swap_page: swapin tgid 2560 pid 24002 name "Binder:2560_10" vma 7f393dc000
           <...>-3668  [004] ....  8660.890021: do_swap_page: swapin tgid 2648 pid 3668 name "Binder:2648_7" vma 7f2d61f000
           <...>-3668  [004] ....  8660.890026: do_swap_page: swapin tgid 2648 pid 3668 name "Binder:2648_7" vma 7f2d639000
           <...>-3668  [004] ....  8660.890030: do_swap_page: swapin tgid 2648 pid 3668 name "Binder:2648_7" vma 7fba2f9000
           <...>-1546  [004] ....  8660.890046: do_swap_page: swapin tgid 1330 pid 1546 name "AudioService" vma 9e7c3000
           <...>-1546  [004] ....  8660.890074: do_swap_page: swapin tgid 1330 pid 1546 name "AudioService" vma 9e7bd000
           <...>-2191  [004] ....  8660.890101: do_swap_page: swapin tgid 1770 pid 2191 name "Binder:1770_3" vma 7f2d61f000
           <...>-2191  [004] ....  8660.890107: do_swap_page: swapin tgid 1770 pid 2191 name "Binder:1770_3" vma 7f2d6a3000
           <...>-2191  [004] ....  8660.890111: do_swap_page: swapin tgid 1770 pid 2191 name "Binder:1770_3" vma 7fba2f9000
           <...>-1874  [004] ....  8660.890158: do_swap_page: swapin tgid 1849 pid 1874 name "Binder:1849_1" vma 7f2d61f000
           <...>-1874  [004] ....  8660.890164: do_swap_page: swapin tgid 1849 pid 1874 name "Binder:1849_1" vma 7f2d67d000
           <...>-1874  [004] ....  8660.890168: do_swap_page: swapin tgid 1849 pid 1874 name "Binder:1849_1" vma 7fba2f9000
           <...>-2532  [004] ....  8660.890196: do_swap_page: swapin tgid 2514 pid 2532 name "Binder:2514_1" vma 7fba2f9000
           <...>-2532  [004] ....  8660.890203: do_swap_page: swapin tgid 2514 pid 2532 name "Binder:2514_1" vma 7fbe2f3000
           <...>-2532  [004] ....  8660.890206: do_swap_page: swapin tgid 2514 pid 2532 name "Binder:2514_1" vma 7fbe241000
 m.android.phone-1888  [004] ....  8660.890250: do_swap_page: swapin tgid 1888 pid 1888 name "m.android.phone" vma 14811000
 m.android.phone-1888  [004] ....  8660.890262: do_swap_page: swapin tgid 1888 pid 1888 name "m.android.phone" vma 7f2d677000
           <...>-2557  [004] ....  8660.890292: do_swap_page: swapin tgid 2534 pid 2557 name "Binder:2534_3" vma 7fba2f9000
