 droid.launcher3-2001  [004] ....  4455.377994: do_swap_page: swapin tgid 2001 pid 2001 name "droid.launcher3" vma 9e5aa000
 droid.launcher3-2001  [004] ....  4455.378083: do_swap_page: swapin tgid 2001 pid 2001 name "droid.launcher3" vma 7ecec9b000
           <...>-2510  [004] ....  4455.378126: do_swap_page: swapin tgid 2001 pid 2510 name "RenderThread" vma 7f2d75a000
 droid.launcher3-2001  [004] ....  4455.378141: do_swap_page: swapin tgid 2001 pid 2001 name "droid.launcher3" vma 9e4e6000
 droid.launcher3-2001  [004] ....  4455.378148: do_swap_page: swapin tgid 2001 pid 2001 name "droid.launcher3" vma 9e591000
           <...>-5889  [004] ....  4455.378172: do_swap_page: swapin tgid 5852 pid 5889 name "BluetoothScanMa" vma 9e459000
           <...>-5889  [004] ....  4455.378177: do_swap_page: swapin tgid 5852 pid 5889 name "BluetoothScanMa" vma 9e4e9000
  surfaceflinger-602   [004] ....  4455.378272: do_swap_page: swapin tgid 602 pid 602 name "surfaceflinger" vma 7fb7739000
  surfaceflinger-602   [004] ....  4455.378309: do_swap_page: swapin tgid 602 pid 602 name "surfaceflinger" vma 7fb757e000
  surfaceflinger-602   [004] ....  4455.378312: do_swap_page: swapin tgid 602 pid 602 name "surfaceflinger" vma 7faa631000
  surfaceflinger-602   [004] ....  4455.378322: do_swap_page: swapin tgid 602 pid 602 name "surfaceflinger" vma 7fb7561000
  surfaceflinger-602   [004] ....  4455.378339: do_swap_page: swapin tgid 602 pid 602 name "surfaceflinger" vma 7faa78a000
  surfaceflinger-602   [004] ....  4455.378347: do_swap_page: swapin tgid 602 pid 602 name "surfaceflinger" vma 7fbe174000
  surfaceflinger-602   [004] ....  4455.378349: do_swap_page: swapin tgid 602 pid 602 name "surfaceflinger" vma 7fb7a0b000
  surfaceflinger-602   [004] ....  4455.378355: do_swap_page: swapin tgid 602 pid 602 name "surfaceflinger" vma 7fbe172000
  surfaceflinger-602   [004] ....  4455.378374: do_swap_page: swapin tgid 602 pid 602 name "surfaceflinger" vma 7fb7562000
  surfaceflinger-602   [004] ....  4455.378390: do_swap_page: swapin tgid 602 pid 602 name "surfaceflinger" vma 7faa7ba000
  surfaceflinger-602   [004] ....  4455.378394: do_swap_page: swapin tgid 602 pid 602 name "surfaceflinger" vma 7fb7596000
  surfaceflinger-602   [004] ....  4455.378403: do_swap_page: swapin tgid 602 pid 602 name "surfaceflinger" vma 7faa6b8000
  surfaceflinger-602   [004] ....  4455.378409: do_swap_page: swapin tgid 602 pid 602 name "surfaceflinger" vma 7fba6e4000
  surfaceflinger-602   [004] ....  4455.378413: do_swap_page: swapin tgid 602 pid 602 name "surfaceflinger" vma 7faa6b9000
  surfaceflinger-602   [004] ....  4455.378418: do_swap_page: swapin tgid 602 pid 602 name "surfaceflinger" vma 7faa75d000
  surfaceflinger-602   [004] ....  4455.378470: do_swap_page: swapin tgid 602 pid 602 name "surfaceflinger" vma 7faa6d8000
  surfaceflinger-602   [004] ....  4455.378471: do_swap_page: swapin tgid 602 pid 602 name "surfaceflinger" vma 7faa6da000
  surfaceflinger-602   [004] ....  4455.378474: do_swap_page: swapin tgid 602 pid 602 name "surfaceflinger" vma 7faa67b000
  surfaceflinger-602   [004] ....  4455.378476: do_swap_page: swapin tgid 602 pid 602 name "surfaceflinger" vma 7faa67d000
  surfaceflinger-602   [004] ....  4455.378493: do_swap_page: swapin tgid 602 pid 602 name "surfaceflinger" vma 7fbe194000
  surfaceflinger-602   [004] ....  4455.378508: do_swap_page: swapin tgid 602 pid 602 name "surfaceflinger" vma 7fb75a0000
  surfaceflinger-602   [004] ....  4455.378517: do_swap_page: swapin tgid 602 pid 602 name "surfaceflinger" vma 7fbda38000
           <...>-5889  [004] ....  4455.378557: do_swap_page: swapin tgid 5852 pid 5889 name "BluetoothScanMa" vma 7f2d702000
           <...>-5423  [004] ....  4455.378575: do_swap_page: swapin tgid 5403 pid 5423 name "Binder:5403_3" vma 72478000
           <...>-1356  [004] ....  4455.378642: do_swap_page: swapin tgid 1330 pid 1356 name "android.anim" vma 9e4d3000
  surfaceflinger-602   [004] ....  4455.378682: do_swap_page: swapin tgid 602 pid 602 name "surfaceflinger" vma 7fbda38000
  surfaceflinger-602   [004] ....  4455.378693: do_swap_page: swapin tgid 602 pid 602 name "surfaceflinger" vma 7fb7565000
  surfaceflinger-602   [004] ....  4455.378699: do_swap_page: swapin tgid 602 pid 602 name "surfaceflinger" vma 7fb7738000
  surfaceflinger-602   [004] ....  4455.378702: do_swap_page: swapin tgid 602 pid 602 name "surfaceflinger" vma 7fbe207000
  surfaceflinger-602   [004] ....  4455.378710: do_swap_page: swapin tgid 602 pid 602 name "surfaceflinger" vma 7fb79bc000
  surfaceflinger-602   [004] ....  4455.378713: do_swap_page: swapin tgid 602 pid 602 name "surfaceflinger" vma 7fb75ef000
  surfaceflinger-602   [004] ....  4455.378715: do_swap_page: swapin tgid 602 pid 602 name "surfaceflinger" vma 7fb75f0000
  surfaceflinger-602   [004] ....  4455.378741: do_swap_page: swapin tgid 602 pid 602 name "surfaceflinger" vma 7faa574000
  surfaceflinger-602   [004] ....  4455.378745: do_swap_page: swapin tgid 602 pid 602 name "surfaceflinger" vma 7fb7760000
 droid.launcher3-2001  [004] ....  4455.378773: do_swap_page: swapin tgid 2001 pid 2001 name "droid.launcher3" vma 9e591000
 droid.launcher3-2001  [004] ....  4455.378779: do_swap_page: swapin tgid 2001 pid 2001 name "droid.launcher3" vma 9e53d000
           <...>-1356  [004] ....  4455.378818: do_swap_page: swapin tgid 1330 pid 1356 name "android.anim" vma 9e792000
           <...>-2479  [004] ....  4455.378850: do_swap_page: swapin tgid 1330 pid 2479 name "Binder:1330_F" vma 7fbd438000
  surfaceflinger-602   [004] ....  4455.378909: do_swap_page: swapin tgid 602 pid 602 name "surfaceflinger" vma 7fb7760000
           <...>-629   [004] ....  4455.379046: do_swap_page: swapin tgid 604 pid 629 name "HwBinder:604_2" vma 7fb4513000
 droid.launcher3-2001  [004] ....  4455.379761: do_swap_page: swapin tgid 2001 pid 2001 name "droid.launcher3" vma 9e53d000
 droid.launcher3-2001  [004] ....  4455.379798: do_swap_page: swapin tgid 2001 pid 2001 name "droid.launcher3" vma 9e555000
           <...>-1356  [004] ....  4455.379823: do_swap_page: swapin tgid 1330 pid 1356 name "android.anim" vma 9e792000
           <...>-2479  [004] ....  4455.379889: do_swap_page: swapin tgid 1330 pid 2479 name "Binder:1330_F" vma 7fbd438000
           <...>-2479  [004] ....  4455.379906: do_swap_page: swapin tgid 1330 pid 2479 name "Binder:1330_F" vma 7eb92c0000
           <...>-2532  [004] ....  4455.379935: do_swap_page: swapin tgid 2514 pid 2532 name "Binder:2514_1" vma 72478000
 droid.launcher3-2001  [004] ....  4455.379986: do_swap_page: swapin tgid 2001 pid 2001 name "droid.launcher3" vma 9e555000
 droid.launcher3-2001  [004] ....  4455.379996: do_swap_page: swapin tgid 2001 pid 2001 name "droid.launcher3" vma 9e47c000
 droid.launcher3-2001  [004] ....  4455.379999: do_swap_page: swapin tgid 2001 pid 2001 name "droid.launcher3" vma 9e54f000
 droid.launcher3-2001  [004] ....  4455.380002: do_swap_page: swapin tgid 2001 pid 2001 name "droid.launcher3" vma 9e4fe000
 droid.launcher3-2001  [004] ....  4455.380004: do_swap_page: swapin tgid 2001 pid 2001 name "droid.launcher3" vma 9e5a8000
           <...>-2506  [004] ....  4455.380029: do_swap_page: swapin tgid 2483 pid 2506 name "Binder:2483_3" vma 7f395f0000
           <...>-2506  [004] ....  4455.380043: do_swap_page: swapin tgid 2483 pid 2506 name "Binder:2483_3" vma 14750000
           <...>-2506  [004] ....  4455.380048: do_swap_page: swapin tgid 2483 pid 2506 name "Binder:2483_3" vma 7f350d9000
           <...>-2506  [004] ....  4455.380051: do_swap_page: swapin tgid 2483 pid 2506 name "Binder:2483_3" vma 72478000
           <...>-2479  [004] ....  4455.380095: do_swap_page: swapin tgid 1330 pid 2479 name "Binder:1330_F" vma 7eb92c0000
           <...>-2479  [004] ....  4455.380109: do_swap_page: swapin tgid 1330 pid 2479 name "Binder:1330_F" vma 7e849d8000
           <...>-2479  [004] ....  4455.380151: do_swap_page: swapin tgid 1330 pid 2479 name "Binder:1330_F" vma 7e6d400000
           <...>-2479  [004] ....  4455.380163: do_swap_page: swapin tgid 1330 pid 2479 name "Binder:1330_F" vma 7eb9119000
           <...>-2479  [004] ....  4455.380191: do_swap_page: swapin tgid 1330 pid 2479 name "Binder:1330_F" vma 7eb4376000
 droid.launcher3-2001  [004] ....  4455.380262: do_swap_page: swapin tgid 2001 pid 2001 name "droid.launcher3" vma 9e5a8000
 droid.launcher3-2001  [004] ....  4455.380292: do_swap_page: swapin tgid 2001 pid 2001 name "droid.launcher3" vma 12e0a000
 droid.launcher3-2001  [004] ....  4455.380295: do_swap_page: swapin tgid 2001 pid 2001 name "droid.launcher3" vma 12e0d000
 droid.launcher3-2001  [004] ....  4455.380311: do_swap_page: swapin tgid 2001 pid 2001 name "droid.launcher3" vma 9e4f3000
 droid.launcher3-2001  [004] ....  4455.380313: do_swap_page: swapin tgid 2001 pid 2001 name "droid.launcher3" vma 9e503000
 droid.launcher3-2001  [004] ....  4455.380315: do_swap_page: swapin tgid 2001 pid 2001 name "droid.launcher3" vma 9e46c000
 droid.launcher3-2001  [004] ....  4455.380317: do_swap_page: swapin tgid 2001 pid 2001 name "droid.launcher3" vma 9e56c000
 droid.launcher3-2001  [004] ....  4455.380493: do_swap_page: swapin tgid 2001 pid 2001 name "droid.launcher3" vma 9e56c000
 droid.launcher3-2001  [004] ....  4455.380511: do_swap_page: swapin tgid 2001 pid 2001 name "droid.launcher3" vma 9e566000
           <...>-1874  [004] ....  4455.380557: do_swap_page: swapin tgid 1849 pid 1874 name "Binder:1849_1" vma 72478000
           <...>-2820  [004] ....  4455.380588: do_swap_page: swapin tgid 2452 pid 2820 name "Binder:2452_4" vma 7f2d16b000
           <...>-2820  [004] ....  4455.380596: do_swap_page: swapin tgid 2452 pid 2820 name "Binder:2452_4" vma 7f39800000
 droid.launcher3-2001  [004] ....  4455.380640: do_swap_page: swapin tgid 2001 pid 2001 name "droid.launcher3" vma 9e566000
 droid.launcher3-2001  [004] ....  4455.380649: do_swap_page: swapin tgid 2001 pid 2001 name "droid.launcher3" vma 13d18000
 droid.launcher3-2001  [004] ....  4455.380656: do_swap_page: swapin tgid 2001 pid 2001 name "droid.launcher3" vma 9e4d4000
           <...>-2056  [004] ....  4455.380680: do_swap_page: swapin tgid 1957 pid 2056 name "Binder:1957_4" vma 7f39800000
           <...>-2056  [004] ....  4455.380699: do_swap_page: swapin tgid 1957 pid 2056 name "Binder:1957_4" vma 13801000
 droid.bluetooth-5852  [004] ....  4455.380729: do_swap_page: swapin tgid 5852 pid 5852 name "droid.bluetooth" vma 7fbf6ff000
 droid.bluetooth-5852  [004] ....  4455.380750: do_swap_page: swapin tgid 5852 pid 5852 name "droid.bluetooth" vma 14419000
 droid.launcher3-2001  [004] ....  4455.380802: do_swap_page: swapin tgid 2001 pid 2001 name "droid.launcher3" vma 9e4d4000
 droid.launcher3-2001  [004] ....  4455.380809: do_swap_page: swapin tgid 2001 pid 2001 name "droid.launcher3" vma 9e550000
 droid.launcher3-2001  [004] ....  4455.380844: do_swap_page: swapin tgid 2001 pid 2001 name "droid.launcher3" vma 13142000
 droid.launcher3-2001  [004] ....  4455.380850: do_swap_page: swapin tgid 2001 pid 2001 name "droid.launcher3" vma 9e4e2000
 droid.launcher3-2001  [004] ....  4455.380874: do_swap_page: swapin tgid 2001 pid 2001 name "droid.launcher3" vma 9e4d3000
  UiThreadHelper-2062  [004] ....  4455.380934: do_swap_page: swapin tgid 2001 pid 2062 name "UiThreadHelper" vma 9e4cb000
 m.android.phone-1888  [004] ....  4455.380959: do_swap_page: swapin tgid 1888 pid 1888 name "m.android.phone" vma 72476000
 m.android.phone-1888  [004] ....  4455.380967: do_swap_page: swapin tgid 1888 pid 1888 name "m.android.phone" vma 724fe000
 android.display-1355  [004] ....  4455.380993: do_swap_page: swapin tgid 1330 pid 1355 name "android.display" vma 7fbc1f1000
 android.display-1355  [004] ....  4455.381003: do_swap_page: swapin tgid 1330 pid 1355 name "android.display" vma 9e871000
           <...>-2030  [004] ....  4455.381185: do_swap_page: swapin tgid 2001 pid 2030 name "Binder:2001_3" vma 7fbe176000
           <...>-2030  [004] ....  4455.381205: do_swap_page: swapin tgid 2001 pid 2030 name "Binder:2001_3" vma 7ec9326000
  UiThreadHelper-2062  [004] ....  4455.381327: do_swap_page: swapin tgid 2001 pid 2062 name "UiThreadHelper" vma 9e4cb000
  UiThreadHelper-2062  [004] ....  4455.381332: do_swap_page: swapin tgid 2001 pid 2062 name "UiThreadHelper" vma 9e5a2000
           <...>-1356  [004] ....  4455.381412: do_swap_page: swapin tgid 1330 pid 1356 name "android.anim" vma 9e798000
  UiThreadHelper-2062  [004] ....  4455.381453: do_swap_page: swapin tgid 2001 pid 2062 name "UiThreadHelper" vma 9e5a2000
 droid.launcher3-2001  [004] ....  4455.381489: do_swap_page: swapin tgid 2001 pid 2001 name "droid.launcher3" vma 9e4d3000
 droid.launcher3-2001  [004] ....  4455.381494: do_swap_page: swapin tgid 2001 pid 2001 name "droid.launcher3" vma 9e59a000
           <...>-1356  [004] ....  4455.381562: do_swap_page: swapin tgid 1330 pid 1356 name "android.anim" vma 9e798000
           <...>-1356  [004] ....  4455.381605: do_swap_page: swapin tgid 1330 pid 1356 name "android.anim" vma 7e5c70a000
           <...>-1356  [004] ....  4455.381715: do_swap_page: swapin tgid 1330 pid 1356 name "android.anim" vma 7eb9149000
           <...>-1356  [004] ....  4455.381747: do_swap_page: swapin tgid 1330 pid 1356 name "android.anim" vma 7e6d51b000
           <...>-1356  [004] ....  4455.381752: do_swap_page: swapin tgid 1330 pid 1356 name "android.anim" vma 7eb92c3000
           <...>-1356  [004] ....  4455.381756: do_swap_page: swapin tgid 1330 pid 1356 name "android.anim" vma 7eb92c4000
           <...>-1356  [004] ....  4455.381763: do_swap_page: swapin tgid 1330 pid 1356 name "android.anim" vma 7f2d80c000
           <...>-1356  [004] ....  4455.381794: do_swap_page: swapin tgid 1330 pid 1356 name "android.anim" vma 7fbe218000
           <...>-1356  [004] ....  4455.381811: do_swap_page: swapin tgid 1330 pid 1356 name "android.anim" vma 7e846c7000
           <...>-1356  [004] ....  4455.381814: do_swap_page: swapin tgid 1330 pid 1356 name "android.anim" vma 7e846c8000
 droid.launcher3-2001  [004] ....  4455.381874: do_swap_page: swapin tgid 2001 pid 2001 name "droid.launcher3" vma 9e59a000
 droid.launcher3-2001  [004] ....  4455.381879: do_swap_page: swapin tgid 2001 pid 2001 name "droid.launcher3" vma 9e54c000
 ScreenDecoratio-2250  [004] ....  4455.381942: do_swap_page: swapin tgid 1670 pid 2250 name "ScreenDecoratio" vma 7f2d6c6000
    RenderThread-2127  [004] ....  4455.381967: do_swap_page: swapin tgid 1670 pid 2127 name "RenderThread" vma 7ebb2f0000
 droid.launcher3-2001  [004] ....  4455.382128: do_swap_page: swapin tgid 2001 pid 2001 name "droid.launcher3" vma 9e54c000
 droid.launcher3-2001  [004] ....  4455.382133: do_swap_page: swapin tgid 2001 pid 2001 name "droid.launcher3" vma 9e4cc000
           <...>-628   [004] ....  4455.382180: do_swap_page: swapin tgid 602 pid 628 name "Binder:602_2" vma 7fbe293000
           <...>-628   [004] ....  4455.382205: do_swap_page: swapin tgid 602 pid 628 name "Binder:602_2" vma 7fbe294000
           <...>-628   [004] ....  4455.382235: do_swap_page: swapin tgid 602 pid 628 name "Binder:602_2" vma 7fbe295000
 droid.launcher3-2001  [004] ....  4455.382308: do_swap_page: swapin tgid 2001 pid 2001 name "droid.launcher3" vma 9e4cc000
 droid.launcher3-2001  [004] ....  4455.382315: do_swap_page: swapin tgid 2001 pid 2001 name "droid.launcher3" vma 9e4d7000
           <...>-2820  [004] ....  4455.382391: do_swap_page: swapin tgid 2452 pid 2820 name "Binder:2452_4" vma 7f39800000
           <...>-2820  [004] ....  4455.382408: do_swap_page: swapin tgid 2452 pid 2820 name "Binder:2452_4" vma 14011000
           <...>-2820  [004] ....  4455.382413: do_swap_page: swapin tgid 2452 pid 2820 name "Binder:2452_4" vma 7f350d9000
           <...>-2820  [004] ....  4455.382416: do_swap_page: swapin tgid 2452 pid 2820 name "Binder:2452_4" vma 72478000
 droid.launcher3-2001  [004] ....  4455.382513: do_swap_page: swapin tgid 2001 pid 2001 name "droid.launcher3" vma 9e4d7000
 droid.launcher3-2001  [004] ....  4455.382518: do_swap_page: swapin tgid 2001 pid 2001 name "droid.launcher3" vma 9e594000
           <...>-2506  [004] ....  4455.382540: do_swap_page: swapin tgid 2483 pid 2506 name "Binder:2483_3" vma 72478000
 droid.launcher3-2001  [004] ....  4455.382689: do_swap_page: swapin tgid 2001 pid 2001 name "droid.launcher3" vma 9e594000
 droid.launcher3-2001  [004] ....  4455.382694: do_swap_page: swapin tgid 2001 pid 2001 name "droid.launcher3" vma 9e4cf000
           <...>-2056  [004] ....  4455.382719: do_swap_page: swapin tgid 1957 pid 2056 name "Binder:1957_4" vma 13801000
           <...>-2056  [004] ....  4455.382726: do_swap_page: swapin tgid 1957 pid 2056 name "Binder:1957_4" vma 13811000
           <...>-2056  [004] ....  4455.382735: do_swap_page: swapin tgid 1957 pid 2056 name "Binder:1957_4" vma 7f350d9000
           <...>-2056  [004] ....  4455.382738: do_swap_page: swapin tgid 1957 pid 2056 name "Binder:1957_4" vma 72478000
 m.android.phone-1888  [004] ....  4455.382765: do_swap_page: swapin tgid 1888 pid 1888 name "m.android.phone" vma 724fe000
 m.android.phone-1888  [004] ....  4455.382788: do_swap_page: swapin tgid 1888 pid 1888 name "m.android.phone" vma 714e6000
 droid.bluetooth-5852  [004] ....  4455.382830: do_swap_page: swapin tgid 5852 pid 5852 name "droid.bluetooth" vma 14419000
 droid.launcher3-2001  [004] ....  4455.382853: do_swap_page: swapin tgid 2001 pid 2001 name "droid.launcher3" vma 9e4cf000
 droid.launcher3-2001  [004] ....  4455.382862: do_swap_page: swapin tgid 2001 pid 2001 name "droid.launcher3" vma 9e4d5000
 ScreenDecoratio-2250  [004] ....  4455.383072: do_swap_page: swapin tgid 1670 pid 2250 name "ScreenDecoratio" vma 133ba000
 ScreenDecoratio-2250  [004] ....  4455.383085: do_swap_page: swapin tgid 1670 pid 2250 name "ScreenDecoratio" vma 7eb58c6000
 ScreenDecoratio-2250  [004] ....  4455.383095: do_swap_page: swapin tgid 1670 pid 2250 name "ScreenDecoratio" vma 7eb58c7000
 ScreenDecoratio-2250  [004] ....  4455.383102: do_swap_page: swapin tgid 1670 pid 2250 name "ScreenDecoratio" vma 13e7f000
 ScreenDecoratio-2250  [004] ....  4455.383111: do_swap_page: swapin tgid 1670 pid 2250 name "ScreenDecoratio" vma 9e491000
 droid.launcher3-2001  [004] ....  4455.383143: do_swap_page: swapin tgid 2001 pid 2001 name "droid.launcher3" vma 9e4d5000
 droid.launcher3-2001  [004] ....  4455.383148: do_swap_page: swapin tgid 2001 pid 2001 name "droid.launcher3" vma 9e547000
 droid.launcher3-2001  [004] ....  4455.383152: do_swap_page: swapin tgid 2001 pid 2001 name "droid.launcher3" vma 9e4e1000
           <...>-2056  [004] ....  4455.383174: do_swap_page: swapin tgid 1957 pid 2056 name "Binder:1957_4" vma 72478000
           <...>-2820  [004] ....  4455.383205: do_swap_page: swapin tgid 2452 pid 2820 name "Binder:2452_4" vma 72478000
 m.android.phone-1888  [004] ....  4455.383242: do_swap_page: swapin tgid 1888 pid 1888 name "m.android.phone" vma 714e6000
 m.android.phone-1888  [004] ....  4455.383317: do_swap_page: swapin tgid 1888 pid 1888 name "m.android.phone" vma 1476b000
 m.android.phone-1888  [004] ....  4455.383347: do_swap_page: swapin tgid 1888 pid 1888 name "m.android.phone" vma 7247a000
 droid.launcher3-2001  [004] ....  4455.383377: do_swap_page: swapin tgid 2001 pid 2001 name "droid.launcher3" vma 9e4e1000
 droid.launcher3-2001  [004] ....  4455.383383: do_swap_page: swapin tgid 2001 pid 2001 name "droid.launcher3" vma 9e58e000
 droid.launcher3-2001  [004] ....  4455.383395: do_swap_page: swapin tgid 2001 pid 2001 name "droid.launcher3" vma 9e5ab000
           <...>-1696  [004] ....  4455.383510: do_swap_page: swapin tgid 1670 pid 1696 name "Binder:1670_2" vma 7f2d668000
           <...>-1696  [004] ....  4455.383521: do_swap_page: swapin tgid 1670 pid 1696 name "Binder:1670_2" vma 7f2e08a000
           <...>-1696  [004] ....  4455.383528: do_swap_page: swapin tgid 1670 pid 1696 name "Binder:1670_2" vma 7f2e08b000
 droid.launcher3-2001  [004] ....  4455.383581: do_swap_page: swapin tgid 2001 pid 2001 name "droid.launcher3" vma 9e5ab000
 droid.launcher3-2001  [004] ....  4455.383597: do_swap_page: swapin tgid 2001 pid 2001 name "droid.launcher3" vma 9e486000
 droid.launcher3-2001  [004] ....  4455.383601: do_swap_page: swapin tgid 2001 pid 2001 name "droid.launcher3" vma 9e487000
           <...>-1696  [004] ....  4455.383750: do_swap_page: swapin tgid 1670 pid 1696 name "Binder:1670_2" vma 7f2e08b000
           <...>-1696  [004] ....  4455.383755: do_swap_page: swapin tgid 1670 pid 1696 name "Binder:1670_2" vma 7f2d666000
           <...>-1696  [004] ....  4455.383763: do_swap_page: swapin tgid 1670 pid 1696 name "Binder:1670_2" vma 7f2d669000
           <...>-1696  [004] ....  4455.383767: do_swap_page: swapin tgid 1670 pid 1696 name "Binder:1670_2" vma 7fbe237000
 droid.launcher3-2001  [004] ....  4455.383839: do_swap_page: swapin tgid 2001 pid 2001 name "droid.launcher3" vma 9e487000
 droid.launcher3-2001  [004] ....  4455.383858: do_swap_page: swapin tgid 2001 pid 2001 name "droid.launcher3" vma 1316d000
 droid.launcher3-2001  [004] ....  4455.383861: do_swap_page: swapin tgid 2001 pid 2001 name "droid.launcher3" vma 1316e000
 droid.launcher3-2001  [004] ....  4455.383863: do_swap_page: swapin tgid 2001 pid 2001 name "droid.launcher3" vma 1316f000
 droid.launcher3-2001  [004] ....  4455.383865: do_swap_page: swapin tgid 2001 pid 2001 name "droid.launcher3" vma 13170000
 droid.launcher3-2001  [004] ....  4455.383867: do_swap_page: swapin tgid 2001 pid 2001 name "droid.launcher3" vma 13171000
 droid.launcher3-2001  [004] ....  4455.383869: do_swap_page: swapin tgid 2001 pid 2001 name "droid.launcher3" vma 13172000
 droid.launcher3-2001  [004] ....  4455.383871: do_swap_page: swapin tgid 2001 pid 2001 name "droid.launcher3" vma 13173000
 droid.launcher3-2001  [004] ....  4455.383873: do_swap_page: swapin tgid 2001 pid 2001 name "droid.launcher3" vma 13174000
 droid.launcher3-2001  [004] ....  4455.383880: do_swap_page: swapin tgid 2001 pid 2001 name "droid.launcher3" vma 9e576000
 droid.launcher3-2001  [004] ....  4455.383885: do_swap_page: swapin tgid 2001 pid 2001 name "droid.launcher3" vma 13165000
           <...>-1696  [004] ....  4455.383957: do_swap_page: swapin tgid 1670 pid 1696 name "Binder:1670_2" vma 7fbe237000
           <...>-1696  [004] ....  4455.383963: do_swap_page: swapin tgid 1670 pid 1696 name "Binder:1670_2" vma 7f2d651000
           <...>-1696  [004] ....  4455.383965: do_swap_page: swapin tgid 1670 pid 1696 name "Binder:1670_2" vma 7f2d61a000
           <...>-1696  [004] ....  4455.383973: do_swap_page: swapin tgid 1670 pid 1696 name "Binder:1670_2" vma 7f2e088000
           <...>-1696  [004] ....  4455.383984: do_swap_page: swapin tgid 1670 pid 1696 name "Binder:1670_2" vma 7f2e089000
           <...>-1696  [004] ....  4455.384007: do_swap_page: swapin tgid 1670 pid 1696 name "Binder:1670_2" vma 7f2895d000
           <...>-1696  [004] ....  4455.384009: do_swap_page: swapin tgid 1670 pid 1696 name "Binder:1670_2" vma 7f2895e000
           <...>-1696  [004] ....  4455.384024: do_swap_page: swapin tgid 1670 pid 1696 name "Binder:1670_2" vma 136e2000
           <...>-1696  [004] ....  4455.384052: do_swap_page: swapin tgid 1670 pid 1696 name "Binder:1670_2" vma 9e57c000
 droid.launcher3-2001  [004] ....  4455.384103: do_swap_page: swapin tgid 2001 pid 2001 name "droid.launcher3" vma 13165000
 droid.launcher3-2001  [004] ....  4455.384109: do_swap_page: swapin tgid 2001 pid 2001 name "droid.launcher3" vma 132e9000
 droid.launcher3-2001  [004] ....  4455.384115: do_swap_page: swapin tgid 2001 pid 2001 name "droid.launcher3" vma 132eb000
 droid.launcher3-2001  [004] ....  4455.384122: do_swap_page: swapin tgid 2001 pid 2001 name "droid.launcher3" vma 9e59b000
           <...>-1696  [004] ....  4455.384176: do_swap_page: swapin tgid 1670 pid 1696 name "Binder:1670_2" vma 9e57c000
           <...>-1696  [004] ....  4455.384184: do_swap_page: swapin tgid 1670 pid 1696 name "Binder:1670_2" vma 13590000
           <...>-1696  [004] ....  4455.384189: do_swap_page: swapin tgid 1670 pid 1696 name "Binder:1670_2" vma 9e574000
 ScreenDecoratio-2250  [004] ....  4455.384212: do_swap_page: swapin tgid 1670 pid 2250 name "ScreenDecoratio" vma 9e491000
 droid.launcher3-2001  [004] ....  4455.384232: do_swap_page: swapin tgid 2001 pid 2001 name "droid.launcher3" vma 9e59b000
 droid.launcher3-2001  [004] ....  4455.384242: do_swap_page: swapin tgid 2001 pid 2001 name "droid.launcher3" vma 132e8000
 droid.launcher3-2001  [004] ....  4455.384249: do_swap_page: swapin tgid 2001 pid 2001 name "droid.launcher3" vma 132e6000
 droid.launcher3-2001  [004] ....  4455.384254: do_swap_page: swapin tgid 2001 pid 2001 name "droid.launcher3" vma 132e5000
 droid.launcher3-2001  [004] ....  4455.384259: do_swap_page: swapin tgid 2001 pid 2001 name "droid.launcher3" vma 132e3000
 droid.launcher3-2001  [004] ....  4455.384263: do_swap_page: swapin tgid 2001 pid 2001 name "droid.launcher3" vma 132e2000
 droid.launcher3-2001  [004] ....  4455.384268: do_swap_page: swapin tgid 2001 pid 2001 name "droid.launcher3" vma 132e1000
 droid.launcher3-2001  [004] ....  4455.384271: do_swap_page: swapin tgid 2001 pid 2001 name "droid.launcher3" vma 13164000
 ScreenDecoratio-2250  [004] ....  4455.384333: do_swap_page: swapin tgid 1670 pid 2250 name "ScreenDecoratio" vma 9e492000
 ScreenDecoratio-2250  [004] ....  4455.384340: do_swap_page: swapin tgid 1670 pid 2250 name "ScreenDecoratio" vma 9e4e2000
 ScreenDecoratio-2250  [004] ....  4455.384367: do_swap_page: swapin tgid 1670 pid 2250 name "ScreenDecoratio" vma 7eb5856000
           <...>-1696  [004] ....  4455.384415: do_swap_page: swapin tgid 1670 pid 1696 name "Binder:1670_2" vma 9e574000
           <...>-1696  [004] ....  4455.384418: do_swap_page: swapin tgid 1670 pid 1696 name "Binder:1670_2" vma 9e727000
 droid.launcher3-2001  [004] ....  4455.384442: do_swap_page: swapin tgid 2001 pid 2001 name "droid.launcher3" vma 13164000
 droid.launcher3-2001  [004] ....  4455.384447: do_swap_page: swapin tgid 2001 pid 2001 name "droid.launcher3" vma 132e0000
 droid.launcher3-2001  [004] ....  4455.384456: do_swap_page: swapin tgid 2001 pid 2001 name "droid.launcher3" vma 132df000
 droid.launcher3-2001  [004] ....  4455.384458: do_swap_page: swapin tgid 2001 pid 2001 name "droid.launcher3" vma 132de000
 droid.launcher3-2001  [004] ....  4455.384462: do_swap_page: swapin tgid 2001 pid 2001 name "droid.launcher3" vma 132dd000
 droid.launcher3-2001  [004] ....  4455.384467: do_swap_page: swapin tgid 2001 pid 2001 name "droid.launcher3" vma 132dc000
 droid.launcher3-2001  [004] ....  4455.384468: do_swap_page: swapin tgid 2001 pid 2001 name "droid.launcher3" vma 132db000
 droid.launcher3-2001  [004] ....  4455.384472: do_swap_page: swapin tgid 2001 pid 2001 name "droid.launcher3" vma 132da000
 droid.launcher3-2001  [004] ....  4455.384476: do_swap_page: swapin tgid 2001 pid 2001 name "droid.launcher3" vma 132d8000
 droid.launcher3-2001  [004] ....  4455.384480: do_swap_page: swapin tgid 2001 pid 2001 name "droid.launcher3" vma 132d7000
 droid.launcher3-2001  [004] ....  4455.384485: do_swap_page: swapin tgid 2001 pid 2001 name "droid.launcher3" vma 132d5000
 droid.launcher3-2001  [004] ....  4455.384488: do_swap_page: swapin tgid 2001 pid 2001 name "droid.launcher3" vma 132d4000
 droid.launcher3-2001  [004] ....  4455.384492: do_swap_page: swapin tgid 2001 pid 2001 name "droid.launcher3" vma 132d2000
 droid.launcher3-2001  [004] ....  4455.384496: do_swap_page: swapin tgid 2001 pid 2001 name "droid.launcher3" vma 132d1000
 droid.launcher3-2001  [004] ....  4455.384499: do_swap_page: swapin tgid 2001 pid 2001 name "droid.launcher3" vma 132cf000
 droid.launcher3-2001  [004] ....  4455.384501: do_swap_page: swapin tgid 2001 pid 2001 name "droid.launcher3" vma 132d0000
 droid.launcher3-2001  [004] ....  4455.384504: do_swap_page: swapin tgid 2001 pid 2001 name "droid.launcher3" vma 132ce000
 droid.launcher3-2001  [004] ....  4455.384505: do_swap_page: swapin tgid 2001 pid 2001 name "droid.launcher3" vma 132cd000
 droid.launcher3-2001  [004] ....  4455.384508: do_swap_page: swapin tgid 2001 pid 2001 name "droid.launcher3" vma 132cc000
 droid.launcher3-2001  [004] ....  4455.384512: do_swap_page: swapin tgid 2001 pid 2001 name "droid.launcher3" vma 132ca000
 droid.launcher3-2001  [004] ....  4455.384516: do_swap_page: swapin tgid 2001 pid 2001 name "droid.launcher3" vma 132c9000
 droid.launcher3-2001  [004] ....  4455.384519: do_swap_page: swapin tgid 2001 pid 2001 name "droid.launcher3" vma 132c7000
 droid.launcher3-2001  [004] ....  4455.384521: do_swap_page: swapin tgid 2001 pid 2001 name "droid.launcher3" vma 13162000
           <...>-1696  [004] ....  4455.384567: do_swap_page: swapin tgid 1670 pid 1696 name "Binder:1670_2" vma 9e727000
           <...>-1696  [004] ....  4455.384572: do_swap_page: swapin tgid 1670 pid 1696 name "Binder:1670_2" vma 9e782000
 ScreenDecoratio-2250  [004] ....  4455.384615: do_swap_page: swapin tgid 1670 pid 2250 name "ScreenDecoratio" vma 7f3194d000
 droid.launcher3-2001  [004] ....  4455.384661: do_swap_page: swapin tgid 2001 pid 2001 name "droid.launcher3" vma 13162000
 droid.launcher3-2001  [004] ....  4455.384667: do_swap_page: swapin tgid 2001 pid 2001 name "droid.launcher3" vma 132c6000
 droid.launcher3-2001  [004] ....  4455.384674: do_swap_page: swapin tgid 2001 pid 2001 name "droid.launcher3" vma 132c4000
 droid.launcher3-2001  [004] ....  4455.384681: do_swap_page: swapin tgid 2001 pid 2001 name "droid.launcher3" vma 132c3000
 droid.launcher3-2001  [004] ....  4455.384710: do_swap_page: swapin tgid 2001 pid 2001 name "droid.launcher3" vma 132c1000
 droid.launcher3-2001  [004] ....  4455.384714: do_swap_page: swapin tgid 2001 pid 2001 name "droid.launcher3" vma 132c0000
 droid.launcher3-2001  [004] ....  4455.384715: do_swap_page: swapin tgid 2001 pid 2001 name "droid.launcher3" vma 1317f000
 droid.launcher3-2001  [004] ....  4455.384718: do_swap_page: swapin tgid 2001 pid 2001 name "droid.launcher3" vma 1317e000
 droid.launcher3-2001  [004] ....  4455.384723: do_swap_page: swapin tgid 2001 pid 2001 name "droid.launcher3" vma 1317d000
 droid.launcher3-2001  [004] ....  4455.384726: do_swap_page: swapin tgid 2001 pid 2001 name "droid.launcher3" vma 1317c000
 droid.launcher3-2001  [004] ....  4455.384729: do_swap_page: swapin tgid 2001 pid 2001 name "droid.launcher3" vma 1317b000
 droid.launcher3-2001  [004] ....  4455.384733: do_swap_page: swapin tgid 2001 pid 2001 name "droid.launcher3" vma 13179000
 droid.launcher3-2001  [004] ....  4455.384736: do_swap_page: swapin tgid 2001 pid 2001 name "droid.launcher3" vma 13178000
 droid.launcher3-2001  [004] ....  4455.384740: do_swap_page: swapin tgid 2001 pid 2001 name "droid.launcher3" vma 13161000
 droid.launcher3-2001  [004] ....  4455.384743: do_swap_page: swapin tgid 2001 pid 2001 name "droid.launcher3" vma 13176000
 droid.launcher3-2001  [004] ....  4455.384751: do_swap_page: swapin tgid 2001 pid 2001 name "droid.launcher3" vma 9e462000
           <...>-1696  [004] ....  4455.384774: do_swap_page: swapin tgid 1670 pid 1696 name "Binder:1670_2" vma 9e782000
           <...>-1696  [004] ....  4455.384779: do_swap_page: swapin tgid 1670 pid 1696 name "Binder:1670_2" vma 9e76e000
           <...>-2479  [004] ....  4455.384812: do_swap_page: swapin tgid 1330 pid 2479 name "Binder:1330_F" vma 7e6d3d1000
 ndroid.systemui-1670  [004] ....  4455.384860: do_swap_page: swapin tgid 1670 pid 1670 name "ndroid.systemui" vma 9e787000
 droid.launcher3-2001  [004] ....  4455.384928: do_swap_page: swapin tgid 2001 pid 2001 name "droid.launcher3" vma 9e462000
 droid.launcher3-2001  [004] ....  4455.384940: do_swap_page: swapin tgid 2001 pid 2001 name "droid.launcher3" vma 1314c000
 droid.launcher3-2001  [004] ....  4455.384969: do_swap_page: swapin tgid 2001 pid 2001 name "droid.launcher3" vma 9e4b8000
           <...>-1696  [004] ....  4455.384991: do_swap_page: swapin tgid 1670 pid 1696 name "Binder:1670_2" vma 9e76e000
           <...>-1696  [004] ....  4455.384996: do_swap_page: swapin tgid 1670 pid 1696 name "Binder:1670_2" vma 9e58d000
           <...>-1696  [004] ....  4455.385001: do_swap_page: swapin tgid 1670 pid 1696 name "Binder:1670_2" vma 9e5fb000
           <...>-1696  [004] ....  4455.385032: do_swap_page: swapin tgid 1670 pid 1696 name "Binder:1670_2" vma 7f2d682000
           <...>-1696  [004] ....  4455.385063: do_swap_page: swapin tgid 1670 pid 1696 name "Binder:1670_2" vma 9e590000
 droid.launcher3-2001  [004] ....  4455.385117: do_swap_page: swapin tgid 2001 pid 2001 name "droid.launcher3" vma 9e4b8000
 droid.launcher3-2001  [004] ....  4455.385131: do_swap_page: swapin tgid 2001 pid 2001 name "droid.launcher3" vma 9e4c0000
           <...>-2479  [004] ....  4455.385154: do_swap_page: swapin tgid 1330 pid 2479 name "Binder:1330_F" vma 7e6d3d1000
           <...>-2479  [004] ....  4455.385208: do_swap_page: swapin tgid 1330 pid 2479 name "Binder:1330_F" vma 7eb9280000
 droid.launcher3-2001  [004] ....  4455.385300: do_swap_page: swapin tgid 2001 pid 2001 name "droid.launcher3" vma 9e4c0000
 droid.launcher3-2001  [004] ....  4455.385305: do_swap_page: swapin tgid 2001 pid 2001 name "droid.launcher3" vma 9e5b6000
           <...>-2479  [004] ....  4455.385345: do_swap_page: swapin tgid 1330 pid 2479 name "Binder:1330_F" vma 9e78c000
 ndroid.systemui-1670  [004] ....  4455.385372: do_swap_page: swapin tgid 1670 pid 1670 name "ndroid.systemui" vma 9e787000
 droid.launcher3-2001  [004] ....  4455.385493: do_swap_page: swapin tgid 2001 pid 2001 name "droid.launcher3" vma 9e5b6000
 droid.launcher3-2001  [004] ....  4455.385499: do_swap_page: swapin tgid 2001 pid 2001 name "droid.launcher3" vma 9e5b0000
 ndroid.systemui-1670  [004] ....  4455.385534: do_swap_page: swapin tgid 1670 pid 1670 name "ndroid.systemui" vma 13d78000
 ndroid.systemui-1670  [004] ....  4455.385541: do_swap_page: swapin tgid 1670 pid 1670 name "ndroid.systemui" vma 13cc8000
 ndroid.systemui-1670  [004] ....  4455.385573: do_swap_page: swapin tgid 1670 pid 1670 name "ndroid.systemui" vma 13dd3000
           <...>-2479  [004] ....  4455.385607: do_swap_page: swapin tgid 1330 pid 2479 name "Binder:1330_F" vma 9e78c000
 droid.launcher3-2001  [004] ....  4455.385678: do_swap_page: swapin tgid 2001 pid 2001 name "droid.launcher3" vma 9e5b0000
 droid.launcher3-2001  [004] ....  4455.385691: do_swap_page: swapin tgid 2001 pid 2001 name "droid.launcher3" vma 7ec9609000
 droid.launcher3-2001  [004] ....  4455.385703: do_swap_page: swapin tgid 2001 pid 2001 name "droid.launcher3" vma 7ececd3000
 droid.launcher3-2001  [004] ....  4455.385706: do_swap_page: swapin tgid 2001 pid 2001 name "droid.launcher3" vma 9e4b9000
 droid.launcher3-2001  [004] ....  4455.385732: do_swap_page: swapin tgid 2001 pid 2001 name "droid.launcher3" vma 9e4be000
 droid.launcher3-2001  [004] ....  4455.385742: do_swap_page: swapin tgid 2001 pid 2001 name "droid.launcher3" vma 9e580000
 droid.launcher3-2001  [004] ....  4455.385936: do_swap_page: swapin tgid 2001 pid 2001 name "droid.launcher3" vma 9e580000
 droid.launcher3-2001  [004] ....  4455.385948: do_swap_page: swapin tgid 2001 pid 2001 name "droid.launcher3" vma 7ecec30000
 droid.launcher3-2001  [004] ....  4455.385956: do_swap_page: swapin tgid 2001 pid 2001 name "droid.launcher3" vma 7eca32c000
 droid.launcher3-2001  [004] ....  4455.385968: do_swap_page: swapin tgid 2001 pid 2001 name "droid.launcher3" vma 9e506000
 droid.launcher3-2001  [004] ....  4455.385970: do_swap_page: swapin tgid 2001 pid 2001 name "droid.launcher3" vma 9e55c000
 droid.launcher3-2001  [004] ....  4455.385988: do_swap_page: swapin tgid 2001 pid 2001 name "droid.launcher3" vma 9e556000
 droid.launcher3-2001  [004] ....  4455.386004: do_swap_page: swapin tgid 2001 pid 2001 name "droid.launcher3" vma 9e45e000
 droid.launcher3-2001  [004] ....  4455.386010: do_swap_page: swapin tgid 2001 pid 2001 name "droid.launcher3" vma 7ececd4000
 droid.launcher3-2001  [004] ....  4455.386025: do_swap_page: swapin tgid 2001 pid 2001 name "droid.launcher3" vma 13d24000
 droid.launcher3-2001  [004] ....  4455.386029: do_swap_page: swapin tgid 2001 pid 2001 name "droid.launcher3" vma 13301000
 droid.launcher3-2001  [004] ....  4455.386035: do_swap_page: swapin tgid 2001 pid 2001 name "droid.launcher3" vma 13d25000
 droid.launcher3-2001  [004] ....  4455.386037: do_swap_page: swapin tgid 2001 pid 2001 name "droid.launcher3" vma 13d2a000
 droid.launcher3-2001  [004] ....  4455.386040: do_swap_page: swapin tgid 2001 pid 2001 name "droid.launcher3" vma 13d26000
 droid.launcher3-2001  [004] ....  4455.386045: do_swap_page: swapin tgid 2001 pid 2001 name "droid.launcher3" vma 9e57a000
 droid.launcher3-2001  [004] ....  4455.386169: do_swap_page: swapin tgid 2001 pid 2001 name "droid.launcher3" vma 9e57a000
 droid.launcher3-2001  [004] ....  4455.386180: do_swap_page: swapin tgid 2001 pid 2001 name "droid.launcher3" vma 9e466000
 droid.launcher3-2001  [004] ....  4455.386361: do_swap_page: swapin tgid 2001 pid 2001 name "droid.launcher3" vma 9e466000
 droid.launcher3-2001  [004] ....  4455.386368: do_swap_page: swapin tgid 2001 pid 2001 name "droid.launcher3" vma 7ececd2000
 droid.launcher3-2001  [004] ....  4455.386370: do_swap_page: swapin tgid 2001 pid 2001 name "droid.launcher3" vma 9e4a5000
 droid.launcher3-2001  [004] ....  4455.386377: do_swap_page: swapin tgid 2001 pid 2001 name "droid.launcher3" vma 9e492000
           <...>-2479  [004] ....  4455.386457: do_swap_page: swapin tgid 1330 pid 2479 name "Binder:1330_F" vma 7e6d3d6000
           <...>-2479  [004] ....  4455.386467: do_swap_page: swapin tgid 1330 pid 2479 name "Binder:1330_F" vma 9e7cd000
 ndroid.systemui-1670  [004] ....  4455.386507: do_swap_page: swapin tgid 1670 pid 1670 name "ndroid.systemui" vma 13dd3000
 ndroid.systemui-1670  [004] ....  4455.386513: do_swap_page: swapin tgid 1670 pid 1670 name "ndroid.systemui" vma 9e5ac000
 ndroid.systemui-1670  [004] .n..  4455.386536: do_swap_page: swapin tgid 1670 pid 1670 name "ndroid.systemui" vma 9e71d000
 droid.launcher3-2001  [004] ....  4455.386541: do_swap_page: swapin tgid 2001 pid 2001 name "droid.launcher3" vma 9e492000
 droid.launcher3-2001  [004] ....  4455.386552: do_swap_page: swapin tgid 2001 pid 2001 name "droid.launcher3" vma 9e49e000
 droid.launcher3-2001  [004] ....  4455.386622: do_swap_page: swapin tgid 2001 pid 2001 name "droid.launcher3" vma 725d1000
 droid.launcher3-2001  [004] ....  4455.386626: do_swap_page: swapin tgid 2001 pid 2001 name "droid.launcher3" vma 725d2000
 droid.launcher3-2001  [004] ....  4455.386632: do_swap_page: swapin tgid 2001 pid 2001 name "droid.launcher3" vma 724c7000
 droid.launcher3-2001  [004] ....  4455.386636: do_swap_page: swapin tgid 2001 pid 2001 name "droid.launcher3" vma 7ecec2f000
 droid.launcher3-2001  [004] ....  4455.386647: do_swap_page: swapin tgid 2001 pid 2001 name "droid.launcher3" vma 7eca212000
 droid.launcher3-2001  [004] ....  4455.386770: do_swap_page: swapin tgid 2001 pid 2001 name "droid.launcher3" vma 13d2e000
 droid.launcher3-2001  [004] ....  4455.386774: do_swap_page: swapin tgid 2001 pid 2001 name "droid.launcher3" vma 13d33000
 droid.launcher3-2001  [004] ....  4455.386778: do_swap_page: swapin tgid 2001 pid 2001 name "droid.launcher3" vma 725c9000
 droid.launcher3-2001  [004] ....  4455.386783: do_swap_page: swapin tgid 2001 pid 2001 name "droid.launcher3" vma 72470000
 droid.launcher3-2001  [004] ....  4455.386794: do_swap_page: swapin tgid 2001 pid 2001 name "droid.launcher3" vma 13d1a000
 droid.launcher3-2001  [004] ....  4455.386795: do_swap_page: swapin tgid 2001 pid 2001 name "droid.launcher3" vma 13d1b000
           <...>-2479  [004] ....  4455.386827: do_swap_page: swapin tgid 1330 pid 2479 name "Binder:1330_F" vma 9e7cd000
 droid.launcher3-2001  [004] ....  4455.387127: do_swap_page: swapin tgid 2001 pid 2001 name "droid.launcher3" vma 13d1b000
 droid.launcher3-2001  [004] ....  4455.387133: do_swap_page: swapin tgid 2001 pid 2001 name "droid.launcher3" vma 1331c000
 droid.launcher3-2001  [004] ....  4455.387135: do_swap_page: swapin tgid 2001 pid 2001 name "droid.launcher3" vma 1331d000
 droid.launcher3-2001  [004] ....  4455.387137: do_swap_page: swapin tgid 2001 pid 2001 name "droid.launcher3" vma 1331f000
 droid.launcher3-2001  [004] ....  4455.387143: do_swap_page: swapin tgid 2001 pid 2001 name "droid.launcher3" vma 13320000
 droid.launcher3-2001  [004] ....  4455.387145: do_swap_page: swapin tgid 2001 pid 2001 name "droid.launcher3" vma 13323000
 droid.launcher3-2001  [004] ....  4455.387148: do_swap_page: swapin tgid 2001 pid 2001 name "droid.launcher3" vma 13336000
 droid.launcher3-2001  [004] ....  4455.387149: do_swap_page: swapin tgid 2001 pid 2001 name "droid.launcher3" vma 13328000
 droid.launcher3-2001  [004] ....  4455.387151: do_swap_page: swapin tgid 2001 pid 2001 name "droid.launcher3" vma 13335000
 droid.launcher3-2001  [004] ....  4455.387153: do_swap_page: swapin tgid 2001 pid 2001 name "droid.launcher3" vma 13334000
 droid.launcher3-2001  [004] ....  4455.387154: do_swap_page: swapin tgid 2001 pid 2001 name "droid.launcher3" vma 13329000
 droid.launcher3-2001  [004] ....  4455.387156: do_swap_page: swapin tgid 2001 pid 2001 name "droid.launcher3" vma 13333000
 droid.launcher3-2001  [004] ....  4455.387159: do_swap_page: swapin tgid 2001 pid 2001 name "droid.launcher3" vma 13332000
 droid.launcher3-2001  [004] ....  4455.387161: do_swap_page: swapin tgid 2001 pid 2001 name "droid.launcher3" vma 1332a000
 droid.launcher3-2001  [004] ....  4455.387163: do_swap_page: swapin tgid 2001 pid 2001 name "droid.launcher3" vma 13331000
 droid.launcher3-2001  [004] ....  4455.387164: do_swap_page: swapin tgid 2001 pid 2001 name "droid.launcher3" vma 13330000
 droid.launcher3-2001  [004] ....  4455.387166: do_swap_page: swapin tgid 2001 pid 2001 name "droid.launcher3" vma 1332b000
 droid.launcher3-2001  [004] ....  4455.387167: do_swap_page: swapin tgid 2001 pid 2001 name "droid.launcher3" vma 1332f000
 droid.launcher3-2001  [004] ....  4455.387171: do_swap_page: swapin tgid 2001 pid 2001 name "droid.launcher3" vma 1332e000
 droid.launcher3-2001  [004] ....  4455.387173: do_swap_page: swapin tgid 2001 pid 2001 name "droid.launcher3" vma 1332d000
 droid.launcher3-2001  [004] ....  4455.387174: do_swap_page: swapin tgid 2001 pid 2001 name "droid.launcher3" vma 1332c000
 droid.launcher3-2001  [004] ....  4455.387177: do_swap_page: swapin tgid 2001 pid 2001 name "droid.launcher3" vma 12e1f000
 droid.launcher3-2001  [004] ....  4455.387180: do_swap_page: swapin tgid 2001 pid 2001 name "droid.launcher3" vma 12e22000
 droid.launcher3-2001  [004] ....  4455.387181: do_swap_page: swapin tgid 2001 pid 2001 name "droid.launcher3" vma 12e21000
 droid.launcher3-2001  [004] ....  4455.387183: do_swap_page: swapin tgid 2001 pid 2001 name "droid.launcher3" vma 12e20000
 droid.launcher3-2001  [004] ....  4455.387189: do_swap_page: swapin tgid 2001 pid 2001 name "droid.launcher3" vma 9e4a6000
           <...>-2479  [004] ....  4455.387268: do_swap_page: swapin tgid 1330 pid 2479 name "Binder:1330_F" vma 7e6d24c000
           <...>-2479  [004] ....  4455.387283: do_swap_page: swapin tgid 1330 pid 2479 name "Binder:1330_F" vma 7ed0d0e000
 droid.launcher3-2001  [004] ....  4455.387327: do_swap_page: swapin tgid 2001 pid 2001 name "droid.launcher3" vma 9e4a6000
 droid.launcher3-2001  [004] ....  4455.387335: do_swap_page: swapin tgid 2001 pid 2001 name "droid.launcher3" vma 12e00000
 droid.launcher3-2001  [004] ....  4455.387369: do_swap_page: swapin tgid 2001 pid 2001 name "droid.launcher3" vma 7ec95b8000
 droid.launcher3-2001  [004] ....  4455.387373: do_swap_page: swapin tgid 2001 pid 2001 name "droid.launcher3" vma 7fbe1c4000
 droid.launcher3-2001  [004] ....  4455.387396: do_swap_page: swapin tgid 2001 pid 2001 name "droid.launcher3" vma 13d13000
 droid.launcher3-2001  [004] ....  4455.387399: do_swap_page: swapin tgid 2001 pid 2001 name "droid.launcher3" vma 7eca05a000
 droid.launcher3-2001  [004] ....  4455.387405: do_swap_page: swapin tgid 2001 pid 2001 name "droid.launcher3" vma 7eca05b000
 droid.launcher3-2001  [004] ....  4455.387409: do_swap_page: swapin tgid 2001 pid 2001 name "droid.launcher3" vma 7f28afc000
 droid.launcher3-2001  [004] ....  4455.387412: do_swap_page: swapin tgid 2001 pid 2001 name "droid.launcher3" vma 9e562000
 droid.launcher3-2001  [004] ....  4455.387419: do_swap_page: swapin tgid 2001 pid 2001 name "droid.launcher3" vma 7f28a17000
 droid.launcher3-2001  [004] ....  4455.387423: do_swap_page: swapin tgid 2001 pid 2001 name "droid.launcher3" vma 7eceaf7000
 droid.launcher3-2001  [004] ....  4455.387427: do_swap_page: swapin tgid 2001 pid 2001 name "droid.launcher3" vma 7ecec3e000
 droid.launcher3-2001  [004] ....  4455.387429: do_swap_page: swapin tgid 2001 pid 2001 name "droid.launcher3" vma 7ecec0b000
 droid.launcher3-2001  [004] ....  4455.387435: do_swap_page: swapin tgid 2001 pid 2001 name "droid.launcher3" vma 7fbe1c7000
 droid.launcher3-2001  [004] ....  4455.387443: do_swap_page: swapin tgid 2001 pid 2001 name "droid.launcher3" vma 7ecec0c000
 droid.launcher3-2001  [004] ....  4455.387446: do_swap_page: swapin tgid 2001 pid 2001 name "droid.launcher3" vma 9e572000
           <...>-2479  [004] ....  4455.387485: do_swap_page: swapin tgid 1330 pid 2479 name "Binder:1330_F" vma 7e5dc11000
 droid.launcher3-2001  [004] ....  4455.387566: do_swap_page: swapin tgid 2001 pid 2001 name "droid.launcher3" vma 9e572000
 droid.launcher3-2001  [004] ....  4455.387581: do_swap_page: swapin tgid 2001 pid 2001 name "droid.launcher3" vma 7eca05c000
 droid.launcher3-2001  [004] ....  4455.387586: do_swap_page: swapin tgid 2001 pid 2001 name "droid.launcher3" vma 7f39805000
 droid.launcher3-2001  [004] ....  4455.387589: do_swap_page: swapin tgid 2001 pid 2001 name "droid.launcher3" vma 7f3980e000
 droid.launcher3-2001  [004] ....  4455.387592: do_swap_page: swapin tgid 2001 pid 2001 name "droid.launcher3" vma 7f39810000
 droid.launcher3-2001  [004] ....  4455.387598: do_swap_page: swapin tgid 2001 pid 2001 name "droid.launcher3" vma 7f3983e000
 droid.launcher3-2001  [004] ....  4455.387601: do_swap_page: swapin tgid 2001 pid 2001 name "droid.launcher3" vma 7f39835000
 droid.launcher3-2001  [004] ....  4455.387604: do_swap_page: swapin tgid 2001 pid 2001 name "droid.launcher3" vma 7f28a18000
 droid.launcher3-2001  [004] ....  4455.387608: do_swap_page: swapin tgid 2001 pid 2001 name "droid.launcher3" vma 1330a000
 droid.launcher3-2001  [004] ....  4455.387612: do_swap_page: swapin tgid 2001 pid 2001 name "droid.launcher3" vma 1330b000
 droid.launcher3-2001  [004] ....  4455.387628: do_swap_page: swapin tgid 2001 pid 2001 name "droid.launcher3" vma 7f3980c000
 droid.launcher3-2001  [004] ....  4455.387631: do_swap_page: swapin tgid 2001 pid 2001 name "droid.launcher3" vma 7f39834000
 droid.launcher3-2001  [004] ....  4455.387633: do_swap_page: swapin tgid 2001 pid 2001 name "droid.launcher3" vma 7f39833000
 droid.launcher3-2001  [004] ....  4455.387636: do_swap_page: swapin tgid 2001 pid 2001 name "droid.launcher3" vma 7f2898b000
 droid.launcher3-2001  [004] ....  4455.387638: do_swap_page: swapin tgid 2001 pid 2001 name "droid.launcher3" vma 7ecec0e000
 droid.launcher3-2001  [004] ....  4455.387646: do_swap_page: swapin tgid 2001 pid 2001 name "droid.launcher3" vma 7eca05d000
 droid.launcher3-2001  [004] ....  4455.387651: do_swap_page: swapin tgid 2001 pid 2001 name "droid.launcher3" vma 7ec9ffd000
 droid.launcher3-2001  [004] ....  4455.387653: do_swap_page: swapin tgid 2001 pid 2001 name "droid.launcher3" vma 7eceafa000
 droid.launcher3-2001  [004] ....  4455.387656: do_swap_page: swapin tgid 2001 pid 2001 name "droid.launcher3" vma 7eca05e000
 droid.launcher3-2001  [004] ....  4455.387661: do_swap_page: swapin tgid 2001 pid 2001 name "droid.launcher3" vma 7eca05f000
 droid.launcher3-2001  [004] ....  4455.387664: do_swap_page: swapin tgid 2001 pid 2001 name "droid.launcher3" vma 7eceb18000
 droid.launcher3-2001  [004] ....  4455.387668: do_swap_page: swapin tgid 2001 pid 2001 name "droid.launcher3" vma 7ecebab000
 droid.launcher3-2001  [004] ....  4455.387673: do_swap_page: swapin tgid 2001 pid 2001 name "droid.launcher3" vma 9e476000
 droid.launcher3-2001  [004] ....  4455.387679: do_swap_page: swapin tgid 2001 pid 2001 name "droid.launcher3" vma 7ec9ffe000
 droid.launcher3-2001  [004] ....  4455.387683: do_swap_page: swapin tgid 2001 pid 2001 name "droid.launcher3" vma 7ecea96000
 droid.launcher3-2001  [004] ....  4455.387689: do_swap_page: swapin tgid 2001 pid 2001 name "droid.launcher3" vma 7ecec0f000
 droid.launcher3-2001  [004] ....  4455.387697: do_swap_page: swapin tgid 2001 pid 2001 name "droid.launcher3" vma 7eceae3000
 droid.launcher3-2001  [004] ....  4455.387711: do_swap_page: swapin tgid 2001 pid 2001 name "droid.launcher3" vma 7247b000
 droid.launcher3-2001  [004] ....  4455.387715: do_swap_page: swapin tgid 2001 pid 2001 name "droid.launcher3" vma 7fbab1a000
 ScreenDecoratio-2250  [004] ....  4455.387786: do_swap_page: swapin tgid 1670 pid 2250 name "ScreenDecoratio" vma 72567000
 droid.launcher3-2001  [004] ....  4455.387829: do_swap_page: swapin tgid 2001 pid 2001 name "droid.launcher3" vma 7fbab1a000
 droid.launcher3-2001  [004] ....  4455.387835: do_swap_page: swapin tgid 2001 pid 2001 name "droid.launcher3" vma 7f28a0f000
 droid.launcher3-2001  [004] ....  4455.387838: do_swap_page: swapin tgid 2001 pid 2001 name "droid.launcher3" vma 7f28bc8000
 droid.launcher3-2001  [004] ....  4455.387849: do_swap_page: swapin tgid 2001 pid 2001 name "droid.launcher3" vma 7fbe1d5000
 droid.launcher3-2001  [004] ....  4455.387851: do_swap_page: swapin tgid 2001 pid 2001 name "droid.launcher3" vma 7eca32f000
