 android.display-1355  [004] ....  6137.819785: do_swap_page: swapin tgid 1330 pid 1355 name "android.display" vma 9e657000
 android.display-1355  [004] ....  6137.819796: do_swap_page: swapin tgid 1330 pid 1355 name "android.display" vma 9e4fb000
 android.display-1355  [004] ....  6137.819812: do_swap_page: swapin tgid 1330 pid 1355 name "android.display" vma 14069000
 android.display-1355  [004] ....  6137.819820: do_swap_page: swapin tgid 1330 pid 1355 name "android.display" vma 14a8e000
 android.display-1355  [004] ....  6137.819833: do_swap_page: swapin tgid 1330 pid 1355 name "android.display" vma 7f28a21000
 android.display-1355  [004] ....  6137.819838: do_swap_page: swapin tgid 1330 pid 1355 name "android.display" vma 7eb9113000
 droid.launcher3-2001  [004] ....  6137.819865: do_swap_page: swapin tgid 2001 pid 2001 name "droid.launcher3" vma 9e5b3000
 droid.launcher3-2001  [004] ....  6137.819872: do_swap_page: swapin tgid 2001 pid 2001 name "droid.launcher3" vma 9e5ac000
 android.display-1355  [004] ....  6137.820076: do_swap_page: swapin tgid 1330 pid 1355 name "android.display" vma 7eb9113000
 android.display-1355  [004] ....  6137.820084: do_swap_page: swapin tgid 1330 pid 1355 name "android.display" vma 7eb909c000
 droid.launcher3-2001  [004] ....  6137.820114: do_swap_page: swapin tgid 2001 pid 2001 name "droid.launcher3" vma 9e5ac000
 droid.launcher3-2001  [004] ....  6137.820122: do_swap_page: swapin tgid 2001 pid 2001 name "droid.launcher3" vma 9e5b2000
 android.display-1355  [004] ....  6137.820206: do_swap_page: swapin tgid 1330 pid 1355 name "android.display" vma 7eb909c000
 android.display-1355  [004] ....  6137.820216: do_swap_page: swapin tgid 1330 pid 1355 name "android.display" vma 7f28b32000
 android.display-1355  [004] ....  6137.820219: do_swap_page: swapin tgid 1330 pid 1355 name "android.display" vma 7f28b3f000
 android.display-1355  [004] ....  6137.820224: do_swap_page: swapin tgid 1330 pid 1355 name "android.display" vma 7e848b0000
 droid.launcher3-2001  [004] ....  6137.820305: do_swap_page: swapin tgid 2001 pid 2001 name "droid.launcher3" vma 9e5b2000
 droid.launcher3-2001  [004] ....  6137.820312: do_swap_page: swapin tgid 2001 pid 2001 name "droid.launcher3" vma 9e5aa000
 android.display-1355  [004] ....  6137.820409: do_swap_page: swapin tgid 1330 pid 1355 name "android.display" vma 7e848b0000
 android.display-1355  [004] ....  6137.820415: do_swap_page: swapin tgid 1330 pid 1355 name "android.display" vma 7f28a85000
 android.display-1355  [004] ....  6137.820418: do_swap_page: swapin tgid 1330 pid 1355 name "android.display" vma 7e6d31b000
 droid.launcher3-2001  [004] ....  6137.820473: do_swap_page: swapin tgid 2001 pid 2001 name "droid.launcher3" vma 9e5aa000
 droid.launcher3-2001  [004] ....  6137.820539: do_swap_page: swapin tgid 2001 pid 2001 name "droid.launcher3" vma 7ecec9b000
           <...>-2510  [004] ....  6137.820557: do_swap_page: swapin tgid 2001 pid 2510 name "RenderThread" vma 7f2d75a000
 droid.launcher3-2001  [004] ....  6137.820568: do_swap_page: swapin tgid 2001 pid 2001 name "droid.launcher3" vma 9e4e6000
 droid.launcher3-2001  [004] ....  6137.820571: do_swap_page: swapin tgid 2001 pid 2001 name "droid.launcher3" vma 9e591000
 android.display-1355  [004] ....  6137.820673: do_swap_page: swapin tgid 1330 pid 1355 name "android.display" vma 7e6d31b000
 android.display-1355  [004] ....  6137.820681: do_swap_page: swapin tgid 1330 pid 1355 name "android.display" vma 7e6d211000
 android.display-1355  [004] ....  6137.820688: do_swap_page: swapin tgid 1330 pid 1355 name "android.display" vma 7fbe30f000
 droid.launcher3-2001  [004] ....  6137.820739: do_swap_page: swapin tgid 2001 pid 2001 name "droid.launcher3" vma 9e591000
 droid.launcher3-2001  [004] ....  6137.820747: do_swap_page: swapin tgid 2001 pid 2001 name "droid.launcher3" vma 9e53d000
 droid.launcher3-2001  [004] ....  6137.820879: do_swap_page: swapin tgid 2001 pid 2001 name "droid.launcher3" vma 9e53d000
 droid.launcher3-2001  [004] ....  6137.820930: do_swap_page: swapin tgid 2001 pid 2001 name "droid.launcher3" vma 7fbdf4a000
 droid.launcher3-2001  [004] .n..  6137.820945: do_swap_page: swapin tgid 2001 pid 2001 name "droid.launcher3" vma 9e555000
 android.display-1355  [004] ....  6137.820994: do_swap_page: swapin tgid 1330 pid 1355 name "android.display" vma 7fbe30f000
 android.display-1355  [004] ....  6137.821002: do_swap_page: swapin tgid 1330 pid 1355 name "android.display" vma 7f28b58000
 android.display-1355  [004] ....  6137.821024: do_swap_page: swapin tgid 1330 pid 1355 name "android.display" vma 7f34f69000
 android.display-1355  [004] ....  6137.821035: do_swap_page: swapin tgid 1330 pid 1355 name "android.display" vma 7f28987000
 android.display-1355  [004] ....  6137.821040: do_swap_page: swapin tgid 1330 pid 1355 name "android.display" vma 7e6d2b3000
 droid.launcher3-2001  [004] ....  6137.821146: do_swap_page: swapin tgid 2001 pid 2001 name "droid.launcher3" vma 9e555000
 droid.launcher3-2001  [004] ....  6137.821183: do_swap_page: swapin tgid 2001 pid 2001 name "droid.launcher3" vma 9e47c000
 droid.launcher3-2001  [004] ....  6137.821187: do_swap_page: swapin tgid 2001 pid 2001 name "droid.launcher3" vma 9e54f000
 droid.launcher3-2001  [004] ....  6137.821194: do_swap_page: swapin tgid 2001 pid 2001 name "droid.launcher3" vma 9e4fe000
 droid.launcher3-2001  [004] ....  6137.821196: do_swap_page: swapin tgid 2001 pid 2001 name "droid.launcher3" vma 9e5a8000
 android.display-1355  [004] ....  6137.821225: do_swap_page: swapin tgid 1330 pid 1355 name "android.display" vma 7e6d2b3000
 android.display-1355  [004] ....  6137.821233: do_swap_page: swapin tgid 1330 pid 1355 name "android.display" vma 7e846a5000
 android.display-1355  [004] ....  6137.821256: do_swap_page: swapin tgid 1330 pid 1355 name "android.display" vma 12cc3000
 android.display-1355  [004] ....  6137.821262: do_swap_page: swapin tgid 1330 pid 1355 name "android.display" vma 9e62e000
 droid.launcher3-2001  [004] ....  6137.821322: do_swap_page: swapin tgid 2001 pid 2001 name "droid.launcher3" vma 9e5a8000
 droid.launcher3-2001  [004] ....  6137.821358: do_swap_page: swapin tgid 2001 pid 2001 name "droid.launcher3" vma 12fcd000
 droid.launcher3-2001  [004] ....  6137.821410: do_swap_page: swapin tgid 2001 pid 2001 name "droid.launcher3" vma 9e4f3000
 droid.launcher3-2001  [004] ....  6137.821413: do_swap_page: swapin tgid 2001 pid 2001 name "droid.launcher3" vma 9e503000
 droid.launcher3-2001  [004] ....  6137.821415: do_swap_page: swapin tgid 2001 pid 2001 name "droid.launcher3" vma 9e46c000
 droid.launcher3-2001  [004] ....  6137.821417: do_swap_page: swapin tgid 2001 pid 2001 name "droid.launcher3" vma 9e56c000
 android.display-1355  [004] ....  6137.821451: do_swap_page: swapin tgid 1330 pid 1355 name "android.display" vma 9e62e000
 android.display-1355  [004] ....  6137.821458: do_swap_page: swapin tgid 1330 pid 1355 name "android.display" vma 13b58000
 android.display-1355  [004] ....  6137.821466: do_swap_page: swapin tgid 1330 pid 1355 name "android.display" vma 1510d000
 android.display-1355  [004] ....  6137.821474: do_swap_page: swapin tgid 1330 pid 1355 name "android.display" vma 1510c000
 android.display-1355  [004] ....  6137.821476: do_swap_page: swapin tgid 1330 pid 1355 name "android.display" vma 1510e000
 android.display-1355  [004] ....  6137.821505: do_swap_page: swapin tgid 1330 pid 1355 name "android.display" vma 1510b000
 android.display-1355  [004] ....  6137.821570: do_swap_page: swapin tgid 1330 pid 1355 name "android.display" vma 7ed0ba7000
 android.display-1355  [004] ....  6137.821631: do_swap_page: swapin tgid 1330 pid 1355 name "android.display" vma 9e57a000
 droid.launcher3-2001  [004] ....  6137.821659: do_swap_page: swapin tgid 2001 pid 2001 name "droid.launcher3" vma 9e56c000
 droid.launcher3-2001  [004] ....  6137.821668: do_swap_page: swapin tgid 2001 pid 2001 name "droid.launcher3" vma 9e566000
 android.display-1355  [004] ....  6137.821805: do_swap_page: swapin tgid 1330 pid 1355 name "android.display" vma 9e57a000
 android.display-1355  [004] ....  6137.821816: do_swap_page: swapin tgid 1330 pid 1355 name "android.display" vma 7e5c5c9000
 android.display-1355  [004] ....  6137.821955: do_swap_page: swapin tgid 1330 pid 1355 name "android.display" vma 9e658000
 droid.launcher3-2001  [004] ....  6137.821982: do_swap_page: swapin tgid 2001 pid 2001 name "droid.launcher3" vma 9e566000
 droid.launcher3-2001  [004] ....  6137.821993: do_swap_page: swapin tgid 2001 pid 2001 name "droid.launcher3" vma 13d18000
 droid.launcher3-2001  [004] ....  6137.822003: do_swap_page: swapin tgid 2001 pid 2001 name "droid.launcher3" vma 9e4d4000
 android.display-1355  [004] ....  6137.822088: do_swap_page: swapin tgid 1330 pid 1355 name "android.display" vma 9e658000
 android.display-1355  [004] ....  6137.822096: do_swap_page: swapin tgid 1330 pid 1355 name "android.display" vma 9e54a000
 android.display-1355  [004] ....  6137.822099: do_swap_page: swapin tgid 1330 pid 1355 name "android.display" vma 9e691000
 droid.launcher3-2001  [004] ....  6137.822171: do_swap_page: swapin tgid 2001 pid 2001 name "droid.launcher3" vma 9e4d4000
 droid.launcher3-2001  [004] ....  6137.822189: do_swap_page: swapin tgid 2001 pid 2001 name "droid.launcher3" vma 9e55a000
 droid.launcher3-2001  [004] ....  6137.822192: do_swap_page: swapin tgid 2001 pid 2001 name "droid.launcher3" vma 9e550000
 droid.launcher3-2001  [004] ....  6137.822209: do_swap_page: swapin tgid 2001 pid 2001 name "droid.launcher3" vma 13142000
 droid.launcher3-2001  [004] ....  6137.822214: do_swap_page: swapin tgid 2001 pid 2001 name "droid.launcher3" vma 9e4e2000
 droid.launcher3-2001  [004] ....  6137.822224: do_swap_page: swapin tgid 2001 pid 2001 name "droid.launcher3" vma 7fbe25e000
 droid.launcher3-2001  [004] ....  6137.822234: do_swap_page: swapin tgid 2001 pid 2001 name "droid.launcher3" vma 7f2d6a6000
 droid.launcher3-2001  [004] .n..  6137.822269: do_swap_page: swapin tgid 2001 pid 2001 name "droid.launcher3" vma 9e4d3000
  UiThreadHelper-2062  [004] ....  6137.822307: do_swap_page: swapin tgid 2001 pid 2062 name "UiThreadHelper" vma 7ed0f9c000
  UiThreadHelper-2062  [004] ....  6137.822318: do_swap_page: swapin tgid 2001 pid 2062 name "UiThreadHelper" vma 7ed0f9d000
 android.display-1355  [004] ....  6137.822348: do_swap_page: swapin tgid 1330 pid 1355 name "android.display" vma 9e691000
 android.display-1355  [004] ....  6137.822355: do_swap_page: swapin tgid 1330 pid 1355 name "android.display" vma 12cc5000
 droid.launcher3-2001  [004] ....  6137.822421: do_swap_page: swapin tgid 2001 pid 2001 name "droid.launcher3" vma 9e4d3000
 droid.launcher3-2001  [004] ....  6137.822428: do_swap_page: swapin tgid 2001 pid 2001 name "droid.launcher3" vma 9e59a000
  UiThreadHelper-2062  [004] ....  6137.822482: do_swap_page: swapin tgid 2001 pid 2062 name "UiThreadHelper" vma 7ed0f9d000
  UiThreadHelper-2062  [004] ....  6137.822492: do_swap_page: swapin tgid 2001 pid 2062 name "UiThreadHelper" vma 7f28b0e000
  UiThreadHelper-2062  [004] ....  6137.822496: do_swap_page: swapin tgid 2001 pid 2062 name "UiThreadHelper" vma 7f28b18000
  UiThreadHelper-2062  [004] ....  6137.822500: do_swap_page: swapin tgid 2001 pid 2062 name "UiThreadHelper" vma 7ed0f9b000
  UiThreadHelper-2062  [004] ....  6137.822508: do_swap_page: swapin tgid 2001 pid 2062 name "UiThreadHelper" vma 13163000
  UiThreadHelper-2062  [004] ....  6137.822515: do_swap_page: swapin tgid 2001 pid 2062 name "UiThreadHelper" vma 7f315bd000
  UiThreadHelper-2062  [004] ....  6137.822522: do_swap_page: swapin tgid 2001 pid 2062 name "UiThreadHelper" vma 9e4cb000
 droid.launcher3-2001  [004] ....  6137.822603: do_swap_page: swapin tgid 2001 pid 2001 name "droid.launcher3" vma 9e59a000
 droid.launcher3-2001  [004] ....  6137.822609: do_swap_page: swapin tgid 2001 pid 2001 name "droid.launcher3" vma 9e54c000
 android.display-1355  [004] ....  6137.822640: do_swap_page: swapin tgid 1330 pid 1355 name "android.display" vma 13b6e000
 android.display-1355  [004] ....  6137.822708: do_swap_page: swapin tgid 1330 pid 1355 name "android.display" vma 1405a000
 android.display-1355  [004] ....  6137.822716: do_swap_page: swapin tgid 1330 pid 1355 name "android.display" vma 7eb937e000
 android.display-1355  [004] ....  6137.822721: do_swap_page: swapin tgid 1330 pid 1355 name "android.display" vma 7eb935f000
 android.display-1355  [004] ....  6137.822743: do_swap_page: swapin tgid 1330 pid 1355 name "android.display" vma 7e5c690000
 android.display-1355  [004] .n..  6137.822777: do_swap_page: swapin tgid 1330 pid 1355 name "android.display" vma 7eb8ae3000
 droid.launcher3-2001  [004] ....  6137.822783: do_swap_page: swapin tgid 2001 pid 2001 name "droid.launcher3" vma 9e54c000
 droid.launcher3-2001  [004] ....  6137.822790: do_swap_page: swapin tgid 2001 pid 2001 name "droid.launcher3" vma 9e4cc000
 android.display-1355  [004] ....  6137.822828: do_swap_page: swapin tgid 1330 pid 1355 name "android.display" vma 7f28b39000
 android.display-1355  [004] ....  6137.822835: do_swap_page: swapin tgid 1330 pid 1355 name "android.display" vma 7f2d653000
 droid.launcher3-2001  [004] ....  6137.822931: do_swap_page: swapin tgid 2001 pid 2001 name "droid.launcher3" vma 9e4cc000
 droid.launcher3-2001  [004] ....  6137.822939: do_swap_page: swapin tgid 2001 pid 2001 name "droid.launcher3" vma 9e4d7000
 droid.launcher3-2001  [004] ....  6137.823074: do_swap_page: swapin tgid 2001 pid 2001 name "droid.launcher3" vma 9e4d7000
 droid.launcher3-2001  [004] ....  6137.823081: do_swap_page: swapin tgid 2001 pid 2001 name "droid.launcher3" vma 9e594000
 android.display-1355  [004] ....  6137.823131: do_swap_page: swapin tgid 1330 pid 1355 name "android.display" vma 7e84734000
 android.display-1355  [004] ....  6137.823175: do_swap_page: swapin tgid 1330 pid 1355 name "android.display" vma 13a1f000
 android.display-1355  [004] ....  6137.823183: do_swap_page: swapin tgid 1330 pid 1355 name "android.display" vma 13e60000
 droid.launcher3-2001  [004] ....  6137.823219: do_swap_page: swapin tgid 2001 pid 2001 name "droid.launcher3" vma 9e594000
 droid.launcher3-2001  [004] ....  6137.823225: do_swap_page: swapin tgid 2001 pid 2001 name "droid.launcher3" vma 9e4cf000
 android.display-1355  [004] ....  6137.823281: do_swap_page: swapin tgid 1330 pid 1355 name "android.display" vma 7e5c349000
 android.display-1355  [004] ....  6137.823332: do_swap_page: swapin tgid 1330 pid 1355 name "android.display" vma 7e5c34c000
 droid.launcher3-2001  [004] ....  6137.823362: do_swap_page: swapin tgid 2001 pid 2001 name "droid.launcher3" vma 9e4cf000
 droid.launcher3-2001  [004] ....  6137.823367: do_swap_page: swapin tgid 2001 pid 2001 name "droid.launcher3" vma 9e59f000
 android.display-1355  [004] ....  6137.823434: do_swap_page: swapin tgid 1330 pid 1355 name "android.display" vma 7f28ac1000
 droid.launcher3-2001  [004] ....  6137.823488: do_swap_page: swapin tgid 2001 pid 2001 name "droid.launcher3" vma 9e59f000
 droid.launcher3-2001  [004] ....  6137.823499: do_swap_page: swapin tgid 2001 pid 2001 name "droid.launcher3" vma 9e4d5000
 droid.launcher3-2001  [004] ....  6137.823645: do_swap_page: swapin tgid 2001 pid 2001 name "droid.launcher3" vma 9e4d5000
 droid.launcher3-2001  [004] ....  6137.823652: do_swap_page: swapin tgid 2001 pid 2001 name "droid.launcher3" vma 9e547000
 droid.launcher3-2001  [004] ....  6137.823656: do_swap_page: swapin tgid 2001 pid 2001 name "droid.launcher3" vma 9e4e1000
 android.display-1355  [004] ....  6137.823707: do_swap_page: swapin tgid 1330 pid 1355 name "android.display" vma 7ed0daf000
 android.display-1355  [004] ....  6137.823737: do_swap_page: swapin tgid 1330 pid 1355 name "android.display" vma 7e847b0000
 droid.launcher3-2001  [004] ....  6137.823776: do_swap_page: swapin tgid 2001 pid 2001 name "droid.launcher3" vma 9e4e1000
 droid.launcher3-2001  [004] ....  6137.823782: do_swap_page: swapin tgid 2001 pid 2001 name "droid.launcher3" vma 9e58e000
 droid.launcher3-2001  [004] ....  6137.823797: do_swap_page: swapin tgid 2001 pid 2001 name "droid.launcher3" vma 9e5ab000
 android.display-1355  [004] ....  6137.823843: do_swap_page: swapin tgid 1330 pid 1355 name "android.display" vma 7e6d4ac000
 android.display-1355  [004] ....  6137.823876: do_swap_page: swapin tgid 1330 pid 1355 name "android.display" vma 7e5e036000
 android.display-1355  [004] ....  6137.823916: do_swap_page: swapin tgid 1330 pid 1355 name "android.display" vma 7fbe294000
 droid.launcher3-2001  [004] ....  6137.823967: do_swap_page: swapin tgid 2001 pid 2001 name "droid.launcher3" vma 9e5ab000
 droid.launcher3-2001  [004] ....  6137.823986: do_swap_page: swapin tgid 2001 pid 2001 name "droid.launcher3" vma 9e486000
 droid.launcher3-2001  [004] ....  6137.823990: do_swap_page: swapin tgid 2001 pid 2001 name "droid.launcher3" vma 9e487000
 android.display-1355  [004] ....  6137.824033: do_swap_page: swapin tgid 1330 pid 1355 name "android.display" vma 7e5c71a000
           <...>-1360  [004] ....  6137.824088: do_swap_page: swapin tgid 1330 pid 1360 name "android.bg" vma 141e0000
           <...>-1360  [004] ....  6137.824124: do_swap_page: swapin tgid 1330 pid 1360 name "android.bg" vma 9e77f000
           <...>-1546  [004] ....  6137.824155: do_swap_page: swapin tgid 1330 pid 1546 name "AudioService" vma 7e86c5c000
           <...>-1546  [004] ....  6137.824166: do_swap_page: swapin tgid 1330 pid 1546 name "AudioService" vma 7e86c5d000
   Binder:1670_2-1696  [004] ....  6137.824277: do_swap_page: swapin tgid 1670 pid 1696 name "Binder:1670_2" vma 7fbe34a000
   Binder:1670_2-1696  [004] ....  6137.824321: do_swap_page: swapin tgid 1670 pid 1696 name "Binder:1670_2" vma 7f2d767000
   Binder:1670_2-1696  [004] ....  6137.824325: do_swap_page: swapin tgid 1670 pid 1696 name "Binder:1670_2" vma 7f2d68a000
           <...>-2191  [004] ....  6137.824367: do_swap_page: swapin tgid 1770 pid 2191 name "Binder:1770_3" vma 7f2d668000
           <...>-2191  [004] ....  6137.824404: do_swap_page: swapin tgid 1770 pid 2191 name "Binder:1770_3" vma 7f2dc87000
           <...>-2191  [004] ....  6137.824408: do_swap_page: swapin tgid 1770 pid 2191 name "Binder:1770_3" vma 7f2dc88000
           <...>-1874  [004] ....  6137.824450: do_swap_page: swapin tgid 1849 pid 1874 name "Binder:1849_1" vma 7f2d668000
           <...>-1874  [004] ....  6137.824459: do_swap_page: swapin tgid 1849 pid 1874 name "Binder:1849_1" vma 7f2e187000
           <...>-1874  [004] ....  6137.824463: do_swap_page: swapin tgid 1849 pid 1874 name "Binder:1849_1" vma 7f2e188000
   Binder:1876_3-1913  [004] ....  6137.824496: do_swap_page: swapin tgid 1876 pid 1913 name "Binder:1876_3" vma 7f28abc000
   Binder:1876_3-1913  [004] ....  6137.824506: do_swap_page: swapin tgid 1876 pid 1913 name "Binder:1876_3" vma 7f2df8d000
   Binder:1876_3-1913  [004] ....  6137.824512: do_swap_page: swapin tgid 1876 pid 1913 name "Binder:1876_3" vma 7f2df8e000
   Binder:1888_6-2238  [004] ....  6137.824563: do_swap_page: swapin tgid 1888 pid 2238 name "Binder:1888_6" vma 7fbe241000
   Binder:1957_4-2056  [004] ....  6137.824596: do_swap_page: swapin tgid 1957 pid 2056 name "Binder:1957_4" vma 7f28b4b000
   Binder:1957_4-2056  [004] ....  6137.824609: do_swap_page: swapin tgid 1957 pid 2056 name "Binder:1957_4" vma 7f2dcc5000
   Binder:1957_4-2056  [004] ....  6137.824612: do_swap_page: swapin tgid 1957 pid 2056 name "Binder:1957_4" vma 7f2dcc6000
           <...>-2030  [004] ....  6137.824642: do_swap_page: swapin tgid 2001 pid 2030 name "Binder:2001_3" vma 7f2d668000
           <...>-2030  [004] ....  6137.824671: do_swap_page: swapin tgid 2001 pid 2030 name "Binder:2001_3" vma 7f2df8d000
           <...>-2030  [004] ....  6137.824681: do_swap_page: swapin tgid 2001 pid 2030 name "Binder:2001_3" vma 7f2df8e000
   Binder:2266_A-5540  [004] ....  6137.824733: do_swap_page: swapin tgid 2266 pid 5540 name "Binder:2266_A" vma 7fbe2f3000
   Binder:2266_A-5540  [004] ....  6137.824741: do_swap_page: swapin tgid 2266 pid 5540 name "Binder:2266_A" vma 7fbe241000
           <...>-2820  [004] ....  6137.824801: do_swap_page: swapin tgid 2452 pid 2820 name "Binder:2452_4" vma 7f2d755000
           <...>-2820  [004] ....  6137.824838: do_swap_page: swapin tgid 2452 pid 2820 name "Binder:2452_4" vma 7ec7290000
           <...>-2820  [004] ....  6137.824844: do_swap_page: swapin tgid 2452 pid 2820 name "Binder:2452_4" vma 7ec7291000
           <...>-2506  [004] ....  6137.824884: do_swap_page: swapin tgid 2483 pid 2506 name "Binder:2483_3" vma 7f28abc000
           <...>-2506  [004] ....  6137.824894: do_swap_page: swapin tgid 2483 pid 2506 name "Binder:2483_3" vma 7f2df8d000
           <...>-2506  [004] ....  6137.824899: do_swap_page: swapin tgid 2483 pid 2506 name "Binder:2483_3" vma 7f2df8e000
           <...>-2532  [004] ....  6137.824950: do_swap_page: swapin tgid 2514 pid 2532 name "Binder:2514_1" vma 7f2d653000
           <...>-2532  [004] ....  6137.824961: do_swap_page: swapin tgid 2514 pid 2532 name "Binder:2514_1" vma 7f2e187000
           <...>-2532  [004] ....  6137.824965: do_swap_page: swapin tgid 2514 pid 2532 name "Binder:2514_1" vma 7f2e188000
   Binder:2534_3-2557  [004] ....  6137.825000: do_swap_page: swapin tgid 2534 pid 2557 name "Binder:2534_3" vma 7f28a4e000
   Binder:2534_3-2557  [004] ....  6137.825030: do_swap_page: swapin tgid 2534 pid 2557 name "Binder:2534_3" vma 7f2df8d000
   Binder:2534_3-2557  [004] ....  6137.825035: do_swap_page: swapin tgid 2534 pid 2557 name "Binder:2534_3" vma 7f2df8e000
  Binder:2560_10-24002 [004] ....  6137.825068: do_swap_page: swapin tgid 2560 pid 24002 name "Binder:2560_10" vma 7f2d6fd000
  Binder:2560_10-24002 [004] ....  6137.825104: do_swap_page: swapin tgid 2560 pid 24002 name "Binder:2560_10" vma 7ebcbd8000
  Binder:2560_10-24002 [004] ....  6137.825112: do_swap_page: swapin tgid 2560 pid 24002 name "Binder:2560_10" vma 7ebcbd9000
  Binder:2560_10-24002 [004] ....  6137.825114: do_swap_page: swapin tgid 2560 pid 24002 name "Binder:2560_10" vma 7f2d783000
  Binder:2560_10-24002 [004] ....  6137.825120: do_swap_page: swapin tgid 2560 pid 24002 name "Binder:2560_10" vma 7fbe180000
  Binder:2560_10-24002 [004] ....  6137.825152: do_swap_page: swapin tgid 2560 pid 24002 name "Binder:2560_10" vma 7f2d71c000
  Binder:2560_10-24002 [004] ....  6137.825165: do_swap_page: swapin tgid 2560 pid 24002 name "Binder:2560_10" vma 7eb91ff000
  Binder:2560_10-24002 [004] ....  6137.825171: do_swap_page: swapin tgid 2560 pid 24002 name "Binder:2560_10" vma 7f2d61f000
  Binder:2560_10-24002 [004] ....  6137.825174: do_swap_page: swapin tgid 2560 pid 24002 name "Binder:2560_10" vma 7eb925d000
  Binder:2560_10-24002 [004] ....  6137.825180: do_swap_page: swapin tgid 2560 pid 24002 name "Binder:2560_10" vma 7fba2f9000
  Binder:2560_10-24002 [004] ....  6137.825183: do_swap_page: swapin tgid 2560 pid 24002 name "Binder:2560_10" vma 7fbe2f3000
  Binder:2560_10-24002 [004] ....  6137.825199: do_swap_page: swapin tgid 2560 pid 24002 name "Binder:2560_10" vma 7fbe241000
           <...>-2646  [004] ....  6137.825222: do_swap_page: swapin tgid 2578 pid 2646 name "Binder:2578_3" vma 7f2d668000
           <...>-2646  [004] ....  6137.825234: do_swap_page: swapin tgid 2578 pid 2646 name "Binder:2578_3" vma 7f2ddd5000
           <...>-2646  [004] ....  6137.825238: do_swap_page: swapin tgid 2578 pid 2646 name "Binder:2578_3" vma 7f2ddd6000
           <...>-3668  [004] ....  6137.825294: do_swap_page: swapin tgid 2648 pid 3668 name "Binder:2648_7" vma 7f2d6f6000
           <...>-3668  [004] ....  6137.825307: do_swap_page: swapin tgid 2648 pid 3668 name "Binder:2648_7" vma 7f29ede000
           <...>-3668  [004] ....  6137.825312: do_swap_page: swapin tgid 2648 pid 3668 name "Binder:2648_7" vma 7f29edf000
           <...>-5248  [004] ....  6137.825343: do_swap_page: swapin tgid 5231 pid 5248 name "Binder:5231_1" vma 7fbe1e8000
           <...>-5248  [004] ....  6137.825351: do_swap_page: swapin tgid 5231 pid 5248 name "Binder:5231_1" vma 7f2e187000
           <...>-5248  [004] ....  6137.825357: do_swap_page: swapin tgid 5231 pid 5248 name "Binder:5231_1" vma 7f2e188000
   Binder:5403_3-5423  [004] ....  6137.825386: do_swap_page: swapin tgid 5403 pid 5423 name "Binder:5403_3" vma 7f28a4e000
   Binder:5403_3-5423  [004] ....  6137.825395: do_swap_page: swapin tgid 5403 pid 5423 name "Binder:5403_3" vma 7f2df8d000
   Binder:5403_3-5423  [004] ....  6137.825406: do_swap_page: swapin tgid 5403 pid 5423 name "Binder:5403_3" vma 7f2df8e000
           <...>-5871  [004] ....  6137.825429: do_swap_page: swapin tgid 5852 pid 5871 name "Binder:5852_3" vma 7f28a4e000
           <...>-5871  [004] ....  6137.825440: do_swap_page: swapin tgid 5852 pid 5871 name "Binder:5852_3" vma 7f2df8d000
           <...>-5871  [004] ....  6137.825446: do_swap_page: swapin tgid 5852 pid 5871 name "Binder:5852_3" vma 7f2df8e000
           <...>-6150  [004] ....  6137.825523: do_swap_page: swapin tgid 5932 pid 6150 name "Binder:5932_6" vma 7ebd069000
           <...>-6150  [004] ....  6137.825535: do_swap_page: swapin tgid 5932 pid 6150 name "Binder:5932_6" vma 7eb827a000
           <...>-6150  [004] ....  6137.825557: do_swap_page: swapin tgid 5932 pid 6150 name "Binder:5932_6" vma 7eb827b000
 ScreenDecoratio-2250  [004] ....  6137.825584: do_swap_page: swapin tgid 1670 pid 2250 name "ScreenDecoratio" vma 7ec9c95000
 ScreenDecoratio-2250  [004] ....  6137.825615: do_swap_page: swapin tgid 1670 pid 2250 name "ScreenDecoratio" vma 7ec9c96000
 ScreenDecoratio-2250  [004] ....  6137.825619: do_swap_page: swapin tgid 1670 pid 2250 name "ScreenDecoratio" vma 7f28dc8000
 ScreenDecoratio-2250  [004] ....  6137.825624: do_swap_page: swapin tgid 1670 pid 2250 name "ScreenDecoratio" vma 7ec9c94000
 ScreenDecoratio-2250  [004] ....  6137.825632: do_swap_page: swapin tgid 1670 pid 2250 name "ScreenDecoratio" vma 7ec9c93000
           <...>-1546  [004] ....  6137.825675: do_swap_page: swapin tgid 1330 pid 1546 name "AudioService" vma 7e86c5d000
           <...>-1546  [004] ....  6137.825683: do_swap_page: swapin tgid 1330 pid 1546 name "AudioService" vma 7eb931b000
           <...>-1546  [004] ....  6137.825686: do_swap_page: swapin tgid 1330 pid 1546 name "AudioService" vma 7eb931c000
           <...>-1546  [004] ....  6137.825690: do_swap_page: swapin tgid 1330 pid 1546 name "AudioService" vma 7e86c5b000
           <...>-1546  [004] ....  6137.825696: do_swap_page: swapin tgid 1330 pid 1546 name "AudioService" vma 7e86c5a000
           <...>-2646  [004] ....  6137.825725: do_swap_page: swapin tgid 2578 pid 2646 name "Binder:2578_3" vma 7f2ddd6000
           <...>-2646  [004] ....  6137.825733: do_swap_page: swapin tgid 2578 pid 2646 name "Binder:2578_3" vma 7f2d667000
           <...>-2646  [004] ....  6137.825775: do_swap_page: swapin tgid 2578 pid 2646 name "Binder:2578_3" vma 7fbe180000
           <...>-2646  [004] ....  6137.825788: do_swap_page: swapin tgid 2578 pid 2646 name "Binder:2578_3" vma 7f2d615000
           <...>-2646  [004] ....  6137.825791: do_swap_page: swapin tgid 2578 pid 2646 name "Binder:2578_3" vma 7f2d61f000
           <...>-5248  [004] ....  6137.825820: do_swap_page: swapin tgid 5231 pid 5248 name "Binder:5231_1" vma 7f2e188000
           <...>-5248  [004] ....  6137.825828: do_swap_page: swapin tgid 5231 pid 5248 name "Binder:5231_1" vma 7f289fc000
           <...>-5248  [004] ....  6137.825831: do_swap_page: swapin tgid 5231 pid 5248 name "Binder:5231_1" vma 7fbe180000
           <...>-5248  [004] ....  6137.825835: do_swap_page: swapin tgid 5231 pid 5248 name "Binder:5231_1" vma 7f28b4e000
           <...>-5248  [004] ....  6137.825846: do_swap_page: swapin tgid 5231 pid 5248 name "Binder:5231_1" vma 7fbe22b000
           <...>-5248  [004] ....  6137.825850: do_swap_page: swapin tgid 5231 pid 5248 name "Binder:5231_1" vma 7f28ac2000
           <...>-5248  [004] ....  6137.825852: do_swap_page: swapin tgid 5231 pid 5248 name "Binder:5231_1" vma 7f28b58000
           <...>-5248  [004] ....  6137.825858: do_swap_page: swapin tgid 5231 pid 5248 name "Binder:5231_1" vma 7fba2f9000
           <...>-5248  [004] ....  6137.825861: do_swap_page: swapin tgid 5231 pid 5248 name "Binder:5231_1" vma 7fbe2f3000
           <...>-5248  [004] ....  6137.825863: do_swap_page: swapin tgid 5231 pid 5248 name "Binder:5231_1" vma 7fbe241000
           <...>-2532  [004] ....  6137.825915: do_swap_page: swapin tgid 2514 pid 2532 name "Binder:2514_1" vma 7f2e188000
           <...>-2532  [004] ....  6137.825924: do_swap_page: swapin tgid 2514 pid 2532 name "Binder:2514_1" vma 7f2d651000
           <...>-2532  [004] ....  6137.825929: do_swap_page: swapin tgid 2514 pid 2532 name "Binder:2514_1" vma 7fbe180000
           <...>-2532  [004] ....  6137.825969: do_swap_page: swapin tgid 2514 pid 2532 name "Binder:2514_1" vma 7f2d615000
           <...>-2532  [004] ....  6137.825976: do_swap_page: swapin tgid 2514 pid 2532 name "Binder:2514_1" vma 7f2d61f000
           <...>-2506  [004] ....  6137.826019: do_swap_page: swapin tgid 2483 pid 2506 name "Binder:2483_3" vma 7f2df8e000
           <...>-2506  [004] ....  6137.826027: do_swap_page: swapin tgid 2483 pid 2506 name "Binder:2483_3" vma 7f28b57000
           <...>-2506  [004] ....  6137.826029: do_swap_page: swapin tgid 2483 pid 2506 name "Binder:2483_3" vma 7fbe180000
           <...>-2506  [004] ....  6137.826034: do_swap_page: swapin tgid 2483 pid 2506 name "Binder:2483_3" vma 7fbe1d0000
   Binder:1957_4-2056  [004] ....  6137.826064: do_swap_page: swapin tgid 1957 pid 2056 name "Binder:1957_4" vma 7f2dcc6000
   Binder:1957_4-2056  [004] ....  6137.826070: do_swap_page: swapin tgid 1957 pid 2056 name "Binder:1957_4" vma 7f28b56000
   Binder:1957_4-2056  [004] ....  6137.826073: do_swap_page: swapin tgid 1957 pid 2056 name "Binder:1957_4" vma 7fbe180000
   Binder:1957_4-2056  [004] ....  6137.826078: do_swap_page: swapin tgid 1957 pid 2056 name "Binder:1957_4" vma 7fbe1fb000
           <...>-1874  [004] ....  6137.826125: do_swap_page: swapin tgid 1849 pid 1874 name "Binder:1849_1" vma 7f2e188000
           <...>-1874  [004] ....  6137.826132: do_swap_page: swapin tgid 1849 pid 1874 name "Binder:1849_1" vma 7f2d666000
           <...>-1874  [004] ....  6137.826138: do_swap_page: swapin tgid 1849 pid 1874 name "Binder:1849_1" vma 7fbe180000
           <...>-1874  [004] ....  6137.826144: do_swap_page: swapin tgid 1849 pid 1874 name "Binder:1849_1" vma 7f2d687000
   Binder:1876_3-1913  [004] ....  6137.826176: do_swap_page: swapin tgid 1876 pid 1913 name "Binder:1876_3" vma 7f2df8e000
   Binder:1876_3-1913  [004] ....  6137.826185: do_swap_page: swapin tgid 1876 pid 1913 name "Binder:1876_3" vma 7fbe1db000
   Binder:1876_3-1913  [004] ....  6137.826188: do_swap_page: swapin tgid 1876 pid 1913 name "Binder:1876_3" vma 7fbe180000
   Binder:1876_3-1913  [004] ....  6137.826192: do_swap_page: swapin tgid 1876 pid 1913 name "Binder:1876_3" vma 7fbe1d0000
   Binder:1876_3-1913  [004] ....  6137.826202: do_swap_page: swapin tgid 1876 pid 1913 name "Binder:1876_3" vma 7fbe22b000
   Binder:1876_3-1913  [004] ....  6137.826209: do_swap_page: swapin tgid 1876 pid 1913 name "Binder:1876_3" vma 7f28ac2000
   Binder:1876_3-1913  [004] ....  6137.826211: do_swap_page: swapin tgid 1876 pid 1913 name "Binder:1876_3" vma 7fbe2fb000
   Binder:1876_3-1913  [004] ....  6137.826216: do_swap_page: swapin tgid 1876 pid 1913 name "Binder:1876_3" vma 7fba2f9000
   Binder:5403_3-5423  [004] ....  6137.826273: do_swap_page: swapin tgid 5403 pid 5423 name "Binder:5403_3" vma 7f2df8e000
   Binder:5403_3-5423  [004] ....  6137.826280: do_swap_page: swapin tgid 5403 pid 5423 name "Binder:5403_3" vma 7f28b5c000
   Binder:5403_3-5423  [004] ....  6137.826286: do_swap_page: swapin tgid 5403 pid 5423 name "Binder:5403_3" vma 7f28b4e000
   Binder:2534_3-2557  [004] ....  6137.826305: do_swap_page: swapin tgid 2534 pid 2557 name "Binder:2534_3" vma 7f2df8e000
   Binder:2534_3-2557  [004] ....  6137.826338: do_swap_page: swapin tgid 2534 pid 2557 name "Binder:2534_3" vma 7f289fc000
   Binder:2534_3-2557  [004] ....  6137.826344: do_swap_page: swapin tgid 2534 pid 2557 name "Binder:2534_3" vma 7fbe180000
   Binder:2534_3-2557  [004] ....  6137.826357: do_swap_page: swapin tgid 2534 pid 2557 name "Binder:2534_3" vma 7fbe22b000
   Binder:2534_3-2557  [004] ....  6137.826361: do_swap_page: swapin tgid 2534 pid 2557 name "Binder:2534_3" vma 7f28ac2000
           <...>-2030  [004] ....  6137.826393: do_swap_page: swapin tgid 2001 pid 2030 name "Binder:2001_3" vma 7f2df8e000
           <...>-2030  [004] ....  6137.826421: do_swap_page: swapin tgid 2001 pid 2030 name "Binder:2001_3" vma 7f2d667000
           <...>-2030  [004] ....  6137.826432: do_swap_page: swapin tgid 2001 pid 2030 name "Binder:2001_3" vma 7f2d615000
           <...>-2030  [004] ....  6137.826436: do_swap_page: swapin tgid 2001 pid 2030 name "Binder:2001_3" vma 7f2d67e000
           <...>-2030  [004] ....  6137.826440: do_swap_page: swapin tgid 2001 pid 2030 name "Binder:2001_3" vma 7fbe241000
   Binder:1888_6-2238  [004] ....  6137.826476: do_swap_page: swapin tgid 1888 pid 2238 name "Binder:1888_6" vma 7fbe241000
   Binder:1888_6-2238  [004] ....  6137.826542: do_swap_page: swapin tgid 1888 pid 2238 name "Binder:1888_6" vma 7eb7a88000
   Binder:1888_6-2238  [004] ....  6137.826553: do_swap_page: swapin tgid 1888 pid 2238 name "Binder:1888_6" vma 7f2d6e5000
 m.android.phone-1888  [004] ....  6137.826666: do_swap_page: swapin tgid 1888 pid 1888 name "m.android.phone" vma 147d6000
 m.android.phone-1888  [004] ....  6137.826691: do_swap_page: swapin tgid 1888 pid 1888 name "m.android.phone" vma 147da000
 m.android.phone-1888  [004] ....  6137.826711: do_swap_page: swapin tgid 1888 pid 1888 name "m.android.phone" vma 14811000
           <...>-6150  [004] ....  6137.826752: do_swap_page: swapin tgid 5932 pid 6150 name "Binder:5932_6" vma 7eb827b000
           <...>-6150  [004] ....  6137.826761: do_swap_page: swapin tgid 5932 pid 6150 name "Binder:5932_6" vma 7ece0b4000
           <...>-6150  [004] ....  6137.826765: do_swap_page: swapin tgid 5932 pid 6150 name "Binder:5932_6" vma 7fbe180000
           <...>-6150  [004] ....  6137.826770: do_swap_page: swapin tgid 5932 pid 6150 name "Binder:5932_6" vma 7ece0b6000
           <...>-6150  [004] ....  6137.826782: do_swap_page: swapin tgid 5932 pid 6150 name "Binder:5932_6" vma 7ece083000
           <...>-6150  [004] ....  6137.826788: do_swap_page: swapin tgid 5932 pid 6150 name "Binder:5932_6" vma 7f28ac2000
           <...>-6150  [004] ....  6137.826791: do_swap_page: swapin tgid 5932 pid 6150 name "Binder:5932_6" vma 7ece0bc000
           <...>-6150  [004] ....  6137.826797: do_swap_page: swapin tgid 5932 pid 6150 name "Binder:5932_6" vma 7fba2f9000
           <...>-6150  [004] ....  6137.826800: do_swap_page: swapin tgid 5932 pid 6150 name "Binder:5932_6" vma 7fbe301000
           <...>-6150  [004] ....  6137.826804: do_swap_page: swapin tgid 5932 pid 6150 name "Binder:5932_6" vma 7fbe241000
           <...>-5871  [004] ....  6137.826830: do_swap_page: swapin tgid 5852 pid 5871 name "Binder:5852_3" vma 7f2df8e000
           <...>-5871  [004] ....  6137.826837: do_swap_page: swapin tgid 5852 pid 5871 name "Binder:5852_3" vma 7f28b5c000
           <...>-5871  [004] ....  6137.826845: do_swap_page: swapin tgid 5852 pid 5871 name "Binder:5852_3" vma 7fbe180000
           <...>-5871  [004] ....  6137.826850: do_swap_page: swapin tgid 5852 pid 5871 name "Binder:5852_3" vma 7fbe2fc000
           <...>-2820  [004] ....  6137.827097: do_swap_page: swapin tgid 2452 pid 2820 name "Binder:2452_4" vma 7ec7291000
           <...>-2820  [004] ....  6137.827104: do_swap_page: swapin tgid 2452 pid 2820 name "Binder:2452_4" vma 7f2d6a6000
           <...>-2820  [004] ....  6137.827110: do_swap_page: swapin tgid 2452 pid 2820 name "Binder:2452_4" vma 7fbe180000
           <...>-2820  [004] ....  6137.827114: do_swap_page: swapin tgid 2452 pid 2820 name "Binder:2452_4" vma 7f2d673000
           <...>-2191  [004] ....  6137.827149: do_swap_page: swapin tgid 1770 pid 2191 name "Binder:1770_3" vma 7f2dc88000
           <...>-2191  [004] ....  6137.827157: do_swap_page: swapin tgid 1770 pid 2191 name "Binder:1770_3" vma 7f2d667000
           <...>-2191  [004] ....  6137.827159: do_swap_page: swapin tgid 1770 pid 2191 name "Binder:1770_3" vma 7fbe180000
           <...>-2191  [004] ....  6137.827164: do_swap_page: swapin tgid 1770 pid 2191 name "Binder:1770_3" vma 7f2d673000
   Binder:2266_A-5540  [004] ....  6137.827196: do_swap_page: swapin tgid 2266 pid 5540 name "Binder:2266_A" vma 7fbe241000
   Binder:2266_A-5540  [004] ....  6137.827216: do_swap_page: swapin tgid 2266 pid 5540 name "Binder:2266_A" vma 14944000
   Binder:2266_A-5540  [004] ....  6137.827247: do_swap_page: swapin tgid 2266 pid 5540 name "Binder:2266_A" vma 7f28afd000
   Binder:2266_A-5540  [004] ....  6137.827262: do_swap_page: swapin tgid 2266 pid 5540 name "Binder:2266_A" vma 13b2f000
   Binder:2266_A-5540  [004] ....  6137.827270: do_swap_page: swapin tgid 2266 pid 5540 name "Binder:2266_A" vma 13885000
  UiThreadHelper-2062  [004] ....  6137.827297: do_swap_page: swapin tgid 2001 pid 2062 name "UiThreadHelper" vma 9e4cb000
  UiThreadHelper-2062  [004] ....  6137.827307: do_swap_page: swapin tgid 2001 pid 2062 name "UiThreadHelper" vma 9e5a2000
           <...>-1546  [004] ....  6137.827356: do_swap_page: swapin tgid 1330 pid 1546 name "AudioService" vma 7e86c5a000
           <...>-1546  [004] ....  6137.827389: do_swap_page: swapin tgid 1330 pid 1546 name "AudioService" vma 7f296ed000
           <...>-1546  [004] ....  6137.827398: do_swap_page: swapin tgid 1330 pid 1546 name "AudioService" vma 9e7c3000
   Binder:1957_4-2056  [004] ....  6137.827430: do_swap_page: swapin tgid 1957 pid 2056 name "Binder:1957_4" vma 7fbe1fb000
   Binder:1957_4-2056  [004] ....  6137.827467: do_swap_page: swapin tgid 1957 pid 2056 name "Binder:1957_4" vma 7fbe22c000
   Binder:1957_4-2056  [004] ....  6137.827470: do_swap_page: swapin tgid 1957 pid 2056 name "Binder:1957_4" vma 7f28ac2000
  UiThreadHelper-2062  [004] ....  6137.827502: do_swap_page: swapin tgid 2001 pid 2062 name "UiThreadHelper" vma 9e5a2000
  UiThreadHelper-2062  [004] ....  6137.827522: do_swap_page: swapin tgid 2001 pid 2062 name "UiThreadHelper" vma 7f28b97000
  UiThreadHelper-2062  [004] ....  6137.827526: do_swap_page: swapin tgid 2001 pid 2062 name "UiThreadHelper" vma 7f28b98000
  UiThreadHelper-2062  [004] ....  6137.827531: do_swap_page: swapin tgid 2001 pid 2062 name "UiThreadHelper" vma 7f2d68c000
  UiThreadHelper-2062  [004] ....  6137.827535: do_swap_page: swapin tgid 2001 pid 2062 name "UiThreadHelper" vma 7f2d67d000
  UiThreadHelper-2062  [004] ....  6137.827536: do_swap_page: swapin tgid 2001 pid 2062 name "UiThreadHelper" vma 7f28b56000
  UiThreadHelper-2062  [004] ....  6137.827542: do_swap_page: swapin tgid 2001 pid 2062 name "UiThreadHelper" vma 7f2d6ae000
  UiThreadHelper-2062  [004] ....  6137.827552: do_swap_page: swapin tgid 2001 pid 2062 name "UiThreadHelper" vma 7fbe1ca000
           <...>-2506  [004] ....  6137.827602: do_swap_page: swapin tgid 2483 pid 2506 name "Binder:2483_3" vma 7fbe1d0000
           <...>-2506  [004] ....  6137.827619: do_swap_page: swapin tgid 2483 pid 2506 name "Binder:2483_3" vma 7fbe22b000
           <...>-2506  [004] ....  6137.827621: do_swap_page: swapin tgid 2483 pid 2506 name "Binder:2483_3" vma 7fbe165000
 ScreenDecoratio-2250  [004] ....  6137.827677: do_swap_page: swapin tgid 1670 pid 2250 name "ScreenDecoratio" vma 7ec9c93000
 ScreenDecoratio-2250  [004] ....  6137.827691: do_swap_page: swapin tgid 1670 pid 2250 name "ScreenDecoratio" vma 7f311b0000
 ScreenDecoratio-2250  [004] ....  6137.827704: do_swap_page: swapin tgid 1670 pid 2250 name "ScreenDecoratio" vma 12dcb000
 ScreenDecoratio-2250  [004] ....  6137.827712: do_swap_page: swapin tgid 1670 pid 2250 name "ScreenDecoratio" vma 13e7e000
 ScreenDecoratio-2250  [004] ....  6137.827756: do_swap_page: swapin tgid 1670 pid 2250 name "ScreenDecoratio" vma 7ebb2bb000
 ScreenDecoratio-2250  [004] ....  6137.827762: do_swap_page: swapin tgid 1670 pid 2250 name "ScreenDecoratio" vma 7ebb2bc000
 ScreenDecoratio-2250  [004] ....  6137.827767: do_swap_page: swapin tgid 1670 pid 2250 name "ScreenDecoratio" vma 7f2d6a9000
 ScreenDecoratio-2250  [004] ....  6137.827770: do_swap_page: swapin tgid 1670 pid 2250 name "ScreenDecoratio" vma 7f2d7aa000
 ScreenDecoratio-2250  [004] ....  6137.827779: do_swap_page: swapin tgid 1670 pid 2250 name "ScreenDecoratio" vma 7f2d67a000
           <...>-12916 [004] ....  6137.827870: do_swap_page: swapin tgid 1330 pid 12916 name "Binder:1330_19" vma 7eb93c1000
           <...>-12916 [004] ....  6137.827881: do_swap_page: swapin tgid 1330 pid 12916 name "Binder:1330_19" vma 7e6fb70000
           <...>-12916 [004] ....  6137.827884: do_swap_page: swapin tgid 1330 pid 12916 name "Binder:1330_19" vma 7e6fb71000
           <...>-12916 [004] ....  6137.827888: do_swap_page: swapin tgid 1330 pid 12916 name "Binder:1330_19" vma 7e84672000
           <...>-12916 [004] ....  6137.827896: do_swap_page: swapin tgid 1330 pid 12916 name "Binder:1330_19" vma 7e537f0000
           <...>-12916 [004] ....  6137.827901: do_swap_page: swapin tgid 1330 pid 12916 name "Binder:1330_19" vma 7e5da73000
           <...>-12916 [004] ....  6137.827918: do_swap_page: swapin tgid 1330 pid 12916 name "Binder:1330_19" vma 7f289b7000
           <...>-12916 [004] ....  6137.827927: do_swap_page: swapin tgid 1330 pid 12916 name "Binder:1330_19" vma 7eb9055000
           <...>-12916 [004] ....  6137.827932: do_swap_page: swapin tgid 1330 pid 12916 name "Binder:1330_19" vma 7eb9056000
           <...>-12916 [004] ....  6137.827937: do_swap_page: swapin tgid 1330 pid 12916 name "Binder:1330_19" vma 7e6fb6e000
           <...>-12916 [004] ....  6137.827941: do_swap_page: swapin tgid 1330 pid 12916 name "Binder:1330_19" vma 13dc0000
           <...>-12916 [004] ....  6137.827946: do_swap_page: swapin tgid 1330 pid 12916 name "Binder:1330_19" vma 146cb000
           <...>-12916 [004] ....  6137.827952: do_swap_page: swapin tgid 1330 pid 12916 name "Binder:1330_19" vma 1454d000
           <...>-12916 [004] ....  6137.827959: do_swap_page: swapin tgid 1330 pid 12916 name "Binder:1330_19" vma 7f21117000
           <...>-12916 [004] ....  6137.827962: do_swap_page: swapin tgid 1330 pid 12916 name "Binder:1330_19" vma 7e6fb6f000
           <...>-12916 [004] ....  6137.827978: do_swap_page: swapin tgid 1330 pid 12916 name "Binder:1330_19" vma 7e84762000
           <...>-12916 [004] ....  6137.827981: do_swap_page: swapin tgid 1330 pid 12916 name "Binder:1330_19" vma 7e84764000
           <...>-12916 [004] ....  6137.827985: do_swap_page: swapin tgid 1330 pid 12916 name "Binder:1330_19" vma 7eb4375000
           <...>-12916 [004] ....  6137.827989: do_swap_page: swapin tgid 1330 pid 12916 name "Binder:1330_19" vma 7e5d9af000
           <...>-12916 [004] ....  6137.827999: do_swap_page: swapin tgid 1330 pid 12916 name "Binder:1330_19" vma 7e6fb6d000
           <...>-1874  [004] ....  6137.828032: do_swap_page: swapin tgid 1849 pid 1874 name "Binder:1849_1" vma 7f2d687000
           <...>-1874  [004] ....  6137.828048: do_swap_page: swapin tgid 1849 pid 1874 name "Binder:1849_1" vma 7f2d615000
           <...>-1874  [004] ....  6137.828055: do_swap_page: swapin tgid 1849 pid 1874 name "Binder:1849_1" vma 7f2d61f000
 m.android.phone-1888  [004] ....  6137.828094: do_swap_page: swapin tgid 1888 pid 1888 name "m.android.phone" vma 14811000
           <...>-1844  [004] ....  6137.828153: do_swap_page: swapin tgid 1330 pid 1844 name "Binder:1330_7" vma 7e602f5000
           <...>-1844  [004] ....  6137.828162: do_swap_page: swapin tgid 1330 pid 1844 name "Binder:1330_7" vma 7e602f6000
           <...>-1844  [004] ....  6137.828193: do_swap_page: swapin tgid 1330 pid 1844 name "Binder:1330_7" vma 7eb9263000
           <...>-1844  [004] ....  6137.828197: do_swap_page: swapin tgid 1330 pid 1844 name "Binder:1330_7" vma 7e6d3ac000
           <...>-1844  [004] ....  6137.828201: do_swap_page: swapin tgid 1330 pid 1844 name "Binder:1330_7" vma 7e6d3ad000
           <...>-1844  [004] ....  6137.828205: do_swap_page: swapin tgid 1330 pid 1844 name "Binder:1330_7" vma 7e602f3000
           <...>-1844  [004] ....  6137.828208: do_swap_page: swapin tgid 1330 pid 1844 name "Binder:1330_7" vma 13e40000
           <...>-1844  [004] ....  6137.828216: do_swap_page: swapin tgid 1330 pid 1844 name "Binder:1330_7" vma 7f21040000
           <...>-1844  [004] ....  6137.828219: do_swap_page: swapin tgid 1330 pid 1844 name "Binder:1330_7" vma 7e602f4000
           <...>-1844  [004] ....  6137.828221: do_swap_page: swapin tgid 1330 pid 1844 name "Binder:1330_7" vma 12ec5000
           <...>-1844  [004] ....  6137.828233: do_swap_page: swapin tgid 1330 pid 1844 name "Binder:1330_7" vma 7eb933c000
           <...>-1844  [004] ....  6137.828237: do_swap_page: swapin tgid 1330 pid 1844 name "Binder:1330_7" vma 7e6d2d1000
           <...>-1844  [004] ....  6137.828244: do_swap_page: swapin tgid 1330 pid 1844 name "Binder:1330_7" vma 7f28b30000
           <...>-1844  [004] ....  6137.828311: do_swap_page: swapin tgid 1330 pid 1844 name "Binder:1330_7" vma 7e849d2000
   Binder:5403_3-5423  [004] ....  6137.828365: do_swap_page: swapin tgid 5403 pid 5423 name "Binder:5403_3" vma 7f28b4e000
   Binder:5403_3-5423  [004] ....  6137.828392: do_swap_page: swapin tgid 5403 pid 5423 name "Binder:5403_3" vma 7f28bcd000
   Binder:5403_3-5423  [004] ....  6137.828396: do_swap_page: swapin tgid 5403 pid 5423 name "Binder:5403_3" vma 7fbe241000
           <...>-2191  [004] ....  6137.828423: do_swap_page: swapin tgid 1770 pid 2191 name "Binder:1770_3" vma 7f2d673000
           <...>-2191  [004] ....  6137.828439: do_swap_page: swapin tgid 1770 pid 2191 name "Binder:1770_3" vma 7f2d615000
           <...>-2191  [004] ....  6137.828442: do_swap_page: swapin tgid 1770 pid 2191 name "Binder:1770_3" vma 7f2d61f000
  Binder:2560_10-24002 [004] ....  6137.828469: do_swap_page: swapin tgid 2560 pid 24002 name "Binder:2560_10" vma 7fbe241000
  Binder:2560_10-24002 [004] ....  6137.828478: do_swap_page: swapin tgid 2560 pid 24002 name "Binder:2560_10" vma 7fbe1e9000
  Binder:2560_10-24002 [004] ....  6137.828483: do_swap_page: swapin tgid 2560 pid 24002 name "Binder:2560_10" vma 7f393dc000
           <...>-2030  [004] ....  6137.828501: do_swap_page: swapin tgid 2001 pid 2030 name "Binder:2001_3" vma 7fbe241000
           <...>-2030  [004] ....  6137.828509: do_swap_page: swapin tgid 2001 pid 2030 name "Binder:2001_3" vma 7f2d662000
           <...>-2030  [004] ....  6137.828512: do_swap_page: swapin tgid 2001 pid 2030 name "Binder:2001_3" vma 7f2d61a000
           <...>-2030  [004] ....  6137.828516: do_swap_page: swapin tgid 2001 pid 2030 name "Binder:2001_3" vma 7f2d663000
           <...>-2030  [004] ....  6137.828522: do_swap_page: swapin tgid 2001 pid 2030 name "Binder:2001_3" vma 7f2df8b000
           <...>-2820  [004] ....  6137.828568: do_swap_page: swapin tgid 2452 pid 2820 name "Binder:2452_4" vma 7f2d673000
           <...>-2820  [004] ....  6137.828585: do_swap_page: swapin tgid 2452 pid 2820 name "Binder:2452_4" vma 7f2d615000
           <...>-2820  [004] ....  6137.828588: do_swap_page: swapin tgid 2452 pid 2820 name "Binder:2452_4" vma 7f2d61f000
           <...>-2820  [004] ....  6137.828594: do_swap_page: swapin tgid 2452 pid 2820 name "Binder:2452_4" vma 7f2d6ab000
           <...>-2820  [004] ....  6137.828598: do_swap_page: swapin tgid 2452 pid 2820 name "Binder:2452_4" vma 7fba2f9000
           <...>-2646  [004] ....  6137.828631: do_swap_page: swapin tgid 2578 pid 2646 name "Binder:2578_3" vma 7f2d61f000
           <...>-2646  [004] ....  6137.828637: do_swap_page: swapin tgid 2578 pid 2646 name "Binder:2578_3" vma 7f2d699000
           <...>-2646  [004] ....  6137.828663: do_swap_page: swapin tgid 2578 pid 2646 name "Binder:2578_3" vma 7fba2f9000
           <...>-2532  [004] ....  6137.828689: do_swap_page: swapin tgid 2514 pid 2532 name "Binder:2514_1" vma 7f2d61f000
           <...>-2532  [004] ....  6137.828696: do_swap_page: swapin tgid 2514 pid 2532 name "Binder:2514_1" vma 7f2d620000
           <...>-2532  [004] ....  6137.828701: do_swap_page: swapin tgid 2514 pid 2532 name "Binder:2514_1" vma 7fba2f9000
           <...>-5248  [004] ....  6137.828738: do_swap_page: swapin tgid 5231 pid 5248 name "Binder:5231_1" vma 7fbe241000
           <...>-5248  [004] ....  6137.828747: do_swap_page: swapin tgid 5231 pid 5248 name "Binder:5231_1" vma 7fbe1e9000
           <...>-5248  [004] ....  6137.828752: do_swap_page: swapin tgid 5231 pid 5248 name "Binder:5231_1" vma 7f393dc000
   Binder:2534_3-2557  [004] ....  6137.828775: do_swap_page: swapin tgid 2534 pid 2557 name "Binder:2534_3" vma 7f28ac2000
   Binder:2534_3-2557  [004] ....  6137.828782: do_swap_page: swapin tgid 2534 pid 2557 name "Binder:2534_3" vma 7f28ac8000
   Binder:1876_3-1913  [004] ....  6137.828895: do_swap_page: swapin tgid 1876 pid 1913 name "Binder:1876_3" vma 7fba2f9000
   Binder:1876_3-1913  [004] ....  6137.828903: do_swap_page: swapin tgid 1876 pid 1913 name "Binder:1876_3" vma 7fbe2f1000
   Binder:1876_3-1913  [004] ....  6137.828907: do_swap_page: swapin tgid 1876 pid 1913 name "Binder:1876_3" vma 7fbe241000
   Binder:2534_3-2557  [004] ....  6137.828939: do_swap_page: swapin tgid 2534 pid 2557 name "Binder:2534_3" vma 7fba2f9000
   system_server-1330  [004] ....  6137.828995: do_swap_page: swapin tgid 1330 pid 1330 name "system_server" vma 9e77f000
   system_server-1330  [004] ....  6137.829103: do_swap_page: swapin tgid 1330 pid 1330 name "system_server" vma 9e7bd000
