           <...>-5852  [004] ....  8660.912078: do_swap_page: swapin tgid 5852 pid 5852 name "droid.bluetooth" vma 9e461000
 droid.launcher3-2001  [004] ....  8660.912268: do_swap_page: swapin tgid 2001 pid 2001 name "droid.launcher3" vma 9e5a7000
 droid.launcher3-2001  [004] ....  8660.912273: do_swap_page: swapin tgid 2001 pid 2001 name "droid.launcher3" vma 9e58c000
           <...>-1353  [004] ....  8660.912300: do_swap_page: swapin tgid 1330 pid 1353 name "android.ui" vma 9e642000
           <...>-1353  [004] ....  8660.912346: do_swap_page: swapin tgid 1330 pid 1353 name "android.ui" vma 9e63b000
           <...>-2191  [004] ....  8660.912379: do_swap_page: swapin tgid 1770 pid 2191 name "Binder:1770_3" vma 7f39800000
           <...>-2191  [004] ....  8660.912409: do_swap_page: swapin tgid 1770 pid 2191 name "Binder:1770_3" vma 133c1000
 droid.launcher3-2001  [004] ....  8660.912436: do_swap_page: swapin tgid 2001 pid 2001 name "droid.launcher3" vma 9e58c000
 droid.launcher3-2001  [004] ....  8660.912446: do_swap_page: swapin tgid 2001 pid 2001 name "droid.launcher3" vma 9e4e8000
   Binder:2452_4-2820  [004] ....  8660.912468: do_swap_page: swapin tgid 2452 pid 2820 name "Binder:2452_4" vma 7f39800000
   Binder:2452_4-2820  [004] ....  8660.912481: do_swap_page: swapin tgid 2452 pid 2820 name "Binder:2452_4" vma 14011000
   Binder:2452_4-2820  [004] ....  8660.912486: do_swap_page: swapin tgid 2452 pid 2820 name "Binder:2452_4" vma 7f350d9000
   Binder:2452_4-2820  [004] ....  8660.912490: do_swap_page: swapin tgid 2452 pid 2820 name "Binder:2452_4" vma 72478000
 m.android.phone-1888  [004] ....  8660.912533: do_swap_page: swapin tgid 1888 pid 1888 name "m.android.phone" vma 7f28a22000
 m.android.phone-1888  [004] ....  8660.912543: do_swap_page: swapin tgid 1888 pid 1888 name "m.android.phone" vma 7fb9e78000
           <...>-2532  [004] ....  8660.912566: do_swap_page: swapin tgid 2514 pid 2532 name "Binder:2514_1" vma 72478000
           <...>-1353  [004] ....  8660.912593: do_swap_page: swapin tgid 1330 pid 1353 name "android.ui" vma 9e63b000
           <...>-1353  [004] ....  8660.912638: do_swap_page: swapin tgid 1330 pid 1353 name "android.ui" vma 142cf000
           <...>-1353  [004] ....  8660.912643: do_swap_page: swapin tgid 1330 pid 1353 name "android.ui" vma 7eb9103000
           <...>-1353  [004] ....  8660.912681: do_swap_page: swapin tgid 1330 pid 1353 name "android.ui" vma 7ed0e6a000
           <...>-1353  [004] ....  8660.912688: do_swap_page: swapin tgid 1330 pid 1353 name "android.ui" vma 142d3000
           <...>-1353  [004] ....  8660.912689: do_swap_page: swapin tgid 1330 pid 1353 name "android.ui" vma 7ed0e6b000
           <...>-1353  [004] ....  8660.912727: do_swap_page: swapin tgid 1330 pid 1353 name "android.ui" vma 9e62c000
 droid.launcher3-2001  [004] ....  8660.912751: do_swap_page: swapin tgid 2001 pid 2001 name "droid.launcher3" vma 9e4e8000
 droid.launcher3-2001  [004] ....  8660.912756: do_swap_page: swapin tgid 2001 pid 2001 name "droid.launcher3" vma 9e53f000
           <...>-5852  [004] ....  8660.912782: do_swap_page: swapin tgid 5852 pid 5852 name "droid.bluetooth" vma 9e461000
           <...>-5852  [004] ....  8660.912792: do_swap_page: swapin tgid 5852 pid 5852 name "droid.bluetooth" vma 7f2d6dd000
           <...>-5852  [004] ....  8660.912796: do_swap_page: swapin tgid 5852 pid 5852 name "droid.bluetooth" vma 7f2d68a000
           <...>-5852  [004] ....  8660.912807: do_swap_page: swapin tgid 5852 pid 5852 name "droid.bluetooth" vma 7fbf6ff000
           <...>-5889  [004] ....  8660.912852: do_swap_page: swapin tgid 5852 pid 5889 name "BluetoothScanMa" vma 7ec3b42000
           <...>-5889  [004] ....  8660.912875: do_swap_page: swapin tgid 5852 pid 5889 name "BluetoothScanMa" vma 7ec3b43000
 droid.launcher3-2001  [004] ....  8660.912897: do_swap_page: swapin tgid 2001 pid 2001 name "droid.launcher3" vma 9e53f000
 droid.launcher3-2001  [004] ....  8660.912906: do_swap_page: swapin tgid 2001 pid 2001 name "droid.launcher3" vma 9e510000
           <...>-2506  [004] ....  8660.912929: do_swap_page: swapin tgid 2483 pid 2506 name "Binder:2483_3" vma 72478000
 ScreenDecoratio-2250  [004] ....  8660.912988: do_swap_page: swapin tgid 1670 pid 2250 name "ScreenDecoratio" vma 7fbe188000
 ScreenDecoratio-2250  [004] ....  8660.913027: do_swap_page: swapin tgid 1670 pid 2250 name "ScreenDecoratio" vma 13e86000
 ScreenDecoratio-2250  [004] .n..  8660.913058: do_swap_page: swapin tgid 1670 pid 2250 name "ScreenDecoratio" vma 7f2d6c6000
 droid.launcher3-2001  [004] ....  8660.913086: do_swap_page: swapin tgid 2001 pid 2001 name "droid.launcher3" vma 9e510000
 droid.launcher3-2001  [004] ....  8660.913093: do_swap_page: swapin tgid 2001 pid 2001 name "droid.launcher3" vma 9e509000
           <...>-5889  [004] ....  8660.913113: do_swap_page: swapin tgid 5852 pid 5889 name "BluetoothScanMa" vma 7ec3b43000
           <...>-5889  [004] ....  8660.913121: do_swap_page: swapin tgid 5852 pid 5889 name "BluetoothScanMa" vma 7f28bc4000
           <...>-5889  [004] ....  8660.913124: do_swap_page: swapin tgid 5852 pid 5889 name "BluetoothScanMa" vma 7f28b1a000
           <...>-5889  [004] ....  8660.913129: do_swap_page: swapin tgid 5852 pid 5889 name "BluetoothScanMa" vma 14416000
           <...>-2056  [004] ....  8660.913158: do_swap_page: swapin tgid 1957 pid 2056 name "Binder:1957_4" vma 72478000
           <...>-1874  [004] ....  8660.913205: do_swap_page: swapin tgid 1849 pid 1874 name "Binder:1849_1" vma 72478000
 droid.launcher3-2001  [004] ....  8660.913233: do_swap_page: swapin tgid 2001 pid 2001 name "droid.launcher3" vma 9e509000
 droid.launcher3-2001  [004] ....  8660.913239: do_swap_page: swapin tgid 2001 pid 2001 name "droid.launcher3" vma 9e508000
 m.android.phone-1888  [004] ....  8660.913262: do_swap_page: swapin tgid 1888 pid 1888 name "m.android.phone" vma 7fb9e78000
 m.android.phone-1888  [004] ....  8660.913274: do_swap_page: swapin tgid 1888 pid 1888 name "m.android.phone" vma 7f2d68b000
 m.android.phone-1888  [004] ....  8660.913276: do_swap_page: swapin tgid 1888 pid 1888 name "m.android.phone" vma 7f2d68a000
 m.android.phone-1888  [004] ....  8660.913287: do_swap_page: swapin tgid 1888 pid 1888 name "m.android.phone" vma 7f2d68c000
 m.android.phone-1888  [004] ....  8660.913318: do_swap_page: swapin tgid 1888 pid 1888 name "m.android.phone" vma 72473000
           <...>-5889  [004] ....  8660.913362: do_swap_page: swapin tgid 5852 pid 5889 name "BluetoothScanMa" vma 14416000
           <...>-5889  [004] ....  8660.913368: do_swap_page: swapin tgid 5852 pid 5889 name "BluetoothScanMa" vma 12d40000
           <...>-5889  [004] ....  8660.913374: do_swap_page: swapin tgid 5852 pid 5889 name "BluetoothScanMa" vma 7f313fc000
           <...>-5889  [004] ....  8660.913378: do_swap_page: swapin tgid 5852 pid 5889 name "BluetoothScanMa" vma 12d42000
           <...>-5889  [004] ....  8660.913382: do_swap_page: swapin tgid 5852 pid 5889 name "BluetoothScanMa" vma 9e4a7000
 droid.launcher3-2001  [004] ....  8660.913408: do_swap_page: swapin tgid 2001 pid 2001 name "droid.launcher3" vma 9e508000
 droid.launcher3-2001  [004] ....  8660.913412: do_swap_page: swapin tgid 2001 pid 2001 name "droid.launcher3" vma 9e55f000
           <...>-2191  [004] ....  8660.913434: do_swap_page: swapin tgid 1770 pid 2191 name "Binder:1770_3" vma 133c1000
           <...>-2191  [004] ....  8660.913439: do_swap_page: swapin tgid 1770 pid 2191 name "Binder:1770_3" vma 133d4000
           <...>-2191  [004] ....  8660.913445: do_swap_page: swapin tgid 1770 pid 2191 name "Binder:1770_3" vma 7f350d9000
           <...>-2191  [004] ....  8660.913448: do_swap_page: swapin tgid 1770 pid 2191 name "Binder:1770_3" vma 72478000
   Binder:2452_4-2820  [004] ....  8660.913469: do_swap_page: swapin tgid 2452 pid 2820 name "Binder:2452_4" vma 72478000
           <...>-5889  [004] ....  8660.913533: do_swap_page: swapin tgid 5852 pid 5889 name "BluetoothScanMa" vma 9e4a7000
           <...>-5889  [004] ....  8660.913541: do_swap_page: swapin tgid 5852 pid 5889 name "BluetoothScanMa" vma 9e459000
 droid.launcher3-2001  [004] ....  8660.913594: do_swap_page: swapin tgid 2001 pid 2001 name "droid.launcher3" vma 9e55f000
 droid.launcher3-2001  [004] ....  8660.913601: do_swap_page: swapin tgid 2001 pid 2001 name "droid.launcher3" vma 9e498000
           <...>-5852  [004] ....  8660.913623: do_swap_page: swapin tgid 5852 pid 5852 name "droid.bluetooth" vma 7fbf6ff000
           <...>-5852  [004] ....  8660.913638: do_swap_page: swapin tgid 5852 pid 5852 name "droid.bluetooth" vma 14419000
           <...>-1353  [004] ....  8660.913671: do_swap_page: swapin tgid 1330 pid 1353 name "android.ui" vma 9e62c000
           <...>-1353  [004] ....  8660.913684: do_swap_page: swapin tgid 1330 pid 1353 name "android.ui" vma 9e50e000
           <...>-1353  [004] ....  8660.913689: do_swap_page: swapin tgid 1330 pid 1353 name "android.ui" vma 9e647000
           <...>-2191  [004] ....  8660.913712: do_swap_page: swapin tgid 1770 pid 2191 name "Binder:1770_3" vma 72478000
           <...>-5889  [004] ....  8660.914143: do_swap_page: swapin tgid 5852 pid 5889 name "BluetoothScanMa" vma 9e459000
           <...>-5889  [004] ....  8660.914148: do_swap_page: swapin tgid 5852 pid 5889 name "BluetoothScanMa" vma 9e4e9000
           <...>-5889  [004] ....  8660.914161: do_swap_page: swapin tgid 5852 pid 5889 name "BluetoothScanMa" vma 7f2d702000
 droid.launcher3-2001  [004] ....  8660.914180: do_swap_page: swapin tgid 2001 pid 2001 name "droid.launcher3" vma 9e498000
 droid.launcher3-2001  [004] ....  8660.914185: do_swap_page: swapin tgid 2001 pid 2001 name "droid.launcher3" vma 9e57d000
           <...>-1353  [004] ....  8660.914218: do_swap_page: swapin tgid 1330 pid 1353 name "android.ui" vma 9e647000
           <...>-1353  [004] ....  8660.914240: do_swap_page: swapin tgid 1330 pid 1353 name "android.ui" vma 9e635000
    RenderThread-2127  [004] ....  8660.914282: do_swap_page: swapin tgid 1670 pid 2127 name "RenderThread" vma 7ebb2f0000
 droid.launcher3-2001  [004] ....  8660.914413: do_swap_page: swapin tgid 2001 pid 2001 name "droid.launcher3" vma 9e57d000
 droid.launcher3-2001  [004] ....  8660.914422: do_swap_page: swapin tgid 2001 pid 2001 name "droid.launcher3" vma 9e49d000
           <...>-1353  [004] ....  8660.914475: do_swap_page: swapin tgid 1330 pid 1353 name "android.ui" vma 9e635000
           <...>-1353  [004] ....  8660.914492: do_swap_page: swapin tgid 1330 pid 1353 name "android.ui" vma 9e4f3000
           <...>-1353  [004] ....  8660.914495: do_swap_page: swapin tgid 1330 pid 1353 name "android.ui" vma 9e624000
           <...>-5852  [004] ....  8660.914518: do_swap_page: swapin tgid 5852 pid 5852 name "droid.bluetooth" vma 14419000
 m.android.phone-1888  [004] ....  8660.914536: do_swap_page: swapin tgid 1888 pid 1888 name "m.android.phone" vma 72473000
 m.android.phone-1888  [004] ....  8660.914542: do_swap_page: swapin tgid 1888 pid 1888 name "m.android.phone" vma 7253b000
 droid.launcher3-2001  [004] ....  8660.914573: do_swap_page: swapin tgid 2001 pid 2001 name "droid.launcher3" vma 9e49d000
 droid.launcher3-2001  [004] ....  8660.914578: do_swap_page: swapin tgid 2001 pid 2001 name "droid.launcher3" vma 9e567000
 droid.launcher3-2001  [004] ....  8660.914582: do_swap_page: swapin tgid 2001 pid 2001 name "droid.launcher3" vma 9e560000
 droid.launcher3-2001  [004] ....  8660.914586: do_swap_page: swapin tgid 2001 pid 2001 name "droid.launcher3" vma 9e483000
 m.android.phone-1888  [004] ....  8660.914631: do_swap_page: swapin tgid 1888 pid 1888 name "m.android.phone" vma 72476000
           <...>-1353  [004] ....  8660.914661: do_swap_page: swapin tgid 1330 pid 1353 name "android.ui" vma 9e624000
           <...>-1353  [004] ....  8660.914667: do_swap_page: swapin tgid 1330 pid 1353 name "android.ui" vma 1446d000
           <...>-1353  [004] ....  8660.914669: do_swap_page: swapin tgid 1330 pid 1353 name "android.ui" vma 9e45b000
           <...>-1353  [004] ....  8660.914687: do_swap_page: swapin tgid 1330 pid 1353 name "android.ui" vma 9e71b000
 droid.launcher3-2001  [004] ....  8660.914724: do_swap_page: swapin tgid 2001 pid 2001 name "droid.launcher3" vma 9e483000
 droid.launcher3-2001  [004] ....  8660.914730: do_swap_page: swapin tgid 2001 pid 2001 name "droid.launcher3" vma 9e574000
 droid.launcher3-2001  [004] ....  8660.914877: do_swap_page: swapin tgid 2001 pid 2001 name "droid.launcher3" vma 9e574000
 droid.launcher3-2001  [004] ....  8660.914891: do_swap_page: swapin tgid 2001 pid 2001 name "droid.launcher3" vma 7f2898a000
 droid.launcher3-2001  [004] ....  8660.914924: do_swap_page: swapin tgid 2001 pid 2001 name "droid.launcher3" vma 7f289d5000
           <...>-1353  [004] ....  8660.914946: do_swap_page: swapin tgid 1330 pid 1353 name "android.ui" vma 9e71b000
           <...>-1353  [004] ....  8660.914952: do_swap_page: swapin tgid 1330 pid 1353 name "android.ui" vma 9e55e000
           <...>-1353  [004] ....  8660.914955: do_swap_page: swapin tgid 1330 pid 1353 name "android.ui" vma 9e6a7000
 m.android.phone-1888  [004] ....  8660.914977: do_swap_page: swapin tgid 1888 pid 1888 name "m.android.phone" vma 72476000
 m.android.phone-1888  [004] ....  8660.915003: do_swap_page: swapin tgid 1888 pid 1888 name "m.android.phone" vma 724fe000
 droid.launcher3-2001  [004] ....  8660.915041: do_swap_page: swapin tgid 2001 pid 2001 name "droid.launcher3" vma 7f289d5000
 droid.launcher3-2001  [004] ....  8660.915048: do_swap_page: swapin tgid 2001 pid 2001 name "droid.launcher3" vma 7f289cd000
 droid.launcher3-2001  [004] ....  8660.915203: do_swap_page: swapin tgid 2001 pid 2001 name "droid.launcher3" vma 7f289cd000
 droid.launcher3-2001  [004] ....  8660.915210: do_swap_page: swapin tgid 2001 pid 2001 name "droid.launcher3" vma 7f28b35000
           <...>-1353  [004] ....  8660.915235: do_swap_page: swapin tgid 1330 pid 1353 name "android.ui" vma 9e6a7000
           <...>-1353  [004] ....  8660.915262: do_swap_page: swapin tgid 1330 pid 1353 name "android.ui" vma 14377000
    android.anim-1356  [004] ....  8660.915285: do_swap_page: swapin tgid 1330 pid 1356 name "android.anim" vma 7ecc75a000
    android.anim-1356  [004] ....  8660.915296: do_swap_page: swapin tgid 1330 pid 1356 name "android.anim" vma 7ecc75b000
    android.anim-1356  [004] ....  8660.915299: do_swap_page: swapin tgid 1330 pid 1356 name "android.anim" vma 7ed0ba8000
    android.anim-1356  [004] ....  8660.915314: do_swap_page: swapin tgid 1330 pid 1356 name "android.anim" vma 7ecc759000
    android.anim-1356  [004] ....  8660.915320: do_swap_page: swapin tgid 1330 pid 1356 name "android.anim" vma 7ecc758000
    android.anim-1356  [004] ....  8660.915325: do_swap_page: swapin tgid 1330 pid 1356 name "android.anim" vma 7f31513000
    android.anim-1356  [004] ....  8660.915351: do_swap_page: swapin tgid 1330 pid 1356 name "android.anim" vma 7fbe26e000
    android.anim-1356  [004] ....  8660.915355: do_swap_page: swapin tgid 1330 pid 1356 name "android.anim" vma 7fbe1b1000
    android.anim-1356  [004] ....  8660.915359: do_swap_page: swapin tgid 1330 pid 1356 name "android.anim" vma 7f2d600000
    android.anim-1356  [004] ....  8660.915361: do_swap_page: swapin tgid 1330 pid 1356 name "android.anim" vma 7fbe1fc000
           <...>-1353  [004] ....  8660.915393: do_swap_page: swapin tgid 1330 pid 1353 name "android.ui" vma 14566000
           <...>-1353  [004] ....  8660.915404: do_swap_page: swapin tgid 1330 pid 1353 name "android.ui" vma 14255000
 droid.launcher3-2001  [004] ....  8660.915432: do_swap_page: swapin tgid 2001 pid 2001 name "droid.launcher3" vma 7f28b35000
 droid.launcher3-2001  [004] ....  8660.915437: do_swap_page: swapin tgid 2001 pid 2001 name "droid.launcher3" vma 7f289be000
 droid.launcher3-2001  [004] ....  8660.915439: do_swap_page: swapin tgid 2001 pid 2001 name "droid.launcher3" vma 7f28b15000
 droid.launcher3-2001  [004] ....  8660.915456: do_swap_page: swapin tgid 2001 pid 2001 name "droid.launcher3" vma 9e4f5000
           <...>-1353  [004] ....  8660.915491: do_swap_page: swapin tgid 1330 pid 1353 name "android.ui" vma 7e848d7000
           <...>-1353  [004] ....  8660.915511: do_swap_page: swapin tgid 1330 pid 1353 name "android.ui" vma 14475000
    android.anim-1356  [004] ....  8660.915542: do_swap_page: swapin tgid 1330 pid 1356 name "android.anim" vma 7fbe1fc000
    android.anim-1356  [004] ....  8660.915548: do_swap_page: swapin tgid 1330 pid 1356 name "android.anim" vma 7fbe1a4000
    android.anim-1356  [004] ....  8660.915581: do_swap_page: swapin tgid 1330 pid 1356 name "android.anim" vma 7f2d611000
    android.anim-1356  [004] ....  8660.915583: do_swap_page: swapin tgid 1330 pid 1356 name "android.anim" vma 7fbe229000
    android.anim-1356  [004] ....  8660.915585: do_swap_page: swapin tgid 1330 pid 1356 name "android.anim" vma 7f28b11000
    android.anim-1356  [004] ....  8660.915587: do_swap_page: swapin tgid 1330 pid 1356 name "android.anim" vma 7f2d62e000
    android.anim-1356  [004] ....  8660.915589: do_swap_page: swapin tgid 1330 pid 1356 name "android.anim" vma 7f289ce000
    android.anim-1356  [004] ....  8660.915591: do_swap_page: swapin tgid 1330 pid 1356 name "android.anim" vma 7fbe30b000
    android.anim-1356  [004] ....  8660.915592: do_swap_page: swapin tgid 1330 pid 1356 name "android.anim" vma 7f28b89000
    android.anim-1356  [004] ....  8660.915594: do_swap_page: swapin tgid 1330 pid 1356 name "android.anim" vma 7f28b0a000
    android.anim-1356  [004] ....  8660.915596: do_swap_page: swapin tgid 1330 pid 1356 name "android.anim" vma 7f28b0c000
    android.anim-1356  [004] ....  8660.915601: do_swap_page: swapin tgid 1330 pid 1356 name "android.anim" vma 7f28b9a000
    android.anim-1356  [004] ....  8660.915602: do_swap_page: swapin tgid 1330 pid 1356 name "android.anim" vma 7f28ba3000
    android.anim-1356  [004] ....  8660.915604: do_swap_page: swapin tgid 1330 pid 1356 name "android.anim" vma 7f2d63f000
 droid.launcher3-2001  [004] ....  8660.915613: do_swap_page: swapin tgid 2001 pid 2001 name "droid.launcher3" vma 9e4f5000
 droid.launcher3-2001  [004] ....  8660.915629: do_swap_page: swapin tgid 2001 pid 2001 name "droid.launcher3" vma 9e502000
 droid.launcher3-2001  [004] ....  8660.915752: do_swap_page: swapin tgid 2001 pid 2001 name "droid.launcher3" vma 9e502000
 droid.launcher3-2001  [004] ....  8660.915757: do_swap_page: swapin tgid 2001 pid 2001 name "droid.launcher3" vma 9e559000
 droid.launcher3-2001  [004] ....  8660.915936: do_swap_page: swapin tgid 2001 pid 2001 name "droid.launcher3" vma 9e559000
 droid.launcher3-2001  [004] ....  8660.915943: do_swap_page: swapin tgid 2001 pid 2001 name "droid.launcher3" vma 9e50b000
 droid.launcher3-2001  [004] ....  8660.916062: do_swap_page: swapin tgid 2001 pid 2001 name "droid.launcher3" vma 9e50b000
 droid.launcher3-2001  [004] ....  8660.916080: do_swap_page: swapin tgid 2001 pid 2001 name "droid.launcher3" vma 9e4d1000
 droid.launcher3-2001  [004] ....  8660.916225: do_swap_page: swapin tgid 2001 pid 2001 name "droid.launcher3" vma 9e4d1000
 droid.launcher3-2001  [004] ....  8660.916235: do_swap_page: swapin tgid 2001 pid 2001 name "droid.launcher3" vma 9e4ab000
 droid.launcher3-2001  [004] ....  8660.916256: do_swap_page: swapin tgid 2001 pid 2001 name "droid.launcher3" vma 7fbe260000
 droid.launcher3-2001  [004] ....  8660.916262: do_swap_page: swapin tgid 2001 pid 2001 name "droid.launcher3" vma 7fbe1a4000
 droid.launcher3-2001  [004] ....  8660.916284: do_swap_page: swapin tgid 2001 pid 2001 name "droid.launcher3" vma 9e45b000
 droid.launcher3-2001  [004] ....  8660.916406: do_swap_page: swapin tgid 2001 pid 2001 name "droid.launcher3" vma 9e45b000
 droid.launcher3-2001  [004] ....  8660.916413: do_swap_page: swapin tgid 2001 pid 2001 name "droid.launcher3" vma 9e507000
 droid.launcher3-2001  [004] ....  8660.916531: do_swap_page: swapin tgid 2001 pid 2001 name "droid.launcher3" vma 9e507000
 droid.launcher3-2001  [004] ....  8660.916537: do_swap_page: swapin tgid 2001 pid 2001 name "droid.launcher3" vma 9e55d000
 ScreenDecoratio-2250  [004] ....  8660.916613: do_swap_page: swapin tgid 1670 pid 2250 name "ScreenDecoratio" vma 132fa000
 ScreenDecoratio-2250  [004] ....  8660.916626: do_swap_page: swapin tgid 1670 pid 2250 name "ScreenDecoratio" vma 7eb58c6000
 ScreenDecoratio-2250  [004] ....  8660.916638: do_swap_page: swapin tgid 1670 pid 2250 name "ScreenDecoratio" vma 7eb58c7000
 ScreenDecoratio-2250  [004] ....  8660.916644: do_swap_page: swapin tgid 1670 pid 2250 name "ScreenDecoratio" vma 13e7f000
 ScreenDecoratio-2250  [004] .n..  8660.916674: do_swap_page: swapin tgid 1670 pid 2250 name "ScreenDecoratio" vma 9e491000
 droid.launcher3-2001  [004] ....  8660.916682: do_swap_page: swapin tgid 2001 pid 2001 name "droid.launcher3" vma 9e55d000
 droid.launcher3-2001  [004] ....  8660.916691: do_swap_page: swapin tgid 2001 pid 2001 name "droid.launcher3" vma 9e59c000
    android.anim-1356  [004] ....  8660.916742: do_swap_page: swapin tgid 1330 pid 1356 name "android.anim" vma 7f28b15000
    android.anim-1356  [004] ....  8660.916745: do_swap_page: swapin tgid 1330 pid 1356 name "android.anim" vma 7f28b1f000
    android.anim-1356  [004] ....  8660.916748: do_swap_page: swapin tgid 1330 pid 1356 name "android.anim" vma 7f28bd7000
    android.anim-1356  [004] ....  8660.916752: do_swap_page: swapin tgid 1330 pid 1356 name "android.anim" vma 7fbe166000
    android.anim-1356  [004] ....  8660.916758: do_swap_page: swapin tgid 1330 pid 1356 name "android.anim" vma 7f28b61000
    android.anim-1356  [004] ....  8660.916761: do_swap_page: swapin tgid 1330 pid 1356 name "android.anim" vma 7f28b4b000
    android.anim-1356  [004] ....  8660.916811: do_swap_page: swapin tgid 1330 pid 1356 name "android.anim" vma 7ed0c4f000
 droid.launcher3-2001  [004] ....  8660.916887: do_swap_page: swapin tgid 2001 pid 2001 name "droid.launcher3" vma 9e59c000
 droid.launcher3-2001  [004] ....  8660.916893: do_swap_page: swapin tgid 2001 pid 2001 name "droid.launcher3" vma 9e5b3000
 m.android.phone-1888  [004] ....  8660.916919: do_swap_page: swapin tgid 1888 pid 1888 name "m.android.phone" vma 724fe000
 m.android.phone-1888  [004] ....  8660.916938: do_swap_page: swapin tgid 1888 pid 1888 name "m.android.phone" vma 714e6000
    android.anim-1356  [004] ....  8660.917000: do_swap_page: swapin tgid 1330 pid 1356 name "android.anim" vma 9e542000
    android.anim-1356  [004] ....  8660.917004: do_swap_page: swapin tgid 1330 pid 1356 name "android.anim" vma 9e7b9000
 android.display-1355  [004] ....  8660.917042: do_swap_page: swapin tgid 1330 pid 1355 name "android.display" vma 7fbe294000
 droid.launcher3-2001  [004] ....  8660.917065: do_swap_page: swapin tgid 2001 pid 2001 name "droid.launcher3" vma 9e5b3000
 droid.launcher3-2001  [004] ....  8660.917071: do_swap_page: swapin tgid 2001 pid 2001 name "droid.launcher3" vma 9e5ac000
    android.anim-1356  [004] ....  8660.917199: do_swap_page: swapin tgid 1330 pid 1356 name "android.anim" vma 9e7b9000
    android.anim-1356  [004] ....  8660.917204: do_swap_page: swapin tgid 1330 pid 1356 name "android.anim" vma 9e685000
 android.display-1355  [004] ....  8660.917230: do_swap_page: swapin tgid 1330 pid 1355 name "android.display" vma 7e5c71a000
 droid.launcher3-2001  [004] ....  8660.917262: do_swap_page: swapin tgid 2001 pid 2001 name "droid.launcher3" vma 9e5ac000
 droid.launcher3-2001  [004] ....  8660.917270: do_swap_page: swapin tgid 2001 pid 2001 name "droid.launcher3" vma 9e5b2000
           <...>-5954  [004] ....  8660.917334: do_swap_page: swapin tgid 5932 pid 5954 name "Binder:5932_2" vma 7f2d629000
           <...>-5954  [004] ....  8660.917343: do_swap_page: swapin tgid 5932 pid 5954 name "Binder:5932_2" vma 7f2e08a000
           <...>-5954  [004] ....  8660.917347: do_swap_page: swapin tgid 5932 pid 5954 name "Binder:5932_2" vma 7f2e08b000
    android.anim-1356  [004] ....  8660.917370: do_swap_page: swapin tgid 1330 pid 1356 name "android.anim" vma 9e685000
    android.anim-1356  [004] ....  8660.917392: do_swap_page: swapin tgid 1330 pid 1356 name "android.anim" vma 7f2afbd000
 m.android.phone-1888  [004] ....  8660.917425: do_swap_page: swapin tgid 1888 pid 1888 name "m.android.phone" vma 714e6000
 droid.launcher3-2001  [004] ....  8660.917458: do_swap_page: swapin tgid 2001 pid 2001 name "droid.launcher3" vma 9e5b2000
 droid.launcher3-2001  [004] ....  8660.917463: do_swap_page: swapin tgid 2001 pid 2001 name "droid.launcher3" vma 9e5aa000
 m.android.phone-1888  [004] ....  8660.917516: do_swap_page: swapin tgid 1888 pid 1888 name "m.android.phone" vma 1476b000
    android.anim-1356  [004] ....  8660.917557: do_swap_page: swapin tgid 1330 pid 1356 name "android.anim" vma 7f2afbd000
    android.anim-1356  [004] ....  8660.917608: do_swap_page: swapin tgid 1330 pid 1356 name "android.anim" vma 9e79a000
 droid.launcher3-2001  [004] ....  8660.917649: do_swap_page: swapin tgid 2001 pid 2001 name "droid.launcher3" vma 9e5aa000
 droid.launcher3-2001  [004] ....  8660.917708: do_swap_page: swapin tgid 2001 pid 2001 name "droid.launcher3" vma 7ecec9b000
           <...>-2510  [004] ....  8660.917749: do_swap_page: swapin tgid 2001 pid 2510 name "RenderThread" vma 7f2d75a000
           <...>-5954  [004] ....  8660.917759: do_swap_page: swapin tgid 5932 pid 5954 name "Binder:5932_2" vma 7f2e08b000
           <...>-5954  [004] ....  8660.917768: do_swap_page: swapin tgid 5932 pid 5954 name "Binder:5932_2" vma 7f2d627000
           <...>-5954  [004] ....  8660.917770: do_swap_page: swapin tgid 5932 pid 5954 name "Binder:5932_2" vma 7fbe180000
           <...>-5954  [004] ....  8660.917785: do_swap_page: swapin tgid 5932 pid 5954 name "Binder:5932_2" vma 7f2d62d000
           <...>-5954  [004] ....  8660.917793: do_swap_page: swapin tgid 5932 pid 5954 name "Binder:5932_2" vma 7f2d615000
           <...>-5954  [004] ....  8660.917795: do_swap_page: swapin tgid 5932 pid 5954 name "Binder:5932_2" vma 7f2d61f000
    android.anim-1356  [004] ....  8660.917816: do_swap_page: swapin tgid 1330 pid 1356 name "android.anim" vma 9e79a000
    android.anim-1356  [004] ....  8660.917825: do_swap_page: swapin tgid 1330 pid 1356 name "android.anim" vma 9e54e000
    android.anim-1356  [004] ....  8660.917827: do_swap_page: swapin tgid 1330 pid 1356 name "android.anim" vma 9e697000
 droid.launcher3-2001  [004] ....  8660.917900: do_swap_page: swapin tgid 2001 pid 2001 name "droid.launcher3" vma 9e4e6000
 droid.launcher3-2001  [004] ....  8660.918052: do_swap_page: swapin tgid 2001 pid 2001 name "droid.launcher3" vma 9e4e6000
 droid.launcher3-2001  [004] ....  8660.918057: do_swap_page: swapin tgid 2001 pid 2001 name "droid.launcher3" vma 9e591000
    android.anim-1356  [004] ....  8660.918082: do_swap_page: swapin tgid 1330 pid 1356 name "android.anim" vma 9e697000
    android.anim-1356  [004] ....  8660.918088: do_swap_page: swapin tgid 1330 pid 1356 name "android.anim" vma 9e654000
           <...>-5954  [004] ....  8660.918145: do_swap_page: swapin tgid 5932 pid 5954 name "Binder:5932_2" vma 7f2d61f000
           <...>-5954  [004] ....  8660.918178: do_swap_page: swapin tgid 5932 pid 5954 name "Binder:5932_2" vma 7f2d62a000
           <...>-5954  [004] ....  8660.918183: do_swap_page: swapin tgid 5932 pid 5954 name "Binder:5932_2" vma 7fba2f9000
           <...>-5954  [004] ....  8660.918197: do_swap_page: swapin tgid 5932 pid 5954 name "Binder:5932_2" vma 7fbe301000
           <...>-5954  [004] ....  8660.918200: do_swap_page: swapin tgid 5932 pid 5954 name "Binder:5932_2" vma 7fbe241000
 droid.launcher3-2001  [004] ....  8660.918217: do_swap_page: swapin tgid 2001 pid 2001 name "droid.launcher3" vma 9e591000
 droid.launcher3-2001  [004] ....  8660.918223: do_swap_page: swapin tgid 2001 pid 2001 name "droid.launcher3" vma 9e53d000
    android.anim-1356  [004] ....  8660.918271: do_swap_page: swapin tgid 1330 pid 1356 name "android.anim" vma 9e654000
    android.anim-1356  [004] ....  8660.918278: do_swap_page: swapin tgid 1330 pid 1356 name "android.anim" vma 9e7c2000
 android.display-1355  [004] ....  8660.918300: do_swap_page: swapin tgid 1330 pid 1355 name "android.display" vma 7e5c71a000
 android.display-1355  [004] ....  8660.918304: do_swap_page: swapin tgid 1330 pid 1355 name "android.display" vma 7e6d4a8000
 android.display-1355  [004] ....  8660.918354: do_swap_page: swapin tgid 1330 pid 1355 name "android.display" vma 7e4dafe000
           <...>-22311 [004] ....  8660.918400: do_swap_page: swapin tgid 6297 pid 22311 name "Binder:6297_7" vma 7fbe241000
           <...>-5954  [004] ....  8660.918436: do_swap_page: swapin tgid 5932 pid 5954 name "Binder:5932_2" vma 7fbe241000
           <...>-5954  [004] ....  8660.918442: do_swap_page: swapin tgid 5932 pid 5954 name "Binder:5932_2" vma 7fbe1e9000
 droid.launcher3-2001  [004] ....  8660.918488: do_swap_page: swapin tgid 2001 pid 2001 name "droid.launcher3" vma 9e53d000
 droid.launcher3-2001  [004] ....  8660.918554: do_swap_page: swapin tgid 2001 pid 2001 name "droid.launcher3" vma 9e555000
    android.anim-1356  [004] ....  8660.918580: do_swap_page: swapin tgid 1330 pid 1356 name "android.anim" vma 9e7c2000
    android.anim-1356  [004] ....  8660.918589: do_swap_page: swapin tgid 1330 pid 1356 name "android.anim" vma 9e4fe000
    android.anim-1356  [004] ....  8660.918593: do_swap_page: swapin tgid 1330 pid 1356 name "android.anim" vma 9e695000
 ScreenDecoratio-2250  [004] ....  8660.918616: do_swap_page: swapin tgid 1670 pid 2250 name "ScreenDecoratio" vma 9e491000
 ScreenDecoratio-2250  [004] ....  8660.918639: do_swap_page: swapin tgid 1670 pid 2250 name "ScreenDecoratio" vma 9e492000
 ScreenDecoratio-2250  [004] ....  8660.918648: do_swap_page: swapin tgid 1670 pid 2250 name "ScreenDecoratio" vma 9e4e2000
 ScreenDecoratio-2250  [004] ....  8660.918664: do_swap_page: swapin tgid 1670 pid 2250 name "ScreenDecoratio" vma 7eb5856000
 droid.launcher3-2001  [004] ....  8660.918729: do_swap_page: swapin tgid 2001 pid 2001 name "droid.launcher3" vma 9e555000
 droid.launcher3-2001  [004] ....  8660.918738: do_swap_page: swapin tgid 2001 pid 2001 name "droid.launcher3" vma 9e47c000
    android.anim-1356  [004] ....  8660.918783: do_swap_page: swapin tgid 1330 pid 1356 name "android.anim" vma 9e695000
    android.anim-1356  [004] ....  8660.918803: do_swap_page: swapin tgid 1330 pid 1356 name "android.anim" vma 9e762000
 droid.launcher3-2001  [004] ....  8660.918853: do_swap_page: swapin tgid 2001 pid 2001 name "droid.launcher3" vma 9e47c000
 droid.launcher3-2001  [004] ....  8660.918858: do_swap_page: swapin tgid 2001 pid 2001 name "droid.launcher3" vma 9e54f000
 droid.launcher3-2001  [004] ....  8660.918861: do_swap_page: swapin tgid 2001 pid 2001 name "droid.launcher3" vma 9e4fe000
 ScreenDecoratio-2250  [004] ....  8660.918893: do_swap_page: swapin tgid 1670 pid 2250 name "ScreenDecoratio" vma 7f2d804000
 ScreenDecoratio-2250  [004] ....  8660.918899: do_swap_page: swapin tgid 1670 pid 2250 name "ScreenDecoratio" vma 7f2d80c000
    android.anim-1356  [004] ....  8660.918945: do_swap_page: swapin tgid 1330 pid 1356 name "android.anim" vma 9e762000
    android.anim-1356  [004] ....  8660.918956: do_swap_page: swapin tgid 1330 pid 1356 name "android.anim" vma 9e4f7000
    android.anim-1356  [004] ....  8660.918959: do_swap_page: swapin tgid 1330 pid 1356 name "android.anim" vma 9e628000
           <...>-22311 [004] ....  8660.919008: do_swap_page: swapin tgid 6297 pid 22311 name "Binder:6297_7" vma 7fbe241000
           <...>-22311 [004] ....  8660.919041: do_swap_page: swapin tgid 6297 pid 22311 name "Binder:6297_7" vma 7e724e9000
           <...>-22311 [004] ....  8660.919049: do_swap_page: swapin tgid 6297 pid 22311 name "Binder:6297_7" vma 7e7f592000
           <...>-22311 [004] ....  8660.919059: do_swap_page: swapin tgid 6297 pid 22311 name "Binder:6297_7" vma 153c5000
 stagram.android-6297  [004] ....  8660.919112: do_swap_page: swapin tgid 6297 pid 6297 name "stagram.android" vma 134e4000
 stagram.android-6297  [004] ....  8660.919119: do_swap_page: swapin tgid 6297 pid 6297 name "stagram.android" vma 13210000
 stagram.android-6297  [004] ....  8660.919122: do_swap_page: swapin tgid 6297 pid 6297 name "stagram.android" vma 1320f000
 stagram.android-6297  [004] ....  8660.919170: do_swap_page: swapin tgid 6297 pid 6297 name "stagram.android" vma 7fbcdb5000
           <...>-5954  [004] ....  8660.919197: do_swap_page: swapin tgid 5932 pid 5954 name "Binder:5932_2" vma 7fbe1e9000
           <...>-5954  [004] ....  8660.919208: do_swap_page: swapin tgid 5932 pid 5954 name "Binder:5932_2" vma 7fbe165000
    android.anim-1356  [004] ....  8660.919224: do_swap_page: swapin tgid 1330 pid 1356 name "android.anim" vma 9e628000
    android.anim-1356  [004] ....  8660.919254: do_swap_page: swapin tgid 1330 pid 1356 name "android.anim" vma 7ecc757000
    android.anim-1356  [004] ....  8660.919268: do_swap_page: swapin tgid 1330 pid 1356 name "android.anim" vma 14306000
    android.anim-1356  [004] ....  8660.919277: do_swap_page: swapin tgid 1330 pid 1356 name "android.anim" vma 9e51e000
    android.anim-1356  [004] ....  8660.919279: do_swap_page: swapin tgid 1330 pid 1356 name "android.anim" vma 9e65e000
    android.anim-1356  [004] ....  8660.919437: do_swap_page: swapin tgid 1330 pid 1356 name "android.anim" vma 9e65e000
    android.anim-1356  [004] ....  8660.919444: do_swap_page: swapin tgid 1330 pid 1356 name "android.anim" vma 9e53d000
    android.anim-1356  [004] ....  8660.919445: do_swap_page: swapin tgid 1330 pid 1356 name "android.anim" vma 9e681000
 droid.launcher3-2001  [004] ....  8660.919478: do_swap_page: swapin tgid 2001 pid 2001 name "droid.launcher3" vma 9e4fe000
 droid.launcher3-2001  [004] ....  8660.919484: do_swap_page: swapin tgid 2001 pid 2001 name "droid.launcher3" vma 9e5a8000
 m.android.phone-1888  [004] ....  8660.919532: do_swap_page: swapin tgid 1888 pid 1888 name "m.android.phone" vma 7247a000
    android.anim-1356  [004] ....  8660.919585: do_swap_page: swapin tgid 1330 pid 1356 name "android.anim" vma 9e681000
    android.anim-1356  [004] ....  8660.919595: do_swap_page: swapin tgid 1330 pid 1356 name "android.anim" vma 9e679000
           <...>-5954  [004] ....  8660.919646: do_swap_page: swapin tgid 5932 pid 5954 name "Binder:5932_2" vma 7fbe165000
           <...>-5954  [004] ....  8660.919654: do_swap_page: swapin tgid 5932 pid 5954 name "Binder:5932_2" vma 7f2d65f000
           <...>-5954  [004] ....  8660.919658: do_swap_page: swapin tgid 5932 pid 5954 name "Binder:5932_2" vma 7fbd562000
 droid.launcher3-2001  [004] ....  8660.919679: do_swap_page: swapin tgid 2001 pid 2001 name "droid.launcher3" vma 9e5a8000
 droid.launcher3-2001  [004] ....  8660.919707: do_swap_page: swapin tgid 2001 pid 2001 name "droid.launcher3" vma 12f56000
 droid.launcher3-2001  [004] ....  8660.919734: do_swap_page: swapin tgid 2001 pid 2001 name "droid.launcher3" vma 9e4f3000
    android.anim-1356  [004] ....  8660.919784: do_swap_page: swapin tgid 1330 pid 1356 name "android.anim" vma 9e679000
    android.anim-1356  [004] ....  8660.919793: do_swap_page: swapin tgid 1330 pid 1356 name "android.anim" vma 7f20fb8000
 android.display-1355  [004] ....  8660.919819: do_swap_page: swapin tgid 1330 pid 1355 name "android.display" vma 7e4dafe000
 android.display-1355  [004] ....  8660.919850: do_swap_page: swapin tgid 1330 pid 1355 name "android.display" vma 7e6d4ab000
 android.display-1355  [004] ....  8660.919870: do_swap_page: swapin tgid 1330 pid 1355 name "android.display" vma 7e6d4be000
 android.display-1355  [004] ....  8660.919903: do_swap_page: swapin tgid 1330 pid 1355 name "android.display" vma 7e6d61c000
 droid.launcher3-2001  [004] ....  8660.919924: do_swap_page: swapin tgid 2001 pid 2001 name "droid.launcher3" vma 9e4f3000
 droid.launcher3-2001  [004] ....  8660.919929: do_swap_page: swapin tgid 2001 pid 2001 name "droid.launcher3" vma 9e503000
 android.display-1355  [004] ....  8660.920012: do_swap_page: swapin tgid 1330 pid 1355 name "android.display" vma 7e6d53e000
 droid.launcher3-2001  [004] ....  8660.920069: do_swap_page: swapin tgid 2001 pid 2001 name "droid.launcher3" vma 9e503000
 droid.launcher3-2001  [004] ....  8660.920075: do_swap_page: swapin tgid 2001 pid 2001 name "droid.launcher3" vma 9e46c000
           <...>-6570  [004] ....  8660.920104: do_swap_page: swapin tgid 6491 pid 6570 name "Binder:6491_3" vma 7f28b14000
           <...>-6570  [004] ....  8660.920113: do_swap_page: swapin tgid 6491 pid 6570 name "Binder:6491_3" vma 7eba9bf000
           <...>-6570  [004] ....  8660.920117: do_swap_page: swapin tgid 6491 pid 6570 name "Binder:6491_3" vma 7eba9c0000
           <...>-18554 [004] ....  8660.920136: do_swap_page: swapin tgid 18538 pid 18554 name "Binder:18538_2" vma 7f28abc000
           <...>-18554 [004] ....  8660.920145: do_swap_page: swapin tgid 18538 pid 18554 name "Binder:18538_2" vma 7f2e08a000
           <...>-18554 [004] ....  8660.920149: do_swap_page: swapin tgid 18538 pid 18554 name "Binder:18538_2" vma 7f2e08b000
  Binder:21506_4-25547 [004] ....  8660.920201: do_swap_page: swapin tgid 21506 pid 25547 name "Binder:21506_4" vma 7fbe241000
  Binder:29674_5-29901 [004] ....  8660.920225: do_swap_page: swapin tgid 29674 pid 29901 name "Binder:29674_5" vma 7f2d629000
  Binder:29674_5-29901 [004] ....  8660.920232: do_swap_page: swapin tgid 29674 pid 29901 name "Binder:29674_5" vma 7ed469c000
  Binder:29674_5-29901 [004] ....  8660.920236: do_swap_page: swapin tgid 29674 pid 29901 name "Binder:29674_5" vma 7ed469d000
           <...>-30961 [004] ....  8660.920258: do_swap_page: swapin tgid 30940 pid 30961 name "Binder:30940_3" vma 7f28b4c000
           <...>-30961 [004] ....  8660.920265: do_swap_page: swapin tgid 30940 pid 30961 name "Binder:30940_3" vma 7f2dbef000
           <...>-30961 [004] ....  8660.920269: do_swap_page: swapin tgid 30940 pid 30961 name "Binder:30940_3" vma 7f2dbf0000
           <...>-30961 [004] ....  8660.920271: do_swap_page: swapin tgid 30940 pid 30961 name "Binder:30940_3" vma 7f28b86000
           <...>-30961 [004] ....  8660.920275: do_swap_page: swapin tgid 30940 pid 30961 name "Binder:30940_3" vma 7fbe180000
           <...>-30961 [004] ....  8660.920284: do_swap_page: swapin tgid 30940 pid 30961 name "Binder:30940_3" vma 7fbe22c000
           <...>-30961 [004] ....  8660.920287: do_swap_page: swapin tgid 30940 pid 30961 name "Binder:30940_3" vma 7f28ac2000
           <...>-30961 [004] ....  8660.920290: do_swap_page: swapin tgid 30940 pid 30961 name "Binder:30940_3" vma 7fbe1c0000
           <...>-30961 [004] ....  8660.920297: do_swap_page: swapin tgid 30940 pid 30961 name "Binder:30940_3" vma 7fba2f9000
           <...>-30961 [004] ....  8660.920300: do_swap_page: swapin tgid 30940 pid 30961 name "Binder:30940_3" vma 7fbe342000
           <...>-30961 [004] ....  8660.920303: do_swap_page: swapin tgid 30940 pid 30961 name "Binder:30940_3" vma 7fbe241000
           <...>-30961 [004] ....  8660.920305: do_swap_page: swapin tgid 30940 pid 30961 name "Binder:30940_3" vma 7fbe1e9000
           <...>-30961 [004] ....  8660.920309: do_swap_page: swapin tgid 30940 pid 30961 name "Binder:30940_3" vma 7f393dc000
           <...>-30961 [004] ....  8660.920311: do_swap_page: swapin tgid 30940 pid 30961 name "Binder:30940_3" vma 7fbe165000
           <...>-30961 [004] ....  8660.920313: do_swap_page: swapin tgid 30940 pid 30961 name "Binder:30940_3" vma 7f289cf000
           <...>-30961 [004] ....  8660.920316: do_swap_page: swapin tgid 30940 pid 30961 name "Binder:30940_3" vma 7fbd562000
           <...>-30961 [004] ....  8660.920319: do_swap_page: swapin tgid 30940 pid 30961 name "Binder:30940_3" vma 7fbcdb6000
           <...>-30961 [004] ....  8660.920321: do_swap_page: swapin tgid 30940 pid 30961 name "Binder:30940_3" vma 7f28b18000
           <...>-30961 [004] ....  8660.920324: do_swap_page: swapin tgid 30940 pid 30961 name "Binder:30940_3" vma 7f393da000
           <...>-30961 [004] ....  8660.920327: do_swap_page: swapin tgid 30940 pid 30961 name "Binder:30940_3" vma 7fbe23c000
           <...>-30961 [004] ....  8660.920328: do_swap_page: swapin tgid 30940 pid 30961 name "Binder:30940_3" vma 7f289d0000
           <...>-30961 [004] ....  8660.920331: do_swap_page: swapin tgid 30940 pid 30961 name "Binder:30940_3" vma 7f3194f000
           <...>-30961 [004] ....  8660.920335: do_swap_page: swapin tgid 30940 pid 30961 name "Binder:30940_3" vma 12c45000
           <...>-30961 [004] ....  8660.920340: do_swap_page: swapin tgid 30940 pid 30961 name "Binder:30940_3" vma 7fbe286000
           <...>-30961 [004] ....  8660.920343: do_swap_page: swapin tgid 30940 pid 30961 name "Binder:30940_3" vma 7fbe285000
           <...>-30961 [004] ....  8660.920345: do_swap_page: swapin tgid 30940 pid 30961 name "Binder:30940_3" vma 7f393db000
           <...>-30961 [004] ....  8660.920346: do_swap_page: swapin tgid 30940 pid 30961 name "Binder:30940_3" vma 7fbe1f8000
           <...>-30961 [004] ....  8660.920350: do_swap_page: swapin tgid 30940 pid 30961 name "Binder:30940_3" vma 12c40000
           <...>-30961 [004] ....  8660.920352: do_swap_page: swapin tgid 30940 pid 30961 name "Binder:30940_3" vma 12c4b000
           <...>-30961 [004] ....  8660.920356: do_swap_page: swapin tgid 30940 pid 30961 name "Binder:30940_3" vma 7fbe24e000
           <...>-30961 [004] ....  8660.920361: do_swap_page: swapin tgid 30940 pid 30961 name "Binder:30940_3" vma 7fb9c36000
           <...>-30961 [004] ....  8660.920364: do_swap_page: swapin tgid 30940 pid 30961 name "Binder:30940_3" vma 7f2dbee000
           <...>-30961 [004] ....  8660.920365: do_swap_page: swapin tgid 30940 pid 30961 name "Binder:30940_3" vma 12c80000
           <...>-30961 [004] ....  8660.920369: do_swap_page: swapin tgid 30940 pid 30961 name "Binder:30940_3" vma 7f34f62000
           <...>-30961 [004] ....  8660.920371: do_swap_page: swapin tgid 30940 pid 30961 name "Binder:30940_3" vma 12c43000
           <...>-30961 [004] ....  8660.920375: do_swap_page: swapin tgid 30940 pid 30961 name "Binder:30940_3" vma 7fbe1e7000
           <...>-30961 [004] ....  8660.920377: do_swap_page: swapin tgid 30940 pid 30961 name "Binder:30940_3" vma 7fbe17f000
           <...>-30961 [004] ....  8660.920378: do_swap_page: swapin tgid 30940 pid 30961 name "Binder:30940_3" vma 7fbe20a000
           <...>-30961 [004] ....  8660.920381: do_swap_page: swapin tgid 30940 pid 30961 name "Binder:30940_3" vma 7fbd565000
           <...>-30961 [004] ....  8660.920383: do_swap_page: swapin tgid 30940 pid 30961 name "Binder:30940_3" vma 7fbd561000
           <...>-30961 [004] ....  8660.920388: do_swap_page: swapin tgid 30940 pid 30961 name "Binder:30940_3" vma 7f28b7d000
           <...>-30961 [004] ....  8660.920389: do_swap_page: swapin tgid 30940 pid 30961 name "Binder:30940_3" vma 7fbe303000
           <...>-30961 [004] ....  8660.920392: do_swap_page: swapin tgid 30940 pid 30961 name "Binder:30940_3" vma 7fbe1d3000
           <...>-30961 [004] ....  8660.920394: do_swap_page: swapin tgid 30940 pid 30961 name "Binder:30940_3" vma 7f28b5f000
           <...>-30961 [004] ....  8660.920397: do_swap_page: swapin tgid 30940 pid 30961 name "Binder:30940_3" vma 7f2d145000
           <...>-30961 [004] ....  8660.920399: do_swap_page: swapin tgid 30940 pid 30961 name "Binder:30940_3" vma 7f39800000
           <...>-30961 [004] ....  8660.920403: do_swap_page: swapin tgid 30940 pid 30961 name "Binder:30940_3" vma 7f395f0000
           <...>-30961 [004] ....  8660.920406: do_swap_page: swapin tgid 30940 pid 30961 name "Binder:30940_3" vma 12c4a000
           <...>-30961 [004] ....  8660.920408: do_swap_page: swapin tgid 30940 pid 30961 name "Binder:30940_3" vma 7f350d9000
           <...>-30961 [004] ....  8660.920412: do_swap_page: swapin tgid 30940 pid 30961 name "Binder:30940_3" vma 72478000
           <...>-5954  [004] ....  8660.920429: do_swap_page: swapin tgid 5932 pid 5954 name "Binder:5932_2" vma 7fbd562000
           <...>-5954  [004] ....  8660.920436: do_swap_page: swapin tgid 5932 pid 5954 name "Binder:5932_2" vma 7fbcdb6000
           <...>-5954  [004] ....  8660.920438: do_swap_page: swapin tgid 5932 pid 5954 name "Binder:5932_2" vma 7f2d61a000
           <...>-5954  [004] ....  8660.920444: do_swap_page: swapin tgid 5932 pid 5954 name "Binder:5932_2" vma 7f3194f000
    android.anim-1356  [004] ....  8660.920461: do_swap_page: swapin tgid 1330 pid 1356 name "android.anim" vma 7f20fb8000
    android.anim-1356  [004] ....  8660.920466: do_swap_page: swapin tgid 1330 pid 1356 name "android.anim" vma 7f20fb7000
    android.anim-1356  [004] ....  8660.920486: do_swap_page: swapin tgid 1330 pid 1356 name "android.anim" vma 7e5df2e000
 droid.launcher3-2001  [004] ....  8660.920518: do_swap_page: swapin tgid 2001 pid 2001 name "droid.launcher3" vma 9e46c000
 droid.launcher3-2001  [004] ....  8660.920523: do_swap_page: swapin tgid 2001 pid 2001 name "droid.launcher3" vma 9e56c000
           <...>-6570  [004] ....  8660.920628: do_swap_page: swapin tgid 6491 pid 6570 name "Binder:6491_3" vma 7eba9c0000
           <...>-6570  [004] ....  8660.920636: do_swap_page: swapin tgid 6491 pid 6570 name "Binder:6491_3" vma 7f28d13000
           <...>-6570  [004] ....  8660.920640: do_swap_page: swapin tgid 6491 pid 6570 name "Binder:6491_3" vma 7fbe180000
           <...>-6570  [004] ....  8660.920663: do_swap_page: swapin tgid 6491 pid 6570 name "Binder:6491_3" vma 7fbe1d0000
           <...>-6570  [004] ....  8660.920671: do_swap_page: swapin tgid 6491 pid 6570 name "Binder:6491_3" vma 7fbe23b000
           <...>-6570  [004] ....  8660.920673: do_swap_page: swapin tgid 6491 pid 6570 name "Binder:6491_3" vma 7f28ac2000
           <...>-6570  [004] ....  8660.920676: do_swap_page: swapin tgid 6491 pid 6570 name "Binder:6491_3" vma 7f28e60000
           <...>-6570  [004] ....  8660.920680: do_swap_page: swapin tgid 6491 pid 6570 name "Binder:6491_3" vma 7fba2f9000
           <...>-6570  [004] ....  8660.920683: do_swap_page: swapin tgid 6491 pid 6570 name "Binder:6491_3" vma 7fbe301000
           <...>-6570  [004] ....  8660.920702: do_swap_page: swapin tgid 6491 pid 6570 name "Binder:6491_3" vma 7fbe241000
    android.anim-1356  [004] ....  8660.920717: do_swap_page: swapin tgid 1330 pid 1356 name "android.anim" vma 7e5df2e000
    android.anim-1356  [004] ....  8660.920740: do_swap_page: swapin tgid 1330 pid 1356 name "android.anim" vma 9e4e1000
    android.anim-1356  [004] ....  8660.920745: do_swap_page: swapin tgid 1330 pid 1356 name "android.anim" vma 9e530000
    android.anim-1356  [004] ....  8660.920747: do_swap_page: swapin tgid 1330 pid 1356 name "android.anim" vma 12e00000
    android.anim-1356  [004] ....  8660.920765: do_swap_page: swapin tgid 1330 pid 1356 name "android.anim" vma 9e76b000
           <...>-1694  [004] ....  8660.920799: do_swap_page: swapin tgid 1670 pid 1694 name "Binder:1670_1" vma 7fbe23d000
           <...>-1694  [004] ....  8660.920815: do_swap_page: swapin tgid 1670 pid 1694 name "Binder:1670_1" vma 9e4ef000
           <...>-1694  [004] ....  8660.920826: do_swap_page: swapin tgid 1670 pid 1694 name "Binder:1670_1" vma 9e6de000
 droid.launcher3-2001  [004] ....  8660.920853: do_swap_page: swapin tgid 2001 pid 2001 name "droid.launcher3" vma 9e56c000
 droid.launcher3-2001  [004] ....  8660.920861: do_swap_page: swapin tgid 2001 pid 2001 name "droid.launcher3" vma 9e566000
    android.anim-1356  [004] ....  8660.920905: do_swap_page: swapin tgid 1330 pid 1356 name "android.anim" vma 9e76b000
    android.anim-1356  [004] ....  8660.920933: do_swap_page: swapin tgid 1330 pid 1356 name "android.anim" vma 7ed1caf000
           <...>-1694  [004] ....  8660.920975: do_swap_page: swapin tgid 1670 pid 1694 name "Binder:1670_1" vma 9e6de000
  Binder:1330_14-5322  [004] ....  8660.921021: do_swap_page: swapin tgid 1330 pid 5322 name "Binder:1330_14" vma 7e6d3d1000
  Binder:21506_4-25547 [004] ....  8660.921073: do_swap_page: swapin tgid 21506 pid 25547 name "Binder:21506_4" vma 7fbe241000
  Binder:21506_4-25547 [004] ....  8660.921087: do_swap_page: swapin tgid 21506 pid 25547 name "Binder:21506_4" vma 13027000
  Binder:21506_4-25547 [004] ....  8660.921111: do_swap_page: swapin tgid 21506 pid 25547 name "Binder:21506_4" vma 7f2d61e000
    android.anim-1356  [004] ....  8660.921157: do_swap_page: swapin tgid 1330 pid 1356 name "android.anim" vma 7ed1caf000
    android.anim-1356  [004] ....  8660.921187: do_swap_page: swapin tgid 1330 pid 1356 name "android.anim" vma 7fbc1f4000
 droid.launcher3-2001  [004] ....  8660.921211: do_swap_page: swapin tgid 2001 pid 2001 name "droid.launcher3" vma 9e566000
 droid.launcher3-2001  [004] ....  8660.921220: do_swap_page: swapin tgid 2001 pid 2001 name "droid.launcher3" vma 13d18000
  Binder:1330_14-5322  [004] ....  8660.921259: do_swap_page: swapin tgid 1330 pid 5322 name "Binder:1330_14" vma 7e6d3d1000
  Binder:1330_14-5322  [004] ....  8660.921274: do_swap_page: swapin tgid 1330 pid 5322 name "Binder:1330_14" vma 9e483000
  Binder:1330_14-5322  [004] ....  8660.921277: do_swap_page: swapin tgid 1330 pid 5322 name "Binder:1330_14" vma 9e703000
    android.anim-1356  [004] ....  8660.921316: do_swap_page: swapin tgid 1330 pid 1356 name "android.anim" vma 7fbc1f4000
    android.anim-1356  [004] ....  8660.921322: do_swap_page: swapin tgid 1330 pid 1356 name "android.anim" vma 9e75f000
 droid.launcher3-2001  [004] ....  8660.921366: do_swap_page: swapin tgid 2001 pid 2001 name "droid.launcher3" vma 13d18000
 droid.launcher3-2001  [004] ....  8660.921377: do_swap_page: swapin tgid 2001 pid 2001 name "droid.launcher3" vma 9e4d4000
