 droid.launcher3-2001  [004] ....  6995.376338: do_swap_page: swapin tgid 2001 pid 2001 name "droid.launcher3" vma 1300f000
 droid.launcher3-2001  [004] ....  6995.376357: do_swap_page: swapin tgid 2001 pid 2001 name "droid.launcher3" vma 7249a000
 droid.launcher3-2001  [004] ....  6995.376675: do_swap_page: swapin tgid 2001 pid 2001 name "droid.launcher3" vma 7249a000
 droid.launcher3-2001  [004] ....  6995.376682: do_swap_page: swapin tgid 2001 pid 2001 name "droid.launcher3" vma 7249b000
           <...>-6315  [004] ....  6995.376751: do_swap_page: swapin tgid 6297 pid 6315 name "Binder:6297_2" vma 142c2000
           <...>-6315  [004] ....  6995.376768: do_swap_page: swapin tgid 6297 pid 6315 name "Binder:6297_2" vma 7fbe310000
           <...>-6315  [004] ....  6995.376772: do_swap_page: swapin tgid 6297 pid 6315 name "Binder:6297_2" vma 7fbe311000
           <...>-6315  [004] ....  6995.376776: do_swap_page: swapin tgid 6297 pid 6315 name "Binder:6297_2" vma 7fbe168000
           <...>-6315  [004] ....  6995.376780: do_swap_page: swapin tgid 6297 pid 6315 name "Binder:6297_2" vma 7f2d679000
           <...>-6315  [004] ....  6995.376794: do_swap_page: swapin tgid 6297 pid 6315 name "Binder:6297_2" vma 7f2d74b000
           <...>-6315  [004] ....  6995.376800: do_swap_page: swapin tgid 6297 pid 6315 name "Binder:6297_2" vma 7ea4d59000
           <...>-6315  [004] ....  6995.376803: do_swap_page: swapin tgid 6297 pid 6315 name "Binder:6297_2" vma 7f2d726000
           <...>-6315  [004] ....  6995.376846: do_swap_page: swapin tgid 6297 pid 6315 name "Binder:6297_2" vma 12d1c000
           <...>-6315  [004] ....  6995.376850: do_swap_page: swapin tgid 6297 pid 6315 name "Binder:6297_2" vma 12d1b000
           <...>-6315  [004] ....  6995.376852: do_swap_page: swapin tgid 6297 pid 6315 name "Binder:6297_2" vma 13cf2000
           <...>-6315  [004] ....  6995.376856: do_swap_page: swapin tgid 6297 pid 6315 name "Binder:6297_2" vma 13cef000
           <...>-6315  [004] ....  6995.376858: do_swap_page: swapin tgid 6297 pid 6315 name "Binder:6297_2" vma 12ea4000
           <...>-6315  [004] ....  6995.376863: do_swap_page: swapin tgid 6297 pid 6315 name "Binder:6297_2" vma 7f2d301000
 droid.launcher3-2001  [004] ....  6995.376881: do_swap_page: swapin tgid 2001 pid 2001 name "droid.launcher3" vma 7249b000
 droid.launcher3-2001  [004] ....  6995.376910: do_swap_page: swapin tgid 2001 pid 2001 name "droid.launcher3" vma 7eceab2000
 droid.launcher3-2001  [004] ....  6995.376920: do_swap_page: swapin tgid 2001 pid 2001 name "droid.launcher3" vma 7248f000
    android.anim-1356  [004] ....  6995.377057: do_swap_page: swapin tgid 1330 pid 1356 name "android.anim" vma 7e847ec000
    android.anim-1356  [004] ....  6995.377094: do_swap_page: swapin tgid 1330 pid 1356 name "android.anim" vma 7fbb8b4000
    android.anim-1356  [004] ....  6995.377108: do_swap_page: swapin tgid 1330 pid 1356 name "android.anim" vma 7f39809000
    android.anim-1356  [004] ....  6995.377163: do_swap_page: swapin tgid 1330 pid 1356 name "android.anim" vma 7e5d8ff000
    android.anim-1356  [004] ....  6995.377173: do_swap_page: swapin tgid 1330 pid 1356 name "android.anim" vma 7ed0d17000
 droid.launcher3-2001  [004] ....  6995.377201: do_swap_page: swapin tgid 2001 pid 2001 name "droid.launcher3" vma 7248f000
 droid.launcher3-2001  [004] ....  6995.377225: do_swap_page: swapin tgid 2001 pid 2001 name "droid.launcher3" vma 13309000
 droid.launcher3-2001  [004] ....  6995.377236: do_swap_page: swapin tgid 2001 pid 2001 name "droid.launcher3" vma 13337000
 droid.launcher3-2001  [004] ....  6995.377406: do_swap_page: swapin tgid 2001 pid 2001 name "droid.launcher3" vma 13337000
 droid.launcher3-2001  [004] ....  6995.377458: do_swap_page: swapin tgid 2001 pid 2001 name "droid.launcher3" vma 9e4ad000
 android.display-1355  [004] ....  6995.377489: do_swap_page: swapin tgid 1330 pid 1355 name "android.display" vma 9e673000
 android.display-1355  [004] ....  6995.377541: do_swap_page: swapin tgid 1330 pid 1355 name "android.display" vma 7ed1cb9000
 droid.launcher3-2001  [004] ....  6995.377600: do_swap_page: swapin tgid 2001 pid 2001 name "droid.launcher3" vma 9e4ad000
 droid.launcher3-2001  [004] ....  6995.377611: do_swap_page: swapin tgid 2001 pid 2001 name "droid.launcher3" vma 9e47a000
    android.anim-1356  [004] ....  6995.377646: do_swap_page: swapin tgid 1330 pid 1356 name "android.anim" vma 7ed0ce6000
           <...>-628   [004] ....  6995.377684: do_swap_page: swapin tgid 602 pid 628 name "Binder:602_2" vma 7fb79a9000
    android.anim-1356  [004] ....  6995.377769: do_swap_page: swapin tgid 1330 pid 1356 name "android.anim" vma 7e5d900000
    android.anim-1356  [004] ....  6995.377779: do_swap_page: swapin tgid 1330 pid 1356 name "android.anim" vma 7f39807000
           <...>-628   [004] ....  6995.377839: do_swap_page: swapin tgid 602 pid 628 name "Binder:602_2" vma 7fb79ab000
 android.display-1355  [004] ....  6995.377866: do_swap_page: swapin tgid 1330 pid 1355 name "android.display" vma 7ed1cb9000
 android.display-1355  [004] ....  6995.377954: do_swap_page: swapin tgid 1330 pid 1355 name "android.display" vma 7f2d7ac000
 android.display-1355  [004] ....  6995.377966: do_swap_page: swapin tgid 1330 pid 1355 name "android.display" vma 7f2d6eb000
 android.display-1355  [004] ....  6995.377980: do_swap_page: swapin tgid 1330 pid 1355 name "android.display" vma 7eb4199000
           <...>-6297  [004] ....  6995.378083: do_swap_page: swapin tgid 6297 pid 6297 name "stagram.android" vma 7fba331000
           <...>-6297  [004] ....  6995.378095: do_swap_page: swapin tgid 6297 pid 6297 name "stagram.android" vma 7fffffa000
           <...>-6297  [004] ....  6995.378130: do_swap_page: swapin tgid 6297 pid 6297 name "stagram.android" vma 13cd3000
           <...>-6297  [004] ....  6995.378134: do_swap_page: swapin tgid 6297 pid 6297 name "stagram.android" vma 12ea5000
           <...>-6297  [004] ....  6995.378145: do_swap_page: swapin tgid 6297 pid 6297 name "stagram.android" vma 7e80131000
           <...>-6297  [004] ....  6995.378149: do_swap_page: swapin tgid 6297 pid 6297 name "stagram.android" vma 7e8019c000
           <...>-6297  [004] ....  6995.378187: do_swap_page: swapin tgid 6297 pid 6297 name "stagram.android" vma 1319e000
           <...>-6297  [004] ....  6995.378204: do_swap_page: swapin tgid 6297 pid 6297 name "stagram.android" vma 12ea8000
           <...>-6297  [004] ....  6995.378208: do_swap_page: swapin tgid 6297 pid 6297 name "stagram.android" vma 12ec7000
           <...>-6297  [004] ....  6995.378210: do_swap_page: swapin tgid 6297 pid 6297 name "stagram.android" vma 12ea9000
           <...>-6297  [004] ....  6995.378216: do_swap_page: swapin tgid 6297 pid 6297 name "stagram.android" vma 725cd000
           <...>-6297  [004] ....  6995.378221: do_swap_page: swapin tgid 6297 pid 6297 name "stagram.android" vma 725c8000
           <...>-6297  [004] ....  6995.378223: do_swap_page: swapin tgid 6297 pid 6297 name "stagram.android" vma 725d1000
           <...>-6297  [004] ....  6995.378226: do_swap_page: swapin tgid 6297 pid 6297 name "stagram.android" vma 72470000
           <...>-6297  [004] ....  6995.378229: do_swap_page: swapin tgid 6297 pid 6297 name "stagram.android" vma 72479000
           <...>-6297  [004] ....  6995.378233: do_swap_page: swapin tgid 6297 pid 6297 name "stagram.android" vma 1321c000
           <...>-6297  [004] ....  6995.378237: do_swap_page: swapin tgid 6297 pid 6297 name "stagram.android" vma 12ec8000
           <...>-6297  [004] ....  6995.378239: do_swap_page: swapin tgid 6297 pid 6297 name "stagram.android" vma 131a0000
           <...>-6297  [004] ....  6995.378242: do_swap_page: swapin tgid 6297 pid 6297 name "stagram.android" vma 9e5a3000
           <...>-2744  [004] ....  6995.378363: do_swap_page: swapin tgid 2001 pid 2744 name "Binder:2001_5" vma 7f2d760000
 droid.launcher3-2001  [004] ....  6995.378409: do_swap_page: swapin tgid 2001 pid 2001 name "droid.launcher3" vma 9e47a000
 droid.launcher3-2001  [004] ....  6995.378422: do_swap_page: swapin tgid 2001 pid 2001 name "droid.launcher3" vma 13175000
           <...>-628   [004] ....  6995.378459: do_swap_page: swapin tgid 602 pid 628 name "Binder:602_2" vma 7fb79ab000
           <...>-628   [004] ....  6995.378473: do_swap_page: swapin tgid 602 pid 628 name "Binder:602_2" vma 7faa5fe000
           <...>-628   [004] ....  6995.378486: do_swap_page: swapin tgid 602 pid 628 name "Binder:602_2" vma 7fbaafe000
           <...>-628   [004] ....  6995.378494: do_swap_page: swapin tgid 602 pid 628 name "Binder:602_2" vma 7fbaaff000
           <...>-628   [004] ....  6995.378496: do_swap_page: swapin tgid 602 pid 628 name "Binder:602_2" vma 7fbab00000
           <...>-628   [004] ....  6995.378499: do_swap_page: swapin tgid 602 pid 628 name "Binder:602_2" vma 7fb7a1d000
           <...>-628   [004] ....  6995.378507: do_swap_page: swapin tgid 602 pid 628 name "Binder:602_2" vma 7fb92a9000
   Binder:1670_8-2897  [004] ....  6995.378576: do_swap_page: swapin tgid 1670 pid 2897 name "Binder:1670_8" vma 7ea4d13000
           <...>-6297  [004] ....  6995.378689: do_swap_page: swapin tgid 6297 pid 6297 name "stagram.android" vma 9e5a3000
           <...>-6297  [004] ....  6995.378695: do_swap_page: swapin tgid 6297 pid 6297 name "stagram.android" vma 9e5e8000
           <...>-6297  [004] ....  6995.378698: do_swap_page: swapin tgid 6297 pid 6297 name "stagram.android" vma 9e5e9000
           <...>-6297  [004] ....  6995.378700: do_swap_page: swapin tgid 6297 pid 6297 name "stagram.android" vma 131a1000
           <...>-6297  [004] ....  6995.378702: do_swap_page: swapin tgid 6297 pid 6297 name "stagram.android" vma 9e4e0000
           <...>-6297  [004] ....  6995.378705: do_swap_page: swapin tgid 6297 pid 6297 name "stagram.android" vma 9e4e1000
 droid.launcher3-2001  [004] ....  6995.378759: do_swap_page: swapin tgid 2001 pid 2001 name "droid.launcher3" vma 13175000
 droid.launcher3-2001  [004] ....  6995.378829: do_swap_page: swapin tgid 2001 pid 2001 name "droid.launcher3" vma 132cb000
           <...>-628   [004] ....  6995.378861: do_swap_page: swapin tgid 602 pid 628 name "Binder:602_2" vma 7fb92a9000
           <...>-628   [004] ....  6995.378867: do_swap_page: swapin tgid 602 pid 628 name "Binder:602_2" vma 7fb92aa000
 ndroid.systemui-1670  [004] ....  6995.378906: do_swap_page: swapin tgid 1670 pid 1670 name "ndroid.systemui" vma 9e5dc000
 ndroid.systemui-1670  [004] ....  6995.378910: do_swap_page: swapin tgid 1670 pid 1670 name "ndroid.systemui" vma 9e68c000
           <...>-6315  [004] ....  6995.378960: do_swap_page: swapin tgid 6297 pid 6315 name "Binder:6297_2" vma 7f2d301000
           <...>-6315  [004] ....  6995.378969: do_swap_page: swapin tgid 6297 pid 6315 name "Binder:6297_2" vma 7f2d326000
           <...>-6315  [004] ....  6995.379024: do_swap_page: swapin tgid 6297 pid 6315 name "Binder:6297_2" vma 7f2d689000
           <...>-6297  [004] ....  6995.379105: do_swap_page: swapin tgid 6297 pid 6297 name "stagram.android" vma 9e4e1000
           <...>-6297  [004] ....  6995.379111: do_swap_page: swapin tgid 6297 pid 6297 name "stagram.android" vma 131cd000
           <...>-6297  [004] ....  6995.379117: do_swap_page: swapin tgid 6297 pid 6297 name "stagram.android" vma 9e543000
           <...>-6297  [004] ....  6995.379120: do_swap_page: swapin tgid 6297 pid 6297 name "stagram.android" vma 9e544000
 droid.launcher3-2001  [004] ....  6995.379161: do_swap_page: swapin tgid 2001 pid 2001 name "droid.launcher3" vma 132cb000
 droid.launcher3-2001  [004] ....  6995.379192: do_swap_page: swapin tgid 2001 pid 2001 name "droid.launcher3" vma 13314000
           <...>-628   [004] ....  6995.379223: do_swap_page: swapin tgid 602 pid 628 name "Binder:602_2" vma 7fb92aa000
           <...>-732   [004] ....  6995.379317: do_swap_page: swapin tgid 602 pid 732 name "Binder:602_3" vma 7fba802000
           <...>-732   [004] ....  6995.379323: do_swap_page: swapin tgid 602 pid 732 name "Binder:602_3" vma 7fba803000
           <...>-732   [004] ....  6995.379340: do_swap_page: swapin tgid 602 pid 732 name "Binder:602_3" vma 7fba805000
           <...>-732   [004] ....  6995.379371: do_swap_page: swapin tgid 602 pid 732 name "Binder:602_3" vma 7fba63c000
           <...>-655   [004] ....  6995.379381: do_swap_page: swapin tgid 602 pid 655 name "ImageManager" vma 7fb6393000
           <...>-655   [004] ....  6995.379385: do_swap_page: swapin tgid 602 pid 655 name "ImageManager" vma 7fb6392000
           <...>-655   [004] ....  6995.379401: do_swap_page: swapin tgid 602 pid 655 name "ImageManager" vma 7fba669000
           <...>-655   [004] ....  6995.379404: do_swap_page: swapin tgid 602 pid 655 name "ImageManager" vma 7fb79bf000
           <...>-655   [004] ....  6995.379406: do_swap_page: swapin tgid 602 pid 655 name "ImageManager" vma 7fb79c0000
           <...>-655   [004] ....  6995.379410: do_swap_page: swapin tgid 602 pid 655 name "ImageManager" vma 7fbc7b3000
           <...>-6297  [004] ....  6995.379454: do_swap_page: swapin tgid 6297 pid 6297 name "stagram.android" vma 9e544000
           <...>-6297  [004] ....  6995.379460: do_swap_page: swapin tgid 6297 pid 6297 name "stagram.android" vma 9e476000
           <...>-6297  [004] ....  6995.379463: do_swap_page: swapin tgid 6297 pid 6297 name "stagram.android" vma 9e477000
 droid.launcher3-2001  [004] ....  6995.379510: do_swap_page: swapin tgid 2001 pid 2001 name "droid.launcher3" vma 13314000
 droid.launcher3-2001  [004] ....  6995.379522: do_swap_page: swapin tgid 2001 pid 2001 name "droid.launcher3" vma 13313000
           <...>-655   [004] ....  6995.379636: do_swap_page: swapin tgid 602 pid 655 name "ImageManager" vma 7fbc7b3000
           <...>-655   [004] ....  6995.379652: do_swap_page: swapin tgid 602 pid 655 name "ImageManager" vma 7fb92da000
           <...>-655   [004] ....  6995.379660: do_swap_page: swapin tgid 602 pid 655 name "ImageManager" vma 7fbe1de000
           <...>-6297  [004] ....  6995.379753: do_swap_page: swapin tgid 6297 pid 6297 name "stagram.android" vma 9e477000
           <...>-6297  [004] ....  6995.379758: do_swap_page: swapin tgid 6297 pid 6297 name "stagram.android" vma 131ce000
           <...>-6297  [004] ....  6995.379760: do_swap_page: swapin tgid 6297 pid 6297 name "stagram.android" vma 9e59a000
           <...>-6297  [004] ....  6995.379763: do_swap_page: swapin tgid 6297 pid 6297 name "stagram.android" vma 9e59b000
 droid.launcher3-2001  [004] ....  6995.379780: do_swap_page: swapin tgid 2001 pid 2001 name "droid.launcher3" vma 13313000
 droid.launcher3-2001  [004] ....  6995.379791: do_swap_page: swapin tgid 2001 pid 2001 name "droid.launcher3" vma 13312000
 ndroid.systemui-1670  [004] ....  6995.379826: do_swap_page: swapin tgid 1670 pid 1670 name "ndroid.systemui" vma 9e68c000
 ndroid.systemui-1670  [004] ....  6995.379835: do_swap_page: swapin tgid 1670 pid 1670 name "ndroid.systemui" vma 9e679000
           <...>-655   [004] ....  6995.379893: do_swap_page: swapin tgid 602 pid 655 name "ImageManager" vma 7fbe1de000
           <...>-655   [004] ....  6995.379900: do_swap_page: swapin tgid 602 pid 655 name "ImageManager" vma 7fb82fe000
           <...>-6297  [004] ....  6995.379942: do_swap_page: swapin tgid 6297 pid 6297 name "stagram.android" vma 9e59b000
           <...>-6297  [004] ....  6995.379948: do_swap_page: swapin tgid 6297 pid 6297 name "stagram.android" vma 131e5000
           <...>-6297  [004] ....  6995.379950: do_swap_page: swapin tgid 6297 pid 6297 name "stagram.android" vma 12ea2000
           <...>-6297  [004] ....  6995.379952: do_swap_page: swapin tgid 6297 pid 6297 name "stagram.android" vma 132b8000
           <...>-6297  [004] ....  6995.379955: do_swap_page: swapin tgid 6297 pid 6297 name "stagram.android" vma 12ea1000
           <...>-6297  [004] ....  6995.379957: do_swap_page: swapin tgid 6297 pid 6297 name "stagram.android" vma 9e48c000
           <...>-655   [004] ....  6995.380105: do_swap_page: swapin tgid 602 pid 655 name "ImageManager" vma 7fb82fe000
           <...>-655   [004] ....  6995.380117: do_swap_page: swapin tgid 602 pid 655 name "ImageManager" vma 7fbe1df000
 droid.launcher3-2001  [004] ....  6995.380165: do_swap_page: swapin tgid 2001 pid 2001 name "droid.launcher3" vma 13312000
 droid.launcher3-2001  [004] ....  6995.380181: do_swap_page: swapin tgid 2001 pid 2001 name "droid.launcher3" vma 1330f000
    android.anim-1356  [004] ....  6995.380233: do_swap_page: swapin tgid 1330 pid 1356 name "android.anim" vma 7e847ed000
           <...>-655   [004] ....  6995.380289: do_swap_page: swapin tgid 602 pid 655 name "ImageManager" vma 7fbe1df000
           <...>-655   [004] ....  6995.380294: do_swap_page: swapin tgid 602 pid 655 name "ImageManager" vma 7fbe1d8000
           <...>-655   [004] ....  6995.380301: do_swap_page: swapin tgid 602 pid 655 name "ImageManager" vma 7fb7edd000
           <...>-655   [004] ....  6995.380487: do_swap_page: swapin tgid 602 pid 655 name "ImageManager" vma 7fb7edd000
           <...>-655   [004] ....  6995.380499: do_swap_page: swapin tgid 602 pid 655 name "ImageManager" vma 7fbe230000
           <...>-6297  [004] ....  6995.380523: do_swap_page: swapin tgid 6297 pid 6297 name "stagram.android" vma 9e48c000
           <...>-6297  [004] ....  6995.380529: do_swap_page: swapin tgid 6297 pid 6297 name "stagram.android" vma 1353c000
           <...>-6297  [004] ....  6995.380534: do_swap_page: swapin tgid 6297 pid 6297 name "stagram.android" vma 12f85000
           <...>-6297  [004] ....  6995.380540: do_swap_page: swapin tgid 6297 pid 6297 name "stagram.android" vma 9e4e2000
           <...>-6297  [004] ....  6995.380542: do_swap_page: swapin tgid 6297 pid 6297 name "stagram.android" vma 9e4e3000
 droid.launcher3-2001  [004] ....  6995.380558: do_swap_page: swapin tgid 2001 pid 2001 name "droid.launcher3" vma 1330f000
 droid.launcher3-2001  [004] ....  6995.380564: do_swap_page: swapin tgid 2001 pid 2001 name "droid.launcher3" vma 13310000
           <...>-655   [004] ....  6995.380632: do_swap_page: swapin tgid 602 pid 655 name "ImageManager" vma 7fbe230000
           <...>-655   [004] ....  6995.380640: do_swap_page: swapin tgid 602 pid 655 name "ImageManager" vma 7fb958c000
           <...>-655   [004] ....  6995.380991: do_swap_page: swapin tgid 602 pid 655 name "ImageManager" vma 7fba661000
           <...>-655   [004] ....  6995.380994: do_swap_page: swapin tgid 602 pid 655 name "ImageManager" vma 7fba662000
           <...>-655   [004] ....  6995.380996: do_swap_page: swapin tgid 602 pid 655 name "ImageManager" vma 7fba663000
           <...>-655   [004] ....  6995.380998: do_swap_page: swapin tgid 602 pid 655 name "ImageManager" vma 7fba664000
           <...>-655   [004] ....  6995.381000: do_swap_page: swapin tgid 602 pid 655 name "ImageManager" vma 7fba665000
           <...>-655   [004] ....  6995.381023: do_swap_page: swapin tgid 602 pid 655 name "ImageManager" vma 7fba626000
           <...>-655   [004] ....  6995.381026: do_swap_page: swapin tgid 602 pid 655 name "ImageManager" vma 7fbe1f6000
           <...>-732   [004] ....  6995.381117: do_swap_page: swapin tgid 602 pid 732 name "Binder:602_3" vma 7fba6e8000
           <...>-732   [004] ....  6995.381139: do_swap_page: swapin tgid 602 pid 732 name "Binder:602_3" vma 7fba6e9000
           <...>-655   [004] ....  6995.381179: do_swap_page: swapin tgid 602 pid 655 name "ImageManager" vma 7fbe1f6000
           <...>-655   [004] ....  6995.381182: do_swap_page: swapin tgid 602 pid 655 name "ImageManager" vma 7fbe1f4000
           <...>-6297  [004] ....  6995.381217: do_swap_page: swapin tgid 6297 pid 6297 name "stagram.android" vma 9e4e3000
           <...>-6297  [004] ....  6995.381223: do_swap_page: swapin tgid 6297 pid 6297 name "stagram.android" vma 9e4ec000
           <...>-6297  [004] ....  6995.381225: do_swap_page: swapin tgid 6297 pid 6297 name "stagram.android" vma 9e4ed000
 droid.launcher3-2001  [004] ....  6995.381294: do_swap_page: swapin tgid 2001 pid 2001 name "droid.launcher3" vma 13310000
           <...>-655   [004] ....  6995.381336: do_swap_page: swapin tgid 602 pid 655 name "ImageManager" vma 7fbe1f4000
           <...>-655   [004] ....  6995.381353: do_swap_page: swapin tgid 602 pid 655 name "ImageManager" vma 7fbe234000
 droid.launcher3-2001  [004] ....  6995.381435: do_swap_page: swapin tgid 2001 pid 2001 name "droid.launcher3" vma 9e58f000
           <...>-655   [004] ....  6995.381493: do_swap_page: swapin tgid 602 pid 655 name "ImageManager" vma 7fbe234000
           <...>-655   [004] ....  6995.381500: do_swap_page: swapin tgid 602 pid 655 name "ImageManager" vma 7fba66a000
           <...>-655   [004] ....  6995.381506: do_swap_page: swapin tgid 602 pid 655 name "ImageManager" vma 7fba65b000
           <...>-655   [004] ....  6995.381518: do_swap_page: swapin tgid 602 pid 655 name "ImageManager" vma 7fbe233000
    android.anim-1356  [004] ....  6995.381557: do_swap_page: swapin tgid 1330 pid 1356 name "android.anim" vma 7f3985f000
    android.anim-1356  [004] ....  6995.381572: do_swap_page: swapin tgid 1330 pid 1356 name "android.anim" vma 7f39866000
    android.anim-1356  [004] ....  6995.381575: do_swap_page: swapin tgid 1330 pid 1356 name "android.anim" vma 7fbd771000
    android.anim-1356  [004] ....  6995.381582: do_swap_page: swapin tgid 1330 pid 1356 name "android.anim" vma 7f3982b000
           <...>-655   [004] ....  6995.381679: do_swap_page: swapin tgid 602 pid 655 name "ImageManager" vma 7fbe233000
           <...>-655   [004] ....  6995.381684: do_swap_page: swapin tgid 602 pid 655 name "ImageManager" vma 7fbe1c8000
           <...>-6297  [004] ....  6995.381713: do_swap_page: swapin tgid 6297 pid 6297 name "stagram.android" vma 9e4ed000
           <...>-6297  [004] ....  6995.381719: do_swap_page: swapin tgid 6297 pid 6297 name "stagram.android" vma 12f87000
           <...>-6297  [004] ....  6995.381722: do_swap_page: swapin tgid 6297 pid 6297 name "stagram.android" vma 12ecd000
           <...>-6297  [004] ....  6995.381725: do_swap_page: swapin tgid 6297 pid 6297 name "stagram.android" vma 9e488000
           <...>-6297  [004] ....  6995.381726: do_swap_page: swapin tgid 6297 pid 6297 name "stagram.android" vma 9e489000
 droid.launcher3-2001  [004] ....  6995.381744: do_swap_page: swapin tgid 2001 pid 2001 name "droid.launcher3" vma 9e58f000
           <...>-655   [004] ....  6995.381825: do_swap_page: swapin tgid 602 pid 655 name "ImageManager" vma 7fbe1c8000
 ndroid.systemui-1670  [004] ....  6995.382964: do_swap_page: swapin tgid 1670 pid 1670 name "ndroid.systemui" vma 9e679000
 ndroid.systemui-1670  [004] ....  6995.382973: do_swap_page: swapin tgid 1670 pid 1670 name "ndroid.systemui" vma 13ebc000
 ndroid.systemui-1670  [004] ....  6995.382980: do_swap_page: swapin tgid 1670 pid 1670 name "ndroid.systemui" vma 9e5a7000
 android.display-1355  [004] ....  6995.383069: do_swap_page: swapin tgid 1330 pid 1355 name "android.display" vma 9e4c8000
    android.anim-1356  [004] ....  6995.383114: do_swap_page: swapin tgid 1330 pid 1356 name "android.anim" vma 14072000
    android.anim-1356  [004] ....  6995.383144: do_swap_page: swapin tgid 1330 pid 1356 name "android.anim" vma 7f211a8000
 ndroid.systemui-1670  [004] ....  6995.383361: do_swap_page: swapin tgid 1670 pid 1670 name "ndroid.systemui" vma 9e73d000
     logd.writer-565   [004] ....  6995.383429: do_swap_page: swapin tgid 555 pid 565 name "logd.writer" vma 7fbbe8a000
           <...>-6297  [004] ....  6995.384067: do_swap_page: swapin tgid 6297 pid 6297 name "stagram.android" vma 9e489000
           <...>-6297  [004] ....  6995.384089: do_swap_page: swapin tgid 6297 pid 6297 name "stagram.android" vma 9e5f6000
           <...>-6297  [004] ....  6995.384092: do_swap_page: swapin tgid 6297 pid 6297 name "stagram.android" vma 9e5f7000
 android.display-1355  [004] ....  6995.384124: do_swap_page: swapin tgid 1330 pid 1355 name "android.display" vma 9e4c8000
 android.display-1355  [004] ....  6995.384130: do_swap_page: swapin tgid 1330 pid 1355 name "android.display" vma 9e7a9000
    android.anim-1356  [004] ....  6995.384157: do_swap_page: swapin tgid 1330 pid 1356 name "android.anim" vma 7f211a8000
    android.anim-1356  [004] ....  6995.384163: do_swap_page: swapin tgid 1330 pid 1356 name "android.anim" vma 7ed1a09000
    android.anim-1356  [004] ....  6995.384184: do_swap_page: swapin tgid 1330 pid 1356 name "android.anim" vma 9e870000
    android.anim-1356  [004] ....  6995.384193: do_swap_page: swapin tgid 1330 pid 1356 name "android.anim" vma 9e7ab000
 ndroid.systemui-1670  [004] ....  6995.384211: do_swap_page: swapin tgid 1670 pid 1670 name "ndroid.systemui" vma 9e73d000
 ndroid.systemui-1670  [004] ....  6995.384216: do_swap_page: swapin tgid 1670 pid 1670 name "ndroid.systemui" vma 9e680000
 android.display-1355  [004] ....  6995.384314: do_swap_page: swapin tgid 1330 pid 1355 name "android.display" vma 9e7a9000
 android.display-1355  [004] ....  6995.384319: do_swap_page: swapin tgid 1330 pid 1355 name "android.display" vma 9e727000
           <...>-6297  [004] ....  6995.384388: do_swap_page: swapin tgid 6297 pid 6297 name "stagram.android" vma 9e5f7000
           <...>-6297  [004] ....  6995.384394: do_swap_page: swapin tgid 6297 pid 6297 name "stagram.android" vma 12f65000
           <...>-6297  [004] ....  6995.384396: do_swap_page: swapin tgid 6297 pid 6297 name "stagram.android" vma 12f66000
           <...>-6297  [004] ....  6995.384398: do_swap_page: swapin tgid 6297 pid 6297 name "stagram.android" vma 9e5ea000
           <...>-6297  [004] ....  6995.384400: do_swap_page: swapin tgid 6297 pid 6297 name "stagram.android" vma 9e5eb000
    android.anim-1356  [004] ....  6995.384414: do_swap_page: swapin tgid 1330 pid 1356 name "android.anim" vma 9e7ab000
    android.anim-1356  [004] ....  6995.384452: do_swap_page: swapin tgid 1330 pid 1356 name "android.anim" vma 7f28a5b000
 ndroid.systemui-1670  [004] ....  6995.384483: do_swap_page: swapin tgid 1670 pid 1670 name "ndroid.systemui" vma 9e680000
 ndroid.systemui-1670  [004] ....  6995.384491: do_swap_page: swapin tgid 1670 pid 1670 name "ndroid.systemui" vma 13eab000
 ndroid.systemui-1670  [004] ....  6995.384511: do_swap_page: swapin tgid 1670 pid 1670 name "ndroid.systemui" vma 9e748000
 android.display-1355  [004] ....  6995.384532: do_swap_page: swapin tgid 1330 pid 1355 name "android.display" vma 9e727000
 android.display-1355  [004] ....  6995.384558: do_swap_page: swapin tgid 1330 pid 1355 name "android.display" vma 7f2d6e2000
 android.display-1355  [004] ....  6995.384561: do_swap_page: swapin tgid 1330 pid 1355 name "android.display" vma 7f2d6e3000
 android.display-1355  [004] ....  6995.384603: do_swap_page: swapin tgid 1330 pid 1355 name "android.display" vma 1517e000
 android.display-1355  [004] ....  6995.384608: do_swap_page: swapin tgid 1330 pid 1355 name "android.display" vma 151bd000
           <...>-1360  [004] ....  6995.384760: do_swap_page: swapin tgid 1330 pid 1360 name "android.bg" vma 141be000
           <...>-1360  [004] ....  6995.384766: do_swap_page: swapin tgid 1330 pid 1360 name "android.bg" vma 141d1000
           <...>-1360  [004] ....  6995.384768: do_swap_page: swapin tgid 1330 pid 1360 name "android.bg" vma 141d2000
           <...>-1360  [004] ....  6995.384770: do_swap_page: swapin tgid 1330 pid 1360 name "android.bg" vma 141d5000
           <...>-1360  [004] ....  6995.384772: do_swap_page: swapin tgid 1330 pid 1360 name "android.bg" vma 141d6000
           <...>-1360  [004] ....  6995.384782: do_swap_page: swapin tgid 1330 pid 1360 name "android.bg" vma 141cc000
           <...>-1360  [004] ....  6995.384788: do_swap_page: swapin tgid 1330 pid 1360 name "android.bg" vma 141cd000
           <...>-1360  [004] ....  6995.384790: do_swap_page: swapin tgid 1330 pid 1360 name "android.bg" vma 141d0000
           <...>-1360  [004] ....  6995.384793: do_swap_page: swapin tgid 1330 pid 1360 name "android.bg" vma 141c7000
           <...>-1360  [004] ....  6995.384795: do_swap_page: swapin tgid 1330 pid 1360 name "android.bg" vma 141c8000
           <...>-1360  [004] ....  6995.384797: do_swap_page: swapin tgid 1330 pid 1360 name "android.bg" vma 141cb000
           <...>-1360  [004] ....  6995.384800: do_swap_page: swapin tgid 1330 pid 1360 name "android.bg" vma 141bf000
           <...>-1360  [004] ....  6995.384802: do_swap_page: swapin tgid 1330 pid 1360 name "android.bg" vma 141c0000
           <...>-1360  [004] ....  6995.384803: do_swap_page: swapin tgid 1330 pid 1360 name "android.bg" vma 141c5000
           <...>-1360  [004] ....  6995.384818: do_swap_page: swapin tgid 1330 pid 1360 name "android.bg" vma 9e7bc000
           <...>-6297  [004] ....  6995.384869: do_swap_page: swapin tgid 6297 pid 6297 name "stagram.android" vma 9e5eb000
           <...>-6297  [004] ....  6995.384874: do_swap_page: swapin tgid 6297 pid 6297 name "stagram.android" vma 9e4f2000
           <...>-6297  [004] ....  6995.384876: do_swap_page: swapin tgid 6297 pid 6297 name "stagram.android" vma 9e4f3000
    android.anim-1356  [004] ....  6995.384892: do_swap_page: swapin tgid 1330 pid 1356 name "android.anim" vma 7f28a5b000
    android.anim-1356  [004] ....  6995.384918: do_swap_page: swapin tgid 1330 pid 1356 name "android.anim" vma 7f28980000
 ndroid.systemui-1670  [004] ....  6995.384948: do_swap_page: swapin tgid 1670 pid 1670 name "ndroid.systemui" vma 9e748000
           <...>-1360  [004] ....  6995.384989: do_swap_page: swapin tgid 1330 pid 1360 name "android.bg" vma 9e7bc000
           <...>-6297  [004] ....  6995.385082: do_swap_page: swapin tgid 6297 pid 6297 name "stagram.android" vma 9e4f3000
           <...>-6297  [004] ....  6995.385088: do_swap_page: swapin tgid 6297 pid 6297 name "stagram.android" vma 12f67000
           <...>-6297  [004] ....  6995.385093: do_swap_page: swapin tgid 6297 pid 6297 name "stagram.android" vma 9e59f000
           <...>-6297  [004] ....  6995.385095: do_swap_page: swapin tgid 6297 pid 6297 name "stagram.android" vma 9e5a0000
    android.anim-1356  [004] ....  6995.385111: do_swap_page: swapin tgid 1330 pid 1356 name "android.anim" vma 7f28980000
    android.anim-1356  [004] ....  6995.385117: do_swap_page: swapin tgid 1330 pid 1356 name "android.anim" vma 7f28adb000
    android.anim-1356  [004] ....  6995.385143: do_swap_page: swapin tgid 1330 pid 1356 name "android.anim" vma 7f28a5a000
    android.anim-1356  [004] ....  6995.385281: do_swap_page: swapin tgid 1330 pid 1356 name "android.anim" vma 7f28a5a000
    android.anim-1356  [004] ....  6995.385285: do_swap_page: swapin tgid 1330 pid 1356 name "android.anim" vma 7fbd36f000
    android.anim-1356  [004] ....  6995.385300: do_swap_page: swapin tgid 1330 pid 1356 name "android.anim" vma 7f39863000
    android.anim-1356  [004] ....  6995.385370: do_swap_page: swapin tgid 1330 pid 1356 name "android.anim" vma 7e846a3000
    android.anim-1356  [004] ....  6995.385373: do_swap_page: swapin tgid 1330 pid 1356 name "android.anim" vma 7f28bd8000
    android.anim-1356  [004] ....  6995.385377: do_swap_page: swapin tgid 1330 pid 1356 name "android.anim" vma 7e6d595000
    android.anim-1356  [004] ....  6995.385406: do_swap_page: swapin tgid 1330 pid 1356 name "android.anim" vma 7e5de94000
    android.anim-1356  [004] ....  6995.385438: do_swap_page: swapin tgid 1330 pid 1356 name "android.anim" vma 13d21000
    android.anim-1356  [004] ....  6995.385444: do_swap_page: swapin tgid 1330 pid 1356 name "android.anim" vma 13fbc000
    android.anim-1356  [004] ....  6995.385451: do_swap_page: swapin tgid 1330 pid 1356 name "android.anim" vma 7eb92fa000
    android.anim-1356  [004] ....  6995.385627: do_swap_page: swapin tgid 1330 pid 1356 name "android.anim" vma 7eb92fa000
    android.anim-1356  [004] ....  6995.385634: do_swap_page: swapin tgid 1330 pid 1356 name "android.anim" vma 7e6d344000
    android.anim-1356  [004] ....  6995.385788: do_swap_page: swapin tgid 1330 pid 1356 name "android.anim" vma 7e6d344000
    android.anim-1356  [004] ....  6995.385792: do_swap_page: swapin tgid 1330 pid 1356 name "android.anim" vma 7e5d818000
    android.anim-1356  [004] ....  6995.385964: do_swap_page: swapin tgid 1330 pid 1356 name "android.anim" vma 7e5d818000
    android.anim-1356  [004] ....  6995.385967: do_swap_page: swapin tgid 1330 pid 1356 name "android.anim" vma 7e5d819000
           <...>-602   [004] ....  6995.386152: do_swap_page: swapin tgid 602 pid 602 name "surfaceflinger" vma 7faa6b8000
           <...>-602   [004] ....  6995.386175: do_swap_page: swapin tgid 602 pid 602 name "surfaceflinger" vma 7faa789000
           <...>-602   [004] ....  6995.386180: do_swap_page: swapin tgid 602 pid 602 name "surfaceflinger" vma 7fba62b000
           <...>-602   [004] ....  6995.386186: do_swap_page: swapin tgid 602 pid 602 name "surfaceflinger" vma 7faa78a000
           <...>-602   [004] ....  6995.386200: do_swap_page: swapin tgid 602 pid 602 name "surfaceflinger" vma 7faa825000
           <...>-602   [004] ....  6995.386205: do_swap_page: swapin tgid 602 pid 602 name "surfaceflinger" vma 7faa75e000
           <...>-602   [004] ....  6995.386211: do_swap_page: swapin tgid 602 pid 602 name "surfaceflinger" vma 7faa7b8000
           <...>-602   [004] ....  6995.386214: do_swap_page: swapin tgid 602 pid 602 name "surfaceflinger" vma 7faa7b9000
           <...>-602   [004] ....  6995.386661: do_swap_page: swapin tgid 602 pid 602 name "surfaceflinger" vma 7fbc20e000
           <...>-602   [004] ....  6995.386666: do_swap_page: swapin tgid 602 pid 602 name "surfaceflinger" vma 7fb7a0e000
           <...>-602   [004] ....  6995.386670: do_swap_page: swapin tgid 602 pid 602 name "surfaceflinger" vma 7fbc211000
           <...>-602   [004] ....  6995.386770: do_swap_page: swapin tgid 602 pid 602 name "surfaceflinger" vma 7fb7a13000
           <...>-602   [004] ....  6995.386778: do_swap_page: swapin tgid 602 pid 602 name "surfaceflinger" vma 7faa630000
           <...>-602   [004] ....  6995.388930: do_swap_page: swapin tgid 602 pid 602 name "surfaceflinger" vma 7fbc7b6000
           <...>-602   [004] ....  6995.389134: do_swap_page: swapin tgid 602 pid 602 name "surfaceflinger" vma 7fbc7b6000
           <...>-602   [004] ....  6995.389142: do_swap_page: swapin tgid 602 pid 602 name "surfaceflinger" vma 7fbe1e7000
           <...>-602   [004] ....  6995.389309: do_swap_page: swapin tgid 602 pid 602 name "surfaceflinger" vma 7fbe1e7000
           <...>-602   [004] ....  6995.389315: do_swap_page: swapin tgid 602 pid 602 name "surfaceflinger" vma 7fbe33f000
           <...>-602   [004] ....  6995.389319: do_swap_page: swapin tgid 602 pid 602 name "surfaceflinger" vma 7fbe2ef000
           <...>-602   [004] ....  6995.389322: do_swap_page: swapin tgid 602 pid 602 name "surfaceflinger" vma 7fbf6ff000
           <...>-6297  [004] ....  6995.389454: do_swap_page: swapin tgid 6297 pid 6297 name "stagram.android" vma 9e5a0000
           <...>-6297  [004] ....  6995.389461: do_swap_page: swapin tgid 6297 pid 6297 name "stagram.android" vma 9e5b7000
           <...>-6297  [004] ....  6995.389464: do_swap_page: swapin tgid 6297 pid 6297 name "stagram.android" vma 9e5b8000
           <...>-6297  [004] ....  6995.389465: do_swap_page: swapin tgid 6297 pid 6297 name "stagram.android" vma 9e55b000
           <...>-6297  [004] ....  6995.389468: do_swap_page: swapin tgid 6297 pid 6297 name "stagram.android" vma 9e55c000
           <...>-6297  [004] ....  6995.389470: do_swap_page: swapin tgid 6297 pid 6297 name "stagram.android" vma 12f68000
           <...>-6297  [004] ....  6995.389473: do_swap_page: swapin tgid 6297 pid 6297 name "stagram.android" vma 9e52b000
           <...>-6297  [004] ....  6995.389475: do_swap_page: swapin tgid 6297 pid 6297 name "stagram.android" vma 9e52c000
           <...>-602   [004] ....  6995.389503: do_swap_page: swapin tgid 602 pid 602 name "surfaceflinger" vma 7fbf6ff000
 droid.launcher3-2001  [004] ....  6995.389595: do_swap_page: swapin tgid 2001 pid 2001 name "droid.launcher3" vma 7ec95c0000
 droid.launcher3-2001  [004] ....  6995.389609: do_swap_page: swapin tgid 2001 pid 2001 name "droid.launcher3" vma 7fbe1d4000
 droid.launcher3-2001  [004] ....  6995.389628: do_swap_page: swapin tgid 2001 pid 2001 name "droid.launcher3" vma 7ec95c2000
 droid.launcher3-2001  [004] ....  6995.389635: do_swap_page: swapin tgid 2001 pid 2001 name "droid.launcher3" vma 7ec95c3000
           <...>-2510  [004] ....  6995.389825: do_swap_page: swapin tgid 2001 pid 2510 name "RenderThread" vma 7f2d6a2000
           <...>-2510  [004] ....  6995.389833: do_swap_page: swapin tgid 2001 pid 2510 name "RenderThread" vma 7f2d6a3000
 droid.launcher3-2001  [004] ....  6995.390734: do_swap_page: swapin tgid 2001 pid 2001 name "droid.launcher3" vma 9e55e000
 droid.launcher3-2001  [004] ....  6995.390777: do_swap_page: swapin tgid 2001 pid 2001 name "droid.launcher3" vma 7f350d7000
    android.anim-1356  [004] ....  6995.391031: do_swap_page: swapin tgid 1330 pid 1356 name "android.anim" vma 7e5d819000
    android.anim-1356  [004] ....  6995.391040: do_swap_page: swapin tgid 1330 pid 1356 name "android.anim" vma 7e5d81a000
           <...>-6297  [004] ....  6995.391516: do_swap_page: swapin tgid 6297 pid 6297 name "stagram.android" vma 9e52c000
           <...>-6297  [004] ....  6995.391524: do_swap_page: swapin tgid 6297 pid 6297 name "stagram.android" vma 12f6a000
           <...>-6297  [004] ....  6995.391526: do_swap_page: swapin tgid 6297 pid 6297 name "stagram.android" vma 9e5ac000
           <...>-6297  [004] ....  6995.391529: do_swap_page: swapin tgid 6297 pid 6297 name "stagram.android" vma 9e5ad000
    android.anim-1356  [004] ....  6995.391548: do_swap_page: swapin tgid 1330 pid 1356 name "android.anim" vma 7e5d81a000
    android.anim-1356  [004] ....  6995.391562: do_swap_page: swapin tgid 1330 pid 1356 name "android.anim" vma 7ed0cff000
    android.anim-1356  [004] ....  6995.391819: do_swap_page: swapin tgid 1330 pid 1356 name "android.anim" vma 7ed0cff000
    android.anim-1356  [004] ....  6995.391886: do_swap_page: swapin tgid 1330 pid 1356 name "android.anim" vma 7e5d81b000
    android.anim-1356  [004] ....  6995.392556: do_swap_page: swapin tgid 1330 pid 1356 name "android.anim" vma 7e5d81b000
    android.anim-1356  [004] ....  6995.392594: do_swap_page: swapin tgid 1330 pid 1356 name "android.anim" vma 9e78a000
    android.anim-1356  [004] ....  6995.393524: do_swap_page: swapin tgid 1330 pid 1356 name "android.anim" vma 9e78a000
    android.anim-1356  [004] ....  6995.393553: do_swap_page: swapin tgid 1330 pid 1356 name "android.anim" vma 9e5ba000
    android.anim-1356  [004] ....  6995.393700: do_swap_page: swapin tgid 1330 pid 1356 name "android.anim" vma 9e5ba000
           <...>-732   [004] ....  6995.393815: do_swap_page: swapin tgid 602 pid 732 name "Binder:602_3" vma 7fbd512000
           <...>-732   [004] ....  6995.393854: do_swap_page: swapin tgid 602 pid 732 name "Binder:602_3" vma 7fb79aa000
    android.anim-1356  [004] ....  6995.394335: do_swap_page: swapin tgid 1330 pid 1356 name "android.anim" vma 9e778000
    android.anim-1356  [004] ....  6995.394457: do_swap_page: swapin tgid 1330 pid 1356 name "android.anim" vma 9e778000
    android.anim-1356  [004] ....  6995.394467: do_swap_page: swapin tgid 1330 pid 1356 name "android.anim" vma 7246e000
    android.anim-1356  [004] ....  6995.394602: do_swap_page: swapin tgid 1330 pid 1356 name "android.anim" vma 7f28ae7000
    android.anim-1356  [004] ....  6995.394682: do_swap_page: swapin tgid 1330 pid 1356 name "android.anim" vma 7eb9166000
    android.anim-1356  [004] ....  6995.394774: do_swap_page: swapin tgid 1330 pid 1356 name "android.anim" vma 7e53899000
    android.anim-1356  [004] ....  6995.394810: do_swap_page: swapin tgid 1330 pid 1356 name "android.anim" vma 7f28ae0000
    android.anim-1356  [004] ....  6995.394838: do_swap_page: swapin tgid 1330 pid 1356 name "android.anim" vma 7f28b44000
    android.anim-1356  [004] ....  6995.394869: do_swap_page: swapin tgid 1330 pid 1356 name "android.anim" vma 7ed0c7c000
    android.anim-1356  [004] ....  6995.394889: do_swap_page: swapin tgid 1330 pid 1356 name "android.anim" vma 7e5d81c000
    android.anim-1356  [004] ....  6995.395030: do_swap_page: swapin tgid 1330 pid 1356 name "android.anim" vma 7e5d81c000
    android.anim-1356  [004] ....  6995.395038: do_swap_page: swapin tgid 1330 pid 1356 name "android.anim" vma 7f28a0f000
    android.anim-1356  [004] ....  6995.395062: do_swap_page: swapin tgid 1330 pid 1356 name "android.anim" vma 7f3983c000
           <...>-732   [004] ....  6995.395162: do_swap_page: swapin tgid 602 pid 732 name "Binder:602_3" vma 7fba72b000
    android.anim-1356  [004] ....  6995.396081: do_swap_page: swapin tgid 1330 pid 1356 name "android.anim" vma 725d4000
           <...>-1357  [004] ....  6995.396620: do_swap_page: swapin tgid 1330 pid 1357 name "android.anim.lf" vma 7ecb651000
           <...>-1357  [004] ....  6995.396631: do_swap_page: swapin tgid 1330 pid 1357 name "android.anim.lf" vma 7ecb652000
           <...>-1357  [004] ....  6995.396635: do_swap_page: swapin tgid 1330 pid 1357 name "android.anim.lf" vma 7ed0baa000
           <...>-1357  [004] ....  6995.396637: do_swap_page: swapin tgid 1330 pid 1357 name "android.anim.lf" vma 7ecb650000
           <...>-1357  [004] ....  6995.396643: do_swap_page: swapin tgid 1330 pid 1357 name "android.anim.lf" vma 7f31511000
           <...>-1357  [004] ....  6995.396660: do_swap_page: swapin tgid 1330 pid 1357 name "android.anim.lf" vma 7f2d65d000
           <...>-1357  [004] ....  6995.396663: do_swap_page: swapin tgid 1330 pid 1357 name "android.anim.lf" vma 7f28bd9000
 ndroid.systemui-1670  [004] ....  6995.396960: do_swap_page: swapin tgid 1670 pid 1670 name "ndroid.systemui" vma 9e5d9000
 ndroid.systemui-1670  [004] ....  6995.396975: do_swap_page: swapin tgid 1670 pid 1670 name "ndroid.systemui" vma 1328b000
 ndroid.systemui-1670  [004] ....  6995.397008: do_swap_page: swapin tgid 1670 pid 1670 name "ndroid.systemui" vma 7f28ba3000
 ndroid.systemui-1670  [004] ....  6995.397073: do_swap_page: swapin tgid 1670 pid 1670 name "ndroid.systemui" vma 9e71f000
           <...>-1992  [004] ....  6995.397118: do_swap_page: swapin tgid 1670 pid 1992 name "pool-2-thread-1" vma 7f28cfb000
           <...>-1992  [004] ....  6995.397123: do_swap_page: swapin tgid 1670 pid 1992 name "pool-2-thread-1" vma 7f28cfc000
           <...>-732   [004] ....  6995.397175: do_swap_page: swapin tgid 602 pid 732 name "Binder:602_3" vma 7fba61c000
           <...>-732   [004] ....  6995.397229: do_swap_page: swapin tgid 602 pid 732 name "Binder:602_3" vma 7fba711000
           <...>-732   [004] ....  6995.397245: do_swap_page: swapin tgid 602 pid 732 name "Binder:602_3" vma 7fba61d000
           <...>-6297  [004] ....  6995.397323: do_swap_page: swapin tgid 6297 pid 6297 name "stagram.android" vma 9e5ad000
           <...>-6297  [004] ....  6995.397332: do_swap_page: swapin tgid 6297 pid 6297 name "stagram.android" vma 12f73000
           <...>-6297  [004] ....  6995.397335: do_swap_page: swapin tgid 6297 pid 6297 name "stagram.android" vma 9e516000
           <...>-6297  [004] ....  6995.397339: do_swap_page: swapin tgid 6297 pid 6297 name "stagram.android" vma 9e517000
           <...>-1992  [004] ....  6995.397369: do_swap_page: swapin tgid 1670 pid 1992 name "pool-2-thread-1" vma 7f28cfc000
           <...>-1992  [004] ....  6995.397383: do_swap_page: swapin tgid 1670 pid 1992 name "pool-2-thread-1" vma 9e689000
           <...>-1357  [004] ....  6995.397538: do_swap_page: swapin tgid 1330 pid 1357 name "android.anim.lf" vma 9e4c2000
           <...>-1992  [004] ....  6995.397573: do_swap_page: swapin tgid 1670 pid 1992 name "pool-2-thread-1" vma 9e689000
           <...>-1992  [004] ....  6995.397587: do_swap_page: swapin tgid 1670 pid 1992 name "pool-2-thread-1" vma 7f28d18000
           <...>-1992  [004] ....  6995.397590: do_swap_page: swapin tgid 1670 pid 1992 name "pool-2-thread-1" vma 7f28da9000
           <...>-1992  [004] ....  6995.397596: do_swap_page: swapin tgid 1670 pid 1992 name "pool-2-thread-1" vma 7f28d9a000
           <...>-1992  [004] ....  6995.397605: do_swap_page: swapin tgid 1670 pid 1992 name "pool-2-thread-1" vma 7f28b58000
           <...>-1992  [004] ....  6995.397612: do_swap_page: swapin tgid 1670 pid 1992 name "pool-2-thread-1" vma 7fbe1cb000
           <...>-602   [004] ....  6995.397720: do_swap_page: swapin tgid 602 pid 602 name "surfaceflinger" vma 7faa827000
           <...>-602   [004] ....  6995.397736: do_swap_page: swapin tgid 602 pid 602 name "surfaceflinger" vma 7faa882000
           <...>-602   [004] ....  6995.397746: do_swap_page: swapin tgid 602 pid 602 name "surfaceflinger" vma 7faa883000
           <...>-602   [004] ....  6995.397751: do_swap_page: swapin tgid 602 pid 602 name "surfaceflinger" vma 7faa885000
           <...>-602   [004] ....  6995.397754: do_swap_page: swapin tgid 602 pid 602 name "surfaceflinger" vma 7faa7bc000
           <...>-1357  [004] ....  6995.398678: do_swap_page: swapin tgid 1330 pid 1357 name "android.anim.lf" vma 9e4c2000
           <...>-1357  [004] ....  6995.398786: do_swap_page: swapin tgid 1330 pid 1357 name "android.anim.lf" vma 7e5de6a000
           <...>-1357  [004] ....  6995.399177: do_swap_page: swapin tgid 1330 pid 1357 name "android.anim.lf" vma 9e4d0000
           <...>-6297  [004] ....  6995.399261: do_swap_page: swapin tgid 6297 pid 6297 name "stagram.android" vma 9e517000
           <...>-6297  [004] ....  6995.399269: do_swap_page: swapin tgid 6297 pid 6297 name "stagram.android" vma 12ece000
           <...>-6297  [004] ....  6995.399274: do_swap_page: swapin tgid 6297 pid 6297 name "stagram.android" vma 12f50000
           <...>-6297  [004] ....  6995.399278: do_swap_page: swapin tgid 6297 pid 6297 name "stagram.android" vma 12f51000
           <...>-6297  [004] ....  6995.399280: do_swap_page: swapin tgid 6297 pid 6297 name "stagram.android" vma 12f52000
           <...>-6297  [004] ....  6995.399282: do_swap_page: swapin tgid 6297 pid 6297 name "stagram.android" vma 12f5c000
           <...>-6297  [004] ....  6995.399285: do_swap_page: swapin tgid 6297 pid 6297 name "stagram.android" vma 12f5d000
           <...>-6297  [004] ....  6995.399287: do_swap_page: swapin tgid 6297 pid 6297 name "stagram.android" vma 12f40000
           <...>-6297  [004] ....  6995.399289: do_swap_page: swapin tgid 6297 pid 6297 name "stagram.android" vma 12f41000
           <...>-6297  [004] ....  6995.399294: do_swap_page: swapin tgid 6297 pid 6297 name "stagram.android" vma 12f42000
           <...>-6297  [004] ....  6995.399296: do_swap_page: swapin tgid 6297 pid 6297 name "stagram.android" vma 12f46000
           <...>-6297  [004] ....  6995.399297: do_swap_page: swapin tgid 6297 pid 6297 name "stagram.android" vma 12f4f000
           <...>-6297  [004] ....  6995.399298: do_swap_page: swapin tgid 6297 pid 6297 name "stagram.android" vma 12f47000
           <...>-6297  [004] ....  6995.399301: do_swap_page: swapin tgid 6297 pid 6297 name "stagram.android" vma 12f2e000
           <...>-6297  [004] ....  6995.399333: do_swap_page: swapin tgid 6297 pid 6297 name "stagram.android" vma 12f2f000
           <...>-6297  [004] ....  6995.399335: do_swap_page: swapin tgid 6297 pid 6297 name "stagram.android" vma 12f30000
           <...>-6297  [004] ....  6995.399337: do_swap_page: swapin tgid 6297 pid 6297 name "stagram.android" vma 12f31000
           <...>-6297  [004] ....  6995.399339: do_swap_page: swapin tgid 6297 pid 6297 name "stagram.android" vma 12f37000
           <...>-6297  [004] ....  6995.399341: do_swap_page: swapin tgid 6297 pid 6297 name "stagram.android" vma 12f3f000
           <...>-6297  [004] ....  6995.399343: do_swap_page: swapin tgid 6297 pid 6297 name "stagram.android" vma 12ecf000
           <...>-6297  [004] ....  6995.399345: do_swap_page: swapin tgid 6297 pid 6297 name "stagram.android" vma 12ed0000
           <...>-6297  [004] ....  6995.399347: do_swap_page: swapin tgid 6297 pid 6297 name "stagram.android" vma 12ed1000
           <...>-6297  [004] ....  6995.399348: do_swap_page: swapin tgid 6297 pid 6297 name "stagram.android" vma 12f24000
           <...>-6297  [004] ....  6995.399353: do_swap_page: swapin tgid 6297 pid 6297 name "stagram.android" vma 12f2d000
           <...>-6297  [004] ....  6995.399355: do_swap_page: swapin tgid 6297 pid 6297 name "stagram.android" vma 12f25000
           <...>-6297  [004] ....  6995.399356: do_swap_page: swapin tgid 6297 pid 6297 name "stagram.android" vma 9e52f000
           <...>-1357  [004] ....  6995.399404: do_swap_page: swapin tgid 1330 pid 1357 name "android.anim.lf" vma 9e4d0000
           <...>-1357  [004] ....  6995.399416: do_swap_page: swapin tgid 1330 pid 1357 name "android.anim.lf" vma 7e5c8c3000
           <...>-1357  [004] ....  6995.399435: do_swap_page: swapin tgid 1330 pid 1357 name "android.anim.lf" vma 7e5de27000
           <...>-1357  [004] ....  6995.399440: do_swap_page: swapin tgid 1330 pid 1357 name "android.anim.lf" vma 7e5de46000
           <...>-1357  [004] ....  6995.399444: do_swap_page: swapin tgid 1330 pid 1357 name "android.anim.lf" vma 7e5c8d1000
           <...>-2330  [004] ....  6995.399477: do_swap_page: swapin tgid 602 pid 2330 name "Binder:602_5" vma 7fb75a1000
           <...>-1992  [004] ....  6995.399649: do_swap_page: swapin tgid 1670 pid 1992 name "pool-2-thread-1" vma 7fbe1cb000
           <...>-1992  [004] ....  6995.399658: do_swap_page: swapin tgid 1670 pid 1992 name "pool-2-thread-1" vma 7f28bd6000
