           <...>-2001  [004] ....  2769.558662: do_swap_page: swapin tgid 2001 pid 2001 name "droid.launcher3" vma 1331a000
           <...>-2001  [004] ....  2769.558666: do_swap_page: swapin tgid 2001 pid 2001 name "droid.launcher3" vma 9e475000
           <...>-2127  [004] ....  2769.558967: do_swap_page: swapin tgid 1670 pid 2127 name "RenderThread" vma 7f28eeb000
           <...>-2510  [004] ....  2769.559000: do_swap_page: swapin tgid 2001 pid 2510 name "RenderThread" vma 7ecc884000
           <...>-2510  [004] ....  2769.559008: do_swap_page: swapin tgid 2001 pid 2510 name "RenderThread" vma 7fbe231000
           <...>-2510  [004] ....  2769.559010: do_swap_page: swapin tgid 2001 pid 2510 name "RenderThread" vma 7f2d6f1000
           <...>-2510  [004] ....  2769.559013: do_swap_page: swapin tgid 2001 pid 2510 name "RenderThread" vma 7ecc885000
           <...>-2510  [004] ....  2769.559015: do_swap_page: swapin tgid 2001 pid 2510 name "RenderThread" vma 7f2d618000
           <...>-2510  [004] ....  2769.559020: do_swap_page: swapin tgid 2001 pid 2510 name "RenderThread" vma 7fbab97000
           <...>-2510  [004] ....  2769.559022: do_swap_page: swapin tgid 2001 pid 2510 name "RenderThread" vma 7f28b41000
           <...>-2510  [004] ....  2769.559024: do_swap_page: swapin tgid 2001 pid 2510 name "RenderThread" vma 7f2d688000
           <...>-2510  [004] ....  2769.559027: do_swap_page: swapin tgid 2001 pid 2510 name "RenderThread" vma 7fbe1c5000
           <...>-2510  [004] ....  2769.559029: do_swap_page: swapin tgid 2001 pid 2510 name "RenderThread" vma 7ecc883000
           <...>-2510  [004] ....  2769.559031: do_swap_page: swapin tgid 2001 pid 2510 name "RenderThread" vma 7f2d66e000
           <...>-2510  [004] ....  2769.559069: do_swap_page: swapin tgid 2001 pid 2510 name "RenderThread" vma 7fbab19000
           <...>-2510  [004] ....  2769.559073: do_swap_page: swapin tgid 2001 pid 2510 name "RenderThread" vma 7fbdbf8000
           <...>-2510  [004] ....  2769.559076: do_swap_page: swapin tgid 2001 pid 2510 name "RenderThread" vma 7fbe1fb000
           <...>-2510  [004] ....  2769.559081: do_swap_page: swapin tgid 2001 pid 2510 name "RenderThread" vma 7f289f2000
    RenderThread-6447  [004] ....  2769.559112: do_swap_page: swapin tgid 6297 pid 6447 name "RenderThread" vma 7e824ff000
    RenderThread-6447  [004] ....  2769.559142: do_swap_page: swapin tgid 6297 pid 6447 name "RenderThread" vma 7f2dbe2000
    RenderThread-6447  [004] ....  2769.559146: do_swap_page: swapin tgid 6297 pid 6447 name "RenderThread" vma 7e82500000
    RenderThread-6447  [004] ....  2769.559149: do_swap_page: swapin tgid 6297 pid 6447 name "RenderThread" vma 7ead403000
    RenderThread-6447  [004] ....  2769.559154: do_swap_page: swapin tgid 6297 pid 6447 name "RenderThread" vma 7f28b44000
    RenderThread-6447  [004] ....  2769.559157: do_swap_page: swapin tgid 6297 pid 6447 name "RenderThread" vma 7ead2e4000
    RenderThread-6447  [004] ....  2769.559161: do_swap_page: swapin tgid 6297 pid 6447 name "RenderThread" vma 7f2dd7f000
    RenderThread-6447  [004] ....  2769.559166: do_swap_page: swapin tgid 6297 pid 6447 name "RenderThread" vma 7e824fe000
    RenderThread-6447  [004] ....  2769.559175: do_swap_page: swapin tgid 6297 pid 6447 name "RenderThread" vma 7fbab19000
    RenderThread-6447  [004] ....  2769.559203: do_swap_page: swapin tgid 6297 pid 6447 name "RenderThread" vma 7f2dbf7000
    RenderThread-6447  [004] ....  2769.559208: do_swap_page: swapin tgid 6297 pid 6447 name "RenderThread" vma 7ead365000
    RenderThread-6447  [004] ....  2769.559210: do_swap_page: swapin tgid 6297 pid 6447 name "RenderThread" vma 7ead32e000
    RenderThread-6447  [004] ....  2769.559212: do_swap_page: swapin tgid 6297 pid 6447 name "RenderThread" vma 7ead360000
    RenderThread-6447  [004] ....  2769.559218: do_swap_page: swapin tgid 6297 pid 6447 name "RenderThread" vma 7fbe175000
    RenderThread-6447  [004] ....  2769.559225: do_swap_page: swapin tgid 6297 pid 6447 name "RenderThread" vma 7f2dbec000
    RenderThread-6447  [004] ....  2769.559227: do_swap_page: swapin tgid 6297 pid 6447 name "RenderThread" vma 7f28a83000
           <...>-7143  [004] ....  2769.559262: do_swap_page: swapin tgid 1330 pid 7143 name "RenderThread" vma 7e63144000
           <...>-7143  [004] ....  2769.559271: do_swap_page: swapin tgid 1330 pid 7143 name "RenderThread" vma 7eb4267000
           <...>-7143  [004] ....  2769.559275: do_swap_page: swapin tgid 1330 pid 7143 name "RenderThread" vma 7e8477e000
           <...>-7143  [004] ....  2769.559278: do_swap_page: swapin tgid 1330 pid 7143 name "RenderThread" vma 7e63145000
           <...>-7143  [004] ....  2769.559281: do_swap_page: swapin tgid 1330 pid 7143 name "RenderThread" vma 7eb437b000
           <...>-7143  [004] ....  2769.559285: do_swap_page: swapin tgid 1330 pid 7143 name "RenderThread" vma 7e63143000
           <...>-7143  [004] ....  2769.559319: do_swap_page: swapin tgid 1330 pid 7143 name "RenderThread" vma 7fbab19000
           <...>-7143  [004] ....  2769.559326: do_swap_page: swapin tgid 1330 pid 7143 name "RenderThread" vma 7f28b06000
           <...>-7143  [004] ....  2769.559330: do_swap_page: swapin tgid 1330 pid 7143 name "RenderThread" vma 7ed0cfb000
           <...>-7143  [004] ....  2769.559333: do_swap_page: swapin tgid 1330 pid 7143 name "RenderThread" vma 7ed0cfc000
           <...>-7143  [004] ....  2769.559340: do_swap_page: swapin tgid 1330 pid 7143 name "RenderThread" vma 7ed0e33000
           <...>-2510  [004] ....  2769.559397: do_swap_page: swapin tgid 2001 pid 2510 name "RenderThread" vma 7f289f2000
           <...>-2510  [004] ....  2769.559404: do_swap_page: swapin tgid 2001 pid 2510 name "RenderThread" vma 7fbe35b000
           <...>-2510  [004] ....  2769.559411: do_swap_page: swapin tgid 2001 pid 2510 name "RenderThread" vma 7fba2f9000
           <...>-2510  [004] ....  2769.559414: do_swap_page: swapin tgid 2001 pid 2510 name "RenderThread" vma 7f2d6c0000
           <...>-2510  [004] ....  2769.559417: do_swap_page: swapin tgid 2001 pid 2510 name "RenderThread" vma 7eceb1c000
           <...>-2510  [004] ....  2769.559419: do_swap_page: swapin tgid 2001 pid 2510 name "RenderThread" vma 7eceb1d000
           <...>-2510  [004] ....  2769.559422: do_swap_page: swapin tgid 2001 pid 2510 name "RenderThread" vma 7f2d61f000
           <...>-2510  [004] ....  2769.559425: do_swap_page: swapin tgid 2001 pid 2510 name "RenderThread" vma 7f2d16b000
           <...>-2510  [004] ....  2769.559429: do_swap_page: swapin tgid 2001 pid 2510 name "RenderThread" vma 7fbe175000
           <...>-2127  [004] ....  2769.559450: do_swap_page: swapin tgid 1670 pid 2127 name "RenderThread" vma 7f28eeb000
           <...>-2127  [004] ....  2769.559488: do_swap_page: swapin tgid 1670 pid 2127 name "RenderThread" vma 7fbe175000
           <...>-2510  [004] ....  2769.559634: do_swap_page: swapin tgid 2001 pid 2510 name "RenderThread" vma 7fbe175000
           <...>-2510  [004] ....  2769.559660: do_swap_page: swapin tgid 2001 pid 2510 name "RenderThread" vma 7f28b2e000
           <...>-2510  [004] ....  2769.559663: do_swap_page: swapin tgid 2001 pid 2510 name "RenderThread" vma 7fbe1cb000
           <...>-2510  [004] ....  2769.559666: do_swap_page: swapin tgid 2001 pid 2510 name "RenderThread" vma 7f2d6c2000
           <...>-2510  [004] ....  2769.559668: do_swap_page: swapin tgid 2001 pid 2510 name "RenderThread" vma 7fbe180000
    Binder:602_1-625   [004] ....  2769.559806: do_swap_page: swapin tgid 602 pid 625 name "Binder:602_1" vma 7fbbf52000
           <...>-2510  [004] ....  2769.559819: do_swap_page: swapin tgid 2001 pid 2510 name "RenderThread" vma 7fbe162000
           <...>-2510  [004] ....  2769.559824: do_swap_page: swapin tgid 2001 pid 2510 name "RenderThread" vma 7fbe2f1000
           <...>-2510  [004] ....  2769.559830: do_swap_page: swapin tgid 2001 pid 2510 name "RenderThread" vma 7f28a1a000
           <...>-2510  [004] ....  2769.559836: do_swap_page: swapin tgid 2001 pid 2510 name "RenderThread" vma 7ec9218000
           <...>-2510  [004] ....  2769.559840: do_swap_page: swapin tgid 2001 pid 2510 name "RenderThread" vma 7fba1e8000
           <...>-2127  [004] ....  2769.559866: do_swap_page: swapin tgid 1670 pid 2127 name "RenderThread" vma 7fbe175000
           <...>-2510  [004] ....  2769.559997: do_swap_page: swapin tgid 2001 pid 2510 name "RenderThread" vma 7fba1e8000
           <...>-2510  [004] ....  2769.560012: do_swap_page: swapin tgid 2001 pid 2510 name "RenderThread" vma 7f2d628000
    Binder:602_3-732   [004] ....  2769.560036: do_swap_page: swapin tgid 602 pid 732 name "Binder:602_3" vma 7faa467000
    Binder:602_3-732   [004] ....  2769.560044: do_swap_page: swapin tgid 602 pid 732 name "Binder:602_3" vma 7faa468000
    Binder:602_3-732   [004] ....  2769.560062: do_swap_page: swapin tgid 602 pid 732 name "Binder:602_3" vma 7fba63a000
    Binder:602_3-732   [004] ....  2769.560065: do_swap_page: swapin tgid 602 pid 732 name "Binder:602_3" vma 7faa78b000
    Binder:602_3-732   [004] ....  2769.560068: do_swap_page: swapin tgid 602 pid 732 name "Binder:602_3" vma 7faa78c000
    Binder:602_3-732   [004] ....  2769.560080: do_swap_page: swapin tgid 602 pid 732 name "Binder:602_3" vma 7fbf5e3000
           <...>-2127  [004] ....  2769.560117: do_swap_page: swapin tgid 1670 pid 2127 name "RenderThread" vma 7f28fbe000
           <...>-2127  [004] ....  2769.560126: do_swap_page: swapin tgid 1670 pid 2127 name "RenderThread" vma 7fba1e8000
    RenderThread-6447  [004] ....  2769.560174: do_swap_page: swapin tgid 6297 pid 6447 name "RenderThread" vma 7e72518000
    RenderThread-6447  [004] ....  2769.560181: do_swap_page: swapin tgid 6297 pid 6447 name "RenderThread" vma 7e6b44f000
    RenderThread-6447  [004] ....  2769.560185: do_swap_page: swapin tgid 6297 pid 6447 name "RenderThread" vma 7e6b7ee000
    RenderThread-6447  [004] ....  2769.560190: do_swap_page: swapin tgid 6297 pid 6447 name "RenderThread" vma 7fba1e8000
    Binder:602_3-732   [004] ....  2769.560237: do_swap_page: swapin tgid 602 pid 732 name "Binder:602_3" vma 7fbf5e3000
    Binder:602_3-732   [004] ....  2769.560251: do_swap_page: swapin tgid 602 pid 732 name "Binder:602_3" vma 7fbd2ff000
    Binder:602_3-732   [004] ....  2769.560266: do_swap_page: swapin tgid 602 pid 732 name "Binder:602_3" vma 7fba62a000
           <...>-2510  [004] ....  2769.560291: do_swap_page: swapin tgid 2001 pid 2510 name "RenderThread" vma 7f2d754000
           <...>-2510  [004] ....  2769.560364: do_swap_page: swapin tgid 2001 pid 2510 name "RenderThread" vma 7f2d249000
           <...>-2510  [004] ....  2769.560377: do_swap_page: swapin tgid 2001 pid 2510 name "RenderThread" vma 7ec921c000
           <...>-2510  [004] ....  2769.560379: do_swap_page: swapin tgid 2001 pid 2510 name "RenderThread" vma 7f2d276000
           <...>-1355  [004] ....  2769.560407: do_swap_page: swapin tgid 1330 pid 1355 name "android.display" vma 7ecd860000
           <...>-1355  [004] ....  2769.560487: do_swap_page: swapin tgid 1330 pid 1355 name "android.display" vma 9e7aa000
           <...>-2127  [004] ....  2769.560518: do_swap_page: swapin tgid 1670 pid 2127 name "RenderThread" vma 7fba1e8000
           <...>-1355  [004] ....  2769.560687: do_swap_page: swapin tgid 1330 pid 1355 name "android.display" vma 9e7aa000
           <...>-1355  [004] ....  2769.560714: do_swap_page: swapin tgid 1330 pid 1355 name "android.display" vma 7f28a21000
           <...>-1355  [004] ....  2769.560720: do_swap_page: swapin tgid 1330 pid 1355 name "android.display" vma 7eb9113000
    RenderThread-6447  [004] ....  2769.560743: do_swap_page: swapin tgid 6297 pid 6447 name "RenderThread" vma 7fba1e8000
    RenderThread-6447  [004] ....  2769.560758: do_swap_page: swapin tgid 6297 pid 6447 name "RenderThread" vma 7ead3da000
    RenderThread-6447  [004] .n..  2769.560858: do_swap_page: swapin tgid 6297 pid 6447 name "RenderThread" vma 7e7f55c000
    RenderThread-6447  [004] ....  2769.560899: do_swap_page: swapin tgid 6297 pid 6447 name "RenderThread" vma 7e7252e000
    RenderThread-6447  [004] ....  2769.560903: do_swap_page: swapin tgid 6297 pid 6447 name "RenderThread" vma 7f2d36a000
           <...>-7143  [004] ....  2769.561050: do_swap_page: swapin tgid 1330 pid 7143 name "RenderThread" vma 7ed0e64000
           <...>-1355  [004] ....  2769.561131: do_swap_page: swapin tgid 1330 pid 1355 name "android.display" vma 7eb9113000
           <...>-1355  [004] ....  2769.561137: do_swap_page: swapin tgid 1330 pid 1355 name "android.display" vma 7eb909c000
           <...>-2001  [004] ....  2769.561159: do_swap_page: swapin tgid 2001 pid 2001 name "droid.launcher3" vma 9e475000
           <...>-2001  [004] ....  2769.561165: do_swap_page: swapin tgid 2001 pid 2001 name "droid.launcher3" vma 9e474000
           <...>-2001  [004] ....  2769.561171: do_swap_page: swapin tgid 2001 pid 2001 name "droid.launcher3" vma 1331b000
           <...>-2001  [004] ....  2769.561175: do_swap_page: swapin tgid 2001 pid 2001 name "droid.launcher3" vma 7eca32d000
           <...>-2001  [004] ....  2769.561177: do_swap_page: swapin tgid 2001 pid 2001 name "droid.launcher3" vma 7eca32e000
           <...>-2001  [004] ....  2769.561187: do_swap_page: swapin tgid 2001 pid 2001 name "droid.launcher3" vma 9e4f2000
           <...>-2001  [004] ....  2769.561189: do_swap_page: swapin tgid 2001 pid 2001 name "droid.launcher3" vma 9e598000
           <...>-1355  [004] ....  2769.561251: do_swap_page: swapin tgid 1330 pid 1355 name "android.display" vma 7eb909c000
           <...>-1355  [004] ....  2769.561258: do_swap_page: swapin tgid 1330 pid 1355 name "android.display" vma 7f28b32000
           <...>-1355  [004] ....  2769.561262: do_swap_page: swapin tgid 1330 pid 1355 name "android.display" vma 7e6d264000
           <...>-2001  [004] ....  2769.561313: do_swap_page: swapin tgid 2001 pid 2001 name "droid.launcher3" vma 9e598000
           <...>-2001  [004] ....  2769.561319: do_swap_page: swapin tgid 2001 pid 2001 name "droid.launcher3" vma 9e54a000
           <...>-1355  [004] ....  2769.561443: do_swap_page: swapin tgid 1330 pid 1355 name "android.display" vma 7e6d264000
           <...>-1355  [004] ....  2769.561452: do_swap_page: swapin tgid 1330 pid 1355 name "android.display" vma 7e848b0000
           <...>-2001  [004] ....  2769.561477: do_swap_page: swapin tgid 2001 pid 2001 name "droid.launcher3" vma 9e54a000
           <...>-2001  [004] ....  2769.561487: do_swap_page: swapin tgid 2001 pid 2001 name "droid.launcher3" vma 7ecec23000
           <...>-2001  [004] ....  2769.561491: do_swap_page: swapin tgid 2001 pid 2001 name "droid.launcher3" vma 7ecec2c000
           <...>-2001  [004] ....  2769.561494: do_swap_page: swapin tgid 2001 pid 2001 name "droid.launcher3" vma 7f2898b000
           <...>-2001  [004] ....  2769.561496: do_swap_page: swapin tgid 2001 pid 2001 name "droid.launcher3" vma 7f2d144000
           <...>-2001  [004] ....  2769.561504: do_swap_page: swapin tgid 2001 pid 2001 name "droid.launcher3" vma 7f39807000
           <...>-2001  [004] ....  2769.561507: do_swap_page: swapin tgid 2001 pid 2001 name "droid.launcher3" vma 7f3983d000
           <...>-2001  [004] ....  2769.561510: do_swap_page: swapin tgid 2001 pid 2001 name "droid.launcher3" vma 7f3980a000
           <...>-2001  [004] ....  2769.561511: do_swap_page: swapin tgid 2001 pid 2001 name "droid.launcher3" vma 7f3980d000
           <...>-2001  [004] ....  2769.561513: do_swap_page: swapin tgid 2001 pid 2001 name "droid.launcher3" vma 7f39810000
           <...>-2001  [004] ....  2769.561519: do_swap_page: swapin tgid 2001 pid 2001 name "droid.launcher3" vma 7f39833000
           <...>-2001  [004] ....  2769.561530: do_swap_page: swapin tgid 2001 pid 2001 name "droid.launcher3" vma 13d00000
           <...>-2001  [004] ....  2769.561534: do_swap_page: swapin tgid 2001 pid 2001 name "droid.launcher3" vma 7fbe254000
           <...>-2001  [004] ....  2769.561540: do_swap_page: swapin tgid 2001 pid 2001 name "droid.launcher3" vma 7fbdd7d000
           <...>-1355  [004] ....  2769.561586: do_swap_page: swapin tgid 1330 pid 1355 name "android.display" vma 7e848b0000
           <...>-1355  [004] ....  2769.561592: do_swap_page: swapin tgid 1330 pid 1355 name "android.display" vma 7e6d31b000
           <...>-2001  [004] ....  2769.561673: do_swap_page: swapin tgid 2001 pid 2001 name "droid.launcher3" vma 7fbdd7d000
           <...>-2001  [004] ....  2769.561681: do_swap_page: swapin tgid 2001 pid 2001 name "droid.launcher3" vma 1314b000
           <...>-2001  [004] ....  2769.561688: do_swap_page: swapin tgid 2001 pid 2001 name "droid.launcher3" vma 7245a000
           <...>-2001  [004] ....  2769.561690: do_swap_page: swapin tgid 2001 pid 2001 name "droid.launcher3" vma 725c7000
           <...>-2001  [004] ....  2769.561692: do_swap_page: swapin tgid 2001 pid 2001 name "droid.launcher3" vma 13d14000
           <...>-2001  [004] ....  2769.561694: do_swap_page: swapin tgid 2001 pid 2001 name "droid.launcher3" vma 13d15000
           <...>-2001  [004] ....  2769.561727: do_swap_page: swapin tgid 2001 pid 2001 name "droid.launcher3" vma 7f28b4e000
           <...>-2001  [004] ....  2769.561736: do_swap_page: swapin tgid 2001 pid 2001 name "droid.launcher3" vma 7ec9fff000
           <...>-2001  [004] ....  2769.561739: do_swap_page: swapin tgid 2001 pid 2001 name "droid.launcher3" vma 7f2d250000
           <...>-2001  [004] ....  2769.561748: do_swap_page: swapin tgid 2001 pid 2001 name "droid.launcher3" vma 13140000
           <...>-2001  [004] ....  2769.561752: do_swap_page: swapin tgid 2001 pid 2001 name "droid.launcher3" vma 1336b000
           <...>-2001  [004] ....  2769.561768: do_swap_page: swapin tgid 2001 pid 2001 name "droid.launcher3" vma 9e56d000
           <...>-1355  [004] ....  2769.561792: do_swap_page: swapin tgid 1330 pid 1355 name "android.display" vma 7e6d31b000
           <...>-1355  [004] ....  2769.561798: do_swap_page: swapin tgid 1330 pid 1355 name "android.display" vma 7e6d211000
           <...>-1355  [004] ....  2769.561806: do_swap_page: swapin tgid 1330 pid 1355 name "android.display" vma 7fbe30f000
           <...>-2001  [004] ....  2769.561884: do_swap_page: swapin tgid 2001 pid 2001 name "droid.launcher3" vma 9e56d000
           <...>-2001  [004] ....  2769.561894: do_swap_page: swapin tgid 2001 pid 2001 name "droid.launcher3" vma 132fe000
           <...>-2001  [004] ....  2769.561924: do_swap_page: swapin tgid 2001 pid 2001 name "droid.launcher3" vma 7fbf700000
           <...>-2001  [004] ....  2769.561932: do_swap_page: swapin tgid 2001 pid 2001 name "droid.launcher3" vma 7f28b3c000
           <...>-2001  [004] ....  2769.561941: do_swap_page: swapin tgid 2001 pid 2001 name "droid.launcher3" vma 7f2d24b000
           <...>-1355  [004] ....  2769.561996: do_swap_page: swapin tgid 1330 pid 1355 name "android.display" vma 7fbe30f000
           <...>-1355  [004] ....  2769.562019: do_swap_page: swapin tgid 1330 pid 1355 name "android.display" vma 7f28987000
           <...>-1355  [004] ....  2769.562024: do_swap_page: swapin tgid 1330 pid 1355 name "android.display" vma 7e6d2b3000
           <...>-1355  [004] ....  2769.562148: do_swap_page: swapin tgid 1330 pid 1355 name "android.display" vma 7e6d2b3000
           <...>-1355  [004] ....  2769.562240: do_swap_page: swapin tgid 1330 pid 1355 name "android.display" vma 9e57a000
           <...>-1355  [004] ....  2769.562410: do_swap_page: swapin tgid 1330 pid 1355 name "android.display" vma 9e57a000
           <...>-1355  [004] ....  2769.562419: do_swap_page: swapin tgid 1330 pid 1355 name "android.display" vma 7e5c5c9000
           <...>-1355  [004] ....  2769.562575: do_swap_page: swapin tgid 1330 pid 1355 name "android.display" vma 7eb937e000
           <...>-1355  [004] ....  2769.562592: do_swap_page: swapin tgid 1330 pid 1355 name "android.display" vma 7e5c690000
           <...>-1355  [004] ....  2769.562737: do_swap_page: swapin tgid 1330 pid 1355 name "android.display" vma 7e5c349000
           <...>-1355  [004] ....  2769.562766: do_swap_page: swapin tgid 1330 pid 1355 name "android.display" vma 7e5c34c000
           <...>-1360  [004] ....  2769.562803: do_swap_page: swapin tgid 1330 pid 1360 name "android.bg" vma 9e77f000
           <...>-1546  [004] ....  2769.562852: do_swap_page: swapin tgid 1330 pid 1546 name "AudioService" vma 7e86c5d000
           <...>-2897  [004] ....  2769.562872: do_swap_page: swapin tgid 1670 pid 2897 name "Binder:1670_8" vma 7f28e28000
           <...>-2897  [004] ....  2769.562880: do_swap_page: swapin tgid 1670 pid 2897 name "Binder:1670_8" vma 7ea4d16000
           <...>-2897  [004] ....  2769.562884: do_swap_page: swapin tgid 1670 pid 2897 name "Binder:1670_8" vma 7ea4d17000
           <...>-2191  [004] ....  2769.562912: do_swap_page: swapin tgid 1770 pid 2191 name "Binder:1770_3" vma 7f2d668000
           <...>-2191  [004] ....  2769.562919: do_swap_page: swapin tgid 1770 pid 2191 name "Binder:1770_3" vma 7f2dc87000
           <...>-2191  [004] ....  2769.562953: do_swap_page: swapin tgid 1770 pid 2191 name "Binder:1770_3" vma 7f2dc88000
           <...>-1874  [004] ....  2769.562981: do_swap_page: swapin tgid 1849 pid 1874 name "Binder:1849_1" vma 7f2d668000
           <...>-1874  [004] ....  2769.562989: do_swap_page: swapin tgid 1849 pid 1874 name "Binder:1849_1" vma 7f2e187000
           <...>-1874  [004] ....  2769.562992: do_swap_page: swapin tgid 1849 pid 1874 name "Binder:1849_1" vma 7f2e188000
           <...>-1913  [004] ....  2769.563045: do_swap_page: swapin tgid 1876 pid 1913 name "Binder:1876_3" vma 7fbe2f1000
           <...>-1913  [004] ....  2769.563071: do_swap_page: swapin tgid 1876 pid 1913 name "Binder:1876_3" vma 7fbe241000
           <...>-2166  [004] ....  2769.563107: do_swap_page: swapin tgid 1888 pid 2166 name "Binder:1888_5" vma 7fbe241000
           <...>-2056  [004] ....  2769.563150: do_swap_page: swapin tgid 1957 pid 2056 name "Binder:1957_4" vma 7f28b4b000
           <...>-2056  [004] ....  2769.563159: do_swap_page: swapin tgid 1957 pid 2056 name "Binder:1957_4" vma 7f2dcc5000
           <...>-2056  [004] ....  2769.563162: do_swap_page: swapin tgid 1957 pid 2056 name "Binder:1957_4" vma 7f2dcc6000
           <...>-2030  [004] ....  2769.563202: do_swap_page: swapin tgid 2001 pid 2030 name "Binder:2001_3" vma 7f2d668000
           <...>-2030  [004] ....  2769.563209: do_swap_page: swapin tgid 2001 pid 2030 name "Binder:2001_3" vma 7f2df8d000
           <...>-2030  [004] ....  2769.563222: do_swap_page: swapin tgid 2001 pid 2030 name "Binder:2001_3" vma 7f2df8e000
           <...>-2030  [004] ....  2769.563224: do_swap_page: swapin tgid 2001 pid 2030 name "Binder:2001_3" vma 7f2d667000
           <...>-2030  [004] ....  2769.563231: do_swap_page: swapin tgid 2001 pid 2030 name "Binder:2001_3" vma 7f2d67e000
           <...>-2030  [004] ....  2769.563235: do_swap_page: swapin tgid 2001 pid 2030 name "Binder:2001_3" vma 7fbe241000
   Binder:2266_1-2287  [004] ....  2769.563274: do_swap_page: swapin tgid 2266 pid 2287 name "Binder:2266_1" vma 7fbe241000
           <...>-2820  [004] ....  2769.563330: do_swap_page: swapin tgid 2452 pid 2820 name "Binder:2452_4" vma 7f2d755000
           <...>-2820  [004] ....  2769.563339: do_swap_page: swapin tgid 2452 pid 2820 name "Binder:2452_4" vma 7ec7290000
           <...>-2820  [004] ....  2769.563343: do_swap_page: swapin tgid 2452 pid 2820 name "Binder:2452_4" vma 7ec7291000
           <...>-1546  [004] ....  2769.563388: do_swap_page: swapin tgid 1330 pid 1546 name "AudioService" vma 7e86c5d000
           <...>-1546  [004] ....  2769.563399: do_swap_page: swapin tgid 1330 pid 1546 name "AudioService" vma 7e86c5b000
           <...>-1546  [004] ....  2769.563407: do_swap_page: swapin tgid 1330 pid 1546 name "AudioService" vma 7e86c5a000
           <...>-2056  [004] ....  2769.563432: do_swap_page: swapin tgid 1957 pid 2056 name "Binder:1957_4" vma 7f2dcc6000
           <...>-2056  [004] ....  2769.563438: do_swap_page: swapin tgid 1957 pid 2056 name "Binder:1957_4" vma 7f28b56000
           <...>-2056  [004] ....  2769.563440: do_swap_page: swapin tgid 1957 pid 2056 name "Binder:1957_4" vma 7fbe180000
           <...>-2056  [004] ....  2769.563444: do_swap_page: swapin tgid 1957 pid 2056 name "Binder:1957_4" vma 7fbe1fb000
           <...>-2897  [004] ....  2769.563482: do_swap_page: swapin tgid 1670 pid 2897 name "Binder:1670_8" vma 7ea4d17000
           <...>-2897  [004] ....  2769.563488: do_swap_page: swapin tgid 1670 pid 2897 name "Binder:1670_8" vma 7f28baa000
           <...>-2897  [004] ....  2769.563498: do_swap_page: swapin tgid 1670 pid 2897 name "Binder:1670_8" vma 7f28d48000
           <...>-2897  [004] ....  2769.563503: do_swap_page: swapin tgid 1670 pid 2897 name "Binder:1670_8" vma 7ea98f9000
           <...>-2897  [004] ....  2769.563535: do_swap_page: swapin tgid 1670 pid 2897 name "Binder:1670_8" vma 7ea98fa000
           <...>-2897  [004] ....  2769.563541: do_swap_page: swapin tgid 1670 pid 2897 name "Binder:1670_8" vma 7ea4d14000
           <...>-2897  [004] ....  2769.563546: do_swap_page: swapin tgid 1670 pid 2897 name "Binder:1670_8" vma 133c9000
           <...>-2897  [004] ....  2769.563553: do_swap_page: swapin tgid 1670 pid 2897 name "Binder:1670_8" vma 7f30b70000
           <...>-2897  [004] ....  2769.563556: do_swap_page: swapin tgid 1670 pid 2897 name "Binder:1670_8" vma 7ea4d15000
           <...>-2897  [004] ....  2769.563558: do_swap_page: swapin tgid 1670 pid 2897 name "Binder:1670_8" vma 12e81000
           <...>-2897  [004] ....  2769.563567: do_swap_page: swapin tgid 1670 pid 2897 name "Binder:1670_8" vma 7eb295e000
           <...>-2897  [004] ....  2769.563574: do_swap_page: swapin tgid 1670 pid 2897 name "Binder:1670_8" vma 7eb295f000
           <...>-2897  [004] ....  2769.563577: do_swap_page: swapin tgid 1670 pid 2897 name "Binder:1670_8" vma 7f28ddd000
           <...>-2897  [004] ....  2769.563584: do_swap_page: swapin tgid 1670 pid 2897 name "Binder:1670_8" vma 7fbe34a000
           <...>-2897  [004] ....  2769.563591: do_swap_page: swapin tgid 1670 pid 2897 name "Binder:1670_8" vma 136fb000
           <...>-2897  [004] ....  2769.563642: do_swap_page: swapin tgid 1670 pid 2897 name "Binder:1670_8" vma 7f2d767000
           <...>-2897  [004] ....  2769.563646: do_swap_page: swapin tgid 1670 pid 2897 name "Binder:1670_8" vma 7f2d68a000
           <...>-2250  [004] ....  2769.563682: do_swap_page: swapin tgid 1670 pid 2250 name "ScreenDecoratio" vma 7ec9c95000
           <...>-2250  [004] ....  2769.563691: do_swap_page: swapin tgid 1670 pid 2250 name "ScreenDecoratio" vma 7ec9c96000
           <...>-2250  [004] ....  2769.563694: do_swap_page: swapin tgid 1670 pid 2250 name "ScreenDecoratio" vma 7f28dc8000
           <...>-2250  [004] ....  2769.563698: do_swap_page: swapin tgid 1670 pid 2250 name "ScreenDecoratio" vma 7ec9c94000
           <...>-2250  [004] ....  2769.563703: do_swap_page: swapin tgid 1670 pid 2250 name "ScreenDecoratio" vma 7ec9c93000
           <...>-2820  [004] ....  2769.563732: do_swap_page: swapin tgid 2452 pid 2820 name "Binder:2452_4" vma 7ec7291000
           <...>-2820  [004] ....  2769.563737: do_swap_page: swapin tgid 2452 pid 2820 name "Binder:2452_4" vma 7f2d6a6000
           <...>-2820  [004] ....  2769.563739: do_swap_page: swapin tgid 2452 pid 2820 name "Binder:2452_4" vma 7fbe180000
           <...>-2820  [004] ....  2769.563743: do_swap_page: swapin tgid 2452 pid 2820 name "Binder:2452_4" vma 7f2d673000
           <...>-2166  [004] ....  2769.563768: do_swap_page: swapin tgid 1888 pid 2166 name "Binder:1888_5" vma 7fbe241000
           <...>-2166  [004] ....  2769.563797: do_swap_page: swapin tgid 1888 pid 2166 name "Binder:1888_5" vma 7ed09fb000
           <...>-2166  [004] ....  2769.563811: do_swap_page: swapin tgid 1888 pid 2166 name "Binder:1888_5" vma 14822000
           <...>-1888  [004] ....  2769.563877: do_swap_page: swapin tgid 1888 pid 1888 name "m.android.phone" vma 147d6000
           <...>-1888  [004] ....  2769.563883: do_swap_page: swapin tgid 1888 pid 1888 name "m.android.phone" vma 1475a000
           <...>-1888  [004] ....  2769.563915: do_swap_page: swapin tgid 1888 pid 1888 name "m.android.phone" vma 14759000
           <...>-1888  [004] ....  2769.563919: do_swap_page: swapin tgid 1888 pid 1888 name "m.android.phone" vma 147da000
           <...>-1888  [004] ....  2769.563925: do_swap_page: swapin tgid 1888 pid 1888 name "m.android.phone" vma 1338a000
           <...>-1888  [004] ....  2769.563928: do_swap_page: swapin tgid 1888 pid 1888 name "m.android.phone" vma 7f34f63000
           <...>-1888  [004] ....  2769.563934: do_swap_page: swapin tgid 1888 pid 1888 name "m.android.phone" vma 7f28b2c000
           <...>-1888  [004] ....  2769.563944: do_swap_page: swapin tgid 1888 pid 1888 name "m.android.phone" vma 7f28a85000
           <...>-1888  [004] ....  2769.563947: do_swap_page: swapin tgid 1888 pid 1888 name "m.android.phone" vma 14811000
           <...>-1874  [004] ....  2769.563971: do_swap_page: swapin tgid 1849 pid 1874 name "Binder:1849_1" vma 7f2e188000
           <...>-1874  [004] ....  2769.563977: do_swap_page: swapin tgid 1849 pid 1874 name "Binder:1849_1" vma 7f2d666000
           <...>-1874  [004] ....  2769.563981: do_swap_page: swapin tgid 1849 pid 1874 name "Binder:1849_1" vma 7fbe180000
           <...>-1874  [004] ....  2769.563985: do_swap_page: swapin tgid 1849 pid 1874 name "Binder:1849_1" vma 7f2d687000
           <...>-2191  [004] ....  2769.564011: do_swap_page: swapin tgid 1770 pid 2191 name "Binder:1770_3" vma 7f2dc88000
           <...>-2191  [004] ....  2769.564017: do_swap_page: swapin tgid 1770 pid 2191 name "Binder:1770_3" vma 7f2d667000
           <...>-2191  [004] ....  2769.564022: do_swap_page: swapin tgid 1770 pid 2191 name "Binder:1770_3" vma 7fbe180000
           <...>-2191  [004] ....  2769.564025: do_swap_page: swapin tgid 1770 pid 2191 name "Binder:1770_3" vma 7f2d673000
   Binder:2266_1-2287  [004] ....  2769.564050: do_swap_page: swapin tgid 2266 pid 2287 name "Binder:2266_1" vma 7fbe241000
           <...>-1913  [004] ....  2769.564132: do_swap_page: swapin tgid 1876 pid 1913 name "Binder:1876_3" vma 7fbe241000
           <...>-1913  [004] ....  2769.564182: do_swap_page: swapin tgid 1876 pid 1913 name "Binder:1876_3" vma 7f28b3f000
           <...>-1913  [004] ....  2769.564187: do_swap_page: swapin tgid 1876 pid 1913 name "Binder:1876_3" vma 7fbe1b2000
           <...>-1913  [004] ....  2769.564193: do_swap_page: swapin tgid 1876 pid 1913 name "Binder:1876_3" vma 1344a000
           <...>-2250  [004] ....  2769.564221: do_swap_page: swapin tgid 1670 pid 2250 name "ScreenDecoratio" vma 7ec9c93000
           <...>-2250  [004] ....  2769.564230: do_swap_page: swapin tgid 1670 pid 2250 name "ScreenDecoratio" vma 7f311b0000
           <...>-2250  [004] ....  2769.564234: do_swap_page: swapin tgid 1670 pid 2250 name "ScreenDecoratio" vma 12d83000
           <...>-2250  [004] ....  2769.564239: do_swap_page: swapin tgid 1670 pid 2250 name "ScreenDecoratio" vma 13e7e000
           <...>-2250  [004] ....  2769.564255: do_swap_page: swapin tgid 1670 pid 2250 name "ScreenDecoratio" vma 7ebb2bb000
           <...>-2250  [004] ....  2769.564257: do_swap_page: swapin tgid 1670 pid 2250 name "ScreenDecoratio" vma 7ebb2bc000
           <...>-2250  [004] ....  2769.564261: do_swap_page: swapin tgid 1670 pid 2250 name "ScreenDecoratio" vma 7f2d6a9000
           <...>-2250  [004] ....  2769.564263: do_swap_page: swapin tgid 1670 pid 2250 name "ScreenDecoratio" vma 7f2d7aa000
           <...>-2250  [004] ....  2769.564269: do_swap_page: swapin tgid 1670 pid 2250 name "ScreenDecoratio" vma 7f2d67a000
           <...>-2250  [004] ....  2769.564282: do_swap_page: swapin tgid 1670 pid 2250 name "ScreenDecoratio" vma 7f2d78f000
           <...>-1330  [004] ....  2769.564317: do_swap_page: swapin tgid 1330 pid 1330 name "system_server" vma 9e77f000
           <...>-1330  [004] ....  2769.564349: do_swap_page: swapin tgid 1330 pid 1330 name "system_server" vma 9e7bd000
           <...>-2030  [004] ....  2769.564382: do_swap_page: swapin tgid 2001 pid 2030 name "Binder:2001_3" vma 7fbe241000
           <...>-2030  [004] ....  2769.564389: do_swap_page: swapin tgid 2001 pid 2030 name "Binder:2001_3" vma 7f2d662000
           <...>-2030  [004] ....  2769.564392: do_swap_page: swapin tgid 2001 pid 2030 name "Binder:2001_3" vma 7fbcdb6000
           <...>-2030  [004] ....  2769.564394: do_swap_page: swapin tgid 2001 pid 2030 name "Binder:2001_3" vma 7f2d61a000
           <...>-2030  [004] ....  2769.564397: do_swap_page: swapin tgid 2001 pid 2030 name "Binder:2001_3" vma 7f2d663000
           <...>-2030  [004] ....  2769.564402: do_swap_page: swapin tgid 2001 pid 2030 name "Binder:2001_3" vma 7f2df8b000
           <...>-2030  [004] ....  2769.564413: do_swap_page: swapin tgid 2001 pid 2030 name "Binder:2001_3" vma 7f2df8c000
           <...>-2030  [004] ....  2769.564415: do_swap_page: swapin tgid 2001 pid 2030 name "Binder:2001_3" vma 13200000
           <...>-2030  [004] ....  2769.564421: do_swap_page: swapin tgid 2001 pid 2030 name "Binder:2001_3" vma 7f2895d000
           <...>-2030  [004] ....  2769.564423: do_swap_page: swapin tgid 2001 pid 2030 name "Binder:2001_3" vma 7f2895e000
           <...>-2030  [004] ....  2769.564425: do_swap_page: swapin tgid 2001 pid 2030 name "Binder:2001_3" vma 7f2d68b000
           <...>-2030  [004] ....  2769.564427: do_swap_page: swapin tgid 2001 pid 2030 name "Binder:2001_3" vma 7f2d61e000
           <...>-2030  [004] ....  2769.564439: do_swap_page: swapin tgid 2001 pid 2030 name "Binder:2001_3" vma 13163000
           <...>-2030  [004] ....  2769.564444: do_swap_page: swapin tgid 2001 pid 2030 name "Binder:2001_3" vma 7fbe25e000
           <...>-2030  [004] ....  2769.564475: do_swap_page: swapin tgid 2001 pid 2030 name "Binder:2001_3" vma 7f2d6a6000
           <...>-2030  [004] ....  2769.564482: do_swap_page: swapin tgid 2001 pid 2030 name "Binder:2001_3" vma 13150000
           <...>-2030  [004] ....  2769.564499: do_swap_page: swapin tgid 2001 pid 2030 name "Binder:2001_3" vma 72478000
           <...>-2062  [004] ....  2769.564513: do_swap_page: swapin tgid 2001 pid 2062 name "UiThreadHelper" vma 7ed0f9c000
           <...>-2062  [004] ....  2769.564519: do_swap_page: swapin tgid 2001 pid 2062 name "UiThreadHelper" vma 7ed0f9d000
           <...>-1546  [004] ....  2769.564547: do_swap_page: swapin tgid 1330 pid 1546 name "AudioService" vma 7e86c5a000
           <...>-1546  [004] ....  2769.564560: do_swap_page: swapin tgid 1330 pid 1546 name "AudioService" vma 9e7c3000
           <...>-2820  [004] ....  2769.564581: do_swap_page: swapin tgid 2452 pid 2820 name "Binder:2452_4" vma 7f2d673000
           <...>-2820  [004] ....  2769.564593: do_swap_page: swapin tgid 2452 pid 2820 name "Binder:2452_4" vma 7f2d615000
           <...>-2820  [004] ....  2769.564595: do_swap_page: swapin tgid 2452 pid 2820 name "Binder:2452_4" vma 7f2d61f000
           <...>-2056  [004] ....  2769.564620: do_swap_page: swapin tgid 1957 pid 2056 name "Binder:1957_4" vma 7fbe1fb000
           <...>-2056  [004] ....  2769.564649: do_swap_page: swapin tgid 1957 pid 2056 name "Binder:1957_4" vma 7fbe22c000
           <...>-2056  [004] ....  2769.564651: do_swap_page: swapin tgid 1957 pid 2056 name "Binder:1957_4" vma 7f28ac2000
           <...>-2062  [004] ....  2769.564684: do_swap_page: swapin tgid 2001 pid 2062 name "UiThreadHelper" vma 7ed0f9d000
           <...>-2062  [004] ....  2769.564691: do_swap_page: swapin tgid 2001 pid 2062 name "UiThreadHelper" vma 7f28b0e000
           <...>-2062  [004] ....  2769.564695: do_swap_page: swapin tgid 2001 pid 2062 name "UiThreadHelper" vma 7f28b18000
           <...>-2062  [004] ....  2769.564698: do_swap_page: swapin tgid 2001 pid 2062 name "UiThreadHelper" vma 7ed0f9b000
           <...>-2062  [004] ....  2769.564725: do_swap_page: swapin tgid 2001 pid 2062 name "UiThreadHelper" vma 7f315bd000
           <...>-2062  [004] ....  2769.564729: do_swap_page: swapin tgid 2001 pid 2062 name "UiThreadHelper" vma 13281000
           <...>-2062  [004] ....  2769.564736: do_swap_page: swapin tgid 2001 pid 2062 name "UiThreadHelper" vma 13145000
           <...>-2062  [004] ....  2769.564739: do_swap_page: swapin tgid 2001 pid 2062 name "UiThreadHelper" vma 9e59f000
           <...>-1874  [004] ....  2769.564761: do_swap_page: swapin tgid 1849 pid 1874 name "Binder:1849_1" vma 7f2d687000
           <...>-1874  [004] ....  2769.564774: do_swap_page: swapin tgid 1849 pid 1874 name "Binder:1849_1" vma 7f2d615000
           <...>-1874  [004] ....  2769.564776: do_swap_page: swapin tgid 1849 pid 1874 name "Binder:1849_1" vma 7f2d61f000
           <...>-2191  [004] ....  2769.564800: do_swap_page: swapin tgid 1770 pid 2191 name "Binder:1770_3" vma 7f2d673000
           <...>-2191  [004] ....  2769.564812: do_swap_page: swapin tgid 1770 pid 2191 name "Binder:1770_3" vma 7f2d615000
           <...>-2191  [004] ....  2769.564814: do_swap_page: swapin tgid 1770 pid 2191 name "Binder:1770_3" vma 7f2d61f000
           <...>-2062  [004] ....  2769.564865: do_swap_page: swapin tgid 2001 pid 2062 name "UiThreadHelper" vma 9e59f000
           <...>-2062  [004] ....  2769.564870: do_swap_page: swapin tgid 2001 pid 2062 name "UiThreadHelper" vma 9e57b000
           <...>-2062  [004] ....  2769.564873: do_swap_page: swapin tgid 2001 pid 2062 name "UiThreadHelper" vma 9e55a000
           <...>-2062  [004] ....  2769.564882: do_swap_page: swapin tgid 2001 pid 2062 name "UiThreadHelper" vma 13d2b000
           <...>-2062  [004] ....  2769.564902: do_swap_page: swapin tgid 2001 pid 2062 name "UiThreadHelper" vma 13149000
           <...>-2062  [004] ....  2769.564913: do_swap_page: swapin tgid 2001 pid 2062 name "UiThreadHelper" vma 7f28b97000
           <...>-2062  [004] ....  2769.564916: do_swap_page: swapin tgid 2001 pid 2062 name "UiThreadHelper" vma 7f28b98000
           <...>-2062  [004] ....  2769.564918: do_swap_page: swapin tgid 2001 pid 2062 name "UiThreadHelper" vma 7f2d68c000
           <...>-2062  [004] ....  2769.564922: do_swap_page: swapin tgid 2001 pid 2062 name "UiThreadHelper" vma 7f2d6ae000
           <...>-2062  [004] ....  2769.564924: do_swap_page: swapin tgid 2001 pid 2062 name "UiThreadHelper" vma 7f2d67d000
           <...>-2062  [004] ....  2769.564928: do_swap_page: swapin tgid 2001 pid 2062 name "UiThreadHelper" vma 7f2d6cd000
           <...>-2062  [004] ....  2769.564933: do_swap_page: swapin tgid 2001 pid 2062 name "UiThreadHelper" vma 7f2d669000
           <...>-2062  [004] ....  2769.564958: do_swap_page: swapin tgid 2001 pid 2062 name "UiThreadHelper" vma 7fbe1ca000
           <...>-1888  [004] ....  2769.565082: do_swap_page: swapin tgid 1888 pid 1888 name "m.android.phone" vma 14811000
           <...>-1888  [004] ....  2769.565092: do_swap_page: swapin tgid 1888 pid 1888 name "m.android.phone" vma 7f2d681000
           <...>-1888  [004] ....  2769.565094: do_swap_page: swapin tgid 1888 pid 1888 name "m.android.phone" vma 7f2d677000
           <...>-1546  [004] ....  2769.565117: do_swap_page: swapin tgid 1330 pid 1546 name "AudioService" vma 9e7c3000
           <...>-1330  [004] ....  2769.565144: do_swap_page: swapin tgid 1330 pid 1330 name "system_server" vma 9e7bd000
           <...>-1330  [004] ....  2769.565148: do_swap_page: swapin tgid 1330 pid 1330 name "system_server" vma 9e7f0000
           <...>-2820  [004] ....  2769.565169: do_swap_page: swapin tgid 2452 pid 2820 name "Binder:2452_4" vma 7f2d61f000
           <...>-2820  [004] ....  2769.565174: do_swap_page: swapin tgid 2452 pid 2820 name "Binder:2452_4" vma 7f2d6ab000
           <...>-2820  [004] ....  2769.565178: do_swap_page: swapin tgid 2452 pid 2820 name "Binder:2452_4" vma 7fba2f9000
           <...>-2056  [004] ....  2769.565203: do_swap_page: swapin tgid 1957 pid 2056 name "Binder:1957_4" vma 7f28ac2000
           <...>-2056  [004] ....  2769.565208: do_swap_page: swapin tgid 1957 pid 2056 name "Binder:1957_4" vma 7f28ac3000
           <...>-2056  [004] ....  2769.565212: do_swap_page: swapin tgid 1957 pid 2056 name "Binder:1957_4" vma 7fba2f9000
           <...>-1874  [004] ....  2769.565234: do_swap_page: swapin tgid 1849 pid 1874 name "Binder:1849_1" vma 7f2d61f000
           <...>-1874  [004] ....  2769.565239: do_swap_page: swapin tgid 1849 pid 1874 name "Binder:1849_1" vma 7f2d67d000
           <...>-1874  [004] ....  2769.565242: do_swap_page: swapin tgid 1849 pid 1874 name "Binder:1849_1" vma 7fba2f9000
           <...>-2191  [004] ....  2769.565293: do_swap_page: swapin tgid 1770 pid 2191 name "Binder:1770_3" vma 7f2d61f000
           <...>-2191  [004] ....  2769.565298: do_swap_page: swapin tgid 1770 pid 2191 name "Binder:1770_3" vma 7f2d6a3000
           <...>-2191  [004] ....  2769.565302: do_swap_page: swapin tgid 1770 pid 2191 name "Binder:1770_3" vma 7fba2f9000
           <...>-1330  [004] ....  2769.565353: do_swap_page: swapin tgid 1330 pid 1330 name "system_server" vma 9e7f0000
           <...>-2062  [004] ....  2769.565406: do_swap_page: swapin tgid 2001 pid 2062 name "UiThreadHelper" vma 7fbe1f9000
           <...>-2062  [004] ....  2769.565416: do_swap_page: swapin tgid 2001 pid 2062 name "UiThreadHelper" vma 13d12000
           <...>-2062  [004] ....  2769.565434: do_swap_page: swapin tgid 2001 pid 2062 name "UiThreadHelper" vma 725c8000
           <...>-2062  [004] ....  2769.565445: do_swap_page: swapin tgid 2001 pid 2062 name "UiThreadHelper" vma 725ca000
           <...>-2062  [004] ....  2769.565447: do_swap_page: swapin tgid 2001 pid 2062 name "UiThreadHelper" vma 725c9000
           <...>-2062  [004] ....  2769.565452: do_swap_page: swapin tgid 2001 pid 2062 name "UiThreadHelper" vma 7f350e0000
           <...>-2062  [004] ....  2769.565456: do_swap_page: swapin tgid 2001 pid 2062 name "UiThreadHelper" vma 7fbdf4a000
           <...>-2062  [004] ....  2769.565460: do_swap_page: swapin tgid 2001 pid 2062 name "UiThreadHelper" vma 7f34716000
           <...>-1888  [004] ....  2769.565585: do_swap_page: swapin tgid 1888 pid 1888 name "m.android.phone" vma 7f2d677000
           <...>-1888  [004] ....  2769.565592: do_swap_page: swapin tgid 1888 pid 1888 name "m.android.phone" vma 7f289bb000
           <...>-1888  [004] ....  2769.565618: do_swap_page: swapin tgid 1888 pid 1888 name "m.android.phone" vma 7f28b4b000
           <...>-1546  [004] ....  2769.565668: do_swap_page: swapin tgid 1330 pid 1546 name "AudioService" vma 7eb936e000
           <...>-2056  [004] ....  2769.565716: do_swap_page: swapin tgid 1957 pid 2056 name "Binder:1957_4" vma 7fba2f9000
           <...>-2056  [004] ....  2769.565723: do_swap_page: swapin tgid 1957 pid 2056 name "Binder:1957_4" vma 7fbe2f1000
           <...>-2056  [004] ....  2769.565726: do_swap_page: swapin tgid 1957 pid 2056 name "Binder:1957_4" vma 7fbe241000
           <...>-2820  [004] ....  2769.565749: do_swap_page: swapin tgid 2452 pid 2820 name "Binder:2452_4" vma 7fba2f9000
           <...>-2820  [004] ....  2769.565755: do_swap_page: swapin tgid 2452 pid 2820 name "Binder:2452_4" vma 7fbe2f3000
           <...>-2820  [004] ....  2769.565758: do_swap_page: swapin tgid 2452 pid 2820 name "Binder:2452_4" vma 7fbe241000
           <...>-1874  [004] ....  2769.565785: do_swap_page: swapin tgid 1849 pid 1874 name "Binder:1849_1" vma 7fba2f9000
           <...>-1874  [004] ....  2769.565791: do_swap_page: swapin tgid 1849 pid 1874 name "Binder:1849_1" vma 7fbe2df000
           <...>-1874  [004] ....  2769.565794: do_swap_page: swapin tgid 1849 pid 1874 name "Binder:1849_1" vma 7fbe241000
           <...>-2191  [004] ....  2769.565815: do_swap_page: swapin tgid 1770 pid 2191 name "Binder:1770_3" vma 7fba2f9000
           <...>-2191  [004] ....  2769.565842: do_swap_page: swapin tgid 1770 pid 2191 name "Binder:1770_3" vma 7fbe2f1000
           <...>-2191  [004] ....  2769.565845: do_swap_page: swapin tgid 1770 pid 2191 name "Binder:1770_3" vma 7fbe241000
           <...>-1888  [004] ....  2769.565873: do_swap_page: swapin tgid 1888 pid 1888 name "m.android.phone" vma 7fbe1d0000
           <...>-1888  [004] ....  2769.565887: do_swap_page: swapin tgid 1888 pid 1888 name "m.android.phone" vma 72243000
           <...>-2056  [004] ....  2769.565909: do_swap_page: swapin tgid 1957 pid 2056 name "Binder:1957_4" vma 7fbe241000
           <...>-2056  [004] ....  2769.565915: do_swap_page: swapin tgid 1957 pid 2056 name "Binder:1957_4" vma 7fbe1e9000
           <...>-2820  [004] ....  2769.565952: do_swap_page: swapin tgid 2452 pid 2820 name "Binder:2452_4" vma 7fbe241000
           <...>-2820  [004] ....  2769.565958: do_swap_page: swapin tgid 2452 pid 2820 name "Binder:2452_4" vma 7fbe1e9000
           <...>-1874  [004] ....  2769.566002: do_swap_page: swapin tgid 1849 pid 1874 name "Binder:1849_1" vma 7fbe241000
           <...>-1874  [004] ....  2769.566008: do_swap_page: swapin tgid 1849 pid 1874 name "Binder:1849_1" vma 7fbe1e9000
           <...>-2191  [004] ....  2769.566225: do_swap_page: swapin tgid 1770 pid 2191 name "Binder:1770_3" vma 7fbe241000
           <...>-2191  [004] ....  2769.566232: do_swap_page: swapin tgid 1770 pid 2191 name "Binder:1770_3" vma 7fbe1e9000
           <...>-1353  [004] ....  2769.566274: do_swap_page: swapin tgid 1330 pid 1353 name "android.ui" vma 9e79c000
           <...>-1874  [004] ....  2769.566299: do_swap_page: swapin tgid 1849 pid 1874 name "Binder:1849_1" vma 7fbe1e9000
           <...>-1874  [004] ....  2769.566305: do_swap_page: swapin tgid 1849 pid 1874 name "Binder:1849_1" vma 7f393dc000
           <...>-1888  [004] ....  2769.566346: do_swap_page: swapin tgid 1888 pid 1888 name "m.android.phone" vma 72243000
           <...>-1888  [004] ....  2769.566351: do_swap_page: swapin tgid 1888 pid 1888 name "m.android.phone" vma 14746000
           <...>-2056  [004] ....  2769.566373: do_swap_page: swapin tgid 1957 pid 2056 name "Binder:1957_4" vma 7fbe1e9000
           <...>-2056  [004] ....  2769.566379: do_swap_page: swapin tgid 1957 pid 2056 name "Binder:1957_4" vma 7f393dc000
           <...>-2820  [004] ....  2769.566529: do_swap_page: swapin tgid 2452 pid 2820 name "Binder:2452_4" vma 7fbe1e9000
           <...>-2820  [004] ....  2769.566536: do_swap_page: swapin tgid 2452 pid 2820 name "Binder:2452_4" vma 7f393dc000
           <...>-1353  [004] ....  2769.566588: do_swap_page: swapin tgid 1330 pid 1353 name "android.ui" vma 9e79c000
           <...>-2191  [004] ....  2769.566619: do_swap_page: swapin tgid 1770 pid 2191 name "Binder:1770_3" vma 7fbe1e9000
           <...>-2191  [004] ....  2769.566626: do_swap_page: swapin tgid 1770 pid 2191 name "Binder:1770_3" vma 7f393dc000
           <...>-1888  [004] ....  2769.566742: do_swap_page: swapin tgid 1888 pid 1888 name "m.android.phone" vma 14746000
           <...>-1888  [004] ....  2769.566750: do_swap_page: swapin tgid 1888 pid 1888 name "m.android.phone" vma 7fbe167000
           <...>-2056  [004] ....  2769.566861: do_swap_page: swapin tgid 1957 pid 2056 name "Binder:1957_4" vma 7f393dc000
           <...>-2056  [004] ....  2769.566867: do_swap_page: swapin tgid 1957 pid 2056 name "Binder:1957_4" vma 7fbe165000
           <...>-1874  [004] ....  2769.566892: do_swap_page: swapin tgid 1849 pid 1874 name "Binder:1849_1" vma 7f393dc000
           <...>-1874  [004] ....  2769.566898: do_swap_page: swapin tgid 1849 pid 1874 name "Binder:1849_1" vma 7fbe165000
           <...>-1353  [004] ....  2769.566980: do_swap_page: swapin tgid 1330 pid 1353 name "android.ui" vma 7eb9103000
           <...>-1353  [004] ....  2769.566995: do_swap_page: swapin tgid 1330 pid 1353 name "android.ui" vma 7ed0e6a000
           <...>-1353  [004] ....  2769.566999: do_swap_page: swapin tgid 1330 pid 1353 name "android.ui" vma 7ed0e6b000
           <...>-1353  [004] ....  2769.567096: do_swap_page: swapin tgid 1330 pid 1353 name "android.ui" vma 7e5e08c000
           <...>-1353  [004] ....  2769.567107: do_swap_page: swapin tgid 1330 pid 1353 name "android.ui" vma 7e848d7000
           <...>-1356  [004] ....  2769.567147: do_swap_page: swapin tgid 1330 pid 1356 name "android.anim" vma 7ecc75b000
           <...>-1356  [004] ....  2769.567151: do_swap_page: swapin tgid 1330 pid 1356 name "android.anim" vma 7ecc759000
           <...>-1356  [004] ....  2769.567155: do_swap_page: swapin tgid 1330 pid 1356 name "android.anim" vma 7ecc758000
           <...>-1356  [004] ....  2769.567175: do_swap_page: swapin tgid 1330 pid 1356 name "android.anim" vma 7f28b1f000
           <...>-1356  [004] ....  2769.567178: do_swap_page: swapin tgid 1330 pid 1356 name "android.anim" vma 7f28bd7000
           <...>-1356  [004] ....  2769.567184: do_swap_page: swapin tgid 1330 pid 1356 name "android.anim" vma 7fbe166000
           <...>-1356  [004] ....  2769.567210: do_swap_page: swapin tgid 1330 pid 1356 name "android.anim" vma 9e7b9000
           <...>-1356  [004] ....  2769.567329: do_swap_page: swapin tgid 1330 pid 1356 name "android.anim" vma 9e7b9000
           <...>-1356  [004] ....  2769.567346: do_swap_page: swapin tgid 1330 pid 1356 name "android.anim" vma 7f2afbd000
           <...>-1356  [004] ....  2769.567362: do_swap_page: swapin tgid 1330 pid 1356 name "android.anim" vma 9e79a000
           <...>-2820  [004] ....  2769.567419: do_swap_page: swapin tgid 2452 pid 2820 name "Binder:2452_4" vma 7f393dc000
           <...>-2820  [004] ....  2769.567425: do_swap_page: swapin tgid 2452 pid 2820 name "Binder:2452_4" vma 7fbe165000
