           <...>-2820  [004] ....  2769.584646: do_swap_page: swapin tgid 2452 pid 2820 name "Binder:2452_4" vma 7f2d754000
           <...>-2820  [004] ....  2769.584649: do_swap_page: swapin tgid 2452 pid 2820 name "Binder:2452_4" vma 7f2d16b000
           <...>-10021 [004] ....  2769.584685: do_swap_page: swapin tgid 9943 pid 10021 name "Binder:9943_4" vma 12cf5000
           <...>-10021 [004] ....  2769.584693: do_swap_page: swapin tgid 9943 pid 10021 name "Binder:9943_4" vma 7fbe286000
           <...>-10021 [004] ....  2769.584696: do_swap_page: swapin tgid 9943 pid 10021 name "Binder:9943_4" vma 7fbe285000
           <...>-10021 [004] ....  2769.584700: do_swap_page: swapin tgid 9943 pid 10021 name "Binder:9943_4" vma 7f393db000
           <...>-10021 [004] ....  2769.584702: do_swap_page: swapin tgid 9943 pid 10021 name "Binder:9943_4" vma 7fbe1f8000
           <...>-10021 [004] ....  2769.584707: do_swap_page: swapin tgid 9943 pid 10021 name "Binder:9943_4" vma 12dc0000
           <...>-10021 [004] ....  2769.584712: do_swap_page: swapin tgid 9943 pid 10021 name "Binder:9943_4" vma 7fbe24e000
           <...>-5852  [004] ....  2769.584744: do_swap_page: swapin tgid 5852 pid 5852 name "droid.bluetooth" vma 7245a000
           <...>-5852  [004] ....  2769.584748: do_swap_page: swapin tgid 5852 pid 5852 name "droid.bluetooth" vma 725c7000
           <...>-5852  [004] ....  2769.585083: do_swap_page: swapin tgid 5852 pid 5852 name "droid.bluetooth" vma 725c7000
           <...>-5852  [004] ....  2769.585088: do_swap_page: swapin tgid 5852 pid 5852 name "droid.bluetooth" vma 14405000
           <...>-5852  [004] ....  2769.585093: do_swap_page: swapin tgid 5852 pid 5852 name "droid.bluetooth" vma 7fbddf8000
           <...>-5852  [004] ....  2769.585099: do_swap_page: swapin tgid 5852 pid 5852 name "droid.bluetooth" vma 9e47c000
           <...>-5852  [004] ....  2769.585229: do_swap_page: swapin tgid 5852 pid 5852 name "droid.bluetooth" vma 9e47c000
           <...>-5852  [004] ....  2769.585234: do_swap_page: swapin tgid 5852 pid 5852 name "droid.bluetooth" vma 9e4bd000
           <...>-2250  [004] ....  2769.585367: do_swap_page: swapin tgid 1670 pid 2250 name "ScreenDecoratio" vma 9e52e000
           <...>-2250  [004] ....  2769.585386: do_swap_page: swapin tgid 1670 pid 2250 name "ScreenDecoratio" vma 13d58000
           <...>-2250  [004] ....  2769.585394: do_swap_page: swapin tgid 1670 pid 2250 name "ScreenDecoratio" vma 9e5fe000
           <...>-5852  [004] ....  2769.585426: do_swap_page: swapin tgid 5852 pid 5852 name "droid.bluetooth" vma 9e4bd000
           <...>-5852  [004] ....  2769.585432: do_swap_page: swapin tgid 5852 pid 5852 name "droid.bluetooth" vma 9e499000
           <...>-2557  [004] ....  2769.585455: do_swap_page: swapin tgid 2534 pid 2557 name "Binder:2534_3" vma 72478000
           <...>-2506  [004] ....  2769.585500: do_swap_page: swapin tgid 2483 pid 2506 name "Binder:2483_3" vma 7f2d145000
           <...>-2506  [004] ....  2769.585507: do_swap_page: swapin tgid 2483 pid 2506 name "Binder:2483_3" vma 7f39800000
           <...>-10021 [004] ....  2769.585837: do_swap_page: swapin tgid 9943 pid 10021 name "Binder:9943_4" vma 7fbe24e000
           <...>-10021 [004] ....  2769.585847: do_swap_page: swapin tgid 9943 pid 10021 name "Binder:9943_4" vma 7fbe074000
           <...>-10021 [004] ....  2769.585852: do_swap_page: swapin tgid 9943 pid 10021 name "Binder:9943_4" vma 7f29ffa000
           <...>-10021 [004] ....  2769.585858: do_swap_page: swapin tgid 9943 pid 10021 name "Binder:9943_4" vma 7f34f62000
           <...>-10021 [004] ....  2769.585860: do_swap_page: swapin tgid 9943 pid 10021 name "Binder:9943_4" vma 12cc5000
           <...>-10021 [004] ....  2769.585865: do_swap_page: swapin tgid 9943 pid 10021 name "Binder:9943_4" vma 7fbe1e7000
           <...>-5852  [004] ....  2769.585880: do_swap_page: swapin tgid 5852 pid 5852 name "droid.bluetooth" vma 9e499000
           <...>-5852  [004] ....  2769.585886: do_swap_page: swapin tgid 5852 pid 5852 name "droid.bluetooth" vma 7ed30ca000
           <...>-2250  [004] ....  2769.585912: do_swap_page: swapin tgid 1670 pid 2250 name "ScreenDecoratio" vma 9e5fe000
           <...>-2646  [004] ....  2769.585955: do_swap_page: swapin tgid 2578 pid 2646 name "Binder:2578_3" vma 7f39800000
           <...>-2646  [004] ....  2769.585968: do_swap_page: swapin tgid 2578 pid 2646 name "Binder:2578_3" vma 1430b000
           <...>-2646  [004] ....  2769.585973: do_swap_page: swapin tgid 2578 pid 2646 name "Binder:2578_3" vma 7f350d9000
           <...>-2646  [004] ....  2769.585976: do_swap_page: swapin tgid 2578 pid 2646 name "Binder:2578_3" vma 72478000
           <...>-2056  [004] ....  2769.585999: do_swap_page: swapin tgid 1957 pid 2056 name "Binder:1957_4" vma 7f395f0000
           <...>-2056  [004] ....  2769.586008: do_swap_page: swapin tgid 1957 pid 2056 name "Binder:1957_4" vma 7f39800000
           <...>-10021 [004] ....  2769.586305: do_swap_page: swapin tgid 9943 pid 10021 name "Binder:9943_4" vma 7fbe1e7000
           <...>-10021 [004] ....  2769.586310: do_swap_page: swapin tgid 9943 pid 10021 name "Binder:9943_4" vma 7fbe17f000
           <...>-5852  [004] ....  2769.586330: do_swap_page: swapin tgid 5852 pid 5852 name "droid.bluetooth" vma 7ed30ca000
           <...>-5852  [004] ....  2769.586335: do_swap_page: swapin tgid 5852 pid 5852 name "droid.bluetooth" vma 9e47d000
           <...>-2532  [004] ....  2769.586359: do_swap_page: swapin tgid 2514 pid 2532 name "Binder:2514_1" vma 7f39800000
           <...>-2532  [004] ....  2769.586375: do_swap_page: swapin tgid 2514 pid 2532 name "Binder:2514_1" vma 140d0000
           <...>-2532  [004] ....  2769.586379: do_swap_page: swapin tgid 2514 pid 2532 name "Binder:2514_1" vma 7f34f67000
           <...>-2532  [004] ....  2769.586381: do_swap_page: swapin tgid 2514 pid 2532 name "Binder:2514_1" vma 7f350d9000
           <...>-2532  [004] ....  2769.586383: do_swap_page: swapin tgid 2514 pid 2532 name "Binder:2514_1" vma 72478000
           <...>-1888  [004] ....  2769.586415: do_swap_page: swapin tgid 1888 pid 1888 name "m.android.phone" vma 7f28a22000
           <...>-1888  [004] ....  2769.586426: do_swap_page: swapin tgid 1888 pid 1888 name "m.android.phone" vma 7fb9e78000
           <...>-5852  [004] ....  2769.586464: do_swap_page: swapin tgid 5852 pid 5852 name "droid.bluetooth" vma 9e47d000
           <...>-5852  [004] ....  2769.586477: do_swap_page: swapin tgid 5852 pid 5852 name "droid.bluetooth" vma 7fbe15d000
           <...>-5852  [004] ....  2769.586479: do_swap_page: swapin tgid 5852 pid 5852 name "droid.bluetooth" vma 7fbe15c000
           <...>-5852  [004] ....  2769.586482: do_swap_page: swapin tgid 5852 pid 5852 name "droid.bluetooth" vma 7fbe177000
           <...>-5852  [004] ....  2769.586485: do_swap_page: swapin tgid 5852 pid 5852 name "droid.bluetooth" vma 7f28b2c000
           <...>-5852  [004] ....  2769.586488: do_swap_page: swapin tgid 5852 pid 5852 name "droid.bluetooth" vma 7f28b3c000
           <...>-5852  [004] ....  2769.586489: do_swap_page: swapin tgid 5852 pid 5852 name "droid.bluetooth" vma 7f28bab000
           <...>-5852  [004] ....  2769.586520: do_swap_page: swapin tgid 5852 pid 5852 name "droid.bluetooth" vma 7fbe1c5000
           <...>-5852  [004] ....  2769.586524: do_swap_page: swapin tgid 5852 pid 5852 name "droid.bluetooth" vma 7fbe1cb000
           <...>-5852  [004] ....  2769.586527: do_swap_page: swapin tgid 5852 pid 5852 name "droid.bluetooth" vma 14411000
           <...>-2191  [004] ....  2769.586562: do_swap_page: swapin tgid 1770 pid 2191 name "Binder:1770_3" vma 7fbd561000
           <...>-2191  [004] ....  2769.586572: do_swap_page: swapin tgid 1770 pid 2191 name "Binder:1770_3" vma 7f28b1d000
           <...>-2191  [004] ....  2769.586575: do_swap_page: swapin tgid 1770 pid 2191 name "Binder:1770_3" vma 7f28b1e000
           <...>-2191  [004] ....  2769.586578: do_swap_page: swapin tgid 1770 pid 2191 name "Binder:1770_3" vma 7f2d674000
           <...>-2191  [004] ....  2769.586583: do_swap_page: swapin tgid 1770 pid 2191 name "Binder:1770_3" vma 7f2d6e6000
           <...>-2191  [004] ....  2769.586586: do_swap_page: swapin tgid 1770 pid 2191 name "Binder:1770_3" vma 7f2d16b000
           <...>-2506  [004] ....  2769.586611: do_swap_page: swapin tgid 2483 pid 2506 name "Binder:2483_3" vma 7f39800000
           <...>-2506  [004] ....  2769.586621: do_swap_page: swapin tgid 2483 pid 2506 name "Binder:2483_3" vma 7f395f0000
           <...>-5852  [004] ....  2769.586662: do_swap_page: swapin tgid 5852 pid 5852 name "droid.bluetooth" vma 14411000
           <...>-5852  [004] ....  2769.586671: do_swap_page: swapin tgid 5852 pid 5852 name "droid.bluetooth" vma 7fbcdb5000
           <...>-5852  [004] ....  2769.586674: do_swap_page: swapin tgid 5852 pid 5852 name "droid.bluetooth" vma 7f2d681000
           <...>-2056  [004] ....  2769.586697: do_swap_page: swapin tgid 1957 pid 2056 name "Binder:1957_4" vma 7f39800000
           <...>-2056  [004] ....  2769.586728: do_swap_page: swapin tgid 1957 pid 2056 name "Binder:1957_4" vma 13801000
           <...>-10021 [004] ....  2769.586764: do_swap_page: swapin tgid 9943 pid 10021 name "Binder:9943_4" vma 7fbe17f000
           <...>-10021 [004] ....  2769.586769: do_swap_page: swapin tgid 9943 pid 10021 name "Binder:9943_4" vma 7fbe20a000
           <...>-1874  [004] ....  2769.586787: do_swap_page: swapin tgid 1849 pid 1874 name "Binder:1849_1" vma 7f2d16b000
           <...>-1874  [004] ....  2769.586794: do_swap_page: swapin tgid 1849 pid 1874 name "Binder:1849_1" vma 7f39800000
           <...>-2820  [004] ....  2769.586819: do_swap_page: swapin tgid 2452 pid 2820 name "Binder:2452_4" vma 7f2d16b000
           <...>-2820  [004] ....  2769.586825: do_swap_page: swapin tgid 2452 pid 2820 name "Binder:2452_4" vma 7f39800000
           <...>-5852  [004] ....  2769.586870: do_swap_page: swapin tgid 5852 pid 5852 name "droid.bluetooth" vma 7f2d681000
           <...>-5852  [004] ....  2769.586875: do_swap_page: swapin tgid 5852 pid 5852 name "droid.bluetooth" vma 7f2d63e000
           <...>-1355  [004] ....  2769.586978: do_swap_page: swapin tgid 1330 pid 1355 name "android.display" vma 7fbc1f2000
           <...>-10021 [004] ....  2769.587017: do_swap_page: swapin tgid 9943 pid 10021 name "Binder:9943_4" vma 7fbe20a000
           <...>-10021 [004] ....  2769.587024: do_swap_page: swapin tgid 9943 pid 10021 name "Binder:9943_4" vma 7f2d679000
           <...>-10021 [004] ....  2769.587029: do_swap_page: swapin tgid 9943 pid 10021 name "Binder:9943_4" vma 7f2d61e000
           <...>-10021 [004] ....  2769.587034: do_swap_page: swapin tgid 9943 pid 10021 name "Binder:9943_4" vma 12cc2000
           <...>-5852  [004] ....  2769.587067: do_swap_page: swapin tgid 5852 pid 5852 name "droid.bluetooth" vma 7f2d63e000
           <...>-5852  [004] ....  2769.587073: do_swap_page: swapin tgid 5852 pid 5852 name "droid.bluetooth" vma 7f289bb000
           <...>-5852  [004] ....  2769.587130: do_swap_page: swapin tgid 5852 pid 5852 name "droid.bluetooth" vma 7f28b4b000
           <...>-5852  [004] ....  2769.587188: do_swap_page: swapin tgid 5852 pid 5852 name "droid.bluetooth" vma 7f28b4e000
           <...>-5852  [004] ....  2769.587192: do_swap_page: swapin tgid 5852 pid 5852 name "droid.bluetooth" vma 7fbe1d0000
           <...>-1888  [004] ....  2769.587217: do_swap_page: swapin tgid 1888 pid 1888 name "m.android.phone" vma 7fb9e78000
           <...>-1888  [004] ....  2769.587228: do_swap_page: swapin tgid 1888 pid 1888 name "m.android.phone" vma 7f2d68b000
           <...>-1888  [004] ....  2769.587231: do_swap_page: swapin tgid 1888 pid 1888 name "m.android.phone" vma 7f2d68a000
           <...>-1888  [004] ....  2769.587240: do_swap_page: swapin tgid 1888 pid 1888 name "m.android.phone" vma 7f2d68c000
           <...>-1888  [004] ....  2769.587248: do_swap_page: swapin tgid 1888 pid 1888 name "m.android.phone" vma 7f2d16b000
           <...>-1888  [004] ....  2769.587257: do_swap_page: swapin tgid 1888 pid 1888 name "m.android.phone" vma 72473000
           <...>-2646  [004] ....  2769.587299: do_swap_page: swapin tgid 2578 pid 2646 name "Binder:2578_3" vma 72478000
           <...>-5852  [004] ....  2769.587323: do_swap_page: swapin tgid 5852 pid 5852 name "droid.bluetooth" vma 7fbe1d0000
           <...>-5852  [004] ....  2769.587334: do_swap_page: swapin tgid 5852 pid 5852 name "droid.bluetooth" vma 1440d000
           <...>-5852  [004] ....  2769.587338: do_swap_page: swapin tgid 5852 pid 5852 name "droid.bluetooth" vma 12c80000
           <...>-5852  [004] ....  2769.587343: do_swap_page: swapin tgid 5852 pid 5852 name "droid.bluetooth" vma 72243000
           <...>-2250  [004] ....  2769.587494: do_swap_page: swapin tgid 1670 pid 2250 name "ScreenDecoratio" vma 13e7d000
           <...>-2250  [004] ....  2769.587499: do_swap_page: swapin tgid 1670 pid 2250 name "ScreenDecoratio" vma 9e51a000
           <...>-2250  [004] ....  2769.587503: do_swap_page: swapin tgid 1670 pid 2250 name "ScreenDecoratio" vma 9e74b000
           <...>-10021 [004] ....  2769.587544: do_swap_page: swapin tgid 9943 pid 10021 name "Binder:9943_4" vma 12cc2000
           <...>-10021 [004] ....  2769.587550: do_swap_page: swapin tgid 9943 pid 10021 name "Binder:9943_4" vma 12d56000
           <...>-10021 [004] ....  2769.587555: do_swap_page: swapin tgid 9943 pid 10021 name "Binder:9943_4" vma 7f350d9000
           <...>-10021 [004] ....  2769.587559: do_swap_page: swapin tgid 9943 pid 10021 name "Binder:9943_4" vma 72478000
           <...>-5852  [004] ....  2769.587574: do_swap_page: swapin tgid 5852 pid 5852 name "droid.bluetooth" vma 72243000
           <...>-5852  [004] ....  2769.587581: do_swap_page: swapin tgid 5852 pid 5852 name "droid.bluetooth" vma 7fbe167000
           <...>-2532  [004] ....  2769.587603: do_swap_page: swapin tgid 2514 pid 2532 name "Binder:2514_1" vma 72478000
           <...>-2250  [004] ....  2769.587649: do_swap_page: swapin tgid 1670 pid 2250 name "ScreenDecoratio" vma 9e74b000
           <...>-2250  [004] ....  2769.587653: do_swap_page: swapin tgid 1670 pid 2250 name "ScreenDecoratio" vma 9e6e8000
           <...>-5852  [004] ....  2769.587695: do_swap_page: swapin tgid 5852 pid 5852 name "droid.bluetooth" vma 7fbe167000
           <...>-2191  [004] ....  2769.587724: do_swap_page: swapin tgid 1770 pid 2191 name "Binder:1770_3" vma 7f2d16b000
           <...>-2191  [004] ....  2769.587734: do_swap_page: swapin tgid 1770 pid 2191 name "Binder:1770_3" vma 7f39800000
           <...>-2250  [004] ....  2769.587772: do_swap_page: swapin tgid 1670 pid 2250 name "ScreenDecoratio" vma 9e6e8000
           <...>-2250  [004] ....  2769.587779: do_swap_page: swapin tgid 1670 pid 2250 name "ScreenDecoratio" vma 13e81000
           <...>-2250  [004] ....  2769.587781: do_swap_page: swapin tgid 1670 pid 2250 name "ScreenDecoratio" vma 9e51b000
           <...>-2250  [004] ....  2769.587796: do_swap_page: swapin tgid 1670 pid 2250 name "ScreenDecoratio" vma 13e80000
           <...>-2250  [004] ....  2769.587819: do_swap_page: swapin tgid 1670 pid 2250 name "ScreenDecoratio" vma 7f2d679000
           <...>-2506  [004] ....  2769.587868: do_swap_page: swapin tgid 2483 pid 2506 name "Binder:2483_3" vma 7f395f0000
           <...>-2506  [004] ....  2769.587878: do_swap_page: swapin tgid 2483 pid 2506 name "Binder:2483_3" vma 14750000
           <...>-2506  [004] ....  2769.587884: do_swap_page: swapin tgid 2483 pid 2506 name "Binder:2483_3" vma 7f350d9000
           <...>-2506  [004] ....  2769.587887: do_swap_page: swapin tgid 2483 pid 2506 name "Binder:2483_3" vma 72478000
           <...>-1874  [004] ....  2769.587913: do_swap_page: swapin tgid 1849 pid 1874 name "Binder:1849_1" vma 7f39800000
           <...>-1874  [004] ....  2769.587927: do_swap_page: swapin tgid 1849 pid 1874 name "Binder:1849_1" vma 1334e000
           <...>-1874  [004] ....  2769.587932: do_swap_page: swapin tgid 1849 pid 1874 name "Binder:1849_1" vma 7f350d9000
           <...>-1874  [004] ....  2769.587935: do_swap_page: swapin tgid 1849 pid 1874 name "Binder:1849_1" vma 72478000
           <...>-2820  [004] ....  2769.587975: do_swap_page: swapin tgid 2452 pid 2820 name "Binder:2452_4" vma 7f39800000
           <...>-2820  [004] ....  2769.587989: do_swap_page: swapin tgid 2452 pid 2820 name "Binder:2452_4" vma 14011000
           <...>-10021 [004] ....  2769.588165: do_swap_page: swapin tgid 9943 pid 10021 name "Binder:9943_4" vma 72478000
           <...>-2250  [004] ....  2769.588189: do_swap_page: swapin tgid 1670 pid 2250 name "ScreenDecoratio" vma 7f2d679000
           <...>-2250  [004] ....  2769.588213: do_swap_page: swapin tgid 1670 pid 2250 name "ScreenDecoratio" vma 7f2d6c5000
           <...>-2127  [004] ....  2769.588257: do_swap_page: swapin tgid 1670 pid 2127 name "RenderThread" vma 7ebb2d8000
           <...>-2250  [004] ....  2769.588375: do_swap_page: swapin tgid 1670 pid 2250 name "ScreenDecoratio" vma 13e82000
           <...>-2250  [004] ....  2769.588399: do_swap_page: swapin tgid 1670 pid 2250 name "ScreenDecoratio" vma 7f28987000
           <...>-2250  [004] ....  2769.588406: do_swap_page: swapin tgid 1670 pid 2250 name "ScreenDecoratio" vma 7fbe188000
           <...>-1355  [004] ....  2769.588435: do_swap_page: swapin tgid 1330 pid 1355 name "android.display" vma 7fbc1f2000
           <...>-1355  [004] ....  2769.588479: do_swap_page: swapin tgid 1330 pid 1355 name "android.display" vma 7fbc1f1000
           <...>-2056  [004] ....  2769.588523: do_swap_page: swapin tgid 1957 pid 2056 name "Binder:1957_4" vma 13801000
           <...>-2056  [004] ....  2769.588529: do_swap_page: swapin tgid 1957 pid 2056 name "Binder:1957_4" vma 13811000
           <...>-2056  [004] ....  2769.588535: do_swap_page: swapin tgid 1957 pid 2056 name "Binder:1957_4" vma 7f350d9000
           <...>-2056  [004] ....  2769.588539: do_swap_page: swapin tgid 1957 pid 2056 name "Binder:1957_4" vma 72478000
           <...>-2250  [004] ....  2769.588565: do_swap_page: swapin tgid 1670 pid 2250 name "ScreenDecoratio" vma 7fbe188000
           <...>-2250  [004] ....  2769.588610: do_swap_page: swapin tgid 1670 pid 2250 name "ScreenDecoratio" vma 13e86000
           <...>-2250  [004] ....  2769.588619: do_swap_page: swapin tgid 1670 pid 2250 name "ScreenDecoratio" vma 7f2d6c6000
           <...>-2820  [004] ....  2769.588649: do_swap_page: swapin tgid 2452 pid 2820 name "Binder:2452_4" vma 7f350d9000
           <...>-2820  [004] ....  2769.588654: do_swap_page: swapin tgid 2452 pid 2820 name "Binder:2452_4" vma 72478000
           <...>-2191  [004] ....  2769.588679: do_swap_page: swapin tgid 1770 pid 2191 name "Binder:1770_3" vma 7f39800000
           <...>-2191  [004] ....  2769.588723: do_swap_page: swapin tgid 1770 pid 2191 name "Binder:1770_3" vma 133c1000
           <...>-12920 [004] ....  2769.588764: do_swap_page: swapin tgid 9857 pid 12920 name "Binder:9857_6" vma 12d62000
           <...>-12920 [004] ....  2769.588785: do_swap_page: swapin tgid 9857 pid 12920 name "Binder:9857_6" vma 7fbe286000
           <...>-12920 [004] ....  2769.588789: do_swap_page: swapin tgid 9857 pid 12920 name "Binder:9857_6" vma 7fbe285000
           <...>-12920 [004] ....  2769.588792: do_swap_page: swapin tgid 9857 pid 12920 name "Binder:9857_6" vma 7f393db000
           <...>-5852  [004] ....  2769.588904: do_swap_page: swapin tgid 5852 pid 5852 name "droid.bluetooth" vma 7fbe1f9000
           <...>-1355  [004] ....  2769.588928: do_swap_page: swapin tgid 1330 pid 1355 name "android.display" vma 7fbc1f1000
           <...>-1355  [004] ....  2769.588937: do_swap_page: swapin tgid 1330 pid 1355 name "android.display" vma 9e871000
           <...>-1355  [004] ....  2769.588955: do_swap_page: swapin tgid 1330 pid 1355 name "android.display" vma 7f2d710000
           <...>-2030  [004] ....  2769.589122: do_swap_page: swapin tgid 2001 pid 2030 name "Binder:2001_3" vma 7f289be000
           <...>-2030  [004] ....  2769.589129: do_swap_page: swapin tgid 2001 pid 2030 name "Binder:2001_3" vma 7fbe176000
           <...>-2030  [004] ....  2769.589155: do_swap_page: swapin tgid 2001 pid 2030 name "Binder:2001_3" vma 7ec942b000
           <...>-2030  [004] ....  2769.589169: do_swap_page: swapin tgid 2001 pid 2030 name "Binder:2001_3" vma 9e585000
           <...>-2030  [004] ....  2769.589173: do_swap_page: swapin tgid 2001 pid 2030 name "Binder:2001_3" vma 9e488000
           <...>-2001  [004] ....  2769.589236: do_swap_page: swapin tgid 2001 pid 2001 name "droid.launcher3" vma 9e577000
           <...>-2001  [004] ....  2769.589243: do_swap_page: swapin tgid 2001 pid 2001 name "droid.launcher3" vma 9e4fe000
           <...>-2001  [004] ....  2769.589244: do_swap_page: swapin tgid 2001 pid 2001 name "droid.launcher3" vma 9e4bb000
           <...>-2897  [004] ....  2769.589277: do_swap_page: swapin tgid 1670 pid 2897 name "Binder:1670_8" vma 7fbe301000
           <...>-5852  [004] ....  2769.589329: do_swap_page: swapin tgid 5852 pid 5852 name "droid.bluetooth" vma 7fbe1f9000
           <...>-5852  [004] ....  2769.589336: do_swap_page: swapin tgid 5852 pid 5852 name "droid.bluetooth" vma 14412000
           <...>-2506  [004] ....  2769.589365: do_swap_page: swapin tgid 2483 pid 2506 name "Binder:2483_3" vma 72478000
           <...>-1888  [004] ....  2769.589404: do_swap_page: swapin tgid 1888 pid 1888 name "m.android.phone" vma 72473000
           <...>-1888  [004] ....  2769.589410: do_swap_page: swapin tgid 1888 pid 1888 name "m.android.phone" vma 7253b000
           <...>-1888  [004] ....  2769.589420: do_swap_page: swapin tgid 1888 pid 1888 name "m.android.phone" vma 72476000
           <...>-5852  [004] ....  2769.589462: do_swap_page: swapin tgid 5852 pid 5852 name "droid.bluetooth" vma 14412000
           <...>-1874  [004] ....  2769.589545: do_swap_page: swapin tgid 1849 pid 1874 name "Binder:1849_1" vma 72478000
           <...>-2250  [004] ....  2769.589573: do_swap_page: swapin tgid 1670 pid 2250 name "ScreenDecoratio" vma 7f2d6c6000
           <...>-2127  [004] ....  2769.589652: do_swap_page: swapin tgid 1670 pid 2127 name "RenderThread" vma 7ebb2f0000
           <...>-12920 [004] ....  2769.589665: do_swap_page: swapin tgid 9857 pid 12920 name "Binder:9857_6" vma 7f393db000
           <...>-12920 [004] ....  2769.589673: do_swap_page: swapin tgid 9857 pid 12920 name "Binder:9857_6" vma 7fbe1f8000
           <...>-12920 [004] ....  2769.589681: do_swap_page: swapin tgid 9857 pid 12920 name "Binder:9857_6" vma 13000000
           <...>-12920 [004] ....  2769.589687: do_swap_page: swapin tgid 9857 pid 12920 name "Binder:9857_6" vma 7fbe24e000
           <...>-2056  [004] ....  2769.589762: do_swap_page: swapin tgid 1957 pid 2056 name "Binder:1957_4" vma 72478000
           <...>-2820  [004] ....  2769.589791: do_swap_page: swapin tgid 2452 pid 2820 name "Binder:2452_4" vma 72478000
           <...>-2191  [004] ....  2769.589828: do_swap_page: swapin tgid 1770 pid 2191 name "Binder:1770_3" vma 133c1000
           <...>-2191  [004] ....  2769.589834: do_swap_page: swapin tgid 1770 pid 2191 name "Binder:1770_3" vma 133d4000
           <...>-2191  [004] ....  2769.589839: do_swap_page: swapin tgid 1770 pid 2191 name "Binder:1770_3" vma 7f350d9000
           <...>-2191  [004] ....  2769.589843: do_swap_page: swapin tgid 1770 pid 2191 name "Binder:1770_3" vma 72478000
           <...>-1888  [004] ....  2769.589867: do_swap_page: swapin tgid 1888 pid 1888 name "m.android.phone" vma 72476000
           <...>-1888  [004] ....  2769.589873: do_swap_page: swapin tgid 1888 pid 1888 name "m.android.phone" vma 724fe000
           <...>-5852  [004] ....  2769.590053: do_swap_page: swapin tgid 5852 pid 5852 name "droid.bluetooth" vma 9e461000
           <...>-2191  [004] ....  2769.590082: do_swap_page: swapin tgid 1770 pid 2191 name "Binder:1770_3" vma 72478000
           <...>-1888  [004] ....  2769.590119: do_swap_page: swapin tgid 1888 pid 1888 name "m.android.phone" vma 724fe000
           <...>-1888  [004] ....  2769.590138: do_swap_page: swapin tgid 1888 pid 1888 name "m.android.phone" vma 714e6000
           <...>-5852  [004] ....  2769.590180: do_swap_page: swapin tgid 5852 pid 5852 name "droid.bluetooth" vma 9e461000
           <...>-5852  [004] ....  2769.590190: do_swap_page: swapin tgid 5852 pid 5852 name "droid.bluetooth" vma 7f2d6dd000
           <...>-5852  [004] ....  2769.590194: do_swap_page: swapin tgid 5852 pid 5852 name "droid.bluetooth" vma 7f2d68a000
           <...>-5852  [004] ....  2769.590206: do_swap_page: swapin tgid 5852 pid 5852 name "droid.bluetooth" vma 7fbf6ff000
           <...>-5889  [004] ....  2769.590235: do_swap_page: swapin tgid 5852 pid 5889 name "BluetoothScanMa" vma 7ec3b42000
           <...>-5889  [004] ....  2769.590245: do_swap_page: swapin tgid 5852 pid 5889 name "BluetoothScanMa" vma 7ec3b43000
           <...>-12920 [004] ....  2769.590449: do_swap_page: swapin tgid 9857 pid 12920 name "Binder:9857_6" vma 7fbe24e000
           <...>-12920 [004] ....  2769.590462: do_swap_page: swapin tgid 9857 pid 12920 name "Binder:9857_6" vma 7fbe06b000
           <...>-12920 [004] ....  2769.590467: do_swap_page: swapin tgid 9857 pid 12920 name "Binder:9857_6" vma 7f29efd000
           <...>-12920 [004] ....  2769.590472: do_swap_page: swapin tgid 9857 pid 12920 name "Binder:9857_6" vma 7f34f63000
           <...>-12920 [004] ....  2769.590474: do_swap_page: swapin tgid 9857 pid 12920 name "Binder:9857_6" vma 12d46000
           <...>-12920 [004] ....  2769.590482: do_swap_page: swapin tgid 9857 pid 12920 name "Binder:9857_6" vma 7fbe1e7000
           <...>-5889  [004] ....  2769.590500: do_swap_page: swapin tgid 5852 pid 5889 name "BluetoothScanMa" vma 7ec3b43000
           <...>-5889  [004] ....  2769.590507: do_swap_page: swapin tgid 5852 pid 5889 name "BluetoothScanMa" vma 7f28bc4000
           <...>-5889  [004] ....  2769.590509: do_swap_page: swapin tgid 5852 pid 5889 name "BluetoothScanMa" vma 7f28b1a000
           <...>-5889  [004] ....  2769.590514: do_swap_page: swapin tgid 5852 pid 5889 name "BluetoothScanMa" vma 14416000
           <...>-5852  [004] ....  2769.590538: do_swap_page: swapin tgid 5852 pid 5852 name "droid.bluetooth" vma 7fbf6ff000
           <...>-5852  [004] ....  2769.590550: do_swap_page: swapin tgid 5852 pid 5852 name "droid.bluetooth" vma 14419000
           <...>-1888  [004] ....  2769.590564: do_swap_page: swapin tgid 1888 pid 1888 name "m.android.phone" vma 714e6000
           <...>-1888  [004] ....  2769.590645: do_swap_page: swapin tgid 1888 pid 1888 name "m.android.phone" vma 7247a000
           <...>-5889  [004] ....  2769.590691: do_swap_page: swapin tgid 5852 pid 5889 name "BluetoothScanMa" vma 14416000
           <...>-5889  [004] ....  2769.590696: do_swap_page: swapin tgid 5852 pid 5889 name "BluetoothScanMa" vma 12d40000
           <...>-5889  [004] ....  2769.590701: do_swap_page: swapin tgid 5852 pid 5889 name "BluetoothScanMa" vma 7f313fc000
           <...>-5889  [004] ....  2769.590704: do_swap_page: swapin tgid 5852 pid 5889 name "BluetoothScanMa" vma 12d41000
           <...>-5889  [004] ....  2769.590708: do_swap_page: swapin tgid 5852 pid 5889 name "BluetoothScanMa" vma 9e4a7000
           <...>-5852  [004] ....  2769.590734: do_swap_page: swapin tgid 5852 pid 5852 name "droid.bluetooth" vma 14419000
           <...>-1670  [004] ....  2769.590879: do_swap_page: swapin tgid 1670 pid 1670 name "ndroid.systemui" vma 7fbe293000
           <...>-5889  [004] ....  2769.590901: do_swap_page: swapin tgid 5852 pid 5889 name "BluetoothScanMa" vma 9e4a7000
           <...>-5889  [004] ....  2769.590908: do_swap_page: swapin tgid 5852 pid 5889 name "BluetoothScanMa" vma 9e459000
           <...>-12920 [004] ....  2769.590930: do_swap_page: swapin tgid 9857 pid 12920 name "Binder:9857_6" vma 7fbe1e7000
           <...>-12920 [004] ....  2769.590935: do_swap_page: swapin tgid 9857 pid 12920 name "Binder:9857_6" vma 7fbe17f000
           <...>-12920 [004] ....  2769.590938: do_swap_page: swapin tgid 9857 pid 12920 name "Binder:9857_6" vma 7fbe20a000
           <...>-5889  [004] ....  2769.591030: do_swap_page: swapin tgid 5852 pid 5889 name "BluetoothScanMa" vma 9e459000
           <...>-5889  [004] ....  2769.591035: do_swap_page: swapin tgid 5852 pid 5889 name "BluetoothScanMa" vma 9e4e9000
           <...>-5889  [004] ....  2769.591048: do_swap_page: swapin tgid 5852 pid 5889 name "BluetoothScanMa" vma 7f2d702000
           <...>-1670  [004] ....  2769.591080: do_swap_page: swapin tgid 1670 pid 1670 name "ndroid.systemui" vma 13d78000
           <...>-1670  [004] ....  2769.591086: do_swap_page: swapin tgid 1670 pid 1670 name "ndroid.systemui" vma 13cc8000
           <...>-1670  [004] ....  2769.591099: do_swap_page: swapin tgid 1670 pid 1670 name "ndroid.systemui" vma 13dd3000
           <...>-1475  [004] ....  2769.591322: do_swap_page: swapin tgid 1330 pid 1475 name "InputDispatcher" vma 7e5dca2000
           <...>-2001  [004] ....  2769.591357: do_swap_page: swapin tgid 2001 pid 2001 name "droid.launcher3" vma 7eceba8000
           <...>-2001  [004] ....  2769.591363: do_swap_page: swapin tgid 2001 pid 2001 name "droid.launcher3" vma 7eceba9000
           <...>-2001  [004] ....  2769.591380: do_swap_page: swapin tgid 2001 pid 2001 name "droid.launcher3" vma 13d21000
           <...>-2001  [004] ....  2769.591387: do_swap_page: swapin tgid 2001 pid 2001 name "droid.launcher3" vma 7fbe1d3000
           <...>-2001  [004] ....  2769.591390: do_swap_page: swapin tgid 2001 pid 2001 name "droid.launcher3" vma 7fbe349000
           <...>-2001  [004] ....  2769.591399: do_swap_page: swapin tgid 2001 pid 2001 name "droid.launcher3" vma 7f289b2000
           <...>-2001  [004] ....  2769.591404: do_swap_page: swapin tgid 2001 pid 2001 name "droid.launcher3" vma 7fbe166000
           <...>-2001  [004] ....  2769.591406: do_swap_page: swapin tgid 2001 pid 2001 name "droid.launcher3" vma 7f28b05000
           <...>-1353  [004] ....  2769.591449: do_swap_page: swapin tgid 1330 pid 1353 name "android.ui" vma 7f2895f000
           <...>-1353  [004] ....  2769.591455: do_swap_page: swapin tgid 1330 pid 1353 name "android.ui" vma 7e5c88b000
           <...>-1353  [004] ....  2769.591471: do_swap_page: swapin tgid 1330 pid 1353 name "android.ui" vma 7e5c88d000
           <...>-1353  [004] ....  2769.591474: do_swap_page: swapin tgid 1330 pid 1353 name "android.ui" vma 7eb8ae4000
           <...>-1353  [004] ....  2769.591485: do_swap_page: swapin tgid 1330 pid 1353 name "android.ui" vma 7f2d803000
           <...>-1353  [004] ....  2769.591527: do_swap_page: swapin tgid 1330 pid 1353 name "android.ui" vma 7f2d669000
           <...>-1353  [004] ....  2769.591536: do_swap_page: swapin tgid 1330 pid 1353 name "android.ui" vma 7f2d66a000
           <...>-1670  [004] ....  2769.591713: do_swap_page: swapin tgid 1670 pid 1670 name "ndroid.systemui" vma 13dd3000
           <...>-1670  [004] ....  2769.591719: do_swap_page: swapin tgid 1670 pid 1670 name "ndroid.systemui" vma 9e5ac000
           <...>-1670  [004] ....  2769.591722: do_swap_page: swapin tgid 1670 pid 1670 name "ndroid.systemui" vma 9e71d000
     logd.writer-565   [004] ....  2769.591769: do_swap_page: swapin tgid 555 pid 565 name "logd.writer" vma 7fb2781000
         logcatd-860   [004] ....  2769.591913: do_swap_page: swapin tgid 860 pid 860 name "logcatd" vma 7fbd819000
           <...>-1670  [004] ....  2769.591945: do_swap_page: swapin tgid 1670 pid 1670 name "ndroid.systemui" vma 9e71d000
           <...>-1670  [004] ....  2769.591950: do_swap_page: swapin tgid 1670 pid 1670 name "ndroid.systemui" vma 9e657000
           <...>-1670  [004] ....  2769.592075: do_swap_page: swapin tgid 1670 pid 1670 name "ndroid.systemui" vma 9e657000
  surfaceflinger-602   [004] ....  2769.592169: do_swap_page: swapin tgid 602 pid 602 name "surfaceflinger" vma 7fb7739000
  surfaceflinger-602   [004] ....  2769.592210: do_swap_page: swapin tgid 602 pid 602 name "surfaceflinger" vma 7faa7a4000
  surfaceflinger-602   [004] ....  2769.592213: do_swap_page: swapin tgid 602 pid 602 name "surfaceflinger" vma 7faa631000
  surfaceflinger-602   [004] ....  2769.592228: do_swap_page: swapin tgid 602 pid 602 name "surfaceflinger" vma 7fb7563000
  surfaceflinger-602   [004] ....  2769.592248: do_swap_page: swapin tgid 602 pid 602 name "surfaceflinger" vma 7faa760000
  surfaceflinger-602   [004] ....  2769.592253: do_swap_page: swapin tgid 602 pid 602 name "surfaceflinger" vma 7fba65b000
  surfaceflinger-602   [004] ....  2769.592255: do_swap_page: swapin tgid 602 pid 602 name "surfaceflinger" vma 7faa761000
  surfaceflinger-602   [004] ....  2769.592263: do_swap_page: swapin tgid 602 pid 602 name "surfaceflinger" vma 7fbe172000
  surfaceflinger-602   [004] ....  2769.592284: do_swap_page: swapin tgid 602 pid 602 name "surfaceflinger" vma 7fb757e000
  surfaceflinger-602   [004] ....  2769.592294: do_swap_page: swapin tgid 602 pid 602 name "surfaceflinger" vma 7faa7b6000
  surfaceflinger-602   [004] ....  2769.592300: do_swap_page: swapin tgid 602 pid 602 name "surfaceflinger" vma 7fb7a0b000
  surfaceflinger-602   [004] ....  2769.592307: do_swap_page: swapin tgid 602 pid 602 name "surfaceflinger" vma 7fbc20b000
  surfaceflinger-602   [004] ....  2769.592308: do_swap_page: swapin tgid 602 pid 602 name "surfaceflinger" vma 7fbc213000
  surfaceflinger-602   [004] ....  2769.592310: do_swap_page: swapin tgid 602 pid 602 name "surfaceflinger" vma 7fbc20e000
  surfaceflinger-602   [004] ....  2769.592329: do_swap_page: swapin tgid 602 pid 602 name "surfaceflinger" vma 7faa78a000
  surfaceflinger-602   [004] ....  2769.592332: do_swap_page: swapin tgid 602 pid 602 name "surfaceflinger" vma 7fba6e4000
  surfaceflinger-602   [004] ....  2769.592340: do_swap_page: swapin tgid 602 pid 602 name "surfaceflinger" vma 7fb7562000
  surfaceflinger-602   [004] ....  2769.592391: do_swap_page: swapin tgid 602 pid 602 name "surfaceflinger" vma 7faa6e3000
  surfaceflinger-602   [004] ....  2769.592392: do_swap_page: swapin tgid 602 pid 602 name "surfaceflinger" vma 7faa6e5000
  surfaceflinger-602   [004] ....  2769.592394: do_swap_page: swapin tgid 602 pid 602 name "surfaceflinger" vma 7faa628000
  surfaceflinger-602   [004] ....  2769.592396: do_swap_page: swapin tgid 602 pid 602 name "surfaceflinger" vma 7faa62a000
  surfaceflinger-602   [004] ....  2769.592413: do_swap_page: swapin tgid 602 pid 602 name "surfaceflinger" vma 7fbe194000
  surfaceflinger-602   [004] ....  2769.592429: do_swap_page: swapin tgid 602 pid 602 name "surfaceflinger" vma 7fb75a0000
  surfaceflinger-602   [004] ....  2769.592438: do_swap_page: swapin tgid 602 pid 602 name "surfaceflinger" vma 7fbda38000
           <...>-12920 [004] ....  2769.592604: do_swap_page: swapin tgid 9857 pid 12920 name "Binder:9857_6" vma 7fbe20a000
           <...>-12920 [004] ....  2769.592617: do_swap_page: swapin tgid 9857 pid 12920 name "Binder:9857_6" vma 7f2d679000
           <...>-12920 [004] ....  2769.592622: do_swap_page: swapin tgid 9857 pid 12920 name "Binder:9857_6" vma 7f2d61e000
           <...>-12920 [004] ....  2769.592629: do_swap_page: swapin tgid 9857 pid 12920 name "Binder:9857_6" vma 12d43000
  surfaceflinger-602   [004] ....  2769.592673: do_swap_page: swapin tgid 602 pid 602 name "surfaceflinger" vma 7fbda38000
  surfaceflinger-602   [004] ....  2769.592685: do_swap_page: swapin tgid 602 pid 602 name "surfaceflinger" vma 7fb7565000
  surfaceflinger-602   [004] ....  2769.592690: do_swap_page: swapin tgid 602 pid 602 name "surfaceflinger" vma 7fb7738000
  surfaceflinger-602   [004] ....  2769.592694: do_swap_page: swapin tgid 602 pid 602 name "surfaceflinger" vma 7fbe207000
  surfaceflinger-602   [004] ....  2769.592699: do_swap_page: swapin tgid 602 pid 602 name "surfaceflinger" vma 7fb7538000
  surfaceflinger-602   [004] ....  2769.592701: do_swap_page: swapin tgid 602 pid 602 name "surfaceflinger" vma 7fb79bc000
  surfaceflinger-602   [004] ....  2769.592705: do_swap_page: swapin tgid 602 pid 602 name "surfaceflinger" vma 7fb75ef000
  surfaceflinger-602   [004] ....  2769.592707: do_swap_page: swapin tgid 602 pid 602 name "surfaceflinger" vma 7fb75f0000
  surfaceflinger-602   [004] ....  2769.592737: do_swap_page: swapin tgid 602 pid 602 name "surfaceflinger" vma 7faa574000
  surfaceflinger-602   [004] ....  2769.592741: do_swap_page: swapin tgid 602 pid 602 name "surfaceflinger" vma 7fb7760000
           <...>-1655  [004] ....  2769.592780: do_swap_page: swapin tgid 1330 pid 1655 name "Binder:1330_4" vma 7fbd438000
  surfaceflinger-602   [004] ....  2769.592881: do_swap_page: swapin tgid 602 pid 602 name "surfaceflinger" vma 7fb7760000
  HwBinder:604_2-629   [004] ....  2769.593027: do_swap_page: swapin tgid 604 pid 629 name "HwBinder:604_2" vma 7fb4513000
           <...>-1655  [004] ....  2769.593595: do_swap_page: swapin tgid 1330 pid 1655 name "Binder:1330_4" vma 7fbd438000
           <...>-1655  [004] ....  2769.593629: do_swap_page: swapin tgid 1330 pid 1655 name "Binder:1330_4" vma 7e6d400000
           <...>-1655  [004] ....  2769.593645: do_swap_page: swapin tgid 1330 pid 1655 name "Binder:1330_4" vma 7f28a4e000
           <...>-1655  [004] ....  2769.593650: do_swap_page: swapin tgid 1330 pid 1655 name "Binder:1330_4" vma 7ed0be9000
           <...>-1655  [004] ....  2769.593658: do_swap_page: swapin tgid 1330 pid 1655 name "Binder:1330_4" vma 7ed0df5000
           <...>-1655  [004] ....  2769.593662: do_swap_page: swapin tgid 1330 pid 1655 name "Binder:1330_4" vma 7eb9061000
           <...>-1655  [004] ....  2769.593694: do_swap_page: swapin tgid 1330 pid 1655 name "Binder:1330_4" vma 7e5e09d000
    Binder:602_3-732   [004] ....  2769.594067: do_swap_page: swapin tgid 602 pid 732 name "Binder:602_3" vma 7faa78d000
    Binder:602_3-732   [004] ....  2769.594072: do_swap_page: swapin tgid 602 pid 732 name "Binder:602_3" vma 7fba75c000
    Binder:602_3-732   [004] ....  2769.594086: do_swap_page: swapin tgid 602 pid 732 name "Binder:602_3" vma 7fba64f000
    Binder:602_3-732   [004] ....  2769.594096: do_swap_page: swapin tgid 602 pid 732 name "Binder:602_3" vma 7fba75d000
    Binder:602_3-732   [004] ....  2769.594105: do_swap_page: swapin tgid 602 pid 732 name "Binder:602_3" vma 7fba65a000
    Binder:602_3-732   [004] ....  2769.594112: do_swap_page: swapin tgid 602 pid 732 name "Binder:602_3" vma 7fba64e000
    Binder:602_3-732   [004] ....  2769.594119: do_swap_page: swapin tgid 602 pid 732 name "Binder:602_3" vma 7faa466000
    Binder:602_3-732   [004] ....  2769.594133: do_swap_page: swapin tgid 602 pid 732 name "Binder:602_3" vma 7fba75e000
    Binder:602_3-732   [004] ....  2769.594140: do_swap_page: swapin tgid 602 pid 732 name "Binder:602_3" vma 7fba805000
           <...>-1670  [004] ....  2769.594316: do_swap_page: swapin tgid 1670 pid 1670 name "ndroid.systemui" vma 7ebb22b000
           <...>-1670  [004] ....  2769.594323: do_swap_page: swapin tgid 1670 pid 1670 name "ndroid.systemui" vma 7ebb22c000
           <...>-1670  [004] ....  2769.594348: do_swap_page: swapin tgid 1670 pid 1670 name "ndroid.systemui" vma 7f28f69000
           <...>-1670  [004] ....  2769.594463: do_swap_page: swapin tgid 1670 pid 1670 name "ndroid.systemui" vma 13ebd000
           <...>-1670  [004] ....  2769.594867: do_swap_page: swapin tgid 1670 pid 1670 name "ndroid.systemui" vma 13ea9000
           <...>-1670  [004] ....  2769.594871: do_swap_page: swapin tgid 1670 pid 1670 name "ndroid.systemui" vma 13ea8000
           <...>-1670  [004] ....  2769.594967: do_swap_page: swapin tgid 1670 pid 1670 name "ndroid.systemui" vma 13cff000
           <...>-1670  [004] ....  2769.595071: do_swap_page: swapin tgid 1670 pid 1670 name "ndroid.systemui" vma 136e2000
           <...>-1670  [004] ....  2769.595078: do_swap_page: swapin tgid 1670 pid 1670 name "ndroid.systemui" vma 9e5b4000
           <...>-1670  [004] ....  2769.595081: do_swap_page: swapin tgid 1670 pid 1670 name "ndroid.systemui" vma 9e725000
           <...>-1670  [004] ....  2769.595329: do_swap_page: swapin tgid 1670 pid 1670 name "ndroid.systemui" vma 9e725000
           <...>-1670  [004] ....  2769.595332: do_swap_page: swapin tgid 1670 pid 1670 name "ndroid.systemui" vma 9e661000
           <...>-1670  [004] ....  2769.595442: do_swap_page: swapin tgid 1670 pid 1670 name "ndroid.systemui" vma 9e661000
           <...>-1670  [004] ....  2769.595447: do_swap_page: swapin tgid 1670 pid 1670 name "ndroid.systemui" vma 9e570000
           <...>-1670  [004] ....  2769.595589: do_swap_page: swapin tgid 1670 pid 1670 name "ndroid.systemui" vma 9e570000
           <...>-1670  [004] ....  2769.595594: do_swap_page: swapin tgid 1670 pid 1670 name "ndroid.systemui" vma 9e671000
           <...>-1670  [004] ....  2769.595696: do_swap_page: swapin tgid 1670 pid 1670 name "ndroid.systemui" vma 9e671000
           <...>-1670  [004] ....  2769.595699: do_swap_page: swapin tgid 1670 pid 1670 name "ndroid.systemui" vma 9e56f000
           <...>-1670  [004] ....  2769.595803: do_swap_page: swapin tgid 1670 pid 1670 name "ndroid.systemui" vma 9e56f000
           <...>-1670  [004] ....  2769.595806: do_swap_page: swapin tgid 1670 pid 1670 name "ndroid.systemui" vma 9e733000
           <...>-1670  [004] ....  2769.595912: do_swap_page: swapin tgid 1670 pid 1670 name "ndroid.systemui" vma 9e733000
           <...>-1670  [004] ....  2769.595920: do_swap_page: swapin tgid 1670 pid 1670 name "ndroid.systemui" vma 7fbc1f4000
           <...>-1670  [004] ....  2769.595925: do_swap_page: swapin tgid 1670 pid 1670 name "ndroid.systemui" vma 9e55b000
           <...>-1670  [004] ....  2769.596027: do_swap_page: swapin tgid 1670 pid 1670 name "ndroid.systemui" vma 9e55b000
           <...>-1670  [004] ....  2769.596031: do_swap_page: swapin tgid 1670 pid 1670 name "ndroid.systemui" vma 9e756000
           <...>-1670  [004] ....  2769.596127: do_swap_page: swapin tgid 1670 pid 1670 name "ndroid.systemui" vma 9e756000
           <...>-1670  [004] ....  2769.596132: do_swap_page: swapin tgid 1670 pid 1670 name "ndroid.systemui" vma 9e744000
           <...>-1670  [004] ....  2769.596261: do_swap_page: swapin tgid 1670 pid 1670 name "ndroid.systemui" vma 9e744000
           <...>-1670  [004] ....  2769.596266: do_swap_page: swapin tgid 1670 pid 1670 name "ndroid.systemui" vma 9e775000
           <...>-1670  [004] ....  2769.596367: do_swap_page: swapin tgid 1670 pid 1670 name "ndroid.systemui" vma 9e775000
           <...>-1670  [004] ....  2769.596370: do_swap_page: swapin tgid 1670 pid 1670 name "ndroid.systemui" vma 9e569000
           <...>-1670  [004] ....  2769.596474: do_swap_page: swapin tgid 1670 pid 1670 name "ndroid.systemui" vma 9e569000
           <...>-1670  [004] ....  2769.596478: do_swap_page: swapin tgid 1670 pid 1670 name "ndroid.systemui" vma 9e560000
           <...>-1670  [004] ....  2769.596575: do_swap_page: swapin tgid 1670 pid 1670 name "ndroid.systemui" vma 9e560000
           <...>-1670  [004] ....  2769.596578: do_swap_page: swapin tgid 1670 pid 1670 name "ndroid.systemui" vma 9e690000
           <...>-1670  [004] ....  2769.596674: do_swap_page: swapin tgid 1670 pid 1670 name "ndroid.systemui" vma 9e690000
           <...>-1670  [004] ....  2769.596677: do_swap_page: swapin tgid 1670 pid 1670 name "ndroid.systemui" vma 13e23000
           <...>-1670  [004] ....  2769.596680: do_swap_page: swapin tgid 1670 pid 1670 name "ndroid.systemui" vma 9e57b000
           <...>-1670  [004] ....  2769.596782: do_swap_page: swapin tgid 1670 pid 1670 name "ndroid.systemui" vma 9e57b000
           <...>-1670  [004] ....  2769.596787: do_swap_page: swapin tgid 1670 pid 1670 name "ndroid.systemui" vma 9e55f000
           <...>-1670  [004] ....  2769.596889: do_swap_page: swapin tgid 1670 pid 1670 name "ndroid.systemui" vma 9e55f000
           <...>-1670  [004] ....  2769.596893: do_swap_page: swapin tgid 1670 pid 1670 name "ndroid.systemui" vma 9e574000
           <...>-1670  [004] ....  2769.596990: do_swap_page: swapin tgid 1670 pid 1670 name "ndroid.systemui" vma 9e574000
           <...>-1670  [004] ....  2769.596992: do_swap_page: swapin tgid 1670 pid 1670 name "ndroid.systemui" vma 9e727000
           <...>-1670  [004] ....  2769.597090: do_swap_page: swapin tgid 1670 pid 1670 name "ndroid.systemui" vma 9e727000
           <...>-1670  [004] ....  2769.597093: do_swap_page: swapin tgid 1670 pid 1670 name "ndroid.systemui" vma 9e5f4000
           <...>-1670  [004] ....  2769.597096: do_swap_page: swapin tgid 1670 pid 1670 name "ndroid.systemui" vma 9e75d000
           <...>-1670  [004] ....  2769.597197: do_swap_page: swapin tgid 1670 pid 1670 name "ndroid.systemui" vma 9e75d000
           <...>-1670  [004] ....  2769.597201: do_swap_page: swapin tgid 1670 pid 1670 name "ndroid.systemui" vma 9e5dd000
           <...>-1670  [004] ....  2769.597203: do_swap_page: swapin tgid 1670 pid 1670 name "ndroid.systemui" vma 9e561000
           <...>-1670  [004] ....  2769.597419: do_swap_page: swapin tgid 1670 pid 1670 name "ndroid.systemui" vma 9e561000
           <...>-1670  [004] ....  2769.597424: do_swap_page: swapin tgid 1670 pid 1670 name "ndroid.systemui" vma 9e749000
           <...>-1670  [004] ....  2769.597540: do_swap_page: swapin tgid 1670 pid 1670 name "ndroid.systemui" vma 9e749000
           <...>-1670  [004] ....  2769.597542: do_swap_page: swapin tgid 1670 pid 1670 name "ndroid.systemui" vma 9e68e000
           <...>-1670  [004] ....  2769.597649: do_swap_page: swapin tgid 1670 pid 1670 name "ndroid.systemui" vma 9e68e000
           <...>-1670  [004] ....  2769.597652: do_swap_page: swapin tgid 1670 pid 1670 name "ndroid.systemui" vma 13ec6000
           <...>-1670  [004] ....  2769.597658: do_swap_page: swapin tgid 1670 pid 1670 name "ndroid.systemui" vma 9e5bb000
           <...>-1670  [004] ....  2769.597660: do_swap_page: swapin tgid 1670 pid 1670 name "ndroid.systemui" vma 9e573000
           <...>-1670  [004] ....  2769.597764: do_swap_page: swapin tgid 1670 pid 1670 name "ndroid.systemui" vma 9e573000
           <...>-1670  [004] ....  2769.597767: do_swap_page: swapin tgid 1670 pid 1670 name "ndroid.systemui" vma 9e72b000
           <...>-1670  [004] ....  2769.597864: do_swap_page: swapin tgid 1670 pid 1670 name "ndroid.systemui" vma 9e72b000
           <...>-1670  [004] ....  2769.597869: do_swap_page: swapin tgid 1670 pid 1670 name "ndroid.systemui" vma 9e4ca000
           <...>-1670  [004] ....  2769.597872: do_swap_page: swapin tgid 1670 pid 1670 name "ndroid.systemui" vma 9e571000
           <...>-1670  [004] ....  2769.597980: do_swap_page: swapin tgid 1670 pid 1670 name "ndroid.systemui" vma 9e571000
           <...>-1670  [004] ....  2769.597982: do_swap_page: swapin tgid 1670 pid 1670 name "ndroid.systemui" vma 9e72e000
           <...>-1670  [004] ....  2769.598080: do_swap_page: swapin tgid 1670 pid 1670 name "ndroid.systemui" vma 9e72e000
           <...>-1670  [004] ....  2769.598083: do_swap_page: swapin tgid 1670 pid 1670 name "ndroid.systemui" vma 9e582000
           <...>-1670  [004] ....  2769.598187: do_swap_page: swapin tgid 1670 pid 1670 name "ndroid.systemui" vma 9e582000
           <...>-1670  [004] ....  2769.598190: do_swap_page: swapin tgid 1670 pid 1670 name "ndroid.systemui" vma 13ea5000
           <...>-1670  [004] ....  2769.598205: do_swap_page: swapin tgid 1670 pid 1670 name "ndroid.systemui" vma 9e6eb000
           <...>-1670  [004] ....  2769.598325: do_swap_page: swapin tgid 1670 pid 1670 name "ndroid.systemui" vma 9e6eb000
           <...>-1670  [004] ....  2769.598334: do_swap_page: swapin tgid 1670 pid 1670 name "ndroid.systemui" vma 13e97000
           <...>-1670  [004] ....  2769.598337: do_swap_page: swapin tgid 1670 pid 1670 name "ndroid.systemui" vma 9e685000
           <...>-1670  [004] ....  2769.598446: do_swap_page: swapin tgid 1670 pid 1670 name "ndroid.systemui" vma 9e685000
           <...>-1670  [004] ....  2769.598449: do_swap_page: swapin tgid 1670 pid 1670 name "ndroid.systemui" vma 13590000
           <...>-1670  [004] ....  2769.598452: do_swap_page: swapin tgid 1670 pid 1670 name "ndroid.systemui" vma 9e5e6000
           <...>-1670  [004] ....  2769.598454: do_swap_page: swapin tgid 1670 pid 1670 name "ndroid.systemui" vma 9e5fc000
           <...>-2001  [004] ....  2769.599253: do_swap_page: swapin tgid 2001 pid 2001 name "droid.launcher3" vma 13d22000
           <...>-2001  [004] ....  2769.599293: do_swap_page: swapin tgid 2001 pid 2001 name "droid.launcher3" vma 7eca000000
           <...>-2001  [004] ....  2769.599299: do_swap_page: swapin tgid 2001 pid 2001 name "droid.launcher3" vma 7ecea9e000
           <...>-2001  [004] ....  2769.599303: do_swap_page: swapin tgid 2001 pid 2001 name "droid.launcher3" vma 7f2d275000
           <...>-2001  [004] ....  2769.599388: do_swap_page: swapin tgid 2001 pid 2001 name "droid.launcher3" vma 9e477000
           <...>-2001  [004] ....  2769.599393: do_swap_page: swapin tgid 2001 pid 2001 name "droid.launcher3" vma 9e56e000
           <...>-2250  [004] ....  2769.599510: do_swap_page: swapin tgid 1670 pid 2250 name "ScreenDecoratio" vma 1327a000
           <...>-2250  [004] ....  2769.599520: do_swap_page: swapin tgid 1670 pid 2250 name "ScreenDecoratio" vma 7eb58c6000
           <...>-2250  [004] ....  2769.599532: do_swap_page: swapin tgid 1670 pid 2250 name "ScreenDecoratio" vma 7eb58c7000
           <...>-2250  [004] ....  2769.599538: do_swap_page: swapin tgid 1670 pid 2250 name "ScreenDecoratio" vma 13e7f000
           <...>-2250  [004] ....  2769.599545: do_swap_page: swapin tgid 1670 pid 2250 name "ScreenDecoratio" vma 9e491000
