 wifi_ext@1.0-se-2874  [004] ....  6992.841483: do_swap_page: swapin tgid 823 pid 2874 name "wifi_ext@1.0-se" vma 7fba0e5000
 wifi_ext@1.0-se-2874  [004] ....  6992.841652: do_swap_page: swapin tgid 823 pid 2874 name "wifi_ext@1.0-se" vma 7fb9a30000
  ClientModeImpl-1496  [004] ....  6992.842183: do_swap_page: swapin tgid 1330 pid 1496 name "ClientModeImpl" vma 7f3984b000
  ClientModeImpl-1496  [004] ....  6992.842209: do_swap_page: swapin tgid 1330 pid 1496 name "ClientModeImpl" vma 7fbd774000
  ClientModeImpl-1496  [004] ....  6992.842230: do_swap_page: swapin tgid 1330 pid 1496 name "ClientModeImpl" vma 7fbd776000
  ClientModeImpl-1496  [004] ....  6992.842277: do_swap_page: swapin tgid 1330 pid 1496 name "ClientModeImpl" vma 7fbd775000
 wifi_ext@1.0-se-2874  [004] ....  6992.843132: do_swap_page: swapin tgid 823 pid 2874 name "wifi_ext@1.0-se" vma 7fbb4fa000
 wifi_ext@1.0-se-2874  [004] ....  6992.843293: do_swap_page: swapin tgid 823 pid 2874 name "wifi_ext@1.0-se" vma 7fb9af6000
 wifi_ext@1.0-se-2874  [004] ....  6992.843309: do_swap_page: swapin tgid 823 pid 2874 name "wifi_ext@1.0-se" vma 7fb9af7000
 wifi_ext@1.0-se-2874  [004] ....  6992.843316: do_swap_page: swapin tgid 823 pid 2874 name "wifi_ext@1.0-se" vma 7fb9af8000
 wifi_ext@1.0-se-2874  [004] ....  6992.843322: do_swap_page: swapin tgid 823 pid 2874 name "wifi_ext@1.0-se" vma 7fb9af9000
 wifi_ext@1.0-se-2874  [004] ....  6992.843329: do_swap_page: swapin tgid 823 pid 2874 name "wifi_ext@1.0-se" vma 7fb9afa000
 wifi_ext@1.0-se-2874  [004] ....  6992.845143: do_swap_page: swapin tgid 823 pid 2874 name "wifi_ext@1.0-se" vma 7fba25d000
 wifi_ext@1.0-se-2874  [004] ....  6992.845176: do_swap_page: swapin tgid 823 pid 2874 name "wifi_ext@1.0-se" vma 7fbb4a6000
  ClientModeImpl-1496  [004] ....  6992.846560: do_swap_page: swapin tgid 1330 pid 1496 name "ClientModeImpl" vma 7eb904f000
  Binder:1330_14-5322  [004] ....  6995.336472: do_swap_page: swapin tgid 1330 pid 5322 name "Binder:1330_14" vma 7ed0cea000
  Binder:1330_14-5322  [004] ....  6995.336628: do_swap_page: swapin tgid 1330 pid 5322 name "Binder:1330_14" vma 7ed1a21000
  Binder:1330_14-5322  [004] ....  6995.336636: do_swap_page: swapin tgid 1330 pid 5322 name "Binder:1330_14" vma 13e36000
  Binder:1330_14-5322  [004] ....  6995.336660: do_swap_page: swapin tgid 1330 pid 5322 name "Binder:1330_14" vma 13e38000
  Binder:1330_14-5322  [004] ....  6995.336690: do_swap_page: swapin tgid 1330 pid 5322 name "Binder:1330_14" vma 7ed160f000
  Binder:1330_14-5322  [004] ....  6995.349018: do_swap_page: swapin tgid 1330 pid 5322 name "Binder:1330_14" vma 7ed160f000
  Binder:1330_14-5322  [004] ....  6995.349039: do_swap_page: swapin tgid 1330 pid 5322 name "Binder:1330_14" vma 725c3000
  Binder:1330_14-5322  [004] ....  6995.349047: do_swap_page: swapin tgid 1330 pid 5322 name "Binder:1330_14" vma 7f28b51000
  Binder:1330_14-5322  [004] ....  6995.349050: do_swap_page: swapin tgid 1330 pid 5322 name "Binder:1330_14" vma 7f35318000
  Binder:1330_14-5322  [004] ....  6995.349056: do_swap_page: swapin tgid 1330 pid 5322 name "Binder:1330_14" vma 7eb42f3000
  Binder:1330_14-5322  [004] ....  6995.349102: do_swap_page: swapin tgid 1330 pid 5322 name "Binder:1330_14" vma 1407d000
  Binder:1330_14-5322  [004] ....  6995.349135: do_swap_page: swapin tgid 1330 pid 5322 name "Binder:1330_14" vma 7ed1612000
  Binder:1330_14-5322  [004] ....  6995.349382: do_swap_page: swapin tgid 1330 pid 5322 name "Binder:1330_14" vma 7ed1612000
  Binder:1330_14-5322  [004] ....  6995.349407: do_swap_page: swapin tgid 1330 pid 5322 name "Binder:1330_14" vma 1407f000
  Binder:1330_14-5322  [004] ....  6995.349443: do_swap_page: swapin tgid 1330 pid 5322 name "Binder:1330_14" vma 13e09000
  Binder:1330_14-5322  [004] ....  6995.349658: do_swap_page: swapin tgid 1330 pid 5322 name "Binder:1330_14" vma 9e6f1000
  Binder:1330_14-5322  [004] ....  6995.352953: do_swap_page: swapin tgid 1330 pid 5322 name "Binder:1330_14" vma 9e6f1000
  Binder:1330_14-5322  [004] ....  6995.353031: do_swap_page: swapin tgid 1330 pid 5322 name "Binder:1330_14" vma 9e6ee000
  Binder:1330_14-5322  [004] ....  6995.353699: do_swap_page: swapin tgid 1330 pid 5322 name "Binder:1330_14" vma 9e6ee000
  Binder:1330_14-5322  [004] ....  6995.353733: do_swap_page: swapin tgid 1330 pid 5322 name "Binder:1330_14" vma 9e646000
  Binder:1330_14-5322  [004] ....  6995.354067: do_swap_page: swapin tgid 1330 pid 5322 name "Binder:1330_14" vma 9e646000
  Binder:1330_14-5322  [004] ....  6995.354085: do_swap_page: swapin tgid 1330 pid 5322 name "Binder:1330_14" vma 13db9000
  Binder:1330_14-5322  [004] ....  6995.354096: do_swap_page: swapin tgid 1330 pid 5322 name "Binder:1330_14" vma 9e7ad000
  Binder:1330_14-5322  [004] ....  6995.354313: do_swap_page: swapin tgid 1330 pid 5322 name "Binder:1330_14" vma 9e7ad000
  Binder:1330_14-5322  [004] ....  6995.354345: do_swap_page: swapin tgid 1330 pid 5322 name "Binder:1330_14" vma 13a06000
  Binder:1330_14-5322  [004] ....  6995.354357: do_swap_page: swapin tgid 1330 pid 5322 name "Binder:1330_14" vma 9e65b000
  Binder:1330_14-5322  [004] ....  6995.354564: do_swap_page: swapin tgid 1330 pid 5322 name "Binder:1330_14" vma 9e65b000
  Binder:1330_14-5322  [004] ....  6995.354706: do_swap_page: swapin tgid 1330 pid 5322 name "Binder:1330_14" vma 1542a000
 android.display-1355  [004] ....  6995.354904: do_swap_page: swapin tgid 1330 pid 1355 name "android.display" vma 7f211a6000
  Binder:1330_14-5322  [004] ....  6995.355103: do_swap_page: swapin tgid 1330 pid 5322 name "Binder:1330_14" vma 1542a000
  Binder:1330_14-5322  [004] ....  6995.355230: do_swap_page: swapin tgid 1330 pid 5322 name "Binder:1330_14" vma 15965000
 android.display-1355  [004] ....  6995.355471: do_swap_page: swapin tgid 1330 pid 1355 name "android.display" vma 7f211a6000
 android.display-1355  [004] ....  6995.355500: do_swap_page: swapin tgid 1330 pid 1355 name "android.display" vma 9e4c4000
  Binder:1330_14-5322  [004] ....  6995.355597: do_swap_page: swapin tgid 1330 pid 5322 name "Binder:1330_14" vma 15965000
  Binder:1330_14-5322  [004] ....  6995.355615: do_swap_page: swapin tgid 1330 pid 5322 name "Binder:1330_14" vma 76c3d000
 android.display-1355  [004] ....  6995.355790: do_swap_page: swapin tgid 1330 pid 1355 name "android.display" vma 9e4c4000
  Binder:1330_14-5322  [004] ....  6995.355991: do_swap_page: swapin tgid 1330 pid 5322 name "Binder:1330_14" vma 76c3d000
  Binder:1330_14-5322  [004] ....  6995.356009: do_swap_page: swapin tgid 1330 pid 5322 name "Binder:1330_14" vma 76c3f000
  Binder:1330_14-5322  [004] ....  6995.356243: do_swap_page: swapin tgid 1330 pid 5322 name "Binder:1330_14" vma 76c3f000
  Binder:1330_14-5322  [004] ....  6995.356253: do_swap_page: swapin tgid 1330 pid 5322 name "Binder:1330_14" vma 76c3e000
  Binder:1330_14-5322  [004] ....  6995.356455: do_swap_page: swapin tgid 1330 pid 5322 name "Binder:1330_14" vma 76c3e000
  Binder:1330_14-5322  [004] ....  6995.356468: do_swap_page: swapin tgid 1330 pid 5322 name "Binder:1330_14" vma 1596a000
  Binder:1330_14-5322  [004] ....  6995.356621: do_swap_page: swapin tgid 1330 pid 5322 name "Binder:1330_14" vma 1596a000
  Binder:1330_14-5322  [004] ....  6995.356632: do_swap_page: swapin tgid 1330 pid 5322 name "Binder:1330_14" vma 156b8000
  Binder:1330_14-5322  [004] ....  6995.356869: do_swap_page: swapin tgid 1330 pid 5322 name "Binder:1330_14" vma 156b8000
  Binder:1330_14-5322  [004] ....  6995.356906: do_swap_page: swapin tgid 1330 pid 5322 name "Binder:1330_14" vma 156a7000
  Binder:1330_14-5322  [004] ....  6995.357146: do_swap_page: swapin tgid 1330 pid 5322 name "Binder:1330_14" vma 156a7000
  Binder:1330_14-5322  [004] ....  6995.357285: do_swap_page: swapin tgid 1330 pid 5322 name "Binder:1330_14" vma 9e5bf000
  Binder:1330_14-5322  [004] ....  6995.357534: do_swap_page: swapin tgid 1330 pid 5322 name "Binder:1330_14" vma 9e5bf000
  Binder:1330_14-5322  [004] ....  6995.357733: do_swap_page: swapin tgid 1330 pid 5322 name "Binder:1330_14" vma 13d90000
  Binder:1330_14-5322  [004] ....  6995.357750: do_swap_page: swapin tgid 1330 pid 5322 name "Binder:1330_14" vma 7f211a0000
     logd.writer-565   [004] ....  6995.358054: do_swap_page: swapin tgid 555 pid 565 name "logd.writer" vma 7fbbf73000
     logd.writer-565   [004] ....  6995.358079: do_swap_page: swapin tgid 555 pid 565 name "logd.writer" vma 7fbbf66000
  Binder:1330_14-5322  [004] ....  6995.358383: do_swap_page: swapin tgid 1330 pid 5322 name "Binder:1330_14" vma 7f211a0000
  Binder:1330_14-5322  [004] ....  6995.358411: do_swap_page: swapin tgid 1330 pid 5322 name "Binder:1330_14" vma 9e554000
  Binder:1330_14-5322  [004] ....  6995.358444: do_swap_page: swapin tgid 1330 pid 5322 name "Binder:1330_14" vma 9e7ea000
  Binder:1330_14-5322  [004] ....  6995.358771: do_swap_page: swapin tgid 1330 pid 5322 name "Binder:1330_14" vma 9e7ea000
  Binder:1330_14-5322  [004] ....  6995.358784: do_swap_page: swapin tgid 1330 pid 5322 name "Binder:1330_14" vma 9e7d7000
  Binder:1330_14-5322  [004] ....  6995.359002: do_swap_page: swapin tgid 1330 pid 5322 name "Binder:1330_14" vma 9e7d7000
  Binder:1330_14-5322  [004] ....  6995.359173: do_swap_page: swapin tgid 1330 pid 5322 name "Binder:1330_14" vma 14070000
  Binder:1330_14-5322  [004] ....  6995.359199: do_swap_page: swapin tgid 1330 pid 5322 name "Binder:1330_14" vma 7f2af91000
  Binder:1330_14-5322  [004] ....  6995.359467: do_swap_page: swapin tgid 1330 pid 5322 name "Binder:1330_14" vma 7f2af91000
  Binder:1330_14-5322  [004] ....  6995.359479: do_swap_page: swapin tgid 1330 pid 5322 name "Binder:1330_14" vma 7f20fab000
  Binder:1330_14-5322  [004] ....  6995.359594: do_swap_page: swapin tgid 1330 pid 5322 name "Binder:1330_14" vma 7f20fab000
  Binder:1330_14-5322  [004] ....  6995.359619: do_swap_page: swapin tgid 1330 pid 5322 name "Binder:1330_14" vma 7f20fac000
  Binder:1330_14-5322  [004] ....  6995.359645: do_swap_page: swapin tgid 1330 pid 5322 name "Binder:1330_14" vma 156bb000
  Binder:1330_14-5322  [004] ....  6995.359833: do_swap_page: swapin tgid 1330 pid 5322 name "Binder:1330_14" vma 156bb000
  Binder:1330_14-5322  [004] ....  6995.359840: do_swap_page: swapin tgid 1330 pid 5322 name "Binder:1330_14" vma 13b71000
  Binder:1330_14-5322  [004] ....  6995.359851: do_swap_page: swapin tgid 1330 pid 5322 name "Binder:1330_14" vma 1439b000
  Binder:1330_14-5322  [004] ....  6995.359857: do_swap_page: swapin tgid 1330 pid 5322 name "Binder:1330_14" vma 1439c000
  Binder:1330_14-5322  [004] ....  6995.359861: do_swap_page: swapin tgid 1330 pid 5322 name "Binder:1330_14" vma 725d8000
  Binder:1330_14-5322  [004] ....  6995.359878: do_swap_page: swapin tgid 1330 pid 5322 name "Binder:1330_14" vma 14356000
  Binder:1330_14-5322  [004] ....  6995.359891: do_swap_page: swapin tgid 1330 pid 5322 name "Binder:1330_14" vma 9e52f000
  Binder:1330_14-5322  [004] ....  6995.359893: do_swap_page: swapin tgid 1330 pid 5322 name "Binder:1330_14" vma 9e671000
  Binder:1330_14-5322  [004] ....  6995.360025: do_swap_page: swapin tgid 1330 pid 5322 name "Binder:1330_14" vma 9e671000
  Binder:1330_14-5322  [004] ....  6995.360030: do_swap_page: swapin tgid 1330 pid 5322 name "Binder:1330_14" vma 13fe6000
  Binder:1330_14-5322  [004] ....  6995.360038: do_swap_page: swapin tgid 1330 pid 5322 name "Binder:1330_14" vma 13b9e000
  Binder:1330_14-5322  [004] ....  6995.360101: do_swap_page: swapin tgid 1330 pid 5322 name "Binder:1330_14" vma 142f1000
  Binder:1330_14-5322  [004] ....  6995.360105: do_swap_page: swapin tgid 1330 pid 5322 name "Binder:1330_14" vma 156cf000
  Binder:1330_14-5322  [004] ....  6995.360171: do_swap_page: swapin tgid 1330 pid 5322 name "Binder:1330_14" vma 7e5d802000
  Binder:1330_14-5322  [004] ....  6995.360184: do_swap_page: swapin tgid 1330 pid 5322 name "Binder:1330_14" vma 7ed0d75000
           <...>-813   [004] ....  6995.360257: do_swap_page: swapin tgid 813 pid 813 name "power@1.3-servi" vma 7fbf6ff000
  Binder:1330_14-5322  [004] ....  6995.360295: do_swap_page: swapin tgid 1330 pid 5322 name "Binder:1330_14" vma 7eb907a000
           <...>-813   [004] ....  6995.360456: do_swap_page: swapin tgid 813 pid 813 name "power@1.3-servi" vma 7fbf6ff000
           <...>-813   [004] ....  6995.360493: do_swap_page: swapin tgid 813 pid 813 name "power@1.3-servi" vma 7fbb825000
  Binder:1330_14-5322  [004] ....  6995.360525: do_swap_page: swapin tgid 1330 pid 5322 name "Binder:1330_14" vma 7fbe178000
     logd.writer-565   [004] ....  6995.360617: do_swap_page: swapin tgid 555 pid 565 name "logd.writer" vma 7fb2713000
     logd.writer-565   [004] ....  6995.360625: do_swap_page: swapin tgid 555 pid 565 name "logd.writer" vma 7fb2670000
           <...>-813   [004] ....  6995.360723: do_swap_page: swapin tgid 813 pid 813 name "power@1.3-servi" vma 7fbb825000
  Binder:1330_14-5322  [004] ....  6995.361094: do_swap_page: swapin tgid 1330 pid 5322 name "Binder:1330_14" vma 7fbe178000
  Binder:1330_14-5322  [004] ....  6995.361100: do_swap_page: swapin tgid 1330 pid 5322 name "Binder:1330_14" vma 7fbe23f000
     logd.writer-565   [004] ....  6995.361132: do_swap_page: swapin tgid 555 pid 565 name "logd.writer" vma 7fb2670000
  Binder:1330_14-5322  [004] ....  6995.361245: do_swap_page: swapin tgid 1330 pid 5322 name "Binder:1330_14" vma 7fbe23f000
  Binder:1330_14-5322  [004] ....  6995.361252: do_swap_page: swapin tgid 1330 pid 5322 name "Binder:1330_14" vma 7fbe237000
  Binder:1330_14-5322  [004] ....  6995.361412: do_swap_page: swapin tgid 1330 pid 5322 name "Binder:1330_14" vma 7fbe237000
    android.anim-1356  [004] ....  6995.361631: do_swap_page: swapin tgid 1330 pid 1356 name "android.anim" vma 7fbe26e000
    android.anim-1356  [004] ....  6995.361638: do_swap_page: swapin tgid 1330 pid 1356 name "android.anim" vma 7fbe1b1000
    android.anim-1356  [004] ....  6995.361642: do_swap_page: swapin tgid 1330 pid 1356 name "android.anim" vma 7f2d600000
    android.anim-1356  [004] ....  6995.361645: do_swap_page: swapin tgid 1330 pid 1356 name "android.anim" vma 7fbe1fc000
  Binder:1330_14-5322  [004] ....  6995.361758: do_swap_page: swapin tgid 1330 pid 5322 name "Binder:1330_14" vma 9e522000
    android.anim-1356  [004] ....  6995.361818: do_swap_page: swapin tgid 1330 pid 1356 name "android.anim" vma 7fbe1fc000
    android.anim-1356  [004] ....  6995.361823: do_swap_page: swapin tgid 1330 pid 1356 name "android.anim" vma 7f2d611000
    android.anim-1356  [004] ....  6995.361826: do_swap_page: swapin tgid 1330 pid 1356 name "android.anim" vma 7f28b11000
    android.anim-1356  [004] ....  6995.361829: do_swap_page: swapin tgid 1330 pid 1356 name "android.anim" vma 7f2d62e000
    android.anim-1356  [004] ....  6995.361830: do_swap_page: swapin tgid 1330 pid 1356 name "android.anim" vma 7f289ce000
    android.anim-1356  [004] ....  6995.361832: do_swap_page: swapin tgid 1330 pid 1356 name "android.anim" vma 7fbe30b000
    android.anim-1356  [004] ....  6995.361839: do_swap_page: swapin tgid 1330 pid 1356 name "android.anim" vma 7f28b89000
    android.anim-1356  [004] ....  6995.361840: do_swap_page: swapin tgid 1330 pid 1356 name "android.anim" vma 7f28b0a000
    android.anim-1356  [004] ....  6995.361842: do_swap_page: swapin tgid 1330 pid 1356 name "android.anim" vma 7f28b0c000
    android.anim-1356  [004] ....  6995.361843: do_swap_page: swapin tgid 1330 pid 1356 name "android.anim" vma 7f28b9a000
    android.anim-1356  [004] ....  6995.361846: do_swap_page: swapin tgid 1330 pid 1356 name "android.anim" vma 7f28ba3000
    android.anim-1356  [004] ....  6995.361847: do_swap_page: swapin tgid 1330 pid 1356 name "android.anim" vma 7f2d63f000
    android.anim-1356  [004] ....  6995.361849: do_swap_page: swapin tgid 1330 pid 1356 name "android.anim" vma 7ed0ba9000
    android.anim-1356  [004] ....  6995.361852: do_swap_page: swapin tgid 1330 pid 1356 name "android.anim" vma 7f2d69d000
    android.anim-1356  [004] .n..  6995.361866: do_swap_page: swapin tgid 1330 pid 1356 name "android.anim" vma 7fbe349000
  Binder:1330_14-5322  [004] ....  6995.362170: do_swap_page: swapin tgid 1330 pid 5322 name "Binder:1330_14" vma 7e8468c000
    android.anim-1356  [004] ....  6995.362251: do_swap_page: swapin tgid 1330 pid 1356 name "android.anim" vma 7fbe349000
    android.anim-1356  [004] ....  6995.362257: do_swap_page: swapin tgid 1330 pid 1356 name "android.anim" vma 7ed0c69000
    android.anim-1356  [004] ....  6995.362259: do_swap_page: swapin tgid 1330 pid 1356 name "android.anim" vma 7ed0c6a000
    android.anim-1356  [004] ....  6995.362261: do_swap_page: swapin tgid 1330 pid 1356 name "android.anim" vma 7ed0c6e000
    android.anim-1356  [004] ....  6995.362263: do_swap_page: swapin tgid 1330 pid 1356 name "android.anim" vma 7ed0c70000
    android.anim-1356  [004] ....  6995.362264: do_swap_page: swapin tgid 1330 pid 1356 name "android.anim" vma 7ed0c71000
    android.anim-1356  [004] ....  6995.362270: do_swap_page: swapin tgid 1330 pid 1356 name "android.anim" vma 7eb90ae000
    android.anim-1356  [004] ....  6995.362272: do_swap_page: swapin tgid 1330 pid 1356 name "android.anim" vma 7eb90b1000
    android.anim-1356  [004] ....  6995.362273: do_swap_page: swapin tgid 1330 pid 1356 name "android.anim" vma 7ed0c73000
    android.anim-1356  [004] ....  6995.362275: do_swap_page: swapin tgid 1330 pid 1356 name "android.anim" vma 7f2d6ae000
    android.anim-1356  [004] ....  6995.362276: do_swap_page: swapin tgid 1330 pid 1356 name "android.anim" vma 7eb91d3000
    android.anim-1356  [004] ....  6995.362278: do_swap_page: swapin tgid 1330 pid 1356 name "android.anim" vma 7eb91d4000
    android.anim-1356  [004] ....  6995.362280: do_swap_page: swapin tgid 1330 pid 1356 name "android.anim" vma 7eb91da000
    android.anim-1356  [004] ....  6995.362281: do_swap_page: swapin tgid 1330 pid 1356 name "android.anim" vma 7eb91db000
    android.anim-1356  [004] ....  6995.362283: do_swap_page: swapin tgid 1330 pid 1356 name "android.anim" vma 7f2d7d3000
    android.anim-1356  [004] ....  6995.362286: do_swap_page: swapin tgid 1330 pid 1356 name "android.anim" vma 7eb9248000
    android.anim-1356  [004] ....  6995.362289: do_swap_page: swapin tgid 1330 pid 1356 name "android.anim" vma 7eb4176000
    android.anim-1356  [004] ....  6995.362291: do_swap_page: swapin tgid 1330 pid 1356 name "android.anim" vma 7eb91e2000
    android.anim-1356  [004] ....  6995.362293: do_swap_page: swapin tgid 1330 pid 1356 name "android.anim" vma 7eb9259000
    android.anim-1356  [004] ....  6995.362295: do_swap_page: swapin tgid 1330 pid 1356 name "android.anim" vma 7eb914d000
    android.anim-1356  [004] ....  6995.362299: do_swap_page: swapin tgid 1330 pid 1356 name "android.anim" vma 7eb914f000
    android.anim-1356  [004] ....  6995.362300: do_swap_page: swapin tgid 1330 pid 1356 name "android.anim" vma 7eb9152000
    android.anim-1356  [004] ....  6995.362302: do_swap_page: swapin tgid 1330 pid 1356 name "android.anim" vma 7eb930d000
    android.anim-1356  [004] ....  6995.362305: do_swap_page: swapin tgid 1330 pid 1356 name "android.anim" vma 7eb930f000
    android.anim-1356  [004] ....  6995.362306: do_swap_page: swapin tgid 1330 pid 1356 name "android.anim" vma 7eb9311000
    android.anim-1356  [004] ....  6995.362308: do_swap_page: swapin tgid 1330 pid 1356 name "android.anim" vma 7eb9313000
    android.anim-1356  [004] ....  6995.362309: do_swap_page: swapin tgid 1330 pid 1356 name "android.anim" vma 7eb9314000
    android.anim-1356  [004] ....  6995.362311: do_swap_page: swapin tgid 1330 pid 1356 name "android.anim" vma 7eb9318000
    android.anim-1356  [004] ....  6995.362312: do_swap_page: swapin tgid 1330 pid 1356 name "android.anim" vma 7eb41ef000
    android.anim-1356  [004] ....  6995.362314: do_swap_page: swapin tgid 1330 pid 1356 name "android.anim" vma 7eb931d000
    android.anim-1356  [004] ....  6995.362316: do_swap_page: swapin tgid 1330 pid 1356 name "android.anim" vma 7f28b75000
    android.anim-1356  [004] ....  6995.362318: do_swap_page: swapin tgid 1330 pid 1356 name "android.anim" vma 7eb931f000
    android.anim-1356  [004] ....  6995.362319: do_swap_page: swapin tgid 1330 pid 1356 name "android.anim" vma 7eb9386000
    android.anim-1356  [004] ....  6995.362321: do_swap_page: swapin tgid 1330 pid 1356 name "android.anim" vma 7eb9388000
    android.anim-1356  [004] ....  6995.362324: do_swap_page: swapin tgid 1330 pid 1356 name "android.anim" vma 7eb938a000
    android.anim-1356  [004] ....  6995.362326: do_swap_page: swapin tgid 1330 pid 1356 name "android.anim" vma 7eb938c000
    android.anim-1356  [004] ....  6995.362327: do_swap_page: swapin tgid 1330 pid 1356 name "android.anim" vma 7eb938d000
    android.anim-1356  [004] ....  6995.362328: do_swap_page: swapin tgid 1330 pid 1356 name "android.anim" vma 7eb938f000
    android.anim-1356  [004] ....  6995.362330: do_swap_page: swapin tgid 1330 pid 1356 name "android.anim" vma 7eb9385000
    android.anim-1356  [004] ....  6995.362332: do_swap_page: swapin tgid 1330 pid 1356 name "android.anim" vma 7e84739000
    android.anim-1356  [004] ....  6995.362333: do_swap_page: swapin tgid 1330 pid 1356 name "android.anim" vma 7eb9391000
    android.anim-1356  [004] ....  6995.362335: do_swap_page: swapin tgid 1330 pid 1356 name "android.anim" vma 7e84721000
    android.anim-1356  [004] ....  6995.362337: do_swap_page: swapin tgid 1330 pid 1356 name "android.anim" vma 7e84722000
    android.anim-1356  [004] ....  6995.362338: do_swap_page: swapin tgid 1330 pid 1356 name "android.anim" vma 7e84724000
    android.anim-1356  [004] ....  6995.362339: do_swap_page: swapin tgid 1330 pid 1356 name "android.anim" vma 7e8474a000
    android.anim-1356  [004] ....  6995.362341: do_swap_page: swapin tgid 1330 pid 1356 name "android.anim" vma 7eb427e000
    android.anim-1356  [004] ....  6995.362343: do_swap_page: swapin tgid 1330 pid 1356 name "android.anim" vma 7e8486d000
    android.anim-1356  [004] ....  6995.362345: do_swap_page: swapin tgid 1330 pid 1356 name "android.anim" vma 7e84726000
    android.anim-1356  [004] ....  6995.362349: do_swap_page: swapin tgid 1330 pid 1356 name "android.anim" vma 7e84878000
    android.anim-1356  [004] ....  6995.362350: do_swap_page: swapin tgid 1330 pid 1356 name "android.anim" vma 7e84729000
    android.anim-1356  [004] ....  6995.362351: do_swap_page: swapin tgid 1330 pid 1356 name "android.anim" vma 7e84a46000
    android.anim-1356  [004] ....  6995.362353: do_swap_page: swapin tgid 1330 pid 1356 name "android.anim" vma 7eb428f000
    android.anim-1356  [004] ....  6995.362355: do_swap_page: swapin tgid 1330 pid 1356 name "android.anim" vma 7e8472b000
    android.anim-1356  [004] ....  6995.362356: do_swap_page: swapin tgid 1330 pid 1356 name "android.anim" vma 7eb42fe000
    android.anim-1356  [004] ....  6995.362358: do_swap_page: swapin tgid 1330 pid 1356 name "android.anim" vma 7e8472d000
    android.anim-1356  [004] ....  6995.362360: do_swap_page: swapin tgid 1330 pid 1356 name "android.anim" vma 7e6d256000
    android.anim-1356  [004] ....  6995.362363: do_swap_page: swapin tgid 1330 pid 1356 name "android.anim" vma 7e6d258000
    android.anim-1356  [004] ....  6995.362364: do_swap_page: swapin tgid 1330 pid 1356 name "android.anim" vma 7eb4395000
    android.anim-1356  [004] ....  6995.362366: do_swap_page: swapin tgid 1330 pid 1356 name "android.anim" vma 7ed0c8d000
    android.anim-1356  [004] ....  6995.362368: do_swap_page: swapin tgid 1330 pid 1356 name "android.anim" vma 7e6d3ac000
    android.anim-1356  [004] ....  6995.362370: do_swap_page: swapin tgid 1330 pid 1356 name "android.anim" vma 7eb43a6000
    android.anim-1356  [004] ....  6995.362372: do_swap_page: swapin tgid 1330 pid 1356 name "android.anim" vma 7eb4311000
    android.anim-1356  [004] ....  6995.362377: do_swap_page: swapin tgid 1330 pid 1356 name "android.anim" vma 7ed0bb2000
    android.anim-1356  [004] ....  6995.362379: do_swap_page: swapin tgid 1330 pid 1356 name "android.anim" vma 7eb9059000
    android.anim-1356  [004] ....  6995.362380: do_swap_page: swapin tgid 1330 pid 1356 name "android.anim" vma 7eb90af000
    android.anim-1356  [004] ....  6995.362382: do_swap_page: swapin tgid 1330 pid 1356 name "android.anim" vma 7eb914a000
    android.anim-1356  [004] ....  6995.362383: do_swap_page: swapin tgid 1330 pid 1356 name "android.anim" vma 7eb4205000
    android.anim-1356  [004] ....  6995.362385: do_swap_page: swapin tgid 1330 pid 1356 name "android.anim" vma 7eb925b000
    android.anim-1356  [004] ....  6995.362387: do_swap_page: swapin tgid 1330 pid 1356 name "android.anim" vma 7e5dedf000
    android.anim-1356  [004] ....  6995.362389: do_swap_page: swapin tgid 1330 pid 1356 name "android.anim" vma 7e5def0000
    android.anim-1356  [004] ....  6995.362391: do_swap_page: swapin tgid 1330 pid 1356 name "android.anim" vma 7eb91d8000
    android.anim-1356  [004] ....  6995.362392: do_swap_page: swapin tgid 1330 pid 1356 name "android.anim" vma 7eb91d6000
    android.anim-1356  [004] ....  6995.362393: do_swap_page: swapin tgid 1330 pid 1356 name "android.anim" vma 7e5def2000
    android.anim-1356  [004] ....  6995.362394: do_swap_page: swapin tgid 1330 pid 1356 name "android.anim" vma 7e6d421000
    android.anim-1356  [004] ....  6995.362397: do_swap_page: swapin tgid 1330 pid 1356 name "android.anim" vma 7e6d6c8000
    android.anim-1356  [004] ....  6995.362399: do_swap_page: swapin tgid 1330 pid 1356 name "android.anim" vma 7eb9220000
    android.anim-1356  [004] ....  6995.362404: do_swap_page: swapin tgid 1330 pid 1356 name "android.anim" vma 7e5c4f5000
    android.anim-1356  [004] ....  6995.362406: do_swap_page: swapin tgid 1330 pid 1356 name "android.anim" vma 7e6d281000
    android.anim-1356  [004] ....  6995.362407: do_swap_page: swapin tgid 1330 pid 1356 name "android.anim" vma 7e5c53b000
    android.anim-1356  [004] ....  6995.362409: do_swap_page: swapin tgid 1330 pid 1356 name "android.anim" vma 7ed0d6f000
    android.anim-1356  [004] ....  6995.362411: do_swap_page: swapin tgid 1330 pid 1356 name "android.anim" vma 7e5c54c000
    android.anim-1356  [004] ....  6995.362412: do_swap_page: swapin tgid 1330 pid 1356 name "android.anim" vma 7e6d41a000
    android.anim-1356  [004] ....  6995.362414: do_swap_page: swapin tgid 1330 pid 1356 name "android.anim" vma 7e5c66f000
    android.anim-1356  [004] ....  6995.362416: do_swap_page: swapin tgid 1330 pid 1356 name "android.anim" vma 7eb4301000
    android.anim-1356  [004] ....  6995.362418: do_swap_page: swapin tgid 1330 pid 1356 name "android.anim" vma 7e5c458000
           <...>-2744  [004] ....  6995.362838: do_swap_page: swapin tgid 2001 pid 2744 name "Binder:2001_5" vma 7ecc784000
  Binder:1330_14-5322  [004] ....  6995.362911: do_swap_page: swapin tgid 1330 pid 5322 name "Binder:1330_14" vma 9e489000
  Binder:1330_14-5322  [004] ....  6995.362916: do_swap_page: swapin tgid 1330 pid 5322 name "Binder:1330_14" vma 9e48a000
           <...>-2744  [004] ....  6995.363102: do_swap_page: swapin tgid 2001 pid 2744 name "Binder:2001_5" vma 7ecc784000
           <...>-2744  [004] ....  6995.363113: do_swap_page: swapin tgid 2001 pid 2744 name "Binder:2001_5" vma 13300000
 droid.launcher3-2001  [004] ....  6995.363241: do_swap_page: swapin tgid 2001 pid 2001 name "droid.launcher3" vma 12fc0000
 droid.launcher3-2001  [004] ....  6995.363662: do_swap_page: swapin tgid 2001 pid 2001 name "droid.launcher3" vma 13d02000
 droid.launcher3-2001  [004] ....  6995.364421: do_swap_page: swapin tgid 2001 pid 2001 name "droid.launcher3" vma 13d02000
 droid.launcher3-2001  [004] ....  6995.364438: do_swap_page: swapin tgid 2001 pid 2001 name "droid.launcher3" vma 13325000
 droid.launcher3-2001  [004] ....  6995.364454: do_swap_page: swapin tgid 2001 pid 2001 name "droid.launcher3" vma 7fbe23f000
  Binder:1330_14-5322  [004] ....  6995.364501: do_swap_page: swapin tgid 1330 pid 5322 name "Binder:1330_14" vma 9e731000
     logd.writer-565   [004] ....  6995.364544: do_swap_page: swapin tgid 555 pid 565 name "logd.writer" vma 7fbd87b000
  Binder:1330_14-5322  [004] ....  6995.364684: do_swap_page: swapin tgid 1330 pid 5322 name "Binder:1330_14" vma 9e731000
  Binder:1330_14-5322  [004] ....  6995.364707: do_swap_page: swapin tgid 1330 pid 5322 name "Binder:1330_14" vma 7e5da0c000
 droid.launcher3-2001  [004] ....  6995.364849: do_swap_page: swapin tgid 2001 pid 2001 name "droid.launcher3" vma 7fbe23f000
 droid.launcher3-2001  [004] ....  6995.364855: do_swap_page: swapin tgid 2001 pid 2001 name "droid.launcher3" vma 7fbe240000
  Binder:1330_14-5322  [004] ....  6995.364904: do_swap_page: swapin tgid 1330 pid 5322 name "Binder:1330_14" vma 9e531000
  Binder:1330_14-5322  [004] ....  6995.364938: do_swap_page: swapin tgid 1330 pid 5322 name "Binder:1330_14" vma 9e726000
     logd.writer-565   [004] ....  6995.365534: do_swap_page: swapin tgid 555 pid 565 name "logd.writer" vma 7fbd87b000
     logd.writer-565   [004] ....  6995.365540: do_swap_page: swapin tgid 555 pid 565 name "logd.writer" vma 7fbd875000
 droid.launcher3-2001  [004] ....  6995.365687: do_swap_page: swapin tgid 2001 pid 2001 name "droid.launcher3" vma 7fbe240000
 droid.launcher3-2001  [004] ....  6995.365692: do_swap_page: swapin tgid 2001 pid 2001 name "droid.launcher3" vma 7fbe23e000
  Binder:1330_14-5322  [004] ....  6995.365921: do_swap_page: swapin tgid 1330 pid 5322 name "Binder:1330_14" vma 9e726000
      android.ui-1353  [004] ....  6995.365989: do_swap_page: swapin tgid 1330 pid 1353 name "android.ui" vma 7f20fbc000
      android.ui-1353  [004] ....  6995.365995: do_swap_page: swapin tgid 1330 pid 1353 name "android.ui" vma 7f20fbf000
 droid.launcher3-2001  [004] ....  6995.366197: do_swap_page: swapin tgid 2001 pid 2001 name "droid.launcher3" vma 7fbe23e000
  Binder:1330_14-5322  [004] ....  6995.366582: do_swap_page: swapin tgid 1330 pid 5322 name "Binder:1330_14" vma 7e84678000
  Binder:1330_14-5322  [004] ....  6995.366616: do_swap_page: swapin tgid 1330 pid 5322 name "Binder:1330_14" vma 15180000
  Binder:1330_14-5322  [004] ....  6995.366622: do_swap_page: swapin tgid 1330 pid 5322 name "Binder:1330_14" vma 151a3000
  Binder:1330_14-5322  [004] ....  6995.366626: do_swap_page: swapin tgid 1330 pid 5322 name "Binder:1330_14" vma 9e5bb000
     logd.writer-565   [004] ....  6995.366654: do_swap_page: swapin tgid 555 pid 565 name "logd.writer" vma 7fbd875000
     logd.writer-565   [004] ....  6995.366660: do_swap_page: swapin tgid 555 pid 565 name "logd.writer" vma 7fbd88a000
      android.ui-1353  [004] ....  6995.366781: do_swap_page: swapin tgid 1330 pid 1353 name "android.ui" vma 7f20fbf000
 ndroid.systemui-1670  [004] ....  6995.366977: do_swap_page: swapin tgid 1670 pid 1670 name "ndroid.systemui" vma 9e64d000
  Binder:1330_14-5322  [004] ....  6995.367012: do_swap_page: swapin tgid 1330 pid 5322 name "Binder:1330_14" vma 9e5bb000
  Binder:1330_14-5322  [004] ....  6995.367019: do_swap_page: swapin tgid 1330 pid 5322 name "Binder:1330_14" vma 13ee3000
           <...>-1242  [004] ....  6995.367094: do_swap_page: swapin tgid 907 pid 1242 name "statsd.writer" vma 7fbb253000
    Binder:907_2-1098  [004] ....  6995.367202: do_swap_page: swapin tgid 907 pid 1098 name "Binder:907_2" vma 7fbb237000
 ndroid.systemui-1670  [004] ....  6995.367230: do_swap_page: swapin tgid 1670 pid 1670 name "ndroid.systemui" vma 9e64d000
 ndroid.systemui-1670  [004] ....  6995.367255: do_swap_page: swapin tgid 1670 pid 1670 name "ndroid.systemui" vma 9e6a6000
  Binder:1330_14-5322  [004] ....  6995.367327: do_swap_page: swapin tgid 1330 pid 5322 name "Binder:1330_14" vma 13f67000
 ndroid.systemui-1670  [004] ....  6995.367381: do_swap_page: swapin tgid 1670 pid 1670 name "ndroid.systemui" vma 9e6a6000
    Binder:907_2-1098  [004] ....  6995.367443: do_swap_page: swapin tgid 907 pid 1098 name "Binder:907_2" vma 7fbb237000
  Binder:1330_14-5322  [004] ....  6995.367519: do_swap_page: swapin tgid 1330 pid 5322 name "Binder:1330_14" vma 9e49e000
  Binder:1330_14-5322  [004] ....  6995.367532: do_swap_page: swapin tgid 1330 pid 5322 name "Binder:1330_14" vma 1407b000
  Binder:1330_14-5322  [004] ....  6995.367541: do_swap_page: swapin tgid 1330 pid 5322 name "Binder:1330_14" vma 7ed1a22000
           <...>-732   [004] ....  6995.368013: do_swap_page: swapin tgid 602 pid 732 name "Binder:602_3" vma 7faa78d000
           <...>-732   [004] ....  6995.368020: do_swap_page: swapin tgid 602 pid 732 name "Binder:602_3" vma 7fba735000
           <...>-732   [004] ....  6995.368045: do_swap_page: swapin tgid 602 pid 732 name "Binder:602_3" vma 7fba80a000
  Binder:1330_14-5322  [004] ....  6995.368156: do_swap_page: swapin tgid 1330 pid 5322 name "Binder:1330_14" vma 9e701000
     logd.writer-565   [004] ....  6995.368199: do_swap_page: swapin tgid 555 pid 565 name "logd.writer" vma 7fbd88a000
     logd.writer-565   [004] ....  6995.368225: do_swap_page: swapin tgid 555 pid 565 name "logd.writer" vma 7fbbfaa000
     logd.writer-565   [004] ....  6995.368248: do_swap_page: swapin tgid 555 pid 565 name "logd.writer" vma 7fbbf92000
     logd.writer-565   [004] ....  6995.368251: do_swap_page: swapin tgid 555 pid 565 name "logd.writer" vma 7fbbf05000
     logd.writer-565   [004] ....  6995.368254: do_swap_page: swapin tgid 555 pid 565 name "logd.writer" vma 7fbbead000
     logd.writer-565   [004] ....  6995.368278: do_swap_page: swapin tgid 555 pid 565 name "logd.writer" vma 7fbbeeb000
  Binder:1330_14-5322  [004] ....  6995.368317: do_swap_page: swapin tgid 1330 pid 5322 name "Binder:1330_14" vma 9e701000
  Binder:1330_14-5322  [004] ....  6995.368329: do_swap_page: swapin tgid 1330 pid 5322 name "Binder:1330_14" vma 7f20fa6000
     logd.writer-565   [004] ....  6995.368379: do_swap_page: swapin tgid 555 pid 565 name "logd.writer" vma 7fbbfe0000
           <...>-860   [004] ....  6995.368460: do_swap_page: swapin tgid 860 pid 860 name "logcatd" vma 7fbd93a000
  Binder:1330_14-5322  [004] ....  6995.368512: do_swap_page: swapin tgid 1330 pid 5322 name "Binder:1330_14" vma 7f20fa6000
  Binder:1330_14-5322  [004] ....  6995.368523: do_swap_page: swapin tgid 1330 pid 5322 name "Binder:1330_14" vma 7f20fa7000
  Binder:1330_14-5322  [004] ....  6995.368769: do_swap_page: swapin tgid 1330 pid 5322 name "Binder:1330_14" vma 7f20fa7000
  Binder:1330_14-5322  [004] ....  6995.368838: do_swap_page: swapin tgid 1330 pid 5322 name "Binder:1330_14" vma 13e06000
    android.anim-1356  [004] ....  6995.369145: do_swap_page: swapin tgid 1330 pid 1356 name "android.anim" vma 7f20e29000
    android.anim-1356  [004] ....  6995.369153: do_swap_page: swapin tgid 1330 pid 1356 name "android.anim" vma 7ed1a25000
    android.anim-1356  [004] ....  6995.369240: do_swap_page: swapin tgid 1330 pid 1356 name "android.anim" vma 7eb935e000
    android.anim-1356  [004] ....  6995.369285: do_swap_page: swapin tgid 1330 pid 1356 name "android.anim" vma 9e7d8000
 droid.launcher3-2001  [004] ....  6995.369434: do_swap_page: swapin tgid 2001 pid 2001 name "droid.launcher3" vma 12ff5000
 droid.launcher3-2001  [004] ....  6995.369454: do_swap_page: swapin tgid 2001 pid 2001 name "droid.launcher3" vma 9e613000
 droid.launcher3-2001  [004] ....  6995.369458: do_swap_page: swapin tgid 2001 pid 2001 name "droid.launcher3" vma 9e611000
 droid.launcher3-2001  [004] ....  6995.369460: do_swap_page: swapin tgid 2001 pid 2001 name "droid.launcher3" vma 9e4c7000
    android.anim-1356  [004] ....  6995.369493: do_swap_page: swapin tgid 1330 pid 1356 name "android.anim" vma 9e7d8000
    android.anim-1356  [004] ....  6995.369535: do_swap_page: swapin tgid 1330 pid 1356 name "android.anim" vma 7ed1cab000
           <...>-860   [004] ....  6995.369642: do_swap_page: swapin tgid 860 pid 860 name "logcatd" vma 7fbd93a000
           <...>-860   [004] ....  6995.369648: do_swap_page: swapin tgid 860 pid 860 name "logcatd" vma 7fbd86b000
 droid.launcher3-2001  [004] ....  6995.369683: do_swap_page: swapin tgid 2001 pid 2001 name "droid.launcher3" vma 9e4c7000
 droid.launcher3-2001  [004] ....  6995.369693: do_swap_page: swapin tgid 2001 pid 2001 name "droid.launcher3" vma 9e618000
 droid.launcher3-2001  [004] ....  6995.369695: do_swap_page: swapin tgid 2001 pid 2001 name "droid.launcher3" vma 9e522000
    android.anim-1356  [004] ....  6995.369745: do_swap_page: swapin tgid 1330 pid 1356 name "android.anim" vma 7ed1cab000
    android.anim-1356  [004] ....  6995.369777: do_swap_page: swapin tgid 1330 pid 1356 name "android.anim" vma 9e5c2000
 droid.launcher3-2001  [004] ....  6995.369876: do_swap_page: swapin tgid 2001 pid 2001 name "droid.launcher3" vma 9e522000
 droid.launcher3-2001  [004] ....  6995.369883: do_swap_page: swapin tgid 2001 pid 2001 name "droid.launcher3" vma 9e610000
 droid.launcher3-2001  [004] ....  6995.370003: do_swap_page: swapin tgid 2001 pid 2001 name "droid.launcher3" vma 7fbe23d000
    android.anim-1356  [004] ....  6995.370114: do_swap_page: swapin tgid 1330 pid 1356 name "android.anim" vma 9e5c2000
    android.anim-1356  [004] ....  6995.370153: do_swap_page: swapin tgid 1330 pid 1356 name "android.anim" vma 9e512000
    android.anim-1356  [004] ....  6995.370156: do_swap_page: swapin tgid 1330 pid 1356 name "android.anim" vma 9e796000
 droid.launcher3-2001  [004] ....  6995.370178: do_swap_page: swapin tgid 2001 pid 2001 name "droid.launcher3" vma 7fbe23d000
    android.anim-1356  [004] ....  6995.370310: do_swap_page: swapin tgid 1330 pid 1356 name "android.anim" vma 9e796000
    android.anim-1356  [004] ....  6995.370315: do_swap_page: swapin tgid 1330 pid 1356 name "android.anim" vma 9e64c000
           <...>-860   [004] ....  6995.370343: do_swap_page: swapin tgid 860 pid 860 name "logcatd" vma 7fbd86b000
           <...>-860   [004] ....  6995.370348: do_swap_page: swapin tgid 860 pid 860 name "logcatd" vma 7fbd858000
     logd.writer-565   [004] ....  6995.370388: do_swap_page: swapin tgid 555 pid 565 name "logd.writer" vma 7fb25f5000
    android.anim-1356  [004] ....  6995.370453: do_swap_page: swapin tgid 1330 pid 1356 name "android.anim" vma 9e64c000
    android.anim-1356  [004] ....  6995.370490: do_swap_page: swapin tgid 1330 pid 1356 name "android.anim" vma 9e475000
    android.anim-1356  [004] ....  6995.370496: do_swap_page: swapin tgid 1330 pid 1356 name "android.anim" vma 9e6e6000
           <...>-860   [004] ....  6995.370544: do_swap_page: swapin tgid 860 pid 860 name "logcatd" vma 7fbd858000
    android.anim-1356  [004] ....  6995.370638: do_swap_page: swapin tgid 1330 pid 1356 name "android.anim" vma 9e6e6000
           <...>-732   [004] ....  6995.370707: do_swap_page: swapin tgid 602 pid 732 name "Binder:602_3" vma 7faa62f000
           <...>-732   [004] ....  6995.370713: do_swap_page: swapin tgid 602 pid 732 name "Binder:602_3" vma 7fba62a000
           <...>-732   [004] ....  6995.370727: do_swap_page: swapin tgid 602 pid 732 name "Binder:602_3" vma 7fba746000
           <...>-732   [004] ....  6995.370769: do_swap_page: swapin tgid 602 pid 732 name "Binder:602_3" vma 7fba644000
           <...>-732   [004] ....  6995.370905: do_swap_page: swapin tgid 602 pid 732 name "Binder:602_3" vma 7fba808000
    android.anim-1356  [004] ....  6995.371038: do_swap_page: swapin tgid 1330 pid 1356 name "android.anim" vma 7f28b72000
           <...>-3897  [004] ....  6995.371410: do_swap_page: swapin tgid 1330 pid 3897 name "Binder:1330_12" vma 13e0d000
           <...>-3897  [004] ....  6995.371438: do_swap_page: swapin tgid 1330 pid 3897 name "Binder:1330_12" vma 7e5c6f9000
           <...>-3897  [004] ....  6995.371533: do_swap_page: swapin tgid 1330 pid 3897 name "Binder:1330_12" vma 14321000
   Binder:6297_7-22311 [004] ....  6995.371636: do_swap_page: swapin tgid 6297 pid 22311 name "Binder:6297_7" vma 7e7fee5000
   Binder:6297_7-22311 [004] ....  6995.371648: do_swap_page: swapin tgid 6297 pid 22311 name "Binder:6297_7" vma 7f31950000
   Binder:6297_7-22311 [004] ....  6995.371671: do_swap_page: swapin tgid 6297 pid 22311 name "Binder:6297_7" vma 7ea0191000
   Binder:6297_7-22311 [004] ....  6995.371679: do_swap_page: swapin tgid 6297 pid 22311 name "Binder:6297_7" vma 7e6b2de000
   Binder:6297_7-22311 [004] ....  6995.371683: do_swap_page: swapin tgid 6297 pid 22311 name "Binder:6297_7" vma 7e7f559000
   Binder:6297_7-22311 [004] ....  6995.371688: do_swap_page: swapin tgid 6297 pid 22311 name "Binder:6297_7" vma 7f2d300000
   Binder:6297_7-22311 [004] ....  6995.371692: do_swap_page: swapin tgid 6297 pid 22311 name "Binder:6297_7" vma 7e7f5ff000
   Binder:6297_7-22311 [004] ....  6995.371696: do_swap_page: swapin tgid 6297 pid 22311 name "Binder:6297_7" vma 137da000
           <...>-6315  [004] ....  6995.371763: do_swap_page: swapin tgid 6297 pid 6315 name "Binder:6297_2" vma 7f2d66e000
           <...>-6315  [004] ....  6995.371775: do_swap_page: swapin tgid 6297 pid 6315 name "Binder:6297_2" vma 7f2e08a000
           <...>-6315  [004] ....  6995.371779: do_swap_page: swapin tgid 6297 pid 6315 name "Binder:6297_2" vma 7f2e08b000
           <...>-6297  [004] ....  6995.371881: do_swap_page: swapin tgid 6297 pid 6297 name "stagram.android" vma 13d3b000
           <...>-6297  [004] ....  6995.371894: do_swap_page: swapin tgid 6297 pid 6297 name "stagram.android" vma 7f2dd35000
           <...>-6297  [004] ....  6995.371899: do_swap_page: swapin tgid 6297 pid 6297 name "stagram.android" vma 7f2dd63000
    android.anim-1356  [004] ....  6995.372106: do_swap_page: swapin tgid 1330 pid 1356 name "android.anim" vma 7ed0c4a000
    android.anim-1356  [004] ....  6995.372114: do_swap_page: swapin tgid 1330 pid 1356 name "android.anim" vma 7fbab1a000
           <...>-3897  [004] ....  6995.372177: do_swap_page: swapin tgid 1330 pid 3897 name "Binder:1330_12" vma 14321000
           <...>-3897  [004] ....  6995.372185: do_swap_page: swapin tgid 1330 pid 3897 name "Binder:1330_12" vma 13d05000
           <...>-3897  [004] ....  6995.372190: do_swap_page: swapin tgid 1330 pid 3897 name "Binder:1330_12" vma 14320000
           <...>-3897  [004] ....  6995.372201: do_swap_page: swapin tgid 1330 pid 3897 name "Binder:1330_12" vma 1406e000
           <...>-3897  [004] ....  6995.372206: do_swap_page: swapin tgid 1330 pid 3897 name "Binder:1330_12" vma 9e49d000
           <...>-3897  [004] ....  6995.372208: do_swap_page: swapin tgid 1330 pid 3897 name "Binder:1330_12" vma 9e73d000
    android.anim-1356  [004] ....  6995.372310: do_swap_page: swapin tgid 1330 pid 1356 name "android.anim" vma 7fbab1a000
    android.anim-1356  [004] ....  6995.372335: do_swap_page: swapin tgid 1330 pid 1356 name "android.anim" vma 7eb90f0000
    android.anim-1356  [004] ....  6995.372339: do_swap_page: swapin tgid 1330 pid 1356 name "android.anim" vma 7eb90f1000
    android.anim-1356  [004] .n..  6995.372365: do_swap_page: swapin tgid 1330 pid 1356 name "android.anim" vma 7e8477f000
           <...>-3897  [004] ....  6995.372413: do_swap_page: swapin tgid 1330 pid 3897 name "Binder:1330_12" vma 9e73d000
           <...>-3897  [004] ....  6995.372419: do_swap_page: swapin tgid 1330 pid 3897 name "Binder:1330_12" vma 14079000
           <...>-3897  [004] ....  6995.372428: do_swap_page: swapin tgid 1330 pid 3897 name "Binder:1330_12" vma 7e5def3000
           <...>-3897  [004] ....  6995.372432: do_swap_page: swapin tgid 1330 pid 3897 name "Binder:1330_12" vma 7eb4366000
           <...>-3897  [004] ....  6995.372503: do_swap_page: swapin tgid 1330 pid 3897 name "Binder:1330_12" vma 9e5c1000
 LazyTaskWriterT-2436  [004] ....  6995.372534: do_swap_page: swapin tgid 1330 pid 2436 name "LazyTaskWriterT" vma 7e6afda000
 LazyTaskWriterT-2436  [004] ....  6995.372539: do_swap_page: swapin tgid 1330 pid 2436 name "LazyTaskWriterT" vma 7e6afdb000
 LazyTaskWriterT-2436  [004] ....  6995.372543: do_swap_page: swapin tgid 1330 pid 2436 name "LazyTaskWriterT" vma 7e6afd9000
 LazyTaskWriterT-2436  [004] ....  6995.372548: do_swap_page: swapin tgid 1330 pid 2436 name "LazyTaskWriterT" vma 13bb9000
           <...>-6315  [004] ....  6995.372562: do_swap_page: swapin tgid 6297 pid 6315 name "Binder:6297_2" vma 7f2e08b000
           <...>-6315  [004] ....  6995.372568: do_swap_page: swapin tgid 6297 pid 6315 name "Binder:6297_2" vma 7f2d63d000
           <...>-6315  [004] ....  6995.372575: do_swap_page: swapin tgid 6297 pid 6315 name "Binder:6297_2" vma 7f2d615000
           <...>-6315  [004] ....  6995.372578: do_swap_page: swapin tgid 6297 pid 6315 name "Binder:6297_2" vma 7f2d62e000
           <...>-6315  [004] ....  6995.372579: do_swap_page: swapin tgid 6297 pid 6315 name "Binder:6297_2" vma 7f2d66f000
           <...>-6315  [004] ....  6995.372583: do_swap_page: swapin tgid 6297 pid 6315 name "Binder:6297_2" vma 7f2d61a000
           <...>-6315  [004] ....  6995.372628: do_swap_page: swapin tgid 6297 pid 6315 name "Binder:6297_2" vma 7f2e088000
           <...>-3897  [004] ....  6995.372644: do_swap_page: swapin tgid 1330 pid 3897 name "Binder:1330_12" vma 9e5c1000
           <...>-3897  [004] ....  6995.372783: do_swap_page: swapin tgid 1330 pid 3897 name "Binder:1330_12" vma 9e5af000
     logd.writer-565   [004] ....  6995.372908: do_swap_page: swapin tgid 555 pid 565 name "logd.writer" vma 7fbd88c000
           <...>-3897  [004] ....  6995.372953: do_swap_page: swapin tgid 1330 pid 3897 name "Binder:1330_12" vma 9e5af000
           <...>-3897  [004] ....  6995.372976: do_swap_page: swapin tgid 1330 pid 3897 name "Binder:1330_12" vma 7eb41aa000
           <...>-6297  [004] ....  6995.373178: do_swap_page: swapin tgid 6297 pid 6297 name "stagram.android" vma 7f2dd63000
           <...>-6297  [004] ....  6995.373190: do_swap_page: swapin tgid 6297 pid 6297 name "stagram.android" vma 7fbf700000
           <...>-6297  [004] ....  6995.373218: do_swap_page: swapin tgid 6297 pid 6297 name "stagram.android" vma 7fbe166000
           <...>-6297  [004] ....  6995.373223: do_swap_page: swapin tgid 6297 pid 6297 name "stagram.android" vma 7f2db8e000
           <...>-6297  [004] ....  6995.373247: do_swap_page: swapin tgid 6297 pid 6297 name "stagram.android" vma 7e801d1000
           <...>-6297  [004] ....  6995.373253: do_swap_page: swapin tgid 6297 pid 6297 name "stagram.android" vma 7f28baf000
           <...>-3897  [004] ....  6995.373336: do_swap_page: swapin tgid 1330 pid 3897 name "Binder:1330_12" vma 7eb41aa000
           <...>-3897  [004] ....  6995.373342: do_swap_page: swapin tgid 1330 pid 3897 name "Binder:1330_12" vma 7eb41ab000
    RenderThread-6447  [004] ....  6995.373378: do_swap_page: swapin tgid 6297 pid 6447 name "RenderThread" vma 7e80108000
     logd.writer-565   [004] ....  6995.373429: do_swap_page: swapin tgid 555 pid 565 name "logd.writer" vma 7fbd88c000
     logd.writer-565   [004] ....  6995.373434: do_swap_page: swapin tgid 555 pid 565 name "logd.writer" vma 7fbd876000
           <...>-3897  [004] ....  6995.373479: do_swap_page: swapin tgid 1330 pid 3897 name "Binder:1330_12" vma 7eb41ab000
           <...>-3897  [004] ....  6995.373513: do_swap_page: swapin tgid 1330 pid 3897 name "Binder:1330_12" vma 7ed0d3c000
     logd.writer-565   [004] ....  6995.373569: do_swap_page: swapin tgid 555 pid 565 name "logd.writer" vma 7fbd876000
           <...>-3897  [004] ....  6995.373741: do_swap_page: swapin tgid 1330 pid 3897 name "Binder:1330_12" vma 7ed0d3c000
           <...>-732   [004] ....  6995.374804: do_swap_page: swapin tgid 602 pid 732 name "Binder:602_3" vma 7fba6b6000
           <...>-732   [004] ....  6995.374933: do_swap_page: swapin tgid 602 pid 732 name "Binder:602_3" vma 7fba6b7000
 android.display-1355  [004] ....  6995.375394: do_swap_page: swapin tgid 1330 pid 1355 name "android.display" vma 7eb4374000
 android.display-1355  [004] ....  6995.375435: do_swap_page: swapin tgid 1330 pid 1355 name "android.display" vma 9e673000
 droid.launcher3-2001  [004] ....  6995.375552: do_swap_page: swapin tgid 2001 pid 2001 name "droid.launcher3" vma 7fbe2f6000
 droid.launcher3-2001  [004] ....  6995.375594: do_swap_page: swapin tgid 2001 pid 2001 name "droid.launcher3" vma 72488000
           <...>-6315  [004] ....  6995.375791: do_swap_page: swapin tgid 6297 pid 6315 name "Binder:6297_2" vma 7f2e088000
           <...>-6315  [004] ....  6995.375801: do_swap_page: swapin tgid 6297 pid 6315 name "Binder:6297_2" vma 13d59000
           <...>-6315  [004] ....  6995.375812: do_swap_page: swapin tgid 6297 pid 6315 name "Binder:6297_2" vma 7f38de1000
           <...>-6315  [004] ....  6995.375816: do_swap_page: swapin tgid 6297 pid 6315 name "Binder:6297_2" vma 7f2e089000
           <...>-628   [004] ....  6995.375966: do_swap_page: swapin tgid 602 pid 628 name "Binder:602_2" vma 7fb7596000
           <...>-628   [004] ....  6995.375976: do_swap_page: swapin tgid 602 pid 628 name "Binder:602_2" vma 7faa63b000
           <...>-628   [004] ....  6995.375995: do_swap_page: swapin tgid 602 pid 628 name "Binder:602_2" vma 7faa6f7000
           <...>-6297  [004] ....  6995.376136: do_swap_page: swapin tgid 6297 pid 6297 name "stagram.android" vma 7f2dbe0000
           <...>-6297  [004] ....  6995.376153: do_swap_page: swapin tgid 6297 pid 6297 name "stagram.android" vma 7fba331000
 droid.launcher3-2001  [004] ....  6995.376176: do_swap_page: swapin tgid 2001 pid 2001 name "droid.launcher3" vma 72488000
 droid.launcher3-2001  [004] ....  6995.376211: do_swap_page: swapin tgid 2001 pid 2001 name "droid.launcher3" vma 1301e000
 droid.launcher3-2001  [004] ....  6995.376255: do_swap_page: swapin tgid 2001 pid 2001 name "droid.launcher3" vma 7fbc1f1000
 droid.launcher3-2001  [004] ....  6995.376266: do_swap_page: swapin tgid 2001 pid 2001 name "droid.launcher3" vma 13324000
 droid.launcher3-2001  [004] ....  6995.376274: do_swap_page: swapin tgid 2001 pid 2001 name "droid.launcher3" vma 13022000
