 m.android.phone-1888  [004] ....  5296.463612: do_swap_page: swapin tgid 1888 pid 1888 name "m.android.phone" vma 1480f000
 m.android.phone-1888  [004] ....  5296.463624: do_swap_page: swapin tgid 1888 pid 1888 name "m.android.phone" vma 72470000
           <...>-2001  [004] ....  5296.463664: do_swap_page: swapin tgid 2001 pid 2001 name "droid.launcher3" vma 9e45b000
           <...>-2001  [004] ....  5296.463671: do_swap_page: swapin tgid 2001 pid 2001 name "droid.launcher3" vma 9e507000
           <...>-1874  [004] ....  5296.463699: do_swap_page: swapin tgid 1849 pid 1874 name "Binder:1849_1" vma 7fbe1f8000
           <...>-1874  [004] ....  5296.463709: do_swap_page: swapin tgid 1849 pid 1874 name "Binder:1849_1" vma 13340000
           <...>-2056  [004] ....  5296.463756: do_swap_page: swapin tgid 1957 pid 2056 name "Binder:1957_4" vma 7f2dcc3000
           <...>-2056  [004] ....  5296.463769: do_swap_page: swapin tgid 1957 pid 2056 name "Binder:1957_4" vma 13800000
           <...>-2001  [004] ....  5296.463818: do_swap_page: swapin tgid 2001 pid 2001 name "droid.launcher3" vma 9e507000
           <...>-2001  [004] ....  5296.463823: do_swap_page: swapin tgid 2001 pid 2001 name "droid.launcher3" vma 9e55d000
           <...>-2506  [004] ....  5296.463847: do_swap_page: swapin tgid 2483 pid 2506 name "Binder:2483_3" vma 14740000
           <...>-2506  [004] ....  5296.463854: do_swap_page: swapin tgid 2483 pid 2506 name "Binder:2483_3" vma 14751000
           <...>-2506  [004] ....  5296.463864: do_swap_page: swapin tgid 2483 pid 2506 name "Binder:2483_3" vma 7fbe24e000
           <...>-2532  [004] ....  5296.463893: do_swap_page: swapin tgid 2514 pid 2532 name "Binder:2514_1" vma 7fbe1f8000
           <...>-2532  [004] ....  5296.463924: do_swap_page: swapin tgid 2514 pid 2532 name "Binder:2514_1" vma 140c0000
           <...>-2820  [004] ....  5296.463964: do_swap_page: swapin tgid 2452 pid 2820 name "Binder:2452_4" vma 7fbe1f8000
           <...>-2820  [004] ....  5296.463974: do_swap_page: swapin tgid 2452 pid 2820 name "Binder:2452_4" vma 14000000
           <...>-2557  [004] ....  5296.464001: do_swap_page: swapin tgid 2534 pid 2557 name "Binder:2534_3" vma 140c2000
           <...>-2557  [004] ....  5296.464029: do_swap_page: swapin tgid 2534 pid 2557 name "Binder:2534_3" vma 7fbe1e7000
           <...>-2001  [004] ....  5296.464054: do_swap_page: swapin tgid 2001 pid 2001 name "droid.launcher3" vma 9e55d000
           <...>-2001  [004] ....  5296.464066: do_swap_page: swapin tgid 2001 pid 2001 name "droid.launcher3" vma 9e59c000
           <...>-2191  [004] ....  5296.464129: do_swap_page: swapin tgid 1770 pid 2191 name "Binder:1770_3" vma 7f2dc85000
           <...>-2191  [004] ....  5296.464140: do_swap_page: swapin tgid 1770 pid 2191 name "Binder:1770_3" vma 133c0000
 m.android.phone-1888  [004] ....  5296.464187: do_swap_page: swapin tgid 1888 pid 1888 name "m.android.phone" vma 72470000
 m.android.phone-1888  [004] ....  5296.464195: do_swap_page: swapin tgid 1888 pid 1888 name "m.android.phone" vma 7256c000
           <...>-2001  [004] ....  5296.464235: do_swap_page: swapin tgid 2001 pid 2001 name "droid.launcher3" vma 9e59c000
           <...>-2001  [004] ....  5296.464241: do_swap_page: swapin tgid 2001 pid 2001 name "droid.launcher3" vma 9e5b3000
           <...>-1874  [004] ....  5296.464280: do_swap_page: swapin tgid 1849 pid 1874 name "Binder:1849_1" vma 13340000
           <...>-1874  [004] ....  5296.464286: do_swap_page: swapin tgid 1849 pid 1874 name "Binder:1849_1" vma 1334f000
           <...>-1874  [004] ....  5296.464295: do_swap_page: swapin tgid 1849 pid 1874 name "Binder:1849_1" vma 7fbe24e000
   Binder:2578_3-2646  [004] ....  5296.464342: do_swap_page: swapin tgid 2578 pid 2646 name "Binder:2578_3" vma 7fbe1e7000
   Binder:2578_3-2646  [004] ....  5296.464349: do_swap_page: swapin tgid 2578 pid 2646 name "Binder:2578_3" vma 7fbe17f000
 ScreenDecoratio-2250  [004] ....  5296.464382: do_swap_page: swapin tgid 1670 pid 2250 name "ScreenDecoratio" vma 9e74b000
 ScreenDecoratio-2250  [004] ....  5296.464388: do_swap_page: swapin tgid 1670 pid 2250 name "ScreenDecoratio" vma 9e6e8000
           <...>-2532  [004] ....  5296.464434: do_swap_page: swapin tgid 2514 pid 2532 name "Binder:2514_1" vma 140c0000
           <...>-2532  [004] ....  5296.464440: do_swap_page: swapin tgid 2514 pid 2532 name "Binder:2514_1" vma 12cc0000
           <...>-2532  [004] ....  5296.464448: do_swap_page: swapin tgid 2514 pid 2532 name "Binder:2514_1" vma 7fbe24e000
           <...>-2001  [004] ....  5296.464496: do_swap_page: swapin tgid 2001 pid 2001 name "droid.launcher3" vma 9e5b3000
           <...>-2001  [004] ....  5296.464503: do_swap_page: swapin tgid 2001 pid 2001 name "droid.launcher3" vma 9e5ac000
           <...>-5871  [004] ....  5296.464526: do_swap_page: swapin tgid 5852 pid 5871 name "Binder:5852_3" vma 14401000
           <...>-5871  [004] ....  5296.464553: do_swap_page: swapin tgid 5852 pid 5871 name "Binder:5852_3" vma 14414000
           <...>-5871  [004] ....  5296.464563: do_swap_page: swapin tgid 5852 pid 5871 name "Binder:5852_3" vma 12c86000
           <...>-5871  [004] ....  5296.464566: do_swap_page: swapin tgid 5852 pid 5871 name "Binder:5852_3" vma 7f350d8000
           <...>-5871  [004] ....  5296.464570: do_swap_page: swapin tgid 5852 pid 5871 name "Binder:5852_3" vma 7f34f62000
           <...>-5871  [004] ....  5296.464595: do_swap_page: swapin tgid 5852 pid 5871 name "Binder:5852_3" vma 7fbe170000
           <...>-2056  [004] ....  5296.464625: do_swap_page: swapin tgid 1957 pid 2056 name "Binder:1957_4" vma 13800000
           <...>-2056  [004] ....  5296.464631: do_swap_page: swapin tgid 1957 pid 2056 name "Binder:1957_4" vma 13813000
           <...>-2056  [004] ....  5296.464640: do_swap_page: swapin tgid 1957 pid 2056 name "Binder:1957_4" vma 7fbe24e000
           <...>-2001  [004] ....  5296.464681: do_swap_page: swapin tgid 2001 pid 2001 name "droid.launcher3" vma 9e5ac000
           <...>-2001  [004] ....  5296.464690: do_swap_page: swapin tgid 2001 pid 2001 name "droid.launcher3" vma 9e5b2000
           <...>-2506  [004] ....  5296.464712: do_swap_page: swapin tgid 2483 pid 2506 name "Binder:2483_3" vma 7fbe24e000
           <...>-2506  [004] ....  5296.464723: do_swap_page: swapin tgid 2483 pid 2506 name "Binder:2483_3" vma 7f317e8000
           <...>-2506  [004] ....  5296.464748: do_swap_page: swapin tgid 2483 pid 2506 name "Binder:2483_3" vma 7f2df8c000
           <...>-2506  [004] ....  5296.464753: do_swap_page: swapin tgid 2483 pid 2506 name "Binder:2483_3" vma 12c40000
           <...>-2506  [004] ....  5296.464758: do_swap_page: swapin tgid 2483 pid 2506 name "Binder:2483_3" vma 7f34f68000
           <...>-2506  [004] ....  5296.464760: do_swap_page: swapin tgid 2483 pid 2506 name "Binder:2483_3" vma 14743000
           <...>-2506  [004] ....  5296.464776: do_swap_page: swapin tgid 2483 pid 2506 name "Binder:2483_3" vma 7fbe1e7000
           <...>-2557  [004] ....  5296.464804: do_swap_page: swapin tgid 2534 pid 2557 name "Binder:2534_3" vma 7fbe1e7000
           <...>-2557  [004] ....  5296.464814: do_swap_page: swapin tgid 2534 pid 2557 name "Binder:2534_3" vma 7fbe17f000
           <...>-2820  [004] ....  5296.464835: do_swap_page: swapin tgid 2452 pid 2820 name "Binder:2452_4" vma 14000000
           <...>-2820  [004] ....  5296.464841: do_swap_page: swapin tgid 2452 pid 2820 name "Binder:2452_4" vma 14012000
           <...>-2820  [004] ....  5296.464848: do_swap_page: swapin tgid 2452 pid 2820 name "Binder:2452_4" vma 7fbe24e000
           <...>-2001  [004] ....  5296.464903: do_swap_page: swapin tgid 2001 pid 2001 name "droid.launcher3" vma 9e5b2000
           <...>-2001  [004] ....  5296.464909: do_swap_page: swapin tgid 2001 pid 2001 name "droid.launcher3" vma 9e5aa000
           <...>-2191  [004] ....  5296.464950: do_swap_page: swapin tgid 1770 pid 2191 name "Binder:1770_3" vma 133c0000
           <...>-2191  [004] ....  5296.464956: do_swap_page: swapin tgid 1770 pid 2191 name "Binder:1770_3" vma 133d5000
           <...>-2191  [004] ....  5296.464964: do_swap_page: swapin tgid 1770 pid 2191 name "Binder:1770_3" vma 7fbe24e000
 m.android.phone-1888  [004] ....  5296.464993: do_swap_page: swapin tgid 1888 pid 1888 name "m.android.phone" vma 7256c000
 m.android.phone-1888  [004] ....  5296.465000: do_swap_page: swapin tgid 1888 pid 1888 name "m.android.phone" vma 7256d000
 m.android.phone-1888  [004] ....  5296.465004: do_swap_page: swapin tgid 1888 pid 1888 name "m.android.phone" vma 7256f000
 m.android.phone-1888  [004] ....  5296.465026: do_swap_page: swapin tgid 1888 pid 1888 name "m.android.phone" vma 72570000
 m.android.phone-1888  [004] ....  5296.465030: do_swap_page: swapin tgid 1888 pid 1888 name "m.android.phone" vma 724ce000
 m.android.phone-1888  [004] ....  5296.465046: do_swap_page: swapin tgid 1888 pid 1888 name "m.android.phone" vma 72572000
 m.android.phone-1888  [004] ....  5296.465066: do_swap_page: swapin tgid 1888 pid 1888 name "m.android.phone" vma 725c8000
           <...>-2001  [004] ....  5296.465088: do_swap_page: swapin tgid 2001 pid 2001 name "droid.launcher3" vma 9e5aa000
           <...>-2001  [004] ....  5296.465213: do_swap_page: swapin tgid 2001 pid 2001 name "droid.launcher3" vma 7ecec9b000
           <...>-2510  [004] ....  5296.465239: do_swap_page: swapin tgid 2001 pid 2510 name "RenderThread" vma 7f2d75a000
           <...>-2001  [004] ....  5296.465257: do_swap_page: swapin tgid 2001 pid 2001 name "droid.launcher3" vma 9e4e6000
 ScreenDecoratio-2250  [004] ....  5296.465349: do_swap_page: swapin tgid 1670 pid 2250 name "ScreenDecoratio" vma 9e6e8000
 ScreenDecoratio-2250  [004] .n..  5296.465380: do_swap_page: swapin tgid 1670 pid 2250 name "ScreenDecoratio" vma 13e81000
 ScreenDecoratio-2250  [004] ....  5296.465388: do_swap_page: swapin tgid 1670 pid 2250 name "ScreenDecoratio" vma 9e51b000
 ScreenDecoratio-2250  [004] ....  5296.465411: do_swap_page: swapin tgid 1670 pid 2250 name "ScreenDecoratio" vma 13e80000
 ScreenDecoratio-2250  [004] ....  5296.465419: do_swap_page: swapin tgid 1670 pid 2250 name "ScreenDecoratio" vma 1328a000
 ScreenDecoratio-2250  [004] ....  5296.465429: do_swap_page: swapin tgid 1670 pid 2250 name "ScreenDecoratio" vma 7f2d6ff000
 ScreenDecoratio-2250  [004] ....  5296.465451: do_swap_page: swapin tgid 1670 pid 2250 name "ScreenDecoratio" vma 7f2d679000
           <...>-2001  [004] ....  5296.465484: do_swap_page: swapin tgid 2001 pid 2001 name "droid.launcher3" vma 9e4e6000
           <...>-2001  [004] ....  5296.465489: do_swap_page: swapin tgid 2001 pid 2001 name "droid.launcher3" vma 9e591000
   Binder:2578_3-2646  [004] ....  5296.465512: do_swap_page: swapin tgid 2578 pid 2646 name "Binder:2578_3" vma 7fbe17f000
   Binder:2578_3-2646  [004] ....  5296.465519: do_swap_page: swapin tgid 2578 pid 2646 name "Binder:2578_3" vma 7fbe20a000
           <...>-2532  [004] ....  5296.465547: do_swap_page: swapin tgid 2514 pid 2532 name "Binder:2514_1" vma 7fbe24e000
           <...>-2532  [004] ....  5296.465559: do_swap_page: swapin tgid 2514 pid 2532 name "Binder:2514_1" vma 7fb9be0000
           <...>-2532  [004] ....  5296.465565: do_swap_page: swapin tgid 2514 pid 2532 name "Binder:2514_1" vma 7f2e186000
           <...>-2532  [004] ....  5296.465570: do_swap_page: swapin tgid 2514 pid 2532 name "Binder:2514_1" vma 7f34f62000
           <...>-2532  [004] ....  5296.465573: do_swap_page: swapin tgid 2514 pid 2532 name "Binder:2514_1" vma 140c3000
           <...>-2532  [004] ....  5296.465577: do_swap_page: swapin tgid 2514 pid 2532 name "Binder:2514_1" vma 7fbe1e7000
           <...>-1874  [004] ....  5296.465605: do_swap_page: swapin tgid 1849 pid 1874 name "Binder:1849_1" vma 7fbe24e000
           <...>-1874  [004] ....  5296.465616: do_swap_page: swapin tgid 1849 pid 1874 name "Binder:1849_1" vma 7fb9add000
           <...>-1874  [004] ....  5296.465622: do_swap_page: swapin tgid 1849 pid 1874 name "Binder:1849_1" vma 7f2e186000
           <...>-1874  [004] ....  5296.465626: do_swap_page: swapin tgid 1849 pid 1874 name "Binder:1849_1" vma 12c41000
           <...>-1874  [004] ....  5296.465669: do_swap_page: swapin tgid 1849 pid 1874 name "Binder:1849_1" vma 7f34f63000
           <...>-1874  [004] ....  5296.465700: do_swap_page: swapin tgid 1849 pid 1874 name "Binder:1849_1" vma 13343000
           <...>-1874  [004] ....  5296.465706: do_swap_page: swapin tgid 1849 pid 1874 name "Binder:1849_1" vma 7fbe1e7000
           <...>-2001  [004] ....  5296.465747: do_swap_page: swapin tgid 2001 pid 2001 name "droid.launcher3" vma 9e591000
           <...>-2001  [004] ....  5296.465755: do_swap_page: swapin tgid 2001 pid 2001 name "droid.launcher3" vma 9e53d000
           <...>-2557  [004] ....  5296.465777: do_swap_page: swapin tgid 2534 pid 2557 name "Binder:2534_3" vma 7fbe17f000
           <...>-2557  [004] ....  5296.465783: do_swap_page: swapin tgid 2534 pid 2557 name "Binder:2534_3" vma 7fbe20a000
           <...>-2056  [004] ....  5296.465811: do_swap_page: swapin tgid 1957 pid 2056 name "Binder:1957_4" vma 7fbe24e000
           <...>-2056  [004] ....  5296.465821: do_swap_page: swapin tgid 1957 pid 2056 name "Binder:1957_4" vma 7f317e8000
           <...>-2056  [004] ....  5296.465826: do_swap_page: swapin tgid 1957 pid 2056 name "Binder:1957_4" vma 7f2dcc4000
           <...>-2056  [004] ....  5296.465830: do_swap_page: swapin tgid 1957 pid 2056 name "Binder:1957_4" vma 12d80000
           <...>-2056  [004] ....  5296.465834: do_swap_page: swapin tgid 1957 pid 2056 name "Binder:1957_4" vma 7f34f65000
           <...>-2056  [004] ....  5296.465837: do_swap_page: swapin tgid 1957 pid 2056 name "Binder:1957_4" vma 13805000
           <...>-2056  [004] ....  5296.465842: do_swap_page: swapin tgid 1957 pid 2056 name "Binder:1957_4" vma 7fbe1e7000
           <...>-2820  [004] ....  5296.465865: do_swap_page: swapin tgid 2452 pid 2820 name "Binder:2452_4" vma 7fbe24e000
           <...>-2820  [004] ....  5296.465896: do_swap_page: swapin tgid 2452 pid 2820 name "Binder:2452_4" vma 7f31511000
           <...>-2820  [004] ....  5296.465903: do_swap_page: swapin tgid 2452 pid 2820 name "Binder:2452_4" vma 7ec728f000
           <...>-2820  [004] ....  5296.465906: do_swap_page: swapin tgid 2452 pid 2820 name "Binder:2452_4" vma 12c42000
           <...>-2820  [004] ....  5296.465911: do_swap_page: swapin tgid 2452 pid 2820 name "Binder:2452_4" vma 7f34f67000
           <...>-2820  [004] ....  5296.465939: do_swap_page: swapin tgid 2452 pid 2820 name "Binder:2452_4" vma 14003000
           <...>-2820  [004] ....  5296.465943: do_swap_page: swapin tgid 2452 pid 2820 name "Binder:2452_4" vma 7fbe1e7000
           <...>-2001  [004] ....  5296.465988: do_swap_page: swapin tgid 2001 pid 2001 name "droid.launcher3" vma 9e53d000
           <...>-2001  [004] ....  5296.466021: do_swap_page: swapin tgid 2001 pid 2001 name "droid.launcher3" vma 9e555000
 android.display-1355  [004] ....  5296.466049: do_swap_page: swapin tgid 1330 pid 1355 name "android.display" vma 7e4dafe000
   Binder:6491_5-22310 [004] ....  5296.466316: do_swap_page: swapin tgid 6491 pid 22310 name "Binder:6491_5" vma 7f28e5d000
   Binder:6491_5-22310 [004] ....  5296.466327: do_swap_page: swapin tgid 6491 pid 22310 name "Binder:6491_5" vma 7ec8802000
   Binder:6491_5-22310 [004] ....  5296.466333: do_swap_page: swapin tgid 6491 pid 22310 name "Binder:6491_5" vma 7ec8803000
   Binder:6491_5-22310 [004] ....  5296.466336: do_swap_page: swapin tgid 6491 pid 22310 name "Binder:6491_5" vma 7fbe235000
   Binder:6491_5-22310 [004] ....  5296.466340: do_swap_page: swapin tgid 6491 pid 22310 name "Binder:6491_5" vma 7fbe180000
   Binder:6491_5-22310 [004] ....  5296.466352: do_swap_page: swapin tgid 6491 pid 22310 name "Binder:6491_5" vma 7f28b4f000
   Binder:6491_5-22310 [004] ....  5296.466355: do_swap_page: swapin tgid 6491 pid 22310 name "Binder:6491_5" vma 7f28ac2000
   Binder:6491_5-22310 [004] ....  5296.466361: do_swap_page: swapin tgid 6491 pid 22310 name "Binder:6491_5" vma 7fbe238000
   Binder:6491_5-22310 [004] ....  5296.466365: do_swap_page: swapin tgid 6491 pid 22310 name "Binder:6491_5" vma 7fba2f9000
   Binder:6491_5-22310 [004] ....  5296.466368: do_swap_page: swapin tgid 6491 pid 22310 name "Binder:6491_5" vma 7fbe301000
   Binder:6491_5-22310 [004] ....  5296.466371: do_swap_page: swapin tgid 6491 pid 22310 name "Binder:6491_5" vma 7fbe241000
  Binder:18352_4-21256 [004] ....  5296.466399: do_swap_page: swapin tgid 18352 pid 21256 name "Binder:18352_4" vma 7f28b4b000
  Binder:18352_4-21256 [004] ....  5296.466408: do_swap_page: swapin tgid 18352 pid 21256 name "Binder:18352_4" vma 7f29ffb000
  Binder:18352_4-21256 [004] ....  5296.466417: do_swap_page: swapin tgid 18352 pid 21256 name "Binder:18352_4" vma 7f29ffc000
  Binder:18352_4-21256 [004] ....  5296.466423: do_swap_page: swapin tgid 18352 pid 21256 name "Binder:18352_4" vma 7fbe1c0000
  Binder:18352_4-21256 [004] ....  5296.466426: do_swap_page: swapin tgid 18352 pid 21256 name "Binder:18352_4" vma 7fbe180000
  Binder:18352_4-21256 [004] ....  5296.466437: do_swap_page: swapin tgid 18352 pid 21256 name "Binder:18352_4" vma 7fbe22c000
  Binder:18352_4-21256 [004] ....  5296.466439: do_swap_page: swapin tgid 18352 pid 21256 name "Binder:18352_4" vma 7fbe165000
  Binder:18352_4-21256 [004] ....  5296.466441: do_swap_page: swapin tgid 18352 pid 21256 name "Binder:18352_4" vma 7fbe272000
  Binder:18352_4-21256 [004] ....  5296.466443: do_swap_page: swapin tgid 18352 pid 21256 name "Binder:18352_4" vma 7fba2f9000
  Binder:18352_4-21256 [004] ....  5296.466446: do_swap_page: swapin tgid 18352 pid 21256 name "Binder:18352_4" vma 7fbe301000
  Binder:18352_4-21256 [004] ....  5296.466449: do_swap_page: swapin tgid 18352 pid 21256 name "Binder:18352_4" vma 7fbe241000
           <...>-21585 [004] ....  5296.466481: do_swap_page: swapin tgid 18538 pid 21585 name "Binder:18538_4" vma 7fbe1c0000
           <...>-21585 [004] ....  5296.466493: do_swap_page: swapin tgid 18538 pid 21585 name "Binder:18538_4" vma 7f29ef2000
           <...>-21585 [004] ....  5296.466499: do_swap_page: swapin tgid 18538 pid 21585 name "Binder:18538_4" vma 7f29ef3000
           <...>-21585 [004] ....  5296.466502: do_swap_page: swapin tgid 18538 pid 21585 name "Binder:18538_4" vma 7f28b78000
           <...>-21585 [004] ....  5296.466504: do_swap_page: swapin tgid 18538 pid 21585 name "Binder:18538_4" vma 7fbe180000
           <...>-21585 [004] ....  5296.466515: do_swap_page: swapin tgid 18538 pid 21585 name "Binder:18538_4" vma 7fbe23a000
           <...>-21585 [004] ....  5296.466524: do_swap_page: swapin tgid 18538 pid 21585 name "Binder:18538_4" vma 7f28ac2000
           <...>-21585 [004] ....  5296.466526: do_swap_page: swapin tgid 18538 pid 21585 name "Binder:18538_4" vma 7f28bd9000
           <...>-21585 [004] ....  5296.466532: do_swap_page: swapin tgid 18538 pid 21585 name "Binder:18538_4" vma 7fba2f9000
           <...>-21585 [004] ....  5296.466535: do_swap_page: swapin tgid 18538 pid 21585 name "Binder:18538_4" vma 7fbe301000
           <...>-21585 [004] ....  5296.466538: do_swap_page: swapin tgid 18538 pid 21585 name "Binder:18538_4" vma 7fbe241000
           <...>-21585 [004] ....  5296.466542: do_swap_page: swapin tgid 18538 pid 21585 name "Binder:18538_4" vma 7fbe1e9000
           <...>-21585 [004] ....  5296.466547: do_swap_page: swapin tgid 18538 pid 21585 name "Binder:18538_4" vma 7f393dc000
           <...>-21585 [004] ....  5296.466551: do_swap_page: swapin tgid 18538 pid 21585 name "Binder:18538_4" vma 7fbe165000
           <...>-21585 [004] ....  5296.466553: do_swap_page: swapin tgid 18538 pid 21585 name "Binder:18538_4" vma 7f28b7a000
           <...>-21585 [004] ....  5296.466557: do_swap_page: swapin tgid 18538 pid 21585 name "Binder:18538_4" vma 7fbd562000
           <...>-21585 [004] ....  5296.466563: do_swap_page: swapin tgid 18538 pid 21585 name "Binder:18538_4" vma 7fbcdb6000
           <...>-21585 [004] ....  5296.466564: do_swap_page: swapin tgid 18538 pid 21585 name "Binder:18538_4" vma 7f28b19000
           <...>-21585 [004] ....  5296.466568: do_swap_page: swapin tgid 18538 pid 21585 name "Binder:18538_4" vma 7f393da000
           <...>-21585 [004] ....  5296.466570: do_swap_page: swapin tgid 18538 pid 21585 name "Binder:18538_4" vma 7fbe23c000
           <...>-21585 [004] ....  5296.466573: do_swap_page: swapin tgid 18538 pid 21585 name "Binder:18538_4" vma 7f3194f000
           <...>-21585 [004] ....  5296.466584: do_swap_page: swapin tgid 18538 pid 21585 name "Binder:18538_4" vma 12c4b000
           <...>-21585 [004] ....  5296.466588: do_swap_page: swapin tgid 18538 pid 21585 name "Binder:18538_4" vma 7fbe286000
           <...>-21585 [004] ....  5296.466590: do_swap_page: swapin tgid 18538 pid 21585 name "Binder:18538_4" vma 7fbe285000
           <...>-21585 [004] ....  5296.466593: do_swap_page: swapin tgid 18538 pid 21585 name "Binder:18538_4" vma 7f393db000
           <...>-21585 [004] ....  5296.466595: do_swap_page: swapin tgid 18538 pid 21585 name "Binder:18538_4" vma 7fbe1f8000
           <...>-21585 [004] ....  5296.466600: do_swap_page: swapin tgid 18538 pid 21585 name "Binder:18538_4" vma 12e00000
           <...>-21585 [004] ....  5296.466606: do_swap_page: swapin tgid 18538 pid 21585 name "Binder:18538_4" vma 7fbe24e000
           <...>-21585 [004] ....  5296.466613: do_swap_page: swapin tgid 18538 pid 21585 name "Binder:18538_4" vma 7fbe074000
           <...>-21585 [004] ....  5296.466615: do_swap_page: swapin tgid 18538 pid 21585 name "Binder:18538_4" vma 7f29ef1000
           <...>-21585 [004] ....  5296.466620: do_swap_page: swapin tgid 18538 pid 21585 name "Binder:18538_4" vma 7f34f62000
           <...>-21585 [004] ....  5296.466622: do_swap_page: swapin tgid 18538 pid 21585 name "Binder:18538_4" vma 12c44000
           <...>-21585 [004] ....  5296.466627: do_swap_page: swapin tgid 18538 pid 21585 name "Binder:18538_4" vma 7fbe1e7000
           <...>-21585 [004] ....  5296.466628: do_swap_page: swapin tgid 18538 pid 21585 name "Binder:18538_4" vma 7fbe17f000
           <...>-21585 [004] ....  5296.466630: do_swap_page: swapin tgid 18538 pid 21585 name "Binder:18538_4" vma 7fbe20a000
           <...>-21585 [004] ....  5296.466633: do_swap_page: swapin tgid 18538 pid 21585 name "Binder:18538_4" vma 7fbd565000
           <...>-21585 [004] ....  5296.466634: do_swap_page: swapin tgid 18538 pid 21585 name "Binder:18538_4" vma 7fbd561000
           <...>-21585 [004] ....  5296.466636: do_swap_page: swapin tgid 18538 pid 21585 name "Binder:18538_4" vma 7f299fc000
           <...>-21585 [004] ....  5296.466643: do_swap_page: swapin tgid 18538 pid 21585 name "Binder:18538_4" vma 7f299fd000
           <...>-21585 [004] ....  5296.466646: do_swap_page: swapin tgid 18538 pid 21585 name "Binder:18538_4" vma 7fbe1d4000
           <...>-21585 [004] ....  5296.466649: do_swap_page: swapin tgid 18538 pid 21585 name "Binder:18538_4" vma 7f28b6e000
           <...>-21585 [004] ....  5296.466652: do_swap_page: swapin tgid 18538 pid 21585 name "Binder:18538_4" vma 7f28bc0000
           <...>-21585 [004] ....  5296.466657: do_swap_page: swapin tgid 18538 pid 21585 name "Binder:18538_4" vma 7f2d145000
           <...>-21585 [004] ....  5296.466659: do_swap_page: swapin tgid 18538 pid 21585 name "Binder:18538_4" vma 7f39800000
           <...>-21585 [004] ....  5296.466663: do_swap_page: swapin tgid 18538 pid 21585 name "Binder:18538_4" vma 7f395f0000
           <...>-21585 [004] ....  5296.466667: do_swap_page: swapin tgid 18538 pid 21585 name "Binder:18538_4" vma 12c41000
           <...>-21585 [004] ....  5296.466670: do_swap_page: swapin tgid 18538 pid 21585 name "Binder:18538_4" vma 12c64000
           <...>-21585 [004] ....  5296.466673: do_swap_page: swapin tgid 18538 pid 21585 name "Binder:18538_4" vma 7f350d9000
           <...>-21585 [004] ....  5296.466676: do_swap_page: swapin tgid 18538 pid 21585 name "Binder:18538_4" vma 72478000
           <...>-24001 [004] ....  5296.466853: do_swap_page: swapin tgid 23289 pid 24001 name "Binder:23289_4" vma 7fbe286000
           <...>-24001 [004] ....  5296.466857: do_swap_page: swapin tgid 23289 pid 24001 name "Binder:23289_4" vma 7fbe285000
           <...>-2001  [004] ....  5296.466909: do_swap_page: swapin tgid 2001 pid 2001 name "droid.launcher3" vma 9e555000
           <...>-2001  [004] ....  5296.466920: do_swap_page: swapin tgid 2001 pid 2001 name "droid.launcher3" vma 9e47c000
           <...>-2191  [004] ....  5296.466944: do_swap_page: swapin tgid 1770 pid 2191 name "Binder:1770_3" vma 7fbe24e000
           <...>-2191  [004] ....  5296.466956: do_swap_page: swapin tgid 1770 pid 2191 name "Binder:1770_3" vma 7fb9add000
           <...>-2191  [004] ....  5296.466960: do_swap_page: swapin tgid 1770 pid 2191 name "Binder:1770_3" vma 7f2dc86000
           <...>-2191  [004] ....  5296.466967: do_swap_page: swapin tgid 1770 pid 2191 name "Binder:1770_3" vma 12dc4000
           <...>-2191  [004] ....  5296.466972: do_swap_page: swapin tgid 1770 pid 2191 name "Binder:1770_3" vma 7f34f63000
           <...>-2191  [004] ....  5296.466975: do_swap_page: swapin tgid 1770 pid 2191 name "Binder:1770_3" vma 133c4000
           <...>-2191  [004] ....  5296.466979: do_swap_page: swapin tgid 1770 pid 2191 name "Binder:1770_3" vma 7fbe1e7000
           <...>-5871  [004] ....  5296.467034: do_swap_page: swapin tgid 5852 pid 5871 name "Binder:5852_3" vma 7fbe170000
           <...>-5871  [004] ....  5296.467040: do_swap_page: swapin tgid 5852 pid 5871 name "Binder:5852_3" vma 7fbe249000
           <...>-5871  [004] ....  5296.467043: do_swap_page: swapin tgid 5852 pid 5871 name "Binder:5852_3" vma 7fbe254000
           <...>-5871  [004] ....  5296.467058: do_swap_page: swapin tgid 5852 pid 5871 name "Binder:5852_3" vma 7fbdd7d000
           <...>-2001  [004] ....  5296.467087: do_swap_page: swapin tgid 2001 pid 2001 name "droid.launcher3" vma 9e47c000
           <...>-2001  [004] ....  5296.467113: do_swap_page: swapin tgid 2001 pid 2001 name "droid.launcher3" vma 9e54f000
           <...>-2001  [004] ....  5296.467117: do_swap_page: swapin tgid 2001 pid 2001 name "droid.launcher3" vma 9e4fe000
   Binder:6491_5-22310 [004] ....  5296.467157: do_swap_page: swapin tgid 6491 pid 22310 name "Binder:6491_5" vma 7fbe241000
   Binder:6491_5-22310 [004] ....  5296.467167: do_swap_page: swapin tgid 6491 pid 22310 name "Binder:6491_5" vma 7fbe165000
   Binder:6491_5-22310 [004] ....  5296.467171: do_swap_page: swapin tgid 6491 pid 22310 name "Binder:6491_5" vma 7f289ce000
   Binder:6491_5-22310 [004] ....  5296.467175: do_swap_page: swapin tgid 6491 pid 22310 name "Binder:6491_5" vma 7fbcdb6000
   Binder:6491_5-22310 [004] ....  5296.467189: do_swap_page: swapin tgid 6491 pid 22310 name "Binder:6491_5" vma 7f28e1a000
   Binder:6491_5-22310 [004] ....  5296.467197: do_swap_page: swapin tgid 6491 pid 22310 name "Binder:6491_5" vma 7f3194f000
   Binder:6491_5-22310 [004] ....  5296.467203: do_swap_page: swapin tgid 6491 pid 22310 name "Binder:6491_5" vma 12d29000
   Binder:6491_5-22310 [004] ....  5296.467208: do_swap_page: swapin tgid 6491 pid 22310 name "Binder:6491_5" vma 7fbe286000
   Binder:6491_5-22310 [004] ....  5296.467210: do_swap_page: swapin tgid 6491 pid 22310 name "Binder:6491_5" vma 7fbe285000
   Binder:6491_5-22310 [004] ....  5296.467234: do_swap_page: swapin tgid 6491 pid 22310 name "Binder:6491_5" vma 13080000
   Binder:6491_5-22310 [004] ....  5296.467248: do_swap_page: swapin tgid 6491 pid 22310 name "Binder:6491_5" vma 7fbc4f8000
   Binder:6491_5-22310 [004] ....  5296.467259: do_swap_page: swapin tgid 6491 pid 22310 name "Binder:6491_5" vma 7ec8801000
   Binder:6491_5-22310 [004] ....  5296.467264: do_swap_page: swapin tgid 6491 pid 22310 name "Binder:6491_5" vma 7f34f63000
   Binder:6491_5-22310 [004] ....  5296.467267: do_swap_page: swapin tgid 6491 pid 22310 name "Binder:6491_5" vma 12d09000
   Binder:6491_5-22310 [004] ....  5296.467273: do_swap_page: swapin tgid 6491 pid 22310 name "Binder:6491_5" vma 7fbe1e7000
   Binder:6491_5-22310 [004] ....  5296.467275: do_swap_page: swapin tgid 6491 pid 22310 name "Binder:6491_5" vma 7fbe17f000
   Binder:6491_5-22310 [004] ....  5296.467277: do_swap_page: swapin tgid 6491 pid 22310 name "Binder:6491_5" vma 7fbe20a000
           <...>-2001  [004] ....  5296.467301: do_swap_page: swapin tgid 2001 pid 2001 name "droid.launcher3" vma 9e4fe000
           <...>-2001  [004] ....  5296.467306: do_swap_page: swapin tgid 2001 pid 2001 name "droid.launcher3" vma 9e5a8000
           <...>-2506  [004] ....  5296.467335: do_swap_page: swapin tgid 2483 pid 2506 name "Binder:2483_3" vma 7fbe1e7000
           <...>-2506  [004] ....  5296.467342: do_swap_page: swapin tgid 2483 pid 2506 name "Binder:2483_3" vma 7fbe17f000
   Binder:2578_3-2646  [004] ....  5296.467374: do_swap_page: swapin tgid 2578 pid 2646 name "Binder:2578_3" vma 7fbe20a000
   Binder:2578_3-2646  [004] ....  5296.467383: do_swap_page: swapin tgid 2578 pid 2646 name "Binder:2578_3" vma 7fbd565000
   Binder:2578_3-2646  [004] ....  5296.467385: do_swap_page: swapin tgid 2578 pid 2646 name "Binder:2578_3" vma 7fbd561000
           <...>-2557  [004] ....  5296.467409: do_swap_page: swapin tgid 2534 pid 2557 name "Binder:2534_3" vma 7fbe20a000
           <...>-2557  [004] ....  5296.467438: do_swap_page: swapin tgid 2534 pid 2557 name "Binder:2534_3" vma 7fbd565000
           <...>-2557  [004] ....  5296.467440: do_swap_page: swapin tgid 2534 pid 2557 name "Binder:2534_3" vma 7fbd561000
   Binder:6491_5-22310 [004] ....  5296.467480: do_swap_page: swapin tgid 6491 pid 22310 name "Binder:6491_5" vma 7fbe20a000
   Binder:6491_5-22310 [004] ....  5296.467487: do_swap_page: swapin tgid 6491 pid 22310 name "Binder:6491_5" vma 7f28dbf000
   Binder:6491_5-22310 [004] ....  5296.467490: do_swap_page: swapin tgid 6491 pid 22310 name "Binder:6491_5" vma 7f28dc0000
   Binder:6491_5-22310 [004] ....  5296.467493: do_swap_page: swapin tgid 6491 pid 22310 name "Binder:6491_5" vma 7fbe1d5000
   Binder:6491_5-22310 [004] ....  5296.467510: do_swap_page: swapin tgid 6491 pid 22310 name "Binder:6491_5" vma 7f289d8000
   Binder:6491_5-22310 [004] ....  5296.467517: do_swap_page: swapin tgid 6491 pid 22310 name "Binder:6491_5" vma 7f395f0000
           <...>-2001  [004] ....  5296.467534: do_swap_page: swapin tgid 2001 pid 2001 name "droid.launcher3" vma 9e5a8000
           <...>-2001  [004] ....  5296.467598: do_swap_page: swapin tgid 2001 pid 2001 name "droid.launcher3" vma 12e57000
           <...>-2001  [004] ....  5296.467616: do_swap_page: swapin tgid 2001 pid 2001 name "droid.launcher3" vma 9e4f3000
           <...>-2056  [004] ....  5296.467645: do_swap_page: swapin tgid 1957 pid 2056 name "Binder:1957_4" vma 7fbe1e7000
           <...>-2056  [004] ....  5296.467651: do_swap_page: swapin tgid 1957 pid 2056 name "Binder:1957_4" vma 7fbe17f000
 m.android.phone-1888  [004] ....  5296.467700: do_swap_page: swapin tgid 1888 pid 1888 name "m.android.phone" vma 725c8000
 m.android.phone-1888  [004] ....  5296.467710: do_swap_page: swapin tgid 1888 pid 1888 name "m.android.phone" vma 72475000
 m.android.phone-1888  [004] ....  5296.467715: do_swap_page: swapin tgid 1888 pid 1888 name "m.android.phone" vma 72500000
 m.android.phone-1888  [004] ....  5296.467719: do_swap_page: swapin tgid 1888 pid 1888 name "m.android.phone" vma 72501000
 m.android.phone-1888  [004] ....  5296.467724: do_swap_page: swapin tgid 1888 pid 1888 name "m.android.phone" vma 7249e000
 m.android.phone-1888  [004] ....  5296.467750: do_swap_page: swapin tgid 1888 pid 1888 name "m.android.phone" vma 72506000
           <...>-2001  [004] ....  5296.467783: do_swap_page: swapin tgid 2001 pid 2001 name "droid.launcher3" vma 9e4f3000
           <...>-2001  [004] ....  5296.467789: do_swap_page: swapin tgid 2001 pid 2001 name "droid.launcher3" vma 9e503000
           <...>-2532  [004] ....  5296.467815: do_swap_page: swapin tgid 2514 pid 2532 name "Binder:2514_1" vma 7fbe1e7000
           <...>-2532  [004] ....  5296.467822: do_swap_page: swapin tgid 2514 pid 2532 name "Binder:2514_1" vma 7fbe17f000
   Binder:2578_3-2646  [004] ....  5296.467867: do_swap_page: swapin tgid 2578 pid 2646 name "Binder:2578_3" vma 7fbd561000
   Binder:2578_3-2646  [004] ....  5296.467875: do_swap_page: swapin tgid 2578 pid 2646 name "Binder:2578_3" vma 7f28b0f000
   Binder:2578_3-2646  [004] ....  5296.467877: do_swap_page: swapin tgid 2578 pid 2646 name "Binder:2578_3" vma 7f28b10000
   Binder:2578_3-2646  [004] ....  5296.467881: do_swap_page: swapin tgid 2578 pid 2646 name "Binder:2578_3" vma 7f2d674000
   Binder:2578_3-2646  [004] ....  5296.467905: do_swap_page: swapin tgid 2578 pid 2646 name "Binder:2578_3" vma 7f2d61e000
   Binder:2578_3-2646  [004] ....  5296.467930: do_swap_page: swapin tgid 2578 pid 2646 name "Binder:2578_3" vma 7f2d16b000
   Binder:6491_5-22310 [004] ....  5296.467971: do_swap_page: swapin tgid 6491 pid 22310 name "Binder:6491_5" vma 7f395f0000
   Binder:6491_5-22310 [004] ....  5296.467980: do_swap_page: swapin tgid 6491 pid 22310 name "Binder:6491_5" vma 12d06000
   Binder:6491_5-22310 [004] ....  5296.467984: do_swap_page: swapin tgid 6491 pid 22310 name "Binder:6491_5" vma 12d6e000
   Binder:6491_5-22310 [004] ....  5296.467989: do_swap_page: swapin tgid 6491 pid 22310 name "Binder:6491_5" vma 7f350d9000
   Binder:6491_5-22310 [004] ....  5296.467994: do_swap_page: swapin tgid 6491 pid 22310 name "Binder:6491_5" vma 72478000
   Binder:6491_5-22310 [004] ....  5296.468004: do_swap_page: swapin tgid 6491 pid 22310 name "Binder:6491_5" vma 7fbe237000
           <...>-2001  [004] ....  5296.468025: do_swap_page: swapin tgid 2001 pid 2001 name "droid.launcher3" vma 9e503000
           <...>-2001  [004] ....  5296.468030: do_swap_page: swapin tgid 2001 pid 2001 name "droid.launcher3" vma 9e46c000
           <...>-2506  [004] ....  5296.468061: do_swap_page: swapin tgid 2483 pid 2506 name "Binder:2483_3" vma 7fbe17f000
           <...>-2506  [004] ....  5296.468067: do_swap_page: swapin tgid 2483 pid 2506 name "Binder:2483_3" vma 7fbe20a000
           <...>-1874  [004] ....  5296.468118: do_swap_page: swapin tgid 1849 pid 1874 name "Binder:1849_1" vma 7fbe1e7000
           <...>-1874  [004] ....  5296.468125: do_swap_page: swapin tgid 1849 pid 1874 name "Binder:1849_1" vma 7fbe17f000
           <...>-2557  [004] ....  5296.468168: do_swap_page: swapin tgid 2534 pid 2557 name "Binder:2534_3" vma 7fbd561000
           <...>-2557  [004] ....  5296.468176: do_swap_page: swapin tgid 2534 pid 2557 name "Binder:2534_3" vma 7f2895f000
           <...>-2557  [004] ....  5296.468178: do_swap_page: swapin tgid 2534 pid 2557 name "Binder:2534_3" vma 7f28b1c000
           <...>-2557  [004] ....  5296.468184: do_swap_page: swapin tgid 2534 pid 2557 name "Binder:2534_3" vma 7fbe1d3000
           <...>-2557  [004] ....  5296.468190: do_swap_page: swapin tgid 2534 pid 2557 name "Binder:2534_3" vma 7fbe1db000
           <...>-2557  [004] ....  5296.468195: do_swap_page: swapin tgid 2534 pid 2557 name "Binder:2534_3" vma 7f395f0000
  Binder:18352_4-21256 [004] ....  5296.468245: do_swap_page: swapin tgid 18352 pid 21256 name "Binder:18352_4" vma 7fbe241000
  Binder:18352_4-21256 [004] ....  5296.468253: do_swap_page: swapin tgid 18352 pid 21256 name "Binder:18352_4" vma 7fbe1e9000
  Binder:18352_4-21256 [004] ....  5296.468259: do_swap_page: swapin tgid 18352 pid 21256 name "Binder:18352_4" vma 7f393dc000
           <...>-2001  [004] ....  5296.468280: do_swap_page: swapin tgid 2001 pid 2001 name "droid.launcher3" vma 9e46c000
           <...>-2001  [004] ....  5296.468306: do_swap_page: swapin tgid 2001 pid 2001 name "droid.launcher3" vma 9e56c000
           <...>-5871  [004] ....  5296.468344: do_swap_page: swapin tgid 5852 pid 5871 name "Binder:5852_3" vma 7fbdd7d000
           <...>-5871  [004] ....  5296.468356: do_swap_page: swapin tgid 5852 pid 5871 name "Binder:5852_3" vma 7f2d62d000
           <...>-5871  [004] ....  5296.468359: do_swap_page: swapin tgid 5852 pid 5871 name "Binder:5852_3" vma 7fbe22e000
           <...>-5871  [004] ....  5296.468375: do_swap_page: swapin tgid 5852 pid 5871 name "Binder:5852_3" vma 7f350d9000
           <...>-5871  [004] ....  5296.468380: do_swap_page: swapin tgid 5852 pid 5871 name "Binder:5852_3" vma 72478000
           <...>-5852  [004] ....  5296.468408: do_swap_page: swapin tgid 5852 pid 5852 name "droid.bluetooth" vma 7fffffd000
           <...>-5852  [004] ....  5296.468423: do_swap_page: swapin tgid 5852 pid 5852 name "droid.bluetooth" vma 7fbe491000
           <...>-2056  [004] ....  5296.468445: do_swap_page: swapin tgid 1957 pid 2056 name "Binder:1957_4" vma 7fbe17f000
           <...>-2056  [004] ....  5296.468451: do_swap_page: swapin tgid 1957 pid 2056 name "Binder:1957_4" vma 7fbe20a000
           <...>-2001  [004] ....  5296.468509: do_swap_page: swapin tgid 2001 pid 2001 name "droid.launcher3" vma 9e56c000
           <...>-2001  [004] ....  5296.468522: do_swap_page: swapin tgid 2001 pid 2001 name "droid.launcher3" vma 9e566000
  Binder:18352_4-21256 [004] ....  5296.468543: do_swap_page: swapin tgid 18352 pid 21256 name "Binder:18352_4" vma 7f393dc000
  Binder:18352_4-21256 [004] ....  5296.468551: do_swap_page: swapin tgid 18352 pid 21256 name "Binder:18352_4" vma 7fbe1a4000
  Binder:18352_4-21256 [004] ....  5296.468556: do_swap_page: swapin tgid 18352 pid 21256 name "Binder:18352_4" vma 7fbd562000
           <...>-2820  [004] ....  5296.468577: do_swap_page: swapin tgid 2452 pid 2820 name "Binder:2452_4" vma 7fbe1e7000
           <...>-2820  [004] ....  5296.468583: do_swap_page: swapin tgid 2452 pid 2820 name "Binder:2452_4" vma 7fbe17f000
           <...>-2532  [004] ....  5296.468616: do_swap_page: swapin tgid 2514 pid 2532 name "Binder:2514_1" vma 7fbe17f000
           <...>-2532  [004] ....  5296.468623: do_swap_page: swapin tgid 2514 pid 2532 name "Binder:2514_1" vma 7fbe20a000
           <...>-2191  [004] ....  5296.468647: do_swap_page: swapin tgid 1770 pid 2191 name "Binder:1770_3" vma 7fbe1e7000
           <...>-2191  [004] ....  5296.468653: do_swap_page: swapin tgid 1770 pid 2191 name "Binder:1770_3" vma 7fbe17f000
 ScreenDecoratio-2250  [004] ....  5296.468678: do_swap_page: swapin tgid 1670 pid 2250 name "ScreenDecoratio" vma 7f2d679000
           <...>-5852  [004] ....  5296.468819: do_swap_page: swapin tgid 5852 pid 5852 name "droid.bluetooth" vma 7fbe491000
           <...>-5852  [004] ....  5296.468873: do_swap_page: swapin tgid 5852 pid 5852 name "droid.bluetooth" vma 7fbe1a2000
           <...>-5852  [004] ....  5296.468877: do_swap_page: swapin tgid 5852 pid 5852 name "droid.bluetooth" vma 7fbe1a3000
           <...>-5852  [004] ....  5296.468879: do_swap_page: swapin tgid 5852 pid 5852 name "droid.bluetooth" vma 7fbe25a000
           <...>-5852  [004] ....  5296.468883: do_swap_page: swapin tgid 5852 pid 5852 name "droid.bluetooth" vma 7fffffc000
           <...>-5852  [004] ....  5296.468890: do_swap_page: swapin tgid 5852 pid 5852 name "droid.bluetooth" vma 7fffffb000
           <...>-2127  [004] ....  5296.468929: do_swap_page: swapin tgid 1670 pid 2127 name "RenderThread" vma 7ebb2d8000
  Binder:18352_4-21256 [004] ....  5296.468947: do_swap_page: swapin tgid 18352 pid 21256 name "Binder:18352_4" vma 7fbd562000
  Binder:18352_4-21256 [004] ....  5296.468955: do_swap_page: swapin tgid 18352 pid 21256 name "Binder:18352_4" vma 7fbcdb6000
  Binder:18352_4-21256 [004] ....  5296.468958: do_swap_page: swapin tgid 18352 pid 21256 name "Binder:18352_4" vma 7fbe250000
  Binder:18352_4-21256 [004] ....  5296.468963: do_swap_page: swapin tgid 18352 pid 21256 name "Binder:18352_4" vma 7f393da000
  Binder:18352_4-21256 [004] ....  5296.468965: do_swap_page: swapin tgid 18352 pid 21256 name "Binder:18352_4" vma 7fbe23c000
  Binder:18352_4-21256 [004] ....  5296.468970: do_swap_page: swapin tgid 18352 pid 21256 name "Binder:18352_4" vma 7fbe1a5000
  Binder:18352_4-21256 [004] ....  5296.468973: do_swap_page: swapin tgid 18352 pid 21256 name "Binder:18352_4" vma 7f3194f000
  Binder:18352_4-21256 [004] ....  5296.468992: do_swap_page: swapin tgid 18352 pid 21256 name "Binder:18352_4" vma 12c86000
           <...>-5852  [004] ....  5296.469038: do_swap_page: swapin tgid 5852 pid 5852 name "droid.bluetooth" vma 7fffffb000
           <...>-5852  [004] ....  5296.469045: do_swap_page: swapin tgid 5852 pid 5852 name "droid.bluetooth" vma 7245a000
           <...>-2001  [004] .n..  5296.469226: do_swap_page: swapin tgid 2001 pid 2001 name "droid.launcher3" vma 9e566000
           <...>-2001  [004] ....  5296.469241: do_swap_page: swapin tgid 2001 pid 2001 name "droid.launcher3" vma 13d18000
           <...>-5852  [004] ....  5296.469278: do_swap_page: swapin tgid 5852 pid 5852 name "droid.bluetooth" vma 7245a000
           <...>-5852  [004] ....  5296.469284: do_swap_page: swapin tgid 5852 pid 5852 name "droid.bluetooth" vma 725c7000
           <...>-1874  [004] ....  5296.469314: do_swap_page: swapin tgid 1849 pid 1874 name "Binder:1849_1" vma 7fbe17f000
           <...>-1874  [004] ....  5296.469321: do_swap_page: swapin tgid 1849 pid 1874 name "Binder:1849_1" vma 7fbe20a000
           <...>-2506  [004] ....  5296.469343: do_swap_page: swapin tgid 2483 pid 2506 name "Binder:2483_3" vma 7fbe20a000
           <...>-2506  [004] ....  5296.469352: do_swap_page: swapin tgid 2483 pid 2506 name "Binder:2483_3" vma 7fbd565000
           <...>-2506  [004] ....  5296.469354: do_swap_page: swapin tgid 2483 pid 2506 name "Binder:2483_3" vma 7fbd561000
           <...>-2056  [004] ....  5296.469383: do_swap_page: swapin tgid 1957 pid 2056 name "Binder:1957_4" vma 7fbe20a000
           <...>-2056  [004] ....  5296.469392: do_swap_page: swapin tgid 1957 pid 2056 name "Binder:1957_4" vma 7fbd565000
           <...>-2056  [004] ....  5296.469394: do_swap_page: swapin tgid 1957 pid 2056 name "Binder:1957_4" vma 7fbd561000
           <...>-2001  [004] ....  5296.469433: do_swap_page: swapin tgid 2001 pid 2001 name "droid.launcher3" vma 13d18000
           <...>-2001  [004] ....  5296.469446: do_swap_page: swapin tgid 2001 pid 2001 name "droid.launcher3" vma 9e4d4000
   Binder:2578_3-2646  [004] ....  5296.469474: do_swap_page: swapin tgid 2578 pid 2646 name "Binder:2578_3" vma 7f2d16b000
   Binder:2578_3-2646  [004] ....  5296.469482: do_swap_page: swapin tgid 2578 pid 2646 name "Binder:2578_3" vma 7f39800000
           <...>-5852  [004] ....  5296.469536: do_swap_page: swapin tgid 5852 pid 5852 name "droid.bluetooth" vma 725c7000
           <...>-5852  [004] ....  5296.469542: do_swap_page: swapin tgid 5852 pid 5852 name "droid.bluetooth" vma 14405000
           <...>-5852  [004] ....  5296.469549: do_swap_page: swapin tgid 5852 pid 5852 name "droid.bluetooth" vma 7fbddf8000
           <...>-5852  [004] ....  5296.469553: do_swap_page: swapin tgid 5852 pid 5852 name "droid.bluetooth" vma 12c87000
           <...>-5852  [004] ....  5296.469560: do_swap_page: swapin tgid 5852 pid 5852 name "droid.bluetooth" vma 9e47c000
  Binder:18352_4-21256 [004] ....  5296.469630: do_swap_page: swapin tgid 18352 pid 21256 name "Binder:18352_4" vma 12c86000
  Binder:18352_4-21256 [004] ....  5296.469639: do_swap_page: swapin tgid 18352 pid 21256 name "Binder:18352_4" vma 7fbe286000
  Binder:18352_4-21256 [004] ....  5296.469641: do_swap_page: swapin tgid 18352 pid 21256 name "Binder:18352_4" vma 7fbe285000
  Binder:18352_4-21256 [004] ....  5296.469643: do_swap_page: swapin tgid 18352 pid 21256 name "Binder:18352_4" vma 7f393db000
           <...>-2001  [004] ....  5296.469683: do_swap_page: swapin tgid 2001 pid 2001 name "droid.launcher3" vma 9e4d4000
           <...>-2001  [004] ....  5296.469690: do_swap_page: swapin tgid 2001 pid 2001 name "droid.launcher3" vma 9e550000
           <...>-2001  [004] ....  5296.469709: do_swap_page: swapin tgid 2001 pid 2001 name "droid.launcher3" vma 13142000
           <...>-2001  [004] ....  5296.469736: do_swap_page: swapin tgid 2001 pid 2001 name "droid.launcher3" vma 9e4e2000
           <...>-5852  [004] ....  5296.469763: do_swap_page: swapin tgid 5852 pid 5852 name "droid.bluetooth" vma 9e47c000
           <...>-5852  [004] ....  5296.469770: do_swap_page: swapin tgid 5852 pid 5852 name "droid.bluetooth" vma 9e4bd000
 m.android.phone-1888  [004] ....  5296.469801: do_swap_page: swapin tgid 1888 pid 1888 name "m.android.phone" vma 72506000
 m.android.phone-1888  [004] ....  5296.469810: do_swap_page: swapin tgid 1888 pid 1888 name "m.android.phone" vma 7249f000
 m.android.phone-1888  [004] ....  5296.469825: do_swap_page: swapin tgid 1888 pid 1888 name "m.android.phone" vma 72474000
 m.android.phone-1888  [004] ....  5296.469828: do_swap_page: swapin tgid 1888 pid 1888 name "m.android.phone" vma 7251f000
  Binder:18352_4-21256 [004] ....  5296.469869: do_swap_page: swapin tgid 18352 pid 21256 name "Binder:18352_4" vma 7f393db000
  Binder:18352_4-21256 [004] ....  5296.469875: do_swap_page: swapin tgid 18352 pid 21256 name "Binder:18352_4" vma 7fbe1f8000
  Binder:18352_4-21256 [004] ....  5296.469881: do_swap_page: swapin tgid 18352 pid 21256 name "Binder:18352_4" vma 12cc0000
  Binder:18352_4-21256 [004] ....  5296.469887: do_swap_page: swapin tgid 18352 pid 21256 name "Binder:18352_4" vma 7fbe24e000
           <...>-5852  [004] ....  5296.469936: do_swap_page: swapin tgid 5852 pid 5852 name "droid.bluetooth" vma 9e4bd000
           <...>-5852  [004] ....  5296.469942: do_swap_page: swapin tgid 5852 pid 5852 name "droid.bluetooth" vma 9e499000
           <...>-2001  [004] ....  5296.469994: do_swap_page: swapin tgid 2001 pid 2001 name "droid.launcher3" vma 9e4e2000
           <...>-2001  [004] ....  5296.470024: do_swap_page: swapin tgid 2001 pid 2001 name "droid.launcher3" vma 9e4d3000
  UiThreadHelper-2062  [004] ....  5296.470065: do_swap_page: swapin tgid 2001 pid 2062 name "UiThreadHelper" vma 9e4cb000
  Binder:18352_4-21256 [004] ....  5296.470109: do_swap_page: swapin tgid 18352 pid 21256 name "Binder:18352_4" vma 7fbe24e000
  Binder:18352_4-21256 [004] ....  5296.470120: do_swap_page: swapin tgid 18352 pid 21256 name "Binder:18352_4" vma 7fbe07f000
  Binder:18352_4-21256 [004] ....  5296.470125: do_swap_page: swapin tgid 18352 pid 21256 name "Binder:18352_4" vma 7f29ffa000
  Binder:18352_4-21256 [004] ....  5296.470131: do_swap_page: swapin tgid 18352 pid 21256 name "Binder:18352_4" vma 7f34f62000
  Binder:18352_4-21256 [004] ....  5296.470133: do_swap_page: swapin tgid 18352 pid 21256 name "Binder:18352_4" vma 12c83000
  Binder:18352_4-21256 [004] ....  5296.470138: do_swap_page: swapin tgid 18352 pid 21256 name "Binder:18352_4" vma 7fbe1e7000
           <...>-5852  [004] ....  5296.470186: do_swap_page: swapin tgid 5852 pid 5852 name "droid.bluetooth" vma 9e499000
           <...>-5852  [004] ....  5296.470194: do_swap_page: swapin tgid 5852 pid 5852 name "droid.bluetooth" vma 7ed30ca000
           <...>-2001  [004] ....  5296.470240: do_swap_page: swapin tgid 2001 pid 2001 name "droid.launcher3" vma 9e4d3000
           <...>-2001  [004] ....  5296.470245: do_swap_page: swapin tgid 2001 pid 2001 name "droid.launcher3" vma 9e59a000
  UiThreadHelper-2062  [004] ....  5296.470266: do_swap_page: swapin tgid 2001 pid 2062 name "UiThreadHelper" vma 9e4cb000
  UiThreadHelper-2062  [004] ....  5296.470269: do_swap_page: swapin tgid 2001 pid 2062 name "UiThreadHelper" vma 9e5a2000
           <...>-2820  [004] ....  5296.470283: do_swap_page: swapin tgid 2452 pid 2820 name "Binder:2452_4" vma 7fbe17f000
           <...>-2820  [004] ....  5296.470289: do_swap_page: swapin tgid 2452 pid 2820 name "Binder:2452_4" vma 7fbe20a000
  Binder:18352_4-21256 [004] ....  5296.470333: do_swap_page: swapin tgid 18352 pid 21256 name "Binder:18352_4" vma 7fbe1e7000
  Binder:18352_4-21256 [004] ....  5296.470339: do_swap_page: swapin tgid 18352 pid 21256 name "Binder:18352_4" vma 7fbe17f000
  Binder:18352_4-21256 [004] ....  5296.470342: do_swap_page: swapin tgid 18352 pid 21256 name "Binder:18352_4" vma 7fbe20a000
           <...>-2532  [004] ....  5296.470356: do_swap_page: swapin tgid 2514 pid 2532 name "Binder:2514_1" vma 7fbe20a000
           <...>-2532  [004] ....  5296.470385: do_swap_page: swapin tgid 2514 pid 2532 name "Binder:2514_1" vma 7fbd565000
           <...>-2532  [004] ....  5296.470388: do_swap_page: swapin tgid 2514 pid 2532 name "Binder:2514_1" vma 7fbd561000
           <...>-5852  [004] ....  5296.470415: do_swap_page: swapin tgid 5852 pid 5852 name "droid.bluetooth" vma 7ed30ca000
           <...>-5852  [004] ....  5296.470420: do_swap_page: swapin tgid 5852 pid 5852 name "droid.bluetooth" vma 9e47d000
  UiThreadHelper-2062  [004] ....  5296.470484: do_swap_page: swapin tgid 2001 pid 2062 name "UiThreadHelper" vma 9e5a2000
  Binder:18352_4-21256 [004] ....  5296.470552: do_swap_page: swapin tgid 18352 pid 21256 name "Binder:18352_4" vma 7fbe20a000
  Binder:18352_4-21256 [004] ....  5296.470560: do_swap_page: swapin tgid 18352 pid 21256 name "Binder:18352_4" vma 7fbd565000
  Binder:18352_4-21256 [004] ....  5296.470562: do_swap_page: swapin tgid 18352 pid 21256 name "Binder:18352_4" vma 7fbd561000
  Binder:18352_4-21256 [004] ....  5296.470588: do_swap_page: swapin tgid 18352 pid 21256 name "Binder:18352_4" vma 7fbe21d000
  Binder:18352_4-21256 [004] ....  5296.470590: do_swap_page: swapin tgid 18352 pid 21256 name "Binder:18352_4" vma 7fbe316000
  Binder:18352_4-21256 [004] ....  5296.470594: do_swap_page: swapin tgid 18352 pid 21256 name "Binder:18352_4" vma 7fbe1d3000
  Binder:18352_4-21256 [004] ....  5296.470598: do_swap_page: swapin tgid 18352 pid 21256 name "Binder:18352_4" vma 7fbe1b2000
