           <...>-1475  [004] ....  8660.845818: do_swap_page: swapin tgid 1330 pid 1475 name "InputDispatcher" vma 7ed0d56000
           <...>-1475  [004] ....  8660.845825: do_swap_page: swapin tgid 1330 pid 1475 name "InputDispatcher" vma 7e6d5bb000
           <...>-1475  [004] ....  8660.846100: do_swap_page: swapin tgid 1330 pid 1475 name "InputDispatcher" vma 7e6d5bb000
           <...>-1475  [004] ....  8660.846121: do_swap_page: swapin tgid 1330 pid 1475 name "InputDispatcher" vma 7e5c5ae000
           <...>-1475  [004] ....  8660.846134: do_swap_page: swapin tgid 1330 pid 1475 name "InputDispatcher" vma 7e6d3d4000
           <...>-1475  [004] ....  8660.846364: do_swap_page: swapin tgid 1330 pid 1475 name "InputDispatcher" vma 7e6d3d4000
           <...>-1475  [004] ....  8660.846377: do_swap_page: swapin tgid 1330 pid 1475 name "InputDispatcher" vma 7e6d5ba000
           <...>-1475  [004] ....  8660.846521: do_swap_page: swapin tgid 1330 pid 1475 name "InputDispatcher" vma 7e6d5ba000
           <...>-1475  [004] ....  8660.846550: do_swap_page: swapin tgid 1330 pid 1475 name "InputDispatcher" vma 7e6d357000
           <...>-1475  [004] ....  8660.846566: do_swap_page: swapin tgid 1330 pid 1475 name "InputDispatcher" vma 7f28b42000
           <...>-1475  [004] ....  8660.846589: do_swap_page: swapin tgid 1330 pid 1475 name "InputDispatcher" vma 7ed0d32000
           <...>-1475  [004] ....  8660.846606: do_swap_page: swapin tgid 1330 pid 1475 name "InputDispatcher" vma 7ed12ff000
           <...>-1475  [004] ....  8660.846650: do_swap_page: swapin tgid 1330 pid 1475 name "InputDispatcher" vma 7ea9677000
           <...>-1475  [004] ....  8660.846658: do_swap_page: swapin tgid 1330 pid 1475 name "InputDispatcher" vma 7ea9676000
           <...>-1475  [004] ....  8660.846752: do_swap_page: swapin tgid 1330 pid 1475 name "InputDispatcher" vma 7e5c403000
           <...>-1475  [004] ....  8660.846779: do_swap_page: swapin tgid 1330 pid 1475 name "InputDispatcher" vma 7eb9097000
           <...>-1475  [004] ....  8660.846803: do_swap_page: swapin tgid 1330 pid 1475 name "InputDispatcher" vma 7e5c46a000
           <...>-1475  [004] ....  8660.846851: do_swap_page: swapin tgid 1330 pid 1475 name "InputDispatcher" vma 7f2898b000
           <...>-1475  [004] ....  8660.846856: do_swap_page: swapin tgid 1330 pid 1475 name "InputDispatcher" vma 7ed0d10000
           <...>-813   [004] ....  8660.846996: do_swap_page: swapin tgid 813 pid 813 name "power@1.3-servi" vma 7fbd22b000
           <...>-813   [004] ....  8660.847021: do_swap_page: swapin tgid 813 pid 813 name "power@1.3-servi" vma 7ffffff000
           <...>-813   [004] ....  8660.847033: do_swap_page: swapin tgid 813 pid 813 name "power@1.3-servi" vma 7fbe422000
           <...>-1475  [004] ....  8660.847195: do_swap_page: swapin tgid 1330 pid 1475 name "InputDispatcher" vma 7f39839000
           <...>-1475  [004] ....  8660.847226: do_swap_page: swapin tgid 1330 pid 1475 name "InputDispatcher" vma 7f3982b000
           <...>-1475  [004] ....  8660.847230: do_swap_page: swapin tgid 1330 pid 1475 name "InputDispatcher" vma 7f3982c000
           <...>-1475  [004] ....  8660.847250: do_swap_page: swapin tgid 1330 pid 1475 name "InputDispatcher" vma 7fbdbf8000
           <...>-1475  [004] .n..  8660.847339: do_swap_page: swapin tgid 1330 pid 1475 name "InputDispatcher" vma 7ed0ddb000
           <...>-813   [004] ....  8660.847358: do_swap_page: swapin tgid 813 pid 813 name "power@1.3-servi" vma 7fbe422000
           <...>-813   [004] ....  8660.847375: do_swap_page: swapin tgid 813 pid 813 name "power@1.3-servi" vma 7fbd226000
           <...>-813   [004] ....  8660.847378: do_swap_page: swapin tgid 813 pid 813 name "power@1.3-servi" vma 7fbd21e000
           <...>-813   [004] ....  8660.847394: do_swap_page: swapin tgid 813 pid 813 name "power@1.3-servi" vma 7fbf700000
           <...>-813   [004] ....  8660.847408: do_swap_page: swapin tgid 813 pid 813 name "power@1.3-servi" vma 7fbd206000
           <...>-813   [004] ....  8660.847412: do_swap_page: swapin tgid 813 pid 813 name "power@1.3-servi" vma 7fbd209000
           <...>-813   [004] ....  8660.847415: do_swap_page: swapin tgid 813 pid 813 name "power@1.3-servi" vma 7fbd24e000
           <...>-813   [004] ....  8660.847422: do_swap_page: swapin tgid 813 pid 813 name "power@1.3-servi" vma 7fbe0ff000
           <...>-813   [004] ....  8660.847426: do_swap_page: swapin tgid 813 pid 813 name "power@1.3-servi" vma 7fbd20d000
           <...>-813   [004] ....  8660.847431: do_swap_page: swapin tgid 813 pid 813 name "power@1.3-servi" vma 7fbd221000
           <...>-1475  [004] ....  8660.847529: do_swap_page: swapin tgid 1330 pid 1475 name "InputDispatcher" vma 7fbe175000
           <...>-813   [004] ....  8660.847688: do_swap_page: swapin tgid 813 pid 813 name "power@1.3-servi" vma 7fbd221000
           <...>-813   [004] ....  8660.847723: do_swap_page: swapin tgid 813 pid 813 name "power@1.3-servi" vma 7fbddf9000
 droid.launcher3-2001  [004] ....  8660.847999: do_swap_page: swapin tgid 2001 pid 2001 name "droid.launcher3" vma 7fffffd000
 droid.launcher3-2001  [004] ....  8660.848035: do_swap_page: swapin tgid 2001 pid 2001 name "droid.launcher3" vma 7fbe22e000
 droid.launcher3-2001  [004] ....  8660.848058: do_swap_page: swapin tgid 2001 pid 2001 name "droid.launcher3" vma 7f28b49000
 droid.launcher3-2001  [004] ....  8660.848066: do_swap_page: swapin tgid 2001 pid 2001 name "droid.launcher3" vma 7fbe491000
           <...>-1353  [004] ....  8660.848193: do_swap_page: swapin tgid 1330 pid 1353 name "android.ui" vma 7ed0dbd000
           <...>-1353  [004] ....  8660.848210: do_swap_page: swapin tgid 1330 pid 1353 name "android.ui" vma 7eb90e4000
           <...>-1353  [004] ....  8660.848261: do_swap_page: swapin tgid 1330 pid 1353 name "android.ui" vma 7e5c883000
           <...>-1353  [004] ....  8660.848270: do_swap_page: swapin tgid 1330 pid 1353 name "android.ui" vma 7e5c884000
           <...>-1353  [004] ....  8660.848280: do_swap_page: swapin tgid 1330 pid 1353 name "android.ui" vma 7eb42e1000
           <...>-1353  [004] ....  8660.848288: do_swap_page: swapin tgid 1330 pid 1353 name "android.ui" vma 7f2d6b5000
           <...>-1353  [004] ....  8660.848462: do_swap_page: swapin tgid 1330 pid 1353 name "android.ui" vma 14474000
           <...>-1353  [004] ....  8660.848491: do_swap_page: swapin tgid 1330 pid 1353 name "android.ui" vma 9e776000
 droid.launcher3-2001  [004] ....  8660.848747: do_swap_page: swapin tgid 2001 pid 2001 name "droid.launcher3" vma 7fbe491000
 droid.launcher3-2001  [004] ....  8660.848816: do_swap_page: swapin tgid 2001 pid 2001 name "droid.launcher3" vma 7ecec27000
 droid.launcher3-2001  [004] ....  8660.848827: do_swap_page: swapin tgid 2001 pid 2001 name "droid.launcher3" vma 7ecec28000
 droid.launcher3-2001  [004] ....  8660.848831: do_swap_page: swapin tgid 2001 pid 2001 name "droid.launcher3" vma 7eced08000
 droid.launcher3-2001  [004] ....  8660.848840: do_swap_page: swapin tgid 2001 pid 2001 name "droid.launcher3" vma 7ecec23000
 droid.launcher3-2001  [004] ....  8660.848857: do_swap_page: swapin tgid 2001 pid 2001 name "droid.launcher3" vma 7fbcdb5000
 droid.launcher3-2001  [004] ....  8660.848865: do_swap_page: swapin tgid 2001 pid 2001 name "droid.launcher3" vma 7fbe1e9000
 droid.launcher3-2001  [004] ....  8660.848876: do_swap_page: swapin tgid 2001 pid 2001 name "droid.launcher3" vma 7f393dc000
           <...>-813   [004] ....  8660.848977: do_swap_page: swapin tgid 813 pid 813 name "power@1.3-servi" vma 7fbddf9000
           <...>-813   [004] ....  8660.849008: do_swap_page: swapin tgid 813 pid 813 name "power@1.3-servi" vma 7fbd219000
 ndroid.systemui-1670  [004] ....  8660.849111: do_swap_page: swapin tgid 1670 pid 1670 name "ndroid.systemui" vma 7f28f1a000
 ndroid.systemui-1670  [004] ....  8660.849132: do_swap_page: swapin tgid 1670 pid 1670 name "ndroid.systemui" vma 7f28f1b000
           <...>-813   [004] ....  8660.849242: do_swap_page: swapin tgid 813 pid 813 name "power@1.3-servi" vma 7fbd219000
           <...>-813   [004] ....  8660.849264: do_swap_page: swapin tgid 813 pid 813 name "power@1.3-servi" vma 7fffffe000
           <...>-813   [004] ....  8660.849277: do_swap_page: swapin tgid 813 pid 813 name "power@1.3-servi" vma 7fbb851000
           <...>-813   [004] ....  8660.849289: do_swap_page: swapin tgid 813 pid 813 name "power@1.3-servi" vma 7fbda90000
 ndroid.systemui-1670  [004] ....  8660.849373: do_swap_page: swapin tgid 1670 pid 1670 name "ndroid.systemui" vma 7f28f55000
 ndroid.systemui-1670  [004] ....  8660.849450: do_swap_page: swapin tgid 1670 pid 1670 name "ndroid.systemui" vma 7eb327c000
           <...>-813   [004] ....  8660.849547: do_swap_page: swapin tgid 813 pid 813 name "power@1.3-servi" vma 7fbda90000
           <...>-813   [004] ....  8660.849572: do_swap_page: swapin tgid 813 pid 813 name "power@1.3-servi" vma 7fbb800000
 droid.launcher3-2001  [004] ....  8660.849653: do_swap_page: swapin tgid 2001 pid 2001 name "droid.launcher3" vma 7f393dc000
 droid.launcher3-2001  [004] ....  8660.849668: do_swap_page: swapin tgid 2001 pid 2001 name "droid.launcher3" vma 7fbe165000
 droid.launcher3-2001  [004] ....  8660.849678: do_swap_page: swapin tgid 2001 pid 2001 name "droid.launcher3" vma 7fbe1a2000
 droid.launcher3-2001  [004] ....  8660.849684: do_swap_page: swapin tgid 2001 pid 2001 name "droid.launcher3" vma 7eced0e000
           <...>-813   [004] ....  8660.849856: do_swap_page: swapin tgid 813 pid 813 name "power@1.3-servi" vma 7fbb800000
           <...>-813   [004] ....  8660.849874: do_swap_page: swapin tgid 813 pid 813 name "power@1.3-servi" vma 7fbb820000
 droid.launcher3-2001  [004] ....  8660.849992: do_swap_page: swapin tgid 2001 pid 2001 name "droid.launcher3" vma 7ec96e3000
 droid.launcher3-2001  [004] ....  8660.850013: do_swap_page: swapin tgid 2001 pid 2001 name "droid.launcher3" vma 7ec96e4000
 droid.launcher3-2001  [004] ....  8660.850021: do_swap_page: swapin tgid 2001 pid 2001 name "droid.launcher3" vma 7fffffc000
 droid.launcher3-2001  [004] ....  8660.850024: do_swap_page: swapin tgid 2001 pid 2001 name "droid.launcher3" vma 7ecec2c000
 droid.launcher3-2001  [004] ....  8660.850030: do_swap_page: swapin tgid 2001 pid 2001 name "droid.launcher3" vma 7fbd565000
 droid.launcher3-2001  [004] ....  8660.850037: do_swap_page: swapin tgid 2001 pid 2001 name "droid.launcher3" vma 7fbd561000
           <...>-813   [004] ....  8660.850130: do_swap_page: swapin tgid 813 pid 813 name "power@1.3-servi" vma 7fbb820000
           <...>-813   [004] ....  8660.850150: do_swap_page: swapin tgid 813 pid 813 name "power@1.3-servi" vma 7fbb83f000
           <...>-813   [004] ....  8660.850161: do_swap_page: swapin tgid 813 pid 813 name "power@1.3-servi" vma 7fbb85c000
 droid.launcher3-2001  [004] ....  8660.850240: do_swap_page: swapin tgid 2001 pid 2001 name "droid.launcher3" vma 7fbd562000
           <...>-813   [004] ....  8660.850367: do_swap_page: swapin tgid 813 pid 813 name "power@1.3-servi" vma 7fbb85c000
           <...>-813   [004] ....  8660.850383: do_swap_page: swapin tgid 813 pid 813 name "power@1.3-servi" vma 7fbb844000
           <...>-813   [004] ....  8660.850387: do_swap_page: swapin tgid 813 pid 813 name "power@1.3-servi" vma 7fbb859000
           <...>-813   [004] ....  8660.850395: do_swap_page: swapin tgid 813 pid 813 name "power@1.3-servi" vma 7fbda8c000
           <...>-813   [004] ....  8660.850399: do_swap_page: swapin tgid 813 pid 813 name "power@1.3-servi" vma 7fbda8d000
           <...>-1353  [004] ....  8660.850515: do_swap_page: swapin tgid 1330 pid 1353 name "android.ui" vma 9e776000
           <...>-1353  [004] ....  8660.850531: do_swap_page: swapin tgid 1330 pid 1353 name "android.ui" vma 9e612000
           <...>-813   [004] ....  8660.850688: do_swap_page: swapin tgid 813 pid 813 name "power@1.3-servi" vma 7fbda8d000
           <...>-813   [004] ....  8660.850705: do_swap_page: swapin tgid 813 pid 813 name "power@1.3-servi" vma 7fbd201000
           <...>-813   [004] ....  8660.850709: do_swap_page: swapin tgid 813 pid 813 name "power@1.3-servi" vma 7fbd200000
           <...>-813   [004] ....  8660.850718: do_swap_page: swapin tgid 813 pid 813 name "power@1.3-servi" vma 7fbd298000
           <...>-813   [004] ....  8660.850730: do_swap_page: swapin tgid 813 pid 813 name "power@1.3-servi" vma 7fbb84b000
           <...>-813   [004] ....  8660.850738: do_swap_page: swapin tgid 813 pid 813 name "power@1.3-servi" vma 7fbb84c000
           <...>-813   [004] ....  8660.850750: do_swap_page: swapin tgid 813 pid 813 name "power@1.3-servi" vma 7fbd404000
           <...>-813   [004] ....  8660.850754: do_swap_page: swapin tgid 813 pid 813 name "power@1.3-servi" vma 7fbd400000
 droid.launcher3-2001  [004] ....  8660.850864: do_swap_page: swapin tgid 2001 pid 2001 name "droid.launcher3" vma 7fbd562000
 droid.launcher3-2001  [004] ....  8660.850881: do_swap_page: swapin tgid 2001 pid 2001 name "droid.launcher3" vma 7fbe15d000
 droid.launcher3-2001  [004] ....  8660.850886: do_swap_page: swapin tgid 2001 pid 2001 name "droid.launcher3" vma 7fbe15c000
 droid.launcher3-2001  [004] ....  8660.850894: do_swap_page: swapin tgid 2001 pid 2001 name "droid.launcher3" vma 7f28a69000
           <...>-813   [004] ....  8660.850963: do_swap_page: swapin tgid 813 pid 813 name "power@1.3-servi" vma 7fbd400000
           <...>-813   [004] ....  8660.850975: do_swap_page: swapin tgid 813 pid 813 name "power@1.3-servi" vma 7fbd407000
           <...>-813   [004] ....  8660.850984: do_swap_page: swapin tgid 813 pid 813 name "power@1.3-servi" vma 7fbd406000
 droid.launcher3-2001  [004] ....  8660.851128: do_swap_page: swapin tgid 2001 pid 2001 name "droid.launcher3" vma 7eceb90000
 droid.launcher3-2001  [004] ....  8660.851137: do_swap_page: swapin tgid 2001 pid 2001 name "droid.launcher3" vma 7f28b4e000
 droid.launcher3-2001  [004] ....  8660.851146: do_swap_page: swapin tgid 2001 pid 2001 name "droid.launcher3" vma 7eca072000
           <...>-813   [004] ....  8660.851220: do_swap_page: swapin tgid 813 pid 813 name "power@1.3-servi" vma 7fbd406000
           <...>-813   [004] ....  8660.851234: do_swap_page: swapin tgid 813 pid 813 name "power@1.3-servi" vma 7fbd408000
           <...>-813   [004] ....  8660.851241: do_swap_page: swapin tgid 813 pid 813 name "power@1.3-servi" vma 7fbd205000
           <...>-813   [004] ....  8660.851245: do_swap_page: swapin tgid 813 pid 813 name "power@1.3-servi" vma 7fbd211000
           <...>-813   [004] ....  8660.851252: do_swap_page: swapin tgid 813 pid 813 name "power@1.3-servi" vma 7fbb84d000
           <...>-813   [004] ....  8660.851328: do_swap_page: swapin tgid 813 pid 813 name "power@1.3-servi" vma 7fbcfe9000
           <...>-2389  [004] ....  8660.851416: do_swap_page: swapin tgid 813 pid 2389 name "NodeLooperThrea" vma 7fbb7fc000
           <...>-2389  [004] ....  8660.851429: do_swap_page: swapin tgid 813 pid 2389 name "NodeLooperThrea" vma 7fbb7fb000
           <...>-2389  [004] ....  8660.851440: do_swap_page: swapin tgid 813 pid 2389 name "NodeLooperThrea" vma 7fbb83e000
           <...>-2389  [004] ....  8660.851449: do_swap_page: swapin tgid 813 pid 2389 name "NodeLooperThrea" vma 7fbb83d000
           <...>-2390  [004] ....  8660.851546: do_swap_page: swapin tgid 813 pid 2390 name "power@1.3-servi" vma 7fba6ff000
           <...>-813   [004] ....  8660.851591: do_swap_page: swapin tgid 813 pid 813 name "power@1.3-servi" vma 7fbcfe9000
           <...>-2389  [004] ....  8660.851747: do_swap_page: swapin tgid 813 pid 2389 name "NodeLooperThrea" vma 7fbb83d000
           <...>-2389  [004] ....  8660.851766: do_swap_page: swapin tgid 813 pid 2389 name "NodeLooperThrea" vma 7fbb81b000
           <...>-2390  [004] ....  8660.851864: do_swap_page: swapin tgid 813 pid 2390 name "power@1.3-servi" vma 7fba6ff000
           <...>-2390  [004] ....  8660.851876: do_swap_page: swapin tgid 813 pid 2390 name "power@1.3-servi" vma 7fba6fe000
 droid.launcher3-2001  [004] ....  8660.851922: do_swap_page: swapin tgid 2001 pid 2001 name "droid.launcher3" vma 7ecec32000
 droid.launcher3-2001  [004] ....  8660.851945: do_swap_page: swapin tgid 2001 pid 2001 name "droid.launcher3" vma 7fba331000
           <...>-2389  [004] ....  8660.852094: do_swap_page: swapin tgid 813 pid 2389 name "NodeLooperThrea" vma 7fbb81b000
           <...>-2389  [004] ....  8660.852378: do_swap_page: swapin tgid 813 pid 2389 name "NodeLooperThrea" vma 7fbb84e000
           <...>-2389  [004] ....  8660.852483: do_swap_page: swapin tgid 813 pid 2389 name "NodeLooperThrea" vma 7fbb81d000
           <...>-1475  [004] ....  8660.852774: do_swap_page: swapin tgid 1330 pid 1475 name "InputDispatcher" vma 7fbe175000
           <...>-1475  [004] ....  8660.852806: do_swap_page: swapin tgid 1330 pid 1475 name "InputDispatcher" vma 7ed0bec000
           <...>-1475  [004] ....  8660.852818: do_swap_page: swapin tgid 1330 pid 1475 name "InputDispatcher" vma 7fbe1cb000
           <...>-2389  [004] ....  8660.853012: do_swap_page: swapin tgid 813 pid 2389 name "NodeLooperThrea" vma 7fbb81d000
           <...>-2389  [004] ....  8660.853298: do_swap_page: swapin tgid 813 pid 2389 name "NodeLooperThrea" vma 7fbb85b000
           <...>-1475  [004] ....  8660.853537: do_swap_page: swapin tgid 1330 pid 1475 name "InputDispatcher" vma 7eb91e4000
           <...>-1475  [004] ....  8660.853558: do_swap_page: swapin tgid 1330 pid 1475 name "InputDispatcher" vma 7eb91e5000
           <...>-2389  [004] ....  8660.853889: do_swap_page: swapin tgid 813 pid 2389 name "NodeLooperThrea" vma 7fbb85b000
           <...>-1475  [004] ....  8660.854077: do_swap_page: swapin tgid 1330 pid 1475 name "InputDispatcher" vma 1446a000
    Binder:602_3-732   [004] ....  8660.854529: do_swap_page: swapin tgid 602 pid 732 name "Binder:602_3" vma 7fbe175000
           <...>-1330  [004] ....  8660.854743: do_swap_page: swapin tgid 1330 pid 1330 name "system_server" vma 9e7d5000
 android.display-1355  [004] ....  8660.855138: do_swap_page: swapin tgid 1330 pid 1355 name "android.display" vma 7ecd863000
 android.display-1355  [004] ....  8660.855172: do_swap_page: swapin tgid 1330 pid 1355 name "android.display" vma 7ecd864000
 android.display-1355  [004] ....  8660.855176: do_swap_page: swapin tgid 1330 pid 1355 name "android.display" vma 7ed0ba6000
 android.display-1355  [004] ....  8660.855183: do_swap_page: swapin tgid 1330 pid 1355 name "android.display" vma 7ecd862000
 android.display-1355  [004] ....  8660.855197: do_swap_page: swapin tgid 1330 pid 1355 name "android.display" vma 7ecd861000
 android.display-1355  [004] ....  8660.855213: do_swap_page: swapin tgid 1330 pid 1355 name "android.display" vma 7f31515000
 android.display-1355  [004] ....  8660.855237: do_swap_page: swapin tgid 1330 pid 1355 name "android.display" vma 9e719000
 droid.launcher3-2001  [004] ....  8660.855509: do_swap_page: swapin tgid 2001 pid 2001 name "droid.launcher3" vma 7fba331000
 droid.launcher3-2001  [004] ....  8660.855532: do_swap_page: swapin tgid 2001 pid 2001 name "droid.launcher3" vma 7fbe25a000
 droid.launcher3-2001  [004] ....  8660.855545: do_swap_page: swapin tgid 2001 pid 2001 name "droid.launcher3" vma 7f393da000
 droid.launcher3-2001  [004] ....  8660.855554: do_swap_page: swapin tgid 2001 pid 2001 name "droid.launcher3" vma 7fbe23c000
 droid.launcher3-2001  [004] ....  8660.855566: do_swap_page: swapin tgid 2001 pid 2001 name "droid.launcher3" vma 7fbe1a3000
 droid.launcher3-2001  [004] ....  8660.855571: do_swap_page: swapin tgid 2001 pid 2001 name "droid.launcher3" vma 7f3194f000
 droid.launcher3-2001  [004] ....  8660.855581: do_swap_page: swapin tgid 2001 pid 2001 name "droid.launcher3" vma 13d27000
 droid.launcher3-2001  [004] ....  8660.855594: do_swap_page: swapin tgid 2001 pid 2001 name "droid.launcher3" vma 7fbe285000
 droid.launcher3-2001  [004] ....  8660.855603: do_swap_page: swapin tgid 2001 pid 2001 name "droid.launcher3" vma 7f393db000
 droid.launcher3-2001  [004] ....  8660.855606: do_swap_page: swapin tgid 2001 pid 2001 name "droid.launcher3" vma 7fbe1f8000
 droid.launcher3-2001  [004] ....  8660.855610: do_swap_page: swapin tgid 2001 pid 2001 name "droid.launcher3" vma 7fffffa000
 droid.launcher3-2001  [004] ....  8660.855616: do_swap_page: swapin tgid 2001 pid 2001 name "droid.launcher3" vma 7fbe24e000
 droid.launcher3-2001  [004] ....  8660.855626: do_swap_page: swapin tgid 2001 pid 2001 name "droid.launcher3" vma 7fbddf8000
 droid.launcher3-2001  [004] ....  8660.855637: do_swap_page: swapin tgid 2001 pid 2001 name "droid.launcher3" vma 7fbe286000
 droid.launcher3-2001  [004] ....  8660.855648: do_swap_page: swapin tgid 2001 pid 2001 name "droid.launcher3" vma 1314d000
 droid.launcher3-2001  [004] ....  8660.855655: do_swap_page: swapin tgid 2001 pid 2001 name "droid.launcher3" vma 7f350d9000
 droid.launcher3-2001  [004] ....  8660.855672: do_swap_page: swapin tgid 2001 pid 2001 name "droid.launcher3" vma 7ec96c7000
 droid.launcher3-2001  [004] ....  8660.855681: do_swap_page: swapin tgid 2001 pid 2001 name "droid.launcher3" vma 13d38000
 droid.launcher3-2001  [004] ....  8660.855690: do_swap_page: swapin tgid 2001 pid 2001 name "droid.launcher3" vma 1314a000
 droid.launcher3-2001  [004] ....  8660.855699: do_swap_page: swapin tgid 2001 pid 2001 name "droid.launcher3" vma 13307000
 droid.launcher3-2001  [004] ....  8660.855715: do_swap_page: swapin tgid 2001 pid 2001 name "droid.launcher3" vma 7f34f63000
 droid.launcher3-2001  [004] ....  8660.855718: do_swap_page: swapin tgid 2001 pid 2001 name "droid.launcher3" vma 13308000
 droid.launcher3-2001  [004] ....  8660.855729: do_swap_page: swapin tgid 2001 pid 2001 name "droid.launcher3" vma 7f34f66000
 droid.launcher3-2001  [004] ....  8660.855736: do_swap_page: swapin tgid 2001 pid 2001 name "droid.launcher3" vma 13d04000
 droid.launcher3-2001  [004] ....  8660.855738: do_swap_page: swapin tgid 2001 pid 2001 name "droid.launcher3" vma 13d23000
 droid.launcher3-2001  [004] ....  8660.855748: do_swap_page: swapin tgid 2001 pid 2001 name "droid.launcher3" vma 13d28000
 droid.launcher3-2001  [004] ....  8660.855758: do_swap_page: swapin tgid 2001 pid 2001 name "droid.launcher3" vma 13d39000
 droid.launcher3-2001  [004] ....  8660.855765: do_swap_page: swapin tgid 2001 pid 2001 name "droid.launcher3" vma 9e4a8000
 android.display-1355  [004] ....  8660.855912: do_swap_page: swapin tgid 1330 pid 1355 name "android.display" vma 9e719000
           <...>-1330  [004] ....  8660.856002: do_swap_page: swapin tgid 1330 pid 1330 name "system_server" vma 9e7d5000
           <...>-1330  [004] ....  8660.856017: do_swap_page: swapin tgid 1330 pid 1330 name "system_server" vma 9e6e2000
 droid.launcher3-2001  [004] ....  8660.856177: do_swap_page: swapin tgid 2001 pid 2001 name "droid.launcher3" vma 9e4a8000
 droid.launcher3-2001  [004] ....  8660.856201: do_swap_page: swapin tgid 2001 pid 2001 name "droid.launcher3" vma 13d32000
 droid.launcher3-2001  [004] ....  8660.856220: do_swap_page: swapin tgid 2001 pid 2001 name "droid.launcher3" vma 7fbe170000
 droid.launcher3-2001  [004] ....  8660.856224: do_swap_page: swapin tgid 2001 pid 2001 name "droid.launcher3" vma 7fbe249000
 droid.launcher3-2001  [004] ....  8660.856230: do_swap_page: swapin tgid 2001 pid 2001 name "droid.launcher3" vma 7f289fb000
 android.display-1355  [004] ....  8660.856440: do_swap_page: swapin tgid 1330 pid 1355 name "android.display" vma 9e71c000
           <...>-1330  [004] ....  8660.856507: do_swap_page: swapin tgid 1330 pid 1330 name "system_server" vma 9e6e2000
           <...>-1330  [004] ....  8660.856523: do_swap_page: swapin tgid 1330 pid 1330 name "system_server" vma 9e6b2000
 droid.launcher3-2001  [004] ....  8660.856655: do_swap_page: swapin tgid 2001 pid 2001 name "droid.launcher3" vma 7f289fb000
 droid.launcher3-2001  [004] ....  8660.856698: do_swap_page: swapin tgid 2001 pid 2001 name "droid.launcher3" vma 9e4a7000
    Binder:602_3-732   [004] ....  8660.856884: do_swap_page: swapin tgid 602 pid 732 name "Binder:602_3" vma 7fbe175000
    Binder:602_3-732   [004] ....  8660.856959: do_swap_page: swapin tgid 602 pid 732 name "Binder:602_3" vma 7faa6e6000
    Binder:602_3-732   [004] ....  8660.856981: do_swap_page: swapin tgid 602 pid 732 name "Binder:602_3" vma 7fb7596000
           <...>-660   [004] ....  8660.857201: do_swap_page: swapin tgid 602 pid 660 name "surfaceflinger" vma 7fb3f9f000
           <...>-660   [004] ....  8660.857214: do_swap_page: swapin tgid 602 pid 660 name "surfaceflinger" vma 7fb3f9e000
           <...>-2389  [004] ....  8660.860092: do_swap_page: swapin tgid 813 pid 2389 name "NodeLooperThrea" vma 7fbd26b000
           <...>-2389  [004] ....  8660.860106: do_swap_page: swapin tgid 813 pid 2389 name "NodeLooperThrea" vma 7fbd26c000
           <...>-2389  [004] ....  8660.860114: do_swap_page: swapin tgid 813 pid 2389 name "NodeLooperThrea" vma 7fbd240000
           <...>-2389  [004] ....  8660.860122: do_swap_page: swapin tgid 813 pid 2389 name "NodeLooperThrea" vma 7fbdd95000
           <...>-2389  [004] ....  8660.860141: do_swap_page: swapin tgid 813 pid 2389 name "NodeLooperThrea" vma 7fbd20a000
           <...>-2389  [004] ....  8660.860148: do_swap_page: swapin tgid 813 pid 2389 name "NodeLooperThrea" vma 7fbd20e000
           <...>-2389  [004] ....  8660.860152: do_swap_page: swapin tgid 813 pid 2389 name "NodeLooperThrea" vma 7fbdd94000
           <...>-660   [004] ....  8660.860402: do_swap_page: swapin tgid 602 pid 660 name "surfaceflinger" vma 7faa887000
           <...>-660   [004] ....  8660.860416: do_swap_page: swapin tgid 602 pid 660 name "surfaceflinger" vma 7faa888000
           <...>-660   [004] ....  8660.860434: do_swap_page: swapin tgid 602 pid 660 name "surfaceflinger" vma 7fba697000
 droid.launcher3-2001  [004] ....  8660.860502: do_swap_page: swapin tgid 2001 pid 2001 name "droid.launcher3" vma 9e4a7000
 droid.launcher3-2001  [004] ....  8660.860521: do_swap_page: swapin tgid 2001 pid 2001 name "droid.launcher3" vma 9e5a4000
 android.display-1355  [004] ....  8660.860648: do_swap_page: swapin tgid 1330 pid 1355 name "android.display" vma 9e71c000
 android.display-1355  [004] ....  8660.860665: do_swap_page: swapin tgid 1330 pid 1355 name "android.display" vma 9e548000
           <...>-2389  [004] ....  8660.860862: do_swap_page: swapin tgid 813 pid 2389 name "NodeLooperThrea" vma 7fbdd94000
           <...>-2389  [004] ....  8660.860925: do_swap_page: swapin tgid 813 pid 2389 name "NodeLooperThrea" vma 7fbb7fa000
           <...>-2389  [004] ....  8660.860945: do_swap_page: swapin tgid 813 pid 2389 name "NodeLooperThrea" vma 7fbd212000
           <...>-2389  [004] ....  8660.860958: do_swap_page: swapin tgid 813 pid 2389 name "NodeLooperThrea" vma 7fbe1ea000
           <...>-2389  [004] ....  8660.861181: do_swap_page: swapin tgid 813 pid 2389 name "NodeLooperThrea" vma 7fbe1ea000
           <...>-2389  [004] ....  8660.861217: do_swap_page: swapin tgid 813 pid 2389 name "NodeLooperThrea" vma 7fbf5e3000
 droid.launcher3-2001  [004] ....  8660.861283: do_swap_page: swapin tgid 2001 pid 2001 name "droid.launcher3" vma 9e5a4000
 droid.launcher3-2001  [004] ....  8660.861299: do_swap_page: swapin tgid 2001 pid 2001 name "droid.launcher3" vma 9e5b5000
           <...>-2389  [004] ....  8660.861429: do_swap_page: swapin tgid 813 pid 2389 name "NodeLooperThrea" vma 7fbf5e3000
           <...>-2389  [004] ....  8660.861460: do_swap_page: swapin tgid 813 pid 2389 name "NodeLooperThrea" vma 7fbdf66000
     logd.writer-565   [004] ....  8660.861936: do_swap_page: swapin tgid 555 pid 565 name "logd.writer" vma 7fbbea3000
 droid.launcher3-2001  [004] ....  8660.862054: do_swap_page: swapin tgid 2001 pid 2001 name "droid.launcher3" vma 9e5b5000
 droid.launcher3-2001  [004] ....  8660.862074: do_swap_page: swapin tgid 2001 pid 2001 name "droid.launcher3" vma 9e5af000
           <...>-1330  [004] ....  8660.862502: do_swap_page: swapin tgid 1330 pid 1330 name "system_server" vma 9e6b2000
 droid.launcher3-2001  [004] ....  8660.862615: do_swap_page: swapin tgid 2001 pid 2001 name "droid.launcher3" vma 9e5af000
 droid.launcher3-2001  [004] ....  8660.862688: do_swap_page: swapin tgid 2001 pid 2001 name "droid.launcher3" vma 13141000
 droid.launcher3-2001  [004] ....  8660.862695: do_swap_page: swapin tgid 2001 pid 2001 name "droid.launcher3" vma 13d3d000
 droid.launcher3-2001  [004] ....  8660.862704: do_swap_page: swapin tgid 2001 pid 2001 name "droid.launcher3" vma 7ecec52000
 droid.launcher3-2001  [004] ....  8660.862709: do_swap_page: swapin tgid 2001 pid 2001 name "droid.launcher3" vma 7f28b5d000
 droid.launcher3-2001  [004] ....  8660.862725: do_swap_page: swapin tgid 2001 pid 2001 name "droid.launcher3" vma 13d3c000
 droid.launcher3-2001  [004] ....  8660.862726: do_swap_page: swapin tgid 2001 pid 2001 name "droid.launcher3" vma 7ecec53000
 droid.launcher3-2001  [004] ....  8660.862732: do_swap_page: swapin tgid 2001 pid 2001 name "droid.launcher3" vma 9e470000
 android.display-1355  [004] ....  8660.862869: do_swap_page: swapin tgid 1330 pid 1355 name "android.display" vma 7f2d654000
 android.display-1355  [004] ....  8660.862986: do_swap_page: swapin tgid 1330 pid 1355 name "android.display" vma 7f28b1d000
 android.display-1355  [004] ....  8660.862993: do_swap_page: swapin tgid 1330 pid 1355 name "android.display" vma 7f28b1e000
 android.display-1355  [004] ....  8660.862998: do_swap_page: swapin tgid 1330 pid 1355 name "android.display" vma 7e5dede000
 droid.launcher3-2001  [004] ....  8660.863073: do_swap_page: swapin tgid 2001 pid 2001 name "droid.launcher3" vma 9e470000
 droid.launcher3-2001  [004] ....  8660.863094: do_swap_page: swapin tgid 2001 pid 2001 name "droid.launcher3" vma 7fbe264000
 droid.launcher3-2001  [004] ....  8660.863098: do_swap_page: swapin tgid 2001 pid 2001 name "droid.launcher3" vma 9e471000
 ndroid.systemui-1670  [004] ....  8660.863293: do_swap_page: swapin tgid 1670 pid 1670 name "ndroid.systemui" vma 7ea98ae000
 ndroid.systemui-1670  [004] ....  8660.863311: do_swap_page: swapin tgid 1670 pid 1670 name "ndroid.systemui" vma 7f28e0f000
 ndroid.systemui-1670  [004] ....  8660.863332: do_swap_page: swapin tgid 1670 pid 1670 name "ndroid.systemui" vma 13e7b000
 ndroid.systemui-1670  [004] ....  8660.863431: do_swap_page: swapin tgid 1670 pid 1670 name "ndroid.systemui" vma 13e7c000
 ndroid.systemui-1670  [004] ....  8660.863451: do_swap_page: swapin tgid 1670 pid 1670 name "ndroid.systemui" vma 13e7a000
 ndroid.systemui-1670  [004] ....  8660.863459: do_swap_page: swapin tgid 1670 pid 1670 name "ndroid.systemui" vma 132cc000
 ndroid.systemui-1670  [004] ....  8660.863492: do_swap_page: swapin tgid 1670 pid 1670 name "ndroid.systemui" vma 9e487000
 ndroid.systemui-1670  [004] ....  8660.863499: do_swap_page: swapin tgid 1670 pid 1670 name "ndroid.systemui" vma 9e6bf000
 droid.launcher3-2001  [004] ....  8660.863607: do_swap_page: swapin tgid 2001 pid 2001 name "droid.launcher3" vma 9e471000
 droid.launcher3-2001  [004] ....  8660.863643: do_swap_page: swapin tgid 2001 pid 2001 name "droid.launcher3" vma 9e489000
           <...>-1353  [004] .n..  8660.863828: do_swap_page: swapin tgid 1330 pid 1353 name "android.ui" vma 9e612000
           <...>-1353  [004] ....  8660.863905: do_swap_page: swapin tgid 1330 pid 1353 name "android.ui" vma 9e4e3000
           <...>-1353  [004] ....  8660.863911: do_swap_page: swapin tgid 1330 pid 1353 name "android.ui" vma 9e611000
 droid.launcher3-2001  [004] ....  8660.863985: do_swap_page: swapin tgid 2001 pid 2001 name "droid.launcher3" vma 9e489000
 droid.launcher3-2001  [004] ....  8660.864001: do_swap_page: swapin tgid 2001 pid 2001 name "droid.launcher3" vma 9e472000
 droid.launcher3-2001  [004] ....  8660.864294: do_swap_page: swapin tgid 2001 pid 2001 name "droid.launcher3" vma 9e472000
 droid.launcher3-2001  [004] ....  8660.864322: do_swap_page: swapin tgid 2001 pid 2001 name "droid.launcher3" vma 13147000
 droid.launcher3-2001  [004] ....  8660.864329: do_swap_page: swapin tgid 2001 pid 2001 name "droid.launcher3" vma 7ecec51000
 droid.launcher3-2001  [004] ....  8660.864334: do_swap_page: swapin tgid 2001 pid 2001 name "droid.launcher3" vma 9e48a000
           <...>-1353  [004] ....  8660.864429: do_swap_page: swapin tgid 1330 pid 1353 name "android.ui" vma 9e611000
           <...>-1353  [004] ....  8660.864449: do_swap_page: swapin tgid 1330 pid 1353 name "android.ui" vma 1446e000
           <...>-1353  [004] ....  8660.864454: do_swap_page: swapin tgid 1330 pid 1353 name "android.ui" vma 9e785000
 droid.launcher3-2001  [004] ....  8660.864600: do_swap_page: swapin tgid 2001 pid 2001 name "droid.launcher3" vma 9e48a000
 droid.launcher3-2001  [004] ....  8660.864622: do_swap_page: swapin tgid 2001 pid 2001 name "droid.launcher3" vma 9e578000
 droid.launcher3-2001  [004] ....  8660.864635: do_swap_page: swapin tgid 2001 pid 2001 name "droid.launcher3" vma 7f2ddcf000
           <...>-1353  [004] ....  8660.864781: do_swap_page: swapin tgid 1330 pid 1353 name "android.ui" vma 9e785000
           <...>-1353  [004] ....  8660.864799: do_swap_page: swapin tgid 1330 pid 1353 name "android.ui" vma 9e537000
           <...>-1353  [004] ....  8660.864806: do_swap_page: swapin tgid 1330 pid 1353 name "android.ui" vma 9e7b1000
 droid.launcher3-2001  [004] ....  8660.864971: do_swap_page: swapin tgid 2001 pid 2001 name "droid.launcher3" vma 7f2ddcf000
 droid.launcher3-2001  [004] ....  8660.865041: do_swap_page: swapin tgid 2001 pid 2001 name "droid.launcher3" vma 9e582000
 droid.launcher3-2001  [004] ....  8660.865061: do_swap_page: swapin tgid 2001 pid 2001 name "droid.launcher3" vma 9e48b000
 droid.launcher3-2001  [004] ....  8660.865339: do_swap_page: swapin tgid 2001 pid 2001 name "droid.launcher3" vma 9e48b000
 droid.launcher3-2001  [004] ....  8660.865348: do_swap_page: swapin tgid 2001 pid 2001 name "droid.launcher3" vma 7f2ddd0000
           <...>-1353  [004] ....  8660.865384: do_swap_page: swapin tgid 1330 pid 1353 name "android.ui" vma 9e7b1000
           <...>-1353  [004] ....  8660.865388: do_swap_page: swapin tgid 1330 pid 1353 name "android.ui" vma 9e67a000
 ndroid.systemui-1670  [004] ....  8660.865413: do_swap_page: swapin tgid 1670 pid 1670 name "ndroid.systemui" vma 9e6bf000
 ndroid.systemui-1670  [004] ....  8660.865420: do_swap_page: swapin tgid 1670 pid 1670 name "ndroid.systemui" vma 9e6a0000
 droid.launcher3-2001  [004] ....  8660.865482: do_swap_page: swapin tgid 2001 pid 2001 name "droid.launcher3" vma 7f2ddd0000
 droid.launcher3-2001  [004] ....  8660.865488: do_swap_page: swapin tgid 2001 pid 2001 name "droid.launcher3" vma 9e4c8000
  HwBinder:604_2-629   [004] ....  8660.865708: do_swap_page: swapin tgid 604 pid 629 name "HwBinder:604_2" vma 7fbd049000
  HwBinder:604_2-629   [004] ....  8660.865719: do_swap_page: swapin tgid 604 pid 629 name "HwBinder:604_2" vma 7fbd022000
  HwBinder:604_2-629   [004] ....  8660.865724: do_swap_page: swapin tgid 604 pid 629 name "HwBinder:604_2" vma 7fbd078000
  HwBinder:604_2-629   [004] ....  8660.865734: do_swap_page: swapin tgid 604 pid 629 name "HwBinder:604_2" vma 7fbd033000
  HwBinder:604_2-629   [004] ....  8660.865743: do_swap_page: swapin tgid 604 pid 629 name "HwBinder:604_2" vma 7fbd032000
 droid.launcher3-2001  [004] ....  8660.865795: do_swap_page: swapin tgid 2001 pid 2001 name "droid.launcher3" vma 9e4c8000
 droid.launcher3-2001  [004] ....  8660.865801: do_swap_page: swapin tgid 2001 pid 2001 name "droid.launcher3" vma 9e4a3000
           <...>-1353  [004] ....  8660.865825: do_swap_page: swapin tgid 1330 pid 1353 name "android.ui" vma 9e67a000
           <...>-1353  [004] ....  8660.865832: do_swap_page: swapin tgid 1330 pid 1353 name "android.ui" vma 9e4a0000
           <...>-1353  [004] ....  8660.865845: do_swap_page: swapin tgid 1330 pid 1353 name "android.ui" vma 7e5e038000
           <...>-1353  [004] ....  8660.865849: do_swap_page: swapin tgid 1330 pid 1353 name "android.ui" vma 7eb42ec000
           <...>-1353  [004] ....  8660.865870: do_swap_page: swapin tgid 1330 pid 1353 name "android.ui" vma 7e5dedc000
           <...>-1353  [004] ....  8660.865874: do_swap_page: swapin tgid 1330 pid 1353 name "android.ui" vma 7eb431f000
           <...>-1353  [004] ....  8660.865894: do_swap_page: swapin tgid 1330 pid 1353 name "android.ui" vma 9e7b6000
 droid.launcher3-2001  [004] ....  8660.865924: do_swap_page: swapin tgid 2001 pid 2001 name "droid.launcher3" vma 9e4a3000
 droid.launcher3-2001  [004] ....  8660.865929: do_swap_page: swapin tgid 2001 pid 2001 name "droid.launcher3" vma 9e459000
  HwBinder:604_2-629   [004] ....  8660.865988: do_swap_page: swapin tgid 604 pid 629 name "HwBinder:604_2" vma 7fbd032000
  HwBinder:604_2-629   [004] ....  8660.865996: do_swap_page: swapin tgid 604 pid 629 name "HwBinder:604_2" vma 7fbd096000
 ndroid.systemui-1670  [004] ....  8660.866022: do_swap_page: swapin tgid 1670 pid 1670 name "ndroid.systemui" vma 9e6a0000
 droid.launcher3-2001  [004] ....  8660.866065: do_swap_page: swapin tgid 2001 pid 2001 name "droid.launcher3" vma 9e459000
 droid.launcher3-2001  [004] ....  8660.866070: do_swap_page: swapin tgid 2001 pid 2001 name "droid.launcher3" vma 9e615000
 droid.launcher3-2001  [004] ....  8660.866077: do_swap_page: swapin tgid 2001 pid 2001 name "droid.launcher3" vma 9e587000
 ndroid.systemui-1670  [004] ....  8660.866141: do_swap_page: swapin tgid 1670 pid 1670 name "ndroid.systemui" vma 7eb341d000
  HwBinder:604_2-629   [004] ....  8660.866159: do_swap_page: swapin tgid 604 pid 629 name "HwBinder:604_2" vma 7fbd096000
  HwBinder:604_2-629   [004] ....  8660.866174: do_swap_page: swapin tgid 604 pid 629 name "HwBinder:604_2" vma 7fbd093000
  HwBinder:604_2-629   [004] ....  8660.866177: do_swap_page: swapin tgid 604 pid 629 name "HwBinder:604_2" vma 7fbd00e000
  HwBinder:604_2-629   [004] ....  8660.866183: do_swap_page: swapin tgid 604 pid 629 name "HwBinder:604_2" vma 7fb6079000
           <...>-1353  [004] ....  8660.866233: do_swap_page: swapin tgid 1330 pid 1353 name "android.ui" vma 9e7b6000
           <...>-1353  [004] ....  8660.866240: do_swap_page: swapin tgid 1330 pid 1353 name "android.ui" vma 9e4f1000
           <...>-1353  [004] ....  8660.866242: do_swap_page: swapin tgid 1330 pid 1353 name "android.ui" vma 9e620000
 droid.launcher3-2001  [004] ....  8660.866266: do_swap_page: swapin tgid 2001 pid 2001 name "droid.launcher3" vma 9e587000
 droid.launcher3-2001  [004] ....  8660.866273: do_swap_page: swapin tgid 2001 pid 2001 name "droid.launcher3" vma 9e497000
 ndroid.systemui-1670  [004] ....  8660.866338: do_swap_page: swapin tgid 1670 pid 1670 name "ndroid.systemui" vma 9e6d3000
  HwBinder:604_2-629   [004] ....  8660.866434: do_swap_page: swapin tgid 604 pid 629 name "HwBinder:604_2" vma 7fb6079000
  HwBinder:604_2-629   [004] ....  8660.866440: do_swap_page: swapin tgid 604 pid 629 name "HwBinder:604_2" vma 7fbd072000
  HwBinder:604_2-629   [004] ....  8660.866442: do_swap_page: swapin tgid 604 pid 629 name "HwBinder:604_2" vma 7fbd073000
  HwBinder:604_2-629   [004] ....  8660.866499: do_swap_page: swapin tgid 604 pid 629 name "HwBinder:604_2" vma 7fbdc29000
  HwBinder:604_2-629   [004] ....  8660.866737: do_swap_page: swapin tgid 604 pid 629 name "HwBinder:604_2" vma 7fb7262000
  HwBinder:604_2-629   [004] ....  8660.866744: do_swap_page: swapin tgid 604 pid 629 name "HwBinder:604_2" vma 7fb7263000
  HwBinder:604_2-629   [004] ....  8660.866746: do_swap_page: swapin tgid 604 pid 629 name "HwBinder:604_2" vma 7fb7264000
  HwBinder:604_2-629   [004] ....  8660.866748: do_swap_page: swapin tgid 604 pid 629 name "HwBinder:604_2" vma 7fb7265000
  HwBinder:604_2-629   [004] ....  8660.866750: do_swap_page: swapin tgid 604 pid 629 name "HwBinder:604_2" vma 7fb7266000
  HwBinder:604_2-629   [004] ....  8660.866752: do_swap_page: swapin tgid 604 pid 629 name "HwBinder:604_2" vma 7fb7267000
  HwBinder:604_2-629   [004] ....  8660.866757: do_swap_page: swapin tgid 604 pid 629 name "HwBinder:604_2" vma 7fb7268000
  HwBinder:604_2-629   [004] ....  8660.866759: do_swap_page: swapin tgid 604 pid 629 name "HwBinder:604_2" vma 7fb7269000
  HwBinder:604_2-629   [004] ....  8660.866761: do_swap_page: swapin tgid 604 pid 629 name "HwBinder:604_2" vma 7fb726a000
  HwBinder:604_2-629   [004] ....  8660.866763: do_swap_page: swapin tgid 604 pid 629 name "HwBinder:604_2" vma 7fb726b000
  HwBinder:604_2-629   [004] ....  8660.866765: do_swap_page: swapin tgid 604 pid 629 name "HwBinder:604_2" vma 7fb726c000
  HwBinder:604_2-629   [004] ....  8660.866767: do_swap_page: swapin tgid 604 pid 629 name "HwBinder:604_2" vma 7fb726d000
  HwBinder:604_2-629   [004] ....  8660.866768: do_swap_page: swapin tgid 604 pid 629 name "HwBinder:604_2" vma 7fb726e000
  HwBinder:604_2-629   [004] ....  8660.866770: do_swap_page: swapin tgid 604 pid 629 name "HwBinder:604_2" vma 7fb726f000
  HwBinder:604_2-629   [004] ....  8660.866772: do_swap_page: swapin tgid 604 pid 629 name "HwBinder:604_2" vma 7fb7270000
  HwBinder:604_2-629   [004] ....  8660.866774: do_swap_page: swapin tgid 604 pid 629 name "HwBinder:604_2" vma 7fb7271000
  HwBinder:604_2-629   [004] ....  8660.866776: do_swap_page: swapin tgid 604 pid 629 name "HwBinder:604_2" vma 7fb7272000
  HwBinder:604_2-629   [004] ....  8660.866777: do_swap_page: swapin tgid 604 pid 629 name "HwBinder:604_2" vma 7fb7273000
  HwBinder:604_2-629   [004] ....  8660.866779: do_swap_page: swapin tgid 604 pid 629 name "HwBinder:604_2" vma 7fb7274000
  HwBinder:604_2-629   [004] ....  8660.866781: do_swap_page: swapin tgid 604 pid 629 name "HwBinder:604_2" vma 7fb7275000
  HwBinder:604_2-629   [004] ....  8660.866784: do_swap_page: swapin tgid 604 pid 629 name "HwBinder:604_2" vma 7fb7276000
  HwBinder:604_2-629   [004] ....  8660.866786: do_swap_page: swapin tgid 604 pid 629 name "HwBinder:604_2" vma 7fb7277000
  HwBinder:604_2-629   [004] ....  8660.866788: do_swap_page: swapin tgid 604 pid 629 name "HwBinder:604_2" vma 7fb7278000
  HwBinder:604_2-629   [004] ....  8660.866790: do_swap_page: swapin tgid 604 pid 629 name "HwBinder:604_2" vma 7fb7279000
  HwBinder:604_2-629   [004] ....  8660.866792: do_swap_page: swapin tgid 604 pid 629 name "HwBinder:604_2" vma 7fb727a000
  HwBinder:604_2-629   [004] ....  8660.866794: do_swap_page: swapin tgid 604 pid 629 name "HwBinder:604_2" vma 7fb727b000
  HwBinder:604_2-629   [004] ....  8660.866796: do_swap_page: swapin tgid 604 pid 629 name "HwBinder:604_2" vma 7fb727c000
  HwBinder:604_2-629   [004] ....  8660.866797: do_swap_page: swapin tgid 604 pid 629 name "HwBinder:604_2" vma 7fb727d000
  HwBinder:604_2-629   [004] ....  8660.866799: do_swap_page: swapin tgid 604 pid 629 name "HwBinder:604_2" vma 7fb727e000
  HwBinder:604_2-629   [004] ....  8660.866814: do_swap_page: swapin tgid 604 pid 629 name "HwBinder:604_2" vma 7fbd0d1000
  HwBinder:604_2-629   [004] ....  8660.866817: do_swap_page: swapin tgid 604 pid 629 name "HwBinder:604_2" vma 7fbd0d3000
  HwBinder:604_2-629   [004] ....  8660.866820: do_swap_page: swapin tgid 604 pid 629 name "HwBinder:604_2" vma 7fbd0d5000
  HwBinder:604_2-629   [004] ....  8660.866828: do_swap_page: swapin tgid 604 pid 629 name "HwBinder:604_2" vma 7fbd0dc000
  HwBinder:604_2-629   [004] ....  8660.866830: do_swap_page: swapin tgid 604 pid 629 name "HwBinder:604_2" vma 7fbd0dd000
  HwBinder:604_2-629   [004] ....  8660.866833: do_swap_page: swapin tgid 604 pid 629 name "HwBinder:604_2" vma 7fbd0de000
  HwBinder:604_2-629   [004] ....  8660.866835: do_swap_page: swapin tgid 604 pid 629 name "HwBinder:604_2" vma 7fbd0df000
  HwBinder:604_2-629   [004] ....  8660.866837: do_swap_page: swapin tgid 604 pid 629 name "HwBinder:604_2" vma 7fbd0e0000
  HwBinder:604_2-629   [004] ....  8660.866847: do_swap_page: swapin tgid 604 pid 629 name "HwBinder:604_2" vma 7fbd0e1000
  HwBinder:604_2-629   [004] ....  8660.866849: do_swap_page: swapin tgid 604 pid 629 name "HwBinder:604_2" vma 7fbd0e2000
  HwBinder:604_2-629   [004] ....  8660.866851: do_swap_page: swapin tgid 604 pid 629 name "HwBinder:604_2" vma 7fbd0e3000
  HwBinder:604_2-629   [004] ....  8660.866852: do_swap_page: swapin tgid 604 pid 629 name "HwBinder:604_2" vma 7fbd0e4000
  HwBinder:604_2-629   [004] ....  8660.866854: do_swap_page: swapin tgid 604 pid 629 name "HwBinder:604_2" vma 7fbd0e5000
  HwBinder:604_2-629   [004] ....  8660.866856: do_swap_page: swapin tgid 604 pid 629 name "HwBinder:604_2" vma 7fbd0e6000
  HwBinder:604_2-629   [004] ....  8660.866858: do_swap_page: swapin tgid 604 pid 629 name "HwBinder:604_2" vma 7fbd0e7000
  HwBinder:604_2-629   [004] ....  8660.866860: do_swap_page: swapin tgid 604 pid 629 name "HwBinder:604_2" vma 7fbd0e8000
  HwBinder:604_2-629   [004] ....  8660.866861: do_swap_page: swapin tgid 604 pid 629 name "HwBinder:604_2" vma 7fbd0e9000
  HwBinder:604_2-629   [004] ....  8660.866863: do_swap_page: swapin tgid 604 pid 629 name "HwBinder:604_2" vma 7fbd0ea000
  HwBinder:604_2-629   [004] ....  8660.866865: do_swap_page: swapin tgid 604 pid 629 name "HwBinder:604_2" vma 7fbd0eb000
  HwBinder:604_2-629   [004] ....  8660.866868: do_swap_page: swapin tgid 604 pid 629 name "HwBinder:604_2" vma 7fbd0ec000
  HwBinder:604_2-629   [004] ....  8660.866870: do_swap_page: swapin tgid 604 pid 629 name "HwBinder:604_2" vma 7fbd0ed000
  HwBinder:604_2-629   [004] ....  8660.866884: do_swap_page: swapin tgid 604 pid 629 name "HwBinder:604_2" vma 7fbf5e4000
 droid.launcher3-2001  [004] ....  8660.866928: do_swap_page: swapin tgid 2001 pid 2001 name "droid.launcher3" vma 9e497000
 droid.launcher3-2001  [004] ....  8660.866933: do_swap_page: swapin tgid 2001 pid 2001 name "droid.launcher3" vma 9e57c000
           <...>-1353  [004] ....  8660.866958: do_swap_page: swapin tgid 1330 pid 1353 name "android.ui" vma 9e620000
           <...>-1353  [004] ....  8660.866964: do_swap_page: swapin tgid 1330 pid 1353 name "android.ui" vma 9e488000
 ndroid.systemui-1670  [004] ....  8660.867022: do_swap_page: swapin tgid 1670 pid 1670 name "ndroid.systemui" vma 9e6d3000
 ndroid.systemui-1670  [004] ....  8660.867031: do_swap_page: swapin tgid 1670 pid 1670 name "ndroid.systemui" vma 9e697000
     logd.writer-565   [004] ....  8660.867057: do_swap_page: swapin tgid 555 pid 565 name "logd.writer" vma 7fbbea3000
     logd.writer-565   [004] ....  8660.867064: do_swap_page: swapin tgid 555 pid 565 name "logd.writer" vma 7fbbe62000
     logd.writer-565   [004] ....  8660.867068: do_swap_page: swapin tgid 555 pid 565 name "logd.writer" vma 7fb25a0000
     logd.writer-565   [004] ....  8660.867076: do_swap_page: swapin tgid 555 pid 565 name "logd.writer" vma 7fb25c3000
     logd.writer-565   [004] ....  8660.867078: do_swap_page: swapin tgid 555 pid 565 name "logd.writer" vma 7fb25eb000
 droid.launcher3-2001  [004] ....  8660.867110: do_swap_page: swapin tgid 2001 pid 2001 name "droid.launcher3" vma 9e57c000
 droid.launcher3-2001  [004] ....  8660.867116: do_swap_page: swapin tgid 2001 pid 2001 name "droid.launcher3" vma 9e5a3000
  HwBinder:604_2-629   [004] ....  8660.867150: do_swap_page: swapin tgid 604 pid 629 name "HwBinder:604_2" vma 7fbf5e4000
  HwBinder:604_2-629   [004] ....  8660.867179: do_swap_page: swapin tgid 604 pid 629 name "HwBinder:604_2" vma 7fb7261000
  HwBinder:604_2-629   [004] ....  8660.867184: do_swap_page: swapin tgid 604 pid 629 name "HwBinder:604_2" vma 7fb7260000
  HwBinder:604_2-629   [004] ....  8660.867190: do_swap_page: swapin tgid 604 pid 629 name "HwBinder:604_2" vma 7fb4510000
  HwBinder:604_2-629   [004] ....  8660.867192: do_swap_page: swapin tgid 604 pid 629 name "HwBinder:604_2" vma 7fb4511000
  HwBinder:604_2-629   [004] .n..  8660.867274: do_swap_page: swapin tgid 604 pid 629 name "HwBinder:604_2" vma 7fb45c8000
  HwBinder:604_2-629   [004] ....  8660.867284: do_swap_page: swapin tgid 604 pid 629 name "HwBinder:604_2" vma 7fb45c9000
  HwBinder:604_2-629   [004] ....  8660.867293: do_swap_page: swapin tgid 604 pid 629 name "HwBinder:604_2" vma 7fb4594000
  HwBinder:604_2-629   [004] ....  8660.867295: do_swap_page: swapin tgid 604 pid 629 name "HwBinder:604_2" vma 7fb4595000
  HwBinder:604_2-629   [004] ....  8660.867296: do_swap_page: swapin tgid 604 pid 629 name "HwBinder:604_2" vma 7fb4593000
  HwBinder:604_2-629   [004] ....  8660.867300: do_swap_page: swapin tgid 604 pid 629 name "HwBinder:604_2" vma 7fb4596000
  HwBinder:604_2-629   [004] ....  8660.867335: do_swap_page: swapin tgid 604 pid 629 name "HwBinder:604_2" vma 7fb5f77000
 ndroid.systemui-1670  [004] ....  8660.867386: do_swap_page: swapin tgid 1670 pid 1670 name "ndroid.systemui" vma 9e697000
 ndroid.systemui-1670  [004] ....  8660.867400: do_swap_page: swapin tgid 1670 pid 1670 name "ndroid.systemui" vma 7fbe1a4000
 ndroid.systemui-1670  [004] ....  8660.867417: do_swap_page: swapin tgid 1670 pid 1670 name "ndroid.systemui" vma 1358a000
 ndroid.systemui-1670  [004] ....  8660.867423: do_swap_page: swapin tgid 1670 pid 1670 name "ndroid.systemui" vma 132df000
 ndroid.systemui-1670  [004] ....  8660.867428: do_swap_page: swapin tgid 1670 pid 1670 name "ndroid.systemui" vma 7ea96bd000
 ndroid.systemui-1670  [004] ....  8660.867432: do_swap_page: swapin tgid 1670 pid 1670 name "ndroid.systemui" vma 7ea9556000
  HwBinder:604_2-629   [004] ....  8660.867460: do_swap_page: swapin tgid 604 pid 629 name "HwBinder:604_2" vma 7fb5f77000
  HwBinder:604_2-629   [004] ....  8660.867501: do_swap_page: swapin tgid 604 pid 629 name "HwBinder:604_2" vma 7fbd021000
 droid.launcher3-2001  [004] ....  8660.867531: do_swap_page: swapin tgid 2001 pid 2001 name "droid.launcher3" vma 9e5a3000
 droid.launcher3-2001  [004] ....  8660.867537: do_swap_page: swapin tgid 2001 pid 2001 name "droid.launcher3" vma 9e584000
