           <...>-2510  [004] ....  5296.500984: do_swap_page: swapin tgid 2001 pid 2510 name "RenderThread" vma 7f2d6b0000
           <...>-2510  [004] ....  5296.500992: do_swap_page: swapin tgid 2001 pid 2510 name "RenderThread" vma 7ec9217000
           <...>-2510  [004] ....  5296.500996: do_swap_page: swapin tgid 2001 pid 2510 name "RenderThread" vma 7ec9259000
           <...>-2510  [004] ....  5296.501007: do_swap_page: swapin tgid 2001 pid 2510 name "RenderThread" vma 7ec930d000
           <...>-2510  [004] ....  5296.501009: do_swap_page: swapin tgid 2001 pid 2510 name "RenderThread" vma 7ec93e1000
           <...>-2510  [004] ....  5296.501012: do_swap_page: swapin tgid 2001 pid 2510 name "RenderThread" vma 7ec93e2000
           <...>-2510  [004] ....  5296.501014: do_swap_page: swapin tgid 2001 pid 2510 name "RenderThread" vma 7ec93fa000
           <...>-2510  [004] ....  5296.501015: do_swap_page: swapin tgid 2001 pid 2510 name "RenderThread" vma 7ec9319000
           <...>-2510  [004] ....  5296.501018: do_swap_page: swapin tgid 2001 pid 2510 name "RenderThread" vma 7ec9358000
           <...>-2510  [004] ....  5296.501024: do_swap_page: swapin tgid 2001 pid 2510 name "RenderThread" vma 7ec93f5000
           <...>-2510  [004] ....  5296.501026: do_swap_page: swapin tgid 2001 pid 2510 name "RenderThread" vma 7ec93cd000
           <...>-2510  [004] ....  5296.501033: do_swap_page: swapin tgid 2001 pid 2510 name "RenderThread" vma 7ec936b000
           <...>-2510  [004] ....  5296.501037: do_swap_page: swapin tgid 2001 pid 2510 name "RenderThread" vma 7ec93ce000
           <...>-2510  [004] ....  5296.501155: do_swap_page: swapin tgid 2001 pid 2510 name "RenderThread" vma 7ec93ce000
           <...>-2510  [004] ....  5296.501172: do_swap_page: swapin tgid 2001 pid 2510 name "RenderThread" vma 7ec9390000
           <...>-2510  [004] ....  5296.501176: do_swap_page: swapin tgid 2001 pid 2510 name "RenderThread" vma 7ec936c000
           <...>-2510  [004] ....  5296.501181: do_swap_page: swapin tgid 2001 pid 2510 name "RenderThread" vma 7ec904a000
           <...>-2510  [004] ....  5296.501194: do_swap_page: swapin tgid 2001 pid 2510 name "RenderThread" vma 7f2d709000
           <...>-24000 [004] ....  5296.501265: do_swap_page: swapin tgid 1330 pid 24000 name "Binder:1330_1C" vma 7e5dead000
           <...>-1475  [004] ....  5296.501352: do_swap_page: swapin tgid 1330 pid 1475 name "InputDispatcher" vma 7e537b9000
           <...>-2510  [004] ....  5296.501367: do_swap_page: swapin tgid 2001 pid 2510 name "RenderThread" vma 7f2d709000
           <...>-2510  [004] ....  5296.501398: do_swap_page: swapin tgid 2001 pid 2510 name "RenderThread" vma 7ec931a000
           <...>-2510  [004] ....  5296.501408: do_swap_page: swapin tgid 2001 pid 2510 name "RenderThread" vma 7ec93ff000
           <...>-2510  [004] ....  5296.501411: do_swap_page: swapin tgid 2001 pid 2510 name "RenderThread" vma 7ec941f000
           <...>-2510  [004] ....  5296.501418: do_swap_page: swapin tgid 2001 pid 2510 name "RenderThread" vma 7ec941c000
           <...>-2510  [004] ....  5296.501420: do_swap_page: swapin tgid 2001 pid 2510 name "RenderThread" vma 7ec93fd000
           <...>-2510  [004] ....  5296.501422: do_swap_page: swapin tgid 2001 pid 2510 name "RenderThread" vma 7f2d6db000
           <...>-2510  [004] ....  5296.501555: do_swap_page: swapin tgid 2001 pid 2510 name "RenderThread" vma 7f2d6db000
           <...>-2510  [004] ....  5296.501569: do_swap_page: swapin tgid 2001 pid 2510 name "RenderThread" vma 7ec9420000
           <...>-2510  [004] ....  5296.501578: do_swap_page: swapin tgid 2001 pid 2510 name "RenderThread" vma 7ec923e000
           <...>-2510  [004] ....  5296.501589: do_swap_page: swapin tgid 2001 pid 2510 name "RenderThread" vma 7ec93e3000
           <...>-2510  [004] ....  5296.501618: do_swap_page: swapin tgid 2001 pid 2510 name "RenderThread" vma 7ec9391000
           <...>-2510  [004] ....  5296.501649: do_swap_page: swapin tgid 2001 pid 2510 name "RenderThread" vma 7fbd777000
           <...>-2510  [004] ....  5296.501652: do_swap_page: swapin tgid 2001 pid 2510 name "RenderThread" vma 7f2d803000
           <...>-2510  [004] ....  5296.501737: do_swap_page: swapin tgid 2001 pid 2510 name "RenderThread" vma 7ec925f000
           <...>-2510  [004] ....  5296.501749: do_swap_page: swapin tgid 2001 pid 2510 name "RenderThread" vma 7ec9325000
           <...>-2510  [004] ....  5296.501751: do_swap_page: swapin tgid 2001 pid 2510 name "RenderThread" vma 7ec9315000
           <...>-2510  [004] ....  5296.501753: do_swap_page: swapin tgid 2001 pid 2510 name "RenderThread" vma 7ec941d000
           <...>-2510  [004] ....  5296.501806: do_swap_page: swapin tgid 2001 pid 2510 name "RenderThread" vma 7ec930a000
           <...>-2510  [004] ....  5296.501817: do_swap_page: swapin tgid 2001 pid 2510 name "RenderThread" vma 7ec9260000
           <...>-2510  [004] ....  5296.501832: do_swap_page: swapin tgid 2001 pid 2510 name "RenderThread" vma 7f2d6f3000
           <...>-2510  [004] ....  5296.501837: do_swap_page: swapin tgid 2001 pid 2510 name "RenderThread" vma 7ec9036000
           <...>-2510  [004] ....  5296.501841: do_swap_page: swapin tgid 2001 pid 2510 name "RenderThread" vma 7f2d6e3000
           <...>-2510  [004] ....  5296.501846: do_swap_page: swapin tgid 2001 pid 2510 name "RenderThread" vma 7f2d690000
 ScreenDecoratio-2250  [004] ....  5296.501902: do_swap_page: swapin tgid 1670 pid 2250 name "ScreenDecoratio" vma 9e690000
 ScreenDecoratio-2250  [004] ....  5296.501916: do_swap_page: swapin tgid 1670 pid 2250 name "ScreenDecoratio" vma 9e592000
 ScreenDecoratio-2250  [004] ....  5296.501919: do_swap_page: swapin tgid 1670 pid 2250 name "ScreenDecoratio" vma 9e569000
           <...>-2510  [004] ....  5296.502017: do_swap_page: swapin tgid 2001 pid 2510 name "RenderThread" vma 7f2d690000
           <...>-2510  [004] ....  5296.502024: do_swap_page: swapin tgid 2001 pid 2510 name "RenderThread" vma 7ec944a000
           <...>-2510  [004] ....  5296.502118: do_swap_page: swapin tgid 2001 pid 2510 name "RenderThread" vma 7ec9037000
           <...>-2510  [004] ....  5296.502122: do_swap_page: swapin tgid 2001 pid 2510 name "RenderThread" vma 7ec91e1000
           <...>-2510  [004] ....  5296.502764: do_swap_page: swapin tgid 2001 pid 2510 name "RenderThread" vma 7ec91e1000
           <...>-2510  [004] ....  5296.502770: do_swap_page: swapin tgid 2001 pid 2510 name "RenderThread" vma 7ec9451000
           <...>-2510  [004] ....  5296.502774: do_swap_page: swapin tgid 2001 pid 2510 name "RenderThread" vma 7ec93b6000
           <...>-2510  [004] ....  5296.502781: do_swap_page: swapin tgid 2001 pid 2510 name "RenderThread" vma 7ec9376000
           <...>-2510  [004] ....  5296.502784: do_swap_page: swapin tgid 2001 pid 2510 name "RenderThread" vma 7ec91ed000
           <...>-2510  [004] ....  5296.502797: do_swap_page: swapin tgid 2001 pid 2510 name "RenderThread" vma 7fbf5e4000
 ScreenDecoratio-2250  [004] ....  5296.502856: do_swap_page: swapin tgid 1670 pid 2250 name "ScreenDecoratio" vma 9e569000
 ScreenDecoratio-2250  [004] ....  5296.502872: do_swap_page: swapin tgid 1670 pid 2250 name "ScreenDecoratio" vma 9e722000
           <...>-2510  [004] ....  5296.502930: do_swap_page: swapin tgid 2001 pid 2510 name "RenderThread" vma 7fbf5e4000
           <...>-2510  [004] ....  5296.503831: do_swap_page: swapin tgid 2001 pid 2510 name "RenderThread" vma 7fbdab5000
           <...>-2330  [004] ....  5296.503936: do_swap_page: swapin tgid 602 pid 2330 name "Binder:602_5" vma 7faa690000
           <...>-2330  [004] ....  5296.503953: do_swap_page: swapin tgid 602 pid 2330 name "Binder:602_5" vma 7fb7585000
           <...>-2330  [004] ....  5296.503958: do_swap_page: swapin tgid 602 pid 2330 name "Binder:602_5" vma 7faa6e6000
           <...>-2330  [004] ....  5296.503963: do_swap_page: swapin tgid 602 pid 2330 name "Binder:602_5" vma 7fb7596000
           <...>-2330  [004] ....  5296.503970: do_swap_page: swapin tgid 602 pid 2330 name "Binder:602_5" vma 7fbe20b000
           <...>-2330  [004] ....  5296.503988: do_swap_page: swapin tgid 602 pid 2330 name "Binder:602_5" vma 7fb7589000
           <...>-2510  [004] ....  5296.504041: do_swap_page: swapin tgid 2001 pid 2510 name "RenderThread" vma 7fbb8b4000
           <...>-5928  [004] ....  5296.504291: do_swap_page: swapin tgid 2001 pid 5928 name "hwuiTask1" vma 7f29ca2000
           <...>-5928  [004] ....  5296.504452: do_swap_page: swapin tgid 2001 pid 5928 name "hwuiTask1" vma 7f29ca2000
           <...>-5928  [004] ....  5296.504460: do_swap_page: swapin tgid 2001 pid 5928 name "hwuiTask1" vma 7f29ca1000
           <...>-5928  [004] ....  5296.504468: do_swap_page: swapin tgid 2001 pid 5928 name "hwuiTask1" vma 7f2d611000
           <...>-5928  [004] ....  5296.504471: do_swap_page: swapin tgid 2001 pid 5928 name "hwuiTask1" vma 7f2d612000
           <...>-5928  [004] ....  5296.504475: do_swap_page: swapin tgid 2001 pid 5928 name "hwuiTask1" vma 7fbdcd8000
           <...>-5928  [004] ....  5296.504483: do_swap_page: swapin tgid 2001 pid 5928 name "hwuiTask1" vma 7f29c9f000
           <...>-5928  [004] ....  5296.504488: do_swap_page: swapin tgid 2001 pid 5928 name "hwuiTask1" vma 12e81000
           <...>-5928  [004] ....  5296.504495: do_swap_page: swapin tgid 2001 pid 5928 name "hwuiTask1" vma 7f29ca0000
           <...>-5928  [004] ....  5296.504506: do_swap_page: swapin tgid 2001 pid 5928 name "hwuiTask1" vma 7eca314000
           <...>-5928  [004] ....  5296.504510: do_swap_page: swapin tgid 2001 pid 5928 name "hwuiTask1" vma 7eca315000
           <...>-2510  [004] ....  5296.504636: do_swap_page: swapin tgid 2001 pid 2510 name "RenderThread" vma 7eca307000
           <...>-2001  [004] ....  5296.504742: do_swap_page: swapin tgid 2001 pid 2001 name "droid.launcher3" vma 9e4bb000
 ScreenDecoratio-2250  [004] ....  5296.504782: do_swap_page: swapin tgid 1670 pid 2250 name "ScreenDecoratio" vma 9e722000
           <...>-2510  [004] ....  5296.504808: do_swap_page: swapin tgid 2001 pid 2510 name "RenderThread" vma 7eca307000
           <...>-2510  [004] ....  5296.504814: do_swap_page: swapin tgid 2001 pid 2510 name "RenderThread" vma 7f28b90000
 ScreenDecoratio-2250  [004] ....  5296.504841: do_swap_page: swapin tgid 1670 pid 2250 name "ScreenDecoratio" vma 9e65d000
           <...>-2001  [004] ....  5296.504867: do_swap_page: swapin tgid 2001 pid 2001 name "droid.launcher3" vma 9e4bb000
           <...>-2510  [004] ....  5296.504933: do_swap_page: swapin tgid 2001 pid 2510 name "RenderThread" vma 7f28b90000
           <...>-2510  [004] ....  5296.504939: do_swap_page: swapin tgid 2001 pid 2510 name "RenderThread" vma 7eceb9b000
           <...>-2001  [004] ....  5296.504966: do_swap_page: swapin tgid 2001 pid 2001 name "droid.launcher3" vma 12e64000
           <...>-2510  [004] ....  5296.505057: do_swap_page: swapin tgid 2001 pid 2510 name "RenderThread" vma 7eceb9b000
           <...>-2510  [004] ....  5296.505104: do_swap_page: swapin tgid 2001 pid 2510 name "RenderThread" vma 7f289b1000
           <...>-2510  [004] ....  5296.505241: do_swap_page: swapin tgid 2001 pid 2510 name "RenderThread" vma 7f289b1000
           <...>-2510  [004] ....  5296.505363: do_swap_page: swapin tgid 2001 pid 2510 name "RenderThread" vma 7ec926b000
           <...>-2510  [004] ....  5296.506082: do_swap_page: swapin tgid 2001 pid 2510 name "RenderThread" vma 7f3982c000
           <...>-2510  [004] ....  5296.506138: do_swap_page: swapin tgid 2001 pid 2510 name "RenderThread" vma 7ec9374000
           <...>-2510  [004] ....  5296.506215: do_swap_page: swapin tgid 2001 pid 2510 name "RenderThread" vma 7ec9038000
           <...>-2330  [004] ....  5296.508426: do_swap_page: swapin tgid 602 pid 2330 name "Binder:602_5" vma 7fb76eb000
           <...>-2001  [004] ....  5296.508967: do_swap_page: swapin tgid 2001 pid 2001 name "droid.launcher3" vma 7f3983b000
           <...>-2001  [004] ....  5296.508973: do_swap_page: swapin tgid 2001 pid 2001 name "droid.launcher3" vma 7f39838000
           <...>-2510  [004] ....  5296.510030: do_swap_page: swapin tgid 2001 pid 2510 name "RenderThread" vma 7ec942d000
           <...>-628   [004] ....  5296.510755: do_swap_page: swapin tgid 602 pid 628 name "Binder:602_2" vma 7faa65e000
           <...>-24000 [004] ....  5296.510936: do_swap_page: swapin tgid 1330 pid 24000 name "Binder:1330_1C" vma 7e5dec8000
           <...>-1670  [004] ....  5296.511306: do_swap_page: swapin tgid 1670 pid 1670 name "ndroid.systemui" vma 7ea98ae000
           <...>-1670  [004] ....  5296.511371: do_swap_page: swapin tgid 1670 pid 1670 name "ndroid.systemui" vma 13ea9000
           <...>-1670  [004] ....  5296.511377: do_swap_page: swapin tgid 1670 pid 1670 name "ndroid.systemui" vma 13ea8000
 ScreenDecoratio-2250  [004] ....  5296.511419: do_swap_page: swapin tgid 1670 pid 2250 name "ScreenDecoratio" vma 9e65d000
 ScreenDecoratio-2250  [004] ....  5296.511639: do_swap_page: swapin tgid 1670 pid 2250 name "ScreenDecoratio" vma 13e84000
 ScreenDecoratio-2250  [004] ....  5296.511673: do_swap_page: swapin tgid 1670 pid 2250 name "ScreenDecoratio" vma 13e87000
 ScreenDecoratio-2250  [004] ....  5296.511695: do_swap_page: swapin tgid 1670 pid 2250 name "ScreenDecoratio" vma 7eb58d5000
           <...>-1670  [004] ....  5296.511729: do_swap_page: swapin tgid 1670 pid 1670 name "ndroid.systemui" vma 13ea8000
           <...>-1670  [004] ....  5296.511867: do_swap_page: swapin tgid 1670 pid 1670 name "ndroid.systemui" vma 13cff000
           <...>-1670  [004] ....  5296.512207: do_swap_page: swapin tgid 1670 pid 1670 name "ndroid.systemui" vma 9e764000
           <...>-1670  [004] ....  5296.512591: do_swap_page: swapin tgid 1670 pid 1670 name "ndroid.systemui" vma 9e764000
           <...>-1670  [004] ....  5296.512597: do_swap_page: swapin tgid 1670 pid 1670 name "ndroid.systemui" vma 9e6ad000
 ScreenDecoratio-2250  [004] ....  5296.513550: do_swap_page: swapin tgid 1670 pid 2250 name "ScreenDecoratio" vma 725ec000
 ScreenDecoratio-2250  [004] ....  5296.513654: do_swap_page: swapin tgid 1670 pid 2250 name "ScreenDecoratio" vma 13e85000
           <...>-1670  [004] ....  5296.513800: do_swap_page: swapin tgid 1670 pid 1670 name "ndroid.systemui" vma 9e6ad000
           <...>-1670  [004] ....  5296.513809: do_swap_page: swapin tgid 1670 pid 1670 name "ndroid.systemui" vma 9e5bd000
           <...>-1670  [004] ....  5296.513828: do_swap_page: swapin tgid 1670 pid 1670 name "ndroid.systemui" vma 9e705000
           <...>-1670  [004] ....  5296.513965: do_swap_page: swapin tgid 1670 pid 1670 name "ndroid.systemui" vma 9e705000
           <...>-1670  [004] ....  5296.513973: do_swap_page: swapin tgid 1670 pid 1670 name "ndroid.systemui" vma 136e3000
           <...>-1670  [004] ....  5296.514071: do_swap_page: swapin tgid 1670 pid 1670 name "ndroid.systemui" vma 9e54e000
           <...>-1670  [004] ....  5296.514077: do_swap_page: swapin tgid 1670 pid 1670 name "ndroid.systemui" vma 7fbc0db000
           <...>-1670  [004] ....  5296.514252: do_swap_page: swapin tgid 1670 pid 1670 name "ndroid.systemui" vma 7fbc0db000
           <...>-1670  [004] ....  5296.514306: do_swap_page: swapin tgid 1670 pid 1670 name "ndroid.systemui" vma 9e6eb000
           <...>-1353  [004] ....  5296.514399: do_swap_page: swapin tgid 1330 pid 1353 name "android.ui" vma 9e79e000
           <...>-1670  [004] ....  5296.514487: do_swap_page: swapin tgid 1670 pid 1670 name "ndroid.systemui" vma 9e6eb000
           <...>-1670  [004] ....  5296.514497: do_swap_page: swapin tgid 1670 pid 1670 name "ndroid.systemui" vma 13e97000
           <...>-1670  [004] ....  5296.514500: do_swap_page: swapin tgid 1670 pid 1670 name "ndroid.systemui" vma 9e685000
           <...>-1353  [004] ....  5296.514690: do_swap_page: swapin tgid 1330 pid 1353 name "android.ui" vma 9e79e000
           <...>-1670  [004] ....  5296.514862: do_swap_page: swapin tgid 1670 pid 1670 name "ndroid.systemui" vma 9e685000
           <...>-1670  [004] ....  5296.514869: do_swap_page: swapin tgid 1670 pid 1670 name "ndroid.systemui" vma 9e5e6000
           <...>-1670  [004] ....  5296.514872: do_swap_page: swapin tgid 1670 pid 1670 name "ndroid.systemui" vma 9e5fc000
           <...>-1670  [004] ....  5296.514906: do_swap_page: swapin tgid 1670 pid 1670 name "ndroid.systemui" vma 9e5b4000
           <...>-1670  [004] ....  5296.514909: do_swap_page: swapin tgid 1670 pid 1670 name "ndroid.systemui" vma 9e725000
           <...>-1670  [004] ....  5296.515030: do_swap_page: swapin tgid 1670 pid 1670 name "ndroid.systemui" vma 9e725000
           <...>-1670  [004] ....  5296.515034: do_swap_page: swapin tgid 1670 pid 1670 name "ndroid.systemui" vma 9e661000
           <...>-1670  [004] ....  5296.515150: do_swap_page: swapin tgid 1670 pid 1670 name "ndroid.systemui" vma 9e661000
           <...>-1670  [004] ....  5296.515154: do_swap_page: swapin tgid 1670 pid 1670 name "ndroid.systemui" vma 9e570000
           <...>-1670  [004] ....  5296.515261: do_swap_page: swapin tgid 1670 pid 1670 name "ndroid.systemui" vma 9e570000
           <...>-1670  [004] ....  5296.515265: do_swap_page: swapin tgid 1670 pid 1670 name "ndroid.systemui" vma 9e671000
           <...>-1670  [004] ....  5296.515385: do_swap_page: swapin tgid 1670 pid 1670 name "ndroid.systemui" vma 9e671000
           <...>-1670  [004] ....  5296.515387: do_swap_page: swapin tgid 1670 pid 1670 name "ndroid.systemui" vma 9e56f000
           <...>-1670  [004] ....  5296.515495: do_swap_page: swapin tgid 1670 pid 1670 name "ndroid.systemui" vma 9e56f000
           <...>-1670  [004] ....  5296.515498: do_swap_page: swapin tgid 1670 pid 1670 name "ndroid.systemui" vma 9e733000
           <...>-1670  [004] ....  5296.515611: do_swap_page: swapin tgid 1670 pid 1670 name "ndroid.systemui" vma 9e733000
           <...>-1670  [004] ....  5296.515617: do_swap_page: swapin tgid 1670 pid 1670 name "ndroid.systemui" vma 7fbc1f7000
           <...>-1670  [004] ....  5296.515743: do_swap_page: swapin tgid 1670 pid 1670 name "ndroid.systemui" vma 7fbc1f7000
           <...>-1670  [004] ....  5296.515747: do_swap_page: swapin tgid 1670 pid 1670 name "ndroid.systemui" vma 7fbc1f4000
           <...>-1670  [004] ....  5296.515751: do_swap_page: swapin tgid 1670 pid 1670 name "ndroid.systemui" vma 9e55b000
           <...>-1670  [004] ....  5296.515860: do_swap_page: swapin tgid 1670 pid 1670 name "ndroid.systemui" vma 9e55b000
           <...>-1670  [004] ....  5296.515864: do_swap_page: swapin tgid 1670 pid 1670 name "ndroid.systemui" vma 9e756000
           <...>-1670  [004] ....  5296.515983: do_swap_page: swapin tgid 1670 pid 1670 name "ndroid.systemui" vma 9e756000
           <...>-1670  [004] ....  5296.515987: do_swap_page: swapin tgid 1670 pid 1670 name "ndroid.systemui" vma 9e744000
           <...>-1670  [004] ....  5296.516084: do_swap_page: swapin tgid 1670 pid 1670 name "ndroid.systemui" vma 9e744000
           <...>-1670  [004] ....  5296.516089: do_swap_page: swapin tgid 1670 pid 1670 name "ndroid.systemui" vma 9e775000
           <...>-1670  [004] ....  5296.516202: do_swap_page: swapin tgid 1670 pid 1670 name "ndroid.systemui" vma 9e775000
           <...>-1670  [004] ....  5296.516207: do_swap_page: swapin tgid 1670 pid 1670 name "ndroid.systemui" vma 13e23000
           <...>-1670  [004] ....  5296.516214: do_swap_page: swapin tgid 1670 pid 1670 name "ndroid.systemui" vma 9e57b000
           <...>-1670  [004] ....  5296.516319: do_swap_page: swapin tgid 1670 pid 1670 name "ndroid.systemui" vma 9e57b000
           <...>-1670  [004] ....  5296.516323: do_swap_page: swapin tgid 1670 pid 1670 name "ndroid.systemui" vma 9e55f000
           <...>-1670  [004] ....  5296.516424: do_swap_page: swapin tgid 1670 pid 1670 name "ndroid.systemui" vma 9e55f000
           <...>-1670  [004] ....  5296.516428: do_swap_page: swapin tgid 1670 pid 1670 name "ndroid.systemui" vma 9e5f4000
           <...>-1670  [004] ....  5296.516430: do_swap_page: swapin tgid 1670 pid 1670 name "ndroid.systemui" vma 9e75d000
           <...>-1670  [004] ....  5296.516530: do_swap_page: swapin tgid 1670 pid 1670 name "ndroid.systemui" vma 9e75d000
           <...>-1670  [004] ....  5296.516534: do_swap_page: swapin tgid 1670 pid 1670 name "ndroid.systemui" vma 9e5dd000
           <...>-1670  [004] ....  5296.516536: do_swap_page: swapin tgid 1670 pid 1670 name "ndroid.systemui" vma 9e561000
           <...>-1670  [004] ....  5296.516883: do_swap_page: swapin tgid 1670 pid 1670 name "ndroid.systemui" vma 9e561000
           <...>-1670  [004] ....  5296.516889: do_swap_page: swapin tgid 1670 pid 1670 name "ndroid.systemui" vma 9e749000
           <...>-1670  [004] ....  5296.517020: do_swap_page: swapin tgid 1670 pid 1670 name "ndroid.systemui" vma 9e749000
           <...>-1670  [004] ....  5296.517023: do_swap_page: swapin tgid 1670 pid 1670 name "ndroid.systemui" vma 9e68e000
           <...>-1670  [004] ....  5296.517145: do_swap_page: swapin tgid 1670 pid 1670 name "ndroid.systemui" vma 9e68e000
           <...>-1670  [004] ....  5296.517148: do_swap_page: swapin tgid 1670 pid 1670 name "ndroid.systemui" vma 13ec6000
           <...>-1670  [004] ....  5296.517150: do_swap_page: swapin tgid 1670 pid 1670 name "ndroid.systemui" vma 9e5bb000
           <...>-1670  [004] ....  5296.517152: do_swap_page: swapin tgid 1670 pid 1670 name "ndroid.systemui" vma 9e573000
           <...>-1670  [004] ....  5296.517257: do_swap_page: swapin tgid 1670 pid 1670 name "ndroid.systemui" vma 9e573000
           <...>-1670  [004] ....  5296.517260: do_swap_page: swapin tgid 1670 pid 1670 name "ndroid.systemui" vma 9e72b000
           <...>-1670  [004] ....  5296.517371: do_swap_page: swapin tgid 1670 pid 1670 name "ndroid.systemui" vma 9e72b000
           <...>-1670  [004] ....  5296.517376: do_swap_page: swapin tgid 1670 pid 1670 name "ndroid.systemui" vma 9e4ca000
           <...>-1670  [004] ....  5296.517378: do_swap_page: swapin tgid 1670 pid 1670 name "ndroid.systemui" vma 9e571000
           <...>-629   [004] ....  5296.517739: do_swap_page: swapin tgid 604 pid 629 name "HwBinder:604_2" vma 7fb44fa000
           <...>-602   [004] ....  5296.518216: do_swap_page: swapin tgid 602 pid 602 name "surfaceflinger" vma 7fbd50f000
           <...>-602   [004] ....  5296.518255: do_swap_page: swapin tgid 602 pid 602 name "surfaceflinger" vma 7faa591000
           <...>-602   [004] ....  5296.518278: do_swap_page: swapin tgid 602 pid 602 name "surfaceflinger" vma 7faa6e4000
           <...>-2001  [004] ....  5296.519061: do_swap_page: swapin tgid 2001 pid 2001 name "droid.launcher3" vma 7f39807000
           <...>-2001  [004] ....  5296.519070: do_swap_page: swapin tgid 2001 pid 2001 name "droid.launcher3" vma 7f3980b000
           <...>-2001  [004] ....  5296.519072: do_swap_page: swapin tgid 2001 pid 2001 name "droid.launcher3" vma 7f39808000
           <...>-2330  [004] ....  5296.520894: do_swap_page: swapin tgid 602 pid 2330 name "Binder:602_5" vma 7faa61d000
   Binder:1330_3-1542  [004] ....  5296.521292: do_swap_page: swapin tgid 1330 pid 1542 name "Binder:1330_3" vma 7e5dec9000
           <...>-1475  [004] ....  5296.521367: do_swap_page: swapin tgid 1330 pid 1475 name "InputDispatcher" vma 7f289a2000
           <...>-1670  [004] ....  5296.521514: do_swap_page: swapin tgid 1670 pid 1670 name "ndroid.systemui" vma 9e571000
           <...>-1670  [004] ....  5296.521524: do_swap_page: swapin tgid 1670 pid 1670 name "ndroid.systemui" vma 9e72e000
           <...>-1670  [004] ....  5296.521695: do_swap_page: swapin tgid 1670 pid 1670 name "ndroid.systemui" vma 9e72e000
           <...>-1670  [004] ....  5296.521701: do_swap_page: swapin tgid 1670 pid 1670 name "ndroid.systemui" vma 9e582000
           <...>-1670  [004] ....  5296.521829: do_swap_page: swapin tgid 1670 pid 1670 name "ndroid.systemui" vma 9e582000
           <...>-1670  [004] ....  5296.521833: do_swap_page: swapin tgid 1670 pid 1670 name "ndroid.systemui" vma 13ea5000
           <...>-2510  [004] ....  5296.531313: do_swap_page: swapin tgid 2001 pid 2510 name "RenderThread" vma 7f2d80c000
   Binder:1330_3-1542  [004] ....  5296.531963: do_swap_page: swapin tgid 1330 pid 1542 name "Binder:1330_3" vma 7e5e0c4000
           <...>-2001  [004] ....  5296.541554: do_swap_page: swapin tgid 2001 pid 2001 name "droid.launcher3" vma 7fbe1fc000
           <...>-2510  [004] ....  5296.542471: do_swap_page: swapin tgid 2001 pid 2510 name "RenderThread" vma 7ec897e000
   Binder:1330_3-1542  [004] ....  5296.543738: do_swap_page: swapin tgid 1330 pid 1542 name "Binder:1330_3" vma 7e5c35d000
           <...>-2510  [004] ....  5296.553380: do_swap_page: swapin tgid 2001 pid 2510 name "RenderThread" vma 7ec942e000
           <...>-2510  [004] ....  5296.553934: do_swap_page: swapin tgid 2001 pid 2510 name "RenderThread" vma 7ec9421000
           <...>-2510  [004] ....  5296.553947: do_swap_page: swapin tgid 2001 pid 2510 name "RenderThread" vma 7ec9431000
           <...>-2510  [004] ....  5296.554181: do_swap_page: swapin tgid 2001 pid 2510 name "RenderThread" vma 7ec9431000
           <...>-2510  [004] ....  5296.554207: do_swap_page: swapin tgid 2001 pid 2510 name "RenderThread" vma 7ec9432000
           <...>-2001  [004] ....  5296.563989: do_swap_page: swapin tgid 2001 pid 2001 name "droid.launcher3" vma 7fbe229000
           <...>-2001  [004] ....  5296.564009: do_swap_page: swapin tgid 2001 pid 2001 name "droid.launcher3" vma 7f3980d000
           <...>-2330  [004] ....  5296.565965: do_swap_page: swapin tgid 602 pid 2330 name "Binder:602_5" vma 7faa779000
   Binder:1330_3-1542  [004] ....  5296.566358: do_swap_page: swapin tgid 1330 pid 1542 name "Binder:1330_3" vma 7e5c35e000
           <...>-2510  [004] ....  5296.576581: do_swap_page: swapin tgid 2001 pid 2510 name "RenderThread" vma 7ec9379000
           <...>-2510  [004] ....  5296.576598: do_swap_page: swapin tgid 2001 pid 2510 name "RenderThread" vma 7ec937a000
   Binder:1330_3-1542  [004] ....  5296.577636: do_swap_page: swapin tgid 1330 pid 1542 name "Binder:1330_3" vma 7e5c3c6000
           <...>-2001  [004] ....  5296.586356: do_swap_page: swapin tgid 2001 pid 2001 name "droid.launcher3" vma 7fbe253000
           <...>-2001  [004] ....  5296.586636: do_swap_page: swapin tgid 2001 pid 2001 name "droid.launcher3" vma 7fbe253000
   Binder:1330_3-1542  [004] ....  5296.588808: do_swap_page: swapin tgid 1330 pid 1542 name "Binder:1330_3" vma 7e5c3c7000
           <...>-1475  [004] ....  5296.588872: do_swap_page: swapin tgid 1330 pid 1475 name "InputDispatcher" vma 7e849d5000
           <...>-1353  [004] ....  5296.588940: do_swap_page: swapin tgid 1330 pid 1353 name "android.ui" vma 7e5c8a9000
           <...>-1353  [004] ....  5296.589056: do_swap_page: swapin tgid 1330 pid 1353 name "android.ui" vma 9e872000
           <...>-1353  [004] ....  5296.589064: do_swap_page: swapin tgid 1330 pid 1353 name "android.ui" vma 9e7e0000
           <...>-2001  [004] ....  5296.589184: do_swap_page: swapin tgid 2001 pid 2001 name "droid.launcher3" vma 7eced7c000
           <...>-2001  [004] ....  5296.589193: do_swap_page: swapin tgid 2001 pid 2001 name "droid.launcher3" vma 7f2d24b000
           <...>-1353  [004] ....  5296.589299: do_swap_page: swapin tgid 1330 pid 1353 name "android.ui" vma 9e7e0000
           <...>-1353  [004] ....  5296.589473: do_swap_page: swapin tgid 1330 pid 1353 name "android.ui" vma 7ed0bef000
           <...>-2001  [004] ....  5296.589622: do_swap_page: swapin tgid 2001 pid 2001 name "droid.launcher3" vma 7f2d24b000
  UiThreadHelper-2062  [004] ....  5296.589768: do_swap_page: swapin tgid 2001 pid 2062 name "UiThreadHelper" vma 7fbe1e8000
           <...>-2001  [004] ....  5296.589866: do_swap_page: swapin tgid 2001 pid 2001 name "droid.launcher3" vma 9e4d6000
  UiThreadHelper-2062  [004] ....  5296.589914: do_swap_page: swapin tgid 2001 pid 2062 name "UiThreadHelper" vma 7fbe1e8000
           <...>-2001  [004] ....  5296.590140: do_swap_page: swapin tgid 2001 pid 2001 name "droid.launcher3" vma 9e4d6000
           <...>-2001  [004] ....  5296.590155: do_swap_page: swapin tgid 2001 pid 2001 name "droid.launcher3" vma 9e4e0000
           <...>-2001  [004] ....  5296.590279: do_swap_page: swapin tgid 2001 pid 2001 name "droid.launcher3" vma 9e4e0000
           <...>-1670  [004] ....  5296.593085: do_swap_page: swapin tgid 1670 pid 1670 name "ndroid.systemui" vma 7f28d59000
           <...>-2510  [004] ....  5296.597971: do_swap_page: swapin tgid 2001 pid 2510 name "RenderThread" vma 7ec93bc000
           <...>-2510  [004] ....  5296.597980: do_swap_page: swapin tgid 2001 pid 2510 name "RenderThread" vma 7ec93bd000
           <...>-2389  [004] ....  5296.608568: do_swap_page: swapin tgid 813 pid 2389 name "NodeLooperThrea" vma 7fbdc94000
           <...>-2001  [004] ....  5296.608676: do_swap_page: swapin tgid 2001 pid 2001 name "droid.launcher3" vma 7fbe25f000
           <...>-2389  [004] ....  5296.608816: do_swap_page: swapin tgid 813 pid 2389 name "NodeLooperThrea" vma 7fbdc94000
           <...>-2510  [004] ....  5296.609661: do_swap_page: swapin tgid 2001 pid 2510 name "RenderThread" vma 7ec926c000
           <...>-2510  [004] ....  5296.610363: do_swap_page: swapin tgid 2001 pid 2510 name "RenderThread" vma 7ec9433000
           <...>-2510  [004] ....  5296.631974: do_swap_page: swapin tgid 2001 pid 2510 name "RenderThread" vma 7ec940d000
           <...>-2510  [004] ....  5296.642844: do_swap_page: swapin tgid 2001 pid 2510 name "RenderThread" vma 7ec9463000
           <...>-2510  [004] ....  5296.643031: do_swap_page: swapin tgid 2001 pid 2510 name "RenderThread" vma 7ec92a1000
           <...>-2510  [004] ....  5296.654697: do_swap_page: swapin tgid 2001 pid 2510 name "RenderThread" vma 7f39803000
           <...>-2510  [004] ....  5296.666339: do_swap_page: swapin tgid 2001 pid 2510 name "RenderThread" vma 7ecec41000
           <...>-2510  [004] ....  5296.667506: do_swap_page: swapin tgid 2001 pid 2510 name "RenderThread" vma 7ecec41000
           <...>-2510  [004] ....  5296.676239: do_swap_page: swapin tgid 2001 pid 2510 name "RenderThread" vma 7f2d75c000
           <...>-2510  [004] ....  5296.688253: do_swap_page: swapin tgid 2001 pid 2510 name "RenderThread" vma 7ec944f000
           <...>-2001  [004] ....  5296.698220: do_swap_page: swapin tgid 2001 pid 2001 name "droid.launcher3" vma 7fbe17a000
           <...>-2001  [004] ....  5296.709125: do_swap_page: swapin tgid 2001 pid 2001 name "droid.launcher3" vma 725d5000
           <...>-2001  [004] ....  5296.709780: do_swap_page: swapin tgid 2001 pid 2001 name "droid.launcher3" vma 725d5000
           <...>-2001  [004] ....  5296.709797: do_swap_page: swapin tgid 2001 pid 2001 name "droid.launcher3" vma 725d8000
           <...>-2001  [004] ....  5296.709800: do_swap_page: swapin tgid 2001 pid 2001 name "droid.launcher3" vma 725d0000
           <...>-2510  [004] ....  5296.711002: do_swap_page: swapin tgid 2001 pid 2510 name "RenderThread" vma 7ec926d000
           <...>-2001  [004] ....  5296.711882: do_swap_page: swapin tgid 2001 pid 2001 name "droid.launcher3" vma 7f3194d000
           <...>-2001  [004] ....  5296.711906: do_swap_page: swapin tgid 2001 pid 2001 name "droid.launcher3" vma 7eced78000
           <...>-2001  [004] ....  5296.712539: do_swap_page: swapin tgid 2001 pid 2001 name "droid.launcher3" vma 7eced78000
           <...>-2510  [004] ....  5296.721443: do_swap_page: swapin tgid 2001 pid 2510 name "RenderThread" vma 7f2d64a000
           <...>-2510  [004] ....  5296.732858: do_swap_page: swapin tgid 2001 pid 2510 name "RenderThread" vma 7ec924e000
           <...>-2510  [004] ....  5296.733163: do_swap_page: swapin tgid 2001 pid 2510 name "RenderThread" vma 7ec940e000
           <...>-2510  [004] ....  5296.744985: do_swap_page: swapin tgid 2001 pid 2510 name "RenderThread" vma 7ec938f000
           <...>-2510  [004] ....  5296.745005: do_swap_page: swapin tgid 2001 pid 2510 name "RenderThread" vma 7ec921b000
           <...>-2510  [004] ....  5296.745016: do_swap_page: swapin tgid 2001 pid 2510 name "RenderThread" vma 7f28a21000
           <...>-2510  [004] ....  5296.745664: do_swap_page: swapin tgid 2001 pid 2510 name "RenderThread" vma 7f28a21000
           <...>-2510  [004] ....  5296.745685: do_swap_page: swapin tgid 2001 pid 2510 name "RenderThread" vma 7f2d708000
           <...>-2510  [004] ....  5296.745807: do_swap_page: swapin tgid 2001 pid 2510 name "RenderThread" vma 7f2d708000
           <...>-2001  [004] ....  5296.753994: do_swap_page: swapin tgid 2001 pid 2001 name "droid.launcher3" vma 13321000
           <...>-2001  [004] ....  5296.754007: do_swap_page: swapin tgid 2001 pid 2001 name "droid.launcher3" vma 13322000
           <...>-2001  [004] ....  5296.754010: do_swap_page: swapin tgid 2001 pid 2001 name "droid.launcher3" vma 12e23000
           <...>-2001  [004] ....  5296.754018: do_swap_page: swapin tgid 2001 pid 2001 name "droid.launcher3" vma 9e4ac000
           <...>-2001  [004] ....  5296.754658: do_swap_page: swapin tgid 2001 pid 2001 name "droid.launcher3" vma 9e4ac000
           <...>-2001  [004] ....  5296.754677: do_swap_page: swapin tgid 2001 pid 2001 name "droid.launcher3" vma 9e478000
           <...>-2001  [004] ....  5296.754900: do_swap_page: swapin tgid 2001 pid 2001 name "droid.launcher3" vma 9e478000
           <...>-2001  [004] ....  5296.754905: do_swap_page: swapin tgid 2001 pid 2001 name "droid.launcher3" vma 9e479000
           <...>-2001  [004] ....  5296.755044: do_swap_page: swapin tgid 2001 pid 2001 name "droid.launcher3" vma 9e479000
           <...>-2001  [004] ....  5296.755051: do_swap_page: swapin tgid 2001 pid 2001 name "droid.launcher3" vma 9e48d000
           <...>-2001  [004] ....  5296.755212: do_swap_page: swapin tgid 2001 pid 2001 name "droid.launcher3" vma 9e48d000
           <...>-2001  [004] ....  5296.755307: do_swap_page: swapin tgid 2001 pid 2001 name "droid.launcher3" vma 7fbe28e000
           <...>-2001  [004] ....  5296.755332: do_swap_page: swapin tgid 2001 pid 2001 name "droid.launcher3" vma 13d2f000
           <...>-2001  [004] ....  5296.755478: do_swap_page: swapin tgid 2001 pid 2001 name "droid.launcher3" vma 13d2f000
           <...>-1353  [004] ....  5296.756554: do_swap_page: swapin tgid 1330 pid 1353 name "android.ui" vma 7ed1cac000
   Binder:1330_A-2073  [004] ....  5296.756927: do_swap_page: swapin tgid 1330 pid 2073 name "Binder:1330_A" vma 7ed0e53000
           <...>-1353  [004] ....  5296.757700: do_swap_page: swapin tgid 1330 pid 1353 name "android.ui" vma 7ed1cac000
           <...>-1330  [004] ....  5296.757803: do_swap_page: swapin tgid 1330 pid 1330 name "system_server" vma 7f20fb9000
           <...>-1330  [004] ....  5296.757900: do_swap_page: swapin tgid 1330 pid 1330 name "system_server" vma 9e7b3000
           <...>-1670  [004] ....  5296.758129: do_swap_page: swapin tgid 1670 pid 1670 name "ndroid.systemui" vma 7fbc1fc000
           <...>-1330  [004] ....  5296.758176: do_swap_page: swapin tgid 1330 pid 1330 name "system_server" vma 9e7b3000
           <...>-1670  [004] ....  5296.758311: do_swap_page: swapin tgid 1670 pid 1670 name "ndroid.systemui" vma 7fbc1fc000
           <...>-1670  [004] ....  5296.758321: do_swap_page: swapin tgid 1670 pid 1670 name "ndroid.systemui" vma 7fbc1f3000
           <...>-2001  [004] ....  5296.758483: do_swap_page: swapin tgid 2001 pid 2001 name "droid.launcher3" vma 72471000
           <...>-1670  [004] ....  5296.758516: do_swap_page: swapin tgid 1670 pid 1670 name "ndroid.systemui" vma 7fbc1f3000
           <...>-1670  [004] ....  5296.758537: do_swap_page: swapin tgid 1670 pid 1670 name "ndroid.systemui" vma 13283000
           <...>-1670  [004] ....  5296.758543: do_swap_page: swapin tgid 1670 pid 1670 name "ndroid.systemui" vma 7fbc1fa000
           <...>-2001  [004] .n..  5296.758681: do_swap_page: swapin tgid 2001 pid 2001 name "droid.launcher3" vma 72471000
           <...>-2001  [004] ....  5296.758695: do_swap_page: swapin tgid 2001 pid 2001 name "droid.launcher3" vma 72567000
           <...>-1670  [004] ....  5296.758730: do_swap_page: swapin tgid 1670 pid 1670 name "ndroid.systemui" vma 7fbc1fa000
           <...>-1670  [004] ....  5296.758742: do_swap_page: swapin tgid 1670 pid 1670 name "ndroid.systemui" vma 9e760000
           <...>-2001  [004] ....  5296.758851: do_swap_page: swapin tgid 2001 pid 2001 name "droid.launcher3" vma 72567000
           <...>-1670  [004] ....  5296.759050: do_swap_page: swapin tgid 1670 pid 1670 name "ndroid.systemui" vma 9e760000
           <...>-1670  [004] ....  5296.759058: do_swap_page: swapin tgid 1670 pid 1670 name "ndroid.systemui" vma 9e78c000
           <...>-2001  [004] ....  5296.759235: do_swap_page: swapin tgid 2001 pid 2001 name "droid.launcher3" vma 12e2f000
           <...>-1670  [004] ....  5296.759392: do_swap_page: swapin tgid 1670 pid 1670 name "ndroid.systemui" vma 9e78c000
           <...>-1670  [004] ....  5296.759407: do_swap_page: swapin tgid 1670 pid 1670 name "ndroid.systemui" vma 9e69e000
           <...>-1670  [004] ....  5296.759584: do_swap_page: swapin tgid 1670 pid 1670 name "ndroid.systemui" vma 9e69e000
           <...>-1670  [004] ....  5296.759593: do_swap_page: swapin tgid 1670 pid 1670 name "ndroid.systemui" vma 132c5000
           <...>-1670  [004] ....  5296.759599: do_swap_page: swapin tgid 1670 pid 1670 name "ndroid.systemui" vma 9e707000
           <...>-2001  [004] ....  5296.759803: do_swap_page: swapin tgid 2001 pid 2001 name "droid.launcher3" vma 9e493000
           <...>-1670  [004] ....  5296.759838: do_swap_page: swapin tgid 1670 pid 1670 name "ndroid.systemui" vma 9e707000
           <...>-1670  [004] ....  5296.759851: do_swap_page: swapin tgid 1670 pid 1670 name "ndroid.systemui" vma 9e766000
           <...>-2001  [004] ....  5296.759947: do_swap_page: swapin tgid 2001 pid 2001 name "droid.launcher3" vma 9e493000
           <...>-1670  [004] ....  5296.760319: do_swap_page: swapin tgid 1670 pid 1670 name "ndroid.systemui" vma 9e766000
           <...>-1670  [004] ....  5296.760326: do_swap_page: swapin tgid 1670 pid 1670 name "ndroid.systemui" vma 9e78d000
           <...>-1670  [004] ....  5296.760789: do_swap_page: swapin tgid 1670 pid 1670 name "ndroid.systemui" vma 9e78d000
           <...>-1670  [004] ....  5296.760796: do_swap_page: swapin tgid 1670 pid 1670 name "ndroid.systemui" vma 9e77c000
           <...>-1670  [004] ....  5296.762367: do_swap_page: swapin tgid 1670 pid 1670 name "ndroid.systemui" vma 9e77c000
           <...>-1670  [004] ....  5296.762387: do_swap_page: swapin tgid 1670 pid 1670 name "ndroid.systemui" vma 9e5aa000
           <...>-1670  [004] ....  5296.762403: do_swap_page: swapin tgid 1670 pid 1670 name "ndroid.systemui" vma 9e71b000
           <...>-1670  [004] ....  5296.763508: do_swap_page: swapin tgid 1670 pid 1670 name "ndroid.systemui" vma 9e71b000
           <...>-1670  [004] ....  5296.763518: do_swap_page: swapin tgid 1670 pid 1670 name "ndroid.systemui" vma 9e655000
    Binder:602_3-732   [004] ....  5296.766210: do_swap_page: swapin tgid 602 pid 732 name "Binder:602_3" vma 7faa78d000
    Binder:602_3-732   [004] ....  5296.766223: do_swap_page: swapin tgid 602 pid 732 name "Binder:602_3" vma 7fba6b6000
    Binder:602_3-732   [004] ....  5296.766271: do_swap_page: swapin tgid 602 pid 732 name "Binder:602_3" vma 7fba65a000
    Binder:602_3-732   [004] ....  5296.766285: do_swap_page: swapin tgid 602 pid 732 name "Binder:602_3" vma 7fba639000
    Binder:602_3-732   [004] ....  5296.766303: do_swap_page: swapin tgid 602 pid 732 name "Binder:602_3" vma 7fba6b7000
           <...>-1670  [004] ....  5296.766615: do_swap_page: swapin tgid 1670 pid 1670 name "ndroid.systemui" vma 9e655000
           <...>-1670  [004] ....  5296.766633: do_swap_page: swapin tgid 1670 pid 1670 name "ndroid.systemui" vma 9e728000
           <...>-1670  [004] ....  5296.767440: do_swap_page: swapin tgid 1670 pid 1670 name "ndroid.systemui" vma 9e728000
           <...>-1670  [004] ....  5296.767451: do_swap_page: swapin tgid 1670 pid 1670 name "ndroid.systemui" vma 9e5e8000
           <...>-1670  [004] ....  5296.767457: do_swap_page: swapin tgid 1670 pid 1670 name "ndroid.systemui" vma 9e699000
           <...>-1670  [004] ....  5296.767701: do_swap_page: swapin tgid 1670 pid 1670 name "ndroid.systemui" vma 9e699000
           <...>-1670  [004] ....  5296.767710: do_swap_page: swapin tgid 1670 pid 1670 name "ndroid.systemui" vma 9e654000
           <...>-1670  [004] ....  5296.769556: do_swap_page: swapin tgid 1670 pid 1670 name "ndroid.systemui" vma 9e654000
           <...>-1670  [004] ....  5296.769565: do_swap_page: swapin tgid 1670 pid 1670 name "ndroid.systemui" vma 9e549000
           <...>-1670  [004] ....  5296.769572: do_swap_page: swapin tgid 1670 pid 1670 name "ndroid.systemui" vma 9e5cf000
           <...>-1670  [004] ....  5296.769575: do_swap_page: swapin tgid 1670 pid 1670 name "ndroid.systemui" vma 9e73c000
           <...>-1670  [004] ....  5296.770180: do_swap_page: swapin tgid 1670 pid 1670 name "ndroid.systemui" vma 9e73c000
           <...>-1670  [004] ....  5296.770210: do_swap_page: swapin tgid 1670 pid 1670 name "ndroid.systemui" vma 9e67f000
           <...>-1670  [004] ....  5296.770422: do_swap_page: swapin tgid 1670 pid 1670 name "ndroid.systemui" vma 9e67f000
           <...>-1670  [004] ....  5296.770427: do_swap_page: swapin tgid 1670 pid 1670 name "ndroid.systemui" vma 9e4aa000
           <...>-1670  [004] ....  5296.770429: do_swap_page: swapin tgid 1670 pid 1670 name "ndroid.systemui" vma 9e720000
           <...>-1670  [004] ....  5296.770531: do_swap_page: swapin tgid 1670 pid 1670 name "ndroid.systemui" vma 9e720000
           <...>-1670  [004] ....  5296.770534: do_swap_page: swapin tgid 1670 pid 1670 name "ndroid.systemui" vma 9e6c8000
           <...>-1670  [004] ....  5296.770651: do_swap_page: swapin tgid 1670 pid 1670 name "ndroid.systemui" vma 9e6c8000
           <...>-1670  [004] ....  5296.770656: do_swap_page: swapin tgid 1670 pid 1670 name "ndroid.systemui" vma 7fbc1fb000
           <...>-1670  [004] ....  5296.770761: do_swap_page: swapin tgid 1670 pid 1670 name "ndroid.systemui" vma 7fbc1fb000
           <...>-1670  [004] ....  5296.770766: do_swap_page: swapin tgid 1670 pid 1670 name "ndroid.systemui" vma 9e768000
           <...>-1670  [004] ....  5296.770884: do_swap_page: swapin tgid 1670 pid 1670 name "ndroid.systemui" vma 9e768000
           <...>-1670  [004] ....  5296.770899: do_swap_page: swapin tgid 1670 pid 1670 name "ndroid.systemui" vma 9e72f000
           <...>-1670  [004] ....  5296.771115: do_swap_page: swapin tgid 1670 pid 1670 name "ndroid.systemui" vma 9e72f000
           <...>-1670  [004] ....  5296.771118: do_swap_page: swapin tgid 1670 pid 1670 name "ndroid.systemui" vma 9e66f000
           <...>-1670  [004] ....  5296.771320: do_swap_page: swapin tgid 1670 pid 1670 name "ndroid.systemui" vma 9e66f000
           <...>-1670  [004] ....  5296.771324: do_swap_page: swapin tgid 1670 pid 1670 name "ndroid.systemui" vma 9e693000
           <...>-1670  [004] ....  5296.771967: do_swap_page: swapin tgid 1670 pid 1670 name "ndroid.systemui" vma 9e693000
           <...>-1670  [004] ....  5296.771973: do_swap_page: swapin tgid 1670 pid 1670 name "ndroid.systemui" vma 13281000
           <...>-1670  [004] ....  5296.772042: do_swap_page: swapin tgid 1670 pid 1670 name "ndroid.systemui" vma 9e75f000
           <...>-1670  [004] ....  5296.772163: do_swap_page: swapin tgid 1670 pid 1670 name "ndroid.systemui" vma 9e75f000
           <...>-1670  [004] ....  5296.772169: do_swap_page: swapin tgid 1670 pid 1670 name "ndroid.systemui" vma 9e6a8000
           <...>-1670  [004] ....  5296.772340: do_swap_page: swapin tgid 1670 pid 1670 name "ndroid.systemui" vma 9e6a8000
           <...>-1670  [004] ....  5296.772346: do_swap_page: swapin tgid 1670 pid 1670 name "ndroid.systemui" vma 9e66e000
           <...>-1670  [004] ....  5296.772467: do_swap_page: swapin tgid 1670 pid 1670 name "ndroid.systemui" vma 9e66e000
           <...>-1670  [004] ....  5296.772481: do_swap_page: swapin tgid 1670 pid 1670 name "ndroid.systemui" vma 72488000
           <...>-1670  [004] ....  5296.772485: do_swap_page: swapin tgid 1670 pid 1670 name "ndroid.systemui" vma 13e3b000
           <...>-1670  [004] ....  5296.772494: do_swap_page: swapin tgid 1670 pid 1670 name "ndroid.systemui" vma 13e73000
           <...>-1670  [004] ....  5296.772508: do_swap_page: swapin tgid 1670 pid 1670 name "ndroid.systemui" vma 135bc000
           <...>-1670  [004] ....  5296.772519: do_swap_page: swapin tgid 1670 pid 1670 name "ndroid.systemui" vma 132b5000
           <...>-1670  [004] ....  5296.772524: do_swap_page: swapin tgid 1670 pid 1670 name "ndroid.systemui" vma 7247a000
           <...>-1670  [004] ....  5296.772588: do_swap_page: swapin tgid 1670 pid 1670 name "ndroid.systemui" vma 135be000
           <...>-1670  [004] ....  5296.772594: do_swap_page: swapin tgid 1670 pid 1670 name "ndroid.systemui" vma 135bf000
           <...>-1670  [004] ....  5296.772607: do_swap_page: swapin tgid 1670 pid 1670 name "ndroid.systemui" vma 13600000
           <...>-1670  [004] ....  5296.772621: do_swap_page: swapin tgid 1670 pid 1670 name "ndroid.systemui" vma 13ed1000
           <...>-1670  [004] ....  5296.772623: do_swap_page: swapin tgid 1670 pid 1670 name "ndroid.systemui" vma 13601000
           <...>-1670  [004] ....  5296.772631: do_swap_page: swapin tgid 1670 pid 1670 name "ndroid.systemui" vma 13602000
           <...>-1670  [004] ....  5296.772646: do_swap_page: swapin tgid 1670 pid 1670 name "ndroid.systemui" vma 13e72000
           <...>-1670  [004] ....  5296.772650: do_swap_page: swapin tgid 1670 pid 1670 name "ndroid.systemui" vma 13e40000
           <...>-1670  [004] ....  5296.772656: do_swap_page: swapin tgid 1670 pid 1670 name "ndroid.systemui" vma 7ebb529000
           <...>-1670  [004] ....  5296.772666: do_swap_page: swapin tgid 1670 pid 1670 name "ndroid.systemui" vma 13e3c000
           <...>-1670  [004] ....  5296.772670: do_swap_page: swapin tgid 1670 pid 1670 name "ndroid.systemui" vma 13e3f000
           <...>-1670  [004] ....  5296.772688: do_swap_page: swapin tgid 1670 pid 1670 name "ndroid.systemui" vma 9e583000
           <...>-1670  [004] ....  5296.772809: do_swap_page: swapin tgid 1670 pid 1670 name "ndroid.systemui" vma 9e583000
           <...>-1670  [004] ....  5296.772813: do_swap_page: swapin tgid 1670 pid 1670 name "ndroid.systemui" vma 9e70e000
           <...>-1670  [004] ....  5296.772930: do_swap_page: swapin tgid 1670 pid 1670 name "ndroid.systemui" vma 9e70e000
           <...>-1670  [004] ....  5296.772939: do_swap_page: swapin tgid 1670 pid 1670 name "ndroid.systemui" vma 13e3e000
           <...>-1670  [004] ....  5296.772945: do_swap_page: swapin tgid 1670 pid 1670 name "ndroid.systemui" vma 13607000
           <...>-1670  [004] ....  5296.772952: do_swap_page: swapin tgid 1670 pid 1670 name "ndroid.systemui" vma 13608000
           <...>-1670  [004] ....  5296.772956: do_swap_page: swapin tgid 1670 pid 1670 name "ndroid.systemui" vma 13609000
           <...>-1670  [004] ....  5296.772960: do_swap_page: swapin tgid 1670 pid 1670 name "ndroid.systemui" vma 13ea7000
           <...>-1670  [004] ....  5296.773006: do_swap_page: swapin tgid 1670 pid 1670 name "ndroid.systemui" vma 9e773000
   Binder:1330_A-2073  [004] ....  5296.773097: do_swap_page: swapin tgid 1330 pid 2073 name "Binder:1330_A" vma 154f6000
           <...>-1670  [004] ....  5296.773151: do_swap_page: swapin tgid 1670 pid 1670 name "ndroid.systemui" vma 9e773000
           <...>-1670  [004] ....  5296.773175: do_swap_page: swapin tgid 1670 pid 1670 name "ndroid.systemui" vma 9e6f4000
   Binder:1330_A-2073  [004] ....  5296.773261: do_swap_page: swapin tgid 1330 pid 2073 name "Binder:1330_A" vma 154f6000
           <...>-1670  [004] ....  5296.773391: do_swap_page: swapin tgid 1670 pid 1670 name "ndroid.systemui" vma 9e6f4000
           <...>-1670  [004] ....  5296.773404: do_swap_page: swapin tgid 1670 pid 1670 name "ndroid.systemui" vma 9e58f000
           <...>-1670  [004] ....  5296.773420: do_swap_page: swapin tgid 1670 pid 1670 name "ndroid.systemui" vma 13ea4000
           <...>-1670  [004] ....  5296.773425: do_swap_page: swapin tgid 1670 pid 1670 name "ndroid.systemui" vma 13e98000
           <...>-1670  [004] ....  5296.773426: do_swap_page: swapin tgid 1670 pid 1670 name "ndroid.systemui" vma 13e96000
           <...>-1670  [004] ....  5296.773428: do_swap_page: swapin tgid 1670 pid 1670 name "ndroid.systemui" vma 9e58a000
           <...>-1670  [004] ....  5296.773547: do_swap_page: swapin tgid 1670 pid 1670 name "ndroid.systemui" vma 9e58a000
           <...>-1670  [004] ....  5296.773551: do_swap_page: swapin tgid 1670 pid 1670 name "ndroid.systemui" vma 9e6b5000
           <...>-1670  [004] ....  5296.773671: do_swap_page: swapin tgid 1670 pid 1670 name "ndroid.systemui" vma 9e6b5000
           <...>-1670  [004] ....  5296.773676: do_swap_page: swapin tgid 1670 pid 1670 name "ndroid.systemui" vma 9e469000
           <...>-1670  [004] ....  5296.773691: do_swap_page: swapin tgid 1670 pid 1670 name "ndroid.systemui" vma 724c7000
           <...>-1670  [004] ....  5296.773698: do_swap_page: swapin tgid 1670 pid 1670 name "ndroid.systemui" vma 7eb3249000
           <...>-1670  [004] ....  5296.773709: do_swap_page: swapin tgid 1670 pid 1670 name "ndroid.systemui" vma 9e468000
           <...>-1670  [004] ....  5296.773846: do_swap_page: swapin tgid 1670 pid 1670 name "ndroid.systemui" vma 9e468000
