           <...>-2138  [004] ....  6995.877417: do_swap_page: swapin tgid 597 pid 2138 name "Binder:597_5" vma 7fba7d1000
           <...>-662   [004] ....  6995.877531: do_swap_page: swapin tgid 597 pid 662 name "surfaceflinger" vma 7fb3f2f000
           <...>-662   [004] ....  6995.877543: do_swap_page: swapin tgid 597 pid 662 name "surfaceflinger" vma 7fb3f2e000
           <...>-662   [004] ....  6995.879994: do_swap_page: swapin tgid 597 pid 662 name "surfaceflinger" vma 7faa732000
           <...>-662   [004] ....  6995.880011: do_swap_page: swapin tgid 597 pid 662 name "surfaceflinger" vma 7faa76b000
           <...>-662   [004] ....  6995.880026: do_swap_page: swapin tgid 597 pid 662 name "surfaceflinger" vma 7fba640000
 droid.launcher3-2050  [004] ....  6995.880106: do_swap_page: swapin tgid 2050 pid 2050 name "droid.launcher3" vma 9dd02000
 droid.launcher3-2050  [004] ....  6995.880124: do_swap_page: swapin tgid 2050 pid 2050 name "droid.launcher3" vma 9dd13000
 android.display-1361  [004] ....  6995.880259: do_swap_page: swapin tgid 1338 pid 1361 name "android.display" vma 9debe000
 android.display-1361  [004] ....  6995.880275: do_swap_page: swapin tgid 1338 pid 1361 name "android.display" vma 9debf000
           <...>-1359  [004] ....  6995.880336: do_swap_page: swapin tgid 1338 pid 1359 name "android.ui" vma 9dd70000
           <...>-1359  [004] ....  6995.880427: do_swap_page: swapin tgid 1338 pid 1359 name "android.ui" vma 9dd6f000
 droid.launcher3-2050  [004] ....  6995.880524: do_swap_page: swapin tgid 2050 pid 2050 name "droid.launcher3" vma 9dd13000
 droid.launcher3-2050  [004] ....  6995.880542: do_swap_page: swapin tgid 2050 pid 2050 name "droid.launcher3" vma 9dd0d000
           <...>-1338  [004] ....  6995.880695: do_swap_page: swapin tgid 1338 pid 1338 name "system_server" vma 9de10000
 droid.launcher3-2050  [004] ....  6995.880880: do_swap_page: swapin tgid 2050 pid 2050 name "droid.launcher3" vma 9dd0d000
 droid.launcher3-2050  [004] ....  6995.880970: do_swap_page: swapin tgid 2050 pid 2050 name "droid.launcher3" vma 12ec1000
 droid.launcher3-2050  [004] ....  6995.880981: do_swap_page: swapin tgid 2050 pid 2050 name "droid.launcher3" vma 13d61000
 droid.launcher3-2050  [004] ....  6995.880990: do_swap_page: swapin tgid 2050 pid 2050 name "droid.launcher3" vma 7ecec0a000
 droid.launcher3-2050  [004] ....  6995.880996: do_swap_page: swapin tgid 2050 pid 2050 name "droid.launcher3" vma 7f28a66000
 droid.launcher3-2050  [004] ....  6995.881013: do_swap_page: swapin tgid 2050 pid 2050 name "droid.launcher3" vma 13d60000
 droid.launcher3-2050  [004] ....  6995.881016: do_swap_page: swapin tgid 2050 pid 2050 name "droid.launcher3" vma 7ecec0b000
 droid.launcher3-2050  [004] ....  6995.881023: do_swap_page: swapin tgid 2050 pid 2050 name "droid.launcher3" vma 9dbce000
 android.display-1361  [004] ....  6995.881130: do_swap_page: swapin tgid 1338 pid 1361 name "android.display" vma 9debf000
 droid.launcher3-2050  [004] ....  6995.881286: do_swap_page: swapin tgid 2050 pid 2050 name "droid.launcher3" vma 9dbce000
 droid.launcher3-2050  [004] ....  6995.881311: do_swap_page: swapin tgid 2050 pid 2050 name "droid.launcher3" vma 7fbe264000
 droid.launcher3-2050  [004] ....  6995.881326: do_swap_page: swapin tgid 2050 pid 2050 name "droid.launcher3" vma 9dbcf000
 android.display-1361  [004] ....  6995.881445: do_swap_page: swapin tgid 1338 pid 1361 name "android.display" vma 7f2d469000
 android.display-1361  [004] ....  6995.881472: do_swap_page: swapin tgid 1338 pid 1361 name "android.display" vma 7f2d4c3000
 android.display-1361  [004] ....  6995.881481: do_swap_page: swapin tgid 1338 pid 1361 name "android.display" vma 7f28a26000
 android.display-1361  [004] ....  6995.881485: do_swap_page: swapin tgid 1338 pid 1361 name "android.display" vma 7f28a27000
 droid.launcher3-2050  [004] ....  6995.881625: do_swap_page: swapin tgid 2050 pid 2050 name "droid.launcher3" vma 9dbcf000
 droid.launcher3-2050  [004] ....  6995.881660: do_swap_page: swapin tgid 2050 pid 2050 name "droid.launcher3" vma 9dbe7000
           <...>-1359  [004] ....  6995.881764: do_swap_page: swapin tgid 1338 pid 1359 name "android.ui" vma 9dd6f000
           <...>-1359  [004] ....  6995.881791: do_swap_page: swapin tgid 1338 pid 1359 name "android.ui" vma 9dc95000
           <...>-1359  [004] ....  6995.881799: do_swap_page: swapin tgid 1338 pid 1359 name "android.ui" vma 9df0f000
 droid.launcher3-2050  [004] ....  6995.882012: do_swap_page: swapin tgid 2050 pid 2050 name "droid.launcher3" vma 9dbe7000
 droid.launcher3-2050  [004] ....  6995.882105: do_swap_page: swapin tgid 2050 pid 2050 name "droid.launcher3" vma 9dbd0000
 droid.launcher3-2050  [004] ....  6995.882356: do_swap_page: swapin tgid 2050 pid 2050 name "droid.launcher3" vma 9dbd0000
 droid.launcher3-2050  [004] ....  6995.882370: do_swap_page: swapin tgid 2050 pid 2050 name "droid.launcher3" vma 12ece000
 droid.launcher3-2050  [004] ....  6995.882377: do_swap_page: swapin tgid 2050 pid 2050 name "droid.launcher3" vma 7ecec09000
 droid.launcher3-2050  [004] ....  6995.882383: do_swap_page: swapin tgid 2050 pid 2050 name "droid.launcher3" vma 9dbe8000
           <...>-600   [004] ....  6995.883281: do_swap_page: swapin tgid 600 pid 600 name "composer@2.3-se" vma 7fbd049000
           <...>-600   [004] ....  6995.883313: do_swap_page: swapin tgid 600 pid 600 name "composer@2.3-se" vma 7fbd022000
           <...>-600   [004] ....  6995.883324: do_swap_page: swapin tgid 600 pid 600 name "composer@2.3-se" vma 7fbd078000
           <...>-600   [004] ....  6995.883342: do_swap_page: swapin tgid 600 pid 600 name "composer@2.3-se" vma 7fbd20b000
           <...>-600   [004] ....  6995.883351: do_swap_page: swapin tgid 600 pid 600 name "composer@2.3-se" vma 7fbd033000
           <...>-600   [004] ....  6995.883379: do_swap_page: swapin tgid 600 pid 600 name "composer@2.3-se" vma 7fb5f19000
           <...>-600   [004] ....  6995.883394: do_swap_page: swapin tgid 600 pid 600 name "composer@2.3-se" vma 7fbd032000
 droid.launcher3-2050  [004] ....  6995.883571: do_swap_page: swapin tgid 2050 pid 2050 name "droid.launcher3" vma 9dbe8000
 droid.launcher3-2050  [004] ....  6995.883601: do_swap_page: swapin tgid 2050 pid 2050 name "droid.launcher3" vma 9dcd6000
 droid.launcher3-2050  [004] ....  6995.883615: do_swap_page: swapin tgid 2050 pid 2050 name "droid.launcher3" vma 7f2dc90000
           <...>-600   [004] ....  6995.883745: do_swap_page: swapin tgid 600 pid 600 name "composer@2.3-se" vma 7fbd032000
           <...>-600   [004] ....  6995.883771: do_swap_page: swapin tgid 600 pid 600 name "composer@2.3-se" vma 7fbd096000
           <...>-1359  [004] ....  6995.883980: do_swap_page: swapin tgid 1338 pid 1359 name "android.ui" vma 9df0f000
           <...>-1359  [004] ....  6995.883998: do_swap_page: swapin tgid 1338 pid 1359 name "android.ui" vma 9ddd8000
           <...>-600   [004] ....  6995.884099: do_swap_page: swapin tgid 600 pid 600 name "composer@2.3-se" vma 7fbd096000
           <...>-600   [004] ....  6995.884174: do_swap_page: swapin tgid 600 pid 600 name "composer@2.3-se" vma 7fbd093000
           <...>-600   [004] ....  6995.884183: do_swap_page: swapin tgid 600 pid 600 name "composer@2.3-se" vma 7fbd00e000
           <...>-600   [004] ....  6995.884194: do_swap_page: swapin tgid 600 pid 600 name "composer@2.3-se" vma 7fb6079000
 droid.launcher3-2050  [004] .n..  6995.884420: do_swap_page: swapin tgid 2050 pid 2050 name "droid.launcher3" vma 7f2dc90000
           <...>-600   [004] ....  6995.884439: do_swap_page: swapin tgid 600 pid 600 name "composer@2.3-se" vma 7fb6079000
           <...>-600   [004] ....  6995.884455: do_swap_page: swapin tgid 600 pid 600 name "composer@2.3-se" vma 7fbd072000
           <...>-600   [004] ....  6995.884461: do_swap_page: swapin tgid 600 pid 600 name "composer@2.3-se" vma 7fbd073000
           <...>-600   [004] ....  6995.884561: do_swap_page: swapin tgid 600 pid 600 name "composer@2.3-se" vma 7fbe017000
           <...>-600   [004] ....  6995.885197: do_swap_page: swapin tgid 600 pid 600 name "composer@2.3-se" vma 7ffffe0000
           <...>-600   [004] ....  6995.885219: do_swap_page: swapin tgid 600 pid 600 name "composer@2.3-se" vma 7ffffe1000
           <...>-600   [004] ....  6995.885222: do_swap_page: swapin tgid 600 pid 600 name "composer@2.3-se" vma 7ffffe2000
           <...>-600   [004] ....  6995.885227: do_swap_page: swapin tgid 600 pid 600 name "composer@2.3-se" vma 7ffffe3000
           <...>-600   [004] ....  6995.885230: do_swap_page: swapin tgid 600 pid 600 name "composer@2.3-se" vma 7ffffe4000
           <...>-600   [004] ....  6995.885234: do_swap_page: swapin tgid 600 pid 600 name "composer@2.3-se" vma 7ffffe5000
           <...>-600   [004] ....  6995.885237: do_swap_page: swapin tgid 600 pid 600 name "composer@2.3-se" vma 7ffffe6000
           <...>-600   [004] ....  6995.885247: do_swap_page: swapin tgid 600 pid 600 name "composer@2.3-se" vma 7ffffe7000
           <...>-600   [004] ....  6995.885250: do_swap_page: swapin tgid 600 pid 600 name "composer@2.3-se" vma 7ffffe8000
           <...>-600   [004] ....  6995.885253: do_swap_page: swapin tgid 600 pid 600 name "composer@2.3-se" vma 7ffffe9000
           <...>-600   [004] ....  6995.885256: do_swap_page: swapin tgid 600 pid 600 name "composer@2.3-se" vma 7ffffea000
           <...>-600   [004] ....  6995.885259: do_swap_page: swapin tgid 600 pid 600 name "composer@2.3-se" vma 7ffffeb000
           <...>-600   [004] ....  6995.885263: do_swap_page: swapin tgid 600 pid 600 name "composer@2.3-se" vma 7ffffec000
           <...>-600   [004] ....  6995.885286: do_swap_page: swapin tgid 600 pid 600 name "composer@2.3-se" vma 7ffffed000
           <...>-600   [004] ....  6995.885290: do_swap_page: swapin tgid 600 pid 600 name "composer@2.3-se" vma 7ffffee000
           <...>-600   [004] ....  6995.885293: do_swap_page: swapin tgid 600 pid 600 name "composer@2.3-se" vma 7ffffef000
           <...>-600   [004] ....  6995.885296: do_swap_page: swapin tgid 600 pid 600 name "composer@2.3-se" vma 7fffff0000
           <...>-600   [004] ....  6995.885299: do_swap_page: swapin tgid 600 pid 600 name "composer@2.3-se" vma 7fffff1000
           <...>-600   [004] ....  6995.885303: do_swap_page: swapin tgid 600 pid 600 name "composer@2.3-se" vma 7fffff2000
           <...>-600   [004] ....  6995.885306: do_swap_page: swapin tgid 600 pid 600 name "composer@2.3-se" vma 7fffff3000
           <...>-600   [004] ....  6995.885373: do_swap_page: swapin tgid 600 pid 600 name "composer@2.3-se" vma 7fffff4000
           <...>-600   [004] ....  6995.885379: do_swap_page: swapin tgid 600 pid 600 name "composer@2.3-se" vma 7fffff5000
           <...>-600   [004] ....  6995.885382: do_swap_page: swapin tgid 600 pid 600 name "composer@2.3-se" vma 7fffff6000
           <...>-600   [004] ....  6995.885385: do_swap_page: swapin tgid 600 pid 600 name "composer@2.3-se" vma 7fffff7000
           <...>-600   [004] ....  6995.885388: do_swap_page: swapin tgid 600 pid 600 name "composer@2.3-se" vma 7fffff8000
           <...>-600   [004] ....  6995.885392: do_swap_page: swapin tgid 600 pid 600 name "composer@2.3-se" vma 7fffff9000
           <...>-600   [004] ....  6995.885395: do_swap_page: swapin tgid 600 pid 600 name "composer@2.3-se" vma 7fffffa000
           <...>-600   [004] ....  6995.885398: do_swap_page: swapin tgid 600 pid 600 name "composer@2.3-se" vma 7fffffb000
           <...>-600   [004] ....  6995.885463: do_swap_page: swapin tgid 600 pid 600 name "composer@2.3-se" vma 7fbd0d1000
           <...>-600   [004] ....  6995.885472: do_swap_page: swapin tgid 600 pid 600 name "composer@2.3-se" vma 7fbd0d3000
           <...>-600   [004] ....  6995.885479: do_swap_page: swapin tgid 600 pid 600 name "composer@2.3-se" vma 7fbd0d5000
           <...>-600   [004] ....  6995.885500: do_swap_page: swapin tgid 600 pid 600 name "composer@2.3-se" vma 7fbd0dc000
           <...>-600   [004] ....  6995.885507: do_swap_page: swapin tgid 600 pid 600 name "composer@2.3-se" vma 7fbd0dd000
           <...>-600   [004] ....  6995.885511: do_swap_page: swapin tgid 600 pid 600 name "composer@2.3-se" vma 7fbd0de000
           <...>-600   [004] ....  6995.885514: do_swap_page: swapin tgid 600 pid 600 name "composer@2.3-se" vma 7fbd0df000
           <...>-600   [004] ....  6995.885521: do_swap_page: swapin tgid 600 pid 600 name "composer@2.3-se" vma 7fbd0e0000
           <...>-600   [004] ....  6995.885525: do_swap_page: swapin tgid 600 pid 600 name "composer@2.3-se" vma 7fbd0e1000
           <...>-600   [004] ....  6995.885529: do_swap_page: swapin tgid 600 pid 600 name "composer@2.3-se" vma 7fbd0e2000
           <...>-600   [004] ....  6995.885533: do_swap_page: swapin tgid 600 pid 600 name "composer@2.3-se" vma 7fbd0e3000
           <...>-600   [004] ....  6995.885538: do_swap_page: swapin tgid 600 pid 600 name "composer@2.3-se" vma 7fbd0e4000
           <...>-600   [004] ....  6995.885541: do_swap_page: swapin tgid 600 pid 600 name "composer@2.3-se" vma 7fbd0e5000
           <...>-600   [004] ....  6995.885545: do_swap_page: swapin tgid 600 pid 600 name "composer@2.3-se" vma 7fbd0e6000
           <...>-600   [004] ....  6995.885550: do_swap_page: swapin tgid 600 pid 600 name "composer@2.3-se" vma 7fbd0e7000
           <...>-600   [004] ....  6995.885554: do_swap_page: swapin tgid 600 pid 600 name "composer@2.3-se" vma 7fbd0e8000
           <...>-600   [004] ....  6995.885558: do_swap_page: swapin tgid 600 pid 600 name "composer@2.3-se" vma 7fbd0e9000
           <...>-600   [004] ....  6995.885563: do_swap_page: swapin tgid 600 pid 600 name "composer@2.3-se" vma 7fbd0ea000
           <...>-600   [004] ....  6995.885567: do_swap_page: swapin tgid 600 pid 600 name "composer@2.3-se" vma 7fbd0eb000
           <...>-600   [004] ....  6995.885571: do_swap_page: swapin tgid 600 pid 600 name "composer@2.3-se" vma 7fbd0ec000
           <...>-600   [004] ....  6995.885575: do_swap_page: swapin tgid 600 pid 600 name "composer@2.3-se" vma 7fbd0ed000
           <...>-600   [004] ....  6995.885620: do_swap_page: swapin tgid 600 pid 600 name "composer@2.3-se" vma 7fbf5e4000
 droid.launcher3-2050  [004] ....  6995.885832: do_swap_page: swapin tgid 2050 pid 2050 name "droid.launcher3" vma 9dce0000
 droid.launcher3-2050  [004] ....  6995.885850: do_swap_page: swapin tgid 2050 pid 2050 name "droid.launcher3" vma 9dbe9000
           <...>-600   [004] ....  6995.886000: do_swap_page: swapin tgid 600 pid 600 name "composer@2.3-se" vma 7fbf5e4000
           <...>-600   [004] ....  6995.886072: do_swap_page: swapin tgid 600 pid 600 name "composer@2.3-se" vma 7ffffdf000
           <...>-600   [004] ....  6995.886083: do_swap_page: swapin tgid 600 pid 600 name "composer@2.3-se" vma 7ffffdd000
           <...>-600   [004] ....  6995.886087: do_swap_page: swapin tgid 600 pid 600 name "composer@2.3-se" vma 7ffffde000
           <...>-600   [004] ....  6995.886098: do_swap_page: swapin tgid 600 pid 600 name "composer@2.3-se" vma 7fb5f38000
           <...>-600   [004] ....  6995.886102: do_swap_page: swapin tgid 600 pid 600 name "composer@2.3-se" vma 7fb5f39000
           <...>-600   [004] ....  6995.886112: do_swap_page: swapin tgid 600 pid 600 name "composer@2.3-se" vma 7fbd08a000
           <...>-600   [004] ....  6995.886115: do_swap_page: swapin tgid 600 pid 600 name "composer@2.3-se" vma 7fbd08b000
           <...>-600   [004] ....  6995.886124: do_swap_page: swapin tgid 600 pid 600 name "composer@2.3-se" vma 7fb5edc000
           <...>-600   [004] ....  6995.886128: do_swap_page: swapin tgid 600 pid 600 name "composer@2.3-se" vma 7fb5edd000
           <...>-600   [004] ....  6995.886130: do_swap_page: swapin tgid 600 pid 600 name "composer@2.3-se" vma 7fb5edb000
           <...>-600   [004] ....  6995.886139: do_swap_page: swapin tgid 600 pid 600 name "composer@2.3-se" vma 7fb5ede000
           <...>-600   [004] ....  6995.886218: do_swap_page: swapin tgid 600 pid 600 name "composer@2.3-se" vma 7fb5f7e000
           <...>-600   [004] ....  6995.886490: do_swap_page: swapin tgid 600 pid 600 name "composer@2.3-se" vma 7fb5f7e000
           <...>-600   [004] ....  6995.886570: do_swap_page: swapin tgid 600 pid 600 name "composer@2.3-se" vma 7fbd021000
 droid.launcher3-2050  [004] ....  6995.886707: do_swap_page: swapin tgid 2050 pid 2050 name "droid.launcher3" vma 9dbe9000
           <...>-600   [004] ....  6995.886800: do_swap_page: swapin tgid 600 pid 600 name "composer@2.3-se" vma 7fbd021000
           <...>-600   [004] ....  6995.886897: do_swap_page: swapin tgid 600 pid 600 name "composer@2.3-se" vma 7fbd094000
 droid.launcher3-2050  [004] ....  6995.887001: do_swap_page: swapin tgid 2050 pid 2050 name "droid.launcher3" vma 7f2dc91000
           <...>-600   [004] ....  6995.887366: do_swap_page: swapin tgid 600 pid 600 name "composer@2.3-se" vma 7fbd094000
           <...>-600   [004] ....  6995.887431: do_swap_page: swapin tgid 600 pid 600 name "composer@2.3-se" vma 7ffffa5000
           <...>-600   [004] ....  6995.887445: do_swap_page: swapin tgid 600 pid 600 name "composer@2.3-se" vma 7ffffc3000
           <...>-600   [004] ....  6995.887448: do_swap_page: swapin tgid 600 pid 600 name "composer@2.3-se" vma 7ffffc4000
           <...>-600   [004] ....  6995.887452: do_swap_page: swapin tgid 600 pid 600 name "composer@2.3-se" vma 7ffffc5000
           <...>-600   [004] ....  6995.887455: do_swap_page: swapin tgid 600 pid 600 name "composer@2.3-se" vma 7ffffc6000
           <...>-600   [004] ....  6995.887458: do_swap_page: swapin tgid 600 pid 600 name "composer@2.3-se" vma 7ffffc7000
           <...>-600   [004] ....  6995.887462: do_swap_page: swapin tgid 600 pid 600 name "composer@2.3-se" vma 7ffffc8000
           <...>-600   [004] ....  6995.887465: do_swap_page: swapin tgid 600 pid 600 name "composer@2.3-se" vma 7ffffc9000
           <...>-600   [004] ....  6995.887469: do_swap_page: swapin tgid 600 pid 600 name "composer@2.3-se" vma 7ffffca000
           <...>-600   [004] ....  6995.887473: do_swap_page: swapin tgid 600 pid 600 name "composer@2.3-se" vma 7ffffcb000
           <...>-600   [004] ....  6995.887476: do_swap_page: swapin tgid 600 pid 600 name "composer@2.3-se" vma 7ffffcc000
           <...>-600   [004] ....  6995.887479: do_swap_page: swapin tgid 600 pid 600 name "composer@2.3-se" vma 7ffffcd000
           <...>-600   [004] ....  6995.887482: do_swap_page: swapin tgid 600 pid 600 name "composer@2.3-se" vma 7ffffce000
           <...>-600   [004] ....  6995.887492: do_swap_page: swapin tgid 600 pid 600 name "composer@2.3-se" vma 7ffffcf000
           <...>-600   [004] ....  6995.887497: do_swap_page: swapin tgid 600 pid 600 name "composer@2.3-se" vma 7ffffd0000
           <...>-600   [004] ....  6995.887502: do_swap_page: swapin tgid 600 pid 600 name "composer@2.3-se" vma 7ffffd1000
           <...>-600   [004] ....  6995.887506: do_swap_page: swapin tgid 600 pid 600 name "composer@2.3-se" vma 7ffffd2000
           <...>-600   [004] ....  6995.887508: do_swap_page: swapin tgid 600 pid 600 name "composer@2.3-se" vma 7ffffd3000
           <...>-600   [004] ....  6995.887511: do_swap_page: swapin tgid 600 pid 600 name "composer@2.3-se" vma 7ffffd4000
           <...>-600   [004] ....  6995.887514: do_swap_page: swapin tgid 600 pid 600 name "composer@2.3-se" vma 7ffffd5000
           <...>-600   [004] ....  6995.887517: do_swap_page: swapin tgid 600 pid 600 name "composer@2.3-se" vma 7ffffd6000
           <...>-600   [004] ....  6995.887520: do_swap_page: swapin tgid 600 pid 600 name "composer@2.3-se" vma 7ffffd7000
           <...>-600   [004] ....  6995.887523: do_swap_page: swapin tgid 600 pid 600 name "composer@2.3-se" vma 7ffffd8000
           <...>-600   [004] ....  6995.887526: do_swap_page: swapin tgid 600 pid 600 name "composer@2.3-se" vma 7ffffd9000
           <...>-600   [004] ....  6995.887529: do_swap_page: swapin tgid 600 pid 600 name "composer@2.3-se" vma 7ffffda000
           <...>-600   [004] ....  6995.887532: do_swap_page: swapin tgid 600 pid 600 name "composer@2.3-se" vma 7ffffdb000
           <...>-600   [004] ....  6995.887535: do_swap_page: swapin tgid 600 pid 600 name "composer@2.3-se" vma 7ffffdc000
           <...>-600   [004] ....  6995.887547: do_swap_page: swapin tgid 600 pid 600 name "composer@2.3-se" vma 7fbd056000
           <...>-600   [004] ....  6995.887557: do_swap_page: swapin tgid 600 pid 600 name "composer@2.3-se" vma 7ffffa6000
           <...>-600   [004] ....  6995.887562: do_swap_page: swapin tgid 600 pid 600 name "composer@2.3-se" vma 7ffffa7000
           <...>-600   [004] ....  6995.887565: do_swap_page: swapin tgid 600 pid 600 name "composer@2.3-se" vma 7ffffa8000
           <...>-600   [004] ....  6995.887568: do_swap_page: swapin tgid 600 pid 600 name "composer@2.3-se" vma 7ffffa9000
           <...>-600   [004] ....  6995.887571: do_swap_page: swapin tgid 600 pid 600 name "composer@2.3-se" vma 7ffffaa000
           <...>-600   [004] ....  6995.887574: do_swap_page: swapin tgid 600 pid 600 name "composer@2.3-se" vma 7ffffab000
           <...>-600   [004] ....  6995.887576: do_swap_page: swapin tgid 600 pid 600 name "composer@2.3-se" vma 7ffffac000
           <...>-600   [004] ....  6995.887580: do_swap_page: swapin tgid 600 pid 600 name "composer@2.3-se" vma 7ffffad000
           <...>-600   [004] ....  6995.887583: do_swap_page: swapin tgid 600 pid 600 name "composer@2.3-se" vma 7ffffae000
           <...>-600   [004] ....  6995.887586: do_swap_page: swapin tgid 600 pid 600 name "composer@2.3-se" vma 7ffffaf000
           <...>-600   [004] ....  6995.887589: do_swap_page: swapin tgid 600 pid 600 name "composer@2.3-se" vma 7ffffb0000
           <...>-600   [004] ....  6995.887592: do_swap_page: swapin tgid 600 pid 600 name "composer@2.3-se" vma 7ffffb1000
           <...>-600   [004] ....  6995.887595: do_swap_page: swapin tgid 600 pid 600 name "composer@2.3-se" vma 7ffffb2000
           <...>-600   [004] ....  6995.887597: do_swap_page: swapin tgid 600 pid 600 name "composer@2.3-se" vma 7ffffb3000
           <...>-600   [004] ....  6995.887601: do_swap_page: swapin tgid 600 pid 600 name "composer@2.3-se" vma 7ffffb4000
           <...>-600   [004] ....  6995.887605: do_swap_page: swapin tgid 600 pid 600 name "composer@2.3-se" vma 7ffffb5000
           <...>-600   [004] ....  6995.887608: do_swap_page: swapin tgid 600 pid 600 name "composer@2.3-se" vma 7ffffb6000
           <...>-600   [004] ....  6995.887611: do_swap_page: swapin tgid 600 pid 600 name "composer@2.3-se" vma 7ffffb7000
           <...>-600   [004] ....  6995.887613: do_swap_page: swapin tgid 600 pid 600 name "composer@2.3-se" vma 7ffffb8000
           <...>-600   [004] ....  6995.887616: do_swap_page: swapin tgid 600 pid 600 name "composer@2.3-se" vma 7ffffb9000
           <...>-600   [004] ....  6995.887619: do_swap_page: swapin tgid 600 pid 600 name "composer@2.3-se" vma 7ffffba000
           <...>-600   [004] ....  6995.887622: do_swap_page: swapin tgid 600 pid 600 name "composer@2.3-se" vma 7ffffbb000
           <...>-600   [004] ....  6995.887625: do_swap_page: swapin tgid 600 pid 600 name "composer@2.3-se" vma 7ffffbc000
           <...>-600   [004] ....  6995.887628: do_swap_page: swapin tgid 600 pid 600 name "composer@2.3-se" vma 7ffffbd000
           <...>-600   [004] ....  6995.887632: do_swap_page: swapin tgid 600 pid 600 name "composer@2.3-se" vma 7ffffbe000
           <...>-600   [004] ....  6995.887635: do_swap_page: swapin tgid 600 pid 600 name "composer@2.3-se" vma 7ffffbf000
           <...>-600   [004] ....  6995.887638: do_swap_page: swapin tgid 600 pid 600 name "composer@2.3-se" vma 7ffffc0000
           <...>-600   [004] ....  6995.887641: do_swap_page: swapin tgid 600 pid 600 name "composer@2.3-se" vma 7ffffc1000
           <...>-600   [004] ....  6995.887644: do_swap_page: swapin tgid 600 pid 600 name "composer@2.3-se" vma 7ffffc2000
           <...>-600   [004] ....  6995.887656: do_swap_page: swapin tgid 600 pid 600 name "composer@2.3-se" vma 7fb4617000
 droid.launcher3-2050  [004] ....  6995.887825: do_swap_page: swapin tgid 2050 pid 2050 name "droid.launcher3" vma 9dc26000
           <...>-600   [004] ....  6995.887949: do_swap_page: swapin tgid 600 pid 600 name "composer@2.3-se" vma 7fb4617000
           <...>-600   [004] ....  6995.887965: do_swap_page: swapin tgid 600 pid 600 name "composer@2.3-se" vma 7fb4618000
           <...>-600   [004] ....  6995.888204: do_swap_page: swapin tgid 600 pid 600 name "composer@2.3-se" vma 7fb4618000
           <...>-600   [004] ....  6995.888226: do_swap_page: swapin tgid 600 pid 600 name "composer@2.3-se" vma 7ffffa3000
           <...>-600   [004] ....  6995.888233: do_swap_page: swapin tgid 600 pid 600 name "composer@2.3-se" vma 7fb4636000
 droid.launcher3-2050  [004] ....  6995.888379: do_swap_page: swapin tgid 2050 pid 2050 name "droid.launcher3" vma 9dc26000
 droid.launcher3-2050  [004] ....  6995.888399: do_swap_page: swapin tgid 2050 pid 2050 name "droid.launcher3" vma 9dc01000
           <...>-600   [004] ....  6995.888485: do_swap_page: swapin tgid 600 pid 600 name "composer@2.3-se" vma 7fb4636000
           <...>-600   [004] ....  6995.888540: do_swap_page: swapin tgid 600 pid 600 name "composer@2.3-se" vma 7fb4654000
           <...>-600   [004] ....  6995.888837: do_swap_page: swapin tgid 600 pid 600 name "composer@2.3-se" vma 7fb4654000
           <...>-600   [004] ....  6995.888861: do_swap_page: swapin tgid 600 pid 600 name "composer@2.3-se" vma 7fb4637000
           <...>-600   [004] ....  6995.889089: do_swap_page: swapin tgid 600 pid 600 name "composer@2.3-se" vma 7fb4637000
           <...>-600   [004] ....  6995.889128: do_swap_page: swapin tgid 600 pid 600 name "composer@2.3-se" vma 7ffffa4000
           <...>-600   [004] ....  6995.889136: do_swap_page: swapin tgid 600 pid 600 name "composer@2.3-se" vma 7fb4638000
 droid.launcher3-2050  [004] ....  6995.889294: do_swap_page: swapin tgid 2050 pid 2050 name "droid.launcher3" vma 9dc01000
 droid.launcher3-2050  [004] ....  6995.889312: do_swap_page: swapin tgid 2050 pid 2050 name "droid.launcher3" vma 9dbb7000
           <...>-600   [004] ....  6995.889397: do_swap_page: swapin tgid 600 pid 600 name "composer@2.3-se" vma 7fb4638000
           <...>-600   [004] ....  6995.889435: do_swap_page: swapin tgid 600 pid 600 name "composer@2.3-se" vma 7fb5f1b000
           <...>-600   [004] ....  6995.889452: do_swap_page: swapin tgid 600 pid 600 name "composer@2.3-se" vma 7fb5f2f000
           <...>-600   [004] ....  6995.889455: do_swap_page: swapin tgid 600 pid 600 name "composer@2.3-se" vma 7fb5f2e000
           <...>-600   [004] ....  6995.889459: do_swap_page: swapin tgid 600 pid 600 name "composer@2.3-se" vma 7fb5f35000
  surfaceflinger-597   [004] ....  6995.890648: do_swap_page: swapin tgid 597 pid 597 name "surfaceflinger" vma 7fbbff1000
  surfaceflinger-597   [004] ....  6995.891006: do_swap_page: swapin tgid 597 pid 597 name "surfaceflinger" vma 7fbbff1000
  surfaceflinger-597   [004] ....  6995.891030: do_swap_page: swapin tgid 597 pid 597 name "surfaceflinger" vma 7fbc208000
 droid.launcher3-2050  [004] ....  6995.891470: do_swap_page: swapin tgid 2050 pid 2050 name "droid.launcher3" vma 9dbb7000
 droid.launcher3-2050  [004] ....  6995.891489: do_swap_page: swapin tgid 2050 pid 2050 name "droid.launcher3" vma 9dd73000
 droid.launcher3-2050  [004] ....  6995.891499: do_swap_page: swapin tgid 2050 pid 2050 name "droid.launcher3" vma 9dce5000
           <...>-1359  [004] ....  6995.891623: do_swap_page: swapin tgid 1338 pid 1359 name "android.ui" vma 146fc000
           <...>-1359  [004] ....  6995.891639: do_swap_page: swapin tgid 1338 pid 1359 name "android.ui" vma 9dbfe000
           <...>-1359  [004] ....  6995.891679: do_swap_page: swapin tgid 1338 pid 1359 name "android.ui" vma 7eb42fb000
           <...>-1359  [004] ....  6995.891862: do_swap_page: swapin tgid 1338 pid 1359 name "android.ui" vma 7f2d4c2000
           <...>-1359  [004] ....  6995.891923: do_swap_page: swapin tgid 1338 pid 1359 name "android.ui" vma 13f24000
           <...>-1359  [004] ....  6995.891952: do_swap_page: swapin tgid 1338 pid 1359 name "android.ui" vma 7f2adbf000
 droid.launcher3-2050  [004] ....  6995.892166: do_swap_page: swapin tgid 2050 pid 2050 name "droid.launcher3" vma 9dce5000
 droid.launcher3-2050  [004] ....  6995.892192: do_swap_page: swapin tgid 2050 pid 2050 name "droid.launcher3" vma 9dbf5000
 droid.launcher3-2050  [004] ....  6995.892488: do_swap_page: swapin tgid 2050 pid 2050 name "droid.launcher3" vma 9dbf5000
 droid.launcher3-2050  [004] ....  6995.892500: do_swap_page: swapin tgid 2050 pid 2050 name "droid.launcher3" vma 9dcda000
 ndroid.systemui-1676  [004] ....  6995.892597: do_swap_page: swapin tgid 1676 pid 1676 name "ndroid.systemui" vma 9de1d000
 ndroid.systemui-1676  [004] ....  6995.892624: do_swap_page: swapin tgid 1676 pid 1676 name "ndroid.systemui" vma 13db2000
 ndroid.systemui-1676  [004] ....  6995.892632: do_swap_page: swapin tgid 1676 pid 1676 name "ndroid.systemui" vma 9ddfe000
 droid.launcher3-2050  [004] ....  6995.892783: do_swap_page: swapin tgid 2050 pid 2050 name "droid.launcher3" vma 9dcda000
 droid.launcher3-2050  [004] ....  6995.892801: do_swap_page: swapin tgid 2050 pid 2050 name "droid.launcher3" vma 9dd01000
           <...>-1359  [004] ....  6995.892912: do_swap_page: swapin tgid 1338 pid 1359 name "android.ui" vma 7f2adbf000
           <...>-1359  [004] ....  6995.892937: do_swap_page: swapin tgid 1338 pid 1359 name "android.ui" vma 9df14000
 droid.launcher3-2050  [004] ....  6995.893085: do_swap_page: swapin tgid 2050 pid 2050 name "droid.launcher3" vma 9dd01000
 droid.launcher3-2050  [004] ....  6995.893104: do_swap_page: swapin tgid 2050 pid 2050 name "droid.launcher3" vma 9dce2000
 droid.launcher3-2050  [004] ....  6995.893108: do_swap_page: swapin tgid 2050 pid 2050 name "droid.launcher3" vma 9dc07000
 droid.launcher3-2050  [004] ....  6995.893282: do_swap_page: swapin tgid 2050 pid 2050 name "droid.launcher3" vma 9dc07000
 droid.launcher3-2050  [004] ....  6995.893294: do_swap_page: swapin tgid 2050 pid 2050 name "droid.launcher3" vma 13d45000
 droid.launcher3-2050  [004] ....  6995.893297: do_swap_page: swapin tgid 2050 pid 2050 name "droid.launcher3" vma 9dc0c000
 ndroid.systemui-1676  [004] ....  6995.893368: do_swap_page: swapin tgid 1676 pid 1676 name "ndroid.systemui" vma 9ddfe000
           <...>-1461  [004] ....  6995.893422: do_swap_page: swapin tgid 1338 pid 1461 name "InputDispatcher" vma 7e6466b000
 ndroid.systemui-1676  [004] ....  6995.893499: do_swap_page: swapin tgid 1676 pid 1676 name "ndroid.systemui" vma 7eac231000
 ndroid.systemui-1676  [004] ....  6995.893536: do_swap_page: swapin tgid 1676 pid 1676 name "ndroid.systemui" vma 9de31000
 droid.launcher3-2050  [004] ....  6995.893564: do_swap_page: swapin tgid 2050 pid 2050 name "droid.launcher3" vma 9dc0c000
 droid.launcher3-2050  [004] ....  6995.893571: do_swap_page: swapin tgid 2050 pid 2050 name "droid.launcher3" vma 13cb0000
 droid.launcher3-2050  [004] ....  6995.893573: do_swap_page: swapin tgid 2050 pid 2050 name "droid.launcher3" vma 9dbcc000
           <...>-1461  [004] ....  6995.893670: do_swap_page: swapin tgid 1338 pid 1461 name "InputDispatcher" vma 7e6466b000
     logd.writer-566   [004] ....  6995.893705: do_swap_page: swapin tgid 554 pid 566 name "logd.writer" vma 7fbbe61000
     logd.writer-566   [004] ....  6995.893716: do_swap_page: swapin tgid 554 pid 566 name "logd.writer" vma 7fb26f1000
     logd.writer-566   [004] ....  6995.893725: do_swap_page: swapin tgid 554 pid 566 name "logd.writer" vma 7fb25a8000
     logd.writer-566   [004] ....  6995.893727: do_swap_page: swapin tgid 554 pid 566 name "logd.writer" vma 7fb25e1000
     logd.writer-566   [004] ....  6995.893770: do_swap_page: swapin tgid 554 pid 566 name "logd.writer" vma 7fbbfbd000
 droid.launcher3-2050  [004] ....  6995.893801: do_swap_page: swapin tgid 2050 pid 2050 name "droid.launcher3" vma 9dbcc000
 droid.launcher3-2050  [004] ....  6995.893805: do_swap_page: swapin tgid 2050 pid 2050 name "droid.launcher3" vma 9dc11000
           <...>-1359  [004] ....  6995.893854: do_swap_page: swapin tgid 1338 pid 1359 name "android.ui" vma 9df14000
           <...>-1359  [004] ....  6995.893861: do_swap_page: swapin tgid 1338 pid 1359 name "android.ui" vma 9dda1000
     logd.writer-566   [004] ....  6995.893901: do_swap_page: swapin tgid 554 pid 566 name "logd.writer" vma 7fbbe6e000
     logd.writer-566   [004] ....  6995.893905: do_swap_page: swapin tgid 554 pid 566 name "logd.writer" vma 7fbbe0b000
 droid.launcher3-2050  [004] ....  6995.893935: do_swap_page: swapin tgid 2050 pid 2050 name "droid.launcher3" vma 9dc11000
 droid.launcher3-2050  [004] ....  6995.893940: do_swap_page: swapin tgid 2050 pid 2050 name "droid.launcher3" vma 13d42000
 droid.launcher3-2050  [004] ....  6995.893941: do_swap_page: swapin tgid 2050 pid 2050 name "droid.launcher3" vma 9dbc8000
 ndroid.systemui-1676  [004] ....  6995.893988: do_swap_page: swapin tgid 1676 pid 1676 name "ndroid.systemui" vma 9de31000
 ndroid.systemui-1676  [004] ....  6995.893997: do_swap_page: swapin tgid 1676 pid 1676 name "ndroid.systemui" vma 9ddf5000
           <...>-1359  [004] ....  6995.894041: do_swap_page: swapin tgid 1338 pid 1359 name "android.ui" vma 9dda1000
           <...>-1359  [004] ....  6995.894047: do_swap_page: swapin tgid 1338 pid 1359 name "android.ui" vma 9dc4f000
           <...>-1359  [004] ....  6995.894050: do_swap_page: swapin tgid 1338 pid 1359 name "android.ui" vma 9dd7e000
 droid.launcher3-2050  [004] ....  6995.894088: do_swap_page: swapin tgid 2050 pid 2050 name "droid.launcher3" vma 9dbc8000
 droid.launcher3-2050  [004] ....  6995.894093: do_swap_page: swapin tgid 2050 pid 2050 name "droid.launcher3" vma 9dc1a000
           <...>-1359  [004] ....  6995.894194: do_swap_page: swapin tgid 1338 pid 1359 name "android.ui" vma 9dd7e000
           <...>-1359  [004] ....  6995.894200: do_swap_page: swapin tgid 1338 pid 1359 name "android.ui" vma 9dbe6000
           <...>-1359  [004] ....  6995.894216: do_swap_page: swapin tgid 1338 pid 1359 name "android.ui" vma 9dcb8000
 droid.launcher3-2050  [004] ....  6995.894276: do_swap_page: swapin tgid 2050 pid 2050 name "droid.launcher3" vma 9dc1a000
 droid.launcher3-2050  [004] ....  6995.894281: do_swap_page: swapin tgid 2050 pid 2050 name "droid.launcher3" vma 13d53000
 droid.launcher3-2050  [004] ....  6995.894283: do_swap_page: swapin tgid 2050 pid 2050 name "droid.launcher3" vma 9dbf9000
 ndroid.systemui-1676  [004] ....  6995.894335: do_swap_page: swapin tgid 1676 pid 1676 name "ndroid.systemui" vma 9ddf5000
 ndroid.systemui-1676  [004] ....  6995.894349: do_swap_page: swapin tgid 1676 pid 1676 name "ndroid.systemui" vma 7fbe1a4000
 ndroid.systemui-1676  [004] ....  6995.894368: do_swap_page: swapin tgid 1676 pid 1676 name "ndroid.systemui" vma 13690000
 droid.launcher3-2050  [004] ....  6995.894399: do_swap_page: swapin tgid 2050 pid 2050 name "droid.launcher3" vma 9dbf9000
 droid.launcher3-2050  [004] ....  6995.894404: do_swap_page: swapin tgid 2050 pid 2050 name "droid.launcher3" vma 9dbc1000
 ndroid.systemui-1676  [004] ....  6995.894429: do_swap_page: swapin tgid 1676 pid 1676 name "ndroid.systemui" vma 136aa000
 ndroid.systemui-1676  [004] ....  6995.894439: do_swap_page: swapin tgid 1676 pid 1676 name "ndroid.systemui" vma 7f28892000
 ndroid.systemui-1676  [004] ....  6995.894453: do_swap_page: swapin tgid 1676 pid 1676 name "ndroid.systemui" vma 9ddd4000
     logd.writer-566   [004] ....  6995.894479: do_swap_page: swapin tgid 554 pid 566 name "logd.writer" vma 7fbbe0b000
     logd.writer-566   [004] ....  6995.894491: do_swap_page: swapin tgid 554 pid 566 name "logd.writer" vma 7fbbe29000
 droid.launcher3-2050  [004] ....  6995.894513: do_swap_page: swapin tgid 2050 pid 2050 name "droid.launcher3" vma 9dbc1000
 droid.launcher3-2050  [004] ....  6995.894519: do_swap_page: swapin tgid 2050 pid 2050 name "droid.launcher3" vma 13cb2000
 droid.launcher3-2050  [004] ....  6995.894520: do_swap_page: swapin tgid 2050 pid 2050 name "droid.launcher3" vma 9dc12000
     logd.writer-566   [004] ....  6995.894550: do_swap_page: swapin tgid 554 pid 566 name "logd.writer" vma 7fb26c1000
 droid.launcher3-2050  [004] ....  6995.894644: do_swap_page: swapin tgid 2050 pid 2050 name "droid.launcher3" vma 9dc12000
 droid.launcher3-2050  [004] ....  6995.894649: do_swap_page: swapin tgid 2050 pid 2050 name "droid.launcher3" vma 9dbfe000
 ndroid.systemui-1676  [004] ....  6995.894674: do_swap_page: swapin tgid 1676 pid 1676 name "ndroid.systemui" vma 9ddd4000
 ndroid.systemui-1676  [004] ....  6995.894684: do_swap_page: swapin tgid 1676 pid 1676 name "ndroid.systemui" vma 13345000
 ndroid.systemui-1676  [004] ....  6995.894688: do_swap_page: swapin tgid 1676 pid 1676 name "ndroid.systemui" vma 9deb1000
     logd.writer-566   [004] ....  6995.894744: do_swap_page: swapin tgid 554 pid 566 name "logd.writer" vma 7fb26c1000
     logd.writer-566   [004] ....  6995.894750: do_swap_page: swapin tgid 554 pid 566 name "logd.writer" vma 7fbbe08000
     logd.writer-566   [004] ....  6995.894753: do_swap_page: swapin tgid 554 pid 566 name "logd.writer" vma 7fbbe32000
 droid.launcher3-2050  [004] ....  6995.894787: do_swap_page: swapin tgid 2050 pid 2050 name "droid.launcher3" vma 9dbfe000
 droid.launcher3-2050  [004] ....  6995.894791: do_swap_page: swapin tgid 2050 pid 2050 name "droid.launcher3" vma 13cb6000
 droid.launcher3-2050  [004] ....  6995.894793: do_swap_page: swapin tgid 2050 pid 2050 name "droid.launcher3" vma 9dbf7000
 ndroid.systemui-1676  [004] ....  6995.894835: do_swap_page: swapin tgid 1676 pid 1676 name "ndroid.systemui" vma 9deb1000
 ndroid.systemui-1676  [004] ....  6995.894845: do_swap_page: swapin tgid 1676 pid 1676 name "ndroid.systemui" vma 9dd35000
 ndroid.systemui-1676  [004] ....  6995.894848: do_swap_page: swapin tgid 1676 pid 1676 name "ndroid.systemui" vma 9dea1000
 droid.launcher3-2050  [004] ....  6995.894919: do_swap_page: swapin tgid 2050 pid 2050 name "droid.launcher3" vma 9dbf7000
 droid.launcher3-2050  [004] ....  6995.894924: do_swap_page: swapin tgid 2050 pid 2050 name "droid.launcher3" vma 9dc43000
 ndroid.systemui-1676  [004] ....  6995.895002: do_swap_page: swapin tgid 1676 pid 1676 name "ndroid.systemui" vma 9dea1000
 ndroid.systemui-1676  [004] ....  6995.895007: do_swap_page: swapin tgid 1676 pid 1676 name "ndroid.systemui" vma 9dde5000
 droid.launcher3-2050  [004] ....  6995.895050: do_swap_page: swapin tgid 2050 pid 2050 name "droid.launcher3" vma 9dc43000
 droid.launcher3-2050  [004] ....  6995.895056: do_swap_page: swapin tgid 2050 pid 2050 name "droid.launcher3" vma 9dcee000
     logd.writer-566   [004] ....  6995.895085: do_swap_page: swapin tgid 554 pid 566 name "logd.writer" vma 7fbbe32000
 droid.launcher3-2050  [004] ....  6995.895227: do_swap_page: swapin tgid 2050 pid 2050 name "droid.launcher3" vma 9dcee000
 droid.launcher3-2050  [004] ....  6995.895231: do_swap_page: swapin tgid 2050 pid 2050 name "droid.launcher3" vma 9dc9a000
 ndroid.systemui-1676  [004] ....  6995.895260: do_swap_page: swapin tgid 1676 pid 1676 name "ndroid.systemui" vma 9dde5000
 ndroid.systemui-1676  [004] ....  6995.895266: do_swap_page: swapin tgid 1676 pid 1676 name "ndroid.systemui" vma 9dd56000
 ndroid.systemui-1676  [004] ....  6995.895268: do_swap_page: swapin tgid 1676 pid 1676 name "ndroid.systemui" vma 9de08000
 droid.launcher3-2050  [004] ....  6995.895352: do_swap_page: swapin tgid 2050 pid 2050 name "droid.launcher3" vma 9dc9a000
 droid.launcher3-2050  [004] ....  6995.895365: do_swap_page: swapin tgid 2050 pid 2050 name "droid.launcher3" vma 7fffffb000
 droid.launcher3-2050  [004] ....  6995.895373: do_swap_page: swapin tgid 2050 pid 2050 name "droid.launcher3" vma 7ec96a0000
 droid.launcher3-2050  [004] ....  6995.895379: do_swap_page: swapin tgid 2050 pid 2050 name "droid.launcher3" vma 7f28900000
 droid.launcher3-2050  [004] ....  6995.895388: do_swap_page: swapin tgid 2050 pid 2050 name "droid.launcher3" vma 9dcf3000
 ndroid.systemui-1676  [004] ....  6995.895434: do_swap_page: swapin tgid 1676 pid 1676 name "ndroid.systemui" vma 9de08000
 ndroid.systemui-1676  [004] ....  6995.895440: do_swap_page: swapin tgid 1676 pid 1676 name "ndroid.systemui" vma 9dd33000
 ndroid.systemui-1676  [004] ....  6995.895446: do_swap_page: swapin tgid 1676 pid 1676 name "ndroid.systemui" vma 9ddc1000
 droid.launcher3-2050  [004] ....  6995.895544: do_swap_page: swapin tgid 2050 pid 2050 name "droid.launcher3" vma 9dcf3000
 droid.launcher3-2050  [004] ....  6995.895550: do_swap_page: swapin tgid 2050 pid 2050 name "droid.launcher3" vma 7fffff9000
 droid.launcher3-2050  [004] ....  6995.895559: do_swap_page: swapin tgid 2050 pid 2050 name "droid.launcher3" vma 9dbdd000
 ndroid.systemui-1676  [004] ....  6995.895650: do_swap_page: swapin tgid 1676 pid 1676 name "ndroid.systemui" vma 9ddc1000
 ndroid.systemui-1676  [004] ....  6995.895656: do_swap_page: swapin tgid 1676 pid 1676 name "ndroid.systemui" vma 9dd21000
 ndroid.systemui-1676  [004] ....  6995.895659: do_swap_page: swapin tgid 1676 pid 1676 name "ndroid.systemui" vma 9ddd1000
 droid.launcher3-2050  [004] ....  6995.895686: do_swap_page: swapin tgid 2050 pid 2050 name "droid.launcher3" vma 9dbdd000
 droid.launcher3-2050  [004] ....  6995.895693: do_swap_page: swapin tgid 2050 pid 2050 name "droid.launcher3" vma 1329f000
 droid.launcher3-2050  [004] ....  6995.895697: do_swap_page: swapin tgid 2050 pid 2050 name "droid.launcher3" vma 9dc4c000
 droid.launcher3-2050  [004] ....  6995.895811: do_swap_page: swapin tgid 2050 pid 2050 name "droid.launcher3" vma 9dc4c000
 droid.launcher3-2050  [004] ....  6995.895815: do_swap_page: swapin tgid 2050 pid 2050 name "droid.launcher3" vma 9dcf4000
 droid.launcher3-2050  [004] ....  6995.897954: do_swap_page: swapin tgid 2050 pid 2050 name "droid.launcher3" vma 9dcf4000
 droid.launcher3-2050  [004] ....  6995.897959: do_swap_page: swapin tgid 2050 pid 2050 name "droid.launcher3" vma 9dcb1000
 droid.launcher3-2050  [004] ....  6995.897962: do_swap_page: swapin tgid 2050 pid 2050 name "droid.launcher3" vma 9dca4000
 ndroid.systemui-1676  [004] ....  6995.897991: do_swap_page: swapin tgid 1676 pid 1676 name "ndroid.systemui" vma 9ddd1000
 ndroid.systemui-1676  [004] ....  6995.897999: do_swap_page: swapin tgid 1676 pid 1676 name "ndroid.systemui" vma 7eac39c000
 ndroid.systemui-1676  [004] ....  6995.898013: do_swap_page: swapin tgid 1676 pid 1676 name "ndroid.systemui" vma 9de71000
 droid.launcher3-2050  [004] ....  6995.898086: do_swap_page: swapin tgid 2050 pid 2050 name "droid.launcher3" vma 9dca4000
 droid.launcher3-2050  [004] ....  6995.898091: do_swap_page: swapin tgid 2050 pid 2050 name "droid.launcher3" vma 9dbea000
 ndroid.systemui-1676  [004] ....  6995.898162: do_swap_page: swapin tgid 1676 pid 1676 name "ndroid.systemui" vma 9de71000
 ndroid.systemui-1676  [004] ....  6995.898167: do_swap_page: swapin tgid 1676 pid 1676 name "ndroid.systemui" vma 9ddaa000
 droid.launcher3-2050  [004] ....  6995.898215: do_swap_page: swapin tgid 2050 pid 2050 name "droid.launcher3" vma 9dbea000
 droid.launcher3-2050  [004] ....  6995.898220: do_swap_page: swapin tgid 2050 pid 2050 name "droid.launcher3" vma 12ecd000
 droid.launcher3-2050  [004] ....  6995.898222: do_swap_page: swapin tgid 2050 pid 2050 name "droid.launcher3" vma 9dc58000
 ndroid.systemui-1676  [004] ....  6995.898307: do_swap_page: swapin tgid 1676 pid 1676 name "ndroid.systemui" vma 9ddaa000
 ndroid.systemui-1676  [004] ....  6995.898313: do_swap_page: swapin tgid 1676 pid 1676 name "ndroid.systemui" vma 9ddfd000
 droid.launcher3-2050  [004] ....  6995.898350: do_swap_page: swapin tgid 2050 pid 2050 name "droid.launcher3" vma 9dc58000
 droid.launcher3-2050  [004] ....  6995.898356: do_swap_page: swapin tgid 2050 pid 2050 name "droid.launcher3" vma 9dcaf000
 droid.launcher3-2050  [004] ....  6995.898364: do_swap_page: swapin tgid 2050 pid 2050 name "droid.launcher3" vma 13ca3000
 droid.launcher3-2050  [004] ....  6995.898365: do_swap_page: swapin tgid 2050 pid 2050 name "droid.launcher3" vma 9dc55000
 ndroid.systemui-1676  [004] ....  6995.898481: do_swap_page: swapin tgid 1676 pid 1676 name "ndroid.systemui" vma 9ddfd000
 ndroid.systemui-1676  [004] ....  6995.898487: do_swap_page: swapin tgid 1676 pid 1676 name "ndroid.systemui" vma 9de5b000
 ndroid.systemui-1676  [004] ....  6995.898491: do_swap_page: swapin tgid 1676 pid 1676 name "ndroid.systemui" vma 9dd30000
 ndroid.systemui-1676  [004] ....  6995.898493: do_swap_page: swapin tgid 1676 pid 1676 name "ndroid.systemui" vma 9de9d000
 droid.launcher3-2050  [004] ....  6995.898524: do_swap_page: swapin tgid 2050 pid 2050 name "droid.launcher3" vma 9dc55000
 droid.launcher3-2050  [004] ....  6995.898528: do_swap_page: swapin tgid 2050 pid 2050 name "droid.launcher3" vma 9dcac000
 droid.launcher3-2050  [004] ....  6995.898706: do_swap_page: swapin tgid 2050 pid 2050 name "droid.launcher3" vma 9dcac000
 droid.launcher3-2050  [004] ....  6995.898712: do_swap_page: swapin tgid 2050 pid 2050 name "droid.launcher3" vma 13d44000
 droid.launcher3-2050  [004] ....  6995.898715: do_swap_page: swapin tgid 2050 pid 2050 name "droid.launcher3" vma 9dc08000
 ndroid.systemui-1676  [004] ....  6995.898769: do_swap_page: swapin tgid 1676 pid 1676 name "ndroid.systemui" vma 9de9d000
 ndroid.systemui-1676  [004] ....  6995.898774: do_swap_page: swapin tgid 1676 pid 1676 name "ndroid.systemui" vma 9dde0000
 droid.launcher3-2050  [004] ....  6995.898832: do_swap_page: swapin tgid 2050 pid 2050 name "droid.launcher3" vma 9dc08000
 droid.launcher3-2050  [004] ....  6995.898838: do_swap_page: swapin tgid 2050 pid 2050 name "droid.launcher3" vma 9dcd1000
 ndroid.systemui-1676  [004] ....  6995.898914: do_swap_page: swapin tgid 1676 pid 1676 name "ndroid.systemui" vma 9dde0000
 ndroid.systemui-1676  [004] ....  6995.898921: do_swap_page: swapin tgid 1676 pid 1676 name "ndroid.systemui" vma 9dd1c000
 ndroid.systemui-1676  [004] ....  6995.898926: do_swap_page: swapin tgid 1676 pid 1676 name "ndroid.systemui" vma 9ddcb000
 droid.launcher3-2050  [004] ....  6995.898962: do_swap_page: swapin tgid 2050 pid 2050 name "droid.launcher3" vma 9dcd1000
 droid.launcher3-2050  [004] ....  6995.898970: do_swap_page: swapin tgid 2050 pid 2050 name "droid.launcher3" vma 7f28909000
 droid.launcher3-2050  [004] ....  6995.898974: do_swap_page: swapin tgid 2050 pid 2050 name "droid.launcher3" vma 7eced21000
 droid.launcher3-2050  [004] ....  6995.898980: do_swap_page: swapin tgid 2050 pid 2050 name "droid.launcher3" vma 9dbc7000
 droid.launcher3-2050  [004] ....  6995.899112: do_swap_page: swapin tgid 2050 pid 2050 name "droid.launcher3" vma 9dbc7000
 droid.launcher3-2050  [004] ....  6995.899117: do_swap_page: swapin tgid 2050 pid 2050 name "droid.launcher3" vma 9dc62000
 ndroid.systemui-1676  [004] ....  6995.899169: do_swap_page: swapin tgid 1676 pid 1676 name "ndroid.systemui" vma 9ddcb000
 ndroid.systemui-1676  [004] ....  6995.899176: do_swap_page: swapin tgid 1676 pid 1676 name "ndroid.systemui" vma 9ddf3000
 droid.launcher3-2050  [004] ....  6995.899234: do_swap_page: swapin tgid 2050 pid 2050 name "droid.launcher3" vma 9dc62000
 droid.launcher3-2050  [004] ....  6995.899240: do_swap_page: swapin tgid 2050 pid 2050 name "droid.launcher3" vma 9dcb9000
 droid.launcher3-2050  [004] ....  6995.899244: do_swap_page: swapin tgid 2050 pid 2050 name "droid.launcher3" vma 9dcd7000
 droid.launcher3-2050  [004] ....  6995.899246: do_swap_page: swapin tgid 2050 pid 2050 name "droid.launcher3" vma 13cad000
 droid.launcher3-2050  [004] ....  6995.899248: do_swap_page: swapin tgid 2050 pid 2050 name "droid.launcher3" vma 9dc4b000
 ndroid.systemui-1676  [004] ....  6995.899299: do_swap_page: swapin tgid 1676 pid 1676 name "ndroid.systemui" vma 9ddf3000
 droid.launcher3-2050  [004] ....  6995.899369: do_swap_page: swapin tgid 2050 pid 2050 name "droid.launcher3" vma 9dc4b000
 droid.launcher3-2050  [004] ....  6995.899373: do_swap_page: swapin tgid 2050 pid 2050 name "droid.launcher3" vma 9dca1000
 ndroid.systemui-1676  [004] ....  6995.899419: do_swap_page: swapin tgid 1676 pid 1676 name "ndroid.systemui" vma 7ed1090000
 ndroid.systemui-1676  [004] ....  6995.899426: do_swap_page: swapin tgid 1676 pid 1676 name "ndroid.systemui" vma 7ed1091000
 ndroid.systemui-1676  [004] ....  6995.899438: do_swap_page: swapin tgid 1676 pid 1676 name "ndroid.systemui" vma 137f0000
 ndroid.systemui-1676  [004] ....  6995.899442: do_swap_page: swapin tgid 1676 pid 1676 name "ndroid.systemui" vma 137f1000
 ndroid.systemui-1676  [004] ....  6995.899447: do_swap_page: swapin tgid 1676 pid 1676 name "ndroid.systemui" vma 7fbbbd6000
 ndroid.systemui-1676  [004] ....  6995.899455: do_swap_page: swapin tgid 1676 pid 1676 name "ndroid.systemui" vma 7fbbbd5000
 droid.launcher3-2050  [004] ....  6995.899497: do_swap_page: swapin tgid 2050 pid 2050 name "droid.launcher3" vma 9dca1000
 droid.launcher3-2050  [004] ....  6995.899502: do_swap_page: swapin tgid 2050 pid 2050 name "droid.launcher3" vma 13d7a000
 droid.launcher3-2050  [004] ....  6995.899504: do_swap_page: swapin tgid 2050 pid 2050 name "droid.launcher3" vma 13ca5000
           <...>-1461  [004] ....  6995.899565: do_swap_page: swapin tgid 1338 pid 1461 name "InputDispatcher" vma 7f3980a000
 droid.launcher3-2050  [004] ....  6995.899731: do_swap_page: swapin tgid 2050 pid 2050 name "droid.launcher3" vma 13ca5000
 droid.launcher3-2050  [004] ....  6995.899736: do_swap_page: swapin tgid 2050 pid 2050 name "droid.launcher3" vma 13d54000
 droid.launcher3-2050  [004] ....  6995.899742: do_swap_page: swapin tgid 2050 pid 2050 name "droid.launcher3" vma 9dceb000
