           <...>-2050  [004] ....  8681.874817: do_swap_page: swapin tgid 2050 pid 2050 name "droid.launcher3" vma 7ec4911000
           <...>-2050  [004] ....  8681.874821: do_swap_page: swapin tgid 2050 pid 2050 name "droid.launcher3" vma 7ec4912000
           <...>-2050  [004] ....  8681.874830: do_swap_page: swapin tgid 2050 pid 2050 name "droid.launcher3" vma 9dc50000
           <...>-2050  [004] ....  8681.874928: do_swap_page: swapin tgid 2050 pid 2050 name "droid.launcher3" vma 9dc50000
           <...>-2050  [004] ....  8681.874930: do_swap_page: swapin tgid 2050 pid 2050 name "droid.launcher3" vma 9dcf6000
           <...>-2050  [004] ....  8681.875075: do_swap_page: swapin tgid 2050 pid 2050 name "droid.launcher3" vma 9dcf6000
           <...>-2050  [004] ....  8681.875078: do_swap_page: swapin tgid 2050 pid 2050 name "droid.launcher3" vma 9dca8000
           <...>-2050  [004] ....  8681.875179: do_swap_page: swapin tgid 2050 pid 2050 name "droid.launcher3" vma 9dca8000
           <...>-2050  [004] ....  8681.875188: do_swap_page: swapin tgid 2050 pid 2050 name "droid.launcher3" vma 7f2d04b000
           <...>-2050  [004] ....  8681.875191: do_swap_page: swapin tgid 2050 pid 2050 name "droid.launcher3" vma 7f2d026000
           <...>-2050  [004] ....  8681.875346: do_swap_page: swapin tgid 2050 pid 2050 name "droid.launcher3" vma 7f2d026000
           <...>-2050  [004] ....  8681.875356: do_swap_page: swapin tgid 2050 pid 2050 name "droid.launcher3" vma 12dc4000
           <...>-2050  [004] ....  8681.875358: do_swap_page: swapin tgid 2050 pid 2050 name "droid.launcher3" vma 7f35005000
           <...>-2050  [004] ....  8681.875363: do_swap_page: swapin tgid 2050 pid 2050 name "droid.launcher3" vma 7fbe291000
           <...>-2050  [004] ....  8681.875369: do_swap_page: swapin tgid 2050 pid 2050 name "droid.launcher3" vma 7fbf5e3000
           <...>-2050  [004] ....  8681.875546: do_swap_page: swapin tgid 2050 pid 2050 name "droid.launcher3" vma 7fbf5e3000
           <...>-2050  [004] ....  8681.875558: do_swap_page: swapin tgid 2050 pid 2050 name "droid.launcher3" vma 7f28adf000
           <...>-2050  [004] ....  8681.875561: do_swap_page: swapin tgid 2050 pid 2050 name "droid.launcher3" vma 7f28ae0000
           <...>-2050  [004] ....  8681.875566: do_swap_page: swapin tgid 2050 pid 2050 name "droid.launcher3" vma 13c80000
           <...>-2050  [004] ....  8681.875572: do_swap_page: swapin tgid 2050 pid 2050 name "droid.launcher3" vma 7fbe254000
           <...>-2050  [004] ....  8681.875579: do_swap_page: swapin tgid 2050 pid 2050 name "droid.launcher3" vma 7fbddf8000
           <...>-2050  [004] ....  8681.875762: do_swap_page: swapin tgid 2050 pid 2050 name "droid.launcher3" vma 7fbddf8000
           <...>-2050  [004] ....  8681.875767: do_swap_page: swapin tgid 2050 pid 2050 name "droid.launcher3" vma 12fd5000
           <...>-2050  [004] ....  8681.875772: do_swap_page: swapin tgid 2050 pid 2050 name "droid.launcher3" vma 71bb8000
           <...>-2050  [004] ....  8681.875882: do_swap_page: swapin tgid 2050 pid 2050 name "droid.launcher3" vma 71bb8000
           <...>-2050  [004] ....  8681.875886: do_swap_page: swapin tgid 2050 pid 2050 name "droid.launcher3" vma 71d25000
           <...>-2050  [004] ....  8681.875987: do_swap_page: swapin tgid 2050 pid 2050 name "droid.launcher3" vma 71d25000
           <...>-2050  [004] ....  8681.875989: do_swap_page: swapin tgid 2050 pid 2050 name "droid.launcher3" vma 13c96000
           <...>-2050  [004] ....  8681.876002: do_swap_page: swapin tgid 2050 pid 2050 name "droid.launcher3" vma 7f28a57000
           <...>-2050  [004] ....  8681.876011: do_swap_page: swapin tgid 2050 pid 2050 name "droid.launcher3" vma 7f288fb000
           <...>-2050  [004] ....  8681.876014: do_swap_page: swapin tgid 2050 pid 2050 name "droid.launcher3" vma 7ec4bf1000
           <...>-2050  [004] ....  8681.876024: do_swap_page: swapin tgid 2050 pid 2050 name "droid.launcher3" vma 13c85000
           <...>-2050  [004] ....  8681.876027: do_swap_page: swapin tgid 2050 pid 2050 name "droid.launcher3" vma 12fc0000
           <...>-2050  [004] ....  8681.876031: do_swap_page: swapin tgid 2050 pid 2050 name "droid.launcher3" vma 12ff5000
           <...>-2050  [004] ....  8681.876147: do_swap_page: swapin tgid 2050 pid 2050 name "droid.launcher3" vma 12ff5000
           <...>-2050  [004] ....  8681.876167: do_swap_page: swapin tgid 2050 pid 2050 name "droid.launcher3" vma 9dccb000
           <...>-2050  [004] ....  8681.876286: do_swap_page: swapin tgid 2050 pid 2050 name "droid.launcher3" vma 9dccb000
           <...>-2050  [004] ....  8681.876292: do_swap_page: swapin tgid 2050 pid 2050 name "droid.launcher3" vma 12fdb000
           <...>-2050  [004] ....  8681.876320: do_swap_page: swapin tgid 2050 pid 2050 name "droid.launcher3" vma 7fbf700000
           <...>-2050  [004] ....  8681.876329: do_swap_page: swapin tgid 2050 pid 2050 name "droid.launcher3" vma 7fbbce9000
           <...>-2050  [004] ....  8681.876332: do_swap_page: swapin tgid 2050 pid 2050 name "droid.launcher3" vma 7f28a45000
           <...>-2050  [004] ....  8681.876334: do_swap_page: swapin tgid 2050 pid 2050 name "droid.launcher3" vma 7fbe180000
           <...>-2050  [004] ....  8681.876337: do_swap_page: swapin tgid 2050 pid 2050 name "droid.launcher3" vma 7f2d075000
           <...>-2050  [004] ....  8681.876345: do_swap_page: swapin tgid 2050 pid 2050 name "droid.launcher3" vma 7f2d076000
           <...>-2050  [004] ....  8681.876657: do_swap_page: swapin tgid 2050 pid 2050 name "droid.launcher3" vma 7f2d076000
           <...>-5376  [004] ....  8681.876720: do_swap_page: swapin tgid 1338 pid 5376 name "Binder:1338_15" vma 7f2d4f7000
           <...>-1461  [004] ....  8681.876786: do_swap_page: swapin tgid 1338 pid 1461 name "InputDispatcher" vma 7e6c1db000
           <...>-1359  [004] ....  8681.876812: do_swap_page: swapin tgid 1338 pid 1359 name "android.ui" vma 7f28868000
           <...>-1359  [004] ....  8681.876822: do_swap_page: swapin tgid 1338 pid 1359 name "android.ui" vma 7e5ed00000
           <...>-1359  [004] ....  8681.876826: do_swap_page: swapin tgid 1338 pid 1359 name "android.ui" vma 7e5ed01000
           <...>-1359  [004] ....  8681.876844: do_swap_page: swapin tgid 1338 pid 1359 name "android.ui" vma 7e5ed1a000
           <...>-1359  [004] ....  8681.876908: do_swap_page: swapin tgid 1338 pid 1359 name "android.ui" vma 7e645fc000
           <...>-1359  [004] ....  8681.876914: do_swap_page: swapin tgid 1338 pid 1359 name "android.ui" vma 7e645fd000
           <...>-2050  [004] ....  8681.877048: do_swap_page: swapin tgid 2050 pid 2050 name "droid.launcher3" vma 7ec95b9000
           <...>-2050  [004] ....  8681.877055: do_swap_page: swapin tgid 2050 pid 2050 name "droid.launcher3" vma 7ec95ba000
           <...>-2050  [004] ....  8681.877068: do_swap_page: swapin tgid 2050 pid 2050 name "droid.launcher3" vma 13cac000
           <...>-2050  [004] ....  8681.877077: do_swap_page: swapin tgid 2050 pid 2050 name "droid.launcher3" vma 7fbe1d3000
           <...>-2050  [004] ....  8681.877081: do_swap_page: swapin tgid 2050 pid 2050 name "droid.launcher3" vma 7fbe2f3000
           <...>-2050  [004] ....  8681.877085: do_swap_page: swapin tgid 2050 pid 2050 name "droid.launcher3" vma 7fbe1c5000
           <...>-2050  [004] ....  8681.877117: do_swap_page: swapin tgid 2050 pid 2050 name "droid.launcher3" vma 7f288bb000
           <...>-2050  [004] ....  8681.877124: do_swap_page: swapin tgid 2050 pid 2050 name "droid.launcher3" vma 7fbd9bc000
           <...>-2050  [004] ....  8681.877126: do_swap_page: swapin tgid 2050 pid 2050 name "droid.launcher3" vma 7fbe166000
           <...>-2050  [004] ....  8681.877133: do_swap_page: swapin tgid 2050 pid 2050 name "droid.launcher3" vma 7f395f0000
 ndroid.systemui-1676  [004] ....  8681.877184: do_swap_page: swapin tgid 1676 pid 1676 name "ndroid.systemui" vma 7eb4e22000
 ndroid.systemui-1676  [004] ....  8681.877190: do_swap_page: swapin tgid 1676 pid 1676 name "ndroid.systemui" vma 7eb4e23000
 ndroid.systemui-1676  [004] ....  8681.877217: do_swap_page: swapin tgid 1676 pid 1676 name "ndroid.systemui" vma 7eca5d8000
           <...>-2050  [004] ....  8681.877251: do_swap_page: swapin tgid 2050 pid 2050 name "droid.launcher3" vma 7f395f0000
           <...>-2050  [004] ....  8681.877257: do_swap_page: swapin tgid 2050 pid 2050 name "droid.launcher3" vma 7eceb3d000
           <...>-2050  [004] ....  8681.877261: do_swap_page: swapin tgid 2050 pid 2050 name "droid.launcher3" vma 7fbe1ca000
           <...>-2050  [004] ....  8681.877264: do_swap_page: swapin tgid 2050 pid 2050 name "droid.launcher3" vma 7f28a55000
           <...>-2050  [004] ....  8681.877321: do_swap_page: swapin tgid 2050 pid 2050 name "droid.launcher3" vma 7fbe1d0000
    RenderThread-2176  [004] ....  8681.878135: do_swap_page: swapin tgid 1676 pid 2176 name "RenderThread" vma 7fbe1c5000
    RenderThread-2176  [004] ....  8681.878158: do_swap_page: swapin tgid 1676 pid 2176 name "RenderThread" vma 7fbe175000
           <...>-2526  [004] ....  8681.878199: do_swap_page: swapin tgid 2050 pid 2526 name "RenderThread" vma 7ecb71f000
           <...>-2526  [004] ....  8681.878206: do_swap_page: swapin tgid 2050 pid 2526 name "RenderThread" vma 7fbe231000
           <...>-2526  [004] ....  8681.878209: do_swap_page: swapin tgid 2050 pid 2526 name "RenderThread" vma 7ecb720000
           <...>-2526  [004] ....  8681.878211: do_swap_page: swapin tgid 2050 pid 2526 name "RenderThread" vma 7f288c6000
           <...>-2526  [004] ....  8681.878215: do_swap_page: swapin tgid 2050 pid 2526 name "RenderThread" vma 7fbd22b000
           <...>-2526  [004] ....  8681.878217: do_swap_page: swapin tgid 2050 pid 2526 name "RenderThread" vma 7fbe1eb000
           <...>-2526  [004] ....  8681.878224: do_swap_page: swapin tgid 2050 pid 2526 name "RenderThread" vma 7eceb19000
           <...>-2526  [004] ....  8681.878227: do_swap_page: swapin tgid 2050 pid 2526 name "RenderThread" vma 7ecb71e000
           <...>-2526  [004] ....  8681.878234: do_swap_page: swapin tgid 2050 pid 2526 name "RenderThread" vma 7fbcf54000
           <...>-2526  [004] ....  8681.878237: do_swap_page: swapin tgid 2050 pid 2526 name "RenderThread" vma 7fbe1fb000
           <...>-2526  [004] ....  8681.878240: do_swap_page: swapin tgid 2050 pid 2526 name "RenderThread" vma 7fbe301000
           <...>-2526  [004] ....  8681.878244: do_swap_page: swapin tgid 2050 pid 2526 name "RenderThread" vma 7eceaf6000
           <...>-2526  [004] ....  8681.878246: do_swap_page: swapin tgid 2050 pid 2526 name "RenderThread" vma 7ecead3000
           <...>-2526  [004] ....  8681.878247: do_swap_page: swapin tgid 2050 pid 2526 name "RenderThread" vma 7eceb05000
           <...>-2526  [004] ....  8681.878251: do_swap_page: swapin tgid 2050 pid 2526 name "RenderThread" vma 7ecea45000
           <...>-2526  [004] ....  8681.878254: do_swap_page: swapin tgid 2050 pid 2526 name "RenderThread" vma 7fbe175000
           <...>-2526  [004] ....  8681.878256: do_swap_page: swapin tgid 2050 pid 2526 name "RenderThread" vma 7f28a37000
           <...>-2526  [004] ....  8681.878259: do_swap_page: swapin tgid 2050 pid 2526 name "RenderThread" vma 7fbe2fe000
           <...>-6429  [004] ....  8681.878288: do_swap_page: swapin tgid 6353 pid 6429 name "RenderThread" vma 7ea822b000
           <...>-6429  [004] ....  8681.878298: do_swap_page: swapin tgid 6353 pid 6429 name "RenderThread" vma 7f28cac000
           <...>-6429  [004] ....  8681.878306: do_swap_page: swapin tgid 6353 pid 6429 name "RenderThread" vma 7f28ca5000
           <...>-6429  [004] ....  8681.878323: do_swap_page: swapin tgid 6353 pid 6429 name "RenderThread" vma 7ea822c000
           <...>-6429  [004] ....  8681.878329: do_swap_page: swapin tgid 6353 pid 6429 name "RenderThread" vma 7ea9368000
           <...>-6429  [004] ....  8681.878333: do_swap_page: swapin tgid 6353 pid 6429 name "RenderThread" vma 7ea822a000
           <...>-6429  [004] ....  8681.878381: do_swap_page: swapin tgid 6353 pid 6429 name "RenderThread" vma 7fbcf54000
           <...>-6429  [004] ....  8681.878386: do_swap_page: swapin tgid 6353 pid 6429 name "RenderThread" vma 7fbd9bc000
           <...>-6429  [004] ....  8681.878390: do_swap_page: swapin tgid 6353 pid 6429 name "RenderThread" vma 7f28c49000
           <...>-6429  [004] ....  8681.878393: do_swap_page: swapin tgid 6353 pid 6429 name "RenderThread" vma 7f28c2e000
           <...>-6429  [004] ....  8681.878397: do_swap_page: swapin tgid 6353 pid 6429 name "RenderThread" vma 7ea9366000
           <...>-6429  [004] ....  8681.878399: do_swap_page: swapin tgid 6353 pid 6429 name "RenderThread" vma 7ea9361000
           <...>-6429  [004] ....  8681.878400: do_swap_page: swapin tgid 6353 pid 6429 name "RenderThread" vma 7ea9363000
           <...>-6429  [004] ....  8681.878409: do_swap_page: swapin tgid 6353 pid 6429 name "RenderThread" vma 7e87c59000
           <...>-6429  [004] ....  8681.878413: do_swap_page: swapin tgid 6353 pid 6429 name "RenderThread" vma 7fbe294000
           <...>-6429  [004] ....  8681.878416: do_swap_page: swapin tgid 6353 pid 6429 name "RenderThread" vma 7f28d6d000
           <...>-6733  [004] ....  8681.878462: do_swap_page: swapin tgid 1338 pid 6733 name "RenderThread" vma 7e73185000
           <...>-6733  [004] ....  8681.878471: do_swap_page: swapin tgid 1338 pid 6733 name "RenderThread" vma 7eb4307000
           <...>-6733  [004] ....  8681.878476: do_swap_page: swapin tgid 1338 pid 6733 name "RenderThread" vma 7e73186000
           <...>-6733  [004] ....  8681.878479: do_swap_page: swapin tgid 1338 pid 6733 name "RenderThread" vma 7e5ed71000
           <...>-6733  [004] ....  8681.878483: do_swap_page: swapin tgid 1338 pid 6733 name "RenderThread" vma 7eb42e9000
           <...>-6733  [004] ....  8681.878486: do_swap_page: swapin tgid 1338 pid 6733 name "RenderThread" vma 7f2d5f3000
           <...>-6733  [004] ....  8681.878490: do_swap_page: swapin tgid 1338 pid 6733 name "RenderThread" vma 7e73184000
           <...>-6733  [004] ....  8681.878520: do_swap_page: swapin tgid 1338 pid 6733 name "RenderThread" vma 7fbcf54000
           <...>-6733  [004] ....  8681.878527: do_swap_page: swapin tgid 1338 pid 6733 name "RenderThread" vma 7ed0ec7000
           <...>-6733  [004] ....  8681.878530: do_swap_page: swapin tgid 1338 pid 6733 name "RenderThread" vma 7ed0ec8000
           <...>-6733  [004] ....  8681.878535: do_swap_page: swapin tgid 1338 pid 6733 name "RenderThread" vma 7f2d51c000
           <...>-6733  [004] ....  8681.878539: do_swap_page: swapin tgid 1338 pid 6733 name "RenderThread" vma 7e646bd000
           <...>-1459  [004] ....  8681.878565: do_swap_page: swapin tgid 597 pid 1459 name "Binder:597_4" vma 7fba66f000
           <...>-1459  [004] ....  8681.878572: do_swap_page: swapin tgid 597 pid 1459 name "Binder:597_4" vma 7fab940000
           <...>-1459  [004] ....  8681.878578: do_swap_page: swapin tgid 597 pid 1459 name "Binder:597_4" vma 7fab941000
           <...>-1459  [004] ....  8681.878580: do_swap_page: swapin tgid 597 pid 1459 name "Binder:597_4" vma 7fba63e000
           <...>-1459  [004] ....  8681.878586: do_swap_page: swapin tgid 597 pid 1459 name "Binder:597_4" vma 7fba670000
           <...>-1459  [004] ....  8681.878591: do_swap_page: swapin tgid 597 pid 1459 name "Binder:597_4" vma 7faa719000
           <...>-1459  [004] ....  8681.878594: do_swap_page: swapin tgid 597 pid 1459 name "Binder:597_4" vma 7faa71a000
    RenderThread-2176  [004] ....  8681.878623: do_swap_page: swapin tgid 1676 pid 2176 name "RenderThread" vma 7fbe175000
           <...>-1459  [004] ....  8681.878700: do_swap_page: swapin tgid 597 pid 1459 name "Binder:597_4" vma 7fba7d1000
           <...>-2526  [004] ....  8681.878777: do_swap_page: swapin tgid 2050 pid 2526 name "RenderThread" vma 7f2cf45000
           <...>-725   [004] ....  8681.878802: do_swap_page: swapin tgid 597 pid 725 name "Binder:597_3" vma 7faa410000
           <...>-725   [004] ....  8681.878809: do_swap_page: swapin tgid 597 pid 725 name "Binder:597_3" vma 7faa411000
           <...>-725   [004] ....  8681.878811: do_swap_page: swapin tgid 597 pid 725 name "Binder:597_3" vma 7fba62d000
           <...>-725   [004] ....  8681.878816: do_swap_page: swapin tgid 597 pid 725 name "Binder:597_3" vma 7fba63f000
           <...>-725   [004] ....  8681.878820: do_swap_page: swapin tgid 597 pid 725 name "Binder:597_3" vma 7faa6e6000
           <...>-725   [004] ....  8681.878821: do_swap_page: swapin tgid 597 pid 725 name "Binder:597_3" vma 7faa6e7000
           <...>-725   [004] ....  8681.878824: do_swap_page: swapin tgid 597 pid 725 name "Binder:597_3" vma 7fba656000
           <...>-2526  [004] ....  8681.878875: do_swap_page: swapin tgid 2050 pid 2526 name "RenderThread" vma 7fbe162000
           <...>-2526  [004] ....  8681.878880: do_swap_page: swapin tgid 2050 pid 2526 name "RenderThread" vma 7fbe2df000
           <...>-2526  [004] ....  8681.878885: do_swap_page: swapin tgid 2050 pid 2526 name "RenderThread" vma 7f28923000
           <...>-2526  [004] ....  8681.878888: do_swap_page: swapin tgid 2050 pid 2526 name "RenderThread" vma 7f2898a000
           <...>-2526  [004] ....  8681.878890: do_swap_page: swapin tgid 2050 pid 2526 name "RenderThread" vma 7f288c7000
           <...>-2526  [004] ....  8681.878893: do_swap_page: swapin tgid 2050 pid 2526 name "RenderThread" vma 7fbb6fc000
    RenderThread-2176  [004] ....  8681.879003: do_swap_page: swapin tgid 1676 pid 2176 name "RenderThread" vma 7ed12e4000
           <...>-2526  [004] ....  8681.879078: do_swap_page: swapin tgid 2050 pid 2526 name "RenderThread" vma 7fbb6fc000
           <...>-2526  [004] ....  8681.879085: do_swap_page: swapin tgid 2050 pid 2526 name "RenderThread" vma 7fbe2f1000
           <...>-2526  [004] ....  8681.879103: do_swap_page: swapin tgid 2050 pid 2526 name "RenderThread" vma 7f28a53000
           <...>-725   [004] ....  8681.879136: do_swap_page: swapin tgid 597 pid 725 name "Binder:597_3" vma 7fbf5e3000
           <...>-1361  [004] ....  8681.879207: do_swap_page: swapin tgid 1338 pid 1361 name "android.display" vma 7ecd8b2000
           <...>-1361  [004] ....  8681.879273: do_swap_page: swapin tgid 1338 pid 1361 name "android.display" vma 9df08000
    RenderThread-2176  [004] ....  8681.879301: do_swap_page: swapin tgid 1676 pid 2176 name "RenderThread" vma 7ed12e4000
    RenderThread-2176  [004] ....  8681.879307: do_swap_page: swapin tgid 1676 pid 2176 name "RenderThread" vma 7ed12e5000
    RenderThread-2176  [004] ....  8681.879313: do_swap_page: swapin tgid 1676 pid 2176 name "RenderThread" vma 7f2d4f3000
    RenderThread-2176  [004] ....  8681.879320: do_swap_page: swapin tgid 1676 pid 2176 name "RenderThread" vma 7fbb6fc000
           <...>-725   [004] ....  8681.879379: do_swap_page: swapin tgid 597 pid 725 name "Binder:597_3" vma 7fbf5e3000
           <...>-725   [004] ....  8681.879391: do_swap_page: swapin tgid 597 pid 725 name "Binder:597_3" vma 7fbdd65000
           <...>-725   [004] ....  8681.879412: do_swap_page: swapin tgid 597 pid 725 name "Binder:597_3" vma 7fb7528000
    RenderThread-2176  [004] ....  8681.879584: do_swap_page: swapin tgid 1676 pid 2176 name "RenderThread" vma 7fbb6fc000
           <...>-2526  [004] ....  8681.879640: do_swap_page: swapin tgid 2050 pid 2526 name "RenderThread" vma 7f395f1000
           <...>-1361  [004] ....  8681.879772: do_swap_page: swapin tgid 1338 pid 1361 name "android.display" vma 9df08000
           <...>-1361  [004] ....  8681.879825: do_swap_page: swapin tgid 1338 pid 1361 name "android.display" vma 7ed0d64000
           <...>-1361  [004] ....  8681.879836: do_swap_page: swapin tgid 1338 pid 1361 name "android.display" vma 7eb4cb1000
           <...>-2526  [004] ....  8681.879861: do_swap_page: swapin tgid 2050 pid 2526 name "RenderThread" vma 7f395f1000
           <...>-6429  [004] ....  8681.879973: do_swap_page: swapin tgid 6353 pid 6429 name "RenderThread" vma 7fbe162000
           <...>-6429  [004] ....  8681.879981: do_swap_page: swapin tgid 6353 pid 6429 name "RenderThread" vma 7f28923000
           <...>-6429  [004] ....  8681.879985: do_swap_page: swapin tgid 6353 pid 6429 name "RenderThread" vma 7f289c9000
           <...>-6429  [004] ....  8681.879987: do_swap_page: swapin tgid 6353 pid 6429 name "RenderThread" vma 7f28c04000
           <...>-6429  [004] ....  8681.879991: do_swap_page: swapin tgid 6353 pid 6429 name "RenderThread" vma 7fbb6fc000
           <...>-1361  [004] ....  8681.880046: do_swap_page: swapin tgid 1338 pid 1361 name "android.display" vma 7eb4cb1000
           <...>-1361  [004] ....  8681.880052: do_swap_page: swapin tgid 1338 pid 1361 name "android.display" vma 7ed0c70000
           <...>-1361  [004] ....  8681.880275: do_swap_page: swapin tgid 1338 pid 1361 name "android.display" vma 7ed0c70000
           <...>-1361  [004] ....  8681.880284: do_swap_page: swapin tgid 1338 pid 1361 name "android.display" vma 7f28a3b000
           <...>-1361  [004] ....  8681.880457: do_swap_page: swapin tgid 1338 pid 1361 name "android.display" vma 7f28a3b000
           <...>-1361  [004] ....  8681.880463: do_swap_page: swapin tgid 1338 pid 1361 name "android.display" vma 7e6c0e2000
           <...>-1361  [004] ....  8681.880618: do_swap_page: swapin tgid 1338 pid 1361 name "android.display" vma 7e6c0e2000
           <...>-1361  [004] ....  8681.880626: do_swap_page: swapin tgid 1338 pid 1361 name "android.display" vma 7e87bae000
           <...>-1361  [004] ....  8681.880838: do_swap_page: swapin tgid 1338 pid 1361 name "android.display" vma 7e87bae000
           <...>-1361  [004] ....  8681.880842: do_swap_page: swapin tgid 1338 pid 1361 name "android.display" vma 7f289c7000
           <...>-1361  [004] ....  8681.880996: do_swap_page: swapin tgid 1338 pid 1361 name "android.display" vma 7f289c7000
           <...>-1361  [004] ....  8681.881000: do_swap_page: swapin tgid 1338 pid 1361 name "android.display" vma 7e6c192000
           <...>-1361  [004] ....  8681.881176: do_swap_page: swapin tgid 1338 pid 1361 name "android.display" vma 7e6c192000
           <...>-1361  [004] ....  8681.881180: do_swap_page: swapin tgid 1338 pid 1361 name "android.display" vma 7e6c17c000
           <...>-1361  [004] ....  8681.881202: do_swap_page: swapin tgid 1338 pid 1361 name "android.display" vma 7f28890000
           <...>-1361  [004] ....  8681.881426: do_swap_page: swapin tgid 1338 pid 1361 name "android.display" vma 7f28890000
           <...>-1361  [004] ....  8681.881432: do_swap_page: swapin tgid 1338 pid 1361 name "android.display" vma 7e6c115000
           <...>-1361  [004] ....  8681.881639: do_swap_page: swapin tgid 1338 pid 1361 name "android.display" vma 7e6c115000
           <...>-1361  [004] ....  8681.881658: do_swap_page: swapin tgid 1338 pid 1361 name "android.display" vma 7e8798a000
           <...>-1361  [004] ....  8681.881817: do_swap_page: swapin tgid 1338 pid 1361 name "android.display" vma 7e8798a000
           <...>-1361  [004] ....  8681.881822: do_swap_page: swapin tgid 1338 pid 1361 name "android.display" vma 7eb4cb2000
           <...>-1361  [004] ....  8681.881896: do_swap_page: swapin tgid 1338 pid 1361 name "android.display" vma 9dcd8000
           <...>-1361  [004] ....  8681.882073: do_swap_page: swapin tgid 1338 pid 1361 name "android.display" vma 9dcd8000
           <...>-1361  [004] ....  8681.882403: do_swap_page: swapin tgid 1338 pid 1361 name "android.display" vma 7eb4368000
           <...>-1367  [004] ....  8681.882452: do_swap_page: swapin tgid 1338 pid 1367 name "android.bg" vma 9dedd000
           <...>-1543  [004] ....  8681.882493: do_swap_page: swapin tgid 1338 pid 1543 name "AudioService" vma 7e87947000
           <...>-1698  [004] ....  8681.882562: do_swap_page: swapin tgid 1676 pid 1698 name "Binder:1676_1" vma 132c9000
           <...>-1698  [004] ....  8681.882591: do_swap_page: swapin tgid 1676 pid 1698 name "Binder:1676_1" vma 7f2d5da000
           <...>-1698  [004] ....  8681.882599: do_swap_page: swapin tgid 1676 pid 1698 name "Binder:1676_1" vma 7f2d48a000
           <...>-2210  [004] ....  8681.882667: do_swap_page: swapin tgid 1792 pid 2210 name "Binder:1792_3" vma 7f2d468000
           <...>-2210  [004] ....  8681.882676: do_swap_page: swapin tgid 1792 pid 2210 name "Binder:1792_3" vma 7f2dc8d000
           <...>-2210  [004] ....  8681.882681: do_swap_page: swapin tgid 1792 pid 2210 name "Binder:1792_3" vma 7f2dc8e000
           <...>-1902  [004] ....  8681.882725: do_swap_page: swapin tgid 1871 pid 1902 name "Binder:1871_3" vma 7f289c5000
           <...>-1902  [004] ....  8681.882758: do_swap_page: swapin tgid 1871 pid 1902 name "Binder:1871_3" vma 7f2de37000
           <...>-1902  [004] ....  8681.882763: do_swap_page: swapin tgid 1871 pid 1902 name "Binder:1871_3" vma 7f2de38000
           <...>-2017  [004] ....  8681.882819: do_swap_page: swapin tgid 1896 pid 2017 name "Binder:1896_5" vma 7fbe241000
   Binder:1918_B-5511  [004] ....  8681.882883: do_swap_page: swapin tgid 1918 pid 5511 name "Binder:1918_B" vma 7fbe241000
           <...>-2001  [004] ....  8681.882914: do_swap_page: swapin tgid 1980 pid 2001 name "Binder:1980_3" vma 7f289c5000
           <...>-2001  [004] ....  8681.882924: do_swap_page: swapin tgid 1980 pid 2001 name "Binder:1980_3" vma 7f2de37000
           <...>-2001  [004] ....  8681.882928: do_swap_page: swapin tgid 1980 pid 2001 name "Binder:1980_3" vma 7f2de38000
           <...>-2257  [004] ....  8681.882956: do_swap_page: swapin tgid 1676 pid 2257 name "ScreenDecoratio" vma 7eb6d9c000
           <...>-2257  [004] ....  8681.882967: do_swap_page: swapin tgid 1676 pid 2257 name "ScreenDecoratio" vma 7eb6d9d000
           <...>-2257  [004] ....  8681.882970: do_swap_page: swapin tgid 1676 pid 2257 name "ScreenDecoratio" vma 7ed10fb000
           <...>-2257  [004] ....  8681.882974: do_swap_page: swapin tgid 1676 pid 2257 name "ScreenDecoratio" vma 7ed10fc000
           <...>-2257  [004] ....  8681.882976: do_swap_page: swapin tgid 1676 pid 2257 name "ScreenDecoratio" vma 7ed12ca000
           <...>-2257  [004] ....  8681.882981: do_swap_page: swapin tgid 1676 pid 2257 name "ScreenDecoratio" vma 7eb6d9b000
           <...>-2257  [004] ....  8681.882985: do_swap_page: swapin tgid 1676 pid 2257 name "ScreenDecoratio" vma 7eb6d9a000
           <...>-1543  [004] ....  8681.883044: do_swap_page: swapin tgid 1338 pid 1543 name "AudioService" vma 7e87947000
           <...>-1543  [004] ....  8681.883056: do_swap_page: swapin tgid 1338 pid 1543 name "AudioService" vma 7e87945000
           <...>-1543  [004] ....  8681.883062: do_swap_page: swapin tgid 1338 pid 1543 name "AudioService" vma 7e87944000
           <...>-2017  [004] ....  8681.883087: do_swap_page: swapin tgid 1896 pid 2017 name "Binder:1896_5" vma 7fbe241000
           <...>-2017  [004] ....  8681.883149: do_swap_page: swapin tgid 1896 pid 2017 name "Binder:1896_5" vma 7f2d41e000
           <...>-2017  [004] ....  8681.883162: do_swap_page: swapin tgid 1896 pid 2017 name "Binder:1896_5" vma 1340a000
           <...>-2001  [004] ....  8681.883185: do_swap_page: swapin tgid 1980 pid 2001 name "Binder:1980_3" vma 7f2de38000
           <...>-2001  [004] ....  8681.883191: do_swap_page: swapin tgid 1980 pid 2001 name "Binder:1980_3" vma 7f28a60000
           <...>-2001  [004] ....  8681.883195: do_swap_page: swapin tgid 1980 pid 2001 name "Binder:1980_3" vma 7fbe180000
           <...>-2001  [004] ....  8681.883233: do_swap_page: swapin tgid 1980 pid 2001 name "Binder:1980_3" vma 7fbe22b000
           <...>-2001  [004] ....  8681.883237: do_swap_page: swapin tgid 1980 pid 2001 name "Binder:1980_3" vma 7f289cb000
   Binder:1918_B-5511  [004] ....  8681.883281: do_swap_page: swapin tgid 1918 pid 5511 name "Binder:1918_B" vma 7fbe241000
   Binder:1918_B-5511  [004] ....  8681.883294: do_swap_page: swapin tgid 1918 pid 5511 name "Binder:1918_B" vma 14517000
           <...>-1902  [004] ....  8681.883325: do_swap_page: swapin tgid 1871 pid 1902 name "Binder:1871_3" vma 7f2de38000
           <...>-1902  [004] ....  8681.883333: do_swap_page: swapin tgid 1871 pid 1902 name "Binder:1871_3" vma 7fbe1db000
           <...>-1902  [004] ....  8681.883335: do_swap_page: swapin tgid 1871 pid 1902 name "Binder:1871_3" vma 7fbe180000
           <...>-1902  [004] ....  8681.883347: do_swap_page: swapin tgid 1871 pid 1902 name "Binder:1871_3" vma 7fbe22b000
           <...>-1902  [004] ....  8681.883349: do_swap_page: swapin tgid 1871 pid 1902 name "Binder:1871_3" vma 7f289cb000
           <...>-2210  [004] ....  8681.883377: do_swap_page: swapin tgid 1792 pid 2210 name "Binder:1792_3" vma 7f2dc8e000
           <...>-2210  [004] ....  8681.883383: do_swap_page: swapin tgid 1792 pid 2210 name "Binder:1792_3" vma 7f2d467000
           <...>-2210  [004] ....  8681.883385: do_swap_page: swapin tgid 1792 pid 2210 name "Binder:1792_3" vma 7fbe180000
           <...>-2210  [004] ....  8681.883389: do_swap_page: swapin tgid 1792 pid 2210 name "Binder:1792_3" vma 7f2d473000
   system_server-1338  [004] ....  8681.883436: do_swap_page: swapin tgid 1338 pid 1338 name "system_server" vma 9dedd000
   system_server-1338  [004] ....  8681.883496: do_swap_page: swapin tgid 1338 pid 1338 name "system_server" vma 9df1b000
           <...>-2257  [004] ....  8681.883525: do_swap_page: swapin tgid 1676 pid 2257 name "ScreenDecoratio" vma 7eb6d9a000
           <...>-2257  [004] ....  8681.883537: do_swap_page: swapin tgid 1676 pid 2257 name "ScreenDecoratio" vma 7f30b80000
           <...>-2257  [004] ....  8681.883541: do_swap_page: swapin tgid 1676 pid 2257 name "ScreenDecoratio" vma 12d4e000
           <...>-2257  [004] ....  8681.883547: do_swap_page: swapin tgid 1676 pid 2257 name "ScreenDecoratio" vma 13d07000
           <...>-2257  [004] ....  8681.883552: do_swap_page: swapin tgid 1676 pid 2257 name "ScreenDecoratio" vma 13d06000
           <...>-2257  [004] ....  8681.883586: do_swap_page: swapin tgid 1676 pid 2257 name "ScreenDecoratio" vma 7ec5cd5000
           <...>-2257  [004] ....  8681.883589: do_swap_page: swapin tgid 1676 pid 2257 name "ScreenDecoratio" vma 7ec5cd7000
           <...>-2257  [004] ....  8681.883598: do_swap_page: swapin tgid 1676 pid 2257 name "ScreenDecoratio" vma 7f2d568000
           <...>-2257  [004] ....  8681.883603: do_swap_page: swapin tgid 1676 pid 2257 name "ScreenDecoratio" vma 7f2d479000
           <...>-2257  [004] ....  8681.883611: do_swap_page: swapin tgid 1676 pid 2257 name "ScreenDecoratio" vma 7f2d56a000
  Binder:1338_13-4022  [004] ....  8681.883736: do_swap_page: swapin tgid 1338 pid 4022 name "Binder:1338_13" vma 7f2d541000
  Binder:1338_13-4022  [004] ....  8681.883746: do_swap_page: swapin tgid 1338 pid 4022 name "Binder:1338_13" vma 7e5ecb6000
           <...>-1543  [004] ....  8681.883796: do_swap_page: swapin tgid 1338 pid 1543 name "AudioService" vma 7e87944000
           <...>-1543  [004] ....  8681.883830: do_swap_page: swapin tgid 1338 pid 1543 name "AudioService" vma 9df21000
           <...>-6429  [004] ....  8681.883853: do_swap_page: swapin tgid 6353 pid 6429 name "RenderThread" vma 7fbb6fc000
   Binder:1918_B-5511  [004] ....  8681.883895: do_swap_page: swapin tgid 1918 pid 5511 name "Binder:1918_B" vma 14517000
   Binder:1918_B-5511  [004] ....  8681.883923: do_swap_page: swapin tgid 1918 pid 5511 name "Binder:1918_B" vma 7f2d564000
   Binder:1918_B-5511  [004] ....  8681.883935: do_swap_page: swapin tgid 1918 pid 5511 name "Binder:1918_B" vma 14599000
 m.android.phone-1918  [004] ....  8681.884014: do_swap_page: swapin tgid 1918 pid 1918 name "m.android.phone" vma 14550000
 m.android.phone-1918  [004] ....  8681.884023: do_swap_page: swapin tgid 1918 pid 1918 name "m.android.phone" vma 1450a000
 m.android.phone-1918  [004] ....  8681.884055: do_swap_page: swapin tgid 1918 pid 1918 name "m.android.phone" vma 13040000
 m.android.phone-1918  [004] ....  8681.884064: do_swap_page: swapin tgid 1918 pid 1918 name "m.android.phone" vma 7f28a35000
 m.android.phone-1918  [004] ....  8681.884074: do_swap_page: swapin tgid 1918 pid 1918 name "m.android.phone" vma 7f2cf44000
           <...>-2210  [004] ....  8681.884110: do_swap_page: swapin tgid 1792 pid 2210 name "Binder:1792_3" vma 7f2d473000
           <...>-2210  [004] ....  8681.884123: do_swap_page: swapin tgid 1792 pid 2210 name "Binder:1792_3" vma 7f2d415000
           <...>-2210  [004] ....  8681.884125: do_swap_page: swapin tgid 1792 pid 2210 name "Binder:1792_3" vma 7f2d41f000
           <...>-2001  [004] ....  8681.884152: do_swap_page: swapin tgid 1980 pid 2001 name "Binder:1980_3" vma 7f289cb000
           <...>-2001  [004] ....  8681.884158: do_swap_page: swapin tgid 1980 pid 2001 name "Binder:1980_3" vma 7f289d1000
           <...>-2001  [004] ....  8681.884163: do_swap_page: swapin tgid 1980 pid 2001 name "Binder:1980_3" vma 7fbbce9000
           <...>-1902  [004] ....  8681.884185: do_swap_page: swapin tgid 1871 pid 1902 name "Binder:1871_3" vma 7f289cb000
           <...>-1902  [004] ....  8681.884191: do_swap_page: swapin tgid 1871 pid 1902 name "Binder:1871_3" vma 7fbe2fb000
           <...>-1902  [004] ....  8681.884196: do_swap_page: swapin tgid 1871 pid 1902 name "Binder:1871_3" vma 7fbbce9000
           <...>-1543  [004] ....  8681.884222: do_swap_page: swapin tgid 1338 pid 1543 name "AudioService" vma 9df21000
 m.android.phone-1918  [004] ....  8681.884283: do_swap_page: swapin tgid 1918 pid 1918 name "m.android.phone" vma 7f2cf44000
 m.android.phone-1918  [004] ....  8681.884291: do_swap_page: swapin tgid 1918 pid 1918 name "m.android.phone" vma 7fbe1c5000
 m.android.phone-1918  [004] ....  8681.884297: do_swap_page: swapin tgid 1918 pid 1918 name "m.android.phone" vma 7ed0a79000
 m.android.phone-1918  [004] ....  8681.884300: do_swap_page: swapin tgid 1918 pid 1918 name "m.android.phone" vma 7f2cf45000
   system_server-1338  [004] ....  8681.884322: do_swap_page: swapin tgid 1338 pid 1338 name "system_server" vma 9df1b000
   system_server-1338  [004] ....  8681.884327: do_swap_page: swapin tgid 1338 pid 1338 name "system_server" vma 9df4e000
           <...>-2210  [004] ....  8681.884350: do_swap_page: swapin tgid 1792 pid 2210 name "Binder:1792_3" vma 7f2d41f000
           <...>-2210  [004] ....  8681.884373: do_swap_page: swapin tgid 1792 pid 2210 name "Binder:1792_3" vma 7f2d4a3000
           <...>-2210  [004] ....  8681.884380: do_swap_page: swapin tgid 1792 pid 2210 name "Binder:1792_3" vma 7fbbce9000
           <...>-2001  [004] ....  8681.884415: do_swap_page: swapin tgid 1980 pid 2001 name "Binder:1980_3" vma 7fbbce9000
           <...>-2001  [004] ....  8681.884421: do_swap_page: swapin tgid 1980 pid 2001 name "Binder:1980_3" vma 7fbe2f1000
           <...>-2001  [004] ....  8681.884424: do_swap_page: swapin tgid 1980 pid 2001 name "Binder:1980_3" vma 7fbe241000
           <...>-1902  [004] ....  8681.884464: do_swap_page: swapin tgid 1871 pid 1902 name "Binder:1871_3" vma 7fbbce9000
           <...>-1902  [004] ....  8681.884470: do_swap_page: swapin tgid 1871 pid 1902 name "Binder:1871_3" vma 7fbe2f1000
           <...>-1902  [004] ....  8681.884474: do_swap_page: swapin tgid 1871 pid 1902 name "Binder:1871_3" vma 7fbe241000
   system_server-1338  [004] ....  8681.884522: do_swap_page: swapin tgid 1338 pid 1338 name "system_server" vma 9df4e000
   system_server-1338  [004] ....  8681.884528: do_swap_page: swapin tgid 1338 pid 1338 name "system_server" vma 9df3f000
 m.android.phone-1918  [004] ....  8681.884551: do_swap_page: swapin tgid 1918 pid 1918 name "m.android.phone" vma 7f2cf45000
 m.android.phone-1918  [004] ....  8681.884557: do_swap_page: swapin tgid 1918 pid 1918 name "m.android.phone" vma 14585000
           <...>-2001  [004] ....  8681.884601: do_swap_page: swapin tgid 1980 pid 2001 name "Binder:1980_3" vma 7fbe241000
           <...>-2001  [004] ....  8681.884607: do_swap_page: swapin tgid 1980 pid 2001 name "Binder:1980_3" vma 7fbe1e9000
           <...>-2257  [004] ....  8681.884645: do_swap_page: swapin tgid 1676 pid 2257 name "ScreenDecoratio" vma 132b1000
           <...>-2257  [004] ....  8681.884650: do_swap_page: swapin tgid 1676 pid 2257 name "ScreenDecoratio" vma 132b2000
           <...>-2257  [004] ....  8681.884693: do_swap_page: swapin tgid 1676 pid 2257 name "ScreenDecoratio" vma 7f2d491000
           <...>-2257  [004] ....  8681.884728: do_swap_page: swapin tgid 1676 pid 2257 name "ScreenDecoratio" vma 13d3d000
           <...>-2257  [004] ....  8681.884733: do_swap_page: swapin tgid 1676 pid 2257 name "ScreenDecoratio" vma 13d3c000
   system_server-1338  [004] ....  8681.884832: do_swap_page: swapin tgid 1338 pid 1338 name "system_server" vma 9df3f000
           <...>-1543  [004] ....  8681.884900: do_swap_page: swapin tgid 1338 pid 1543 name "AudioService" vma 7eb425c000
           <...>-2210  [004] ....  8681.884958: do_swap_page: swapin tgid 1792 pid 2210 name "Binder:1792_3" vma 7fbbce9000
           <...>-2210  [004] ....  8681.884965: do_swap_page: swapin tgid 1792 pid 2210 name "Binder:1792_3" vma 7fbe2f1000
           <...>-2210  [004] ....  8681.884968: do_swap_page: swapin tgid 1792 pid 2210 name "Binder:1792_3" vma 7fbe241000
 m.android.phone-1918  [004] ....  8681.885046: do_swap_page: swapin tgid 1918 pid 1918 name "m.android.phone" vma 14585000
 m.android.phone-1918  [004] ....  8681.885056: do_swap_page: swapin tgid 1918 pid 1918 name "m.android.phone" vma 7f2d477000
           <...>-1902  [004] ....  8681.885080: do_swap_page: swapin tgid 1871 pid 1902 name "Binder:1871_3" vma 7fbe241000
           <...>-1902  [004] ....  8681.885087: do_swap_page: swapin tgid 1871 pid 1902 name "Binder:1871_3" vma 7fbe1e9000
           <...>-645   [004] ....  8681.885142: do_swap_page: swapin tgid 597 pid 645 name "Binder:597_2" vma 7fbe1ce000
           <...>-6429  [004] ....  8681.885169: do_swap_page: swapin tgid 6353 pid 6429 name "RenderThread" vma 7f28dc2000
           <...>-6429  [004] ....  8681.885260: do_swap_page: swapin tgid 6353 pid 6429 name "RenderThread" vma 7ea62c6000
           <...>-2001  [004] ....  8681.885284: do_swap_page: swapin tgid 1980 pid 2001 name "Binder:1980_3" vma 7fbe1e9000
           <...>-2001  [004] ....  8681.885319: do_swap_page: swapin tgid 1980 pid 2001 name "Binder:1980_3" vma 7f393cd000
 m.android.phone-1918  [004] ....  8681.885358: do_swap_page: swapin tgid 1918 pid 1918 name "m.android.phone" vma 7f2d477000
 m.android.phone-1918  [004] ....  8681.885365: do_swap_page: swapin tgid 1918 pid 1918 name "m.android.phone" vma 7f28a55000
 m.android.phone-1918  [004] ....  8681.885406: do_swap_page: swapin tgid 1918 pid 1918 name "m.android.phone" vma 7f288c4000
           <...>-1902  [004] ....  8681.885490: do_swap_page: swapin tgid 1871 pid 1902 name "Binder:1871_3" vma 7fbe1e9000
           <...>-1902  [004] ....  8681.885498: do_swap_page: swapin tgid 1871 pid 1902 name "Binder:1871_3" vma 7f393cd000
           <...>-2210  [004] ....  8681.885535: do_swap_page: swapin tgid 1792 pid 2210 name "Binder:1792_3" vma 7fbe241000
           <...>-2210  [004] ....  8681.885542: do_swap_page: swapin tgid 1792 pid 2210 name "Binder:1792_3" vma 7fbe1e9000
           <...>-2001  [004] ....  8681.885578: do_swap_page: swapin tgid 1980 pid 2001 name "Binder:1980_3" vma 7f393cd000
           <...>-2001  [004] ....  8681.885584: do_swap_page: swapin tgid 1980 pid 2001 name "Binder:1980_3" vma 7fbe165000
           <...>-2257  [004] ....  8681.885657: do_swap_page: swapin tgid 1676 pid 2257 name "ScreenDecoratio" vma 9de88000
           <...>-1902  [004] ....  8681.885723: do_swap_page: swapin tgid 1871 pid 1902 name "Binder:1871_3" vma 7f393cd000
           <...>-1902  [004] ....  8681.885729: do_swap_page: swapin tgid 1871 pid 1902 name "Binder:1871_3" vma 7fbe165000
           <...>-2001  [004] ....  8681.885751: do_swap_page: swapin tgid 1980 pid 2001 name "Binder:1980_3" vma 7fbe165000
           <...>-2001  [004] ....  8681.885758: do_swap_page: swapin tgid 1980 pid 2001 name "Binder:1980_3" vma 7f28a9a000
           <...>-2001  [004] ....  8681.885763: do_swap_page: swapin tgid 1980 pid 2001 name "Binder:1980_3" vma 7fb9c4f000
           <...>-2210  [004] ....  8681.885784: do_swap_page: swapin tgid 1792 pid 2210 name "Binder:1792_3" vma 7fbe1e9000
           <...>-2210  [004] ....  8681.885791: do_swap_page: swapin tgid 1792 pid 2210 name "Binder:1792_3" vma 7f393cd000
 m.android.phone-1918  [004] ....  8681.885826: do_swap_page: swapin tgid 1918 pid 1918 name "m.android.phone" vma 7ed0a78000
 m.android.phone-1918  [004] ....  8681.885856: do_swap_page: swapin tgid 1918 pid 1918 name "m.android.phone" vma 7f2d085000
           <...>-2257  [004] ....  8681.885879: do_swap_page: swapin tgid 1676 pid 2257 name "ScreenDecoratio" vma 9de88000
           <...>-2257  [004] ....  8681.885885: do_swap_page: swapin tgid 1676 pid 2257 name "ScreenDecoratio" vma 9ddc7000
           <...>-1359  [004] ....  8681.885950: do_swap_page: swapin tgid 1338 pid 1359 name "android.ui" vma 9defa000
           <...>-1902  [004] ....  8681.885987: do_swap_page: swapin tgid 1871 pid 1902 name "Binder:1871_3" vma 7fbe165000
           <...>-1902  [004] ....  8681.885994: do_swap_page: swapin tgid 1871 pid 1902 name "Binder:1871_3" vma 7f28aaa000
           <...>-1902  [004] ....  8681.886016: do_swap_page: swapin tgid 1871 pid 1902 name "Binder:1871_3" vma 7fb9c4f000
           <...>-2001  [004] ....  8681.886042: do_swap_page: swapin tgid 1980 pid 2001 name "Binder:1980_3" vma 7fb9c4f000
           <...>-2001  [004] ....  8681.886049: do_swap_page: swapin tgid 1980 pid 2001 name "Binder:1980_3" vma 7fbae76000
           <...>-2210  [004] ....  8681.886094: do_swap_page: swapin tgid 1792 pid 2210 name "Binder:1792_3" vma 7f393cd000
           <...>-2210  [004] ....  8681.886100: do_swap_page: swapin tgid 1792 pid 2210 name "Binder:1792_3" vma 7fbe165000
 m.android.phone-1918  [004] ....  8681.886153: do_swap_page: swapin tgid 1918 pid 1918 name "m.android.phone" vma 7f2d085000
 m.android.phone-1918  [004] ....  8681.886162: do_swap_page: swapin tgid 1918 pid 1918 name "m.android.phone" vma 719a1000
           <...>-1902  [004] ....  8681.886187: do_swap_page: swapin tgid 1871 pid 1902 name "Binder:1871_3" vma 7fb9c4f000
           <...>-1902  [004] ....  8681.886195: do_swap_page: swapin tgid 1871 pid 1902 name "Binder:1871_3" vma 7fbae76000
           <...>-2257  [004] ....  8681.886221: do_swap_page: swapin tgid 1676 pid 2257 name "ScreenDecoratio" vma 9ddc7000
           <...>-2001  [004] ....  8681.886350: do_swap_page: swapin tgid 1980 pid 2001 name "Binder:1980_3" vma 7fbae76000
           <...>-2001  [004] ....  8681.886356: do_swap_page: swapin tgid 1980 pid 2001 name "Binder:1980_3" vma 7f28a21000
           <...>-2001  [004] ....  8681.886360: do_swap_page: swapin tgid 1980 pid 2001 name "Binder:1980_3" vma 7f393cb000
           <...>-2001  [004] ....  8681.886366: do_swap_page: swapin tgid 1980 pid 2001 name "Binder:1980_3" vma 7f28a9b000
           <...>-2001  [004] ....  8681.886369: do_swap_page: swapin tgid 1980 pid 2001 name "Binder:1980_3" vma 7f3187e000
           <...>-2210  [004] ....  8681.886392: do_swap_page: swapin tgid 1792 pid 2210 name "Binder:1792_3" vma 7fbe165000
           <...>-2210  [004] ....  8681.886397: do_swap_page: swapin tgid 1792 pid 2210 name "Binder:1792_3" vma 7f2d462000
           <...>-2210  [004] ....  8681.886402: do_swap_page: swapin tgid 1792 pid 2210 name "Binder:1792_3" vma 7fb9c4f000
           <...>-1359  [004] ....  8681.886430: do_swap_page: swapin tgid 1338 pid 1359 name "android.ui" vma 9defa000
 m.android.phone-1918  [004] ....  8681.886493: do_swap_page: swapin tgid 1918 pid 1918 name "m.android.phone" vma 719a1000
 m.android.phone-1918  [004] ....  8681.886499: do_swap_page: swapin tgid 1918 pid 1918 name "m.android.phone" vma 14506000
           <...>-1902  [004] ....  8681.886538: do_swap_page: swapin tgid 1871 pid 1902 name "Binder:1871_3" vma 7fbae76000
           <...>-1902  [004] ....  8681.886544: do_swap_page: swapin tgid 1871 pid 1902 name "Binder:1871_3" vma 7f28a21000
           <...>-1902  [004] ....  8681.886548: do_swap_page: swapin tgid 1871 pid 1902 name "Binder:1871_3" vma 7f393cb000
           <...>-1902  [004] ....  8681.886550: do_swap_page: swapin tgid 1871 pid 1902 name "Binder:1871_3" vma 7f28aab000
           <...>-1902  [004] ....  8681.886554: do_swap_page: swapin tgid 1871 pid 1902 name "Binder:1871_3" vma 7f3187e000
           <...>-2001  [004] ....  8681.886582: do_swap_page: swapin tgid 1980 pid 2001 name "Binder:1980_3" vma 7f3187e000
           <...>-2001  [004] ....  8681.886590: do_swap_page: swapin tgid 1980 pid 2001 name "Binder:1980_3" vma 13788000
           <...>-2210  [004] ....  8681.886665: do_swap_page: swapin tgid 1792 pid 2210 name "Binder:1792_3" vma 7fb9c4f000
           <...>-2210  [004] ....  8681.886673: do_swap_page: swapin tgid 1792 pid 2210 name "Binder:1792_3" vma 7fbae76000
           <...>-1359  [004] ....  8681.886777: do_swap_page: swapin tgid 1338 pid 1359 name "android.ui" vma 7e5d62c000
           <...>-1359  [004] ....  8681.886924: do_swap_page: swapin tgid 1338 pid 1359 name "android.ui" vma 7e6c14e000
           <...>-1359  [004] ....  8681.886937: do_swap_page: swapin tgid 1338 pid 1359 name "android.ui" vma 7e64594000
           <...>-1359  [004] ....  8681.886951: do_swap_page: swapin tgid 1338 pid 1359 name "android.ui" vma 7e87999000
           <...>-1362  [004] ....  8681.886986: do_swap_page: swapin tgid 1338 pid 1362 name "android.anim" vma 7ecc7ad000
           <...>-1362  [004] ....  8681.886991: do_swap_page: swapin tgid 1338 pid 1362 name "android.anim" vma 7ecc7ab000
           <...>-1362  [004] ....  8681.886995: do_swap_page: swapin tgid 1338 pid 1362 name "android.anim" vma 7ecc7aa000
           <...>-1362  [004] ....  8681.887017: do_swap_page: swapin tgid 1338 pid 1362 name "android.anim" vma 7f28a28000
           <...>-1362  [004] ....  8681.887021: do_swap_page: swapin tgid 1338 pid 1362 name "android.anim" vma 7f28ae0000
           <...>-1362  [004] ....  8681.887029: do_swap_page: swapin tgid 1338 pid 1362 name "android.anim" vma 7fbe166000
           <...>-1362  [004] ....  8681.887034: do_swap_page: swapin tgid 1338 pid 1362 name "android.anim" vma 7f28a54000
           <...>-1362  [004] ....  8681.887065: do_swap_page: swapin tgid 1338 pid 1362 name "android.anim" vma 9df17000
 m.android.phone-1918  [004] ....  8681.887150: do_swap_page: swapin tgid 1918 pid 1918 name "m.android.phone" vma 14506000
 m.android.phone-1918  [004] ....  8681.887159: do_swap_page: swapin tgid 1918 pid 1918 name "m.android.phone" vma 7fbe167000
           <...>-1362  [004] ....  8681.887215: do_swap_page: swapin tgid 1338 pid 1362 name "android.anim" vma 9df17000
           <...>-1362  [004] ....  8681.887249: do_swap_page: swapin tgid 1338 pid 1362 name "android.anim" vma 9def8000
           <...>-2001  [004] ....  8681.887276: do_swap_page: swapin tgid 1980 pid 2001 name "Binder:1980_3" vma 13788000
           <...>-2001  [004] ....  8681.887284: do_swap_page: swapin tgid 1980 pid 2001 name "Binder:1980_3" vma 7fbe286000
           <...>-2001  [004] ....  8681.887289: do_swap_page: swapin tgid 1980 pid 2001 name "Binder:1980_3" vma 7fbe285000
           <...>-2001  [004] ....  8681.887291: do_swap_page: swapin tgid 1980 pid 2001 name "Binder:1980_3" vma 7f393cc000
           <...>-2210  [004] ....  8681.887318: do_swap_page: swapin tgid 1792 pid 2210 name "Binder:1792_3" vma 7fbae76000
           <...>-2210  [004] ....  8681.887324: do_swap_page: swapin tgid 1792 pid 2210 name "Binder:1792_3" vma 7f2d41a000
           <...>-2210  [004] ....  8681.887331: do_swap_page: swapin tgid 1792 pid 2210 name "Binder:1792_3" vma 7f393cb000
           <...>-2210  [004] ....  8681.887333: do_swap_page: swapin tgid 1792 pid 2210 name "Binder:1792_3" vma 7f2d463000
           <...>-2210  [004] ....  8681.887337: do_swap_page: swapin tgid 1792 pid 2210 name "Binder:1792_3" vma 7f3187e000
           <...>-1902  [004] ....  8681.887380: do_swap_page: swapin tgid 1871 pid 1902 name "Binder:1871_3" vma 7f3187e000
           <...>-1902  [004] ....  8681.887388: do_swap_page: swapin tgid 1871 pid 1902 name "Binder:1871_3" vma 132c3000
           <...>-2257  [004] ....  8681.887465: do_swap_page: swapin tgid 1676 pid 2257 name "ScreenDecoratio" vma 71d4b000
           <...>-2257  [004] ....  8681.887499: do_swap_page: swapin tgid 1676 pid 2257 name "ScreenDecoratio" vma 137ce000
           <...>-1362  [004] ....  8681.887529: do_swap_page: swapin tgid 1338 pid 1362 name "android.anim" vma 9def8000
           <...>-1362  [004] ....  8681.887628: do_swap_page: swapin tgid 1338 pid 1362 name "android.anim" vma 7ecc7a9000
           <...>-1362  [004] ....  8681.887668: do_swap_page: swapin tgid 1338 pid 1362 name "android.anim" vma 7e6c337000
           <...>-1362  [004] ....  8681.887881: do_swap_page: swapin tgid 1338 pid 1362 name "android.anim" vma 7ed0d87000
           <...>-1698  [004] ....  8681.887939: do_swap_page: swapin tgid 1676 pid 1698 name "Binder:1676_1" vma 9dc4d000
           <...>-645   [004] ....  8681.887988: do_swap_page: swapin tgid 597 pid 645 name "Binder:597_2" vma 7fba613000
           <...>-645   [004] ....  8681.887997: do_swap_page: swapin tgid 597 pid 645 name "Binder:597_2" vma 7fbd865000
 m.android.phone-1918  [004] ....  8681.888090: do_swap_page: swapin tgid 1918 pid 1918 name "m.android.phone" vma 7fbe167000
           <...>-645   [004] ....  8681.888149: do_swap_page: swapin tgid 597 pid 645 name "Binder:597_2" vma 7fbd865000
