           <...>-1918  [004] ....  6995.910164: do_swap_page: swapin tgid 1918 pid 1918 name "m.android.phone" vma 7f2cf45000
           <...>-1543  [004] ....  6995.910184: do_swap_page: swapin tgid 1338 pid 1543 name "AudioService" vma 9df1b000
           <...>-1543  [004] ....  6995.910189: do_swap_page: swapin tgid 1338 pid 1543 name "AudioService" vma 9df4e000
           <...>-2001  [004] ....  6995.910212: do_swap_page: swapin tgid 1980 pid 2001 name "Binder:1980_3" vma 7fbbce9000
           <...>-2001  [004] ....  6995.910218: do_swap_page: swapin tgid 1980 pid 2001 name "Binder:1980_3" vma 7fbe2f1000
           <...>-2001  [004] ....  6995.910221: do_swap_page: swapin tgid 1980 pid 2001 name "Binder:1980_3" vma 7fbe241000
           <...>-1902  [004] ....  6995.910247: do_swap_page: swapin tgid 1871 pid 1902 name "Binder:1871_3" vma 7fbbce9000
           <...>-1902  [004] ....  6995.910253: do_swap_page: swapin tgid 1871 pid 1902 name "Binder:1871_3" vma 7fbe2f1000
           <...>-1902  [004] ....  6995.910257: do_swap_page: swapin tgid 1871 pid 1902 name "Binder:1871_3" vma 7fbe241000
           <...>-2210  [004] ....  6995.910303: do_swap_page: swapin tgid 1792 pid 2210 name "Binder:1792_3" vma 7fbbce9000
           <...>-2210  [004] ....  6995.910309: do_swap_page: swapin tgid 1792 pid 2210 name "Binder:1792_3" vma 7fbe2f1000
           <...>-2210  [004] ....  6995.910312: do_swap_page: swapin tgid 1792 pid 2210 name "Binder:1792_3" vma 7fbe241000
           <...>-1918  [004] ....  6995.910359: do_swap_page: swapin tgid 1918 pid 1918 name "m.android.phone" vma 7f2cf45000
           <...>-1918  [004] ....  6995.910366: do_swap_page: swapin tgid 1918 pid 1918 name "m.android.phone" vma 14585000
           <...>-1338  [004] ....  6995.910403: do_swap_page: swapin tgid 1338 pid 1338 name "system_server" vma 9dedd000
           <...>-1338  [004] ....  6995.910452: do_swap_page: swapin tgid 1338 pid 1338 name "system_server" vma 14262000
           <...>-1338  [004] ....  6995.910461: do_swap_page: swapin tgid 1338 pid 1338 name "system_server" vma 13de6000
           <...>-1338  [004] ....  6995.910464: do_swap_page: swapin tgid 1338 pid 1338 name "system_server" vma 14024000
           <...>-1543  [004] ....  6995.910489: do_swap_page: swapin tgid 1338 pid 1543 name "AudioService" vma 9df4e000
           <...>-1543  [004] ....  6995.910492: do_swap_page: swapin tgid 1338 pid 1543 name "AudioService" vma 9df3f000
           <...>-2001  [004] ....  6995.910506: do_swap_page: swapin tgid 1980 pid 2001 name "Binder:1980_3" vma 7fbe241000
           <...>-2001  [004] ....  6995.910512: do_swap_page: swapin tgid 1980 pid 2001 name "Binder:1980_3" vma 7fbe1e9000
 ScreenDecoratio-2257  [004] ....  6995.910585: do_swap_page: swapin tgid 1676 pid 2257 name "ScreenDecoratio" vma 9de88000
           <...>-1918  [004] ....  6995.910614: do_swap_page: swapin tgid 1918 pid 1918 name "m.android.phone" vma 14585000
           <...>-1918  [004] ....  6995.910623: do_swap_page: swapin tgid 1918 pid 1918 name "m.android.phone" vma 7f2d477000
           <...>-2073  [004] ....  6995.910666: do_swap_page: swapin tgid 2050 pid 2073 name "Binder:2050_2" vma 7f2cf6a000
           <...>-2073  [004] ....  6995.910678: do_swap_page: swapin tgid 2050 pid 2073 name "Binder:2050_2" vma 12eca000
           <...>-2073  [004] ....  6995.910682: do_swap_page: swapin tgid 2050 pid 2073 name "Binder:2050_2" vma 7fbe254000
           <...>-2073  [004] ....  6995.910689: do_swap_page: swapin tgid 2050 pid 2073 name "Binder:2050_2" vma 7fbddf8000
           <...>-1902  [004] ....  6995.910729: do_swap_page: swapin tgid 1871 pid 1902 name "Binder:1871_3" vma 7fbe241000
           <...>-1902  [004] ....  6995.910736: do_swap_page: swapin tgid 1871 pid 1902 name "Binder:1871_3" vma 7fbe1e9000
           <...>-2210  [004] ....  6995.910762: do_swap_page: swapin tgid 1792 pid 2210 name "Binder:1792_3" vma 7fbe241000
           <...>-2210  [004] ....  6995.910769: do_swap_page: swapin tgid 1792 pid 2210 name "Binder:1792_3" vma 7fbe1e9000
           <...>-1543  [004] ....  6995.910830: do_swap_page: swapin tgid 1338 pid 1543 name "AudioService" vma 9df3f000
           <...>-1543  [004] ....  6995.910837: do_swap_page: swapin tgid 1338 pid 1543 name "AudioService" vma 7eb425c000
           <...>-1543  [004] ....  6995.910867: do_swap_page: swapin tgid 1338 pid 1543 name "AudioService" vma 12d40000
           <...>-1543  [004] ....  6995.910881: do_swap_page: swapin tgid 1338 pid 1543 name "AudioService" vma 71d4e000
           <...>-1543  [004] ....  6995.910884: do_swap_page: swapin tgid 1338 pid 1543 name "AudioService" vma 71d3b000
           <...>-1543  [004] ....  6995.910890: do_swap_page: swapin tgid 1338 pid 1543 name "AudioService" vma 7f34645000
           <...>-2001  [004] ....  6995.910919: do_swap_page: swapin tgid 1980 pid 2001 name "Binder:1980_3" vma 7fbe1e9000
           <...>-2001  [004] ....  6995.910926: do_swap_page: swapin tgid 1980 pid 2001 name "Binder:1980_3" vma 7f393cd000
           <...>-1918  [004] ....  6995.910979: do_swap_page: swapin tgid 1918 pid 1918 name "m.android.phone" vma 7f2d477000
           <...>-1918  [004] ....  6995.910987: do_swap_page: swapin tgid 1918 pid 1918 name "m.android.phone" vma 7f28a55000
           <...>-1918  [004] ....  6995.911020: do_swap_page: swapin tgid 1918 pid 1918 name "m.android.phone" vma 7f288c4000
           <...>-1918  [004] ....  6995.911090: do_swap_page: swapin tgid 1918 pid 1918 name "m.android.phone" vma 7fbe1d0000
           <...>-1918  [004] ....  6995.911100: do_swap_page: swapin tgid 1918 pid 1918 name "m.android.phone" vma 7f2d085000
           <...>-1338  [004] ....  6995.911153: do_swap_page: swapin tgid 1338 pid 1338 name "system_server" vma 14024000
           <...>-1338  [004] ....  6995.911174: do_swap_page: swapin tgid 1338 pid 1338 name "system_server" vma 146e5000
           <...>-1338  [004] ....  6995.911182: do_swap_page: swapin tgid 1338 pid 1338 name "system_server" vma 13ebb000
           <...>-1902  [004] ....  6995.911204: do_swap_page: swapin tgid 1871 pid 1902 name "Binder:1871_3" vma 7fbe1e9000
           <...>-1902  [004] ....  6995.911211: do_swap_page: swapin tgid 1871 pid 1902 name "Binder:1871_3" vma 7f393cd000
           <...>-2210  [004] ....  6995.911240: do_swap_page: swapin tgid 1792 pid 2210 name "Binder:1792_3" vma 7fbe1e9000
           <...>-2210  [004] ....  6995.911265: do_swap_page: swapin tgid 1792 pid 2210 name "Binder:1792_3" vma 7f393cd000
           <...>-2001  [004] ....  6995.911292: do_swap_page: swapin tgid 1980 pid 2001 name "Binder:1980_3" vma 7f393cd000
           <...>-2001  [004] ....  6995.911298: do_swap_page: swapin tgid 1980 pid 2001 name "Binder:1980_3" vma 7fbe165000
           <...>-2073  [004] ....  6995.911341: do_swap_page: swapin tgid 2050 pid 2073 name "Binder:2050_2" vma 7fbddf8000
           <...>-2073  [004] ....  6995.911348: do_swap_page: swapin tgid 2050 pid 2073 name "Binder:2050_2" vma 132ba000
           <...>-2073  [004] ....  6995.911351: do_swap_page: swapin tgid 2050 pid 2073 name "Binder:2050_2" vma 12ed1000
           <...>-2073  [004] ....  6995.911353: do_swap_page: swapin tgid 2050 pid 2073 name "Binder:2050_2" vma 7f35005000
           <...>-2073  [004] ....  6995.911360: do_swap_page: swapin tgid 2050 pid 2073 name "Binder:2050_2" vma 7fbe25d000
           <...>-2073  [004] ....  6995.911367: do_swap_page: swapin tgid 2050 pid 2073 name "Binder:2050_2" vma 7f2d489000
           <...>-2073  [004] ....  6995.911376: do_swap_page: swapin tgid 2050 pid 2073 name "Binder:2050_2" vma 12ed4000
           <...>-2073  [004] ....  6995.911388: do_swap_page: swapin tgid 2050 pid 2073 name "Binder:2050_2" vma 71bd6000
           <...>-2073  [004] ....  6995.911400: do_swap_page: swapin tgid 2050 pid 2073 name "Binder:2050_2" vma 7f2d482000
  UiThreadHelper-2106  [004] ....  6995.911415: do_swap_page: swapin tgid 2050 pid 2106 name "UiThreadHelper" vma 7ed0f40000
  UiThreadHelper-2106  [004] ....  6995.911424: do_swap_page: swapin tgid 2050 pid 2106 name "UiThreadHelper" vma 7ed0f41000
           <...>-1902  [004] ....  6995.911466: do_swap_page: swapin tgid 1871 pid 1902 name "Binder:1871_3" vma 7f393cd000
           <...>-1902  [004] ....  6995.911471: do_swap_page: swapin tgid 1871 pid 1902 name "Binder:1871_3" vma 7fbe165000
           <...>-1918  [004] ....  6995.911516: do_swap_page: swapin tgid 1918 pid 1918 name "m.android.phone" vma 7f2d085000
           <...>-1918  [004] ....  6995.911524: do_swap_page: swapin tgid 1918 pid 1918 name "m.android.phone" vma 719a1000
           <...>-2210  [004] ....  6995.911548: do_swap_page: swapin tgid 1792 pid 2210 name "Binder:1792_3" vma 7f393cd000
           <...>-2210  [004] ....  6995.911554: do_swap_page: swapin tgid 1792 pid 2210 name "Binder:1792_3" vma 7fbe165000
 ScreenDecoratio-2257  [004] ....  6995.911582: do_swap_page: swapin tgid 1676 pid 2257 name "ScreenDecoratio" vma 9de88000
 ScreenDecoratio-2257  [004] ....  6995.911587: do_swap_page: swapin tgid 1676 pid 2257 name "ScreenDecoratio" vma 9ddc7000
           <...>-2001  [004] ....  6995.911613: do_swap_page: swapin tgid 1980 pid 2001 name "Binder:1980_3" vma 7fbe165000
           <...>-2001  [004] ....  6995.911620: do_swap_page: swapin tgid 1980 pid 2001 name "Binder:1980_3" vma 7f28a9a000
           <...>-2001  [004] ....  6995.911623: do_swap_page: swapin tgid 1980 pid 2001 name "Binder:1980_3" vma 7fb9c4f000
 droid.launcher3-2050  [004] ....  6995.911645: do_swap_page: swapin tgid 2050 pid 2050 name "droid.launcher3" vma 9dbd3000
 droid.launcher3-2050  [004] ....  6995.911651: do_swap_page: swapin tgid 2050 pid 2050 name "droid.launcher3" vma 9dbd2000
  UiThreadHelper-2106  [004] ....  6995.911700: do_swap_page: swapin tgid 2050 pid 2106 name "UiThreadHelper" vma 7ed0f41000
  UiThreadHelper-2106  [004] ....  6995.911706: do_swap_page: swapin tgid 2050 pid 2106 name "UiThreadHelper" vma 7f28a87000
  UiThreadHelper-2106  [004] ....  6995.911710: do_swap_page: swapin tgid 2050 pid 2106 name "UiThreadHelper" vma 7f28a88000
  UiThreadHelper-2106  [004] ....  6995.911711: do_swap_page: swapin tgid 2050 pid 2106 name "UiThreadHelper" vma 7f28a22000
  UiThreadHelper-2106  [004] ....  6995.911715: do_swap_page: swapin tgid 2050 pid 2106 name "UiThreadHelper" vma 7ed0f3f000
  UiThreadHelper-2106  [004] ....  6995.911738: do_swap_page: swapin tgid 2050 pid 2106 name "UiThreadHelper" vma 7f313af000
  UiThreadHelper-2106  [004] ....  6995.911742: do_swap_page: swapin tgid 2050 pid 2106 name "UiThreadHelper" vma 12ccd000
  UiThreadHelper-2106  [004] ....  6995.911746: do_swap_page: swapin tgid 2050 pid 2106 name "UiThreadHelper" vma 9dcfd000
           <...>-1902  [004] ....  6995.911767: do_swap_page: swapin tgid 1871 pid 1902 name "Binder:1871_3" vma 7fbe165000
           <...>-1902  [004] ....  6995.911777: do_swap_page: swapin tgid 1871 pid 1902 name "Binder:1871_3" vma 7f28aaa000
           <...>-1902  [004] ....  6995.911780: do_swap_page: swapin tgid 1871 pid 1902 name "Binder:1871_3" vma 7fb9c4f000
 ScreenDecoratio-2257  [004] ....  6995.911828: do_swap_page: swapin tgid 1676 pid 2257 name "ScreenDecoratio" vma 9ddc7000
  UiThreadHelper-2106  [004] ....  6995.911987: do_swap_page: swapin tgid 2050 pid 2106 name "UiThreadHelper" vma 9dcfd000
  UiThreadHelper-2106  [004] ....  6995.911992: do_swap_page: swapin tgid 2050 pid 2106 name "UiThreadHelper" vma 9dcd9000
  UiThreadHelper-2106  [004] ....  6995.911996: do_swap_page: swapin tgid 2050 pid 2106 name "UiThreadHelper" vma 9dcb8000
  UiThreadHelper-2106  [004] ....  6995.912000: do_swap_page: swapin tgid 2050 pid 2106 name "UiThreadHelper" vma 13c95000
           <...>-1918  [004] ....  6995.912027: do_swap_page: swapin tgid 1918 pid 1918 name "m.android.phone" vma 719a1000
           <...>-1918  [004] ....  6995.912035: do_swap_page: swapin tgid 1918 pid 1918 name "m.android.phone" vma 14506000
           <...>-2210  [004] ....  6995.912059: do_swap_page: swapin tgid 1792 pid 2210 name "Binder:1792_3" vma 7fbe165000
           <...>-2210  [004] ....  6995.912065: do_swap_page: swapin tgid 1792 pid 2210 name "Binder:1792_3" vma 7f2d462000
           <...>-2210  [004] ....  6995.912068: do_swap_page: swapin tgid 1792 pid 2210 name "Binder:1792_3" vma 7fb9c4f000
           <...>-2001  [004] ....  6995.912095: do_swap_page: swapin tgid 1980 pid 2001 name "Binder:1980_3" vma 7fb9c4f000
           <...>-2001  [004] ....  6995.912101: do_swap_page: swapin tgid 1980 pid 2001 name "Binder:1980_3" vma 7fbae76000
  UiThreadHelper-2106  [004] ....  6995.912140: do_swap_page: swapin tgid 2050 pid 2106 name "UiThreadHelper" vma 13c95000
  UiThreadHelper-2106  [004] ....  6995.912155: do_swap_page: swapin tgid 2050 pid 2106 name "UiThreadHelper" vma 13c85000
  UiThreadHelper-2106  [004] ....  6995.912165: do_swap_page: swapin tgid 2050 pid 2106 name "UiThreadHelper" vma 12cc9000
  UiThreadHelper-2106  [004] ....  6995.912169: do_swap_page: swapin tgid 2050 pid 2106 name "UiThreadHelper" vma 7f28a08000
  UiThreadHelper-2106  [004] ....  6995.912171: do_swap_page: swapin tgid 2050 pid 2106 name "UiThreadHelper" vma 7f28a09000
  UiThreadHelper-2106  [004] ....  6995.912174: do_swap_page: swapin tgid 2050 pid 2106 name "UiThreadHelper" vma 7f2d47c000
  UiThreadHelper-2106  [004] ....  6995.912177: do_swap_page: swapin tgid 2050 pid 2106 name "UiThreadHelper" vma 7f2d494000
  UiThreadHelper-2106  [004] ....  6995.912179: do_swap_page: swapin tgid 2050 pid 2106 name "UiThreadHelper" vma 7f2d493000
  UiThreadHelper-2106  [004] ....  6995.912180: do_swap_page: swapin tgid 2050 pid 2106 name "UiThreadHelper" vma 7f2d4d4000
  UiThreadHelper-2106  [004] ....  6995.912187: do_swap_page: swapin tgid 2050 pid 2106 name "UiThreadHelper" vma 7f2d481000
  UiThreadHelper-2106  [004] ....  6995.912208: do_swap_page: swapin tgid 2050 pid 2106 name "UiThreadHelper" vma 7f2d478000
  UiThreadHelper-2106  [004] ....  6995.912212: do_swap_page: swapin tgid 2050 pid 2106 name "UiThreadHelper" vma 12ed8000
           <...>-1918  [004] ....  6995.912239: do_swap_page: swapin tgid 1918 pid 1918 name "m.android.phone" vma 14506000
           <...>-1918  [004] ....  6995.912245: do_swap_page: swapin tgid 1918 pid 1918 name "m.android.phone" vma 7fbe167000
           <...>-1902  [004] ....  6995.912267: do_swap_page: swapin tgid 1871 pid 1902 name "Binder:1871_3" vma 7fb9c4f000
           <...>-1902  [004] ....  6995.912274: do_swap_page: swapin tgid 1871 pid 1902 name "Binder:1871_3" vma 7fbae76000
           <...>-2210  [004] ....  6995.912314: do_swap_page: swapin tgid 1792 pid 2210 name "Binder:1792_3" vma 7fb9c4f000
           <...>-2210  [004] ....  6995.912321: do_swap_page: swapin tgid 1792 pid 2210 name "Binder:1792_3" vma 7fbae76000
 ScreenDecoratio-2257  [004] ....  6995.912377: do_swap_page: swapin tgid 1676 pid 2257 name "ScreenDecoratio" vma 137ce000
  UiThreadHelper-2106  [004] ....  6995.912441: do_swap_page: swapin tgid 2050 pid 2106 name "UiThreadHelper" vma 12ed8000
  UiThreadHelper-2106  [004] ....  6995.912452: do_swap_page: swapin tgid 2050 pid 2106 name "UiThreadHelper" vma 7f2d477000
           <...>-2001  [004] ....  6995.912727: do_swap_page: swapin tgid 1980 pid 2001 name "Binder:1980_3" vma 7fbae76000
           <...>-2001  [004] ....  6995.912734: do_swap_page: swapin tgid 1980 pid 2001 name "Binder:1980_3" vma 7f28a21000
           <...>-2001  [004] ....  6995.912738: do_swap_page: swapin tgid 1980 pid 2001 name "Binder:1980_3" vma 7f393cb000
           <...>-2001  [004] ....  6995.912741: do_swap_page: swapin tgid 1980 pid 2001 name "Binder:1980_3" vma 7fbe23c000
  UiThreadHelper-2106  [004] ....  6995.912789: do_swap_page: swapin tgid 2050 pid 2106 name "UiThreadHelper" vma 7f2d477000
           <...>-1862  [004] ....  6995.912860: do_swap_page: swapin tgid 1338 pid 1862 name "Binder:1338_8" vma 7e5ff89000
           <...>-1862  [004] ....  6995.912865: do_swap_page: swapin tgid 1338 pid 1862 name "Binder:1338_8" vma 7e5ff8a000
           <...>-1862  [004] ....  6995.912867: do_swap_page: swapin tgid 1338 pid 1862 name "Binder:1338_8" vma 7e879e7000
           <...>-1862  [004] ....  6995.912875: do_swap_page: swapin tgid 1338 pid 1862 name "Binder:1338_8" vma 7ed0d52000
           <...>-1862  [004] .n..  6995.912899: do_swap_page: swapin tgid 1338 pid 1862 name "Binder:1338_8" vma 7e6c141000
           <...>-1862  [004] ....  6995.912908: do_swap_page: swapin tgid 1338 pid 1862 name "Binder:1338_8" vma 7e6c142000
           <...>-1862  [004] ....  6995.912912: do_swap_page: swapin tgid 1338 pid 1862 name "Binder:1338_8" vma 7e5ff87000
           <...>-1862  [004] ....  6995.912915: do_swap_page: swapin tgid 1338 pid 1862 name "Binder:1338_8" vma 13dc0000
           <...>-1862  [004] ....  6995.912924: do_swap_page: swapin tgid 1338 pid 1862 name "Binder:1338_8" vma 7f21051000
           <...>-1862  [004] ....  6995.912927: do_swap_page: swapin tgid 1338 pid 1862 name "Binder:1338_8" vma 7e5ff88000
           <...>-1862  [004] ....  6995.912929: do_swap_page: swapin tgid 1338 pid 1862 name "Binder:1338_8" vma 12e06000
           <...>-1862  [004] ....  6995.912935: do_swap_page: swapin tgid 1338 pid 1862 name "Binder:1338_8" vma 7eb4dd8000
           <...>-1862  [004] ....  6995.912938: do_swap_page: swapin tgid 1338 pid 1862 name "Binder:1338_8" vma 7eb4dd9000
           <...>-1862  [004] ....  6995.912951: do_swap_page: swapin tgid 1338 pid 1862 name "Binder:1338_8" vma 7f28a39000
           <...>-1862  [004] ....  6995.912956: do_swap_page: swapin tgid 1338 pid 1862 name "Binder:1338_8" vma 7e5ff86000
           <...>-1918  [004] ....  6995.912982: do_swap_page: swapin tgid 1918 pid 1918 name "m.android.phone" vma 7fbe167000
           <...>-5447  [004] ....  6995.913015: do_swap_page: swapin tgid 1338 pid 5447 name "Binder:1338_16" vma 7f28872000
           <...>-5447  [004] ....  6995.913021: do_swap_page: swapin tgid 1338 pid 5447 name "Binder:1338_16" vma 7e724aa000
           <...>-5447  [004] ....  6995.913024: do_swap_page: swapin tgid 1338 pid 5447 name "Binder:1338_16" vma 7e724ab000
           <...>-5447  [004] ....  6995.913026: do_swap_page: swapin tgid 1338 pid 5447 name "Binder:1338_16" vma 7eb4f3d000
           <...>-5447  [004] ....  6995.913034: do_swap_page: swapin tgid 1338 pid 5447 name "Binder:1338_16" vma 7ed0cdd000
           <...>-5447  [004] ....  6995.913036: do_swap_page: swapin tgid 1338 pid 5447 name "Binder:1338_16" vma 7eb4fa5000
           <...>-5447  [004] ....  6995.913038: do_swap_page: swapin tgid 1338 pid 5447 name "Binder:1338_16" vma 7ed0da6000
           <...>-5447  [004] ....  6995.913044: do_swap_page: swapin tgid 1338 pid 5447 name "Binder:1338_16" vma 7eb4fa6000
           <...>-5447  [004] ....  6995.913047: do_swap_page: swapin tgid 1338 pid 5447 name "Binder:1338_16" vma 7e724a8000
           <...>-5447  [004] ....  6995.913052: do_swap_page: swapin tgid 1338 pid 5447 name "Binder:1338_16" vma 7f2effd000
           <...>-5447  [004] ....  6995.913055: do_swap_page: swapin tgid 1338 pid 5447 name "Binder:1338_16" vma 7e724a9000
           <...>-5447  [004] ....  6995.913057: do_swap_page: swapin tgid 1338 pid 5447 name "Binder:1338_16" vma 12e45000
           <...>-5447  [004] ....  6995.913062: do_swap_page: swapin tgid 1338 pid 5447 name "Binder:1338_16" vma 7e6c3db000
           <...>-5447  [004] ....  6995.913065: do_swap_page: swapin tgid 1338 pid 5447 name "Binder:1338_16" vma 7e87a15000
           <...>-5447  [004] ....  6995.913072: do_swap_page: swapin tgid 1338 pid 5447 name "Binder:1338_16" vma 7e724a7000
           <...>-1902  [004] ....  6995.913098: do_swap_page: swapin tgid 1871 pid 1902 name "Binder:1871_3" vma 7fbae76000
           <...>-1902  [004] ....  6995.913104: do_swap_page: swapin tgid 1871 pid 1902 name "Binder:1871_3" vma 7f28a21000
           <...>-1902  [004] ....  6995.913108: do_swap_page: swapin tgid 1871 pid 1902 name "Binder:1871_3" vma 7f393cb000
           <...>-1902  [004] ....  6995.913110: do_swap_page: swapin tgid 1871 pid 1902 name "Binder:1871_3" vma 7fbe23c000
           <...>-2210  [004] ....  6995.913151: do_swap_page: swapin tgid 1792 pid 2210 name "Binder:1792_3" vma 7fbae76000
           <...>-2210  [004] ....  6995.913156: do_swap_page: swapin tgid 1792 pid 2210 name "Binder:1792_3" vma 7f2d41a000
           <...>-2210  [004] ....  6995.913159: do_swap_page: swapin tgid 1792 pid 2210 name "Binder:1792_3" vma 7f393cb000
           <...>-2210  [004] ....  6995.913162: do_swap_page: swapin tgid 1792 pid 2210 name "Binder:1792_3" vma 7fbe23c000
           <...>-1862  [004] ....  6995.913183: do_swap_page: swapin tgid 1338 pid 1862 name "Binder:1338_8" vma 7e5ff86000
           <...>-1862  [004] ....  6995.913218: do_swap_page: swapin tgid 1338 pid 1862 name "Binder:1338_8" vma 7e5d478000
           <...>-5447  [004] .n..  6995.913289: do_swap_page: swapin tgid 1338 pid 5447 name "Binder:1338_16" vma 7e724a7000
           <...>-5447  [004] ....  6995.913311: do_swap_page: swapin tgid 1338 pid 5447 name "Binder:1338_16" vma 7e6c0ef000
           <...>-5447  [004] ....  6995.913319: do_swap_page: swapin tgid 1338 pid 5447 name "Binder:1338_16" vma 7ed0e60000
           <...>-5447  [004] ....  6995.913328: do_swap_page: swapin tgid 1338 pid 5447 name "Binder:1338_16" vma 7e879de000
           <...>-5447  [004] ....  6995.913333: do_swap_page: swapin tgid 1338 pid 5447 name "Binder:1338_16" vma 7eb4d07000
           <...>-5447  [004] ....  6995.913344: do_swap_page: swapin tgid 1338 pid 5447 name "Binder:1338_16" vma 7f28957000
           <...>-1862  [004] ....  6995.913366: do_swap_page: swapin tgid 1338 pid 1862 name "Binder:1338_8" vma 7ed0da1000
           <...>-1862  [004] ....  6995.913368: do_swap_page: swapin tgid 1338 pid 1862 name "Binder:1338_8" vma 7ed0da2000
  UiThreadHelper-2106  [004] ....  6995.913378: do_swap_page: swapin tgid 2050 pid 2106 name "UiThreadHelper" vma 7ececc4000
  UiThreadHelper-2106  [004] ....  6995.913389: do_swap_page: swapin tgid 2050 pid 2106 name "UiThreadHelper" vma 7fbe1f9000
           <...>-2001  [004] ....  6995.913426: do_swap_page: swapin tgid 1980 pid 2001 name "Binder:1980_3" vma 7fbe23c000
           <...>-2001  [004] ....  6995.913431: do_swap_page: swapin tgid 1980 pid 2001 name "Binder:1980_3" vma 7f28a9b000
           <...>-2001  [004] ....  6995.913435: do_swap_page: swapin tgid 1980 pid 2001 name "Binder:1980_3" vma 7f3187e000
           <...>-1918  [004] ....  6995.913470: do_swap_page: swapin tgid 1918 pid 1918 name "m.android.phone" vma 14597000
 ScreenDecoratio-2257  [004] ....  6995.913515: do_swap_page: swapin tgid 1676 pid 2257 name "ScreenDecoratio" vma 9dc8c000
 ScreenDecoratio-2257  [004] ....  6995.913526: do_swap_page: swapin tgid 1676 pid 2257 name "ScreenDecoratio" vma 71d60000
 ScreenDecoratio-2257  [004] ....  6995.913529: do_swap_page: swapin tgid 1676 pid 2257 name "ScreenDecoratio" vma 71d49000
 ScreenDecoratio-2257  [004] ....  6995.913536: do_swap_page: swapin tgid 1676 pid 2257 name "ScreenDecoratio" vma 13cd8000
 ScreenDecoratio-2257  [004] ....  6995.913544: do_swap_page: swapin tgid 1676 pid 2257 name "ScreenDecoratio" vma 9dd5c000
  UiThreadHelper-2106  [004] ....  6995.913590: do_swap_page: swapin tgid 2050 pid 2106 name "UiThreadHelper" vma 7fbe1f9000
  UiThreadHelper-2106  [004] ....  6995.913598: do_swap_page: swapin tgid 2050 pid 2106 name "UiThreadHelper" vma 13c93000
  UiThreadHelper-2106  [004] ....  6995.913600: do_swap_page: swapin tgid 2050 pid 2106 name "UiThreadHelper" vma 12edf000
           <...>-1902  [004] ....  6995.913641: do_swap_page: swapin tgid 1871 pid 1902 name "Binder:1871_3" vma 7fbe23c000
           <...>-1902  [004] ....  6995.913646: do_swap_page: swapin tgid 1871 pid 1902 name "Binder:1871_3" vma 7f28aab000
           <...>-1902  [004] ....  6995.913650: do_swap_page: swapin tgid 1871 pid 1902 name "Binder:1871_3" vma 7f3187e000
           <...>-2210  [004] ....  6995.913695: do_swap_page: swapin tgid 1792 pid 2210 name "Binder:1792_3" vma 7fbe23c000
           <...>-2210  [004] ....  6995.913701: do_swap_page: swapin tgid 1792 pid 2210 name "Binder:1792_3" vma 7f2d463000
           <...>-2210  [004] ....  6995.913708: do_swap_page: swapin tgid 1792 pid 2210 name "Binder:1792_3" vma 7f3187e000
  UiThreadHelper-2106  [004] ....  6995.913746: do_swap_page: swapin tgid 2050 pid 2106 name "UiThreadHelper" vma 12edf000
  UiThreadHelper-2106  [004] ....  6995.913751: do_swap_page: swapin tgid 2050 pid 2106 name "UiThreadHelper" vma 12ede000
           <...>-2001  [004] ....  6995.913774: do_swap_page: swapin tgid 1980 pid 2001 name "Binder:1980_3" vma 7f3187e000
           <...>-2001  [004] ....  6995.913781: do_swap_page: swapin tgid 1980 pid 2001 name "Binder:1980_3" vma 13788000
           <...>-1918  [004] ....  6995.913823: do_swap_page: swapin tgid 1918 pid 1918 name "m.android.phone" vma 14597000
           <...>-1918  [004] ....  6995.913828: do_swap_page: swapin tgid 1918 pid 1918 name "m.android.phone" vma 12f00000
  UiThreadHelper-2106  [004] ....  6995.913882: do_swap_page: swapin tgid 2050 pid 2106 name "UiThreadHelper" vma 12ede000
  UiThreadHelper-2106  [004] ....  6995.913906: do_swap_page: swapin tgid 2050 pid 2106 name "UiThreadHelper" vma 13d70000
           <...>-1902  [004] ....  6995.913930: do_swap_page: swapin tgid 1871 pid 1902 name "Binder:1871_3" vma 7f3187e000
           <...>-1902  [004] ....  6995.913938: do_swap_page: swapin tgid 1871 pid 1902 name "Binder:1871_3" vma 132c3000
           <...>-2210  [004] ....  6995.913965: do_swap_page: swapin tgid 1792 pid 2210 name "Binder:1792_3" vma 7f3187e000
           <...>-2210  [004] ....  6995.913972: do_swap_page: swapin tgid 1792 pid 2210 name "Binder:1792_3" vma 133c5000
           <...>-2001  [004] ....  6995.914015: do_swap_page: swapin tgid 1980 pid 2001 name "Binder:1980_3" vma 13788000
           <...>-2001  [004] ....  6995.914023: do_swap_page: swapin tgid 1980 pid 2001 name "Binder:1980_3" vma 7fbe286000
           <...>-2001  [004] ....  6995.914027: do_swap_page: swapin tgid 1980 pid 2001 name "Binder:1980_3" vma 7fbe285000
           <...>-2001  [004] ....  6995.914029: do_swap_page: swapin tgid 1980 pid 2001 name "Binder:1980_3" vma 7f393cc000
 ScreenDecoratio-2257  [004] ....  6995.914051: do_swap_page: swapin tgid 1676 pid 2257 name "ScreenDecoratio" vma 9dd5c000
 ScreenDecoratio-2257  [004] ....  6995.914076: do_swap_page: swapin tgid 1676 pid 2257 name "ScreenDecoratio" vma 71d6f000
  UiThreadHelper-2106  [004] ....  6995.914144: do_swap_page: swapin tgid 2050 pid 2106 name "UiThreadHelper" vma 13d70000
  UiThreadHelper-2106  [004] ....  6995.914152: do_swap_page: swapin tgid 2050 pid 2106 name "UiThreadHelper" vma 71d26000
  UiThreadHelper-2106  [004] ....  6995.914161: do_swap_page: swapin tgid 2050 pid 2106 name "UiThreadHelper" vma 71d33000
  UiThreadHelper-2106  [004] ....  6995.914163: do_swap_page: swapin tgid 2050 pid 2106 name "UiThreadHelper" vma 71d35000
  UiThreadHelper-2106  [004] ....  6995.914165: do_swap_page: swapin tgid 2050 pid 2106 name "UiThreadHelper" vma 7fbe167000
           <...>-1918  [004] ....  6995.914275: do_swap_page: swapin tgid 1918 pid 1918 name "m.android.phone" vma 12f00000
           <...>-1918  [004] ....  6995.914322: do_swap_page: swapin tgid 1918 pid 1918 name "m.android.phone" vma 14501000
  UiThreadHelper-2106  [004] ....  6995.914349: do_swap_page: swapin tgid 2050 pid 2106 name "UiThreadHelper" vma 7fbe167000
  UiThreadHelper-2106  [004] ....  6995.914354: do_swap_page: swapin tgid 2050 pid 2106 name "UiThreadHelper" vma 7f3500d000
  UiThreadHelper-2106  [004] ....  6995.914360: do_swap_page: swapin tgid 2050 pid 2106 name "UiThreadHelper" vma 7fbde95000
  UiThreadHelper-2106  [004] ....  6995.914364: do_swap_page: swapin tgid 2050 pid 2106 name "UiThreadHelper" vma 7f34645000
  UiThreadHelper-2106  [004] ....  6995.914367: do_swap_page: swapin tgid 2050 pid 2106 name "UiThreadHelper" vma 13c92000
  UiThreadHelper-2106  [004] ....  6995.914790: do_swap_page: swapin tgid 2050 pid 2106 name "UiThreadHelper" vma 71bd7000
           <...>-2210  [004] ....  6995.914820: do_swap_page: swapin tgid 1792 pid 2210 name "Binder:1792_3" vma 133c5000
           <...>-2210  [004] ....  6995.914827: do_swap_page: swapin tgid 1792 pid 2210 name "Binder:1792_3" vma 7fbe286000
           <...>-2210  [004] ....  6995.914830: do_swap_page: swapin tgid 1792 pid 2210 name "Binder:1792_3" vma 7fbe285000
           <...>-2210  [004] ....  6995.914832: do_swap_page: swapin tgid 1792 pid 2210 name "Binder:1792_3" vma 7f393cc000
           <...>-1902  [004] ....  6995.914856: do_swap_page: swapin tgid 1871 pid 1902 name "Binder:1871_3" vma 132c3000
           <...>-1902  [004] ....  6995.914863: do_swap_page: swapin tgid 1871 pid 1902 name "Binder:1871_3" vma 7fbe286000
           <...>-1902  [004] ....  6995.914865: do_swap_page: swapin tgid 1871 pid 1902 name "Binder:1871_3" vma 7fbe285000
           <...>-1902  [004] ....  6995.914867: do_swap_page: swapin tgid 1871 pid 1902 name "Binder:1871_3" vma 7f393cc000
  UiThreadHelper-2106  [004] ....  6995.914918: do_swap_page: swapin tgid 2050 pid 2106 name "UiThreadHelper" vma 71bd7000
  UiThreadHelper-2106  [004] ....  6995.914926: do_swap_page: swapin tgid 2050 pid 2106 name "UiThreadHelper" vma 12ccc000
  UiThreadHelper-2106  [004] ....  6995.914932: do_swap_page: swapin tgid 2050 pid 2106 name "UiThreadHelper" vma 7f2dc92000
 droid.launcher3-2050  [004] ....  6995.914973: do_swap_page: swapin tgid 2050 pid 2050 name "droid.launcher3" vma 9dbd2000
 droid.launcher3-2050  [004] ....  6995.914977: do_swap_page: swapin tgid 2050 pid 2050 name "droid.launcher3" vma 13283000
 droid.launcher3-2050  [004] ....  6995.914981: do_swap_page: swapin tgid 2050 pid 2050 name "droid.launcher3" vma 7ec4911000
 droid.launcher3-2050  [004] ....  6995.914983: do_swap_page: swapin tgid 2050 pid 2050 name "droid.launcher3" vma 7ec4912000
 droid.launcher3-2050  [004] ....  6995.915007: do_swap_page: swapin tgid 2050 pid 2050 name "droid.launcher3" vma 9dc50000
           <...>-2001  [004] ....  6995.915028: do_swap_page: swapin tgid 1980 pid 2001 name "Binder:1980_3" vma 7f393cc000
           <...>-2001  [004] ....  6995.915033: do_swap_page: swapin tgid 1980 pid 2001 name "Binder:1980_3" vma 7fbe1f8000
           <...>-1902  [004] ....  6995.915073: do_swap_page: swapin tgid 1871 pid 1902 name "Binder:1871_3" vma 7f393cc000
           <...>-1902  [004] ....  6995.915078: do_swap_page: swapin tgid 1871 pid 1902 name "Binder:1871_3" vma 7fbe1f8000
  UiThreadHelper-2106  [004] ....  6995.915104: do_swap_page: swapin tgid 2050 pid 2106 name "UiThreadHelper" vma 7f2dc92000
  UiThreadHelper-2106  [004] ....  6995.915128: do_swap_page: swapin tgid 2050 pid 2106 name "UiThreadHelper" vma 132b7000
 droid.launcher3-2050  [004] ....  6995.915149: do_swap_page: swapin tgid 2050 pid 2050 name "droid.launcher3" vma 9dc50000
 droid.launcher3-2050  [004] ....  6995.915152: do_swap_page: swapin tgid 2050 pid 2050 name "droid.launcher3" vma 9dcf6000
           <...>-2210  [004] ....  6995.915185: do_swap_page: swapin tgid 1792 pid 2210 name "Binder:1792_3" vma 7f393cc000
           <...>-2210  [004] ....  6995.915190: do_swap_page: swapin tgid 1792 pid 2210 name "Binder:1792_3" vma 7fbe1f8000
           <...>-1918  [004] ....  6995.915216: do_swap_page: swapin tgid 1918 pid 1918 name "m.android.phone" vma 14501000
           <...>-1918  [004] ....  6995.915228: do_swap_page: swapin tgid 1918 pid 1918 name "m.android.phone" vma 14584000
  UiThreadHelper-2106  [004] ....  6995.915279: do_swap_page: swapin tgid 2050 pid 2106 name "UiThreadHelper" vma 132b7000
           <...>-2001  [004] ....  6995.915347: do_swap_page: swapin tgid 1980 pid 2001 name "Binder:1980_3" vma 7fbe1f8000
           <...>-2001  [004] ....  6995.915355: do_swap_page: swapin tgid 1980 pid 2001 name "Binder:1980_3" vma 13780000
 droid.launcher3-2050  [004] ....  6995.915431: do_swap_page: swapin tgid 2050 pid 2050 name "droid.launcher3" vma 9dcf6000
 droid.launcher3-2050  [004] ....  6995.915436: do_swap_page: swapin tgid 2050 pid 2050 name "droid.launcher3" vma 9dca8000
 droid.launcher3-2050  [004] ....  6995.915592: do_swap_page: swapin tgid 2050 pid 2050 name "droid.launcher3" vma 9dca8000
 droid.launcher3-2050  [004] ....  6995.915603: do_swap_page: swapin tgid 2050 pid 2050 name "droid.launcher3" vma 7ecebe9000
 droid.launcher3-2050  [004] ....  6995.915608: do_swap_page: swapin tgid 2050 pid 2050 name "droid.launcher3" vma 7f2d076000
 droid.launcher3-2050  [004] ....  6995.915610: do_swap_page: swapin tgid 2050 pid 2050 name "droid.launcher3" vma 7ecebf8000
 droid.launcher3-2050  [004] ....  6995.915618: do_swap_page: swapin tgid 2050 pid 2050 name "droid.launcher3" vma 12e44000
 droid.launcher3-2050  [004] ....  6995.915624: do_swap_page: swapin tgid 2050 pid 2050 name "droid.launcher3" vma 7fbe294000
 droid.launcher3-2050  [004] ....  6995.915633: do_swap_page: swapin tgid 2050 pid 2050 name "droid.launcher3" vma 7fbf5e3000
           <...>-1902  [004] ....  6995.915656: do_swap_page: swapin tgid 1871 pid 1902 name "Binder:1871_3" vma 7fbe1f8000
           <...>-1902  [004] ....  6995.915663: do_swap_page: swapin tgid 1871 pid 1902 name "Binder:1871_3" vma 132c0000
           <...>-2210  [004] ....  6995.915690: do_swap_page: swapin tgid 1792 pid 2210 name "Binder:1792_3" vma 7fbe1f8000
           <...>-2210  [004] ....  6995.915696: do_swap_page: swapin tgid 1792 pid 2210 name "Binder:1792_3" vma 7f2dc8b000
           <...>-2001  [004] ....  6995.915722: do_swap_page: swapin tgid 1980 pid 2001 name "Binder:1980_3" vma 13780000
           <...>-2001  [004] ....  6995.915728: do_swap_page: swapin tgid 1980 pid 2001 name "Binder:1980_3" vma 13793000
           <...>-2001  [004] ....  6995.915733: do_swap_page: swapin tgid 1980 pid 2001 name "Binder:1980_3" vma 7fbe24e000
           <...>-1918  [004] ....  6995.915754: do_swap_page: swapin tgid 1918 pid 1918 name "m.android.phone" vma 14584000
           <...>-1918  [004] ....  6995.915763: do_swap_page: swapin tgid 1918 pid 1918 name "m.android.phone" vma 71bce000
 ScreenDecoratio-2257  [004] ....  6995.915871: do_swap_page: swapin tgid 1676 pid 2257 name "ScreenDecoratio" vma 9dc78000
 ScreenDecoratio-2257  [004] ....  6995.915876: do_swap_page: swapin tgid 1676 pid 2257 name "ScreenDecoratio" vma 9dea9000
 droid.launcher3-2050  [004] ....  6995.915924: do_swap_page: swapin tgid 2050 pid 2050 name "droid.launcher3" vma 7fbf5e3000
 droid.launcher3-2050  [004] ....  6995.915939: do_swap_page: swapin tgid 2050 pid 2050 name "droid.launcher3" vma 7f28ade000
 droid.launcher3-2050  [004] ....  6995.915976: do_swap_page: swapin tgid 2050 pid 2050 name "droid.launcher3" vma 71bb8000
           <...>-1902  [004] ....  6995.916024: do_swap_page: swapin tgid 1871 pid 1902 name "Binder:1871_3" vma 132c0000
           <...>-1902  [004] ....  6995.916030: do_swap_page: swapin tgid 1871 pid 1902 name "Binder:1871_3" vma 132c8000
           <...>-1902  [004] ....  6995.916035: do_swap_page: swapin tgid 1871 pid 1902 name "Binder:1871_3" vma 7fbe24e000
           <...>-2210  [004] ....  6995.916060: do_swap_page: swapin tgid 1792 pid 2210 name "Binder:1792_3" vma 7f2dc8b000
           <...>-2210  [004] ....  6995.916067: do_swap_page: swapin tgid 1792 pid 2210 name "Binder:1792_3" vma 133c0000
 droid.launcher3-2050  [004] ....  6995.916109: do_swap_page: swapin tgid 2050 pid 2050 name "droid.launcher3" vma 71bb8000
 droid.launcher3-2050  [004] ....  6995.916114: do_swap_page: swapin tgid 2050 pid 2050 name "droid.launcher3" vma 71d25000
           <...>-2001  [004] ....  6995.916138: do_swap_page: swapin tgid 1980 pid 2001 name "Binder:1980_3" vma 7fbe24e000
           <...>-2001  [004] ....  6995.916165: do_swap_page: swapin tgid 1980 pid 2001 name "Binder:1980_3" vma 7f38d63000
           <...>-2001  [004] ....  6995.916169: do_swap_page: swapin tgid 1980 pid 2001 name "Binder:1980_3" vma 7f2de36000
           <...>-2001  [004] ....  6995.916172: do_swap_page: swapin tgid 1980 pid 2001 name "Binder:1980_3" vma 12dc0000
           <...>-2001  [004] ....  6995.916176: do_swap_page: swapin tgid 1980 pid 2001 name "Binder:1980_3" vma 7f34e93000
           <...>-2001  [004] ....  6995.916178: do_swap_page: swapin tgid 1980 pid 2001 name "Binder:1980_3" vma 12c8a000
           <...>-2001  [004] ....  6995.916183: do_swap_page: swapin tgid 1980 pid 2001 name "Binder:1980_3" vma 7fbe1e7000
           <...>-1918  [004] ....  6995.916207: do_swap_page: swapin tgid 1918 pid 1918 name "m.android.phone" vma 71bce000
           <...>-1918  [004] ....  6995.916241: do_swap_page: swapin tgid 1918 pid 1918 name "m.android.phone" vma 71cca000
 droid.launcher3-2050  [004] ....  6995.916268: do_swap_page: swapin tgid 2050 pid 2050 name "droid.launcher3" vma 71d25000
 droid.launcher3-2050  [004] ....  6995.916273: do_swap_page: swapin tgid 2050 pid 2050 name "droid.launcher3" vma 13c96000
 droid.launcher3-2050  [004] ....  6995.916282: do_swap_page: swapin tgid 2050 pid 2050 name "droid.launcher3" vma 7eceb32000
 droid.launcher3-2050  [004] ....  6995.916286: do_swap_page: swapin tgid 2050 pid 2050 name "droid.launcher3" vma 7f2d04e000
 droid.launcher3-2050  [004] ....  6995.916314: do_swap_page: swapin tgid 2050 pid 2050 name "droid.launcher3" vma 12ef6000
 droid.launcher3-2050  [004] ....  6995.916331: do_swap_page: swapin tgid 2050 pid 2050 name "droid.launcher3" vma 9dccb000
           <...>-2210  [004] ....  6995.916354: do_swap_page: swapin tgid 1792 pid 2210 name "Binder:1792_3" vma 133c0000
           <...>-2210  [004] ....  6995.916360: do_swap_page: swapin tgid 1792 pid 2210 name "Binder:1792_3" vma 133d5000
           <...>-2210  [004] ....  6995.916365: do_swap_page: swapin tgid 1792 pid 2210 name "Binder:1792_3" vma 7fbe24e000
           <...>-1902  [004] ....  6995.916391: do_swap_page: swapin tgid 1871 pid 1902 name "Binder:1871_3" vma 7fbe24e000
           <...>-1902  [004] ....  6995.916398: do_swap_page: swapin tgid 1871 pid 1902 name "Binder:1871_3" vma 7f3169e000
           <...>-1902  [004] ....  6995.916420: do_swap_page: swapin tgid 1871 pid 1902 name "Binder:1871_3" vma 7f2de36000
           <...>-1902  [004] ....  6995.916423: do_swap_page: swapin tgid 1871 pid 1902 name "Binder:1871_3" vma 12c43000
           <...>-1902  [004] ....  6995.916427: do_swap_page: swapin tgid 1871 pid 1902 name "Binder:1871_3" vma 7f34e92000
           <...>-1902  [004] ....  6995.916429: do_swap_page: swapin tgid 1871 pid 1902 name "Binder:1871_3" vma 132c2000
           <...>-1902  [004] ....  6995.916441: do_swap_page: swapin tgid 1871 pid 1902 name "Binder:1871_3" vma 7fbe1e7000
 droid.launcher3-2050  [004] ....  6995.916472: do_swap_page: swapin tgid 2050 pid 2050 name "droid.launcher3" vma 9dccb000
 droid.launcher3-2050  [004] ....  6995.916480: do_swap_page: swapin tgid 2050 pid 2050 name "droid.launcher3" vma 12edb000
 droid.launcher3-2050  [004] ....  6995.916520: do_swap_page: swapin tgid 2050 pid 2050 name "droid.launcher3" vma 7fbf700000
 droid.launcher3-2050  [004] ....  6995.916550: do_swap_page: swapin tgid 2050 pid 2050 name "droid.launcher3" vma 13d40000
 droid.launcher3-2050  [004] ....  6995.916559: do_swap_page: swapin tgid 2050 pid 2050 name "droid.launcher3" vma 7fbe176000
 droid.launcher3-2050  [004] ....  6995.916566: do_swap_page: swapin tgid 2050 pid 2050 name "droid.launcher3" vma 7f28a37000
 droid.launcher3-2050  [004] ....  6995.916569: do_swap_page: swapin tgid 2050 pid 2050 name "droid.launcher3" vma 7f28a45000
 droid.launcher3-2050  [004] ....  6995.916595: do_swap_page: swapin tgid 2050 pid 2050 name "droid.launcher3" vma 7f395f0000
 ScreenDecoratio-2257  [004] ....  6995.916653: do_swap_page: swapin tgid 1676 pid 2257 name "ScreenDecoratio" vma 9dea9000
 ScreenDecoratio-2257  [004] ....  6995.916659: do_swap_page: swapin tgid 1676 pid 2257 name "ScreenDecoratio" vma 9de46000
           <...>-1918  [004] ....  6995.916682: do_swap_page: swapin tgid 1918 pid 1918 name "m.android.phone" vma 71cca000
           <...>-1918  [004] ....  6995.916687: do_swap_page: swapin tgid 1918 pid 1918 name "m.android.phone" vma 71ccb000
           <...>-1918  [004] ....  6995.916690: do_swap_page: swapin tgid 1918 pid 1918 name "m.android.phone" vma 71ccd000
           <...>-1918  [004] ....  6995.916691: do_swap_page: swapin tgid 1918 pid 1918 name "m.android.phone" vma 71cce000
           <...>-1918  [004] ....  6995.916711: do_swap_page: swapin tgid 1918 pid 1918 name "m.android.phone" vma 71c2c000
           <...>-1918  [004] ....  6995.916723: do_swap_page: swapin tgid 1918 pid 1918 name "m.android.phone" vma 71cd0000
           <...>-1918  [004] ....  6995.916728: do_swap_page: swapin tgid 1918 pid 1918 name "m.android.phone" vma 71d26000
 droid.launcher3-2050  [004] ....  6995.916750: do_swap_page: swapin tgid 2050 pid 2050 name "droid.launcher3" vma 7f395f0000
 droid.launcher3-2050  [004] ....  6995.916761: do_swap_page: swapin tgid 2050 pid 2050 name "droid.launcher3" vma 7f28a55000
 droid.launcher3-2050  [004] ....  6995.916849: do_swap_page: swapin tgid 2050 pid 2050 name "droid.launcher3" vma 7fbe1d0000
 droid.launcher3-2050  [004] ....  6995.916866: do_swap_page: swapin tgid 2050 pid 2050 name "droid.launcher3" vma 7fbf6ff000
           <...>-2001  [004] ....  6995.916931: do_swap_page: swapin tgid 1980 pid 2001 name "Binder:1980_3" vma 7fbe1e7000
           <...>-2001  [004] ....  6995.916937: do_swap_page: swapin tgid 1980 pid 2001 name "Binder:1980_3" vma 7fbe17f000
           <...>-2210  [004] ....  6995.916961: do_swap_page: swapin tgid 1792 pid 2210 name "Binder:1792_3" vma 7fbe24e000
           <...>-2210  [004] ....  6995.916969: do_swap_page: swapin tgid 1792 pid 2210 name "Binder:1792_3" vma 7f3147b000
           <...>-2210  [004] ....  6995.916973: do_swap_page: swapin tgid 1792 pid 2210 name "Binder:1792_3" vma 7f2dc8c000
           <...>-2210  [004] ....  6995.916976: do_swap_page: swapin tgid 1792 pid 2210 name "Binder:1792_3" vma 12c44000
           <...>-2210  [004] ....  6995.916980: do_swap_page: swapin tgid 1792 pid 2210 name "Binder:1792_3" vma 7f34e92000
           <...>-2210  [004] ....  6995.916981: do_swap_page: swapin tgid 1792 pid 2210 name "Binder:1792_3" vma 133c4000
           <...>-2210  [004] ....  6995.916985: do_swap_page: swapin tgid 1792 pid 2210 name "Binder:1792_3" vma 7fbe1e7000
 droid.launcher3-2050  [004] ....  6995.917030: do_swap_page: swapin tgid 2050 pid 2050 name "droid.launcher3" vma 7fbf6ff000
 droid.launcher3-2050  [004] ....  6995.917050: do_swap_page: swapin tgid 2050 pid 2050 name "droid.launcher3" vma 9dc5d000
 ScreenDecoratio-2257  [004] ....  6995.917076: do_swap_page: swapin tgid 1676 pid 2257 name "ScreenDecoratio" vma 9de46000
 ScreenDecoratio-2257  [004] ....  6995.917088: do_swap_page: swapin tgid 1676 pid 2257 name "ScreenDecoratio" vma 9dc79000
 ScreenDecoratio-2257  [004] ....  6995.917119: do_swap_page: swapin tgid 1676 pid 2257 name "ScreenDecoratio" vma 13d3a000
 ScreenDecoratio-2257  [004] ....  6995.917184: do_swap_page: swapin tgid 1676 pid 2257 name "ScreenDecoratio" vma 13d3b000
 ScreenDecoratio-2257  [004] ....  6995.917190: do_swap_page: swapin tgid 1676 pid 2257 name "ScreenDecoratio" vma 7f2d4c3000
    RenderThread-2176  [004] ....  6995.917227: do_swap_page: swapin tgid 1676 pid 2176 name "RenderThread" vma 7ec5cdc000
 droid.launcher3-2050  [004] ....  6995.917298: do_swap_page: swapin tgid 2050 pid 2050 name "droid.launcher3" vma 9dc5d000
 droid.launcher3-2050  [004] ....  6995.917303: do_swap_page: swapin tgid 2050 pid 2050 name "droid.launcher3" vma 9dcb4000
 droid.launcher3-2050  [004] ....  6995.917306: do_swap_page: swapin tgid 2050 pid 2050 name "droid.launcher3" vma 9dc59000
           <...>-1902  [004] ....  6995.917379: do_swap_page: swapin tgid 1871 pid 1902 name "Binder:1871_3" vma 7fbe1e7000
           <...>-1902  [004] ....  6995.917385: do_swap_page: swapin tgid 1871 pid 1902 name "Binder:1871_3" vma 7fbe17f000
 droid.launcher3-2050  [004] ....  6995.917426: do_swap_page: swapin tgid 2050 pid 2050 name "droid.launcher3" vma 9dc59000
 droid.launcher3-2050  [004] ....  6995.917431: do_swap_page: swapin tgid 2050 pid 2050 name "droid.launcher3" vma 9dc2d000
           <...>-2001  [004] ....  6995.917454: do_swap_page: swapin tgid 1980 pid 2001 name "Binder:1980_3" vma 7fbe17f000
           <...>-2001  [004] ....  6995.917459: do_swap_page: swapin tgid 1980 pid 2001 name "Binder:1980_3" vma 7fbe20a000
           <...>-1918  [004] ....  6995.917484: do_swap_page: swapin tgid 1918 pid 1918 name "m.android.phone" vma 71d26000
           <...>-1918  [004] ....  6995.917492: do_swap_page: swapin tgid 1918 pid 1918 name "m.android.phone" vma 71bd3000
           <...>-1918  [004] ....  6995.917496: do_swap_page: swapin tgid 1918 pid 1918 name "m.android.phone" vma 71c5e000
           <...>-1918  [004] ....  6995.917499: do_swap_page: swapin tgid 1918 pid 1918 name "m.android.phone" vma 71c5f000
           <...>-1918  [004] ....  6995.917503: do_swap_page: swapin tgid 1918 pid 1918 name "m.android.phone" vma 71bfc000
           <...>-1918  [004] ....  6995.917507: do_swap_page: swapin tgid 1918 pid 1918 name "m.android.phone" vma 71c64000
           <...>-1902  [004] ....  6995.917548: do_swap_page: swapin tgid 1871 pid 1902 name "Binder:1871_3" vma 7fbe17f000
           <...>-1902  [004] ....  6995.917553: do_swap_page: swapin tgid 1871 pid 1902 name "Binder:1871_3" vma 7fbe20a000
           <...>-2210  [004] ....  6995.917579: do_swap_page: swapin tgid 1792 pid 2210 name "Binder:1792_3" vma 7fbe1e7000
           <...>-2210  [004] ....  6995.917608: do_swap_page: swapin tgid 1792 pid 2210 name "Binder:1792_3" vma 7fbe17f000
 droid.launcher3-2050  [004] ....  6995.917633: do_swap_page: swapin tgid 2050 pid 2050 name "droid.launcher3" vma 9dc2d000
 droid.launcher3-2050  [004] ....  6995.917638: do_swap_page: swapin tgid 2050 pid 2050 name "droid.launcher3" vma 9dc5a000
           <...>-2001  [004] ....  6995.917661: do_swap_page: swapin tgid 1980 pid 2001 name "Binder:1980_3" vma 7fbe20a000
           <...>-2001  [004] ....  6995.917667: do_swap_page: swapin tgid 1980 pid 2001 name "Binder:1980_3" vma 7fb9c52000
           <...>-2001  [004] ....  6995.917670: do_swap_page: swapin tgid 1980 pid 2001 name "Binder:1980_3" vma 7fb9c4e000
           <...>-1359  [004] ....  6995.917728: do_swap_page: swapin tgid 1338 pid 1359 name "android.ui" vma 9defa000
           <...>-1918  [004] ....  6995.917753: do_swap_page: swapin tgid 1918 pid 1918 name "m.android.phone" vma 71c64000
           <...>-1918  [004] ....  6995.917759: do_swap_page: swapin tgid 1918 pid 1918 name "m.android.phone" vma 71bfd000
           <...>-1918  [004] ....  6995.917769: do_swap_page: swapin tgid 1918 pid 1918 name "m.android.phone" vma 71bd2000
           <...>-1918  [004] ....  6995.917772: do_swap_page: swapin tgid 1918 pid 1918 name "m.android.phone" vma 71c7d000
 droid.launcher3-2050  [004] ....  6995.917830: do_swap_page: swapin tgid 2050 pid 2050 name "droid.launcher3" vma 9dc5a000
 ScreenDecoratio-2257  [004] ....  6995.917914: do_swap_page: swapin tgid 1676 pid 2257 name "ScreenDecoratio" vma 7f28890000
 ScreenDecoratio-2257  [004] ....  6995.917920: do_swap_page: swapin tgid 1676 pid 2257 name "ScreenDecoratio" vma 7fbe188000
           <...>-1902  [004] ....  6995.917972: do_swap_page: swapin tgid 1871 pid 1902 name "Binder:1871_3" vma 7fbe20a000
           <...>-1902  [004] ....  6995.917979: do_swap_page: swapin tgid 1871 pid 1902 name "Binder:1871_3" vma 7fb9c52000
           <...>-1902  [004] ....  6995.917981: do_swap_page: swapin tgid 1871 pid 1902 name "Binder:1871_3" vma 7fb9c4e000
           <...>-2210  [004] ....  6995.918002: do_swap_page: swapin tgid 1792 pid 2210 name "Binder:1792_3" vma 7fbe17f000
           <...>-2210  [004] ....  6995.918008: do_swap_page: swapin tgid 1792 pid 2210 name "Binder:1792_3" vma 7fbe20a000
           <...>-2001  [004] ....  6995.918033: do_swap_page: swapin tgid 1980 pid 2001 name "Binder:1980_3" vma 7fb9c4e000
           <...>-2001  [004] ....  6995.918039: do_swap_page: swapin tgid 1980 pid 2001 name "Binder:1980_3" vma 7f28868000
           <...>-2001  [004] ....  6995.918043: do_swap_page: swapin tgid 1980 pid 2001 name "Binder:1980_3" vma 7f28a25000
           <...>-2001  [004] ....  6995.918046: do_swap_page: swapin tgid 1980 pid 2001 name "Binder:1980_3" vma 7fbe1d3000
           <...>-2001  [004] ....  6995.918050: do_swap_page: swapin tgid 1980 pid 2001 name "Binder:1980_3" vma 7f28a5f000
           <...>-2001  [004] ....  6995.918053: do_swap_page: swapin tgid 1980 pid 2001 name "Binder:1980_3" vma 7f2cf45000
           <...>-1918  [004] ....  6995.918102: do_swap_page: swapin tgid 1918 pid 1918 name "m.android.phone" vma 71c7d000
           <...>-1918  [004] ....  6995.918112: do_swap_page: swapin tgid 1918 pid 1918 name "m.android.phone" vma 7fbc038000
           <...>-1918  [004] ....  6995.918119: do_swap_page: swapin tgid 1918 pid 1918 name "m.android.phone" vma 7fbe243000
           <...>-1902  [004] ....  6995.918168: do_swap_page: swapin tgid 1871 pid 1902 name "Binder:1871_3" vma 7fb9c4e000
           <...>-1902  [004] ....  6995.918174: do_swap_page: swapin tgid 1871 pid 1902 name "Binder:1871_3" vma 7f28868000
           <...>-1902  [004] ....  6995.918176: do_swap_page: swapin tgid 1871 pid 1902 name "Binder:1871_3" vma 7f28a25000
           <...>-1902  [004] ....  6995.918179: do_swap_page: swapin tgid 1871 pid 1902 name "Binder:1871_3" vma 7f2d47a000
           <...>-1902  [004] ....  6995.918202: do_swap_page: swapin tgid 1871 pid 1902 name "Binder:1871_3" vma 7f28a48000
