    android.anim-1362  [004] ....  6995.942237: do_swap_page: swapin tgid 1338 pid 1362 name "android.anim" vma 7eb4e4d000
    android.anim-1362  [004] ....  6995.942276: do_swap_page: swapin tgid 1338 pid 1362 name "android.anim" vma 7ed0dc5000
    android.anim-1362  [004] ....  6995.942290: do_swap_page: swapin tgid 1338 pid 1362 name "android.anim" vma 7e6c3b4000
    android.anim-1362  [004] ....  6995.942296: do_swap_page: swapin tgid 1338 pid 1362 name "android.anim" vma 7ed0c36000
    android.anim-1362  [004] ....  6995.942301: do_swap_page: swapin tgid 1338 pid 1362 name "android.anim" vma 1423d000
    android.anim-1362  [004] ....  6995.942304: do_swap_page: swapin tgid 1338 pid 1362 name "android.anim" vma 7f2d4ab000
 ScreenDecoratio-2257  [004] ....  6995.942373: do_swap_page: swapin tgid 1676 pid 2257 name "ScreenDecoratio" vma 9dcbe000
 ScreenDecoratio-2257  [004] ....  6995.942379: do_swap_page: swapin tgid 1676 pid 2257 name "ScreenDecoratio" vma 9dea8000
           <...>-874   [004] ....  6995.942409: do_swap_page: swapin tgid 874 pid 874 name "logcatd" vma 7fbd5ec000
           <...>-874   [004] ....  6995.942415: do_swap_page: swapin tgid 874 pid 874 name "logcatd" vma 7fbda00000
    android.anim-1362  [004] ....  6995.942475: do_swap_page: swapin tgid 1338 pid 1362 name "android.anim" vma 7f2d4ab000
    android.anim-1362  [004] ....  6995.942482: do_swap_page: swapin tgid 1338 pid 1362 name "android.anim" vma 7f2d517000
    android.anim-1362  [004] ....  6995.942502: do_swap_page: swapin tgid 1338 pid 1362 name "android.anim" vma 7e87b8a000
    android.anim-1362  [004] ....  6995.942543: do_swap_page: swapin tgid 1338 pid 1362 name "android.anim" vma 7e87baf000
    android.anim-1362  [004] ....  6995.942586: do_swap_page: swapin tgid 1338 pid 1362 name "android.anim" vma 7eb4e41000
    android.anim-1362  [004] ....  6995.942592: do_swap_page: swapin tgid 1338 pid 1362 name "android.anim" vma 7e5d418000
    android.anim-1362  [004] ....  6995.942600: do_swap_page: swapin tgid 1338 pid 1362 name "android.anim" vma 7f3983c000
    android.anim-1362  [004] ....  6995.942608: do_swap_page: swapin tgid 1338 pid 1362 name "android.anim" vma 7e6c17d000
    android.anim-1362  [004] ....  6995.942614: do_swap_page: swapin tgid 1338 pid 1362 name "android.anim" vma 7eb4da0000
    android.anim-1362  [004] ....  6995.942616: do_swap_page: swapin tgid 1338 pid 1362 name "android.anim" vma 7eb4da2000
    android.anim-1362  [004] ....  6995.942619: do_swap_page: swapin tgid 1338 pid 1362 name "android.anim" vma 7eb4da3000
    android.anim-1362  [004] ....  6995.942622: do_swap_page: swapin tgid 1338 pid 1362 name "android.anim" vma 7eb4da4000
    android.anim-1362  [004] ....  6995.942624: do_swap_page: swapin tgid 1338 pid 1362 name "android.anim" vma 7f39853000
    android.anim-1362  [004] ....  6995.942627: do_swap_page: swapin tgid 1338 pid 1362 name "android.anim" vma 7f3984b000
    android.anim-1362  [004] ....  6995.942632: do_swap_page: swapin tgid 1338 pid 1362 name "android.anim" vma 7f39833000
    android.anim-1362  [004] ....  6995.942634: do_swap_page: swapin tgid 1338 pid 1362 name "android.anim" vma 7f3984e000
    android.anim-1362  [004] ....  6995.942636: do_swap_page: swapin tgid 1338 pid 1362 name "android.anim" vma 7f39836000
    android.anim-1362  [004] ....  6995.942639: do_swap_page: swapin tgid 1338 pid 1362 name "android.anim" vma 7eb4e48000
    android.anim-1362  [004] ....  6995.942644: do_swap_page: swapin tgid 1338 pid 1362 name "android.anim" vma 7f39845000
           <...>-17557 [004] ....  6995.942676: do_swap_page: swapin tgid 17535 pid 17557 name "Binder:17535_3" vma 7fbbce9000
           <...>-17557 [004] ....  6995.942687: do_swap_page: swapin tgid 17535 pid 17557 name "Binder:17535_3" vma 7fbe25f000
           <...>-17557 [004] ....  6995.942691: do_swap_page: swapin tgid 17535 pid 17557 name "Binder:17535_3" vma 7fbe241000
 ScreenDecoratio-2257  [004] ....  6995.942760: do_swap_page: swapin tgid 1676 pid 2257 name "ScreenDecoratio" vma 9dea8000
 ScreenDecoratio-2257  [004] ....  6995.942767: do_swap_page: swapin tgid 1676 pid 2257 name "ScreenDecoratio" vma 9ddee000
 ScreenDecoratio-2257  [004] ....  6995.942923: do_swap_page: swapin tgid 1676 pid 2257 name "ScreenDecoratio" vma 9ddee000
 ScreenDecoratio-2257  [004] ....  6995.942932: do_swap_page: swapin tgid 1676 pid 2257 name "ScreenDecoratio" vma 9dcf0000
 ScreenDecoratio-2257  [004] ....  6995.942935: do_swap_page: swapin tgid 1676 pid 2257 name "ScreenDecoratio" vma 9dcc7000
 ndroid.systemui-1676  [004] ....  6995.942989: do_swap_page: swapin tgid 1676 pid 1676 name "ndroid.systemui" vma 13db6000
 ndroid.systemui-1676  [004] ....  6995.942994: do_swap_page: swapin tgid 1676 pid 1676 name "ndroid.systemui" vma 13db5000
 ScreenDecoratio-2257  [004] ....  6995.943089: do_swap_page: swapin tgid 1676 pid 2257 name "ScreenDecoratio" vma 9dcc7000
 ScreenDecoratio-2257  [004] ....  6995.943101: do_swap_page: swapin tgid 1676 pid 2257 name "ScreenDecoratio" vma 9de80000
 ScreenDecoratio-2257  [004] ....  6995.943260: do_swap_page: swapin tgid 1676 pid 2257 name "ScreenDecoratio" vma 9de80000
 ScreenDecoratio-2257  [004] ....  6995.943266: do_swap_page: swapin tgid 1676 pid 2257 name "ScreenDecoratio" vma 9ddbb000
           <...>-874   [004] ....  6995.943298: do_swap_page: swapin tgid 874 pid 874 name "logcatd" vma 7fbda00000
 ndroid.systemui-1676  [004] ....  6995.943353: do_swap_page: swapin tgid 1676 pid 1676 name "ndroid.systemui" vma 137f2000
 ScreenDecoratio-2257  [004] ....  6995.943411: do_swap_page: swapin tgid 1676 pid 2257 name "ScreenDecoratio" vma 9ddbb000
           <...>-18824 [004] ....  6995.943612: do_swap_page: swapin tgid 17968 pid 18824 name "Binder:17968_4" vma 7fbe241000
           <...>-18824 [004] ....  6995.943619: do_swap_page: swapin tgid 17968 pid 18824 name "Binder:17968_4" vma 7fbe1e9000
 ScreenDecoratio-2257  [004] ....  6995.943674: do_swap_page: swapin tgid 1676 pid 2257 name "ScreenDecoratio" vma 13d40000
 ScreenDecoratio-2257  [004] ....  6995.943680: do_swap_page: swapin tgid 1676 pid 2257 name "ScreenDecoratio" vma 13d41000
 ScreenDecoratio-2257  [004] ....  6995.943691: do_swap_page: swapin tgid 1676 pid 2257 name "ScreenDecoratio" vma 13d3e000
 ScreenDecoratio-2257  [004] ....  6995.943694: do_swap_page: swapin tgid 1676 pid 2257 name "ScreenDecoratio" vma 7eb5a5c000
           <...>-5376  [004] ....  6995.943782: do_swap_page: swapin tgid 1338 pid 5376 name "Binder:1338_15" vma 145f6000
           <...>-5376  [004] ....  6995.944017: do_swap_page: swapin tgid 1338 pid 5376 name "Binder:1338_15" vma 7e64685000
           <...>-5376  [004] ....  6995.944024: do_swap_page: swapin tgid 1338 pid 5376 name "Binder:1338_15" vma 7e64686000
           <...>-5376  [004] ....  6995.944026: do_swap_page: swapin tgid 1338 pid 5376 name "Binder:1338_15" vma 7e64687000
           <...>-5376  [004] ....  6995.944031: do_swap_page: swapin tgid 1338 pid 5376 name "Binder:1338_15" vma 7e64689000
           <...>-5376  [004] ....  6995.944040: do_swap_page: swapin tgid 1338 pid 5376 name "Binder:1338_15" vma 7f2d544000
           <...>-5376  [004] ....  6995.944090: do_swap_page: swapin tgid 1338 pid 5376 name "Binder:1338_15" vma 7fbe229000
           <...>-5376  [004] ....  6995.944107: do_swap_page: swapin tgid 1338 pid 5376 name "Binder:1338_15" vma 7f2d5c0000
           <...>-5376  [004] ....  6995.944109: do_swap_page: swapin tgid 1338 pid 5376 name "Binder:1338_15" vma 7f2d5c1000
           <...>-2138  [004] ....  6995.944168: do_swap_page: swapin tgid 597 pid 2138 name "Binder:597_5" vma 7fba74b000
           <...>-2138  [004] ....  6995.944186: do_swap_page: swapin tgid 597 pid 2138 name "Binder:597_5" vma 7fbe173000
           <...>-2138  [004] ....  6995.944203: do_swap_page: swapin tgid 597 pid 2138 name "Binder:597_5" vma 7fb762a000
           <...>-2138  [004] ....  6995.944229: do_swap_page: swapin tgid 597 pid 2138 name "Binder:597_5" vma 7faa5cc000
           <...>-2138  [004] ....  6995.944233: do_swap_page: swapin tgid 597 pid 2138 name "Binder:597_5" vma 7fba74c000
           <...>-2138  [004] ....  6995.944249: do_swap_page: swapin tgid 597 pid 2138 name "Binder:597_5" vma 7fba65a000
           <...>-2138  [004] ....  6995.944253: do_swap_page: swapin tgid 597 pid 2138 name "Binder:597_5" vma 7fba632000
   Binder:1676_4-2117  [004] ....  6995.944308: do_swap_page: swapin tgid 1676 pid 2117 name "Binder:1676_4" vma 7ed12a0000
   Binder:1676_4-2117  [004] ....  6995.944316: do_swap_page: swapin tgid 1676 pid 2117 name "Binder:1676_4" vma 7ec59a0000
   Binder:1676_4-2117  [004] ....  6995.944319: do_swap_page: swapin tgid 1676 pid 2117 name "Binder:1676_4" vma 7ec59a1000
           <...>-5376  [004] ....  6995.944525: do_swap_page: swapin tgid 1338 pid 5376 name "Binder:1338_15" vma 71d2b000
           <...>-5376  [004] ....  6995.944539: do_swap_page: swapin tgid 1338 pid 5376 name "Binder:1338_15" vma 71d46000
           <...>-5376  [004] ....  6995.944543: do_swap_page: swapin tgid 1338 pid 5376 name "Binder:1338_15" vma 71d42000
           <...>-5376  [004] ....  6995.944551: do_swap_page: swapin tgid 1338 pid 5376 name "Binder:1338_15" vma 71d4b000
   Binder:1676_4-2117  [004] ....  6995.944573: do_swap_page: swapin tgid 1676 pid 2117 name "Binder:1676_4" vma 7ec59a1000
   Binder:1676_4-2117  [004] ....  6995.944580: do_swap_page: swapin tgid 1676 pid 2117 name "Binder:1676_4" vma 7ed1181000
   Binder:1676_4-2117  [004] ....  6995.944588: do_swap_page: swapin tgid 1676 pid 2117 name "Binder:1676_4" vma 7ed1122000
   Binder:1676_4-2117  [004] ....  6995.944591: do_swap_page: swapin tgid 1676 pid 2117 name "Binder:1676_4" vma 7ed116c000
   Binder:1676_4-2117  [004] ....  6995.944595: do_swap_page: swapin tgid 1676 pid 2117 name "Binder:1676_4" vma 7ed116d000
   Binder:1676_4-2117  [004] ....  6995.944599: do_swap_page: swapin tgid 1676 pid 2117 name "Binder:1676_4" vma 7ec599e000
   Binder:1676_4-2117  [004] ....  6995.944604: do_swap_page: swapin tgid 1676 pid 2117 name "Binder:1676_4" vma 7f31143000
   Binder:1676_4-2117  [004] ....  6995.944607: do_swap_page: swapin tgid 1676 pid 2117 name "Binder:1676_4" vma 7ec599f000
   Binder:1676_4-2117  [004] ....  6995.944609: do_swap_page: swapin tgid 1676 pid 2117 name "Binder:1676_4" vma 12f01000
   Binder:1676_4-2117  [004] ....  6995.944615: do_swap_page: swapin tgid 1676 pid 2117 name "Binder:1676_4" vma 7ed12b4000
   Binder:1676_4-2117  [004] ....  6995.944618: do_swap_page: swapin tgid 1676 pid 2117 name "Binder:1676_4" vma 7ed12b5000
   Binder:1676_4-2117  [004] ....  6995.944621: do_swap_page: swapin tgid 1676 pid 2117 name "Binder:1676_4" vma 7fbe1d4000
    android.anim-1362  [004] ....  6995.944764: do_swap_page: swapin tgid 1338 pid 1362 name "android.anim" vma 7ed0d95000
    android.anim-1362  [004] ....  6995.944785: do_swap_page: swapin tgid 1338 pid 1362 name "android.anim" vma 7eb4e49000
    android.anim-1362  [004] ....  6995.944790: do_swap_page: swapin tgid 1338 pid 1362 name "android.anim" vma 7eb4e4c000
 ScreenDecoratio-2257  [004] ....  6995.944999: do_swap_page: swapin tgid 1676 pid 2257 name "ScreenDecoratio" vma 71d67000
 droid.launcher3-2050  [004] ....  6995.945120: do_swap_page: swapin tgid 2050 pid 2050 name "droid.launcher3" vma 9dcf5000
 droid.launcher3-2050  [004] ....  6995.945282: do_swap_page: swapin tgid 2050 pid 2050 name "droid.launcher3" vma 9dcf5000
 ndroid.systemui-1676  [004] ....  6995.945455: do_swap_page: swapin tgid 1676 pid 1676 name "ndroid.systemui" vma 137f2000
 ndroid.systemui-1676  [004] ....  6995.945462: do_swap_page: swapin tgid 1676 pid 1676 name "ndroid.systemui" vma 9dd12000
 ndroid.systemui-1676  [004] ....  6995.945464: do_swap_page: swapin tgid 1676 pid 1676 name "ndroid.systemui" vma 9de83000
 ndroid.systemui-1676  [004] ....  6995.945593: do_swap_page: swapin tgid 1676 pid 1676 name "ndroid.systemui" vma 9de83000
 ndroid.systemui-1676  [004] ....  6995.945597: do_swap_page: swapin tgid 1676 pid 1676 name "ndroid.systemui" vma 9ddbf000
 ndroid.systemui-1676  [004] ....  6995.945705: do_swap_page: swapin tgid 1676 pid 1676 name "ndroid.systemui" vma 9ddbf000
 ndroid.systemui-1676  [004] ....  6995.945710: do_swap_page: swapin tgid 1676 pid 1676 name "ndroid.systemui" vma 9dcce000
 ndroid.systemui-1676  [004] ....  6995.945823: do_swap_page: swapin tgid 1676 pid 1676 name "ndroid.systemui" vma 9dcce000
 ndroid.systemui-1676  [004] ....  6995.945826: do_swap_page: swapin tgid 1676 pid 1676 name "ndroid.systemui" vma 9ddcf000
 ndroid.systemui-1676  [004] ....  6995.945982: do_swap_page: swapin tgid 1676 pid 1676 name "ndroid.systemui" vma 9ddcf000
 ndroid.systemui-1676  [004] ....  6995.945985: do_swap_page: swapin tgid 1676 pid 1676 name "ndroid.systemui" vma 9dccd000
 ndroid.systemui-1676  [004] ....  6995.946092: do_swap_page: swapin tgid 1676 pid 1676 name "ndroid.systemui" vma 9dccd000
 ndroid.systemui-1676  [004] ....  6995.946095: do_swap_page: swapin tgid 1676 pid 1676 name "ndroid.systemui" vma 9de91000
 ndroid.systemui-1676  [004] ....  6995.946298: do_swap_page: swapin tgid 1676 pid 1676 name "ndroid.systemui" vma 9de91000
 ndroid.systemui-1676  [004] ....  6995.946307: do_swap_page: swapin tgid 1676 pid 1676 name "ndroid.systemui" vma 7fbbc11000
 ndroid.systemui-1676  [004] ....  6995.946442: do_swap_page: swapin tgid 1676 pid 1676 name "ndroid.systemui" vma 7fbbc11000
 ndroid.systemui-1676  [004] ....  6995.946447: do_swap_page: swapin tgid 1676 pid 1676 name "ndroid.systemui" vma 7fbbc0e000
 ndroid.systemui-1676  [004] ....  6995.946450: do_swap_page: swapin tgid 1676 pid 1676 name "ndroid.systemui" vma 9dcb9000
 ndroid.systemui-1676  [004] ....  6995.946575: do_swap_page: swapin tgid 1676 pid 1676 name "ndroid.systemui" vma 9dcb9000
 ndroid.systemui-1676  [004] ....  6995.946578: do_swap_page: swapin tgid 1676 pid 1676 name "ndroid.systemui" vma 9deb4000
 ndroid.systemui-1676  [004] ....  6995.946685: do_swap_page: swapin tgid 1676 pid 1676 name "ndroid.systemui" vma 9deb4000
 ndroid.systemui-1676  [004] ....  6995.946689: do_swap_page: swapin tgid 1676 pid 1676 name "ndroid.systemui" vma 13d7f000
 ndroid.systemui-1676  [004] ....  6995.946692: do_swap_page: swapin tgid 1676 pid 1676 name "ndroid.systemui" vma 9dea2000
 ndroid.systemui-1676  [004] ....  6995.946813: do_swap_page: swapin tgid 1676 pid 1676 name "ndroid.systemui" vma 9dea2000
 ndroid.systemui-1676  [004] ....  6995.946818: do_swap_page: swapin tgid 1676 pid 1676 name "ndroid.systemui" vma 9ded3000
 ndroid.systemui-1676  [004] ....  6995.946941: do_swap_page: swapin tgid 1676 pid 1676 name "ndroid.systemui" vma 9ded3000
 ndroid.systemui-1676  [004] ....  6995.946948: do_swap_page: swapin tgid 1676 pid 1676 name "ndroid.systemui" vma 13d85000
 ndroid.systemui-1676  [004] ....  6995.946950: do_swap_page: swapin tgid 1676 pid 1676 name "ndroid.systemui" vma 9dcd9000
  surfaceflinger-597   [004] ....  6995.947069: do_swap_page: swapin tgid 597 pid 597 name "surfaceflinger" vma 7faa604000
  surfaceflinger-597   [004] ....  6995.947082: do_swap_page: swapin tgid 597 pid 597 name "surfaceflinger" vma 7fba6d9000
  surfaceflinger-597   [004] ....  6995.947123: do_swap_page: swapin tgid 597 pid 597 name "surfaceflinger" vma 7faa5be000
  surfaceflinger-597   [004] ....  6995.947130: do_swap_page: swapin tgid 597 pid 597 name "surfaceflinger" vma 7faa5bf000
  surfaceflinger-597   [004] ....  6995.947140: do_swap_page: swapin tgid 597 pid 597 name "surfaceflinger" vma 7faa731000
  surfaceflinger-597   [004] ....  6995.947145: do_swap_page: swapin tgid 597 pid 597 name "surfaceflinger" vma 7fb7554000
  surfaceflinger-597   [004] ....  6995.947159: do_swap_page: swapin tgid 597 pid 597 name "surfaceflinger" vma 7faa69b000
  surfaceflinger-597   [004] ....  6995.947164: do_swap_page: swapin tgid 597 pid 597 name "surfaceflinger" vma 7faa69c000
  surfaceflinger-597   [004] ....  6995.947170: do_swap_page: swapin tgid 597 pid 597 name "surfaceflinger" vma 7fbe172000
  surfaceflinger-597   [004] ....  6995.947191: do_swap_page: swapin tgid 597 pid 597 name "surfaceflinger" vma 7fb7535000
  surfaceflinger-597   [004] ....  6995.947200: do_swap_page: swapin tgid 597 pid 597 name "surfaceflinger" vma 7faa6cd000
  surfaceflinger-597   [004] ....  6995.947214: do_swap_page: swapin tgid 597 pid 597 name "surfaceflinger" vma 7faa6a9000
  surfaceflinger-597   [004] ....  6995.947222: do_swap_page: swapin tgid 597 pid 597 name "surfaceflinger" vma 7faa788000
  surfaceflinger-597   [004] ....  6995.947281: do_swap_page: swapin tgid 597 pid 597 name "surfaceflinger" vma 7fba714000
  surfaceflinger-597   [004] ....  6995.947283: do_swap_page: swapin tgid 597 pid 597 name "surfaceflinger" vma 7fba716000
  surfaceflinger-597   [004] ....  6995.947285: do_swap_page: swapin tgid 597 pid 597 name "surfaceflinger" vma 7fba6e0000
  surfaceflinger-597   [004] ....  6995.947287: do_swap_page: swapin tgid 597 pid 597 name "surfaceflinger" vma 7fba6e2000
  surfaceflinger-597   [004] ....  6995.947290: do_swap_page: swapin tgid 597 pid 597 name "surfaceflinger" vma 7fba6a6000
  surfaceflinger-597   [004] ....  6995.947295: do_swap_page: swapin tgid 597 pid 597 name "surfaceflinger" vma 7fba6a8000
    android.anim-1362  [004] ....  6995.947538: do_swap_page: swapin tgid 1338 pid 1362 name "android.anim" vma 7e6c17f000
  surfaceflinger-597   [004] ....  6995.947561: do_swap_page: swapin tgid 597 pid 597 name "surfaceflinger" vma 7fba6a8000
  surfaceflinger-597   [004] ....  6995.947568: do_swap_page: swapin tgid 597 pid 597 name "surfaceflinger" vma 7fba610000
  surfaceflinger-597   [004] ....  6995.947571: do_swap_page: swapin tgid 597 pid 597 name "surfaceflinger" vma 7fba612000
           <...>-25121 [004] ....  6995.947597: do_swap_page: swapin tgid 6654 pid 25121 name "Binder:6654_7" vma 7fbe1e9000
           <...>-25121 [004] ....  6995.947606: do_swap_page: swapin tgid 6654 pid 25121 name "Binder:6654_7" vma 7f393cd000
           <...>-6615  [004] ....  6995.947627: do_swap_page: swapin tgid 6578 pid 6615 name "Binder:6578_3" vma f3d4c000
           <...>-6615  [004] ....  6995.947636: do_swap_page: swapin tgid 6578 pid 6615 name "Binder:6578_3" vma c8c6a000
           <...>-6615  [004] ....  6995.947639: do_swap_page: swapin tgid 6578 pid 6615 name "Binder:6578_3" vma f7a10000
           <...>-6203  [004] ....  6995.947661: do_swap_page: swapin tgid 6013 pid 6203 name "Binder:6013_5" vma 7fbe1e7000
           <...>-6203  [004] ....  6995.947667: do_swap_page: swapin tgid 6013 pid 6203 name "Binder:6013_5" vma 7fbe17f000
           <...>-6203  [004] ....  6995.947670: do_swap_page: swapin tgid 6013 pid 6203 name "Binder:6013_5" vma 7fbe20a000
  surfaceflinger-597   [004] ....  6995.947733: do_swap_page: swapin tgid 597 pid 597 name "surfaceflinger" vma 7fba612000
  surfaceflinger-597   [004] ....  6995.947760: do_swap_page: swapin tgid 597 pid 597 name "surfaceflinger" vma 7fbe194000
  surfaceflinger-597   [004] ....  6995.947778: do_swap_page: swapin tgid 597 pid 597 name "surfaceflinger" vma 7faa6ed000
  surfaceflinger-597   [004] ....  6995.947788: do_swap_page: swapin tgid 597 pid 597 name "surfaceflinger" vma 7fbd27b000
    android.anim-1362  [004] ....  6995.947849: do_swap_page: swapin tgid 1338 pid 1362 name "android.anim" vma 7e6c180000
    android.anim-1362  [004] ....  6995.947863: do_swap_page: swapin tgid 1338 pid 1362 name "android.anim" vma 7ed0d74000
    android.anim-1362  [004] ....  6995.947880: do_swap_page: swapin tgid 1338 pid 1362 name "android.anim" vma 7eb4d0d000
    android.anim-1362  [004] ....  6995.947886: do_swap_page: swapin tgid 1338 pid 1362 name "android.anim" vma 7f28a97000
    android.anim-1362  [004] ....  6995.947892: do_swap_page: swapin tgid 1338 pid 1362 name "android.anim" vma 7ed0d97000
    android.anim-1362  [004] ....  6995.947894: do_swap_page: swapin tgid 1338 pid 1362 name "android.anim" vma 7f28a98000
    android.anim-1362  [004] ....  6995.947899: do_swap_page: swapin tgid 1338 pid 1362 name "android.anim" vma 7e5d696000
    android.anim-1362  [004] ....  6995.947903: do_swap_page: swapin tgid 1338 pid 1362 name "android.anim" vma 7e5d697000
    android.anim-1362  [004] ....  6995.947926: do_swap_page: swapin tgid 1338 pid 1362 name "android.anim" vma 7e5d632000
    android.anim-1362  [004] ....  6995.947932: do_swap_page: swapin tgid 1338 pid 1362 name "android.anim" vma 7ed0bde000
  surfaceflinger-597   [004] ....  6995.947960: do_swap_page: swapin tgid 597 pid 597 name "surfaceflinger" vma 7fbd27b000
  surfaceflinger-597   [004] ....  6995.947975: do_swap_page: swapin tgid 597 pid 597 name "surfaceflinger" vma 7fbe203000
  surfaceflinger-597   [004] ....  6995.947981: do_swap_page: swapin tgid 597 pid 597 name "surfaceflinger" vma 7fb794c000
  surfaceflinger-597   [004] ....  6995.947985: do_swap_page: swapin tgid 597 pid 597 name "surfaceflinger" vma 7fb7523000
  surfaceflinger-597   [004] ....  6995.948046: do_swap_page: swapin tgid 597 pid 597 name "surfaceflinger" vma 7fb7543000
  surfaceflinger-597   [004] ....  6995.948051: do_swap_page: swapin tgid 597 pid 597 name "surfaceflinger" vma 7fb7705000
 droid.launcher3-2050  [004] ....  6995.948128: do_swap_page: swapin tgid 2050 pid 2050 name "droid.launcher3" vma 7ecebc8000
 droid.launcher3-2050  [004] ....  6995.948135: do_swap_page: swapin tgid 2050 pid 2050 name "droid.launcher3" vma 7f2d04a000
 droid.launcher3-2050  [004] ....  6995.948208: do_swap_page: swapin tgid 2050 pid 2050 name "droid.launcher3" vma 13ca4000
  surfaceflinger-597   [004] ....  6995.948239: do_swap_page: swapin tgid 597 pid 597 name "surfaceflinger" vma 7fb7705000
    android.anim-1362  [004] ....  6995.949073: do_swap_page: swapin tgid 1338 pid 1362 name "android.anim" vma 7f2d085000
    android.anim-1362  [004] ....  6995.949079: do_swap_page: swapin tgid 1338 pid 1362 name "android.anim" vma 7e6c390000
    android.anim-1362  [004] ....  6995.949087: do_swap_page: swapin tgid 1338 pid 1362 name "android.anim" vma 7e6c391000
    android.anim-1362  [004] ....  6995.949100: do_swap_page: swapin tgid 1338 pid 1362 name "android.anim" vma 7e87b20000
    android.anim-1362  [004] ....  6995.949103: do_swap_page: swapin tgid 1338 pid 1362 name "android.anim" vma 7e87b21000
    android.anim-1362  [004] ....  6995.949107: do_swap_page: swapin tgid 1338 pid 1362 name "android.anim" vma 7e87b22000
           <...>-2138  [004] ....  6995.949162: do_swap_page: swapin tgid 597 pid 2138 name "Binder:597_5" vma 7fb752e000
           <...>-2138  [004] .n..  6995.949231: do_swap_page: swapin tgid 597 pid 2138 name "Binder:597_5" vma 7fb752f000
           <...>-2138  [004] ....  6995.949255: do_swap_page: swapin tgid 597 pid 2138 name "Binder:597_5" vma 7faa5ca000
           <...>-25121 [004] ....  6995.949300: do_swap_page: swapin tgid 6654 pid 25121 name "Binder:6654_7" vma 7f393cd000
           <...>-25121 [004] ....  6995.949306: do_swap_page: swapin tgid 6654 pid 25121 name "Binder:6654_7" vma 7fbe165000
 droid.launcher3-2050  [004] ....  6995.949327: do_swap_page: swapin tgid 2050 pid 2050 name "droid.launcher3" vma 13ca4000
 droid.launcher3-2050  [004] ....  6995.949342: do_swap_page: swapin tgid 2050 pid 2050 name "droid.launcher3" vma 12ec9000
 droid.launcher3-2050  [004] ....  6995.949345: do_swap_page: swapin tgid 2050 pid 2050 name "droid.launcher3" vma 9dbd5000
 droid.launcher3-2050  [004] ....  6995.949467: do_swap_page: swapin tgid 2050 pid 2050 name "droid.launcher3" vma 9dbd5000
 droid.launcher3-2050  [004] ....  6995.949473: do_swap_page: swapin tgid 2050 pid 2050 name "droid.launcher3" vma 9dccc000
           <...>-5376  [004] ....  6995.949559: do_swap_page: swapin tgid 1338 pid 5376 name "Binder:1338_15" vma 7fbd9fa000
 droid.launcher3-2050  [004] ....  6995.949594: do_swap_page: swapin tgid 2050 pid 2050 name "droid.launcher3" vma 9dccc000
 droid.launcher3-2050  [004] ....  6995.949599: do_swap_page: swapin tgid 2050 pid 2050 name "droid.launcher3" vma 9dccd000
 ndroid.systemui-1676  [004] ....  6995.949644: do_swap_page: swapin tgid 1676 pid 1676 name "ndroid.systemui" vma 9dcd9000
 ndroid.systemui-1676  [004] ....  6995.949653: do_swap_page: swapin tgid 1676 pid 1676 name "ndroid.systemui" vma 9dcbd000
 droid.launcher3-2050  [004] ....  6995.949739: do_swap_page: swapin tgid 2050 pid 2050 name "droid.launcher3" vma 9dccd000
 droid.launcher3-2050  [004] ....  6995.949750: do_swap_page: swapin tgid 2050 pid 2050 name "droid.launcher3" vma 9dcc6000
 droid.launcher3-2050  [004] ....  6995.949754: do_swap_page: swapin tgid 2050 pid 2050 name "droid.launcher3" vma 9dc56000
           <...>-6615  [004] ....  6995.949810: do_swap_page: swapin tgid 6578 pid 6615 name "Binder:6578_3" vma f7a10000
           <...>-6615  [004] ....  6995.949817: do_swap_page: swapin tgid 6578 pid 6615 name "Binder:6578_3" vma e1f28000
           <...>-6615  [004] ....  6995.949823: do_swap_page: swapin tgid 6578 pid 6615 name "Binder:6578_3" vma f40d8000
           <...>-5376  [004] ....  6995.949865: do_swap_page: swapin tgid 1338 pid 5376 name "Binder:1338_15" vma 7fbd9fa000
 droid.launcher3-2050  [004] ....  6995.949898: do_swap_page: swapin tgid 2050 pid 2050 name "droid.launcher3" vma 9dc56000
 droid.launcher3-2050  [004] ....  6995.949911: do_swap_page: swapin tgid 2050 pid 2050 name "droid.launcher3" vma 12ed6000
 droid.launcher3-2050  [004] ....  6995.949913: do_swap_page: swapin tgid 2050 pid 2050 name "droid.launcher3" vma 9dc49000
           <...>-5376  [004] ....  6995.949968: do_swap_page: swapin tgid 1338 pid 5376 name "Binder:1338_15" vma 7e5e8b2000
           <...>-5376  [004] ....  6995.949983: do_swap_page: swapin tgid 1338 pid 5376 name "Binder:1338_15" vma 7e87b88000
 droid.launcher3-2050  [004] ....  6995.950030: do_swap_page: swapin tgid 2050 pid 2050 name "droid.launcher3" vma 9dc49000
 droid.launcher3-2050  [004] ....  6995.950035: do_swap_page: swapin tgid 2050 pid 2050 name "droid.launcher3" vma 9dc9f000
           <...>-5376  [004] ....  6995.950064: do_swap_page: swapin tgid 1338 pid 5376 name "Binder:1338_15" vma 7ed0d8b000
           <...>-5376  [004] ....  6995.950070: do_swap_page: swapin tgid 1338 pid 5376 name "Binder:1338_15" vma 7eb41bf000
 ndroid.systemui-1676  [004] ....  6995.950125: do_swap_page: swapin tgid 1676 pid 1676 name "ndroid.systemui" vma 9dcbd000
 ndroid.systemui-1676  [004] ....  6995.950132: do_swap_page: swapin tgid 1676 pid 1676 name "ndroid.systemui" vma 9dcd2000
 droid.launcher3-2050  [004] ....  6995.950160: do_swap_page: swapin tgid 2050 pid 2050 name "droid.launcher3" vma 9dc9f000
 droid.launcher3-2050  [004] ....  6995.950168: do_swap_page: swapin tgid 2050 pid 2050 name "droid.launcher3" vma 132a0000
 droid.launcher3-2050  [004] ....  6995.950172: do_swap_page: swapin tgid 2050 pid 2050 name "droid.launcher3" vma 9dbf4000
 droid.launcher3-2050  [004] ....  6995.950295: do_swap_page: swapin tgid 2050 pid 2050 name "droid.launcher3" vma 9dbf4000
 droid.launcher3-2050  [004] ....  6995.950301: do_swap_page: swapin tgid 2050 pid 2050 name "droid.launcher3" vma 9dc97000
 ndroid.systemui-1676  [004] ....  6995.950342: do_swap_page: swapin tgid 1676 pid 1676 name "ndroid.systemui" vma 9dcd2000
 ndroid.systemui-1676  [004] ....  6995.950347: do_swap_page: swapin tgid 1676 pid 1676 name "ndroid.systemui" vma 9de85000
           <...>-17557 [004] ....  6995.950404: do_swap_page: swapin tgid 17535 pid 17557 name "Binder:17535_3" vma 7fbe241000
           <...>-17557 [004] ....  6995.950413: do_swap_page: swapin tgid 17535 pid 17557 name "Binder:17535_3" vma 7fbe1e9000
 droid.launcher3-2050  [004] ....  6995.950465: do_swap_page: swapin tgid 2050 pid 2050 name "droid.launcher3" vma 9dc97000
 droid.launcher3-2050  [004] ....  6995.950471: do_swap_page: swapin tgid 2050 pid 2050 name "droid.launcher3" vma 9dc54000
 ndroid.systemui-1676  [004] ....  6995.950510: do_swap_page: swapin tgid 1676 pid 1676 name "ndroid.systemui" vma 9de85000
 ndroid.systemui-1676  [004] ....  6995.950516: do_swap_page: swapin tgid 1676 pid 1676 name "ndroid.systemui" vma 9dd52000
 ndroid.systemui-1676  [004] ....  6995.950519: do_swap_page: swapin tgid 1676 pid 1676 name "ndroid.systemui" vma 9debb000
 droid.launcher3-2050  [004] ....  6995.950607: do_swap_page: swapin tgid 2050 pid 2050 name "droid.launcher3" vma 9dc54000
 droid.launcher3-2050  [004] ....  6995.950611: do_swap_page: swapin tgid 2050 pid 2050 name "droid.launcher3" vma 9dc41000
 ndroid.systemui-1676  [004] ....  6995.950709: do_swap_page: swapin tgid 1676 pid 1676 name "ndroid.systemui" vma 9debb000
 ndroid.systemui-1676  [004] ....  6995.950714: do_swap_page: swapin tgid 1676 pid 1676 name "ndroid.systemui" vma 9dd3b000
 ndroid.systemui-1676  [004] ....  6995.950717: do_swap_page: swapin tgid 1676 pid 1676 name "ndroid.systemui" vma 9dcbf000
           <...>-18824 [004] ....  6995.950761: do_swap_page: swapin tgid 17968 pid 18824 name "Binder:17968_4" vma 7fbe1e9000
           <...>-18824 [004] ....  6995.950771: do_swap_page: swapin tgid 17968 pid 18824 name "Binder:17968_4" vma 7f393cd000
 droid.launcher3-2050  [004] ....  6995.950788: do_swap_page: swapin tgid 2050 pid 2050 name "droid.launcher3" vma 9dc41000
 droid.launcher3-2050  [004] ....  6995.950794: do_swap_page: swapin tgid 2050 pid 2050 name "droid.launcher3" vma 9dc52000
 droid.launcher3-2050  [004] ....  6995.950918: do_swap_page: swapin tgid 2050 pid 2050 name "droid.launcher3" vma 9dc52000
 droid.launcher3-2050  [004] ....  6995.950945: do_swap_page: swapin tgid 2050 pid 2050 name "droid.launcher3" vma 9dca9000
 droid.launcher3-2050  [004] ....  6995.950948: do_swap_page: swapin tgid 2050 pid 2050 name "droid.launcher3" vma 9dc68000
 ndroid.systemui-1676  [004] ....  6995.950968: do_swap_page: swapin tgid 1676 pid 1676 name "ndroid.systemui" vma 9dcbf000
 ndroid.systemui-1676  [004] ....  6995.950977: do_swap_page: swapin tgid 1676 pid 1676 name "ndroid.systemui" vma 9dea7000
 droid.launcher3-2050  [004] ....  6995.951065: do_swap_page: swapin tgid 2050 pid 2050 name "droid.launcher3" vma 9dc68000
 droid.launcher3-2050  [004] ....  6995.951070: do_swap_page: swapin tgid 2050 pid 2050 name "droid.launcher3" vma 9dc5e000
 ndroid.systemui-1676  [004] ....  6995.951123: do_swap_page: swapin tgid 1676 pid 1676 name "ndroid.systemui" vma 9dea7000
 ndroid.systemui-1676  [004] ....  6995.951128: do_swap_page: swapin tgid 1676 pid 1676 name "ndroid.systemui" vma 9ddec000
           <...>-6203  [004] ....  6995.951223: do_swap_page: swapin tgid 6013 pid 6203 name "Binder:6013_5" vma 7fbe20a000
           <...>-6203  [004] ....  6995.951236: do_swap_page: swapin tgid 6013 pid 6203 name "Binder:6013_5" vma 7ebd06c000
           <...>-6203  [004] ....  6995.951239: do_swap_page: swapin tgid 6013 pid 6203 name "Binder:6013_5" vma 7ebd06d000
           <...>-6203  [004] ....  6995.951242: do_swap_page: swapin tgid 6013 pid 6203 name "Binder:6013_5" vma 7fbe1d3000
           <...>-6203  [004] ....  6995.951275: do_swap_page: swapin tgid 6013 pid 6203 name "Binder:6013_5" vma 7ebd030000
           <...>-6203  [004] ....  6995.951280: do_swap_page: swapin tgid 6013 pid 6203 name "Binder:6013_5" vma 7ebc9e8000
 droid.launcher3-2050  [004] ....  6995.951301: do_swap_page: swapin tgid 2050 pid 2050 name "droid.launcher3" vma 9dc5e000
 droid.launcher3-2050  [004] ....  6995.951308: do_swap_page: swapin tgid 2050 pid 2050 name "droid.launcher3" vma 719a1000
 ndroid.systemui-1676  [004] ....  6995.951335: do_swap_page: swapin tgid 1676 pid 1676 name "ndroid.systemui" vma 9ddec000
 ndroid.systemui-1676  [004] ....  6995.951341: do_swap_page: swapin tgid 1676 pid 1676 name "ndroid.systemui" vma 9dd19000
 ndroid.systemui-1676  [004] ....  6995.951344: do_swap_page: swapin tgid 1676 pid 1676 name "ndroid.systemui" vma 9dcd1000
 droid.launcher3-2050  [004] ....  6995.951427: do_swap_page: swapin tgid 2050 pid 2050 name "droid.launcher3" vma 719a1000
 droid.launcher3-2050  [004] ....  6995.951440: do_swap_page: swapin tgid 2050 pid 2050 name "droid.launcher3" vma 9dc6d000
 ndroid.systemui-1676  [004] ....  6995.951478: do_swap_page: swapin tgid 1676 pid 1676 name "ndroid.systemui" vma 9dcd1000
 ndroid.systemui-1676  [004] ....  6995.951483: do_swap_page: swapin tgid 1676 pid 1676 name "ndroid.systemui" vma 9de89000
 droid.launcher3-2050  [004] ....  6995.951574: do_swap_page: swapin tgid 2050 pid 2050 name "droid.launcher3" vma 9dc6d000
 droid.launcher3-2050  [004] ....  6995.951583: do_swap_page: swapin tgid 2050 pid 2050 name "droid.launcher3" vma 9dc4d000
           <...>-25121 [004] ....  6995.951626: do_swap_page: swapin tgid 6654 pid 25121 name "Binder:6654_7" vma 7fbe165000
           <...>-25121 [004] ....  6995.951632: do_swap_page: swapin tgid 6654 pid 25121 name "Binder:6654_7" vma 7f2d531000
           <...>-25121 [004] ....  6995.951637: do_swap_page: swapin tgid 6654 pid 25121 name "Binder:6654_7" vma 7fb9c4f000
 droid.launcher3-2050  [004] ....  6995.951731: do_swap_page: swapin tgid 2050 pid 2050 name "droid.launcher3" vma 9dc4d000
 droid.launcher3-2050  [004] ....  6995.951739: do_swap_page: swapin tgid 2050 pid 2050 name "droid.launcher3" vma 9dc42000
 ndroid.systemui-1676  [004] ....  6995.951764: do_swap_page: swapin tgid 1676 pid 1676 name "ndroid.systemui" vma 9de89000
 ndroid.systemui-1676  [004] ....  6995.951773: do_swap_page: swapin tgid 1676 pid 1676 name "ndroid.systemui" vma 9dc28000
 ndroid.systemui-1676  [004] ....  6995.951776: do_swap_page: swapin tgid 1676 pid 1676 name "ndroid.systemui" vma 9dccf000
 droid.launcher3-2050  [004] ....  6995.951852: do_swap_page: swapin tgid 2050 pid 2050 name "droid.launcher3" vma 9dc42000
 droid.launcher3-2050  [004] ....  6995.951860: do_swap_page: swapin tgid 2050 pid 2050 name "droid.launcher3" vma 9dcb0000
 ndroid.systemui-1676  [004] ....  6995.951904: do_swap_page: swapin tgid 1676 pid 1676 name "ndroid.systemui" vma 9dccf000
 ndroid.systemui-1676  [004] ....  6995.951909: do_swap_page: swapin tgid 1676 pid 1676 name "ndroid.systemui" vma 9de8c000
           <...>-6615  [004] ....  6995.952067: do_swap_page: swapin tgid 6578 pid 6615 name "Binder:6578_3" vma f40d8000
           <...>-6615  [004] ....  6995.952073: do_swap_page: swapin tgid 6578 pid 6615 name "Binder:6578_3" vma e1ef8000
           <...>-6615  [004] ....  6995.952078: do_swap_page: swapin tgid 6578 pid 6615 name "Binder:6578_3" vma f3d4b000
           <...>-6615  [004] ....  6995.952084: do_swap_page: swapin tgid 6578 pid 6615 name "Binder:6578_3" vma f7a23000
 droid.launcher3-2050  [004] ....  6995.952121: do_swap_page: swapin tgid 2050 pid 2050 name "droid.launcher3" vma 9dcb0000
 droid.launcher3-2050  [004] ....  6995.952128: do_swap_page: swapin tgid 2050 pid 2050 name "droid.launcher3" vma 13c9d000
 droid.launcher3-2050  [004] ....  6995.952132: do_swap_page: swapin tgid 2050 pid 2050 name "droid.launcher3" vma 9dc30000
 ndroid.systemui-1676  [004] ....  6995.952204: do_swap_page: swapin tgid 1676 pid 1676 name "ndroid.systemui" vma 9de8c000
 ndroid.systemui-1676  [004] ....  6995.952211: do_swap_page: swapin tgid 1676 pid 1676 name "ndroid.systemui" vma 9dce0000
 droid.launcher3-2050  [004] ....  6995.952274: do_swap_page: swapin tgid 2050 pid 2050 name "droid.launcher3" vma 9dc30000
 droid.launcher3-2050  [004] ....  6995.952282: do_swap_page: swapin tgid 2050 pid 2050 name "droid.launcher3" vma 13d52000
 droid.launcher3-2050  [004] ....  6995.952285: do_swap_page: swapin tgid 2050 pid 2050 name "droid.launcher3" vma 9dbe2000
 ndroid.systemui-1676  [004] ....  6995.952387: do_swap_page: swapin tgid 1676 pid 1676 name "ndroid.systemui" vma 9dce0000
 droid.launcher3-2050  [004] ....  6995.952437: do_swap_page: swapin tgid 2050 pid 2050 name "droid.launcher3" vma 9dbe2000
 droid.launcher3-2050  [004] ....  6995.952446: do_swap_page: swapin tgid 2050 pid 2050 name "droid.launcher3" vma 9dbe3000
 ndroid.systemui-1676  [004] ....  6995.952480: do_swap_page: swapin tgid 1676 pid 1676 name "ndroid.systemui" vma 9de49000
 droid.launcher3-2050  [004] ....  6995.952568: do_swap_page: swapin tgid 2050 pid 2050 name "droid.launcher3" vma 9dbe3000
 droid.launcher3-2050  [004] ....  6995.952572: do_swap_page: swapin tgid 2050 pid 2050 name "droid.launcher3" vma 9dcd3000
           <...>-17557 [004] ....  6995.952635: do_swap_page: swapin tgid 17535 pid 17557 name "Binder:17535_3" vma 7fbe1e9000
           <...>-17557 [004] ....  6995.952644: do_swap_page: swapin tgid 17535 pid 17557 name "Binder:17535_3" vma 7f393cd000
 ndroid.systemui-1676  [004] ....  6995.952665: do_swap_page: swapin tgid 1676 pid 1676 name "ndroid.systemui" vma 9de49000
 droid.launcher3-2050  [004] ....  6995.952704: do_swap_page: swapin tgid 2050 pid 2050 name "droid.launcher3" vma 9dcd3000
 droid.launcher3-2050  [004] ....  6995.952710: do_swap_page: swapin tgid 2050 pid 2050 name "droid.launcher3" vma 13d47000
 droid.launcher3-2050  [004] ....  6995.952712: do_swap_page: swapin tgid 2050 pid 2050 name "droid.launcher3" vma 9dbbf000
 ndroid.systemui-1676  [004] ....  6995.952743: do_swap_page: swapin tgid 1676 pid 1676 name "ndroid.systemui" vma 137e4000
 ndroid.systemui-1676  [004] ....  6995.952747: do_swap_page: swapin tgid 1676 pid 1676 name "ndroid.systemui" vma 13da4000
 ndroid.systemui-1676  [004] ....  6995.952750: do_swap_page: swapin tgid 1676 pid 1676 name "ndroid.systemui" vma 9dde3000
 droid.launcher3-2050  [004] ....  6995.952833: do_swap_page: swapin tgid 2050 pid 2050 name "droid.launcher3" vma 9dbbf000
 droid.launcher3-2050  [004] ....  6995.952841: do_swap_page: swapin tgid 2050 pid 2050 name "droid.launcher3" vma 9dce1000
 ndroid.systemui-1676  [004] ....  6995.952891: do_swap_page: swapin tgid 1676 pid 1676 name "ndroid.systemui" vma 9dde3000
 ndroid.systemui-1676  [004] ....  6995.952897: do_swap_page: swapin tgid 1676 pid 1676 name "ndroid.systemui" vma 13697000
 ndroid.systemui-1676  [004] ....  6995.952902: do_swap_page: swapin tgid 1676 pid 1676 name "ndroid.systemui" vma 9dd44000
 ndroid.systemui-1676  [004] ....  6995.952904: do_swap_page: swapin tgid 1676 pid 1676 name "ndroid.systemui" vma 9dd5a000
 droid.launcher3-2050  [004] ....  6995.953016: do_swap_page: swapin tgid 2050 pid 2050 name "droid.launcher3" vma 9dce1000
 droid.launcher3-2050  [004] ....  6995.953022: do_swap_page: swapin tgid 2050 pid 2050 name "droid.launcher3" vma 13caa000
 droid.launcher3-2050  [004] ....  6995.953024: do_swap_page: swapin tgid 2050 pid 2050 name "droid.launcher3" vma 9dcfb000
 droid.launcher3-2050  [004] ....  6995.953147: do_swap_page: swapin tgid 2050 pid 2050 name "droid.launcher3" vma 9dcfb000
 droid.launcher3-2050  [004] ....  6995.953152: do_swap_page: swapin tgid 2050 pid 2050 name "droid.launcher3" vma 9dbec000
 droid.launcher3-2050  [004] ....  6995.953258: do_swap_page: swapin tgid 2050 pid 2050 name "droid.launcher3" vma 9dbec000
 droid.launcher3-2050  [004] ....  6995.953263: do_swap_page: swapin tgid 2050 pid 2050 name "droid.launcher3" vma 9dcb2000
 droid.launcher3-2050  [004] ....  6995.953265: do_swap_page: swapin tgid 2050 pid 2050 name "droid.launcher3" vma 9dc5b000
 droid.launcher3-2050  [004] ....  6995.953365: do_swap_page: swapin tgid 2050 pid 2050 name "droid.launcher3" vma 9dc5b000
 droid.launcher3-2050  [004] ....  6995.953371: do_swap_page: swapin tgid 2050 pid 2050 name "droid.launcher3" vma 9dc6f000
 droid.launcher3-2050  [004] ....  6995.953476: do_swap_page: swapin tgid 2050 pid 2050 name "droid.launcher3" vma 9dc6f000
 droid.launcher3-2050  [004] ....  6995.953480: do_swap_page: swapin tgid 2050 pid 2050 name "droid.launcher3" vma 9dbf3000
 droid.launcher3-2050  [004] ....  6995.953585: do_swap_page: swapin tgid 2050 pid 2050 name "droid.launcher3" vma 9dbf3000
 droid.launcher3-2050  [004] ....  6995.953590: do_swap_page: swapin tgid 2050 pid 2050 name "droid.launcher3" vma 9dca7000
 droid.launcher3-2050  [004] ....  6995.953595: do_swap_page: swapin tgid 2050 pid 2050 name "droid.launcher3" vma 9dbc3000
 droid.launcher3-2050  [004] ....  6995.953693: do_swap_page: swapin tgid 2050 pid 2050 name "droid.launcher3" vma 9dbc3000
 droid.launcher3-2050  [004] ....  6995.953696: do_swap_page: swapin tgid 2050 pid 2050 name "droid.launcher3" vma 9dcf0000
 droid.launcher3-2050  [004] ....  6995.953821: do_swap_page: swapin tgid 2050 pid 2050 name "droid.launcher3" vma 9dcf0000
 droid.launcher3-2050  [004] ....  6995.953828: do_swap_page: swapin tgid 2050 pid 2050 name "droid.launcher3" vma 13cac000
 droid.launcher3-2050  [004] ....  6995.953834: do_swap_page: swapin tgid 2050 pid 2050 name "droid.launcher3" vma 9dbef000
 droid.launcher3-2050  [004] ....  6995.953940: do_swap_page: swapin tgid 2050 pid 2050 name "droid.launcher3" vma 9dbef000
 droid.launcher3-2050  [004] ....  6995.953952: do_swap_page: swapin tgid 2050 pid 2050 name "droid.launcher3" vma 9dc15000
 droid.launcher3-2050  [004] ....  6995.954054: do_swap_page: swapin tgid 2050 pid 2050 name "droid.launcher3" vma 9dc15000
 droid.launcher3-2050  [004] ....  6995.954057: do_swap_page: swapin tgid 2050 pid 2050 name "droid.launcher3" vma 9dd05000
 droid.launcher3-2050  [004] ....  6995.954166: do_swap_page: swapin tgid 2050 pid 2050 name "droid.launcher3" vma 9dd05000
 droid.launcher3-2050  [004] ....  6995.954168: do_swap_page: swapin tgid 2050 pid 2050 name "droid.launcher3" vma 9dcea000
 droid.launcher3-2050  [004] ....  6995.954285: do_swap_page: swapin tgid 2050 pid 2050 name "droid.launcher3" vma 9dcea000
 droid.launcher3-2050  [004] ....  6995.954290: do_swap_page: swapin tgid 2050 pid 2050 name "droid.launcher3" vma 13d48000
 droid.launcher3-2050  [004] ....  6995.954293: do_swap_page: swapin tgid 2050 pid 2050 name "droid.launcher3" vma 9dc46000
 droid.launcher3-2050  [004] ....  6995.954398: do_swap_page: swapin tgid 2050 pid 2050 name "droid.launcher3" vma 9dc46000
 droid.launcher3-2050  [004] ....  6995.954400: do_swap_page: swapin tgid 2050 pid 2050 name "droid.launcher3" vma 9dc9d000
 droid.launcher3-2050  [004] ....  6995.954507: do_swap_page: swapin tgid 2050 pid 2050 name "droid.launcher3" vma 9dc9d000
 droid.launcher3-2050  [004] ....  6995.954513: do_swap_page: swapin tgid 2050 pid 2050 name "droid.launcher3" vma 9dc6e000
 droid.launcher3-2050  [004] ....  6995.954618: do_swap_page: swapin tgid 2050 pid 2050 name "droid.launcher3" vma 9dc6e000
 droid.launcher3-2050  [004] ....  6995.954621: do_swap_page: swapin tgid 2050 pid 2050 name "droid.launcher3" vma 9dc67000
 droid.launcher3-2050  [004] ....  6995.954726: do_swap_page: swapin tgid 2050 pid 2050 name "droid.launcher3" vma 9dc67000
 droid.launcher3-2050  [004] ....  6995.954729: do_swap_page: swapin tgid 2050 pid 2050 name "droid.launcher3" vma 9dc66000
 droid.launcher3-2050  [004] ....  6995.954825: do_swap_page: swapin tgid 2050 pid 2050 name "droid.launcher3" vma 9dc66000
 droid.launcher3-2050  [004] ....  6995.954829: do_swap_page: swapin tgid 2050 pid 2050 name "droid.launcher3" vma 9dcbd000
 droid.launcher3-2050  [004] ....  6995.954956: do_swap_page: swapin tgid 2050 pid 2050 name "droid.launcher3" vma 9dcbd000
 droid.launcher3-2050  [004] ....  6995.954960: do_swap_page: swapin tgid 2050 pid 2050 name "droid.launcher3" vma 9dbf6000
 droid.launcher3-2050  [004] ....  6995.955117: do_swap_page: swapin tgid 2050 pid 2050 name "droid.launcher3" vma 9dbf6000
 droid.launcher3-2050  [004] ....  6995.955120: do_swap_page: swapin tgid 2050 pid 2050 name "droid.launcher3" vma 9dcdb000
 droid.launcher3-2050  [004] ....  6995.955268: do_swap_page: swapin tgid 2050 pid 2050 name "droid.launcher3" vma 9dcdb000
 droid.launcher3-2050  [004] ....  6995.955273: do_swap_page: swapin tgid 2050 pid 2050 name "droid.launcher3" vma 9dbfb000
 droid.launcher3-2050  [004] ....  6995.955379: do_swap_page: swapin tgid 2050 pid 2050 name "droid.launcher3" vma 9dbfb000
 droid.launcher3-2050  [004] ....  6995.955382: do_swap_page: swapin tgid 2050 pid 2050 name "droid.launcher3" vma 9dcc5000
 droid.launcher3-2050  [004] ....  6995.955386: do_swap_page: swapin tgid 2050 pid 2050 name "droid.launcher3" vma 9dcbe000
 droid.launcher3-2050  [004] ....  6995.955389: do_swap_page: swapin tgid 2050 pid 2050 name "droid.launcher3" vma 9dbe1000
 droid.launcher3-2050  [004] ....  6995.955493: do_swap_page: swapin tgid 2050 pid 2050 name "droid.launcher3" vma 9dbe1000
 droid.launcher3-2050  [004] ....  6995.955496: do_swap_page: swapin tgid 2050 pid 2050 name "droid.launcher3" vma 9dcd2000
 droid.launcher3-2050  [004] ....  6995.955604: do_swap_page: swapin tgid 2050 pid 2050 name "droid.launcher3" vma 9dcd2000
 droid.launcher3-2050  [004] ....  6995.955609: do_swap_page: swapin tgid 2050 pid 2050 name "droid.launcher3" vma 13cb3000
 droid.launcher3-2050  [004] ....  6995.955615: do_swap_page: swapin tgid 2050 pid 2050 name "droid.launcher3" vma 7fbe2f6000
 droid.launcher3-2050  [004] ....  6995.955630: do_swap_page: swapin tgid 2050 pid 2050 name "droid.launcher3" vma 7f28892000
 droid.launcher3-2050  [004] ....  6995.955635: do_swap_page: swapin tgid 2050 pid 2050 name "droid.launcher3" vma 7ecea8e000
 droid.launcher3-2050  [004] ....  6995.955639: do_swap_page: swapin tgid 2050 pid 2050 name "droid.launcher3" vma 7f288d6000
 droid.launcher3-2050  [004] ....  6995.955819: do_swap_page: swapin tgid 2050 pid 2050 name "droid.launcher3" vma 7f288d6000
 droid.launcher3-2050  [004] ....  6995.955823: do_swap_page: swapin tgid 2050 pid 2050 name "droid.launcher3" vma 7f28a3e000
 droid.launcher3-2050  [004] ....  6995.955846: do_swap_page: swapin tgid 2050 pid 2050 name "droid.launcher3" vma 9dc53000
 droid.launcher3-2050  [004] ....  6995.955964: do_swap_page: swapin tgid 2050 pid 2050 name "droid.launcher3" vma 9dc53000
 droid.launcher3-2050  [004] ....  6995.955982: do_swap_page: swapin tgid 2050 pid 2050 name "droid.launcher3" vma 9dc60000
 droid.launcher3-2050  [004] ....  6995.956098: do_swap_page: swapin tgid 2050 pid 2050 name "droid.launcher3" vma 9dc60000
 droid.launcher3-2050  [004] ....  6995.956102: do_swap_page: swapin tgid 2050 pid 2050 name "droid.launcher3" vma 9dcb7000
 droid.launcher3-2050  [004] ....  6995.956261: do_swap_page: swapin tgid 2050 pid 2050 name "droid.launcher3" vma 9dcb7000
 droid.launcher3-2050  [004] ....  6995.956265: do_swap_page: swapin tgid 2050 pid 2050 name "droid.launcher3" vma 9dc69000
 droid.launcher3-2050  [004] ....  6995.956368: do_swap_page: swapin tgid 2050 pid 2050 name "droid.launcher3" vma 9dc69000
 droid.launcher3-2050  [004] ....  6995.956382: do_swap_page: swapin tgid 2050 pid 2050 name "droid.launcher3" vma 9dc2f000
 droid.launcher3-2050  [004] ....  6995.956522: do_swap_page: swapin tgid 2050 pid 2050 name "droid.launcher3" vma 9dc2f000
 droid.launcher3-2050  [004] ....  6995.956530: do_swap_page: swapin tgid 2050 pid 2050 name "droid.launcher3" vma 9dc09000
 droid.launcher3-2050  [004] ....  6995.956544: do_swap_page: swapin tgid 2050 pid 2050 name "droid.launcher3" vma 7fbe260000
 droid.launcher3-2050  [004] ....  6995.956551: do_swap_page: swapin tgid 2050 pid 2050 name "droid.launcher3" vma 7fbe1a4000
 droid.launcher3-2050  [004] ....  6995.956567: do_swap_page: swapin tgid 2050 pid 2050 name "droid.launcher3" vma 13c87000
 droid.launcher3-2050  [004] ....  6995.956688: do_swap_page: swapin tgid 2050 pid 2050 name "droid.launcher3" vma 13c87000
 droid.launcher3-2050  [004] ....  6995.956703: do_swap_page: swapin tgid 2050 pid 2050 name "droid.launcher3" vma 9dbb9000
 droid.launcher3-2050  [004] ....  6995.956821: do_swap_page: swapin tgid 2050 pid 2050 name "droid.launcher3" vma 9dbb9000
 droid.launcher3-2050  [004] ....  6995.956826: do_swap_page: swapin tgid 2050 pid 2050 name "droid.launcher3" vma 9dc65000
 droid.launcher3-2050  [004] ....  6995.956923: do_swap_page: swapin tgid 2050 pid 2050 name "droid.launcher3" vma 9dc65000
 droid.launcher3-2050  [004] ....  6995.956926: do_swap_page: swapin tgid 2050 pid 2050 name "droid.launcher3" vma 9dcbb000
 droid.launcher3-2050  [004] ....  6995.957052: do_swap_page: swapin tgid 2050 pid 2050 name "droid.launcher3" vma 9dcbb000
 droid.launcher3-2050  [004] ....  6995.957060: do_swap_page: swapin tgid 2050 pid 2050 name "droid.launcher3" vma 9dcfa000
 droid.launcher3-2050  [004] ....  6995.957168: do_swap_page: swapin tgid 2050 pid 2050 name "droid.launcher3" vma 9dcfa000
 droid.launcher3-2050  [004] ....  6995.957171: do_swap_page: swapin tgid 2050 pid 2050 name "droid.launcher3" vma 9dd11000
 droid.launcher3-2050  [004] ....  6995.957450: do_swap_page: swapin tgid 2050 pid 2050 name "droid.launcher3" vma 9dd11000
 droid.launcher3-2050  [004] ....  6995.957455: do_swap_page: swapin tgid 2050 pid 2050 name "droid.launcher3" vma 9dd0a000
 droid.launcher3-2050  [004] ....  6995.957620: do_swap_page: swapin tgid 2050 pid 2050 name "droid.launcher3" vma 9dd0a000
 droid.launcher3-2050  [004] ....  6995.957623: do_swap_page: swapin tgid 2050 pid 2050 name "droid.launcher3" vma 9dd10000
 droid.launcher3-2050  [004] ....  6995.957773: do_swap_page: swapin tgid 2050 pid 2050 name "droid.launcher3" vma 9dd10000
 droid.launcher3-2050  [004] ....  6995.957776: do_swap_page: swapin tgid 2050 pid 2050 name "droid.launcher3" vma 9dd08000
 droid.launcher3-2050  [004] ....  6995.957876: do_swap_page: swapin tgid 2050 pid 2050 name "droid.launcher3" vma 9dd08000
 droid.launcher3-2050  [004] ....  6995.957923: do_swap_page: swapin tgid 2050 pid 2050 name "droid.launcher3" vma 7ecec62000
           <...>-2526  [004] ....  6995.957948: do_swap_page: swapin tgid 2050 pid 2526 name "RenderThread" vma 7ec9cab000
 droid.launcher3-2050  [004] ....  6995.958002: do_swap_page: swapin tgid 2050 pid 2050 name "droid.launcher3" vma 9dc44000
 droid.launcher3-2050  [004] ....  6995.958130: do_swap_page: swapin tgid 2050 pid 2050 name "droid.launcher3" vma 9dc44000
