           <...>-2526  [004] ....  1921.511980: do_swap_page: swapin tgid 2050 pid 2526 name "RenderThread" vma 7fbe2f1000
           <...>-644   [004] ....  1921.512083: do_swap_page: swapin tgid 597 pid 644 name "Binder:597_1" vma 7fbf5e3000
 android.display-1361  [004] ....  1921.512386: do_swap_page: swapin tgid 1338 pid 1361 name "android.display" vma 9df08000
           <...>-6733  [004] ....  1921.512449: do_swap_page: swapin tgid 1338 pid 6733 name "RenderThread" vma 7e73185000
           <...>-6733  [004] ....  1921.512471: do_swap_page: swapin tgid 1338 pid 6733 name "RenderThread" vma 7e73186000
           <...>-6733  [004] ....  1921.512481: do_swap_page: swapin tgid 1338 pid 6733 name "RenderThread" vma 7f2d5c7000
           <...>-6733  [004] ....  1921.512494: do_swap_page: swapin tgid 1338 pid 6733 name "RenderThread" vma 7eb42e9000
           <...>-6733  [004] ....  1921.512517: do_swap_page: swapin tgid 1338 pid 6733 name "RenderThread" vma 7e73184000
           <...>-6733  [004] ....  1921.512535: do_swap_page: swapin tgid 1338 pid 6733 name "RenderThread" vma 7fbcf54000
           <...>-6733  [004] ....  1921.512544: do_swap_page: swapin tgid 1338 pid 6733 name "RenderThread" vma 7fbd9bc000
           <...>-6733  [004] ....  1921.512608: do_swap_page: swapin tgid 1338 pid 6733 name "RenderThread" vma 7ed0ec7000
           <...>-6733  [004] ....  1921.512615: do_swap_page: swapin tgid 1338 pid 6733 name "RenderThread" vma 7ed0ec8000
           <...>-6733  [004] ....  1921.512630: do_swap_page: swapin tgid 1338 pid 6733 name "RenderThread" vma 7f2d51c000
           <...>-6733  [004] ....  1921.512637: do_swap_page: swapin tgid 1338 pid 6733 name "RenderThread" vma 7e646bd000
           <...>-644   [004] ....  1921.512725: do_swap_page: swapin tgid 597 pid 644 name "Binder:597_1" vma 7fbf5e3000
           <...>-644   [004] ....  1921.512755: do_swap_page: swapin tgid 597 pid 644 name "Binder:597_1" vma 7fbdd65000
           <...>-644   [004] ....  1921.512776: do_swap_page: swapin tgid 597 pid 644 name "Binder:597_1" vma 7fba640000
           <...>-644   [004] ....  1921.512792: do_swap_page: swapin tgid 597 pid 644 name "Binder:597_1" vma 7fba66b000
           <...>-2526  [004] ....  1921.512858: do_swap_page: swapin tgid 2050 pid 2526 name "RenderThread" vma 7ec9737000
           <...>-2526  [004] ....  1921.512873: do_swap_page: swapin tgid 2050 pid 2526 name "RenderThread" vma 7f2d024000
           <...>-2526  [004] ....  1921.513030: do_swap_page: swapin tgid 2050 pid 2526 name "RenderThread" vma 7ecebe8000
    Binder:597_5-2138  [004] ....  1921.513466: do_swap_page: swapin tgid 597 pid 2138 name "Binder:597_5" vma 7faa4e5000
    Binder:597_5-2138  [004] ....  1921.513496: do_swap_page: swapin tgid 597 pid 2138 name "Binder:597_5" vma 7fa928a000
    Binder:597_5-2138  [004] ....  1921.513505: do_swap_page: swapin tgid 597 pid 2138 name "Binder:597_5" vma 7fa928b000
    Binder:597_5-2138  [004] ....  1921.513522: do_swap_page: swapin tgid 597 pid 2138 name "Binder:597_5" vma 7fb75a4000
    Binder:597_5-2138  [004] ....  1921.513534: do_swap_page: swapin tgid 597 pid 2138 name "Binder:597_5" vma 7faa5bb000
    Binder:597_5-2138  [004] ....  1921.513540: do_swap_page: swapin tgid 597 pid 2138 name "Binder:597_5" vma 7faa5bc000
    Binder:597_5-2138  [004] ....  1921.513562: do_swap_page: swapin tgid 597 pid 2138 name "Binder:597_5" vma 7faa5f4000
           <...>-6429  [004] ....  1921.513809: do_swap_page: swapin tgid 6353 pid 6429 name "RenderThread" vma 7fbe162000
           <...>-6429  [004] ....  1921.513822: do_swap_page: swapin tgid 6353 pid 6429 name "RenderThread" vma 7fbe229000
           <...>-6429  [004] ....  1921.513832: do_swap_page: swapin tgid 6353 pid 6429 name "RenderThread" vma 7f28923000
           <...>-6429  [004] ....  1921.513845: do_swap_page: swapin tgid 6353 pid 6429 name "RenderThread" vma 7e89630000
           <...>-6429  [004] ....  1921.513853: do_swap_page: swapin tgid 6353 pid 6429 name "RenderThread" vma 7fbb6fc000
 android.display-1361  [004] ....  1921.514057: do_swap_page: swapin tgid 1338 pid 1361 name "android.display" vma 9df08000
 android.display-1361  [004] ....  1921.514118: do_swap_page: swapin tgid 1338 pid 1361 name "android.display" vma 7ed0d64000
 android.display-1361  [004] ....  1921.514132: do_swap_page: swapin tgid 1338 pid 1361 name "android.display" vma 7eb4cb1000
    RenderThread-2176  [004] ....  1921.516009: do_swap_page: swapin tgid 1676 pid 2176 name "RenderThread" vma 7ed1208000
    RenderThread-2176  [004] ....  1921.516065: do_swap_page: swapin tgid 1676 pid 2176 name "RenderThread" vma 7fbe175000
           <...>-6429  [004] ....  1921.516447: do_swap_page: swapin tgid 6353 pid 6429 name "RenderThread" vma 7fbb6fc000
           <...>-6429  [004] ....  1921.516474: do_swap_page: swapin tgid 6353 pid 6429 name "RenderThread" vma 7fbe301000
           <...>-6429  [004] ....  1921.516510: do_swap_page: swapin tgid 6353 pid 6429 name "RenderThread" vma 7fbe35b000
           <...>-6429  [004] ....  1921.516661: do_swap_page: swapin tgid 6353 pid 6429 name "RenderThread" vma 7ea63cc000
           <...>-6429  [004] ....  1921.516782: do_swap_page: swapin tgid 6353 pid 6429 name "RenderThread" vma 7f2d04b000
           <...>-6429  [004] ....  1921.516826: do_swap_page: swapin tgid 6353 pid 6429 name "RenderThread" vma 7e87b65000
 android.display-1361  [004] ....  1921.516846: do_swap_page: swapin tgid 1338 pid 1361 name "android.display" vma 7eb4cb1000
 android.display-1361  [004] ....  1921.516859: do_swap_page: swapin tgid 1338 pid 1361 name "android.display" vma 7ed0c70000
    RenderThread-2176  [004] ....  1921.516939: do_swap_page: swapin tgid 1676 pid 2176 name "RenderThread" vma 7fbe175000
 android.display-1361  [004] ....  1921.517097: do_swap_page: swapin tgid 1338 pid 1361 name "android.display" vma 7ed0c70000
 android.display-1361  [004] ....  1921.517116: do_swap_page: swapin tgid 1338 pid 1361 name "android.display" vma 7f28a3b000
 android.display-1361  [004] ....  1921.517398: do_swap_page: swapin tgid 1338 pid 1361 name "android.display" vma 7f28a3b000
 android.display-1361  [004] ....  1921.517415: do_swap_page: swapin tgid 1338 pid 1361 name "android.display" vma 7e6c0e2000
 android.display-1361  [004] ....  1921.517664: do_swap_page: swapin tgid 1338 pid 1361 name "android.display" vma 7e6c0e2000
 android.display-1361  [004] ....  1921.517682: do_swap_page: swapin tgid 1338 pid 1361 name "android.display" vma 7e87bae000
 android.display-1361  [004] ....  1921.517932: do_swap_page: swapin tgid 1338 pid 1361 name "android.display" vma 7e87bae000
 android.display-1361  [004] ....  1921.517946: do_swap_page: swapin tgid 1338 pid 1361 name "android.display" vma 7e6c192000
 android.display-1361  [004] ....  1921.518177: do_swap_page: swapin tgid 1338 pid 1361 name "android.display" vma 7e6c192000
 android.display-1361  [004] ....  1921.518189: do_swap_page: swapin tgid 1338 pid 1361 name "android.display" vma 7e6c17c000
 android.display-1361  [004] ....  1921.518195: do_swap_page: swapin tgid 1338 pid 1361 name "android.display" vma 7ed0cc1000
 android.display-1361  [004] ....  1921.518251: do_swap_page: swapin tgid 1338 pid 1361 name "android.display" vma 7f28890000
 android.display-1361  [004] ....  1921.518265: do_swap_page: swapin tgid 1338 pid 1361 name "android.display" vma 7e6c115000
 android.display-1361  [004] ....  1921.518442: do_swap_page: swapin tgid 1338 pid 1361 name "android.display" vma 7e6c115000
 android.display-1361  [004] ....  1921.518456: do_swap_page: swapin tgid 1338 pid 1361 name "android.display" vma 7e8798a000
 android.display-1361  [004] ....  1921.518466: do_swap_page: swapin tgid 1338 pid 1361 name "android.display" vma 7eb4cb2000
 android.display-1361  [004] ....  1921.518635: do_swap_page: swapin tgid 1338 pid 1361 name "android.display" vma 7eb4cb2000
 android.display-1361  [004] ....  1921.518847: do_swap_page: swapin tgid 1338 pid 1361 name "android.display" vma 9dcd8000
 android.display-1361  [004] ....  1921.519078: do_swap_page: swapin tgid 1338 pid 1361 name "android.display" vma 9dcd8000
 android.display-1361  [004] ....  1921.519092: do_swap_page: swapin tgid 1338 pid 1361 name "android.display" vma 7f28a26000
 android.display-1361  [004] ....  1921.519099: do_swap_page: swapin tgid 1338 pid 1361 name "android.display" vma 7f28a27000
 android.display-1361  [004] ....  1921.519259: do_swap_page: swapin tgid 1338 pid 1361 name "android.display" vma 7f2d469000
 android.display-1361  [004] ....  1921.519280: do_swap_page: swapin tgid 1338 pid 1361 name "android.display" vma 7f2d4c3000
 android.display-1361  [004] ....  1921.519446: do_swap_page: swapin tgid 1338 pid 1361 name "android.display" vma 7e647c6000
   system_server-1338  [004] ....  1921.519801: do_swap_page: swapin tgid 1338 pid 1338 name "system_server" vma 9dedd000
      android.bg-1367  [004] ....  1921.519883: do_swap_page: swapin tgid 1338 pid 1367 name "android.bg" vma 9dedd000
           <...>-1543  [004] ....  1921.519911: do_swap_page: swapin tgid 1338 pid 1543 name "AudioService" vma 7e87947000
           <...>-1699  [004] ....  1921.520074: do_swap_page: swapin tgid 1676 pid 1699 name "Binder:1676_2" vma 13389000
           <...>-1699  [004] ....  1921.520189: do_swap_page: swapin tgid 1676 pid 1699 name "Binder:1676_2" vma 7f2d5da000
           <...>-1699  [004] ....  1921.520210: do_swap_page: swapin tgid 1676 pid 1699 name "Binder:1676_2" vma 7f2d48a000
           <...>-2210  [004] ....  1921.520289: do_swap_page: swapin tgid 1792 pid 2210 name "Binder:1792_3" vma 7f2d468000
           <...>-2210  [004] ....  1921.520305: do_swap_page: swapin tgid 1792 pid 2210 name "Binder:1792_3" vma 7f2dc8d000
           <...>-2210  [004] ....  1921.520314: do_swap_page: swapin tgid 1792 pid 2210 name "Binder:1792_3" vma 7f2dc8e000
           <...>-1902  [004] ....  1921.520392: do_swap_page: swapin tgid 1871 pid 1902 name "Binder:1871_3" vma 7f289c5000
           <...>-1902  [004] ....  1921.520409: do_swap_page: swapin tgid 1871 pid 1902 name "Binder:1871_3" vma 7f2de37000
           <...>-1902  [004] ....  1921.520418: do_swap_page: swapin tgid 1871 pid 1902 name "Binder:1871_3" vma 7f2de38000
 ScreenDecoratio-2257  [004] ....  1921.520479: do_swap_page: swapin tgid 1676 pid 2257 name "ScreenDecoratio" vma 7eb6d9c000
 ScreenDecoratio-2257  [004] ....  1921.520538: do_swap_page: swapin tgid 1676 pid 2257 name "ScreenDecoratio" vma 7eb6d9d000
 ScreenDecoratio-2257  [004] ....  1921.520544: do_swap_page: swapin tgid 1676 pid 2257 name "ScreenDecoratio" vma 7ed10fb000
 ScreenDecoratio-2257  [004] ....  1921.520552: do_swap_page: swapin tgid 1676 pid 2257 name "ScreenDecoratio" vma 7ed10fc000
 ScreenDecoratio-2257  [004] ....  1921.520556: do_swap_page: swapin tgid 1676 pid 2257 name "ScreenDecoratio" vma 7ed12ca000
 ScreenDecoratio-2257  [004] ....  1921.520563: do_swap_page: swapin tgid 1676 pid 2257 name "ScreenDecoratio" vma 7eb6d9b000
 ScreenDecoratio-2257  [004] ....  1921.520574: do_swap_page: swapin tgid 1676 pid 2257 name "ScreenDecoratio" vma 7eb6d9a000
      android.ui-1359  [004] ....  1921.520701: do_swap_page: swapin tgid 1338 pid 1359 name "android.ui" vma 9df1b000
   system_server-1338  [004] ....  1921.520752: do_swap_page: swapin tgid 1338 pid 1338 name "system_server" vma 9dedd000
           <...>-1543  [004] ....  1921.520844: do_swap_page: swapin tgid 1338 pid 1543 name "AudioService" vma 7e87947000
           <...>-1543  [004] ....  1921.520871: do_swap_page: swapin tgid 1338 pid 1543 name "AudioService" vma 7e87945000
           <...>-1543  [004] ....  1921.520880: do_swap_page: swapin tgid 1338 pid 1543 name "AudioService" vma 7e87944000
           <...>-1902  [004] ....  1921.520927: do_swap_page: swapin tgid 1871 pid 1902 name "Binder:1871_3" vma 7f2de38000
           <...>-1902  [004] ....  1921.520943: do_swap_page: swapin tgid 1871 pid 1902 name "Binder:1871_3" vma 7fbe1db000
           <...>-1902  [004] ....  1921.520948: do_swap_page: swapin tgid 1871 pid 1902 name "Binder:1871_3" vma 7fbe180000
           <...>-1902  [004] ....  1921.520969: do_swap_page: swapin tgid 1871 pid 1902 name "Binder:1871_3" vma 7fbe22b000
           <...>-1902  [004] ....  1921.521009: do_swap_page: swapin tgid 1871 pid 1902 name "Binder:1871_3" vma 7f289cb000
           <...>-2210  [004] ....  1921.521061: do_swap_page: swapin tgid 1792 pid 2210 name "Binder:1792_3" vma 7f2dc8e000
           <...>-2210  [004] ....  1921.521075: do_swap_page: swapin tgid 1792 pid 2210 name "Binder:1792_3" vma 7f2d467000
           <...>-2210  [004] ....  1921.521079: do_swap_page: swapin tgid 1792 pid 2210 name "Binder:1792_3" vma 7fbe180000
           <...>-2210  [004] ....  1921.521088: do_swap_page: swapin tgid 1792 pid 2210 name "Binder:1792_3" vma 7f2d473000
 ScreenDecoratio-2257  [004] ....  1921.521148: do_swap_page: swapin tgid 1676 pid 2257 name "ScreenDecoratio" vma 7eb6d9a000
 ScreenDecoratio-2257  [004] ....  1921.521167: do_swap_page: swapin tgid 1676 pid 2257 name "ScreenDecoratio" vma 7f30b80000
 ScreenDecoratio-2257  [004] ....  1921.521177: do_swap_page: swapin tgid 1676 pid 2257 name "ScreenDecoratio" vma 1334e000
 ScreenDecoratio-2257  [004] ....  1921.521187: do_swap_page: swapin tgid 1676 pid 2257 name "ScreenDecoratio" vma 13d07000
 ScreenDecoratio-2257  [004] ....  1921.521199: do_swap_page: swapin tgid 1676 pid 2257 name "ScreenDecoratio" vma 13d06000
 ScreenDecoratio-2257  [004] ....  1921.521226: do_swap_page: swapin tgid 1676 pid 2257 name "ScreenDecoratio" vma 7ec5cd5000
 ScreenDecoratio-2257  [004] ....  1921.521232: do_swap_page: swapin tgid 1676 pid 2257 name "ScreenDecoratio" vma 7ec5cd7000
 ScreenDecoratio-2257  [004] ....  1921.521243: do_swap_page: swapin tgid 1676 pid 2257 name "ScreenDecoratio" vma 7f2d568000
 ScreenDecoratio-2257  [004] ....  1921.521253: do_swap_page: swapin tgid 1676 pid 2257 name "ScreenDecoratio" vma 7f2d479000
 ScreenDecoratio-2257  [004] ....  1921.521277: do_swap_page: swapin tgid 1676 pid 2257 name "ScreenDecoratio" vma 7f2d56a000
 ScreenDecoratio-2257  [004] ....  1921.521609: do_swap_page: swapin tgid 1676 pid 2257 name "ScreenDecoratio" vma 132f4000
 ScreenDecoratio-2257  [004] ....  1921.521622: do_swap_page: swapin tgid 1676 pid 2257 name "ScreenDecoratio" vma 132f5000
 ScreenDecoratio-2257  [004] ....  1921.521696: do_swap_page: swapin tgid 1676 pid 2257 name "ScreenDecoratio" vma 7f2d491000
 ScreenDecoratio-2257  [004] ....  1921.521725: do_swap_page: swapin tgid 1676 pid 2257 name "ScreenDecoratio" vma 13d3d000
 ScreenDecoratio-2257  [004] ....  1921.521735: do_swap_page: swapin tgid 1676 pid 2257 name "ScreenDecoratio" vma 13d3c000
      android.ui-1359  [004] ....  1921.521812: do_swap_page: swapin tgid 1338 pid 1359 name "android.ui" vma 9df1b000
      android.ui-1359  [004] ....  1921.521998: do_swap_page: swapin tgid 1338 pid 1359 name "android.ui" vma 7e5d62c000
      android.ui-1359  [004] ....  1921.522024: do_swap_page: swapin tgid 1338 pid 1359 name "android.ui" vma 7eb4ca5000
      android.ui-1359  [004] ....  1921.522051: do_swap_page: swapin tgid 1338 pid 1359 name "android.ui" vma 7eb4ca4000
      android.ui-1359  [004] ....  1921.522065: do_swap_page: swapin tgid 1338 pid 1359 name "android.ui" vma 7ed0e93000
      android.ui-1359  [004] ....  1921.522225: do_swap_page: swapin tgid 1338 pid 1359 name "android.ui" vma 7e64594000
      android.ui-1359  [004] ....  1921.522262: do_swap_page: swapin tgid 1338 pid 1359 name "android.ui" vma 7e87999000
      android.ui-1359  [004] ....  1921.522278: do_swap_page: swapin tgid 1338 pid 1359 name "android.ui" vma 7eb4ca6000
           <...>-1362  [004] ....  1921.522344: do_swap_page: swapin tgid 1338 pid 1362 name "android.anim" vma 7ecc7ad000
           <...>-1362  [004] ....  1921.522360: do_swap_page: swapin tgid 1338 pid 1362 name "android.anim" vma 7ecc7ab000
           <...>-1362  [004] ....  1921.522368: do_swap_page: swapin tgid 1338 pid 1362 name "android.anim" vma 7ecc7aa000
           <...>-1362  [004] ....  1921.522405: do_swap_page: swapin tgid 1338 pid 1362 name "android.anim" vma 7f28a1e000
           <...>-1362  [004] ....  1921.522412: do_swap_page: swapin tgid 1338 pid 1362 name "android.anim" vma 7f28a28000
           <...>-1362  [004] ....  1921.522415: do_swap_page: swapin tgid 1338 pid 1362 name "android.anim" vma 7f28ae0000
           <...>-1362  [004] ....  1921.522429: do_swap_page: swapin tgid 1338 pid 1362 name "android.anim" vma 7fbe166000
           <...>-1362  [004] ....  1921.522493: do_swap_page: swapin tgid 1338 pid 1362 name "android.anim" vma 9df17000
           <...>-1362  [004] ....  1921.522735: do_swap_page: swapin tgid 1338 pid 1362 name "android.anim" vma 9df17000
           <...>-1362  [004] ....  1921.522785: do_swap_page: swapin tgid 1338 pid 1362 name "android.anim" vma 9df14000
           <...>-1543  [004] ....  1921.522840: do_swap_page: swapin tgid 1338 pid 1543 name "AudioService" vma 7e87944000
           <...>-1543  [004] ....  1921.522860: do_swap_page: swapin tgid 1338 pid 1543 name "AudioService" vma 9df21000
           <...>-1362  [004] ....  1921.523066: do_swap_page: swapin tgid 1338 pid 1362 name "android.anim" vma 9df14000
           <...>-1362  [004] ....  1921.523117: do_swap_page: swapin tgid 1338 pid 1362 name "android.anim" vma 9df33000
           <...>-1362  [004] ....  1921.523337: do_swap_page: swapin tgid 1338 pid 1362 name "android.anim" vma 9df33000
           <...>-1362  [004] ....  1921.523424: do_swap_page: swapin tgid 1338 pid 1362 name "android.anim" vma 7ecc7a9000
           <...>-1362  [004] ....  1921.523497: do_swap_page: swapin tgid 1338 pid 1362 name "android.anim" vma 7f2106d000
           <...>-1362  [004] ....  1921.523530: do_swap_page: swapin tgid 1338 pid 1362 name "android.anim" vma 7e6c337000
           <...>-1362  [004] ....  1921.523694: do_swap_page: swapin tgid 1338 pid 1362 name "android.anim" vma 7fbbc0e000
           <...>-2210  [004] ....  1921.523748: do_swap_page: swapin tgid 1792 pid 2210 name "Binder:1792_3" vma 7f2d473000
           <...>-2210  [004] ....  1921.523775: do_swap_page: swapin tgid 1792 pid 2210 name "Binder:1792_3" vma 7f2d415000
           <...>-2210  [004] ....  1921.523780: do_swap_page: swapin tgid 1792 pid 2210 name "Binder:1792_3" vma 7f2d41f000
           <...>-1902  [004] ....  1921.523997: do_swap_page: swapin tgid 1871 pid 1902 name "Binder:1871_3" vma 7f289cb000
           <...>-1902  [004] ....  1921.524009: do_swap_page: swapin tgid 1871 pid 1902 name "Binder:1871_3" vma 7fbe2fb000
           <...>-1902  [004] ....  1921.524019: do_swap_page: swapin tgid 1871 pid 1902 name "Binder:1871_3" vma 7fbbce9000
           <...>-1543  [004] ....  1921.524077: do_swap_page: swapin tgid 1338 pid 1543 name "AudioService" vma 9df21000
           <...>-1543  [004] ....  1921.524119: do_swap_page: swapin tgid 1338 pid 1543 name "AudioService" vma 7eb425c000
           <...>-1902  [004] ....  1921.524371: do_swap_page: swapin tgid 1871 pid 1902 name "Binder:1871_3" vma 7fbbce9000
           <...>-1902  [004] ....  1921.524386: do_swap_page: swapin tgid 1871 pid 1902 name "Binder:1871_3" vma 7fbe2f1000
           <...>-1902  [004] ....  1921.524392: do_swap_page: swapin tgid 1871 pid 1902 name "Binder:1871_3" vma 7fbe241000
           <...>-2210  [004] ....  1921.524446: do_swap_page: swapin tgid 1792 pid 2210 name "Binder:1792_3" vma 7f2d41f000
           <...>-2210  [004] ....  1921.524459: do_swap_page: swapin tgid 1792 pid 2210 name "Binder:1792_3" vma 7f2d4a3000
           <...>-2210  [004] ....  1921.524470: do_swap_page: swapin tgid 1792 pid 2210 name "Binder:1792_3" vma 7fbbce9000
           <...>-1902  [004] ....  1921.524719: do_swap_page: swapin tgid 1871 pid 1902 name "Binder:1871_3" vma 7fbe241000
           <...>-1902  [004] ....  1921.524732: do_swap_page: swapin tgid 1871 pid 1902 name "Binder:1871_3" vma 7fbe1e9000
           <...>-1362  [004] ....  1921.524800: do_swap_page: swapin tgid 1338 pid 1362 name "android.anim" vma 7fbbc0e000
           <...>-2210  [004] ....  1921.527322: do_swap_page: swapin tgid 1792 pid 2210 name "Binder:1792_3" vma 7fbbce9000
           <...>-2210  [004] ....  1921.527336: do_swap_page: swapin tgid 1792 pid 2210 name "Binder:1792_3" vma 7fbe2f1000
           <...>-2210  [004] ....  1921.527343: do_swap_page: swapin tgid 1792 pid 2210 name "Binder:1792_3" vma 7fbe241000
           <...>-1362  [004] ....  1921.527513: do_swap_page: swapin tgid 1338 pid 1362 name "android.anim" vma 7f28a29000
           <...>-725   [004] ....  1921.527759: do_swap_page: swapin tgid 597 pid 725 name "Binder:597_3" vma 7fba613000
           <...>-725   [004] ....  1921.527773: do_swap_page: swapin tgid 597 pid 725 name "Binder:597_3" vma 7fbd865000
           <...>-1902  [004] ....  1921.527832: do_swap_page: swapin tgid 1871 pid 1902 name "Binder:1871_3" vma 7fbe1e9000
           <...>-1902  [004] ....  1921.527846: do_swap_page: swapin tgid 1871 pid 1902 name "Binder:1871_3" vma 7f393cd000
           <...>-725   [004] ....  1921.528036: do_swap_page: swapin tgid 597 pid 725 name "Binder:597_3" vma 7fbd865000
           <...>-2210  [004] ....  1921.528111: do_swap_page: swapin tgid 1792 pid 2210 name "Binder:1792_3" vma 7fbe241000
           <...>-2210  [004] ....  1921.528124: do_swap_page: swapin tgid 1792 pid 2210 name "Binder:1792_3" vma 7fbe1e9000
           <...>-1902  [004] ....  1921.528186: do_swap_page: swapin tgid 1871 pid 1902 name "Binder:1871_3" vma 7f393cd000
           <...>-1902  [004] ....  1921.528198: do_swap_page: swapin tgid 1871 pid 1902 name "Binder:1871_3" vma 7fbe165000
 ScreenDecoratio-2257  [004] ....  1921.528384: do_swap_page: swapin tgid 1676 pid 2257 name "ScreenDecoratio" vma 9de88000
           <...>-2210  [004] ....  1921.528447: do_swap_page: swapin tgid 1792 pid 2210 name "Binder:1792_3" vma 7fbe1e9000
           <...>-2210  [004] ....  1921.528461: do_swap_page: swapin tgid 1792 pid 2210 name "Binder:1792_3" vma 7f393cd000
           <...>-1902  [004] ....  1921.528504: do_swap_page: swapin tgid 1871 pid 1902 name "Binder:1871_3" vma 7fbe165000
           <...>-1902  [004] ....  1921.528516: do_swap_page: swapin tgid 1871 pid 1902 name "Binder:1871_3" vma 7f28aaa000
           <...>-1902  [004] ....  1921.528523: do_swap_page: swapin tgid 1871 pid 1902 name "Binder:1871_3" vma 7fb9c4f000
           <...>-1362  [004] ....  1921.528711: do_swap_page: swapin tgid 1338 pid 1362 name "android.anim" vma 7fbbc0f000
           <...>-2210  [004] .n..  1921.528931: do_swap_page: swapin tgid 1792 pid 2210 name "Binder:1792_3" vma 7f393cd000
           <...>-1362  [004] ....  1921.529501: do_swap_page: swapin tgid 1338 pid 1362 name "android.anim" vma 7fbbc0f000
           <...>-1362  [004] ....  1921.529602: do_swap_page: swapin tgid 1338 pid 1362 name "android.anim" vma 7f28a3c000
           <...>-1362  [004] ....  1921.529635: do_swap_page: swapin tgid 1338 pid 1362 name "android.anim" vma 9dee5000
           <...>-1902  [004] ....  1921.529709: do_swap_page: swapin tgid 1871 pid 1902 name "Binder:1871_3" vma 7fb9c4f000
           <...>-1902  [004] ....  1921.529723: do_swap_page: swapin tgid 1871 pid 1902 name "Binder:1871_3" vma 7fbae76000
           <...>-2210  [004] ....  1921.529792: do_swap_page: swapin tgid 1792 pid 2210 name "Binder:1792_3" vma 7fbe165000
 ScreenDecoratio-2257  [004] ....  1921.529912: do_swap_page: swapin tgid 1676 pid 2257 name "ScreenDecoratio" vma 9de88000
 ScreenDecoratio-2257  [004] ....  1921.529954: do_swap_page: swapin tgid 1676 pid 2257 name "ScreenDecoratio" vma 9ddc7000
           <...>-1902  [004] ....  1921.530038: do_swap_page: swapin tgid 1871 pid 1902 name "Binder:1871_3" vma 7fbae76000
           <...>-1902  [004] ....  1921.530049: do_swap_page: swapin tgid 1871 pid 1902 name "Binder:1871_3" vma 7f28a21000
           <...>-1902  [004] ....  1921.530062: do_swap_page: swapin tgid 1871 pid 1902 name "Binder:1871_3" vma 7f393cb000
           <...>-1902  [004] ....  1921.530070: do_swap_page: swapin tgid 1871 pid 1902 name "Binder:1871_3" vma 7f28aab000
           <...>-1902  [004] ....  1921.530076: do_swap_page: swapin tgid 1871 pid 1902 name "Binder:1871_3" vma 7f3187e000
           <...>-1362  [004] ....  1921.530118: do_swap_page: swapin tgid 1338 pid 1362 name "android.anim" vma 9dee5000
           <...>-1362  [004] ....  1921.530181: do_swap_page: swapin tgid 1338 pid 1362 name "android.anim" vma 7ed0e8b000
           <...>-1362  [004] ....  1921.530266: do_swap_page: swapin tgid 1338 pid 1362 name "android.anim" vma 7e6c280000
           <...>-2210  [004] ....  1921.530324: do_swap_page: swapin tgid 1792 pid 2210 name "Binder:1792_3" vma 7fbe165000
           <...>-2210  [004] ....  1921.530334: do_swap_page: swapin tgid 1792 pid 2210 name "Binder:1792_3" vma 7f2d462000
           <...>-2210  [004] ....  1921.530341: do_swap_page: swapin tgid 1792 pid 2210 name "Binder:1792_3" vma 7fb9c4f000
           <...>-1362  [004] ....  1921.530416: do_swap_page: swapin tgid 1338 pid 1362 name "android.anim" vma 7e6c280000
           <...>-1362  [004] ....  1921.530428: do_swap_page: swapin tgid 1338 pid 1362 name "android.anim" vma 7eb4e39000
           <...>-1362  [004] ....  1921.530439: do_swap_page: swapin tgid 1338 pid 1362 name "android.anim" vma 7eb4da0000
           <...>-1362  [004] ....  1921.530444: do_swap_page: swapin tgid 1338 pid 1362 name "android.anim" vma 7eb4da1000
           <...>-1362  [004] ....  1921.530534: do_swap_page: swapin tgid 1338 pid 1362 name "android.anim" vma 7f28a3d000
           <...>-1362  [004] ....  1921.530566: do_swap_page: swapin tgid 1338 pid 1362 name "android.anim" vma 7e6c3c4000
 ScreenDecoratio-2257  [004] ....  1921.530624: do_swap_page: swapin tgid 1676 pid 2257 name "ScreenDecoratio" vma 9ddc7000
 ScreenDecoratio-2257  [004] ....  1921.530670: do_swap_page: swapin tgid 1676 pid 2257 name "ScreenDecoratio" vma 7ec5cd6000
           <...>-1902  [004] ....  1921.530898: do_swap_page: swapin tgid 1871 pid 1902 name "Binder:1871_3" vma 7f3187e000
           <...>-1902  [004] ....  1921.530912: do_swap_page: swapin tgid 1871 pid 1902 name "Binder:1871_3" vma 132c3000
           <...>-2210  [004] ....  1921.530974: do_swap_page: swapin tgid 1792 pid 2210 name "Binder:1792_3" vma 7fb9c4f000
           <...>-2210  [004] ....  1921.530987: do_swap_page: swapin tgid 1792 pid 2210 name "Binder:1792_3" vma 7fbae76000
           <...>-1362  [004] ....  1921.531039: do_swap_page: swapin tgid 1338 pid 1362 name "android.anim" vma 7e6c3c4000
           <...>-1362  [004] ....  1921.531074: do_swap_page: swapin tgid 1338 pid 1362 name "android.anim" vma 7eb4e48000
           <...>-1362  [004] ....  1921.531166: do_swap_page: swapin tgid 1338 pid 1362 name "android.anim" vma 7e5d4d5000
           <...>-1362  [004] ....  1921.531251: do_swap_page: swapin tgid 1338 pid 1362 name "android.anim" vma 7ed0be9000
           <...>-1362  [004] ....  1921.531265: do_swap_page: swapin tgid 1338 pid 1362 name "android.anim" vma 7eb4da6000
           <...>-1362  [004] ....  1921.531333: do_swap_page: swapin tgid 1338 pid 1362 name "android.anim" vma 7ed0dc5000
           <...>-1362  [004] ....  1921.531365: do_swap_page: swapin tgid 1338 pid 1362 name "android.anim" vma 7e6c3b4000
           <...>-1362  [004] ....  1921.531401: do_swap_page: swapin tgid 1338 pid 1362 name "android.anim" vma 7e87b8c000
           <...>-1362  [004] ....  1921.531465: do_swap_page: swapin tgid 1338 pid 1362 name "android.anim" vma 7eb4d9f000
           <...>-1362  [004] ....  1921.531493: do_swap_page: swapin tgid 1338 pid 1362 name "android.anim" vma 7eb4e49000
           <...>-1362  [004] ....  1921.531498: do_swap_page: swapin tgid 1338 pid 1362 name "android.anim" vma 7eb4e4a000
           <...>-1902  [004] ....  1921.531562: do_swap_page: swapin tgid 1871 pid 1902 name "Binder:1871_3" vma 132c3000
           <...>-1902  [004] ....  1921.531578: do_swap_page: swapin tgid 1871 pid 1902 name "Binder:1871_3" vma 7fbe286000
           <...>-1902  [004] ....  1921.531586: do_swap_page: swapin tgid 1871 pid 1902 name "Binder:1871_3" vma 7fbe285000
           <...>-1902  [004] ....  1921.531590: do_swap_page: swapin tgid 1871 pid 1902 name "Binder:1871_3" vma 7f393cc000
 android.display-1361  [004] ....  1921.531961: do_swap_page: swapin tgid 1338 pid 1361 name "android.display" vma 7fbe291000
           <...>-1917  [004] ....  1921.532055: do_swap_page: swapin tgid 1896 pid 1917 name "Binder:1896_2" vma 7fbe241000
   Binder:1918_B-5511  [004] ....  1921.532138: do_swap_page: swapin tgid 1918 pid 5511 name "Binder:1918_B" vma 7fbe241000
           <...>-2001  [004] ....  1921.532230: do_swap_page: swapin tgid 1980 pid 2001 name "Binder:1980_3" vma 7f289c5000
           <...>-2001  [004] ....  1921.532280: do_swap_page: swapin tgid 1980 pid 2001 name "Binder:1980_3" vma 7f2de37000
           <...>-2001  [004] ....  1921.532287: do_swap_page: swapin tgid 1980 pid 2001 name "Binder:1980_3" vma 7f2de38000
           <...>-2078  [004] ....  1921.532371: do_swap_page: swapin tgid 2050 pid 2078 name "Binder:2050_3" vma 7f289c5000
           <...>-2078  [004] ....  1921.532385: do_swap_page: swapin tgid 2050 pid 2078 name "Binder:2050_3" vma 7f2de37000
           <...>-2078  [004] ....  1921.532396: do_swap_page: swapin tgid 2050 pid 2078 name "Binder:2050_3" vma 7f2de38000
           <...>-5614  [004] ....  1921.532505: do_swap_page: swapin tgid 2268 pid 5614 name "Binder:2268_B" vma 7fbe241000
           <...>-2078  [004] ....  1921.532585: do_swap_page: swapin tgid 2050 pid 2078 name "Binder:2050_3" vma 7f2de38000
           <...>-2078  [004] ....  1921.532596: do_swap_page: swapin tgid 2050 pid 2078 name "Binder:2050_3" vma 7f28a60000
           <...>-2078  [004] ....  1921.532604: do_swap_page: swapin tgid 2050 pid 2078 name "Binder:2050_3" vma 7f28972000
           <...>-2078  [004] ....  1921.532622: do_swap_page: swapin tgid 2050 pid 2078 name "Binder:2050_3" vma 7fbe22b000
           <...>-2078  [004] ....  1921.532629: do_swap_page: swapin tgid 2050 pid 2078 name "Binder:2050_3" vma 7f289cb000
           <...>-2078  [004] ....  1921.532632: do_swap_page: swapin tgid 2050 pid 2078 name "Binder:2050_3" vma 7f28a0c000
           <...>-2078  [004] ....  1921.532640: do_swap_page: swapin tgid 2050 pid 2078 name "Binder:2050_3" vma 7fbe241000
           <...>-1917  [004] ....  1921.532689: do_swap_page: swapin tgid 1896 pid 1917 name "Binder:1896_2" vma 7fbe241000
           <...>-1917  [004] ....  1921.532820: do_swap_page: swapin tgid 1896 pid 1917 name "Binder:1896_2" vma 7f2d41e000
           <...>-1917  [004] ....  1921.532841: do_swap_page: swapin tgid 1896 pid 1917 name "Binder:1896_2" vma 1340a000
   Binder:1918_B-5511  [004] ....  1921.532878: do_swap_page: swapin tgid 1918 pid 5511 name "Binder:1918_B" vma 7fbe241000
   Binder:1918_B-5511  [004] ....  1921.532928: do_swap_page: swapin tgid 1918 pid 5511 name "Binder:1918_B" vma 7f2d564000
           <...>-1918  [004] ....  1921.533063: do_swap_page: swapin tgid 1918 pid 1918 name "m.android.phone" vma 14550000
           <...>-2001  [004] ....  1921.533169: do_swap_page: swapin tgid 1980 pid 2001 name "Binder:1980_3" vma 7f2de38000
           <...>-2001  [004] ....  1921.533181: do_swap_page: swapin tgid 1980 pid 2001 name "Binder:1980_3" vma 7f28a60000
           <...>-2001  [004] ....  1921.533189: do_swap_page: swapin tgid 1980 pid 2001 name "Binder:1980_3" vma 7fbe180000
           <...>-2001  [004] ....  1921.533207: do_swap_page: swapin tgid 1980 pid 2001 name "Binder:1980_3" vma 7fbe22b000
           <...>-2001  [004] ....  1921.533215: do_swap_page: swapin tgid 1980 pid 2001 name "Binder:1980_3" vma 7f289cb000
           <...>-5614  [004] ....  1921.533273: do_swap_page: swapin tgid 2268 pid 5614 name "Binder:2268_B" vma 7fbe241000
           <...>-2078  [004] ....  1921.533467: do_swap_page: swapin tgid 2050 pid 2078 name "Binder:2050_3" vma 7fbe241000
           <...>-2078  [004] ....  1921.533479: do_swap_page: swapin tgid 2050 pid 2078 name "Binder:2050_3" vma 7fbe1e9000
           <...>-2078  [004] ....  1921.533489: do_swap_page: swapin tgid 2050 pid 2078 name "Binder:2050_3" vma 7f393cd000
           <...>-2001  [004] ....  1921.533540: do_swap_page: swapin tgid 1980 pid 2001 name "Binder:1980_3" vma 7f289cb000
           <...>-2001  [004] ....  1921.533551: do_swap_page: swapin tgid 1980 pid 2001 name "Binder:1980_3" vma 7f289d1000
           <...>-2001  [004] ....  1921.533560: do_swap_page: swapin tgid 1980 pid 2001 name "Binder:1980_3" vma 7fbbce9000
           <...>-2078  [004] ....  1921.533642: do_swap_page: swapin tgid 2050 pid 2078 name "Binder:2050_3" vma 7f393cd000
           <...>-2078  [004] ....  1921.533653: do_swap_page: swapin tgid 2050 pid 2078 name "Binder:2050_3" vma 7fbe165000
           <...>-2001  [004] ....  1921.533740: do_swap_page: swapin tgid 1980 pid 2001 name "Binder:1980_3" vma 7fbbce9000
           <...>-2001  [004] ....  1921.533751: do_swap_page: swapin tgid 1980 pid 2001 name "Binder:1980_3" vma 7fbe2f1000
           <...>-2001  [004] ....  1921.533757: do_swap_page: swapin tgid 1980 pid 2001 name "Binder:1980_3" vma 7fbe241000
           <...>-1918  [004] ....  1921.533992: do_swap_page: swapin tgid 1918 pid 1918 name "m.android.phone" vma 719a1000
           <...>-2078  [004] ....  1921.534060: do_swap_page: swapin tgid 2050 pid 2078 name "Binder:2050_3" vma 7fbe165000
           <...>-2078  [004] ....  1921.534074: do_swap_page: swapin tgid 2050 pid 2078 name "Binder:2050_3" vma 7f28a9a000
           <...>-2078  [004] ....  1921.534080: do_swap_page: swapin tgid 2050 pid 2078 name "Binder:2050_3" vma 7fbae76000
           <...>-2078  [004] ....  1921.534086: do_swap_page: swapin tgid 2050 pid 2078 name "Binder:2050_3" vma 7f28a21000
           <...>-2078  [004] ....  1921.534099: do_swap_page: swapin tgid 2050 pid 2078 name "Binder:2050_3" vma 7f393cb000
           <...>-2078  [004] ....  1921.534103: do_swap_page: swapin tgid 2050 pid 2078 name "Binder:2050_3" vma 7fbe23c000
           <...>-2078  [004] ....  1921.534107: do_swap_page: swapin tgid 2050 pid 2078 name "Binder:2050_3" vma 7f28a9b000
           <...>-2078  [004] ....  1921.534111: do_swap_page: swapin tgid 2050 pid 2078 name "Binder:2050_3" vma 7f3187e000
           <...>-2078  [004] ....  1921.534119: do_swap_page: swapin tgid 2050 pid 2078 name "Binder:2050_3" vma 13ca9000
           <...>-2078  [004] ....  1921.534126: do_swap_page: swapin tgid 2050 pid 2078 name "Binder:2050_3" vma 7fbe286000
           <...>-2078  [004] ....  1921.534130: do_swap_page: swapin tgid 2050 pid 2078 name "Binder:2050_3" vma 7fbe285000
           <...>-2078  [004] ....  1921.534133: do_swap_page: swapin tgid 2050 pid 2078 name "Binder:2050_3" vma 7f393cc000
           <...>-2078  [004] ....  1921.534138: do_swap_page: swapin tgid 2050 pid 2078 name "Binder:2050_3" vma 7fbe1f8000
           <...>-2078  [004] ....  1921.534146: do_swap_page: swapin tgid 2050 pid 2078 name "Binder:2050_3" vma 13c80000
           <...>-2078  [004] ....  1921.534152: do_swap_page: swapin tgid 2050 pid 2078 name "Binder:2050_3" vma 13da2000
           <...>-2078  [004] ....  1921.534209: do_swap_page: swapin tgid 2050 pid 2078 name "Binder:2050_3" vma 7fbe24e000
           <...>-2078  [004] ....  1921.534219: do_swap_page: swapin tgid 2050 pid 2078 name "Binder:2050_3" vma 7f38d63000
           <...>-2078  [004] ....  1921.534226: do_swap_page: swapin tgid 2050 pid 2078 name "Binder:2050_3" vma 7f2de36000
           <...>-2078  [004] ....  1921.534230: do_swap_page: swapin tgid 2050 pid 2078 name "Binder:2050_3" vma 130c0000
           <...>-2078  [004] ....  1921.534238: do_swap_page: swapin tgid 2050 pid 2078 name "Binder:2050_3" vma 7f34e95000
           <...>-2078  [004] ....  1921.534261: do_swap_page: swapin tgid 2050 pid 2078 name "Binder:2050_3" vma 13c93000
           <...>-2078  [004] ....  1921.534276: do_swap_page: swapin tgid 2050 pid 2078 name "Binder:2050_3" vma 7fbe1e7000
           <...>-2078  [004] ....  1921.534279: do_swap_page: swapin tgid 2050 pid 2078 name "Binder:2050_3" vma 7fbe17f000
           <...>-2078  [004] ....  1921.534285: do_swap_page: swapin tgid 2050 pid 2078 name "Binder:2050_3" vma 7fbe20a000
           <...>-1918  [004] ....  1921.534328: do_swap_page: swapin tgid 1918 pid 1918 name "m.android.phone" vma 719a1000
           <...>-2001  [004] ....  1921.534436: do_swap_page: swapin tgid 1980 pid 2001 name "Binder:1980_3" vma 7fbe241000
           <...>-2001  [004] ....  1921.534449: do_swap_page: swapin tgid 1980 pid 2001 name "Binder:1980_3" vma 7fbe1e9000
           <...>-2078  [004] ....  1921.534502: do_swap_page: swapin tgid 2050 pid 2078 name "Binder:2050_3" vma 7fbe20a000
           <...>-2078  [004] ....  1921.534517: do_swap_page: swapin tgid 2050 pid 2078 name "Binder:2050_3" vma 7f28868000
           <...>-2078  [004] ....  1921.534525: do_swap_page: swapin tgid 2050 pid 2078 name "Binder:2050_3" vma 7f28a25000
           <...>-2078  [004] ....  1921.534531: do_swap_page: swapin tgid 2050 pid 2078 name "Binder:2050_3" vma 7fbe1d3000
           <...>-2078  [004] ....  1921.534538: do_swap_page: swapin tgid 2050 pid 2078 name "Binder:2050_3" vma 7f28a5f000
           <...>-2078  [004] ....  1921.534544: do_swap_page: swapin tgid 2050 pid 2078 name "Binder:2050_3" vma 7f2cf45000
           <...>-2078  [004] ....  1921.534551: do_swap_page: swapin tgid 2050 pid 2078 name "Binder:2050_3" vma 7f395f0000
           <...>-2001  [004] ....  1921.534635: do_swap_page: swapin tgid 1980 pid 2001 name "Binder:1980_3" vma 7fbe1e9000
           <...>-2001  [004] ....  1921.534648: do_swap_page: swapin tgid 1980 pid 2001 name "Binder:1980_3" vma 7f393cd000
           <...>-1918  [004] ....  1921.535147: do_swap_page: swapin tgid 1918 pid 1918 name "m.android.phone" vma 7fbde95000
           <...>-2001  [004] ....  1921.535196: do_swap_page: swapin tgid 1980 pid 2001 name "Binder:1980_3" vma 7f393cd000
           <...>-2001  [004] ....  1921.535208: do_swap_page: swapin tgid 1980 pid 2001 name "Binder:1980_3" vma 7fbe165000
           <...>-2078  [004] ....  1921.535256: do_swap_page: swapin tgid 2050 pid 2078 name "Binder:2050_3" vma 7f395f0000
           <...>-2078  [004] ....  1921.535269: do_swap_page: swapin tgid 2050 pid 2078 name "Binder:2050_3" vma 13c84000
           <...>-2078  [004] ....  1921.535274: do_swap_page: swapin tgid 2050 pid 2078 name "Binder:2050_3" vma 13d9b000
           <...>-2078  [004] ....  1921.535280: do_swap_page: swapin tgid 2050 pid 2078 name "Binder:2050_3" vma 7fbe170000
           <...>-2078  [004] ....  1921.535283: do_swap_page: swapin tgid 2050 pid 2078 name "Binder:2050_3" vma 7fbe249000
           <...>-2078  [004] ....  1921.535289: do_swap_page: swapin tgid 2050 pid 2078 name "Binder:2050_3" vma 7fbe254000
           <...>-2078  [004] ....  1921.535303: do_swap_page: swapin tgid 2050 pid 2078 name "Binder:2050_3" vma 7fbddf8000
           <...>-2001  [004] ....  1921.535389: do_swap_page: swapin tgid 1980 pid 2001 name "Binder:1980_3" vma 7fbe165000
           <...>-2001  [004] ....  1921.535401: do_swap_page: swapin tgid 1980 pid 2001 name "Binder:1980_3" vma 7f28a9a000
           <...>-2001  [004] ....  1921.535414: do_swap_page: swapin tgid 1980 pid 2001 name "Binder:1980_3" vma 7fb9c4f000
           <...>-2078  [004] ....  1921.535498: do_swap_page: swapin tgid 2050 pid 2078 name "Binder:2050_3" vma 7fbddf8000
           <...>-2078  [004] ....  1921.535515: do_swap_page: swapin tgid 2050 pid 2078 name "Binder:2050_3" vma 13d8a000
           <...>-2078  [004] ....  1921.535521: do_swap_page: swapin tgid 2050 pid 2078 name "Binder:2050_3" vma 7f35005000
           <...>-2078  [004] ....  1921.535578: do_swap_page: swapin tgid 2050 pid 2078 name "Binder:2050_3" vma 7fbe25d000
           <...>-2078  [004] ....  1921.535594: do_swap_page: swapin tgid 2050 pid 2078 name "Binder:2050_3" vma 7f2d473000
           <...>-2078  [004] ....  1921.535599: do_swap_page: swapin tgid 2050 pid 2078 name "Binder:2050_3" vma 7f2d489000
           <...>-2078  [004] ....  1921.535619: do_swap_page: swapin tgid 2050 pid 2078 name "Binder:2050_3" vma 13d9f000
           <...>-2078  [004] ....  1921.535630: do_swap_page: swapin tgid 2050 pid 2078 name "Binder:2050_3" vma 7fbe22e000
 droid.launcher3-2050  [004] ....  1921.535652: do_swap_page: swapin tgid 2050 pid 2050 name "droid.launcher3" vma 7fffffd000
 droid.launcher3-2050  [004] ....  1921.535667: do_swap_page: swapin tgid 2050 pid 2050 name "droid.launcher3" vma 7fbe491000
 droid.launcher3-2050  [004] ....  1921.535671: do_swap_page: swapin tgid 2050 pid 2050 name "droid.launcher3" vma 7fbe1a2000
 droid.launcher3-2050  [004] ....  1921.535677: do_swap_page: swapin tgid 2050 pid 2050 name "droid.launcher3" vma 7fbe1a3000
 droid.launcher3-2050  [004] ....  1921.535681: do_swap_page: swapin tgid 2050 pid 2050 name "droid.launcher3" vma 7fbe25a000
 droid.launcher3-2050  [004] ....  1921.535689: do_swap_page: swapin tgid 2050 pid 2050 name "droid.launcher3" vma 7fbde95000
 droid.launcher3-2050  [004] ....  1921.535694: do_swap_page: swapin tgid 2050 pid 2050 name "droid.launcher3" vma 7fbe1e8000
           <...>-2078  [004] ....  1921.535742: do_swap_page: swapin tgid 2050 pid 2078 name "Binder:2050_3" vma 71bd6000
  UiThreadHelper-2106  [004] ....  1921.535776: do_swap_page: swapin tgid 2050 pid 2106 name "UiThreadHelper" vma 7ed0f40000
  UiThreadHelper-2106  [004] ....  1921.535798: do_swap_page: swapin tgid 2050 pid 2106 name "UiThreadHelper" vma 7ed0f41000
 droid.launcher3-2050  [004] ....  1921.535872: do_swap_page: swapin tgid 2050 pid 2050 name "droid.launcher3" vma 7fbe1e8000
 droid.launcher3-2050  [004] ....  1921.535883: do_swap_page: swapin tgid 2050 pid 2050 name "droid.launcher3" vma 7fffffc000
 droid.launcher3-2050  [004] ....  1921.535893: do_swap_page: swapin tgid 2050 pid 2050 name "droid.launcher3" vma 7fffffb000
 droid.launcher3-2050  [004] ....  1921.535898: do_swap_page: swapin tgid 2050 pid 2050 name "droid.launcher3" vma 71bb8000
           <...>-2001  [004] ....  1921.535943: do_swap_page: swapin tgid 1980 pid 2001 name "Binder:1980_3" vma 7fb9c4f000
           <...>-2001  [004] ....  1921.535956: do_swap_page: swapin tgid 1980 pid 2001 name "Binder:1980_3" vma 7fbae76000
  UiThreadHelper-2106  [004] ....  1921.536033: do_swap_page: swapin tgid 2050 pid 2106 name "UiThreadHelper" vma 7ed0f41000
  UiThreadHelper-2106  [004] ....  1921.536046: do_swap_page: swapin tgid 2050 pid 2106 name "UiThreadHelper" vma 7f28a87000
  UiThreadHelper-2106  [004] ....  1921.536052: do_swap_page: swapin tgid 2050 pid 2106 name "UiThreadHelper" vma 7f28a88000
  UiThreadHelper-2106  [004] ....  1921.536056: do_swap_page: swapin tgid 2050 pid 2106 name "UiThreadHelper" vma 7f28a22000
  UiThreadHelper-2106  [004] ....  1921.536062: do_swap_page: swapin tgid 2050 pid 2106 name "UiThreadHelper" vma 7ed0f3f000
  UiThreadHelper-2106  [004] ....  1921.536072: do_swap_page: swapin tgid 2050 pid 2106 name "UiThreadHelper" vma 13da1000
  UiThreadHelper-2106  [004] ....  1921.536136: do_swap_page: swapin tgid 2050 pid 2106 name "UiThreadHelper" vma 7f313af000
  UiThreadHelper-2106  [004] ....  1921.536142: do_swap_page: swapin tgid 2050 pid 2106 name "UiThreadHelper" vma 12de1000
  UiThreadHelper-2106  [004] ....  1921.536148: do_swap_page: swapin tgid 2050 pid 2106 name "UiThreadHelper" vma 13d8d000
  UiThreadHelper-2106  [004] ....  1921.536154: do_swap_page: swapin tgid 2050 pid 2106 name "UiThreadHelper" vma 9dbf5000
  UiThreadHelper-2106  [004] ....  1921.536158: do_swap_page: swapin tgid 2050 pid 2106 name "UiThreadHelper" vma 9dcfd000
 droid.launcher3-2050  [004] ....  1921.536198: do_swap_page: swapin tgid 2050 pid 2050 name "droid.launcher3" vma 71bb8000
 droid.launcher3-2050  [004] ....  1921.536204: do_swap_page: swapin tgid 2050 pid 2050 name "droid.launcher3" vma 71d25000
 droid.launcher3-2050  [004] ....  1921.536208: do_swap_page: swapin tgid 2050 pid 2050 name "droid.launcher3" vma 13c96000
 droid.launcher3-2050  [004] ....  1921.536213: do_swap_page: swapin tgid 2050 pid 2050 name "droid.launcher3" vma 7fbddfc000
 droid.launcher3-2050  [004] ....  1921.536225: do_swap_page: swapin tgid 2050 pid 2050 name "droid.launcher3" vma 12ff1000
 droid.launcher3-2050  [004] ....  1921.536231: do_swap_page: swapin tgid 2050 pid 2050 name "droid.launcher3" vma 13d5c000
 droid.launcher3-2050  [004] ....  1921.536239: do_swap_page: swapin tgid 2050 pid 2050 name "droid.launcher3" vma 13d40000
 droid.launcher3-2050  [004] ....  1921.536257: do_swap_page: swapin tgid 2050 pid 2050 name "droid.launcher3" vma 12ddd000
 droid.launcher3-2050  [004] ....  1921.536260: do_swap_page: swapin tgid 2050 pid 2050 name "droid.launcher3" vma 7f34e91000
 droid.launcher3-2050  [004] ....  1921.536268: do_swap_page: swapin tgid 2050 pid 2050 name "droid.launcher3" vma 7fbe15d000
 droid.launcher3-2050  [004] ....  1921.536271: do_swap_page: swapin tgid 2050 pid 2050 name "droid.launcher3" vma 7fbe15c000
 droid.launcher3-2050  [004] ....  1921.536275: do_swap_page: swapin tgid 2050 pid 2050 name "droid.launcher3" vma 7fbe177000
 droid.launcher3-2050  [004] ....  1921.536283: do_swap_page: swapin tgid 2050 pid 2050 name "droid.launcher3" vma 7ec9818000
 droid.launcher3-2050  [004] ....  1921.536289: do_swap_page: swapin tgid 2050 pid 2050 name "droid.launcher3" vma 7f28a45000
 droid.launcher3-2050  [004] ....  1921.536292: do_swap_page: swapin tgid 2050 pid 2050 name "droid.launcher3" vma 7f2d4d4000
 droid.launcher3-2050  [004] ....  1921.536365: do_swap_page: swapin tgid 2050 pid 2050 name "droid.launcher3" vma 13d91000
  UiThreadHelper-2106  [004] ....  1921.536409: do_swap_page: swapin tgid 2050 pid 2106 name "UiThreadHelper" vma 9dcfd000
  UiThreadHelper-2106  [004] ....  1921.536416: do_swap_page: swapin tgid 2050 pid 2106 name "UiThreadHelper" vma 9dcd9000
  UiThreadHelper-2106  [004] ....  1921.536424: do_swap_page: swapin tgid 2050 pid 2106 name "UiThreadHelper" vma 7f2dc91000
  UiThreadHelper-2106  [004] ....  1921.536428: do_swap_page: swapin tgid 2050 pid 2106 name "UiThreadHelper" vma 9dc62000
           <...>-2001  [004] ....  1921.536479: do_swap_page: swapin tgid 1980 pid 2001 name "Binder:1980_3" vma 7fbae76000
           <...>-2001  [004] ....  1921.536489: do_swap_page: swapin tgid 1980 pid 2001 name "Binder:1980_3" vma 7f28a21000
           <...>-2001  [004] ....  1921.536504: do_swap_page: swapin tgid 1980 pid 2001 name "Binder:1980_3" vma 7f393cb000
           <...>-2001  [004] ....  1921.536510: do_swap_page: swapin tgid 1980 pid 2001 name "Binder:1980_3" vma 7f28a9b000
           <...>-2001  [004] ....  1921.536515: do_swap_page: swapin tgid 1980 pid 2001 name "Binder:1980_3" vma 7f3187e000
 droid.launcher3-2050  [004] ....  1921.536574: do_swap_page: swapin tgid 2050 pid 2050 name "droid.launcher3" vma 13d91000
 droid.launcher3-2050  [004] ....  1921.536633: do_swap_page: swapin tgid 2050 pid 2050 name "droid.launcher3" vma 7fbae75000
 droid.launcher3-2050  [004] ....  1921.536640: do_swap_page: swapin tgid 2050 pid 2050 name "droid.launcher3" vma 7f2d481000
 droid.launcher3-2050  [004] ....  1921.536644: do_swap_page: swapin tgid 2050 pid 2050 name "droid.launcher3" vma 7f2d477000
  UiThreadHelper-2106  [004] ....  1921.536687: do_swap_page: swapin tgid 2050 pid 2106 name "UiThreadHelper" vma 9dc62000
  UiThreadHelper-2106  [004] ....  1921.536692: do_swap_page: swapin tgid 2050 pid 2106 name "UiThreadHelper" vma 7f2dc90000
  UiThreadHelper-2106  [004] ....  1921.536696: do_swap_page: swapin tgid 2050 pid 2106 name "UiThreadHelper" vma 9dcb8000
  UiThreadHelper-2106  [004] ....  1921.536702: do_swap_page: swapin tgid 2050 pid 2106 name "UiThreadHelper" vma 13c95000
           <...>-2210  [004] ....  1921.536771: do_swap_page: swapin tgid 1792 pid 2210 name "Binder:1792_3" vma 7fbae76000
           <...>-2210  [004] ....  1921.536783: do_swap_page: swapin tgid 1792 pid 2210 name "Binder:1792_3" vma 7f2d41a000
           <...>-2210  [004] ....  1921.536790: do_swap_page: swapin tgid 1792 pid 2210 name "Binder:1792_3" vma 7f393cb000
           <...>-2210  [004] ....  1921.536794: do_swap_page: swapin tgid 1792 pid 2210 name "Binder:1792_3" vma 7f2d463000
           <...>-2210  [004] ....  1921.536800: do_swap_page: swapin tgid 1792 pid 2210 name "Binder:1792_3" vma 7f3187e000
 droid.launcher3-2050  [004] ....  1921.536888: do_swap_page: swapin tgid 2050 pid 2050 name "droid.launcher3" vma 7f2d477000
 droid.launcher3-2050  [004] ....  1921.536930: do_swap_page: swapin tgid 2050 pid 2050 name "droid.launcher3" vma 7f28a55000
 droid.launcher3-2050  [004] ....  1921.536997: do_swap_page: swapin tgid 2050 pid 2050 name "droid.launcher3" vma 7f288c4000
  UiThreadHelper-2106  [004] ....  1921.537006: do_swap_page: swapin tgid 2050 pid 2106 name "UiThreadHelper" vma 13c95000
  UiThreadHelper-2106  [004] ....  1921.537022: do_swap_page: swapin tgid 2050 pid 2106 name "UiThreadHelper" vma 13cad000
  UiThreadHelper-2106  [004] ....  1921.537031: do_swap_page: swapin tgid 2050 pid 2106 name "UiThreadHelper" vma 13d7a000
  UiThreadHelper-2106  [004] ....  1921.537039: do_swap_page: swapin tgid 2050 pid 2106 name "UiThreadHelper" vma 13c85000
 droid.launcher3-2050  [004] ....  1921.537170: do_swap_page: swapin tgid 2050 pid 2050 name "droid.launcher3" vma 7fbe1d0000
 droid.launcher3-2050  [004] ....  1921.537184: do_swap_page: swapin tgid 2050 pid 2050 name "droid.launcher3" vma 7f34e92000
 droid.launcher3-2050  [004] ....  1921.537198: do_swap_page: swapin tgid 2050 pid 2050 name "droid.launcher3" vma 7fbe1f9000
