  Binder:1338_15-5376  [004] ....  6152.265687: do_swap_page: swapin tgid 1338 pid 5376 name "Binder:1338_15" vma 9de03000
  Binder:1338_15-5376  [004] ....  6152.265696: do_swap_page: swapin tgid 1338 pid 5376 name "Binder:1338_15" vma 9dbd0000
  Binder:1338_15-5376  [004] ....  6152.265702: do_swap_page: swapin tgid 1338 pid 5376 name "Binder:1338_15" vma 9dfd1000
  Binder:1338_15-5376  [004] ....  6152.265706: do_swap_page: swapin tgid 1338 pid 5376 name "Binder:1338_15" vma 9de3f000
  Binder:1338_15-5376  [004] ....  6152.265929: do_swap_page: swapin tgid 1338 pid 5376 name "Binder:1338_15" vma 9de3f000
  Binder:1338_15-5376  [004] ....  6152.265946: do_swap_page: swapin tgid 1338 pid 5376 name "Binder:1338_15" vma 9dcbe000
  Binder:1338_15-5376  [004] ....  6152.265949: do_swap_page: swapin tgid 1338 pid 5376 name "Binder:1338_15" vma 9de07000
  Binder:1338_15-5376  [004] ....  6152.266257: do_swap_page: swapin tgid 1338 pid 5376 name "Binder:1338_15" vma 9de07000
  Binder:1338_15-5376  [004] ....  6152.266270: do_swap_page: swapin tgid 1338 pid 5376 name "Binder:1338_15" vma 9dc75000
  Binder:1338_15-5376  [004] ....  6152.266274: do_swap_page: swapin tgid 1338 pid 5376 name "Binder:1338_15" vma 9ddae000
  Binder:1338_15-5376  [004] ....  6152.266518: do_swap_page: swapin tgid 1338 pid 5376 name "Binder:1338_15" vma 9ddae000
  Binder:1338_15-5376  [004] ....  6152.266539: do_swap_page: swapin tgid 1338 pid 5376 name "Binder:1338_15" vma 13cbe000
  Binder:1338_15-5376  [004] ....  6152.266572: do_swap_page: swapin tgid 1338 pid 5376 name "Binder:1338_15" vma 9dec4000
  Binder:1338_15-5376  [004] ....  6152.266778: do_swap_page: swapin tgid 1338 pid 5376 name "Binder:1338_15" vma 9dec4000
  Binder:1338_15-5376  [004] ....  6152.266788: do_swap_page: swapin tgid 1338 pid 5376 name "Binder:1338_15" vma 9de3e000
  Binder:1338_15-5376  [004] ....  6152.266947: do_swap_page: swapin tgid 1338 pid 5376 name "Binder:1338_15" vma 9de3e000
  Binder:1338_15-5376  [004] ....  6152.267235: do_swap_page: swapin tgid 1338 pid 5376 name "Binder:1338_15" vma 7f35006000
           <...>-1461  [004] ....  6152.267356: do_swap_page: swapin tgid 1338 pid 1461 name "InputDispatcher" vma 7eb43ff000
           <...>-1461  [004] ....  6152.267379: do_swap_page: swapin tgid 1338 pid 1461 name "InputDispatcher" vma 7eb4ca4000
           <...>-1461  [004] ....  6152.267386: do_swap_page: swapin tgid 1338 pid 1461 name "InputDispatcher" vma 7f2d4c4000
           <...>-1461  [004] ....  6152.267397: do_swap_page: swapin tgid 1338 pid 1461 name "InputDispatcher" vma 7e64593000
           <...>-1461  [004] ....  6152.267409: do_swap_page: swapin tgid 1338 pid 1461 name "InputDispatcher" vma 7e646c1000
           <...>-1461  [004] ....  6152.267419: do_swap_page: swapin tgid 1338 pid 1461 name "InputDispatcher" vma 7eb4ca5000
           <...>-1461  [004] ....  6152.267424: do_swap_page: swapin tgid 1338 pid 1461 name "InputDispatcher" vma 7eb4ca6000
           <...>-1461  [004] ....  6152.267437: do_swap_page: swapin tgid 1338 pid 1461 name "InputDispatcher" vma 7e646c0000
           <...>-1461  [004] ....  6152.267444: do_swap_page: swapin tgid 1338 pid 1461 name "InputDispatcher" vma 7e5e938000
           <...>-1461  [004] ....  6152.267452: do_swap_page: swapin tgid 1338 pid 1461 name "InputDispatcher" vma 7eb41f9000
           <...>-1461  [004] ....  6152.267460: do_swap_page: swapin tgid 1338 pid 1461 name "InputDispatcher" vma 7eb430d000
           <...>-1461  [004] ....  6152.268236: do_swap_page: swapin tgid 1338 pid 1461 name "InputDispatcher" vma 7eb43c9000
           <...>-1461  [004] ....  6152.268273: do_swap_page: swapin tgid 1338 pid 1461 name "InputDispatcher" vma 7f3980a000
 wifi_ext@1.0-se-2757  [004] ....  6153.339665: do_swap_page: swapin tgid 827 pid 2757 name "wifi_ext@1.0-se" vma 7fb9a9b000
 wifi_ext@1.0-se-2757  [004] ....  6153.339701: do_swap_page: swapin tgid 827 pid 2757 name "wifi_ext@1.0-se" vma 7fbb5b0000
 wifi_ext@1.0-se-2757  [004] ....  6153.342426: do_swap_page: swapin tgid 827 pid 2757 name "wifi_ext@1.0-se" vma 7fbb565000
 wifi_ext@1.0-se-2757  [004] ....  6153.342444: do_swap_page: swapin tgid 827 pid 2757 name "wifi_ext@1.0-se" vma 7fbb4b9000
 wifi_ext@1.0-se-2757  [004] ....  6153.342458: do_swap_page: swapin tgid 827 pid 2757 name "wifi_ext@1.0-se" vma 7fb9a53000
 wifi_ext@1.0-se-2757  [004] ....  6153.342462: do_swap_page: swapin tgid 827 pid 2757 name "wifi_ext@1.0-se" vma 7fbb557000
 wifi_ext@1.0-se-2757  [004] ....  6153.345044: do_swap_page: swapin tgid 827 pid 2757 name "wifi_ext@1.0-se" vma 7fb9a6f000
  Binder:1338_15-5376  [004] ....  6153.466424: do_swap_page: swapin tgid 1338 pid 5376 name "Binder:1338_15" vma 145fa000
  Binder:1338_15-5376  [004] ....  6153.466442: do_swap_page: swapin tgid 1338 pid 5376 name "Binder:1338_15" vma 14236000
  Binder:1338_15-5376  [004] ....  6153.466632: do_swap_page: swapin tgid 1338 pid 5376 name "Binder:1338_15" vma 7e5eca2000
  Binder:1338_15-5376  [004] ....  6153.466648: do_swap_page: swapin tgid 1338 pid 5376 name "Binder:1338_15" vma 7eb41c4000
  Binder:1338_15-5376  [004] ....  6153.479052: do_swap_page: swapin tgid 1338 pid 5376 name "Binder:1338_15" vma 7eb41c4000
  Binder:1338_15-5376  [004] ....  6153.479084: do_swap_page: swapin tgid 1338 pid 5376 name "Binder:1338_15" vma 7eb420f000
  Binder:1338_15-5376  [004] ....  6153.479260: do_swap_page: swapin tgid 1338 pid 5376 name "Binder:1338_15" vma 7eb420f000
  Binder:1338_15-5376  [004] ....  6153.479280: do_swap_page: swapin tgid 1338 pid 5376 name "Binder:1338_15" vma 7e5e993000
  Binder:1338_15-5376  [004] ....  6153.479287: do_swap_page: swapin tgid 1338 pid 5376 name "Binder:1338_15" vma 7eb420e000
  Binder:1338_15-5376  [004] ....  6153.479440: do_swap_page: swapin tgid 1338 pid 5376 name "Binder:1338_15" vma 7eb420e000
  Binder:1338_15-5376  [004] ....  6153.479459: do_swap_page: swapin tgid 1338 pid 5376 name "Binder:1338_15" vma 7eb41f3000
  Binder:1338_15-5376  [004] ....  6153.479477: do_swap_page: swapin tgid 1338 pid 5376 name "Binder:1338_15" vma 7e64681000
  Binder:1338_15-5376  [004] ....  6153.479489: do_swap_page: swapin tgid 1338 pid 5376 name "Binder:1338_15" vma 7f2d554000
  Binder:1338_15-5376  [004] ....  6153.479503: do_swap_page: swapin tgid 1338 pid 5376 name "Binder:1338_15" vma 7f2d5c0000
  Binder:1338_15-5376  [004] ....  6153.479510: do_swap_page: swapin tgid 1338 pid 5376 name "Binder:1338_15" vma 7f2d5c1000
  Binder:1338_15-5376  [004] ....  6153.479518: do_swap_page: swapin tgid 1338 pid 5376 name "Binder:1338_15" vma 7e645d1000
  Binder:1338_15-5376  [004] ....  6153.479522: do_swap_page: swapin tgid 1338 pid 5376 name "Binder:1338_15" vma 7e645d2000
  Binder:1338_15-5376  [004] ....  6153.480146: do_swap_page: swapin tgid 1338 pid 5376 name "Binder:1338_15" vma 7eb41c2000
  Binder:1338_15-5376  [004] ....  6153.480390: do_swap_page: swapin tgid 1338 pid 5376 name "Binder:1338_15" vma 7eb41c2000
  Binder:1338_15-5376  [004] ....  6153.480406: do_swap_page: swapin tgid 1338 pid 5376 name "Binder:1338_15" vma 7eb41ff000
  Binder:1338_15-5376  [004] ....  6153.480618: do_swap_page: swapin tgid 1338 pid 5376 name "Binder:1338_15" vma 7eb41ff000
  Binder:1338_15-5376  [004] ....  6153.480636: do_swap_page: swapin tgid 1338 pid 5376 name "Binder:1338_15" vma 7f2d5c7000
  Binder:1338_15-5376  [004] ....  6153.480643: do_swap_page: swapin tgid 1338 pid 5376 name "Binder:1338_15" vma 7f2d5c8000
  Binder:1338_15-5376  [004] ....  6153.480654: do_swap_page: swapin tgid 1338 pid 5376 name "Binder:1338_15" vma 7eb43be000
  Binder:1338_15-5376  [004] ....  6153.480670: do_swap_page: swapin tgid 1338 pid 5376 name "Binder:1338_15" vma 7f2d5e5000
  Binder:1338_15-5376  [004] ....  6153.480687: do_swap_page: swapin tgid 1338 pid 5376 name "Binder:1338_15" vma 7e64610000
  Binder:1338_15-5376  [004] ....  6153.480711: do_swap_page: swapin tgid 1338 pid 5376 name "Binder:1338_15" vma 7eb420a000
  Binder:1338_15-5376  [004] ....  6153.480890: do_swap_page: swapin tgid 1338 pid 5376 name "Binder:1338_15" vma 7eb420a000
  Binder:1338_15-5376  [004] ....  6153.480906: do_swap_page: swapin tgid 1338 pid 5376 name "Binder:1338_15" vma 7eb433d000
  Binder:1338_15-5376  [004] ....  6153.480919: do_swap_page: swapin tgid 1338 pid 5376 name "Binder:1338_15" vma 7eb433e000
  Binder:1338_15-5376  [004] ....  6153.480942: do_swap_page: swapin tgid 1338 pid 5376 name "Binder:1338_15" vma 13f6f000
           <...>-1461  [004] ....  6153.482007: do_swap_page: swapin tgid 1338 pid 1461 name "InputDispatcher" vma 7f28aad000
           <...>-1461  [004] ....  6153.482044: do_swap_page: swapin tgid 1338 pid 1461 name "InputDispatcher" vma 7ed0e8f000
           <...>-1461  [004] ....  6153.482054: do_swap_page: swapin tgid 1338 pid 1461 name "InputDispatcher" vma 7ed0e48000
           <...>-1461  [004] ....  6153.482061: do_swap_page: swapin tgid 1338 pid 1461 name "InputDispatcher" vma 7e5d4d5000
           <...>-1461  [004] ....  6153.482069: do_swap_page: swapin tgid 1338 pid 1461 name "InputDispatcher" vma 7e5d58e000
           <...>-1461  [004] ....  6153.482076: do_swap_page: swapin tgid 1338 pid 1461 name "InputDispatcher" vma 7eb4f0e000
           <...>-1461  [004] ....  6153.482084: do_swap_page: swapin tgid 1338 pid 1461 name "InputDispatcher" vma 7f28a69000
           <...>-1461  [004] ....  6153.482096: do_swap_page: swapin tgid 1338 pid 1461 name "InputDispatcher" vma 7e5eab4000
           <...>-1461  [004] ....  6153.482104: do_swap_page: swapin tgid 1338 pid 1461 name "InputDispatcher" vma 7e5ea3d000
           <...>-1461  [004] ....  6153.482112: do_swap_page: swapin tgid 1338 pid 1461 name "InputDispatcher" vma 7ed0d7f000
           <...>-1461  [004] ....  6153.482116: do_swap_page: swapin tgid 1338 pid 1461 name "InputDispatcher" vma 7e647e0000
           <...>-1461  [004] ....  6153.482189: do_swap_page: swapin tgid 1338 pid 1461 name "InputDispatcher" vma 7eb4e39000
           <...>-1461  [004] ....  6153.482197: do_swap_page: swapin tgid 1338 pid 1461 name "InputDispatcher" vma 7e6c3c4000
           <...>-1461  [004] ....  6153.482990: do_swap_page: swapin tgid 1338 pid 1461 name "InputDispatcher" vma 7e6c3c4000
           <...>-1461  [004] ....  6153.483005: do_swap_page: swapin tgid 1338 pid 1461 name "InputDispatcher" vma 7ed0d7d000
           <...>-1461  [004] ....  6153.483016: do_swap_page: swapin tgid 1338 pid 1461 name "InputDispatcher" vma 7f2d591000
           <...>-1461  [004] ....  6153.483026: do_swap_page: swapin tgid 1338 pid 1461 name "InputDispatcher" vma 7e5eb59000
           <...>-1461  [004] ....  6153.483035: do_swap_page: swapin tgid 1338 pid 1461 name "InputDispatcher" vma 7e646bf000
           <...>-1461  [004] ....  6153.483041: do_swap_page: swapin tgid 1338 pid 1461 name "InputDispatcher" vma 7e647eb000
           <...>-1461  [004] ....  6153.483361: do_swap_page: swapin tgid 1338 pid 1461 name "InputDispatcher" vma 7e647eb000
           <...>-1461  [004] ....  6153.483373: do_swap_page: swapin tgid 1338 pid 1461 name "InputDispatcher" vma 7e646d5000
           <...>-1461  [004] ....  6153.483383: do_swap_page: swapin tgid 1338 pid 1461 name "InputDispatcher" vma 7e87bbf000
           <...>-1461  [004] ....  6153.483392: do_swap_page: swapin tgid 1338 pid 1461 name "InputDispatcher" vma 7ed0d98000
           <...>-1461  [004] ....  6153.483439: do_swap_page: swapin tgid 1338 pid 1461 name "InputDispatcher" vma 7f28a4b000
           <...>-1461  [004] ....  6153.483472: do_swap_page: swapin tgid 1338 pid 1461 name "InputDispatcher" vma 7ed14bf000
           <...>-1461  [004] ....  6153.483489: do_swap_page: swapin tgid 1338 pid 1461 name "InputDispatcher" vma 7eb5531000
           <...>-1461  [004] ....  6153.483501: do_swap_page: swapin tgid 1338 pid 1461 name "InputDispatcher" vma 7eb5530000
           <...>-1461  [004] ....  6153.483569: do_swap_page: swapin tgid 1338 pid 1461 name "InputDispatcher" vma 7e5d44a000
           <...>-1461  [004] ....  6153.483604: do_swap_page: swapin tgid 1338 pid 1461 name "InputDispatcher" vma 7e6c1dd000
           <...>-1461  [004] ....  6153.483629: do_swap_page: swapin tgid 1338 pid 1461 name "InputDispatcher" vma 7ed0daa000
           <...>-1461  [004] ....  6153.483643: do_swap_page: swapin tgid 1338 pid 1461 name "InputDispatcher" vma 7eb4d2a000
           <...>-1461  [004] ....  6153.483711: do_swap_page: swapin tgid 1338 pid 1461 name "InputDispatcher" vma 7f28894000
           <...>-1461  [004] ....  6153.483720: do_swap_page: swapin tgid 1338 pid 1461 name "InputDispatcher" vma 7ed0cef000
           <...>-817   [004] ....  6153.483865: do_swap_page: swapin tgid 817 pid 817 name "power@1.3-servi" vma 7fbd22b000
           <...>-817   [004] ....  6153.483892: do_swap_page: swapin tgid 817 pid 817 name "power@1.3-servi" vma 7ffffff000
           <...>-817   [004] ....  6153.483904: do_swap_page: swapin tgid 817 pid 817 name "power@1.3-servi" vma 7fbe422000
           <...>-1461  [004] ....  6153.484047: do_swap_page: swapin tgid 1338 pid 1461 name "InputDispatcher" vma 7fbd9bc000
           <...>-817   [004] ....  6153.484189: do_swap_page: swapin tgid 817 pid 817 name "power@1.3-servi" vma 7fbe422000
           <...>-817   [004] ....  6153.484212: do_swap_page: swapin tgid 817 pid 817 name "power@1.3-servi" vma 7fbd226000
           <...>-817   [004] ....  6153.484216: do_swap_page: swapin tgid 817 pid 817 name "power@1.3-servi" vma 7fbd21e000
           <...>-817   [004] ....  6153.484232: do_swap_page: swapin tgid 817 pid 817 name "power@1.3-servi" vma 7fbf700000
           <...>-817   [004] ....  6153.484242: do_swap_page: swapin tgid 817 pid 817 name "power@1.3-servi" vma 7fbd206000
           <...>-817   [004] ....  6153.484246: do_swap_page: swapin tgid 817 pid 817 name "power@1.3-servi" vma 7fbd209000
           <...>-817   [004] ....  6153.484248: do_swap_page: swapin tgid 817 pid 817 name "power@1.3-servi" vma 7fbd24e000
           <...>-817   [004] ....  6153.484254: do_swap_page: swapin tgid 817 pid 817 name "power@1.3-servi" vma 7fbd8bd000
           <...>-817   [004] ....  6153.484271: do_swap_page: swapin tgid 817 pid 817 name "power@1.3-servi" vma 7fbd20d000
           <...>-817   [004] ....  6153.484275: do_swap_page: swapin tgid 817 pid 817 name "power@1.3-servi" vma 7fbd221000
           <...>-1461  [004] ....  6153.484370: do_swap_page: swapin tgid 1338 pid 1461 name "InputDispatcher" vma 7fbe175000
           <...>-817   [004] ....  6153.484494: do_swap_page: swapin tgid 817 pid 817 name "power@1.3-servi" vma 7fbd221000
           <...>-817   [004] ....  6153.484525: do_swap_page: swapin tgid 817 pid 817 name "power@1.3-servi" vma 7fbe1a8000
           <...>-1676  [004] ....  6153.484676: do_swap_page: swapin tgid 1676 pid 1676 name "ndroid.systemui" vma 7ed1119000
           <...>-817   [004] ....  6153.484779: do_swap_page: swapin tgid 817 pid 817 name "power@1.3-servi" vma 7fbe1a8000
           <...>-817   [004] ....  6153.484834: do_swap_page: swapin tgid 817 pid 817 name "power@1.3-servi" vma 7fbd219000
           <...>-1676  [004] ....  6153.484915: do_swap_page: swapin tgid 1676 pid 1676 name "ndroid.systemui" vma 7ed1148000
           <...>-817   [004] ....  6153.485063: do_swap_page: swapin tgid 817 pid 817 name "power@1.3-servi" vma 7fbd219000
           <...>-817   [004] ....  6153.485084: do_swap_page: swapin tgid 817 pid 817 name "power@1.3-servi" vma 7fffffe000
           <...>-817   [004] ....  6153.485095: do_swap_page: swapin tgid 817 pid 817 name "power@1.3-servi" vma 7fbb851000
           <...>-817   [004] ....  6153.485104: do_swap_page: swapin tgid 817 pid 817 name "power@1.3-servi" vma 7fbdcfc000
           <...>-1676  [004] ....  6153.485199: do_swap_page: swapin tgid 1676 pid 1676 name "ndroid.systemui" vma 7eb4fbe000
           <...>-817   [004] ....  6153.485351: do_swap_page: swapin tgid 817 pid 817 name "power@1.3-servi" vma 7fbdcfc000
           <...>-817   [004] ....  6153.485375: do_swap_page: swapin tgid 817 pid 817 name "power@1.3-servi" vma 7fbb800000
           <...>-2050  [004] ....  6153.485460: do_swap_page: swapin tgid 2050 pid 2050 name "droid.launcher3" vma 7fffffd000
           <...>-2050  [004] ....  6153.485540: do_swap_page: swapin tgid 2050 pid 2050 name "droid.launcher3" vma 7fbe22e000
           <...>-2050  [004] ....  6153.485609: do_swap_page: swapin tgid 2050 pid 2050 name "droid.launcher3" vma 7f28a52000
           <...>-2050  [004] ....  6153.485622: do_swap_page: swapin tgid 2050 pid 2050 name "droid.launcher3" vma 7fbe491000
           <...>-1676  [004] ....  6153.485723: do_swap_page: swapin tgid 1676 pid 1676 name "ndroid.systemui" vma 7eb4f58000
           <...>-1676  [004] ....  6153.485745: do_swap_page: swapin tgid 1676 pid 1676 name "ndroid.systemui" vma 7f28892000
           <...>-1676  [004] ....  6153.485765: do_swap_page: swapin tgid 1676 pid 1676 name "ndroid.systemui" vma 13d93000
           <...>-1676  [004] ....  6153.485786: do_swap_page: swapin tgid 1676 pid 1676 name "ndroid.systemui" vma 13d95000
           <...>-1676  [004] ....  6153.485805: do_swap_page: swapin tgid 1676 pid 1676 name "ndroid.systemui" vma 13d92000
           <...>-2050  [004] ....  6153.485901: do_swap_page: swapin tgid 2050 pid 2050 name "droid.launcher3" vma 7fbe491000
           <...>-2050  [004] ....  6153.485923: do_swap_page: swapin tgid 2050 pid 2050 name "droid.launcher3" vma 7ecebf5000
           <...>-2050  [004] ....  6153.485932: do_swap_page: swapin tgid 2050 pid 2050 name "droid.launcher3" vma 7ecebf6000
           <...>-2050  [004] ....  6153.485935: do_swap_page: swapin tgid 2050 pid 2050 name "droid.launcher3" vma 7eced10000
           <...>-2050  [004] ....  6153.485945: do_swap_page: swapin tgid 2050 pid 2050 name "droid.launcher3" vma 7ecebf3000
           <...>-2050  [004] ....  6153.485960: do_swap_page: swapin tgid 2050 pid 2050 name "droid.launcher3" vma 7fbae75000
           <...>-2050  [004] ....  6153.485971: do_swap_page: swapin tgid 2050 pid 2050 name "droid.launcher3" vma 7fbe1e9000
           <...>-2050  [004] ....  6153.485980: do_swap_page: swapin tgid 2050 pid 2050 name "droid.launcher3" vma 7f393cd000
           <...>-1676  [004] ....  6153.486147: do_swap_page: swapin tgid 1676 pid 1676 name "ndroid.systemui" vma 9dbe5000
           <...>-1676  [004] ....  6153.486164: do_swap_page: swapin tgid 1676 pid 1676 name "ndroid.systemui" vma 13db2000
           <...>-2050  [004] ....  6153.486320: do_swap_page: swapin tgid 2050 pid 2050 name "droid.launcher3" vma 7f393cd000
           <...>-2050  [004] ....  6153.486340: do_swap_page: swapin tgid 2050 pid 2050 name "droid.launcher3" vma 7fbe165000
           <...>-2050  [004] ....  6153.486349: do_swap_page: swapin tgid 2050 pid 2050 name "droid.launcher3" vma 7fbe1a2000
           <...>-2050  [004] ....  6153.486356: do_swap_page: swapin tgid 2050 pid 2050 name "droid.launcher3" vma 7eced29000
           <...>-2050  [004] ....  6153.486468: do_swap_page: swapin tgid 2050 pid 2050 name "droid.launcher3" vma 7ecebaf000
           <...>-2050  [004] ....  6153.486480: do_swap_page: swapin tgid 2050 pid 2050 name "droid.launcher3" vma 7ecebb0000
           <...>-2050  [004] ....  6153.486486: do_swap_page: swapin tgid 2050 pid 2050 name "droid.launcher3" vma 7fffffc000
           <...>-2050  [004] ....  6153.486494: do_swap_page: swapin tgid 2050 pid 2050 name "droid.launcher3" vma 7ec961f000
           <...>-2050  [004] ....  6153.486513: do_swap_page: swapin tgid 2050 pid 2050 name "droid.launcher3" vma 7fb9c52000
           <...>-2050  [004] ....  6153.486519: do_swap_page: swapin tgid 2050 pid 2050 name "droid.launcher3" vma 7fb9c4e000
           <...>-2050  [004] ....  6153.486524: do_swap_page: swapin tgid 2050 pid 2050 name "droid.launcher3" vma 7fb9c4f000
           <...>-1676  [004] ....  6153.486686: do_swap_page: swapin tgid 1676 pid 1676 name "ndroid.systemui" vma 7eac231000
           <...>-2050  [004] ....  6153.486814: do_swap_page: swapin tgid 2050 pid 2050 name "droid.launcher3" vma 7fb9c4f000
           <...>-2050  [004] ....  6153.486831: do_swap_page: swapin tgid 2050 pid 2050 name "droid.launcher3" vma 7fbe15d000
           <...>-2050  [004] ....  6153.486835: do_swap_page: swapin tgid 2050 pid 2050 name "droid.launcher3" vma 7fbe15c000
           <...>-2050  [004] ....  6153.486842: do_swap_page: swapin tgid 2050 pid 2050 name "droid.launcher3" vma 7eceb32000
           <...>-2050  [004] ....  6153.486858: do_swap_page: swapin tgid 2050 pid 2050 name "droid.launcher3" vma 7ec4a88000
           <...>-2050  [004] ....  6153.486865: do_swap_page: swapin tgid 2050 pid 2050 name "droid.launcher3" vma 7ecebe9000
           <...>-2050  [004] ....  6153.486871: do_swap_page: swapin tgid 2050 pid 2050 name "droid.launcher3" vma 7f28894000
           <...>-2050  [004] ....  6153.486878: do_swap_page: swapin tgid 2050 pid 2050 name "droid.launcher3" vma 7ec9cd6000
           <...>-2050  [004] ....  6153.486890: do_swap_page: swapin tgid 2050 pid 2050 name "droid.launcher3" vma 7fbb18f000
           <...>-1676  [004] ....  6153.487016: do_swap_page: swapin tgid 1676 pid 1676 name "ndroid.systemui" vma 9de31000
           <...>-2050  [004] ....  6153.487167: do_swap_page: swapin tgid 2050 pid 2050 name "droid.launcher3" vma 7fbb18f000
           <...>-2050  [004] ....  6153.487185: do_swap_page: swapin tgid 2050 pid 2050 name "droid.launcher3" vma 7fbe25a000
           <...>-2050  [004] ....  6153.487197: do_swap_page: swapin tgid 2050 pid 2050 name "droid.launcher3" vma 7f393cb000
           <...>-2050  [004] ....  6153.487201: do_swap_page: swapin tgid 2050 pid 2050 name "droid.launcher3" vma 7fbe23c000
           <...>-2050  [004] ....  6153.487204: do_swap_page: swapin tgid 2050 pid 2050 name "droid.launcher3" vma 7fbe1a3000
           <...>-2050  [004] ....  6153.487209: do_swap_page: swapin tgid 2050 pid 2050 name "droid.launcher3" vma 7f3187e000
           <...>-2050  [004] ....  6153.487233: do_swap_page: swapin tgid 2050 pid 2050 name "droid.launcher3" vma 13ca9000
           <...>-2050  [004] ....  6153.487245: do_swap_page: swapin tgid 2050 pid 2050 name "droid.launcher3" vma 7fbe285000
           <...>-2050  [004] ....  6153.487255: do_swap_page: swapin tgid 2050 pid 2050 name "droid.launcher3" vma 7f393cc000
           <...>-2050  [004] ....  6153.487259: do_swap_page: swapin tgid 2050 pid 2050 name "droid.launcher3" vma 7fbe1f8000
           <...>-2050  [004] ....  6153.487262: do_swap_page: swapin tgid 2050 pid 2050 name "droid.launcher3" vma 7fffffa000
           <...>-2050  [004] ....  6153.487269: do_swap_page: swapin tgid 2050 pid 2050 name "droid.launcher3" vma 7fbe24e000
           <...>-2050  [004] ....  6153.487278: do_swap_page: swapin tgid 2050 pid 2050 name "droid.launcher3" vma 7fbddfc000
           <...>-2050  [004] ....  6153.487289: do_swap_page: swapin tgid 2050 pid 2050 name "droid.launcher3" vma 7fbe286000
           <...>-2050  [004] ....  6153.487300: do_swap_page: swapin tgid 2050 pid 2050 name "droid.launcher3" vma 12ed3000
           <...>-2050  [004] ....  6153.487307: do_swap_page: swapin tgid 2050 pid 2050 name "droid.launcher3" vma 7f35006000
           <...>-2050  [004] ....  6153.487329: do_swap_page: swapin tgid 2050 pid 2050 name "droid.launcher3" vma 13d5c000
           <...>-2050  [004] ....  6153.487341: do_swap_page: swapin tgid 2050 pid 2050 name "droid.launcher3" vma 13d6f000
           <...>-2050  [004] ....  6153.487351: do_swap_page: swapin tgid 2050 pid 2050 name "droid.launcher3" vma 7f34e95000
           <...>-2050  [004] ....  6153.487360: do_swap_page: swapin tgid 2050 pid 2050 name "droid.launcher3" vma 12ed0000
           <...>-2050  [004] ....  6153.487364: do_swap_page: swapin tgid 2050 pid 2050 name "droid.launcher3" vma 7f34e91000
           <...>-2050  [004] ....  6153.487370: do_swap_page: swapin tgid 2050 pid 2050 name "droid.launcher3" vma 13c84000
           <...>-2050  [004] ....  6153.487379: do_swap_page: swapin tgid 2050 pid 2050 name "droid.launcher3" vma 13c9e000
           <...>-2050  [004] ....  6153.487397: do_swap_page: swapin tgid 2050 pid 2050 name "droid.launcher3" vma 13d5d000
           <...>-2050  [004] ....  6153.487403: do_swap_page: swapin tgid 2050 pid 2050 name "droid.launcher3" vma 9dc06000
      android.ui-1359  [004] ....  6153.487543: do_swap_page: swapin tgid 1338 pid 1359 name "android.ui" vma 7ecfac7000
      android.ui-1359  [004] ....  6153.487573: do_swap_page: swapin tgid 1338 pid 1359 name "android.ui" vma 7ecfac8000
      android.ui-1359  [004] ....  6153.487579: do_swap_page: swapin tgid 1338 pid 1359 name "android.ui" vma 7ed0cfa000
      android.ui-1359  [004] ....  6153.487582: do_swap_page: swapin tgid 1338 pid 1359 name "android.ui" vma 7ed0cfb000
      android.ui-1359  [004] ....  6153.487591: do_swap_page: swapin tgid 1338 pid 1359 name "android.ui" vma 7ed0be3000
      android.ui-1359  [004] ....  6153.487628: do_swap_page: swapin tgid 1338 pid 1359 name "android.ui" vma 7e5e8c9000
      android.ui-1359  [004] ....  6153.487637: do_swap_page: swapin tgid 1338 pid 1359 name "android.ui" vma 7e5e8ca000
      android.ui-1359  [004] ....  6153.487642: do_swap_page: swapin tgid 1338 pid 1359 name "android.ui" vma 7ecfac6000
      android.ui-1359  [004] ....  6153.487650: do_swap_page: swapin tgid 1338 pid 1359 name "android.ui" vma 7f28866000
      android.ui-1359  [004] ....  6153.487654: do_swap_page: swapin tgid 1338 pid 1359 name "android.ui" vma 7f28867000
      android.ui-1359  [004] ....  6153.487663: do_swap_page: swapin tgid 1338 pid 1359 name "android.ui" vma 7f2d5f4000
      android.ui-1359  [004] ....  6153.487741: do_swap_page: swapin tgid 1338 pid 1359 name "android.ui" vma 7f2d4c0000
      android.ui-1359  [004] ....  6153.487813: do_swap_page: swapin tgid 1338 pid 1359 name "android.ui" vma 7f31477000
      android.ui-1359  [004] ....  6153.487834: do_swap_page: swapin tgid 1338 pid 1359 name "android.ui" vma 145f0000
      android.ui-1359  [004] ....  6153.487860: do_swap_page: swapin tgid 1338 pid 1359 name "android.ui" vma 14641000
      android.ui-1359  [004] ....  6153.487871: do_swap_page: swapin tgid 1338 pid 1359 name "android.ui" vma 14649000
      android.ui-1359  [004] ....  6153.487886: do_swap_page: swapin tgid 1338 pid 1359 name "android.ui" vma 9dd89000
           <...>-817   [004] ....  6153.488000: do_swap_page: swapin tgid 817 pid 817 name "power@1.3-servi" vma 7fbb800000
           <...>-817   [004] ....  6153.488021: do_swap_page: swapin tgid 817 pid 817 name "power@1.3-servi" vma 7fbb820000
           <...>-2050  [004] ....  6153.488159: do_swap_page: swapin tgid 2050 pid 2050 name "droid.launcher3" vma 9dc06000
           <...>-2050  [004] ....  6153.488182: do_swap_page: swapin tgid 2050 pid 2050 name "droid.launcher3" vma 13d4c000
           <...>-2050  [004] ....  6153.488202: do_swap_page: swapin tgid 2050 pid 2050 name "droid.launcher3" vma 7fbe170000
           <...>-2050  [004] ....  6153.488206: do_swap_page: swapin tgid 2050 pid 2050 name "droid.launcher3" vma 7fbe249000
           <...>-2050  [004] ....  6153.488214: do_swap_page: swapin tgid 2050 pid 2050 name "droid.launcher3" vma 7f28904000
           <...>-817   [004] ....  6153.488295: do_swap_page: swapin tgid 817 pid 817 name "power@1.3-servi" vma 7fbb820000
           <...>-817   [004] ....  6153.488316: do_swap_page: swapin tgid 817 pid 817 name "power@1.3-servi" vma 7fbb83f000
           <...>-817   [004] ....  6153.488326: do_swap_page: swapin tgid 817 pid 817 name "power@1.3-servi" vma 7fbb85c000
           <...>-2050  [004] .n..  6153.488508: do_swap_page: swapin tgid 2050 pid 2050 name "droid.launcher3" vma 13d4d000
           <...>-817   [004] ....  6153.488526: do_swap_page: swapin tgid 817 pid 817 name "power@1.3-servi" vma 7fbb85c000
           <...>-817   [004] ....  6153.488540: do_swap_page: swapin tgid 817 pid 817 name "power@1.3-servi" vma 7fbb844000
           <...>-817   [004] ....  6153.488545: do_swap_page: swapin tgid 817 pid 817 name "power@1.3-servi" vma 7fbb859000
           <...>-817   [004] ....  6153.488553: do_swap_page: swapin tgid 817 pid 817 name "power@1.3-servi" vma 7fbdcf8000
           <...>-2050  [004] ....  6153.488635: do_swap_page: swapin tgid 2050 pid 2050 name "droid.launcher3" vma 9dc05000
           <...>-2050  [004] ....  6153.488646: do_swap_page: swapin tgid 2050 pid 2050 name "droid.launcher3" vma 9dd02000
           <...>-817   [004] ....  6153.488795: do_swap_page: swapin tgid 817 pid 817 name "power@1.3-servi" vma 7fbdcf8000
           <...>-817   [004] ....  6153.488914: do_swap_page: swapin tgid 817 pid 817 name "power@1.3-servi" vma 7fbdcf9000
           <...>-1461  [004] ....  6153.488998: do_swap_page: swapin tgid 1338 pid 1461 name "InputDispatcher" vma 7fbe175000
           <...>-1461  [004] ....  6153.489035: do_swap_page: swapin tgid 1338 pid 1461 name "InputDispatcher" vma 7ed0c35000
           <...>-817   [004] ....  6153.489240: do_swap_page: swapin tgid 817 pid 817 name "power@1.3-servi" vma 7fbdcf9000
           <...>-817   [004] ....  6153.489258: do_swap_page: swapin tgid 817 pid 817 name "power@1.3-servi" vma 7fbd201000
           <...>-817   [004] ....  6153.489264: do_swap_page: swapin tgid 817 pid 817 name "power@1.3-servi" vma 7fbd200000
           <...>-817   [004] ....  6153.489273: do_swap_page: swapin tgid 817 pid 817 name "power@1.3-servi" vma 7fbd211000
           <...>-817   [004] ....  6153.489285: do_swap_page: swapin tgid 817 pid 817 name "power@1.3-servi" vma 7fbb84b000
           <...>-817   [004] ....  6153.489291: do_swap_page: swapin tgid 817 pid 817 name "power@1.3-servi" vma 7fbb84c000
           <...>-817   [004] ....  6153.489300: do_swap_page: swapin tgid 817 pid 817 name "power@1.3-servi" vma 7fbd404000
           <...>-817   [004] ....  6153.489304: do_swap_page: swapin tgid 817 pid 817 name "power@1.3-servi" vma 7fbd400000
           <...>-1461  [004] ....  6153.489409: do_swap_page: swapin tgid 1338 pid 1461 name "InputDispatcher" vma 7ed0cc1000
           <...>-817   [004] ....  6153.489495: do_swap_page: swapin tgid 817 pid 817 name "power@1.3-servi" vma 7fbd400000
           <...>-817   [004] ....  6153.489506: do_swap_page: swapin tgid 817 pid 817 name "power@1.3-servi" vma 7fbd407000
           <...>-817   [004] ....  6153.489515: do_swap_page: swapin tgid 817 pid 817 name "power@1.3-servi" vma 7fbd406000
           <...>-1461  [004] ....  6153.489599: do_swap_page: swapin tgid 1338 pid 1461 name "InputDispatcher" vma 7eb4dae000
           <...>-817   [004] ....  6153.489709: do_swap_page: swapin tgid 817 pid 817 name "power@1.3-servi" vma 7fbd406000
           <...>-817   [004] ....  6153.489723: do_swap_page: swapin tgid 817 pid 817 name "power@1.3-servi" vma 7fbd205000
           <...>-817   [004] ....  6153.489737: do_swap_page: swapin tgid 817 pid 817 name "power@1.3-servi" vma 7fbb84d000
           <...>-817   [004] ....  6153.489795: do_swap_page: swapin tgid 817 pid 817 name "power@1.3-servi" vma 7fbcfe9000
           <...>-817   [004] ....  6153.490062: do_swap_page: swapin tgid 817 pid 817 name "power@1.3-servi" vma 7fbcfe9000
           <...>-1461  [004] ....  6153.490532: do_swap_page: swapin tgid 1338 pid 1461 name "InputDispatcher" vma 14604000
           <...>-1461  [004] ....  6153.490547: do_swap_page: swapin tgid 1338 pid 1461 name "InputDispatcher" vma 145fe000
           <...>-1461  [004] ....  6153.490562: do_swap_page: swapin tgid 1338 pid 1461 name "InputDispatcher" vma 149bc000
           <...>-1461  [004] ....  6153.490596: do_swap_page: swapin tgid 1338 pid 1461 name "InputDispatcher" vma 9dbd5000
           <...>-1461  [004] ....  6153.490667: do_swap_page: swapin tgid 1338 pid 1461 name "InputDispatcher" vma 7e6466b000
           <...>-644   [004] ....  6153.490915: do_swap_page: swapin tgid 597 pid 644 name "Binder:597_1" vma 7fba7cd000
           <...>-644   [004] ....  6153.490941: do_swap_page: swapin tgid 597 pid 644 name "Binder:597_1" vma 7fbe175000
           <...>-2372  [004] ....  6153.491126: do_swap_page: swapin tgid 817 pid 2372 name "NodeLooperThrea" vma 7fbb7fc000
           <...>-2372  [004] ....  6153.491143: do_swap_page: swapin tgid 817 pid 2372 name "NodeLooperThrea" vma 7fbb7fb000
           <...>-2372  [004] ....  6153.491155: do_swap_page: swapin tgid 817 pid 2372 name "NodeLooperThrea" vma 7fbb83e000
           <...>-2372  [004] ....  6153.491164: do_swap_page: swapin tgid 817 pid 2372 name "NodeLooperThrea" vma 7fbb83d000
           <...>-2373  [004] ....  6153.491303: do_swap_page: swapin tgid 817 pid 2373 name "power@1.3-servi" vma 7fbb6ff000
           <...>-1338  [004] ....  6153.491464: do_swap_page: swapin tgid 1338 pid 1338 name "system_server" vma 9df33000
           <...>-2373  [004] ....  6153.491570: do_swap_page: swapin tgid 817 pid 2373 name "power@1.3-servi" vma 7fbb6ff000
           <...>-2373  [004] ....  6153.491593: do_swap_page: swapin tgid 817 pid 2373 name "power@1.3-servi" vma 7fbb6fe000
 android.display-1361  [004] ....  6153.491846: do_swap_page: swapin tgid 1338 pid 1361 name "android.display" vma 7ecd8b5000
 android.display-1361  [004] ....  6153.491874: do_swap_page: swapin tgid 1338 pid 1361 name "android.display" vma 7ecd8b6000
 android.display-1361  [004] ....  6153.491878: do_swap_page: swapin tgid 1338 pid 1361 name "android.display" vma 7ed0be6000
 android.display-1361  [004] ....  6153.491883: do_swap_page: swapin tgid 1338 pid 1361 name "android.display" vma 7ed0be7000
 android.display-1361  [004] ....  6153.491888: do_swap_page: swapin tgid 1338 pid 1361 name "android.display" vma 7ecd8b4000
 android.display-1361  [004] ....  6153.491895: do_swap_page: swapin tgid 1338 pid 1361 name "android.display" vma 7ecd8b3000
 android.display-1361  [004] ....  6153.491909: do_swap_page: swapin tgid 1338 pid 1361 name "android.display" vma 7f313af000
 android.display-1361  [004] ....  6153.491931: do_swap_page: swapin tgid 1338 pid 1361 name "android.display" vma 9de48000
           <...>-2372  [004] ....  6153.492134: do_swap_page: swapin tgid 817 pid 2372 name "NodeLooperThrea" vma 7fbb83d000
           <...>-2372  [004] ....  6153.492202: do_swap_page: swapin tgid 817 pid 2372 name "NodeLooperThrea" vma 7fbb81b000
           <...>-1338  [004] ....  6153.492331: do_swap_page: swapin tgid 1338 pid 1338 name "system_server" vma 9df33000
           <...>-1338  [004] ....  6153.492356: do_swap_page: swapin tgid 1338 pid 1338 name "system_server" vma 9de40000
           <...>-2050  [004] ....  6153.492465: do_swap_page: swapin tgid 2050 pid 2050 name "droid.launcher3" vma 9dd02000
           <...>-2050  [004] ....  6153.492481: do_swap_page: swapin tgid 2050 pid 2050 name "droid.launcher3" vma 9dd13000
           <...>-644   [004] ....  6153.492588: do_swap_page: swapin tgid 597 pid 644 name "Binder:597_1" vma 7fbe175000
           <...>-662   [004] ....  6153.492829: do_swap_page: swapin tgid 597 pid 662 name "surfaceflinger" vma 7fb3f2f000
           <...>-662   [004] ....  6153.492847: do_swap_page: swapin tgid 597 pid 662 name "surfaceflinger" vma 7fb3f2e000
           <...>-2372  [004] ....  6153.494220: do_swap_page: swapin tgid 817 pid 2372 name "NodeLooperThrea" vma 7fbb81b000
           <...>-2372  [004] ....  6153.494690: do_swap_page: swapin tgid 817 pid 2372 name "NodeLooperThrea" vma 7fbb84e000
           <...>-2372  [004] ....  6153.496033: do_swap_page: swapin tgid 817 pid 2372 name "NodeLooperThrea" vma 7fbb81d000
           <...>-2372  [004] ....  6153.496241: do_swap_page: swapin tgid 817 pid 2372 name "NodeLooperThrea" vma 7fbb85b000
 android.display-1361  [004] ....  6153.496459: do_swap_page: swapin tgid 1338 pid 1361 name "android.display" vma 9de48000
 android.display-1361  [004] ....  6153.496500: do_swap_page: swapin tgid 1338 pid 1361 name "android.display" vma 9de77000
           <...>-662   [004] ....  6153.496649: do_swap_page: swapin tgid 597 pid 662 name "surfaceflinger" vma 7faa732000
           <...>-662   [004] ....  6153.496662: do_swap_page: swapin tgid 597 pid 662 name "surfaceflinger" vma 7faa76b000
           <...>-662   [004] ....  6153.496675: do_swap_page: swapin tgid 597 pid 662 name "surfaceflinger" vma 7fba7d3000
           <...>-662   [004] ....  6153.496683: do_swap_page: swapin tgid 597 pid 662 name "surfaceflinger" vma 7fba640000
           <...>-2372  [004] ....  6153.497195: do_swap_page: swapin tgid 817 pid 2372 name "NodeLooperThrea" vma 7fbb85b000
           <...>-2050  [004] ....  6153.497400: do_swap_page: swapin tgid 2050 pid 2050 name "droid.launcher3" vma 9dd13000
           <...>-2050  [004] ....  6153.497423: do_swap_page: swapin tgid 2050 pid 2050 name "droid.launcher3" vma 9dd0d000
           <...>-2372  [004] ....  6153.498059: do_swap_page: swapin tgid 817 pid 2372 name "NodeLooperThrea" vma 7fbd269000
           <...>-2372  [004] ....  6153.498073: do_swap_page: swapin tgid 817 pid 2372 name "NodeLooperThrea" vma 7fbd26a000
           <...>-2372  [004] ....  6153.498090: do_swap_page: swapin tgid 817 pid 2372 name "NodeLooperThrea" vma 7fbdb78000
           <...>-2372  [004] ....  6153.498114: do_swap_page: swapin tgid 817 pid 2372 name "NodeLooperThrea" vma 7fbb83b000
           <...>-2372  [004] ....  6153.498116: do_swap_page: swapin tgid 817 pid 2372 name "NodeLooperThrea" vma 7fbcfdc000
           <...>-2050  [004] ....  6153.498307: do_swap_page: swapin tgid 2050 pid 2050 name "droid.launcher3" vma 12ec1000
           <...>-2372  [004] ....  6153.498401: do_swap_page: swapin tgid 817 pid 2372 name "NodeLooperThrea" vma 7fbcfdc000
           <...>-2372  [004] ....  6153.498436: do_swap_page: swapin tgid 817 pid 2372 name "NodeLooperThrea" vma 7fbdb77000
           <...>-2050  [004] ....  6153.498543: do_swap_page: swapin tgid 2050 pid 2050 name "droid.launcher3" vma 13d61000
           <...>-2050  [004] ....  6153.498559: do_swap_page: swapin tgid 2050 pid 2050 name "droid.launcher3" vma 7ecec0a000
           <...>-2050  [004] ....  6153.498566: do_swap_page: swapin tgid 2050 pid 2050 name "droid.launcher3" vma 7f28a66000
           <...>-2050  [004] ....  6153.498589: do_swap_page: swapin tgid 2050 pid 2050 name "droid.launcher3" vma 13d60000
           <...>-2050  [004] ....  6153.498592: do_swap_page: swapin tgid 2050 pid 2050 name "droid.launcher3" vma 7ecec0b000
           <...>-2050  [004] ....  6153.498601: do_swap_page: swapin tgid 2050 pid 2050 name "droid.launcher3" vma 9dbce000
           <...>-2050  [004] ....  6153.498608: do_swap_page: swapin tgid 2050 pid 2050 name "droid.launcher3" vma 7fbe264000
           <...>-2050  [004] ....  6153.498614: do_swap_page: swapin tgid 2050 pid 2050 name "droid.launcher3" vma 9dbcf000
           <...>-2372  [004] ....  6153.498698: do_swap_page: swapin tgid 817 pid 2372 name "NodeLooperThrea" vma 7fbdb77000
           <...>-2372  [004] ....  6153.498728: do_swap_page: swapin tgid 817 pid 2372 name "NodeLooperThrea" vma 7fbb7fa000
           <...>-2372  [004] ....  6153.498747: do_swap_page: swapin tgid 817 pid 2372 name "NodeLooperThrea" vma 7fbd8df000
           <...>-2372  [004] ....  6153.498938: do_swap_page: swapin tgid 817 pid 2372 name "NodeLooperThrea" vma 7fbd8df000
           <...>-2372  [004] ....  6153.498985: do_swap_page: swapin tgid 817 pid 2372 name "NodeLooperThrea" vma 7fbf5e3000
           <...>-2372  [004] ....  6153.499303: do_swap_page: swapin tgid 817 pid 2372 name "NodeLooperThrea" vma 7fbf5e3000
           <...>-2372  [004] ....  6153.499336: do_swap_page: swapin tgid 817 pid 2372 name "NodeLooperThrea" vma 7fbdfd8000
 android.display-1361  [004] ....  6153.499988: do_swap_page: swapin tgid 1338 pid 1361 name "android.display" vma 9de77000
           <...>-1338  [004] ....  6153.500092: do_swap_page: swapin tgid 1338 pid 1338 name "system_server" vma 9de40000
           <...>-1338  [004] ....  6153.500104: do_swap_page: swapin tgid 1338 pid 1338 name "system_server" vma 13f9b000
           <...>-1338  [004] ....  6153.500115: do_swap_page: swapin tgid 1338 pid 1338 name "system_server" vma 9de10000
           <...>-2050  [004] ....  6153.500209: do_swap_page: swapin tgid 2050 pid 2050 name "droid.launcher3" vma 9dbcf000
           <...>-2050  [004] ....  6153.500246: do_swap_page: swapin tgid 2050 pid 2050 name "droid.launcher3" vma 9dbe7000
           <...>-2050  [004] ....  6153.500260: do_swap_page: swapin tgid 2050 pid 2050 name "droid.launcher3" vma 9dbd0000
           <...>-2050  [004] ....  6153.500264: do_swap_page: swapin tgid 2050 pid 2050 name "droid.launcher3" vma 12ece000
           <...>-2050  [004] ....  6153.500270: do_swap_page: swapin tgid 2050 pid 2050 name "droid.launcher3" vma 7ecec09000
           <...>-2050  [004] ....  6153.500275: do_swap_page: swapin tgid 2050 pid 2050 name "droid.launcher3" vma 9dbe8000
      android.ui-1359  [004] ....  6153.500468: do_swap_page: swapin tgid 1338 pid 1359 name "android.ui" vma 9dd89000
      android.ui-1359  [004] ....  6153.500496: do_swap_page: swapin tgid 1338 pid 1359 name "android.ui" vma 9ded4000
           <...>-2050  [004] ....  6153.500640: do_swap_page: swapin tgid 2050 pid 2050 name "droid.launcher3" vma 9dbe8000
           <...>-2050  [004] ....  6153.500662: do_swap_page: swapin tgid 2050 pid 2050 name "droid.launcher3" vma 9dcd6000
           <...>-2050  [004] ....  6153.500678: do_swap_page: swapin tgid 2050 pid 2050 name "droid.launcher3" vma 7f2dc90000
 android.display-1361  [004] ....  6153.500852: do_swap_page: swapin tgid 1338 pid 1361 name "android.display" vma 9de7a000
           <...>-2050  [004] ....  6153.500994: do_swap_page: swapin tgid 2050 pid 2050 name "droid.launcher3" vma 7f2dc90000
           <...>-2050  [004] ....  6153.501012: do_swap_page: swapin tgid 2050 pid 2050 name "droid.launcher3" vma 9dce0000
           <...>-2050  [004] ....  6153.501025: do_swap_page: swapin tgid 2050 pid 2050 name "droid.launcher3" vma 9dbe9000
           <...>-2050  [004] ....  6153.501030: do_swap_page: swapin tgid 2050 pid 2050 name "droid.launcher3" vma 7f2dc91000
           <...>-2050  [004] ....  6153.501034: do_swap_page: swapin tgid 2050 pid 2050 name "droid.launcher3" vma 9dc26000
           <...>-2050  [004] ....  6153.501361: do_swap_page: swapin tgid 2050 pid 2050 name "droid.launcher3" vma 9dc26000
           <...>-2050  [004] ....  6153.501365: do_swap_page: swapin tgid 2050 pid 2050 name "droid.launcher3" vma 9dc01000
           <...>-2050  [004] ....  6153.501368: do_swap_page: swapin tgid 2050 pid 2050 name "droid.launcher3" vma 9dbb7000
           <...>-2050  [004] ....  6153.501371: do_swap_page: swapin tgid 2050 pid 2050 name "droid.launcher3" vma 9dd73000
           <...>-2050  [004] ....  6153.501375: do_swap_page: swapin tgid 2050 pid 2050 name "droid.launcher3" vma 9dce5000
           <...>-1338  [004] ....  6153.501399: do_swap_page: swapin tgid 1338 pid 1338 name "system_server" vma 9de10000
      android.ui-1359  [004] ....  6153.501431: do_swap_page: swapin tgid 1338 pid 1359 name "android.ui" vma 9ded4000
      android.ui-1359  [004] ....  6153.501437: do_swap_page: swapin tgid 1338 pid 1359 name "android.ui" vma 9dd70000
 android.display-1361  [004] ....  6153.501459: do_swap_page: swapin tgid 1338 pid 1361 name "android.display" vma 9de7a000
 android.display-1361  [004] ....  6153.501463: do_swap_page: swapin tgid 1338 pid 1361 name "android.display" vma 9dca6000
 android.display-1361  [004] ....  6153.501472: do_swap_page: swapin tgid 1338 pid 1361 name "android.display" vma 7f2add4000
           <...>-2050  [004] ....  6153.501560: do_swap_page: swapin tgid 2050 pid 2050 name "droid.launcher3" vma 9dce5000
           <...>-2050  [004] ....  6153.501568: do_swap_page: swapin tgid 2050 pid 2050 name "droid.launcher3" vma 9dbf5000
           <...>-2050  [004] ....  6153.501570: do_swap_page: swapin tgid 2050 pid 2050 name "droid.launcher3" vma 9dcda000
      android.ui-1359  [004] ....  6153.501720: do_swap_page: swapin tgid 1338 pid 1359 name "android.ui" vma 9dd70000
      android.ui-1359  [004] ....  6153.501755: do_swap_page: swapin tgid 1338 pid 1359 name "android.ui" vma 9dc41000
      android.ui-1359  [004] ....  6153.501765: do_swap_page: swapin tgid 1338 pid 1359 name "android.ui" vma 9dd6f000
           <...>-2050  [004] ....  6153.501820: do_swap_page: swapin tgid 2050 pid 2050 name "droid.launcher3" vma 9dcda000
           <...>-2050  [004] ....  6153.501826: do_swap_page: swapin tgid 2050 pid 2050 name "droid.launcher3" vma 9dd01000
 android.display-1361  [004] ....  6153.501852: do_swap_page: swapin tgid 1338 pid 1361 name "android.display" vma 7f2add4000
 android.display-1361  [004] ....  6153.501858: do_swap_page: swapin tgid 1338 pid 1361 name "android.display" vma 7f2add0000
           <...>-2050  [004] ....  6153.501988: do_swap_page: swapin tgid 2050 pid 2050 name "droid.launcher3" vma 9dd01000
           <...>-2050  [004] ....  6153.502019: do_swap_page: swapin tgid 2050 pid 2050 name "droid.launcher3" vma 9dce2000
           <...>-2050  [004] ....  6153.502023: do_swap_page: swapin tgid 2050 pid 2050 name "droid.launcher3" vma 9dc07000
           <...>-2050  [004] ....  6153.502028: do_swap_page: swapin tgid 2050 pid 2050 name "droid.launcher3" vma 13d45000
           <...>-2050  [004] ....  6153.502031: do_swap_page: swapin tgid 2050 pid 2050 name "droid.launcher3" vma 9dc0c000
           <...>-2050  [004] ....  6153.502034: do_swap_page: swapin tgid 2050 pid 2050 name "droid.launcher3" vma 13cb0000
           <...>-2050  [004] ....  6153.502036: do_swap_page: swapin tgid 2050 pid 2050 name "droid.launcher3" vma 9dbcc000
           <...>-2050  [004] ....  6153.502038: do_swap_page: swapin tgid 2050 pid 2050 name "droid.launcher3" vma 9dc11000
           <...>-2050  [004] ....  6153.502040: do_swap_page: swapin tgid 2050 pid 2050 name "droid.launcher3" vma 13d42000
           <...>-2050  [004] ....  6153.502042: do_swap_page: swapin tgid 2050 pid 2050 name "droid.launcher3" vma 9dbc8000
           <...>-2050  [004] ....  6153.502043: do_swap_page: swapin tgid 2050 pid 2050 name "droid.launcher3" vma 9dc1a000
           <...>-2050  [004] ....  6153.502045: do_swap_page: swapin tgid 2050 pid 2050 name "droid.launcher3" vma 13d53000
           <...>-2050  [004] ....  6153.502048: do_swap_page: swapin tgid 2050 pid 2050 name "droid.launcher3" vma 9dbf9000
           <...>-2050  [004] ....  6153.502054: do_swap_page: swapin tgid 2050 pid 2050 name "droid.launcher3" vma 9dbc1000
           <...>-2050  [004] ....  6153.502056: do_swap_page: swapin tgid 2050 pid 2050 name "droid.launcher3" vma 13cb2000
           <...>-2050  [004] ....  6153.502058: do_swap_page: swapin tgid 2050 pid 2050 name "droid.launcher3" vma 9dc12000
           <...>-2050  [004] ....  6153.502059: do_swap_page: swapin tgid 2050 pid 2050 name "droid.launcher3" vma 9dbfe000
           <...>-2050  [004] ....  6153.502061: do_swap_page: swapin tgid 2050 pid 2050 name "droid.launcher3" vma 13cb6000
           <...>-2050  [004] ....  6153.502063: do_swap_page: swapin tgid 2050 pid 2050 name "droid.launcher3" vma 9dbf7000
           <...>-2050  [004] ....  6153.502065: do_swap_page: swapin tgid 2050 pid 2050 name "droid.launcher3" vma 9dc43000
           <...>-2050  [004] ....  6153.502067: do_swap_page: swapin tgid 2050 pid 2050 name "droid.launcher3" vma 9dcee000
 android.display-1361  [004] ....  6153.502096: do_swap_page: swapin tgid 1338 pid 1361 name "android.display" vma 7f2add0000
 android.display-1361  [004] ....  6153.502103: do_swap_page: swapin tgid 1338 pid 1361 name "android.display" vma 9debe000
      android.ui-1359  [004] ....  6153.502123: do_swap_page: swapin tgid 1338 pid 1359 name "android.ui" vma 9dd6f000
      android.ui-1359  [004] ....  6153.502127: do_swap_page: swapin tgid 1338 pid 1359 name "android.ui" vma 1426e000
      android.ui-1359  [004] ....  6153.502135: do_swap_page: swapin tgid 1338 pid 1359 name "android.ui" vma 9dc95000
      android.ui-1359  [004] ....  6153.502137: do_swap_page: swapin tgid 1338 pid 1359 name "android.ui" vma 9df0f000
           <...>-2050  [004] ....  6153.502216: do_swap_page: swapin tgid 2050 pid 2050 name "droid.launcher3" vma 9dcee000
           <...>-2050  [004] ....  6153.502221: do_swap_page: swapin tgid 2050 pid 2050 name "droid.launcher3" vma 9dc9a000
           <...>-600   [004] ....  6153.502406: do_swap_page: swapin tgid 600 pid 600 name "composer@2.3-se" vma 7fbd049000
           <...>-600   [004] ....  6153.502420: do_swap_page: swapin tgid 600 pid 600 name "composer@2.3-se" vma 7fbd022000
           <...>-600   [004] ....  6153.502428: do_swap_page: swapin tgid 600 pid 600 name "composer@2.3-se" vma 7fbd078000
           <...>-600   [004] ....  6153.502439: do_swap_page: swapin tgid 600 pid 600 name "composer@2.3-se" vma 7fbd033000
           <...>-600   [004] ....  6153.502459: do_swap_page: swapin tgid 600 pid 600 name "composer@2.3-se" vma 7fb5f19000
           <...>-600   [004] ....  6153.502466: do_swap_page: swapin tgid 600 pid 600 name "composer@2.3-se" vma 7fbd032000
           <...>-2050  [004] ....  6153.502515: do_swap_page: swapin tgid 2050 pid 2050 name "droid.launcher3" vma 9dc9a000
           <...>-2050  [004] ....  6153.502529: do_swap_page: swapin tgid 2050 pid 2050 name "droid.launcher3" vma 7fffffb000
           <...>-2050  [004] ....  6153.502536: do_swap_page: swapin tgid 2050 pid 2050 name "droid.launcher3" vma 7ec96a0000
           <...>-2050  [004] ....  6153.502542: do_swap_page: swapin tgid 2050 pid 2050 name "droid.launcher3" vma 7f28900000
           <...>-2050  [004] ....  6153.502552: do_swap_page: swapin tgid 2050 pid 2050 name "droid.launcher3" vma 9dcf3000
