# tracer: nop
#
# entries-in-buffer/entries-written: 27672/27672   #P:1
#
#                              _-----=> irqs-off
#                             / _----=> need-resched
#                            | / _---=> hardirq/softirq
#                            || / _--=> preempt-depth
#                            ||| /     delay
#           TASK-PID   CPU#  ||||    TIMESTAMP  FUNCTION
#              | |       |   ||||       |         |
 wifi_ext@1.0-se-2757  [004] ....  2758.435876: do_swap_page: swapin tgid 827 pid 2757 name "wifi_ext@1.0-se" vma 7fb9ff5000
 wifi_ext@1.0-se-2757  [004] ....  2758.435906: do_swap_page: swapin tgid 827 pid 2757 name "wifi_ext@1.0-se" vma 7fb9ff6000
 wifi_ext@1.0-se-2757  [004] ....  2758.435913: do_swap_page: swapin tgid 827 pid 2757 name "wifi_ext@1.0-se" vma 7fb9ff7000
 wifi_ext@1.0-se-2757  [004] ....  2758.435919: do_swap_page: swapin tgid 827 pid 2757 name "wifi_ext@1.0-se" vma 7fb9ff8000
 wifi_ext@1.0-se-2757  [004] ....  2758.435925: do_swap_page: swapin tgid 827 pid 2757 name "wifi_ext@1.0-se" vma 7fb9ff9000
 wifi_ext@1.0-se-2757  [004] ....  2759.359176: do_swap_page: swapin tgid 827 pid 2757 name "wifi_ext@1.0-se" vma 7fbb444000
 wifi_ext@1.0-se-2757  [004] ....  2761.031978: do_swap_page: swapin tgid 827 pid 2757 name "wifi_ext@1.0-se" vma 7fbb5a8000
 wifi_ext@1.0-se-2757  [004] ....  2761.041140: do_swap_page: swapin tgid 827 pid 2757 name "wifi_ext@1.0-se" vma 7fbb5ee000
 wifi_ext@1.0-se-2757  [004] ....  2761.041176: do_swap_page: swapin tgid 827 pid 2757 name "wifi_ext@1.0-se" vma 7fbb5e5000
 wifi_ext@1.0-se-2757  [004] ....  2761.041237: do_swap_page: swapin tgid 827 pid 2757 name "wifi_ext@1.0-se" vma 7fbb5c9000
 wifi_ext@1.0-se-2757  [004] ....  2761.041320: do_swap_page: swapin tgid 827 pid 2757 name "wifi_ext@1.0-se" vma 7fbb5ec000
  ClientModeImpl-1485  [004] ....  2761.041438: do_swap_page: swapin tgid 1338 pid 1485 name "ClientModeImpl" vma 7eb429f000
 wifi_ext@1.0-se-2757  [004] ....  2761.044490: do_swap_page: swapin tgid 827 pid 2757 name "wifi_ext@1.0-se" vma 7fbb5ac000
 wifi_ext@1.0-se-2757  [004] ....  2761.044520: do_swap_page: swapin tgid 827 pid 2757 name "wifi_ext@1.0-se" vma 7fbb5eb000
 ndroid.systemui-1676  [004] ....  2761.469968: do_swap_page: swapin tgid 1676 pid 1676 name "ndroid.systemui" vma 7eac17b000
 ndroid.systemui-1676  [004] ....  2761.470391: do_swap_page: swapin tgid 1676 pid 1676 name "ndroid.systemui" vma 7f39863000
 suspend@1.0-ser-796   [004] ....  2761.472221: do_swap_page: swapin tgid 796 pid 796 name "suspend@1.0-ser" vma 7fbd204000
    AlarmManager-1458  [004] ....  2761.472455: do_swap_page: swapin tgid 1338 pid 1458 name "AlarmManager" vma 7ed0e9c000
 ndroid.systemui-1676  [004] ....  2761.474414: do_swap_page: swapin tgid 1676 pid 1676 name "ndroid.systemui" vma 71d2b000
 ndroid.systemui-1676  [004] ....  2761.474434: do_swap_page: swapin tgid 1676 pid 1676 name "ndroid.systemui" vma 71d45000
 ndroid.systemui-1676  [004] ....  2761.474536: do_swap_page: swapin tgid 1676 pid 1676 name "ndroid.systemui" vma 71d2c000
 ndroid.systemui-1676  [004] ....  2761.477958: do_swap_page: swapin tgid 1676 pid 1676 name "ndroid.systemui" vma 71d3c000
    RenderThread-2176  [004] ....  2761.483732: do_swap_page: swapin tgid 1676 pid 2176 name "RenderThread" vma 7f3980d000
    RenderThread-2176  [004] ....  2761.484108: do_swap_page: swapin tgid 1676 pid 2176 name "RenderThread" vma 7f39807000
 ndroid.systemui-1676  [004] ....  2761.488897: do_swap_page: swapin tgid 1676 pid 1676 name "ndroid.systemui" vma 7eca5a1000
  surfaceflinger-597   [004] ....  2761.518818: do_swap_page: swapin tgid 597 pid 597 name "surfaceflinger" vma 7fba772000
 wifi_ext@1.0-se-2757  [004] ....  2762.646473: do_swap_page: swapin tgid 827 pid 2757 name "wifi_ext@1.0-se" vma 7fbb5e1000
           <...>-954   [004] ....  2762.656586: do_swap_page: swapin tgid 954 pid 954 name "llkd" vma 7ffffff000
           <...>-2764  [004] ....  2762.934673: do_swap_page: swapin tgid 1896 pid 2764 name "IpClient.wlan0" vma 7f28c01000
           <...>-2764  [004] ....  2762.934760: do_swap_page: swapin tgid 1896 pid 2764 name "IpClient.wlan0" vma 7f2890d000
           <...>-2764  [004] ....  2762.934771: do_swap_page: swapin tgid 1896 pid 2764 name "IpClient.wlan0" vma 7f28a52000
           <...>-2764  [004] ....  2762.934780: do_swap_page: swapin tgid 1896 pid 2764 name "IpClient.wlan0" vma 7f28c02000
           <...>-2764  [004] ....  2762.934784: do_swap_page: swapin tgid 1896 pid 2764 name "IpClient.wlan0" vma 7f2897f000
           <...>-2764  [004] ....  2762.934791: do_swap_page: swapin tgid 1896 pid 2764 name "IpClient.wlan0" vma 7fbe1b5000
           <...>-2764  [004] ....  2762.934814: do_swap_page: swapin tgid 1896 pid 2764 name "IpClient.wlan0" vma 7fbae75000
           <...>-2764  [004] ....  2762.934832: do_swap_page: swapin tgid 1896 pid 2764 name "IpClient.wlan0" vma 7f2d4bf000
           <...>-2764  [004] ....  2762.934888: do_swap_page: swapin tgid 1896 pid 2764 name "IpClient.wlan0" vma 7f2d4c0000
           <...>-2764  [004] ....  2762.934894: do_swap_page: swapin tgid 1896 pid 2764 name "IpClient.wlan0" vma 7f28c00000
           <...>-2764  [004] ....  2762.934903: do_swap_page: swapin tgid 1896 pid 2764 name "IpClient.wlan0" vma 12c80000
           <...>-2764  [004] ....  2762.934924: do_swap_page: swapin tgid 1896 pid 2764 name "IpClient.wlan0" vma 7f2d41b000
           <...>-2764  [004] ....  2762.934934: do_swap_page: swapin tgid 1896 pid 2764 name "IpClient.wlan0" vma 7f28bfe000
           <...>-934   [004] ....  2762.935109: do_swap_page: swapin tgid 934 pid 934 name "cnss-daemon" vma 7ffffff000
           <...>-934   [004] ....  2762.935144: do_swap_page: swapin tgid 934 pid 934 name "cnss-daemon" vma 7fbe420000
           <...>-952   [004] ....  2762.935230: do_swap_page: swapin tgid 924 pid 952 name "netlink socket" vma 7fbb5fb000
           <...>-952   [004] ....  2762.935257: do_swap_page: swapin tgid 924 pid 952 name "netlink socket" vma 7fbb5fc000
           <...>-952   [004] ....  2762.935274: do_swap_page: swapin tgid 924 pid 952 name "netlink socket" vma 7fbd6aa000
           <...>-2764  [004] .n..  2762.955237: do_swap_page: swapin tgid 1896 pid 2764 name "IpClient.wlan0" vma 7f28bfe000
           <...>-2764  [004] ....  2762.955301: do_swap_page: swapin tgid 1896 pid 2764 name "IpClient.wlan0" vma 12ca9000
           <...>-2764  [004] ....  2762.955315: do_swap_page: swapin tgid 1896 pid 2764 name "IpClient.wlan0" vma 719a1000
           <...>-934   [004] ....  2762.955398: do_swap_page: swapin tgid 934 pid 934 name "cnss-daemon" vma 7fbe420000
           <...>-934   [004] ....  2762.955423: do_swap_page: swapin tgid 934 pid 934 name "cnss-daemon" vma 7fffffe000
           <...>-934   [004] ....  2762.955569: do_swap_page: swapin tgid 934 pid 934 name "cnss-daemon" vma 7fffffd000
           <...>-934   [004] ....  2762.955583: do_swap_page: swapin tgid 934 pid 934 name "cnss-daemon" vma 5555571000
           <...>-934   [004] ....  2762.955595: do_swap_page: swapin tgid 934 pid 934 name "cnss-daemon" vma 7fbdb9a000
           <...>-952   [004] ....  2762.955668: do_swap_page: swapin tgid 924 pid 952 name "netlink socket" vma 7fbd6aa000
           <...>-952   [004] ....  2762.955690: do_swap_page: swapin tgid 924 pid 952 name "netlink socket" vma 7fbd6a6000
           <...>-934   [004] ....  2762.955832: do_swap_page: swapin tgid 934 pid 934 name "cnss-daemon" vma 7fbdb9a000
           <...>-934   [004] ....  2762.955919: do_swap_page: swapin tgid 934 pid 934 name "cnss-daemon" vma 7fbdb96000
           <...>-952   [004] ....  2762.955988: do_swap_page: swapin tgid 924 pid 952 name "netlink socket" vma 7fbd6a6000
           <...>-952   [004] ....  2762.956003: do_swap_page: swapin tgid 924 pid 952 name "netlink socket" vma 7fbd6a7000
           <...>-934   [004] ....  2762.956182: do_swap_page: swapin tgid 934 pid 934 name "cnss-daemon" vma 7fbdb96000
           <...>-934   [004] ....  2762.956264: do_swap_page: swapin tgid 934 pid 934 name "cnss-daemon" vma 7fbdb97000
           <...>-952   [004] ....  2762.956332: do_swap_page: swapin tgid 924 pid 952 name "netlink socket" vma 7fbd6a7000
           <...>-952   [004] ....  2762.956348: do_swap_page: swapin tgid 924 pid 952 name "netlink socket" vma 7fbd0b4000
           <...>-952   [004] ....  2762.956356: do_swap_page: swapin tgid 924 pid 952 name "netlink socket" vma 7fbd0b6000
           <...>-952   [004] ....  2762.956367: do_swap_page: swapin tgid 924 pid 952 name "netlink socket" vma 7fbd0b5000
           <...>-952   [004] ....  2762.956374: do_swap_page: swapin tgid 924 pid 952 name "netlink socket" vma 7fbb628000
           <...>-952   [004] ....  2762.956380: do_swap_page: swapin tgid 924 pid 952 name "netlink socket" vma 7fbb633000
           <...>-952   [004] ....  2762.956511: do_swap_page: swapin tgid 924 pid 952 name "netlink socket" vma 7fbb62d000
           <...>-952   [004] ....  2762.956525: do_swap_page: swapin tgid 924 pid 952 name "netlink socket" vma 7fbb639000
           <...>-952   [004] ....  2762.956540: do_swap_page: swapin tgid 924 pid 952 name "netlink socket" vma 7fbb5fa000
           <...>-952   [004] ....  2762.956554: do_swap_page: swapin tgid 924 pid 952 name "netlink socket" vma 7fbd041000
           <...>-952   [004] ....  2762.956579: do_swap_page: swapin tgid 924 pid 952 name "netlink socket" vma 7fbe263000
           <...>-2764  [004] ....  2762.956677: do_swap_page: swapin tgid 1896 pid 2764 name "IpClient.wlan0" vma 719a1000
           <...>-2764  [004] ....  2762.956694: do_swap_page: swapin tgid 1896 pid 2764 name "IpClient.wlan0" vma 12cb2000
           <...>-934   [004] ....  2762.956770: do_swap_page: swapin tgid 934 pid 934 name "cnss-daemon" vma 7fbdb97000
           <...>-934   [004] ....  2762.956841: do_swap_page: swapin tgid 934 pid 934 name "cnss-daemon" vma 7fbce01000
           <...>-934   [004] ....  2762.956848: do_swap_page: swapin tgid 934 pid 934 name "cnss-daemon" vma 7fbce00000
           <...>-934   [004] ....  2762.956858: do_swap_page: swapin tgid 934 pid 934 name "cnss-daemon" vma 7fbce40000
           <...>-934   [004] ....  2762.956868: do_swap_page: swapin tgid 934 pid 934 name "cnss-daemon" vma 7fbdff8000
           <...>-2764  [004] ....  2762.956979: do_swap_page: swapin tgid 1896 pid 2764 name "IpClient.wlan0" vma 12cb2000
           <...>-2764  [004] ....  2762.957002: do_swap_page: swapin tgid 1896 pid 2764 name "IpClient.wlan0" vma 7fbbc0f000
           <...>-934   [004] ....  2762.957121: do_swap_page: swapin tgid 934 pid 934 name "cnss-daemon" vma 7fbdff8000
           <...>-934   [004] ....  2762.957141: do_swap_page: swapin tgid 934 pid 934 name "cnss-daemon" vma 7fbce3a000
           <...>-934   [004] ....  2762.957151: do_swap_page: swapin tgid 934 pid 934 name "cnss-daemon" vma 7fbce1a000
           <...>-934   [004] ....  2762.957160: do_swap_page: swapin tgid 934 pid 934 name "cnss-daemon" vma 555556f000
           <...>-952   [004] ....  2762.957279: do_swap_page: swapin tgid 924 pid 952 name "netlink socket" vma 7fbe263000
           <...>-952   [004] ....  2762.957757: do_swap_page: swapin tgid 924 pid 952 name "netlink socket" vma 55555f3000
           <...>-952   [004] ....  2762.957984: do_swap_page: swapin tgid 924 pid 952 name "netlink socket" vma 55555e1000
           <...>-952   [004] ....  2762.957994: do_swap_page: swapin tgid 924 pid 952 name "netlink socket" vma 7fbb604000
           <...>-952   [004] ....  2762.958004: do_swap_page: swapin tgid 924 pid 952 name "netlink socket" vma 7fbd005000
           <...>-952   [004] ....  2762.958147: do_swap_page: swapin tgid 924 pid 952 name "netlink socket" vma 7fbcddb000
           <...>-951   [004] ....  2762.958260: do_swap_page: swapin tgid 924 pid 951 name "ipacm" vma 7fbbaff000
           <...>-951   [004] ....  2762.958275: do_swap_page: swapin tgid 924 pid 951 name "ipacm" vma 7fbbafe000
           <...>-951   [004] ....  2762.958295: do_swap_page: swapin tgid 924 pid 951 name "ipacm" vma 7fbd00d000
           <...>-2764  [004] ....  2762.958351: do_swap_page: swapin tgid 1896 pid 2764 name "IpClient.wlan0" vma 7fbbc0f000
           <...>-2764  [004] ....  2762.958466: do_swap_page: swapin tgid 1896 pid 2764 name "IpClient.wlan0" vma 12caf000
           <...>-2764  [004] ....  2762.958500: do_swap_page: swapin tgid 1896 pid 2764 name "IpClient.wlan0" vma 12c42000
           <...>-951   [004] ....  2762.958569: do_swap_page: swapin tgid 924 pid 951 name "ipacm" vma 7fbd00d000
           <...>-951   [004] ....  2762.958599: do_swap_page: swapin tgid 924 pid 951 name "ipacm" vma 7fbd042000
           <...>-951   [004] ....  2762.958730: do_swap_page: swapin tgid 924 pid 951 name "ipacm" vma 7fbd01e000
           <...>-934   [004] ....  2762.958823: do_swap_page: swapin tgid 934 pid 934 name "cnss-daemon" vma 555556f000
           <...>-934   [004] ....  2762.958851: do_swap_page: swapin tgid 934 pid 934 name "cnss-daemon" vma 7fbce3f000
           <...>-951   [004] ....  2762.959198: do_swap_page: swapin tgid 924 pid 951 name "ipacm" vma 7fbd01e000
           <...>-951   [004] ....  2762.959216: do_swap_page: swapin tgid 924 pid 951 name "ipacm" vma 7fbd08c000
           <...>-2764  [004] ....  2762.959286: do_swap_page: swapin tgid 1896 pid 2764 name "IpClient.wlan0" vma 12c42000
           <...>-2764  [004] ....  2762.959324: do_swap_page: swapin tgid 1896 pid 2764 name "IpClient.wlan0" vma 7f313af000
           <...>-2764  [004] ....  2762.959434: do_swap_page: swapin tgid 1896 pid 2764 name "IpClient.wlan0" vma 7f2d4c1000
           <...>-2764  [004] ....  2762.959454: do_swap_page: swapin tgid 1896 pid 2764 name "IpClient.wlan0" vma 7fbe170000
           <...>-2764  [004] ....  2762.959461: do_swap_page: swapin tgid 1896 pid 2764 name "IpClient.wlan0" vma 7fbe1f5000
           <...>-951   [004] ....  2762.959602: do_swap_page: swapin tgid 924 pid 951 name "ipacm" vma 7fbd08c000
           <...>-951   [004] ....  2762.959753: do_swap_page: swapin tgid 924 pid 951 name "ipacm" vma 7fbd0b2000
           <...>-951   [004] ....  2762.959761: do_swap_page: swapin tgid 924 pid 951 name "ipacm" vma 7fbd0b3000
           <...>-951   [004] ....  2762.959881: do_swap_page: swapin tgid 924 pid 951 name "ipacm" vma 7fbcddb000
           <...>-951   [004] ....  2762.959890: do_swap_page: swapin tgid 924 pid 951 name "ipacm" vma 7fbd200000
           <...>-2764  [004] ....  2762.959985: do_swap_page: swapin tgid 1896 pid 2764 name "IpClient.wlan0" vma 7fbe1f5000
           <...>-2764  [004] ....  2762.960035: do_swap_page: swapin tgid 1896 pid 2764 name "IpClient.wlan0" vma 7f2d987000
           <...>-2764  [004] ....  2762.960118: do_swap_page: swapin tgid 1896 pid 2764 name "IpClient.wlan0" vma 7f2d989000
           <...>-2764  [004] ....  2762.960130: do_swap_page: swapin tgid 1896 pid 2764 name "IpClient.wlan0" vma 7f2d9a8000
           <...>-2764  [004] ....  2762.960138: do_swap_page: swapin tgid 1896 pid 2764 name "IpClient.wlan0" vma 12cb0000
           <...>-2764  [004] ....  2762.960145: do_swap_page: swapin tgid 1896 pid 2764 name "IpClient.wlan0" vma 7f2d9a9000
           <...>-2764  [004] ....  2762.960159: do_swap_page: swapin tgid 1896 pid 2764 name "IpClient.wlan0" vma 12cb1000
           <...>-2764  [004] ....  2762.960175: do_swap_page: swapin tgid 1896 pid 2764 name "IpClient.wlan0" vma 7fbb18f000
           <...>-951   [004] ....  2762.960247: do_swap_page: swapin tgid 924 pid 951 name "ipacm" vma 7fbd200000
           <...>-951   [004] ....  2762.960281: do_swap_page: swapin tgid 924 pid 951 name "ipacm" vma 7fbd089000
           <...>-951   [004] ....  2762.960303: do_swap_page: swapin tgid 924 pid 951 name "ipacm" vma 7fbd091000
           <...>-2764  [004] ....  2762.960463: do_swap_page: swapin tgid 1896 pid 2764 name "IpClient.wlan0" vma 7fbb18f000
           <...>-2764  [004] ....  2762.960488: do_swap_page: swapin tgid 1896 pid 2764 name "IpClient.wlan0" vma 7f2d988000
           <...>-2764  [004] ....  2762.960496: do_swap_page: swapin tgid 1896 pid 2764 name "IpClient.wlan0" vma 7f3076a000
           <...>-2764  [004] ....  2762.960507: do_swap_page: swapin tgid 1896 pid 2764 name "IpClient.wlan0" vma 7fbe2f1000
           <...>-2764  [004] ....  2762.960513: do_swap_page: swapin tgid 1896 pid 2764 name "IpClient.wlan0" vma 7f2d4f7000
           <...>-2764  [004] ....  2762.960652: do_swap_page: swapin tgid 1896 pid 2764 name "IpClient.wlan0" vma 7f395f1000
           <...>-951   [004] ....  2762.960723: do_swap_page: swapin tgid 924 pid 951 name "ipacm" vma 7fbd091000
           <...>-951   [004] ....  2762.960917: do_swap_page: swapin tgid 924 pid 951 name "ipacm" vma 7fbd0b7000
           <...>-2764  [004] ....  2762.961037: do_swap_page: swapin tgid 1896 pid 2764 name "IpClient.wlan0" vma 7f395f1000
           <...>-2764  [004] ....  2762.961156: do_swap_page: swapin tgid 1896 pid 2764 name "IpClient.wlan0" vma 7f2cf6c000
           <...>-951   [004] ....  2762.961228: do_swap_page: swapin tgid 924 pid 951 name "ipacm" vma 7fbd0b7000
           <...>-951   [004] ....  2762.961258: do_swap_page: swapin tgid 924 pid 951 name "ipacm" vma 7fbd0b9000
           <...>-2764  [004] ....  2762.961418: do_swap_page: swapin tgid 1896 pid 2764 name "IpClient.wlan0" vma 7f2cf6c000
           <...>-2764  [004] ....  2762.961452: do_swap_page: swapin tgid 1896 pid 2764 name "IpClient.wlan0" vma 131b3000
           <...>-2764  [004] ....  2762.961463: do_swap_page: swapin tgid 1896 pid 2764 name "IpClient.wlan0" vma 7f34e92000
           <...>-2764  [004] ....  2762.961543: do_swap_page: swapin tgid 1896 pid 2764 name "IpClient.wlan0" vma 7fbbc11000
           <...>-951   [004] ....  2762.961611: do_swap_page: swapin tgid 924 pid 951 name "ipacm" vma 7fbd0b9000
           <...>-951   [004] ....  2762.961768: do_swap_page: swapin tgid 924 pid 951 name "ipacm" vma 7fbd0ba000
           <...>-2764  [004] ....  2762.961846: do_swap_page: swapin tgid 1896 pid 2764 name "IpClient.wlan0" vma 7fbbc11000
           <...>-2764  [004] ....  2762.961864: do_swap_page: swapin tgid 1896 pid 2764 name "IpClient.wlan0" vma 7fbbc15000
           <...>-951   [004] .n..  2762.962068: do_swap_page: swapin tgid 924 pid 951 name "ipacm" vma 7fbd0ba000
           <...>-951   [004] ....  2762.962104: do_swap_page: swapin tgid 924 pid 951 name "ipacm" vma 7fbbafd000
           <...>-951   [004] ....  2762.962153: do_swap_page: swapin tgid 924 pid 951 name "ipacm" vma 7fbd0a9000
           <...>-2764  [004] ....  2762.962228: do_swap_page: swapin tgid 1896 pid 2764 name "IpClient.wlan0" vma 7fbbc15000
           <...>-2764  [004] ....  2762.962248: do_swap_page: swapin tgid 1896 pid 2764 name "IpClient.wlan0" vma 12ec9000
           <...>-951   [004] ....  2762.962411: do_swap_page: swapin tgid 924 pid 951 name "ipacm" vma 7fbd0a9000
           <...>-2764  [004] ....  2762.962713: do_swap_page: swapin tgid 1896 pid 2764 name "IpClient.wlan0" vma 12ec9000
           <...>-2764  [004] ....  2762.962734: do_swap_page: swapin tgid 1896 pid 2764 name "IpClient.wlan0" vma 12eca000
           <...>-2764  [004] ....  2762.963219: do_swap_page: swapin tgid 1896 pid 2764 name "IpClient.wlan0" vma 12eca000
           <...>-2764  [004] ....  2762.963248: do_swap_page: swapin tgid 1896 pid 2764 name "IpClient.wlan0" vma 12ea9000
           <...>-2764  [004] ....  2762.963603: do_swap_page: swapin tgid 1896 pid 2764 name "IpClient.wlan0" vma 12ea9000
           <...>-2764  [004] ....  2762.963623: do_swap_page: swapin tgid 1896 pid 2764 name "IpClient.wlan0" vma 12cae000
           <...>-2764  [004] ....  2762.964294: do_swap_page: swapin tgid 1896 pid 2764 name "IpClient.wlan0" vma 12cae000
           <...>-2764  [004] ....  2762.964309: do_swap_page: swapin tgid 1896 pid 2764 name "IpClient.wlan0" vma 9dbb8000
           <...>-2764  [004] ....  2762.964457: do_swap_page: swapin tgid 1896 pid 2764 name "IpClient.wlan0" vma 9dbb8000
           <...>-2764  [004] ....  2762.964467: do_swap_page: swapin tgid 1896 pid 2764 name "IpClient.wlan0" vma 9dbc9000
           <...>-2764  [004] ....  2762.964610: do_swap_page: swapin tgid 1896 pid 2764 name "IpClient.wlan0" vma 9dbc9000
           <...>-2764  [004] ....  2762.964619: do_swap_page: swapin tgid 1896 pid 2764 name "IpClient.wlan0" vma 12c56000
           <...>-2764  [004] ....  2762.964765: do_swap_page: swapin tgid 1896 pid 2764 name "IpClient.wlan0" vma 12c56000
           <...>-2764  [004] ....  2762.964773: do_swap_page: swapin tgid 1896 pid 2764 name "IpClient.wlan0" vma 12eb8000
           <...>-2764  [004] ....  2762.964912: do_swap_page: swapin tgid 1896 pid 2764 name "IpClient.wlan0" vma 12eb8000
           <...>-2764  [004] ....  2762.964928: do_swap_page: swapin tgid 1896 pid 2764 name "IpClient.wlan0" vma 12eb9000
           <...>-2764  [004] ....  2762.964934: do_swap_page: swapin tgid 1896 pid 2764 name "IpClient.wlan0" vma 12e41000
           <...>-2764  [004] ....  2762.965077: do_swap_page: swapin tgid 1896 pid 2764 name "IpClient.wlan0" vma 12e41000
           <...>-2764  [004] ....  2762.965225: do_swap_page: swapin tgid 1896 pid 2764 name "IpClient.wlan0" vma 7f307fe000
           <...>-934   [004] ....  2762.965838: do_swap_page: swapin tgid 934 pid 934 name "cnss-daemon" vma 7fbce48000
           <...>-934   [004] ....  2762.965865: do_swap_page: swapin tgid 934 pid 934 name "cnss-daemon" vma 7fbce0a000
           <...>-934   [004] ....  2762.965884: do_swap_page: swapin tgid 934 pid 934 name "cnss-daemon" vma 7fbcbe7000
           <...>-2764  [004] ....  2762.965970: do_swap_page: swapin tgid 1896 pid 2764 name "IpClient.wlan0" vma 7f307fe000
           <...>-2764  [004] ....  2762.965994: do_swap_page: swapin tgid 1896 pid 2764 name "IpClient.wlan0" vma 7fbe1f9000
           <...>-934   [004] ....  2762.966105: do_swap_page: swapin tgid 934 pid 934 name "cnss-daemon" vma 7fbcbe7000
           <...>-934   [004] ....  2762.966121: do_swap_page: swapin tgid 934 pid 934 name "cnss-daemon" vma 7fbd000000
           <...>-934   [004] ....  2762.966686: do_swap_page: swapin tgid 934 pid 934 name "cnss-daemon" vma 7fbd000000
           <...>-934   [004] ....  2762.966714: do_swap_page: swapin tgid 934 pid 934 name "cnss-daemon" vma 7fbce33000
           <...>-934   [004] ....  2762.966735: do_swap_page: swapin tgid 934 pid 934 name "cnss-daemon" vma 7fbce32000
           <...>-2764  [004] ....  2762.966930: do_swap_page: swapin tgid 1896 pid 2764 name "IpClient.wlan0" vma 7fbe1f9000
           <...>-2764  [004] ....  2762.966953: do_swap_page: swapin tgid 1896 pid 2764 name "IpClient.wlan0" vma 7f3187c000
           <...>-2764  [004] ....  2762.967025: do_swap_page: swapin tgid 1896 pid 2764 name "IpClient.wlan0" vma 7f28bff000
           <...>-2764  [004] ....  2762.967036: do_swap_page: swapin tgid 1896 pid 2764 name "IpClient.wlan0" vma 7fbe2fd000
           <...>-2764  [004] ....  2762.967092: do_swap_page: swapin tgid 1896 pid 2764 name "IpClient.wlan0" vma 12ca8000
 wifi_ext@1.0-se-2757  [004] ....  2762.967714: do_swap_page: swapin tgid 827 pid 2757 name "wifi_ext@1.0-se" vma 7fbb5e2000
           <...>-2764  [004] ....  2762.967755: do_swap_page: swapin tgid 1896 pid 2764 name "IpClient.wlan0" vma 12ca8000
           <...>-2764  [004] ....  2762.967825: do_swap_page: swapin tgid 1896 pid 2764 name "IpClient.wlan0" vma 7fbe167000
           <...>-2764  [004] ....  2762.968020: do_swap_page: swapin tgid 1896 pid 2764 name "IpClient.wlan0" vma 7fbe167000
           <...>-2764  [004] ....  2762.968070: do_swap_page: swapin tgid 1896 pid 2764 name "IpClient.wlan0" vma 7f28892000
           <...>-2764  [004] ....  2762.968082: do_swap_page: swapin tgid 1896 pid 2764 name "IpClient.wlan0" vma 7f28893000
           <...>-2764  [004] ....  2762.968112: do_swap_page: swapin tgid 1896 pid 2764 name "IpClient.wlan0" vma 9dbd3000
           <...>-2764  [004] ....  2762.968300: do_swap_page: swapin tgid 1896 pid 2764 name "IpClient.wlan0" vma 9dbd3000
           <...>-2764  [004] ....  2762.968363: do_swap_page: swapin tgid 1896 pid 2764 name "IpClient.wlan0" vma 7fbe1fd000
           <...>-2764  [004] ....  2762.968529: do_swap_page: swapin tgid 1896 pid 2764 name "IpClient.wlan0" vma 7fbe1fd000
           <...>-2764  [004] ....  2762.968545: do_swap_page: swapin tgid 1896 pid 2764 name "IpClient.wlan0" vma 7f2cf45000
           <...>-2764  [004] ....  2762.968723: do_swap_page: swapin tgid 1896 pid 2764 name "IpClient.wlan0" vma 7f2cf45000
           <...>-2255  [004] ....  2763.593660: do_swap_page: swapin tgid 1676 pid 2255 name "Binder:1676_6" vma 7f2d4ca000
 ndroid.systemui-1676  [004] ....  2763.594010: do_swap_page: swapin tgid 1676 pid 1676 name "ndroid.systemui" vma 7eb535f000
 ndroid.systemui-1676  [004] ....  2763.594942: do_swap_page: swapin tgid 1676 pid 1676 name "ndroid.systemui" vma 7eb535f000
 ndroid.systemui-1676  [004] ....  2763.594972: do_swap_page: swapin tgid 1676 pid 1676 name "ndroid.systemui" vma 7f2d608000
 ndroid.systemui-1676  [004] ....  2763.594981: do_swap_page: swapin tgid 1676 pid 1676 name "ndroid.systemui" vma 7f2d611000
 ndroid.systemui-1676  [004] ....  2763.594987: do_swap_page: swapin tgid 1676 pid 1676 name "ndroid.systemui" vma 7f2d605000
 ndroid.systemui-1676  [004] ....  2763.595006: do_swap_page: swapin tgid 1676 pid 1676 name "ndroid.systemui" vma 7f2d606000
 ndroid.systemui-1676  [004] ....  2763.595026: do_swap_page: swapin tgid 1676 pid 1676 name "ndroid.systemui" vma 7f2d600000
           <...>-14700 [004] ....  2763.596220: do_swap_page: swapin tgid 6056 pid 14700 name "Binder:6056_5" vma 7e7daf5000
 LacrimaBroadcas-6184  [004] ....  2763.596569: do_swap_page: swapin tgid 6056 pid 6184 name "LacrimaBroadcas" vma 7ebc937000
 LacrimaBroadcas-6184  [004] ....  2763.596648: do_swap_page: swapin tgid 6056 pid 6184 name "LacrimaBroadcas" vma 7f2d613000
 LacrimaBroadcas-6184  [004] ....  2763.596667: do_swap_page: swapin tgid 6056 pid 6184 name "LacrimaBroadcas" vma 7f2cf71000
   Binder:1918_4-2194  [004] ....  2763.597128: do_swap_page: swapin tgid 1918 pid 2194 name "Binder:1918_4" vma 7f2d605000
   Binder:1918_4-2194  [004] ....  2763.597158: do_swap_page: swapin tgid 1918 pid 2194 name "Binder:1918_4" vma 7f2d609000
   Binder:1918_4-2194  [004] ....  2763.597179: do_swap_page: swapin tgid 1918 pid 2194 name "Binder:1918_4" vma 7f2d606000
   Binder:1918_4-2194  [004] ....  2763.597184: do_swap_page: swapin tgid 1918 pid 2194 name "Binder:1918_4" vma 7f2d600000
           <...>-2255  [004] ....  2763.597407: do_swap_page: swapin tgid 1676 pid 2255 name "Binder:1676_6" vma 7f2d4cb000
           <...>-2255  [004] ....  2763.597567: do_swap_page: swapin tgid 1676 pid 2255 name "Binder:1676_6" vma 7ed1130000
 ndroid.systemui-1676  [004] ....  2763.597661: do_swap_page: swapin tgid 1676 pid 1676 name "ndroid.systemui" vma 7f2d600000
 ndroid.systemui-1676  [004] ....  2763.599095: do_swap_page: swapin tgid 1676 pid 1676 name "ndroid.systemui" vma 13000000
 ndroid.systemui-1676  [004] ....  2763.599131: do_swap_page: swapin tgid 1676 pid 1676 name "ndroid.systemui" vma 7fbe1a6000
           <...>-5780  [004] ....  2763.599389: do_swap_page: swapin tgid 1676 pid 5780 name "pool-5-thread-6" vma 7f2943a000
           <...>-5780  [004] ....  2763.599411: do_swap_page: swapin tgid 1676 pid 5780 name "pool-5-thread-6" vma 7f2943b000
           <...>-5780  [004] ....  2763.602063: do_swap_page: swapin tgid 1676 pid 5780 name "pool-5-thread-6" vma 7f2943b000
           <...>-5780  [004] ....  2763.602095: do_swap_page: swapin tgid 1676 pid 5780 name "pool-5-thread-6" vma 7eb5159000
           <...>-5780  [004] ....  2763.602166: do_swap_page: swapin tgid 1676 pid 5780 name "pool-5-thread-6" vma 7eca44c000
           <...>-5780  [004] ....  2763.602181: do_swap_page: swapin tgid 1676 pid 5780 name "pool-5-thread-6" vma 7eca44e000
           <...>-5780  [004] ....  2763.602194: do_swap_page: swapin tgid 1676 pid 5780 name "pool-5-thread-6" vma 7f2d4ce000
           <...>-5780  [004] ....  2763.602230: do_swap_page: swapin tgid 1676 pid 5780 name "pool-5-thread-6" vma 7f2d5e1000
   Binder:1918_4-2194  [004] ....  2763.602616: do_swap_page: swapin tgid 1918 pid 2194 name "Binder:1918_4" vma 7f2d600000
   Binder:1918_4-2194  [004] ....  2763.602640: do_swap_page: swapin tgid 1918 pid 2194 name "Binder:1918_4" vma 7f2d50e000
           <...>-5780  [004] ....  2763.603164: do_swap_page: swapin tgid 1676 pid 5780 name "pool-5-thread-6" vma 7eb5a36000
           <...>-5780  [004] ....  2763.603187: do_swap_page: swapin tgid 1676 pid 5780 name "pool-5-thread-6" vma 7f29439000
           <...>-5780  [004] ....  2763.603196: do_swap_page: swapin tgid 1676 pid 5780 name "pool-5-thread-6" vma 7eb5af4000
           <...>-5780  [004] ....  2763.603218: do_swap_page: swapin tgid 1676 pid 5780 name "pool-5-thread-6" vma 7eb5c3c000
           <...>-1355  [004] ....  2763.607738: do_swap_page: swapin tgid 1338 pid 1355 name "Binder:1338_1" vma 7ed0ddc000
 ndroid.systemui-1676  [004] ....  2763.617079: do_swap_page: swapin tgid 1676 pid 1676 name "ndroid.systemui" vma 7f39808000
 ndroid.systemui-1676  [004] ....  2763.617099: do_swap_page: swapin tgid 1676 pid 1676 name "ndroid.systemui" vma 7f3982f000
 ndroid.systemui-1676  [004] ....  2763.617110: do_swap_page: swapin tgid 1676 pid 1676 name "ndroid.systemui" vma 7fbe1eb000
    RenderThread-2176  [004] ....  2763.618673: do_swap_page: swapin tgid 1676 pid 2176 name "RenderThread" vma 7f39810000
    RenderThread-2176  [004] ....  2763.618715: do_swap_page: swapin tgid 1676 pid 2176 name "RenderThread" vma 7f3983c000
           <...>-2326  [004] ....  2763.618926: do_swap_page: swapin tgid 1676 pid 2326 name "hwuiTask1" vma 7ead7f9000
           <...>-2326  [004] ....  2763.619832: do_swap_page: swapin tgid 1676 pid 2326 name "hwuiTask1" vma 7ead7f9000
           <...>-2326  [004] ....  2763.619857: do_swap_page: swapin tgid 1676 pid 2326 name "hwuiTask1" vma 7ead7f8000
           <...>-2326  [004] ....  2763.619885: do_swap_page: swapin tgid 1676 pid 2326 name "hwuiTask1" vma 7eaf0b3000
           <...>-2326  [004] ....  2763.619892: do_swap_page: swapin tgid 1676 pid 2326 name "hwuiTask1" vma 7eaf0b5000
           <...>-2326  [004] ....  2763.619903: do_swap_page: swapin tgid 1676 pid 2326 name "hwuiTask1" vma 7ead7f7000
           <...>-2326  [004] ....  2763.619927: do_swap_page: swapin tgid 1676 pid 2326 name "hwuiTask1" vma 7f2d552000
           <...>-2326  [004] ....  2763.619935: do_swap_page: swapin tgid 1676 pid 2326 name "hwuiTask1" vma 7f2d553000
           <...>-2326  [004] ....  2763.619947: do_swap_page: swapin tgid 1676 pid 2326 name "hwuiTask1" vma 7eaf0b4000
           <...>-2326  [004] ....  2763.619956: do_swap_page: swapin tgid 1676 pid 2326 name "hwuiTask1" vma 7eb5aea000
           <...>-2326  [004] ....  2763.619964: do_swap_page: swapin tgid 1676 pid 2326 name "hwuiTask1" vma 7ead7f6000
           <...>-2326  [004] ....  2763.619986: do_swap_page: swapin tgid 1676 pid 2326 name "hwuiTask1" vma 7eb5ae9000
 ndroid.systemui-1676  [004] ....  2763.624334: do_swap_page: swapin tgid 1676 pid 1676 name "ndroid.systemui" vma 7ec5f6f000
 ndroid.systemui-1676  [004] ....  2763.624408: do_swap_page: swapin tgid 1676 pid 1676 name "ndroid.systemui" vma 7f2d02f000
 ndroid.systemui-1676  [004] ....  2763.625048: do_swap_page: swapin tgid 1676 pid 1676 name "ndroid.systemui" vma 7f2d02f000
    RenderThread-2176  [004] ....  2763.632624: do_swap_page: swapin tgid 1676 pid 2176 name "RenderThread" vma 7f39864000
  ClientModeImpl-1485  [004] ....  2764.049989: do_swap_page: swapin tgid 1338 pid 1485 name "ClientModeImpl" vma 7e5e9c6000
 wifi_ext@1.0-se-2757  [004] ....  2764.060943: do_swap_page: swapin tgid 827 pid 2757 name "wifi_ext@1.0-se" vma 7fbb5f8000
 wifi_ext@1.0-se-2757  [004] ....  2764.060989: do_swap_page: swapin tgid 827 pid 2757 name "wifi_ext@1.0-se" vma 7fbb4a6000
 wifi_ext@1.0-se-2757  [004] ....  2764.061057: do_swap_page: swapin tgid 827 pid 2757 name "wifi_ext@1.0-se" vma 7fbb5e3000
 wifi_ext@1.0-se-2757  [004] ....  2764.061080: do_swap_page: swapin tgid 827 pid 2757 name "wifi_ext@1.0-se" vma 7fbb5fa000
  ClientModeImpl-1485  [004] ....  2764.061529: do_swap_page: swapin tgid 1338 pid 1485 name "ClientModeImpl" vma 7e5ea11000
 wifi_ext@1.0-se-2757  [004] ....  2764.062672: do_swap_page: swapin tgid 827 pid 2757 name "wifi_ext@1.0-se" vma 7fbb43f000
 wifi_ext@1.0-se-2757  [004] ....  2764.063646: do_swap_page: swapin tgid 827 pid 2757 name "wifi_ext@1.0-se" vma 7fba123000
 wifi_ext@1.0-se-2757  [004] ....  2764.063672: do_swap_page: swapin tgid 827 pid 2757 name "wifi_ext@1.0-se" vma 7fbb5f7000
 wifi_ext@1.0-se-2757  [004] ....  2764.063696: do_swap_page: swapin tgid 827 pid 2757 name "wifi_ext@1.0-se" vma 7fbb4fc000
           <...>-8332  [004] ....  2764.065969: do_swap_page: swapin tgid 1676 pid 8332 name "Binder:1676_8" vma 7f28f60000
           <...>-8332  [004] ....  2764.065996: do_swap_page: swapin tgid 1676 pid 8332 name "Binder:1676_8" vma 7f28f61000
           <...>-8332  [004] ....  2764.078706: do_swap_page: swapin tgid 1676 pid 8332 name "Binder:1676_8" vma 7f28f61000
           <...>-8332  [004] ....  2764.078733: do_swap_page: swapin tgid 1676 pid 8332 name "Binder:1676_8" vma 7f2d4cd000
           <...>-8332  [004] ....  2764.078777: do_swap_page: swapin tgid 1676 pid 8332 name "Binder:1676_8" vma 7f2d4ea000
           <...>-8332  [004] ....  2764.078795: do_swap_page: swapin tgid 1676 pid 8332 name "Binder:1676_8" vma 7f2d411000
           <...>-8332  [004] ....  2764.078801: do_swap_page: swapin tgid 1676 pid 8332 name "Binder:1676_8" vma 7f2d419000
           <...>-8332  [004] ....  2764.078826: do_swap_page: swapin tgid 1676 pid 8332 name "Binder:1676_8" vma 7f2d412000
           <...>-8332  [004] ....  2764.078889: do_swap_page: swapin tgid 1676 pid 8332 name "Binder:1676_8" vma 7f28f5e000
           <...>-8332  [004] ....  2764.078927: do_swap_page: swapin tgid 1676 pid 8332 name "Binder:1676_8" vma 7fbdca1000
           <...>-8332  [004] ....  2764.078941: do_swap_page: swapin tgid 1676 pid 8332 name "Binder:1676_8" vma 7f28f5f000
           <...>-8332  [004] ....  2764.078957: do_swap_page: swapin tgid 1676 pid 8332 name "Binder:1676_8" vma 12c80000
           <...>-8332  [004] ....  2764.078987: do_swap_page: swapin tgid 1676 pid 8332 name "Binder:1676_8" vma 7ed1215000
           <...>-8332  [004] ....  2764.078995: do_swap_page: swapin tgid 1676 pid 8332 name "Binder:1676_8" vma 7ed1216000
 wifi_ext@1.0-se-2757  [004] ....  2767.077751: do_swap_page: swapin tgid 827 pid 2757 name "wifi_ext@1.0-se" vma 7fbb5e7000
 wifi_ext@1.0-se-2757  [004] ....  2767.077818: do_swap_page: swapin tgid 827 pid 2757 name "wifi_ext@1.0-se" vma 7fbb5e9000
 wifi_ext@1.0-se-2757  [004] ....  2767.080502: do_swap_page: swapin tgid 827 pid 2757 name "wifi_ext@1.0-se" vma 7fba088000
 wifi_ext@1.0-se-2757  [004] ....  2767.080538: do_swap_page: swapin tgid 827 pid 2757 name "wifi_ext@1.0-se" vma 7fb9de4000
 wifi_ext@1.0-se-2757  [004] ....  2767.081630: do_swap_page: swapin tgid 827 pid 2757 name "wifi_ext@1.0-se" vma 7fb9fa3000
 wifi_ext@1.0-se-2757  [004] ....  2767.083908: do_swap_page: swapin tgid 827 pid 2757 name "wifi_ext@1.0-se" vma 7fba090000
 wifi_ext@1.0-se-2757  [004] ....  2767.083947: do_swap_page: swapin tgid 827 pid 2757 name "wifi_ext@1.0-se" vma 7fbb5ff000
 wifi_ext@1.0-se-2757  [004] ....  2767.083968: do_swap_page: swapin tgid 827 pid 2757 name "wifi_ext@1.0-se" vma 7fbb5c6000
  ClientModeImpl-1485  [004] ....  2770.091066: do_swap_page: swapin tgid 1338 pid 1485 name "ClientModeImpl" vma 7e5e9c7000
 wifi_ext@1.0-se-2757  [004] ....  2770.098917: do_swap_page: swapin tgid 827 pid 2757 name "wifi_ext@1.0-se" vma 7fbb4c2000
 wifi_ext@1.0-se-2757  [004] ....  2770.098963: do_swap_page: swapin tgid 827 pid 2757 name "wifi_ext@1.0-se" vma 7fb9e0a000
 wifi_ext@1.0-se-2757  [004] ....  2770.103175: do_swap_page: swapin tgid 827 pid 2757 name "wifi_ext@1.0-se" vma 7fbb4eb000
 wifi_ext@1.0-se-2757  [004] ....  2770.103207: do_swap_page: swapin tgid 827 pid 2757 name "wifi_ext@1.0-se" vma 7fba08c000
 wifi_ext@1.0-se-2757  [004] ....  2770.106686: do_swap_page: swapin tgid 827 pid 2757 name "wifi_ext@1.0-se" vma 7fba2f7000
 wifi_ext@1.0-se-2757  [004] ....  2770.106722: do_swap_page: swapin tgid 827 pid 2757 name "wifi_ext@1.0-se" vma 7fb9e10000
 .android.chrome-6479  [004] ....  2772.646572: do_swap_page: swapin tgid 6479 pid 6479 name ".android.chrome" vma c3a3c000
 .android.chrome-6479  [004] ....  2772.646608: do_swap_page: swapin tgid 6479 pid 6479 name ".android.chrome" vma c38b1000
 .android.chrome-6479  [004] ....  2772.646631: do_swap_page: swapin tgid 6479 pid 6479 name ".android.chrome" vma 54934000
 .android.chrome-6479  [004] ....  2772.668861: do_swap_page: swapin tgid 6479 pid 6479 name ".android.chrome" vma 54934000
 .android.chrome-6479  [004] ....  2772.668910: do_swap_page: swapin tgid 6479 pid 6479 name ".android.chrome" vma 54835000
 .android.chrome-6479  [004] ....  2772.668954: do_swap_page: swapin tgid 6479 pid 6479 name ".android.chrome" vma c38b0000
 .android.chrome-6479  [004] ....  2772.669239: do_swap_page: swapin tgid 6479 pid 6479 name ".android.chrome" vma c38b0000
 .android.chrome-6479  [004] ....  2772.669290: do_swap_page: swapin tgid 6479 pid 6479 name ".android.chrome" vma 54e51000
 .android.chrome-6479  [004] ....  2772.669710: do_swap_page: swapin tgid 6479 pid 6479 name ".android.chrome" vma f7aa3000
 .android.chrome-6479  [004] ....  2772.669929: do_swap_page: swapin tgid 6479 pid 6479 name ".android.chrome" vma 54cdc000
 .android.chrome-6479  [004] ....  2772.669944: do_swap_page: swapin tgid 6479 pid 6479 name ".android.chrome" vma 54cdd000
 .android.chrome-6479  [004] ....  2772.669999: do_swap_page: swapin tgid 6479 pid 6479 name ".android.chrome" vma 54921000
 .android.chrome-6479  [004] ....  2772.670008: do_swap_page: swapin tgid 6479 pid 6479 name ".android.chrome" vma 54925000
 .android.chrome-6479  [004] ....  2772.670025: do_swap_page: swapin tgid 6479 pid 6479 name ".android.chrome" vma 54939000
 .android.chrome-6479  [004] ....  2772.670050: do_swap_page: swapin tgid 6479 pid 6479 name ".android.chrome" vma 5493b000
 .android.chrome-6479  [004] ....  2772.670088: do_swap_page: swapin tgid 6479 pid 6479 name ".android.chrome" vma 54ab4000
 .android.chrome-6479  [004] ....  2772.670879: do_swap_page: swapin tgid 6479 pid 6479 name ".android.chrome" vma 54ab4000
 .android.chrome-6479  [004] ....  2772.670918: do_swap_page: swapin tgid 6479 pid 6479 name ".android.chrome" vma 54ab7000
 .android.chrome-6479  [004] ....  2772.671101: do_swap_page: swapin tgid 6479 pid 6479 name ".android.chrome" vma 54ab7000
 .android.chrome-6479  [004] ....  2772.671122: do_swap_page: swapin tgid 6479 pid 6479 name ".android.chrome" vma 550d2000
 .android.chrome-6479  [004] ....  2772.671242: do_swap_page: swapin tgid 6479 pid 6479 name ".android.chrome" vma 54aad000
 .android.chrome-6479  [004] ....  2772.671409: do_swap_page: swapin tgid 6479 pid 6479 name ".android.chrome" vma 54b06000
 .android.chrome-6479  [004] ....  2772.671674: do_swap_page: swapin tgid 6479 pid 6479 name ".android.chrome" vma 54b06000
 .android.chrome-6479  [004] ....  2772.671689: do_swap_page: swapin tgid 6479 pid 6479 name ".android.chrome" vma 54e47000
 .android.chrome-6479  [004] ....  2772.671918: do_swap_page: swapin tgid 6479 pid 6479 name ".android.chrome" vma 54e47000
           <...>-1355  [004] ....  2773.015838: do_swap_page: swapin tgid 1338 pid 1355 name "Binder:1338_1" vma 9dc8b000
           <...>-1355  [004] ....  2773.015885: do_swap_page: swapin tgid 1338 pid 1355 name "Binder:1338_1" vma 1420e000
           <...>-1355  [004] ....  2773.015924: do_swap_page: swapin tgid 1338 pid 1355 name "Binder:1338_1" vma 146a0000
 wifi_ext@1.0-se-2757  [004] ....  2773.114813: do_swap_page: swapin tgid 827 pid 2757 name "wifi_ext@1.0-se" vma 7fba09f000
 wifi_ext@1.0-se-2757  [004] ....  2773.123885: do_swap_page: swapin tgid 827 pid 2757 name "wifi_ext@1.0-se" vma 7fbb5e4000
 wifi_ext@1.0-se-2757  [004] ....  2773.123927: do_swap_page: swapin tgid 827 pid 2757 name "wifi_ext@1.0-se" vma 7fbb40d000
 wifi_ext@1.0-se-2757  [004] ....  2773.123981: do_swap_page: swapin tgid 827 pid 2757 name "wifi_ext@1.0-se" vma 7fba191000
 wifi_ext@1.0-se-2757  [004] ....  2773.124138: do_swap_page: swapin tgid 827 pid 2757 name "wifi_ext@1.0-se" vma 7fbb56c000
 wifi_ext@1.0-se-2757  [004] ....  2773.125551: do_swap_page: swapin tgid 827 pid 2757 name "wifi_ext@1.0-se" vma 7fbb5b0000
 wifi_ext@1.0-se-2757  [004] ....  2773.125583: do_swap_page: swapin tgid 827 pid 2757 name "wifi_ext@1.0-se" vma 7fba0a2000
 wifi_ext@1.0-se-2757  [004] ....  2773.127279: do_swap_page: swapin tgid 827 pid 2757 name "wifi_ext@1.0-se" vma 7fbb5fd000
           <...>-6639  [004] ....  2773.542304: do_swap_page: swapin tgid 6590 pid 6639 name "ThreadPoolForeg" vma cb1fa000
           <...>-6639  [004] ....  2773.542361: do_swap_page: swapin tgid 6590 pid 6639 name "ThreadPoolForeg" vma cb1fb000
           <...>-6639  [004] ....  2773.542391: do_swap_page: swapin tgid 6590 pid 6639 name "ThreadPoolForeg" vma 53617000
           <...>-6639  [004] ....  2773.542430: do_swap_page: swapin tgid 6590 pid 6639 name "ThreadPoolForeg" vma 536b4000
           <...>-6639  [004] ....  2773.542444: do_swap_page: swapin tgid 6590 pid 6639 name "ThreadPoolForeg" vma 53770000
           <...>-6639  [004] ....  2773.555626: do_swap_page: swapin tgid 6590 pid 6639 name "ThreadPoolForeg" vma 53770000
           <...>-6639  [004] ....  2773.555658: do_swap_page: swapin tgid 6590 pid 6639 name "ThreadPoolForeg" vma 53674000
 wifi_ext@1.0-se-2757  [004] ....  2774.373438: do_swap_page: swapin tgid 827 pid 2757 name "wifi_ext@1.0-se" vma 7fbb5cf000
 wifi_ext@1.0-se-2757  [004] ....  2776.142230: do_swap_page: swapin tgid 827 pid 2757 name "wifi_ext@1.0-se" vma 7fba0a0000
 wifi_ext@1.0-se-2757  [004] ....  2776.142300: do_swap_page: swapin tgid 827 pid 2757 name "wifi_ext@1.0-se" vma 7fbb513000
 wifi_ext@1.0-se-2757  [004] ....  2776.144956: do_swap_page: swapin tgid 827 pid 2757 name "wifi_ext@1.0-se" vma 7fbb5fe000
 wifi_ext@1.0-se-2757  [004] ....  2776.145013: do_swap_page: swapin tgid 827 pid 2757 name "wifi_ext@1.0-se" vma 7fb9e16000
 wifi_ext@1.0-se-2757  [004] ....  2776.145064: do_swap_page: swapin tgid 827 pid 2757 name "wifi_ext@1.0-se" vma 7fbb5fc000
 wifi_ext@1.0-se-2757  [004] ....  2776.148379: do_swap_page: swapin tgid 827 pid 2757 name "wifi_ext@1.0-se" vma 7fba12c000
 wifi_ext@1.0-se-2757  [004] ....  2776.148432: do_swap_page: swapin tgid 827 pid 2757 name "wifi_ext@1.0-se" vma 7fbb5f9000
 wifi_ext@1.0-se-2757  [004] ....  2776.148454: do_swap_page: swapin tgid 827 pid 2757 name "wifi_ext@1.0-se" vma 7fba0a4000
  ClientModeImpl-1485  [004] ....  2776.149780: do_swap_page: swapin tgid 1338 pid 1485 name "ClientModeImpl" vma 7e64755000
 .android.chrome-6479  [004] ....  2777.194686: do_swap_page: swapin tgid 6479 pid 6479 name ".android.chrome" vma 54cde000
 .android.chrome-6479  [004] ....  2777.194732: do_swap_page: swapin tgid 6479 pid 6479 name ".android.chrome" vma 54cdf000
 .android.chrome-6479  [004] ....  2777.194775: do_swap_page: swapin tgid 6479 pid 6479 name ".android.chrome" vma 54926000
 .android.chrome-6479  [004] ....  2777.194786: do_swap_page: swapin tgid 6479 pid 6479 name ".android.chrome" vma 54927000
 .android.chrome-6479  [004] ....  2777.194793: do_swap_page: swapin tgid 6479 pid 6479 name ".android.chrome" vma 54928000
 .android.chrome-6479  [004] ....  2777.194803: do_swap_page: swapin tgid 6479 pid 6479 name ".android.chrome" vma 54929000
 .android.chrome-6479  [004] ....  2777.194812: do_swap_page: swapin tgid 6479 pid 6479 name ".android.chrome" vma 5492b000
     logd.writer-566   [004] ....  2778.359766: do_swap_page: swapin tgid 554 pid 566 name "logd.writer" vma 7fb271a000
     logd.writer-566   [004] ....  2778.359775: do_swap_page: swapin tgid 554 pid 566 name "logd.writer" vma 7fbbe6c000
     logd.writer-566   [004] ....  2778.359779: do_swap_page: swapin tgid 554 pid 566 name "logd.writer" vma 7fbbe71000
     logd.writer-566   [004] ....  2778.362858: do_swap_page: swapin tgid 554 pid 566 name "logd.writer" vma 7fbbe8b000
     logd.writer-566   [004] ....  2778.412905: do_swap_page: swapin tgid 554 pid 566 name "logd.writer" vma 7fbbf74000
           <...>-555   [004] ....  2778.430137: do_swap_page: swapin tgid 555 pid 555 name "servicemanager" vma 7fbd67c000
           <...>-1355  [004] ....  2778.430350: do_swap_page: swapin tgid 1338 pid 1355 name "Binder:1338_1" vma 7ed1636000
           <...>-1355  [004] ....  2778.430377: do_swap_page: swapin tgid 1338 pid 1355 name "Binder:1338_1" vma 9dcba000
           <...>-1355  [004] ....  2778.430384: do_swap_page: swapin tgid 1338 pid 1355 name "Binder:1338_1" vma 9de03000
     logd.writer-566   [004] ....  2778.431899: do_swap_page: swapin tgid 554 pid 566 name "logd.writer" vma 7fbbf74000
     logd.writer-566   [004] .n..  2778.431934: do_swap_page: swapin tgid 554 pid 566 name "logd.writer" vma 7fbbee9000
     logd.writer-566   [004] ....  2778.431945: do_swap_page: swapin tgid 554 pid 566 name "logd.writer" vma 7fbbefd000
           <...>-1355  [004] ....  2778.432007: do_swap_page: swapin tgid 1338 pid 1355 name "Binder:1338_1" vma 9de03000
           <...>-1355  [004] ....  2778.432014: do_swap_page: swapin tgid 1338 pid 1355 name "Binder:1338_1" vma 9dbd0000
           <...>-1355  [004] ....  2778.432018: do_swap_page: swapin tgid 1338 pid 1355 name "Binder:1338_1" vma 9dfd1000
           <...>-1355  [004] ....  2778.432022: do_swap_page: swapin tgid 1338 pid 1355 name "Binder:1338_1" vma 9de3f000
           <...>-1355  [004] ....  2778.432178: do_swap_page: swapin tgid 1338 pid 1355 name "Binder:1338_1" vma 9de3f000
           <...>-1355  [004] ....  2778.432184: do_swap_page: swapin tgid 1338 pid 1355 name "Binder:1338_1" vma 9dcbe000
           <...>-1355  [004] ....  2778.432186: do_swap_page: swapin tgid 1338 pid 1355 name "Binder:1338_1" vma 9de07000
           <...>-1355  [004] ....  2778.432303: do_swap_page: swapin tgid 1338 pid 1355 name "Binder:1338_1" vma 9de07000
           <...>-1355  [004] ....  2778.432309: do_swap_page: swapin tgid 1338 pid 1355 name "Binder:1338_1" vma 13ddc000
           <...>-1355  [004] ....  2778.432312: do_swap_page: swapin tgid 1338 pid 1355 name "Binder:1338_1" vma 9dc75000
           <...>-1355  [004] ....  2778.432316: do_swap_page: swapin tgid 1338 pid 1355 name "Binder:1338_1" vma 140d8000
           <...>-1355  [004] ....  2778.432330: do_swap_page: swapin tgid 1338 pid 1355 name "Binder:1338_1" vma 9dec4000
           <...>-1355  [004] ....  2778.432436: do_swap_page: swapin tgid 1338 pid 1355 name "Binder:1338_1" vma 9dec4000
           <...>-1355  [004] ....  2778.432439: do_swap_page: swapin tgid 1338 pid 1355 name "Binder:1338_1" vma 9de3e000
           <...>-1355  [004] ....  2778.432542: do_swap_page: swapin tgid 1338 pid 1355 name "Binder:1338_1" vma 9de3e000
           <...>-1461  [004] ....  2778.432637: do_swap_page: swapin tgid 1338 pid 1461 name "InputDispatcher" vma 7eb43ff000
           <...>-1461  [004] ....  2778.432644: do_swap_page: swapin tgid 1338 pid 1461 name "InputDispatcher" vma 7eb4ca4000
           <...>-1461  [004] ....  2778.432648: do_swap_page: swapin tgid 1338 pid 1461 name "InputDispatcher" vma 7f2d4c4000
           <...>-1461  [004] ....  2778.432654: do_swap_page: swapin tgid 1338 pid 1461 name "InputDispatcher" vma 7e64593000
           <...>-1461  [004] ....  2778.432661: do_swap_page: swapin tgid 1338 pid 1461 name "InputDispatcher" vma 7e646c1000
           <...>-1461  [004] ....  2778.432665: do_swap_page: swapin tgid 1338 pid 1461 name "InputDispatcher" vma 7eb4ca5000
           <...>-1461  [004] ....  2778.432667: do_swap_page: swapin tgid 1338 pid 1461 name "InputDispatcher" vma 7eb4ca6000
           <...>-1461  [004] ....  2778.432669: do_swap_page: swapin tgid 1338 pid 1461 name "InputDispatcher" vma 7e646c0000
           <...>-1461  [004] ....  2778.432672: do_swap_page: swapin tgid 1338 pid 1461 name "InputDispatcher" vma 7e64683000
           <...>-1461  [004] ....  2778.432675: do_swap_page: swapin tgid 1338 pid 1461 name "InputDispatcher" vma 7f2d4f8000
           <...>-1461  [004] ....  2778.432677: do_swap_page: swapin tgid 1338 pid 1461 name "InputDispatcher" vma 7eb41f8000
           <...>-1355  [004] ....  2778.432867: do_swap_page: swapin tgid 1338 pid 1355 name "Binder:1338_1" vma 7f289d1000
           <...>-1461  [004] ....  2778.432904: do_swap_page: swapin tgid 1338 pid 1461 name "InputDispatcher" vma 7eb430d000
           <...>-951   [004] ....  2779.147952: do_swap_page: swapin tgid 924 pid 951 name "ipacm" vma 7fbb806000
           <...>-951   [004] ....  2779.147994: do_swap_page: swapin tgid 924 pid 951 name "ipacm" vma 7fbd8ae000
  ClientModeImpl-1485  [004] ....  2779.153359: do_swap_page: swapin tgid 1338 pid 1485 name "ClientModeImpl" vma 7e5ea12000
  ClientModeImpl-1485  [004] ....  2779.153935: do_swap_page: swapin tgid 1338 pid 1485 name "ClientModeImpl" vma 7e5e9c8000
 wifi_ext@1.0-se-2757  [004] ....  2779.158959: do_swap_page: swapin tgid 827 pid 2757 name "wifi_ext@1.0-se" vma 7fba0a1000
 wifi_ext@1.0-se-2757  [004] ....  2779.159000: do_swap_page: swapin tgid 827 pid 2757 name "wifi_ext@1.0-se" vma 7fba0a3000
 wifi_ext@1.0-se-2757  [004] ....  2779.159023: do_swap_page: swapin tgid 827 pid 2757 name "wifi_ext@1.0-se" vma 7fba0c1000
 wifi_ext@1.0-se-2757  [004] ....  2779.159041: do_swap_page: swapin tgid 827 pid 2757 name "wifi_ext@1.0-se" vma 7fba09d000
