           <...>-6615  [004] ....  5311.038965: do_swap_page: swapin tgid 6578 pid 6615 name "Binder:6578_3" vma f0e8d000
           <...>-6615  [004] ....  5311.039020: do_swap_page: swapin tgid 6578 pid 6615 name "Binder:6578_3" vma f7a7b000
           <...>-6615  [004] ....  5311.039022: do_swap_page: swapin tgid 6578 pid 6615 name "Binder:6578_3" vma f0dd9000
           <...>-5936  [004] ....  5311.039042: do_swap_page: swapin tgid 5936 pid 5936 name "droid.bluetooth" vma 7fbe1cb000
           <...>-1862  [004] ....  5311.039074: do_swap_page: swapin tgid 1338 pid 1862 name "Binder:1338_8" vma 9dbb8000
           <...>-1862  [004] ....  5311.039083: do_swap_page: swapin tgid 1338 pid 1862 name "Binder:1338_8" vma 7eb4da7000
           <...>-1862  [004] ....  5311.039095: do_swap_page: swapin tgid 1338 pid 1862 name "Binder:1338_8" vma 9de0c000
           <...>-2050  [004] ....  5311.039120: do_swap_page: swapin tgid 2050 pid 2050 name "droid.launcher3" vma 9dc16000
           <...>-2050  [004] ....  5311.039134: do_swap_page: swapin tgid 2050 pid 2050 name "droid.launcher3" vma 9dc1e000
           <...>-3843  [004] ....  5311.039164: do_swap_page: swapin tgid 1338 pid 3843 name "Binder:1338_11" vma 9df2b000
           <...>-3843  [004] ....  5311.039169: do_swap_page: swapin tgid 1338 pid 3843 name "Binder:1338_11" vma 9ded0000
           <...>-1676  [004] ....  5311.039240: do_swap_page: swapin tgid 1676 pid 1676 name "ndroid.systemui" vma 13d91000
           <...>-1676  [004] ....  5311.039247: do_swap_page: swapin tgid 1676 pid 1676 name "ndroid.systemui" vma 9de7b000
           <...>-1862  [004] ....  5311.039289: do_swap_page: swapin tgid 1338 pid 1862 name "Binder:1338_8" vma 9de0c000
           <...>-1862  [004] ....  5311.039300: do_swap_page: swapin tgid 1338 pid 1862 name "Binder:1338_8" vma 71c24000
           <...>-1862  [004] ....  5311.039323: do_swap_page: swapin tgid 1338 pid 1862 name "Binder:1338_8" vma 71c23000
           <...>-1862  [004] ....  5311.039326: do_swap_page: swapin tgid 1338 pid 1862 name "Binder:1338_8" vma 14109000
           <...>-5420  [004] ....  5311.039355: do_swap_page: swapin tgid 5402 pid 5420 name "Binder:5402_2" vma 7f2cf6a000
           <...>-5420  [004] ....  5311.039380: do_swap_page: swapin tgid 5402 pid 5420 name "Binder:5402_2" vma 7f39800000
           <...>-5420  [004] ....  5311.039390: do_swap_page: swapin tgid 5402 pid 5420 name "Binder:5402_2" vma 12d44000
           <...>-5420  [004] ....  5311.039392: do_swap_page: swapin tgid 5402 pid 5420 name "Binder:5402_2" vma 12e56000
           <...>-5420  [004] ....  5311.039397: do_swap_page: swapin tgid 5402 pid 5420 name "Binder:5402_2" vma 7f35005000
           <...>-5420  [004] ....  5311.039401: do_swap_page: swapin tgid 5402 pid 5420 name "Binder:5402_2" vma 71bd6000
           <...>-5420  [004] ....  5311.039410: do_swap_page: swapin tgid 5402 pid 5420 name "Binder:5402_2" vma 7f2d482000
           <...>-5936  [004] ....  5311.039451: do_swap_page: swapin tgid 5936 pid 5936 name "droid.bluetooth" vma 9dbbf000
           <...>-2050  [004] ....  5311.039492: do_swap_page: swapin tgid 2050 pid 2050 name "droid.launcher3" vma 9dc1e000
           <...>-2050  [004] ....  5311.039497: do_swap_page: swapin tgid 2050 pid 2050 name "droid.launcher3" vma 9dd14000
           <...>-3843  [004] ....  5311.039518: do_swap_page: swapin tgid 1338 pid 3843 name "Binder:1338_11" vma 9ded0000
           <...>-3843  [004] ....  5311.039543: do_swap_page: swapin tgid 1338 pid 3843 name "Binder:1338_11" vma 9dc45000
           <...>-2050  [004] ....  5311.039777: do_swap_page: swapin tgid 2050 pid 2050 name "droid.launcher3" vma 9dd14000
           <...>-2050  [004] ....  5311.039782: do_swap_page: swapin tgid 2050 pid 2050 name "droid.launcher3" vma 9dd0e000
           <...>-5936  [004] ....  5311.039802: do_swap_page: swapin tgid 5936 pid 5936 name "droid.bluetooth" vma 9dbbf000
           <...>-5936  [004] ....  5311.039813: do_swap_page: swapin tgid 5936 pid 5936 name "droid.bluetooth" vma 7f2d4de000
           <...>-5936  [004] ....  5311.039816: do_swap_page: swapin tgid 5936 pid 5936 name "droid.bluetooth" vma 7f2d48a000
           <...>-5936  [004] ....  5311.039832: do_swap_page: swapin tgid 5936 pid 5936 name "droid.bluetooth" vma 7fbf6ff000
           <...>-5973  [004] ....  5311.039865: do_swap_page: swapin tgid 5936 pid 5973 name "BluetoothScanMa" vma 7ec38d6000
           <...>-5973  [004] ....  5311.039874: do_swap_page: swapin tgid 5936 pid 5973 name "BluetoothScanMa" vma 7ec38d7000
           <...>-1362  [004] ....  5311.039932: do_swap_page: swapin tgid 1338 pid 1362 name "android.anim" vma 9dda7000
           <...>-6615  [004] ....  5311.039992: do_swap_page: swapin tgid 6578 pid 6615 name "Binder:6578_3" vma f0dd9000
           <...>-6615  [004] ....  5311.039997: do_swap_page: swapin tgid 6578 pid 6615 name "Binder:6578_3" vma f0e97000
           <...>-6615  [004] ....  5311.040020: do_swap_page: swapin tgid 6578 pid 6615 name "Binder:6578_3" vma f47eb000
           <...>-5973  [004] ....  5311.040044: do_swap_page: swapin tgid 5936 pid 5973 name "BluetoothScanMa" vma 7ec38d7000
           <...>-5973  [004] ....  5311.040052: do_swap_page: swapin tgid 5936 pid 5973 name "BluetoothScanMa" vma 7f28a6d000
           <...>-5973  [004] ....  5311.040054: do_swap_page: swapin tgid 5936 pid 5973 name "BluetoothScanMa" vma 7f28a23000
           <...>-5973  [004] ....  5311.040059: do_swap_page: swapin tgid 5936 pid 5973 name "BluetoothScanMa" vma 12c80000
           <...>-5973  [004] ....  5311.040064: do_swap_page: swapin tgid 5936 pid 5973 name "BluetoothScanMa" vma 7f311bb000
           <...>-5973  [004] ....  5311.040067: do_swap_page: swapin tgid 5936 pid 5973 name "BluetoothScanMa" vma 12c82000
           <...>-5973  [004] ....  5311.040071: do_swap_page: swapin tgid 5936 pid 5973 name "BluetoothScanMa" vma 9dc05000
           <...>-2050  [004] ....  5311.040096: do_swap_page: swapin tgid 2050 pid 2050 name "droid.launcher3" vma 9dd0e000
           <...>-2050  [004] ....  5311.040110: do_swap_page: swapin tgid 2050 pid 2050 name "droid.launcher3" vma 7f28918000
           <...>-2050  [004] ....  5311.040120: do_swap_page: swapin tgid 2050 pid 2050 name "droid.launcher3" vma 7ecec88000
           <...>-2050  [004] ....  5311.040142: do_swap_page: swapin tgid 2050 pid 2050 name "droid.launcher3" vma 9dc17000
           <...>-1362  [004] ....  5311.040167: do_swap_page: swapin tgid 1338 pid 1362 name "android.anim" vma 9dda7000
           <...>-1362  [004] ....  5311.040199: do_swap_page: swapin tgid 1338 pid 1362 name "android.anim" vma 7eb4f0d000
           <...>-1362  [004] ....  5311.040218: do_swap_page: swapin tgid 1338 pid 1362 name "android.anim" vma 9dee5000
           <...>-5973  [004] ....  5311.040242: do_swap_page: swapin tgid 5936 pid 5973 name "BluetoothScanMa" vma 9dc05000
           <...>-5973  [004] ....  5311.040249: do_swap_page: swapin tgid 5936 pid 5973 name "BluetoothScanMa" vma 9dbb7000
           <...>-6615  [004] ....  5311.040308: do_swap_page: swapin tgid 6578 pid 6615 name "Binder:6578_3" vma f47eb000
           <...>-6615  [004] ....  5311.040313: do_swap_page: swapin tgid 6578 pid 6615 name "Binder:6578_3" vma f7ab2000
           <...>-6615  [004] ....  5311.040320: do_swap_page: swapin tgid 6578 pid 6615 name "Binder:6578_3" vma f7a18000
           <...>-2050  [004] ....  5311.040333: do_swap_page: swapin tgid 2050 pid 2050 name "droid.launcher3" vma 9dc17000
           <...>-2050  [004] ....  5311.040402: do_swap_page: swapin tgid 2050 pid 2050 name "droid.launcher3" vma 9dc1c000
           <...>-5973  [004] ....  5311.040423: do_swap_page: swapin tgid 5936 pid 5973 name "BluetoothScanMa" vma 9dbb7000
           <...>-5973  [004] ....  5311.040428: do_swap_page: swapin tgid 5936 pid 5973 name "BluetoothScanMa" vma 9dc47000
           <...>-5973  [004] ....  5311.040441: do_swap_page: swapin tgid 5936 pid 5973 name "BluetoothScanMa" vma 7f2d4fe000
           <...>-5936  [004] ....  5311.040456: do_swap_page: swapin tgid 5936 pid 5936 name "droid.bluetooth" vma 7fbf6ff000
           <...>-5936  [004] ....  5311.040466: do_swap_page: swapin tgid 5936 pid 5936 name "droid.bluetooth" vma 144d9000
           <...>-2050  [004] ....  5311.040538: do_swap_page: swapin tgid 2050 pid 2050 name "droid.launcher3" vma 9dc1c000
           <...>-2050  [004] ....  5311.040555: do_swap_page: swapin tgid 2050 pid 2050 name "droid.launcher3" vma 9dcde000
           <...>-1362  [004] ....  5311.040578: do_swap_page: swapin tgid 1338 pid 1362 name "android.anim" vma 9dee5000
           <...>-1362  [004] ....  5311.040595: do_swap_page: swapin tgid 1338 pid 1362 name "android.anim" vma 7ed0e8b000
           <...>-1362  [004] ....  5311.040599: do_swap_page: swapin tgid 1338 pid 1362 name "android.anim" vma 7ed0d8d000
           <...>-1362  [004] ....  5311.040605: do_swap_page: swapin tgid 1338 pid 1362 name "android.anim" vma 7f317b4000
           <...>-1362  [004] ....  5311.040617: do_swap_page: swapin tgid 1338 pid 1362 name "android.anim" vma 7e87b77000
           <...>-1362  [004] ....  5311.040621: do_swap_page: swapin tgid 1338 pid 1362 name "android.anim" vma 7eb4e7b000
           <...>-1362  [004] ....  5311.040647: do_swap_page: swapin tgid 1338 pid 1362 name "android.anim" vma 7eb4e7f000
           <...>-1362  [004] ....  5311.040656: do_swap_page: swapin tgid 1338 pid 1362 name "android.anim" vma 7f28a04000
           <...>-1362  [004] ....  5311.040667: do_swap_page: swapin tgid 1338 pid 1362 name "android.anim" vma 1419d000
           <...>-2050  [004] ....  5311.040804: do_swap_page: swapin tgid 2050 pid 2050 name "droid.launcher3" vma 9dcde000
           <...>-2050  [004] ....  5311.040819: do_swap_page: swapin tgid 2050 pid 2050 name "droid.launcher3" vma 7ec9cd1000
           <...>-2050  [004] ....  5311.040824: do_swap_page: swapin tgid 2050 pid 2050 name "droid.launcher3" vma 7f28aca000
           <...>-2050  [004] ....  5311.040840: do_swap_page: swapin tgid 2050 pid 2050 name "droid.launcher3" vma 9dc64000
           <...>-1362  [004] ....  5311.040895: do_swap_page: swapin tgid 1338 pid 1362 name "android.anim" vma 7eb4e80000
           <...>-1362  [004] ....  5311.040913: do_swap_page: swapin tgid 1338 pid 1362 name "android.anim" vma 7e5eab7000
           <...>-1362  [004] ....  5311.040919: do_swap_page: swapin tgid 1338 pid 1362 name "android.anim" vma 7f28a05000
           <...>-1362  [004] ....  5311.040944: do_swap_page: swapin tgid 1338 pid 1362 name "android.anim" vma 7eb4da0000
           <...>-1362  [004] ....  5311.040998: do_swap_page: swapin tgid 1338 pid 1362 name "android.anim" vma 14121000
           <...>-1362  [004] ....  5311.041020: do_swap_page: swapin tgid 1338 pid 1362 name "android.anim" vma 14728000
           <...>-1362  [004] ....  5311.041044: do_swap_page: swapin tgid 1338 pid 1362 name "android.anim" vma 7ed0dc5000
           <...>-1362  [004] ....  5311.041057: do_swap_page: swapin tgid 1338 pid 1362 name "android.anim" vma 7e6c3b4000
           <...>-1362  [004] ....  5311.041084: do_swap_page: swapin tgid 1338 pid 1362 name "android.anim" vma 140d4000
           <...>-1362  [004] ....  5311.041087: do_swap_page: swapin tgid 1338 pid 1362 name "android.anim" vma 1423d000
           <...>-1362  [004] ....  5311.041091: do_swap_page: swapin tgid 1338 pid 1362 name "android.anim" vma 7f2d4ab000
           <...>-1362  [004] ....  5311.041094: do_swap_page: swapin tgid 1338 pid 1362 name "android.anim" vma 7f2d517000
           <...>-1362  [004] ....  5311.041102: do_swap_page: swapin tgid 1338 pid 1362 name "android.anim" vma 7eb4d01000
           <...>-1362  [004] ....  5311.041104: do_swap_page: swapin tgid 1338 pid 1362 name "android.anim" vma 7e6c181000
           <...>-1362  [004] ....  5311.041125: do_swap_page: swapin tgid 1338 pid 1362 name "android.anim" vma 7ed0de2000
           <...>-1362  [004] ....  5311.041140: do_swap_page: swapin tgid 1338 pid 1362 name "android.anim" vma 7e5d418000
           <...>-1362  [004] ....  5311.041147: do_swap_page: swapin tgid 1338 pid 1362 name "android.anim" vma 7f39845000
           <...>-1362  [004] ....  5311.041150: do_swap_page: swapin tgid 1338 pid 1362 name "android.anim" vma 7f3984b000
           <...>-1362  [004] ....  5311.041153: do_swap_page: swapin tgid 1338 pid 1362 name "android.anim" vma 7f39853000
           <...>-1362  [004] ....  5311.041157: do_swap_page: swapin tgid 1338 pid 1362 name "android.anim" vma 7eb4d9f000
           <...>-1362  [004] ....  5311.041164: do_swap_page: swapin tgid 1338 pid 1362 name "android.anim" vma 7eb4da2000
           <...>-1362  [004] ....  5311.041169: do_swap_page: swapin tgid 1338 pid 1362 name "android.anim" vma 7eb4da3000
           <...>-1362  [004] ....  5311.041172: do_swap_page: swapin tgid 1338 pid 1362 name "android.anim" vma 7eb4e48000
           <...>-1362  [004] ....  5311.041177: do_swap_page: swapin tgid 1338 pid 1362 name "android.anim" vma 7e87b8a000
           <...>-1362  [004] ....  5311.041179: do_swap_page: swapin tgid 1338 pid 1362 name "android.anim" vma 7e87992000
           <...>-1362  [004] ....  5311.041182: do_swap_page: swapin tgid 1338 pid 1362 name "android.anim" vma 7e6c17e000
           <...>-1362  [004] ....  5311.041312: do_swap_page: swapin tgid 1338 pid 1362 name "android.anim" vma 7ed0cf0000
           <...>-1362  [004] ....  5311.041358: do_swap_page: swapin tgid 1338 pid 1362 name "android.anim" vma 7e6c497000
           <...>-1362  [004] ....  5311.041365: do_swap_page: swapin tgid 1338 pid 1362 name "android.anim" vma 7f39833000
           <...>-1362  [004] ....  5311.041372: do_swap_page: swapin tgid 1338 pid 1362 name "android.anim" vma 7f39866000
           <...>-1362  [004] ....  5311.041374: do_swap_page: swapin tgid 1338 pid 1362 name "android.anim" vma 7f39836000
           <...>-1362  [004] ....  5311.041377: do_swap_page: swapin tgid 1338 pid 1362 name "android.anim" vma 7f3984e000
           <...>-1362  [004] ....  5311.041379: do_swap_page: swapin tgid 1338 pid 1362 name "android.anim" vma 7e6c498000
           <...>-1362  [004] ....  5311.041382: do_swap_page: swapin tgid 1338 pid 1362 name "android.anim" vma 7e6c499000
           <...>-1362  [004] ....  5311.041407: do_swap_page: swapin tgid 1338 pid 1362 name "android.anim" vma 7eb4d0d000
           <...>-1362  [004] ....  5311.041413: do_swap_page: swapin tgid 1338 pid 1362 name "android.anim" vma 7f28a97000
           <...>-1362  [004] ....  5311.041416: do_swap_page: swapin tgid 1338 pid 1362 name "android.anim" vma 7f28a98000
           <...>-1362  [004] ....  5311.041421: do_swap_page: swapin tgid 1338 pid 1362 name "android.anim" vma 7e5d696000
           <...>-1362  [004] ....  5311.041424: do_swap_page: swapin tgid 1338 pid 1362 name "android.anim" vma 7e5d697000
           <...>-1362  [004] ....  5311.041447: do_swap_page: swapin tgid 1338 pid 1362 name "android.anim" vma 7e6c3c3000
           <...>-6615  [004] ....  5311.041476: do_swap_page: swapin tgid 6578 pid 6615 name "Binder:6578_3" vma f7a18000
           <...>-6615  [004] ....  5311.041483: do_swap_page: swapin tgid 6578 pid 6615 name "Binder:6578_3" vma f7a87000
           <...>-2050  [004] ....  5311.041533: do_swap_page: swapin tgid 2050 pid 2050 name "droid.launcher3" vma 9dc64000
           <...>-2050  [004] ....  5311.041539: do_swap_page: swapin tgid 2050 pid 2050 name "droid.launcher3" vma 9dcba000
           <...>-2050  [004] ....  5311.041584: do_swap_page: swapin tgid 2050 pid 2050 name "droid.launcher3" vma 9dcb4000
           <...>-2050  [004] ....  5311.041608: do_swap_page: swapin tgid 2050 pid 2050 name "droid.launcher3" vma 9dbbc000
           <...>-5936  [004] ....  5311.041660: do_swap_page: swapin tgid 5936 pid 5936 name "droid.bluetooth" vma 144d9000
           <...>-2050  [004] ....  5311.041727: do_swap_page: swapin tgid 2050 pid 2050 name "droid.launcher3" vma 9dbbc000
           <...>-2050  [004] ....  5311.041745: do_swap_page: swapin tgid 2050 pid 2050 name "droid.launcher3" vma 7ecec89000
           <...>-2050  [004] ....  5311.041767: do_swap_page: swapin tgid 2050 pid 2050 name "droid.launcher3" vma 12f66000
           <...>-2050  [004] ....  5311.041770: do_swap_page: swapin tgid 2050 pid 2050 name "droid.launcher3" vma 1329e000
           <...>-3843  [004] ....  5311.041814: do_swap_page: swapin tgid 1338 pid 3843 name "Binder:1338_11" vma 7f2d523000
           <...>-3843  [004] ....  5311.041828: do_swap_page: swapin tgid 1338 pid 3843 name "Binder:1338_11" vma 7e5e9c4000
           <...>-3843  [004] ....  5311.041836: do_swap_page: swapin tgid 1338 pid 3843 name "Binder:1338_11" vma 7e6c3c3000
           <...>-3843  [004] ....  5311.041861: do_swap_page: swapin tgid 1338 pid 3843 name "Binder:1338_11" vma 7e647a7000
           <...>-2050  [004] ....  5311.041891: do_swap_page: swapin tgid 2050 pid 2050 name "droid.launcher3" vma 1329e000
           <...>-2050  [004] ....  5311.041898: do_swap_page: swapin tgid 2050 pid 2050 name "droid.launcher3" vma 13c9f000
           <...>-2050  [004] ....  5311.041904: do_swap_page: swapin tgid 2050 pid 2050 name "droid.launcher3" vma 13cab000
           <...>-3843  [004] ....  5311.041926: do_swap_page: swapin tgid 1338 pid 3843 name "Binder:1338_11" vma 7e647a8000
           <...>-2050  [004] ....  5311.042013: do_swap_page: swapin tgid 2050 pid 2050 name "droid.launcher3" vma 13cab000
           <...>-2050  [004] ....  5311.042019: do_swap_page: swapin tgid 2050 pid 2050 name "droid.launcher3" vma 13ca0000
           <...>-2050  [004] ....  5311.042024: do_swap_page: swapin tgid 2050 pid 2050 name "droid.launcher3" vma 13ca1000
           <...>-2050  [004] ....  5311.042032: do_swap_page: swapin tgid 2050 pid 2050 name "droid.launcher3" vma 9dcd8000
           <...>-1362  [004] ....  5311.042059: do_swap_page: swapin tgid 1338 pid 1362 name "android.anim" vma 7fbe229000
           <...>-1362  [004] ....  5311.042068: do_swap_page: swapin tgid 1338 pid 1362 name "android.anim" vma 7e5d632000
           <...>-1362  [004] ....  5311.042076: do_swap_page: swapin tgid 1338 pid 1362 name "android.anim" vma 7eb46eb000
           <...>-1362  [004] ....  5311.042079: do_swap_page: swapin tgid 1338 pid 1362 name "android.anim" vma 7ed0c4e000
           <...>-1362  [004] ....  5311.042093: do_swap_page: swapin tgid 1338 pid 1362 name "android.anim" vma 7e6c390000
           <...>-1362  [004] ....  5311.042095: do_swap_page: swapin tgid 1338 pid 1362 name "android.anim" vma 7e6c391000
           <...>-1362  [004] ....  5311.042105: do_swap_page: swapin tgid 1338 pid 1362 name "android.anim" vma 7e87b20000
           <...>-1362  [004] ....  5311.042107: do_swap_page: swapin tgid 1338 pid 1362 name "android.anim" vma 7e87b21000
           <...>-1362  [004] ....  5311.042111: do_swap_page: swapin tgid 1338 pid 1362 name "android.anim" vma 7e87b22000
           <...>-2050  [004] ....  5311.042153: do_swap_page: swapin tgid 2050 pid 2050 name "droid.launcher3" vma 9dcd8000
           <...>-2050  [004] ....  5311.042163: do_swap_page: swapin tgid 2050 pid 2050 name "droid.launcher3" vma 9dbc4000
           <...>-725   [004] ....  5311.042233: do_swap_page: swapin tgid 597 pid 725 name "Binder:597_3" vma 7fba6be000
           <...>-725   [004] ....  5311.042250: do_swap_page: swapin tgid 597 pid 725 name "Binder:597_3" vma 7fb76a5000
           <...>-725   [004] ....  5311.042254: do_swap_page: swapin tgid 597 pid 725 name "Binder:597_3" vma 7fba65b000
           <...>-725   [004] ....  5311.042273: do_swap_page: swapin tgid 597 pid 725 name "Binder:597_3" vma 7fba656000
           <...>-725   [004] ....  5311.042298: do_swap_page: swapin tgid 597 pid 725 name "Binder:597_3" vma 7fba6bf000
           <...>-725   [004] ....  5311.042350: do_swap_page: swapin tgid 597 pid 725 name "Binder:597_3" vma 7fba805000
           <...>-2050  [004] ....  5311.042407: do_swap_page: swapin tgid 2050 pid 2050 name "droid.launcher3" vma 9dbc4000
           <...>-2050  [004] ....  5311.042413: do_swap_page: swapin tgid 2050 pid 2050 name "droid.launcher3" vma 7ecec87000
           <...>-2050  [004] ....  5311.042415: do_swap_page: swapin tgid 2050 pid 2050 name "droid.launcher3" vma 9dc03000
           <...>-2050  [004] ....  5311.042538: do_swap_page: swapin tgid 2050 pid 2050 name "droid.launcher3" vma 9dc03000
           <...>-2050  [004] ....  5311.042549: do_swap_page: swapin tgid 2050 pid 2050 name "droid.launcher3" vma 9dbf0000
           <...>-2257  [004] ....  5311.042605: do_swap_page: swapin tgid 1676 pid 2257 name "ScreenDecoratio" vma 71cc5000
           <...>-6615  [004] ....  5311.042759: do_swap_page: swapin tgid 6578 pid 6615 name "Binder:6578_3" vma f7a87000
           <...>-6615  [004] ....  5311.042767: do_swap_page: swapin tgid 6578 pid 6615 name "Binder:6578_3" vma f3d4c000
           <...>-1861  [004] ....  5311.042822: do_swap_page: swapin tgid 1338 pid 1861 name "Binder:1338_7" vma 9ddaf000
           <...>-5291  [004] ....  5311.042848: do_swap_page: swapin tgid 5274 pid 5291 name "Binder:5274_1" vma 7f2dd9a000
           <...>-5291  [004] ....  5311.042860: do_swap_page: swapin tgid 5274 pid 5291 name "Binder:5274_1" vma 7f2d466000
           <...>-5291  [004] ....  5311.042867: do_swap_page: swapin tgid 5274 pid 5291 name "Binder:5274_1" vma 7fbe180000
           <...>-5291  [004] ....  5311.042879: do_swap_page: swapin tgid 5274 pid 5291 name "Binder:5274_1" vma 7f2d415000
           <...>-5291  [004] ....  5311.042881: do_swap_page: swapin tgid 5274 pid 5291 name "Binder:5274_1" vma 7f2d41f000
           <...>-2050  [004] ....  5311.042901: do_swap_page: swapin tgid 2050 pid 2050 name "droid.launcher3" vma 9dbf0000
           <...>-2050  [004] ....  5311.042913: do_swap_page: swapin tgid 2050 pid 2050 name "droid.launcher3" vma 9dbfc000
           <...>-1861  [004] ....  5311.042955: do_swap_page: swapin tgid 1338 pid 1861 name "Binder:1338_7" vma 9ddaf000
           <...>-1861  [004] ....  5311.042962: do_swap_page: swapin tgid 1338 pid 1861 name "Binder:1338_7" vma 7f2106b000
           <...>-2257  [004] ....  5311.042989: do_swap_page: swapin tgid 1676 pid 2257 name "ScreenDecoratio" vma 71cc5000
           <...>-2257  [004] ....  5311.043012: do_swap_page: swapin tgid 1676 pid 2257 name "ScreenDecoratio" vma 71d4b000
           <...>-2050  [004] ....  5311.043039: do_swap_page: swapin tgid 2050 pid 2050 name "droid.launcher3" vma 9dbfc000
           <...>-2050  [004] ....  5311.043122: do_swap_page: swapin tgid 2050 pid 2050 name "droid.launcher3" vma 71c25000
           <...>-1861  [004] ....  5311.043148: do_swap_page: swapin tgid 1338 pid 1861 name "Binder:1338_7" vma 7f2106b000
           <...>-1861  [004] ....  5311.043168: do_swap_page: swapin tgid 1338 pid 1861 name "Binder:1338_7" vma 7e647ea000
           <...>-2257  [004] .n..  5311.043249: do_swap_page: swapin tgid 1676 pid 2257 name "ScreenDecoratio" vma 71d36000
           <...>-2050  [004] ....  5311.043255: do_swap_page: swapin tgid 2050 pid 2050 name "droid.launcher3" vma 71c25000
           <...>-2050  [004] ....  5311.043271: do_swap_page: swapin tgid 2050 pid 2050 name "droid.launcher3" vma 7eca00f000
           <...>-2050  [004] ....  5311.043450: do_swap_page: swapin tgid 2050 pid 2050 name "droid.launcher3" vma 13d41000
           <...>-6615  [004] ....  5311.043478: do_swap_page: swapin tgid 6578 pid 6615 name "Binder:6578_3" vma f3d4c000
           <...>-6615  [004] ....  5311.043486: do_swap_page: swapin tgid 6578 pid 6615 name "Binder:6578_3" vma c8c6a000
           <...>-6615  [004] ....  5311.043489: do_swap_page: swapin tgid 6578 pid 6615 name "Binder:6578_3" vma f7a10000
           <...>-1861  [004] ....  5311.043507: do_swap_page: swapin tgid 1338 pid 1861 name "Binder:1338_7" vma 7e647ea000
           <...>-8332  [004] ....  5311.043647: do_swap_page: swapin tgid 1676 pid 8332 name "Binder:1676_8" vma 137f2000
           <...>-2050  [004] ....  5311.043793: do_swap_page: swapin tgid 2050 pid 2050 name "droid.launcher3" vma 13d41000
           <...>-2050  [004] ....  5311.043802: do_swap_page: swapin tgid 2050 pid 2050 name "droid.launcher3" vma 71d27000
           <...>-2050  [004] ....  5311.043832: do_swap_page: swapin tgid 2050 pid 2050 name "droid.launcher3" vma 71bce000
           <...>-8332  [004] ....  5311.043854: do_swap_page: swapin tgid 1676 pid 8332 name "Binder:1676_8" vma 137f2000
           <...>-8332  [004] ....  5311.043861: do_swap_page: swapin tgid 1676 pid 8332 name "Binder:1676_8" vma 9dcda000
           <...>-8332  [004] ....  5311.044064: do_swap_page: swapin tgid 1676 pid 8332 name "Binder:1676_8" vma 9dcda000
           <...>-8332  [004] ....  5311.044074: do_swap_page: swapin tgid 1676 pid 8332 name "Binder:1676_8" vma 13697000
           <...>-8332  [004] ....  5311.044079: do_swap_page: swapin tgid 1676 pid 8332 name "Binder:1676_8" vma 9dcd2000
           <...>-2050  [004] ....  5311.044106: do_swap_page: swapin tgid 2050 pid 2050 name "droid.launcher3" vma 71bce000
           <...>-2050  [004] ....  5311.044115: do_swap_page: swapin tgid 2050 pid 2050 name "droid.launcher3" vma 12f14000
           <...>-2050  [004] ....  5311.044124: do_swap_page: swapin tgid 2050 pid 2050 name "droid.launcher3" vma 13cb8000
           <...>-2050  [004] ....  5311.044126: do_swap_page: swapin tgid 2050 pid 2050 name "droid.launcher3" vma 13c9b000
           <...>-1523  [004] ....  5311.044183: do_swap_page: swapin tgid 1338 pid 1523 name "Binder:1338_3" vma 7ed0dda000
           <...>-1523  [004] ....  5311.044219: do_swap_page: swapin tgid 1338 pid 1523 name "Binder:1338_3" vma 7f39854000
           <...>-1523  [004] ....  5311.044227: do_swap_page: swapin tgid 1338 pid 1523 name "Binder:1338_3" vma 7f3984d000
           <...>-1523  [004] ....  5311.044230: do_swap_page: swapin tgid 1338 pid 1523 name "Binder:1338_3" vma 7fbe306000
           <...>-1461  [004] ....  5311.044323: do_swap_page: swapin tgid 1338 pid 1461 name "InputDispatcher" vma 7e6c1d7000
           <...>-5291  [004] ....  5311.044337: do_swap_page: swapin tgid 5274 pid 5291 name "Binder:5274_1" vma 7f2d41f000
           <...>-5291  [004] ....  5311.044343: do_swap_page: swapin tgid 5274 pid 5291 name "Binder:5274_1" vma 7f2d46f000
           <...>-5291  [004] ....  5311.044347: do_swap_page: swapin tgid 5274 pid 5291 name "Binder:5274_1" vma 7fbbce9000
           <...>-5291  [004] ....  5311.044351: do_swap_page: swapin tgid 5274 pid 5291 name "Binder:5274_1" vma 7fbe2f3000
           <...>-5291  [004] ....  5311.044362: do_swap_page: swapin tgid 5274 pid 5291 name "Binder:5274_1" vma 7fbe241000
           <...>-8332  [004] ....  5311.044382: do_swap_page: swapin tgid 1676 pid 8332 name "Binder:1676_8" vma 9dcd2000
           <...>-8332  [004] ....  5311.044387: do_swap_page: swapin tgid 1676 pid 8332 name "Binder:1676_8" vma 9de85000
           <...>-2050  [004] ....  5311.044413: do_swap_page: swapin tgid 2050 pid 2050 name "droid.launcher3" vma 13c9b000
           <...>-2050  [004] ....  5311.044418: do_swap_page: swapin tgid 2050 pid 2050 name "droid.launcher3" vma 13c9c000
           <...>-8332  [004] ....  5311.044558: do_swap_page: swapin tgid 1676 pid 8332 name "Binder:1676_8" vma 9de85000
           <...>-8332  [004] ....  5311.044564: do_swap_page: swapin tgid 1676 pid 8332 name "Binder:1676_8" vma 9dee0000
           <...>-2050  [004] ....  5311.044606: do_swap_page: swapin tgid 2050 pid 2050 name "droid.launcher3" vma 13c9c000
           <...>-2050  [004] ....  5311.044612: do_swap_page: swapin tgid 2050 pid 2050 name "droid.launcher3" vma 1327c000
           <...>-2050  [004] ....  5311.044614: do_swap_page: swapin tgid 2050 pid 2050 name "droid.launcher3" vma 1327d000
           <...>-2050  [004] ....  5311.044616: do_swap_page: swapin tgid 2050 pid 2050 name "droid.launcher3" vma 13281000
           <...>-2050  [004] ....  5311.044619: do_swap_page: swapin tgid 2050 pid 2050 name "droid.launcher3" vma 13285000
           <...>-2050  [004] ....  5311.044621: do_swap_page: swapin tgid 2050 pid 2050 name "droid.launcher3" vma 13294000
           <...>-2050  [004] ....  5311.044622: do_swap_page: swapin tgid 2050 pid 2050 name "droid.launcher3" vma 13293000
           <...>-2050  [004] ....  5311.044624: do_swap_page: swapin tgid 2050 pid 2050 name "droid.launcher3" vma 13292000
           <...>-2050  [004] ....  5311.044629: do_swap_page: swapin tgid 2050 pid 2050 name "droid.launcher3" vma 13286000
           <...>-2050  [004] ....  5311.044631: do_swap_page: swapin tgid 2050 pid 2050 name "droid.launcher3" vma 13291000
           <...>-2050  [004] ....  5311.044632: do_swap_page: swapin tgid 2050 pid 2050 name "droid.launcher3" vma 13290000
           <...>-2050  [004] ....  5311.044634: do_swap_page: swapin tgid 2050 pid 2050 name "droid.launcher3" vma 13287000
           <...>-2050  [004] ....  5311.044635: do_swap_page: swapin tgid 2050 pid 2050 name "droid.launcher3" vma 1328f000
           <...>-2050  [004] ....  5311.044637: do_swap_page: swapin tgid 2050 pid 2050 name "droid.launcher3" vma 1328e000
           <...>-2050  [004] ....  5311.044639: do_swap_page: swapin tgid 2050 pid 2050 name "droid.launcher3" vma 13288000
           <...>-2050  [004] ....  5311.044640: do_swap_page: swapin tgid 2050 pid 2050 name "droid.launcher3" vma 1328d000
           <...>-2050  [004] ....  5311.044642: do_swap_page: swapin tgid 2050 pid 2050 name "droid.launcher3" vma 1328c000
           <...>-2050  [004] ....  5311.044643: do_swap_page: swapin tgid 2050 pid 2050 name "droid.launcher3" vma 13289000
           <...>-2050  [004] ....  5311.044645: do_swap_page: swapin tgid 2050 pid 2050 name "droid.launcher3" vma 1328b000
           <...>-2050  [004] ....  5311.044646: do_swap_page: swapin tgid 2050 pid 2050 name "droid.launcher3" vma 1328a000
           <...>-2050  [004] ....  5311.044648: do_swap_page: swapin tgid 2050 pid 2050 name "droid.launcher3" vma 13cb5000
           <...>-2050  [004] ....  5311.044649: do_swap_page: swapin tgid 2050 pid 2050 name "droid.launcher3" vma 13298000
           <...>-2050  [004] ....  5311.044653: do_swap_page: swapin tgid 2050 pid 2050 name "droid.launcher3" vma 13297000
           <...>-2050  [004] ....  5311.044659: do_swap_page: swapin tgid 2050 pid 2050 name "droid.launcher3" vma 9dc04000
           <...>-8332  [004] ....  5311.044703: do_swap_page: swapin tgid 1676 pid 8332 name "Binder:1676_8" vma 9dee0000
           <...>-8332  [004] ....  5311.044709: do_swap_page: swapin tgid 1676 pid 8332 name "Binder:1676_8" vma 9decc000
           <...>-2050  [004] ....  5311.044828: do_swap_page: swapin tgid 2050 pid 2050 name "droid.launcher3" vma 9dc04000
           <...>-2050  [004] ....  5311.044836: do_swap_page: swapin tgid 2050 pid 2050 name "droid.launcher3" vma 13d75000
           <...>-2050  [004] ....  5311.044864: do_swap_page: swapin tgid 2050 pid 2050 name "droid.launcher3" vma 12f5c000
           <...>-2050  [004] ....  5311.044867: do_swap_page: swapin tgid 2050 pid 2050 name "droid.launcher3" vma 13d49000
           <...>-2050  [004] ....  5311.044903: do_swap_page: swapin tgid 2050 pid 2050 name "droid.launcher3" vma 7ec972e000
           <...>-2050  [004] ....  5311.044908: do_swap_page: swapin tgid 2050 pid 2050 name "droid.launcher3" vma 7fbe176000
           <...>-2050  [004] ....  5311.044911: do_swap_page: swapin tgid 2050 pid 2050 name "droid.launcher3" vma 7f288bf000
           <...>-2050  [004] ....  5311.044934: do_swap_page: swapin tgid 2050 pid 2050 name "droid.launcher3" vma 13c94000
           <...>-2050  [004] ....  5311.044937: do_swap_page: swapin tgid 2050 pid 2050 name "droid.launcher3" vma 7ecec00000
           <...>-2050  [004] ....  5311.044939: do_swap_page: swapin tgid 2050 pid 2050 name "droid.launcher3" vma 7ecec01000
           <...>-2050  [004] ....  5311.044942: do_swap_page: swapin tgid 2050 pid 2050 name "droid.launcher3" vma 7f28a05000
           <...>-2050  [004] ....  5311.044946: do_swap_page: swapin tgid 2050 pid 2050 name "droid.launcher3" vma 9dcc0000
           <...>-2050  [004] ....  5311.044957: do_swap_page: swapin tgid 2050 pid 2050 name "droid.launcher3" vma 7ecea63000
           <...>-2050  [004] ....  5311.044960: do_swap_page: swapin tgid 2050 pid 2050 name "droid.launcher3" vma 7ec492f000
           <...>-2050  [004] ....  5311.044966: do_swap_page: swapin tgid 2050 pid 2050 name "droid.launcher3" vma 7eceb32000
           <...>-2050  [004] ....  5311.044968: do_swap_page: swapin tgid 2050 pid 2050 name "droid.launcher3" vma 7ecebe0000
           <...>-2050  [004] ....  5311.044974: do_swap_page: swapin tgid 2050 pid 2050 name "droid.launcher3" vma 7fbe1c7000
           <...>-2050  [004] ....  5311.044985: do_swap_page: swapin tgid 2050 pid 2050 name "droid.launcher3" vma 9dcd0000
           <...>-6615  [004] ....  5311.045011: do_swap_page: swapin tgid 6578 pid 6615 name "Binder:6578_3" vma f7a10000
           <...>-6615  [004] ....  5311.045017: do_swap_page: swapin tgid 6578 pid 6615 name "Binder:6578_3" vma e1f28000
           <...>-6615  [004] ....  5311.045021: do_swap_page: swapin tgid 6578 pid 6615 name "Binder:6578_3" vma f40d8000
           <...>-8332  [004] ....  5311.045039: do_swap_page: swapin tgid 1676 pid 8332 name "Binder:1676_8" vma 9decc000
           <...>-2050  [004] ....  5311.045128: do_swap_page: swapin tgid 2050 pid 2050 name "droid.launcher3" vma 9dcd0000
           <...>-2050  [004] ....  5311.045136: do_swap_page: swapin tgid 2050 pid 2050 name "droid.launcher3" vma 7ecea62000
           <...>-2050  [004] ....  5311.045146: do_swap_page: swapin tgid 2050 pid 2050 name "droid.launcher3" vma 7ec9ca3000
           <...>-2050  [004] ....  5311.045151: do_swap_page: swapin tgid 2050 pid 2050 name "droid.launcher3" vma 7ec9ca4000
           <...>-2050  [004] ....  5311.045154: do_swap_page: swapin tgid 2050 pid 2050 name "droid.launcher3" vma 7ecebe3000
           <...>-2050  [004] ....  5311.045176: do_swap_page: swapin tgid 2050 pid 2050 name "droid.launcher3" vma 7ec4bf0000
           <...>-2050  [004] ....  5311.045182: do_swap_page: swapin tgid 2050 pid 2050 name "droid.launcher3" vma 7ec9687000
           <...>-2050  [004] ....  5311.045188: do_swap_page: swapin tgid 2050 pid 2050 name "droid.launcher3" vma 7ec9ca5000
           <...>-2050  [004] ....  5311.045199: do_swap_page: swapin tgid 2050 pid 2050 name "droid.launcher3" vma 7ec4bf1000
           <...>-2050  [004] ....  5311.045202: do_swap_page: swapin tgid 2050 pid 2050 name "droid.launcher3" vma 7fbe1c1000
           <...>-2050  [004] ....  5311.045205: do_swap_page: swapin tgid 2050 pid 2050 name "droid.launcher3" vma 7ec9632000
           <...>-2050  [004] ....  5311.045208: do_swap_page: swapin tgid 2050 pid 2050 name "droid.launcher3" vma 7ec9633000
           <...>-2050  [004] ....  5311.045212: do_swap_page: swapin tgid 2050 pid 2050 name "droid.launcher3" vma 7f39805000
           <...>-2050  [004] ....  5311.045215: do_swap_page: swapin tgid 2050 pid 2050 name "droid.launcher3" vma 7f39843000
           <...>-2050  [004] ....  5311.045217: do_swap_page: swapin tgid 2050 pid 2050 name "droid.launcher3" vma 7f39844000
           <...>-2050  [004] ....  5311.045220: do_swap_page: swapin tgid 2050 pid 2050 name "droid.launcher3" vma 7f39806000
           <...>-2050  [004] ....  5311.045221: do_swap_page: swapin tgid 2050 pid 2050 name "droid.launcher3" vma 7fbe161000
           <...>-2050  [004] ....  5311.045224: do_swap_page: swapin tgid 2050 pid 2050 name "droid.launcher3" vma 7f288dd000
           <...>-2050  [004] ....  5311.045230: do_swap_page: swapin tgid 2050 pid 2050 name "droid.launcher3" vma 7f289f6000
           <...>-2050  [004] ....  5311.045234: do_swap_page: swapin tgid 2050 pid 2050 name "droid.launcher3" vma 9dbd4000
           <...>-2050  [004] ....  5311.045352: do_swap_page: swapin tgid 2050 pid 2050 name "droid.launcher3" vma 9dbd4000
           <...>-2050  [004] ....  5311.045368: do_swap_page: swapin tgid 2050 pid 2050 name "droid.launcher3" vma 7f28ad7000
           <...>-2050  [004] ....  5311.045376: do_swap_page: swapin tgid 2050 pid 2050 name "droid.launcher3" vma 7ec9706000
           <...>-2257  [004] ....  5311.045479: do_swap_page: swapin tgid 1676 pid 2257 name "ScreenDecoratio" vma 71d2f000
           <...>-2050  [004] ....  5311.045543: do_swap_page: swapin tgid 2050 pid 2050 name "droid.launcher3" vma 7ec9706000
           <...>-2050  [004] ....  5311.045554: do_swap_page: swapin tgid 2050 pid 2050 name "droid.launcher3" vma 7ec9794000
           <...>-2050  [004] ....  5311.045574: do_swap_page: swapin tgid 2050 pid 2050 name "droid.launcher3" vma 71bd9000
           <...>-2050  [004] ....  5311.045579: do_swap_page: swapin tgid 2050 pid 2050 name "droid.launcher3" vma 7fbcf55000
           <...>-2050  [004] ....  5311.045709: do_swap_page: swapin tgid 2050 pid 2050 name "droid.launcher3" vma 7fbcf55000
           <...>-2050  [004] ....  5311.045715: do_swap_page: swapin tgid 2050 pid 2050 name "droid.launcher3" vma 7ec4a7f000
           <...>-2050  [004] ....  5311.045719: do_swap_page: swapin tgid 2050 pid 2050 name "droid.launcher3" vma 7f2d025000
           <...>-2050  [004] ....  5311.045840: do_swap_page: swapin tgid 2050 pid 2050 name "droid.launcher3" vma 7f2d025000
           <...>-2050  [004] ....  5311.045852: do_swap_page: swapin tgid 2050 pid 2050 name "droid.launcher3" vma 7eceb7b000
           <...>-2050  [004] ....  5311.045856: do_swap_page: swapin tgid 2050 pid 2050 name "droid.launcher3" vma 7ecebed000
           <...>-2050  [004] ....  5311.045859: do_swap_page: swapin tgid 2050 pid 2050 name "droid.launcher3" vma 7ec9806000
           <...>-2050  [004] ....  5311.045873: do_swap_page: swapin tgid 2050 pid 2050 name "droid.launcher3" vma 13c87000
           <...>-2050  [004] ....  5311.045994: do_swap_page: swapin tgid 2050 pid 2050 name "droid.launcher3" vma 13c87000
           <...>-2050  [004] ....  5311.046006: do_swap_page: swapin tgid 2050 pid 2050 name "droid.launcher3" vma 7f2d050000
           <...>-2050  [004] ....  5311.046178: do_swap_page: swapin tgid 2050 pid 2050 name "droid.launcher3" vma 7f2d050000
           <...>-2050  [004] ....  5311.046215: do_swap_page: swapin tgid 2050 pid 2050 name "droid.launcher3" vma 7ec9707000
           <...>-2050  [004] ....  5311.046230: do_swap_page: swapin tgid 2050 pid 2050 name "droid.launcher3" vma 7f28ac9000
           <...>-2050  [004] ....  5311.046238: do_swap_page: swapin tgid 2050 pid 2050 name "droid.launcher3" vma 7f39804000
           <...>-2050  [004] ....  5311.046241: do_swap_page: swapin tgid 2050 pid 2050 name "droid.launcher3" vma 7f3980f000
           <...>-2050  [004] ....  5311.046249: do_swap_page: swapin tgid 2050 pid 2050 name "droid.launcher3" vma 7f28a2d000
           <...>-2050  [004] ....  5311.046252: do_swap_page: swapin tgid 2050 pid 2050 name "droid.launcher3" vma 7fbe1c0000
           <...>-2050  [004] ....  5311.046254: do_swap_page: swapin tgid 2050 pid 2050 name "droid.launcher3" vma 7f28acb000
           <...>-2050  [004] ....  5311.046268: do_swap_page: swapin tgid 2050 pid 2050 name "droid.launcher3" vma 7ececa5000
           <...>-2050  [004] ....  5311.046276: do_swap_page: swapin tgid 2050 pid 2050 name "droid.launcher3" vma 9dcc2000
           <...>-2050  [004] ....  5311.046419: do_swap_page: swapin tgid 2050 pid 2050 name "droid.launcher3" vma 9dcc2000
           <...>-2050  [004] ....  5311.046426: do_swap_page: swapin tgid 2050 pid 2050 name "droid.launcher3" vma 9dcc3000
           <...>-2050  [004] ....  5311.046563: do_swap_page: swapin tgid 2050 pid 2050 name "droid.launcher3" vma 9dcc3000
           <...>-2050  [004] ....  5311.046570: do_swap_page: swapin tgid 2050 pid 2050 name "droid.launcher3" vma 9dc98000
           <...>-2050  [004] ....  5311.046709: do_swap_page: swapin tgid 2050 pid 2050 name "droid.launcher3" vma 9dc98000
           <...>-2050  [004] ....  5311.046715: do_swap_page: swapin tgid 2050 pid 2050 name "droid.launcher3" vma 13d51000
           <...>-2050  [004] ....  5311.046723: do_swap_page: swapin tgid 2050 pid 2050 name "droid.launcher3" vma 7ec9646000
           <...>-2050  [004] ....  5311.046727: do_swap_page: swapin tgid 2050 pid 2050 name "droid.launcher3" vma 7ec9e47000
           <...>-2050  [004] ....  5311.046731: do_swap_page: swapin tgid 2050 pid 2050 name "droid.launcher3" vma 7ec980f000
           <...>-2050  [004] ....  5311.046742: do_swap_page: swapin tgid 2050 pid 2050 name "droid.launcher3" vma 7ec4a7c000
           <...>-2050  [004] ....  5311.046746: do_swap_page: swapin tgid 2050 pid 2050 name "droid.launcher3" vma 7ecea5d000
           <...>-2050  [004] ....  5311.046751: do_swap_page: swapin tgid 2050 pid 2050 name "droid.launcher3" vma 7ec9865000
           <...>-1361  [004] ....  5311.046851: do_swap_page: swapin tgid 1338 pid 1361 name "android.display" vma 9dc82000
           <...>-2050  [004] ....  5311.046924: do_swap_page: swapin tgid 2050 pid 2050 name "droid.launcher3" vma 7ec9865000
           <...>-2050  [004] ....  5311.046932: do_swap_page: swapin tgid 2050 pid 2050 name "droid.launcher3" vma 7ec986e000
           <...>-2050  [004] ....  5311.046936: do_swap_page: swapin tgid 2050 pid 2050 name "droid.launcher3" vma 7ec980e000
           <...>-2050  [004] ....  5311.046955: do_swap_page: swapin tgid 2050 pid 2050 name "droid.launcher3" vma 7ec9821000
           <...>-2050  [004] ....  5311.046968: do_swap_page: swapin tgid 2050 pid 2050 name "droid.launcher3" vma 7fbe244000
           <...>-2050  [004] ....  5311.046979: do_swap_page: swapin tgid 2050 pid 2050 name "droid.launcher3" vma 12f1c000
           <...>-2050  [004] ....  5311.046981: do_swap_page: swapin tgid 2050 pid 2050 name "droid.launcher3" vma 7ec9e4d000
           <...>-2050  [004] ....  5311.046990: do_swap_page: swapin tgid 2050 pid 2050 name "droid.launcher3" vma 7fbcf52000
           <...>-2050  [004] ....  5311.046996: do_swap_page: swapin tgid 2050 pid 2050 name "droid.launcher3" vma 7f2890b000
           <...>-2050  [004] ....  5311.047003: do_swap_page: swapin tgid 2050 pid 2050 name "droid.launcher3" vma 7fba778000
           <...>-2050  [004] ....  5311.047005: do_swap_page: swapin tgid 2050 pid 2050 name "droid.launcher3" vma 7f28906000
           <...>-2050  [004] ....  5311.047009: do_swap_page: swapin tgid 2050 pid 2050 name "droid.launcher3" vma 7f28a58000
           <...>-2050  [004] ....  5311.047011: do_swap_page: swapin tgid 2050 pid 2050 name "droid.launcher3" vma 7f28a3f000
           <...>-2050  [004] ....  5311.047013: do_swap_page: swapin tgid 2050 pid 2050 name "droid.launcher3" vma 7ec9625000
           <...>-2050  [004] ....  5311.047014: do_swap_page: swapin tgid 2050 pid 2050 name "droid.launcher3" vma 7ec981b000
           <...>-2050  [004] ....  5311.047016: do_swap_page: swapin tgid 2050 pid 2050 name "droid.launcher3" vma 7ec977c000
           <...>-2050  [004] ....  5311.047019: do_swap_page: swapin tgid 2050 pid 2050 name "droid.launcher3" vma 7ec9815000
           <...>-2050  [004] ....  5311.047021: do_swap_page: swapin tgid 2050 pid 2050 name "droid.launcher3" vma 7f28a39000
           <...>-2050  [004] ....  5311.047023: do_swap_page: swapin tgid 2050 pid 2050 name "droid.launcher3" vma 7ecebd1000
           <...>-1361  [004] ....  5311.047052: do_swap_page: swapin tgid 1338 pid 1361 name "android.display" vma 7fbbc0c000
           <...>-1676  [004] ....  5311.047093: do_swap_page: swapin tgid 1676 pid 1676 name "ndroid.systemui" vma 9de7b000
           <...>-1676  [004] ....  5311.047122: do_swap_page: swapin tgid 1676 pid 1676 name "ndroid.systemui" vma 7eb4e23000
           <...>-1676  [004] ....  5311.047266: do_swap_page: swapin tgid 1676 pid 1676 name "ndroid.systemui" vma 13e3e000
           <...>-2050  [004] ....  5311.047314: do_swap_page: swapin tgid 2050 pid 2050 name "droid.launcher3" vma 7ecebd1000
           <...>-2050  [004] ....  5311.047333: do_swap_page: swapin tgid 2050 pid 2050 name "droid.launcher3" vma 7fbc037000
           <...>-5291  [004] ....  5311.047393: do_swap_page: swapin tgid 5274 pid 5291 name "Binder:5274_1" vma 7fbe241000
           <...>-5291  [004] ....  5311.047404: do_swap_page: swapin tgid 5274 pid 5291 name "Binder:5274_1" vma 7fbe1e9000
           <...>-5291  [004] ....  5311.047409: do_swap_page: swapin tgid 5274 pid 5291 name "Binder:5274_1" vma 7f393cd000
           <...>-6615  [004] ....  5311.047431: do_swap_page: swapin tgid 6578 pid 6615 name "Binder:6578_3" vma f40d8000
           <...>-6615  [004] ....  5311.047437: do_swap_page: swapin tgid 6578 pid 6615 name "Binder:6578_3" vma e1ef8000
           <...>-6615  [004] ....  5311.047442: do_swap_page: swapin tgid 6578 pid 6615 name "Binder:6578_3" vma f3d4b000
           <...>-6615  [004] ....  5311.047444: do_swap_page: swapin tgid 6578 pid 6615 name "Binder:6578_3" vma f7a23000
 .android.chrome-6479  [004] ....  5311.047578: do_swap_page: swapin tgid 6479 pid 6479 name ".android.chrome" vma ebd41000
 .android.chrome-6479  [004] ....  5311.047589: do_swap_page: swapin tgid 6479 pid 6479 name ".android.chrome" vma 12f11000
 .android.chrome-6479  [004] ....  5311.047594: do_swap_page: swapin tgid 6479 pid 6479 name ".android.chrome" vma 12e98000
 .android.chrome-6479  [004] ....  5311.047606: do_swap_page: swapin tgid 6479 pid 6479 name ".android.chrome" vma 12efc000
 .android.chrome-6479  [004] ....  5311.047611: do_swap_page: swapin tgid 6479 pid 6479 name ".android.chrome" vma 12efd000
 .android.chrome-6479  [004] ....  5311.047630: do_swap_page: swapin tgid 6479 pid 6479 name ".android.chrome" vma e1f58000
 .android.chrome-6479  [004] ....  5311.047637: do_swap_page: swapin tgid 6479 pid 6479 name ".android.chrome" vma f0dce000
 .android.chrome-6479  [004] ....  5311.047647: do_swap_page: swapin tgid 6479 pid 6479 name ".android.chrome" vma f7aaf000
 .android.chrome-6479  [004] ....  5311.047651: do_swap_page: swapin tgid 6479 pid 6479 name ".android.chrome" vma e1f99000
 .android.chrome-6479  [004] ....  5311.047654: do_swap_page: swapin tgid 6479 pid 6479 name ".android.chrome" vma f7b0a000
           <...>-2050  [004] ....  5311.047673: do_swap_page: swapin tgid 2050 pid 2050 name "droid.launcher3" vma 7fbc037000
           <...>-2050  [004] ....  5311.047679: do_swap_page: swapin tgid 2050 pid 2050 name "droid.launcher3" vma 7ecec64000
           <...>-2050  [004] ....  5311.047697: do_swap_page: swapin tgid 2050 pid 2050 name "droid.launcher3" vma 7fbe349000
           <...>-2050  [004] ....  5311.047701: do_swap_page: swapin tgid 2050 pid 2050 name "droid.launcher3" vma 7fbe277000
           <...>-2257  [004] ....  5311.047736: do_swap_page: swapin tgid 1676 pid 2257 name "ScreenDecoratio" vma 7f2d607000
           <...>-2257  [004] ....  5311.047744: do_swap_page: swapin tgid 1676 pid 2257 name "ScreenDecoratio" vma 7f2d60e000
           <...>-2257  [004] ....  5311.047750: do_swap_page: swapin tgid 1676 pid 2257 name "ScreenDecoratio" vma 7eb5a61000
           <...>-2257  [004] ....  5311.047754: do_swap_page: swapin tgid 1676 pid 2257 name "ScreenDecoratio" vma 7eb5a7c000
           <...>-2257  [004] ....  5311.047767: do_swap_page: swapin tgid 1676 pid 2257 name "ScreenDecoratio" vma 13d38000
           <...>-2257  [004] ....  5311.047777: do_swap_page: swapin tgid 1676 pid 2257 name "ScreenDecoratio" vma 13372000
           <...>-2257  [004] ....  5311.047809: do_swap_page: swapin tgid 1676 pid 2257 name "ScreenDecoratio" vma 7f2d609000
           <...>-2257  [004] ....  5311.047821: do_swap_page: swapin tgid 1676 pid 2257 name "ScreenDecoratio" vma 136a1000
           <...>-2257  [004] ....  5311.047827: do_swap_page: swapin tgid 1676 pid 2257 name "ScreenDecoratio" vma 137c7000
           <...>-2050  [004] ....  5311.047874: do_swap_page: swapin tgid 2050 pid 2050 name "droid.launcher3" vma 7fbe277000
           <...>-2050  [004] ....  5311.047880: do_swap_page: swapin tgid 2050 pid 2050 name "droid.launcher3" vma 7f28887000
           <...>-2050  [004] ....  5311.047900: do_swap_page: swapin tgid 2050 pid 2050 name "droid.launcher3" vma 7ec9d19000
           <...>-2050  [004] ....  5311.047905: do_swap_page: swapin tgid 2050 pid 2050 name "droid.launcher3" vma 7ec9810000
           <...>-2050  [004] ....  5311.047907: do_swap_page: swapin tgid 2050 pid 2050 name "droid.launcher3" vma 7eca01c000
           <...>-2050  [004] ....  5311.047920: do_swap_page: swapin tgid 2050 pid 2050 name "droid.launcher3" vma 7ecea60000
           <...>-2050  [004] ....  5311.047925: do_swap_page: swapin tgid 2050 pid 2050 name "droid.launcher3" vma 7f289cc000
           <...>-2050  [004] ....  5311.047928: do_swap_page: swapin tgid 2050 pid 2050 name "droid.launcher3" vma 7eceb1b000
           <...>-2050  [004] ....  5311.047950: do_swap_page: swapin tgid 2050 pid 2050 name "droid.launcher3" vma 7ec9814000
           <...>-2050  [004] ....  5311.047953: do_swap_page: swapin tgid 2050 pid 2050 name "droid.launcher3" vma 7ec969e000
           <...>-2050  [004] ....  5311.047956: do_swap_page: swapin tgid 2050 pid 2050 name "droid.launcher3" vma 7ec9817000
           <...>-2050  [004] ....  5311.047958: do_swap_page: swapin tgid 2050 pid 2050 name "droid.launcher3" vma 7ec978d000
           <...>-2257  [004] ....  5311.048012: do_swap_page: swapin tgid 1676 pid 2257 name "ScreenDecoratio" vma 9dcbe000
           <...>-1361  [004] ....  5311.048043: do_swap_page: swapin tgid 1338 pid 1361 name "android.display" vma 7fbbc0c000
           <...>-1361  [004] ....  5311.048085: do_swap_page: swapin tgid 1338 pid 1361 name "android.display" vma 9de0d000
