           <...>-2073  [004] ....  8681.912036: do_swap_page: swapin tgid 2050 pid 2073 name "Binder:2050_2" vma 7fbe35b000
           <...>-2073  [004] ....  8681.912041: do_swap_page: swapin tgid 2050 pid 2073 name "Binder:2050_2" vma 7fbe176000
 droid.bluetooth-5936  [004] ....  8681.912106: do_swap_page: swapin tgid 5936 pid 5936 name "droid.bluetooth" vma 7f2cf44000
 droid.bluetooth-5936  [004] ....  8681.912113: do_swap_page: swapin tgid 5936 pid 5936 name "droid.bluetooth" vma 7fbe1c5000
 droid.bluetooth-5936  [004] ....  8681.912119: do_swap_page: swapin tgid 5936 pid 5936 name "droid.bluetooth" vma 7fbe1ca000
 droid.bluetooth-5936  [004] ....  8681.912124: do_swap_page: swapin tgid 5936 pid 5936 name "droid.bluetooth" vma 144d1000
           <...>-2050  [004] ....  8681.912154: do_swap_page: swapin tgid 2050 pid 2050 name "droid.launcher3" vma 9dcfa000
           <...>-2050  [004] ....  8681.912160: do_swap_page: swapin tgid 2050 pid 2050 name "droid.launcher3" vma 9dd11000
 m.android.phone-1918  [004] ....  8681.912186: do_swap_page: swapin tgid 1918 pid 1918 name "m.android.phone" vma 7fbc037000
 m.android.phone-1918  [004] ....  8681.912194: do_swap_page: swapin tgid 1918 pid 1918 name "m.android.phone" vma 7f2d48d000
 m.android.phone-1918  [004] ....  8681.912205: do_swap_page: swapin tgid 1918 pid 1918 name "m.android.phone" vma 7f2d48e000
 m.android.phone-1918  [004] ....  8681.912209: do_swap_page: swapin tgid 1918 pid 1918 name "m.android.phone" vma 7f2d48c000
 m.android.phone-1918  [004] ....  8681.912223: do_swap_page: swapin tgid 1918 pid 1918 name "m.android.phone" vma 71bd1000
 droid.bluetooth-5936  [004] ....  8681.912264: do_swap_page: swapin tgid 5936 pid 5936 name "droid.bluetooth" vma 144d1000
 droid.bluetooth-5936  [004] ....  8681.912274: do_swap_page: swapin tgid 5936 pid 5936 name "droid.bluetooth" vma 7fbae75000
 droid.bluetooth-5936  [004] ....  8681.912278: do_swap_page: swapin tgid 5936 pid 5936 name "droid.bluetooth" vma 7f2d481000
           <...>-2210  [004] ....  8681.912304: do_swap_page: swapin tgid 1792 pid 2210 name "Binder:1792_3" vma 133c1000
           <...>-2210  [004] ....  8681.912310: do_swap_page: swapin tgid 1792 pid 2210 name "Binder:1792_3" vma 133d4000
           <...>-2210  [004] ....  8681.912316: do_swap_page: swapin tgid 1792 pid 2210 name "Binder:1792_3" vma 7f35005000
           <...>-2210  [004] ....  8681.912320: do_swap_page: swapin tgid 1792 pid 2210 name "Binder:1792_3" vma 71bd6000
           <...>-2257  [004] ....  8681.912342: do_swap_page: swapin tgid 1676 pid 2257 name "ScreenDecoratio" vma 7fbe188000
           <...>-2050  [004] ....  8681.912396: do_swap_page: swapin tgid 2050 pid 2050 name "droid.launcher3" vma 9dd11000
           <...>-2050  [004] ....  8681.912401: do_swap_page: swapin tgid 2050 pid 2050 name "droid.launcher3" vma 9dd0a000
           <...>-2257  [004] ....  8681.912425: do_swap_page: swapin tgid 1676 pid 2257 name "ScreenDecoratio" vma 13d3f000
    RenderThread-2176  [004] ....  8681.912496: do_swap_page: swapin tgid 1676 pid 2176 name "RenderThread" vma 7ec5cef000
           <...>-5420  [004] ....  8681.912554: do_swap_page: swapin tgid 5402 pid 5420 name "Binder:5402_2" vma 7fbbce9000
           <...>-5420  [004] ....  8681.912587: do_swap_page: swapin tgid 5402 pid 5420 name "Binder:5402_2" vma 7fbe301000
           <...>-5420  [004] ....  8681.912597: do_swap_page: swapin tgid 5402 pid 5420 name "Binder:5402_2" vma 7fbe241000
 droid.bluetooth-5936  [004] ....  8681.912614: do_swap_page: swapin tgid 5936 pid 5936 name "droid.bluetooth" vma 7f2d481000
 droid.bluetooth-5936  [004] ....  8681.912620: do_swap_page: swapin tgid 5936 pid 5936 name "droid.bluetooth" vma 7f2d477000
           <...>-2050  [004] ....  8681.912648: do_swap_page: swapin tgid 2050 pid 2050 name "droid.launcher3" vma 9dd0a000
           <...>-2050  [004] ....  8681.912655: do_swap_page: swapin tgid 2050 pid 2050 name "droid.launcher3" vma 9dd10000
 droid.bluetooth-5936  [004] ....  8681.912762: do_swap_page: swapin tgid 5936 pid 5936 name "droid.bluetooth" vma 7f2d477000
 droid.bluetooth-5936  [004] ....  8681.912768: do_swap_page: swapin tgid 5936 pid 5936 name "droid.bluetooth" vma 7f28957000
 droid.bluetooth-5936  [004] ....  8681.912802: do_swap_page: swapin tgid 5936 pid 5936 name "droid.bluetooth" vma 7f288c4000
           <...>-16522 [004] ....  8681.912933: do_swap_page: swapin tgid 16506 pid 16522 name "Binder:16506_3" vma 7f2d456000
           <...>-16522 [004] ....  8681.912947: do_swap_page: swapin tgid 16506 pid 16522 name "Binder:16506_3" vma 7f2d415000
           <...>-16522 [004] ....  8681.912949: do_swap_page: swapin tgid 16506 pid 16522 name "Binder:16506_3" vma 7f2d41f000
 droid.bluetooth-5936  [004] ....  8681.912972: do_swap_page: swapin tgid 5936 pid 5936 name "droid.bluetooth" vma 7fbe1b2000
 droid.bluetooth-5936  [004] ....  8681.912982: do_swap_page: swapin tgid 5936 pid 5936 name "droid.bluetooth" vma 144cb000
 droid.bluetooth-5936  [004] ....  8681.912987: do_swap_page: swapin tgid 5936 pid 5936 name "droid.bluetooth" vma 12c40000
 droid.bluetooth-5936  [004] ....  8681.912991: do_swap_page: swapin tgid 5936 pid 5936 name "droid.bluetooth" vma 719a1000
           <...>-2050  [004] ....  8681.913016: do_swap_page: swapin tgid 2050 pid 2050 name "droid.launcher3" vma 9dd10000
           <...>-2050  [004] ....  8681.913021: do_swap_page: swapin tgid 2050 pid 2050 name "droid.launcher3" vma 9dd08000
           <...>-2210  [004] ....  8681.913055: do_swap_page: swapin tgid 1792 pid 2210 name "Binder:1792_3" vma 71bd6000
 droid.bluetooth-5936  [004] ....  8681.913113: do_swap_page: swapin tgid 5936 pid 5936 name "droid.bluetooth" vma 719a1000
 droid.bluetooth-5936  [004] ....  8681.913121: do_swap_page: swapin tgid 5936 pid 5936 name "droid.bluetooth" vma 7fbe167000
           <...>-2050  [004] ....  8681.913168: do_swap_page: swapin tgid 2050 pid 2050 name "droid.launcher3" vma 9dd08000
           <...>-2050  [004] ....  8681.913223: do_swap_page: swapin tgid 2050 pid 2050 name "droid.launcher3" vma 7ecec62000
           <...>-2526  [004] ....  8681.913243: do_swap_page: swapin tgid 2050 pid 2526 name "RenderThread" vma 7ec9cab000
           <...>-2526  [004] ....  8681.913248: do_swap_page: swapin tgid 2050 pid 2526 name "RenderThread" vma 7ecead4000
           <...>-2526  [004] ....  8681.913251: do_swap_page: swapin tgid 2050 pid 2526 name "RenderThread" vma 7f39832000
           <...>-2526  [004] ....  8681.913258: do_swap_page: swapin tgid 2050 pid 2526 name "RenderThread" vma 7fb9e56000
           <...>-2526  [004] ....  8681.913260: do_swap_page: swapin tgid 2050 pid 2526 name "RenderThread" vma 7f39804000
           <...>-2526  [004] ....  8681.913264: do_swap_page: swapin tgid 2050 pid 2526 name "RenderThread" vma 7f39806000
           <...>-2526  [004] ....  8681.913266: do_swap_page: swapin tgid 2050 pid 2526 name "RenderThread" vma 7f3983a000
           <...>-2526  [004] ....  8681.913268: do_swap_page: swapin tgid 2050 pid 2526 name "RenderThread" vma 7f39830000
           <...>-2526  [004] ....  8681.913271: do_swap_page: swapin tgid 2050 pid 2526 name "RenderThread" vma 7f3983e000
           <...>-2050  [004] ....  8681.913283: do_swap_page: swapin tgid 2050 pid 2050 name "droid.launcher3" vma 9dc44000
 droid.bluetooth-5936  [004] ....  8681.913373: do_swap_page: swapin tgid 5936 pid 5936 name "droid.bluetooth" vma 7fbe167000
           <...>-6615  [004] ....  8681.913488: do_swap_page: swapin tgid 6578 pid 6615 name "Binder:6578_3" vma f40d8000
           <...>-6615  [004] ....  8681.913496: do_swap_page: swapin tgid 6578 pid 6615 name "Binder:6578_3" vma e1ef8000
           <...>-6615  [004] ....  8681.913501: do_swap_page: swapin tgid 6578 pid 6615 name "Binder:6578_3" vma f3d4b000
           <...>-6615  [004] ....  8681.913504: do_swap_page: swapin tgid 6578 pid 6615 name "Binder:6578_3" vma f7a23000
           <...>-2050  [004] ....  8681.913522: do_swap_page: swapin tgid 2050 pid 2050 name "droid.launcher3" vma 9dc44000
           <...>-2050  [004] ....  8681.913526: do_swap_page: swapin tgid 2050 pid 2050 name "droid.launcher3" vma 9dcef000
 droid.bluetooth-5936  [004] ....  8681.913562: do_swap_page: swapin tgid 5936 pid 5936 name "droid.bluetooth" vma 7fbe1f9000
 m.android.phone-1918  [004] ....  8681.913591: do_swap_page: swapin tgid 1918 pid 1918 name "m.android.phone" vma 71bd1000
 m.android.phone-1918  [004] ....  8681.913596: do_swap_page: swapin tgid 1918 pid 1918 name "m.android.phone" vma 71c99000
           <...>-2050  [004] ....  8681.913675: do_swap_page: swapin tgid 2050 pid 2050 name "droid.launcher3" vma 9dcef000
           <...>-2050  [004] ....  8681.913682: do_swap_page: swapin tgid 2050 pid 2050 name "droid.launcher3" vma 9dc9b000
           <...>-2257  [004] ....  8681.913787: do_swap_page: swapin tgid 1676 pid 2257 name "ScreenDecoratio" vma 7f2d540000
           <...>-2050  [004] ....  8681.913831: do_swap_page: swapin tgid 2050 pid 2050 name "droid.launcher3" vma 9dc9b000
           <...>-2050  [004] ....  8681.913848: do_swap_page: swapin tgid 2050 pid 2050 name "droid.launcher3" vma 13cae000
           <...>-2050  [004] ....  8681.913863: do_swap_page: swapin tgid 2050 pid 2050 name "droid.launcher3" vma 9dcb3000
 droid.bluetooth-5936  [004] ....  8681.913897: do_swap_page: swapin tgid 5936 pid 5936 name "droid.bluetooth" vma 7fbe1f9000
 droid.bluetooth-5936  [004] ....  8681.913905: do_swap_page: swapin tgid 5936 pid 5936 name "droid.bluetooth" vma 144d2000
 m.android.phone-1918  [004] ....  8681.913930: do_swap_page: swapin tgid 1918 pid 1918 name "m.android.phone" vma 71c99000
 m.android.phone-1918  [004] ....  8681.913942: do_swap_page: swapin tgid 1918 pid 1918 name "m.android.phone" vma 71bd4000
           <...>-2257  [004] .n..  8681.914099: do_swap_page: swapin tgid 1676 pid 2257 name "ScreenDecoratio" vma 7f2d540000
           <...>-2050  [004] ....  8681.914105: do_swap_page: swapin tgid 2050 pid 2050 name "droid.launcher3" vma 9dcb3000
           <...>-2050  [004] ....  8681.914114: do_swap_page: swapin tgid 2050 pid 2050 name "droid.launcher3" vma 9dbda000
           <...>-2257  [004] ....  8681.914154: do_swap_page: swapin tgid 1676 pid 2257 name "ScreenDecoratio" vma 7f2d541000
           <...>-2257  [004] ....  8681.914181: do_swap_page: swapin tgid 1676 pid 2257 name "ScreenDecoratio" vma 9dbef000
 droid.bluetooth-5936  [004] ....  8681.914230: do_swap_page: swapin tgid 5936 pid 5936 name "droid.bluetooth" vma 144d2000
 droid.bluetooth-5936  [004] ....  8681.914294: do_swap_page: swapin tgid 5936 pid 5936 name "droid.bluetooth" vma 7f289fd000
 droid.bluetooth-5936  [004] ....  8681.914302: do_swap_page: swapin tgid 5936 pid 5936 name "droid.bluetooth" vma 7fbe1cb000
           <...>-28928 [004] ....  8681.914342: do_swap_page: swapin tgid 17968 pid 28928 name "Binder:17968_5" vma 7fbe241000
           <...>-28928 [004] ....  8681.914349: do_swap_page: swapin tgid 17968 pid 28928 name "Binder:17968_5" vma 7fbe1e9000
           <...>-28928 [004] ....  8681.914354: do_swap_page: swapin tgid 17968 pid 28928 name "Binder:17968_5" vma 7f393cd000
           <...>-6035  [004] ....  8681.914369: do_swap_page: swapin tgid 6013 pid 6035 name "Binder:6013_2" vma 7f3187e000
           <...>-6035  [004] ....  8681.914378: do_swap_page: swapin tgid 6013 pid 6035 name "Binder:6013_2" vma 13035000
           <...>-6035  [004] ....  8681.914382: do_swap_page: swapin tgid 6013 pid 6035 name "Binder:6013_2" vma 7fbe286000
           <...>-6035  [004] ....  8681.914385: do_swap_page: swapin tgid 6013 pid 6035 name "Binder:6013_2" vma 7fbe285000
           <...>-6035  [004] ....  8681.914388: do_swap_page: swapin tgid 6013 pid 6035 name "Binder:6013_2" vma 7f2dc9a000
           <...>-2050  [004] ....  8681.914407: do_swap_page: swapin tgid 2050 pid 2050 name "droid.launcher3" vma 9dbda000
           <...>-2050  [004] ....  8681.914412: do_swap_page: swapin tgid 2050 pid 2050 name "droid.launcher3" vma 9dcad000
           <...>-2050  [004] ....  8681.914415: do_swap_page: swapin tgid 2050 pid 2050 name "droid.launcher3" vma 9dc5c000
 m.android.phone-1918  [004] ....  8681.914457: do_swap_page: swapin tgid 1918 pid 1918 name "m.android.phone" vma 71bd4000
 m.android.phone-1918  [004] ....  8681.914465: do_swap_page: swapin tgid 1918 pid 1918 name "m.android.phone" vma 71c5c000
           <...>-2257  [004] ....  8681.914486: do_swap_page: swapin tgid 1676 pid 2257 name "ScreenDecoratio" vma 9dbef000
           <...>-2257  [004] ....  8681.914506: do_swap_page: swapin tgid 1676 pid 2257 name "ScreenDecoratio" vma 9dbf0000
           <...>-2257  [004] ....  8681.914513: do_swap_page: swapin tgid 1676 pid 2257 name "ScreenDecoratio" vma 9dc40000
           <...>-2050  [004] ....  8681.914556: do_swap_page: swapin tgid 2050 pid 2050 name "droid.launcher3" vma 9dc5c000
           <...>-2050  [004] ....  8681.914561: do_swap_page: swapin tgid 2050 pid 2050 name "droid.launcher3" vma 9dd06000
           <...>-2257  [004] ....  8681.914586: do_swap_page: swapin tgid 1676 pid 2257 name "ScreenDecoratio" vma 13d39000
           <...>-2257  [004] ....  8681.914592: do_swap_page: swapin tgid 1676 pid 2257 name "ScreenDecoratio" vma 7f2d5c8000
 droid.bluetooth-5936  [004] ....  8681.914673: do_swap_page: swapin tgid 5936 pid 5936 name "droid.bluetooth" vma 7fbe1cb000
           <...>-2050  [004] ....  8681.914711: do_swap_page: swapin tgid 2050 pid 2050 name "droid.launcher3" vma 9dd06000
           <...>-2050  [004] ....  8681.914736: do_swap_page: swapin tgid 2050 pid 2050 name "droid.launcher3" vma 13063000
           <...>-2050  [004] ....  8681.914751: do_swap_page: swapin tgid 2050 pid 2050 name "droid.launcher3" vma 13059000
           <...>-2050  [004] ....  8681.914766: do_swap_page: swapin tgid 2050 pid 2050 name "droid.launcher3" vma 9dc51000
           <...>-2050  [004] ....  8681.914899: do_swap_page: swapin tgid 2050 pid 2050 name "droid.launcher3" vma 9dc51000
           <...>-2050  [004] ....  8681.914904: do_swap_page: swapin tgid 2050 pid 2050 name "droid.launcher3" vma 9dc61000
 droid.bluetooth-5936  [004] ....  8681.914940: do_swap_page: swapin tgid 5936 pid 5936 name "droid.bluetooth" vma 9dbbf000
           <...>-2050  [004] ....  8681.915027: do_swap_page: swapin tgid 2050 pid 2050 name "droid.launcher3" vma 9dc61000
           <...>-2050  [004] ....  8681.915036: do_swap_page: swapin tgid 2050 pid 2050 name "droid.launcher3" vma 9dbca000
  Binder:1338_13-4022  [004] ....  8681.915110: do_swap_page: swapin tgid 1338 pid 4022 name "Binder:1338_13" vma 7e5ea8a000
           <...>-2050  [004] ....  8681.915168: do_swap_page: swapin tgid 2050 pid 2050 name "droid.launcher3" vma 9dbca000
           <...>-2050  [004] ....  8681.915172: do_swap_page: swapin tgid 2050 pid 2050 name "droid.launcher3" vma 9dcca000
           <...>-28928 [004] ....  8681.915250: do_swap_page: swapin tgid 17968 pid 28928 name "Binder:17968_5" vma 7f393cd000
           <...>-28928 [004] ....  8681.915256: do_swap_page: swapin tgid 17968 pid 28928 name "Binder:17968_5" vma 7fbe165000
           <...>-28928 [004] ....  8681.915259: do_swap_page: swapin tgid 17968 pid 28928 name "Binder:17968_5" vma 7f28a72000
           <...>-28928 [004] ....  8681.915263: do_swap_page: swapin tgid 17968 pid 28928 name "Binder:17968_5" vma 7fb9c4f000
 droid.bluetooth-5936  [004] ....  8681.915304: do_swap_page: swapin tgid 5936 pid 5936 name "droid.bluetooth" vma 9dbbf000
 droid.bluetooth-5936  [004] ....  8681.915314: do_swap_page: swapin tgid 5936 pid 5936 name "droid.bluetooth" vma 7f2d4de000
           <...>-2050  [004] ....  8681.915345: do_swap_page: swapin tgid 2050 pid 2050 name "droid.launcher3" vma 9dcca000
           <...>-2050  [004] ....  8681.915356: do_swap_page: swapin tgid 2050 pid 2050 name "droid.launcher3" vma 9dcc4000
 droid.bluetooth-5936  [004] ....  8681.915378: do_swap_page: swapin tgid 5936 pid 5936 name "droid.bluetooth" vma 7f2d48a000
 droid.bluetooth-5936  [004] ....  8681.915395: do_swap_page: swapin tgid 5936 pid 5936 name "droid.bluetooth" vma 7fbf6ff000
           <...>-5973  [004] ....  8681.915428: do_swap_page: swapin tgid 5936 pid 5973 name "BluetoothScanMa" vma 7ec38d6000
           <...>-5973  [004] ....  8681.915438: do_swap_page: swapin tgid 5936 pid 5973 name "BluetoothScanMa" vma 7ec38d7000
           <...>-2050  [004] ....  8681.915498: do_swap_page: swapin tgid 2050 pid 2050 name "droid.launcher3" vma 9dcc4000
           <...>-2050  [004] ....  8681.915507: do_swap_page: swapin tgid 2050 pid 2050 name "droid.launcher3" vma 13c9a000
           <...>-2050  [004] ....  8681.915684: do_swap_page: swapin tgid 2050 pid 2050 name "droid.launcher3" vma 13c9a000
           <...>-2050  [004] ....  8681.915695: do_swap_page: swapin tgid 2050 pid 2050 name "droid.launcher3" vma 9dc32000
           <...>-2050  [004] ....  8681.915831: do_swap_page: swapin tgid 2050 pid 2050 name "droid.launcher3" vma 9dc32000
           <...>-2050  [004] ....  8681.915839: do_swap_page: swapin tgid 2050 pid 2050 name "droid.launcher3" vma 9dcae000
           <...>-2050  [004] ....  8681.915853: do_swap_page: swapin tgid 2050 pid 2050 name "droid.launcher3" vma 12fca000
           <...>-2050  [004] ....  8681.915858: do_swap_page: swapin tgid 2050 pid 2050 name "droid.launcher3" vma 9dc40000
  Binder:1338_13-4022  [004] ....  8681.915942: do_swap_page: swapin tgid 1338 pid 4022 name "Binder:1338_13" vma 7e87b8a000
  Binder:1338_13-4022  [004] ....  8681.915952: do_swap_page: swapin tgid 1338 pid 4022 name "Binder:1338_13" vma 7f2d571000
           <...>-2050  [004] ....  8681.915981: do_swap_page: swapin tgid 2050 pid 2050 name "droid.launcher3" vma 9dc40000
           <...>-2050  [004] ....  8681.915988: do_swap_page: swapin tgid 2050 pid 2050 name "droid.launcher3" vma 13ca6000
  Binder:1338_13-4022  [004] ....  8681.916023: do_swap_page: swapin tgid 1338 pid 4022 name "Binder:1338_13" vma 7f2d572000
  Binder:1338_13-4022  [004] ....  8681.916028: do_swap_page: swapin tgid 1338 pid 4022 name "Binder:1338_13" vma 7e87b8f000
  Binder:1338_13-4022  [004] ....  8681.916068: do_swap_page: swapin tgid 1338 pid 4022 name "Binder:1338_13" vma 7e6460f000
  Binder:1338_13-4022  [004] ....  8681.916081: do_swap_page: swapin tgid 1338 pid 4022 name "Binder:1338_13" vma 7e5e961000
           <...>-2050  [004] ....  8681.916113: do_swap_page: swapin tgid 2050 pid 2050 name "droid.launcher3" vma 13ca6000
           <...>-2050  [004] ....  8681.916136: do_swap_page: swapin tgid 2050 pid 2050 name "droid.launcher3" vma 9dc31000
  Binder:1338_13-4022  [004] ....  8681.916160: do_swap_page: swapin tgid 1338 pid 4022 name "Binder:1338_13" vma 7e5e962000
  Binder:1338_13-4022  [004] ....  8681.916185: do_swap_page: swapin tgid 1338 pid 4022 name "Binder:1338_13" vma 7f2d52a000
  Binder:1338_13-4022  [004] ....  8681.916191: do_swap_page: swapin tgid 1338 pid 4022 name "Binder:1338_13" vma 7e64639000
  Binder:1338_13-4022  [004] ....  8681.916197: do_swap_page: swapin tgid 1338 pid 4022 name "Binder:1338_13" vma 7e6463a000
  Binder:1338_13-4022  [004] ....  8681.916200: do_swap_page: swapin tgid 1338 pid 4022 name "Binder:1338_13" vma 7e5e99c000
  Binder:1338_13-4022  [004] ....  8681.916205: do_swap_page: swapin tgid 1338 pid 4022 name "Binder:1338_13" vma 7e5e99d000
  Binder:1338_13-4022  [004] ....  8681.916207: do_swap_page: swapin tgid 1338 pid 4022 name "Binder:1338_13" vma 7f2d4f9000
  Binder:1338_13-4022  [004] ....  8681.916212: do_swap_page: swapin tgid 1338 pid 4022 name "Binder:1338_13" vma 7f2d4fa000
  Binder:1338_13-4022  [004] ....  8681.916221: do_swap_page: swapin tgid 1338 pid 4022 name "Binder:1338_13" vma 7e5ecb4000
  Binder:1338_13-4022  [004] ....  8681.916224: do_swap_page: swapin tgid 1338 pid 4022 name "Binder:1338_13" vma 7e5ecb5000
           <...>-2050  [004] ....  8681.916276: do_swap_page: swapin tgid 2050 pid 2050 name "droid.launcher3" vma 9dc31000
           <...>-2050  [004] ....  8681.916280: do_swap_page: swapin tgid 2050 pid 2050 name "droid.launcher3" vma 9dcf8000
           <...>-2135  [004] ....  8681.916333: do_swap_page: swapin tgid 1676 pid 2135 name "Binder:1676_5" vma 7eca3d2000
           <...>-2135  [004] ....  8681.916340: do_swap_page: swapin tgid 1676 pid 2135 name "Binder:1676_5" vma 7eca3d3000
           <...>-5973  [004] ....  8681.916375: do_swap_page: swapin tgid 5936 pid 5973 name "BluetoothScanMa" vma 7ec38d7000
           <...>-5973  [004] ....  8681.916383: do_swap_page: swapin tgid 5936 pid 5973 name "BluetoothScanMa" vma 7f28a6d000
           <...>-5973  [004] ....  8681.916389: do_swap_page: swapin tgid 5936 pid 5973 name "BluetoothScanMa" vma 7f28a23000
           <...>-5973  [004] ....  8681.916393: do_swap_page: swapin tgid 5936 pid 5973 name "BluetoothScanMa" vma 144d7000
           <...>-5973  [004] ....  8681.916395: do_swap_page: swapin tgid 5936 pid 5973 name "BluetoothScanMa" vma 12c80000
           <...>-5973  [004] ....  8681.916400: do_swap_page: swapin tgid 5936 pid 5973 name "BluetoothScanMa" vma 7f311bb000
           <...>-5973  [004] ....  8681.916403: do_swap_page: swapin tgid 5936 pid 5973 name "BluetoothScanMa" vma 12c82000
           <...>-5973  [004] ....  8681.916424: do_swap_page: swapin tgid 5936 pid 5973 name "BluetoothScanMa" vma 9dc05000
           <...>-28927 [004] ....  8681.916455: do_swap_page: swapin tgid 17535 pid 28927 name "Binder:17535_5" vma 7fbe241000
           <...>-28927 [004] ....  8681.916463: do_swap_page: swapin tgid 17535 pid 28927 name "Binder:17535_5" vma 7fbe1e9000
           <...>-2106  [004] ....  8681.916497: do_swap_page: swapin tgid 2050 pid 2106 name "UiThreadHelper" vma 9dc29000
           <...>-645   [004] ....  8681.916557: do_swap_page: swapin tgid 597 pid 645 name "Binder:597_2" vma 7faa66f000
           <...>-645   [004] ....  8681.916633: do_swap_page: swapin tgid 597 pid 645 name "Binder:597_2" vma 7faa670000
           <...>-2135  [004] ....  8681.916716: do_swap_page: swapin tgid 1676 pid 2135 name "Binder:1676_5" vma 7eca3d3000
           <...>-2135  [004] ....  8681.916722: do_swap_page: swapin tgid 1676 pid 2135 name "Binder:1676_5" vma 7f2d4e6000
           <...>-2135  [004] ....  8681.916730: do_swap_page: swapin tgid 1676 pid 2135 name "Binder:1676_5" vma 7f2d415000
           <...>-2135  [004] ....  8681.916733: do_swap_page: swapin tgid 1676 pid 2135 name "Binder:1676_5" vma 7f2d4e8000
           <...>-2135  [004] ....  8681.916738: do_swap_page: swapin tgid 1676 pid 2135 name "Binder:1676_5" vma 7f2d4e0000
           <...>-2135  [004] ....  8681.916740: do_swap_page: swapin tgid 1676 pid 2135 name "Binder:1676_5" vma 7f2d41b000
           <...>-2135  [004] ....  8681.916743: do_swap_page: swapin tgid 1676 pid 2135 name "Binder:1676_5" vma 7f2d4e1000
           <...>-2135  [004] ....  8681.916750: do_swap_page: swapin tgid 1676 pid 2135 name "Binder:1676_5" vma 7eca3d0000
           <...>-5973  [004] ....  8681.916779: do_swap_page: swapin tgid 5936 pid 5973 name "BluetoothScanMa" vma 9dc05000
           <...>-5973  [004] ....  8681.916787: do_swap_page: swapin tgid 5936 pid 5973 name "BluetoothScanMa" vma 9dbb7000
           <...>-16522 [004] ....  8681.916814: do_swap_page: swapin tgid 16506 pid 16522 name "Binder:16506_3" vma 7f2d41f000
           <...>-16522 [004] ....  8681.916820: do_swap_page: swapin tgid 16506 pid 16522 name "Binder:16506_3" vma 7f2d4a5000
           <...>-16522 [004] ....  8681.916826: do_swap_page: swapin tgid 16506 pid 16522 name "Binder:16506_3" vma 7fbbce9000
           <...>-5420  [004] ....  8681.916852: do_swap_page: swapin tgid 5402 pid 5420 name "Binder:5402_2" vma 7fbe241000
           <...>-5420  [004] ....  8681.916859: do_swap_page: swapin tgid 5402 pid 5420 name "Binder:5402_2" vma 7fbe1e9000
           <...>-5420  [004] ....  8681.916866: do_swap_page: swapin tgid 5402 pid 5420 name "Binder:5402_2" vma 7f393cd000
           <...>-2106  [004] ....  8681.916880: do_swap_page: swapin tgid 2050 pid 2106 name "UiThreadHelper" vma 9dc29000
           <...>-2106  [004] ....  8681.916885: do_swap_page: swapin tgid 2050 pid 2106 name "UiThreadHelper" vma 9dd00000
           <...>-2135  [004] ....  8681.916956: do_swap_page: swapin tgid 1676 pid 2135 name "Binder:1676_5" vma 7eca3d0000
           <...>-2135  [004] ....  8681.916968: do_swap_page: swapin tgid 1676 pid 2135 name "Binder:1676_5" vma 7f31141000
           <...>-2135  [004] ....  8681.916971: do_swap_page: swapin tgid 1676 pid 2135 name "Binder:1676_5" vma 7eca3d1000
           <...>-2135  [004] ....  8681.916974: do_swap_page: swapin tgid 1676 pid 2135 name "Binder:1676_5" vma 12f00000
           <...>-2135  [004] ....  8681.917006: do_swap_page: swapin tgid 1676 pid 2135 name "Binder:1676_5" vma 7ed12ce000
           <...>-2135  [004] ....  8681.917010: do_swap_page: swapin tgid 1676 pid 2135 name "Binder:1676_5" vma 7ed1213000
           <...>-2135  [004] ....  8681.917016: do_swap_page: swapin tgid 1676 pid 2135 name "Binder:1676_5" vma 7ed12cf000
           <...>-5973  [004] ....  8681.917042: do_swap_page: swapin tgid 5936 pid 5973 name "BluetoothScanMa" vma 9dbb7000
           <...>-5973  [004] ....  8681.917047: do_swap_page: swapin tgid 5936 pid 5973 name "BluetoothScanMa" vma 9dc47000
           <...>-5973  [004] ....  8681.917059: do_swap_page: swapin tgid 5936 pid 5973 name "BluetoothScanMa" vma 7f2d4fe000
           <...>-2106  [004] ....  8681.917075: do_swap_page: swapin tgid 2050 pid 2106 name "UiThreadHelper" vma 9dd00000
           <...>-28882 [004] ....  8681.917131: do_swap_page: swapin tgid 1338 pid 28882 name "Binder:1338_1A" vma 7e645a5000
           <...>-2050  [004] ....  8681.917155: do_swap_page: swapin tgid 2050 pid 2050 name "droid.launcher3" vma 9dcf8000
           <...>-2050  [004] ....  8681.917163: do_swap_page: swapin tgid 2050 pid 2050 name "droid.launcher3" vma 9dcaa000
 droid.bluetooth-5936  [004] ....  8681.917193: do_swap_page: swapin tgid 5936 pid 5936 name "droid.bluetooth" vma 7fbf6ff000
 droid.bluetooth-5936  [004] ....  8681.917208: do_swap_page: swapin tgid 5936 pid 5936 name "droid.bluetooth" vma 144d9000
 m.android.phone-1918  [004] ....  8681.917253: do_swap_page: swapin tgid 1918 pid 1918 name "m.android.phone" vma 71c5c000
 m.android.phone-1918  [004] ....  8681.917293: do_swap_page: swapin tgid 1918 pid 1918 name "m.android.phone" vma 70c44000
           <...>-28927 [004] ....  8681.917314: do_swap_page: swapin tgid 17535 pid 28927 name "Binder:17535_5" vma 7fbe1e9000
           <...>-28927 [004] ....  8681.917341: do_swap_page: swapin tgid 17535 pid 28927 name "Binder:17535_5" vma 7f393cd000
           <...>-2050  [004] ....  8681.917369: do_swap_page: swapin tgid 2050 pid 2050 name "droid.launcher3" vma 9dcaa000
           <...>-2050  [004] ....  8681.917375: do_swap_page: swapin tgid 2050 pid 2050 name "droid.launcher3" vma 9dc2a000
 droid.bluetooth-5936  [004] ....  8681.917397: do_swap_page: swapin tgid 5936 pid 5936 name "droid.bluetooth" vma 144d9000
           <...>-2050  [004] ....  8681.917522: do_swap_page: swapin tgid 2050 pid 2050 name "droid.launcher3" vma 9dc2a000
           <...>-2050  [004] ....  8681.917533: do_swap_page: swapin tgid 2050 pid 2050 name "droid.launcher3" vma 9dc35000
  Binder:1338_13-4022  [004] ....  8681.917566: do_swap_page: swapin tgid 1338 pid 4022 name "Binder:1338_13" vma 7e6c283000
 m.android.phone-1918  [004] ....  8681.917620: do_swap_page: swapin tgid 1918 pid 1918 name "m.android.phone" vma 70c44000
           <...>-2050  [004] ....  8681.917670: do_swap_page: swapin tgid 2050 pid 2050 name "droid.launcher3" vma 9dc35000
           <...>-2050  [004] ....  8681.917674: do_swap_page: swapin tgid 2050 pid 2050 name "droid.launcher3" vma 9dcf2000
 m.android.phone-1918  [004] ....  8681.917754: do_swap_page: swapin tgid 1918 pid 1918 name "m.android.phone" vma 71bd8000
           <...>-16522 [004] ....  8681.917788: do_swap_page: swapin tgid 16506 pid 16522 name "Binder:16506_3" vma 7fbbce9000
           <...>-16522 [004] ....  8681.917794: do_swap_page: swapin tgid 16506 pid 16522 name "Binder:16506_3" vma 7fbe301000
           <...>-16522 [004] ....  8681.917817: do_swap_page: swapin tgid 16506 pid 16522 name "Binder:16506_3" vma 7fbe241000
  Binder:1338_13-4022  [004] ....  8681.917836: do_swap_page: swapin tgid 1338 pid 4022 name "Binder:1338_13" vma 7e6c283000
  Binder:1338_13-4022  [004] ....  8681.917852: do_swap_page: swapin tgid 1338 pid 4022 name "Binder:1338_13" vma 9df2b000
           <...>-2050  [004] ....  8681.917884: do_swap_page: swapin tgid 2050 pid 2050 name "droid.launcher3" vma 9dcf2000
           <...>-2050  [004] ....  8681.917889: do_swap_page: swapin tgid 2050 pid 2050 name "droid.launcher3" vma 9dc2d000
 ndroid.systemui-1676  [004] ....  8681.917942: do_swap_page: swapin tgid 1676 pid 1676 name "ndroid.systemui" vma 13c47000
 ndroid.systemui-1676  [004] ....  8681.917963: do_swap_page: swapin tgid 1676 pid 1676 name "ndroid.systemui" vma 13d91000
 ndroid.systemui-1676  [004] ....  8681.917967: do_swap_page: swapin tgid 1676 pid 1676 name "ndroid.systemui" vma 9dd0a000
 ndroid.systemui-1676  [004] ....  8681.917970: do_swap_page: swapin tgid 1676 pid 1676 name "ndroid.systemui" vma 9de7b000
           <...>-2050  [004] ....  8681.918026: do_swap_page: swapin tgid 2050 pid 2050 name "droid.launcher3" vma 9dc2d000
           <...>-2050  [004] ....  8681.918035: do_swap_page: swapin tgid 2050 pid 2050 name "droid.launcher3" vma 9dc33000
  Binder:1338_13-4022  [004] ....  8681.918088: do_swap_page: swapin tgid 1338 pid 4022 name "Binder:1338_13" vma 9df2b000
           <...>-28882 [004] ....  8681.918200: do_swap_page: swapin tgid 1338 pid 28882 name "Binder:1338_1A" vma 7e647ea000
           <...>-6615  [004] ....  8681.918262: do_swap_page: swapin tgid 6578 pid 6615 name "Binder:6578_3" vma f7a23000
           <...>-6615  [004] ....  8681.918269: do_swap_page: swapin tgid 6578 pid 6615 name "Binder:6578_3" vma e1f29000
           <...>-6615  [004] ....  8681.918273: do_swap_page: swapin tgid 6578 pid 6615 name "Binder:6578_3" vma ec3d3000
           <...>-2050  [004] ....  8681.918291: do_swap_page: swapin tgid 2050 pid 2050 name "droid.launcher3" vma 9dc33000
           <...>-2050  [004] ....  8681.918296: do_swap_page: swapin tgid 2050 pid 2050 name "droid.launcher3" vma 9dca5000
           <...>-2050  [004] ....  8681.918303: do_swap_page: swapin tgid 2050 pid 2050 name "droid.launcher3" vma 9dc3f000
           <...>-28882 [004] ....  8681.918403: do_swap_page: swapin tgid 1338 pid 28882 name "Binder:1338_1A" vma 7e647ea000
           <...>-2135  [004] ....  8681.918522: do_swap_page: swapin tgid 1676 pid 2135 name "Binder:1676_5" vma 137f2000
           <...>-2050  [004] ....  8681.918609: do_swap_page: swapin tgid 2050 pid 2050 name "droid.launcher3" vma 9dc3f000
           <...>-2050  [004] ....  8681.918614: do_swap_page: swapin tgid 2050 pid 2050 name "droid.launcher3" vma 9dcec000
           <...>-2050  [004] ....  8681.918624: do_swap_page: swapin tgid 2050 pid 2050 name "droid.launcher3" vma 9dd09000
           <...>-2135  [004] ....  8681.918698: do_swap_page: swapin tgid 1676 pid 2135 name "Binder:1676_5" vma 137f2000
           <...>-2135  [004] ....  8681.918704: do_swap_page: swapin tgid 1676 pid 2135 name "Binder:1676_5" vma 9dcda000
           <...>-2050  [004] ....  8681.918808: do_swap_page: swapin tgid 2050 pid 2050 name "droid.launcher3" vma 9dd09000
           <...>-2050  [004] ....  8681.918822: do_swap_page: swapin tgid 2050 pid 2050 name "droid.launcher3" vma 12fc5000
           <...>-2050  [004] ....  8681.918825: do_swap_page: swapin tgid 2050 pid 2050 name "droid.launcher3" vma 9dbe4000
           <...>-2050  [004] ....  8681.918966: do_swap_page: swapin tgid 2050 pid 2050 name "droid.launcher3" vma 9dbe4000
           <...>-2050  [004] ....  8681.918972: do_swap_page: swapin tgid 2050 pid 2050 name "droid.launcher3" vma 9dbe5000
           <...>-2135  [004] ....  8681.919095: do_swap_page: swapin tgid 1676 pid 2135 name "Binder:1676_5" vma 9dcda000
           <...>-2135  [004] ....  8681.919103: do_swap_page: swapin tgid 1676 pid 2135 name "Binder:1676_5" vma 13697000
           <...>-2135  [004] ....  8681.919107: do_swap_page: swapin tgid 1676 pid 2135 name "Binder:1676_5" vma 9dcd2000
           <...>-6035  [004] ....  8681.919133: do_swap_page: swapin tgid 6013 pid 6035 name "Binder:6013_2" vma 7f2dc9a000
           <...>-6035  [004] ....  8681.919144: do_swap_page: swapin tgid 6013 pid 6035 name "Binder:6013_2" vma 12e40000
           <...>-2050  [004] ....  8681.919165: do_swap_page: swapin tgid 2050 pid 2050 name "droid.launcher3" vma 9dbe5000
           <...>-2050  [004] ....  8681.919172: do_swap_page: swapin tgid 2050 pid 2050 name "droid.launcher3" vma 12fc4000
           <...>-2050  [004] ....  8681.919174: do_swap_page: swapin tgid 2050 pid 2050 name "droid.launcher3" vma 12fc3000
           <...>-2050  [004] ....  8681.919176: do_swap_page: swapin tgid 2050 pid 2050 name "droid.launcher3" vma 12fc2000
           <...>-2050  [004] ....  8681.919178: do_swap_page: swapin tgid 2050 pid 2050 name "droid.launcher3" vma 13240000
           <...>-2050  [004] ....  8681.919180: do_swap_page: swapin tgid 2050 pid 2050 name "droid.launcher3" vma 13241000
           <...>-2050  [004] ....  8681.919182: do_swap_page: swapin tgid 2050 pid 2050 name "droid.launcher3" vma 13242000
           <...>-2050  [004] ....  8681.919184: do_swap_page: swapin tgid 2050 pid 2050 name "droid.launcher3" vma 13243000
           <...>-2050  [004] ....  8681.919185: do_swap_page: swapin tgid 2050 pid 2050 name "droid.launcher3" vma 13244000
           <...>-2050  [004] ....  8681.919189: do_swap_page: swapin tgid 2050 pid 2050 name "droid.launcher3" vma 13245000
           <...>-2050  [004] ....  8681.919198: do_swap_page: swapin tgid 2050 pid 2050 name "droid.launcher3" vma 9dcd4000
           <...>-2135  [004] ....  8681.919248: do_swap_page: swapin tgid 1676 pid 2135 name "Binder:1676_5" vma 9dcd2000
           <...>-2135  [004] ....  8681.919253: do_swap_page: swapin tgid 1676 pid 2135 name "Binder:1676_5" vma 9de85000
  Binder:1338_13-4022  [004] ....  8681.919341: do_swap_page: swapin tgid 1338 pid 4022 name "Binder:1338_13" vma 7e5eb4d000
           <...>-2050  [004] ....  8681.919458: do_swap_page: swapin tgid 2050 pid 2050 name "droid.launcher3" vma 9dcd4000
           <...>-2050  [004] ....  8681.919469: do_swap_page: swapin tgid 2050 pid 2050 name "droid.launcher3" vma 1327a000
           <...>-2050  [004] ....  8681.919475: do_swap_page: swapin tgid 2050 pid 2050 name "droid.launcher3" vma 1327b000
           <...>-2050  [004] ....  8681.919484: do_swap_page: swapin tgid 2050 pid 2050 name "droid.launcher3" vma 9dcf9000
           <...>-28928 [004] ....  8681.919507: do_swap_page: swapin tgid 17968 pid 28928 name "Binder:17968_5" vma 7fb9c4f000
           <...>-28928 [004] ....  8681.919515: do_swap_page: swapin tgid 17968 pid 28928 name "Binder:17968_5" vma 7fbae76000
           <...>-28928 [004] ....  8681.919519: do_swap_page: swapin tgid 17968 pid 28928 name "Binder:17968_5" vma 7f28a22000
           <...>-28928 [004] ....  8681.919524: do_swap_page: swapin tgid 17968 pid 28928 name "Binder:17968_5" vma 7f393cb000
           <...>-28928 [004] ....  8681.919527: do_swap_page: swapin tgid 17968 pid 28928 name "Binder:17968_5" vma 7fbe23c000
           <...>-28928 [004] ....  8681.919529: do_swap_page: swapin tgid 17968 pid 28928 name "Binder:17968_5" vma 7f3187e000
           <...>-28928 [004] ....  8681.919533: do_swap_page: swapin tgid 17968 pid 28928 name "Binder:17968_5" vma 12d62000
           <...>-28928 [004] ....  8681.919537: do_swap_page: swapin tgid 17968 pid 28928 name "Binder:17968_5" vma 7fbe286000
           <...>-28928 [004] ....  8681.919540: do_swap_page: swapin tgid 17968 pid 28928 name "Binder:17968_5" vma 7fbe285000
           <...>-28928 [004] ....  8681.919542: do_swap_page: swapin tgid 17968 pid 28928 name "Binder:17968_5" vma 7f28a23000
           <...>-28928 [004] ....  8681.919544: do_swap_page: swapin tgid 17968 pid 28928 name "Binder:17968_5" vma 7f393cc000
           <...>-28928 [004] ....  8681.919546: do_swap_page: swapin tgid 17968 pid 28928 name "Binder:17968_5" vma 7fbe1f8000
           <...>-28928 [004] ....  8681.919551: do_swap_page: swapin tgid 17968 pid 28928 name "Binder:17968_5" vma 12d00000
           <...>-28928 [004] ....  8681.919557: do_swap_page: swapin tgid 17968 pid 28928 name "Binder:17968_5" vma 12f66000
           <...>-28928 [004] ....  8681.919562: do_swap_page: swapin tgid 17968 pid 28928 name "Binder:17968_5" vma 7fbe24e000
           <...>-28928 [004] ....  8681.919569: do_swap_page: swapin tgid 17968 pid 28928 name "Binder:17968_5" vma 7fbe074000
           <...>-28928 [004] ....  8681.919608: do_swap_page: swapin tgid 17968 pid 28928 name "Binder:17968_5" vma 7f29cdd000
           <...>-28928 [004] ....  8681.919611: do_swap_page: swapin tgid 17968 pid 28928 name "Binder:17968_5" vma 12c80000
           <...>-28928 [004] ....  8681.919615: do_swap_page: swapin tgid 17968 pid 28928 name "Binder:17968_5" vma 7f34e91000
           <...>-28928 [004] ....  8681.919617: do_swap_page: swapin tgid 17968 pid 28928 name "Binder:17968_5" vma 12d46000
           <...>-28928 [004] ....  8681.919622: do_swap_page: swapin tgid 17968 pid 28928 name "Binder:17968_5" vma 7fbe1e7000
           <...>-28928 [004] ....  8681.919624: do_swap_page: swapin tgid 17968 pid 28928 name "Binder:17968_5" vma 7fbe17f000
           <...>-28928 [004] ....  8681.919626: do_swap_page: swapin tgid 17968 pid 28928 name "Binder:17968_5" vma 7fbe20a000
           <...>-2135  [004] ....  8681.919645: do_swap_page: swapin tgid 1676 pid 2135 name "Binder:1676_5" vma 9de85000
           <...>-2135  [004] ....  8681.919650: do_swap_page: swapin tgid 1676 pid 2135 name "Binder:1676_5" vma 9dee0000
           <...>-2050  [004] ....  8681.919683: do_swap_page: swapin tgid 2050 pid 2050 name "droid.launcher3" vma 9dcf9000
           <...>-2050  [004] ....  8681.919692: do_swap_page: swapin tgid 2050 pid 2050 name "droid.launcher3" vma 13279000
           <...>-2050  [004] ....  8681.919695: do_swap_page: swapin tgid 2050 pid 2050 name "droid.launcher3" vma 13278000
           <...>-2050  [004] ....  8681.919701: do_swap_page: swapin tgid 2050 pid 2050 name "droid.launcher3" vma 13277000
           <...>-2050  [004] ....  8681.919705: do_swap_page: swapin tgid 2050 pid 2050 name "droid.launcher3" vma 13275000
           <...>-2050  [004] ....  8681.919708: do_swap_page: swapin tgid 2050 pid 2050 name "droid.launcher3" vma 13274000
           <...>-2050  [004] ....  8681.919715: do_swap_page: swapin tgid 2050 pid 2050 name "droid.launcher3" vma 13272000
           <...>-2050  [004] ....  8681.919719: do_swap_page: swapin tgid 2050 pid 2050 name "droid.launcher3" vma 13271000
           <...>-2050  [004] ....  8681.919723: do_swap_page: swapin tgid 2050 pid 2050 name "droid.launcher3" vma 1326f000
           <...>-2050  [004] ....  8681.919726: do_swap_page: swapin tgid 2050 pid 2050 name "droid.launcher3" vma 1326e000
           <...>-2050  [004] ....  8681.919729: do_swap_page: swapin tgid 2050 pid 2050 name "droid.launcher3" vma 1326c000
           <...>-2050  [004] ....  8681.919732: do_swap_page: swapin tgid 2050 pid 2050 name "droid.launcher3" vma 1326b000
           <...>-2050  [004] ....  8681.919736: do_swap_page: swapin tgid 2050 pid 2050 name "droid.launcher3" vma 13269000
           <...>-2050  [004] ....  8681.919738: do_swap_page: swapin tgid 2050 pid 2050 name "droid.launcher3" vma 1326a000
           <...>-2050  [004] ....  8681.919741: do_swap_page: swapin tgid 2050 pid 2050 name "droid.launcher3" vma 13268000
           <...>-2050  [004] ....  8681.919743: do_swap_page: swapin tgid 2050 pid 2050 name "droid.launcher3" vma 13267000
           <...>-2050  [004] ....  8681.919746: do_swap_page: swapin tgid 2050 pid 2050 name "droid.launcher3" vma 13266000
           <...>-2050  [004] ....  8681.919749: do_swap_page: swapin tgid 2050 pid 2050 name "droid.launcher3" vma 13265000
           <...>-2050  [004] ....  8681.919751: do_swap_page: swapin tgid 2050 pid 2050 name "droid.launcher3" vma 13264000
           <...>-2050  [004] ....  8681.919754: do_swap_page: swapin tgid 2050 pid 2050 name "droid.launcher3" vma 13263000
           <...>-2050  [004] ....  8681.919758: do_swap_page: swapin tgid 2050 pid 2050 name "droid.launcher3" vma 13261000
           <...>-2050  [004] ....  8681.919761: do_swap_page: swapin tgid 2050 pid 2050 name "droid.launcher3" vma 13260000
           <...>-2050  [004] ....  8681.919764: do_swap_page: swapin tgid 2050 pid 2050 name "droid.launcher3" vma 1325e000
           <...>-2050  [004] ....  8681.919767: do_swap_page: swapin tgid 2050 pid 2050 name "droid.launcher3" vma 1325d000
           <...>-2050  [004] ....  8681.919770: do_swap_page: swapin tgid 2050 pid 2050 name "droid.launcher3" vma 1325b000
           <...>-2050  [004] ....  8681.919772: do_swap_page: swapin tgid 2050 pid 2050 name "droid.launcher3" vma 1325c000
           <...>-2050  [004] ....  8681.919775: do_swap_page: swapin tgid 2050 pid 2050 name "droid.launcher3" vma 1325a000
           <...>-2050  [004] ....  8681.919776: do_swap_page: swapin tgid 2050 pid 2050 name "droid.launcher3" vma 13259000
           <...>-2050  [004] ....  8681.919779: do_swap_page: swapin tgid 2050 pid 2050 name "droid.launcher3" vma 13258000
           <...>-2050  [004] ....  8681.919782: do_swap_page: swapin tgid 2050 pid 2050 name "droid.launcher3" vma 13257000
           <...>-2050  [004] ....  8681.919783: do_swap_page: swapin tgid 2050 pid 2050 name "droid.launcher3" vma 13256000
           <...>-2050  [004] ....  8681.919786: do_swap_page: swapin tgid 2050 pid 2050 name "droid.launcher3" vma 13255000
           <...>-2050  [004] ....  8681.919789: do_swap_page: swapin tgid 2050 pid 2050 name "droid.launcher3" vma 13254000
           <...>-2050  [004] ....  8681.919791: do_swap_page: swapin tgid 2050 pid 2050 name "droid.launcher3" vma 13253000
           <...>-2050  [004] ....  8681.919794: do_swap_page: swapin tgid 2050 pid 2050 name "droid.launcher3" vma 13252000
           <...>-2050  [004] ....  8681.919797: do_swap_page: swapin tgid 2050 pid 2050 name "droid.launcher3" vma 13250000
           <...>-2050  [004] ....  8681.919799: do_swap_page: swapin tgid 2050 pid 2050 name "droid.launcher3" vma 1324f000
           <...>-2050  [004] ....  8681.919802: do_swap_page: swapin tgid 2050 pid 2050 name "droid.launcher3" vma 1324d000
           <...>-2050  [004] ....  8681.919831: do_swap_page: swapin tgid 2050 pid 2050 name "droid.launcher3" vma 1324c000
           <...>-2050  [004] ....  8681.919834: do_swap_page: swapin tgid 2050 pid 2050 name "droid.launcher3" vma 1324a000
           <...>-2050  [004] ....  8681.919837: do_swap_page: swapin tgid 2050 pid 2050 name "droid.launcher3" vma 1324b000
           <...>-2050  [004] ....  8681.919839: do_swap_page: swapin tgid 2050 pid 2050 name "droid.launcher3" vma 13249000
           <...>-2050  [004] ....  8681.919840: do_swap_page: swapin tgid 2050 pid 2050 name "droid.launcher3" vma 13248000
           <...>-2050  [004] ....  8681.919843: do_swap_page: swapin tgid 2050 pid 2050 name "droid.launcher3" vma 13247000
           <...>-2050  [004] ....  8681.919850: do_swap_page: swapin tgid 2050 pid 2050 name "droid.launcher3" vma 9dbc0000
           <...>-2135  [004] ....  8681.919872: do_swap_page: swapin tgid 1676 pid 2135 name "Binder:1676_5" vma 9dee0000
           <...>-2135  [004] ....  8681.919877: do_swap_page: swapin tgid 1676 pid 2135 name "Binder:1676_5" vma 9decc000
           <...>-2257  [004] ....  8681.919966: do_swap_page: swapin tgid 1676 pid 2257 name "ScreenDecoratio" vma 71cc5000
           <...>-2050  [004] ....  8681.920011: do_swap_page: swapin tgid 2050 pid 2050 name "droid.launcher3" vma 9dbc0000
           <...>-2050  [004] ....  8681.920035: do_swap_page: swapin tgid 2050 pid 2050 name "droid.launcher3" vma 9dc16000
           <...>-5420  [004] ....  8681.920101: do_swap_page: swapin tgid 5402 pid 5420 name "Binder:5402_2" vma 7f393cd000
           <...>-5420  [004] ....  8681.920107: do_swap_page: swapin tgid 5402 pid 5420 name "Binder:5402_2" vma 7fbe165000
           <...>-5420  [004] ....  8681.920111: do_swap_page: swapin tgid 5402 pid 5420 name "Binder:5402_2" vma 7f2d451000
           <...>-5420  [004] ....  8681.920116: do_swap_page: swapin tgid 5402 pid 5420 name "Binder:5402_2" vma 7fb9c4f000
           <...>-2135  [004] ....  8681.920135: do_swap_page: swapin tgid 1676 pid 2135 name "Binder:1676_5" vma 9decc000
           <...>-2135  [004] ....  8681.920143: do_swap_page: swapin tgid 1676 pid 2135 name "Binder:1676_5" vma 9dceb000
           <...>-2135  [004] ....  8681.920146: do_swap_page: swapin tgid 1676 pid 2135 name "Binder:1676_5" vma 9dd59000
           <...>-2135  [004] ....  8681.920204: do_swap_page: swapin tgid 1676 pid 2135 name "Binder:1676_5" vma 9dcee000
           <...>-2050  [004] ....  8681.920226: do_swap_page: swapin tgid 2050 pid 2050 name "droid.launcher3" vma 9dc16000
           <...>-2050  [004] ....  8681.920240: do_swap_page: swapin tgid 2050 pid 2050 name "droid.launcher3" vma 9dc1e000
           <...>-2257  [004] ....  8681.920278: do_swap_page: swapin tgid 1676 pid 2257 name "ScreenDecoratio" vma 71cc5000
           <...>-2257  [004] ....  8681.920299: do_swap_page: swapin tgid 1676 pid 2257 name "ScreenDecoratio" vma 71d4a000
           <...>-2257  [004] ....  8681.920334: do_swap_page: swapin tgid 1676 pid 2257 name "ScreenDecoratio" vma 71d49000
           <...>-2050  [004] ....  8681.920422: do_swap_page: swapin tgid 2050 pid 2050 name "droid.launcher3" vma 9dc1e000
           <...>-2050  [004] ....  8681.920428: do_swap_page: swapin tgid 2050 pid 2050 name "droid.launcher3" vma 9dd14000
 ndroid.systemui-1676  [004] ....  8681.920453: do_swap_page: swapin tgid 1676 pid 1676 name "ndroid.systemui" vma 9de7b000
 ndroid.systemui-1676  [004] ....  8681.920458: do_swap_page: swapin tgid 1676 pid 1676 name "ndroid.systemui" vma 9ddb5000
           <...>-2257  [004] ....  8681.920489: do_swap_page: swapin tgid 1676 pid 2257 name "ScreenDecoratio" vma 7ec5cd6000
           <...>-2257  [004] ....  8681.920492: do_swap_page: swapin tgid 1676 pid 2257 name "ScreenDecoratio" vma 7f2d610000
           <...>-2257  [004] ....  8681.920499: do_swap_page: swapin tgid 1676 pid 2257 name "ScreenDecoratio" vma 7eb5a61000
           <...>-2257  [004] ....  8681.920505: do_swap_page: swapin tgid 1676 pid 2257 name "ScreenDecoratio" vma 7eb5a7c000
           <...>-2257  [004] ....  8681.920516: do_swap_page: swapin tgid 1676 pid 2257 name "ScreenDecoratio" vma 13d38000
           <...>-2257  [004] ....  8681.920544: do_swap_page: swapin tgid 1676 pid 2257 name "ScreenDecoratio" vma 7f2d609000
           <...>-2257  [004] ....  8681.920552: do_swap_page: swapin tgid 1676 pid 2257 name "ScreenDecoratio" vma 7f2d60e000
           <...>-2257  [004] ....  8681.920561: do_swap_page: swapin tgid 1676 pid 2257 name "ScreenDecoratio" vma 136a1000
           <...>-2257  [004] ....  8681.920566: do_swap_page: swapin tgid 1676 pid 2257 name "ScreenDecoratio" vma 137c7000
           <...>-2050  [004] ....  8681.920592: do_swap_page: swapin tgid 2050 pid 2050 name "droid.launcher3" vma 9dd14000
           <...>-2050  [004] ....  8681.920597: do_swap_page: swapin tgid 2050 pid 2050 name "droid.launcher3" vma 9dd0e000
           <...>-2257  [004] ....  8681.920675: do_swap_page: swapin tgid 1676 pid 2257 name "ScreenDecoratio" vma 9dd3d000
           <...>-2257  [004] ....  8681.920680: do_swap_page: swapin tgid 1676 pid 2257 name "ScreenDecoratio" vma 9dcbe000
 ndroid.systemui-1676  [004] ....  8681.920703: do_swap_page: swapin tgid 1676 pid 1676 name "ndroid.systemui" vma 9ddb5000
 ndroid.systemui-1676  [004] ....  8681.920725: do_swap_page: swapin tgid 1676 pid 1676 name "ndroid.systemui" vma 13e3e000
           <...>-2050  [004] ....  8681.920790: do_swap_page: swapin tgid 2050 pid 2050 name "droid.launcher3" vma 9dd0e000
           <...>-2050  [004] ....  8681.920802: do_swap_page: swapin tgid 2050 pid 2050 name "droid.launcher3" vma 7f289f7000
           <...>-2050  [004] ....  8681.920813: do_swap_page: swapin tgid 2050 pid 2050 name "droid.launcher3" vma 7ecec88000
           <...>-2050  [004] ....  8681.920817: do_swap_page: swapin tgid 2050 pid 2050 name "droid.launcher3" vma 9dc17000
           <...>-28927 [004] ....  8681.920864: do_swap_page: swapin tgid 17535 pid 28927 name "Binder:17535_5" vma 7f393cd000
           <...>-28927 [004] ....  8681.920871: do_swap_page: swapin tgid 17535 pid 28927 name "Binder:17535_5" vma 7fbe165000
           <...>-2050  [004] ....  8681.920964: do_swap_page: swapin tgid 2050 pid 2050 name "droid.launcher3" vma 9dc17000
           <...>-2050  [004] ....  8681.920994: do_swap_page: swapin tgid 2050 pid 2050 name "droid.launcher3" vma 9dc1c000
           <...>-2050  [004] ....  8681.921111: do_swap_page: swapin tgid 2050 pid 2050 name "droid.launcher3" vma 9dc1c000
           <...>-2050  [004] ....  8681.921126: do_swap_page: swapin tgid 2050 pid 2050 name "droid.launcher3" vma 9dcde000
           <...>-2050  [004] ....  8681.921295: do_swap_page: swapin tgid 2050 pid 2050 name "droid.launcher3" vma 9dcde000
           <...>-2050  [004] ....  8681.921317: do_swap_page: swapin tgid 2050 pid 2050 name "droid.launcher3" vma 7ec9cd1000
           <...>-2050  [004] ....  8681.921321: do_swap_page: swapin tgid 2050 pid 2050 name "droid.launcher3" vma 7f28aca000
