           <...>-1902  [004] ....  6153.530620: do_swap_page: swapin tgid 1871 pid 1902 name "Binder:1871_3" vma 7fbbce9000
           <...>-1902  [004] ....  6153.530629: do_swap_page: swapin tgid 1871 pid 1902 name "Binder:1871_3" vma 7fbe2f1000
           <...>-1902  [004] ....  6153.530633: do_swap_page: swapin tgid 1871 pid 1902 name "Binder:1871_3" vma 7fbe241000
           <...>-1543  [004] ....  6153.530676: do_swap_page: swapin tgid 1338 pid 1543 name "AudioService" vma 9df3f000
           <...>-1543  [004] ....  6153.530686: do_swap_page: swapin tgid 1338 pid 1543 name "AudioService" vma 7eb425c000
           <...>-1543  [004] ....  6153.530745: do_swap_page: swapin tgid 1338 pid 1543 name "AudioService" vma 13ebf000
           <...>-2001  [004] ....  6153.530782: do_swap_page: swapin tgid 1980 pid 2001 name "Binder:1980_3" vma 7fbe241000
           <...>-2001  [004] ....  6153.530791: do_swap_page: swapin tgid 1980 pid 2001 name "Binder:1980_3" vma 7fbe1e9000
  UiThreadHelper-2106  [004] ....  6153.530845: do_swap_page: swapin tgid 2050 pid 2106 name "UiThreadHelper" vma 7f2d477000
  UiThreadHelper-2106  [004] ....  6153.530856: do_swap_page: swapin tgid 2050 pid 2106 name "UiThreadHelper" vma 7f2d468000
           <...>-2210  [004] ....  6153.531076: do_swap_page: swapin tgid 1792 pid 2210 name "Binder:1792_3" vma 7fbe241000
           <...>-2210  [004] ....  6153.531086: do_swap_page: swapin tgid 1792 pid 2210 name "Binder:1792_3" vma 7fbe1e9000
           <...>-1918  [004] ....  6153.531135: do_swap_page: swapin tgid 1918 pid 1918 name "m.android.phone" vma 7f2d477000
           <...>-1918  [004] ....  6153.531147: do_swap_page: swapin tgid 1918 pid 1918 name "m.android.phone" vma 7f28a55000
           <...>-1918  [004] ....  6153.531190: do_swap_page: swapin tgid 1918 pid 1918 name "m.android.phone" vma 7f288c4000
           <...>-1338  [004] ....  6153.531316: do_swap_page: swapin tgid 1338 pid 1338 name "system_server" vma 9dedd000
           <...>-1338  [004] ....  6153.531343: do_swap_page: swapin tgid 1338 pid 1338 name "system_server" vma 9dc84000
           <...>-1338  [004] ....  6153.531361: do_swap_page: swapin tgid 1338 pid 1338 name "system_server" vma 14262000
           <...>-1338  [004] ....  6153.531370: do_swap_page: swapin tgid 1338 pid 1338 name "system_server" vma 14024000
           <...>-1338  [004] ....  6153.531387: do_swap_page: swapin tgid 1338 pid 1338 name "system_server" vma 146e5000
           <...>-1338  [004] ....  6153.531397: do_swap_page: swapin tgid 1338 pid 1338 name "system_server" vma 13ebb000
           <...>-1902  [004] ....  6153.531420: do_swap_page: swapin tgid 1871 pid 1902 name "Binder:1871_3" vma 7fbe241000
           <...>-1902  [004] ....  6153.531430: do_swap_page: swapin tgid 1871 pid 1902 name "Binder:1871_3" vma 7fbe1e9000
           <...>-2001  [004] ....  6153.531478: do_swap_page: swapin tgid 1980 pid 2001 name "Binder:1980_3" vma 7fbe1e9000
           <...>-2001  [004] ....  6153.531488: do_swap_page: swapin tgid 1980 pid 2001 name "Binder:1980_3" vma 7f393cd000
 ScreenDecoratio-2257  [004] ....  6153.531566: do_swap_page: swapin tgid 1676 pid 2257 name "ScreenDecoratio" vma 9de88000
  UiThreadHelper-2106  [004] ....  6153.531664: do_swap_page: swapin tgid 2050 pid 2106 name "UiThreadHelper" vma 7f2d41e000
  UiThreadHelper-2106  [004] ....  6153.531680: do_swap_page: swapin tgid 2050 pid 2106 name "UiThreadHelper" vma 7fbe1f9000
  UiThreadHelper-2106  [004] ....  6153.531687: do_swap_page: swapin tgid 2050 pid 2106 name "UiThreadHelper" vma 13c93000
  UiThreadHelper-2106  [004] ....  6153.531689: do_swap_page: swapin tgid 2050 pid 2106 name "UiThreadHelper" vma 12edf000
  UiThreadHelper-2106  [004] ....  6153.531691: do_swap_page: swapin tgid 2050 pid 2106 name "UiThreadHelper" vma 12ede000
  UiThreadHelper-2106  [004] ....  6153.531718: do_swap_page: swapin tgid 2050 pid 2106 name "UiThreadHelper" vma 13d70000
           <...>-2210  [004] ....  6153.531780: do_swap_page: swapin tgid 1792 pid 2210 name "Binder:1792_3" vma 7fbe1e9000
           <...>-2210  [004] ....  6153.531791: do_swap_page: swapin tgid 1792 pid 2210 name "Binder:1792_3" vma 7f393cd000
           <...>-25392 [004] ....  6153.531837: do_swap_page: swapin tgid 2268 pid 25392 name "Binder:2268_D" vma 7fbe241000
           <...>-25392 [004] ....  6153.531872: do_swap_page: swapin tgid 2268 pid 25392 name "Binder:2268_D" vma 7fbe1e9000
           <...>-25392 [004] ....  6153.531879: do_swap_page: swapin tgid 2268 pid 25392 name "Binder:2268_D" vma 7f393cd000
           <...>-1918  [004] ....  6153.531923: do_swap_page: swapin tgid 1918 pid 1918 name "m.android.phone" vma 7fbe1d0000
           <...>-1918  [004] ....  6153.531943: do_swap_page: swapin tgid 1918 pid 1918 name "m.android.phone" vma 719a1000
           <...>-2001  [004] ....  6153.531985: do_swap_page: swapin tgid 1980 pid 2001 name "Binder:1980_3" vma 7f393cd000
           <...>-2001  [004] ....  6153.531994: do_swap_page: swapin tgid 1980 pid 2001 name "Binder:1980_3" vma 7fbe165000
           <...>-1902  [004] ....  6153.532100: do_swap_page: swapin tgid 1871 pid 1902 name "Binder:1871_3" vma 7fbe1e9000
           <...>-1902  [004] ....  6153.532111: do_swap_page: swapin tgid 1871 pid 1902 name "Binder:1871_3" vma 7f393cd000
           <...>-2210  [004] ....  6153.532211: do_swap_page: swapin tgid 1792 pid 2210 name "Binder:1792_3" vma 7f393cd000
           <...>-2210  [004] ....  6153.532219: do_swap_page: swapin tgid 1792 pid 2210 name "Binder:1792_3" vma 7fbe165000
  UiThreadHelper-2106  [004] ....  6153.532300: do_swap_page: swapin tgid 2050 pid 2106 name "UiThreadHelper" vma 13d70000
  UiThreadHelper-2106  [004] ....  6153.532316: do_swap_page: swapin tgid 2050 pid 2106 name "UiThreadHelper" vma 71d26000
  UiThreadHelper-2106  [004] ....  6153.532329: do_swap_page: swapin tgid 2050 pid 2106 name "UiThreadHelper" vma 71d33000
  UiThreadHelper-2106  [004] ....  6153.532335: do_swap_page: swapin tgid 2050 pid 2106 name "UiThreadHelper" vma 7fbe167000
  UiThreadHelper-2106  [004] ....  6153.532339: do_swap_page: swapin tgid 2050 pid 2106 name "UiThreadHelper" vma 7f3500d000
  UiThreadHelper-2106  [004] ....  6153.532345: do_swap_page: swapin tgid 2050 pid 2106 name "UiThreadHelper" vma 7fbde95000
  UiThreadHelper-2106  [004] ....  6153.532351: do_swap_page: swapin tgid 2050 pid 2106 name "UiThreadHelper" vma 7f34645000
  UiThreadHelper-2106  [004] ....  6153.532355: do_swap_page: swapin tgid 2050 pid 2106 name "UiThreadHelper" vma 13c92000
           <...>-25392 [004] ....  6153.532523: do_swap_page: swapin tgid 2268 pid 25392 name "Binder:2268_D" vma 7f393cd000
           <...>-25392 [004] ....  6153.532534: do_swap_page: swapin tgid 2268 pid 25392 name "Binder:2268_D" vma 7fbe165000
           <...>-25392 [004] ....  6153.532537: do_swap_page: swapin tgid 2268 pid 25392 name "Binder:2268_D" vma 7f28a9e000
           <...>-25392 [004] ....  6153.532544: do_swap_page: swapin tgid 2268 pid 25392 name "Binder:2268_D" vma 7fbae76000
           <...>-25392 [004] ....  6153.532546: do_swap_page: swapin tgid 2268 pid 25392 name "Binder:2268_D" vma 7f28a20000
           <...>-25392 [004] ....  6153.532552: do_swap_page: swapin tgid 2268 pid 25392 name "Binder:2268_D" vma 7f393cb000
           <...>-25392 [004] ....  6153.532555: do_swap_page: swapin tgid 2268 pid 25392 name "Binder:2268_D" vma 7fbe23c000
           <...>-25392 [004] ....  6153.532558: do_swap_page: swapin tgid 2268 pid 25392 name "Binder:2268_D" vma 7f3187e000
           <...>-2001  [004] ....  6153.532625: do_swap_page: swapin tgid 1980 pid 2001 name "Binder:1980_3" vma 7fbe165000
           <...>-2001  [004] ....  6153.532634: do_swap_page: swapin tgid 1980 pid 2001 name "Binder:1980_3" vma 7f28a9a000
           <...>-2001  [004] ....  6153.532644: do_swap_page: swapin tgid 1980 pid 2001 name "Binder:1980_3" vma 7fb9c4f000
           <...>-1902  [004] ....  6153.532681: do_swap_page: swapin tgid 1871 pid 1902 name "Binder:1871_3" vma 7f393cd000
           <...>-1902  [004] ....  6153.532689: do_swap_page: swapin tgid 1871 pid 1902 name "Binder:1871_3" vma 7fbe165000
           <...>-1918  [004] ....  6153.532731: do_swap_page: swapin tgid 1918 pid 1918 name "m.android.phone" vma 719a1000
           <...>-1918  [004] ....  6153.532740: do_swap_page: swapin tgid 1918 pid 1918 name "m.android.phone" vma 14506000
 ScreenDecoratio-2257  [004] ....  6153.532769: do_swap_page: swapin tgid 1676 pid 2257 name "ScreenDecoratio" vma 9de88000
 ScreenDecoratio-2257  [004] ....  6153.532800: do_swap_page: swapin tgid 1676 pid 2257 name "ScreenDecoratio" vma 9ddc7000
           <...>-2210  [004] ....  6153.532854: do_swap_page: swapin tgid 1792 pid 2210 name "Binder:1792_3" vma 7fbe165000
           <...>-2210  [004] ....  6153.532862: do_swap_page: swapin tgid 1792 pid 2210 name "Binder:1792_3" vma 7f2d462000
           <...>-2210  [004] ....  6153.532868: do_swap_page: swapin tgid 1792 pid 2210 name "Binder:1792_3" vma 7fb9c4f000
           <...>-1918  [004] ....  6153.533125: do_swap_page: swapin tgid 1918 pid 1918 name "m.android.phone" vma 14506000
           <...>-1918  [004] ....  6153.533138: do_swap_page: swapin tgid 1918 pid 1918 name "m.android.phone" vma 7fbe167000
           <...>-2001  [004] ....  6153.533181: do_swap_page: swapin tgid 1980 pid 2001 name "Binder:1980_3" vma 7fb9c4f000
           <...>-2001  [004] ....  6153.533192: do_swap_page: swapin tgid 1980 pid 2001 name "Binder:1980_3" vma 7fbae76000
           <...>-1902  [004] ....  6153.533226: do_swap_page: swapin tgid 1871 pid 1902 name "Binder:1871_3" vma 7fbe165000
           <...>-1902  [004] ....  6153.533235: do_swap_page: swapin tgid 1871 pid 1902 name "Binder:1871_3" vma 7f28aaa000
           <...>-1902  [004] ....  6153.533241: do_swap_page: swapin tgid 1871 pid 1902 name "Binder:1871_3" vma 7fb9c4f000
 ScreenDecoratio-2257  [004] ....  6153.533282: do_swap_page: swapin tgid 1676 pid 2257 name "ScreenDecoratio" vma 9ddc7000
           <...>-5447  [004] .n..  6153.533389: do_swap_page: swapin tgid 1338 pid 5447 name "Binder:1338_16" vma 7f28872000
           <...>-5447  [004] ....  6153.533409: do_swap_page: swapin tgid 1338 pid 5447 name "Binder:1338_16" vma 7e724aa000
           <...>-5447  [004] ....  6153.533415: do_swap_page: swapin tgid 1338 pid 5447 name "Binder:1338_16" vma 7e724ab000
           <...>-5447  [004] ....  6153.533418: do_swap_page: swapin tgid 1338 pid 5447 name "Binder:1338_16" vma 7eb4f3d000
           <...>-5447  [004] ....  6153.533432: do_swap_page: swapin tgid 1338 pid 5447 name "Binder:1338_16" vma 7ed0cdd000
           <...>-5447  [004] ....  6153.533437: do_swap_page: swapin tgid 1338 pid 5447 name "Binder:1338_16" vma 7eb4fa5000
           <...>-5447  [004] ....  6153.533440: do_swap_page: swapin tgid 1338 pid 5447 name "Binder:1338_16" vma 7ed0da6000
           <...>-5447  [004] ....  6153.533448: do_swap_page: swapin tgid 1338 pid 5447 name "Binder:1338_16" vma 7eb4fa6000
           <...>-5447  [004] ....  6153.533452: do_swap_page: swapin tgid 1338 pid 5447 name "Binder:1338_16" vma 7e724a8000
           <...>-5447  [004] ....  6153.533469: do_swap_page: swapin tgid 1338 pid 5447 name "Binder:1338_16" vma 7e724a9000
           <...>-5447  [004] ....  6153.533493: do_swap_page: swapin tgid 1338 pid 5447 name "Binder:1338_16" vma 7e6c3db000
           <...>-5447  [004] ....  6153.533499: do_swap_page: swapin tgid 1338 pid 5447 name "Binder:1338_16" vma 7e645a8000
           <...>-5447  [004] ....  6153.533506: do_swap_page: swapin tgid 1338 pid 5447 name "Binder:1338_16" vma 7ed0c34000
           <...>-5447  [004] ....  6153.533511: do_swap_page: swapin tgid 1338 pid 5447 name "Binder:1338_16" vma 7e6c4b7000
           <...>-5447  [004] ....  6153.533518: do_swap_page: swapin tgid 1338 pid 5447 name "Binder:1338_16" vma 7e724a7000
           <...>-2050  [004] ....  6153.533732: do_swap_page: swapin tgid 2050 pid 2050 name "droid.launcher3" vma 13d40000
           <...>-2050  [004] ....  6153.533746: do_swap_page: swapin tgid 2050 pid 2050 name "droid.launcher3" vma 7fbe1e8000
           <...>-5447  [004] ....  6153.533788: do_swap_page: swapin tgid 1338 pid 5447 name "Binder:1338_16" vma 7e724a7000
           <...>-5447  [004] ....  6153.533825: do_swap_page: swapin tgid 1338 pid 5447 name "Binder:1338_16" vma 7e6c2a2000
           <...>-5447  [004] ....  6153.533837: do_swap_page: swapin tgid 1338 pid 5447 name "Binder:1338_16" vma 7ed0e60000
           <...>-5447  [004] ....  6153.533845: do_swap_page: swapin tgid 1338 pid 5447 name "Binder:1338_16" vma 7e879de000
           <...>-5447  [004] ....  6153.533890: do_swap_page: swapin tgid 1338 pid 5447 name "Binder:1338_16" vma 7eb4d07000
           <...>-5447  [004] ....  6153.533914: do_swap_page: swapin tgid 1338 pid 5447 name "Binder:1338_16" vma 7f28957000
           <...>-2050  [004] ....  6153.533949: do_swap_page: swapin tgid 2050 pid 2050 name "droid.launcher3" vma 7fbe1e8000
           <...>-25392 [004] ....  6153.533971: do_swap_page: swapin tgid 2268 pid 25392 name "Binder:2268_D" vma 7f3187e000
           <...>-25392 [004] ....  6153.533980: do_swap_page: swapin tgid 2268 pid 25392 name "Binder:2268_D" vma 12d2f000
           <...>-25392 [004] ....  6153.533993: do_swap_page: swapin tgid 2268 pid 25392 name "Binder:2268_D" vma 7fbe286000
           <...>-25392 [004] ....  6153.533998: do_swap_page: swapin tgid 2268 pid 25392 name "Binder:2268_D" vma 7fbe285000
           <...>-25392 [004] ....  6153.534001: do_swap_page: swapin tgid 2268 pid 25392 name "Binder:2268_D" vma 7f393cc000
           <...>-25392 [004] ....  6153.534004: do_swap_page: swapin tgid 2268 pid 25392 name "Binder:2268_D" vma 7fbe1f8000
           <...>-25392 [004] ....  6153.534010: do_swap_page: swapin tgid 2268 pid 25392 name "Binder:2268_D" vma 13180000
           <...>-25392 [004] ....  6153.534020: do_swap_page: swapin tgid 2268 pid 25392 name "Binder:2268_D" vma 70c44000
           <...>-2210  [004] ....  6153.534060: do_swap_page: swapin tgid 1792 pid 2210 name "Binder:1792_3" vma 7fb9c4f000
           <...>-2210  [004] ....  6153.534069: do_swap_page: swapin tgid 1792 pid 2210 name "Binder:1792_3" vma 7fbae76000
           <...>-1918  [004] ....  6153.534336: do_swap_page: swapin tgid 1918 pid 1918 name "m.android.phone" vma 14597000
           <...>-2001  [004] ....  6153.534374: do_swap_page: swapin tgid 1980 pid 2001 name "Binder:1980_3" vma 7fbae76000
           <...>-2001  [004] ....  6153.534382: do_swap_page: swapin tgid 1980 pid 2001 name "Binder:1980_3" vma 7f28a21000
           <...>-2001  [004] ....  6153.534388: do_swap_page: swapin tgid 1980 pid 2001 name "Binder:1980_3" vma 7f393cb000
           <...>-2001  [004] ....  6153.534390: do_swap_page: swapin tgid 1980 pid 2001 name "Binder:1980_3" vma 7fbe23c000
           <...>-1902  [004] ....  6153.534430: do_swap_page: swapin tgid 1871 pid 1902 name "Binder:1871_3" vma 7fb9c4f000
           <...>-1902  [004] ....  6153.534439: do_swap_page: swapin tgid 1871 pid 1902 name "Binder:1871_3" vma 7fbae76000
 ScreenDecoratio-2257  [004] ....  6153.534572: do_swap_page: swapin tgid 1676 pid 2257 name "ScreenDecoratio" vma 137ce000
           <...>-2210  [004] ....  6153.534728: do_swap_page: swapin tgid 1792 pid 2210 name "Binder:1792_3" vma 7fbae76000
           <...>-2210  [004] ....  6153.534737: do_swap_page: swapin tgid 1792 pid 2210 name "Binder:1792_3" vma 7f2d41a000
           <...>-2210  [004] ....  6153.534742: do_swap_page: swapin tgid 1792 pid 2210 name "Binder:1792_3" vma 7f393cb000
           <...>-2210  [004] ....  6153.534746: do_swap_page: swapin tgid 1792 pid 2210 name "Binder:1792_3" vma 7fbe23c000
           <...>-1918  [004] ....  6153.534962: do_swap_page: swapin tgid 1918 pid 1918 name "m.android.phone" vma 14597000
           <...>-1918  [004] ....  6153.534972: do_swap_page: swapin tgid 1918 pid 1918 name "m.android.phone" vma 12f00000
           <...>-2001  [004] ....  6153.535026: do_swap_page: swapin tgid 1980 pid 2001 name "Binder:1980_3" vma 7fbe23c000
           <...>-2001  [004] ....  6153.535033: do_swap_page: swapin tgid 1980 pid 2001 name "Binder:1980_3" vma 7f28a9b000
           <...>-2001  [004] ....  6153.535038: do_swap_page: swapin tgid 1980 pid 2001 name "Binder:1980_3" vma 7f3187e000
           <...>-1902  [004] ....  6153.535068: do_swap_page: swapin tgid 1871 pid 1902 name "Binder:1871_3" vma 7fbae76000
           <...>-1902  [004] ....  6153.535075: do_swap_page: swapin tgid 1871 pid 1902 name "Binder:1871_3" vma 7f28a21000
           <...>-1902  [004] ....  6153.535081: do_swap_page: swapin tgid 1871 pid 1902 name "Binder:1871_3" vma 7f393cb000
           <...>-1902  [004] ....  6153.535084: do_swap_page: swapin tgid 1871 pid 1902 name "Binder:1871_3" vma 7fbe23c000
           <...>-25392 [004] ....  6153.535125: do_swap_page: swapin tgid 2268 pid 25392 name "Binder:2268_D" vma 70c44000
           <...>-25392 [004] ....  6153.535134: do_swap_page: swapin tgid 2268 pid 25392 name "Binder:2268_D" vma 7f34e92000
           <...>-25392 [004] ....  6153.535141: do_swap_page: swapin tgid 2268 pid 25392 name "Binder:2268_D" vma 71bcc000
           <...>-25392 [004] ....  6153.535157: do_swap_page: swapin tgid 2268 pid 25392 name "Binder:2268_D" vma 7fbe24e000
           <...>-25392 [004] ....  6153.535165: do_swap_page: swapin tgid 2268 pid 25392 name "Binder:2268_D" vma 7f311b5000
           <...>-25392 [004] ....  6153.535197: do_swap_page: swapin tgid 2268 pid 25392 name "Binder:2268_D" vma 7ec341b000
           <...>-25392 [004] ....  6153.535204: do_swap_page: swapin tgid 2268 pid 25392 name "Binder:2268_D" vma 14345000
           <...>-25392 [004] ....  6153.535226: do_swap_page: swapin tgid 2268 pid 25392 name "Binder:2268_D" vma 7fbe1e7000
           <...>-25392 [004] ....  6153.535228: do_swap_page: swapin tgid 2268 pid 25392 name "Binder:2268_D" vma 7fbe17f000
           <...>-25392 [004] ....  6153.535230: do_swap_page: swapin tgid 2268 pid 25392 name "Binder:2268_D" vma 7fbe20a000
           <...>-2210  [004] ....  6153.535502: do_swap_page: swapin tgid 1792 pid 2210 name "Binder:1792_3" vma 7fbe23c000
           <...>-2210  [004] ....  6153.535510: do_swap_page: swapin tgid 1792 pid 2210 name "Binder:1792_3" vma 7f2d463000
           <...>-2210  [004] ....  6153.535515: do_swap_page: swapin tgid 1792 pid 2210 name "Binder:1792_3" vma 7f3187e000
           <...>-2001  [004] ....  6153.535555: do_swap_page: swapin tgid 1980 pid 2001 name "Binder:1980_3" vma 7f3187e000
           <...>-2001  [004] ....  6153.535565: do_swap_page: swapin tgid 1980 pid 2001 name "Binder:1980_3" vma 13788000
           <...>-1918  [004] ....  6153.535596: do_swap_page: swapin tgid 1918 pid 1918 name "m.android.phone" vma 12f00000
           <...>-1918  [004] ....  6153.535656: do_swap_page: swapin tgid 1918 pid 1918 name "m.android.phone" vma 14501000
 ScreenDecoratio-2257  [004] ....  6153.535726: do_swap_page: swapin tgid 1676 pid 2257 name "ScreenDecoratio" vma 9dc8c000
 ScreenDecoratio-2257  [004] ....  6153.535776: do_swap_page: swapin tgid 1676 pid 2257 name "ScreenDecoratio" vma 13cd8000
 ScreenDecoratio-2257  [004] ....  6153.535790: do_swap_page: swapin tgid 1676 pid 2257 name "ScreenDecoratio" vma 9dd5c000
           <...>-1902  [004] ....  6153.535831: do_swap_page: swapin tgid 1871 pid 1902 name "Binder:1871_3" vma 7fbe23c000
           <...>-1902  [004] ....  6153.535862: do_swap_page: swapin tgid 1871 pid 1902 name "Binder:1871_3" vma 7f28aab000
           <...>-1902  [004] ....  6153.535869: do_swap_page: swapin tgid 1871 pid 1902 name "Binder:1871_3" vma 7f3187e000
  UiThreadHelper-2106  [004] ....  6153.535958: do_swap_page: swapin tgid 2050 pid 2106 name "UiThreadHelper" vma 71bd7000
  UiThreadHelper-2106  [004] ....  6153.535969: do_swap_page: swapin tgid 2050 pid 2106 name "UiThreadHelper" vma 12cc1000
  UiThreadHelper-2106  [004] ....  6153.535974: do_swap_page: swapin tgid 2050 pid 2106 name "UiThreadHelper" vma 7f2dc92000
  UiThreadHelper-2106  [004] ....  6153.535977: do_swap_page: swapin tgid 2050 pid 2106 name "UiThreadHelper" vma 132b7000
           <...>-2050  [004] ....  6153.536062: do_swap_page: swapin tgid 2050 pid 2050 name "droid.launcher3" vma 7fbe176000
           <...>-2050  [004] ....  6153.536071: do_swap_page: swapin tgid 2050 pid 2050 name "droid.launcher3" vma 7f28a37000
           <...>-2050  [004] ....  6153.536243: do_swap_page: swapin tgid 2050 pid 2050 name "droid.launcher3" vma 7ec95b9000
           <...>-2050  [004] ....  6153.536254: do_swap_page: swapin tgid 2050 pid 2050 name "droid.launcher3" vma 7f2d04a000
           <...>-2050  [004] ....  6153.536369: do_swap_page: swapin tgid 2050 pid 2050 name "droid.launcher3" vma 13ca4000
           <...>-2050  [004] ....  6153.536375: do_swap_page: swapin tgid 2050 pid 2050 name "droid.launcher3" vma 9dc59000
           <...>-2050  [004] ....  6153.536381: do_swap_page: swapin tgid 2050 pid 2050 name "droid.launcher3" vma 9dce3000
           <...>-2050  [004] ....  6153.536394: do_swap_page: swapin tgid 2050 pid 2050 name "droid.launcher3" vma 9dbd5000
           <...>-2050  [004] ....  6153.536397: do_swap_page: swapin tgid 2050 pid 2050 name "droid.launcher3" vma 9dccc000
           <...>-2210  [004] ....  6153.536462: do_swap_page: swapin tgid 1792 pid 2210 name "Binder:1792_3" vma 7f3187e000
           <...>-2210  [004] ....  6153.536473: do_swap_page: swapin tgid 1792 pid 2210 name "Binder:1792_3" vma 133c5000
           <...>-2050  [004] ....  6153.536542: do_swap_page: swapin tgid 2050 pid 2050 name "droid.launcher3" vma 9dccc000
           <...>-2050  [004] ....  6153.536550: do_swap_page: swapin tgid 2050 pid 2050 name "droid.launcher3" vma 9dccd000
           <...>-2001  [004] ....  6153.536580: do_swap_page: swapin tgid 1980 pid 2001 name "Binder:1980_3" vma 13788000
           <...>-2001  [004] ....  6153.536591: do_swap_page: swapin tgid 1980 pid 2001 name "Binder:1980_3" vma 7fbe286000
           <...>-2001  [004] ....  6153.536595: do_swap_page: swapin tgid 1980 pid 2001 name "Binder:1980_3" vma 7fbe285000
           <...>-2001  [004] ....  6153.536597: do_swap_page: swapin tgid 1980 pid 2001 name "Binder:1980_3" vma 7f393cc000
           <...>-1902  [004] ....  6153.536660: do_swap_page: swapin tgid 1871 pid 1902 name "Binder:1871_3" vma 7f3187e000
           <...>-1902  [004] ....  6153.536692: do_swap_page: swapin tgid 1871 pid 1902 name "Binder:1871_3" vma 132c3000
           <...>-2050  [004] ....  6153.536757: do_swap_page: swapin tgid 2050 pid 2050 name "droid.launcher3" vma 9dccd000
           <...>-2050  [004] ....  6153.536774: do_swap_page: swapin tgid 2050 pid 2050 name "droid.launcher3" vma 7fbe1a4000
           <...>-2050  [004] ....  6153.536783: do_swap_page: swapin tgid 2050 pid 2050 name "droid.launcher3" vma 7fbe1f5000
           <...>-25392 [004] ....  6153.536828: do_swap_page: swapin tgid 2268 pid 25392 name "Binder:2268_D" vma 7fbe20a000
           <...>-25392 [004] ....  6153.536840: do_swap_page: swapin tgid 2268 pid 25392 name "Binder:2268_D" vma 7f3980a000
           <...>-25392 [004] ....  6153.536851: do_swap_page: swapin tgid 2268 pid 25392 name "Binder:2268_D" vma 7f39805000
           <...>-25392 [004] ....  6153.536855: do_swap_page: swapin tgid 2268 pid 25392 name "Binder:2268_D" vma 7fbe1d3000
           <...>-25392 [004] ....  6153.536863: do_swap_page: swapin tgid 2268 pid 25392 name "Binder:2268_D" vma 7f395f0000
           <...>-25392 [004] ....  6153.536869: do_swap_page: swapin tgid 2268 pid 25392 name "Binder:2268_D" vma 12c16000
           <...>-25392 [004] ....  6153.536873: do_swap_page: swapin tgid 2268 pid 25392 name "Binder:2268_D" vma 13aee000
           <...>-25392 [004] ....  6153.536880: do_swap_page: swapin tgid 2268 pid 25392 name "Binder:2268_D" vma 7f34e96000
           <...>-25392 [004] ....  6153.536897: do_swap_page: swapin tgid 2268 pid 25392 name "Binder:2268_D" vma 7f35005000
           <...>-25392 [004] ....  6153.536926: do_swap_page: swapin tgid 2268 pid 25392 name "Binder:2268_D" vma 71bd6000
           <...>-1918  [004] ....  6153.536962: do_swap_page: swapin tgid 1918 pid 1918 name "m.android.phone" vma 14501000
           <...>-1918  [004] ....  6153.536982: do_swap_page: swapin tgid 1918 pid 1918 name "m.android.phone" vma 14584000
           <...>-2050  [004] ....  6153.537029: do_swap_page: swapin tgid 2050 pid 2050 name "droid.launcher3" vma 7fbe1f5000
           <...>-2050  [004] ....  6153.537052: do_swap_page: swapin tgid 2050 pid 2050 name "droid.launcher3" vma 9dcc6000
           <...>-2050  [004] ....  6153.537056: do_swap_page: swapin tgid 2050 pid 2050 name "droid.launcher3" vma 9dc56000
           <...>-2050  [004] ....  6153.537063: do_swap_page: swapin tgid 2050 pid 2050 name "droid.launcher3" vma 12ed6000
           <...>-2050  [004] ....  6153.537065: do_swap_page: swapin tgid 2050 pid 2050 name "droid.launcher3" vma 9dc49000
           <...>-2050  [004] ....  6153.537067: do_swap_page: swapin tgid 2050 pid 2050 name "droid.launcher3" vma 9dc9f000
           <...>-2210  [004] ....  6153.537117: do_swap_page: swapin tgid 1792 pid 2210 name "Binder:1792_3" vma 133c5000
           <...>-2210  [004] ....  6153.537126: do_swap_page: swapin tgid 1792 pid 2210 name "Binder:1792_3" vma 7fbe286000
           <...>-2210  [004] ....  6153.537129: do_swap_page: swapin tgid 1792 pid 2210 name "Binder:1792_3" vma 7fbe285000
           <...>-2210  [004] ....  6153.537132: do_swap_page: swapin tgid 1792 pid 2210 name "Binder:1792_3" vma 7f393cc000
           <...>-2001  [004] ....  6153.537173: do_swap_page: swapin tgid 1980 pid 2001 name "Binder:1980_3" vma 7f393cc000
           <...>-2001  [004] ....  6153.537205: do_swap_page: swapin tgid 1980 pid 2001 name "Binder:1980_3" vma 7fbe1f8000
           <...>-2050  [004] ....  6153.537234: do_swap_page: swapin tgid 2050 pid 2050 name "droid.launcher3" vma 9dc9f000
           <...>-2050  [004] ....  6153.537244: do_swap_page: swapin tgid 2050 pid 2050 name "droid.launcher3" vma 132a0000
           <...>-2050  [004] ....  6153.537255: do_swap_page: swapin tgid 2050 pid 2050 name "droid.launcher3" vma 9dbf4000
           <...>-2050  [004] ....  6153.537259: do_swap_page: swapin tgid 2050 pid 2050 name "droid.launcher3" vma 9dc97000
 ScreenDecoratio-2257  [004] ....  6153.537315: do_swap_page: swapin tgid 1676 pid 2257 name "ScreenDecoratio" vma 9dd5c000
 ScreenDecoratio-2257  [004] ....  6153.537353: do_swap_page: swapin tgid 1676 pid 2257 name "ScreenDecoratio" vma 71d49000
           <...>-2050  [004] ....  6153.537441: do_swap_page: swapin tgid 2050 pid 2050 name "droid.launcher3" vma 9dc97000
           <...>-2050  [004] ....  6153.537448: do_swap_page: swapin tgid 2050 pid 2050 name "droid.launcher3" vma 9dc54000
           <...>-2050  [004] ....  6153.537451: do_swap_page: swapin tgid 2050 pid 2050 name "droid.launcher3" vma 9dc41000
           <...>-2050  [004] ....  6153.537453: do_swap_page: swapin tgid 2050 pid 2050 name "droid.launcher3" vma 9dcd5000
           <...>-2050  [004] ....  6153.537455: do_swap_page: swapin tgid 2050 pid 2050 name "droid.launcher3" vma 9dbe6000
           <...>-2050  [004] ....  6153.537458: do_swap_page: swapin tgid 2050 pid 2050 name "droid.launcher3" vma 9dc52000
           <...>-2050  [004] ....  6153.537459: do_swap_page: swapin tgid 2050 pid 2050 name "droid.launcher3" vma 9dca9000
           <...>-2050  [004] ....  6153.537462: do_swap_page: swapin tgid 2050 pid 2050 name "droid.launcher3" vma 9dc68000
           <...>-2050  [004] ....  6153.537464: do_swap_page: swapin tgid 2050 pid 2050 name "droid.launcher3" vma 9dc5e000
           <...>-2050  [004] ....  6153.537470: do_swap_page: swapin tgid 2050 pid 2050 name "droid.launcher3" vma 719a1000
           <...>-2050  [004] ....  6153.537476: do_swap_page: swapin tgid 2050 pid 2050 name "droid.launcher3" vma 9dc5d000
           <...>-2050  [004] ....  6153.537479: do_swap_page: swapin tgid 2050 pid 2050 name "droid.launcher3" vma 9dc6d000
           <...>-2050  [004] ....  6153.537627: do_swap_page: swapin tgid 2050 pid 2050 name "droid.launcher3" vma 9dc6d000
           <...>-2050  [004] ....  6153.537640: do_swap_page: swapin tgid 2050 pid 2050 name "droid.launcher3" vma 9dc4d000
           <...>-2050  [004] ....  6153.537651: do_swap_page: swapin tgid 2050 pid 2050 name "droid.launcher3" vma 9dc42000
           <...>-2050  [004] ....  6153.537655: do_swap_page: swapin tgid 2050 pid 2050 name "droid.launcher3" vma 9dcb0000
           <...>-1902  [004] ....  6153.537686: do_swap_page: swapin tgid 1871 pid 1902 name "Binder:1871_3" vma 132c3000
           <...>-1902  [004] ....  6153.537696: do_swap_page: swapin tgid 1871 pid 1902 name "Binder:1871_3" vma 7fbe286000
           <...>-1902  [004] ....  6153.537699: do_swap_page: swapin tgid 1871 pid 1902 name "Binder:1871_3" vma 7fbe285000
           <...>-1902  [004] ....  6153.537701: do_swap_page: swapin tgid 1871 pid 1902 name "Binder:1871_3" vma 7f393cc000
      android.ui-1359  [004] ....  6153.537768: do_swap_page: swapin tgid 1338 pid 1359 name "android.ui" vma 9dc78000
      android.ui-1359  [004] ....  6153.537775: do_swap_page: swapin tgid 1338 pid 1359 name "android.ui" vma 9defa000
           <...>-2001  [004] ....  6153.537811: do_swap_page: swapin tgid 1980 pid 2001 name "Binder:1980_3" vma 7fbe1f8000
           <...>-2001  [004] ....  6153.537858: do_swap_page: swapin tgid 1980 pid 2001 name "Binder:1980_3" vma 13780000
           <...>-2050  [004] ....  6153.537901: do_swap_page: swapin tgid 2050 pid 2050 name "droid.launcher3" vma 9dcb0000
           <...>-2050  [004] ....  6153.537934: do_swap_page: swapin tgid 2050 pid 2050 name "droid.launcher3" vma 13c9d000
           <...>-2050  [004] ....  6153.537941: do_swap_page: swapin tgid 2050 pid 2050 name "droid.launcher3" vma 9dc30000
           <...>-2210  [004] ....  6153.537971: do_swap_page: swapin tgid 1792 pid 2210 name "Binder:1792_3" vma 7f393cc000
           <...>-2210  [004] ....  6153.537980: do_swap_page: swapin tgid 1792 pid 2210 name "Binder:1792_3" vma 7fbe1f8000
           <...>-1918  [004] ....  6153.538052: do_swap_page: swapin tgid 1918 pid 1918 name "m.android.phone" vma 14584000
           <...>-1918  [004] ....  6153.538065: do_swap_page: swapin tgid 1918 pid 1918 name "m.android.phone" vma 71bce000
           <...>-2050  [004] ....  6153.538084: do_swap_page: swapin tgid 2050 pid 2050 name "droid.launcher3" vma 9dc30000
           <...>-2050  [004] ....  6153.538092: do_swap_page: swapin tgid 2050 pid 2050 name "droid.launcher3" vma 13d52000
           <...>-2050  [004] ....  6153.538095: do_swap_page: swapin tgid 2050 pid 2050 name "droid.launcher3" vma 9dbe2000
      android.ui-1359  [004] ....  6153.538153: do_swap_page: swapin tgid 1338 pid 1359 name "android.ui" vma 9defa000
      android.ui-1359  [004] ....  6153.538160: do_swap_page: swapin tgid 1338 pid 1359 name "android.ui" vma 9ddb4000
           <...>-1902  [004] ....  6153.538190: do_swap_page: swapin tgid 1871 pid 1902 name "Binder:1871_3" vma 7f393cc000
           <...>-1902  [004] ....  6153.538196: do_swap_page: swapin tgid 1871 pid 1902 name "Binder:1871_3" vma 7fbe1f8000
           <...>-2050  [004] ....  6153.538253: do_swap_page: swapin tgid 2050 pid 2050 name "droid.launcher3" vma 9dbe2000
           <...>-2050  [004] ....  6153.538267: do_swap_page: swapin tgid 2050 pid 2050 name "droid.launcher3" vma 9dbe3000
      android.ui-1359  [004] ....  6153.538366: do_swap_page: swapin tgid 1338 pid 1359 name "android.ui" vma 9ddb4000
           <...>-2050  [004] ....  6153.538403: do_swap_page: swapin tgid 2050 pid 2050 name "droid.launcher3" vma 9dbe3000
           <...>-2050  [004] ....  6153.538409: do_swap_page: swapin tgid 2050 pid 2050 name "droid.launcher3" vma 9dcd3000
           <...>-2001  [004] ....  6153.538500: do_swap_page: swapin tgid 1980 pid 2001 name "Binder:1980_3" vma 13780000
           <...>-2001  [004] ....  6153.538507: do_swap_page: swapin tgid 1980 pid 2001 name "Binder:1980_3" vma 13793000
           <...>-2001  [004] ....  6153.538515: do_swap_page: swapin tgid 1980 pid 2001 name "Binder:1980_3" vma 7fbe24e000
           <...>-2050  [004] ....  6153.538558: do_swap_page: swapin tgid 2050 pid 2050 name "droid.launcher3" vma 9dcd3000
           <...>-2050  [004] ....  6153.538565: do_swap_page: swapin tgid 2050 pid 2050 name "droid.launcher3" vma 13d47000
           <...>-2050  [004] ....  6153.538567: do_swap_page: swapin tgid 2050 pid 2050 name "droid.launcher3" vma 9dbbf000
           <...>-2050  [004] ....  6153.538574: do_swap_page: swapin tgid 2050 pid 2050 name "droid.launcher3" vma 9dce1000
           <...>-2210  [004] ....  6153.538640: do_swap_page: swapin tgid 1792 pid 2210 name "Binder:1792_3" vma 7fbe1f8000
           <...>-2210  [004] ....  6153.538649: do_swap_page: swapin tgid 1792 pid 2210 name "Binder:1792_3" vma 7f2dc8b000
 ScreenDecoratio-2257  [004] ....  6153.538721: do_swap_page: swapin tgid 1676 pid 2257 name "ScreenDecoratio" vma 71d4b000
           <...>-2050  [004] ....  6153.538755: do_swap_page: swapin tgid 2050 pid 2050 name "droid.launcher3" vma 9dce1000
           <...>-2050  [004] ....  6153.538763: do_swap_page: swapin tgid 2050 pid 2050 name "droid.launcher3" vma 13caa000
           <...>-2050  [004] ....  6153.538770: do_swap_page: swapin tgid 2050 pid 2050 name "droid.launcher3" vma 9dcfb000
           <...>-2050  [004] ....  6153.539021: do_swap_page: swapin tgid 2050 pid 2050 name "droid.launcher3" vma 9dcfb000
           <...>-2050  [004] ....  6153.539030: do_swap_page: swapin tgid 2050 pid 2050 name "droid.launcher3" vma 9dbec000
           <...>-2050  [004] ....  6153.539032: do_swap_page: swapin tgid 2050 pid 2050 name "droid.launcher3" vma 9dc5a000
           <...>-2050  [004] ....  6153.539035: do_swap_page: swapin tgid 2050 pid 2050 name "droid.launcher3" vma 9dcb2000
           <...>-2050  [004] ....  6153.539039: do_swap_page: swapin tgid 2050 pid 2050 name "droid.launcher3" vma 9dc5b000
           <...>-2050  [004] ....  6153.539046: do_swap_page: swapin tgid 2050 pid 2050 name "droid.launcher3" vma 9dc6f000
           <...>-2050  [004] .n..  6153.539229: do_swap_page: swapin tgid 2050 pid 2050 name "droid.launcher3" vma 9dc6f000
           <...>-2050  [004] ....  6153.539305: do_swap_page: swapin tgid 2050 pid 2050 name "droid.launcher3" vma 9dbf3000
           <...>-2050  [004] ....  6153.539309: do_swap_page: swapin tgid 2050 pid 2050 name "droid.launcher3" vma 9dca7000
           <...>-2050  [004] ....  6153.539313: do_swap_page: swapin tgid 2050 pid 2050 name "droid.launcher3" vma 9dbc3000
           <...>-2050  [004] ....  6153.539315: do_swap_page: swapin tgid 2050 pid 2050 name "droid.launcher3" vma 9dcf0000
           <...>-1918  [004] ....  6153.539336: do_swap_page: swapin tgid 1918 pid 1918 name "m.android.phone" vma 71bce000
           <...>-1918  [004] ....  6153.539345: do_swap_page: swapin tgid 1918 pid 1918 name "m.android.phone" vma 71cca000
           <...>-1367  [004] ....  6153.539384: do_swap_page: swapin tgid 1338 pid 1367 name "android.bg" vma 1404b000
           <...>-1367  [004] ....  6153.539392: do_swap_page: swapin tgid 1338 pid 1367 name "android.bg" vma 7ec8387000
           <...>-1367  [004] ....  6153.539403: do_swap_page: swapin tgid 1338 pid 1367 name "android.bg" vma 7f28a1f000
           <...>-1367  [004] ....  6153.539422: do_swap_page: swapin tgid 1338 pid 1367 name "android.bg" vma 9dd75000
           <...>-2050  [004] ....  6153.539449: do_swap_page: swapin tgid 2050 pid 2050 name "droid.launcher3" vma 9dcf0000
           <...>-2050  [004] ....  6153.539461: do_swap_page: swapin tgid 2050 pid 2050 name "droid.launcher3" vma 13cac000
           <...>-2050  [004] ....  6153.539463: do_swap_page: swapin tgid 2050 pid 2050 name "droid.launcher3" vma 9dbef000
           <...>-2050  [004] ....  6153.539471: do_swap_page: swapin tgid 2050 pid 2050 name "droid.launcher3" vma 9dc15000
           <...>-2050  [004] ....  6153.539473: do_swap_page: swapin tgid 2050 pid 2050 name "droid.launcher3" vma 9dd05000
      android.ui-1359  [004] ....  6153.539514: do_swap_page: swapin tgid 1338 pid 1359 name "android.ui" vma 9dbf2000
      android.ui-1359  [004] ....  6153.539519: do_swap_page: swapin tgid 1338 pid 1359 name "android.ui" vma 9de8e000
           <...>-1902  [004] ....  6153.539558: do_swap_page: swapin tgid 1871 pid 1902 name "Binder:1871_3" vma 7fbe1f8000
           <...>-1902  [004] ....  6153.539566: do_swap_page: swapin tgid 1871 pid 1902 name "Binder:1871_3" vma 132c0000
           <...>-2050  [004] ....  6153.539612: do_swap_page: swapin tgid 2050 pid 2050 name "droid.launcher3" vma 9dd05000
           <...>-2050  [004] ....  6153.539616: do_swap_page: swapin tgid 2050 pid 2050 name "droid.launcher3" vma 9dcea000
           <...>-2210  [004] ....  6153.539637: do_swap_page: swapin tgid 1792 pid 2210 name "Binder:1792_3" vma 7f2dc8b000
           <...>-2210  [004] ....  6153.539646: do_swap_page: swapin tgid 1792 pid 2210 name "Binder:1792_3" vma 133c0000
           <...>-1918  [004] ....  6153.539673: do_swap_page: swapin tgid 1918 pid 1918 name "m.android.phone" vma 71cca000
           <...>-1918  [004] ....  6153.539678: do_swap_page: swapin tgid 1918 pid 1918 name "m.android.phone" vma 71ccb000
           <...>-1918  [004] ....  6153.539680: do_swap_page: swapin tgid 1918 pid 1918 name "m.android.phone" vma 71ccd000
           <...>-1918  [004] ....  6153.539682: do_swap_page: swapin tgid 1918 pid 1918 name "m.android.phone" vma 71cce000
           <...>-1918  [004] ....  6153.539684: do_swap_page: swapin tgid 1918 pid 1918 name "m.android.phone" vma 71c2c000
           <...>-1918  [004] ....  6153.539723: do_swap_page: swapin tgid 1918 pid 1918 name "m.android.phone" vma 71cd0000
           <...>-1918  [004] ....  6153.539728: do_swap_page: swapin tgid 1918 pid 1918 name "m.android.phone" vma 71d26000
      android.ui-1359  [004] ....  6153.539750: do_swap_page: swapin tgid 1338 pid 1359 name "android.ui" vma 9de8e000
      android.ui-1359  [004] ....  6153.539769: do_swap_page: swapin tgid 1338 pid 1359 name "android.ui" vma 9ddc2000
           <...>-2050  [004] ....  6153.539805: do_swap_page: swapin tgid 2050 pid 2050 name "droid.launcher3" vma 9dcea000
           <...>-2050  [004] ....  6153.539812: do_swap_page: swapin tgid 2050 pid 2050 name "droid.launcher3" vma 13d48000
           <...>-2050  [004] ....  6153.539815: do_swap_page: swapin tgid 2050 pid 2050 name "droid.launcher3" vma 9dc46000
           <...>-2050  [004] ....  6153.539817: do_swap_page: swapin tgid 2050 pid 2050 name "droid.launcher3" vma 9dc9d000
           <...>-1902  [004] ....  6153.539884: do_swap_page: swapin tgid 1871 pid 1902 name "Binder:1871_3" vma 132c0000
           <...>-1902  [004] ....  6153.539890: do_swap_page: swapin tgid 1871 pid 1902 name "Binder:1871_3" vma 132c8000
           <...>-1902  [004] ....  6153.539895: do_swap_page: swapin tgid 1871 pid 1902 name "Binder:1871_3" vma 7fbe24e000
           <...>-2001  [004] ....  6153.539936: do_swap_page: swapin tgid 1980 pid 2001 name "Binder:1980_3" vma 7fbe24e000
           <...>-2001  [004] ....  6153.539948: do_swap_page: swapin tgid 1980 pid 2001 name "Binder:1980_3" vma 7f38d63000
           <...>-2001  [004] ....  6153.539952: do_swap_page: swapin tgid 1980 pid 2001 name "Binder:1980_3" vma 7f2de36000
           <...>-2001  [004] ....  6153.539955: do_swap_page: swapin tgid 1980 pid 2001 name "Binder:1980_3" vma 12dc0000
           <...>-2001  [004] ....  6153.539960: do_swap_page: swapin tgid 1980 pid 2001 name "Binder:1980_3" vma 7f34e93000
           <...>-2001  [004] ....  6153.539962: do_swap_page: swapin tgid 1980 pid 2001 name "Binder:1980_3" vma 12c8a000
           <...>-2001  [004] ....  6153.539967: do_swap_page: swapin tgid 1980 pid 2001 name "Binder:1980_3" vma 7fbe1e7000
           <...>-2050  [004] ....  6153.539995: do_swap_page: swapin tgid 2050 pid 2050 name "droid.launcher3" vma 9dc9d000
           <...>-2050  [004] ....  6153.540002: do_swap_page: swapin tgid 2050 pid 2050 name "droid.launcher3" vma 9dc6e000
      android.ui-1359  [004] ....  6153.540064: do_swap_page: swapin tgid 1338 pid 1359 name "android.ui" vma 9ddc2000
      android.ui-1359  [004] ....  6153.540071: do_swap_page: swapin tgid 1338 pid 1359 name "android.ui" vma 14229000
      android.ui-1359  [004] ....  6153.540075: do_swap_page: swapin tgid 1338 pid 1359 name "android.ui" vma 9dda2000
           <...>-2210  [004] ....  6153.540096: do_swap_page: swapin tgid 1792 pid 2210 name "Binder:1792_3" vma 133c0000
           <...>-2050  [004] ....  6153.540120: do_swap_page: swapin tgid 2050 pid 2050 name "droid.launcher3" vma 9dc6e000
           <...>-2050  [004] ....  6153.540126: do_swap_page: swapin tgid 2050 pid 2050 name "droid.launcher3" vma 9dc67000
           <...>-2050  [004] ....  6153.540128: do_swap_page: swapin tgid 2050 pid 2050 name "droid.launcher3" vma 9dc66000
           <...>-2050  [004] ....  6153.540129: do_swap_page: swapin tgid 2050 pid 2050 name "droid.launcher3" vma 9dcbd000
           <...>-2210  [004] ....  6153.540171: do_swap_page: swapin tgid 1792 pid 2210 name "Binder:1792_3" vma 133d5000
           <...>-2210  [004] ....  6153.540178: do_swap_page: swapin tgid 1792 pid 2210 name "Binder:1792_3" vma 7fbe24e000
           <...>-1902  [004] ....  6153.540203: do_swap_page: swapin tgid 1871 pid 1902 name "Binder:1871_3" vma 7fbe24e000
           <...>-1902  [004] ....  6153.540211: do_swap_page: swapin tgid 1871 pid 1902 name "Binder:1871_3" vma 7f3169e000
           <...>-1902  [004] ....  6153.540215: do_swap_page: swapin tgid 1871 pid 1902 name "Binder:1871_3" vma 7f2de36000
           <...>-1902  [004] ....  6153.540220: do_swap_page: swapin tgid 1871 pid 1902 name "Binder:1871_3" vma 12c43000
           <...>-1902  [004] ....  6153.540224: do_swap_page: swapin tgid 1871 pid 1902 name "Binder:1871_3" vma 7f34e92000
           <...>-1902  [004] ....  6153.540226: do_swap_page: swapin tgid 1871 pid 1902 name "Binder:1871_3" vma 132c2000
           <...>-1902  [004] ....  6153.540230: do_swap_page: swapin tgid 1871 pid 1902 name "Binder:1871_3" vma 7fbe1e7000
           <...>-2050  [004] ....  6153.540285: do_swap_page: swapin tgid 2050 pid 2050 name "droid.launcher3" vma 9dcbd000
           <...>-2050  [004] ....  6153.540292: do_swap_page: swapin tgid 2050 pid 2050 name "droid.launcher3" vma 9dbf6000
      android.ui-1359  [004] ....  6153.540319: do_swap_page: swapin tgid 1338 pid 1359 name "android.ui" vma 9dda2000
      android.ui-1359  [004] ....  6153.540324: do_swap_page: swapin tgid 1338 pid 1359 name "android.ui" vma 9dda0000
 ScreenDecoratio-2257  [004] ....  6153.540389: do_swap_page: swapin tgid 1676 pid 2257 name "ScreenDecoratio" vma 9dc78000
 ScreenDecoratio-2257  [004] ....  6153.540412: do_swap_page: swapin tgid 1676 pid 2257 name "ScreenDecoratio" vma 9dea9000
           <...>-1918  [004] ....  6153.540437: do_swap_page: swapin tgid 1918 pid 1918 name "m.android.phone" vma 71d26000
           <...>-1918  [004] ....  6153.540445: do_swap_page: swapin tgid 1918 pid 1918 name "m.android.phone" vma 71bd3000
           <...>-1918  [004] ....  6153.540448: do_swap_page: swapin tgid 1918 pid 1918 name "m.android.phone" vma 71c5e000
           <...>-1918  [004] ....  6153.540451: do_swap_page: swapin tgid 1918 pid 1918 name "m.android.phone" vma 71c5f000
           <...>-1918  [004] ....  6153.540454: do_swap_page: swapin tgid 1918 pid 1918 name "m.android.phone" vma 71bfc000
           <...>-1918  [004] ....  6153.540459: do_swap_page: swapin tgid 1918 pid 1918 name "m.android.phone" vma 71c64000
           <...>-2050  [004] ....  6153.540512: do_swap_page: swapin tgid 2050 pid 2050 name "droid.launcher3" vma 9dbf6000
           <...>-2050  [004] ....  6153.540525: do_swap_page: swapin tgid 2050 pid 2050 name "droid.launcher3" vma 9dcdb000
      android.ui-1359  [004] ....  6153.540605: do_swap_page: swapin tgid 1338 pid 1359 name "android.ui" vma 9dda0000
      android.ui-1359  [004] .n..  6153.540692: do_swap_page: swapin tgid 1338 pid 1359 name "android.ui" vma 9dbc3000
           <...>-2050  [004] ....  6153.540700: do_swap_page: swapin tgid 2050 pid 2050 name "droid.launcher3" vma 9dcdb000
           <...>-2050  [004] ....  6153.540708: do_swap_page: swapin tgid 2050 pid 2050 name "droid.launcher3" vma 9dbfb000
           <...>-2050  [004] ....  6153.540709: do_swap_page: swapin tgid 2050 pid 2050 name "droid.launcher3" vma 9dcc5000
           <...>-2050  [004] ....  6153.540713: do_swap_page: swapin tgid 2050 pid 2050 name "droid.launcher3" vma 9dcbe000
           <...>-2050  [004] ....  6153.540716: do_swap_page: swapin tgid 2050 pid 2050 name "droid.launcher3" vma 9dbe1000
           <...>-2050  [004] ....  6153.540718: do_swap_page: swapin tgid 2050 pid 2050 name "droid.launcher3" vma 9dcd2000
      android.ui-1359  [004] ....  6153.540742: do_swap_page: swapin tgid 1338 pid 1359 name "android.ui" vma 14648000
      android.ui-1359  [004] ....  6153.540745: do_swap_page: swapin tgid 1338 pid 1359 name "android.ui" vma 9dcb3000
      android.ui-1359  [004] ....  6153.540751: do_swap_page: swapin tgid 1338 pid 1359 name "android.ui" vma 9dcb4000
      android.ui-1359  [004] ....  6153.540752: do_swap_page: swapin tgid 1338 pid 1359 name "android.ui" vma 9de01000
           <...>-2001  [004] ....  6153.540777: do_swap_page: swapin tgid 1980 pid 2001 name "Binder:1980_3" vma 7fbe1e7000
           <...>-2001  [004] ....  6153.540782: do_swap_page: swapin tgid 1980 pid 2001 name "Binder:1980_3" vma 7fbe17f000
           <...>-2210  [004] ....  6153.540807: do_swap_page: swapin tgid 1792 pid 2210 name "Binder:1792_3" vma 7fbe24e000
           <...>-2050  [004] ....  6153.540832: do_swap_page: swapin tgid 2050 pid 2050 name "droid.launcher3" vma 9dcd2000
           <...>-2050  [004] ....  6153.540838: do_swap_page: swapin tgid 2050 pid 2050 name "droid.launcher3" vma 13cb3000
           <...>-2050  [004] ....  6153.540844: do_swap_page: swapin tgid 2050 pid 2050 name "droid.launcher3" vma 7fbe2f6000
           <...>-2050  [004] ....  6153.540855: do_swap_page: swapin tgid 2050 pid 2050 name "droid.launcher3" vma 7f28892000
           <...>-2050  [004] ....  6153.540861: do_swap_page: swapin tgid 2050 pid 2050 name "droid.launcher3" vma 7ecea8e000
           <...>-2050  [004] ....  6153.540865: do_swap_page: swapin tgid 2050 pid 2050 name "droid.launcher3" vma 7f288d6000
           <...>-2210  [004] ....  6153.540893: do_swap_page: swapin tgid 1792 pid 2210 name "Binder:1792_3" vma 7f3147b000
           <...>-2210  [004] ....  6153.540898: do_swap_page: swapin tgid 1792 pid 2210 name "Binder:1792_3" vma 7f2dc8c000
           <...>-2210  [004] ....  6153.540901: do_swap_page: swapin tgid 1792 pid 2210 name "Binder:1792_3" vma 12c44000
           <...>-2210  [004] ....  6153.540905: do_swap_page: swapin tgid 1792 pid 2210 name "Binder:1792_3" vma 7f34e92000
           <...>-2210  [004] ....  6153.540907: do_swap_page: swapin tgid 1792 pid 2210 name "Binder:1792_3" vma 133c4000
           <...>-2210  [004] ....  6153.540911: do_swap_page: swapin tgid 1792 pid 2210 name "Binder:1792_3" vma 7fbe1e7000
      android.ui-1359  [004] ....  6153.540962: do_swap_page: swapin tgid 1338 pid 1359 name "android.ui" vma 9de01000
      android.ui-1359  [004] ....  6153.540972: do_swap_page: swapin tgid 1338 pid 1359 name "android.ui" vma 1464a000
      android.ui-1359  [004] ....  6153.540979: do_swap_page: swapin tgid 1338 pid 1359 name "android.ui" vma 9dc64000
      android.ui-1359  [004] ....  6153.540981: do_swap_page: swapin tgid 1338 pid 1359 name "android.ui" vma 9dd99000
           <...>-1902  [004] ....  6153.541003: do_swap_page: swapin tgid 1871 pid 1902 name "Binder:1871_3" vma 7fbe1e7000
           <...>-1902  [004] ....  6153.541008: do_swap_page: swapin tgid 1871 pid 1902 name "Binder:1871_3" vma 7fbe17f000
           <...>-1918  [004] ....  6153.541032: do_swap_page: swapin tgid 1918 pid 1918 name "m.android.phone" vma 71c64000
           <...>-1918  [004] ....  6153.541039: do_swap_page: swapin tgid 1918 pid 1918 name "m.android.phone" vma 71bfd000
           <...>-1918  [004] ....  6153.541048: do_swap_page: swapin tgid 1918 pid 1918 name "m.android.phone" vma 71bd2000
           <...>-1918  [004] ....  6153.541051: do_swap_page: swapin tgid 1918 pid 1918 name "m.android.phone" vma 71c7d000
           <...>-2050  [004] ....  6153.541083: do_swap_page: swapin tgid 2050 pid 2050 name "droid.launcher3" vma 7f288d6000
           <...>-2050  [004] ....  6153.541089: do_swap_page: swapin tgid 2050 pid 2050 name "droid.launcher3" vma 7f28a3e000
           <...>-2050  [004] ....  6153.541112: do_swap_page: swapin tgid 2050 pid 2050 name "droid.launcher3" vma 9dc53000
           <...>-2050  [004] ....  6153.541145: do_swap_page: swapin tgid 2050 pid 2050 name "droid.launcher3" vma 9dc60000
           <...>-2050  [004] ....  6153.541148: do_swap_page: swapin tgid 2050 pid 2050 name "droid.launcher3" vma 9dcb7000
 ScreenDecoratio-2257  [004] ....  6153.541177: do_swap_page: swapin tgid 1676 pid 2257 name "ScreenDecoratio" vma 9dea9000
 ScreenDecoratio-2257  [004] ....  6153.541183: do_swap_page: swapin tgid 1676 pid 2257 name "ScreenDecoratio" vma 9de46000
           <...>-2001  [004] ....  6153.541207: do_swap_page: swapin tgid 1980 pid 2001 name "Binder:1980_3" vma 7fbe17f000
           <...>-2001  [004] ....  6153.541212: do_swap_page: swapin tgid 1980 pid 2001 name "Binder:1980_3" vma 7fbe20a000
      android.ui-1359  [004] ....  6153.541250: do_swap_page: swapin tgid 1338 pid 1359 name "android.ui" vma 9dd99000
