           <...>-5858  [004] ....  4465.010998: do_swap_page: swapin tgid 5839 pid 5858 name "Binder:5839_3" vma 7fbe1d3000
           <...>-5858  [004] ....  4465.011002: do_swap_page: swapin tgid 5839 pid 5858 name "Binder:5839_3" vma 7f28b55000
           <...>-5858  [004] ....  4465.011007: do_swap_page: swapin tgid 5839 pid 5858 name "Binder:5839_3" vma 7f2d145000
           <...>-5858  [004] ....  4465.011009: do_swap_page: swapin tgid 5839 pid 5858 name "Binder:5839_3" vma 7f39800000
           <...>-5858  [004] ....  4465.011013: do_swap_page: swapin tgid 5839 pid 5858 name "Binder:5839_3" vma 7f395f0000
 ScreenDecoratio-2208  [004] ....  4465.011071: do_swap_page: swapin tgid 1683 pid 2208 name "ScreenDecoratio" vma 9f04c000
 ScreenDecoratio-2208  [004] ....  4465.011089: do_swap_page: swapin tgid 1683 pid 2208 name "ScreenDecoratio" vma 73109000
 ScreenDecoratio-2208  [004] ....  4465.011092: do_swap_page: swapin tgid 1683 pid 2208 name "ScreenDecoratio" vma 7310e000
 ScreenDecoratio-2208  [004] ....  4465.011099: do_swap_page: swapin tgid 1683 pid 2208 name "ScreenDecoratio" vma 13ccd000
 ScreenDecoratio-2208  [004] ....  4465.011105: do_swap_page: swapin tgid 1683 pid 2208 name "ScreenDecoratio" vma 9f11c000
           <...>-2844  [004] ....  4465.011158: do_swap_page: swapin tgid 2815 pid 2844 name "Binder:2815_1" vma 7f393d1000
           <...>-2844  [004] ....  4465.011164: do_swap_page: swapin tgid 2815 pid 2844 name "Binder:2815_1" vma 7fbe1f8000
           <...>-5858  [004] ....  4465.011185: do_swap_page: swapin tgid 5839 pid 5858 name "Binder:5839_3" vma 7f395f0000
           <...>-5858  [004] ....  4465.011191: do_swap_page: swapin tgid 5839 pid 5858 name "Binder:5839_3" vma 145c1000
    android.anim-1359  [004] ....  4465.011219: do_swap_page: swapin tgid 1335 pid 1359 name "android.anim" vma 9f17c000
    android.anim-1359  [004] ....  4465.011225: do_swap_page: swapin tgid 1335 pid 1359 name "android.anim" vma 9f05b000
    android.anim-1359  [004] ....  4465.011226: do_swap_page: swapin tgid 1335 pid 1359 name "android.anim" vma 9f19f000
 ndroid.systemui-1683  [004] ....  4465.011264: do_swap_page: swapin tgid 1683 pid 1683 name "ndroid.systemui" vma 9f00d000
           <...>-5239  [004] ....  4465.011406: do_swap_page: swapin tgid 5221 pid 5239 name "Binder:5221_2" vma 7f2d616000
           <...>-5239  [004] ....  4465.011412: do_swap_page: swapin tgid 5221 pid 5239 name "Binder:5221_2" vma 7f2d62a000
           <...>-5239  [004] ....  4465.011417: do_swap_page: swapin tgid 5221 pid 5239 name "Binder:5221_2" vma 7fb9e3f000
           <...>-5239  [004] ....  4465.011420: do_swap_page: swapin tgid 5221 pid 5239 name "Binder:5221_2" vma 7fbe2f3000
           <...>-5239  [004] ....  4465.011423: do_swap_page: swapin tgid 5221 pid 5239 name "Binder:5221_2" vma 7fbe241000
           <...>-2844  [004] ....  4465.011441: do_swap_page: swapin tgid 2815 pid 2844 name "Binder:2815_1" vma 7fbe1f8000
           <...>-2844  [004] ....  4465.011448: do_swap_page: swapin tgid 2815 pid 2844 name "Binder:2815_1" vma 7f2e16e000
 ScreenDecoratio-2208  [004] ....  4465.011470: do_swap_page: swapin tgid 1683 pid 2208 name "ScreenDecoratio" vma 9f11c000
 ScreenDecoratio-2208  [004] ....  4465.011478: do_swap_page: swapin tgid 1683 pid 2208 name "ScreenDecoratio" vma 730f6000
    android.anim-1359  [004] ....  4465.011517: do_swap_page: swapin tgid 1335 pid 1359 name "android.anim" vma 9f19f000
    android.anim-1359  [004] ....  4465.011523: do_swap_page: swapin tgid 1335 pid 1359 name "android.anim" vma 9ef96000
    android.anim-1359  [004] ....  4465.011549: do_swap_page: swapin tgid 1335 pid 1359 name "android.anim" vma 9f197000
           <...>-2844  [004] ....  4465.011590: do_swap_page: swapin tgid 2815 pid 2844 name "Binder:2815_1" vma 7f2e16e000
           <...>-2844  [004] ....  4465.011597: do_swap_page: swapin tgid 2815 pid 2844 name "Binder:2815_1" vma 14800000
           <...>-5858  [004] ....  4465.011622: do_swap_page: swapin tgid 5839 pid 5858 name "Binder:5839_3" vma 145c1000
           <...>-5858  [004] ....  4465.011629: do_swap_page: swapin tgid 5839 pid 5858 name "Binder:5839_3" vma 145d4000
           <...>-5858  [004] ....  4465.011635: do_swap_page: swapin tgid 5839 pid 5858 name "Binder:5839_3" vma 12c85000
           <...>-5858  [004] ....  4465.011637: do_swap_page: swapin tgid 5839 pid 5858 name "Binder:5839_3" vma 7f3507f000
           <...>-5858  [004] ....  4465.011640: do_swap_page: swapin tgid 5839 pid 5858 name "Binder:5839_3" vma 7f34f06000
           <...>-5858  [004] ....  4465.011647: do_swap_page: swapin tgid 5839 pid 5858 name "Binder:5839_3" vma 7f2d62d000
           <...>-5858  [004] ....  4465.011651: do_swap_page: swapin tgid 5839 pid 5858 name "Binder:5839_3" vma 7fbe22e000
           <...>-5858  [004] ....  4465.011663: do_swap_page: swapin tgid 5839 pid 5858 name "Binder:5839_3" vma 72f96000
           <...>-5839  [004] ....  4465.011688: do_swap_page: swapin tgid 5839 pid 5839 name "droid.bluetooth" vma 7fffffd000
           <...>-5839  [004] ....  4465.011697: do_swap_page: swapin tgid 5839 pid 5839 name "droid.bluetooth" vma 7fbe491000
    android.anim-1359  [004] ....  4465.011739: do_swap_page: swapin tgid 1335 pid 1359 name "android.anim" vma 9f197000
    android.anim-1359  [004] ....  4465.011746: do_swap_page: swapin tgid 1335 pid 1359 name "android.anim" vma 14805000
    android.anim-1359  [004] ....  4465.011755: do_swap_page: swapin tgid 1335 pid 1359 name "android.anim" vma 7e8581c000
    android.anim-1359  [004] ....  4465.011762: do_swap_page: swapin tgid 1335 pid 1359 name "android.anim" vma 14a17000
    android.anim-1359  [004] ....  4465.011787: do_swap_page: swapin tgid 1335 pid 1359 name "android.anim" vma 9efff000
    android.anim-1359  [004] ....  4465.011793: do_swap_page: swapin tgid 1335 pid 1359 name "android.anim" vma 9f04e000
    android.anim-1359  [004] ....  4465.011826: do_swap_page: swapin tgid 1335 pid 1359 name "android.anim" vma 9f028000
    android.anim-1359  [004] ....  4465.011831: do_swap_page: swapin tgid 1335 pid 1359 name "android.anim" vma 9f289000
           <...>-11423 [004] ....  4465.011876: do_swap_page: swapin tgid 11121 pid 11423 name "Binder:11121_6" vma 7f28ac2000
           <...>-11423 [004] ....  4465.011881: do_swap_page: swapin tgid 11121 pid 11423 name "Binder:11121_6" vma 7f28b02000
           <...>-11423 [004] ....  4465.011886: do_swap_page: swapin tgid 11121 pid 11423 name "Binder:11121_6" vma 7fb9e3f000
           <...>-2844  [004] ....  4465.011955: do_swap_page: swapin tgid 2815 pid 2844 name "Binder:2815_1" vma 14800000
           <...>-2844  [004] ....  4465.011960: do_swap_page: swapin tgid 2815 pid 2844 name "Binder:2815_1" vma 1480c000
           <...>-2844  [004] ....  4465.011966: do_swap_page: swapin tgid 2815 pid 2844 name "Binder:2815_1" vma 7fbe24e000
    android.anim-1359  [004] ....  4465.012015: do_swap_page: swapin tgid 1335 pid 1359 name "android.anim" vma 9f289000
    android.anim-1359  [004] ....  4465.012033: do_swap_page: swapin tgid 1335 pid 1359 name "android.anim" vma 13f6d000
    android.anim-1359  [004] ....  4465.012043: do_swap_page: swapin tgid 1335 pid 1359 name "android.anim" vma 13c4d000
    android.anim-1359  [004] ....  4465.012048: do_swap_page: swapin tgid 1335 pid 1359 name "android.anim" vma 7f20dfd000
 ndroid.systemui-1683  [004] ....  4465.012110: do_swap_page: swapin tgid 1683 pid 1683 name "ndroid.systemui" vma 13c88000
 ndroid.systemui-1683  [004] ....  4465.012125: do_swap_page: swapin tgid 1683 pid 1683 name "ndroid.systemui" vma 9f0ca000
 ndroid.systemui-1683  [004] ....  4465.012128: do_swap_page: swapin tgid 1683 pid 1683 name "ndroid.systemui" vma 9f23b000
           <...>-5839  [004] ....  4465.012153: do_swap_page: swapin tgid 5839 pid 5839 name "droid.bluetooth" vma 7fbe491000
           <...>-5839  [004] ....  4465.012161: do_swap_page: swapin tgid 5839 pid 5839 name "droid.bluetooth" vma 7fbe1a2000
           <...>-5839  [004] ....  4465.012163: do_swap_page: swapin tgid 5839 pid 5839 name "droid.bluetooth" vma 7fbe1a3000
           <...>-5839  [004] ....  4465.012165: do_swap_page: swapin tgid 5839 pid 5839 name "droid.bluetooth" vma 7fbe25a000
           <...>-5839  [004] ....  4465.012169: do_swap_page: swapin tgid 5839 pid 5839 name "droid.bluetooth" vma 7fffffb000
           <...>-2844  [004] ....  4465.012268: do_swap_page: swapin tgid 2815 pid 2844 name "Binder:2815_1" vma 7fbe24e000
           <...>-2844  [004] ....  4465.012277: do_swap_page: swapin tgid 2815 pid 2844 name "Binder:2815_1" vma 7f314df000
           <...>-2844  [004] ....  4465.012281: do_swap_page: swapin tgid 2815 pid 2844 name "Binder:2815_1" vma 7f2e16f000
           <...>-2844  [004] ....  4465.012283: do_swap_page: swapin tgid 2815 pid 2844 name "Binder:2815_1" vma 12cc0000
           <...>-2844  [004] ....  4465.012291: do_swap_page: swapin tgid 2815 pid 2844 name "Binder:2815_1" vma 7f34f0d000
           <...>-2844  [004] ....  4465.012293: do_swap_page: swapin tgid 2815 pid 2844 name "Binder:2815_1" vma 14802000
           <...>-2844  [004] ....  4465.012295: do_swap_page: swapin tgid 2815 pid 2844 name "Binder:2815_1" vma 14803000
           <...>-2844  [004] ....  4465.012297: do_swap_page: swapin tgid 2815 pid 2844 name "Binder:2815_1" vma 7fbe1e7000
           <...>-5839  [004] ....  4465.012406: do_swap_page: swapin tgid 5839 pid 5839 name "droid.bluetooth" vma 7fffffb000
           <...>-5839  [004] ....  4465.012412: do_swap_page: swapin tgid 5839 pid 5839 name "droid.bluetooth" vma 72f78000
           <...>-17708 [004] ....  4465.012463: do_swap_page: swapin tgid 11226 pid 17708 name "Binder:11226_5" vma 7f393d2000
           <...>-17708 [004] ....  4465.012469: do_swap_page: swapin tgid 11226 pid 17708 name "Binder:11226_5" vma 7fbe165000
           <...>-2844  [004] ....  4465.012573: do_swap_page: swapin tgid 2815 pid 2844 name "Binder:2815_1" vma 7fbe1e7000
           <...>-2844  [004] ....  4465.012578: do_swap_page: swapin tgid 2815 pid 2844 name "Binder:2815_1" vma 7fbe17f000
           <...>-5839  [004] ....  4465.012627: do_swap_page: swapin tgid 5839 pid 5839 name "droid.bluetooth" vma 72f78000
           <...>-5839  [004] ....  4465.012633: do_swap_page: swapin tgid 5839 pid 5839 name "droid.bluetooth" vma 730e5000
 ScreenDecoratio-2208  [004] ....  4465.012684: do_swap_page: swapin tgid 1683 pid 2208 name "ScreenDecoratio" vma 9f038000
 ScreenDecoratio-2208  [004] ....  4465.012688: do_swap_page: swapin tgid 1683 pid 2208 name "ScreenDecoratio" vma 9f269000
           <...>-2844  [004] ....  4465.012730: do_swap_page: swapin tgid 2815 pid 2844 name "Binder:2815_1" vma 7fbe17f000
           <...>-2844  [004] ....  4465.012735: do_swap_page: swapin tgid 2815 pid 2844 name "Binder:2815_1" vma 7fbe20a000
           <...>-5839  [004] ....  4465.012788: do_swap_page: swapin tgid 5839 pid 5839 name "droid.bluetooth" vma 730e5000
           <...>-5839  [004] ....  4465.012793: do_swap_page: swapin tgid 5839 pid 5839 name "droid.bluetooth" vma 145c5000
           <...>-5839  [004] ....  4465.012797: do_swap_page: swapin tgid 5839 pid 5839 name "droid.bluetooth" vma 7fbde99000
           <...>-5839  [004] ....  4465.012802: do_swap_page: swapin tgid 5839 pid 5839 name "droid.bluetooth" vma 12c86000
           <...>-5839  [004] ....  4465.012807: do_swap_page: swapin tgid 5839 pid 5839 name "droid.bluetooth" vma 9ef9a000
           <...>-15187 [004] ....  4465.012842: do_swap_page: swapin tgid 11286 pid 15187 name "Binder:11286_4" vma 7fbe241000
           <...>-15187 [004] ....  4465.012850: do_swap_page: swapin tgid 11286 pid 15187 name "Binder:11286_4" vma 7fbe1e9000
           <...>-15187 [004] ....  4465.012853: do_swap_page: swapin tgid 11286 pid 15187 name "Binder:11286_4" vma 7fbe165000
           <...>-15187 [004] ....  4465.012856: do_swap_page: swapin tgid 11286 pid 15187 name "Binder:11286_4" vma 7f2d611000
           <...>-15187 [004] ....  4465.012863: do_swap_page: swapin tgid 11286 pid 15187 name "Binder:11286_4" vma 7fbc5de000
 ScreenDecoratio-2208  [004] ....  4465.012895: do_swap_page: swapin tgid 1683 pid 2208 name "ScreenDecoratio" vma 9f269000
 ScreenDecoratio-2208  [004] ....  4465.012900: do_swap_page: swapin tgid 1683 pid 2208 name "ScreenDecoratio" vma 9f206000
           <...>-5839  [004] ....  4465.012943: do_swap_page: swapin tgid 5839 pid 5839 name "droid.bluetooth" vma 9ef9a000
           <...>-5839  [004] ....  4465.012948: do_swap_page: swapin tgid 5839 pid 5839 name "droid.bluetooth" vma 9efdb000
           <...>-2844  [004] ....  4465.012970: do_swap_page: swapin tgid 2815 pid 2844 name "Binder:2815_1" vma 7fbe20a000
           <...>-2844  [004] ....  4465.012977: do_swap_page: swapin tgid 2815 pid 2844 name "Binder:2815_1" vma 7fbc5e1000
           <...>-2844  [004] ....  4465.012979: do_swap_page: swapin tgid 2815 pid 2844 name "Binder:2815_1" vma 7fbc5dd000
    android.anim-1359  [004] ....  4465.013000: do_swap_page: swapin tgid 1335 pid 1359 name "android.anim" vma 7f20dfd000
    android.anim-1359  [004] ....  4465.013029: do_swap_page: swapin tgid 1335 pid 1359 name "android.anim" vma 7fbbb12000
 ndroid.systemui-1683  [004] ....  4465.013058: do_swap_page: swapin tgid 1683 pid 1683 name "ndroid.systemui" vma 9f23b000
 ndroid.systemui-1683  [004] ....  4465.013063: do_swap_page: swapin tgid 1683 pid 1683 name "ndroid.systemui" vma 9f175000
 ScreenDecoratio-2208  [004] ....  4465.013099: do_swap_page: swapin tgid 1683 pid 2208 name "ScreenDecoratio" vma 9f206000
 ScreenDecoratio-2208  [004] ....  4465.013103: do_swap_page: swapin tgid 1683 pid 2208 name "ScreenDecoratio" vma 9f039000
 ScreenDecoratio-2208  [004] ....  4465.013116: do_swap_page: swapin tgid 1683 pid 2208 name "ScreenDecoratio" vma 13d33000
 ScreenDecoratio-2208  [004] ....  4465.013139: do_swap_page: swapin tgid 1683 pid 2208 name "ScreenDecoratio" vma 7fbe1d5000
           <...>-11417 [004] ....  4465.013237: do_swap_page: swapin tgid 11382 pid 11417 name "Binder:11382_3" vma e551c000
           <...>-11417 [004] ....  4465.013243: do_swap_page: swapin tgid 11382 pid 11417 name "Binder:11382_3" vma e5535000
           <...>-11417 [004] ....  4465.013248: do_swap_page: swapin tgid 11382 pid 11417 name "Binder:11382_3" vma f72b5000
    RenderThread-2146  [004] ....  4465.013295: do_swap_page: swapin tgid 1683 pid 2146 name "RenderThread" vma 7eca641000
           <...>-5839  [004] ....  4465.013307: do_swap_page: swapin tgid 5839 pid 5839 name "droid.bluetooth" vma 9efdb000
           <...>-5839  [004] ....  4465.013312: do_swap_page: swapin tgid 5839 pid 5839 name "droid.bluetooth" vma 9efb7000
           <...>-11676 [004] ....  4465.013497: do_swap_page: swapin tgid 11661 pid 11676 name "Binder:11661_2" vma 7fbe1fd000
           <...>-11676 [004] ....  4465.013510: do_swap_page: swapin tgid 11661 pid 11676 name "Binder:11661_2" vma 7fbe22b000
           <...>-11676 [004] ....  4465.013512: do_swap_page: swapin tgid 11661 pid 11676 name "Binder:11661_2" vma 7fbe165000
           <...>-5839  [004] ....  4465.013531: do_swap_page: swapin tgid 5839 pid 5839 name "droid.bluetooth" vma 9efb7000
           <...>-5839  [004] ....  4465.013537: do_swap_page: swapin tgid 5839 pid 5839 name "droid.bluetooth" vma 7ed310a000
           <...>-2844  [004] ....  4465.013561: do_swap_page: swapin tgid 2815 pid 2844 name "Binder:2815_1" vma 7fbc5dd000
           <...>-2844  [004] ....  4465.013566: do_swap_page: swapin tgid 2815 pid 2844 name "Binder:2815_1" vma 7fbe310000
           <...>-2844  [004] ....  4465.013568: do_swap_page: swapin tgid 2815 pid 2844 name "Binder:2815_1" vma 7fbe311000
           <...>-2844  [004] ....  4465.013574: do_swap_page: swapin tgid 2815 pid 2844 name "Binder:2815_1" vma 7f2d67a000
           <...>-2844  [004] ....  4465.013578: do_swap_page: swapin tgid 2815 pid 2844 name "Binder:2815_1" vma 7f2d61e000
           <...>-2844  [004] ....  4465.013580: do_swap_page: swapin tgid 2815 pid 2844 name "Binder:2815_1" vma 7f2d16b000
    android.anim-1359  [004] ....  4465.013602: do_swap_page: swapin tgid 1335 pid 1359 name "android.anim" vma 7fbbb12000
    android.anim-1359  [004] ....  4465.013611: do_swap_page: swapin tgid 1335 pid 1359 name "android.anim" vma 140d1000
    android.anim-1359  [004] ....  4465.013615: do_swap_page: swapin tgid 1335 pid 1359 name "android.anim" vma 9f27d000
 ScreenDecoratio-2208  [004] ....  4465.013670: do_swap_page: swapin tgid 1683 pid 2208 name "ScreenDecoratio" vma 7f28987000
 ScreenDecoratio-2208  [004] ....  4465.013675: do_swap_page: swapin tgid 1683 pid 2208 name "ScreenDecoratio" vma 7fbe188000
 ndroid.systemui-1683  [004] ....  4465.013706: do_swap_page: swapin tgid 1683 pid 1683 name "ndroid.systemui" vma 9f175000
 ndroid.systemui-1683  [004] ....  4465.013772: do_swap_page: swapin tgid 1683 pid 1683 name "ndroid.systemui" vma 13ea2000
           <...>-5839  [004] ....  4465.013797: do_swap_page: swapin tgid 5839 pid 5839 name "droid.bluetooth" vma 7ed310a000
           <...>-5839  [004] ....  4465.013803: do_swap_page: swapin tgid 5839 pid 5839 name "droid.bluetooth" vma 9ef9b000
           <...>-2844  [004] ....  4465.013906: do_swap_page: swapin tgid 2815 pid 2844 name "Binder:2815_1" vma 7f2d16b000
           <...>-2844  [004] ....  4465.013912: do_swap_page: swapin tgid 2815 pid 2844 name "Binder:2815_1" vma 7f39800000
    android.anim-1359  [004] ....  4465.013934: do_swap_page: swapin tgid 1335 pid 1359 name "android.anim" vma 9f27d000
    android.anim-1359  [004] ....  4465.013939: do_swap_page: swapin tgid 1335 pid 1359 name "android.anim" vma 9f1e7000
 ScreenDecoratio-2208  [004] ....  4465.013961: do_swap_page: swapin tgid 1683 pid 2208 name "ScreenDecoratio" vma 7fbe188000
 ScreenDecoratio-2208  [004] ....  4465.014006: do_swap_page: swapin tgid 1683 pid 2208 name "ScreenDecoratio" vma 13d38000
    RenderThread-2146  [004] ....  4465.014060: do_swap_page: swapin tgid 1683 pid 2146 name "RenderThread" vma 7f2d770000
           <...>-5239  [004] ....  4465.014092: do_swap_page: swapin tgid 5221 pid 5239 name "Binder:5221_2" vma 7fbe241000
           <...>-5239  [004] ....  4465.014100: do_swap_page: swapin tgid 5221 pid 5239 name "Binder:5221_2" vma 7fbe1e9000
           <...>-5239  [004] ....  4465.014104: do_swap_page: swapin tgid 5221 pid 5239 name "Binder:5221_2" vma 7f393d2000
           <...>-5839  [004] ....  4465.014122: do_swap_page: swapin tgid 5839 pid 5839 name "droid.bluetooth" vma 9ef9b000
           <...>-5839  [004] ....  4465.014133: do_swap_page: swapin tgid 5839 pid 5839 name "droid.bluetooth" vma 7fbe15d000
           <...>-5839  [004] ....  4465.014135: do_swap_page: swapin tgid 5839 pid 5839 name "droid.bluetooth" vma 7fbe15c000
           <...>-5839  [004] ....  4465.014138: do_swap_page: swapin tgid 5839 pid 5839 name "droid.bluetooth" vma 7fbe177000
           <...>-5839  [004] ....  4465.014142: do_swap_page: swapin tgid 5839 pid 5839 name "droid.bluetooth" vma 7f28b2c000
           <...>-5839  [004] ....  4465.014147: do_swap_page: swapin tgid 5839 pid 5839 name "droid.bluetooth" vma 7f28b3c000
           <...>-5839  [004] ....  4465.014149: do_swap_page: swapin tgid 5839 pid 5839 name "droid.bluetooth" vma 7fbe218000
           <...>-5839  [004] ....  4465.014155: do_swap_page: swapin tgid 5839 pid 5839 name "droid.bluetooth" vma 7fffffc000
           <...>-5839  [004] ....  4465.014157: do_swap_page: swapin tgid 5839 pid 5839 name "droid.bluetooth" vma 7fbe1c5000
           <...>-5839  [004] ....  4465.014160: do_swap_page: swapin tgid 5839 pid 5839 name "droid.bluetooth" vma 7fbe1ca000
           <...>-5839  [004] ....  4465.014163: do_swap_page: swapin tgid 5839 pid 5839 name "droid.bluetooth" vma 145d1000
    android.anim-1359  [004] ....  4465.014193: do_swap_page: swapin tgid 1335 pid 1359 name "android.anim" vma 9f1e7000
    android.anim-1359  [004] ....  4465.014203: do_swap_page: swapin tgid 1335 pid 1359 name "android.anim" vma 1414a000
    android.anim-1359  [004] ....  4465.014206: do_swap_page: swapin tgid 1335 pid 1359 name "android.anim" vma 9f216000
           <...>-2844  [004] ....  4465.014229: do_swap_page: swapin tgid 2815 pid 2844 name "Binder:2815_1" vma 7f39800000
           <...>-2844  [004] ....  4465.014240: do_swap_page: swapin tgid 2815 pid 2844 name "Binder:2815_1" vma 1480b000
           <...>-2844  [004] ....  4465.014243: do_swap_page: swapin tgid 2815 pid 2844 name "Binder:2815_1" vma 7f3507f000
           <...>-2844  [004] ....  4465.014246: do_swap_page: swapin tgid 2815 pid 2844 name "Binder:2815_1" vma 72f96000
           <...>-5839  [004] ....  4465.014292: do_swap_page: swapin tgid 5839 pid 5839 name "droid.bluetooth" vma 145d1000
           <...>-5839  [004] ....  4465.014301: do_swap_page: swapin tgid 5839 pid 5839 name "droid.bluetooth" vma 7fbbd39000
           <...>-5839  [004] ....  4465.014305: do_swap_page: swapin tgid 5839 pid 5839 name "droid.bluetooth" vma 7f2d681000
    android.anim-1359  [004] ....  4465.014355: do_swap_page: swapin tgid 1335 pid 1359 name "android.anim" vma 9f216000
    android.anim-1359  [004] ....  4465.014366: do_swap_page: swapin tgid 1335 pid 1359 name "android.anim" vma 13d36000
    android.anim-1359  [004] ....  4465.014409: do_swap_page: swapin tgid 1335 pid 1359 name "android.anim" vma 9efaf000
    android.anim-1359  [004] ....  4465.014413: do_swap_page: swapin tgid 1335 pid 1359 name "android.anim" vma 9f243000
           <...>-11423 [004] ....  4465.014524: do_swap_page: swapin tgid 11121 pid 11423 name "Binder:11121_6" vma 7fb9e3f000
           <...>-11423 [004] ....  4465.014531: do_swap_page: swapin tgid 11121 pid 11423 name "Binder:11121_6" vma 7fbe301000
           <...>-11423 [004] ....  4465.014538: do_swap_page: swapin tgid 11121 pid 11423 name "Binder:11121_6" vma 7fbe241000
           <...>-5839  [004] ....  4465.014579: do_swap_page: swapin tgid 5839 pid 5839 name "droid.bluetooth" vma 7f2d681000
           <...>-5839  [004] ....  4465.014585: do_swap_page: swapin tgid 5839 pid 5839 name "droid.bluetooth" vma 7f2d63e000
    android.anim-1359  [004] ....  4465.014659: do_swap_page: swapin tgid 1335 pid 1359 name "android.anim" vma 9f243000
    android.anim-1359  [004] ....  4465.014669: do_swap_page: swapin tgid 1335 pid 1359 name "android.anim" vma 9f01e000
    android.anim-1359  [004] ....  4465.014705: do_swap_page: swapin tgid 1335 pid 1359 name "android.anim" vma 9f1bc000
           <...>-2844  [004] ....  4465.014748: do_swap_page: swapin tgid 2815 pid 2844 name "Binder:2815_1" vma 72f96000
           <...>-2844  [004] ....  4465.014760: do_swap_page: swapin tgid 2815 pid 2844 name "Binder:2815_1" vma 7f2d682000
           <...>-5839  [004] ....  4465.014775: do_swap_page: swapin tgid 5839 pid 5839 name "droid.bluetooth" vma 7f2d63e000
           <...>-5839  [004] ....  4465.014782: do_swap_page: swapin tgid 5839 pid 5839 name "droid.bluetooth" vma 7f28a4e000
           <...>-5839  [004] ....  4465.014809: do_swap_page: swapin tgid 5839 pid 5839 name "droid.bluetooth" vma 7f289bb000
           <...>-5839  [004] ....  4465.014882: do_swap_page: swapin tgid 5839 pid 5839 name "droid.bluetooth" vma 7fbe1d0000
           <...>-5839  [004] ....  4465.014891: do_swap_page: swapin tgid 5839 pid 5839 name "droid.bluetooth" vma 145cd000
           <...>-5839  [004] ....  4465.014896: do_swap_page: swapin tgid 5839 pid 5839 name "droid.bluetooth" vma 12c80000
           <...>-5839  [004] ....  4465.014900: do_swap_page: swapin tgid 5839 pid 5839 name "droid.bluetooth" vma 72d61000
    android.anim-1359  [004] ....  4465.014929: do_swap_page: swapin tgid 1335 pid 1359 name "android.anim" vma 9f1bc000
    android.anim-1359  [004] ....  4465.014938: do_swap_page: swapin tgid 1335 pid 1359 name "android.anim" vma 9f173000
           <...>-5839  [004] ....  4465.015029: do_swap_page: swapin tgid 5839 pid 5839 name "droid.bluetooth" vma 72d61000
           <...>-5839  [004] ....  4465.015037: do_swap_page: swapin tgid 5839 pid 5839 name "droid.bluetooth" vma 7fbe167000
           <...>-17708 [004] ....  4465.015170: do_swap_page: swapin tgid 11226 pid 17708 name "Binder:11226_5" vma 7fbe165000
           <...>-17708 [004] ....  4465.015176: do_swap_page: swapin tgid 11226 pid 17708 name "Binder:11226_5" vma 7f2d682000
           <...>-17708 [004] ....  4465.015180: do_swap_page: swapin tgid 11226 pid 17708 name "Binder:11226_5" vma 7fbc5de000
           <...>-5839  [004] ....  4465.015195: do_swap_page: swapin tgid 5839 pid 5839 name "droid.bluetooth" vma 7fbe167000
           <...>-5839  [004] ....  4465.015272: do_swap_page: swapin tgid 5839 pid 5839 name "droid.bluetooth" vma 7fbe1f9000
    android.anim-1359  [004] ....  4465.015299: do_swap_page: swapin tgid 1335 pid 1359 name "android.anim" vma 9f173000
    android.anim-1359  [004] ....  4465.015342: do_swap_page: swapin tgid 1335 pid 1359 name "android.anim" vma 13e72000
    android.anim-1359  [004] ....  4465.015405: do_swap_page: swapin tgid 1335 pid 1359 name "android.anim" vma 7ed0d9b000
    android.anim-1359  [004] ....  4465.015422: do_swap_page: swapin tgid 1335 pid 1359 name "android.anim" vma 7ed0cf0000
           <...>-645   [004] ....  4465.015475: do_swap_page: swapin tgid 599 pid 645 name "Binder:599_2" vma 7fbcbe5000
           <...>-5839  [004] ....  4465.015501: do_swap_page: swapin tgid 5839 pid 5839 name "droid.bluetooth" vma 7fbe1f9000
           <...>-5839  [004] ....  4465.015509: do_swap_page: swapin tgid 5839 pid 5839 name "droid.bluetooth" vma 145d2000
 ndroid.systemui-1683  [004] ....  4465.015577: do_swap_page: swapin tgid 1683 pid 1683 name "ndroid.systemui" vma 13e13000
           <...>-645   [004] ....  4465.015678: do_swap_page: swapin tgid 599 pid 645 name "Binder:599_2" vma 7fbcbe5000
           <...>-5839  [004] ....  4465.015718: do_swap_page: swapin tgid 5839 pid 5839 name "droid.bluetooth" vma 145d2000
           <...>-5839  [004] ....  4465.015776: do_swap_page: swapin tgid 5839 pid 5839 name "droid.bluetooth" vma 7fbe1cb000
           <...>-15187 [004] ....  4465.015801: do_swap_page: swapin tgid 11286 pid 15187 name "Binder:11286_4" vma 7fbc5de000
           <...>-15187 [004] ....  4465.015823: do_swap_page: swapin tgid 11286 pid 15187 name "Binder:11286_4" vma 7fbbd3a000
           <...>-15187 [004] ....  4465.015825: do_swap_page: swapin tgid 11286 pid 15187 name "Binder:11286_4" vma 7f2d61c000
           <...>-15187 [004] ....  4465.015829: do_swap_page: swapin tgid 11286 pid 15187 name "Binder:11286_4" vma 7f2d612000
           <...>-15187 [004] ....  4465.015832: do_swap_page: swapin tgid 11286 pid 15187 name "Binder:11286_4" vma 7f318f3000
           <...>-15187 [004] ....  4465.015835: do_swap_page: swapin tgid 11286 pid 15187 name "Binder:11286_4" vma 12cd9000
           <...>-15187 [004] ....  4465.015838: do_swap_page: swapin tgid 11286 pid 15187 name "Binder:11286_4" vma 7fbe286000
           <...>-15187 [004] ....  4465.015844: do_swap_page: swapin tgid 11286 pid 15187 name "Binder:11286_4" vma 12f40000
           <...>-15187 [004] ....  4465.015846: do_swap_page: swapin tgid 11286 pid 15187 name "Binder:11286_4" vma 12f54000
           <...>-15187 [004] ....  4465.015859: do_swap_page: swapin tgid 11286 pid 15187 name "Binder:11286_4" vma 7ed2ec0000
           <...>-15187 [004] ....  4465.015899: do_swap_page: swapin tgid 11286 pid 15187 name "Binder:11286_4" vma 12cc4000
           <...>-15187 [004] ....  4465.015904: do_swap_page: swapin tgid 11286 pid 15187 name "Binder:11286_4" vma 7fbe1e7000
           <...>-15187 [004] ....  4465.015906: do_swap_page: swapin tgid 11286 pid 15187 name "Binder:11286_4" vma 7fbe20a000
           <...>-5839  [004] ....  4465.015921: do_swap_page: swapin tgid 5839 pid 5839 name "droid.bluetooth" vma 7fbe1cb000
           <...>-5839  [004] ....  4465.016008: do_swap_page: swapin tgid 5839 pid 5839 name "droid.bluetooth" vma 7f395f1000
    android.anim-1359  [004] ....  4465.016041: do_swap_page: swapin tgid 1335 pid 1359 name "android.anim" vma 9f062000
    android.anim-1359  [004] ....  4465.016045: do_swap_page: swapin tgid 1335 pid 1359 name "android.anim" vma 9f1a8000
           <...>-5839  [004] ....  4465.016203: do_swap_page: swapin tgid 5839 pid 5839 name "droid.bluetooth" vma 7f395f1000
           <...>-5839  [004] ....  4465.016210: do_swap_page: swapin tgid 5839 pid 5839 name "droid.bluetooth" vma 9ef7f000
    android.anim-1359  [004] ....  4465.016241: do_swap_page: swapin tgid 1335 pid 1359 name "android.anim" vma 9f1a8000
    android.anim-1359  [004] ....  4465.016255: do_swap_page: swapin tgid 1335 pid 1359 name "android.anim" vma 9efbd000
    android.anim-1359  [004] ....  4465.016278: do_swap_page: swapin tgid 1335 pid 1359 name "android.anim" vma 13d3b000
    android.anim-1359  [004] ....  4465.016282: do_swap_page: swapin tgid 1335 pid 1359 name "android.anim" vma 7fbbb13000
           <...>-5839  [004] ....  4465.016336: do_swap_page: swapin tgid 5839 pid 5839 name "droid.bluetooth" vma 9ef7f000
           <...>-5839  [004] ....  4465.016344: do_swap_page: swapin tgid 5839 pid 5839 name "droid.bluetooth" vma 7f2d6dd000
           <...>-5839  [004] ....  4465.016347: do_swap_page: swapin tgid 5839 pid 5839 name "droid.bluetooth" vma 7f2d68a000
           <...>-5839  [004] ....  4465.016360: do_swap_page: swapin tgid 5839 pid 5839 name "droid.bluetooth" vma 7fbf6ff000
           <...>-5876  [004] ....  4465.016385: do_swap_page: swapin tgid 5839 pid 5876 name "BluetoothScanMa" vma 7ec3b8c000
           <...>-5876  [004] ....  4465.016411: do_swap_page: swapin tgid 5839 pid 5876 name "BluetoothScanMa" vma 7ec3b8d000
           <...>-11417 [004] ....  4465.016432: do_swap_page: swapin tgid 11382 pid 11417 name "Binder:11382_3" vma f72b5000
           <...>-11417 [004] ....  4465.016441: do_swap_page: swapin tgid 11382 pid 11417 name "Binder:11382_3" vma f0ee6000
           <...>-11417 [004] ....  4465.016445: do_swap_page: swapin tgid 11382 pid 11417 name "Binder:11382_3" vma f7a18000
    android.anim-1359  [004] ....  4465.016516: do_swap_page: swapin tgid 1335 pid 1359 name "android.anim" vma 7fbbb13000
    android.anim-1359  [004] ....  4465.016625: do_swap_page: swapin tgid 1335 pid 1359 name "android.anim" vma 9eff1000
           <...>-5876  [004] ....  4465.016654: do_swap_page: swapin tgid 5839 pid 5876 name "BluetoothScanMa" vma 7ec3b8d000
           <...>-5876  [004] ....  4465.016662: do_swap_page: swapin tgid 5839 pid 5876 name "BluetoothScanMa" vma 7eca244000
           <...>-5876  [004] ....  4465.016665: do_swap_page: swapin tgid 5839 pid 5876 name "BluetoothScanMa" vma 7eca245000
           <...>-5876  [004] ....  4465.016667: do_swap_page: swapin tgid 5839 pid 5876 name "BluetoothScanMa" vma 7f28b1a000
           <...>-5876  [004] ....  4465.016671: do_swap_page: swapin tgid 5839 pid 5876 name "BluetoothScanMa" vma 12d00000
           <...>-5876  [004] ....  4465.016675: do_swap_page: swapin tgid 5839 pid 5876 name "BluetoothScanMa" vma 7f30c4d000
           <...>-5876  [004] ....  4465.016678: do_swap_page: swapin tgid 5839 pid 5876 name "BluetoothScanMa" vma 12d01000
           <...>-5876  [004] ....  4465.016682: do_swap_page: swapin tgid 5839 pid 5876 name "BluetoothScanMa" vma 9efc5000
           <...>-5839  [004] ....  4465.016705: do_swap_page: swapin tgid 5839 pid 5839 name "droid.bluetooth" vma 7fbf6ff000
           <...>-5839  [004] ....  4465.016712: do_swap_page: swapin tgid 5839 pid 5839 name "droid.bluetooth" vma 145d9000
           <...>-5876  [004] ....  4465.016877: do_swap_page: swapin tgid 5839 pid 5876 name "BluetoothScanMa" vma 9efc5000
           <...>-5876  [004] ....  4465.016885: do_swap_page: swapin tgid 5839 pid 5876 name "BluetoothScanMa" vma 9ef77000
           <...>-11676 [004] ....  4465.016936: do_swap_page: swapin tgid 11661 pid 11676 name "Binder:11661_2" vma 7fbe165000
           <...>-11676 [004] ....  4465.016943: do_swap_page: swapin tgid 11661 pid 11676 name "Binder:11661_2" vma 7f289d5000
           <...>-11676 [004] ....  4465.016952: do_swap_page: swapin tgid 11661 pid 11676 name "Binder:11661_2" vma 7fb9e3f000
           <...>-5839  [004] ....  4465.016974: do_swap_page: swapin tgid 5839 pid 5839 name "droid.bluetooth" vma 145d9000
    android.anim-1359  [004] ....  4465.016991: do_swap_page: swapin tgid 1335 pid 1359 name "android.anim" vma 9eff1000
    android.anim-1359  [004] ....  4465.016996: do_swap_page: swapin tgid 1335 pid 1359 name "android.anim" vma 9f2b0000
           <...>-5876  [004] ....  4465.017043: do_swap_page: swapin tgid 5839 pid 5876 name "BluetoothScanMa" vma 9ef77000
           <...>-5876  [004] ....  4465.017049: do_swap_page: swapin tgid 5839 pid 5876 name "BluetoothScanMa" vma 9f007000
           <...>-5876  [004] ....  4465.017061: do_swap_page: swapin tgid 5839 pid 5876 name "BluetoothScanMa" vma 7f2d6ff000
 android.display-1358  [004] ....  4465.017143: do_swap_page: swapin tgid 1335 pid 1358 name "android.display" vma 7fbbb10000
    android.anim-1359  [004] ....  4465.017183: do_swap_page: swapin tgid 1335 pid 1359 name "android.anim" vma 9f2b0000
    android.anim-1359  [004] ....  4465.017224: do_swap_page: swapin tgid 1335 pid 1359 name "android.anim" vma 9f2b6000
 android.display-1358  [004] ....  4465.017334: do_swap_page: swapin tgid 1335 pid 1358 name "android.display" vma 7fbbb10000
 android.display-1358  [004] ....  4465.017370: do_swap_page: swapin tgid 1335 pid 1358 name "android.display" vma 9f1cd000
    android.anim-1359  [004] ....  4465.017476: do_swap_page: swapin tgid 1335 pid 1359 name "android.anim" vma 9f2b6000
    android.anim-1359  [004] ....  4465.017481: do_swap_page: swapin tgid 1335 pid 1359 name "android.anim" vma 9f16b000
           <...>-5239  [004] ....  4465.017532: do_swap_page: swapin tgid 5221 pid 5239 name "Binder:5221_2" vma 7f393d2000
           <...>-5239  [004] ....  4465.017539: do_swap_page: swapin tgid 5221 pid 5239 name "Binder:5221_2" vma 7fbe165000
 ndroid.systemui-1683  [004] ....  4465.017562: do_swap_page: swapin tgid 1683 pid 1683 name "ndroid.systemui" vma 7fbbade000
    android.anim-1359  [004] ....  4465.017688: do_swap_page: swapin tgid 1335 pid 1359 name "android.anim" vma 9f16b000
    android.anim-1359  [004] ....  4465.017717: do_swap_page: swapin tgid 1335 pid 1359 name "android.anim" vma 7e85793000
    android.anim-1359  [004] ....  4465.017724: do_swap_page: swapin tgid 1335 pid 1359 name "android.anim" vma 7eb4dad000
    android.anim-1359  [004] ....  4465.017735: do_swap_page: swapin tgid 1335 pid 1359 name "android.anim" vma 7eb4e9c000
    android.anim-1359  [004] ....  4465.017746: do_swap_page: swapin tgid 1335 pid 1359 name "android.anim" vma 7eb4d6e000
    android.anim-1359  [004] ....  4465.017752: do_swap_page: swapin tgid 1335 pid 1359 name "android.anim" vma 7eb4d07000
    android.anim-1359  [004] ....  4465.017754: do_swap_page: swapin tgid 1335 pid 1359 name "android.anim" vma 7ed0d23000
    android.anim-1359  [004] ....  4465.017757: do_swap_page: swapin tgid 1335 pid 1359 name "android.anim" vma 7f28b20000
    android.anim-1359  [004] ....  4465.017767: do_swap_page: swapin tgid 1335 pid 1359 name "android.anim" vma 14148000
    android.anim-1359  [004] ....  4465.017772: do_swap_page: swapin tgid 1335 pid 1359 name "android.anim" vma 9f1ca000
 android.display-1358  [004] ....  4465.017800: do_swap_page: swapin tgid 1335 pid 1358 name "android.display" vma 9f1cd000
 ndroid.systemui-1683  [004] ....  4465.017842: do_swap_page: swapin tgid 1683 pid 1683 name "ndroid.systemui" vma 132ca000
 ndroid.systemui-1683  [004] ....  4465.017848: do_swap_page: swapin tgid 1683 pid 1683 name "ndroid.systemui" vma 9f0d2000
 ndroid.systemui-1683  [004] ....  4465.017851: do_swap_page: swapin tgid 1683 pid 1683 name "ndroid.systemui" vma 9f243000
    android.anim-1359  [004] ....  4465.017940: do_swap_page: swapin tgid 1335 pid 1359 name "android.anim" vma 9f1ca000
    android.anim-1359  [004] ....  4465.017952: do_swap_page: swapin tgid 1335 pid 1359 name "android.anim" vma 7ed0c65000
    android.anim-1359  [004] ....  4465.018014: do_swap_page: swapin tgid 1335 pid 1359 name "android.anim" vma 7e8578f000
    android.anim-1359  [004] ....  4465.018018: do_swap_page: swapin tgid 1335 pid 1359 name "android.anim" vma 7e85790000
    android.anim-1359  [004] ....  4465.018023: do_swap_page: swapin tgid 1335 pid 1359 name "android.anim" vma 7eb4e2d000
    android.anim-1359  [004] ....  4465.018042: do_swap_page: swapin tgid 1335 pid 1359 name "android.anim" vma 7eb4d00000
    android.anim-1359  [004] ....  4465.018048: do_swap_page: swapin tgid 1335 pid 1359 name "android.anim" vma 7eb4d01000
    android.anim-1359  [004] ....  4465.018060: do_swap_page: swapin tgid 1335 pid 1359 name "android.anim" vma 7ed0d9c000
    android.anim-1359  [004] ....  4465.018065: do_swap_page: swapin tgid 1335 pid 1359 name "android.anim" vma 7eb4ff1000
    android.anim-1359  [004] ....  4465.018071: do_swap_page: swapin tgid 1335 pid 1359 name "android.anim" vma 7eb45a8000
    android.anim-1359  [004] ....  4465.018075: do_swap_page: swapin tgid 1335 pid 1359 name "android.anim" vma 7e71be9000
    android.anim-1359  [004] ....  4465.018078: do_swap_page: swapin tgid 1335 pid 1359 name "android.anim" vma 7e71bea000
    android.anim-1359  [004] ....  4465.018084: do_swap_page: swapin tgid 1335 pid 1359 name "android.anim" vma 7eb478e000
    android.anim-1359  [004] ....  4465.018087: do_swap_page: swapin tgid 1335 pid 1359 name "android.anim" vma 7e85a7c000
           <...>-645   [004] ....  4465.018123: do_swap_page: swapin tgid 599 pid 645 name "Binder:599_2" vma 7faa6cf000
           <...>-645   [004] ....  4465.018135: do_swap_page: swapin tgid 599 pid 645 name "Binder:599_2" vma 7fb76db000
           <...>-645   [004] ....  4465.018145: do_swap_page: swapin tgid 599 pid 645 name "Binder:599_2" vma 7fb752b000
           <...>-645   [004] ....  4465.018171: do_swap_page: swapin tgid 599 pid 645 name "Binder:599_2" vma 7faa608000
    android.anim-1359  [004] ....  4465.018266: do_swap_page: swapin tgid 1335 pid 1359 name "android.anim" vma 9f2af000
 android.display-1358  [004] ....  4465.018307: do_swap_page: swapin tgid 1335 pid 1358 name "android.display" vma 7fbbb0f000
 ndroid.systemui-1683  [004] ....  4465.018332: do_swap_page: swapin tgid 1683 pid 1683 name "ndroid.systemui" vma 9f243000
 ndroid.systemui-1683  [004] ....  4465.018337: do_swap_page: swapin tgid 1683 pid 1683 name "ndroid.systemui" vma 9f17f000
    android.anim-1359  [004] ....  4465.018450: do_swap_page: swapin tgid 1335 pid 1359 name "android.anim" vma 9f2af000
   Binder:1335_B-2479  [004] ....  4465.018499: do_swap_page: swapin tgid 1335 pid 2479 name "Binder:1335_B" vma 7ed0cff000
   Binder:1335_B-2479  [004] ....  4465.018518: do_swap_page: swapin tgid 1335 pid 2479 name "Binder:1335_B" vma 7ed0d57000
           <...>-1445  [004] ....  4465.018618: do_swap_page: swapin tgid 1335 pid 1445 name "InputDispatcher" vma 7e66ce9000
 droid.launcher3-2006  [004] ....  4465.018679: do_swap_page: swapin tgid 2006 pid 2006 name "droid.launcher3" vma 7ec9c8a000
 droid.launcher3-2006  [004] ....  4465.018685: do_swap_page: swapin tgid 2006 pid 2006 name "droid.launcher3" vma 7ec9c8b000
 droid.launcher3-2006  [004] ....  4465.018706: do_swap_page: swapin tgid 2006 pid 2006 name "droid.launcher3" vma 13cec000
 droid.launcher3-2006  [004] ....  4465.018727: do_swap_page: swapin tgid 2006 pid 2006 name "droid.launcher3" vma 7fbe166000
 droid.launcher3-2006  [004] ....  4465.018746: do_swap_page: swapin tgid 2006 pid 2006 name "droid.launcher3" vma 7f2d264000
           <...>-11423 [004] ....  4465.018775: do_swap_page: swapin tgid 11121 pid 11423 name "Binder:11121_6" vma 7fbe241000
           <...>-11423 [004] ....  4465.018786: do_swap_page: swapin tgid 11121 pid 11423 name "Binder:11121_6" vma 7fbe1e9000
           <...>-11423 [004] ....  4465.018790: do_swap_page: swapin tgid 11121 pid 11423 name "Binder:11121_6" vma 7f393d2000
      android.ui-1356  [004] ....  4465.018863: do_swap_page: swapin tgid 1335 pid 1356 name "android.ui" vma 7f2895f000
      android.ui-1356  [004] ....  4465.018869: do_swap_page: swapin tgid 1335 pid 1356 name "android.ui" vma 7e57db6000
      android.ui-1356  [004] ....  4465.018886: do_swap_page: swapin tgid 1335 pid 1356 name "android.ui" vma 7e57db8000
 droid.launcher3-2006  [004] ....  4465.018917: do_swap_page: swapin tgid 2006 pid 2006 name "droid.launcher3" vma 7f2d264000
      android.ui-1356  [004] ....  4465.018982: do_swap_page: swapin tgid 1335 pid 1356 name "android.ui" vma 143cf000
      android.ui-1356  [004] ....  4465.018992: do_swap_page: swapin tgid 1335 pid 1356 name "android.ui" vma 7e63560000
      android.ui-1356  [004] ....  4465.018995: do_swap_page: swapin tgid 1335 pid 1356 name "android.ui" vma 7e63561000
 android.display-1358  [004] ....  4465.019136: do_swap_page: swapin tgid 1335 pid 1358 name "android.display" vma 7fbbb0f000
 android.display-1358  [004] ....  4465.019156: do_swap_page: swapin tgid 1335 pid 1358 name "android.display" vma 9f38f000
 android.display-1358  [004] ....  4465.019164: do_swap_page: swapin tgid 1335 pid 1358 name "android.display" vma 7f2d7cd000
 android.display-1358  [004] ....  4465.019193: do_swap_page: swapin tgid 1335 pid 1358 name "android.display" vma 1399a000
   Binder:1683_5-2096  [004] ....  4465.019356: do_swap_page: swapin tgid 1683 pid 2096 name "Binder:1683_5" vma 7fbe301000
           <...>-2032  [004] ....  4465.019420: do_swap_page: swapin tgid 2006 pid 2032 name "Binder:2006_3" vma 7f289be000
           <...>-2032  [004] ....  4465.019431: do_swap_page: swapin tgid 2006 pid 2032 name "Binder:2006_3" vma 7fbe176000
           <...>-2032  [004] ....  4465.019448: do_swap_page: swapin tgid 2006 pid 2032 name "Binder:2006_3" vma 7eccab0000
           <...>-2032  [004] ....  4465.019456: do_swap_page: swapin tgid 2006 pid 2032 name "Binder:2006_3" vma 9f0a3000
           <...>-2032  [004] ....  4465.019460: do_swap_page: swapin tgid 2006 pid 2032 name "Binder:2006_3" vma 9efa6000
 droid.launcher3-2006  [004] ....  4465.019510: do_swap_page: swapin tgid 2006 pid 2006 name "droid.launcher3" vma 9f095000
 droid.launcher3-2006  [004] ....  4465.019520: do_swap_page: swapin tgid 2006 pid 2006 name "droid.launcher3" vma 132b7000
 droid.launcher3-2006  [004] ....  4465.019681: do_swap_page: swapin tgid 2006 pid 2006 name "droid.launcher3" vma 9f01c000
 droid.launcher3-2006  [004] ....  4465.019685: do_swap_page: swapin tgid 2006 pid 2006 name "droid.launcher3" vma 9efd9000
    android.anim-1359  [004] ....  4465.019717: do_swap_page: swapin tgid 1335 pid 1359 name "android.anim" vma 139da000
    android.anim-1359  [004] ....  4465.019722: do_swap_page: swapin tgid 1335 pid 1359 name "android.anim" vma 9f025000
    android.anim-1359  [004] ....  4465.019726: do_swap_page: swapin tgid 1335 pid 1359 name "android.anim" vma 7f28afc000
    android.anim-1359  [004] ....  4465.019730: do_swap_page: swapin tgid 1335 pid 1359 name "android.anim" vma 7f28ac1000
    android.anim-1359  [004] ....  4465.019741: do_swap_page: swapin tgid 1335 pid 1359 name "android.anim" vma 9f2a5000
 android.display-1358  [004] ....  4465.019775: do_swap_page: swapin tgid 1335 pid 1358 name "android.display" vma 13d3f000
 android.display-1358  [004] ....  4465.019778: do_swap_page: swapin tgid 1335 pid 1358 name "android.display" vma 139b0000
 ndroid.systemui-1683  [004] ....  4465.019799: do_swap_page: swapin tgid 1683 pid 1683 name "ndroid.systemui" vma 9f17f000
 ndroid.systemui-1683  [004] ....  4465.019811: do_swap_page: swapin tgid 1683 pid 1683 name "ndroid.systemui" vma 9f08e000
    android.anim-1359  [004] ....  4465.019870: do_swap_page: swapin tgid 1335 pid 1359 name "android.anim" vma 9f2a5000
    android.anim-1359  [004] ....  4465.019888: do_swap_page: swapin tgid 1335 pid 1359 name "android.anim" vma 7ed0ea2000
    android.anim-1359  [004] ....  4465.019896: do_swap_page: swapin tgid 1335 pid 1359 name "android.anim" vma 7f31829000
    android.anim-1359  [004] ....  4465.019900: do_swap_page: swapin tgid 1335 pid 1359 name "android.anim" vma 7eb4d6c000
    android.anim-1359  [004] ....  4465.019909: do_swap_page: swapin tgid 1335 pid 1359 name "android.anim" vma 7e66cfa000
    android.anim-1359  [004] ....  4465.019918: do_swap_page: swapin tgid 1335 pid 1359 name "android.anim" vma 7e635a7000
    android.anim-1359  [004] ....  4465.019922: do_swap_page: swapin tgid 1335 pid 1359 name "android.anim" vma 7f2d6ae000
    android.anim-1359  [004] ....  4465.019925: do_swap_page: swapin tgid 1335 pid 1359 name "android.anim" vma 7e63681000
    android.anim-1359  [004] ....  4465.019957: do_swap_page: swapin tgid 1335 pid 1359 name "android.anim" vma 7eb4d6d000
    android.anim-1359  [004] ....  4465.019997: do_swap_page: swapin tgid 1335 pid 1359 name "android.anim" vma 7ed0ead000
    android.anim-1359  [004] ....  4465.020013: do_swap_page: swapin tgid 1335 pid 1359 name "android.anim" vma 7f2d79e000
    android.anim-1359  [004] ....  4465.020034: do_swap_page: swapin tgid 1335 pid 1359 name "android.anim" vma 7e8578e000
    android.anim-1359  [004] ....  4465.020064: do_swap_page: swapin tgid 1335 pid 1359 name "android.anim" vma 7ed0c03000
    android.anim-1359  [004] ....  4465.020099: do_swap_page: swapin tgid 1335 pid 1359 name "android.anim" vma 7ed0e8d000
    android.anim-1359  [004] ....  4465.020135: do_swap_page: swapin tgid 1335 pid 1359 name "android.anim" vma 7ed0da2000
    android.anim-1359  [004] ....  4465.020151: do_swap_page: swapin tgid 1335 pid 1359 name "android.anim" vma 7e71cd1000
    android.anim-1359  [004] ....  4465.020155: do_swap_page: swapin tgid 1335 pid 1359 name "android.anim" vma 13c91000
    android.anim-1359  [004] ....  4465.020158: do_swap_page: swapin tgid 1335 pid 1359 name "android.anim" vma 7eb4f9f000
    android.anim-1359  [004] ....  4465.020161: do_swap_page: swapin tgid 1335 pid 1359 name "android.anim" vma 7f2d6ac000
    android.anim-1359  [004] ....  4465.020164: do_swap_page: swapin tgid 1335 pid 1359 name "android.anim" vma 7f2d717000
    android.anim-1359  [004] ....  4465.020170: do_swap_page: swapin tgid 1335 pid 1359 name "android.anim" vma 7eb4e21000
    android.anim-1359  [004] ....  4465.020174: do_swap_page: swapin tgid 1335 pid 1359 name "android.anim" vma 7e636e5000
    android.anim-1359  [004] ....  4465.020176: do_swap_page: swapin tgid 1335 pid 1359 name "android.anim" vma 7e7181d000
    android.anim-1359  [004] ....  4465.020198: do_swap_page: swapin tgid 1335 pid 1359 name "android.anim" vma 7e857ad000
    android.anim-1359  [004] ....  4465.020208: do_swap_page: swapin tgid 1335 pid 1359 name "android.anim" vma 7e636b4000
    android.anim-1359  [004] ....  4465.020218: do_swap_page: swapin tgid 1335 pid 1359 name "android.anim" vma 7e85794000
    android.anim-1359  [004] ....  4465.020223: do_swap_page: swapin tgid 1335 pid 1359 name "android.anim" vma 7f39810000
    android.anim-1359  [004] ....  4465.020227: do_swap_page: swapin tgid 1335 pid 1359 name "android.anim" vma 7f3983a000
    android.anim-1359  [004] ....  4465.020234: do_swap_page: swapin tgid 1335 pid 1359 name "android.anim" vma 7ed0d28000
    android.anim-1359  [004] ....  4465.020241: do_swap_page: swapin tgid 1335 pid 1359 name "android.anim" vma 7e66cd4000
    android.anim-1359  [004] ....  4465.020252: do_swap_page: swapin tgid 1335 pid 1359 name "android.anim" vma 7ed0d29000
    android.anim-1359  [004] ....  4465.020254: do_swap_page: swapin tgid 1335 pid 1359 name "android.anim" vma 7eb4e29000
    android.anim-1359  [004] ....  4465.020258: do_swap_page: swapin tgid 1335 pid 1359 name "android.anim" vma 7eb4e2a000
    android.anim-1359  [004] ....  4465.020438: do_swap_page: swapin tgid 1335 pid 1359 name "android.anim" vma 7eb4e2e000
           <...>-2185  [004] ....  4465.020464: do_swap_page: swapin tgid 1683 pid 2185 name "Binder:1683_6" vma 7ecaad9000
           <...>-2185  [004] ....  4465.020473: do_swap_page: swapin tgid 1683 pid 2185 name "Binder:1683_6" vma 7ecaada000
           <...>-17708 [004] ....  4465.020500: do_swap_page: swapin tgid 11226 pid 17708 name "Binder:11226_5" vma 7fbc5de000
           <...>-17708 [004] ....  4465.020510: do_swap_page: swapin tgid 11226 pid 17708 name "Binder:11226_5" vma 7fbbd3a000
           <...>-17708 [004] ....  4465.020513: do_swap_page: swapin tgid 11226 pid 17708 name "Binder:11226_5" vma 7f2d61d000
           <...>-17708 [004] ....  4465.020518: do_swap_page: swapin tgid 11226 pid 17708 name "Binder:11226_5" vma 7f393d0000
           <...>-17708 [004] ....  4465.020523: do_swap_page: swapin tgid 11226 pid 17708 name "Binder:11226_5" vma 7fbe23c000
           <...>-17708 [004] ....  4465.020526: do_swap_page: swapin tgid 11226 pid 17708 name "Binder:11226_5" vma 7f318f3000
           <...>-17708 [004] ....  4465.020530: do_swap_page: swapin tgid 11226 pid 17708 name "Binder:11226_5" vma 12c60000
           <...>-2185  [004] ....  4465.020613: do_swap_page: swapin tgid 1683 pid 2185 name "Binder:1683_6" vma 7ecaada000
           <...>-2185  [004] ....  4465.020621: do_swap_page: swapin tgid 1683 pid 2185 name "Binder:1683_6" vma 7f28e41000
           <...>-2185  [004] ....  4465.020629: do_swap_page: swapin tgid 1683 pid 2185 name "Binder:1683_6" vma 7f28b50000
           <...>-2185  [004] ....  4465.020632: do_swap_page: swapin tgid 1683 pid 2185 name "Binder:1683_6" vma 7f28e06000
           <...>-2185  [004] ....  4465.020641: do_swap_page: swapin tgid 1683 pid 2185 name "Binder:1683_6" vma 7f28dda000
           <...>-2185  [004] ....  4465.020645: do_swap_page: swapin tgid 1683 pid 2185 name "Binder:1683_6" vma 7f28ddb000
