           <...>-2006  [004] ....  7830.583981: do_swap_page: swapin tgid 2006 pid 2006 name "droid.launcher3" vma 7f393d1000
           <...>-2006  [004] ....  7830.583987: do_swap_page: swapin tgid 2006 pid 2006 name "droid.launcher3" vma 7fbe1f8000
           <...>-2006  [004] ....  7830.583992: do_swap_page: swapin tgid 2006 pid 2006 name "droid.launcher3" vma 7fffffa000
           <...>-2006  [004] ....  7830.584003: do_swap_page: swapin tgid 2006 pid 2006 name "droid.launcher3" vma 7fbe24e000
           <...>-2006  [004] ....  7830.584016: do_swap_page: swapin tgid 2006 pid 2006 name "droid.launcher3" vma 7fbde99000
           <...>-814   [004] ....  7830.584108: do_swap_page: swapin tgid 814 pid 814 name "power@1.3-servi" vma 7fbb820000
           <...>-814   [004] ....  7830.584131: do_swap_page: swapin tgid 814 pid 814 name "power@1.3-servi" vma 7fbb83f000
           <...>-814   [004] ....  7830.584140: do_swap_page: swapin tgid 814 pid 814 name "power@1.3-servi" vma 7fbb85c000
           <...>-2006  [004] ....  7830.584224: do_swap_page: swapin tgid 2006 pid 2006 name "droid.launcher3" vma 7fbe286000
           <...>-2006  [004] ....  7830.584244: do_swap_page: swapin tgid 2006 pid 2006 name "droid.launcher3" vma 12ed8000
           <...>-2006  [004] ....  7830.584256: do_swap_page: swapin tgid 2006 pid 2006 name "droid.launcher3" vma 7f35080000
           <...>-2006  [004] ....  7830.584278: do_swap_page: swapin tgid 2006 pid 2006 name "droid.launcher3" vma 7ec726c000
           <...>-814   [004] ....  7830.584361: do_swap_page: swapin tgid 814 pid 814 name "power@1.3-servi" vma 7fbb85c000
           <...>-814   [004] ....  7830.584377: do_swap_page: swapin tgid 814 pid 814 name "power@1.3-servi" vma 7fbb844000
           <...>-814   [004] ....  7830.584381: do_swap_page: swapin tgid 814 pid 814 name "power@1.3-servi" vma 7fbb859000
           <...>-814   [004] ....  7830.584389: do_swap_page: swapin tgid 814 pid 814 name "power@1.3-servi" vma 7fbdc5d000
           <...>-2006  [004] ....  7830.584477: do_swap_page: swapin tgid 2006 pid 2006 name "droid.launcher3" vma 13d91000
           <...>-2006  [004] ....  7830.584498: do_swap_page: swapin tgid 2006 pid 2006 name "droid.launcher3" vma 13da5000
           <...>-2006  [004] ....  7830.584515: do_swap_page: swapin tgid 2006 pid 2006 name "droid.launcher3" vma 7f34f0a000
           <...>-2006  [004] ....  7830.584537: do_swap_page: swapin tgid 2006 pid 2006 name "droid.launcher3" vma 12ed3000
           <...>-2006  [004] ....  7830.584543: do_swap_page: swapin tgid 2006 pid 2006 name "droid.launcher3" vma 7f34f06000
           <...>-2006  [004] ....  7830.584548: do_swap_page: swapin tgid 2006 pid 2006 name "droid.launcher3" vma 13cc3000
           <...>-814   [004] ....  7830.584651: do_swap_page: swapin tgid 814 pid 814 name "power@1.3-servi" vma 7fbdc5d000
           <...>-814   [004] ....  7830.584666: do_swap_page: swapin tgid 814 pid 814 name "power@1.3-servi" vma 7fbdc5e000
           <...>-2006  [004] ....  7830.584750: do_swap_page: swapin tgid 2006 pid 2006 name "droid.launcher3" vma 13d92000
           <...>-2006  [004] ....  7830.584765: do_swap_page: swapin tgid 2006 pid 2006 name "droid.launcher3" vma 9efc6000
           <...>-814   [004] ....  7830.584922: do_swap_page: swapin tgid 814 pid 814 name "power@1.3-servi" vma 7fbdc5e000
           <...>-814   [004] ....  7830.584939: do_swap_page: swapin tgid 814 pid 814 name "power@1.3-servi" vma 7fbd201000
           <...>-814   [004] ....  7830.584945: do_swap_page: swapin tgid 814 pid 814 name "power@1.3-servi" vma 7fbd200000
           <...>-814   [004] ....  7830.584953: do_swap_page: swapin tgid 814 pid 814 name "power@1.3-servi" vma 7fbd298000
           <...>-814   [004] ....  7830.584965: do_swap_page: swapin tgid 814 pid 814 name "power@1.3-servi" vma 7fbb84b000
           <...>-814   [004] ....  7830.584973: do_swap_page: swapin tgid 814 pid 814 name "power@1.3-servi" vma 7fbb84c000
           <...>-814   [004] ....  7830.585033: do_swap_page: swapin tgid 814 pid 814 name "power@1.3-servi" vma 7fbd404000
           <...>-814   [004] ....  7830.585042: do_swap_page: swapin tgid 814 pid 814 name "power@1.3-servi" vma 7fbd400000
           <...>-1445  [004] ....  7830.585127: do_swap_page: swapin tgid 1335 pid 1445 name "InputDispatcher" vma 7fbe175000
           <...>-814   [004] ....  7830.585261: do_swap_page: swapin tgid 814 pid 814 name "power@1.3-servi" vma 7fbd400000
           <...>-814   [004] ....  7830.585276: do_swap_page: swapin tgid 814 pid 814 name "power@1.3-servi" vma 7fbd407000
           <...>-814   [004] ....  7830.585285: do_swap_page: swapin tgid 814 pid 814 name "power@1.3-servi" vma 7fbd406000
           <...>-1445  [004] ....  7830.585377: do_swap_page: swapin tgid 1335 pid 1445 name "InputDispatcher" vma 7fbe1cb000
           <...>-814   [004] ....  7830.585493: do_swap_page: swapin tgid 814 pid 814 name "power@1.3-servi" vma 7fbd406000
           <...>-814   [004] ....  7830.585509: do_swap_page: swapin tgid 814 pid 814 name "power@1.3-servi" vma 7fbd408000
           <...>-814   [004] ....  7830.585527: do_swap_page: swapin tgid 814 pid 814 name "power@1.3-servi" vma 7fbd205000
           <...>-814   [004] ....  7830.585533: do_swap_page: swapin tgid 814 pid 814 name "power@1.3-servi" vma 7fbd211000
           <...>-814   [004] ....  7830.585548: do_swap_page: swapin tgid 814 pid 814 name "power@1.3-servi" vma 7fbb84d000
           <...>-814   [004] ....  7830.585604: do_swap_page: swapin tgid 814 pid 814 name "power@1.3-servi" vma 7fbcfe9000
           <...>-2367  [004] ....  7830.585686: do_swap_page: swapin tgid 814 pid 2367 name "NodeLooperThrea" vma 7fbb7fc000
           <...>-2367  [004] ....  7830.585697: do_swap_page: swapin tgid 814 pid 2367 name "NodeLooperThrea" vma 7fbb7fb000
           <...>-2367  [004] ....  7830.585709: do_swap_page: swapin tgid 814 pid 2367 name "NodeLooperThrea" vma 7fbb83e000
           <...>-2367  [004] ....  7830.585717: do_swap_page: swapin tgid 814 pid 2367 name "NodeLooperThrea" vma 7fbb83d000
           <...>-2368  [004] ....  7830.585818: do_swap_page: swapin tgid 814 pid 2368 name "power@1.3-servi" vma 7fba6ff000
           <...>-814   [004] ....  7830.585872: do_swap_page: swapin tgid 814 pid 814 name "power@1.3-servi" vma 7fbcfe9000
           <...>-2367  [004] ....  7830.586021: do_swap_page: swapin tgid 814 pid 2367 name "NodeLooperThrea" vma 7fbb83d000
           <...>-2367  [004] ....  7830.586040: do_swap_page: swapin tgid 814 pid 2367 name "NodeLooperThrea" vma 7fbb81b000
           <...>-2368  [004] ....  7830.586088: do_swap_page: swapin tgid 814 pid 2368 name "power@1.3-servi" vma 7fba6ff000
           <...>-2368  [004] ....  7830.586100: do_swap_page: swapin tgid 814 pid 2368 name "power@1.3-servi" vma 7fba6fe000
           <...>-2367  [004] ....  7830.586313: do_swap_page: swapin tgid 814 pid 2367 name "NodeLooperThrea" vma 7fbb81b000
           <...>-2367  [004] ....  7830.586578: do_swap_page: swapin tgid 814 pid 2367 name "NodeLooperThrea" vma 7fbb84e000
           <...>-2367  [004] ....  7830.586669: do_swap_page: swapin tgid 814 pid 2367 name "NodeLooperThrea" vma 7fbb81d000
           <...>-1445  [004] ....  7830.586807: do_swap_page: swapin tgid 1335 pid 1445 name "InputDispatcher" vma 7ed0c64000
           <...>-1445  [004] ....  7830.586856: do_swap_page: swapin tgid 1335 pid 1445 name "InputDispatcher" vma 7eb4d41000
           <...>-1445  [004] ....  7830.586866: do_swap_page: swapin tgid 1335 pid 1445 name "InputDispatcher" vma 7eb4d42000
           <...>-1445  [004] ....  7830.587259: do_swap_page: swapin tgid 1335 pid 1445 name "InputDispatcher" vma 13f26000
           <...>-1445  [004] ....  7830.587585: do_swap_page: swapin tgid 1335 pid 1445 name "InputDispatcher" vma 1444e000
           <...>-1445  [004] ....  7830.587625: do_swap_page: swapin tgid 1335 pid 1445 name "InputDispatcher" vma 9ef95000
           <...>-1445  [004] ....  7830.587687: do_swap_page: swapin tgid 1335 pid 1445 name "InputDispatcher" vma 7eb45a8000
    Binder:599_2-645   [004] ....  7830.587883: do_swap_page: swapin tgid 599 pid 645 name "Binder:599_2" vma 7fbe175000
   system_server-1335  [004] ....  7830.588117: do_swap_page: swapin tgid 1335 pid 1335 name "system_server" vma 9f2f3000
 android.display-1358  [004] ....  7830.588370: do_swap_page: swapin tgid 1335 pid 1358 name "android.display" vma 7ecd8cf000
 android.display-1358  [004] ....  7830.588400: do_swap_page: swapin tgid 1335 pid 1358 name "android.display" vma 7ecd8d0000
 android.display-1358  [004] ....  7830.588403: do_swap_page: swapin tgid 1335 pid 1358 name "android.display" vma 7ed0c00000
 android.display-1358  [004] ....  7830.588409: do_swap_page: swapin tgid 1335 pid 1358 name "android.display" vma 7ed0c01000
 android.display-1358  [004] ....  7830.588413: do_swap_page: swapin tgid 1335 pid 1358 name "android.display" vma 7ecd8ce000
 android.display-1358  [004] ....  7830.588421: do_swap_page: swapin tgid 1335 pid 1358 name "android.display" vma 7ecd8cd000
 android.display-1358  [004] ....  7830.588434: do_swap_page: swapin tgid 1335 pid 1358 name "android.display" vma 7f312d0000
 android.display-1358  [004] ....  7830.588444: do_swap_page: swapin tgid 1335 pid 1358 name "android.display" vma 9f208000
           <...>-2367  [004] ....  7830.588698: do_swap_page: swapin tgid 814 pid 2367 name "NodeLooperThrea" vma 7fbb81d000
           <...>-2367  [004] ....  7830.589105: do_swap_page: swapin tgid 814 pid 2367 name "NodeLooperThrea" vma 7fbb85b000
 android.display-1358  [004] ....  7830.589206: do_swap_page: swapin tgid 1335 pid 1358 name "android.display" vma 9f208000
 android.display-1358  [004] ....  7830.589246: do_swap_page: swapin tgid 1335 pid 1358 name "android.display" vma 9f237000
           <...>-2367  [004] ....  7830.589356: do_swap_page: swapin tgid 814 pid 2367 name "NodeLooperThrea" vma 7fbb85b000
   system_server-1335  [004] ....  7830.589660: do_swap_page: swapin tgid 1335 pid 1335 name "system_server" vma 9f2f3000
   system_server-1335  [004] ....  7830.589684: do_swap_page: swapin tgid 1335 pid 1335 name "system_server" vma 9f200000
           <...>-2367  [004] ....  7830.590181: do_swap_page: swapin tgid 814 pid 2367 name "NodeLooperThrea" vma 7fbd26b000
           <...>-2367  [004] ....  7830.590196: do_swap_page: swapin tgid 814 pid 2367 name "NodeLooperThrea" vma 7fbd26c000
           <...>-2367  [004] ....  7830.590204: do_swap_page: swapin tgid 814 pid 2367 name "NodeLooperThrea" vma 7fbd240000
           <...>-2367  [004] ....  7830.590212: do_swap_page: swapin tgid 814 pid 2367 name "NodeLooperThrea" vma 7fbe025000
           <...>-2367  [004] ....  7830.590239: do_swap_page: swapin tgid 814 pid 2367 name "NodeLooperThrea" vma 7fbd20a000
           <...>-2367  [004] ....  7830.590247: do_swap_page: swapin tgid 814 pid 2367 name "NodeLooperThrea" vma 7fbd20e000
           <...>-2367  [004] ....  7830.590251: do_swap_page: swapin tgid 814 pid 2367 name "NodeLooperThrea" vma 7fbe024000
           <...>-2006  [004] ....  7830.590431: do_swap_page: swapin tgid 2006 pid 2006 name "droid.launcher3" vma 9efc6000
           <...>-2367  [004] ....  7830.590544: do_swap_page: swapin tgid 814 pid 2367 name "NodeLooperThrea" vma 7fbe024000
           <...>-2367  [004] ....  7830.590574: do_swap_page: swapin tgid 814 pid 2367 name "NodeLooperThrea" vma 7fbb7fa000
           <...>-2367  [004] ....  7830.590591: do_swap_page: swapin tgid 814 pid 2367 name "NodeLooperThrea" vma 7fbd212000
           <...>-2367  [004] ....  7830.590595: do_swap_page: swapin tgid 814 pid 2367 name "NodeLooperThrea" vma 7fbd9fe000
           <...>-2006  [004] ....  7830.590707: do_swap_page: swapin tgid 2006 pid 2006 name "droid.launcher3" vma 13d8b000
           <...>-2006  [004] ....  7830.590731: do_swap_page: swapin tgid 2006 pid 2006 name "droid.launcher3" vma 7fbe170000
           <...>-2006  [004] ....  7830.590735: do_swap_page: swapin tgid 2006 pid 2006 name "droid.launcher3" vma 7fbe249000
           <...>-2006  [004] ....  7830.590741: do_swap_page: swapin tgid 2006 pid 2006 name "droid.launcher3" vma 7f289fb000
           <...>-2006  [004] ....  7830.590768: do_swap_page: swapin tgid 2006 pid 2006 name "droid.launcher3" vma 13d8c000
           <...>-2006  [004] ....  7830.590771: do_swap_page: swapin tgid 2006 pid 2006 name "droid.launcher3" vma 9efc5000
           <...>-2367  [004] ....  7830.590860: do_swap_page: swapin tgid 814 pid 2367 name "NodeLooperThrea" vma 7fbd9fe000
           <...>-2367  [004] ....  7830.590906: do_swap_page: swapin tgid 814 pid 2367 name "NodeLooperThrea" vma 7fbf5e3000
           <...>-2006  [004] ....  7830.590995: do_swap_page: swapin tgid 2006 pid 2006 name "droid.launcher3" vma 9f0c2000
           <...>-2367  [004] ....  7830.591130: do_swap_page: swapin tgid 814 pid 2367 name "NodeLooperThrea" vma 7fbf5e3000
           <...>-2367  [004] ....  7830.591161: do_swap_page: swapin tgid 814 pid 2367 name "NodeLooperThrea" vma 7fbd7f3000
     logd.writer-570   [004] ....  7830.591586: do_swap_page: swapin tgid 556 pid 570 name "logd.writer" vma 7fbbe0a000
           <...>-2006  [004] ....  7830.591720: do_swap_page: swapin tgid 2006 pid 2006 name "droid.launcher3" vma 9f0c2000
           <...>-2006  [004] ....  7830.591739: do_swap_page: swapin tgid 2006 pid 2006 name "droid.launcher3" vma 9f0d3000
    Binder:599_2-645   [004] ....  7830.592057: do_swap_page: swapin tgid 599 pid 645 name "Binder:599_2" vma 7fbe175000
           <...>-669   [004] ....  7830.592297: do_swap_page: swapin tgid 599 pid 669 name "surfaceflinger" vma 7fb3f2f000
           <...>-669   [004] ....  7830.592318: do_swap_page: swapin tgid 599 pid 669 name "surfaceflinger" vma 7fb3f2e000
           <...>-669   [004] ....  7830.593468: do_swap_page: swapin tgid 599 pid 669 name "surfaceflinger" vma 7faa5ff000
           <...>-669   [004] ....  7830.593487: do_swap_page: swapin tgid 599 pid 669 name "surfaceflinger" vma 7faa6f7000
           <...>-2006  [004] ....  7830.593609: do_swap_page: swapin tgid 2006 pid 2006 name "droid.launcher3" vma 9f0d3000
           <...>-2006  [004] ....  7830.594852: do_swap_page: swapin tgid 2006 pid 2006 name "droid.launcher3" vma 9f0cd000
 android.display-1358  [004] ....  7830.594966: do_swap_page: swapin tgid 1335 pid 1358 name "android.display" vma 9f237000
 android.display-1358  [004] ....  7830.595015: do_swap_page: swapin tgid 1335 pid 1358 name "android.display" vma 13f74000
           <...>-2006  [004] ....  7830.595214: do_swap_page: swapin tgid 2006 pid 2006 name "droid.launcher3" vma 9f0cd000
           <...>-2006  [004] ....  7830.595325: do_swap_page: swapin tgid 2006 pid 2006 name "droid.launcher3" vma 12ec1000
           <...>-2006  [004] ....  7830.595334: do_swap_page: swapin tgid 2006 pid 2006 name "droid.launcher3" vma 13d96000
           <...>-2006  [004] ....  7830.595343: do_swap_page: swapin tgid 2006 pid 2006 name "droid.launcher3" vma 7eccad7000
           <...>-2006  [004] ....  7830.595349: do_swap_page: swapin tgid 2006 pid 2006 name "droid.launcher3" vma 7f28b5d000
           <...>-2006  [004] ....  7830.595369: do_swap_page: swapin tgid 2006 pid 2006 name "droid.launcher3" vma 13d95000
           <...>-2006  [004] ....  7830.595371: do_swap_page: swapin tgid 2006 pid 2006 name "droid.launcher3" vma 7eccad8000
           <...>-2006  [004] ....  7830.595376: do_swap_page: swapin tgid 2006 pid 2006 name "droid.launcher3" vma 12ed4000
           <...>-2006  [004] ....  7830.595385: do_swap_page: swapin tgid 2006 pid 2006 name "droid.launcher3" vma 9ef8e000
           <...>-2006  [004] ....  7830.595392: do_swap_page: swapin tgid 2006 pid 2006 name "droid.launcher3" vma 7fbe264000
           <...>-2006  [004] ....  7830.595406: do_swap_page: swapin tgid 2006 pid 2006 name "droid.launcher3" vma 9ef8f000
           <...>-669   [004] ....  7830.595540: do_swap_page: swapin tgid 599 pid 669 name "surfaceflinger" vma 7fba701000
   system_server-1335  [004] .n..  7830.595706: do_swap_page: swapin tgid 1335 pid 1335 name "system_server" vma 9f200000
   system_server-1335  [004] ....  7830.595745: do_swap_page: swapin tgid 1335 pid 1335 name "system_server" vma 141ee000
   system_server-1335  [004] ....  7830.595752: do_swap_page: swapin tgid 1335 pid 1335 name "system_server" vma 9f1d0000
           <...>-2006  [004] ....  7830.595838: do_swap_page: swapin tgid 2006 pid 2006 name "droid.launcher3" vma 9ef8f000
           <...>-2006  [004] ....  7830.595873: do_swap_page: swapin tgid 2006 pid 2006 name "droid.launcher3" vma 9efa7000
           <...>-2006  [004] ....  7830.595878: do_swap_page: swapin tgid 2006 pid 2006 name "droid.launcher3" vma 9ef90000
           <...>-2006  [004] ....  7830.595882: do_swap_page: swapin tgid 2006 pid 2006 name "droid.launcher3" vma 12ed2000
           <...>-2006  [004] ....  7830.595887: do_swap_page: swapin tgid 2006 pid 2006 name "droid.launcher3" vma 7eccad6000
           <...>-2006  [004] ....  7830.595890: do_swap_page: swapin tgid 2006 pid 2006 name "droid.launcher3" vma 9efa8000
           <...>-1356  [004] ....  7830.596074: do_swap_page: swapin tgid 1335 pid 1356 name "android.ui" vma 9f130000
           <...>-1356  [004] ....  7830.596118: do_swap_page: swapin tgid 1335 pid 1356 name "android.ui" vma 9f001000
           <...>-1356  [004] ....  7830.596125: do_swap_page: swapin tgid 1335 pid 1356 name "android.ui" vma 9f12f000
           <...>-2006  [004] ....  7830.596271: do_swap_page: swapin tgid 2006 pid 2006 name "droid.launcher3" vma 9efa8000
           <...>-2006  [004] ....  7830.596295: do_swap_page: swapin tgid 2006 pid 2006 name "droid.launcher3" vma 9f096000
           <...>-2006  [004] ....  7830.596313: do_swap_page: swapin tgid 2006 pid 2006 name "droid.launcher3" vma 7f2dcc2000
 android.display-1358  [004] ....  7830.596519: do_swap_page: swapin tgid 1335 pid 1358 name "android.display" vma 9f23a000
   system_server-1335  [004] ....  7830.596596: do_swap_page: swapin tgid 1335 pid 1335 name "system_server" vma 9f1d0000
           <...>-2006  [004] ....  7830.596800: do_swap_page: swapin tgid 2006 pid 2006 name "droid.launcher3" vma 7f2dcc2000
           <...>-2006  [004] ....  7830.596819: do_swap_page: swapin tgid 2006 pid 2006 name "droid.launcher3" vma 9f0a0000
           <...>-2006  [004] ....  7830.596833: do_swap_page: swapin tgid 2006 pid 2006 name "droid.launcher3" vma 9efa9000
           <...>-2006  [004] ....  7830.596838: do_swap_page: swapin tgid 2006 pid 2006 name "droid.launcher3" vma 7f2dcc3000
           <...>-2006  [004] ....  7830.596841: do_swap_page: swapin tgid 2006 pid 2006 name "droid.launcher3" vma 9efe6000
 android.display-1358  [004] ....  7830.596963: do_swap_page: swapin tgid 1335 pid 1358 name "android.display" vma 9f23a000
 android.display-1358  [004] ....  7830.596981: do_swap_page: swapin tgid 1335 pid 1358 name "android.display" vma 9f066000
 android.display-1358  [004] ....  7830.597002: do_swap_page: swapin tgid 1335 pid 1358 name "android.display" vma 1424c000
 android.display-1358  [004] ....  7830.597009: do_swap_page: swapin tgid 1335 pid 1358 name "android.display" vma 140af000
 android.display-1358  [004] ....  7830.597016: do_swap_page: swapin tgid 1335 pid 1358 name "android.display" vma 9efca000
 android.display-1358  [004] ....  7830.597018: do_swap_page: swapin tgid 1335 pid 1358 name "android.display" vma 9f27e000
           <...>-2006  [004] ....  7830.597151: do_swap_page: swapin tgid 2006 pid 2006 name "droid.launcher3" vma 9efe6000
           <...>-2006  [004] ....  7830.597171: do_swap_page: swapin tgid 2006 pid 2006 name "droid.launcher3" vma 9efc1000
           <...>-2006  [004] ....  7830.597177: do_swap_page: swapin tgid 2006 pid 2006 name "droid.launcher3" vma 9ef77000
           <...>-2006  [004] ....  7830.597181: do_swap_page: swapin tgid 2006 pid 2006 name "droid.launcher3" vma 9f133000
           <...>-2006  [004] ....  7830.597189: do_swap_page: swapin tgid 2006 pid 2006 name "droid.launcher3" vma 9f0a5000
           <...>-1356  [004] ....  7830.597333: do_swap_page: swapin tgid 1335 pid 1356 name "android.ui" vma 9f12f000
           <...>-1356  [004] ....  7830.597366: do_swap_page: swapin tgid 1335 pid 1356 name "android.ui" vma 9f055000
           <...>-1356  [004] ....  7830.597370: do_swap_page: swapin tgid 1335 pid 1356 name "android.ui" vma 9f2cf000
           <...>-2006  [004] ....  7830.597530: do_swap_page: swapin tgid 2006 pid 2006 name "droid.launcher3" vma 9f0a5000
           <...>-2006  [004] ....  7830.597554: do_swap_page: swapin tgid 2006 pid 2006 name "droid.launcher3" vma 9efb5000
           <...>-2006  [004] ....  7830.597560: do_swap_page: swapin tgid 2006 pid 2006 name "droid.launcher3" vma 9f09a000
 android.display-1358  [004] ....  7830.597724: do_swap_page: swapin tgid 1335 pid 1358 name "android.display" vma 9f27e000
 android.display-1358  [004] ....  7830.597744: do_swap_page: swapin tgid 1335 pid 1358 name "android.display" vma 9f27f000
           <...>-2006  [004] ....  7830.597864: do_swap_page: swapin tgid 2006 pid 2006 name "droid.launcher3" vma 9f09a000
           <...>-2006  [004] ....  7830.597881: do_swap_page: swapin tgid 2006 pid 2006 name "droid.launcher3" vma 9f0c1000
           <...>-2006  [004] ....  7830.598183: do_swap_page: swapin tgid 2006 pid 2006 name "droid.launcher3" vma 9f0c1000
           <...>-2006  [004] ....  7830.598197: do_swap_page: swapin tgid 2006 pid 2006 name "droid.launcher3" vma 9f0a2000
           <...>-2006  [004] ....  7830.598203: do_swap_page: swapin tgid 2006 pid 2006 name "droid.launcher3" vma 9efc7000
           <...>-2006  [004] ....  7830.598210: do_swap_page: swapin tgid 2006 pid 2006 name "droid.launcher3" vma 13db3000
           <...>-2006  [004] ....  7830.598217: do_swap_page: swapin tgid 2006 pid 2006 name "droid.launcher3" vma 9efcc000
           <...>-2006  [004] ....  7830.598233: do_swap_page: swapin tgid 2006 pid 2006 name "droid.launcher3" vma 13d84000
           <...>-2006  [004] ....  7830.598237: do_swap_page: swapin tgid 2006 pid 2006 name "droid.launcher3" vma 9ef8c000
           <...>-2006  [004] ....  7830.598239: do_swap_page: swapin tgid 2006 pid 2006 name "droid.launcher3" vma 9efd1000
           <...>-2006  [004] ....  7830.598242: do_swap_page: swapin tgid 2006 pid 2006 name "droid.launcher3" vma 13d81000
           <...>-2006  [004] ....  7830.598247: do_swap_page: swapin tgid 2006 pid 2006 name "droid.launcher3" vma 9ef88000
           <...>-2006  [004] ....  7830.598251: do_swap_page: swapin tgid 2006 pid 2006 name "droid.launcher3" vma 9efda000
           <...>-2006  [004] ....  7830.598253: do_swap_page: swapin tgid 2006 pid 2006 name "droid.launcher3" vma 13d88000
           <...>-2006  [004] ....  7830.598256: do_swap_page: swapin tgid 2006 pid 2006 name "droid.launcher3" vma 9efb9000
           <...>-2006  [004] ....  7830.598259: do_swap_page: swapin tgid 2006 pid 2006 name "droid.launcher3" vma 9ef81000
           <...>-2006  [004] ....  7830.598263: do_swap_page: swapin tgid 2006 pid 2006 name "droid.launcher3" vma 13d85000
           <...>-2006  [004] ....  7830.598266: do_swap_page: swapin tgid 2006 pid 2006 name "droid.launcher3" vma 9efd2000
           <...>-2006  [004] ....  7830.598268: do_swap_page: swapin tgid 2006 pid 2006 name "droid.launcher3" vma 9efbe000
           <...>-2006  [004] ....  7830.598272: do_swap_page: swapin tgid 2006 pid 2006 name "droid.launcher3" vma 13cf3000
           <...>-2006  [004] ....  7830.598274: do_swap_page: swapin tgid 2006 pid 2006 name "droid.launcher3" vma 9efb7000
           <...>-2006  [004] ....  7830.598283: do_swap_page: swapin tgid 2006 pid 2006 name "droid.launcher3" vma 9f003000
           <...>-2006  [004] ....  7830.598287: do_swap_page: swapin tgid 2006 pid 2006 name "droid.launcher3" vma 9f0ae000
           <...>-1445  [004] ....  7830.598357: do_swap_page: swapin tgid 1335 pid 1445 name "InputDispatcher" vma 7eb45a8000
 android.display-1358  [004] ....  7830.598445: do_swap_page: swapin tgid 1335 pid 1358 name "android.display" vma 9f27f000
 android.display-1358  [004] ....  7830.598567: do_swap_page: swapin tgid 1335 pid 1358 name "android.display" vma 14aa2000
           <...>-2006  [004] ....  7830.598654: do_swap_page: swapin tgid 2006 pid 2006 name "droid.launcher3" vma 9f0ae000
           <...>-2006  [004] ....  7830.598671: do_swap_page: swapin tgid 2006 pid 2006 name "droid.launcher3" vma 9f05a000
           <...>-1356  [004] ....  7830.598962: do_swap_page: swapin tgid 1335 pid 1356 name "android.ui" vma 9f2cf000
           <...>-1356  [004] ....  7830.598981: do_swap_page: swapin tgid 1335 pid 1356 name "android.ui" vma 9f198000
 android.display-1358  [004] ....  7830.599147: do_swap_page: swapin tgid 1335 pid 1358 name "android.display" vma 7f2d669000
           <...>-2006  [004] ....  7830.599549: do_swap_page: swapin tgid 2006 pid 2006 name "droid.launcher3" vma 9f05a000
           <...>-2006  [004] ....  7830.599592: do_swap_page: swapin tgid 2006 pid 2006 name "droid.launcher3" vma 7fffffb000
           <...>-2006  [004] ....  7830.599605: do_swap_page: swapin tgid 2006 pid 2006 name "droid.launcher3" vma 7ecca84000
           <...>-2006  [004] ....  7830.599611: do_swap_page: swapin tgid 2006 pid 2006 name "droid.launcher3" vma 7f289f8000
           <...>-2006  [004] ....  7830.599625: do_swap_page: swapin tgid 2006 pid 2006 name "droid.launcher3" vma 12ed1000
           <...>-2006  [004] ....  7830.599633: do_swap_page: swapin tgid 2006 pid 2006 name "droid.launcher3" vma 9f0b3000
 android.display-1358  [004] ....  7830.599838: do_swap_page: swapin tgid 1335 pid 1358 name "android.display" vma 7f28b1d000
 android.display-1358  [004] ....  7830.599852: do_swap_page: swapin tgid 1335 pid 1358 name "android.display" vma 7f28b1e000
 android.display-1358  [004] ....  7830.599862: do_swap_page: swapin tgid 1335 pid 1358 name "android.display" vma 7e57ce8000
 android.display-1358  [004] ....  7830.599990: do_swap_page: swapin tgid 1335 pid 1358 name "android.display" vma 7eb46be000
           <...>-2006  [004] ....  7830.600019: do_swap_page: swapin tgid 2006 pid 2006 name "droid.launcher3" vma 9f0b3000
           <...>-2006  [004] ....  7830.600034: do_swap_page: swapin tgid 2006 pid 2006 name "droid.launcher3" vma 7fffff9000
           <...>-2006  [004] ....  7830.600077: do_swap_page: swapin tgid 2006 pid 2006 name "droid.launcher3" vma 9ef9d000
           <...>-2006  [004] ....  7830.600088: do_swap_page: swapin tgid 2006 pid 2006 name "droid.launcher3" vma 1329f000
           <...>-2006  [004] ....  7830.600094: do_swap_page: swapin tgid 2006 pid 2006 name "droid.launcher3" vma 9f00c000
           <...>-2006  [004] ....  7830.600098: do_swap_page: swapin tgid 2006 pid 2006 name "droid.launcher3" vma 9f0b4000
           <...>-1356  [004] ....  7830.600384: do_swap_page: swapin tgid 1335 pid 1356 name "android.ui" vma 9f198000
           <...>-1356  [004] ....  7830.600408: do_swap_page: swapin tgid 1335 pid 1356 name "android.ui" vma 13cb1000
           <...>-1356  [004] ....  7830.600413: do_swap_page: swapin tgid 1335 pid 1356 name "android.ui" vma 9efbe000
           <...>-1356  [004] ....  7830.600430: do_swap_page: swapin tgid 1335 pid 1356 name "android.ui" vma 7e6363e000
           <...>-1356  [004] ....  7830.600457: do_swap_page: swapin tgid 1335 pid 1356 name "android.ui" vma 7eb42bb000
           <...>-1356  [004] ....  7830.600468: do_swap_page: swapin tgid 1335 pid 1356 name "android.ui" vma 13f33000
           <...>-1356  [004] ....  7830.600496: do_swap_page: swapin tgid 1335 pid 1356 name "android.ui" vma 13d2e000
           <...>-1356  [004] ....  7830.600533: do_swap_page: swapin tgid 1335 pid 1356 name "android.ui" vma 7f2d6c2000
           <...>-1356  [004] ....  7830.600572: do_swap_page: swapin tgid 1335 pid 1356 name "android.ui" vma 9f079000
           <...>-1356  [004] ....  7830.600585: do_swap_page: swapin tgid 1335 pid 1356 name "android.ui" vma 7f2afa3000
           <...>-2006  [004] ....  7830.600705: do_swap_page: swapin tgid 2006 pid 2006 name "droid.launcher3" vma 9f0b4000
           <...>-2006  [004] ....  7830.600723: do_swap_page: swapin tgid 2006 pid 2006 name "droid.launcher3" vma 9f071000
           <...>-2006  [004] ....  7830.600729: do_swap_page: swapin tgid 2006 pid 2006 name "droid.launcher3" vma 9f064000
           <...>-2006  [004] ....  7830.600978: do_swap_page: swapin tgid 2006 pid 2006 name "droid.launcher3" vma 9f064000
           <...>-2006  [004] ....  7830.600994: do_swap_page: swapin tgid 2006 pid 2006 name "droid.launcher3" vma 9efaa000
           <...>-2006  [004] ....  7830.600998: do_swap_page: swapin tgid 2006 pid 2006 name "droid.launcher3" vma 9f018000
           <...>-2006  [004] ....  7830.601009: do_swap_page: swapin tgid 2006 pid 2006 name "droid.launcher3" vma 9f06f000
           <...>-2006  [004] ....  7830.601029: do_swap_page: swapin tgid 2006 pid 2006 name "droid.launcher3" vma 13ce2000
           <...>-2006  [004] ....  7830.601032: do_swap_page: swapin tgid 2006 pid 2006 name "droid.launcher3" vma 9f015000
           <...>-2006  [004] ....  7830.601035: do_swap_page: swapin tgid 2006 pid 2006 name "droid.launcher3" vma 9f06c000
           <...>-2006  [004] ....  7830.601194: do_swap_page: swapin tgid 2006 pid 2006 name "droid.launcher3" vma 9f06c000
           <...>-2006  [004] ....  7830.601198: do_swap_page: swapin tgid 2006 pid 2006 name "droid.launcher3" vma 13d87000
           <...>-2006  [004] ....  7830.601201: do_swap_page: swapin tgid 2006 pid 2006 name "droid.launcher3" vma 9efc8000
           <...>-2006  [004] ....  7830.601202: do_swap_page: swapin tgid 2006 pid 2006 name "droid.launcher3" vma 9f091000
  HwBinder:601_2-634   [004] ....  7830.601398: do_swap_page: swapin tgid 601 pid 634 name "HwBinder:601_2" vma 7fbd049000
  HwBinder:601_2-634   [004] ....  7830.601410: do_swap_page: swapin tgid 601 pid 634 name "HwBinder:601_2" vma 7fbd022000
  HwBinder:601_2-634   [004] ....  7830.601415: do_swap_page: swapin tgid 601 pid 634 name "HwBinder:601_2" vma 7fbd078000
  HwBinder:601_2-634   [004] ....  7830.601420: do_swap_page: swapin tgid 601 pid 634 name "HwBinder:601_2" vma 7fbd033000
  HwBinder:601_2-634   [004] ....  7830.601430: do_swap_page: swapin tgid 601 pid 634 name "HwBinder:601_2" vma 7fbd032000
           <...>-2006  [004] ....  7830.601479: do_swap_page: swapin tgid 2006 pid 2006 name "droid.launcher3" vma 9f091000
           <...>-2006  [004] ....  7830.601485: do_swap_page: swapin tgid 2006 pid 2006 name "droid.launcher3" vma 12ecc000
           <...>-2006  [004] ....  7830.601489: do_swap_page: swapin tgid 2006 pid 2006 name "droid.launcher3" vma 7fbe1cb000
           <...>-2006  [004] ....  7830.601493: do_swap_page: swapin tgid 2006 pid 2006 name "droid.launcher3" vma 7ec734c000
           <...>-2006  [004] ....  7830.601499: do_swap_page: swapin tgid 2006 pid 2006 name "droid.launcher3" vma 9ef87000
           <...>-2006  [004] ....  7830.601500: do_swap_page: swapin tgid 2006 pid 2006 name "droid.launcher3" vma 9f022000
           <...>-2006  [004] ....  7830.601507: do_swap_page: swapin tgid 2006 pid 2006 name "droid.launcher3" vma 9f079000
           <...>-2006  [004] ....  7830.601511: do_swap_page: swapin tgid 2006 pid 2006 name "droid.launcher3" vma 9f097000
           <...>-2006  [004] ....  7830.601513: do_swap_page: swapin tgid 2006 pid 2006 name "droid.launcher3" vma 13ced000
           <...>-2006  [004] ....  7830.601515: do_swap_page: swapin tgid 2006 pid 2006 name "droid.launcher3" vma 9f00b000
           <...>-2006  [004] ....  7830.601516: do_swap_page: swapin tgid 2006 pid 2006 name "droid.launcher3" vma 9f061000
           <...>-1356  [004] ....  7830.601540: do_swap_page: swapin tgid 1335 pid 1356 name "android.ui" vma 7f2afa3000
           <...>-1356  [004] ....  7830.601548: do_swap_page: swapin tgid 1335 pid 1356 name "android.ui" vma 9f2d4000
 ndroid.systemui-1683  [004] ....  7830.601572: do_swap_page: swapin tgid 1683 pid 1683 name "ndroid.systemui" vma 9f1dd000
 ndroid.systemui-1683  [004] .n..  7830.601598: do_swap_page: swapin tgid 1683 pid 1683 name "ndroid.systemui" vma 13e0f000
  HwBinder:601_2-634   [004] ....  7830.601603: do_swap_page: swapin tgid 601 pid 634 name "HwBinder:601_2" vma 7fbd032000
  HwBinder:601_2-634   [004] ....  7830.601611: do_swap_page: swapin tgid 601 pid 634 name "HwBinder:601_2" vma 7fbd096000
           <...>-2006  [004] ....  7830.601671: do_swap_page: swapin tgid 2006 pid 2006 name "droid.launcher3" vma 9f061000
           <...>-2006  [004] ....  7830.601677: do_swap_page: swapin tgid 2006 pid 2006 name "droid.launcher3" vma 13dbe000
           <...>-2006  [004] ....  7830.601679: do_swap_page: swapin tgid 2006 pid 2006 name "droid.launcher3" vma 13ce4000
           <...>-2006  [004] ....  7830.601682: do_swap_page: swapin tgid 2006 pid 2006 name "droid.launcher3" vma 9f0ab000
           <...>-2006  [004] ....  7830.601684: do_swap_page: swapin tgid 2006 pid 2006 name "droid.launcher3" vma 7f34f07000
           <...>-2006  [004] ....  7830.601705: do_swap_page: swapin tgid 2006 pid 2006 name "droid.launcher3" vma 12f00000
           <...>-2006  [004] ....  7830.601709: do_swap_page: swapin tgid 2006 pid 2006 name "droid.launcher3" vma 9f023000
           <...>-2006  [004] ....  7830.601714: do_swap_page: swapin tgid 2006 pid 2006 name "droid.launcher3" vma 9f0c3000
 ndroid.systemui-1683  [004] ....  7830.601738: do_swap_page: swapin tgid 1683 pid 1683 name "ndroid.systemui" vma 9f1be000
           <...>-1356  [004] ....  7830.601763: do_swap_page: swapin tgid 1335 pid 1356 name "android.ui" vma 9f2d4000
           <...>-1356  [004] ....  7830.601769: do_swap_page: swapin tgid 1335 pid 1356 name "android.ui" vma 9f029000
           <...>-1356  [004] ....  7830.601771: do_swap_page: swapin tgid 1335 pid 1356 name "android.ui" vma 9f161000
  HwBinder:601_2-634   [004] ....  7830.601824: do_swap_page: swapin tgid 601 pid 634 name "HwBinder:601_2" vma 7fbd096000
  HwBinder:601_2-634   [004] ....  7830.601841: do_swap_page: swapin tgid 601 pid 634 name "HwBinder:601_2" vma 7fbd093000
  HwBinder:601_2-634   [004] ....  7830.601844: do_swap_page: swapin tgid 601 pid 634 name "HwBinder:601_2" vma 7fbd00e000
  HwBinder:601_2-634   [004] ....  7830.601860: do_swap_page: swapin tgid 601 pid 634 name "HwBinder:601_2" vma 7fb6079000
           <...>-2006  [004] ....  7830.601901: do_swap_page: swapin tgid 2006 pid 2006 name "droid.launcher3" vma 9f0c3000
           <...>-2006  [004] ....  7830.601906: do_swap_page: swapin tgid 2006 pid 2006 name "droid.launcher3" vma 9f059000
 ndroid.systemui-1683  [004] ....  7830.601943: do_swap_page: swapin tgid 1683 pid 1683 name "ndroid.systemui" vma 9f1be000
           <...>-1445  [004] ....  7830.601977: do_swap_page: swapin tgid 1335 pid 1445 name "InputDispatcher" vma 7e857b0000
 ndroid.systemui-1683  [004] ....  7830.602043: do_swap_page: swapin tgid 1683 pid 1683 name "ndroid.systemui" vma 7eb534d000
 ndroid.systemui-1683  [004] ....  7830.602074: do_swap_page: swapin tgid 1683 pid 1683 name "ndroid.systemui" vma 9f1f1000
           <...>-1356  [004] ....  7830.602101: do_swap_page: swapin tgid 1335 pid 1356 name "android.ui" vma 9f161000
           <...>-1356  [004] ....  7830.602107: do_swap_page: swapin tgid 1335 pid 1356 name "android.ui" vma 9f00f000
           <...>-1356  [004] ....  7830.602109: do_swap_page: swapin tgid 1335 pid 1356 name "android.ui" vma 9f13e000
           <...>-2006  [004] ....  7830.602135: do_swap_page: swapin tgid 2006 pid 2006 name "droid.launcher3" vma 9f059000
           <...>-2006  [004] ....  7830.602145: do_swap_page: swapin tgid 2006 pid 2006 name "droid.launcher3" vma 9efd3000
  HwBinder:601_2-634   [004] ....  7830.602189: do_swap_page: swapin tgid 601 pid 634 name "HwBinder:601_2" vma 7fb6079000
  HwBinder:601_2-634   [004] ....  7830.602196: do_swap_page: swapin tgid 601 pid 634 name "HwBinder:601_2" vma 7fbd072000
  HwBinder:601_2-634   [004] ....  7830.602198: do_swap_page: swapin tgid 601 pid 634 name "HwBinder:601_2" vma 7fbd073000
  HwBinder:601_2-634   [004] ....  7830.602233: do_swap_page: swapin tgid 601 pid 634 name "HwBinder:601_2" vma 7fbd49c000
  HwBinder:601_2-634   [004] ....  7830.602482: do_swap_page: swapin tgid 601 pid 634 name "HwBinder:601_2" vma 7fb7168000
  HwBinder:601_2-634   [004] ....  7830.602488: do_swap_page: swapin tgid 601 pid 634 name "HwBinder:601_2" vma 7fb7169000
  HwBinder:601_2-634   [004] ....  7830.602490: do_swap_page: swapin tgid 601 pid 634 name "HwBinder:601_2" vma 7fb716a000
  HwBinder:601_2-634   [004] ....  7830.602492: do_swap_page: swapin tgid 601 pid 634 name "HwBinder:601_2" vma 7fb716b000
  HwBinder:601_2-634   [004] ....  7830.602498: do_swap_page: swapin tgid 601 pid 634 name "HwBinder:601_2" vma 7fb716c000
  HwBinder:601_2-634   [004] ....  7830.602500: do_swap_page: swapin tgid 601 pid 634 name "HwBinder:601_2" vma 7fb716d000
  HwBinder:601_2-634   [004] ....  7830.602502: do_swap_page: swapin tgid 601 pid 634 name "HwBinder:601_2" vma 7fb716e000
  HwBinder:601_2-634   [004] ....  7830.602503: do_swap_page: swapin tgid 601 pid 634 name "HwBinder:601_2" vma 7fb716f000
  HwBinder:601_2-634   [004] ....  7830.602505: do_swap_page: swapin tgid 601 pid 634 name "HwBinder:601_2" vma 7fb7170000
  HwBinder:601_2-634   [004] ....  7830.602507: do_swap_page: swapin tgid 601 pid 634 name "HwBinder:601_2" vma 7fb7171000
  HwBinder:601_2-634   [004] ....  7830.602509: do_swap_page: swapin tgid 601 pid 634 name "HwBinder:601_2" vma 7fb7172000
  HwBinder:601_2-634   [004] ....  7830.602510: do_swap_page: swapin tgid 601 pid 634 name "HwBinder:601_2" vma 7fb7173000
  HwBinder:601_2-634   [004] ....  7830.602512: do_swap_page: swapin tgid 601 pid 634 name "HwBinder:601_2" vma 7fb7174000
  HwBinder:601_2-634   [004] ....  7830.602514: do_swap_page: swapin tgid 601 pid 634 name "HwBinder:601_2" vma 7fb7175000
  HwBinder:601_2-634   [004] ....  7830.602516: do_swap_page: swapin tgid 601 pid 634 name "HwBinder:601_2" vma 7fb7176000
  HwBinder:601_2-634   [004] ....  7830.602525: do_swap_page: swapin tgid 601 pid 634 name "HwBinder:601_2" vma 7fb7177000
  HwBinder:601_2-634   [004] ....  7830.602527: do_swap_page: swapin tgid 601 pid 634 name "HwBinder:601_2" vma 7fb7178000
  HwBinder:601_2-634   [004] ....  7830.602529: do_swap_page: swapin tgid 601 pid 634 name "HwBinder:601_2" vma 7fb7179000
  HwBinder:601_2-634   [004] ....  7830.602532: do_swap_page: swapin tgid 601 pid 634 name "HwBinder:601_2" vma 7fb717a000
  HwBinder:601_2-634   [004] ....  7830.602534: do_swap_page: swapin tgid 601 pid 634 name "HwBinder:601_2" vma 7fb717b000
  HwBinder:601_2-634   [004] ....  7830.602536: do_swap_page: swapin tgid 601 pid 634 name "HwBinder:601_2" vma 7fb717c000
  HwBinder:601_2-634   [004] ....  7830.602538: do_swap_page: swapin tgid 601 pid 634 name "HwBinder:601_2" vma 7fb717d000
  HwBinder:601_2-634   [004] ....  7830.602540: do_swap_page: swapin tgid 601 pid 634 name "HwBinder:601_2" vma 7fb717e000
  HwBinder:601_2-634   [004] ....  7830.602542: do_swap_page: swapin tgid 601 pid 634 name "HwBinder:601_2" vma 7fb717f000
  HwBinder:601_2-634   [004] ....  7830.602544: do_swap_page: swapin tgid 601 pid 634 name "HwBinder:601_2" vma 7fb7180000
  HwBinder:601_2-634   [004] ....  7830.602546: do_swap_page: swapin tgid 601 pid 634 name "HwBinder:601_2" vma 7fb7181000
  HwBinder:601_2-634   [004] ....  7830.602548: do_swap_page: swapin tgid 601 pid 634 name "HwBinder:601_2" vma 7fb7182000
  HwBinder:601_2-634   [004] ....  7830.602549: do_swap_page: swapin tgid 601 pid 634 name "HwBinder:601_2" vma 7fb7183000
  HwBinder:601_2-634   [004] ....  7830.602551: do_swap_page: swapin tgid 601 pid 634 name "HwBinder:601_2" vma 7fb7184000
  HwBinder:601_2-634   [004] ....  7830.602566: do_swap_page: swapin tgid 601 pid 634 name "HwBinder:601_2" vma 7fbd0d1000
  HwBinder:601_2-634   [004] ....  7830.602569: do_swap_page: swapin tgid 601 pid 634 name "HwBinder:601_2" vma 7fbd0d3000
  HwBinder:601_2-634   [004] ....  7830.602572: do_swap_page: swapin tgid 601 pid 634 name "HwBinder:601_2" vma 7fbd0d5000
  HwBinder:601_2-634   [004] ....  7830.602581: do_swap_page: swapin tgid 601 pid 634 name "HwBinder:601_2" vma 7fbd0dc000
  HwBinder:601_2-634   [004] ....  7830.602583: do_swap_page: swapin tgid 601 pid 634 name "HwBinder:601_2" vma 7fbd0dd000
  HwBinder:601_2-634   [004] ....  7830.602585: do_swap_page: swapin tgid 601 pid 634 name "HwBinder:601_2" vma 7fbd0de000
  HwBinder:601_2-634   [004] ....  7830.602587: do_swap_page: swapin tgid 601 pid 634 name "HwBinder:601_2" vma 7fbd0df000
  HwBinder:601_2-634   [004] ....  7830.602589: do_swap_page: swapin tgid 601 pid 634 name "HwBinder:601_2" vma 7fbd0e0000
  HwBinder:601_2-634   [004] ....  7830.602590: do_swap_page: swapin tgid 601 pid 634 name "HwBinder:601_2" vma 7fbd0e1000
  HwBinder:601_2-634   [004] ....  7830.602592: do_swap_page: swapin tgid 601 pid 634 name "HwBinder:601_2" vma 7fbd0e2000
  HwBinder:601_2-634   [004] ....  7830.602595: do_swap_page: swapin tgid 601 pid 634 name "HwBinder:601_2" vma 7fbd0e3000
  HwBinder:601_2-634   [004] ....  7830.602596: do_swap_page: swapin tgid 601 pid 634 name "HwBinder:601_2" vma 7fbd0e4000
  HwBinder:601_2-634   [004] ....  7830.602598: do_swap_page: swapin tgid 601 pid 634 name "HwBinder:601_2" vma 7fbd0e5000
  HwBinder:601_2-634   [004] ....  7830.602600: do_swap_page: swapin tgid 601 pid 634 name "HwBinder:601_2" vma 7fbd0e6000
  HwBinder:601_2-634   [004] ....  7830.602602: do_swap_page: swapin tgid 601 pid 634 name "HwBinder:601_2" vma 7fbd0e7000
  HwBinder:601_2-634   [004] ....  7830.602604: do_swap_page: swapin tgid 601 pid 634 name "HwBinder:601_2" vma 7fbd0e8000
  HwBinder:601_2-634   [004] ....  7830.602606: do_swap_page: swapin tgid 601 pid 634 name "HwBinder:601_2" vma 7fbd0e9000
  HwBinder:601_2-634   [004] ....  7830.602608: do_swap_page: swapin tgid 601 pid 634 name "HwBinder:601_2" vma 7fbd0ea000
  HwBinder:601_2-634   [004] ....  7830.602610: do_swap_page: swapin tgid 601 pid 634 name "HwBinder:601_2" vma 7fbd0eb000
  HwBinder:601_2-634   [004] ....  7830.602612: do_swap_page: swapin tgid 601 pid 634 name "HwBinder:601_2" vma 7fbd0ec000
  HwBinder:601_2-634   [004] ....  7830.602614: do_swap_page: swapin tgid 601 pid 634 name "HwBinder:601_2" vma 7fbd0ed000
  HwBinder:601_2-634   [004] ....  7830.602629: do_swap_page: swapin tgid 601 pid 634 name "HwBinder:601_2" vma 7fbf5e4000
           <...>-2006  [004] ....  7830.602672: do_swap_page: swapin tgid 2006 pid 2006 name "droid.launcher3" vma 9efd3000
           <...>-2006  [004] ....  7830.602678: do_swap_page: swapin tgid 2006 pid 2006 name "droid.launcher3" vma 9efba000
 ndroid.systemui-1683  [004] ....  7830.602718: do_swap_page: swapin tgid 1683 pid 1683 name "ndroid.systemui" vma 9f1f1000
 ndroid.systemui-1683  [004] ....  7830.602727: do_swap_page: swapin tgid 1683 pid 1683 name "ndroid.systemui" vma 9f1b5000
     logd.writer-570   [004] ....  7830.602766: do_swap_page: swapin tgid 556 pid 570 name "logd.writer" vma 7fbbe0a000
           <...>-2006  [004] ....  7830.602868: do_swap_page: swapin tgid 2006 pid 2006 name "droid.launcher3" vma 9efba000
           <...>-2006  [004] ....  7830.602887: do_swap_page: swapin tgid 2006 pid 2006 name "droid.launcher3" vma 9efdb000
     logd.writer-570   [004] ....  7830.602912: do_swap_page: swapin tgid 556 pid 570 name "logd.writer" vma 7fbbf32000
  HwBinder:601_2-634   [004] ....  7830.602957: do_swap_page: swapin tgid 601 pid 634 name "HwBinder:601_2" vma 7fbf5e4000
  HwBinder:601_2-634   [004] ....  7830.602975: do_swap_page: swapin tgid 601 pid 634 name "HwBinder:601_2" vma 7fb7167000
  HwBinder:601_2-634   [004] ....  7830.602980: do_swap_page: swapin tgid 601 pid 634 name "HwBinder:601_2" vma 7fb7166000
  HwBinder:601_2-634   [004] ....  7830.602991: do_swap_page: swapin tgid 601 pid 634 name "HwBinder:601_2" vma 7fb43fa000
  HwBinder:601_2-634   [004] ....  7830.603011: do_swap_page: swapin tgid 601 pid 634 name "HwBinder:601_2" vma 7fb43fb000
  HwBinder:601_2-634   [004] ....  7830.603017: do_swap_page: swapin tgid 601 pid 634 name "HwBinder:601_2" vma 7fb44a6000
  HwBinder:601_2-634   [004] ....  7830.603019: do_swap_page: swapin tgid 601 pid 634 name "HwBinder:601_2" vma 7fb44a7000
  HwBinder:601_2-634   [004] ....  7830.603021: do_swap_page: swapin tgid 601 pid 634 name "HwBinder:601_2" vma 7fb44a5000
  HwBinder:601_2-634   [004] ....  7830.603028: do_swap_page: swapin tgid 601 pid 634 name "HwBinder:601_2" vma 7fb44a8000
  HwBinder:601_2-634   [004] ....  7830.603070: do_swap_page: swapin tgid 601 pid 634 name "HwBinder:601_2" vma 7fb5e76000
           <...>-2006  [004] ....  7830.603189: do_swap_page: swapin tgid 2006 pid 2006 name "droid.launcher3" vma 9efdb000
           <...>-2006  [004] ....  7830.603195: do_swap_page: swapin tgid 2006 pid 2006 name "droid.launcher3" vma 7eccada000
           <...>-2006  [004] ....  7830.603197: do_swap_page: swapin tgid 2006 pid 2006 name "droid.launcher3" vma 9ef89000
           <...>-1356  [004] .n..  7830.603236: do_swap_page: swapin tgid 1335 pid 1356 name "android.ui" vma 9f13e000
  HwBinder:601_2-634   [004] ....  7830.603241: do_swap_page: swapin tgid 601 pid 634 name "HwBinder:601_2" vma 7fb5e76000
  HwBinder:601_2-634   [004] ....  7830.603267: do_swap_page: swapin tgid 601 pid 634 name "HwBinder:601_2" vma 7fbd021000
           <...>-1356  [004] ....  7830.603298: do_swap_page: swapin tgid 1335 pid 1356 name "android.ui" vma 9efa6000
           <...>-1356  [004] ....  7830.603302: do_swap_page: swapin tgid 1335 pid 1356 name "android.ui" vma 9f26c000
 ndroid.systemui-1683  [004] ....  7830.603326: do_swap_page: swapin tgid 1683 pid 1683 name "ndroid.systemui" vma 9f1b5000
 ndroid.systemui-1683  [004] ....  7830.603339: do_swap_page: swapin tgid 1683 pid 1683 name "ndroid.systemui" vma 7fbe1a4000
           <...>-2006  [004] ....  7830.603365: do_swap_page: swapin tgid 2006 pid 2006 name "droid.launcher3" vma 9ef89000
           <...>-2006  [004] ....  7830.603371: do_swap_page: swapin tgid 2006 pid 2006 name "droid.launcher3" vma 13d83000
           <...>-2006  [004] ....  7830.603374: do_swap_page: swapin tgid 2006 pid 2006 name "droid.launcher3" vma 9ef8d000
 ndroid.systemui-1683  [004] ....  7830.603412: do_swap_page: swapin tgid 1683 pid 1683 name "ndroid.systemui" vma 1368a000
 ndroid.systemui-1683  [004] ....  7830.603421: do_swap_page: swapin tgid 1683 pid 1683 name "ndroid.systemui" vma 1336d000
 ndroid.systemui-1683  [004] ....  7830.603438: do_swap_page: swapin tgid 1683 pid 1683 name "ndroid.systemui" vma 9f194000
  HwBinder:601_2-634   [004] ....  7830.603479: do_swap_page: swapin tgid 601 pid 634 name "HwBinder:601_2" vma 7fbd021000
  HwBinder:601_2-634   [004] ....  7830.603517: do_swap_page: swapin tgid 601 pid 634 name "HwBinder:601_2" vma 7fbd094000
           <...>-1356  [004] ....  7830.603541: do_swap_page: swapin tgid 1335 pid 1356 name "android.ui" vma 9f26c000
           <...>-1356  [004] ....  7830.603549: do_swap_page: swapin tgid 1335 pid 1356 name "android.ui" vma 9f078000
           <...>-1356  [004] ....  7830.603551: do_swap_page: swapin tgid 1335 pid 1356 name "android.ui" vma 9f1c2000
           <...>-2006  [004] ....  7830.603579: do_swap_page: swapin tgid 2006 pid 2006 name "droid.launcher3" vma 9ef8d000
           <...>-2006  [004] ....  7830.603585: do_swap_page: swapin tgid 2006 pid 2006 name "droid.launcher3" vma 9ef91000
  HwBinder:601_2-634   [004] ....  7830.603701: do_swap_page: swapin tgid 601 pid 634 name "HwBinder:601_2" vma 7fbd094000
  HwBinder:601_2-634   [004] ....  7830.603722: do_swap_page: swapin tgid 601 pid 634 name "HwBinder:601_2" vma 7fb712d000
  HwBinder:601_2-634   [004] ....  7830.603725: do_swap_page: swapin tgid 601 pid 634 name "HwBinder:601_2" vma 7fb714b000
  HwBinder:601_2-634   [004] ....  7830.603726: do_swap_page: swapin tgid 601 pid 634 name "HwBinder:601_2" vma 7fb714c000
  HwBinder:601_2-634   [004] ....  7830.603732: do_swap_page: swapin tgid 601 pid 634 name "HwBinder:601_2" vma 7fb714d000
  HwBinder:601_2-634   [004] ....  7830.603734: do_swap_page: swapin tgid 601 pid 634 name "HwBinder:601_2" vma 7fb714e000
  HwBinder:601_2-634   [004] ....  7830.603736: do_swap_page: swapin tgid 601 pid 634 name "HwBinder:601_2" vma 7fb714f000
  HwBinder:601_2-634   [004] ....  7830.603738: do_swap_page: swapin tgid 601 pid 634 name "HwBinder:601_2" vma 7fb7150000
  HwBinder:601_2-634   [004] ....  7830.603739: do_swap_page: swapin tgid 601 pid 634 name "HwBinder:601_2" vma 7fb7151000
  HwBinder:601_2-634   [004] ....  7830.603741: do_swap_page: swapin tgid 601 pid 634 name "HwBinder:601_2" vma 7fb7152000
  HwBinder:601_2-634   [004] ....  7830.603743: do_swap_page: swapin tgid 601 pid 634 name "HwBinder:601_2" vma 7fb7153000
  HwBinder:601_2-634   [004] ....  7830.603745: do_swap_page: swapin tgid 601 pid 634 name "HwBinder:601_2" vma 7fb7154000
  HwBinder:601_2-634   [004] ....  7830.603746: do_swap_page: swapin tgid 601 pid 634 name "HwBinder:601_2" vma 7fb7155000
  HwBinder:601_2-634   [004] ....  7830.603748: do_swap_page: swapin tgid 601 pid 634 name "HwBinder:601_2" vma 7fb7156000
  HwBinder:601_2-634   [004] ....  7830.603755: do_swap_page: swapin tgid 601 pid 634 name "HwBinder:601_2" vma 7fb7157000
  HwBinder:601_2-634   [004] ....  7830.603757: do_swap_page: swapin tgid 601 pid 634 name "HwBinder:601_2" vma 7fb7158000
  HwBinder:601_2-634   [004] ....  7830.603758: do_swap_page: swapin tgid 601 pid 634 name "HwBinder:601_2" vma 7fb7159000
  HwBinder:601_2-634   [004] ....  7830.603760: do_swap_page: swapin tgid 601 pid 634 name "HwBinder:601_2" vma 7fb715a000
