           <...>-814   [004] ....  6147.752411: do_swap_page: swapin tgid 814 pid 814 name "power@1.3-servi" vma 7fbb84c000
           <...>-814   [004] ....  6147.752419: do_swap_page: swapin tgid 814 pid 814 name "power@1.3-servi" vma 7fbd404000
           <...>-814   [004] ....  6147.752423: do_swap_page: swapin tgid 814 pid 814 name "power@1.3-servi" vma 7fbd400000
           <...>-1445  [004] ....  6147.752489: do_swap_page: swapin tgid 1335 pid 1445 name "InputDispatcher" vma 7ed0c64000
           <...>-1445  [004] ....  6147.752513: do_swap_page: swapin tgid 1335 pid 1445 name "InputDispatcher" vma 7eb4d41000
           <...>-1445  [004] ....  6147.752520: do_swap_page: swapin tgid 1335 pid 1445 name "InputDispatcher" vma 7eb4d42000
           <...>-814   [004] ....  6147.752573: do_swap_page: swapin tgid 814 pid 814 name "power@1.3-servi" vma 7fbd400000
           <...>-814   [004] ....  6147.752582: do_swap_page: swapin tgid 814 pid 814 name "power@1.3-servi" vma 7fbd407000
           <...>-814   [004] ....  6147.752588: do_swap_page: swapin tgid 814 pid 814 name "power@1.3-servi" vma 7fbd406000
           <...>-814   [004] ....  6147.752738: do_swap_page: swapin tgid 814 pid 814 name "power@1.3-servi" vma 7fbd406000
           <...>-814   [004] ....  6147.752748: do_swap_page: swapin tgid 814 pid 814 name "power@1.3-servi" vma 7fbd408000
           <...>-814   [004] ....  6147.752754: do_swap_page: swapin tgid 814 pid 814 name "power@1.3-servi" vma 7fbd205000
           <...>-814   [004] ....  6147.752757: do_swap_page: swapin tgid 814 pid 814 name "power@1.3-servi" vma 7fbd211000
           <...>-814   [004] ....  6147.752765: do_swap_page: swapin tgid 814 pid 814 name "power@1.3-servi" vma 7fbb84d000
           <...>-814   [004] ....  6147.752807: do_swap_page: swapin tgid 814 pid 814 name "power@1.3-servi" vma 7fbcfe9000
           <...>-814   [004] ....  6147.752959: do_swap_page: swapin tgid 814 pid 814 name "power@1.3-servi" vma 7fbcfe9000
           <...>-1445  [004] ....  6147.753252: do_swap_page: swapin tgid 1335 pid 1445 name "InputDispatcher" vma 14017000
           <...>-1445  [004] ....  6147.753263: do_swap_page: swapin tgid 1335 pid 1445 name "InputDispatcher" vma 1400c000
           <...>-1445  [004] ....  6147.753288: do_swap_page: swapin tgid 1335 pid 1445 name "InputDispatcher" vma 9ef95000
    Binder:599_2-645   [004] ....  6147.753416: do_swap_page: swapin tgid 599 pid 645 name "Binder:599_2" vma 7fbe175000
           <...>-2367  [004] ....  6147.753490: do_swap_page: swapin tgid 814 pid 2367 name "NodeLooperThrea" vma 7fbb7fc000
           <...>-2367  [004] ....  6147.753500: do_swap_page: swapin tgid 814 pid 2367 name "NodeLooperThrea" vma 7fbb7fb000
           <...>-2367  [004] ....  6147.753509: do_swap_page: swapin tgid 814 pid 2367 name "NodeLooperThrea" vma 7fbb83e000
           <...>-2367  [004] ....  6147.753516: do_swap_page: swapin tgid 814 pid 2367 name "NodeLooperThrea" vma 7fbb83d000
           <...>-2368  [004] ....  6147.753569: do_swap_page: swapin tgid 814 pid 2368 name "power@1.3-servi" vma 7fba6ff000
   system_server-1335  [004] ....  6147.753687: do_swap_page: swapin tgid 1335 pid 1335 name "system_server" vma 9f2f3000
           <...>-2367  [004] ....  6147.753728: do_swap_page: swapin tgid 814 pid 2367 name "NodeLooperThrea" vma 7fbb83d000
           <...>-2367  [004] ....  6147.753771: do_swap_page: swapin tgid 814 pid 2367 name "NodeLooperThrea" vma 7fbb81b000
 android.display-1358  [004] ....  6147.753972: do_swap_page: swapin tgid 1335 pid 1358 name "android.display" vma 7ecd8cf000
 android.display-1358  [004] ....  6147.753993: do_swap_page: swapin tgid 1335 pid 1358 name "android.display" vma 7ecd8d0000
 android.display-1358  [004] ....  6147.753996: do_swap_page: swapin tgid 1335 pid 1358 name "android.display" vma 7ed0c00000
 android.display-1358  [004] ....  6147.754027: do_swap_page: swapin tgid 1335 pid 1358 name "android.display" vma 7ed0c01000
 android.display-1358  [004] ....  6147.754031: do_swap_page: swapin tgid 1335 pid 1358 name "android.display" vma 7ecd8ce000
 android.display-1358  [004] ....  6147.754038: do_swap_page: swapin tgid 1335 pid 1358 name "android.display" vma 7ecd8cd000
 android.display-1358  [004] ....  6147.754048: do_swap_page: swapin tgid 1335 pid 1358 name "android.display" vma 7f312d0000
 android.display-1358  [004] ....  6147.754056: do_swap_page: swapin tgid 1335 pid 1358 name "android.display" vma 9f208000
           <...>-2368  [004] ....  6147.754128: do_swap_page: swapin tgid 814 pid 2368 name "power@1.3-servi" vma 7fba6ff000
           <...>-2368  [004] ....  6147.754140: do_swap_page: swapin tgid 814 pid 2368 name "power@1.3-servi" vma 7fba6fe000
           <...>-2367  [004] ....  6147.754163: do_swap_page: swapin tgid 814 pid 2367 name "NodeLooperThrea" vma 7fbb81b000
           <...>-2367  [004] ....  6147.754393: do_swap_page: swapin tgid 814 pid 2367 name "NodeLooperThrea" vma 7fbb84e000
           <...>-2367  [004] ....  6147.754468: do_swap_page: swapin tgid 814 pid 2367 name "NodeLooperThrea" vma 7fbb81d000
 droid.launcher3-2006  [004] ....  6147.754533: do_swap_page: swapin tgid 2006 pid 2006 name "droid.launcher3" vma 7f393d2000
 droid.launcher3-2006  [004] ....  6147.754546: do_swap_page: swapin tgid 2006 pid 2006 name "droid.launcher3" vma 7fbe165000
 droid.launcher3-2006  [004] ....  6147.754553: do_swap_page: swapin tgid 2006 pid 2006 name "droid.launcher3" vma 7fbe1a2000
 droid.launcher3-2006  [004] ....  6147.754557: do_swap_page: swapin tgid 2006 pid 2006 name "droid.launcher3" vma 7eccba1000
 droid.launcher3-2006  [004] ....  6147.754645: do_swap_page: swapin tgid 2006 pid 2006 name "droid.launcher3" vma 7ec73af000
 droid.launcher3-2006  [004] ....  6147.754656: do_swap_page: swapin tgid 2006 pid 2006 name "droid.launcher3" vma 7ec73b0000
 droid.launcher3-2006  [004] ....  6147.754661: do_swap_page: swapin tgid 2006 pid 2006 name "droid.launcher3" vma 7fffffc000
 droid.launcher3-2006  [004] ....  6147.754664: do_swap_page: swapin tgid 2006 pid 2006 name "droid.launcher3" vma 7eccb62000
 droid.launcher3-2006  [004] ....  6147.754676: do_swap_page: swapin tgid 2006 pid 2006 name "droid.launcher3" vma 7fbc5e1000
 droid.launcher3-2006  [004] ....  6147.754680: do_swap_page: swapin tgid 2006 pid 2006 name "droid.launcher3" vma 7fbc5dd000
 droid.launcher3-2006  [004] ....  6147.754682: do_swap_page: swapin tgid 2006 pid 2006 name "droid.launcher3" vma 7fbc5de000
 android.display-1358  [004] ....  6147.754744: do_swap_page: swapin tgid 1335 pid 1358 name "android.display" vma 9f208000
 android.display-1358  [004] ....  6147.754767: do_swap_page: swapin tgid 1335 pid 1358 name "android.display" vma 9f237000
   system_server-1335  [004] ....  6147.754820: do_swap_page: swapin tgid 1335 pid 1335 name "system_server" vma 9f2f3000
   system_server-1335  [004] ....  6147.754829: do_swap_page: swapin tgid 1335 pid 1335 name "system_server" vma 9f200000
    Binder:599_2-645   [004] ....  6147.754874: do_swap_page: swapin tgid 599 pid 645 name "Binder:599_2" vma 7fbe175000
    Binder:599_2-645   [004] ....  6147.754928: do_swap_page: swapin tgid 599 pid 645 name "Binder:599_2" vma 7fb7566000
           <...>-669   [004] ....  6147.755001: do_swap_page: swapin tgid 599 pid 669 name "surfaceflinger" vma 7fb3f2f000
           <...>-669   [004] ....  6147.755008: do_swap_page: swapin tgid 599 pid 669 name "surfaceflinger" vma 7fb3f2e000
           <...>-2367  [004] ....  6147.755993: do_swap_page: swapin tgid 814 pid 2367 name "NodeLooperThrea" vma 7fbb81d000
           <...>-2367  [004] ....  6147.756282: do_swap_page: swapin tgid 814 pid 2367 name "NodeLooperThrea" vma 7fbb85b000
           <...>-2367  [004] ....  6147.756973: do_swap_page: swapin tgid 814 pid 2367 name "NodeLooperThrea" vma 7fbb85b000
 droid.launcher3-2006  [004] ....  6147.757643: do_swap_page: swapin tgid 2006 pid 2006 name "droid.launcher3" vma 7fbc5de000
 droid.launcher3-2006  [004] ....  6147.757656: do_swap_page: swapin tgid 2006 pid 2006 name "droid.launcher3" vma 7fbe15d000
 droid.launcher3-2006  [004] ....  6147.757661: do_swap_page: swapin tgid 2006 pid 2006 name "droid.launcher3" vma 7fbe15c000
 droid.launcher3-2006  [004] ....  6147.757666: do_swap_page: swapin tgid 2006 pid 2006 name "droid.launcher3" vma 7fbe1fd000
 droid.launcher3-2006  [004] ....  6147.757674: do_swap_page: swapin tgid 2006 pid 2006 name "droid.launcher3" vma 7eccab0000
 droid.launcher3-2006  [004] ....  6147.757676: do_swap_page: swapin tgid 2006 pid 2006 name "droid.launcher3" vma 7ec7377000
 droid.launcher3-2006  [004] ....  6147.757681: do_swap_page: swapin tgid 2006 pid 2006 name "droid.launcher3" vma 7ec71c2000
 droid.launcher3-2006  [004] ....  6147.757710: do_swap_page: swapin tgid 2006 pid 2006 name "droid.launcher3" vma 7fbb1ca000
           <...>-2367  [004] ....  6147.758407: do_swap_page: swapin tgid 814 pid 2367 name "NodeLooperThrea" vma 7fbd26b000
           <...>-2367  [004] ....  6147.758416: do_swap_page: swapin tgid 814 pid 2367 name "NodeLooperThrea" vma 7fbd26c000
           <...>-2367  [004] ....  6147.758421: do_swap_page: swapin tgid 814 pid 2367 name "NodeLooperThrea" vma 7fbd240000
           <...>-2367  [004] ....  6147.758427: do_swap_page: swapin tgid 814 pid 2367 name "NodeLooperThrea" vma 7fbe025000
           <...>-2367  [004] ....  6147.758449: do_swap_page: swapin tgid 814 pid 2367 name "NodeLooperThrea" vma 7fbd20a000
           <...>-2367  [004] ....  6147.758454: do_swap_page: swapin tgid 814 pid 2367 name "NodeLooperThrea" vma 7fbd20e000
           <...>-2367  [004] ....  6147.758457: do_swap_page: swapin tgid 814 pid 2367 name "NodeLooperThrea" vma 7fbe024000
           <...>-669   [004] ....  6147.758526: do_swap_page: swapin tgid 599 pid 669 name "surfaceflinger" vma 7faa5ff000
           <...>-669   [004] ....  6147.758534: do_swap_page: swapin tgid 599 pid 669 name "surfaceflinger" vma 7faa6f7000
           <...>-669   [004] ....  6147.758544: do_swap_page: swapin tgid 599 pid 669 name "surfaceflinger" vma 7fba701000
           <...>-2367  [004] ....  6147.758631: do_swap_page: swapin tgid 814 pid 2367 name "NodeLooperThrea" vma 7fbe024000
           <...>-2367  [004] ....  6147.758652: do_swap_page: swapin tgid 814 pid 2367 name "NodeLooperThrea" vma 7fbb7fa000
           <...>-2367  [004] ....  6147.758662: do_swap_page: swapin tgid 814 pid 2367 name "NodeLooperThrea" vma 7fbd212000
           <...>-2367  [004] ....  6147.758664: do_swap_page: swapin tgid 814 pid 2367 name "NodeLooperThrea" vma 7fbd9fe000
 droid.launcher3-2006  [004] ....  6147.758708: do_swap_page: swapin tgid 2006 pid 2006 name "droid.launcher3" vma 7fbb1ca000
 droid.launcher3-2006  [004] ....  6147.758718: do_swap_page: swapin tgid 2006 pid 2006 name "droid.launcher3" vma 7fbe25a000
 droid.launcher3-2006  [004] ....  6147.758727: do_swap_page: swapin tgid 2006 pid 2006 name "droid.launcher3" vma 7f393d0000
 droid.launcher3-2006  [004] ....  6147.758733: do_swap_page: swapin tgid 2006 pid 2006 name "droid.launcher3" vma 7fbe23c000
 droid.launcher3-2006  [004] ....  6147.758736: do_swap_page: swapin tgid 2006 pid 2006 name "droid.launcher3" vma 7fbe1a3000
 droid.launcher3-2006  [004] ....  6147.758741: do_swap_page: swapin tgid 2006 pid 2006 name "droid.launcher3" vma 7f318f3000
 droid.launcher3-2006  [004] ....  6147.758749: do_swap_page: swapin tgid 2006 pid 2006 name "droid.launcher3" vma 13ce9000
 droid.launcher3-2006  [004] ....  6147.758764: do_swap_page: swapin tgid 2006 pid 2006 name "droid.launcher3" vma 7fbe285000
 droid.launcher3-2006  [004] ....  6147.758772: do_swap_page: swapin tgid 2006 pid 2006 name "droid.launcher3" vma 7f393d1000
 droid.launcher3-2006  [004] ....  6147.758775: do_swap_page: swapin tgid 2006 pid 2006 name "droid.launcher3" vma 7fbe1f8000
 droid.launcher3-2006  [004] ....  6147.758779: do_swap_page: swapin tgid 2006 pid 2006 name "droid.launcher3" vma 7fffffa000
 droid.launcher3-2006  [004] ....  6147.758784: do_swap_page: swapin tgid 2006 pid 2006 name "droid.launcher3" vma 7fbe24e000
 droid.launcher3-2006  [004] ....  6147.758792: do_swap_page: swapin tgid 2006 pid 2006 name "droid.launcher3" vma 7fbde99000
 droid.launcher3-2006  [004] ....  6147.758801: do_swap_page: swapin tgid 2006 pid 2006 name "droid.launcher3" vma 7fbe286000
           <...>-2367  [004] ....  6147.758883: do_swap_page: swapin tgid 814 pid 2367 name "NodeLooperThrea" vma 7fbd9fe000
           <...>-2367  [004] ....  6147.758912: do_swap_page: swapin tgid 814 pid 2367 name "NodeLooperThrea" vma 7fbf5e3000
 droid.launcher3-2006  [004] ....  6147.758963: do_swap_page: swapin tgid 2006 pid 2006 name "droid.launcher3" vma 12fd8000
 droid.launcher3-2006  [004] ....  6147.758977: do_swap_page: swapin tgid 2006 pid 2006 name "droid.launcher3" vma 7f35080000
 droid.launcher3-2006  [004] ....  6147.758991: do_swap_page: swapin tgid 2006 pid 2006 name "droid.launcher3" vma 7ec726c000
 droid.launcher3-2006  [004] ....  6147.759000: do_swap_page: swapin tgid 2006 pid 2006 name "droid.launcher3" vma 13d91000
 droid.launcher3-2006  [004] ....  6147.759009: do_swap_page: swapin tgid 2006 pid 2006 name "droid.launcher3" vma 13da5000
 droid.launcher3-2006  [004] ....  6147.759019: do_swap_page: swapin tgid 2006 pid 2006 name "droid.launcher3" vma 7f34f0a000
 droid.launcher3-2006  [004] ....  6147.759027: do_swap_page: swapin tgid 2006 pid 2006 name "droid.launcher3" vma 12fd4000
 droid.launcher3-2006  [004] ....  6147.759030: do_swap_page: swapin tgid 2006 pid 2006 name "droid.launcher3" vma 7f34f06000
 droid.launcher3-2006  [004] ....  6147.759034: do_swap_page: swapin tgid 2006 pid 2006 name "droid.launcher3" vma 13cc3000
           <...>-2367  [004] ....  6147.759084: do_swap_page: swapin tgid 814 pid 2367 name "NodeLooperThrea" vma 7fbf5e3000
           <...>-2367  [004] ....  6147.759104: do_swap_page: swapin tgid 814 pid 2367 name "NodeLooperThrea" vma 7fbd7f3000
 droid.launcher3-2006  [004] ....  6147.759326: do_swap_page: swapin tgid 2006 pid 2006 name "droid.launcher3" vma 13d92000
 droid.launcher3-2006  [004] ....  6147.759337: do_swap_page: swapin tgid 2006 pid 2006 name "droid.launcher3" vma 9efc6000
     logd.writer-570   [004] ....  6147.759464: do_swap_page: swapin tgid 556 pid 570 name "logd.writer" vma 7fbbe0a000
     logd.writer-570   [004] ....  6147.759488: do_swap_page: swapin tgid 556 pid 570 name "logd.writer" vma 7fbbf32000
 droid.launcher3-2006  [004] ....  6147.759622: do_swap_page: swapin tgid 2006 pid 2006 name "droid.launcher3" vma 9efc6000
 droid.launcher3-2006  [004] ....  6147.759635: do_swap_page: swapin tgid 2006 pid 2006 name "droid.launcher3" vma 13d8b000
 droid.launcher3-2006  [004] ....  6147.759649: do_swap_page: swapin tgid 2006 pid 2006 name "droid.launcher3" vma 7fbe170000
 droid.launcher3-2006  [004] ....  6147.759651: do_swap_page: swapin tgid 2006 pid 2006 name "droid.launcher3" vma 7fbe249000
 droid.launcher3-2006  [004] ....  6147.759699: do_swap_page: swapin tgid 2006 pid 2006 name "droid.launcher3" vma 7f289fb000
 droid.launcher3-2006  [004] ....  6147.759720: do_swap_page: swapin tgid 2006 pid 2006 name "droid.launcher3" vma 13d8c000
 droid.launcher3-2006  [004] ....  6147.759723: do_swap_page: swapin tgid 2006 pid 2006 name "droid.launcher3" vma 9efc5000
 droid.launcher3-2006  [004] ....  6147.759730: do_swap_page: swapin tgid 2006 pid 2006 name "droid.launcher3" vma 9f0c2000
   system_server-1335  [004] ....  6147.759816: do_swap_page: swapin tgid 1335 pid 1335 name "system_server" vma 9f200000
   system_server-1335  [004] ....  6147.759831: do_swap_page: swapin tgid 1335 pid 1335 name "system_server" vma 141ee000
   system_server-1335  [004] ....  6147.759836: do_swap_page: swapin tgid 1335 pid 1335 name "system_server" vma 9f1d0000
 android.display-1358  [004] ....  6147.759876: do_swap_page: swapin tgid 1335 pid 1358 name "android.display" vma 9f237000
 android.display-1358  [004] ....  6147.759903: do_swap_page: swapin tgid 1335 pid 1358 name "android.display" vma 13f74000
 android.display-1358  [004] ....  6147.759934: do_swap_page: swapin tgid 1335 pid 1358 name "android.display" vma 9f23a000
 droid.launcher3-2006  [004] ....  6147.760013: do_swap_page: swapin tgid 2006 pid 2006 name "droid.launcher3" vma 9f0c2000
 droid.launcher3-2006  [004] ....  6147.760023: do_swap_page: swapin tgid 2006 pid 2006 name "droid.launcher3" vma 9f0d3000
   system_server-1335  [004] ....  6147.760079: do_swap_page: swapin tgid 1335 pid 1335 name "system_server" vma 9f1d0000
 droid.launcher3-2006  [004] ....  6147.760209: do_swap_page: swapin tgid 2006 pid 2006 name "droid.launcher3" vma 9f0d3000
 droid.launcher3-2006  [004] ....  6147.760220: do_swap_page: swapin tgid 2006 pid 2006 name "droid.launcher3" vma 9f0cd000
 android.display-1358  [004] ....  6147.760262: do_swap_page: swapin tgid 1335 pid 1358 name "android.display" vma 9f23a000
 android.display-1358  [004] ....  6147.760272: do_swap_page: swapin tgid 1335 pid 1358 name "android.display" vma 9f066000
 android.display-1358  [004] ....  6147.760280: do_swap_page: swapin tgid 1335 pid 1358 name "android.display" vma 140af000
 android.display-1358  [004] ....  6147.760291: do_swap_page: swapin tgid 1335 pid 1358 name "android.display" vma 9efca000
 android.display-1358  [004] ....  6147.760295: do_swap_page: swapin tgid 1335 pid 1358 name "android.display" vma 9f27e000
      android.ui-1356  [004] ....  6147.760362: do_swap_page: swapin tgid 1335 pid 1356 name "android.ui" vma 9f130000
      android.ui-1356  [004] ....  6147.760385: do_swap_page: swapin tgid 1335 pid 1356 name "android.ui" vma 9f001000
      android.ui-1356  [004] ....  6147.760389: do_swap_page: swapin tgid 1335 pid 1356 name "android.ui" vma 9f12f000
 droid.launcher3-2006  [004] ....  6147.760439: do_swap_page: swapin tgid 2006 pid 2006 name "droid.launcher3" vma 9f0cd000
 droid.launcher3-2006  [004] ....  6147.760529: do_swap_page: swapin tgid 2006 pid 2006 name "droid.launcher3" vma 12fc0000
 droid.launcher3-2006  [004] ....  6147.760540: do_swap_page: swapin tgid 2006 pid 2006 name "droid.launcher3" vma 13d96000
 droid.launcher3-2006  [004] ....  6147.760549: do_swap_page: swapin tgid 2006 pid 2006 name "droid.launcher3" vma 7eccad7000
 droid.launcher3-2006  [004] ....  6147.760552: do_swap_page: swapin tgid 2006 pid 2006 name "droid.launcher3" vma 7f28b5d000
 droid.launcher3-2006  [004] ....  6147.760609: do_swap_page: swapin tgid 2006 pid 2006 name "droid.launcher3" vma 13d95000
 droid.launcher3-2006  [004] ....  6147.760613: do_swap_page: swapin tgid 2006 pid 2006 name "droid.launcher3" vma 7eccad8000
 droid.launcher3-2006  [004] ....  6147.760622: do_swap_page: swapin tgid 2006 pid 2006 name "droid.launcher3" vma 9ef8e000
 droid.launcher3-2006  [004] ....  6147.760626: do_swap_page: swapin tgid 2006 pid 2006 name "droid.launcher3" vma 7fbe264000
 droid.launcher3-2006  [004] ....  6147.760630: do_swap_page: swapin tgid 2006 pid 2006 name "droid.launcher3" vma 9ef8f000
 android.display-1358  [004] ....  6147.760694: do_swap_page: swapin tgid 1335 pid 1358 name "android.display" vma 9f27e000
 droid.launcher3-2006  [004] ....  6147.761213: do_swap_page: swapin tgid 2006 pid 2006 name "droid.launcher3" vma 9ef8f000
 droid.launcher3-2006  [004] ....  6147.761237: do_swap_page: swapin tgid 2006 pid 2006 name "droid.launcher3" vma 9efa7000
 droid.launcher3-2006  [004] ....  6147.761240: do_swap_page: swapin tgid 2006 pid 2006 name "droid.launcher3" vma 9ef90000
 droid.launcher3-2006  [004] ....  6147.761243: do_swap_page: swapin tgid 2006 pid 2006 name "droid.launcher3" vma 12fd2000
 droid.launcher3-2006  [004] ....  6147.761255: do_swap_page: swapin tgid 2006 pid 2006 name "droid.launcher3" vma 7eccad6000
 droid.launcher3-2006  [004] ....  6147.761258: do_swap_page: swapin tgid 2006 pid 2006 name "droid.launcher3" vma 9efa8000
 android.display-1358  [004] ....  6147.761307: do_swap_page: swapin tgid 1335 pid 1358 name "android.display" vma 9f27f000
      android.ui-1356  [004] ....  6147.761349: do_swap_page: swapin tgid 1335 pid 1356 name "android.ui" vma 9f12f000
      android.ui-1356  [004] ....  6147.761366: do_swap_page: swapin tgid 1335 pid 1356 name "android.ui" vma 9f055000
      android.ui-1356  [004] ....  6147.761370: do_swap_page: swapin tgid 1335 pid 1356 name "android.ui" vma 9f2cf000
 droid.launcher3-2006  [004] ....  6147.761430: do_swap_page: swapin tgid 2006 pid 2006 name "droid.launcher3" vma 9efa8000
 droid.launcher3-2006  [004] ....  6147.761442: do_swap_page: swapin tgid 2006 pid 2006 name "droid.launcher3" vma 9f096000
 droid.launcher3-2006  [004] ....  6147.761454: do_swap_page: swapin tgid 2006 pid 2006 name "droid.launcher3" vma 7f2dcc2000
 android.display-1358  [004] ....  6147.761568: do_swap_page: swapin tgid 1335 pid 1358 name "android.display" vma 9f27f000
 android.display-1358  [004] ....  6147.761585: do_swap_page: swapin tgid 1335 pid 1358 name "android.display" vma 14aa2000
 android.display-1358  [004] ....  6147.761625: do_swap_page: swapin tgid 1335 pid 1358 name "android.display" vma 7f2d669000
 android.display-1358  [004] ....  6147.761646: do_swap_page: swapin tgid 1335 pid 1358 name "android.display" vma 7f28b1d000
 android.display-1358  [004] ....  6147.761650: do_swap_page: swapin tgid 1335 pid 1358 name "android.display" vma 7f28b1e000
 android.display-1358  [004] ....  6147.761655: do_swap_page: swapin tgid 1335 pid 1358 name "android.display" vma 7e57ce8000
      android.ui-1356  [004] ....  6147.761727: do_swap_page: swapin tgid 1335 pid 1356 name "android.ui" vma 9f2cf000
      android.ui-1356  [004] ....  6147.761735: do_swap_page: swapin tgid 1335 pid 1356 name "android.ui" vma 9f198000
 droid.launcher3-2006  [004] ....  6147.761778: do_swap_page: swapin tgid 2006 pid 2006 name "droid.launcher3" vma 7f2dcc2000
 droid.launcher3-2006  [004] ....  6147.761788: do_swap_page: swapin tgid 2006 pid 2006 name "droid.launcher3" vma 9f0a0000
 droid.launcher3-2006  [004] ....  6147.761795: do_swap_page: swapin tgid 2006 pid 2006 name "droid.launcher3" vma 12fd1000
 droid.launcher3-2006  [004] ....  6147.761800: do_swap_page: swapin tgid 2006 pid 2006 name "droid.launcher3" vma 9efa9000
 droid.launcher3-2006  [004] ....  6147.761811: do_swap_page: swapin tgid 2006 pid 2006 name "droid.launcher3" vma 7f2dcc3000
 droid.launcher3-2006  [004] ....  6147.761814: do_swap_page: swapin tgid 2006 pid 2006 name "droid.launcher3" vma 9efe6000
 droid.launcher3-2006  [004] ....  6147.762023: do_swap_page: swapin tgid 2006 pid 2006 name "droid.launcher3" vma 9efe6000
 droid.launcher3-2006  [004] ....  6147.762026: do_swap_page: swapin tgid 2006 pid 2006 name "droid.launcher3" vma 9efc1000
 droid.launcher3-2006  [004] ....  6147.762029: do_swap_page: swapin tgid 2006 pid 2006 name "droid.launcher3" vma 9ef77000
 droid.launcher3-2006  [004] ....  6147.762032: do_swap_page: swapin tgid 2006 pid 2006 name "droid.launcher3" vma 9f133000
 droid.launcher3-2006  [004] ....  6147.762036: do_swap_page: swapin tgid 2006 pid 2006 name "droid.launcher3" vma 9f0a5000
      android.ui-1356  [004] ....  6147.762063: do_swap_page: swapin tgid 1335 pid 1356 name "android.ui" vma 9f198000
      android.ui-1356  [004] ....  6147.762070: do_swap_page: swapin tgid 1335 pid 1356 name "android.ui" vma 9efbe000
      android.ui-1356  [004] ....  6147.762087: do_swap_page: swapin tgid 1335 pid 1356 name "android.ui" vma 7eb42bb000
      android.ui-1356  [004] ....  6147.762113: do_swap_page: swapin tgid 1335 pid 1356 name "android.ui" vma 7f2d6c2000
      android.ui-1356  [004] ....  6147.762118: do_swap_page: swapin tgid 1335 pid 1356 name "android.ui" vma 7f2d720000
      android.ui-1356  [004] ....  6147.762162: do_swap_page: swapin tgid 1335 pid 1356 name "android.ui" vma 9f079000
      android.ui-1356  [004] ....  6147.762170: do_swap_page: swapin tgid 1335 pid 1356 name "android.ui" vma 7f2afa3000
 droid.launcher3-2006  [004] ....  6147.762204: do_swap_page: swapin tgid 2006 pid 2006 name "droid.launcher3" vma 9f0a5000
 droid.launcher3-2006  [004] ....  6147.762212: do_swap_page: swapin tgid 2006 pid 2006 name "droid.launcher3" vma 9efb5000
 droid.launcher3-2006  [004] ....  6147.762214: do_swap_page: swapin tgid 2006 pid 2006 name "droid.launcher3" vma 9f09a000
           <...>-1683  [004] ....  6147.762285: do_swap_page: swapin tgid 1683 pid 1683 name "ndroid.systemui" vma 9f1dd000
           <...>-1683  [004] ....  6147.762298: do_swap_page: swapin tgid 1683 pid 1683 name "ndroid.systemui" vma 13e0f000
 droid.launcher3-2006  [004] ....  6147.762342: do_swap_page: swapin tgid 2006 pid 2006 name "droid.launcher3" vma 9f09a000
 droid.launcher3-2006  [004] ....  6147.762348: do_swap_page: swapin tgid 2006 pid 2006 name "droid.launcher3" vma 9f0c1000
           <...>-1683  [004] ....  6147.762399: do_swap_page: swapin tgid 1683 pid 1683 name "ndroid.systemui" vma 7f28a69000
           <...>-1683  [004] ....  6147.762439: do_swap_page: swapin tgid 1683 pid 1683 name "ndroid.systemui" vma 9f1f1000
           <...>-1445  [004] ....  6147.762471: do_swap_page: swapin tgid 1335 pid 1445 name "InputDispatcher" vma 7ed0c4a000
 droid.launcher3-2006  [004] ....  6147.762532: do_swap_page: swapin tgid 2006 pid 2006 name "droid.launcher3" vma 9f0c1000
 droid.launcher3-2006  [004] ....  6147.762539: do_swap_page: swapin tgid 2006 pid 2006 name "droid.launcher3" vma 9f0a2000
 droid.launcher3-2006  [004] ....  6147.762542: do_swap_page: swapin tgid 2006 pid 2006 name "droid.launcher3" vma 9efc7000
 droid.launcher3-2006  [004] ....  6147.762546: do_swap_page: swapin tgid 2006 pid 2006 name "droid.launcher3" vma 13db3000
 droid.launcher3-2006  [004] ....  6147.762550: do_swap_page: swapin tgid 2006 pid 2006 name "droid.launcher3" vma 9efcc000
 droid.launcher3-2006  [004] ....  6147.762554: do_swap_page: swapin tgid 2006 pid 2006 name "droid.launcher3" vma 13d84000
 droid.launcher3-2006  [004] ....  6147.762555: do_swap_page: swapin tgid 2006 pid 2006 name "droid.launcher3" vma 9ef8c000
 droid.launcher3-2006  [004] ....  6147.762557: do_swap_page: swapin tgid 2006 pid 2006 name "droid.launcher3" vma 9efd1000
 droid.launcher3-2006  [004] ....  6147.762559: do_swap_page: swapin tgid 2006 pid 2006 name "droid.launcher3" vma 13d81000
 droid.launcher3-2006  [004] ....  6147.762561: do_swap_page: swapin tgid 2006 pid 2006 name "droid.launcher3" vma 9ef88000
 droid.launcher3-2006  [004] ....  6147.762563: do_swap_page: swapin tgid 2006 pid 2006 name "droid.launcher3" vma 9efda000
 droid.launcher3-2006  [004] ....  6147.762565: do_swap_page: swapin tgid 2006 pid 2006 name "droid.launcher3" vma 13d88000
 droid.launcher3-2006  [004] ....  6147.762566: do_swap_page: swapin tgid 2006 pid 2006 name "droid.launcher3" vma 9efb9000
 droid.launcher3-2006  [004] ....  6147.762568: do_swap_page: swapin tgid 2006 pid 2006 name "droid.launcher3" vma 9ef81000
 droid.launcher3-2006  [004] ....  6147.762571: do_swap_page: swapin tgid 2006 pid 2006 name "droid.launcher3" vma 13d85000
 droid.launcher3-2006  [004] ....  6147.762579: do_swap_page: swapin tgid 2006 pid 2006 name "droid.launcher3" vma 9efd2000
 droid.launcher3-2006  [004] ....  6147.762581: do_swap_page: swapin tgid 2006 pid 2006 name "droid.launcher3" vma 9efbe000
 droid.launcher3-2006  [004] ....  6147.762584: do_swap_page: swapin tgid 2006 pid 2006 name "droid.launcher3" vma 13cf3000
 droid.launcher3-2006  [004] ....  6147.762585: do_swap_page: swapin tgid 2006 pid 2006 name "droid.launcher3" vma 9efb7000
 droid.launcher3-2006  [004] ....  6147.762587: do_swap_page: swapin tgid 2006 pid 2006 name "droid.launcher3" vma 9f003000
 droid.launcher3-2006  [004] ....  6147.762589: do_swap_page: swapin tgid 2006 pid 2006 name "droid.launcher3" vma 9f0ae000
      android.ui-1356  [004] ....  6147.762637: do_swap_page: swapin tgid 1335 pid 1356 name "android.ui" vma 7f2afa3000
      android.ui-1356  [004] ....  6147.762645: do_swap_page: swapin tgid 1335 pid 1356 name "android.ui" vma 9f2d4000
           <...>-1683  [004] ....  6147.762722: do_swap_page: swapin tgid 1683 pid 1683 name "ndroid.systemui" vma 9f1f1000
           <...>-1683  [004] ....  6147.762734: do_swap_page: swapin tgid 1683 pid 1683 name "ndroid.systemui" vma 9f1b5000
 droid.launcher3-2006  [004] ....  6147.762788: do_swap_page: swapin tgid 2006 pid 2006 name "droid.launcher3" vma 9f0ae000
 droid.launcher3-2006  [004] ....  6147.762795: do_swap_page: swapin tgid 2006 pid 2006 name "droid.launcher3" vma 9f05a000
      android.ui-1356  [004] ....  6147.762835: do_swap_page: swapin tgid 1335 pid 1356 name "android.ui" vma 9f2d4000
      android.ui-1356  [004] ....  6147.762842: do_swap_page: swapin tgid 1335 pid 1356 name "android.ui" vma 9f029000
      android.ui-1356  [004] ....  6147.762844: do_swap_page: swapin tgid 1335 pid 1356 name "android.ui" vma 9f161000
           <...>-1683  [004] ....  6147.762884: do_swap_page: swapin tgid 1683 pid 1683 name "ndroid.systemui" vma 9f1b5000
           <...>-1683  [004] ....  6147.762902: do_swap_page: swapin tgid 1683 pid 1683 name "ndroid.systemui" vma 7fbe1a4000
           <...>-1683  [004] ....  6147.762921: do_swap_page: swapin tgid 1683 pid 1683 name "ndroid.systemui" vma 1368a000
           <...>-1683  [004] ....  6147.762937: do_swap_page: swapin tgid 1683 pid 1683 name "ndroid.systemui" vma 7eb5526000
           <...>-1683  [004] ....  6147.762949: do_swap_page: swapin tgid 1683 pid 1683 name "ndroid.systemui" vma 9f194000
 droid.launcher3-2006  [004] ....  6147.763099: do_swap_page: swapin tgid 2006 pid 2006 name "droid.launcher3" vma 9f05a000
 droid.launcher3-2006  [004] ....  6147.763133: do_swap_page: swapin tgid 2006 pid 2006 name "droid.launcher3" vma 7fffffb000
 droid.launcher3-2006  [004] ....  6147.763137: do_swap_page: swapin tgid 2006 pid 2006 name "droid.launcher3" vma 7ecca84000
 droid.launcher3-2006  [004] ....  6147.763139: do_swap_page: swapin tgid 2006 pid 2006 name "droid.launcher3" vma 7f289f8000
 droid.launcher3-2006  [004] ....  6147.763149: do_swap_page: swapin tgid 2006 pid 2006 name "droid.launcher3" vma 9f0b3000
           <...>-634   [004] ....  6147.763371: do_swap_page: swapin tgid 601 pid 634 name "HwBinder:601_2" vma 7fbd049000
           <...>-634   [004] ....  6147.763383: do_swap_page: swapin tgid 601 pid 634 name "HwBinder:601_2" vma 7fbd022000
           <...>-634   [004] ....  6147.763387: do_swap_page: swapin tgid 601 pid 634 name "HwBinder:601_2" vma 7fbd078000
           <...>-634   [004] ....  6147.763391: do_swap_page: swapin tgid 601 pid 634 name "HwBinder:601_2" vma 7fbd033000
           <...>-634   [004] ....  6147.763402: do_swap_page: swapin tgid 601 pid 634 name "HwBinder:601_2" vma 7fbd032000
 droid.launcher3-2006  [004] ....  6147.763446: do_swap_page: swapin tgid 2006 pid 2006 name "droid.launcher3" vma 9f0b3000
 droid.launcher3-2006  [004] ....  6147.763452: do_swap_page: swapin tgid 2006 pid 2006 name "droid.launcher3" vma 7fffff9000
 droid.launcher3-2006  [004] ....  6147.763460: do_swap_page: swapin tgid 2006 pid 2006 name "droid.launcher3" vma 9ef9d000
 droid.launcher3-2006  [004] ....  6147.763475: do_swap_page: swapin tgid 2006 pid 2006 name "droid.launcher3" vma 1329f000
 droid.launcher3-2006  [004] ....  6147.763477: do_swap_page: swapin tgid 2006 pid 2006 name "droid.launcher3" vma 9f00c000
 droid.launcher3-2006  [004] ....  6147.763479: do_swap_page: swapin tgid 2006 pid 2006 name "droid.launcher3" vma 9f0b4000
      android.ui-1356  [004] ....  6147.763511: do_swap_page: swapin tgid 1335 pid 1356 name "android.ui" vma 9f161000
      android.ui-1356  [004] ....  6147.763518: do_swap_page: swapin tgid 1335 pid 1356 name "android.ui" vma 9f00f000
      android.ui-1356  [004] ....  6147.763519: do_swap_page: swapin tgid 1335 pid 1356 name "android.ui" vma 9f13e000
           <...>-634   [004] ....  6147.763586: do_swap_page: swapin tgid 601 pid 634 name "HwBinder:601_2" vma 7fbd032000
           <...>-634   [004] ....  6147.763592: do_swap_page: swapin tgid 601 pid 634 name "HwBinder:601_2" vma 7fbd096000
           <...>-1683  [004] ....  6147.763639: do_swap_page: swapin tgid 1683 pid 1683 name "ndroid.systemui" vma 9f194000
 droid.launcher3-2006  [004] ....  6147.763680: do_swap_page: swapin tgid 2006 pid 2006 name "droid.launcher3" vma 9f0b4000
 droid.launcher3-2006  [004] ....  6147.763696: do_swap_page: swapin tgid 2006 pid 2006 name "droid.launcher3" vma 9f071000
 droid.launcher3-2006  [004] ....  6147.763699: do_swap_page: swapin tgid 2006 pid 2006 name "droid.launcher3" vma 9f064000
      android.ui-1356  [004] ....  6147.763723: do_swap_page: swapin tgid 1335 pid 1356 name "android.ui" vma 9f13e000
      android.ui-1356  [004] ....  6147.763730: do_swap_page: swapin tgid 1335 pid 1356 name "android.ui" vma 9efa6000
      android.ui-1356  [004] ....  6147.763732: do_swap_page: swapin tgid 1335 pid 1356 name "android.ui" vma 9f26c000
           <...>-634   [004] ....  6147.763782: do_swap_page: swapin tgid 601 pid 634 name "HwBinder:601_2" vma 7fbd096000
           <...>-634   [004] ....  6147.763797: do_swap_page: swapin tgid 601 pid 634 name "HwBinder:601_2" vma 7fbd093000
           <...>-634   [004] ....  6147.763799: do_swap_page: swapin tgid 601 pid 634 name "HwBinder:601_2" vma 7fbd00e000
           <...>-634   [004] ....  6147.763808: do_swap_page: swapin tgid 601 pid 634 name "HwBinder:601_2" vma 7fb6079000
 droid.launcher3-2006  [004] ....  6147.763863: do_swap_page: swapin tgid 2006 pid 2006 name "droid.launcher3" vma 9f064000
 droid.launcher3-2006  [004] ....  6147.763869: do_swap_page: swapin tgid 2006 pid 2006 name "droid.launcher3" vma 9efaa000
 droid.launcher3-2006  [004] ....  6147.763871: do_swap_page: swapin tgid 2006 pid 2006 name "droid.launcher3" vma 9f018000
 droid.launcher3-2006  [004] ....  6147.763873: do_swap_page: swapin tgid 2006 pid 2006 name "droid.launcher3" vma 9f06f000
 droid.launcher3-2006  [004] ....  6147.763881: do_swap_page: swapin tgid 2006 pid 2006 name "droid.launcher3" vma 13ce2000
 droid.launcher3-2006  [004] ....  6147.763882: do_swap_page: swapin tgid 2006 pid 2006 name "droid.launcher3" vma 9f015000
 droid.launcher3-2006  [004] ....  6147.763884: do_swap_page: swapin tgid 2006 pid 2006 name "droid.launcher3" vma 9f06c000
      android.ui-1356  [004] ....  6147.763906: do_swap_page: swapin tgid 1335 pid 1356 name "android.ui" vma 9f26c000
      android.ui-1356  [004] ....  6147.763913: do_swap_page: swapin tgid 1335 pid 1356 name "android.ui" vma 9f078000
      android.ui-1356  [004] ....  6147.763915: do_swap_page: swapin tgid 1335 pid 1356 name "android.ui" vma 9f1c2000
           <...>-634   [004] ....  6147.764013: do_swap_page: swapin tgid 601 pid 634 name "HwBinder:601_2" vma 7fb6079000
           <...>-634   [004] ....  6147.764021: do_swap_page: swapin tgid 601 pid 634 name "HwBinder:601_2" vma 7fbd072000
           <...>-634   [004] ....  6147.764024: do_swap_page: swapin tgid 601 pid 634 name "HwBinder:601_2" vma 7fbd073000
           <...>-634   [004] ....  6147.764066: do_swap_page: swapin tgid 601 pid 634 name "HwBinder:601_2" vma 7fbd49c000
  surfaceflinger-599   [004] ....  6147.764247: do_swap_page: swapin tgid 599 pid 599 name "surfaceflinger" vma 7fba808000
           <...>-634   [004] ....  6147.764306: do_swap_page: swapin tgid 601 pid 634 name "HwBinder:601_2" vma 7fbd016000
           <...>-634   [004] ....  6147.764318: do_swap_page: swapin tgid 601 pid 634 name "HwBinder:601_2" vma 7fb7168000
           <...>-634   [004] ....  6147.764322: do_swap_page: swapin tgid 601 pid 634 name "HwBinder:601_2" vma 7fb7169000
           <...>-634   [004] ....  6147.764324: do_swap_page: swapin tgid 601 pid 634 name "HwBinder:601_2" vma 7fb716a000
           <...>-634   [004] ....  6147.764330: do_swap_page: swapin tgid 601 pid 634 name "HwBinder:601_2" vma 7fb716b000
           <...>-634   [004] ....  6147.764331: do_swap_page: swapin tgid 601 pid 634 name "HwBinder:601_2" vma 7fb716c000
           <...>-634   [004] ....  6147.764334: do_swap_page: swapin tgid 601 pid 634 name "HwBinder:601_2" vma 7fb716d000
           <...>-634   [004] ....  6147.764335: do_swap_page: swapin tgid 601 pid 634 name "HwBinder:601_2" vma 7fb716e000
           <...>-634   [004] ....  6147.764337: do_swap_page: swapin tgid 601 pid 634 name "HwBinder:601_2" vma 7fb716f000
           <...>-634   [004] ....  6147.764339: do_swap_page: swapin tgid 601 pid 634 name "HwBinder:601_2" vma 7fb7170000
           <...>-634   [004] ....  6147.764341: do_swap_page: swapin tgid 601 pid 634 name "HwBinder:601_2" vma 7fb7171000
           <...>-634   [004] ....  6147.764342: do_swap_page: swapin tgid 601 pid 634 name "HwBinder:601_2" vma 7fb7172000
           <...>-634   [004] ....  6147.764345: do_swap_page: swapin tgid 601 pid 634 name "HwBinder:601_2" vma 7fb7173000
           <...>-634   [004] ....  6147.764347: do_swap_page: swapin tgid 601 pid 634 name "HwBinder:601_2" vma 7fb7174000
           <...>-634   [004] ....  6147.764349: do_swap_page: swapin tgid 601 pid 634 name "HwBinder:601_2" vma 7fb7175000
           <...>-634   [004] ....  6147.764350: do_swap_page: swapin tgid 601 pid 634 name "HwBinder:601_2" vma 7fb7176000
           <...>-634   [004] ....  6147.764352: do_swap_page: swapin tgid 601 pid 634 name "HwBinder:601_2" vma 7fb7177000
           <...>-634   [004] ....  6147.764354: do_swap_page: swapin tgid 601 pid 634 name "HwBinder:601_2" vma 7fb7178000
           <...>-634   [004] ....  6147.764357: do_swap_page: swapin tgid 601 pid 634 name "HwBinder:601_2" vma 7fb7179000
           <...>-634   [004] ....  6147.764358: do_swap_page: swapin tgid 601 pid 634 name "HwBinder:601_2" vma 7fb717a000
           <...>-634   [004] ....  6147.764360: do_swap_page: swapin tgid 601 pid 634 name "HwBinder:601_2" vma 7fb717b000
           <...>-634   [004] ....  6147.764362: do_swap_page: swapin tgid 601 pid 634 name "HwBinder:601_2" vma 7fb717c000
           <...>-634   [004] ....  6147.764364: do_swap_page: swapin tgid 601 pid 634 name "HwBinder:601_2" vma 7fb717d000
           <...>-634   [004] ....  6147.764366: do_swap_page: swapin tgid 601 pid 634 name "HwBinder:601_2" vma 7fb717e000
           <...>-634   [004] ....  6147.764367: do_swap_page: swapin tgid 601 pid 634 name "HwBinder:601_2" vma 7fb717f000
           <...>-634   [004] ....  6147.764369: do_swap_page: swapin tgid 601 pid 634 name "HwBinder:601_2" vma 7fb7180000
           <...>-634   [004] ....  6147.764371: do_swap_page: swapin tgid 601 pid 634 name "HwBinder:601_2" vma 7fb7181000
           <...>-634   [004] ....  6147.764373: do_swap_page: swapin tgid 601 pid 634 name "HwBinder:601_2" vma 7fb7182000
           <...>-634   [004] ....  6147.764374: do_swap_page: swapin tgid 601 pid 634 name "HwBinder:601_2" vma 7fb7183000
           <...>-634   [004] ....  6147.764376: do_swap_page: swapin tgid 601 pid 634 name "HwBinder:601_2" vma 7fb7184000
           <...>-634   [004] ....  6147.764390: do_swap_page: swapin tgid 601 pid 634 name "HwBinder:601_2" vma 7fbd0d1000
           <...>-634   [004] ....  6147.764393: do_swap_page: swapin tgid 601 pid 634 name "HwBinder:601_2" vma 7fbd0d3000
           <...>-634   [004] ....  6147.764397: do_swap_page: swapin tgid 601 pid 634 name "HwBinder:601_2" vma 7fbd0d5000
           <...>-634   [004] ....  6147.764405: do_swap_page: swapin tgid 601 pid 634 name "HwBinder:601_2" vma 7fbd0dc000
           <...>-634   [004] ....  6147.764407: do_swap_page: swapin tgid 601 pid 634 name "HwBinder:601_2" vma 7fbd0dd000
           <...>-634   [004] ....  6147.764409: do_swap_page: swapin tgid 601 pid 634 name "HwBinder:601_2" vma 7fbd0de000
           <...>-634   [004] ....  6147.764411: do_swap_page: swapin tgid 601 pid 634 name "HwBinder:601_2" vma 7fbd0df000
           <...>-634   [004] ....  6147.764413: do_swap_page: swapin tgid 601 pid 634 name "HwBinder:601_2" vma 7fbd0e0000
           <...>-634   [004] ....  6147.764414: do_swap_page: swapin tgid 601 pid 634 name "HwBinder:601_2" vma 7fbd0e1000
           <...>-634   [004] ....  6147.764417: do_swap_page: swapin tgid 601 pid 634 name "HwBinder:601_2" vma 7fbd0e2000
           <...>-634   [004] ....  6147.764418: do_swap_page: swapin tgid 601 pid 634 name "HwBinder:601_2" vma 7fbd0e3000
           <...>-634   [004] ....  6147.764420: do_swap_page: swapin tgid 601 pid 634 name "HwBinder:601_2" vma 7fbd0e4000
           <...>-634   [004] ....  6147.764422: do_swap_page: swapin tgid 601 pid 634 name "HwBinder:601_2" vma 7fbd0e5000
           <...>-634   [004] ....  6147.764424: do_swap_page: swapin tgid 601 pid 634 name "HwBinder:601_2" vma 7fbd0e6000
           <...>-634   [004] ....  6147.764426: do_swap_page: swapin tgid 601 pid 634 name "HwBinder:601_2" vma 7fbd0e7000
           <...>-634   [004] ....  6147.764428: do_swap_page: swapin tgid 601 pid 634 name "HwBinder:601_2" vma 7fbd0e8000
           <...>-634   [004] ....  6147.764431: do_swap_page: swapin tgid 601 pid 634 name "HwBinder:601_2" vma 7fbd0e9000
           <...>-634   [004] ....  6147.764432: do_swap_page: swapin tgid 601 pid 634 name "HwBinder:601_2" vma 7fbd0ea000
           <...>-634   [004] ....  6147.764434: do_swap_page: swapin tgid 601 pid 634 name "HwBinder:601_2" vma 7fbd0eb000
           <...>-634   [004] ....  6147.764436: do_swap_page: swapin tgid 601 pid 634 name "HwBinder:601_2" vma 7fbd0ec000
           <...>-634   [004] ....  6147.764438: do_swap_page: swapin tgid 601 pid 634 name "HwBinder:601_2" vma 7fbd0ed000
           <...>-634   [004] ....  6147.764452: do_swap_page: swapin tgid 601 pid 634 name "HwBinder:601_2" vma 7fbf5e4000
 droid.launcher3-2006  [004] ....  6147.764497: do_swap_page: swapin tgid 2006 pid 2006 name "droid.launcher3" vma 9f06c000
 droid.launcher3-2006  [004] ....  6147.764503: do_swap_page: swapin tgid 2006 pid 2006 name "droid.launcher3" vma 13d87000
 droid.launcher3-2006  [004] ....  6147.764505: do_swap_page: swapin tgid 2006 pid 2006 name "droid.launcher3" vma 9efc8000
 droid.launcher3-2006  [004] ....  6147.764507: do_swap_page: swapin tgid 2006 pid 2006 name "droid.launcher3" vma 9f091000
      android.ui-1356  [004] ....  6147.764529: do_swap_page: swapin tgid 1335 pid 1356 name "android.ui" vma 9f1c2000
      android.ui-1356  [004] ....  6147.764539: do_swap_page: swapin tgid 1335 pid 1356 name "android.ui" vma 7ecfadf000
      android.ui-1356  [004] ....  6147.764569: do_swap_page: swapin tgid 1335 pid 1356 name "android.ui" vma 7f2d667000
 droid.launcher3-2006  [004] ....  6147.764681: do_swap_page: swapin tgid 2006 pid 2006 name "droid.launcher3" vma 9f091000
           <...>-634   [004] ....  6147.764699: do_swap_page: swapin tgid 601 pid 634 name "HwBinder:601_2" vma 7fbf5e4000
           <...>-634   [004] ....  6147.764716: do_swap_page: swapin tgid 601 pid 634 name "HwBinder:601_2" vma 7fb7167000
           <...>-634   [004] ....  6147.764721: do_swap_page: swapin tgid 601 pid 634 name "HwBinder:601_2" vma 7fb7166000
           <...>-634   [004] ....  6147.764725: do_swap_page: swapin tgid 601 pid 634 name "HwBinder:601_2" vma 7fb441e000
           <...>-634   [004] ....  6147.764730: do_swap_page: swapin tgid 601 pid 634 name "HwBinder:601_2" vma 7fb43fa000
           <...>-634   [004] ....  6147.764732: do_swap_page: swapin tgid 601 pid 634 name "HwBinder:601_2" vma 7fb43fb000
           <...>-634   [004] ....  6147.764740: do_swap_page: swapin tgid 601 pid 634 name "HwBinder:601_2" vma 7fb44a6000
           <...>-634   [004] ....  6147.764742: do_swap_page: swapin tgid 601 pid 634 name "HwBinder:601_2" vma 7fb44a7000
           <...>-634   [004] ....  6147.764744: do_swap_page: swapin tgid 601 pid 634 name "HwBinder:601_2" vma 7fb44a5000
           <...>-634   [004] ....  6147.764748: do_swap_page: swapin tgid 601 pid 634 name "HwBinder:601_2" vma 7fb44a8000
           <...>-634   [004] ....  6147.764781: do_swap_page: swapin tgid 601 pid 634 name "HwBinder:601_2" vma 7fb5e76000
 droid.launcher3-2006  [004] ....  6147.764821: do_swap_page: swapin tgid 2006 pid 2006 name "droid.launcher3" vma 12fcc000
 droid.launcher3-2006  [004] ....  6147.764827: do_swap_page: swapin tgid 2006 pid 2006 name "droid.launcher3" vma 7fbe1cb000
 droid.launcher3-2006  [004] ....  6147.764832: do_swap_page: swapin tgid 2006 pid 2006 name "droid.launcher3" vma 7ec9b41000
 droid.launcher3-2006  [004] ....  6147.764838: do_swap_page: swapin tgid 2006 pid 2006 name "droid.launcher3" vma 9ef87000
 droid.launcher3-2006  [004] ....  6147.764839: do_swap_page: swapin tgid 2006 pid 2006 name "droid.launcher3" vma 9f022000
 droid.launcher3-2006  [004] ....  6147.764841: do_swap_page: swapin tgid 2006 pid 2006 name "droid.launcher3" vma 9f079000
 droid.launcher3-2006  [004] ....  6147.764847: do_swap_page: swapin tgid 2006 pid 2006 name "droid.launcher3" vma 9f097000
 droid.launcher3-2006  [004] ....  6147.764850: do_swap_page: swapin tgid 2006 pid 2006 name "droid.launcher3" vma 13ced000
 droid.launcher3-2006  [004] ....  6147.764852: do_swap_page: swapin tgid 2006 pid 2006 name "droid.launcher3" vma 9f00b000
 droid.launcher3-2006  [004] ....  6147.764855: do_swap_page: swapin tgid 2006 pid 2006 name "droid.launcher3" vma 9f061000
           <...>-1683  [004] ....  6147.764883: do_swap_page: swapin tgid 1683 pid 1683 name "ndroid.systemui" vma 13347000
           <...>-1683  [004] ....  6147.764891: do_swap_page: swapin tgid 1683 pid 1683 name "ndroid.systemui" vma 9f271000
     logd.writer-570   [004] ....  6147.764918: do_swap_page: swapin tgid 556 pid 570 name "logd.writer" vma 7fbbf32000
           <...>-634   [004] ....  6147.764958: do_swap_page: swapin tgid 601 pid 634 name "HwBinder:601_2" vma 7fb5e76000
           <...>-634   [004] ....  6147.764985: do_swap_page: swapin tgid 601 pid 634 name "HwBinder:601_2" vma 7fbd021000
 droid.launcher3-2006  [004] ....  6147.765036: do_swap_page: swapin tgid 2006 pid 2006 name "droid.launcher3" vma 9f061000
 droid.launcher3-2006  [004] ....  6147.765042: do_swap_page: swapin tgid 2006 pid 2006 name "droid.launcher3" vma 13dbe000
 droid.launcher3-2006  [004] ....  6147.765044: do_swap_page: swapin tgid 2006 pid 2006 name "droid.launcher3" vma 13ce4000
 droid.launcher3-2006  [004] ....  6147.765046: do_swap_page: swapin tgid 2006 pid 2006 name "droid.launcher3" vma 9f0ab000
 droid.launcher3-2006  [004] ....  6147.765049: do_swap_page: swapin tgid 2006 pid 2006 name "droid.launcher3" vma 7f34f07000
 droid.launcher3-2006  [004] ....  6147.765051: do_swap_page: swapin tgid 2006 pid 2006 name "droid.launcher3" vma 13001000
 droid.launcher3-2006  [004] ....  6147.765054: do_swap_page: swapin tgid 2006 pid 2006 name "droid.launcher3" vma 9f023000
 droid.launcher3-2006  [004] ....  6147.765056: do_swap_page: swapin tgid 2006 pid 2006 name "droid.launcher3" vma 9f0c3000
           <...>-1683  [004] ....  6147.765093: do_swap_page: swapin tgid 1683 pid 1683 name "ndroid.systemui" vma 9f271000
           <...>-1683  [004] ....  6147.765103: do_swap_page: swapin tgid 1683 pid 1683 name "ndroid.systemui" vma 9f0f5000
           <...>-1683  [004] ....  6147.765107: do_swap_page: swapin tgid 1683 pid 1683 name "ndroid.systemui" vma 9f1a5000
     logd.writer-570   [004] ....  6147.765151: do_swap_page: swapin tgid 556 pid 570 name "logd.writer" vma 7fb26b5000
     logd.writer-570   [004] ....  6147.765170: do_swap_page: swapin tgid 556 pid 570 name "logd.writer" vma 7fbd746000
           <...>-634   [004] ....  6147.765209: do_swap_page: swapin tgid 601 pid 634 name "HwBinder:601_2" vma 7fbd021000
           <...>-634   [004] ....  6147.765245: do_swap_page: swapin tgid 601 pid 634 name "HwBinder:601_2" vma 7fbd094000
 droid.launcher3-2006  [004] ....  6147.765406: do_swap_page: swapin tgid 2006 pid 2006 name "droid.launcher3" vma 9f0c3000
           <...>-634   [004] ....  6147.765433: do_swap_page: swapin tgid 601 pid 634 name "HwBinder:601_2" vma 7fbd094000
           <...>-634   [004] ....  6147.765454: do_swap_page: swapin tgid 601 pid 634 name "HwBinder:601_2" vma 7fb712d000
           <...>-634   [004] ....  6147.765459: do_swap_page: swapin tgid 601 pid 634 name "HwBinder:601_2" vma 7fb714b000
           <...>-634   [004] ....  6147.765461: do_swap_page: swapin tgid 601 pid 634 name "HwBinder:601_2" vma 7fb714c000
           <...>-634   [004] ....  6147.765467: do_swap_page: swapin tgid 601 pid 634 name "HwBinder:601_2" vma 7fb714d000
           <...>-634   [004] ....  6147.765469: do_swap_page: swapin tgid 601 pid 634 name "HwBinder:601_2" vma 7fb714e000
           <...>-634   [004] ....  6147.765471: do_swap_page: swapin tgid 601 pid 634 name "HwBinder:601_2" vma 7fb714f000
           <...>-634   [004] ....  6147.765488: do_swap_page: swapin tgid 601 pid 634 name "HwBinder:601_2" vma 7fb7150000
           <...>-634   [004] ....  6147.765491: do_swap_page: swapin tgid 601 pid 634 name "HwBinder:601_2" vma 7fb7151000
           <...>-634   [004] ....  6147.765493: do_swap_page: swapin tgid 601 pid 634 name "HwBinder:601_2" vma 7fb7152000
           <...>-634   [004] ....  6147.765495: do_swap_page: swapin tgid 601 pid 634 name "HwBinder:601_2" vma 7fb7153000
           <...>-634   [004] ....  6147.765496: do_swap_page: swapin tgid 601 pid 634 name "HwBinder:601_2" vma 7fb7154000
           <...>-634   [004] ....  6147.765498: do_swap_page: swapin tgid 601 pid 634 name "HwBinder:601_2" vma 7fb7155000
           <...>-634   [004] ....  6147.765501: do_swap_page: swapin tgid 601 pid 634 name "HwBinder:601_2" vma 7fb7156000
           <...>-634   [004] ....  6147.765503: do_swap_page: swapin tgid 601 pid 634 name "HwBinder:601_2" vma 7fb7157000
           <...>-634   [004] ....  6147.765505: do_swap_page: swapin tgid 601 pid 634 name "HwBinder:601_2" vma 7fb7158000
           <...>-634   [004] ....  6147.765506: do_swap_page: swapin tgid 601 pid 634 name "HwBinder:601_2" vma 7fb7159000
