           <...>-6140  [004] ....  5306.431272: do_swap_page: swapin tgid 5919 pid 6140 name "Binder:5919_6" vma 7f2d204000
           <...>-6140  [004] ....  5306.431297: do_swap_page: swapin tgid 5919 pid 6140 name "Binder:5919_6" vma 7f39800000
           <...>-2844  [004] ....  5306.431323: do_swap_page: swapin tgid 2815 pid 2844 name "Binder:2815_1" vma 7fbe1f8000
           <...>-2844  [004] ....  5306.431330: do_swap_page: swapin tgid 2815 pid 2844 name "Binder:2815_1" vma 7f2e16e000
           <...>-6536  [004] ....  5306.431350: do_swap_page: swapin tgid 5839 pid 6536 name "Binder:5839_4" vma 7f39800000
           <...>-6536  [004] ....  5306.431361: do_swap_page: swapin tgid 5839 pid 6536 name "Binder:5839_4" vma 145c1000
           <...>-2511  [004] ....  5306.431389: do_swap_page: swapin tgid 2484 pid 2511 name "Binder:2484_1" vma 140c3000
           <...>-2511  [004] ....  5306.431397: do_swap_page: swapin tgid 2484 pid 2511 name "Binder:2484_1" vma 7fbe1e7000
           <...>-6140  [004] ....  5306.431453: do_swap_page: swapin tgid 5919 pid 6140 name "Binder:5919_6" vma 7f39800000
           <...>-6140  [004] ....  5306.431463: do_swap_page: swapin tgid 5919 pid 6140 name "Binder:5919_6" vma 7f2d16b000
           <...>-2533  [004] ....  5306.431484: do_swap_page: swapin tgid 2507 pid 2533 name "Binder:2507_1" vma 7fbe1e7000
           <...>-2533  [004] ....  5306.431490: do_swap_page: swapin tgid 2507 pid 2533 name "Binder:2507_1" vma 7fbe17f000
    android.anim-1359  [004] ....  5306.431514: do_swap_page: swapin tgid 1335 pid 1359 name "android.anim" vma 9eff1000
    android.anim-1359  [004] ....  5306.431522: do_swap_page: swapin tgid 1335 pid 1359 name "android.anim" vma 9f2b0000
 android.youtube-6287  [004] ....  5306.431656: do_swap_page: swapin tgid 6287 pid 6287 name "android.youtube" vma 14f3d000
 android.youtube-6287  [004] ....  5306.431669: do_swap_page: swapin tgid 6287 pid 6287 name "android.youtube" vma 14f3e000
 android.youtube-6287  [004] ....  5306.431678: do_swap_page: swapin tgid 6287 pid 6287 name "android.youtube" vma 7f34f09000
           <...>-2844  [004] ....  5306.431730: do_swap_page: swapin tgid 2815 pid 2844 name "Binder:2815_1" vma 7f2e16e000
           <...>-2844  [004] ....  5306.431737: do_swap_page: swapin tgid 2815 pid 2844 name "Binder:2815_1" vma 14800000
           <...>-15187 [004] ....  5306.431783: do_swap_page: swapin tgid 11286 pid 15187 name "Binder:11286_4" vma 7f2d16b000
           <...>-15187 [004] ....  5306.431796: do_swap_page: swapin tgid 11286 pid 15187 name "Binder:11286_4" vma 12cc2000
           <...>-15187 [004] ....  5306.431799: do_swap_page: swapin tgid 11286 pid 15187 name "Binder:11286_4" vma 12cf4000
           <...>-15187 [004] ....  5306.431805: do_swap_page: swapin tgid 11286 pid 15187 name "Binder:11286_4" vma 72f96000
           <...>-6140  [004] ....  5306.431824: do_swap_page: swapin tgid 5919 pid 6140 name "Binder:5919_6" vma 7f2d16b000
           <...>-6140  [004] ....  5306.431830: do_swap_page: swapin tgid 5919 pid 6140 name "Binder:5919_6" vma 12fc4000
           <...>-6140  [004] ....  5306.431832: do_swap_page: swapin tgid 5919 pid 6140 name "Binder:5919_6" vma 1305d000
           <...>-6140  [004] ....  5306.431838: do_swap_page: swapin tgid 5919 pid 6140 name "Binder:5919_6" vma 7f3507f000
           <...>-6140  [004] ....  5306.431841: do_swap_page: swapin tgid 5919 pid 6140 name "Binder:5919_6" vma 72f96000
           <...>-6536  [004] ....  5306.431871: do_swap_page: swapin tgid 5839 pid 6536 name "Binder:5839_4" vma 145c1000
           <...>-6536  [004] ....  5306.431877: do_swap_page: swapin tgid 5839 pid 6536 name "Binder:5839_4" vma 145d4000
           <...>-6536  [004] ....  5306.431884: do_swap_page: swapin tgid 5839 pid 6536 name "Binder:5839_4" vma 12c85000
           <...>-6536  [004] ....  5306.431890: do_swap_page: swapin tgid 5839 pid 6536 name "Binder:5839_4" vma 7f3507f000
           <...>-6536  [004] ....  5306.431895: do_swap_page: swapin tgid 5839 pid 6536 name "Binder:5839_4" vma 145c0000
           <...>-6536  [004] ....  5306.431897: do_swap_page: swapin tgid 5839 pid 6536 name "Binder:5839_4" vma 7f34f0c000
           <...>-6536  [004] ....  5306.431901: do_swap_page: swapin tgid 5839 pid 6536 name "Binder:5839_4" vma 7f2d62d000
           <...>-6536  [004] ....  5306.431921: do_swap_page: swapin tgid 5839 pid 6536 name "Binder:5839_4" vma 7fbe22e000
           <...>-6536  [004] ....  5306.431932: do_swap_page: swapin tgid 5839 pid 6536 name "Binder:5839_4" vma 72f96000
 droid.bluetooth-5839  [004] ....  5306.431960: do_swap_page: swapin tgid 5839 pid 5839 name "droid.bluetooth" vma 7fffffd000
 droid.bluetooth-5839  [004] ....  5306.431987: do_swap_page: swapin tgid 5839 pid 5839 name "droid.bluetooth" vma 7fbe491000
           <...>-11676 [004] ....  5306.432003: do_swap_page: swapin tgid 11661 pid 11676 name "Binder:11661_2" vma 7fb9e3f000
           <...>-11676 [004] ....  5306.432009: do_swap_page: swapin tgid 11661 pid 11676 name "Binder:11661_2" vma 7fbe342000
           <...>-11676 [004] ....  5306.432013: do_swap_page: swapin tgid 11661 pid 11676 name "Binder:11661_2" vma 7fbe241000
           <...>-2844  [004] ....  5306.432028: do_swap_page: swapin tgid 2815 pid 2844 name "Binder:2815_1" vma 14800000
           <...>-2844  [004] ....  5306.432051: do_swap_page: swapin tgid 2815 pid 2844 name "Binder:2815_1" vma 1480c000
           <...>-2844  [004] ....  5306.432057: do_swap_page: swapin tgid 2815 pid 2844 name "Binder:2815_1" vma 7fbe24e000
           <...>-6140  [004] ....  5306.432080: do_swap_page: swapin tgid 5919 pid 6140 name "Binder:5919_6" vma 72f96000
           <...>-6536  [004] ....  5306.432113: do_swap_page: swapin tgid 5839 pid 6536 name "Binder:5839_4" vma 72f96000
           <...>-2511  [004] ....  5306.432157: do_swap_page: swapin tgid 2484 pid 2511 name "Binder:2484_1" vma 7fbe1e7000
           <...>-2511  [004] ....  5306.432162: do_swap_page: swapin tgid 2484 pid 2511 name "Binder:2484_1" vma 7fbe17f000
 droid.bluetooth-5839  [004] ....  5306.432198: do_swap_page: swapin tgid 5839 pid 5839 name "droid.bluetooth" vma 7fbe491000
 droid.bluetooth-5839  [004] ....  5306.432205: do_swap_page: swapin tgid 5839 pid 5839 name "droid.bluetooth" vma 7fbe1a2000
 droid.bluetooth-5839  [004] ....  5306.432208: do_swap_page: swapin tgid 5839 pid 5839 name "droid.bluetooth" vma 7fbe1a3000
 droid.bluetooth-5839  [004] ....  5306.432210: do_swap_page: swapin tgid 5839 pid 5839 name "droid.bluetooth" vma 7fbe25a000
 droid.bluetooth-5839  [004] ....  5306.432214: do_swap_page: swapin tgid 5839 pid 5839 name "droid.bluetooth" vma 7fffffb000
           <...>-2844  [004] ....  5306.432240: do_swap_page: swapin tgid 2815 pid 2844 name "Binder:2815_1" vma 7fbe24e000
           <...>-2844  [004] ....  5306.432249: do_swap_page: swapin tgid 2815 pid 2844 name "Binder:2815_1" vma 7f314df000
           <...>-2844  [004] ....  5306.432253: do_swap_page: swapin tgid 2815 pid 2844 name "Binder:2815_1" vma 7f2e16f000
           <...>-2844  [004] ....  5306.432259: do_swap_page: swapin tgid 2815 pid 2844 name "Binder:2815_1" vma 12cc0000
           <...>-2844  [004] ....  5306.432264: do_swap_page: swapin tgid 2815 pid 2844 name "Binder:2815_1" vma 7f34f0d000
           <...>-2844  [004] ....  5306.432265: do_swap_page: swapin tgid 2815 pid 2844 name "Binder:2815_1" vma 14802000
           <...>-2844  [004] ....  5306.432267: do_swap_page: swapin tgid 2815 pid 2844 name "Binder:2815_1" vma 14803000
           <...>-2844  [004] ....  5306.432270: do_swap_page: swapin tgid 2815 pid 2844 name "Binder:2815_1" vma 7fbe1e7000
    android.anim-1359  [004] ....  5306.432291: do_swap_page: swapin tgid 1335 pid 1359 name "android.anim" vma 9f2b0000
    android.anim-1359  [004] ....  5306.432397: do_swap_page: swapin tgid 1335 pid 1359 name "android.anim" vma 9f2b6000
 droid.bluetooth-5839  [004] ....  5306.432420: do_swap_page: swapin tgid 5839 pid 5839 name "droid.bluetooth" vma 7fffffb000
 droid.bluetooth-5839  [004] ....  5306.432444: do_swap_page: swapin tgid 5839 pid 5839 name "droid.bluetooth" vma 72f78000
           <...>-11676 [004] ....  5306.432470: do_swap_page: swapin tgid 11661 pid 11676 name "Binder:11661_2" vma 7fbe241000
           <...>-11676 [004] ....  5306.432477: do_swap_page: swapin tgid 11661 pid 11676 name "Binder:11661_2" vma 7fbe1e9000
           <...>-2844  [004] ....  5306.432560: do_swap_page: swapin tgid 2815 pid 2844 name "Binder:2815_1" vma 7fbe1e7000
           <...>-2844  [004] ....  5306.432565: do_swap_page: swapin tgid 2815 pid 2844 name "Binder:2815_1" vma 7fbe17f000
           <...>-2533  [004] ....  5306.432586: do_swap_page: swapin tgid 2507 pid 2533 name "Binder:2507_1" vma 7fbe17f000
           <...>-2533  [004] ....  5306.432591: do_swap_page: swapin tgid 2507 pid 2533 name "Binder:2507_1" vma 7fbe20a000
 droid.bluetooth-5839  [004] ....  5306.432635: do_swap_page: swapin tgid 5839 pid 5839 name "droid.bluetooth" vma 72f78000
 droid.bluetooth-5839  [004] ....  5306.432641: do_swap_page: swapin tgid 5839 pid 5839 name "droid.bluetooth" vma 730e5000
    android.anim-1359  [004] ....  5306.432664: do_swap_page: swapin tgid 1335 pid 1359 name "android.anim" vma 9f2b6000
    android.anim-1359  [004] ....  5306.432669: do_swap_page: swapin tgid 1335 pid 1359 name "android.anim" vma 9f16b000
           <...>-2511  [004] ....  5306.432690: do_swap_page: swapin tgid 2484 pid 2511 name "Binder:2484_1" vma 7fbe17f000
           <...>-2511  [004] ....  5306.432696: do_swap_page: swapin tgid 2484 pid 2511 name "Binder:2484_1" vma 7fbe20a000
           <...>-2844  [004] ....  5306.432736: do_swap_page: swapin tgid 2815 pid 2844 name "Binder:2815_1" vma 7fbe17f000
           <...>-2844  [004] ....  5306.432743: do_swap_page: swapin tgid 2815 pid 2844 name "Binder:2815_1" vma 7fbe20a000
 m.android.phone-1912  [004] ....  5306.432764: do_swap_page: swapin tgid 1912 pid 1912 name "m.android.phone" vma 7f28a22000
 m.android.phone-1912  [004] ....  5306.432776: do_swap_page: swapin tgid 1912 pid 1912 name "m.android.phone" vma 7fb9cfa000
           <...>-2533  [004] ....  5306.432818: do_swap_page: swapin tgid 2507 pid 2533 name "Binder:2507_1" vma 7fbe20a000
           <...>-2533  [004] ....  5306.432825: do_swap_page: swapin tgid 2507 pid 2533 name "Binder:2507_1" vma 7fbc5e1000
           <...>-2533  [004] ....  5306.432827: do_swap_page: swapin tgid 2507 pid 2533 name "Binder:2507_1" vma 7fbc5dd000
 droid.bluetooth-5839  [004] ....  5306.432951: do_swap_page: swapin tgid 5839 pid 5839 name "droid.bluetooth" vma 730e5000
 droid.bluetooth-5839  [004] ....  5306.432968: do_swap_page: swapin tgid 5839 pid 5839 name "droid.bluetooth" vma 145c5000
 droid.bluetooth-5839  [004] ....  5306.432973: do_swap_page: swapin tgid 5839 pid 5839 name "droid.bluetooth" vma 7fbde99000
 droid.bluetooth-5839  [004] ....  5306.432976: do_swap_page: swapin tgid 5839 pid 5839 name "droid.bluetooth" vma 12c87000
 droid.bluetooth-5839  [004] ....  5306.432985: do_swap_page: swapin tgid 5839 pid 5839 name "droid.bluetooth" vma 9ef9a000
           <...>-11676 [004] ....  5306.433020: do_swap_page: swapin tgid 11661 pid 11676 name "Binder:11661_2" vma 7fbe1e9000
           <...>-11676 [004] ....  5306.433027: do_swap_page: swapin tgid 11661 pid 11676 name "Binder:11661_2" vma 7f393d2000
           <...>-17708 [004] ....  5306.433070: do_swap_page: swapin tgid 11226 pid 17708 name "Binder:11226_5" vma 7fbe241000
           <...>-17708 [004] ....  5306.433078: do_swap_page: swapin tgid 11226 pid 17708 name "Binder:11226_5" vma 7fbe1e9000
           <...>-2844  [004] ....  5306.433093: do_swap_page: swapin tgid 2815 pid 2844 name "Binder:2815_1" vma 7fbe20a000
           <...>-2844  [004] ....  5306.433118: do_swap_page: swapin tgid 2815 pid 2844 name "Binder:2815_1" vma 7fbc5e1000
           <...>-2844  [004] ....  5306.433120: do_swap_page: swapin tgid 2815 pid 2844 name "Binder:2815_1" vma 7fbc5dd000
    android.anim-1359  [004] ....  5306.433145: do_swap_page: swapin tgid 1335 pid 1359 name "android.anim" vma 9f16b000
    android.anim-1359  [004] ....  5306.433186: do_swap_page: swapin tgid 1335 pid 1359 name "android.anim" vma 7f28b20000
    android.anim-1359  [004] ....  5306.433202: do_swap_page: swapin tgid 1335 pid 1359 name "android.anim" vma 7eb4e28000
    android.anim-1359  [004] ....  5306.433216: do_swap_page: swapin tgid 1335 pid 1359 name "android.anim" vma 7eb4d07000
 droid.bluetooth-5839  [004] ....  5306.433387: do_swap_page: swapin tgid 5839 pid 5839 name "droid.bluetooth" vma 9ef9a000
 droid.bluetooth-5839  [004] ....  5306.433392: do_swap_page: swapin tgid 5839 pid 5839 name "droid.bluetooth" vma 9efdb000
           <...>-2844  [004] ....  5306.433425: do_swap_page: swapin tgid 2815 pid 2844 name "Binder:2815_1" vma 7fbc5dd000
           <...>-2844  [004] ....  5306.433431: do_swap_page: swapin tgid 2815 pid 2844 name "Binder:2815_1" vma 7fbe310000
           <...>-2844  [004] ....  5306.433432: do_swap_page: swapin tgid 2815 pid 2844 name "Binder:2815_1" vma 7fbe311000
           <...>-2844  [004] ....  5306.433436: do_swap_page: swapin tgid 2815 pid 2844 name "Binder:2815_1" vma 7f2d67a000
           <...>-2844  [004] ....  5306.433439: do_swap_page: swapin tgid 2815 pid 2844 name "Binder:2815_1" vma 7f2d61e000
           <...>-2844  [004] ....  5306.433442: do_swap_page: swapin tgid 2815 pid 2844 name "Binder:2815_1" vma 7f2d16b000
           <...>-2511  [004] ....  5306.433468: do_swap_page: swapin tgid 2484 pid 2511 name "Binder:2484_1" vma 7fbe20a000
           <...>-2511  [004] ....  5306.433476: do_swap_page: swapin tgid 2484 pid 2511 name "Binder:2484_1" vma 7fbc5e1000
           <...>-2511  [004] ....  5306.433478: do_swap_page: swapin tgid 2484 pid 2511 name "Binder:2484_1" vma 7fbc5dd000
           <...>-2533  [004] ....  5306.433503: do_swap_page: swapin tgid 2507 pid 2533 name "Binder:2507_1" vma 7fbc5dd000
           <...>-2533  [004] ....  5306.433509: do_swap_page: swapin tgid 2507 pid 2533 name "Binder:2507_1" vma 7fbe304000
           <...>-2533  [004] ....  5306.433513: do_swap_page: swapin tgid 2507 pid 2533 name "Binder:2507_1" vma 7fbe305000
           <...>-2533  [004] ....  5306.433517: do_swap_page: swapin tgid 2507 pid 2533 name "Binder:2507_1" vma 7f2d67b000
           <...>-2533  [004] ....  5306.433520: do_swap_page: swapin tgid 2507 pid 2533 name "Binder:2507_1" vma 7f2d61e000
           <...>-2533  [004] ....  5306.433530: do_swap_page: swapin tgid 2507 pid 2533 name "Binder:2507_1" vma 7f2d16b000
 droid.bluetooth-5839  [004] ....  5306.433568: do_swap_page: swapin tgid 5839 pid 5839 name "droid.bluetooth" vma 9efdb000
 droid.bluetooth-5839  [004] ....  5306.433573: do_swap_page: swapin tgid 5839 pid 5839 name "droid.bluetooth" vma 9efb7000
    android.anim-1359  [004] ....  5306.433611: do_swap_page: swapin tgid 1335 pid 1359 name "android.anim" vma 7ed0d23000
    android.anim-1359  [004] ....  5306.433621: do_swap_page: swapin tgid 1335 pid 1359 name "android.anim" vma 7fbe1d5000
    android.anim-1359  [004] ....  5306.433635: do_swap_page: swapin tgid 1335 pid 1359 name "android.anim" vma 9f1ca000
           <...>-11676 [004] ....  5306.433657: do_swap_page: swapin tgid 11661 pid 11676 name "Binder:11661_2" vma 7f393d2000
           <...>-11676 [004] ....  5306.433693: do_swap_page: swapin tgid 11661 pid 11676 name "Binder:11661_2" vma 7f28b64000
           <...>-11676 [004] ....  5306.433697: do_swap_page: swapin tgid 11661 pid 11676 name "Binder:11661_2" vma 7fbc5de000
           <...>-2844  [004] ....  5306.433714: do_swap_page: swapin tgid 2815 pid 2844 name "Binder:2815_1" vma 7f2d16b000
           <...>-2844  [004] ....  5306.433719: do_swap_page: swapin tgid 2815 pid 2844 name "Binder:2815_1" vma 7f39800000
 droid.bluetooth-5839  [004] ....  5306.433763: do_swap_page: swapin tgid 5839 pid 5839 name "droid.bluetooth" vma 9efb7000
 droid.bluetooth-5839  [004] ....  5306.433770: do_swap_page: swapin tgid 5839 pid 5839 name "droid.bluetooth" vma 7ed310a000
           <...>-2511  [004] ....  5306.433795: do_swap_page: swapin tgid 2484 pid 2511 name "Binder:2484_1" vma 7fbc5dd000
           <...>-2511  [004] ....  5306.433800: do_swap_page: swapin tgid 2484 pid 2511 name "Binder:2484_1" vma 7fbe310000
           <...>-2511  [004] ....  5306.433802: do_swap_page: swapin tgid 2484 pid 2511 name "Binder:2484_1" vma 7fbe311000
           <...>-2511  [004] ....  5306.433823: do_swap_page: swapin tgid 2484 pid 2511 name "Binder:2484_1" vma 7f2d686000
           <...>-2511  [004] ....  5306.433828: do_swap_page: swapin tgid 2484 pid 2511 name "Binder:2484_1" vma 7f2d61e000
           <...>-2511  [004] ....  5306.433831: do_swap_page: swapin tgid 2484 pid 2511 name "Binder:2484_1" vma 7f2d16b000
    android.anim-1359  [004] ....  5306.433857: do_swap_page: swapin tgid 1335 pid 1359 name "android.anim" vma 9f1ca000
    android.anim-1359  [004] ....  5306.433938: do_swap_page: swapin tgid 1335 pid 1359 name "android.anim" vma 7e85791000
    android.anim-1359  [004] ....  5306.433943: do_swap_page: swapin tgid 1335 pid 1359 name "android.anim" vma 7e85792000
    android.anim-1359  [004] ....  5306.433982: do_swap_page: swapin tgid 1335 pid 1359 name "android.anim" vma 7eb4d00000
    android.anim-1359  [004] ....  5306.433992: do_swap_page: swapin tgid 1335 pid 1359 name "android.anim" vma 7eb4d01000
    android.anim-1359  [004] ....  5306.434032: do_swap_page: swapin tgid 1335 pid 1359 name "android.anim" vma 7eb4ff1000
    android.anim-1359  [004] ....  5306.434042: do_swap_page: swapin tgid 1335 pid 1359 name "android.anim" vma 7e71be9000
    android.anim-1359  [004] ....  5306.434045: do_swap_page: swapin tgid 1335 pid 1359 name "android.anim" vma 7e71bea000
    android.anim-1359  [004] ....  5306.434048: do_swap_page: swapin tgid 1335 pid 1359 name "android.anim" vma 7e85a7c000
           <...>-17708 [004] ....  5306.434076: do_swap_page: swapin tgid 11226 pid 17708 name "Binder:11226_5" vma 7fbe1e9000
           <...>-17708 [004] ....  5306.434083: do_swap_page: swapin tgid 11226 pid 17708 name "Binder:11226_5" vma 7f393d2000
 droid.bluetooth-5839  [004] ....  5306.434141: do_swap_page: swapin tgid 5839 pid 5839 name "droid.bluetooth" vma 7ed310a000
 droid.bluetooth-5839  [004] ....  5306.434147: do_swap_page: swapin tgid 5839 pid 5839 name "droid.bluetooth" vma 9ef9b000
           <...>-1274  [004] ....  5306.434187: do_swap_page: swapin tgid 599 pid 1274 name "Binder:599_3" vma 7faa6ce000
           <...>-1274  [004] ....  5306.434198: do_swap_page: swapin tgid 599 pid 1274 name "Binder:599_3" vma 7fb76db000
           <...>-1274  [004] ....  5306.434208: do_swap_page: swapin tgid 599 pid 1274 name "Binder:599_3" vma 7fb752c000
           <...>-1274  [004] ....  5306.434219: do_swap_page: swapin tgid 599 pid 1274 name "Binder:599_3" vma 7faa6cf000
           <...>-1274  [004] ....  5306.434235: do_swap_page: swapin tgid 599 pid 1274 name "Binder:599_3" vma 7faa608000
           <...>-2844  [004] ....  5306.434271: do_swap_page: swapin tgid 2815 pid 2844 name "Binder:2815_1" vma 7f39800000
           <...>-2844  [004] ....  5306.434283: do_swap_page: swapin tgid 2815 pid 2844 name "Binder:2815_1" vma 1480b000
           <...>-2844  [004] ....  5306.434288: do_swap_page: swapin tgid 2815 pid 2844 name "Binder:2815_1" vma 7f3507f000
           <...>-2844  [004] ....  5306.434292: do_swap_page: swapin tgid 2815 pid 2844 name "Binder:2815_1" vma 72f96000
 droid.bluetooth-5839  [004] ....  5306.434339: do_swap_page: swapin tgid 5839 pid 5839 name "droid.bluetooth" vma 9ef9b000
 droid.bluetooth-5839  [004] ....  5306.434350: do_swap_page: swapin tgid 5839 pid 5839 name "droid.bluetooth" vma 7fbe15d000
 droid.bluetooth-5839  [004] ....  5306.434356: do_swap_page: swapin tgid 5839 pid 5839 name "droid.bluetooth" vma 7fbe15c000
 droid.bluetooth-5839  [004] ....  5306.434360: do_swap_page: swapin tgid 5839 pid 5839 name "droid.bluetooth" vma 7fbe177000
 droid.bluetooth-5839  [004] ....  5306.434363: do_swap_page: swapin tgid 5839 pid 5839 name "droid.bluetooth" vma 7f28b2c000
 droid.bluetooth-5839  [004] ....  5306.434366: do_swap_page: swapin tgid 5839 pid 5839 name "droid.bluetooth" vma 7f28b3c000
 droid.bluetooth-5839  [004] ....  5306.434367: do_swap_page: swapin tgid 5839 pid 5839 name "droid.bluetooth" vma 7fbe218000
 droid.bluetooth-5839  [004] ....  5306.434372: do_swap_page: swapin tgid 5839 pid 5839 name "droid.bluetooth" vma 7f28ac2000
 droid.bluetooth-5839  [004] ....  5306.434374: do_swap_page: swapin tgid 5839 pid 5839 name "droid.bluetooth" vma 7f2d145000
           <...>-2533  [004] ....  5306.434406: do_swap_page: swapin tgid 2507 pid 2533 name "Binder:2507_1" vma 7f2d16b000
           <...>-2533  [004] ....  5306.434412: do_swap_page: swapin tgid 2507 pid 2533 name "Binder:2507_1" vma 7f39800000
           <...>-2511  [004] ....  5306.434449: do_swap_page: swapin tgid 2484 pid 2511 name "Binder:2484_1" vma 7f2d16b000
           <...>-2511  [004] ....  5306.434455: do_swap_page: swapin tgid 2484 pid 2511 name "Binder:2484_1" vma 7f39800000
    android.anim-1359  [004] ....  5306.434571: do_swap_page: swapin tgid 1335 pid 1359 name "android.anim" vma 9f2af000
           <...>-11676 [004] ....  5306.434596: do_swap_page: swapin tgid 11661 pid 11676 name "Binder:11661_2" vma 7fbc5de000
           <...>-11676 [004] ....  5306.434623: do_swap_page: swapin tgid 11661 pid 11676 name "Binder:11661_2" vma 7fbbd3a000
 droid.bluetooth-5839  [004] ....  5306.434641: do_swap_page: swapin tgid 5839 pid 5839 name "droid.bluetooth" vma 7f2d145000
 droid.bluetooth-5839  [004] ....  5306.434664: do_swap_page: swapin tgid 5839 pid 5839 name "droid.bluetooth" vma 7fffffc000
 droid.bluetooth-5839  [004] ....  5306.434667: do_swap_page: swapin tgid 5839 pid 5839 name "droid.bluetooth" vma 7fbe1c5000
 droid.bluetooth-5839  [004] ....  5306.434672: do_swap_page: swapin tgid 5839 pid 5839 name "droid.bluetooth" vma 7fbe1ca000
 droid.bluetooth-5839  [004] ....  5306.434676: do_swap_page: swapin tgid 5839 pid 5839 name "droid.bluetooth" vma 145d1000
           <...>-2533  [004] ....  5306.434701: do_swap_page: swapin tgid 2507 pid 2533 name "Binder:2507_1" vma 7f39800000
           <...>-2533  [004] ....  5306.434713: do_swap_page: swapin tgid 2507 pid 2533 name "Binder:2507_1" vma 14107000
           <...>-2533  [004] ....  5306.434720: do_swap_page: swapin tgid 2507 pid 2533 name "Binder:2507_1" vma 7f3507f000
           <...>-2533  [004] ....  5306.434722: do_swap_page: swapin tgid 2507 pid 2533 name "Binder:2507_1" vma 72f96000
           <...>-2844  [004] ....  5306.434764: do_swap_page: swapin tgid 2815 pid 2844 name "Binder:2815_1" vma 72f96000
           <...>-2844  [004] ....  5306.434776: do_swap_page: swapin tgid 2815 pid 2844 name "Binder:2815_1" vma 7f2d682000
           <...>-2511  [004] ....  5306.434791: do_swap_page: swapin tgid 2484 pid 2511 name "Binder:2484_1" vma 7f39800000
           <...>-2511  [004] ....  5306.434820: do_swap_page: swapin tgid 2484 pid 2511 name "Binder:2484_1" vma 140d0000
           <...>-2511  [004] ....  5306.434824: do_swap_page: swapin tgid 2484 pid 2511 name "Binder:2484_1" vma 7f34f0b000
           <...>-2511  [004] ....  5306.434826: do_swap_page: swapin tgid 2484 pid 2511 name "Binder:2484_1" vma 7f3507f000
           <...>-2511  [004] ....  5306.434828: do_swap_page: swapin tgid 2484 pid 2511 name "Binder:2484_1" vma 72f96000
 droid.bluetooth-5839  [004] ....  5306.434855: do_swap_page: swapin tgid 5839 pid 5839 name "droid.bluetooth" vma 145d1000
 droid.bluetooth-5839  [004] ....  5306.434864: do_swap_page: swapin tgid 5839 pid 5839 name "droid.bluetooth" vma 7fbbd39000
 droid.bluetooth-5839  [004] ....  5306.434869: do_swap_page: swapin tgid 5839 pid 5839 name "droid.bluetooth" vma 7f2d681000
    android.anim-1359  [004] ....  5306.434892: do_swap_page: swapin tgid 1335 pid 1359 name "android.anim" vma 9f2af000
    android.anim-1359  [004] ....  5306.434903: do_swap_page: swapin tgid 1335 pid 1359 name "android.anim" vma 9f167000
           <...>-17708 [004] ....  5306.434955: do_swap_page: swapin tgid 11226 pid 17708 name "Binder:11226_5" vma 7f393d2000
           <...>-17708 [004] ....  5306.434960: do_swap_page: swapin tgid 11226 pid 17708 name "Binder:11226_5" vma 7fbe165000
 droid.bluetooth-5839  [004] ....  5306.435006: do_swap_page: swapin tgid 5839 pid 5839 name "droid.bluetooth" vma 7f2d681000
 droid.bluetooth-5839  [004] ....  5306.435010: do_swap_page: swapin tgid 5839 pid 5839 name "droid.bluetooth" vma 7f2d63e000
           <...>-2533  [004] ....  5306.435032: do_swap_page: swapin tgid 2507 pid 2533 name "Binder:2507_1" vma 72f96000
           <...>-2533  [004] ....  5306.435044: do_swap_page: swapin tgid 2507 pid 2533 name "Binder:2507_1" vma 7f2d683000
           <...>-2511  [004] ....  5306.435071: do_swap_page: swapin tgid 2484 pid 2511 name "Binder:2484_1" vma 72f96000
 m.android.phone-1912  [004] ....  5306.435112: do_swap_page: swapin tgid 1912 pid 1912 name "m.android.phone" vma 7fb9cfa000
 m.android.phone-1912  [004] ....  5306.435139: do_swap_page: swapin tgid 1912 pid 1912 name "m.android.phone" vma 7f2d69b000
 m.android.phone-1912  [004] ....  5306.435151: do_swap_page: swapin tgid 1912 pid 1912 name "m.android.phone" vma 7f2d69a000
 m.android.phone-1912  [004] ....  5306.435166: do_swap_page: swapin tgid 1912 pid 1912 name "m.android.phone" vma 72f91000
 droid.bluetooth-5839  [004] ....  5306.435194: do_swap_page: swapin tgid 5839 pid 5839 name "droid.bluetooth" vma 7f2d63e000
 droid.bluetooth-5839  [004] ....  5306.435201: do_swap_page: swapin tgid 5839 pid 5839 name "droid.bluetooth" vma 7f28a4e000
 droid.bluetooth-5839  [004] ....  5306.435234: do_swap_page: swapin tgid 5839 pid 5839 name "droid.bluetooth" vma 7f289bb000
    android.anim-1359  [004] ....  5306.435242: do_swap_page: swapin tgid 1335 pid 1359 name "android.anim" vma 9f167000
    android.anim-1359  [004] ....  5306.435250: do_swap_page: swapin tgid 1335 pid 1359 name "android.anim" vma 139da000
    android.anim-1359  [004] ....  5306.435258: do_swap_page: swapin tgid 1335 pid 1359 name "android.anim" vma 9f025000
    android.anim-1359  [004] ....  5306.435264: do_swap_page: swapin tgid 1335 pid 1359 name "android.anim" vma 7f28ac1000
    android.anim-1359  [004] ....  5306.435292: do_swap_page: swapin tgid 1335 pid 1359 name "android.anim" vma 9f2a5000
           <...>-11676 [004] ....  5306.435333: do_swap_page: swapin tgid 11661 pid 11676 name "Binder:11661_2" vma 7fbbd3a000
           <...>-11676 [004] ....  5306.435338: do_swap_page: swapin tgid 11661 pid 11676 name "Binder:11661_2" vma 7f28b18000
           <...>-11676 [004] ....  5306.435344: do_swap_page: swapin tgid 11661 pid 11676 name "Binder:11661_2" vma 7f393d0000
           <...>-11676 [004] ....  5306.435346: do_swap_page: swapin tgid 11661 pid 11676 name "Binder:11661_2" vma 7fbe23c000
 droid.bluetooth-5839  [004] ....  5306.435452: do_swap_page: swapin tgid 5839 pid 5839 name "droid.bluetooth" vma 145cd000
 droid.bluetooth-5839  [004] ....  5306.435459: do_swap_page: swapin tgid 5839 pid 5839 name "droid.bluetooth" vma 12c80000
 droid.bluetooth-5839  [004] ....  5306.435463: do_swap_page: swapin tgid 5839 pid 5839 name "droid.bluetooth" vma 72d61000
    android.anim-1359  [004] ....  5306.435501: do_swap_page: swapin tgid 1335 pid 1359 name "android.anim" vma 9f2a5000
    android.anim-1359  [004] ....  5306.435518: do_swap_page: swapin tgid 1335 pid 1359 name "android.anim" vma 7ed0ea2000
    android.anim-1359  [004] ....  5306.435526: do_swap_page: swapin tgid 1335 pid 1359 name "android.anim" vma 7f31829000
    android.anim-1359  [004] ....  5306.435537: do_swap_page: swapin tgid 1335 pid 1359 name "android.anim" vma 7ed0edf000
    android.anim-1359  [004] ....  5306.435539: do_swap_page: swapin tgid 1335 pid 1359 name "android.anim" vma 7e719d2000
    android.anim-1359  [004] ....  5306.435548: do_swap_page: swapin tgid 1335 pid 1359 name "android.anim" vma 7e635a7000
    android.anim-1359  [004] ....  5306.435553: do_swap_page: swapin tgid 1335 pid 1359 name "android.anim" vma 7f2d6ae000
    android.anim-1359  [004] ....  5306.435557: do_swap_page: swapin tgid 1335 pid 1359 name "android.anim" vma 7e63681000
 ScreenDecoratio-2208  [004] ....  5306.435719: do_swap_page: swapin tgid 1683 pid 2208 name "ScreenDecoratio" vma 7f28dbd000
 ScreenDecoratio-2208  [004] ....  5306.435733: do_swap_page: swapin tgid 1683 pid 2208 name "ScreenDecoratio" vma 7f28dfa000
 ScreenDecoratio-2208  [004] ....  5306.435750: do_swap_page: swapin tgid 1683 pid 2208 name "ScreenDecoratio" vma 9efaf000
 droid.bluetooth-5839  [004] ....  5306.435782: do_swap_page: swapin tgid 5839 pid 5839 name "droid.bluetooth" vma 72d61000
 droid.bluetooth-5839  [004] ....  5306.435790: do_swap_page: swapin tgid 5839 pid 5839 name "droid.bluetooth" vma 7fbe167000
    android.anim-1359  [004] ....  5306.435815: do_swap_page: swapin tgid 1335 pid 1359 name "android.anim" vma 7e63681000
    android.anim-1359  [004] ....  5306.435854: do_swap_page: swapin tgid 1335 pid 1359 name "android.anim" vma 13999000
    android.anim-1359  [004] ....  5306.435862: do_swap_page: swapin tgid 1335 pid 1359 name "android.anim" vma 7ed0ead000
    android.anim-1359  [004] ....  5306.435870: do_swap_page: swapin tgid 1335 pid 1359 name "android.anim" vma 7ed0ea8000
    android.anim-1359  [004] ....  5306.435880: do_swap_page: swapin tgid 1335 pid 1359 name "android.anim" vma 7f2d79e000
    android.anim-1359  [004] ....  5306.435936: do_swap_page: swapin tgid 1335 pid 1359 name "android.anim" vma 7ed0c03000
    android.anim-1359  [004] ....  5306.435951: do_swap_page: swapin tgid 1335 pid 1359 name "android.anim" vma 14440000
    android.anim-1359  [004] ....  5306.436073: do_swap_page: swapin tgid 1335 pid 1359 name "android.anim" vma 13c91000
    android.anim-1359  [004] ....  5306.436079: do_swap_page: swapin tgid 1335 pid 1359 name "android.anim" vma 7eb4f9f000
    android.anim-1359  [004] ....  5306.436082: do_swap_page: swapin tgid 1335 pid 1359 name "android.anim" vma 7f2d6ac000
    android.anim-1359  [004] ....  5306.436088: do_swap_page: swapin tgid 1335 pid 1359 name "android.anim" vma 7e66f58000
    android.anim-1359  [004] ....  5306.436091: do_swap_page: swapin tgid 1335 pid 1359 name "android.anim" vma 7ed0dcd000
    android.anim-1359  [004] ....  5306.436094: do_swap_page: swapin tgid 1335 pid 1359 name "android.anim" vma 7e636e5000
    android.anim-1359  [004] ....  5306.436098: do_swap_page: swapin tgid 1335 pid 1359 name "android.anim" vma 7e63493000
    android.anim-1359  [004] ....  5306.436100: do_swap_page: swapin tgid 1335 pid 1359 name "android.anim" vma 7ed0ddd000
    android.anim-1359  [004] ....  5306.436108: do_swap_page: swapin tgid 1335 pid 1359 name "android.anim" vma 7eb4e2d000
    android.anim-1359  [004] ....  5306.436110: do_swap_page: swapin tgid 1335 pid 1359 name "android.anim" vma 7eb4e2e000
    android.anim-1359  [004] ....  5306.436142: do_swap_page: swapin tgid 1335 pid 1359 name "android.anim" vma 7e636b4000
    android.anim-1359  [004] ....  5306.436148: do_swap_page: swapin tgid 1335 pid 1359 name "android.anim" vma 7e8578f000
    android.anim-1359  [004] ....  5306.436155: do_swap_page: swapin tgid 1335 pid 1359 name "android.anim" vma 7e85790000
    android.anim-1359  [004] ....  5306.436163: do_swap_page: swapin tgid 1335 pid 1359 name "android.anim" vma 7e85793000
    android.anim-1359  [004] ....  5306.436166: do_swap_page: swapin tgid 1335 pid 1359 name "android.anim" vma 7e66cfa000
    android.anim-1359  [004] ....  5306.436241: do_swap_page: swapin tgid 1335 pid 1359 name "android.anim" vma 7ed0da6000
    android.anim-1359  [004] ....  5306.436285: do_swap_page: swapin tgid 1335 pid 1359 name "android.anim" vma 7e85794000
    android.anim-1359  [004] ....  5306.436308: do_swap_page: swapin tgid 1335 pid 1359 name "android.anim" vma 7eb4d77000
    android.anim-1359  [004] ....  5306.436312: do_swap_page: swapin tgid 1335 pid 1359 name "android.anim" vma 7eb4d78000
    android.anim-1359  [004] ....  5306.436318: do_swap_page: swapin tgid 1335 pid 1359 name "android.anim" vma 7e66c3c000
    android.anim-1359  [004] ....  5306.436320: do_swap_page: swapin tgid 1335 pid 1359 name "android.anim" vma 7e66c3d000
    android.anim-1359  [004] ....  5306.436342: do_swap_page: swapin tgid 1335 pid 1359 name "android.anim" vma 7fbe229000
    android.anim-1359  [004] ....  5306.436356: do_swap_page: swapin tgid 1335 pid 1359 name "android.anim" vma 7eb4fc2000
    android.anim-1359  [004] ....  5306.436358: do_swap_page: swapin tgid 1335 pid 1359 name "android.anim" vma 7eb4fc3000
    android.anim-1359  [004] ....  5306.436364: do_swap_page: swapin tgid 1335 pid 1359 name "android.anim" vma 7ed0d44000
    android.anim-1359  [004] ....  5306.436373: do_swap_page: swapin tgid 1335 pid 1359 name "android.anim" vma 7e66de4000
    android.anim-1359  [004] ....  5306.436375: do_swap_page: swapin tgid 1335 pid 1359 name "android.anim" vma 7e66de5000
    android.anim-1359  [004] ....  5306.436385: do_swap_page: swapin tgid 1335 pid 1359 name "android.anim" vma 7e71f4c000
    android.anim-1359  [004] ....  5306.436387: do_swap_page: swapin tgid 1335 pid 1359 name "android.anim" vma 7e71f4d000
    android.anim-1359  [004] ....  5306.436391: do_swap_page: swapin tgid 1335 pid 1359 name "android.anim" vma 7e71f4e000
           <...>-2072  [004] ....  5306.436451: do_swap_page: swapin tgid 599 pid 2072 name "Binder:599_4" vma 7faa7b6000
           <...>-2072  [004] ....  5306.436457: do_swap_page: swapin tgid 599 pid 2072 name "Binder:599_4" vma 7fba6d6000
           <...>-2072  [004] ....  5306.436467: do_swap_page: swapin tgid 599 pid 2072 name "Binder:599_4" vma 7fba80a000
           <...>-2072  [004] ....  5306.436480: do_swap_page: swapin tgid 599 pid 2072 name "Binder:599_4" vma 7fb74c9000
           <...>-2072  [004] ....  5306.436487: do_swap_page: swapin tgid 599 pid 2072 name "Binder:599_4" vma 7fba6d7000
           <...>-2072  [004] ....  5306.436493: do_swap_page: swapin tgid 599 pid 2072 name "Binder:599_4" vma 7fb7939000
           <...>-2072  [004] ....  5306.436501: do_swap_page: swapin tgid 599 pid 2072 name "Binder:599_4" vma 7fba61d000
           <...>-2072  [004] ....  5306.436506: do_swap_page: swapin tgid 599 pid 2072 name "Binder:599_4" vma 7fba6b1000
           <...>-2072  [004] ....  5306.436526: do_swap_page: swapin tgid 599 pid 2072 name "Binder:599_4" vma 7fba6d8000
           <...>-17708 [004] ....  5306.436594: do_swap_page: swapin tgid 11226 pid 17708 name "Binder:11226_5" vma 7fbe165000
           <...>-17708 [004] ....  5306.436601: do_swap_page: swapin tgid 11226 pid 17708 name "Binder:11226_5" vma 7f2d682000
           <...>-17708 [004] ....  5306.436604: do_swap_page: swapin tgid 11226 pid 17708 name "Binder:11226_5" vma 7fbc5de000
 droid.bluetooth-5839  [004] ....  5306.436697: do_swap_page: swapin tgid 5839 pid 5839 name "droid.bluetooth" vma 7fbe167000
 droid.bluetooth-5839  [004] ....  5306.436796: do_swap_page: swapin tgid 5839 pid 5839 name "droid.bluetooth" vma 7fbe1f9000
 m.android.phone-1912  [004] ....  5306.436831: do_swap_page: swapin tgid 1912 pid 1912 name "m.android.phone" vma 72f91000
 m.android.phone-1912  [004] ....  5306.436837: do_swap_page: swapin tgid 1912 pid 1912 name "m.android.phone" vma 73059000
 android.display-1358  [004] ....  5306.436859: do_swap_page: swapin tgid 1335 pid 1358 name "android.display" vma 7e67c83000
 android.display-1358  [004] ....  5306.436896: do_swap_page: swapin tgid 1335 pid 1358 name "android.display" vma 7f2d6c5000
           <...>-17895 [004] ....  5306.436945: do_swap_page: swapin tgid 13722 pid 17895 name "Binder:13722_6" vma 7f28b96000
           <...>-17895 [004] ....  5306.436954: do_swap_page: swapin tgid 13722 pid 17895 name "Binder:13722_6" vma 7f295be000
           <...>-17895 [004] ....  5306.436958: do_swap_page: swapin tgid 13722 pid 17895 name "Binder:13722_6" vma 7f295bf000
 droid.bluetooth-5839  [004] ....  5306.436987: do_swap_page: swapin tgid 5839 pid 5839 name "droid.bluetooth" vma 7fbe1f9000
 droid.bluetooth-5839  [004] ....  5306.436995: do_swap_page: swapin tgid 5839 pid 5839 name "droid.bluetooth" vma 145d2000
 m.android.phone-1912  [004] ....  5306.437019: do_swap_page: swapin tgid 1912 pid 1912 name "m.android.phone" vma 73059000
 m.android.phone-1912  [004] ....  5306.437031: do_swap_page: swapin tgid 1912 pid 1912 name "m.android.phone" vma 72f94000
 droid.bluetooth-5839  [004] ....  5306.437129: do_swap_page: swapin tgid 5839 pid 5839 name "droid.bluetooth" vma 145d2000
 droid.bluetooth-5839  [004] ....  5306.437179: do_swap_page: swapin tgid 5839 pid 5839 name "droid.bluetooth" vma 7fbe1cb000
           <...>-11676 [004] ....  5306.437207: do_swap_page: swapin tgid 11661 pid 11676 name "Binder:11661_2" vma 7fbe23c000
           <...>-11676 [004] ....  5306.437214: do_swap_page: swapin tgid 11661 pid 11676 name "Binder:11661_2" vma 7f318f3000
 android.display-1358  [004] ....  5306.437227: do_swap_page: swapin tgid 1335 pid 1358 name "android.display" vma 7f2d6c5000
 android.display-1358  [004] ....  5306.437276: do_swap_page: swapin tgid 1335 pid 1358 name "android.display" vma 7e63494000
           <...>-17850 [004] ....  5306.437347: do_swap_page: swapin tgid 17811 pid 17850 name "Binder:17811_3" vma 7f2d629000
           <...>-17850 [004] ....  5306.437378: do_swap_page: swapin tgid 17811 pid 17850 name "Binder:17811_3" vma 7f28ffb000
           <...>-17850 [004] ....  5306.437382: do_swap_page: swapin tgid 17811 pid 17850 name "Binder:17811_3" vma 7f28ffc000
           <...>-22599 [004] ....  5306.437422: do_swap_page: swapin tgid 22585 pid 22599 name "Binder:22585_1" vma 7f393d0000
           <...>-22599 [004] ....  5306.437432: do_swap_page: swapin tgid 22585 pid 22599 name "Binder:22585_1" vma 7fbe286000
           <...>-22599 [004] ....  5306.437435: do_swap_page: swapin tgid 22585 pid 22599 name "Binder:22585_1" vma 7fbe285000
           <...>-22599 [004] ....  5306.437451: do_swap_page: swapin tgid 22585 pid 22599 name "Binder:22585_1" vma 7fbc5e1000
 droid.bluetooth-5839  [004] ....  5306.437476: do_swap_page: swapin tgid 5839 pid 5839 name "droid.bluetooth" vma 7fbe1cb000
 droid.bluetooth-5839  [004] ....  5306.437568: do_swap_page: swapin tgid 5839 pid 5839 name "droid.bluetooth" vma 7f395f1000
 m.android.phone-1912  [004] ....  5306.437597: do_swap_page: swapin tgid 1912 pid 1912 name "m.android.phone" vma 72f94000
 m.android.phone-1912  [004] ....  5306.437603: do_swap_page: swapin tgid 1912 pid 1912 name "m.android.phone" vma 7301c000
    android.anim-1359  [004] ....  5306.437640: do_swap_page: swapin tgid 1335 pid 1359 name "android.anim" vma 7eb478f000
 ndroid.systemui-1683  [004] ....  5306.437774: do_swap_page: swapin tgid 1683 pid 1683 name "ndroid.systemui" vma 7f39807000
 droid.bluetooth-5839  [004] ....  5306.437807: do_swap_page: swapin tgid 5839 pid 5839 name "droid.bluetooth" vma 7f395f1000
 droid.bluetooth-5839  [004] ....  5306.437815: do_swap_page: swapin tgid 5839 pid 5839 name "droid.bluetooth" vma 9ef7f000
 m.android.phone-1912  [004] ....  5306.437886: do_swap_page: swapin tgid 1912 pid 1912 name "m.android.phone" vma 7301c000
 m.android.phone-1912  [004] ....  5306.437905: do_swap_page: swapin tgid 1912 pid 1912 name "m.android.phone" vma 72004000
 droid.bluetooth-5839  [004] ....  5306.437955: do_swap_page: swapin tgid 5839 pid 5839 name "droid.bluetooth" vma 9ef7f000
 droid.bluetooth-5839  [004] ....  5306.437966: do_swap_page: swapin tgid 5839 pid 5839 name "droid.bluetooth" vma 7f2d6dd000
 droid.bluetooth-5839  [004] ....  5306.437970: do_swap_page: swapin tgid 5839 pid 5839 name "droid.bluetooth" vma 7f2d68a000
 droid.bluetooth-5839  [004] ....  5306.437982: do_swap_page: swapin tgid 5839 pid 5839 name "droid.bluetooth" vma 7fbf6ff000
           <...>-5876  [004] ....  5306.438009: do_swap_page: swapin tgid 5839 pid 5876 name "BluetoothScanMa" vma 7ec3b8c000
           <...>-5876  [004] ....  5306.438018: do_swap_page: swapin tgid 5839 pid 5876 name "BluetoothScanMa" vma 7ec3b8d000
           <...>-17708 [004] ....  5306.438057: do_swap_page: swapin tgid 11226 pid 17708 name "Binder:11226_5" vma 7fbc5de000
           <...>-17708 [004] ....  5306.438065: do_swap_page: swapin tgid 11226 pid 17708 name "Binder:11226_5" vma 7fbbd3a000
           <...>-5876  [004] ....  5306.438581: do_swap_page: swapin tgid 5839 pid 5876 name "BluetoothScanMa" vma 7ec3b8d000
           <...>-5876  [004] ....  5306.438590: do_swap_page: swapin tgid 5839 pid 5876 name "BluetoothScanMa" vma 7eca244000
           <...>-5876  [004] ....  5306.438593: do_swap_page: swapin tgid 5839 pid 5876 name "BluetoothScanMa" vma 7eca245000
           <...>-5876  [004] ....  5306.438596: do_swap_page: swapin tgid 5839 pid 5876 name "BluetoothScanMa" vma 7f28b1a000
           <...>-5876  [004] ....  5306.438600: do_swap_page: swapin tgid 5839 pid 5876 name "BluetoothScanMa" vma 145d7000
           <...>-5876  [004] ....  5306.438602: do_swap_page: swapin tgid 5839 pid 5876 name "BluetoothScanMa" vma 12d00000
           <...>-5876  [004] ....  5306.438607: do_swap_page: swapin tgid 5839 pid 5876 name "BluetoothScanMa" vma 7f30c4d000
           <...>-5876  [004] ....  5306.438610: do_swap_page: swapin tgid 5839 pid 5876 name "BluetoothScanMa" vma 12d01000
           <...>-5876  [004] ....  5306.438618: do_swap_page: swapin tgid 5839 pid 5876 name "BluetoothScanMa" vma 9efc5000
 droid.bluetooth-5839  [004] ....  5306.438712: do_swap_page: swapin tgid 5839 pid 5839 name "droid.bluetooth" vma 7fbf6ff000
 droid.bluetooth-5839  [004] ....  5306.438748: do_swap_page: swapin tgid 5839 pid 5839 name "droid.bluetooth" vma 145d9000
           <...>-5876  [004] ....  5306.438767: do_swap_page: swapin tgid 5839 pid 5876 name "BluetoothScanMa" vma 9efc5000
           <...>-5876  [004] ....  5306.438773: do_swap_page: swapin tgid 5839 pid 5876 name "BluetoothScanMa" vma 9ef77000
 android.display-1358  [004] ....  5306.438869: do_swap_page: swapin tgid 1335 pid 1358 name "android.display" vma 7fbbb10000
 droid.bluetooth-5839  [004] ....  5306.438913: do_swap_page: swapin tgid 5839 pid 5839 name "droid.bluetooth" vma 145d9000
           <...>-17895 [004] ....  5306.438929: do_swap_page: swapin tgid 13722 pid 17895 name "Binder:13722_6" vma 7f295bf000
           <...>-17895 [004] ....  5306.438936: do_swap_page: swapin tgid 13722 pid 17895 name "Binder:13722_6" vma 7f28b01000
           <...>-17895 [004] ....  5306.438940: do_swap_page: swapin tgid 13722 pid 17895 name "Binder:13722_6" vma 7fbe180000
           <...>-17895 [004] ....  5306.438950: do_swap_page: swapin tgid 13722 pid 17895 name "Binder:13722_6" vma 7fbe23a000
           <...>-17895 [004] ....  5306.438953: do_swap_page: swapin tgid 13722 pid 17895 name "Binder:13722_6" vma 7f28ac2000
           <...>-5876  [004] ....  5306.438999: do_swap_page: swapin tgid 5839 pid 5876 name "BluetoothScanMa" vma 9ef77000
           <...>-5876  [004] ....  5306.439008: do_swap_page: swapin tgid 5839 pid 5876 name "BluetoothScanMa" vma 9f007000
           <...>-5876  [004] .n..  5306.439042: do_swap_page: swapin tgid 5839 pid 5876 name "BluetoothScanMa" vma 7f2d6ff000
 ScreenDecoratio-2208  [004] ....  5306.439064: do_swap_page: swapin tgid 1683 pid 2208 name "ScreenDecoratio" vma 9efaf000
 ScreenDecoratio-2208  [004] ....  5306.439087: do_swap_page: swapin tgid 1683 pid 2208 name "ScreenDecoratio" vma 9efb0000
 ScreenDecoratio-2208  [004] ....  5306.439094: do_swap_page: swapin tgid 1683 pid 2208 name "ScreenDecoratio" vma 13d34000
 ScreenDecoratio-2208  [004] ....  5306.439097: do_swap_page: swapin tgid 1683 pid 2208 name "ScreenDecoratio" vma 9f000000
 ScreenDecoratio-2208  [004] ....  5306.439112: do_swap_page: swapin tgid 1683 pid 2208 name "ScreenDecoratio" vma 7eba108000
           <...>-2764  [004] ....  5306.439195: do_swap_page: swapin tgid 1335 pid 2764 name "Binder:1335_D" vma 7e635bb000
           <...>-2764  [004] ....  5306.439206: do_swap_page: swapin tgid 1335 pid 2764 name "Binder:1335_D" vma 9efa1000
           <...>-2764  [004] ....  5306.439210: do_swap_page: swapin tgid 1335 pid 2764 name "Binder:1335_D" vma 9f221000
 m.android.phone-1912  [004] ....  5306.439242: do_swap_page: swapin tgid 1912 pid 1912 name "m.android.phone" vma 72004000
 m.android.phone-1912  [004] ....  5306.439324: do_swap_page: swapin tgid 1912 pid 1912 name "m.android.phone" vma 72f98000
 android.display-1358  [004] ....  5306.439353: do_swap_page: swapin tgid 1335 pid 1358 name "android.display" vma 7fbbb10000
 android.display-1358  [004] ....  5306.439430: do_swap_page: swapin tgid 1335 pid 1358 name "android.display" vma 7fbbb0f000
           <...>-2764  [004] ....  5306.439456: do_swap_page: swapin tgid 1335 pid 2764 name "Binder:1335_D" vma 9f221000
           <...>-2764  [004] ....  5306.439478: do_swap_page: swapin tgid 1335 pid 2764 name "Binder:1335_D" vma 13dbe000
     logd.writer-570   [004] ....  5306.439655: do_swap_page: swapin tgid 556 pid 570 name "logd.writer" vma 7fb26fc000
         logcatd-863   [004] ....  5306.439794: do_swap_page: swapin tgid 863 pid 863 name "logcatd" vma 7fbd819000
 ndroid.systemui-1683  [004] ....  5306.439836: do_swap_page: swapin tgid 1683 pid 1683 name "ndroid.systemui" vma 13c88000
 ndroid.systemui-1683  [004] ....  5306.439855: do_swap_page: swapin tgid 1683 pid 1683 name "ndroid.systemui" vma 9f0ca000
 ndroid.systemui-1683  [004] ....  5306.439858: do_swap_page: swapin tgid 1683 pid 1683 name "ndroid.systemui" vma 9f23b000
 android.display-1358  [004] ....  5306.439896: do_swap_page: swapin tgid 1335 pid 1358 name "android.display" vma 7fbbb0f000
 android.display-1358  [004] ....  5306.439904: do_swap_page: swapin tgid 1335 pid 1358 name "android.display" vma 9f38f000
 android.display-1358  [004] ....  5306.439911: do_swap_page: swapin tgid 1335 pid 1358 name "android.display" vma 7f2d7cd000
 android.display-1358  [004] ....  5306.439937: do_swap_page: swapin tgid 1335 pid 1358 name "android.display" vma 1399a000
 android.display-1358  [004] ....  5306.439944: do_swap_page: swapin tgid 1335 pid 1358 name "android.display" vma 13d1d000
 android.display-1358  [004] ....  5306.440036: do_swap_page: swapin tgid 1335 pid 1358 name "android.display" vma 13d3f000
 android.display-1358  [004] ....  5306.440040: do_swap_page: swapin tgid 1335 pid 1358 name "android.display" vma 139b0000
           <...>-1707  [004] ....  5306.440079: do_swap_page: swapin tgid 1683 pid 1707 name "Binder:1683_2" vma 7fbe301000
           <...>-2032  [004] ....  5306.440150: do_swap_page: swapin tgid 2006 pid 2032 name "Binder:2006_3" vma 7f289be000
           <...>-2032  [004] ....  5306.440176: do_swap_page: swapin tgid 2006 pid 2032 name "Binder:2006_3" vma 7fbe176000
           <...>-2032  [004] ....  5306.440203: do_swap_page: swapin tgid 2006 pid 2032 name "Binder:2006_3" vma 7eccab0000
           <...>-2032  [004] ....  5306.440214: do_swap_page: swapin tgid 2006 pid 2032 name "Binder:2006_3" vma 9f0a3000
           <...>-2032  [004] ....  5306.440218: do_swap_page: swapin tgid 2006 pid 2032 name "Binder:2006_3" vma 9efa6000
           <...>-11676 [004] ....  5306.440245: do_swap_page: swapin tgid 11661 pid 11676 name "Binder:11661_2" vma 7f318f3000
           <...>-11676 [004] ....  5306.440253: do_swap_page: swapin tgid 11661 pid 11676 name "Binder:11661_2" vma 12c47000
           <...>-2764  [004] ....  5306.440308: do_swap_page: swapin tgid 1335 pid 2764 name "Binder:1335_D" vma 7f21000000
           <...>-2032  [004] ....  5306.440357: do_swap_page: swapin tgid 2006 pid 2032 name "Binder:2006_3" vma 9efa6000
           <...>-2006  [004] ....  5306.440432: do_swap_page: swapin tgid 2006 pid 2006 name "droid.launcher3" vma 9f095000
           <...>-2006  [004] ....  5306.440443: do_swap_page: swapin tgid 2006 pid 2006 name "droid.launcher3" vma 132b7000
           <...>-2006  [004] ....  5306.440447: do_swap_page: swapin tgid 2006 pid 2006 name "droid.launcher3" vma 9f01c000
           <...>-2764  [004] ....  5306.440494: do_swap_page: swapin tgid 1335 pid 2764 name "Binder:1335_D" vma 7f21000000
           <...>-2764  [004] ....  5306.440515: do_swap_page: swapin tgid 1335 pid 2764 name "Binder:1335_D" vma 9f1c8000
           <...>-2006  [004] ....  5306.440564: do_swap_page: swapin tgid 2006 pid 2006 name "droid.launcher3" vma 9f01c000
           <...>-2006  [004] ....  5306.440569: do_swap_page: swapin tgid 2006 pid 2006 name "droid.launcher3" vma 9efd9000
 ndroid.systemui-1683  [004] ....  5306.440596: do_swap_page: swapin tgid 1683 pid 1683 name "ndroid.systemui" vma 9f23b000
 ndroid.systemui-1683  [004] ....  5306.440601: do_swap_page: swapin tgid 1683 pid 1683 name "ndroid.systemui" vma 9f175000
 android.display-1358  [004] ....  5306.440625: do_swap_page: swapin tgid 1335 pid 1358 name "android.display" vma 139b0000
 android.display-1358  [004] ....  5306.440645: do_swap_page: swapin tgid 1335 pid 1358 name "android.display" vma 9f25d000
           <...>-2006  [004] ....  5306.440763: do_swap_page: swapin tgid 2006 pid 2006 name "droid.launcher3" vma 9efd9000
           <...>-2764  [004] ....  5306.440822: do_swap_page: swapin tgid 1335 pid 2764 name "Binder:1335_D" vma 9f1c8000
           <...>-2764  [004] ....  5306.440852: do_swap_page: swapin tgid 1335 pid 2764 name "Binder:1335_D" vma 9f2aa000
           <...>-5710  [004] ....  5306.440879: do_swap_page: swapin tgid 5221 pid 5710 name "Binder:5221_4" vma 7fbe1d0000
           <...>-5710  [004] ....  5306.440886: do_swap_page: swapin tgid 5221 pid 5710 name "Binder:5221_4" vma 7fbe1fd000
