# tracer: nop
#
# entries-in-buffer/entries-written: 22036/22036   #P:1
#
#                              _-----=> irqs-off
#                             / _----=> need-resched
#                            | / _---=> hardirq/softirq
#                            || / _--=> preempt-depth
#                            ||| /     delay
#           TASK-PID   CPU#  ||||    TIMESTAMP  FUNCTION
#              | |       |   ||||       |         |
 wifi_ext@1.0-se-2921  [004] ....  8651.232521: do_swap_page: swapin tgid 824 pid 2921 name "wifi_ext@1.0-se" vma 7fb9f61000
 wifi_ext@1.0-se-2921  [004] ....  8651.232634: do_swap_page: swapin tgid 824 pid 2921 name "wifi_ext@1.0-se" vma 7fb9d49000
 wifi_ext@1.0-se-2921  [004] ....  8651.232664: do_swap_page: swapin tgid 824 pid 2921 name "wifi_ext@1.0-se" vma 7fbb418000
 wifi_ext@1.0-se-2921  [004] ....  8651.237070: do_swap_page: swapin tgid 824 pid 2921 name "wifi_ext@1.0-se" vma 7fba138000
 wifi_ext@1.0-se-2921  [004] ....  8651.237339: do_swap_page: swapin tgid 824 pid 2921 name "wifi_ext@1.0-se" vma 7fbb4aa000
 wifi_ext@1.0-se-2921  [004] ....  8651.239159: do_swap_page: swapin tgid 824 pid 2921 name "wifi_ext@1.0-se" vma 7fba14c000
 wifi_ext@1.0-se-2921  [004] ....  8651.239197: do_swap_page: swapin tgid 824 pid 2921 name "wifi_ext@1.0-se" vma 7fbb553000
 wifi_ext@1.0-se-2921  [004] ....  8651.239218: do_swap_page: swapin tgid 824 pid 2921 name "wifi_ext@1.0-se" vma 7fb9d2b000
 wifi_ext@1.0-se-2921  [004] ....  8654.253271: do_swap_page: swapin tgid 824 pid 2921 name "wifi_ext@1.0-se" vma 7fbb490000
 wifi_ext@1.0-se-2921  [004] ....  8654.253322: do_swap_page: swapin tgid 824 pid 2921 name "wifi_ext@1.0-se" vma 7fbb499000
 wifi_ext@1.0-se-2921  [004] ....  8654.255821: do_swap_page: swapin tgid 824 pid 2921 name "wifi_ext@1.0-se" vma 7fb9fc3000
 wifi_ext@1.0-se-2921  [004] ....  8654.256071: do_swap_page: swapin tgid 824 pid 2921 name "wifi_ext@1.0-se" vma 7fbb54c000
 wifi_ext@1.0-se-2921  [004] ....  8654.256105: do_swap_page: swapin tgid 824 pid 2921 name "wifi_ext@1.0-se" vma 7fba011000
 wifi_ext@1.0-se-2921  [004] ....  8654.256116: do_swap_page: swapin tgid 824 pid 2921 name "wifi_ext@1.0-se" vma 7fb9998000
 wifi_ext@1.0-se-2921  [004] ....  8654.257558: do_swap_page: swapin tgid 824 pid 2921 name "wifi_ext@1.0-se" vma 7fb9ec5000
 wifi_ext@1.0-se-2921  [004] ....  8657.267190: do_swap_page: swapin tgid 824 pid 2921 name "wifi_ext@1.0-se" vma 7fbb512000
 wifi_ext@1.0-se-2921  [004] ....  8657.276897: do_swap_page: swapin tgid 824 pid 2921 name "wifi_ext@1.0-se" vma 7fbb4b8000
 wifi_ext@1.0-se-2921  [004] ....  8657.276933: do_swap_page: swapin tgid 824 pid 2921 name "wifi_ext@1.0-se" vma 7fb9faf000
 wifi_ext@1.0-se-2921  [004] ....  8657.276996: do_swap_page: swapin tgid 824 pid 2921 name "wifi_ext@1.0-se" vma 7fba1a1000
 wifi_ext@1.0-se-2921  [004] ....  8657.277188: do_swap_page: swapin tgid 824 pid 2921 name "wifi_ext@1.0-se" vma 7fba1e4000
 wifi_ext@1.0-se-2921  [004] ....  8657.278842: do_swap_page: swapin tgid 824 pid 2921 name "wifi_ext@1.0-se" vma 7fb9fb8000
 wifi_ext@1.0-se-2921  [004] ....  8657.278874: do_swap_page: swapin tgid 824 pid 2921 name "wifi_ext@1.0-se" vma 7fbb4c3000
 wifi_ext@1.0-se-2921  [004] ....  8657.278899: do_swap_page: swapin tgid 824 pid 2921 name "wifi_ext@1.0-se" vma 7fb9d29000
 wifi_ext@1.0-se-2921  [004] ....  8657.280348: do_swap_page: swapin tgid 824 pid 2921 name "wifi_ext@1.0-se" vma 7fba250000
           <...>-2049  [004] ....  8657.759970: do_swap_page: swapin tgid 1335 pid 2049 name "Binder:1335_9" vma 7eb42f9000
           <...>-2049  [004] ....  8657.759999: do_swap_page: swapin tgid 1335 pid 2049 name "Binder:1335_9" vma 7eb42fa000
           <...>-2049  [004] ....  8657.781634: do_swap_page: swapin tgid 1335 pid 2049 name "Binder:1335_9" vma 7eb42fa000
 android.youtube-6287  [004] ....  8659.938982: do_swap_page: swapin tgid 6287 pid 6287 name "android.youtube" vma 7f3982d000
 android.youtube-6287  [004] ....  8659.939017: do_swap_page: swapin tgid 6287 pid 6287 name "android.youtube" vma 7f39846000
 wifi_ext@1.0-se-2921  [004] ....  8660.293818: do_swap_page: swapin tgid 824 pid 2921 name "wifi_ext@1.0-se" vma 7fbb558000
 wifi_ext@1.0-se-2921  [004] ....  8660.297429: do_swap_page: swapin tgid 824 pid 2921 name "wifi_ext@1.0-se" vma 7fbb549000
 wifi_ext@1.0-se-2921  [004] ....  8660.297463: do_swap_page: swapin tgid 824 pid 2921 name "wifi_ext@1.0-se" vma 7fb9fc8000
 wifi_ext@1.0-se-2921  [004] ....  8660.297593: do_swap_page: swapin tgid 824 pid 2921 name "wifi_ext@1.0-se" vma 7fba158000
 wifi_ext@1.0-se-2921  [004] ....  8660.297679: do_swap_page: swapin tgid 824 pid 2921 name "wifi_ext@1.0-se" vma 7fba054000
 wifi_ext@1.0-se-2921  [004] ....  8660.305715: do_swap_page: swapin tgid 824 pid 2921 name "wifi_ext@1.0-se" vma 7fb9fbb000
 wifi_ext@1.0-se-2921  [004] ....  8660.305751: do_swap_page: swapin tgid 824 pid 2921 name "wifi_ext@1.0-se" vma 7fbb51e000
 wifi_ext@1.0-se-2921  [004] ....  8660.305798: do_swap_page: swapin tgid 824 pid 2921 name "wifi_ext@1.0-se" vma 7fbb51c000
           <...>-2049  [004] ....  8661.035250: do_swap_page: swapin tgid 1335 pid 2049 name "Binder:1335_9" vma 7f2d7c5000
           <...>-11377 [004] ....  8661.035550: do_swap_page: swapin tgid 2558 pid 11377 name "Binder:2558_10" vma 7ec4aca000
           <...>-11377 [004] ....  8661.035576: do_swap_page: swapin tgid 2558 pid 11377 name "Binder:2558_10" vma 7ec4b17000
           <...>-11377 [004] ....  8661.035639: do_swap_page: swapin tgid 2558 pid 11377 name "Binder:2558_10" vma 7fbe06c000
           <...>-11377 [004] ....  8661.035659: do_swap_page: swapin tgid 2558 pid 11377 name "Binder:2558_10" vma 7f29cbf000
           <...>-11377 [004] ....  8661.035673: do_swap_page: swapin tgid 2558 pid 11377 name "Binder:2558_10" vma 12e00000
           <...>-11377 [004] ....  8661.035704: do_swap_page: swapin tgid 2558 pid 11377 name "Binder:2558_10" vma 7eb0292000
   Binder:2269_3-2429  [004] ....  8661.037033: do_swap_page: swapin tgid 2269 pid 2429 name "Binder:2269_3" vma 7f2d6ba000
   Binder:2269_3-2429  [004] ....  8661.037096: do_swap_page: swapin tgid 2269 pid 2429 name "Binder:2269_3" vma 7ebb240000
   Binder:2269_3-2429  [004] ....  8661.037138: do_swap_page: swapin tgid 2269 pid 2429 name "Binder:2269_3" vma 7ebb241000
   Binder:2269_3-2429  [004] ....  8661.037255: do_swap_page: swapin tgid 2269 pid 2429 name "Binder:2269_3" vma 7ebb23f000
   Binder:2269_3-2429  [004] ....  8661.049954: do_swap_page: swapin tgid 2269 pid 2429 name "Binder:2269_3" vma 7ebb23f000
   Binder:2269_3-2429  [004] ....  8661.050131: do_swap_page: swapin tgid 2269 pid 2429 name "Binder:2269_3" vma 7f2d677000
   Binder:2269_3-2429  [004] ....  8661.050192: do_swap_page: swapin tgid 2269 pid 2429 name "Binder:2269_3" vma 14648000
   Binder:2269_3-2429  [004] ....  8661.050552: do_swap_page: swapin tgid 2269 pid 2429 name "Binder:2269_3" vma 7eb05fc000
   Binder:2269_3-2429  [004] ....  8661.051129: do_swap_page: swapin tgid 2269 pid 2429 name "Binder:2269_3" vma 7f2d7f6000
   Binder:2269_3-2429  [004] ....  8661.051519: do_swap_page: swapin tgid 2269 pid 2429 name "Binder:2269_3" vma 7ebb23e000
   Binder:2269_3-2429  [004] ....  8661.052436: do_swap_page: swapin tgid 2269 pid 2429 name "Binder:2269_3" vma 7ebb23e000
   Binder:2269_3-2429  [004] ....  8661.052464: do_swap_page: swapin tgid 2269 pid 2429 name "Binder:2269_3" vma 7f2d6b0000
   Binder:2269_3-2429  [004] ....  8661.052480: do_swap_page: swapin tgid 2269 pid 2429 name "Binder:2269_3" vma 7f2d692000
           <...>-2782  [004] ....  8661.053195: do_swap_page: swapin tgid 2558 pid 2782 name "GoogleApiHandle" vma 7f289bd000
   Binder:2269_F-20526 [004] ....  8661.053406: do_swap_page: swapin tgid 2269 pid 20526 name "Binder:2269_F" vma 7ec5e14000
   Binder:2269_F-20526 [004] ....  8661.053445: do_swap_page: swapin tgid 2269 pid 20526 name "Binder:2269_F" vma 7ec372b000
   Binder:2269_F-20526 [004] ....  8661.053477: do_swap_page: swapin tgid 2269 pid 20526 name "Binder:2269_F" vma 7ec372c000
   Binder:2269_F-20526 [004] ....  8661.053581: do_swap_page: swapin tgid 2269 pid 20526 name "Binder:2269_F" vma 7ec372a000
   Binder:2269_F-20526 [004] ....  8661.054466: do_swap_page: swapin tgid 2269 pid 20526 name "Binder:2269_F" vma 7ec372a000
   Binder:2269_F-20526 [004] ....  8661.054630: do_swap_page: swapin tgid 2269 pid 20526 name "Binder:2269_F" vma 13140000
 wifi_ext@1.0-se-2921  [004] ....  8663.314496: do_swap_page: swapin tgid 824 pid 2921 name "wifi_ext@1.0-se" vma 7fb9fbd000
 wifi_ext@1.0-se-2921  [004] ....  8663.317245: do_swap_page: swapin tgid 824 pid 2921 name "wifi_ext@1.0-se" vma 7fbb559000
 wifi_ext@1.0-se-2921  [004] ....  8663.317280: do_swap_page: swapin tgid 824 pid 2921 name "wifi_ext@1.0-se" vma 7fb9fd5000
 wifi_ext@1.0-se-2921  [004] ....  8663.317548: do_swap_page: swapin tgid 824 pid 2921 name "wifi_ext@1.0-se" vma 7fb9fb4000
 wifi_ext@1.0-se-2921  [004] ....  8663.320715: do_swap_page: swapin tgid 824 pid 2921 name "wifi_ext@1.0-se" vma 7fb9fdd000
 wifi_ext@1.0-se-2921  [004] ....  8663.320752: do_swap_page: swapin tgid 824 pid 2921 name "wifi_ext@1.0-se" vma 7fb9fb6000
 wifi_ext@1.0-se-2921  [004] ....  8663.320773: do_swap_page: swapin tgid 824 pid 2921 name "wifi_ext@1.0-se" vma 7fbb5fd000
 wifi_ext@1.0-se-2921  [004] ....  8663.320818: do_swap_page: swapin tgid 824 pid 2921 name "wifi_ext@1.0-se" vma 7fb9fb0000
 wifi_ext@1.0-se-2921  [004] ....  8666.334518: do_swap_page: swapin tgid 824 pid 2921 name "wifi_ext@1.0-se" vma 7fb9fd8000
 wifi_ext@1.0-se-2921  [004] ....  8666.337317: do_swap_page: swapin tgid 824 pid 2921 name "wifi_ext@1.0-se" vma 7fba24f000
 wifi_ext@1.0-se-2921  [004] ....  8666.337352: do_swap_page: swapin tgid 824 pid 2921 name "wifi_ext@1.0-se" vma 7fb9fa9000
  ClientModeImpl-1469  [004] ....  8666.337561: do_swap_page: swapin tgid 1335 pid 1469 name "ClientModeImpl" vma 7ed0d67000
 wifi_ext@1.0-se-2921  [004] ....  8666.340686: do_swap_page: swapin tgid 824 pid 2921 name "wifi_ext@1.0-se" vma 7fb9fa6000
 wifi_ext@1.0-se-2921  [004] ....  8666.340725: do_swap_page: swapin tgid 824 pid 2921 name "wifi_ext@1.0-se" vma 7fba121000
 wifi_ext@1.0-se-2921  [004] ....  8666.340759: do_swap_page: swapin tgid 824 pid 2921 name "wifi_ext@1.0-se" vma 7fbb573000
 wifi_ext@1.0-se-2921  [004] ....  8666.340780: do_swap_page: swapin tgid 824 pid 2921 name "wifi_ext@1.0-se" vma 7fba1a5000
 wifi_ext@1.0-se-2921  [004] ....  8666.340800: do_swap_page: swapin tgid 824 pid 2921 name "wifi_ext@1.0-se" vma 7fbb532000
 wifi_ext@1.0-se-2921  [004] ....  8669.347941: do_swap_page: swapin tgid 824 pid 2921 name "wifi_ext@1.0-se" vma 7fba150000
 wifi_ext@1.0-se-2921  [004] ....  8669.355596: do_swap_page: swapin tgid 824 pid 2921 name "wifi_ext@1.0-se" vma 7fba039000
 wifi_ext@1.0-se-2921  [004] ....  8669.357343: do_swap_page: swapin tgid 824 pid 2921 name "wifi_ext@1.0-se" vma 7fbb555000
 wifi_ext@1.0-se-2921  [004] ....  8669.357374: do_swap_page: swapin tgid 824 pid 2921 name "wifi_ext@1.0-se" vma 7fb9fea000
 wifi_ext@1.0-se-2921  [004] ....  8669.360619: do_swap_page: swapin tgid 824 pid 2921 name "wifi_ext@1.0-se" vma 7fbb5e0000
 wifi_ext@1.0-se-2921  [004] ....  8669.360655: do_swap_page: swapin tgid 824 pid 2921 name "wifi_ext@1.0-se" vma 7fb9fb1000
           <...>-2049  [004] ....  8670.749520: do_swap_page: swapin tgid 1335 pid 2049 name "Binder:1335_9" vma 7ed1cd4000
           <...>-1445  [004] ....  8670.749715: do_swap_page: swapin tgid 1335 pid 1445 name "InputDispatcher" vma 7ed0e77000
           <...>-1445  [004] ....  8670.749722: do_swap_page: swapin tgid 1335 pid 1445 name "InputDispatcher" vma 7ed0eaa000
           <...>-1445  [004] ....  8670.749724: do_swap_page: swapin tgid 1335 pid 1445 name "InputDispatcher" vma 7ed0eab000
           <...>-1445  [004] ....  8670.749727: do_swap_page: swapin tgid 1335 pid 1445 name "InputDispatcher" vma 7e635f1000
           <...>-1445  [004] ....  8670.749732: do_swap_page: swapin tgid 1335 pid 1445 name "InputDispatcher" vma 7eb4cb0000
           <...>-1445  [004] ....  8670.749736: do_swap_page: swapin tgid 1335 pid 1445 name "InputDispatcher" vma 7eb4d90000
           <...>-1445  [004] ....  8670.749739: do_swap_page: swapin tgid 1335 pid 1445 name "InputDispatcher" vma 7e6363c000
           <...>-1445  [004] ....  8670.770410: do_swap_page: swapin tgid 1335 pid 1445 name "InputDispatcher" vma 7e6363c000
           <...>-1445  [004] ....  8670.770452: do_swap_page: swapin tgid 1335 pid 1445 name "InputDispatcher" vma 7e6363d000
           <...>-1445  [004] ....  8670.770466: do_swap_page: swapin tgid 1335 pid 1445 name "InputDispatcher" vma 7e57e43000
           <...>-1445  [004] ....  8670.770480: do_swap_page: swapin tgid 1335 pid 1445 name "InputDispatcher" vma 7e63545000
           <...>-1445  [004] ....  8670.770485: do_swap_page: swapin tgid 1335 pid 1445 name "InputDispatcher" vma 7e63546000
           <...>-1445  [004] ....  8670.771453: do_swap_page: swapin tgid 1335 pid 1445 name "InputDispatcher" vma 7e6367d000
 wifi_ext@1.0-se-2921  [004] ....  8671.200599: do_swap_page: swapin tgid 824 pid 2921 name "wifi_ext@1.0-se" vma 7fb9fd3000
 wifi_ext@1.0-se-2921  [004] ....  8671.200688: do_swap_page: swapin tgid 824 pid 2921 name "wifi_ext@1.0-se" vma 7fb9fd4000
 wifi_ext@1.0-se-2921  [004] ....  8671.200731: do_swap_page: swapin tgid 824 pid 2921 name "wifi_ext@1.0-se" vma 7fb9ff5000
           <...>-2049  [004] ....  8671.965438: do_swap_page: swapin tgid 1335 pid 2049 name "Binder:1335_9" vma 7eb4184000
           <...>-2049  [004] ....  8671.977770: do_swap_page: swapin tgid 1335 pid 2049 name "Binder:1335_9" vma 7eb4184000
           <...>-2049  [004] ....  8671.977779: do_swap_page: swapin tgid 1335 pid 2049 name "Binder:1335_9" vma 7eb41e2000
           <...>-2049  [004] ....  8671.977967: do_swap_page: swapin tgid 1335 pid 2049 name "Binder:1335_9" vma 7eb41e2000
           <...>-2049  [004] ....  8671.977977: do_swap_page: swapin tgid 1335 pid 2049 name "Binder:1335_9" vma 7f2d673000
           <...>-2049  [004] ....  8671.977987: do_swap_page: swapin tgid 1335 pid 2049 name "Binder:1335_9" vma 7eb41e1000
           <...>-2049  [004] ....  8671.978091: do_swap_page: swapin tgid 1335 pid 2049 name "Binder:1335_9" vma 7eb41e1000
           <...>-2049  [004] ....  8671.978109: do_swap_page: swapin tgid 1335 pid 2049 name "Binder:1335_9" vma 7e634f4000
           <...>-2049  [004] ....  8671.978113: do_swap_page: swapin tgid 1335 pid 2049 name "Binder:1335_9" vma 7e634f5000
           <...>-2049  [004] ....  8671.978122: do_swap_page: swapin tgid 1335 pid 2049 name "Binder:1335_9" vma 7e57c9b000
           <...>-2049  [004] ....  8671.978126: do_swap_page: swapin tgid 1335 pid 2049 name "Binder:1335_9" vma 7e57c9c000
           <...>-2049  [004] ....  8671.978475: do_swap_page: swapin tgid 1335 pid 2049 name "Binder:1335_9" vma 7eb4182000
           <...>-2049  [004] ....  8671.978714: do_swap_page: swapin tgid 1335 pid 2049 name "Binder:1335_9" vma 7eb4182000
           <...>-2049  [004] ....  8671.978724: do_swap_page: swapin tgid 1335 pid 2049 name "Binder:1335_9" vma 7eb41d2000
           <...>-2049  [004] ....  8671.978921: do_swap_page: swapin tgid 1335 pid 2049 name "Binder:1335_9" vma 7eb41d2000
           <...>-2049  [004] ....  8671.978967: do_swap_page: swapin tgid 1335 pid 2049 name "Binder:1335_9" vma 7f2d779000
           <...>-2049  [004] ....  8671.979005: do_swap_page: swapin tgid 1335 pid 2049 name "Binder:1335_9" vma 7eb41dd000
           <...>-2049  [004] ....  8671.979198: do_swap_page: swapin tgid 1335 pid 2049 name "Binder:1335_9" vma 7eb41dd000
           <...>-2049  [004] ....  8671.979229: do_swap_page: swapin tgid 1335 pid 2049 name "Binder:1335_9" vma 7f2d830000
           <...>-1445  [004] ....  8671.980543: do_swap_page: swapin tgid 1335 pid 1445 name "InputDispatcher" vma 7f2d785000
           <...>-1445  [004] ....  8671.980591: do_swap_page: swapin tgid 1335 pid 1445 name "InputDispatcher" vma 7e636b5000
           <...>-1445  [004] ....  8671.980630: do_swap_page: swapin tgid 1335 pid 1445 name "InputDispatcher" vma 7e66d03000
           <...>-1445  [004] ....  8671.981361: do_swap_page: swapin tgid 1335 pid 1445 name "InputDispatcher" vma 7e66d03000
           <...>-1445  [004] ....  8671.981376: do_swap_page: swapin tgid 1335 pid 1445 name "InputDispatcher" vma 7e66b4c000
           <...>-1445  [004] ....  8671.981634: do_swap_page: swapin tgid 1335 pid 1445 name "InputDispatcher" vma 7e66b4c000
           <...>-1445  [004] ....  8671.981679: do_swap_page: swapin tgid 1335 pid 1445 name "InputDispatcher" vma 7e635a4000
           <...>-1445  [004] ....  8671.981979: do_swap_page: swapin tgid 1335 pid 1445 name "InputDispatcher" vma 7e635a4000
           <...>-1445  [004] ....  8671.981999: do_swap_page: swapin tgid 1335 pid 1445 name "InputDispatcher" vma 7e63638000
           <...>-1445  [004] ....  8671.982014: do_swap_page: swapin tgid 1335 pid 1445 name "InputDispatcher" vma 7e63649000
           <...>-1445  [004] ....  8671.982290: do_swap_page: swapin tgid 1335 pid 1445 name "InputDispatcher" vma 7e63649000
           <...>-1445  [004] ....  8671.982307: do_swap_page: swapin tgid 1335 pid 1445 name "InputDispatcher" vma 7ed0da1000
           <...>-1445  [004] ....  8671.982341: do_swap_page: swapin tgid 1335 pid 1445 name "InputDispatcher" vma 7f28b41000
           <...>-1445  [004] ....  8671.982374: do_swap_page: swapin tgid 1335 pid 1445 name "InputDispatcher" vma 7ed153f000
           <...>-1445  [004] ....  8671.982402: do_swap_page: swapin tgid 1335 pid 1445 name "InputDispatcher" vma 7eb5528000
           <...>-1445  [004] ....  8671.982413: do_swap_page: swapin tgid 1335 pid 1445 name "InputDispatcher" vma 7eb5527000
           <...>-1445  [004] ....  8671.982478: do_swap_page: swapin tgid 1335 pid 1445 name "InputDispatcher" vma 7e63544000
           <...>-1445  [004] ....  8671.982532: do_swap_page: swapin tgid 1335 pid 1445 name "InputDispatcher" vma 7e66dce000
           <...>-1445  [004] ....  8671.982539: do_swap_page: swapin tgid 1335 pid 1445 name "InputDispatcher" vma 7e66dcf000
           <...>-1445  [004] ....  8671.982606: do_swap_page: swapin tgid 1335 pid 1445 name "InputDispatcher" vma 7f28a21000
           <...>-1445  [004] ....  8671.982615: do_swap_page: swapin tgid 1335 pid 1445 name "InputDispatcher" vma 7ed0cfe000
           <...>-814   [004] ....  8671.982797: do_swap_page: swapin tgid 814 pid 814 name "power@1.3-servi" vma 7fbd22b000
           <...>-814   [004] ....  8671.982827: do_swap_page: swapin tgid 814 pid 814 name "power@1.3-servi" vma 7ffffff000
           <...>-814   [004] ....  8671.982839: do_swap_page: swapin tgid 814 pid 814 name "power@1.3-servi" vma 7fbe422000
           <...>-1445  [004] ....  8671.982999: do_swap_page: swapin tgid 1335 pid 1445 name "InputDispatcher" vma 7fbd46e000
           <...>-1445  [004] ....  8671.983029: do_swap_page: swapin tgid 1335 pid 1445 name "InputDispatcher" vma 7ed0df9000
           <...>-1445  [004] ....  8671.983043: do_swap_page: swapin tgid 1335 pid 1445 name "InputDispatcher" vma 7fbe175000
           <...>-814   [004] ....  8671.983143: do_swap_page: swapin tgid 814 pid 814 name "power@1.3-servi" vma 7fbe422000
           <...>-814   [004] ....  8671.983161: do_swap_page: swapin tgid 814 pid 814 name "power@1.3-servi" vma 7fbd226000
           <...>-814   [004] ....  8671.983166: do_swap_page: swapin tgid 814 pid 814 name "power@1.3-servi" vma 7fbd21e000
           <...>-814   [004] ....  8671.983222: do_swap_page: swapin tgid 814 pid 814 name "power@1.3-servi" vma 7fbf700000
           <...>-814   [004] ....  8671.983245: do_swap_page: swapin tgid 814 pid 814 name "power@1.3-servi" vma 7fbd206000
           <...>-814   [004] ....  8671.983249: do_swap_page: swapin tgid 814 pid 814 name "power@1.3-servi" vma 7fbd209000
           <...>-814   [004] ....  8671.983251: do_swap_page: swapin tgid 814 pid 814 name "power@1.3-servi" vma 7fbd24e000
           <...>-814   [004] ....  8671.983258: do_swap_page: swapin tgid 814 pid 814 name "power@1.3-servi" vma 7fbd93a000
           <...>-814   [004] ....  8671.983263: do_swap_page: swapin tgid 814 pid 814 name "power@1.3-servi" vma 7fbd20d000
           <...>-814   [004] ....  8671.983267: do_swap_page: swapin tgid 814 pid 814 name "power@1.3-servi" vma 7fbd221000
 ndroid.systemui-1683  [004] ....  8671.983436: do_swap_page: swapin tgid 1683 pid 1683 name "ndroid.systemui" vma 7eba0e8000
           <...>-814   [004] ....  8671.983531: do_swap_page: swapin tgid 814 pid 814 name "power@1.3-servi" vma 7fbd221000
           <...>-814   [004] ....  8671.983563: do_swap_page: swapin tgid 814 pid 814 name "power@1.3-servi" vma 7fbd965000
 ndroid.systemui-1683  [004] ....  8671.983743: do_swap_page: swapin tgid 1683 pid 1683 name "ndroid.systemui" vma 7f28dfc000
 ndroid.systemui-1683  [004] ....  8671.983820: do_swap_page: swapin tgid 1683 pid 1683 name "ndroid.systemui" vma 7f28f17000
           <...>-814   [004] ....  8671.983911: do_swap_page: swapin tgid 814 pid 814 name "power@1.3-servi" vma 7fbd965000
           <...>-814   [004] ....  8671.983929: do_swap_page: swapin tgid 814 pid 814 name "power@1.3-servi" vma 7fbd219000
 ndroid.systemui-1683  [004] ....  8671.984036: do_swap_page: swapin tgid 1683 pid 1683 name "ndroid.systemui" vma 7eb534a000
           <...>-814   [004] ....  8671.984186: do_swap_page: swapin tgid 814 pid 814 name "power@1.3-servi" vma 7fbd219000
           <...>-814   [004] ....  8671.984208: do_swap_page: swapin tgid 814 pid 814 name "power@1.3-servi" vma 7fffffe000
           <...>-814   [004] ....  8671.984219: do_swap_page: swapin tgid 814 pid 814 name "power@1.3-servi" vma 7fbb851000
           <...>-814   [004] ....  8671.984228: do_swap_page: swapin tgid 814 pid 814 name "power@1.3-servi" vma 7fbdc61000
 droid.launcher3-2006  [004] ....  8671.984316: do_swap_page: swapin tgid 2006 pid 2006 name "droid.launcher3" vma 7fffffd000
 droid.launcher3-2006  [004] ....  8671.984345: do_swap_page: swapin tgid 2006 pid 2006 name "droid.launcher3" vma 7fbe22e000
 droid.launcher3-2006  [004] ....  8671.984353: do_swap_page: swapin tgid 2006 pid 2006 name "droid.launcher3" vma 7f28b49000
 droid.launcher3-2006  [004] ....  8671.984376: do_swap_page: swapin tgid 2006 pid 2006 name "droid.launcher3" vma 7fbe491000
 ndroid.systemui-1683  [004] ....  8671.984521: do_swap_page: swapin tgid 1683 pid 1683 name "ndroid.systemui" vma 7f35080000
 ndroid.systemui-1683  [004] ....  8671.984561: do_swap_page: swapin tgid 1683 pid 1683 name "ndroid.systemui" vma 7eb53df000
 ndroid.systemui-1683  [004] ....  8671.984588: do_swap_page: swapin tgid 1683 pid 1683 name "ndroid.systemui" vma 13d3b000
 ndroid.systemui-1683  [004] ....  8671.984607: do_swap_page: swapin tgid 1683 pid 1683 name "ndroid.systemui" vma 13d3d000
 ndroid.systemui-1683  [004] ....  8671.984631: do_swap_page: swapin tgid 1683 pid 1683 name "ndroid.systemui" vma 132cd000
 droid.launcher3-2006  [004] ....  8671.984715: do_swap_page: swapin tgid 2006 pid 2006 name "droid.launcher3" vma 7fbe491000
 droid.launcher3-2006  [004] ....  8671.984737: do_swap_page: swapin tgid 2006 pid 2006 name "droid.launcher3" vma 7eccaab000
 droid.launcher3-2006  [004] ....  8671.984744: do_swap_page: swapin tgid 2006 pid 2006 name "droid.launcher3" vma 7eccaac000
 droid.launcher3-2006  [004] ....  8671.984747: do_swap_page: swapin tgid 2006 pid 2006 name "droid.launcher3" vma 7ecc9ea000
 droid.launcher3-2006  [004] ....  8671.984757: do_swap_page: swapin tgid 2006 pid 2006 name "droid.launcher3" vma 7ecc9ec000
 droid.launcher3-2006  [004] ....  8671.984775: do_swap_page: swapin tgid 2006 pid 2006 name "droid.launcher3" vma 7fbbd39000
 droid.launcher3-2006  [004] ....  8671.984784: do_swap_page: swapin tgid 2006 pid 2006 name "droid.launcher3" vma 7fbe1e9000
 droid.launcher3-2006  [004] ....  8671.984793: do_swap_page: swapin tgid 2006 pid 2006 name "droid.launcher3" vma 7f393d2000
 ndroid.systemui-1683  [004] ....  8671.984927: do_swap_page: swapin tgid 1683 pid 1683 name "ndroid.systemui" vma 13d3a000
 ndroid.systemui-1683  [004] ....  8671.984959: do_swap_page: swapin tgid 1683 pid 1683 name "ndroid.systemui" vma 9efa5000
 ndroid.systemui-1683  [004] ....  8671.984968: do_swap_page: swapin tgid 1683 pid 1683 name "ndroid.systemui" vma 9f1dd000
      android.ui-1356  [004] ....  8671.985132: do_swap_page: swapin tgid 1335 pid 1356 name "android.ui" vma 7e66c05000
      android.ui-1356  [004] ....  8671.985161: do_swap_page: swapin tgid 1335 pid 1356 name "android.ui" vma 7eb4e0f000
      android.ui-1356  [004] ....  8671.985209: do_swap_page: swapin tgid 1335 pid 1356 name "android.ui" vma 7e57dc8000
      android.ui-1356  [004] ....  8671.985217: do_swap_page: swapin tgid 1335 pid 1356 name "android.ui" vma 7e57dc9000
      android.ui-1356  [004] ....  8671.985234: do_swap_page: swapin tgid 1335 pid 1356 name "android.ui" vma 7f2d6c0000
      android.ui-1356  [004] ....  8671.985329: do_swap_page: swapin tgid 1335 pid 1356 name "android.ui" vma 9f2a3000
           <...>-814   [004] ....  8671.985469: do_swap_page: swapin tgid 814 pid 814 name "power@1.3-servi" vma 7fbdc61000
           <...>-814   [004] ....  8671.985497: do_swap_page: swapin tgid 814 pid 814 name "power@1.3-servi" vma 7fbb800000
 droid.launcher3-2006  [004] ....  8671.985646: do_swap_page: swapin tgid 2006 pid 2006 name "droid.launcher3" vma 7f393d2000
 droid.launcher3-2006  [004] ....  8671.985669: do_swap_page: swapin tgid 2006 pid 2006 name "droid.launcher3" vma 7fbe165000
           <...>-814   [004] ....  8671.985821: do_swap_page: swapin tgid 814 pid 814 name "power@1.3-servi" vma 7fbb800000
           <...>-814   [004] ....  8671.985841: do_swap_page: swapin tgid 814 pid 814 name "power@1.3-servi" vma 7fbb820000
      android.ui-1356  [004] ....  8671.985952: do_swap_page: swapin tgid 1335 pid 1356 name "android.ui" vma 9f2a3000
      android.ui-1356  [004] ....  8671.985973: do_swap_page: swapin tgid 1335 pid 1356 name "android.ui" vma 9f2cf000
           <...>-814   [004] ....  8671.986087: do_swap_page: swapin tgid 814 pid 814 name "power@1.3-servi" vma 7fbb820000
           <...>-814   [004] ....  8671.986157: do_swap_page: swapin tgid 814 pid 814 name "power@1.3-servi" vma 7fbb83f000
           <...>-814   [004] ....  8671.986172: do_swap_page: swapin tgid 814 pid 814 name "power@1.3-servi" vma 7fbb85c000
 droid.launcher3-2006  [004] ....  8671.986293: do_swap_page: swapin tgid 2006 pid 2006 name "droid.launcher3" vma 7fbe165000
 droid.launcher3-2006  [004] ....  8671.986313: do_swap_page: swapin tgid 2006 pid 2006 name "droid.launcher3" vma 7fbe1a2000
           <...>-814   [004] ....  8671.986405: do_swap_page: swapin tgid 814 pid 814 name "power@1.3-servi" vma 7fbb85c000
           <...>-814   [004] ....  8671.986446: do_swap_page: swapin tgid 814 pid 814 name "power@1.3-servi" vma 7fbb844000
           <...>-814   [004] ....  8671.986453: do_swap_page: swapin tgid 814 pid 814 name "power@1.3-servi" vma 7fbb859000
           <...>-814   [004] ....  8671.986461: do_swap_page: swapin tgid 814 pid 814 name "power@1.3-servi" vma 7fbdc5d000
 droid.launcher3-2006  [004] ....  8671.986539: do_swap_page: swapin tgid 2006 pid 2006 name "droid.launcher3" vma 7eccba1000
           <...>-814   [004] ....  8671.986716: do_swap_page: swapin tgid 814 pid 814 name "power@1.3-servi" vma 7fbdc5d000
           <...>-814   [004] ....  8671.986731: do_swap_page: swapin tgid 814 pid 814 name "power@1.3-servi" vma 7fbdc5e000
 droid.launcher3-2006  [004] ....  8671.986844: do_swap_page: swapin tgid 2006 pid 2006 name "droid.launcher3" vma 7ec73af000
 droid.launcher3-2006  [004] ....  8671.986864: do_swap_page: swapin tgid 2006 pid 2006 name "droid.launcher3" vma 7ec73b0000
 droid.launcher3-2006  [004] ....  8671.986873: do_swap_page: swapin tgid 2006 pid 2006 name "droid.launcher3" vma 7fffffc000
 droid.launcher3-2006  [004] ....  8671.986877: do_swap_page: swapin tgid 2006 pid 2006 name "droid.launcher3" vma 7eccb62000
 droid.launcher3-2006  [004] ....  8671.986891: do_swap_page: swapin tgid 2006 pid 2006 name "droid.launcher3" vma 7fbc5e1000
 droid.launcher3-2006  [004] ....  8671.986898: do_swap_page: swapin tgid 2006 pid 2006 name "droid.launcher3" vma 7fbc5dd000
 droid.launcher3-2006  [004] ....  8671.986901: do_swap_page: swapin tgid 2006 pid 2006 name "droid.launcher3" vma 7fbc5de000
           <...>-814   [004] ....  8671.986989: do_swap_page: swapin tgid 814 pid 814 name "power@1.3-servi" vma 7fbdc5e000
           <...>-814   [004] ....  8671.987006: do_swap_page: swapin tgid 814 pid 814 name "power@1.3-servi" vma 7fbd201000
           <...>-814   [004] ....  8671.987010: do_swap_page: swapin tgid 814 pid 814 name "power@1.3-servi" vma 7fbd200000
           <...>-814   [004] ....  8671.987019: do_swap_page: swapin tgid 814 pid 814 name "power@1.3-servi" vma 7fbd298000
           <...>-814   [004] ....  8671.987031: do_swap_page: swapin tgid 814 pid 814 name "power@1.3-servi" vma 7fbb84b000
           <...>-814   [004] ....  8671.987039: do_swap_page: swapin tgid 814 pid 814 name "power@1.3-servi" vma 7fbb84c000
           <...>-814   [004] ....  8671.987051: do_swap_page: swapin tgid 814 pid 814 name "power@1.3-servi" vma 7fbd404000
           <...>-814   [004] ....  8671.987056: do_swap_page: swapin tgid 814 pid 814 name "power@1.3-servi" vma 7fbd400000
           <...>-814   [004] ....  8671.987248: do_swap_page: swapin tgid 814 pid 814 name "power@1.3-servi" vma 7fbd400000
           <...>-814   [004] ....  8671.987264: do_swap_page: swapin tgid 814 pid 814 name "power@1.3-servi" vma 7fbd407000
           <...>-814   [004] ....  8671.987273: do_swap_page: swapin tgid 814 pid 814 name "power@1.3-servi" vma 7fbd406000
 droid.launcher3-2006  [004] ....  8671.987437: do_swap_page: swapin tgid 2006 pid 2006 name "droid.launcher3" vma 7fbc5de000
 droid.launcher3-2006  [004] ....  8671.987454: do_swap_page: swapin tgid 2006 pid 2006 name "droid.launcher3" vma 7fbe15d000
 droid.launcher3-2006  [004] ....  8671.987459: do_swap_page: swapin tgid 2006 pid 2006 name "droid.launcher3" vma 7fbe15c000
 droid.launcher3-2006  [004] ....  8671.987473: do_swap_page: swapin tgid 2006 pid 2006 name "droid.launcher3" vma 7eccab8000
 droid.launcher3-2006  [004] ....  8671.987477: do_swap_page: swapin tgid 2006 pid 2006 name "droid.launcher3" vma 7ec71c2000
           <...>-814   [004] ....  8671.987557: do_swap_page: swapin tgid 814 pid 814 name "power@1.3-servi" vma 7fbd406000
           <...>-814   [004] ....  8671.987570: do_swap_page: swapin tgid 814 pid 814 name "power@1.3-servi" vma 7fbd408000
           <...>-814   [004] ....  8671.987578: do_swap_page: swapin tgid 814 pid 814 name "power@1.3-servi" vma 7fbd205000
           <...>-814   [004] ....  8671.987583: do_swap_page: swapin tgid 814 pid 814 name "power@1.3-servi" vma 7fbd211000
           <...>-814   [004] ....  8671.987596: do_swap_page: swapin tgid 814 pid 814 name "power@1.3-servi" vma 7fbb84d000
           <...>-814   [004] ....  8671.987651: do_swap_page: swapin tgid 814 pid 814 name "power@1.3-servi" vma 7fbcfe9000
           <...>-2367  [004] ....  8671.987728: do_swap_page: swapin tgid 814 pid 2367 name "NodeLooperThrea" vma 7fbb7fc000
           <...>-2367  [004] ....  8671.987741: do_swap_page: swapin tgid 814 pid 2367 name "NodeLooperThrea" vma 7fbb7fb000
           <...>-2367  [004] ....  8671.987752: do_swap_page: swapin tgid 814 pid 2367 name "NodeLooperThrea" vma 7fbb83e000
           <...>-2367  [004] ....  8671.987762: do_swap_page: swapin tgid 814 pid 2367 name "NodeLooperThrea" vma 7fbb83d000
           <...>-2368  [004] ....  8671.987865: do_swap_page: swapin tgid 814 pid 2368 name "power@1.3-servi" vma 7fba6ff000
           <...>-814   [004] ....  8671.987934: do_swap_page: swapin tgid 814 pid 814 name "power@1.3-servi" vma 7fbcfe9000
           <...>-2367  [004] ....  8671.988039: do_swap_page: swapin tgid 814 pid 2367 name "NodeLooperThrea" vma 7fbb83d000
           <...>-2367  [004] ....  8671.988088: do_swap_page: swapin tgid 814 pid 2367 name "NodeLooperThrea" vma 7fbb81b000
           <...>-2368  [004] ....  8671.988133: do_swap_page: swapin tgid 814 pid 2368 name "power@1.3-servi" vma 7fba6ff000
           <...>-2368  [004] ....  8671.988145: do_swap_page: swapin tgid 814 pid 2368 name "power@1.3-servi" vma 7fba6fe000
 droid.launcher3-2006  [004] ....  8671.988204: do_swap_page: swapin tgid 2006 pid 2006 name "droid.launcher3" vma 7fbb1ca000
           <...>-2367  [004] ....  8671.988360: do_swap_page: swapin tgid 814 pid 2367 name "NodeLooperThrea" vma 7fbb81b000
           <...>-2367  [004] ....  8671.988659: do_swap_page: swapin tgid 814 pid 2367 name "NodeLooperThrea" vma 7fbb84e000
           <...>-2367  [004] ....  8671.988754: do_swap_page: swapin tgid 814 pid 2367 name "NodeLooperThrea" vma 7fbb81d000
           <...>-1445  [004] ....  8671.988948: do_swap_page: swapin tgid 1335 pid 1445 name "InputDispatcher" vma 7fbe175000
           <...>-2367  [004] ....  8671.989038: do_swap_page: swapin tgid 814 pid 2367 name "NodeLooperThrea" vma 7fbb81d000
           <...>-2367  [004] ....  8671.989369: do_swap_page: swapin tgid 814 pid 2367 name "NodeLooperThrea" vma 7fbb85b000
           <...>-1445  [004] ....  8671.989637: do_swap_page: swapin tgid 1335 pid 1445 name "InputDispatcher" vma 7ed0c64000
           <...>-2367  [004] ....  8671.990026: do_swap_page: swapin tgid 814 pid 2367 name "NodeLooperThrea" vma 7fbb85b000
           <...>-2367  [004] ....  8671.990811: do_swap_page: swapin tgid 814 pid 2367 name "NodeLooperThrea" vma 7fbd26b000
           <...>-2367  [004] ....  8671.990826: do_swap_page: swapin tgid 814 pid 2367 name "NodeLooperThrea" vma 7fbd26c000
           <...>-2367  [004] ....  8671.990835: do_swap_page: swapin tgid 814 pid 2367 name "NodeLooperThrea" vma 7fbd240000
           <...>-2367  [004] ....  8671.990851: do_swap_page: swapin tgid 814 pid 2367 name "NodeLooperThrea" vma 7fbe025000
           <...>-2367  [004] ....  8671.990871: do_swap_page: swapin tgid 814 pid 2367 name "NodeLooperThrea" vma 7fbd20a000
           <...>-2367  [004] ....  8671.990878: do_swap_page: swapin tgid 814 pid 2367 name "NodeLooperThrea" vma 7fbd20e000
           <...>-2367  [004] ....  8671.990882: do_swap_page: swapin tgid 814 pid 2367 name "NodeLooperThrea" vma 7fbe024000
           <...>-2367  [004] ....  8671.991126: do_swap_page: swapin tgid 814 pid 2367 name "NodeLooperThrea" vma 7fbe024000
           <...>-2367  [004] ....  8671.991160: do_swap_page: swapin tgid 814 pid 2367 name "NodeLooperThrea" vma 7fbb7fa000
           <...>-2367  [004] ....  8671.991201: do_swap_page: swapin tgid 814 pid 2367 name "NodeLooperThrea" vma 7fbd212000
           <...>-2367  [004] ....  8671.991205: do_swap_page: swapin tgid 814 pid 2367 name "NodeLooperThrea" vma 7fbd9fe000
           <...>-2367  [004] ....  8671.991469: do_swap_page: swapin tgid 814 pid 2367 name "NodeLooperThrea" vma 7fbd9fe000
           <...>-2367  [004] ....  8671.991518: do_swap_page: swapin tgid 814 pid 2367 name "NodeLooperThrea" vma 7fbf5e3000
           <...>-2367  [004] ....  8671.991766: do_swap_page: swapin tgid 814 pid 2367 name "NodeLooperThrea" vma 7fbf5e3000
           <...>-2367  [004] ....  8671.991802: do_swap_page: swapin tgid 814 pid 2367 name "NodeLooperThrea" vma 7fbd7f3000
    Binder:599_5-2355  [004] ....  8671.992327: do_swap_page: swapin tgid 599 pid 2355 name "Binder:599_5" vma 7fbe175000
   system_server-1335  [004] ....  8671.992541: do_swap_page: swapin tgid 1335 pid 1335 name "system_server" vma 9f2f3000
 android.display-1358  [004] ....  8671.993070: do_swap_page: swapin tgid 1335 pid 1358 name "android.display" vma 7ecd8d0000
 android.display-1358  [004] ....  8671.993088: do_swap_page: swapin tgid 1335 pid 1358 name "android.display" vma 7ecd8ce000
 android.display-1358  [004] ....  8671.993104: do_swap_page: swapin tgid 1335 pid 1358 name "android.display" vma 7ecd8cd000
   system_server-1335  [004] ....  8671.993594: do_swap_page: swapin tgid 1335 pid 1335 name "system_server" vma 9f2f3000
 droid.launcher3-2006  [004] ....  8671.993706: do_swap_page: swapin tgid 2006 pid 2006 name "droid.launcher3" vma 7fbb1ca000
 droid.launcher3-2006  [004] ....  8671.993722: do_swap_page: swapin tgid 2006 pid 2006 name "droid.launcher3" vma 7fbe25a000
 droid.launcher3-2006  [004] ....  8671.993735: do_swap_page: swapin tgid 2006 pid 2006 name "droid.launcher3" vma 7f393d0000
 droid.launcher3-2006  [004] ....  8671.993744: do_swap_page: swapin tgid 2006 pid 2006 name "droid.launcher3" vma 7fbe23c000
 droid.launcher3-2006  [004] ....  8671.993746: do_swap_page: swapin tgid 2006 pid 2006 name "droid.launcher3" vma 7fbe1a3000
 droid.launcher3-2006  [004] ....  8671.993752: do_swap_page: swapin tgid 2006 pid 2006 name "droid.launcher3" vma 7f318f3000
 droid.launcher3-2006  [004] ....  8671.993762: do_swap_page: swapin tgid 2006 pid 2006 name "droid.launcher3" vma 13ce9000
 droid.launcher3-2006  [004] ....  8671.993784: do_swap_page: swapin tgid 2006 pid 2006 name "droid.launcher3" vma 7fbe285000
 droid.launcher3-2006  [004] ....  8671.993794: do_swap_page: swapin tgid 2006 pid 2006 name "droid.launcher3" vma 7f393d1000
 droid.launcher3-2006  [004] ....  8671.993797: do_swap_page: swapin tgid 2006 pid 2006 name "droid.launcher3" vma 7fbe1f8000
 droid.launcher3-2006  [004] ....  8671.993802: do_swap_page: swapin tgid 2006 pid 2006 name "droid.launcher3" vma 7fffffa000
 droid.launcher3-2006  [004] ....  8671.993809: do_swap_page: swapin tgid 2006 pid 2006 name "droid.launcher3" vma 7fbe24e000
 droid.launcher3-2006  [004] ....  8671.993820: do_swap_page: swapin tgid 2006 pid 2006 name "droid.launcher3" vma 7fbde99000
 droid.launcher3-2006  [004] ....  8671.993831: do_swap_page: swapin tgid 2006 pid 2006 name "droid.launcher3" vma 7fbe286000
 droid.launcher3-2006  [004] ....  8671.993842: do_swap_page: swapin tgid 2006 pid 2006 name "droid.launcher3" vma 12ed8000
 droid.launcher3-2006  [004] ....  8671.993848: do_swap_page: swapin tgid 2006 pid 2006 name "droid.launcher3" vma 7f35080000
 droid.launcher3-2006  [004] ....  8671.993865: do_swap_page: swapin tgid 2006 pid 2006 name "droid.launcher3" vma 7ec726c000
 droid.launcher3-2006  [004] ....  8671.993877: do_swap_page: swapin tgid 2006 pid 2006 name "droid.launcher3" vma 13d91000
 droid.launcher3-2006  [004] ....  8671.993888: do_swap_page: swapin tgid 2006 pid 2006 name "droid.launcher3" vma 13da5000
 droid.launcher3-2006  [004] ....  8671.993900: do_swap_page: swapin tgid 2006 pid 2006 name "droid.launcher3" vma 7f34f0a000
 droid.launcher3-2006  [004] ....  8671.993908: do_swap_page: swapin tgid 2006 pid 2006 name "droid.launcher3" vma 12ed3000
 droid.launcher3-2006  [004] ....  8671.993911: do_swap_page: swapin tgid 2006 pid 2006 name "droid.launcher3" vma 7f34f06000
 droid.launcher3-2006  [004] ....  8671.993916: do_swap_page: swapin tgid 2006 pid 2006 name "droid.launcher3" vma 13cc3000
 droid.launcher3-2006  [004] ....  8671.993943: do_swap_page: swapin tgid 2006 pid 2006 name "droid.launcher3" vma 13d92000
 droid.launcher3-2006  [004] ....  8671.993952: do_swap_page: swapin tgid 2006 pid 2006 name "droid.launcher3" vma 9efc6000
 android.display-1358  [004] ....  8671.994173: do_swap_page: swapin tgid 1335 pid 1358 name "android.display" vma 7f2d669000
 android.display-1358  [004] ....  8671.994306: do_swap_page: swapin tgid 1335 pid 1358 name "android.display" vma 7f28b1d000
 android.display-1358  [004] ....  8671.994315: do_swap_page: swapin tgid 1335 pid 1358 name "android.display" vma 7f28b1e000
 android.display-1358  [004] ....  8671.994322: do_swap_page: swapin tgid 1335 pid 1358 name "android.display" vma 7e57ce8000
 droid.launcher3-2006  [004] ....  8671.994372: do_swap_page: swapin tgid 2006 pid 2006 name "droid.launcher3" vma 9efc6000
 droid.launcher3-2006  [004] ....  8671.994393: do_swap_page: swapin tgid 2006 pid 2006 name "droid.launcher3" vma 13d8b000
 droid.launcher3-2006  [004] ....  8671.994410: do_swap_page: swapin tgid 2006 pid 2006 name "droid.launcher3" vma 7fbe170000
 droid.launcher3-2006  [004] ....  8671.994413: do_swap_page: swapin tgid 2006 pid 2006 name "droid.launcher3" vma 7fbe249000
 droid.launcher3-2006  [004] ....  8671.994419: do_swap_page: swapin tgid 2006 pid 2006 name "droid.launcher3" vma 7f289fb000
    Binder:599_5-2355  [004] ....  8671.994525: do_swap_page: swapin tgid 599 pid 2355 name "Binder:599_5" vma 7fbe175000
           <...>-669   [004] ....  8671.994773: do_swap_page: swapin tgid 599 pid 669 name "surfaceflinger" vma 7fb3f2f000
           <...>-669   [004] ....  8671.994785: do_swap_page: swapin tgid 599 pid 669 name "surfaceflinger" vma 7fb3f2e000
           <...>-669   [004] ....  8671.996164: do_swap_page: swapin tgid 599 pid 669 name "surfaceflinger" vma 7faa5ff000
           <...>-669   [004] ....  8671.996274: do_swap_page: swapin tgid 599 pid 669 name "surfaceflinger" vma 7faa6f7000
 droid.launcher3-2006  [004] ....  8671.997457: do_swap_page: swapin tgid 2006 pid 2006 name "droid.launcher3" vma 7f289fb000
 droid.launcher3-2006  [004] ....  8671.997508: do_swap_page: swapin tgid 2006 pid 2006 name "droid.launcher3" vma 13d8c000
 droid.launcher3-2006  [004] ....  8671.997511: do_swap_page: swapin tgid 2006 pid 2006 name "droid.launcher3" vma 9efc5000
           <...>-669   [004] ....  8671.997682: do_swap_page: swapin tgid 599 pid 669 name "surfaceflinger" vma 7fba701000
 droid.launcher3-2006  [004] ....  8671.997828: do_swap_page: swapin tgid 2006 pid 2006 name "droid.launcher3" vma 9efc5000
 droid.launcher3-2006  [004] ....  8671.997850: do_swap_page: swapin tgid 2006 pid 2006 name "droid.launcher3" vma 9f0c2000
      android.ui-1356  [004] ....  8671.997969: do_swap_page: swapin tgid 1335 pid 1356 name "android.ui" vma 9f2cf000
      android.ui-1356  [004] ....  8671.998006: do_swap_page: swapin tgid 1335 pid 1356 name "android.ui" vma 7e6363e000
      android.ui-1356  [004] ....  8671.998031: do_swap_page: swapin tgid 1335 pid 1356 name "android.ui" vma 7eb42bb000
      android.ui-1356  [004] ....  8671.998251: do_swap_page: swapin tgid 1335 pid 1356 name "android.ui" vma 9f2d4000
 droid.launcher3-2006  [004] ....  8671.998390: do_swap_page: swapin tgid 2006 pid 2006 name "droid.launcher3" vma 9f0c2000
 droid.launcher3-2006  [004] ....  8671.998411: do_swap_page: swapin tgid 2006 pid 2006 name "droid.launcher3" vma 9f0d3000
 droid.launcher3-2006  [004] ....  8671.998753: do_swap_page: swapin tgid 2006 pid 2006 name "droid.launcher3" vma 9f0d3000
 droid.launcher3-2006  [004] ....  8671.998767: do_swap_page: swapin tgid 2006 pid 2006 name "droid.launcher3" vma 9f0cd000
      android.ui-1356  [004] ....  8671.998828: do_swap_page: swapin tgid 1335 pid 1356 name "android.ui" vma 9f2d4000
 droid.launcher3-2006  [004] ....  8671.998970: do_swap_page: swapin tgid 2006 pid 2006 name "droid.launcher3" vma 9f0cd000
 droid.launcher3-2006  [004] ....  8671.999080: do_swap_page: swapin tgid 2006 pid 2006 name "droid.launcher3" vma 12ec1000
 droid.launcher3-2006  [004] ....  8671.999095: do_swap_page: swapin tgid 2006 pid 2006 name "droid.launcher3" vma 13d96000
 droid.launcher3-2006  [004] ....  8671.999103: do_swap_page: swapin tgid 2006 pid 2006 name "droid.launcher3" vma 7eccad7000
 droid.launcher3-2006  [004] ....  8671.999108: do_swap_page: swapin tgid 2006 pid 2006 name "droid.launcher3" vma 7f28b5d000
 droid.launcher3-2006  [004] ....  8671.999123: do_swap_page: swapin tgid 2006 pid 2006 name "droid.launcher3" vma 13d95000
 droid.launcher3-2006  [004] ....  8671.999126: do_swap_page: swapin tgid 2006 pid 2006 name "droid.launcher3" vma 7eccad8000
 droid.launcher3-2006  [004] ....  8671.999130: do_swap_page: swapin tgid 2006 pid 2006 name "droid.launcher3" vma 12ed4000
 droid.launcher3-2006  [004] ....  8671.999139: do_swap_page: swapin tgid 2006 pid 2006 name "droid.launcher3" vma 9ef8e000
 droid.launcher3-2006  [004] ....  8671.999434: do_swap_page: swapin tgid 2006 pid 2006 name "droid.launcher3" vma 9ef8e000
 droid.launcher3-2006  [004] ....  8671.999459: do_swap_page: swapin tgid 2006 pid 2006 name "droid.launcher3" vma 7fbe264000
 droid.launcher3-2006  [004] ....  8671.999465: do_swap_page: swapin tgid 2006 pid 2006 name "droid.launcher3" vma 9ef8f000
           <...>-1445  [004] ....  8671.999648: do_swap_page: swapin tgid 1335 pid 1445 name "InputDispatcher" vma 7e857b0000
 droid.launcher3-2006  [004] ....  8671.999813: do_swap_page: swapin tgid 2006 pid 2006 name "droid.launcher3" vma 9ef8f000
 droid.launcher3-2006  [004] ....  8671.999853: do_swap_page: swapin tgid 2006 pid 2006 name "droid.launcher3" vma 9efa7000
           <...>-1445  [004] ....  8671.999981: do_swap_page: swapin tgid 1335 pid 1445 name "InputDispatcher" vma 7e857b0000
 droid.launcher3-2006  [004] ....  8672.000150: do_swap_page: swapin tgid 2006 pid 2006 name "droid.launcher3" vma 9efa7000
 droid.launcher3-2006  [004] ....  8672.000164: do_swap_page: swapin tgid 2006 pid 2006 name "droid.launcher3" vma 9ef90000
 droid.launcher3-2006  [004] ....  8672.000396: do_swap_page: swapin tgid 2006 pid 2006 name "droid.launcher3" vma 9ef90000
 droid.launcher3-2006  [004] ....  8672.000399: do_swap_page: swapin tgid 2006 pid 2006 name "droid.launcher3" vma 12ed2000
 droid.launcher3-2006  [004] ....  8672.000402: do_swap_page: swapin tgid 2006 pid 2006 name "droid.launcher3" vma 7eccad6000
 droid.launcher3-2006  [004] ....  8672.000408: do_swap_page: swapin tgid 2006 pid 2006 name "droid.launcher3" vma 9efa8000
 droid.launcher3-2006  [004] ....  8672.000540: do_swap_page: swapin tgid 2006 pid 2006 name "droid.launcher3" vma 9efa8000
 droid.launcher3-2006  [004] ....  8672.000547: do_swap_page: swapin tgid 2006 pid 2006 name "droid.launcher3" vma 9f096000
 droid.launcher3-2006  [004] ....  8672.000554: do_swap_page: swapin tgid 2006 pid 2006 name "droid.launcher3" vma 7f2dcc2000
  HwBinder:601_2-634   [004] ....  8672.000823: do_swap_page: swapin tgid 601 pid 634 name "HwBinder:601_2" vma 7fbd049000
  HwBinder:601_2-634   [004] ....  8672.000838: do_swap_page: swapin tgid 601 pid 634 name "HwBinder:601_2" vma 7fbd022000
  HwBinder:601_2-634   [004] ....  8672.000843: do_swap_page: swapin tgid 601 pid 634 name "HwBinder:601_2" vma 7fbd078000
  HwBinder:601_2-634   [004] ....  8672.000853: do_swap_page: swapin tgid 601 pid 634 name "HwBinder:601_2" vma 7fbd033000
  HwBinder:601_2-634   [004] ....  8672.000865: do_swap_page: swapin tgid 601 pid 634 name "HwBinder:601_2" vma 7fbd032000
 droid.launcher3-2006  [004] ....  8672.000913: do_swap_page: swapin tgid 2006 pid 2006 name "droid.launcher3" vma 7f2dcc2000
 droid.launcher3-2006  [004] ....  8672.000919: do_swap_page: swapin tgid 2006 pid 2006 name "droid.launcher3" vma 9f0a0000
 droid.launcher3-2006  [004] ....  8672.000923: do_swap_page: swapin tgid 2006 pid 2006 name "droid.launcher3" vma 9efa9000
 ndroid.systemui-1683  [004] ....  8672.001012: do_swap_page: swapin tgid 1683 pid 1683 name "ndroid.systemui" vma 9f1dd000
 ndroid.systemui-1683  [004] ....  8672.001022: do_swap_page: swapin tgid 1683 pid 1683 name "ndroid.systemui" vma 13e0f000
  HwBinder:601_2-634   [004] ....  8672.001048: do_swap_page: swapin tgid 601 pid 634 name "HwBinder:601_2" vma 7fbd032000
  HwBinder:601_2-634   [004] ....  8672.001055: do_swap_page: swapin tgid 601 pid 634 name "HwBinder:601_2" vma 7fbd096000
 droid.launcher3-2006  [004] ....  8672.001102: do_swap_page: swapin tgid 2006 pid 2006 name "droid.launcher3" vma 9efa9000
 droid.launcher3-2006  [004] ....  8672.001108: do_swap_page: swapin tgid 2006 pid 2006 name "droid.launcher3" vma 7f2dcc3000
 ndroid.systemui-1683  [004] ....  8672.001136: do_swap_page: swapin tgid 1683 pid 1683 name "ndroid.systemui" vma 9f1be000
  HwBinder:601_2-634   [004] ....  8672.001246: do_swap_page: swapin tgid 601 pid 634 name "HwBinder:601_2" vma 7fbd096000
  HwBinder:601_2-634   [004] ....  8672.001261: do_swap_page: swapin tgid 601 pid 634 name "HwBinder:601_2" vma 7fbd093000
  HwBinder:601_2-634   [004] ....  8672.001264: do_swap_page: swapin tgid 601 pid 634 name "HwBinder:601_2" vma 7fbd00e000
  HwBinder:601_2-634   [004] ....  8672.001269: do_swap_page: swapin tgid 601 pid 634 name "HwBinder:601_2" vma 7fb6079000
 droid.launcher3-2006  [004] ....  8672.001298: do_swap_page: swapin tgid 2006 pid 2006 name "droid.launcher3" vma 7f2dcc3000
 droid.launcher3-2006  [004] ....  8672.001303: do_swap_page: swapin tgid 2006 pid 2006 name "droid.launcher3" vma 9efe6000
 ndroid.systemui-1683  [004] ....  8672.001350: do_swap_page: swapin tgid 1683 pid 1683 name "ndroid.systemui" vma 9f1be000
 ndroid.systemui-1683  [004] ....  8672.001413: do_swap_page: swapin tgid 1683 pid 1683 name "ndroid.systemui" vma 9f1f1000
 droid.launcher3-2006  [004] ....  8672.001494: do_swap_page: swapin tgid 2006 pid 2006 name "droid.launcher3" vma 9efe6000
 droid.launcher3-2006  [004] ....  8672.001499: do_swap_page: swapin tgid 2006 pid 2006 name "droid.launcher3" vma 9efc1000
  HwBinder:601_2-634   [004] ....  8672.001548: do_swap_page: swapin tgid 601 pid 634 name "HwBinder:601_2" vma 7fb6079000
  HwBinder:601_2-634   [004] ....  8672.001554: do_swap_page: swapin tgid 601 pid 634 name "HwBinder:601_2" vma 7fbd072000
  HwBinder:601_2-634   [004] ....  8672.001557: do_swap_page: swapin tgid 601 pid 634 name "HwBinder:601_2" vma 7fbd073000
  HwBinder:601_2-634   [004] ....  8672.001592: do_swap_page: swapin tgid 601 pid 634 name "HwBinder:601_2" vma 7fbd49c000
  HwBinder:601_2-634   [004] ....  8672.001849: do_swap_page: swapin tgid 601 pid 634 name "HwBinder:601_2" vma 7fb7168000
  HwBinder:601_2-634   [004] ....  8672.001855: do_swap_page: swapin tgid 601 pid 634 name "HwBinder:601_2" vma 7fb7169000
