 droid.bluetooth-5839  [004] ....  6147.816682: do_swap_page: swapin tgid 5839 pid 5839 name "droid.bluetooth" vma 145d1000
    RenderThread-2523  [004] ....  6147.816717: do_swap_page: swapin tgid 2006 pid 2523 name "RenderThread" vma 7f2d144000
    RenderThread-2523  [004] ....  6147.816725: do_swap_page: swapin tgid 2006 pid 2523 name "RenderThread" vma 7ec9a39000
    RenderThread-2523  [004] ....  6147.816728: do_swap_page: swapin tgid 2006 pid 2523 name "RenderThread" vma 7ec72ff000
    RenderThread-2523  [004] ....  6147.816735: do_swap_page: swapin tgid 2006 pid 2523 name "RenderThread" vma 7eccbdb000
    RenderThread-2523  [004] ....  6147.816739: do_swap_page: swapin tgid 2006 pid 2523 name "RenderThread" vma 7ec71a2000
    RenderThread-2523  [004] ....  6147.816741: do_swap_page: swapin tgid 2006 pid 2523 name "RenderThread" vma 7eccb60000
    RenderThread-2523  [004] ....  6147.816746: do_swap_page: swapin tgid 2006 pid 2523 name "RenderThread" vma 7ec71c1000
    RenderThread-2523  [004] ....  6147.816751: do_swap_page: swapin tgid 2006 pid 2523 name "RenderThread" vma 7ecc95c000
    RenderThread-2523  [004] ....  6147.816753: do_swap_page: swapin tgid 2006 pid 2523 name "RenderThread" vma 7f28b15000
    RenderThread-2523  [004] ....  6147.816757: do_swap_page: swapin tgid 2006 pid 2523 name "RenderThread" vma 7f28b58000
    RenderThread-2523  [004] ....  6147.816760: do_swap_page: swapin tgid 2006 pid 2523 name "RenderThread" vma 7ecc95b000
    RenderThread-2523  [004] ....  6147.816762: do_swap_page: swapin tgid 2006 pid 2523 name "RenderThread" vma 7ecc8fb000
    RenderThread-2523  [004] ....  6147.816766: do_swap_page: swapin tgid 2006 pid 2523 name "RenderThread" vma 7ecb7cf000
    RenderThread-2523  [004] ....  6147.816770: do_swap_page: swapin tgid 2006 pid 2523 name "RenderThread" vma 7ec71c9000
    RenderThread-2523  [004] ....  6147.816772: do_swap_page: swapin tgid 2006 pid 2523 name "RenderThread" vma 7eccb9c000
    RenderThread-2523  [004] ....  6147.816775: do_swap_page: swapin tgid 2006 pid 2523 name "RenderThread" vma 7ec71c8000
    RenderThread-2523  [004] ....  6147.816777: do_swap_page: swapin tgid 2006 pid 2523 name "RenderThread" vma 7ec71a8000
    RenderThread-2523  [004] ....  6147.816780: do_swap_page: swapin tgid 2006 pid 2523 name "RenderThread" vma 7ecca3b000
    RenderThread-2523  [004] ....  6147.816782: do_swap_page: swapin tgid 2006 pid 2523 name "RenderThread" vma 7fbe1c0000
    RenderThread-2523  [004] ....  6147.816785: do_swap_page: swapin tgid 2006 pid 2523 name "RenderThread" vma 7ecca30000
    RenderThread-2523  [004] ....  6147.816789: do_swap_page: swapin tgid 2006 pid 2523 name "RenderThread" vma 7fbe1c4000
    RenderThread-2523  [004] ....  6147.816793: do_swap_page: swapin tgid 2006 pid 2523 name "RenderThread" vma 7fbe181000
    RenderThread-2523  [004] ....  6147.816795: do_swap_page: swapin tgid 2006 pid 2523 name "RenderThread" vma 7ec7271000
    RenderThread-2523  [004] ....  6147.816797: do_swap_page: swapin tgid 2006 pid 2523 name "RenderThread" vma 7ec732a000
    RenderThread-2523  [004] ....  6147.816799: do_swap_page: swapin tgid 2006 pid 2523 name "RenderThread" vma 7ecb7ce000
    RenderThread-2523  [004] ....  6147.816809: do_swap_page: swapin tgid 2006 pid 2523 name "RenderThread" vma 7eccacc000
    RenderThread-2523  [004] ....  6147.816813: do_swap_page: swapin tgid 2006 pid 2523 name "RenderThread" vma 7ec72fd000
    RenderThread-2523  [004] ....  6147.816820: do_swap_page: swapin tgid 2006 pid 2523 name "RenderThread" vma 7ec72f7000
    RenderThread-2523  [004] ....  6147.816832: do_swap_page: swapin tgid 2006 pid 2523 name "RenderThread" vma 7f39831000
    RenderThread-2523  [004] ....  6147.816836: do_swap_page: swapin tgid 2006 pid 2523 name "RenderThread" vma 7f39803000
    RenderThread-2523  [004] ....  6147.816837: do_swap_page: swapin tgid 2006 pid 2523 name "RenderThread" vma 7f3983a000
    RenderThread-2523  [004] ....  6147.816841: do_swap_page: swapin tgid 2006 pid 2523 name "RenderThread" vma 7ec7306000
    RenderThread-2523  [004] ....  6147.816846: do_swap_page: swapin tgid 2006 pid 2523 name "RenderThread" vma 7ec71d0000
    RenderThread-2523  [004] ....  6147.816848: do_swap_page: swapin tgid 2006 pid 2523 name "RenderThread" vma 7ecca4d000
    RenderThread-2523  [004] ....  6147.816852: do_swap_page: swapin tgid 2006 pid 2523 name "RenderThread" vma 7ec71ec000
    RenderThread-2523  [004] ....  6147.816857: do_swap_page: swapin tgid 2006 pid 2523 name "RenderThread" vma 7fbe1d4000
    RenderThread-2523  [004] ....  6147.816860: do_swap_page: swapin tgid 2006 pid 2523 name "RenderThread" vma 7ecc8fa000
    RenderThread-2523  [004] ....  6147.816863: do_swap_page: swapin tgid 2006 pid 2523 name "RenderThread" vma 7ecca97000
    RenderThread-2523  [004] ....  6147.816865: do_swap_page: swapin tgid 2006 pid 2523 name "RenderThread" vma 7f28afe000
    RenderThread-2523  [004] ....  6147.816868: do_swap_page: swapin tgid 2006 pid 2523 name "RenderThread" vma 7ec72e5000
    RenderThread-2523  [004] ....  6147.816869: do_swap_page: swapin tgid 2006 pid 2523 name "RenderThread" vma 7ec9b3e000
    RenderThread-2523  [004] ....  6147.816875: do_swap_page: swapin tgid 2006 pid 2523 name "RenderThread" vma 7ec9b5a000
    RenderThread-2523  [004] ....  6147.816878: do_swap_page: swapin tgid 2006 pid 2523 name "RenderThread" vma 7ec7278000
    RenderThread-2523  [004] ....  6147.816879: do_swap_page: swapin tgid 2006 pid 2523 name "RenderThread" vma 7eccb4a000
    RenderThread-2523  [004] ....  6147.816881: do_swap_page: swapin tgid 2006 pid 2523 name "RenderThread" vma 7ec7378000
    RenderThread-2523  [004] ....  6147.816896: do_swap_page: swapin tgid 2006 pid 2523 name "RenderThread" vma 7eccaa2000
    RenderThread-2523  [004] ....  6147.816901: do_swap_page: swapin tgid 2006 pid 2523 name "RenderThread" vma 7eccbcf000
    RenderThread-2523  [004] ....  6147.816904: do_swap_page: swapin tgid 2006 pid 2523 name "RenderThread" vma 7ec71d5000
    RenderThread-2523  [004] ....  6147.816915: do_swap_page: swapin tgid 2006 pid 2523 name "RenderThread" vma 7fbd2d7000
    RenderThread-2523  [004] ....  6147.816934: do_swap_page: swapin tgid 2006 pid 2523 name "RenderThread" vma 7fbc835000
    RenderThread-2523  [004] ....  6147.816937: do_swap_page: swapin tgid 2006 pid 2523 name "RenderThread" vma 7f20c5b000
    RenderThread-2523  [004] ....  6147.816941: do_swap_page: swapin tgid 2006 pid 2523 name "RenderThread" vma 7ffffff000
           <...>-5909  [004] ....  6147.816977: do_swap_page: swapin tgid 2006 pid 5909 name "hwuiTask1" vma 7f29ebf000
    android.anim-1359  [004] ....  6147.817023: do_swap_page: swapin tgid 1335 pid 1359 name "android.anim" vma 9f27d000
    android.anim-1359  [004] ....  6147.817029: do_swap_page: swapin tgid 1335 pid 1359 name "android.anim" vma 9f1e7000
    RenderThread-2523  [004] ....  6147.817071: do_swap_page: swapin tgid 2006 pid 2523 name "RenderThread" vma 7ffffff000
    RenderThread-2523  [004] ....  6147.817078: do_swap_page: swapin tgid 2006 pid 2523 name "RenderThread" vma 7f20a3e000
           <...>-2844  [004] ....  6147.817122: do_swap_page: swapin tgid 2815 pid 2844 name "Binder:2815_1" vma 72f96000
           <...>-2844  [004] ....  6147.817136: do_swap_page: swapin tgid 2815 pid 2844 name "Binder:2815_1" vma 7f2d682000
 droid.bluetooth-5839  [004] ....  6147.817154: do_swap_page: swapin tgid 5839 pid 5839 name "droid.bluetooth" vma 145d1000
 droid.bluetooth-5839  [004] ....  6147.817164: do_swap_page: swapin tgid 5839 pid 5839 name "droid.bluetooth" vma 7fbbd39000
 droid.bluetooth-5839  [004] ....  6147.817188: do_swap_page: swapin tgid 5839 pid 5839 name "droid.bluetooth" vma 7f2d681000
           <...>-5909  [004] ....  6147.817218: do_swap_page: swapin tgid 2006 pid 5909 name "hwuiTask1" vma 7f29ebf000
           <...>-5909  [004] ....  6147.817226: do_swap_page: swapin tgid 2006 pid 5909 name "hwuiTask1" vma 7f29ebe000
           <...>-5909  [004] ....  6147.817233: do_swap_page: swapin tgid 2006 pid 5909 name "hwuiTask1" vma 7f2d611000
           <...>-5909  [004] ....  6147.817235: do_swap_page: swapin tgid 2006 pid 5909 name "hwuiTask1" vma 7eca2ea000
           <...>-5909  [004] ....  6147.817238: do_swap_page: swapin tgid 2006 pid 5909 name "hwuiTask1" vma 7f2d612000
           <...>-5909  [004] ....  6147.817241: do_swap_page: swapin tgid 2006 pid 5909 name "hwuiTask1" vma 7f31829000
           <...>-5909  [004] ....  6147.817279: do_swap_page: swapin tgid 2006 pid 5909 name "hwuiTask1" vma 7f29ebc000
           <...>-5909  [004] ....  6147.817283: do_swap_page: swapin tgid 2006 pid 5909 name "hwuiTask1" vma 13080000
           <...>-5909  [004] ....  6147.817288: do_swap_page: swapin tgid 2006 pid 5909 name "hwuiTask1" vma 7f29ebd000
           <...>-5909  [004] ....  6147.817298: do_swap_page: swapin tgid 2006 pid 5909 name "hwuiTask1" vma 7ecc998000
           <...>-5909  [004] ....  6147.817302: do_swap_page: swapin tgid 2006 pid 5909 name "hwuiTask1" vma 7ecc999000
           <...>-5909  [004] ....  6147.817329: do_swap_page: swapin tgid 2006 pid 5909 name "hwuiTask1" vma 7ec7296000
           <...>-5909  [004] ....  6147.817333: do_swap_page: swapin tgid 2006 pid 5909 name "hwuiTask1" vma 7f2d804000
    RenderThread-2523  [004] ....  6147.817340: do_swap_page: swapin tgid 2006 pid 2523 name "RenderThread" vma 7f20a3e000
    RenderThread-2523  [004] ....  6147.817344: do_swap_page: swapin tgid 2006 pid 2523 name "RenderThread" vma 7ec9c84000
    RenderThread-2523  [004] ....  6147.817351: do_swap_page: swapin tgid 2006 pid 2523 name "RenderThread" vma 7f28a5c000
           <...>-11137 [004] ....  6147.817376: do_swap_page: swapin tgid 11121 pid 11137 name "Binder:11121_2" vma 7fbe241000
           <...>-11137 [004] ....  6147.817383: do_swap_page: swapin tgid 11121 pid 11137 name "Binder:11121_2" vma 7fbe1e9000
 droid.bluetooth-5839  [004] ....  6147.817398: do_swap_page: swapin tgid 5839 pid 5839 name "droid.bluetooth" vma 7f2d681000
 droid.bluetooth-5839  [004] ....  6147.817403: do_swap_page: swapin tgid 5839 pid 5839 name "droid.bluetooth" vma 7f2d63e000
    android.anim-1359  [004] ....  6147.817432: do_swap_page: swapin tgid 1335 pid 1359 name "android.anim" vma 9f1e7000
    android.anim-1359  [004] ....  6147.817442: do_swap_page: swapin tgid 1335 pid 1359 name "android.anim" vma 1414a000
    android.anim-1359  [004] ....  6147.817445: do_swap_page: swapin tgid 1335 pid 1359 name "android.anim" vma 9f216000
    RenderThread-2523  [004] ....  6147.817537: do_swap_page: swapin tgid 2006 pid 2523 name "RenderThread" vma 7f28a5c000
    RenderThread-2523  [004] ....  6147.817542: do_swap_page: swapin tgid 2006 pid 2523 name "RenderThread" vma 7f289b2000
    RenderThread-2523  [004] ....  6147.817545: do_swap_page: swapin tgid 2006 pid 2523 name "RenderThread" vma 7f28b17000
    RenderThread-2523  [004] ....  6147.817548: do_swap_page: swapin tgid 2006 pid 2523 name "RenderThread" vma 7f28a7f000
 droid.launcher3-2006  [004] ....  6147.817586: do_swap_page: swapin tgid 2006 pid 2006 name "droid.launcher3" vma 7fbbad6000
           <...>-11137 [004] ....  6147.817720: do_swap_page: swapin tgid 11121 pid 11137 name "Binder:11121_2" vma 7fbe1e9000
           <...>-11137 [004] ....  6147.817727: do_swap_page: swapin tgid 11121 pid 11137 name "Binder:11121_2" vma 7f393d2000
    RenderThread-2523  [004] ....  6147.817820: do_swap_page: swapin tgid 2006 pid 2523 name "RenderThread" vma 7eccacf000
    RenderThread-2523  [004] ....  6147.817824: do_swap_page: swapin tgid 2006 pid 2523 name "RenderThread" vma 7fbe235000
    RenderThread-2523  [004] ....  6147.817830: do_swap_page: swapin tgid 2006 pid 2523 name "RenderThread" vma 7ec9ad7000
    RenderThread-2523  [004] ....  6147.817832: do_swap_page: swapin tgid 2006 pid 2523 name "RenderThread" vma 7ec9b5e000
    RenderThread-2523  [004] ....  6147.817833: do_swap_page: swapin tgid 2006 pid 2523 name "RenderThread" vma 7ecc8e0000
    RenderThread-2523  [004] ....  6147.817837: do_swap_page: swapin tgid 2006 pid 2523 name "RenderThread" vma 7ec9b5b000
    RenderThread-2523  [004] ....  6147.817838: do_swap_page: swapin tgid 2006 pid 2523 name "RenderThread" vma 7ec9979000
 droid.bluetooth-5839  [004] ....  6147.817880: do_swap_page: swapin tgid 5839 pid 5839 name "droid.bluetooth" vma 7f2d63e000
 droid.bluetooth-5839  [004] ....  6147.817887: do_swap_page: swapin tgid 5839 pid 5839 name "droid.bluetooth" vma 7f28a4e000
 droid.bluetooth-5839  [004] ....  6147.817927: do_swap_page: swapin tgid 5839 pid 5839 name "droid.bluetooth" vma 7f289bb000
    android.anim-1359  [004] ....  6147.817937: do_swap_page: swapin tgid 1335 pid 1359 name "android.anim" vma 9f216000
    android.anim-1359  [004] ....  6147.817951: do_swap_page: swapin tgid 1335 pid 1359 name "android.anim" vma 13d36000
    android.anim-1359  [004] ....  6147.818001: do_swap_page: swapin tgid 1335 pid 1359 name "android.anim" vma 9efaf000
    android.anim-1359  [004] ....  6147.818003: do_swap_page: swapin tgid 1335 pid 1359 name "android.anim" vma 9f243000
    RenderThread-2523  [004] ....  6147.818059: do_swap_page: swapin tgid 2006 pid 2523 name "RenderThread" vma 7ec9979000
    RenderThread-2523  [004] ....  6147.818066: do_swap_page: swapin tgid 2006 pid 2523 name "RenderThread" vma 7f20c13000
    RenderThread-2523  [004] ....  6147.818292: do_swap_page: swapin tgid 2006 pid 2523 name "RenderThread" vma 7f1f718000
    android.anim-1359  [004] ....  6147.818324: do_swap_page: swapin tgid 1335 pid 1359 name "android.anim" vma 9f243000
    android.anim-1359  [004] ....  6147.818332: do_swap_page: swapin tgid 1335 pid 1359 name "android.anim" vma 9f01e000
    android.anim-1359  [004] ....  6147.818370: do_swap_page: swapin tgid 1335 pid 1359 name "android.anim" vma 9f1bc000
    RenderThread-2523  [004] ....  6147.818443: do_swap_page: swapin tgid 2006 pid 2523 name "RenderThread" vma 7f1f718000
    RenderThread-2523  [004] ....  6147.818448: do_swap_page: swapin tgid 2006 pid 2523 name "RenderThread" vma 7ecc8e1000
    RenderThread-2523  [004] ....  6147.818453: do_swap_page: swapin tgid 2006 pid 2523 name "RenderThread" vma 7f2d73f000
    RenderThread-2523  [004] ....  6147.818455: do_swap_page: swapin tgid 2006 pid 2523 name "RenderThread" vma 7eca427000
    RenderThread-2523  [004] ....  6147.818471: do_swap_page: swapin tgid 2006 pid 2523 name "RenderThread" vma 7f28b5e000
    RenderThread-2523  [004] ....  6147.818479: do_swap_page: swapin tgid 2006 pid 2523 name "RenderThread" vma 7ec9ad3000
    RenderThread-2523  [004] ....  6147.818481: do_swap_page: swapin tgid 2006 pid 2523 name "RenderThread" vma 7ec9a9d000
           <...>-11137 [004] ....  6147.818580: do_swap_page: swapin tgid 11121 pid 11137 name "Binder:11121_2" vma 7f393d2000
           <...>-11137 [004] ....  6147.818585: do_swap_page: swapin tgid 11121 pid 11137 name "Binder:11121_2" vma 7fbe165000
 droid.bluetooth-5839  [004] ....  6147.818606: do_swap_page: swapin tgid 5839 pid 5839 name "droid.bluetooth" vma 7fbe1d0000
 droid.bluetooth-5839  [004] ....  6147.818616: do_swap_page: swapin tgid 5839 pid 5839 name "droid.bluetooth" vma 145cd000
 droid.bluetooth-5839  [004] ....  6147.818620: do_swap_page: swapin tgid 5839 pid 5839 name "droid.bluetooth" vma 12c80000
 droid.bluetooth-5839  [004] ....  6147.818632: do_swap_page: swapin tgid 5839 pid 5839 name "droid.bluetooth" vma 72d61000
    android.anim-1359  [004] ....  6147.818655: do_swap_page: swapin tgid 1335 pid 1359 name "android.anim" vma 9f1bc000
    android.anim-1359  [004] ....  6147.818666: do_swap_page: swapin tgid 1335 pid 1359 name "android.anim" vma 9f173000
 ScreenDecoratio-2208  [004] ....  6147.818691: do_swap_page: swapin tgid 1683 pid 2208 name "ScreenDecoratio" vma 9efaf000
    RenderThread-2523  [004] ....  6147.818726: do_swap_page: swapin tgid 2006 pid 2523 name "RenderThread" vma 7ec9a9d000
    RenderThread-2523  [004] ....  6147.818732: do_swap_page: swapin tgid 2006 pid 2523 name "RenderThread" vma 7ec9b5f000
    RenderThread-2523  [004] ....  6147.818738: do_swap_page: swapin tgid 2006 pid 2523 name "RenderThread" vma 7f28a7c000
    RenderThread-2523  [004] ....  6147.818746: do_swap_page: swapin tgid 2006 pid 2523 name "RenderThread" vma 7ecca7d000
    RenderThread-2523  [004] ....  6147.818749: do_swap_page: swapin tgid 2006 pid 2523 name "RenderThread" vma 7f39836000
    RenderThread-2523  [004] ....  6147.818752: do_swap_page: swapin tgid 2006 pid 2523 name "RenderThread" vma 7ec9b42000
    RenderThread-2523  [004] ....  6147.818754: do_swap_page: swapin tgid 2006 pid 2523 name "RenderThread" vma 7ec9b43000
    RenderThread-2523  [004] ....  6147.818758: do_swap_page: swapin tgid 2006 pid 2523 name "RenderThread" vma 7fbe226000
    RenderThread-2523  [004] ....  6147.818760: do_swap_page: swapin tgid 2006 pid 2523 name "RenderThread" vma 7fbe227000
    RenderThread-2523  [004] ....  6147.818769: do_swap_page: swapin tgid 2006 pid 2523 name "RenderThread" vma 7ec71e3000
    RenderThread-2523  [004] ....  6147.818775: do_swap_page: swapin tgid 2006 pid 2523 name "RenderThread" vma 7ec72dd000
    RenderThread-2523  [004] ....  6147.818784: do_swap_page: swapin tgid 2006 pid 2523 name "RenderThread" vma 7ec71a6000
    RenderThread-2523  [004] ....  6147.818787: do_swap_page: swapin tgid 2006 pid 2523 name "RenderThread" vma 7ecb7cd000
    RenderThread-2523  [004] ....  6147.818789: do_swap_page: swapin tgid 2006 pid 2523 name "RenderThread" vma 7ec71a7000
    RenderThread-2523  [004] ....  6147.818791: do_swap_page: swapin tgid 2006 pid 2523 name "RenderThread" vma 7ecb7cc000
    RenderThread-2523  [004] ....  6147.818793: do_swap_page: swapin tgid 2006 pid 2523 name "RenderThread" vma 7ec71b3000
    RenderThread-2523  [004] ....  6147.818795: do_swap_page: swapin tgid 2006 pid 2523 name "RenderThread" vma 7ecb7cb000
    RenderThread-2523  [004] ....  6147.818798: do_swap_page: swapin tgid 2006 pid 2523 name "RenderThread" vma 7ecca2e000
    RenderThread-2523  [004] ....  6147.818829: do_swap_page: swapin tgid 2006 pid 2523 name "RenderThread" vma 7ec71c3000
    RenderThread-2523  [004] ....  6147.818831: do_swap_page: swapin tgid 2006 pid 2523 name "RenderThread" vma 7ecb7ca000
    RenderThread-2523  [004] ....  6147.818834: do_swap_page: swapin tgid 2006 pid 2523 name "RenderThread" vma 7ecca31000
    RenderThread-2523  [004] ....  6147.818836: do_swap_page: swapin tgid 2006 pid 2523 name "RenderThread" vma 7ecb7c9000
    RenderThread-2523  [004] ....  6147.818837: do_swap_page: swapin tgid 2006 pid 2523 name "RenderThread" vma 7ecca2f000
    RenderThread-2523  [004] ....  6147.818841: do_swap_page: swapin tgid 2006 pid 2523 name "RenderThread" vma 7ecb7c8000
    RenderThread-2523  [004] ....  6147.818852: do_swap_page: swapin tgid 2006 pid 2523 name "RenderThread" vma 7ec9a82000
    RenderThread-2523  [004] ....  6147.818879: do_swap_page: swapin tgid 2006 pid 2523 name "RenderThread" vma 7eccb2c000
    RenderThread-2523  [004] ....  6147.818886: do_swap_page: swapin tgid 2006 pid 2523 name "RenderThread" vma 7ecb7c7000
    RenderThread-2523  [004] ....  6147.818888: do_swap_page: swapin tgid 2006 pid 2523 name "RenderThread" vma 7eccb2a000
    RenderThread-2523  [004] ....  6147.818892: do_swap_page: swapin tgid 2006 pid 2523 name "RenderThread" vma 7ec728a000
    RenderThread-2523  [004] ....  6147.818900: do_swap_page: swapin tgid 2006 pid 2523 name "RenderThread" vma 7ecca32000
    RenderThread-2523  [004] ....  6147.818906: do_swap_page: swapin tgid 2006 pid 2523 name "RenderThread" vma 7f28b00000
    RenderThread-2523  [004] ....  6147.818911: do_swap_page: swapin tgid 2006 pid 2523 name "RenderThread" vma 7fbd2da000
 droid.bluetooth-5839  [004] ....  6147.818946: do_swap_page: swapin tgid 5839 pid 5839 name "droid.bluetooth" vma 72d61000
 droid.bluetooth-5839  [004] ....  6147.818955: do_swap_page: swapin tgid 5839 pid 5839 name "droid.bluetooth" vma 7fbe167000
    android.anim-1359  [004] ....  6147.818982: do_swap_page: swapin tgid 1335 pid 1359 name "android.anim" vma 9f173000
    android.anim-1359  [004] ....  6147.819029: do_swap_page: swapin tgid 1335 pid 1359 name "android.anim" vma 14008000
    RenderThread-2523  [004] ....  6147.819168: do_swap_page: swapin tgid 2006 pid 2523 name "RenderThread" vma 7fbd2da000
    RenderThread-2523  [004] ....  6147.819182: do_swap_page: swapin tgid 2006 pid 2523 name "RenderThread" vma 7ec73d6000
    RenderThread-2523  [004] ....  6147.819185: do_swap_page: swapin tgid 2006 pid 2523 name "RenderThread" vma 7ec7289000
    RenderThread-2523  [004] ....  6147.819197: do_swap_page: swapin tgid 2006 pid 2523 name "RenderThread" vma 7ecb7c6000
    RenderThread-2523  [004] ....  6147.819206: do_swap_page: swapin tgid 2006 pid 2523 name "RenderThread" vma 7ec738d000
    RenderThread-2523  [004] ....  6147.819208: do_swap_page: swapin tgid 2006 pid 2523 name "RenderThread" vma 7ec7391000
    RenderThread-2523  [004] ....  6147.819217: do_swap_page: swapin tgid 2006 pid 2523 name "RenderThread" vma 7ecca3d000
    RenderThread-2523  [004] ....  6147.819222: do_swap_page: swapin tgid 2006 pid 2523 name "RenderThread" vma 7eccb2b000
    RenderThread-2523  [004] ....  6147.819227: do_swap_page: swapin tgid 2006 pid 2523 name "RenderThread" vma 7ec71e4000
    RenderThread-2523  [004] ....  6147.819232: do_swap_page: swapin tgid 2006 pid 2523 name "RenderThread" vma 7ec9a9c000
    RenderThread-2523  [004] ....  6147.819244: do_swap_page: swapin tgid 2006 pid 2523 name "RenderThread" vma 7ec9cb3000
    RenderThread-2523  [004] ....  6147.819246: do_swap_page: swapin tgid 2006 pid 2523 name "RenderThread" vma 7ec7356000
    RenderThread-2523  [004] ....  6147.819249: do_swap_page: swapin tgid 2006 pid 2523 name "RenderThread" vma 7ec7357000
    RenderThread-2523  [004] ....  6147.819251: do_swap_page: swapin tgid 2006 pid 2523 name "RenderThread" vma 7ec73a6000
    RenderThread-2523  [004] ....  6147.819258: do_swap_page: swapin tgid 2006 pid 2523 name "RenderThread" vma 7eccab7000
    RenderThread-2523  [004] ....  6147.819261: do_swap_page: swapin tgid 2006 pid 2523 name "RenderThread" vma 7eccb9e000
    RenderThread-2523  [004] ....  6147.819265: do_swap_page: swapin tgid 2006 pid 2523 name "RenderThread" vma 7ecca50000
    RenderThread-2523  [004] ....  6147.819272: do_swap_page: swapin tgid 2006 pid 2523 name "RenderThread" vma 7fbe342000
    RenderThread-2523  [004] ....  6147.819283: do_swap_page: swapin tgid 2006 pid 2523 name "RenderThread" vma 7eccb6e000
    RenderThread-2523  [004] ....  6147.819287: do_swap_page: swapin tgid 2006 pid 2523 name "RenderThread" vma 7ec9cb4000
    RenderThread-2523  [004] ....  6147.819289: do_swap_page: swapin tgid 2006 pid 2523 name "RenderThread" vma 7eccb6f000
    RenderThread-2523  [004] ....  6147.819292: do_swap_page: swapin tgid 2006 pid 2523 name "RenderThread" vma 7eccadd000
    RenderThread-2523  [004] ....  6147.819301: do_swap_page: swapin tgid 2006 pid 2523 name "RenderThread" vma 7ecc9b0000
    RenderThread-2523  [004] ....  6147.819303: do_swap_page: swapin tgid 2006 pid 2523 name "RenderThread" vma 7ecc9b1000
    RenderThread-2523  [004] ....  6147.819310: do_swap_page: swapin tgid 2006 pid 2523 name "RenderThread" vma 7ec71ce000
    RenderThread-2523  [004] ....  6147.819313: do_swap_page: swapin tgid 2006 pid 2523 name "RenderThread" vma 7ec71cf000
    RenderThread-2523  [004] ....  6147.819317: do_swap_page: swapin tgid 2006 pid 2523 name "RenderThread" vma 7ecca4e000
    RenderThread-2523  [004] ....  6147.819323: do_swap_page: swapin tgid 2006 pid 2523 name "RenderThread" vma 7ecca4c000
    RenderThread-2523  [004] ....  6147.819328: do_swap_page: swapin tgid 2006 pid 2523 name "RenderThread" vma 7ecca4b000
    RenderThread-2523  [004] ....  6147.819333: do_swap_page: swapin tgid 2006 pid 2523 name "RenderThread" vma 7ecca4a000
    RenderThread-2523  [004] ....  6147.819341: do_swap_page: swapin tgid 2006 pid 2523 name "RenderThread" vma 7ec9ca9000
    RenderThread-2523  [004] ....  6147.819342: do_swap_page: swapin tgid 2006 pid 2523 name "RenderThread" vma 7ec9c75000
    RenderThread-2523  [004] ....  6147.819355: do_swap_page: swapin tgid 2006 pid 2523 name "RenderThread" vma 7ecca8c000
    RenderThread-2523  [004] ....  6147.819358: do_swap_page: swapin tgid 2006 pid 2523 name "RenderThread" vma 7ecca77000
    RenderThread-2523  [004] ....  6147.819367: do_swap_page: swapin tgid 2006 pid 2523 name "RenderThread" vma 7ecca8d000
    RenderThread-2523  [004] ....  6147.819371: do_swap_page: swapin tgid 2006 pid 2523 name "RenderThread" vma 7ec9b59000
    RenderThread-2523  [004] ....  6147.819374: do_swap_page: swapin tgid 2006 pid 2523 name "RenderThread" vma 7fbe293000
    RenderThread-2523  [004] ....  6147.819384: do_swap_page: swapin tgid 2006 pid 2523 name "RenderThread" vma 7ec9a3d000
    android.anim-1359  [004] ....  6147.819446: do_swap_page: swapin tgid 1335 pid 1359 name "android.anim" vma 7ed0c60000
           <...>-11137 [004] ....  6147.819496: do_swap_page: swapin tgid 11121 pid 11137 name "Binder:11121_2" vma 7fbe165000
           <...>-11137 [004] ....  6147.819502: do_swap_page: swapin tgid 11121 pid 11137 name "Binder:11121_2" vma 7f28b37000
           <...>-11137 [004] ....  6147.819506: do_swap_page: swapin tgid 11121 pid 11137 name "Binder:11121_2" vma 7fbc5de000
    Binder:599_2-645   [004] ....  6147.819539: do_swap_page: swapin tgid 599 pid 645 name "Binder:599_2" vma 7fbcbe5000
 droid.bluetooth-5839  [004] ....  6147.819571: do_swap_page: swapin tgid 5839 pid 5839 name "droid.bluetooth" vma 7fbe167000
    RenderThread-2523  [004] ....  6147.819605: do_swap_page: swapin tgid 2006 pid 2523 name "RenderThread" vma 7ec9a3d000
    RenderThread-2523  [004] ....  6147.819611: do_swap_page: swapin tgid 2006 pid 2523 name "RenderThread" vma 7fbc838000
    RenderThread-2523  [004] ....  6147.819615: do_swap_page: swapin tgid 2006 pid 2523 name "RenderThread" vma 7ec9b9e000
    RenderThread-2523  [004] ....  6147.819617: do_swap_page: swapin tgid 2006 pid 2523 name "RenderThread" vma 7eccb79000
    RenderThread-2523  [004] ....  6147.819621: do_swap_page: swapin tgid 2006 pid 2523 name "RenderThread" vma 7ec9b48000
    RenderThread-2523  [004] ....  6147.819626: do_swap_page: swapin tgid 2006 pid 2523 name "RenderThread" vma 7ec9a3f000
    Binder:599_2-645   [004] ....  6147.819757: do_swap_page: swapin tgid 599 pid 645 name "Binder:599_2" vma 7fbcbe5000
    RenderThread-2523  [004] ....  6147.819803: do_swap_page: swapin tgid 2006 pid 2523 name "RenderThread" vma 7ec9a3f000
    RenderThread-2523  [004] ....  6147.819809: do_swap_page: swapin tgid 2006 pid 2523 name "RenderThread" vma 7fbc839000
    RenderThread-2523  [004] ....  6147.819815: do_swap_page: swapin tgid 2006 pid 2523 name "RenderThread" vma 7ec9aa0000
 droid.bluetooth-5839  [004] ....  6147.819871: do_swap_page: swapin tgid 5839 pid 5839 name "droid.bluetooth" vma 7fbe1f9000
    android.anim-1359  [004] ....  6147.819910: do_swap_page: swapin tgid 1335 pid 1359 name "android.anim" vma 9f062000
    android.anim-1359  [004] ....  6147.819920: do_swap_page: swapin tgid 1335 pid 1359 name "android.anim" vma 9f1a8000
 m.android.phone-1912  [004] ....  6147.819944: do_swap_page: swapin tgid 1912 pid 1912 name "m.android.phone" vma 72f91000
 m.android.phone-1912  [004] ....  6147.819951: do_swap_page: swapin tgid 1912 pid 1912 name "m.android.phone" vma 73059000
    RenderThread-2523  [004] ....  6147.819984: do_swap_page: swapin tgid 2006 pid 2523 name "RenderThread" vma 7ec9aa0000
    RenderThread-2523  [004] ....  6147.819989: do_swap_page: swapin tgid 2006 pid 2523 name "RenderThread" vma 7ec9967000
    RenderThread-2523  [004] ....  6147.819991: do_swap_page: swapin tgid 2006 pid 2523 name "RenderThread" vma 7ec9af4000
    RenderThread-2523  [004] ....  6147.820000: do_swap_page: swapin tgid 2006 pid 2523 name "RenderThread" vma 7ec9aa1000
           <...>-11137 [004] ....  6147.820050: do_swap_page: swapin tgid 11121 pid 11137 name "Binder:11121_2" vma 7fbc5de000
           <...>-11137 [004] ....  6147.820058: do_swap_page: swapin tgid 11121 pid 11137 name "Binder:11121_2" vma 7fbbd3a000
 ScreenDecoratio-2208  [004] ....  6147.820119: do_swap_page: swapin tgid 1683 pid 2208 name "ScreenDecoratio" vma 9efb0000
 ScreenDecoratio-2208  [004] ....  6147.820127: do_swap_page: swapin tgid 1683 pid 2208 name "ScreenDecoratio" vma 13d34000
 ScreenDecoratio-2208  [004] ....  6147.820131: do_swap_page: swapin tgid 1683 pid 2208 name "ScreenDecoratio" vma 9f000000
 ScreenDecoratio-2208  [004] ....  6147.820150: do_swap_page: swapin tgid 1683 pid 2208 name "ScreenDecoratio" vma 7eba108000
    RenderThread-2523  [004] ....  6147.820224: do_swap_page: swapin tgid 2006 pid 2523 name "RenderThread" vma 7ec9aa1000
    RenderThread-2523  [004] ....  6147.820229: do_swap_page: swapin tgid 2006 pid 2523 name "RenderThread" vma 7ec72bc000
    RenderThread-2523  [004] ....  6147.820232: do_swap_page: swapin tgid 2006 pid 2523 name "RenderThread" vma 7ec72bd000
    RenderThread-2523  [004] ....  6147.820234: do_swap_page: swapin tgid 2006 pid 2523 name "RenderThread" vma 7eccaa4000
    RenderThread-2523  [004] ....  6147.820246: do_swap_page: swapin tgid 2006 pid 2523 name "RenderThread" vma 7ec9a98000
    RenderThread-2523  [004] ....  6147.820249: do_swap_page: swapin tgid 2006 pid 2523 name "RenderThread" vma 7f28b1b000
    RenderThread-2523  [004] ....  6147.820256: do_swap_page: swapin tgid 2006 pid 2523 name "RenderThread" vma 7ec9b4b000
    RenderThread-2523  [004] ....  6147.820258: do_swap_page: swapin tgid 2006 pid 2523 name "RenderThread" vma 7ec9b3d000
    RenderThread-2523  [004] ....  6147.820262: do_swap_page: swapin tgid 2006 pid 2523 name "RenderThread" vma 7ec72f9000
    RenderThread-2523  [004] ....  6147.820264: do_swap_page: swapin tgid 2006 pid 2523 name "RenderThread" vma 7ec72bf000
    RenderThread-2523  [004] ....  6147.820268: do_swap_page: swapin tgid 2006 pid 2523 name "RenderThread" vma 7ec9b49000
    RenderThread-2523  [004] ....  6147.820270: do_swap_page: swapin tgid 2006 pid 2523 name "RenderThread" vma 7ec72c0000
    RenderThread-2523  [004] ....  6147.820271: do_swap_page: swapin tgid 2006 pid 2523 name "RenderThread" vma 7eccb9b000
    RenderThread-2523  [004] ....  6147.820274: do_swap_page: swapin tgid 2006 pid 2523 name "RenderThread" vma 7ec71eb000
    RenderThread-2523  [004] ....  6147.820277: do_swap_page: swapin tgid 2006 pid 2523 name "RenderThread" vma 7ec7305000
    RenderThread-2523  [004] ....  6147.820279: do_swap_page: swapin tgid 2006 pid 2523 name "RenderThread" vma 7ec7304000
    RenderThread-2523  [004] ....  6147.820283: do_swap_page: swapin tgid 2006 pid 2523 name "RenderThread" vma 7ec9b67000
    RenderThread-2523  [004] ....  6147.820288: do_swap_page: swapin tgid 2006 pid 2523 name "RenderThread" vma 7fbe193000
    RenderThread-2523  [004] ....  6147.820294: do_swap_page: swapin tgid 2006 pid 2523 name "RenderThread" vma 7fbe192000
    RenderThread-2523  [004] ....  6147.820297: do_swap_page: swapin tgid 2006 pid 2523 name "RenderThread" vma 7fbe191000
    RenderThread-2523  [004] ....  6147.820303: do_swap_page: swapin tgid 2006 pid 2523 name "RenderThread" vma 7ec72fc000
    RenderThread-2523  [004] ....  6147.820305: do_swap_page: swapin tgid 2006 pid 2523 name "RenderThread" vma 7ec732f000
    RenderThread-2523  [004] ....  6147.820309: do_swap_page: swapin tgid 2006 pid 2523 name "RenderThread" vma 7ec7369000
    RenderThread-2523  [004] ....  6147.820312: do_swap_page: swapin tgid 2006 pid 2523 name "RenderThread" vma 7ec732e000
    RenderThread-2523  [004] ....  6147.820315: do_swap_page: swapin tgid 2006 pid 2523 name "RenderThread" vma 7ec733a000
    RenderThread-2523  [004] ....  6147.820319: do_swap_page: swapin tgid 2006 pid 2523 name "RenderThread" vma 7ec72d1000
    RenderThread-2523  [004] ....  6147.820323: do_swap_page: swapin tgid 2006 pid 2523 name "RenderThread" vma 7ec9a3e000
 droid.bluetooth-5839  [004] ....  6147.820351: do_swap_page: swapin tgid 5839 pid 5839 name "droid.bluetooth" vma 7fbe1f9000
 droid.bluetooth-5839  [004] ....  6147.820360: do_swap_page: swapin tgid 5839 pid 5839 name "droid.bluetooth" vma 145d2000
    android.anim-1359  [004] ....  6147.820389: do_swap_page: swapin tgid 1335 pid 1359 name "android.anim" vma 9f1a8000
    android.anim-1359  [004] ....  6147.820403: do_swap_page: swapin tgid 1335 pid 1359 name "android.anim" vma 9efbd000
    RenderThread-2523  [004] ....  6147.820631: do_swap_page: swapin tgid 2006 pid 2523 name "RenderThread" vma 7ec9a3e000
    RenderThread-2523  [004] ....  6147.820643: do_swap_page: swapin tgid 2006 pid 2523 name "RenderThread" vma 7ec9c5f000
    RenderThread-2523  [004] ....  6147.820661: do_swap_page: swapin tgid 2006 pid 2523 name "RenderThread" vma 7eccb7d000
    RenderThread-2523  [004] ....  6147.820665: do_swap_page: swapin tgid 2006 pid 2523 name "RenderThread" vma 7ec9b74000
           <...>-11137 [004] ....  6147.820694: do_swap_page: swapin tgid 11121 pid 11137 name "Binder:11121_2" vma 7fbbd3a000
           <...>-11137 [004] ....  6147.820700: do_swap_page: swapin tgid 11121 pid 11137 name "Binder:11121_2" vma 7f28b18000
           <...>-11137 [004] ....  6147.820705: do_swap_page: swapin tgid 11121 pid 11137 name "Binder:11121_2" vma 7f393d0000
           <...>-11137 [004] ....  6147.820709: do_swap_page: swapin tgid 11121 pid 11137 name "Binder:11121_2" vma 7fbe23c000
 droid.bluetooth-5839  [004] ....  6147.820730: do_swap_page: swapin tgid 5839 pid 5839 name "droid.bluetooth" vma 145d2000
 droid.bluetooth-5839  [004] ....  6147.820769: do_swap_page: swapin tgid 5839 pid 5839 name "droid.bluetooth" vma 7fbe1cb000
    android.anim-1359  [004] ....  6147.820810: do_swap_page: swapin tgid 1335 pid 1359 name "android.anim" vma 13d3b000
    android.anim-1359  [004] ....  6147.820815: do_swap_page: swapin tgid 1335 pid 1359 name "android.anim" vma 7fbbb13000
 m.android.phone-1912  [004] ....  6147.820841: do_swap_page: swapin tgid 1912 pid 1912 name "m.android.phone" vma 73059000
 m.android.phone-1912  [004] ....  6147.820854: do_swap_page: swapin tgid 1912 pid 1912 name "m.android.phone" vma 72f94000
    RenderThread-2523  [004] ....  6147.820892: do_swap_page: swapin tgid 2006 pid 2523 name "RenderThread" vma 7ec9b74000
    RenderThread-2523  [004] ....  6147.820897: do_swap_page: swapin tgid 2006 pid 2523 name "RenderThread" vma 7ecca35000
    RenderThread-2523  [004] ....  6147.820903: do_swap_page: swapin tgid 2006 pid 2523 name "RenderThread" vma 7ec9b5d000
    RenderThread-2523  [004] ....  6147.820906: do_swap_page: swapin tgid 2006 pid 2523 name "RenderThread" vma 7eccb89000
    RenderThread-2523  [004] ....  6147.820908: do_swap_page: swapin tgid 2006 pid 2523 name "RenderThread" vma 7ec9b4f000
    RenderThread-2523  [004] ....  6147.820910: do_swap_page: swapin tgid 2006 pid 2523 name "RenderThread" vma 7ecca98000
    RenderThread-2523  [004] ....  6147.820911: do_swap_page: swapin tgid 2006 pid 2523 name "RenderThread" vma 7eccace000
    RenderThread-2523  [004] ....  6147.820916: do_swap_page: swapin tgid 2006 pid 2523 name "RenderThread" vma 7eccacb000
    RenderThread-2523  [004] ....  6147.820918: do_swap_page: swapin tgid 2006 pid 2523 name "RenderThread" vma 7f28a82000
    RenderThread-2523  [004] ....  6147.820920: do_swap_page: swapin tgid 2006 pid 2523 name "RenderThread" vma 7f28a83000
    RenderThread-2523  [004] ....  6147.820925: do_swap_page: swapin tgid 2006 pid 2523 name "RenderThread" vma 7ec9b8c000
    RenderThread-2523  [004] ....  6147.820927: do_swap_page: swapin tgid 2006 pid 2523 name "RenderThread" vma 7ecca89000
 droid.bluetooth-5839  [004] ....  6147.820976: do_swap_page: swapin tgid 5839 pid 5839 name "droid.bluetooth" vma 7fbe1cb000
    android.anim-1359  [004] ....  6147.821014: do_swap_page: swapin tgid 1335 pid 1359 name "android.anim" vma 7fbbb13000
    android.anim-1359  [004] ....  6147.821133: do_swap_page: swapin tgid 1335 pid 1359 name "android.anim" vma 9eff1000
           <...>-11137 [004] ....  6147.821160: do_swap_page: swapin tgid 11121 pid 11137 name "Binder:11121_2" vma 7fbe23c000
           <...>-11137 [004] ....  6147.821167: do_swap_page: swapin tgid 11121 pid 11137 name "Binder:11121_2" vma 7f318f3000
    RenderThread-2523  [004] ....  6147.821206: do_swap_page: swapin tgid 2006 pid 2523 name "RenderThread" vma 7ecca89000
    RenderThread-2523  [004] ....  6147.821214: do_swap_page: swapin tgid 2006 pid 2523 name "RenderThread" vma 7ec9b80000
 droid.bluetooth-5839  [004] ....  6147.821306: do_swap_page: swapin tgid 5839 pid 5839 name "droid.bluetooth" vma 7f395f1000
    android.anim-1359  [004] ....  6147.821351: do_swap_page: swapin tgid 1335 pid 1359 name "android.anim" vma 9eff1000
    android.anim-1359  [004] ....  6147.821357: do_swap_page: swapin tgid 1335 pid 1359 name "android.anim" vma 9f2b0000
    RenderThread-2523  [004] ....  6147.821396: do_swap_page: swapin tgid 2006 pid 2523 name "RenderThread" vma 7ec9b80000
    RenderThread-2523  [004] ....  6147.821407: do_swap_page: swapin tgid 2006 pid 2523 name "RenderThread" vma 7ec9b53000
    RenderThread-2523  [004] ....  6147.821413: do_swap_page: swapin tgid 2006 pid 2523 name "RenderThread" vma 7ec9bb6000
 android.display-1358  [004] ....  6147.821442: do_swap_page: swapin tgid 1335 pid 1358 name "android.display" vma 7e67990000
 android.display-1358  [004] ....  6147.821504: do_swap_page: swapin tgid 1335 pid 1358 name "android.display" vma 7e719ca000
 android.display-1358  [004] ....  6147.821581: do_swap_page: swapin tgid 1335 pid 1358 name "android.display" vma 7e67c83000
           <...>-17708 [004] ....  6147.821638: do_swap_page: swapin tgid 11226 pid 17708 name "Binder:11226_5" vma 7f2d67f000
           <...>-17708 [004] ....  6147.821649: do_swap_page: swapin tgid 11226 pid 17708 name "Binder:11226_5" vma 7f2dce7000
           <...>-17708 [004] ....  6147.821656: do_swap_page: swapin tgid 11226 pid 17708 name "Binder:11226_5" vma 7f2dce8000
           <...>-15187 [004] ....  6147.821677: do_swap_page: swapin tgid 11286 pid 15187 name "Binder:11286_4" vma 7f2d629000
           <...>-15187 [004] ....  6147.821686: do_swap_page: swapin tgid 11286 pid 15187 name "Binder:11286_4" vma 7ed2ec1000
           <...>-15187 [004] ....  6147.821690: do_swap_page: swapin tgid 11286 pid 15187 name "Binder:11286_4" vma 7ed2ec2000
           <...>-11676 [004] ....  6147.821714: do_swap_page: swapin tgid 11661 pid 11676 name "Binder:11661_2" vma 7f28abc000
           <...>-11676 [004] ....  6147.821722: do_swap_page: swapin tgid 11661 pid 11676 name "Binder:11661_2" vma 7f2e073000
           <...>-11676 [004] ....  6147.821727: do_swap_page: swapin tgid 11661 pid 11676 name "Binder:11661_2" vma 7f2e074000
    RenderThread-2523  [004] ....  6147.821768: do_swap_page: swapin tgid 2006 pid 2523 name "RenderThread" vma 7ec9bb6000
    RenderThread-2523  [004] ....  6147.821774: do_swap_page: swapin tgid 2006 pid 2523 name "RenderThread" vma 7ec9c7c000
    RenderThread-2523  [004] ....  6147.821791: do_swap_page: swapin tgid 2006 pid 2523 name "RenderThread" vma 7ecca75000
           <...>-11137 [004] ....  6147.821818: do_swap_page: swapin tgid 11121 pid 11137 name "Binder:11121_2" vma 7f318f3000
           <...>-11137 [004] ....  6147.821826: do_swap_page: swapin tgid 11121 pid 11137 name "Binder:11121_2" vma 13147000
    android.anim-1359  [004] ....  6147.821844: do_swap_page: swapin tgid 1335 pid 1359 name "android.anim" vma 9f2b0000
    android.anim-1359  [004] ....  6147.821895: do_swap_page: swapin tgid 1335 pid 1359 name "android.anim" vma 9f2b6000
    RenderThread-2523  [004] ....  6147.821932: do_swap_page: swapin tgid 2006 pid 2523 name "RenderThread" vma 7ecca75000
    RenderThread-2523  [004] ....  6147.821938: do_swap_page: swapin tgid 2006 pid 2523 name "RenderThread" vma 7ec9b60000
    RenderThread-2523  [004] ....  6147.821940: do_swap_page: swapin tgid 2006 pid 2523 name "RenderThread" vma 7ec9b63000
    RenderThread-2523  [004] ....  6147.821942: do_swap_page: swapin tgid 2006 pid 2523 name "RenderThread" vma 7eccb28000
    RenderThread-2523  [004] ....  6147.821949: do_swap_page: swapin tgid 2006 pid 2523 name "RenderThread" vma 7ec9c5e000
    RenderThread-2523  [004] ....  6147.821953: do_swap_page: swapin tgid 2006 pid 2523 name "RenderThread" vma 7ecca36000
    RenderThread-2523  [004] ....  6147.821969: do_swap_page: swapin tgid 2006 pid 2523 name "RenderThread" vma 7f20a3f000
    RenderThread-2523  [004] ....  6147.822006: do_swap_page: swapin tgid 2006 pid 2523 name "RenderThread" vma 7ecca37000
    RenderThread-2523  [004] ....  6147.822009: do_swap_page: swapin tgid 2006 pid 2523 name "RenderThread" vma 7eccacd000
    RenderThread-2523  [004] ....  6147.822011: do_swap_page: swapin tgid 2006 pid 2523 name "RenderThread" vma 7eccab6000
 droid.bluetooth-5839  [004] ....  6147.822107: do_swap_page: swapin tgid 5839 pid 5839 name "droid.bluetooth" vma 7f395f1000
 droid.bluetooth-5839  [004] ....  6147.822116: do_swap_page: swapin tgid 5839 pid 5839 name "droid.bluetooth" vma 9ef7f000
 m.android.phone-1912  [004] ....  6147.822179: do_swap_page: swapin tgid 1912 pid 1912 name "m.android.phone" vma 72f94000
 m.android.phone-1912  [004] ....  6147.822186: do_swap_page: swapin tgid 1912 pid 1912 name "m.android.phone" vma 7301c000
    RenderThread-2523  [004] ....  6147.822267: do_swap_page: swapin tgid 2006 pid 2523 name "RenderThread" vma 7eccab6000
    RenderThread-2523  [004] ....  6147.822284: do_swap_page: swapin tgid 2006 pid 2523 name "RenderThread" vma 7eccab9000
    RenderThread-2523  [004] ....  6147.822289: do_swap_page: swapin tgid 2006 pid 2523 name "RenderThread" vma 7f28b37000
           <...>-17708 [004] ....  6147.822392: do_swap_page: swapin tgid 11226 pid 17708 name "Binder:11226_5" vma 7f2dce8000
           <...>-17708 [004] ....  6147.822398: do_swap_page: swapin tgid 11226 pid 17708 name "Binder:11226_5" vma 7f2d6ac000
           <...>-17708 [004] ....  6147.822402: do_swap_page: swapin tgid 11226 pid 17708 name "Binder:11226_5" vma 7fbe180000
           <...>-17708 [004] ....  6147.822413: do_swap_page: swapin tgid 11226 pid 17708 name "Binder:11226_5" vma 7f2d619000
           <...>-17708 [004] ....  6147.822415: do_swap_page: swapin tgid 11226 pid 17708 name "Binder:11226_5" vma 7f2d616000
    android.anim-1359  [004] ....  6147.822434: do_swap_page: swapin tgid 1335 pid 1359 name "android.anim" vma 9f2b6000
    android.anim-1359  [004] ....  6147.822439: do_swap_page: swapin tgid 1335 pid 1359 name "android.anim" vma 9f16b000
    RenderThread-2523  [004] ....  6147.822479: do_swap_page: swapin tgid 2006 pid 2523 name "RenderThread" vma 7f28b37000
    RenderThread-2523  [004] ....  6147.822503: do_swap_page: swapin tgid 2006 pid 2523 name "RenderThread" vma 7ecca38000
    RenderThread-2523  [004] ....  6147.822512: do_swap_page: swapin tgid 2006 pid 2523 name "RenderThread" vma 7f28b23000
    RenderThread-2523  [004] ....  6147.822535: do_swap_page: swapin tgid 2006 pid 2523 name "RenderThread" vma 7fbe1eb000
    RenderThread-2523  [004] ....  6147.822546: do_swap_page: swapin tgid 2006 pid 2523 name "RenderThread" vma 7ecca76000
 droid.bluetooth-5839  [004] ....  6147.822574: do_swap_page: swapin tgid 5839 pid 5839 name "droid.bluetooth" vma 9ef7f000
 droid.bluetooth-5839  [004] ....  6147.822587: do_swap_page: swapin tgid 5839 pid 5839 name "droid.bluetooth" vma 7f2d6dd000
 droid.bluetooth-5839  [004] ....  6147.822610: do_swap_page: swapin tgid 5839 pid 5839 name "droid.bluetooth" vma 7f2d68a000
 droid.bluetooth-5839  [004] ....  6147.822627: do_swap_page: swapin tgid 5839 pid 5839 name "droid.bluetooth" vma 7fbf6ff000
           <...>-5876  [004] ....  6147.822659: do_swap_page: swapin tgid 5839 pid 5876 name "BluetoothScanMa" vma 7ec3b8c000
           <...>-5876  [004] ....  6147.822669: do_swap_page: swapin tgid 5839 pid 5876 name "BluetoothScanMa" vma 7ec3b8d000
    RenderThread-2523  [004] ....  6147.822707: do_swap_page: swapin tgid 2006 pid 2523 name "RenderThread" vma 7ecca76000
    RenderThread-2523  [004] ....  6147.822740: do_swap_page: swapin tgid 2006 pid 2523 name "RenderThread" vma 7f28b24000
    RenderThread-2523  [004] ....  6147.822789: do_swap_page: swapin tgid 2006 pid 2523 name "RenderThread" vma 7fbe316000
    RenderThread-2523  [004] ....  6147.822792: do_swap_page: swapin tgid 2006 pid 2523 name "RenderThread" vma 7fbe317000
    RenderThread-2523  [004] ....  6147.822800: do_swap_page: swapin tgid 2006 pid 2523 name "RenderThread" vma 7ec71da000
    RenderThread-2523  [004] ....  6147.822805: do_swap_page: swapin tgid 2006 pid 2523 name "RenderThread" vma 7f28b0e000
    RenderThread-2523  [004] ....  6147.822807: do_swap_page: swapin tgid 2006 pid 2523 name "RenderThread" vma 7ec71c4000
    RenderThread-2523  [004] ....  6147.822811: do_swap_page: swapin tgid 2006 pid 2523 name "RenderThread" vma 7ecca47000
    RenderThread-2523  [004] ....  6147.822822: do_swap_page: swapin tgid 2006 pid 2523 name "RenderThread" vma 7ecca46000
    RenderThread-2523  [004] ....  6147.822826: do_swap_page: swapin tgid 2006 pid 2523 name "RenderThread" vma 7ecca45000
    RenderThread-2523  [004] ....  6147.822876: do_swap_page: swapin tgid 2006 pid 2523 name "RenderThread" vma 7ecb7c5000
    RenderThread-2523  [004] ....  6147.822892: do_swap_page: swapin tgid 2006 pid 2523 name "RenderThread" vma 7ec9a89000
    RenderThread-2523  [004] ....  6147.822915: do_swap_page: swapin tgid 2006 pid 2523 name "RenderThread" vma 7ec7355000
    RenderThread-2523  [004] ....  6147.822932: do_swap_page: swapin tgid 2006 pid 2523 name "RenderThread" vma 7ec7354000
    RenderThread-2523  [004] ....  6147.823012: do_swap_page: swapin tgid 2006 pid 2523 name "RenderThread" vma 7ec9c71000
           <...>-5876  [004] ....  6147.823038: do_swap_page: swapin tgid 5839 pid 5876 name "BluetoothScanMa" vma 7ec3b8d000
           <...>-5876  [004] ....  6147.823047: do_swap_page: swapin tgid 5839 pid 5876 name "BluetoothScanMa" vma 7eca244000
           <...>-5876  [004] ....  6147.823050: do_swap_page: swapin tgid 5839 pid 5876 name "BluetoothScanMa" vma 7eca245000
           <...>-5876  [004] ....  6147.823053: do_swap_page: swapin tgid 5839 pid 5876 name "BluetoothScanMa" vma 7f28b1a000
           <...>-5876  [004] ....  6147.823057: do_swap_page: swapin tgid 5839 pid 5876 name "BluetoothScanMa" vma 12d00000
           <...>-5876  [004] ....  6147.823063: do_swap_page: swapin tgid 5839 pid 5876 name "BluetoothScanMa" vma 7f30c4d000
           <...>-5876  [004] ....  6147.823065: do_swap_page: swapin tgid 5839 pid 5876 name "BluetoothScanMa" vma 12d01000
           <...>-5876  [004] ....  6147.823069: do_swap_page: swapin tgid 5839 pid 5876 name "BluetoothScanMa" vma 9efc5000
           <...>-15187 [004] ....  6147.823094: do_swap_page: swapin tgid 11286 pid 15187 name "Binder:11286_4" vma 7ed2ec2000
           <...>-15187 [004] ....  6147.823102: do_swap_page: swapin tgid 11286 pid 15187 name "Binder:11286_4" vma 7f2d628000
           <...>-15187 [004] ....  6147.823116: do_swap_page: swapin tgid 11286 pid 15187 name "Binder:11286_4" vma 7f2d61b000
           <...>-15187 [004] ....  6147.823118: do_swap_page: swapin tgid 11286 pid 15187 name "Binder:11286_4" vma 7f2d616000
           <...>-15187 [004] ....  6147.823120: do_swap_page: swapin tgid 11286 pid 15187 name "Binder:11286_4" vma 7f2d631000
           <...>-15187 [004] ....  6147.823123: do_swap_page: swapin tgid 11286 pid 15187 name "Binder:11286_4" vma 7fbe301000
           <...>-15187 [004] ....  6147.823144: do_swap_page: swapin tgid 11286 pid 15187 name "Binder:11286_4" vma 7fbe241000
    RenderThread-2523  [004] ....  6147.823161: do_swap_page: swapin tgid 2006 pid 2523 name "RenderThread" vma 7ec9c71000
    RenderThread-2523  [004] ....  6147.823214: do_swap_page: swapin tgid 2006 pid 2523 name "RenderThread" vma 7fbe1ed000
    RenderThread-2523  [004] ....  6147.823217: do_swap_page: swapin tgid 2006 pid 2523 name "RenderThread" vma 7fbe18e000
    RenderThread-2523  [004] ....  6147.823219: do_swap_page: swapin tgid 2006 pid 2523 name "RenderThread" vma 7f28a7e000
    RenderThread-2523  [004] ....  6147.823225: do_swap_page: swapin tgid 2006 pid 2523 name "RenderThread" vma 7eccad1000
    RenderThread-2523  [004] ....  6147.823229: do_swap_page: swapin tgid 2006 pid 2523 name "RenderThread" vma 7ec737c000
    RenderThread-2523  [004] ....  6147.823234: do_swap_page: swapin tgid 2006 pid 2523 name "RenderThread" vma 7ec73a7000
    RenderThread-2523  [004] ....  6147.823236: do_swap_page: swapin tgid 2006 pid 2523 name "RenderThread" vma 7eccae1000
    RenderThread-2523  [004] ....  6147.823238: do_swap_page: swapin tgid 2006 pid 2523 name "RenderThread" vma 7ec9b4c000
    RenderThread-2523  [004] ....  6147.823243: do_swap_page: swapin tgid 2006 pid 2523 name "RenderThread" vma 7f28b57000
    RenderThread-2523  [004] ....  6147.823247: do_swap_page: swapin tgid 2006 pid 2523 name "RenderThread" vma 7ec71de000
    RenderThread-2523  [004] ....  6147.823250: do_swap_page: swapin tgid 2006 pid 2523 name "RenderThread" vma 7f28aee000
    RenderThread-2523  [004] ....  6147.823252: do_swap_page: swapin tgid 2006 pid 2523 name "RenderThread" vma 7ec718c000
    RenderThread-2523  [004] ....  6147.823254: do_swap_page: swapin tgid 2006 pid 2523 name "RenderThread" vma 7f28aef000
    RenderThread-2523  [004] ....  6147.823259: do_swap_page: swapin tgid 2006 pid 2523 name "RenderThread" vma 7eccbb7000
    RenderThread-2523  [004] ....  6147.823264: do_swap_page: swapin tgid 2006 pid 2523 name "RenderThread" vma 7eccbb8000
    RenderThread-2523  [004] ....  6147.823268: do_swap_page: swapin tgid 2006 pid 2523 name "RenderThread" vma 7f3982d000
