           <...>-814   [004] ....  2775.964068: do_swap_page: swapin tgid 814 pid 814 name "power@1.3-servi" vma 7fbd406000
 droid.launcher3-2006  [004] ....  2775.964111: do_swap_page: swapin tgid 2006 pid 2006 name "droid.launcher3" vma 13d92000
 droid.launcher3-2006  [004] ....  2775.964121: do_swap_page: swapin tgid 2006 pid 2006 name "droid.launcher3" vma 9efc6000
 android.display-1358  [004] ....  2775.964159: do_swap_page: swapin tgid 1335 pid 1358 name "android.display" vma 9f23a000
 android.display-1358  [004] ....  2775.964168: do_swap_page: swapin tgid 1335 pid 1358 name "android.display" vma 9f066000
 android.display-1358  [004] ....  2775.964196: do_swap_page: swapin tgid 1335 pid 1358 name "android.display" vma 14a22000
 android.display-1358  [004] ....  2775.964207: do_swap_page: swapin tgid 1335 pid 1358 name "android.display" vma 9f27e000
           <...>-1335  [004] ....  2775.964235: do_swap_page: swapin tgid 1335 pid 1335 name "system_server" vma 9f1d0000
    Binder:599_4-2072  [004] ....  2775.964270: do_swap_page: swapin tgid 599 pid 2072 name "Binder:599_4" vma 7fbe175000
    Binder:599_4-2072  [004] ....  2775.964309: do_swap_page: swapin tgid 599 pid 2072 name "Binder:599_4" vma 7fb7566000
           <...>-814   [004] ....  2775.964388: do_swap_page: swapin tgid 814 pid 814 name "power@1.3-servi" vma 7fbd406000
           <...>-814   [004] ....  2775.964395: do_swap_page: swapin tgid 814 pid 814 name "power@1.3-servi" vma 7fbd408000
           <...>-814   [004] ....  2775.964406: do_swap_page: swapin tgid 814 pid 814 name "power@1.3-servi" vma 7fbd205000
           <...>-814   [004] ....  2775.964409: do_swap_page: swapin tgid 814 pid 814 name "power@1.3-servi" vma 7fbd211000
           <...>-814   [004] ....  2775.964414: do_swap_page: swapin tgid 814 pid 814 name "power@1.3-servi" vma 7fbb84d000
           <...>-814   [004] ....  2775.964464: do_swap_page: swapin tgid 814 pid 814 name "power@1.3-servi" vma 7fbcfe9000
           <...>-669   [004] ....  2775.964530: do_swap_page: swapin tgid 599 pid 669 name "surfaceflinger" vma 7fb3f2f000
           <...>-669   [004] ....  2775.964537: do_swap_page: swapin tgid 599 pid 669 name "surfaceflinger" vma 7fb3f2e000
           <...>-2367  [004] ....  2775.964616: do_swap_page: swapin tgid 814 pid 2367 name "NodeLooperThrea" vma 7fbb7fc000
           <...>-2367  [004] ....  2775.964623: do_swap_page: swapin tgid 814 pid 2367 name "NodeLooperThrea" vma 7fbb7fb000
           <...>-2367  [004] ....  2775.964629: do_swap_page: swapin tgid 814 pid 2367 name "NodeLooperThrea" vma 7fbb83e000
           <...>-2367  [004] ....  2775.964635: do_swap_page: swapin tgid 814 pid 2367 name "NodeLooperThrea" vma 7fbb83d000
           <...>-2368  [004] ....  2775.964667: do_swap_page: swapin tgid 814 pid 2368 name "power@1.3-servi" vma 7fba6ff000
           <...>-814   [004] ....  2775.965218: do_swap_page: swapin tgid 814 pid 814 name "power@1.3-servi" vma 7fbcfe9000
           <...>-2367  [004] ....  2775.965478: do_swap_page: swapin tgid 814 pid 2367 name "NodeLooperThrea" vma 7fbb83d000
           <...>-2367  [004] ....  2775.965487: do_swap_page: swapin tgid 814 pid 2367 name "NodeLooperThrea" vma 7fbb81b000
           <...>-669   [004] ....  2775.965538: do_swap_page: swapin tgid 599 pid 669 name "surfaceflinger" vma 7faa5ff000
           <...>-669   [004] ....  2775.965547: do_swap_page: swapin tgid 599 pid 669 name "surfaceflinger" vma 7faa6f7000
           <...>-669   [004] ....  2775.965559: do_swap_page: swapin tgid 599 pid 669 name "surfaceflinger" vma 7fba701000
           <...>-2368  [004] ....  2775.965615: do_swap_page: swapin tgid 814 pid 2368 name "power@1.3-servi" vma 7fba6ff000
           <...>-2368  [004] ....  2775.965624: do_swap_page: swapin tgid 814 pid 2368 name "power@1.3-servi" vma 7fba6fe000
 droid.launcher3-2006  [004] ....  2775.965640: do_swap_page: swapin tgid 2006 pid 2006 name "droid.launcher3" vma 9efc6000
 droid.launcher3-2006  [004] ....  2775.965650: do_swap_page: swapin tgid 2006 pid 2006 name "droid.launcher3" vma 13d8b000
 droid.launcher3-2006  [004] ....  2775.965662: do_swap_page: swapin tgid 2006 pid 2006 name "droid.launcher3" vma 7fbe170000
 droid.launcher3-2006  [004] ....  2775.965669: do_swap_page: swapin tgid 2006 pid 2006 name "droid.launcher3" vma 7fbe249000
 droid.launcher3-2006  [004] ....  2775.965673: do_swap_page: swapin tgid 2006 pid 2006 name "droid.launcher3" vma 7f289fb000
 droid.launcher3-2006  [004] ....  2775.965688: do_swap_page: swapin tgid 2006 pid 2006 name "droid.launcher3" vma 13d8c000
 droid.launcher3-2006  [004] ....  2775.965689: do_swap_page: swapin tgid 2006 pid 2006 name "droid.launcher3" vma 9efc5000
 droid.launcher3-2006  [004] ....  2775.965711: do_swap_page: swapin tgid 2006 pid 2006 name "droid.launcher3" vma 9f0c2000
 android.display-1358  [004] ....  2775.965768: do_swap_page: swapin tgid 1335 pid 1358 name "android.display" vma 9f27e000
 android.display-1358  [004] ....  2775.965776: do_swap_page: swapin tgid 1335 pid 1358 name "android.display" vma 9f27f000
           <...>-1356  [004] ....  2775.965804: do_swap_page: swapin tgid 1335 pid 1356 name "android.ui" vma 9f2cf000
           <...>-1356  [004] ....  2775.965877: do_swap_page: swapin tgid 1335 pid 1356 name "android.ui" vma 9f198000
           <...>-2367  [004] ....  2775.966497: do_swap_page: swapin tgid 814 pid 2367 name "NodeLooperThrea" vma 7fbb81b000
           <...>-2367  [004] ....  2775.967049: do_swap_page: swapin tgid 814 pid 2367 name "NodeLooperThrea" vma 7fbb84e000
           <...>-2367  [004] ....  2775.967102: do_swap_page: swapin tgid 814 pid 2367 name "NodeLooperThrea" vma 7fbb81d000
 droid.launcher3-2006  [004] ....  2775.967155: do_swap_page: swapin tgid 2006 pid 2006 name "droid.launcher3" vma 9f0c2000
 droid.launcher3-2006  [004] ....  2775.967162: do_swap_page: swapin tgid 2006 pid 2006 name "droid.launcher3" vma 9f0d3000
 android.display-1358  [004] ....  2775.967196: do_swap_page: swapin tgid 1335 pid 1358 name "android.display" vma 9f27f000
 android.display-1358  [004] ....  2775.967206: do_swap_page: swapin tgid 1335 pid 1358 name "android.display" vma 14aa2000
 android.display-1358  [004] ....  2775.967234: do_swap_page: swapin tgid 1335 pid 1358 name "android.display" vma 7f2d669000
 android.display-1358  [004] ....  2775.967244: do_swap_page: swapin tgid 1335 pid 1358 name "android.display" vma 7f28b1d000
 android.display-1358  [004] ....  2775.967247: do_swap_page: swapin tgid 1335 pid 1358 name "android.display" vma 7f28b1e000
 android.display-1358  [004] ....  2775.967251: do_swap_page: swapin tgid 1335 pid 1358 name "android.display" vma 7e57ce8000
           <...>-2367  [004] ....  2775.967326: do_swap_page: swapin tgid 814 pid 2367 name "NodeLooperThrea" vma 7fbb81d000
           <...>-2367  [004] ....  2775.967488: do_swap_page: swapin tgid 814 pid 2367 name "NodeLooperThrea" vma 7fbb85b000
 droid.launcher3-2006  [004] ....  2775.967530: do_swap_page: swapin tgid 2006 pid 2006 name "droid.launcher3" vma 9f0d3000
 droid.launcher3-2006  [004] ....  2775.967537: do_swap_page: swapin tgid 2006 pid 2006 name "droid.launcher3" vma 9f0cd000
 ndroid.systemui-1683  [004] ....  2775.967578: do_swap_page: swapin tgid 1683 pid 1683 name "ndroid.systemui" vma 9f1dd000
 ndroid.systemui-1683  [004] ....  2775.967598: do_swap_page: swapin tgid 1683 pid 1683 name "ndroid.systemui" vma 13e0f000
 ndroid.systemui-1683  [004] ....  2775.967604: do_swap_page: swapin tgid 1683 pid 1683 name "ndroid.systemui" vma 9f1be000
           <...>-2367  [004] ....  2775.967672: do_swap_page: swapin tgid 814 pid 2367 name "NodeLooperThrea" vma 7fbb85b000
 droid.launcher3-2006  [004] ....  2775.967816: do_swap_page: swapin tgid 2006 pid 2006 name "droid.launcher3" vma 9f0cd000
 droid.launcher3-2006  [004] ....  2775.967846: do_swap_page: swapin tgid 2006 pid 2006 name "droid.launcher3" vma 7fbe1f5000
 droid.launcher3-2006  [004] ....  2775.967857: do_swap_page: swapin tgid 2006 pid 2006 name "droid.launcher3" vma 7fbe167000
 droid.launcher3-2006  [004] ....  2775.967860: do_swap_page: swapin tgid 2006 pid 2006 name "droid.launcher3" vma 7f3507f000
 droid.launcher3-2006  [004] ....  2775.967882: do_swap_page: swapin tgid 2006 pid 2006 name "droid.launcher3" vma 13140000
 droid.launcher3-2006  [004] ....  2775.967888: do_swap_page: swapin tgid 2006 pid 2006 name "droid.launcher3" vma 13d96000
 droid.launcher3-2006  [004] ....  2775.967894: do_swap_page: swapin tgid 2006 pid 2006 name "droid.launcher3" vma 7eccad7000
 droid.launcher3-2006  [004] ....  2775.967897: do_swap_page: swapin tgid 2006 pid 2006 name "droid.launcher3" vma 7f28b5d000
 droid.launcher3-2006  [004] ....  2775.967909: do_swap_page: swapin tgid 2006 pid 2006 name "droid.launcher3" vma 13d95000
 droid.launcher3-2006  [004] ....  2775.967912: do_swap_page: swapin tgid 2006 pid 2006 name "droid.launcher3" vma 7eccad8000
 droid.launcher3-2006  [004] ....  2775.967919: do_swap_page: swapin tgid 2006 pid 2006 name "droid.launcher3" vma 9ef8e000
 droid.launcher3-2006  [004] ....  2775.967923: do_swap_page: swapin tgid 2006 pid 2006 name "droid.launcher3" vma 7fbe264000
 droid.launcher3-2006  [004] ....  2775.967926: do_swap_page: swapin tgid 2006 pid 2006 name "droid.launcher3" vma 9ef8f000
           <...>-1356  [004] ....  2775.967964: do_swap_page: swapin tgid 1335 pid 1356 name "android.ui" vma 9f198000
           <...>-1356  [004] ....  2775.967975: do_swap_page: swapin tgid 1335 pid 1356 name "android.ui" vma 13cb1000
           <...>-1356  [004] ....  2775.967978: do_swap_page: swapin tgid 1335 pid 1356 name "android.ui" vma 9efbe000
           <...>-2367  [004] ....  2775.968237: do_swap_page: swapin tgid 814 pid 2367 name "NodeLooperThrea" vma 7fbd26b000
           <...>-2367  [004] ....  2775.968243: do_swap_page: swapin tgid 814 pid 2367 name "NodeLooperThrea" vma 7fbd26c000
           <...>-2367  [004] ....  2775.968247: do_swap_page: swapin tgid 814 pid 2367 name "NodeLooperThrea" vma 7fbd240000
           <...>-2367  [004] ....  2775.968253: do_swap_page: swapin tgid 814 pid 2367 name "NodeLooperThrea" vma 7fbe025000
           <...>-2367  [004] ....  2775.968265: do_swap_page: swapin tgid 814 pid 2367 name "NodeLooperThrea" vma 7fbd20a000
           <...>-2367  [004] ....  2775.968271: do_swap_page: swapin tgid 814 pid 2367 name "NodeLooperThrea" vma 7fbd20e000
           <...>-2367  [004] ....  2775.968274: do_swap_page: swapin tgid 814 pid 2367 name "NodeLooperThrea" vma 7fbe024000
           <...>-1356  [004] ....  2775.968328: do_swap_page: swapin tgid 1335 pid 1356 name "android.ui" vma 7eb42bb000
           <...>-1356  [004] ....  2775.968336: do_swap_page: swapin tgid 1335 pid 1356 name "android.ui" vma 13f33000
           <...>-1356  [004] ....  2775.968361: do_swap_page: swapin tgid 1335 pid 1356 name "android.ui" vma 7f2d6c2000
           <...>-1356  [004] ....  2775.968376: do_swap_page: swapin tgid 1335 pid 1356 name "android.ui" vma 7fbe34a000
           <...>-1356  [004] ....  2775.968399: do_swap_page: swapin tgid 1335 pid 1356 name "android.ui" vma 7f2afa3000
           <...>-2367  [004] ....  2775.968448: do_swap_page: swapin tgid 814 pid 2367 name "NodeLooperThrea" vma 7fbe024000
           <...>-2367  [004] ....  2775.968462: do_swap_page: swapin tgid 814 pid 2367 name "NodeLooperThrea" vma 7fbb7fa000
           <...>-2367  [004] ....  2775.968470: do_swap_page: swapin tgid 814 pid 2367 name "NodeLooperThrea" vma 7fbd212000
           <...>-2367  [004] ....  2775.968473: do_swap_page: swapin tgid 814 pid 2367 name "NodeLooperThrea" vma 7fbd9fe000
 droid.launcher3-2006  [004] ....  2775.968518: do_swap_page: swapin tgid 2006 pid 2006 name "droid.launcher3" vma 9ef8f000
 droid.launcher3-2006  [004] ....  2775.968534: do_swap_page: swapin tgid 2006 pid 2006 name "droid.launcher3" vma 9efa7000
 droid.launcher3-2006  [004] ....  2775.968536: do_swap_page: swapin tgid 2006 pid 2006 name "droid.launcher3" vma 9ef90000
 droid.launcher3-2006  [004] ....  2775.968544: do_swap_page: swapin tgid 2006 pid 2006 name "droid.launcher3" vma 13146000
 droid.launcher3-2006  [004] ....  2775.968547: do_swap_page: swapin tgid 2006 pid 2006 name "droid.launcher3" vma 7eccad6000
 droid.launcher3-2006  [004] ....  2775.968549: do_swap_page: swapin tgid 2006 pid 2006 name "droid.launcher3" vma 9efa8000
 ndroid.systemui-1683  [004] ....  2775.968589: do_swap_page: swapin tgid 1683 pid 1683 name "ndroid.systemui" vma 9f1be000
 ndroid.systemui-1683  [004] ....  2775.968662: do_swap_page: swapin tgid 1683 pid 1683 name "ndroid.systemui" vma 7eb5605000
 ndroid.systemui-1683  [004] ....  2775.968703: do_swap_page: swapin tgid 1683 pid 1683 name "ndroid.systemui" vma 9f1f1000
           <...>-1445  [004] ....  2775.968750: do_swap_page: swapin tgid 1335 pid 1445 name "InputDispatcher" vma 7e857b0000
           <...>-634   [004] ....  2775.969138: do_swap_page: swapin tgid 601 pid 634 name "HwBinder:601_2" vma 7fbd049000
           <...>-634   [004] ....  2775.969157: do_swap_page: swapin tgid 601 pid 634 name "HwBinder:601_2" vma 7fbd022000
           <...>-634   [004] ....  2775.969165: do_swap_page: swapin tgid 601 pid 634 name "HwBinder:601_2" vma 7fbd078000
           <...>-634   [004] ....  2775.969177: do_swap_page: swapin tgid 601 pid 634 name "HwBinder:601_2" vma 7fbd033000
           <...>-634   [004] ....  2775.969191: do_swap_page: swapin tgid 601 pid 634 name "HwBinder:601_2" vma 7fbd032000
           <...>-2367  [004] ....  2775.969381: do_swap_page: swapin tgid 814 pid 2367 name "NodeLooperThrea" vma 7fbd9fe000
           <...>-2367  [004] ....  2775.969406: do_swap_page: swapin tgid 814 pid 2367 name "NodeLooperThrea" vma 7fbf5e3000
 droid.launcher3-2006  [004] ....  2775.969439: do_swap_page: swapin tgid 2006 pid 2006 name "droid.launcher3" vma 9efa8000
 droid.launcher3-2006  [004] ....  2775.969506: do_swap_page: swapin tgid 2006 pid 2006 name "droid.launcher3" vma 9f096000
 droid.launcher3-2006  [004] ....  2775.969519: do_swap_page: swapin tgid 2006 pid 2006 name "droid.launcher3" vma 7f2dcc2000
 droid.launcher3-2006  [004] ....  2775.969535: do_swap_page: swapin tgid 2006 pid 2006 name "droid.launcher3" vma 9f0a0000
 droid.launcher3-2006  [004] ....  2775.969540: do_swap_page: swapin tgid 2006 pid 2006 name "droid.launcher3" vma 9efa9000
 droid.launcher3-2006  [004] ....  2775.969543: do_swap_page: swapin tgid 2006 pid 2006 name "droid.launcher3" vma 7f2dcc3000
 droid.launcher3-2006  [004] ....  2775.969550: do_swap_page: swapin tgid 2006 pid 2006 name "droid.launcher3" vma 9efe6000
           <...>-1445  [004] ....  2775.969595: do_swap_page: swapin tgid 1335 pid 1445 name "InputDispatcher" vma 7e857b0000
           <...>-1445  [004] ....  2775.969606: do_swap_page: swapin tgid 1335 pid 1445 name "InputDispatcher" vma 7ed0c4a000
           <...>-634   [004] ....  2775.969641: do_swap_page: swapin tgid 601 pid 634 name "HwBinder:601_2" vma 7fbd032000
           <...>-634   [004] ....  2775.969651: do_swap_page: swapin tgid 601 pid 634 name "HwBinder:601_2" vma 7fbd096000
           <...>-2367  [004] ....  2775.969704: do_swap_page: swapin tgid 814 pid 2367 name "NodeLooperThrea" vma 7fbf5e3000
           <...>-2367  [004] ....  2775.969729: do_swap_page: swapin tgid 814 pid 2367 name "NodeLooperThrea" vma 7fbd7f3000
           <...>-634   [004] ....  2775.969853: do_swap_page: swapin tgid 601 pid 634 name "HwBinder:601_2" vma 7fbd096000
           <...>-634   [004] ....  2775.969880: do_swap_page: swapin tgid 601 pid 634 name "HwBinder:601_2" vma 7fbd093000
           <...>-634   [004] ....  2775.969885: do_swap_page: swapin tgid 601 pid 634 name "HwBinder:601_2" vma 7fbd00e000
           <...>-634   [004] ....  2775.969893: do_swap_page: swapin tgid 601 pid 634 name "HwBinder:601_2" vma 7fb6079000
     logd.writer-570   [004] ....  2775.970027: do_swap_page: swapin tgid 556 pid 570 name "logd.writer" vma 7fbc009000
     logd.writer-570   [004] ....  2775.970043: do_swap_page: swapin tgid 556 pid 570 name "logd.writer" vma 7fbbe0a000
     logd.writer-570   [004] ....  2775.970052: do_swap_page: swapin tgid 556 pid 570 name "logd.writer" vma 7fbbfba000
     logd.writer-570   [004] ....  2775.970059: do_swap_page: swapin tgid 556 pid 570 name "logd.writer" vma 7fbbf32000
           <...>-634   [004] ....  2775.970104: do_swap_page: swapin tgid 601 pid 634 name "HwBinder:601_2" vma 7fb6079000
           <...>-634   [004] ....  2775.970112: do_swap_page: swapin tgid 601 pid 634 name "HwBinder:601_2" vma 7fbd072000
           <...>-634   [004] ....  2775.970115: do_swap_page: swapin tgid 601 pid 634 name "HwBinder:601_2" vma 7fbd073000
           <...>-634   [004] ....  2775.970165: do_swap_page: swapin tgid 601 pid 634 name "HwBinder:601_2" vma 7fbd49c000
           <...>-634   [004] ....  2775.970526: do_swap_page: swapin tgid 601 pid 634 name "HwBinder:601_2" vma 7fb7168000
           <...>-634   [004] ....  2775.970540: do_swap_page: swapin tgid 601 pid 634 name "HwBinder:601_2" vma 7fb7169000
           <...>-634   [004] ....  2775.970542: do_swap_page: swapin tgid 601 pid 634 name "HwBinder:601_2" vma 7fb716a000
           <...>-634   [004] ....  2775.970545: do_swap_page: swapin tgid 601 pid 634 name "HwBinder:601_2" vma 7fb716b000
           <...>-634   [004] ....  2775.970548: do_swap_page: swapin tgid 601 pid 634 name "HwBinder:601_2" vma 7fb716c000
           <...>-634   [004] ....  2775.970550: do_swap_page: swapin tgid 601 pid 634 name "HwBinder:601_2" vma 7fb716d000
           <...>-634   [004] ....  2775.970553: do_swap_page: swapin tgid 601 pid 634 name "HwBinder:601_2" vma 7fb716e000
           <...>-634   [004] ....  2775.970556: do_swap_page: swapin tgid 601 pid 634 name "HwBinder:601_2" vma 7fb716f000
           <...>-634   [004] ....  2775.970559: do_swap_page: swapin tgid 601 pid 634 name "HwBinder:601_2" vma 7fb7170000
           <...>-634   [004] ....  2775.970561: do_swap_page: swapin tgid 601 pid 634 name "HwBinder:601_2" vma 7fb7171000
           <...>-634   [004] ....  2775.970564: do_swap_page: swapin tgid 601 pid 634 name "HwBinder:601_2" vma 7fb7172000
           <...>-634   [004] ....  2775.970566: do_swap_page: swapin tgid 601 pid 634 name "HwBinder:601_2" vma 7fb7173000
           <...>-634   [004] ....  2775.970569: do_swap_page: swapin tgid 601 pid 634 name "HwBinder:601_2" vma 7fb7174000
           <...>-634   [004] ....  2775.970572: do_swap_page: swapin tgid 601 pid 634 name "HwBinder:601_2" vma 7fb7175000
           <...>-634   [004] ....  2775.970575: do_swap_page: swapin tgid 601 pid 634 name "HwBinder:601_2" vma 7fb7176000
           <...>-634   [004] ....  2775.970578: do_swap_page: swapin tgid 601 pid 634 name "HwBinder:601_2" vma 7fb7177000
           <...>-634   [004] ....  2775.970581: do_swap_page: swapin tgid 601 pid 634 name "HwBinder:601_2" vma 7fb7178000
           <...>-634   [004] ....  2775.970583: do_swap_page: swapin tgid 601 pid 634 name "HwBinder:601_2" vma 7fb7179000
           <...>-634   [004] ....  2775.970586: do_swap_page: swapin tgid 601 pid 634 name "HwBinder:601_2" vma 7fb717a000
           <...>-634   [004] ....  2775.970588: do_swap_page: swapin tgid 601 pid 634 name "HwBinder:601_2" vma 7fb717b000
           <...>-634   [004] ....  2775.970591: do_swap_page: swapin tgid 601 pid 634 name "HwBinder:601_2" vma 7fb717c000
           <...>-634   [004] ....  2775.970594: do_swap_page: swapin tgid 601 pid 634 name "HwBinder:601_2" vma 7fb717d000
           <...>-634   [004] ....  2775.970606: do_swap_page: swapin tgid 601 pid 634 name "HwBinder:601_2" vma 7fb717e000
           <...>-634   [004] ....  2775.970609: do_swap_page: swapin tgid 601 pid 634 name "HwBinder:601_2" vma 7fb717f000
           <...>-634   [004] ....  2775.970611: do_swap_page: swapin tgid 601 pid 634 name "HwBinder:601_2" vma 7fb7180000
           <...>-634   [004] ....  2775.970614: do_swap_page: swapin tgid 601 pid 634 name "HwBinder:601_2" vma 7fb7181000
           <...>-634   [004] ....  2775.970617: do_swap_page: swapin tgid 601 pid 634 name "HwBinder:601_2" vma 7fb7182000
           <...>-634   [004] ....  2775.970619: do_swap_page: swapin tgid 601 pid 634 name "HwBinder:601_2" vma 7fb7183000
           <...>-634   [004] ....  2775.970621: do_swap_page: swapin tgid 601 pid 634 name "HwBinder:601_2" vma 7fb7184000
           <...>-634   [004] ....  2775.970647: do_swap_page: swapin tgid 601 pid 634 name "HwBinder:601_2" vma 7fbd0d1000
           <...>-634   [004] ....  2775.970652: do_swap_page: swapin tgid 601 pid 634 name "HwBinder:601_2" vma 7fbd0d3000
           <...>-634   [004] ....  2775.970656: do_swap_page: swapin tgid 601 pid 634 name "HwBinder:601_2" vma 7fbd0d5000
           <...>-634   [004] ....  2775.970668: do_swap_page: swapin tgid 601 pid 634 name "HwBinder:601_2" vma 7fbd0dc000
           <...>-634   [004] ....  2775.970670: do_swap_page: swapin tgid 601 pid 634 name "HwBinder:601_2" vma 7fbd0dd000
           <...>-634   [004] ....  2775.970673: do_swap_page: swapin tgid 601 pid 634 name "HwBinder:601_2" vma 7fbd0de000
           <...>-634   [004] ....  2775.970675: do_swap_page: swapin tgid 601 pid 634 name "HwBinder:601_2" vma 7fbd0df000
           <...>-634   [004] ....  2775.970678: do_swap_page: swapin tgid 601 pid 634 name "HwBinder:601_2" vma 7fbd0e0000
           <...>-634   [004] ....  2775.970680: do_swap_page: swapin tgid 601 pid 634 name "HwBinder:601_2" vma 7fbd0e1000
           <...>-634   [004] ....  2775.970683: do_swap_page: swapin tgid 601 pid 634 name "HwBinder:601_2" vma 7fbd0e2000
           <...>-634   [004] ....  2775.970685: do_swap_page: swapin tgid 601 pid 634 name "HwBinder:601_2" vma 7fbd0e3000
           <...>-634   [004] ....  2775.970688: do_swap_page: swapin tgid 601 pid 634 name "HwBinder:601_2" vma 7fbd0e4000
           <...>-634   [004] ....  2775.970691: do_swap_page: swapin tgid 601 pid 634 name "HwBinder:601_2" vma 7fbd0e5000
           <...>-634   [004] ....  2775.970693: do_swap_page: swapin tgid 601 pid 634 name "HwBinder:601_2" vma 7fbd0e6000
           <...>-634   [004] ....  2775.970697: do_swap_page: swapin tgid 601 pid 634 name "HwBinder:601_2" vma 7fbd0e7000
           <...>-634   [004] ....  2775.970699: do_swap_page: swapin tgid 601 pid 634 name "HwBinder:601_2" vma 7fbd0e8000
           <...>-634   [004] ....  2775.970702: do_swap_page: swapin tgid 601 pid 634 name "HwBinder:601_2" vma 7fbd0e9000
           <...>-634   [004] ....  2775.970704: do_swap_page: swapin tgid 601 pid 634 name "HwBinder:601_2" vma 7fbd0ea000
           <...>-634   [004] ....  2775.970707: do_swap_page: swapin tgid 601 pid 634 name "HwBinder:601_2" vma 7fbd0eb000
           <...>-634   [004] ....  2775.970710: do_swap_page: swapin tgid 601 pid 634 name "HwBinder:601_2" vma 7fbd0ec000
           <...>-634   [004] ....  2775.970713: do_swap_page: swapin tgid 601 pid 634 name "HwBinder:601_2" vma 7fbd0ed000
           <...>-634   [004] ....  2775.970737: do_swap_page: swapin tgid 601 pid 634 name "HwBinder:601_2" vma 7fbf5e4000
 droid.launcher3-2006  [004] ....  2775.970855: do_swap_page: swapin tgid 2006 pid 2006 name "droid.launcher3" vma 9efe6000
 droid.launcher3-2006  [004] ....  2775.970864: do_swap_page: swapin tgid 2006 pid 2006 name "droid.launcher3" vma 9efc1000
 droid.launcher3-2006  [004] ....  2775.970867: do_swap_page: swapin tgid 2006 pid 2006 name "droid.launcher3" vma 9ef77000
 droid.launcher3-2006  [004] ....  2775.970871: do_swap_page: swapin tgid 2006 pid 2006 name "droid.launcher3" vma 9f133000
 droid.launcher3-2006  [004] ....  2775.970877: do_swap_page: swapin tgid 2006 pid 2006 name "droid.launcher3" vma 9f0a5000
           <...>-634   [004] ....  2775.970969: do_swap_page: swapin tgid 601 pid 634 name "HwBinder:601_2" vma 7fbf5e4000
           <...>-634   [004] ....  2775.970996: do_swap_page: swapin tgid 601 pid 634 name "HwBinder:601_2" vma 7fb7167000
           <...>-634   [004] ....  2775.971003: do_swap_page: swapin tgid 601 pid 634 name "HwBinder:601_2" vma 7fb7166000
           <...>-634   [004] ....  2775.971018: do_swap_page: swapin tgid 601 pid 634 name "HwBinder:601_2" vma 7fb4447000
           <...>-634   [004] ....  2775.971022: do_swap_page: swapin tgid 601 pid 634 name "HwBinder:601_2" vma 7fb4448000
           <...>-634   [004] ....  2775.971034: do_swap_page: swapin tgid 601 pid 634 name "HwBinder:601_2" vma 7fb44a6000
           <...>-634   [004] ....  2775.971037: do_swap_page: swapin tgid 601 pid 634 name "HwBinder:601_2" vma 7fb44a7000
           <...>-634   [004] ....  2775.971040: do_swap_page: swapin tgid 601 pid 634 name "HwBinder:601_2" vma 7fb44a5000
           <...>-634   [004] ....  2775.971046: do_swap_page: swapin tgid 601 pid 634 name "HwBinder:601_2" vma 7fb44a8000
           <...>-634   [004] ....  2775.971100: do_swap_page: swapin tgid 601 pid 634 name "HwBinder:601_2" vma 7fb5e76000
           <...>-1356  [004] ....  2775.971154: do_swap_page: swapin tgid 1335 pid 1356 name "android.ui" vma 7f2afa3000
           <...>-1356  [004] ....  2775.971168: do_swap_page: swapin tgid 1335 pid 1356 name "android.ui" vma 9f2d4000
 ndroid.systemui-1683  [004] ....  2775.971272: do_swap_page: swapin tgid 1683 pid 1683 name "ndroid.systemui" vma 9f1f1000
 ndroid.systemui-1683  [004] ....  2775.971286: do_swap_page: swapin tgid 1683 pid 1683 name "ndroid.systemui" vma 9f1b5000
           <...>-634   [004] ....  2775.971338: do_swap_page: swapin tgid 601 pid 634 name "HwBinder:601_2" vma 7fb5e76000
           <...>-634   [004] ....  2775.971390: do_swap_page: swapin tgid 601 pid 634 name "HwBinder:601_2" vma 7fbd021000
           <...>-634   [004] ....  2775.971597: do_swap_page: swapin tgid 601 pid 634 name "HwBinder:601_2" vma 7fbd021000
           <...>-634   [004] ....  2775.971642: do_swap_page: swapin tgid 601 pid 634 name "HwBinder:601_2" vma 7fbd094000
 droid.launcher3-2006  [004] ....  2775.971670: do_swap_page: swapin tgid 2006 pid 2006 name "droid.launcher3" vma 9f0a5000
 droid.launcher3-2006  [004] ....  2775.971679: do_swap_page: swapin tgid 2006 pid 2006 name "droid.launcher3" vma 9efb5000
 droid.launcher3-2006  [004] ....  2775.971683: do_swap_page: swapin tgid 2006 pid 2006 name "droid.launcher3" vma 9f09a000
           <...>-1356  [004] ....  2775.971698: do_swap_page: swapin tgid 1335 pid 1356 name "android.ui" vma 9f2d4000
           <...>-1356  [004] ....  2775.971705: do_swap_page: swapin tgid 1335 pid 1356 name "android.ui" vma 9f161000
 ndroid.systemui-1683  [004] ....  2775.971769: do_swap_page: swapin tgid 1683 pid 1683 name "ndroid.systemui" vma 9f1b5000
 ndroid.systemui-1683  [004] ....  2775.971788: do_swap_page: swapin tgid 1683 pid 1683 name "ndroid.systemui" vma 7fbe1a4000
           <...>-634   [004] ....  2775.971814: do_swap_page: swapin tgid 601 pid 634 name "HwBinder:601_2" vma 7fbd094000
           <...>-634   [004] ....  2775.971839: do_swap_page: swapin tgid 601 pid 634 name "HwBinder:601_2" vma 7fb712d000
           <...>-634   [004] ....  2775.971844: do_swap_page: swapin tgid 601 pid 634 name "HwBinder:601_2" vma 7fb714b000
           <...>-634   [004] ....  2775.971847: do_swap_page: swapin tgid 601 pid 634 name "HwBinder:601_2" vma 7fb714c000
           <...>-634   [004] ....  2775.971850: do_swap_page: swapin tgid 601 pid 634 name "HwBinder:601_2" vma 7fb714d000
           <...>-634   [004] ....  2775.971853: do_swap_page: swapin tgid 601 pid 634 name "HwBinder:601_2" vma 7fb714e000
           <...>-634   [004] ....  2775.971855: do_swap_page: swapin tgid 601 pid 634 name "HwBinder:601_2" vma 7fb714f000
           <...>-634   [004] ....  2775.971858: do_swap_page: swapin tgid 601 pid 634 name "HwBinder:601_2" vma 7fb7150000
           <...>-634   [004] ....  2775.971864: do_swap_page: swapin tgid 601 pid 634 name "HwBinder:601_2" vma 7fb7151000
           <...>-634   [004] ....  2775.971867: do_swap_page: swapin tgid 601 pid 634 name "HwBinder:601_2" vma 7fb7152000
           <...>-634   [004] ....  2775.971869: do_swap_page: swapin tgid 601 pid 634 name "HwBinder:601_2" vma 7fb7153000
           <...>-634   [004] ....  2775.971872: do_swap_page: swapin tgid 601 pid 634 name "HwBinder:601_2" vma 7fb7154000
           <...>-634   [004] ....  2775.971874: do_swap_page: swapin tgid 601 pid 634 name "HwBinder:601_2" vma 7fb7155000
           <...>-634   [004] ....  2775.971877: do_swap_page: swapin tgid 601 pid 634 name "HwBinder:601_2" vma 7fb7156000
           <...>-634   [004] ....  2775.971880: do_swap_page: swapin tgid 601 pid 634 name "HwBinder:601_2" vma 7fb7157000
           <...>-634   [004] ....  2775.971882: do_swap_page: swapin tgid 601 pid 634 name "HwBinder:601_2" vma 7fb7158000
           <...>-634   [004] ....  2775.971885: do_swap_page: swapin tgid 601 pid 634 name "HwBinder:601_2" vma 7fb7159000
           <...>-634   [004] ....  2775.972077: do_swap_page: swapin tgid 601 pid 634 name "HwBinder:601_2" vma 7fb715a000
           <...>-634   [004] ....  2775.972081: do_swap_page: swapin tgid 601 pid 634 name "HwBinder:601_2" vma 7fb715b000
           <...>-634   [004] ....  2775.972083: do_swap_page: swapin tgid 601 pid 634 name "HwBinder:601_2" vma 7fb715c000
           <...>-634   [004] ....  2775.972085: do_swap_page: swapin tgid 601 pid 634 name "HwBinder:601_2" vma 7fb715d000
           <...>-634   [004] ....  2775.972088: do_swap_page: swapin tgid 601 pid 634 name "HwBinder:601_2" vma 7fb715e000
           <...>-634   [004] ....  2775.972091: do_swap_page: swapin tgid 601 pid 634 name "HwBinder:601_2" vma 7fb715f000
           <...>-634   [004] ....  2775.972093: do_swap_page: swapin tgid 601 pid 634 name "HwBinder:601_2" vma 7fb7160000
           <...>-634   [004] ....  2775.972096: do_swap_page: swapin tgid 601 pid 634 name "HwBinder:601_2" vma 7fb7161000
           <...>-634   [004] ....  2775.972103: do_swap_page: swapin tgid 601 pid 634 name "HwBinder:601_2" vma 7fb7162000
           <...>-634   [004] ....  2775.972105: do_swap_page: swapin tgid 601 pid 634 name "HwBinder:601_2" vma 7fb7163000
           <...>-634   [004] ....  2775.972108: do_swap_page: swapin tgid 601 pid 634 name "HwBinder:601_2" vma 7fb7164000
           <...>-634   [004] ....  2775.972110: do_swap_page: swapin tgid 601 pid 634 name "HwBinder:601_2" vma 7fb7165000
           <...>-634   [004] ....  2775.972114: do_swap_page: swapin tgid 601 pid 634 name "HwBinder:601_2" vma 7fbd056000
           <...>-634   [004] ....  2775.972119: do_swap_page: swapin tgid 601 pid 634 name "HwBinder:601_2" vma 7fb712e000
           <...>-634   [004] ....  2775.972121: do_swap_page: swapin tgid 601 pid 634 name "HwBinder:601_2" vma 7fb712f000
           <...>-634   [004] ....  2775.972124: do_swap_page: swapin tgid 601 pid 634 name "HwBinder:601_2" vma 7fb7130000
           <...>-634   [004] ....  2775.972126: do_swap_page: swapin tgid 601 pid 634 name "HwBinder:601_2" vma 7fb7131000
           <...>-634   [004] ....  2775.972129: do_swap_page: swapin tgid 601 pid 634 name "HwBinder:601_2" vma 7fb7132000
           <...>-634   [004] ....  2775.972131: do_swap_page: swapin tgid 601 pid 634 name "HwBinder:601_2" vma 7fb7133000
           <...>-634   [004] ....  2775.972135: do_swap_page: swapin tgid 601 pid 634 name "HwBinder:601_2" vma 7fb7134000
           <...>-634   [004] ....  2775.972137: do_swap_page: swapin tgid 601 pid 634 name "HwBinder:601_2" vma 7fb7135000
           <...>-634   [004] ....  2775.972139: do_swap_page: swapin tgid 601 pid 634 name "HwBinder:601_2" vma 7fb7136000
           <...>-634   [004] ....  2775.972141: do_swap_page: swapin tgid 601 pid 634 name "HwBinder:601_2" vma 7fb7137000
           <...>-634   [004] ....  2775.972143: do_swap_page: swapin tgid 601 pid 634 name "HwBinder:601_2" vma 7fb7138000
           <...>-634   [004] ....  2775.972146: do_swap_page: swapin tgid 601 pid 634 name "HwBinder:601_2" vma 7fb7139000
           <...>-634   [004] ....  2775.972148: do_swap_page: swapin tgid 601 pid 634 name "HwBinder:601_2" vma 7fb713a000
           <...>-634   [004] ....  2775.972151: do_swap_page: swapin tgid 601 pid 634 name "HwBinder:601_2" vma 7fb713b000
           <...>-634   [004] ....  2775.972153: do_swap_page: swapin tgid 601 pid 634 name "HwBinder:601_2" vma 7fb713c000
           <...>-634   [004] ....  2775.972155: do_swap_page: swapin tgid 601 pid 634 name "HwBinder:601_2" vma 7fb713d000
           <...>-634   [004] ....  2775.972158: do_swap_page: swapin tgid 601 pid 634 name "HwBinder:601_2" vma 7fb713e000
           <...>-634   [004] ....  2775.972160: do_swap_page: swapin tgid 601 pid 634 name "HwBinder:601_2" vma 7fb713f000
           <...>-634   [004] ....  2775.972163: do_swap_page: swapin tgid 601 pid 634 name "HwBinder:601_2" vma 7fb7140000
           <...>-634   [004] ....  2775.972165: do_swap_page: swapin tgid 601 pid 634 name "HwBinder:601_2" vma 7fb7141000
           <...>-634   [004] ....  2775.972169: do_swap_page: swapin tgid 601 pid 634 name "HwBinder:601_2" vma 7fb7142000
           <...>-634   [004] ....  2775.972171: do_swap_page: swapin tgid 601 pid 634 name "HwBinder:601_2" vma 7fb7143000
           <...>-634   [004] ....  2775.972173: do_swap_page: swapin tgid 601 pid 634 name "HwBinder:601_2" vma 7fb7144000
           <...>-634   [004] ....  2775.972175: do_swap_page: swapin tgid 601 pid 634 name "HwBinder:601_2" vma 7fb7145000
           <...>-634   [004] ....  2775.972177: do_swap_page: swapin tgid 601 pid 634 name "HwBinder:601_2" vma 7fb7146000
           <...>-634   [004] ....  2775.972179: do_swap_page: swapin tgid 601 pid 634 name "HwBinder:601_2" vma 7fb7147000
           <...>-634   [004] ....  2775.972181: do_swap_page: swapin tgid 601 pid 634 name "HwBinder:601_2" vma 7fb7148000
           <...>-634   [004] ....  2775.972183: do_swap_page: swapin tgid 601 pid 634 name "HwBinder:601_2" vma 7fb7149000
           <...>-634   [004] ....  2775.972185: do_swap_page: swapin tgid 601 pid 634 name "HwBinder:601_2" vma 7fb714a000
           <...>-634   [004] ....  2775.972189: do_swap_page: swapin tgid 601 pid 634 name "HwBinder:601_2" vma 7fb456d000
 droid.launcher3-2006  [004] ....  2775.972343: do_swap_page: swapin tgid 2006 pid 2006 name "droid.launcher3" vma 9f09a000
 droid.launcher3-2006  [004] ....  2775.972367: do_swap_page: swapin tgid 2006 pid 2006 name "droid.launcher3" vma 9f0c1000
 ndroid.systemui-1683  [004] .n..  2775.972418: do_swap_page: swapin tgid 1683 pid 1683 name "ndroid.systemui" vma 1368a000
           <...>-634   [004] ....  2775.972424: do_swap_page: swapin tgid 601 pid 634 name "HwBinder:601_2" vma 7fb456d000
           <...>-634   [004] ....  2775.972430: do_swap_page: swapin tgid 601 pid 634 name "HwBinder:601_2" vma 7fb456e000
           <...>-1356  [004] ....  2775.972457: do_swap_page: swapin tgid 1335 pid 1356 name "android.ui" vma 9f161000
           <...>-1356  [004] ....  2775.972464: do_swap_page: swapin tgid 1335 pid 1356 name "android.ui" vma 9f00f000
 droid.launcher3-2006  [004] ....  2775.972489: do_swap_page: swapin tgid 2006 pid 2006 name "droid.launcher3" vma 9f0c1000
 droid.launcher3-2006  [004] ....  2775.972495: do_swap_page: swapin tgid 2006 pid 2006 name "droid.launcher3" vma 9f0a2000
 droid.launcher3-2006  [004] ....  2775.972498: do_swap_page: swapin tgid 2006 pid 2006 name "droid.launcher3" vma 9efc7000
 droid.launcher3-2006  [004] ....  2775.972502: do_swap_page: swapin tgid 2006 pid 2006 name "droid.launcher3" vma 13db3000
 droid.launcher3-2006  [004] ....  2775.972505: do_swap_page: swapin tgid 2006 pid 2006 name "droid.launcher3" vma 9efcc000
 droid.launcher3-2006  [004] ....  2775.972508: do_swap_page: swapin tgid 2006 pid 2006 name "droid.launcher3" vma 13d84000
 droid.launcher3-2006  [004] ....  2775.972510: do_swap_page: swapin tgid 2006 pid 2006 name "droid.launcher3" vma 9ef8c000
 droid.launcher3-2006  [004] ....  2775.972511: do_swap_page: swapin tgid 2006 pid 2006 name "droid.launcher3" vma 9efd1000
 droid.launcher3-2006  [004] ....  2775.972513: do_swap_page: swapin tgid 2006 pid 2006 name "droid.launcher3" vma 13d81000
 droid.launcher3-2006  [004] ....  2775.972515: do_swap_page: swapin tgid 2006 pid 2006 name "droid.launcher3" vma 9ef88000
 droid.launcher3-2006  [004] ....  2775.972517: do_swap_page: swapin tgid 2006 pid 2006 name "droid.launcher3" vma 9efda000
 droid.launcher3-2006  [004] ....  2775.972518: do_swap_page: swapin tgid 2006 pid 2006 name "droid.launcher3" vma 13d88000
 droid.launcher3-2006  [004] ....  2775.972520: do_swap_page: swapin tgid 2006 pid 2006 name "droid.launcher3" vma 9efb9000
 droid.launcher3-2006  [004] ....  2775.972521: do_swap_page: swapin tgid 2006 pid 2006 name "droid.launcher3" vma 9ef81000
 droid.launcher3-2006  [004] ....  2775.972523: do_swap_page: swapin tgid 2006 pid 2006 name "droid.launcher3" vma 13d85000
 droid.launcher3-2006  [004] ....  2775.972529: do_swap_page: swapin tgid 2006 pid 2006 name "droid.launcher3" vma 9efd2000
 droid.launcher3-2006  [004] ....  2775.972531: do_swap_page: swapin tgid 2006 pid 2006 name "droid.launcher3" vma 9efbe000
           <...>-634   [004] ....  2775.972556: do_swap_page: swapin tgid 601 pid 634 name "HwBinder:601_2" vma 7fb456e000
           <...>-634   [004] ....  2775.972562: do_swap_page: swapin tgid 601 pid 634 name "HwBinder:601_2" vma 7fb712c000
           <...>-634   [004] ....  2775.972564: do_swap_page: swapin tgid 601 pid 634 name "HwBinder:601_2" vma 7fb458b000
           <...>-1356  [004] ....  2775.972590: do_swap_page: swapin tgid 1335 pid 1356 name "android.ui" vma 9f13e000
 droid.launcher3-2006  [004] ....  2775.972611: do_swap_page: swapin tgid 2006 pid 2006 name "droid.launcher3" vma 13cf3000
 droid.launcher3-2006  [004] ....  2775.972613: do_swap_page: swapin tgid 2006 pid 2006 name "droid.launcher3" vma 9efb7000
 droid.launcher3-2006  [004] ....  2775.972615: do_swap_page: swapin tgid 2006 pid 2006 name "droid.launcher3" vma 9f003000
 droid.launcher3-2006  [004] ....  2775.972617: do_swap_page: swapin tgid 2006 pid 2006 name "droid.launcher3" vma 9f0ae000
 ndroid.systemui-1683  [004] ....  2775.972645: do_swap_page: swapin tgid 1683 pid 1683 name "ndroid.systemui" vma 1326d000
 ndroid.systemui-1683  [004] ....  2775.972653: do_swap_page: swapin tgid 1683 pid 1683 name "ndroid.systemui" vma 7eb53df000
 ndroid.systemui-1683  [004] ....  2775.972668: do_swap_page: swapin tgid 1683 pid 1683 name "ndroid.systemui" vma 9f194000
           <...>-634   [004] ....  2775.972703: do_swap_page: swapin tgid 601 pid 634 name "HwBinder:601_2" vma 7fb458b000
           <...>-634   [004] ....  2775.972708: do_swap_page: swapin tgid 601 pid 634 name "HwBinder:601_2" vma 7fb712b000
           <...>-634   [004] ....  2775.972715: do_swap_page: swapin tgid 601 pid 634 name "HwBinder:601_2" vma 7fb458c000
           <...>-634   [004] ....  2775.972870: do_swap_page: swapin tgid 601 pid 634 name "HwBinder:601_2" vma 7fb458c000
           <...>-634   [004] ....  2775.972875: do_swap_page: swapin tgid 601 pid 634 name "HwBinder:601_2" vma 7fb45aa000
           <...>-1356  [004] ....  2775.972925: do_swap_page: swapin tgid 1335 pid 1356 name "android.ui" vma 9f13e000
           <...>-1356  [004] ....  2775.972931: do_swap_page: swapin tgid 1335 pid 1356 name "android.ui" vma 9efa6000
 droid.launcher3-2006  [004] ....  2775.972954: do_swap_page: swapin tgid 2006 pid 2006 name "droid.launcher3" vma 9f0ae000
 droid.launcher3-2006  [004] ....  2775.972959: do_swap_page: swapin tgid 2006 pid 2006 name "droid.launcher3" vma 9f05a000
           <...>-1356  [004] ....  2775.973000: do_swap_page: swapin tgid 1335 pid 1356 name "android.ui" vma 9f078000
           <...>-634   [004] ....  2775.973087: do_swap_page: swapin tgid 601 pid 634 name "HwBinder:601_2" vma 7fb45aa000
           <...>-634   [004] ....  2775.973094: do_swap_page: swapin tgid 601 pid 634 name "HwBinder:601_2" vma 7fb458d000
 ndroid.systemui-1683  [004] ....  2775.973125: do_swap_page: swapin tgid 1683 pid 1683 name "ndroid.systemui" vma 9f194000
 droid.launcher3-2006  [004] ....  2775.973151: do_swap_page: swapin tgid 2006 pid 2006 name "droid.launcher3" vma 9f05a000
 droid.launcher3-2006  [004] ....  2775.973163: do_swap_page: swapin tgid 2006 pid 2006 name "droid.launcher3" vma 7fffffb000
 droid.launcher3-2006  [004] ....  2775.973169: do_swap_page: swapin tgid 2006 pid 2006 name "droid.launcher3" vma 7ecca84000
 droid.launcher3-2006  [004] ....  2775.973176: do_swap_page: swapin tgid 2006 pid 2006 name "droid.launcher3" vma 7f289f8000
 droid.launcher3-2006  [004] ....  2775.973181: do_swap_page: swapin tgid 2006 pid 2006 name "droid.launcher3" vma 13145000
 droid.launcher3-2006  [004] ....  2775.973185: do_swap_page: swapin tgid 2006 pid 2006 name "droid.launcher3" vma 9f0b3000
           <...>-634   [004] ....  2775.973232: do_swap_page: swapin tgid 601 pid 634 name "HwBinder:601_2" vma 7fb458d000
           <...>-634   [004] ....  2775.973238: do_swap_page: swapin tgid 601 pid 634 name "HwBinder:601_2" vma 7fb458e000
 ndroid.systemui-1683  [004] ....  2775.973263: do_swap_page: swapin tgid 1683 pid 1683 name "ndroid.systemui" vma 9f271000
 droid.launcher3-2006  [004] ....  2775.973301: do_swap_page: swapin tgid 2006 pid 2006 name "droid.launcher3" vma 9f0b3000
 droid.launcher3-2006  [004] ....  2775.973306: do_swap_page: swapin tgid 2006 pid 2006 name "droid.launcher3" vma 7fffff9000
 droid.launcher3-2006  [004] ....  2775.973317: do_swap_page: swapin tgid 2006 pid 2006 name "droid.launcher3" vma 9ef9d000
 droid.launcher3-2006  [004] ....  2775.973322: do_swap_page: swapin tgid 2006 pid 2006 name "droid.launcher3" vma 1329f000
 droid.launcher3-2006  [004] ....  2775.973325: do_swap_page: swapin tgid 2006 pid 2006 name "droid.launcher3" vma 9f00c000
 droid.launcher3-2006  [004] ....  2775.973326: do_swap_page: swapin tgid 2006 pid 2006 name "droid.launcher3" vma 9f0b4000
           <...>-634   [004] ....  2775.973385: do_swap_page: swapin tgid 601 pid 634 name "HwBinder:601_2" vma 7fb458e000
           <...>-634   [004] ....  2775.973399: do_swap_page: swapin tgid 601 pid 634 name "HwBinder:601_2" vma 7fb5e2e000
           <...>-634   [004] ....  2775.973402: do_swap_page: swapin tgid 601 pid 634 name "HwBinder:601_2" vma 7fb5e2f000
           <...>-634   [004] ....  2775.973404: do_swap_page: swapin tgid 601 pid 634 name "HwBinder:601_2" vma 7fb441e000
           <...>-634   [004] ....  2775.973414: do_swap_page: swapin tgid 601 pid 634 name "HwBinder:601_2" vma 7fb5e2d000
           <...>-634   [004] ....  2775.973417: do_swap_page: swapin tgid 601 pid 634 name "HwBinder:601_2" vma 7fb441f000
           <...>-599   [004] ....  2775.973969: do_swap_page: swapin tgid 599 pid 599 name "surfaceflinger" vma 7fbc219000
           <...>-599   [004] ....  2775.973977: do_swap_page: swapin tgid 599 pid 599 name "surfaceflinger" vma 7fbc20c000
           <...>-599   [004] ....  2775.973983: do_swap_page: swapin tgid 599 pid 599 name "surfaceflinger" vma 7fbc20d000
 droid.launcher3-2006  [004] ....  2775.974130: do_swap_page: swapin tgid 2006 pid 2006 name "droid.launcher3" vma 9f0b4000
 droid.launcher3-2006  [004] ....  2775.974136: do_swap_page: swapin tgid 2006 pid 2006 name "droid.launcher3" vma 9f071000
 droid.launcher3-2006  [004] ....  2775.974139: do_swap_page: swapin tgid 2006 pid 2006 name "droid.launcher3" vma 9f064000
 ndroid.systemui-1683  [004] ....  2775.974162: do_swap_page: swapin tgid 1683 pid 1683 name "ndroid.systemui" vma 9f271000
 ndroid.systemui-1683  [004] ....  2775.974173: do_swap_page: swapin tgid 1683 pid 1683 name "ndroid.systemui" vma 9f0f5000
 ndroid.systemui-1683  [004] ....  2775.974177: do_swap_page: swapin tgid 1683 pid 1683 name "ndroid.systemui" vma 9f261000
 droid.launcher3-2006  [004] ....  2775.974254: do_swap_page: swapin tgid 2006 pid 2006 name "droid.launcher3" vma 9f064000
 droid.launcher3-2006  [004] ....  2775.974260: do_swap_page: swapin tgid 2006 pid 2006 name "droid.launcher3" vma 9efaa000
 droid.launcher3-2006  [004] ....  2775.974262: do_swap_page: swapin tgid 2006 pid 2006 name "droid.launcher3" vma 9f018000
 droid.launcher3-2006  [004] ....  2775.974263: do_swap_page: swapin tgid 2006 pid 2006 name "droid.launcher3" vma 9f06f000
 droid.launcher3-2006  [004] ....  2775.974271: do_swap_page: swapin tgid 2006 pid 2006 name "droid.launcher3" vma 13ce2000
 droid.launcher3-2006  [004] ....  2775.974274: do_swap_page: swapin tgid 2006 pid 2006 name "droid.launcher3" vma 9f015000
 droid.launcher3-2006  [004] ....  2775.974275: do_swap_page: swapin tgid 2006 pid 2006 name "droid.launcher3" vma 9f06c000
 ndroid.systemui-1683  [004] ....  2775.974330: do_swap_page: swapin tgid 1683 pid 1683 name "ndroid.systemui" vma 9f261000
 ndroid.systemui-1683  [004] ....  2775.974335: do_swap_page: swapin tgid 1683 pid 1683 name "ndroid.systemui" vma 9f1a5000
     logd.writer-570   [004] ....  2775.974373: do_swap_page: swapin tgid 556 pid 570 name "logd.writer" vma 7fbbe59000
 droid.launcher3-2006  [004] ....  2775.974408: do_swap_page: swapin tgid 2006 pid 2006 name "droid.launcher3" vma 9f06c000
 droid.launcher3-2006  [004] ....  2775.974414: do_swap_page: swapin tgid 2006 pid 2006 name "droid.launcher3" vma 13d87000
 droid.launcher3-2006  [004] ....  2775.974416: do_swap_page: swapin tgid 2006 pid 2006 name "droid.launcher3" vma 9efc8000
 droid.launcher3-2006  [004] ....  2775.974418: do_swap_page: swapin tgid 2006 pid 2006 name "droid.launcher3" vma 9f091000
 ndroid.systemui-1683  [004] ....  2775.974473: do_swap_page: swapin tgid 1683 pid 1683 name "ndroid.systemui" vma 9f1a5000
 ndroid.systemui-1683  [004] ....  2775.974478: do_swap_page: swapin tgid 1683 pid 1683 name "ndroid.systemui" vma 9f116000
 ndroid.systemui-1683  [004] ....  2775.974484: do_swap_page: swapin tgid 1683 pid 1683 name "ndroid.systemui" vma 9f1c8000
 droid.launcher3-2006  [004] ....  2775.974535: do_swap_page: swapin tgid 2006 pid 2006 name "droid.launcher3" vma 9f091000
 droid.launcher3-2006  [004] ....  2775.974544: do_swap_page: swapin tgid 2006 pid 2006 name "droid.launcher3" vma 7fbe292000
 droid.launcher3-2006  [004] ....  2775.974548: do_swap_page: swapin tgid 2006 pid 2006 name "droid.launcher3" vma 7f28a71000
 droid.launcher3-2006  [004] ....  2775.974555: do_swap_page: swapin tgid 2006 pid 2006 name "droid.launcher3" vma 9ef87000
 droid.launcher3-2006  [004] ....  2775.974556: do_swap_page: swapin tgid 2006 pid 2006 name "droid.launcher3" vma 9f022000
 droid.launcher3-2006  [004] ....  2775.974559: do_swap_page: swapin tgid 2006 pid 2006 name "droid.launcher3" vma 9f079000
 droid.launcher3-2006  [004] ....  2775.974563: do_swap_page: swapin tgid 2006 pid 2006 name "droid.launcher3" vma 9f097000
 droid.launcher3-2006  [004] ....  2775.974565: do_swap_page: swapin tgid 2006 pid 2006 name "droid.launcher3" vma 13ced000
 droid.launcher3-2006  [004] ....  2775.974567: do_swap_page: swapin tgid 2006 pid 2006 name "droid.launcher3" vma 9f00b000
 droid.launcher3-2006  [004] ....  2775.974568: do_swap_page: swapin tgid 2006 pid 2006 name "droid.launcher3" vma 9f061000
 ndroid.systemui-1683  [004] ....  2775.974615: do_swap_page: swapin tgid 1683 pid 1683 name "ndroid.systemui" vma 9f1c8000
 ndroid.systemui-1683  [004] ....  2775.974621: do_swap_page: swapin tgid 1683 pid 1683 name "ndroid.systemui" vma 9f0f3000
 ndroid.systemui-1683  [004] ....  2775.974625: do_swap_page: swapin tgid 1683 pid 1683 name "ndroid.systemui" vma 9f181000
 droid.launcher3-2006  [004] ....  2775.974709: do_swap_page: swapin tgid 2006 pid 2006 name "droid.launcher3" vma 9f061000
 droid.launcher3-2006  [004] ....  2775.974714: do_swap_page: swapin tgid 2006 pid 2006 name "droid.launcher3" vma 13dbe000
 droid.launcher3-2006  [004] ....  2775.974717: do_swap_page: swapin tgid 2006 pid 2006 name "droid.launcher3" vma 13ce4000
 droid.launcher3-2006  [004] ....  2775.974719: do_swap_page: swapin tgid 2006 pid 2006 name "droid.launcher3" vma 9f0ab000
 droid.launcher3-2006  [004] ....  2775.974721: do_swap_page: swapin tgid 2006 pid 2006 name "droid.launcher3" vma 13181000
 droid.launcher3-2006  [004] ....  2775.974725: do_swap_page: swapin tgid 2006 pid 2006 name "droid.launcher3" vma 9f023000
 droid.launcher3-2006  [004] ....  2775.974754: do_swap_page: swapin tgid 2006 pid 2006 name "droid.launcher3" vma 9f0c3000
 ndroid.systemui-1683  [004] ....  2775.974778: do_swap_page: swapin tgid 1683 pid 1683 name "ndroid.systemui" vma 9f181000
 ndroid.systemui-1683  [004] ....  2775.974784: do_swap_page: swapin tgid 1683 pid 1683 name "ndroid.systemui" vma 9f0e1000
 ndroid.systemui-1683  [004] ....  2775.974786: do_swap_page: swapin tgid 1683 pid 1683 name "ndroid.systemui" vma 9f191000
 droid.launcher3-2006  [004] ....  2775.974874: do_swap_page: swapin tgid 2006 pid 2006 name "droid.launcher3" vma 9f0c3000
 droid.launcher3-2006  [004] ....  2775.974879: do_swap_page: swapin tgid 2006 pid 2006 name "droid.launcher3" vma 9f059000
 ndroid.systemui-1683  [004] ....  2775.974920: do_swap_page: swapin tgid 1683 pid 1683 name "ndroid.systemui" vma 9f191000
 ndroid.systemui-1683  [004] ....  2775.974931: do_swap_page: swapin tgid 1683 pid 1683 name "ndroid.systemui" vma 7eb9f98000
 ndroid.systemui-1683  [004] ....  2775.974940: do_swap_page: swapin tgid 1683 pid 1683 name "ndroid.systemui" vma 7f2d3ab000
 ndroid.systemui-1683  [004] ....  2775.974952: do_swap_page: swapin tgid 1683 pid 1683 name "ndroid.systemui" vma 9f231000
 droid.launcher3-2006  [004] ....  2775.975010: do_swap_page: swapin tgid 2006 pid 2006 name "droid.launcher3" vma 9f059000
 droid.launcher3-2006  [004] ....  2775.975021: do_swap_page: swapin tgid 2006 pid 2006 name "droid.launcher3" vma 9efd3000
 ndroid.systemui-1683  [004] ....  2775.975071: do_swap_page: swapin tgid 1683 pid 1683 name "ndroid.systemui" vma 9f231000
