           <...>-5710  [004] ....  5306.440897: do_swap_page: swapin tgid 5221 pid 5710 name "Binder:5221_4" vma 7fbe1d8000
           <...>-5710  [004] ....  5306.440899: do_swap_page: swapin tgid 5221 pid 5710 name "Binder:5221_4" vma 7fbe165000
 ndroid.systemui-1683  [004] ....  5306.440919: do_swap_page: swapin tgid 1683 pid 1683 name "ndroid.systemui" vma 9f175000
 ndroid.systemui-1683  [004] ....  5306.440987: do_swap_page: swapin tgid 1683 pid 1683 name "ndroid.systemui" vma 13ea2000
           <...>-2764  [004] ....  5306.441092: do_swap_page: swapin tgid 1335 pid 2764 name "Binder:1335_D" vma 9f2aa000
           <...>-2764  [004] ....  5306.441097: do_swap_page: swapin tgid 1335 pid 2764 name "Binder:1335_D" vma 9f155000
 android.display-1358  [004] ....  5306.441121: do_swap_page: swapin tgid 1335 pid 1358 name "android.display" vma 9f25d000
           <...>-2764  [004] ....  5306.441276: do_swap_page: swapin tgid 1335 pid 2764 name "Binder:1335_D" vma 9f155000
           <...>-2764  [004] ....  5306.441332: do_swap_page: swapin tgid 1335 pid 2764 name "Binder:1335_D" vma 7f2afbf000
           <...>-2764  [004] ....  5306.441475: do_swap_page: swapin tgid 1335 pid 2764 name "Binder:1335_D" vma 7f2afbf000
           <...>-2764  [004] ....  5306.441611: do_swap_page: swapin tgid 1335 pid 2764 name "Binder:1335_D" vma 7eb4e2a000
           <...>-2764  [004] ....  5306.441648: do_swap_page: swapin tgid 1335 pid 2764 name "Binder:1335_D" vma 7e85881000
           <...>-2764  [004] ....  5306.441656: do_swap_page: swapin tgid 1335 pid 2764 name "Binder:1335_D" vma 7eb4ed6000
           <...>-2764  [004] ....  5306.441659: do_swap_page: swapin tgid 1335 pid 2764 name "Binder:1335_D" vma 7e85882000
           <...>-2764  [004] ....  5306.441672: do_swap_page: swapin tgid 1335 pid 2764 name "Binder:1335_D" vma 7e57d06000
           <...>-2764  [004] ....  5306.441687: do_swap_page: swapin tgid 1335 pid 2764 name "Binder:1335_D" vma 7e66cec000
           <...>-1274  [004] ....  5306.441753: do_swap_page: swapin tgid 599 pid 1274 name "Binder:599_3" vma 7faa5a7000
           <...>-1274  [004] ....  5306.441783: do_swap_page: swapin tgid 599 pid 1274 name "Binder:599_3" vma 7fbe174000
           <...>-1274  [004] ....  5306.441809: do_swap_page: swapin tgid 599 pid 1274 name "Binder:599_3" vma 7fb752e000
           <...>-1274  [004] ....  5306.441814: do_swap_page: swapin tgid 599 pid 1274 name "Binder:599_3" vma 7faa5a8000
           <...>-2764  [004] ....  5306.441913: do_swap_page: swapin tgid 1335 pid 2764 name "Binder:1335_D" vma 7e66b38000
           <...>-2764  [004] ....  5306.441921: do_swap_page: swapin tgid 1335 pid 2764 name "Binder:1335_D" vma 9f2eb000
           <...>-2209  [004] ....  5306.441960: do_swap_page: swapin tgid 1683 pid 2209 name "Binder:1683_7" vma 7eb82ea000
           <...>-2209  [004] ....  5306.441965: do_swap_page: swapin tgid 1683 pid 2209 name "Binder:1683_7" vma 7eb82eb000
 ndroid.systemui-1683  [004] ....  5306.442072: do_swap_page: swapin tgid 1683 pid 1683 name "ndroid.systemui" vma 13e13000
           <...>-2209  [004] ....  5306.442218: do_swap_page: swapin tgid 1683 pid 2209 name "Binder:1683_7" vma 7eb82eb000
           <...>-2209  [004] ....  5306.442230: do_swap_page: swapin tgid 1683 pid 2209 name "Binder:1683_7" vma 7eca649000
           <...>-2209  [004] ....  5306.442239: do_swap_page: swapin tgid 1683 pid 2209 name "Binder:1683_7" vma 7f2d781000
           <...>-2209  [004] ....  5306.442243: do_swap_page: swapin tgid 1683 pid 2209 name "Binder:1683_7" vma 7f2d782000
           <...>-2209  [004] ....  5306.442246: do_swap_page: swapin tgid 1683 pid 2209 name "Binder:1683_7" vma 7eb82e8000
           <...>-11137 [004] ....  5306.442273: do_swap_page: swapin tgid 11121 pid 11137 name "Binder:11121_2" vma 7fbe303000
           <...>-11137 [004] ....  5306.442288: do_swap_page: swapin tgid 11121 pid 11137 name "Binder:11121_2" vma 7fbe22b000
           <...>-11137 [004] ....  5306.442291: do_swap_page: swapin tgid 11121 pid 11137 name "Binder:11121_2" vma 7f28ac2000
           <...>-11137 [004] ....  5306.442294: do_swap_page: swapin tgid 11121 pid 11137 name "Binder:11121_2" vma 7fbe306000
           <...>-11137 [004] ....  5306.442298: do_swap_page: swapin tgid 11121 pid 11137 name "Binder:11121_2" vma 7fb9e3f000
           <...>-11137 [004] ....  5306.442304: do_swap_page: swapin tgid 11121 pid 11137 name "Binder:11121_2" vma 7fbe301000
           <...>-11137 [004] ....  5306.442325: do_swap_page: swapin tgid 11121 pid 11137 name "Binder:11121_2" vma 7fbe241000
           <...>-2764  [004] ....  5306.442361: do_swap_page: swapin tgid 1335 pid 2764 name "Binder:1335_D" vma 9f2eb000
           <...>-2764  [004] ....  5306.442366: do_swap_page: swapin tgid 1335 pid 2764 name "Binder:1335_D" vma 9f290000
 ndroid.systemui-1683  [004] ....  5306.442441: do_swap_page: swapin tgid 1683 pid 1683 name "ndroid.systemui" vma 7fbbade000
           <...>-2209  [004] ....  5306.442465: do_swap_page: swapin tgid 1683 pid 2209 name "Binder:1683_7" vma 7eb82e8000
           <...>-2209  [004] .n..  5306.442472: do_swap_page: swapin tgid 1683 pid 2209 name "Binder:1683_7" vma 7f30a7d000
           <...>-2209  [004] ....  5306.442500: do_swap_page: swapin tgid 1683 pid 2209 name "Binder:1683_7" vma 7eb82e9000
           <...>-2209  [004] ....  5306.442502: do_swap_page: swapin tgid 1683 pid 2209 name "Binder:1683_7" vma 12e41000
           <...>-2209  [004] ....  5306.442508: do_swap_page: swapin tgid 1683 pid 2209 name "Binder:1683_7" vma 7eba121000
           <...>-2209  [004] ....  5306.442511: do_swap_page: swapin tgid 1683 pid 2209 name "Binder:1683_7" vma 7eba19c000
           <...>-2764  [004] ....  5306.442591: do_swap_page: swapin tgid 1335 pid 2764 name "Binder:1335_D" vma 9f290000
           <...>-2764  [004] ....  5306.442612: do_swap_page: swapin tgid 1335 pid 2764 name "Binder:1335_D" vma 13f6a000
 ndroid.systemui-1683  [004] ....  5306.442674: do_swap_page: swapin tgid 1683 pid 1683 name "ndroid.systemui" vma 9f209000
           <...>-17708 [004] ....  5306.442892: do_swap_page: swapin tgid 11226 pid 17708 name "Binder:11226_5" vma 7fbbd3a000
           <...>-17708 [004] ....  5306.442900: do_swap_page: swapin tgid 11226 pid 17708 name "Binder:11226_5" vma 7f2d61d000
           <...>-17708 [004] ....  5306.442906: do_swap_page: swapin tgid 11226 pid 17708 name "Binder:11226_5" vma 7f393d0000
           <...>-17708 [004] ....  5306.442910: do_swap_page: swapin tgid 11226 pid 17708 name "Binder:11226_5" vma 7fbe23c000
           <...>-11457 [004] ....  5306.442965: do_swap_page: swapin tgid 1335 pid 11457 name "Binder:1335_1E" vma 7e71be3000
           <...>-1445  [004] ....  5306.443038: do_swap_page: swapin tgid 1335 pid 1445 name "InputDispatcher" vma 7e66c92000
           <...>-2006  [004] ....  5306.443064: do_swap_page: swapin tgid 2006 pid 2006 name "droid.launcher3" vma 7ec726e000
           <...>-2006  [004] ....  5306.443072: do_swap_page: swapin tgid 2006 pid 2006 name "droid.launcher3" vma 7ecc97c000
           <...>-2006  [004] ....  5306.443076: do_swap_page: swapin tgid 2006 pid 2006 name "droid.launcher3" vma 7ecc97d000
           <...>-2006  [004] ....  5306.443104: do_swap_page: swapin tgid 2006 pid 2006 name "droid.launcher3" vma 7fbe166000
           <...>-2006  [004] ....  5306.443111: do_swap_page: swapin tgid 2006 pid 2006 name "droid.launcher3" vma 7f39805000
           <...>-2006  [004] ....  5306.443114: do_swap_page: swapin tgid 2006 pid 2006 name "droid.launcher3" vma 7f39808000
           <...>-2006  [004] ....  5306.443117: do_swap_page: swapin tgid 2006 pid 2006 name "droid.launcher3" vma 7f39806000
           <...>-2006  [004] ....  5306.443119: do_swap_page: swapin tgid 2006 pid 2006 name "droid.launcher3" vma 7f3983c000
           <...>-2006  [004] ....  5306.443122: do_swap_page: swapin tgid 2006 pid 2006 name "droid.launcher3" vma 7f39830000
           <...>-2006  [004] ....  5306.443124: do_swap_page: swapin tgid 2006 pid 2006 name "droid.launcher3" vma 7fbe161000
           <...>-2006  [004] ....  5306.443130: do_swap_page: swapin tgid 2006 pid 2006 name "droid.launcher3" vma 7fbe1b2000
           <...>-1356  [004] ....  5306.443237: do_swap_page: swapin tgid 1335 pid 1356 name "android.ui" vma 7f2895f000
           <...>-1356  [004] ....  5306.443242: do_swap_page: swapin tgid 1335 pid 1356 name "android.ui" vma 7e57db8000
           <...>-1356  [004] ....  5306.443246: do_swap_page: swapin tgid 1335 pid 1356 name "android.ui" vma 7e57db9000
           <...>-1356  [004] ....  5306.443259: do_swap_page: swapin tgid 1335 pid 1356 name "android.ui" vma 7e57db6000
           <...>-1356  [004] ....  5306.443296: do_swap_page: swapin tgid 1335 pid 1356 name "android.ui" vma 14387000
           <...>-1356  [004] ....  5306.443305: do_swap_page: swapin tgid 1335 pid 1356 name "android.ui" vma 7e63560000
           <...>-1356  [004] ....  5306.443308: do_swap_page: swapin tgid 1335 pid 1356 name "android.ui" vma 7e63561000
           <...>-2764  [004] ....  5306.443497: do_swap_page: swapin tgid 1335 pid 2764 name "Binder:1335_D" vma 13f6a000
           <...>-2764  [004] ....  5306.443510: do_swap_page: swapin tgid 1335 pid 2764 name "Binder:1335_D" vma 9f005000
           <...>-2764  [004] ....  5306.443516: do_swap_page: swapin tgid 1335 pid 2764 name "Binder:1335_D" vma 730f3000
           <...>-2764  [004] ....  5306.443529: do_swap_page: swapin tgid 1335 pid 2764 name "Binder:1335_D" vma 73103000
           <...>-2764  [004] ....  5306.443532: do_swap_page: swapin tgid 1335 pid 2764 name "Binder:1335_D" vma 13993000
 ndroid.systemui-1683  [004] ....  5306.443563: do_swap_page: swapin tgid 1683 pid 1683 name "ndroid.systemui" vma 9f209000
 ndroid.systemui-1683  [004] ....  5306.443585: do_swap_page: swapin tgid 1683 pid 1683 name "ndroid.systemui" vma 13289000
 ndroid.systemui-1683  [004] ....  5306.443589: do_swap_page: swapin tgid 1683 pid 1683 name "ndroid.systemui" vma 13e01000
 ndroid.systemui-1683  [004] ....  5306.443593: do_swap_page: swapin tgid 1683 pid 1683 name "ndroid.systemui" vma 9f1a3000
           <...>-2764  [004] ....  5306.443674: do_swap_page: swapin tgid 1335 pid 2764 name "Binder:1335_D" vma 13993000
           <...>-2764  [004] ....  5306.443985: do_swap_page: swapin tgid 1335 pid 2764 name "Binder:1335_D" vma 7fbe218000
 ScreenDecoratio-2208  [004] ....  5306.444120: do_swap_page: swapin tgid 1683 pid 2208 name "ScreenDecoratio" vma 73085000
 ndroid.systemui-1683  [004] ....  5306.444159: do_swap_page: swapin tgid 1683 pid 1683 name "ndroid.systemui" vma 9f1a3000
 ndroid.systemui-1683  [004] ....  5306.444165: do_swap_page: swapin tgid 1683 pid 1683 name "ndroid.systemui" vma 1330c000
 ndroid.systemui-1683  [004] ....  5306.444168: do_swap_page: swapin tgid 1683 pid 1683 name "ndroid.systemui" vma 9f104000
 ndroid.systemui-1683  [004] ....  5306.444171: do_swap_page: swapin tgid 1683 pid 1683 name "ndroid.systemui" vma 9f11a000
 ndroid.systemui-1683  [004] ....  5306.444193: do_swap_page: swapin tgid 1683 pid 1683 name "ndroid.systemui" vma 7f3984d000
 ndroid.systemui-1683  [004] ....  5306.444197: do_swap_page: swapin tgid 1683 pid 1683 name "ndroid.systemui" vma 7f39802000
 ndroid.systemui-1683  [004] ....  5306.444200: do_swap_page: swapin tgid 1683 pid 1683 name "ndroid.systemui" vma 7f3984e000
 ndroid.systemui-1683  [004] ....  5306.444202: do_swap_page: swapin tgid 1683 pid 1683 name "ndroid.systemui" vma 7f39837000
 ndroid.systemui-1683  [004] ....  5306.444209: do_swap_page: swapin tgid 1683 pid 1683 name "ndroid.systemui" vma 7fbc7f3000
 ndroid.systemui-1683  [004] ....  5306.444216: do_swap_page: swapin tgid 1683 pid 1683 name "ndroid.systemui" vma 7eb9f5b000
 ndroid.systemui-1683  [004] ....  5306.444221: do_swap_page: swapin tgid 1683 pid 1683 name "ndroid.systemui" vma 7eb9f5c000
 ndroid.systemui-1683  [004] ....  5306.444239: do_swap_page: swapin tgid 1683 pid 1683 name "ndroid.systemui" vma 7f28d6b000
 ScreenDecoratio-2208  [004] ....  5306.444320: do_swap_page: swapin tgid 1683 pid 2208 name "ScreenDecoratio" vma 73085000
 ScreenDecoratio-2208  [004] ....  5306.444336: do_swap_page: swapin tgid 1683 pid 2208 name "ScreenDecoratio" vma 7310a000
 ScreenDecoratio-2208  [004] ....  5306.444369: do_swap_page: swapin tgid 1683 pid 2208 name "ScreenDecoratio" vma 73102000
 ScreenDecoratio-2208  [004] ....  5306.444398: do_swap_page: swapin tgid 1683 pid 2208 name "ScreenDecoratio" vma 7fbe35b000
 ScreenDecoratio-2208  [004] ....  5306.444621: do_swap_page: swapin tgid 1683 pid 2208 name "ScreenDecoratio" vma 7eba1f0000
 ScreenDecoratio-2208  [004] ....  5306.444659: do_swap_page: swapin tgid 1683 pid 2208 name "ScreenDecoratio" vma 13d32000
 ScreenDecoratio-2208  [004] ....  5306.444667: do_swap_page: swapin tgid 1683 pid 2208 name "ScreenDecoratio" vma 137fa000
 ScreenDecoratio-2208  [004] ....  5306.444674: do_swap_page: swapin tgid 1683 pid 2208 name "ScreenDecoratio" vma 73108000
 ScreenDecoratio-2208  [004] ....  5306.444702: do_swap_page: swapin tgid 1683 pid 2208 name "ScreenDecoratio" vma 7f28b5c000
 ScreenDecoratio-2208  [004] ....  5306.444716: do_swap_page: swapin tgid 1683 pid 2208 name "ScreenDecoratio" vma 9f0fd000
 ScreenDecoratio-2208  [004] ....  5306.444719: do_swap_page: swapin tgid 1683 pid 2208 name "ScreenDecoratio" vma 9f07e000
 ndroid.systemui-1683  [004] ....  5306.444772: do_swap_page: swapin tgid 1683 pid 1683 name "ndroid.systemui" vma 9f0d2000
 ndroid.systemui-1683  [004] ....  5306.444777: do_swap_page: swapin tgid 1683 pid 1683 name "ndroid.systemui" vma 9f243000
 ScreenDecoratio-2208  [004] ....  5306.444857: do_swap_page: swapin tgid 1683 pid 2208 name "ScreenDecoratio" vma 9f07e000
 ScreenDecoratio-2208  [004] ....  5306.444861: do_swap_page: swapin tgid 1683 pid 2208 name "ScreenDecoratio" vma 9f268000
           <...>-17895 [004] ....  5306.444922: do_swap_page: swapin tgid 13722 pid 17895 name "Binder:13722_6" vma 7f28ac2000
           <...>-17895 [004] ....  5306.444941: do_swap_page: swapin tgid 13722 pid 17895 name "Binder:13722_6" vma 7f29c1a000
           <...>-17895 [004] ....  5306.444948: do_swap_page: swapin tgid 13722 pid 17895 name "Binder:13722_6" vma 7fb9e3f000
 ndroid.systemui-1683  [004] ....  5306.444968: do_swap_page: swapin tgid 1683 pid 1683 name "ndroid.systemui" vma 9f243000
 ndroid.systemui-1683  [004] ....  5306.444972: do_swap_page: swapin tgid 1683 pid 1683 name "ndroid.systemui" vma 9f17f000
 ScreenDecoratio-2208  [004] ....  5306.445019: do_swap_page: swapin tgid 1683 pid 2208 name "ScreenDecoratio" vma 9f268000
 ScreenDecoratio-2208  [004] ....  5306.445023: do_swap_page: swapin tgid 1683 pid 2208 name "ScreenDecoratio" vma 9f1ae000
 ndroid.systemui-1683  [004] ....  5306.445108: do_swap_page: swapin tgid 1683 pid 1683 name "ndroid.systemui" vma 9f17f000
 ndroid.systemui-1683  [004] ....  5306.445111: do_swap_page: swapin tgid 1683 pid 1683 name "ndroid.systemui" vma 9f08e000
 ScreenDecoratio-2208  [004] ....  5306.445153: do_swap_page: swapin tgid 1683 pid 2208 name "ScreenDecoratio" vma 9f1ae000
 ScreenDecoratio-2208  [004] ....  5306.445158: do_swap_page: swapin tgid 1683 pid 2208 name "ScreenDecoratio" vma 9f0b0000
 ScreenDecoratio-2208  [004] ....  5306.445160: do_swap_page: swapin tgid 1683 pid 2208 name "ScreenDecoratio" vma 9f087000
 ndroid.systemui-1683  [004] ....  5306.445233: do_swap_page: swapin tgid 1683 pid 1683 name "ndroid.systemui" vma 9f08e000
 ndroid.systemui-1683  [004] ....  5306.445237: do_swap_page: swapin tgid 1683 pid 1683 name "ndroid.systemui" vma 9f18f000
  surfaceflinger-599   [004] ....  5306.445426: do_swap_page: swapin tgid 599 pid 599 name "surfaceflinger" vma 7faa798000
  surfaceflinger-599   [004] ....  5306.445438: do_swap_page: swapin tgid 599 pid 599 name "surfaceflinger" vma 7faa799000
  surfaceflinger-599   [004] ....  5306.445450: do_swap_page: swapin tgid 599 pid 599 name "surfaceflinger" vma 7fb7512000
  surfaceflinger-599   [004] ....  5306.445471: do_swap_page: swapin tgid 599 pid 599 name "surfaceflinger" vma 7fb7998000
  surfaceflinger-599   [004] ....  5306.445476: do_swap_page: swapin tgid 599 pid 599 name "surfaceflinger" vma 7fbe172000
  surfaceflinger-599   [004] ....  5306.445482: do_swap_page: swapin tgid 599 pid 599 name "surfaceflinger" vma 7fbe173000
  surfaceflinger-599   [004] ....  5306.445500: do_swap_page: swapin tgid 599 pid 599 name "surfaceflinger" vma 7faa6f8000
  surfaceflinger-599   [004] ....  5306.445510: do_swap_page: swapin tgid 599 pid 599 name "surfaceflinger" vma 7fb750f000
  surfaceflinger-599   [004] ....  5306.445530: do_swap_page: swapin tgid 599 pid 599 name "surfaceflinger" vma 7faa7d9000
  surfaceflinger-599   [004] ....  5306.445533: do_swap_page: swapin tgid 599 pid 599 name "surfaceflinger" vma 7faa5ef000
  surfaceflinger-599   [004] ....  5306.445536: do_swap_page: swapin tgid 599 pid 599 name "surfaceflinger" vma 7faa7da000
  surfaceflinger-599   [004] ....  5306.445543: do_swap_page: swapin tgid 599 pid 599 name "surfaceflinger" vma 7fb7513000
  surfaceflinger-599   [004] ....  5306.445546: do_swap_page: swapin tgid 599 pid 599 name "surfaceflinger" vma 7faa5f0000
  surfaceflinger-599   [004] ....  5306.445579: do_swap_page: swapin tgid 599 pid 599 name "surfaceflinger" vma 7faa776000
  surfaceflinger-599   [004] ....  5306.445597: do_swap_page: swapin tgid 599 pid 599 name "surfaceflinger" vma 7fba664000
  surfaceflinger-599   [004] ....  5306.445599: do_swap_page: swapin tgid 599 pid 599 name "surfaceflinger" vma 7fba666000
  surfaceflinger-599   [004] ....  5306.445606: do_swap_page: swapin tgid 599 pid 599 name "surfaceflinger" vma 7fba616000
  surfaceflinger-599   [004] ....  5306.445607: do_swap_page: swapin tgid 599 pid 599 name "surfaceflinger" vma 7fba618000
  surfaceflinger-599   [004] ....  5306.445610: do_swap_page: swapin tgid 599 pid 599 name "surfaceflinger" vma 7fba61a000
  surfaceflinger-599   [004] ....  5306.445612: do_swap_page: swapin tgid 599 pid 599 name "surfaceflinger" vma 7fba61c000
           <...>-11676 [004] ....  5306.445684: do_swap_page: swapin tgid 11661 pid 11676 name "Binder:11661_2" vma 12c47000
           <...>-11676 [004] ....  5306.445694: do_swap_page: swapin tgid 11661 pid 11676 name "Binder:11661_2" vma 7fbe286000
           <...>-11676 [004] ....  5306.445697: do_swap_page: swapin tgid 11661 pid 11676 name "Binder:11661_2" vma 7fbe285000
           <...>-11676 [004] ....  5306.445700: do_swap_page: swapin tgid 11661 pid 11676 name "Binder:11661_2" vma 7f393d1000
  surfaceflinger-599   [004] ....  5306.445778: do_swap_page: swapin tgid 599 pid 599 name "surfaceflinger" vma 7fba61c000
  surfaceflinger-599   [004] ....  5306.445785: do_swap_page: swapin tgid 599 pid 599 name "surfaceflinger" vma 7fb7524000
  surfaceflinger-599   [004] ....  5306.445787: do_swap_page: swapin tgid 599 pid 599 name "surfaceflinger" vma 7fb7526000
  surfaceflinger-599   [004] ....  5306.445906: do_swap_page: swapin tgid 599 pid 599 name "surfaceflinger" vma 7fb7526000
  surfaceflinger-599   [004] ....  5306.445932: do_swap_page: swapin tgid 599 pid 599 name "surfaceflinger" vma 7fbe194000
  surfaceflinger-599   [004] ....  5306.445955: do_swap_page: swapin tgid 599 pid 599 name "surfaceflinger" vma 7fbc975000
  surfaceflinger-599   [004] ....  5306.446212: do_swap_page: swapin tgid 599 pid 599 name "surfaceflinger" vma 7fbc975000
  surfaceflinger-599   [004] ....  5306.446227: do_swap_page: swapin tgid 599 pid 599 name "surfaceflinger" vma 7fb767b000
  surfaceflinger-599   [004] ....  5306.446231: do_swap_page: swapin tgid 599 pid 599 name "surfaceflinger" vma 7fb7994000
  surfaceflinger-599   [004] ....  5306.446236: do_swap_page: swapin tgid 599 pid 599 name "surfaceflinger" vma 7fb794c000
  surfaceflinger-599   [004] ....  5306.446240: do_swap_page: swapin tgid 599 pid 599 name "surfaceflinger" vma 7faa68f000
  surfaceflinger-599   [004] ....  5306.446244: do_swap_page: swapin tgid 599 pid 599 name "surfaceflinger" vma 7faa690000
  surfaceflinger-599   [004] ....  5306.446247: do_swap_page: swapin tgid 599 pid 599 name "surfaceflinger" vma 7fb793b000
  surfaceflinger-599   [004] ....  5306.446414: do_swap_page: swapin tgid 599 pid 599 name "surfaceflinger" vma 7fb793b000
  surfaceflinger-599   [004] ....  5306.446447: do_swap_page: swapin tgid 599 pid 599 name "surfaceflinger" vma 7fb757a000
  surfaceflinger-599   [004] ....  5306.446452: do_swap_page: swapin tgid 599 pid 599 name "surfaceflinger" vma 7fb7550000
  HwBinder:601_2-634   [004] ....  5306.446617: do_swap_page: swapin tgid 601 pid 634 name "HwBinder:601_2" vma 7fb5e3f000
           <...>-11418 [004] ....  5306.447250: do_swap_page: swapin tgid 1335 pid 11418 name "Binder:1335_1B" vma 7fbbab3000
    android.anim-1359  [004] ....  5306.447394: do_swap_page: swapin tgid 1335 pid 1359 name "android.anim" vma 7e857ff000
    android.anim-1359  [004] ....  5306.447404: do_swap_page: swapin tgid 1335 pid 1359 name "android.anim" vma 7e85800000
           <...>-1274  [004] ....  5306.447587: do_swap_page: swapin tgid 599 pid 1274 name "Binder:599_3" vma 7faa72d000
           <...>-1274  [004] ....  5306.447591: do_swap_page: swapin tgid 599 pid 1274 name "Binder:599_3" vma 7faa7ba000
           <...>-1274  [004] ....  5306.447633: do_swap_page: swapin tgid 599 pid 1274 name "Binder:599_3" vma 7faa7bb000
           <...>-5710  [004] ....  5306.447693: do_swap_page: swapin tgid 5221 pid 5710 name "Binder:5221_4" vma 7fbe165000
           <...>-5710  [004] ....  5306.447701: do_swap_page: swapin tgid 5221 pid 5710 name "Binder:5221_4" vma 7f28ba2000
           <...>-5710  [004] ....  5306.447716: do_swap_page: swapin tgid 5221 pid 5710 name "Binder:5221_4" vma 7fb9e3f000
           <...>-5710  [004] ....  5306.447719: do_swap_page: swapin tgid 5221 pid 5710 name "Binder:5221_4" vma 7fbe2f3000
           <...>-5710  [004] ....  5306.447723: do_swap_page: swapin tgid 5221 pid 5710 name "Binder:5221_4" vma 7fbe241000
           <...>-11418 [004] ....  5306.447748: do_swap_page: swapin tgid 1335 pid 11418 name "Binder:1335_1B" vma 7fbbab3000
           <...>-11418 [004] ....  5306.447765: do_swap_page: swapin tgid 1335 pid 11418 name "Binder:1335_1B" vma 7eb427b000
           <...>-11418 [004] ....  5306.447771: do_swap_page: swapin tgid 1335 pid 11418 name "Binder:1335_1B" vma 7f2d818000
           <...>-11418 [004] ....  5306.447774: do_swap_page: swapin tgid 1335 pid 11418 name "Binder:1335_1B" vma 7f2d817000
           <...>-11418 [004] ....  5306.447778: do_swap_page: swapin tgid 1335 pid 11418 name "Binder:1335_1B" vma 7f2d7c4000
           <...>-11418 [004] ....  5306.447789: do_swap_page: swapin tgid 1335 pid 11418 name "Binder:1335_1B" vma 7f2d746000
           <...>-11418 [004] ....  5306.447792: do_swap_page: swapin tgid 1335 pid 11418 name "Binder:1335_1B" vma 7f2d811000
           <...>-11418 [004] ....  5306.447800: do_swap_page: swapin tgid 1335 pid 11418 name "Binder:1335_1B" vma 7eb41c7000
           <...>-11418 [004] ....  5306.447802: do_swap_page: swapin tgid 1335 pid 11418 name "Binder:1335_1B" vma 7eb41c6000
           <...>-11418 [004] ....  5306.447811: do_swap_page: swapin tgid 1335 pid 11418 name "Binder:1335_1B" vma 7f2d81f000
           <...>-11418 [004] ....  5306.447812: do_swap_page: swapin tgid 1335 pid 11418 name "Binder:1335_1B" vma 7f2d80e000
           <...>-11418 [004] ....  5306.447814: do_swap_page: swapin tgid 1335 pid 11418 name "Binder:1335_1B" vma 7f2d834000
           <...>-11418 [004] ....  5306.447817: do_swap_page: swapin tgid 1335 pid 11418 name "Binder:1335_1B" vma 7f2d831000
           <...>-11418 [004] ....  5306.447818: do_swap_page: swapin tgid 1335 pid 11418 name "Binder:1335_1B" vma 7f2d6d2000
           <...>-11418 [004] ....  5306.447821: do_swap_page: swapin tgid 1335 pid 11418 name "Binder:1335_1B" vma 7f2d80b000
           <...>-11418 [004] ....  5306.447823: do_swap_page: swapin tgid 1335 pid 11418 name "Binder:1335_1B" vma 7f2d80a000
           <...>-11418 [004] ....  5306.447826: do_swap_page: swapin tgid 1335 pid 11418 name "Binder:1335_1B" vma 7f2d819000
           <...>-11418 [004] ....  5306.447828: do_swap_page: swapin tgid 1335 pid 11418 name "Binder:1335_1B" vma 7f2d81b000
           <...>-11418 [004] ....  5306.447830: do_swap_page: swapin tgid 1335 pid 11418 name "Binder:1335_1B" vma 7f2d82c000
           <...>-11418 [004] ....  5306.447837: do_swap_page: swapin tgid 1335 pid 11418 name "Binder:1335_1B" vma 7e635bc000
           <...>-11418 [004] ....  5306.447843: do_swap_page: swapin tgid 1335 pid 11418 name "Binder:1335_1B" vma 7e6374e000
           <...>-11418 [004] ....  5306.447853: do_swap_page: swapin tgid 1335 pid 11418 name "Binder:1335_1B" vma 7e66c7a000
           <...>-11418 [004] ....  5306.447865: do_swap_page: swapin tgid 1335 pid 11418 name "Binder:1335_1B" vma 7f2d718000
           <...>-11418 [004] ....  5306.447886: do_swap_page: swapin tgid 1335 pid 11418 name "Binder:1335_1B" vma 7eb473e000
 ScreenDecoratio-2208  [004] ....  5306.448019: do_swap_page: swapin tgid 1683 pid 2208 name "ScreenDecoratio" vma 9f087000
 ScreenDecoratio-2208  [004] ....  5306.448036: do_swap_page: swapin tgid 1683 pid 2208 name "ScreenDecoratio" vma 9f240000
 ndroid.systemui-1683  [004] ....  5306.448066: do_swap_page: swapin tgid 1683 pid 1683 name "ndroid.systemui" vma 9f18f000
 ndroid.systemui-1683  [004] ....  5306.448073: do_swap_page: swapin tgid 1683 pid 1683 name "ndroid.systemui" vma 9f08d000
 ScreenDecoratio-2208  [004] ....  5306.448156: do_swap_page: swapin tgid 1683 pid 2208 name "ScreenDecoratio" vma 9f240000
 ScreenDecoratio-2208  [004] ....  5306.448160: do_swap_page: swapin tgid 1683 pid 2208 name "ScreenDecoratio" vma 9f17b000
 ndroid.systemui-1683  [004] ....  5306.448204: do_swap_page: swapin tgid 1683 pid 1683 name "ndroid.systemui" vma 9f08d000
 ndroid.systemui-1683  [004] ....  5306.448207: do_swap_page: swapin tgid 1683 pid 1683 name "ndroid.systemui" vma 9f251000
 ScreenDecoratio-2208  [004] ....  5306.448323: do_swap_page: swapin tgid 1683 pid 2208 name "ScreenDecoratio" vma 9f17b000
           <...>-11137 [004] ....  5306.448496: do_swap_page: swapin tgid 11121 pid 11137 name "Binder:11121_2" vma 7fbe241000
           <...>-11137 [004] ....  5306.448505: do_swap_page: swapin tgid 11121 pid 11137 name "Binder:11121_2" vma 7fbe1e9000
           <...>-11137 [004] ....  5306.448509: do_swap_page: swapin tgid 11121 pid 11137 name "Binder:11121_2" vma 7f393d2000
 ScreenDecoratio-2208  [004] ....  5306.448558: do_swap_page: swapin tgid 1683 pid 2208 name "ScreenDecoratio" vma 73127000
 ScreenDecoratio-2208  [004] ....  5306.448681: do_swap_page: swapin tgid 1683 pid 2208 name "ScreenDecoratio" vma 13d39000
 ScreenDecoratio-2208  [004] ....  5306.448697: do_swap_page: swapin tgid 1683 pid 2208 name "ScreenDecoratio" vma 7eba1eb000
           <...>-11418 [004] ....  5306.448787: do_swap_page: swapin tgid 1335 pid 11418 name "Binder:1335_1B" vma 143bf000
           <...>-11418 [004] ....  5306.448793: do_swap_page: swapin tgid 1335 pid 11418 name "Binder:1335_1B" vma 143b7000
           <...>-11418 [004] ....  5306.448842: do_swap_page: swapin tgid 1335 pid 11418 name "Binder:1335_1B" vma 144f5000
           <...>-11418 [004] ....  5306.449143: do_swap_page: swapin tgid 1335 pid 11418 name "Binder:1335_1B" vma 7f2d61c000
           <...>-11418 [004] ....  5306.449374: do_swap_page: swapin tgid 1335 pid 11418 name "Binder:1335_1B" vma 7e4d96e000
           <...>-11418 [004] ....  5306.449386: do_swap_page: swapin tgid 1335 pid 11418 name "Binder:1335_1B" vma 7eb466c000
           <...>-11418 [004] ....  5306.449390: do_swap_page: swapin tgid 1335 pid 11418 name "Binder:1335_1B" vma 7e67a90000
           <...>-11418 [004] ....  5306.449413: do_swap_page: swapin tgid 1335 pid 11418 name "Binder:1335_1B" vma 7eb473d000
           <...>-11418 [004] ....  5306.449417: do_swap_page: swapin tgid 1335 pid 11418 name "Binder:1335_1B" vma 7eb4250000
           <...>-11418 [004] ....  5306.449420: do_swap_page: swapin tgid 1335 pid 11418 name "Binder:1335_1B" vma 7eb4251000
 ndroid.systemui-1683  [004] ....  5306.449800: do_swap_page: swapin tgid 1683 pid 1683 name "ndroid.systemui" vma 9f251000
 ndroid.systemui-1683  [004] ....  5306.449810: do_swap_page: swapin tgid 1683 pid 1683 name "ndroid.systemui" vma 7fbbb15000
 ScreenDecoratio-2208  [004] ....  5306.449892: do_swap_page: swapin tgid 1683 pid 2208 name "ScreenDecoratio" vma 13d37000
 ndroid.systemui-1683  [004] ....  5306.450041: do_swap_page: swapin tgid 1683 pid 1683 name "ndroid.systemui" vma 7fbbb15000
 ndroid.systemui-1683  [004] ....  5306.450048: do_swap_page: swapin tgid 1683 pid 1683 name "ndroid.systemui" vma 7fbbb12000
 ndroid.systemui-1683  [004] ....  5306.450052: do_swap_page: swapin tgid 1683 pid 1683 name "ndroid.systemui" vma 9f079000
 ndroid.systemui-1683  [004] ....  5306.450236: do_swap_page: swapin tgid 1683 pid 1683 name "ndroid.systemui" vma 9f079000
 ndroid.systemui-1683  [004] ....  5306.450241: do_swap_page: swapin tgid 1683 pid 1683 name "ndroid.systemui" vma 9f274000
 ndroid.systemui-1683  [004] ....  5306.450356: do_swap_page: swapin tgid 1683 pid 1683 name "ndroid.systemui" vma 9f274000
 ndroid.systemui-1683  [004] ....  5306.450362: do_swap_page: swapin tgid 1683 pid 1683 name "ndroid.systemui" vma 9f262000
 ndroid.systemui-1683  [004] ....  5306.450483: do_swap_page: swapin tgid 1683 pid 1683 name "ndroid.systemui" vma 9f262000
 ndroid.systemui-1683  [004] ....  5306.450488: do_swap_page: swapin tgid 1683 pid 1683 name "ndroid.systemui" vma 9f293000
 ndroid.systemui-1683  [004] ....  5306.450611: do_swap_page: swapin tgid 1683 pid 1683 name "ndroid.systemui" vma 9f293000
 ndroid.systemui-1683  [004] ....  5306.450617: do_swap_page: swapin tgid 1683 pid 1683 name "ndroid.systemui" vma 13ea6000
 ndroid.systemui-1683  [004] ....  5306.450622: do_swap_page: swapin tgid 1683 pid 1683 name "ndroid.systemui" vma 9f099000
 ndroid.systemui-1683  [004] ....  5306.450730: do_swap_page: swapin tgid 1683 pid 1683 name "ndroid.systemui" vma 9f099000
 ndroid.systemui-1683  [004] ....  5306.450734: do_swap_page: swapin tgid 1683 pid 1683 name "ndroid.systemui" vma 9f07d000
 ndroid.systemui-1683  [004] ....  5306.450849: do_swap_page: swapin tgid 1683 pid 1683 name "ndroid.systemui" vma 9f07d000
 ndroid.systemui-1683  [004] ....  5306.450853: do_swap_page: swapin tgid 1683 pid 1683 name "ndroid.systemui" vma 9f092000
 ndroid.systemui-1683  [004] ....  5306.450953: do_swap_page: swapin tgid 1683 pid 1683 name "ndroid.systemui" vma 9f092000
 ndroid.systemui-1683  [004] ....  5306.450956: do_swap_page: swapin tgid 1683 pid 1683 name "ndroid.systemui" vma 9f245000
 ndroid.systemui-1683  [004] ....  5306.451056: do_swap_page: swapin tgid 1683 pid 1683 name "ndroid.systemui" vma 9f245000
 ndroid.systemui-1683  [004] ....  5306.451060: do_swap_page: swapin tgid 1683 pid 1683 name "ndroid.systemui" vma 13284000
 ndroid.systemui-1683  [004] ....  5306.451064: do_swap_page: swapin tgid 1683 pid 1683 name "ndroid.systemui" vma 9f112000
 ndroid.systemui-1683  [004] ....  5306.451071: do_swap_page: swapin tgid 1683 pid 1683 name "ndroid.systemui" vma 9f27b000
 ndroid.systemui-1683  [004] ....  5306.451222: do_swap_page: swapin tgid 1683 pid 1683 name "ndroid.systemui" vma 9f27b000
 ndroid.systemui-1683  [004] ....  5306.451225: do_swap_page: swapin tgid 1683 pid 1683 name "ndroid.systemui" vma 9f0fb000
 ndroid.systemui-1683  [004] ....  5306.451228: do_swap_page: swapin tgid 1683 pid 1683 name "ndroid.systemui" vma 9f07f000
 ndroid.systemui-1683  [004] ....  5306.451350: do_swap_page: swapin tgid 1683 pid 1683 name "ndroid.systemui" vma 9f07f000
 ndroid.systemui-1683  [004] ....  5306.451352: do_swap_page: swapin tgid 1683 pid 1683 name "ndroid.systemui" vma 9f267000
 ndroid.systemui-1683  [004] ....  5306.451472: do_swap_page: swapin tgid 1683 pid 1683 name "ndroid.systemui" vma 9f267000
 ndroid.systemui-1683  [004] ....  5306.451474: do_swap_page: swapin tgid 1683 pid 1683 name "ndroid.systemui" vma 9f1ac000
 ndroid.systemui-1683  [004] ....  5306.451583: do_swap_page: swapin tgid 1683 pid 1683 name "ndroid.systemui" vma 9f1ac000
 ndroid.systemui-1683  [004] ....  5306.451587: do_swap_page: swapin tgid 1683 pid 1683 name "ndroid.systemui" vma 9f0d9000
 ndroid.systemui-1683  [004] ....  5306.451590: do_swap_page: swapin tgid 1683 pid 1683 name "ndroid.systemui" vma 9f091000
 ndroid.systemui-1683  [004] ....  5306.451694: do_swap_page: swapin tgid 1683 pid 1683 name "ndroid.systemui" vma 9f091000
 ndroid.systemui-1683  [004] ....  5306.451697: do_swap_page: swapin tgid 1683 pid 1683 name "ndroid.systemui" vma 9f249000
 ndroid.systemui-1683  [004] ....  5306.451797: do_swap_page: swapin tgid 1683 pid 1683 name "ndroid.systemui" vma 9f249000
 ndroid.systemui-1683  [004] ....  5306.451805: do_swap_page: swapin tgid 1683 pid 1683 name "ndroid.systemui" vma 9efe8000
 ndroid.systemui-1683  [004] ....  5306.451807: do_swap_page: swapin tgid 1683 pid 1683 name "ndroid.systemui" vma 9f08f000
 ndroid.systemui-1683  [004] ....  5306.451917: do_swap_page: swapin tgid 1683 pid 1683 name "ndroid.systemui" vma 9f08f000
 ndroid.systemui-1683  [004] ....  5306.451919: do_swap_page: swapin tgid 1683 pid 1683 name "ndroid.systemui" vma 9f24c000
 ndroid.systemui-1683  [004] ....  5306.452068: do_swap_page: swapin tgid 1683 pid 1683 name "ndroid.systemui" vma 9f24c000
 ndroid.systemui-1683  [004] ....  5306.452073: do_swap_page: swapin tgid 1683 pid 1683 name "ndroid.systemui" vma 9f0a0000
 ndroid.systemui-1683  [004] ....  5306.452228: do_swap_page: swapin tgid 1683 pid 1683 name "ndroid.systemui" vma 9f0a0000
           <...>-17708 [004] ....  5306.454390: do_swap_page: swapin tgid 11226 pid 17708 name "Binder:11226_5" vma 7fbe23c000
           <...>-17708 [004] ....  5306.454401: do_swap_page: swapin tgid 11226 pid 17708 name "Binder:11226_5" vma 7f318f3000
           <...>-11676 [004] ....  5306.454443: do_swap_page: swapin tgid 11661 pid 11676 name "Binder:11661_2" vma 7f393d1000
           <...>-11676 [004] ....  5306.454450: do_swap_page: swapin tgid 11661 pid 11676 name "Binder:11661_2" vma 7fbe1f8000
           <...>-5710  [004] ....  5306.454527: do_swap_page: swapin tgid 5221 pid 5710 name "Binder:5221_4" vma 7fbe241000
           <...>-5710  [004] ....  5306.454535: do_swap_page: swapin tgid 5221 pid 5710 name "Binder:5221_4" vma 7fbe1e9000
           <...>-5710  [004] ....  5306.454540: do_swap_page: swapin tgid 5221 pid 5710 name "Binder:5221_4" vma 7f393d2000
           <...>-5452  [004] ....  5306.454578: do_swap_page: swapin tgid 5389 pid 5452 name "Binder:5389_4" vma 7eb93fc000
           <...>-5452  [004] ....  5306.454615: do_swap_page: swapin tgid 5389 pid 5452 name "Binder:5389_4" vma 7fbe273000
           <...>-5452  [004] ....  5306.454619: do_swap_page: swapin tgid 5389 pid 5452 name "Binder:5389_4" vma 7fbe180000
           <...>-5452  [004] ....  5306.454622: do_swap_page: swapin tgid 5389 pid 5452 name "Binder:5389_4" vma 7fbe1fb000
           <...>-17850 [004] ....  5306.454649: do_swap_page: swapin tgid 17811 pid 17850 name "Binder:17811_3" vma 7f28ffc000
           <...>-17850 [004] ....  5306.454657: do_swap_page: swapin tgid 17811 pid 17850 name "Binder:17811_3" vma 7f2d628000
           <...>-17850 [004] ....  5306.454662: do_swap_page: swapin tgid 17811 pid 17850 name "Binder:17811_3" vma 7fbe180000
           <...>-17850 [004] ....  5306.454676: do_swap_page: swapin tgid 17811 pid 17850 name "Binder:17811_3" vma 7f2d619000
           <...>-17850 [004] ....  5306.454678: do_swap_page: swapin tgid 17811 pid 17850 name "Binder:17811_3" vma 7f2d616000
           <...>-17895 [004] ....  5306.454702: do_swap_page: swapin tgid 13722 pid 17895 name "Binder:13722_6" vma 7fb9e3f000
           <...>-17895 [004] ....  5306.454710: do_swap_page: swapin tgid 13722 pid 17895 name "Binder:13722_6" vma 7fbe346000
           <...>-17895 [004] ....  5306.454733: do_swap_page: swapin tgid 13722 pid 17895 name "Binder:13722_6" vma 7fbe241000
           <...>-11137 [004] ....  5306.454760: do_swap_page: swapin tgid 11121 pid 11137 name "Binder:11121_2" vma 7f393d2000
           <...>-11137 [004] ....  5306.454766: do_swap_page: swapin tgid 11121 pid 11137 name "Binder:11121_2" vma 7fbe165000
           <...>-11137 [004] ....  5306.454769: do_swap_page: swapin tgid 11121 pid 11137 name "Binder:11121_2" vma 7f28b37000
           <...>-11137 [004] ....  5306.454774: do_swap_page: swapin tgid 11121 pid 11137 name "Binder:11121_2" vma 7fbc5de000
           <...>-5710  [004] ....  5306.454819: do_swap_page: swapin tgid 5221 pid 5710 name "Binder:5221_4" vma 7f393d2000
           <...>-5710  [004] ....  5306.454825: do_swap_page: swapin tgid 5221 pid 5710 name "Binder:5221_4" vma 7fbe1a4000
           <...>-5710  [004] ....  5306.454829: do_swap_page: swapin tgid 5221 pid 5710 name "Binder:5221_4" vma 7fbc5de000
           <...>-5452  [004] ....  5306.454853: do_swap_page: swapin tgid 5389 pid 5452 name "Binder:5389_4" vma 7fbe1fb000
           <...>-5452  [004] ....  5306.454859: do_swap_page: swapin tgid 5389 pid 5452 name "Binder:5389_4" vma 7fbe1d0000
           <...>-17850 [004] ....  5306.454882: do_swap_page: swapin tgid 17811 pid 17850 name "Binder:17811_3" vma 7f2d616000
           <...>-17850 [004] ....  5306.454887: do_swap_page: swapin tgid 17811 pid 17850 name "Binder:17811_3" vma 7f2d6bd000
           <...>-17850 [004] ....  5306.454919: do_swap_page: swapin tgid 17811 pid 17850 name "Binder:17811_3" vma 7fb9e3f000
           <...>-17895 [004] ....  5306.454941: do_swap_page: swapin tgid 13722 pid 17895 name "Binder:13722_6" vma 7fbe241000
           <...>-17895 [004] ....  5306.454946: do_swap_page: swapin tgid 13722 pid 17895 name "Binder:13722_6" vma 7fbe1e9000
           <...>-11137 [004] ....  5306.454968: do_swap_page: swapin tgid 11121 pid 11137 name "Binder:11121_2" vma 7fbc5de000
           <...>-11137 [004] ....  5306.454975: do_swap_page: swapin tgid 11121 pid 11137 name "Binder:11121_2" vma 7fbbd3a000
           <...>-11137 [004] ....  5306.454978: do_swap_page: swapin tgid 11121 pid 11137 name "Binder:11121_2" vma 7f28b18000
           <...>-11137 [004] ....  5306.454982: do_swap_page: swapin tgid 11121 pid 11137 name "Binder:11121_2" vma 7f393d0000
           <...>-11137 [004] ....  5306.454986: do_swap_page: swapin tgid 11121 pid 11137 name "Binder:11121_2" vma 7fbe23c000
           <...>-11137 [004] ....  5306.454989: do_swap_page: swapin tgid 11121 pid 11137 name "Binder:11121_2" vma 7f318f3000
           <...>-11137 [004] ....  5306.454992: do_swap_page: swapin tgid 11121 pid 11137 name "Binder:11121_2" vma 13147000
           <...>-11137 [004] ....  5306.454996: do_swap_page: swapin tgid 11121 pid 11137 name "Binder:11121_2" vma 7fbe286000
           <...>-11137 [004] ....  5306.454998: do_swap_page: swapin tgid 11121 pid 11137 name "Binder:11121_2" vma 7fbe285000
           <...>-11137 [004] ....  5306.455000: do_swap_page: swapin tgid 11121 pid 11137 name "Binder:11121_2" vma 7f393d1000
           <...>-11137 [004] ....  5306.455006: do_swap_page: swapin tgid 11121 pid 11137 name "Binder:11121_2" vma 7fbe1f8000
           <...>-11137 [004] ....  5306.455010: do_swap_page: swapin tgid 11121 pid 11137 name "Binder:11121_2" vma 13100000
           <...>-11137 [004] ....  5306.455030: do_swap_page: swapin tgid 11121 pid 11137 name "Binder:11121_2" vma 131dd000
           <...>-11137 [004] ....  5306.455047: do_swap_page: swapin tgid 11121 pid 11137 name "Binder:11121_2" vma 7fbe24e000
           <...>-11137 [004] ....  5306.455056: do_swap_page: swapin tgid 11121 pid 11137 name "Binder:11121_2" vma 7f2e072000
           <...>-11137 [004] ....  5306.455060: do_swap_page: swapin tgid 11121 pid 11137 name "Binder:11121_2" vma 7fbe17f000
           <...>-11137 [004] ....  5306.455063: do_swap_page: swapin tgid 11121 pid 11137 name "Binder:11121_2" vma 7fbe29c000
           <...>-11137 [004] ....  5306.455092: do_swap_page: swapin tgid 11121 pid 11137 name "Binder:11121_2" vma 7fbde97000
           <...>-11137 [004] ....  5306.455097: do_swap_page: swapin tgid 11121 pid 11137 name "Binder:11121_2" vma 7fbaadc000
           <...>-5452  [004] ....  5306.455134: do_swap_page: swapin tgid 5389 pid 5452 name "Binder:5389_4" vma 7fbe1d0000
           <...>-5452  [004] ....  5306.455146: do_swap_page: swapin tgid 5389 pid 5452 name "Binder:5389_4" vma 7fbe23a000
           <...>-5452  [004] ....  5306.455151: do_swap_page: swapin tgid 5389 pid 5452 name "Binder:5389_4" vma 7f28ac2000
           <...>-5452  [004] ....  5306.455154: do_swap_page: swapin tgid 5389 pid 5452 name "Binder:5389_4" vma 7f28af4000
           <...>-5452  [004] ....  5306.455158: do_swap_page: swapin tgid 5389 pid 5452 name "Binder:5389_4" vma 7fb9e3f000
           <...>-17850 [004] ....  5306.455183: do_swap_page: swapin tgid 17811 pid 17850 name "Binder:17811_3" vma 7fb9e3f000
           <...>-17850 [004] ....  5306.455188: do_swap_page: swapin tgid 17811 pid 17850 name "Binder:17811_3" vma 7fbe349000
           <...>-17850 [004] ....  5306.455191: do_swap_page: swapin tgid 17811 pid 17850 name "Binder:17811_3" vma 7fbe241000
           <...>-17895 [004] ....  5306.455214: do_swap_page: swapin tgid 13722 pid 17895 name "Binder:13722_6" vma 7fbe1e9000
           <...>-17895 [004] ....  5306.455225: do_swap_page: swapin tgid 13722 pid 17895 name "Binder:13722_6" vma 7f393d2000
           <...>-5710  [004] ....  5306.455267: do_swap_page: swapin tgid 5221 pid 5710 name "Binder:5221_4" vma 7fbc5de000
           <...>-5710  [004] ....  5306.455275: do_swap_page: swapin tgid 5221 pid 5710 name "Binder:5221_4" vma 7fbbd3a000
           <...>-5710  [004] ....  5306.455279: do_swap_page: swapin tgid 5221 pid 5710 name "Binder:5221_4" vma 7f28b17000
           <...>-5710  [004] ....  5306.455293: do_swap_page: swapin tgid 5221 pid 5710 name "Binder:5221_4" vma 7f393d0000
           <...>-5710  [004] ....  5306.455296: do_swap_page: swapin tgid 5221 pid 5710 name "Binder:5221_4" vma 7fbe23c000
           <...>-5710  [004] ....  5306.455298: do_swap_page: swapin tgid 5221 pid 5710 name "Binder:5221_4" vma 7fbe1a5000
           <...>-5710  [004] ....  5306.455300: do_swap_page: swapin tgid 5221 pid 5710 name "Binder:5221_4" vma 7f318f3000
           <...>-5710  [004] ....  5306.455304: do_swap_page: swapin tgid 5221 pid 5710 name "Binder:5221_4" vma 12cda000
           <...>-5710  [004] ....  5306.455317: do_swap_page: swapin tgid 5221 pid 5710 name "Binder:5221_4" vma 7fbe286000
           <...>-5710  [004] ....  5306.455319: do_swap_page: swapin tgid 5221 pid 5710 name "Binder:5221_4" vma 7fbe285000
           <...>-5710  [004] ....  5306.455320: do_swap_page: swapin tgid 5221 pid 5710 name "Binder:5221_4" vma 7f393d1000
           <...>-5710  [004] ....  5306.455322: do_swap_page: swapin tgid 5221 pid 5710 name "Binder:5221_4" vma 7fbe1f8000
           <...>-5710  [004] ....  5306.455328: do_swap_page: swapin tgid 5221 pid 5710 name "Binder:5221_4" vma 12cc0000
           <...>-5710  [004] ....  5306.455330: do_swap_page: swapin tgid 5221 pid 5710 name "Binder:5221_4" vma 12f40000
           <...>-5710  [004] ....  5306.455332: do_swap_page: swapin tgid 5221 pid 5710 name "Binder:5221_4" vma 12f4a000
           <...>-5710  [004] ....  5306.455336: do_swap_page: swapin tgid 5221 pid 5710 name "Binder:5221_4" vma 7fbe24e000
           <...>-5452  [004] ....  5306.455361: do_swap_page: swapin tgid 5389 pid 5452 name "Binder:5389_4" vma 7fb9e3f000
           <...>-5452  [004] ....  5306.455367: do_swap_page: swapin tgid 5389 pid 5452 name "Binder:5389_4" vma 7fbe301000
           <...>-5452  [004] ....  5306.455371: do_swap_page: swapin tgid 5389 pid 5452 name "Binder:5389_4" vma 7fbe241000
           <...>-17850 [004] ....  5306.455394: do_swap_page: swapin tgid 17811 pid 17850 name "Binder:17811_3" vma 7fbe241000
           <...>-17850 [004] ....  5306.455400: do_swap_page: swapin tgid 17811 pid 17850 name "Binder:17811_3" vma 7fbe1e9000
           <...>-17895 [004] ....  5306.455438: do_swap_page: swapin tgid 13722 pid 17895 name "Binder:13722_6" vma 7f393d2000
           <...>-17895 [004] ....  5306.455443: do_swap_page: swapin tgid 13722 pid 17895 name "Binder:13722_6" vma 7fbe165000
           <...>-5710  [004] ....  5306.455485: do_swap_page: swapin tgid 5221 pid 5710 name "Binder:5221_4" vma 7fbe24e000
           <...>-5710  [004] ....  5306.455495: do_swap_page: swapin tgid 5221 pid 5710 name "Binder:5221_4" vma 7fbe06b000
           <...>-5710  [004] ....  5306.455514: do_swap_page: swapin tgid 5221 pid 5710 name "Binder:5221_4" vma 7f29ef1000
           <...>-5710  [004] ....  5306.455516: do_swap_page: swapin tgid 5221 pid 5710 name "Binder:5221_4" vma 12fc1000
           <...>-5710  [004] ....  5306.455546: do_swap_page: swapin tgid 5221 pid 5710 name "Binder:5221_4" vma 7f34f06000
           <...>-5710  [004] ....  5306.455549: do_swap_page: swapin tgid 5221 pid 5710 name "Binder:5221_4" vma 12cc5000
           <...>-5710  [004] ....  5306.455553: do_swap_page: swapin tgid 5221 pid 5710 name "Binder:5221_4" vma 7fbe1e7000
           <...>-17850 [004] ....  5306.455596: do_swap_page: swapin tgid 17811 pid 17850 name "Binder:17811_3" vma 7fbe1e9000
           <...>-5452  [004] ....  5306.455797: do_swap_page: swapin tgid 5389 pid 5452 name "Binder:5389_4" vma 7fbe241000
           <...>-5452  [004] ....  5306.455802: do_swap_page: swapin tgid 5389 pid 5452 name "Binder:5389_4" vma 7fbe1e9000
           <...>-5452  [004] ....  5306.455806: do_swap_page: swapin tgid 5389 pid 5452 name "Binder:5389_4" vma 7f393d2000
           <...>-17850 [004] ....  5306.455834: do_swap_page: swapin tgid 17811 pid 17850 name "Binder:17811_3" vma 7f393d2000
           <...>-17895 [004] ....  5306.455857: do_swap_page: swapin tgid 13722 pid 17895 name "Binder:13722_6" vma 7fbe165000
           <...>-17895 [004] ....  5306.455863: do_swap_page: swapin tgid 13722 pid 17895 name "Binder:13722_6" vma 7f29bfa000
           <...>-17895 [004] ....  5306.455868: do_swap_page: swapin tgid 13722 pid 17895 name "Binder:13722_6" vma 7fbc5de000
           <...>-17708 [004] ....  5306.455893: do_swap_page: swapin tgid 11226 pid 17708 name "Binder:11226_5" vma 7f318f3000
           <...>-17708 [004] ....  5306.455901: do_swap_page: swapin tgid 11226 pid 17708 name "Binder:11226_5" vma 12c60000
           <...>-5452  [004] ....  5306.455947: do_swap_page: swapin tgid 5389 pid 5452 name "Binder:5389_4" vma 7f393d2000
           <...>-5452  [004] ....  5306.455953: do_swap_page: swapin tgid 5389 pid 5452 name "Binder:5389_4" vma 7fbe165000
           <...>-5452  [004] ....  5306.455957: do_swap_page: swapin tgid 5389 pid 5452 name "Binder:5389_4" vma 7ec4c69000
           <...>-5452  [004] ....  5306.455962: do_swap_page: swapin tgid 5389 pid 5452 name "Binder:5389_4" vma 7fbc5de000
           <...>-17850 [004] ....  5306.456010: do_swap_page: swapin tgid 17811 pid 17850 name "Binder:17811_3" vma 7f393d2000
           <...>-17850 [004] ....  5306.456016: do_swap_page: swapin tgid 17811 pid 17850 name "Binder:17811_3" vma 7fbe165000
           <...>-17895 [004] ....  5306.456053: do_swap_page: swapin tgid 13722 pid 17895 name "Binder:13722_6" vma 7fbc5de000
           <...>-17895 [004] ....  5306.456060: do_swap_page: swapin tgid 13722 pid 17895 name "Binder:13722_6" vma 7fbbd3a000
           <...>-11137 [004] ....  5306.456085: do_swap_page: swapin tgid 11121 pid 11137 name "Binder:11121_2" vma 7fbaadc000
           <...>-11137 [004] ....  5306.456096: do_swap_page: swapin tgid 11121 pid 11137 name "Binder:11121_2" vma 7f34f07000
           <...>-11137 [004] ....  5306.456098: do_swap_page: swapin tgid 11121 pid 11137 name "Binder:11121_2" vma 13108000
           <...>-11137 [004] ....  5306.456106: do_swap_page: swapin tgid 11121 pid 11137 name "Binder:11121_2" vma 7fbe1e7000
           <...>-11137 [004] ....  5306.456108: do_swap_page: swapin tgid 11121 pid 11137 name "Binder:11121_2" vma 7fbe20a000
           <...>-5452  [004] ....  5306.456154: do_swap_page: swapin tgid 5389 pid 5452 name "Binder:5389_4" vma 7fbc5de000
           <...>-5452  [004] ....  5306.456161: do_swap_page: swapin tgid 5389 pid 5452 name "Binder:5389_4" vma 7fbbd3a000
           <...>-5452  [004] ....  5306.456163: do_swap_page: swapin tgid 5389 pid 5452 name "Binder:5389_4" vma 7ec4bd7000
           <...>-5452  [004] ....  5306.456167: do_swap_page: swapin tgid 5389 pid 5452 name "Binder:5389_4" vma 7f393d0000
           <...>-5452  [004] ....  5306.456169: do_swap_page: swapin tgid 5389 pid 5452 name "Binder:5389_4" vma 7fbe23c000
           <...>-5452  [004] ....  5306.456171: do_swap_page: swapin tgid 5389 pid 5452 name "Binder:5389_4" vma 7f318f3000
           <...>-5452  [004] ....  5306.456174: do_swap_page: swapin tgid 5389 pid 5452 name "Binder:5389_4" vma 12f26000
           <...>-5452  [004] ....  5306.456194: do_swap_page: swapin tgid 5389 pid 5452 name "Binder:5389_4" vma 7fbe286000
           <...>-5452  [004] ....  5306.456196: do_swap_page: swapin tgid 5389 pid 5452 name "Binder:5389_4" vma 7fbe285000
           <...>-5452  [004] ....  5306.456197: do_swap_page: swapin tgid 5389 pid 5452 name "Binder:5389_4" vma 7f393d1000
           <...>-17850 [004] ....  5306.456221: do_swap_page: swapin tgid 17811 pid 17850 name "Binder:17811_3" vma 7fbe165000
           <...>-17850 [004] ....  5306.456227: do_swap_page: swapin tgid 17811 pid 17850 name "Binder:17811_3" vma 7f2d67e000
           <...>-17850 [004] ....  5306.456230: do_swap_page: swapin tgid 17811 pid 17850 name "Binder:17811_3" vma 7fbc5de000
           <...>-17895 [004] ....  5306.456268: do_swap_page: swapin tgid 13722 pid 17895 name "Binder:13722_6" vma 7fbbd3a000
