 droid.launcher3-2006  [004] ....  4464.979014: do_swap_page: swapin tgid 2006 pid 2006 name "droid.launcher3" vma 9efba000
      android.ui-1356  [004] ....  4464.979035: do_swap_page: swapin tgid 1335 pid 1356 name "android.ui" vma 7f2afa3000
      android.ui-1356  [004] ....  4464.979043: do_swap_page: swapin tgid 1335 pid 1356 name "android.ui" vma 9f2d4000
 ndroid.systemui-1683  [004] ....  4464.979067: do_swap_page: swapin tgid 1683 pid 1683 name "ndroid.systemui" vma 9f1be000
           <...>-1445  [004] ....  4464.979108: do_swap_page: swapin tgid 1335 pid 1445 name "InputDispatcher" vma 7e857b0000
           <...>-1445  [004] ....  4464.979115: do_swap_page: swapin tgid 1335 pid 1445 name "InputDispatcher" vma 7ed0c4a000
 droid.launcher3-2006  [004] ....  4464.979222: do_swap_page: swapin tgid 2006 pid 2006 name "droid.launcher3" vma 9efba000
 droid.launcher3-2006  [004] ....  4464.979228: do_swap_page: swapin tgid 2006 pid 2006 name "droid.launcher3" vma 9efdb000
      android.ui-1356  [004] ....  4464.979257: do_swap_page: swapin tgid 1335 pid 1356 name "android.ui" vma 9f2d4000
      android.ui-1356  [004] ....  4464.979263: do_swap_page: swapin tgid 1335 pid 1356 name "android.ui" vma 9f029000
      android.ui-1356  [004] ....  4464.979265: do_swap_page: swapin tgid 1335 pid 1356 name "android.ui" vma 9f161000
 ndroid.systemui-1683  [004] ....  4464.979316: do_swap_page: swapin tgid 1683 pid 1683 name "ndroid.systemui" vma 7eb5526000
 droid.launcher3-2006  [004] ....  4464.979345: do_swap_page: swapin tgid 2006 pid 2006 name "droid.launcher3" vma 9efdb000
 droid.launcher3-2006  [004] ....  4464.979351: do_swap_page: swapin tgid 2006 pid 2006 name "droid.launcher3" vma 7eccada000
 droid.launcher3-2006  [004] ....  4464.979353: do_swap_page: swapin tgid 2006 pid 2006 name "droid.launcher3" vma 9ef89000
 ndroid.systemui-1683  [004] ....  4464.979415: do_swap_page: swapin tgid 1683 pid 1683 name "ndroid.systemui" vma 9f1f1000
      android.ui-1356  [004] ....  4464.979462: do_swap_page: swapin tgid 1335 pid 1356 name "android.ui" vma 9f161000
      android.ui-1356  [004] ....  4464.979468: do_swap_page: swapin tgid 1335 pid 1356 name "android.ui" vma 9f00f000
      android.ui-1356  [004] ....  4464.979470: do_swap_page: swapin tgid 1335 pid 1356 name "android.ui" vma 9f13e000
 droid.launcher3-2006  [004] ....  4464.979548: do_swap_page: swapin tgid 2006 pid 2006 name "droid.launcher3" vma 9ef89000
 droid.launcher3-2006  [004] ....  4464.979554: do_swap_page: swapin tgid 2006 pid 2006 name "droid.launcher3" vma 13d83000
 droid.launcher3-2006  [004] ....  4464.979556: do_swap_page: swapin tgid 2006 pid 2006 name "droid.launcher3" vma 9ef8d000
 ndroid.systemui-1683  [004] ....  4464.979637: do_swap_page: swapin tgid 1683 pid 1683 name "ndroid.systemui" vma 9f1f1000
 ndroid.systemui-1683  [004] ....  4464.979645: do_swap_page: swapin tgid 1683 pid 1683 name "ndroid.systemui" vma 9f1b5000
      android.ui-1356  [004] ....  4464.979704: do_swap_page: swapin tgid 1335 pid 1356 name "android.ui" vma 9f13e000
      android.ui-1356  [004] ....  4464.979710: do_swap_page: swapin tgid 1335 pid 1356 name "android.ui" vma 9efa6000
      android.ui-1356  [004] ....  4464.979713: do_swap_page: swapin tgid 1335 pid 1356 name "android.ui" vma 9f26c000
 droid.launcher3-2006  [004] ....  4464.979734: do_swap_page: swapin tgid 2006 pid 2006 name "droid.launcher3" vma 9ef8d000
 droid.launcher3-2006  [004] ....  4464.979739: do_swap_page: swapin tgid 2006 pid 2006 name "droid.launcher3" vma 9ef91000
 ndroid.systemui-1683  [004] ....  4464.979796: do_swap_page: swapin tgid 1683 pid 1683 name "ndroid.systemui" vma 9f1b5000
 ndroid.systemui-1683  [004] ....  4464.979811: do_swap_page: swapin tgid 1683 pid 1683 name "ndroid.systemui" vma 7fbe1a4000
 ndroid.systemui-1683  [004] ....  4464.979829: do_swap_page: swapin tgid 1683 pid 1683 name "ndroid.systemui" vma 1368a000
 ndroid.systemui-1683  [004] ....  4464.979838: do_swap_page: swapin tgid 1683 pid 1683 name "ndroid.systemui" vma 132ee000
 ndroid.systemui-1683  [004] ....  4464.979843: do_swap_page: swapin tgid 1683 pid 1683 name "ndroid.systemui" vma 7eb5524000
 ndroid.systemui-1683  [004] ....  4464.979852: do_swap_page: swapin tgid 1683 pid 1683 name "ndroid.systemui" vma 132ce000
 ndroid.systemui-1683  [004] ....  4464.979854: do_swap_page: swapin tgid 1683 pid 1683 name "ndroid.systemui" vma 9f194000
 droid.launcher3-2006  [004] ....  4464.979911: do_swap_page: swapin tgid 2006 pid 2006 name "droid.launcher3" vma 9ef91000
 droid.launcher3-2006  [004] ....  4464.979916: do_swap_page: swapin tgid 2006 pid 2006 name "droid.launcher3" vma 13db4000
 droid.launcher3-2006  [004] ....  4464.979918: do_swap_page: swapin tgid 2006 pid 2006 name "droid.launcher3" vma 7eccad9000
 droid.launcher3-2006  [004] ....  4464.979923: do_swap_page: swapin tgid 2006 pid 2006 name "droid.launcher3" vma 12ed5000
 droid.launcher3-2006  [004] ....  4464.979927: do_swap_page: swapin tgid 2006 pid 2006 name "droid.launcher3" vma 7ec726a000
 droid.launcher3-2006  [004] ....  4464.979936: do_swap_page: swapin tgid 2006 pid 2006 name "droid.launcher3" vma 7fbe1e7000
 droid.launcher3-2006  [004] ....  4464.979938: do_swap_page: swapin tgid 2006 pid 2006 name "droid.launcher3" vma 7fbe17f000
 droid.launcher3-2006  [004] ....  4464.979943: do_swap_page: swapin tgid 2006 pid 2006 name "droid.launcher3" vma 7f28ac2000
 droid.launcher3-2006  [004] ....  4464.979948: do_swap_page: swapin tgid 2006 pid 2006 name "droid.launcher3" vma 7fbe20a000
      android.ui-1356  [004] ....  4464.979974: do_swap_page: swapin tgid 1335 pid 1356 name "android.ui" vma 9f26c000
      android.ui-1356  [004] ....  4464.979981: do_swap_page: swapin tgid 1335 pid 1356 name "android.ui" vma 9f078000
      android.ui-1356  [004] ....  4464.979983: do_swap_page: swapin tgid 1335 pid 1356 name "android.ui" vma 9f1c2000
 ndroid.systemui-1683  [004] ....  4464.980032: do_swap_page: swapin tgid 1683 pid 1683 name "ndroid.systemui" vma 9f194000
 ndroid.systemui-1683  [004] ....  4464.980041: do_swap_page: swapin tgid 1683 pid 1683 name "ndroid.systemui" vma 13387000
 ndroid.systemui-1683  [004] ....  4464.980044: do_swap_page: swapin tgid 1683 pid 1683 name "ndroid.systemui" vma 9f271000
      android.ui-1356  [004] ....  4464.980166: do_swap_page: swapin tgid 1335 pid 1356 name "android.ui" vma 9f1c2000
      android.ui-1356  [004] ....  4464.980177: do_swap_page: swapin tgid 1335 pid 1356 name "android.ui" vma 7ecfadf000
 droid.launcher3-2006  [004] ....  4464.980225: do_swap_page: swapin tgid 2006 pid 2006 name "droid.launcher3" vma 7fbe20a000
 droid.launcher3-2006  [004] ....  4464.980255: do_swap_page: swapin tgid 2006 pid 2006 name "droid.launcher3" vma 7f2896c000
 droid.launcher3-2006  [004] ....  4464.980261: do_swap_page: swapin tgid 2006 pid 2006 name "droid.launcher3" vma 7f289bb000
 droid.launcher3-2006  [004] ....  4464.980263: do_swap_page: swapin tgid 2006 pid 2006 name "droid.launcher3" vma 7f28b48000
      android.ui-1356  [004] ....  4464.980304: do_swap_page: swapin tgid 1335 pid 1356 name "android.ui" vma 7f2d667000
 ndroid.systemui-1683  [004] ....  4464.980321: do_swap_page: swapin tgid 1683 pid 1683 name "ndroid.systemui" vma 9f271000
 ndroid.systemui-1683  [004] ....  4464.980331: do_swap_page: swapin tgid 1683 pid 1683 name "ndroid.systemui" vma 9f0f5000
 ndroid.systemui-1683  [004] ....  4464.980334: do_swap_page: swapin tgid 1683 pid 1683 name "ndroid.systemui" vma 9f261000
 droid.launcher3-2006  [004] ....  4464.980374: do_swap_page: swapin tgid 2006 pid 2006 name "droid.launcher3" vma 7f28b48000
 droid.launcher3-2006  [004] ....  4464.980382: do_swap_page: swapin tgid 2006 pid 2006 name "droid.launcher3" vma 7f2d145000
 droid.launcher3-2006  [004] ....  4464.980386: do_swap_page: swapin tgid 2006 pid 2006 name "droid.launcher3" vma 7f39800000
 droid.launcher3-2006  [004] ....  4464.980394: do_swap_page: swapin tgid 2006 pid 2006 name "droid.launcher3" vma 7ec9c86000
 droid.launcher3-2006  [004] ....  4464.980400: do_swap_page: swapin tgid 2006 pid 2006 name "droid.launcher3" vma 9f0a9000
 ndroid.systemui-1683  [004] ....  4464.980472: do_swap_page: swapin tgid 1683 pid 1683 name "ndroid.systemui" vma 9f261000
 ndroid.systemui-1683  [004] ....  4464.980477: do_swap_page: swapin tgid 1683 pid 1683 name "ndroid.systemui" vma 9f1a5000
 droid.launcher3-2006  [004] ....  4464.980576: do_swap_page: swapin tgid 2006 pid 2006 name "droid.launcher3" vma 9f0a9000
 droid.launcher3-2006  [004] ....  4464.980586: do_swap_page: swapin tgid 2006 pid 2006 name "droid.launcher3" vma 7fbe23b000
 droid.launcher3-2006  [004] ....  4464.980589: do_swap_page: swapin tgid 2006 pid 2006 name "droid.launcher3" vma 9efd4000
 ndroid.systemui-1683  [004] ....  4464.980629: do_swap_page: swapin tgid 1683 pid 1683 name "ndroid.systemui" vma 9f1a5000
 ndroid.systemui-1683  [004] ....  4464.980634: do_swap_page: swapin tgid 1683 pid 1683 name "ndroid.systemui" vma 9f116000
 ndroid.systemui-1683  [004] ....  4464.980637: do_swap_page: swapin tgid 1683 pid 1683 name "ndroid.systemui" vma 9f1c8000
 droid.launcher3-2006  [004] ....  4464.980736: do_swap_page: swapin tgid 2006 pid 2006 name "droid.launcher3" vma 9efd4000
 droid.launcher3-2006  [004] ....  4464.980743: do_swap_page: swapin tgid 2006 pid 2006 name "droid.launcher3" vma 9efb8000
 ndroid.systemui-1683  [004] ....  4464.980830: do_swap_page: swapin tgid 1683 pid 1683 name "ndroid.systemui" vma 9f1c8000
 ndroid.systemui-1683  [004] ....  4464.980837: do_swap_page: swapin tgid 1683 pid 1683 name "ndroid.systemui" vma 9f0f3000
 ndroid.systemui-1683  [004] ....  4464.980841: do_swap_page: swapin tgid 1683 pid 1683 name "ndroid.systemui" vma 9f181000
 droid.launcher3-2006  [004] ....  4464.980918: do_swap_page: swapin tgid 2006 pid 2006 name "droid.launcher3" vma 9efb8000
 droid.launcher3-2006  [004] ....  4464.980925: do_swap_page: swapin tgid 2006 pid 2006 name "droid.launcher3" vma 9f09c000
 ndroid.systemui-1683  [004] ....  4464.980963: do_swap_page: swapin tgid 1683 pid 1683 name "ndroid.systemui" vma 9f181000
 ndroid.systemui-1683  [004] ....  4464.980969: do_swap_page: swapin tgid 1683 pid 1683 name "ndroid.systemui" vma 9f0e1000
 ndroid.systemui-1683  [004] ....  4464.980971: do_swap_page: swapin tgid 1683 pid 1683 name "ndroid.systemui" vma 9f191000
    RenderThread-2146  [004] ....  4464.981203: do_swap_page: swapin tgid 1683 pid 2146 name "RenderThread" vma 7f2d690000
    RenderThread-2146  [004] ....  4464.981239: do_swap_page: swapin tgid 1683 pid 2146 name "RenderThread" vma 7fbe175000
    RenderThread-2523  [004] ....  4464.981272: do_swap_page: swapin tgid 2006 pid 2523 name "RenderThread" vma 7ecb7d1000
    RenderThread-2523  [004] ....  4464.981283: do_swap_page: swapin tgid 2006 pid 2523 name "RenderThread" vma 7fbe231000
    RenderThread-2523  [004] ....  4464.981285: do_swap_page: swapin tgid 2006 pid 2523 name "RenderThread" vma 7ecb7d2000
    RenderThread-2523  [004] ....  4464.981286: do_swap_page: swapin tgid 2006 pid 2523 name "RenderThread" vma 7f28a02000
    RenderThread-2523  [004] ....  4464.981290: do_swap_page: swapin tgid 2006 pid 2523 name "RenderThread" vma 7ec9c72000
    RenderThread-2523  [004] ....  4464.981295: do_swap_page: swapin tgid 2006 pid 2523 name "RenderThread" vma 7fbaadc000
    RenderThread-2523  [004] ....  4464.981297: do_swap_page: swapin tgid 2006 pid 2523 name "RenderThread" vma 7f28b41000
    RenderThread-2523  [004] ....  4464.981298: do_swap_page: swapin tgid 2006 pid 2523 name "RenderThread" vma 7f28b4e000
    RenderThread-2523  [004] ....  4464.981302: do_swap_page: swapin tgid 2006 pid 2523 name "RenderThread" vma 7fbe1c5000
    RenderThread-2523  [004] ....  4464.981304: do_swap_page: swapin tgid 2006 pid 2523 name "RenderThread" vma 7ecb7d0000
    RenderThread-2523  [004] ....  4464.981339: do_swap_page: swapin tgid 2006 pid 2523 name "RenderThread" vma 7fbd2d8000
    RenderThread-2523  [004] ....  4464.981342: do_swap_page: swapin tgid 2006 pid 2523 name "RenderThread" vma 7fbd46e000
    RenderThread-2523  [004] ....  4464.981345: do_swap_page: swapin tgid 2006 pid 2523 name "RenderThread" vma 7fbe1fb000
    RenderThread-2523  [004] ....  4464.981347: do_swap_page: swapin tgid 2006 pid 2523 name "RenderThread" vma 7fbe1fd000
    RenderThread-2523  [004] ....  4464.981349: do_swap_page: swapin tgid 2006 pid 2523 name "RenderThread" vma 7fbe349000
    RenderThread-2523  [004] ....  4464.981356: do_swap_page: swapin tgid 2006 pid 2523 name "RenderThread" vma 7fb9e3f000
    RenderThread-2523  [004] ....  4464.981359: do_swap_page: swapin tgid 2006 pid 2523 name "RenderThread" vma 7ecc8df000
    RenderThread-2523  [004] ....  4464.981361: do_swap_page: swapin tgid 2006 pid 2523 name "RenderThread" vma 7f28bd8000
    RenderThread-2523  [004] ....  4464.981363: do_swap_page: swapin tgid 2006 pid 2523 name "RenderThread" vma 7ecc9af000
    RenderThread-2523  [004] ....  4464.981367: do_swap_page: swapin tgid 2006 pid 2523 name "RenderThread" vma 7eccb80000
    RenderThread-2523  [004] ....  4464.981370: do_swap_page: swapin tgid 2006 pid 2523 name "RenderThread" vma 7fbe175000
    RenderThread-6364  [004] ....  4464.981399: do_swap_page: swapin tgid 6287 pid 6364 name "RenderThread" vma 7e96d47000
    RenderThread-6364  [004] ....  4464.981411: do_swap_page: swapin tgid 6287 pid 6364 name "RenderThread" vma 7f28a80000
    RenderThread-6364  [004] ....  4464.981415: do_swap_page: swapin tgid 6287 pid 6364 name "RenderThread" vma 7f28e55000
    RenderThread-6364  [004] ....  4464.981418: do_swap_page: swapin tgid 6287 pid 6364 name "RenderThread" vma 7e96d48000
    RenderThread-6364  [004] ....  4464.981419: do_swap_page: swapin tgid 6287 pid 6364 name "RenderThread" vma 7f28f6c000
    RenderThread-6364  [004] ....  4464.981423: do_swap_page: swapin tgid 6287 pid 6364 name "RenderThread" vma 7e48a3d000
    RenderThread-6364  [004] ....  4464.981431: do_swap_page: swapin tgid 6287 pid 6364 name "RenderThread" vma 7fbe1eb000
    RenderThread-6364  [004] ....  4464.981434: do_swap_page: swapin tgid 6287 pid 6364 name "RenderThread" vma 7f289d5000
    RenderThread-6364  [004] ....  4464.981437: do_swap_page: swapin tgid 6287 pid 6364 name "RenderThread" vma 7e96d46000
    RenderThread-6364  [004] ....  4464.981482: do_swap_page: swapin tgid 6287 pid 6364 name "RenderThread" vma 7fbd2d8000
    RenderThread-6364  [004] ....  4464.981486: do_swap_page: swapin tgid 6287 pid 6364 name "RenderThread" vma 7fbd46e000
    RenderThread-6364  [004] ....  4464.981492: do_swap_page: swapin tgid 6287 pid 6364 name "RenderThread" vma 7f28f70000
    RenderThread-6364  [004] ....  4464.981494: do_swap_page: swapin tgid 6287 pid 6364 name "RenderThread" vma 7f28ff7000
    RenderThread-6364  [004] ....  4464.981497: do_swap_page: swapin tgid 6287 pid 6364 name "RenderThread" vma 7f28ff8000
    RenderThread-6364  [004] ....  4464.981502: do_swap_page: swapin tgid 6287 pid 6364 name "RenderThread" vma 7fbe175000
    RenderThread-6364  [004] ....  4464.981505: do_swap_page: swapin tgid 6287 pid 6364 name "RenderThread" vma 7f28b30000
    RenderThread-6364  [004] ....  4464.981509: do_swap_page: swapin tgid 6287 pid 6364 name "RenderThread" vma 7f289ff000
    RenderThread-6364  [004] ....  4464.981512: do_swap_page: swapin tgid 6287 pid 6364 name "RenderThread" vma 7f28f6e000
           <...>-6561  [004] ....  4464.981574: do_swap_page: swapin tgid 1335 pid 6561 name "RenderThread" vma 7ea67a8000
           <...>-6561  [004] ....  4464.981583: do_swap_page: swapin tgid 1335 pid 6561 name "RenderThread" vma 7e8575b000
           <...>-6561  [004] ....  4464.981586: do_swap_page: swapin tgid 1335 pid 6561 name "RenderThread" vma 7ea67a9000
           <...>-6561  [004] ....  4464.981588: do_swap_page: swapin tgid 1335 pid 6561 name "RenderThread" vma 7e57c38000
           <...>-6561  [004] ....  4464.981606: do_swap_page: swapin tgid 1335 pid 6561 name "RenderThread" vma 7e66ab7000
           <...>-6561  [004] ....  4464.981614: do_swap_page: swapin tgid 1335 pid 6561 name "RenderThread" vma 7ea67a7000
           <...>-6561  [004] ....  4464.981644: do_swap_page: swapin tgid 1335 pid 6561 name "RenderThread" vma 7fbd2d8000
           <...>-6561  [004] ....  4464.981651: do_swap_page: swapin tgid 1335 pid 6561 name "RenderThread" vma 7f2d74e000
           <...>-6561  [004] ....  4464.981653: do_swap_page: swapin tgid 1335 pid 6561 name "RenderThread" vma 7eb4fbe000
           <...>-6561  [004] ....  4464.981655: do_swap_page: swapin tgid 1335 pid 6561 name "RenderThread" vma 7e8584e000
           <...>-6561  [004] ....  4464.981662: do_swap_page: swapin tgid 1335 pid 6561 name "RenderThread" vma 7e57c8e000
           <...>-6561  [004] ....  4464.981665: do_swap_page: swapin tgid 1335 pid 6561 name "RenderThread" vma 7e634d2000
    Binder:599_3-1274  [004] ....  4464.981701: do_swap_page: swapin tgid 599 pid 1274 name "Binder:599_3" vma 7fb7563000
    RenderThread-2523  [004] ....  4464.981727: do_swap_page: swapin tgid 2006 pid 2523 name "RenderThread" vma 7fbe175000
    RenderThread-2523  [004] ....  4464.981733: do_swap_page: swapin tgid 2006 pid 2523 name "RenderThread" vma 7f2d265000
    RenderThread-2523  [004] ....  4464.981736: do_swap_page: swapin tgid 2006 pid 2523 name "RenderThread" vma 7f28b2f000
    RenderThread-2523  [004] ....  4464.981740: do_swap_page: swapin tgid 2006 pid 2523 name "RenderThread" vma 7f28bdb000
    RenderThread-2523  [004] ....  4464.981743: do_swap_page: swapin tgid 2006 pid 2523 name "RenderThread" vma 7fbe180000
    Binder:599_5-2355  [004] ....  4464.981776: do_swap_page: swapin tgid 599 pid 2355 name "Binder:599_5" vma 7fa9296000
    Binder:599_5-2355  [004] ....  4464.981782: do_swap_page: swapin tgid 599 pid 2355 name "Binder:599_5" vma 7fa9297000
    Binder:599_5-2355  [004] ....  4464.981787: do_swap_page: swapin tgid 599 pid 2355 name "Binder:599_5" vma 7fb7569000
    Binder:599_5-2355  [004] ....  4464.981792: do_swap_page: swapin tgid 599 pid 2355 name "Binder:599_5" vma 7fb753a000
    Binder:599_5-2355  [004] ....  4464.981796: do_swap_page: swapin tgid 599 pid 2355 name "Binder:599_5" vma 7fb7999000
    Binder:599_5-2355  [004] ....  4464.981797: do_swap_page: swapin tgid 599 pid 2355 name "Binder:599_5" vma 7fb799a000
    RenderThread-2523  [004] ....  4464.981904: do_swap_page: swapin tgid 2006 pid 2523 name "RenderThread" vma 7fbe162000
    RenderThread-2523  [004] ....  4464.981909: do_swap_page: swapin tgid 2006 pid 2523 name "RenderThread" vma 7fbe2df000
    RenderThread-2523  [004] ....  4464.981914: do_swap_page: swapin tgid 2006 pid 2523 name "RenderThread" vma 7f28a1a000
    RenderThread-2523  [004] ....  4464.981917: do_swap_page: swapin tgid 2006 pid 2523 name "RenderThread" vma 7ec9a9c000
    RenderThread-2523  [004] ....  4464.981920: do_swap_page: swapin tgid 2006 pid 2523 name "RenderThread" vma 7fbe229000
    RenderThread-2523  [004] ....  4464.981923: do_swap_page: swapin tgid 2006 pid 2523 name "RenderThread" vma 7fb9ee3000
    RenderThread-2146  [004] ....  4464.981956: do_swap_page: swapin tgid 1683 pid 2146 name "RenderThread" vma 7fbe175000
    RenderThread-2146  [004] ....  4464.982094: do_swap_page: swapin tgid 1683 pid 2146 name "RenderThread" vma 7f28feb000
    RenderThread-2523  [004] ....  4464.982121: do_swap_page: swapin tgid 2006 pid 2523 name "RenderThread" vma 7fb9ee3000
    RenderThread-2523  [004] ....  4464.982126: do_swap_page: swapin tgid 2006 pid 2523 name "RenderThread" vma 7fbe2f1000
    RenderThread-2523  [004] ....  4464.982138: do_swap_page: swapin tgid 2006 pid 2523 name "RenderThread" vma 7fbe25f000
    Binder:599_5-2355  [004] ....  4464.982170: do_swap_page: swapin tgid 599 pid 2355 name "Binder:599_5" vma 7fbf5e3000
 android.display-1358  [004] ....  4464.982277: do_swap_page: swapin tgid 1335 pid 1358 name "android.display" vma 7ecd8cc000
 android.display-1358  [004] ....  4464.982293: do_swap_page: swapin tgid 1335 pid 1358 name "android.display" vma 9f13a000
    RenderThread-2146  [004] ....  4464.982318: do_swap_page: swapin tgid 1683 pid 2146 name "RenderThread" vma 7f28feb000
    RenderThread-2146  [004] ....  4464.982323: do_swap_page: swapin tgid 1683 pid 2146 name "RenderThread" vma 7f28fec000
    RenderThread-2146  [004] ....  4464.982330: do_swap_page: swapin tgid 1683 pid 2146 name "RenderThread" vma 7fb9ee3000
 droid.launcher3-2006  [004] ....  4464.982369: do_swap_page: swapin tgid 2006 pid 2006 name "droid.launcher3" vma 9f09c000
 droid.launcher3-2006  [004] .n..  4464.982393: do_swap_page: swapin tgid 2006 pid 2006 name "droid.launcher3" vma 9f0a7000
    Binder:599_5-2355  [004] ....  4464.982397: do_swap_page: swapin tgid 599 pid 2355 name "Binder:599_5" vma 7fbf5e3000
    Binder:599_5-2355  [004] ....  4464.982410: do_swap_page: swapin tgid 599 pid 2355 name "Binder:599_5" vma 7fbc6f7000
    Binder:599_5-2355  [004] ....  4464.982422: do_swap_page: swapin tgid 599 pid 2355 name "Binder:599_5" vma 7fb7539000
    Binder:599_5-2355  [004] ....  4464.982433: do_swap_page: swapin tgid 599 pid 2355 name "Binder:599_5" vma 7fbe1d0000
    RenderThread-2523  [004] ....  4464.982491: do_swap_page: swapin tgid 2006 pid 2523 name "RenderThread" vma 7f28b06000
    RenderThread-2523  [004] ....  4464.982497: do_swap_page: swapin tgid 2006 pid 2523 name "RenderThread" vma 7f395f1000
    RenderThread-2523  [004] ....  4464.982640: do_swap_page: swapin tgid 2006 pid 2523 name "RenderThread" vma 7f395f1000
    Binder:599_4-2072  [004] ....  4464.982668: do_swap_page: swapin tgid 599 pid 2072 name "Binder:599_4" vma 7fab940000
    Binder:599_4-2072  [004] ....  4464.982675: do_swap_page: swapin tgid 599 pid 2072 name "Binder:599_4" vma 7fab941000
    Binder:599_4-2072  [004] ....  4464.982677: do_swap_page: swapin tgid 599 pid 2072 name "Binder:599_4" vma 7fba62d000
    Binder:599_4-2072  [004] ....  4464.982683: do_swap_page: swapin tgid 599 pid 2072 name "Binder:599_4" vma 7fba65b000
    Binder:599_4-2072  [004] ....  4464.982687: do_swap_page: swapin tgid 599 pid 2072 name "Binder:599_4" vma 7faa7b4000
    Binder:599_4-2072  [004] ....  4464.982689: do_swap_page: swapin tgid 599 pid 2072 name "Binder:599_4" vma 7faa7b5000
    RenderThread-2523  [004] ....  4464.982719: do_swap_page: swapin tgid 2006 pid 2523 name "RenderThread" vma 7f2d24d000
           <...>-6561  [004] ....  4464.982752: do_swap_page: swapin tgid 1335 pid 6561 name "RenderThread" vma 7e63624000
    RenderThread-2146  [004] ....  4464.982805: do_swap_page: swapin tgid 1683 pid 2146 name "RenderThread" vma 7fb9ee3000
    RenderThread-2523  [004] ....  4464.982857: do_swap_page: swapin tgid 2006 pid 2523 name "RenderThread" vma 7f2d24d000
    RenderThread-2523  [004] ....  4464.982872: do_swap_page: swapin tgid 2006 pid 2523 name "RenderThread" vma 7ecc9eb000
    RenderThread-2523  [004] ....  4464.982875: do_swap_page: swapin tgid 2006 pid 2523 name "RenderThread" vma 7f2d24e000
    RenderThread-2523  [004] ....  4464.983004: do_swap_page: swapin tgid 2006 pid 2523 name "RenderThread" vma 7f2d24e000
    RenderThread-6364  [004] ....  4464.983145: do_swap_page: swapin tgid 6287 pid 6364 name "RenderThread" vma 7e7aa16000
    RenderThread-6364  [004] ....  4464.983152: do_swap_page: swapin tgid 6287 pid 6364 name "RenderThread" vma 7fbe292000
    RenderThread-6364  [004] ....  4464.983158: do_swap_page: swapin tgid 6287 pid 6364 name "RenderThread" vma 7fb9ee3000
 android.display-1358  [004] ....  4464.983235: do_swap_page: swapin tgid 1335 pid 1358 name "android.display" vma 9f13a000
 android.display-1358  [004] ....  4464.983255: do_swap_page: swapin tgid 1335 pid 1358 name "android.display" vma 9ef97000
 android.display-1358  [004] ....  4464.983260: do_swap_page: swapin tgid 1335 pid 1358 name "android.display" vma 9efae000
 android.display-1358  [004] ....  4464.983261: do_swap_page: swapin tgid 1335 pid 1358 name "android.display" vma 9f240000
    RenderThread-6364  [004] ....  4464.983334: do_swap_page: swapin tgid 6287 pid 6364 name "RenderThread" vma 7fb9ee3000
 droid.launcher3-2006  [004] ....  4464.983381: do_swap_page: swapin tgid 2006 pid 2006 name "droid.launcher3" vma 9f0a7000
 droid.launcher3-2006  [004] .n..  4464.983412: do_swap_page: swapin tgid 2006 pid 2006 name "droid.launcher3" vma 7fbe292000
 droid.launcher3-2006  [004] ....  4464.983421: do_swap_page: swapin tgid 2006 pid 2006 name "droid.launcher3" vma 7eccaad000
 droid.launcher3-2006  [004] ....  4464.983426: do_swap_page: swapin tgid 2006 pid 2006 name "droid.launcher3" vma 9f0a6000
           <...>-645   [004] ....  4464.983461: do_swap_page: swapin tgid 599 pid 645 name "Binder:599_2" vma 7faa60a000
    RenderThread-6364  [004] ....  4464.983489: do_swap_page: swapin tgid 6287 pid 6364 name "RenderThread" vma 7e5284d000
    RenderThread-6364  [004] ....  4464.983546: do_swap_page: swapin tgid 6287 pid 6364 name "RenderThread" vma 7e52abe000
    RenderThread-6364  [004] ....  4464.983552: do_swap_page: swapin tgid 6287 pid 6364 name "RenderThread" vma 7e79c45000
 droid.launcher3-2006  [004] ....  4464.983598: do_swap_page: swapin tgid 2006 pid 2006 name "droid.launcher3" vma 9f0a6000
 droid.launcher3-2006  [004] ....  4464.983607: do_swap_page: swapin tgid 2006 pid 2006 name "droid.launcher3" vma 12ecc000
 droid.launcher3-2006  [004] ....  4464.983610: do_swap_page: swapin tgid 2006 pid 2006 name "droid.launcher3" vma 9efbf000
 android.display-1358  [004] ....  4464.983651: do_swap_page: swapin tgid 1335 pid 1358 name "android.display" vma 9f240000
 android.display-1358  [004] ....  4464.983662: do_swap_page: swapin tgid 1335 pid 1358 name "android.display" vma 9f02e000
 android.display-1358  [004] ....  4464.983665: do_swap_page: swapin tgid 1335 pid 1358 name "android.display" vma 9f04c000
 android.display-1358  [004] ....  4464.983712: do_swap_page: swapin tgid 1335 pid 1358 name "android.display" vma 9f2c8000
 droid.launcher3-2006  [004] ....  4464.983789: do_swap_page: swapin tgid 2006 pid 2006 name "droid.launcher3" vma 9efbf000
 droid.launcher3-2006  [004] ....  4464.983796: do_swap_page: swapin tgid 2006 pid 2006 name "droid.launcher3" vma 13296000
 droid.launcher3-2006  [004] ....  4464.983799: do_swap_page: swapin tgid 2006 pid 2006 name "droid.launcher3" vma 13284000
 droid.launcher3-2006  [004] ....  4464.983806: do_swap_page: swapin tgid 2006 pid 2006 name "droid.launcher3" vma 7ec9c82000
 droid.launcher3-2006  [004] ....  4464.983809: do_swap_page: swapin tgid 2006 pid 2006 name "droid.launcher3" vma 12ed3000
 droid.launcher3-2006  [004] ....  4464.983812: do_swap_page: swapin tgid 2006 pid 2006 name "droid.launcher3" vma 7fbe22d000
 droid.launcher3-2006  [004] ....  4464.983815: do_swap_page: swapin tgid 2006 pid 2006 name "droid.launcher3" vma 7fbe22c000
 droid.launcher3-2006  [004] ....  4464.983819: do_swap_page: swapin tgid 2006 pid 2006 name "droid.launcher3" vma 9efc0000
 droid.launcher3-2006  [004] ....  4464.983821: do_swap_page: swapin tgid 2006 pid 2006 name "droid.launcher3" vma 9f09f000
 android.display-1358  [004] ....  4464.983865: do_swap_page: swapin tgid 1335 pid 1358 name "android.display" vma 9f2c8000
 android.display-1358  [004] ....  4464.983873: do_swap_page: swapin tgid 1335 pid 1358 name "android.display" vma 9f184000
 ndroid.systemui-1683  [004] ....  4464.983918: do_swap_page: swapin tgid 1683 pid 1683 name "ndroid.systemui" vma 9f191000
 ndroid.systemui-1683  [004] ....  4464.983928: do_swap_page: swapin tgid 1683 pid 1683 name "ndroid.systemui" vma 7eb9f98000
 droid.launcher3-2006  [004] ....  4464.983954: do_swap_page: swapin tgid 2006 pid 2006 name "droid.launcher3" vma 9f09f000
 droid.launcher3-2006  [004] ....  4464.983960: do_swap_page: swapin tgid 2006 pid 2006 name "droid.launcher3" vma 9f0bf000
 android.display-1358  [004] ....  4464.984001: do_swap_page: swapin tgid 1335 pid 1358 name "android.display" vma 9f184000
 android.display-1358  [004] ....  4464.984006: do_swap_page: swapin tgid 1335 pid 1358 name "android.display" vma 9f175000
 ndroid.systemui-1683  [004] ....  4464.984037: do_swap_page: swapin tgid 1683 pid 1683 name "ndroid.systemui" vma 9f231000
 droid.launcher3-2006  [004] ....  4464.984099: do_swap_page: swapin tgid 2006 pid 2006 name "droid.launcher3" vma 9f0bf000
 droid.launcher3-2006  [004] ....  4464.984105: do_swap_page: swapin tgid 2006 pid 2006 name "droid.launcher3" vma 9f0d2000
 android.display-1358  [004] ....  4464.984165: do_swap_page: swapin tgid 1335 pid 1358 name "android.display" vma 9f175000
 android.display-1358  [004] ....  4464.984192: do_swap_page: swapin tgid 1335 pid 1358 name "android.display" vma 9f019000
 android.display-1358  [004] .n..  4464.984233: do_swap_page: swapin tgid 1335 pid 1358 name "android.display" vma 7f28a79000
 droid.launcher3-2006  [004] ....  4464.984267: do_swap_page: swapin tgid 2006 pid 2006 name "droid.launcher3" vma 9f0d2000
 droid.launcher3-2006  [004] ....  4464.984273: do_swap_page: swapin tgid 2006 pid 2006 name "droid.launcher3" vma 9f132000
 droid.launcher3-2006  [004] ....  4464.984276: do_swap_page: swapin tgid 2006 pid 2006 name "droid.launcher3" vma 9f0cc000
 ndroid.systemui-1683  [004] ....  4464.984297: do_swap_page: swapin tgid 1683 pid 1683 name "ndroid.systemui" vma 9f231000
 ndroid.systemui-1683  [004] ....  4464.984303: do_swap_page: swapin tgid 1683 pid 1683 name "ndroid.systemui" vma 9f16a000
 droid.launcher3-2006  [004] ....  4464.984400: do_swap_page: swapin tgid 2006 pid 2006 name "droid.launcher3" vma 9f0cc000
 droid.launcher3-2006  [004] ....  4464.984406: do_swap_page: swapin tgid 2006 pid 2006 name "droid.launcher3" vma 9f09d000
 droid.launcher3-2006  [004] ....  4464.984411: do_swap_page: swapin tgid 2006 pid 2006 name "droid.launcher3" vma 12ecb000
 droid.launcher3-2006  [004] ....  4464.984413: do_swap_page: swapin tgid 2006 pid 2006 name "droid.launcher3" vma 9ef85000
 droid.launcher3-2006  [004] ....  4464.984443: do_swap_page: swapin tgid 2006 pid 2006 name "droid.launcher3" vma 13283000
 droid.launcher3-2006  [004] ....  4464.984449: do_swap_page: swapin tgid 2006 pid 2006 name "droid.launcher3" vma 7eccb68000
 droid.launcher3-2006  [004] ....  4464.984451: do_swap_page: swapin tgid 2006 pid 2006 name "droid.launcher3" vma 9ef86000
 android.display-1358  [004] ....  4464.984473: do_swap_page: swapin tgid 1335 pid 1358 name "android.display" vma 7f28a79000
 android.display-1358  [004] ....  4464.984480: do_swap_page: swapin tgid 1335 pid 1358 name "android.display" vma 7f28b32000
 android.display-1358  [004] ....  4464.984484: do_swap_page: swapin tgid 1335 pid 1358 name "android.display" vma 7ed0c43000
 ndroid.systemui-1683  [004] ....  4464.984526: do_swap_page: swapin tgid 1683 pid 1683 name "ndroid.systemui" vma 9f16a000
 ndroid.systemui-1683  [004] ....  4464.984531: do_swap_page: swapin tgid 1683 pid 1683 name "ndroid.systemui" vma 9f1bd000
 droid.launcher3-2006  [004] ....  4464.984624: do_swap_page: swapin tgid 2006 pid 2006 name "droid.launcher3" vma 9ef86000
 droid.launcher3-2006  [004] ....  4464.984631: do_swap_page: swapin tgid 2006 pid 2006 name "droid.launcher3" vma 9f087000
 android.display-1358  [004] ....  4464.984726: do_swap_page: swapin tgid 1335 pid 1358 name "android.display" vma 7ed0c43000
 android.display-1358  [004] ....  4464.984735: do_swap_page: swapin tgid 1335 pid 1358 name "android.display" vma 7e8597e000
 android.display-1358  [004] ....  4464.984738: do_swap_page: swapin tgid 1335 pid 1358 name "android.display" vma 7f28abe000
 android.display-1358  [004] ....  4464.984741: do_swap_page: swapin tgid 1335 pid 1358 name "android.display" vma 7e66b5c000
 droid.launcher3-2006  [004] ....  4464.984784: do_swap_page: swapin tgid 2006 pid 2006 name "droid.launcher3" vma 9f087000
 droid.launcher3-2006  [004] ....  4464.984791: do_swap_page: swapin tgid 2006 pid 2006 name "droid.launcher3" vma 13cf6000
 droid.launcher3-2006  [004] ....  4464.984793: do_swap_page: swapin tgid 2006 pid 2006 name "droid.launcher3" vma 9efae000
 ndroid.systemui-1683  [004] ....  4464.984817: do_swap_page: swapin tgid 1683 pid 1683 name "ndroid.systemui" vma 9f1bd000
 ndroid.systemui-1683  [004] ....  4464.984825: do_swap_page: swapin tgid 1683 pid 1683 name "ndroid.systemui" vma 9f21b000
 ndroid.systemui-1683  [004] ....  4464.984830: do_swap_page: swapin tgid 1683 pid 1683 name "ndroid.systemui" vma 9f0f0000
 ndroid.systemui-1683  [004] ....  4464.984831: do_swap_page: swapin tgid 1683 pid 1683 name "ndroid.systemui" vma 9f25d000
 android.display-1358  [004] ....  4464.984871: do_swap_page: swapin tgid 1335 pid 1358 name "android.display" vma 7e66b5c000
 android.display-1358  [004] ....  4464.984877: do_swap_page: swapin tgid 1335 pid 1358 name "android.display" vma 7f28b34000
 droid.launcher3-2006  [004] ....  4464.984919: do_swap_page: swapin tgid 2006 pid 2006 name "droid.launcher3" vma 9efae000
 droid.launcher3-2006  [004] ....  4464.984924: do_swap_page: swapin tgid 2006 pid 2006 name "droid.launcher3" vma 9efad000
 droid.launcher3-2006  [004] ....  4464.984926: do_swap_page: swapin tgid 2006 pid 2006 name "droid.launcher3" vma 7eccb6c000
 droid.launcher3-2006  [004] ....  4464.984928: do_swap_page: swapin tgid 2006 pid 2006 name "droid.launcher3" vma 9ef93000
 ndroid.systemui-1683  [004] ....  4464.984997: do_swap_page: swapin tgid 1683 pid 1683 name "ndroid.systemui" vma 9f25d000
 ndroid.systemui-1683  [004] ....  4464.985003: do_swap_page: swapin tgid 1683 pid 1683 name "ndroid.systemui" vma 9f1a0000
 droid.launcher3-2006  [004] ....  4464.985108: do_swap_page: swapin tgid 2006 pid 2006 name "droid.launcher3" vma 9ef93000
 droid.launcher3-2006  [004] ....  4464.985114: do_swap_page: swapin tgid 2006 pid 2006 name "droid.launcher3" vma 9ef92000
 droid.launcher3-2006  [004] ....  4464.985116: do_swap_page: swapin tgid 2006 pid 2006 name "droid.launcher3" vma 7ec71ed000
 droid.launcher3-2006  [004] ....  4464.985144: do_swap_page: swapin tgid 2006 pid 2006 name "droid.launcher3" vma 9f010000
 droid.launcher3-2006  [004] ....  4464.985147: do_swap_page: swapin tgid 2006 pid 2006 name "droid.launcher3" vma 9f0b6000
 android.display-1358  [004] ....  4464.985169: do_swap_page: swapin tgid 1335 pid 1358 name "android.display" vma 7f28b34000
 android.display-1358  [004] ....  4464.985176: do_swap_page: swapin tgid 1335 pid 1358 name "android.display" vma 7fbe2fe000
 ndroid.systemui-1683  [004] ....  4464.985220: do_swap_page: swapin tgid 1683 pid 1683 name "ndroid.systemui" vma 9f1a0000
 ndroid.systemui-1683  [004] ....  4464.985231: do_swap_page: swapin tgid 1683 pid 1683 name "ndroid.systemui" vma 9f0dc000
 ndroid.systemui-1683  [004] ....  4464.985233: do_swap_page: swapin tgid 1683 pid 1683 name "ndroid.systemui" vma 9f18b000
 droid.launcher3-2006  [004] ....  4464.985544: do_swap_page: swapin tgid 2006 pid 2006 name "droid.launcher3" vma 9f0b6000
 droid.launcher3-2006  [004] ....  4464.985549: do_swap_page: swapin tgid 2006 pid 2006 name "droid.launcher3" vma 9f068000
 android.display-1358  [004] ....  4464.985577: do_swap_page: swapin tgid 1335 pid 1358 name "android.display" vma 7fbe2fe000
 android.display-1358  [004] ....  4464.985584: do_swap_page: swapin tgid 1335 pid 1358 name "android.display" vma 7f289be000
 android.display-1358  [004] ....  4464.985608: do_swap_page: swapin tgid 1335 pid 1358 name "android.display" vma 7f28987000
 android.display-1358  [004] ....  4464.985612: do_swap_page: swapin tgid 1335 pid 1358 name "android.display" vma 7eb5011000
 android.display-1358  [004] ....  4464.985616: do_swap_page: swapin tgid 1335 pid 1358 name "android.display" vma 7f28b35000
 ndroid.systemui-1683  [004] ....  4464.985642: do_swap_page: swapin tgid 1683 pid 1683 name "ndroid.systemui" vma 9f18b000
 ndroid.systemui-1683  [004] ....  4464.985648: do_swap_page: swapin tgid 1683 pid 1683 name "ndroid.systemui" vma 9f1b3000
 droid.launcher3-2006  [004] ....  4464.985676: do_swap_page: swapin tgid 2006 pid 2006 name "droid.launcher3" vma 9f068000
 droid.launcher3-2006  [004] ....  4464.985685: do_swap_page: swapin tgid 2006 pid 2006 name "droid.launcher3" vma 7ec726d000
 droid.launcher3-2006  [004] ....  4464.985698: do_swap_page: swapin tgid 2006 pid 2006 name "droid.launcher3" vma 12c00000
 droid.launcher3-2006  [004] ....  4464.985701: do_swap_page: swapin tgid 2006 pid 2006 name "droid.launcher3" vma 7f3507f000
 droid.launcher3-2006  [004] ....  4464.985710: do_swap_page: swapin tgid 2006 pid 2006 name "droid.launcher3" vma 7fbf5e3000
 android.display-1358  [004] ....  4464.985791: do_swap_page: swapin tgid 1335 pid 1358 name "android.display" vma 7f28b35000
 android.display-1358  [004] ....  4464.985827: do_swap_page: swapin tgid 1335 pid 1358 name "android.display" vma 14688000
 android.display-1358  [004] ....  4464.985833: do_swap_page: swapin tgid 1335 pid 1358 name "android.display" vma 9f14c000
 ndroid.systemui-1683  [004] ....  4464.985896: do_swap_page: swapin tgid 1683 pid 1683 name "ndroid.systemui" vma 9f1b3000
 droid.launcher3-2006  [004] ....  4464.985977: do_swap_page: swapin tgid 2006 pid 2006 name "droid.launcher3" vma 7fbf5e3000
 droid.launcher3-2006  [004] ....  4464.985990: do_swap_page: swapin tgid 2006 pid 2006 name "droid.launcher3" vma 7ec9b41000
 droid.launcher3-2006  [004] ....  4464.985993: do_swap_page: swapin tgid 2006 pid 2006 name "droid.launcher3" vma 7ec9b42000
 droid.launcher3-2006  [004] ....  4464.985999: do_swap_page: swapin tgid 2006 pid 2006 name "droid.launcher3" vma 13cc0000
 droid.launcher3-2006  [004] ....  4464.986003: do_swap_page: swapin tgid 2006 pid 2006 name "droid.launcher3" vma 7f28a26000
 droid.launcher3-2006  [004] ....  4464.986010: do_swap_page: swapin tgid 2006 pid 2006 name "droid.launcher3" vma 7fbddf8000
 android.display-1358  [004] ....  4464.986043: do_swap_page: swapin tgid 1335 pid 1358 name "android.display" vma 9f14c000
 android.display-1358  [004] ....  4464.986050: do_swap_page: swapin tgid 1335 pid 1358 name "android.display" vma 13c99000
 android.display-1358  [004] ....  4464.986057: do_swap_page: swapin tgid 1335 pid 1358 name "android.display" vma 150cd000
 android.display-1358  [004] ....  4464.986062: do_swap_page: swapin tgid 1335 pid 1358 name "android.display" vma 150cc000
 android.display-1358  [004] ....  4464.986064: do_swap_page: swapin tgid 1335 pid 1358 name "android.display" vma 150ce000
 android.display-1358  [004] ....  4464.986083: do_swap_page: swapin tgid 1335 pid 1358 name "android.display" vma 150cb000
 android.display-1358  [004] ....  4464.986107: do_swap_page: swapin tgid 1335 pid 1358 name "android.display" vma 150c4000
 android.display-1358  [004] ....  4464.986120: do_swap_page: swapin tgid 1335 pid 1358 name "android.display" vma 7ed0c02000
 android.display-1358  [004] ....  4464.986134: do_swap_page: swapin tgid 1335 pid 1358 name "android.display" vma 9f098000
 droid.launcher3-2006  [004] ....  4464.986189: do_swap_page: swapin tgid 2006 pid 2006 name "droid.launcher3" vma 7fbddf8000
 droid.launcher3-2006  [004] ....  4464.986196: do_swap_page: swapin tgid 2006 pid 2006 name "droid.launcher3" vma 12ed6000
 droid.launcher3-2006  [004] ....  4464.986201: do_swap_page: swapin tgid 2006 pid 2006 name "droid.launcher3" vma 72f78000
 droid.launcher3-2006  [004] ....  4464.986204: do_swap_page: swapin tgid 2006 pid 2006 name "droid.launcher3" vma 730e5000
 droid.launcher3-2006  [004] ....  4464.986225: do_swap_page: swapin tgid 2006 pid 2006 name "droid.launcher3" vma 13cca000
 droid.launcher3-2006  [004] ....  4464.986229: do_swap_page: swapin tgid 2006 pid 2006 name "droid.launcher3" vma 12ec0000
 droid.launcher3-2006  [004] ....  4464.986233: do_swap_page: swapin tgid 2006 pid 2006 name "droid.launcher3" vma 12ef7000
 droid.launcher3-2006  [004] ....  4464.986239: do_swap_page: swapin tgid 2006 pid 2006 name "droid.launcher3" vma 12ed9000
 droid.launcher3-2006  [004] ....  4464.986253: do_swap_page: swapin tgid 2006 pid 2006 name "droid.launcher3" vma 9f08b000
 ndroid.systemui-1683  [004] ....  4464.986307: do_swap_page: swapin tgid 1683 pid 1683 name "ndroid.systemui" vma 7eb767a000
 ndroid.systemui-1683  [004] ....  4464.986318: do_swap_page: swapin tgid 1683 pid 1683 name "ndroid.systemui" vma 7eb767b000
 ndroid.systemui-1683  [004] ....  4464.986333: do_swap_page: swapin tgid 1683 pid 1683 name "ndroid.systemui" vma 13e90000
 ndroid.systemui-1683  [004] ....  4464.986339: do_swap_page: swapin tgid 1683 pid 1683 name "ndroid.systemui" vma 13e91000
 ndroid.systemui-1683  [004] ....  4464.986345: do_swap_page: swapin tgid 1683 pid 1683 name "ndroid.systemui" vma 7fbbadf000
 ndroid.systemui-1683  [004] ....  4464.986349: do_swap_page: swapin tgid 1683 pid 1683 name "ndroid.systemui" vma 7fbbadd000
 droid.launcher3-2006  [004] ....  4464.986394: do_swap_page: swapin tgid 2006 pid 2006 name "droid.launcher3" vma 9f08b000
 droid.launcher3-2006  [004] ....  4464.986404: do_swap_page: swapin tgid 2006 pid 2006 name "droid.launcher3" vma 12edf000
 droid.launcher3-2006  [004] ....  4464.986432: do_swap_page: swapin tgid 2006 pid 2006 name "droid.launcher3" vma 7fbf700000
 droid.launcher3-2006  [004] ....  4464.986442: do_swap_page: swapin tgid 2006 pid 2006 name "droid.launcher3" vma 7f28b3c000
 droid.launcher3-2006  [004] ....  4464.986445: do_swap_page: swapin tgid 2006 pid 2006 name "droid.launcher3" vma 7f2d239000
 android.display-1358  [004] ....  4464.986522: do_swap_page: swapin tgid 1335 pid 1358 name "android.display" vma 9f098000
 android.display-1358  [004] ....  4464.986531: do_swap_page: swapin tgid 1335 pid 1358 name "android.display" vma 7eb42fb000
 android.display-1358  [004] ....  4464.986581: do_swap_page: swapin tgid 1335 pid 1358 name "android.display" vma 9f176000
 android.display-1358  [004] ....  4464.986727: do_swap_page: swapin tgid 1335 pid 1358 name "android.display" vma 9f176000
 android.display-1358  [004] ....  4464.986732: do_swap_page: swapin tgid 1335 pid 1358 name "android.display" vma 9f068000
 android.display-1358  [004] ....  4464.986734: do_swap_page: swapin tgid 1335 pid 1358 name "android.display" vma 9f1af000
 android.display-1358  [004] ....  4464.986854: do_swap_page: swapin tgid 1335 pid 1358 name "android.display" vma 9f1af000
 android.display-1358  [004] ....  4464.986860: do_swap_page: swapin tgid 1335 pid 1358 name "android.display" vma 146ee000
 android.display-1358  [004] ....  4464.986882: do_swap_page: swapin tgid 1335 pid 1358 name "android.display" vma 14686000
 android.display-1358  [004] ....  4464.986920: do_swap_page: swapin tgid 1335 pid 1358 name "android.display" vma 14298000
 android.display-1358  [004] ....  4464.986972: do_swap_page: swapin tgid 1335 pid 1358 name "android.display" vma 7f2d670000
 android.display-1358  [004] ....  4464.986981: do_swap_page: swapin tgid 1335 pid 1358 name "android.display" vma 13f62000
 android.display-1358  [004] ....  4464.987004: do_swap_page: swapin tgid 1335 pid 1358 name "android.display" vma 7f2d668000
 android.display-1358  [004] ....  4464.987027: do_swap_page: swapin tgid 1335 pid 1358 name "android.display" vma 14833000
 android.display-1358  [004] ....  4464.987130: do_swap_page: swapin tgid 1335 pid 1358 name "android.display" vma 7eb42b1000
 android.display-1358  [004] ....  4464.987168: do_swap_page: swapin tgid 1335 pid 1358 name "android.display" vma 7e6375c000
      android.bg-1363  [004] ....  4464.987208: do_swap_page: swapin tgid 1335 pid 1363 name "android.bg" vma 141e2000
      android.bg-1363  [004] ....  4464.987215: do_swap_page: swapin tgid 1335 pid 1363 name "android.bg" vma 9f29d000
           <...>-1579  [004] ....  4464.987238: do_swap_page: swapin tgid 1335 pid 1579 name "AudioService" vma 7e8572a000
           <...>-1579  [004] ....  4464.987246: do_swap_page: swapin tgid 1335 pid 1579 name "AudioService" vma 7e8572b000
   Binder:1683_5-2096  [004] ....  4464.987293: do_swap_page: swapin tgid 1683 pid 2096 name "Binder:1683_5" vma 7fbe241000
   Binder:1783_4-17749 [004] ....  4464.987323: do_swap_page: swapin tgid 1783 pid 17749 name "Binder:1783_4" vma 7f28d74000
   Binder:1783_4-17749 [004] ....  4464.987330: do_swap_page: swapin tgid 1783 pid 17749 name "Binder:1783_4" vma 7f29fdb000
   Binder:1783_4-17749 [004] ....  4464.987352: do_swap_page: swapin tgid 1783 pid 17749 name "Binder:1783_4" vma 7f29fdc000
   Binder:1783_4-17749 [004] ....  4464.987355: do_swap_page: swapin tgid 1783 pid 17749 name "Binder:1783_4" vma 7f28af2000
   Binder:1783_4-17749 [004] ....  4464.987359: do_swap_page: swapin tgid 1783 pid 17749 name "Binder:1783_4" vma 7fbe180000
   Binder:1783_4-17749 [004] ....  4464.987369: do_swap_page: swapin tgid 1783 pid 17749 name "Binder:1783_4" vma 7fbe23a000
   Binder:1783_4-17749 [004] ....  4464.987371: do_swap_page: swapin tgid 1783 pid 17749 name "Binder:1783_4" vma 7fbe165000
   Binder:1783_4-17749 [004] ....  4464.987377: do_swap_page: swapin tgid 1783 pid 17749 name "Binder:1783_4" vma 7f28b0a000
   Binder:1783_4-17749 [004] ....  4464.987381: do_swap_page: swapin tgid 1783 pid 17749 name "Binder:1783_4" vma 7fb9e3f000
   Binder:1783_4-17749 [004] ....  4464.987383: do_swap_page: swapin tgid 1783 pid 17749 name "Binder:1783_4" vma 7fbe2f1000
   Binder:1783_4-17749 [004] ....  4464.987385: do_swap_page: swapin tgid 1783 pid 17749 name "Binder:1783_4" vma 7fbe241000
           <...>-2877  [004] ....  4464.987421: do_swap_page: swapin tgid 1870 pid 2877 name "Binder:1870_3" vma 7f2d668000
           <...>-2877  [004] ....  4464.987428: do_swap_page: swapin tgid 1870 pid 2877 name "Binder:1870_3" vma 7f2dd90000
           <...>-2877  [004] ....  4464.987431: do_swap_page: swapin tgid 1870 pid 2877 name "Binder:1870_3" vma 7f2dd91000
           <...>-2028  [004] ....  4464.987456: do_swap_page: swapin tgid 1893 pid 2028 name "Binder:1893_5" vma 7f2d668000
           <...>-2028  [004] ....  4464.987482: do_swap_page: swapin tgid 1893 pid 2028 name "Binder:1893_5" vma 7f2db8e000
           <...>-2028  [004] ....  4464.987486: do_swap_page: swapin tgid 1893 pid 2028 name "Binder:1893_5" vma 7f2db8f000
           <...>-2028  [004] ....  4464.987488: do_swap_page: swapin tgid 1893 pid 2028 name "Binder:1893_5" vma 7f2d6a1000
           <...>-2028  [004] ....  4464.987490: do_swap_page: swapin tgid 1893 pid 2028 name "Binder:1893_5" vma 7fbe180000
           <...>-2028  [004] ....  4464.987500: do_swap_page: swapin tgid 1893 pid 2028 name "Binder:1893_5" vma 7f2d615000
           <...>-2028  [004] ....  4464.987502: do_swap_page: swapin tgid 1893 pid 2028 name "Binder:1893_5" vma 7f2d62d000
           <...>-2028  [004] ....  4464.987504: do_swap_page: swapin tgid 1893 pid 2028 name "Binder:1893_5" vma 7f2d6c9000
           <...>-2028  [004] ....  4464.987508: do_swap_page: swapin tgid 1893 pid 2028 name "Binder:1893_5" vma 7fb9e3f000
           <...>-2028  [004] ....  4464.987516: do_swap_page: swapin tgid 1893 pid 2028 name "Binder:1893_5" vma 7fbe2f1000
           <...>-2028  [004] ....  4464.987518: do_swap_page: swapin tgid 1893 pid 2028 name "Binder:1893_5" vma 7fbe241000
   Binder:1912_A-2422  [004] ....  4464.987556: do_swap_page: swapin tgid 1912 pid 2422 name "Binder:1912_A" vma 7fbe241000
           <...>-2453  [004] ....  4464.987598: do_swap_page: swapin tgid 1968 pid 2453 name "Binder:1968_5" vma 7f28b3b000
           <...>-2453  [004] ....  4464.987623: do_swap_page: swapin tgid 1968 pid 2453 name "Binder:1968_5" vma 7f28de9000
           <...>-2453  [004] ....  4464.987627: do_swap_page: swapin tgid 1968 pid 2453 name "Binder:1968_5" vma 7f28dea000
           <...>-2032  [004] ....  4464.987650: do_swap_page: swapin tgid 2006 pid 2032 name "Binder:2006_3" vma 7f28abc000
           <...>-2032  [004] ....  4464.987656: do_swap_page: swapin tgid 2006 pid 2032 name "Binder:2006_3" vma 7f2df76000
           <...>-2032  [004] ....  4464.987660: do_swap_page: swapin tgid 2006 pid 2032 name "Binder:2006_3" vma 7f2df77000
           <...>-2296  [004] ....  4464.987698: do_swap_page: swapin tgid 2269 pid 2296 name "Binder:2269_2" vma 7fbe2f3000
           <...>-2296  [004] ....  4464.987705: do_swap_page: swapin tgid 2269 pid 2296 name "Binder:2269_2" vma 7fbe241000
           <...>-1579  [004] ....  4464.987734: do_swap_page: swapin tgid 1335 pid 1579 name "AudioService" vma 7e8572b000
           <...>-1579  [004] ....  4464.987740: do_swap_page: swapin tgid 1335 pid 1579 name "AudioService" vma 7eb4fcb000
           <...>-1579  [004] ....  4464.987744: do_swap_page: swapin tgid 1335 pid 1579 name "AudioService" vma 7eb4fcc000
           <...>-1579  [004] ....  4464.987746: do_swap_page: swapin tgid 1335 pid 1579 name "AudioService" vma 7e85728000
           <...>-2877  [004] ....  4464.987787: do_swap_page: swapin tgid 1870 pid 2877 name "Binder:1870_3" vma 7f2dd91000
           <...>-2877  [004] ....  4464.987793: do_swap_page: swapin tgid 1870 pid 2877 name "Binder:1870_3" vma 7f2d667000
           <...>-2877  [004] ....  4464.987796: do_swap_page: swapin tgid 1870 pid 2877 name "Binder:1870_3" vma 7fbe180000
           <...>-2877  [004] ....  4464.987817: do_swap_page: swapin tgid 1870 pid 2877 name "Binder:1870_3" vma 7f2d673000
   Binder:1683_5-2096  [004] ....  4464.987841: do_swap_page: swapin tgid 1683 pid 2096 name "Binder:1683_5" vma 7fbe241000
   Binder:1683_5-2096  [004] ....  4464.987904: do_swap_page: swapin tgid 1683 pid 2096 name "Binder:1683_5" vma 13390000
   Binder:1683_5-2096  [004] ....  4464.987930: do_swap_page: swapin tgid 1683 pid 2096 name "Binder:1683_5" vma 7f289dd000
   Binder:1683_5-2096  [004] ....  4464.987936: do_swap_page: swapin tgid 1683 pid 2096 name "Binder:1683_5" vma 7f28f99000
 ScreenDecoratio-2208  [004] ....  4464.987984: do_swap_page: swapin tgid 1683 pid 2208 name "ScreenDecoratio" vma 7eb83f3000
