 m.android.phone-1912  [004] ....  6989.146988: do_swap_page: swapin tgid 1912 pid 1912 name "m.android.phone" vma 7308a000
           <...>-2877  [004] ....  6989.147010: do_swap_page: swapin tgid 1870 pid 2877 name "Binder:1870_3" vma 7f393d1000
           <...>-2877  [004] ....  6989.147015: do_swap_page: swapin tgid 1870 pid 2877 name "Binder:1870_3" vma 7fbe1f8000
  UiThreadHelper-2057  [004] ....  6989.147089: do_swap_page: swapin tgid 2006 pid 2057 name "UiThreadHelper" vma 72f97000
           <...>-2006  [004] ....  6989.147128: do_swap_page: swapin tgid 2006 pid 2006 name "droid.launcher3" vma 9f01e000
           <...>-2006  [004] ....  6989.147136: do_swap_page: swapin tgid 2006 pid 2006 name "droid.launcher3" vma 72d61000
           <...>-2477  [004] ....  6989.147150: do_swap_page: swapin tgid 2457 pid 2477 name "Binder:2457_1" vma 7f2d61a000
           <...>-2477  [004] ....  6989.147155: do_swap_page: swapin tgid 2457 pid 2477 name "Binder:2457_1" vma 7f393d1000
           <...>-2453  [004] ....  6989.147208: do_swap_page: swapin tgid 1968 pid 2453 name "Binder:1968_5" vma 7fbe1f8000
           <...>-2453  [004] ....  6989.147215: do_swap_page: swapin tgid 1968 pid 2453 name "Binder:1968_5" vma 7f28de7000
      android.ui-1356  [004] ....  6989.147239: do_swap_page: swapin tgid 1335 pid 1356 name "android.ui" vma 9f14a000
      android.ui-1356  [004] ....  6989.147249: do_swap_page: swapin tgid 1335 pid 1356 name "android.ui" vma 9f02c000
      android.ui-1356  [004] ....  6989.147253: do_swap_page: swapin tgid 1335 pid 1356 name "android.ui" vma 9f165000
           <...>-2006  [004] ....  6989.147301: do_swap_page: swapin tgid 2006 pid 2006 name "droid.launcher3" vma 72d61000
           <...>-2006  [004] ....  6989.147309: do_swap_page: swapin tgid 2006 pid 2006 name "droid.launcher3" vma 9f01d000
           <...>-17749 [004] ....  6989.147352: do_swap_page: swapin tgid 1783 pid 17749 name "Binder:1783_4" vma 7fbe24e000
           <...>-17749 [004] ....  6989.147362: do_swap_page: swapin tgid 1783 pid 17749 name "Binder:1783_4" vma 7fbe076000
           <...>-17749 [004] ....  6989.147368: do_swap_page: swapin tgid 1783 pid 17749 name "Binder:1783_4" vma 7f29fda000
           <...>-17749 [004] ....  6989.147373: do_swap_page: swapin tgid 1783 pid 17749 name "Binder:1783_4" vma 7f34f07000
           <...>-17749 [004] ....  6989.147375: do_swap_page: swapin tgid 1783 pid 17749 name "Binder:1783_4" vma 133c4000
           <...>-17749 [004] ....  6989.147378: do_swap_page: swapin tgid 1783 pid 17749 name "Binder:1783_4" vma 7fbe1e7000
   Binder:2433_1-2455  [004] ....  6989.147405: do_swap_page: swapin tgid 2433 pid 2455 name "Binder:2433_1" vma 14000000
   Binder:2433_1-2455  [004] ....  6989.147414: do_swap_page: swapin tgid 2433 pid 2455 name "Binder:2433_1" vma 12d00000
   Binder:2433_1-2455  [004] ....  6989.147422: do_swap_page: swapin tgid 2433 pid 2455 name "Binder:2433_1" vma 7fbe24e000
           <...>-2006  [004] ....  6989.147468: do_swap_page: swapin tgid 2006 pid 2006 name "droid.launcher3" vma 9f01d000
           <...>-2006  [004] ....  6989.147474: do_swap_page: swapin tgid 2006 pid 2006 name "droid.launcher3" vma 9f02d000
      android.ui-1356  [004] ....  6989.147499: do_swap_page: swapin tgid 1335 pid 1356 name "android.ui" vma 9f165000
      android.ui-1356  [004] ....  6989.147508: do_swap_page: swapin tgid 1335 pid 1356 name "android.ui" vma 13e16000
      android.ui-1356  [004] ....  6989.147542: do_swap_page: swapin tgid 1335 pid 1356 name "android.ui" vma 9f153000
 m.android.phone-1912  [004] ....  6989.147580: do_swap_page: swapin tgid 1912 pid 1912 name "m.android.phone" vma 7308a000
 m.android.phone-1912  [004] ....  6989.147586: do_swap_page: swapin tgid 1912 pid 1912 name "m.android.phone" vma 7308b000
 m.android.phone-1912  [004] ....  6989.147590: do_swap_page: swapin tgid 1912 pid 1912 name "m.android.phone" vma 7308d000
 m.android.phone-1912  [004] ....  6989.147592: do_swap_page: swapin tgid 1912 pid 1912 name "m.android.phone" vma 7308e000
 m.android.phone-1912  [004] ....  6989.147595: do_swap_page: swapin tgid 1912 pid 1912 name "m.android.phone" vma 72fec000
 m.android.phone-1912  [004] ....  6989.147626: do_swap_page: swapin tgid 1912 pid 1912 name "m.android.phone" vma 14686000
           <...>-2006  [004] ....  6989.147652: do_swap_page: swapin tgid 2006 pid 2006 name "droid.launcher3" vma 9f02d000
           <...>-2006  [004] ....  6989.147661: do_swap_page: swapin tgid 2006 pid 2006 name "droid.launcher3" vma 9f00d000
  UiThreadHelper-2057  [004] ....  6989.147702: do_swap_page: swapin tgid 2006 pid 2057 name "UiThreadHelper" vma 72f97000
  UiThreadHelper-2057  [004] ....  6989.147707: do_swap_page: swapin tgid 2006 pid 2057 name "UiThreadHelper" vma 12cc8000
  UiThreadHelper-2057  [004] ....  6989.147712: do_swap_page: swapin tgid 2006 pid 2057 name "UiThreadHelper" vma 7f2dcc4000
 ScreenDecoratio-2208  [004] ....  6989.147726: do_swap_page: swapin tgid 1683 pid 2208 name "ScreenDecoratio" vma 9f11c000
 ScreenDecoratio-2208  [004] ....  6989.147736: do_swap_page: swapin tgid 1683 pid 2208 name "ScreenDecoratio" vma 73106000
           <...>-2006  [004] ....  6989.147879: do_swap_page: swapin tgid 2006 pid 2006 name "droid.launcher3" vma 9f00d000
           <...>-2006  [004] ....  6989.147887: do_swap_page: swapin tgid 2006 pid 2006 name "droid.launcher3" vma 9f002000
           <...>-2877  [004] ....  6989.147916: do_swap_page: swapin tgid 1870 pid 2877 name "Binder:1870_3" vma 7fbe1f8000
           <...>-2877  [004] ....  6989.147925: do_swap_page: swapin tgid 1870 pid 2877 name "Binder:1870_3" vma 12cc0000
           <...>-2877  [004] ....  6989.147935: do_swap_page: swapin tgid 1870 pid 2877 name "Binder:1870_3" vma 7fbe24e000
           <...>-2477  [004] ....  6989.147961: do_swap_page: swapin tgid 2457 pid 2477 name "Binder:2457_1" vma 7f393d1000
           <...>-2477  [004] ....  6989.147968: do_swap_page: swapin tgid 2457 pid 2477 name "Binder:2457_1" vma 7fbe1f8000
           <...>-2006  [004] ....  6989.148009: do_swap_page: swapin tgid 2006 pid 2006 name "droid.launcher3" vma 9f002000
           <...>-2006  [004] ....  6989.148016: do_swap_page: swapin tgid 2006 pid 2006 name "droid.launcher3" vma 9f070000
           <...>-2453  [004] ....  6989.148047: do_swap_page: swapin tgid 1968 pid 2453 name "Binder:1968_5" vma 7f28de7000
           <...>-2453  [004] ....  6989.148054: do_swap_page: swapin tgid 1968 pid 2453 name "Binder:1968_5" vma 13800000
      android.ui-1356  [004] ....  6989.148081: do_swap_page: swapin tgid 1335 pid 1356 name "android.ui" vma 9f153000
      android.ui-1356  [004] ....  6989.148088: do_swap_page: swapin tgid 1335 pid 1356 name "android.ui" vma 139a2000
      android.ui-1356  [004] ....  6989.148097: do_swap_page: swapin tgid 1335 pid 1356 name "android.ui" vma 7f2d6c3000
      android.ui-1356  [004] ....  6989.148125: do_swap_page: swapin tgid 1335 pid 1356 name "android.ui" vma 9f011000
      android.ui-1356  [004] ....  6989.148129: do_swap_page: swapin tgid 1335 pid 1356 name "android.ui" vma 9f142000
  UiThreadHelper-2057  [004] ....  6989.148151: do_swap_page: swapin tgid 2006 pid 2057 name "UiThreadHelper" vma 7f2dcc4000
  UiThreadHelper-2057  [004] ....  6989.148157: do_swap_page: swapin tgid 2006 pid 2057 name "UiThreadHelper" vma 132b9000
   Binder:2433_1-2455  [004] ....  6989.148203: do_swap_page: swapin tgid 2433 pid 2455 name "Binder:2433_1" vma 7fbe24e000
   Binder:2433_1-2455  [004] ....  6989.148236: do_swap_page: swapin tgid 2433 pid 2455 name "Binder:2433_1" vma 7f38dea000
   Binder:2433_1-2455  [004] ....  6989.148242: do_swap_page: swapin tgid 2433 pid 2455 name "Binder:2433_1" vma 7f2e16f000
   Binder:2433_1-2455  [004] ....  6989.148244: do_swap_page: swapin tgid 2433 pid 2455 name "Binder:2433_1" vma 12d02000
   Binder:2433_1-2455  [004] ....  6989.148248: do_swap_page: swapin tgid 2433 pid 2455 name "Binder:2433_1" vma 7f34f06000
   Binder:2433_1-2455  [004] ....  6989.148250: do_swap_page: swapin tgid 2433 pid 2455 name "Binder:2433_1" vma 14003000
   Binder:2433_1-2455  [004] ....  6989.148255: do_swap_page: swapin tgid 2433 pid 2455 name "Binder:2433_1" vma 7fbe1e7000
           <...>-2006  [004] ....  6989.148299: do_swap_page: swapin tgid 2006 pid 2006 name "droid.launcher3" vma 9f070000
           <...>-2006  [004] ....  6989.148306: do_swap_page: swapin tgid 2006 pid 2006 name "droid.launcher3" vma 13ce1000
           <...>-2006  [004] ....  6989.148310: do_swap_page: swapin tgid 2006 pid 2006 name "droid.launcher3" vma 9eff0000
           <...>-17749 [004] ....  6989.148334: do_swap_page: swapin tgid 1783 pid 17749 name "Binder:1783_4" vma 7fbe1e7000
           <...>-17749 [004] ....  6989.148342: do_swap_page: swapin tgid 1783 pid 17749 name "Binder:1783_4" vma 7fbe17f000
      android.ui-1356  [004] ....  6989.148365: do_swap_page: swapin tgid 1335 pid 1356 name "android.ui" vma 9f142000
      android.ui-1356  [004] ....  6989.148370: do_swap_page: swapin tgid 1335 pid 1356 name "android.ui" vma 13f64000
      android.ui-1356  [004] ....  6989.148373: do_swap_page: swapin tgid 1335 pid 1356 name "android.ui" vma 9ef79000
      android.ui-1356  [004] ....  6989.148391: do_swap_page: swapin tgid 1335 pid 1356 name "android.ui" vma 9f239000
           <...>-2477  [004] ....  6989.148431: do_swap_page: swapin tgid 2457 pid 2477 name "Binder:2457_1" vma 7fbe1f8000
           <...>-2477  [004] ....  6989.148440: do_swap_page: swapin tgid 2457 pid 2477 name "Binder:2457_1" vma 14740000
  UiThreadHelper-2057  [004] ....  6989.148466: do_swap_page: swapin tgid 2006 pid 2057 name "UiThreadHelper" vma 132b9000
           <...>-2006  [004] ....  6989.148520: do_swap_page: swapin tgid 2006 pid 2006 name "droid.launcher3" vma 9eff0000
           <...>-2006  [004] ....  6989.148527: do_swap_page: swapin tgid 2006 pid 2006 name "droid.launcher3" vma 13dbb000
           <...>-2006  [004] ....  6989.148530: do_swap_page: swapin tgid 2006 pid 2006 name "droid.launcher3" vma 9efa2000
           <...>-2453  [004] ....  6989.148586: do_swap_page: swapin tgid 1968 pid 2453 name "Binder:1968_5" vma 13800000
           <...>-2453  [004] ....  6989.148592: do_swap_page: swapin tgid 1968 pid 2453 name "Binder:1968_5" vma 13812000
           <...>-2453  [004] ....  6989.148598: do_swap_page: swapin tgid 1968 pid 2453 name "Binder:1968_5" vma 7fbe24e000
 m.android.phone-1912  [004] ....  6989.148625: do_swap_page: swapin tgid 1912 pid 1912 name "m.android.phone" vma 14686000
 m.android.phone-1912  [004] ....  6989.148630: do_swap_page: swapin tgid 1912 pid 1912 name "m.android.phone" vma 73090000
 m.android.phone-1912  [004] ....  6989.148636: do_swap_page: swapin tgid 1912 pid 1912 name "m.android.phone" vma 730e6000
           <...>-2006  [004] ....  6989.148689: do_swap_page: swapin tgid 2006 pid 2006 name "droid.launcher3" vma 9efa2000
           <...>-2006  [004] ....  6989.148694: do_swap_page: swapin tgid 2006 pid 2006 name "droid.launcher3" vma 13dbc000
           <...>-2006  [004] ....  6989.148702: do_swap_page: swapin tgid 2006 pid 2006 name "droid.launcher3" vma 9efa3000
           <...>-2006  [004] ....  6989.148881: do_swap_page: swapin tgid 2006 pid 2006 name "droid.launcher3" vma 9efa3000
           <...>-2006  [004] ....  6989.148886: do_swap_page: swapin tgid 2006 pid 2006 name "droid.launcher3" vma 9f093000
           <...>-2877  [004] ....  6989.148908: do_swap_page: swapin tgid 1870 pid 2877 name "Binder:1870_3" vma 7fbe24e000
           <...>-2877  [004] ....  6989.148918: do_swap_page: swapin tgid 1870 pid 2877 name "Binder:1870_3" vma 7f313b1000
           <...>-2877  [004] ....  6989.148923: do_swap_page: swapin tgid 1870 pid 2877 name "Binder:1870_3" vma 7f2dd8f000
           <...>-2877  [004] ....  6989.148928: do_swap_page: swapin tgid 1870 pid 2877 name "Binder:1870_3" vma 12cc1000
           <...>-2877  [004] ....  6989.148933: do_swap_page: swapin tgid 1870 pid 2877 name "Binder:1870_3" vma 7f34f06000
           <...>-2877  [004] ....  6989.148935: do_swap_page: swapin tgid 1870 pid 2877 name "Binder:1870_3" vma 13282000
           <...>-2877  [004] ....  6989.148939: do_swap_page: swapin tgid 1870 pid 2877 name "Binder:1870_3" vma 7fbe1e7000
      android.ui-1356  [004] ....  6989.148967: do_swap_page: swapin tgid 1335 pid 1356 name "android.ui" vma 9f239000
      android.ui-1356  [004] ....  6989.148973: do_swap_page: swapin tgid 1335 pid 1356 name "android.ui" vma 9f07c000
      android.ui-1356  [004] ....  6989.148976: do_swap_page: swapin tgid 1335 pid 1356 name "android.ui" vma 9f1c5000
           <...>-17749 [004] ....  6989.148999: do_swap_page: swapin tgid 1783 pid 17749 name "Binder:1783_4" vma 7fbe17f000
           <...>-17749 [004] ....  6989.149022: do_swap_page: swapin tgid 1783 pid 17749 name "Binder:1783_4" vma 7fbe20a000
           <...>-2006  [004] ....  6989.149048: do_swap_page: swapin tgid 2006 pid 2006 name "droid.launcher3" vma 9f093000
           <...>-2006  [004] ....  6989.149054: do_swap_page: swapin tgid 2006 pid 2006 name "droid.launcher3" vma 9ef7f000
           <...>-2477  [004] ....  6989.149092: do_swap_page: swapin tgid 2457 pid 2477 name "Binder:2457_1" vma 14740000
           <...>-2477  [004] ....  6989.149098: do_swap_page: swapin tgid 2457 pid 2477 name "Binder:2457_1" vma 14751000
           <...>-2477  [004] ....  6989.149104: do_swap_page: swapin tgid 2457 pid 2477 name "Binder:2457_1" vma 7fbe24e000
           <...>-2453  [004] ....  6989.149131: do_swap_page: swapin tgid 1968 pid 2453 name "Binder:1968_5" vma 7fbe24e000
           <...>-2453  [004] ....  6989.149167: do_swap_page: swapin tgid 1968 pid 2453 name "Binder:1968_5" vma 7f3126e000
           <...>-2453  [004] ....  6989.149171: do_swap_page: swapin tgid 1968 pid 2453 name "Binder:1968_5" vma 7f28de8000
           <...>-2453  [004] ....  6989.149174: do_swap_page: swapin tgid 1968 pid 2453 name "Binder:1968_5" vma 12d57000
           <...>-2453  [004] ....  6989.149196: do_swap_page: swapin tgid 1968 pid 2453 name "Binder:1968_5" vma 7f34f09000
           <...>-2453  [004] ....  6989.149198: do_swap_page: swapin tgid 1968 pid 2453 name "Binder:1968_5" vma 13805000
           <...>-2453  [004] ....  6989.149202: do_swap_page: swapin tgid 1968 pid 2453 name "Binder:1968_5" vma 7fbe1e7000
           <...>-2006  [004] ....  6989.149224: do_swap_page: swapin tgid 2006 pid 2006 name "droid.launcher3" vma 9ef7f000
           <...>-2006  [004] ....  6989.149233: do_swap_page: swapin tgid 2006 pid 2006 name "droid.launcher3" vma 13db2000
      android.ui-1356  [004] ....  6989.149260: do_swap_page: swapin tgid 1335 pid 1356 name "android.ui" vma 9f1c5000
      android.ui-1356  [004] ....  6989.149335: do_swap_page: swapin tgid 1335 pid 1356 name "android.ui" vma 14354000
      android.ui-1356  [004] ....  6989.149383: do_swap_page: swapin tgid 1335 pid 1356 name "android.ui" vma 13d2b000
    android.anim-1359  [004] ....  6989.149432: do_swap_page: swapin tgid 1335 pid 1359 name "android.anim" vma 7ecc7c6000
    android.anim-1359  [004] ....  6989.149445: do_swap_page: swapin tgid 1335 pid 1359 name "android.anim" vma 7ecc7c7000
    android.anim-1359  [004] ....  6989.149450: do_swap_page: swapin tgid 1335 pid 1359 name "android.anim" vma 7ecc7c5000
    android.anim-1359  [004] ....  6989.149454: do_swap_page: swapin tgid 1335 pid 1359 name "android.anim" vma 7ecc7c4000
    android.anim-1359  [004] ....  6989.149460: do_swap_page: swapin tgid 1335 pid 1359 name "android.anim" vma 7f312ce000
    android.anim-1359  [004] ....  6989.149474: do_swap_page: swapin tgid 1335 pid 1359 name "android.anim" vma 7f28b15000
    android.anim-1359  [004] ....  6989.149476: do_swap_page: swapin tgid 1335 pid 1359 name "android.anim" vma 7f28b1f000
    android.anim-1359  [004] ....  6989.149478: do_swap_page: swapin tgid 1335 pid 1359 name "android.anim" vma 7f28bd7000
    android.anim-1359  [004] ....  6989.149485: do_swap_page: swapin tgid 1335 pid 1359 name "android.anim" vma 7fbe166000
           <...>-2006  [004] ....  6989.149515: do_swap_page: swapin tgid 2006 pid 2006 name "droid.launcher3" vma 13db2000
           <...>-2006  [004] ....  6989.149520: do_swap_page: swapin tgid 2006 pid 2006 name "droid.launcher3" vma 9f0a1000
   Binder:2433_1-2455  [004] ....  6989.149544: do_swap_page: swapin tgid 2433 pid 2455 name "Binder:2433_1" vma 7fbe1e7000
   Binder:2433_1-2455  [004] ....  6989.149549: do_swap_page: swapin tgid 2433 pid 2455 name "Binder:2433_1" vma 7fbe17f000
 m.android.phone-1912  [004] ....  6989.149574: do_swap_page: swapin tgid 1912 pid 1912 name "m.android.phone" vma 730e6000
 m.android.phone-1912  [004] ....  6989.149582: do_swap_page: swapin tgid 1912 pid 1912 name "m.android.phone" vma 72f93000
 m.android.phone-1912  [004] ....  6989.149586: do_swap_page: swapin tgid 1912 pid 1912 name "m.android.phone" vma 7301e000
 m.android.phone-1912  [004] ....  6989.149607: do_swap_page: swapin tgid 1912 pid 1912 name "m.android.phone" vma 7301f000
 m.android.phone-1912  [004] ....  6989.149611: do_swap_page: swapin tgid 1912 pid 1912 name "m.android.phone" vma 72fbc000
 m.android.phone-1912  [004] ....  6989.149616: do_swap_page: swapin tgid 1912 pid 1912 name "m.android.phone" vma 73024000
    android.anim-1359  [004] ....  6989.149655: do_swap_page: swapin tgid 1335 pid 1359 name "android.anim" vma 7fbe166000
    android.anim-1359  [004] ....  6989.149697: do_swap_page: swapin tgid 1335 pid 1359 name "android.anim" vma 9f060000
    android.anim-1359  [004] ....  6989.149720: do_swap_page: swapin tgid 1335 pid 1359 name "android.anim" vma 9f2d7000
    android.anim-1359  [004] ....  6989.149846: do_swap_page: swapin tgid 1335 pid 1359 name "android.anim" vma 9f2d7000
    android.anim-1359  [004] ....  6989.149851: do_swap_page: swapin tgid 1335 pid 1359 name "android.anim" vma 9f1a3000
           <...>-2006  [004] ....  6989.149889: do_swap_page: swapin tgid 2006 pid 2006 name "droid.launcher3" vma 9f0a1000
           <...>-2006  [004] ....  6989.149895: do_swap_page: swapin tgid 2006 pid 2006 name "droid.launcher3" vma 13cea000
           <...>-2006  [004] ....  6989.149897: do_swap_page: swapin tgid 2006 pid 2006 name "droid.launcher3" vma 9f0bb000
 ScreenDecoratio-2208  [004] ....  6989.149953: do_swap_page: swapin tgid 1683 pid 2208 name "ScreenDecoratio" vma 9f038000
 ScreenDecoratio-2208  [004] ....  6989.149957: do_swap_page: swapin tgid 1683 pid 2208 name "ScreenDecoratio" vma 9f269000
    android.anim-1359  [004] ....  6989.150001: do_swap_page: swapin tgid 1335 pid 1359 name "android.anim" vma 9f1a3000
    android.anim-1359  [004] ....  6989.150021: do_swap_page: swapin tgid 1335 pid 1359 name "android.anim" vma 7f2afc0000
           <...>-2006  [004] ....  6989.150067: do_swap_page: swapin tgid 2006 pid 2006 name "droid.launcher3" vma 9f0bb000
           <...>-2006  [004] ....  6989.150072: do_swap_page: swapin tgid 2006 pid 2006 name "droid.launcher3" vma 9efac000
           <...>-17749 [004] ....  6989.150120: do_swap_page: swapin tgid 1783 pid 17749 name "Binder:1783_4" vma 7fbe20a000
           <...>-17749 [004] ....  6989.150128: do_swap_page: swapin tgid 1783 pid 17749 name "Binder:1783_4" vma 7fbc5e1000
           <...>-17749 [004] ....  6989.150131: do_swap_page: swapin tgid 1783 pid 17749 name "Binder:1783_4" vma 7fbc5dd000
           <...>-2877  [004] ....  6989.150154: do_swap_page: swapin tgid 1870 pid 2877 name "Binder:1870_3" vma 7fbe1e7000
           <...>-2877  [004] ....  6989.150160: do_swap_page: swapin tgid 1870 pid 2877 name "Binder:1870_3" vma 7fbe17f000
           <...>-2477  [004] ....  6989.150185: do_swap_page: swapin tgid 2457 pid 2477 name "Binder:2457_1" vma 7fbe24e000
           <...>-2477  [004] ....  6989.150194: do_swap_page: swapin tgid 2457 pid 2477 name "Binder:2457_1" vma 7f314df000
           <...>-2477  [004] ....  6989.150200: do_swap_page: swapin tgid 2457 pid 2477 name "Binder:2457_1" vma 7f2e16f000
           <...>-2477  [004] ....  6989.150202: do_swap_page: swapin tgid 2457 pid 2477 name "Binder:2457_1" vma 12c40000
           <...>-2477  [004] ....  6989.150237: do_swap_page: swapin tgid 2457 pid 2477 name "Binder:2457_1" vma 7f34f0c000
           <...>-2477  [004] ....  6989.150239: do_swap_page: swapin tgid 2457 pid 2477 name "Binder:2457_1" vma 14743000
           <...>-2477  [004] ....  6989.150243: do_swap_page: swapin tgid 2457 pid 2477 name "Binder:2457_1" vma 7fbe1e7000
    android.anim-1359  [004] ....  6989.150286: do_swap_page: swapin tgid 1335 pid 1359 name "android.anim" vma 7f2afc0000
    android.anim-1359  [004] ....  6989.150306: do_swap_page: swapin tgid 1335 pid 1359 name "android.anim" vma 9f2b8000
           <...>-2006  [004] ....  6989.150347: do_swap_page: swapin tgid 2006 pid 2006 name "droid.launcher3" vma 9efac000
           <...>-2006  [004] ....  6989.150352: do_swap_page: swapin tgid 2006 pid 2006 name "droid.launcher3" vma 9f01a000
   Binder:2433_1-2455  [004] ....  6989.150378: do_swap_page: swapin tgid 2433 pid 2455 name "Binder:2433_1" vma 7fbe17f000
   Binder:2433_1-2455  [004] ....  6989.150383: do_swap_page: swapin tgid 2433 pid 2455 name "Binder:2433_1" vma 7fbe20a000
           <...>-17749 [004] ....  6989.150447: do_swap_page: swapin tgid 1783 pid 17749 name "Binder:1783_4" vma 7fbc5dd000
           <...>-17749 [004] ....  6989.150452: do_swap_page: swapin tgid 1783 pid 17749 name "Binder:1783_4" vma 7fbe224000
           <...>-17749 [004] ....  6989.150456: do_swap_page: swapin tgid 1783 pid 17749 name "Binder:1783_4" vma 7fbe225000
           <...>-17749 [004] ....  6989.150460: do_swap_page: swapin tgid 1783 pid 17749 name "Binder:1783_4" vma 7fbe1d4000
           <...>-17749 [004] ....  6989.150464: do_swap_page: swapin tgid 1783 pid 17749 name "Binder:1783_4" vma 7f28a5d000
           <...>-17749 [004] ....  6989.150468: do_swap_page: swapin tgid 1783 pid 17749 name "Binder:1783_4" vma 7f2d145000
           <...>-2006  [004] ....  6989.150514: do_swap_page: swapin tgid 2006 pid 2006 name "droid.launcher3" vma 9f01a000
           <...>-2006  [004] ....  6989.150519: do_swap_page: swapin tgid 2006 pid 2006 name "droid.launcher3" vma 9f072000
           <...>-2006  [004] ....  6989.150538: do_swap_page: swapin tgid 2006 pid 2006 name "droid.launcher3" vma 9f01b000
    android.anim-1359  [004] ....  6989.150567: do_swap_page: swapin tgid 1335 pid 1359 name "android.anim" vma 9f2b8000
    android.anim-1359  [004] ....  6989.150576: do_swap_page: swapin tgid 1335 pid 1359 name "android.anim" vma 9f06c000
    android.anim-1359  [004] ....  6989.150595: do_swap_page: swapin tgid 1335 pid 1359 name "android.anim" vma 9f1b5000
 m.android.phone-1912  [004] ....  6989.150617: do_swap_page: swapin tgid 1912 pid 1912 name "m.android.phone" vma 73024000
 m.android.phone-1912  [004] ....  6989.150625: do_swap_page: swapin tgid 1912 pid 1912 name "m.android.phone" vma 72fbd000
 m.android.phone-1912  [004] ....  6989.150636: do_swap_page: swapin tgid 1912 pid 1912 name "m.android.phone" vma 72f92000
 m.android.phone-1912  [004] ....  6989.150639: do_swap_page: swapin tgid 1912 pid 1912 name "m.android.phone" vma 7303d000
           <...>-2006  [004] ....  6989.150663: do_swap_page: swapin tgid 2006 pid 2006 name "droid.launcher3" vma 9f01b000
           <...>-2006  [004] ....  6989.150671: do_swap_page: swapin tgid 2006 pid 2006 name "droid.launcher3" vma 9f02f000
    android.anim-1359  [004] ....  6989.150735: do_swap_page: swapin tgid 1335 pid 1359 name "android.anim" vma 9f1b5000
    android.anim-1359  [004] ....  6989.150757: do_swap_page: swapin tgid 1335 pid 1359 name "android.anim" vma 9f151000
           <...>-2453  [004] ....  6989.150780: do_swap_page: swapin tgid 1968 pid 2453 name "Binder:1968_5" vma 7fbe1e7000
           <...>-2453  [004] ....  6989.150785: do_swap_page: swapin tgid 1968 pid 2453 name "Binder:1968_5" vma 7fbe17f000
           <...>-2006  [004] ....  6989.150827: do_swap_page: swapin tgid 2006 pid 2006 name "droid.launcher3" vma 9f02f000
           <...>-2006  [004] ....  6989.150833: do_swap_page: swapin tgid 2006 pid 2006 name "droid.launcher3" vma 9efb3000
           <...>-2877  [004] ....  6989.150893: do_swap_page: swapin tgid 1870 pid 2877 name "Binder:1870_3" vma 7fbe17f000
           <...>-2877  [004] ....  6989.150900: do_swap_page: swapin tgid 1870 pid 2877 name "Binder:1870_3" vma 7fbe20a000
    android.anim-1359  [004] ....  6989.150935: do_swap_page: swapin tgid 1335 pid 1359 name "android.anim" vma 9f151000
    android.anim-1359  [004] ....  6989.150944: do_swap_page: swapin tgid 1335 pid 1359 name "android.anim" vma 9f1b3000
           <...>-2006  [004] ....  6989.150982: do_swap_page: swapin tgid 2006 pid 2006 name "droid.launcher3" vma 9efb3000
           <...>-2006  [004] ....  6989.150989: do_swap_page: swapin tgid 2006 pid 2006 name "droid.launcher3" vma 9f067000
    android.anim-1359  [004] ....  6989.151080: do_swap_page: swapin tgid 1335 pid 1359 name "android.anim" vma 9f1b3000
    android.anim-1359  [004] ....  6989.151100: do_swap_page: swapin tgid 1335 pid 1359 name "android.anim" vma 9f280000
           <...>-2006  [004] ....  6989.151126: do_swap_page: swapin tgid 2006 pid 2006 name "droid.launcher3" vma 9ef83000
   Binder:2433_1-2455  [004] ....  6989.151153: do_swap_page: swapin tgid 2433 pid 2455 name "Binder:2433_1" vma 7fbe20a000
   Binder:2433_1-2455  [004] ....  6989.151162: do_swap_page: swapin tgid 2433 pid 2455 name "Binder:2433_1" vma 7fbc5e1000
   Binder:2433_1-2455  [004] ....  6989.151164: do_swap_page: swapin tgid 2433 pid 2455 name "Binder:2433_1" vma 7fbc5dd000
           <...>-1358  [004] ....  6989.151190: do_swap_page: swapin tgid 1335 pid 1358 name "android.display" vma 7e57d37000
           <...>-1358  [004] ....  6989.151237: do_swap_page: swapin tgid 1335 pid 1358 name "android.display" vma 7ed0def000
           <...>-2511  [004] ....  6989.151310: do_swap_page: swapin tgid 2484 pid 2511 name "Binder:2484_1" vma 7f2d653000
           <...>-2511  [004] ....  6989.151320: do_swap_page: swapin tgid 2484 pid 2511 name "Binder:2484_1" vma 7f2e170000
           <...>-2511  [004] ....  6989.151324: do_swap_page: swapin tgid 2484 pid 2511 name "Binder:2484_1" vma 7f2e171000
    android.anim-1359  [004] ....  6989.151361: do_swap_page: swapin tgid 1335 pid 1359 name "android.anim" vma 9f280000
    android.anim-1359  [004] ....  6989.151399: do_swap_page: swapin tgid 1335 pid 1359 name "android.anim" vma 7ecc7c3000
    android.anim-1359  [004] ....  6989.151413: do_swap_page: swapin tgid 1335 pid 1359 name "android.anim" vma 14aa3000
    android.anim-1359  [004] ....  6989.151424: do_swap_page: swapin tgid 1335 pid 1359 name "android.anim" vma 14aa5000
    android.anim-1359  [004] ....  6989.151428: do_swap_page: swapin tgid 1335 pid 1359 name "android.anim" vma 9f03c000
    android.anim-1359  [004] ....  6989.151430: do_swap_page: swapin tgid 1335 pid 1359 name "android.anim" vma 9f17c000
           <...>-2006  [004] ....  6989.151455: do_swap_page: swapin tgid 2006 pid 2006 name "droid.launcher3" vma 9ef83000
           <...>-2006  [004] ....  6989.151460: do_swap_page: swapin tgid 2006 pid 2006 name "droid.launcher3" vma 9f0b0000
 ScreenDecoratio-2208  [004] ....  6989.151504: do_swap_page: swapin tgid 1683 pid 2208 name "ScreenDecoratio" vma 9f269000
 ScreenDecoratio-2208  [004] ....  6989.151509: do_swap_page: swapin tgid 1683 pid 2208 name "ScreenDecoratio" vma 9f206000
           <...>-2511  [004] ....  6989.151562: do_swap_page: swapin tgid 2484 pid 2511 name "Binder:2484_1" vma 7f2e171000
           <...>-2511  [004] ....  6989.151568: do_swap_page: swapin tgid 2484 pid 2511 name "Binder:2484_1" vma 7f2d651000
           <...>-2511  [004] ....  6989.151573: do_swap_page: swapin tgid 2484 pid 2511 name "Binder:2484_1" vma 7fbe180000
           <...>-2511  [004] ....  6989.151585: do_swap_page: swapin tgid 2484 pid 2511 name "Binder:2484_1" vma 7f2d615000
           <...>-2511  [004] ....  6989.151587: do_swap_page: swapin tgid 2484 pid 2511 name "Binder:2484_1" vma 7f2d61f000
    android.anim-1359  [004] ....  6989.151610: do_swap_page: swapin tgid 1335 pid 1359 name "android.anim" vma 9f17c000
    android.anim-1359  [004] ....  6989.151623: do_swap_page: swapin tgid 1335 pid 1359 name "android.anim" vma 9f197000
           <...>-2477  [004] ....  6989.151663: do_swap_page: swapin tgid 2457 pid 2477 name "Binder:2457_1" vma 7fbe1e7000
           <...>-2477  [004] ....  6989.151669: do_swap_page: swapin tgid 2457 pid 2477 name "Binder:2457_1" vma 7fbe17f000
           <...>-2006  [004] ....  6989.151694: do_swap_page: swapin tgid 2006 pid 2006 name "droid.launcher3" vma 9f0b0000
           <...>-2006  [004] ....  6989.151725: do_swap_page: swapin tgid 2006 pid 2006 name "droid.launcher3" vma 13ceb000
           <...>-2006  [004] ....  6989.151728: do_swap_page: swapin tgid 2006 pid 2006 name "droid.launcher3" vma 9efaf000
           <...>-2453  [004] ....  6989.151751: do_swap_page: swapin tgid 1968 pid 2453 name "Binder:1968_5" vma 7fbe17f000
           <...>-2453  [004] ....  6989.151757: do_swap_page: swapin tgid 1968 pid 2453 name "Binder:1968_5" vma 7fbe20a000
           <...>-2877  [004] ....  6989.151778: do_swap_page: swapin tgid 1870 pid 2877 name "Binder:1870_3" vma 7fbe20a000
           <...>-2877  [004] ....  6989.151785: do_swap_page: swapin tgid 1870 pid 2877 name "Binder:1870_3" vma 7fbc5e1000
           <...>-2877  [004] ....  6989.151787: do_swap_page: swapin tgid 1870 pid 2877 name "Binder:1870_3" vma 7fbc5dd000
           <...>-2511  [004] ....  6989.151831: do_swap_page: swapin tgid 2484 pid 2511 name "Binder:2484_1" vma 7f2d61f000
           <...>-2511  [004] ....  6989.151840: do_swap_page: swapin tgid 2484 pid 2511 name "Binder:2484_1" vma 7f2d74e000
           <...>-2511  [004] ....  6989.151845: do_swap_page: swapin tgid 2484 pid 2511 name "Binder:2484_1" vma 7fb9e3f000
   Binder:2433_1-2455  [004] ....  6989.151880: do_swap_page: swapin tgid 2433 pid 2455 name "Binder:2433_1" vma 7fbc5dd000
   Binder:2433_1-2455  [004] ....  6989.151886: do_swap_page: swapin tgid 2433 pid 2455 name "Binder:2433_1" vma 7fbe227000
   Binder:2433_1-2455  [004] ....  6989.151889: do_swap_page: swapin tgid 2433 pid 2455 name "Binder:2433_1" vma 7fbe289000
   Binder:2433_1-2455  [004] ....  6989.151892: do_swap_page: swapin tgid 2433 pid 2455 name "Binder:2433_1" vma 7fbe1d3000
   Binder:2433_1-2455  [004] ....  6989.151894: do_swap_page: swapin tgid 2433 pid 2455 name "Binder:2433_1" vma 7fbe1d4000
   Binder:2433_1-2455  [004] ....  6989.151917: do_swap_page: swapin tgid 2433 pid 2455 name "Binder:2433_1" vma 7f28a5d000
   Binder:2433_1-2455  [004] ....  6989.151922: do_swap_page: swapin tgid 2433 pid 2455 name "Binder:2433_1" vma 7f2d145000
    android.anim-1359  [004] ....  6989.151959: do_swap_page: swapin tgid 1335 pid 1359 name "android.anim" vma 9f197000
    android.anim-1359  [004] ....  6989.151966: do_swap_page: swapin tgid 1335 pid 1359 name "android.anim" vma 14805000
    android.anim-1359  [004] ....  6989.152011: do_swap_page: swapin tgid 1335 pid 1359 name "android.anim" vma 7e66f5a000
    android.anim-1359  [004] ....  6989.152054: do_swap_page: swapin tgid 1335 pid 1359 name "android.anim" vma 7f28b20000
    android.anim-1359  [004] ....  6989.152060: do_swap_page: swapin tgid 1335 pid 1359 name "android.anim" vma 9efff000
    android.anim-1359  [004] ....  6989.152068: do_swap_page: swapin tgid 1335 pid 1359 name "android.anim" vma 9f04e000
    android.anim-1359  [004] ....  6989.152070: do_swap_page: swapin tgid 1335 pid 1359 name "android.anim" vma 13180000
    android.anim-1359  [004] ....  6989.152089: do_swap_page: swapin tgid 1335 pid 1359 name "android.anim" vma 9f289000
   Binder:1683_6-2185  [004] ....  6989.152155: do_swap_page: swapin tgid 1683 pid 2185 name "Binder:1683_6" vma 9f00d000
           <...>-2006  [004] ....  6989.152191: do_swap_page: swapin tgid 2006 pid 2006 name "droid.launcher3" vma 9efaf000
           <...>-2006  [004] ....  6989.152198: do_swap_page: swapin tgid 2006 pid 2006 name "droid.launcher3" vma 13cec000
           <...>-2006  [004] ....  6989.152202: do_swap_page: swapin tgid 2006 pid 2006 name "droid.launcher3" vma 9efd5000
 ScreenDecoratio-2208  [004] ....  6989.152229: do_swap_page: swapin tgid 1683 pid 2208 name "ScreenDecoratio" vma 9f206000
 ScreenDecoratio-2208  [004] ....  6989.152237: do_swap_page: swapin tgid 1683 pid 2208 name "ScreenDecoratio" vma 9f039000
 ScreenDecoratio-2208  [004] ....  6989.152254: do_swap_page: swapin tgid 1683 pid 2208 name "ScreenDecoratio" vma 13d33000
 ScreenDecoratio-2208  [004] ....  6989.152262: do_swap_page: swapin tgid 1683 pid 2208 name "ScreenDecoratio" vma 7fbe1d5000
    RenderThread-2146  [004] ....  6989.152374: do_swap_page: swapin tgid 1683 pid 2146 name "RenderThread" vma 7eca641000
           <...>-2511  [004] ....  6989.152410: do_swap_page: swapin tgid 2484 pid 2511 name "Binder:2484_1" vma 7fb9e3f000
           <...>-2511  [004] ....  6989.152416: do_swap_page: swapin tgid 2484 pid 2511 name "Binder:2484_1" vma 7fbe301000
           <...>-2511  [004] ....  6989.152420: do_swap_page: swapin tgid 2484 pid 2511 name "Binder:2484_1" vma 7fbe241000
    android.anim-1359  [004] ....  6989.152494: do_swap_page: swapin tgid 1335 pid 1359 name "android.anim" vma 9f289000
    android.anim-1359  [004] ....  6989.152513: do_swap_page: swapin tgid 1335 pid 1359 name "android.anim" vma 13f6d000
    android.anim-1359  [004] ....  6989.152525: do_swap_page: swapin tgid 1335 pid 1359 name "android.anim" vma 13c4d000
           <...>-2511  [004] ....  6989.152565: do_swap_page: swapin tgid 2484 pid 2511 name "Binder:2484_1" vma 7fbe241000
           <...>-2511  [004] ....  6989.152572: do_swap_page: swapin tgid 2484 pid 2511 name "Binder:2484_1" vma 7fbe1e9000
           <...>-2006  [004] ....  6989.152600: do_swap_page: swapin tgid 2006 pid 2006 name "droid.launcher3" vma 9efd5000
           <...>-2006  [004] ....  6989.152605: do_swap_page: swapin tgid 2006 pid 2006 name "droid.launcher3" vma 9f0c5000
           <...>-1358  [004] ....  6989.152703: do_swap_page: swapin tgid 1335 pid 1358 name "android.display" vma 7ed0def000
           <...>-1358  [004] ....  6989.152775: do_swap_page: swapin tgid 1335 pid 1358 name "android.display" vma 7e57d38000
           <...>-2006  [004] ....  6989.152802: do_swap_page: swapin tgid 2006 pid 2006 name "droid.launcher3" vma 9f0c5000
           <...>-2006  [004] ....  6989.152807: do_swap_page: swapin tgid 2006 pid 2006 name "droid.launcher3" vma 9f0aa000
           <...>-2533  [004] ....  6989.152851: do_swap_page: swapin tgid 2507 pid 2533 name "Binder:2507_1" vma 7f2d653000
           <...>-2533  [004] ....  6989.152862: do_swap_page: swapin tgid 2507 pid 2533 name "Binder:2507_1" vma 7f2e170000
           <...>-2533  [004] ....  6989.152867: do_swap_page: swapin tgid 2507 pid 2533 name "Binder:2507_1" vma 7f2e171000
           <...>-2511  [004] ....  6989.152899: do_swap_page: swapin tgid 2484 pid 2511 name "Binder:2484_1" vma 7fbe1e9000
           <...>-2511  [004] ....  6989.152908: do_swap_page: swapin tgid 2484 pid 2511 name "Binder:2484_1" vma 7f393d2000
    android.anim-1359  [004] ....  6989.152936: do_swap_page: swapin tgid 1335 pid 1359 name "android.anim" vma 13c4d000
    android.anim-1359  [004] ....  6989.152947: do_swap_page: swapin tgid 1335 pid 1359 name "android.anim" vma 7f20dfd000
           <...>-2006  [004] ....  6989.152991: do_swap_page: swapin tgid 2006 pid 2006 name "droid.launcher3" vma 9f0aa000
           <...>-2006  [004] ....  6989.152999: do_swap_page: swapin tgid 2006 pid 2006 name "droid.launcher3" vma 13db6000
           <...>-2006  [004] ....  6989.153003: do_swap_page: swapin tgid 2006 pid 2006 name "droid.launcher3" vma 9f006000
           <...>-17749 [004] ....  6989.153028: do_swap_page: swapin tgid 1783 pid 17749 name "Binder:1783_4" vma 7f2d145000
           <...>-17749 [004] ....  6989.153036: do_swap_page: swapin tgid 1783 pid 17749 name "Binder:1783_4" vma 7f39800000
           <...>-2533  [004] .n..  6989.153296: do_swap_page: swapin tgid 2507 pid 2533 name "Binder:2507_1" vma 7f2e171000
           <...>-2533  [004] ....  6989.153306: do_swap_page: swapin tgid 2507 pid 2533 name "Binder:2507_1" vma 7f2d651000
           <...>-2533  [004] ....  6989.153309: do_swap_page: swapin tgid 2507 pid 2533 name "Binder:2507_1" vma 7fbe180000
           <...>-2533  [004] ....  6989.153312: do_swap_page: swapin tgid 2507 pid 2533 name "Binder:2507_1" vma 7f2d67a000
           <...>-2511  [004] ....  6989.153342: do_swap_page: swapin tgid 2484 pid 2511 name "Binder:2484_1" vma 7f393d2000
           <...>-2511  [004] ....  6989.153348: do_swap_page: swapin tgid 2484 pid 2511 name "Binder:2484_1" vma 7fbe165000
    android.anim-1359  [004] ....  6989.153374: do_swap_page: swapin tgid 1335 pid 1359 name "android.anim" vma 7f20dfd000
    android.anim-1359  [004] ....  6989.153410: do_swap_page: swapin tgid 1335 pid 1359 name "android.anim" vma 140d1000
           <...>-2006  [004] ....  6989.153452: do_swap_page: swapin tgid 2006 pid 2006 name "droid.launcher3" vma 9f006000
           <...>-2006  [004] ....  6989.153457: do_swap_page: swapin tgid 2006 pid 2006 name "droid.launcher3" vma 9f05d000
           <...>-2533  [004] ....  6989.153479: do_swap_page: swapin tgid 2507 pid 2533 name "Binder:2507_1" vma 7f2d67a000
           <...>-2533  [004] ....  6989.153510: do_swap_page: swapin tgid 2507 pid 2533 name "Binder:2507_1" vma 7f2d615000
           <...>-2533  [004] ....  6989.153512: do_swap_page: swapin tgid 2507 pid 2533 name "Binder:2507_1" vma 7f2d61f000
           <...>-2511  [004] ....  6989.153547: do_swap_page: swapin tgid 2484 pid 2511 name "Binder:2484_1" vma 7fbe165000
           <...>-2511  [004] ....  6989.153553: do_swap_page: swapin tgid 2484 pid 2511 name "Binder:2484_1" vma 7f2d63f000
           <...>-2511  [004] ....  6989.153556: do_swap_page: swapin tgid 2484 pid 2511 name "Binder:2484_1" vma 7fbc5de000
    android.anim-1359  [004] ....  6989.153600: do_swap_page: swapin tgid 1335 pid 1359 name "android.anim" vma 140d1000
    android.anim-1359  [004] ....  6989.153607: do_swap_page: swapin tgid 1335 pid 1359 name "android.anim" vma 9f27d000
           <...>-2006  [004] ....  6989.153629: do_swap_page: swapin tgid 2006 pid 2006 name "droid.launcher3" vma 9f05d000
           <...>-2006  [004] ....  6989.153639: do_swap_page: swapin tgid 2006 pid 2006 name "droid.launcher3" vma 9f02e000
 m.android.phone-1912  [004] ....  6989.153665: do_swap_page: swapin tgid 1912 pid 1912 name "m.android.phone" vma 7303d000
 m.android.phone-1912  [004] ....  6989.153677: do_swap_page: swapin tgid 1912 pid 1912 name "m.android.phone" vma 7fb9cfb000
 m.android.phone-1912  [004] ....  6989.153705: do_swap_page: swapin tgid 1912 pid 1912 name "m.android.phone" vma 7fbe243000
           <...>-2533  [004] ....  6989.153732: do_swap_page: swapin tgid 2507 pid 2533 name "Binder:2507_1" vma 7f2d61f000
           <...>-2533  [004] ....  6989.153737: do_swap_page: swapin tgid 2507 pid 2533 name "Binder:2507_1" vma 7f2d670000
           <...>-2533  [004] ....  6989.153743: do_swap_page: swapin tgid 2507 pid 2533 name "Binder:2507_1" vma 7fb9e3f000
           <...>-2511  [004] ....  6989.153795: do_swap_page: swapin tgid 2484 pid 2511 name "Binder:2484_1" vma 7fbc5de000
           <...>-2511  [004] ....  6989.153803: do_swap_page: swapin tgid 2484 pid 2511 name "Binder:2484_1" vma 7fbbd3a000
    android.anim-1359  [004] ....  6989.153847: do_swap_page: swapin tgid 1335 pid 1359 name "android.anim" vma 9f27d000
    android.anim-1359  [004] ....  6989.153853: do_swap_page: swapin tgid 1335 pid 1359 name "android.anim" vma 9f1e7000
           <...>-2006  [004] ....  6989.153877: do_swap_page: swapin tgid 2006 pid 2006 name "droid.launcher3" vma 9f02e000
           <...>-2006  [004] ....  6989.153888: do_swap_page: swapin tgid 2006 pid 2006 name "droid.launcher3" vma 9f027000
           <...>-2533  [004] ....  6989.153941: do_swap_page: swapin tgid 2507 pid 2533 name "Binder:2507_1" vma 7fb9e3f000
           <...>-2533  [004] ....  6989.153947: do_swap_page: swapin tgid 2507 pid 2533 name "Binder:2507_1" vma 7fbe2f3000
           <...>-2533  [004] ....  6989.153950: do_swap_page: swapin tgid 2507 pid 2533 name "Binder:2507_1" vma 7fbe241000
           <...>-2453  [004] ....  6989.153978: do_swap_page: swapin tgid 1968 pid 2453 name "Binder:1968_5" vma 7fbe20a000
           <...>-2453  [004] ....  6989.153987: do_swap_page: swapin tgid 1968 pid 2453 name "Binder:1968_5" vma 7fbc5e1000
           <...>-2453  [004] ....  6989.153989: do_swap_page: swapin tgid 1968 pid 2453 name "Binder:1968_5" vma 7fbc5dd000
           <...>-2511  [004] ....  6989.154027: do_swap_page: swapin tgid 2484 pid 2511 name "Binder:2484_1" vma 7fbbd3a000
           <...>-2511  [004] ....  6989.154033: do_swap_page: swapin tgid 2484 pid 2511 name "Binder:2484_1" vma 7f2d619000
           <...>-2511  [004] ....  6989.154038: do_swap_page: swapin tgid 2484 pid 2511 name "Binder:2484_1" vma 7f393d0000
           <...>-2511  [004] ....  6989.154041: do_swap_page: swapin tgid 2484 pid 2511 name "Binder:2484_1" vma 7fbe23c000
    android.anim-1359  [004] ....  6989.154084: do_swap_page: swapin tgid 1335 pid 1359 name "android.anim" vma 9f1e7000
    android.anim-1359  [004] ....  6989.154140: do_swap_page: swapin tgid 1335 pid 1359 name "android.anim" vma 13d36000
    android.anim-1359  [004] ....  6989.154186: do_swap_page: swapin tgid 1335 pid 1359 name "android.anim" vma 9efaf000
    android.anim-1359  [004] ....  6989.154190: do_swap_page: swapin tgid 1335 pid 1359 name "android.anim" vma 9f243000
           <...>-2533  [004] ....  6989.154257: do_swap_page: swapin tgid 2507 pid 2533 name "Binder:2507_1" vma 7fbe241000
           <...>-2533  [004] ....  6989.154264: do_swap_page: swapin tgid 2507 pid 2533 name "Binder:2507_1" vma 7fbe1e9000
           <...>-2511  [004] ....  6989.154290: do_swap_page: swapin tgid 2484 pid 2511 name "Binder:2484_1" vma 7fbe23c000
           <...>-2511  [004] ....  6989.154295: do_swap_page: swapin tgid 2484 pid 2511 name "Binder:2484_1" vma 7f2d640000
           <...>-2511  [004] ....  6989.154300: do_swap_page: swapin tgid 2484 pid 2511 name "Binder:2484_1" vma 7f318f3000
           <...>-2006  [004] ....  6989.154325: do_swap_page: swapin tgid 2006 pid 2006 name "droid.launcher3" vma 9f027000
           <...>-2006  [004] ....  6989.154348: do_swap_page: swapin tgid 2006 pid 2006 name "droid.launcher3" vma 9f026000
    android.anim-1359  [004] ....  6989.154370: do_swap_page: swapin tgid 1335 pid 1359 name "android.anim" vma 9f243000
    android.anim-1359  [004] ....  6989.154378: do_swap_page: swapin tgid 1335 pid 1359 name "android.anim" vma 9f01e000
    android.anim-1359  [004] ....  6989.154421: do_swap_page: swapin tgid 1335 pid 1359 name "android.anim" vma 14350000
    android.anim-1359  [004] ....  6989.154427: do_swap_page: swapin tgid 1335 pid 1359 name "android.anim" vma 9f173000
           <...>-2533  [004] ....  6989.154467: do_swap_page: swapin tgid 2507 pid 2533 name "Binder:2507_1" vma 7fbe1e9000
           <...>-2533  [004] ....  6989.154476: do_swap_page: swapin tgid 2507 pid 2533 name "Binder:2507_1" vma 7f393d2000
           <...>-2511  [004] ....  6989.154522: do_swap_page: swapin tgid 2484 pid 2511 name "Binder:2484_1" vma 7f318f3000
           <...>-2511  [004] ....  6989.154530: do_swap_page: swapin tgid 2484 pid 2511 name "Binder:2484_1" vma 140c7000
           <...>-2006  [004] ....  6989.154559: do_swap_page: swapin tgid 2006 pid 2006 name "droid.launcher3" vma 9f026000
           <...>-2006  [004] ....  6989.154564: do_swap_page: swapin tgid 2006 pid 2006 name "droid.launcher3" vma 9f07d000
    android.anim-1359  [004] ....  6989.154604: do_swap_page: swapin tgid 1335 pid 1359 name "android.anim" vma 9f173000
    android.anim-1359  [004] ....  6989.154635: do_swap_page: swapin tgid 1335 pid 1359 name "android.anim" vma 1482a000
    android.anim-1359  [004] ....  6989.154659: do_swap_page: swapin tgid 1335 pid 1359 name "android.anim" vma 13e30000
           <...>-2533  [004] ....  6989.154687: do_swap_page: swapin tgid 2507 pid 2533 name "Binder:2507_1" vma 7f393d2000
           <...>-2533  [004] ....  6989.154694: do_swap_page: swapin tgid 2507 pid 2533 name "Binder:2507_1" vma 7fbe165000
           <...>-2477  [004] ....  6989.154715: do_swap_page: swapin tgid 2457 pid 2477 name "Binder:2457_1" vma 7fbe17f000
           <...>-2477  [004] ....  6989.154721: do_swap_page: swapin tgid 2457 pid 2477 name "Binder:2457_1" vma 7fbe20a000
           <...>-2877  [004] ....  6989.154748: do_swap_page: swapin tgid 1870 pid 2877 name "Binder:1870_3" vma 7fbc5dd000
           <...>-2006  [004] ....  6989.154777: do_swap_page: swapin tgid 2006 pid 2006 name "droid.launcher3" vma 9f07d000
           <...>-2006  [004] ....  6989.154786: do_swap_page: swapin tgid 2006 pid 2006 name "droid.launcher3" vma 9efb6000
           <...>-2877  [004] ....  6989.154813: do_swap_page: swapin tgid 1870 pid 2877 name "Binder:1870_3" vma 7f28bac000
           <...>-2877  [004] ....  6989.154817: do_swap_page: swapin tgid 1870 pid 2877 name "Binder:1870_3" vma 7f28bad000
           <...>-2877  [004] ....  6989.154821: do_swap_page: swapin tgid 1870 pid 2877 name "Binder:1870_3" vma 7f2d674000
           <...>-2877  [004] ....  6989.154826: do_swap_page: swapin tgid 1870 pid 2877 name "Binder:1870_3" vma 7f2d61e000
           <...>-2877  [004] ....  6989.154830: do_swap_page: swapin tgid 1870 pid 2877 name "Binder:1870_3" vma 7f2d16b000
    android.anim-1359  [004] ....  6989.154880: do_swap_page: swapin tgid 1335 pid 1359 name "android.anim" vma 13e30000
    android.anim-1359  [004] ....  6989.154902: do_swap_page: swapin tgid 1335 pid 1359 name "android.anim" vma 14353000
    android.anim-1359  [004] ....  6989.154912: do_swap_page: swapin tgid 1335 pid 1359 name "android.anim" vma 14008000
           <...>-666   [004] ....  6989.154976: do_swap_page: swapin tgid 599 pid 666 name "DispSync" vma 7fba6b9000
           <...>-2533  [004] ....  6989.155038: do_swap_page: swapin tgid 2507 pid 2533 name "Binder:2507_1" vma 7fbe165000
           <...>-2533  [004] ....  6989.155045: do_swap_page: swapin tgid 2507 pid 2533 name "Binder:2507_1" vma 7f2d63f000
           <...>-2533  [004] ....  6989.155050: do_swap_page: swapin tgid 2507 pid 2533 name "Binder:2507_1" vma 7fbc5de000
           <...>-2511  [004] ....  6989.155072: do_swap_page: swapin tgid 2484 pid 2511 name "Binder:2484_1" vma 140c7000
           <...>-2511  [004] ....  6989.155079: do_swap_page: swapin tgid 2484 pid 2511 name "Binder:2484_1" vma 7fbe286000
           <...>-2511  [004] ....  6989.155081: do_swap_page: swapin tgid 2484 pid 2511 name "Binder:2484_1" vma 7fbe285000
           <...>-2511  [004] ....  6989.155084: do_swap_page: swapin tgid 2484 pid 2511 name "Binder:2484_1" vma 7f2d61a000
           <...>-2006  [004] ....  6989.155118: do_swap_page: swapin tgid 2006 pid 2006 name "droid.launcher3" vma 9efb6000
           <...>-2006  [004] ....  6989.155123: do_swap_page: swapin tgid 2006 pid 2006 name "droid.launcher3" vma 9f09b000
           <...>-17749 [004] ....  6989.155144: do_swap_page: swapin tgid 1783 pid 17749 name "Binder:1783_4" vma 7f39800000
           <...>-17749 [004] ....  6989.155174: do_swap_page: swapin tgid 1783 pid 17749 name "Binder:1783_4" vma 7f395f0000
           <...>-2533  [004] ....  6989.155200: do_swap_page: swapin tgid 2507 pid 2533 name "Binder:2507_1" vma 7fbc5de000
           <...>-2533  [004] ....  6989.155207: do_swap_page: swapin tgid 2507 pid 2533 name "Binder:2507_1" vma 7fbbd3a000
           <...>-2477  [004] ....  6989.155233: do_swap_page: swapin tgid 2457 pid 2477 name "Binder:2457_1" vma 7fbe20a000
           <...>-2477  [004] ....  6989.155242: do_swap_page: swapin tgid 2457 pid 2477 name "Binder:2457_1" vma 7fbc5e1000
           <...>-2477  [004] ....  6989.155245: do_swap_page: swapin tgid 2457 pid 2477 name "Binder:2457_1" vma 7fbc5dd000
           <...>-2511  [004] ....  6989.155287: do_swap_page: swapin tgid 2484 pid 2511 name "Binder:2484_1" vma 7f2d61a000
           <...>-2511  [004] ....  6989.155292: do_swap_page: swapin tgid 2484 pid 2511 name "Binder:2484_1" vma 7f393d1000
    android.anim-1359  [004] ....  6989.155346: do_swap_page: swapin tgid 1335 pid 1359 name "android.anim" vma 14008000
    android.anim-1359  [004] ....  6989.155409: do_swap_page: swapin tgid 1335 pid 1359 name "android.anim" vma 7e6360b000
    Binder:599_2-645   [004] ....  6989.155546: do_swap_page: swapin tgid 599 pid 645 name "Binder:599_2" vma 7fbcbe5000
           <...>-2533  [004] ....  6989.155573: do_swap_page: swapin tgid 2507 pid 2533 name "Binder:2507_1" vma 7fbbd3a000
           <...>-2533  [004] ....  6989.155578: do_swap_page: swapin tgid 2507 pid 2533 name "Binder:2507_1" vma 7f2d619000
           <...>-2533  [004] ....  6989.155582: do_swap_page: swapin tgid 2507 pid 2533 name "Binder:2507_1" vma 7f393d0000
           <...>-2533  [004] ....  6989.155584: do_swap_page: swapin tgid 2507 pid 2533 name "Binder:2507_1" vma 7fbe23c000
           <...>-2511  [004] ....  6989.155612: do_swap_page: swapin tgid 2484 pid 2511 name "Binder:2484_1" vma 7f393d1000
           <...>-2511  [004] ....  6989.155621: do_swap_page: swapin tgid 2484 pid 2511 name "Binder:2484_1" vma 7fbe1f8000
           <...>-2006  [004] ....  6989.155646: do_swap_page: swapin tgid 2006 pid 2006 name "droid.launcher3" vma 9f09b000
           <...>-2006  [004] ....  6989.155656: do_swap_page: swapin tgid 2006 pid 2006 name "droid.launcher3" vma 9efbb000
