 droid.launcher3-2006  [004] ....  8672.015307: do_swap_page: swapin tgid 2006 pid 2006 name "droid.launcher3" vma 7fbddf8000
 droid.launcher3-2006  [004] ....  8672.015316: do_swap_page: swapin tgid 2006 pid 2006 name "droid.launcher3" vma 72f78000
 droid.launcher3-2006  [004] ....  8672.015423: do_swap_page: swapin tgid 2006 pid 2006 name "droid.launcher3" vma 72f78000
 droid.launcher3-2006  [004] ....  8672.015427: do_swap_page: swapin tgid 2006 pid 2006 name "droid.launcher3" vma 730e5000
 droid.launcher3-2006  [004] ....  8672.015528: do_swap_page: swapin tgid 2006 pid 2006 name "droid.launcher3" vma 730e5000
 droid.launcher3-2006  [004] ....  8672.015538: do_swap_page: swapin tgid 2006 pid 2006 name "droid.launcher3" vma 7f28b4e000
 droid.launcher3-2006  [004] ....  8672.015551: do_swap_page: swapin tgid 2006 pid 2006 name "droid.launcher3" vma 7fbe1d0000
 droid.launcher3-2006  [004] ....  8672.015554: do_swap_page: swapin tgid 2006 pid 2006 name "droid.launcher3" vma 7f395f0000
 droid.launcher3-2006  [004] ....  8672.015665: do_swap_page: swapin tgid 2006 pid 2006 name "droid.launcher3" vma 7f395f0000
 droid.launcher3-2006  [004] ....  8672.015670: do_swap_page: swapin tgid 2006 pid 2006 name "droid.launcher3" vma 7f2d145000
 droid.launcher3-2006  [004] ....  8672.015677: do_swap_page: swapin tgid 2006 pid 2006 name "droid.launcher3" vma 12eda000
 droid.launcher3-2006  [004] ....  8672.015683: do_swap_page: swapin tgid 2006 pid 2006 name "droid.launcher3" vma 13cca000
 droid.launcher3-2006  [004] ....  8672.015685: do_swap_page: swapin tgid 2006 pid 2006 name "droid.launcher3" vma 12ec0000
 droid.launcher3-2006  [004] ....  8672.015689: do_swap_page: swapin tgid 2006 pid 2006 name "droid.launcher3" vma 12ef8000
 droid.launcher3-2006  [004] ....  8672.015696: do_swap_page: swapin tgid 2006 pid 2006 name "droid.launcher3" vma 12ed5000
 droid.launcher3-2006  [004] ....  8672.015707: do_swap_page: swapin tgid 2006 pid 2006 name "droid.launcher3" vma 9f08b000
 droid.launcher3-2006  [004] ....  8672.015847: do_swap_page: swapin tgid 2006 pid 2006 name "droid.launcher3" vma 9f08b000
 droid.launcher3-2006  [004] ....  8672.015853: do_swap_page: swapin tgid 2006 pid 2006 name "droid.launcher3" vma 12eea000
 droid.launcher3-2006  [004] ....  8672.015882: do_swap_page: swapin tgid 2006 pid 2006 name "droid.launcher3" vma 7fbf700000
 droid.launcher3-2006  [004] ....  8672.015891: do_swap_page: swapin tgid 2006 pid 2006 name "droid.launcher3" vma 7fb9e3f000
 droid.launcher3-2006  [004] ....  8672.015894: do_swap_page: swapin tgid 2006 pid 2006 name "droid.launcher3" vma 7f28b3c000
 droid.launcher3-2006  [004] ....  8672.015896: do_swap_page: swapin tgid 2006 pid 2006 name "droid.launcher3" vma 7fbe180000
 droid.launcher3-2006  [004] ....  8672.015898: do_swap_page: swapin tgid 2006 pid 2006 name "droid.launcher3" vma 7ecc9eb000
           <...>-1445  [004] ....  8672.016563: do_swap_page: swapin tgid 1335 pid 1445 name "InputDispatcher" vma 7e63721000
 droid.launcher3-2006  [004] ....  8672.016595: do_swap_page: swapin tgid 2006 pid 2006 name "droid.launcher3" vma 7ecc97c000
 droid.launcher3-2006  [004] ....  8672.016601: do_swap_page: swapin tgid 2006 pid 2006 name "droid.launcher3" vma 7ecc97d000
 droid.launcher3-2006  [004] ....  8672.016618: do_swap_page: swapin tgid 2006 pid 2006 name "droid.launcher3" vma 13cc8000
 droid.launcher3-2006  [004] ....  8672.016624: do_swap_page: swapin tgid 2006 pid 2006 name "droid.launcher3" vma 7fbe1d3000
 droid.launcher3-2006  [004] ....  8672.016626: do_swap_page: swapin tgid 2006 pid 2006 name "droid.launcher3" vma 7fbe349000
 droid.launcher3-2006  [004] ....  8672.016630: do_swap_page: swapin tgid 2006 pid 2006 name "droid.launcher3" vma 7fbe1c5000
 droid.launcher3-2006  [004] ....  8672.016668: do_swap_page: swapin tgid 2006 pid 2006 name "droid.launcher3" vma 7fbe1fd000
 droid.launcher3-2006  [004] ....  8672.016674: do_swap_page: swapin tgid 2006 pid 2006 name "droid.launcher3" vma 7f28b39000
 droid.launcher3-2006  [004] ....  8672.016677: do_swap_page: swapin tgid 2006 pid 2006 name "droid.launcher3" vma 7fbd46e000
 droid.launcher3-2006  [004] ....  8672.016679: do_swap_page: swapin tgid 2006 pid 2006 name "droid.launcher3" vma 7fbe166000
 droid.launcher3-2006  [004] ....  8672.016682: do_swap_page: swapin tgid 2006 pid 2006 name "droid.launcher3" vma 7eccaa3000
 droid.launcher3-2006  [004] ....  8672.016685: do_swap_page: swapin tgid 2006 pid 2006 name "droid.launcher3" vma 7f28b4c000
      android.ui-1356  [004] ....  8672.016823: do_swap_page: swapin tgid 1335 pid 1356 name "android.ui" vma 7f2895f000
      android.ui-1356  [004] ....  8672.016831: do_swap_page: swapin tgid 1335 pid 1356 name "android.ui" vma 7e57db8000
      android.ui-1356  [004] ....  8672.016840: do_swap_page: swapin tgid 1335 pid 1356 name "android.ui" vma 7e57db9000
      android.ui-1356  [004] ....  8672.016854: do_swap_page: swapin tgid 1335 pid 1356 name "android.ui" vma 7e57db6000
      android.ui-1356  [004] ....  8672.016920: do_swap_page: swapin tgid 1335 pid 1356 name "android.ui" vma 7e63560000
      android.ui-1356  [004] ....  8672.016926: do_swap_page: swapin tgid 1335 pid 1356 name "android.ui" vma 7e63561000
 ndroid.systemui-1683  [004] ....  8672.017098: do_swap_page: swapin tgid 1683 pid 1683 name "ndroid.systemui" vma 7f28b49000
 ndroid.systemui-1683  [004] ....  8672.017112: do_swap_page: swapin tgid 1683 pid 1683 name "ndroid.systemui" vma 7f3984d000
 ndroid.systemui-1683  [004] ....  8672.017117: do_swap_page: swapin tgid 1683 pid 1683 name "ndroid.systemui" vma 7f39802000
 ndroid.systemui-1683  [004] ....  8672.017144: do_swap_page: swapin tgid 1683 pid 1683 name "ndroid.systemui" vma 7eb9f5b000
 ndroid.systemui-1683  [004] ....  8672.017150: do_swap_page: swapin tgid 1683 pid 1683 name "ndroid.systemui" vma 7eb9f5c000
 ndroid.systemui-1683  [004] ....  8672.017165: do_swap_page: swapin tgid 1683 pid 1683 name "ndroid.systemui" vma 7eba130000
    RenderThread-2146  [004] ....  8672.017502: do_swap_page: swapin tgid 1683 pid 2146 name "RenderThread" vma 7f2d690000
    RenderThread-2146  [004] ....  8672.017550: do_swap_page: swapin tgid 1683 pid 2146 name "RenderThread" vma 7fbe175000
    RenderThread-2523  [004] ....  8672.017595: do_swap_page: swapin tgid 2006 pid 2523 name "RenderThread" vma 7ecb7d1000
    RenderThread-2523  [004] ....  8672.017603: do_swap_page: swapin tgid 2006 pid 2523 name "RenderThread" vma 7fbe231000
    RenderThread-2523  [004] ....  8672.017605: do_swap_page: swapin tgid 2006 pid 2523 name "RenderThread" vma 7ecb7d2000
    RenderThread-2523  [004] ....  8672.017611: do_swap_page: swapin tgid 2006 pid 2523 name "RenderThread" vma 7f28a02000
    RenderThread-2523  [004] ....  8672.017617: do_swap_page: swapin tgid 2006 pid 2523 name "RenderThread" vma 7fbaadc000
    RenderThread-2523  [004] ....  8672.017619: do_swap_page: swapin tgid 2006 pid 2523 name "RenderThread" vma 7f28b41000
    RenderThread-2523  [004] ....  8672.017622: do_swap_page: swapin tgid 2006 pid 2523 name "RenderThread" vma 7ecb7d0000
    RenderThread-2523  [004] ....  8672.017630: do_swap_page: swapin tgid 2006 pid 2523 name "RenderThread" vma 7fbd2d8000
    RenderThread-2523  [004] ....  8672.017633: do_swap_page: swapin tgid 2006 pid 2523 name "RenderThread" vma 7fbe1fb000
    RenderThread-2523  [004] ....  8672.017637: do_swap_page: swapin tgid 2006 pid 2523 name "RenderThread" vma 7ecc8df000
    RenderThread-2523  [004] ....  8672.017639: do_swap_page: swapin tgid 2006 pid 2523 name "RenderThread" vma 7f28bd8000
    RenderThread-2523  [004] ....  8672.017641: do_swap_page: swapin tgid 2006 pid 2523 name "RenderThread" vma 7ecc9af000
    RenderThread-2523  [004] ....  8672.017643: do_swap_page: swapin tgid 2006 pid 2523 name "RenderThread" vma 7f28ac2000
    RenderThread-2523  [004] ....  8672.017646: do_swap_page: swapin tgid 2006 pid 2523 name "RenderThread" vma 7eccb80000
    RenderThread-2523  [004] ....  8672.017649: do_swap_page: swapin tgid 2006 pid 2523 name "RenderThread" vma 7fbe175000
           <...>-6364  [004] ....  8672.017682: do_swap_page: swapin tgid 6287 pid 6364 name "RenderThread" vma 7e96d47000
           <...>-6364  [004] ....  8672.017694: do_swap_page: swapin tgid 6287 pid 6364 name "RenderThread" vma 7f28a80000
           <...>-6364  [004] ....  8672.017698: do_swap_page: swapin tgid 6287 pid 6364 name "RenderThread" vma 7f28e55000
           <...>-6364  [004] ....  8672.017705: do_swap_page: swapin tgid 6287 pid 6364 name "RenderThread" vma 7e96d48000
           <...>-6364  [004] ....  8672.017707: do_swap_page: swapin tgid 6287 pid 6364 name "RenderThread" vma 7f28f6c000
           <...>-6364  [004] ....  8672.017713: do_swap_page: swapin tgid 6287 pid 6364 name "RenderThread" vma 7e48a3d000
           <...>-6364  [004] ....  8672.017721: do_swap_page: swapin tgid 6287 pid 6364 name "RenderThread" vma 7fbe1eb000
           <...>-6364  [004] ....  8672.017724: do_swap_page: swapin tgid 6287 pid 6364 name "RenderThread" vma 7f289d5000
           <...>-6364  [004] ....  8672.017730: do_swap_page: swapin tgid 6287 pid 6364 name "RenderThread" vma 7e96d46000
           <...>-6364  [004] ....  8672.017759: do_swap_page: swapin tgid 6287 pid 6364 name "RenderThread" vma 7fbd2d8000
           <...>-6364  [004] ....  8672.017783: do_swap_page: swapin tgid 6287 pid 6364 name "RenderThread" vma 7fbd46e000
           <...>-6364  [004] ....  8672.017791: do_swap_page: swapin tgid 6287 pid 6364 name "RenderThread" vma 7f28f70000
           <...>-6364  [004] ....  8672.017794: do_swap_page: swapin tgid 6287 pid 6364 name "RenderThread" vma 7f28ff7000
           <...>-6364  [004] ....  8672.017795: do_swap_page: swapin tgid 6287 pid 6364 name "RenderThread" vma 7f28ff8000
           <...>-6364  [004] ....  8672.017798: do_swap_page: swapin tgid 6287 pid 6364 name "RenderThread" vma 7f28ac2000
           <...>-6364  [004] ....  8672.017803: do_swap_page: swapin tgid 6287 pid 6364 name "RenderThread" vma 7e94c4e000
           <...>-6364  [004] ....  8672.017829: do_swap_page: swapin tgid 6287 pid 6364 name "RenderThread" vma 7f2d2a6000
           <...>-6364  [004] ....  8672.017838: do_swap_page: swapin tgid 6287 pid 6364 name "RenderThread" vma 7f28b31000
           <...>-6364  [004] ....  8672.017842: do_swap_page: swapin tgid 6287 pid 6364 name "RenderThread" vma 7f289ff000
           <...>-6364  [004] ....  8672.017844: do_swap_page: swapin tgid 6287 pid 6364 name "RenderThread" vma 7f28f6e000
           <...>-6561  [004] ....  8672.017889: do_swap_page: swapin tgid 1335 pid 6561 name "RenderThread" vma 7ea67a8000
           <...>-6561  [004] ....  8672.017899: do_swap_page: swapin tgid 1335 pid 6561 name "RenderThread" vma 7ea67a9000
           <...>-6561  [004] ....  8672.017901: do_swap_page: swapin tgid 1335 pid 6561 name "RenderThread" vma 7e57c38000
           <...>-6561  [004] ....  8672.017906: do_swap_page: swapin tgid 1335 pid 6561 name "RenderThread" vma 7e66ab7000
           <...>-6561  [004] ....  8672.017911: do_swap_page: swapin tgid 1335 pid 6561 name "RenderThread" vma 7ea67a7000
           <...>-6561  [004] ....  8672.017945: do_swap_page: swapin tgid 1335 pid 6561 name "RenderThread" vma 7fbd2d8000
           <...>-6561  [004] ....  8672.017952: do_swap_page: swapin tgid 1335 pid 6561 name "RenderThread" vma 7f2d74e000
           <...>-6561  [004] ....  8672.017956: do_swap_page: swapin tgid 1335 pid 6561 name "RenderThread" vma 7eb4fbe000
           <...>-6561  [004] ....  8672.017959: do_swap_page: swapin tgid 1335 pid 6561 name "RenderThread" vma 7e8584e000
           <...>-6561  [004] ....  8672.017969: do_swap_page: swapin tgid 1335 pid 6561 name "RenderThread" vma 7e634d2000
    RenderThread-2523  [004] ....  8672.017994: do_swap_page: swapin tgid 2006 pid 2523 name "RenderThread" vma 7fbe175000
    RenderThread-2523  [004] ....  8672.018003: do_swap_page: swapin tgid 2006 pid 2523 name "RenderThread" vma 7f28b2d000
    RenderThread-2523  [004] ....  8672.018007: do_swap_page: swapin tgid 2006 pid 2523 name "RenderThread" vma 7f28bdb000
    Binder:599_3-1274  [004] ....  8672.018033: do_swap_page: swapin tgid 599 pid 1274 name "Binder:599_3" vma 7faa393000
    Binder:599_3-1274  [004] ....  8672.018041: do_swap_page: swapin tgid 599 pid 1274 name "Binder:599_3" vma 7faa394000
    Binder:599_3-1274  [004] ....  8672.018044: do_swap_page: swapin tgid 599 pid 1274 name "Binder:599_3" vma 7faa74f000
    Binder:599_3-1274  [004] ....  8672.018051: do_swap_page: swapin tgid 599 pid 1274 name "Binder:599_3" vma 7faa59b000
    Binder:599_3-1274  [004] ....  8672.018054: do_swap_page: swapin tgid 599 pid 1274 name "Binder:599_3" vma 7faa5b9000
    Binder:599_3-1274  [004] ....  8672.018060: do_swap_page: swapin tgid 599 pid 1274 name "Binder:599_3" vma 7faa72b000
    Binder:599_3-1274  [004] ....  8672.018062: do_swap_page: swapin tgid 599 pid 1274 name "Binder:599_3" vma 7faa72c000
    Binder:599_3-1274  [004] ....  8672.018069: do_swap_page: swapin tgid 599 pid 1274 name "Binder:599_3" vma 7fba61d000
    RenderThread-2523  [004] ....  8672.018196: do_swap_page: swapin tgid 2006 pid 2523 name "RenderThread" vma 7fbe162000
    RenderThread-2523  [004] ....  8672.018201: do_swap_page: swapin tgid 2006 pid 2523 name "RenderThread" vma 7fbe2df000
    RenderThread-2523  [004] ....  8672.018207: do_swap_page: swapin tgid 2006 pid 2523 name "RenderThread" vma 7f28a1a000
    RenderThread-2523  [004] ....  8672.018211: do_swap_page: swapin tgid 2006 pid 2523 name "RenderThread" vma 7ecc8f2000
    RenderThread-2523  [004] ....  8672.018218: do_swap_page: swapin tgid 2006 pid 2523 name "RenderThread" vma 7fb9ee3000
    RenderThread-2146  [004] ....  8672.018358: do_swap_page: swapin tgid 1683 pid 2146 name "RenderThread" vma 7fbe175000
    RenderThread-2523  [004] ....  8672.018421: do_swap_page: swapin tgid 2006 pid 2523 name "RenderThread" vma 7fb9ee3000
    RenderThread-2523  [004] ....  8672.018426: do_swap_page: swapin tgid 2006 pid 2523 name "RenderThread" vma 7fbe2f1000
           <...>-644   [004] ....  8672.018462: do_swap_page: swapin tgid 599 pid 644 name "Binder:599_1" vma 7fbbbff000
           <...>-644   [004] ....  8672.018468: do_swap_page: swapin tgid 599 pid 644 name "Binder:599_1" vma 7fbbc00000
           <...>-644   [004] ....  8672.018471: do_swap_page: swapin tgid 599 pid 644 name "Binder:599_1" vma 7fba62c000
           <...>-644   [004] ....  8672.018477: do_swap_page: swapin tgid 599 pid 644 name "Binder:599_1" vma 7fba61e000
           <...>-644   [004] ....  8672.018483: do_swap_page: swapin tgid 599 pid 644 name "Binder:599_1" vma 7fbe15e000
           <...>-644   [004] ....  8672.018485: do_swap_page: swapin tgid 599 pid 644 name "Binder:599_1" vma 7fbe15f000
           <...>-644   [004] ....  8672.018499: do_swap_page: swapin tgid 599 pid 644 name "Binder:599_1" vma 7fbf5e3000
 android.display-1358  [004] ....  8672.018565: do_swap_page: swapin tgid 1335 pid 1358 name "android.display" vma 7ecd8cc000
 android.display-1358  [004] ....  8672.018636: do_swap_page: swapin tgid 1335 pid 1358 name "android.display" vma 9f2c8000
           <...>-644   [004] ....  8672.018735: do_swap_page: swapin tgid 599 pid 644 name "Binder:599_1" vma 7fbf5e3000
           <...>-644   [004] ....  8672.018749: do_swap_page: swapin tgid 599 pid 644 name "Binder:599_1" vma 7fbc6f7000
           <...>-644   [004] ....  8672.018782: do_swap_page: swapin tgid 599 pid 644 name "Binder:599_1" vma 7fb7531000
    RenderThread-2523  [004] ....  8672.018817: do_swap_page: swapin tgid 2006 pid 2523 name "RenderThread" vma 7f28b06000
    RenderThread-2523  [004] ....  8672.018824: do_swap_page: swapin tgid 2006 pid 2523 name "RenderThread" vma 7f2d264000
    RenderThread-2523  [004] ....  8672.018873: do_swap_page: swapin tgid 2006 pid 2523 name "RenderThread" vma 7f2d24d000
    RenderThread-2146  [004] ....  8672.019016: do_swap_page: swapin tgid 1683 pid 2146 name "RenderThread" vma 7f28feb000
    RenderThread-2523  [004] ....  8672.019071: do_swap_page: swapin tgid 2006 pid 2523 name "RenderThread" vma 7f2d24d000
    RenderThread-2523  [004] ....  8672.019088: do_swap_page: swapin tgid 2006 pid 2523 name "RenderThread" vma 7ec7266000
           <...>-6364  [004] ....  8672.019184: do_swap_page: swapin tgid 6287 pid 6364 name "RenderThread" vma 7e7aa16000
           <...>-6364  [004] ....  8672.019191: do_swap_page: swapin tgid 6287 pid 6364 name "RenderThread" vma 7fbe292000
           <...>-6364  [004] ....  8672.019223: do_swap_page: swapin tgid 6287 pid 6364 name "RenderThread" vma 7fb9ee3000
    RenderThread-2146  [004] ....  8672.019240: do_swap_page: swapin tgid 1683 pid 2146 name "RenderThread" vma 7f28feb000
    RenderThread-2146  [004] ....  8672.019245: do_swap_page: swapin tgid 1683 pid 2146 name "RenderThread" vma 7f28fec000
    RenderThread-2146  [004] ....  8672.019252: do_swap_page: swapin tgid 1683 pid 2146 name "RenderThread" vma 7fb9ee3000
 android.display-1358  [004] ....  8672.019279: do_swap_page: swapin tgid 1335 pid 1358 name "android.display" vma 9f2c8000
 android.display-1358  [004] ....  8672.019307: do_swap_page: swapin tgid 1335 pid 1358 name "android.display" vma 7eb4cb6000
 android.display-1358  [004] ....  8672.019311: do_swap_page: swapin tgid 1335 pid 1358 name "android.display" vma 7f28a79000
    Binder:599_3-1274  [004] ....  8672.019524: do_swap_page: swapin tgid 599 pid 1274 name "Binder:599_3" vma 7fbe1d0000
           <...>-6561  [004] ....  8672.019545: do_swap_page: swapin tgid 1335 pid 6561 name "RenderThread" vma 7e63624000
    RenderThread-2146  [004] ....  8672.019625: do_swap_page: swapin tgid 1683 pid 2146 name "RenderThread" vma 7fb9ee3000
           <...>-6364  [004] ....  8672.019655: do_swap_page: swapin tgid 6287 pid 6364 name "RenderThread" vma 7fb9ee3000
           <...>-6364  [004] ....  8672.019670: do_swap_page: swapin tgid 6287 pid 6364 name "RenderThread" vma 7f28a02000
           <...>-6364  [004] ....  8672.019786: do_swap_page: swapin tgid 6287 pid 6364 name "RenderThread" vma 7f296de000
           <...>-6364  [004] ....  8672.019860: do_swap_page: swapin tgid 6287 pid 6364 name "RenderThread" vma 7f2d14b000
           <...>-6364  [004] ....  8672.019877: do_swap_page: swapin tgid 6287 pid 6364 name "RenderThread" vma 7f29a87000
           <...>-6364  [004] ....  8672.019881: do_swap_page: swapin tgid 6287 pid 6364 name "RenderThread" vma 7e79c45000
 android.display-1358  [004] ....  8672.019896: do_swap_page: swapin tgid 1335 pid 1358 name "android.display" vma 7f28a79000
 android.display-1358  [004] ....  8672.019903: do_swap_page: swapin tgid 1335 pid 1358 name "android.display" vma 7f28b32000
 android.display-1358  [004] ....  8672.019908: do_swap_page: swapin tgid 1335 pid 1358 name "android.display" vma 7ed0c43000
 android.display-1358  [004] ....  8672.020104: do_swap_page: swapin tgid 1335 pid 1358 name "android.display" vma 7ed0c43000
 android.display-1358  [004] ....  8672.020113: do_swap_page: swapin tgid 1335 pid 1358 name "android.display" vma 7e8597e000
 android.display-1358  [004] ....  8672.020280: do_swap_page: swapin tgid 1335 pid 1358 name "android.display" vma 7e8597e000
 android.display-1358  [004] ....  8672.020284: do_swap_page: swapin tgid 1335 pid 1358 name "android.display" vma 7e66b5c000
 android.display-1358  [004] ....  8672.020393: do_swap_page: swapin tgid 1335 pid 1358 name "android.display" vma 7e66b5c000
 android.display-1358  [004] ....  8672.020398: do_swap_page: swapin tgid 1335 pid 1358 name "android.display" vma 7f28b34000
 android.display-1358  [004] ....  8672.020604: do_swap_page: swapin tgid 1335 pid 1358 name "android.display" vma 7f28b34000
 android.display-1358  [004] ....  8672.020609: do_swap_page: swapin tgid 1335 pid 1358 name "android.display" vma 7fbe2fe000
 android.display-1358  [004] ....  8672.020765: do_swap_page: swapin tgid 1335 pid 1358 name "android.display" vma 7fbe2fe000
 android.display-1358  [004] ....  8672.020789: do_swap_page: swapin tgid 1335 pid 1358 name "android.display" vma 7f28987000
 android.display-1358  [004] ....  8672.020796: do_swap_page: swapin tgid 1335 pid 1358 name "android.display" vma 7eb5011000
 android.display-1358  [004] ....  8672.020805: do_swap_page: swapin tgid 1335 pid 1358 name "android.display" vma 7f28b35000
 android.display-1358  [004] ....  8672.021055: do_swap_page: swapin tgid 1335 pid 1358 name "android.display" vma 7f2d670000
 android.display-1358  [004] ....  8672.021279: do_swap_page: swapin tgid 1335 pid 1358 name "android.display" vma 7e57d37000
           <...>-1363  [004] ....  8672.021322: do_swap_page: swapin tgid 1335 pid 1363 name "android.bg" vma 9f29d000
           <...>-1579  [004] ....  8672.021363: do_swap_page: swapin tgid 1335 pid 1579 name "AudioService" vma 7e8572b000
   Binder:1683_7-2209  [004] ....  8672.021394: do_swap_page: swapin tgid 1683 pid 2209 name "Binder:1683_7" vma 7fbe241000
           <...>-17749 [004] ....  8672.021430: do_swap_page: swapin tgid 1783 pid 17749 name "Binder:1783_4" vma 7f28d74000
           <...>-17749 [004] ....  8672.021438: do_swap_page: swapin tgid 1783 pid 17749 name "Binder:1783_4" vma 7f29fdb000
           <...>-17749 [004] ....  8672.021463: do_swap_page: swapin tgid 1783 pid 17749 name "Binder:1783_4" vma 7f29fdc000
           <...>-2877  [004] ....  8672.021494: do_swap_page: swapin tgid 1870 pid 2877 name "Binder:1870_3" vma 7f2d668000
           <...>-2877  [004] ....  8672.021501: do_swap_page: swapin tgid 1870 pid 2877 name "Binder:1870_3" vma 7f2dd90000
           <...>-2877  [004] ....  8672.021505: do_swap_page: swapin tgid 1870 pid 2877 name "Binder:1870_3" vma 7f2dd91000
   Binder:1893_5-2028  [004] ....  8672.021567: do_swap_page: swapin tgid 1893 pid 2028 name "Binder:1893_5" vma 7f2d615000
   Binder:1893_5-2028  [004] ....  8672.021576: do_swap_page: swapin tgid 1893 pid 2028 name "Binder:1893_5" vma 7f2d62d000
           <...>-2422  [004] ....  8672.021641: do_swap_page: swapin tgid 1912 pid 2422 name "Binder:1912_A" vma 7fbe241000
           <...>-2453  [004] ....  8672.021692: do_swap_page: swapin tgid 1968 pid 2453 name "Binder:1968_5" vma 7f28b3b000
           <...>-2453  [004] ....  8672.021721: do_swap_page: swapin tgid 1968 pid 2453 name "Binder:1968_5" vma 7f28de9000
           <...>-2453  [004] ....  8672.021725: do_swap_page: swapin tgid 1968 pid 2453 name "Binder:1968_5" vma 7f28dea000
           <...>-2526  [004] ....  8672.021763: do_swap_page: swapin tgid 2006 pid 2526 name "Binder:2006_5" vma 7ecc8e1000
   Binder:2269_F-20526 [004] ....  8672.021830: do_swap_page: swapin tgid 2269 pid 20526 name "Binder:2269_F" vma 7fbe241000
           <...>-5357  [004] ....  8672.021874: do_swap_page: swapin tgid 2401 pid 5357 name "Binder:2401_9" vma 7fbe241000
   Binder:2433_1-2455  [004] ....  8672.021898: do_swap_page: swapin tgid 2433 pid 2455 name "Binder:2433_1" vma 7f28a4e000
   Binder:2433_1-2455  [004] ....  8672.021927: do_swap_page: swapin tgid 2433 pid 2455 name "Binder:2433_1" vma 7f2e170000
   Binder:2433_1-2455  [004] ....  8672.021931: do_swap_page: swapin tgid 2433 pid 2455 name "Binder:2433_1" vma 7f2e171000
           <...>-2477  [004] ....  8672.021962: do_swap_page: swapin tgid 2457 pid 2477 name "Binder:2457_1" vma 7f2d653000
           <...>-2477  [004] ....  8672.021970: do_swap_page: swapin tgid 2457 pid 2477 name "Binder:2457_1" vma 7f2e170000
           <...>-2477  [004] ....  8672.021973: do_swap_page: swapin tgid 2457 pid 2477 name "Binder:2457_1" vma 7f2e171000
           <...>-1579  [004] ....  8672.021998: do_swap_page: swapin tgid 1335 pid 1579 name "AudioService" vma 7e8572b000
           <...>-1579  [004] ....  8672.022028: do_swap_page: swapin tgid 1335 pid 1579 name "AudioService" vma 7e85728000
   Binder:1683_7-2209  [004] ....  8672.022079: do_swap_page: swapin tgid 1683 pid 2209 name "Binder:1683_7" vma 7fbe241000
   Binder:1683_7-2209  [004] ....  8672.022138: do_swap_page: swapin tgid 1683 pid 2209 name "Binder:1683_7" vma 7f289dd000
           <...>-2208  [004] ....  8672.022195: do_swap_page: swapin tgid 1683 pid 2208 name "ScreenDecoratio" vma 7eb83f3000
           <...>-2208  [004] ....  8672.022204: do_swap_page: swapin tgid 1683 pid 2208 name "ScreenDecoratio" vma 7eb83f4000
           <...>-2208  [004] ....  8672.022208: do_swap_page: swapin tgid 1683 pid 2208 name "ScreenDecoratio" vma 7eba117000
           <...>-2208  [004] ....  8672.022212: do_swap_page: swapin tgid 1683 pid 2208 name "ScreenDecoratio" vma 7f28ebc000
           <...>-2208  [004] ....  8672.022215: do_swap_page: swapin tgid 1683 pid 2208 name "ScreenDecoratio" vma 7eb83f2000
           <...>-2208  [004] ....  8672.022219: do_swap_page: swapin tgid 1683 pid 2208 name "ScreenDecoratio" vma 7eb83f1000
           <...>-2526  [004] ....  8672.022248: do_swap_page: swapin tgid 2006 pid 2526 name "Binder:2006_5" vma 7ecc8e1000
           <...>-2526  [004] ....  8672.022258: do_swap_page: swapin tgid 2006 pid 2526 name "Binder:2006_5" vma 7eca5d7000
           <...>-2526  [004] ....  8672.022288: do_swap_page: swapin tgid 2006 pid 2526 name "Binder:2006_5" vma 7eca5d8000
           <...>-2526  [004] ....  8672.022290: do_swap_page: swapin tgid 2006 pid 2526 name "Binder:2006_5" vma 7ecc8f0000
           <...>-2526  [004] ....  8672.022293: do_swap_page: swapin tgid 2006 pid 2526 name "Binder:2006_5" vma 7eccab0000
           <...>-2526  [004] ....  8672.022314: do_swap_page: swapin tgid 2006 pid 2526 name "Binder:2006_5" vma 7f28bd0000
           <...>-2526  [004] ....  8672.022320: do_swap_page: swapin tgid 2006 pid 2526 name "Binder:2006_5" vma 7fbe241000
           <...>-5357  [004] ....  8672.022344: do_swap_page: swapin tgid 2401 pid 5357 name "Binder:2401_9" vma 7fbe241000
           <...>-5357  [004] ....  8672.022378: do_swap_page: swapin tgid 2401 pid 5357 name "Binder:2401_9" vma 7f2d61e000
           <...>-5357  [004] ....  8672.022392: do_swap_page: swapin tgid 2401 pid 5357 name "Binder:2401_9" vma 12f0d000
           <...>-2477  [004] ....  8672.022430: do_swap_page: swapin tgid 2457 pid 2477 name "Binder:2457_1" vma 7f2e171000
           <...>-2477  [004] ....  8672.022436: do_swap_page: swapin tgid 2457 pid 2477 name "Binder:2457_1" vma 7f2d651000
           <...>-2477  [004] ....  8672.022441: do_swap_page: swapin tgid 2457 pid 2477 name "Binder:2457_1" vma 7fbe180000
           <...>-2477  [004] ....  8672.022445: do_swap_page: swapin tgid 2457 pid 2477 name "Binder:2457_1" vma 7f2d67a000
   Binder:1893_5-2028  [004] ....  8672.022482: do_swap_page: swapin tgid 1893 pid 2028 name "Binder:1893_5" vma 7f2d62d000
   Binder:1893_5-2028  [004] ....  8672.022488: do_swap_page: swapin tgid 1893 pid 2028 name "Binder:1893_5" vma 7f2d6c9000
   Binder:1893_5-2028  [004] ....  8672.022497: do_swap_page: swapin tgid 1893 pid 2028 name "Binder:1893_5" vma 7fbe241000
           <...>-2453  [004] ....  8672.022523: do_swap_page: swapin tgid 1968 pid 2453 name "Binder:1968_5" vma 7f28dea000
           <...>-2453  [004] ....  8672.022532: do_swap_page: swapin tgid 1968 pid 2453 name "Binder:1968_5" vma 7fbe272000
           <...>-2453  [004] ....  8672.022534: do_swap_page: swapin tgid 1968 pid 2453 name "Binder:1968_5" vma 7fbe180000
           <...>-2453  [004] ....  8672.022538: do_swap_page: swapin tgid 1968 pid 2453 name "Binder:1968_5" vma 7fbe1fd000
   Binder:2433_1-2455  [004] ....  8672.022580: do_swap_page: swapin tgid 2433 pid 2455 name "Binder:2433_1" vma 7f2e171000
   Binder:2433_1-2455  [004] ....  8672.022585: do_swap_page: swapin tgid 2433 pid 2455 name "Binder:2433_1" vma 7f289fc000
   Binder:2433_1-2455  [004] ....  8672.022588: do_swap_page: swapin tgid 2433 pid 2455 name "Binder:2433_1" vma 7fbe180000
   Binder:2433_1-2455  [004] ....  8672.022599: do_swap_page: swapin tgid 2433 pid 2455 name "Binder:2433_1" vma 7fbe22b000
   Binder:2433_1-2455  [004] ....  8672.022601: do_swap_page: swapin tgid 2433 pid 2455 name "Binder:2433_1" vma 7f28ac2000
           <...>-17749 [004] ....  8672.022625: do_swap_page: swapin tgid 1783 pid 17749 name "Binder:1783_4" vma 7f29fdc000
           <...>-17749 [004] ....  8672.022633: do_swap_page: swapin tgid 1783 pid 17749 name "Binder:1783_4" vma 7f28af2000
           <...>-17749 [004] ....  8672.022637: do_swap_page: swapin tgid 1783 pid 17749 name "Binder:1783_4" vma 7fbe180000
           <...>-17749 [004] ....  8672.022650: do_swap_page: swapin tgid 1783 pid 17749 name "Binder:1783_4" vma 7fbe23a000
           <...>-17749 [004] ....  8672.022653: do_swap_page: swapin tgid 1783 pid 17749 name "Binder:1783_4" vma 7fbe165000
   Binder:2269_F-20526 [004] ....  8672.022676: do_swap_page: swapin tgid 2269 pid 20526 name "Binder:2269_F" vma 7fbe241000
   Binder:2269_F-20526 [004] ....  8672.022691: do_swap_page: swapin tgid 2269 pid 20526 name "Binder:2269_F" vma 13a28000
           <...>-2877  [004] ....  8672.022717: do_swap_page: swapin tgid 1870 pid 2877 name "Binder:1870_3" vma 7f2dd91000
           <...>-2877  [004] ....  8672.022751: do_swap_page: swapin tgid 1870 pid 2877 name "Binder:1870_3" vma 7f2d667000
           <...>-2877  [004] ....  8672.022755: do_swap_page: swapin tgid 1870 pid 2877 name "Binder:1870_3" vma 7fbe180000
           <...>-2877  [004] ....  8672.022758: do_swap_page: swapin tgid 1870 pid 2877 name "Binder:1870_3" vma 7f2d673000
           <...>-2422  [004] ....  8672.022783: do_swap_page: swapin tgid 1912 pid 2422 name "Binder:1912_A" vma 7fbe241000
           <...>-2422  [004] ....  8672.022798: do_swap_page: swapin tgid 1912 pid 2422 name "Binder:1912_A" vma 145d7000
           <...>-2208  [004] ....  8672.022842: do_swap_page: swapin tgid 1683 pid 2208 name "ScreenDecoratio" vma 7eb83f1000
           <...>-2208  [004] ....  8672.022853: do_swap_page: swapin tgid 1683 pid 2208 name "ScreenDecoratio" vma 7f30a97000
           <...>-2208  [004] ....  8672.022879: do_swap_page: swapin tgid 1683 pid 2208 name "ScreenDecoratio" vma 12d84000
           <...>-2208  [004] ....  8672.022885: do_swap_page: swapin tgid 1683 pid 2208 name "ScreenDecoratio" vma 13d31000
           <...>-2208  [004] ....  8672.022891: do_swap_page: swapin tgid 1683 pid 2208 name "ScreenDecoratio" vma 13d30000
           <...>-2208  [004] ....  8672.022917: do_swap_page: swapin tgid 1683 pid 2208 name "ScreenDecoratio" vma 7eba11f000
           <...>-2208  [004] ....  8672.022920: do_swap_page: swapin tgid 1683 pid 2208 name "ScreenDecoratio" vma 7eba120000
           <...>-2208  [004] ....  8672.022924: do_swap_page: swapin tgid 1683 pid 2208 name "ScreenDecoratio" vma 7fbe23d000
           <...>-2208  [004] ....  8672.022950: do_swap_page: swapin tgid 1683 pid 2208 name "ScreenDecoratio" vma 7f28fd9000
           <...>-2208  [004] ....  8672.022957: do_swap_page: swapin tgid 1683 pid 2208 name "ScreenDecoratio" vma 7f28f1f000
           <...>-2208  [004] ....  8672.022959: do_swap_page: swapin tgid 1683 pid 2208 name "ScreenDecoratio" vma 7f28f20000
           <...>-1579  [004] ....  8672.023124: do_swap_page: swapin tgid 1335 pid 1579 name "AudioService" vma 7e85728000
           <...>-1579  [004] ....  8672.023140: do_swap_page: swapin tgid 1335 pid 1579 name "AudioService" vma 9f2e1000
           <...>-2477  [004] ....  8672.023166: do_swap_page: swapin tgid 2457 pid 2477 name "Binder:2457_1" vma 7f2d67a000
           <...>-2477  [004] ....  8672.023179: do_swap_page: swapin tgid 2457 pid 2477 name "Binder:2457_1" vma 7f2d615000
           <...>-2477  [004] ....  8672.023182: do_swap_page: swapin tgid 2457 pid 2477 name "Binder:2457_1" vma 7f2d61f000
   Binder:1893_5-2028  [004] ....  8672.023209: do_swap_page: swapin tgid 1893 pid 2028 name "Binder:1893_5" vma 7fbe241000
   Binder:1893_5-2028  [004] ....  8672.023222: do_swap_page: swapin tgid 1893 pid 2028 name "Binder:1893_5" vma 13444000
           <...>-2453  [004] ....  8672.023247: do_swap_page: swapin tgid 1968 pid 2453 name "Binder:1968_5" vma 7fbe1fd000
           <...>-2453  [004] ....  8672.023260: do_swap_page: swapin tgid 1968 pid 2453 name "Binder:1968_5" vma 7fbe22c000
           <...>-2453  [004] ....  8672.023263: do_swap_page: swapin tgid 1968 pid 2453 name "Binder:1968_5" vma 7f28ac2000
   Binder:2269_F-20526 [004] ....  8672.023285: do_swap_page: swapin tgid 2269 pid 20526 name "Binder:2269_F" vma 13a28000
   Binder:2269_F-20526 [004] ....  8672.023342: do_swap_page: swapin tgid 2269 pid 20526 name "Binder:2269_F" vma 7e8da1f000
   Binder:2433_1-2455  [004] ....  8672.023373: do_swap_page: swapin tgid 2433 pid 2455 name "Binder:2433_1" vma 7f28ac2000
   Binder:2433_1-2455  [004] ....  8672.023379: do_swap_page: swapin tgid 2433 pid 2455 name "Binder:2433_1" vma 7f28d7c000
   Binder:2433_1-2455  [004] ....  8672.023385: do_swap_page: swapin tgid 2433 pid 2455 name "Binder:2433_1" vma 7fb9e3f000
           <...>-2526  [004] ....  8672.023443: do_swap_page: swapin tgid 2006 pid 2526 name "Binder:2006_5" vma 7fbe241000
           <...>-2526  [004] ....  8672.023454: do_swap_page: swapin tgid 2006 pid 2526 name "Binder:2006_5" vma 7ecc9c3000
           <...>-2526  [004] ....  8672.023458: do_swap_page: swapin tgid 2006 pid 2526 name "Binder:2006_5" vma 7fbbd3a000
           <...>-2526  [004] ....  8672.023460: do_swap_page: swapin tgid 2006 pid 2526 name "Binder:2006_5" vma 7f28b1a000
           <...>-2526  [004] ....  8672.023464: do_swap_page: swapin tgid 2006 pid 2526 name "Binder:2006_5" vma 7ecc9c4000
           <...>-2526  [004] ....  8672.023469: do_swap_page: swapin tgid 2006 pid 2526 name "Binder:2006_5" vma 13ce8000
           <...>-2422  [004] ....  8672.023497: do_swap_page: swapin tgid 1912 pid 2422 name "Binder:1912_A" vma 145d7000
           <...>-2422  [004] ....  8672.023546: do_swap_page: swapin tgid 1912 pid 2422 name "Binder:1912_A" vma 7f2d705000
           <...>-2422  [004] ....  8672.023553: do_swap_page: swapin tgid 1912 pid 2422 name "Binder:1912_A" vma 7eb7aed000
           <...>-2422  [004] ....  8672.023560: do_swap_page: swapin tgid 1912 pid 2422 name "Binder:1912_A" vma 1469b000
           <...>-1912  [004] ....  8672.023641: do_swap_page: swapin tgid 1912 pid 1912 name "m.android.phone" vma 145e4000
           <...>-1912  [004] ....  8672.023650: do_swap_page: swapin tgid 1912 pid 1912 name "m.android.phone" vma 145ca000
           <...>-1912  [004] ....  8672.023669: do_swap_page: swapin tgid 1912 pid 1912 name "m.android.phone" vma 132b2000
           <...>-1912  [004] ....  8672.023673: do_swap_page: swapin tgid 1912 pid 1912 name "m.android.phone" vma 7f34f07000
           <...>-1912  [004] ....  8672.023679: do_swap_page: swapin tgid 1912 pid 1912 name "m.android.phone" vma 7f28b2c000
           <...>-1912  [004] ....  8672.023683: do_swap_page: swapin tgid 1912 pid 1912 name "m.android.phone" vma 7f2d145000
           <...>-2877  [004] ....  8672.023714: do_swap_page: swapin tgid 1870 pid 2877 name "Binder:1870_3" vma 7f2d673000
           <...>-2877  [004] ....  8672.023731: do_swap_page: swapin tgid 1870 pid 2877 name "Binder:1870_3" vma 7f2d615000
           <...>-2877  [004] ....  8672.023734: do_swap_page: swapin tgid 1870 pid 2877 name "Binder:1870_3" vma 7f2d62d000
           <...>-17749 [004] ....  8672.023764: do_swap_page: swapin tgid 1783 pid 17749 name "Binder:1783_4" vma 7fbe165000
           <...>-17749 [004] ....  8672.023770: do_swap_page: swapin tgid 1783 pid 17749 name "Binder:1783_4" vma 7f28b0a000
           <...>-17749 [004] ....  8672.023775: do_swap_page: swapin tgid 1783 pid 17749 name "Binder:1783_4" vma 7fb9e3f000
           <...>-1579  [004] ....  8672.023807: do_swap_page: swapin tgid 1335 pid 1579 name "AudioService" vma 9f2e1000
           <...>-1579  [004] ....  8672.023824: do_swap_page: swapin tgid 1335 pid 1579 name "AudioService" vma 7e85729000
           <...>-1579  [004] ....  8672.023834: do_swap_page: swapin tgid 1335 pid 1579 name "AudioService" vma 9f30e000
           <...>-1912  [004] ....  8672.023878: do_swap_page: swapin tgid 1912 pid 1912 name "m.android.phone" vma 7f2d145000
           <...>-1912  [004] ....  8672.023888: do_swap_page: swapin tgid 1912 pid 1912 name "m.android.phone" vma 7f28a00000
           <...>-1912  [004] ....  8672.023893: do_swap_page: swapin tgid 1912 pid 1912 name "m.android.phone" vma 14687000
   Binder:1893_5-2028  [004] ....  8672.023932: do_swap_page: swapin tgid 1893 pid 2028 name "Binder:1893_5" vma 13444000
   Binder:1893_5-2028  [004] ....  8672.023945: do_swap_page: swapin tgid 1893 pid 2028 name "Binder:1893_5" vma 7f2db8c000
           <...>-2453  [004] ....  8672.023996: do_swap_page: swapin tgid 1968 pid 2453 name "Binder:1968_5" vma 7f28ac2000
           <...>-2453  [004] ....  8672.024002: do_swap_page: swapin tgid 1968 pid 2453 name "Binder:1968_5" vma 7f28aca000
           <...>-2453  [004] ....  8672.024007: do_swap_page: swapin tgid 1968 pid 2453 name "Binder:1968_5" vma 7fb9e3f000
           <...>-2477  [004] ....  8672.024035: do_swap_page: swapin tgid 2457 pid 2477 name "Binder:2457_1" vma 7f2d61f000
           <...>-2477  [004] ....  8672.024059: do_swap_page: swapin tgid 2457 pid 2477 name "Binder:2457_1" vma 7f2d6a2000
           <...>-2477  [004] ....  8672.024064: do_swap_page: swapin tgid 2457 pid 2477 name "Binder:2457_1" vma 7fb9e3f000
           <...>-1912  [004] ....  8672.024100: do_swap_page: swapin tgid 1912 pid 1912 name "m.android.phone" vma 14687000
           <...>-1912  [004] ....  8672.024110: do_swap_page: swapin tgid 1912 pid 1912 name "m.android.phone" vma 7f2d669000
           <...>-17749 [004] ....  8672.024133: do_swap_page: swapin tgid 1783 pid 17749 name "Binder:1783_4" vma 7fb9e3f000
           <...>-17749 [004] ....  8672.024139: do_swap_page: swapin tgid 1783 pid 17749 name "Binder:1783_4" vma 7fbe2f1000
           <...>-17749 [004] ....  8672.024142: do_swap_page: swapin tgid 1783 pid 17749 name "Binder:1783_4" vma 7fbe241000
           <...>-2877  [004] ....  8672.024188: do_swap_page: swapin tgid 1870 pid 2877 name "Binder:1870_3" vma 7f2d62d000
           <...>-2877  [004] ....  8672.024193: do_swap_page: swapin tgid 1870 pid 2877 name "Binder:1870_3" vma 7f2d6a2000
           <...>-2877  [004] ....  8672.024199: do_swap_page: swapin tgid 1870 pid 2877 name "Binder:1870_3" vma 7fb9e3f000
   Binder:2433_1-2455  [004] ....  8672.024255: do_swap_page: swapin tgid 2433 pid 2455 name "Binder:2433_1" vma 7fb9e3f000
   Binder:2433_1-2455  [004] ....  8672.024263: do_swap_page: swapin tgid 2433 pid 2455 name "Binder:2433_1" vma 7fbe2f3000
   Binder:2433_1-2455  [004] ....  8672.024267: do_swap_page: swapin tgid 2433 pid 2455 name "Binder:2433_1" vma 7fbe241000
           <...>-2526  [004] ....  8672.024293: do_swap_page: swapin tgid 2006 pid 2526 name "Binder:2006_5" vma 13ce8000
           <...>-2526  [004] ....  8672.024304: do_swap_page: swapin tgid 2006 pid 2526 name "Binder:2006_5" vma 7eca5d5000
           <...>-2526  [004] ....  8672.024307: do_swap_page: swapin tgid 2006 pid 2526 name "Binder:2006_5" vma 13cc1000
   Binder:1893_5-2028  [004] ....  8672.024331: do_swap_page: swapin tgid 1893 pid 2028 name "Binder:1893_5" vma 7f2db8c000
   Binder:1893_5-2028  [004] ....  8672.024340: do_swap_page: swapin tgid 1893 pid 2028 name "Binder:1893_5" vma 1344b000
   Binder:1893_5-2028  [004] ....  8672.024351: do_swap_page: swapin tgid 1893 pid 2028 name "Binder:1893_5" vma 7f312ce000
   Binder:1893_5-2028  [004] ....  8672.024354: do_swap_page: swapin tgid 1893 pid 2028 name "Binder:1893_5" vma 7f2db8d000
   Binder:1893_5-2028  [004] ....  8672.024356: do_swap_page: swapin tgid 1893 pid 2028 name "Binder:1893_5" vma 12dcc000
   Binder:1893_5-2028  [004] ....  8672.024359: do_swap_page: swapin tgid 1893 pid 2028 name "Binder:1893_5" vma 13443000
   Binder:1893_5-2028  [004] ....  8672.024367: do_swap_page: swapin tgid 1893 pid 2028 name "Binder:1893_5" vma 7f2d674000
   Binder:1893_5-2028  [004] ....  8672.024370: do_swap_page: swapin tgid 1893 pid 2028 name "Binder:1893_5" vma 7f2d61e000
   Binder:1893_5-2028  [004] ....  8672.024376: do_swap_page: swapin tgid 1893 pid 2028 name "Binder:1893_5" vma 1344a000
   Binder:1893_5-2028  [004] ....  8672.024381: do_swap_page: swapin tgid 1893 pid 2028 name "Binder:1893_5" vma 7f3507f000
   Binder:1893_5-2028  [004] ....  8672.024384: do_swap_page: swapin tgid 1893 pid 2028 name "Binder:1893_5" vma 72f96000
           <...>-2208  [004] ....  8672.024470: do_swap_page: swapin tgid 1683 pid 2208 name "ScreenDecoratio" vma 132f4000
           <...>-2208  [004] ....  8672.024526: do_swap_page: swapin tgid 1683 pid 2208 name "ScreenDecoratio" vma 13d36000
           <...>-2208  [004] ....  8672.024530: do_swap_page: swapin tgid 1683 pid 2208 name "ScreenDecoratio" vma 13d35000
           <...>-1579  [004] ....  8672.024631: do_swap_page: swapin tgid 1335 pid 1579 name "AudioService" vma 9f30e000
           <...>-1579  [004] ....  8672.024637: do_swap_page: swapin tgid 1335 pid 1579 name "AudioService" vma 9f2ff000
           <...>-2453  [004] ....  8672.024661: do_swap_page: swapin tgid 1968 pid 2453 name "Binder:1968_5" vma 7fb9e3f000
           <...>-2453  [004] ....  8672.024668: do_swap_page: swapin tgid 1968 pid 2453 name "Binder:1968_5" vma 7fbe2f1000
           <...>-2453  [004] ....  8672.024671: do_swap_page: swapin tgid 1968 pid 2453 name "Binder:1968_5" vma 7fbe241000
           <...>-2477  [004] ....  8672.024698: do_swap_page: swapin tgid 2457 pid 2477 name "Binder:2457_1" vma 7fb9e3f000
           <...>-2477  [004] ....  8672.024704: do_swap_page: swapin tgid 2457 pid 2477 name "Binder:2457_1" vma 7fbe2f3000
           <...>-2477  [004] ....  8672.024708: do_swap_page: swapin tgid 2457 pid 2477 name "Binder:2457_1" vma 7fbe241000
           <...>-1912  [004] ....  8672.024754: do_swap_page: swapin tgid 1912 pid 1912 name "m.android.phone" vma 7f2d669000
           <...>-1912  [004] ....  8672.024761: do_swap_page: swapin tgid 1912 pid 1912 name "m.android.phone" vma 7f28b4c000
           <...>-1912  [004] ....  8672.024799: do_swap_page: swapin tgid 1912 pid 1912 name "m.android.phone" vma 7f289bb000
           <...>-17749 [004] ....  8672.024860: do_swap_page: swapin tgid 1783 pid 17749 name "Binder:1783_4" vma 7fbe241000
           <...>-17749 [004] ....  8672.024868: do_swap_page: swapin tgid 1783 pid 17749 name "Binder:1783_4" vma 7fbe1e9000
           <...>-2877  [004] ....  8672.024893: do_swap_page: swapin tgid 1870 pid 2877 name "Binder:1870_3" vma 7fb9e3f000
           <...>-2877  [004] ....  8672.024899: do_swap_page: swapin tgid 1870 pid 2877 name "Binder:1870_3" vma 7fbe2f1000
           <...>-2877  [004] ....  8672.024903: do_swap_page: swapin tgid 1870 pid 2877 name "Binder:1870_3" vma 7fbe241000
           <...>-2526  [004] ....  8672.024929: do_swap_page: swapin tgid 2006 pid 2526 name "Binder:2006_5" vma 13cc1000
           <...>-2526  [004] ....  8672.024936: do_swap_page: swapin tgid 2006 pid 2526 name "Binder:2006_5" vma 12ecd000
           <...>-2526  [004] ....  8672.024940: do_swap_page: swapin tgid 2006 pid 2526 name "Binder:2006_5" vma 132bd000
           <...>-2526  [004] ....  8672.024952: do_swap_page: swapin tgid 2006 pid 2526 name "Binder:2006_5" vma 7eca5d6000
           <...>-2526  [004] ....  8672.024975: do_swap_page: swapin tgid 2006 pid 2526 name "Binder:2006_5" vma 7fbe29c000
           <...>-2526  [004] ....  8672.025019: do_swap_page: swapin tgid 2006 pid 2526 name "Binder:2006_5" vma 7fbde97000
           <...>-2526  [004] ....  8672.025026: do_swap_page: swapin tgid 2006 pid 2526 name "Binder:2006_5" vma 13cd8000
           <...>-2526  [004] ....  8672.025036: do_swap_page: swapin tgid 2006 pid 2526 name "Binder:2006_5" vma 7ecc9b2000
           <...>-2526  [004] ....  8672.025039: do_swap_page: swapin tgid 2006 pid 2526 name "Binder:2006_5" vma 7ecc9c9000
           <...>-2526  [004] ....  8672.025042: do_swap_page: swapin tgid 2006 pid 2526 name "Binder:2006_5" vma 7eccb74000
           <...>-2526  [004] ....  8672.025045: do_swap_page: swapin tgid 2006 pid 2526 name "Binder:2006_5" vma 7ecc8f3000
           <...>-2526  [004] ....  8672.025051: do_swap_page: swapin tgid 2006 pid 2526 name "Binder:2006_5" vma 13cc9000
           <...>-2526  [004] ....  8672.025054: do_swap_page: swapin tgid 2006 pid 2526 name "Binder:2006_5" vma 7fbe254000
           <...>-2526  [004] ....  8672.025061: do_swap_page: swapin tgid 2006 pid 2526 name "Binder:2006_5" vma 132be000
           <...>-2526  [004] ....  8672.025066: do_swap_page: swapin tgid 2006 pid 2526 name "Binder:2006_5" vma 7fbe25d000
           <...>-2526  [004] ....  8672.025072: do_swap_page: swapin tgid 2006 pid 2526 name "Binder:2006_5" vma 7f28a04000
           <...>-2526  [004] ....  8672.025089: do_swap_page: swapin tgid 2006 pid 2526 name "Binder:2006_5" vma 72f96000
           <...>-2057  [004] ....  8672.025108: do_swap_page: swapin tgid 2006 pid 2057 name "UiThreadHelper" vma 7ecfef5000
           <...>-2057  [004] ....  8672.025115: do_swap_page: swapin tgid 2006 pid 2057 name "UiThreadHelper" vma 7ecfef6000
   system_server-1335  [004] ....  8672.025179: do_swap_page: swapin tgid 1335 pid 1335 name "system_server" vma 9f29d000
   Binder:2433_1-2455  [004] ....  8672.025227: do_swap_page: swapin tgid 2433 pid 2455 name "Binder:2433_1" vma 7fbe241000
   Binder:2433_1-2455  [004] ....  8672.025235: do_swap_page: swapin tgid 2433 pid 2455 name "Binder:2433_1" vma 7fbe1e9000
           <...>-1579  [004] ....  8672.025261: do_swap_page: swapin tgid 1335 pid 1579 name "AudioService" vma 9f2ff000
           <...>-1579  [004] ....  8672.025273: do_swap_page: swapin tgid 1335 pid 1579 name "AudioService" vma 7eb4238000
           <...>-2453  [004] ....  8672.025354: do_swap_page: swapin tgid 1968 pid 2453 name "Binder:1968_5" vma 7fbe241000
           <...>-2453  [004] ....  8672.025361: do_swap_page: swapin tgid 1968 pid 2453 name "Binder:1968_5" vma 7fbe1e9000
           <...>-2057  [004] ....  8672.025383: do_swap_page: swapin tgid 2006 pid 2057 name "UiThreadHelper" vma 7ecfef6000
           <...>-2057  [004] ....  8672.025391: do_swap_page: swapin tgid 2006 pid 2057 name "UiThreadHelper" vma 7f28bbb000
           <...>-2057  [004] ....  8672.025411: do_swap_page: swapin tgid 2006 pid 2057 name "UiThreadHelper" vma 7f28b19000
           <...>-2057  [004] ....  8672.025423: do_swap_page: swapin tgid 2006 pid 2057 name "UiThreadHelper" vma 7ecfef4000
           <...>-2057  [004] ....  8672.025432: do_swap_page: swapin tgid 2006 pid 2057 name "UiThreadHelper" vma 7f3126e000
           <...>-2057  [004] ....  8672.025437: do_swap_page: swapin tgid 2006 pid 2057 name "UiThreadHelper" vma 12cc8000
           <...>-2057  [004] ....  8672.025443: do_swap_page: swapin tgid 2006 pid 2057 name "UiThreadHelper" vma 9f0bd000
           <...>-2477  [004] ....  8672.025481: do_swap_page: swapin tgid 2457 pid 2477 name "Binder:2457_1" vma 7fbe241000
           <...>-2477  [004] ....  8672.025488: do_swap_page: swapin tgid 2457 pid 2477 name "Binder:2457_1" vma 7fbe1e9000
           <...>-17749 [004] ....  8672.025515: do_swap_page: swapin tgid 1783 pid 17749 name "Binder:1783_4" vma 7fbe1e9000
           <...>-17749 [004] ....  8672.025523: do_swap_page: swapin tgid 1783 pid 17749 name "Binder:1783_4" vma 7f393d2000
           <...>-2877  [004] ....  8672.025546: do_swap_page: swapin tgid 1870 pid 2877 name "Binder:1870_3" vma 7fbe241000
           <...>-2877  [004] ....  8672.025554: do_swap_page: swapin tgid 1870 pid 2877 name "Binder:1870_3" vma 7fbe1e9000
           <...>-2057  [004] ....  8672.025591: do_swap_page: swapin tgid 2006 pid 2057 name "UiThreadHelper" vma 9f0bd000
           <...>-2057  [004] ....  8672.025597: do_swap_page: swapin tgid 2006 pid 2057 name "UiThreadHelper" vma 9f099000
           <...>-2057  [004] ....  8672.025600: do_swap_page: swapin tgid 2006 pid 2057 name "UiThreadHelper" vma 9f078000
           <...>-2057  [004] ....  8672.025604: do_swap_page: swapin tgid 2006 pid 2057 name "UiThreadHelper" vma 13cc4000
           <...>-2057  [004] ....  8672.025614: do_swap_page: swapin tgid 2006 pid 2057 name "UiThreadHelper" vma 13dbd000
   Binder:2433_1-2455  [004] ....  8672.025662: do_swap_page: swapin tgid 2433 pid 2455 name "Binder:2433_1" vma 7fbe1e9000
   Binder:2433_1-2455  [004] ....  8672.025671: do_swap_page: swapin tgid 2433 pid 2455 name "Binder:2433_1" vma 7f393d2000
           <...>-1912  [004] ....  8672.025751: do_swap_page: swapin tgid 1912 pid 1912 name "m.android.phone" vma 7fbe1d0000
           <...>-1912  [004] ....  8672.025760: do_swap_page: swapin tgid 1912 pid 1912 name "m.android.phone" vma 7fbe226000
           <...>-1912  [004] ....  8672.025796: do_swap_page: swapin tgid 1912 pid 1912 name "m.android.phone" vma 72d61000
           <...>-2057  [004] ....  8672.025844: do_swap_page: swapin tgid 2006 pid 2057 name "UiThreadHelper" vma 13dbd000
           <...>-2057  [004] ....  8672.025860: do_swap_page: swapin tgid 2006 pid 2057 name "UiThreadHelper" vma 12cc5000
           <...>-2057  [004] ....  8672.025866: do_swap_page: swapin tgid 2006 pid 2057 name "UiThreadHelper" vma 7f28ba9000
           <...>-2057  [004] ....  8672.025868: do_swap_page: swapin tgid 2006 pid 2057 name "UiThreadHelper" vma 7f28bc9000
           <...>-2057  [004] ....  8672.025872: do_swap_page: swapin tgid 2006 pid 2057 name "UiThreadHelper" vma 7ec9964000
           <...>-2057  [004] ....  8672.025875: do_swap_page: swapin tgid 2006 pid 2057 name "UiThreadHelper" vma 7f28b2c000
           <...>-2057  [004] ....  8672.025878: do_swap_page: swapin tgid 2006 pid 2057 name "UiThreadHelper" vma 7fbe2fb000
           <...>-2057  [004] ....  8672.025879: do_swap_page: swapin tgid 2006 pid 2057 name "UiThreadHelper" vma 7f289bc000
