           <...>-2185  [004] ....  4465.020648: do_swap_page: swapin tgid 1683 pid 2185 name "Binder:1683_6" vma 7ecaad7000
 android.display-1358  [004] ....  4465.020684: do_swap_page: swapin tgid 1335 pid 1358 name "android.display" vma 139b0000
 android.display-1358  [004] ....  4465.020709: do_swap_page: swapin tgid 1335 pid 1358 name "android.display" vma 9f25d000
    android.anim-1359  [004] ....  4465.020749: do_swap_page: swapin tgid 1335 pid 1359 name "android.anim" vma 7eb4d77000
    android.anim-1359  [004] ....  4465.020755: do_swap_page: swapin tgid 1335 pid 1359 name "android.anim" vma 7ed0da3000
    android.anim-1359  [004] ....  4465.020757: do_swap_page: swapin tgid 1335 pid 1359 name "android.anim" vma 7eb4d78000
    android.anim-1359  [004] ....  4465.020787: do_swap_page: swapin tgid 1335 pid 1359 name "android.anim" vma 7eb4fc2000
    android.anim-1359  [004] ....  4465.020789: do_swap_page: swapin tgid 1335 pid 1359 name "android.anim" vma 7eb4fc3000
    android.anim-1359  [004] ....  4465.020796: do_swap_page: swapin tgid 1335 pid 1359 name "android.anim" vma 7ed0d44000
    android.anim-1359  [004] ....  4465.020825: do_swap_page: swapin tgid 1335 pid 1359 name "android.anim" vma 7e66de4000
    android.anim-1359  [004] ....  4465.020829: do_swap_page: swapin tgid 1335 pid 1359 name "android.anim" vma 7e66de5000
           <...>-2185  [004] ....  4465.020897: do_swap_page: swapin tgid 1683 pid 2185 name "Binder:1683_6" vma 7ecaad7000
           <...>-2185  [004] ....  4465.020906: do_swap_page: swapin tgid 1683 pid 2185 name "Binder:1683_6" vma 13397000
           <...>-2185  [004] ....  4465.020911: do_swap_page: swapin tgid 1683 pid 2185 name "Binder:1683_6" vma 7f311fe000
           <...>-2185  [004] ....  4465.020916: do_swap_page: swapin tgid 1683 pid 2185 name "Binder:1683_6" vma 7ecaad8000
           <...>-2185  [004] ....  4465.020917: do_swap_page: swapin tgid 1683 pid 2185 name "Binder:1683_6" vma 12d40000
           <...>-2185  [004] ....  4465.020929: do_swap_page: swapin tgid 1683 pid 2185 name "Binder:1683_6" vma 7f28df6000
           <...>-2185  [004] ....  4465.020931: do_swap_page: swapin tgid 1683 pid 2185 name "Binder:1683_6" vma 7f28df7000
           <...>-2185  [004] ....  4465.020934: do_swap_page: swapin tgid 1683 pid 2185 name "Binder:1683_6" vma 7f28b2f000
           <...>-645   [004] ....  4465.020969: do_swap_page: swapin tgid 599 pid 645 name "Binder:599_2" vma 7faa659000
           <...>-645   [004] ....  4465.020991: do_swap_page: swapin tgid 599 pid 645 name "Binder:599_2" vma 7fb7939000
           <...>-645   [004] ....  4465.020997: do_swap_page: swapin tgid 599 pid 645 name "Binder:599_2" vma 7faa5ee000
           <...>-645   [004] ....  4465.021002: do_swap_page: swapin tgid 599 pid 645 name "Binder:599_2" vma 7fbe174000
           <...>-645   [004] ....  4465.021009: do_swap_page: swapin tgid 599 pid 645 name "Binder:599_2" vma 7faa5f0000
           <...>-645   [004] ....  4465.021013: do_swap_page: swapin tgid 599 pid 645 name "Binder:599_2" vma 7faa6fc000
           <...>-645   [004] ....  4465.021018: do_swap_page: swapin tgid 599 pid 645 name "Binder:599_2" vma 7fb752d000
           <...>-645   [004] ....  4465.021021: do_swap_page: swapin tgid 599 pid 645 name "Binder:599_2" vma 7faa65a000
           <...>-645   [004] ....  4465.021055: do_swap_page: swapin tgid 599 pid 645 name "Binder:599_2" vma 7fbe173000
    android.anim-1359  [004] ....  4465.021139: do_swap_page: swapin tgid 1335 pid 1359 name "android.anim" vma 7f3983d000
 android.display-1358  [004] ....  4465.021324: do_swap_page: swapin tgid 1335 pid 1358 name "android.display" vma 9f25d000
 ndroid.systemui-1683  [004] ....  4465.021356: do_swap_page: swapin tgid 1683 pid 1683 name "ndroid.systemui" vma 9f08e000
 ndroid.systemui-1683  [004] ....  4465.021363: do_swap_page: swapin tgid 1683 pid 1683 name "ndroid.systemui" vma 9f18f000
 droid.launcher3-2006  [004] ....  4465.021484: do_swap_page: swapin tgid 2006 pid 2006 name "droid.launcher3" vma 7ecc97c000
 droid.launcher3-2006  [004] ....  4465.021599: do_swap_page: swapin tgid 2006 pid 2006 name "droid.launcher3" vma 9ef95000
 droid.launcher3-2006  [004] ....  4465.021604: do_swap_page: swapin tgid 2006 pid 2006 name "droid.launcher3" vma 9f08c000
 ScreenDecoratio-2208  [004] ....  4465.021638: do_swap_page: swapin tgid 1683 pid 2208 name "ScreenDecoratio" vma 7f28b12000
 ScreenDecoratio-2208  [004] ....  4465.021681: do_swap_page: swapin tgid 1683 pid 2208 name "ScreenDecoratio" vma 7f28dbd000
 ScreenDecoratio-2208  [004] ....  4465.021691: do_swap_page: swapin tgid 1683 pid 2208 name "ScreenDecoratio" vma 7f28dfa000
 ScreenDecoratio-2208  [004] ....  4465.021705: do_swap_page: swapin tgid 1683 pid 2208 name "ScreenDecoratio" vma 9efaf000
           <...>-15187 [004] ....  4465.021753: do_swap_page: swapin tgid 11286 pid 15187 name "Binder:11286_4" vma 7fbe20a000
           <...>-15187 [004] ....  4465.021763: do_swap_page: swapin tgid 11286 pid 15187 name "Binder:11286_4" vma 7fbc5dd000
           <...>-15187 [004] ....  4465.021767: do_swap_page: swapin tgid 11286 pid 15187 name "Binder:11286_4" vma 7fbe316000
           <...>-15187 [004] ....  4465.021772: do_swap_page: swapin tgid 11286 pid 15187 name "Binder:11286_4" vma 7ecbafb000
           <...>-15187 [004] ....  4465.021798: do_swap_page: swapin tgid 11286 pid 15187 name "Binder:11286_4" vma 7f2d65d000
           <...>-15187 [004] ....  4465.021804: do_swap_page: swapin tgid 11286 pid 15187 name "Binder:11286_4" vma 7f2d615000
           <...>-15187 [004] ....  4465.021807: do_swap_page: swapin tgid 11286 pid 15187 name "Binder:11286_4" vma 7f2d16b000
           <...>-15187 [004] ....  4465.021811: do_swap_page: swapin tgid 11286 pid 15187 name "Binder:11286_4" vma 7f39800000
 droid.launcher3-2006  [004] ....  4465.021827: do_swap_page: swapin tgid 2006 pid 2006 name "droid.launcher3" vma 9f08c000
 droid.launcher3-2006  [004] ....  4465.021832: do_swap_page: swapin tgid 2006 pid 2006 name "droid.launcher3" vma 9f08d000
 ndroid.systemui-1683  [004] ....  4465.021856: do_swap_page: swapin tgid 1683 pid 1683 name "ndroid.systemui" vma 9f18f000
 ndroid.systemui-1683  [004] ....  4465.021863: do_swap_page: swapin tgid 1683 pid 1683 name "ndroid.systemui" vma 9f08d000
     logd.writer-570   [004] ....  4465.021905: do_swap_page: swapin tgid 556 pid 570 name "logd.writer" vma 7fbbef1000
     logd.writer-570   [004] ....  4465.021923: do_swap_page: swapin tgid 556 pid 570 name "logd.writer" vma 7fb2697000
     logd.writer-570   [004] ....  4465.021929: do_swap_page: swapin tgid 556 pid 570 name "logd.writer" vma 7fbc00b000
     logd.writer-570   [004] ....  4465.021937: do_swap_page: swapin tgid 556 pid 570 name "logd.writer" vma 7fb26fb000
 ScreenDecoratio-2208  [004] ....  4465.021970: do_swap_page: swapin tgid 1683 pid 2208 name "ScreenDecoratio" vma 9efaf000
 droid.launcher3-2006  [004] ....  4465.022009: do_swap_page: swapin tgid 2006 pid 2006 name "droid.launcher3" vma 9f08d000
 droid.launcher3-2006  [004] ....  4465.022021: do_swap_page: swapin tgid 2006 pid 2006 name "droid.launcher3" vma 7fbe1a4000
 droid.launcher3-2006  [004] ....  4465.022028: do_swap_page: swapin tgid 2006 pid 2006 name "droid.launcher3" vma 7fbe1f5000
 ScreenDecoratio-2208  [004] ....  4465.022074: do_swap_page: swapin tgid 1683 pid 2208 name "ScreenDecoratio" vma 9efb0000
 ScreenDecoratio-2208  [004] ....  4465.022081: do_swap_page: swapin tgid 1683 pid 2208 name "ScreenDecoratio" vma 13d34000
 ScreenDecoratio-2208  [004] ....  4465.022084: do_swap_page: swapin tgid 1683 pid 2208 name "ScreenDecoratio" vma 9f000000
 ScreenDecoratio-2208  [004] ....  4465.022100: do_swap_page: swapin tgid 1683 pid 2208 name "ScreenDecoratio" vma 7eba108000
 droid.launcher3-2006  [004] ....  4465.022161: do_swap_page: swapin tgid 2006 pid 2006 name "droid.launcher3" vma 7fbe1f5000
 droid.launcher3-2006  [004] ....  4465.022179: do_swap_page: swapin tgid 2006 pid 2006 name "droid.launcher3" vma 9f086000
 droid.launcher3-2006  [004] ....  4465.022181: do_swap_page: swapin tgid 2006 pid 2006 name "droid.launcher3" vma 9f016000
 droid.launcher3-2006  [004] ....  4465.022186: do_swap_page: swapin tgid 2006 pid 2006 name "droid.launcher3" vma 9f009000
 droid.launcher3-2006  [004] ....  4465.022188: do_swap_page: swapin tgid 2006 pid 2006 name "droid.launcher3" vma 9f05f000
           <...>-11416 [004] ....  4465.022267: do_swap_page: swapin tgid 1335 pid 11416 name "Binder:1335_1A" vma 7e635bb000
           <...>-11416 [004] ....  4465.022281: do_swap_page: swapin tgid 1335 pid 11416 name "Binder:1335_1A" vma 9efa1000
           <...>-11416 [004] ....  4465.022285: do_swap_page: swapin tgid 1335 pid 11416 name "Binder:1335_1A" vma 9f221000
 droid.launcher3-2006  [004] ....  4465.022339: do_swap_page: swapin tgid 2006 pid 2006 name "droid.launcher3" vma 9f05f000
 droid.launcher3-2006  [004] ....  4465.022344: do_swap_page: swapin tgid 2006 pid 2006 name "droid.launcher3" vma 132a0000
 droid.launcher3-2006  [004] ....  4465.022349: do_swap_page: swapin tgid 2006 pid 2006 name "droid.launcher3" vma 9efb4000
 droid.launcher3-2006  [004] ....  4465.022356: do_swap_page: swapin tgid 2006 pid 2006 name "droid.launcher3" vma 9f057000
 ndroid.systemui-1683  [004] ....  4465.022384: do_swap_page: swapin tgid 1683 pid 1683 name "ndroid.systemui" vma 9f08d000
 ndroid.systemui-1683  [004] ....  4465.022389: do_swap_page: swapin tgid 1683 pid 1683 name "ndroid.systemui" vma 9f251000
           <...>-11417 [004] ....  4465.022504: do_swap_page: swapin tgid 11382 pid 11417 name "Binder:11382_3" vma f7a18000
           <...>-11417 [004] ....  4465.022514: do_swap_page: swapin tgid 11382 pid 11417 name "Binder:11382_3" vma f7a87000
           <...>-11416 [004] ....  4465.022550: do_swap_page: swapin tgid 1335 pid 11416 name "Binder:1335_1A" vma 9f221000
           <...>-11416 [004] ....  4465.022577: do_swap_page: swapin tgid 1335 pid 11416 name "Binder:1335_1A" vma 13dbe000
           <...>-11416 [004] ....  4465.022597: do_swap_page: swapin tgid 1335 pid 11416 name "Binder:1335_1A" vma 7e858f6000
           <...>-11416 [004] ....  4465.022661: do_swap_page: swapin tgid 1335 pid 11416 name "Binder:1335_1A" vma 7f21000000
 droid.launcher3-2006  [004] ....  4465.022693: do_swap_page: swapin tgid 2006 pid 2006 name "droid.launcher3" vma 9f057000
 droid.launcher3-2006  [004] ....  4465.022698: do_swap_page: swapin tgid 2006 pid 2006 name "droid.launcher3" vma 9f014000
 droid.launcher3-2006  [004] ....  4465.022700: do_swap_page: swapin tgid 2006 pid 2006 name "droid.launcher3" vma 9f001000
 droid.launcher3-2006  [004] ....  4465.022703: do_swap_page: swapin tgid 2006 pid 2006 name "droid.launcher3" vma 9f012000
 droid.launcher3-2006  [004] ....  4465.022705: do_swap_page: swapin tgid 2006 pid 2006 name "droid.launcher3" vma 9f069000
 droid.launcher3-2006  [004] ....  4465.022707: do_swap_page: swapin tgid 2006 pid 2006 name "droid.launcher3" vma 9f028000
 droid.launcher3-2006  [004] ....  4465.022708: do_swap_page: swapin tgid 2006 pid 2006 name "droid.launcher3" vma 9f01e000
 droid.launcher3-2006  [004] ....  4465.022713: do_swap_page: swapin tgid 2006 pid 2006 name "droid.launcher3" vma 72d61000
 droid.launcher3-2006  [004] ....  4465.022718: do_swap_page: swapin tgid 2006 pid 2006 name "droid.launcher3" vma 9f02d000
 ndroid.systemui-1683  [004] ....  4465.022760: do_swap_page: swapin tgid 1683 pid 1683 name "ndroid.systemui" vma 9f251000
 ndroid.systemui-1683  [004] ....  4465.022770: do_swap_page: swapin tgid 1683 pid 1683 name "ndroid.systemui" vma 7fbbb15000
     logd.writer-570   [004] ....  4465.022796: do_swap_page: swapin tgid 556 pid 570 name "logd.writer" vma 7fb26fb000
     logd.writer-570   [004] ....  4465.022804: do_swap_page: swapin tgid 556 pid 570 name "logd.writer" vma 7fbbec0000
     logd.writer-570   [004] ....  4465.022812: do_swap_page: swapin tgid 556 pid 570 name "logd.writer" vma 7fbbeee000
           <...>-11676 [004] ....  4465.022869: do_swap_page: swapin tgid 11661 pid 11676 name "Binder:11661_2" vma 7fb9e3f000
           <...>-11676 [004] ....  4465.022906: do_swap_page: swapin tgid 11661 pid 11676 name "Binder:11661_2" vma 7fbe342000
           <...>-11676 [004] ....  4465.022910: do_swap_page: swapin tgid 11661 pid 11676 name "Binder:11661_2" vma 7fbe241000
           <...>-11416 [004] ....  4465.022942: do_swap_page: swapin tgid 1335 pid 11416 name "Binder:1335_1A" vma 7f21000000
           <...>-11416 [004] ....  4465.022961: do_swap_page: swapin tgid 1335 pid 11416 name "Binder:1335_1A" vma 9f1c8000
 droid.launcher3-2006  [004] ....  4465.022989: do_swap_page: swapin tgid 2006 pid 2006 name "droid.launcher3" vma 9f02d000
 droid.launcher3-2006  [004] ....  4465.022997: do_swap_page: swapin tgid 2006 pid 2006 name "droid.launcher3" vma 9f00d000
 droid.launcher3-2006  [004] ....  4465.023001: do_swap_page: swapin tgid 2006 pid 2006 name "droid.launcher3" vma 9f002000
 droid.launcher3-2006  [004] ....  4465.023004: do_swap_page: swapin tgid 2006 pid 2006 name "droid.launcher3" vma 9f070000
           <...>-863   [004] ....  4465.023092: do_swap_page: swapin tgid 863 pid 863 name "logcatd" vma 7fbd819000
           <...>-11416 [004] ....  4465.023132: do_swap_page: swapin tgid 1335 pid 11416 name "Binder:1335_1A" vma 9f1c8000
           <...>-11416 [004] ....  4465.023185: do_swap_page: swapin tgid 1335 pid 11416 name "Binder:1335_1A" vma 9f2aa000
 droid.launcher3-2006  [004] ....  4465.023215: do_swap_page: swapin tgid 2006 pid 2006 name "droid.launcher3" vma 9f070000
 droid.launcher3-2006  [004] ....  4465.023221: do_swap_page: swapin tgid 2006 pid 2006 name "droid.launcher3" vma 13ce1000
 droid.launcher3-2006  [004] ....  4465.023226: do_swap_page: swapin tgid 2006 pid 2006 name "droid.launcher3" vma 9eff0000
 ndroid.systemui-1683  [004] ....  4465.023253: do_swap_page: swapin tgid 1683 pid 1683 name "ndroid.systemui" vma 7fbbb15000
 ndroid.systemui-1683  [004] ....  4465.023260: do_swap_page: swapin tgid 1683 pid 1683 name "ndroid.systemui" vma 7fbbb12000
 ndroid.systemui-1683  [004] ....  4465.023264: do_swap_page: swapin tgid 1683 pid 1683 name "ndroid.systemui" vma 9f079000
           <...>-5239  [004] ....  4465.023318: do_swap_page: swapin tgid 5221 pid 5239 name "Binder:5221_2" vma 7fbe165000
           <...>-5239  [004] ....  4465.023327: do_swap_page: swapin tgid 5221 pid 5239 name "Binder:5221_2" vma 7f2d65f000
           <...>-5239  [004] ....  4465.023333: do_swap_page: swapin tgid 5221 pid 5239 name "Binder:5221_2" vma 7fbc5de000
           <...>-11416 [004] ....  4465.023370: do_swap_page: swapin tgid 1335 pid 11416 name "Binder:1335_1A" vma 9f2aa000
           <...>-11416 [004] ....  4465.023375: do_swap_page: swapin tgid 1335 pid 11416 name "Binder:1335_1A" vma 9f155000
 droid.launcher3-2006  [004] ....  4465.023453: do_swap_page: swapin tgid 2006 pid 2006 name "droid.launcher3" vma 9eff0000
 droid.launcher3-2006  [004] ....  4465.023460: do_swap_page: swapin tgid 2006 pid 2006 name "droid.launcher3" vma 13dbb000
 droid.launcher3-2006  [004] ....  4465.023462: do_swap_page: swapin tgid 2006 pid 2006 name "droid.launcher3" vma 9efa2000
 ndroid.systemui-1683  [004] ....  4465.023550: do_swap_page: swapin tgid 1683 pid 1683 name "ndroid.systemui" vma 9f079000
 ndroid.systemui-1683  [004] ....  4465.023555: do_swap_page: swapin tgid 1683 pid 1683 name "ndroid.systemui" vma 9f274000
           <...>-11416 [004] ....  4465.023597: do_swap_page: swapin tgid 1335 pid 11416 name "Binder:1335_1A" vma 9f155000
           <...>-11416 [004] ....  4465.023676: do_swap_page: swapin tgid 1335 pid 11416 name "Binder:1335_1A" vma 7f2afbf000
 droid.launcher3-2006  [004] ....  4465.023723: do_swap_page: swapin tgid 2006 pid 2006 name "droid.launcher3" vma 9efa2000
 droid.launcher3-2006  [004] ....  4465.023728: do_swap_page: swapin tgid 2006 pid 2006 name "droid.launcher3" vma 13dbc000
 droid.launcher3-2006  [004] ....  4465.023734: do_swap_page: swapin tgid 2006 pid 2006 name "droid.launcher3" vma 9efa3000
 ndroid.systemui-1683  [004] ....  4465.023770: do_swap_page: swapin tgid 1683 pid 1683 name "ndroid.systemui" vma 9f262000
           <...>-11416 [004] ....  4465.023831: do_swap_page: swapin tgid 1335 pid 11416 name "Binder:1335_1A" vma 7f2afbf000
           <...>-11416 [004] ....  4465.024041: do_swap_page: swapin tgid 1335 pid 11416 name "Binder:1335_1A" vma 7e85800000
           <...>-11416 [004] ....  4465.024057: do_swap_page: swapin tgid 1335 pid 11416 name "Binder:1335_1A" vma 7e66cd5000
           <...>-11416 [004] ....  4465.024060: do_swap_page: swapin tgid 1335 pid 11416 name "Binder:1335_1A" vma 7e85791000
           <...>-11416 [004] ....  4465.024065: do_swap_page: swapin tgid 1335 pid 11416 name "Binder:1335_1A" vma 7e719d2000
           <...>-11416 [004] ....  4465.024093: do_swap_page: swapin tgid 1335 pid 11416 name "Binder:1335_1A" vma 7f39856000
           <...>-11416 [004] ....  4465.024098: do_swap_page: swapin tgid 1335 pid 11416 name "Binder:1335_1A" vma 7f3985a000
           <...>-11416 [004] ....  4465.024101: do_swap_page: swapin tgid 1335 pid 11416 name "Binder:1335_1A" vma 7e71958000
           <...>-11423 [004] ....  4465.024166: do_swap_page: swapin tgid 11121 pid 11423 name "Binder:11121_6" vma 7f393d2000
           <...>-11423 [004] ....  4465.024172: do_swap_page: swapin tgid 11121 pid 11423 name "Binder:11121_6" vma 7fbe165000
 droid.launcher3-2006  [004] ....  4465.024193: do_swap_page: swapin tgid 2006 pid 2006 name "droid.launcher3" vma 9efa3000
 droid.launcher3-2006  [004] ....  4465.024198: do_swap_page: swapin tgid 2006 pid 2006 name "droid.launcher3" vma 9f093000
 ndroid.systemui-1683  [004] ....  4465.024248: do_swap_page: swapin tgid 1683 pid 1683 name "ndroid.systemui" vma 9f262000
 ndroid.systemui-1683  [004] ....  4465.024256: do_swap_page: swapin tgid 1683 pid 1683 name "ndroid.systemui" vma 9f293000
           <...>-11416 [004] ....  4465.024279: do_swap_page: swapin tgid 1335 pid 11416 name "Binder:1335_1A" vma 7e71958000
           <...>-11416 [004] ....  4465.024289: do_swap_page: swapin tgid 1335 pid 11416 name "Binder:1335_1A" vma 7f39846000
           <...>-11416 [004] ....  4465.024292: do_swap_page: swapin tgid 1335 pid 11416 name "Binder:1335_1A" vma 7f3984b000
           <...>-11416 [004] ....  4465.024295: do_swap_page: swapin tgid 1335 pid 11416 name "Binder:1335_1A" vma 7eb4f52000
           <...>-11416 [004] ....  4465.024298: do_swap_page: swapin tgid 1335 pid 11416 name "Binder:1335_1A" vma 7eb4f53000
           <...>-11416 [004] ....  4465.024332: do_swap_page: swapin tgid 1335 pid 11416 name "Binder:1335_1A" vma 7f3982d000
           <...>-11416 [004] ....  4465.024337: do_swap_page: swapin tgid 1335 pid 11416 name "Binder:1335_1A" vma 7f39847000
           <...>-11416 [004] ....  4465.024344: do_swap_page: swapin tgid 1335 pid 11416 name "Binder:1335_1A" vma 7e857b3000
           <...>-11416 [004] ....  4465.024350: do_swap_page: swapin tgid 1335 pid 11416 name "Binder:1335_1A" vma 7eb4ed2000
           <...>-11416 [004] ....  4465.024358: do_swap_page: swapin tgid 1335 pid 11416 name "Binder:1335_1A" vma 7e858ab000
           <...>-11416 [004] ....  4465.024363: do_swap_page: swapin tgid 1335 pid 11416 name "Binder:1335_1A" vma 7eb4e1b000
           <...>-11416 [004] ....  4465.024368: do_swap_page: swapin tgid 1335 pid 11416 name "Binder:1335_1A" vma 7eb4e1c000
           <...>-17708 [004] ....  4465.024442: do_swap_page: swapin tgid 11226 pid 17708 name "Binder:11226_5" vma 12c60000
           <...>-17708 [004] ....  4465.024451: do_swap_page: swapin tgid 11226 pid 17708 name "Binder:11226_5" vma 7fbe286000
           <...>-17708 [004] ....  4465.024455: do_swap_page: swapin tgid 11226 pid 17708 name "Binder:11226_5" vma 7fbe285000
           <...>-17708 [004] ....  4465.024457: do_swap_page: swapin tgid 11226 pid 17708 name "Binder:11226_5" vma 7f393d1000
 droid.launcher3-2006  [004] ....  4465.024477: do_swap_page: swapin tgid 2006 pid 2006 name "droid.launcher3" vma 9f093000
 droid.launcher3-2006  [004] ....  4465.024483: do_swap_page: swapin tgid 2006 pid 2006 name "droid.launcher3" vma 9ef7f000
 droid.launcher3-2006  [004] ....  4465.024491: do_swap_page: swapin tgid 2006 pid 2006 name "droid.launcher3" vma 13db2000
 droid.launcher3-2006  [004] ....  4465.024493: do_swap_page: swapin tgid 2006 pid 2006 name "droid.launcher3" vma 9f0a1000
           <...>-11416 [004] ....  4465.024694: do_swap_page: swapin tgid 1335 pid 11416 name "Binder:1335_1A" vma 7e66b38000
           <...>-11416 [004] ....  4465.024702: do_swap_page: swapin tgid 1335 pid 11416 name "Binder:1335_1A" vma 9f2eb000
 droid.launcher3-2006  [004] ....  4465.024726: do_swap_page: swapin tgid 2006 pid 2006 name "droid.launcher3" vma 9f0a1000
 droid.launcher3-2006  [004] ....  4465.024732: do_swap_page: swapin tgid 2006 pid 2006 name "droid.launcher3" vma 13cea000
 droid.launcher3-2006  [004] ....  4465.024734: do_swap_page: swapin tgid 2006 pid 2006 name "droid.launcher3" vma 9f0bb000
 droid.launcher3-2006  [004] ....  4465.024884: do_swap_page: swapin tgid 2006 pid 2006 name "droid.launcher3" vma 9f0bb000
 droid.launcher3-2006  [004] ....  4465.024890: do_swap_page: swapin tgid 2006 pid 2006 name "droid.launcher3" vma 9efac000
 droid.launcher3-2006  [004] ....  4465.024893: do_swap_page: swapin tgid 2006 pid 2006 name "droid.launcher3" vma 9f072000
 droid.launcher3-2006  [004] ....  4465.024896: do_swap_page: swapin tgid 2006 pid 2006 name "droid.launcher3" vma 9f01b000
 droid.launcher3-2006  [004] ....  4465.024900: do_swap_page: swapin tgid 2006 pid 2006 name "droid.launcher3" vma 9f02f000
           <...>-11416 [004] ....  4465.024934: do_swap_page: swapin tgid 1335 pid 11416 name "Binder:1335_1A" vma 9f2eb000
           <...>-11416 [004] ....  4465.024938: do_swap_page: swapin tgid 1335 pid 11416 name "Binder:1335_1A" vma 9f290000
 ndroid.systemui-1683  [004] ....  4465.024976: do_swap_page: swapin tgid 1683 pid 1683 name "ndroid.systemui" vma 9f293000
 ndroid.systemui-1683  [004] ....  4465.024983: do_swap_page: swapin tgid 1683 pid 1683 name "ndroid.systemui" vma 9f087000
 droid.launcher3-2006  [004] ....  4465.025113: do_swap_page: swapin tgid 2006 pid 2006 name "droid.launcher3" vma 9f02f000
 droid.launcher3-2006  [004] ....  4465.025119: do_swap_page: swapin tgid 2006 pid 2006 name "droid.launcher3" vma 9efb3000
 droid.launcher3-2006  [004] ....  4465.025122: do_swap_page: swapin tgid 2006 pid 2006 name "droid.launcher3" vma 9f067000
 droid.launcher3-2006  [004] ....  4465.025164: do_swap_page: swapin tgid 2006 pid 2006 name "droid.launcher3" vma 9ef83000
 droid.launcher3-2006  [004] ....  4465.025166: do_swap_page: swapin tgid 2006 pid 2006 name "droid.launcher3" vma 9f0b0000
           <...>-15187 [004] ....  4465.025189: do_swap_page: swapin tgid 11286 pid 15187 name "Binder:11286_4" vma 7f39800000
           <...>-15187 [004] ....  4465.025205: do_swap_page: swapin tgid 11286 pid 15187 name "Binder:11286_4" vma 12cc2000
           <...>-15187 [004] ....  4465.025209: do_swap_page: swapin tgid 11286 pid 15187 name "Binder:11286_4" vma 12cf4000
           <...>-15187 [004] ....  4465.025215: do_swap_page: swapin tgid 11286 pid 15187 name "Binder:11286_4" vma 7f3507f000
           <...>-15187 [004] ....  4465.025218: do_swap_page: swapin tgid 11286 pid 15187 name "Binder:11286_4" vma 72f96000
           <...>-11416 [004] ....  4465.025245: do_swap_page: swapin tgid 1335 pid 11416 name "Binder:1335_1A" vma 9f290000
           <...>-11416 [004] ....  4465.025270: do_swap_page: swapin tgid 1335 pid 11416 name "Binder:1335_1A" vma 9f005000
           <...>-11416 [004] ....  4465.025287: do_swap_page: swapin tgid 1335 pid 11416 name "Binder:1335_1A" vma 13993000
 droid.launcher3-2006  [004] ....  4465.025328: do_swap_page: swapin tgid 2006 pid 2006 name "droid.launcher3" vma 9f0b0000
 droid.launcher3-2006  [004] ....  4465.025339: do_swap_page: swapin tgid 2006 pid 2006 name "droid.launcher3" vma 13ceb000
 droid.launcher3-2006  [004] ....  4465.025341: do_swap_page: swapin tgid 2006 pid 2006 name "droid.launcher3" vma 9efaf000
 droid.launcher3-2006  [004] ....  4465.025344: do_swap_page: swapin tgid 2006 pid 2006 name "droid.launcher3" vma 9efd5000
 droid.launcher3-2006  [004] ....  4465.025346: do_swap_page: swapin tgid 2006 pid 2006 name "droid.launcher3" vma 9f0c5000
 ndroid.systemui-1683  [004] ....  4465.025374: do_swap_page: swapin tgid 1683 pid 1683 name "ndroid.systemui" vma 9f087000
 ndroid.systemui-1683  [004] ....  4465.025382: do_swap_page: swapin tgid 1683 pid 1683 name "ndroid.systemui" vma 13ea6000
 ndroid.systemui-1683  [004] ....  4465.025385: do_swap_page: swapin tgid 1683 pid 1683 name "ndroid.systemui" vma 9f07e000
           <...>-11416 [004] ....  4465.025428: do_swap_page: swapin tgid 1335 pid 11416 name "Binder:1335_1A" vma 13993000
           <...>-11416 [004] ....  4465.025444: do_swap_page: swapin tgid 1335 pid 11416 name "Binder:1335_1A" vma 730fa000
           <...>-11416 [004] ....  4465.025452: do_swap_page: swapin tgid 1335 pid 11416 name "Binder:1335_1A" vma 730f0000
           <...>-11417 [004] ....  4465.025495: do_swap_page: swapin tgid 11382 pid 11417 name "Binder:11382_3" vma f7a87000
           <...>-11417 [004] ....  4465.025506: do_swap_page: swapin tgid 11382 pid 11417 name "Binder:11382_3" vma f3d62000
 droid.launcher3-2006  [004] ....  4465.025541: do_swap_page: swapin tgid 2006 pid 2006 name "droid.launcher3" vma 9f0c5000
 droid.launcher3-2006  [004] ....  4465.025546: do_swap_page: swapin tgid 2006 pid 2006 name "droid.launcher3" vma 9f0aa000
           <...>-11416 [004] ....  4465.025614: do_swap_page: swapin tgid 1335 pid 11416 name "Binder:1335_1A" vma 7e85815000
           <...>-11416 [004] ....  4465.025628: do_swap_page: swapin tgid 1335 pid 11416 name "Binder:1335_1A" vma 7f3983f000
           <...>-11416 [004] ....  4465.025632: do_swap_page: swapin tgid 1335 pid 11416 name "Binder:1335_1A" vma 7f39849000
           <...>-11416 [004] ....  4465.025635: do_swap_page: swapin tgid 1335 pid 11416 name "Binder:1335_1A" vma 7f39808000
           <...>-11416 [004] ....  4465.025643: do_swap_page: swapin tgid 1335 pid 11416 name "Binder:1335_1A" vma 7fbe218000
           <...>-11416 [004] ....  4465.025741: do_swap_page: swapin tgid 1335 pid 11416 name "Binder:1335_1A" vma 7e66b02000
 droid.launcher3-2006  [004] ....  4465.025755: do_swap_page: swapin tgid 2006 pid 2006 name "droid.launcher3" vma 9f0aa000
 droid.launcher3-2006  [004] ....  4465.025761: do_swap_page: swapin tgid 2006 pid 2006 name "droid.launcher3" vma 13db6000
 droid.launcher3-2006  [004] ....  4465.025765: do_swap_page: swapin tgid 2006 pid 2006 name "droid.launcher3" vma 9f006000
 droid.launcher3-2006  [004] ....  4465.025767: do_swap_page: swapin tgid 2006 pid 2006 name "droid.launcher3" vma 9f05d000
 ScreenDecoratio-2208  [004] ....  4465.025857: do_swap_page: swapin tgid 1683 pid 2208 name "ScreenDecoratio" vma 73085000
 droid.launcher3-2006  [004] ....  4465.025899: do_swap_page: swapin tgid 2006 pid 2006 name "droid.launcher3" vma 9f05d000
 droid.launcher3-2006  [004] ....  4465.025906: do_swap_page: swapin tgid 2006 pid 2006 name "droid.launcher3" vma 9f02e000
 droid.launcher3-2006  [004] ....  4465.026060: do_swap_page: swapin tgid 2006 pid 2006 name "droid.launcher3" vma 9f02e000
 droid.launcher3-2006  [004] ....  4465.026089: do_swap_page: swapin tgid 2006 pid 2006 name "droid.launcher3" vma 9f027000
 droid.launcher3-2006  [004] ....  4465.026092: do_swap_page: swapin tgid 2006 pid 2006 name "droid.launcher3" vma 9f026000
 droid.launcher3-2006  [004] ....  4465.026094: do_swap_page: swapin tgid 2006 pid 2006 name "droid.launcher3" vma 9f07d000
           <...>-11417 [004] ....  4465.026113: do_swap_page: swapin tgid 11382 pid 11417 name "Binder:11382_3" vma f3d62000
           <...>-11417 [004] ....  4465.026121: do_swap_page: swapin tgid 11382 pid 11417 name "Binder:11382_3" vma cc285000
           <...>-11417 [004] ....  4465.026125: do_swap_page: swapin tgid 11382 pid 11417 name "Binder:11382_3" vma f7a10000
 ScreenDecoratio-2208  [004] ....  4465.026143: do_swap_page: swapin tgid 1683 pid 2208 name "ScreenDecoratio" vma 73085000
 ScreenDecoratio-2208  [004] ....  4465.026160: do_swap_page: swapin tgid 1683 pid 2208 name "ScreenDecoratio" vma 730eb000
 ScreenDecoratio-2208  [004] ....  4465.026188: do_swap_page: swapin tgid 1683 pid 2208 name "ScreenDecoratio" vma 730ea000
 ScreenDecoratio-2208  [004] ....  4465.026208: do_swap_page: swapin tgid 1683 pid 2208 name "ScreenDecoratio" vma 730fc000
 droid.launcher3-2006  [004] ....  4465.026263: do_swap_page: swapin tgid 2006 pid 2006 name "droid.launcher3" vma 9f07d000
 droid.launcher3-2006  [004] ....  4465.026270: do_swap_page: swapin tgid 2006 pid 2006 name "droid.launcher3" vma 9efb6000
 ScreenDecoratio-2208  [004] ....  4465.026332: do_swap_page: swapin tgid 1683 pid 2208 name "ScreenDecoratio" vma 7eba1f0000
 ScreenDecoratio-2208  [004] ....  4465.026373: do_swap_page: swapin tgid 1683 pid 2208 name "ScreenDecoratio" vma 13d32000
 ScreenDecoratio-2208  [004] ....  4465.026381: do_swap_page: swapin tgid 1683 pid 2208 name "ScreenDecoratio" vma 137fa000
 ScreenDecoratio-2208  [004] ....  4465.026390: do_swap_page: swapin tgid 1683 pid 2208 name "ScreenDecoratio" vma 73108000
 droid.launcher3-2006  [004] ....  4465.026437: do_swap_page: swapin tgid 2006 pid 2006 name "droid.launcher3" vma 9efb6000
 droid.launcher3-2006  [004] ....  4465.026441: do_swap_page: swapin tgid 2006 pid 2006 name "droid.launcher3" vma 9f09b000
 ScreenDecoratio-2208  [004] ....  4465.026478: do_swap_page: swapin tgid 1683 pid 2208 name "ScreenDecoratio" vma 9f0fd000
 ScreenDecoratio-2208  [004] ....  4465.026485: do_swap_page: swapin tgid 1683 pid 2208 name "ScreenDecoratio" vma 9f07e000
 ScreenDecoratio-2208  [004] ....  4465.026488: do_swap_page: swapin tgid 1683 pid 2208 name "ScreenDecoratio" vma 9f268000
 droid.launcher3-2006  [004] ....  4465.026563: do_swap_page: swapin tgid 2006 pid 2006 name "droid.launcher3" vma 9f09b000
 droid.launcher3-2006  [004] ....  4465.026571: do_swap_page: swapin tgid 2006 pid 2006 name "droid.launcher3" vma 9efbb000
 droid.launcher3-2006  [004] ....  4465.026573: do_swap_page: swapin tgid 2006 pid 2006 name "droid.launcher3" vma 9f085000
 droid.launcher3-2006  [004] ....  4465.026576: do_swap_page: swapin tgid 2006 pid 2006 name "droid.launcher3" vma 9f07e000
 droid.launcher3-2006  [004] ....  4465.026580: do_swap_page: swapin tgid 2006 pid 2006 name "droid.launcher3" vma 9efa1000
 droid.launcher3-2006  [004] ....  4465.026582: do_swap_page: swapin tgid 2006 pid 2006 name "droid.launcher3" vma 9f092000
 droid.launcher3-2006  [004] ....  4465.026783: do_swap_page: swapin tgid 2006 pid 2006 name "droid.launcher3" vma 9f092000
 droid.launcher3-2006  [004] ....  4465.026794: do_swap_page: swapin tgid 2006 pid 2006 name "droid.launcher3" vma 7fbe2f6000
 droid.launcher3-2006  [004] ....  4465.026807: do_swap_page: swapin tgid 2006 pid 2006 name "droid.launcher3" vma 7f28989000
 droid.launcher3-2006  [004] ....  4465.026812: do_swap_page: swapin tgid 2006 pid 2006 name "droid.launcher3" vma 7ecc958000
 droid.launcher3-2006  [004] ....  4465.026819: do_swap_page: swapin tgid 2006 pid 2006 name "droid.launcher3" vma 7f289cd000
           <...>-11417 [004] ....  4465.026880: do_swap_page: swapin tgid 11382 pid 11417 name "Binder:11382_3" vma f7a10000
           <...>-11417 [004] ....  4465.026886: do_swap_page: swapin tgid 11382 pid 11417 name "Binder:11382_3" vma e55b0000
           <...>-11417 [004] ....  4465.026891: do_swap_page: swapin tgid 11382 pid 11417 name "Binder:11382_3" vma f5fd5000
 ScreenDecoratio-2208  [004] ....  4465.026912: do_swap_page: swapin tgid 1683 pid 2208 name "ScreenDecoratio" vma 9f268000
 ScreenDecoratio-2208  [004] ....  4465.026917: do_swap_page: swapin tgid 1683 pid 2208 name "ScreenDecoratio" vma 9f1ae000
 ndroid.systemui-1683  [004] ....  4465.026971: do_swap_page: swapin tgid 1683 pid 1683 name "ndroid.systemui" vma 9f1ae000
 droid.launcher3-2006  [004] ....  4465.027011: do_swap_page: swapin tgid 2006 pid 2006 name "droid.launcher3" vma 7f289cd000
 droid.launcher3-2006  [004] ....  4465.027017: do_swap_page: swapin tgid 2006 pid 2006 name "droid.launcher3" vma 7f28b35000
 ScreenDecoratio-2208  [004] ....  4465.027065: do_swap_page: swapin tgid 1683 pid 2208 name "ScreenDecoratio" vma 9f1ae000
 ScreenDecoratio-2208  [004] ....  4465.027073: do_swap_page: swapin tgid 1683 pid 2208 name "ScreenDecoratio" vma 9f0b0000
 ScreenDecoratio-2208  [004] ....  4465.027082: do_swap_page: swapin tgid 1683 pid 2208 name "ScreenDecoratio" vma 9f240000
 ndroid.systemui-1683  [004] ....  4465.027108: do_swap_page: swapin tgid 1683 pid 1683 name "ndroid.systemui" vma 9f099000
 droid.launcher3-2006  [004] ....  4465.027209: do_swap_page: swapin tgid 2006 pid 2006 name "droid.launcher3" vma 7f28b35000
 droid.launcher3-2006  [004] ....  4465.027223: do_swap_page: swapin tgid 2006 pid 2006 name "droid.launcher3" vma 13cf4000
 droid.launcher3-2006  [004] ....  4465.027267: do_swap_page: swapin tgid 2006 pid 2006 name "droid.launcher3" vma 9f013000
 droid.launcher3-2006  [004] ....  4465.027304: do_swap_page: swapin tgid 2006 pid 2006 name "droid.launcher3" vma 9f020000
 droid.launcher3-2006  [004] ....  4465.027306: do_swap_page: swapin tgid 2006 pid 2006 name "droid.launcher3" vma 9f077000
           <...>-11417 [004] ....  4465.027329: do_swap_page: swapin tgid 11382 pid 11417 name "Binder:11382_3" vma f5fd5000
           <...>-11417 [004] ....  4465.027335: do_swap_page: swapin tgid 11382 pid 11417 name "Binder:11382_3" vma e5516000
           <...>-11417 [004] ....  4465.027339: do_swap_page: swapin tgid 11382 pid 11417 name "Binder:11382_3" vma f3d61000
 ScreenDecoratio-2208  [004] ....  4465.027360: do_swap_page: swapin tgid 1683 pid 2208 name "ScreenDecoratio" vma 9f240000
 ScreenDecoratio-2208  [004] ....  4465.027365: do_swap_page: swapin tgid 1683 pid 2208 name "ScreenDecoratio" vma 9f17b000
 ndroid.systemui-1683  [004] ....  4465.027387: do_swap_page: swapin tgid 1683 pid 1683 name "ndroid.systemui" vma 9f099000
 ndroid.systemui-1683  [004] ....  4465.027391: do_swap_page: swapin tgid 1683 pid 1683 name "ndroid.systemui" vma 9f07d000
 droid.launcher3-2006  [004] ....  4465.027472: do_swap_page: swapin tgid 2006 pid 2006 name "droid.launcher3" vma 9f077000
 droid.launcher3-2006  [004] ....  4465.027479: do_swap_page: swapin tgid 2006 pid 2006 name "droid.launcher3" vma 9f029000
 droid.launcher3-2006  [004] ....  4465.027481: do_swap_page: swapin tgid 2006 pid 2006 name "droid.launcher3" vma 13295000
 droid.launcher3-2006  [004] ....  4465.027511: do_swap_page: swapin tgid 2006 pid 2006 name "droid.launcher3" vma 13285000
 droid.launcher3-2006  [004] ....  4465.027516: do_swap_page: swapin tgid 2006 pid 2006 name "droid.launcher3" vma 9efef000
 ScreenDecoratio-2208  [004] ....  4465.027544: do_swap_page: swapin tgid 1683 pid 2208 name "ScreenDecoratio" vma 9f17b000
 droid.launcher3-2006  [004] ....  4465.027694: do_swap_page: swapin tgid 2006 pid 2006 name "droid.launcher3" vma 9efef000
 droid.launcher3-2006  [004] ....  4465.027704: do_swap_page: swapin tgid 2006 pid 2006 name "droid.launcher3" vma 9efc9000
 droid.launcher3-2006  [004] ....  4465.027720: do_swap_page: swapin tgid 2006 pid 2006 name "droid.launcher3" vma 7fbe260000
 droid.launcher3-2006  [004] ....  4465.027744: do_swap_page: swapin tgid 2006 pid 2006 name "droid.launcher3" vma 9ef79000
 droid.launcher3-2006  [004] ....  4465.027748: do_swap_page: swapin tgid 2006 pid 2006 name "droid.launcher3" vma 9f025000
 droid.launcher3-2006  [004] ....  4465.027749: do_swap_page: swapin tgid 2006 pid 2006 name "droid.launcher3" vma 9f07b000
 ScreenDecoratio-2208  [004] ....  4465.027807: do_swap_page: swapin tgid 1683 pid 2208 name "ScreenDecoratio" vma 73102000
 droid.launcher3-2006  [004] ....  4465.027919: do_swap_page: swapin tgid 2006 pid 2006 name "droid.launcher3" vma 9f07b000
 droid.launcher3-2006  [004] ....  4465.027931: do_swap_page: swapin tgid 2006 pid 2006 name "droid.launcher3" vma 13cda000
 droid.launcher3-2006  [004] ....  4465.027936: do_swap_page: swapin tgid 2006 pid 2006 name "droid.launcher3" vma 9f0ba000
 ScreenDecoratio-2208  [004] ....  4465.027985: do_swap_page: swapin tgid 1683 pid 2208 name "ScreenDecoratio" vma 13d39000
 ScreenDecoratio-2208  [004] ....  4465.027999: do_swap_page: swapin tgid 1683 pid 2208 name "ScreenDecoratio" vma 7eba1eb000
 droid.launcher3-2006  [004] ....  4465.028070: do_swap_page: swapin tgid 2006 pid 2006 name "droid.launcher3" vma 9f0ba000
 droid.launcher3-2006  [004] ....  4465.028076: do_swap_page: swapin tgid 2006 pid 2006 name "droid.launcher3" vma 9f0d1000
           <...>-11418 [004] ....  4465.028133: do_swap_page: swapin tgid 1335 pid 11418 name "Binder:1335_1B" vma 7f2d6ab000
           <...>-11418 [004] ....  4465.028148: do_swap_page: swapin tgid 1335 pid 11418 name "Binder:1335_1B" vma 7f2d82a000
 droid.launcher3-2006  [004] ....  4465.028199: do_swap_page: swapin tgid 2006 pid 2006 name "droid.launcher3" vma 9f0d1000
 droid.launcher3-2006  [004] ....  4465.028205: do_swap_page: swapin tgid 2006 pid 2006 name "droid.launcher3" vma 9f0ca000
 droid.launcher3-2006  [004] ....  4465.028325: do_swap_page: swapin tgid 2006 pid 2006 name "droid.launcher3" vma 9f0ca000
 droid.launcher3-2006  [004] ....  4465.028333: do_swap_page: swapin tgid 2006 pid 2006 name "droid.launcher3" vma 9f0d0000
 droid.launcher3-2006  [004] ....  4465.028451: do_swap_page: swapin tgid 2006 pid 2006 name "droid.launcher3" vma 9f0d0000
 droid.launcher3-2006  [004] ....  4465.028458: do_swap_page: swapin tgid 2006 pid 2006 name "droid.launcher3" vma 9f0c8000
 droid.launcher3-2006  [004] ....  4465.028578: do_swap_page: swapin tgid 2006 pid 2006 name "droid.launcher3" vma 9f0c8000
 droid.launcher3-2006  [004] ....  4465.028632: do_swap_page: swapin tgid 2006 pid 2006 name "droid.launcher3" vma 7eccb26000
    RenderThread-2523  [004] ....  4465.028652: do_swap_page: swapin tgid 2006 pid 2523 name "RenderThread" vma 7ec9968000
 droid.launcher3-2006  [004] ....  4465.028663: do_swap_page: swapin tgid 2006 pid 2006 name "droid.launcher3" vma 9f004000
 droid.launcher3-2006  [004] ....  4465.028665: do_swap_page: swapin tgid 2006 pid 2006 name "droid.launcher3" vma 9f0af000
 droid.launcher3-2006  [004] ....  4465.028835: do_swap_page: swapin tgid 2006 pid 2006 name "droid.launcher3" vma 9f0af000
 droid.launcher3-2006  [004] ....  4465.028841: do_swap_page: swapin tgid 2006 pid 2006 name "droid.launcher3" vma 9f05b000
           <...>-11418 [004] ....  4465.028873: do_swap_page: swapin tgid 1335 pid 11418 name "Binder:1335_1B" vma 7f2d80b000
           <...>-11418 [004] ....  4465.028879: do_swap_page: swapin tgid 1335 pid 11418 name "Binder:1335_1B" vma 7f2d82d000
           <...>-11418 [004] ....  4465.028886: do_swap_page: swapin tgid 1335 pid 11418 name "Binder:1335_1B" vma 7f2d815000
           <...>-11418 [004] ....  4465.028889: do_swap_page: swapin tgid 1335 pid 11418 name "Binder:1335_1B" vma 7f2d744000
           <...>-11418 [004] ....  4465.028894: do_swap_page: swapin tgid 1335 pid 11418 name "Binder:1335_1B" vma 7e6347a000
           <...>-11418 [004] ....  4465.028898: do_swap_page: swapin tgid 1335 pid 11418 name "Binder:1335_1B" vma 7e6347c000
           <...>-11418 [004] ....  4465.028903: do_swap_page: swapin tgid 1335 pid 11418 name "Binder:1335_1B" vma 7e6347d000
           <...>-11418 [004] ....  4465.028914: do_swap_page: swapin tgid 1335 pid 11418 name "Binder:1335_1B" vma 7fbc5e4000
 ndroid.systemui-1683  [004] ....  4465.028957: do_swap_page: swapin tgid 1683 pid 1683 name "ndroid.systemui" vma 9f07d000
 droid.launcher3-2006  [004] ....  4465.028984: do_swap_page: swapin tgid 2006 pid 2006 name "droid.launcher3" vma 9f05b000
 droid.launcher3-2006  [004] ....  4465.029009: do_swap_page: swapin tgid 2006 pid 2006 name "droid.launcher3" vma 9f073000
 ndroid.systemui-1683  [004] ....  4465.029041: do_swap_page: swapin tgid 1683 pid 1683 name "ndroid.systemui" vma 9f092000
           <...>-11676 [004] ....  4465.029113: do_swap_page: swapin tgid 11661 pid 11676 name "Binder:11661_2" vma 7fbe241000
           <...>-11676 [004] ....  4465.029121: do_swap_page: swapin tgid 11661 pid 11676 name "Binder:11661_2" vma 7fbe1e9000
           <...>-11417 [004] ....  4465.029172: do_swap_page: swapin tgid 11382 pid 11417 name "Binder:11382_3" vma f3d61000
           <...>-11417 [004] ....  4465.029201: do_swap_page: swapin tgid 11382 pid 11417 name "Binder:11382_3" vma f7a23000
           <...>-5239  [004] ....  4465.029219: do_swap_page: swapin tgid 5221 pid 5239 name "Binder:5221_2" vma 7fbc5de000
           <...>-5239  [004] .n..  4465.029249: do_swap_page: swapin tgid 5221 pid 5239 name "Binder:5221_2" vma 7fbbd3a000
           <...>-5239  [004] ....  4465.029257: do_swap_page: swapin tgid 5221 pid 5239 name "Binder:5221_2" vma 7f2d61d000
           <...>-5239  [004] ....  4465.029276: do_swap_page: swapin tgid 5221 pid 5239 name "Binder:5221_2" vma 7f393d0000
           <...>-5239  [004] ....  4465.029281: do_swap_page: swapin tgid 5221 pid 5239 name "Binder:5221_2" vma 7fbe23c000
           <...>-5239  [004] ....  4465.029283: do_swap_page: swapin tgid 5221 pid 5239 name "Binder:5221_2" vma 7f318f3000
           <...>-5239  [004] ....  4465.029287: do_swap_page: swapin tgid 5221 pid 5239 name "Binder:5221_2" vma 12cda000
           <...>-5239  [004] ....  4465.029294: do_swap_page: swapin tgid 5221 pid 5239 name "Binder:5221_2" vma 7fbe286000
           <...>-5239  [004] ....  4465.029296: do_swap_page: swapin tgid 5221 pid 5239 name "Binder:5221_2" vma 7fbe285000
           <...>-5239  [004] ....  4465.029298: do_swap_page: swapin tgid 5221 pid 5239 name "Binder:5221_2" vma 7f393d1000
           <...>-5239  [004] ....  4465.029300: do_swap_page: swapin tgid 5221 pid 5239 name "Binder:5221_2" vma 7fbe1f8000
           <...>-5239  [004] ....  4465.029303: do_swap_page: swapin tgid 5221 pid 5239 name "Binder:5221_2" vma 7f2e071000
 droid.launcher3-2006  [004] ....  4465.029319: do_swap_page: swapin tgid 2006 pid 2006 name "droid.launcher3" vma 9f073000
 droid.launcher3-2006  [004] ....  4465.029328: do_swap_page: swapin tgid 2006 pid 2006 name "droid.launcher3" vma 9ef9a000
 droid.launcher3-2006  [004] ....  4465.029331: do_swap_page: swapin tgid 2006 pid 2006 name "droid.launcher3" vma 9f06d000
 droid.launcher3-2006  [004] ....  4465.029335: do_swap_page: swapin tgid 2006 pid 2006 name "droid.launcher3" vma 9f0c6000
           <...>-11418 [004] ....  4465.029361: do_swap_page: swapin tgid 1335 pid 11418 name "Binder:1335_1B" vma 7fbc5e4000
           <...>-11418 [004] ....  4465.029391: do_swap_page: swapin tgid 1335 pid 11418 name "Binder:1335_1B" vma 7e4d93b000
           <...>-11418 [004] ....  4465.029408: do_swap_page: swapin tgid 1335 pid 11418 name "Binder:1335_1B" vma 7eb473e000
 droid.launcher3-2006  [004] ....  4465.029450: do_swap_page: swapin tgid 2006 pid 2006 name "droid.launcher3" vma 9f0c6000
 droid.launcher3-2006  [004] ....  4465.029474: do_swap_page: swapin tgid 2006 pid 2006 name "droid.launcher3" vma 12ed7000
 droid.launcher3-2006  [004] ....  4465.029478: do_swap_page: swapin tgid 2006 pid 2006 name "droid.launcher3" vma 12ee5000
 droid.launcher3-2006  [004] ....  4465.029496: do_swap_page: swapin tgid 2006 pid 2006 name "droid.launcher3" vma 9f011000
 droid.launcher3-2006  [004] ....  4465.029498: do_swap_page: swapin tgid 2006 pid 2006 name "droid.launcher3" vma 9f021000
 droid.launcher3-2006  [004] ....  4465.029499: do_swap_page: swapin tgid 2006 pid 2006 name "droid.launcher3" vma 9ef8a000
 droid.launcher3-2006  [004] ....  4465.029501: do_swap_page: swapin tgid 2006 pid 2006 name "droid.launcher3" vma 9f08a000
 ndroid.systemui-1683  [004] ....  4465.029530: do_swap_page: swapin tgid 1683 pid 1683 name "ndroid.systemui" vma 9f092000
 ndroid.systemui-1683  [004] ....  4465.029535: do_swap_page: swapin tgid 1683 pid 1683 name "ndroid.systemui" vma 9f245000
           <...>-11418 [004] ....  4465.029576: do_swap_page: swapin tgid 1335 pid 11418 name "Binder:1335_1B" vma 7eb473e000
 droid.launcher3-2006  [004] ....  4465.029627: do_swap_page: swapin tgid 2006 pid 2006 name "droid.launcher3" vma 9f08a000
 droid.launcher3-2006  [004] ....  4465.029635: do_swap_page: swapin tgid 2006 pid 2006 name "droid.launcher3" vma 9f084000
           <...>-11418 [004] ....  4465.029849: do_swap_page: swapin tgid 1335 pid 11418 name "Binder:1335_1B" vma 7f2d82c000
           <...>-11418 [004] ....  4465.029854: do_swap_page: swapin tgid 1335 pid 11418 name "Binder:1335_1B" vma 7f2d811000
 droid.launcher3-2006  [004] ....  4465.029890: do_swap_page: swapin tgid 2006 pid 2006 name "droid.launcher3" vma 9f084000
 droid.launcher3-2006  [004] ....  4465.029901: do_swap_page: swapin tgid 2006 pid 2006 name "droid.launcher3" vma 13cdd000
 droid.launcher3-2006  [004] ....  4465.029907: do_swap_page: swapin tgid 2006 pid 2006 name "droid.launcher3" vma 9eff2000
           <...>-11418 [004] ....  4465.029934: do_swap_page: swapin tgid 1335 pid 11418 name "Binder:1335_1B" vma 7f2d81b000
           <...>-11676 [004] ....  4465.030034: do_swap_page: swapin tgid 11661 pid 11676 name "Binder:11661_2" vma 7fbe1e9000
           <...>-11676 [004] ....  4465.030042: do_swap_page: swapin tgid 11661 pid 11676 name "Binder:11661_2" vma 7f393d2000
 droid.launcher3-2006  [004] ....  4465.030080: do_swap_page: swapin tgid 2006 pid 2006 name "droid.launcher3" vma 9eff2000
 droid.launcher3-2006  [004] ....  4465.030088: do_swap_page: swapin tgid 2006 pid 2006 name "droid.launcher3" vma 9f06e000
 droid.launcher3-2006  [004] ....  4465.030102: do_swap_page: swapin tgid 2006 pid 2006 name "droid.launcher3" vma 9f000000
 droid.launcher3-2006  [004] ....  4465.030104: do_swap_page: swapin tgid 2006 pid 2006 name "droid.launcher3" vma 13ce6000
 droid.launcher3-2006  [004] ....  4465.030123: do_swap_page: swapin tgid 2006 pid 2006 name "droid.launcher3" vma 9eff1000
  UiThreadHelper-2057  [004] ....  4465.030161: do_swap_page: swapin tgid 2006 pid 2057 name "UiThreadHelper" vma 9efe9000
    android.anim-1359  [004] ....  4465.030251: do_swap_page: swapin tgid 1335 pid 1359 name "android.anim" vma 7ed0d00000
 droid.launcher3-2006  [004] ....  4465.030294: do_swap_page: swapin tgid 2006 pid 2006 name "droid.launcher3" vma 9eff1000
 droid.launcher3-2006  [004] ....  4465.030299: do_swap_page: swapin tgid 2006 pid 2006 name "droid.launcher3" vma 9f0b8000
  UiThreadHelper-2057  [004] ....  4465.030334: do_swap_page: swapin tgid 2006 pid 2057 name "UiThreadHelper" vma 9efe9000
  UiThreadHelper-2057  [004] ....  4465.030337: do_swap_page: swapin tgid 2006 pid 2057 name "UiThreadHelper" vma 9f0c0000
    android.anim-1359  [004] ....  4465.030353: do_swap_page: swapin tgid 1335 pid 1359 name "android.anim" vma 7f3980a000
 droid.launcher3-2006  [004] ....  4465.030436: do_swap_page: swapin tgid 2006 pid 2006 name "droid.launcher3" vma 9f0b8000
 droid.launcher3-2006  [004] ....  4465.030441: do_swap_page: swapin tgid 2006 pid 2006 name "droid.launcher3" vma 9f06a000
           <...>-11417 [004] ....  4465.030533: do_swap_page: swapin tgid 11382 pid 11417 name "Binder:11382_3" vma f7a23000
           <...>-11417 [004] ....  4465.030541: do_swap_page: swapin tgid 11382 pid 11417 name "Binder:11382_3" vma ec3de000
  UiThreadHelper-2057  [004] ....  4465.030584: do_swap_page: swapin tgid 2006 pid 2057 name "UiThreadHelper" vma 9f0c0000
           <...>-9372  [004] ....  4465.030629: do_swap_page: swapin tgid 1335 pid 9372 name "Binder:1335_15" vma 7ed0ec6000
           <...>-9372  [004] ....  4465.030639: do_swap_page: swapin tgid 1335 pid 9372 name "Binder:1335_15" vma 7e68293000
           <...>-9372  [004] ....  4465.030642: do_swap_page: swapin tgid 1335 pid 9372 name "Binder:1335_15" vma 7e68294000
 droid.launcher3-2006  [004] ....  4465.030672: do_swap_page: swapin tgid 2006 pid 2006 name "droid.launcher3" vma 9f06a000
 droid.launcher3-2006  [004] ....  4465.030678: do_swap_page: swapin tgid 2006 pid 2006 name "droid.launcher3" vma 9efea000
           <...>-9372  [004] ....  4465.030908: do_swap_page: swapin tgid 1335 pid 9372 name "Binder:1335_15" vma 7e68294000
           <...>-9372  [004] ....  4465.030914: do_swap_page: swapin tgid 1335 pid 9372 name "Binder:1335_15" vma 7eb4df2000
           <...>-9372  [004] ....  4465.030926: do_swap_page: swapin tgid 1335 pid 9372 name "Binder:1335_15" vma 7eb4d93000
           <...>-9372  [004] ....  4465.030929: do_swap_page: swapin tgid 1335 pid 9372 name "Binder:1335_15" vma 7f28bb1000
           <...>-9372  [004] ....  4465.030932: do_swap_page: swapin tgid 1335 pid 9372 name "Binder:1335_15" vma 7ed0e36000
           <...>-9372  [004] ....  4465.030937: do_swap_page: swapin tgid 1335 pid 9372 name "Binder:1335_15" vma 7e68291000
 droid.launcher3-2006  [004] ....  4465.030961: do_swap_page: swapin tgid 2006 pid 2006 name "droid.launcher3" vma 9efea000
 droid.launcher3-2006  [004] ....  4465.030969: do_swap_page: swapin tgid 2006 pid 2006 name "droid.launcher3" vma 9eff5000
           <...>-9372  [004] ....  4465.031053: do_swap_page: swapin tgid 1335 pid 9372 name "Binder:1335_15" vma 7e68291000
           <...>-9372  [004] ....  4465.031067: do_swap_page: swapin tgid 1335 pid 9372 name "Binder:1335_15" vma 7e68292000
           <...>-9372  [004] ....  4465.031105: do_swap_page: swapin tgid 1335 pid 9372 name "Binder:1335_15" vma 7f28b9c000
           <...>-9372  [004] ....  4465.031109: do_swap_page: swapin tgid 1335 pid 9372 name "Binder:1335_15" vma 7ed0d1f000
