           <...>-2006  [004] ....  1928.405118: do_swap_page: swapin tgid 2006 pid 2006 name "droid.launcher3" vma 7f28a26000
           <...>-2006  [004] ....  1928.405126: do_swap_page: swapin tgid 2006 pid 2006 name "droid.launcher3" vma 7fbddf8000
           <...>-2006  [004] ....  1928.405236: do_swap_page: swapin tgid 2006 pid 2006 name "droid.launcher3" vma 7fbddf8000
           <...>-2006  [004] ....  1928.405240: do_swap_page: swapin tgid 2006 pid 2006 name "droid.launcher3" vma 13de1000
           <...>-2006  [004] ....  1928.405246: do_swap_page: swapin tgid 2006 pid 2006 name "droid.launcher3" vma 72f78000
           <...>-2006  [004] ....  1928.405409: do_swap_page: swapin tgid 2006 pid 2006 name "droid.launcher3" vma 72f78000
           <...>-2006  [004] ....  1928.405414: do_swap_page: swapin tgid 2006 pid 2006 name "droid.launcher3" vma 730e5000
           <...>-2006  [004] ....  1928.405425: do_swap_page: swapin tgid 2006 pid 2006 name "droid.launcher3" vma 7f28b4e000
           <...>-2006  [004] ....  1928.405435: do_swap_page: swapin tgid 2006 pid 2006 name "droid.launcher3" vma 7f2898b000
           <...>-2006  [004] ....  1928.405438: do_swap_page: swapin tgid 2006 pid 2006 name "droid.launcher3" vma 7f2d144000
           <...>-2006  [004] ....  1928.405442: do_swap_page: swapin tgid 2006 pid 2006 name "droid.launcher3" vma 13dcc000
           <...>-2006  [004] ....  1928.405447: do_swap_page: swapin tgid 2006 pid 2006 name "droid.launcher3" vma 13cca000
           <...>-2006  [004] ....  1928.405450: do_swap_page: swapin tgid 2006 pid 2006 name "droid.launcher3" vma 13de2000
           <...>-2006  [004] ....  1928.405454: do_swap_page: swapin tgid 2006 pid 2006 name "droid.launcher3" vma 13de6000
           <...>-2006  [004] ....  1928.405467: do_swap_page: swapin tgid 2006 pid 2006 name "droid.launcher3" vma 9f08b000
           <...>-2006  [004] ....  1928.405570: do_swap_page: swapin tgid 2006 pid 2006 name "droid.launcher3" vma 9f08b000
           <...>-2006  [004] ....  1928.405602: do_swap_page: swapin tgid 2006 pid 2006 name "droid.launcher3" vma 7fbf700000
           <...>-2006  [004] ....  1928.405613: do_swap_page: swapin tgid 2006 pid 2006 name "droid.launcher3" vma 7fb9e3f000
           <...>-2006  [004] ....  1928.405616: do_swap_page: swapin tgid 2006 pid 2006 name "droid.launcher3" vma 7f28b3c000
           <...>-2006  [004] ....  1928.405618: do_swap_page: swapin tgid 2006 pid 2006 name "droid.launcher3" vma 7fbe180000
           <...>-2006  [004] ....  1928.405626: do_swap_page: swapin tgid 2006 pid 2006 name "droid.launcher3" vma 7f2d239000
 InputDispatcher-1445  [004] ....  1928.406017: do_swap_page: swapin tgid 1335 pid 1445 name "InputDispatcher" vma 7eb41b0000
           <...>-2006  [004] ....  1928.406043: do_swap_page: swapin tgid 2006 pid 2006 name "droid.launcher3" vma 7ecc97c000
           <...>-2006  [004] ....  1928.406048: do_swap_page: swapin tgid 2006 pid 2006 name "droid.launcher3" vma 7ecc97d000
           <...>-2006  [004] ....  1928.406062: do_swap_page: swapin tgid 2006 pid 2006 name "droid.launcher3" vma 13cc8000
           <...>-2006  [004] ....  1928.406070: do_swap_page: swapin tgid 2006 pid 2006 name "droid.launcher3" vma 7fbe1d3000
           <...>-2006  [004] ....  1928.406073: do_swap_page: swapin tgid 2006 pid 2006 name "droid.launcher3" vma 7fbe349000
           <...>-2006  [004] ....  1928.406077: do_swap_page: swapin tgid 2006 pid 2006 name "droid.launcher3" vma 7fbe1c5000
           <...>-2006  [004] ....  1928.406114: do_swap_page: swapin tgid 2006 pid 2006 name "droid.launcher3" vma 7fbe1fd000
           <...>-2006  [004] ....  1928.406121: do_swap_page: swapin tgid 2006 pid 2006 name "droid.launcher3" vma 7eccb80000
           <...>-2006  [004] ....  1928.406123: do_swap_page: swapin tgid 2006 pid 2006 name "droid.launcher3" vma 7fbd46e000
           <...>-2006  [004] ....  1928.406125: do_swap_page: swapin tgid 2006 pid 2006 name "droid.launcher3" vma 7fbe166000
           <...>-2006  [004] ....  1928.406128: do_swap_page: swapin tgid 2006 pid 2006 name "droid.launcher3" vma 7ec72ed000
           <...>-2006  [004] ....  1928.406131: do_swap_page: swapin tgid 2006 pid 2006 name "droid.launcher3" vma 7fbe1cb000
      android.ui-1356  [004] ....  1928.406172: do_swap_page: swapin tgid 1335 pid 1356 name "android.ui" vma 7f2895f000
      android.ui-1356  [004] ....  1928.406182: do_swap_page: swapin tgid 1335 pid 1356 name "android.ui" vma 7e57db8000
      android.ui-1356  [004] ....  1928.406185: do_swap_page: swapin tgid 1335 pid 1356 name "android.ui" vma 7e57db9000
      android.ui-1356  [004] ....  1928.406202: do_swap_page: swapin tgid 1335 pid 1356 name "android.ui" vma 7e57db6000
           <...>-2006  [004] ....  1928.406252: do_swap_page: swapin tgid 2006 pid 2006 name "droid.launcher3" vma 7fbe1cb000
           <...>-2006  [004] ....  1928.406258: do_swap_page: swapin tgid 2006 pid 2006 name "droid.launcher3" vma 7f28b4c000
      android.ui-1356  [004] ....  1928.406361: do_swap_page: swapin tgid 1335 pid 1356 name "android.ui" vma 7e63560000
      android.ui-1356  [004] ....  1928.406367: do_swap_page: swapin tgid 1335 pid 1356 name "android.ui" vma 7e63561000
 ndroid.systemui-1683  [004] ....  1928.406802: do_swap_page: swapin tgid 1683 pid 1683 name "ndroid.systemui" vma 7eb9f5b000
 ndroid.systemui-1683  [004] ....  1928.406808: do_swap_page: swapin tgid 1683 pid 1683 name "ndroid.systemui" vma 7eb9f5c000
 ndroid.systemui-1683  [004] ....  1928.406833: do_swap_page: swapin tgid 1683 pid 1683 name "ndroid.systemui" vma 7f39854000
 ndroid.systemui-1683  [004] ....  1928.406836: do_swap_page: swapin tgid 1683 pid 1683 name "ndroid.systemui" vma 7f3984e000
 ndroid.systemui-1683  [004] ....  1928.406841: do_swap_page: swapin tgid 1683 pid 1683 name "ndroid.systemui" vma 7f39840000
 ndroid.systemui-1683  [004] ....  1928.406843: do_swap_page: swapin tgid 1683 pid 1683 name "ndroid.systemui" vma 7f3985a000
 ndroid.systemui-1683  [004] ....  1928.406845: do_swap_page: swapin tgid 1683 pid 1683 name "ndroid.systemui" vma 7f39858000
 ndroid.systemui-1683  [004] ....  1928.406848: do_swap_page: swapin tgid 1683 pid 1683 name "ndroid.systemui" vma 7f39856000
 ndroid.systemui-1683  [004] ....  1928.406854: do_swap_page: swapin tgid 1683 pid 1683 name "ndroid.systemui" vma 7f3984d000
 ndroid.systemui-1683  [004] ....  1928.406869: do_swap_page: swapin tgid 1683 pid 1683 name "ndroid.systemui" vma 7fbc7ef000
 ndroid.systemui-1683  [004] ....  1928.406879: do_swap_page: swapin tgid 1683 pid 1683 name "ndroid.systemui" vma 7fbc7ed000
 ndroid.systemui-1683  [004] ....  1928.406884: do_swap_page: swapin tgid 1683 pid 1683 name "ndroid.systemui" vma 7fbc7f1000
    RenderThread-2146  [004] ....  1928.408997: do_swap_page: swapin tgid 1683 pid 2146 name "RenderThread" vma 7fbe175000
    RenderThread-2523  [004] ....  1928.409043: do_swap_page: swapin tgid 2006 pid 2523 name "RenderThread" vma 7ecb7d1000
    RenderThread-2523  [004] ....  1928.409051: do_swap_page: swapin tgid 2006 pid 2523 name "RenderThread" vma 7fbe231000
    RenderThread-2523  [004] ....  1928.409053: do_swap_page: swapin tgid 2006 pid 2523 name "RenderThread" vma 7ecb7d2000
    RenderThread-2523  [004] ....  1928.409055: do_swap_page: swapin tgid 2006 pid 2523 name "RenderThread" vma 7f28a02000
    RenderThread-2523  [004] ....  1928.409058: do_swap_page: swapin tgid 2006 pid 2523 name "RenderThread" vma 7ec9c72000
    RenderThread-2523  [004] ....  1928.409064: do_swap_page: swapin tgid 2006 pid 2523 name "RenderThread" vma 7fbaadc000
    RenderThread-2523  [004] ....  1928.409066: do_swap_page: swapin tgid 2006 pid 2523 name "RenderThread" vma 7f28b41000
    RenderThread-2523  [004] ....  1928.409069: do_swap_page: swapin tgid 2006 pid 2523 name "RenderThread" vma 7ecb7d0000
    RenderThread-2523  [004] ....  1928.409077: do_swap_page: swapin tgid 2006 pid 2523 name "RenderThread" vma 7fbd2d8000
    RenderThread-2523  [004] ....  1928.409081: do_swap_page: swapin tgid 2006 pid 2523 name "RenderThread" vma 7fbe1fb000
    RenderThread-2523  [004] ....  1928.409088: do_swap_page: swapin tgid 2006 pid 2523 name "RenderThread" vma 7ecc8df000
    RenderThread-2523  [004] ....  1928.409090: do_swap_page: swapin tgid 2006 pid 2523 name "RenderThread" vma 7f28bd8000
    RenderThread-2523  [004] ....  1928.409092: do_swap_page: swapin tgid 2006 pid 2523 name "RenderThread" vma 7ecc9af000
    RenderThread-2523  [004] ....  1928.409096: do_swap_page: swapin tgid 2006 pid 2523 name "RenderThread" vma 7fbe175000
           <...>-6364  [004] ....  1928.409128: do_swap_page: swapin tgid 6287 pid 6364 name "RenderThread" vma 7e96d47000
           <...>-6364  [004] ....  1928.409140: do_swap_page: swapin tgid 6287 pid 6364 name "RenderThread" vma 7f28a80000
           <...>-6364  [004] ....  1928.409145: do_swap_page: swapin tgid 6287 pid 6364 name "RenderThread" vma 7f28e55000
           <...>-6364  [004] ....  1928.409150: do_swap_page: swapin tgid 6287 pid 6364 name "RenderThread" vma 7e96d48000
           <...>-6364  [004] ....  1928.409152: do_swap_page: swapin tgid 6287 pid 6364 name "RenderThread" vma 7f28f6c000
           <...>-6364  [004] ....  1928.409156: do_swap_page: swapin tgid 6287 pid 6364 name "RenderThread" vma 7e94be0000
           <...>-6364  [004] ....  1928.409183: do_swap_page: swapin tgid 6287 pid 6364 name "RenderThread" vma 7fbe1eb000
           <...>-6364  [004] ....  1928.409188: do_swap_page: swapin tgid 6287 pid 6364 name "RenderThread" vma 7f289d5000
           <...>-6364  [004] ....  1928.409193: do_swap_page: swapin tgid 6287 pid 6364 name "RenderThread" vma 7e96d46000
           <...>-6364  [004] ....  1928.409235: do_swap_page: swapin tgid 6287 pid 6364 name "RenderThread" vma 7fbd2d8000
           <...>-6364  [004] ....  1928.409239: do_swap_page: swapin tgid 6287 pid 6364 name "RenderThread" vma 7fbd46e000
           <...>-6364  [004] ....  1928.409250: do_swap_page: swapin tgid 6287 pid 6364 name "RenderThread" vma 7f28f70000
           <...>-6364  [004] ....  1928.409252: do_swap_page: swapin tgid 6287 pid 6364 name "RenderThread" vma 7f28ff7000
           <...>-6364  [004] ....  1928.409254: do_swap_page: swapin tgid 6287 pid 6364 name "RenderThread" vma 7f28ff8000
           <...>-6364  [004] ....  1928.409269: do_swap_page: swapin tgid 6287 pid 6364 name "RenderThread" vma 7f29b51000
           <...>-6364  [004] ....  1928.409274: do_swap_page: swapin tgid 6287 pid 6364 name "RenderThread" vma 7f2d14d000
           <...>-6364  [004] ....  1928.409279: do_swap_page: swapin tgid 6287 pid 6364 name "RenderThread" vma 7fbe175000
           <...>-6364  [004] ....  1928.409282: do_swap_page: swapin tgid 6287 pid 6364 name "RenderThread" vma 7f28b30000
           <...>-6364  [004] ....  1928.409284: do_swap_page: swapin tgid 6287 pid 6364 name "RenderThread" vma 7f289ff000
           <...>-6364  [004] ....  1928.409288: do_swap_page: swapin tgid 6287 pid 6364 name "RenderThread" vma 7f28f6e000
           <...>-6561  [004] ....  1928.409335: do_swap_page: swapin tgid 1335 pid 6561 name "RenderThread" vma 7ea67a8000
           <...>-6561  [004] ....  1928.409343: do_swap_page: swapin tgid 1335 pid 6561 name "RenderThread" vma 7e8575b000
           <...>-6561  [004] ....  1928.409347: do_swap_page: swapin tgid 1335 pid 6561 name "RenderThread" vma 7ea67a9000
           <...>-6561  [004] ....  1928.409351: do_swap_page: swapin tgid 1335 pid 6561 name "RenderThread" vma 7e66ab7000
           <...>-6561  [004] ....  1928.409355: do_swap_page: swapin tgid 1335 pid 6561 name "RenderThread" vma 7f2d71e000
           <...>-6561  [004] ....  1928.409365: do_swap_page: swapin tgid 1335 pid 6561 name "RenderThread" vma 7ea67a7000
           <...>-6561  [004] ....  1928.409397: do_swap_page: swapin tgid 1335 pid 6561 name "RenderThread" vma 7fbd2d8000
           <...>-6561  [004] ....  1928.409403: do_swap_page: swapin tgid 1335 pid 6561 name "RenderThread" vma 7f2d74e000
           <...>-6561  [004] ....  1928.409406: do_swap_page: swapin tgid 1335 pid 6561 name "RenderThread" vma 7eb4fbe000
           <...>-6561  [004] ....  1928.409409: do_swap_page: swapin tgid 1335 pid 6561 name "RenderThread" vma 7e8584e000
           <...>-6561  [004] ....  1928.409416: do_swap_page: swapin tgid 1335 pid 6561 name "RenderThread" vma 7e57c8e000
           <...>-6561  [004] ....  1928.409420: do_swap_page: swapin tgid 1335 pid 6561 name "RenderThread" vma 7e634d2000
    RenderThread-2523  [004] ....  1928.409476: do_swap_page: swapin tgid 2006 pid 2523 name "RenderThread" vma 7fbe175000
    RenderThread-2523  [004] ....  1928.409483: do_swap_page: swapin tgid 2006 pid 2523 name "RenderThread" vma 7f28b2e000
    RenderThread-2523  [004] ....  1928.409487: do_swap_page: swapin tgid 2006 pid 2523 name "RenderThread" vma 7f28bdb000
    Binder:599_2-645   [004] ....  1928.409513: do_swap_page: swapin tgid 599 pid 645 name "Binder:599_2" vma 7fbab02000
    Binder:599_2-645   [004] ....  1928.409519: do_swap_page: swapin tgid 599 pid 645 name "Binder:599_2" vma 7fbab03000
    Binder:599_2-645   [004] ....  1928.409529: do_swap_page: swapin tgid 599 pid 645 name "Binder:599_2" vma 7fbe163000
    Binder:599_2-645   [004] ....  1928.409532: do_swap_page: swapin tgid 599 pid 645 name "Binder:599_2" vma 7fb7699000
    Binder:599_2-645   [004] ....  1928.409536: do_swap_page: swapin tgid 599 pid 645 name "Binder:599_2" vma 7fbe1c2000
    Binder:599_2-645   [004] ....  1928.409542: do_swap_page: swapin tgid 599 pid 645 name "Binder:599_2" vma 7fbe1c3000
    Binder:599_2-645   [004] ....  1928.409544: do_swap_page: swapin tgid 599 pid 645 name "Binder:599_2" vma 7fb76db000
    RenderThread-2523  [004] ....  1928.409683: do_swap_page: swapin tgid 2006 pid 2523 name "RenderThread" vma 7f2d145000
    RenderThread-2523  [004] ....  1928.409774: do_swap_page: swapin tgid 2006 pid 2523 name "RenderThread" vma 7fbe162000
    RenderThread-2523  [004] ....  1928.409780: do_swap_page: swapin tgid 2006 pid 2523 name "RenderThread" vma 7fbe2df000
    RenderThread-2523  [004] ....  1928.409785: do_swap_page: swapin tgid 2006 pid 2523 name "RenderThread" vma 7f28a1a000
    RenderThread-2523  [004] ....  1928.409787: do_swap_page: swapin tgid 2006 pid 2523 name "RenderThread" vma 7f28a1b000
    RenderThread-2523  [004] ....  1928.409790: do_swap_page: swapin tgid 2006 pid 2523 name "RenderThread" vma 7eccb61000
    RenderThread-2523  [004] ....  1928.409793: do_swap_page: swapin tgid 2006 pid 2523 name "RenderThread" vma 7fb9ee3000
    RenderThread-2146  [004] ....  1928.409858: do_swap_page: swapin tgid 1683 pid 2146 name "RenderThread" vma 7fbe175000
    RenderThread-2523  [004] ....  1928.409921: do_swap_page: swapin tgid 2006 pid 2523 name "RenderThread" vma 7fb9ee3000
    RenderThread-2523  [004] ....  1928.409928: do_swap_page: swapin tgid 2006 pid 2523 name "RenderThread" vma 7fbe2f1000
    Binder:599_1-644   [004] ....  1928.409971: do_swap_page: swapin tgid 599 pid 644 name "Binder:599_1" vma 7fbf5e3000
    Binder:599_3-1274  [004] ....  1928.410041: do_swap_page: swapin tgid 599 pid 1274 name "Binder:599_3" vma 7faa393000
    Binder:599_3-1274  [004] ....  1928.410050: do_swap_page: swapin tgid 599 pid 1274 name "Binder:599_3" vma 7faa394000
    Binder:599_3-1274  [004] ....  1928.410054: do_swap_page: swapin tgid 599 pid 1274 name "Binder:599_3" vma 7faa74f000
    Binder:599_3-1274  [004] ....  1928.410066: do_swap_page: swapin tgid 599 pid 1274 name "Binder:599_3" vma 7faa59b000
    Binder:599_3-1274  [004] ....  1928.410069: do_swap_page: swapin tgid 599 pid 1274 name "Binder:599_3" vma 7faa5b9000
    Binder:599_3-1274  [004] ....  1928.410073: do_swap_page: swapin tgid 599 pid 1274 name "Binder:599_3" vma 7faa72b000
    Binder:599_3-1274  [004] ....  1928.410075: do_swap_page: swapin tgid 599 pid 1274 name "Binder:599_3" vma 7faa72c000
 android.display-1358  [004] ....  1928.410108: do_swap_page: swapin tgid 1335 pid 1358 name "android.display" vma 7ecd8cc000
 android.display-1358  [004] ....  1928.410212: do_swap_page: swapin tgid 1335 pid 1358 name "android.display" vma 9f2c8000
    Binder:599_1-644   [004] ....  1928.410240: do_swap_page: swapin tgid 599 pid 644 name "Binder:599_1" vma 7fbf5e3000
    Binder:599_1-644   [004] ....  1928.410254: do_swap_page: swapin tgid 599 pid 644 name "Binder:599_1" vma 7fbc6f7000
    Binder:599_1-644   [004] ....  1928.410271: do_swap_page: swapin tgid 599 pid 644 name "Binder:599_1" vma 7fba6e9000
    RenderThread-2523  [004] ....  1928.410293: do_swap_page: swapin tgid 2006 pid 2523 name "RenderThread" vma 7eccbd0000
    Binder:599_4-2072  [004] ....  1928.410343: do_swap_page: swapin tgid 599 pid 2072 name "Binder:599_4" vma 7fab940000
    Binder:599_4-2072  [004] ....  1928.410350: do_swap_page: swapin tgid 599 pid 2072 name "Binder:599_4" vma 7fab941000
    Binder:599_4-2072  [004] ....  1928.410352: do_swap_page: swapin tgid 599 pid 2072 name "Binder:599_4" vma 7fba62d000
    Binder:599_4-2072  [004] ....  1928.410360: do_swap_page: swapin tgid 599 pid 2072 name "Binder:599_4" vma 7fba65b000
    Binder:599_4-2072  [004] ....  1928.410363: do_swap_page: swapin tgid 599 pid 2072 name "Binder:599_4" vma 7faa7b4000
    Binder:599_4-2072  [004] ....  1928.410366: do_swap_page: swapin tgid 599 pid 2072 name "Binder:599_4" vma 7faa7b5000
    RenderThread-2523  [004] ....  1928.410413: do_swap_page: swapin tgid 2006 pid 2523 name "RenderThread" vma 7ec72c2000
           <...>-6561  [004] ....  1928.410564: do_swap_page: swapin tgid 1335 pid 6561 name "RenderThread" vma 7f2d7a8000
    Binder:599_3-1274  [004] ....  1928.410598: do_swap_page: swapin tgid 599 pid 1274 name "Binder:599_3" vma 7fb75a3000
           <...>-6561  [004] ....  1928.410692: do_swap_page: swapin tgid 1335 pid 6561 name "RenderThread" vma 7e63624000
 android.display-1358  [004] ....  1928.410840: do_swap_page: swapin tgid 1335 pid 1358 name "android.display" vma 9f2c8000
 android.display-1358  [004] ....  1928.410868: do_swap_page: swapin tgid 1335 pid 1358 name "android.display" vma 7eb4cb6000
 android.display-1358  [004] ....  1928.410873: do_swap_page: swapin tgid 1335 pid 1358 name "android.display" vma 7f28a79000
           <...>-6364  [004] ....  1928.410999: do_swap_page: swapin tgid 6287 pid 6364 name "RenderThread" vma 7e7aa16000
           <...>-6364  [004] ....  1928.411008: do_swap_page: swapin tgid 6287 pid 6364 name "RenderThread" vma 7fbe291000
           <...>-6364  [004] ....  1928.411013: do_swap_page: swapin tgid 6287 pid 6364 name "RenderThread" vma 7fb9ee3000
 android.display-1358  [004] ....  1928.411072: do_swap_page: swapin tgid 1335 pid 1358 name "android.display" vma 7f28a79000
 android.display-1358  [004] ....  1928.411080: do_swap_page: swapin tgid 1335 pid 1358 name "android.display" vma 7f28b32000
 android.display-1358  [004] ....  1928.411085: do_swap_page: swapin tgid 1335 pid 1358 name "android.display" vma 7ed0c43000
 android.display-1358  [004] ....  1928.411257: do_swap_page: swapin tgid 1335 pid 1358 name "android.display" vma 7ed0c43000
 android.display-1358  [004] ....  1928.411266: do_swap_page: swapin tgid 1335 pid 1358 name "android.display" vma 7e8597e000
 android.display-1358  [004] ....  1928.411269: do_swap_page: swapin tgid 1335 pid 1358 name "android.display" vma 7f28abe000
 android.display-1358  [004] ....  1928.411271: do_swap_page: swapin tgid 1335 pid 1358 name "android.display" vma 7e66b5c000
 android.display-1358  [004] ....  1928.411386: do_swap_page: swapin tgid 1335 pid 1358 name "android.display" vma 7e66b5c000
 android.display-1358  [004] ....  1928.411389: do_swap_page: swapin tgid 1335 pid 1358 name "android.display" vma 7f28b34000
 android.display-1358  [004] ....  1928.411492: do_swap_page: swapin tgid 1335 pid 1358 name "android.display" vma 7f28b34000
 android.display-1358  [004] ....  1928.411497: do_swap_page: swapin tgid 1335 pid 1358 name "android.display" vma 7fbe2fe000
 android.display-1358  [004] ....  1928.411654: do_swap_page: swapin tgid 1335 pid 1358 name "android.display" vma 7fbe2fe000
 android.display-1358  [004] ....  1928.411677: do_swap_page: swapin tgid 1335 pid 1358 name "android.display" vma 7f28987000
 android.display-1358  [004] ....  1928.411686: do_swap_page: swapin tgid 1335 pid 1358 name "android.display" vma 7f28b35000
 android.display-1358  [004] ....  1928.411802: do_swap_page: swapin tgid 1335 pid 1358 name "android.display" vma 7f28b35000
 android.display-1358  [004] ....  1928.411889: do_swap_page: swapin tgid 1335 pid 1358 name "android.display" vma 9f098000
 android.display-1358  [004] ....  1928.412055: do_swap_page: swapin tgid 1335 pid 1358 name "android.display" vma 9f098000
 android.display-1358  [004] ....  1928.412064: do_swap_page: swapin tgid 1335 pid 1358 name "android.display" vma 7eb42fb000
 android.display-1358  [004] ....  1928.412218: do_swap_page: swapin tgid 1335 pid 1358 name "android.display" vma 7f2d670000
 android.display-1358  [004] ....  1928.412370: do_swap_page: swapin tgid 1335 pid 1358 name "android.display" vma 7eb42b1000
           <...>-1363  [004] ....  1928.412413: do_swap_page: swapin tgid 1335 pid 1363 name "android.bg" vma 9f29d000
           <...>-1579  [004] ....  1928.412455: do_swap_page: swapin tgid 1335 pid 1579 name "AudioService" vma 7e8572b000
   Binder:1683_5-2096  [004] ....  1928.412504: do_swap_page: swapin tgid 1683 pid 2096 name "Binder:1683_5" vma 7fbe241000
           <...>-1818  [004] ....  1928.412536: do_swap_page: swapin tgid 1783 pid 1818 name "Binder:1783_1" vma 7f28a4e000
           <...>-1818  [004] ....  1928.412546: do_swap_page: swapin tgid 1783 pid 1818 name "Binder:1783_1" vma 7f2e170000
           <...>-1818  [004] ....  1928.412566: do_swap_page: swapin tgid 1783 pid 1818 name "Binder:1783_1" vma 7f2e171000
           <...>-2877  [004] ....  1928.412615: do_swap_page: swapin tgid 1870 pid 2877 name "Binder:1870_3" vma 7f2d668000
           <...>-2877  [004] ....  1928.412658: do_swap_page: swapin tgid 1870 pid 2877 name "Binder:1870_3" vma 7f2dd90000
           <...>-2877  [004] ....  1928.412662: do_swap_page: swapin tgid 1870 pid 2877 name "Binder:1870_3" vma 7f2dd91000
           <...>-2028  [004] ....  1928.412701: do_swap_page: swapin tgid 1893 pid 2028 name "Binder:1893_5" vma 7fbe241000
           <...>-3738  [004] ....  1928.412765: do_swap_page: swapin tgid 1912 pid 3738 name "Binder:1912_B" vma 7fbe241000
           <...>-2453  [004] ....  1928.412795: do_swap_page: swapin tgid 1968 pid 2453 name "Binder:1968_5" vma 7f28b3b000
           <...>-2453  [004] ....  1928.412804: do_swap_page: swapin tgid 1968 pid 2453 name "Binder:1968_5" vma 7f28de9000
           <...>-2453  [004] ....  1928.412808: do_swap_page: swapin tgid 1968 pid 2453 name "Binder:1968_5" vma 7f28dea000
           <...>-1579  [004] ....  1928.412835: do_swap_page: swapin tgid 1335 pid 1579 name "AudioService" vma 7e8572b000
           <...>-1579  [004] ....  1928.412842: do_swap_page: swapin tgid 1335 pid 1579 name "AudioService" vma 7e85728000
   Binder:1683_5-2096  [004] ....  1928.412884: do_swap_page: swapin tgid 1683 pid 2096 name "Binder:1683_5" vma 7fbe241000
   Binder:1683_5-2096  [004] ....  1928.413021: do_swap_page: swapin tgid 1683 pid 2096 name "Binder:1683_5" vma 7f289dd000
           <...>-2208  [004] ....  1928.413060: do_swap_page: swapin tgid 1683 pid 2208 name "ScreenDecoratio" vma 7eb83f3000
           <...>-2208  [004] ....  1928.413069: do_swap_page: swapin tgid 1683 pid 2208 name "ScreenDecoratio" vma 7eb83f4000
           <...>-2208  [004] ....  1928.413072: do_swap_page: swapin tgid 1683 pid 2208 name "ScreenDecoratio" vma 7eba117000
           <...>-2208  [004] ....  1928.413076: do_swap_page: swapin tgid 1683 pid 2208 name "ScreenDecoratio" vma 7f28ebc000
           <...>-2208  [004] ....  1928.413080: do_swap_page: swapin tgid 1683 pid 2208 name "ScreenDecoratio" vma 7eb83f2000
           <...>-2208  [004] ....  1928.413084: do_swap_page: swapin tgid 1683 pid 2208 name "ScreenDecoratio" vma 7eb83f1000
           <...>-2877  [004] ....  1928.413114: do_swap_page: swapin tgid 1870 pid 2877 name "Binder:1870_3" vma 7f2dd91000
           <...>-2877  [004] ....  1928.413121: do_swap_page: swapin tgid 1870 pid 2877 name "Binder:1870_3" vma 7f2d667000
           <...>-2877  [004] ....  1928.413125: do_swap_page: swapin tgid 1870 pid 2877 name "Binder:1870_3" vma 7fbe180000
           <...>-2877  [004] ....  1928.413129: do_swap_page: swapin tgid 1870 pid 2877 name "Binder:1870_3" vma 7f2d673000
           <...>-2453  [004] ....  1928.413151: do_swap_page: swapin tgid 1968 pid 2453 name "Binder:1968_5" vma 7f28dea000
           <...>-2453  [004] ....  1928.413159: do_swap_page: swapin tgid 1968 pid 2453 name "Binder:1968_5" vma 7fbe272000
           <...>-2453  [004] ....  1928.413161: do_swap_page: swapin tgid 1968 pid 2453 name "Binder:1968_5" vma 7fbe180000
           <...>-2453  [004] ....  1928.413168: do_swap_page: swapin tgid 1968 pid 2453 name "Binder:1968_5" vma 7fbe1fd000
           <...>-2028  [004] ....  1928.413192: do_swap_page: swapin tgid 1893 pid 2028 name "Binder:1893_5" vma 7fbe241000
           <...>-2028  [004] ....  1928.413222: do_swap_page: swapin tgid 1893 pid 2028 name "Binder:1893_5" vma 7f2d674000
           <...>-2028  [004] ....  1928.413258: do_swap_page: swapin tgid 1893 pid 2028 name "Binder:1893_5" vma 7f2d61e000
           <...>-2028  [004] ....  1928.413268: do_swap_page: swapin tgid 1893 pid 2028 name "Binder:1893_5" vma 1344a000
           <...>-3738  [004] ....  1928.413288: do_swap_page: swapin tgid 1912 pid 3738 name "Binder:1912_B" vma 7fbe241000
           <...>-1912  [004] ....  1928.413401: do_swap_page: swapin tgid 1912 pid 1912 name "m.android.phone" vma 145e4000
           <...>-2208  [004] ....  1928.413545: do_swap_page: swapin tgid 1683 pid 2208 name "ScreenDecoratio" vma 7eb83f1000
           <...>-2208  [004] ....  1928.413554: do_swap_page: swapin tgid 1683 pid 2208 name "ScreenDecoratio" vma 7f30a97000
           <...>-2208  [004] ....  1928.413562: do_swap_page: swapin tgid 1683 pid 2208 name "ScreenDecoratio" vma 13304000
           <...>-2208  [004] ....  1928.413567: do_swap_page: swapin tgid 1683 pid 2208 name "ScreenDecoratio" vma 13d31000
           <...>-2208  [004] ....  1928.413572: do_swap_page: swapin tgid 1683 pid 2208 name "ScreenDecoratio" vma 13d30000
           <...>-2208  [004] ....  1928.413585: do_swap_page: swapin tgid 1683 pid 2208 name "ScreenDecoratio" vma 7eba11f000
           <...>-2208  [004] ....  1928.413587: do_swap_page: swapin tgid 1683 pid 2208 name "ScreenDecoratio" vma 7eba120000
           <...>-2208  [004] ....  1928.413590: do_swap_page: swapin tgid 1683 pid 2208 name "ScreenDecoratio" vma 7fbe23d000
           <...>-2208  [004] ....  1928.413594: do_swap_page: swapin tgid 1683 pid 2208 name "ScreenDecoratio" vma 7f28fd9000
           <...>-2208  [004] ....  1928.413599: do_swap_page: swapin tgid 1683 pid 2208 name "ScreenDecoratio" vma 7f28f1f000
           <...>-2208  [004] ....  1928.413601: do_swap_page: swapin tgid 1683 pid 2208 name "ScreenDecoratio" vma 7f28f20000
           <...>-2208  [004] ....  1928.413628: do_swap_page: swapin tgid 1683 pid 2208 name "ScreenDecoratio" vma 7f28f98000
           <...>-1818  [004] ....  1928.413637: do_swap_page: swapin tgid 1783 pid 1818 name "Binder:1783_1" vma 7f2e171000
           <...>-1818  [004] ....  1928.413643: do_swap_page: swapin tgid 1783 pid 1818 name "Binder:1783_1" vma 7f289fc000
           <...>-1818  [004] ....  1928.413647: do_swap_page: swapin tgid 1783 pid 1818 name "Binder:1783_1" vma 7fbe180000
           <...>-1818  [004] ....  1928.413651: do_swap_page: swapin tgid 1783 pid 1818 name "Binder:1783_1" vma 7fbe1fb000
           <...>-1579  [004] ....  1928.413682: do_swap_page: swapin tgid 1335 pid 1579 name "AudioService" vma 7e85728000
           <...>-1579  [004] ....  1928.413696: do_swap_page: swapin tgid 1335 pid 1579 name "AudioService" vma 9f2e1000
           <...>-2877  [004] ....  1928.413828: do_swap_page: swapin tgid 1870 pid 2877 name "Binder:1870_3" vma 7f2d673000
           <...>-2877  [004] ....  1928.413841: do_swap_page: swapin tgid 1870 pid 2877 name "Binder:1870_3" vma 7f2d615000
           <...>-2877  [004] ....  1928.413844: do_swap_page: swapin tgid 1870 pid 2877 name "Binder:1870_3" vma 7f2d62d000
           <...>-2453  [004] ....  1928.413875: do_swap_page: swapin tgid 1968 pid 2453 name "Binder:1968_5" vma 7fbe1fd000
           <...>-2453  [004] ....  1928.413888: do_swap_page: swapin tgid 1968 pid 2453 name "Binder:1968_5" vma 7fbe22c000
           <...>-2453  [004] ....  1928.413890: do_swap_page: swapin tgid 1968 pid 2453 name "Binder:1968_5" vma 7f28ac2000
           <...>-1912  [004] ....  1928.413925: do_swap_page: swapin tgid 1912 pid 1912 name "m.android.phone" vma 72d61000
           <...>-1579  [004] ....  1928.413958: do_swap_page: swapin tgid 1335 pid 1579 name "AudioService" vma 9f2e1000
           <...>-1579  [004] ....  1928.413976: do_swap_page: swapin tgid 1335 pid 1579 name "AudioService" vma 7e85729000
           <...>-1579  [004] ....  1928.413985: do_swap_page: swapin tgid 1335 pid 1579 name "AudioService" vma 9f2db000
           <...>-6364  [004] ....  1928.414025: do_swap_page: swapin tgid 6287 pid 6364 name "RenderThread" vma 7fb9ee3000
           <...>-6364  [004] ....  1928.414061: do_swap_page: swapin tgid 6287 pid 6364 name "RenderThread" vma 7f289b6000
           <...>-1818  [004] ....  1928.414084: do_swap_page: swapin tgid 1783 pid 1818 name "Binder:1783_1" vma 7fbe1fb000
           <...>-1818  [004] ....  1928.414097: do_swap_page: swapin tgid 1783 pid 1818 name "Binder:1783_1" vma 7fbe22b000
           <...>-1818  [004] ....  1928.414100: do_swap_page: swapin tgid 1783 pid 1818 name "Binder:1783_1" vma 7f28ac2000
           <...>-2453  [004] ....  1928.414154: do_swap_page: swapin tgid 1968 pid 2453 name "Binder:1968_5" vma 7f28ac2000
           <...>-2453  [004] ....  1928.414177: do_swap_page: swapin tgid 1968 pid 2453 name "Binder:1968_5" vma 7f28aca000
           <...>-2453  [004] ....  1928.414185: do_swap_page: swapin tgid 1968 pid 2453 name "Binder:1968_5" vma 7fb9e3f000
           <...>-2877  [004] ....  1928.414209: do_swap_page: swapin tgid 1870 pid 2877 name "Binder:1870_3" vma 7f2d62d000
           <...>-2877  [004] ....  1928.414215: do_swap_page: swapin tgid 1870 pid 2877 name "Binder:1870_3" vma 7f2d6a2000
           <...>-2877  [004] ....  1928.414219: do_swap_page: swapin tgid 1870 pid 2877 name "Binder:1870_3" vma 7fb9e3f000
           <...>-1912  [004] ....  1928.414263: do_swap_page: swapin tgid 1912 pid 1912 name "m.android.phone" vma 72d61000
   system_server-1335  [004] ....  1928.414312: do_swap_page: swapin tgid 1335 pid 1335 name "system_server" vma 9f29d000
           <...>-1818  [004] ....  1928.414445: do_swap_page: swapin tgid 1783 pid 1818 name "Binder:1783_1" vma 7f28ac2000
           <...>-1818  [004] ....  1928.414451: do_swap_page: swapin tgid 1783 pid 1818 name "Binder:1783_1" vma 7fbe248000
           <...>-1818  [004] ....  1928.414456: do_swap_page: swapin tgid 1783 pid 1818 name "Binder:1783_1" vma 7fb9e3f000
           <...>-2208  [004] ....  1928.414503: do_swap_page: swapin tgid 1683 pid 2208 name "ScreenDecoratio" vma 132b6000
           <...>-2208  [004] ....  1928.414507: do_swap_page: swapin tgid 1683 pid 2208 name "ScreenDecoratio" vma 132b7000
           <...>-2208  [004] ....  1928.414538: do_swap_page: swapin tgid 1683 pid 2208 name "ScreenDecoratio" vma 13d36000
           <...>-2208  [004] ....  1928.414541: do_swap_page: swapin tgid 1683 pid 2208 name "ScreenDecoratio" vma 13d35000
           <...>-1579  [004] ....  1928.414589: do_swap_page: swapin tgid 1335 pid 1579 name "AudioService" vma 9f2db000
           <...>-1579  [004] ....  1928.414594: do_swap_page: swapin tgid 1335 pid 1579 name "AudioService" vma 9f30e000
           <...>-2453  [004] ....  1928.414618: do_swap_page: swapin tgid 1968 pid 2453 name "Binder:1968_5" vma 7fb9e3f000
           <...>-2453  [004] ....  1928.414624: do_swap_page: swapin tgid 1968 pid 2453 name "Binder:1968_5" vma 7fbe2f1000
           <...>-2453  [004] ....  1928.414628: do_swap_page: swapin tgid 1968 pid 2453 name "Binder:1968_5" vma 7fbe241000
           <...>-2877  [004] ....  1928.414655: do_swap_page: swapin tgid 1870 pid 2877 name "Binder:1870_3" vma 7fb9e3f000
           <...>-2877  [004] ....  1928.414661: do_swap_page: swapin tgid 1870 pid 2877 name "Binder:1870_3" vma 7fbe2f1000
           <...>-2877  [004] ....  1928.414665: do_swap_page: swapin tgid 1870 pid 2877 name "Binder:1870_3" vma 7fbe241000
           <...>-1912  [004] ....  1928.414728: do_swap_page: swapin tgid 1912 pid 1912 name "m.android.phone" vma 14698000
           <...>-1579  [004] ....  1928.414769: do_swap_page: swapin tgid 1335 pid 1579 name "AudioService" vma 9f30e000
           <...>-1579  [004] ....  1928.414777: do_swap_page: swapin tgid 1335 pid 1579 name "AudioService" vma 7eb4238000
           <...>-1818  [004] ....  1928.414907: do_swap_page: swapin tgid 1783 pid 1818 name "Binder:1783_1" vma 7fb9e3f000
           <...>-1818  [004] ....  1928.414913: do_swap_page: swapin tgid 1783 pid 1818 name "Binder:1783_1" vma 7fbe2f1000
           <...>-1818  [004] ....  1928.414917: do_swap_page: swapin tgid 1783 pid 1818 name "Binder:1783_1" vma 7fbe241000
           <...>-2453  [004] ....  1928.414991: do_swap_page: swapin tgid 1968 pid 2453 name "Binder:1968_5" vma 7fbe241000
           <...>-2453  [004] ....  1928.414999: do_swap_page: swapin tgid 1968 pid 2453 name "Binder:1968_5" vma 7fbe1e9000
           <...>-1912  [004] ....  1928.415038: do_swap_page: swapin tgid 1912 pid 1912 name "m.android.phone" vma 14698000
           <...>-1912  [004] ....  1928.415047: do_swap_page: swapin tgid 1912 pid 1912 name "m.android.phone" vma 14699000
           <...>-2877  [004] ....  1928.415074: do_swap_page: swapin tgid 1870 pid 2877 name "Binder:1870_3" vma 7fbe241000
           <...>-2877  [004] ....  1928.415081: do_swap_page: swapin tgid 1870 pid 2877 name "Binder:1870_3" vma 7fbe1e9000
           <...>-2208  [004] ....  1928.415169: do_swap_page: swapin tgid 1683 pid 2208 name "ScreenDecoratio" vma 9f248000
           <...>-2453  [004] ....  1928.415210: do_swap_page: swapin tgid 1968 pid 2453 name "Binder:1968_5" vma 7fbe1e9000
           <...>-2453  [004] ....  1928.415219: do_swap_page: swapin tgid 1968 pid 2453 name "Binder:1968_5" vma 7f393d2000
           <...>-1818  [004] ....  1928.415241: do_swap_page: swapin tgid 1783 pid 1818 name "Binder:1783_1" vma 7fbe241000
           <...>-1818  [004] ....  1928.415247: do_swap_page: swapin tgid 1783 pid 1818 name "Binder:1783_1" vma 7fbe1e9000
           <...>-1912  [004] ....  1928.415290: do_swap_page: swapin tgid 1912 pid 1912 name "m.android.phone" vma 14699000
           <...>-1912  [004] ....  1928.415296: do_swap_page: swapin tgid 1912 pid 1912 name "m.android.phone" vma 12f00000
           <...>-2877  [004] ....  1928.415337: do_swap_page: swapin tgid 1870 pid 2877 name "Binder:1870_3" vma 7fbe1e9000
           <...>-2877  [004] ....  1928.415346: do_swap_page: swapin tgid 1870 pid 2877 name "Binder:1870_3" vma 7f393d2000
           <...>-2453  [004] ....  1928.415382: do_swap_page: swapin tgid 1968 pid 2453 name "Binder:1968_5" vma 7f393d2000
           <...>-2453  [004] ....  1928.415388: do_swap_page: swapin tgid 1968 pid 2453 name "Binder:1968_5" vma 7fbe165000
           <...>-1818  [004] ....  1928.415409: do_swap_page: swapin tgid 1783 pid 1818 name "Binder:1783_1" vma 7fbe1e9000
           <...>-1818  [004] ....  1928.415416: do_swap_page: swapin tgid 1783 pid 1818 name "Binder:1783_1" vma 7f393d2000
           <...>-2208  [004] ....  1928.415441: do_swap_page: swapin tgid 1683 pid 2208 name "ScreenDecoratio" vma 9f248000
           <...>-2208  [004] ....  1928.415447: do_swap_page: swapin tgid 1683 pid 2208 name "ScreenDecoratio" vma 9f187000
           <...>-1912  [004] ....  1928.415543: do_swap_page: swapin tgid 1912 pid 1912 name "m.android.phone" vma 12f00000
           <...>-2877  [004] ....  1928.415764: do_swap_page: swapin tgid 1870 pid 2877 name "Binder:1870_3" vma 7f393d2000
           <...>-2877  [004] ....  1928.415770: do_swap_page: swapin tgid 1870 pid 2877 name "Binder:1870_3" vma 7fbe165000
           <...>-2453  [004] ....  1928.415796: do_swap_page: swapin tgid 1968 pid 2453 name "Binder:1968_5" vma 7fbe165000
           <...>-2453  [004] ....  1928.415803: do_swap_page: swapin tgid 1968 pid 2453 name "Binder:1968_5" vma 7f28bc9000
           <...>-2453  [004] ....  1928.415806: do_swap_page: swapin tgid 1968 pid 2453 name "Binder:1968_5" vma 7fbc5de000
           <...>-1818  [004] ....  1928.415829: do_swap_page: swapin tgid 1783 pid 1818 name "Binder:1783_1" vma 7f393d2000
           <...>-1818  [004] ....  1928.415835: do_swap_page: swapin tgid 1783 pid 1818 name "Binder:1783_1" vma 7fbe165000
           <...>-2208  [004] ....  1928.415861: do_swap_page: swapin tgid 1683 pid 2208 name "ScreenDecoratio" vma 9f187000
           <...>-2208  [004] ....  1928.415867: do_swap_page: swapin tgid 1683 pid 2208 name "ScreenDecoratio" vma 13d2f000
           <...>-2877  [004] ....  1928.416013: do_swap_page: swapin tgid 1870 pid 2877 name "Binder:1870_3" vma 7fbe165000
           <...>-2877  [004] ....  1928.416020: do_swap_page: swapin tgid 1870 pid 2877 name "Binder:1870_3" vma 7f2d662000
           <...>-2877  [004] ....  1928.416025: do_swap_page: swapin tgid 1870 pid 2877 name "Binder:1870_3" vma 7fbc5de000
           <...>-2453  [004] ....  1928.416048: do_swap_page: swapin tgid 1968 pid 2453 name "Binder:1968_5" vma 7fbc5de000
           <...>-2453  [004] ....  1928.416055: do_swap_page: swapin tgid 1968 pid 2453 name "Binder:1968_5" vma 7fbbd3a000
           <...>-1818  [004] ....  1928.416076: do_swap_page: swapin tgid 1783 pid 1818 name "Binder:1783_1" vma 7fbe165000
           <...>-1818  [004] ....  1928.416082: do_swap_page: swapin tgid 1783 pid 1818 name "Binder:1783_1" vma 7f28b7e000
           <...>-1818  [004] ....  1928.416086: do_swap_page: swapin tgid 1783 pid 1818 name "Binder:1783_1" vma 7fbc5de000
           <...>-2877  [004] ....  1928.416408: do_swap_page: swapin tgid 1870 pid 2877 name "Binder:1870_3" vma 7fbc5de000
           <...>-2877  [004] ....  1928.416415: do_swap_page: swapin tgid 1870 pid 2877 name "Binder:1870_3" vma 7fbbd3a000
           <...>-2453  [004] ....  1928.416439: do_swap_page: swapin tgid 1968 pid 2453 name "Binder:1968_5" vma 7fbbd3a000
           <...>-2453  [004] ....  1928.416445: do_swap_page: swapin tgid 1968 pid 2453 name "Binder:1968_5" vma 7f28b19000
           <...>-2453  [004] ....  1928.416450: do_swap_page: swapin tgid 1968 pid 2453 name "Binder:1968_5" vma 7f393d0000
           <...>-2453  [004] ....  1928.416455: do_swap_page: swapin tgid 1968 pid 2453 name "Binder:1968_5" vma 7fbe23c000
           <...>-2877  [004] ....  1928.416633: do_swap_page: swapin tgid 1870 pid 2877 name "Binder:1870_3" vma 7fbbd3a000
           <...>-2877  [004] ....  1928.416640: do_swap_page: swapin tgid 1870 pid 2877 name "Binder:1870_3" vma 7f2d61a000
           <...>-2877  [004] ....  1928.416645: do_swap_page: swapin tgid 1870 pid 2877 name "Binder:1870_3" vma 7f393d0000
           <...>-2877  [004] ....  1928.416647: do_swap_page: swapin tgid 1870 pid 2877 name "Binder:1870_3" vma 7fbe23c000
           <...>-2453  [004] ....  1928.416675: do_swap_page: swapin tgid 1968 pid 2453 name "Binder:1968_5" vma 7fbe23c000
           <...>-2453  [004] ....  1928.416681: do_swap_page: swapin tgid 1968 pid 2453 name "Binder:1968_5" vma 7f28bca000
           <...>-2453  [004] ....  1928.416685: do_swap_page: swapin tgid 1968 pid 2453 name "Binder:1968_5" vma 7f318f3000
           <...>-1818  [004] ....  1928.416724: do_swap_page: swapin tgid 1783 pid 1818 name "Binder:1783_1" vma 7fbc5de000
           <...>-1818  [004] ....  1928.416731: do_swap_page: swapin tgid 1783 pid 1818 name "Binder:1783_1" vma 7fbbd3a000
           <...>-2208  [004] ....  1928.416807: do_swap_page: swapin tgid 1683 pid 2208 name "ScreenDecoratio" vma 9f04c000
           <...>-2208  [004] ....  1928.416823: do_swap_page: swapin tgid 1683 pid 2208 name "ScreenDecoratio" vma 13ccd000
           <...>-2208  [004] ....  1928.416855: do_swap_page: swapin tgid 1683 pid 2208 name "ScreenDecoratio" vma 9f11c000
           <...>-2877  [004] ....  1928.416881: do_swap_page: swapin tgid 1870 pid 2877 name "Binder:1870_3" vma 7fbe23c000
           <...>-2877  [004] ....  1928.416886: do_swap_page: swapin tgid 1870 pid 2877 name "Binder:1870_3" vma 7f2d663000
           <...>-2877  [004] ....  1928.416891: do_swap_page: swapin tgid 1870 pid 2877 name "Binder:1870_3" vma 7f318f3000
           <...>-1818  [004] ....  1928.416913: do_swap_page: swapin tgid 1783 pid 1818 name "Binder:1783_1" vma 7fbbd3a000
           <...>-1818  [004] ....  1928.416919: do_swap_page: swapin tgid 1783 pid 1818 name "Binder:1783_1" vma 7f28b18000
           <...>-1818  [004] ....  1928.416923: do_swap_page: swapin tgid 1783 pid 1818 name "Binder:1783_1" vma 7f393d0000
           <...>-1818  [004] ....  1928.416925: do_swap_page: swapin tgid 1783 pid 1818 name "Binder:1783_1" vma 7fbe23c000
           <...>-2453  [004] ....  1928.416952: do_swap_page: swapin tgid 1968 pid 2453 name "Binder:1968_5" vma 7f318f3000
           <...>-2453  [004] ....  1928.416959: do_swap_page: swapin tgid 1968 pid 2453 name "Binder:1968_5" vma 13808000
 android.display-1358  [004] ....  1928.416985: do_swap_page: swapin tgid 1335 pid 1358 name "android.display" vma 7eb42b1000
 android.display-1358  [004] ....  1928.417203: do_swap_page: swapin tgid 1335 pid 1358 name "android.display" vma 7e57d37000
   Binder:2006_1-2026  [004] ....  1928.417239: do_swap_page: swapin tgid 2006 pid 2026 name "Binder:2006_1" vma 7f28a4e000
   Binder:2006_1-2026  [004] ....  1928.417246: do_swap_page: swapin tgid 2006 pid 2026 name "Binder:2006_1" vma 7f2e170000
   Binder:2006_1-2026  [004] ....  1928.417250: do_swap_page: swapin tgid 2006 pid 2026 name "Binder:2006_1" vma 7f2e171000
           <...>-9411  [004] ....  1928.417297: do_swap_page: swapin tgid 2269 pid 9411 name "Binder:2269_C" vma 7fbe241000
           <...>-3657  [004] ....  1928.417342: do_swap_page: swapin tgid 2401 pid 3657 name "Binder:2401_6" vma 7fbe241000
           <...>-2455  [004] ....  1928.417367: do_swap_page: swapin tgid 2433 pid 2455 name "Binder:2433_1" vma 7f28a4e000
           <...>-2455  [004] ....  1928.417396: do_swap_page: swapin tgid 2433 pid 2455 name "Binder:2433_1" vma 7f2e170000
           <...>-2455  [004] ....  1928.417400: do_swap_page: swapin tgid 2433 pid 2455 name "Binder:2433_1" vma 7f2e171000
           <...>-2477  [004] ....  1928.417433: do_swap_page: swapin tgid 2457 pid 2477 name "Binder:2457_1" vma 7f2d653000
           <...>-2477  [004] ....  1928.417440: do_swap_page: swapin tgid 2457 pid 2477 name "Binder:2457_1" vma 7f2e170000
           <...>-2477  [004] ....  1928.417444: do_swap_page: swapin tgid 2457 pid 2477 name "Binder:2457_1" vma 7f2e171000
           <...>-9411  [004] ....  1928.417493: do_swap_page: swapin tgid 2269 pid 9411 name "Binder:2269_C" vma 7fbe241000
           <...>-9411  [004] ....  1928.417507: do_swap_page: swapin tgid 2269 pid 9411 name "Binder:2269_C" vma 13a28000
   Binder:2006_1-2026  [004] ....  1928.417557: do_swap_page: swapin tgid 2006 pid 2026 name "Binder:2006_1" vma 7f2e171000
   Binder:2006_1-2026  [004] ....  1928.417562: do_swap_page: swapin tgid 2006 pid 2026 name "Binder:2006_1" vma 7f289fc000
   Binder:2006_1-2026  [004] ....  1928.417592: do_swap_page: swapin tgid 2006 pid 2026 name "Binder:2006_1" vma 7fbe22b000
   Binder:2006_1-2026  [004] ....  1928.417595: do_swap_page: swapin tgid 2006 pid 2026 name "Binder:2006_1" vma 7f28ac2000
   Binder:2006_1-2026  [004] ....  1928.417597: do_swap_page: swapin tgid 2006 pid 2026 name "Binder:2006_1" vma 7fbe218000
   Binder:2006_1-2026  [004] ....  1928.417616: do_swap_page: swapin tgid 2006 pid 2026 name "Binder:2006_1" vma 7fbe241000
           <...>-3657  [004] ....  1928.417650: do_swap_page: swapin tgid 2401 pid 3657 name "Binder:2401_6" vma 7fbe241000
           <...>-3657  [004] ....  1928.417687: do_swap_page: swapin tgid 2401 pid 3657 name "Binder:2401_6" vma 12e09000
           <...>-2477  [004] ....  1928.417709: do_swap_page: swapin tgid 2457 pid 2477 name "Binder:2457_1" vma 7f2e171000
           <...>-2477  [004] ....  1928.417714: do_swap_page: swapin tgid 2457 pid 2477 name "Binder:2457_1" vma 7f2d651000
           <...>-2477  [004] ....  1928.417719: do_swap_page: swapin tgid 2457 pid 2477 name "Binder:2457_1" vma 7fbe180000
           <...>-2477  [004] ....  1928.417758: do_swap_page: swapin tgid 2457 pid 2477 name "Binder:2457_1" vma 7f2d67a000
           <...>-2455  [004] ....  1928.417784: do_swap_page: swapin tgid 2433 pid 2455 name "Binder:2433_1" vma 7f2e171000
           <...>-2455  [004] ....  1928.417790: do_swap_page: swapin tgid 2433 pid 2455 name "Binder:2433_1" vma 7f289fc000
           <...>-2455  [004] ....  1928.417794: do_swap_page: swapin tgid 2433 pid 2455 name "Binder:2433_1" vma 7fbe180000
           <...>-2455  [004] ....  1928.417804: do_swap_page: swapin tgid 2433 pid 2455 name "Binder:2433_1" vma 7fbe22b000
           <...>-2455  [004] ....  1928.417806: do_swap_page: swapin tgid 2433 pid 2455 name "Binder:2433_1" vma 7f28ac2000
   Binder:2006_1-2026  [004] ....  1928.417835: do_swap_page: swapin tgid 2006 pid 2026 name "Binder:2006_1" vma 7fbe241000
   Binder:2006_1-2026  [004] ....  1928.417843: do_swap_page: swapin tgid 2006 pid 2026 name "Binder:2006_1" vma 7f28b7e000
   Binder:2006_1-2026  [004] ....  1928.417847: do_swap_page: swapin tgid 2006 pid 2026 name "Binder:2006_1" vma 7fbbd3a000
   Binder:2006_1-2026  [004] ....  1928.417849: do_swap_page: swapin tgid 2006 pid 2026 name "Binder:2006_1" vma 7f28b18000
   Binder:2006_1-2026  [004] ....  1928.417853: do_swap_page: swapin tgid 2006 pid 2026 name "Binder:2006_1" vma 7f28b7f000
   Binder:2006_1-2026  [004] ....  1928.417878: do_swap_page: swapin tgid 2006 pid 2026 name "Binder:2006_1" vma 13ce8000
           <...>-2477  [004] ....  1928.417902: do_swap_page: swapin tgid 2457 pid 2477 name "Binder:2457_1" vma 7f2d67a000
           <...>-2477  [004] ....  1928.417914: do_swap_page: swapin tgid 2457 pid 2477 name "Binder:2457_1" vma 7f2d615000
           <...>-2477  [004] ....  1928.417916: do_swap_page: swapin tgid 2457 pid 2477 name "Binder:2457_1" vma 7f2d61f000
           <...>-2877  [004] ....  1928.417942: do_swap_page: swapin tgid 1870 pid 2877 name "Binder:1870_3" vma 7f318f3000
           <...>-2877  [004] ....  1928.417951: do_swap_page: swapin tgid 1870 pid 2877 name "Binder:1870_3" vma 13283000
           <...>-2455  [004] ....  1928.417991: do_swap_page: swapin tgid 2433 pid 2455 name "Binder:2433_1" vma 7f28ac2000
           <...>-2455  [004] ....  1928.417997: do_swap_page: swapin tgid 2433 pid 2455 name "Binder:2433_1" vma 7f28d7c000
           <...>-2455  [004] ....  1928.418002: do_swap_page: swapin tgid 2433 pid 2455 name "Binder:2433_1" vma 7fb9e3f000
           <...>-2453  [004] ....  1928.418030: do_swap_page: swapin tgid 1968 pid 2453 name "Binder:1968_5" vma 13808000
           <...>-2453  [004] ....  1928.418068: do_swap_page: swapin tgid 1968 pid 2453 name "Binder:1968_5" vma 7fbe286000
           <...>-2453  [004] ....  1928.418074: do_swap_page: swapin tgid 1968 pid 2453 name "Binder:1968_5" vma 7fbe285000
           <...>-2453  [004] ....  1928.418076: do_swap_page: swapin tgid 1968 pid 2453 name "Binder:1968_5" vma 7f393d1000
           <...>-2477  [004] ....  1928.418099: do_swap_page: swapin tgid 2457 pid 2477 name "Binder:2457_1" vma 7f2d61f000
           <...>-2477  [004] ....  1928.418104: do_swap_page: swapin tgid 2457 pid 2477 name "Binder:2457_1" vma 7f2d6a2000
           <...>-2477  [004] ....  1928.418109: do_swap_page: swapin tgid 2457 pid 2477 name "Binder:2457_1" vma 7fb9e3f000
           <...>-2455  [004] ....  1928.418152: do_swap_page: swapin tgid 2433 pid 2455 name "Binder:2433_1" vma 7fb9e3f000
           <...>-2455  [004] ....  1928.418158: do_swap_page: swapin tgid 2433 pid 2455 name "Binder:2433_1" vma 7fbe2f3000
           <...>-2455  [004] ....  1928.418161: do_swap_page: swapin tgid 2433 pid 2455 name "Binder:2433_1" vma 7fbe241000
   Binder:2006_1-2026  [004] ....  1928.418214: do_swap_page: swapin tgid 2006 pid 2026 name "Binder:2006_1" vma 13ce8000
   Binder:2006_1-2026  [004] ....  1928.418223: do_swap_page: swapin tgid 2006 pid 2026 name "Binder:2006_1" vma 7f2e16e000
   Binder:2006_1-2026  [004] ....  1928.418234: do_swap_page: swapin tgid 2006 pid 2026 name "Binder:2006_1" vma 7f314df000
   Binder:2006_1-2026  [004] ....  1928.418237: do_swap_page: swapin tgid 2006 pid 2026 name "Binder:2006_1" vma 7f2e16f000
   Binder:2006_1-2026  [004] ....  1928.418239: do_swap_page: swapin tgid 2006 pid 2026 name "Binder:2006_1" vma 12dc9000
   Binder:2006_1-2026  [004] ....  1928.418261: do_swap_page: swapin tgid 2006 pid 2026 name "Binder:2006_1" vma 12dc7000
   Binder:2006_1-2026  [004] ....  1928.418266: do_swap_page: swapin tgid 2006 pid 2026 name "Binder:2006_1" vma 7fbe312000
   Binder:2006_1-2026  [004] ....  1928.418269: do_swap_page: swapin tgid 2006 pid 2026 name "Binder:2006_1" vma 7f2895c000
   Binder:2006_1-2026  [004] ....  1928.418274: do_swap_page: swapin tgid 2006 pid 2026 name "Binder:2006_1" vma 7f28a5d000
   Binder:2006_1-2026  [004] ....  1928.418279: do_swap_page: swapin tgid 2006 pid 2026 name "Binder:2006_1" vma 7f395f0000
