           <...>-2006  [004] ....  6989.110389: do_swap_page: swapin tgid 2006 pid 2006 name "droid.launcher3" vma 7ec726c000
           <...>-2367  [004] ....  6989.110426: do_swap_page: swapin tgid 814 pid 2367 name "NodeLooperThrea" vma 7fbb81d000
           <...>-2367  [004] ....  6989.110573: do_swap_page: swapin tgid 814 pid 2367 name "NodeLooperThrea" vma 7fbb85b000
           <...>-2006  [004] ....  6989.110610: do_swap_page: swapin tgid 2006 pid 2006 name "droid.launcher3" vma 13d91000
           <...>-2006  [004] ....  6989.110618: do_swap_page: swapin tgid 2006 pid 2006 name "droid.launcher3" vma 13da5000
           <...>-2006  [004] ....  6989.110627: do_swap_page: swapin tgid 2006 pid 2006 name "droid.launcher3" vma 7f34f0a000
           <...>-2006  [004] ....  6989.110634: do_swap_page: swapin tgid 2006 pid 2006 name "droid.launcher3" vma 12fd4000
           <...>-2006  [004] ....  6989.110637: do_swap_page: swapin tgid 2006 pid 2006 name "droid.launcher3" vma 7f34f06000
           <...>-2006  [004] ....  6989.110640: do_swap_page: swapin tgid 2006 pid 2006 name "droid.launcher3" vma 13cc3000
           <...>-2006  [004] ....  6989.110653: do_swap_page: swapin tgid 2006 pid 2006 name "droid.launcher3" vma 13d92000
           <...>-2006  [004] ....  6989.110658: do_swap_page: swapin tgid 2006 pid 2006 name "droid.launcher3" vma 9efc6000
           <...>-2367  [004] ....  6989.110715: do_swap_page: swapin tgid 814 pid 2367 name "NodeLooperThrea" vma 7fbb85b000
           <...>-669   [004] ....  6989.110818: do_swap_page: swapin tgid 599 pid 669 name "surfaceflinger" vma 7faa5ff000
           <...>-669   [004] ....  6989.110824: do_swap_page: swapin tgid 599 pid 669 name "surfaceflinger" vma 7faa6f7000
           <...>-669   [004] .n..  6989.110857: do_swap_page: swapin tgid 599 pid 669 name "surfaceflinger" vma 7fba701000
           <...>-2006  [004] ....  6989.110887: do_swap_page: swapin tgid 2006 pid 2006 name "droid.launcher3" vma 9efc6000
           <...>-2006  [004] ....  6989.110904: do_swap_page: swapin tgid 2006 pid 2006 name "droid.launcher3" vma 13d8b000
           <...>-2006  [004] ....  6989.110915: do_swap_page: swapin tgid 2006 pid 2006 name "droid.launcher3" vma 7fbe170000
           <...>-2006  [004] ....  6989.110917: do_swap_page: swapin tgid 2006 pid 2006 name "droid.launcher3" vma 7fbe249000
           <...>-2006  [004] ....  6989.110922: do_swap_page: swapin tgid 2006 pid 2006 name "droid.launcher3" vma 7f289fb000
           <...>-1358  [004] ....  6989.110957: do_swap_page: swapin tgid 1335 pid 1358 name "android.display" vma 140af000
           <...>-2367  [004] ....  6989.111196: do_swap_page: swapin tgid 814 pid 2367 name "NodeLooperThrea" vma 7fbd26b000
           <...>-2367  [004] ....  6989.111201: do_swap_page: swapin tgid 814 pid 2367 name "NodeLooperThrea" vma 7fbd26c000
           <...>-2367  [004] ....  6989.111205: do_swap_page: swapin tgid 814 pid 2367 name "NodeLooperThrea" vma 7fbd240000
           <...>-2367  [004] ....  6989.111210: do_swap_page: swapin tgid 814 pid 2367 name "NodeLooperThrea" vma 7fbe025000
           <...>-2367  [004] ....  6989.111222: do_swap_page: swapin tgid 814 pid 2367 name "NodeLooperThrea" vma 7fbd20a000
           <...>-2367  [004] ....  6989.111227: do_swap_page: swapin tgid 814 pid 2367 name "NodeLooperThrea" vma 7fbd20e000
           <...>-2367  [004] ....  6989.111229: do_swap_page: swapin tgid 814 pid 2367 name "NodeLooperThrea" vma 7fbe024000
           <...>-2006  [004] ....  6989.111271: do_swap_page: swapin tgid 2006 pid 2006 name "droid.launcher3" vma 7f289fb000
           <...>-2006  [004] ....  6989.111289: do_swap_page: swapin tgid 2006 pid 2006 name "droid.launcher3" vma 13d8c000
           <...>-2006  [004] ....  6989.111291: do_swap_page: swapin tgid 2006 pid 2006 name "droid.launcher3" vma 9efc5000
      android.ui-1356  [004] ....  6989.111325: do_swap_page: swapin tgid 1335 pid 1356 name "android.ui" vma 9f12f000
      android.ui-1356  [004] ....  6989.111340: do_swap_page: swapin tgid 1335 pid 1356 name "android.ui" vma 9f055000
      android.ui-1356  [004] ....  6989.111345: do_swap_page: swapin tgid 1335 pid 1356 name "android.ui" vma 9f2cf000
           <...>-2367  [004] ....  6989.111378: do_swap_page: swapin tgid 814 pid 2367 name "NodeLooperThrea" vma 7fbe024000
           <...>-2367  [004] ....  6989.111390: do_swap_page: swapin tgid 814 pid 2367 name "NodeLooperThrea" vma 7fbb7fa000
           <...>-2367  [004] ....  6989.111397: do_swap_page: swapin tgid 814 pid 2367 name "NodeLooperThrea" vma 7fbd212000
           <...>-2367  [004] ....  6989.111402: do_swap_page: swapin tgid 814 pid 2367 name "NodeLooperThrea" vma 7fbd9fe000
           <...>-1335  [004] ....  6989.111444: do_swap_page: swapin tgid 1335 pid 1335 name "system_server" vma 9f1d0000
           <...>-2006  [004] ....  6989.111501: do_swap_page: swapin tgid 2006 pid 2006 name "droid.launcher3" vma 9efc5000
           <...>-2006  [004] ....  6989.111509: do_swap_page: swapin tgid 2006 pid 2006 name "droid.launcher3" vma 9f0c2000
           <...>-1358  [004] ....  6989.111547: do_swap_page: swapin tgid 1335 pid 1358 name "android.display" vma 7f2d669000
           <...>-1358  [004] ....  6989.111560: do_swap_page: swapin tgid 1335 pid 1358 name "android.display" vma 7f28b1d000
           <...>-1358  [004] ....  6989.111563: do_swap_page: swapin tgid 1335 pid 1358 name "android.display" vma 7f28b1e000
           <...>-1358  [004] ....  6989.111567: do_swap_page: swapin tgid 1335 pid 1358 name "android.display" vma 7e57ce8000
           <...>-2367  [004] ....  6989.111596: do_swap_page: swapin tgid 814 pid 2367 name "NodeLooperThrea" vma 7fbd9fe000
           <...>-2367  [004] ....  6989.111636: do_swap_page: swapin tgid 814 pid 2367 name "NodeLooperThrea" vma 7fbf5e3000
      android.ui-1356  [004] ....  6989.111686: do_swap_page: swapin tgid 1335 pid 1356 name "android.ui" vma 9f2cf000
      android.ui-1356  [004] ....  6989.111691: do_swap_page: swapin tgid 1335 pid 1356 name "android.ui" vma 9f198000
           <...>-2367  [004] ....  6989.111775: do_swap_page: swapin tgid 814 pid 2367 name "NodeLooperThrea" vma 7fbf5e3000
           <...>-2367  [004] ....  6989.111789: do_swap_page: swapin tgid 814 pid 2367 name "NodeLooperThrea" vma 7fbd7f3000
           <...>-2006  [004] ....  6989.112282: do_swap_page: swapin tgid 2006 pid 2006 name "droid.launcher3" vma 9f0c2000
           <...>-2006  [004] ....  6989.112288: do_swap_page: swapin tgid 2006 pid 2006 name "droid.launcher3" vma 9f0d3000
      android.ui-1356  [004] ....  6989.112332: do_swap_page: swapin tgid 1335 pid 1356 name "android.ui" vma 9f198000
      android.ui-1356  [004] ....  6989.112342: do_swap_page: swapin tgid 1335 pid 1356 name "android.ui" vma 9efbe000
      android.ui-1356  [004] ....  6989.112364: do_swap_page: swapin tgid 1335 pid 1356 name "android.ui" vma 7eb42bb000
      android.ui-1356  [004] ....  6989.112369: do_swap_page: swapin tgid 1335 pid 1356 name "android.ui" vma 13f33000
      android.ui-1356  [004] ....  6989.112446: do_swap_page: swapin tgid 1335 pid 1356 name "android.ui" vma 9f2d4000
           <...>-2006  [004] ....  6989.112474: do_swap_page: swapin tgid 2006 pid 2006 name "droid.launcher3" vma 9f0d3000
           <...>-2006  [004] ....  6989.112480: do_swap_page: swapin tgid 2006 pid 2006 name "droid.launcher3" vma 9f0cd000
 ndroid.systemui-1683  [004] ....  6989.112507: do_swap_page: swapin tgid 1683 pid 1683 name "ndroid.systemui" vma 9f1dd000
 ndroid.systemui-1683  [004] ....  6989.112519: do_swap_page: swapin tgid 1683 pid 1683 name "ndroid.systemui" vma 13e0f000
 ndroid.systemui-1683  [004] ....  6989.112526: do_swap_page: swapin tgid 1683 pid 1683 name "ndroid.systemui" vma 9f1be000
      android.ui-1356  [004] ....  6989.112567: do_swap_page: swapin tgid 1335 pid 1356 name "android.ui" vma 9f2d4000
      android.ui-1356  [004] ....  6989.112578: do_swap_page: swapin tgid 1335 pid 1356 name "android.ui" vma 9f00f000
      android.ui-1356  [004] ....  6989.112581: do_swap_page: swapin tgid 1335 pid 1356 name "android.ui" vma 9f13e000
           <...>-2006  [004] ....  6989.112620: do_swap_page: swapin tgid 2006 pid 2006 name "droid.launcher3" vma 9f0cd000
           <...>-2006  [004] ....  6989.112661: do_swap_page: swapin tgid 2006 pid 2006 name "droid.launcher3" vma 12fc0000
           <...>-2006  [004] ....  6989.112664: do_swap_page: swapin tgid 2006 pid 2006 name "droid.launcher3" vma 13d96000
           <...>-2006  [004] ....  6989.112675: do_swap_page: swapin tgid 2006 pid 2006 name "droid.launcher3" vma 7eccad7000
           <...>-2006  [004] ....  6989.112678: do_swap_page: swapin tgid 2006 pid 2006 name "droid.launcher3" vma 7f28b5d000
           <...>-2006  [004] ....  6989.112687: do_swap_page: swapin tgid 2006 pid 2006 name "droid.launcher3" vma 13d95000
           <...>-2006  [004] ....  6989.112689: do_swap_page: swapin tgid 2006 pid 2006 name "droid.launcher3" vma 7eccad8000
           <...>-2006  [004] ....  6989.112696: do_swap_page: swapin tgid 2006 pid 2006 name "droid.launcher3" vma 9ef8e000
 ndroid.systemui-1683  [004] ....  6989.112741: do_swap_page: swapin tgid 1683 pid 1683 name "ndroid.systemui" vma 9f1be000
           <...>-2006  [004] ....  6989.112872: do_swap_page: swapin tgid 2006 pid 2006 name "droid.launcher3" vma 9ef8e000
           <...>-2006  [004] ....  6989.112879: do_swap_page: swapin tgid 2006 pid 2006 name "droid.launcher3" vma 7fbe264000
           <...>-2006  [004] ....  6989.112884: do_swap_page: swapin tgid 2006 pid 2006 name "droid.launcher3" vma 9ef8f000
      android.ui-1356  [004] ....  6989.112910: do_swap_page: swapin tgid 1335 pid 1356 name "android.ui" vma 9f13e000
      android.ui-1356  [004] ....  6989.112917: do_swap_page: swapin tgid 1335 pid 1356 name "android.ui" vma 9efa6000
           <...>-1445  [004] ....  6989.112966: do_swap_page: swapin tgid 1335 pid 1445 name "InputDispatcher" vma 7e857b0000
 ndroid.systemui-1683  [004] ....  6989.113029: do_swap_page: swapin tgid 1683 pid 1683 name "ndroid.systemui" vma 7eb5526000
           <...>-2006  [004] ....  6989.113061: do_swap_page: swapin tgid 2006 pid 2006 name "droid.launcher3" vma 9ef8f000
           <...>-2006  [004] ....  6989.113072: do_swap_page: swapin tgid 2006 pid 2006 name "droid.launcher3" vma 9efa7000
 ndroid.systemui-1683  [004] ....  6989.113136: do_swap_page: swapin tgid 1683 pid 1683 name "ndroid.systemui" vma 9f1f1000
           <...>-1445  [004] ....  6989.113188: do_swap_page: swapin tgid 1335 pid 1445 name "InputDispatcher" vma 7ed0c4a000
           <...>-2006  [004] ....  6989.113211: do_swap_page: swapin tgid 2006 pid 2006 name "droid.launcher3" vma 9efa7000
           <...>-2006  [004] ....  6989.113217: do_swap_page: swapin tgid 2006 pid 2006 name "droid.launcher3" vma 9ef90000
           <...>-2006  [004] ....  6989.113336: do_swap_page: swapin tgid 2006 pid 2006 name "droid.launcher3" vma 9ef90000
           <...>-2006  [004] ....  6989.113340: do_swap_page: swapin tgid 2006 pid 2006 name "droid.launcher3" vma 12fd2000
           <...>-2006  [004] ....  6989.113343: do_swap_page: swapin tgid 2006 pid 2006 name "droid.launcher3" vma 7eccad6000
           <...>-2006  [004] ....  6989.113349: do_swap_page: swapin tgid 2006 pid 2006 name "droid.launcher3" vma 9efa8000
 ndroid.systemui-1683  [004] ....  6989.113367: do_swap_page: swapin tgid 1683 pid 1683 name "ndroid.systemui" vma 9f1f1000
 ndroid.systemui-1683  [004] ....  6989.113378: do_swap_page: swapin tgid 1683 pid 1683 name "ndroid.systemui" vma 9f1b5000
           <...>-2006  [004] ....  6989.113474: do_swap_page: swapin tgid 2006 pid 2006 name "droid.launcher3" vma 9efa8000
           <...>-2006  [004] ....  6989.113481: do_swap_page: swapin tgid 2006 pid 2006 name "droid.launcher3" vma 9f096000
           <...>-2006  [004] ....  6989.113513: do_swap_page: swapin tgid 2006 pid 2006 name "droid.launcher3" vma 7f2dcc2000
           <...>-634   [004] ....  6989.113685: do_swap_page: swapin tgid 601 pid 634 name "HwBinder:601_2" vma 7fbd049000
           <...>-634   [004] ....  6989.113712: do_swap_page: swapin tgid 601 pid 634 name "HwBinder:601_2" vma 7fbd022000
           <...>-634   [004] ....  6989.113718: do_swap_page: swapin tgid 601 pid 634 name "HwBinder:601_2" vma 7fbd078000
           <...>-634   [004] ....  6989.113726: do_swap_page: swapin tgid 601 pid 634 name "HwBinder:601_2" vma 7fbd033000
           <...>-634   [004] ....  6989.113733: do_swap_page: swapin tgid 601 pid 634 name "HwBinder:601_2" vma 7fbd207000
           <...>-634   [004] ....  6989.113737: do_swap_page: swapin tgid 601 pid 634 name "HwBinder:601_2" vma 7fbd20b000
           <...>-634   [004] ....  6989.113742: do_swap_page: swapin tgid 601 pid 634 name "HwBinder:601_2" vma 7fbd032000
           <...>-2006  [004] ....  6989.113784: do_swap_page: swapin tgid 2006 pid 2006 name "droid.launcher3" vma 7f2dcc2000
           <...>-2006  [004] ....  6989.113790: do_swap_page: swapin tgid 2006 pid 2006 name "droid.launcher3" vma 9f0a0000
           <...>-2006  [004] ....  6989.113794: do_swap_page: swapin tgid 2006 pid 2006 name "droid.launcher3" vma 12fd1000
           <...>-2006  [004] ....  6989.113797: do_swap_page: swapin tgid 2006 pid 2006 name "droid.launcher3" vma 9efa9000
 ndroid.systemui-1683  [004] ....  6989.113832: do_swap_page: swapin tgid 1683 pid 1683 name "ndroid.systemui" vma 9f1b5000
 ndroid.systemui-1683  [004] ....  6989.113858: do_swap_page: swapin tgid 1683 pid 1683 name "ndroid.systemui" vma 1368a000
 ndroid.systemui-1683  [004] ....  6989.113865: do_swap_page: swapin tgid 1683 pid 1683 name "ndroid.systemui" vma 132ae000
 ndroid.systemui-1683  [004] ....  6989.113880: do_swap_page: swapin tgid 1683 pid 1683 name "ndroid.systemui" vma 1328e000
 ndroid.systemui-1683  [004] ....  6989.113885: do_swap_page: swapin tgid 1683 pid 1683 name "ndroid.systemui" vma 9f194000
           <...>-634   [004] ....  6989.113932: do_swap_page: swapin tgid 601 pid 634 name "HwBinder:601_2" vma 7fbd032000
           <...>-634   [004] ....  6989.113940: do_swap_page: swapin tgid 601 pid 634 name "HwBinder:601_2" vma 7fbd096000
           <...>-2006  [004] ....  6989.113965: do_swap_page: swapin tgid 2006 pid 2006 name "droid.launcher3" vma 9efa9000
           <...>-2006  [004] ....  6989.113971: do_swap_page: swapin tgid 2006 pid 2006 name "droid.launcher3" vma 7f2dcc3000
           <...>-634   [004] ....  6989.114118: do_swap_page: swapin tgid 601 pid 634 name "HwBinder:601_2" vma 7fbd096000
           <...>-634   [004] ....  6989.114137: do_swap_page: swapin tgid 601 pid 634 name "HwBinder:601_2" vma 7fbd093000
           <...>-634   [004] ....  6989.114140: do_swap_page: swapin tgid 601 pid 634 name "HwBinder:601_2" vma 7fbd00e000
           <...>-634   [004] ....  6989.114150: do_swap_page: swapin tgid 601 pid 634 name "HwBinder:601_2" vma 7fb6079000
           <...>-2006  [004] ....  6989.114200: do_swap_page: swapin tgid 2006 pid 2006 name "droid.launcher3" vma 7f2dcc3000
           <...>-2006  [004] ....  6989.114205: do_swap_page: swapin tgid 2006 pid 2006 name "droid.launcher3" vma 9efe6000
 ndroid.systemui-1683  [004] ....  6989.114228: do_swap_page: swapin tgid 1683 pid 1683 name "ndroid.systemui" vma 9f194000
 ndroid.systemui-1683  [004] ....  6989.114238: do_swap_page: swapin tgid 1683 pid 1683 name "ndroid.systemui" vma 136a6000
 ndroid.systemui-1683  [004] ....  6989.114241: do_swap_page: swapin tgid 1683 pid 1683 name "ndroid.systemui" vma 9f271000
           <...>-634   [004] ....  6989.114346: do_swap_page: swapin tgid 601 pid 634 name "HwBinder:601_2" vma 7fb6079000
           <...>-634   [004] ....  6989.114352: do_swap_page: swapin tgid 601 pid 634 name "HwBinder:601_2" vma 7fbd072000
           <...>-634   [004] ....  6989.114355: do_swap_page: swapin tgid 601 pid 634 name "HwBinder:601_2" vma 7fbd073000
           <...>-634   [004] ....  6989.114389: do_swap_page: swapin tgid 601 pid 634 name "HwBinder:601_2" vma 7fbd49c000
           <...>-634   [004] ....  6989.114669: do_swap_page: swapin tgid 601 pid 634 name "HwBinder:601_2" vma 7fb7168000
           <...>-634   [004] ....  6989.114676: do_swap_page: swapin tgid 601 pid 634 name "HwBinder:601_2" vma 7fb7169000
           <...>-634   [004] ....  6989.114678: do_swap_page: swapin tgid 601 pid 634 name "HwBinder:601_2" vma 7fb716a000
           <...>-634   [004] ....  6989.114680: do_swap_page: swapin tgid 601 pid 634 name "HwBinder:601_2" vma 7fb716b000
           <...>-634   [004] ....  6989.114683: do_swap_page: swapin tgid 601 pid 634 name "HwBinder:601_2" vma 7fb716c000
           <...>-634   [004] ....  6989.114685: do_swap_page: swapin tgid 601 pid 634 name "HwBinder:601_2" vma 7fb716d000
           <...>-634   [004] ....  6989.114687: do_swap_page: swapin tgid 601 pid 634 name "HwBinder:601_2" vma 7fb716e000
           <...>-634   [004] ....  6989.114689: do_swap_page: swapin tgid 601 pid 634 name "HwBinder:601_2" vma 7fb716f000
           <...>-634   [004] ....  6989.114693: do_swap_page: swapin tgid 601 pid 634 name "HwBinder:601_2" vma 7fb7170000
           <...>-634   [004] ....  6989.114695: do_swap_page: swapin tgid 601 pid 634 name "HwBinder:601_2" vma 7fb7171000
           <...>-634   [004] ....  6989.114697: do_swap_page: swapin tgid 601 pid 634 name "HwBinder:601_2" vma 7fb7172000
           <...>-634   [004] ....  6989.114700: do_swap_page: swapin tgid 601 pid 634 name "HwBinder:601_2" vma 7fb7173000
           <...>-634   [004] ....  6989.114701: do_swap_page: swapin tgid 601 pid 634 name "HwBinder:601_2" vma 7fb7174000
           <...>-634   [004] ....  6989.114703: do_swap_page: swapin tgid 601 pid 634 name "HwBinder:601_2" vma 7fb7175000
           <...>-634   [004] ....  6989.114706: do_swap_page: swapin tgid 601 pid 634 name "HwBinder:601_2" vma 7fb7176000
           <...>-634   [004] ....  6989.114707: do_swap_page: swapin tgid 601 pid 634 name "HwBinder:601_2" vma 7fb7177000
           <...>-634   [004] ....  6989.114709: do_swap_page: swapin tgid 601 pid 634 name "HwBinder:601_2" vma 7fb7178000
           <...>-634   [004] ....  6989.114711: do_swap_page: swapin tgid 601 pid 634 name "HwBinder:601_2" vma 7fb7179000
           <...>-634   [004] ....  6989.114714: do_swap_page: swapin tgid 601 pid 634 name "HwBinder:601_2" vma 7fb717a000
           <...>-634   [004] ....  6989.114716: do_swap_page: swapin tgid 601 pid 634 name "HwBinder:601_2" vma 7fb717b000
           <...>-634   [004] ....  6989.114717: do_swap_page: swapin tgid 601 pid 634 name "HwBinder:601_2" vma 7fb717c000
           <...>-634   [004] ....  6989.114719: do_swap_page: swapin tgid 601 pid 634 name "HwBinder:601_2" vma 7fb717d000
           <...>-634   [004] ....  6989.114722: do_swap_page: swapin tgid 601 pid 634 name "HwBinder:601_2" vma 7fb717e000
           <...>-634   [004] ....  6989.114724: do_swap_page: swapin tgid 601 pid 634 name "HwBinder:601_2" vma 7fb717f000
           <...>-634   [004] ....  6989.114726: do_swap_page: swapin tgid 601 pid 634 name "HwBinder:601_2" vma 7fb7180000
           <...>-634   [004] ....  6989.114728: do_swap_page: swapin tgid 601 pid 634 name "HwBinder:601_2" vma 7fb7181000
           <...>-634   [004] ....  6989.114730: do_swap_page: swapin tgid 601 pid 634 name "HwBinder:601_2" vma 7fb7182000
           <...>-634   [004] ....  6989.114732: do_swap_page: swapin tgid 601 pid 634 name "HwBinder:601_2" vma 7fb7183000
           <...>-634   [004] ....  6989.114734: do_swap_page: swapin tgid 601 pid 634 name "HwBinder:601_2" vma 7fb7184000
           <...>-634   [004] ....  6989.114749: do_swap_page: swapin tgid 601 pid 634 name "HwBinder:601_2" vma 7fbd0d1000
           <...>-634   [004] ....  6989.114753: do_swap_page: swapin tgid 601 pid 634 name "HwBinder:601_2" vma 7fbd0d3000
           <...>-634   [004] ....  6989.114756: do_swap_page: swapin tgid 601 pid 634 name "HwBinder:601_2" vma 7fbd0d5000
           <...>-634   [004] ....  6989.114772: do_swap_page: swapin tgid 601 pid 634 name "HwBinder:601_2" vma 7fbd0dc000
           <...>-634   [004] ....  6989.114775: do_swap_page: swapin tgid 601 pid 634 name "HwBinder:601_2" vma 7fbd0dd000
           <...>-634   [004] ....  6989.114777: do_swap_page: swapin tgid 601 pid 634 name "HwBinder:601_2" vma 7fbd0de000
           <...>-634   [004] ....  6989.114779: do_swap_page: swapin tgid 601 pid 634 name "HwBinder:601_2" vma 7fbd0df000
           <...>-634   [004] ....  6989.114782: do_swap_page: swapin tgid 601 pid 634 name "HwBinder:601_2" vma 7fbd0e0000
           <...>-634   [004] ....  6989.114784: do_swap_page: swapin tgid 601 pid 634 name "HwBinder:601_2" vma 7fbd0e1000
           <...>-634   [004] ....  6989.114786: do_swap_page: swapin tgid 601 pid 634 name "HwBinder:601_2" vma 7fbd0e2000
           <...>-634   [004] ....  6989.114788: do_swap_page: swapin tgid 601 pid 634 name "HwBinder:601_2" vma 7fbd0e3000
           <...>-634   [004] ....  6989.114790: do_swap_page: swapin tgid 601 pid 634 name "HwBinder:601_2" vma 7fbd0e4000
           <...>-634   [004] ....  6989.114792: do_swap_page: swapin tgid 601 pid 634 name "HwBinder:601_2" vma 7fbd0e5000
           <...>-634   [004] ....  6989.114794: do_swap_page: swapin tgid 601 pid 634 name "HwBinder:601_2" vma 7fbd0e6000
           <...>-634   [004] ....  6989.114796: do_swap_page: swapin tgid 601 pid 634 name "HwBinder:601_2" vma 7fbd0e7000
           <...>-634   [004] ....  6989.114798: do_swap_page: swapin tgid 601 pid 634 name "HwBinder:601_2" vma 7fbd0e8000
           <...>-634   [004] ....  6989.114800: do_swap_page: swapin tgid 601 pid 634 name "HwBinder:601_2" vma 7fbd0e9000
           <...>-634   [004] ....  6989.114802: do_swap_page: swapin tgid 601 pid 634 name "HwBinder:601_2" vma 7fbd0ea000
           <...>-634   [004] ....  6989.114804: do_swap_page: swapin tgid 601 pid 634 name "HwBinder:601_2" vma 7fbd0eb000
           <...>-634   [004] ....  6989.114806: do_swap_page: swapin tgid 601 pid 634 name "HwBinder:601_2" vma 7fbd0ec000
           <...>-634   [004] ....  6989.114808: do_swap_page: swapin tgid 601 pid 634 name "HwBinder:601_2" vma 7fbd0ed000
           <...>-634   [004] ....  6989.114825: do_swap_page: swapin tgid 601 pid 634 name "HwBinder:601_2" vma 7fbf5e4000
           <...>-2006  [004] ....  6989.114866: do_swap_page: swapin tgid 2006 pid 2006 name "droid.launcher3" vma 9efe6000
           <...>-2006  [004] ....  6989.114872: do_swap_page: swapin tgid 2006 pid 2006 name "droid.launcher3" vma 9efc1000
 ndroid.systemui-1683  [004] ....  6989.114897: do_swap_page: swapin tgid 1683 pid 1683 name "ndroid.systemui" vma 9f271000
 ndroid.systemui-1683  [004] ....  6989.114908: do_swap_page: swapin tgid 1683 pid 1683 name "ndroid.systemui" vma 9f0f5000
 ndroid.systemui-1683  [004] ....  6989.114911: do_swap_page: swapin tgid 1683 pid 1683 name "ndroid.systemui" vma 9f261000
           <...>-2006  [004] ....  6989.114997: do_swap_page: swapin tgid 2006 pid 2006 name "droid.launcher3" vma 9efc1000
           <...>-2006  [004] ....  6989.115003: do_swap_page: swapin tgid 2006 pid 2006 name "droid.launcher3" vma 9ef77000
           <...>-634   [004] ....  6989.115097: do_swap_page: swapin tgid 601 pid 634 name "HwBinder:601_2" vma 7fbf5e4000
           <...>-634   [004] ....  6989.115117: do_swap_page: swapin tgid 601 pid 634 name "HwBinder:601_2" vma 7fb7167000
           <...>-634   [004] ....  6989.115121: do_swap_page: swapin tgid 601 pid 634 name "HwBinder:601_2" vma 7fb7166000
           <...>-634   [004] ....  6989.115128: do_swap_page: swapin tgid 601 pid 634 name "HwBinder:601_2" vma 7fb441e000
           <...>-634   [004] ....  6989.115149: do_swap_page: swapin tgid 601 pid 634 name "HwBinder:601_2" vma 7fb441f000
           <...>-634   [004] ....  6989.115155: do_swap_page: swapin tgid 601 pid 634 name "HwBinder:601_2" vma 7fb43fa000
           <...>-634   [004] ....  6989.115157: do_swap_page: swapin tgid 601 pid 634 name "HwBinder:601_2" vma 7fb43fb000
           <...>-634   [004] ....  6989.115163: do_swap_page: swapin tgid 601 pid 634 name "HwBinder:601_2" vma 7fb44a6000
           <...>-634   [004] ....  6989.115165: do_swap_page: swapin tgid 601 pid 634 name "HwBinder:601_2" vma 7fb44a7000
           <...>-634   [004] ....  6989.115167: do_swap_page: swapin tgid 601 pid 634 name "HwBinder:601_2" vma 7fb44a5000
           <...>-634   [004] ....  6989.115173: do_swap_page: swapin tgid 601 pid 634 name "HwBinder:601_2" vma 7fb44a8000
           <...>-634   [004] ....  6989.115212: do_swap_page: swapin tgid 601 pid 634 name "HwBinder:601_2" vma 7fb5e76000
           <...>-2006  [004] ....  6989.115253: do_swap_page: swapin tgid 2006 pid 2006 name "droid.launcher3" vma 9ef77000
           <...>-2006  [004] ....  6989.115258: do_swap_page: swapin tgid 2006 pid 2006 name "droid.launcher3" vma 9f133000
           <...>-2006  [004] ....  6989.115262: do_swap_page: swapin tgid 2006 pid 2006 name "droid.launcher3" vma 9f0a5000
 ndroid.systemui-1683  [004] ....  6989.115290: do_swap_page: swapin tgid 1683 pid 1683 name "ndroid.systemui" vma 9f261000
 ndroid.systemui-1683  [004] ....  6989.115295: do_swap_page: swapin tgid 1683 pid 1683 name "ndroid.systemui" vma 9f1a5000
           <...>-634   [004] ....  6989.115400: do_swap_page: swapin tgid 601 pid 634 name "HwBinder:601_2" vma 7fb5e76000
           <...>-634   [004] ....  6989.115452: do_swap_page: swapin tgid 601 pid 634 name "HwBinder:601_2" vma 7fbd021000
           <...>-2006  [004] ....  6989.115489: do_swap_page: swapin tgid 2006 pid 2006 name "droid.launcher3" vma 9f0a5000
           <...>-2006  [004] ....  6989.115496: do_swap_page: swapin tgid 2006 pid 2006 name "droid.launcher3" vma 9efb5000
 ndroid.systemui-1683  [004] ....  6989.115538: do_swap_page: swapin tgid 1683 pid 1683 name "ndroid.systemui" vma 9f1a5000
 ndroid.systemui-1683  [004] ....  6989.115556: do_swap_page: swapin tgid 1683 pid 1683 name "ndroid.systemui" vma 9f116000
 ndroid.systemui-1683  [004] ....  6989.115562: do_swap_page: swapin tgid 1683 pid 1683 name "ndroid.systemui" vma 9f1c8000
           <...>-2006  [004] ....  6989.115626: do_swap_page: swapin tgid 2006 pid 2006 name "droid.launcher3" vma 9efb5000
           <...>-2006  [004] ....  6989.115631: do_swap_page: swapin tgid 2006 pid 2006 name "droid.launcher3" vma 9f09a000
           <...>-634   [004] ....  6989.115695: do_swap_page: swapin tgid 601 pid 634 name "HwBinder:601_2" vma 7fbd021000
           <...>-634   [004] ....  6989.115737: do_swap_page: swapin tgid 601 pid 634 name "HwBinder:601_2" vma 7fbd094000
           <...>-2006  [004] .n..  6989.115861: do_swap_page: swapin tgid 2006 pid 2006 name "droid.launcher3" vma 9f09a000
           <...>-2006  [004] ....  6989.115875: do_swap_page: swapin tgid 2006 pid 2006 name "droid.launcher3" vma 9f0c1000
           <...>-634   [004] ....  6989.115906: do_swap_page: swapin tgid 601 pid 634 name "HwBinder:601_2" vma 7fbd094000
           <...>-634   [004] ....  6989.115928: do_swap_page: swapin tgid 601 pid 634 name "HwBinder:601_2" vma 7fb712d000
           <...>-634   [004] ....  6989.115931: do_swap_page: swapin tgid 601 pid 634 name "HwBinder:601_2" vma 7fb714b000
           <...>-634   [004] ....  6989.115933: do_swap_page: swapin tgid 601 pid 634 name "HwBinder:601_2" vma 7fb714c000
           <...>-634   [004] ....  6989.115935: do_swap_page: swapin tgid 601 pid 634 name "HwBinder:601_2" vma 7fb714d000
           <...>-634   [004] ....  6989.115938: do_swap_page: swapin tgid 601 pid 634 name "HwBinder:601_2" vma 7fb714e000
           <...>-634   [004] ....  6989.115940: do_swap_page: swapin tgid 601 pid 634 name "HwBinder:601_2" vma 7fb714f000
           <...>-634   [004] ....  6989.115942: do_swap_page: swapin tgid 601 pid 634 name "HwBinder:601_2" vma 7fb7150000
           <...>-634   [004] ....  6989.115944: do_swap_page: swapin tgid 601 pid 634 name "HwBinder:601_2" vma 7fb7151000
           <...>-634   [004] ....  6989.115946: do_swap_page: swapin tgid 601 pid 634 name "HwBinder:601_2" vma 7fb7152000
           <...>-634   [004] ....  6989.115949: do_swap_page: swapin tgid 601 pid 634 name "HwBinder:601_2" vma 7fb7153000
           <...>-634   [004] ....  6989.115951: do_swap_page: swapin tgid 601 pid 634 name "HwBinder:601_2" vma 7fb7154000
           <...>-634   [004] ....  6989.115953: do_swap_page: swapin tgid 601 pid 634 name "HwBinder:601_2" vma 7fb7155000
           <...>-634   [004] ....  6989.115955: do_swap_page: swapin tgid 601 pid 634 name "HwBinder:601_2" vma 7fb7156000
           <...>-634   [004] ....  6989.115959: do_swap_page: swapin tgid 601 pid 634 name "HwBinder:601_2" vma 7fb7157000
           <...>-634   [004] ....  6989.115961: do_swap_page: swapin tgid 601 pid 634 name "HwBinder:601_2" vma 7fb7158000
           <...>-634   [004] ....  6989.115963: do_swap_page: swapin tgid 601 pid 634 name "HwBinder:601_2" vma 7fb7159000
           <...>-634   [004] ....  6989.115965: do_swap_page: swapin tgid 601 pid 634 name "HwBinder:601_2" vma 7fb715a000
           <...>-634   [004] ....  6989.115968: do_swap_page: swapin tgid 601 pid 634 name "HwBinder:601_2" vma 7fb715b000
           <...>-634   [004] ....  6989.115970: do_swap_page: swapin tgid 601 pid 634 name "HwBinder:601_2" vma 7fb715c000
           <...>-634   [004] ....  6989.115972: do_swap_page: swapin tgid 601 pid 634 name "HwBinder:601_2" vma 7fb715d000
           <...>-634   [004] ....  6989.115975: do_swap_page: swapin tgid 601 pid 634 name "HwBinder:601_2" vma 7fb715e000
           <...>-634   [004] ....  6989.115977: do_swap_page: swapin tgid 601 pid 634 name "HwBinder:601_2" vma 7fb715f000
           <...>-634   [004] ....  6989.115979: do_swap_page: swapin tgid 601 pid 634 name "HwBinder:601_2" vma 7fb7160000
           <...>-634   [004] ....  6989.115980: do_swap_page: swapin tgid 601 pid 634 name "HwBinder:601_2" vma 7fb7161000
           <...>-634   [004] ....  6989.115983: do_swap_page: swapin tgid 601 pid 634 name "HwBinder:601_2" vma 7fb7162000
           <...>-634   [004] ....  6989.115985: do_swap_page: swapin tgid 601 pid 634 name "HwBinder:601_2" vma 7fb7163000
           <...>-634   [004] ....  6989.115987: do_swap_page: swapin tgid 601 pid 634 name "HwBinder:601_2" vma 7fb7164000
           <...>-634   [004] ....  6989.115989: do_swap_page: swapin tgid 601 pid 634 name "HwBinder:601_2" vma 7fb7165000
           <...>-634   [004] ....  6989.115993: do_swap_page: swapin tgid 601 pid 634 name "HwBinder:601_2" vma 7fbd056000
           <...>-634   [004] ....  6989.115997: do_swap_page: swapin tgid 601 pid 634 name "HwBinder:601_2" vma 7fb712e000
           <...>-634   [004] ....  6989.115999: do_swap_page: swapin tgid 601 pid 634 name "HwBinder:601_2" vma 7fb712f000
           <...>-634   [004] ....  6989.116001: do_swap_page: swapin tgid 601 pid 634 name "HwBinder:601_2" vma 7fb7130000
           <...>-634   [004] ....  6989.116003: do_swap_page: swapin tgid 601 pid 634 name "HwBinder:601_2" vma 7fb7131000
           <...>-634   [004] ....  6989.116010: do_swap_page: swapin tgid 601 pid 634 name "HwBinder:601_2" vma 7fb7132000
           <...>-634   [004] ....  6989.116012: do_swap_page: swapin tgid 601 pid 634 name "HwBinder:601_2" vma 7fb7133000
           <...>-634   [004] ....  6989.116014: do_swap_page: swapin tgid 601 pid 634 name "HwBinder:601_2" vma 7fb7134000
           <...>-634   [004] ....  6989.116016: do_swap_page: swapin tgid 601 pid 634 name "HwBinder:601_2" vma 7fb7135000
           <...>-634   [004] ....  6989.116018: do_swap_page: swapin tgid 601 pid 634 name "HwBinder:601_2" vma 7fb7136000
           <...>-634   [004] ....  6989.116020: do_swap_page: swapin tgid 601 pid 634 name "HwBinder:601_2" vma 7fb7137000
           <...>-634   [004] ....  6989.116022: do_swap_page: swapin tgid 601 pid 634 name "HwBinder:601_2" vma 7fb7138000
           <...>-634   [004] ....  6989.116024: do_swap_page: swapin tgid 601 pid 634 name "HwBinder:601_2" vma 7fb7139000
           <...>-634   [004] ....  6989.116027: do_swap_page: swapin tgid 601 pid 634 name "HwBinder:601_2" vma 7fb713a000
           <...>-634   [004] ....  6989.116029: do_swap_page: swapin tgid 601 pid 634 name "HwBinder:601_2" vma 7fb713b000
           <...>-634   [004] ....  6989.116031: do_swap_page: swapin tgid 601 pid 634 name "HwBinder:601_2" vma 7fb713c000
           <...>-634   [004] ....  6989.116033: do_swap_page: swapin tgid 601 pid 634 name "HwBinder:601_2" vma 7fb713d000
           <...>-634   [004] ....  6989.116035: do_swap_page: swapin tgid 601 pid 634 name "HwBinder:601_2" vma 7fb713e000
           <...>-634   [004] ....  6989.116036: do_swap_page: swapin tgid 601 pid 634 name "HwBinder:601_2" vma 7fb713f000
           <...>-634   [004] ....  6989.116038: do_swap_page: swapin tgid 601 pid 634 name "HwBinder:601_2" vma 7fb7140000
           <...>-634   [004] ....  6989.116040: do_swap_page: swapin tgid 601 pid 634 name "HwBinder:601_2" vma 7fb7141000
           <...>-634   [004] ....  6989.116042: do_swap_page: swapin tgid 601 pid 634 name "HwBinder:601_2" vma 7fb7142000
           <...>-634   [004] ....  6989.116044: do_swap_page: swapin tgid 601 pid 634 name "HwBinder:601_2" vma 7fb7143000
           <...>-634   [004] ....  6989.116047: do_swap_page: swapin tgid 601 pid 634 name "HwBinder:601_2" vma 7fb7144000
           <...>-634   [004] ....  6989.116049: do_swap_page: swapin tgid 601 pid 634 name "HwBinder:601_2" vma 7fb7145000
           <...>-634   [004] ....  6989.116050: do_swap_page: swapin tgid 601 pid 634 name "HwBinder:601_2" vma 7fb7146000
           <...>-634   [004] ....  6989.116052: do_swap_page: swapin tgid 601 pid 634 name "HwBinder:601_2" vma 7fb7147000
           <...>-634   [004] ....  6989.116055: do_swap_page: swapin tgid 601 pid 634 name "HwBinder:601_2" vma 7fb7148000
           <...>-634   [004] ....  6989.116057: do_swap_page: swapin tgid 601 pid 634 name "HwBinder:601_2" vma 7fb7149000
           <...>-634   [004] ....  6989.116059: do_swap_page: swapin tgid 601 pid 634 name "HwBinder:601_2" vma 7fb714a000
           <...>-634   [004] ....  6989.116063: do_swap_page: swapin tgid 601 pid 634 name "HwBinder:601_2" vma 7fb456d000
 ndroid.systemui-1683  [004] ....  6989.116102: do_swap_page: swapin tgid 1683 pid 1683 name "ndroid.systemui" vma 9f1c8000
 ndroid.systemui-1683  [004] ....  6989.116108: do_swap_page: swapin tgid 1683 pid 1683 name "ndroid.systemui" vma 9f0f3000
 ndroid.systemui-1683  [004] ....  6989.116111: do_swap_page: swapin tgid 1683 pid 1683 name "ndroid.systemui" vma 9f181000
           <...>-634   [004] ....  6989.116239: do_swap_page: swapin tgid 601 pid 634 name "HwBinder:601_2" vma 7fb456d000
           <...>-634   [004] ....  6989.116244: do_swap_page: swapin tgid 601 pid 634 name "HwBinder:601_2" vma 7fb456e000
           <...>-634   [004] ....  6989.116387: do_swap_page: swapin tgid 601 pid 634 name "HwBinder:601_2" vma 7fb456e000
           <...>-634   [004] ....  6989.116392: do_swap_page: swapin tgid 601 pid 634 name "HwBinder:601_2" vma 7fb712c000
           <...>-634   [004] ....  6989.116394: do_swap_page: swapin tgid 601 pid 634 name "HwBinder:601_2" vma 7fb458b000
           <...>-2006  [004] ....  6989.116427: do_swap_page: swapin tgid 2006 pid 2006 name "droid.launcher3" vma 9f0c1000
           <...>-2006  [004] ....  6989.116433: do_swap_page: swapin tgid 2006 pid 2006 name "droid.launcher3" vma 9f0a2000
           <...>-2006  [004] ....  6989.116436: do_swap_page: swapin tgid 2006 pid 2006 name "droid.launcher3" vma 9efc7000
 ndroid.systemui-1683  [004] ....  6989.116459: do_swap_page: swapin tgid 1683 pid 1683 name "ndroid.systemui" vma 9f181000
 ndroid.systemui-1683  [004] ....  6989.116466: do_swap_page: swapin tgid 1683 pid 1683 name "ndroid.systemui" vma 9f0e1000
 ndroid.systemui-1683  [004] ....  6989.116468: do_swap_page: swapin tgid 1683 pid 1683 name "ndroid.systemui" vma 9f191000
           <...>-634   [004] ....  6989.116540: do_swap_page: swapin tgid 601 pid 634 name "HwBinder:601_2" vma 7fb458b000
           <...>-634   [004] ....  6989.116558: do_swap_page: swapin tgid 601 pid 634 name "HwBinder:601_2" vma 7fb712b000
           <...>-634   [004] ....  6989.116565: do_swap_page: swapin tgid 601 pid 634 name "HwBinder:601_2" vma 7fb458c000
           <...>-2006  [004] ....  6989.116598: do_swap_page: swapin tgid 2006 pid 2006 name "droid.launcher3" vma 9efc7000
           <...>-2006  [004] ....  6989.116606: do_swap_page: swapin tgid 2006 pid 2006 name "droid.launcher3" vma 13db3000
           <...>-2006  [004] ....  6989.116609: do_swap_page: swapin tgid 2006 pid 2006 name "droid.launcher3" vma 9efcc000
 ndroid.systemui-1683  [004] ....  6989.116655: do_swap_page: swapin tgid 1683 pid 1683 name "ndroid.systemui" vma 9f191000
 ndroid.systemui-1683  [004] ....  6989.116666: do_swap_page: swapin tgid 1683 pid 1683 name "ndroid.systemui" vma 7eb9f98000
 ndroid.systemui-1683  [004] ....  6989.116681: do_swap_page: swapin tgid 1683 pid 1683 name "ndroid.systemui" vma 9f231000
           <...>-634   [004] ....  6989.116728: do_swap_page: swapin tgid 601 pid 634 name "HwBinder:601_2" vma 7fb458c000
           <...>-634   [004] ....  6989.116734: do_swap_page: swapin tgid 601 pid 634 name "HwBinder:601_2" vma 7fb45aa000
           <...>-2006  [004] ....  6989.116766: do_swap_page: swapin tgid 2006 pid 2006 name "droid.launcher3" vma 9efcc000
           <...>-2006  [004] ....  6989.116773: do_swap_page: swapin tgid 2006 pid 2006 name "droid.launcher3" vma 13d84000
           <...>-2006  [004] ....  6989.116775: do_swap_page: swapin tgid 2006 pid 2006 name "droid.launcher3" vma 9ef8c000
           <...>-634   [004] ....  6989.116897: do_swap_page: swapin tgid 601 pid 634 name "HwBinder:601_2" vma 7fb45aa000
           <...>-634   [004] ....  6989.116904: do_swap_page: swapin tgid 601 pid 634 name "HwBinder:601_2" vma 7fb458d000
           <...>-2006  [004] ....  6989.116952: do_swap_page: swapin tgid 2006 pid 2006 name "droid.launcher3" vma 9ef8c000
           <...>-2006  [004] ....  6989.116957: do_swap_page: swapin tgid 2006 pid 2006 name "droid.launcher3" vma 9efd1000
 ndroid.systemui-1683  [004] ....  6989.117013: do_swap_page: swapin tgid 1683 pid 1683 name "ndroid.systemui" vma 9f231000
 ndroid.systemui-1683  [004] ....  6989.117020: do_swap_page: swapin tgid 1683 pid 1683 name "ndroid.systemui" vma 9f16a000
           <...>-634   [004] ....  6989.117085: do_swap_page: swapin tgid 601 pid 634 name "HwBinder:601_2" vma 7fb458d000
           <...>-634   [004] ....  6989.117096: do_swap_page: swapin tgid 601 pid 634 name "HwBinder:601_2" vma 7fb458e000
           <...>-2006  [004] ....  6989.117128: do_swap_page: swapin tgid 2006 pid 2006 name "droid.launcher3" vma 9efd1000
           <...>-2006  [004] ....  6989.117134: do_swap_page: swapin tgid 2006 pid 2006 name "droid.launcher3" vma 13d81000
           <...>-2006  [004] ....  6989.117136: do_swap_page: swapin tgid 2006 pid 2006 name "droid.launcher3" vma 9ef88000
 ndroid.systemui-1683  [004] ....  6989.117173: do_swap_page: swapin tgid 1683 pid 1683 name "ndroid.systemui" vma 9f16a000
 ndroid.systemui-1683  [004] ....  6989.117181: do_swap_page: swapin tgid 1683 pid 1683 name "ndroid.systemui" vma 9f1bd000
           <...>-634   [004] ....  6989.117245: do_swap_page: swapin tgid 601 pid 634 name "HwBinder:601_2" vma 7fb458e000
           <...>-634   [004] ....  6989.117259: do_swap_page: swapin tgid 601 pid 634 name "HwBinder:601_2" vma 7fb4423000
           <...>-634   [004] ....  6989.117261: do_swap_page: swapin tgid 601 pid 634 name "HwBinder:601_2" vma 7fb4422000
           <...>-634   [004] ....  6989.117280: do_swap_page: swapin tgid 601 pid 634 name "HwBinder:601_2" vma 7fb5e2d000
           <...>-2006  [004] ....  6989.117998: do_swap_page: swapin tgid 2006 pid 2006 name "droid.launcher3" vma 9ef88000
           <...>-2006  [004] ....  6989.118004: do_swap_page: swapin tgid 2006 pid 2006 name "droid.launcher3" vma 9efda000
 ndroid.systemui-1683  [004] ....  6989.118031: do_swap_page: swapin tgid 1683 pid 1683 name "ndroid.systemui" vma 9f1bd000
 ndroid.systemui-1683  [004] ....  6989.118039: do_swap_page: swapin tgid 1683 pid 1683 name "ndroid.systemui" vma 9f21b000
 ndroid.systemui-1683  [004] ....  6989.118045: do_swap_page: swapin tgid 1683 pid 1683 name "ndroid.systemui" vma 9f0f0000
 ndroid.systemui-1683  [004] ....  6989.118047: do_swap_page: swapin tgid 1683 pid 1683 name "ndroid.systemui" vma 9f25d000
           <...>-2006  [004] ....  6989.118123: do_swap_page: swapin tgid 2006 pid 2006 name "droid.launcher3" vma 9efda000
           <...>-2006  [004] ....  6989.118128: do_swap_page: swapin tgid 2006 pid 2006 name "droid.launcher3" vma 13d88000
           <...>-2006  [004] ....  6989.118131: do_swap_page: swapin tgid 2006 pid 2006 name "droid.launcher3" vma 9efb9000
 ndroid.systemui-1683  [004] ....  6989.118202: do_swap_page: swapin tgid 1683 pid 1683 name "ndroid.systemui" vma 9f25d000
 ndroid.systemui-1683  [004] ....  6989.118207: do_swap_page: swapin tgid 1683 pid 1683 name "ndroid.systemui" vma 9f1a0000
           <...>-2006  [004] ....  6989.118251: do_swap_page: swapin tgid 2006 pid 2006 name "droid.launcher3" vma 9efb9000
           <...>-2006  [004] ....  6989.118257: do_swap_page: swapin tgid 2006 pid 2006 name "droid.launcher3" vma 9ef81000
 ndroid.systemui-1683  [004] ....  6989.118352: do_swap_page: swapin tgid 1683 pid 1683 name "ndroid.systemui" vma 9f1a0000
 ndroid.systemui-1683  [004] ....  6989.118360: do_swap_page: swapin tgid 1683 pid 1683 name "ndroid.systemui" vma 9f0dc000
 ndroid.systemui-1683  [004] ....  6989.118362: do_swap_page: swapin tgid 1683 pid 1683 name "ndroid.systemui" vma 9f18b000
           <...>-2006  [004] ....  6989.118400: do_swap_page: swapin tgid 2006 pid 2006 name "droid.launcher3" vma 9ef81000
           <...>-2006  [004] ....  6989.118406: do_swap_page: swapin tgid 2006 pid 2006 name "droid.launcher3" vma 13d85000
           <...>-2006  [004] ....  6989.118408: do_swap_page: swapin tgid 2006 pid 2006 name "droid.launcher3" vma 9efd2000
           <...>-2006  [004] ....  6989.118524: do_swap_page: swapin tgid 2006 pid 2006 name "droid.launcher3" vma 9efd2000
           <...>-2006  [004] ....  6989.118529: do_swap_page: swapin tgid 2006 pid 2006 name "droid.launcher3" vma 9efbe000
 ndroid.systemui-1683  [004] ....  6989.118599: do_swap_page: swapin tgid 1683 pid 1683 name "ndroid.systemui" vma 9f18b000
 ndroid.systemui-1683  [004] ....  6989.118605: do_swap_page: swapin tgid 1683 pid 1683 name "ndroid.systemui" vma 9f1b3000
           <...>-2006  [004] ....  6989.118672: do_swap_page: swapin tgid 2006 pid 2006 name "droid.launcher3" vma 9efbe000
           <...>-2006  [004] ....  6989.118679: do_swap_page: swapin tgid 2006 pid 2006 name "droid.launcher3" vma 13cf3000
           <...>-2006  [004] ....  6989.118681: do_swap_page: swapin tgid 2006 pid 2006 name "droid.launcher3" vma 9efb7000
 ndroid.systemui-1683  [004] ....  6989.118729: do_swap_page: swapin tgid 1683 pid 1683 name "ndroid.systemui" vma 9f1b3000
           <...>-2006  [004] ....  6989.118814: do_swap_page: swapin tgid 2006 pid 2006 name "droid.launcher3" vma 9efb7000
           <...>-2006  [004] ....  6989.118819: do_swap_page: swapin tgid 2006 pid 2006 name "droid.launcher3" vma 9f003000
 ndroid.systemui-1683  [004] ....  6989.118875: do_swap_page: swapin tgid 1683 pid 1683 name "ndroid.systemui" vma 7eb767a000
 ndroid.systemui-1683  [004] ....  6989.118882: do_swap_page: swapin tgid 1683 pid 1683 name "ndroid.systemui" vma 7eb767b000
 ndroid.systemui-1683  [004] ....  6989.118905: do_swap_page: swapin tgid 1683 pid 1683 name "ndroid.systemui" vma 13e90000
           <...>-2006  [004] ....  6989.118937: do_swap_page: swapin tgid 2006 pid 2006 name "droid.launcher3" vma 9f003000
           <...>-2006  [004] ....  6989.118942: do_swap_page: swapin tgid 2006 pid 2006 name "droid.launcher3" vma 9f0ae000
 ndroid.systemui-1683  [004] ....  6989.118975: do_swap_page: swapin tgid 1683 pid 1683 name "ndroid.systemui" vma 13e91000
 ndroid.systemui-1683  [004] ....  6989.118983: do_swap_page: swapin tgid 1683 pid 1683 name "ndroid.systemui" vma 7fbbadf000
 ndroid.systemui-1683  [004] ....  6989.118991: do_swap_page: swapin tgid 1683 pid 1683 name "ndroid.systemui" vma 7f28989000
 ndroid.systemui-1683  [004] ....  6989.118995: do_swap_page: swapin tgid 1683 pid 1683 name "ndroid.systemui" vma 7fbbadd000
           <...>-2006  [004] ....  6989.119117: do_swap_page: swapin tgid 2006 pid 2006 name "droid.launcher3" vma 9f0ae000
           <...>-2006  [004] ....  6989.119122: do_swap_page: swapin tgid 2006 pid 2006 name "droid.launcher3" vma 9f05a000
           <...>-2006  [004] ....  6989.119307: do_swap_page: swapin tgid 2006 pid 2006 name "droid.launcher3" vma 9f05a000
           <...>-2006  [004] ....  6989.119321: do_swap_page: swapin tgid 2006 pid 2006 name "droid.launcher3" vma 7fffffb000
           <...>-2006  [004] ....  6989.119328: do_swap_page: swapin tgid 2006 pid 2006 name "droid.launcher3" vma 7ecca84000
           <...>-2006  [004] ....  6989.119333: do_swap_page: swapin tgid 2006 pid 2006 name "droid.launcher3" vma 7f289f8000
           <...>-2006  [004] ....  6989.119343: do_swap_page: swapin tgid 2006 pid 2006 name "droid.launcher3" vma 9f0b3000
           <...>-2006  [004] ....  6989.119498: do_swap_page: swapin tgid 2006 pid 2006 name "droid.launcher3" vma 9f0b3000
           <...>-2006  [004] ....  6989.119502: do_swap_page: swapin tgid 2006 pid 2006 name "droid.launcher3" vma 7fffff9000
           <...>-2006  [004] ....  6989.119512: do_swap_page: swapin tgid 2006 pid 2006 name "droid.launcher3" vma 9ef9d000
           <...>-2006  [004] ....  6989.119621: do_swap_page: swapin tgid 2006 pid 2006 name "droid.launcher3" vma 9ef9d000
           <...>-2006  [004] ....  6989.119627: do_swap_page: swapin tgid 2006 pid 2006 name "droid.launcher3" vma 1329f000
           <...>-2006  [004] ....  6989.119629: do_swap_page: swapin tgid 2006 pid 2006 name "droid.launcher3" vma 9f00c000
           <...>-2006  [004] ....  6989.119730: do_swap_page: swapin tgid 2006 pid 2006 name "droid.launcher3" vma 9f00c000
           <...>-2006  [004] ....  6989.119732: do_swap_page: swapin tgid 2006 pid 2006 name "droid.launcher3" vma 9f0b4000
           <...>-2006  [004] ....  6989.119884: do_swap_page: swapin tgid 2006 pid 2006 name "droid.launcher3" vma 9f0b4000
           <...>-2006  [004] ....  6989.119887: do_swap_page: swapin tgid 2006 pid 2006 name "droid.launcher3" vma 9f071000
           <...>-2006  [004] ....  6989.119890: do_swap_page: swapin tgid 2006 pid 2006 name "droid.launcher3" vma 9f064000
           <...>-2006  [004] ....  6989.120012: do_swap_page: swapin tgid 2006 pid 2006 name "droid.launcher3" vma 9f064000
           <...>-2006  [004] ....  6989.120016: do_swap_page: swapin tgid 2006 pid 2006 name "droid.launcher3" vma 9efaa000
           <...>-2006  [004] ....  6989.120119: do_swap_page: swapin tgid 2006 pid 2006 name "droid.launcher3" vma 9efaa000
           <...>-2006  [004] ....  6989.120122: do_swap_page: swapin tgid 2006 pid 2006 name "droid.launcher3" vma 9f018000
           <...>-2006  [004] ....  6989.120277: do_swap_page: swapin tgid 2006 pid 2006 name "droid.launcher3" vma 9f018000
           <...>-2006  [004] ....  6989.120280: do_swap_page: swapin tgid 2006 pid 2006 name "droid.launcher3" vma 9f06f000
           <...>-2006  [004] ....  6989.120288: do_swap_page: swapin tgid 2006 pid 2006 name "droid.launcher3" vma 13ce2000
           <...>-2006  [004] ....  6989.120294: do_swap_page: swapin tgid 2006 pid 2006 name "droid.launcher3" vma 9f015000
           <...>-2006  [004] ....  6989.120393: do_swap_page: swapin tgid 2006 pid 2006 name "droid.launcher3" vma 9f015000
           <...>-2006  [004] ....  6989.120395: do_swap_page: swapin tgid 2006 pid 2006 name "droid.launcher3" vma 9f06c000
           <...>-2006  [004] ....  6989.120498: do_swap_page: swapin tgid 2006 pid 2006 name "droid.launcher3" vma 9f06c000
           <...>-2006  [004] ....  6989.120501: do_swap_page: swapin tgid 2006 pid 2006 name "droid.launcher3" vma 13d87000
           <...>-2006  [004] ....  6989.120505: do_swap_page: swapin tgid 2006 pid 2006 name "droid.launcher3" vma 9efc8000
           <...>-2006  [004] ....  6989.120606: do_swap_page: swapin tgid 2006 pid 2006 name "droid.launcher3" vma 9efc8000
           <...>-2006  [004] ....  6989.120609: do_swap_page: swapin tgid 2006 pid 2006 name "droid.launcher3" vma 9f091000
           <...>-2006  [004] ....  6989.120728: do_swap_page: swapin tgid 2006 pid 2006 name "droid.launcher3" vma 9f091000
           <...>-2006  [004] ....  6989.120733: do_swap_page: swapin tgid 2006 pid 2006 name "droid.launcher3" vma 7ecca83000
           <...>-2006  [004] ....  6989.120737: do_swap_page: swapin tgid 2006 pid 2006 name "droid.launcher3" vma 7ec734a000
           <...>-2006  [004] ....  6989.120744: do_swap_page: swapin tgid 2006 pid 2006 name "droid.launcher3" vma 9ef87000
           <...>-2006  [004] ....  6989.120855: do_swap_page: swapin tgid 2006 pid 2006 name "droid.launcher3" vma 9ef87000
           <...>-2006  [004] ....  6989.120858: do_swap_page: swapin tgid 2006 pid 2006 name "droid.launcher3" vma 9f022000
           <...>-2006  [004] ....  6989.120956: do_swap_page: swapin tgid 2006 pid 2006 name "droid.launcher3" vma 9f022000
           <...>-2006  [004] ....  6989.120960: do_swap_page: swapin tgid 2006 pid 2006 name "droid.launcher3" vma 9f079000
           <...>-2006  [004] ....  6989.120964: do_swap_page: swapin tgid 2006 pid 2006 name "droid.launcher3" vma 9f097000
           <...>-2006  [004] ....  6989.120967: do_swap_page: swapin tgid 2006 pid 2006 name "droid.launcher3" vma 13ced000
