  HwBinder:601_2-634   [004] ....  5306.381747: do_swap_page: swapin tgid 601 pid 634 name "HwBinder:601_2" vma 7fbd078000
  HwBinder:601_2-634   [004] ....  5306.381752: do_swap_page: swapin tgid 601 pid 634 name "HwBinder:601_2" vma 7fbd033000
  HwBinder:601_2-634   [004] ....  5306.381765: do_swap_page: swapin tgid 601 pid 634 name "HwBinder:601_2" vma 7fbd032000
           <...>-814   [004] ....  5306.381813: do_swap_page: swapin tgid 814 pid 814 name "power@1.3-servi" vma 7fbcfe9000
           <...>-2367  [004] ....  5306.381884: do_swap_page: swapin tgid 814 pid 2367 name "NodeLooperThrea" vma 7fbb83d000
           <...>-2367  [004] ....  5306.381892: do_swap_page: swapin tgid 814 pid 2367 name "NodeLooperThrea" vma 7fbb81b000
           <...>-2368  [004] ....  5306.382119: do_swap_page: swapin tgid 814 pid 2368 name "power@1.3-servi" vma 7fba6ff000
           <...>-2368  [004] ....  5306.382126: do_swap_page: swapin tgid 814 pid 2368 name "power@1.3-servi" vma 7fba6fe000
   system_server-1335  [004] ....  5306.382727: do_swap_page: swapin tgid 1335 pid 1335 name "system_server" vma 9f1d0000
           <...>-1356  [004] ....  5306.382867: do_swap_page: swapin tgid 1335 pid 1356 name "android.ui" vma 9f2a3000
           <...>-1356  [004] ....  5306.382873: do_swap_page: swapin tgid 1335 pid 1356 name "android.ui" vma 9f055000
           <...>-1356  [004] ....  5306.382877: do_swap_page: swapin tgid 1335 pid 1356 name "android.ui" vma 9f2cf000
 android.display-1358  [004] ....  5306.382913: do_swap_page: swapin tgid 1335 pid 1358 name "android.display" vma 9f208000
 android.display-1358  [004] ....  5306.382922: do_swap_page: swapin tgid 1335 pid 1358 name "android.display" vma 9f237000
 ndroid.systemui-1683  [004] ....  5306.382955: do_swap_page: swapin tgid 1683 pid 1683 name "ndroid.systemui" vma 9f1be000
  HwBinder:601_2-634   [004] ....  5306.383024: do_swap_page: swapin tgid 601 pid 634 name "HwBinder:601_2" vma 7fbd032000
  HwBinder:601_2-634   [004] ....  5306.383032: do_swap_page: swapin tgid 601 pid 634 name "HwBinder:601_2" vma 7fbd096000
           <...>-2006  [004] ....  5306.383063: do_swap_page: swapin tgid 2006 pid 2006 name "droid.launcher3" vma 7f289fb000
           <...>-2006  [004] ....  5306.383081: do_swap_page: swapin tgid 2006 pid 2006 name "droid.launcher3" vma 13d8c000
           <...>-2006  [004] ....  5306.383083: do_swap_page: swapin tgid 2006 pid 2006 name "droid.launcher3" vma 9efc5000
           <...>-2367  [004] ....  5306.383127: do_swap_page: swapin tgid 814 pid 2367 name "NodeLooperThrea" vma 7fbb81b000
           <...>-2367  [004] ....  5306.383241: do_swap_page: swapin tgid 814 pid 2367 name "NodeLooperThrea" vma 7fbb84e000
  HwBinder:601_2-634   [004] ....  5306.383270: do_swap_page: swapin tgid 601 pid 634 name "HwBinder:601_2" vma 7fbd096000
  HwBinder:601_2-634   [004] ....  5306.383288: do_swap_page: swapin tgid 601 pid 634 name "HwBinder:601_2" vma 7fbd093000
  HwBinder:601_2-634   [004] ....  5306.383291: do_swap_page: swapin tgid 601 pid 634 name "HwBinder:601_2" vma 7fbd00e000
  HwBinder:601_2-634   [004] ....  5306.383299: do_swap_page: swapin tgid 601 pid 634 name "HwBinder:601_2" vma 7fb6079000
           <...>-2367  [004] ....  5306.383381: do_swap_page: swapin tgid 814 pid 2367 name "NodeLooperThrea" vma 7fbb81d000
 android.display-1358  [004] ....  5306.383413: do_swap_page: swapin tgid 1335 pid 1358 name "android.display" vma 9f237000
 android.display-1358  [004] ....  5306.383430: do_swap_page: swapin tgid 1335 pid 1358 name "android.display" vma 13f74000
 android.display-1358  [004] ....  5306.383449: do_swap_page: swapin tgid 1335 pid 1358 name "android.display" vma 9f23a000
  HwBinder:601_2-634   [004] ....  5306.383490: do_swap_page: swapin tgid 601 pid 634 name "HwBinder:601_2" vma 7fb6079000
  HwBinder:601_2-634   [004] ....  5306.383496: do_swap_page: swapin tgid 601 pid 634 name "HwBinder:601_2" vma 7fbd072000
  HwBinder:601_2-634   [004] ....  5306.383499: do_swap_page: swapin tgid 601 pid 634 name "HwBinder:601_2" vma 7fbd073000
  HwBinder:601_2-634   [004] ....  5306.383554: do_swap_page: swapin tgid 601 pid 634 name "HwBinder:601_2" vma 7fbd49c000
  HwBinder:601_2-634   [004] ....  5306.383852: do_swap_page: swapin tgid 601 pid 634 name "HwBinder:601_2" vma 7fb7168000
  HwBinder:601_2-634   [004] ....  5306.383859: do_swap_page: swapin tgid 601 pid 634 name "HwBinder:601_2" vma 7fb7169000
  HwBinder:601_2-634   [004] ....  5306.383862: do_swap_page: swapin tgid 601 pid 634 name "HwBinder:601_2" vma 7fb716a000
  HwBinder:601_2-634   [004] ....  5306.383864: do_swap_page: swapin tgid 601 pid 634 name "HwBinder:601_2" vma 7fb716b000
  HwBinder:601_2-634   [004] ....  5306.383867: do_swap_page: swapin tgid 601 pid 634 name "HwBinder:601_2" vma 7fb716c000
  HwBinder:601_2-634   [004] ....  5306.383869: do_swap_page: swapin tgid 601 pid 634 name "HwBinder:601_2" vma 7fb716d000
  HwBinder:601_2-634   [004] ....  5306.383871: do_swap_page: swapin tgid 601 pid 634 name "HwBinder:601_2" vma 7fb716e000
  HwBinder:601_2-634   [004] ....  5306.383873: do_swap_page: swapin tgid 601 pid 634 name "HwBinder:601_2" vma 7fb716f000
  HwBinder:601_2-634   [004] ....  5306.383875: do_swap_page: swapin tgid 601 pid 634 name "HwBinder:601_2" vma 7fb7170000
  HwBinder:601_2-634   [004] ....  5306.383878: do_swap_page: swapin tgid 601 pid 634 name "HwBinder:601_2" vma 7fb7171000
  HwBinder:601_2-634   [004] ....  5306.383884: do_swap_page: swapin tgid 601 pid 634 name "HwBinder:601_2" vma 7fb7172000
  HwBinder:601_2-634   [004] ....  5306.383886: do_swap_page: swapin tgid 601 pid 634 name "HwBinder:601_2" vma 7fb7173000
  HwBinder:601_2-634   [004] ....  5306.383888: do_swap_page: swapin tgid 601 pid 634 name "HwBinder:601_2" vma 7fb7174000
  HwBinder:601_2-634   [004] ....  5306.383890: do_swap_page: swapin tgid 601 pid 634 name "HwBinder:601_2" vma 7fb7175000
  HwBinder:601_2-634   [004] ....  5306.383892: do_swap_page: swapin tgid 601 pid 634 name "HwBinder:601_2" vma 7fb7176000
  HwBinder:601_2-634   [004] ....  5306.383894: do_swap_page: swapin tgid 601 pid 634 name "HwBinder:601_2" vma 7fb7177000
  HwBinder:601_2-634   [004] ....  5306.383896: do_swap_page: swapin tgid 601 pid 634 name "HwBinder:601_2" vma 7fb7178000
  HwBinder:601_2-634   [004] ....  5306.383898: do_swap_page: swapin tgid 601 pid 634 name "HwBinder:601_2" vma 7fb7179000
  HwBinder:601_2-634   [004] ....  5306.383909: do_swap_page: swapin tgid 601 pid 634 name "HwBinder:601_2" vma 7fb717a000
  HwBinder:601_2-634   [004] ....  5306.383911: do_swap_page: swapin tgid 601 pid 634 name "HwBinder:601_2" vma 7fb717b000
  HwBinder:601_2-634   [004] ....  5306.383913: do_swap_page: swapin tgid 601 pid 634 name "HwBinder:601_2" vma 7fb717c000
  HwBinder:601_2-634   [004] ....  5306.383915: do_swap_page: swapin tgid 601 pid 634 name "HwBinder:601_2" vma 7fb717d000
  HwBinder:601_2-634   [004] ....  5306.383917: do_swap_page: swapin tgid 601 pid 634 name "HwBinder:601_2" vma 7fb717e000
  HwBinder:601_2-634   [004] ....  5306.383918: do_swap_page: swapin tgid 601 pid 634 name "HwBinder:601_2" vma 7fb717f000
  HwBinder:601_2-634   [004] ....  5306.383921: do_swap_page: swapin tgid 601 pid 634 name "HwBinder:601_2" vma 7fb7180000
  HwBinder:601_2-634   [004] ....  5306.383923: do_swap_page: swapin tgid 601 pid 634 name "HwBinder:601_2" vma 7fb7181000
  HwBinder:601_2-634   [004] ....  5306.383926: do_swap_page: swapin tgid 601 pid 634 name "HwBinder:601_2" vma 7fb7182000
  HwBinder:601_2-634   [004] ....  5306.383927: do_swap_page: swapin tgid 601 pid 634 name "HwBinder:601_2" vma 7fb7183000
  HwBinder:601_2-634   [004] ....  5306.383929: do_swap_page: swapin tgid 601 pid 634 name "HwBinder:601_2" vma 7fb7184000
  HwBinder:601_2-634   [004] ....  5306.383946: do_swap_page: swapin tgid 601 pid 634 name "HwBinder:601_2" vma 7fbd0d1000
  HwBinder:601_2-634   [004] ....  5306.383950: do_swap_page: swapin tgid 601 pid 634 name "HwBinder:601_2" vma 7fbd0d3000
  HwBinder:601_2-634   [004] ....  5306.383953: do_swap_page: swapin tgid 601 pid 634 name "HwBinder:601_2" vma 7fbd0d5000
  HwBinder:601_2-634   [004] ....  5306.383962: do_swap_page: swapin tgid 601 pid 634 name "HwBinder:601_2" vma 7fbd0dc000
  HwBinder:601_2-634   [004] ....  5306.383964: do_swap_page: swapin tgid 601 pid 634 name "HwBinder:601_2" vma 7fbd0dd000
  HwBinder:601_2-634   [004] ....  5306.383966: do_swap_page: swapin tgid 601 pid 634 name "HwBinder:601_2" vma 7fbd0de000
  HwBinder:601_2-634   [004] ....  5306.383969: do_swap_page: swapin tgid 601 pid 634 name "HwBinder:601_2" vma 7fbd0df000
  HwBinder:601_2-634   [004] ....  5306.383971: do_swap_page: swapin tgid 601 pid 634 name "HwBinder:601_2" vma 7fbd0e0000
  HwBinder:601_2-634   [004] ....  5306.383972: do_swap_page: swapin tgid 601 pid 634 name "HwBinder:601_2" vma 7fbd0e1000
  HwBinder:601_2-634   [004] ....  5306.383976: do_swap_page: swapin tgid 601 pid 634 name "HwBinder:601_2" vma 7fbd0e2000
  HwBinder:601_2-634   [004] ....  5306.383978: do_swap_page: swapin tgid 601 pid 634 name "HwBinder:601_2" vma 7fbd0e3000
  HwBinder:601_2-634   [004] ....  5306.383980: do_swap_page: swapin tgid 601 pid 634 name "HwBinder:601_2" vma 7fbd0e4000
  HwBinder:601_2-634   [004] ....  5306.383982: do_swap_page: swapin tgid 601 pid 634 name "HwBinder:601_2" vma 7fbd0e5000
  HwBinder:601_2-634   [004] ....  5306.383984: do_swap_page: swapin tgid 601 pid 634 name "HwBinder:601_2" vma 7fbd0e6000
  HwBinder:601_2-634   [004] ....  5306.383987: do_swap_page: swapin tgid 601 pid 634 name "HwBinder:601_2" vma 7fbd0e7000
  HwBinder:601_2-634   [004] ....  5306.383989: do_swap_page: swapin tgid 601 pid 634 name "HwBinder:601_2" vma 7fbd0e8000
  HwBinder:601_2-634   [004] ....  5306.383991: do_swap_page: swapin tgid 601 pid 634 name "HwBinder:601_2" vma 7fbd0e9000
  HwBinder:601_2-634   [004] ....  5306.383993: do_swap_page: swapin tgid 601 pid 634 name "HwBinder:601_2" vma 7fbd0ea000
  HwBinder:601_2-634   [004] ....  5306.383995: do_swap_page: swapin tgid 601 pid 634 name "HwBinder:601_2" vma 7fbd0eb000
  HwBinder:601_2-634   [004] ....  5306.383997: do_swap_page: swapin tgid 601 pid 634 name "HwBinder:601_2" vma 7fbd0ec000
  HwBinder:601_2-634   [004] ....  5306.384000: do_swap_page: swapin tgid 601 pid 634 name "HwBinder:601_2" vma 7fbd0ed000
  HwBinder:601_2-634   [004] ....  5306.384018: do_swap_page: swapin tgid 601 pid 634 name "HwBinder:601_2" vma 7fbf5e4000
           <...>-2367  [004] ....  5306.384071: do_swap_page: swapin tgid 814 pid 2367 name "NodeLooperThrea" vma 7fbb81d000
           <...>-2367  [004] ....  5306.384184: do_swap_page: swapin tgid 814 pid 2367 name "NodeLooperThrea" vma 7fbb85b000
  HwBinder:601_2-634   [004] ....  5306.384249: do_swap_page: swapin tgid 601 pid 634 name "HwBinder:601_2" vma 7fbf5e4000
  HwBinder:601_2-634   [004] ....  5306.384270: do_swap_page: swapin tgid 601 pid 634 name "HwBinder:601_2" vma 7fb7167000
  HwBinder:601_2-634   [004] ....  5306.384275: do_swap_page: swapin tgid 601 pid 634 name "HwBinder:601_2" vma 7fb7166000
  HwBinder:601_2-634   [004] ....  5306.384284: do_swap_page: swapin tgid 601 pid 634 name "HwBinder:601_2" vma 7fb441e000
  HwBinder:601_2-634   [004] ....  5306.384287: do_swap_page: swapin tgid 601 pid 634 name "HwBinder:601_2" vma 7fb441f000
  HwBinder:601_2-634   [004] ....  5306.384292: do_swap_page: swapin tgid 601 pid 634 name "HwBinder:601_2" vma 7fb43fa000
  HwBinder:601_2-634   [004] ....  5306.384294: do_swap_page: swapin tgid 601 pid 634 name "HwBinder:601_2" vma 7fb43fb000
  HwBinder:601_2-634   [004] ....  5306.384301: do_swap_page: swapin tgid 601 pid 634 name "HwBinder:601_2" vma 7fb44a6000
  HwBinder:601_2-634   [004] ....  5306.384303: do_swap_page: swapin tgid 601 pid 634 name "HwBinder:601_2" vma 7fb44a7000
  HwBinder:601_2-634   [004] ....  5306.384305: do_swap_page: swapin tgid 601 pid 634 name "HwBinder:601_2" vma 7fb44a5000
  HwBinder:601_2-634   [004] ....  5306.384321: do_swap_page: swapin tgid 601 pid 634 name "HwBinder:601_2" vma 7fb44a8000
  HwBinder:601_2-634   [004] ....  5306.384362: do_swap_page: swapin tgid 601 pid 634 name "HwBinder:601_2" vma 7fb5e76000
           <...>-2367  [004] ....  5306.384404: do_swap_page: swapin tgid 814 pid 2367 name "NodeLooperThrea" vma 7fbb85b000
  HwBinder:601_2-634   [004] ....  5306.384530: do_swap_page: swapin tgid 601 pid 634 name "HwBinder:601_2" vma 7fb5e76000
  HwBinder:601_2-634   [004] ....  5306.384563: do_swap_page: swapin tgid 601 pid 634 name "HwBinder:601_2" vma 7fbd021000
  HwBinder:601_2-634   [004] ....  5306.384754: do_swap_page: swapin tgid 601 pid 634 name "HwBinder:601_2" vma 7fbd021000
  HwBinder:601_2-634   [004] ....  5306.384796: do_swap_page: swapin tgid 601 pid 634 name "HwBinder:601_2" vma 7fbd094000
           <...>-2006  [004] ....  5306.384852: do_swap_page: swapin tgid 2006 pid 2006 name "droid.launcher3" vma 9efc5000
           <...>-2006  [004] ....  5306.384860: do_swap_page: swapin tgid 2006 pid 2006 name "droid.launcher3" vma 9f0c2000
  HwBinder:601_2-634   [004] ....  5306.384977: do_swap_page: swapin tgid 601 pid 634 name "HwBinder:601_2" vma 7fbd094000
  HwBinder:601_2-634   [004] ....  5306.385001: do_swap_page: swapin tgid 601 pid 634 name "HwBinder:601_2" vma 7fb712d000
  HwBinder:601_2-634   [004] ....  5306.385004: do_swap_page: swapin tgid 601 pid 634 name "HwBinder:601_2" vma 7fb714b000
  HwBinder:601_2-634   [004] ....  5306.385006: do_swap_page: swapin tgid 601 pid 634 name "HwBinder:601_2" vma 7fb714c000
  HwBinder:601_2-634   [004] ....  5306.385027: do_swap_page: swapin tgid 601 pid 634 name "HwBinder:601_2" vma 7fb714d000
  HwBinder:601_2-634   [004] ....  5306.385031: do_swap_page: swapin tgid 601 pid 634 name "HwBinder:601_2" vma 7fb714e000
  HwBinder:601_2-634   [004] ....  5306.385033: do_swap_page: swapin tgid 601 pid 634 name "HwBinder:601_2" vma 7fb714f000
  HwBinder:601_2-634   [004] ....  5306.385035: do_swap_page: swapin tgid 601 pid 634 name "HwBinder:601_2" vma 7fb7150000
  HwBinder:601_2-634   [004] ....  5306.385037: do_swap_page: swapin tgid 601 pid 634 name "HwBinder:601_2" vma 7fb7151000
  HwBinder:601_2-634   [004] ....  5306.385039: do_swap_page: swapin tgid 601 pid 634 name "HwBinder:601_2" vma 7fb7152000
  HwBinder:601_2-634   [004] ....  5306.385042: do_swap_page: swapin tgid 601 pid 634 name "HwBinder:601_2" vma 7fb7153000
  HwBinder:601_2-634   [004] ....  5306.385043: do_swap_page: swapin tgid 601 pid 634 name "HwBinder:601_2" vma 7fb7154000
  HwBinder:601_2-634   [004] ....  5306.385045: do_swap_page: swapin tgid 601 pid 634 name "HwBinder:601_2" vma 7fb7155000
  HwBinder:601_2-634   [004] ....  5306.385047: do_swap_page: swapin tgid 601 pid 634 name "HwBinder:601_2" vma 7fb7156000
  HwBinder:601_2-634   [004] ....  5306.385049: do_swap_page: swapin tgid 601 pid 634 name "HwBinder:601_2" vma 7fb7157000
  HwBinder:601_2-634   [004] ....  5306.385052: do_swap_page: swapin tgid 601 pid 634 name "HwBinder:601_2" vma 7fb7158000
  HwBinder:601_2-634   [004] ....  5306.385053: do_swap_page: swapin tgid 601 pid 634 name "HwBinder:601_2" vma 7fb7159000
  HwBinder:601_2-634   [004] ....  5306.385056: do_swap_page: swapin tgid 601 pid 634 name "HwBinder:601_2" vma 7fb715a000
  HwBinder:601_2-634   [004] ....  5306.385059: do_swap_page: swapin tgid 601 pid 634 name "HwBinder:601_2" vma 7fb715b000
  HwBinder:601_2-634   [004] ....  5306.385061: do_swap_page: swapin tgid 601 pid 634 name "HwBinder:601_2" vma 7fb715c000
  HwBinder:601_2-634   [004] ....  5306.385068: do_swap_page: swapin tgid 601 pid 634 name "HwBinder:601_2" vma 7fb715d000
  HwBinder:601_2-634   [004] ....  5306.385070: do_swap_page: swapin tgid 601 pid 634 name "HwBinder:601_2" vma 7fb715e000
  HwBinder:601_2-634   [004] ....  5306.385072: do_swap_page: swapin tgid 601 pid 634 name "HwBinder:601_2" vma 7fb715f000
  HwBinder:601_2-634   [004] ....  5306.385074: do_swap_page: swapin tgid 601 pid 634 name "HwBinder:601_2" vma 7fb7160000
  HwBinder:601_2-634   [004] ....  5306.385076: do_swap_page: swapin tgid 601 pid 634 name "HwBinder:601_2" vma 7fb7161000
  HwBinder:601_2-634   [004] ....  5306.385078: do_swap_page: swapin tgid 601 pid 634 name "HwBinder:601_2" vma 7fb7162000
  HwBinder:601_2-634   [004] ....  5306.385080: do_swap_page: swapin tgid 601 pid 634 name "HwBinder:601_2" vma 7fb7163000
  HwBinder:601_2-634   [004] ....  5306.385082: do_swap_page: swapin tgid 601 pid 634 name "HwBinder:601_2" vma 7fb7164000
  HwBinder:601_2-634   [004] ....  5306.385084: do_swap_page: swapin tgid 601 pid 634 name "HwBinder:601_2" vma 7fb7165000
  HwBinder:601_2-634   [004] ....  5306.385089: do_swap_page: swapin tgid 601 pid 634 name "HwBinder:601_2" vma 7fbd056000
  HwBinder:601_2-634   [004] ....  5306.385094: do_swap_page: swapin tgid 601 pid 634 name "HwBinder:601_2" vma 7fb712e000
  HwBinder:601_2-634   [004] ....  5306.385096: do_swap_page: swapin tgid 601 pid 634 name "HwBinder:601_2" vma 7fb712f000
  HwBinder:601_2-634   [004] ....  5306.385099: do_swap_page: swapin tgid 601 pid 634 name "HwBinder:601_2" vma 7fb7130000
  HwBinder:601_2-634   [004] ....  5306.385101: do_swap_page: swapin tgid 601 pid 634 name "HwBinder:601_2" vma 7fb7131000
  HwBinder:601_2-634   [004] ....  5306.385102: do_swap_page: swapin tgid 601 pid 634 name "HwBinder:601_2" vma 7fb7132000
  HwBinder:601_2-634   [004] ....  5306.385104: do_swap_page: swapin tgid 601 pid 634 name "HwBinder:601_2" vma 7fb7133000
  HwBinder:601_2-634   [004] ....  5306.385107: do_swap_page: swapin tgid 601 pid 634 name "HwBinder:601_2" vma 7fb7134000
  HwBinder:601_2-634   [004] ....  5306.385109: do_swap_page: swapin tgid 601 pid 634 name "HwBinder:601_2" vma 7fb7135000
  HwBinder:601_2-634   [004] ....  5306.385111: do_swap_page: swapin tgid 601 pid 634 name "HwBinder:601_2" vma 7fb7136000
  HwBinder:601_2-634   [004] ....  5306.385114: do_swap_page: swapin tgid 601 pid 634 name "HwBinder:601_2" vma 7fb7137000
  HwBinder:601_2-634   [004] ....  5306.385116: do_swap_page: swapin tgid 601 pid 634 name "HwBinder:601_2" vma 7fb7138000
  HwBinder:601_2-634   [004] ....  5306.385118: do_swap_page: swapin tgid 601 pid 634 name "HwBinder:601_2" vma 7fb7139000
  HwBinder:601_2-634   [004] ....  5306.385120: do_swap_page: swapin tgid 601 pid 634 name "HwBinder:601_2" vma 7fb713a000
  HwBinder:601_2-634   [004] ....  5306.385122: do_swap_page: swapin tgid 601 pid 634 name "HwBinder:601_2" vma 7fb713b000
  HwBinder:601_2-634   [004] ....  5306.385124: do_swap_page: swapin tgid 601 pid 634 name "HwBinder:601_2" vma 7fb713c000
  HwBinder:601_2-634   [004] ....  5306.385127: do_swap_page: swapin tgid 601 pid 634 name "HwBinder:601_2" vma 7fb713d000
  HwBinder:601_2-634   [004] ....  5306.385130: do_swap_page: swapin tgid 601 pid 634 name "HwBinder:601_2" vma 7fb713e000
  HwBinder:601_2-634   [004] ....  5306.385132: do_swap_page: swapin tgid 601 pid 634 name "HwBinder:601_2" vma 7fb713f000
  HwBinder:601_2-634   [004] ....  5306.385134: do_swap_page: swapin tgid 601 pid 634 name "HwBinder:601_2" vma 7fb7140000
  HwBinder:601_2-634   [004] ....  5306.385136: do_swap_page: swapin tgid 601 pid 634 name "HwBinder:601_2" vma 7fb7141000
  HwBinder:601_2-634   [004] ....  5306.385138: do_swap_page: swapin tgid 601 pid 634 name "HwBinder:601_2" vma 7fb7142000
  HwBinder:601_2-634   [004] ....  5306.385139: do_swap_page: swapin tgid 601 pid 634 name "HwBinder:601_2" vma 7fb7143000
  HwBinder:601_2-634   [004] ....  5306.385141: do_swap_page: swapin tgid 601 pid 634 name "HwBinder:601_2" vma 7fb7144000
  HwBinder:601_2-634   [004] ....  5306.385143: do_swap_page: swapin tgid 601 pid 634 name "HwBinder:601_2" vma 7fb7145000
  HwBinder:601_2-634   [004] ....  5306.385145: do_swap_page: swapin tgid 601 pid 634 name "HwBinder:601_2" vma 7fb7146000
  HwBinder:601_2-634   [004] ....  5306.385147: do_swap_page: swapin tgid 601 pid 634 name "HwBinder:601_2" vma 7fb7147000
  HwBinder:601_2-634   [004] ....  5306.385149: do_swap_page: swapin tgid 601 pid 634 name "HwBinder:601_2" vma 7fb7148000
  HwBinder:601_2-634   [004] ....  5306.385151: do_swap_page: swapin tgid 601 pid 634 name "HwBinder:601_2" vma 7fb7149000
  HwBinder:601_2-634   [004] ....  5306.385153: do_swap_page: swapin tgid 601 pid 634 name "HwBinder:601_2" vma 7fb714a000
  HwBinder:601_2-634   [004] ....  5306.385157: do_swap_page: swapin tgid 601 pid 634 name "HwBinder:601_2" vma 7fb456d000
           <...>-2367  [004] ....  5306.385259: do_swap_page: swapin tgid 814 pid 2367 name "NodeLooperThrea" vma 7fbd26b000
           <...>-2367  [004] ....  5306.385265: do_swap_page: swapin tgid 814 pid 2367 name "NodeLooperThrea" vma 7fbd26c000
           <...>-2367  [004] ....  5306.385269: do_swap_page: swapin tgid 814 pid 2367 name "NodeLooperThrea" vma 7fbd240000
           <...>-2367  [004] ....  5306.385273: do_swap_page: swapin tgid 814 pid 2367 name "NodeLooperThrea" vma 7fbe025000
           <...>-2367  [004] ....  5306.385283: do_swap_page: swapin tgid 814 pid 2367 name "NodeLooperThrea" vma 7fbd20a000
           <...>-2367  [004] ....  5306.385287: do_swap_page: swapin tgid 814 pid 2367 name "NodeLooperThrea" vma 7fbd20e000
           <...>-2367  [004] ....  5306.385289: do_swap_page: swapin tgid 814 pid 2367 name "NodeLooperThrea" vma 7fbe024000
 android.display-1358  [004] ....  5306.385317: do_swap_page: swapin tgid 1335 pid 1358 name "android.display" vma 9f23a000
 android.display-1358  [004] ....  5306.385323: do_swap_page: swapin tgid 1335 pid 1358 name "android.display" vma 9f066000
 android.display-1358  [004] ....  5306.385328: do_swap_page: swapin tgid 1335 pid 1358 name "android.display" vma 14a22000
 android.display-1358  [004] ....  5306.385335: do_swap_page: swapin tgid 1335 pid 1358 name "android.display" vma 9efca000
 android.display-1358  [004] ....  5306.385337: do_swap_page: swapin tgid 1335 pid 1358 name "android.display" vma 9f27e000
           <...>-1356  [004] ....  5306.385365: do_swap_page: swapin tgid 1335 pid 1356 name "android.ui" vma 9f2cf000
           <...>-1356  [004] ....  5306.385369: do_swap_page: swapin tgid 1335 pid 1356 name "android.ui" vma 9f198000
  HwBinder:601_2-634   [004] ....  5306.385406: do_swap_page: swapin tgid 601 pid 634 name "HwBinder:601_2" vma 7fb456d000
  HwBinder:601_2-634   [004] ....  5306.385412: do_swap_page: swapin tgid 601 pid 634 name "HwBinder:601_2" vma 7fb456e000
           <...>-2367  [004] ....  5306.385471: do_swap_page: swapin tgid 814 pid 2367 name "NodeLooperThrea" vma 7fbe024000
           <...>-2367  [004] ....  5306.385482: do_swap_page: swapin tgid 814 pid 2367 name "NodeLooperThrea" vma 7fbb7fa000
           <...>-2367  [004] ....  5306.385489: do_swap_page: swapin tgid 814 pid 2367 name "NodeLooperThrea" vma 7fbd212000
           <...>-2367  [004] ....  5306.385491: do_swap_page: swapin tgid 814 pid 2367 name "NodeLooperThrea" vma 7fbd9fe000
           <...>-2006  [004] ....  5306.385518: do_swap_page: swapin tgid 2006 pid 2006 name "droid.launcher3" vma 9f0c2000
           <...>-2006  [004] ....  5306.385524: do_swap_page: swapin tgid 2006 pid 2006 name "droid.launcher3" vma 9f0d3000
           <...>-1356  [004] ....  5306.385584: do_swap_page: swapin tgid 1335 pid 1356 name "android.ui" vma 13cb1000
  HwBinder:601_2-634   [004] ....  5306.385606: do_swap_page: swapin tgid 601 pid 634 name "HwBinder:601_2" vma 7fb456e000
  HwBinder:601_2-634   [004] ....  5306.385612: do_swap_page: swapin tgid 601 pid 634 name "HwBinder:601_2" vma 7fb712c000
  HwBinder:601_2-634   [004] ....  5306.385617: do_swap_page: swapin tgid 601 pid 634 name "HwBinder:601_2" vma 7fb458b000
           <...>-2367  [004] ....  5306.385747: do_swap_page: swapin tgid 814 pid 2367 name "NodeLooperThrea" vma 7fbd9fe000
  HwBinder:601_2-634   [004] ....  5306.385788: do_swap_page: swapin tgid 601 pid 634 name "HwBinder:601_2" vma 7fb458b000
  HwBinder:601_2-634   [004] ....  5306.385794: do_swap_page: swapin tgid 601 pid 634 name "HwBinder:601_2" vma 7fb712b000
  HwBinder:601_2-634   [004] ....  5306.385802: do_swap_page: swapin tgid 601 pid 634 name "HwBinder:601_2" vma 7fb458c000
           <...>-2367  [004] ....  5306.385843: do_swap_page: swapin tgid 814 pid 2367 name "NodeLooperThrea" vma 7fbf5e3000
           <...>-2006  [004] ....  5306.385875: do_swap_page: swapin tgid 2006 pid 2006 name "droid.launcher3" vma 9f0d3000
           <...>-2006  [004] ....  5306.385881: do_swap_page: swapin tgid 2006 pid 2006 name "droid.launcher3" vma 9f0cd000
 android.display-1358  [004] ....  5306.385902: do_swap_page: swapin tgid 1335 pid 1358 name "android.display" vma 9f27e000
 android.display-1358  [004] ....  5306.385908: do_swap_page: swapin tgid 1335 pid 1358 name "android.display" vma 9f27f000
  HwBinder:601_2-634   [004] ....  5306.385935: do_swap_page: swapin tgid 601 pid 634 name "HwBinder:601_2" vma 7fb458c000
  HwBinder:601_2-634   [004] ....  5306.385942: do_swap_page: swapin tgid 601 pid 634 name "HwBinder:601_2" vma 7fb45aa000
           <...>-1356  [004] ....  5306.386007: do_swap_page: swapin tgid 1335 pid 1356 name "android.ui" vma 9efbe000
           <...>-1356  [004] ....  5306.386020: do_swap_page: swapin tgid 1335 pid 1356 name "android.ui" vma 7e6363e000
           <...>-1356  [004] ....  5306.386034: do_swap_page: swapin tgid 1335 pid 1356 name "android.ui" vma 7eb42bb000
           <...>-1356  [004] ....  5306.386040: do_swap_page: swapin tgid 1335 pid 1356 name "android.ui" vma 13f33000
           <...>-1356  [004] ....  5306.386054: do_swap_page: swapin tgid 1335 pid 1356 name "android.ui" vma 13d2e000
           <...>-1356  [004] ....  5306.386071: do_swap_page: swapin tgid 1335 pid 1356 name "android.ui" vma 7f2d6c2000
           <...>-1356  [004] ....  5306.386094: do_swap_page: swapin tgid 1335 pid 1356 name "android.ui" vma 9f079000
           <...>-1356  [004] ....  5306.386102: do_swap_page: swapin tgid 1335 pid 1356 name "android.ui" vma 7f2afa3000
  HwBinder:601_2-634   [004] ....  5306.386140: do_swap_page: swapin tgid 601 pid 634 name "HwBinder:601_2" vma 7fb45aa000
  HwBinder:601_2-634   [004] ....  5306.386147: do_swap_page: swapin tgid 601 pid 634 name "HwBinder:601_2" vma 7fb458d000
           <...>-2367  [004] ....  5306.386208: do_swap_page: swapin tgid 814 pid 2367 name "NodeLooperThrea" vma 7fbf5e3000
           <...>-2367  [004] ....  5306.386220: do_swap_page: swapin tgid 814 pid 2367 name "NodeLooperThrea" vma 7fbd7f3000
  HwBinder:601_2-634   [004] ....  5306.386349: do_swap_page: swapin tgid 601 pid 634 name "HwBinder:601_2" vma 7fb458d000
  HwBinder:601_2-634   [004] ....  5306.386355: do_swap_page: swapin tgid 601 pid 634 name "HwBinder:601_2" vma 7fb458e000
 ndroid.systemui-1683  [004] ....  5306.386428: do_swap_page: swapin tgid 1683 pid 1683 name "ndroid.systemui" vma 7eb5524000
  HwBinder:601_2-634   [004] ....  5306.386491: do_swap_page: swapin tgid 601 pid 634 name "HwBinder:601_2" vma 7fb458e000
  HwBinder:601_2-634   [004] ....  5306.386507: do_swap_page: swapin tgid 601 pid 634 name "HwBinder:601_2" vma 7fb4423000
  HwBinder:601_2-634   [004] ....  5306.386514: do_swap_page: swapin tgid 601 pid 634 name "HwBinder:601_2" vma 7fb4422000
  HwBinder:601_2-634   [004] ....  5306.386521: do_swap_page: swapin tgid 601 pid 634 name "HwBinder:601_2" vma 7fb5e2d000
  HwBinder:601_2-634   [004] ....  5306.386948: do_swap_page: swapin tgid 601 pid 634 name "HwBinder:601_2" vma 7fbd207000
  HwBinder:601_2-634   [004] ....  5306.386952: do_swap_page: swapin tgid 601 pid 634 name "HwBinder:601_2" vma 7fbd205000
           <...>-2006  [004] ....  5306.387193: do_swap_page: swapin tgid 2006 pid 2006 name "droid.launcher3" vma 9f0cd000
           <...>-2006  [004] ....  5306.387237: do_swap_page: swapin tgid 2006 pid 2006 name "droid.launcher3" vma 12ec1000
           <...>-2006  [004] ....  5306.387242: do_swap_page: swapin tgid 2006 pid 2006 name "droid.launcher3" vma 13d96000
           <...>-2006  [004] ....  5306.387248: do_swap_page: swapin tgid 2006 pid 2006 name "droid.launcher3" vma 7eccad7000
           <...>-2006  [004] ....  5306.387252: do_swap_page: swapin tgid 2006 pid 2006 name "droid.launcher3" vma 7f28b5d000
           <...>-2006  [004] ....  5306.387261: do_swap_page: swapin tgid 2006 pid 2006 name "droid.launcher3" vma 13d95000
           <...>-2006  [004] ....  5306.387263: do_swap_page: swapin tgid 2006 pid 2006 name "droid.launcher3" vma 7eccad8000
           <...>-2006  [004] ....  5306.387269: do_swap_page: swapin tgid 2006 pid 2006 name "droid.launcher3" vma 9ef8e000
 android.display-1358  [004] ....  5306.387380: do_swap_page: swapin tgid 1335 pid 1358 name "android.display" vma 9f27f000
 android.display-1358  [004] ....  5306.387388: do_swap_page: swapin tgid 1335 pid 1358 name "android.display" vma 14aa2000
 android.display-1358  [004] ....  5306.387420: do_swap_page: swapin tgid 1335 pid 1358 name "android.display" vma 7f2d669000
 android.display-1358  [004] ....  5306.387435: do_swap_page: swapin tgid 1335 pid 1358 name "android.display" vma 7e57ce8000
 android.display-1358  [004] ....  5306.387442: do_swap_page: swapin tgid 1335 pid 1358 name "android.display" vma 7f28b1d000
 android.display-1358  [004] ....  5306.387445: do_swap_page: swapin tgid 1335 pid 1358 name "android.display" vma 7f28b1e000
           <...>-1445  [004] ....  5306.387468: do_swap_page: swapin tgid 1335 pid 1445 name "InputDispatcher" vma 7e857b0000
 ndroid.systemui-1683  [004] ....  5306.387712: do_swap_page: swapin tgid 1683 pid 1683 name "ndroid.systemui" vma 9f1f1000
           <...>-2006  [004] ....  5306.388629: do_swap_page: swapin tgid 2006 pid 2006 name "droid.launcher3" vma 9ef8e000
           <...>-2006  [004] ....  5306.388637: do_swap_page: swapin tgid 2006 pid 2006 name "droid.launcher3" vma 7fbe264000
           <...>-2006  [004] ....  5306.388640: do_swap_page: swapin tgid 2006 pid 2006 name "droid.launcher3" vma 9ef8f000
 ndroid.systemui-1683  [004] ....  5306.388721: do_swap_page: swapin tgid 1683 pid 1683 name "ndroid.systemui" vma 9f1f1000
 ndroid.systemui-1683  [004] ....  5306.388731: do_swap_page: swapin tgid 1683 pid 1683 name "ndroid.systemui" vma 9f1b5000
           <...>-1356  [004] ....  5306.388833: do_swap_page: swapin tgid 1335 pid 1356 name "android.ui" vma 7f2afa3000
           <...>-1356  [004] ....  5306.388843: do_swap_page: swapin tgid 1335 pid 1356 name "android.ui" vma 9f2d4000
           <...>-2006  [004] ....  5306.388879: do_swap_page: swapin tgid 2006 pid 2006 name "droid.launcher3" vma 9ef8f000
           <...>-2006  [004] ....  5306.388893: do_swap_page: swapin tgid 2006 pid 2006 name "droid.launcher3" vma 9efa7000
 ndroid.systemui-1683  [004] ....  5306.388918: do_swap_page: swapin tgid 1683 pid 1683 name "ndroid.systemui" vma 9f1b5000
 ndroid.systemui-1683  [004] ....  5306.388935: do_swap_page: swapin tgid 1683 pid 1683 name "ndroid.systemui" vma 7fbe1a4000
           <...>-2006  [004] ....  5306.389017: do_swap_page: swapin tgid 2006 pid 2006 name "droid.launcher3" vma 9efa7000
           <...>-2006  [004] ....  5306.389023: do_swap_page: swapin tgid 2006 pid 2006 name "droid.launcher3" vma 9ef90000
 ndroid.systemui-1683  [004] ....  5306.389046: do_swap_page: swapin tgid 1683 pid 1683 name "ndroid.systemui" vma 1368a000
 ndroid.systemui-1683  [004] ....  5306.389057: do_swap_page: swapin tgid 1683 pid 1683 name "ndroid.systemui" vma 132ad000
 ndroid.systemui-1683  [004] ....  5306.389077: do_swap_page: swapin tgid 1683 pid 1683 name "ndroid.systemui" vma 9f194000
           <...>-2006  [004] ....  5306.389148: do_swap_page: swapin tgid 2006 pid 2006 name "droid.launcher3" vma 9ef90000
           <...>-2006  [004] ....  5306.389155: do_swap_page: swapin tgid 2006 pid 2006 name "droid.launcher3" vma 12ed2000
           <...>-2006  [004] ....  5306.389158: do_swap_page: swapin tgid 2006 pid 2006 name "droid.launcher3" vma 7eccad6000
           <...>-2006  [004] ....  5306.389163: do_swap_page: swapin tgid 2006 pid 2006 name "droid.launcher3" vma 9efa8000
           <...>-2006  [004] ....  5306.389285: do_swap_page: swapin tgid 2006 pid 2006 name "droid.launcher3" vma 9efa8000
           <...>-2006  [004] ....  5306.389289: do_swap_page: swapin tgid 2006 pid 2006 name "droid.launcher3" vma 9f096000
           <...>-2006  [004] ....  5306.389296: do_swap_page: swapin tgid 2006 pid 2006 name "droid.launcher3" vma 7f2dcc2000
           <...>-1356  [004] ....  5306.389358: do_swap_page: swapin tgid 1335 pid 1356 name "android.ui" vma 9f2d4000
           <...>-1356  [004] ....  5306.389365: do_swap_page: swapin tgid 1335 pid 1356 name "android.ui" vma 9f029000
           <...>-1356  [004] ....  5306.389368: do_swap_page: swapin tgid 1335 pid 1356 name "android.ui" vma 9f161000
 ndroid.systemui-1683  [004] ....  5306.389392: do_swap_page: swapin tgid 1683 pid 1683 name "ndroid.systemui" vma 9f194000
 ndroid.systemui-1683  [004] ....  5306.389407: do_swap_page: swapin tgid 1683 pid 1683 name "ndroid.systemui" vma 13307000
 ndroid.systemui-1683  [004] ....  5306.389411: do_swap_page: swapin tgid 1683 pid 1683 name "ndroid.systemui" vma 7f28a69000
 ndroid.systemui-1683  [004] ....  5306.389416: do_swap_page: swapin tgid 1683 pid 1683 name "ndroid.systemui" vma 9f271000
           <...>-2006  [004] ....  5306.389479: do_swap_page: swapin tgid 2006 pid 2006 name "droid.launcher3" vma 7f2dcc2000
           <...>-2006  [004] ....  5306.389485: do_swap_page: swapin tgid 2006 pid 2006 name "droid.launcher3" vma 9f0a0000
           <...>-2006  [004] ....  5306.389489: do_swap_page: swapin tgid 2006 pid 2006 name "droid.launcher3" vma 9efa9000
           <...>-1356  [004] ....  5306.389577: do_swap_page: swapin tgid 1335 pid 1356 name "android.ui" vma 9f161000
           <...>-1356  [004] ....  5306.389583: do_swap_page: swapin tgid 1335 pid 1356 name "android.ui" vma 9f00f000
           <...>-1356  [004] .n..  5306.389603: do_swap_page: swapin tgid 1335 pid 1356 name "android.ui" vma 9f13e000
           <...>-2006  [004] ....  5306.389608: do_swap_page: swapin tgid 2006 pid 2006 name "droid.launcher3" vma 9efa9000
           <...>-2006  [004] ....  5306.389613: do_swap_page: swapin tgid 2006 pid 2006 name "droid.launcher3" vma 7f2dcc3000
 ndroid.systemui-1683  [004] ....  5306.389676: do_swap_page: swapin tgid 1683 pid 1683 name "ndroid.systemui" vma 9f271000
 ndroid.systemui-1683  [004] ....  5306.389686: do_swap_page: swapin tgid 1683 pid 1683 name "ndroid.systemui" vma 9f0f5000
 ndroid.systemui-1683  [004] ....  5306.389689: do_swap_page: swapin tgid 1683 pid 1683 name "ndroid.systemui" vma 9f261000
           <...>-2006  [004] ....  5306.389742: do_swap_page: swapin tgid 2006 pid 2006 name "droid.launcher3" vma 7f2dcc3000
           <...>-2006  [004] ....  5306.389747: do_swap_page: swapin tgid 2006 pid 2006 name "droid.launcher3" vma 9efe6000
           <...>-1356  [004] ....  5306.389786: do_swap_page: swapin tgid 1335 pid 1356 name "android.ui" vma 9f13e000
           <...>-1356  [004] ....  5306.389791: do_swap_page: swapin tgid 1335 pid 1356 name "android.ui" vma 9efa6000
           <...>-1356  [004] ....  5306.389794: do_swap_page: swapin tgid 1335 pid 1356 name "android.ui" vma 9f26c000
 ndroid.systemui-1683  [004] ....  5306.389842: do_swap_page: swapin tgid 1683 pid 1683 name "ndroid.systemui" vma 9f261000
 ndroid.systemui-1683  [004] ....  5306.389847: do_swap_page: swapin tgid 1683 pid 1683 name "ndroid.systemui" vma 9f1a5000
           <...>-2006  [004] ....  5306.389951: do_swap_page: swapin tgid 2006 pid 2006 name "droid.launcher3" vma 9efe6000
           <...>-2006  [004] ....  5306.389956: do_swap_page: swapin tgid 2006 pid 2006 name "droid.launcher3" vma 9efc1000
           <...>-1356  [004] ....  5306.390014: do_swap_page: swapin tgid 1335 pid 1356 name "android.ui" vma 9f26c000
           <...>-1356  [004] ....  5306.390022: do_swap_page: swapin tgid 1335 pid 1356 name "android.ui" vma 9f078000
           <...>-1356  [004] ....  5306.390024: do_swap_page: swapin tgid 1335 pid 1356 name "android.ui" vma 9f1c2000
 ndroid.systemui-1683  [004] ....  5306.390070: do_swap_page: swapin tgid 1683 pid 1683 name "ndroid.systemui" vma 9f1a5000
 ndroid.systemui-1683  [004] ....  5306.390077: do_swap_page: swapin tgid 1683 pid 1683 name "ndroid.systemui" vma 9f116000
 ndroid.systemui-1683  [004] ....  5306.390080: do_swap_page: swapin tgid 1683 pid 1683 name "ndroid.systemui" vma 9f1c8000
           <...>-2006  [004] ....  5306.390112: do_swap_page: swapin tgid 2006 pid 2006 name "droid.launcher3" vma 9efc1000
           <...>-2006  [004] ....  5306.390121: do_swap_page: swapin tgid 2006 pid 2006 name "droid.launcher3" vma 9ef77000
           <...>-1356  [004] ....  5306.390213: do_swap_page: swapin tgid 1335 pid 1356 name "android.ui" vma 9f1c2000
           <...>-2006  [004] ....  5306.390241: do_swap_page: swapin tgid 2006 pid 2006 name "droid.launcher3" vma 9ef77000
           <...>-2006  [004] ....  5306.390246: do_swap_page: swapin tgid 2006 pid 2006 name "droid.launcher3" vma 9f133000
           <...>-2006  [004] ....  5306.390250: do_swap_page: swapin tgid 2006 pid 2006 name "droid.launcher3" vma 9f0a5000
           <...>-1356  [004] ....  5306.390284: do_swap_page: swapin tgid 1335 pid 1356 name "android.ui" vma 7ecfadf000
           <...>-1356  [004] ....  5306.390312: do_swap_page: swapin tgid 1335 pid 1356 name "android.ui" vma 7f2d667000
           <...>-2006  [004] ....  5306.390415: do_swap_page: swapin tgid 2006 pid 2006 name "droid.launcher3" vma 9f0a5000
           <...>-2006  [004] ....  5306.390423: do_swap_page: swapin tgid 2006 pid 2006 name "droid.launcher3" vma 9efb5000
 ndroid.systemui-1683  [004] ....  5306.390521: do_swap_page: swapin tgid 1683 pid 1683 name "ndroid.systemui" vma 9f1c8000
           <...>-2006  [004] ....  5306.390549: do_swap_page: swapin tgid 2006 pid 2006 name "droid.launcher3" vma 9efb5000
           <...>-2006  [004] ....  5306.390554: do_swap_page: swapin tgid 2006 pid 2006 name "droid.launcher3" vma 9f09a000
 ndroid.systemui-1683  [004] ....  5306.390586: do_swap_page: swapin tgid 1683 pid 1683 name "ndroid.systemui" vma 9f0f3000
 ndroid.systemui-1683  [004] ....  5306.390594: do_swap_page: swapin tgid 1683 pid 1683 name "ndroid.systemui" vma 9f181000
           <...>-2006  [004] ....  5306.390675: do_swap_page: swapin tgid 2006 pid 2006 name "droid.launcher3" vma 9f09a000
           <...>-2006  [004] ....  5306.390681: do_swap_page: swapin tgid 2006 pid 2006 name "droid.launcher3" vma 9f0c1000
 ndroid.systemui-1683  [004] ....  5306.390721: do_swap_page: swapin tgid 1683 pid 1683 name "ndroid.systemui" vma 9f181000
 ndroid.systemui-1683  [004] ....  5306.390727: do_swap_page: swapin tgid 1683 pid 1683 name "ndroid.systemui" vma 9f0e1000
 ndroid.systemui-1683  [004] ....  5306.390729: do_swap_page: swapin tgid 1683 pid 1683 name "ndroid.systemui" vma 9f191000
           <...>-2006  [004] ....  5306.390820: do_swap_page: swapin tgid 2006 pid 2006 name "droid.launcher3" vma 9f0c1000
           <...>-2006  [004] ....  5306.390827: do_swap_page: swapin tgid 2006 pid 2006 name "droid.launcher3" vma 9f0a2000
           <...>-2006  [004] ....  5306.390829: do_swap_page: swapin tgid 2006 pid 2006 name "droid.launcher3" vma 9efc7000
 ndroid.systemui-1683  [004] ....  5306.390911: do_swap_page: swapin tgid 1683 pid 1683 name "ndroid.systemui" vma 9f191000
 ndroid.systemui-1683  [004] ....  5306.390920: do_swap_page: swapin tgid 1683 pid 1683 name "ndroid.systemui" vma 7eb9f98000
           <...>-2006  [004] ....  5306.390953: do_swap_page: swapin tgid 2006 pid 2006 name "droid.launcher3" vma 9efc7000
           <...>-2006  [004] ....  5306.390961: do_swap_page: swapin tgid 2006 pid 2006 name "droid.launcher3" vma 13db3000
           <...>-2006  [004] ....  5306.390963: do_swap_page: swapin tgid 2006 pid 2006 name "droid.launcher3" vma 9efcc000
 ndroid.systemui-1683  [004] ....  5306.390993: do_swap_page: swapin tgid 1683 pid 1683 name "ndroid.systemui" vma 9f231000
           <...>-2006  [004] ....  5306.391073: do_swap_page: swapin tgid 2006 pid 2006 name "droid.launcher3" vma 9efcc000
           <...>-2006  [004] ....  5306.391080: do_swap_page: swapin tgid 2006 pid 2006 name "droid.launcher3" vma 13d84000
           <...>-2006  [004] ....  5306.391082: do_swap_page: swapin tgid 2006 pid 2006 name "droid.launcher3" vma 9ef8c000
 ndroid.systemui-1683  [004] ....  5306.391143: do_swap_page: swapin tgid 1683 pid 1683 name "ndroid.systemui" vma 9f231000
 ndroid.systemui-1683  [004] ....  5306.391149: do_swap_page: swapin tgid 1683 pid 1683 name "ndroid.systemui" vma 9f16a000
           <...>-2006  [004] ....  5306.391205: do_swap_page: swapin tgid 2006 pid 2006 name "droid.launcher3" vma 9ef8c000
           <...>-2006  [004] ....  5306.391210: do_swap_page: swapin tgid 2006 pid 2006 name "droid.launcher3" vma 9efd1000
 ndroid.systemui-1683  [004] ....  5306.391284: do_swap_page: swapin tgid 1683 pid 1683 name "ndroid.systemui" vma 9f16a000
 ndroid.systemui-1683  [004] ....  5306.391292: do_swap_page: swapin tgid 1683 pid 1683 name "ndroid.systemui" vma 9f1bd000
           <...>-2006  [004] ....  5306.391338: do_swap_page: swapin tgid 2006 pid 2006 name "droid.launcher3" vma 9efd1000
           <...>-2006  [004] ....  5306.391344: do_swap_page: swapin tgid 2006 pid 2006 name "droid.launcher3" vma 13d81000
           <...>-2006  [004] ....  5306.391345: do_swap_page: swapin tgid 2006 pid 2006 name "droid.launcher3" vma 9ef88000
 ndroid.systemui-1683  [004] ....  5306.391456: do_swap_page: swapin tgid 1683 pid 1683 name "ndroid.systemui" vma 9f1bd000
 ndroid.systemui-1683  [004] ....  5306.391464: do_swap_page: swapin tgid 1683 pid 1683 name "ndroid.systemui" vma 9f21b000
 ndroid.systemui-1683  [004] ....  5306.391469: do_swap_page: swapin tgid 1683 pid 1683 name "ndroid.systemui" vma 9f0f0000
 ndroid.systemui-1683  [004] ....  5306.391470: do_swap_page: swapin tgid 1683 pid 1683 name "ndroid.systemui" vma 9f25d000
           <...>-2006  [004] ....  5306.391503: do_swap_page: swapin tgid 2006 pid 2006 name "droid.launcher3" vma 9ef88000
           <...>-2006  [004] ....  5306.391509: do_swap_page: swapin tgid 2006 pid 2006 name "droid.launcher3" vma 9efda000
           <...>-2006  [004] ....  5306.391629: do_swap_page: swapin tgid 2006 pid 2006 name "droid.launcher3" vma 9efda000
           <...>-2006  [004] ....  5306.391635: do_swap_page: swapin tgid 2006 pid 2006 name "droid.launcher3" vma 13d88000
           <...>-2006  [004] ....  5306.391636: do_swap_page: swapin tgid 2006 pid 2006 name "droid.launcher3" vma 9efb9000
 ndroid.systemui-1683  [004] ....  5306.391694: do_swap_page: swapin tgid 1683 pid 1683 name "ndroid.systemui" vma 9f25d000
 ndroid.systemui-1683  [004] ....  5306.391699: do_swap_page: swapin tgid 1683 pid 1683 name "ndroid.systemui" vma 9f1a0000
           <...>-2006  [004] ....  5306.391756: do_swap_page: swapin tgid 2006 pid 2006 name "droid.launcher3" vma 9efb9000
           <...>-2006  [004] ....  5306.391762: do_swap_page: swapin tgid 2006 pid 2006 name "droid.launcher3" vma 9ef81000
 ndroid.systemui-1683  [004] ....  5306.391841: do_swap_page: swapin tgid 1683 pid 1683 name "ndroid.systemui" vma 9f1a0000
 ndroid.systemui-1683  [004] ....  5306.391848: do_swap_page: swapin tgid 1683 pid 1683 name "ndroid.systemui" vma 9f0dc000
 ndroid.systemui-1683  [004] ....  5306.391850: do_swap_page: swapin tgid 1683 pid 1683 name "ndroid.systemui" vma 9f18b000
           <...>-2006  [004] ....  5306.391886: do_swap_page: swapin tgid 2006 pid 2006 name "droid.launcher3" vma 9ef81000
           <...>-2006  [004] ....  5306.391892: do_swap_page: swapin tgid 2006 pid 2006 name "droid.launcher3" vma 13d85000
           <...>-2006  [004] ....  5306.391894: do_swap_page: swapin tgid 2006 pid 2006 name "droid.launcher3" vma 9efd2000
           <...>-2006  [004] ....  5306.392023: do_swap_page: swapin tgid 2006 pid 2006 name "droid.launcher3" vma 9efd2000
           <...>-2006  [004] ....  5306.392028: do_swap_page: swapin tgid 2006 pid 2006 name "droid.launcher3" vma 9efbe000
 ndroid.systemui-1683  [004] ....  5306.392120: do_swap_page: swapin tgid 1683 pid 1683 name "ndroid.systemui" vma 9f18b000
 ndroid.systemui-1683  [004] ....  5306.392126: do_swap_page: swapin tgid 1683 pid 1683 name "ndroid.systemui" vma 9f1b3000
           <...>-2006  [004] ....  5306.392162: do_swap_page: swapin tgid 2006 pid 2006 name "droid.launcher3" vma 9efbe000
           <...>-2006  [004] ....  5306.392167: do_swap_page: swapin tgid 2006 pid 2006 name "droid.launcher3" vma 13cf3000
           <...>-2006  [004] ....  5306.392175: do_swap_page: swapin tgid 2006 pid 2006 name "droid.launcher3" vma 9efb7000
           <...>-2006  [004] ....  5306.392331: do_swap_page: swapin tgid 2006 pid 2006 name "droid.launcher3" vma 9efb7000
           <...>-2006  [004] ....  5306.392336: do_swap_page: swapin tgid 2006 pid 2006 name "droid.launcher3" vma 9f003000
 ndroid.systemui-1683  [004] ....  5306.392359: do_swap_page: swapin tgid 1683 pid 1683 name "ndroid.systemui" vma 9f1b3000
 ndroid.systemui-1683  [004] ....  5306.392422: do_swap_page: swapin tgid 1683 pid 1683 name "ndroid.systemui" vma 7eb767a000
           <...>-2006  [004] ....  5306.392452: do_swap_page: swapin tgid 2006 pid 2006 name "droid.launcher3" vma 9f003000
           <...>-2006  [004] ....  5306.392458: do_swap_page: swapin tgid 2006 pid 2006 name "droid.launcher3" vma 9f0ae000
 ndroid.systemui-1683  [004] ....  5306.392490: do_swap_page: swapin tgid 1683 pid 1683 name "ndroid.systemui" vma 7eb767b000
 ndroid.systemui-1683  [004] ....  5306.392506: do_swap_page: swapin tgid 1683 pid 1683 name "ndroid.systemui" vma 13e90000
 ndroid.systemui-1683  [004] ....  5306.392511: do_swap_page: swapin tgid 1683 pid 1683 name "ndroid.systemui" vma 13e91000
 ndroid.systemui-1683  [004] ....  5306.392516: do_swap_page: swapin tgid 1683 pid 1683 name "ndroid.systemui" vma 7fbbadf000
 ndroid.systemui-1683  [004] ....  5306.392523: do_swap_page: swapin tgid 1683 pid 1683 name "ndroid.systemui" vma 7fbbadd000
           <...>-2006  [004] ....  5306.392634: do_swap_page: swapin tgid 2006 pid 2006 name "droid.launcher3" vma 9f0ae000
           <...>-2006  [004] ....  5306.392639: do_swap_page: swapin tgid 2006 pid 2006 name "droid.launcher3" vma 9f05a000
           <...>-2006  [004] ....  5306.392821: do_swap_page: swapin tgid 2006 pid 2006 name "droid.launcher3" vma 9f05a000
           <...>-2006  [004] ....  5306.392831: do_swap_page: swapin tgid 2006 pid 2006 name "droid.launcher3" vma 7fffffb000
           <...>-2006  [004] ....  5306.392835: do_swap_page: swapin tgid 2006 pid 2006 name "droid.launcher3" vma 7ecca84000
           <...>-2006  [004] ....  5306.392839: do_swap_page: swapin tgid 2006 pid 2006 name "droid.launcher3" vma 7f289f8000
           <...>-2006  [004] ....  5306.392847: do_swap_page: swapin tgid 2006 pid 2006 name "droid.launcher3" vma 9f0b3000
           <...>-2006  [004] ....  5306.393005: do_swap_page: swapin tgid 2006 pid 2006 name "droid.launcher3" vma 9f0b3000
           <...>-2006  [004] ....  5306.393009: do_swap_page: swapin tgid 2006 pid 2006 name "droid.launcher3" vma 7fffff9000
           <...>-2006  [004] ....  5306.393017: do_swap_page: swapin tgid 2006 pid 2006 name "droid.launcher3" vma 9ef9d000
           <...>-2006  [004] ....  5306.393120: do_swap_page: swapin tgid 2006 pid 2006 name "droid.launcher3" vma 9ef9d000
           <...>-2006  [004] ....  5306.393125: do_swap_page: swapin tgid 2006 pid 2006 name "droid.launcher3" vma 1329f000
           <...>-2006  [004] ....  5306.393128: do_swap_page: swapin tgid 2006 pid 2006 name "droid.launcher3" vma 9f00c000
           <...>-2006  [004] ....  5306.393226: do_swap_page: swapin tgid 2006 pid 2006 name "droid.launcher3" vma 9f00c000
           <...>-2006  [004] ....  5306.393229: do_swap_page: swapin tgid 2006 pid 2006 name "droid.launcher3" vma 9f0b4000
           <...>-2006  [004] ....  5306.393386: do_swap_page: swapin tgid 2006 pid 2006 name "droid.launcher3" vma 9f0b4000
           <...>-2006  [004] ....  5306.393389: do_swap_page: swapin tgid 2006 pid 2006 name "droid.launcher3" vma 9f071000
           <...>-2006  [004] ....  5306.393391: do_swap_page: swapin tgid 2006 pid 2006 name "droid.launcher3" vma 9f064000
           <...>-2006  [004] ....  5306.393507: do_swap_page: swapin tgid 2006 pid 2006 name "droid.launcher3" vma 9f064000
           <...>-2006  [004] ....  5306.393511: do_swap_page: swapin tgid 2006 pid 2006 name "droid.launcher3" vma 9efaa000
           <...>-2006  [004] ....  5306.393609: do_swap_page: swapin tgid 2006 pid 2006 name "droid.launcher3" vma 9efaa000
           <...>-2006  [004] ....  5306.393611: do_swap_page: swapin tgid 2006 pid 2006 name "droid.launcher3" vma 12ed1000
           <...>-2006  [004] ....  5306.393617: do_swap_page: swapin tgid 2006 pid 2006 name "droid.launcher3" vma 9f018000
           <...>-2006  [004] ....  5306.393716: do_swap_page: swapin tgid 2006 pid 2006 name "droid.launcher3" vma 9f018000
           <...>-2006  [004] ....  5306.393720: do_swap_page: swapin tgid 2006 pid 2006 name "droid.launcher3" vma 9f06f000
           <...>-2006  [004] ....  5306.393727: do_swap_page: swapin tgid 2006 pid 2006 name "droid.launcher3" vma 13ce2000
           <...>-2006  [004] ....  5306.393728: do_swap_page: swapin tgid 2006 pid 2006 name "droid.launcher3" vma 9f015000
           <...>-2006  [004] ....  5306.393825: do_swap_page: swapin tgid 2006 pid 2006 name "droid.launcher3" vma 9f015000
           <...>-2006  [004] ....  5306.393828: do_swap_page: swapin tgid 2006 pid 2006 name "droid.launcher3" vma 9f06c000
           <...>-2006  [004] ....  5306.393937: do_swap_page: swapin tgid 2006 pid 2006 name "droid.launcher3" vma 9f06c000
           <...>-2006  [004] ....  5306.393940: do_swap_page: swapin tgid 2006 pid 2006 name "droid.launcher3" vma 13d87000
