 droid.launcher3-2006  [004] ....  4464.955948: do_swap_page: swapin tgid 2006 pid 2006 name "droid.launcher3" vma 7fbc5de000
 droid.launcher3-2006  [004] ....  4464.955971: do_swap_page: swapin tgid 2006 pid 2006 name "droid.launcher3" vma 7fbe15d000
 droid.launcher3-2006  [004] ....  4464.955976: do_swap_page: swapin tgid 2006 pid 2006 name "droid.launcher3" vma 7fbe15c000
 power@1.3-servi-2368  [004] ....  4464.956120: do_swap_page: swapin tgid 814 pid 2368 name "power@1.3-servi" vma 7fba6ff000
 power@1.3-servi-2368  [004] ....  4464.956141: do_swap_page: swapin tgid 814 pid 2368 name "power@1.3-servi" vma 7fba6fe000
           <...>-2367  [004] ....  4464.956181: do_swap_page: swapin tgid 814 pid 2367 name "NodeLooperThrea" vma 7fbb83d000
           <...>-2367  [004] ....  4464.956198: do_swap_page: swapin tgid 814 pid 2367 name "NodeLooperThrea" vma 7fbb81b000
           <...>-814   [004] ....  4464.956267: do_swap_page: swapin tgid 814 pid 814 name "power@1.3-servi" vma 7fbcfe9000
 droid.launcher3-2006  [004] ....  4464.956373: do_swap_page: swapin tgid 2006 pid 2006 name "droid.launcher3" vma 7ec7377000
           <...>-2367  [004] ....  4464.956469: do_swap_page: swapin tgid 814 pid 2367 name "NodeLooperThrea" vma 7fbb81b000
           <...>-2367  [004] ....  4464.956737: do_swap_page: swapin tgid 814 pid 2367 name "NodeLooperThrea" vma 7fbb84e000
           <...>-2367  [004] ....  4464.956832: do_swap_page: swapin tgid 814 pid 2367 name "NodeLooperThrea" vma 7fbb81d000
 droid.launcher3-2006  [004] ....  4464.956945: do_swap_page: swapin tgid 2006 pid 2006 name "droid.launcher3" vma 7eccab8000
 droid.launcher3-2006  [004] ....  4464.956966: do_swap_page: swapin tgid 2006 pid 2006 name "droid.launcher3" vma 7fbb1ca000
           <...>-645   [004] ....  4464.957112: do_swap_page: swapin tgid 599 pid 645 name "Binder:599_2" vma 7fbe175000
           <...>-2367  [004] ....  4464.957215: do_swap_page: swapin tgid 814 pid 2367 name "NodeLooperThrea" vma 7fbb81d000
           <...>-2367  [004] ....  4464.957542: do_swap_page: swapin tgid 814 pid 2367 name "NodeLooperThrea" vma 7fbb85b000
           <...>-669   [004] ....  4464.957804: do_swap_page: swapin tgid 599 pid 669 name "surfaceflinger" vma 7fb3f2f000
           <...>-669   [004] ....  4464.957820: do_swap_page: swapin tgid 599 pid 669 name "surfaceflinger" vma 7fb3f2e000
           <...>-2367  [004] ....  4464.958967: do_swap_page: swapin tgid 814 pid 2367 name "NodeLooperThrea" vma 7fbb85b000
           <...>-669   [004] ....  4464.960567: do_swap_page: swapin tgid 599 pid 669 name "surfaceflinger" vma 7faa5ff000
           <...>-2367  [004] ....  4464.961031: do_swap_page: swapin tgid 814 pid 2367 name "NodeLooperThrea" vma 7fbd26b000
           <...>-2367  [004] ....  4464.961046: do_swap_page: swapin tgid 814 pid 2367 name "NodeLooperThrea" vma 7fbd26c000
           <...>-2367  [004] ....  4464.961063: do_swap_page: swapin tgid 814 pid 2367 name "NodeLooperThrea" vma 7fbd240000
           <...>-2367  [004] ....  4464.961072: do_swap_page: swapin tgid 814 pid 2367 name "NodeLooperThrea" vma 7fbe025000
           <...>-2367  [004] ....  4464.961092: do_swap_page: swapin tgid 814 pid 2367 name "NodeLooperThrea" vma 7fbd20a000
           <...>-2367  [004] ....  4464.961099: do_swap_page: swapin tgid 814 pid 2367 name "NodeLooperThrea" vma 7fbd20e000
           <...>-2367  [004] ....  4464.961104: do_swap_page: swapin tgid 814 pid 2367 name "NodeLooperThrea" vma 7fbe024000
           <...>-669   [004] ....  4464.961198: do_swap_page: swapin tgid 599 pid 669 name "surfaceflinger" vma 7faa6f7000
           <...>-669   [004] ....  4464.961230: do_swap_page: swapin tgid 599 pid 669 name "surfaceflinger" vma 7fba701000
 droid.launcher3-2006  [004] ....  4464.961308: do_swap_page: swapin tgid 2006 pid 2006 name "droid.launcher3" vma 7fbb1ca000
 droid.launcher3-2006  [004] ....  4464.961325: do_swap_page: swapin tgid 2006 pid 2006 name "droid.launcher3" vma 7fbe25a000
 droid.launcher3-2006  [004] ....  4464.961336: do_swap_page: swapin tgid 2006 pid 2006 name "droid.launcher3" vma 7f393d0000
 droid.launcher3-2006  [004] ....  4464.961344: do_swap_page: swapin tgid 2006 pid 2006 name "droid.launcher3" vma 7fbe23c000
 droid.launcher3-2006  [004] ....  4464.961346: do_swap_page: swapin tgid 2006 pid 2006 name "droid.launcher3" vma 7fbe1a3000
 droid.launcher3-2006  [004] ....  4464.961352: do_swap_page: swapin tgid 2006 pid 2006 name "droid.launcher3" vma 7f318f3000
 droid.launcher3-2006  [004] ....  4464.961362: do_swap_page: swapin tgid 2006 pid 2006 name "droid.launcher3" vma 13ce9000
 droid.launcher3-2006  [004] ....  4464.961376: do_swap_page: swapin tgid 2006 pid 2006 name "droid.launcher3" vma 7fbe285000
 droid.launcher3-2006  [004] ....  4464.961387: do_swap_page: swapin tgid 2006 pid 2006 name "droid.launcher3" vma 7f393d1000
 droid.launcher3-2006  [004] ....  4464.961390: do_swap_page: swapin tgid 2006 pid 2006 name "droid.launcher3" vma 7fbe1f8000
 droid.launcher3-2006  [004] ....  4464.961394: do_swap_page: swapin tgid 2006 pid 2006 name "droid.launcher3" vma 7fffffa000
 droid.launcher3-2006  [004] ....  4464.961411: do_swap_page: swapin tgid 2006 pid 2006 name "droid.launcher3" vma 7fbe24e000
 droid.launcher3-2006  [004] ....  4464.961424: do_swap_page: swapin tgid 2006 pid 2006 name "droid.launcher3" vma 7fbde99000
 droid.launcher3-2006  [004] ....  4464.961435: do_swap_page: swapin tgid 2006 pid 2006 name "droid.launcher3" vma 7fbe286000
 droid.launcher3-2006  [004] ....  4464.961446: do_swap_page: swapin tgid 2006 pid 2006 name "droid.launcher3" vma 12ed8000
 droid.launcher3-2006  [004] ....  4464.961453: do_swap_page: swapin tgid 2006 pid 2006 name "droid.launcher3" vma 7f35080000
 droid.launcher3-2006  [004] ....  4464.961470: do_swap_page: swapin tgid 2006 pid 2006 name "droid.launcher3" vma 7ec726c000
 droid.launcher3-2006  [004] ....  4464.961479: do_swap_page: swapin tgid 2006 pid 2006 name "droid.launcher3" vma 13d91000
 droid.launcher3-2006  [004] ....  4464.961491: do_swap_page: swapin tgid 2006 pid 2006 name "droid.launcher3" vma 13da5000
 droid.launcher3-2006  [004] ....  4464.961503: do_swap_page: swapin tgid 2006 pid 2006 name "droid.launcher3" vma 7f34f0a000
 droid.launcher3-2006  [004] ....  4464.961513: do_swap_page: swapin tgid 2006 pid 2006 name "droid.launcher3" vma 12ed4000
 droid.launcher3-2006  [004] ....  4464.961517: do_swap_page: swapin tgid 2006 pid 2006 name "droid.launcher3" vma 7f34f06000
 droid.launcher3-2006  [004] ....  4464.961524: do_swap_page: swapin tgid 2006 pid 2006 name "droid.launcher3" vma 13cc3000
 droid.launcher3-2006  [004] ....  4464.961544: do_swap_page: swapin tgid 2006 pid 2006 name "droid.launcher3" vma 13d92000
 droid.launcher3-2006  [004] ....  4464.961552: do_swap_page: swapin tgid 2006 pid 2006 name "droid.launcher3" vma 9efc6000
      android.ui-1356  [004] ....  4464.961678: do_swap_page: swapin tgid 1335 pid 1356 name "android.ui" vma 9f130000
           <...>-2367  [004] ....  4464.961756: do_swap_page: swapin tgid 814 pid 2367 name "NodeLooperThrea" vma 7fbe024000
           <...>-2367  [004] ....  4464.961787: do_swap_page: swapin tgid 814 pid 2367 name "NodeLooperThrea" vma 7fbb7fa000
           <...>-2367  [004] ....  4464.961863: do_swap_page: swapin tgid 814 pid 2367 name "NodeLooperThrea" vma 7fbd212000
           <...>-2367  [004] ....  4464.961883: do_swap_page: swapin tgid 814 pid 2367 name "NodeLooperThrea" vma 7fbd9fe000
      android.ui-1356  [004] ....  4464.962016: do_swap_page: swapin tgid 1335 pid 1356 name "android.ui" vma 9f001000
      android.ui-1356  [004] ....  4464.962027: do_swap_page: swapin tgid 1335 pid 1356 name "android.ui" vma 9f12f000
           <...>-2367  [004] ....  4464.962156: do_swap_page: swapin tgid 814 pid 2367 name "NodeLooperThrea" vma 7fbd9fe000
           <...>-2367  [004] ....  4464.962206: do_swap_page: swapin tgid 814 pid 2367 name "NodeLooperThrea" vma 7fbf5e3000
 droid.launcher3-2006  [004] ....  4464.962344: do_swap_page: swapin tgid 2006 pid 2006 name "droid.launcher3" vma 9efc6000
           <...>-2367  [004] ....  4464.962428: do_swap_page: swapin tgid 814 pid 2367 name "NodeLooperThrea" vma 7fbf5e3000
           <...>-2367  [004] ....  4464.962457: do_swap_page: swapin tgid 814 pid 2367 name "NodeLooperThrea" vma 7fbd7f3000
 droid.launcher3-2006  [004] ....  4464.962886: do_swap_page: swapin tgid 2006 pid 2006 name "droid.launcher3" vma 13d8b000
 droid.launcher3-2006  [004] ....  4464.962914: do_swap_page: swapin tgid 2006 pid 2006 name "droid.launcher3" vma 7fbe170000
 droid.launcher3-2006  [004] ....  4464.962918: do_swap_page: swapin tgid 2006 pid 2006 name "droid.launcher3" vma 7fbe249000
 droid.launcher3-2006  [004] ....  4464.962924: do_swap_page: swapin tgid 2006 pid 2006 name "droid.launcher3" vma 7f289fb000
 droid.launcher3-2006  [004] ....  4464.962949: do_swap_page: swapin tgid 2006 pid 2006 name "droid.launcher3" vma 13d8c000
 droid.launcher3-2006  [004] ....  4464.962952: do_swap_page: swapin tgid 2006 pid 2006 name "droid.launcher3" vma 9efc5000
 droid.launcher3-2006  [004] ....  4464.962960: do_swap_page: swapin tgid 2006 pid 2006 name "droid.launcher3" vma 9f0c2000
     logd.writer-570   [004] ....  4464.963166: do_swap_page: swapin tgid 556 pid 570 name "logd.writer" vma 7fbbe0a000
     logd.writer-570   [004] ....  4464.963186: do_swap_page: swapin tgid 556 pid 570 name "logd.writer" vma 7fbbe35000
     logd.writer-570   [004] ....  4464.963198: do_swap_page: swapin tgid 556 pid 570 name "logd.writer" vma 7fbbf32000
 droid.launcher3-2006  [004] ....  4464.963297: do_swap_page: swapin tgid 2006 pid 2006 name "droid.launcher3" vma 9f0c2000
 droid.launcher3-2006  [004] ....  4464.963315: do_swap_page: swapin tgid 2006 pid 2006 name "droid.launcher3" vma 9f0d3000
 droid.launcher3-2006  [004] ....  4464.963522: do_swap_page: swapin tgid 2006 pid 2006 name "droid.launcher3" vma 9f0d3000
 droid.launcher3-2006  [004] ....  4464.963543: do_swap_page: swapin tgid 2006 pid 2006 name "droid.launcher3" vma 9f0cd000
 droid.launcher3-2006  [004] ....  4464.963987: do_swap_page: swapin tgid 2006 pid 2006 name "droid.launcher3" vma 9f0cd000
 droid.launcher3-2006  [004] ....  4464.964077: do_swap_page: swapin tgid 2006 pid 2006 name "droid.launcher3" vma 12ec1000
 droid.launcher3-2006  [004] ....  4464.964084: do_swap_page: swapin tgid 2006 pid 2006 name "droid.launcher3" vma 13d96000
 droid.launcher3-2006  [004] ....  4464.964106: do_swap_page: swapin tgid 2006 pid 2006 name "droid.launcher3" vma 7eccad7000
 droid.launcher3-2006  [004] ....  4464.964112: do_swap_page: swapin tgid 2006 pid 2006 name "droid.launcher3" vma 7f28b5d000
 droid.launcher3-2006  [004] ....  4464.964128: do_swap_page: swapin tgid 2006 pid 2006 name "droid.launcher3" vma 13d95000
 droid.launcher3-2006  [004] ....  4464.964130: do_swap_page: swapin tgid 2006 pid 2006 name "droid.launcher3" vma 7eccad8000
 droid.launcher3-2006  [004] ....  4464.964140: do_swap_page: swapin tgid 2006 pid 2006 name "droid.launcher3" vma 9ef8e000
 droid.launcher3-2006  [004] ....  4464.964143: do_swap_page: swapin tgid 2006 pid 2006 name "droid.launcher3" vma 7fbe264000
 droid.launcher3-2006  [004] ....  4464.964148: do_swap_page: swapin tgid 2006 pid 2006 name "droid.launcher3" vma 9ef8f000
           <...>-1445  [004] ....  4464.965026: do_swap_page: swapin tgid 1335 pid 1445 name "InputDispatcher" vma 13e77000
           <...>-1445  [004] ....  4464.965070: do_swap_page: swapin tgid 1335 pid 1445 name "InputDispatcher" vma 9ef95000
   system_server-1335  [004] ....  4464.965226: do_swap_page: swapin tgid 1335 pid 1335 name "system_server" vma 9f2f3000
 android.display-1358  [004] ....  4464.965444: do_swap_page: swapin tgid 1335 pid 1358 name "android.display" vma 7ecd8cf000
 android.display-1358  [004] ....  4464.965560: do_swap_page: swapin tgid 1335 pid 1358 name "android.display" vma 7ecd8d0000
 android.display-1358  [004] ....  4464.965566: do_swap_page: swapin tgid 1335 pid 1358 name "android.display" vma 7ed0c00000
 android.display-1358  [004] ....  4464.965574: do_swap_page: swapin tgid 1335 pid 1358 name "android.display" vma 7ed0c01000
 android.display-1358  [004] ....  4464.965579: do_swap_page: swapin tgid 1335 pid 1358 name "android.display" vma 7ecd8ce000
 android.display-1358  [004] ....  4464.965591: do_swap_page: swapin tgid 1335 pid 1358 name "android.display" vma 7ecd8cd000
 android.display-1358  [004] ....  4464.965616: do_swap_page: swapin tgid 1335 pid 1358 name "android.display" vma 7f312d0000
 android.display-1358  [004] ....  4464.965630: do_swap_page: swapin tgid 1335 pid 1358 name "android.display" vma 9f208000
   system_server-1335  [004] ....  4464.965748: do_swap_page: swapin tgid 1335 pid 1335 name "system_server" vma 9f2f3000
   system_server-1335  [004] ....  4464.965765: do_swap_page: swapin tgid 1335 pid 1335 name "system_server" vma 9f200000
 android.display-1358  [004] ....  4464.966303: do_swap_page: swapin tgid 1335 pid 1358 name "android.display" vma 9f208000
 android.display-1358  [004] ....  4464.966345: do_swap_page: swapin tgid 1335 pid 1358 name "android.display" vma 9f237000
   system_server-1335  [004] ....  4464.966432: do_swap_page: swapin tgid 1335 pid 1335 name "system_server" vma 9f200000
   system_server-1335  [004] ....  4464.966448: do_swap_page: swapin tgid 1335 pid 1335 name "system_server" vma 141ee000
   system_server-1335  [004] ....  4464.966453: do_swap_page: swapin tgid 1335 pid 1335 name "system_server" vma 9f1d0000
 android.display-1358  [004] ....  4464.966583: do_swap_page: swapin tgid 1335 pid 1358 name "android.display" vma 9f237000
 android.display-1358  [004] ....  4464.966619: do_swap_page: swapin tgid 1335 pid 1358 name "android.display" vma 13f74000
   system_server-1335  [004] ....  4464.966739: do_swap_page: swapin tgid 1335 pid 1335 name "system_server" vma 9f1d0000
 droid.launcher3-2006  [004] ....  4464.966832: do_swap_page: swapin tgid 2006 pid 2006 name "droid.launcher3" vma 9ef8f000
 droid.launcher3-2006  [004] ....  4464.966875: do_swap_page: swapin tgid 2006 pid 2006 name "droid.launcher3" vma 9efa7000
 droid.launcher3-2006  [004] ....  4464.966882: do_swap_page: swapin tgid 2006 pid 2006 name "droid.launcher3" vma 9ef90000
 droid.launcher3-2006  [004] ....  4464.966886: do_swap_page: swapin tgid 2006 pid 2006 name "droid.launcher3" vma 12ed2000
 droid.launcher3-2006  [004] ....  4464.966892: do_swap_page: swapin tgid 2006 pid 2006 name "droid.launcher3" vma 7eccad6000
 droid.launcher3-2006  [004] ....  4464.966895: do_swap_page: swapin tgid 2006 pid 2006 name "droid.launcher3" vma 9efa8000
 android.display-1358  [004] ....  4464.967038: do_swap_page: swapin tgid 1335 pid 1358 name "android.display" vma 9f23a000
 droid.launcher3-2006  [004] ....  4464.967168: do_swap_page: swapin tgid 2006 pid 2006 name "droid.launcher3" vma 9efa8000
 droid.launcher3-2006  [004] ....  4464.967193: do_swap_page: swapin tgid 2006 pid 2006 name "droid.launcher3" vma 9f096000
 droid.launcher3-2006  [004] ....  4464.967210: do_swap_page: swapin tgid 2006 pid 2006 name "droid.launcher3" vma 7f2dcc2000
 android.display-1358  [004] ....  4464.967390: do_swap_page: swapin tgid 1335 pid 1358 name "android.display" vma 9f23a000
 android.display-1358  [004] ....  4464.967411: do_swap_page: swapin tgid 1335 pid 1358 name "android.display" vma 9f066000
 android.display-1358  [004] ....  4464.967423: do_swap_page: swapin tgid 1335 pid 1358 name "android.display" vma 14a22000
 android.display-1358  [004] ....  4464.967435: do_swap_page: swapin tgid 1335 pid 1358 name "android.display" vma 9efca000
 android.display-1358  [004] ....  4464.967439: do_swap_page: swapin tgid 1335 pid 1358 name "android.display" vma 9f27e000
 droid.launcher3-2006  [004] ....  4464.967723: do_swap_page: swapin tgid 2006 pid 2006 name "droid.launcher3" vma 7f2dcc2000
 droid.launcher3-2006  [004] ....  4464.967745: do_swap_page: swapin tgid 2006 pid 2006 name "droid.launcher3" vma 9f0a0000
 droid.launcher3-2006  [004] ....  4464.967758: do_swap_page: swapin tgid 2006 pid 2006 name "droid.launcher3" vma 9efa9000
 droid.launcher3-2006  [004] ....  4464.967763: do_swap_page: swapin tgid 2006 pid 2006 name "droid.launcher3" vma 7f2dcc3000
 droid.launcher3-2006  [004] ....  4464.967781: do_swap_page: swapin tgid 2006 pid 2006 name "droid.launcher3" vma 9efe6000
 android.display-1358  [004] ....  4464.967905: do_swap_page: swapin tgid 1335 pid 1358 name "android.display" vma 9f27e000
 android.display-1358  [004] ....  4464.967923: do_swap_page: swapin tgid 1335 pid 1358 name "android.display" vma 9f27f000
      android.ui-1356  [004] ....  4464.967987: do_swap_page: swapin tgid 1335 pid 1356 name "android.ui" vma 9f12f000
      android.ui-1356  [004] ....  4464.968069: do_swap_page: swapin tgid 1335 pid 1356 name "android.ui" vma 9f2a3000
 droid.launcher3-2006  [004] ....  4464.968159: do_swap_page: swapin tgid 2006 pid 2006 name "droid.launcher3" vma 9efe6000
 droid.launcher3-2006  [004] ....  4464.968177: do_swap_page: swapin tgid 2006 pid 2006 name "droid.launcher3" vma 9efc1000
 droid.launcher3-2006  [004] ....  4464.968183: do_swap_page: swapin tgid 2006 pid 2006 name "droid.launcher3" vma 9ef77000
 droid.launcher3-2006  [004] ....  4464.968186: do_swap_page: swapin tgid 2006 pid 2006 name "droid.launcher3" vma 9f133000
 droid.launcher3-2006  [004] ....  4464.968193: do_swap_page: swapin tgid 2006 pid 2006 name "droid.launcher3" vma 9f0a5000
 android.display-1358  [004] ....  4464.968349: do_swap_page: swapin tgid 1335 pid 1358 name "android.display" vma 9f27f000
 android.display-1358  [004] ....  4464.968373: do_swap_page: swapin tgid 1335 pid 1358 name "android.display" vma 14aa2000
 android.display-1358  [004] ....  4464.968434: do_swap_page: swapin tgid 1335 pid 1358 name "android.display" vma 7f2d669000
 android.display-1358  [004] ....  4464.968549: do_swap_page: swapin tgid 1335 pid 1358 name "android.display" vma 7e57ce8000
 android.display-1358  [004] ....  4464.968563: do_swap_page: swapin tgid 1335 pid 1358 name "android.display" vma 7f28b1d000
 android.display-1358  [004] ....  4464.968568: do_swap_page: swapin tgid 1335 pid 1358 name "android.display" vma 7f28b1e000
 droid.launcher3-2006  [004] ....  4464.968616: do_swap_page: swapin tgid 2006 pid 2006 name "droid.launcher3" vma 9f0a5000
 droid.launcher3-2006  [004] ....  4464.968637: do_swap_page: swapin tgid 2006 pid 2006 name "droid.launcher3" vma 9efb5000
 droid.launcher3-2006  [004] ....  4464.968640: do_swap_page: swapin tgid 2006 pid 2006 name "droid.launcher3" vma 9f09a000
      android.ui-1356  [004] ....  4464.968751: do_swap_page: swapin tgid 1335 pid 1356 name "android.ui" vma 9f2a3000
      android.ui-1356  [004] ....  4464.968770: do_swap_page: swapin tgid 1335 pid 1356 name "android.ui" vma 9f055000
      android.ui-1356  [004] ....  4464.968776: do_swap_page: swapin tgid 1335 pid 1356 name "android.ui" vma 9f2cf000
 droid.launcher3-2006  [004] ....  4464.968916: do_swap_page: swapin tgid 2006 pid 2006 name "droid.launcher3" vma 9f09a000
 droid.launcher3-2006  [004] ....  4464.968936: do_swap_page: swapin tgid 2006 pid 2006 name "droid.launcher3" vma 9f0c1000
 droid.launcher3-2006  [004] ....  4464.969245: do_swap_page: swapin tgid 2006 pid 2006 name "droid.launcher3" vma 9f0c1000
 droid.launcher3-2006  [004] ....  4464.969260: do_swap_page: swapin tgid 2006 pid 2006 name "droid.launcher3" vma 9f0a2000
 droid.launcher3-2006  [004] ....  4464.969275: do_swap_page: swapin tgid 2006 pid 2006 name "droid.launcher3" vma 9efc7000
 droid.launcher3-2006  [004] ....  4464.969283: do_swap_page: swapin tgid 2006 pid 2006 name "droid.launcher3" vma 13db3000
 droid.launcher3-2006  [004] ....  4464.969289: do_swap_page: swapin tgid 2006 pid 2006 name "droid.launcher3" vma 9efcc000
 droid.launcher3-2006  [004] ....  4464.969295: do_swap_page: swapin tgid 2006 pid 2006 name "droid.launcher3" vma 13d84000
 droid.launcher3-2006  [004] ....  4464.969298: do_swap_page: swapin tgid 2006 pid 2006 name "droid.launcher3" vma 9ef8c000
 droid.launcher3-2006  [004] ....  4464.969300: do_swap_page: swapin tgid 2006 pid 2006 name "droid.launcher3" vma 9efd1000
 droid.launcher3-2006  [004] ....  4464.969303: do_swap_page: swapin tgid 2006 pid 2006 name "droid.launcher3" vma 13d81000
 droid.launcher3-2006  [004] ....  4464.969306: do_swap_page: swapin tgid 2006 pid 2006 name "droid.launcher3" vma 9ef88000
 droid.launcher3-2006  [004] ....  4464.969310: do_swap_page: swapin tgid 2006 pid 2006 name "droid.launcher3" vma 9efda000
 droid.launcher3-2006  [004] ....  4464.969314: do_swap_page: swapin tgid 2006 pid 2006 name "droid.launcher3" vma 13d88000
 droid.launcher3-2006  [004] ....  4464.969316: do_swap_page: swapin tgid 2006 pid 2006 name "droid.launcher3" vma 9efb9000
 droid.launcher3-2006  [004] ....  4464.969319: do_swap_page: swapin tgid 2006 pid 2006 name "droid.launcher3" vma 9ef81000
 droid.launcher3-2006  [004] ....  4464.969322: do_swap_page: swapin tgid 2006 pid 2006 name "droid.launcher3" vma 13d85000
 droid.launcher3-2006  [004] ....  4464.969324: do_swap_page: swapin tgid 2006 pid 2006 name "droid.launcher3" vma 9efd2000
 droid.launcher3-2006  [004] ....  4464.969333: do_swap_page: swapin tgid 2006 pid 2006 name "droid.launcher3" vma 9efbe000
 droid.launcher3-2006  [004] ....  4464.969336: do_swap_page: swapin tgid 2006 pid 2006 name "droid.launcher3" vma 13cf3000
 droid.launcher3-2006  [004] ....  4464.969338: do_swap_page: swapin tgid 2006 pid 2006 name "droid.launcher3" vma 9efb7000
 droid.launcher3-2006  [004] ....  4464.969339: do_swap_page: swapin tgid 2006 pid 2006 name "droid.launcher3" vma 9f003000
 droid.launcher3-2006  [004] ....  4464.969342: do_swap_page: swapin tgid 2006 pid 2006 name "droid.launcher3" vma 9f0ae000
 ndroid.systemui-1683  [004] ....  4464.969460: do_swap_page: swapin tgid 1683 pid 1683 name "ndroid.systemui" vma 7f2d3ab000
 ndroid.systemui-1683  [004] ....  4464.969496: do_swap_page: swapin tgid 1683 pid 1683 name "ndroid.systemui" vma 13d3b000
 droid.launcher3-2006  [004] ....  4464.969604: do_swap_page: swapin tgid 2006 pid 2006 name "droid.launcher3" vma 9f0ae000
 droid.launcher3-2006  [004] ....  4464.969618: do_swap_page: swapin tgid 2006 pid 2006 name "droid.launcher3" vma 9f05a000
 ndroid.systemui-1683  [004] ....  4464.969699: do_swap_page: swapin tgid 1683 pid 1683 name "ndroid.systemui" vma 13d3d000
 ndroid.systemui-1683  [004] ....  4464.969774: do_swap_page: swapin tgid 1683 pid 1683 name "ndroid.systemui" vma 13d3a000
 ndroid.systemui-1683  [004] ....  4464.969801: do_swap_page: swapin tgid 1683 pid 1683 name "ndroid.systemui" vma 9efa5000
 ndroid.systemui-1683  [004] ....  4464.969807: do_swap_page: swapin tgid 1683 pid 1683 name "ndroid.systemui" vma 9f1dd000
 droid.launcher3-2006  [004] ....  4464.969892: do_swap_page: swapin tgid 2006 pid 2006 name "droid.launcher3" vma 9f05a000
 droid.launcher3-2006  [004] ....  4464.969934: do_swap_page: swapin tgid 2006 pid 2006 name "droid.launcher3" vma 7fffffb000
 droid.launcher3-2006  [004] ....  4464.969947: do_swap_page: swapin tgid 2006 pid 2006 name "droid.launcher3" vma 7ecca84000
 droid.launcher3-2006  [004] ....  4464.969952: do_swap_page: swapin tgid 2006 pid 2006 name "droid.launcher3" vma 7f289f8000
 droid.launcher3-2006  [004] ....  4464.969971: do_swap_page: swapin tgid 2006 pid 2006 name "droid.launcher3" vma 9f0b3000
  HwBinder:601_2-634   [004] ....  4464.970818: do_swap_page: swapin tgid 601 pid 634 name "HwBinder:601_2" vma 7fbd049000
  HwBinder:601_2-634   [004] ....  4464.970858: do_swap_page: swapin tgid 601 pid 634 name "HwBinder:601_2" vma 7fbd022000
  HwBinder:601_2-634   [004] ....  4464.970876: do_swap_page: swapin tgid 601 pid 634 name "HwBinder:601_2" vma 7fbd078000
  HwBinder:601_2-634   [004] ....  4464.970891: do_swap_page: swapin tgid 601 pid 634 name "HwBinder:601_2" vma 7fbd033000
  HwBinder:601_2-634   [004] ....  4464.970904: do_swap_page: swapin tgid 601 pid 634 name "HwBinder:601_2" vma 7fbd20b000
  HwBinder:601_2-634   [004] ....  4464.970916: do_swap_page: swapin tgid 601 pid 634 name "HwBinder:601_2" vma 7fbd032000
 droid.launcher3-2006  [004] ....  4464.971066: do_swap_page: swapin tgid 2006 pid 2006 name "droid.launcher3" vma 9f0b3000
 droid.launcher3-2006  [004] ....  4464.971088: do_swap_page: swapin tgid 2006 pid 2006 name "droid.launcher3" vma 7fffff9000
 droid.launcher3-2006  [004] ....  4464.971110: do_swap_page: swapin tgid 2006 pid 2006 name "droid.launcher3" vma 9ef9d000
  HwBinder:601_2-634   [004] ....  4464.971241: do_swap_page: swapin tgid 601 pid 634 name "HwBinder:601_2" vma 7fbd032000
  HwBinder:601_2-634   [004] ....  4464.971263: do_swap_page: swapin tgid 601 pid 634 name "HwBinder:601_2" vma 7fbd096000
 droid.launcher3-2006  [004] ....  4464.971364: do_swap_page: swapin tgid 2006 pid 2006 name "droid.launcher3" vma 1329f000
 droid.launcher3-2006  [004] ....  4464.971378: do_swap_page: swapin tgid 2006 pid 2006 name "droid.launcher3" vma 9f00c000
 droid.launcher3-2006  [004] ....  4464.971382: do_swap_page: swapin tgid 2006 pid 2006 name "droid.launcher3" vma 9f0b4000
  HwBinder:601_2-634   [004] ....  4464.971521: do_swap_page: swapin tgid 601 pid 634 name "HwBinder:601_2" vma 7fbd096000
  HwBinder:601_2-634   [004] ....  4464.971571: do_swap_page: swapin tgid 601 pid 634 name "HwBinder:601_2" vma 7fbd093000
  HwBinder:601_2-634   [004] ....  4464.971577: do_swap_page: swapin tgid 601 pid 634 name "HwBinder:601_2" vma 7fbd00e000
  HwBinder:601_2-634   [004] ....  4464.971588: do_swap_page: swapin tgid 601 pid 634 name "HwBinder:601_2" vma 7fb6079000
      android.ui-1356  [004] ....  4464.971769: do_swap_page: swapin tgid 1335 pid 1356 name "android.ui" vma 9f2cf000
      android.ui-1356  [004] ....  4464.971788: do_swap_page: swapin tgid 1335 pid 1356 name "android.ui" vma 9f198000
  HwBinder:601_2-634   [004] ....  4464.971925: do_swap_page: swapin tgid 601 pid 634 name "HwBinder:601_2" vma 7fb6079000
  HwBinder:601_2-634   [004] ....  4464.971944: do_swap_page: swapin tgid 601 pid 634 name "HwBinder:601_2" vma 7fbd072000
  HwBinder:601_2-634   [004] ....  4464.971950: do_swap_page: swapin tgid 601 pid 634 name "HwBinder:601_2" vma 7fbd073000
  HwBinder:601_2-634   [004] ....  4464.972050: do_swap_page: swapin tgid 601 pid 634 name "HwBinder:601_2" vma 7fbd49c000
  HwBinder:601_2-634   [004] ....  4464.972791: do_swap_page: swapin tgid 601 pid 634 name "HwBinder:601_2" vma 7fb7168000
  HwBinder:601_2-634   [004] ....  4464.972812: do_swap_page: swapin tgid 601 pid 634 name "HwBinder:601_2" vma 7fb7169000
  HwBinder:601_2-634   [004] ....  4464.972815: do_swap_page: swapin tgid 601 pid 634 name "HwBinder:601_2" vma 7fb716a000
  HwBinder:601_2-634   [004] ....  4464.972819: do_swap_page: swapin tgid 601 pid 634 name "HwBinder:601_2" vma 7fb716b000
  HwBinder:601_2-634   [004] ....  4464.972822: do_swap_page: swapin tgid 601 pid 634 name "HwBinder:601_2" vma 7fb716c000
  HwBinder:601_2-634   [004] ....  4464.972826: do_swap_page: swapin tgid 601 pid 634 name "HwBinder:601_2" vma 7fb716d000
  HwBinder:601_2-634   [004] ....  4464.972829: do_swap_page: swapin tgid 601 pid 634 name "HwBinder:601_2" vma 7fb716e000
  HwBinder:601_2-634   [004] ....  4464.972833: do_swap_page: swapin tgid 601 pid 634 name "HwBinder:601_2" vma 7fb716f000
  HwBinder:601_2-634   [004] ....  4464.972836: do_swap_page: swapin tgid 601 pid 634 name "HwBinder:601_2" vma 7fb7170000
  HwBinder:601_2-634   [004] ....  4464.972839: do_swap_page: swapin tgid 601 pid 634 name "HwBinder:601_2" vma 7fb7171000
  HwBinder:601_2-634   [004] ....  4464.972842: do_swap_page: swapin tgid 601 pid 634 name "HwBinder:601_2" vma 7fb7172000
  HwBinder:601_2-634   [004] ....  4464.972845: do_swap_page: swapin tgid 601 pid 634 name "HwBinder:601_2" vma 7fb7173000
  HwBinder:601_2-634   [004] ....  4464.972848: do_swap_page: swapin tgid 601 pid 634 name "HwBinder:601_2" vma 7fb7174000
  HwBinder:601_2-634   [004] ....  4464.972852: do_swap_page: swapin tgid 601 pid 634 name "HwBinder:601_2" vma 7fb7175000
  HwBinder:601_2-634   [004] ....  4464.972860: do_swap_page: swapin tgid 601 pid 634 name "HwBinder:601_2" vma 7fb7176000
  HwBinder:601_2-634   [004] ....  4464.972863: do_swap_page: swapin tgid 601 pid 634 name "HwBinder:601_2" vma 7fb7177000
  HwBinder:601_2-634   [004] ....  4464.972866: do_swap_page: swapin tgid 601 pid 634 name "HwBinder:601_2" vma 7fb7178000
  HwBinder:601_2-634   [004] ....  4464.972869: do_swap_page: swapin tgid 601 pid 634 name "HwBinder:601_2" vma 7fb7179000
  HwBinder:601_2-634   [004] ....  4464.972873: do_swap_page: swapin tgid 601 pid 634 name "HwBinder:601_2" vma 7fb717a000
  HwBinder:601_2-634   [004] ....  4464.972875: do_swap_page: swapin tgid 601 pid 634 name "HwBinder:601_2" vma 7fb717b000
  HwBinder:601_2-634   [004] ....  4464.972878: do_swap_page: swapin tgid 601 pid 634 name "HwBinder:601_2" vma 7fb717c000
  HwBinder:601_2-634   [004] ....  4464.972882: do_swap_page: swapin tgid 601 pid 634 name "HwBinder:601_2" vma 7fb717d000
  HwBinder:601_2-634   [004] ....  4464.972885: do_swap_page: swapin tgid 601 pid 634 name "HwBinder:601_2" vma 7fb717e000
  HwBinder:601_2-634   [004] ....  4464.972888: do_swap_page: swapin tgid 601 pid 634 name "HwBinder:601_2" vma 7fb717f000
  HwBinder:601_2-634   [004] ....  4464.972891: do_swap_page: swapin tgid 601 pid 634 name "HwBinder:601_2" vma 7fb7180000
  HwBinder:601_2-634   [004] ....  4464.972894: do_swap_page: swapin tgid 601 pid 634 name "HwBinder:601_2" vma 7fb7181000
  HwBinder:601_2-634   [004] ....  4464.972897: do_swap_page: swapin tgid 601 pid 634 name "HwBinder:601_2" vma 7fb7182000
  HwBinder:601_2-634   [004] ....  4464.972900: do_swap_page: swapin tgid 601 pid 634 name "HwBinder:601_2" vma 7fb7183000
  HwBinder:601_2-634   [004] ....  4464.972904: do_swap_page: swapin tgid 601 pid 634 name "HwBinder:601_2" vma 7fb7184000
  HwBinder:601_2-634   [004] ....  4464.972955: do_swap_page: swapin tgid 601 pid 634 name "HwBinder:601_2" vma 7fbd0d1000
  HwBinder:601_2-634   [004] ....  4464.972966: do_swap_page: swapin tgid 601 pid 634 name "HwBinder:601_2" vma 7fbd0d3000
  HwBinder:601_2-634   [004] ....  4464.972972: do_swap_page: swapin tgid 601 pid 634 name "HwBinder:601_2" vma 7fbd0d5000
  HwBinder:601_2-634   [004] ....  4464.972994: do_swap_page: swapin tgid 601 pid 634 name "HwBinder:601_2" vma 7fbd0dc000
  HwBinder:601_2-634   [004] ....  4464.972999: do_swap_page: swapin tgid 601 pid 634 name "HwBinder:601_2" vma 7fbd0dd000
  HwBinder:601_2-634   [004] ....  4464.973002: do_swap_page: swapin tgid 601 pid 634 name "HwBinder:601_2" vma 7fbd0de000
  HwBinder:601_2-634   [004] ....  4464.973006: do_swap_page: swapin tgid 601 pid 634 name "HwBinder:601_2" vma 7fbd0df000
  HwBinder:601_2-634   [004] ....  4464.973009: do_swap_page: swapin tgid 601 pid 634 name "HwBinder:601_2" vma 7fbd0e0000
  HwBinder:601_2-634   [004] ....  4464.973013: do_swap_page: swapin tgid 601 pid 634 name "HwBinder:601_2" vma 7fbd0e1000
  HwBinder:601_2-634   [004] ....  4464.973017: do_swap_page: swapin tgid 601 pid 634 name "HwBinder:601_2" vma 7fbd0e2000
  HwBinder:601_2-634   [004] ....  4464.973021: do_swap_page: swapin tgid 601 pid 634 name "HwBinder:601_2" vma 7fbd0e3000
  HwBinder:601_2-634   [004] ....  4464.973025: do_swap_page: swapin tgid 601 pid 634 name "HwBinder:601_2" vma 7fbd0e4000
  HwBinder:601_2-634   [004] ....  4464.973028: do_swap_page: swapin tgid 601 pid 634 name "HwBinder:601_2" vma 7fbd0e5000
  HwBinder:601_2-634   [004] ....  4464.973034: do_swap_page: swapin tgid 601 pid 634 name "HwBinder:601_2" vma 7fbd0e6000
  HwBinder:601_2-634   [004] ....  4464.973038: do_swap_page: swapin tgid 601 pid 634 name "HwBinder:601_2" vma 7fbd0e7000
  HwBinder:601_2-634   [004] ....  4464.973042: do_swap_page: swapin tgid 601 pid 634 name "HwBinder:601_2" vma 7fbd0e8000
  HwBinder:601_2-634   [004] ....  4464.973046: do_swap_page: swapin tgid 601 pid 634 name "HwBinder:601_2" vma 7fbd0e9000
  HwBinder:601_2-634   [004] ....  4464.973050: do_swap_page: swapin tgid 601 pid 634 name "HwBinder:601_2" vma 7fbd0ea000
  HwBinder:601_2-634   [004] ....  4464.973054: do_swap_page: swapin tgid 601 pid 634 name "HwBinder:601_2" vma 7fbd0eb000
  HwBinder:601_2-634   [004] ....  4464.973058: do_swap_page: swapin tgid 601 pid 634 name "HwBinder:601_2" vma 7fbd0ec000
  HwBinder:601_2-634   [004] ....  4464.973062: do_swap_page: swapin tgid 601 pid 634 name "HwBinder:601_2" vma 7fbd0ed000
  HwBinder:601_2-634   [004] ....  4464.973104: do_swap_page: swapin tgid 601 pid 634 name "HwBinder:601_2" vma 7fbf5e4000
 droid.launcher3-2006  [004] ....  4464.973294: do_swap_page: swapin tgid 2006 pid 2006 name "droid.launcher3" vma 9f0b4000
 droid.launcher3-2006  [004] ....  4464.973314: do_swap_page: swapin tgid 2006 pid 2006 name "droid.launcher3" vma 9f071000
 droid.launcher3-2006  [004] ....  4464.973321: do_swap_page: swapin tgid 2006 pid 2006 name "droid.launcher3" vma 9f064000
  HwBinder:601_2-634   [004] ....  4464.973469: do_swap_page: swapin tgid 601 pid 634 name "HwBinder:601_2" vma 7fbf5e4000
  HwBinder:601_2-634   [004] ....  4464.973557: do_swap_page: swapin tgid 601 pid 634 name "HwBinder:601_2" vma 7fb7167000
  HwBinder:601_2-634   [004] ....  4464.973572: do_swap_page: swapin tgid 601 pid 634 name "HwBinder:601_2" vma 7fb7166000
  HwBinder:601_2-634   [004] ....  4464.973598: do_swap_page: swapin tgid 601 pid 634 name "HwBinder:601_2" vma 7fb4435000
  HwBinder:601_2-634   [004] ....  4464.973609: do_swap_page: swapin tgid 601 pid 634 name "HwBinder:601_2" vma 7fb4436000
  HwBinder:601_2-634   [004] ....  4464.973628: do_swap_page: swapin tgid 601 pid 634 name "HwBinder:601_2" vma 7fb44a6000
  HwBinder:601_2-634   [004] ....  4464.973632: do_swap_page: swapin tgid 601 pid 634 name "HwBinder:601_2" vma 7fb44a7000
  HwBinder:601_2-634   [004] ....  4464.973635: do_swap_page: swapin tgid 601 pid 634 name "HwBinder:601_2" vma 7fb44a5000
  HwBinder:601_2-634   [004] ....  4464.973644: do_swap_page: swapin tgid 601 pid 634 name "HwBinder:601_2" vma 7fb44a8000
  HwBinder:601_2-634   [004] ....  4464.973725: do_swap_page: swapin tgid 601 pid 634 name "HwBinder:601_2" vma 7fb5e76000
 droid.launcher3-2006  [004] ....  4464.973921: do_swap_page: swapin tgid 2006 pid 2006 name "droid.launcher3" vma 9f064000
 droid.launcher3-2006  [004] ....  4464.973942: do_swap_page: swapin tgid 2006 pid 2006 name "droid.launcher3" vma 9efaa000
 droid.launcher3-2006  [004] ....  4464.973947: do_swap_page: swapin tgid 2006 pid 2006 name "droid.launcher3" vma 12ed1000
 droid.launcher3-2006  [004] ....  4464.973950: do_swap_page: swapin tgid 2006 pid 2006 name "droid.launcher3" vma 9f018000
 droid.launcher3-2006  [004] ....  4464.973954: do_swap_page: swapin tgid 2006 pid 2006 name "droid.launcher3" vma 9f06f000
  HwBinder:601_2-634   [004] ....  4464.974034: do_swap_page: swapin tgid 601 pid 634 name "HwBinder:601_2" vma 7fb5e76000
  HwBinder:601_2-634   [004] ....  4464.974107: do_swap_page: swapin tgid 601 pid 634 name "HwBinder:601_2" vma 7fbd021000
 droid.launcher3-2006  [004] ....  4464.974237: do_swap_page: swapin tgid 2006 pid 2006 name "droid.launcher3" vma 13ce2000
 droid.launcher3-2006  [004] ....  4464.974246: do_swap_page: swapin tgid 2006 pid 2006 name "droid.launcher3" vma 9f015000
 droid.launcher3-2006  [004] ....  4464.974250: do_swap_page: swapin tgid 2006 pid 2006 name "droid.launcher3" vma 9f06c000
  HwBinder:601_2-634   [004] ....  4464.974379: do_swap_page: swapin tgid 601 pid 634 name "HwBinder:601_2" vma 7fbd021000
  HwBinder:601_2-634   [004] ....  4464.974517: do_swap_page: swapin tgid 601 pid 634 name "HwBinder:601_2" vma 7fbd094000
  HwBinder:601_2-634   [004] ....  4464.974820: do_swap_page: swapin tgid 601 pid 634 name "HwBinder:601_2" vma 7fbd094000
  HwBinder:601_2-634   [004] ....  4464.975418: do_swap_page: swapin tgid 601 pid 634 name "HwBinder:601_2" vma 7fb712d000
  HwBinder:601_2-634   [004] ....  4464.975434: do_swap_page: swapin tgid 601 pid 634 name "HwBinder:601_2" vma 7fb714b000
  HwBinder:601_2-634   [004] ....  4464.975437: do_swap_page: swapin tgid 601 pid 634 name "HwBinder:601_2" vma 7fb714c000
  HwBinder:601_2-634   [004] ....  4464.975440: do_swap_page: swapin tgid 601 pid 634 name "HwBinder:601_2" vma 7fb714d000
  HwBinder:601_2-634   [004] ....  4464.975450: do_swap_page: swapin tgid 601 pid 634 name "HwBinder:601_2" vma 7fb714e000
  HwBinder:601_2-634   [004] ....  4464.975453: do_swap_page: swapin tgid 601 pid 634 name "HwBinder:601_2" vma 7fb714f000
  HwBinder:601_2-634   [004] ....  4464.975456: do_swap_page: swapin tgid 601 pid 634 name "HwBinder:601_2" vma 7fb7150000
  HwBinder:601_2-634   [004] ....  4464.975459: do_swap_page: swapin tgid 601 pid 634 name "HwBinder:601_2" vma 7fb7151000
  HwBinder:601_2-634   [004] ....  4464.975461: do_swap_page: swapin tgid 601 pid 634 name "HwBinder:601_2" vma 7fb7152000
  HwBinder:601_2-634   [004] ....  4464.975464: do_swap_page: swapin tgid 601 pid 634 name "HwBinder:601_2" vma 7fb7153000
  HwBinder:601_2-634   [004] ....  4464.975467: do_swap_page: swapin tgid 601 pid 634 name "HwBinder:601_2" vma 7fb7154000
  HwBinder:601_2-634   [004] ....  4464.975470: do_swap_page: swapin tgid 601 pid 634 name "HwBinder:601_2" vma 7fb7155000
  HwBinder:601_2-634   [004] ....  4464.975473: do_swap_page: swapin tgid 601 pid 634 name "HwBinder:601_2" vma 7fb7156000
  HwBinder:601_2-634   [004] ....  4464.975476: do_swap_page: swapin tgid 601 pid 634 name "HwBinder:601_2" vma 7fb7157000
  HwBinder:601_2-634   [004] ....  4464.975479: do_swap_page: swapin tgid 601 pid 634 name "HwBinder:601_2" vma 7fb7158000
  HwBinder:601_2-634   [004] ....  4464.975482: do_swap_page: swapin tgid 601 pid 634 name "HwBinder:601_2" vma 7fb7159000
  HwBinder:601_2-634   [004] ....  4464.975484: do_swap_page: swapin tgid 601 pid 634 name "HwBinder:601_2" vma 7fb715a000
  HwBinder:601_2-634   [004] ....  4464.975487: do_swap_page: swapin tgid 601 pid 634 name "HwBinder:601_2" vma 7fb715b000
  HwBinder:601_2-634   [004] ....  4464.975491: do_swap_page: swapin tgid 601 pid 634 name "HwBinder:601_2" vma 7fb715c000
  HwBinder:601_2-634   [004] ....  4464.975494: do_swap_page: swapin tgid 601 pid 634 name "HwBinder:601_2" vma 7fb715d000
  HwBinder:601_2-634   [004] ....  4464.975496: do_swap_page: swapin tgid 601 pid 634 name "HwBinder:601_2" vma 7fb715e000
  HwBinder:601_2-634   [004] ....  4464.975499: do_swap_page: swapin tgid 601 pid 634 name "HwBinder:601_2" vma 7fb715f000
  HwBinder:601_2-634   [004] ....  4464.975502: do_swap_page: swapin tgid 601 pid 634 name "HwBinder:601_2" vma 7fb7160000
  HwBinder:601_2-634   [004] ....  4464.975504: do_swap_page: swapin tgid 601 pid 634 name "HwBinder:601_2" vma 7fb7161000
  HwBinder:601_2-634   [004] ....  4464.975507: do_swap_page: swapin tgid 601 pid 634 name "HwBinder:601_2" vma 7fb7162000
  HwBinder:601_2-634   [004] ....  4464.975510: do_swap_page: swapin tgid 601 pid 634 name "HwBinder:601_2" vma 7fb7163000
  HwBinder:601_2-634   [004] ....  4464.975513: do_swap_page: swapin tgid 601 pid 634 name "HwBinder:601_2" vma 7fb7164000
  HwBinder:601_2-634   [004] ....  4464.975516: do_swap_page: swapin tgid 601 pid 634 name "HwBinder:601_2" vma 7fb7165000
  HwBinder:601_2-634   [004] ....  4464.975531: do_swap_page: swapin tgid 601 pid 634 name "HwBinder:601_2" vma 7fbd056000
  HwBinder:601_2-634   [004] ....  4464.975540: do_swap_page: swapin tgid 601 pid 634 name "HwBinder:601_2" vma 7fb712e000
  HwBinder:601_2-634   [004] ....  4464.975543: do_swap_page: swapin tgid 601 pid 634 name "HwBinder:601_2" vma 7fb712f000
  HwBinder:601_2-634   [004] ....  4464.975546: do_swap_page: swapin tgid 601 pid 634 name "HwBinder:601_2" vma 7fb7130000
  HwBinder:601_2-634   [004] ....  4464.975551: do_swap_page: swapin tgid 601 pid 634 name "HwBinder:601_2" vma 7fb7131000
  HwBinder:601_2-634   [004] ....  4464.975554: do_swap_page: swapin tgid 601 pid 634 name "HwBinder:601_2" vma 7fb7132000
  HwBinder:601_2-634   [004] ....  4464.975557: do_swap_page: swapin tgid 601 pid 634 name "HwBinder:601_2" vma 7fb7133000
  HwBinder:601_2-634   [004] ....  4464.975560: do_swap_page: swapin tgid 601 pid 634 name "HwBinder:601_2" vma 7fb7134000
  HwBinder:601_2-634   [004] ....  4464.975562: do_swap_page: swapin tgid 601 pid 634 name "HwBinder:601_2" vma 7fb7135000
  HwBinder:601_2-634   [004] ....  4464.975565: do_swap_page: swapin tgid 601 pid 634 name "HwBinder:601_2" vma 7fb7136000
  HwBinder:601_2-634   [004] ....  4464.975568: do_swap_page: swapin tgid 601 pid 634 name "HwBinder:601_2" vma 7fb7137000
  HwBinder:601_2-634   [004] ....  4464.975571: do_swap_page: swapin tgid 601 pid 634 name "HwBinder:601_2" vma 7fb7138000
  HwBinder:601_2-634   [004] ....  4464.975573: do_swap_page: swapin tgid 601 pid 634 name "HwBinder:601_2" vma 7fb7139000
  HwBinder:601_2-634   [004] ....  4464.975576: do_swap_page: swapin tgid 601 pid 634 name "HwBinder:601_2" vma 7fb713a000
  HwBinder:601_2-634   [004] ....  4464.975578: do_swap_page: swapin tgid 601 pid 634 name "HwBinder:601_2" vma 7fb713b000
  HwBinder:601_2-634   [004] ....  4464.975582: do_swap_page: swapin tgid 601 pid 634 name "HwBinder:601_2" vma 7fb713c000
  HwBinder:601_2-634   [004] ....  4464.975586: do_swap_page: swapin tgid 601 pid 634 name "HwBinder:601_2" vma 7fb713d000
  HwBinder:601_2-634   [004] ....  4464.975588: do_swap_page: swapin tgid 601 pid 634 name "HwBinder:601_2" vma 7fb713e000
  HwBinder:601_2-634   [004] ....  4464.975592: do_swap_page: swapin tgid 601 pid 634 name "HwBinder:601_2" vma 7fb713f000
  HwBinder:601_2-634   [004] ....  4464.975595: do_swap_page: swapin tgid 601 pid 634 name "HwBinder:601_2" vma 7fb7140000
  HwBinder:601_2-634   [004] ....  4464.975598: do_swap_page: swapin tgid 601 pid 634 name "HwBinder:601_2" vma 7fb7141000
  HwBinder:601_2-634   [004] ....  4464.975600: do_swap_page: swapin tgid 601 pid 634 name "HwBinder:601_2" vma 7fb7142000
  HwBinder:601_2-634   [004] ....  4464.975603: do_swap_page: swapin tgid 601 pid 634 name "HwBinder:601_2" vma 7fb7143000
  HwBinder:601_2-634   [004] ....  4464.975606: do_swap_page: swapin tgid 601 pid 634 name "HwBinder:601_2" vma 7fb7144000
  HwBinder:601_2-634   [004] ....  4464.975609: do_swap_page: swapin tgid 601 pid 634 name "HwBinder:601_2" vma 7fb7145000
  HwBinder:601_2-634   [004] ....  4464.975612: do_swap_page: swapin tgid 601 pid 634 name "HwBinder:601_2" vma 7fb7146000
  HwBinder:601_2-634   [004] ....  4464.975614: do_swap_page: swapin tgid 601 pid 634 name "HwBinder:601_2" vma 7fb7147000
  HwBinder:601_2-634   [004] ....  4464.975845: do_swap_page: swapin tgid 601 pid 634 name "HwBinder:601_2" vma 7fb7148000
  HwBinder:601_2-634   [004] ....  4464.975859: do_swap_page: swapin tgid 601 pid 634 name "HwBinder:601_2" vma 7fb7149000
  HwBinder:601_2-634   [004] ....  4464.975862: do_swap_page: swapin tgid 601 pid 634 name "HwBinder:601_2" vma 7fb714a000
  HwBinder:601_2-634   [004] ....  4464.975873: do_swap_page: swapin tgid 601 pid 634 name "HwBinder:601_2" vma 7fb456d000
 droid.launcher3-2006  [004] ....  4464.976076: do_swap_page: swapin tgid 2006 pid 2006 name "droid.launcher3" vma 9f06c000
 droid.launcher3-2006  [004] ....  4464.976099: do_swap_page: swapin tgid 2006 pid 2006 name "droid.launcher3" vma 13d87000
 droid.launcher3-2006  [004] ....  4464.976105: do_swap_page: swapin tgid 2006 pid 2006 name "droid.launcher3" vma 9efc8000
 droid.launcher3-2006  [004] ....  4464.976112: do_swap_page: swapin tgid 2006 pid 2006 name "droid.launcher3" vma 9f091000
  HwBinder:601_2-634   [004] ....  4464.976204: do_swap_page: swapin tgid 601 pid 634 name "HwBinder:601_2" vma 7fb456d000
  HwBinder:601_2-634   [004] ....  4464.976219: do_swap_page: swapin tgid 601 pid 634 name "HwBinder:601_2" vma 7fb456e000
  HwBinder:601_2-634   [004] ....  4464.976424: do_swap_page: swapin tgid 601 pid 634 name "HwBinder:601_2" vma 7fb456e000
  HwBinder:601_2-634   [004] ....  4464.976442: do_swap_page: swapin tgid 601 pid 634 name "HwBinder:601_2" vma 7fb712c000
  HwBinder:601_2-634   [004] ....  4464.976454: do_swap_page: swapin tgid 601 pid 634 name "HwBinder:601_2" vma 7fb458b000
      android.ui-1356  [004] ....  4464.976613: do_swap_page: swapin tgid 1335 pid 1356 name "android.ui" vma 9efbe000
      android.ui-1356  [004] ....  4464.976639: do_swap_page: swapin tgid 1335 pid 1356 name "android.ui" vma 7e6363e000
  HwBinder:601_2-634   [004] ....  4464.976748: do_swap_page: swapin tgid 601 pid 634 name "HwBinder:601_2" vma 7fb458b000
  HwBinder:601_2-634   [004] ....  4464.976765: do_swap_page: swapin tgid 601 pid 634 name "HwBinder:601_2" vma 7fb712b000
  HwBinder:601_2-634   [004] ....  4464.976809: do_swap_page: swapin tgid 601 pid 634 name "HwBinder:601_2" vma 7fb458c000
 droid.launcher3-2006  [004] ....  4464.976910: do_swap_page: swapin tgid 2006 pid 2006 name "droid.launcher3" vma 9f091000
 droid.launcher3-2006  [004] ....  4464.976932: do_swap_page: swapin tgid 2006 pid 2006 name "droid.launcher3" vma 12ecd000
 droid.launcher3-2006  [004] ....  4464.976943: do_swap_page: swapin tgid 2006 pid 2006 name "droid.launcher3" vma 7fbe1cb000
 droid.launcher3-2006  [004] ....  4464.976952: do_swap_page: swapin tgid 2006 pid 2006 name "droid.launcher3" vma 7eccaaa000
  HwBinder:601_2-634   [004] ....  4464.977044: do_swap_page: swapin tgid 601 pid 634 name "HwBinder:601_2" vma 7fb458c000
  HwBinder:601_2-634   [004] ....  4464.977062: do_swap_page: swapin tgid 601 pid 634 name "HwBinder:601_2" vma 7fb45aa000
 droid.launcher3-2006  [004] ....  4464.977163: do_swap_page: swapin tgid 2006 pid 2006 name "droid.launcher3" vma 9ef87000
 droid.launcher3-2006  [004] ....  4464.977175: do_swap_page: swapin tgid 2006 pid 2006 name "droid.launcher3" vma 9f022000
 droid.launcher3-2006  [004] ....  4464.977179: do_swap_page: swapin tgid 2006 pid 2006 name "droid.launcher3" vma 9f079000
 droid.launcher3-2006  [004] ....  4464.977194: do_swap_page: swapin tgid 2006 pid 2006 name "droid.launcher3" vma 9f097000
 droid.launcher3-2006  [004] ....  4464.977199: do_swap_page: swapin tgid 2006 pid 2006 name "droid.launcher3" vma 13ced000
 droid.launcher3-2006  [004] ....  4464.977202: do_swap_page: swapin tgid 2006 pid 2006 name "droid.launcher3" vma 9f00b000
 droid.launcher3-2006  [004] ....  4464.977204: do_swap_page: swapin tgid 2006 pid 2006 name "droid.launcher3" vma 9f061000
  HwBinder:601_2-634   [004] ....  4464.977319: do_swap_page: swapin tgid 601 pid 634 name "HwBinder:601_2" vma 7fb45aa000
  HwBinder:601_2-634   [004] ....  4464.977352: do_swap_page: swapin tgid 601 pid 634 name "HwBinder:601_2" vma 7fb458d000
  HwBinder:601_2-634   [004] ....  4464.977617: do_swap_page: swapin tgid 601 pid 634 name "HwBinder:601_2" vma 7fb458d000
  HwBinder:601_2-634   [004] ....  4464.977637: do_swap_page: swapin tgid 601 pid 634 name "HwBinder:601_2" vma 7fb458e000
  HwBinder:601_2-634   [004] ....  4464.977846: do_swap_page: swapin tgid 601 pid 634 name "HwBinder:601_2" vma 7fb458e000
  HwBinder:601_2-634   [004] ....  4464.977866: do_swap_page: swapin tgid 601 pid 634 name "HwBinder:601_2" vma 7fb4423000
  HwBinder:601_2-634   [004] ....  4464.977869: do_swap_page: swapin tgid 601 pid 634 name "HwBinder:601_2" vma 7fb4422000
  HwBinder:601_2-634   [004] ....  4464.977871: do_swap_page: swapin tgid 601 pid 634 name "HwBinder:601_2" vma 7fb5e2f000
 droid.launcher3-2006  [004] ....  4464.978472: do_swap_page: swapin tgid 2006 pid 2006 name "droid.launcher3" vma 9f061000
 droid.launcher3-2006  [004] ....  4464.978478: do_swap_page: swapin tgid 2006 pid 2006 name "droid.launcher3" vma 13dbe000
 droid.launcher3-2006  [004] ....  4464.978480: do_swap_page: swapin tgid 2006 pid 2006 name "droid.launcher3" vma 13ce4000
 droid.launcher3-2006  [004] ....  4464.978483: do_swap_page: swapin tgid 2006 pid 2006 name "droid.launcher3" vma 9f0ab000
 droid.launcher3-2006  [004] ....  4464.978487: do_swap_page: swapin tgid 2006 pid 2006 name "droid.launcher3" vma 7f34f07000
 droid.launcher3-2006  [004] ....  4464.978491: do_swap_page: swapin tgid 2006 pid 2006 name "droid.launcher3" vma 12f01000
 droid.launcher3-2006  [004] ....  4464.978495: do_swap_page: swapin tgid 2006 pid 2006 name "droid.launcher3" vma 9f023000
 droid.launcher3-2006  [004] ....  4464.978497: do_swap_page: swapin tgid 2006 pid 2006 name "droid.launcher3" vma 9f0c3000
      android.ui-1356  [004] ....  4464.978526: do_swap_page: swapin tgid 1335 pid 1356 name "android.ui" vma 7eb42bb000
      android.ui-1356  [004] ....  4464.978562: do_swap_page: swapin tgid 1335 pid 1356 name "android.ui" vma 7f2d6c2000
      android.ui-1356  [004] ....  4464.978583: do_swap_page: swapin tgid 1335 pid 1356 name "android.ui" vma 9f079000
      android.ui-1356  [004] ....  4464.978590: do_swap_page: swapin tgid 1335 pid 1356 name "android.ui" vma 7f2afa3000
 droid.launcher3-2006  [004] ....  4464.978631: do_swap_page: swapin tgid 2006 pid 2006 name "droid.launcher3" vma 9f0c3000
 droid.launcher3-2006  [004] ....  4464.978636: do_swap_page: swapin tgid 2006 pid 2006 name "droid.launcher3" vma 9f059000
 ndroid.systemui-1683  [004] ....  4464.978666: do_swap_page: swapin tgid 1683 pid 1683 name "ndroid.systemui" vma 9f1dd000
 ndroid.systemui-1683  [004] ....  4464.978680: do_swap_page: swapin tgid 1683 pid 1683 name "ndroid.systemui" vma 13e0f000
 ndroid.systemui-1683  [004] ....  4464.978683: do_swap_page: swapin tgid 1683 pid 1683 name "ndroid.systemui" vma 9f1be000
 droid.launcher3-2006  [004] ....  4464.978784: do_swap_page: swapin tgid 2006 pid 2006 name "droid.launcher3" vma 9f059000
 droid.launcher3-2006  [004] ....  4464.978796: do_swap_page: swapin tgid 2006 pid 2006 name "droid.launcher3" vma 9efd3000
 droid.launcher3-2006  [004] ....  4464.979008: do_swap_page: swapin tgid 2006 pid 2006 name "droid.launcher3" vma 9efd3000
