 ndroid.systemui-1616  [004] ....  3643.229841: do_swap_page: swapin tgid 1616 1616 "ndroid.systemui" 7f28bb0000 13ee82 1 1
 ndroid.systemui-1616  [004] d..2  3643.229844: free_swap_slot: swapfree cache 13ee82
 android.display-1360  [004] ....  3643.229978: do_swap_page: swapin tgid 1337 1360 "android.display" 7eb7e7b000 1be87e 1 1
 android.display-1360  [004] ....  3643.229986: do_swap_page: swapin tgid 1337 1360 "android.display" 7f28a79000 1da8f9 0 1
 android.display-1360  [004] ....  3643.230144: do_swap_page: swapin tgid 1337 1360 "android.display" 7f28a79000 1da8f9 1 1
 android.display-1360  [004] ....  3643.230150: do_swap_page: swapin tgid 1337 1360 "android.display" 7f28b32000 f6d08 0 1
 android.display-1360  [004] ....  3643.230301: do_swap_page: swapin tgid 1337 1360 "android.display" 7f28b32000 f6d08 1 1
 android.display-1360  [004] ....  3643.230307: do_swap_page: swapin tgid 1337 1360 "android.display" 7ed0d6e000 10ee3d 1 1
 android.display-1360  [004] ....  3643.230317: do_swap_page: swapin tgid 1337 1360 "android.display" 7ed0e70000 1d2843 0 1
 android.display-1360  [004] ....  3643.230466: do_swap_page: swapin tgid 1337 1360 "android.display" 7ed0e70000 1d2843 1 1
 android.display-1360  [004] ....  3643.230470: do_swap_page: swapin tgid 1337 1360 "android.display" 7f28abd000 112e76 1 1
 android.display-1360  [004] ....  3643.230475: do_swap_page: swapin tgid 1337 1360 "android.display" 7e6f58d000 18e8bc 0 1
 android.display-1360  [004] ....  3643.230624: do_swap_page: swapin tgid 1337 1360 "android.display" 7e6f58d000 18e8bc 1 1
 android.display-1360  [004] ....  3643.230629: do_swap_page: swapin tgid 1337 1360 "android.display" 7f28b38000 112ea0 1 1
 android.display-1360  [004] ....  3643.230631: do_swap_page: swapin tgid 1337 1360 "android.display" 7ed0c75000 10ee0e 1 1
 android.display-1360  [004] ....  3643.230652: do_swap_page: swapin tgid 1337 1360 "android.display" 7f28987000 a67a4 1 25
 android.display-1360  [004] ....  3643.230658: do_swap_page: swapin tgid 1337 1360 "android.display" 7eb8113000 10ae88 1 1
 android.display-1360  [004] ....  3643.230662: do_swap_page: swapin tgid 1337 1360 "android.display" 7f28a85000 1de805 0 1
 android.display-1360  [004] ....  3643.230822: do_swap_page: swapin tgid 1337 1360 "android.display" 7f28a85000 1de805 1 1
 android.display-1360  [004] ....  3643.230826: do_swap_page: swapin tgid 1337 1360 "android.display" 7eb811c000 10ae8a 1 1
 android.display-1360  [004] ....  3643.230829: do_swap_page: swapin tgid 1337 1360 "android.display" 7eb7e5d000 106ea8 1 1
 android.display-1360  [004] ....  3643.230832: do_swap_page: swapin tgid 1337 1360 "android.display" 7e7bf3f000 102e17 1 1
 android.display-1360  [004] ....  3643.230850: do_swap_page: swapin tgid 1337 1360 "android.display" 9e9ba000 15a876 0 1
 android.display-1360  [004] ....  3643.230962: do_swap_page: swapin tgid 1337 1360 "android.display" 9e9ba000 15a876 1 1
 android.display-1360  [004] ....  3643.230970: do_swap_page: swapin tgid 1337 1360 "android.display" 13456000 d6e57 1 1
 android.display-1360  [004] ....  3643.230974: do_swap_page: swapin tgid 1337 1360 "android.display" 1518d000 eaec5 1 1
 android.display-1360  [004] ....  3643.230997: do_swap_page: swapin tgid 1337 1360 "android.display" 1518b000 eaec3 1 1
 android.display-1360  [004] ....  3643.231043: do_swap_page: swapin tgid 1337 1360 "android.display" 9e906000 1568c2 0 1
 android.display-1360  [004] ....  3643.231209: do_swap_page: swapin tgid 1337 1360 "android.display" 9e906000 1568c2 1 1
 android.display-1360  [004] ....  3643.231218: do_swap_page: swapin tgid 1337 1360 "android.display" 7e6ff8b000 feef0 1 1
 android.display-1360  [004] d..2  3643.231220: free_swap_slot: swapfree cache feef0
 android.display-1360  [004] ....  3643.231271: do_swap_page: swapin tgid 1337 1360 "android.display" 9e9e4000 15a8a0 0 1
     logd.writer-570   [004] ....  3643.231311: do_swap_page: swapin tgid 559 570 "logd.writer" 7fb6d37000 7ee52 1 1
     logd.writer-570   [004] d..2  3643.231314: free_swap_slot: swapfree cache 7ee52
     logd.writer-570   [004] ....  3643.231332: do_swap_page: swapin tgid 559 570 "logd.writer" 7fbd792000 7eef7 1 1
 android.display-1360  [004] ....  3643.231391: do_swap_page: swapin tgid 1337 1360 "android.display" 9e9e4000 15a8a0 1 1
 android.display-1360  [004] ....  3643.231398: do_swap_page: swapin tgid 1337 1360 "android.display" 9e8d6000 f6e32 1 1
 android.display-1360  [004] ....  3643.231401: do_swap_page: swapin tgid 1337 1360 "android.display" 9ea1d000 15a8d9 0 1
 android.display-1360  [004] ....  3643.231517: do_swap_page: swapin tgid 1337 1360 "android.display" 9ea1d000 15a8d9 1 1
 android.display-1360  [004] d..2  3643.231529: free_swap_slot: swapfree cache 10aee1
 android.display-1360  [004] d..2  3643.231567: free_swap_slot: swapfree cache e6ec7
 android.display-1360  [004] ....  3643.231573: do_swap_page: swapin tgid 1337 1360 "android.display" 13775000 d6ece 1 1
 android.display-1360  [004] ....  3643.231577: do_swap_page: swapin tgid 1337 1360 "android.display" 146de000 e6ee5 1 1
 android.display-1360  [004] ....  3643.231582: do_swap_page: swapin tgid 1337 1360 "android.display" 13e72000 daef6 1 1
 android.display-1360  [004] ....  3643.231637: do_swap_page: swapin tgid 1337 1360 "android.display" 7e6fdcd000 feeab 1 1
 android.display-1360  [004] d..2  3643.231640: free_swap_slot: swapfree cache feeab
 android.display-1360  [004] ....  3643.231651: do_swap_page: swapin tgid 1337 1360 "android.display" 7f2d668000 112ef9 1 1
 android.display-1360  [004] d..2  3643.231653: free_swap_slot: swapfree cache 112ef9
 android.display-1360  [004] ....  3643.231672: do_swap_page: swapin tgid 1337 1360 "android.display" 14737000 eae32 1 1
 android.display-1360  [004] ....  3643.231773: do_swap_page: swapin tgid 1337 1360 "android.display" 7e6fdbd000 19e82b 0 1
           <...>-1366  [004] ....  3643.231811: do_swap_page: swapin tgid 1337 1366 "android.bg" 9eb0b000 15e8c7 0 1
           <...>-1512  [004] ....  3643.231843: do_swap_page: swapin tgid 1337 1512 "AudioService" 7e87e48000 102eb9 1 1
           <...>-1512  [004] d..2  3643.231845: free_swap_slot: swapfree cache 102eb9
           <...>-1512  [004] ....  3643.231853: do_swap_page: swapin tgid 1337 1512 "AudioService" 7e87e49000 1b283d 0 1
           <...>-1637  [004] ....  3643.231899: do_swap_page: swapin tgid 1616 1637 "Binder:1616_2" 7fbe241000 7e955 0 1
           <...>-2197  [004] ....  3643.231951: do_swap_page: swapin tgid 1719 2197 "Binder:1719_4" 7fbe241000 92976 0 1
           <...>-2768  [004] ....  3643.231980: do_swap_page: swapin tgid 1818 2768 "Binder:1818_4" 7f2db14000 14ae04 1 1
           <...>-2768  [004] d..2  3643.231983: free_swap_slot: swapfree cache 14ae04
           <...>-2768  [004] ....  3643.231990: do_swap_page: swapin tgid 1818 2768 "Binder:1818_4" 7ed0535000 14ae00 1 1
           <...>-2768  [004] d..2  3643.231991: free_swap_slot: swapfree cache 14ae00
           <...>-2768  [004] ....  3643.231996: do_swap_page: swapin tgid 1818 2768 "Binder:1818_4" 7ed0536000 9a9f3 0 1
   Binder:1842_5-2153  [004] d..2  3643.232033: free_swap_slot: swapfree cache 14ae9a
   Binder:1842_5-2153  [004] ....  3643.232039: do_swap_page: swapin tgid 1842 2153 "Binder:1842_5" 7fbe241000 be951 0 1
   Binder:1855_B-3721  [004] ....  3643.232107: do_swap_page: swapin tgid 1855 3721 "Binder:1855_B" 7fbe241000 ee9d2 0 1
           <...>-1934  [004] ....  3643.232135: do_swap_page: swapin tgid 1915 1934 "Binder:1915_2" 7f2d668000 14ee7e 1 1
           <...>-1934  [004] d..2  3643.232138: free_swap_slot: swapfree cache 14ee7e
           <...>-1934  [004] ....  3643.232143: do_swap_page: swapin tgid 1915 1934 "Binder:1915_2" 7f2e033000 14ee84 1 1
           <...>-1934  [004] d..2  3643.232145: free_swap_slot: swapfree cache 14ee84
           <...>-1934  [004] ....  3643.232148: do_swap_page: swapin tgid 1915 1934 "Binder:1915_2" 7f2e034000 fe926 0 1
           <...>-1512  [004] ....  3643.232188: do_swap_page: swapin tgid 1337 1512 "AudioService" 7e87e49000 1b283d 1 1
           <...>-1512  [004] ....  3643.232195: do_swap_page: swapin tgid 1337 1512 "AudioService" 7eb8022000 10ae28 1 1
           <...>-1512  [004] d..2  3643.232201: free_swap_slot: swapfree cache 10ae28
           <...>-1512  [004] ....  3643.232204: do_swap_page: swapin tgid 1337 1512 "AudioService" 7eb80db000 10ae6a 1 1
           <...>-1512  [004] d..2  3643.232205: free_swap_slot: swapfree cache 10ae6a
           <...>-1512  [004] ....  3643.232208: do_swap_page: swapin tgid 1337 1512 "AudioService" 7e87e47000 102eb8 1 1
           <...>-1512  [004] d..2  3643.232209: free_swap_slot: swapfree cache 102eb8
           <...>-1512  [004] ....  3643.232231: do_swap_page: swapin tgid 1337 1512 "AudioService" 7e87e46000 1b283a 0 1
           <...>-2197  [004] ....  3643.232255: do_swap_page: swapin tgid 1719 2197 "Binder:1719_4" 7fbe241000 92976 1 1
           <...>-2197  [004] ....  3643.232270: do_swap_page: swapin tgid 1719 2197 "Binder:1719_4" 13405000 829b6 0 1
           <...>-1637  [004] ....  3643.232295: do_swap_page: swapin tgid 1616 1637 "Binder:1616_2" 7fbe241000 7e955 1 1
           <...>-1637  [004] ....  3643.232356: do_swap_page: swapin tgid 1616 1637 "Binder:1616_2" 13876000 126e1b 1 1
           <...>-1637  [004] ....  3643.232432: do_swap_page: swapin tgid 1616 1637 "Binder:1616_2" 7f28ffe000 142e09 1 1
           <...>-1637  [004] ....  3643.232437: do_swap_page: swapin tgid 1616 1637 "Binder:1616_2" 7f28d9b000 13ee9d 1 1
 ScreenDecoratio-2204  [004] ....  3643.232472: do_swap_page: swapin tgid 1616 2204 "ScreenDecoratio" 7eb57ba000 136eb0 1 1
 ScreenDecoratio-2204  [004] d..2  3643.232475: free_swap_slot: swapfree cache 136eb0
 ScreenDecoratio-2204  [004] ....  3643.232479: do_swap_page: swapin tgid 1616 2204 "ScreenDecoratio" 7f28d9c000 13ee9e 1 1
 ScreenDecoratio-2204  [004] d..2  3643.232480: free_swap_slot: swapfree cache 13ee9e
 ScreenDecoratio-2204  [004] d..2  3643.232481: free_swap_slot: swapfree cache 13ee9d
 ScreenDecoratio-2204  [004] ....  3643.232485: do_swap_page: swapin tgid 1616 2204 "ScreenDecoratio" 7eb57bb000 136eb1 1 1
 ScreenDecoratio-2204  [004] d..2  3643.232486: free_swap_slot: swapfree cache 142e09
 ScreenDecoratio-2204  [004] ....  3643.232490: do_swap_page: swapin tgid 1616 2204 "ScreenDecoratio" 7ec746c000 136ec2 1 1
 ScreenDecoratio-2204  [004] d..2  3643.232492: free_swap_slot: swapfree cache 136ec2
 ScreenDecoratio-2204  [004] ....  3643.232494: do_swap_page: swapin tgid 1616 2204 "ScreenDecoratio" 7ec7426000 136eb5 1 1
 ScreenDecoratio-2204  [004] d..2  3643.232496: free_swap_slot: swapfree cache 136eb5
 ScreenDecoratio-2204  [004] ....  3643.232498: do_swap_page: swapin tgid 1616 2204 "ScreenDecoratio" 7eb57b9000 136eaf 1 1
 ScreenDecoratio-2204  [004] d..2  3643.232499: free_swap_slot: swapfree cache 136eaf
 ScreenDecoratio-2204  [004] ....  3643.232505: do_swap_page: swapin tgid 1616 2204 "ScreenDecoratio" 7eb57b8000 429b0 0 1
   Binder:1855_B-3721  [004] ....  3643.232535: do_swap_page: swapin tgid 1855 3721 "Binder:1855_B" 7fbe241000 ee9d2 1 1
   Binder:1855_B-3721  [004] d..2  3643.232572: free_swap_slot: swapfree cache 14aed8
 m.android.phone-1855  [004] .n..  3643.232667: do_swap_page: swapin tgid 1855 1855 "m.android.phone" 14643000 14aecc 1 1
           <...>-1934  [004] ....  3643.232787: do_swap_page: swapin tgid 1915 1934 "Binder:1915_2" 7f2e034000 fe926 1 1
           <...>-1934  [004] ....  3643.232794: do_swap_page: swapin tgid 1915 1934 "Binder:1915_2" 7f2d666000 14ee7d 1 1
           <...>-1934  [004] ....  3643.232798: do_swap_page: swapin tgid 1915 1934 "Binder:1915_2" 7fbe180000 14ee88 1 1
           <...>-1934  [004] d..2  3643.232804: free_swap_slot: swapfree cache 14ee7d
           <...>-1934  [004] ....  3643.232807: do_swap_page: swapin tgid 1915 1934 "Binder:1915_2" 7f2d673000 fa96e 0 1
           <...>-2768  [004] ....  3643.232833: do_swap_page: swapin tgid 1818 2768 "Binder:1818_4" 7ed0536000 9a9f3 1 1
           <...>-2768  [004] ....  3643.232841: do_swap_page: swapin tgid 1818 2768 "Binder:1818_4" 7fbe2fc000 14ae0f 1 1
           <...>-2768  [004] ....  3643.232843: do_swap_page: swapin tgid 1818 2768 "Binder:1818_4" 7fbe180000 14ae0b 1 1
           <...>-2768  [004] d..2  3643.232846: free_swap_slot: swapfree cache 14ae0f
           <...>-2768  [004] d..2  3643.232848: free_swap_slot: swapfree cache 14ae0b
           <...>-2768  [004] ....  3643.232854: do_swap_page: swapin tgid 1818 2768 "Binder:1818_4" 7fbe22d000 14ae0d 1 1
           <...>-2768  [004] ....  3643.232859: do_swap_page: swapin tgid 1818 2768 "Binder:1818_4" 7f28ac2000 9e91d 0 1
   Binder:1842_5-2153  [004] ....  3643.232887: do_swap_page: swapin tgid 1842 2153 "Binder:1842_5" 7fbe241000 be951 1 1
   Binder:1842_5-2153  [004] d..2  3643.232921: free_swap_slot: swapfree cache 14ae56
 m.android.phone-1855  [004] ....  3643.232990: do_swap_page: swapin tgid 1855 1855 "m.android.phone" 725cf000 ce932 0 1
 ScreenDecoratio-2204  [004] ....  3643.233014: do_swap_page: swapin tgid 1616 2204 "ScreenDecoratio" 7eb57b8000 429b0 1 1
 ScreenDecoratio-2204  [004] ....  3643.233025: do_swap_page: swapin tgid 1616 2204 "ScreenDecoratio" 7f2f0ff000 142ed8 1 1
 ScreenDecoratio-2204  [004] d..2  3643.233028: free_swap_slot: swapfree cache 142ed8
 ScreenDecoratio-2204  [004] ....  3643.233032: do_swap_page: swapin tgid 1616 2204 "ScreenDecoratio" 12e4e000 11ee78 1 1
 ScreenDecoratio-2204  [004] d..2  3643.233034: free_swap_slot: swapfree cache 11ee78
 ScreenDecoratio-2204  [004] ....  3643.233040: do_swap_page: swapin tgid 1616 2204 "ScreenDecoratio" 13f50000 12ae77 1 1
 ScreenDecoratio-2204  [004] d..2  3643.233044: free_swap_slot: swapfree cache 12ae77
 ScreenDecoratio-2204  [004] ....  3643.233073: do_swap_page: swapin tgid 1616 2204 "ScreenDecoratio" 7ec7496000 136ed0 1 1
 ScreenDecoratio-2204  [004] ....  3643.233077: do_swap_page: swapin tgid 1616 2204 "ScreenDecoratio" 7ec7497000 136ed1 1 1
 ScreenDecoratio-2204  [004] d..2  3643.233079: free_swap_slot: swapfree cache 136ed0
 ScreenDecoratio-2204  [004] d..2  3643.233082: free_swap_slot: swapfree cache 146ea5
 ScreenDecoratio-2204  [004] ....  3643.233085: do_swap_page: swapin tgid 1616 2204 "ScreenDecoratio" 7f28b2f000 13ee57 1 1
 ScreenDecoratio-2204  [004] d..2  3643.233086: free_swap_slot: swapfree cache 13ee57
 ScreenDecoratio-2204  [004] ....  3643.233088: do_swap_page: swapin tgid 1616 2204 "ScreenDecoratio" 7ec7494000 136ece 1 1
 ScreenDecoratio-2204  [004] d..2  3643.233091: free_swap_slot: swapfree cache 136ed1
 ScreenDecoratio-2204  [004] ....  3643.233093: do_swap_page: swapin tgid 1616 2204 "ScreenDecoratio" 7f2d148000 6e9dc 0 1
           <...>-2197  [004] ....  3643.233123: do_swap_page: swapin tgid 1719 2197 "Binder:1719_4" 13405000 829b6 1 1
           <...>-2197  [004] ....  3643.233172: do_swap_page: swapin tgid 1719 2197 "Binder:1719_4" 13414000 146ee7 1 1
           <...>-2197  [004] d..2  3643.233176: free_swap_slot: swapfree cache 146ee7
           <...>-1512  [004] ....  3643.233225: do_swap_page: swapin tgid 1337 1512 "AudioService" 7e87e46000 1b283a 1 1
           <...>-1512  [004] ....  3643.233234: do_swap_page: swapin tgid 1337 1512 "AudioService" 7f23379000 112e44 1 1
           <...>-1512  [004] d..2  3643.233236: free_swap_slot: swapfree cache 112e44
           <...>-1512  [004] ....  3643.233241: do_swap_page: swapin tgid 1337 1512 "AudioService" 9eb4f000 16280b 0 1
           <...>-1934  [004] ....  3643.233268: do_swap_page: swapin tgid 1915 1934 "Binder:1915_2" 7f2d673000 fa96e 1 1
           <...>-1934  [004] d..2  3643.233275: free_swap_slot: swapfree cache 14ee88
           <...>-1934  [004] ....  3643.233282: do_swap_page: swapin tgid 1915 1934 "Binder:1915_2" 7f2d615000 14ee7a 1 1
           <...>-1934  [004] ....  3643.233287: do_swap_page: swapin tgid 1915 1934 "Binder:1915_2" 7f2d61f000 fa946 0 1
   system_server-1337  [004] ....  3643.233335: do_swap_page: swapin tgid 1337 1337 "system_server" 14788000 eae3e 1 1
   system_server-1337  [004] ....  3643.233339: do_swap_page: swapin tgid 1337 1337 "system_server" 9eb0b000 15e8c7 1 1
   system_server-1337  [004] ....  3643.233379: do_swap_page: swapin tgid 1337 1337 "system_server" 14277000 e2ecd 1 1
   system_server-1337  [004] ....  3643.233393: do_swap_page: swapin tgid 1337 1337 "system_server" 13465000 d6e62 1 1
   system_server-1337  [004] ....  3643.233424: do_swap_page: swapin tgid 1337 1337 "system_server" 135ec000 d6e93 1 1
   system_server-1337  [004] ....  3643.233433: do_swap_page: swapin tgid 1337 1337 "system_server" 9eb49000 162805 0 1
           <...>-2768  [004] ....  3643.233458: do_swap_page: swapin tgid 1818 2768 "Binder:1818_4" 7f28ac2000 9e91d 1 1
           <...>-2768  [004] ....  3643.233463: do_swap_page: swapin tgid 1818 2768 "Binder:1818_4" 7fbe2fe000 14ae10 1 1
           <...>-2768  [004] d..2  3643.233465: free_swap_slot: swapfree cache 14ae10
           <...>-2768  [004] d..2  3643.233466: free_swap_slot: swapfree cache 14ae0d
           <...>-2768  [004] ....  3643.233471: do_swap_page: swapin tgid 1818 2768 "Binder:1818_4" 7fb9cfd000 a2965 0 1
 m.android.phone-1855  [004] ....  3643.233497: do_swap_page: swapin tgid 1855 1855 "m.android.phone" 725cf000 ce932 1 1
           <...>-1512  [004] ....  3643.233611: do_swap_page: swapin tgid 1337 1512 "AudioService" 9eb4f000 16280b 1 1
 m.android.phone-1855  [004] ....  3643.233675: do_swap_page: swapin tgid 1855 1855 "m.android.phone" 1469d000 13ecda 0 1
           <...>-2768  [004] ....  3643.233701: do_swap_page: swapin tgid 1818 2768 "Binder:1818_4" 7fb9cfd000 a2965 1 1
           <...>-2768  [004] ....  3643.233708: do_swap_page: swapin tgid 1818 2768 "Binder:1818_4" 7fbe2f1000 14ae0e 1 1
           <...>-2768  [004] d..2  3643.233710: free_swap_slot: swapfree cache 14ae0e
           <...>-2768  [004] ....  3643.233714: do_swap_page: swapin tgid 1818 2768 "Binder:1818_4" 7fbe241000 a691c 0 1
           <...>-1934  [004] ....  3643.233740: do_swap_page: swapin tgid 1915 1934 "Binder:1915_2" 7f2d61f000 fa946 1 1
           <...>-1934  [004] ....  3643.233746: do_swap_page: swapin tgid 1915 1934 "Binder:1915_2" 7f2d669000 14ee7f 1 1
           <...>-1934  [004] d..2  3643.233747: free_swap_slot: swapfree cache 14ee7f
           <...>-1934  [004] d..2  3643.233748: free_swap_slot: swapfree cache 14ee7a
           <...>-1934  [004] ....  3643.233752: do_swap_page: swapin tgid 1915 1934 "Binder:1915_2" 7fb9cfd000 fe98d 0 1
 ScreenDecoratio-2204  [004] ....  3643.233774: do_swap_page: swapin tgid 1616 2204 "ScreenDecoratio" 7f2d148000 6e9dc 1 1
 ScreenDecoratio-2204  [004] ....  3643.233787: do_swap_page: swapin tgid 1616 2204 "ScreenDecoratio" 13686000 122e7e 1 1
 ScreenDecoratio-2204  [004] ....  3643.233796: do_swap_page: swapin tgid 1616 2204 "ScreenDecoratio" 7ec7495000 136ecf 1 1
 ScreenDecoratio-2204  [004] d..2  3643.233801: free_swap_slot: swapfree cache 136ecf
 ScreenDecoratio-2204  [004] d..2  3643.233802: free_swap_slot: swapfree cache 136ece
   system_server-1337  [004] ....  3643.233889: do_swap_page: swapin tgid 1337 1337 "system_server" 9eb49000 162805 1 1
   system_server-1337  [004] ....  3643.233907: do_swap_page: swapin tgid 1337 1337 "system_server" 9eb7c000 162838 0 1
           <...>-1934  [004] ....  3643.233948: do_swap_page: swapin tgid 1915 1934 "Binder:1915_2" 7fb9cfd000 fe98d 1 1
           <...>-1934  [004] ....  3643.233955: do_swap_page: swapin tgid 1915 1934 "Binder:1915_2" 7fbe2f1000 14ee89 1 1
           <...>-1934  [004] d..2  3643.233957: free_swap_slot: swapfree cache 14ee89
           <...>-1934  [004] ....  3643.233960: do_swap_page: swapin tgid 1915 1934 "Binder:1915_2" 7fbe241000 10293b 0 1
 m.android.phone-1855  [004] ....  3643.233987: do_swap_page: swapin tgid 1855 1855 "m.android.phone" 1469d000 13ecda 1 1
 m.android.phone-1855  [004] ....  3643.233996: do_swap_page: swapin tgid 1855 1855 "m.android.phone" 1469e000 ca9fd 0 1
           <...>-2768  [004] ....  3643.234039: do_swap_page: swapin tgid 1818 2768 "Binder:1818_4" 7fbe241000 a691c 1 1
           <...>-2768  [004] ....  3643.234048: do_swap_page: swapin tgid 1818 2768 "Binder:1818_4" 7fbe1e9000 a29fd 0 1
   system_server-1337  [004] ....  3643.234073: do_swap_page: swapin tgid 1337 1337 "system_server" 9eb7c000 162838 1 1
   system_server-1337  [004] ....  3643.234079: do_swap_page: swapin tgid 1337 1337 "system_server" 9eb6d000 162829 0 1
 ScreenDecoratio-2204  [004] ....  3643.234138: do_swap_page: swapin tgid 1616 2204 "ScreenDecoratio" 13f4c000 12ae73 1 1
 ScreenDecoratio-2204  [004] ....  3643.234143: do_swap_page: swapin tgid 1616 2204 "ScreenDecoratio" 13e4d000 126e8d 1 1
 ScreenDecoratio-2204  [004] d..2  3643.234145: free_swap_slot: swapfree cache 12ae73
   system_server-1337  [004] ....  3643.234274: do_swap_page: swapin tgid 1337 1337 "system_server" 9eb6d000 162829 1 1
   system_server-1337  [004] d..2  3643.234292: free_swap_slot: swapfree cache d6e61
           <...>-1512  [004] ....  3643.234317: do_swap_page: swapin tgid 1337 1512 "AudioService" 7eb4215000 106e0c 1 1
           <...>-1512  [004] d..2  3643.234321: free_swap_slot: swapfree cache 106e0c
 m.android.phone-1855  [004] ....  3643.234363: do_swap_page: swapin tgid 1855 1855 "m.android.phone" 1469e000 ca9fd 1 1
 m.android.phone-1855  [004] ....  3643.234373: do_swap_page: swapin tgid 1855 1855 "m.android.phone" 12f80000 c29c0 0 1
           <...>-2768  [004] ....  3643.234401: do_swap_page: swapin tgid 1818 2768 "Binder:1818_4" 7fbe1e9000 a29fd 1 1
           <...>-2768  [004] ....  3643.234409: do_swap_page: swapin tgid 1818 2768 "Binder:1818_4" 7f393e0000 a2938 0 1
           <...>-1934  [004] ....  3643.234437: do_swap_page: swapin tgid 1915 1934 "Binder:1915_2" 7fbe241000 10293b 1 1
           <...>-1934  [004] ....  3643.234445: do_swap_page: swapin tgid 1915 1934 "Binder:1915_2" 7fbe1e9000 10291e 0 1
 ScreenDecoratio-2204  [004] ....  3643.234490: do_swap_page: swapin tgid 1616 2204 "ScreenDecoratio" 13e4b000 126e8b 1 1
 ScreenDecoratio-2204  [004] ....  3643.234498: do_swap_page: swapin tgid 1616 2204 "ScreenDecoratio" 9eab6000 1a9a3 0 1
           <...>-2768  [004] ....  3643.234542: do_swap_page: swapin tgid 1818 2768 "Binder:1818_4" 7f393e0000 a2938 1 1
           <...>-2768  [004] ....  3643.234549: do_swap_page: swapin tgid 1818 2768 "Binder:1818_4" 7fbe165000 a29d3 0 1
 m.android.phone-1855  [004] ....  3643.234588: do_swap_page: swapin tgid 1855 1855 "m.android.phone" 12f80000 c29c0 1 1
 m.android.phone-1855  [004] d..2  3643.234754: free_swap_slot: swapfree cache 14aecc
 m.android.phone-1855  [004] d..2  3643.234780: swapcache_free_entries: swapfree direct fae4e
 m.android.phone-1855  [004] d..3  3643.234781: swapcache_free_entries: swapfree direct 112e93
 m.android.phone-1855  [004] d..3  3643.234782: swapcache_free_entries: swapfree direct 106e53
 m.android.phone-1855  [004] d..3  3643.234782: swapcache_free_entries: swapfree direct 106e54
 m.android.phone-1855  [004] d..3  3643.234783: swapcache_free_entries: swapfree direct 13eed6
 m.android.phone-1855  [004] d..3  3643.234784: swapcache_free_entries: swapfree direct 146e08
 m.android.phone-1855  [004] d..3  3643.234784: swapcache_free_entries: swapfree direct 146e37
 m.android.phone-1855  [004] d..3  3643.234785: swapcache_free_entries: swapfree direct 146e1c
 m.android.phone-1855  [004] d..3  3643.234786: swapcache_free_entries: swapfree direct 146e19
 m.android.phone-1855  [004] d..3  3643.234786: swapcache_free_entries: swapfree direct 142e1c
 m.android.phone-1855  [004] d..3  3643.234787: swapcache_free_entries: swapfree direct 136e4e
 m.android.phone-1855  [004] d..3  3643.234787: swapcache_free_entries: swapfree direct 136e4f
 m.android.phone-1855  [004] d..3  3643.234788: swapcache_free_entries: swapfree direct eaebb
 m.android.phone-1855  [004] d..3  3643.234788: swapcache_free_entries: swapfree direct 112e6a
 m.android.phone-1855  [004] d..3  3643.234789: swapcache_free_entries: swapfree direct 13ee82
 m.android.phone-1855  [004] d..3  3643.234790: swapcache_free_entries: swapfree direct feef0
 m.android.phone-1855  [004] d..3  3643.234790: swapcache_free_entries: swapfree direct 7ee52
 m.android.phone-1855  [004] d..3  3643.234791: swapcache_free_entries: swapfree direct 10aee1
 m.android.phone-1855  [004] d..3  3643.234791: swapcache_free_entries: swapfree direct e6ec7
 m.android.phone-1855  [004] d..3  3643.234792: swapcache_free_entries: swapfree direct feeab
 m.android.phone-1855  [004] d..3  3643.234793: swapcache_free_entries: swapfree direct 112ef9
 m.android.phone-1855  [004] d..3  3643.234793: swapcache_free_entries: swapfree direct 102eb9
 m.android.phone-1855  [004] d..3  3643.234794: swapcache_free_entries: swapfree direct 14ae04
 m.android.phone-1855  [004] d..3  3643.234794: swapcache_free_entries: swapfree direct 14ae00
 m.android.phone-1855  [004] d..3  3643.234795: swapcache_free_entries: swapfree direct 14ae9a
 m.android.phone-1855  [004] d..3  3643.234795: swapcache_free_entries: swapfree direct 14ee7e
 m.android.phone-1855  [004] d..3  3643.234796: swapcache_free_entries: swapfree direct 14ee84
 m.android.phone-1855  [004] d..3  3643.234796: swapcache_free_entries: swapfree direct 10ae28
 m.android.phone-1855  [004] d..3  3643.234797: swapcache_free_entries: swapfree direct 10ae6a
 m.android.phone-1855  [004] d..3  3643.234797: swapcache_free_entries: swapfree direct 102eb8
 m.android.phone-1855  [004] d..3  3643.234798: swapcache_free_entries: swapfree direct 136eb0
 m.android.phone-1855  [004] d..3  3643.234798: swapcache_free_entries: swapfree direct 13ee9e
 m.android.phone-1855  [004] d..3  3643.234799: swapcache_free_entries: swapfree direct 13ee9d
 m.android.phone-1855  [004] d..3  3643.234799: swapcache_free_entries: swapfree direct 142e09
 m.android.phone-1855  [004] d..3  3643.234799: swapcache_free_entries: swapfree direct 136ec2
 m.android.phone-1855  [004] d..3  3643.234800: swapcache_free_entries: swapfree direct 136eb5
 m.android.phone-1855  [004] d..3  3643.234800: swapcache_free_entries: swapfree direct 136eaf
 m.android.phone-1855  [004] d..3  3643.234801: swapcache_free_entries: swapfree direct 14aed8
 m.android.phone-1855  [004] d..3  3643.234801: swapcache_free_entries: swapfree direct 14ee7d
 m.android.phone-1855  [004] d..3  3643.234801: swapcache_free_entries: swapfree direct 14ae0f
 m.android.phone-1855  [004] d..3  3643.234802: swapcache_free_entries: swapfree direct 14ae0b
 m.android.phone-1855  [004] d..3  3643.234802: swapcache_free_entries: swapfree direct 14ae56
 m.android.phone-1855  [004] d..3  3643.234803: swapcache_free_entries: swapfree direct 142ed8
 m.android.phone-1855  [004] d..3  3643.234804: swapcache_free_entries: swapfree direct 11ee78
 m.android.phone-1855  [004] d..3  3643.234805: swapcache_free_entries: swapfree direct 12ae77
 m.android.phone-1855  [004] d..3  3643.234806: swapcache_free_entries: swapfree direct 136ed0
 m.android.phone-1855  [004] d..3  3643.234806: swapcache_free_entries: swapfree direct 146ea5
 m.android.phone-1855  [004] d..3  3643.234807: swapcache_free_entries: swapfree direct 13ee57
 m.android.phone-1855  [004] d..3  3643.234807: swapcache_free_entries: swapfree direct 136ed1
 m.android.phone-1855  [004] d..3  3643.234808: swapcache_free_entries: swapfree direct 146ee7
 m.android.phone-1855  [004] d..3  3643.234808: swapcache_free_entries: swapfree direct 112e44
 m.android.phone-1855  [004] d..3  3643.234809: swapcache_free_entries: swapfree direct 14ee88
 m.android.phone-1855  [004] d..3  3643.234809: swapcache_free_entries: swapfree direct 14ae10
 m.android.phone-1855  [004] d..3  3643.234809: swapcache_free_entries: swapfree direct 14ae0d
 m.android.phone-1855  [004] d..3  3643.234810: swapcache_free_entries: swapfree direct 14ae0e
 m.android.phone-1855  [004] d..3  3643.234810: swapcache_free_entries: swapfree direct 14ee7f
 m.android.phone-1855  [004] d..3  3643.234810: swapcache_free_entries: swapfree direct 14ee7a
 m.android.phone-1855  [004] d..3  3643.234811: swapcache_free_entries: swapfree direct 136ecf
 m.android.phone-1855  [004] d..3  3643.234811: swapcache_free_entries: swapfree direct 136ece
 m.android.phone-1855  [004] d..3  3643.234812: swapcache_free_entries: swapfree direct 14ee89
 m.android.phone-1855  [004] d..3  3643.234812: swapcache_free_entries: swapfree direct 12ae73
 m.android.phone-1855  [004] d..3  3643.234812: swapcache_free_entries: swapfree direct d6e61
 m.android.phone-1855  [004] d..3  3643.234813: swapcache_free_entries: swapfree direct 106e0c
 m.android.phone-1855  [004] d..3  3643.234814: swapcache_free_entries: swapfree direct 14aecc
 m.android.phone-1855  [004] d..2  3643.234814: free_swap_slot: swapfree cache 14aedc
           <...>-1934  [004] ....  3643.234836: do_swap_page: swapin tgid 1915 1934 "Binder:1915_2" 7fbe1e9000 10291e 1 1
           <...>-1934  [004] ....  3643.234844: do_swap_page: swapin tgid 1915 1934 "Binder:1915_2" 7f393e0000 fe95f 0 1
           <...>-2768  [004] ....  3643.234868: do_swap_page: swapin tgid 1818 2768 "Binder:1818_4" 7fbe165000 a29d3 1 1
           <...>-2768  [004] ....  3643.234874: do_swap_page: swapin tgid 1818 2768 "Binder:1818_4" 7f2db28000 14ae06 1 1
           <...>-2768  [004] ....  3643.234877: do_swap_page: swapin tgid 1818 2768 "Binder:1818_4" 7fbaa87000 a2968 0 1
 ScreenDecoratio-2204  [004] ....  3643.234904: do_swap_page: swapin tgid 1616 2204 "ScreenDecoratio" 9eab6000 1a9a3 1 1
 ScreenDecoratio-2204  [004] ....  3643.234910: do_swap_page: swapin tgid 1616 2204 "ScreenDecoratio" 9e9f5000 169e2 0 1
           <...>-1366  [004] d..2  3643.234973: free_swap_slot: swapfree cache d6e48
           <...>-1934  [004] ....  3643.235009: do_swap_page: swapin tgid 1915 1934 "Binder:1915_2" 7f393e0000 fe95f 1 1
           <...>-1934  [004] ....  3643.235039: do_swap_page: swapin tgid 1915 1934 "Binder:1915_2" 7fbe165000 fe9f3 0 1
           <...>-2768  [004] ....  3643.235062: do_swap_page: swapin tgid 1818 2768 "Binder:1818_4" 7fbaa87000 a2968 1 1
           <...>-2768  [004] ....  3643.235068: do_swap_page: swapin tgid 1818 2768 "Binder:1818_4" 7fbb5b1000 a2974 0 1
 ScreenDecoratio-2204  [004] ....  3643.235094: do_swap_page: swapin tgid 1616 2204 "ScreenDecoratio" 9e9f5000 169e2 1 1
 ScreenDecoratio-2204  [004] ....  3643.235102: do_swap_page: swapin tgid 1616 2204 "ScreenDecoratio" 13d99000 126e64 1 1
           <...>-1934  [004] ....  3643.235232: do_swap_page: swapin tgid 1915 1934 "Binder:1915_2" 7fbe165000 fe9f3 1 1
           <...>-1934  [004] ....  3643.235238: do_swap_page: swapin tgid 1915 1934 "Binder:1915_2" 7f2d651000 14ee7c 1 1
           <...>-1934  [004] ....  3643.235242: do_swap_page: swapin tgid 1915 1934 "Binder:1915_2" 7fbaa87000 fe991 0 1
           <...>-2768  [004] ....  3643.235265: do_swap_page: swapin tgid 1818 2768 "Binder:1818_4" 7fbb5b1000 a2974 1 1
           <...>-2768  [004] ....  3643.235271: do_swap_page: swapin tgid 1818 2768 "Binder:1818_4" 7f28b19000 14ae01 1 1
           <...>-2768  [004] d..2  3643.235275: free_swap_slot: swapfree cache 14ae06
           <...>-2768  [004] ....  3643.235279: do_swap_page: swapin tgid 1818 2768 "Binder:1818_4" 7f393de000 ae769 1 13
           <...>-2768  [004] ....  3643.235282: do_swap_page: swapin tgid 1818 2768 "Binder:1818_4" 7fbe23c000 a691b 0 1
 ScreenDecoratio-2204  [004] ....  3643.235350: do_swap_page: swapin tgid 1616 2204 "ScreenDecoratio" 13f69000 12ae8d 1 1
           <...>-1934  [004] ....  3643.235463: do_swap_page: swapin tgid 1915 1934 "Binder:1915_2" 7fbaa87000 fe991 1 1
           <...>-1934  [004] ....  3643.235471: do_swap_page: swapin tgid 1915 1934 "Binder:1915_2" 7fbb5b1000 fe99d 0 1
           <...>-2768  [004] ....  3643.235495: do_swap_page: swapin tgid 1818 2768 "Binder:1818_4" 7fbe23c000 a691b 1 1
           <...>-2768  [004] ....  3643.235502: do_swap_page: swapin tgid 1818 2768 "Binder:1818_4" 7f3192b000 a292b 0 1
           <...>-1934  [004] ....  3643.235653: do_swap_page: swapin tgid 1915 1934 "Binder:1915_2" 7fbb5b1000 fe99d 1 1
           <...>-1934  [004] ....  3643.235675: do_swap_page: swapin tgid 1915 1934 "Binder:1915_2" 7f2d61a000 14ee7b 1 1
           <...>-1934  [004] d..2  3643.235678: free_swap_slot: swapfree cache 14ee7c
           <...>-1934  [004] ....  3643.235680: do_swap_page: swapin tgid 1915 1934 "Binder:1915_2" 7f393de000 ae769 1 12
           <...>-1934  [004] ....  3643.235682: do_swap_page: swapin tgid 1915 1934 "Binder:1915_2" 7fbe23c000 10293a 0 1
           <...>-2768  [004] ....  3643.235709: do_swap_page: swapin tgid 1818 2768 "Binder:1818_4" 7f3192b000 a292b 1 1
           <...>-2768  [004] ....  3643.235717: do_swap_page: swapin tgid 1818 2768 "Binder:1818_4" 132c3000 9a990 0 1
 ScreenDecoratio-2204  [004] ....  3643.235760: do_swap_page: swapin tgid 1616 2204 "ScreenDecoratio" 9e8ba000 12eecc 1 1
 ScreenDecoratio-2204  [004] ....  3643.235772: do_swap_page: swapin tgid 1616 2204 "ScreenDecoratio" 72976000 12ee35 1 1
 ScreenDecoratio-2204  [004] ....  3643.235793: do_swap_page: swapin tgid 1616 2204 "ScreenDecoratio" 7296b000 12ee2e 1 1
 ScreenDecoratio-2204  [004] d..2  3643.235796: free_swap_slot: swapfree cache 12ee2e
 ScreenDecoratio-2204  [004] d..2  3643.235797: free_swap_slot: swapfree cache 12ee35
 ScreenDecoratio-2204  [004] ....  3643.235809: do_swap_page: swapin tgid 1616 2204 "ScreenDecoratio" 9e98a000 16977 0 1
           <...>-1934  [004] ....  3643.235859: do_swap_page: swapin tgid 1915 1934 "Binder:1915_2" 7fbe23c000 10293a 1 1
           <...>-1934  [004] ....  3643.235866: do_swap_page: swapin tgid 1915 1934 "Binder:1915_2" 7f3192b000 fe950 0 1
           <...>-2768  [004] ....  3643.235889: do_swap_page: swapin tgid 1818 2768 "Binder:1818_4" 132c3000 9a990 1 1
           <...>-2768  [004] ....  3643.235897: do_swap_page: swapin tgid 1818 2768 "Binder:1818_4" 7fbe286000 b6753 1 14
           <...>-2768  [004] ....  3643.235899: do_swap_page: swapin tgid 1818 2768 "Binder:1818_4" 7fbe285000 b6752 1 14
           <...>-2768  [004] ....  3643.235901: do_swap_page: swapin tgid 1818 2768 "Binder:1818_4" 7f393df000 a2937 0 1
           <...>-1358  [004] ....  3643.235960: do_swap_page: swapin tgid 1337 1358 "android.ui" 9eb28000 15e8e4 0 1
           <...>-1934  [004] ....  3643.236079: do_swap_page: swapin tgid 1915 1934 "Binder:1915_2" 7f3192b000 fe950 1 1
           <...>-1934  [004] ....  3643.236087: do_swap_page: swapin tgid 1915 1934 "Binder:1915_2" 13788000 f6902 0 1
           <...>-2768  [004] ....  3643.236114: do_swap_page: swapin tgid 1818 2768 "Binder:1818_4" 7f393df000 a2937 1 1
           <...>-2768  [004] ....  3643.236119: do_swap_page: swapin tgid 1818 2768 "Binder:1818_4" 7fbe1f8000 a6901 0 1
 ScreenDecoratio-2204  [004] ....  3643.236166: do_swap_page: swapin tgid 1616 2204 "ScreenDecoratio" 9e98a000 16977 1 1
           <...>-1934  [004] ....  3643.236312: do_swap_page: swapin tgid 1915 1934 "Binder:1915_2" 13788000 f6902 1 1
           <...>-1934  [004] ....  3643.236320: do_swap_page: swapin tgid 1915 1934 "Binder:1915_2" 7fbe286000 b6753 1 13
           <...>-1934  [004] ....  3643.236323: do_swap_page: swapin tgid 1915 1934 "Binder:1915_2" 7fbe285000 b6752 1 13
           <...>-1934  [004] ....  3643.236325: do_swap_page: swapin tgid 1915 1934 "Binder:1915_2" 7f393df000 fe95e 0 1
           <...>-2768  [004] ....  3643.236350: do_swap_page: swapin tgid 1818 2768 "Binder:1818_4" 7fbe1f8000 a6901 1 1
           <...>-2768  [004] ....  3643.236360: do_swap_page: swapin tgid 1818 2768 "Binder:1818_4" 12d80000 146efb 1 1
           <...>-2768  [004] d..2  3643.236364: free_swap_slot: swapfree cache 14ae01
           <...>-2768  [004] ....  3643.236367: do_swap_page: swapin tgid 1818 2768 "Binder:1818_4" 7fbe24e000 a691f 0 1
           <...>-1358  [004] ....  3643.236394: do_swap_page: swapin tgid 1337 1358 "android.ui" 9eb28000 15e8e4 1 1
           <...>-1934  [004] ....  3643.236443: do_swap_page: swapin tgid 1915 1934 "Binder:1915_2" 7f393df000 fe95e 1 1
           <...>-1934  [004] ....  3643.236448: do_swap_page: swapin tgid 1915 1934 "Binder:1915_2" 7fbe1f8000 102922 0 1
           <...>-1358  [004] d..2  3643.236500: free_swap_slot: swapfree cache 112ef8
           <...>-1358  [004] d..2  3643.236507: free_swap_slot: swapfree cache e2eba
           <...>-1358  [004] ....  3643.236513: do_swap_page: swapin tgid 1337 1358 "android.ui" 9e9d0000 15a88c 0 1
           <...>-2768  [004] ....  3643.236553: do_swap_page: swapin tgid 1818 2768 "Binder:1818_4" 7fbe24e000 a691f 1 1
           <...>-2768  [004] ....  3643.236562: do_swap_page: swapin tgid 1818 2768 "Binder:1818_4" 7f3127b000 14ae07 1 1
           <...>-2768  [004] d..2  3643.236564: free_swap_slot: swapfree cache 14ae07
           <...>-2768  [004] ....  3643.236567: do_swap_page: swapin tgid 1818 2768 "Binder:1818_4" 7ed0534000 146eff 1 1
           <...>-2768  [004] d..2  3643.236568: free_swap_slot: swapfree cache 146eff
           <...>-2768  [004] ....  3643.236569: do_swap_page: swapin tgid 1818 2768 "Binder:1818_4" 12d81000 146efc 1 1
           <...>-2768  [004] d..2  3643.236570: free_swap_slot: swapfree cache 146efc
           <...>-2768  [004] d..2  3643.236572: free_swap_slot: swapfree cache 146efb
           <...>-2768  [004] ....  3643.236575: do_swap_page: swapin tgid 1818 2768 "Binder:1818_4" 7f34f3e000 14ae08 1 1
           <...>-2768  [004] d..2  3643.236576: free_swap_slot: swapfree cache 14ae08
           <...>-2768  [004] ....  3643.236578: do_swap_page: swapin tgid 1818 2768 "Binder:1818_4" 132c2000 146efd 1 1
           <...>-2768  [004] d..2  3643.236579: free_swap_slot: swapfree cache 146efd
           <...>-2768  [004] ....  3643.236583: do_swap_page: swapin tgid 1818 2768 "Binder:1818_4" 7fbe1e7000 a29fb 0 1
           <...>-1934  [004] ....  3643.236628: do_swap_page: swapin tgid 1915 1934 "Binder:1915_2" 7fbe1f8000 102922 1 1
           <...>-1934  [004] ....  3643.236635: do_swap_page: swapin tgid 1915 1934 "Binder:1915_2" 7f2e031000 fe923 0 1
           <...>-1358  [004] ....  3643.236659: do_swap_page: swapin tgid 1337 1358 "android.ui" 9e9d0000 15a88c 1 1
           <...>-1358  [004] ....  3643.236665: do_swap_page: swapin tgid 1337 1358 "android.ui" 9e9ce000 15a88a 0 1
           <...>-1934  [004] ....  3643.236846: do_swap_page: swapin tgid 1915 1934 "Binder:1915_2" 7f2e031000 fe923 1 1
           <...>-1934  [004] ....  3643.236854: do_swap_page: swapin tgid 1915 1934 "Binder:1915_2" 13780000 f29fa 0 1
           <...>-1358  [004] ....  3643.236888: do_swap_page: swapin tgid 1337 1358 "android.ui" 9e9ce000 15a88a 1 1
           <...>-1358  [004] d..2  3643.236900: free_swap_slot: swapfree cache e2eb6
           <...>-1358  [004] ....  3643.236925: do_swap_page: swapin tgid 1337 1358 "android.ui" 9e8e1000 f6e3d 1 1
           <...>-1358  [004] ....  3643.236933: do_swap_page: swapin tgid 1337 1358 "android.ui" 9e8e2000 f6e3e 1 1
           <...>-1358  [004] ....  3643.236936: do_swap_page: swapin tgid 1337 1358 "android.ui" 9ea2f000 15a8eb 0 1
           <...>-2768  [004] ....  3643.236960: do_swap_page: swapin tgid 1818 2768 "Binder:1818_4" 7fbe1e7000 a29fb 1 1
           <...>-2768  [004] ....  3643.236966: do_swap_page: swapin tgid 1818 2768 "Binder:1818_4" 7fbe17f000 a29dc 0 1
 ScreenDecoratio-2204  [004] ....  3643.237036: do_swap_page: swapin tgid 1616 2204 "ScreenDecoratio" 9e8a6000 12eebf 1 1
 ScreenDecoratio-2204  [004] ....  3643.237041: do_swap_page: swapin tgid 1616 2204 "ScreenDecoratio" 9ead7000 1a9c4 0 1
           <...>-1934  [004] ....  3643.237095: do_swap_page: swapin tgid 1915 1934 "Binder:1915_2" 13780000 f29fa 1 1
           <...>-1934  [004] ....  3643.237101: do_swap_page: swapin tgid 1915 1934 "Binder:1915_2" 13793000 14ee77 1 1
           <...>-1934  [004] d..2  3643.237105: free_swap_slot: swapfree cache 14ee7b
           <...>-1934  [004] ....  3643.237108: do_swap_page: swapin tgid 1915 1934 "Binder:1915_2" 7fbe24e000 10293f 0 1
           <...>-1358  [004] ....  3643.237312: do_swap_page: swapin tgid 1337 1358 "android.ui" 9ea2f000 15a8eb 1 1
           <...>-1358  [004] ....  3643.237324: do_swap_page: swapin tgid 1337 1358 "android.ui" 9e892000 f2eee 1 1
           <...>-1358  [004] ....  3643.237326: do_swap_page: swapin tgid 1337 1358 "android.ui" 9e9c7000 15a883 0 1
           <...>-2768  [004] ....  3643.237354: do_swap_page: swapin tgid 1818 2768 "Binder:1818_4" 7fbe17f000 a29dc 1 1
           <...>-2768  [004] ....  3643.237360: do_swap_page: swapin tgid 1818 2768 "Binder:1818_4" 7fbe20a000 a6905 0 1
 android.display-1360  [004] ....  3643.237387: do_swap_page: swapin tgid 1337 1360 "android.display" 7e6fdbd000 19e82b 1 1
 android.display-1360  [004] ....  3643.237520: do_swap_page: swapin tgid 1337 1360 "android.display" 7ed0c92000 10ee1c 1 1
 android.display-1360  [004] ....  3643.237525: do_swap_page: swapin tgid 1337 1360 "android.display" 7ed0e3c000 10eeab 1 1
 android.display-1360  [004] ....  3643.237561: do_swap_page: swapin tgid 1337 1360 "android.display" 7e6fd52000 ded1d 0 1
           <...>-2035  [004] ....  3643.237589: do_swap_page: swapin tgid 1995 2035 "Binder:1995_2" 7f289bb000 15ee76 1 1
           <...>-2035  [004] d..2  3643.237592: free_swap_slot: swapfree cache 15ee76
           <...>-2035  [004] ....  3643.237597: do_swap_page: swapin tgid 1995 2035 "Binder:1995_2" 7f2e033000 162e66 1 1
           <...>-2035  [004] d..2  3643.237598: free_swap_slot: swapfree cache 162e66
           <...>-2035  [004] ....  3643.237602: do_swap_page: swapin tgid 1995 2035 "Binder:1995_2" 7f2e034000 146965 0 1
           <...>-5281  [004] ....  3643.237643: do_swap_page: swapin tgid 2252 5281 "Binder:2252_B" 7fbe241000 1ee9cd 0 1
           <...>-5002  [004] ....  3643.237675: do_swap_page: swapin tgid 2433 5002 "Binder:2433_7" 7f2d610000 19ee38 1 1
           <...>-5002  [004] d..2  3643.237678: free_swap_slot: swapfree cache 19ee38
           <...>-5002  [004] ....  3643.237683: do_swap_page: swapin tgid 2433 5002 "Binder:2433_7" 7f29ede000 19ee33 1 1
           <...>-5002  [004] d..2  3643.237684: free_swap_slot: swapfree cache 19ee33
           <...>-5002  [004] ....  3643.237687: do_swap_page: swapin tgid 2433 5002 "Binder:2433_7" 7f29edf000 19ee34 1 1
           <...>-5002  [004] ....  3643.237689: do_swap_page: swapin tgid 2433 5002 "Binder:2433_7" 7f2d60f000 19ee37 1 1
           <...>-5002  [004] ....  3643.237698: do_swap_page: swapin tgid 2433 5002 "Binder:2433_7" 7fbe180000 19eea0 1 1
           <...>-5002  [004] d..2  3643.237700: free_swap_slot: swapfree cache 19ee37
           <...>-5002  [004] ....  3643.237702: do_swap_page: swapin tgid 2433 5002 "Binder:2433_7" 7f2d6e2000 19ee52 1 1
           <...>-5002  [004] d..2  3643.237724: free_swap_slot: swapfree cache 19eea0
           <...>-5002  [004] ....  3643.237729: do_swap_page: swapin tgid 2433 5002 "Binder:2433_7" 7f2d615000 19ee39 1 1
           <...>-5002  [004] ....  3643.237732: do_swap_page: swapin tgid 2433 5002 "Binder:2433_7" 7f2d61f000 19ee3e 1 1
           <...>-5002  [004] ....  3643.237734: do_swap_page: swapin tgid 2433 5002 "Binder:2433_7" 7f2d635000 19ee3f 1 1
           <...>-5002  [004] d..2  3643.237734: free_swap_slot: swapfree cache 19ee3f
           <...>-5002  [004] d..2  3643.237736: free_swap_slot: swapfree cache 19ee39
           <...>-5002  [004] ....  3643.237739: do_swap_page: swapin tgid 2433 5002 "Binder:2433_7" 7fb9cfd000 19ee89 1 1
           <...>-5002  [004] ....  3643.237752: do_swap_page: swapin tgid 2433 5002 "Binder:2433_7" 7fbe2f3000 19eed1 1 1
           <...>-5002  [004] d..2  3643.237754: free_swap_slot: swapfree cache 19eed1
           <...>-5002  [004] ....  3643.237757: do_swap_page: swapin tgid 2433 5002 "Binder:2433_7" 7fbe241000 1eab6 0 1
   Binder:2465_3-2736  [004] ....  3643.237778: do_swap_page: swapin tgid 2465 2736 "Binder:2465_3" 7fbe1d0000 19eef8 1 1
   Binder:2465_3-2736  [004] d..2  3643.237801: free_swap_slot: swapfree cache 19eef8
   Binder:2465_3-2736  [004] ....  3643.237808: do_swap_page: swapin tgid 2465 2736 "Binder:2465_3" 7ed063e000 19eee8 1 1
   Binder:2465_3-2736  [004] d..2  3643.237809: free_swap_slot: swapfree cache 19eee8
   Binder:2465_3-2736  [004] ....  3643.237813: do_swap_page: swapin tgid 2465 2736 "Binder:2465_3" 7ed063f000 26ad3 0 1
           <...>-2035  [004] ....  3643.237844: do_swap_page: swapin tgid 1995 2035 "Binder:1995_2" 7f2e034000 146965 1 1
           <...>-2035  [004] ....  3643.237850: do_swap_page: swapin tgid 1995 2035 "Binder:1995_2" 7f289fc000 15ee7c 1 1
           <...>-2035  [004] d..2  3643.237852: free_swap_slot: swapfree cache 15ee7c
           <...>-2035  [004] ....  3643.237859: do_swap_page: swapin tgid 1995 2035 "Binder:1995_2" 7f28b58000 15eeb6 1 1
           <...>-2035  [004] d..2  3643.237860: free_swap_slot: swapfree cache 15eeb6
           <...>-2035  [004] d..2  3643.237864: free_swap_slot: swapfree cache 162ef0
           <...>-2035  [004] ....  3643.237867: do_swap_page: swapin tgid 1995 2035 "Binder:1995_2" 7fbe241000 14a9e0 0 1
           <...>-5281  [004] ....  3643.237890: do_swap_page: swapin tgid 2252 5281 "Binder:2252_B" 7fbe241000 1ee9cd 1 1
           <...>-5281  [004] ....  3643.237904: do_swap_page: swapin tgid 2252 5281 "Binder:2252_B" 12f25000 156d37 0 1
           <...>-1358  [004] ....  3643.237929: do_swap_page: swapin tgid 1337 1358 "android.ui" 9e9c7000 15a883 1 1
           <...>-1358  [004] d..2  3643.237939: free_swap_slot: swapfree cache dee3b
           <...>-1358  [004] ....  3643.237946: do_swap_page: swapin tgid 1337 1358 "android.ui" 138ef000 dae03 1 1
           <...>-1358  [004] ....  3643.237950: do_swap_page: swapin tgid 1337 1358 "android.ui" 9e837000 f2eba 1 1
           <...>-1358  [004] ....  3643.237954: do_swap_page: swapin tgid 1337 1358 "android.ui" 138ee000 dae02 1 1
           <...>-1358  [004] d..2  3643.237959: free_swap_slot: swapfree cache dae81
           <...>-1358  [004] ....  3643.237961: do_swap_page: swapin tgid 1337 1358 "android.ui" 13762000 d6ebb 1 1
           <...>-1358  [004] ....  3643.237967: do_swap_page: swapin tgid 1337 1358 "android.ui" 13763000 d6ebc 1 1
           <...>-1358  [004] ....  3643.237969: do_swap_page: swapin tgid 1337 1358 "android.ui" 138ed000 dae01 1 1
           <...>-1358  [004] ....  3643.237974: do_swap_page: swapin tgid 1337 1358 "android.ui" 13764000 d6ebd 1 1
           <...>-1358  [004] ....  3643.237978: do_swap_page: swapin tgid 1337 1358 "android.ui" 138ec000 dae00 1 1
           <...>-1358  [004] ....  3643.237980: do_swap_page: swapin tgid 1337 1358 "android.ui" 9e8be000 f6e1a 1 1
           <...>-1358  [004] ....  3643.237983: do_swap_page: swapin tgid 1337 1358 "android.ui" 9e9b8000 15a874 0 1
           <...>-2035  [004] ....  3643.238023: do_swap_page: swapin tgid 1995 2035 "Binder:1995_2" 7fbe241000 14a9e0 1 1
           <...>-2035  [004] ....  3643.238030: do_swap_page: swapin tgid 1995 2035 "Binder:1995_2" 7f28b80000 15eebb 1 1
           <...>-2035  [004] ....  3643.238033: do_swap_page: swapin tgid 1995 2035 "Binder:1995_2" 7fbb5b1000 162ead 1 1
           <...>-2035  [004] ....  3643.238060: do_swap_page: swapin tgid 1995 2035 "Binder:1995_2" 7f28b18000 15ee9d 1 1
           <...>-2035  [004] d..2  3643.238063: free_swap_slot: swapfree cache 15eebb
           <...>-2035  [004] ....  3643.238069: do_swap_page: swapin tgid 1995 2035 "Binder:1995_2" 7f2e031000 146962 0 1
   Binder:2465_3-2736  [004] ....  3643.238105: do_swap_page: swapin tgid 2465 2736 "Binder:2465_3" 7ed063f000 26ad3 1 1
   Binder:2465_3-2736  [004] ....  3643.238129: do_swap_page: swapin tgid 2465 2736 "Binder:2465_3" 7fbe2fb000 19eefb 1 1
   Binder:2465_3-2736  [004] ....  3643.238134: do_swap_page: swapin tgid 2465 2736 "Binder:2465_3" 7fbe180000 19eef7 1 1
   Binder:2465_3-2736  [004] d..2  3643.238136: free_swap_slot: swapfree cache 19eefb
   Binder:2465_3-2736  [004] ....  3643.238141: do_swap_page: swapin tgid 2465 2736 "Binder:2465_3" 7f28a69000 2aafc 0 1
           <...>-5002  [004] ....  3643.238166: do_swap_page: swapin tgid 2433 5002 "Binder:2433_7" 7fbe241000 1eab6 1 1
           <...>-5002  [004] ....  3643.238174: do_swap_page: swapin tgid 2433 5002 "Binder:2433_7" 7fbe1e9000 19eeb3 1 1
           <...>-5002  [004] ....  3643.238197: do_swap_page: swapin tgid 2433 5002 "Binder:2433_7" 7f393e0000 1aae8 0 1
           <...>-5281  [004] ....  3643.238216: do_swap_page: swapin tgid 2252 5281 "Binder:2252_B" 12f25000 156d37 1 1
           <...>-5281  [004] d..2  3643.238246: free_swap_slot: swapfree cache 17ae07
           <...>-2035  [004] ....  3643.238266: do_swap_page: swapin tgid 1995 2035 "Binder:1995_2" 7f2e031000 146962 1 1
           <...>-2035  [004] ....  3643.238275: do_swap_page: swapin tgid 1995 2035 "Binder:1995_2" 1332f000 152e51 1 1
           <...>-2035  [004] d..2  3643.238279: free_swap_slot: swapfree cache 15ee9d
           <...>-2035  [004] ....  3643.238284: do_swap_page: swapin tgid 1995 2035 "Binder:1995_2" 7f3147b000 162e6c 1 1
           <...>-2035  [004] d..2  3643.238285: free_swap_slot: swapfree cache 162e6c
           <...>-2035  [004] ....  3643.238313: do_swap_page: swapin tgid 1995 2035 "Binder:1995_2" 7f2e032000 162e65 1 1
           <...>-2035  [004] d..2  3643.238314: free_swap_slot: swapfree cache 162e65
           <...>-2035  [004] ....  3643.238316: do_swap_page: swapin tgid 1995 2035 "Binder:1995_2" 12dc0000 14ee9c 1 1
           <...>-2035  [004] d..2  3643.238317: free_swap_slot: swapfree cache 14ee9c
           <...>-2035  [004] d..2  3643.238319: free_swap_slot: swapfree cache 152e51
           <...>-2035  [004] ....  3643.238322: do_swap_page: swapin tgid 1995 2035 "Binder:1995_2" 13cd2000 152e55 1 1
           <...>-2035  [004] d..2  3643.238323: free_swap_slot: swapfree cache 152e55
