 ScreenDecoratio-2204  [004] ....  2797.748051: do_swap_page: swapin tgid 1616 2204 "ScreenDecoratio" 7ec7585000 11adc4 1 1
 ScreenDecoratio-2204  [004] d..2  2797.748053: free_swap_slot: swapfree cache 11adc4
 ScreenDecoratio-2204  [004] ....  2797.748063: do_swap_page: swapin tgid 1616 2204 "ScreenDecoratio" 13686000 106d4a 1 1
 ScreenDecoratio-2204  [004] ....  2797.748074: do_swap_page: swapin tgid 1616 2204 "ScreenDecoratio" 7ec7495000 11ad9e 1 1
 ScreenDecoratio-2204  [004] d..2  2797.748096: free_swap_slot: swapfree cache 11ad9e
 ScreenDecoratio-2204  [004] d..2  2797.748098: free_swap_slot: swapfree cache 11ad9d
   Binder:1337_5-1772  [004] d..2  2797.748127: free_swap_slot: swapfree cache f2dc0
   Binder:1337_5-1772  [004] ....  2797.748136: do_swap_page: swapin tgid 1337 1772 "Binder:1337_5" 7e725ac000 dedf2 1 1
   Binder:1337_5-1772  [004] d..2  2797.748138: free_swap_slot: swapfree cache dedf2
   Binder:1337_5-1772  [004] ....  2797.748141: do_swap_page: swapin tgid 1337 1772 "Binder:1337_5" 7e725ad000 dedf3 1 1
   Binder:1337_5-1772  [004] ....  2797.748144: do_swap_page: swapin tgid 1337 1772 "Binder:1337_5" 7f289d8000 f2dc8 1 1
   Binder:1337_5-1772  [004] d..2  2797.748146: free_swap_slot: swapfree cache f2dc8
   Binder:1337_5-1772  [004] ....  2797.748373: do_swap_page: swapin tgid 1337 1772 "Binder:1337_5" 7ed0ece000 f2d26 1 1
   Binder:1337_5-1772  [004] d..2  2797.748376: free_swap_slot: swapfree cache f2d26
   Binder:1337_5-1772  [004] d..2  2797.748400: free_swap_slot: swapfree cache f6d24
   Binder:1337_5-1772  [004] ....  2797.748406: do_swap_page: swapin tgid 1337 1772 "Binder:1337_5" 7e6f52c000 dad5d 1 1
   Binder:1337_5-1772  [004] ....  2797.748410: do_swap_page: swapin tgid 1337 1772 "Binder:1337_5" 7fbe24f000 fed77 1 1
   Binder:1337_5-1772  [004] d..2  2797.748412: free_swap_slot: swapfree cache dad5d
   Binder:1337_5-1772  [004] ....  2797.748413: do_swap_page: swapin tgid 1337 1772 "Binder:1337_5" 7e6f52d000 dad5e 1 1
   Binder:1337_5-1772  [004] d..2  2797.748415: free_swap_slot: swapfree cache dad5e
   Binder:1337_5-1772  [004] ....  2797.748419: do_swap_page: swapin tgid 1337 1772 "Binder:1337_5" 7e725aa000 dedf0 1 1
   Binder:1337_5-1772  [004] ....  2797.748423: do_swap_page: swapin tgid 1337 1772 "Binder:1337_5" 13760000 a2da0 1 1
   Binder:1337_5-1772  [004] ....  2797.748431: do_swap_page: swapin tgid 1337 1772 "Binder:1337_5" 13e9b000 aade5 1 1
   Binder:1337_5-1772  [004] ....  2797.748435: do_swap_page: swapin tgid 1337 1772 "Binder:1337_5" 138f1000 a2def 1 1
   Binder:1337_5-1772  [004] d..2  2797.748438: swapcache_free_entries: swapfree direct 132de8
   Binder:1337_5-1772  [004] d..3  2797.748438: swapcache_free_entries: swapfree direct 132de7
   Binder:1337_5-1772  [004] d..3  2797.748439: swapcache_free_entries: swapfree direct 132ddc
   Binder:1337_5-1772  [004] d..3  2797.748439: swapcache_free_entries: swapfree direct e2da5
   Binder:1337_5-1772  [004] d..3  2797.748440: swapcache_free_entries: swapfree direct f6d84
   Binder:1337_5-1772  [004] d..3  2797.748440: swapcache_free_entries: swapfree direct 12adca
   Binder:1337_5-1772  [004] d..3  2797.748441: swapcache_free_entries: swapfree direct 12adc4
   Binder:1337_5-1772  [004] d..3  2797.748441: swapcache_free_entries: swapfree direct 12ade0
   Binder:1337_5-1772  [004] d..3  2797.748442: swapcache_free_entries: swapfree direct 12addc
   Binder:1337_5-1772  [004] d..3  2797.748443: swapcache_free_entries: swapfree direct 12ed6d
   Binder:1337_5-1772  [004] d..3  2797.748443: swapcache_free_entries: swapfree direct 132d81
   Binder:1337_5-1772  [004] d..3  2797.748444: swapcache_free_entries: swapfree direct 132d87
   Binder:1337_5-1772  [004] d..3  2797.748445: swapcache_free_entries: swapfree direct f6dee
   Binder:1337_5-1772  [004] d..3  2797.748445: swapcache_free_entries: swapfree direct ead40
   Binder:1337_5-1772  [004] d..3  2797.748446: swapcache_free_entries: swapfree direct ead89
   Binder:1337_5-1772  [004] d..3  2797.748447: swapcache_free_entries: swapfree direct e2da4
   Binder:1337_5-1772  [004] d..3  2797.748448: swapcache_free_entries: swapfree direct 12adc6
   Binder:1337_5-1772  [004] d..3  2797.748448: swapcache_free_entries: swapfree direct 132d80
   Binder:1337_5-1772  [004] d..3  2797.748449: swapcache_free_entries: swapfree direct 11ad38
   Binder:1337_5-1772  [004] d..3  2797.748450: swapcache_free_entries: swapfree direct 11ad83
   Binder:1337_5-1772  [004] d..3  2797.748450: swapcache_free_entries: swapfree direct 122d7c
   Binder:1337_5-1772  [004] d..3  2797.748451: swapcache_free_entries: swapfree direct 122d7b
   Binder:1337_5-1772  [004] d..3  2797.748451: swapcache_free_entries: swapfree direct 122de0
   Binder:1337_5-1772  [004] d..3  2797.748452: swapcache_free_entries: swapfree direct 11ad91
   Binder:1337_5-1772  [004] d..3  2797.748452: swapcache_free_entries: swapfree direct 11ad86
   Binder:1337_5-1772  [004] d..3  2797.748453: swapcache_free_entries: swapfree direct 11ad82
   Binder:1337_5-1772  [004] d..3  2797.748453: swapcache_free_entries: swapfree direct 12adeb
   Binder:1337_5-1772  [004] d..3  2797.748453: swapcache_free_entries: swapfree direct 12ade7
   Binder:1337_5-1772  [004] d..3  2797.748454: swapcache_free_entries: swapfree direct 12ed4b
   Binder:1337_5-1772  [004] d..3  2797.748455: swapcache_free_entries: swapfree direct 12ed28
   Binder:1337_5-1772  [004] d..3  2797.748455: swapcache_free_entries: swapfree direct 126da9
   Binder:1337_5-1772  [004] d..3  2797.748456: swapcache_free_entries: swapfree direct fedd2
   Binder:1337_5-1772  [004] d..3  2797.748457: swapcache_free_entries: swapfree direct 10ed43
   Binder:1337_5-1772  [004] d..3  2797.748457: swapcache_free_entries: swapfree direct 11ad9f
   Binder:1337_5-1772  [004] d..3  2797.748458: swapcache_free_entries: swapfree direct 122d37
   Binder:1337_5-1772  [004] d..3  2797.748458: swapcache_free_entries: swapfree direct 11ada0
   Binder:1337_5-1772  [004] d..3  2797.748459: swapcache_free_entries: swapfree direct 132d8b
   Binder:1337_5-1772  [004] d..3  2797.748459: swapcache_free_entries: swapfree direct 12edca
   Binder:1337_5-1772  [004] d..3  2797.748460: swapcache_free_entries: swapfree direct 12edbd
   Binder:1337_5-1772  [004] d..3  2797.748460: swapcache_free_entries: swapfree direct 12ed83
   Binder:1337_5-1772  [004] d..3  2797.748461: swapcache_free_entries: swapfree direct 12ede9
   Binder:1337_5-1772  [004] d..3  2797.748461: swapcache_free_entries: swapfree direct 12ede7
   Binder:1337_5-1772  [004] d..3  2797.748462: swapcache_free_entries: swapfree direct f2da7
   Binder:1337_5-1772  [004] d..3  2797.748462: swapcache_free_entries: swapfree direct 12add3
   Binder:1337_5-1772  [004] d..3  2797.748463: swapcache_free_entries: swapfree direct 12adec
   Binder:1337_5-1772  [004] d..3  2797.748463: swapcache_free_entries: swapfree direct 12ade9
   Binder:1337_5-1772  [004] d..3  2797.748464: swapcache_free_entries: swapfree direct 132d5d
   Binder:1337_5-1772  [004] d..3  2797.748465: swapcache_free_entries: swapfree direct 12ede4
   Binder:1337_5-1772  [004] d..3  2797.748465: swapcache_free_entries: swapfree direct 132d82
   Binder:1337_5-1772  [004] d..3  2797.748465: swapcache_free_entries: swapfree direct 132d7d
   Binder:1337_5-1772  [004] d..3  2797.748466: swapcache_free_entries: swapfree direct 12adc5
   Binder:1337_5-1772  [004] d..3  2797.748467: swapcache_free_entries: swapfree direct 12add5
   Binder:1337_5-1772  [004] d..3  2797.748467: swapcache_free_entries: swapfree direct 12adea
   Binder:1337_5-1772  [004] d..3  2797.748468: swapcache_free_entries: swapfree direct 132d8c
   Binder:1337_5-1772  [004] d..3  2797.748468: swapcache_free_entries: swapfree direct 11adc4
   Binder:1337_5-1772  [004] d..3  2797.748468: swapcache_free_entries: swapfree direct 11ad9e
   Binder:1337_5-1772  [004] d..3  2797.748469: swapcache_free_entries: swapfree direct 11ad9d
   Binder:1337_5-1772  [004] d..3  2797.748469: swapcache_free_entries: swapfree direct f2dc0
   Binder:1337_5-1772  [004] d..3  2797.748470: swapcache_free_entries: swapfree direct dedf2
   Binder:1337_5-1772  [004] d..3  2797.748471: swapcache_free_entries: swapfree direct f2dc8
   Binder:1337_5-1772  [004] d..3  2797.748471: swapcache_free_entries: swapfree direct f2d26
   Binder:1337_5-1772  [004] d..3  2797.748472: swapcache_free_entries: swapfree direct f6d24
   Binder:1337_5-1772  [004] d..3  2797.748473: swapcache_free_entries: swapfree direct dad5d
   Binder:1337_5-1772  [004] d..3  2797.748473: swapcache_free_entries: swapfree direct dad5e
   Binder:1337_5-1772  [004] d..2  2797.748473: free_swap_slot: swapfree cache fed77
   Binder:1337_5-1772  [004] ....  2797.748481: do_swap_page: swapin tgid 1337 1772 "Binder:1337_5" 7e725ab000 dedf1 1 1
   Binder:1337_5-1772  [004] d..2  2797.748483: free_swap_slot: swapfree cache dedf1
   Binder:1337_5-1772  [004] d..2  2797.748498: free_swap_slot: swapfree cache a2def
   Binder:1337_5-1772  [004] ....  2797.748512: do_swap_page: swapin tgid 1337 1772 "Binder:1337_5" 7e6f554000 dad6a 1 1
   Binder:1337_5-1772  [004] ....  2797.748516: do_swap_page: swapin tgid 1337 1772 "Binder:1337_5" 7e6f555000 dad6b 1 1
   Binder:1337_5-1772  [004] d..2  2797.748518: free_swap_slot: swapfree cache dad6a
   Binder:1337_5-1772  [004] ....  2797.748522: do_swap_page: swapin tgid 1337 1772 "Binder:1337_5" 7f2d718000 f6dd0 1 1
   Binder:1337_5-1772  [004] d..2  2797.748523: free_swap_slot: swapfree cache f6dd0
   Binder:1337_5-1772  [004] d..2  2797.748526: free_swap_slot: swapfree cache dad6b
   Binder:1337_5-1772  [004] ....  2797.748533: do_swap_page: swapin tgid 1337 1772 "Binder:1337_5" 7e725a9000 1a28a2 0 1
  Binder:1337_15-13025 [004] ....  2797.748567: do_swap_page: swapin tgid 1337 13025 "Binder:1337_15" 9e9dd000 15a899 1 1
  Binder:1337_15-13025 [004] ....  2797.748578: do_swap_page: swapin tgid 1337 13025 "Binder:1337_15" 7f20e88000 1d68cd 0 1
           <...>-2197  [004] ....  2797.748598: do_swap_page: swapin tgid 1719 2197 "Binder:1719_4" 7fb9cfd000 8e9b6 1 1
           <...>-2197  [004] ....  2797.748605: do_swap_page: swapin tgid 1719 2197 "Binder:1719_4" 7fbe2df000 12add6 1 1
           <...>-2197  [004] d..2  2797.748608: free_swap_slot: swapfree cache 12add6
           <...>-2197  [004] ....  2797.748612: do_swap_page: swapin tgid 1719 2197 "Binder:1719_4" 7fbe241000 92976 0 1
           <...>-2768  [004] ....  2797.748640: do_swap_page: swapin tgid 1818 2768 "Binder:1818_4" 7fbe241000 a691c 1 1
           <...>-2768  [004] ....  2797.748649: do_swap_page: swapin tgid 1818 2768 "Binder:1818_4" 7fbe1e9000 a29fd 0 1
   system_server-1337  [004] ....  2797.748674: do_swap_page: swapin tgid 1337 1337 "system_server" 9eb49000 162805 1 1
   system_server-1337  [004] ....  2797.748680: do_swap_page: swapin tgid 1337 1337 "system_server" 9eb7c000 162838 0 1
 m.android.phone-1855  [004] ....  2797.748726: do_swap_page: swapin tgid 1855 1855 "m.android.phone" 7f2d66e000 e6967 1 1
 m.android.phone-1855  [004] ....  2797.748732: do_swap_page: swapin tgid 1855 1855 "m.android.phone" 7f2d669000 e6962 0 1
           <...>-1934  [004] ....  2797.748767: do_swap_page: swapin tgid 1915 1934 "Binder:1915_2" 7fbe241000 10293b 1 1
           <...>-1934  [004] ....  2797.748802: do_swap_page: swapin tgid 1915 1934 "Binder:1915_2" 7fbe1e9000 10291e 0 1
  Binder:1337_15-13025 [004] ....  2797.748850: do_swap_page: swapin tgid 1337 13025 "Binder:1337_15" 7f20e88000 1d68cd 1 1
  Binder:1337_15-13025 [004] ....  2797.748892: do_swap_page: swapin tgid 1337 13025 "Binder:1337_15" 13774000 a2db4 1 1
  Binder:1337_15-13025 [004] ....  2797.748904: do_swap_page: swapin tgid 1337 13025 "Binder:1337_15" 7e6fdbe000 ded3f 1 1
  Binder:1337_15-13025 [004] d..2  2797.748965: free_swap_slot: swapfree cache b2da7
  Binder:1337_15-13025 [004] ....  2797.748975: do_swap_page: swapin tgid 1337 13025 "Binder:1337_15" 9ebfb000 eec18 0 1
           <...>-1636  [004] ....  2797.749042: do_swap_page: swapin tgid 1616 1636 "Binder:1616_1" 13858000 106dcd 1 1
           <...>-1636  [004] ....  2797.749052: do_swap_page: swapin tgid 1616 1636 "Binder:1616_1" 9e908000 129f5 0 1
   system_server-1337  [004] ....  2797.749087: do_swap_page: swapin tgid 1337 1337 "system_server" 9eb7c000 162838 1 1
   system_server-1337  [004] ....  2797.749093: do_swap_page: swapin tgid 1337 1337 "system_server" 9eb6d000 162829 0 1
           <...>-2768  [004] ....  2797.749121: do_swap_page: swapin tgid 1818 2768 "Binder:1818_4" 7fbe1e9000 a29fd 1 1
           <...>-2768  [004] ....  2797.749130: do_swap_page: swapin tgid 1818 2768 "Binder:1818_4" 7f393e0000 a2938 0 1
           <...>-2197  [004] ....  2797.749181: do_swap_page: swapin tgid 1719 2197 "Binder:1719_4" 7fbe241000 92976 1 1
           <...>-2197  [004] ....  2797.749190: do_swap_page: swapin tgid 1719 2197 "Binder:1719_4" 7fbe1e9000 92957 0 1
   Binder:1337_5-1772  [004] ....  2797.749259: do_swap_page: swapin tgid 1337 1772 "Binder:1337_5" 7e725a9000 1a28a2 1 1
   Binder:1337_5-1772  [004] ....  2797.749281: do_swap_page: swapin tgid 1337 1772 "Binder:1337_5" 138f0000 a2dee 1 1
   Binder:1337_5-1772  [004] ....  2797.749345: do_swap_page: swapin tgid 1337 1772 "Binder:1337_5" 7ed0dc2000 eed8b 1 1
   Binder:1337_5-1772  [004] d..2  2797.749348: free_swap_slot: swapfree cache eed8b
   Binder:1337_5-1772  [004] ....  2797.749360: do_swap_page: swapin tgid 1337 1772 "Binder:1337_5" 7f2898b000 f2dba 1 1
   Binder:1337_5-1772  [004] d..2  2797.749363: free_swap_slot: swapfree cache f2dba
   Binder:1337_5-1772  [004] ....  2797.749397: do_swap_page: swapin tgid 1337 1772 "Binder:1337_5" 7e7c02c000 e2d47 1 1
 m.android.phone-1855  [004] ....  2797.749412: do_swap_page: swapin tgid 1855 1855 "m.android.phone" 7f2d669000 e6962 1 1
 m.android.phone-1855  [004] ....  2797.749419: do_swap_page: swapin tgid 1855 1855 "m.android.phone" 7f28abc000 12ede6 1 1
 m.android.phone-1855  [004] d..2  2797.749420: free_swap_slot: swapfree cache 12ede6
 m.android.phone-1855  [004] ....  2797.749463: do_swap_page: swapin tgid 1855 1855 "m.android.phone" 7f28b4b000 12edeb 1 1
 m.android.phone-1855  [004] d..2  2797.749482: free_swap_slot: swapfree cache 12edeb
   system_server-1337  [004] ....  2797.749505: do_swap_page: swapin tgid 1337 1337 "system_server" 9eb6d000 162829 1 1
   system_server-1337  [004] d..2  2797.749526: free_swap_slot: swapfree cache a2d3d
           <...>-1512  [004] ....  2797.749559: do_swap_page: swapin tgid 1337 1512 "AudioService" 7eb4215000 e6d03 1 1
           <...>-1512  [004] d..2  2797.749564: free_swap_slot: swapfree cache e6d03
           <...>-1512  [004] ....  2797.749596: do_swap_page: swapin tgid 1337 1512 "AudioService" 72959000 cad46 1 1
           <...>-1512  [004] d..2  2797.749600: free_swap_slot: swapfree cache cad46
 ScreenDecoratio-2204  [004] ....  2797.749681: do_swap_page: swapin tgid 1616 2204 "ScreenDecoratio" 13f4c000 10ed3f 1 1
 ScreenDecoratio-2204  [004] ....  2797.749689: do_swap_page: swapin tgid 1616 2204 "ScreenDecoratio" 13e4d000 10ad59 1 1
 ScreenDecoratio-2204  [004] d..2  2797.749697: free_swap_slot: swapfree cache 10ed3f
           <...>-14428 [004] d..2  2797.749734: free_swap_slot: swapfree cache e6d60
           <...>-14428 [004] ....  2797.749742: do_swap_page: swapin tgid 1337 14428 "Binder:1337_16" 7e6a851000 dad3c 1 1
           <...>-14428 [004] d..2  2797.749743: free_swap_slot: swapfree cache dad3c
           <...>-14428 [004] ....  2797.749746: do_swap_page: swapin tgid 1337 14428 "Binder:1337_16" 7e6a852000 dad3d 1 1
           <...>-14428 [004] ....  2797.749753: do_swap_page: swapin tgid 1337 14428 "Binder:1337_16" 7eb4271000 e6d26 1 1
           <...>-14428 [004] ....  2797.749756: do_swap_page: swapin tgid 1337 14428 "Binder:1337_16" 7eb43b7000 e6d58 1 1
           <...>-14428 [004] d..2  2797.749757: free_swap_slot: swapfree cache e6d58
           <...>-14428 [004] d..2  2797.749759: free_swap_slot: swapfree cache e6d26
           <...>-14428 [004] ....  2797.749762: do_swap_page: swapin tgid 1337 14428 "Binder:1337_16" 7eb41a8000 e2df2 1 1
           <...>-14428 [004] ....  2797.749765: do_swap_page: swapin tgid 1337 14428 "Binder:1337_16" 7f2d6bc000 f6db0 1 1
           <...>-14428 [004] d..2  2797.749767: free_swap_slot: swapfree cache e2df2
           <...>-14428 [004] ....  2797.749769: do_swap_page: swapin tgid 1337 14428 "Binder:1337_16" 7eb41a9000 e2df3 1 1
           <...>-14428 [004] d..2  2797.749770: free_swap_slot: swapfree cache e2df3
           <...>-14428 [004] ....  2797.749774: do_swap_page: swapin tgid 1337 14428 "Binder:1337_16" 7e6a84f000 dad3a 1 1
           <...>-14428 [004] ....  2797.749778: do_swap_page: swapin tgid 1337 14428 "Binder:1337_16" 1450e000 badd5 1 1
           <...>-14428 [004] d..2  2797.749781: free_swap_slot: swapfree cache f6db0
           <...>-14428 [004] ....  2797.749790: do_swap_page: swapin tgid 1337 14428 "Binder:1337_16" 7e6a850000 dad3b 1 1
           <...>-14428 [004] d..2  2797.749791: free_swap_slot: swapfree cache dad3b
           <...>-14428 [004] d..2  2797.749801: free_swap_slot: swapfree cache badd5
           <...>-14428 [004] ....  2797.749813: do_swap_page: swapin tgid 1337 14428 "Binder:1337_16" 7e5bc14000 d2d39 1 1
           <...>-14428 [004] ....  2797.749818: do_swap_page: swapin tgid 1337 14428 "Binder:1337_16" 7eb43e1000 e6d69 1 1
           <...>-14428 [004] d..2  2797.749820: free_swap_slot: swapfree cache e6d69
           <...>-14428 [004] ....  2797.749823: do_swap_page: swapin tgid 1337 14428 "Binder:1337_16" 7f2d719000 f6dd1 1 1
           <...>-14428 [004] d..2  2797.749824: free_swap_slot: swapfree cache f6dd1
           <...>-14428 [004] ....  2797.749828: do_swap_page: swapin tgid 1337 14428 "Binder:1337_16" 7f2d80a000 fad0f 1 1
           <...>-14428 [004] d..2  2797.749834: free_swap_slot: swapfree cache fad0f
           <...>-14428 [004] d..2  2797.749836: free_swap_slot: swapfree cache d2d39
           <...>-14428 [004] ....  2797.749857: do_swap_page: swapin tgid 1337 14428 "Binder:1337_16" 7eb43ec000 e6d70 1 1
           <...>-14428 [004] d..2  2797.749859: free_swap_slot: swapfree cache e6d70
           <...>-14428 [004] ....  2797.749867: do_swap_page: swapin tgid 1337 14428 "Binder:1337_16" 7e6fedb000 ded95 1 1
           <...>-14428 [004] d..2  2797.749869: free_swap_slot: swapfree cache ded95
           <...>-14428 [004] ....  2797.749874: do_swap_page: swapin tgid 1337 14428 "Binder:1337_16" 7f2d743000 f6dda 1 1
           <...>-14428 [004] d..2  2797.749875: free_swap_slot: swapfree cache f6dda
           <...>-14428 [004] ....  2797.749880: do_swap_page: swapin tgid 1337 14428 "Binder:1337_16" 7f2d6b8000 f6dac 1 1
           <...>-14428 [004] d..2  2797.749882: free_swap_slot: swapfree cache f6dac
           <...>-14428 [004] ....  2797.749894: do_swap_page: swapin tgid 1337 14428 "Binder:1337_16" 7e6fe2a000 ded5a 1 1
           <...>-14428 [004] d..2  2797.749897: free_swap_slot: swapfree cache ded5a
  Binder:1337_15-13025 [004] ....  2797.749921: do_swap_page: swapin tgid 1337 13025 "Binder:1337_15" 9ebfb000 eec18 1 1
  Binder:1337_15-13025 [004] ....  2797.749927: do_swap_page: swapin tgid 1337 13025 "Binder:1337_15" 9e88a000 ced06 1 1
  Binder:1337_15-13025 [004] ....  2797.749931: do_swap_page: swapin tgid 1337 13025 "Binder:1337_15" 9e9be000 15a87a 0 1
           <...>-1934  [004] ....  2797.749962: do_swap_page: swapin tgid 1915 1934 "Binder:1915_2" 7fbe1e9000 10291e 1 1
           <...>-1934  [004] ....  2797.749971: do_swap_page: swapin tgid 1915 1934 "Binder:1915_2" 7f393e0000 fe95f 0 1
           <...>-2768  [004] ....  2797.750004: do_swap_page: swapin tgid 1818 2768 "Binder:1818_4" 7f393e0000 a2938 1 1
           <...>-2768  [004] ....  2797.750012: do_swap_page: swapin tgid 1818 2768 "Binder:1818_4" 7fbe165000 a29d3 0 1
  Binder:1337_15-13025 [004] ....  2797.750137: do_swap_page: swapin tgid 1337 13025 "Binder:1337_15" 9e9be000 15a87a 1 1
  Binder:1337_15-13025 [004] ....  2797.750151: do_swap_page: swapin tgid 1337 13025 "Binder:1337_15" 9e9bf000 15a87b 0 1
           <...>-2197  [004] ....  2797.750179: do_swap_page: swapin tgid 1719 2197 "Binder:1719_4" 7fbe1e9000 92957 1 1
           <...>-2197  [004] ....  2797.750190: do_swap_page: swapin tgid 1719 2197 "Binder:1719_4" 7f393e0000 8e982 0 1
           <...>-1636  [004] ....  2797.750222: do_swap_page: swapin tgid 1616 1636 "Binder:1616_1" 9e908000 129f5 1 1
           <...>-1636  [004] ....  2797.750233: do_swap_page: swapin tgid 1616 1636 "Binder:1616_1" 13693000 106d56 1 1
           <...>-1636  [004] ....  2797.750237: do_swap_page: swapin tgid 1616 1636 "Binder:1616_1" 9e900000 129ed 0 1
  Binder:1337_15-13025 [004] ....  2797.750287: do_swap_page: swapin tgid 1337 13025 "Binder:1337_15" 9e9bf000 15a87b 1 1
           <...>-1934  [004] ....  2797.750409: do_swap_page: swapin tgid 1915 1934 "Binder:1915_2" 7f393e0000 fe95f 1 1
           <...>-1934  [004] ....  2797.750418: do_swap_page: swapin tgid 1915 1934 "Binder:1915_2" 7fbe165000 fe9f3 0 1
  UiThreadHelper-2077  [004] ....  2797.750509: do_swap_page: swapin tgid 1995 2077 "UiThreadHelper" 7ec8ccd000 13edab 1 1
  UiThreadHelper-2077  [004] d..2  2797.750513: free_swap_slot: swapfree cache 13edab
           <...>-2197  [004] ....  2797.750588: do_swap_page: swapin tgid 1719 2197 "Binder:1719_4" 7f393e0000 8e982 1 1
           <...>-2197  [004] ....  2797.750598: do_swap_page: swapin tgid 1719 2197 "Binder:1719_4" 7fbe165000 92927 0 1
           <...>-2768  [004] ....  2797.750634: do_swap_page: swapin tgid 1818 2768 "Binder:1818_4" 7fbe165000 a29d3 1 1
           <...>-2768  [004] ....  2797.750643: do_swap_page: swapin tgid 1818 2768 "Binder:1818_4" 7f2db28000 12ade2 1 1
           <...>-2768  [004] ....  2797.750651: do_swap_page: swapin tgid 1818 2768 "Binder:1818_4" 7fbaa87000 a2968 0 1
           <...>-1636  [004] ....  2797.750677: do_swap_page: swapin tgid 1616 1636 "Binder:1616_1" 9e900000 129ed 1 1
           <...>-1636  [004] ....  2797.750685: do_swap_page: swapin tgid 1616 1636 "Binder:1616_1" 9eab3000 1a9a0 0 1
           <...>-1934  [004] ....  2797.750751: do_swap_page: swapin tgid 1915 1934 "Binder:1915_2" 7fbe165000 fe9f3 1 1
           <...>-1934  [004] ....  2797.750778: do_swap_page: swapin tgid 1915 1934 "Binder:1915_2" 7f2d651000 132d7f 1 1
           <...>-1934  [004] ....  2797.750783: do_swap_page: swapin tgid 1915 1934 "Binder:1915_2" 7fbaa87000 fe991 0 1
 ScreenDecoratio-2204  [004] ....  2797.750861: do_swap_page: swapin tgid 1616 2204 "ScreenDecoratio" 13e4b000 10ad57 1 1
 ScreenDecoratio-2204  [004] ....  2797.750866: do_swap_page: swapin tgid 1616 2204 "ScreenDecoratio" 9eab6000 1a9a3 0 1
 m.android.phone-1855  [004] ....  2797.750987: do_swap_page: swapin tgid 1855 1855 "m.android.phone" 7fbe1fb000 ee9b0 0 1
           <...>-2197  [004] ....  2797.751042: do_swap_page: swapin tgid 1719 2197 "Binder:1719_4" 7fbe165000 92927 1 1
           <...>-2197  [004] ....  2797.751049: do_swap_page: swapin tgid 1719 2197 "Binder:1719_4" 7f28d16000 12adcb 1 1
           <...>-2197  [004] ....  2797.751054: do_swap_page: swapin tgid 1719 2197 "Binder:1719_4" 7fbaa87000 8e9ba 0 1
           <...>-1636  [004] ....  2797.751087: do_swap_page: swapin tgid 1616 1636 "Binder:1616_1" 9eab3000 1a9a0 1 1
           <...>-1636  [004] ....  2797.751098: do_swap_page: swapin tgid 1616 1636 "Binder:1616_1" 9e919000 112db0 1 1
           <...>-1636  [004] ....  2797.751101: do_swap_page: swapin tgid 1616 1636 "Binder:1616_1" 9e987000 116d1e 1 1
           <...>-1636  [004] ....  2797.751198: do_swap_page: swapin tgid 1616 1636 "Binder:1616_1" 9e91c000 112db3 1 1
 m.android.phone-1855  [004] ....  2797.751226: do_swap_page: swapin tgid 1855 1855 "m.android.phone" 7fbe1fb000 ee9b0 1 1
 m.android.phone-1855  [004] ....  2797.751236: do_swap_page: swapin tgid 1855 1855 "m.android.phone" 7ed1bf7000 12eddd 1 1
 m.android.phone-1855  [004] d..2  2797.751239: free_swap_slot: swapfree cache 12eddd
 m.android.phone-1855  [004] ....  2797.751251: do_swap_page: swapin tgid 1855 1855 "m.android.phone" 725cf000 ce932 0 1
           <...>-2768  [004] ....  2797.751281: do_swap_page: swapin tgid 1818 2768 "Binder:1818_4" 7fbaa87000 a2968 1 1
           <...>-2768  [004] ....  2797.751290: do_swap_page: swapin tgid 1818 2768 "Binder:1818_4" 7fbb5b1000 a2974 0 1
           <...>-1934  [004] ....  2797.751323: do_swap_page: swapin tgid 1915 1934 "Binder:1915_2" 7fbaa87000 fe991 1 1
           <...>-1934  [004] ....  2797.751331: do_swap_page: swapin tgid 1915 1934 "Binder:1915_2" 7fbb5b1000 fe99d 0 1
           <...>-2197  [004] ....  2797.751356: do_swap_page: swapin tgid 1719 2197 "Binder:1719_4" 7fbaa87000 8e9ba 1 1
           <...>-2197  [004] ....  2797.751364: do_swap_page: swapin tgid 1719 2197 "Binder:1719_4" 7fbb5b1000 8e9c9 0 1
 ScreenDecoratio-2204  [004] ....  2797.751395: do_swap_page: swapin tgid 1616 2204 "ScreenDecoratio" 9eab6000 1a9a3 1 1
 ScreenDecoratio-2204  [004] ....  2797.751433: do_swap_page: swapin tgid 1616 2204 "ScreenDecoratio" 9e9f5000 169e2 0 1
 m.android.phone-1855  [004] ....  2797.751477: do_swap_page: swapin tgid 1855 1855 "m.android.phone" 725cf000 ce932 1 1
 m.android.phone-1855  [004] ....  2797.751486: do_swap_page: swapin tgid 1855 1855 "m.android.phone" 14606000 ca965 0 1
           <...>-2768  [004] ....  2797.751530: do_swap_page: swapin tgid 1818 2768 "Binder:1818_4" 7fbb5b1000 a2974 1 1
           <...>-2768  [004] ....  2797.751537: do_swap_page: swapin tgid 1818 2768 "Binder:1818_4" 7f28b19000 12addd 1 1
           <...>-2768  [004] d..2  2797.751541: free_swap_slot: swapfree cache 12ade2
           <...>-2768  [004] ....  2797.751543: do_swap_page: swapin tgid 1818 2768 "Binder:1818_4" 7f393de000 ae769 1 15
           <...>-2768  [004] ....  2797.751547: do_swap_page: swapin tgid 1818 2768 "Binder:1818_4" 7fbe23c000 a691b 0 1
           <...>-1934  [004] ....  2797.751596: do_swap_page: swapin tgid 1915 1934 "Binder:1915_2" 7fbb5b1000 fe99d 1 1
           <...>-1934  [004] ....  2797.751602: do_swap_page: swapin tgid 1915 1934 "Binder:1915_2" 7f2d61a000 132d7e 1 1
           <...>-1934  [004] d..2  2797.751632: free_swap_slot: swapfree cache 132d7f
           <...>-1934  [004] ....  2797.751634: do_swap_page: swapin tgid 1915 1934 "Binder:1915_2" 7f393de000 ae769 1 14
           <...>-1934  [004] ....  2797.751637: do_swap_page: swapin tgid 1915 1934 "Binder:1915_2" 7fbe23c000 10293a 0 1
 m.android.phone-1855  [004] ....  2797.751662: do_swap_page: swapin tgid 1855 1855 "m.android.phone" 14606000 ca965 1 1
 m.android.phone-1855  [004] ....  2797.751692: do_swap_page: swapin tgid 1855 1855 "m.android.phone" 7fbe167000 142c62 0 1
           <...>-2197  [004] ....  2797.751718: do_swap_page: swapin tgid 1719 2197 "Binder:1719_4" 7fbb5b1000 8e9c9 1 1
           <...>-2197  [004] ....  2797.751724: do_swap_page: swapin tgid 1719 2197 "Binder:1719_4" 7f28b19000 12adc7 1 1
           <...>-2197  [004] d..2  2797.751730: free_swap_slot: swapfree cache 12adcb
           <...>-2197  [004] ....  2797.751732: do_swap_page: swapin tgid 1719 2197 "Binder:1719_4" 7f393de000 ae769 1 13
           <...>-2197  [004] ....  2797.751734: do_swap_page: swapin tgid 1719 2197 "Binder:1719_4" 7fbe23c000 92975 0 1
           <...>-2768  [004] ....  2797.751785: do_swap_page: swapin tgid 1818 2768 "Binder:1818_4" 7fbe23c000 a691b 1 1
           <...>-2768  [004] ....  2797.751793: do_swap_page: swapin tgid 1818 2768 "Binder:1818_4" 7f3192b000 a292b 0 1
           <...>-1934  [004] ....  2797.751818: do_swap_page: swapin tgid 1915 1934 "Binder:1915_2" 7fbe23c000 10293a 1 1
           <...>-1934  [004] ....  2797.751826: do_swap_page: swapin tgid 1915 1934 "Binder:1915_2" 7f3192b000 fe950 0 1
 ScreenDecoratio-2204  [004] ....  2797.751870: do_swap_page: swapin tgid 1616 2204 "ScreenDecoratio" 9e9f5000 169e2 1 1
 ScreenDecoratio-2204  [004] ....  2797.751878: do_swap_page: swapin tgid 1616 2204 "ScreenDecoratio" 13d99000 10ad30 1 1
 m.android.phone-1855  [004] ....  2797.752037: do_swap_page: swapin tgid 1855 1855 "m.android.phone" 7fbe167000 142c62 1 1
      android.bg-1366  [004] ....  2797.752085: do_swap_page: swapin tgid 1337 1366 "android.bg" 13748000 a2d8a 1 1
      android.bg-1366  [004] d..2  2797.752105: free_swap_slot: swapfree cache a2d22
           <...>-2768  [004] ....  2797.752131: do_swap_page: swapin tgid 1818 2768 "Binder:1818_4" 7f3192b000 a292b 1 1
           <...>-2768  [004] ....  2797.752142: do_swap_page: swapin tgid 1818 2768 "Binder:1818_4" 132c3000 9a990 0 1
           <...>-2197  [004] ....  2797.752241: do_swap_page: swapin tgid 1719 2197 "Binder:1719_4" 7fbe23c000 92975 1 1
           <...>-2197  [004] ....  2797.752275: do_swap_page: swapin tgid 1719 2197 "Binder:1719_4" 7f28d17000 12adcc 1 1
           <...>-2197  [004] d..2  2797.752277: free_swap_slot: swapfree cache 12adcc
           <...>-2197  [004] ....  2797.752282: do_swap_page: swapin tgid 1719 2197 "Binder:1719_4" 7f3192b000 8e974 0 1
           <...>-1934  [004] ....  2797.752315: do_swap_page: swapin tgid 1915 1934 "Binder:1915_2" 7f3192b000 fe950 1 1
           <...>-1934  [004] ....  2797.752326: do_swap_page: swapin tgid 1915 1934 "Binder:1915_2" 13788000 f6902 0 1
 m.android.phone-1855  [004] ....  2797.752368: do_swap_page: swapin tgid 1855 1855 "m.android.phone" 1469d000 13ecda 0 1
 ScreenDecoratio-2204  [004] ....  2797.752446: do_swap_page: swapin tgid 1616 2204 "ScreenDecoratio" 13f69000 10ed5a 1 1
           <...>-2768  [004] ....  2797.752480: do_swap_page: swapin tgid 1818 2768 "Binder:1818_4" 132c3000 9a990 1 1
           <...>-2768  [004] ....  2797.752512: do_swap_page: swapin tgid 1818 2768 "Binder:1818_4" 7fbe286000 b6753 1 16
           <...>-2768  [004] ....  2797.752515: do_swap_page: swapin tgid 1818 2768 "Binder:1818_4" 7fbe285000 b6752 1 16
           <...>-2768  [004] ....  2797.752518: do_swap_page: swapin tgid 1818 2768 "Binder:1818_4" 7f393df000 a2937 0 1
           <...>-1934  [004] ....  2797.752550: do_swap_page: swapin tgid 1915 1934 "Binder:1915_2" 13788000 f6902 1 1
           <...>-1934  [004] ....  2797.752560: do_swap_page: swapin tgid 1915 1934 "Binder:1915_2" 7fbe286000 b6753 1 15
           <...>-1934  [004] ....  2797.752563: do_swap_page: swapin tgid 1915 1934 "Binder:1915_2" 7fbe285000 b6752 1 15
           <...>-1934  [004] ....  2797.752566: do_swap_page: swapin tgid 1915 1934 "Binder:1915_2" 7f393df000 fe95e 0 1
           <...>-2197  [004] ....  2797.752611: do_swap_page: swapin tgid 1719 2197 "Binder:1719_4" 7f3192b000 8e974 1 1
           <...>-2197  [004] ....  2797.752623: do_swap_page: swapin tgid 1719 2197 "Binder:1719_4" 13405000 829b6 0 1
 m.android.phone-1855  [004] ....  2797.752784: do_swap_page: swapin tgid 1855 1855 "m.android.phone" 1469d000 13ecda 1 1
 m.android.phone-1855  [004] ....  2797.752791: do_swap_page: swapin tgid 1855 1855 "m.android.phone" 1469e000 ca9fd 0 1
           <...>-1934  [004] ....  2797.752832: do_swap_page: swapin tgid 1915 1934 "Binder:1915_2" 7f393df000 fe95e 1 1
           <...>-1934  [004] ....  2797.752838: do_swap_page: swapin tgid 1915 1934 "Binder:1915_2" 7fbe1f8000 102922 0 1
           <...>-1995  [004] ....  2797.752863: do_swap_page: swapin tgid 1995 1995 "droid.launcher3" 9e844000 1129fa 1 1
           <...>-1995  [004] ....  2797.752887: do_swap_page: swapin tgid 1995 1995 "droid.launcher3" 9e84c000 116902 0 1
           <...>-1358  [004] ....  2797.752977: do_swap_page: swapin tgid 1337 1358 "android.ui" 9eb28000 15e8e4 0 1
           <...>-2768  [004] ....  2797.753025: do_swap_page: swapin tgid 1818 2768 "Binder:1818_4" 7f393df000 a2937 1 1
           <...>-2768  [004] ....  2797.753031: do_swap_page: swapin tgid 1818 2768 "Binder:1818_4" 7fbe1f8000 a6901 0 1
           <...>-1995  [004] ....  2797.753090: do_swap_page: swapin tgid 1995 1995 "droid.launcher3" 9e84c000 116902 1 1
           <...>-1995  [004] ....  2797.753096: do_swap_page: swapin tgid 1995 1995 "droid.launcher3" 9e942000 1169f8 0 1
 m.android.phone-1855  [004] ....  2797.753121: do_swap_page: swapin tgid 1855 1855 "m.android.phone" 1469e000 ca9fd 1 1
 m.android.phone-1855  [004] ....  2797.753131: do_swap_page: swapin tgid 1855 1855 "m.android.phone" 12f80000 c29c0 0 1
 ScreenDecoratio-2204  [004] ....  2797.753222: do_swap_page: swapin tgid 1616 2204 "ScreenDecoratio" 9e8ba000 112d9a 1 1
 ScreenDecoratio-2204  [004] ....  2797.753250: do_swap_page: swapin tgid 1616 2204 "ScreenDecoratio" 9e98a000 16977 0 1
           <...>-1995  [004] ....  2797.753285: do_swap_page: swapin tgid 1995 1995 "droid.launcher3" 9e942000 1169f8 1 1
           <...>-1995  [004] ....  2797.753292: do_swap_page: swapin tgid 1995 1995 "droid.launcher3" 9e93c000 1169f2 0 1
           <...>-2197  [004] ....  2797.753341: do_swap_page: swapin tgid 1719 2197 "Binder:1719_4" 13405000 829b6 1 1
           <...>-2197  [004] ....  2797.753349: do_swap_page: swapin tgid 1719 2197 "Binder:1719_4" 7fbe286000 b6753 1 14
           <...>-2197  [004] ....  2797.753352: do_swap_page: swapin tgid 1719 2197 "Binder:1719_4" 7fbe285000 b6752 1 14
           <...>-2197  [004] ....  2797.753355: do_swap_page: swapin tgid 1719 2197 "Binder:1719_4" 7f393df000 8e981 0 1
           <...>-1934  [004] ....  2797.753405: do_swap_page: swapin tgid 1915 1934 "Binder:1915_2" 7fbe1f8000 102922 1 1
           <...>-1934  [004] ....  2797.753413: do_swap_page: swapin tgid 1915 1934 "Binder:1915_2" 7f2e031000 fe923 0 1
           <...>-1995  [004] ....  2797.753457: do_swap_page: swapin tgid 1995 1995 "droid.launcher3" 9e93c000 1169f2 1 1
           <...>-1995  [004] d..2  2797.753477: free_swap_slot: swapfree cache 14eda3
           <...>-1995  [004] ....  2797.753506: do_swap_page: swapin tgid 1995 1995 "droid.launcher3" 7ecdc8c000 146da6 1 1
           <...>-1995  [004] d..2  2797.753513: free_swap_slot: swapfree cache 146da6
           <...>-1995  [004] ....  2797.753517: do_swap_page: swapin tgid 1995 1995 "droid.launcher3" 9e845000 13ad92 1 1
           <...>-1995  [004] ....  2797.753576: do_swap_page: swapin tgid 1995 1995 "droid.launcher3" 9e84a000 13ad95 1 1
           <...>-1995  [004] ....  2797.753592: do_swap_page: swapin tgid 1995 1995 "droid.launcher3" 9e90c000 1169c2 0 1
           <...>-1358  [004] ....  2797.753620: do_swap_page: swapin tgid 1337 1358 "android.ui" 9eb28000 15e8e4 1 1
 m.android.phone-1855  [004] ....  2797.753651: do_swap_page: swapin tgid 1855 1855 "m.android.phone" 12f80000 c29c0 1 1
 m.android.phone-1855  [004] ....  2797.753679: do_swap_page: swapin tgid 1855 1855 "m.android.phone" 14601000 ca960 0 1
           <...>-1995  [004] ....  2797.753741: do_swap_page: swapin tgid 1995 1995 "droid.launcher3" 9e90c000 1169c2 1 1
           <...>-1995  [004] d..2  2797.753752: free_swap_slot: swapfree cache 146d94
           <...>-1995  [004] ....  2797.753760: do_swap_page: swapin tgid 1995 1995 "droid.launcher3" 7f28bc7000 14ad40 1 1
           <...>-1995  [004] ....  2797.753770: do_swap_page: swapin tgid 1995 1995 "droid.launcher3" 7ec8fb1000 142d16 1 1
           <...>-1995  [004] d..2  2797.753772: free_swap_slot: swapfree cache 142d16
           <...>-1995  [004] ....  2797.753773: do_swap_page: swapin tgid 1995 1995 "droid.launcher3" 7ec8fb0000 142d15 1 1
           <...>-1995  [004] d..2  2797.753775: free_swap_slot: swapfree cache 142d15
           <...>-1995  [004] d..2  2797.753778: free_swap_slot: swapfree cache 136d7e
           <...>-1995  [004] ....  2797.753783: do_swap_page: swapin tgid 1995 1995 "droid.launcher3" 9e892000 13adbb 1 1
           <...>-1995  [004] ....  2797.753785: do_swap_page: swapin tgid 1995 1995 "droid.launcher3" 9e8e8000 13add1 1 1
           <...>-1995  [004] ....  2797.753841: do_swap_page: swapin tgid 1995 1995 "droid.launcher3" 9e8e2000 13adcd 1 1
           <...>-1995  [004] d..2  2797.753861: free_swap_slot: swapfree cache 146d8d
           <...>-1995  [004] ....  2797.753870: do_swap_page: swapin tgid 1995 1995 "droid.launcher3" 9e7ea000 13ad5e 1 1
           <...>-1995  [004] ....  2797.753879: do_swap_page: swapin tgid 1995 1995 "droid.launcher3" 7ecdc8f000 146da8 1 1
           <...>-1995  [004] d..2  2797.753883: free_swap_slot: swapfree cache 146da8
           <...>-1995  [004] ....  2797.753887: do_swap_page: swapin tgid 1995 1995 "droid.launcher3" 7ecdc8d000 146da7 1 1
           <...>-1995  [004] d..2  2797.753889: free_swap_slot: swapfree cache 146da7
           <...>-1995  [004] ....  2797.753902: do_swap_page: swapin tgid 1995 1995 "droid.launcher3" 13cde000 136dd4 1 1
           <...>-1995  [004] d..2  2797.753908: free_swap_slot: swapfree cache 136dd4
           <...>-1995  [004] ....  2797.753913: do_swap_page: swapin tgid 1995 1995 "droid.launcher3" 132e2000 136d53 1 1
           <...>-1995  [004] d..2  2797.753916: free_swap_slot: swapfree cache 136dca
           <...>-1995  [004] ....  2797.753920: do_swap_page: swapin tgid 1995 1995 "droid.launcher3" 72808000 136dfc 1 1
           <...>-1995  [004] ....  2797.753930: do_swap_page: swapin tgid 1995 1995 "droid.launcher3" 13148000 132db3 1 1
           <...>-1995  [004] ....  2797.753935: do_swap_page: swapin tgid 1995 1995 "droid.launcher3" 13cdf000 136dd5 1 1
           <...>-1995  [004] d..2  2797.753937: free_swap_slot: swapfree cache 136dd5
           <...>-1995  [004] ....  2797.753939: do_swap_page: swapin tgid 1995 1995 "droid.launcher3" 13cea000 136de0 1 1
           <...>-1995  [004] ....  2797.753943: do_swap_page: swapin tgid 1995 1995 "droid.launcher3" 13ce0000 136dd6 1 1
           <...>-1995  [004] d..2  2797.753944: free_swap_slot: swapfree cache 136dd6
           <...>-1995  [004] ....  2797.753950: do_swap_page: swapin tgid 1995 1995 "droid.launcher3" 9e906000 1169bc 0 1
           <...>-2768  [004] ....  2797.753978: do_swap_page: swapin tgid 1818 2768 "Binder:1818_4" 7fbe1f8000 a6901 1 1
           <...>-2768  [004] ....  2797.753990: do_swap_page: swapin tgid 1818 2768 "Binder:1818_4" 12d80000 12add7 1 1
           <...>-2768  [004] d..2  2797.753996: free_swap_slot: swapfree cache 12addd
           <...>-2768  [004] ....  2797.753999: do_swap_page: swapin tgid 1818 2768 "Binder:1818_4" 7fbe24e000 a691f 0 1
           <...>-1358  [004] d..2  2797.754068: free_swap_slot: swapfree cache f6d7b
           <...>-1358  [004] d..2  2797.754077: free_swap_slot: swapfree cache b2d92
           <...>-1358  [004] ....  2797.754085: do_swap_page: swapin tgid 1337 1358 "android.ui" 9e9d0000 15a88c 0 1
           <...>-1995  [004] ....  2797.754127: do_swap_page: swapin tgid 1995 1995 "droid.launcher3" 9e906000 1169bc 1 1
           <...>-1995  [004] ....  2797.754142: do_swap_page: swapin tgid 1995 1995 "droid.launcher3" 9e7f2000 1129a8 0 1
           <...>-2197  [004] ....  2797.754175: do_swap_page: swapin tgid 1719 2197 "Binder:1719_4" 7f393df000 8e981 1 1
           <...>-2197  [004] ....  2797.754181: do_swap_page: swapin tgid 1719 2197 "Binder:1719_4" 7fbe1f8000 9295c 0 1
           <...>-1934  [004] ....  2797.754230: do_swap_page: swapin tgid 1915 1934 "Binder:1915_2" 7f2e031000 fe923 1 1
           <...>-1934  [004] ....  2797.754240: do_swap_page: swapin tgid 1915 1934 "Binder:1915_2" 13780000 f29fa 0 1
           <...>-1995  [004] ....  2797.754285: do_swap_page: swapin tgid 1995 1995 "droid.launcher3" 9e7f2000 1129a8 1 1
           <...>-1995  [004] d..2  2797.754292: free_swap_slot: swapfree cache 136d6d
           <...>-1995  [004] ....  2797.754296: do_swap_page: swapin tgid 1995 1995 "droid.launcher3" 7ecdc84000 146da2 1 1
           <...>-1995  [004] ....  2797.754299: do_swap_page: swapin tgid 1995 1995 "droid.launcher3" 9e831000 13ad87 1 1
           <...>-1995  [004] d..2  2797.754302: free_swap_slot: swapfree cache 146da2
           <...>-1995  [004] ....  2797.754332: do_swap_page: swapin tgid 1995 1995 "droid.launcher3" 9e81e000 1129d4 0 1
           <...>-1358  [004] ....  2797.754359: do_swap_page: swapin tgid 1337 1358 "android.ui" 9e9d0000 15a88c 1 1
           <...>-1358  [004] ....  2797.754365: do_swap_page: swapin tgid 1337 1358 "android.ui" 9e9ce000 15a88a 0 1
 ScreenDecoratio-2204  [004] ....  2797.754390: do_swap_page: swapin tgid 1616 2204 "ScreenDecoratio" 9e98a000 16977 1 1
 ScreenDecoratio-2204  [004] ....  2797.754404: do_swap_page: swapin tgid 1616 2204 "ScreenDecoratio" 7296b000 10edfc 1 1
 ScreenDecoratio-2204  [004] d..2  2797.754408: free_swap_slot: swapfree cache 10edfc
           <...>-1995  [004] ....  2797.754568: do_swap_page: swapin tgid 1995 1995 "droid.launcher3" 9e81e000 1129d4 1 1
           <...>-1995  [004] d..2  2797.754575: free_swap_slot: swapfree cache 132db7
           <...>-1995  [004] ....  2797.754580: do_swap_page: swapin tgid 1995 1995 "droid.launcher3" 7ecdc86000 13a95c 0 1
           <...>-2197  [004] ....  2797.754617: do_swap_page: swapin tgid 1719 2197 "Binder:1719_4" 7fbe1f8000 9295c 1 1
           <...>-2197  [004] ....  2797.754625: do_swap_page: swapin tgid 1719 2197 "Binder:1719_4" 7ece223000 86991 0 1
           <...>-1358  [004] ....  2797.754657: do_swap_page: swapin tgid 1337 1358 "android.ui" 9e9ce000 15a88a 1 1
           <...>-1358  [004] d..2  2797.754671: free_swap_slot: swapfree cache b2d8e
           <...>-1358  [004] ....  2797.754725: do_swap_page: swapin tgid 1337 1358 "android.ui" 9e8e1000 ced5d 1 1
           <...>-1358  [004] ....  2797.754757: do_swap_page: swapin tgid 1337 1358 "android.ui" 9e8e2000 ced5e 1 1
           <...>-1358  [004] ....  2797.754761: do_swap_page: swapin tgid 1337 1358 "android.ui" 9ea2f000 15a8eb 0 1
           <...>-1995  [004] ....  2797.754786: do_swap_page: swapin tgid 1995 1995 "droid.launcher3" 7ecdc86000 13a95c 1 1
           <...>-1995  [004] ....  2797.754793: do_swap_page: swapin tgid 1995 1995 "droid.launcher3" 7ecdc85000 146da3 1 1
           <...>-1995  [004] d..2  2797.754796: free_swap_slot: swapfree cache 146da3
           <...>-1995  [004] ....  2797.754801: do_swap_page: swapin tgid 1995 1995 "droid.launcher3" 9e82a000 13ad83 1 1
           <...>-1995  [004] d..2  2797.754827: free_swap_slot: swapfree cache 136d8e
           <...>-1995  [004] d..2  2797.754830: swapcache_free_entries: swapfree direct fed77
           <...>-1995  [004] d..3  2797.754831: swapcache_free_entries: swapfree direct dedf1
           <...>-1995  [004] d..3  2797.754832: swapcache_free_entries: swapfree direct a2def
           <...>-1995  [004] d..3  2797.754833: swapcache_free_entries: swapfree direct dad6a
           <...>-1995  [004] d..3  2797.754833: swapcache_free_entries: swapfree direct f6dd0
           <...>-1995  [004] d..3  2797.754834: swapcache_free_entries: swapfree direct dad6b
           <...>-1995  [004] d..3  2797.754834: swapcache_free_entries: swapfree direct 12add6
           <...>-1995  [004] d..3  2797.754835: swapcache_free_entries: swapfree direct b2da7
           <...>-1995  [004] d..3  2797.754836: swapcache_free_entries: swapfree direct eed8b
           <...>-1995  [004] d..3  2797.754836: swapcache_free_entries: swapfree direct f2dba
           <...>-1995  [004] d..3  2797.754837: swapcache_free_entries: swapfree direct 12ede6
           <...>-1995  [004] d..3  2797.754837: swapcache_free_entries: swapfree direct 12edeb
           <...>-1995  [004] d..3  2797.754838: swapcache_free_entries: swapfree direct a2d3d
           <...>-1995  [004] d..3  2797.754839: swapcache_free_entries: swapfree direct e6d03
           <...>-1995  [004] d..3  2797.754839: swapcache_free_entries: swapfree direct cad46
           <...>-1995  [004] d..3  2797.754840: swapcache_free_entries: swapfree direct 10ed3f
           <...>-1995  [004] d..3  2797.754841: swapcache_free_entries: swapfree direct e6d60
           <...>-1995  [004] d..3  2797.754842: swapcache_free_entries: swapfree direct dad3c
           <...>-1995  [004] d..3  2797.754842: swapcache_free_entries: swapfree direct e6d58
           <...>-1995  [004] d..3  2797.754843: swapcache_free_entries: swapfree direct e6d26
           <...>-1995  [004] d..3  2797.754844: swapcache_free_entries: swapfree direct e2df2
           <...>-1995  [004] d..3  2797.754844: swapcache_free_entries: swapfree direct e2df3
           <...>-1995  [004] d..3  2797.754845: swapcache_free_entries: swapfree direct f6db0
           <...>-1995  [004] d..3  2797.754845: swapcache_free_entries: swapfree direct dad3b
           <...>-1995  [004] d..3  2797.754846: swapcache_free_entries: swapfree direct badd5
           <...>-1995  [004] d..3  2797.754846: swapcache_free_entries: swapfree direct e6d69
           <...>-1995  [004] d..3  2797.754847: swapcache_free_entries: swapfree direct f6dd1
           <...>-1995  [004] d..3  2797.754847: swapcache_free_entries: swapfree direct fad0f
           <...>-1995  [004] d..3  2797.754848: swapcache_free_entries: swapfree direct d2d39
           <...>-1995  [004] d..3  2797.754848: swapcache_free_entries: swapfree direct e6d70
           <...>-1995  [004] d..3  2797.754849: swapcache_free_entries: swapfree direct ded95
           <...>-1995  [004] d..3  2797.754850: swapcache_free_entries: swapfree direct f6dda
           <...>-1995  [004] d..3  2797.754850: swapcache_free_entries: swapfree direct f6dac
           <...>-1995  [004] d..3  2797.754850: swapcache_free_entries: swapfree direct ded5a
           <...>-1995  [004] d..3  2797.754851: swapcache_free_entries: swapfree direct 13edab
           <...>-1995  [004] d..3  2797.754852: swapcache_free_entries: swapfree direct 12eddd
           <...>-1995  [004] d..3  2797.754852: swapcache_free_entries: swapfree direct 12ade2
           <...>-1995  [004] d..3  2797.754853: swapcache_free_entries: swapfree direct 132d7f
           <...>-1995  [004] d..3  2797.754853: swapcache_free_entries: swapfree direct 12adcb
           <...>-1995  [004] d..3  2797.754854: swapcache_free_entries: swapfree direct a2d22
           <...>-1995  [004] d..3  2797.754854: swapcache_free_entries: swapfree direct 12adcc
           <...>-1995  [004] d..3  2797.754855: swapcache_free_entries: swapfree direct 14eda3
           <...>-1995  [004] d..3  2797.754855: swapcache_free_entries: swapfree direct 146da6
           <...>-1995  [004] d..3  2797.754856: swapcache_free_entries: swapfree direct 146d94
           <...>-1995  [004] d..3  2797.754856: swapcache_free_entries: swapfree direct 142d16
           <...>-1995  [004] d..3  2797.754857: swapcache_free_entries: swapfree direct 142d15
           <...>-1995  [004] d..3  2797.754858: swapcache_free_entries: swapfree direct 136d7e
           <...>-1995  [004] d..3  2797.754859: swapcache_free_entries: swapfree direct 146d8d
           <...>-1995  [004] d..3  2797.754859: swapcache_free_entries: swapfree direct 146da8
           <...>-1995  [004] d..3  2797.754859: swapcache_free_entries: swapfree direct 146da7
           <...>-1995  [004] d..3  2797.754860: swapcache_free_entries: swapfree direct 136dd4
           <...>-1995  [004] d..3  2797.754861: swapcache_free_entries: swapfree direct 136dca
           <...>-1995  [004] d..3  2797.754861: swapcache_free_entries: swapfree direct 136dd5
           <...>-1995  [004] d..3  2797.754862: swapcache_free_entries: swapfree direct 136dd6
           <...>-1995  [004] d..3  2797.754862: swapcache_free_entries: swapfree direct 12addd
           <...>-1995  [004] d..3  2797.754862: swapcache_free_entries: swapfree direct f6d7b
           <...>-1995  [004] d..3  2797.754863: swapcache_free_entries: swapfree direct b2d92
           <...>-1995  [004] d..3  2797.754864: swapcache_free_entries: swapfree direct 136d6d
           <...>-1995  [004] d..3  2797.754864: swapcache_free_entries: swapfree direct 146da2
           <...>-1995  [004] d..3  2797.754864: swapcache_free_entries: swapfree direct 10edfc
           <...>-1995  [004] d..3  2797.754865: swapcache_free_entries: swapfree direct 132db7
           <...>-1995  [004] d..3  2797.754866: swapcache_free_entries: swapfree direct b2d8e
           <...>-1995  [004] d..3  2797.754866: swapcache_free_entries: swapfree direct 146da3
           <...>-1995  [004] d..3  2797.754867: swapcache_free_entries: swapfree direct 136d8e
           <...>-1995  [004] d..2  2797.754867: free_swap_slot: swapfree cache 146d8c
           <...>-1995  [004] d..2  2797.754903: free_swap_slot: swapfree cache 146d8e
           <...>-1995  [004] d..2  2797.754911: free_swap_slot: swapfree cache 146d8a
           <...>-1995  [004] ....  2797.754929: do_swap_page: swapin tgid 1995 1995 "droid.launcher3" 72954000 13ad42 1 1
           <...>-1995  [004] d..2  2797.754933: free_swap_slot: swapfree cache 13ad42
           <...>-1995  [004] ....  2797.754936: do_swap_page: swapin tgid 1995 1995 "droid.launcher3" 7295c000 13ad4a 1 1
           <...>-1995  [004] d..2  2797.754937: free_swap_slot: swapfree cache 13ad4a
           <...>-1995  [004] ....  2797.754941: do_swap_page: swapin tgid 1995 1995 "droid.launcher3" 7f350bd000 14ed27 1 1
           <...>-1995  [004] d..2  2797.754943: free_swap_slot: swapfree cache 14ed27
           <...>-1995  [004] ....  2797.754946: do_swap_page: swapin tgid 1995 1995 "droid.launcher3" 7f346f2000 14ed1d 1 1
           <...>-1995  [004] d..2  2797.754947: free_swap_slot: swapfree cache 14ed1d
           <...>-1995  [004] ....  2797.754949: do_swap_page: swapin tgid 1995 1995 "droid.launcher3" 72805000 136dfa 1 1
           <...>-1995  [004] ....  2797.754953: do_swap_page: swapin tgid 1995 1995 "droid.launcher3" 72853000 9e74c 0 26
           <...>-1934  [004] ....  2797.754986: do_swap_page: swapin tgid 1915 1934 "Binder:1915_2" 13780000 f29fa 1 1
           <...>-1934  [004] ....  2797.754993: do_swap_page: swapin tgid 1915 1934 "Binder:1915_2" 13793000 132d7a 1 1
           <...>-1934  [004] d..2  2797.754998: free_swap_slot: swapfree cache 132d7e
