    RenderThread-6015  [004] d..2  5334.409206: free_swap_slot: swapfree cache a3137
 android.display-1360  [004] ....  5334.409220: do_swap_page: swapin tgid 1337 1360 "android.display" 7f2d685000 17f0a8 1 1
 android.display-1360  [004] ....  5334.409239: do_swap_page: swapin tgid 1337 1360 "android.display" 7ecd906000 17708b 1 1
 android.display-1360  [004] d..2  5334.409242: free_swap_slot: swapfree cache 17708c
 android.display-1360  [004] ....  5334.409257: do_swap_page: swapin tgid 1337 1360 "android.display" 9e9a8000 15a864 0 1
           <...>-7587  [004] ....  5334.409402: do_swap_page: swapin tgid 1337 7587 "RenderThread" 7f289b7000 17f002 1 1
           <...>-7587  [004] d..2  5334.409406: free_swap_slot: swapfree cache 17f002
           <...>-7587  [004] ....  5334.409412: do_swap_page: swapin tgid 1337 7587 "RenderThread" 7ed0dcb000 17b01a 1 1
           <...>-7587  [004] d..2  5334.409414: free_swap_slot: swapfree cache 17b01a
           <...>-7587  [004] ....  5334.409463: do_swap_page: swapin tgid 1337 7587 "RenderThread" 7e6f594000 16b01e 1 1
           <...>-7587  [004] d..2  5334.409465: free_swap_slot: swapfree cache 16b01e
           <...>-7587  [004] d..2  5334.409517: free_swap_slot: swapfree cache 1830c8
           <...>-7587  [004] d..2  5334.409520: free_swap_slot: swapfree cache 183007
           <...>-7587  [004] d..2  5334.409524: free_swap_slot: swapfree cache 16f0cf
           <...>-7587  [004] ....  5334.409530: do_swap_page: swapin tgid 1337 7587 "RenderThread" 7e7c139000 16f091 1 1
           <...>-7587  [004] d..2  5334.409532: free_swap_slot: swapfree cache 16f091
 android.display-1360  [004] ....  5334.409551: do_swap_page: swapin tgid 1337 1360 "android.display" 9e9a8000 15a864 1 1
 android.display-1360  [004] d..2  5334.409564: free_swap_slot: swapfree cache 17708b
 android.display-1360  [004] ....  5334.409567: do_swap_page: swapin tgid 1337 1360 "android.display" 9e805000 163028 1 1
 android.display-1360  [004] ....  5334.409575: do_swap_page: swapin tgid 1337 1360 "android.display" 9e81c000 16303f 1 1
 android.display-1360  [004] ....  5334.409578: do_swap_page: swapin tgid 1337 1360 "android.display" 9eaae000 15e86a 0 1
           <...>-1995  [004] ....  5334.409611: do_swap_page: swapin tgid 1995 1995 "droid.launcher3" 9e7fb000 1129b1 1 1
           <...>-1995  [004] ....  5334.409617: do_swap_page: swapin tgid 1995 1995 "droid.launcher3" 1331c000 1bb0a6 1 1
           <...>-1995  [004] ....  5334.409620: do_swap_page: swapin tgid 1995 1995 "droid.launcher3" 9e7ff000 1129b5 0 1
 android.display-1360  [004] ....  5334.409698: do_swap_page: swapin tgid 1337 1360 "android.display" 9eaae000 15e86a 1 1
 android.display-1360  [004] d..2  5334.409706: free_swap_slot: swapfree cache 15b0b2
 android.display-1360  [004] ....  5334.409710: do_swap_page: swapin tgid 1337 1360 "android.display" 9e89c000 163098 1 1
 android.display-1360  [004] ....  5334.409713: do_swap_page: swapin tgid 1337 1360 "android.display" 9e8ba000 1630b6 1 1
 android.display-1360  [004] ....  5334.409717: do_swap_page: swapin tgid 1337 1360 "android.display" 12cc6000 1330e9 1 1
 android.display-1360  [004] d..2  5334.409719: free_swap_slot: swapfree cache 1330e9
 android.display-1360  [004] ....  5334.409776: do_swap_page: swapin tgid 1337 1360 "android.display" 9eb36000 15e8f2 0 1
           <...>-1995  [004] ....  5334.409801: do_swap_page: swapin tgid 1995 1995 "droid.launcher3" 9e7ff000 1129b5 1 1
           <...>-1995  [004] ....  5334.409806: do_swap_page: swapin tgid 1995 1995 "droid.launcher3" 7ecdbdd000 1c7086 1 1
           <...>-1995  [004] ....  5334.409812: do_swap_page: swapin tgid 1995 1995 "droid.launcher3" 7f28b5d000 1cb010 1 1
           <...>-1995  [004] ....  5334.409817: do_swap_page: swapin tgid 1995 1995 "droid.launcher3" 7ec851a000 1bf049 1 1
           <...>-1995  [004] d..2  5334.409818: free_swap_slot: swapfree cache 1bf049
           <...>-1995  [004] ....  5334.409824: do_swap_page: swapin tgid 1995 1995 "droid.launcher3" 7fbe1e7000 1cf041 1 1
           <...>-1995  [004] ....  5334.409826: do_swap_page: swapin tgid 1995 1995 "droid.launcher3" 7fbe17f000 1cf02b 1 1
           <...>-1995  [004] ....  5334.409831: do_swap_page: swapin tgid 1995 1995 "droid.launcher3" 7f28ac2000 1c70e4 1 1
           <...>-1995  [004] d..2  5334.409832: free_swap_slot: swapfree cache 1c70e4
           <...>-1995  [004] ....  5334.409836: do_swap_page: swapin tgid 1995 1995 "droid.launcher3" 7fbe20a000 14a9c0 0 1
 android.display-1360  [004] ....  5334.409899: do_swap_page: swapin tgid 1337 1360 "android.display" 9eb36000 15e8f2 1 1
 android.display-1360  [004] ....  5334.409907: do_swap_page: swapin tgid 1337 1360 "android.display" 9e9f2000 15a8ae 0 1
           <...>-1995  [004] ....  5334.409964: do_swap_page: swapin tgid 1995 1995 "droid.launcher3" 7fbe20a000 14a9c0 1 1
           <...>-1995  [004] ....  5334.409969: do_swap_page: swapin tgid 1995 1995 "droid.launcher3" 7f2896c000 19af41 0 1
 android.display-1360  [004] ....  5334.410028: do_swap_page: swapin tgid 1337 1360 "android.display" 9e9f2000 15a8ae 1 1
 android.display-1360  [004] ....  5334.410034: do_swap_page: swapin tgid 1337 1360 "android.display" 9e9e3000 15a89f 0 1
           <...>-1995  [004] ....  5334.410091: do_swap_page: swapin tgid 1995 1995 "droid.launcher3" 7f2896c000 19af41 1 1
           <...>-1995  [004] ....  5334.410098: do_swap_page: swapin tgid 1995 1995 "droid.launcher3" 7f28abc000 1c70e3 1 1
           <...>-1995  [004] ....  5334.410105: do_swap_page: swapin tgid 1995 1995 "droid.launcher3" 7f28b48000 14ad1d 0 1
 android.display-1360  [004] ....  5334.410159: do_swap_page: swapin tgid 1337 1360 "android.display" 9e9e3000 15a89f 1 1
 android.display-1360  [004] ....  5334.410169: do_swap_page: swapin tgid 1337 1360 "android.display" 9e887000 163083 1 1
 android.display-1360  [004] d..2  5334.410175: free_swap_slot: swapfree cache 15b0a8
 android.display-1360  [004] ....  5334.410182: do_swap_page: swapin tgid 1337 1360 "android.display" 13bf9000 106fca 0 1
           <...>-1995  [004] ....  5334.410224: do_swap_page: swapin tgid 1995 1995 "droid.launcher3" 7f28b48000 14ad1d 1 1
           <...>-1995  [004] d..2  5334.410231: free_swap_slot: swapfree cache 1cf021
           <...>-1995  [004] ....  5334.410236: do_swap_page: swapin tgid 1995 1995 "droid.launcher3" 7ec8519000 1bf048 1 1
           <...>-1995  [004] ....  5334.410241: do_swap_page: swapin tgid 1995 1995 "droid.launcher3" 9e917000 1169cd 0 1
 android.display-1360  [004] ....  5334.410320: do_swap_page: swapin tgid 1337 1360 "android.display" 13bf9000 106fca 1 1
 android.display-1360  [004] ....  5334.410332: do_swap_page: swapin tgid 1337 1360 "android.display" 7f28a21000 17f00f 1 1
 android.display-1360  [004] d..2  5334.410335: free_swap_slot: swapfree cache 17f00f
 android.display-1360  [004] ....  5334.410364: do_swap_page: swapin tgid 1337 1360 "android.display" 7eb7e7b000 1be87e 0 1
           <...>-1995  [004] ....  5334.410389: do_swap_page: swapin tgid 1995 1995 "droid.launcher3" 9e917000 1169cd 1 1
           <...>-1995  [004] ....  5334.410399: do_swap_page: swapin tgid 1995 1995 "droid.launcher3" 9e842000 1129f8 0 1
           <...>-1995  [004] ....  5334.410525: do_swap_page: swapin tgid 1995 1995 "droid.launcher3" 9e842000 1129f8 1 1
           <...>-1995  [004] ....  5334.410530: do_swap_page: swapin tgid 1995 1995 "droid.launcher3" 9e826000 1129dc 0 1
 android.display-1360  [004] ....  5334.410583: do_swap_page: swapin tgid 1337 1360 "android.display" 7eb7e7b000 1be87e 1 1
 android.display-1360  [004] ....  5334.410590: do_swap_page: swapin tgid 1337 1360 "android.display" 7f28a79000 1da8f9 0 1
           <...>-1995  [004] ....  5334.410646: do_swap_page: swapin tgid 1995 1995 "droid.launcher3" 9e826000 1129dc 1 1
           <...>-1995  [004] d..2  5334.410655: free_swap_slot: swapfree cache 1bb009
           <...>-1995  [004] ....  5334.410658: do_swap_page: swapin tgid 1995 1995 "droid.launcher3" 9e90a000 1169c0 0 1
 android.display-1360  [004] ....  5334.410773: do_swap_page: swapin tgid 1337 1360 "android.display" 7f28a79000 1da8f9 1 1
 android.display-1360  [004] ....  5334.410779: do_swap_page: swapin tgid 1337 1360 "android.display" 7f28b3f000 17f043 1 1
 android.display-1360  [004] ....  5334.410782: do_swap_page: swapin tgid 1337 1360 "android.display" 7f28b32000 146f8b 0 1
           <...>-1995  [004] ....  5334.410823: do_swap_page: swapin tgid 1995 1995 "droid.launcher3" 9e90a000 1169c0 1 1
           <...>-1995  [004] ....  5334.410830: do_swap_page: swapin tgid 1995 1995 "droid.launcher3" 9e915000 1169cb 0 1
           <...>-1995  [004] ....  5334.410966: do_swap_page: swapin tgid 1995 1995 "droid.launcher3" 9e915000 1169cb 1 1
           <...>-1995  [004] ....  5334.410972: do_swap_page: swapin tgid 1995 1995 "droid.launcher3" 12ec1000 1bb021 1 1
           <...>-1995  [004] d..2  5334.410976: free_swap_slot: swapfree cache 1cf03d
           <...>-1995  [004] ....  5334.410979: do_swap_page: swapin tgid 1995 1995 "droid.launcher3" 9e914000 1169ca 0 1
 android.display-1360  [004] ....  5334.411000: do_swap_page: swapin tgid 1337 1360 "android.display" 7f28b32000 146f8b 1 1
 android.display-1360  [004] ....  5334.411009: do_swap_page: swapin tgid 1337 1360 "android.display" 7ed0d6e000 142f08 0 1
           <...>-1995  [004] ....  5334.411092: do_swap_page: swapin tgid 1995 1995 "droid.launcher3" 9e914000 1169ca 1 1
           <...>-1995  [004] ....  5334.411100: do_swap_page: swapin tgid 1995 1995 "droid.launcher3" 1331b000 18af6c 0 1
 android.display-1360  [004] ....  5334.411180: do_swap_page: swapin tgid 1337 1360 "android.display" 7ed0d6e000 142f08 1 1
 android.display-1360  [004] ....  5334.411190: do_swap_page: swapin tgid 1337 1360 "android.display" 7ed0e70000 1d2843 0 1
           <...>-1995  [004] ....  5334.411231: do_swap_page: swapin tgid 1995 1995 "droid.launcher3" 1331b000 18af6c 1 1
           <...>-1995  [004] ....  5334.411239: do_swap_page: swapin tgid 1995 1995 "droid.launcher3" 12e8b000 1bb008 1 1
           <...>-1995  [004] ....  5334.411242: do_swap_page: swapin tgid 1995 1995 "droid.launcher3" 9e82d000 1129e3 0 1
           <...>-1995  [004] ....  5334.411362: do_swap_page: swapin tgid 1995 1995 "droid.launcher3" 9e82d000 1129e3 1 1
           <...>-1995  [004] ....  5334.411367: do_swap_page: swapin tgid 1995 1995 "droid.launcher3" 12fa8000 1bb054 1 1
           <...>-1995  [004] ....  5334.411371: do_swap_page: swapin tgid 1995 1995 "droid.launcher3" 1330d000 1bb098 1 1
           <...>-1995  [004] ....  5334.411373: do_swap_page: swapin tgid 1995 1995 "droid.launcher3" 7ecdca6000 1c70a3 1 1
           <...>-1995  [004] d..2  5334.411377: free_swap_slot: swapfree cache 1bb097
           <...>-1995  [004] ....  5334.411380: do_swap_page: swapin tgid 1995 1995 "droid.launcher3" 7fbe22d000 1cf04e 1 1
           <...>-1995  [004] ....  5334.411382: do_swap_page: swapin tgid 1995 1995 "droid.launcher3" 7fbe22b000 1cf04c 1 1
           <...>-1995  [004] d..2  5334.411386: free_swap_slot: swapfree cache 1bb008
           <...>-1995  [004] ....  5334.411387: do_swap_page: swapin tgid 1995 1995 "droid.launcher3" 9e82e000 18ef4d 0 1
 android.display-1360  [004] ....  5334.411425: do_swap_page: swapin tgid 1337 1360 "android.display" 7ed0e70000 1d2843 1 1
 android.display-1360  [004] ....  5334.411434: do_swap_page: swapin tgid 1337 1360 "android.display" 7f28abd000 17f01a 1 1
 android.display-1360  [004] ....  5334.411438: do_swap_page: swapin tgid 1337 1360 "android.display" 7e6f58d000 18e8bc 0 1
           <...>-1995  [004] ....  5334.411509: do_swap_page: swapin tgid 1995 1995 "droid.launcher3" 9e82e000 18ef4d 1 1
           <...>-1995  [004] ....  5334.411514: do_swap_page: swapin tgid 1995 1995 "droid.launcher3" 9e90d000 1169c3 0 1
           <...>-1995  [004] ....  5334.411642: do_swap_page: swapin tgid 1995 1995 "droid.launcher3" 9e90d000 1169c3 1 1
           <...>-1995  [004] ....  5334.411647: do_swap_page: swapin tgid 1995 1995 "droid.launcher3" 9e92d000 1169e3 0 1
 android.display-1360  [004] ....  5334.411663: do_swap_page: swapin tgid 1337 1360 "android.display" 7e6f58d000 18e8bc 1 1
 android.display-1360  [004] ....  5334.411670: do_swap_page: swapin tgid 1337 1360 "android.display" 7f28b38000 146f91 0 1
           <...>-1995  [004] ....  5334.411755: do_swap_page: swapin tgid 1995 1995 "droid.launcher3" 9e92d000 1169e3 1 1
           <...>-1995  [004] ....  5334.411760: do_swap_page: swapin tgid 1995 1995 "droid.launcher3" 9e940000 1169f6 0 1
 android.display-1360  [004] ....  5334.411801: do_swap_page: swapin tgid 1337 1360 "android.display" 7f28b38000 146f91 1 1
 android.display-1360  [004] ....  5334.411808: do_swap_page: swapin tgid 1337 1360 "android.display" 7ed0c75000 1770cf 1 1
 android.display-1360  [004] d..2  5334.411816: free_swap_slot: swapfree cache 14f019
 android.display-1360  [004] ....  5334.411830: do_swap_page: swapin tgid 1337 1360 "android.display" 7f28987000 a67a4 1 25
 android.display-1360  [004] ....  5334.411835: do_swap_page: swapin tgid 1337 1360 "android.display" 7eb8113000 17705b 1 1
 android.display-1360  [004] ....  5334.411839: do_swap_page: swapin tgid 1337 1360 "android.display" 7f28a85000 1de805 0 1
           <...>-1995  [004] ....  5334.411891: do_swap_page: swapin tgid 1995 1995 "droid.launcher3" 9e940000 1169f6 1 1
           <...>-1995  [004] ....  5334.411898: do_swap_page: swapin tgid 1995 1995 "droid.launcher3" 9e9a0000 1bf001 1 1
           <...>-1995  [004] d..2  5334.411900: free_swap_slot: swapfree cache 1bf001
           <...>-1995  [004] ....  5334.411901: do_swap_page: swapin tgid 1995 1995 "droid.launcher3" 9e93a000 1169f0 0 1
           <...>-1995  [004] ....  5334.412033: do_swap_page: swapin tgid 1995 1995 "droid.launcher3" 9e93a000 1169f0 1 1
           <...>-1995  [004] ....  5334.412038: do_swap_page: swapin tgid 1995 1995 "droid.launcher3" 9e90b000 1bb0ef 1 1
           <...>-1995  [004] ....  5334.412041: do_swap_page: swapin tgid 1995 1995 "droid.launcher3" 13ce1000 1bb0ba 1 1
           <...>-1995  [004] ....  5334.412045: do_swap_page: swapin tgid 1995 1995 "droid.launcher3" 9e7f3000 18ef2b 0 1
 android.display-1360  [004] ....  5334.412065: do_swap_page: swapin tgid 1337 1360 "android.display" 7f28a85000 1de805 1 1
 android.display-1360  [004] ....  5334.412072: do_swap_page: swapin tgid 1337 1360 "android.display" 7eb811c000 10ae8a 0 1
           <...>-1995  [004] ....  5334.412158: do_swap_page: swapin tgid 1995 1995 "droid.launcher3" 9e7f3000 18ef2b 1 1
           <...>-1995  [004] d..2  5334.412163: free_swap_slot: swapfree cache 1bb054
           <...>-1995  [004] ....  5334.412166: do_swap_page: swapin tgid 1995 1995 "droid.launcher3" 7ecdc4d000 1c708b 1 1
           <...>-1995  [004] ....  5334.412169: do_swap_page: swapin tgid 1995 1995 "droid.launcher3" 9e7f4000 1129aa 0 1
 android.display-1360  [004] ....  5334.412209: do_swap_page: swapin tgid 1337 1360 "android.display" 7eb811c000 10ae8a 1 1
 android.display-1360  [004] ....  5334.412218: do_swap_page: swapin tgid 1337 1360 "android.display" 7eb7e5d000 13af4f 0 1
           <...>-1995  [004] ....  5334.412310: do_swap_page: swapin tgid 1995 1995 "droid.launcher3" 9e7f4000 1129aa 1 1
           <...>-1995  [004] ....  5334.412317: do_swap_page: swapin tgid 1995 1995 "droid.launcher3" 9e8f5000 1169ab 0 1
 android.display-1360  [004] ....  5334.412400: do_swap_page: swapin tgid 1337 1360 "android.display" 7eb7e5d000 13af4f 1 1
 android.display-1360  [004] ....  5334.412407: do_swap_page: swapin tgid 1337 1360 "android.display" 7e7bf3f000 16f028 1 1
 android.display-1360  [004] ....  5334.412453: do_swap_page: swapin tgid 1337 1360 "android.display" 12cc3000 1330e6 1 1
 android.display-1360  [004] ....  5334.412457: do_swap_page: swapin tgid 1337 1360 "android.display" 9e9ba000 15a876 0 1
           <...>-1995  [004] ....  5334.412483: do_swap_page: swapin tgid 1995 1995 "droid.launcher3" 9e8f5000 1169ab 1 1
           <...>-1995  [004] ....  5334.412491: do_swap_page: swapin tgid 1995 1995 "droid.launcher3" 12fa7000 1bb053 1 1
           <...>-1995  [004] ....  5334.412493: do_swap_page: swapin tgid 1995 1995 "droid.launcher3" 9e81c000 1129d2 0 1
 android.display-1360  [004] ....  5334.412580: do_swap_page: swapin tgid 1337 1360 "android.display" 9e9ba000 15a876 1 1
 android.display-1360  [004] ....  5334.412588: do_swap_page: swapin tgid 1337 1360 "android.display" 13456000 143059 1 1
 android.display-1360  [004] ....  5334.412597: do_swap_page: swapin tgid 1337 1360 "android.display" 1518d000 11af1a 0 1
           <...>-1995  [004] ....  5334.412642: do_swap_page: swapin tgid 1995 1995 "droid.launcher3" 9e81c000 1129d2 1 1
           <...>-1995  [004] ....  5334.412647: do_swap_page: swapin tgid 1995 1995 "droid.launcher3" 9e81b000 18ef42 0 1
           <...>-1995  [004] ....  5334.412789: do_swap_page: swapin tgid 1995 1995 "droid.launcher3" 9e81b000 18ef42 1 1
           <...>-1995  [004] ....  5334.412793: do_swap_page: swapin tgid 1995 1995 "droid.launcher3" 7ecdc90000 1c709e 1 1
           <...>-1995  [004] ....  5334.412797: do_swap_page: swapin tgid 1995 1995 "droid.launcher3" 13300000 1bb08c 1 1
           <...>-1995  [004] ....  5334.412799: do_swap_page: swapin tgid 1995 1995 "droid.launcher3" 9e801000 1129b7 0 1
 android.display-1360  [004] ....  5334.412820: do_swap_page: swapin tgid 1337 1360 "android.display" 1518d000 11af1a 1 1
 android.display-1360  [004] ....  5334.412829: do_swap_page: swapin tgid 1337 1360 "android.display" 1518c000 11af19 0 1
           <...>-1995  [004] ....  5334.412910: do_swap_page: swapin tgid 1995 1995 "droid.launcher3" 9e801000 1129b7 1 1
           <...>-1995  [004] ....  5334.412915: do_swap_page: swapin tgid 1995 1995 "droid.launcher3" 9e800000 18ef32 0 1
 android.display-1360  [004] ....  5334.412955: do_swap_page: swapin tgid 1337 1360 "android.display" 1518c000 11af19 1 1
 android.display-1360  [004] ....  5334.412960: do_swap_page: swapin tgid 1337 1360 "android.display" 1518e000 11af1b 0 1
           <...>-1995  [004] ....  5334.413034: do_swap_page: swapin tgid 1995 1995 "droid.launcher3" 9e800000 18ef32 1 1
           <...>-1995  [004] ....  5334.413039: do_swap_page: swapin tgid 1995 1995 "droid.launcher3" 13301000 1bb08d 1 1
           <...>-1995  [004] ....  5334.413043: do_swap_page: swapin tgid 1995 1995 "droid.launcher3" 7ec8fb2000 1c300b 1 1
           <...>-1995  [004] ....  5334.413050: do_swap_page: swapin tgid 1995 1995 "droid.launcher3" 9e87e000 18ef6f 0 1
 android.display-1360  [004] ....  5334.413093: do_swap_page: swapin tgid 1337 1360 "android.display" 1518e000 11af1b 1 1
 android.display-1360  [004] ....  5334.413118: do_swap_page: swapin tgid 1337 1360 "android.display" 1518b000 11af18 0 1
           <...>-1995  [004] ....  5334.413188: do_swap_page: swapin tgid 1995 1995 "droid.launcher3" 9e87e000 18ef6f 1 1
           <...>-1995  [004] ....  5334.413193: do_swap_page: swapin tgid 1995 1995 "droid.launcher3" 9e924000 1169da 0 1
 android.display-1360  [004] ....  5334.413242: do_swap_page: swapin tgid 1337 1360 "android.display" 1518b000 11af18 1 1
 android.display-1360  [004] d..1  5334.413271: free_swap_slot: swapfree cache 187062
 android.display-1360  [004] ....  5334.413283: do_swap_page: swapin tgid 1337 1360 "android.display" 15184000 11af11 0 1
           <...>-1995  [004] ....  5334.413311: do_swap_page: swapin tgid 1995 1995 "droid.launcher3" 9e924000 1169da 1 1
           <...>-1995  [004] ....  5334.413316: do_swap_page: swapin tgid 1995 1995 "droid.launcher3" 9e8d6000 11698c 0 1
           <...>-1995  [004] ....  5334.413423: do_swap_page: swapin tgid 1995 1995 "droid.launcher3" 9e8d6000 11698c 1 1
           <...>-1995  [004] ....  5334.413458: do_swap_page: swapin tgid 1995 1995 "droid.launcher3" 7ecdab4000 1c7056 1 1
           <...>-1995  [004] d..2  5334.413462: free_swap_slot: swapfree cache 1c7056
           <...>-1995  [004] ....  5334.413464: do_swap_page: swapin tgid 1995 1995 "droid.launcher3" 7ec8c77000 1bf07c 1 1
           <...>-1995  [004] d..2  5334.413466: free_swap_slot: swapfree cache 1bf07c
           <...>-1995  [004] ....  5334.413468: do_swap_page: swapin tgid 1995 1995 "droid.launcher3" 7f2d246000 19afbd 0 1
 android.display-1360  [004] ....  5334.413492: do_swap_page: swapin tgid 1337 1360 "android.display" 15184000 11af11 1 1
 android.display-1360  [004] ....  5334.413512: do_swap_page: swapin tgid 1337 1360 "android.display" 7ed0c3c000 1770a4 1 1
 android.display-1360  [004] ....  5334.413539: do_swap_page: swapin tgid 1337 1360 "android.display" 9e906000 1568c2 0 1
           <...>-1995  [004] ....  5334.413580: do_swap_page: swapin tgid 1995 1995 "droid.launcher3" 7f2d246000 19afbd 1 1
           <...>-1995  [004] ....  5334.413594: do_swap_page: swapin tgid 1995 1995 "droid.launcher3" 12dc6000 1b70fc 1 1
           <...>-1995  [004] d..2  5334.413596: free_swap_slot: swapfree cache 1b70fc
           <...>-1995  [004] ....  5334.413598: do_swap_page: swapin tgid 1995 1995 "droid.launcher3" 7f350b5000 1cb0d0 1 1
           <...>-1995  [004] d..2  5334.413599: free_swap_slot: swapfree cache 1cb0d0
           <...>-1995  [004] ....  5334.413608: do_swap_page: swapin tgid 1995 1995 "droid.launcher3" 7fbf5e3000 14e970 0 1
 android.display-1360  [004] ....  5334.413763: do_swap_page: swapin tgid 1337 1360 "android.display" 9e906000 1568c2 1 1
 android.display-1360  [004] ....  5334.413770: do_swap_page: swapin tgid 1337 1360 "android.display" 7f2d6a2000 17f0b0 1 1
 android.display-1360  [004] d..2  5334.413771: free_swap_slot: swapfree cache 17f0b0
 android.display-1360  [004] ....  5334.413777: do_swap_page: swapin tgid 1337 1360 "android.display" 7e6ff8b000 16b0fa 1 1
 android.display-1360  [004] d..2  5334.413779: free_swap_slot: swapfree cache 16b0fa
           <...>-1995  [004] ....  5334.413859: do_swap_page: swapin tgid 1995 1995 "droid.launcher3" 7fbf5e3000 14e970 1 1
           <...>-1995  [004] ....  5334.413871: do_swap_page: swapin tgid 1995 1995 "droid.launcher3" 7ecdbb7000 1c707e 1 1
           <...>-1995  [004] d..2  5334.413876: free_swap_slot: swapfree cache 1c707e
           <...>-1995  [004] ....  5334.413877: do_swap_page: swapin tgid 1995 1995 "droid.launcher3" 7ecdbb8000 1c707f 1 1
           <...>-1995  [004] d..2  5334.413878: free_swap_slot: swapfree cache 1c707f
           <...>-1995  [004] ....  5334.413883: do_swap_page: swapin tgid 1995 1995 "droid.launcher3" 13cc0000 1bb0b0 1 1
           <...>-1995  [004] ....  5334.413887: do_swap_page: swapin tgid 1995 1995 "droid.launcher3" 7fbe254000 1cf05a 1 1
           <...>-1995  [004] d..2  5334.413888: free_swap_slot: swapfree cache 1cf05a
           <...>-1995  [004] ....  5334.413894: do_swap_page: swapin tgid 1995 1995 "droid.launcher3" 7fbddfd000 14a967 0 1
 android.display-1360  [004] ....  5334.413947: do_swap_page: swapin tgid 1337 1360 "android.display" 9e9e4000 15a8a0 0 1
     logd.writer-570   [004] .n..  5334.414005: do_swap_page: swapin tgid 559 570 "logd.writer" 7fb6cf3000 eb01f 1 1
           <...>-1995  [004] ....  5334.414012: do_swap_page: swapin tgid 1995 1995 "droid.launcher3" 7fbddfd000 14a967 1 1
           <...>-1995  [004] ....  5334.414021: do_swap_page: swapin tgid 1995 1995 "droid.launcher3" 727e6000 18afc1 0 1
     logd.writer-570   [004] d..2  5334.414044: free_swap_slot: swapfree cache eb01f
 android.display-1360  [004] ....  5334.414070: do_swap_page: swapin tgid 1337 1360 "android.display" 9e9e4000 15a8a0 1 1
 android.display-1360  [004] ....  5334.414079: do_swap_page: swapin tgid 1337 1360 "android.display" 9e8d6000 1630d2 1 1
 android.display-1360  [004] ....  5334.414081: do_swap_page: swapin tgid 1337 1360 "android.display" 9ea1d000 15a8d9 0 1
     logd.writer-570   [004] ....  5334.414115: do_swap_page: swapin tgid 559 570 "logd.writer" 7fb6b0e000 167f2 0 1
           <...>-1995  [004] ....  5334.414139: do_swap_page: swapin tgid 1995 1995 "droid.launcher3" 727e6000 18afc1 1 1
           <...>-1995  [004] ....  5334.414145: do_swap_page: swapin tgid 1995 1995 "droid.launcher3" 72953000 18ef0f 0 1
 android.display-1360  [004] ....  5334.414206: do_swap_page: swapin tgid 1337 1360 "android.display" 9ea1d000 15a8d9 1 1
 android.display-1360  [004] ....  5334.414213: do_swap_page: swapin tgid 1337 1360 "android.display" 12cc5000 1330e8 1 1
 android.display-1360  [004] dn.2  5334.414269: free_swap_slot: swapfree cache 1570ce
           <...>-1995  [004] ....  5334.414276: do_swap_page: swapin tgid 1995 1995 "droid.launcher3" 72953000 18ef0f 1 1
           <...>-1995  [004] ....  5334.414281: do_swap_page: swapin tgid 1995 1995 "droid.launcher3" 13cd5000 1bb0b4 1 1
           <...>-1995  [004] d..2  5334.414289: free_swap_slot: swapfree cache 1bb0b0
           <...>-1995  [004] ....  5334.414298: do_swap_page: swapin tgid 1995 1995 "droid.launcher3" 7f395f1000 1469ac 0 1
 android.display-1360  [004] ....  5334.414324: do_swap_page: swapin tgid 1337 1360 "android.display" 13bc3000 14f03b 1 1
 android.display-1360  [004] ....  5334.414330: do_swap_page: swapin tgid 1337 1360 "android.display" 13775000 14b0a7 1 1
 android.display-1360  [004] ....  5334.414333: do_swap_page: swapin tgid 1337 1360 "android.display" 146de000 1570ea 1 1
 android.display-1360  [004] ....  5334.414339: do_swap_page: swapin tgid 1337 1360 "android.display" 13e72000 153026 1 1
 android.display-1360  [004] ....  5334.414342: do_swap_page: swapin tgid 1337 1360 "android.display" 13c9d000 14f0a1 1 1
 android.display-1360  [004] ....  5334.414354: do_swap_page: swapin tgid 1337 1360 "android.display" 1425e000 153090 1 1
 android.display-1360  [004] ....  5334.414407: do_swap_page: swapin tgid 1337 1360 "android.display" 13447000 14304f 1 1
           <...>-1995  [004] ....  5334.414436: do_swap_page: swapin tgid 1995 1995 "droid.launcher3" 7f395f1000 1469ac 1 1
           <...>-1995  [004] ....  5334.414443: do_swap_page: swapin tgid 1995 1995 "droid.launcher3" 7ec8c78000 1bf07d 1 1
           <...>-1995  [004] d..2  5334.414445: free_swap_slot: swapfree cache 1bf07d
           <...>-1995  [004] ....  5334.414451: do_swap_page: swapin tgid 1995 1995 "droid.launcher3" 12e99000 1bb014 1 1
           <...>-1995  [004] d..2  5334.414453: free_swap_slot: swapfree cache 1bb014
           <...>-1995  [004] d..2  5334.414457: free_swap_slot: swapfree cache 1bb0b1
           <...>-1995  [004] ....  5334.414460: do_swap_page: swapin tgid 1995 1995 "droid.launcher3" 12e80000 1b70fd 1 1
           <...>-1995  [004] d..2  5334.414463: free_swap_slot: swapfree cache 1b70fd
           <...>-1995  [004] ....  5334.414465: do_swap_page: swapin tgid 1995 1995 "droid.launcher3" 13332000 1bb0af 1 1
           <...>-1995  [004] ....  5334.414483: do_swap_page: swapin tgid 1995 1995 "droid.launcher3" 9e8f9000 1169af 0 1
 android.display-1360  [004] ....  5334.414520: do_swap_page: swapin tgid 1337 1360 "android.display" 7f2d78b000 17f0f7 1 1
 android.display-1360  [004] ....  5334.414523: do_swap_page: swapin tgid 1337 1360 "android.display" 7f2d670000 17f09e 1 1
 android.display-1360  [004] ....  5334.414544: do_swap_page: swapin tgid 1337 1360 "android.display" 7e6fdcd000 16b0ba 1 1
 android.display-1360  [004] d..2  5334.414547: free_swap_slot: swapfree cache 16b0ba
 android.display-1360  [004] ....  5334.414561: do_swap_page: swapin tgid 1337 1360 "android.display" 7f2d668000 17f097 1 1
 android.display-1360  [004] d..2  5334.414563: free_swap_slot: swapfree cache 17f097
           <...>-1995  [004] ....  5334.414600: do_swap_page: swapin tgid 1995 1995 "droid.launcher3" 9e8f9000 1169af 1 1
           <...>-1995  [004] ....  5334.414608: do_swap_page: swapin tgid 1995 1995 "droid.launcher3" 12eb1000 1bb01a 1 1
           <...>-1995  [004] d..2  5334.414610: free_swap_slot: swapfree cache 1bb01a
           <...>-1995  [004] ....  5334.414641: do_swap_page: swapin tgid 1995 1995 "droid.launcher3" 7fbf700000 1cf070 1 1
           <...>-1995  [004] d..2  5334.414643: free_swap_slot: swapfree cache 1cf070
           <...>-1995  [004] ....  5334.414650: do_swap_page: swapin tgid 1995 1995 "droid.launcher3" 7f28b3c000 1cb004 1 1
 android.display-1360  [004] ....  5334.414675: do_swap_page: swapin tgid 1337 1360 "android.display" 14737000 15b022 1 1
 android.display-1360  [004] ....  5334.414801: do_swap_page: swapin tgid 1337 1360 "android.display" 7e6fdbd000 19e82b 0 1
           <...>-1366  [004] ....  5334.414840: do_swap_page: swapin tgid 1337 1366 "android.bg" 9eb0b000 15e8c7 0 1
           <...>-1512  [004] ....  5334.414870: do_swap_page: swapin tgid 1337 1512 "AudioService" 7e87e48000 16f0b7 1 1
           <...>-1512  [004] d..2  5334.414872: free_swap_slot: swapfree cache 16f0b7
           <...>-1512  [004] d..2  5334.414876: free_swap_slot: swapfree cache 17f09e
           <...>-1512  [004] ....  5334.414881: do_swap_page: swapin tgid 1337 1512 "AudioService" 7e87e49000 1b283d 0 1
           <...>-5984  [004] ....  5334.414902: do_swap_page: swapin tgid 1616 5984 "Binder:1616_8" 7f2928e000 1ab094 1 1
           <...>-5984  [004] d..2  5334.414926: free_swap_slot: swapfree cache 1ab094
           <...>-5984  [004] ....  5334.414930: do_swap_page: swapin tgid 1616 5984 "Binder:1616_8" 7f2928f000 6e9bc 0 1
   Binder:1719_4-2197  [004] ....  5334.414976: do_swap_page: swapin tgid 1719 2197 "Binder:1719_4" 7f28d14000 1b3063 1 1
   Binder:1719_4-2197  [004] d..2  5334.414979: free_swap_slot: swapfree cache 1b3063
   Binder:1719_4-2197  [004] ....  5334.414985: do_swap_page: swapin tgid 1719 2197 "Binder:1719_4" 7ece225000 1b305e 1 1
   Binder:1719_4-2197  [004] d..2  5334.414987: free_swap_slot: swapfree cache 1b305e
   Binder:1719_4-2197  [004] ....  5334.414991: do_swap_page: swapin tgid 1719 2197 "Binder:1719_4" 7ece226000 86994 0 1
           <...>-2768  [004] ....  5334.415015: do_swap_page: swapin tgid 1818 2768 "Binder:1818_4" 7f2db14000 1b3079 1 1
           <...>-2768  [004] d..2  5334.415018: free_swap_slot: swapfree cache 1b3079
           <...>-2768  [004] ....  5334.415024: do_swap_page: swapin tgid 1818 2768 "Binder:1818_4" 7ed0535000 1b3075 1 1
           <...>-2768  [004] d..2  5334.415025: free_swap_slot: swapfree cache 1b3075
           <...>-2768  [004] ....  5334.415029: do_swap_page: swapin tgid 1818 2768 "Binder:1818_4" 7ed0536000 9a9f3 0 1
   Binder:1842_5-2153  [004] ....  5334.415072: do_swap_page: swapin tgid 1842 2153 "Binder:1842_5" 7f2d668000 1b30d4 1 1
   Binder:1842_5-2153  [004] d..2  5334.415075: free_swap_slot: swapfree cache 1b30d4
   Binder:1842_5-2153  [004] ....  5334.415079: do_swap_page: swapin tgid 1842 2153 "Binder:1842_5" 7f2db4a000 1b30de 1 1
   Binder:1842_5-2153  [004] d..2  5334.415080: free_swap_slot: swapfree cache 1b30de
   Binder:1842_5-2153  [004] ....  5334.415083: do_swap_page: swapin tgid 1842 2153 "Binder:1842_5" 7f2db4b000 182f1e 0 1
           <...>-3721  [004] ....  5334.415138: do_swap_page: swapin tgid 1855 3721 "Binder:1855_B" 7fbe241000 ee9d2 0 1
           <...>-1934  [004] ....  5334.415169: do_swap_page: swapin tgid 1915 1934 "Binder:1915_2" 7f2d668000 1b70d8 1 1
           <...>-1934  [004] d..2  5334.415171: free_swap_slot: swapfree cache 1b70d8
           <...>-1934  [004] ....  5334.415178: do_swap_page: swapin tgid 1915 1934 "Binder:1915_2" 7f2e033000 1b70de 1 1
           <...>-1934  [004] d..2  5334.415179: free_swap_slot: swapfree cache 1b70de
           <...>-1934  [004] ....  5334.415182: do_swap_page: swapin tgid 1915 1934 "Binder:1915_2" 7f2e034000 fe926 0 1
           <...>-1512  [004] ....  5334.415209: do_swap_page: swapin tgid 1337 1512 "AudioService" 7e87e49000 1b283d 1 1
           <...>-1512  [004] d..2  5334.415215: free_swap_slot: swapfree cache 17f0f7
           <...>-1512  [004] ....  5334.415218: do_swap_page: swapin tgid 1337 1512 "AudioService" 7eb8022000 1730fe 1 1
           <...>-1512  [004] d..2  5334.415220: free_swap_slot: swapfree cache 1730fe
           <...>-1512  [004] ....  5334.415222: do_swap_page: swapin tgid 1337 1512 "AudioService" 7eb80db000 177041 1 1
           <...>-1512  [004] d..2  5334.415224: free_swap_slot: swapfree cache 177041
           <...>-1512  [004] ....  5334.415226: do_swap_page: swapin tgid 1337 1512 "AudioService" 7e87e47000 16f0b6 1 1
           <...>-1512  [004] d..2  5334.415227: free_swap_slot: swapfree cache 16f0b6
           <...>-1512  [004] ....  5334.415250: do_swap_page: swapin tgid 1337 1512 "AudioService" 7e87e46000 1b283a 0 1
           <...>-2768  [004] ....  5334.415284: do_swap_page: swapin tgid 1818 2768 "Binder:1818_4" 7ed0536000 9a9f3 1 1
           <...>-2768  [004] ....  5334.415292: do_swap_page: swapin tgid 1818 2768 "Binder:1818_4" 7fbe2fc000 1b3084 1 1
           <...>-2768  [004] ....  5334.415295: do_swap_page: swapin tgid 1818 2768 "Binder:1818_4" 7fbe180000 1b3080 1 1
           <...>-2768  [004] d..2  5334.415297: swapcache_free_entries: swapfree direct 9b14a
           <...>-2768  [004] d..3  5334.415298: swapcache_free_entries: swapfree direct a71e6
           <...>-2768  [004] d..3  5334.415299: swapcache_free_entries: swapfree direct a3134
           <...>-2768  [004] d..3  5334.415299: swapcache_free_entries: swapfree direct 9b110
           <...>-2768  [004] d..3  5334.415300: swapcache_free_entries: swapfree direct a3137
           <...>-2768  [004] d..3  5334.415300: swapcache_free_entries: swapfree direct 17708c
           <...>-2768  [004] d..3  5334.415301: swapcache_free_entries: swapfree direct 17f002
           <...>-2768  [004] d..3  5334.415302: swapcache_free_entries: swapfree direct 17b01a
           <...>-2768  [004] d..3  5334.415302: swapcache_free_entries: swapfree direct 16b01e
           <...>-2768  [004] d..3  5334.415303: swapcache_free_entries: swapfree direct 1830c8
           <...>-2768  [004] d..3  5334.415304: swapcache_free_entries: swapfree direct 183007
           <...>-2768  [004] d..3  5334.415304: swapcache_free_entries: swapfree direct 16f0cf
           <...>-2768  [004] d..3  5334.415304: swapcache_free_entries: swapfree direct 16f091
           <...>-2768  [004] d..3  5334.415305: swapcache_free_entries: swapfree direct 17708b
           <...>-2768  [004] d..3  5334.415305: swapcache_free_entries: swapfree direct 15b0b2
           <...>-2768  [004] d..3  5334.415306: swapcache_free_entries: swapfree direct 1330e9
           <...>-2768  [004] d..3  5334.415306: swapcache_free_entries: swapfree direct 1bf049
           <...>-2768  [004] d..3  5334.415307: swapcache_free_entries: swapfree direct 1c70e4
           <...>-2768  [004] d..3  5334.415308: swapcache_free_entries: swapfree direct 15b0a8
           <...>-2768  [004] d..3  5334.415308: swapcache_free_entries: swapfree direct 1cf021
           <...>-2768  [004] d..3  5334.415309: swapcache_free_entries: swapfree direct 17f00f
           <...>-2768  [004] d..3  5334.415309: swapcache_free_entries: swapfree direct 1bb009
           <...>-2768  [004] d..3  5334.415310: swapcache_free_entries: swapfree direct 1cf03d
           <...>-2768  [004] d..3  5334.415310: swapcache_free_entries: swapfree direct 1bb097
           <...>-2768  [004] d..3  5334.415310: swapcache_free_entries: swapfree direct 1bb008
           <...>-2768  [004] d..3  5334.415311: swapcache_free_entries: swapfree direct 14f019
           <...>-2768  [004] d..3  5334.415311: swapcache_free_entries: swapfree direct 1bf001
           <...>-2768  [004] d..3  5334.415312: swapcache_free_entries: swapfree direct 1bb054
           <...>-2768  [004] d..3  5334.415312: swapcache_free_entries: swapfree direct 187062
           <...>-2768  [004] d..3  5334.415313: swapcache_free_entries: swapfree direct 1c7056
           <...>-2768  [004] d..3  5334.415313: swapcache_free_entries: swapfree direct 1bf07c
           <...>-2768  [004] d..3  5334.415314: swapcache_free_entries: swapfree direct 1b70fc
           <...>-2768  [004] d..3  5334.415315: swapcache_free_entries: swapfree direct 1cb0d0
           <...>-2768  [004] d..3  5334.415315: swapcache_free_entries: swapfree direct 17f0b0
           <...>-2768  [004] d..3  5334.415316: swapcache_free_entries: swapfree direct 16b0fa
           <...>-2768  [004] d..3  5334.415316: swapcache_free_entries: swapfree direct 1c707e
           <...>-2768  [004] d..3  5334.415317: swapcache_free_entries: swapfree direct 1c707f
           <...>-2768  [004] d..3  5334.415317: swapcache_free_entries: swapfree direct 1cf05a
           <...>-2768  [004] d..3  5334.415318: swapcache_free_entries: swapfree direct eb01f
           <...>-2768  [004] d..3  5334.415318: swapcache_free_entries: swapfree direct 1570ce
           <...>-2768  [004] d..3  5334.415319: swapcache_free_entries: swapfree direct 1bb0b0
           <...>-2768  [004] d..3  5334.415319: swapcache_free_entries: swapfree direct 1bf07d
           <...>-2768  [004] d..3  5334.415319: swapcache_free_entries: swapfree direct 1bb014
           <...>-2768  [004] d..3  5334.415320: swapcache_free_entries: swapfree direct 1bb0b1
           <...>-2768  [004] d..3  5334.415320: swapcache_free_entries: swapfree direct 1b70fd
           <...>-2768  [004] d..3  5334.415320: swapcache_free_entries: swapfree direct 16b0ba
           <...>-2768  [004] d..3  5334.415321: swapcache_free_entries: swapfree direct 17f097
           <...>-2768  [004] d..3  5334.415322: swapcache_free_entries: swapfree direct 1bb01a
           <...>-2768  [004] d..3  5334.415322: swapcache_free_entries: swapfree direct 1cf070
           <...>-2768  [004] d..3  5334.415322: swapcache_free_entries: swapfree direct 16f0b7
           <...>-2768  [004] d..3  5334.415323: swapcache_free_entries: swapfree direct 17f09e
           <...>-2768  [004] d..3  5334.415323: swapcache_free_entries: swapfree direct 1ab094
           <...>-2768  [004] d..3  5334.415324: swapcache_free_entries: swapfree direct 1b3063
           <...>-2768  [004] d..3  5334.415324: swapcache_free_entries: swapfree direct 1b305e
           <...>-2768  [004] d..3  5334.415325: swapcache_free_entries: swapfree direct 1b3079
           <...>-2768  [004] d..3  5334.415325: swapcache_free_entries: swapfree direct 1b3075
           <...>-2768  [004] d..3  5334.415326: swapcache_free_entries: swapfree direct 1b30d4
           <...>-2768  [004] d..3  5334.415326: swapcache_free_entries: swapfree direct 1b30de
           <...>-2768  [004] d..3  5334.415326: swapcache_free_entries: swapfree direct 1b70d8
           <...>-2768  [004] d..3  5334.415327: swapcache_free_entries: swapfree direct 1b70de
           <...>-2768  [004] d..3  5334.415327: swapcache_free_entries: swapfree direct 17f0f7
           <...>-2768  [004] d..3  5334.415328: swapcache_free_entries: swapfree direct 1730fe
           <...>-2768  [004] d..3  5334.415329: swapcache_free_entries: swapfree direct 177041
           <...>-2768  [004] d..3  5334.415329: swapcache_free_entries: swapfree direct 16f0b6
           <...>-2768  [004] d..2  5334.415330: free_swap_slot: swapfree cache 1b3084
           <...>-2768  [004] d..2  5334.415353: free_swap_slot: swapfree cache 1b3080
           <...>-2768  [004] ....  5334.415359: do_swap_page: swapin tgid 1818 2768 "Binder:1818_4" 7fbe22d000 1b3082 1 1
           <...>-2768  [004] ....  5334.415367: do_swap_page: swapin tgid 1818 2768 "Binder:1818_4" 7f28ac2000 9e91d 0 1
   Binder:1842_5-2153  [004] ....  5334.415390: do_swap_page: swapin tgid 1842 2153 "Binder:1842_5" 7f2db4b000 182f1e 1 1
   Binder:1842_5-2153  [004] ....  5334.415396: do_swap_page: swapin tgid 1842 2153 "Binder:1842_5" 7f2d67d000 1b30d5 1 1
   Binder:1842_5-2153  [004] ....  5334.415401: do_swap_page: swapin tgid 1842 2153 "Binder:1842_5" 7fbe180000 1b30ea 1 1
   Binder:1842_5-2153  [004] d..2  5334.415403: free_swap_slot: swapfree cache 1b30d5
   Binder:1842_5-2153  [004] ....  5334.415405: do_swap_page: swapin tgid 1842 2153 "Binder:1842_5" 7f2d68b000 1b30d7 1 1
   Binder:1842_5-2153  [004] d..2  5334.415407: free_swap_slot: swapfree cache 1b30ea
   Binder:1842_5-2153  [004] ....  5334.415413: do_swap_page: swapin tgid 1842 2153 "Binder:1842_5" 7f2d615000 1b30ce 1 1
   Binder:1842_5-2153  [004] ....  5334.415432: do_swap_page: swapin tgid 1842 2153 "Binder:1842_5" 7f2d61f000 182f05 0 1
           <...>-5984  [004] ....  5334.415455: do_swap_page: swapin tgid 1616 5984 "Binder:1616_8" 7f2928f000 6e9bc 1 1
           <...>-5984  [004] d..2  5334.415480: free_swap_slot: swapfree cache 1af00e
           <...>-5984  [004] ....  5334.415491: do_swap_page: swapin tgid 1616 5984 "Binder:1616_8" 7ec7e4b000 1a30bf 1 1
           <...>-5984  [004] d..2  5334.415493: free_swap_slot: swapfree cache 1a30bf
           <...>-5984  [004] ....  5334.415497: do_swap_page: swapin tgid 1616 5984 "Binder:1616_8" 7fbe241000 7e955 0 1
           <...>-1934  [004] ....  5334.415521: do_swap_page: swapin tgid 1915 1934 "Binder:1915_2" 7f2e034000 fe926 1 1
           <...>-1934  [004] ....  5334.415527: do_swap_page: swapin tgid 1915 1934 "Binder:1915_2" 7f2d666000 1b70d7 1 1
           <...>-1934  [004] ....  5334.415531: do_swap_page: swapin tgid 1915 1934 "Binder:1915_2" 7fbe180000 1b70e2 1 1
           <...>-1934  [004] d..2  5334.415533: free_swap_slot: swapfree cache 1b70d7
           <...>-1934  [004] ....  5334.415536: do_swap_page: swapin tgid 1915 1934 "Binder:1915_2" 7f2d673000 fa96e 0 1
           <...>-3721  [004] ....  5334.415575: do_swap_page: swapin tgid 1855 3721 "Binder:1855_B" 7fbe241000 ee9d2 1 1
           <...>-3721  [004] ....  5334.415590: do_swap_page: swapin tgid 1855 3721 "Binder:1855_B" 14617000 ca976 0 1
   Binder:1719_4-2197  [004] ....  5334.415651: do_swap_page: swapin tgid 1719 2197 "Binder:1719_4" 7ece226000 86994 1 1
   Binder:1719_4-2197  [004] ....  5334.415658: do_swap_page: swapin tgid 1719 2197 "Binder:1719_4" 7f28b06000 1b3060 1 1
   Binder:1719_4-2197  [004] ....  5334.415662: do_swap_page: swapin tgid 1719 2197 "Binder:1719_4" 7fbe180000 1b306c 1 1
   Binder:1719_4-2197  [004] d..2  5334.415665: free_swap_slot: swapfree cache 1b3060
   Binder:1719_4-2197  [004] ....  5334.415668: do_swap_page: swapin tgid 1719 2197 "Binder:1719_4" 7f28d65000 17ef05 0 1
           <...>-1512  [004] ....  5334.415696: do_swap_page: swapin tgid 1337 1512 "AudioService" 7e87e46000 1b283a 1 1
           <...>-1512  [004] ....  5334.415705: do_swap_page: swapin tgid 1337 1512 "AudioService" 7f23379000 17b0ed 1 1
           <...>-1512  [004] d..2  5334.415708: free_swap_slot: swapfree cache 17b0ed
           <...>-1512  [004] ....  5334.415711: do_swap_page: swapin tgid 1337 1512 "AudioService" 9eb4f000 16280b 0 1
   Binder:1842_5-2153  [004] ....  5334.415737: do_swap_page: swapin tgid 1842 2153 "Binder:1842_5" 7f2d61f000 182f05 1 1
   Binder:1842_5-2153  [004] ....  5334.415743: do_swap_page: swapin tgid 1842 2153 "Binder:1842_5" 7f2d6b8000 1b30dc 1 1
   Binder:1842_5-2153  [004] d..2  5334.415748: free_swap_slot: swapfree cache 1b30dc
   Binder:1842_5-2153  [004] d..2  5334.415749: free_swap_slot: swapfree cache 1b30ce
   Binder:1842_5-2153  [004] ....  5334.415753: do_swap_page: swapin tgid 1842 2153 "Binder:1842_5" 7fb9cfd000 182f36 0 1
   system_server-1337  [004] ....  5334.415811: do_swap_page: swapin tgid 1337 1337 "system_server" 14788000 15b02e 1 1
   system_server-1337  [004] ....  5334.415815: do_swap_page: swapin tgid 1337 1337 "system_server" 9eb0b000 15e8c7 1 1
   system_server-1337  [004] ....  5334.415835: do_swap_page: swapin tgid 1337 1337 "system_server" 14277000 1530a3 1 1
   system_server-1337  [004] ....  5334.415847: do_swap_page: swapin tgid 1337 1337 "system_server" 13465000 143061 1 1
   system_server-1337  [004] ....  5334.415853: do_swap_page: swapin tgid 1337 1337 "system_server" 135ec000 147092 1 1
   system_server-1337  [004] ....  5334.415861: do_swap_page: swapin tgid 1337 1337 "system_server" 9eb49000 162805 0 1
           <...>-1934  [004] ....  5334.415915: do_swap_page: swapin tgid 1915 1934 "Binder:1915_2" 7f2d673000 fa96e 1 1
           <...>-1934  [004] d..2  5334.415922: free_swap_slot: swapfree cache 1b70e2
           <...>-1934  [004] ....  5334.415929: do_swap_page: swapin tgid 1915 1934 "Binder:1915_2" 7f2d615000 1b70d4 1 1
           <...>-1934  [004] ....  5334.415931: do_swap_page: swapin tgid 1915 1934 "Binder:1915_2" 7f2d61f000 fa946 0 1
           <...>-5984  [004] ....  5334.415978: do_swap_page: swapin tgid 1616 5984 "Binder:1616_8" 7fbe241000 7e955 1 1
           <...>-5984  [004] ....  5334.415987: do_swap_page: swapin tgid 1616 5984 "Binder:1616_8" 7f2d747000 1af006 1 1
           <...>-5984  [004] ....  5334.415990: do_swap_page: swapin tgid 1616 5984 "Binder:1616_8" 7ec7e7f000 1a30d0 1 1
           <...>-5984  [004] d..2  5334.415992: free_swap_slot: swapfree cache 1af006
           <...>-5984  [004] ....  5334.416000: do_swap_page: swapin tgid 1616 5984 "Binder:1616_8" 7f2928c000 1ab092 1 1
           <...>-5984  [004] ....  5334.416004: do_swap_page: swapin tgid 1616 5984 "Binder:1616_8" 1387f000 18f0ac 1 1
           <...>-5984  [004] d..2  5334.416007: free_swap_slot: swapfree cache 1a30d0
           <...>-5984  [004] ....  5334.416012: do_swap_page: swapin tgid 1616 5984 "Binder:1616_8" 7fbc9bb000 1af0d5 1 1
           <...>-5984  [004] d..2  5334.416014: free_swap_slot: swapfree cache 1af0d5
           <...>-5984  [004] ....  5334.416015: do_swap_page: swapin tgid 1616 5984 "Binder:1616_8" 7f2928d000 1ab093 1 1
           <...>-5984  [004] d..2  5334.416020: free_swap_slot: swapfree cache 1ab093
           <...>-5984  [004] ....  5334.416022: do_swap_page: swapin tgid 1616 5984 "Binder:1616_8" 13081000 1870d7 1 1
           <...>-5984  [004] d..2  5334.416024: free_swap_slot: swapfree cache 1870d7
           <...>-5984  [004] d..2  5334.416025: free_swap_slot: swapfree cache 18f0ac
           <...>-5984  [004] ....  5334.416033: do_swap_page: swapin tgid 1616 5984 "Binder:1616_8" 7ec757f000 1a3078 1 1
           <...>-5984  [004] ....  5334.416035: do_swap_page: swapin tgid 1616 5984 "Binder:1616_8" 7ec75d2000 1a3085 1 1
           <...>-5984  [004] d..2  5334.416037: free_swap_slot: swapfree cache 1a3078
           <...>-5984  [004] d..2  5334.416042: free_swap_slot: swapfree cache 1a3085
           <...>-5984  [004] ....  5334.416051: do_swap_page: swapin tgid 1616 5984 "Binder:1616_8" 13876000 18f0a4 1 1
           <...>-5984  [004] ....  5334.416079: do_swap_page: swapin tgid 1616 5984 "Binder:1616_8" 7f28ffe000 1ab090 1 1
           <...>-5984  [004] ....  5334.416083: do_swap_page: swapin tgid 1616 5984 "Binder:1616_8" 7f28d9b000 1ab029 1 1
 ScreenDecoratio-2204  [004] ....  5334.416117: do_swap_page: swapin tgid 1616 2204 "ScreenDecoratio" 7eb57ba000 1a303a 1 1
 ScreenDecoratio-2204  [004] d..2  5334.416120: free_swap_slot: swapfree cache 1a303a
 ScreenDecoratio-2204  [004] ....  5334.416124: do_swap_page: swapin tgid 1616 2204 "ScreenDecoratio" 7f28d9c000 1ab02a 1 1
 ScreenDecoratio-2204  [004] d..2  5334.416125: free_swap_slot: swapfree cache 1ab02a
 ScreenDecoratio-2204  [004] d..2  5334.416126: free_swap_slot: swapfree cache 1ab029
 ScreenDecoratio-2204  [004] ....  5334.416129: do_swap_page: swapin tgid 1616 2204 "ScreenDecoratio" 7eb57bb000 1a303b 1 1
 ScreenDecoratio-2204  [004] d..2  5334.416131: free_swap_slot: swapfree cache 1ab090
 ScreenDecoratio-2204  [004] ....  5334.416133: do_swap_page: swapin tgid 1616 2204 "ScreenDecoratio" 7ec746c000 1a3048 1 1
 ScreenDecoratio-2204  [004] d..2  5334.416135: free_swap_slot: swapfree cache 1a3048
 ScreenDecoratio-2204  [004] ....  5334.416136: do_swap_page: swapin tgid 1616 2204 "ScreenDecoratio" 7ec7426000 1a303c 1 1
 ScreenDecoratio-2204  [004] d..2  5334.416138: free_swap_slot: swapfree cache 1a303c
 ScreenDecoratio-2204  [004] ....  5334.416140: do_swap_page: swapin tgid 1616 2204 "ScreenDecoratio" 7eb57b9000 1a3039 1 1
 ScreenDecoratio-2204  [004] d..2  5334.416141: free_swap_slot: swapfree cache 1a3039
 ScreenDecoratio-2204  [004] ....  5334.416147: do_swap_page: swapin tgid 1616 2204 "ScreenDecoratio" 7eb57b8000 429b0 0 1
           <...>-3721  [004] ....  5334.416190: do_swap_page: swapin tgid 1855 3721 "Binder:1855_B" 14617000 ca976 1 1
           <...>-3721  [004] ....  5334.416241: do_swap_page: swapin tgid 1855 3721 "Binder:1855_B" 7eb8da7000 1b703f 1 1
           <...>-3721  [004] d..2  5334.416246: free_swap_slot: swapfree cache 1b703f
           <...>-3721  [004] ....  5334.416270: do_swap_page: swapin tgid 1855 3721 "Binder:1855_B" 146a0000 1b7034 1 1
           <...>-3721  [004] d..2  5334.416273: free_swap_slot: swapfree cache 1b7034
 m.android.phone-1855  [004] ....  5334.416321: do_swap_page: swapin tgid 1855 1855 "m.android.phone" 14643000 1b7028 1 1
 m.android.phone-1855  [004] ....  5334.416366: do_swap_page: swapin tgid 1855 1855 "m.android.phone" 13427000 1b30fe 1 1
 m.android.phone-1855  [004] d..2  5334.416368: free_swap_slot: swapfree cache 1b30fe
 m.android.phone-1855  [004] ....  5334.416373: do_swap_page: swapin tgid 1855 1855 "m.android.phone" 7f28b2c000 1b7058 1 1
 m.android.phone-1855  [004] d..2  5334.416375: free_swap_slot: swapfree cache 1b7058
 m.android.phone-1855  [004] d..2  5334.416378: free_swap_slot: swapfree cache 1b7056
 m.android.phone-1855  [004] ....  5334.416383: do_swap_page: swapin tgid 1855 1855 "m.android.phone" 7f2d145000 e692e 0 1
 ScreenDecoratio-2204  [004] ....  5334.416406: do_swap_page: swapin tgid 1616 2204 "ScreenDecoratio" 7eb57b8000 429b0 1 1
 ScreenDecoratio-2204  [004] ....  5334.416416: do_swap_page: swapin tgid 1616 2204 "ScreenDecoratio" 7f2f0ff000 1af054 1 1
 ScreenDecoratio-2204  [004] d..2  5334.416419: free_swap_slot: swapfree cache 1af054
 ScreenDecoratio-2204  [004] ....  5334.416423: do_swap_page: swapin tgid 1616 2204 "ScreenDecoratio" 12dce000 18708b 1 1
 ScreenDecoratio-2204  [004] d..2  5334.416424: free_swap_slot: swapfree cache 18708b
