           <...>-2254  [004] ....  8701.339624: do_swap_page: swapin tgid 1668 2254 "ScreenDecoratio" 9d8db000 c476c 1 1
           <...>-2254  [004] ....  8701.339637: do_swap_page: swapin tgid 1668 2254 "ScreenDecoratio" 13dff000 c0738 1 1
           <...>-2254  [004] d..2  8701.339639: free_swap_slot: swapfree cache c0738
           <...>-2254  [004] ....  8701.339642: do_swap_page: swapin tgid 1668 2254 "ScreenDecoratio" 7ec4cd2000 d0712 1 1
    RenderThread-2111  [004] d..2  8701.339683: free_swap_slot: swapfree cache d0728
 droid.launcher3-2004  [004] ....  8701.339727: do_swap_page: swapin tgid 2004 2004 "droid.launcher3" 9d902000 84670 1 1
 droid.launcher3-2004  [004] ....  8701.339732: do_swap_page: swapin tgid 2004 2004 "droid.launcher3" 9d901000 8466f 0 1
           <...>-2254  [004] d..2  8701.339756: free_swap_slot: swapfree cache d0712
           <...>-2254  [004] ....  8701.339776: do_swap_page: swapin tgid 1668 2254 "ScreenDecoratio" 7f288c0000 d4767 1 1
           <...>-2254  [004] d..2  8701.339778: free_swap_slot: swapfree cache d4767
           <...>-2254  [004] ....  8701.339789: do_swap_page: swapin tgid 1668 2254 "ScreenDecoratio" 7ed1339000 3bf04 0 1
           <...>-1899  [004] ....  8701.339820: do_swap_page: swapin tgid 1899 1899 "m.android.phone" 14682000 a7a71 1 1
 droid.launcher3-2004  [004] ....  8701.339850: do_swap_page: swapin tgid 2004 2004 "droid.launcher3" 9d901000 8466f 1 1
 droid.launcher3-2004  [004] ....  8701.339855: do_swap_page: swapin tgid 2004 2004 "droid.launcher3" 9d958000 f3a25 0 1
           <...>-15007 [004] ....  8701.340965: do_swap_page: swapin tgid 14992 15007 "Binder:14992_2" 12d40000 1f86bd 1 1
           <...>-15007 [004] ....  8701.340971: do_swap_page: swapin tgid 14992 15007 "Binder:14992_2" 12d00000 1f86b9 0 1
 droid.launcher3-2004  [004] ....  8701.340992: do_swap_page: swapin tgid 2004 2004 "droid.launcher3" 9d958000 f3a25 1 1
 droid.launcher3-2004  [004] ....  8701.341000: do_swap_page: swapin tgid 2004 2004 "droid.launcher3" 9d891000 efa5e 0 1
           <...>-1370  [004] ....  8701.341077: do_swap_page: swapin tgid 1345 1370 "android.anim" 9d8cc000 1339b8 0 1
  Binder:1345_14-3928  [004] ....  8701.341117: do_swap_page: swapin tgid 1345 3928 "Binder:1345_14" 7fbc33a000 af8a1 0 28
 droid.launcher3-2004  [004] ....  8701.341174: do_swap_page: swapin tgid 2004 2004 "droid.launcher3" 9d891000 efa5e 1 1
 droid.launcher3-2004  [004] ....  8701.341179: do_swap_page: swapin tgid 2004 2004 "droid.launcher3" 9d976000 f3a43 0 1
           <...>-1899  [004] d..2  8701.341211: free_swap_slot: swapfree cache ec716
           <...>-1899  [004] ....  8701.341268: do_swap_page: swapin tgid 1899 1899 "m.android.phone" 71873000 ec730 1 1
           <...>-1899  [004] d..2  8701.341271: free_swap_slot: swapfree cache ec730
           <...>-1370  [004] ....  8701.341299: do_swap_page: swapin tgid 1345 1370 "android.anim" 9d8cc000 1339b8 1 1
           <...>-1370  [004] ....  8701.341306: do_swap_page: swapin tgid 1345 1370 "android.anim" 9db8b000 13f977 0 1
           <...>-2254  [004] ....  8701.341334: do_swap_page: swapin tgid 1668 2254 "ScreenDecoratio" 7ed1339000 3bf04 1 1
 droid.launcher3-2004  [004] ....  8701.341378: do_swap_page: swapin tgid 2004 2004 "droid.launcher3" 9d976000 f3a43 1 1
 droid.launcher3-2004  [004] ....  8701.341387: do_swap_page: swapin tgid 2004 2004 "droid.launcher3" 9d896000 84634 0 1
           <...>-5260  [004] ....  8701.341552: do_swap_page: swapin tgid 1345 5260 "Binder:1345_16" 7eb4f03000 a0700 1 1
           <...>-5260  [004] d..2  8701.341558: free_swap_slot: swapfree cache a0700
           <...>-5260  [004] ....  8701.341724: do_swap_page: swapin tgid 1345 5260 "Binder:1345_16" 9db91000 13f97d 0 1
           <...>-17896 [004] ....  8701.341753: do_swap_page: swapin tgid 17664 17896 "Binder:17664_4" 7fbe23c000 1fc6bf 1 1
           <...>-17896 [004] ....  8701.341759: do_swap_page: swapin tgid 17664 17896 "Binder:17664_4" 7ed411b000 b08b3 1 1
           <...>-17896 [004] d..2  8701.341760: free_swap_slot: swapfree cache b08b3
           <...>-17896 [004] ....  8701.341764: do_swap_page: swapin tgid 17664 17896 "Binder:17664_4" 7f318bf000 1fc683 0 1
 droid.launcher3-2004  [004] ....  8701.341784: do_swap_page: swapin tgid 2004 2004 "droid.launcher3" 9d896000 84634 1 1
 droid.launcher3-2004  [004] ....  8701.341791: do_swap_page: swapin tgid 2004 2004 "droid.launcher3" 9d960000 f4777 1 1
 droid.launcher3-2004  [004] ....  8701.341795: do_swap_page: swapin tgid 2004 2004 "droid.launcher3" 9d959000 f4775 1 1
 droid.launcher3-2004  [004] ....  8701.341799: do_swap_page: swapin tgid 2004 2004 "droid.launcher3" 9d87c000 84625 0 1
           <...>-1370  [004] ....  8701.341822: do_swap_page: swapin tgid 1345 1370 "android.anim" 9db8b000 13f977 1 1
           <...>-5260  [004] ....  8701.341876: do_swap_page: swapin tgid 1345 5260 "Binder:1345_16" 9db91000 13f97d 1 1
           <...>-5260  [004] ....  8701.342065: do_swap_page: swapin tgid 1345 5260 "Binder:1345_16" 7e6e37d000 907f8 1 1
           <...>-5260  [004] d..2  8701.342068: free_swap_slot: swapfree cache 907f8
           <...>-5260  [004] ....  8701.342072: do_swap_page: swapin tgid 1345 5260 "Binder:1345_16" 7e86a70000 98790 1 1
           <...>-5260  [004] d..2  8701.342073: free_swap_slot: swapfree cache 98790
           <...>-5260  [004] ....  8701.342078: do_swap_page: swapin tgid 1345 5260 "Binder:1345_16" 7e6e37e000 907f9 1 1
           <...>-5260  [004] d..2  8701.342079: free_swap_slot: swapfree cache 907f9
           <...>-5260  [004] d..2  8701.342086: free_swap_slot: swapfree cache a8793
           <...>-5260  [004] ....  8701.342088: do_swap_page: swapin tgid 1345 5260 "Binder:1345_16" 7f28a3e000 a8794 1 1
           <...>-5260  [004] d..2  8701.342089: free_swap_slot: swapfree cache a8794
           <...>-5260  [004] ....  8701.342093: do_swap_page: swapin tgid 1345 5260 "Binder:1345_16" 7e868ca000 98732 1 1
           <...>-5260  [004] d..2  8701.342094: free_swap_slot: swapfree cache 98732
           <...>-5260  [004] ....  8701.342130: do_swap_page: swapin tgid 1345 5260 "Binder:1345_16" 7eb4db1000 9c7ab 1 1
           <...>-5260  [004] d..2  8701.342133: free_swap_slot: swapfree cache 9c7ab
           <...>-5260  [004] ....  8701.342136: do_swap_page: swapin tgid 1345 5260 "Binder:1345_16" 7eb4db2000 9c7ac 1 1
           <...>-5260  [004] d..2  8701.342137: free_swap_slot: swapfree cache 9c7ac
           <...>-5260  [004] ....  8701.342141: do_swap_page: swapin tgid 1345 5260 "Binder:1345_16" 7ed0da6000 a4747 1 1
           <...>-5260  [004] d..2  8701.342143: free_swap_slot: swapfree cache a4747
           <...>-5260  [004] ....  8701.342144: do_swap_page: swapin tgid 1345 5260 "Binder:1345_16" 7e6e27d000 907cc 1 1
           <...>-5260  [004] d..2  8701.342146: free_swap_slot: swapfree cache 907cc
           <...>-5260  [004] ....  8701.342147: do_swap_page: swapin tgid 1345 5260 "Binder:1345_16" 7ed0da7000 a4748 1 1
           <...>-5260  [004] d..2  8701.342152: free_swap_slot: swapfree cache a4748
           <...>-5260  [004] ....  8701.342168: do_swap_page: swapin tgid 1345 5260 "Binder:1345_16" 7ed0cc7000 a4721 1 1
           <...>-5260  [004] d..2  8701.342169: free_swap_slot: swapfree cache a4721
           <...>-5260  [004] ....  8701.342173: do_swap_page: swapin tgid 1345 5260 "Binder:1345_16" 7e868d1000 98737 1 1
           <...>-5260  [004] d..2  8701.342174: free_swap_slot: swapfree cache 98737
           <...>-5260  [004] ....  8701.342179: do_swap_page: swapin tgid 1345 5260 "Binder:1345_16" 7eb4edd000 9c7f6 1 1
           <...>-5260  [004] d..2  8701.342181: free_swap_slot: swapfree cache 9c7f6
           <...>-5260  [004] ....  8701.342185: do_swap_page: swapin tgid 1345 5260 "Binder:1345_16" 7e86be2000 987a8 1 1
           <...>-5260  [004] d..2  8701.342186: free_swap_slot: swapfree cache 987a8
           <...>-5260  [004] ....  8701.342190: do_swap_page: swapin tgid 1345 5260 "Binder:1345_16" 7e86a0d000 98786 1 1
           <...>-5260  [004] d..2  8701.342191: free_swap_slot: swapfree cache 98786
           <...>-5260  [004] ....  8701.342193: do_swap_page: swapin tgid 1345 5260 "Binder:1345_16" 7e86a0e000 98787 1 1
           <...>-5260  [004] d..2  8701.342194: free_swap_slot: swapfree cache 98787
           <...>-5260  [004] ....  8701.342206: do_swap_page: swapin tgid 1345 5260 "Binder:1345_16" 7e6e325000 907ef 1 1
           <...>-5260  [004] d..2  8701.342207: free_swap_slot: swapfree cache 907ef
           <...>-5260  [004] ....  8701.342211: do_swap_page: swapin tgid 1345 5260 "Binder:1345_16" 7e6e326000 907f0 1 1
           <...>-5260  [004] d..2  8701.342212: free_swap_slot: swapfree cache 907f0
           <...>-5260  [004] ....  8701.342507: do_swap_page: swapin tgid 1345 5260 "Binder:1345_16" 9dbc6000 13f9b2 0 1
 droid.launcher3-2004  [004] ....  8701.342540: do_swap_page: swapin tgid 2004 2004 "droid.launcher3" 9d87c000 84625 1 1
 droid.launcher3-2004  [004] ....  8701.342547: do_swap_page: swapin tgid 2004 2004 "droid.launcher3" 9d96d000 f3a3a 0 1
  Binder:1345_14-3928  [004] ....  8701.342580: do_swap_page: swapin tgid 1345 3928 "Binder:1345_14" 7fbc33a000 af8a1 1 28
  Binder:1345_14-3928  [004] ....  8701.342612: do_swap_page: swapin tgid 1345 3928 "Binder:1345_14" 7ed0e0f000 a4772 1 1
  Binder:1345_14-3928  [004] d..2  8701.342614: free_swap_slot: swapfree cache a4772
  Binder:1345_14-3928  [004] d..2  8701.342658: free_swap_slot: swapfree cache 9471f
 droid.launcher3-2004  [004] ....  8701.342739: do_swap_page: swapin tgid 2004 2004 "droid.launcher3" 9d96d000 f3a3a 1 1
 droid.launcher3-2004  [004] d..2  8701.342748: free_swap_slot: swapfree cache f0793
 droid.launcher3-2004  [004] ....  8701.342757: do_swap_page: swapin tgid 2004 2004 "droid.launcher3" 7fbe2f6000 1047ec 1 1
 droid.launcher3-2004  [004] d..2  8701.342759: free_swap_slot: swapfree cache 1047ec
 droid.launcher3-2004  [004] d..2  8701.342766: free_swap_slot: swapfree cache 1047f9
 droid.launcher3-2004  [004] ....  8701.342774: do_swap_page: swapin tgid 2004 2004 "droid.launcher3" 7f28893000 fc7f3 1 1
 droid.launcher3-2004  [004] d..2  8701.342776: free_swap_slot: swapfree cache fc7f3
 droid.launcher3-2004  [004] ....  8701.342781: do_swap_page: swapin tgid 2004 2004 "droid.launcher3" 7eceb98000 fc769 1 1
 droid.launcher3-2004  [004] ....  8701.342786: do_swap_page: swapin tgid 2004 2004 "droid.launcher3" 7f288d6000 117aeb 0 1
           <...>-15007 [004] ....  8701.342814: do_swap_page: swapin tgid 14992 15007 "Binder:14992_2" 12d00000 1f86b9 1 1
           <...>-15007 [004] ....  8701.342825: do_swap_page: swapin tgid 14992 15007 "Binder:14992_2" 12ea1000 b0885 1 1
           <...>-15007 [004] d..2  8701.342831: free_swap_slot: swapfree cache b088d
           <...>-15007 [004] ....  8701.342836: do_swap_page: swapin tgid 14992 15007 "Binder:14992_2" 7fbe24e000 17856e 0 1
           <...>-5260  [004] ....  8701.342853: do_swap_page: swapin tgid 1345 5260 "Binder:1345_16" 9dbc6000 13f9b2 1 1
           <...>-5260  [004] ....  8701.342972: do_swap_page: swapin tgid 1345 5260 "Binder:1345_16" 7ed0f07000 a47f5 1 1
           <...>-5260  [004] d..2  8701.342974: free_swap_slot: swapfree cache a47f5
 droid.launcher3-2004  [004] ....  8701.343040: do_swap_page: swapin tgid 2004 2004 "droid.launcher3" 7f288d6000 117aeb 1 1
 droid.launcher3-2004  [004] ....  8701.343049: do_swap_page: swapin tgid 2004 2004 "droid.launcher3" 7f28a3e000 11ba5f 0 1
           <...>-1370  [004] ....  8701.343222: do_swap_page: swapin tgid 1345 1370 "android.anim" 7e5c7bf000 8c749 1 1
    Binder:599_1-620   [004] d..2  8701.343266: free_swap_slot: swapfree cache 1472b
    Binder:599_1-620   [004] ....  8701.343273: do_swap_page: swapin tgid 599 620 "Binder:599_1" 7fba67a000 10761 1 1
    Binder:599_1-620   [004] d..2  8701.343275: free_swap_slot: swapfree cache 10761
    Binder:599_1-620   [004] ....  8701.343286: do_swap_page: swapin tgid 599 620 "Binder:599_1" 7fba67b000 10762 1 1
    Binder:599_1-620   [004] d..2  8701.343287: free_swap_slot: swapfree cache 10762
    Binder:599_1-620   [004] d..2  8701.343302: free_swap_slot: swapfree cache 107f6
 droid.launcher3-2004  [004] ....  8701.343351: do_swap_page: swapin tgid 2004 2004 "droid.launcher3" 7f28a3e000 11ba5f 1 1
 droid.launcher3-2004  [004] d..2  8701.343380: free_swap_slot: swapfree cache f4733
 droid.launcher3-2004  [004] ....  8701.343384: do_swap_page: swapin tgid 2004 2004 "droid.launcher3" 9d8ee000 8465c 0 1
 droid.launcher3-2004  [004] ....  8701.343629: do_swap_page: swapin tgid 2004 2004 "droid.launcher3" 9d8ee000 8465c 1 1
 droid.launcher3-2004  [004] ....  8701.343652: do_swap_page: swapin tgid 2004 2004 "droid.launcher3" 9d8fb000 84669 0 1
 ndroid.systemui-1668  [004] d..2  8701.343702: free_swap_slot: swapfree cache d87a2
 ndroid.systemui-1668  [004] ....  8701.343705: do_swap_page: swapin tgid 1668 1668 "ndroid.systemui" 7f3983b000 d87bc 1 1
 ndroid.systemui-1668  [004] d..2  8701.343707: free_swap_slot: swapfree cache d87bc
 ndroid.systemui-1668  [004] ....  8701.343711: do_swap_page: swapin tgid 1668 1668 "ndroid.systemui" 7ec4fcc000 d075a 1 1
 ndroid.systemui-1668  [004] d..2  8701.343713: free_swap_slot: swapfree cache d075a
 ndroid.systemui-1668  [004] ....  8701.343734: do_swap_page: swapin tgid 1668 1668 "ndroid.systemui" 7f3986d000 d87e5 1 1
 ndroid.systemui-1668  [004] d..2  8701.343738: free_swap_slot: swapfree cache d87e5
 droid.launcher3-2004  [004] ....  8701.343769: do_swap_page: swapin tgid 2004 2004 "droid.launcher3" 9d8fb000 84669 1 1
 droid.launcher3-2004  [004] ....  8701.343774: do_swap_page: swapin tgid 2004 2004 "droid.launcher3" 9d952000 f3a1f 0 1
 ndroid.systemui-1668  [004] ....  8701.343799: do_swap_page: swapin tgid 1668 1668 "ndroid.systemui" 7eb5909000 cc7bd 1 1
 ndroid.systemui-1668  [004] d..2  8701.343801: free_swap_slot: swapfree cache cc7bd
 ndroid.systemui-1668  [004] d..2  8701.343913: free_swap_slot: swapfree cache b47b5
 droid.launcher3-2004  [004] ....  8701.343943: do_swap_page: swapin tgid 2004 2004 "droid.launcher3" 9d952000 f3a1f 1 1
 droid.launcher3-2004  [004] ....  8701.343950: do_swap_page: swapin tgid 2004 2004 "droid.launcher3" 9d904000 84672 0 1
 droid.launcher3-2004  [004] ....  8701.344078: do_swap_page: swapin tgid 2004 2004 "droid.launcher3" 9d904000 84672 1 1
 droid.launcher3-2004  [004] ....  8701.344088: do_swap_page: swapin tgid 2004 2004 "droid.launcher3" 13296000 80625 0 1
           <...>-2254  [004] ....  8701.344133: do_swap_page: swapin tgid 1668 2254 "ScreenDecoratio" 13337000 b47fe 1 1
           <...>-2254  [004] ....  8701.344167: do_swap_page: swapin tgid 1668 2254 "ScreenDecoratio" 71960000 1eb9d3 0 1
 droid.launcher3-2004  [004] ....  8701.344215: do_swap_page: swapin tgid 2004 2004 "droid.launcher3" 13296000 80625 1 1
 droid.launcher3-2004  [004] ....  8701.344237: do_swap_page: swapin tgid 2004 2004 "droid.launcher3" 9d8ca000 efa97 0 1
 ndroid.systemui-1668  [004] ....  8701.344319: do_swap_page: swapin tgid 1668 1668 "ndroid.systemui" 13cf7000 bc74d 1 1
 ndroid.systemui-1668  [004] ....  8701.344326: do_swap_page: swapin tgid 1668 1668 "ndroid.systemui" 13c48000 b87fe 1 1
 ndroid.systemui-1668  [004] ....  8701.344342: do_swap_page: swapin tgid 1668 1668 "ndroid.systemui" 13d53000 4066f 0 1
 android.display-1369  [004] ....  8701.344478: do_swap_page: swapin tgid 1345 1369 "android.display" 9dc6a000 887b4 1 1
 android.display-1369  [004] d..2  8701.344505: free_swap_slot: swapfree cache 887b4
   Binder:1668_6-2257  [004] ....  8701.344667: do_swap_page: swapin tgid 1668 2257 "Binder:1668_6" 7fbe301000 dc769 1 1
   Binder:1668_6-2257  [004] d..2  8701.344671: free_swap_slot: swapfree cache dc769
           <...>-2026  [004] ....  8701.344736: do_swap_page: swapin tgid 2004 2026 "Binder:2004_1" 7fbe176000 1047a5 1 1
           <...>-2026  [004] d..2  8701.344757: free_swap_slot: swapfree cache 1047bd
           <...>-17896 [004] ....  8701.344809: do_swap_page: swapin tgid 17664 17896 "Binder:17664_4" 7f318bf000 1fc683 1 1
           <...>-17896 [004] ....  8701.344817: do_swap_page: swapin tgid 17664 17896 "Binder:17664_4" 12c5b000 1785a1 0 1
           <...>-15007 [004] ....  8701.344837: do_swap_page: swapin tgid 14992 15007 "Binder:14992_2" 7fbe24e000 17856e 1 1
           <...>-15007 [004] ....  8701.344852: do_swap_page: swapin tgid 14992 15007 "Binder:14992_2" 7f2df80000 3812b 1 1
           <...>-15007 [004] d..2  8701.344855: free_swap_slot: swapfree cache 3812b
           <...>-15007 [004] ....  8701.344858: do_swap_page: swapin tgid 14992 15007 "Binder:14992_2" 7fbe29c000 1fc60f 1 1
           <...>-15007 [004] d..2  8701.344860: free_swap_slot: swapfree cache 1fc60f
           <...>-15007 [004] d..2  8701.344877: free_swap_slot: swapfree cache 1fc604
           <...>-15007 [004] ....  8701.344881: do_swap_page: swapin tgid 14992 15007 "Binder:14992_2" 7fbdea9000 b3809 1 18
           <...>-15007 [004] ....  8701.344885: do_swap_page: swapin tgid 14992 15007 "Binder:14992_2" 7fbb7e6000 17851e 0 1
 droid.launcher3-2004  [004] ....  8701.344900: do_swap_page: swapin tgid 2004 2004 "droid.launcher3" 9d8ca000 efa97 1 1
 droid.launcher3-2004  [004] ....  8701.344911: do_swap_page: swapin tgid 2004 2004 "droid.launcher3" 9d8a4000 f4764 1 1
 droid.launcher3-2004  [004] ....  8701.344931: do_swap_page: swapin tgid 2004 2004 "droid.launcher3" 7fbe260000 1047dc 1 1
 droid.launcher3-2004  [004] ....  8701.344937: do_swap_page: swapin tgid 2004 2004 "droid.launcher3" 7fbe1a4000 1047b2 1 1
 droid.launcher3-2004  [004] d..2  8701.344941: swapcache_free_entries: swapfree direct 14725
 droid.launcher3-2004  [004] d..3  8701.344942: swapcache_free_entries: swapfree direct 107fb
 droid.launcher3-2004  [004] d..3  8701.344943: swapcache_free_entries: swapfree direct 107ee
 droid.launcher3-2004  [004] d..3  8701.344943: swapcache_free_entries: swapfree direct 107e4
 droid.launcher3-2004  [004] d..3  8701.344944: swapcache_free_entries: swapfree direct 1076d
 droid.launcher3-2004  [004] d..3  8701.344944: swapcache_free_entries: swapfree direct 10764
 droid.launcher3-2004  [004] d..3  8701.344945: swapcache_free_entries: swapfree direct 10763
 droid.launcher3-2004  [004] d..3  8701.344945: swapcache_free_entries: swapfree direct 10798
 droid.launcher3-2004  [004] d..3  8701.344945: swapcache_free_entries: swapfree direct 107e2
 droid.launcher3-2004  [004] d..3  8701.344946: swapcache_free_entries: swapfree direct 10767
 droid.launcher3-2004  [004] d..3  8701.344946: swapcache_free_entries: swapfree direct 10766
 droid.launcher3-2004  [004] d..3  8701.344947: swapcache_free_entries: swapfree direct b08b2
 droid.launcher3-2004  [004] d..3  8701.344948: swapcache_free_entries: swapfree direct c0738
 droid.launcher3-2004  [004] d..3  8701.344949: swapcache_free_entries: swapfree direct d0728
 droid.launcher3-2004  [004] d..3  8701.344950: swapcache_free_entries: swapfree direct d0712
 droid.launcher3-2004  [004] d..3  8701.344950: swapcache_free_entries: swapfree direct d4767
 droid.launcher3-2004  [004] d..3  8701.344952: swapcache_free_entries: swapfree direct ec716
 droid.launcher3-2004  [004] d..3  8701.344952: swapcache_free_entries: swapfree direct ec730
 droid.launcher3-2004  [004] d..3  8701.344953: swapcache_free_entries: swapfree direct a0700
 droid.launcher3-2004  [004] d..3  8701.344954: swapcache_free_entries: swapfree direct b08b3
 droid.launcher3-2004  [004] d..3  8701.344954: swapcache_free_entries: swapfree direct 907f8
 droid.launcher3-2004  [004] d..3  8701.344955: swapcache_free_entries: swapfree direct 98790
 droid.launcher3-2004  [004] d..3  8701.344956: swapcache_free_entries: swapfree direct 907f9
 droid.launcher3-2004  [004] d..3  8701.344956: swapcache_free_entries: swapfree direct a8793
 droid.launcher3-2004  [004] d..3  8701.344956: swapcache_free_entries: swapfree direct a8794
 droid.launcher3-2004  [004] d..3  8701.344957: swapcache_free_entries: swapfree direct 98732
 droid.launcher3-2004  [004] d..3  8701.344957: swapcache_free_entries: swapfree direct 9c7ab
 droid.launcher3-2004  [004] d..3  8701.344958: swapcache_free_entries: swapfree direct 9c7ac
 droid.launcher3-2004  [004] d..3  8701.344958: swapcache_free_entries: swapfree direct a4747
 droid.launcher3-2004  [004] d..3  8701.344959: swapcache_free_entries: swapfree direct 907cc
 droid.launcher3-2004  [004] d..3  8701.344959: swapcache_free_entries: swapfree direct a4748
 droid.launcher3-2004  [004] d..3  8701.344960: swapcache_free_entries: swapfree direct a4721
 droid.launcher3-2004  [004] d..3  8701.344960: swapcache_free_entries: swapfree direct 98737
 droid.launcher3-2004  [004] d..3  8701.344960: swapcache_free_entries: swapfree direct 9c7f6
 droid.launcher3-2004  [004] d..3  8701.344961: swapcache_free_entries: swapfree direct 987a8
 droid.launcher3-2004  [004] d..3  8701.344961: swapcache_free_entries: swapfree direct 98786
 droid.launcher3-2004  [004] d..3  8701.344962: swapcache_free_entries: swapfree direct 98787
 droid.launcher3-2004  [004] d..3  8701.344962: swapcache_free_entries: swapfree direct 907ef
 droid.launcher3-2004  [004] d..3  8701.344962: swapcache_free_entries: swapfree direct 907f0
 droid.launcher3-2004  [004] d..3  8701.344963: swapcache_free_entries: swapfree direct a4772
 droid.launcher3-2004  [004] d..3  8701.344963: swapcache_free_entries: swapfree direct 9471f
 droid.launcher3-2004  [004] d..3  8701.344964: swapcache_free_entries: swapfree direct f0793
 droid.launcher3-2004  [004] d..3  8701.344964: swapcache_free_entries: swapfree direct 1047ec
 droid.launcher3-2004  [004] d..3  8701.344965: swapcache_free_entries: swapfree direct 1047f9
 droid.launcher3-2004  [004] d..3  8701.344965: swapcache_free_entries: swapfree direct fc7f3
 droid.launcher3-2004  [004] d..3  8701.344967: swapcache_free_entries: swapfree direct b088d
 droid.launcher3-2004  [004] d..3  8701.344967: swapcache_free_entries: swapfree direct a47f5
 droid.launcher3-2004  [004] d..3  8701.344968: swapcache_free_entries: swapfree direct 1472b
 droid.launcher3-2004  [004] d..3  8701.344968: swapcache_free_entries: swapfree direct 10761
 droid.launcher3-2004  [004] d..3  8701.344969: swapcache_free_entries: swapfree direct 10762
 droid.launcher3-2004  [004] d..3  8701.344969: swapcache_free_entries: swapfree direct 107f6
 droid.launcher3-2004  [004] d..3  8701.344969: swapcache_free_entries: swapfree direct f4733
 droid.launcher3-2004  [004] d..3  8701.344970: swapcache_free_entries: swapfree direct d87a2
 droid.launcher3-2004  [004] d..3  8701.344971: swapcache_free_entries: swapfree direct d87bc
 droid.launcher3-2004  [004] d..3  8701.344971: swapcache_free_entries: swapfree direct d075a
 droid.launcher3-2004  [004] d..3  8701.344972: swapcache_free_entries: swapfree direct d87e5
 droid.launcher3-2004  [004] d..3  8701.344972: swapcache_free_entries: swapfree direct cc7bd
 droid.launcher3-2004  [004] d..3  8701.344973: swapcache_free_entries: swapfree direct b47b5
 droid.launcher3-2004  [004] d..3  8701.344973: swapcache_free_entries: swapfree direct 887b4
 droid.launcher3-2004  [004] d..3  8701.344974: swapcache_free_entries: swapfree direct dc769
 droid.launcher3-2004  [004] d..3  8701.344974: swapcache_free_entries: swapfree direct 1047bd
 droid.launcher3-2004  [004] d..3  8701.344975: swapcache_free_entries: swapfree direct 3812b
 droid.launcher3-2004  [004] d..3  8701.344976: swapcache_free_entries: swapfree direct 1fc60f
 droid.launcher3-2004  [004] d..3  8701.344976: swapcache_free_entries: swapfree direct 1fc604
 droid.launcher3-2004  [004] d..2  8701.344977: free_swap_slot: swapfree cache 1047b2
 droid.launcher3-2004  [004] ....  8701.345016: do_swap_page: swapin tgid 2004 2004 "droid.launcher3" 9d854000 8460e 0 1
 droid.launcher3-2004  [004] ....  8701.345145: do_swap_page: swapin tgid 2004 2004 "droid.launcher3" 9d854000 8460e 1 1
 droid.launcher3-2004  [004] ....  8701.345150: do_swap_page: swapin tgid 2004 2004 "droid.launcher3" 9d900000 8466e 0 1
           <...>-2254  [004] ....  8701.345202: do_swap_page: swapin tgid 1668 2254 "ScreenDecoratio" 71960000 1eb9d3 1 1
 droid.launcher3-2004  [004] ....  8701.345268: do_swap_page: swapin tgid 2004 2004 "droid.launcher3" 9d900000 8466e 1 1
 droid.launcher3-2004  [004] ....  8701.345273: do_swap_page: swapin tgid 2004 2004 "droid.launcher3" 9d956000 f3a23 0 1
           <...>-2254  [004] d..2  8701.345337: free_swap_slot: swapfree cache cc7e6
 droid.launcher3-2004  [004] ....  8701.345414: do_swap_page: swapin tgid 2004 2004 "droid.launcher3" 9d956000 f3a23 1 1
 droid.launcher3-2004  [004] ....  8701.345422: do_swap_page: swapin tgid 2004 2004 "droid.launcher3" 13c5a000 f4730 1 1
 droid.launcher3-2004  [004] d..2  8701.345427: free_swap_slot: swapfree cache f0790
 droid.launcher3-2004  [004] ....  8701.345428: do_swap_page: swapin tgid 2004 2004 "droid.launcher3" 9d995000 f3a62 0 1
           <...>-2254  [004] d..2  8701.345458: free_swap_slot: swapfree cache d078c
           <...>-2254  [004] ....  8701.345498: do_swap_page: swapin tgid 1668 2254 "ScreenDecoratio" 1369c000 b876b 1 1
           <...>-2254  [004] ....  8701.345504: do_swap_page: swapin tgid 1668 2254 "ScreenDecoratio" 1330c000 b47d3 1 1
           <...>-2254  [004] ....  8701.345512: do_swap_page: swapin tgid 1668 2254 "ScreenDecoratio" 719e3000 c4706 1 1
 droid.launcher3-2004  [004] ....  8701.345548: do_swap_page: swapin tgid 2004 2004 "droid.launcher3" 9d995000 f3a62 1 1
 droid.launcher3-2004  [004] ....  8701.345553: do_swap_page: swapin tgid 2004 2004 "droid.launcher3" 9d9ac000 f3a79 0 1
           <...>-2254  [004] ....  8701.345602: do_swap_page: swapin tgid 1668 2254 "ScreenDecoratio" 7f28a66000 d47ac 1 1
           <...>-2254  [004] d..2  8701.345605: free_swap_slot: swapfree cache d47ac
           <...>-2254  [004] ....  8701.345619: do_swap_page: swapin tgid 1668 2254 "ScreenDecoratio" 9d9d8000 c8701 1 1
           <...>-2254  [004] ....  8701.345624: do_swap_page: swapin tgid 1668 2254 "ScreenDecoratio" 9d959000 1f3940 0 1
 ndroid.systemui-1668  [004] ....  8701.345656: do_swap_page: swapin tgid 1668 1668 "ndroid.systemui" 13d53000 4066f 1 1
 ndroid.systemui-1668  [004] ....  8701.345660: do_swap_page: swapin tgid 1668 1668 "ndroid.systemui" 9d9a5000 c47ce 1 1
 ndroid.systemui-1668  [004] ....  8701.345664: do_swap_page: swapin tgid 1668 1668 "ndroid.systemui" 9db16000 1f79fd 0 1
 droid.launcher3-2004  [004] ....  8701.345724: do_swap_page: swapin tgid 2004 2004 "droid.launcher3" 9d9ac000 f3a79 1 1
 droid.launcher3-2004  [004] ....  8701.345729: do_swap_page: swapin tgid 2004 2004 "droid.launcher3" 9d9a5000 f3a72 0 1
           <...>-17896 [004] ....  8701.345791: do_swap_page: swapin tgid 17664 17896 "Binder:17664_4" 12c5b000 1785a1 1 1
           <...>-17896 [004] ....  8701.345799: do_swap_page: swapin tgid 17664 17896 "Binder:17664_4" 7fbe286000 b781e 1 5
           <...>-17896 [004] ....  8701.345801: do_swap_page: swapin tgid 17664 17896 "Binder:17664_4" 7fbe285000 b781d 1 5
           <...>-17896 [004] ....  8701.345806: do_swap_page: swapin tgid 17664 17896 "Binder:17664_4" 7f393f5000 1805ce 0 1
           <...>-2254  [004] ....  8701.345823: do_swap_page: swapin tgid 1668 2254 "ScreenDecoratio" 9d959000 1f3940 1 1
           <...>-2254  [004] ....  8701.345829: do_swap_page: swapin tgid 1668 2254 "ScreenDecoratio" 9db43000 1fb92a 0 1
 ndroid.systemui-1668  [004] ....  8701.345868: do_swap_page: swapin tgid 1668 1668 "ndroid.systemui" 9db16000 1f79fd 1 1
 ndroid.systemui-1668  [004] ....  8701.345871: do_swap_page: swapin tgid 1668 1668 "ndroid.systemui" 9da50000 1f7937 0 1
 droid.launcher3-2004  [004] ....  8701.345964: do_swap_page: swapin tgid 2004 2004 "droid.launcher3" 9d9a5000 f3a72 1 1
 droid.launcher3-2004  [004] ....  8701.345972: do_swap_page: swapin tgid 2004 2004 "droid.launcher3" 9d9ab000 f3a78 0 1
           <...>-2254  [004] ....  8701.346063: do_swap_page: swapin tgid 1668 2254 "ScreenDecoratio" 9db43000 1fb92a 1 1
           <...>-2254  [004] ....  8701.346070: do_swap_page: swapin tgid 1668 2254 "ScreenDecoratio" 9da89000 1f7970 0 1
           <...>-15007 [004] ....  8701.346115: do_swap_page: swapin tgid 14992 15007 "Binder:14992_2" 7fbb7e6000 17851e 1 1
           <...>-15007 [004] d..2  8701.346125: free_swap_slot: swapfree cache b0885
           <...>-15007 [004] ....  8701.346128: do_swap_page: swapin tgid 14992 15007 "Binder:14992_2" 7f34ed2000 b0893 1 1
           <...>-15007 [004] d..2  8701.346130: free_swap_slot: swapfree cache b0893
           <...>-15007 [004] ....  8701.346131: do_swap_page: swapin tgid 14992 15007 "Binder:14992_2" 12d46000 b0884 1 1
           <...>-15007 [004] d..2  8701.346132: free_swap_slot: swapfree cache b0884
           <...>-15007 [004] ....  8701.346136: do_swap_page: swapin tgid 14992 15007 "Binder:14992_2" 7fbe1e7000 178555 0 1
 ndroid.systemui-1668  [004] ....  8701.346154: do_swap_page: swapin tgid 1668 1668 "ndroid.systemui" 9da50000 1f7937 1 1
 ndroid.systemui-1668  [004] ....  8701.346179: do_swap_page: swapin tgid 1668 1668 "ndroid.systemui" 13e3d000 c0767 1 1
 droid.launcher3-2004  [004] ....  8701.346206: do_swap_page: swapin tgid 2004 2004 "droid.launcher3" 9d9ab000 f3a78 1 1
 droid.launcher3-2004  [004] ....  8701.346212: do_swap_page: swapin tgid 2004 2004 "droid.launcher3" 9d9a3000 f3a70 0 1
 ndroid.systemui-1668  [004] d..2  8701.346239: free_swap_slot: swapfree cache c0767
 droid.launcher3-2004  [004] ....  8701.346380: do_swap_page: swapin tgid 2004 2004 "droid.launcher3" 9d9a3000 f3a70 1 1
 droid.launcher3-2004  [004] ....  8701.346435: do_swap_page: swapin tgid 2004 2004 "droid.launcher3" 7eced80000 fc7c2 1 1
    RenderThread-2557  [004] ....  8701.346459: do_swap_page: swapin tgid 2004 2557 "RenderThread" 7ec8d18000 f8795 1 1
    RenderThread-2557  [004] ....  8701.346466: do_swap_page: swapin tgid 2004 2557 "RenderThread" 7f28ad5000 10075f 1 1
    RenderThread-2557  [004] ....  8701.346471: do_swap_page: swapin tgid 2004 2557 "RenderThread" 7f39843000 104771 1 1
    RenderThread-2557  [004] ....  8701.346475: do_swap_page: swapin tgid 2004 2557 "RenderThread" 7fba5a9000 af878 1 21
    RenderThread-2557  [004] ....  8701.346477: do_swap_page: swapin tgid 2004 2557 "RenderThread" 7f39804000 10474d 1 1
    RenderThread-2557  [004] d..2  8701.346482: free_swap_slot: swapfree cache 10474d
    RenderThread-2557  [004] d..2  8701.346484: free_swap_slot: swapfree cache 104771
    RenderThread-2557  [004] ....  8701.346486: do_swap_page: swapin tgid 2004 2557 "RenderThread" 7f39830000 10475f 1 1
    RenderThread-2557  [004] ....  8701.346487: do_swap_page: swapin tgid 2004 2557 "RenderThread" 7f3982d000 10475c 1 1
    RenderThread-2557  [004] ....  8701.346489: do_swap_page: swapin tgid 2004 2557 "RenderThread" 7f3982e000 10475d 1 1
    RenderThread-2557  [004] d..2  8701.346491: free_swap_slot: swapfree cache 10475d
    RenderThread-2557  [004] d..2  8701.346492: free_swap_slot: swapfree cache 10475c
    RenderThread-2557  [004] ....  8701.346493: do_swap_page: swapin tgid 2004 2557 "RenderThread" 7f39832000 104761 1 1
    RenderThread-2557  [004] d..2  8701.346495: free_swap_slot: swapfree cache 104761
    RenderThread-2557  [004] d..2  8701.346496: free_swap_slot: swapfree cache 10475f
 droid.launcher3-2004  [004] ....  8701.346509: do_swap_page: swapin tgid 2004 2004 "droid.launcher3" 9d8df000 8464d 0 1
 droid.launcher3-2004  [004] ....  8701.346632: do_swap_page: swapin tgid 2004 2004 "droid.launcher3" 9d8df000 8464d 1 1
 droid.launcher3-2004  [004] ....  8701.346638: do_swap_page: swapin tgid 2004 2004 "droid.launcher3" 9d98a000 f3a57 0 1
 droid.launcher3-2004  [004] ....  8701.346778: do_swap_page: swapin tgid 2004 2004 "droid.launcher3" 9d98a000 f3a57 1 1
 droid.launcher3-2004  [004] ....  8701.346784: do_swap_page: swapin tgid 2004 2004 "droid.launcher3" 9d936000 f3a03 0 1
 droid.launcher3-2004  [004] ....  8701.346924: do_swap_page: swapin tgid 2004 2004 "droid.launcher3" 9d936000 f3a03 1 1
 droid.launcher3-2004  [004] ....  8701.346942: do_swap_page: swapin tgid 2004 2004 "droid.launcher3" 13c6f000 f4738 1 1
 droid.launcher3-2004  [004] ....  8701.346956: do_swap_page: swapin tgid 2004 2004 "droid.launcher3" 9d94e000 f3a1b 0 1
           <...>-2254  [004] ....  8701.346984: do_swap_page: swapin tgid 1668 2254 "ScreenDecoratio" 9da89000 1f7970 1 1
           <...>-2254  [004] ....  8701.346993: do_swap_page: swapin tgid 1668 2254 "ScreenDecoratio" 9d98b000 c47b4 1 1
           <...>-2254  [004] ....  8701.346995: do_swap_page: swapin tgid 1668 2254 "ScreenDecoratio" 9d962000 1f3949 0 1
 ndroid.systemui-1668  [004] ....  8701.347046: do_swap_page: swapin tgid 1668 1668 "ndroid.systemui" 13e28000 c075c 1 1
 droid.launcher3-2004  [004] ....  8701.347131: do_swap_page: swapin tgid 2004 2004 "droid.launcher3" 9d94e000 f3a1b 1 1
 droid.launcher3-2004  [004] ....  8701.347139: do_swap_page: swapin tgid 2004 2004 "droid.launcher3" 9d875000 84621 0 1
 ndroid.systemui-1668  [004] ....  8701.347199: do_swap_page: swapin tgid 1668 1668 "ndroid.systemui" 13c7e000 bc723 1 1
           <...>-17896 [004] ....  8701.347275: do_swap_page: swapin tgid 17664 17896 "Binder:17664_4" 7f393f5000 1805ce 1 1
           <...>-17896 [004] ....  8701.347283: do_swap_page: swapin tgid 17664 17896 "Binder:17664_4" 7fbe1f8000 184545 0 1
 droid.launcher3-2004  [004] ....  8701.347300: do_swap_page: swapin tgid 2004 2004 "droid.launcher3" 9d875000 84621 1 1
 droid.launcher3-2004  [004] ....  8701.347306: do_swap_page: swapin tgid 2004 2004 "droid.launcher3" 9d948000 f476a 1 1
 droid.launcher3-2004  [004] ....  8701.347309: do_swap_page: swapin tgid 2004 2004 "droid.launcher3" 9d8f7000 84665 0 1
           <...>-2254  [004] ....  8701.347385: do_swap_page: swapin tgid 1668 2254 "ScreenDecoratio" 9d962000 1f3949 1 1
           <...>-2254  [004] ....  8701.347397: do_swap_page: swapin tgid 1668 2254 "ScreenDecoratio" 9db1b000 1fb902 0 1
 droid.launcher3-2004  [004] ....  8701.347433: do_swap_page: swapin tgid 2004 2004 "droid.launcher3" 9d8f7000 84665 1 1
 droid.launcher3-2004  [004] ....  8701.347439: do_swap_page: swapin tgid 2004 2004 "droid.launcher3" 9d9a1000 f3a6e 0 1
 ndroid.systemui-1668  [004] ....  8701.347510: do_swap_page: swapin tgid 1668 1668 "ndroid.systemui" 9d9ad000 c47d6 1 1
 ndroid.systemui-1668  [004] ....  8701.347514: do_swap_page: swapin tgid 1668 1668 "ndroid.systemui" 9db1e000 1fb905 0 1
 droid.launcher3-2004  [004] ....  8701.347576: do_swap_page: swapin tgid 2004 2004 "droid.launcher3" 9d9a1000 f3a6e 1 1
 droid.launcher3-2004  [004] d..2  8701.347589: free_swap_slot: swapfree cache 104749
 droid.launcher3-2004  [004] ....  8701.347619: do_swap_page: swapin tgid 2004 2004 "droid.launcher3" 12f18000 f07bc 1 1
 droid.launcher3-2004  [004] d..2  8701.347624: free_swap_slot: swapfree cache f07bc
 droid.launcher3-2004  [004] ....  8701.347640: do_swap_page: swapin tgid 2004 2004 "droid.launcher3" 9d8ec000 8465a 0 1
           <...>-15007 [004] ....  8701.347664: do_swap_page: swapin tgid 14992 15007 "Binder:14992_2" 7fbe1e7000 178555 1 1
           <...>-15007 [004] ....  8701.347673: do_swap_page: swapin tgid 14992 15007 "Binder:14992_2" 7fbe20a000 3c14b 0 1
           <...>-2254  [004] ....  8701.347721: do_swap_page: swapin tgid 1668 2254 "ScreenDecoratio" 9db1b000 1fb902 1 1
           <...>-2254  [004] ....  8701.347727: do_swap_page: swapin tgid 1668 2254 "ScreenDecoratio" 9da56000 1f793d 0 1
 droid.launcher3-2004  [004] ....  8701.347816: do_swap_page: swapin tgid 2004 2004 "droid.launcher3" 9d8ec000 8465a 1 1
 droid.launcher3-2004  [004] ....  8701.347821: do_swap_page: swapin tgid 2004 2004 "droid.launcher3" 9d8fc000 8466a 0 1
 ndroid.systemui-1668  [004] ....  8701.347844: do_swap_page: swapin tgid 1668 1668 "ndroid.systemui" 9db1e000 1fb905 1 1
 ndroid.systemui-1668  [004] ....  8701.347850: do_swap_page: swapin tgid 1668 1668 "ndroid.systemui" 9da5a000 1f7941 0 1
           <...>-17896 [004] ....  8701.347891: do_swap_page: swapin tgid 17664 17896 "Binder:17664_4" 7fbe1f8000 184545 1 1
           <...>-17896 [004] ....  8701.347903: do_swap_page: swapin tgid 17664 17896 "Binder:17664_4" 13040000 1fc622 0 1
           <...>-2254  [004] ....  8701.347936: do_swap_page: swapin tgid 1668 2254 "ScreenDecoratio" 9da56000 1f793d 1 1
 droid.launcher3-2004  [004] ....  8701.347975: do_swap_page: swapin tgid 2004 2004 "droid.launcher3" 9d8fc000 8466a 1 1
 droid.launcher3-2004  [004] ....  8701.347980: do_swap_page: swapin tgid 2004 2004 "droid.launcher3" 9d865000 84618 0 1
 droid.launcher3-2004  [004] ....  8701.348120: do_swap_page: swapin tgid 2004 2004 "droid.launcher3" 9d865000 84618 1 1
 droid.launcher3-2004  [004] ....  8701.348127: do_swap_page: swapin tgid 2004 2004 "droid.launcher3" 9d965000 1cbd38 0 1
           <...>-2254  [004] ....  8701.348180: do_swap_page: swapin tgid 1668 2254 "ScreenDecoratio" 13e05000 c073e 1 1
           <...>-2254  [004] d..2  8701.348193: free_swap_slot: swapfree cache c073e
           <...>-2254  [004] ....  8701.348195: do_swap_page: swapin tgid 1668 2254 "ScreenDecoratio" 13e07000 c0740 1 1
           <...>-2254  [004] d..2  8701.348198: free_swap_slot: swapfree cache c0740
           <...>-2254  [004] ....  8701.348204: do_swap_page: swapin tgid 1668 2254 "ScreenDecoratio" 13e04000 c073d 1 1
           <...>-2254  [004] d..2  8701.348206: free_swap_slot: swapfree cache c073d
           <...>-2254  [004] ....  8701.348209: do_swap_page: swapin tgid 1668 2254 "ScreenDecoratio" 7eca456000 d0773 1 1
    RenderThread-2111  [004] d..2  8701.348230: free_swap_slot: swapfree cache d072b
           <...>-2254  [004] dn.2  8701.348262: free_swap_slot: swapfree cache d0773
 droid.launcher3-2004  [004] ....  8701.348271: do_swap_page: swapin tgid 2004 2004 "droid.launcher3" 9d965000 1cbd38 1 1
 droid.launcher3-2004  [004] ....  8701.348280: do_swap_page: swapin tgid 2004 2004 "droid.launcher3" 9d95f000 f3a2c 0 1
 droid.launcher3-2004  [004] ....  8701.348416: do_swap_page: swapin tgid 2004 2004 "droid.launcher3" 9d95f000 f3a2c 1 1
 droid.launcher3-2004  [004] ....  8701.348426: do_swap_page: swapin tgid 2004 2004 "droid.launcher3" 13c5e000 8065d 0 1
 droid.launcher3-2004  [004] ....  8701.348548: do_swap_page: swapin tgid 2004 2004 "droid.launcher3" 13c5e000 8065d 1 1
 droid.launcher3-2004  [004] ....  8701.348558: do_swap_page: swapin tgid 2004 2004 "droid.launcher3" 9d8cd000 efa9a 0 1
 droid.launcher3-2004  [004] ....  8701.348694: do_swap_page: swapin tgid 2004 2004 "droid.launcher3" 9d8cd000 efa9a 1 1
 droid.launcher3-2004  [004] ....  8701.348702: do_swap_page: swapin tgid 2004 2004 "droid.launcher3" 9d949000 f476b 1 1
 droid.launcher3-2004  [004] d..2  8701.348714: free_swap_slot: swapfree cache f078f
 droid.launcher3-2004  [004] ....  8701.348716: do_swap_page: swapin tgid 2004 2004 "droid.launcher3" 9d8db000 84649 0 1
 droid.launcher3-2004  [004] ....  8701.348842: do_swap_page: swapin tgid 2004 2004 "droid.launcher3" 9d8db000 84649 1 1
 droid.launcher3-2004  [004] ....  8701.348848: do_swap_page: swapin tgid 2004 2004 "droid.launcher3" 13c66000 80663 0 1
 droid.launcher3-2004  [004] ....  8701.348969: do_swap_page: swapin tgid 2004 2004 "droid.launcher3" 13c66000 80663 1 1
 droid.launcher3-2004  [004] ....  8701.348992: do_swap_page: swapin tgid 2004 2004 "droid.launcher3" 9d8cc000 efa99 0 1
 droid.launcher3-2004  [004] ....  8701.349128: do_swap_page: swapin tgid 2004 2004 "droid.launcher3" 9d8cc000 efa99 1 1
 droid.launcher3-2004  [004] ....  8701.349133: do_swap_page: swapin tgid 2004 2004 "droid.launcher3" 9d993000 f3a60 0 1
   Binder:1668_7-2360  [004] ....  8701.349290: do_swap_page: swapin tgid 1668 2360 "Binder:1668_7" 7eca425000 d076f 1 1
   Binder:1668_7-2360  [004] d..2  8701.349293: free_swap_slot: swapfree cache d076f
   Binder:1668_7-2360  [004] ....  8701.349300: do_swap_page: swapin tgid 1668 2360 "Binder:1668_7" 7ea69a7000 c8733 1 1
   Binder:1668_7-2360  [004] d..2  8701.349302: free_swap_slot: swapfree cache c8733
   Binder:1668_7-2360  [004] ....  8701.349304: do_swap_page: swapin tgid 1668 2360 "Binder:1668_7" 7ea69a8000 1fb9b6 0 1
           <...>-2049  [004] ....  8701.349359: do_swap_page: swapin tgid 2004 2049 "UiThreadHelper" 9d8c4000 efa91 0 1
 droid.launcher3-2004  [004] ....  8701.349410: do_swap_page: swapin tgid 2004 2004 "droid.launcher3" 9d993000 f3a60 1 1
 droid.launcher3-2004  [004] ....  8701.349415: do_swap_page: swapin tgid 2004 2004 "droid.launcher3" 9d945000 f3a12 0 1
           <...>-17896 [004] ....  8701.349475: do_swap_page: swapin tgid 17664 17896 "Binder:17664_4" 13040000 1fc622 1 1
           <...>-17896 [004] ....  8701.349502: do_swap_page: swapin tgid 17664 17896 "Binder:17664_4" 13041000 b08af 1 1
           <...>-17896 [004] d..2  8701.349509: free_swap_slot: swapfree cache b08b6
           <...>-17896 [004] ....  8701.349514: do_swap_page: swapin tgid 17664 17896 "Binder:17664_4" 7fbe24e000 184557 0 1
   Binder:1668_7-2360  [004] ....  8701.349531: do_swap_page: swapin tgid 1668 2360 "Binder:1668_7" 7ea69a8000 1fb9b6 1 1
   Binder:1668_7-2360  [004] ....  8701.349538: do_swap_page: swapin tgid 1668 2360 "Binder:1668_7" 7ead772000 c87af 1 1
   Binder:1668_7-2360  [004] d..2  8701.349540: free_swap_slot: swapfree cache c87af
   Binder:1668_7-2360  [004] ....  8701.349547: do_swap_page: swapin tgid 1668 2360 "Binder:1668_7" 7eb351e000 cc739 1 1
   Binder:1668_7-2360  [004] d..2  8701.349548: free_swap_slot: swapfree cache cc739
   Binder:1668_7-2360  [004] ....  8701.349553: do_swap_page: swapin tgid 1668 2360 "Binder:1668_7" 7ed12c2000 d472c 1 1
   Binder:1668_7-2360  [004] d..2  8701.349556: free_swap_slot: swapfree cache d472c
   Binder:1668_7-2360  [004] ....  8701.349557: do_swap_page: swapin tgid 1668 2360 "Binder:1668_7" 7ed12c3000 d472d 1 1
   Binder:1668_7-2360  [004] d..2  8701.349558: free_swap_slot: swapfree cache d472d
   Binder:1668_7-2360  [004] ....  8701.349563: do_swap_page: swapin tgid 1668 2360 "Binder:1668_7" 7ea69a5000 2bfcc 0 1
           <...>-2049  [004] ....  8701.349622: do_swap_page: swapin tgid 2004 2049 "UiThreadHelper" 9d8c4000 efa91 1 1
           <...>-2049  [004] ....  8701.349627: do_swap_page: swapin tgid 2004 2049 "UiThreadHelper" 9d99b000 f3a68 0 1
           <...>-15007 [004] ....  8701.349651: do_swap_page: swapin tgid 14992 15007 "Binder:14992_2" 7fbe20a000 3c14b 1 1
           <...>-15007 [004] ....  8701.349659: do_swap_page: swapin tgid 14992 15007 "Binder:14992_2" 7fba3a5000 af875 1 6
           <...>-15007 [004] ....  8701.349662: do_swap_page: swapin tgid 14992 15007 "Binder:14992_2" 7fba3a1000 178517 0 1
 droid.launcher3-2004  [004] ....  8701.349678: do_swap_page: swapin tgid 2004 2004 "droid.launcher3" 9d945000 f3a12 1 1
 droid.launcher3-2004  [004] ....  8701.349683: do_swap_page: swapin tgid 2004 2004 "droid.launcher3" 9d8c5000 efa92 0 1
 droid.launcher3-2004  [004] ....  8701.349844: do_swap_page: swapin tgid 2004 2004 "droid.launcher3" 9d8c5000 efa92 1 1
 droid.launcher3-2004  [004] d..2  8701.349852: free_swap_slot: swapfree cache f474c
 droid.launcher3-2004  [004] ....  8701.349854: do_swap_page: swapin tgid 2004 2004 "droid.launcher3" 9d8d0000 efa9d 0 1
   Binder:1668_7-2360  [004] ....  8701.349926: do_swap_page: swapin tgid 1668 2360 "Binder:1668_7" 7ea69a5000 2bfcc 1 1
   Binder:1668_7-2360  [004] d..2  8701.349935: free_swap_slot: swapfree cache c87a5
   Binder:1668_7-2360  [004] ....  8701.349942: do_swap_page: swapin tgid 1668 2360 "Binder:1668_7" 7f2f038000 d8771 1 1
   Binder:1668_7-2360  [004] d..2  8701.349944: free_swap_slot: swapfree cache d8771
   Binder:1668_7-2360  [004] ....  8701.349946: do_swap_page: swapin tgid 1668 2360 "Binder:1668_7" 7ea69a6000 c8732 1 1
   Binder:1668_7-2360  [004] d..2  8701.349947: free_swap_slot: swapfree cache c8732
   Binder:1668_7-2360  [004] ....  8701.349949: do_swap_page: swapin tgid 1668 2360 "Binder:1668_7" 12e80000 b4764 1 1
   Binder:1668_7-2360  [004] d..2  8701.349951: free_swap_slot: swapfree cache b4764
   Binder:1668_7-2360  [004] ....  8701.349956: do_swap_page: swapin tgid 1668 2360 "Binder:1668_7" 7ead739000 c87a8 1 1
   Binder:1668_7-2360  [004] ....  8701.349959: do_swap_page: swapin tgid 1668 2360 "Binder:1668_7" 7ead73a000 c87a9 1 1
   Binder:1668_7-2360  [004] d..2  8701.349961: free_swap_slot: swapfree cache c87a8
   Binder:1668_7-2360  [004] ....  8701.349988: do_swap_page: swapin tgid 1668 2360 "Binder:1668_7" 7eb5caa000 cc7f0 1 1
   Binder:1668_7-2360  [004] d..2  8701.349990: free_swap_slot: swapfree cache cc7f0
   Binder:1668_7-2360  [004] d..2  8701.349994: free_swap_slot: swapfree cache c87fe
   Binder:1668_7-2360  [004] d..2  8701.349997: free_swap_slot: swapfree cache c87a9
           <...>-2049  [004] ....  8701.350022: do_swap_page: swapin tgid 2004 2049 "UiThreadHelper" 9d99b000 f3a68 1 1
           <...>-17896 [004] ....  8701.350063: do_swap_page: swapin tgid 17664 17896 "Binder:17664_4" 7fbe24e000 184557 1 1
           <...>-17896 [004] ....  8701.350072: do_swap_page: swapin tgid 17664 17896 "Binder:17664_4" 7fbe074000 b08bd 1 1
           <...>-17896 [004] d..2  8701.350078: free_swap_slot: swapfree cache b08bd
           <...>-17896 [004] ....  8701.350080: do_swap_page: swapin tgid 17664 17896 "Binder:17664_4" 7f29cd1000 b08b8 1 1
           <...>-17896 [004] d..2  8701.350082: free_swap_slot: swapfree cache b08b8
           <...>-17896 [004] ....  8701.350085: do_swap_page: swapin tgid 17664 17896 "Binder:17664_4" 13140000 b08b1 1 1
           <...>-17896 [004] d..2  8701.350086: free_swap_slot: swapfree cache b08b1
           <...>-17896 [004] d..2  8701.350087: free_swap_slot: swapfree cache b08af
           <...>-17896 [004] ....  8701.350091: do_swap_page: swapin tgid 17664 17896 "Binder:17664_4" 7f34ed3000 b08bb 1 1
           <...>-17896 [004] d..2  8701.350092: free_swap_slot: swapfree cache b08bb
           <...>-17896 [004] ....  8701.350094: do_swap_page: swapin tgid 17664 17896 "Binder:17664_4" 12c46000 b08ad 1 1
           <...>-17896 [004] d..2  8701.350095: free_swap_slot: swapfree cache b08ad
           <...>-17896 [004] ....  8701.350099: do_swap_page: swapin tgid 17664 17896 "Binder:17664_4" 7fbe1e7000 184542 0 1
 droid.launcher3-2004  [004] ....  8701.350117: do_swap_page: swapin tgid 2004 2004 "droid.launcher3" 9d8d0000 efa9d 1 1
 droid.launcher3-2004  [004] ....  8701.350122: do_swap_page: swapin tgid 2004 2004 "droid.launcher3" 9d98d000 f3a5a 0 1
 droid.launcher3-2004  [004] ....  8701.350374: do_swap_page: swapin tgid 2004 2004 "droid.launcher3" 9d98d000 f3a5a 1 1
 droid.launcher3-2004  [004] ....  8701.350384: do_swap_page: swapin tgid 2004 2004 "droid.launcher3" 9d8ce000 efa9b 0 1
           <...>-1370  [004] d..2  8701.350521: free_swap_slot: swapfree cache a47ef
           <...>-1370  [004] d..2  8701.350566: free_swap_slot: swapfree cache a47fe
 droid.launcher3-2004  [004] ....  8701.350593: do_swap_page: swapin tgid 2004 2004 "droid.launcher3" 9d8ce000 efa9b 1 1
 droid.launcher3-2004  [004] ....  8701.350599: do_swap_page: swapin tgid 2004 2004 "droid.launcher3" 9d940000 f4767 1 1
 droid.launcher3-2004  [004] ....  8701.350602: do_swap_page: swapin tgid 2004 2004 "droid.launcher3" 9d8da000 efaa7 0 1
 droid.launcher3-2004  [004] ....  8701.350722: do_swap_page: swapin tgid 2004 2004 "droid.launcher3" 9d8da000 efaa7 1 1
 droid.launcher3-2004  [004] ....  8701.350727: do_swap_page: swapin tgid 2004 2004 "droid.launcher3" 9d987000 f4782 1 1
 droid.launcher3-2004  [004] ....  8701.350735: do_swap_page: swapin tgid 2004 2004 "droid.launcher3" 9d9a4000 f3a71 0 1
 droid.launcher3-2004  [004] ....  8701.350856: do_swap_page: swapin tgid 2004 2004 "droid.launcher3" 9d9a4000 f3a71 1 1
 droid.launcher3-2004  [004] d..2  8701.350862: free_swap_slot: swapfree cache f4743
 droid.launcher3-2004  [004] ....  8701.350872: do_swap_page: swapin tgid 2004 2004 "droid.launcher3" 12ec5000 f078b 1 1
 droid.launcher3-2004  [004] ....  8701.350875: do_swap_page: swapin tgid 2004 2004 "droid.launcher3" 9d87f000 84626 0 1
   Binder:1668_7-2360  [004] ....  8701.350937: do_swap_page: swapin tgid 1668 2360 "Binder:1668_7" 13890000 1e3928 0 1
 droid.launcher3-2004  [004] ....  8701.351000: do_swap_page: swapin tgid 2004 2004 "droid.launcher3" 9d87f000 84626 1 1
 droid.launcher3-2004  [004] ....  8701.351006: do_swap_page: swapin tgid 2004 2004 "droid.launcher3" 9d880000 efa4d 0 1
           <...>-5307  [004] d..2  8701.351997: free_swap_slot: swapfree cache 987fd
   Binder:1668_7-2360  [004] ....  8701.352127: do_swap_page: swapin tgid 1668 2360 "Binder:1668_7" 13890000 1e3928 1 1
   Binder:1668_7-2360  [004] ....  8701.352136: do_swap_page: swapin tgid 1668 2360 "Binder:1668_7" 9d975000 1f395c 0 1
           <...>-15007 [004] ....  8701.352186: do_swap_page: swapin tgid 14992 15007 "Binder:14992_2" 7fba3a1000 178517 1 1
           <...>-15007 [004] ....  8701.352193: do_swap_page: swapin tgid 14992 15007 "Binder:14992_2" 7fbe240000 b08a4 1 1
           <...>-15007 [004] ....  8701.352195: do_swap_page: swapin tgid 14992 15007 "Binder:14992_2" 7fbe289000 b08a6 1 1
           <...>-15007 [004] d..2  8701.352197: free_swap_slot: swapfree cache b08a4
           <...>-15007 [004] ....  8701.352199: do_swap_page: swapin tgid 14992 15007 "Binder:14992_2" 7fbe1d3000 b089e 1 1
           <...>-15007 [004] d..2  8701.352201: free_swap_slot: swapfree cache b089e
           <...>-15007 [004] ....  8701.352208: do_swap_page: swapin tgid 14992 15007 "Binder:14992_2" 7f28966000 b088a 1 1
           <...>-15007 [004] d..2  8701.352210: free_swap_slot: swapfree cache b088a
           <...>-15007 [004] ....  8701.352215: do_swap_page: swapin tgid 14992 15007 "Binder:14992_2" 7f2cf44000 34101 0 1
           <...>-17896 [004] ....  8701.352234: do_swap_page: swapin tgid 17664 17896 "Binder:17664_4" 7fbe1e7000 184542 1 1
