           <...>-938   [004] d..2  3627.192438: free_swap_slot: swapfree cache 1e7fee
           <...>-938   [004] ...1  3627.192440: zap_pte_range: unmap vma 7fbd45f000 1e7fee 0
   system_server-1345  [004] ....  3627.192555: do_swap_page: swapin tgid 1345 1345 "system_server" 15853000 1279f3 1 1
   system_server-1345  [004] ....  3627.192579: do_swap_page: swapin tgid 1345 1345 "system_server" 15852000 c072 1 1
   system_server-1345  [004] ....  3627.192586: do_swap_page: swapin tgid 1345 1345 "system_server" 15856000 c073 1 1
   system_server-1345  [004] ....  3627.192592: do_swap_page: swapin tgid 1345 1345 "system_server" 15857000 c074 1 1
   system_server-1345  [004] d..2  3627.192599: free_swap_slot: swapfree cache c074
   system_server-1345  [004] ....  3627.192615: do_swap_page: swapin tgid 1345 1345 "system_server" 13978000 f7946 0 1
           <...>-938   [004] d..2  3627.193177: free_swap_slot: swapfree cache 1e7ff9
           <...>-938   [004] ...1  3627.193184: zap_pte_range: unmap vma 7fbd485000 1e7ff9 0
           <...>-938   [004] d..2  3627.193186: free_swap_slot: swapfree cache 1e7ffa
           <...>-938   [004] ...1  3627.193189: zap_pte_range: unmap vma 7fbd486000 1e7ffa 0
           <...>-938   [004] d..2  3627.193192: free_swap_slot: swapfree cache 1e7ffb
           <...>-938   [004] ...1  3627.193195: zap_pte_range: unmap vma 7fbd487000 1e7ffb 0
           <...>-938   [004] d..2  3627.193197: free_swap_slot: swapfree cache 1e7ffc
           <...>-938   [004] ...1  3627.193200: zap_pte_range: unmap vma 7fbd488000 1e7ffc 0
           <...>-938   [004] d..2  3627.193202: free_swap_slot: swapfree cache 1e7ffd
           <...>-938   [004] ...1  3627.193204: zap_pte_range: unmap vma 7fbd489000 1e7ffd 0
           <...>-938   [004] d..2  3627.193206: free_swap_slot: swapfree cache 1e7ffe
           <...>-938   [004] ...1  3627.193208: zap_pte_range: unmap vma 7fbd48a000 1e7ffe 0
   system_server-1345  [004] ....  3627.193751: do_swap_page: swapin tgid 1345 1345 "system_server" 13978000 f7946 1 1
   system_server-1345  [004] d..2  3627.193775: free_swap_slot: swapfree cache c072
   system_server-1345  [004] ....  3627.193840: do_swap_page: swapin tgid 1345 1345 "system_server" 157ea000 c066 1 1
   system_server-1345  [004] ....  3627.193852: do_swap_page: swapin tgid 1345 1345 "system_server" 157eb000 c067 1 1
   system_server-1345  [004] d..2  3627.193859: free_swap_slot: swapfree cache c067
   system_server-1345  [004] ....  3627.193867: do_swap_page: swapin tgid 1345 1345 "system_server" 1555f000 c033 1 1
   system_server-1345  [004] d..2  3627.193878: free_swap_slot: swapfree cache c065
   system_server-1345  [004] ....  3627.194200: do_swap_page: swapin tgid 1345 1345 "system_server" 15650000 123930 0 1
   system_server-1345  [004] ....  3627.194414: do_swap_page: swapin tgid 1345 1345 "system_server" 15650000 123930 1 1
   system_server-1345  [004] ....  3627.194436: do_swap_page: swapin tgid 1345 1345 "system_server" 15635000 123915 0 1
           <...>-1463  [004] ....  3627.194491: do_swap_page: swapin tgid 1345 1463 "AlarmManager" 15267000 113987 1 1
   system_server-1345  [004] ....  3627.194725: do_swap_page: swapin tgid 1345 1345 "system_server" 15635000 123915 1 1
   system_server-1345  [004] ....  3627.194782: do_swap_page: swapin tgid 1345 1345 "system_server" 1564b000 12392b 0 1
           <...>-1463  [004] ....  3627.194850: do_swap_page: swapin tgid 1345 1463 "AlarmManager" 1490f000 40e7 1 1
           <...>-1463  [004] ....  3627.194889: do_swap_page: swapin tgid 1345 1463 "AlarmManager" 7f20ebd000 1bb996 0 1
   system_server-1345  [004] ....  3627.195009: do_swap_page: swapin tgid 1345 1345 "system_server" 1564b000 12392b 1 1
   system_server-1345  [004] ....  3627.195027: do_swap_page: swapin tgid 1345 1345 "system_server" 1563a000 12391a 0 1
           <...>-938   [004] d..2  3627.195634: free_swap_slot: swapfree cache 1e7fcf
           <...>-938   [004] ...1  3627.195640: zap_pte_range: unmap vma 7fbd42e000 1e7fcf 0
           <...>-1493  [004] ....  3627.195963: do_swap_page: swapin tgid 1345 1493 "WifiScanningSer" 147f1000 40ca 1 1
           <...>-1493  [004] ....  3627.196031: do_swap_page: swapin tgid 1345 1493 "WifiScanningSer" 14914000 40ec 1 1
           <...>-1493  [004] ....  3627.196057: do_swap_page: swapin tgid 1345 1493 "WifiScanningSer" 142b3000 1fff27 1 1
           <...>-1493  [004] d..2  3627.196067: free_swap_slot: swapfree cache 1fff27
           <...>-1493  [004] ....  3627.196094: do_swap_page: swapin tgid 1345 1493 "WifiScanningSer" 7ed12c8000 1b79e0 0 1
   system_server-1345  [004] ....  3627.196185: do_swap_page: swapin tgid 1345 1345 "system_server" 1563a000 12391a 1 1
   system_server-1345  [004] d..2  3627.196278: free_swap_slot: swapfree cache 1f3f9e
   system_server-1345  [004] d..2  3627.196301: free_swap_slot: swapfree cache 400b
           <...>-1463  [004] ....  3627.196378: do_swap_page: swapin tgid 1345 1463 "AlarmManager" 7f20ebd000 1bb996 1 1
           <...>-1484  [004] ....  3627.197314: do_swap_page: swapin tgid 1345 1484 "NetworkStats" 7fbe1d4000 3c057 1 1
           <...>-1484  [004] d..2  3627.197325: free_swap_slot: swapfree cache 3c057
           <...>-1484  [004] ....  3627.197337: do_swap_page: swapin tgid 1345 1484 "NetworkStats" 7ed0eda000 30076 1 1
           <...>-1484  [004] d..2  3627.197340: free_swap_slot: swapfree cache 30076
           <...>-1484  [004] ....  3627.197952: do_swap_page: swapin tgid 1345 1484 "NetworkStats" 7ed0d76000 7f65 1 1
           <...>-1484  [004] d..2  3627.197961: free_swap_slot: swapfree cache 7f65
           <...>-1493  [004] ....  3627.199650: do_swap_page: swapin tgid 1345 1493 "WifiScanningSer" 7ed12c8000 1b79e0 1 1
           <...>-1493  [004] ....  3627.199671: do_swap_page: swapin tgid 1345 1493 "WifiScanningSer" 144c1000 402f 1 1
           <...>-1493  [004] d..2  3627.199678: free_swap_slot: swapfree cache 402f
           <...>-1493  [004] ....  3627.199730: do_swap_page: swapin tgid 1345 1493 "WifiScanningSer" 7ed1ddb000 1bb944 0 1
           <...>-1484  [004] ....  3627.199881: do_swap_page: swapin tgid 1345 1484 "NetworkStats" 140bf000 1f7ffc 1 1
           <...>-1484  [004] ....  3627.199918: do_swap_page: swapin tgid 1345 1484 "NetworkStats" 9da2a000 13b916 0 1
           <...>-1463  [004] ....  3627.200160: do_swap_page: swapin tgid 1345 1463 "AlarmManager" 1598b000 12f92b 0 1
           <...>-1493  [004] ....  3627.200426: do_swap_page: swapin tgid 1345 1493 "WifiScanningSer" 7ed1ddb000 1bb944 1 1
           <...>-1493  [004] ....  3627.200462: do_swap_page: swapin tgid 1345 1493 "WifiScanningSer" 7e8686a000 2009a 1 1
           <...>-1493  [004] d..2  3627.200471: free_swap_slot: swapfree cache 2009a
           <...>-1463  [004] ....  3627.200555: do_swap_page: swapin tgid 1345 1463 "AlarmManager" 1598b000 12f92b 1 1
           <...>-1463  [004] ....  3627.200568: do_swap_page: swapin tgid 1345 1463 "AlarmManager" 1598c000 12f92c 0 1
 wifi_ext@1.0-se-2892  [004] ....  3627.201789: do_swap_page: swapin tgid 829 2892 "wifi_ext@1.0-se" 7fb9f90000 1cbfe4 1 1
 wifi_ext@1.0-se-2892  [004] d..2  3627.201800: free_swap_slot: swapfree cache 1cbfe4
           <...>-3286  [004] ....  3627.201897: do_swap_page: swapin tgid 1057 3286 "lowi-server" 7f381b5000 1ebffc 1 1
           <...>-3286  [004] d..2  3627.201905: free_swap_slot: swapfree cache 1ebffc
           <...>-3286  [004] ....  3627.201917: do_swap_page: swapin tgid 1057 3286 "lowi-server" 7f381b6000 1ebffd 1 1
           <...>-3286  [004] ....  3627.201936: do_swap_page: swapin tgid 1057 3286 "lowi-server" 55555f1000 1ebff5 1 1
           <...>-3286  [004] ....  3627.201954: do_swap_page: swapin tgid 1057 3286 "lowi-server" 7f3b614000 1eff04 1 1
           <...>-3286  [004] ....  3627.201967: do_swap_page: swapin tgid 1057 3286 "lowi-server" 7fbd673000 e39e7 0 1
           <...>-2867  [004] ....  3627.202150: do_swap_page: swapin tgid 2867 2867 "wpa_supplicant" 7f3cc6f000 12c074 1 1
           <...>-2867  [004] d..2  3627.202161: free_swap_slot: swapfree cache 12c074
           <...>-2867  [004] d..2  3627.202279: free_swap_slot: swapfree cache 12c06d
           <...>-2867  [004] ....  3627.202298: do_swap_page: swapin tgid 2867 2867 "wpa_supplicant" 7fffffc000 12c08f 1 1
           <...>-2867  [004] d..2  3627.202302: free_swap_slot: swapfree cache 12c08f
           <...>-3286  [004] ....  3627.202736: do_swap_page: swapin tgid 1057 3286 "lowi-server" 7fbd673000 e39e7 1 1
           <...>-3286  [004] ....  3627.202754: do_swap_page: swapin tgid 1057 3286 "lowi-server" 7f3b60b000 1eff00 1 1
           <...>-3286  [004] ....  3627.202766: do_swap_page: swapin tgid 1057 3286 "lowi-server" 7fbdf45000 e7951 0 1
           <...>-1463  [004] ....  3627.202920: do_swap_page: swapin tgid 1345 1463 "AlarmManager" 1598c000 12f92c 1 1
           <...>-3286  [004] ....  3627.203004: do_swap_page: swapin tgid 1057 3286 "lowi-server" 7fbdf45000 e7951 1 1
           <...>-3286  [004] ....  3627.203023: do_swap_page: swapin tgid 1057 3286 "lowi-server" 7fbdf41000 1eff64 1 1
           <...>-3286  [004] ....  3627.203028: do_swap_page: swapin tgid 1057 3286 "lowi-server" 7fbdf42000 e7950 0 1
           <...>-1463  [004] ....  3627.203095: do_swap_page: swapin tgid 1345 1463 "AlarmManager" 1598a000 12f92a 0 1
           <...>-3286  [004] ....  3627.203199: do_swap_page: swapin tgid 1057 3286 "lowi-server" 7fbdf42000 e7950 1 1
           <...>-3286  [004] ....  3627.203218: do_swap_page: swapin tgid 1057 3286 "lowi-server" 7f3d12a000 1eff50 1 1
           <...>-3286  [004] ....  3627.203225: do_swap_page: swapin tgid 1057 3286 "lowi-server" 7f3d12c000 1eff52 1 1
           <...>-3286  [004] d..2  3627.203231: free_swap_slot: swapfree cache 1eff50
           <...>-3286  [004] ....  3627.203267: do_swap_page: swapin tgid 1057 3286 "lowi-server" 7f3b637000 1eff09 1 1
           <...>-3286  [004] d..2  3627.203270: free_swap_slot: swapfree cache 1eff09
           <...>-3286  [004] ....  3627.203280: do_swap_page: swapin tgid 1057 3286 "lowi-server" 7f3d12b000 1eff51 1 1
           <...>-3286  [004] ....  3627.203287: do_swap_page: swapin tgid 1057 3286 "lowi-server" 7f3b622000 1eff07 1 1
           <...>-3286  [004] d..2  3627.203290: free_swap_slot: swapfree cache 1eff07
           <...>-3286  [004] ....  3627.203296: do_swap_page: swapin tgid 1057 3286 "lowi-server" 7f3b660000 1eff13 1 1
           <...>-3286  [004] d..2  3627.203298: free_swap_slot: swapfree cache 1eff13
           <...>-3286  [004] d..2  3627.203303: free_swap_slot: swapfree cache 1eff04
           <...>-3286  [004] ....  3627.203309: do_swap_page: swapin tgid 1057 3286 "lowi-server" 7f381b4000 1ebffb 1 1
           <...>-3286  [004] d..2  3627.203312: free_swap_slot: swapfree cache 1ebffb
           <...>-3286  [004] ....  3627.203317: do_swap_page: swapin tgid 1057 3286 "lowi-server" 55555ec000 1ebff0 1 1
           <...>-3286  [004] ....  3627.203333: do_swap_page: swapin tgid 1057 3286 "lowi-server" 7f3d033000 1eff32 1 1
           <...>-3286  [004] d..2  3627.203340: free_swap_slot: swapfree cache 1eff32
           <...>-3286  [004] ....  3627.203345: do_swap_page: swapin tgid 1057 3286 "lowi-server" 7f3d00d000 e398c 0 1
           <...>-3286  [004] ....  3627.203548: do_swap_page: swapin tgid 1057 3286 "lowi-server" 7f3d00d000 e398c 1 1
           <...>-3286  [004] ....  3627.203567: do_swap_page: swapin tgid 1057 3286 "lowi-server" 7f3cddb000 1eff2d 1 1
           <...>-3286  [004] ....  3627.203576: do_swap_page: swapin tgid 1057 3286 "lowi-server" 7f3d200000 1eff5a 1 1
           <...>-3286  [004] d..2  3627.203584: free_swap_slot: swapfree cache 1eff51
           <...>-3286  [004] d..2  3627.203589: free_swap_slot: swapfree cache 1eff52
           <...>-3286  [004] ....  3627.203595: do_swap_page: swapin tgid 1057 3286 "lowi-server" 55555f5000 1ebff9 1 1
           <...>-1463  [004] ....  3627.203667: do_swap_page: swapin tgid 1345 1463 "AlarmManager" 1598a000 12f92a 1 1
           <...>-1463  [004] ....  3627.203690: do_swap_page: swapin tgid 1345 1463 "AlarmManager" 1534b000 11792b 0 1
 wifi_ext@1.0-se-2892  [004] ....  3627.203814: do_swap_page: swapin tgid 829 2892 "wifi_ext@1.0-se" 7fbb45b000 1d7fee 1 1
 wifi_ext@1.0-se-2892  [004] d..2  3627.203824: free_swap_slot: swapfree cache 1d7fee
 wifi_ext@1.0-se-2892  [004] ....  3627.203843: do_swap_page: swapin tgid 829 2892 "wifi_ext@1.0-se" 7fbc9f9000 1dff99 1 1
 wifi_ext@1.0-se-2892  [004] d..2  3627.203847: free_swap_slot: swapfree cache 1dff99
           <...>-1463  [004] ....  3627.203950: do_swap_page: swapin tgid 1345 1463 "AlarmManager" 1534b000 11792b 1 1
           <...>-1463  [004] ....  3627.203968: do_swap_page: swapin tgid 1345 1463 "AlarmManager" 15340000 117920 0 1
           <...>-1463  [004] ....  3627.204306: do_swap_page: swapin tgid 1345 1463 "AlarmManager" 15340000 117920 1 1
           <...>-1463  [004] ....  3627.204332: do_swap_page: swapin tgid 1345 1463 "AlarmManager" 152e0000 1139c0 0 1
           <...>-1484  [004] ....  3627.204387: do_swap_page: swapin tgid 1345 1484 "NetworkStats" 9da2a000 13b916 1 1
           <...>-1484  [004] ....  3627.204408: do_swap_page: swapin tgid 1345 1484 "NetworkStats" 14d4f000 8022 1 1
           <...>-1484  [004] ....  3627.204429: do_swap_page: swapin tgid 1345 1484 "NetworkStats" 13c2b000 1f3fee 1 1
           <...>-1484  [004] ....  3627.204442: do_swap_page: swapin tgid 1345 1484 "NetworkStats" 14d7a000 8041 1 1
           <...>-1463  [004] ....  3627.204511: do_swap_page: swapin tgid 1345 1463 "AlarmManager" 152e0000 1139c0 1 1
           <...>-1463  [004] ....  3627.204521: do_swap_page: swapin tgid 1345 1463 "AlarmManager" 152e5000 1139c5 0 1
           <...>-1484  [004] ....  3627.204580: do_swap_page: swapin tgid 1345 1484 "NetworkStats" 9d8b5000 1339a1 0 1
           <...>-1463  [004] ....  3627.204716: do_swap_page: swapin tgid 1345 1463 "AlarmManager" 152e5000 1139c5 1 1
           <...>-1463  [004] ....  3627.204741: do_swap_page: swapin tgid 1345 1463 "AlarmManager" 153ef000 1179cf 0 1
           <...>-1484  [004] ....  3627.204831: do_swap_page: swapin tgid 1345 1484 "NetworkStats" 9d8b5000 1339a1 1 1
           <...>-1484  [004] ....  3627.204846: do_swap_page: swapin tgid 1345 1484 "NetworkStats" 9dbbd000 13f9a9 0 1
           <...>-1463  [004] ....  3627.204896: do_swap_page: swapin tgid 1345 1463 "AlarmManager" 153ef000 1179cf 1 1
           <...>-1463  [004] ....  3627.204970: do_swap_page: swapin tgid 1345 1463 "AlarmManager" 7eb502a000 2c000 1 1
           <...>-1463  [004] d..2  3627.204976: free_swap_slot: swapfree cache 2c000
           <...>-1463  [004] d..2  3627.205252: swapcache_free_entries: swapfree direct 1e7fe6
           <...>-1463  [004] d..3  3627.205258: swapcache_free_entries: swapfree direct 1e7fda
           <...>-1463  [004] d..3  3627.205260: swapcache_free_entries: swapfree direct 1e7fc7
           <...>-1463  [004] d..3  3627.205261: swapcache_free_entries: swapfree direct 1e7fef
           <...>-1463  [004] d..3  3627.205263: swapcache_free_entries: swapfree direct 1e7ff1
           <...>-1463  [004] d..3  3627.205264: swapcache_free_entries: swapfree direct 1ebf06
           <...>-1463  [004] d..3  3627.205265: swapcache_free_entries: swapfree direct 1ebf0e
           <...>-1463  [004] d..3  3627.205266: swapcache_free_entries: swapfree direct 1e7fff
           <...>-1463  [004] d..3  3627.205267: swapcache_free_entries: swapfree direct 1ebf00
           <...>-1463  [004] d..3  3627.205269: swapcache_free_entries: swapfree direct 133ddf
           <...>-1463  [004] d..3  3627.205270: swapcache_free_entries: swapfree direct 1e7ff5
           <...>-1463  [004] d..3  3627.205272: swapcache_free_entries: swapfree direct 1e7fe3
           <...>-1463  [004] d..3  3627.205273: swapcache_free_entries: swapfree direct 1e7fc6
           <...>-1463  [004] d..3  3627.205274: swapcache_free_entries: swapfree direct 1e7ff7
           <...>-1463  [004] d..3  3627.205275: swapcache_free_entries: swapfree direct 1e7ff8
           <...>-1463  [004] d..3  3627.205276: swapcache_free_entries: swapfree direct 1e7fdf
           <...>-1463  [004] d..3  3627.205277: swapcache_free_entries: swapfree direct 1e7fe0
           <...>-1463  [004] d..3  3627.205279: swapcache_free_entries: swapfree direct 1e7fe5
           <...>-1463  [004] d..3  3627.205280: swapcache_free_entries: swapfree direct 1e7fe4
           <...>-1463  [004] d..3  3627.205281: swapcache_free_entries: swapfree direct 1ebf10
           <...>-1463  [004] d..3  3627.205283: swapcache_free_entries: swapfree direct 1e7fd7
           <...>-1463  [004] d..3  3627.205284: swapcache_free_entries: swapfree direct 1e7fe8
           <...>-1463  [004] d..3  3627.205285: swapcache_free_entries: swapfree direct 1e7fe9
           <...>-1463  [004] d..3  3627.205286: swapcache_free_entries: swapfree direct 1e7fea
           <...>-1463  [004] d..3  3627.205289: swapcache_free_entries: swapfree direct 1e7feb
           <...>-1463  [004] d..3  3627.205290: swapcache_free_entries: swapfree direct 1e7fec
           <...>-1463  [004] d..3  3627.205291: swapcache_free_entries: swapfree direct 1e7fed
           <...>-1463  [004] d..3  3627.205292: swapcache_free_entries: swapfree direct 1e7fee
           <...>-1463  [004] d..3  3627.205293: swapcache_free_entries: swapfree direct c074
           <...>-1463  [004] d..3  3627.205295: swapcache_free_entries: swapfree direct 1e7ff9
           <...>-1463  [004] d..3  3627.205296: swapcache_free_entries: swapfree direct 1e7ffa
           <...>-1463  [004] d..3  3627.205297: swapcache_free_entries: swapfree direct 1e7ffb
           <...>-1463  [004] d..3  3627.205298: swapcache_free_entries: swapfree direct 1e7ffc
           <...>-1463  [004] d..3  3627.205299: swapcache_free_entries: swapfree direct 1e7ffd
           <...>-1463  [004] d..3  3627.205300: swapcache_free_entries: swapfree direct 1e7ffe
           <...>-1463  [004] d..3  3627.205302: swapcache_free_entries: swapfree direct c072
           <...>-1463  [004] d..3  3627.205303: swapcache_free_entries: swapfree direct c067
           <...>-1463  [004] d..3  3627.205304: swapcache_free_entries: swapfree direct c065
           <...>-1463  [004] d..3  3627.205305: swapcache_free_entries: swapfree direct 1e7fcf
           <...>-1463  [004] d..3  3627.205306: swapcache_free_entries: swapfree direct 1fff27
           <...>-1463  [004] d..3  3627.205308: swapcache_free_entries: swapfree direct 1f3f9e
           <...>-1463  [004] d..3  3627.205310: swapcache_free_entries: swapfree direct 400b
           <...>-1463  [004] d..3  3627.205312: swapcache_free_entries: swapfree direct 3c057
           <...>-1463  [004] d..3  3627.205314: swapcache_free_entries: swapfree direct 30076
           <...>-1463  [004] d..3  3627.205316: swapcache_free_entries: swapfree direct 7f65
           <...>-1463  [004] d..3  3627.205318: swapcache_free_entries: swapfree direct 402f
           <...>-1463  [004] d..3  3627.205319: swapcache_free_entries: swapfree direct 2009a
           <...>-1463  [004] d..3  3627.205320: swapcache_free_entries: swapfree direct 1cbfe4
           <...>-1463  [004] d..3  3627.205323: swapcache_free_entries: swapfree direct 1ebffc
           <...>-1463  [004] d..3  3627.205324: swapcache_free_entries: swapfree direct 12c074
           <...>-1463  [004] d..3  3627.205326: swapcache_free_entries: swapfree direct 12c06d
           <...>-1463  [004] d..3  3627.205328: swapcache_free_entries: swapfree direct 12c08f
           <...>-1463  [004] d..3  3627.205329: swapcache_free_entries: swapfree direct 1eff50
           <...>-1463  [004] d..3  3627.205332: swapcache_free_entries: swapfree direct 1eff09
           <...>-1463  [004] d..3  3627.205334: swapcache_free_entries: swapfree direct 1eff07
           <...>-1463  [004] d..3  3627.205335: swapcache_free_entries: swapfree direct 1eff13
           <...>-1463  [004] d..3  3627.205336: swapcache_free_entries: swapfree direct 1eff04
           <...>-1463  [004] d..3  3627.205337: swapcache_free_entries: swapfree direct 1ebffb
           <...>-1463  [004] d..3  3627.205338: swapcache_free_entries: swapfree direct 1eff32
           <...>-1463  [004] d..3  3627.205339: swapcache_free_entries: swapfree direct 1eff51
           <...>-1463  [004] d..3  3627.205341: swapcache_free_entries: swapfree direct 1eff52
           <...>-1463  [004] d..3  3627.205342: swapcache_free_entries: swapfree direct 1d7fee
           <...>-1463  [004] d..3  3627.205344: swapcache_free_entries: swapfree direct 1dff99
           <...>-1463  [004] d..3  3627.205346: swapcache_free_entries: swapfree direct 2c000
           <...>-1463  [004] d..2  3627.205348: free_swap_slot: swapfree cache 1fbf72
           <...>-1463  [004] ....  3627.205383: do_swap_page: swapin tgid 1345 1463 "AlarmManager" 14910000 40e8 1 1
           <...>-1463  [004] ....  3627.205399: do_swap_page: swapin tgid 1345 1463 "AlarmManager" 7ed19c6000 300b2 1 1
           <...>-1463  [004] d..2  3627.205422: free_swap_slot: swapfree cache 1f7f94
           <...>-1493  [004] ....  3627.205835: do_swap_page: swapin tgid 1345 1493 "WifiScanningSer" 1490b000 40e3 1 1
           <...>-1493  [004] d..2  3627.205855: free_swap_slot: swapfree cache 24052
           <...>-1493  [004] d..2  3627.205949: free_swap_slot: swapfree cache 1f3f5a
           <...>-1493  [004] ....  3627.206052: do_swap_page: swapin tgid 1345 1493 "WifiScanningSer" 141ce000 10392e 0 1
   system_server-1345  [004] ....  3627.206263: do_swap_page: swapin tgid 1345 1345 "system_server" 13c95000 1f7f0a 1 1
   system_server-1345  [004] d..2  3627.206287: free_swap_slot: swapfree cache 1f3f00
   system_server-1345  [004] d..2  3627.206298: free_swap_slot: swapfree cache 1f3f6d
   system_server-1345  [004] d..2  3627.206305: free_swap_slot: swapfree cache 408a
   system_server-1345  [004] ....  3627.206318: do_swap_page: swapin tgid 1345 1345 "system_server" 14e32000 10f912 0 1
           <...>-1493  [004] ....  3627.206659: do_swap_page: swapin tgid 1345 1493 "WifiScanningSer" 141ce000 10392e 1 1
           <...>-1493  [004] ....  3627.206758: do_swap_page: swapin tgid 1345 1493 "WifiScanningSer" 7f294fc000 34074 1 1
           <...>-1493  [004] d..2  3627.206768: free_swap_slot: swapfree cache 34074
           <...>-1493  [004] d..2  3627.206810: free_swap_slot: swapfree cache 8097
           <...>-1493  [004] d..2  3627.206821: free_swap_slot: swapfree cache 80b6
           <...>-1493  [004] ....  3627.206847: do_swap_page: swapin tgid 1345 1493 "WifiScanningSer" 7eb4f9f000 280d3 1 1
           <...>-1493  [004] ....  3627.206862: do_swap_page: swapin tgid 1345 1493 "WifiScanningSer" 7e6e6ea000 20046 1 1
           <...>-1493  [004] d..2  3627.206868: free_swap_slot: swapfree cache 20046
           <...>-1493  [004] ....  3627.206873: do_swap_page: swapin tgid 1345 1493 "WifiScanningSer" 7e6e6eb000 20047 1 1
           <...>-1493  [004] d..2  3627.206877: free_swap_slot: swapfree cache 20047
           <...>-1493  [004] d..2  3627.207077: free_swap_slot: swapfree cache 280d3
   system_server-1345  [004] ....  3627.207145: do_swap_page: swapin tgid 1345 1345 "system_server" 14e32000 10f912 1 1
   system_server-1345  [004] ....  3627.207191: do_swap_page: swapin tgid 1345 1345 "system_server" 141d5000 1fbf8c 1 1
   system_server-1345  [004] ....  3627.207258: do_swap_page: swapin tgid 1345 1345 "system_server" 7e868af000 200b1 1 1
   system_server-1345  [004] d..2  3627.207266: free_swap_slot: swapfree cache 200b1
   system_server-1345  [004] ....  3627.207307: do_swap_page: swapin tgid 1345 1345 "system_server" 9d966000 137952 1 1
   system_server-1345  [004] ....  3627.207412: do_swap_page: swapin tgid 1345 1345 "system_server" 9dafd000 13b9e9 0 1
           <...>-1484  [004] ....  3627.207484: do_swap_page: swapin tgid 1345 1484 "NetworkStats" 9dbbd000 13f9a9 1 1
           <...>-1484  [004] d..2  3627.207523: free_swap_slot: swapfree cache 8041
           <...>-1484  [004] d..2  3627.207532: free_swap_slot: swapfree cache 40aa
   system_server-1345  [004] ....  3627.207622: do_swap_page: swapin tgid 1345 1345 "system_server" 9dafd000 13b9e9 1 1
   system_server-1345  [004] d..2  3627.207717: free_swap_slot: swapfree cache 400a
   system_server-1345  [004] ....  3627.207737: do_swap_page: swapin tgid 1345 1345 "system_server" 9d8dc000 10082 1 1
   system_server-1345  [004] ....  3627.207746: do_swap_page: swapin tgid 1345 1345 "system_server" 9da09000 1379f5 0 1
           <...>-1484  [004] d..2  3627.207812: free_swap_slot: swapfree cache 1f3f20
           <...>-1484  [004] d..2  3627.207832: free_swap_slot: swapfree cache 1f3f3d
   system_server-1345  [004] ....  3627.207924: do_swap_page: swapin tgid 1345 1345 "system_server" 9da09000 1379f5 1 1
   system_server-1345  [004] ....  3627.207943: do_swap_page: swapin tgid 1345 1345 "system_server" 9d858000 10025 1 1
   system_server-1345  [004] ....  3627.207951: do_swap_page: swapin tgid 1345 1345 "system_server" 9d8f6000 1009c 1 1
   system_server-1345  [004] ....  3627.209118: do_swap_page: swapin tgid 1345 1345 "system_server" 14320000 1fff94 1 1
   system_server-1345  [004] d..2  3627.209133: free_swap_slot: swapfree cache 1fff94
   system_server-1345  [004] ....  3627.209142: do_swap_page: swapin tgid 1345 1345 "system_server" 1403b000 1f7f80 1 1
   system_server-1345  [004] d..2  3627.209177: free_swap_slot: swapfree cache 1f7f79
   system_server-1345  [004] ....  3627.209191: do_swap_page: swapin tgid 1345 1345 "system_server" 9d890000 1005d 1 1
   system_server-1345  [004] ....  3627.209231: do_swap_page: swapin tgid 1345 1345 "system_server" 9d925000 100cb 1 1
   system_server-1345  [004] ....  3627.209244: do_swap_page: swapin tgid 1345 1345 "system_server" 9da68000 13b954 0 1
           <...>-1484  [004] ....  3627.209358: do_swap_page: swapin tgid 1345 1484 "NetworkStats" 13c2a000 1f3fed 1 1
           <...>-1484  [004] ....  3627.209373: do_swap_page: swapin tgid 1345 1484 "NetworkStats" 14d7c000 8042 1 1
           <...>-1484  [004] d..2  3627.209381: free_swap_slot: swapfree cache 8042
           <...>-1484  [004] ....  3627.209391: do_swap_page: swapin tgid 1345 1484 "NetworkStats" 14d7d000 8043 1 1
           <...>-1484  [004] d..2  3627.209396: free_swap_slot: swapfree cache 8043
           <...>-1484  [004] ....  3627.209408: do_swap_page: swapin tgid 1345 1484 "NetworkStats" 75a07000 133912 0 1
 wifi_ext@1.0-se-2892  [004] ....  3627.209635: do_swap_page: swapin tgid 829 2892 "wifi_ext@1.0-se" 7fb9dbb000 1c7f5b 1 1
 wifi_ext@1.0-se-2892  [004] d..2  3627.209645: free_swap_slot: swapfree cache 1c7f5b
 wifi_ext@1.0-se-2892  [004] ....  3627.209651: do_swap_page: swapin tgid 829 2892 "wifi_ext@1.0-se" 7fb9dbc000 1c7f5c 1 1
 wifi_ext@1.0-se-2892  [004] d..2  3627.209655: free_swap_slot: swapfree cache 1c7f5c
 wifi_ext@1.0-se-2892  [004] ....  3627.209660: do_swap_page: swapin tgid 829 2892 "wifi_ext@1.0-se" 7fb9dbd000 1c7f5d 1 1
 wifi_ext@1.0-se-2892  [004] d..2  3627.209663: free_swap_slot: swapfree cache 1c7f5d
 wifi_ext@1.0-se-2892  [004] ....  3627.209668: do_swap_page: swapin tgid 829 2892 "wifi_ext@1.0-se" 7fb9dbe000 1c7f5e 1 1
 wifi_ext@1.0-se-2892  [004] d..2  3627.209671: free_swap_slot: swapfree cache 1c7f5e
 wifi_ext@1.0-se-2892  [004] ....  3627.209679: do_swap_page: swapin tgid 829 2892 "wifi_ext@1.0-se" 7fba2c4000 1d7f79 1 1
 wifi_ext@1.0-se-2892  [004] d..2  3627.209682: free_swap_slot: swapfree cache 1d7f79
 wifi_ext@1.0-se-2892  [004] ....  3627.209687: do_swap_page: swapin tgid 829 2892 "wifi_ext@1.0-se" 7fba2c5000 1d7f7a 1 1
 wifi_ext@1.0-se-2892  [004] d..2  3627.209690: free_swap_slot: swapfree cache 1d7f7a
 wifi_ext@1.0-se-2892  [004] ....  3627.209695: do_swap_page: swapin tgid 829 2892 "wifi_ext@1.0-se" 7fba2c6000 1d7f7b 1 1
 wifi_ext@1.0-se-2892  [004] d..2  3627.209698: free_swap_slot: swapfree cache 1d7f7b
 wifi_ext@1.0-se-2892  [004] ....  3627.209703: do_swap_page: swapin tgid 829 2892 "wifi_ext@1.0-se" 7fba2c7000 1d7f7c 1 1
 wifi_ext@1.0-se-2892  [004] d..2  3627.209706: free_swap_slot: swapfree cache 1d7f7c
 wifi_ext@1.0-se-2892  [004] ....  3627.209713: do_swap_page: swapin tgid 829 2892 "wifi_ext@1.0-se" 7fba2c1000 1d7f76 1 1
 wifi_ext@1.0-se-2892  [004] d..2  3627.209723: free_swap_slot: swapfree cache 1d7f76
 wifi_ext@1.0-se-2892  [004] ....  3627.209728: do_swap_page: swapin tgid 829 2892 "wifi_ext@1.0-se" 7fba2c2000 1d7f77 1 1
 wifi_ext@1.0-se-2892  [004] d..2  3627.209731: free_swap_slot: swapfree cache 1d7f77
 wifi_ext@1.0-se-2892  [004] ....  3627.209735: do_swap_page: swapin tgid 829 2892 "wifi_ext@1.0-se" 7fba2c3000 1d7f78 1 1
 wifi_ext@1.0-se-2892  [004] d..2  3627.209738: free_swap_slot: swapfree cache 1d7f78
   system_server-1345  [004] ....  3627.209892: do_swap_page: swapin tgid 1345 1345 "system_server" 9da68000 13b954 1 1
   system_server-1345  [004] ....  3627.209932: do_swap_page: swapin tgid 1345 1345 "system_server" 9dab3000 13b99f 0 1
           <...>-1484  [004] ....  3627.210000: do_swap_page: swapin tgid 1345 1484 "NetworkStats" 75a07000 133912 1 1
           <...>-1484  [004] ....  3627.210012: do_swap_page: swapin tgid 1345 1484 "NetworkStats" 75a09000 133914 0 1
   system_server-1345  [004] ....  3627.210100: do_swap_page: swapin tgid 1345 1345 "system_server" 9dab3000 13b99f 1 1
   system_server-1345  [004] ....  3627.210179: do_swap_page: swapin tgid 1345 1345 "system_server" 9d860000 1002d 1 1
   system_server-1345  [004] ....  3627.210188: do_swap_page: swapin tgid 1345 1345 "system_server" 9dac5000 13b9b1 0 1
           <...>-1484  [004] ....  3627.210244: do_swap_page: swapin tgid 1345 1484 "NetworkStats" 75a09000 133914 1 1
           <...>-1484  [004] ....  3627.210252: do_swap_page: swapin tgid 1345 1484 "NetworkStats" 75a0a000 133915 0 1
   system_server-1345  [004] ....  3627.210354: do_swap_page: swapin tgid 1345 1345 "system_server" 9dac5000 13b9b1 1 1
   system_server-1345  [004] ....  3627.210448: do_swap_page: swapin tgid 1345 1345 "system_server" 7e86942000 200d4 1 1
   system_server-1345  [004] d..2  3627.210458: free_swap_slot: swapfree cache 200d4
   system_server-1345  [004] d..2  3627.210588: free_swap_slot: swapfree cache 1f7f01
   system_server-1345  [004] d..2  3627.210715: free_swap_slot: swapfree cache 4090
   system_server-1345  [004] d..2  3627.210724: free_swap_slot: swapfree cache 1f3ffd
   system_server-1345  [004] d..2  3627.210728: free_swap_slot: swapfree cache 4091
   system_server-1345  [004] ....  3627.210792: do_swap_page: swapin tgid 1345 1345 "system_server" 7f2adcd000 187db4 0 1
           <...>-1484  [004] ....  3627.210903: do_swap_page: swapin tgid 1345 1484 "NetworkStats" 75a0a000 133915 1 1
           <...>-1484  [004] ....  3627.210916: do_swap_page: swapin tgid 1345 1484 "NetworkStats" 75a0b000 1ebe69 0 1
   system_server-1345  [004] ....  3627.211202: do_swap_page: swapin tgid 1345 1345 "system_server" 7f2adcd000 187db4 1 1
   system_server-1345  [004] ....  3627.211226: do_swap_page: swapin tgid 1345 1345 "system_server" 9dc5f000 14006 1 1
   system_server-1345  [004] d..2  3627.211234: free_swap_slot: swapfree cache 14006
   system_server-1345  [004] ....  3627.211288: do_swap_page: swapin tgid 1345 1345 "system_server" 13caa000 1f7f17 1 1
   system_server-1345  [004] ....  3627.211309: do_swap_page: swapin tgid 1345 1345 "system_server" 1383e000 1f3f34 1 1
   system_server-1345  [004] ....  3627.211326: do_swap_page: swapin tgid 1345 1345 "system_server" 13b8e000 f795c 0 1
           <...>-1484  [004] ....  3627.211410: do_swap_page: swapin tgid 1345 1484 "NetworkStats" 75a0b000 1ebe69 1 1
           <...>-1484  [004] ....  3627.211422: do_swap_page: swapin tgid 1345 1484 "NetworkStats" 75a0d000 133917 0 1
   system_server-1345  [004] ....  3627.211583: do_swap_page: swapin tgid 1345 1345 "system_server" 13b8e000 f795c 1 1
   system_server-1345  [004] d..2  3627.211603: free_swap_slot: swapfree cache 40db
   system_server-1345  [004] d..2  3627.212226: free_swap_slot: swapfree cache 10f9fb
   system_server-1345  [004] d..2  3627.212674: free_swap_slot: swapfree cache 1f7f0a
   system_server-1345  [004] d..2  3627.212684: free_swap_slot: swapfree cache 10f9fd
   system_server-1345  [004] d..2  3627.212696: free_swap_slot: swapfree cache 1f7fad
   system_server-1345  [004] ....  3627.212855: do_swap_page: swapin tgid 1345 1345 "system_server" 14d48000 10b9a8 0 1
           <...>-1484  [004] ....  3627.212954: do_swap_page: swapin tgid 1345 1484 "NetworkStats" 75a0d000 133917 1 1
           <...>-1484  [004] ....  3627.212965: do_swap_page: swapin tgid 1345 1484 "NetworkStats" 75a11000 10014 1 1
           <...>-1484  [004] d..2  3627.212972: free_swap_slot: swapfree cache 10014
           <...>-1484  [004] ....  3627.212976: do_swap_page: swapin tgid 1345 1484 "NetworkStats" 75a13000 13391c 0 1
   system_server-1345  [004] ....  3627.213611: do_swap_page: swapin tgid 1345 1345 "system_server" 14d48000 10b9a8 1 1
   system_server-1345  [004] d..2  3627.213631: free_swap_slot: swapfree cache 10b9a8
   system_server-1345  [004] ....  3627.213647: do_swap_page: swapin tgid 1345 1345 "system_server" 14d4d000 8020 1 1
   system_server-1345  [004] ....  3627.213691: do_swap_page: swapin tgid 1345 1345 "system_server" 9da6d000 13b959 0 1
           <...>-1484  [004] ....  3627.213768: do_swap_page: swapin tgid 1345 1484 "NetworkStats" 75a13000 13391c 1 1
           <...>-1484  [004] ....  3627.213780: do_swap_page: swapin tgid 1345 1484 "NetworkStats" 75a17000 10015 1 1
           <...>-1484  [004] d..2  3627.213787: free_swap_slot: swapfree cache 10015
           <...>-1484  [004] ....  3627.213790: do_swap_page: swapin tgid 1345 1484 "NetworkStats" 75a19000 133921 0 1
   system_server-1345  [004] ....  3627.213863: do_swap_page: swapin tgid 1345 1345 "system_server" 9da6d000 13b959 1 1
   system_server-1345  [004] d..2  3627.213875: free_swap_slot: swapfree cache 8020
   system_server-1345  [004] d..2  3627.214212: free_swap_slot: swapfree cache 107990
   system_server-1345  [004] ....  3627.214399: do_swap_page: swapin tgid 1345 1345 "system_server" 7fbe236000 1d39a6 0 1
           <...>-1484  [004] ....  3627.214497: do_swap_page: swapin tgid 1345 1484 "NetworkStats" 75a19000 133921 1 1
           <...>-1484  [004] ....  3627.214510: do_swap_page: swapin tgid 1345 1484 "NetworkStats" 75a1d000 10016 1 1
           <...>-1484  [004] d..2  3627.214523: free_swap_slot: swapfree cache 10016
           <...>-1484  [004] ....  3627.214527: do_swap_page: swapin tgid 1345 1484 "NetworkStats" 75a1f000 133926 0 1
           <...>-1484  [004] ....  3627.214725: do_swap_page: swapin tgid 1345 1484 "NetworkStats" 75a1f000 133926 1 1
           <...>-1484  [004] ....  3627.214735: do_swap_page: swapin tgid 1345 1484 "NetworkStats" 75a23000 10017 1 1
           <...>-1484  [004] d..2  3627.214740: free_swap_slot: swapfree cache 10017
           <...>-1484  [004] ....  3627.214744: do_swap_page: swapin tgid 1345 1484 "NetworkStats" 75a25000 13392b 0 1
   system_server-1345  [004] ....  3627.214782: do_swap_page: swapin tgid 1345 1345 "system_server" 7fbe236000 1d39a6 1 1
           <...>-1085  [004] d..2  3627.215115: free_swap_slot: swapfree cache 1e7f7f
           <...>-1085  [004] ....  3627.215149: do_swap_page: swapin tgid 933 1085 "Binder:933_2" 7fbd015000 1e7f6f 1 1
           <...>-1085  [004] ....  3627.215159: do_swap_page: swapin tgid 933 1085 "Binder:933_2" 7fbd135000 1e7f93 1 1
           <...>-1085  [004] ....  3627.215168: do_swap_page: swapin tgid 933 1085 "Binder:933_2" 7fbd0dc000 739f9 0 1
   system_server-1345  [004] d..2  3627.215321: free_swap_slot: swapfree cache 8098
   system_server-1345  [004] d..2  3627.215331: free_swap_slot: swapfree cache 1e3ee4
           <...>-1085  [004] ....  3627.215435: do_swap_page: swapin tgid 933 1085 "Binder:933_2" 7fbd0dc000 739f9 1 1
           <...>-1085  [004] ....  3627.215473: do_swap_page: swapin tgid 933 1085 "Binder:933_2" 7fbd134000 77924 0 1
   system_server-1345  [004] d..2  3627.215549: free_swap_slot: swapfree cache 8007
   system_server-1345  [004] d..2  3627.215572: free_swap_slot: swapfree cache 405e
           <...>-1085  [004] ....  3627.215713: do_swap_page: swapin tgid 933 1085 "Binder:933_2" 7fbd134000 77924 1 1
           <...>-1085  [004] ....  3627.215730: do_swap_page: swapin tgid 933 1085 "Binder:933_2" 7fbd0db000 739f8 0 1
   system_server-1345  [004] ....  3627.215812: do_swap_page: swapin tgid 1345 1345 "system_server" 152c3000 80fc 1 1
   system_server-1345  [004] ....  3627.215833: do_swap_page: swapin tgid 1345 1345 "system_server" 152c7000 c000 1 1
   system_server-1345  [004] ....  3627.215842: do_swap_page: swapin tgid 1345 1345 "system_server" 152ca000 c003 1 1
   system_server-1345  [004] ....  3627.215851: do_swap_page: swapin tgid 1345 1345 "system_server" 9d995000 137981 0 1
           <...>-1085  [004] ....  3627.215931: do_swap_page: swapin tgid 933 1085 "Binder:933_2" 7fbd0db000 739f8 1 1
           <...>-1085  [004] ....  3627.215948: do_swap_page: swapin tgid 933 1085 "Binder:933_2" 7fbd10c000 77912 0 1
           <...>-1085  [004] ....  3627.216159: do_swap_page: swapin tgid 933 1085 "Binder:933_2" 7fbd10c000 77912 1 1
           <...>-1085  [004] ....  3627.216175: do_swap_page: swapin tgid 933 1085 "Binder:933_2" 7fbd10b000 77911 0 1
           <...>-1085  [004] ....  3627.216496: do_swap_page: swapin tgid 933 1085 "Binder:933_2" 7fbd10b000 77911 1 1
           <...>-1085  [004] ....  3627.216513: do_swap_page: swapin tgid 933 1085 "Binder:933_2" 7fbd02c000 1e7f7b 1 1
           <...>-1085  [004] ....  3627.216521: do_swap_page: swapin tgid 933 1085 "Binder:933_2" 7fbd102000 19fe3d 0 1
           <...>-888   [004] ....  3627.216646: do_swap_page: swapin tgid 888 888 "logcatd" 7fbd85c000 17976 0 1
           <...>-1085  [004] ....  3627.216767: do_swap_page: swapin tgid 933 1085 "Binder:933_2" 7fbd102000 19fe3d 1 1
           <...>-1085  [004] ....  3627.216783: do_swap_page: swapin tgid 933 1085 "Binder:933_2" 7fbd10a000 77910 0 1
           <...>-1484  [004] ....  3627.216850: do_swap_page: swapin tgid 1345 1484 "NetworkStats" 75a25000 13392b 1 1
           <...>-1484  [004] .n..  3627.216935: do_swap_page: swapin tgid 1345 1484 "NetworkStats" 75a29000 10018 1 1
           <...>-1085  [004] ....  3627.216960: do_swap_page: swapin tgid 933 1085 "Binder:933_2" 7fbd10a000 77910 1 1
           <...>-1085  [004] ....  3627.216974: do_swap_page: swapin tgid 933 1085 "Binder:933_2" 7fbd109000 7790f 0 1
           <...>-1484  [004] d..2  3627.217039: free_swap_slot: swapfree cache 10018
           <...>-1484  [004] ....  3627.217047: do_swap_page: swapin tgid 1345 1484 "NetworkStats" 75a2b000 133930 0 1
           <...>-1085  [004] ....  3627.217146: do_swap_page: swapin tgid 933 1085 "Binder:933_2" 7fbd109000 7790f 1 1
           <...>-1085  [004] ....  3627.217162: do_swap_page: swapin tgid 933 1085 "Binder:933_2" 7fbd02d000 1e7f7c 1 1
           <...>-1085  [004] ....  3627.217171: do_swap_page: swapin tgid 933 1085 "Binder:933_2" 7fbd108000 7790e 0 1
           <...>-888   [004] ....  3627.217269: do_swap_page: swapin tgid 888 888 "logcatd" 7fbd85c000 17976 1 1
           <...>-1085  [004] ....  3627.217376: do_swap_page: swapin tgid 933 1085 "Binder:933_2" 7fbd108000 7790e 1 1
           <...>-1085  [004] ....  3627.217476: do_swap_page: swapin tgid 933 1085 "Binder:933_2" 7fbd107000 7790d 0 1
           <...>-1085  [004] ....  3627.217665: do_swap_page: swapin tgid 933 1085 "Binder:933_2" 7fbd107000 7790d 1 1
           <...>-1085  [004] ....  3627.217681: do_swap_page: swapin tgid 933 1085 "Binder:933_2" 7fbd106000 1e7f90 1 1
           <...>-1085  [004] ....  3627.217715: do_swap_page: swapin tgid 933 1085 "Binder:933_2" 7fbd030000 739be 0 1
           <...>-1484  [004] ....  3627.217792: do_swap_page: swapin tgid 1345 1484 "NetworkStats" 75a2b000 133930 1 1
           <...>-1484  [004] ....  3627.217806: do_swap_page: swapin tgid 1345 1484 "NetworkStats" 75a2f000 10019 1 1
           <...>-1484  [004] d..2  3627.217812: free_swap_slot: swapfree cache 10019
           <...>-1484  [004] d..2  3627.217817: free_swap_slot: swapfree cache 1f3fec
           <...>-1085  [004] ....  3627.217915: do_swap_page: swapin tgid 933 1085 "Binder:933_2" 7fbd030000 739be 1 1
           <...>-1085  [004] ....  3627.217940: do_swap_page: swapin tgid 933 1085 "Binder:933_2" 7fbd02e000 739bc 0 1
           <...>-1484  [004] ....  3627.218036: do_swap_page: swapin tgid 1345 1484 "NetworkStats" 14e25000 8067 1 1
           <...>-1085  [004] ....  3627.218126: do_swap_page: swapin tgid 933 1085 "Binder:933_2" 7fbd02e000 739bc 1 1
           <...>-1085  [004] d..2  3627.218175: free_swap_slot: swapfree cache 1e7f6b
           <...>-1484  [004] ....  3627.218210: do_swap_page: swapin tgid 1345 1484 "NetworkStats" 14d7b000 1e3e7a 0 1
   system_server-1345  [004] ....  3627.218335: do_swap_page: swapin tgid 1345 1345 "system_server" 152d3000 c00c 1 1
   system_server-1345  [004] ....  3627.218367: do_swap_page: swapin tgid 1345 1345 "system_server" 7fbf5e4000 1d7963 0 1
   system_server-1345  [004] ....  3627.218746: do_swap_page: swapin tgid 1345 1345 "system_server" 7fbf5e4000 1d7963 1 1
   system_server-1345  [004] ....  3627.218787: do_swap_page: swapin tgid 1345 1345 "system_server" 9d8e4000 1008a 1 1
   system_server-1345  [004] ....  3627.218796: do_swap_page: swapin tgid 1345 1345 "system_server" 9da13000 1379ff 0 1
 wifi_ext@1.0-se-2892  [004] ....  3627.219340: do_swap_page: swapin tgid 829 2892 "wifi_ext@1.0-se" 7fb9c04000 1c7f17 1 1
 wifi_ext@1.0-se-2892  [004] d..2  3627.219349: free_swap_slot: swapfree cache 1c7f17
 wifi_ext@1.0-se-2892  [004] ....  3627.219355: do_swap_page: swapin tgid 829 2892 "wifi_ext@1.0-se" 7fb9c05000 1c7f18 1 1
 wifi_ext@1.0-se-2892  [004] d..2  3627.219359: free_swap_slot: swapfree cache 1c7f18
 wifi_ext@1.0-se-2892  [004] ....  3627.219364: do_swap_page: swapin tgid 829 2892 "wifi_ext@1.0-se" 7fb9c06000 1c7f19 1 1
 wifi_ext@1.0-se-2892  [004] d..2  3627.219366: free_swap_slot: swapfree cache 1c7f19
 wifi_ext@1.0-se-2892  [004] ....  3627.219372: do_swap_page: swapin tgid 829 2892 "wifi_ext@1.0-se" 7fb9c07000 1c7f1a 1 1
 wifi_ext@1.0-se-2892  [004] d..2  3627.219375: swapcache_free_entries: swapfree direct 1fbf72
 wifi_ext@1.0-se-2892  [004] d..3  3627.219378: swapcache_free_entries: swapfree direct 1f7f94
 wifi_ext@1.0-se-2892  [004] d..3  3627.219380: swapcache_free_entries: swapfree direct 24052
 wifi_ext@1.0-se-2892  [004] d..3  3627.219382: swapcache_free_entries: swapfree direct 1f3f5a
 wifi_ext@1.0-se-2892  [004] d..3  3627.219384: swapcache_free_entries: swapfree direct 1f3f00
 wifi_ext@1.0-se-2892  [004] d..3  3627.219385: swapcache_free_entries: swapfree direct 1f3f6d
 wifi_ext@1.0-se-2892  [004] d..3  3627.219386: swapcache_free_entries: swapfree direct 408a
 wifi_ext@1.0-se-2892  [004] d..3  3627.219388: swapcache_free_entries: swapfree direct 34074
 wifi_ext@1.0-se-2892  [004] d..3  3627.219390: swapcache_free_entries: swapfree direct 8097
 wifi_ext@1.0-se-2892  [004] d..3  3627.219392: swapcache_free_entries: swapfree direct 80b6
 wifi_ext@1.0-se-2892  [004] d..3  3627.219393: swapcache_free_entries: swapfree direct 20046
 wifi_ext@1.0-se-2892  [004] d..3  3627.219395: swapcache_free_entries: swapfree direct 20047
 wifi_ext@1.0-se-2892  [004] d..3  3627.219396: swapcache_free_entries: swapfree direct 280d3
 wifi_ext@1.0-se-2892  [004] d..3  3627.219397: swapcache_free_entries: swapfree direct 200b1
 wifi_ext@1.0-se-2892  [004] d..3  3627.219399: swapcache_free_entries: swapfree direct 8041
 wifi_ext@1.0-se-2892  [004] d..3  3627.219400: swapcache_free_entries: swapfree direct 40aa
 wifi_ext@1.0-se-2892  [004] d..3  3627.219402: swapcache_free_entries: swapfree direct 400a
 wifi_ext@1.0-se-2892  [004] d..3  3627.219403: swapcache_free_entries: swapfree direct 1f3f20
 wifi_ext@1.0-se-2892  [004] d..3  3627.219405: swapcache_free_entries: swapfree direct 1f3f3d
 wifi_ext@1.0-se-2892  [004] d..3  3627.219406: swapcache_free_entries: swapfree direct 1fff94
 wifi_ext@1.0-se-2892  [004] d..3  3627.219408: swapcache_free_entries: swapfree direct 1f7f79
 wifi_ext@1.0-se-2892  [004] d..3  3627.219409: swapcache_free_entries: swapfree direct 8042
 wifi_ext@1.0-se-2892  [004] d..3  3627.219411: swapcache_free_entries: swapfree direct 8043
 wifi_ext@1.0-se-2892  [004] d..3  3627.219412: swapcache_free_entries: swapfree direct 1c7f5b
 wifi_ext@1.0-se-2892  [004] d..3  3627.219414: swapcache_free_entries: swapfree direct 1c7f5c
 wifi_ext@1.0-se-2892  [004] d..3  3627.219415: swapcache_free_entries: swapfree direct 1c7f5d
 wifi_ext@1.0-se-2892  [004] d..3  3627.219416: swapcache_free_entries: swapfree direct 1c7f5e
 wifi_ext@1.0-se-2892  [004] d..3  3627.219417: swapcache_free_entries: swapfree direct 1d7f79
 wifi_ext@1.0-se-2892  [004] d..3  3627.219419: swapcache_free_entries: swapfree direct 1d7f7a
 wifi_ext@1.0-se-2892  [004] d..3  3627.219420: swapcache_free_entries: swapfree direct 1d7f7b
 wifi_ext@1.0-se-2892  [004] d..3  3627.219421: swapcache_free_entries: swapfree direct 1d7f7c
 wifi_ext@1.0-se-2892  [004] d..3  3627.219422: swapcache_free_entries: swapfree direct 1d7f76
 wifi_ext@1.0-se-2892  [004] d..3  3627.219424: swapcache_free_entries: swapfree direct 1d7f77
 wifi_ext@1.0-se-2892  [004] d..3  3627.219425: swapcache_free_entries: swapfree direct 1d7f78
 wifi_ext@1.0-se-2892  [004] d..3  3627.219426: swapcache_free_entries: swapfree direct 200d4
 wifi_ext@1.0-se-2892  [004] d..3  3627.219428: swapcache_free_entries: swapfree direct 1f7f01
 wifi_ext@1.0-se-2892  [004] d..3  3627.219429: swapcache_free_entries: swapfree direct 4090
 wifi_ext@1.0-se-2892  [004] d..3  3627.219430: swapcache_free_entries: swapfree direct 1f3ffd
 wifi_ext@1.0-se-2892  [004] d..3  3627.219432: swapcache_free_entries: swapfree direct 4091
 wifi_ext@1.0-se-2892  [004] d..3  3627.219433: swapcache_free_entries: swapfree direct 14006
 wifi_ext@1.0-se-2892  [004] d..3  3627.219435: swapcache_free_entries: swapfree direct 40db
 wifi_ext@1.0-se-2892  [004] d..3  3627.219436: swapcache_free_entries: swapfree direct 10f9fb
 wifi_ext@1.0-se-2892  [004] d..3  3627.219438: swapcache_free_entries: swapfree direct 1f7f0a
 wifi_ext@1.0-se-2892  [004] d..3  3627.219439: swapcache_free_entries: swapfree direct 10f9fd
 wifi_ext@1.0-se-2892  [004] d..3  3627.219440: swapcache_free_entries: swapfree direct 1f7fad
 wifi_ext@1.0-se-2892  [004] d..3  3627.219442: swapcache_free_entries: swapfree direct 10014
 wifi_ext@1.0-se-2892  [004] d..3  3627.219444: swapcache_free_entries: swapfree direct 10b9a8
 wifi_ext@1.0-se-2892  [004] d..3  3627.219445: swapcache_free_entries: swapfree direct 10015
 wifi_ext@1.0-se-2892  [004] d..3  3627.219446: swapcache_free_entries: swapfree direct 8020
 wifi_ext@1.0-se-2892  [004] d..3  3627.219447: swapcache_free_entries: swapfree direct 107990
 wifi_ext@1.0-se-2892  [004] d..3  3627.219449: swapcache_free_entries: swapfree direct 10016
 wifi_ext@1.0-se-2892  [004] d..3  3627.219450: swapcache_free_entries: swapfree direct 10017
 wifi_ext@1.0-se-2892  [004] d..3  3627.219451: swapcache_free_entries: swapfree direct 1e7f7f
 wifi_ext@1.0-se-2892  [004] d..3  3627.219452: swapcache_free_entries: swapfree direct 8098
 wifi_ext@1.0-se-2892  [004] d..3  3627.219454: swapcache_free_entries: swapfree direct 1e3ee4
 wifi_ext@1.0-se-2892  [004] d..3  3627.219455: swapcache_free_entries: swapfree direct 8007
 wifi_ext@1.0-se-2892  [004] d..3  3627.219456: swapcache_free_entries: swapfree direct 405e
 wifi_ext@1.0-se-2892  [004] d..3  3627.219458: swapcache_free_entries: swapfree direct 10018
 wifi_ext@1.0-se-2892  [004] d..3  3627.219459: swapcache_free_entries: swapfree direct 10019
 wifi_ext@1.0-se-2892  [004] d..3  3627.219460: swapcache_free_entries: swapfree direct 1f3fec
 wifi_ext@1.0-se-2892  [004] d..3  3627.219461: swapcache_free_entries: swapfree direct 1e7f6b
 wifi_ext@1.0-se-2892  [004] d..3  3627.219464: swapcache_free_entries: swapfree direct 1c7f17
 wifi_ext@1.0-se-2892  [004] d..3  3627.219465: swapcache_free_entries: swapfree direct 1c7f18
 wifi_ext@1.0-se-2892  [004] d..3  3627.219466: swapcache_free_entries: swapfree direct 1c7f19
 wifi_ext@1.0-se-2892  [004] d..2  3627.219467: free_swap_slot: swapfree cache 1c7f1a
 wifi_ext@1.0-se-2892  [004] ....  3627.219472: do_swap_page: swapin tgid 829 2892 "wifi_ext@1.0-se" 7fb9c08000 1c7f1b 1 1
 wifi_ext@1.0-se-2892  [004] d..2  3627.219475: free_swap_slot: swapfree cache 1c7f1b
           <...>-1484  [004] ....  3627.219851: do_swap_page: swapin tgid 1345 1484 "NetworkStats" 14d7b000 1e3e7a 1 1
           <...>-1484  [004] ....  3627.219881: do_swap_page: swapin tgid 1345 1484 "NetworkStats" 14e28000 8069 1 1
           <...>-1484  [004] d..2  3627.219889: free_swap_slot: swapfree cache 8069
           <...>-1484  [004] d..2  3627.219893: free_swap_slot: swapfree cache 8067
           <...>-1484  [004] d..2  3627.219905: free_swap_slot: swapfree cache 806b
           <...>-1484  [004] ....  3627.219914: do_swap_page: swapin tgid 1345 1484 "NetworkStats" 14e27000 1e3ea3 0 1
   system_server-1345  [004] ....  3627.220003: do_swap_page: swapin tgid 1345 1345 "system_server" 9da13000 1379ff 1 1
   system_server-1345  [004] ....  3627.220014: do_swap_page: swapin tgid 1345 1345 "system_server" 9daa9000 13b995 0 1
   system_server-1345  [004] ....  3627.220891: do_swap_page: swapin tgid 1345 1345 "system_server" 9daa9000 13b995 1 1
   system_server-1345  [004] ....  3627.220958: do_swap_page: swapin tgid 1345 1345 "system_server" 7fbe1a4000 3c049 1 1
   system_server-1345  [004] d..1  3627.220988: free_swap_slot: swapfree cache 3c0aa
   system_server-1345  [004] d..2  3627.221008: free_swap_slot: swapfree cache 3c0a6
