           <...>-17729 [004] ....  3627.329333: do_swap_page: swapin tgid 1345 17729 "Binder:1345_19" 7e5c758000 15790a 1 1
           <...>-17729 [004] d..2  3627.329335: swapcache_free_entries: swapfree direct 280aa
           <...>-17729 [004] d..3  3627.329337: swapcache_free_entries: swapfree direct 1c083
           <...>-17729 [004] d..3  3627.329338: swapcache_free_entries: swapfree direct 200ce
           <...>-17729 [004] d..3  3627.329339: swapcache_free_entries: swapfree direct 9008e
           <...>-17729 [004] d..3  3627.329340: swapcache_free_entries: swapfree direct c0007
           <...>-17729 [004] d..3  3627.329341: swapcache_free_entries: swapfree direct 28023
           <...>-17729 [004] d..3  3627.329342: swapcache_free_entries: swapfree direct 187a96
           <...>-17729 [004] d..3  3627.329343: swapcache_free_entries: swapfree direct 1fffc0
           <...>-17729 [004] d..3  3627.329344: swapcache_free_entries: swapfree direct 2c0a4
           <...>-17729 [004] d..3  3627.329345: swapcache_free_entries: swapfree direct 34061
           <...>-17729 [004] d..3  3627.329346: swapcache_free_entries: swapfree direct 34062
           <...>-17729 [004] d..3  3627.329347: swapcache_free_entries: swapfree direct 24011
           <...>-17729 [004] d..3  3627.329348: swapcache_free_entries: swapfree direct 1af9cd
           <...>-17729 [004] d..3  3627.329348: swapcache_free_entries: swapfree direct 1af9ce
           <...>-17729 [004] d..3  3627.329349: swapcache_free_entries: swapfree direct 28007
           <...>-17729 [004] d..3  3627.329349: swapcache_free_entries: swapfree direct 380f3
           <...>-17729 [004] d..3  3627.329350: swapcache_free_entries: swapfree direct 380f0
           <...>-17729 [004] d..3  3627.329351: swapcache_free_entries: swapfree direct 2c0ee
           <...>-17729 [004] d..3  3627.329351: swapcache_free_entries: swapfree direct 200b9
           <...>-17729 [004] d..3  3627.329352: swapcache_free_entries: swapfree direct 2c0a1
           <...>-17729 [004] d..3  3627.329352: swapcache_free_entries: swapfree direct 200c2
           <...>-17729 [004] d..3  3627.329353: swapcache_free_entries: swapfree direct 24018
           <...>-17729 [004] d..3  3627.329353: swapcache_free_entries: swapfree direct 24019
           <...>-17729 [004] d..3  3627.329353: swapcache_free_entries: swapfree direct 1c06b
           <...>-17729 [004] d..3  3627.329354: swapcache_free_entries: swapfree direct 1c06c
           <...>-17729 [004] d..3  3627.329354: swapcache_free_entries: swapfree direct 40e4
           <...>-17729 [004] d..3  3627.329355: swapcache_free_entries: swapfree direct 1efffe
           <...>-17729 [004] d..3  3627.329357: swapcache_free_entries: swapfree direct c0074
           <...>-17729 [004] d..3  3627.329358: swapcache_free_entries: swapfree direct 40a0
           <...>-17729 [004] d..3  3627.329358: swapcache_free_entries: swapfree direct 1fbf41
           <...>-17729 [004] d..3  3627.329359: swapcache_free_entries: swapfree direct 1f7f54
           <...>-17729 [004] d..3  3627.329360: swapcache_free_entries: swapfree direct 1fbf3f
           <...>-17729 [004] d..3  3627.329360: swapcache_free_entries: swapfree direct 807b
           <...>-17729 [004] d..3  3627.329362: swapcache_free_entries: swapfree direct 1f3fae
           <...>-17729 [004] d..3  3627.329363: swapcache_free_entries: swapfree direct 2c017
           <...>-17729 [004] d..3  3627.329363: swapcache_free_entries: swapfree direct 2c018
           <...>-17729 [004] d..3  3627.329364: swapcache_free_entries: swapfree direct 1ab92d
           <...>-17729 [004] d..3  3627.329365: swapcache_free_entries: swapfree direct 1af9db
           <...>-17729 [004] d..3  3627.329365: swapcache_free_entries: swapfree direct 1af990
           <...>-17729 [004] d..3  3627.329366: swapcache_free_entries: swapfree direct 1a790d
           <...>-17729 [004] d..3  3627.329367: swapcache_free_entries: swapfree direct 1a790e
           <...>-17729 [004] d..3  3627.329367: swapcache_free_entries: swapfree direct 30080
           <...>-17729 [004] d..3  3627.329368: swapcache_free_entries: swapfree direct 1e3f33
           <...>-17729 [004] d..3  3627.329369: swapcache_free_entries: swapfree direct 1e3f22
           <...>-17729 [004] d..3  3627.329370: swapcache_free_entries: swapfree direct 1e7f20
           <...>-17729 [004] d..3  3627.329371: swapcache_free_entries: swapfree direct 1e7f56
           <...>-17729 [004] d..3  3627.329371: swapcache_free_entries: swapfree direct 1e7f59
           <...>-17729 [004] d..3  3627.329372: swapcache_free_entries: swapfree direct 1e7f2a
           <...>-17729 [004] d..3  3627.329372: swapcache_free_entries: swapfree direct 1e7f1f
           <...>-17729 [004] d..3  3627.329372: swapcache_free_entries: swapfree direct 1e7f31
           <...>-17729 [004] d..3  3627.329373: swapcache_free_entries: swapfree direct 1e7f35
           <...>-17729 [004] d..3  3627.329373: swapcache_free_entries: swapfree direct 1e3f35
           <...>-17729 [004] d..3  3627.329374: swapcache_free_entries: swapfree direct 1e3f36
           <...>-17729 [004] d..3  3627.329374: swapcache_free_entries: swapfree direct 1e3f2f
           <...>-17729 [004] d..3  3627.329374: swapcache_free_entries: swapfree direct 1e3f24
           <...>-17729 [004] d..3  3627.329375: swapcache_free_entries: swapfree direct 1e3f34
           <...>-17729 [004] d..3  3627.329375: swapcache_free_entries: swapfree direct 1e3f25
           <...>-17729 [004] d..3  3627.329375: swapcache_free_entries: swapfree direct 1fff0c
           <...>-17729 [004] d..3  3627.329376: swapcache_free_entries: swapfree direct 20033
           <...>-17729 [004] d..3  3627.329377: swapcache_free_entries: swapfree direct 200cf
           <...>-17729 [004] d..3  3627.329377: swapcache_free_entries: swapfree direct 1f7eaa
           <...>-17729 [004] d..3  3627.329377: swapcache_free_entries: swapfree direct 1f7eab
           <...>-17729 [004] d..3  3627.329378: swapcache_free_entries: swapfree direct 173d96
           <...>-17729 [004] d..3  3627.329379: swapcache_free_entries: swapfree direct 157909
           <...>-17729 [004] d..2  3627.329381: free_swap_slot: swapfree cache 15790a
           <...>-17729 [004] ....  3627.329383: do_swap_page: swapin tgid 1345 17729 "Binder:1345_19" 7e5c759000 15790b 1 1
           <...>-17729 [004] d..2  3627.329384: free_swap_slot: swapfree cache 15790b
           <...>-17729 [004] ....  3627.329402: do_swap_page: swapin tgid 1345 17729 "Binder:1345_19" 7e5c75a000 15790c 1 1
           <...>-17729 [004] d..2  3627.329404: free_swap_slot: swapfree cache 15790c
           <...>-17729 [004] ....  3627.329487: do_swap_page: swapin tgid 1345 17729 "Binder:1345_19" 7f39865000 380f4 1 1
           <...>-17729 [004] d..2  3627.329490: free_swap_slot: swapfree cache 380f4
           <...>-18538 [004] ....  3627.329951: do_swap_page: swapin tgid 18538 18538 "id.partnersetup" 7fbe1b6000 b386a 1 29
           <...>-18538 [004] ....  3627.329957: do_swap_page: swapin tgid 18538 18538 "id.partnersetup" 7fbe1df000 b388f 0 29
           <...>-18538 [004] ....  3627.330131: do_swap_page: swapin tgid 18538 18538 "id.partnersetup" 7fbe1df000 b388f 1 29
           <...>-18538 [004] ....  3627.330148: do_swap_page: swapin tgid 18538 18538 "id.partnersetup" 7f28921000 ab804 1 2
           <...>-18538 [004] ....  3627.330152: do_swap_page: swapin tgid 18538 18538 "id.partnersetup" 7fbe187000 b383e 1 2
           <...>-18538 [004] ....  3627.330154: do_swap_page: swapin tgid 18538 18538 "id.partnersetup" 7fbe188000 b383f 1 2
           <...>-18538 [004] ....  3627.330169: do_swap_page: swapin tgid 18538 18538 "id.partnersetup" 7f288d6000 a78c0 1 2
           <...>-18538 [004] ....  3627.330172: do_swap_page: swapin tgid 18538 18538 "id.partnersetup" 7f2898a000 ab865 1 13
           <...>-18538 [004] ....  3627.330185: do_swap_page: swapin tgid 18538 18538 "id.partnersetup" 7f288bb000 a78a5 1 2
           <...>-18538 [004] ....  3627.330197: do_swap_page: swapin tgid 18538 18538 "id.partnersetup" 7f289fe000 ab8b9 1 27
           <...>-18538 [004] ....  3627.330202: do_swap_page: swapin tgid 18538 18538 "id.partnersetup" 7f288e5000 a78c8 1 2
           <...>-18538 [004] ....  3627.330298: do_swap_page: swapin tgid 18538 18538 "id.partnersetup" 7f289ff000 ab8ba 0 29
           <...>-18538 [004] ....  3627.330443: do_swap_page: swapin tgid 18538 18538 "id.partnersetup" 7f289ff000 ab8ba 1 29
           <...>-18538 [004] ....  3627.330628: do_swap_page: swapin tgid 18538 18538 "id.partnersetup" 7f28a00000 ab8bb 0 29
           <...>-18538 [004] ....  3627.330767: do_swap_page: swapin tgid 18538 18538 "id.partnersetup" 7f28a00000 ab8bb 1 29
           <...>-18538 [004] ....  3627.330939: do_swap_page: swapin tgid 18538 18538 "id.partnersetup" 7f28a01000 ab8bc 0 29
           <...>-18538 [004] ....  3627.331080: do_swap_page: swapin tgid 18538 18538 "id.partnersetup" 7f28a01000 ab8bc 1 29
           <...>-18538 [004] ....  3627.331265: do_swap_page: swapin tgid 18538 18538 "id.partnersetup" 7f28a02000 ab8bd 0 29
           <...>-17729 [004] ....  3627.331444: do_swap_page: swapin tgid 1345 17729 "Binder:1345_19" 7eb4f1a000 280a4 1 1
           <...>-17729 [004] d..2  3627.331448: free_swap_slot: swapfree cache 280a4
           <...>-17729 [004] ....  3627.331453: do_swap_page: swapin tgid 1345 17729 "Binder:1345_19" 7eb4f1b000 1a7947 1 1
           <...>-17729 [004] d..2  3627.331455: free_swap_slot: swapfree cache 1a7947
           <...>-18538 [004] ....  3627.331943: do_swap_page: swapin tgid 18538 18538 "id.partnersetup" 7f28a02000 ab8bd 1 29
           <...>-18538 [004] ....  3627.332117: do_swap_page: swapin tgid 18538 18538 "id.partnersetup" 7f28a03000 ab8be 0 29
           <...>-18538 [004] ....  3627.332259: do_swap_page: swapin tgid 18538 18538 "id.partnersetup" 7f28a03000 ab8be 1 29
           <...>-18538 [004] ....  3627.332286: do_swap_page: swapin tgid 18538 18538 "id.partnersetup" 7f28957000 ab83a 1 2
           <...>-18538 [004] ....  3627.332299: do_swap_page: swapin tgid 18538 18538 "id.partnersetup" 7f2898f000 ab86a 0 29
           <...>-18538 [004] ....  3627.332426: do_swap_page: swapin tgid 18538 18538 "id.partnersetup" 7f2898f000 ab86a 1 29
           <...>-18538 [004] ....  3627.332489: do_swap_page: swapin tgid 18538 18538 "id.partnersetup" 7f28990000 ab86b 0 29
           <...>-18538 [004] ....  3627.332610: do_swap_page: swapin tgid 18538 18538 "id.partnersetup" 7f28990000 ab86b 1 29
           <...>-18538 [004] ....  3627.332679: do_swap_page: swapin tgid 18538 18538 "id.partnersetup" 7f28991000 ab86c 0 29
           <...>-18538 [004] ....  3627.332799: do_swap_page: swapin tgid 18538 18538 "id.partnersetup" 7f28991000 ab86c 1 29
           <...>-18538 [004] ....  3627.332829: do_swap_page: swapin tgid 18538 18538 "id.partnersetup" 7f28983000 ab863 0 12
           <...>-18538 [004] ....  3627.332963: do_swap_page: swapin tgid 18538 18538 "id.partnersetup" 7f28983000 ab863 1 12
           <...>-18538 [004] ....  3627.332984: do_swap_page: swapin tgid 18538 18538 "id.partnersetup" 7f2889b000 a7887 1 7
           <...>-18538 [004] ....  3627.332988: do_swap_page: swapin tgid 18538 18538 "id.partnersetup" 7f28964000 ab847 1 2
           <...>-18538 [004] ....  3627.332993: do_swap_page: swapin tgid 18538 18538 "id.partnersetup" 7f28889000 a7877 0 18
           <...>-18538 [004] ....  3627.333641: do_swap_page: swapin tgid 18538 18538 "id.partnersetup" 7f28889000 a7877 1 18
           <...>-18538 [004] ....  3627.333654: do_swap_page: swapin tgid 18538 18538 "id.partnersetup" 7fbe1ea000 b389a 0 29
           <...>-18538 [004] ....  3627.333798: do_swap_page: swapin tgid 18538 18538 "id.partnersetup" 7fbe1ea000 b389a 1 29
           <...>-18538 [004] ....  3627.333816: do_swap_page: swapin tgid 18538 18538 "id.partnersetup" 7f28890000 a787e 1 26
           <...>-18538 [004] ....  3627.333830: do_swap_page: swapin tgid 18538 18538 "id.partnersetup" 7f2897f000 ab85f 1 5
           <...>-18538 [004] ....  3627.333865: do_swap_page: swapin tgid 18538 18538 "id.partnersetup" 7f28a53000 ab8d8 1 9
           <...>-18538 [004] ....  3627.333867: do_swap_page: swapin tgid 18538 18538 "id.partnersetup" 7fbe18c000 b3843 0 16
           <...>-18538 [004] ....  3627.334010: do_swap_page: swapin tgid 18538 18538 "id.partnersetup" 7fbe18c000 b3843 1 16
           <...>-18538 [004] ....  3627.334016: do_swap_page: swapin tgid 18538 18538 "id.partnersetup" 7f28979000 ab859 1 13
           <...>-18538 [004] ....  3627.334267: do_swap_page: swapin tgid 18538 18538 "id.partnersetup" 7fbac23000 af881 1 2
           <...>-18538 [004] ....  3627.334278: do_swap_page: swapin tgid 18538 18538 "id.partnersetup" 71873000 9b8d9 1 2
           <...>-18538 [004] ....  3627.334569: do_swap_page: swapin tgid 18538 18538 "id.partnersetup" 71852000 9b8b8 1 26
           <...>-18538 [004] ....  3627.334714: do_swap_page: swapin tgid 18538 18538 "id.partnersetup" 7fbf6fb000 bb82a 1 2
           <...>-18538 [004] ....  3627.334719: do_swap_page: swapin tgid 18538 18538 "id.partnersetup" 7fbe4bd000 b78e8 1 2
           <...>-18538 [004] ....  3627.334722: do_swap_page: swapin tgid 18538 18538 "id.partnersetup" 7fbe4be000 b78e9 1 2
           <...>-18538 [004] ....  3627.334724: do_swap_page: swapin tgid 18538 18538 "id.partnersetup" 7fbe4bf000 b78ea 0 11
           <...>-18538 [004] ....  3627.334865: do_swap_page: swapin tgid 18538 18538 "id.partnersetup" 7fbe4bf000 b78ea 1 11
           <...>-18538 [004] ....  3627.334871: do_swap_page: swapin tgid 18538 18538 "id.partnersetup" 7fbe4c0000 b78eb 0 11
           <...>-18538 [004] ....  3627.335008: do_swap_page: swapin tgid 18538 18538 "id.partnersetup" 7fbe4c0000 b78eb 1 11
           <...>-18538 [004] ....  3627.335013: do_swap_page: swapin tgid 18538 18538 "id.partnersetup" 7fbe4c1000 b78ec 0 9
           <...>-18538 [004] ....  3627.335153: do_swap_page: swapin tgid 18538 18538 "id.partnersetup" 7fbe4c1000 b78ec 1 9
           <...>-18538 [004] ....  3627.335158: do_swap_page: swapin tgid 18538 18538 "id.partnersetup" 7fbe4c2000 b78ed 0 11
           <...>-18538 [004] ....  3627.335768: do_swap_page: swapin tgid 18538 18538 "id.partnersetup" 7fbe4c2000 b78ed 1 11
           <...>-18538 [004] ....  3627.335774: do_swap_page: swapin tgid 18538 18538 "id.partnersetup" 7fbe4c3000 b78ee 0 11
           <...>-3312  [004] ....  3627.335862: do_swap_page: swapin tgid 2300 3312 "netscheduler-qu" 7fbe29e000 c40ec 1 1
           <...>-3312  [004] d..2  3627.335865: free_swap_slot: swapfree cache c40ec
           <...>-18538 [004] ....  3627.335913: do_swap_page: swapin tgid 18538 18538 "id.partnersetup" 7fbe4c3000 b78ee 1 11
           <...>-18538 [004] ....  3627.335919: do_swap_page: swapin tgid 18538 18538 "id.partnersetup" 7fbe4c4000 b78ef 1 5
           <...>-18538 [004] ....  3627.335922: do_swap_page: swapin tgid 18538 18538 "id.partnersetup" 7fbe4c5000 b78f0 0 11
           <...>-18538 [004] ....  3627.336061: do_swap_page: swapin tgid 18538 18538 "id.partnersetup" 7fbe4c5000 b78f0 1 11
           <...>-18538 [004] ....  3627.336067: do_swap_page: swapin tgid 18538 18538 "id.partnersetup" 7fbe4c6000 b78f1 0 11
           <...>-18538 [004] ....  3627.336212: do_swap_page: swapin tgid 18538 18538 "id.partnersetup" 7fbe4c6000 b78f1 1 11
           <...>-18538 [004] ....  3627.336217: do_swap_page: swapin tgid 18538 18538 "id.partnersetup" 7fbe4c7000 b78f2 1 3
           <...>-18538 [004] ....  3627.336220: do_swap_page: swapin tgid 18538 18538 "id.partnersetup" 7fbe4c8000 b78f3 0 11
           <...>-18538 [004] ....  3627.336363: do_swap_page: swapin tgid 18538 18538 "id.partnersetup" 7fbe4c8000 b78f3 1 11
           <...>-18538 [004] ....  3627.336368: do_swap_page: swapin tgid 18538 18538 "id.partnersetup" 7fbe4c9000 b78f4 0 9
           <...>-18538 [004] ....  3627.336692: do_swap_page: swapin tgid 18538 18538 "id.partnersetup" 7fbe4c9000 b78f4 1 9
           <...>-18538 [004] ....  3627.336700: do_swap_page: swapin tgid 18538 18538 "id.partnersetup" 7fbe4ca000 b78f5 0 11
           <...>-18538 [004] ....  3627.336821: do_swap_page: swapin tgid 18538 18538 "id.partnersetup" 7fbe4ca000 b78f5 1 11
           <...>-18538 [004] ....  3627.336827: do_swap_page: swapin tgid 18538 18538 "id.partnersetup" 7fbe4cb000 b78f6 0 11
           <...>-3312  [004] ....  3627.336918: do_swap_page: swapin tgid 2300 3312 "netscheduler-qu" 7f2135d000 1c7a6a 0 1
           <...>-18538 [004] ....  3627.336950: do_swap_page: swapin tgid 18538 18538 "id.partnersetup" 7fbe4cb000 b78f6 1 11
           <...>-18538 [004] ....  3627.336955: do_swap_page: swapin tgid 18538 18538 "id.partnersetup" 7fbe4cc000 b78f7 0 11
           <...>-18538 [004] ....  3627.337075: do_swap_page: swapin tgid 18538 18538 "id.partnersetup" 7fbe4cc000 b78f7 1 11
           <...>-18538 [004] ....  3627.337080: do_swap_page: swapin tgid 18538 18538 "id.partnersetup" 7fbe4cd000 b78f8 0 12
           <...>-3312  [004] ....  3627.337140: do_swap_page: swapin tgid 2300 3312 "netscheduler-qu" 7f2135d000 1c7a6a 1 1
           <...>-3312  [004] ....  3627.337163: do_swap_page: swapin tgid 2300 3312 "netscheduler-qu" 7ed34a5000 7ebc 0 1
           <...>-18538 [004] ....  3627.337203: do_swap_page: swapin tgid 18538 18538 "id.partnersetup" 7fbe4cd000 b78f8 1 12
           <...>-18538 [004] ....  3627.337209: do_swap_page: swapin tgid 18538 18538 "id.partnersetup" 7fbe4ce000 b78f9 0 11
           <...>-3312  [004] ....  3627.337281: do_swap_page: swapin tgid 2300 3312 "netscheduler-qu" 7ed34a5000 7ebc 1 1
           <...>-18538 [004] ....  3627.337342: do_swap_page: swapin tgid 18538 18538 "id.partnersetup" 7fbe4ce000 b78f9 1 11
           <...>-18538 [004] ....  3627.337347: do_swap_page: swapin tgid 18538 18538 "id.partnersetup" 7fbe4cf000 b78fa 0 11
           <...>-3312  [004] ....  3627.337389: do_swap_page: swapin tgid 2300 3312 "netscheduler-qu" 7f2d527000 c004a 1 1
           <...>-3312  [004] d..2  3627.337392: free_swap_slot: swapfree cache c004a
           <...>-3312  [004] ....  3627.337402: do_swap_page: swapin tgid 2300 3312 "netscheduler-qu" 12dcb000 8c07a 1 1
           <...>-3312  [004] ....  3627.337406: do_swap_page: swapin tgid 2300 3312 "netscheduler-qu" 12dcc000 8c07b 1 1
           <...>-18538 [004] ....  3627.337526: do_swap_page: swapin tgid 18538 18538 "id.partnersetup" 7fbe4cf000 b78fa 1 11
           <...>-18538 [004] ....  3627.337532: do_swap_page: swapin tgid 18538 18538 "id.partnersetup" 7fbe4d0000 b78fb 0 12
           <...>-3312  [004] ....  3627.337587: do_swap_page: swapin tgid 2300 3312 "netscheduler-qu" 12e17000 8c0c4 1 1
           <...>-3312  [004] ....  3627.337609: do_swap_page: swapin tgid 2300 3312 "netscheduler-qu" 7ed34d4000 1bfa06 0 1
           <...>-18538 [004] ....  3627.337652: do_swap_page: swapin tgid 18538 18538 "id.partnersetup" 7fbe4d0000 b78fb 1 12
           <...>-18538 [004] ....  3627.337658: do_swap_page: swapin tgid 18538 18538 "id.partnersetup" 7fbe4d1000 b78fc 0 11
           <...>-18538 [004] ....  3627.337788: do_swap_page: swapin tgid 18538 18538 "id.partnersetup" 7fbe4d1000 b78fc 1 11
           <...>-18538 [004] ....  3627.337793: do_swap_page: swapin tgid 18538 18538 "id.partnersetup" 7fbe4d2000 b78fd 0 12
           <...>-3312  [004] ....  3627.337828: do_swap_page: swapin tgid 2300 3312 "netscheduler-qu" 7ed34d4000 1bfa06 1 1
           <...>-18538 [004] ....  3627.337928: do_swap_page: swapin tgid 18538 18538 "id.partnersetup" 7fbe4d2000 b78fd 1 12
           <...>-18538 [004] ....  3627.337935: do_swap_page: swapin tgid 18538 18538 "id.partnersetup" 7fbe4d3000 b78fe 0 12
           <...>-3312  [004] ....  3627.337974: do_swap_page: swapin tgid 2300 3312 "netscheduler-qu" 7ed34ab000 1bbadd 0 1
           <...>-18538 [004] ....  3627.338058: do_swap_page: swapin tgid 18538 18538 "id.partnersetup" 7fbe4d3000 b78fe 1 12
           <...>-18538 [004] ....  3627.338066: do_swap_page: swapin tgid 18538 18538 "id.partnersetup" 7fbe4d4000 b78ff 1 6
           <...>-18538 [004] ....  3627.338069: do_swap_page: swapin tgid 18538 18538 "id.partnersetup" 7fbe4d5000 bb800 0 12
           <...>-3312  [004] ....  3627.338112: do_swap_page: swapin tgid 2300 3312 "netscheduler-qu" 7ed34ab000 1bbadd 1 1
           <...>-3312  [004] ....  3627.338123: do_swap_page: swapin tgid 2300 3312 "netscheduler-qu" 12dcf000 8c07e 1 1
           <...>-18538 [004] ....  3627.338211: do_swap_page: swapin tgid 18538 18538 "id.partnersetup" 7fbe4d5000 bb800 1 12
           <...>-18538 [004] ....  3627.338217: do_swap_page: swapin tgid 18538 18538 "id.partnersetup" 7fbe4d6000 bb801 0 11
           <...>-18538 [004] ....  3627.338338: do_swap_page: swapin tgid 18538 18538 "id.partnersetup" 7fbe4d6000 bb801 1 11
           <...>-18538 [004] ....  3627.338344: do_swap_page: swapin tgid 18538 18538 "id.partnersetup" 7fbe4d7000 bb802 0 11
           <...>-3312  [004] ....  3627.338390: do_swap_page: swapin tgid 2300 3312 "netscheduler-qu" 7ea89d1000 b0071 1 1
           <...>-3312  [004] d..2  3627.338393: free_swap_slot: swapfree cache b0071
           <...>-18538 [004] ....  3627.338535: do_swap_page: swapin tgid 18538 18538 "id.partnersetup" 7fbe4d7000 bb802 1 11
           <...>-18538 [004] ....  3627.338540: do_swap_page: swapin tgid 18538 18538 "id.partnersetup" 7fbe4d8000 bb803 0 12
           <...>-1085  [004] ....  3627.338976: do_swap_page: swapin tgid 933 1085 "Binder:933_2" 7fbd0e4000 739fd 0 1
           <...>-18538 [004] ....  3627.339008: do_swap_page: swapin tgid 18538 18538 "id.partnersetup" 7fbe4d8000 bb803 1 12
           <...>-18538 [004] ....  3627.339013: do_swap_page: swapin tgid 18538 18538 "id.partnersetup" 7fbe4d9000 bb804 0 12
           <...>-1085  [004] ....  3627.339102: do_swap_page: swapin tgid 933 1085 "Binder:933_2" 7fbd0e4000 739fd 1 1
           <...>-1085  [004] d..2  3627.339115: free_swap_slot: swapfree cache 1e7f7c
           <...>-18538 [004] ....  3627.339171: do_swap_page: swapin tgid 18538 18538 "id.partnersetup" 7fbe4d9000 bb804 1 12
           <...>-18538 [004] ....  3627.339176: do_swap_page: swapin tgid 18538 18538 "id.partnersetup" 7fbe4da000 bb805 0 12
           <...>-18538 [004] ....  3627.340350: do_swap_page: swapin tgid 18538 18538 "id.partnersetup" 7fbe4da000 bb805 1 12
           <...>-18538 [004] ....  3627.340356: do_swap_page: swapin tgid 18538 18538 "id.partnersetup" 7fbe4db000 bb806 0 8
           <...>-18538 [004] ....  3627.341295: do_swap_page: swapin tgid 18538 18538 "id.partnersetup" 7fbe4db000 bb806 1 8
           <...>-18538 [004] ....  3627.341300: do_swap_page: swapin tgid 18538 18538 "id.partnersetup" 7fbe4dc000 bb807 0 23
           <...>-18538 [004] ....  3627.341478: do_swap_page: swapin tgid 18538 18538 "id.partnersetup" 7fbe4dc000 bb807 1 23
           <...>-18538 [004] ....  3627.341484: do_swap_page: swapin tgid 18538 18538 "id.partnersetup" 7fbe4dd000 bb808 0 22
           <...>-18538 [004] ....  3627.341654: do_swap_page: swapin tgid 18538 18538 "id.partnersetup" 7fbe4dd000 bb808 1 22
           <...>-18538 [004] ....  3627.341660: do_swap_page: swapin tgid 18538 18538 "id.partnersetup" 7fbe4de000 bb809 0 23
           <...>-17729 [004] ....  3627.342280: do_swap_page: swapin tgid 1345 17729 "Binder:1345_19" 7f39811000 380b9 1 1
           <...>-17729 [004] d..2  3627.342284: free_swap_slot: swapfree cache 380b9
           <...>-18538 [004] ....  3627.342392: do_swap_page: swapin tgid 18538 18538 "id.partnersetup" 7fbe4de000 bb809 1 23
           <...>-18538 [004] ....  3627.342398: do_swap_page: swapin tgid 18538 18538 "id.partnersetup" 7fbe4df000 bb80a 1 2
           <...>-18538 [004] ....  3627.342402: do_swap_page: swapin tgid 18538 18538 "id.partnersetup" 7fbe4e0000 bb80b 1 2
           <...>-18538 [004] ....  3627.342457: do_swap_page: swapin tgid 18538 18538 "id.partnersetup" 7fbe565000 bb80d 0 29
           <...>-18538 [004] ....  3627.342629: do_swap_page: swapin tgid 18538 18538 "id.partnersetup" 7fbe565000 bb80d 1 29
           <...>-18538 [004] ....  3627.342671: do_swap_page: swapin tgid 18538 18538 "id.partnersetup" 7fbded4000 b380c 1 2
           <...>-18538 [004] ....  3627.342676: do_swap_page: swapin tgid 18538 18538 "id.partnersetup" 7fbdcd6000 af8e3 1 2
           <...>-18538 [004] ....  3627.342682: do_swap_page: swapin tgid 18538 18538 "id.partnersetup" 7fbf6fd000 bb82c 1 2
           <...>-18538 [004] ....  3627.342688: do_swap_page: swapin tgid 18538 18538 "id.partnersetup" 7fbe48b000 b78d8 1 2
           <...>-18538 [004] ....  3627.342718: do_swap_page: swapin tgid 18538 18538 "id.partnersetup" 7fbe572000 bb80f 0 28
           <...>-18538 [004] ....  3627.342885: do_swap_page: swapin tgid 18538 18538 "id.partnersetup" 7fbe572000 bb80f 1 28
           <...>-18538 [004] ....  3627.342900: do_swap_page: swapin tgid 18538 18538 "id.partnersetup" 7fbe424000 b78d4 1 2
           <...>-18538 [004] ....  3627.342906: do_swap_page: swapin tgid 18538 18538 "id.partnersetup" 7fbe3c0000 b78d2 1 2
           <...>-18538 [004] ....  3627.342920: do_swap_page: swapin tgid 18538 18538 "id.partnersetup" 7fbe5d6000 bb823 1 2
           <...>-18538 [004] ....  3627.343002: do_swap_page: swapin tgid 18538 18538 "id.partnersetup" 7fbd4ca000 af8db 1 2
           <...>-18538 [004] ....  3627.343030: do_swap_page: swapin tgid 18538 18538 "id.partnersetup" 7fbe5d7000 bb824 0 13
           <...>-18538 [004] ....  3627.343167: do_swap_page: swapin tgid 18538 18538 "id.partnersetup" 7fbe5d7000 bb824 1 13
           <...>-18538 [004] ....  3627.343175: do_swap_page: swapin tgid 18538 18538 "id.partnersetup" 7fbe497000 b78e2 0 29
           <...>-18538 [004] ....  3627.343347: do_swap_page: swapin tgid 18538 18538 "id.partnersetup" 7fbe497000 b78e2 1 29
           <...>-18538 [004] ....  3627.343353: do_swap_page: swapin tgid 18538 18538 "id.partnersetup" 7fbe488000 b78d5 0 23
           <...>-17729 [004] ....  3627.343900: do_swap_page: swapin tgid 1345 17729 "Binder:1345_19" 7f3983a000 380c9 1 1
           <...>-17729 [004] d..2  3627.343904: free_swap_slot: swapfree cache 380c9
           <...>-18538 [004] ....  3627.343954: do_swap_page: swapin tgid 18538 18538 "id.partnersetup" 7fbe488000 b78d5 1 23
           <...>-18538 [004] ....  3627.343962: do_swap_page: swapin tgid 18538 18538 "id.partnersetup" 7fbe521000 bb80c 1 2
           <...>-18538 [004] ....  3627.343965: do_swap_page: swapin tgid 18538 18538 "id.partnersetup" 7fbe48f000 b78dc 1 2
           <...>-18538 [004] ....  3627.344022: do_swap_page: swapin tgid 18538 18538 "id.partnersetup" 7fbe489000 b78d6 0 29
           <...>-18538 [004] ....  3627.344197: do_swap_page: swapin tgid 18538 18538 "id.partnersetup" 7fbe489000 b78d6 1 29
           <...>-18538 [004] ....  3627.344211: do_swap_page: swapin tgid 18538 18538 "id.partnersetup" 7fbf5e2000 bb826 1 2
           <...>-18538 [004] ....  3627.344225: do_swap_page: swapin tgid 18538 18538 "id.partnersetup" 7fbdeaa000 b380a 1 7
           <...>-18538 [004] ....  3627.344227: do_swap_page: swapin tgid 18538 18538 "id.partnersetup" 7fbdff6000 b380e 1 10
           <...>-18538 [004] ....  3627.344232: do_swap_page: swapin tgid 18538 18538 "id.partnersetup" 7fbe584000 bb821 1 2
           <...>-18538 [004] ....  3627.344236: do_swap_page: swapin tgid 18538 18538 "id.partnersetup" 7fbe48d000 b78da 1 2
           <...>-18538 [004] ....  3627.344301: do_swap_page: swapin tgid 18538 18538 "id.partnersetup" 7fb9a64000 af85d 1 2
           <...>-18538 [004] ....  3627.344308: do_swap_page: swapin tgid 18538 18538 "id.partnersetup" 7fbe573000 bb810 0 28
           <...>-18538 [004] ....  3627.344478: do_swap_page: swapin tgid 18538 18538 "id.partnersetup" 7fbe573000 bb810 1 28
           <...>-18538 [004] ....  3627.344484: do_swap_page: swapin tgid 18538 18538 "id.partnersetup" 7fbe574000 bb811 0 24
           <...>-18538 [004] ....  3627.344654: do_swap_page: swapin tgid 18538 18538 "id.partnersetup" 7fbe574000 bb811 1 24
           <...>-18538 [004] ....  3627.344662: do_swap_page: swapin tgid 18538 18538 "id.partnersetup" 7fbe575000 bb812 0 28
           <...>-18538 [004] ....  3627.345257: do_swap_page: swapin tgid 18538 18538 "id.partnersetup" 7fbe575000 bb812 1 28
           <...>-18538 [004] ....  3627.345264: do_swap_page: swapin tgid 18538 18538 "id.partnersetup" 7fbe576000 bb813 0 29
           <...>-18538 [004] ....  3627.345435: do_swap_page: swapin tgid 18538 18538 "id.partnersetup" 7fbe576000 bb813 1 29
           <...>-18538 [004] ....  3627.345441: do_swap_page: swapin tgid 18538 18538 "id.partnersetup" 7fbe577000 bb814 0 21
           <...>-18538 [004] ....  3627.345611: do_swap_page: swapin tgid 18538 18538 "id.partnersetup" 7fbe577000 bb814 1 21
           <...>-18538 [004] ....  3627.345618: do_swap_page: swapin tgid 18538 18538 "id.partnersetup" 7fbe578000 bb815 0 24
           <...>-18538 [004] ....  3627.345754: do_swap_page: swapin tgid 18538 18538 "id.partnersetup" 7fbe578000 bb815 1 24
           <...>-18538 [004] ....  3627.345760: do_swap_page: swapin tgid 18538 18538 "id.partnersetup" 7fbe579000 bb816 0 23
           <...>-17729 [004] d..2  3627.345940: free_swap_slot: swapfree cache 240ee
           <...>-18538 [004] ....  3627.346078: do_swap_page: swapin tgid 18538 18538 "id.partnersetup" 7fbe579000 bb816 1 23
           <...>-18538 [004] ....  3627.346084: do_swap_page: swapin tgid 18538 18538 "id.partnersetup" 7fbe57a000 bb817 0 28
           <...>-18538 [004] ....  3627.346224: do_swap_page: swapin tgid 18538 18538 "id.partnersetup" 7fbe57a000 bb817 1 28
           <...>-18538 [004] ....  3627.346230: do_swap_page: swapin tgid 18538 18538 "id.partnersetup" 7fbe57b000 bb818 0 24
           <...>-3312  [004] ....  3627.346306: do_swap_page: swapin tgid 2300 3312 "netscheduler-qu" 13d2e000 9c04f 1 1
           <...>-3312  [004] ....  3627.346317: do_swap_page: swapin tgid 2300 3312 "netscheduler-qu" 12ddb000 8c08a 1 1
           <...>-3312  [004] d..2  3627.346323: free_swap_slot: swapfree cache a803f
           <...>-3312  [004] ....  3627.346327: do_swap_page: swapin tgid 2300 3312 "netscheduler-qu" 7ed3467000 1bba9d 0 1
           <...>-18538 [004] ....  3627.346368: do_swap_page: swapin tgid 18538 18538 "id.partnersetup" 7fbe57b000 bb818 1 24
           <...>-18538 [004] ....  3627.346374: do_swap_page: swapin tgid 18538 18538 "id.partnersetup" 7fbe57c000 bb819 0 29
           <...>-18538 [004] ....  3627.346533: do_swap_page: swapin tgid 18538 18538 "id.partnersetup" 7fbe57c000 bb819 1 29
           <...>-18538 [004] ....  3627.346539: do_swap_page: swapin tgid 18538 18538 "id.partnersetup" 7fbe57d000 bb81a 0 24
           <...>-3312  [004] ....  3627.346574: do_swap_page: swapin tgid 2300 3312 "netscheduler-qu" 7ed3467000 1bba9d 1 1
           <...>-3312  [004] ....  3627.346580: do_swap_page: swapin tgid 2300 3312 "netscheduler-qu" 7ed341f000 1bba55 0 1
           <...>-18538 [004] ....  3627.346684: do_swap_page: swapin tgid 18538 18538 "id.partnersetup" 7fbe57d000 bb81a 1 24
           <...>-18538 [004] ....  3627.346693: do_swap_page: swapin tgid 18538 18538 "id.partnersetup" 7fbe57f000 bb81c 0 23
           <...>-3312  [004] ....  3627.346736: do_swap_page: swapin tgid 2300 3312 "netscheduler-qu" 7ed341f000 1bba55 1 1
           <...>-3312  [004] ....  3627.346744: do_swap_page: swapin tgid 2300 3312 "netscheduler-qu" 12e53000 90000 1 1
           <...>-3312  [004] d..2  3627.346748: free_swap_slot: swapfree cache 90090
           <...>-3312  [004] d..2  3627.346755: free_swap_slot: swapfree cache 90094
           <...>-3312  [004] ....  3627.346769: do_swap_page: swapin tgid 2300 3312 "netscheduler-qu" 12e52000 8c0ff 1 1
           <...>-3312  [004] ....  3627.346778: do_swap_page: swapin tgid 2300 3312 "netscheduler-qu" 7f2dc24000 c00c6 1 1
           <...>-3312  [004] d..2  3627.346779: free_swap_slot: swapfree cache c00c6
           <...>-3312  [004] d..2  3627.346787: free_swap_slot: swapfree cache a0042
           <...>-3312  [004] ....  3627.346797: do_swap_page: swapin tgid 2300 3312 "netscheduler-qu" 1472b000 a4020 1 1
           <...>-3353  [004] ....  3627.346906: do_swap_page: swapin tgid 2300 3353 "lowpool[6]" 147a9000 a4093 1 1
           <...>-3353  [004] d..2  3627.346910: free_swap_slot: swapfree cache a4093
           <...>-17729 [004] d..2  3627.347146: free_swap_slot: swapfree cache 1fff11
           <...>-18538 [004] ....  3627.347174: do_swap_page: swapin tgid 18538 18538 "id.partnersetup" 7fbe57f000 bb81c 1 23
           <...>-18538 [004] ....  3627.347178: do_swap_page: swapin tgid 18538 18538 "id.partnersetup" 7fbe57e000 bb81b 0 23
           <...>-17729 [004] d..2  3627.347373: free_swap_slot: swapfree cache 1f3f0f
           <...>-17729 [004] d..2  3627.347629: free_swap_slot: swapfree cache 80b3
           <...>-18538 [004] ....  3627.347871: do_swap_page: swapin tgid 18538 18538 "id.partnersetup" 7fbe57e000 bb81b 1 23
           <...>-18538 [004] ....  3627.347878: do_swap_page: swapin tgid 18538 18538 "id.partnersetup" 7fbe580000 bb81d 1 16
           <...>-18538 [004] ....  3627.347880: do_swap_page: swapin tgid 18538 18538 "id.partnersetup" 7fbe581000 bb81e 0 22
           <...>-10540 [004] ....  3627.348228: do_swap_page: swapin tgid 2300 10540 "Binder:2300_B" 130b0000 940a2 1 1
           <...>-10540 [004] d..2  3627.348325: free_swap_slot: swapfree cache a0009
 .gms.persistent-2300  [004] ....  3627.348431: do_swap_page: swapin tgid 2300 2300 ".gms.persistent" 7ea13f8000 1ffda8 0 1
           <...>-18538 [004] ....  3627.348472: do_swap_page: swapin tgid 18538 18538 "id.partnersetup" 7fbe581000 bb81e 1 22
           <...>-18538 [004] ....  3627.348477: do_swap_page: swapin tgid 18538 18538 "id.partnersetup" 7fbe585000 bb822 1 3
           <...>-18538 [004] ....  3627.348487: do_swap_page: swapin tgid 18538 18538 "id.partnersetup" 7fbad05000 af883 1 28
           <...>-18538 [004] ....  3627.348499: do_swap_page: swapin tgid 18538 18538 "id.partnersetup" 7f39e5b000 af859 1 4
           <...>-18538 [004] ....  3627.348915: do_swap_page: swapin tgid 18538 18538 "id.partnersetup" 7f289c5000 ab88a 1 2
           <...>-567   [004] d..2  3627.349283: free_swap_slot: swapfree cache 19ff92
           <...>-567   [004] ....  3627.349363: do_swap_page: swapin tgid 555 567 "logd.writer" 7fbd74d000 efd00 0 1
 .gms.persistent-2300  [004] ....  3627.349432: do_swap_page: swapin tgid 2300 2300 ".gms.persistent" 7ea13f8000 1ffda8 1 1
 .gms.persistent-2300  [004] ....  3627.349441: do_swap_page: swapin tgid 2300 2300 ".gms.persistent" 12dfc000 8c0ab 1 1
 .gms.persistent-2300  [004] ....  3627.349453: do_swap_page: swapin tgid 2300 2300 ".gms.persistent" 12dfd000 8c0ac 1 1
 .gms.persistent-2300  [004] ....  3627.349459: do_swap_page: swapin tgid 2300 2300 ".gms.persistent" 12f26000 900cc 1 1
 .gms.persistent-2300  [004] ....  3627.349476: do_swap_page: swapin tgid 2300 2300 ".gms.persistent" 7f28b8c000 1cfaca 0 1
           <...>-18538 [004] ....  3627.349652: do_swap_page: swapin tgid 18538 18538 "id.partnersetup" 7fbad66000 af884 1 2
           <...>-18538 [004] ....  3627.349672: do_swap_page: swapin tgid 18538 18538 "id.partnersetup" 7fbe20c000 b38bb 0 27
 .gms.persistent-2300  [004] ....  3627.349700: do_swap_page: swapin tgid 2300 2300 ".gms.persistent" 7f28b8c000 1cfaca 1 1
 .gms.persistent-2300  [004] ....  3627.349707: do_swap_page: swapin tgid 2300 2300 ".gms.persistent" 12ff6000 94028 1 1
 .gms.persistent-2300  [004] d..2  3627.349751: free_swap_slot: swapfree cache 94028
 .gms.persistent-2300  [004] ....  3627.349870: do_swap_page: swapin tgid 2300 2300 ".gms.persistent" 12ffa000 9402c 1 1
 .gms.persistent-2300  [004] ....  3627.349875: do_swap_page: swapin tgid 2300 2300 ".gms.persistent" 12dfb000 8c0aa 1 1
 .gms.persistent-2300  [004] ....  3627.349881: do_swap_page: swapin tgid 2300 2300 ".gms.persistent" 7ed3434000 1bba6a 0 1
           <...>-18538 [004] ....  3627.349910: do_swap_page: swapin tgid 18538 18538 "id.partnersetup" 7fbe20c000 b38bb 1 27
           <...>-18538 [004] ....  3627.349954: do_swap_page: swapin tgid 18538 18538 "id.partnersetup" 7fbc911000 af8cb 0 29
 .gms.persistent-2300  [004] ....  3627.349995: do_swap_page: swapin tgid 2300 2300 ".gms.persistent" 7ed3434000 1bba6a 1 1
 .gms.persistent-2300  [004] ....  3627.350006: do_swap_page: swapin tgid 2300 2300 ".gms.persistent" 7f21366000 1c7a73 0 1
           <...>-567   [004] ....  3627.350031: do_swap_page: swapin tgid 555 567 "logd.writer" 7fbd74d000 efd00 1 1
           <...>-567   [004] d..2  3627.350067: free_swap_slot: swapfree cache 1a3f83
           <...>-567   [004] ....  3627.350072: do_swap_page: swapin tgid 555 567 "logd.writer" 7fb6c75000 1f854 0 1
 .gms.persistent-2300  [004] ....  3627.350170: do_swap_page: swapin tgid 2300 2300 ".gms.persistent" 7f21366000 1c7a73 1 1
 .gms.persistent-2300  [004] ....  3627.350235: do_swap_page: swapin tgid 2300 2300 ".gms.persistent" 7f28b91000 1cfacf 0 1
 .gms.persistent-2300  [004] ....  3627.350352: do_swap_page: swapin tgid 2300 2300 ".gms.persistent" 7f28b91000 1cfacf 1 1
 .gms.persistent-2300  [004] d..2  3627.350381: free_swap_slot: swapfree cache a4097
 .gms.persistent-2300  [004] ....  3627.350454: do_swap_page: swapin tgid 2300 2300 ".gms.persistent" 12da1000 8c050 1 1
 .gms.persistent-2300  [004] ....  3627.350485: do_swap_page: swapin tgid 2300 2300 ".gms.persistent" 7ea8b6e000 b009f 1 1
 .gms.persistent-2300  [004] d..2  3627.350488: free_swap_slot: swapfree cache b009f
 .gms.persistent-2300  [004] ....  3627.350490: do_swap_page: swapin tgid 2300 2300 ".gms.persistent" 7ea8b6f000 b00a0 1 1
 .gms.persistent-2300  [004] d..2  3627.350491: free_swap_slot: swapfree cache b00a0
           <...>-17729 [004] d..2  3627.350891: free_swap_slot: swapfree cache 4050
           <...>-3353  [004] ....  3627.351130: do_swap_page: swapin tgid 2300 3353 "lowpool[6]" 7f28d82000 bc0ce 1 1
           <...>-3353  [004] d..2  3627.351134: free_swap_slot: swapfree cache bc0ce
           <...>-18538 [004] ....  3627.351182: do_swap_page: swapin tgid 18538 18538 "id.partnersetup" 7fbc911000 af8cb 1 29
           <...>-18538 [004] ....  3627.351263: do_swap_page: swapin tgid 18538 18538 "id.partnersetup" 7fffff8000 bb831 1 2
           <...>-18538 [004] ....  3627.351310: do_swap_page: swapin tgid 18538 18538 "id.partnersetup" 7fbe3c1000 b78d3 1 2
           <...>-18538 [004] ....  3627.351322: do_swap_page: swapin tgid 18538 18538 "id.partnersetup" 7f316d4000 af81d 1 2
           <...>-18538 [004] ....  3627.351326: do_swap_page: swapin tgid 18538 18538 "id.partnersetup" 7fbe48a000 b78d7 1 2
           <...>-18538 [004] ....  3627.351330: do_swap_page: swapin tgid 18538 18538 "id.partnersetup" 7fbe49a000 b78e5 1 2
           <...>-18538 [004] ....  3627.351350: do_swap_page: swapin tgid 18538 18538 "id.partnersetup" 7fbd4ba000 af8d9 1 2
           <...>-18538 [004] ....  3627.351407: do_swap_page: swapin tgid 18538 18538 "id.partnersetup" 7f317f5000 af81e 1 2
           <...>-18538 [004] ....  3627.351434: do_swap_page: swapin tgid 18538 18538 "id.partnersetup" 7fbe164000 b381b 0 27
 .gms.persistent-2300  [004] ....  3627.351514: do_swap_page: swapin tgid 2300 2300 ".gms.persistent" 719c5000 ac037 1 1
 .gms.persistent-2300  [004] d..2  3627.351518: free_swap_slot: swapfree cache ac037
 .gms.persistent-2300  [004] ....  3627.351534: do_swap_page: swapin tgid 2300 2300 ".gms.persistent" 12dca000 8c079 1 1
 .gms.persistent-2300  [004] ....  3627.351559: do_swap_page: swapin tgid 2300 2300 ".gms.persistent" 12e7a000 90027 1 1
 .gms.persistent-2300  [004] ....  3627.351575: do_swap_page: swapin tgid 2300 2300 ".gms.persistent" 7f23687000 1cba38 0 1
           <...>-3353  [004] ....  3627.351609: do_swap_page: swapin tgid 2300 3353 "lowpool[6]" 12f80000 900e4 1 1
           <...>-3353  [004] ....  3627.351614: do_swap_page: swapin tgid 2300 3353 "lowpool[6]" 7f236e9000 1cba57 0 1
           <...>-7755  [004] ....  3627.351639: do_swap_page: swapin tgid 2300 7755 "lowpool[39]" 7f23687000 1cba38 1 1
           <...>-567   [004] ....  3627.351649: do_swap_page: swapin tgid 555 567 "logd.writer" 7fb6c75000 1f854 1 1
           <...>-3312  [004] d..2  3627.351757: free_swap_slot: swapfree cache a0004
           <...>-3312  [004] ....  3627.351789: do_swap_page: swapin tgid 2300 3312 "netscheduler-qu" 13d0b000 9c02c 1 1
           <...>-3312  [004] d..2  3627.351797: free_swap_slot: swapfree cache 9c0c2
           <...>-3312  [004] ....  3627.351805: do_swap_page: swapin tgid 2300 3312 "netscheduler-qu" 13e81000 9c078 1 1
           <...>-3312  [004] d..2  3627.351809: free_swap_slot: swapfree cache 9c078
           <...>-3312  [004] d..2  3627.351812: free_swap_slot: swapfree cache 9c069
           <...>-3312  [004] ....  3627.351815: do_swap_page: swapin tgid 2300 3312 "netscheduler-qu" 13e0a000 9c06b 1 1
           <...>-3312  [004] d..2  3627.351824: free_swap_slot: swapfree cache 98094
           <...>-3312  [004] d..2  3627.351837: free_swap_slot: swapfree cache a80a4
           <...>-3312  [004] ....  3627.351843: do_swap_page: swapin tgid 2300 3312 "netscheduler-qu" 15036000 a80c2 1 1
           <...>-3312  [004] d..2  3627.351850: free_swap_slot: swapfree cache 9009b
           <...>-3312  [004] ....  3627.351857: do_swap_page: swapin tgid 2300 3312 "netscheduler-qu" 1337c000 9800a 1 1
           <...>-3312  [004] d..2  3627.351875: free_swap_slot: swapfree cache 9c024
           <...>-3312  [004] ....  3627.351880: do_swap_page: swapin tgid 2300 3312 "netscheduler-qu" 14dc5000 a8079 1 1
           <...>-3312  [004] ....  3627.351903: do_swap_page: swapin tgid 2300 3312 "netscheduler-qu" 13eb4000 1efdb3 0 1
           <...>-18538 [004] ....  3627.352003: do_swap_page: swapin tgid 18538 18538 "id.partnersetup" 7fbe164000 b381b 1 27
 .gms.persistent-2300  [004] ....  3627.353002: do_swap_page: swapin tgid 2300 2300 ".gms.persistent" 7f23687000 1cba38 1 1
 .gms.persistent-2300  [004] ....  3627.353014: do_swap_page: swapin tgid 2300 2300 ".gms.persistent" 12dd6000 8c085 1 1
 .gms.persistent-2300  [004] ....  3627.353018: do_swap_page: swapin tgid 2300 2300 ".gms.persistent" 13024000 94052 1 1
           <...>-7755  [004] ....  3627.353046: do_swap_page: swapin tgid 2300 7755 "lowpool[39]" 7f23592000 1cba12 0 1
           <...>-7755  [004] ....  3627.353200: do_swap_page: swapin tgid 2300 7755 "lowpool[39]" 7f23592000 1cba12 1 1
           <...>-7755  [004] d..2  3627.353215: free_swap_slot: swapfree cache a804d
           <...>-7755  [004] ....  3627.353218: do_swap_page: swapin tgid 2300 7755 "lowpool[39]" 139c5000 9804d 1 1
           <...>-7755  [004] ....  3627.353223: do_swap_page: swapin tgid 2300 7755 "lowpool[39]" 7f2d5e2000 c0083 1 1
           <...>-7755  [004] d..2  3627.353224: free_swap_slot: swapfree cache c0083
           <...>-5306  [004] ....  3627.353273: do_swap_page: swapin tgid 2300 5306 "lowpool[12]" 7e97724000 ac0ef 1 1
           <...>-5306  [004] d..2  3627.353275: free_swap_slot: swapfree cache ac0ef
           <...>-5306  [004] ....  3627.353278: do_swap_page: swapin tgid 2300 5306 "lowpool[12]" 7f2d5e3000 c0084 1 1
           <...>-5306  [004] d..2  3627.353279: free_swap_slot: swapfree cache c0084
           <...>-5306  [004] ....  3627.353280: do_swap_page: swapin tgid 2300 5306 "lowpool[12]" 7e97725000 ac0f0 1 1
           <...>-5306  [004] ....  3627.353284: do_swap_page: swapin tgid 2300 5306 "lowpool[12]" 7f2d5ac000 c0072 1 1
           <...>-5306  [004] d..2  3627.353285: free_swap_slot: swapfree cache c0072
           <...>-5306  [004] d..2  3627.353286: free_swap_slot: swapfree cache 9804d
           <...>-5306  [004] ....  3627.353289: do_swap_page: swapin tgid 2300 5306 "lowpool[12]" 7e97722000 ac0ed 1 1
           <...>-5306  [004] ....  3627.353295: do_swap_page: swapin tgid 2300 5306 "lowpool[12]" 7f232e5000 bc03a 1 1
           <...>-5306  [004] d..2  3627.353297: free_swap_slot: swapfree cache bc03a
           <...>-5306  [004] d..2  3627.353300: free_swap_slot: swapfree cache 9c014
           <...>-5306  [004] ....  3627.353309: do_swap_page: swapin tgid 2300 5306 "lowpool[12]" 12daa000 8c059 1 1
           <...>-5306  [004] ....  3627.353312: do_swap_page: swapin tgid 2300 5306 "lowpool[12]" 7ed347b000 1bbab0 0 1
           <...>-3353  [004] ....  3627.353374: do_swap_page: swapin tgid 2300 3353 "lowpool[6]" 7f236e9000 1cba57 1 1
 .gms.persistent-2300  [004] ....  3627.353488: do_swap_page: swapin tgid 2300 2300 ".gms.persistent" 7f23680000 1cba31 0 1
           <...>-5306  [004] ....  3627.353515: do_swap_page: swapin tgid 2300 5306 "lowpool[12]" 7ed347b000 1bbab0 1 1
           <...>-5306  [004] ....  3627.353521: do_swap_page: swapin tgid 2300 5306 "lowpool[12]" 7ed3485000 7eac 0 1
 .gms.persistent-2300  [004] ....  3627.353819: do_swap_page: swapin tgid 2300 2300 ".gms.persistent" 7f23680000 1cba31 1 1
           <...>-5306  [004] ....  3627.353844: do_swap_page: swapin tgid 2300 5306 "lowpool[12]" 7ed3485000 7eac 1 1
           <...>-5306  [004] ....  3627.353850: do_swap_page: swapin tgid 2300 5306 "lowpool[12]" 7ed343d000 1bba73 0 1
           <...>-7755  [004] ....  3627.353884: do_swap_page: swapin tgid 2300 7755 "lowpool[39]" 7f2333a000 bc03c 1 1
           <...>-7755  [004] ....  3627.353889: do_swap_page: swapin tgid 2300 7755 "lowpool[39]" 7f2358b000 1cba0b 0 1
           <...>-3312  [004] ....  3627.353909: do_swap_page: swapin tgid 2300 3312 "netscheduler-qu" 13eb4000 1efdb3 1 1
           <...>-3312  [004] ....  3627.353914: do_swap_page: swapin tgid 2300 3312 "netscheduler-qu" 13c74000 9c00f 1 1
           <...>-3312  [004] d..2  3627.353928: free_swap_slot: swapfree cache 8c02a
           <...>-3312  [004] d..2  3627.353940: free_swap_slot: swapfree cache 9c0c3
           <...>-3312  [004] d..2  3627.353949: free_swap_slot: swapfree cache a8097
           <...>-3312  [004] ....  3627.353957: do_swap_page: swapin tgid 2300 3312 "netscheduler-qu" 14f5c000 1fbd53 0 1
           <...>-5306  [004] ....  3627.354264: do_swap_page: swapin tgid 2300 5306 "lowpool[12]" 7ed343d000 1bba73 1 1
           <...>-5306  [004] ....  3627.354268: do_swap_page: swapin tgid 2300 5306 "lowpool[12]" 7f235ab000 1cba2b 0 1
           <...>-5306  [004] ....  3627.354584: do_swap_page: swapin tgid 2300 5306 "lowpool[12]" 7f235ab000 1cba2b 1 1
           <...>-5306  [004] ....  3627.354591: do_swap_page: swapin tgid 2300 5306 "lowpool[12]" 13008000 94037 1 1
           <...>-5306  [004] ....  3627.354594: do_swap_page: swapin tgid 2300 5306 "lowpool[12]" 7f235ac000 1cba2c 0 1
           <...>-7755  [004] ....  3627.354613: do_swap_page: swapin tgid 2300 7755 "lowpool[39]" 7f2358b000 1cba0b 1 1
           <...>-7755  [004] ....  3627.354621: do_swap_page: swapin tgid 2300 7755 "lowpool[39]" 7ed34f4000 7eed 0 1
           <...>-3312  [004] ....  3627.354634: do_swap_page: swapin tgid 2300 3312 "netscheduler-qu" 14f5c000 1fbd53 1 1
           <...>-3312  [004] d..2  3627.354720: free_swap_slot: swapfree cache 9009c
           <...>-3312  [004] ....  3627.354724: do_swap_page: swapin tgid 2300 3312 "netscheduler-qu" 12ef7000 900a1 1 1
           <...>-3312  [004] .n..  3627.354789: do_swap_page: swapin tgid 2300 3312 "netscheduler-qu" 13d37000 9c058 1 1
           <...>-7755  [004] ....  3627.354873: do_swap_page: swapin tgid 2300 7755 "lowpool[39]" 7ed34f4000 7eed 1 1
           <...>-7755  [004] ....  3627.354914: do_swap_page: swapin tgid 2300 7755 "lowpool[39]" 13fd3000 9c0aa 1 1
           <...>-7755  [004] d..2  3627.355023: free_swap_slot: swapfree cache b8043
           <...>-567   [004] ....  3627.355095: do_swap_page: swapin tgid 555 567 "logd.writer" 7fbd76a000 1a3f8f 1 1
           <...>-567   [004] d..2  3627.355099: free_swap_slot: swapfree cache 1a3f79
           <...>-18538 [004] ....  3627.355475: do_swap_page: swapin tgid 18538 18538 "id.partnersetup" 71979000 9f8df 0 19
           <...>-5306  [004] ....  3627.355506: do_swap_page: swapin tgid 2300 5306 "lowpool[12]" 7f235ac000 1cba2c 1 1
           <...>-5306  [004] ....  3627.355514: do_swap_page: swapin tgid 2300 5306 "lowpool[12]" 7f2dbbe000 c00be 1 1
           <...>-5306  [004] d..2  3627.355516: free_swap_slot: swapfree cache c00be
           <...>-5306  [004] ....  3627.355521: do_swap_page: swapin tgid 2300 5306 "lowpool[12]" 7f20eb5000 1c3a85 0 1
           <...>-3312  [004] ....  3627.355560: do_swap_page: swapin tgid 2300 3312 "netscheduler-qu" 14dc4000 a8078 1 1
           <...>-3312  [004] ....  3627.355600: do_swap_page: swapin tgid 2300 3312 "netscheduler-qu" 1337a000 98008 1 1
           <...>-3312  [004] ....  3627.355607: do_swap_page: swapin tgid 2300 3312 "netscheduler-qu" 13378000 98006 1 1
           <...>-3312  [004] d..2  3627.355609: free_swap_slot: swapfree cache 98006
           <...>-18538 [004] ....  3627.355664: do_swap_page: swapin tgid 18538 18538 "id.partnersetup" 71979000 9f8df 1 19
           <...>-5306  [004] ....  3627.355993: do_swap_page: swapin tgid 2300 5306 "lowpool[12]" 7f20eb5000 1c3a85 1 1
           <...>-5306  [004] ....  3627.356001: do_swap_page: swapin tgid 2300 5306 "lowpool[12]" 12dce000 8c07d 1 1
           <...>-5306  [004] ....  3627.356010: do_swap_page: swapin tgid 2300 5306 "lowpool[12]" 7fbc3d4000 feca 0 1
           <...>-5306  [004] ....  3627.357146: do_swap_page: swapin tgid 2300 5306 "lowpool[12]" 7fbc3d4000 feca 1 1
           <...>-5306  [004] ....  3627.357160: do_swap_page: swapin tgid 2300 5306 "lowpool[12]" 7185a000 9b8c0 1 26
           <...>-5306  [004] ....  3627.357165: do_swap_page: swapin tgid 2300 5306 "lowpool[12]" 7ea8b48000 1ffded 0 1
           <...>-5306  [004] ....  3627.357317: do_swap_page: swapin tgid 2300 5306 "lowpool[12]" 7ea8b48000 1ffded 1 1
