           <...>-3312  [004] ....  3627.293678: do_swap_page: swapin tgid 2300 3312 "netscheduler-qu" 12e48000 8c0f5 1 1
           <...>-3312  [004] ....  3627.293680: do_swap_page: swapin tgid 2300 3312 "netscheduler-qu" 7f23585000 1cba05 0 1
   system_server-1345  [004] ....  3627.293772: do_swap_page: swapin tgid 1345 1345 "system_server" 7f20eb7000 1bb990 1 1
   system_server-1345  [004] ....  3627.293835: do_swap_page: swapin tgid 1345 1345 "system_server" 9d8e7000 1008d 1 1
   system_server-1345  [004] d..2  3627.294203: free_swap_slot: swapfree cache 40f1
   system_server-1345  [004] d..2  3627.294392: free_swap_slot: swapfree cache 4035
   system_server-1345  [004] d..2  3627.294419: free_swap_slot: swapfree cache 1f3fe7
   system_server-1345  [004] ....  3627.294483: do_swap_page: swapin tgid 1345 1345 "system_server" 7ed19ca000 bf5c 0 1
           <...>-3312  [004] ....  3627.294635: do_swap_page: swapin tgid 2300 3312 "netscheduler-qu" 7f23585000 1cba05 1 1
           <...>-3312  [004] ....  3627.294923: do_swap_page: swapin tgid 2300 3312 "netscheduler-qu" 7f23337000 1c7a9c 0 1
           <...>-1085  [004] ....  3627.295109: do_swap_page: swapin tgid 933 1085 "Binder:933_2" 7fbd0e7000 77900 0 1
           <...>-1085  [004] ....  3627.295232: do_swap_page: swapin tgid 933 1085 "Binder:933_2" 7fbd0e7000 77900 1 1
           <...>-1085  [004] d..2  3627.295245: free_swap_slot: swapfree cache 1e7f90
   system_server-1345  [004] ....  3627.295425: do_swap_page: swapin tgid 1345 1345 "system_server" 9d8ed000 10093 1 1
   system_server-1345  [004] ....  3627.295431: do_swap_page: swapin tgid 1345 1345 "system_server" 9da1e000 13b90a 0 1
           <...>-3312  [004] ....  3627.295463: do_swap_page: swapin tgid 2300 3312 "netscheduler-qu" 7f23337000 1c7a9c 1 1
           <...>-3312  [004] ....  3627.295478: do_swap_page: swapin tgid 2300 3312 "netscheduler-qu" 12eb9000 90064 1 1
           <...>-3312  [004] ....  3627.295513: do_swap_page: swapin tgid 2300 3312 "netscheduler-qu" 7f2d48b000 c0010 1 1
           <...>-3312  [004] d..2  3627.295516: free_swap_slot: swapfree cache c0010
           <...>-3312  [004] ....  3627.295730: do_swap_page: swapin tgid 2300 3312 "netscheduler-qu" 12e3a000 8c0e7 1 1
           <...>-3312  [004] ....  3627.295737: do_swap_page: swapin tgid 2300 3312 "netscheduler-qu" 12f89000 900ed 1 1
           <...>-3312  [004] ....  3627.295740: do_swap_page: swapin tgid 2300 3312 "netscheduler-qu" 7f23338000 1c7a9d 0 1
   system_server-1345  [004] ....  3627.295766: do_swap_page: swapin tgid 1345 1345 "system_server" 9da1e000 13b90a 1 1
   system_server-1345  [004] ....  3627.295776: do_swap_page: swapin tgid 1345 1345 "system_server" 9db43000 13f92f 0 1
           <...>-18545 [004] ....  3627.295824: do_swap_page: swapin tgid 18538 18545 "id.partnersetu" 7fbf5e5000 1bbf98 1 1
           <...>-18545 [004] d..2  3627.295826: free_swap_slot: swapfree cache 1bbf98
   system_server-1345  [004] ....  3627.295907: do_swap_page: swapin tgid 1345 1345 "system_server" 9db43000 13f92f 1 1
   system_server-1345  [004] ....  3627.296098: do_swap_page: swapin tgid 1345 1345 "system_server" 9d8d4000 1339c0 1 1
   system_server-1345  [004] ....  3627.296110: do_swap_page: swapin tgid 1345 1345 "system_server" 14000000 1f7f49 1 1
   system_server-1345  [004] d..2  3627.296114: free_swap_slot: swapfree cache 1f7f49
   system_server-1345  [004] d..2  3627.296127: free_swap_slot: swapfree cache c0e8
   system_server-1345  [004] d..2  3627.296363: free_swap_slot: swapfree cache 804e
           <...>-3312  [004] ....  3627.296467: do_swap_page: swapin tgid 2300 3312 "netscheduler-qu" 7f23338000 1c7a9d 1 1
           <...>-18544 [004] ....  3627.296669: do_swap_page: swapin tgid 18538 18544 "id.partnersetu" 7f34ed9000 af82a 1 1
           <...>-18544 [004] d..2  3627.296672: free_swap_slot: swapfree cache af82a
           <...>-18538 [004] ....  3627.296751: do_swap_page: swapin tgid 18538 18538 "id.partnersetu" 7fbe22e000 b38d5 1 2
           <...>-18538 [004] d..2  3627.296821: free_swap_slot: swapfree cache 1bbf79
           <...>-18538 [004] ....  3627.296823: do_swap_page: swapin tgid 18538 18538 "id.partnersetu" 7f318bf000 1bbf31 1 1
           <...>-18538 [004] d..2  3627.296825: free_swap_slot: swapfree cache 1bbf31
           <...>-18538 [004] ....  3627.296875: do_swap_page: swapin tgid 18538 18538 "id.partnersetu" 71976000 9f8dc 1 2
           <...>-18538 [004] ....  3627.296967: do_swap_page: swapin tgid 18538 18538 "id.partnersetu" 7ffffff000 bb838 0 2
           <...>-3312  [004] d..2  3627.297138: free_swap_slot: swapfree cache 9008b
           <...>-3312  [004] ....  3627.297141: do_swap_page: swapin tgid 2300 3312 "netscheduler-qu" 12eb3000 9005e 1 1
           <...>-3312  [004] ....  3627.297145: do_swap_page: swapin tgid 2300 3312 "netscheduler-qu" 12f06000 900ad 1 1
           <...>-3312  [004] ....  3627.297212: do_swap_page: swapin tgid 2300 3312 "netscheduler-qu" 1488d000 a40f8 1 1
           <...>-3312  [004] d..2  3627.297216: free_swap_slot: swapfree cache a40f8
           <...>-3312  [004] ....  3627.297226: do_swap_page: swapin tgid 2300 3312 "netscheduler-qu" 12f03000 14fa2d 0 1
           <...>-3312  [004] ....  3627.297620: do_swap_page: swapin tgid 2300 3312 "netscheduler-qu" 12f03000 14fa2d 1 1
           <...>-3312  [004] ....  3627.297626: do_swap_page: swapin tgid 2300 3312 "netscheduler-qu" 7f2335c000 1c7ac1 0 1
           <...>-18538 [004] ....  3627.297692: do_swap_page: swapin tgid 18538 18538 "id.partnersetu" 7f35045000 1bbf36 1 1
           <...>-18538 [004] d..2  3627.297694: free_swap_slot: swapfree cache 1bbf36
           <...>-18538 [004] ....  3627.297701: do_swap_page: swapin tgid 18538 18538 "id.partnersetu" 7fbe30a000 16fe1e 1 3
           <...>-18538 [004] ....  3627.297705: do_swap_page: swapin tgid 18538 18538 "id.partnersetu" 7fbe30b000 16fe1f 1 3
           <...>-18538 [004] ....  3627.297776: do_swap_page: swapin tgid 18538 18538 "id.partnersetu" 7fbe30d000 16fe21 1 3
           <...>-18538 [004] ....  3627.297780: do_swap_page: swapin tgid 18538 18538 "id.partnersetu" 7fbe30c000 16fe20 1 3
           <...>-18538 [004] ....  3627.297814: do_swap_page: swapin tgid 18538 18538 "id.partnersetu" 7f289cc000 1bbf0a 1 2
           <...>-18538 [004] ....  3627.297818: do_swap_page: swapin tgid 18538 18538 "id.partnersetu" 7f289cd000 1bbf0b 1 2
           <...>-18538 [004] ....  3627.297830: do_swap_page: swapin tgid 18538 18538 "id.partnersetu" 7fbe1af000 b3863 1 2
           <...>-18538 [004] ....  3627.297912: do_swap_page: swapin tgid 18538 18538 "id.partnersetu" 7f35044000 af831 1 2
           <...>-18538 [004] ....  3627.297918: do_swap_page: swapin tgid 18538 18538 "id.partnersetu" 7f289ce000 1bbf0c 1 2
           <...>-18538 [004] ....  3627.297921: do_swap_page: swapin tgid 18538 18538 "id.partnersetu" 7f289cf000 1bbf0d 1 2
           <...>-18538 [004] ....  3627.298024: do_swap_page: swapin tgid 18538 18538 "id.partnersetu" 7fb9cb6000 af85f 1 18
           <...>-18538 [004] ....  3627.298028: do_swap_page: swapin tgid 18538 18538 "id.partnersetup" 7fffffe000 bb837 1 2
           <...>-18538 [004] ....  3627.298040: do_swap_page: swapin tgid 18538 18538 "id.partnersetup" 719bc000 a3822 1 2
           <...>-18538 [004] ....  3627.298050: do_swap_page: swapin tgid 18538 18538 "id.partnersetup" 708df000 9b8af 0 8
           <...>-3312  [004] ....  3627.298081: do_swap_page: swapin tgid 2300 3312 "netscheduler-qu" 7f2335c000 1c7ac1 1 1
           <...>-3312  [004] d..2  3627.298089: free_swap_slot: swapfree cache 9009a
           <...>-3312  [004] ....  3627.298093: do_swap_page: swapin tgid 2300 3312 "netscheduler-qu" 12f02000 900aa 1 1
           <...>-3312  [004] ....  3627.298097: do_swap_page: swapin tgid 2300 3312 "netscheduler-qu" 12f01000 900a9 1 1
           <...>-3312  [004] ....  3627.298102: do_swap_page: swapin tgid 2300 3312 "netscheduler-qu" 13c6f000 9c00c 1 1
           <...>-3312  [004] ....  3627.298105: do_swap_page: swapin tgid 2300 3312 "netscheduler-qu" 140de000 1f3d9d 0 1
           <...>-18547 [004] ....  3627.298144: do_swap_page: swapin tgid 18538 18547 "id.partnersetu" 7f316d3000 af81c 0 29
           <...>-18538 [004] ....  3627.298182: do_swap_page: swapin tgid 18538 18538 "id.partnersetup" 708df000 9b8af 1 8
           <...>-18538 [004] ....  3627.298301: do_swap_page: swapin tgid 18538 18538 "id.partnersetup" 71964000 9f8ca 1 2
           <...>-18538 [004] ....  3627.298313: do_swap_page: swapin tgid 18538 18538 "id.partnersetup" 71965000 9f8cb 1 2
           <...>-18538 [004] ....  3627.298336: do_swap_page: swapin tgid 18538 18538 "id.partnersetup" 7186c000 9b8d2 1 2
           <...>-18538 [004] ....  3627.298338: do_swap_page: swapin tgid 18538 18538 "id.partnersetup" 71934000 9f89a 1 15
           <...>-18538 [004] ....  3627.298342: do_swap_page: swapin tgid 18538 18538 "id.partnersetup" 71870000 9b8d6 1 2
           <...>-18538 [004] ....  3627.298345: do_swap_page: swapin tgid 18538 18538 "id.partnersetup" 718c4000 9f82a 0 29
           <...>-3312  [004] ....  3627.298374: do_swap_page: swapin tgid 2300 3312 "netscheduler-qu" 140de000 1f3d9d 1 1
           <...>-3312  [004] ....  3627.298383: do_swap_page: swapin tgid 2300 3312 "netscheduler-qu" 140dd000 1f3d9c 0 1
           <...>-18547 [004] ....  3627.298529: do_swap_page: swapin tgid 18538 18547 "id.partnersetu" 7f316d3000 af81c 1 29
           <...>-18547 [004] ....  3627.298599: do_swap_page: swapin tgid 18538 18547 "ADB-JDWP Connec" 7fbd4c9000 af8da 1 25
           <...>-18538 [004] ....  3627.298742: do_swap_page: swapin tgid 18538 18538 "id.partnersetup" 718c4000 9f82a 1 29
           <...>-18538 [004] ....  3627.298751: do_swap_page: swapin tgid 18538 18538 "id.partnersetup" 71875000 9b8db 1 2
           <...>-18538 [004] ....  3627.298755: do_swap_page: swapin tgid 18538 18538 "id.partnersetup" 71878000 9b8de 0 29
            adbd-5617  [004] ....  3627.298820: do_swap_page: swapin tgid 5617 5617 "adbd" 7fbcdeb000 afc01 0 1
           <...>-3312  [004] ....  3627.298848: do_swap_page: swapin tgid 2300 3312 "netscheduler-qu" 140dd000 1f3d9c 1 1
           <...>-3312  [004] ....  3627.298855: do_swap_page: swapin tgid 2300 3312 "netscheduler-qu" 13ff2000 173a6a 0 1
           <...>-18538 [004] ....  3627.298895: do_swap_page: swapin tgid 18538 18538 "id.partnersetup" 71878000 9b8de 1 29
           <...>-18538 [004] ....  3627.298902: do_swap_page: swapin tgid 18538 18538 "id.partnersetup" 71876000 9b8dc 1 2
           <...>-18538 [004] ....  3627.298968: do_swap_page: swapin tgid 18538 18538 "id.partnersetup" 719bb000 a3821 1 25
           <...>-18538 [004] ....  3627.298971: do_swap_page: swapin tgid 18538 18538 "id.partnersetup" 71874000 9b8da 1 22
           <...>-18538 [004] ....  3627.299045: do_swap_page: swapin tgid 18538 18538 "id.partnersetup" 7fbcc3c000 af8ce 1 2
           <...>-18538 [004] ....  3627.299201: do_swap_page: swapin tgid 18538 18538 "id.partnersetup" 7f28a43000 ab8cd 1 2
           <...>-18538 [004] ....  3627.299204: do_swap_page: swapin tgid 18538 18538 "id.partnersetup" 7f289b7000 ab880 0 29
            adbd-5617  [004] ....  3627.299233: do_swap_page: swapin tgid 5617 5617 "adbd" 7fbcdeb000 afc01 1 1
           <...>-18538 [004] ....  3627.299400: do_swap_page: swapin tgid 18538 18538 "id.partnersetup" 7f289b7000 ab880 1 29
           <...>-18538 [004] ....  3627.299433: do_swap_page: swapin tgid 18538 18538 "id.partnersetup" 7fbe255000 b38f1 1 24
           <...>-18538 [004] ....  3627.299436: do_swap_page: swapin tgid 18538 18538 "id.partnersetup" 71855000 9b8bb 1 26
           <...>-18538 [004] ....  3627.299438: do_swap_page: swapin tgid 18538 18538 "id.partnersetup" 7f28a5b000 ab8e0 1 2
           <...>-18538 [004] ....  3627.299443: do_swap_page: swapin tgid 18538 18538 "id.partnersetup" 7fbe348000 b78bb 1 2
           <...>-18538 [004] ....  3627.299453: do_swap_page: swapin tgid 18538 18538 "id.partnersetup" 719a4000 a380a 0 29
           <...>-3312  [004] ....  3627.299480: do_swap_page: swapin tgid 2300 3312 "netscheduler-qu" 13ff2000 173a6a 1 1
           <...>-3312  [004] ....  3627.299490: do_swap_page: swapin tgid 2300 3312 "netscheduler-qu" 13377000 98005 1 1
           <...>-3312  [004] ....  3627.299495: do_swap_page: swapin tgid 2300 3312 "netscheduler-qu" 13e94000 9c081 1 1
           <...>-3312  [004] ....  3627.299498: do_swap_page: swapin tgid 2300 3312 "netscheduler-qu" 13d27000 9c048 1 1
           <...>-3312  [004] ....  3627.299503: do_swap_page: swapin tgid 2300 3312 "netscheduler-qu" 14f5b000 183aa0 0 1
           <...>-18538 [004] ....  3627.299619: do_swap_page: swapin tgid 18538 18538 "id.partnersetup" 719a4000 a380a 1 29
           <...>-18538 [004] ....  3627.299625: do_swap_page: swapin tgid 18538 18538 "id.partnersetup" 7198a000 9f8f0 0 29
           <...>-3312  [004] ....  3627.299688: do_swap_page: swapin tgid 2300 3312 "netscheduler-qu" 14f5b000 183aa0 1 1
           <...>-3312  [004] ....  3627.299695: do_swap_page: swapin tgid 2300 3312 "netscheduler-qu" 14014000 9c0c2 1 1
           <...>-3312  [004] ....  3627.299697: do_swap_page: swapin tgid 2300 3312 "netscheduler-qu" 14015000 9c0c3 1 1
           <...>-3312  [004] ....  3627.299702: do_swap_page: swapin tgid 2300 3312 "netscheduler-qu" 13fd8000 1efdd2 0 1
           <...>-18538 [004] ....  3627.299771: do_swap_page: swapin tgid 18538 18538 "id.partnersetup" 7198a000 9f8f0 1 29
           <...>-18538 [004] ....  3627.299785: do_swap_page: swapin tgid 18538 18538 "id.partnersetup" 7185d000 9b8c3 0 29
           <...>-3312  [004] ....  3627.299975: do_swap_page: swapin tgid 2300 3312 "netscheduler-qu" 13fd8000 1efdd2 1 1
           <...>-3312  [004] ....  3627.299983: do_swap_page: swapin tgid 2300 3312 "netscheduler-qu" 12f00000 900a8 1 1
           <...>-3312  [004] ....  3627.299986: do_swap_page: swapin tgid 2300 3312 "netscheduler-qu" 13c6e000 9c00b 1 1
           <...>-3312  [004] ....  3627.299993: do_swap_page: swapin tgid 2300 3312 "netscheduler-qu" 1472a000 a401f 1 1
           <...>-3312  [004] ....  3627.299995: do_swap_page: swapin tgid 2300 3312 "netscheduler-qu" 12ef1000 9009b 1 1
           <...>-3312  [004] ....  3627.299998: do_swap_page: swapin tgid 2300 3312 "netscheduler-qu" 12eff000 900a7 1 1
           <...>-3312  [004] ....  3627.300001: do_swap_page: swapin tgid 2300 3312 "netscheduler-qu" 13e95000 9c082 1 1
           <...>-3312  [004] ....  3627.300005: do_swap_page: swapin tgid 2300 3312 "netscheduler-qu" 13cd2000 9c01f 1 1
           <...>-3312  [004] ....  3627.300011: do_swap_page: swapin tgid 2300 3312 "netscheduler-qu" 14dd6000 1fbd3a 0 1
           <...>-18538 [004] ....  3627.300053: do_swap_page: swapin tgid 18538 18538 "id.partnersetup" 7185d000 9b8c3 1 29
           <...>-18538 [004] ....  3627.300059: do_swap_page: swapin tgid 18538 18538 "id.partnersetup" 7185e000 9b8c4 1 24
           <...>-18538 [004] ....  3627.300068: do_swap_page: swapin tgid 18538 18538 "id.partnersetup" 719a1000 a3807 0 29
           <...>-3312  [004] ....  3627.300196: do_swap_page: swapin tgid 2300 3312 "netscheduler-qu" 14dd6000 1fbd3a 1 1
           <...>-3312  [004] ....  3627.300206: do_swap_page: swapin tgid 2300 3312 "netscheduler-qu" 13fd9000 1efdd3 0 1
           <...>-18538 [004] ....  3627.300252: do_swap_page: swapin tgid 18538 18538 "id.partnersetup" 719a1000 a3807 1 29
           <...>-18538 [004] ....  3627.300263: do_swap_page: swapin tgid 18538 18538 "id.partnersetup" 7189f000 9f805 1 28
           <...>-18538 [004] ....  3627.300265: do_swap_page: swapin tgid 18538 18538 "id.partnersetup" 71999000 9f8ff 0 29
           <...>-3312  [004] ....  3627.300400: do_swap_page: swapin tgid 2300 3312 "netscheduler-qu" 13fd9000 1efdd3 1 1
           <...>-3312  [004] ....  3627.300408: do_swap_page: swapin tgid 2300 3312 "netscheduler-qu" 14007000 9c0b5 1 1
           <...>-3312  [004] ....  3627.300410: do_swap_page: swapin tgid 2300 3312 "netscheduler-qu" 1400c000 9c0ba 1 1
           <...>-3312  [004] ....  3627.300416: do_swap_page: swapin tgid 2300 3312 "netscheduler-qu" 13d02000 9c023 1 1
           <...>-3312  [004] ....  3627.300421: do_swap_page: swapin tgid 2300 3312 "netscheduler-qu" 13e08000 9c069 1 1
           <...>-3312  [004] ....  3627.300424: do_swap_page: swapin tgid 2300 3312 "netscheduler-qu" 13e2d000 9c076 1 1
           <...>-3312  [004] ....  3627.300428: do_swap_page: swapin tgid 2300 3312 "netscheduler-qu" 12efe000 900a6 1 1
           <...>-3312  [004] ....  3627.300434: do_swap_page: swapin tgid 2300 3312 "netscheduler-qu" 14f7d000 a80a4 1 1
           <...>-3312  [004] ....  3627.300436: do_swap_page: swapin tgid 2300 3312 "netscheduler-qu" 14f7e000 a80a5 1 1
           <...>-3312  [004] ....  3627.300442: do_swap_page: swapin tgid 2300 3312 "netscheduler-qu" 12efd000 900a5 1 1
           <...>-3312  [004] ....  3627.300449: do_swap_page: swapin tgid 2300 3312 "netscheduler-qu" 12efc000 900a4 1 1
           <...>-3312  [004] ....  3627.300459: do_swap_page: swapin tgid 2300 3312 "netscheduler-qu" 12efb000 900a3 1 1
           <...>-3312  [004] ....  3627.300461: do_swap_page: swapin tgid 2300 3312 "netscheduler-qu" 14f52000 a8097 1 1
           <...>-3312  [004] ....  3627.300467: do_swap_page: swapin tgid 2300 3312 "netscheduler-qu" 12efa000 1e7d14 0 1
           <...>-18538 [004] ....  3627.300496: do_swap_page: swapin tgid 18538 18538 "id.partnersetup" 71999000 9f8ff 1 29
           <...>-18538 [004] ....  3627.300501: do_swap_page: swapin tgid 18538 18538 "id.partnersetup" 719a0000 a3806 1 28
           <...>-18538 [004] ....  3627.300519: do_swap_page: swapin tgid 18538 18538 "id.partnersetup" 7185a000 9b8c0 0 27
           <...>-18553 [004] ....  3627.300605: do_swap_page: swapin tgid 18538 18553 "Binder:18538_2" 7f28905000 a78e8 1 2
           <...>-18553 [004] ....  3627.300619: do_swap_page: swapin tgid 18538 18553 "Binder:18538_2" 7f28872000 a7860 1 2
           <...>-3312  [004] ....  3627.300631: do_swap_page: swapin tgid 2300 3312 "netscheduler-qu" 12efa000 1e7d14 1 1
           <...>-3312  [004] ....  3627.300641: do_swap_page: swapin tgid 2300 3312 "netscheduler-qu" 12ef9000 1e7d13 0 1
           <...>-18538 [004] ....  3627.300703: do_swap_page: swapin tgid 18538 18538 "id.partnersetup" 7185a000 9b8c0 1 27
           <...>-18538 [004] ....  3627.300710: do_swap_page: swapin tgid 18538 18538 "id.partnersetup" 7197a000 9f8e0 0 28
           <...>-3312  [004] ....  3627.300765: do_swap_page: swapin tgid 2300 3312 "netscheduler-qu" 12ef9000 1e7d13 1 1
           <...>-3312  [004] ....  3627.300775: do_swap_page: swapin tgid 2300 3312 "netscheduler-qu" 12ef8000 900a2 1 1
           <...>-3312  [004] ....  3627.300780: do_swap_page: swapin tgid 2300 3312 "netscheduler-qu" 12ef2000 9009c 1 1
           <...>-3312  [004] ....  3627.300782: do_swap_page: swapin tgid 2300 3312 "netscheduler-qu" 12ef6000 900a0 1 1
           <...>-3312  [004] ....  3627.300790: do_swap_page: swapin tgid 2300 3312 "netscheduler-qu" 14de2000 a808e 1 1
           <...>-3312  [004] ....  3627.300792: do_swap_page: swapin tgid 2300 3312 "netscheduler-qu" 14de3000 1fbd45 0 1
           <...>-18538 [004] ....  3627.300884: do_swap_page: swapin tgid 18538 18538 "id.partnersetup" 7197a000 9f8e0 1 28
           <...>-18538 [004] ....  3627.300902: do_swap_page: swapin tgid 18538 18538 "id.partnersetup" 71854000 9b8ba 0 29
           <...>-3312  [004] ....  3627.300949: do_swap_page: swapin tgid 2300 3312 "netscheduler-qu" 14de3000 1fbd45 1 1
           <...>-3312  [004] ....  3627.300956: do_swap_page: swapin tgid 2300 3312 "netscheduler-qu" 12ef5000 9009f 1 1
           <...>-3312  [004] ....  3627.300960: do_swap_page: swapin tgid 2300 3312 "netscheduler-qu" 140dc000 a002a 1 1
           <...>-3312  [004] ....  3627.300964: do_swap_page: swapin tgid 2300 3312 "netscheduler-qu" 14894000 a40ff 1 1
           <...>-3312  [004] ....  3627.300967: do_swap_page: swapin tgid 2300 3312 "netscheduler-qu" 1488e000 a40f9 1 1
           <...>-3312  [004] ....  3627.300970: do_swap_page: swapin tgid 2300 3312 "netscheduler-qu" 12ef4000 9009e 1 1
           <...>-3312  [004] ....  3627.300974: do_swap_page: swapin tgid 2300 3312 "netscheduler-qu" 12ef3000 9009d 1 1
           <...>-3312  [004] ....  3627.300978: do_swap_page: swapin tgid 2300 3312 "netscheduler-qu" 14dd0000 a8081 1 1
           <...>-3312  [004] ....  3627.300981: do_swap_page: swapin tgid 2300 3312 "netscheduler-qu" 14903000 a803f 1 1
           <...>-3312  [004] ....  3627.300988: do_swap_page: swapin tgid 2300 3312 "netscheduler-qu" 12d3a000 8c02a 1 1
           <...>-3312  [004] ....  3627.301011: do_swap_page: swapin tgid 2300 3312 "netscheduler-qu" 12e85000 90031 1 1
           <...>-3312  [004] ....  3627.301016: do_swap_page: swapin tgid 2300 3312 "netscheduler-qu" 7f23589000 1cba09 0 1
           <...>-18538 [004] ....  3627.301093: do_swap_page: swapin tgid 18538 18538 "id.partnersetup" 71854000 9b8ba 1 29
           <...>-18538 [004] ....  3627.301106: do_swap_page: swapin tgid 18538 18538 "id.partnersetup" 7197f000 9f8e5 0 29
           <...>-3312  [004] ....  3627.301149: do_swap_page: swapin tgid 2300 3312 "netscheduler-qu" 7f23589000 1cba09 1 1
           <...>-17729 [004] ....  3627.301272: do_swap_page: swapin tgid 1345 17729 "Binder:1345_19" 9d8b4000 1339a0 0 1
           <...>-18538 [004] ....  3627.301298: do_swap_page: swapin tgid 18538 18538 "id.partnersetup" 7197f000 9f8e5 1 29
           <...>-18538 [004] ....  3627.301306: do_swap_page: swapin tgid 18538 18538 "id.partnersetup" 7185b000 9b8c1 1 28
           <...>-18538 [004] ....  3627.301309: do_swap_page: swapin tgid 18538 18538 "id.partnersetup" 7185c000 9b8c2 1 28
           <...>-18538 [004] ....  3627.301319: do_swap_page: swapin tgid 18538 18538 "id.partnersetup" 719a2000 a3808 0 29
           <...>-17729 [004] ....  3627.301391: do_swap_page: swapin tgid 1345 17729 "Binder:1345_19" 9d8b4000 1339a0 1 1
           <...>-18538 [004] ....  3627.301500: do_swap_page: swapin tgid 18538 18538 "id.partnersetup" 719a2000 a3808 1 29
           <...>-18538 [004] ....  3627.301518: do_swap_page: swapin tgid 18538 18538 "id.partnersetup" 7189e000 9f804 0 29
           <...>-3312  [004] ....  3627.301548: do_swap_page: swapin tgid 2300 3312 "netscheduler-qu" 12d95000 8c044 1 1
           <...>-3312  [004] ....  3627.301555: do_swap_page: swapin tgid 2300 3312 "netscheduler-qu" 12e94000 90040 1 1
           <...>-3312  [004] ....  3627.301558: do_swap_page: swapin tgid 2300 3312 "netscheduler-qu" 7f23352000 1c7ab7 0 1
           <...>-18538 [004] ....  3627.301681: do_swap_page: swapin tgid 18538 18538 "id.partnersetup" 7189e000 9f804 1 29
           <...>-18538 [004] ....  3627.301714: do_swap_page: swapin tgid 18538 18538 "id.partnersetup" 719a3000 a3809 1 28
           <...>-18538 [004] ....  3627.301716: do_swap_page: swapin tgid 18538 18538 "id.partnersetup" 718a1000 9f807 0 29
           <...>-3312  [004] ....  3627.301740: do_swap_page: swapin tgid 2300 3312 "netscheduler-qu" 7f23352000 1c7ab7 1 1
           <...>-3312  [004] ....  3627.301747: do_swap_page: swapin tgid 2300 3312 "netscheduler-qu" 7f2335d000 1c7ac2 0 1
           <...>-18538 [004] ....  3627.301841: do_swap_page: swapin tgid 18538 18538 "id.partnersetup" 718a1000 9f807 1 29
           <...>-18538 [004] ....  3627.301883: do_swap_page: swapin tgid 18538 18538 "id.partnersetup" 71994000 9f8fa 0 29
           <...>-3312  [004] ....  3627.301907: do_swap_page: swapin tgid 2300 3312 "netscheduler-qu" 7f2335d000 1c7ac2 1 1
           <...>-3312  [004] ....  3627.301915: do_swap_page: swapin tgid 2300 3312 "netscheduler-qu" 13025000 94053 1 1
           <...>-3312  [004] ....  3627.301917: do_swap_page: swapin tgid 2300 3312 "netscheduler-qu" 12f36000 900dc 1 1
           <...>-3312  [004] ....  3627.301920: do_swap_page: swapin tgid 2300 3312 "netscheduler-qu" 7f23575000 1c7af5 0 1
           <...>-18538 [004] ....  3627.302004: do_swap_page: swapin tgid 18538 18538 "id.partnersetup" 71994000 9f8fa 1 29
           <...>-18538 [004] ....  3627.302009: do_swap_page: swapin tgid 18538 18538 "id.partnersetup" 7197b000 9f8e1 0 28
           <...>-3312  [004] ....  3627.302058: do_swap_page: swapin tgid 2300 3312 "netscheduler-qu" 7f23575000 1c7af5 1 1
           <...>-3312  [004] d..2  3627.302065: free_swap_slot: swapfree cache 900dc
           <...>-3312  [004] ....  3627.302068: do_swap_page: swapin tgid 2300 3312 "netscheduler-qu" 7f23336000 1c7a9b 0 1
           <...>-18538 [004] ....  3627.302203: do_swap_page: swapin tgid 18538 18538 "id.partnersetup" 7197b000 9f8e1 1 28
           <...>-18538 [004] ....  3627.302250: do_swap_page: swapin tgid 18538 18538 "id.partnersetup" 718a0000 9f806 0 29
           <...>-3312  [004] ....  3627.302274: do_swap_page: swapin tgid 2300 3312 "netscheduler-qu" 7f23336000 1c7a9b 1 1
           <...>-3312  [004] ....  3627.302285: do_swap_page: swapin tgid 2300 3312 "netscheduler-qu" 71852000 9b8b8 1 27
           <...>-3312  [004] ....  3627.302294: do_swap_page: swapin tgid 2300 3312 "netscheduler-qu" 7f23339000 1c7a9e 0 1
           <...>-18538 [004] ....  3627.302373: do_swap_page: swapin tgid 18538 18538 "id.partnersetup" 718a0000 9f806 1 29
           <...>-18538 [004] ....  3627.302457: do_swap_page: swapin tgid 18538 18538 "id.partnersetup" 7197d000 9f8e3 0 29
           <...>-3312  [004] ....  3627.302482: do_swap_page: swapin tgid 2300 3312 "netscheduler-qu" 7f23339000 1c7a9e 1 1
           <...>-3312  [004] ....  3627.302492: do_swap_page: swapin tgid 2300 3312 "netscheduler-qu" 7f23351000 1c7ab6 0 1
           <...>-18538 [004] ....  3627.302665: do_swap_page: swapin tgid 18538 18538 "id.partnersetup" 7197d000 9f8e3 1 29
           <...>-18538 [004] ....  3627.302675: do_swap_page: swapin tgid 18538 18538 "id.partnersetup" 71995000 9f8fb 0 29
           <...>-18538 [004] ....  3627.302799: do_swap_page: swapin tgid 18538 18538 "id.partnersetup" 71995000 9f8fb 1 29
           <...>-18538 [004] ....  3627.302836: do_swap_page: swapin tgid 18538 18538 "id.partnersetup" 719b6000 a381c 0 29
           <...>-3312  [004] ....  3627.302861: do_swap_page: swapin tgid 2300 3312 "netscheduler-qu" 7f23351000 1c7ab6 1 1
           <...>-3312  [004] ....  3627.302869: do_swap_page: swapin tgid 2300 3312 "netscheduler-qu" 12edf000 9008a 1 1
           <...>-3312  [004] ....  3627.302877: do_swap_page: swapin tgid 2300 3312 "netscheduler-qu" 7f20c41000 1bfac0 0 1
           <...>-18538 [004] ....  3627.302970: do_swap_page: swapin tgid 18538 18538 "id.partnersetup" 719b6000 a381c 1 29
           <...>-18538 [004] ....  3627.303015: do_swap_page: swapin tgid 18538 18538 "id.partnersetup" 7189d000 9f803 0 29
           <...>-3312  [004] ....  3627.303043: do_swap_page: swapin tgid 2300 3312 "netscheduler-qu" 7f20c41000 1bfac0 1 1
           <...>-3312  [004] d..2  3627.303092: free_swap_slot: swapfree cache 9c00c
           <...>-3312  [004] ....  3627.303095: do_swap_page: swapin tgid 2300 3312 "netscheduler-qu" 13eb3000 1efdb2 0 1
           <...>-18538 [004] ....  3627.303154: do_swap_page: swapin tgid 18538 18538 "id.partnersetup" 7189d000 9f803 1 29
           <...>-18538 [004] ....  3627.303162: do_swap_page: swapin tgid 18538 18538 "id.partnersetup" 71989000 9f8ef 0 29
           <...>-3312  [004] ....  3627.303217: do_swap_page: swapin tgid 2300 3312 "netscheduler-qu" 13eb3000 1efdb2 1 1
           <...>-3312  [004] ....  3627.303231: do_swap_page: swapin tgid 2300 3312 "netscheduler-qu" 7f28d6a000 1cfadf 0 1
           <...>-18538 [004] ....  3627.303305: do_swap_page: swapin tgid 18538 18538 "id.partnersetup" 71989000 9f8ef 1 29
           <...>-18538 [004] ....  3627.303316: do_swap_page: swapin tgid 18538 18538 "id.partnersetup" 71980000 9f8e6 0 29
           <...>-3312  [004] ....  3627.303355: do_swap_page: swapin tgid 2300 3312 "netscheduler-qu" 7f28d6a000 1cfadf 1 1
           <...>-3312  [004] d..2  3627.303370: free_swap_slot: swapfree cache 98005
           <...>-3312  [004] d..2  3627.303377: free_swap_slot: swapfree cache 9c048
           <...>-3312  [004] ....  3627.303383: do_swap_page: swapin tgid 2300 3312 "netscheduler-qu" 14dc6000 a807a 1 1
           <...>-3312  [004] ....  3627.303391: do_swap_page: swapin tgid 2300 3312 "netscheduler-qu" 14ddd000 a808b 1 1
           <...>-3312  [004] ....  3627.303397: do_swap_page: swapin tgid 2300 3312 "netscheduler-qu" 13d34000 9c055 1 1
           <...>-3312  [004] ....  3627.303400: do_swap_page: swapin tgid 2300 3312 "netscheduler-qu" 14dd7000 a8087 1 1
           <...>-3312  [004] ....  3627.303407: do_swap_page: swapin tgid 2300 3312 "netscheduler-qu" 14ddc000 1fbd3f 0 1
           <...>-18538 [004] ....  3627.303450: do_swap_page: swapin tgid 18538 18538 "id.partnersetup" 71980000 9f8e6 1 29
           <...>-18538 [004] ....  3627.303472: do_swap_page: swapin tgid 18538 18538 "id.partnersetup" 71857000 9b8bd 0 29
           <...>-3312  [004] ....  3627.303528: do_swap_page: swapin tgid 2300 3312 "netscheduler-qu" 14ddc000 1fbd3f 1 1
           <...>-3312  [004] ....  3627.303548: do_swap_page: swapin tgid 2300 3312 "netscheduler-qu" 7ec4bda000 b805a 1 1
           <...>-3312  [004] d..2  3627.303552: free_swap_slot: swapfree cache b805a
           <...>-3312  [004] d..2  3627.303565: free_swap_slot: swapfree cache c40cf
           <...>-18538 [004] ....  3627.303682: do_swap_page: swapin tgid 18538 18538 "id.partnersetup" 71857000 9b8bd 1 29
           <...>-18538 [004] ....  3627.303722: do_swap_page: swapin tgid 18538 18538 "id.partnersetup" 7197e000 9f8e4 0 29
           <...>-3312  [004] ....  3627.303835: do_swap_page: swapin tgid 2300 3312 "netscheduler-qu" 12e9f000 9004b 1 1
           <...>-3312  [004] ....  3627.303840: do_swap_page: swapin tgid 2300 3312 "netscheduler-qu" 7f2358c000 1cba0c 0 1
           <...>-18538 [004] ....  3627.303883: do_swap_page: swapin tgid 18538 18538 "id.partnersetup" 7197e000 9f8e4 1 29
           <...>-18538 [004] ....  3627.303909: do_swap_page: swapin tgid 18538 18538 "id.partnersetup" 7197c000 9f8e2 0 29
           <...>-3312  [004] ....  3627.303966: do_swap_page: swapin tgid 2300 3312 "netscheduler-qu" 7f2358c000 1cba0c 1 1
           <...>-17729 [004] ....  3627.304106: do_swap_page: swapin tgid 1345 17729 "Binder:1345_19" 7e868e5000 200c6 1 1
           <...>-17729 [004] d..2  3627.304110: free_swap_slot: swapfree cache 200c6
           <...>-17729 [004] d..2  3627.304121: free_swap_slot: swapfree cache 380df
           <...>-17729 [004] ....  3627.304125: do_swap_page: swapin tgid 1345 17729 "Binder:1345_19" 7eb4f29000 280aa 1 1
           <...>-17729 [004] d..2  3627.304127: swapcache_free_entries: swapfree direct 1af93e
           <...>-17729 [004] d..3  3627.304128: swapcache_free_entries: swapfree direct 1b39a4
           <...>-17729 [004] d..3  3627.304129: swapcache_free_entries: swapfree direct 8073
           <...>-17729 [004] d..3  3627.304130: swapcache_free_entries: swapfree direct 1f3f53
           <...>-17729 [004] d..3  3627.304131: swapcache_free_entries: swapfree direct 1c03d
           <...>-17729 [004] d..3  3627.304131: swapcache_free_entries: swapfree direct 1c03e
           <...>-17729 [004] d..3  3627.304132: swapcache_free_entries: swapfree direct 3401c
           <...>-17729 [004] d..3  3627.304132: swapcache_free_entries: swapfree direct 19ffcd
           <...>-17729 [004] d..3  3627.304133: swapcache_free_entries: swapfree direct 1ffecd
           <...>-17729 [004] d..3  3627.304134: swapcache_free_entries: swapfree direct 3404e
           <...>-17729 [004] d..3  3627.304135: swapcache_free_entries: swapfree direct b4080
           <...>-17729 [004] d..3  3627.304135: swapcache_free_entries: swapfree direct b4012
           <...>-17729 [004] d..3  3627.304136: swapcache_free_entries: swapfree direct c005d
           <...>-17729 [004] d..3  3627.304137: swapcache_free_entries: swapfree direct c005e
           <...>-17729 [004] d..3  3627.304137: swapcache_free_entries: swapfree direct b4013
           <...>-17729 [004] d..3  3627.304138: swapcache_free_entries: swapfree direct b40ce
           <...>-17729 [004] d..3  3627.304138: swapcache_free_entries: swapfree direct b006e
           <...>-17729 [004] d..3  3627.304139: swapcache_free_entries: swapfree direct b40c4
           <...>-17729 [004] d..3  3627.304139: swapcache_free_entries: swapfree direct b006f
           <...>-17729 [004] d..3  3627.304140: swapcache_free_entries: swapfree direct b800b
           <...>-17729 [004] d..3  3627.304141: swapcache_free_entries: swapfree direct c0016
           <...>-17729 [004] d..3  3627.304141: swapcache_free_entries: swapfree direct c003e
           <...>-17729 [004] d..3  3627.304142: swapcache_free_entries: swapfree direct ac07e
           <...>-17729 [004] d..3  3627.304143: swapcache_free_entries: swapfree direct 1bbf75
           <...>-17729 [004] d..3  3627.304144: swapcache_free_entries: swapfree direct bc0f8
           <...>-17729 [004] d..3  3627.304144: swapcache_free_entries: swapfree direct b40d1
           <...>-17729 [004] d..3  3627.304145: swapcache_free_entries: swapfree direct c0022
           <...>-17729 [004] d..3  3627.304145: swapcache_free_entries: swapfree direct 1fff0d
           <...>-17729 [004] d..3  3627.304146: swapcache_free_entries: swapfree direct 80aa
           <...>-17729 [004] d..3  3627.304147: swapcache_free_entries: swapfree direct 80a9
           <...>-17729 [004] d..3  3627.304147: swapcache_free_entries: swapfree direct 80b4
           <...>-17729 [004] d..3  3627.304147: swapcache_free_entries: swapfree direct 19f9f5
           <...>-17729 [004] d..3  3627.304148: swapcache_free_entries: swapfree direct 19f9f6
           <...>-17729 [004] d..3  3627.304148: swapcache_free_entries: swapfree direct 1e7f7b
           <...>-17729 [004] d..3  3627.304149: swapcache_free_entries: swapfree direct 1bbf84
           <...>-17729 [004] d..3  3627.304149: swapcache_free_entries: swapfree direct c00c7
           <...>-17729 [004] d..3  3627.304150: swapcache_free_entries: swapfree direct 90091
           <...>-17729 [004] d..3  3627.304151: swapcache_free_entries: swapfree direct 9c013
           <...>-17729 [004] d..3  3627.304152: swapcache_free_entries: swapfree direct 9008d
           <...>-17729 [004] d..3  3627.304152: swapcache_free_entries: swapfree direct 16bea1
           <...>-17729 [004] d..3  3627.304153: swapcache_free_entries: swapfree direct 40f1
           <...>-17729 [004] d..3  3627.304153: swapcache_free_entries: swapfree direct 4035
           <...>-17729 [004] d..3  3627.304154: swapcache_free_entries: swapfree direct 1f3fe7
           <...>-17729 [004] d..3  3627.304155: swapcache_free_entries: swapfree direct 1e7f90
           <...>-17729 [004] d..3  3627.304156: swapcache_free_entries: swapfree direct c0010
           <...>-17729 [004] d..3  3627.304156: swapcache_free_entries: swapfree direct 1bbf98
           <...>-17729 [004] d..3  3627.304156: swapcache_free_entries: swapfree direct 1f7f49
           <...>-17729 [004] d..3  3627.304157: swapcache_free_entries: swapfree direct c0e8
           <...>-17729 [004] d..3  3627.304158: swapcache_free_entries: swapfree direct 804e
           <...>-17729 [004] d..3  3627.304159: swapcache_free_entries: swapfree direct af82a
           <...>-17729 [004] d..3  3627.304159: swapcache_free_entries: swapfree direct 1bbf79
           <...>-17729 [004] d..3  3627.304160: swapcache_free_entries: swapfree direct 1bbf31
           <...>-17729 [004] d..3  3627.304160: swapcache_free_entries: swapfree direct 9008b
           <...>-17729 [004] d..3  3627.304161: swapcache_free_entries: swapfree direct a40f8
           <...>-17729 [004] d..3  3627.304161: swapcache_free_entries: swapfree direct 1bbf36
           <...>-17729 [004] d..3  3627.304162: swapcache_free_entries: swapfree direct 9009a
           <...>-17729 [004] d..3  3627.304162: swapcache_free_entries: swapfree direct 900dc
           <...>-17729 [004] d..3  3627.304163: swapcache_free_entries: swapfree direct 9c00c
           <...>-17729 [004] d..3  3627.304163: swapcache_free_entries: swapfree direct 98005
           <...>-17729 [004] d..3  3627.304164: swapcache_free_entries: swapfree direct 9c048
           <...>-17729 [004] d..3  3627.304164: swapcache_free_entries: swapfree direct b805a
           <...>-17729 [004] d..3  3627.304165: swapcache_free_entries: swapfree direct c40cf
           <...>-17729 [004] d..3  3627.304165: swapcache_free_entries: swapfree direct 200c6
           <...>-17729 [004] d..3  3627.304166: swapcache_free_entries: swapfree direct 380df
           <...>-17729 [004] d..2  3627.304166: free_swap_slot: swapfree cache 280aa
           <...>-17729 [004] ....  3627.304176: do_swap_page: swapin tgid 1345 17729 "Binder:1345_19" 7e6e3c7000 1c083 1 1
           <...>-17729 [004] d..2  3627.304177: free_swap_slot: swapfree cache 1c083
           <...>-17729 [004] ....  3627.304208: do_swap_page: swapin tgid 1345 17729 "Binder:1345_19" 7e86921000 200ce 1 1
           <...>-17729 [004] d..2  3627.304211: free_swap_slot: swapfree cache 200ce
           <...>-18538 [004] ....  3627.304240: do_swap_page: swapin tgid 18538 18538 "id.partnersetup" 7197c000 9f8e2 1 29
           <...>-18538 [004] ....  3627.304387: do_swap_page: swapin tgid 18538 18538 "id.partnersetup" 71871000 9b8d7 1 2
           <...>-18538 [004] ....  3627.304389: do_swap_page: swapin tgid 18538 18538 "id.partnersetup" 718c3000 9f829 1 2
           <...>-18538 [004] ....  3627.304397: do_swap_page: swapin tgid 18538 18538 "id.partnersetup" 7186a000 9b8d0 1 2
           <...>-18538 [004] ....  3627.304407: do_swap_page: swapin tgid 18538 18538 "id.partnersetup" 7fbc721000 af8ac 1 3
           <...>-18538 [004] ....  3627.304430: do_swap_page: swapin tgid 18538 18538 "id.partnersetup" 7fbc781000 af8be 0 16
           <...>-18538 [004] ....  3627.304555: do_swap_page: swapin tgid 18538 18538 "id.partnersetup" 7fbc781000 af8be 1 16
           <...>-18538 [004] ....  3627.304563: do_swap_page: swapin tgid 18538 18538 "id.partnersetup" 7fbc787000 af8c4 1 2
           <...>-18538 [004] ....  3627.304575: do_swap_page: swapin tgid 18538 18538 "id.partnersetup" 7fbc785000 af8c2 1 2
           <...>-18538 [004] ....  3627.304589: do_swap_page: swapin tgid 18538 18538 "id.partnersetup" 7fbc784000 af8c1 1 2
           <...>-18538 [004] ....  3627.304593: do_swap_page: swapin tgid 18538 18538 "id.partnersetup" 7fbc723000 af8ae 1 2
           <...>-18538 [004] ....  3627.304595: do_swap_page: swapin tgid 18538 18538 "id.partnersetup" 71860000 9b8c6 1 2
           <...>-18538 [004] ....  3627.304621: do_swap_page: swapin tgid 18538 18538 "id.partnersetup" 7fbe243000 b38e0 1 2
           <...>-18538 [004] ....  3627.304627: do_swap_page: swapin tgid 18538 18538 "id.partnersetup" 7fbe172000 b3829 1 2
           <...>-18538 [004] ....  3627.304695: do_swap_page: swapin tgid 18538 18538 "id.partnersetup" 7fbc78a000 af8c7 1 2
           <...>-18538 [004] ....  3627.304706: do_swap_page: swapin tgid 18538 18538 "id.partnersetup" 7fbc782000 af8bf 0 12
           <...>-3312  [004] d..2  3627.304739: free_swap_slot: swapfree cache 9008e
           <...>-3312  [004] ....  3627.304752: do_swap_page: swapin tgid 2300 3312 "netscheduler-qu" 7f2d480000 c0007 1 1
           <...>-3312  [004] d..2  3627.304755: free_swap_slot: swapfree cache c0007
           <...>-3312  [004] ....  3627.304766: do_swap_page: swapin tgid 2300 3312 "netscheduler-qu" 7f28a42000 bc090 1 1
           <...>-3312  [004] ....  3627.304771: do_swap_page: swapin tgid 2300 3312 "netscheduler-qu" 7fbe1ca000 c40ae 1 1
           <...>-17729 [004] ....  3627.304827: do_swap_page: swapin tgid 1345 17729 "Binder:1345_19" 9d887000 10054 1 1
           <...>-17729 [004] ....  3627.304842: do_swap_page: swapin tgid 1345 17729 "Binder:1345_19" 9db18000 13f904 0 1
           <...>-18538 [004] ....  3627.304870: do_swap_page: swapin tgid 18538 18538 "id.partnersetup" 7fbc782000 af8bf 1 12
           <...>-18538 [004] ....  3627.304922: do_swap_page: swapin tgid 18538 18538 "id.partnersetup" 7fbc786000 af8c3 1 2
           <...>-18538 [004] ....  3627.305005: do_swap_page: swapin tgid 18538 18538 "re-initialized>" 71867000 9b8cd 1 2
           <...>-18538 [004] ....  3627.305026: do_swap_page: swapin tgid 18538 18538 "re-initialized>" 12c00000 9b827 1 2
           <...>-18538 [004] ....  3627.305191: do_swap_page: swapin tgid 18538 18538 "re-initialized>" 7f28a54000 ab8d9 1 2
           <...>-17729 [004] ....  3627.305229: do_swap_page: swapin tgid 1345 17729 "Binder:1345_19" 9db18000 13f904 1 1
           <...>-17729 [004] ....  3627.305274: do_swap_page: swapin tgid 1345 17729 "Binder:1345_19" 152d2000 c00b 1 1
           <...>-18538 [004] ....  3627.305323: do_swap_page: swapin tgid 18538 18538 "re-initialized>" 7fb9cb7000 af860 1 2
           <...>-18538 [004] ....  3627.305353: do_swap_page: swapin tgid 18538 18538 "re-initialized>" 71872000 9b8d8 1 7
           <...>-18538 [004] ....  3627.305359: do_swap_page: swapin tgid 18538 18538 "re-initialized>" 7f35046000 af833 1 2
           <...>-18538 [004] ....  3627.305381: do_swap_page: swapin tgid 18538 18538 "re-initialized>" 7f28966000 ab849 1 7
           <...>-18538 [004] ....  3627.305389: do_swap_page: swapin tgid 18538 18538 "re-initialized>" 7fbe175000 b382c 1 2
           <...>-18538 [004] ....  3627.305496: do_swap_page: swapin tgid 18538 18538 "re-initialized>" 71859000 9b8bf 1 2
           <...>-17729 [004] d..2  3627.305729: free_swap_slot: swapfree cache 28023
           <...>-17729 [004] ....  3627.305755: do_swap_page: swapin tgid 1345 17729 "Binder:1345_19" 1429c000 1fff10 1 1
           <...>-17729 [004] ....  3627.305783: do_swap_page: swapin tgid 1345 17729 "Binder:1345_19" 9d921000 100c7 1 1
           <...>-17729 [004] ....  3627.305812: do_swap_page: swapin tgid 1345 17729 "Binder:1345_19" 7fbe177000 13ffd 0 1
           <...>-3312  [004] ....  3627.305870: do_swap_page: swapin tgid 2300 3312 "netscheduler-qu" 7f2333c000 be2d 0 1
           <...>-17729 [004] ....  3627.305998: do_swap_page: swapin tgid 1345 17729 "Binder:1345_19" 7fbe177000 13ffd 1 1
           <...>-17729 [004] ....  3627.306111: do_swap_page: swapin tgid 1345 17729 "Binder:1345_19" 15996000 12f936 0 1
           <...>-888   [004] ....  3627.306368: do_swap_page: swapin tgid 888 888 "logcatd" 7fbd965000 1799c 0 1
           <...>-17729 [004] ....  3627.306400: do_swap_page: swapin tgid 1345 17729 "Binder:1345_19" 15996000 12f936 1 1
           <...>-17729 [004] ....  3627.306408: do_swap_page: swapin tgid 1345 17729 "Binder:1345_19" 1582d000 c070 1 1
           <...>-17729 [004] ....  3627.306412: do_swap_page: swapin tgid 1345 17729 "Binder:1345_19" 13977000 f7945 0 1
           <...>-3312  [004] ....  3627.306438: do_swap_page: swapin tgid 2300 3312 "netscheduler-qu" 7f2333c000 be2d 1 1
           <...>-3312  [004] ....  3627.306451: do_swap_page: swapin tgid 2300 3312 "netscheduler-qu" 15091000 187a96 0 1
           <...>-888   [004] ....  3627.306490: do_swap_page: swapin tgid 888 888 "logcatd" 7fbd965000 1799c 1 1
           <...>-17729 [004] ....  3627.306546: do_swap_page: swapin tgid 1345 17729 "Binder:1345_19" 13977000 f7945 1 1
           <...>-17729 [004] ....  3627.306553: do_swap_page: swapin tgid 1345 17729 "Binder:1345_19" 1582b000 1279cb 0 1
           <...>-3312  [004] ....  3627.306624: do_swap_page: swapin tgid 2300 3312 "netscheduler-qu" 15091000 187a96 1 1
           <...>-3312  [004] d..2  3627.306629: free_swap_slot: swapfree cache 187a96
           <...>-3312  [004] ....  3627.306635: do_swap_page: swapin tgid 2300 3312 "netscheduler-qu" 12dae000 8c05d 1 1
           <...>-17729 [004] ....  3627.306680: do_swap_page: swapin tgid 1345 17729 "Binder:1345_19" 1582b000 1279cb 1 1
           <...>-17729 [004] ....  3627.306690: do_swap_page: swapin tgid 1345 17729 "Binder:1345_19" 156e8000 1239c8 0 1
           <...>-17729 [004] ....  3627.306812: do_swap_page: swapin tgid 1345 17729 "Binder:1345_19" 156e8000 1239c8 1 1
           <...>-17729 [004] ....  3627.306818: do_swap_page: swapin tgid 1345 17729 "Binder:1345_19" 156d2000 1239b2 0 1
           <...>-17729 [004] ....  3627.306931: do_swap_page: swapin tgid 1345 17729 "Binder:1345_19" 156d2000 1239b2 1 1
           <...>-17729 [004] ....  3627.306934: do_swap_page: swapin tgid 1345 17729 "Binder:1345_19" 156e9000 1239c9 0 1
           <...>-17729 [004] ....  3627.307033: do_swap_page: swapin tgid 1345 17729 "Binder:1345_19" 156e9000 1239c9 1 1
           <...>-17729 [004] ....  3627.307036: do_swap_page: swapin tgid 1345 17729 "Binder:1345_19" 1397b000 f7949 0 1
           <...>-17729 [004] ....  3627.307140: do_swap_page: swapin tgid 1345 17729 "Binder:1345_19" 1397b000 f7949 1 1
           <...>-17729 [004] ....  3627.307147: do_swap_page: swapin tgid 1345 17729 "Binder:1345_19" 1382f000 f39fd 0 1
           <...>-17729 [004] ....  3627.307295: do_swap_page: swapin tgid 1345 17729 "Binder:1345_19" 1382f000 f39fd 1 1
           <...>-17729 [004] ....  3627.307299: do_swap_page: swapin tgid 1345 17729 "Binder:1345_19" 13830000 f39fe 0 1
           <...>-17729 [004] ....  3627.307397: do_swap_page: swapin tgid 1345 17729 "Binder:1345_19" 13830000 f39fe 1 1
           <...>-17729 [004] ....  3627.307401: do_swap_page: swapin tgid 1345 17729 "Binder:1345_19" 13974000 f7942 0 1
           <...>-17729 [004] ....  3627.307496: do_swap_page: swapin tgid 1345 17729 "Binder:1345_19" 13974000 f7942 1 1
           <...>-17729 [004] ....  3627.307499: do_swap_page: swapin tgid 1345 17729 "Binder:1345_19" 15783000 127923 0 1
           <...>-17729 [004] ....  3627.307595: do_swap_page: swapin tgid 1345 17729 "Binder:1345_19" 15783000 127923 1 1
           <...>-17729 [004] ....  3627.307600: do_swap_page: swapin tgid 1345 17729 "Binder:1345_19" 1534e000 11792e 0 1
           <...>-17729 [004] ....  3627.307703: do_swap_page: swapin tgid 1345 17729 "Binder:1345_19" 1534e000 11792e 1 1
           <...>-17729 [004] ....  3627.307710: do_swap_page: swapin tgid 1345 17729 "Binder:1345_19" 154ad000 11b98d 0 1
           <...>-17729 [004] ....  3627.307811: do_swap_page: swapin tgid 1345 17729 "Binder:1345_19" 154ad000 11b98d 1 1
           <...>-17729 [004] ....  3627.307816: do_swap_page: swapin tgid 1345 17729 "Binder:1345_19" 15499000 11b979 0 1
           <...>-17729 [004] ....  3627.307912: do_swap_page: swapin tgid 1345 17729 "Binder:1345_19" 15499000 11b979 1 1
           <...>-17729 [004] ....  3627.307915: do_swap_page: swapin tgid 1345 17729 "Binder:1345_19" 154ae000 11b98e 0 1
           <...>-17729 [004] ....  3627.308012: do_swap_page: swapin tgid 1345 17729 "Binder:1345_19" 154ae000 11b98e 1 1
           <...>-17729 [004] ....  3627.308015: do_swap_page: swapin tgid 1345 17729 "Binder:1345_19" 15719000 1239f9 0 1
           <...>-17729 [004] ....  3627.308112: do_swap_page: swapin tgid 1345 17729 "Binder:1345_19" 15719000 1239f9 1 1
           <...>-17729 [004] ....  3627.308115: do_swap_page: swapin tgid 1345 17729 "Binder:1345_19" 1571a000 1239fa 0 1
           <...>-17729 [004] ....  3627.308211: do_swap_page: swapin tgid 1345 17729 "Binder:1345_19" 1571a000 1239fa 1 1
           <...>-17729 [004] ....  3627.308217: do_swap_page: swapin tgid 1345 17729 "Binder:1345_19" 1559a000 11f97a 0 1
           <...>-17729 [004] ....  3627.308319: do_swap_page: swapin tgid 1345 17729 "Binder:1345_19" 1559a000 11f97a 1 1
           <...>-17729 [004] ....  3627.308323: do_swap_page: swapin tgid 1345 17729 "Binder:1345_19" 15596000 11f976 0 1
           <...>-17729 [004] ....  3627.308419: do_swap_page: swapin tgid 1345 17729 "Binder:1345_19" 15596000 11f976 1 1
           <...>-17729 [004] ....  3627.308421: do_swap_page: swapin tgid 1345 17729 "Binder:1345_19" 1559b000 11f97b 0 1
           <...>-17729 [004] ....  3627.308519: do_swap_page: swapin tgid 1345 17729 "Binder:1345_19" 1559b000 11f97b 1 1
           <...>-17729 [004] ....  3627.308523: do_swap_page: swapin tgid 1345 17729 "Binder:1345_19" 1579a000 12793a 0 1
           <...>-17729 [004] ....  3627.308619: do_swap_page: swapin tgid 1345 17729 "Binder:1345_19" 1579a000 12793a 1 1
           <...>-17729 [004] ....  3627.308622: do_swap_page: swapin tgid 1345 17729 "Binder:1345_19" 15799000 127939 0 1
           <...>-17729 [004] ....  3627.308718: do_swap_page: swapin tgid 1345 17729 "Binder:1345_19" 15799000 127939 1 1
           <...>-17729 [004] ....  3627.308722: do_swap_page: swapin tgid 1345 17729 "Binder:1345_19" 15473000 11b953 0 1
           <...>-17729 [004] ....  3627.308827: do_swap_page: swapin tgid 1345 17729 "Binder:1345_19" 15473000 11b953 1 1
           <...>-17729 [004] ....  3627.308831: do_swap_page: swapin tgid 1345 17729 "Binder:1345_19" 15464000 c026 1 1
           <...>-17729 [004] ....  3627.308833: do_swap_page: swapin tgid 1345 17729 "Binder:1345_19" 15474000 11b954 0 1
           <...>-17729 [004] ....  3627.308933: do_swap_page: swapin tgid 1345 17729 "Binder:1345_19" 15474000 11b954 1 1
           <...>-17729 [004] ....  3627.308938: do_swap_page: swapin tgid 1345 17729 "Binder:1345_19" 1585f000 1279ff 0 1
           <...>-17729 [004] ....  3627.309033: do_swap_page: swapin tgid 1345 17729 "Binder:1345_19" 1585f000 1279ff 1 1
           <...>-17729 [004] ....  3627.309038: do_swap_page: swapin tgid 1345 17729 "Binder:1345_19" 15666000 123946 0 1
           <...>-17729 [004] ....  3627.309143: do_swap_page: swapin tgid 1345 17729 "Binder:1345_19" 15666000 123946 1 1
           <...>-17729 [004] ....  3627.309168: do_swap_page: swapin tgid 1345 17729 "Binder:1345_19" 15350000 117930 0 1
           <...>-17729 [004] ....  3627.309279: do_swap_page: swapin tgid 1345 17729 "Binder:1345_19" 15350000 117930 1 1
