 .gms.persistent-2257  [003] ...1  2628.608510: do_swap_page: id 7, table 0 || 2239: 2257 7fbdebd000
 .gms.persistent-2257  [003] ...1  2628.608532: do_swap_page: id 7, table 0 || 2240: 2257 12f41000
           <...>-2541  [002] ...1  2628.608533: do_swap_page: id 7, table 0 || 2241: 2541 7fbbca8000
 BackgroundSingl-4780  [004] ...1  2628.608543: do_swap_page: id 7, table 0 || 2242: 4739 9ee51000
 BackgroundSingl-4780  [004] ...1  2628.608555: do_swap_page: id 7, table 0 || 2243: 4739 9efcd000
           <...>-2541  [002] ...1  2628.608558: do_swap_page: id 7, table 0 || 2244: 2541 7f23378000
 BackgroundSingl-4780  [004] ...1  2628.608563: do_swap_page: id 7, table 0 || 2245: 4739 9eabe000
 BackgroundSingl-4780  [004] ...1  2628.608570: do_swap_page: id 7, table 0 || 2246: 4739 9ee3c000
 BackgroundSingl-4780  [004] ...1  2628.608580: do_swap_page: id 7, table 0 || 2247: 4739 9efcb000
           <...>-2541  [002] ...1  2628.608582: do_swap_page: id 7, table 0 || 2248: 2541 7f20e7c000
 BackgroundSingl-4780  [004] ...1  2628.608596: do_swap_page: id 7, table 0 || 2249: 4739 131a4000
 BackgroundSingl-4780  [004] ...1  2628.608607: do_swap_page: id 7, table 0 || 2250: 4739 9e97e000
 BackgroundSingl-4780  [004] ...1  2628.608613: do_swap_page: id 7, table 0 || 2251: 4739 9f188000
           <...>-2541  [002] ...1  2628.608616: do_swap_page: id 7, table 0 || 2252: 2541 7fbbc2c000
 BackgroundSingl-4780  [004] ...1  2628.608621: do_swap_page: id 7, table 0 || 2253: 4739 9f00d000
 .gms.persistent-2257  [003] ...1  2628.608630: do_swap_page: id 7, table 0 || 2254: 2257 148a0000
 BackgroundSingl-4780  [004] ...1  2628.608636: do_swap_page: id 7, table 0 || 2255: 4739 9eeae000
 BackgroundSingl-4780  [004] ...1  2628.608646: do_swap_page: id 7, table 0 || 2256: 4739 9e972000
           <...>-2541  [002] ...1  2628.608647: do_swap_page: id 7, table 0 || 2257: 2541 7fbe1a4000
 BackgroundSingl-4780  [004] ...1  2628.608653: do_swap_page: id 7, table 0 || 2258: 4739 9e74f000
 BackgroundSingl-4780  [004] ...1  2628.608664: do_swap_page: id 7, table 0 || 2259: 4739 9e7f8000
 .gms.persistent-2257  [003] ...1  2628.608671: do_swap_page: id 7, table 0 || 2260: 2257 7fbe15d000
 BackgroundSingl-4780  [004] ...1  2628.608672: do_swap_page: id 7, table 0 || 2261: 4739 1306a000
           <...>-2541  [002] ...1  2628.608677: do_swap_page: id 7, table 0 || 2262: 2541 7fbe2fb000
 BackgroundSingl-4780  [004] ...1  2628.608684: do_swap_page: id 7, table 0 || 2263: 4739 9eedf000
 .gms.persistent-2257  [003] ...1  2628.608692: do_swap_page: id 7, table 0 || 2264: 2257 7fbe15c000
           <...>-2541  [002] ...1  2628.608706: do_swap_page: id 7, table 0 || 2265: 2541 7fbbc2d000
 .gms.persistent-2257  [003] ...1  2628.608717: do_swap_page: id 7, table 0 || 2266: 2257 7ec56a7000
           <...>-2541  [002] ...1  2628.608729: do_swap_page: id 7, table 0 || 2267: 2541 7fbbc23000
           <...>-5136  [005] ...1  2628.608741: do_swap_page: id 7, table 0 || 2268: 4739 9ea86000
           <...>-2541  [002] ...1  2628.608746: do_swap_page: id 7, table 0 || 2269: 2541 7fbe167000
 .gms.persistent-2257  [003] ...1  2628.608757: do_swap_page: id 7, table 0 || 2270: 2257 7fbf700000
           <...>-2541  [002] ...1  2628.608767: do_swap_page: id 7, table 0 || 2271: 2541 7fbbc22000
 .gms.persistent-2257  [003] ...1  2628.608784: do_swap_page: id 7, table 0 || 2272: 2257 7fbf6ff000
           <...>-2541  [002] ...1  2628.608790: do_swap_page: id 7, table 0 || 2273: 2541 14239000
           <...>-2541  [002] ...1  2628.608815: do_swap_page: id 7, table 0 || 2274: 2541 7f3088f000
           <...>-2541  [002] ...1  2628.608836: do_swap_page: id 7, table 0 || 2275: 2541 1382c000
 .gms.persistent-2257  [003] ...1  2628.608838: do_swap_page: id 7, table 0 || 2276: 2257 146e9000
           <...>-2541  [002] ...1  2628.608854: do_swap_page: id 7, table 0 || 2277: 2541 7f2dc65000
 .gms.persistent-2257  [003] ...1  2628.608861: do_swap_page: id 7, table 0 || 2278: 2257 7f231c7000
           <...>-2541  [002] ...1  2628.608873: do_swap_page: id 7, table 0 || 2279: 2541 13837000
 .gms.persistent-2257  [003] ...1  2628.608881: do_swap_page: id 7, table 0 || 2280: 2257 7ed4380000
 BackgroundSingl-4780  [006] ...1  2628.608888: do_swap_page: id 7, table 0 || 2281: 4739 9ea16000
           <...>-2541  [002] ...1  2628.608893: do_swap_page: id 7, table 0 || 2282: 2541 142c4000
 .gms.persistent-2257  [003] ...1  2628.608898: do_swap_page: id 7, table 0 || 2283: 2257 7ed4365000
 BackgroundSingl-4780  [006] ...1  2628.608900: do_swap_page: id 7, table 0 || 2284: 4739 9ed69000
           <...>-2541  [002] ...1  2628.608911: do_swap_page: id 7, table 0 || 2285: 2541 7f30890000
 .gms.persistent-2257  [003] ...1  2628.608921: do_swap_page: id 7, table 0 || 2286: 2257 146fe000
 .gms.persistent-2257  [003] ...1  2628.608943: do_swap_page: id 7, table 0 || 2287: 2257 14a9b000
 BackgroundSingl-4780  [006] ...1  2628.608949: do_swap_page: id 7, table 0 || 2288: 4739 7ea0dce000
 BackgroundSingl-4780  [006] ...1  2628.608960: do_swap_page: id 7, table 0 || 2289: 4739 7f288c6000
 .gms.persistent-2257  [003] ...1  2628.608961: do_swap_page: id 7, table 0 || 2290: 2257 146ff000
           <...>-2541  [002] ...1  2628.608967: do_swap_page: id 7, table 0 || 2291: 2541 138f7000
 .gms.persistent-2257  [003] ...1  2628.608980: do_swap_page: id 7, table 0 || 2292: 2257 14a9a000
           <...>-2541  [002] ...1  2628.608987: do_swap_page: id 7, table 0 || 2293: 2541 7f28c6f000
 .gms.persistent-2257  [003] ...1  2628.608997: do_swap_page: id 7, table 0 || 2294: 2257 7f231c8000
           <...>-2541  [002] ...1  2628.609000: do_swap_page: id 7, table 0 || 2295: 2541 7ed33ef000
 BackgroundSingl-4780  [006] ...1  2628.609009: do_swap_page: id 7, table 0 || 2296: 4739 7fbadbc000
 .gms.persistent-2257  [003] ...1  2628.609014: do_swap_page: id 7, table 0 || 2297: 2257 7f231ce000
           <...>-2541  [002] ...1  2628.609018: do_swap_page: id 7, table 0 || 2298: 2541 14281000
           <...>-1859  [006] ...1  2628.609042: do_swap_page: id 7, table 0 || 2299: 1336 7fbadbc000
 .gms.persistent-2257  [003] ...1  2628.609061: do_swap_page: id 7, table 0 || 2300: 2257 14804000
 .gms.persistent-2257  [003] ...1  2628.609081: do_swap_page: id 7, table 0 || 2301: 2257 7f231d0000
 .gms.persistent-2257  [003] ...1  2628.609103: do_swap_page: id 7, table 0 || 2302: 2257 7f28b7b000
 .gms.persistent-2257  [003] ...1  2628.609122: do_swap_page: id 7, table 0 || 2303: 2257 12e41000
           <...>-2541  [002] ...1  2628.609125: do_swap_page: id 7, table 0 || 2304: 2541 138dd000
 .gms.persistent-2257  [003] ...1  2628.609143: do_swap_page: id 7, table 0 || 2305: 2257 137e1000
           <...>-2541  [002] ...1  2628.609151: do_swap_page: id 7, table 0 || 2306: 2541 7f236be000
 .gms.persistent-2257  [003] ...1  2628.609163: do_swap_page: id 7, table 0 || 2307: 2257 1489a000
           <...>-2541  [002] ...1  2628.609184: do_swap_page: id 7, table 0 || 2308: 2541 14056000
  Lite Thread #0-4794  [004] ...1  2628.609207: do_swap_page: id 7, table 0 || 2309: 4739 7f289ca000
           <...>-2541  [002] ...1  2628.609210: do_swap_page: id 7, table 0 || 2310: 2541 7f28c06000
 .gms.persistent-2257  [003] ...1  2628.609212: do_swap_page: id 7, table 0 || 2311: 2257 1490f000
 .gms.persistent-2257  [003] ...1  2628.609232: do_swap_page: id 7, table 0 || 2312: 2257 146d7000
           <...>-2541  [002] ...1  2628.609232: do_swap_page: id 7, table 0 || 2313: 2541 141d8000
           <...>-2541  [002] ...1  2628.609252: do_swap_page: id 7, table 0 || 2314: 2541 137eb000
  Lite Thread #0-4794  [004] ...1  2628.609254: do_swap_page: id 7, table 0 || 2315: 4739 139a5000
           <...>-2541  [002] ...1  2628.609270: do_swap_page: id 7, table 0 || 2316: 2541 14278000
 .gms.persistent-2257  [003] ...1  2628.609286: do_swap_page: id 7, table 0 || 2317: 2257 7ed4416000
           <...>-2541  [002] ...1  2628.609288: do_swap_page: id 7, table 0 || 2318: 2541 7f28bf8000
           <...>-2541  [002] ...1  2628.609305: do_swap_page: id 7, table 0 || 2319: 2541 7f28bf9000
 .gms.persistent-2257  [003] ...1  2628.609309: do_swap_page: id 7, table 0 || 2320: 2257 13bf0000
  Lite Thread #0-4794  [004] ...1  2628.609314: do_swap_page: id 7, table 0 || 2321: 4739 7f28920000
           <...>-2541  [002] ...1  2628.609315: do_swap_page: id 7, table 0 || 2322: 2541 7270a000
           <...>-1859  [006] ...1  2628.609320: do_swap_page: id 7, table 0 || 2323: 1336 7ed1cbd000
 .gms.persistent-2257  [003] ...1  2628.609331: do_swap_page: id 7, table 0 || 2324: 2257 137df000
           <...>-2541  [002] ...1  2628.609334: do_swap_page: id 7, table 0 || 2325: 2541 14498000
           <...>-1859  [006] ...1  2628.609337: do_swap_page: id 7, table 0 || 2326: 1336 7fbe16e000
 .gms.persistent-2257  [003] ...1  2628.609350: do_swap_page: id 7, table 0 || 2327: 2257 146ea000
           <...>-2541  [002] ...1  2628.609357: do_swap_page: id 7, table 0 || 2328: 2541 7f2d8fb000
 .gms.persistent-2257  [003] ...1  2628.609369: do_swap_page: id 7, table 0 || 2329: 2257 14907000
  Lite Thread #0-4794  [004] ...1  2628.609369: do_swap_page: id 7, table 0 || 2330: 4739 7ecb707000
 .gms.persistent-2257  [003] ...1  2628.609383: do_swap_page: id 7, table 0 || 2331: 2257 7ed4335000
  Lite Thread #0-4794  [004] ...1  2628.609384: do_swap_page: id 7, table 0 || 2332: 4739 9e978000
           <...>-2541  [002] ...1  2628.609387: do_swap_page: id 7, table 0 || 2333: 2541 14539000
           <...>-1859  [006] ...1  2628.609389: do_swap_page: id 7, table 0 || 2334: 1336 7e6f6f9000
  Lite Thread #0-4794  [004] ...1  2628.609391: do_swap_page: id 7, table 0 || 2335: 4739 9f199000
           <...>-1859  [006] ...1  2628.609394: do_swap_page: id 7, table 0 || 2336: 1336 7e6f6fa000
  Lite Thread #1-4800  [000] ...1  2628.609397: do_swap_page: id 7, table 0 || 2337: 4739 7eb7114000
           <...>-2541  [002] ...1  2628.609403: do_swap_page: id 7, table 0 || 2338: 2541 7f28c07000
 .gms.persistent-2257  [003] ...1  2628.609416: do_swap_page: id 7, table 0 || 2339: 2257 7f231ca000
           <...>-1859  [006] ...1  2628.609432: do_swap_page: id 7, table 0 || 2340: 1336 7f288ab000
 .gms.persistent-2257  [003] ...1  2628.609436: do_swap_page: id 7, table 0 || 2341: 2257 146d5000
  Lite Thread #1-4800  [000] ...1  2628.609443: do_swap_page: id 7, table 0 || 2342: 4739 7eb7115000
 .gms.persistent-2257  [003] ...1  2628.609455: do_swap_page: id 7, table 0 || 2343: 2257 14aac000
           <...>-1859  [006] ...1  2628.609455: do_swap_page: id 7, table 0 || 2344: 1336 7e8684d000
  Lite Thread #1-4800  [000] ...1  2628.609468: do_swap_page: id 7, table 0 || 2345: 4739 7eb7112000
           <...>-823   [002] ...1  2628.609563: do_swap_page: id 7, table 0 || 2346: 823 7fbc64b000
 .gms.persistent-2257  [003] ...1  2628.609580: do_swap_page: id 7, table 0 || 2347: 2257 7f28a45000
           <...>-823   [002] ...1  2628.609593: do_swap_page: id 7, table 0 || 2348: 823 7ffffff000
 .gms.persistent-2257  [003] ...1  2628.609608: do_swap_page: id 7, table 0 || 2349: 2257 7f28a2a000
           <...>-823   [002] ...1  2628.609613: do_swap_page: id 7, table 0 || 2350: 823 7fbe422000
           <...>-823   [002] ...1  2628.609626: do_swap_page: id 7, table 0 || 2351: 823 7fbc747000
 .gms.persistent-2257  [003] ...1  2628.609635: do_swap_page: id 7, table 0 || 2352: 2257 7f28a55000
           <...>-823   [002] ...1  2628.609667: do_swap_page: id 7, table 0 || 2353: 823 7fbc63e000
           <...>-823   [002] ...1  2628.609689: do_swap_page: id 7, table 0 || 2354: 823 7fbf700000
           <...>-823   [002] ...1  2628.609708: do_swap_page: id 7, table 0 || 2355: 823 7fbc65b000
           <...>-823   [002] ...1  2628.609723: do_swap_page: id 7, table 0 || 2356: 823 7fbc609000
           <...>-823   [002] ...1  2628.609748: do_swap_page: id 7, table 0 || 2357: 823 7fb9a3e000
     logd.writer-570   [001] ...1  2628.609761: do_swap_page: id 7, table 0 || 2358: 558 7fb5781000
           <...>-823   [002] ...1  2628.609766: do_swap_page: id 7, table 0 || 2359: 823 7fbd6f9000
           <...>-823   [002] ...1  2628.609787: do_swap_page: id 7, table 0 || 2360: 823 7fbc608000
           <...>-823   [002] ...1  2628.609815: do_swap_page: id 7, table 0 || 2361: 823 7fbd0a9000
     logd.writer-570   [001] ...1  2628.609822: do_swap_page: id 7, table 0 || 2362: 558 7fb56ef000
           <...>-823   [002] ...1  2628.609837: do_swap_page: id 7, table 0 || 2363: 823 7fffffe000
           <...>-823   [002] ...1  2628.609850: do_swap_page: id 7, table 0 || 2364: 823 7fbd859000
           <...>-2541  [001] ...1  2628.609855: do_swap_page: id 7, table 0 || 2365: 2541 1382e000
           <...>-823   [002] ...1  2628.609871: do_swap_page: id 7, table 0 || 2366: 823 7fbc601000
           <...>-2541  [001] ...1  2628.609878: do_swap_page: id 7, table 0 || 2367: 2541 7f2dc6a000
           <...>-823   [002] ...1  2628.609889: do_swap_page: id 7, table 0 || 2368: 823 7fbc600000
           <...>-2541  [001] ...1  2628.609903: do_swap_page: id 7, table 0 || 2369: 2541 1381e000
           <...>-823   [002] ...1  2628.609907: do_swap_page: id 7, table 0 || 2370: 823 7fbc617000
           <...>-2541  [001] ...1  2628.609928: do_swap_page: id 7, table 0 || 2371: 2541 141ff000
           <...>-823   [002] ...1  2628.609938: do_swap_page: id 7, table 0 || 2372: 823 7fbc674000
           <...>-2541  [001] ...1  2628.609950: do_swap_page: id 7, table 0 || 2373: 2541 7f28c6d000
           <...>-823   [002] ...1  2628.609955: do_swap_page: id 7, table 0 || 2374: 823 7fbc65d000
 .gms.persistent-2257  [003] ...1  2628.609958: do_swap_page: id 7, table 0 || 2375: 2257 7fbe1d0000
           <...>-823   [002] ...1  2628.609972: do_swap_page: id 7, table 0 || 2376: 823 7fbc718000
           <...>-2541  [001] ...1  2628.609973: do_swap_page: id 7, table 0 || 2377: 2541 141fe000
           <...>-2541  [001] ...1  2628.609991: do_swap_page: id 7, table 0 || 2378: 2541 13a62000
           <...>-823   [002] ...1  2628.610014: do_swap_page: id 7, table 0 || 2379: 823 7fbf5e3000
           <...>-2541  [001] ...1  2628.610015: do_swap_page: id 7, table 0 || 2380: 2541 13a48000
           <...>-823   [002] ...1  2628.610034: do_swap_page: id 7, table 0 || 2381: 823 7fbd19a000
 .gms.persistent-2257  [003] ...1  2628.610035: do_swap_page: id 7, table 0 || 2382: 2257 151bd000
           <...>-2541  [001] ...1  2628.610037: do_swap_page: id 7, table 0 || 2383: 2541 13d96000
           <...>-2541  [001] ...1  2628.610053: do_swap_page: id 7, table 0 || 2384: 2541 7ed338a000
           <...>-823   [002] ...1  2628.610056: do_swap_page: id 7, table 0 || 2385: 823 7fbf6ff000
 .gms.persistent-2257  [003] ...1  2628.610058: do_swap_page: id 7, table 0 || 2386: 2257 14908000
           <...>-2541  [001] ...1  2628.610072: do_swap_page: id 7, table 0 || 2387: 2541 13d94000
 .gms.persistent-2257  [003] ...1  2628.610079: do_swap_page: id 7, table 0 || 2388: 2257 7f231cb000
           <...>-2541  [001] ...1  2628.610085: do_swap_page: id 7, table 0 || 2389: 2541 7ed333f000
 .gms.persistent-2257  [003] ...1  2628.610098: do_swap_page: id 7, table 0 || 2390: 2257 7f231cd000
           <...>-2541  [001] ...1  2628.610099: do_swap_page: id 7, table 0 || 2391: 2541 7ed33af000
 .gms.persistent-2257  [003] ...1  2628.610116: do_swap_page: id 7, table 0 || 2392: 2257 1490c000
           <...>-2541  [001] ...1  2628.610127: do_swap_page: id 7, table 0 || 2393: 2541 145e9000
 .gms.persistent-2257  [003] ...1  2628.610136: do_swap_page: id 7, table 0 || 2394: 2257 146c5000
           <...>-2541  [001] ...1  2628.610150: do_swap_page: id 7, table 0 || 2395: 2541 7ed3365000
 .gms.persistent-2257  [003] ...1  2628.610153: do_swap_page: id 7, table 0 || 2396: 2257 7f231c9000
           <...>-2541  [001] ...1  2628.610170: do_swap_page: id 7, table 0 || 2398: 2541 1442c000
           <...>-823   [002] ...1  2628.610170: do_swap_page: id 7, table 0 || 2397: 823 7fbc3e3000
 .gms.persistent-2257  [003] ...1  2628.610172: do_swap_page: id 7, table 0 || 2399: 2257 13ce4000
           <...>-2541  [001] ...1  2628.610187: do_swap_page: id 7, table 0 || 2400: 2541 7ed3385000
 .gms.persistent-2257  [003] ...1  2628.610194: do_swap_page: id 7, table 0 || 2401: 2257 1489d000
           <...>-2541  [001] ...1  2628.610207: do_swap_page: id 7, table 0 || 2402: 2541 13dab000
           <...>-2541  [001] ...1  2628.610220: do_swap_page: id 7, table 0 || 2403: 2541 7ed33de000
 .gms.persistent-2257  [003] ...1  2628.610224: do_swap_page: id 7, table 0 || 2404: 2257 13e92000
 .gms.persistent-2257  [003] ...1  2628.610240: do_swap_page: id 7, table 0 || 2405: 2257 7ed43d2000
           <...>-2541  [001] ...1  2628.610244: do_swap_page: id 7, table 0 || 2406: 2541 140ed000
           <...>-2541  [001] ...1  2628.610260: do_swap_page: id 7, table 0 || 2407: 2541 7ed3384000
 .gms.persistent-2257  [003] ...1  2628.610262: do_swap_page: id 7, table 0 || 2408: 2257 13248000
           <...>-1439  [002] ...1  2628.610275: do_swap_page: id 7, table 0 || 2409: 823 7fbab10000
           <...>-2541  [001] ...1  2628.610280: do_swap_page: id 7, table 0 || 2410: 2541 7f2d8e6000
 .gms.persistent-2257  [003] ...1  2628.610284: do_swap_page: id 7, table 0 || 2411: 2257 1481b000
           <...>-1439  [002] ...1  2628.610295: do_swap_page: id 7, table 0 || 2412: 823 7fbab0f000
           <...>-2541  [001] ...1  2628.610298: do_swap_page: id 7, table 0 || 2413: 2541 7ed3414000
           <...>-2541  [001] ...1  2628.610319: do_swap_page: id 7, table 0 || 2414: 2541 136e1000
 .gms.persistent-2257  [003] ...1  2628.610337: do_swap_page: id 7, table 0 || 2415: 2257 12dc9000
           <...>-2541  [001] ...1  2628.610339: do_swap_page: id 7, table 0 || 2416: 2541 14440000
 .gms.persistent-2257  [003] ...1  2628.610357: do_swap_page: id 7, table 0 || 2417: 2257 7f28a5f000
           <...>-2541  [001] ...1  2628.610359: do_swap_page: id 7, table 0 || 2418: 2541 13bad000
           <...>-823   [002] ...1  2628.610373: do_swap_page: id 7, table 0 || 2419: 823 7fbc6ac000
           <...>-2541  [001] ...1  2628.610380: do_swap_page: id 7, table 0 || 2420: 2541 14605000
 .gms.persistent-2257  [003] ...1  2628.610387: do_swap_page: id 7, table 0 || 2421: 2257 7ea95d1000
           <...>-2541  [001] ...1  2628.610396: do_swap_page: id 7, table 0 || 2422: 2541 7ed3371000
           <...>-2541  [001] ...1  2628.610414: do_swap_page: id 7, table 0 || 2423: 2541 1442e000
           <...>-2541  [001] ...1  2628.610433: do_swap_page: id 7, table 0 || 2424: 2541 1456f000
           <...>-2541  [001] ...1  2628.610450: do_swap_page: id 7, table 0 || 2425: 2541 14430000
           <...>-2541  [001] ...1  2628.610467: do_swap_page: id 7, table 0 || 2426: 2541 1456e000
           <...>-2541  [001] ...1  2628.610491: do_swap_page: id 7, table 0 || 2427: 2541 7f28c70000
           <...>-2541  [001] ...1  2628.610508: do_swap_page: id 7, table 0 || 2428: 2541 14431000
           <...>-2541  [001] ...1  2628.610543: do_swap_page: id 7, table 0 || 2429: 2541 136d2000
           <...>-2541  [001] ...1  2628.610566: do_swap_page: id 7, table 0 || 2430: 2541 7f2dc60000
           <...>-2541  [001] ...1  2628.610580: do_swap_page: id 7, table 0 || 2431: 2541 7f30872000
           <...>-2541  [001] ...1  2628.610598: do_swap_page: id 7, table 0 || 2432: 2541 7f308a8000
           <...>-2541  [001] ...1  2628.610618: do_swap_page: id 7, table 0 || 2433: 2541 13b98000
   Binder:1336_9-1861  [003] ...1  2628.610625: do_swap_page: id 7, table 0 || 2434: 1336 7eb435c000
           <...>-2541  [001] ...1  2628.610637: do_swap_page: id 7, table 0 || 2435: 2541 7f2dc47000
           <...>-2541  [001] ...1  2628.610660: do_swap_page: id 7, table 0 || 2436: 2541 7f28c79000
           <...>-2541  [001] ...1  2628.610684: do_swap_page: id 7, table 0 || 2437: 2541 7f308a7000
           <...>-2541  [001] ...1  2628.610706: do_swap_page: id 7, table 0 || 2438: 2541 7ed3423000
           <...>-2541  [001] ...1  2628.610731: do_swap_page: id 7, table 0 || 2439: 2541 13738000
           <...>-2541  [001] ...1  2628.610749: do_swap_page: id 7, table 0 || 2440: 2541 13d95000
           <...>-2541  [001] ...1  2628.610769: do_swap_page: id 7, table 0 || 2441: 2541 7f28c63000
           <...>-2541  [001] ...1  2628.610792: do_swap_page: id 7, table 0 || 2442: 2541 13881000
           <...>-2541  [001] ...1  2628.610810: do_swap_page: id 7, table 0 || 2443: 2541 7f30868000
           <...>-2541  [001] ...1  2628.610834: do_swap_page: id 7, table 0 || 2444: 2541 138dc000
           <...>-2541  [001] ...1  2628.610853: do_swap_page: id 7, table 0 || 2445: 2541 7f2dc37000
           <...>-2541  [001] ...1  2628.610867: do_swap_page: id 7, table 0 || 2446: 2541 7ed33b6000
 .gms.persistent-2257  [003] ...1  2628.610868: do_swap_page: id 7, table 0 || 2447: 2257 12ed0000
           <...>-2541  [001] ...1  2628.610885: do_swap_page: id 7, table 0 || 2448: 2541 1381c000
 .gms.persistent-2257  [003] ...1  2628.610888: do_swap_page: id 7, table 0 || 2449: 2257 12d8b000
           <...>-2541  [001] ...1  2628.610900: do_swap_page: id 7, table 0 || 2450: 2541 7ed336c000
           <...>-2541  [001] ...1  2628.610914: do_swap_page: id 7, table 0 || 2451: 2541 7f2dc38000
           <...>-2541  [001] ...1  2628.610929: do_swap_page: id 7, table 0 || 2452: 2541 7ed336d000
           <...>-2541  [001] ...1  2628.610949: do_swap_page: id 7, table 0 || 2453: 2541 138ae000
           <...>-2541  [001] ...1  2628.610968: do_swap_page: id 7, table 0 || 2454: 2541 7f28c72000
           <...>-2541  [001] ...1  2628.610986: do_swap_page: id 7, table 0 || 2455: 2541 7f2dc41000
           <...>-2541  [001] ...1  2628.611004: do_swap_page: id 7, table 0 || 2456: 2541 7f2d8e8000
           <...>-2541  [001] ...1  2628.611018: do_swap_page: id 7, table 0 || 2457: 2541 7ed3421000
           <...>-2541  [001] ...1  2628.611039: do_swap_page: id 7, table 0 || 2458: 2541 12ecd000
           <...>-2541  [001] ...1  2628.611056: do_swap_page: id 7, table 0 || 2459: 2541 138ac000
           <...>-2541  [001] ...1  2628.611076: do_swap_page: id 7, table 0 || 2460: 2541 138cd000
           <...>-2541  [001] ...1  2628.611100: do_swap_page: id 7, table 0 || 2461: 2541 7f2d8eb000
           <...>-2541  [001] ...1  2628.611118: do_swap_page: id 7, table 0 || 2462: 2541 138cc000
           <...>-2541  [001] ...1  2628.611147: do_swap_page: id 7, table 0 || 2463: 2541 7f28c73000
           <...>-2541  [001] ...1  2628.611336: do_swap_page: id 7, table 0 || 2464: 2541 7f28c0a000
           <...>-2541  [001] ...1  2628.611361: do_swap_page: id 7, table 0 || 2465: 2541 7ed33a7000
           <...>-2541  [001] ...1  2628.611379: do_swap_page: id 7, table 0 || 2466: 2541 13818000
           <...>-2541  [001] ...1  2628.611395: do_swap_page: id 7, table 0 || 2467: 2541 7ed335d000
           <...>-2541  [001] ...1  2628.611416: do_swap_page: id 7, table 0 || 2468: 2541 14486000
           <...>-2541  [001] ...1  2628.611442: do_swap_page: id 7, table 0 || 2469: 2541 72735000
           <...>-2541  [001] ...1  2628.611461: do_swap_page: id 7, table 0 || 2470: 2541 7f308a9000
           <...>-2541  [001] ...1  2628.611474: do_swap_page: id 7, table 0 || 2471: 2541 7ed33be000
           <...>-2541  [001] ...1  2628.611492: do_swap_page: id 7, table 0 || 2472: 2541 138de000
           <...>-2541  [001] ...1  2628.611511: do_swap_page: id 7, table 0 || 2473: 2541 7f28def000
           <...>-2541  [001] ...1  2628.611530: do_swap_page: id 7, table 0 || 2474: 2541 7f2d8ec000
           <...>-2541  [001] ...1  2628.611549: do_swap_page: id 7, table 0 || 2475: 2541 138a9000
           <...>-2541  [001] ...1  2628.611566: do_swap_page: id 7, table 0 || 2476: 2541 1381d000
           <...>-2541  [001] ...1  2628.611587: do_swap_page: id 7, table 0 || 2477: 2541 138d1000
           <...>-2541  [001] ...1  2628.611604: do_swap_page: id 7, table 0 || 2478: 2541 138ad000
           <...>-2541  [001] ...1  2628.611626: do_swap_page: id 7, table 0 || 2479: 2541 14443000
           <...>-2541  [001] ...1  2628.611644: do_swap_page: id 7, table 0 || 2480: 2541 7f28c71000
           <...>-2541  [001] ...1  2628.611664: do_swap_page: id 7, table 0 || 2481: 2541 7f30869000
           <...>-2541  [001] ...1  2628.611686: do_swap_page: id 7, table 0 || 2482: 2541 14442000
 .gms.persistent-2257  [003] ...1  2628.611696: do_swap_page: id 7, table 0 || 2483: 2257 137f5000
           <...>-2541  [001] ...1  2628.611708: do_swap_page: id 7, table 0 || 2484: 2541 7f30867000
 .gms.persistent-2257  [003] ...1  2628.611720: do_swap_page: id 7, table 0 || 2485: 2257 13cc5000
           <...>-2541  [001] ...1  2628.611737: do_swap_page: id 7, table 0 || 2486: 2541 7f28c74000
 .gms.persistent-2257  [003] ...1  2628.611740: do_swap_page: id 7, table 0 || 2487: 2257 14cc7000
           <...>-2541  [001] ...1  2628.611758: do_swap_page: id 7, table 0 || 2488: 2541 12ece000
 .gms.persistent-2257  [003] ...1  2628.611766: do_swap_page: id 7, table 0 || 2489: 2257 7f3088d000
 .gms.persistent-2257  [003] ...1  2628.611781: do_swap_page: id 7, table 0 || 2490: 2257 7ed43fb000
           <...>-2541  [001] ...1  2628.611782: do_swap_page: id 7, table 0 || 2491: 2541 137f0000
 .gms.persistent-2257  [003] ...1  2628.611800: do_swap_page: id 7, table 0 || 2492: 2257 1325b000
           <...>-2541  [001] ...1  2628.611801: do_swap_page: id 7, table 0 || 2493: 2541 7f2dc5e000
           <...>-2541  [001] ...1  2628.611818: do_swap_page: id 7, table 0 || 2494: 2541 7ed33e4000
 .gms.persistent-2257  [003] ...1  2628.611827: do_swap_page: id 7, table 0 || 2495: 2257 137c5000
           <...>-2541  [001] ...1  2628.611836: do_swap_page: id 7, table 0 || 2496: 2541 1446f000
           <...>-2541  [001] ...1  2628.611850: do_swap_page: id 7, table 0 || 2497: 2541 7ed33f8000
           <...>-2541  [001] ...1  2628.611879: do_swap_page: id 7, table 0 || 2498: 2541 7ed3357000
 .gms.persistent-2257  [003] ...1  2628.611891: do_swap_page: id 7, table 0 || 2499: 2257 7f34ea7000
           <...>-2541  [001] ...1  2628.611897: do_swap_page: id 7, table 0 || 2500: 2541 7f2dc57000
 .gms.persistent-2257  [003] ...1  2628.611912: do_swap_page: id 7, table 0 || 2501: 2257 7ec586d000
           <...>-2541  [001] ...1  2628.611914: do_swap_page: id 7, table 0 || 2502: 2541 7ed33cb000
 .gms.persistent-2257  [003] ...1  2628.611930: do_swap_page: id 7, table 0 || 2503: 2257 7f28989000
           <...>-2541  [001] ...1  2628.611939: do_swap_page: id 7, table 0 || 2504: 2541 14480000
           <...>-2541  [001] ....  2628.611961: read_swap_cache_async: remote readpage 2541 "gle.android.gms" 7ed3383000 b956
           <...>-2541  [001] ....  2628.611964: do_swap_page: prefetch fault 2541 "gle.android.gms" 7ed3383000 b956
           <...>-5111  [006] ...1  2628.611970: do_swap_page: id 7, table 0 || 2505: 2257 7ea2a62000
           <...>-5111  [006] ...1  2628.611986: do_swap_page: id 7, table 0 || 2506: 2257 7ea2a63000
           <...>-5111  [006] ...1  2628.611997: do_swap_page: id 7, table 0 || 2507: 2257 7eb3adc000
           <...>-5111  [006] ...1  2628.612006: do_swap_page: id 7, table 0 || 2508: 2257 7ec5723000
           <...>-5111  [006] ...1  2628.612013: do_swap_page: id 7, table 0 || 2509: 2257 7ea2a60000
           <...>-823   [001] ....  2628.612016: read_swap_cache_async: remote readpage 823 "sensors@2.0-ser" 7fbc654000 b90d
           <...>-823   [001] ....  2628.612019: do_swap_page: prefetch fault 823 "sensors@2.0-ser" 7fbc654000 b90d
           <...>-5111  [006] ...1  2628.612021: do_swap_page: id 7, table 0 || 2510: 2257 13c2f000
           <...>-5111  [006] ...1  2628.612029: do_swap_page: id 7, table 0 || 2511: 2257 14893000
           <...>-5111  [006] ...1  2628.612035: do_swap_page: id 7, table 0 || 2512: 2257 14a29000
           <...>-5111  [006] ...1  2628.612042: do_swap_page: id 7, table 0 || 2513: 2257 7f20f05000
           <...>-5111  [006] ...1  2628.612053: do_swap_page: id 7, table 0 || 2514: 2257 7fbe29c000
           <...>-5111  [006] ...1  2628.612058: do_swap_page: id 7, table 0 || 2515: 2257 7fbe29d000
           <...>-15054 [000] ...1  2628.612082: do_swap_page: id 7, table 0 || 2516: 823 7fbf5e5000
           <...>-5111  [006] ...1  2628.612088: do_swap_page: id 7, table 0 || 2517: 2257 13f14000
           <...>-5111  [006] ...1  2628.612097: do_swap_page: id 7, table 0 || 2518: 2257 7f20ed5000
           <...>-5111  [006] ...1  2628.612105: do_swap_page: id 7, table 0 || 2519: 2257 146e8000
           <...>-5111  [006] ...1  2628.612111: do_swap_page: id 7, table 0 || 2520: 2257 7f231cf000
           <...>-5111  [006] ...1  2628.612133: do_swap_page: id 7, table 0 || 2521: 2257 7ea2a61000
           <...>-5111  [006] ...1  2628.612146: do_swap_page: id 7, table 0 || 2522: 2257 7ec564b000
           <...>-5111  [006] ...1  2628.612153: do_swap_page: id 7, table 0 || 2523: 2257 7ec5693000
           <...>-5111  [006] ...1  2628.612160: do_swap_page: id 7, table 0 || 2524: 2257 7fbe240000
           <...>-5111  [006] ...1  2628.612170: do_swap_page: id 7, table 0 || 2525: 2257 7ec5857000
           <...>-5111  [006] ...1  2628.612178: do_swap_page: id 7, table 0 || 2526: 2257 7ec57ff000
           <...>-5111  [006] ...1  2628.612186: do_swap_page: id 7, table 0 || 2527: 2257 7ec5756000
           <...>-5111  [006] ...1  2628.612194: do_swap_page: id 7, table 0 || 2528: 2257 7ec564d000
           <...>-5111  [006] ...1  2628.612203: do_swap_page: id 7, table 0 || 2529: 2257 7f2d02c000
           <...>-5111  [006] ...1  2628.612215: do_swap_page: id 7, table 0 || 2530: 2257 7eaad92000
           <...>-5111  [006] ...1  2628.612224: do_swap_page: id 7, table 0 || 2531: 2257 7eb7b56000
           <...>-5111  [006] ...1  2628.612234: do_swap_page: id 7, table 0 || 2532: 2257 13bed000
           <...>-5111  [006] ...1  2628.612241: do_swap_page: id 7, table 0 || 2533: 2257 7f28a4e000
           <...>-5111  [006] ...1  2628.612254: do_swap_page: id 7, table 0 || 2534: 2257 7ec56a2000
   Binder:1336_9-1861  [006] ...1  2628.612378: do_swap_page: id 7, table 0 || 2535: 1336 7e9bf2a000
   Binder:1336_9-1861  [006] ...1  2628.612385: do_swap_page: id 7, table 0 || 2536: 1336 7e9bf2b000
   Binder:1336_9-1861  [006] ...1  2628.612413: do_swap_page: id 7, table 0 || 2537: 1336 7e9c3b2000
   Binder:1336_9-1861  [006] ...1  2628.612426: do_swap_page: id 7, table 0 || 2538: 1336 7e9c3b3000
   Binder:1336_9-1861  [006] ...1  2628.612451: do_swap_page: id 7, table 0 || 2539: 1336 7e9bf19000
   Binder:1336_9-1861  [006] ...1  2628.612458: do_swap_page: id 7, table 0 || 2540: 1336 7e9bf1a000
           <...>-5111  [006] ...1  2628.612527: do_swap_page: id 7, table 0 || 2541: 2257 7fbe191000
           <...>-5111  [006] ...1  2628.612536: do_swap_page: id 7, table 0 || 2542: 2257 7fbe192000
           <...>-5111  [006] ...1  2628.612581: do_swap_page: id 7, table 0 || 2543: 2257 13bd4000
           <...>-5111  [006] ...1  2628.612591: do_swap_page: id 7, table 0 || 2544: 2257 14779000
           <...>-5111  [006] ...1  2628.612598: do_swap_page: id 7, table 0 || 2545: 2257 13bd5000
           <...>-5111  [006] ...1  2628.612609: do_swap_page: id 7, table 0 || 2546: 2257 7f20ed6000
           <...>-5111  [006] ....  2628.612672: read_swap_cache_async: remote readpage 2257 "resolverService" 146de000 392e
           <...>-5111  [006] ....  2628.612674: do_swap_page: prefetch fault 2257 "resolverService" 146de000 392e
           <...>-823   [002] ...1  2628.614018: do_swap_page: id 7, table 0 || 2547: 823 7fbc654000
           <...>-2541  [001] ...1  2628.614041: do_swap_page: id 7, table 0 || 2548: 2541 7ed3383000
           <...>-823   [002] ...1  2628.614057: do_swap_page: id 7, table 0 || 2549: 823 7fb9a05000
           <...>-5111  [006] ...1  2628.614070: do_swap_page: id 7, table 0 || 2550: 2257 146de000
           <...>-823   [002] ...1  2628.614077: do_swap_page: id 7, table 0 || 2551: 823 7fbe292000
           <...>-5111  [006] ....  2628.614084: read_swap_cache_async: remote readpage 2257 "resolverService" 12e3b000 7942
           <...>-5111  [006] ....  2628.614084: do_swap_page: prefetch fault 2257 "resolverService" 12e3b000 7942
           <...>-839   [002] ...1  2628.614254: do_swap_page: id 7, table 0 || 2552: 839 7fbd80c000
           <...>-839   [002] ...1  2628.614278: do_swap_page: id 7, table 0 || 2553: 839 7fbe420000
           <...>-839   [002] ...1  2628.614299: do_swap_page: id 7, table 0 || 2554: 839 7ffffff000
           <...>-839   [002] ...1  2628.614317: do_swap_page: id 7, table 0 || 2555: 839 7fbdf5d000
           <...>-2541  [001] ....  2628.614327: read_swap_cache_async: remote readpage 2541 "gle.android.gms" 7f308b8000 393a
           <...>-2541  [001] ....  2628.614331: do_swap_page: prefetch fault 2541 "gle.android.gms" 7f308b8000 393a
           <...>-839   [002] ...1  2628.614332: do_swap_page: id 7, table 0 || 2556: 839 7fbd80a000
           <...>-839   [002] ...1  2628.614344: do_swap_page: id 7, table 0 || 2557: 839 7fbd80b000
           <...>-839   [002] ...1  2628.614368: do_swap_page: id 7, table 0 || 2558: 839 7fffffe000
           <...>-839   [002] ...1  2628.614403: do_swap_page: id 7, table 0 || 2559: 839 7fbdf59000
           <...>-839   [002] ...1  2628.614415: do_swap_page: id 7, table 0 || 2560: 839 7fbdf5a000
           <...>-839   [002] ...1  2628.614429: do_swap_page: id 7, table 0 || 2561: 839 7fbd801000
           <...>-839   [002] ...1  2628.614441: do_swap_page: id 7, table 0 || 2562: 839 7fbd800000
           <...>-839   [002] ...1  2628.614462: do_swap_page: id 7, table 0 || 2563: 839 7fbd807000
           <...>-839   [002] ...1  2628.614475: do_swap_page: id 7, table 0 || 2564: 839 555555a000
           <...>-839   [002] ...1  2628.614489: do_swap_page: id 7, table 0 || 2565: 839 7fbd811000
           <...>-839   [002] ...1  2628.614503: do_swap_page: id 7, table 0 || 2566: 839 7fbd813000
           <...>-839   [002] ...1  2628.614516: do_swap_page: id 7, table 0 || 2567: 839 7fbd812000
           <...>-839   [002] ...1  2628.614537: do_swap_page: id 7, table 0 || 2568: 839 7fbd806000
           <...>-1360  [006] ...1  2628.614655: do_swap_page: id 7, table 0 || 2569: 1336 7f28a6f000
           <...>-839   [002] ...1  2628.614662: do_swap_page: id 7, table 0 || 2570: 839 7fbd5ec000
           <...>-1360  [006] ...1  2628.614663: do_swap_page: id 7, table 0 || 2571: 1336 7f28a70000
           <...>-839   [002] ...1  2628.614677: do_swap_page: id 7, table 0 || 2572: 839 7fbda00000
           <...>-1360  [006] ...1  2628.614681: do_swap_page: id 7, table 0 || 2573: 1336 7f28888000
           <...>-1360  [006] ...1  2628.614721: do_swap_page: id 7, table 0 || 2574: 1336 9ea8a000
           <...>-842   [001] ...1  2628.614784: do_swap_page: id 7, table 0 || 2575: 842 5555587000
           <...>-842   [001] ...1  2628.614809: do_swap_page: id 7, table 0 || 2576: 842 7fbe420000
           <...>-842   [001] ...1  2628.614830: do_swap_page: id 7, table 0 || 2577: 842 7ffffff000
           <...>-842   [001] ...1  2628.614847: do_swap_page: id 7, table 0 || 2578: 842 5555588000
           <...>-842   [001] ...1  2628.614860: do_swap_page: id 7, table 0 || 2579: 842 5555589000
           <...>-1360  [006] ...1  2628.614869: do_swap_page: id 7, table 0 || 2580: 1336 7f2d46d000
           <...>-842   [001] ...1  2628.614873: do_swap_page: id 7, table 0 || 2581: 842 5555586000
           <...>-842   [001] ...1  2628.614905: do_swap_page: id 7, table 0 || 2582: 842 5555576000
           <...>-973   [001] ...1  2628.614972: do_swap_page: id 7, table 0 || 2583: 973 7ffffff000
           <...>-973   [001] ...1  2628.614996: do_swap_page: id 7, table 0 || 2584: 973 7fbe420000
           <...>-973   [001] ...1  2628.615012: do_swap_page: id 7, table 0 || 2585: 973 5555586000
           <...>-973   [001] ...1  2628.615031: do_swap_page: id 7, table 0 || 2586: 973 5555584000
           <...>-973   [001] ...1  2628.615046: do_swap_page: id 7, table 0 || 2587: 973 5555585000
           <...>-973   [001] ...1  2628.615067: do_swap_page: id 7, table 0 || 2588: 973 7fbf6ff000
           <...>-973   [001] ...1  2628.615095: do_swap_page: id 7, table 0 || 2589: 973 7fffffe000
           <...>-1360  [006] ...1  2628.615099: do_swap_page: id 7, table 0 || 2590: 1336 7ed0d90000
           <...>-973   [001] ...1  2628.615109: do_swap_page: id 7, table 0 || 2591: 973 7fbf700000
           <...>-973   [001] ...1  2628.615126: do_swap_page: id 7, table 0 || 2592: 973 7fbd086000
           <...>-973   [001] ...1  2628.615143: do_swap_page: id 7, table 0 || 2593: 973 7fbdc47000
           <...>-973   [001] ...1  2628.615163: do_swap_page: id 7, table 0 || 2594: 973 7fbdb00000
           <...>-2317  [002] ...1  2628.615170: do_swap_page: id 7, table 0 || 2595: 2313 7fb9c01000
           <...>-973   [001] ...1  2628.615174: do_swap_page: id 7, table 0 || 2596: 973 7fbdb01000
           <...>-973   [001] ...1  2628.615186: do_swap_page: id 7, table 0 || 2597: 973 7fbdb02000
           <...>-2317  [002] ...1  2628.615194: do_swap_page: id 7, table 0 || 2598: 2313 7fb9c02000
           <...>-973   [001] ...1  2628.615204: do_swap_page: id 7, table 0 || 2599: 973 7f3c646000
           <...>-2317  [002] ...1  2628.615213: do_swap_page: id 7, table 0 || 2600: 2313 555557b000
           <...>-2317  [002] ...1  2628.615227: do_swap_page: id 7, table 0 || 2601: 2313 7fbcee5000
           <...>-2317  [002] ...1  2628.615247: do_swap_page: id 7, table 0 || 2602: 2313 7fbc634000
           <...>-2317  [002] ...1  2628.615260: do_swap_page: id 7, table 0 || 2603: 2313 7fbc609000
           <...>-2317  [002] ...1  2628.615274: do_swap_page: id 7, table 0 || 2604: 2313 7fbc60d000
           <...>-2317  [002] ...1  2628.615287: do_swap_page: id 7, table 0 || 2605: 2313 7fbc60a000
           <...>-2317  [002] ...1  2628.615303: do_swap_page: id 7, table 0 || 2606: 2313 7fbda20000
           <...>-2317  [002] ...1  2628.615319: do_swap_page: id 7, table 0 || 2607: 2313 7fbda1c000
           <...>-2317  [002] ...1  2628.615330: do_swap_page: id 7, table 0 || 2608: 2313 7fbda1d000
           <...>-973   [001] ...1  2628.615333: do_swap_page: id 7, table 0 || 2609: 973 7fbda10000
           <...>-2317  [002] ...1  2628.615343: do_swap_page: id 7, table 0 || 2610: 2313 7fbc72b000
           <...>-2317  [002] ...1  2628.615355: do_swap_page: id 7, table 0 || 2611: 2313 7fbc72d000
           <...>-973   [001] ...1  2628.615357: do_swap_page: id 7, table 0 || 2612: 973 7f3c623000
           <...>-973   [001] ...1  2628.615373: do_swap_page: id 7, table 0 || 2613: 973 7f3c609000
           <...>-2317  [002] ...1  2628.615383: do_swap_page: id 7, table 0 || 2614: 2313 7fbc730000
           <...>-973   [001] ...1  2628.615388: do_swap_page: id 7, table 0 || 2615: 973 7f3c639000
           <...>-973   [001] ...1  2628.615401: do_swap_page: id 7, table 0 || 2616: 973 7f3c60a000
           <...>-2317  [002] ...1  2628.615403: do_swap_page: id 7, table 0 || 2617: 2313 7fbc6ea000
           <...>-2317  [002] ...1  2628.615429: do_swap_page: id 7, table 0 || 2618: 2313 7fbc3e3000
           <...>-2317  [002] ...1  2628.615443: do_swap_page: id 7, table 0 || 2619: 2313 7fbc800000
           <...>-2317  [002] ...1  2628.615465: do_swap_page: id 7, table 0 || 2620: 2313 7ffffff000
           <...>-2317  [002] ...1  2628.615479: do_swap_page: id 7, table 0 || 2621: 2313 7fbde09000
           <...>-2317  [002] ...1  2628.615492: do_swap_page: id 7, table 0 || 2622: 2313 7fbdcc2000
           <...>-973   [001] ....  2628.615500: read_swap_cache_async: remote readpage 973 "imsdatadaemon" 7fbd082000 3919
           <...>-973   [001] ....  2628.615503: do_swap_page: prefetch fault 973 "imsdatadaemon" 7fbd082000 3919
           <...>-2317  [002] ...1  2628.615508: do_swap_page: id 7, table 0 || 2623: 2313 7fbc643000
           <...>-972   [001] ....  2628.615590: read_swap_cache_async: remote readpage 863 "pm-service" 7fbb806000 b92f
           <...>-972   [001] ....  2628.615593: do_swap_page: prefetch fault 863 "pm-service" 7fbb806000 b92f
           <...>-898   [001] ....  2628.615685: read_swap_cache_async: remote readpage 844 "pd-mapper" 7fbd543000 390c
           <...>-898   [001] ....  2628.615688: do_swap_page: prefetch fault 844 "pd-mapper" 7fbd543000 390c
           <...>-841   [001] ....  2628.615720: read_swap_cache_async: remote readpage 841 "rmt_storage" 7ffffff000 b90e
           <...>-841   [001] ....  2628.615723: do_swap_page: prefetch fault 841 "rmt_storage" 7ffffff000 b90e
           <...>-2378  [006] ....  2628.615949: read_swap_cache_async: remote readpage 1336 "backup-0" 7e9a905000 b932
           <...>-2378  [006] ....  2628.615951: do_swap_page: prefetch fault 1336 "backup-0" 7e9a905000 b932
           <...>-2541  [006] ...1  2628.616842: do_swap_page: id 7, table 0 || 2624: 2541 7f308b8000
           <...>-5111  [006] ...1  2628.616861: do_swap_page: id 7, table 0 || 2625: 2257 12e3b000
           <...>-5111  [006] ....  2628.616917: read_swap_cache_async: remote readpage 2257 "resolverService" 7f236f3000 7943
           <...>-5111  [006] ....  2628.616919: do_swap_page: prefetch fault 2257 "resolverService" 7f236f3000 7943
           <...>-2541  [006] ....  2628.616967: read_swap_cache_async: remote readpage 2541 "gle.android.gms" 7f28c75000 393b
           <...>-2541  [006] ....  2628.616968: do_swap_page: prefetch fault 2541 "gle.android.gms" 7f28c75000 393b
           <...>-973   [001] ...1  2628.617200: do_swap_page: id 7, table 0 || 2626: 973 7fbd082000
           <...>-973   [003] ....  2628.617240: read_swap_cache_async: remote readpage 973 "imsdatadaemon" 7fbd083000 b930
           <...>-973   [003] ....  2628.617244: do_swap_page: prefetch fault 973 "imsdatadaemon" 7fbd083000 b930
           <...>-823   [002] ....  2628.617353: read_swap_cache_async: remote readpage 823 "sensors@2.0-ser" 7fbcb31000 7914
           <...>-823   [002] ....  2628.617358: do_swap_page: prefetch fault 823 "sensors@2.0-ser" 7fbcb31000 7914
           <...>-972   [001] ...1  2628.618291: do_swap_page: id 7, table 0 || 2627: 863 7fbb806000
           <...>-972   [001] ....  2628.618389: read_swap_cache_async: remote readpage 863 "pm-service" 7fbb807000 390d
           <...>-972   [001] ....  2628.618393: do_swap_page: prefetch fault 863 "pm-service" 7fbb807000 390d
           <...>-898   [001] ...1  2628.618671: do_swap_page: id 7, table 0 || 2628: 844 7fbd543000
           <...>-841   [001] ...1  2628.618782: do_swap_page: id 7, table 0 || 2629: 841 7ffffff000
           <...>-841   [001] ....  2628.618862: read_swap_cache_async: remote readpage 841 "rmt_storage" 7fbe420000 b911
           <...>-841   [001] ....  2628.618865: do_swap_page: prefetch fault 841 "rmt_storage" 7fbe420000 b911
           <...>-898   [001] ....  2628.618873: read_swap_cache_async: remote readpage 844 "pd-mapper" 7fbd544000 b90f
           <...>-898   [001] ....  2628.618875: do_swap_page: prefetch fault 844 "pd-mapper" 7fbd544000 b90f
           <...>-2378  [005] ...1  2628.619223: do_swap_page: id 7, table 0 || 2630: 1336 7e9a905000
           <...>-5111  [006] ...1  2628.619253: do_swap_page: id 7, table 0 || 2631: 2257 7f236f3000
           <...>-5111  [006] ...1  2628.619277: do_swap_page: id 7, table 0 || 2632: 2257 7f236f4000
           <...>-2378  [005] ....  2628.619283: read_swap_cache_async: remote readpage 1336 "backup-0" 7e9a902000 391a
           <...>-2378  [005] ....  2628.619285: do_swap_page: prefetch fault 1336 "backup-0" 7e9a902000 391a
           <...>-5111  [006] ...1  2628.619288: do_swap_page: id 7, table 0 || 2633: 2257 7f288c7000
           <...>-5111  [006] ....  2628.619338: read_swap_cache_async: remote readpage 2257 "resolverService" 7ec56b5000 7944
           <...>-5111  [006] ....  2628.619339: do_swap_page: prefetch fault 2257 "resolverService" 7ec56b5000 7944
           <...>-2541  [005] ...1  2628.620529: do_swap_page: id 7, table 0 || 2634: 2541 7f28c75000
           <...>-2541  [005] ....  2628.620595: read_swap_cache_async: remote readpage 2541 "gle.android.gms" 7f20ca9000 393c
           <...>-2541  [005] ....  2628.620596: do_swap_page: prefetch fault 2541 "gle.android.gms" 7f20ca9000 393c
           <...>-973   [001] ...1  2628.620631: do_swap_page: id 7, table 0 || 2635: 973 7fbd083000
           <...>-823   [002] ...1  2628.620634: do_swap_page: id 7, table 0 || 2636: 823 7fbcb31000
           <...>-823   [002] ....  2628.620661: read_swap_cache_async: remote readpage 823 "sensors@2.0-ser" 7fbcb37000 7915
           <...>-823   [002] ....  2628.620664: do_swap_page: prefetch fault 823 "sensors@2.0-ser" 7fbcb37000 7915
           <...>-973   [002] ....  2628.620685: read_swap_cache_async: remote readpage 973 "imsdatadaemon" 7f3c601000 b931
           <...>-973   [002] ....  2628.620688: do_swap_page: prefetch fault 973 "imsdatadaemon" 7f3c601000 b931
           <...>-972   [001] ...1  2628.621125: do_swap_page: id 7, table 0 || 2637: 863 7fbb807000
           <...>-898   [001] ...1  2628.621258: do_swap_page: id 7, table 0 || 2638: 844 7fbd544000
           <...>-898   [001] ....  2628.621338: read_swap_cache_async: remote readpage 844 "pd-mapper" 7fbd6af000 b910
           <...>-898   [001] ....  2628.621341: do_swap_page: prefetch fault 844 "pd-mapper" 7fbd6af000 b910
           <...>-841   [001] ...1  2628.621353: do_swap_page: id 7, table 0 || 2639: 841 7fbe420000
           <...>-841   [001] ....  2628.621430: read_swap_cache_async: remote readpage 841 "rmt_storage" 555555f000 b913
           <...>-841   [001] ....  2628.621433: do_swap_page: prefetch fault 841 "rmt_storage" 555555f000 b913
           <...>-972   [001] ....  2628.621441: read_swap_cache_async: remote readpage 863 "pm-service" 7fbddfa000 7936
           <...>-972   [001] ....  2628.621444: do_swap_page: prefetch fault 863 "pm-service" 7fbddfa000 7936
           <...>-2378  [006] ...1  2628.623002: do_swap_page: id 7, table 0 || 2640: 1336 7e9a902000
           <...>-5111  [006] ...1  2628.623103: do_swap_page: id 7, table 0 || 2641: 2257 7ec56b5000
           <...>-2541  [005] ...1  2628.623121: do_swap_page: id 7, table 0 || 2642: 2541 7f20ca9000
           <...>-5111  [006] ....  2628.623126: read_swap_cache_async: remote readpage 2257 "resolverService" 7ec575e000 7945
           <...>-2541  [005] ....  2628.623145: read_swap_cache_async: remote readpage 2541 "gle.android.gms" 7ed3409000 393d
           <...>-2541  [005] ....  2628.623146: do_swap_page: prefetch fault 2541 "gle.android.gms" 7ed3409000 393d
           <...>-5111  [005] ....  2628.623156: do_swap_page: prefetch fault 2257 "resolverService" 7ec575e000 7945
           <...>-973   [002] ...1  2628.623157: do_swap_page: id 7, table 0 || 2643: 973 7f3c601000
           <...>-2378  [005] ....  2628.623166: read_swap_cache_async: remote readpage 1336 "backup-0" 7e9a903000 391b
           <...>-2378  [005] ....  2628.623168: do_swap_page: prefetch fault 1336 "backup-0" 7e9a903000 391b
           <...>-973   [002] ....  2628.623177: read_swap_cache_async: remote readpage 973 "imsdatadaemon" 7f3c600000 7937
           <...>-973   [002] ....  2628.623180: do_swap_page: prefetch fault 973 "imsdatadaemon" 7f3c600000 7937
           <...>-823   [001] ...1  2628.623197: do_swap_page: id 7, table 0 || 2644: 823 7fbcb37000
           <...>-898   [000] ...1  2628.623391: do_swap_page: id 7, table 0 || 2645: 844 7fbd6af000
           <...>-823   [001] ....  2628.623537: read_swap_cache_async: remote readpage 823 "sensors@2.0-ser" 7fbc805000 7919
           <...>-823   [001] ....  2628.623541: do_swap_page: prefetch fault 823 "sensors@2.0-ser" 7fbc805000 7919
           <...>-972   [001] ...1  2628.623554: do_swap_page: id 7, table 0 || 2646: 863 7fbddfa000
           <...>-972   [001] ....  2628.623572: read_swap_cache_async: remote readpage 863 "pm-service" 7fbd031000 390e
           <...>-972   [001] ....  2628.623575: do_swap_page: prefetch fault 863 "pm-service" 7fbd031000 390e
           <...>-898   [001] ....  2628.623595: read_swap_cache_async: remote readpage 844 "pd-mapper" 7fbb800000 b912
           <...>-898   [001] ....  2628.623597: do_swap_page: prefetch fault 844 "pd-mapper" 7fbb800000 b912
           <...>-2378  [006] ...1  2628.625673: do_swap_page: id 7, table 0 || 2647: 1336 7e9a903000
           <...>-841   [001] ...1  2628.625684: do_swap_page: id 7, table 0 || 2648: 841 555555f000
           <...>-5111  [006] ...1  2628.625753: do_swap_page: id 7, table 0 || 2649: 2257 7ec575e000
           <...>-841   [001] ....  2628.625768: read_swap_cache_async: remote readpage 841 "rmt_storage" 7fbdb67000 b915
           <...>-2541  [005] ...1  2628.625771: do_swap_page: id 7, table 0 || 2650: 2541 7ed3409000
           <...>-841   [001] ....  2628.625771: do_swap_page: prefetch fault 841 "rmt_storage" 7fbdb67000 b915
           <...>-5111  [006] ....  2628.625772: read_swap_cache_async: remote readpage 2257 "resolverService" 7f28a36000 7946
           <...>-5111  [006] .n..  2628.625773: do_swap_page: prefetch fault 2257 "resolverService" 7f28a36000 7946
           <...>-973   [002] ...1  2628.625797: do_swap_page: id 7, table 0 || 2651: 973 7f3c600000
           <...>-2541  [005] ...1  2628.625821: do_swap_page: id 7, table 0 || 2652: 2541 145ec000
           <...>-2378  [006] ....  2628.625828: read_swap_cache_async: remote readpage 1336 "backup-0" 7e9bf73000 391c
           <...>-2378  [006] ....  2628.625830: do_swap_page: prefetch fault 1336 "backup-0" 7e9bf73000 391c
           <...>-2541  [005] ....  2628.625846: read_swap_cache_async: remote readpage 2541 "gle.android.gms" 7eb1cfb000 393e
           <...>-2541  [005] ....  2628.625847: do_swap_page: prefetch fault 2541 "gle.android.gms" 7eb1cfb000 393e
