 ogle.android.gm-4739  [005] ...1  6021.440506: do_swap_page: id 7, table 0 || 3078: 4739 9f0f2000
           <...>-4808  [001] ...1  6021.440540: do_swap_page: id 7, table 0 || 3079: 4739 9ea52000
           <...>-4808  [001] ...1  6021.440572: do_swap_page: id 7, table 0 || 3080: 4739 7ecb848000
 ogle.android.gm-4739  [005] ...1  6021.440572: do_swap_page: id 7, table 0 || 3081: 4739 13e79000
 ogle.android.gm-4739  [005] ...1  6021.440591: do_swap_page: id 7, table 0 || 3082: 4739 9e7f3000
           <...>-4808  [001] ...1  6021.440596: do_swap_page: id 7, table 0 || 3083: 4739 7f2d62a000
 ogle.android.gm-4739  [005] ...1  6021.440607: do_swap_page: id 7, table 0 || 3084: 4739 13d83000
           <...>-4808  [001] ...1  6021.440615: do_swap_page: id 7, table 0 || 3085: 4739 7f2d624000
 ogle.android.gm-4739  [005] ...1  6021.440616: do_swap_page: id 7, table 0 || 3086: 4739 137c5000
 ogle.android.gm-4739  [005] ...1  6021.440622: do_swap_page: id 7, table 0 || 3087: 4739 1387c000
 ogle.android.gm-4739  [005] ...1  6021.440627: do_swap_page: id 7, table 0 || 3088: 4739 9e904000
 ogle.android.gm-4739  [005] ...1  6021.440634: do_swap_page: id 7, table 0 || 3090: 4739 9f038000
           <...>-4808  [001] ...1  6021.440634: do_swap_page: id 7, table 0 || 3089: 4739 7ecb849000
 ogle.android.gm-4739  [005] ...1  6021.440642: do_swap_page: id 7, table 0 || 3091: 4739 9e753000
 ogle.android.gm-4739  [005] ...1  6021.440650: do_swap_page: id 7, table 0 || 3092: 4739 9eb7f000
           <...>-4808  [001] ...1  6021.440657: do_swap_page: id 7, table 0 || 3093: 4739 7e972bf000
 ogle.android.gm-4739  [005] ...1  6021.440659: do_swap_page: id 7, table 0 || 3094: 4739 13a1b000
           <...>-4808  [001] ...1  6021.440677: do_swap_page: id 7, table 0 || 3095: 4739 7eb6a1f000
 ogle.android.gm-4739  [005] ...1  6021.440679: do_swap_page: id 7, table 0 || 3096: 4739 13bfb000
 ogle.android.gm-4739  [005] ...1  6021.440686: do_swap_page: id 7, table 0 || 3097: 4739 9f101000
 ogle.android.gm-4739  [005] ...1  6021.440694: do_swap_page: id 7, table 0 || 3098: 4739 9efa3000
           <...>-4808  [001] ...1  6021.440695: do_swap_page: id 7, table 0 || 3099: 4739 7eb6997000
 ogle.android.gm-4739  [005] ...1  6021.440709: do_swap_page: id 7, table 0 || 3100: 4739 9f325000
 ogle.android.gm-4739  [005] ...1  6021.440717: do_swap_page: id 7, table 0 || 3101: 4739 9ece7000
           <...>-4808  [001] ...1  6021.440723: do_swap_page: id 7, table 0 || 3102: 4739 7f2d5a2000
 ogle.android.gm-4739  [005] ...1  6021.440729: do_swap_page: id 7, table 0 || 3103: 4739 9f322000
 ogle.android.gm-4739  [005] ...1  6021.440749: do_swap_page: id 7, table 0 || 3104: 4739 9efa2000
 ogle.android.gm-4739  [005] ...1  6021.440758: do_swap_page: id 7, table 0 || 3105: 4739 9e805000
 gle.android.gms-2541  [001] ...1  6021.440785: do_swap_page: id 7, table 0 || 3106: 2541 7ebae55000
 ogle.android.gm-4739  [005] ...1  6021.440788: do_swap_page: id 7, table 0 || 3107: 4739 137b9000
           <...>-5413  [000] ...1  6021.440795: do_swap_page: id 7, table 0 || 3108: 1336 13a6d000
 gle.android.gms-2541  [001] ...1  6021.440808: do_swap_page: id 7, table 0 || 3109: 2541 7ed3417000
 gle.android.gms-2541  [001] ...1  6021.440826: do_swap_page: id 7, table 0 || 3110: 2541 7ed33bc000
 gle.android.gms-2541  [001] ...1  6021.440846: do_swap_page: id 7, table 0 || 3111: 2541 13a57000
 gle.android.gms-2541  [001] ...1  6021.440868: do_swap_page: id 7, table 0 || 3112: 2541 7f1f62f000
 gle.android.gms-2541  [001] ...1  6021.440890: do_swap_page: id 7, table 0 || 3113: 2541 13a55000
           <...>-4808  [006] ...1  6021.440898: do_swap_page: id 7, table 0 || 3114: 4739 72883000
 gle.android.gms-2541  [001] ...1  6021.440908: do_swap_page: id 7, table 0 || 3115: 2541 7f1f633000
 ogle.android.gm-4739  [005] ....  6021.440913: read_swap_cache_async: remote readpage 4739 "ogle.android.gm" 7e8d9ed000 bf9d1
 ogle.android.gm-4739  [005] ....  6021.440914: do_swap_page: prefetch fault 4739 "ogle.android.gm" 7e8d9ed000 bf9d1
           <...>-4808  [006] ...1  6021.440916: do_swap_page: id 7, table 0 || 3116: 4739 9e907000
 gle.android.gms-2541  [001] ...1  6021.440923: do_swap_page: id 7, table 0 || 3117: 2541 7f1f634000
           <...>-4808  [006] ...1  6021.440924: do_swap_page: id 7, table 0 || 3118: 4739 9f1c9000
           <...>-4808  [006] ...1  6021.440936: do_swap_page: id 7, table 0 || 3119: 4739 13ebc000
 gle.android.gms-2541  [001] ...1  6021.440943: do_swap_page: id 7, table 0 || 3120: 2541 7f28de4000
           <...>-4808  [006] ...1  6021.440949: do_swap_page: id 7, table 0 || 3121: 4739 9e8b6000
 gle.android.gms-2541  [001] ...1  6021.440961: do_swap_page: id 7, table 0 || 3122: 2541 7f1f630000
           <...>-5413  [000] ...1  6021.440973: do_swap_page: id 7, table 0 || 3123: 1336 141e6000
 gle.android.gms-2541  [001] ...1  6021.440978: do_swap_page: id 7, table 0 || 3124: 2541 13a56000
           <...>-4808  [006] ...1  6021.440987: do_swap_page: id 7, table 0 || 3125: 4739 9ea32000
           <...>-4808  [006] ...1  6021.440994: do_swap_page: id 7, table 0 || 3126: 4739 9f06d000
           <...>-4808  [006] ...1  6021.441002: do_swap_page: id 7, table 0 || 3127: 4739 9ed85000
           <...>-4808  [006] ...1  6021.441008: do_swap_page: id 7, table 0 || 3128: 4739 9f22b000
           <...>-4808  [006] ...1  6021.441014: do_swap_page: id 7, table 0 || 3129: 4739 9f1f0000
           <...>-4808  [006] ...1  6021.441027: do_swap_page: id 7, table 0 || 3130: 4739 9e934000
           <...>-4808  [006] ...1  6021.441035: do_swap_page: id 7, table 0 || 3131: 4739 9e95a000
           <...>-4808  [006] ...1  6021.441041: do_swap_page: id 7, table 0 || 3132: 4739 9f1de000
           <...>-5413  [000] ...1  6021.441045: do_swap_page: id 7, table 0 || 3133: 1336 13e38000
           <...>-4808  [006] ...1  6021.441047: do_swap_page: id 7, table 0 || 3134: 4739 9f049000
           <...>-4808  [006] ...1  6021.441085: do_swap_page: id 7, table 0 || 3135: 4739 9eb2e000
           <...>-4808  [006] ...1  6021.441094: do_swap_page: id 7, table 0 || 3136: 4739 9eecd000
 gle.android.gms-2541  [001] ...1  6021.441101: do_swap_page: id 7, table 0 || 3137: 2541 13a6d000
           <...>-4808  [006] ...1  6021.441110: do_swap_page: id 7, table 0 || 3138: 4739 13e04000
           <...>-4808  [006] ...1  6021.441125: do_swap_page: id 7, table 0 || 3139: 4739 9eab3000
           <...>-4808  [006] ...1  6021.441131: do_swap_page: id 7, table 0 || 3140: 4739 9e9b9000
 gle.android.gms-2541  [001] ...1  6021.441133: do_swap_page: id 7, table 0 || 3141: 2541 7f20ec8000
           <...>-4808  [006] ...1  6021.441135: do_swap_page: id 7, table 0 || 3142: 4739 9f100000
           <...>-4808  [006] ...1  6021.441142: do_swap_page: id 7, table 0 || 3143: 4739 9ee31000
           <...>-4808  [006] ...1  6021.441174: do_swap_page: id 7, table 0 || 3144: 4739 13f49000
 gle.android.gms-2541  [001] ...1  6021.441180: do_swap_page: id 7, table 0 || 3145: 2541 132f6000
 gle.android.gms-2541  [001] ...1  6021.441226: do_swap_page: id 7, table 0 || 3146: 2541 13255000
           <...>-4808  [006] ....  6021.441260: read_swap_cache_async: remote readpage 4739 "Lite Thread #4" 9eaab000 bf9d2
           <...>-4808  [006] ....  6021.441262: do_swap_page: prefetch fault 4739 "Lite Thread #4" 9eaab000 bf9d2
 gle.android.gms-2541  [001] ...1  6021.441600: do_swap_page: id 7, table 0 || 3147: 2541 7ec4838000
   Binder:2541_A-4900  [001] ...1  6021.441677: do_swap_page: id 7, table 0 || 3148: 2541 7f288c0000
   Binder:2541_A-4900  [001] ...1  6021.441702: do_swap_page: id 7, table 0 || 3149: 2541 7fbe1cb000
   Binder:2541_A-4900  [001] ...1  6021.441734: do_swap_page: id 7, table 0 || 3150: 2541 12c81000
   Binder:2541_A-4900  [001] ...1  6021.441754: do_swap_page: id 7, table 0 || 3151: 2541 140f9000
           <...>-1442  [002] ...1  6021.441819: do_swap_page: id 7, table 0 || 3152: 1336 7eb90db000
           <...>-2774  [000] ...1  6021.441912: do_swap_page: id 7, table 0 || 3153: 2541 132e6000
           <...>-2774  [000] ...1  6021.441959: do_swap_page: id 7, table 0 || 3154: 2541 140e6000
           <...>-2774  [000] ...1  6021.441995: do_swap_page: id 7, table 0 || 3155: 2541 7fbe1ca000
           <...>-2774  [000] ...1  6021.442024: do_swap_page: id 7, table 0 || 3156: 2541 7f2d47e000
           <...>-5413  [001] ...1  6021.442331: do_swap_page: id 7, table 0 || 3157: 1336 7fbe294000
           <...>-6817  [007] ...1  6021.442492: do_swap_page: id 7, table 0 || 3158: 4739 7e96c63000
 gle.android.gms-2541  [001] ...1  6021.442743: do_swap_page: id 7, table 0 || 3159: 2541 1445d000
 gle.android.gms-2541  [001] ...1  6021.442770: do_swap_page: id 7, table 0 || 3160: 2541 14115000
 gle.android.gms-2541  [001] ...1  6021.442793: do_swap_page: id 7, table 0 || 3161: 2541 141ba000
 gle.android.gms-2541  [001] ...1  6021.442834: do_swap_page: id 7, table 0 || 3162: 2541 7f28bfd000
 ogle.android.gm-4739  [005] ...1  6021.443021: do_swap_page: id 7, table 0 || 3163: 4739 7e8d9ed000
 ogle.android.gm-4739  [005] ....  6021.443069: read_swap_cache_async: remote readpage 4739 "ogle.android.gm" 9ec65000 bf9d3
 ogle.android.gm-4739  [005] ....  6021.443070: do_swap_page: prefetch fault 4739 "ogle.android.gm" 9ec65000 bf9d3
           <...>-4808  [006] ...1  6021.443210: do_swap_page: id 7, table 0 || 3164: 4739 9eaab000
           <...>-2774  [000] ...1  6021.443250: do_swap_page: id 7, table 0 || 3165: 2541 7f28bfe000
           <...>-2774  [000] ...1  6021.443276: do_swap_page: id 7, table 0 || 3166: 2541 14122000
           <...>-2774  [000] ...1  6021.443298: do_swap_page: id 7, table 0 || 3167: 2541 14401000
           <...>-2774  [000] ...1  6021.443336: do_swap_page: id 7, table 0 || 3168: 2541 7f28bff000
           <...>-2774  [000] ...1  6021.443357: do_swap_page: id 7, table 0 || 3169: 2541 14447000
           <...>-2774  [000] ...1  6021.443377: do_swap_page: id 7, table 0 || 3170: 2541 7f236f1000
           <...>-2774  [000] ...1  6021.443400: do_swap_page: id 7, table 0 || 3171: 2541 14113000
           <...>-2774  [000] ...1  6021.443419: do_swap_page: id 7, table 0 || 3172: 2541 136d9000
           <...>-2774  [000] ...1  6021.443439: do_swap_page: id 7, table 0 || 3173: 2541 7ed33cd000
           <...>-2774  [000] ...1  6021.443463: do_swap_page: id 7, table 0 || 3174: 2541 14407000
           <...>-2774  [000] ...1  6021.443483: do_swap_page: id 7, table 0 || 3175: 2541 140a9000
           <...>-2774  [000] ...1  6021.443509: do_swap_page: id 7, table 0 || 3176: 2541 7f28c00000
           <...>-2774  [000] ...1  6021.443535: do_swap_page: id 7, table 0 || 3177: 2541 7f20c90000
           <...>-2774  [000] ...1  6021.443577: do_swap_page: id 7, table 0 || 3178: 2541 136e5000
           <...>-2774  [000] ...1  6021.443608: do_swap_page: id 7, table 0 || 3179: 2541 7f28a22000
           <...>-2774  [000] ...1  6021.443647: do_swap_page: id 7, table 0 || 3180: 2541 7f28a4b000
           <...>-2774  [000] ...1  6021.443673: do_swap_page: id 7, table 0 || 3181: 2541 131fa000
           <...>-3177  [000] ...1  6021.443842: do_swap_page: id 7, table 0 || 3182: 2257 13246000
           <...>-3177  [000] ...1  6021.443926: do_swap_page: id 7, table 0 || 3183: 2257 12ed5000
           <...>-3177  [000] ...1  6021.444059: do_swap_page: id 7, table 0 || 3184: 2257 13ead000
           <...>-3177  [000] ...1  6021.444249: do_swap_page: id 7, table 0 || 3185: 2257 12ed6000
           <...>-3177  [000] ...1  6021.444311: do_swap_page: id 7, table 0 || 3186: 2257 7fbe239000
           <...>-3177  [000] ...1  6021.444567: do_swap_page: id 7, table 0 || 3187: 2257 7ed437e000
           <...>-3177  [000] ...1  6021.444644: do_swap_page: id 7, table 0 || 3188: 2257 7ed4409000
           <...>-2774  [000] ...1  6021.444802: do_swap_page: id 7, table 0 || 3189: 2541 7ec4846000
           <...>-2774  [000] ...1  6021.444837: do_swap_page: id 7, table 0 || 3190: 2541 13258000
 ogle.android.gm-4739  [005] ...1  6021.445033: do_swap_page: id 7, table 0 || 3191: 4739 9ec65000
 ogle.android.gm-4739  [005] ...1  6021.445049: do_swap_page: id 7, table 0 || 3192: 4739 7270d000
           <...>-2774  [000] ...1  6021.445050: do_swap_page: id 7, table 0 || 3193: 2541 7fbe291000
 ogle.android.gm-4739  [005] ...1  6021.445072: do_swap_page: id 7, table 0 || 3194: 4739 9edac000
           <...>-2774  [000] ...1  6021.445085: do_swap_page: id 7, table 0 || 3195: 2541 136d6000
 ogle.android.gm-4739  [005] ....  6021.445121: read_swap_cache_async: remote readpage 4739 "ogle.android.gm" 9eb4b000 bf9d4
 ogle.android.gm-4739  [005] ....  6021.445122: do_swap_page: prefetch fault 4739 "ogle.android.gm" 9eb4b000 bf9d4
           <...>-2774  [000] ...1  6021.445123: do_swap_page: id 7, table 0 || 3196: 2541 7f288bf000
           <...>-2774  [000] ...1  6021.445165: do_swap_page: id 7, table 0 || 3197: 2541 7f28c08000
           <...>-2774  [000] ...1  6021.445189: do_swap_page: id 7, table 0 || 3198: 2541 1398f000
           <...>-2774  [000] ...1  6021.445215: do_swap_page: id 7, table 0 || 3199: 2541 136e7000
           <...>-2774  [000] ...1  6021.445245: do_swap_page: id 7, table 0 || 3200: 2541 7f2dc4a000
           <...>-3177  [000] ...1  6021.445335: do_swap_page: id 7, table 0 || 3201: 2257 7eb37f1000
           <...>-2774  [000] ...1  6021.445416: do_swap_page: id 7, table 0 || 3202: 2541 13fd1000
           <...>-2774  [000] ...1  6021.445446: do_swap_page: id 7, table 0 || 3203: 2541 14457000
           <...>-2774  [000] ...1  6021.445470: do_swap_page: id 7, table 0 || 3204: 2541 14010000
           <...>-2774  [000] ...1  6021.445669: do_swap_page: id 7, table 0 || 3205: 2541 7ed33f4000
           <...>-2774  [000] ...1  6021.445691: do_swap_page: id 7, table 0 || 3206: 2541 1326d000
 ogle.android.gm-4739  [005] ...1  6021.447411: do_swap_page: id 7, table 0 || 3207: 4739 9eb4b000
           <...>-4780  [007] ...1  6021.447624: do_swap_page: id 7, table 0 || 3208: 4739 9f139000
 ogle.android.gm-4739  [005] ....  6021.447656: read_swap_cache_async: remote readpage 4739 "ogle.android.gm" 9f00f000 bf9d5
 ogle.android.gm-4739  [005] ....  6021.447658: do_swap_page: prefetch fault 4739 "ogle.android.gm" 9f00f000 bf9d5
           <...>-4780  [007] ....  6021.447698: read_swap_cache_async: remote readpage 4739 "BackgroundSingl" 9f176000 bf9d6
           <...>-4780  [007] ....  6021.447700: do_swap_page: prefetch fault 4739 "BackgroundSingl" 9f176000 bf9d6
 ogle.android.gm-4739  [005] ...1  6021.449973: do_swap_page: id 7, table 0 || 3209: 4739 9f00f000
 ogle.android.gm-4739  [005] ...1  6021.450000: do_swap_page: id 7, table 0 || 3210: 4739 13e26000
 ogle.android.gm-4739  [005] ...1  6021.450014: do_swap_page: id 7, table 0 || 3211: 4739 13a25000
 ogle.android.gm-4739  [005] ...1  6021.450022: do_swap_page: id 7, table 0 || 3212: 4739 13e27000
 ogle.android.gm-4739  [005] ....  6021.450087: read_swap_cache_async: remote readpage 4739 "ogle.android.gm" 9ea46000 bf9d7
 ogle.android.gm-4739  [005] ....  6021.450089: do_swap_page: prefetch fault 4739 "ogle.android.gm" 9ea46000 bf9d7
           <...>-4780  [007] ...1  6021.450110: do_swap_page: id 7, table 0 || 3213: 4739 9f176000
           <...>-4780  [007] ....  6021.450139: read_swap_cache_async: remote readpage 4739 "BackgroundSingl" 9f000000 bf9d8
           <...>-4780  [007] ....  6021.450140: do_swap_page: prefetch fault 4739 "BackgroundSingl" 9f000000 bf9d8
 ogle.android.gm-4739  [005] ...1  6021.452497: do_swap_page: id 7, table 0 || 3214: 4739 9ea46000
 ogle.android.gm-4739  [005] ....  6021.452524: read_swap_cache_async: remote readpage 4739 "ogle.android.gm" 9ed9f000 bf9d9
 ogle.android.gm-4739  [005] ....  6021.452525: do_swap_page: prefetch fault 4739 "ogle.android.gm" 9ed9f000 bf9d9
           <...>-4780  [007] ...1  6021.452640: do_swap_page: id 7, table 0 || 3215: 4739 9f000000
 ogle.android.gm-4739  [005] ...1  6021.454550: do_swap_page: id 7, table 0 || 3216: 4739 9ed9f000
 ogle.android.gm-4739  [005] ....  6021.454592: read_swap_cache_async: remote readpage 4739 "ogle.android.gm" 9eeed000 bf9da
 ogle.android.gm-4739  [005] ....  6021.454593: do_swap_page: prefetch fault 4739 "ogle.android.gm" 9eeed000 bf9da
 ogle.android.gm-4739  [005] ...1  6021.456538: do_swap_page: id 7, table 0 || 3217: 4739 9eeed000
 ogle.android.gm-4739  [005] ...1  6021.456564: do_swap_page: id 7, table 0 || 3218: 4739 139a5000
 ogle.android.gm-4739  [005] ....  6021.456612: read_swap_cache_async: remote readpage 4739 "ogle.android.gm" 9e881000 bf9db
 ogle.android.gm-4739  [005] ....  6021.456613: do_swap_page: prefetch fault 4739 "ogle.android.gm" 9e881000 bf9db
 ogle.android.gm-4739  [005] ...1  6021.458547: do_swap_page: id 7, table 0 || 3219: 4739 9e881000
 ogle.android.gm-4739  [005] ....  6021.458619: read_swap_cache_async: remote readpage 4739 "ogle.android.gm" 9eda6000 bf9dc
 ogle.android.gm-4739  [005] ....  6021.458621: do_swap_page: prefetch fault 4739 "ogle.android.gm" 9eda6000 bf9dc
 ogle.android.gm-4739  [005] ...1  6021.460690: do_swap_page: id 7, table 0 || 3220: 4739 9eda6000
           <...>-5413  [005] ...1  6021.460864: do_swap_page: id 7, table 0 || 3221: 1336 9ea0a000
           <...>-5413  [005] ...1  6021.460876: do_swap_page: id 7, table 0 || 3222: 1336 13dba000
           <...>-1671  [006] ...1  6021.460912: do_swap_page: id 7, table 0 || 3223: 1336 7e70fba000
           <...>-1671  [006] ....  6021.460968: read_swap_cache_async: remote readpage 1336 "SyncManager" 7e70fbb000 63972
           <...>-1671  [006] ....  6021.460969: do_swap_page: prefetch fault 1336 "SyncManager" 7e70fbb000 63972
 ogle.android.gm-4739  [005] ....  6021.461013: read_swap_cache_async: remote readpage 4739 "ogle.android.gm" 9f13f000 bf9dd
 ogle.android.gm-4739  [005] ....  6021.461015: do_swap_page: prefetch fault 4739 "ogle.android.gm" 9f13f000 bf9dd
           <...>-1671  [006] ...1  6021.463175: do_swap_page: id 7, table 0 || 3224: 1336 7e70fbb000
           <...>-1671  [006] ...1  6021.463191: do_swap_page: id 7, table 0 || 3225: 1336 7e868c9000
           <...>-1671  [006] ...1  6021.463207: do_swap_page: id 7, table 0 || 3226: 1336 7ed0d43000
           <...>-1671  [006] ....  6021.463252: read_swap_cache_async: remote readpage 1336 "SyncManager" 7e70fb8000 63973
           <...>-1671  [006] ....  6021.463253: do_swap_page: prefetch fault 1336 "SyncManager" 7e70fb8000 63973
 ogle.android.gm-4739  [005] ...1  6021.463301: do_swap_page: id 7, table 0 || 3227: 4739 9f13f000
 ogle.android.gm-4739  [005] ...1  6021.463350: do_swap_page: id 7, table 0 || 3228: 4739 137fa000
 ogle.android.gm-4739  [005] ....  6021.463400: read_swap_cache_async: remote readpage 4739 "ogle.android.gm" 9ea79000 bf9de
 ogle.android.gm-4739  [005] ....  6021.463401: do_swap_page: prefetch fault 4739 "ogle.android.gm" 9ea79000 bf9de
           <...>-1671  [006] ...1  6021.465547: do_swap_page: id 7, table 0 || 3229: 1336 7e70fb8000
           <...>-1671  [006] ...1  6021.465562: do_swap_page: id 7, table 0 || 3230: 1336 7f210bd000
           <...>-1671  [006] ...1  6021.465595: do_swap_page: id 7, table 0 || 3231: 1336 9ea1f000
           <...>-1671  [006] ....  6021.465644: read_swap_cache_async: remote readpage 1336 "SyncManager" 13ab2000 63974
           <...>-1671  [006] ....  6021.465645: do_swap_page: prefetch fault 1336 "SyncManager" 13ab2000 63974
 ogle.android.gm-4739  [005] ...1  6021.465696: do_swap_page: id 7, table 0 || 3232: 4739 9ea79000
 ogle.android.gm-4739  [005] ....  6021.465745: read_swap_cache_async: remote readpage 4739 "ogle.android.gm" 9ef6e000 bf9df
 ogle.android.gm-4739  [005] ....  6021.465747: do_swap_page: prefetch fault 4739 "ogle.android.gm" 9ef6e000 bf9df
           <...>-1671  [006] ...1  6021.467976: do_swap_page: id 7, table 0 || 3233: 1336 13ab2000
           <...>-1671  [006] ....  6021.468048: read_swap_cache_async: remote readpage 1336 "SyncManager" 7e70fb9000 bf9c4
           <...>-1671  [006] ....  6021.468049: do_swap_page: prefetch fault 1336 "SyncManager" 7e70fb9000 bf9c4
 ogle.android.gm-4739  [007] ...1  6021.468050: do_swap_page: id 7, table 0 || 3234: 4739 9ef6e000
 ogle.android.gm-4739  [007] ...1  6021.468070: do_swap_page: id 7, table 0 || 3235: 4739 13a03000
 ogle.android.gm-4739  [007] ....  6021.468162: read_swap_cache_async: remote readpage 4739 "ogle.android.gm" 9edf8000 bf9e0
 ogle.android.gm-4739  [007] ....  6021.468163: do_swap_page: prefetch fault 4739 "ogle.android.gm" 9edf8000 bf9e0
           <...>-1671  [006] ...1  6021.470794: do_swap_page: id 7, table 0 || 3236: 1336 7e70fb9000
           <...>-1671  [006] ....  6021.470859: read_swap_cache_async: remote readpage 1336 "SyncManager" 7eb423e000 bf9c5
           <...>-1671  [006] ....  6021.470861: do_swap_page: prefetch fault 1336 "SyncManager" 7eb423e000 bf9c5
 ogle.android.gm-4739  [007] ...1  6021.470985: do_swap_page: id 7, table 0 || 3237: 4739 9edf8000
 ogle.android.gm-4739  [007] ....  6021.471038: read_swap_cache_async: remote readpage 4739 "ogle.android.gm" 9ede4000 bf9e1
 ogle.android.gm-4739  [007] ....  6021.471039: do_swap_page: prefetch fault 4739 "ogle.android.gm" 9ede4000 bf9e1
           <...>-1671  [006] ...1  6021.472878: do_swap_page: id 7, table 0 || 3238: 1336 7eb423e000
           <...>-1671  [006] ...1  6021.473012: do_swap_page: id 7, table 0 || 3239: 1336 13893000
           <...>-1671  [006] ....  6021.473059: read_swap_cache_async: remote readpage 1336 "SyncManager" 1524c000 bf9c6
           <...>-1671  [006] ....  6021.473060: do_swap_page: prefetch fault 1336 "SyncManager" 1524c000 bf9c6
 ogle.android.gm-4739  [007] ...1  6021.473192: do_swap_page: id 7, table 0 || 3240: 4739 9ede4000
 ogle.android.gm-4739  [007] ...1  6021.473209: do_swap_page: id 7, table 0 || 3241: 4739 13a29000
 ogle.android.gm-4739  [007] ...1  6021.473217: do_swap_page: id 7, table 0 || 3242: 4739 1399a000
 ogle.android.gm-4739  [007] ...1  6021.473228: do_swap_page: id 7, table 0 || 3243: 4739 13e9a000
 ogle.android.gm-4739  [007] ....  6021.473347: read_swap_cache_async: remote readpage 4739 "ogle.android.gm" 9f041000 bf9e2
 ogle.android.gm-4739  [007] ....  6021.473348: do_swap_page: prefetch fault 4739 "ogle.android.gm" 9f041000 bf9e2
           <...>-1671  [006] ...1  6021.474949: do_swap_page: id 7, table 0 || 3244: 1336 1524c000
           <...>-1671  [006] ....  6021.474999: read_swap_cache_async: remote readpage 1336 "SyncManager" 7e86a45000 c3904
           <...>-1671  [006] ....  6021.475000: do_swap_page: prefetch fault 1336 "SyncManager" 7e86a45000 c3904
 ogle.android.gm-4739  [007] ...1  6021.475131: do_swap_page: id 7, table 0 || 3245: 4739 9f041000
 ogle.android.gm-4739  [007] ....  6021.475157: read_swap_cache_async: remote readpage 4739 "ogle.android.gm" 9e913000 63988
 ogle.android.gm-4739  [007] ....  6021.475158: do_swap_page: prefetch fault 4739 "ogle.android.gm" 9e913000 63988
           <...>-1671  [006] ...1  6021.476839: do_swap_page: id 7, table 0 || 3246: 1336 7e86a45000
           <...>-1671  [006] ....  6021.476876: read_swap_cache_async: remote readpage 1336 "SyncManager" 7e86a46000 c390a
           <...>-1671  [006] ....  6021.476877: do_swap_page: prefetch fault 1336 "SyncManager" 7e86a46000 c390a
 ogle.android.gm-4739  [007] ...1  6021.477031: do_swap_page: id 7, table 0 || 3247: 4739 9e913000
 ogle.android.gm-4739  [007] ...1  6021.477046: do_swap_page: id 7, table 0 || 3248: 4739 1387f000
 ogle.android.gm-4739  [007] ....  6021.477084: read_swap_cache_async: remote readpage 4739 "ogle.android.gm" 9e757000 63989
 ogle.android.gm-4739  [007] ....  6021.477085: do_swap_page: prefetch fault 4739 "ogle.android.gm" 9e757000 63989
           <...>-1671  [006] ...1  6021.478692: do_swap_page: id 7, table 0 || 3249: 1336 7e86a46000
           <...>-1671  [006] ...1  6021.478711: do_swap_page: id 7, table 0 || 3250: 1336 7ed0d99000
           <...>-1671  [006] ....  6021.478746: read_swap_cache_async: remote readpage 1336 "SyncManager" 7e9c09d000 c390b
           <...>-1671  [006] ....  6021.478747: do_swap_page: prefetch fault 1336 "SyncManager" 7e9c09d000 c390b
 ogle.android.gm-4739  [007] ...1  6021.478906: do_swap_page: id 7, table 0 || 3251: 4739 9e757000
 ogle.android.gm-4739  [007] ....  6021.478973: read_swap_cache_async: remote readpage 4739 "ogle.android.gm" 9e8d4000 6398a
 ogle.android.gm-4739  [007] ....  6021.478975: do_swap_page: prefetch fault 4739 "ogle.android.gm" 9e8d4000 6398a
           <...>-1671  [006] ...1  6021.480664: do_swap_page: id 7, table 0 || 3252: 1336 7e9c09d000
           <...>-1671  [006] ....  6021.480716: read_swap_cache_async: remote readpage 1336 "SyncManager" 7e9c09e000 c390c
           <...>-1671  [006] ....  6021.480717: do_swap_page: prefetch fault 1336 "SyncManager" 7e9c09e000 c390c
 ogle.android.gm-4739  [007] ...1  6021.480856: do_swap_page: id 7, table 0 || 3253: 4739 9e8d4000
 ogle.android.gm-4739  [007] ....  6021.480899: read_swap_cache_async: remote readpage 4739 "ogle.android.gm" 9f1a5000 6398b
 ogle.android.gm-4739  [007] ....  6021.480900: do_swap_page: prefetch fault 4739 "ogle.android.gm" 9f1a5000 6398b
           <...>-1671  [006] ...1  6021.482674: do_swap_page: id 7, table 0 || 3254: 1336 7e9c09e000
 ogle.android.gm-4739  [007] ...1  6021.482817: do_swap_page: id 7, table 0 || 3255: 4739 9f1a5000
 ogle.android.gm-4739  [007] ...1  6021.482866: do_swap_page: id 7, table 0 || 3256: 4739 137bd000
 ogle.android.gm-4739  [007] ....  6021.482909: read_swap_cache_async: remote readpage 4739 "ogle.android.gm" 7ea0ffe000 6398c
 ogle.android.gm-4739  [007] ....  6021.482911: do_swap_page: prefetch fault 4739 "ogle.android.gm" 7ea0ffe000 6398c
           <...>-1671  [006] ....  6021.482927: read_swap_cache_async: remote readpage 1336 "SyncManager" 7f20d61000 c390e
           <...>-1671  [006] ....  6021.482929: do_swap_page: prefetch fault 1336 "SyncManager" 7f20d61000 c390e
           <...>-1671  [006] ...1  6021.484744: do_swap_page: id 7, table 0 || 3257: 1336 7f20d61000
           <...>-1671  [006] ....  6021.484783: read_swap_cache_async: remote readpage 1336 "SyncManager" 135fb000 c390f
           <...>-1671  [006] ....  6021.484784: do_swap_page: prefetch fault 1336 "SyncManager" 135fb000 c390f
 ogle.android.gm-4739  [007] ...1  6021.484791: do_swap_page: id 7, table 0 || 3258: 4739 7ea0ffe000
 ogle.android.gm-4739  [007] ....  6021.484823: read_swap_cache_async: remote readpage 4739 "ogle.android.gm" 7fbe23d000 bf9e3
 ogle.android.gm-4739  [007] ....  6021.484824: do_swap_page: prefetch fault 4739 "ogle.android.gm" 7fbe23d000 bf9e3
           <...>-1671  [006] ...1  6021.486570: do_swap_page: id 7, table 0 || 3259: 1336 135fb000
           <...>-1671  [006] ....  6021.486622: read_swap_cache_async: remote readpage 1336 "SyncManager" 135fc000 c3910
           <...>-1671  [006] ....  6021.486623: do_swap_page: prefetch fault 1336 "SyncManager" 135fc000 c3910
 ogle.android.gm-4739  [007] ...1  6021.486712: do_swap_page: id 7, table 0 || 3260: 4739 7fbe23d000
 ogle.android.gm-4739  [007] ....  6021.486816: read_swap_cache_async: remote readpage 4739 "ogle.android.gm" 9f021000 bf9e4
 ogle.android.gm-4739  [007] ....  6021.486817: do_swap_page: prefetch fault 4739 "ogle.android.gm" 9f021000 bf9e4
           <...>-1671  [006] ...1  6021.490950: do_swap_page: id 7, table 0 || 3261: 1336 135fc000
           <...>-1671  [006] ....  6021.490974: read_swap_cache_async: remote readpage 1336 "SyncManager" 135f6000 c3911
           <...>-1671  [006] .n..  6021.490975: do_swap_page: prefetch fault 1336 "SyncManager" 135f6000 c3911
 ogle.android.gm-4739  [007] ...1  6021.491018: do_swap_page: id 7, table 0 || 3262: 4739 9f021000
 ogle.android.gm-4739  [007] ....  6021.491122: read_swap_cache_async: remote readpage 4739 "ogle.android.gm" 9e752000 6398d
 ogle.android.gm-4739  [007] ....  6021.491124: do_swap_page: prefetch fault 4739 "ogle.android.gm" 9e752000 6398d
           <...>-2032  [000] ....  6021.491690: read_swap_cache_async: remote readpage 1997 "Binder:1997_1" 13cf9000 bf9cf
           <...>-2032  [000] ....  6021.491695: do_swap_page: prefetch fault 1997 "Binder:1997_1" 13cf9000 bf9cf
           <...>-1671  [006] ...1  6021.493092: do_swap_page: id 7, table 0 || 3263: 1336 135f6000
 ogle.android.gm-4739  [007] ...1  6021.493238: do_swap_page: id 7, table 0 || 3264: 4739 9e752000
 ogle.android.gm-4739  [007] ....  6021.493272: read_swap_cache_async: remote readpage 4739 "ogle.android.gm" 9ef47000 6398e
 ogle.android.gm-4739  [007] ....  6021.493273: do_swap_page: prefetch fault 4739 "ogle.android.gm" 9ef47000 6398e
           <...>-2032  [006] ...1  6021.493445: do_swap_page: id 7, table 0 || 3265: 1997 13cf9000
           <...>-2032  [006] ...1  6021.493852: do_swap_page: id 7, table 0 || 3266: 1997 9e8ca000
           <...>-2032  [006] ...1  6021.493865: do_swap_page: id 7, table 0 || 3267: 1997 9e7d4000
           <...>-2032  [006] ....  6021.493918: read_swap_cache_async: remote readpage 1997 "Binder:1997_1" 9e7d2000 c3925
           <...>-2032  [006] ....  6021.493920: do_swap_page: prefetch fault 1997 "Binder:1997_1" 9e7d2000 c3925
 ogle.android.gm-4739  [007] ...1  6021.495299: do_swap_page: id 7, table 0 || 3268: 4739 9ef47000
 ogle.android.gm-4739  [007] ....  6021.495328: read_swap_cache_async: remote readpage 4739 "ogle.android.gm" 9e83b000 6398f
 ogle.android.gm-4739  [007] ....  6021.495329: do_swap_page: prefetch fault 4739 "ogle.android.gm" 9e83b000 6398f
           <...>-2032  [005] ...1  6021.495728: do_swap_page: id 7, table 0 || 3269: 1997 9e7d2000
           <...>-2032  [005] ...1  6021.495760: do_swap_page: id 7, table 0 || 3270: 1997 7f28a89000
           <...>-2032  [005] ...1  6021.495774: do_swap_page: id 7, table 0 || 3271: 1997 9e7d5000
           <...>-2032  [005] ...1  6021.495798: do_swap_page: id 7, table 0 || 3272: 1997 7271f000
  UiThreadHelper-2054  [005] ....  6021.495888: read_swap_cache_async: remote readpage 1997 "UiThreadHelper" 7f28aac000 c3926
  UiThreadHelper-2054  [005] ....  6021.495890: do_swap_page: prefetch fault 1997 "UiThreadHelper" 7f28aac000 c3926
 ogle.android.gm-4739  [007] ...1  6021.497285: do_swap_page: id 7, table 0 || 3273: 4739 9e83b000
 ogle.android.gm-4739  [007] ...1  6021.497300: do_swap_page: id 7, table 0 || 3274: 4739 13e63000
 ogle.android.gm-4739  [007] ...1  6021.497314: do_swap_page: id 7, table 0 || 3275: 4739 13993000
 ogle.android.gm-4739  [007] ...1  6021.497349: do_swap_page: id 7, table 0 || 3276: 4739 13a30000
 ogle.android.gm-4739  [007] ....  6021.497444: read_swap_cache_async: remote readpage 4739 "ogle.android.gm" 9e7f7000 63990
 ogle.android.gm-4739  [007] ....  6021.497446: do_swap_page: prefetch fault 4739 "ogle.android.gm" 9e7f7000 63990
  UiThreadHelper-2054  [005] ...1  6021.497452: do_swap_page: id 7, table 0 || 3277: 1997 7f28aac000
           <...>-5413  [005] ....  6021.497651: read_swap_cache_async: remote readpage 1336 "Binder:1336_12" 13751000 c3906
           <...>-5413  [005] ....  6021.497653: do_swap_page: prefetch fault 1336 "Binder:1336_12" 13751000 c3906
 ogle.android.gm-4739  [007] ...1  6021.499535: do_swap_page: id 7, table 0 || 3278: 4739 9e7f7000
 ogle.android.gm-4739  [007] ...1  6021.499554: do_swap_page: id 7, table 0 || 3279: 4739 13e7a000
 ogle.android.gm-4739  [007] ...1  6021.499571: do_swap_page: id 7, table 0 || 3280: 4739 13994000
 ogle.android.gm-4739  [007] ....  6021.499658: read_swap_cache_async: remote readpage 4739 "ogle.android.gm" 9e812000 63991
 ogle.android.gm-4739  [007] ....  6021.499659: do_swap_page: prefetch fault 4739 "ogle.android.gm" 9e812000 63991
           <...>-5413  [005] ...1  6021.499669: do_swap_page: id 7, table 0 || 3281: 1336 13751000
           <...>-5413  [005] ....  6021.499725: read_swap_cache_async: remote readpage 1336 "Binder:1336_12" 13750000 c3907
           <...>-5413  [005] ....  6021.499726: do_swap_page: prefetch fault 1336 "Binder:1336_12" 13750000 c3907
 ogle.android.gm-4739  [007] ...1  6021.501539: do_swap_page: id 7, table 0 || 3282: 4739 9e812000
 ogle.android.gm-4739  [007] ....  6021.501570: read_swap_cache_async: remote readpage 4739 "ogle.android.gm" 9efa5000 63992
 ogle.android.gm-4739  [007] ....  6021.501571: do_swap_page: prefetch fault 4739 "ogle.android.gm" 9efa5000 63992
           <...>-5413  [005] ...1  6021.501677: do_swap_page: id 7, table 0 || 3283: 1336 13750000
           <...>-5413  [005] ....  6021.501712: read_swap_cache_async: remote readpage 1336 "Binder:1336_12" 1374f000 c3908
           <...>-5413  [005] ....  6021.501713: do_swap_page: prefetch fault 1336 "Binder:1336_12" 1374f000 c3908
 ogle.android.gm-4739  [007] ...1  6021.503363: do_swap_page: id 7, table 0 || 3284: 4739 9efa5000
 ogle.android.gm-4739  [007] ....  6021.503391: read_swap_cache_async: remote readpage 4739 "ogle.android.gm" 9e83a000 63993
 ogle.android.gm-4739  [007] ....  6021.503392: do_swap_page: prefetch fault 4739 "ogle.android.gm" 9e83a000 63993
           <...>-5413  [005] ...1  6021.503515: do_swap_page: id 7, table 0 || 3285: 1336 1374f000
           <...>-5413  [005] ...1  6021.503566: do_swap_page: id 7, table 0 || 3286: 1336 7e86911000
           <...>-5413  [005] ....  6021.503647: read_swap_cache_async: remote readpage 1336 "Binder:1336_12" 1374c000 c3909
           <...>-5413  [005] ....  6021.503649: do_swap_page: prefetch fault 1336 "Binder:1336_12" 1374c000 c3909
 ogle.android.gm-4739  [007] ...1  6021.505741: do_swap_page: id 7, table 0 || 3287: 4739 9e83a000
 ogle.android.gm-4739  [007] ...1  6021.505778: do_swap_page: id 7, table 0 || 3288: 4739 137d2000
 ogle.android.gm-4739  [007] ...1  6021.505786: do_swap_page: id 7, table 0 || 3289: 4739 13e5b000
 ogle.android.gm-4739  [007] ....  6021.505834: read_swap_cache_async: remote readpage 4739 "ogle.android.gm" 9efc3000 c3927
 ogle.android.gm-4739  [007] ....  6021.505835: do_swap_page: prefetch fault 4739 "ogle.android.gm" 9efc3000 c3927
           <...>-5413  [005] ...1  6021.505870: do_swap_page: id 7, table 0 || 3290: 1336 1374c000
           <...>-5413  [005] ...1  6021.505895: do_swap_page: id 7, table 0 || 3291: 1336 7eb9098000
  UiThreadHelper-2054  [005] ....  6021.506126: read_swap_cache_async: remote readpage 1997 "UiThreadHelper" 9e8d1000 c7908
  UiThreadHelper-2054  [005] ....  6021.506128: do_swap_page: prefetch fault 1997 "UiThreadHelper" 9e8d1000 c7908
 ogle.android.gm-4739  [007] ...1  6021.507609: do_swap_page: id 7, table 0 || 3292: 4739 9efc3000
 ogle.android.gm-4739  [007] ....  6021.507644: read_swap_cache_async: remote readpage 4739 "ogle.android.gm" 9e73a000 c3928
 ogle.android.gm-4739  [007] ....  6021.507645: do_swap_page: prefetch fault 4739 "ogle.android.gm" 9e73a000 c3928
  UiThreadHelper-2054  [005] ...1  6021.507812: do_swap_page: id 7, table 0 || 3293: 1997 9e8d1000
  UiThreadHelper-2054  [005] ....  6021.507865: read_swap_cache_async: remote readpage 1997 "UiThreadHelper" 7f350d3000 c7909
  UiThreadHelper-2054  [005] ....  6021.507867: do_swap_page: prefetch fault 1997 "UiThreadHelper" 7f350d3000 c7909
 ogle.android.gm-4739  [007] ...1  6021.509556: do_swap_page: id 7, table 0 || 3294: 4739 9e73a000
 ogle.android.gm-4739  [007] ....  6021.509587: read_swap_cache_async: remote readpage 4739 "ogle.android.gm" 9ef3a000 c3929
 ogle.android.gm-4739  [007] ....  6021.509588: do_swap_page: prefetch fault 4739 "ogle.android.gm" 9ef3a000 c3929
  UiThreadHelper-2054  [005] ...1  6021.509753: do_swap_page: id 7, table 0 || 3295: 1997 7f350d3000
           <...>-1997  [005] ....  6021.509869: read_swap_cache_async: remote readpage 1997 "droid.launcher3" 9e7d6000 c790b
           <...>-1997  [005] ....  6021.509871: do_swap_page: prefetch fault 1997 "droid.launcher3" 9e7d6000 c790b
 ogle.android.gm-4739  [007] ...1  6021.511535: do_swap_page: id 7, table 0 || 3296: 4739 9ef3a000
 ogle.android.gm-4739  [007] ...1  6021.511554: do_swap_page: id 7, table 0 || 3297: 4739 13dd7000
 ogle.android.gm-4739  [007] ....  6021.511584: read_swap_cache_async: remote readpage 4739 "ogle.android.gm" 9e73b000 c392c
 ogle.android.gm-4739  [007] ....  6021.511585: do_swap_page: prefetch fault 4739 "ogle.android.gm" 9e73b000 c392c
           <...>-1997  [005] ...1  6021.511725: do_swap_page: id 7, table 0 || 3298: 1997 9e7d6000
           <...>-1997  [005] ....  6021.511767: read_swap_cache_async: remote readpage 1997 "droid.launcher3" 9e79a000 c790c
           <...>-1997  [005] ....  6021.511768: do_swap_page: prefetch fault 1997 "droid.launcher3" 9e79a000 c790c
 ogle.android.gm-4739  [007] ...1  6021.513501: do_swap_page: id 7, table 0 || 3299: 4739 9e73b000
 ogle.android.gm-4739  [007] ...1  6021.513527: do_swap_page: id 7, table 0 || 3300: 4739 9f31d000
 ogle.android.gm-4739  [007] ...1  6021.513543: do_swap_page: id 7, table 0 || 3301: 4739 13ed0000
 ogle.android.gm-4739  [007] ....  6021.513617: read_swap_cache_async: remote readpage 4739 "ogle.android.gm" 9ed74000 c392d
 ogle.android.gm-4739  [007] ....  6021.513618: do_swap_page: prefetch fault 4739 "ogle.android.gm" 9ed74000 c392d
           <...>-1997  [005] ...1  6021.513649: do_swap_page: id 7, table 0 || 3302: 1997 9e79a000
           <...>-1997  [005] ....  6021.513704: read_swap_cache_async: remote readpage 1997 "droid.launcher3" 9e7b2000 c790d
           <...>-1997  [005] ....  6021.513705: do_swap_page: prefetch fault 1997 "droid.launcher3" 9e7b2000 c790d
 ogle.android.gm-4739  [007] ...1  6021.516212: do_swap_page: id 7, table 0 || 3303: 4739 9ed74000
 ogle.android.gm-4739  [007] ....  6021.516263: read_swap_cache_async: remote readpage 4739 "ogle.android.gm" 9ea00000 c392e
 ogle.android.gm-4739  [007] ....  6021.516264: do_swap_page: prefetch fault 4739 "ogle.android.gm" 9ea00000 c392e
           <...>-1997  [005] ...1  6021.516299: do_swap_page: id 7, table 0 || 3304: 1997 9e7b2000
 ogle.android.gm-4739  [007] ...1  6021.517865: do_swap_page: id 7, table 0 || 3305: 4739 9ea00000
 ogle.android.gm-4739  [007] ....  6021.517889: read_swap_cache_async: remote readpage 4739 "ogle.android.gm" 9ea2f000 c392f
 ogle.android.gm-4739  [007] ....  6021.517890: do_swap_page: prefetch fault 4739 "ogle.android.gm" 9ea2f000 c392f
 ogle.android.gm-4739  [007] ...1  6021.519639: do_swap_page: id 7, table 0 || 3306: 4739 9ea2f000
 ogle.android.gm-4739  [007] ....  6021.519674: read_swap_cache_async: remote readpage 4739 "ogle.android.gm" 9f07d000 c3930
 ogle.android.gm-4739  [007] ....  6021.519675: do_swap_page: prefetch fault 4739 "ogle.android.gm" 9f07d000 c3930
           <...>-4767  [007] ....  6021.519741: read_swap_cache_async: remote readpage 4739 "queued-work-loo" 7f28df9000 c392a
           <...>-4767  [007] ....  6021.519742: do_swap_page: prefetch fault 4739 "queued-work-loo" 7f28df9000 c392a
 ogle.android.gm-4739  [007] ...1  6021.521644: do_swap_page: id 7, table 0 || 3307: 4739 9f07d000
 ogle.android.gm-4739  [007] ....  6021.521679: read_swap_cache_async: remote readpage 4739 "ogle.android.gm" 9e86e000 c3931
 ogle.android.gm-4739  [007] ....  6021.521680: do_swap_page: prefetch fault 4739 "ogle.android.gm" 9e86e000 c3931
           <...>-4767  [007] ...1  6021.521800: do_swap_page: id 7, table 0 || 3308: 4739 7f28df9000
           <...>-4767  [007] ....  6021.521814: read_swap_cache_async: remote readpage 4739 "queued-work-loo" 7f3156d000 c392b
           <...>-4767  [007] ....  6021.521814: do_swap_page: prefetch fault 4739 "queued-work-loo" 7f3156d000 c392b
 ogle.android.gm-4739  [007] ...1  6021.523572: do_swap_page: id 7, table 0 || 3309: 4739 9e86e000
 ogle.android.gm-4739  [007] ...1  6021.523606: do_swap_page: id 7, table 0 || 3310: 4739 137ce000
           <...>-4767  [007] ...1  6021.523718: do_swap_page: id 7, table 0 || 3311: 4739 7f3156d000
           <...>-4767  [007] ...1  6021.523778: do_swap_page: id 7, table 0 || 3312: 4739 7f28a25000
           <...>-4767  [007] ...1  6021.523784: do_swap_page: id 7, table 0 || 3313: 4739 7f28a26000
 ogle.android.gm-4739  [007] ...1  6021.523975: do_swap_page: id 7, table 0 || 3314: 4739 1398d000
 ogle.android.gm-4739  [007] ....  6021.524104: read_swap_cache_async: remote readpage 4739 "ogle.android.gm" 9ee3a000 c3932
 ogle.android.gm-4739  [007] ....  6021.524105: do_swap_page: prefetch fault 4739 "ogle.android.gm" 9ee3a000 c3932
     logd.writer-570   [001] ...1  6021.525166: do_swap_page: id 7, table 0 || 3315: 558 7fbd8ea000
     logd.writer-570   [001] ...1  6021.525197: do_swap_page: id 7, table 0 || 3316: 558 7fbd8f3000
 ogle.android.gm-4739  [007] ...1  6021.526325: do_swap_page: id 7, table 0 || 3317: 4739 9ee3a000
 ogle.android.gm-4739  [007] ....  6021.526370: read_swap_cache_async: remote readpage 4739 "ogle.android.gm" 9eee9000 c3933
 ogle.android.gm-4739  [007] ....  6021.526371: do_swap_page: prefetch fault 4739 "ogle.android.gm" 9eee9000 c3933
 ogle.android.gm-4739  [007] ...1  6021.531196: do_swap_page: id 7, table 0 || 3318: 4739 9eee9000
 ogle.android.gm-4739  [007] ....  6021.531311: read_swap_cache_async: remote readpage 4739 "ogle.android.gm" 9eeb4000 c3934
 ogle.android.gm-4739  [007] ....  6021.531312: do_swap_page: prefetch fault 4739 "ogle.android.gm" 9eeb4000 c3934
 ogle.android.gm-4739  [007] ...1  6021.533027: do_swap_page: id 7, table 0 || 3319: 4739 9eeb4000
 ogle.android.gm-4739  [007] ....  6021.533065: read_swap_cache_async: remote readpage 4739 "ogle.android.gm" 9f319000 c3935
 ogle.android.gm-4739  [007] ....  6021.533066: do_swap_page: prefetch fault 4739 "ogle.android.gm" 9f319000 c3935
 ogle.android.gm-4739  [007] ...1  6021.534871: do_swap_page: id 7, table 0 || 3320: 4739 9f319000
 ogle.android.gm-4739  [007] ....  6021.534892: read_swap_cache_async: remote readpage 4739 "ogle.android.gm" 9ed25000 c3936
 ogle.android.gm-4739  [007] ....  6021.534893: do_swap_page: prefetch fault 4739 "ogle.android.gm" 9ed25000 c3936
 ogle.android.gm-4739  [007] ...1  6021.537336: do_swap_page: id 7, table 0 || 3321: 4739 9ed25000
 ogle.android.gm-4739  [007] ...1  6021.537384: do_swap_page: id 7, table 0 || 3322: 4739 9f324000
 ogle.android.gm-4739  [007] ....  6021.537420: read_swap_cache_async: remote readpage 4739 "ogle.android.gm" 9ed22000 c3937
 ogle.android.gm-4739  [007] ....  6021.537421: do_swap_page: prefetch fault 4739 "ogle.android.gm" 9ed22000 c3937
        Primes-2-5801  [007] ...1  6021.537447: do_swap_page: id 7, table 0 || 3323: 4739 9f183000
        Primes-2-5801  [007] ....  6021.537483: read_swap_cache_async: remote readpage 4739 "Primes-2" 7fbbc3c000 c3938
        Primes-2-5801  [007] ....  6021.537484: do_swap_page: prefetch fault 4739 "Primes-2" 7fbbc3c000 c3938
 ogle.android.gm-4739  [007] ...1  6021.539457: do_swap_page: id 7, table 0 || 3324: 4739 9ed22000
 ogle.android.gm-4739  [007] ....  6021.539492: read_swap_cache_async: remote readpage 4739 "ogle.android.gm" 9ecec000 c3939
 ogle.android.gm-4739  [007] ....  6021.539493: do_swap_page: prefetch fault 4739 "ogle.android.gm" 9ecec000 c3939
        Primes-2-5801  [007] ...1  6021.539593: do_swap_page: id 7, table 0 || 3325: 4739 7fbbc3c000
 ogle.android.gm-4739  [007] ...1  6021.541601: do_swap_page: id 7, table 0 || 3326: 4739 9ecec000
 ogle.android.gm-4739  [007] ....  6021.541639: read_swap_cache_async: remote readpage 4739 "ogle.android.gm" 9f0d2000 c393a
 ogle.android.gm-4739  [007] ....  6021.541640: do_swap_page: prefetch fault 4739 "ogle.android.gm" 9f0d2000 c393a
 ogle.android.gm-4739  [007] ...1  6021.543384: do_swap_page: id 7, table 0 || 3327: 4739 9f0d2000
 ogle.android.gm-4739  [007] ....  6021.543603: read_swap_cache_async: remote readpage 4739 "ogle.android.gm" 9ead3000 c393b
 ogle.android.gm-4739  [007] ....  6021.543605: do_swap_page: prefetch fault 4739 "ogle.android.gm" 9ead3000 c393b
 ogle.android.gm-4739  [007] ...1  6021.545327: do_swap_page: id 7, table 0 || 3328: 4739 9ead3000
 ogle.android.gm-4739  [007] ....  6021.545363: read_swap_cache_async: remote readpage 4739 "ogle.android.gm" 9eb63000 c393c
 ogle.android.gm-4739  [007] ....  6021.545364: do_swap_page: prefetch fault 4739 "ogle.android.gm" 9eb63000 c393c
 ogle.android.gm-4739  [007] ...1  6021.547165: do_swap_page: id 7, table 0 || 3329: 4739 9eb63000
 ogle.android.gm-4739  [007] ...1  6021.547186: do_swap_page: id 7, table 0 || 3330: 4739 13da7000
 ogle.android.gm-4739  [007] ...1  6021.547197: do_swap_page: id 7, table 0 || 3331: 4739 13da4000
 ogle.android.gm-4739  [007] ...1  6021.547208: do_swap_page: id 7, table 0 || 3332: 4739 13d96000
 ogle.android.gm-4739  [007] ...1  6021.547219: do_swap_page: id 7, table 0 || 3333: 4739 13d9d000
 ogle.android.gm-4739  [007] ...1  6021.547225: do_swap_page: id 7, table 0 || 3334: 4739 13d9a000
 ogle.android.gm-4739  [007] ...1  6021.547233: do_swap_page: id 7, table 0 || 3335: 4739 13d98000
 ogle.android.gm-4739  [007] ...1  6021.547267: do_swap_page: id 7, table 0 || 3336: 4739 13ca8000
 ogle.android.gm-4739  [007] ...1  6021.547276: do_swap_page: id 7, table 0 || 3337: 4739 13ca4000
 ogle.android.gm-4739  [007] ...1  6021.547282: do_swap_page: id 7, table 0 || 3338: 4739 13ca9000
 ogle.android.gm-4739  [007] ...1  6021.547289: do_swap_page: id 7, table 0 || 3339: 4739 13ca6000
 ogle.android.gm-4739  [007] ....  6021.547329: read_swap_cache_async: remote readpage 4739 "ogle.android.gm" 9e89d000 c393d
 ogle.android.gm-4739  [007] ....  6021.547330: do_swap_page: prefetch fault 4739 "ogle.android.gm" 9e89d000 c393d
 ogle.android.gm-4739  [007] ...1  6021.549046: do_swap_page: id 7, table 0 || 3340: 4739 9e89d000
 ogle.android.gm-4739  [007] ...1  6021.549068: do_swap_page: id 7, table 0 || 3341: 4739 13c84000
 ogle.android.gm-4739  [007] ...1  6021.549077: do_swap_page: id 7, table 0 || 3342: 4739 13c89000
 ogle.android.gm-4739  [007] ...1  6021.549083: do_swap_page: id 7, table 0 || 3343: 4739 13c8a000
 ogle.android.gm-4739  [007] ...1  6021.549091: do_swap_page: id 7, table 0 || 3344: 4739 13c86000
 ogle.android.gm-4739  [007] ...1  6021.549097: do_swap_page: id 7, table 0 || 3345: 4739 13c85000
 ogle.android.gm-4739  [007] ...1  6021.549104: do_swap_page: id 7, table 0 || 3346: 4739 13c87000
 ogle.android.gm-4739  [007] ...1  6021.549118: do_swap_page: id 7, table 0 || 3347: 4739 13c6a000
 ogle.android.gm-4739  [007] ...1  6021.549124: do_swap_page: id 7, table 0 || 3348: 4739 13c6b000
 ogle.android.gm-4739  [007] ...1  6021.549133: do_swap_page: id 7, table 0 || 3349: 4739 13b94000
 ogle.android.gm-4739  [007] ...1  6021.549141: do_swap_page: id 7, table 0 || 3350: 4739 13c6c000
 ogle.android.gm-4739  [007] ...1  6021.549148: do_swap_page: id 7, table 0 || 3351: 4739 13c68000
 ogle.android.gm-4739  [007] ....  6021.549185: read_swap_cache_async: remote readpage 4739 "ogle.android.gm" 9ea62000 c393e
 ogle.android.gm-4739  [007] ....  6021.549186: do_swap_page: prefetch fault 4739 "ogle.android.gm" 9ea62000 c393e
 ogle.android.gm-4739  [007] ...1  6021.550970: do_swap_page: id 7, table 0 || 3352: 4739 9ea62000
 ogle.android.gm-4739  [007] ...1  6021.550985: do_swap_page: id 7, table 0 || 3353: 4739 13d28000
 ogle.android.gm-4739  [007] ....  6021.551006: read_swap_cache_async: remote readpage 4739 "ogle.android.gm" 9eb5b000 c393f
 ogle.android.gm-4739  [007] ....  6021.551007: do_swap_page: prefetch fault 4739 "ogle.android.gm" 9eb5b000 c393f
 ogle.android.gm-4739  [007] ...1  6021.552779: do_swap_page: id 7, table 0 || 3354: 4739 9eb5b000
 ogle.android.gm-4739  [007] ....  6021.552799: read_swap_cache_async: remote readpage 4739 "ogle.android.gm" 9e749000 c3940
 ogle.android.gm-4739  [007] ....  6021.552800: do_swap_page: prefetch fault 4739 "ogle.android.gm" 9e749000 c3940
 ogle.android.gm-4739  [007] ...1  6021.554609: do_swap_page: id 7, table 0 || 3355: 4739 9e749000
 ogle.android.gm-4739  [007] ....  6021.554636: read_swap_cache_async: remote readpage 4739 "ogle.android.gm" 9e951000 c3941
 ogle.android.gm-4739  [007] ....  6021.554636: do_swap_page: prefetch fault 4739 "ogle.android.gm" 9e951000 c3941
 ogle.android.gm-4739  [007] ...1  6021.556465: do_swap_page: id 7, table 0 || 3356: 4739 9e951000
 ogle.android.gm-4739  [007] ...1  6021.556480: do_swap_page: id 7, table 0 || 3357: 4739 13b6b000
 ogle.android.gm-4739  [007] ....  6021.556505: read_swap_cache_async: remote readpage 4739 "ogle.android.gm" 9ea6a000 bf9e5
 ogle.android.gm-4739  [007] ....  6021.556506: do_swap_page: prefetch fault 4739 "ogle.android.gm" 9ea6a000 bf9e5
 ogle.android.gm-4739  [007] ...1  6021.558269: do_swap_page: id 7, table 0 || 3358: 4739 9ea6a000
 ogle.android.gm-4739  [007] ...1  6021.558283: do_swap_page: id 7, table 0 || 3359: 4739 13b69000
 ogle.android.gm-4739  [007] ...1  6021.558292: do_swap_page: id 7, table 0 || 3360: 4739 13b6a000
 ogle.android.gm-4739  [007] ...1  6021.558298: do_swap_page: id 7, table 0 || 3361: 4739 13b68000
 ogle.android.gm-4739  [007] ...1  6021.558304: do_swap_page: id 7, table 0 || 3362: 4739 13b66000
 ogle.android.gm-4739  [007] ...1  6021.558313: do_swap_page: id 7, table 0 || 3363: 4739 13b64000
 ogle.android.gm-4739  [007] ...1  6021.558323: do_swap_page: id 7, table 0 || 3364: 4739 13b54000
 ogle.android.gm-4739  [007] ...1  6021.558339: do_swap_page: id 7, table 0 || 3365: 4739 13dbf000
 ogle.android.gm-4739  [007] ...1  6021.558352: do_swap_page: id 7, table 0 || 3366: 4739 13dc7000
 ogle.android.gm-4739  [007] ...1  6021.558365: do_swap_page: id 7, table 0 || 3367: 4739 13d0f000
 ogle.android.gm-4739  [007] ...1  6021.558371: do_swap_page: id 7, table 0 || 3368: 4739 13d0c000
 ogle.android.gm-4739  [007] ...1  6021.558379: do_swap_page: id 7, table 0 || 3369: 4739 13d08000
 ogle.android.gm-4739  [007] ...1  6021.558387: do_swap_page: id 7, table 0 || 3370: 4739 13d01000
 ogle.android.gm-4739  [007] ...1  6021.558393: do_swap_page: id 7, table 0 || 3371: 4739 13cfe000
 ogle.android.gm-4739  [007] ...1  6021.558403: do_swap_page: id 7, table 0 || 3372: 4739 13cf7000
