           <...>-23413 [000] ....  5174.734131: do_swap_page: prefetch fault 823 "sensors@2.0-ser" 7fb9a53000 439e4
 ogle.android.gm-4739  [006] ...1  5174.734758: do_swap_page: id 7, table 1 || 2887: 4739 72894000
 ogle.android.gm-4739  [006] ....  5174.734788: read_swap_cache_async: remote readpage 4739 "ogle.android.gm" 7f2a331000 5792f
 ogle.android.gm-4739  [006] ....  5174.734789: do_swap_page: prefetch fault 4739 "ogle.android.gm" 7f2a331000 5792f
           <...>-988   [007] ...1  5174.736034: do_swap_page: id 7, table 1 || 2888: 867 7fbbbfb000
           <...>-988   [007] ....  5174.736083: read_swap_cache_async: remote readpage 867 "diag_mdlog" 7fbdc61000 57900
           <...>-988   [007] ....  5174.736084: do_swap_page: prefetch fault 867 "diag_mdlog" 7fbdc61000 57900
           <...>-642   [002] ....  5174.736161: read_swap_cache_async: remote readpage 607 "HwBinder:607_2" 7fb978e000 439db
           <...>-642   [002] ....  5174.736166: do_swap_page: prefetch fault 607 "HwBinder:607_2" 7fb978e000 439db
           <...>-23413 [000] ...1  5174.736389: do_swap_page: id 7, table 1 || 2889: 823 7fb9a53000
           <...>-23413 [000] ....  5174.736435: read_swap_cache_async: remote readpage 823 "sensors@2.0-ser" 7fb9a5e000 439e5
           <...>-23413 [000] ....  5174.736439: do_swap_page: prefetch fault 823 "sensors@2.0-ser" 7fb9a5e000 439e5
 ogle.android.gm-4739  [006] ...1  5174.736835: do_swap_page: id 7, table 1 || 2890: 4739 7f2a331000
 ogle.android.gm-4739  [006] ....  5174.736881: read_swap_cache_async: remote readpage 4739 "ogle.android.gm" 7e64c8e000 57930
 ogle.android.gm-4739  [006] ....  5174.736882: do_swap_page: prefetch fault 4739 "ogle.android.gm" 7e64c8e000 57930
           <...>-988   [007] ...1  5174.738613: do_swap_page: id 7, table 1 || 2891: 867 7fbdc61000
           <...>-988   [007] ...1  5174.738629: do_swap_page: id 7, table 1 || 2892: 867 7fbdf53000
           <...>-988   [007] ....  5174.738650: read_swap_cache_async: remote readpage 867 "diag_mdlog" 7fbbbfc000 57901
           <...>-988   [007] ....  5174.738651: do_swap_page: prefetch fault 867 "diag_mdlog" 7fbbbfc000 57901
           <...>-642   [002] ...1  5174.738954: do_swap_page: id 7, table 1 || 2893: 607 7fb978e000
           <...>-642   [002] ....  5174.738982: read_swap_cache_async: remote readpage 607 "HwBinder:607_2" 7fbd011000 439dc
           <...>-642   [002] ....  5174.738985: do_swap_page: prefetch fault 607 "HwBinder:607_2" 7fbd011000 439dc
           <...>-23413 [001] ...1  5174.739283: do_swap_page: id 7, table 1 || 2894: 823 7fb9a5e000
           <...>-1442  [000] ...1  5174.739401: do_swap_page: id 7, table 1 || 2895: 1336 7e8687e000
 ogle.android.gm-4739  [006] ...1  5174.739584: do_swap_page: id 7, table 1 || 2896: 4739 7e64c8e000
 ogle.android.gm-4739  [006] ....  5174.739618: read_swap_cache_async: remote readpage 4739 "ogle.android.gm" 7fbe35b000 5b908
 ogle.android.gm-4739  [006] ....  5174.739619: do_swap_page: prefetch fault 4739 "ogle.android.gm" 7fbe35b000 5b908
           <...>-988   [007] ...1  5174.741080: do_swap_page: id 7, table 1 || 2897: 867 7fbbbfc000
           <...>-988   [007] ...1  5174.741096: do_swap_page: id 7, table 1 || 2898: 867 7fbf5e4000
           <...>-988   [007] ...1  5174.741104: do_swap_page: id 7, table 1 || 2899: 867 7fbdf52000
           <...>-988   [007] ....  5174.741134: read_swap_cache_async: remote readpage 867 "diag_mdlog" 7fbdc67000 479a7
           <...>-988   [007] ....  5174.741135: do_swap_page: prefetch fault 867 "diag_mdlog" 7fbdc67000 479a7
           <...>-642   [002] ...1  5174.741335: do_swap_page: id 7, table 1 || 2900: 607 7fbd011000
           <...>-642   [002] ....  5174.741371: read_swap_cache_async: remote readpage 607 "HwBinder:607_2" 7fbd055000 439dd
           <...>-642   [002] ....  5174.741374: do_swap_page: prefetch fault 607 "HwBinder:607_2" 7fbd055000 439dd
 ogle.android.gm-4739  [006] ...1  5174.741556: do_swap_page: id 7, table 1 || 2901: 4739 7fbe35b000
 ogle.android.gm-4739  [006] ....  5174.741586: read_swap_cache_async: remote readpage 4739 "ogle.android.gm" 7e64c8f000 5b909
 ogle.android.gm-4739  [006] ....  5174.741587: do_swap_page: prefetch fault 4739 "ogle.android.gm" 7e64c8f000 5b909
           <...>-988   [007] ...1  5174.745059: do_swap_page: id 7, table 1 || 2902: 867 7fbdc67000
           <...>-988   [007] ....  5174.745084: read_swap_cache_async: remote readpage 867 "diag_mdlog" 7fbdc65000 57902
           <...>-988   [007] ....  5174.745084: do_swap_page: prefetch fault 867 "diag_mdlog" 7fbdc65000 57902
           <...>-642   [002] ...1  5174.745361: do_swap_page: id 7, table 1 || 2903: 607 7fbd055000
           <...>-642   [002] ...1  5174.745542: do_swap_page: id 7, table 1 || 2904: 607 7fbd135000
           <...>-642   [002] ....  5174.745570: read_swap_cache_async: remote readpage 607 "HwBinder:607_2" 7fbd034000 47997
           <...>-642   [002] ....  5174.745573: do_swap_page: prefetch fault 607 "HwBinder:607_2" 7fbd034000 47997
 ogle.android.gm-4739  [006] ...1  5174.745586: do_swap_page: id 7, table 1 || 2905: 4739 7e64c8f000
 ogle.android.gm-4739  [006] ....  5174.745592: read_swap_cache_async: remote readpage 4739 "ogle.android.gm" 7e64c90000 5b90a
 ogle.android.gm-4739  [006] ....  5174.745593: do_swap_page: prefetch fault 4739 "ogle.android.gm" 7e64c90000 5b90a
           <...>-1359  [005] ....  5174.746034: read_swap_cache_async: remote readpage 1336 "android.ui" 9ea50000 5790c
           <...>-1359  [005] ....  5174.746036: do_swap_page: prefetch fault 1336 "android.ui" 9ea50000 5790c
           <...>-5841  [005] ....  5174.746158: read_swap_cache_async: remote readpage 1682 "Binder:1682_7" 7fbe23e000 5b900
           <...>-5841  [005] ....  5174.746160: do_swap_page: prefetch fault 1682 "Binder:1682_7" 7fbe23e000 5b900
           <...>-1362  [007] ...1  5174.746422: do_swap_page: id 7, table 1 || 2906: 1336 13925000
           <...>-2070  [006] ....  5174.746505: read_swap_cache_async: remote readpage 1682 "Binder:1682_4" 7eb4a2f000 57910
           <...>-2070  [006] ....  5174.746507: do_swap_page: prefetch fault 1682 "Binder:1682_4" 7eb4a2f000 57910
           <...>-1385  [007] ...1  5174.746744: do_swap_page: id 7, table 1 || 2907: 605 7faa79e000
           <...>-1385  [007] ...1  5174.746757: do_swap_page: id 7, table 1 || 2908: 605 7fba696000
           <...>-1385  [007] ...1  5174.746774: do_swap_page: id 7, table 1 || 2909: 605 7fba697000
           <...>-1362  [006] ...1  5174.747070: do_swap_page: id 7, table 1 || 2910: 1336 9e7f7000
           <...>-988   [007] ...1  5174.747141: do_swap_page: id 7, table 1 || 2911: 867 7fbdc65000
           <...>-988   [007] ....  5174.747185: read_swap_cache_async: remote readpage 867 "diag_mdlog" 7fbdc14000 57903
           <...>-988   [007] ....  5174.747186: do_swap_page: prefetch fault 867 "diag_mdlog" 7fbdc14000 57903
 android.display-1361  [006] ...1  5174.747694: do_swap_page: id 7, table 1 || 2912: 1336 9e93d000
    Binder:605_1-638   [007] ...1  5174.748013: do_swap_page: id 7, table 1 || 2913: 605 7fba71c000
    Binder:605_1-638   [007] ...1  5174.748032: do_swap_page: id 7, table 1 || 2914: 605 7fba71d000
           <...>-642   [002] ...1  5174.748339: do_swap_page: id 7, table 1 || 2915: 607 7fbd034000
 ogle.android.gm-4739  [006] ...1  5174.748529: do_swap_page: id 7, table 1 || 2916: 4739 7e64c90000
 ogle.android.gm-4739  [006] ....  5174.748685: read_swap_cache_async: remote readpage 4739 "ogle.android.gm" 7e64c91000 5b90b
 ogle.android.gm-4739  [006] ....  5174.748687: do_swap_page: prefetch fault 4739 "ogle.android.gm" 7e64c91000 5b90b
           <...>-1359  [005] ...1  5174.748890: do_swap_page: id 7, table 1 || 2917: 1336 9ea50000
           <...>-1359  [005] ...1  5174.748922: do_swap_page: id 7, table 1 || 2918: 1336 7f210de000
 ndroid.systemui-1682  [005] ....  5174.749093: read_swap_cache_async: remote readpage 1682 "ndroid.systemui" 9e8f8000 57913
 ndroid.systemui-1682  [005] ....  5174.749094: do_swap_page: prefetch fault 1682 "ndroid.systemui" 9e8f8000 57913
           <...>-5841  [005] ...1  5174.749126: do_swap_page: id 7, table 1 || 2919: 1682 7fbe23e000
           <...>-5841  [005] ...1  5174.749162: do_swap_page: id 7, table 1 || 2920: 1682 7f2d413000
  surfaceflinger-605   [000] ...1  5174.749517: do_swap_page: id 7, table 1 || 2921: 605 7faa750000
  surfaceflinger-605   [000] ...1  5174.749544: do_swap_page: id 7, table 1 || 2922: 605 7faa751000
  surfaceflinger-605   [000] ...1  5174.749755: do_swap_page: id 7, table 1 || 2923: 605 7fb7609000
           <...>-2070  [006] ...1  5174.750770: do_swap_page: id 7, table 1 || 2924: 1682 7eb4a2f000
           <...>-2070  [006] ....  5174.750857: read_swap_cache_async: remote readpage 1682 "Binder:1682_4" 9e7ab000 57912
           <...>-2070  [006] ....  5174.750859: do_swap_page: prefetch fault 1682 "Binder:1682_4" 9e7ab000 57912
           <...>-988   [007] ...1  5174.751033: do_swap_page: id 7, table 1 || 2925: 867 7fbdc14000
           <...>-988   [007] ....  5174.751088: read_swap_cache_async: remote readpage 867 "diag_mdlog" 7fbdd3f000 439e7
           <...>-988   [007] ....  5174.751089: do_swap_page: prefetch fault 867 "diag_mdlog" 7fbdd3f000 439e7
 ogle.android.gm-4739  [006] ...1  5174.752568: do_swap_page: id 7, table 1 || 2926: 4739 7e64c91000
 ogle.android.gm-4739  [006] ....  5174.752632: read_swap_cache_async: remote readpage 4739 "ogle.android.gm" 7e96332000 5b90c
 ogle.android.gm-4739  [006] ....  5174.752634: do_swap_page: prefetch fault 4739 "ogle.android.gm" 7e96332000 5b90c
 ndroid.systemui-1682  [005] ...1  5174.752841: do_swap_page: id 7, table 1 || 2927: 1682 9e8f8000
 ndroid.systemui-1682  [005] ....  5174.752902: read_swap_cache_async: remote readpage 1682 "ndroid.systemui" 9e95b000 57914
 ndroid.systemui-1682  [005] ....  5174.752903: do_swap_page: prefetch fault 1682 "ndroid.systemui" 9e95b000 57914
           <...>-2070  [006] ...1  5174.753067: do_swap_page: id 7, table 1 || 2928: 1682 9e7ab000
           <...>-2070  [006] ...1  5174.753099: do_swap_page: id 7, table 1 || 2929: 1682 9e998000
           <...>-2070  [006] ...1  5174.753109: do_swap_page: id 7, table 1 || 2930: 1682 9e86e000
           <...>-988   [007] ...1  5174.753203: do_swap_page: id 7, table 1 || 2931: 867 7fbdd3f000
           <...>-988   [007] ...1  5174.753219: do_swap_page: id 7, table 1 || 2932: 867 7fbdc7e000
           <...>-988   [007] ...1  5174.753225: do_swap_page: id 7, table 1 || 2933: 867 7fbdc7f000
           <...>-2481  [005] ....  5174.753233: read_swap_cache_async: remote readpage 1997 "RenderThread" 7ec4c39000 57919
           <...>-2481  [005] ....  5174.753234: do_swap_page: prefetch fault 1997 "RenderThread" 7ec4c39000 57919
           <...>-988   [007] ....  5174.753254: read_swap_cache_async: remote readpage 867 "diag_mdlog" 7fbdbfd000 439e8
           <...>-988   [007] ....  5174.753254: do_swap_page: prefetch fault 867 "diag_mdlog" 7fbdbfd000 439e8
 ogle.android.gm-4739  [006] ...1  5174.755396: do_swap_page: id 7, table 1 || 2934: 4739 7e96332000
 ogle.android.gm-4739  [006] ....  5174.755453: read_swap_cache_async: remote readpage 4739 "ogle.android.gm" 7e64c95000 5b90d
 ogle.android.gm-4739  [006] ....  5174.755454: do_swap_page: prefetch fault 4739 "ogle.android.gm" 7e64c95000 5b90d
 ndroid.systemui-1682  [005] ...1  5174.755591: do_swap_page: id 7, table 1 || 2935: 1682 9e95b000
 ndroid.systemui-1682  [005] ....  5174.755637: read_swap_cache_async: remote readpage 1682 "ndroid.systemui" 13d80000 57915
 ndroid.systemui-1682  [005] ....  5174.755638: do_swap_page: prefetch fault 1682 "ndroid.systemui" 13d80000 57915
           <...>-2481  [005] ...1  5174.755956: do_swap_page: id 7, table 1 || 2936: 1997 7ec4c39000
           <...>-2481  [005] ....  5174.756003: read_swap_cache_async: remote readpage 1997 "RenderThread" 7ec4c3b000 5791a
           <...>-2481  [005] ....  5174.756004: do_swap_page: prefetch fault 1997 "RenderThread" 7ec4c3b000 5791a
           <...>-988   [007] ...1  5174.756148: do_swap_page: id 7, table 1 || 2937: 867 7fbdbfd000
           <...>-988   [007] ....  5174.756169: read_swap_cache_async: remote readpage 867 "diag_mdlog" 7fbdbfe000 439e9
           <...>-988   [007] ....  5174.756169: do_swap_page: prefetch fault 867 "diag_mdlog" 7fbdbfe000 439e9
           <...>-1385  [007] ...1  5174.757215: do_swap_page: id 7, table 1 || 2938: 605 7fba6a9000
           <...>-1385  [007] ...1  5174.757283: do_swap_page: id 7, table 1 || 2939: 605 7fba6aa000
           <...>-1362  [007] ...1  5174.757449: do_swap_page: id 7, table 1 || 2940: 1336 7e868c7000
           <...>-1362  [007] ...1  5174.757459: do_swap_page: id 7, table 1 || 2941: 1336 7e868fa000
           <...>-1623  [005] ...1  5174.757486: do_swap_page: id 7, table 1 || 2942: 1336 7e868c2000
           <...>-1623  [005] ...1  5174.757502: do_swap_page: id 7, table 1 || 2943: 1336 7e7680e000
           <...>-1623  [005] ....  5174.757542: read_swap_cache_async: remote readpage 1336 "TaskSnapshotPer" 7e7680f000 5790d
           <...>-1623  [005] ....  5174.757543: do_swap_page: prefetch fault 1336 "TaskSnapshotPer" 7e7680f000 5790d
 ogle.android.gm-4739  [006] ...1  5174.758278: do_swap_page: id 7, table 1 || 2944: 4739 7e64c95000
 ogle.android.gm-4739  [006] ....  5174.758337: read_swap_cache_async: remote readpage 4739 "ogle.android.gm" 7e64c96000 5b90e
 ogle.android.gm-4739  [006] ....  5174.758338: do_swap_page: prefetch fault 4739 "ogle.android.gm" 7e64c96000 5b90e
 ndroid.systemui-1682  [005] ...1  5174.758536: do_swap_page: id 7, table 1 || 2945: 1682 13d80000
 ndroid.systemui-1682  [005] ....  5174.758823: read_swap_cache_async: remote readpage 1682 "ndroid.systemui" 13c89000 5790f
 ndroid.systemui-1682  [005] ....  5174.758825: do_swap_page: prefetch fault 1682 "ndroid.systemui" 13c89000 5790f
           <...>-2481  [005] ...1  5174.758851: do_swap_page: id 7, table 1 || 2946: 1997 7ec4c3b000
           <...>-2481  [005] ...1  5174.758875: do_swap_page: id 7, table 1 || 2947: 1997 7f313c0000
           <...>-2481  [005] ...1  5174.758901: do_swap_page: id 7, table 1 || 2948: 1997 12f40000
           <...>-2481  [005] ...1  5174.758931: do_swap_page: id 7, table 1 || 2949: 1997 7f2d033000
           <...>-2481  [005] ...1  5174.758944: do_swap_page: id 7, table 1 || 2950: 1997 7f2d034000
           <...>-2481  [005] ...1  5174.758957: do_swap_page: id 7, table 1 || 2951: 1997 7ec4bdc000
           <...>-2481  [005] ...1  5174.759014: do_swap_page: id 7, table 1 || 2952: 1997 7eca33e000
           <...>-2481  [005] ...1  5174.759028: do_swap_page: id 7, table 1 || 2953: 1997 7eca35a000
           <...>-2481  [005] ...1  5174.759035: do_swap_page: id 7, table 1 || 2954: 1997 7eca259000
           <...>-2481  [005] ....  5174.759090: read_swap_cache_async: remote readpage 1997 "RenderThread" 7eca1bb000 5791b
           <...>-2481  [005] ....  5174.759091: do_swap_page: prefetch fault 1997 "RenderThread" 7eca1bb000 5791b
           <...>-988   [007] ...1  5174.759105: do_swap_page: id 7, table 1 || 2955: 867 7fbdbfe000
           <...>-988   [007] ....  5174.759158: read_swap_cache_async: remote readpage 867 "diag_mdlog" 7fbdbff000 439ea
           <...>-988   [007] ....  5174.759159: do_swap_page: prefetch fault 867 "diag_mdlog" 7fbdbff000 439ea
           <...>-1623  [005] ...1  5174.760113: do_swap_page: id 7, table 1 || 2956: 1336 7e7680f000
           <...>-1623  [005] ...1  5174.760132: do_swap_page: id 7, table 1 || 2957: 1336 7e868c8000
           <...>-1623  [005] ....  5174.760176: read_swap_cache_async: remote readpage 1336 "TaskSnapshotPer" 7e7680d000 439fc
           <...>-1623  [005] ....  5174.760177: do_swap_page: prefetch fault 1336 "TaskSnapshotPer" 7e7680d000 439fc
 ogle.android.gm-4739  [006] ...1  5174.761868: do_swap_page: id 7, table 1 || 2958: 4739 7e64c96000
 ogle.android.gm-4739  [006] ....  5174.761883: read_swap_cache_async: remote readpage 4739 "ogle.android.gm" 7e64c98000 5b90f
 ogle.android.gm-4739  [006] ....  5174.761884: do_swap_page: prefetch fault 4739 "ogle.android.gm" 7e64c98000 5b90f
 ndroid.systemui-1682  [005] ...1  5174.762023: do_swap_page: id 7, table 1 || 2959: 1682 13c89000
           <...>-988   [007] ...1  5174.762062: do_swap_page: id 7, table 1 || 2960: 867 7fbdbff000
           <...>-988   [007] ....  5174.762070: read_swap_cache_async: remote readpage 867 "diag_mdlog" 7fbdc00000 439eb
           <...>-988   [007] ....  5174.762070: do_swap_page: prefetch fault 867 "diag_mdlog" 7fbdc00000 439eb
           <...>-2481  [005] ...1  5174.762107: do_swap_page: id 7, table 1 || 2961: 1997 7eca1bb000
           <...>-2481  [005] ...1  5174.762127: do_swap_page: id 7, table 1 || 2962: 1997 7f39836000
           <...>-2481  [005] ...1  5174.762135: do_swap_page: id 7, table 1 || 2963: 1997 7eca34d000
           <...>-2481  [005] ...1  5174.762145: do_swap_page: id 7, table 1 || 2964: 1997 7eca34e000
           <...>-2481  [005] ...1  5174.762153: do_swap_page: id 7, table 1 || 2965: 1997 7eca34f000
           <...>-2481  [005] ...1  5174.762170: do_swap_page: id 7, table 1 || 2966: 1997 7f2d5db000
           <...>-2481  [005] ...1  5174.762177: do_swap_page: id 7, table 1 || 2967: 1997 7eca357000
           <...>-2481  [005] ...1  5174.762183: do_swap_page: id 7, table 1 || 2968: 1997 7eca358000
           <...>-2481  [005] ...1  5174.762189: do_swap_page: id 7, table 1 || 2969: 1997 7eca359000
           <...>-2481  [005] ....  5174.762239: read_swap_cache_async: remote readpage 1997 "RenderThread" 7eca15d000 5791c
           <...>-2481  [005] ....  5174.762240: do_swap_page: prefetch fault 1997 "RenderThread" 7eca15d000 5791c
 ndroid.systemui-1682  [005] ....  5174.762244: read_swap_cache_async: remote readpage 1682 "ndroid.systemui" 7fbf5e3000 57911
 ndroid.systemui-1682  [005] ....  5174.762245: do_swap_page: prefetch fault 1682 "ndroid.systemui" 7fbf5e3000 57911
           <...>-1623  [005] ...1  5174.763435: do_swap_page: id 7, table 1 || 2970: 1336 7e7680d000
           <...>-1623  [005] ...1  5174.763450: do_swap_page: id 7, table 1 || 2971: 1336 7e868c1000
           <...>-1623  [005] ....  5174.763495: read_swap_cache_async: remote readpage 1336 "TaskSnapshotPer" 7e7680c000 439fd
           <...>-1623  [005] ....  5174.763496: do_swap_page: prefetch fault 1336 "TaskSnapshotPer" 7e7680c000 439fd
 ogle.android.gm-4739  [006] ...1  5174.764538: do_swap_page: id 7, table 1 || 2972: 4739 7e64c98000
 ogle.android.gm-4739  [006] ....  5174.764571: read_swap_cache_async: remote readpage 4739 "ogle.android.gm" 7e64c99000 5b910
 ogle.android.gm-4739  [006] ....  5174.764573: do_swap_page: prefetch fault 4739 "ogle.android.gm" 7e64c99000 5b910
 ndroid.systemui-1682  [005] ...1  5174.764705: do_swap_page: id 7, table 1 || 2973: 1682 7fbf5e3000
 ndroid.systemui-1682  [005] ...1  5174.764824: do_swap_page: id 7, table 1 || 2974: 1682 9e91f000
           <...>-988   [007] ...1  5174.764898: do_swap_page: id 7, table 1 || 2975: 867 7fbdc00000
           <...>-988   [007] ....  5174.764920: read_swap_cache_async: remote readpage 867 "diag_mdlog" 7fbdc01000 439ec
           <...>-988   [007] ....  5174.764920: do_swap_page: prefetch fault 867 "diag_mdlog" 7fbdc01000 439ec
 ndroid.systemui-1682  [005] ....  5174.765008: read_swap_cache_async: remote readpage 1682 "ndroid.systemui" 9e780000 57916
 ndroid.systemui-1682  [005] ....  5174.765009: do_swap_page: prefetch fault 1682 "ndroid.systemui" 9e780000 57916
           <...>-2481  [005] ...1  5174.765174: do_swap_page: id 7, table 1 || 2976: 1997 7eca15d000
           <...>-2481  [005] ....  5174.765323: read_swap_cache_async: remote readpage 1997 "RenderThread" 7eca240000 5791d
           <...>-2481  [005] ....  5174.765325: do_swap_page: prefetch fault 1997 "RenderThread" 7eca240000 5791d
           <...>-1623  [005] ...1  5174.766229: do_swap_page: id 7, table 1 || 2977: 1336 7e7680c000
 ogle.android.gm-4739  [006] ...1  5174.767147: do_swap_page: id 7, table 1 || 2978: 4739 7e64c99000
 ogle.android.gm-4739  [006] ....  5174.767200: read_swap_cache_async: remote readpage 4739 "ogle.android.gm" 7e64c9b000 5b911
 ogle.android.gm-4739  [006] ....  5174.767201: do_swap_page: prefetch fault 4739 "ogle.android.gm" 7e64c9b000 5b911
           <...>-988   [007] ...1  5174.767380: do_swap_page: id 7, table 1 || 2979: 867 7fbdc01000
           <...>-988   [007] ....  5174.767415: read_swap_cache_async: remote readpage 867 "diag_mdlog" 7fbdc02000 439ed
           <...>-988   [007] ....  5174.767416: do_swap_page: prefetch fault 867 "diag_mdlog" 7fbdc02000 439ed
 ndroid.systemui-1682  [005] ...1  5174.767548: do_swap_page: id 7, table 1 || 2980: 1682 9e780000
           <...>-2481  [005] ...1  5174.767719: do_swap_page: id 7, table 1 || 2981: 1997 7eca240000
           <...>-2481  [005] ....  5174.767767: read_swap_cache_async: remote readpage 1997 "RenderThread" 7ec676d000 5791e
           <...>-2481  [005] ....  5174.767768: do_swap_page: prefetch fault 1997 "RenderThread" 7ec676d000 5791e
 ogle.android.gm-4739  [006] ...1  5174.772246: do_swap_page: id 7, table 1 || 2982: 4739 7e64c9b000
 ogle.android.gm-4739  [006] ....  5174.772283: read_swap_cache_async: remote readpage 4739 "ogle.android.gm" 7e64c9e000 5b912
 ogle.android.gm-4739  [006] ....  5174.772284: do_swap_page: prefetch fault 4739 "ogle.android.gm" 7e64c9e000 5b912
           <...>-988   [007] ...1  5174.772503: do_swap_page: id 7, table 1 || 2983: 867 7fbdc02000
           <...>-988   [007] ....  5174.772563: read_swap_cache_async: remote readpage 867 "diag_mdlog" 7fbdc03000 439ee
           <...>-988   [007] ....  5174.772564: do_swap_page: prefetch fault 867 "diag_mdlog" 7fbdc03000 439ee
           <...>-2481  [005] ...1  5174.772667: do_swap_page: id 7, table 1 || 2984: 1997 7ec676d000
           <...>-2481  [005] ....  5174.772711: read_swap_cache_async: remote readpage 1997 "RenderThread" 7eca1df000 5791f
           <...>-2481  [005] ....  5174.772712: do_swap_page: prefetch fault 1997 "RenderThread" 7eca1df000 5791f
 ogle.android.gm-4739  [006] ...1  5174.774809: do_swap_page: id 7, table 1 || 2985: 4739 7e64c9e000
 ogle.android.gm-4739  [006] ....  5174.774892: read_swap_cache_async: remote readpage 4739 "ogle.android.gm" 9eeff000 5b913
 ogle.android.gm-4739  [006] ....  5174.774894: do_swap_page: prefetch fault 4739 "ogle.android.gm" 9eeff000 5b913
           <...>-988   [007] ...1  5174.775024: do_swap_page: id 7, table 1 || 2986: 867 7fbdc03000
           <...>-2481  [005] ...1  5174.775034: do_swap_page: id 7, table 1 || 2987: 1997 7eca1df000
           <...>-2481  [005] ....  5174.775050: read_swap_cache_async: remote readpage 1997 "RenderThread" 7eca1fe000 57920
           <...>-2481  [005] ....  5174.775051: do_swap_page: prefetch fault 1997 "RenderThread" 7eca1fe000 57920
           <...>-988   [007] ....  5174.775078: read_swap_cache_async: remote readpage 867 "diag_mdlog" 7fbdc04000 439ef
           <...>-988   [007] ....  5174.775079: do_swap_page: prefetch fault 867 "diag_mdlog" 7fbdc04000 439ef
 ogle.android.gm-4739  [006] ...1  5174.777299: do_swap_page: id 7, table 1 || 2988: 4739 9eeff000
 ogle.android.gm-4739  [006] ....  5174.777370: read_swap_cache_async: remote readpage 4739 "ogle.android.gm" 9eb54000 5b914
 ogle.android.gm-4739  [006] ....  5174.777371: do_swap_page: prefetch fault 4739 "ogle.android.gm" 9eb54000 5b914
           <...>-988   [007] ...1  5174.777445: do_swap_page: id 7, table 1 || 2989: 867 7fbdc04000
           <...>-988   [007] ....  5174.777502: read_swap_cache_async: remote readpage 867 "diag_mdlog" 7fbdc05000 439f0
           <...>-988   [007] ....  5174.777503: do_swap_page: prefetch fault 867 "diag_mdlog" 7fbdc05000 439f0
           <...>-2481  [005] ...1  5174.777542: do_swap_page: id 7, table 1 || 2990: 1997 7eca1fe000
           <...>-2481  [005] ...1  5174.777562: do_swap_page: id 7, table 1 || 2991: 1997 7eca099000
           <...>-2481  [005] ....  5174.777728: read_swap_cache_async: remote readpage 1997 "RenderThread" 7eca21e000 57921
           <...>-2481  [005] ....  5174.777729: do_swap_page: prefetch fault 1997 "RenderThread" 7eca21e000 57921
 ogle.android.gm-4739  [006] ...1  5174.779642: do_swap_page: id 7, table 1 || 2992: 4739 9eb54000
 ogle.android.gm-4739  [006] ...1  5174.779688: do_swap_page: id 7, table 1 || 2993: 4739 9ed96000
           <...>-988   [007] ...1  5174.779722: do_swap_page: id 7, table 1 || 2994: 867 7fbdc05000
 ogle.android.gm-4739  [006] ....  5174.779738: read_swap_cache_async: remote readpage 4739 "ogle.android.gm" 7e64b1e000 5b915
 ogle.android.gm-4739  [006] ....  5174.779739: do_swap_page: prefetch fault 4739 "ogle.android.gm" 7e64b1e000 5b915
           <...>-988   [007] ....  5174.779759: read_swap_cache_async: remote readpage 867 "diag_mdlog" 7fbdc06000 439f1
           <...>-988   [007] ....  5174.779760: do_swap_page: prefetch fault 867 "diag_mdlog" 7fbdc06000 439f1
           <...>-2481  [005] ...1  5174.779900: do_swap_page: id 7, table 1 || 2995: 1997 7eca21e000
           <...>-2481  [005] ...1  5174.780120: do_swap_page: id 7, table 1 || 2996: 1997 7fbe22c000
           <...>-2481  [005] ....  5174.780173: read_swap_cache_async: remote readpage 1997 "RenderThread" 7f20eed000 57922
           <...>-2481  [005] ....  5174.780175: do_swap_page: prefetch fault 1997 "RenderThread" 7f20eed000 57922
           <...>-988   [007] ...1  5174.782092: do_swap_page: id 7, table 1 || 2997: 867 7fbdc06000
           <...>-988   [007] ....  5174.782111: read_swap_cache_async: remote readpage 867 "diag_mdlog" 7fbdc07000 439f2
           <...>-988   [007] ....  5174.782112: do_swap_page: prefetch fault 867 "diag_mdlog" 7fbdc07000 439f2
 ogle.android.gm-4739  [006] ...1  5174.782428: do_swap_page: id 7, table 1 || 2998: 4739 7e64b1e000
           <...>-2481  [005] ...1  5174.782437: do_swap_page: id 7, table 1 || 2999: 1997 7f20eed000
 ogle.android.gm-4739  [006] ....  5174.782472: read_swap_cache_async: remote readpage 4739 "ogle.android.gm" 7e64b3b000 5b916
 ogle.android.gm-4739  [006] ....  5174.782473: do_swap_page: prefetch fault 4739 "ogle.android.gm" 7e64b3b000 5b916
           <...>-656   [002] ...1  5174.782663: do_swap_page: id 7, table 1 || 3000: 605 7fba616000
           <...>-656   [002] ...1  5174.782691: do_swap_page: id 7, table 1 || 3001: 605 7fba64c000
           <...>-656   [002] ...1  5174.782707: do_swap_page: id 7, table 1 || 3002: 605 7fb757d000
           <...>-656   [002] ....  5174.782755: read_swap_cache_async: remote readpage 605 "ImageManager" 7fbe1e0000 3f9e7
           <...>-656   [002] ....  5174.782758: do_swap_page: prefetch fault 605 "ImageManager" 7fbe1e0000 3f9e7
           <...>-1997  [006] ....  5174.783946: read_swap_cache_async: remote readpage 1997 "droid.launcher3" 7f28923000 57923
           <...>-1997  [006] ....  5174.783948: do_swap_page: prefetch fault 1997 "droid.launcher3" 7f28923000 57923
           <...>-988   [007] ...1  5174.784304: do_swap_page: id 7, table 1 || 3003: 867 7fbdc07000
           <...>-988   [007] ....  5174.784361: read_swap_cache_async: remote readpage 867 "diag_mdlog" 7fbdc08000 439f3
           <...>-988   [007] ....  5174.784362: do_swap_page: prefetch fault 867 "diag_mdlog" 7fbdc08000 439f3
 ogle.android.gm-4739  [006] ...1  5174.784485: do_swap_page: id 7, table 1 || 3004: 4739 7e64b3b000
 ogle.android.gm-4739  [006] ....  5174.784592: read_swap_cache_async: remote readpage 4739 "ogle.android.gm" 7e64c9c000 5b917
 ogle.android.gm-4739  [006] ....  5174.784593: do_swap_page: prefetch fault 4739 "ogle.android.gm" 7e64c9c000 5b917
           <...>-656   [002] ...1  5174.784651: do_swap_page: id 7, table 1 || 3005: 605 7fbe1e0000
           <...>-656   [002] ....  5174.784685: read_swap_cache_async: remote readpage 605 "ImageManager" 7fbe328000 3f9e9
           <...>-656   [002] ....  5174.784688: do_swap_page: prefetch fault 605 "ImageManager" 7fbe328000 3f9e9
           <...>-988   [007] ...1  5174.786963: do_swap_page: id 7, table 1 || 3006: 867 7fbdc08000
           <...>-988   [007] ....  5174.787027: read_swap_cache_async: remote readpage 867 "diag_mdlog" 7fbdc09000 439f4
           <...>-988   [007] ....  5174.787028: do_swap_page: prefetch fault 867 "diag_mdlog" 7fbdc09000 439f4
           <...>-656   [002] ...1  5174.787292: do_swap_page: id 7, table 1 || 3007: 605 7fbe328000
           <...>-656   [002] ....  5174.787332: read_swap_cache_async: remote readpage 605 "ImageManager" 7faa792000 53901
           <...>-656   [002] ....  5174.787335: do_swap_page: prefetch fault 605 "ImageManager" 7faa792000 53901
 ogle.android.gm-4739  [006] ...1  5174.787365: do_swap_page: id 7, table 1 || 3008: 4739 7e64c9c000
           <...>-1997  [005] ...1  5174.787445: do_swap_page: id 7, table 1 || 3009: 1997 7f28923000
 ogle.android.gm-4739  [006] ....  5174.787499: read_swap_cache_async: remote readpage 4739 "ogle.android.gm" 7f28a86000 5b918
 ogle.android.gm-4739  [006] ....  5174.787501: do_swap_page: prefetch fault 4739 "ogle.android.gm" 7f28a86000 5b918
           <...>-1997  [006] ....  5174.787514: read_swap_cache_async: remote readpage 1997 "droid.launcher3" 7f28924000 5b905
           <...>-1997  [006] ....  5174.787515: do_swap_page: prefetch fault 1997 "droid.launcher3" 7f28924000 5b905
           <...>-988   [007] ...1  5174.789520: do_swap_page: id 7, table 1 || 3010: 867 7fbdc09000
           <...>-988   [007] ....  5174.789552: read_swap_cache_async: remote readpage 867 "diag_mdlog" 7fbdc0a000 439f5
           <...>-988   [007] ....  5174.789552: do_swap_page: prefetch fault 867 "diag_mdlog" 7fbdc0a000 439f5
           <...>-656   [002] ...1  5174.789665: do_swap_page: id 7, table 1 || 3011: 605 7faa792000
           <...>-1997  [005] ...1  5174.789779: do_swap_page: id 7, table 1 || 3012: 1997 7f28924000
           <...>-656   [002] ....  5174.789817: read_swap_cache_async: remote readpage 605 "ImageManager" 7fb923a000 53902
           <...>-656   [002] ....  5174.789821: do_swap_page: prefetch fault 605 "ImageManager" 7fb923a000 53902
           <...>-1997  [005] ...1  5174.789823: do_swap_page: id 7, table 1 || 3013: 1997 7f3980f000
 ogle.android.gm-4739  [006] ...1  5174.789933: do_swap_page: id 7, table 1 || 3014: 4739 7f28a86000
 ogle.android.gm-4739  [006] ...1  5174.790008: do_swap_page: id 7, table 1 || 3015: 4739 7f28894000
 ogle.android.gm-4739  [006] ....  5174.790088: read_swap_cache_async: remote readpage 4739 "ogle.android.gm" 7ea0e2b000 5b91c
 ogle.android.gm-4739  [006] ....  5174.790090: do_swap_page: prefetch fault 4739 "ogle.android.gm" 7ea0e2b000 5b91c
           <...>-988   [007] ...1  5174.791588: do_swap_page: id 7, table 1 || 3016: 867 7fbdc0a000
           <...>-988   [007] ....  5174.791610: read_swap_cache_async: remote readpage 867 "diag_mdlog" 7fbdc0b000 439f6
           <...>-988   [007] ....  5174.791611: do_swap_page: prefetch fault 867 "diag_mdlog" 7fbdc0b000 439f6
           <...>-656   [002] ...1  5174.791765: do_swap_page: id 7, table 1 || 3017: 605 7fb923a000
           <...>-656   [002] ....  5174.791909: read_swap_cache_async: remote readpage 605 "ImageManager" 7faa6c8000 53904
           <...>-656   [002] ....  5174.791913: do_swap_page: prefetch fault 605 "ImageManager" 7faa6c8000 53904
 ogle.android.gm-4739  [006] ...1  5174.791962: do_swap_page: id 7, table 1 || 3018: 4739 7ea0e2b000
 ogle.android.gm-4739  [006] ...1  5174.791981: do_swap_page: id 7, table 1 || 3019: 4739 7f28904000
 ogle.android.gm-4739  [006] ....  5174.792082: read_swap_cache_async: remote readpage 4739 "ogle.android.gm" 9f21e000 479f2
 ogle.android.gm-4739  [006] ....  5174.792083: do_swap_page: prefetch fault 4739 "ogle.android.gm" 9f21e000 479f2
           <...>-988   [007] ...1  5174.794102: do_swap_page: id 7, table 1 || 3020: 867 7fbdc0b000
           <...>-988   [007] ....  5174.794133: read_swap_cache_async: remote readpage 867 "diag_mdlog" 7fbdc0c000 439f7
           <...>-988   [007] ....  5174.794134: do_swap_page: prefetch fault 867 "diag_mdlog" 7fbdc0c000 439f7
           <...>-656   [002] ...1  5174.794298: do_swap_page: id 7, table 1 || 3021: 605 7faa6c8000
           <...>-656   [002] ....  5174.794329: read_swap_cache_async: remote readpage 605 "ImageManager" 7faa6c9000 53906
           <...>-656   [002] ....  5174.794332: do_swap_page: prefetch fault 605 "ImageManager" 7faa6c9000 53906
 ogle.android.gm-4739  [006] ...1  5174.794577: do_swap_page: id 7, table 1 || 3022: 4739 9f21e000
 ogle.android.gm-4739  [006] ....  5174.794641: read_swap_cache_async: remote readpage 4739 "ogle.android.gm" 9eb5a000 57931
 ogle.android.gm-4739  [006] ....  5174.794643: do_swap_page: prefetch fault 4739 "ogle.android.gm" 9eb5a000 57931
           <...>-2223  [007] ...1  5174.796940: do_swap_page: id 7, table 1 || 3023: 605 7fbc209000
           <...>-988   [007] ...1  5174.797592: do_swap_page: id 7, table 1 || 3024: 867 7fbdc0c000
           <...>-988   [007] ....  5174.797645: read_swap_cache_async: remote readpage 867 "diag_mdlog" 7fbdc0d000 439f8
           <...>-988   [007] ....  5174.797646: do_swap_page: prefetch fault 867 "diag_mdlog" 7fbdc0d000 439f8
           <...>-656   [002] ...1  5174.797778: do_swap_page: id 7, table 1 || 3025: 605 7faa6c9000
           <...>-656   [002] ....  5174.797831: read_swap_cache_async: remote readpage 605 "ImageManager" 7fbe170000 53908
 ogle.android.gm-4739  [006] ...1  5174.797833: do_swap_page: id 7, table 1 || 3026: 4739 9eb5a000
           <...>-656   [002] ....  5174.797834: do_swap_page: prefetch fault 605 "ImageManager" 7fbe170000 53908
 ogle.android.gm-4739  [006] ....  5174.797847: read_swap_cache_async: remote readpage 4739 "ogle.android.gm" 9e95c000 57932
 ogle.android.gm-4739  [006] ....  5174.797848: do_swap_page: prefetch fault 4739 "ogle.android.gm" 9e95c000 57932
           <...>-642   [003] ...1  5174.797941: do_swap_page: id 7, table 1 || 3027: 607 7fb45c8000
           <...>-642   [003] ...1  5174.797959: do_swap_page: id 7, table 1 || 3028: 607 7fb45c9000
           <...>-642   [003] ...1  5174.797976: do_swap_page: id 7, table 1 || 3029: 607 7fb45ca000
           <...>-988   [007] ...1  5174.799827: do_swap_page: id 7, table 1 || 3030: 867 7fbdc0d000
           <...>-988   [007] ....  5174.799877: read_swap_cache_async: remote readpage 867 "diag_mdlog" 7fbdc0e000 439f9
           <...>-988   [007] ....  5174.799878: do_swap_page: prefetch fault 867 "diag_mdlog" 7fbdc0e000 439f9
           <...>-656   [002] ...1  5174.799988: do_swap_page: id 7, table 1 || 3031: 605 7fbe170000
           <...>-656   [002] ...1  5174.800058: do_swap_page: id 7, table 1 || 3032: 605 7fb757c000
 ogle.android.gm-4739  [006] ...1  5174.800120: do_swap_page: id 7, table 1 || 3033: 4739 9e95c000
 ogle.android.gm-4739  [006] ....  5174.800172: read_swap_cache_async: remote readpage 4739 "ogle.android.gm" 9f1d9000 57933
 ogle.android.gm-4739  [006] ....  5174.800174: do_swap_page: prefetch fault 4739 "ogle.android.gm" 9f1d9000 57933
           <...>-656   [002] ...1  5174.800308: do_swap_page: id 7, table 1 || 3034: 605 7fba64d000
           <...>-988   [007] ...1  5174.801862: do_swap_page: id 7, table 1 || 3035: 867 7fbdc0e000
           <...>-988   [007] ....  5174.801891: read_swap_cache_async: remote readpage 867 "diag_mdlog" 7fbdc0f000 439fa
           <...>-988   [007] ....  5174.801891: do_swap_page: prefetch fault 867 "diag_mdlog" 7fbdc0f000 439fa
 ogle.android.gm-4739  [006] ...1  5174.801991: do_swap_page: id 7, table 1 || 3036: 4739 9f1d9000
 ogle.android.gm-4739  [006] ....  5174.802021: read_swap_cache_async: remote readpage 4739 "ogle.android.gm" 9ef04000 57934
 ogle.android.gm-4739  [006] ....  5174.802022: do_swap_page: prefetch fault 4739 "ogle.android.gm" 9ef04000 57934
           <...>-988   [007] ...1  5174.804020: do_swap_page: id 7, table 1 || 3037: 867 7fbdc0f000
           <...>-988   [007] ....  5174.804041: read_swap_cache_async: remote readpage 867 "diag_mdlog" 7fbdc10000 439fb
           <...>-988   [007] ....  5174.804042: do_swap_page: prefetch fault 867 "diag_mdlog" 7fbdc10000 439fb
 ogle.android.gm-4739  [006] ...1  5174.804132: do_swap_page: id 7, table 1 || 3038: 4739 9ef04000
 ogle.android.gm-4739  [006] ....  5174.804162: read_swap_cache_async: remote readpage 4739 "ogle.android.gm" 9e941000 57935
 ogle.android.gm-4739  [006] ....  5174.804163: do_swap_page: prefetch fault 4739 "ogle.android.gm" 9e941000 57935
           <...>-988   [007] ...1  5174.806195: do_swap_page: id 7, table 1 || 3039: 867 7fbdc10000
           <...>-988   [007] ....  5174.806237: read_swap_cache_async: remote readpage 867 "diag_mdlog" 7fbdc11000 5390e
           <...>-988   [007] ....  5174.806238: do_swap_page: prefetch fault 867 "diag_mdlog" 7fbdc11000 5390e
 ogle.android.gm-4739  [006] ...1  5174.806243: do_swap_page: id 7, table 1 || 3040: 4739 9e941000
 ogle.android.gm-4739  [006] ....  5174.806344: read_swap_cache_async: remote readpage 4739 "ogle.android.gm" 7f28a8c000 57936
 ogle.android.gm-4739  [006] ....  5174.806345: do_swap_page: prefetch fault 4739 "ogle.android.gm" 7f28a8c000 57936
           <...>-988   [007] ...1  5174.808751: do_swap_page: id 7, table 1 || 3041: 867 7fbdc11000
           <...>-988   [007] ....  5174.808768: read_swap_cache_async: remote readpage 867 "diag_mdlog" 7fbdc12000 5390f
           <...>-988   [007] ....  5174.808769: do_swap_page: prefetch fault 867 "diag_mdlog" 7fbdc12000 5390f
 ogle.android.gm-4739  [006] ...1  5174.809107: do_swap_page: id 7, table 1 || 3042: 4739 7f28a8c000
 ogle.android.gm-4739  [006] ....  5174.809216: read_swap_cache_async: remote readpage 4739 "ogle.android.gm" 7fbe297000 5b91a
 ogle.android.gm-4739  [006] ....  5174.809217: do_swap_page: prefetch fault 4739 "ogle.android.gm" 7fbe297000 5b91a
           <...>-988   [007] ...1  5174.811406: do_swap_page: id 7, table 1 || 3043: 867 7fbdc12000
           <...>-988   [007] ....  5174.811428: read_swap_cache_async: remote readpage 867 "diag_mdlog" 7fbdc13000 53910
           <...>-988   [007] ....  5174.811429: do_swap_page: prefetch fault 867 "diag_mdlog" 7fbdc13000 53910
 ogle.android.gm-4739  [006] ...1  5174.811503: do_swap_page: id 7, table 1 || 3044: 4739 7fbe297000
 ogle.android.gm-4739  [006] ....  5174.811554: read_swap_cache_async: remote readpage 4739 "ogle.android.gm" 7fbe298000 5b91b
 ogle.android.gm-4739  [006] ....  5174.811555: do_swap_page: prefetch fault 4739 "ogle.android.gm" 7fbe298000 5b91b
           <...>-988   [007] ...1  5174.813523: do_swap_page: id 7, table 1 || 3045: 867 7fbdc13000
 ogle.android.gm-4739  [006] ...1  5174.813608: do_swap_page: id 7, table 1 || 3046: 4739 7fbe298000
 ogle.android.gm-4739  [006] ...1  5174.813672: do_swap_page: id 7, table 1 || 3047: 4739 7ea10e6000
 ogle.android.gm-4739  [006] ...1  5174.813686: do_swap_page: id 7, table 1 || 3048: 4739 7eaf8b1000
 ogle.android.gm-4739  [006] ....  5174.813760: read_swap_cache_async: remote readpage 4739 "ogle.android.gm" 7e64f1a000 5b91d
 ogle.android.gm-4739  [006] ....  5174.813762: do_swap_page: prefetch fault 4739 "ogle.android.gm" 7e64f1a000 5b91d
 ogle.android.gm-4739  [006] ...1  5174.815653: do_swap_page: id 7, table 1 || 3049: 4739 7e64f1a000
 ogle.android.gm-4739  [006] ....  5174.815697: read_swap_cache_async: remote readpage 4739 "ogle.android.gm" 7e64ea0000 5b91e
 ogle.android.gm-4739  [006] ....  5174.815699: do_swap_page: prefetch fault 4739 "ogle.android.gm" 7e64ea0000 5b91e
 ogle.android.gm-4739  [006] ...1  5174.817554: do_swap_page: id 7, table 1 || 3050: 4739 7e64ea0000
 ogle.android.gm-4739  [006] ....  5174.817601: read_swap_cache_async: remote readpage 4739 "ogle.android.gm" 7e96709000 5b91f
 ogle.android.gm-4739  [006] ....  5174.817602: do_swap_page: prefetch fault 4739 "ogle.android.gm" 7e96709000 5b91f
 ogle.android.gm-4739  [006] ...1  5174.819443: do_swap_page: id 7, table 1 || 3051: 4739 7e96709000
 ogle.android.gm-4739  [006] ....  5174.819469: read_swap_cache_async: remote readpage 4739 "ogle.android.gm" 7e64e8f000 5b920
 ogle.android.gm-4739  [006] ....  5174.819470: do_swap_page: prefetch fault 4739 "ogle.android.gm" 7e64e8f000 5b920
 ogle.android.gm-4739  [006] ...1  5174.821535: do_swap_page: id 7, table 1 || 3052: 4739 7e64e8f000
 ogle.android.gm-4739  [006] ...1  5174.821566: do_swap_page: id 7, table 1 || 3053: 4739 9f1b9000
 ogle.android.gm-4739  [006] ....  5174.821631: read_swap_cache_async: remote readpage 4739 "ogle.android.gm" 7e64c9d000 5b921
 ogle.android.gm-4739  [006] ....  5174.821632: do_swap_page: prefetch fault 4739 "ogle.android.gm" 7e64c9d000 5b921
 ogle.android.gm-4739  [006] ...1  5174.825030: do_swap_page: id 7, table 1 || 3054: 4739 7e64c9d000
 ogle.android.gm-4739  [006] ...1  5174.825062: do_swap_page: id 7, table 1 || 3055: 4739 1380c000
 ogle.android.gm-4739  [006] ....  5174.825113: read_swap_cache_async: remote readpage 4739 "ogle.android.gm" 9f052000 5b922
 ogle.android.gm-4739  [006] ....  5174.825115: do_swap_page: prefetch fault 4739 "ogle.android.gm" 9f052000 5b922
 ogle.android.gm-4739  [006] ...1  5174.827335: do_swap_page: id 7, table 1 || 3056: 4739 9f052000
 ogle.android.gm-4739  [006] ....  5174.827372: read_swap_cache_async: remote readpage 4739 "ogle.android.gm" 9f002000 5b923
 ogle.android.gm-4739  [006] ....  5174.827373: do_swap_page: prefetch fault 4739 "ogle.android.gm" 9f002000 5b923
 ogle.android.gm-4739  [006] ...1  5174.829470: do_swap_page: id 7, table 1 || 3057: 4739 9f002000
 ogle.android.gm-4739  [006] ....  5174.829529: read_swap_cache_async: remote readpage 4739 "ogle.android.gm" 7e64b0e000 5b924
 ogle.android.gm-4739  [006] ....  5174.829530: do_swap_page: prefetch fault 4739 "ogle.android.gm" 7e64b0e000 5b924
           <...>-2133  [005] ....  5174.831571: read_swap_cache_async: remote readpage 1682 "RenderThread" 7eae342000 479a8
           <...>-2133  [005] ....  5174.831573: do_swap_page: prefetch fault 1682 "RenderThread" 7eae342000 479a8
 ogle.android.gm-4739  [006] ...1  5174.831985: do_swap_page: id 7, table 1 || 3058: 4739 7e64b0e000
 ogle.android.gm-4739  [006] ....  5174.832038: read_swap_cache_async: remote readpage 4739 "ogle.android.gm" 7fbc5a7000 5b925
 ogle.android.gm-4739  [006] ....  5174.832039: do_swap_page: prefetch fault 4739 "ogle.android.gm" 7fbc5a7000 5b925
           <...>-2133  [005] ...1  5174.834282: do_swap_page: id 7, table 1 || 3059: 1682 7eae342000
           <...>-2133  [005] ....  5174.834324: read_swap_cache_async: remote readpage 1682 "RenderThread" 7ed10c9000 479a9
           <...>-2133  [005] ....  5174.834325: do_swap_page: prefetch fault 1682 "RenderThread" 7ed10c9000 479a9
 ogle.android.gm-4739  [006] ...1  5174.834405: do_swap_page: id 7, table 1 || 3060: 4739 7fbc5a7000
 ogle.android.gm-4739  [006] ....  5174.834436: read_swap_cache_async: remote readpage 4739 "ogle.android.gm" 7f28918000 5b926
 ogle.android.gm-4739  [006] ....  5174.834437: do_swap_page: prefetch fault 4739 "ogle.android.gm" 7f28918000 5b926
           <...>-2133  [005] ...1  5174.836494: do_swap_page: id 7, table 1 || 3061: 1682 7ed10c9000
           <...>-2133  [005] ....  5174.836555: read_swap_cache_async: remote readpage 1682 "RenderThread" 7ea655b000 479aa
           <...>-2133  [005] ....  5174.836557: do_swap_page: prefetch fault 1682 "RenderThread" 7ea655b000 479aa
 ogle.android.gm-4739  [006] ...1  5174.836576: do_swap_page: id 7, table 1 || 3062: 4739 7f28918000
 ogle.android.gm-4739  [006] ....  5174.836617: read_swap_cache_async: remote readpage 4739 "ogle.android.gm" 7272b000 5b927
 ogle.android.gm-4739  [006] ....  5174.836618: do_swap_page: prefetch fault 4739 "ogle.android.gm" 7272b000 5b927
           <...>-2133  [005] ...1  5174.839041: do_swap_page: id 7, table 1 || 3063: 1682 7ea655b000
           <...>-2133  [005] ....  5174.839099: read_swap_cache_async: remote readpage 1682 "RenderThread" 7eae619000 479ab
           <...>-2133  [005] ....  5174.839100: do_swap_page: prefetch fault 1682 "RenderThread" 7eae619000 479ab
 ogle.android.gm-4739  [006] ...1  5174.839174: do_swap_page: id 7, table 1 || 3064: 4739 7272b000
 ogle.android.gm-4739  [006] ....  5174.839241: read_swap_cache_async: remote readpage 4739 "ogle.android.gm" 7f2a27a000 5b929
 ogle.android.gm-4739  [006] ....  5174.839242: do_swap_page: prefetch fault 4739 "ogle.android.gm" 7f2a27a000 5b929
           <...>-2133  [005] ...1  5174.842415: do_swap_page: id 7, table 1 || 3065: 1682 7eae619000
 ogle.android.gm-4739  [006] ...1  5174.842454: do_swap_page: id 7, table 1 || 3066: 4739 7f2a27a000
 ogle.android.gm-4739  [006] ....  5174.842477: read_swap_cache_async: remote readpage 4739 "ogle.android.gm" 7e64c92000 5b92a
 ogle.android.gm-4739  [006] ....  5174.842478: do_swap_page: prefetch fault 4739 "ogle.android.gm" 7e64c92000 5b92a
           <...>-2133  [006] ....  5174.842487: read_swap_cache_async: remote readpage 1682 "RenderThread" 7eb466f000 479ac
           <...>-2133  [006] ....  5174.842488: do_swap_page: prefetch fault 1682 "RenderThread" 7eb466f000 479ac
           <...>-2133  [005] ...1  5174.844609: do_swap_page: id 7, table 1 || 3067: 1682 7eb466f000
           <...>-2133  [005] ....  5174.844651: read_swap_cache_async: remote readpage 1682 "RenderThread" 7eb46e4000 479ad
           <...>-2133  [005] ....  5174.844652: do_swap_page: prefetch fault 1682 "RenderThread" 7eb46e4000 479ad
 ogle.android.gm-4739  [006] ...1  5174.844708: do_swap_page: id 7, table 1 || 3068: 4739 7e64c92000
 ogle.android.gm-4739  [006] ....  5174.844765: read_swap_cache_async: remote readpage 4739 "ogle.android.gm" 7e64c93000 5b92b
 ogle.android.gm-4739  [006] ....  5174.844766: do_swap_page: prefetch fault 4739 "ogle.android.gm" 7e64c93000 5b92b
           <...>-2133  [005] ...1  5174.847488: do_swap_page: id 7, table 1 || 3069: 1682 7eb46e4000
           <...>-2133  [005] ....  5174.847527: read_swap_cache_async: remote readpage 1682 "RenderThread" 7ed11cc000 5b901
           <...>-2133  [005] ....  5174.847528: do_swap_page: prefetch fault 1682 "RenderThread" 7ed11cc000 5b901
 ogle.android.gm-4739  [006] ...1  5174.847575: do_swap_page: id 7, table 1 || 3070: 4739 7e64c93000
 ogle.android.gm-4739  [006] ....  5174.847606: read_swap_cache_async: remote readpage 4739 "ogle.android.gm" 7e64c94000 5b92c
 ogle.android.gm-4739  [006] ....  5174.847607: do_swap_page: prefetch fault 4739 "ogle.android.gm" 7e64c94000 5b92c
           <...>-2133  [005] ...1  5174.849718: do_swap_page: id 7, table 1 || 3071: 1682 7ed11cc000
           <...>-2133  [005] ...1  5174.849739: do_swap_page: id 7, table 1 || 3072: 1682 7eb466a000
           <...>-2133  [005] ...1  5174.849762: do_swap_page: id 7, table 1 || 3073: 1682 7ed1350000
 ogle.android.gm-4739  [006] ...1  5174.849804: do_swap_page: id 7, table 1 || 3074: 4739 7e64c94000
 ogle.android.gm-4739  [006] ....  5174.849831: read_swap_cache_async: remote readpage 4739 "ogle.android.gm" 7f2a284000 5b92d
 ogle.android.gm-4739  [006] ....  5174.849832: do_swap_page: prefetch fault 4739 "ogle.android.gm" 7f2a284000 5b92d
           <...>-2133  [005] ....  5174.849896: read_swap_cache_async: remote readpage 1682 "RenderThread" 7ed116a000 5b902
           <...>-2133  [005] ....  5174.849897: do_swap_page: prefetch fault 1682 "RenderThread" 7ed116a000 5b902
 ogle.android.gm-4739  [006] ...1  5174.852116: do_swap_page: id 7, table 1 || 3075: 4739 7f2a284000
 ogle.android.gm-4739  [006] ....  5174.852173: read_swap_cache_async: remote readpage 4739 "ogle.android.gm" 72732000 5b92e
 ogle.android.gm-4739  [006] ....  5174.852175: do_swap_page: prefetch fault 4739 "ogle.android.gm" 72732000 5b92e
           <...>-2133  [005] ...1  5174.852197: do_swap_page: id 7, table 1 || 3076: 1682 7ed116a000
           <...>-2133  [005] ....  5174.852388: read_swap_cache_async: remote readpage 1682 "RenderThread" 7eb4787000 5b903
           <...>-2133  [005] ....  5174.852390: do_swap_page: prefetch fault 1682 "RenderThread" 7eb4787000 5b903
 ogle.android.gm-4739  [006] ...1  5174.854183: do_swap_page: id 7, table 1 || 3077: 4739 72732000
 ogle.android.gm-4739  [006] ....  5174.854237: read_swap_cache_async: remote readpage 4739 "ogle.android.gm" 72733000 5b92f
 ogle.android.gm-4739  [006] ....  5174.854238: do_swap_page: prefetch fault 4739 "ogle.android.gm" 72733000 5b92f
           <...>-2133  [005] ...1  5174.854376: do_swap_page: id 7, table 1 || 3078: 1682 7eb4787000
           <...>-2133  [005] ....  5174.854409: read_swap_cache_async: remote readpage 1682 "RenderThread" 7eb4444000 5b904
           <...>-2133  [005] ....  5174.854410: do_swap_page: prefetch fault 1682 "RenderThread" 7eb4444000 5b904
 ogle.android.gm-4739  [006] ...1  5174.856662: do_swap_page: id 7, table 1 || 3079: 4739 72733000
 ogle.android.gm-4739  [006] ...1  5174.856689: do_swap_page: id 7, table 1 || 3080: 4739 72736000
 ogle.android.gm-4739  [006] ...1  5174.856697: do_swap_page: id 7, table 1 || 3081: 4739 7274a000
 ogle.android.gm-4739  [006] ....  5174.856715: read_swap_cache_async: remote readpage 4739 "ogle.android.gm" 72741000 5b930
 ogle.android.gm-4739  [006] ....  5174.856716: do_swap_page: prefetch fault 4739 "ogle.android.gm" 72741000 5b930
           <...>-2133  [005] ...1  5174.856751: do_swap_page: id 7, table 1 || 3082: 1682 7eb4444000
           <...>-2133  [005] ....  5174.856888: read_swap_cache_async: remote readpage 1682 "RenderThread" 7eb4627000 57917
           <...>-2133  [005] ....  5174.856890: do_swap_page: prefetch fault 1682 "RenderThread" 7eb4627000 57917
 ogle.android.gm-4739  [006] ...1  5174.858991: do_swap_page: id 7, table 1 || 3083: 4739 72741000
 ogle.android.gm-4739  [006] ....  5174.859064: read_swap_cache_async: remote readpage 4739 "ogle.android.gm" 7e64c97000 5b931
 ogle.android.gm-4739  [006] ....  5174.859066: do_swap_page: prefetch fault 4739 "ogle.android.gm" 7e64c97000 5b931
