 gle.android.gms-2541  [006] ....  7719.559033: read_swap_cache_async: remote readpage 2541 "gle.android.gms" 7f1f634000 fb919
 gle.android.gms-2541  [006] ....  7719.559034: do_swap_page: prefetch fault 2541 "gle.android.gms" 7f1f634000 fb919
           <...>-3786  [005] ...1  7719.559058: do_swap_page: id 7, table 0 || 2541: 1336 7f23531000
           <...>-3786  [005] ...1  7719.559106: do_swap_page: id 7, table 0 || 2542: 1336 72846000
           <...>-841   [005] ...1  7719.559160: do_swap_page: id 7, table 0 || 2543: 841 7fbf6ff000
           <...>-841   [005] ....  7719.559204: read_swap_cache_async: remote readpage 841 "rmt_storage" 7fbd42b000 eb9f0
           <...>-841   [005] ....  7719.559205: do_swap_page: prefetch fault 841 "rmt_storage" 7fbd42b000 eb9f0
           <...>-3786  [005] ....  7719.559209: read_swap_cache_async: remote readpage 1336 "Binder:1336_D" 7f23532000 eb9fb
           <...>-3786  [005] ....  7719.559211: do_swap_page: prefetch fault 1336 "Binder:1336_D" 7f23532000 eb9fb
 gle.android.gms-2541  [006] ...1  7719.561197: do_swap_page: id 7, table 0 || 2544: 2541 7f1f634000
 gle.android.gms-2541  [006] ....  7719.561238: read_swap_cache_async: remote readpage 2541 "gle.android.gms" 7f28de4000 fb91a
 gle.android.gms-2541  [006] ....  7719.561239: do_swap_page: prefetch fault 2541 "gle.android.gms" 7f28de4000 fb91a
           <...>-3786  [005] ...1  7719.561264: do_swap_page: id 7, table 0 || 2545: 1336 7f23532000
           <...>-823   [003] ...1  7719.561284: do_swap_page: id 7, table 0 || 2546: 823 7fbc644000
           <...>-570   [001] ...1  7719.561399: do_swap_page: id 7, table 0 || 2547: 558 7fb578f000
           <...>-823   [003] ....  7719.561407: read_swap_cache_async: remote readpage 823 "sensors@2.0-ser" 7fbc71f000 eb9e0
           <...>-823   [003] ....  7719.561411: do_swap_page: prefetch fault 823 "sensors@2.0-ser" 7fbc71f000 eb9e0
           <...>-841   [005] ...1  7719.561461: do_swap_page: id 7, table 0 || 2548: 841 7fbd42b000
           <...>-841   [005] ....  7719.561503: read_swap_cache_async: remote readpage 841 "rmt_storage" 7fbd409000 eb9f1
           <...>-841   [005] ....  7719.561504: do_swap_page: prefetch fault 841 "rmt_storage" 7fbd409000 eb9f1
           <...>-3786  [005] ....  7719.561508: read_swap_cache_async: remote readpage 1336 "Binder:1336_D" 7ed0dae000 eb9fd
           <...>-3786  [005] ....  7719.561509: do_swap_page: prefetch fault 1336 "Binder:1336_D" 7ed0dae000 eb9fd
 gle.android.gms-2541  [006] ...1  7719.564025: do_swap_page: id 7, table 0 || 2549: 2541 7f28de4000
 gle.android.gms-2541  [006] ....  7719.564090: read_swap_cache_async: remote readpage 2541 "gle.android.gms" 7f1f630000 fb91b
 gle.android.gms-2541  [006] ....  7719.564091: do_swap_page: prefetch fault 2541 "gle.android.gms" 7f1f630000 fb91b
           <...>-841   [005] ...1  7719.564119: do_swap_page: id 7, table 0 || 2550: 841 7fbd409000
           <...>-841   [005] ....  7719.564163: read_swap_cache_async: remote readpage 841 "rmt_storage" 7fbd42a000 eb9f2
           <...>-841   [005] ....  7719.564164: do_swap_page: prefetch fault 841 "rmt_storage" 7fbd42a000 eb9f2
           <...>-3786  [005] ...1  7719.564170: do_swap_page: id 7, table 0 || 2551: 1336 7ed0dae000
           <...>-823   [003] ...1  7719.564173: do_swap_page: id 7, table 0 || 2552: 823 7fbc71f000
           <...>-26144 [005] ....  7719.564257: read_swap_cache_async: remote readpage 2257 "Binder:2257_F" 7fbe19c000 e7979
           <...>-26144 [005] ....  7719.564259: do_swap_page: prefetch fault 2257 "Binder:2257_F" 7fbe19c000 e7979
           <...>-823   [003] ....  7719.564289: read_swap_cache_async: remote readpage 823 "sensors@2.0-ser" 7fbd5f7000 eb9e1
           <...>-823   [003] ....  7719.564292: do_swap_page: prefetch fault 823 "sensors@2.0-ser" 7fbd5f7000 eb9e1
           <...>-31640 [001] ....  7719.565700: read_swap_cache_async: remote readpage 823 "sensors@2.0-ser" 7fbdd3f000 eb9e3
           <...>-31640 [001] ....  7719.565704: do_swap_page: prefetch fault 823 "sensors@2.0-ser" 7fbdd3f000 eb9e3
 gle.android.gms-2541  [006] ...1  7719.566407: do_swap_page: id 7, table 0 || 2553: 2541 7f1f630000
 gle.android.gms-2541  [006] ...1  7719.566421: do_swap_page: id 7, table 0 || 2554: 2541 133d8000
           <...>-841   [005] ...1  7719.566446: do_swap_page: id 7, table 0 || 2555: 841 7fbd42a000
 gle.android.gms-2541  [006] ...1  7719.566457: do_swap_page: id 7, table 0 || 2556: 2541 72895000
 gle.android.gms-2541  [006] ...1  7719.566485: do_swap_page: id 7, table 0 || 2557: 2541 7ed335f000
 gle.android.gms-2541  [006] ...1  7719.566496: do_swap_page: id 7, table 0 || 2558: 2541 7ed33aa000
 gle.android.gms-2541  [006] ...1  7719.566505: do_swap_page: id 7, table 0 || 2559: 2541 12ecf000
           <...>-26144 [005] ...1  7719.566530: do_swap_page: id 7, table 0 || 2560: 2257 7fbe19c000
 gle.android.gms-2541  [006] ....  7719.566556: read_swap_cache_async: remote readpage 2541 "gle.android.gms" 7f20ec8000 fb91c
 gle.android.gms-2541  [006] ....  7719.566557: do_swap_page: prefetch fault 2541 "gle.android.gms" 7f20ec8000 fb91c
           <...>-26144 [005] ...1  7719.566557: do_swap_page: id 7, table 0 || 2561: 2257 1428a000
           <...>-823   [003] ...1  7719.566574: do_swap_page: id 7, table 0 || 2562: 823 7fbd5f7000
           <...>-26144 [005] ...1  7719.566583: do_swap_page: id 7, table 0 || 2563: 2257 1429d000
           <...>-841   [005] ....  7719.566665: read_swap_cache_async: remote readpage 841 "rmt_storage" 7fbd40a000 eb9f3
           <...>-841   [005] ....  7719.566667: do_swap_page: prefetch fault 841 "rmt_storage" 7fbd40a000 eb9f3
           <...>-26144 [005] ....  7719.566672: read_swap_cache_async: remote readpage 2257 "Binder:2257_F" 1480b000 f7925
           <...>-26144 [005] ....  7719.566673: do_swap_page: prefetch fault 2257 "Binder:2257_F" 1480b000 f7925
           <...>-31640 [001] ...1  7719.568633: do_swap_page: id 7, table 0 || 2564: 823 7fbdd3f000
           <...>-31640 [001] ....  7719.568690: read_swap_cache_async: remote readpage 823 "sensors@2.0-ser" 7fbdb3e000 e39cb
           <...>-31640 [001] ....  7719.568772: do_swap_page: prefetch fault 823 "sensors@2.0-ser" 7fbdb3e000 e39cb
           <...>-841   [005] ...1  7719.568827: do_swap_page: id 7, table 0 || 2565: 841 7fbd40a000
           <...>-841   [005] ....  7719.568885: read_swap_cache_async: remote readpage 841 "rmt_storage" 7fbdca2000 eb9f4
           <...>-841   [005] ....  7719.568887: do_swap_page: prefetch fault 841 "rmt_storage" 7fbdca2000 eb9f4
 gle.android.gms-2541  [006] ...1  7719.568958: do_swap_page: id 7, table 0 || 2566: 2541 7f20ec8000
 gle.android.gms-2541  [006] ...1  7719.568980: do_swap_page: id 7, table 0 || 2567: 2541 7f2d8fa000
 gle.android.gms-2541  [006] ...1  7719.568990: do_swap_page: id 7, table 0 || 2568: 2541 13393000
 gle.android.gms-2541  [006] ...1  7719.569009: do_swap_page: id 7, table 0 || 2569: 2541 12eb2000
 gle.android.gms-2541  [006] ...1  7719.569020: do_swap_page: id 7, table 0 || 2570: 2541 133fe000
 gle.android.gms-2541  [006] ...1  7719.569031: do_swap_page: id 7, table 0 || 2571: 2541 7f28df3000
 gle.android.gms-2541  [006] ...1  7719.569040: do_swap_page: id 7, table 0 || 2572: 2541 7f30892000
 gle.android.gms-2541  [006] ...1  7719.569048: do_swap_page: id 7, table 0 || 2573: 2541 7f2dc48000
 gle.android.gms-2541  [006] ...1  7719.569066: do_swap_page: id 7, table 0 || 2574: 2541 12e15000
           <...>-26144 [005] ...1  7719.569135: do_swap_page: id 7, table 0 || 2575: 2257 1480b000
           <...>-26144 [005] ....  7719.569192: read_swap_cache_async: remote readpage 2257 "Binder:2257_F" 14a94000 f7926
           <...>-26144 [005] ....  7719.569194: do_swap_page: prefetch fault 2257 "Binder:2257_F" 14a94000 f7926
 gle.android.gms-2541  [006] ...1  7719.569305: do_swap_page: id 7, table 0 || 2576: 2541 7fbe1fc000
   Binder:4739_E-30309 [007] ....  7719.569666: read_swap_cache_async: remote readpage 4739 "Binder:4739_E" 7ea1116000 f79c1
   Binder:4739_E-30309 [007] ....  7719.569668: do_swap_page: prefetch fault 4739 "Binder:4739_E" 7ea1116000 f79c1
 gle.android.gms-2541  [006] ...1  7719.569779: do_swap_page: id 7, table 0 || 2577: 2541 13c35000
 gle.android.gms-2541  [006] ...1  7719.569794: do_swap_page: id 7, table 0 || 2578: 2541 134fd000
 gle.android.gms-2541  [006] ...1  7719.569803: do_swap_page: id 7, table 0 || 2579: 2541 135b2000
 gle.android.gms-2541  [006] ...1  7719.569819: do_swap_page: id 7, table 0 || 2580: 2541 7f28bfd000
           <...>-2774  [006] ...1  7719.569874: do_swap_page: id 7, table 0 || 2581: 2541 7f28bfe000
           <...>-2774  [006] ...1  7719.569883: do_swap_page: id 7, table 0 || 2582: 2541 1350b000
           <...>-2774  [006] ...1  7719.569890: do_swap_page: id 7, table 0 || 2583: 2541 135b9000
           <...>-2774  [006] ...1  7719.569907: do_swap_page: id 7, table 0 || 2584: 2541 7f28bff000
           <...>-2774  [006] ...1  7719.569915: do_swap_page: id 7, table 0 || 2585: 2541 13c06000
           <...>-2774  [006] ...1  7719.569925: do_swap_page: id 7, table 0 || 2586: 2541 7f236f1000
           <...>-2774  [006] ...1  7719.569935: do_swap_page: id 7, table 0 || 2587: 2541 134fb000
           <...>-2774  [006] ...1  7719.569943: do_swap_page: id 7, table 0 || 2588: 2541 13074000
           <...>-2774  [006] ...1  7719.569952: do_swap_page: id 7, table 0 || 2589: 2541 130d5000
           <...>-2774  [006] ...1  7719.569962: do_swap_page: id 7, table 0 || 2590: 2541 7ed33cd000
           <...>-2774  [006] ...1  7719.569970: do_swap_page: id 7, table 0 || 2591: 2541 13493000
           <...>-2774  [006] ...1  7719.569984: do_swap_page: id 7, table 0 || 2592: 2541 7f28c00000
           <...>-2774  [006] ...1  7719.569996: do_swap_page: id 7, table 0 || 2593: 2541 7f20c90000
           <...>-2774  [006] ...1  7719.570020: do_swap_page: id 7, table 0 || 2594: 2541 7fbbca6000
           <...>-2774  [006] ...1  7719.570032: do_swap_page: id 7, table 0 || 2595: 2541 12f08000
           <...>-2774  [006] ...1  7719.570047: do_swap_page: id 7, table 0 || 2596: 2541 7f28a22000
           <...>-2774  [006] ...1  7719.570065: do_swap_page: id 7, table 0 || 2597: 2541 7f28a4b000
           <...>-2774  [006] ...1  7719.570078: do_swap_page: id 7, table 0 || 2598: 2541 12dba000
           <...>-5134  [006] ...1  7719.570191: do_swap_page: id 7, table 0 || 2599: 2257 14ccc000
           <...>-5134  [006] ...1  7719.570207: do_swap_page: id 7, table 0 || 2600: 2257 13246000
           <...>-5134  [006] ...1  7719.570247: do_swap_page: id 7, table 0 || 2601: 2257 12ed5000
           <...>-5134  [006] ...1  7719.570256: do_swap_page: id 7, table 0 || 2602: 2257 12ed8000
           <...>-5134  [006] ...1  7719.570306: do_swap_page: id 7, table 0 || 2603: 2257 7fbe291000
           <...>-5134  [006] ...1  7719.570348: do_swap_page: id 7, table 0 || 2604: 2257 13d28000
           <...>-5134  [006] ...1  7719.570359: do_swap_page: id 7, table 0 || 2605: 2257 142b2000
           <...>-5134  [006] ...1  7719.570410: do_swap_page: id 7, table 0 || 2606: 2257 7f28b73000
           <...>-5134  [006] ...1  7719.570424: do_swap_page: id 7, table 0 || 2607: 2257 14117000
           <...>-5134  [006] ...1  7719.570437: do_swap_page: id 7, table 0 || 2608: 2257 7f28b74000
           <...>-5134  [006] ...1  7719.570453: do_swap_page: id 7, table 0 || 2609: 2257 72724000
           <...>-5134  [006] ...1  7719.570466: do_swap_page: id 7, table 0 || 2610: 2257 12f17000
           <...>-5134  [006] ...1  7719.570472: do_swap_page: id 7, table 0 || 2611: 2257 12f18000
           <...>-5134  [006] ...1  7719.570514: do_swap_page: id 7, table 0 || 2612: 2257 12ed6000
           <...>-5134  [006] ...1  7719.570645: do_swap_page: id 7, table 0 || 2613: 2257 7ed437e000
           <...>-5134  [006] ...1  7719.570684: do_swap_page: id 7, table 0 || 2614: 2257 7ed4409000
           <...>-5134  [006] ...1  7719.570702: do_swap_page: id 7, table 0 || 2615: 2257 12d9c000
           <...>-2774  [006] ...1  7719.570800: do_swap_page: id 7, table 0 || 2616: 2541 7ec4846000
           <...>-2774  [006] ...1  7719.570827: do_swap_page: id 7, table 0 || 2617: 2541 12e18000
           <...>-2774  [006] ...1  7719.570849: do_swap_page: id 7, table 0 || 2618: 2541 13494000
           <...>-2774  [006] ...1  7719.570868: do_swap_page: id 7, table 0 || 2619: 2541 7f3982f000
           <...>-2774  [006] ...1  7719.570875: do_swap_page: id 7, table 0 || 2620: 2541 7f3980c000
           <...>-2774  [006] ...1  7719.570893: do_swap_page: id 7, table 0 || 2621: 2541 134e0000
           <...>-2774  [006] ...1  7719.570911: do_swap_page: id 7, table 0 || 2622: 2541 7f28c08000
           <...>-31640 [001] ...1  7719.570921: do_swap_page: id 7, table 0 || 2623: 823 7fbdb3e000
           <...>-2774  [006] ...1  7719.570922: do_swap_page: id 7, table 0 || 2624: 2541 132d9000
           <...>-2774  [006] ...1  7719.570934: do_swap_page: id 7, table 0 || 2625: 2541 1300a000
           <...>-2774  [006] ...1  7719.570947: do_swap_page: id 7, table 0 || 2626: 2541 1349c000
           <...>-2774  [006] ...1  7719.570956: do_swap_page: id 7, table 0 || 2627: 2541 7f2dc4a000
           <...>-841   [005] ...1  7719.570962: do_swap_page: id 7, table 0 || 2628: 841 7fbdca2000
           <...>-841   [005] ....  7719.570978: read_swap_cache_async: remote readpage 841 "rmt_storage" 7fbdc9e000 eb9f5
           <...>-841   [005] ....  7719.570979: do_swap_page: prefetch fault 841 "rmt_storage" 7fbdc9e000 eb9f5
  Binder:1336_11-5358  [002] ...1  7719.570997: do_swap_page: id 7, table 0 || 2629: 1336 7f28967000
           <...>-5134  [006] ...1  7719.571003: do_swap_page: id 7, table 0 || 2630: 2257 14cd4000
  Binder:1336_11-5358  [002] ...1  7719.571014: do_swap_page: id 7, table 0 || 2631: 1336 7f2896b000
           <...>-5134  [006] ...1  7719.571022: do_swap_page: id 7, table 0 || 2632: 2257 7e96355000
  Binder:1336_11-5358  [002] ...1  7719.571026: do_swap_page: id 7, table 0 || 2633: 1336 7f2896c000
           <...>-5134  [006] ...1  7719.571038: do_swap_page: id 7, table 0 || 2634: 2257 7f34ead000
  Binder:1336_11-5358  [002] ....  7719.571053: read_swap_cache_async: remote readpage 1336 "Binder:1336_11" 7eb908a000 f7901
  Binder:1336_11-5358  [002] ....  7719.571055: do_swap_page: prefetch fault 1336 "Binder:1336_11" 7eb908a000 f7901
           <...>-31640 [002] ....  7719.571081: read_swap_cache_async: remote readpage 823 "sensors@2.0-ser" 7fbc612000 e39cc
           <...>-31640 [002] ....  7719.571084: do_swap_page: prefetch fault 823 "sensors@2.0-ser" 7fbc612000 e39cc
           <...>-2774  [006] ...1  7719.571110: do_swap_page: id 7, table 0 || 2635: 2541 13c17000
           <...>-570   [003] ...1  7719.571126: do_swap_page: id 7, table 0 || 2636: 558 7fb5795000
           <...>-26144 [005] ...1  7719.571133: do_swap_page: id 7, table 0 || 2637: 2257 14a94000
           <...>-26144 [005] ....  7719.571175: read_swap_cache_async: remote readpage 2257 "Binder:2257_F" 7fbbea5000 f7927
           <...>-26144 [005] ....  7719.571177: do_swap_page: prefetch fault 2257 "Binder:2257_F" 7fbbea5000 f7927
           <...>-2774  [006] ...1  7719.571226: do_swap_page: id 7, table 0 || 2638: 2541 7ed33f4000
           <...>-2774  [006] ...1  7719.571238: do_swap_page: id 7, table 0 || 2639: 2541 12e2d000
   Binder:4739_E-30309 [007] ...1  7719.572511: do_swap_page: id 7, table 0 || 2640: 4739 7ea1116000
           <...>-31640 [001] ...1  7719.573627: do_swap_page: id 7, table 0 || 2641: 823 7fbc612000
           <...>-841   [004] ...1  7719.573647: do_swap_page: id 7, table 0 || 2642: 841 7fbdc9e000
           <...>-31640 [001] ....  7719.573660: read_swap_cache_async: remote readpage 823 "sensors@2.0-ser" 7fbc613000 e39cd
           <...>-841   [004] ....  7719.573662: read_swap_cache_async: remote readpage 841 "rmt_storage" 7fbdc9f000 f3927
           <...>-31640 [001] ....  7719.573663: do_swap_page: prefetch fault 823 "sensors@2.0-ser" 7fbc613000 e39cd
           <...>-841   [004] ....  7719.573663: do_swap_page: prefetch fault 841 "rmt_storage" 7fbdc9f000 f3927
           <...>-26144 [005] ...1  7719.573781: do_swap_page: id 7, table 0 || 2643: 2257 7fbbea5000
  Binder:1336_11-5358  [002] ...1  7719.573798: do_swap_page: id 7, table 0 || 2644: 1336 7eb908a000
           <...>-26144 [005] ...1  7719.573803: do_swap_page: id 7, table 0 || 2645: 2257 7fbe260000
           <...>-26144 [005] ...1  7719.573882: do_swap_page: id 7, table 0 || 2646: 2257 1324d000
           <...>-26144 [005] ....  7719.573903: read_swap_cache_async: remote readpage 2257 "Binder:2257_F" 146f6000 f7928
           <...>-26144 [005] ....  7719.573904: do_swap_page: prefetch fault 2257 "Binder:2257_F" 146f6000 f7928
           <...>-31640 [001] ...1  7719.576708: do_swap_page: id 7, table 0 || 2647: 823 7fbc613000
           <...>-31640 [001] ....  7719.576749: read_swap_cache_async: remote readpage 823 "sensors@2.0-ser" 7fbc614000 e39ce
           <...>-31640 [001] ....  7719.576752: do_swap_page: prefetch fault 823 "sensors@2.0-ser" 7fbc614000 e39ce
           <...>-31644 [002] ....  7719.576764: read_swap_cache_async: remote readpage 823 "sensors@2.0-ser" 7fbc802000 eb9e4
           <...>-31644 [002] ....  7719.576768: do_swap_page: prefetch fault 823 "sensors@2.0-ser" 7fbc802000 eb9e4
           <...>-841   [004] ...1  7719.576893: do_swap_page: id 7, table 0 || 2648: 841 7fbdc9f000
           <...>-841   [004] ....  7719.576906: read_swap_cache_async: remote readpage 841 "rmt_storage" 7fbd401000 f3928
           <...>-841   [004] ....  7719.576907: do_swap_page: prefetch fault 841 "rmt_storage" 7fbd401000 f3928
           <...>-26144 [005] ...1  7719.577092: do_swap_page: id 7, table 0 || 2649: 2257 146f6000
           <...>-26144 [005] ....  7719.577119: read_swap_cache_async: remote readpage 2257 "Binder:2257_F" 13cf5000 f7929
           <...>-26144 [005] ....  7719.577120: do_swap_page: prefetch fault 2257 "Binder:2257_F" 13cf5000 f7929
           <...>-31644 [002] ...1  7719.579154: do_swap_page: id 7, table 0 || 2650: 823 7fbc802000
           <...>-841   [004] ...1  7719.579184: do_swap_page: id 7, table 0 || 2651: 841 7fbd401000
           <...>-841   [004] ....  7719.579195: read_swap_cache_async: remote readpage 841 "rmt_storage" 7fbd400000 f3929
           <...>-841   [004] ....  7719.579196: do_swap_page: prefetch fault 841 "rmt_storage" 7fbd400000 f3929
           <...>-26144 [005] ...1  7719.579297: do_swap_page: id 7, table 0 || 2652: 2257 13cf5000
           <...>-31644 [002] ....  7719.579333: read_swap_cache_async: remote readpage 823 "sensors@2.0-ser" 7fbc803000 f3915
           <...>-26144 [005] ...1  7719.579334: do_swap_page: id 7, table 0 || 2653: 2257 7fbdbfa000
           <...>-31644 [002] ....  7719.579337: do_swap_page: prefetch fault 823 "sensors@2.0-ser" 7fbc803000 f3915
           <...>-26144 [005] ...1  7719.579348: do_swap_page: id 7, table 0 || 2654: 2257 7fbe229000
           <...>-26144 [005] ...1  7719.579415: do_swap_page: id 7, table 0 || 2655: 2257 146c5000
           <...>-26144 [005] ...1  7719.579439: do_swap_page: id 7, table 0 || 2656: 2257 137c7000
           <...>-26144 [005] ...1  7719.579452: do_swap_page: id 7, table 0 || 2657: 2257 7f28a57000
           <...>-26144 [005] ...1  7719.579459: do_swap_page: id 7, table 0 || 2658: 2257 7fbe22e000
 .gms.persistent-2257  [005] ...1  7719.579516: do_swap_page: id 7, table 0 || 2659: 2257 7fffffd000
 .gms.persistent-2257  [005] ...1  7719.579531: do_swap_page: id 7, table 0 || 2660: 2257 7fbe491000
 .gms.persistent-2257  [005] ...1  7719.579541: do_swap_page: id 7, table 0 || 2661: 2257 7fbe1a2000
 .gms.persistent-2257  [005] ...1  7719.579550: do_swap_page: id 7, table 0 || 2662: 2257 7fbe1a3000
 .gms.persistent-2257  [005] ...1  7719.579557: do_swap_page: id 7, table 0 || 2663: 2257 7fbe25a000
 .gms.persistent-2257  [005] ...1  7719.579568: do_swap_page: id 7, table 0 || 2664: 2257 7fffffc000
 .gms.persistent-2257  [005] ...1  7719.579581: do_swap_page: id 7, table 0 || 2665: 2257 7fffffb000
 .gms.persistent-2257  [005] ...1  7719.579591: do_swap_page: id 7, table 0 || 2666: 2257 7270b000
 .gms.persistent-2257  [005] ...1  7719.579598: do_swap_page: id 7, table 0 || 2667: 2257 72878000
 .gms.persistent-2257  [005] ...1  7719.579606: do_swap_page: id 7, table 0 || 2668: 2257 7fbdebd000
 .gms.persistent-2257  [005] ...1  7719.579615: do_swap_page: id 7, table 0 || 2669: 2257 143ca000
           <...>-570   [000] ...1  7719.579689: do_swap_page: id 7, table 0 || 2670: 558 7ffffff000
 .gms.persistent-2257  [005] ....  7719.579692: read_swap_cache_async: remote readpage 2257 ".gms.persistent" 148a0000 f792a
 .gms.persistent-2257  [005] ....  7719.579693: do_swap_page: prefetch fault 2257 ".gms.persistent" 148a0000 f792a
           <...>-570   [000] ...1  7719.579761: do_swap_page: id 7, table 0 || 2671: 558 7fb5799000
           <...>-31640 [001] ...1  7719.579871: do_swap_page: id 7, table 0 || 2672: 823 7fbc614000
           <...>-31640 [001] ....  7719.579899: read_swap_cache_async: remote readpage 823 "sensors@2.0-ser" 7fbc804000 f3914
           <...>-31640 [001] ....  7719.579902: do_swap_page: prefetch fault 823 "sensors@2.0-ser" 7fbc804000 f3914
           <...>-31644 [002] ...1  7719.581444: do_swap_page: id 7, table 0 || 2673: 823 7fbc803000
           <...>-841   [004] ...1  7719.581456: do_swap_page: id 7, table 0 || 2674: 841 7fbd400000
 .gms.persistent-2257  [005] ...1  7719.581549: do_swap_page: id 7, table 0 || 2675: 2257 148a0000
           <...>-841   [004] ....  7719.581551: read_swap_cache_async: remote readpage 841 "rmt_storage" 7fbd430000 e7962
           <...>-841   [004] ....  7719.581553: do_swap_page: prefetch fault 841 "rmt_storage" 7fbd430000 e7962
 .gms.persistent-2257  [005] ...1  7719.581570: do_swap_page: id 7, table 0 || 2676: 2257 7fbe15d000
           <...>-31644 [002] ...1  7719.581574: do_swap_page: id 7, table 0 || 2677: 823 7fbc804000
 .gms.persistent-2257  [005] ...1  7719.581576: do_swap_page: id 7, table 0 || 2678: 2257 7fbe15c000
 .gms.persistent-2257  [005] ...1  7719.581587: do_swap_page: id 7, table 0 || 2679: 2257 7eb82b9000
 .gms.persistent-2257  [005] ...1  7719.581595: do_swap_page: id 7, table 0 || 2680: 2257 7fbf700000
 .gms.persistent-2257  [005] ...1  7719.581603: do_swap_page: id 7, table 0 || 2681: 2257 7fbf6ff000
           <...>-31644 [002] ....  7719.581624: read_swap_cache_async: remote readpage 823 "sensors@2.0-ser" 7fbdd47000 f3918
           <...>-31640 [001] ....  7719.581624: read_swap_cache_async: remote readpage 823 "sensors@2.0-ser" 7fb9c00000 f3916
           <...>-31644 [002] ....  7719.581627: do_swap_page: prefetch fault 823 "sensors@2.0-ser" 7fbdd47000 f3918
           <...>-31640 [001] ....  7719.581628: do_swap_page: prefetch fault 823 "sensors@2.0-ser" 7fb9c00000 f3916
 .gms.persistent-2257  [005] ....  7719.581636: read_swap_cache_async: remote readpage 2257 ".gms.persistent" 146e9000 f792b
 .gms.persistent-2257  [005] ....  7719.581638: do_swap_page: prefetch fault 2257 ".gms.persistent" 146e9000 f792b
           <...>-841   [004] ...1  7719.584114: do_swap_page: id 7, table 0 || 2682: 841 7fbd430000
           <...>-31640 [001] ...1  7719.584164: do_swap_page: id 7, table 0 || 2683: 823 7fb9c00000
           <...>-841   [004] ....  7719.584191: read_swap_cache_async: remote readpage 841 "rmt_storage" 7fbf700000 e7963
           <...>-31640 [001] ....  7719.584192: read_swap_cache_async: remote readpage 823 "sensors@2.0-ser" 7fbc629000 f3917
           <...>-841   [004] ....  7719.584192: do_swap_page: prefetch fault 841 "rmt_storage" 7fbf700000 e7963
           <...>-31640 [001] ....  7719.584195: do_swap_page: prefetch fault 823 "sensors@2.0-ser" 7fbc629000 f3917
 .gms.persistent-2257  [006] ...1  7719.584196: do_swap_page: id 7, table 0 || 2684: 2257 146e9000
           <...>-31644 [002] ...1  7719.584199: do_swap_page: id 7, table 0 || 2685: 823 7fbdd47000
 .gms.persistent-2257  [006] ....  7719.584211: read_swap_cache_async: remote readpage 2257 ".gms.persistent" 7f231c7000 f792c
 .gms.persistent-2257  [006] ....  7719.584212: do_swap_page: prefetch fault 2257 ".gms.persistent" 7f231c7000 f792c
           <...>-31644 [002] ....  7719.584371: read_swap_cache_async: remote readpage 823 "sensors@2.0-ser" 7fb9c02000 f391a
           <...>-31644 [002] ....  7719.584375: do_swap_page: prefetch fault 823 "sensors@2.0-ser" 7fb9c02000 f391a
           <...>-841   [004] ...1  7719.587440: do_swap_page: id 7, table 0 || 2686: 841 7fbf700000
           <...>-841   [004] ....  7719.587511: read_swap_cache_async: remote readpage 841 "rmt_storage" 7fbd1ea000 e7964
 .gms.persistent-2257  [005] ...1  7719.587512: do_swap_page: id 7, table 0 || 2687: 2257 7f231c7000
           <...>-841   [004] ....  7719.587512: do_swap_page: prefetch fault 841 "rmt_storage" 7fbd1ea000 e7964
           <...>-31640 [001] ...1  7719.587522: do_swap_page: id 7, table 0 || 2688: 823 7fbc629000
 .gms.persistent-2257  [005] ...1  7719.587532: do_swap_page: id 7, table 0 || 2689: 2257 7ed4380000
           <...>-31640 [001] ....  7719.587556: read_swap_cache_async: remote readpage 823 "sensors@2.0-ser" 7fbdd49000 f3919
           <...>-31640 [001] ....  7719.587559: do_swap_page: prefetch fault 823 "sensors@2.0-ser" 7fbdd49000 f3919
           <...>-31644 [002] ...1  7719.587574: do_swap_page: id 7, table 0 || 2690: 823 7fb9c02000
 .gms.persistent-2257  [005] ....  7719.587590: read_swap_cache_async: remote readpage 2257 ".gms.persistent" 7ed4365000 f792d
 .gms.persistent-2257  [005] ....  7719.587591: do_swap_page: prefetch fault 2257 ".gms.persistent" 7ed4365000 f792d
           <...>-31644 [002] ....  7719.587672: read_swap_cache_async: remote readpage 823 "sensors@2.0-ser" 7fbc6ad000 eb9e5
           <...>-31644 [002] ....  7719.587675: do_swap_page: prefetch fault 823 "sensors@2.0-ser" 7fbc6ad000 eb9e5
           <...>-841   [005] ...1  7719.589259: do_swap_page: id 7, table 0 || 2691: 841 7fbd1ea000
           <...>-841   [005] ....  7719.589304: read_swap_cache_async: remote readpage 841 "rmt_storage" 7fbd600000 e7965
           <...>-841   [005] ....  7719.589305: do_swap_page: prefetch fault 841 "rmt_storage" 7fbd600000 e7965
 .gms.persistent-2257  [005] ...1  7719.590062: do_swap_page: id 7, table 0 || 2692: 2257 7ed4365000
 .gms.persistent-2257  [005] ....  7719.590107: read_swap_cache_async: remote readpage 2257 ".gms.persistent" 146fe000 e39de
 .gms.persistent-2257  [005] ....  7719.590108: do_swap_page: prefetch fault 2257 ".gms.persistent" 146fe000 e39de
           <...>-31644 [002] ...1  7719.590229: do_swap_page: id 7, table 0 || 2693: 823 7fbc6ad000
           <...>-31644 [002] ....  7719.590332: read_swap_cache_async: remote readpage 823 "sensors@2.0-ser" 7fb9c06000 eb9e6
           <...>-31644 [002] ....  7719.590335: do_swap_page: prefetch fault 823 "sensors@2.0-ser" 7fb9c06000 eb9e6
           <...>-31640 [001] ...1  7719.590986: do_swap_page: id 7, table 0 || 2694: 823 7fbdd49000
           <...>-31640 [001] ....  7719.591018: read_swap_cache_async: remote readpage 823 "sensors@2.0-ser" 7fbc3e4000 f391b
           <...>-31640 [001] ....  7719.591021: do_swap_page: prefetch fault 823 "sensors@2.0-ser" 7fbc3e4000 f391b
           <...>-841   [005] ...1  7719.591826: do_swap_page: id 7, table 0 || 2695: 841 7fbd600000
 .gms.persistent-2257  [005] ...1  7719.591884: do_swap_page: id 7, table 0 || 2696: 2257 146fe000
 .gms.persistent-2257  [005] ....  7719.591941: read_swap_cache_async: remote readpage 2257 ".gms.persistent" 14a9b000 e39df
 .gms.persistent-2257  [005] ....  7719.591942: do_swap_page: prefetch fault 2257 ".gms.persistent" 14a9b000 e39df
           <...>-31644 [002] ...1  7719.591961: do_swap_page: id 7, table 0 || 2697: 823 7fb9c06000
           <...>-31644 [002] ....  7719.592045: read_swap_cache_async: remote readpage 823 "sensors@2.0-ser" 7fb9c03000 eb9e8
           <...>-31644 [002] ....  7719.592049: do_swap_page: prefetch fault 823 "sensors@2.0-ser" 7fb9c03000 eb9e8
   Binder:1997_5-2539  [005] ....  7719.592876: read_swap_cache_async: remote readpage 1997 "Binder:1997_5" 13cf9000 f790d
   Binder:1997_5-2539  [005] ....  7719.592877: do_swap_page: prefetch fault 1997 "Binder:1997_5" 13cf9000 f790d
           <...>-31640 [001] ...1  7719.593639: do_swap_page: id 7, table 0 || 2698: 823 7fbc3e4000
 .gms.persistent-2257  [005] ...1  7719.593686: do_swap_page: id 7, table 0 || 2699: 2257 14a9b000
 .gms.persistent-2257  [005] ....  7719.593735: read_swap_cache_async: remote readpage 2257 ".gms.persistent" 146ff000 e39e0
 .gms.persistent-2257  [005] ....  7719.593736: do_swap_page: prefetch fault 2257 ".gms.persistent" 146ff000 e39e0
           <...>-31640 [001] ....  7719.593861: read_swap_cache_async: remote readpage 823 "sensors@2.0-ser" 7fbdd48000 eb9e7
           <...>-31640 [001] ....  7719.593864: do_swap_page: prefetch fault 823 "sensors@2.0-ser" 7fbdd48000 eb9e7
           <...>-570   [001] ...1  7719.593972: do_swap_page: id 7, table 0 || 2700: 558 7fb5766000
           <...>-570   [001] ...1  7719.593996: do_swap_page: id 7, table 0 || 2701: 558 7fb56c0000
           <...>-31644 [002] ...1  7719.594081: do_swap_page: id 7, table 0 || 2702: 823 7fb9c03000
           <...>-31644 [002] ....  7719.594104: read_swap_cache_async: remote readpage 823 "sensors@2.0-ser" 7fb9c04000 f391c
           <...>-31644 [002] ....  7719.594107: do_swap_page: prefetch fault 823 "sensors@2.0-ser" 7fb9c04000 f391c
   Binder:1997_5-2539  [005] ...1  7719.595028: do_swap_page: id 7, table 0 || 2703: 1997 13cf9000
   Binder:1997_5-2539  [005] ...1  7719.595461: do_swap_page: id 7, table 0 || 2704: 1997 9e8ca000
   Binder:1997_5-2539  [005] ...1  7719.595472: do_swap_page: id 7, table 0 || 2705: 1997 9e7d4000
   Binder:1997_5-2539  [005] ....  7719.595521: read_swap_cache_async: remote readpage 1997 "Binder:1997_5" 9e7d2000 f392f
   Binder:1997_5-2539  [005] ....  7719.595522: do_swap_page: prefetch fault 1997 "Binder:1997_5" 9e7d2000 f392f
 .gms.persistent-2257  [005] ...1  7719.596478: do_swap_page: id 7, table 0 || 2706: 2257 146ff000
 .gms.persistent-2257  [005] ....  7719.596532: read_swap_cache_async: remote readpage 2257 ".gms.persistent" 14a9a000 e39e1
 .gms.persistent-2257  [005] ....  7719.596533: do_swap_page: prefetch fault 2257 ".gms.persistent" 14a9a000 e39e1
           <...>-31644 [002] ...1  7719.596743: do_swap_page: id 7, table 0 || 2707: 823 7fb9c04000
           <...>-31644 [002] ....  7719.596847: read_swap_cache_async: remote readpage 823 "sensors@2.0-ser" 7fb9c08000 f391d
           <...>-31644 [002] ....  7719.596850: do_swap_page: prefetch fault 823 "sensors@2.0-ser" 7fb9c08000 f391d
           <...>-31640 [001] ...1  7719.596903: do_swap_page: id 7, table 0 || 2708: 823 7fbdd48000
           <...>-31640 [001] ....  7719.597000: read_swap_cache_async: remote readpage 823 "sensors@2.0-ser" 7fbc808000 eb9dd
           <...>-31640 [001] ....  7719.597004: do_swap_page: prefetch fault 823 "sensors@2.0-ser" 7fbc808000 eb9dd
   Binder:1997_5-2539  [005] ...1  7719.598876: do_swap_page: id 7, table 0 || 2709: 1997 9e7d2000
   Binder:1997_5-2539  [005] ...1  7719.598904: do_swap_page: id 7, table 0 || 2710: 1997 7f2d4df000
   Binder:1997_5-2539  [005] ....  7719.598980: read_swap_cache_async: remote readpage 1997 "Binder:1997_5" 9e7d5000 f3931
   Binder:1997_5-2539  [005] ....  7719.598981: do_swap_page: prefetch fault 1997 "Binder:1997_5" 9e7d5000 f3931
 .gms.persistent-2257  [005] ...1  7719.598988: do_swap_page: id 7, table 0 || 2711: 2257 14a9a000
           <...>-31644 [002] ...1  7719.599022: do_swap_page: id 7, table 0 || 2712: 823 7fb9c08000
 .gms.persistent-2257  [005] ....  7719.599037: read_swap_cache_async: remote readpage 2257 ".gms.persistent" 7f231c8000 e39e2
 .gms.persistent-2257  [005] ....  7719.599038: do_swap_page: prefetch fault 2257 ".gms.persistent" 7f231c8000 e39e2
           <...>-31644 [002] ....  7719.599127: read_swap_cache_async: remote readpage 823 "sensors@2.0-ser" 7fbdd4a000 f391e
           <...>-31644 [002] ....  7719.599130: do_swap_page: prefetch fault 823 "sensors@2.0-ser" 7fbdd4a000 f391e
           <...>-31640 [001] ...1  7719.599156: do_swap_page: id 7, table 0 || 2713: 823 7fbc808000
   Binder:1997_5-2539  [005] ...1  7719.601237: do_swap_page: id 7, table 0 || 2714: 1997 9e7d5000
           <...>-31644 [002] ...1  7719.601313: do_swap_page: id 7, table 0 || 2715: 823 7fbdd4a000
           <...>-2054  [005] ....  7719.601341: read_swap_cache_async: remote readpage 1997 "UiThreadHelper" 7f28aac000 f3932
           <...>-2054  [005] ....  7719.601343: do_swap_page: prefetch fault 1997 "UiThreadHelper" 7f28aac000 f3932
           <...>-31644 [002] ....  7719.601356: read_swap_cache_async: remote readpage 823 "sensors@2.0-ser" 7fbc3ce000 f391f
           <...>-31644 [002] ....  7719.601359: do_swap_page: prefetch fault 823 "sensors@2.0-ser" 7fbc3ce000 f391f
 .gms.persistent-2257  [005] ...1  7719.601425: do_swap_page: id 7, table 0 || 2716: 2257 7f231c8000
 .gms.persistent-2257  [005] ....  7719.601467: read_swap_cache_async: remote readpage 2257 ".gms.persistent" 7f231ce000 e39e3
 .gms.persistent-2257  [005] ....  7719.601468: do_swap_page: prefetch fault 2257 ".gms.persistent" 7f231ce000 e39e3
           <...>-2054  [005] ...1  7719.603428: do_swap_page: id 7, table 0 || 2717: 1997 7f28aac000
           <...>-31644 [002] ...1  7719.603467: do_swap_page: id 7, table 0 || 2718: 823 7fbc3ce000
 .gms.persistent-2257  [005] ...1  7719.603489: do_swap_page: id 7, table 0 || 2719: 2257 7f231ce000
 .gms.persistent-2257  [005] ...1  7719.603514: do_swap_page: id 7, table 0 || 2720: 2257 14312000
 .gms.persistent-2257  [005] ....  7719.603644: read_swap_cache_async: remote readpage 2257 ".gms.persistent" 14804000 e39e4
 .gms.persistent-2257  [005] ....  7719.603645: do_swap_page: prefetch fault 2257 ".gms.persistent" 14804000 e39e4
           <...>-31644 [002] ....  7719.603740: read_swap_cache_async: remote readpage 823 "sensors@2.0-ser" 7fb9c07000 f3920
           <...>-31644 [002] ....  7719.603744: do_swap_page: prefetch fault 823 "sensors@2.0-ser" 7fb9c07000 f3920
           <...>-1997  [005] ...1  7719.603989: do_swap_page: id 7, table 0 || 2721: 1997 9e7dd000
           <...>-1997  [005] ....  7719.604039: read_swap_cache_async: remote readpage 1997 "droid.launcher3" 9e7d6000 f3935
           <...>-1997  [005] ....  7719.604040: do_swap_page: prefetch fault 1997 "droid.launcher3" 9e7d6000 f3935
 .gms.persistent-2257  [005] ...1  7719.605822: do_swap_page: id 7, table 0 || 2722: 2257 14804000
           <...>-1997  [005] ...1  7719.605915: do_swap_page: id 7, table 0 || 2723: 1997 9e7d6000
           <...>-31644 [002] ...1  7719.605924: do_swap_page: id 7, table 0 || 2724: 823 7fb9c07000
           <...>-1997  [005] ....  7719.605962: read_swap_cache_async: remote readpage 1997 "droid.launcher3" 9e79a000 f3936
           <...>-1997  [005] ....  7719.605964: do_swap_page: prefetch fault 1997 "droid.launcher3" 9e79a000 f3936
 .gms.persistent-2257  [005] ....  7719.605967: read_swap_cache_async: remote readpage 2257 ".gms.persistent" 7f231d0000 e39e5
 .gms.persistent-2257  [005] ....  7719.605969: do_swap_page: prefetch fault 2257 ".gms.persistent" 7f231d0000 e39e5
           <...>-31644 [002] ....  7719.606084: read_swap_cache_async: remote readpage 823 "sensors@2.0-ser" 7fb9a4d000 f3921
           <...>-31644 [002] ....  7719.606088: do_swap_page: prefetch fault 823 "sensors@2.0-ser" 7fb9a4d000 f3921
           <...>-1997  [005] ...1  7719.608084: do_swap_page: id 7, table 0 || 2725: 1997 9e79a000
           <...>-31644 [002] ...1  7719.608119: do_swap_page: id 7, table 0 || 2726: 823 7fb9a4d000
           <...>-1997  [005] ....  7719.608134: read_swap_cache_async: remote readpage 1997 "droid.launcher3" 9e7b2000 f3937
           <...>-1997  [005] ....  7719.608135: do_swap_page: prefetch fault 1997 "droid.launcher3" 9e7b2000 f3937
 .gms.persistent-2257  [005] ...1  7719.608142: do_swap_page: id 7, table 0 || 2727: 2257 7f231d0000
           <...>-31644 [002] ....  7719.608155: read_swap_cache_async: remote readpage 823 "sensors@2.0-ser" 7fb9a36000 f3922
           <...>-31644 [002] ....  7719.608158: do_swap_page: prefetch fault 823 "sensors@2.0-ser" 7fb9a36000 f3922
 .gms.persistent-2257  [005] ...1  7719.608162: do_swap_page: id 7, table 0 || 2728: 2257 7f28b7b000
 .gms.persistent-2257  [005] ...1  7719.608175: do_swap_page: id 7, table 0 || 2729: 2257 12e41000
 .gms.persistent-2257  [005] ....  7719.608186: read_swap_cache_async: remote readpage 2257 ".gms.persistent" 137e1000 e39e6
 .gms.persistent-2257  [005] ....  7719.608187: do_swap_page: prefetch fault 2257 ".gms.persistent" 137e1000 e39e6
           <...>-1997  [005] ...1  7719.610395: do_swap_page: id 7, table 0 || 2730: 1997 9e7b2000
           <...>-31644 [002] ...1  7719.610435: do_swap_page: id 7, table 0 || 2731: 823 7fb9a36000
 .gms.persistent-2257  [005] ...1  7719.610458: do_swap_page: id 7, table 0 || 2732: 2257 137e1000
 .gms.persistent-2257  [005] ....  7719.610510: read_swap_cache_async: remote readpage 2257 ".gms.persistent" 1489a000 e39e7
 .gms.persistent-2257  [005] ....  7719.610512: do_swap_page: prefetch fault 2257 ".gms.persistent" 1489a000 e39e7
 .gms.persistent-2257  [005] ...1  7719.612544: do_swap_page: id 7, table 0 || 2733: 2257 1489a000
 .gms.persistent-2257  [005] ...1  7719.612627: do_swap_page: id 7, table 0 || 2734: 2257 142a0000
 .gms.persistent-2257  [005] ....  7719.612676: read_swap_cache_async: remote readpage 2257 ".gms.persistent" 146d7000 e39e8
 .gms.persistent-2257  [005] ....  7719.612677: do_swap_page: prefetch fault 2257 ".gms.persistent" 146d7000 e39e8
 .gms.persistent-2257  [005] ...1  7719.616722: do_swap_page: id 7, table 0 || 2735: 2257 146d7000
 .gms.persistent-2257  [005] ...1  7719.616740: do_swap_page: id 7, table 0 || 2736: 2257 7ed4416000
 .gms.persistent-2257  [005] ....  7719.616782: read_swap_cache_async: remote readpage 2257 ".gms.persistent" 13bf0000 e39e9
 .gms.persistent-2257  [005] ....  7719.616783: do_swap_page: prefetch fault 2257 ".gms.persistent" 13bf0000 e39e9
 .gms.persistent-2257  [005] ...1  7719.618561: do_swap_page: id 7, table 0 || 2737: 2257 13bf0000
 .gms.persistent-2257  [005] ...1  7719.618580: do_swap_page: id 7, table 0 || 2738: 2257 137df000
 .gms.persistent-2257  [005] ....  7719.618618: read_swap_cache_async: remote readpage 2257 ".gms.persistent" 146ea000 e39ea
 .gms.persistent-2257  [005] ....  7719.618619: do_swap_page: prefetch fault 2257 ".gms.persistent" 146ea000 e39ea
 .gms.persistent-2257  [005] ...1  7719.620984: do_swap_page: id 7, table 0 || 2739: 2257 146ea000
 .gms.persistent-2257  [005] ...1  7719.621008: do_swap_page: id 7, table 0 || 2740: 2257 14316000
 .gms.persistent-2257  [005] ....  7719.621054: read_swap_cache_async: remote readpage 2257 ".gms.persistent" 7ed4335000 e39eb
 .gms.persistent-2257  [005] ....  7719.621055: do_swap_page: prefetch fault 2257 ".gms.persistent" 7ed4335000 e39eb
 .gms.persistent-2257  [005] ...1  7719.622982: do_swap_page: id 7, table 0 || 2741: 2257 7ed4335000
 .gms.persistent-2257  [005] ....  7719.623014: read_swap_cache_async: remote readpage 2257 ".gms.persistent" 7f231ca000 e39ec
 .gms.persistent-2257  [005] ....  7719.623015: do_swap_page: prefetch fault 2257 ".gms.persistent" 7f231ca000 e39ec
 .gms.persistent-2257  [005] ...1  7719.624751: do_swap_page: id 7, table 0 || 2742: 2257 7f231ca000
 .gms.persistent-2257  [005] ....  7719.624780: read_swap_cache_async: remote readpage 2257 ".gms.persistent" 146d5000 e39ed
 .gms.persistent-2257  [005] ....  7719.624781: do_swap_page: prefetch fault 2257 ".gms.persistent" 146d5000 e39ed
 .gms.persistent-2257  [005] ...1  7719.626694: do_swap_page: id 7, table 0 || 2743: 2257 146d5000
 .gms.persistent-2257  [005] ....  7719.626723: read_swap_cache_async: remote readpage 2257 ".gms.persistent" 14aac000 e39ee
 .gms.persistent-2257  [005] ....  7719.626724: do_swap_page: prefetch fault 2257 ".gms.persistent" 14aac000 e39ee
 queued-work-loo-4767  [006] ....  7719.627758: read_swap_cache_async: remote readpage 4739 "queued-work-loo" 7f28df9000 f7937
 queued-work-loo-4767  [006] ....  7719.627760: do_swap_page: prefetch fault 4739 "queued-work-loo" 7f28df9000 f7937
 .gms.persistent-2257  [005] ...1  7719.628465: do_swap_page: id 7, table 0 || 2744: 2257 14aac000
 .gms.persistent-2257  [005] ...1  7719.628524: do_swap_page: id 7, table 0 || 2745: 2257 7f28a45000
 .gms.persistent-2257  [005] ...1  7719.628547: do_swap_page: id 7, table 0 || 2746: 2257 7f28a55000
 .gms.persistent-2257  [005] ...1  7719.628752: do_swap_page: id 7, table 0 || 2747: 2257 7fbe1d0000
 .gms.persistent-2257  [005] ...1  7719.628799: do_swap_page: id 7, table 0 || 2748: 2257 151bd000
 .gms.persistent-2257  [005] ...1  7719.628810: do_swap_page: id 7, table 0 || 2749: 2257 7f231cb000
 .gms.persistent-2257  [005] ...1  7719.628819: do_swap_page: id 7, table 0 || 2750: 2257 7ed4417000
 .gms.persistent-2257  [005] ....  7719.628865: read_swap_cache_async: remote readpage 2257 ".gms.persistent" 7f231cd000 e39ef
 .gms.persistent-2257  [005] ....  7719.628866: do_swap_page: prefetch fault 2257 ".gms.persistent" 7f231cd000 e39ef
 queued-work-loo-4767  [004] ...1  7719.629553: do_swap_page: id 7, table 0 || 2751: 4739 7f28df9000
 queued-work-loo-4767  [004] ....  7719.629615: read_swap_cache_async: remote readpage 4739 "queued-work-loo" 7f3156d000 f7939
 queued-work-loo-4767  [004] ....  7719.629616: do_swap_page: prefetch fault 4739 "queued-work-loo" 7f3156d000 f7939
 .gms.persistent-2257  [005] ...1  7719.630830: do_swap_page: id 7, table 0 || 2752: 2257 7f231cd000
 .gms.persistent-2257  [005] ...1  7719.630849: do_swap_page: id 7, table 0 || 2753: 2257 1431a000
 .gms.persistent-2257  [005] ....  7719.630893: read_swap_cache_async: remote readpage 2257 ".gms.persistent" 7f231c9000 e39f0
 .gms.persistent-2257  [005] ....  7719.630894: do_swap_page: prefetch fault 2257 ".gms.persistent" 7f231c9000 e39f0
 queued-work-loo-4767  [004] ...1  7719.632056: do_swap_page: id 7, table 0 || 2754: 4739 7f3156d000
 queued-work-loo-4767  [004] ....  7719.632182: read_swap_cache_async: remote readpage 4739 "queued-work-loo" 7f28a25000 f793a
 queued-work-loo-4767  [004] ....  7719.632184: do_swap_page: prefetch fault 4739 "queued-work-loo" 7f28a25000 f793a
 .gms.persistent-2257  [005] ...1  7719.632698: do_swap_page: id 7, table 0 || 2755: 2257 7f231c9000
 .gms.persistent-2257  [005] ...1  7719.632714: do_swap_page: id 7, table 0 || 2756: 2257 13ce4000
 .gms.persistent-2257  [005] ....  7719.632756: read_swap_cache_async: remote readpage 2257 ".gms.persistent" 1489d000 e39f1
 .gms.persistent-2257  [005] ....  7719.632757: do_swap_page: prefetch fault 2257 ".gms.persistent" 1489d000 e39f1
 queued-work-loo-4767  [004] ...1  7719.635047: do_swap_page: id 7, table 0 || 2757: 4739 7f28a25000
 queued-work-loo-4767  [004] ....  7719.635152: read_swap_cache_async: remote readpage 4739 "queued-work-loo" 7f28a26000 f793c
 queued-work-loo-4767  [004] ....  7719.635153: do_swap_page: prefetch fault 4739 "queued-work-loo" 7f28a26000 f793c
 .gms.persistent-2257  [006] ...1  7719.635156: do_swap_page: id 7, table 0 || 2758: 2257 1489d000
 .gms.persistent-2257  [006] ...1  7719.635206: do_swap_page: id 7, table 0 || 2759: 2257 14139000
 .gms.persistent-2257  [006] ...1  7719.635215: do_swap_page: id 7, table 0 || 2760: 2257 7ed43d2000
 .gms.persistent-2257  [006] ...1  7719.635226: do_swap_page: id 7, table 0 || 2761: 2257 13248000
 .gms.persistent-2257  [006] ...1  7719.635238: do_swap_page: id 7, table 0 || 2762: 2257 1481b000
 .gms.persistent-2257  [006] ...1  7719.635284: do_swap_page: id 7, table 0 || 2763: 2257 12dc9000
 .gms.persistent-2257  [006] ...1  7719.635578: do_swap_page: id 7, table 0 || 2764: 2257 12ed0000
 .gms.persistent-2257  [006] ...1  7719.635590: do_swap_page: id 7, table 0 || 2765: 2257 12d8b000
 .gms.persistent-2257  [006] ....  7719.635810: read_swap_cache_async: remote readpage 2257 ".gms.persistent" 137f5000 e39f2
 .gms.persistent-2257  [006] ....  7719.635812: do_swap_page: prefetch fault 2257 ".gms.persistent" 137f5000 e39f2
 queued-work-loo-4767  [004] ...1  7719.637213: do_swap_page: id 7, table 0 || 2766: 4739 7f28a26000
 .gms.persistent-2257  [006] ...1  7719.637242: do_swap_page: id 7, table 0 || 2767: 2257 137f5000
 .gms.persistent-2257  [006] ...1  7719.637258: do_swap_page: id 7, table 0 || 2768: 2257 13cc5000
 .gms.persistent-2257  [006] ...1  7719.637273: do_swap_page: id 7, table 0 || 2769: 2257 7f3088d000
 .gms.persistent-2257  [006] ...1  7719.637281: do_swap_page: id 7, table 0 || 2770: 2257 7ed43fb000
 .gms.persistent-2257  [006] ...1  7719.637293: do_swap_page: id 7, table 0 || 2771: 2257 1325b000
 .gms.persistent-2257  [006] ....  7719.637342: read_swap_cache_async: remote readpage 2257 ".gms.persistent" 137c5000 e39f3
 .gms.persistent-2257  [006] ....  7719.637344: do_swap_page: prefetch fault 2257 ".gms.persistent" 137c5000 e39f3
 .gms.persistent-2257  [006] ...1  7719.639114: do_swap_page: id 7, table 0 || 2772: 2257 137c5000
 .gms.persistent-2257  [006] ....  7719.639155: read_swap_cache_async: remote readpage 2257 ".gms.persistent" 7f28989000 e39f4
 .gms.persistent-2257  [006] ....  7719.639156: do_swap_page: prefetch fault 2257 ".gms.persistent" 7f28989000 e39f4
 .gms.persistent-2257  [005] ...1  7719.640955: do_swap_page: id 7, table 0 || 2773: 2257 7f28989000
           <...>-5111  [001] ....  7719.641014: read_swap_cache_async: remote readpage 2257 "resolverService" 7ea2a62000 e39f5
           <...>-5111  [001] ....  7719.641018: do_swap_page: prefetch fault 2257 "resolverService" 7ea2a62000 e39f5
  Binder:1336_11-5358  [006] ...1  7719.641621: do_swap_page: id 7, table 0 || 2774: 1336 7f2d623000
           <...>-5111  [005] ...1  7719.643617: do_swap_page: id 7, table 0 || 2775: 2257 7ea2a62000
           <...>-5111  [005] ....  7719.643678: read_swap_cache_async: remote readpage 2257 "resolverService" 7ea2a63000 e39f6
           <...>-5111  [005] ....  7719.643679: do_swap_page: prefetch fault 2257 "resolverService" 7ea2a63000 e39f6
           <...>-5111  [006] ...1  7719.645622: do_swap_page: id 7, table 0 || 2776: 2257 7ea2a63000
           <...>-5111  [006] ....  7719.645677: read_swap_cache_async: remote readpage 2257 "resolverService" 7eb3adc000 e39f7
           <...>-5111  [006] ....  7719.645678: do_swap_page: prefetch fault 2257 "resolverService" 7eb3adc000 e39f7
           <...>-5111  [006] ...1  7719.647433: do_swap_page: id 7, table 0 || 2777: 2257 7eb3adc000
           <...>-5111  [006] ...1  7719.647451: do_swap_page: id 7, table 0 || 2778: 2257 7ec5723000
           <...>-5111  [006] ....  7719.647486: read_swap_cache_async: remote readpage 2257 "resolverService" 7ea2a60000 e39f8
           <...>-5111  [006] ....  7719.647487: do_swap_page: prefetch fault 2257 "resolverService" 7ea2a60000 e39f8
           <...>-5111  [006] ...1  7719.649575: do_swap_page: id 7, table 0 || 2779: 2257 7ea2a60000
           <...>-5111  [006] ...1  7719.649592: do_swap_page: id 7, table 0 || 2780: 2257 13c2f000
           <...>-5111  [006] ...1  7719.649606: do_swap_page: id 7, table 0 || 2781: 2257 14893000
           <...>-5111  [006] ...1  7719.649614: do_swap_page: id 7, table 0 || 2782: 2257 14a29000
           <...>-5111  [006] ....  7719.649647: read_swap_cache_async: remote readpage 2257 "resolverService" 7f20f05000 e39f9
           <...>-5111  [006] ....  7719.649648: do_swap_page: prefetch fault 2257 "resolverService" 7f20f05000 e39f9
           <...>-5111  [005] ...1  7719.651409: do_swap_page: id 7, table 0 || 2783: 2257 7f20f05000
           <...>-5111  [005] ...1  7719.651434: do_swap_page: id 7, table 0 || 2784: 2257 7fbe29d000
           <...>-5111  [005] ...1  7719.651473: do_swap_page: id 7, table 0 || 2785: 2257 13f14000
           <...>-5111  [005] ....  7719.651511: read_swap_cache_async: remote readpage 2257 "resolverService" 7f20ed5000 e39fa
           <...>-5111  [005] ....  7719.651512: do_swap_page: prefetch fault 2257 "resolverService" 7f20ed5000 e39fa
           <...>-5111  [005] ...1  7719.655758: do_swap_page: id 7, table 0 || 2786: 2257 7f20ed5000
           <...>-5111  [005] ....  7719.655814: read_swap_cache_async: remote readpage 2257 "resolverService" 146e8000 e39fb
           <...>-5111  [005] ....  7719.655815: do_swap_page: prefetch fault 2257 "resolverService" 146e8000 e39fb
           <...>-5111  [006] ...1  7719.657645: do_swap_page: id 7, table 0 || 2787: 2257 146e8000
           <...>-5111  [006] ....  7719.657695: read_swap_cache_async: remote readpage 2257 "resolverService" 7f231cf000 e39fc
           <...>-5111  [006] ....  7719.657696: do_swap_page: prefetch fault 2257 "resolverService" 7f231cf000 e39fc
           <...>-5111  [006] ...1  7719.659671: do_swap_page: id 7, table 0 || 2788: 2257 7f231cf000
           <...>-5111  [006] ...1  7719.659696: do_swap_page: id 7, table 0 || 2789: 2257 7ed4406000
           <...>-5111  [006] ....  7719.659750: read_swap_cache_async: remote readpage 2257 "resolverService" 7ea2a61000 e39fd
           <...>-5111  [006] ....  7719.659751: do_swap_page: prefetch fault 2257 "resolverService" 7ea2a61000 e39fd
           <...>-5111  [005] ...1  7719.661466: do_swap_page: id 7, table 0 || 2790: 2257 7ea2a61000
           <...>-5111  [005] ....  7719.661518: read_swap_cache_async: remote readpage 2257 "resolverService" 7ec564b000 e39fe
           <...>-5111  [005] ....  7719.661519: do_swap_page: prefetch fault 2257 "resolverService" 7ec564b000 e39fe
           <...>-5111  [005] ...1  7719.663404: do_swap_page: id 7, table 0 || 2791: 2257 7ec564b000
