           <...>-6933  [004] ...1  1732.303020: do_swap_page: id 4, table 1 || 2061: 6871 7e9f6f0000
      Thread-201-6394  [000] ...1  1732.304891: do_swap_page: id 4, table 1 || 2062: 6323 7f2d85f000
           <...>-6933  [006] ...1  1732.305987: do_swap_page: id 4, table 1 || 2063: 6871 7e9faec000
           <...>-9022  [007] ...1  1732.306016: do_swap_page: id 4, table 1 || 2064: 6871 7e4ca9a000
           <...>-9022  [007] ...1  1732.306032: do_swap_page: id 4, table 1 || 2065: 6871 7e4cb2e000
           <...>-6933  [006] ...1  1732.306128: do_swap_page: id 4, table 1 || 2066: 6871 7e9c5ae000
           <...>-9022  [007] ....  1732.306196: read_swap_cache_async: remote readpage 6871 "AudioTrack" 7e4cd19000 312ecf
           <...>-9023  [004] ...1  1732.308623: do_swap_page: id 4, table 1 || 2067: 6871 7e4cdb3000
           <...>-9023  [004] ...1  1732.308635: do_swap_page: id 4, table 1 || 2068: 6871 7e4cdb4000
           <...>-9023  [004] ...1  1732.308652: do_swap_page: id 4, table 1 || 2069: 6871 7e4ce60000
           <...>-9023  [004] ...1  1732.308656: do_swap_page: id 4, table 1 || 2070: 6871 7e4ce61000
           <...>-6933  [006] ....  1732.308731: read_swap_cache_async: remote readpage 6871 "GLThread 448" 7e9c624000 646ed7
           <...>-6933  [006] ....  1732.308733: do_swap_page: prefetch fault 6871 "GLThread 448" 7e9c624000 646ed7
      Thread-201-6394  [000] ...1  1732.308850: do_swap_page: id 4, table 1 || 2071: 6323 7f2d837000
           <...>-9022  [007] ...1  1732.309012: do_swap_page: id 4, table 1 || 2072: 6871 7e4cd19000
           <...>-6933  [006] ...1  1732.310600: do_swap_page: id 4, table 1 || 2073: 6871 7e9c624000
           <...>-6933  [006] ...1  1732.310621: do_swap_page: id 4, table 1 || 2074: 6871 7e9f6f1000
           <...>-6933  [006] ...1  1732.312764: do_swap_page: id 4, table 1 || 2075: 6871 7e9f122000
           <...>-6933  [006] ...1  1732.312850: do_swap_page: id 4, table 1 || 2076: 6871 7e9d4fa000
           <...>-6933  [006] ...1  1732.313202: do_swap_page: id 4, table 1 || 2077: 6871 7e9fb22000
           <...>-9024  [005] ...1  1732.313483: do_swap_page: id 4, table 1 || 2078: 6871 7e4ce62000
           <...>-9024  [005] ...1  1732.313509: do_swap_page: id 4, table 1 || 2079: 6871 7e4ce9e000
           <...>-9024  [005] ...1  1732.313515: do_swap_page: id 4, table 1 || 2080: 6871 7e4ce9f000
           <...>-9024  [005] ...1  1732.313660: do_swap_page: id 4, table 1 || 2081: 6871 7f28bc9000
           <...>-9024  [005] ...1  1732.313672: do_swap_page: id 4, table 1 || 2082: 6871 7ead981000
           <...>-9024  [005] ...1  1732.313698: do_swap_page: id 4, table 1 || 2083: 6871 7e4cd5b000
           <...>-6933  [006] ....  1732.315948: read_swap_cache_async: remote readpage 6871 "GLThread 448" 7ea0076000 9aeee
           <...>-6933  [006] ....  1732.315950: do_swap_page: prefetch fault 6871 "GLThread 448" 7ea0076000 9aeee
           <...>-6933  [006] ...1  1732.318588: do_swap_page: id 4, table 1 || 2084: 6871 7ea0076000
           <...>-9025  [005] ...1  1732.318928: do_swap_page: id 4, table 1 || 2085: 6871 7e4cf0d000
           <...>-9025  [005] ...1  1732.318941: do_swap_page: id 4, table 1 || 2086: 6871 7e4cf0e000
           <...>-9025  [005] ...1  1732.318964: do_swap_page: id 4, table 1 || 2087: 6871 7e4cf0f000
           <...>-6933  [006] ...1  1732.319021: do_swap_page: id 4, table 1 || 2088: 6871 7e9caee000
           <...>-9025  [005] ...1  1732.319063: do_swap_page: id 4, table 1 || 2089: 6871 7eb30e9000
           <...>-6933  [006] ...1  1732.322264: do_swap_page: id 4, table 1 || 2090: 6871 7e9f13a000
           <...>-9026  [006] .n.1  1732.322658: do_swap_page: id 4, table 1 || 2091: 6871 7e286c7000
           <...>-9026  [006] ...1  1732.322687: do_swap_page: id 4, table 1 || 2092: 6871 7e286c8000
           <...>-9026  [006] ...1  1732.322709: do_swap_page: id 4, table 1 || 2093: 6871 7e286c9000
           <...>-6933  [005] ...1  1732.322793: do_swap_page: id 4, table 1 || 2094: 6871 7e9cb75000
           <...>-9026  [006] ....  1732.322956: read_swap_cache_async: remote readpage 6871 "AudioTrack" 7e4cdd4000 316e4d
           <...>-9026  [004] ...1  1732.324805: do_swap_page: id 4, table 1 || 2095: 6871 7e4cdd4000
           <...>-6933  [006] ...1  1732.326018: do_swap_page: id 4, table 1 || 2096: 6871 7e9f1cd000
           <...>-9027  [007] ...1  1732.326571: do_swap_page: id 4, table 1 || 2097: 6871 7e286d0000
           <...>-9027  [007] ...1  1732.326581: do_swap_page: id 4, table 1 || 2098: 6871 7e286d1000
           <...>-9027  [007] ...1  1732.326600: do_swap_page: id 4, table 1 || 2099: 6871 7e2870e000
           <...>-9027  [007] ...1  1732.326605: do_swap_page: id 4, table 1 || 2100: 6871 7e2870f000
           <...>-6933  [006] ...1  1732.326664: do_swap_page: id 4, table 1 || 2101: 6871 7e9f74d000
           <...>-6933  [005] ...1  1732.329534: do_swap_page: id 4, table 1 || 2102: 6871 7e9f3b8000
           <...>-6933  [006] ...1  1732.329737: do_swap_page: id 4, table 1 || 2103: 6871 7e9f124000
           <...>-9028  [007] ...1  1732.329874: do_swap_page: id 4, table 1 || 2104: 6871 7e28710000
           <...>-9028  [007] ...1  1732.329896: do_swap_page: id 4, table 1 || 2105: 6871 7e1e327000
           <...>-9028  [007] ...1  1732.329902: do_swap_page: id 4, table 1 || 2106: 6871 7e1e328000
           <...>-9028  [007] ...1  1732.329915: do_swap_page: id 4, table 1 || 2107: 6871 7eb34f1000
           <...>-9028  [007] ...1  1732.329968: do_swap_page: id 4, table 1 || 2108: 6871 7fbdc6d000
           <...>-6933  [006] ...1  1732.329994: do_swap_page: id 4, table 1 || 2109: 6871 7e9f74e000
           <...>-9028  [007] ...1  1732.330004: do_swap_page: id 4, table 1 || 2110: 6871 7f39861000
           <...>-9028  [007] ....  1732.330155: read_swap_cache_async: remote readpage 6871 "AudioTrack" 7e4cdd5000 316e4f
           <...>-9028  [004] ...1  1732.332196: do_swap_page: id 4, table 1 || 2111: 6871 7e4cdd5000
           <...>-6933  [006] ...1  1732.332882: do_swap_page: id 4, table 1 || 2112: 6871 7ec5a99000
           <...>-6933  [006] ...1  1732.332993: do_swap_page: id 4, table 1 || 2113: 6871 7f2d723000
           <...>-6933  [006] ...1  1732.333068: do_swap_page: id 4, table 1 || 2114: 6871 7e9f14e000
           <...>-6933  [006] ....  1732.333146: read_swap_cache_async: remote readpage 6871 "GLThread 448" 7e9f306000 64ae14
           <...>-6933  [006] ....  1732.333149: do_swap_page: prefetch fault 6871 "GLThread 448" 7e9f306000 64ae14
           <...>-6933  [006] ...1  1732.335378: do_swap_page: id 4, table 1 || 2115: 6871 7e9f306000
           <...>-6933  [006] ...1  1732.335401: do_swap_page: id 4, table 1 || 2116: 6871 7fbdaa8000
           <...>-6933  [006] ...1  1732.335708: do_swap_page: id 4, table 1 || 2117: 6871 7fbbaf8000
           <...>-6933  [006] ...1  1732.335731: do_swap_page: id 4, table 1 || 2118: 6871 7eb3add000
           <...>-6933  [006] ...1  1732.335744: do_swap_page: id 4, table 1 || 2119: 6871 7fbe16f000
           <...>-6933  [006] ...1  1732.335764: do_swap_page: id 4, table 1 || 2120: 6871 7f28a79000
           <...>-6933  [006] ...1  1732.335772: do_swap_page: id 4, table 1 || 2121: 6871 7eb3b1a000
           <...>-9020  [005] ...1  1732.339653: do_swap_page: id 4, table 1 || 2122: 6871 7e4cb25000
           <...>-9020  [005] ...1  1732.339671: do_swap_page: id 4, table 1 || 2123: 6871 7e42a6f000
           <...>-9020  [005] ...1  1732.339700: do_swap_page: id 4, table 1 || 2124: 6871 7e42b1d000
           <...>-9013  [004] ...1  1732.343284: do_swap_page: id 4, table 1 || 2125: 6871 7eb319c000
           <...>-6918  [004] ...1  1732.348613: do_swap_page: id 4, table 1 || 2126: 6871 7fbc247000
           <...>-6918  [004] ...1  1732.348644: do_swap_page: id 4, table 1 || 2127: 6871 7fbc2b8000
           <...>-6918  [004] ...1  1732.348655: do_swap_page: id 4, table 1 || 2128: 6871 7fbc240000
           <...>-6918  [004] ...1  1732.348665: do_swap_page: id 4, table 1 || 2129: 6871 7fbc242000
           <...>-6918  [004] ...1  1732.348679: do_swap_page: id 4, table 1 || 2130: 6871 144bc000
           <...>-6918  [004] ...1  1732.348700: do_swap_page: id 4, table 1 || 2131: 6871 7fbc244000
           <...>-6918  [004] ...1  1732.348736: do_swap_page: id 4, table 1 || 2132: 6871 7fbc2b2000
           <...>-6918  [004] ...1  1732.348745: do_swap_page: id 4, table 1 || 2133: 6871 7fbc236000
           <...>-6918  [004] ...1  1732.348776: do_swap_page: id 4, table 1 || 2134: 6871 7fbc237000
           <...>-6918  [004] ...1  1732.348830: do_swap_page: id 4, table 1 || 2135: 6871 7ecad08000
           <...>-6918  [004] ...1  1732.348840: do_swap_page: id 4, table 1 || 2136: 6871 7fbc24e000
           <...>-6918  [004] ...1  1732.348861: do_swap_page: id 4, table 1 || 2137: 6871 7fbc246000
           <...>-6918  [004] ...1  1732.348878: do_swap_page: id 4, table 1 || 2138: 6871 7fbc243000
           <...>-6918  [004] ...1  1732.348888: do_swap_page: id 4, table 1 || 2139: 6871 7fbc23a000
           <...>-6918  [004] ...1  1732.348894: do_swap_page: id 4, table 1 || 2140: 6871 7fbc23e000
           <...>-6918  [004] ...1  1732.348919: do_swap_page: id 4, table 1 || 2141: 6871 7ed17cb000
           <...>-6918  [004] ...1  1732.348933: do_swap_page: id 4, table 1 || 2142: 6871 7f28e32000
           <...>-6918  [004] ...1  1732.348990: do_swap_page: id 4, table 1 || 2143: 6871 7fbc23c000
           <...>-6933  [006] ...1  1732.349015: do_swap_page: id 4, table 1 || 2144: 6871 7f2d72e000
           <...>-6918  [004] ...1  1732.349026: do_swap_page: id 4, table 1 || 2145: 6871 71c38000
           <...>-6933  [006] ...1  1732.349045: do_swap_page: id 4, table 1 || 2146: 6871 7f28d86000
           <...>-6977  [005] ...1  1732.349050: do_swap_page: id 4, table 1 || 2147: 6871 7eb3992000
           <...>-6933  [006] ...1  1732.349056: do_swap_page: id 4, table 1 || 2148: 6871 7ec5995000
           <...>-6977  [005] ...1  1732.349066: do_swap_page: id 4, table 1 || 2149: 6871 7eb3991000
           <...>-6933  [006] ...1  1732.349072: do_swap_page: id 4, table 1 || 2150: 6871 7eb03bc000
           <...>-6977  [005] ...1  1732.349077: do_swap_page: id 4, table 1 || 2151: 6871 7f2d7d7000
           <...>-6933  [006] ...1  1732.349081: do_swap_page: id 4, table 1 || 2152: 6871 7f28bc1000
           <...>-6977  [005] ...1  1732.349088: do_swap_page: id 4, table 1 || 2153: 6871 7f2d617000
           <...>-6977  [005] ...1  1732.349095: do_swap_page: id 4, table 1 || 2154: 6871 7f2d6e5000
           <...>-6977  [005] ...1  1732.349101: do_swap_page: id 4, table 1 || 2155: 6871 7f2d696000
           <...>-6918  [004] ...1  1732.349109: do_swap_page: id 4, table 1 || 2156: 6871 7fbc2b5000
           <...>-6977  [005] ...1  1732.349109: do_swap_page: id 4, table 1 || 2157: 6871 7ed1856000
           <...>-6977  [005] ...1  1732.349114: do_swap_page: id 4, table 1 || 2158: 6871 7ed1857000
           <...>-6977  [005] ...1  1732.349121: do_swap_page: id 4, table 1 || 2159: 6871 7ed1858000
           <...>-6918  [004] ...1  1732.349125: do_swap_page: id 4, table 1 || 2160: 6871 7fbc245000
           <...>-6977  [005] ...1  1732.349126: do_swap_page: id 4, table 1 || 2161: 6871 7eb39be000
           <...>-6933  [006] ...1  1732.349133: do_swap_page: id 4, table 1 || 2162: 6871 7e9fc2c000
           <...>-6977  [005] ...1  1732.349145: do_swap_page: id 4, table 1 || 2163: 6871 7eb3990000
           <...>-6918  [004] ...1  1732.349169: do_swap_page: id 4, table 1 || 2164: 6871 7ead880000
           <...>-6933  [006] ...1  1732.349177: do_swap_page: id 4, table 1 || 2165: 6871 7f2d779000
           <...>-6918  [004] ...1  1732.349178: do_swap_page: id 4, table 1 || 2166: 6871 7f28b46000
           <...>-6918  [004] ...1  1732.349188: do_swap_page: id 4, table 1 || 2167: 6871 7f3982b000
           <...>-6977  [005] ...1  1732.349204: do_swap_page: id 4, table 1 || 2168: 6871 7ed0c4e000
           <...>-6977  [005] ...1  1732.349211: do_swap_page: id 4, table 1 || 2169: 6871 7ed0c4d000
           <...>-6977  [005] ...1  1732.349219: do_swap_page: id 4, table 1 || 2170: 6871 7ed0c24000
           <...>-6918  [004] ....  1732.349239: read_swap_cache_async: remote readpage 6871 "pool-7-thread-1" 7f28b8a000 602eab
           <...>-6918  [004] ....  1732.349240: do_swap_page: prefetch fault 6871 "pool-7-thread-1" 7f28b8a000 602eab
           <...>-6933  [006] ...1  1732.349282: do_swap_page: id 4, table 1 || 2171: 6871 7ed0c27000
           <...>-6933  [006] ...1  1732.349290: do_swap_page: id 4, table 1 || 2172: 6871 7e9efd4000
           <...>-6933  [006] ...1  1732.349298: do_swap_page: id 4, table 1 || 2173: 6871 7e9efd5000
           <...>-6933  [006] ...1  1732.349306: do_swap_page: id 4, table 1 || 2174: 6871 7eb0593000
           <...>-6933  [006] ...1  1732.349312: do_swap_page: id 4, table 1 || 2175: 6871 7eb0438000
           <...>-6933  [006] ...1  1732.349323: do_swap_page: id 4, table 1 || 2176: 6871 7eaf747000
           <...>-6933  [006] ...1  1732.349333: do_swap_page: id 4, table 1 || 2177: 6871 7eafb76000
           <...>-6933  [006] ...1  1732.349349: do_swap_page: id 4, table 1 || 2178: 6871 7e9f351000
           <...>-6977  [005] ....  1732.349354: read_swap_cache_async: remote readpage 6871 "kVAST Worker" 7ed0c25000 602e91
           <...>-6977  [005] ....  1732.349356: do_swap_page: prefetch fault 6871 "kVAST Worker" 7ed0c25000 602e91
           <...>-6933  [006] ...1  1732.349358: do_swap_page: id 4, table 1 || 2179: 6871 7eb3a07000
           <...>-6871  [004] ...1  1732.349417: do_swap_page: id 4, table 1 || 2180: 6871 9db3e000
           <...>-6871  [004] ...1  1732.349456: do_swap_page: id 4, table 1 || 2181: 6871 7fbe23e000
           <...>-6871  [004] ...1  1732.349466: do_swap_page: id 4, table 1 || 2182: 6871 7f28b2a000
           <...>-6871  [004] ...1  1732.349472: do_swap_page: id 4, table 1 || 2183: 6871 7fbe239000
           <...>-6933  [006] ...1  1732.349527: do_swap_page: id 4, table 1 || 2184: 6871 7ed0c28000
           <...>-6933  [006] ...1  1732.349538: do_swap_page: id 4, table 1 || 2185: 6871 7eafc01000
           <...>-6871  [004] ....  1732.349555: read_swap_cache_async: remote readpage 6871 ".candycrushsaga" 7fbe238000 60aec9
           <...>-6871  [004] ....  1732.349556: do_swap_page: prefetch fault 6871 ".candycrushsaga" 7fbe238000 60aec9
           <...>-6933  [006] ...1  1732.349559: do_swap_page: id 4, table 1 || 2186: 6871 7eb034b000
           <...>-6933  [006] ...1  1732.349589: do_swap_page: id 4, table 1 || 2187: 6871 7eb05a0000
           <...>-6933  [006] ....  1732.349598: read_swap_cache_async: remote readpage 6871 "GLThread 448" 7eb03f6000 602e92
           <...>-6933  [006] ....  1732.349599: do_swap_page: prefetch fault 6871 "GLThread 448" 7eb03f6000 602e92
           <...>-6977  [004] ...1  1732.351703: do_swap_page: id 4, table 1 || 2188: 6871 7ed0c25000
           <...>-6977  [004] ....  1732.351776: read_swap_cache_async: remote readpage 6871 "kVAST Worker" 7f31988000 602e94
           <...>-6977  [004] ....  1732.351777: do_swap_page: prefetch fault 6871 "kVAST Worker" 7f31988000 602e94
           <...>-6918  [004] ...1  1732.351807: do_swap_page: id 4, table 1 || 2189: 6871 7f28b8a000
           <...>-6871  [005] ...1  1732.351812: do_swap_page: id 4, table 1 || 2190: 6871 7fbe238000
           <...>-6918  [004] ...1  1732.351822: do_swap_page: id 4, table 1 || 2191: 6871 7ead8a6000
           <...>-6918  [004] ...1  1732.351831: do_swap_page: id 4, table 1 || 2192: 6871 7ead881000
           <...>-6933  [006] ...1  1732.351850: do_swap_page: id 4, table 1 || 2193: 6871 7eb03f6000
           <...>-6918  [004] ...1  1732.351899: do_swap_page: id 4, table 1 || 2194: 6871 13ef0000
           <...>-6933  [006] ....  1732.351905: read_swap_cache_async: remote readpage 6871 "GLThread 448" 7eb05a2000 60aec8
           <...>-6933  [006] ....  1732.351907: do_swap_page: prefetch fault 6871 "GLThread 448" 7eb05a2000 60aec8
           <...>-6918  [004] ...1  1732.351927: do_swap_page: id 4, table 1 || 2195: 6871 7fbc250000
           <...>-6918  [004] ...1  1732.351940: do_swap_page: id 4, table 1 || 2196: 6871 7fbc251000
           <...>-6918  [004] ...1  1732.351948: do_swap_page: id 4, table 1 || 2197: 6871 7fbc238000
           <...>-6918  [004] ...1  1732.352080: do_swap_page: id 4, table 1 || 2198: 6871 7fbc23f000
           <...>-6918  [004] ...1  1732.352126: do_swap_page: id 4, table 1 || 2199: 6871 7f28b8b000
           <...>-6918  [004] ...1  1732.352162: do_swap_page: id 4, table 1 || 2200: 6871 7fbe294000
           <...>-6918  [004] ...1  1732.352254: do_swap_page: id 4, table 1 || 2201: 6871 7f212e5000
           <...>-6918  [004] ...1  1732.352379: do_swap_page: id 4, table 1 || 2202: 6871 7ed184b000
           <...>-6918  [004] ...1  1732.352400: do_swap_page: id 4, table 1 || 2203: 6871 7e4cd15000
           <...>-6918  [004] ....  1732.352595: read_swap_cache_async: remote readpage 6871 "pool-7-thread-1" 7e4ca88000 602ea7
           <...>-6918  [004] ....  1732.352597: do_swap_page: prefetch fault 6871 "pool-7-thread-1" 7e4ca88000 602ea7
           <...>-6871  [004] ...1  1732.353215: do_swap_page: id 4, table 1 || 2204: 6871 7e4cd48000
           <...>-6871  [004] ....  1732.353269: read_swap_cache_async: remote readpage 6871 ".candycrushsaga" 7eadbe5000 652e49
           <...>-6871  [004] ....  1732.353271: do_swap_page: prefetch fault 6871 ".candycrushsaga" 7eadbe5000 652e49
           <...>-6977  [004] ...1  1732.354069: do_swap_page: id 4, table 1 || 2205: 6871 7f31988000
           <...>-6977  [004] ...1  1732.354095: do_swap_page: id 4, table 1 || 2206: 6871 13f1c000
           <...>-6933  [006] ...1  1732.354110: do_swap_page: id 4, table 1 || 2207: 6871 7eb05a2000
           <...>-6987  [004] ....  1732.354134: read_swap_cache_async: remote readpage 6871 "Thread-5" 7ea77f3000 602e95
           <...>-6987  [004] ....  1732.354135: do_swap_page: prefetch fault 6871 "Thread-5" 7ea77f3000 602e95
           <...>-6918  [004] ...1  1732.354207: do_swap_page: id 4, table 1 || 2208: 6871 7e4ca88000
           <...>-6933  [006] ....  1732.354208: read_swap_cache_async: remote readpage 6871 "GLThread 448" 7eafc10000 602e93
           <...>-6933  [006] ....  1732.354209: do_swap_page: prefetch fault 6871 "GLThread 448" 7eafc10000 602e93
           <...>-6871  [007] ...1  1732.355808: do_swap_page: id 4, table 1 || 2209: 6871 7eadbe5000
           <...>-6871  [005] ....  1732.357737: read_swap_cache_async: remote readpage 6871 ".candycrushsaga" 7e4cb32000 636eee
           <...>-6871  [005] ....  1732.357739: do_swap_page: prefetch fault 6871 ".candycrushsaga" 7e4cb32000 636eee
           <...>-7220  [007] ....  1732.357883: read_swap_cache_async: remote readpage 6871 "Binder:6871_4" 7e9f3cf000 656e0c
           <...>-7220  [007] ....  1732.357885: do_swap_page: prefetch fault 6871 "Binder:6871_4" 7e9f3cf000 656e0c
           <...>-6933  [004] ...1  1732.358920: do_swap_page: id 4, table 1 || 2210: 6871 7eafc10000
           <...>-6933  [004] ....  1732.359000: read_swap_cache_async: remote readpage 6871 "GLThread 448" 7eaf99f000 60aecb
           <...>-6933  [004] ....  1732.359002: do_swap_page: prefetch fault 6871 "GLThread 448" 7eaf99f000 60aecb
           <...>-6987  [005] ...1  1732.359005: do_swap_page: id 4, table 1 || 2211: 6871 7ea77f3000
           <...>-6987  [005] ....  1732.359067: read_swap_cache_async: remote readpage 6871 "Thread-5" 7ea77f2000 60aecc
           <...>-6987  [005] ....  1732.359069: do_swap_page: prefetch fault 6871 "Thread-5" 7ea77f2000 60aecc
           <...>-6871  [007] ...1  1732.359991: do_swap_page: id 4, table 1 || 2212: 6871 7e4cb32000
           <...>-6871  [007] ....  1732.360100: read_swap_cache_async: remote readpage 6871 ".candycrushsaga" 7e9f4d8000 63ae15
           <...>-6871  [007] ....  1732.360102: do_swap_page: prefetch fault 6871 ".candycrushsaga" 7e9f4d8000 63ae15
           <...>-7220  [004] ...1  1732.360157: do_swap_page: id 4, table 1 || 2213: 6871 7e9f3cf000
           <...>-7220  [004] ...1  1732.360182: do_swap_page: id 4, table 1 || 2214: 6871 7e4c784000
           <...>-6933  [005] ...1  1732.361325: do_swap_page: id 4, table 1 || 2215: 6871 7eaf99f000
           <...>-6933  [005] ....  1732.361399: read_swap_cache_async: remote readpage 6871 "GLThread 448" 7eafb96000 60aecf
           <...>-6933  [005] ....  1732.361400: do_swap_page: prefetch fault 6871 "GLThread 448" 7eafb96000 60aecf
           <...>-6987  [006] ...1  1732.361881: do_swap_page: id 4, table 1 || 2216: 6871 7ea77f2000
           <...>-6987  [006] ....  1732.361903: read_swap_cache_async: remote readpage 6871 "Thread-5" 7ead95f000 5f6ef7
           <...>-6987  [006] ....  1732.361905: do_swap_page: prefetch fault 6871 "Thread-5" 7ead95f000 5f6ef7
           <...>-6871  [004] ...1  1732.363318: do_swap_page: id 4, table 1 || 2217: 6871 7e9f4d8000
           <...>-6871  [004] ...1  1732.363441: do_swap_page: id 4, table 1 || 2218: 6871 7f28ff2000
           <...>-6871  [004] ...1  1732.363463: do_swap_page: id 4, table 1 || 2219: 6871 7f28afc000
           <...>-6871  [004] ....  1732.363526: read_swap_cache_async: remote readpage 6871 ".candycrushsaga" 7f28f7d000 60aed3
           <...>-6871  [004] ....  1732.363528: do_swap_page: prefetch fault 6871 ".candycrushsaga" 7f28f7d000 60aed3
           <...>-6933  [005] ...1  1732.364486: do_swap_page: id 4, table 1 || 2220: 6871 7eafb96000
           <...>-6933  [005] ....  1732.364580: read_swap_cache_async: remote readpage 6871 "GLThread 448" 7e9fb20000 636ee1
           <...>-6933  [005] ....  1732.364581: do_swap_page: prefetch fault 6871 "GLThread 448" 7e9fb20000 636ee1
           <...>-6987  [006] ...1  1732.364689: do_swap_page: id 4, table 1 || 2221: 6871 7ead95f000
           <...>-6987  [006] ....  1732.364701: read_swap_cache_async: remote readpage 6871 "Thread-5" 7ead960000 636ee2
           <...>-6987  [006] ....  1732.364702: do_swap_page: prefetch fault 6871 "Thread-5" 7ead960000 636ee2
           <...>-6871  [004] ...1  1732.365821: do_swap_page: id 4, table 1 || 2222: 6871 7f28f7d000
           <...>-6871  [004] ....  1732.365884: read_swap_cache_async: remote readpage 6871 ".candycrushsaga" 7f28ff1000 636ee4
           <...>-6871  [004] ....  1732.365885: do_swap_page: prefetch fault 6871 ".candycrushsaga" 7f28ff1000 636ee4
           <...>-6933  [005] ...1  1732.367834: do_swap_page: id 4, table 1 || 2223: 6871 7e9fb20000
           <...>-6933  [005] ....  1732.367886: read_swap_cache_async: remote readpage 6871 "GLThread 448" 7e9fdd8000 602e97
           <...>-6933  [005] ....  1732.367887: do_swap_page: prefetch fault 6871 "GLThread 448" 7e9fdd8000 602e97
           <...>-6987  [006] ...1  1732.368057: do_swap_page: id 4, table 1 || 2224: 6871 7ead960000
           <...>-6871  [004] ...1  1732.368076: do_swap_page: id 4, table 1 || 2225: 6871 7f28ff1000
           <...>-6987  [006] ...1  1732.368082: do_swap_page: id 4, table 1 || 2226: 6871 7eb0526000
           <...>-6987  [006] ....  1732.368103: read_swap_cache_async: remote readpage 6871 "Thread-5" 7eb0594000 5f6ef9
           <...>-6987  [006] ....  1732.368104: do_swap_page: prefetch fault 6871 "Thread-5" 7eb0594000 5f6ef9
           <...>-6871  [004] ....  1732.368152: read_swap_cache_async: remote readpage 6871 ".candycrushsaga" 7ead80c000 60aee5
           <...>-6871  [004] ....  1732.368153: do_swap_page: prefetch fault 6871 ".candycrushsaga" 7ead80c000 60aee5
      Thread-201-6394  [001] ...1  1732.368614: do_swap_page: id 4, table 1 || 2227: 6323 7f2d82f000
      Thread-201-6394  [001] ...1  1732.370059: do_swap_page: id 4, table 1 || 2228: 6323 7f2d6cf000
           <...>-6933  [005] ...1  1732.370763: do_swap_page: id 4, table 1 || 2229: 6871 7e9fdd8000
           <...>-6933  [005] ....  1732.370860: read_swap_cache_async: remote readpage 6871 "GLThread 448" 7eb0449000 5f6efc
           <...>-6933  [005] ....  1732.370862: do_swap_page: prefetch fault 6871 "GLThread 448" 7eb0449000 5f6efc
           <...>-6871  [004] ...1  1732.370933: do_swap_page: id 4, table 1 || 2230: 6871 7ead80c000
           <...>-6871  [004] ....  1732.371014: read_swap_cache_async: remote readpage 6871 ".candycrushsaga" 7ead80d000 60aee6
           <...>-6871  [004] ....  1732.371015: do_swap_page: prefetch fault 6871 ".candycrushsaga" 7ead80d000 60aee6
           <...>-6987  [006] ...1  1732.371042: do_swap_page: id 4, table 1 || 2231: 6871 7eb0594000
           <...>-6987  [006] ....  1732.371050: read_swap_cache_async: remote readpage 6871 "Thread-5" 7eb03cc000 5f6efa
           <...>-6987  [006] ....  1732.371050: do_swap_page: prefetch fault 6871 "Thread-5" 7eb03cc000 5f6efa
           <...>-6933  [005] ...1  1732.376521: do_swap_page: id 4, table 1 || 2232: 6871 7eb0449000
           <...>-6933  [005] ....  1732.376598: read_swap_cache_async: remote readpage 6871 "GLThread 448" 7ed0c26000 63ae00
           <...>-6933  [005] ....  1732.376599: do_swap_page: prefetch fault 6871 "GLThread 448" 7ed0c26000 63ae00
           <...>-6871  [004] ...1  1732.376673: do_swap_page: id 4, table 1 || 2233: 6871 7ead80d000
           <...>-6871  [004] ....  1732.376736: read_swap_cache_async: remote readpage 6871 ".candycrushsaga" 7fbb4f6000 636ee5
           <...>-6871  [004] ....  1732.376738: do_swap_page: prefetch fault 6871 ".candycrushsaga" 7fbb4f6000 636ee5
           <...>-6987  [006] ...1  1732.376826: do_swap_page: id 4, table 1 || 2234: 6871 7eb03cc000
           <...>-6987  [006] ....  1732.376838: read_swap_cache_async: remote readpage 6871 "Thread-5" 7eb0c33000 5f6efd
           <...>-6987  [006] ....  1732.376838: do_swap_page: prefetch fault 6871 "Thread-5" 7eb0c33000 5f6efd
           <...>-6933  [005] ...1  1732.381345: do_swap_page: id 4, table 1 || 2235: 6871 7ed0c26000
           <...>-6933  [005] ...1  1732.381373: do_swap_page: id 4, table 1 || 2236: 6871 7eb03cf000
           <...>-6933  [005] ...1  1732.381387: do_swap_page: id 4, table 1 || 2237: 6871 7e9f9d5000
           <...>-6933  [005] ....  1732.381461: read_swap_cache_async: remote readpage 6871 "GLThread 448" 7eb0579000 63ae04
           <...>-6933  [005] ....  1732.381463: do_swap_page: prefetch fault 6871 "GLThread 448" 7eb0579000 63ae04
           <...>-6871  [004] ...1  1732.381484: do_swap_page: id 4, table 1 || 2238: 6871 7fbb4f6000
           <...>-6914  [006] ....  1732.381666: read_swap_cache_async: remote readpage 6871 "RenderThread" 7fbc16f000 60aeda
           <...>-6914  [006] ....  1732.381667: do_swap_page: prefetch fault 6871 "RenderThread" 7fbc16f000 60aeda
           <...>-6871  [004] ....  1732.381692: read_swap_cache_async: remote readpage 6871 ".candycrushsaga" 7e4cb22000 63ae26
           <...>-6871  [004] ....  1732.381694: do_swap_page: prefetch fault 6871 ".candycrushsaga" 7e4cb22000 63ae26
           <...>-6987  [006] ...1  1732.381711: do_swap_page: id 4, table 1 || 2239: 6871 7eb0c33000
           <...>-6987  [006] ....  1732.381736: read_swap_cache_async: remote readpage 6871 "Thread-5" 7eb03a6000 5f6eff
           <...>-6987  [006] ....  1732.381737: do_swap_page: prefetch fault 6871 "Thread-5" 7eb03a6000 5f6eff
           <...>-6933  [005] ...1  1732.383462: do_swap_page: id 4, table 1 || 2240: 6871 7eb0579000
           <...>-6933  [005] ....  1732.383529: read_swap_cache_async: remote readpage 6871 "GLThread 448" 7e9fb88000 602e99
           <...>-6933  [005] ....  1732.383530: do_swap_page: prefetch fault 6871 "GLThread 448" 7e9fb88000 602e99
      Thread-201-6394  [001] ...1  1732.383623: do_swap_page: id 4, table 1 || 2241: 6323 7f2d812000
           <...>-6871  [004] ...1  1732.384766: do_swap_page: id 4, table 1 || 2242: 6871 7e4cb22000
           <...>-6914  [006] ...1  1732.384907: do_swap_page: id 4, table 1 || 2243: 6871 7fbc16f000
           <...>-6914  [006] ....  1732.384921: read_swap_cache_async: remote readpage 6871 "RenderThread" 7fbba33000 60aede
           <...>-6914  [006] ....  1732.384922: do_swap_page: prefetch fault 6871 "RenderThread" 7fbba33000 60aede
           <...>-6871  [005] ....  1732.385076: read_swap_cache_async: remote readpage 6871 ".candycrushsaga" 7f28ef4000 60aed8
           <...>-6871  [005] ....  1732.385078: do_swap_page: prefetch fault 6871 ".candycrushsaga" 7f28ef4000 60aed8
           <...>-6987  [006] ...1  1732.385094: do_swap_page: id 4, table 1 || 2244: 6871 7eb03a6000
           <...>-6987  [006] ...1  1732.385117: do_swap_page: id 4, table 1 || 2245: 6871 7eb05b9000
           <...>-6987  [006] ....  1732.385131: read_swap_cache_async: remote readpage 6871 "Thread-5" 7eb0493000 63ae05
           <...>-6987  [006] ....  1732.385132: do_swap_page: prefetch fault 6871 "Thread-5" 7eb0493000 63ae05
           <...>-6933  [005] ...1  1732.386536: do_swap_page: id 4, table 1 || 2246: 6871 7e9fb88000
           <...>-6933  [005] ...1  1732.386590: do_swap_page: id 4, table 1 || 2247: 6871 7eb05be000
           <...>-6933  [005] ....  1732.386739: read_swap_cache_async: remote readpage 6871 "GLThread 448" 7ec5a17000 63ae09
           <...>-6933  [005] ....  1732.386741: do_swap_page: prefetch fault 6871 "GLThread 448" 7ec5a17000 63ae09
           <...>-6914  [006] ...1  1732.386824: do_swap_page: id 4, table 1 || 2248: 6871 7fbba33000
           <...>-6914  [006] ....  1732.386841: read_swap_cache_async: remote readpage 6871 "RenderThread" 7f20aaf000 63ae19
           <...>-6914  [006] ....  1732.386842: do_swap_page: prefetch fault 6871 "RenderThread" 7f20aaf000 63ae19
           <...>-6871  [005] ...1  1732.387569: do_swap_page: id 4, table 1 || 2249: 6871 7f28ef4000
           <...>-6987  [006] ...1  1732.387798: do_swap_page: id 4, table 1 || 2250: 6871 7eb0493000
           <...>-6987  [006] ....  1732.387821: read_swap_cache_async: remote readpage 6871 "Thread-5" 7ea77f1000 63ae08
           <...>-6987  [006] ....  1732.387822: do_swap_page: prefetch fault 6871 "Thread-5" 7ea77f1000 63ae08
           <...>-6871  [005] ....  1732.388270: read_swap_cache_async: remote readpage 6871 ".candycrushsaga" 9db35000 60aedc
           <...>-6871  [005] ....  1732.388272: do_swap_page: prefetch fault 6871 ".candycrushsaga" 9db35000 60aedc
           <...>-6933  [005] ...1  1732.389374: do_swap_page: id 4, table 1 || 2251: 6871 7ec5a17000
           <...>-6933  [005] ....  1732.389415: read_swap_cache_async: remote readpage 6871 "GLThread 448" 7ea0035000 63ae0d
           <...>-6933  [005] ....  1732.389416: do_swap_page: prefetch fault 6871 "GLThread 448" 7ea0035000 63ae0d
           <...>-6914  [006] ...1  1732.389736: do_swap_page: id 4, table 1 || 2252: 6871 7f20aaf000
           <...>-6914  [006] ....  1732.389761: read_swap_cache_async: remote readpage 6871 "RenderThread" 7f209fe000 60aee1
           <...>-6914  [006] ....  1732.389762: do_swap_page: prefetch fault 6871 "RenderThread" 7f209fe000 60aee1
           <...>-6987  [006] ...1  1732.391355: do_swap_page: id 4, table 1 || 2253: 6871 7ea77f1000
           <...>-6987  [006] ...1  1732.391403: do_swap_page: id 4, table 1 || 2254: 6871 7e9c96c000
           <...>-6987  [006] ...1  1732.391429: do_swap_page: id 4, table 1 || 2255: 6871 7eb0574000
           <...>-6987  [006] ....  1732.391477: read_swap_cache_async: remote readpage 6871 "Thread-5" 7eb0494000 602e9c
           <...>-6987  [006] ....  1732.391478: do_swap_page: prefetch fault 6871 "Thread-5" 7eb0494000 602e9c
           <...>-6871  [005] ...1  1732.391595: do_swap_page: id 4, table 1 || 2256: 6871 9db35000
           <...>-6871  [005] ....  1732.391614: read_swap_cache_async: remote readpage 6871 ".candycrushsaga" 9dbcf000 63ae17
           <...>-6871  [005] ....  1732.391615: do_swap_page: prefetch fault 6871 ".candycrushsaga" 9dbcf000 63ae17
           <...>-6933  [005] ...1  1732.391826: do_swap_page: id 4, table 1 || 2257: 6871 7ea0035000
           <...>-6933  [005] ....  1732.391928: read_swap_cache_async: remote readpage 6871 "GLThread 448" 7e9efc5000 602e9d
           <...>-6933  [005] ....  1732.391930: do_swap_page: prefetch fault 6871 "GLThread 448" 7e9efc5000 602e9d
           <...>-6914  [006] ...1  1732.392065: do_swap_page: id 4, table 1 || 2258: 6871 7f209fe000
           <...>-6914  [006] ....  1732.392093: read_swap_cache_async: remote readpage 6871 "RenderThread" 7eca71b000 602ea9
           <...>-6914  [006] ....  1732.392094: do_swap_page: prefetch fault 6871 "RenderThread" 7eca71b000 602ea9
           <...>-6987  [006] ...1  1732.394416: do_swap_page: id 4, table 1 || 2259: 6871 7eb0494000
           <...>-6987  [006] ....  1732.394433: read_swap_cache_async: remote readpage 6871 "Thread-5" 7eb0570000 63ae0c
           <...>-6987  [006] ....  1732.394434: do_swap_page: prefetch fault 6871 "Thread-5" 7eb0570000 63ae0c
           <...>-6871  [005] ...1  1732.394667: do_swap_page: id 4, table 1 || 2260: 6871 9dbcf000
           <...>-6871  [005] ....  1732.394759: read_swap_cache_async: remote readpage 6871 ".candycrushsaga" 9dac9000 63ae1b
           <...>-6871  [005] ....  1732.394761: do_swap_page: prefetch fault 6871 ".candycrushsaga" 9dac9000 63ae1b
           <...>-6933  [005] ...1  1732.394838: do_swap_page: id 4, table 1 || 2261: 6871 7e9efc5000
           <...>-6933  [005] ....  1732.394904: read_swap_cache_async: remote readpage 6871 "GLThread 448" 7e9fc0e000 602ea1
           <...>-6933  [005] ....  1732.394906: do_swap_page: prefetch fault 6871 "GLThread 448" 7e9fc0e000 602ea1
           <...>-6914  [006] ...1  1732.395314: do_swap_page: id 4, table 1 || 2262: 6871 7eca71b000
           <...>-6914  [006] ....  1732.395503: read_swap_cache_async: remote readpage 6871 "RenderThread" 7eca611000 60aee2
           <...>-6914  [006] ....  1732.395505: do_swap_page: prefetch fault 6871 "RenderThread" 7eca611000 60aee2
           <...>-6987  [006] ...1  1732.397353: do_swap_page: id 4, table 1 || 2263: 6871 7eb0570000
           <...>-6987  [006] ...1  1732.397379: do_swap_page: id 4, table 1 || 2264: 6871 7e9f1ce000
           <...>-6987  [006] ....  1732.397408: read_swap_cache_async: remote readpage 6871 "Thread-5" 7eb05a8000 63ae10
           <...>-6987  [006] ....  1732.397409: do_swap_page: prefetch fault 6871 "Thread-5" 7eb05a8000 63ae10
           <...>-6871  [005] ...1  1732.397521: do_swap_page: id 4, table 1 || 2265: 6871 9dac9000
           <...>-6933  [004] ...1  1732.397734: do_swap_page: id 4, table 1 || 2266: 6871 7e9fc0e000
           <...>-6871  [005] ...1  1732.397748: do_swap_page: id 4, table 1 || 2267: 6871 13c19000
           <...>-6933  [004] ....  1732.397806: read_swap_cache_async: remote readpage 6871 "GLThread 448" 7eb057e000 63ae13
           <...>-6933  [004] ....  1732.397807: do_swap_page: prefetch fault 6871 "GLThread 448" 7eb057e000 63ae13
           <...>-6914  [006] ...1  1732.397934: do_swap_page: id 4, table 1 || 2268: 6871 7eca611000
           <...>-6871  [004] ...1  1732.398032: do_swap_page: id 4, table 1 || 2269: 6871 7e4cd61000
           <...>-6871  [004] ...1  1732.398060: do_swap_page: id 4, table 1 || 2270: 6871 7eadc9d000
           <...>-6914  [006] ....  1732.398065: read_swap_cache_async: remote readpage 6871 "RenderThread" 7f28a5c000 63ae1f
           <...>-6914  [006] ....  1732.398067: do_swap_page: prefetch fault 6871 "RenderThread" 7f28a5c000 63ae1f
           <...>-6871  [004] ....  1732.398246: read_swap_cache_async: remote readpage 6871 ".candycrushsaga" 7e4cae8000 63ae1d
           <...>-6871  [004] ....  1732.398248: do_swap_page: prefetch fault 6871 ".candycrushsaga" 7e4cae8000 63ae1d
           <...>-6987  [006] ...1  1732.399846: do_swap_page: id 4, table 1 || 2271: 6871 7eb05a8000
           <...>-6987  [006] ....  1732.399913: read_swap_cache_async: remote readpage 6871 "Thread-5" 7eb0598000 602ea0
           <...>-6987  [006] ....  1732.399914: do_swap_page: prefetch fault 6871 "Thread-5" 7eb0598000 602ea0
           <...>-6933  [004] ...1  1732.400066: do_swap_page: id 4, table 1 || 2272: 6871 7eb057e000
           <...>-6933  [004] ....  1732.400136: read_swap_cache_async: remote readpage 6871 "GLThread 448" 7eb3a69000 63ae16
           <...>-6933  [004] ....  1732.400137: do_swap_page: prefetch fault 6871 "GLThread 448" 7eb3a69000 63ae16
           <...>-6914  [006] ...1  1732.400344: do_swap_page: id 4, table 1 || 2273: 6871 7f28a5c000
           <...>-6914  [006] ....  1732.400357: read_swap_cache_async: remote readpage 6871 "RenderThread" 7fbe264000 636ee8
           <...>-6914  [006] ....  1732.400359: do_swap_page: prefetch fault 6871 "RenderThread" 7fbe264000 636ee8
           <...>-6871  [004] ...1  1732.400502: do_swap_page: id 4, table 1 || 2274: 6871 7e4cae8000
           <...>-6871  [004] ....  1732.400563: read_swap_cache_async: remote readpage 6871 ".candycrushsaga" 7fbe250000 63ae20
           <...>-6871  [004] ....  1732.400564: do_swap_page: prefetch fault 6871 ".candycrushsaga" 7fbe250000 63ae20
           <...>-6987  [006] ...1  1732.403265: do_swap_page: id 4, table 1 || 2275: 6871 7eb0598000
           <...>-6933  [004] ...1  1732.403425: do_swap_page: id 4, table 1 || 2276: 6871 7eb3a69000
           <...>-6933  [004] ....  1732.403521: read_swap_cache_async: remote readpage 6871 "GLThread 448" 7e9fa5e000 60aed4
           <...>-6933  [004] ....  1732.403523: do_swap_page: prefetch fault 6871 "GLThread 448" 7e9fa5e000 60aed4
           <...>-6914  [006] ...1  1732.403626: do_swap_page: id 4, table 1 || 2277: 6871 7fbe264000
           <...>-6914  [006] ....  1732.403645: read_swap_cache_async: remote readpage 6871 "RenderThread" 7e4c940000 636eeb
           <...>-6914  [006] ....  1732.403646: do_swap_page: prefetch fault 6871 "RenderThread" 7e4c940000 636eeb
           <...>-6871  [004] ...1  1732.403807: do_swap_page: id 4, table 1 || 2278: 6871 7fbe250000
           <...>-6871  [004] ....  1732.403828: read_swap_cache_async: remote readpage 6871 ".candycrushsaga" 7eade14000 636ee9
           <...>-6871  [004] ....  1732.403830: do_swap_page: prefetch fault 6871 ".candycrushsaga" 7eade14000 636ee9
           <...>-6933  [004] ...1  1732.406095: do_swap_page: id 4, table 1 || 2279: 6871 7e9fa5e000
           <...>-6933  [004] ....  1732.406226: read_swap_cache_async: remote readpage 6871 "GLThread 448" 7ed117f000 602ea2
           <...>-6933  [004] ....  1732.406228: do_swap_page: prefetch fault 6871 "GLThread 448" 7ed117f000 602ea2
           <...>-6914  [006] ...1  1732.406285: do_swap_page: id 4, table 1 || 2280: 6871 7e4c940000
           <...>-6914  [006] ....  1732.406306: read_swap_cache_async: remote readpage 6871 "RenderThread" 7eca70c000 602eae
           <...>-6914  [006] ....  1732.406307: do_swap_page: prefetch fault 6871 "RenderThread" 7eca70c000 602eae
           <...>-6871  [005] ...1  1732.407369: do_swap_page: id 4, table 1 || 2281: 6871 7eade14000
           <...>-6918  [004] ...1  1732.407387: do_swap_page: id 4, table 1 || 2282: 6871 7eadb90000
           <...>-6871  [005] ...1  1732.407550: do_swap_page: id 4, table 1 || 2283: 6871 7f28b3f000
           <...>-6871  [005] ....  1732.407570: read_swap_cache_async: remote readpage 6871 ".candycrushsaga" 7f28ff3000 602ead
           <...>-6871  [005] ....  1732.407571: do_swap_page: prefetch fault 6871 ".candycrushsaga" 7f28ff3000 602ead
           <...>-6918  [004] ...1  1732.407717: do_swap_page: id 4, table 1 || 2284: 6871 7e4cb65000
           <...>-6918  [004] ...1  1732.407742: do_swap_page: id 4, table 1 || 2285: 6871 7eca5db000
           <...>-6918  [004] ...1  1732.407752: do_swap_page: id 4, table 1 || 2286: 6871 7eca5dc000
           <...>-6918  [004] ...1  1732.407783: do_swap_page: id 4, table 1 || 2287: 6871 7ead80f000
           <...>-6918  [004] ...1  1732.407815: do_swap_page: id 4, table 1 || 2288: 6871 7f28b3b000
           <...>-6918  [004] ...1  1732.407855: do_swap_page: id 4, table 1 || 2289: 6871 7e4caab000
           <...>-6918  [004] ...1  1732.407976: do_swap_page: id 4, table 1 || 2290: 6871 7ecad07000
           <...>-6918  [004] ...1  1732.408028: do_swap_page: id 4, table 1 || 2291: 6871 71adb000
           <...>-6918  [004] ...1  1732.408156: do_swap_page: id 4, table 1 || 2292: 6871 7fbc23b000
           <...>-6918  [004] ...1  1732.408184: do_swap_page: id 4, table 1 || 2293: 6871 7e4ca77000
           <...>-6918  [004] ...1  1732.408220: do_swap_page: id 4, table 1 || 2294: 6871 7ecad06000
           <...>-6918  [004] ...1  1732.408238: do_swap_page: id 4, table 1 || 2295: 6871 7e4cac7000
           <...>-6918  [004] ...1  1732.408292: do_swap_page: id 4, table 1 || 2296: 6871 7e4cb16000
           <...>-6918  [004] ....  1732.408373: read_swap_cache_async: remote readpage 6871 "pool-7-thread-1" 7e4cb52000 632ed0
           <...>-6933  [004] ...1  1732.409253: do_swap_page: id 4, table 1 || 2297: 6871 7ed117f000
           <...>-6914  [006] ...1  1732.409425: do_swap_page: id 4, table 1 || 2298: 6871 7eca70c000
           <...>-6914  [006] ....  1732.409487: read_swap_cache_async: remote readpage 6871 "RenderThread" 7eca66d000 602eb1
           <...>-6914  [006] ....  1732.409489: do_swap_page: prefetch fault 6871 "RenderThread" 7eca66d000 602eb1
           <...>-6933  [005] ....  1732.409593: read_swap_cache_async: remote readpage 6871 "GLThread 448" 9daf6000 602ea5
           <...>-6933  [005] ....  1732.409595: do_swap_page: prefetch fault 6871 "GLThread 448" 9daf6000 602ea5
           <...>-6871  [005] ...1  1732.410062: do_swap_page: id 4, table 1 || 2299: 6871 7f28ff3000
           <...>-6871  [005] ....  1732.410115: read_swap_cache_async: remote readpage 6871 ".candycrushsaga" 7eadad7000 64ae9f
           <...>-6871  [005] ....  1732.410117: do_swap_page: prefetch fault 6871 ".candycrushsaga" 7eadad7000 64ae9f
           <...>-6918  [004] ...1  1732.411302: do_swap_page: id 4, table 1 || 2300: 6871 7e4cb52000
           <...>-6918  [004] ...1  1732.411403: do_swap_page: id 4, table 1 || 2301: 6871 7fbe299000
           <...>-6918  [004] ....  1732.411639: read_swap_cache_async: remote readpage 6871 "pool-7-thread-1" 7e4cb68000 642ec5
           <...>-6918  [004] ....  1732.411641: do_swap_page: prefetch fault 6871 "pool-7-thread-1" 7e4cb68000 642ec5
           <...>-6914  [006] ...1  1732.412481: do_swap_page: id 4, table 1 || 2302: 6871 7eca66d000
           <...>-6914  [006] ....  1732.412510: read_swap_cache_async: remote readpage 6871 "RenderThread" 7eca66f000 63ae23
           <...>-6914  [006] ....  1732.412511: do_swap_page: prefetch fault 6871 "RenderThread" 7eca66f000 63ae23
           <...>-6933  [005] ...1  1732.412676: do_swap_page: id 4, table 1 || 2303: 6871 9daf6000
           <...>-6871  [004] ...1  1732.412978: do_swap_page: id 4, table 1 || 2304: 6871 7eadad7000
           <...>-6933  [005] ....  1732.413118: read_swap_cache_async: remote readpage 6871 "GLThread 448" 7eb3a68000 60aed5
           <...>-6933  [005] ....  1732.413120: do_swap_page: prefetch fault 6871 "GLThread 448" 7eb3a68000 60aed5
           <...>-6871  [004] ...1  1732.413171: do_swap_page: id 4, table 1 || 2305: 6871 7f28ac0000
           <...>-6871  [004] ....  1732.413274: read_swap_cache_async: remote readpage 6871 ".candycrushsaga" 7eca5d2000 602eb0
           <...>-6871  [004] ....  1732.413276: do_swap_page: prefetch fault 6871 ".candycrushsaga" 7eca5d2000 602eb0
           <...>-6918  [004] ...1  1732.414986: do_swap_page: id 4, table 1 || 2306: 6871 7e4cb68000
           <...>-6918  [004] ...1  1732.415024: do_swap_page: id 4, table 1 || 2307: 6871 7e4cb69000
           <...>-6918  [004] ...1  1732.415078: do_swap_page: id 4, table 1 || 2308: 6871 7f289ff000
           <...>-6918  [004] ...1  1732.415125: do_swap_page: id 4, table 1 || 2309: 6871 7f28e6f000
           <...>-6918  [004] ....  1732.415215: read_swap_cache_async: remote readpage 6871 "pool-7-thread-1" 7f28ac1000 64ee64
           <...>-6918  [004] ....  1732.415216: do_swap_page: prefetch fault 6871 "pool-7-thread-1" 7f28ac1000 64ee64
           <...>-6914  [006] ...1  1732.418772: do_swap_page: id 4, table 1 || 2310: 6871 7eca66f000
           <...>-6914  [006] ....  1732.418859: read_swap_cache_async: remote readpage 6871 "RenderThread" 7ec9e18000 63ae25
           <...>-6914  [006] ....  1732.418861: do_swap_page: prefetch fault 6871 "RenderThread" 7ec9e18000 63ae25
           <...>-6933  [005] ...1  1732.419841: do_swap_page: id 4, table 1 || 2311: 6871 7eb3a68000
           <...>-6871  [004] ...1  1732.419861: do_swap_page: id 4, table 1 || 2312: 6871 7eca5d2000
           <...>-6933  [005] ....  1732.420274: read_swap_cache_async: remote readpage 6871 "GLThread 448" 7e9efc4000 60aed9
           <...>-6933  [005] ....  1732.420278: do_swap_page: prefetch fault 6871 "GLThread 448" 7e9efc4000 60aed9
           <...>-6918  [005] ...1  1732.420696: do_swap_page: id 4, table 1 || 2313: 6871 7f28ac1000
           <...>-6918  [005] ...1  1732.420817: do_swap_page: id 4, table 1 || 2314: 6871 71c41000
           <...>-6871  [004] ....  1732.420850: read_swap_cache_async: remote readpage 6871 ".candycrushsaga" 7eca5d3000 60aee4
           <...>-6871  [004] ....  1732.420854: do_swap_page: prefetch fault 6871 ".candycrushsaga" 7eca5d3000 60aee4
           <...>-6918  [005] ...1  1732.420909: do_swap_page: id 4, table 1 || 2315: 6871 71c40000
           <...>-6918  [005] ...1  1732.421041: do_swap_page: id 4, table 1 || 2316: 6871 7fbc24f000
           <...>-6918  [005] ...1  1732.421258: do_swap_page: id 4, table 1 || 2317: 6871 7ed1874000
           <...>-6918  [005] ....  1732.421419: read_swap_cache_async: remote readpage 6871 "pool-7-thread-1" 7ead8ec000 63eec0
           <...>-6918  [005] ....  1732.421422: do_swap_page: prefetch fault 6871 "pool-7-thread-1" 7ead8ec000 63eec0
           <...>-6914  [006] ...1  1732.422012: do_swap_page: id 4, table 1 || 2318: 6871 7ec9e18000
           <...>-6914  [006] ...1  1732.422061: do_swap_page: id 4, table 1 || 2319: 6871 7e4ca75000
           <...>-6914  [006] ....  1732.422107: read_swap_cache_async: remote readpage 6871 "RenderThread" 7fbf5e4000 63ae27
           <...>-6914  [006] ....  1732.422108: do_swap_page: prefetch fault 6871 "RenderThread" 7fbf5e4000 63ae27
           <...>-6933  [005] ...1  1732.423473: do_swap_page: id 4, table 1 || 2320: 6871 7e9efc4000
           <...>-6933  [005] ....  1732.423575: read_swap_cache_async: remote readpage 6871 "GLThread 448" 7eaf969000 60aedd
           <...>-6933  [005] ....  1732.423578: do_swap_page: prefetch fault 6871 "GLThread 448" 7eaf969000 60aedd
           <...>-6871  [004] ...1  1732.423772: do_swap_page: id 4, table 1 || 2321: 6871 7eca5d3000
           <...>-6918  [005] ...1  1732.423781: do_swap_page: id 4, table 1 || 2322: 6871 7ead8ec000
           <...>-6871  [004] ....  1732.423885: read_swap_cache_async: remote readpage 6871 ".candycrushsaga" 7eca5d4000 63ae29
           <...>-6871  [004] ....  1732.423887: do_swap_page: prefetch fault 6871 ".candycrushsaga" 7eca5d4000 63ae29
           <...>-6918  [005] ...1  1732.424153: do_swap_page: id 4, table 1 || 2323: 6871 7fbc239000
           <...>-6914  [006] ...1  1732.424175: do_swap_page: id 4, table 1 || 2324: 6871 7fbf5e4000
           <...>-6914  [006] ....  1732.424315: read_swap_cache_async: remote readpage 6871 "RenderThread" 7eca60f000 636eec
           <...>-6914  [006] ....  1732.424318: do_swap_page: prefetch fault 6871 "RenderThread" 7eca60f000 636eec
           <...>-6918  [005] ...1  1732.424420: do_swap_page: id 4, table 1 || 2325: 6871 144f6000
           <...>-6918  [005] ...1  1732.424903: do_swap_page: id 4, table 1 || 2326: 6871 7f212e3000
           <...>-6933  [005] ...1  1732.426680: do_swap_page: id 4, table 1 || 2327: 6871 7eaf969000
           <...>-6933  [005] ....  1732.426814: read_swap_cache_async: remote readpage 6871 "GLThread 448" 7eaf7eb000 63ae18
           <...>-6933  [005] ....  1732.426816: do_swap_page: prefetch fault 6871 "GLThread 448" 7eaf7eb000 63ae18
           <...>-6918  [005] ...1  1732.426935: do_swap_page: id 4, table 1 || 2328: 6871 7eca5d4000
           <...>-6914  [006] ...1  1732.426962: do_swap_page: id 4, table 1 || 2329: 6871 7eca60f000
           <...>-6914  [006] ....  1732.427015: read_swap_cache_async: remote readpage 6871 "RenderThread" 7ed17a6000 636eef
           <...>-6914  [006] ....  1732.427017: do_swap_page: prefetch fault 6871 "RenderThread" 7ed17a6000 636eef
           <...>-6871  [004] ...1  1732.427066: do_swap_page: id 4, table 1 || 2330: 6871 7eadad6000
           <...>-6918  [005] ...1  1732.427075: do_swap_page: id 4, table 1 || 2331: 6871 144fa000
           <...>-6871  [004] ...1  1732.427108: do_swap_page: id 4, table 1 || 2332: 6871 144c6000
           <...>-6918  [005] ....  1732.427228: read_swap_cache_async: remote readpage 6871 "pool-7-thread-1" 7ed1877000 63ae28
           <...>-6918  [005] ....  1732.427231: do_swap_page: prefetch fault 6871 "pool-7-thread-1" 7ed1877000 63ae28
           <...>-6871  [004] ....  1732.427329: read_swap_cache_async: remote readpage 6871 ".candycrushsaga" 7ead80b000 64aeb5
           <...>-6871  [004] ....  1732.427331: do_swap_page: prefetch fault 6871 ".candycrushsaga" 7ead80b000 64aeb5
           <...>-6933  [005] ...1  1732.430258: do_swap_page: id 4, table 1 || 2333: 6871 7eaf7eb000
           <...>-6933  [005] ....  1732.430323: read_swap_cache_async: remote readpage 6871 "GLThread 448" 7eb0046000 60aee0
           <...>-6933  [005] ....  1732.430325: do_swap_page: prefetch fault 6871 "GLThread 448" 7eb0046000 60aee0
           <...>-6914  [006] ...1  1732.431256: do_swap_page: id 4, table 1 || 2334: 6871 7ed17a6000
           <...>-6914  [006] ...1  1732.431294: do_swap_page: id 4, table 1 || 2335: 6871 7f28fcf000
