           <...>-6763  [004] ....  1529.491971: do_swap_page: prefetch fault 6713 "pool-7-thread-1" 7eab6fa000 90f9a
 .candycrushsaga-6713  [005] ...1  1529.491983: do_swap_page: id 4, table 0 || 2237: 6713 7f20ef7000
 .candycrushsaga-6713  [005] ....  1529.492009: read_swap_cache_async: remote readpage 6713 ".candycrushsaga" 7f20ef9000 60cf83
 .candycrushsaga-6713  [005] ....  1529.492010: do_swap_page: prefetch fault 6713 ".candycrushsaga" 7f20ef9000 60cf83
           <...>-6837  [005] ...1  1529.494370: do_swap_page: id 4, table 0 || 2238: 6713 7eafd60000
           <...>-6837  [005] ...1  1529.494392: do_swap_page: id 4, table 0 || 2239: 6713 7eafd52000
           <...>-6837  [004] ....  1529.494475: read_swap_cache_async: remote readpage 6713 "Thread-5" 7eac618000 90f95
           <...>-6837  [004] ....  1529.494476: do_swap_page: prefetch fault 6713 "Thread-5" 7eac618000 90f95
           <...>-6777  [004] ...1  1529.494619: do_swap_page: id 4, table 0 || 2240: 6713 7ea3e72000
           <...>-6763  [006] ...1  1529.494798: do_swap_page: id 4, table 0 || 2241: 6713 7eab6fa000
           <...>-6777  [004] ....  1529.494828: read_swap_cache_async: remote readpage 6713 "GLThread 439" 7ea4379000 5ecf04
 .candycrushsaga-6713  [005] ...1  1529.494829: do_swap_page: id 4, table 0 || 2242: 6713 7f20ef9000
           <...>-6777  [004] ....  1529.494830: do_swap_page: prefetch fault 6713 "GLThread 439" 7ea4379000 5ecf04
 .candycrushsaga-6713  [005] ...1  1529.494856: do_swap_page: id 4, table 0 || 2243: 6713 141c5000
           <...>-6763  [006] ...1  1529.494879: do_swap_page: id 4, table 0 || 2244: 6713 14483000
 .candycrushsaga-6713  [005] ...1  1529.494886: do_swap_page: id 4, table 0 || 2245: 6713 141bc000
 .candycrushsaga-6713  [005] ....  1529.494958: read_swap_cache_async: remote readpage 6713 ".candycrushsaga" 7f20f03000 60cf84
 .candycrushsaga-6713  [005] ....  1529.494960: do_swap_page: prefetch fault 6713 ".candycrushsaga" 7f20f03000 60cf84
           <...>-6837  [004] ...1  1529.497152: do_swap_page: id 4, table 0 || 2246: 6713 7eac618000
           <...>-6777  [005] ...1  1529.497304: do_swap_page: id 4, table 0 || 2247: 6713 7ea4379000
           <...>-6837  [004] ....  1529.497336: read_swap_cache_async: remote readpage 6713 "Thread-5" 7eafafd000 88fd2
           <...>-6837  [004] ....  1529.497338: do_swap_page: prefetch fault 6713 "Thread-5" 7eafafd000 88fd2
           <...>-6777  [005] ....  1529.497420: read_swap_cache_async: remote readpage 6713 "GLThread 439" 7eaf585000 88fd4
           <...>-6777  [005] ....  1529.497422: do_swap_page: prefetch fault 6713 "GLThread 439" 7eaf585000 88fd4
 .candycrushsaga-6713  [005] ...1  1529.497450: do_swap_page: id 4, table 0 || 2248: 6713 7f20f03000
 .candycrushsaga-6713  [005] ...1  1529.497472: do_swap_page: id 4, table 0 || 2249: 6713 141ba000
 .candycrushsaga-6713  [005] ....  1529.497488: read_swap_cache_async: remote readpage 6713 ".candycrushsaga" 7f20efe000 60cf82
 .candycrushsaga-6713  [005] ....  1529.497491: do_swap_page: prefetch fault 6713 ".candycrushsaga" 7f20efe000 60cf82
           <...>-6837  [004] ...1  1529.499659: do_swap_page: id 4, table 0 || 2250: 6713 7eafafd000
           <...>-6777  [005] ...1  1529.499783: do_swap_page: id 4, table 0 || 2251: 6713 7eaf585000
           <...>-6837  [004] ....  1529.499798: read_swap_cache_async: remote readpage 6713 "Thread-5" 7eafb5e000 88fd6
           <...>-6837  [004] ....  1529.499801: do_swap_page: prefetch fault 6713 "Thread-5" 7eafb5e000 88fd6
           <...>-6777  [004] ....  1529.499812: read_swap_cache_async: remote readpage 6713 "GLThread 439" 7ec032e000 88fd8
           <...>-6777  [004] ....  1529.499814: do_swap_page: prefetch fault 6713 "GLThread 439" 7ec032e000 88fd8
 .candycrushsaga-6713  [005] ...1  1529.499990: do_swap_page: id 4, table 0 || 2252: 6713 7f20efe000
 .candycrushsaga-6713  [006] ...1  1529.500646: do_swap_page: id 4, table 0 || 2253: 6713 7e9c651000
           <...>-6837  [004] ...1  1529.502777: do_swap_page: id 4, table 0 || 2254: 6713 7eafb5e000
           <...>-6837  [004] ....  1529.502941: read_swap_cache_async: remote readpage 6713 "Thread-5" 7eafd4a000 88fd9
           <...>-6837  [004] ....  1529.502944: do_swap_page: prefetch fault 6713 "Thread-5" 7eafd4a000 88fd9
           <...>-6777  [005] ...1  1529.502945: do_swap_page: id 4, table 0 || 2255: 6713 7ec032e000
           <...>-6777  [005] ...1  1529.502976: do_swap_page: id 4, table 0 || 2256: 6713 7eafbd1000
           <...>-6777  [005] ....  1529.503093: read_swap_cache_async: remote readpage 6713 "GLThread 439" 7ea3cad000 88fdc
           <...>-6777  [005] ....  1529.503096: do_swap_page: prefetch fault 6713 "GLThread 439" 7ea3cad000 88fdc
 .candycrushsaga-6713  [004] ....  1529.503654: read_swap_cache_async: remote readpage 6713 ".candycrushsaga" 7e9e627000 88fd1
 .candycrushsaga-6713  [004] ....  1529.503657: do_swap_page: prefetch fault 6713 ".candycrushsaga" 7e9e627000 88fd1
           <...>-6837  [004] ...1  1529.505159: do_swap_page: id 4, table 0 || 2257: 6713 7eafd4a000
           <...>-6837  [004] ....  1529.505298: read_swap_cache_async: remote readpage 6713 "Thread-5" 7eafce3000 90f90
           <...>-6837  [004] ....  1529.505300: do_swap_page: prefetch fault 6713 "Thread-5" 7eafce3000 90f90
           <...>-6777  [005] ...1  1529.505304: do_swap_page: id 4, table 0 || 2258: 6713 7ea3cad000
           <...>-6777  [005] ....  1529.505338: read_swap_cache_async: remote readpage 6713 "GLThread 439" 7eafd5b000 90f93
           <...>-6777  [005] ....  1529.505339: do_swap_page: prefetch fault 6713 "GLThread 439" 7eafd5b000 90f93
 .candycrushsaga-6713  [004] ...1  1529.506517: do_swap_page: id 4, table 0 || 2259: 6713 7e9e627000
 .candycrushsaga-6713  [004] ....  1529.506724: read_swap_cache_async: remote readpage 6713 ".candycrushsaga" 7f28fb3000 88fd3
 .candycrushsaga-6713  [004] ....  1529.506726: do_swap_page: prefetch fault 6713 ".candycrushsaga" 7f28fb3000 88fd3
           <...>-6837  [004] ...1  1529.507734: do_swap_page: id 4, table 0 || 2260: 6713 7eafce3000
           <...>-6837  [004] ...1  1529.507771: do_swap_page: id 4, table 0 || 2261: 6713 7e9c37c000
           <...>-6837  [004] ...1  1529.507805: do_swap_page: id 4, table 0 || 2262: 6713 7eab6a8000
           <...>-6837  [004] ....  1529.507933: read_swap_cache_async: remote readpage 6713 "Thread-5" 7eafd5d000 90f99
           <...>-6777  [005] ...1  1529.507935: do_swap_page: id 4, table 0 || 2263: 6713 7eafd5b000
           <...>-6837  [004] ....  1529.507935: do_swap_page: prefetch fault 6713 "Thread-5" 7eafd5d000 90f99
           <...>-6777  [005] ....  1529.508021: read_swap_cache_async: remote readpage 6713 "GLThread 439" 7ea418d000 90f97
           <...>-6777  [005] ....  1529.508023: do_swap_page: prefetch fault 6713 "GLThread 439" 7ea418d000 90f97
 .candycrushsaga-6713  [004] ...1  1529.509067: do_swap_page: id 4, table 0 || 2264: 6713 7f28fb3000
 .candycrushsaga-6713  [004] ....  1529.509119: read_swap_cache_async: remote readpage 6713 ".candycrushsaga" 7f28fb4000 88fd7
 .candycrushsaga-6713  [004] ....  1529.509120: do_swap_page: prefetch fault 6713 ".candycrushsaga" 7f28fb4000 88fd7
           <...>-6837  [004] ...1  1529.510031: do_swap_page: id 4, table 0 || 2265: 6713 7eafd5d000
           <...>-6837  [004] ....  1529.510090: read_swap_cache_async: remote readpage 6713 "Thread-5" 7eafcdd000 90f9d
           <...>-6837  [004] ....  1529.510092: do_swap_page: prefetch fault 6713 "Thread-5" 7eafcdd000 90f9d
           <...>-6777  [005] ...1  1529.512021: do_swap_page: id 4, table 0 || 2266: 6713 7ea418d000
           <...>-6777  [005] ...1  1529.512084: do_swap_page: id 4, table 0 || 2267: 6713 7eaee13000
           <...>-6777  [005] ....  1529.512123: read_swap_cache_async: remote readpage 6713 "GLThread 439" 7ec5737000 90f98
           <...>-6777  [005] ....  1529.512125: do_swap_page: prefetch fault 6713 "GLThread 439" 7ec5737000 90f98
 .candycrushsaga-6713  [004] ...1  1529.512280: do_swap_page: id 4, table 0 || 2268: 6713 7f28fb4000
 .candycrushsaga-6713  [004] ....  1529.512349: read_swap_cache_async: remote readpage 6713 ".candycrushsaga" 7f28fb5000 88fdb
 .candycrushsaga-6713  [004] ....  1529.512350: do_swap_page: prefetch fault 6713 ".candycrushsaga" 7f28fb5000 88fdb
           <...>-6837  [004] ...1  1529.512620: do_swap_page: id 4, table 0 || 2269: 6713 7eafcdd000
           <...>-6837  [004] ....  1529.512665: read_swap_cache_async: remote readpage 6713 "Thread-5" 7e9e8d2000 90f9f
           <...>-6837  [004] ....  1529.512667: do_swap_page: prefetch fault 6713 "Thread-5" 7e9e8d2000 90f9f
           <...>-6777  [005] ...1  1529.514550: do_swap_page: id 4, table 0 || 2270: 6713 7ec5737000
           <...>-6777  [005] ....  1529.514612: read_swap_cache_async: remote readpage 6713 "GLThread 439" 7e9b1b3000 90f9b
           <...>-6777  [005] ....  1529.514613: do_swap_page: prefetch fault 6713 "GLThread 439" 7e9b1b3000 90f9b
 .candycrushsaga-6713  [004] ...1  1529.514886: do_swap_page: id 4, table 0 || 2271: 6713 7f28fb5000
 .candycrushsaga-6713  [004] ....  1529.514962: read_swap_cache_async: remote readpage 6713 ".candycrushsaga" 7fb9ff3000 88fdf
 .candycrushsaga-6713  [004] ....  1529.514964: do_swap_page: prefetch fault 6713 ".candycrushsaga" 7fb9ff3000 88fdf
           <...>-6837  [004] ...1  1529.515217: do_swap_page: id 4, table 0 || 2272: 6713 7e9e8d2000
           <...>-6837  [004] ....  1529.515274: read_swap_cache_async: remote readpage 6713 "Thread-5" 7eafd64000 90fa2
           <...>-6837  [004] ....  1529.515276: do_swap_page: prefetch fault 6713 "Thread-5" 7eafd64000 90fa2
           <...>-6777  [005] ...1  1529.516944: do_swap_page: id 4, table 0 || 2273: 6713 7e9b1b3000
           <...>-6777  [005] ....  1529.517014: read_swap_cache_async: remote readpage 6713 "GLThread 439" 7ea40d3000 88fe0
           <...>-6777  [005] ....  1529.517016: do_swap_page: prefetch fault 6713 "GLThread 439" 7ea40d3000 88fe0
 .candycrushsaga-6713  [004] ...1  1529.517165: do_swap_page: id 4, table 0 || 2274: 6713 7fb9ff3000
           <...>-6757  [005] ....  1529.517302: read_swap_cache_async: remote readpage 6713 "RenderThread" 7f2d6b0000 90f9c
           <...>-6757  [005] ....  1529.517304: do_swap_page: prefetch fault 6713 "RenderThread" 7f2d6b0000 90f9c
           <...>-6837  [004] ...1  1529.517420: do_swap_page: id 4, table 0 || 2275: 6713 7eafd64000
           <...>-6837  [004] ....  1529.517531: read_swap_cache_async: remote readpage 6713 "Thread-5" 7eafd59000 90fa6
           <...>-6837  [004] ....  1529.517534: do_swap_page: prefetch fault 6713 "Thread-5" 7eafd59000 90fa6
 .candycrushsaga-6713  [006] ....  1529.518251: read_swap_cache_async: remote readpage 6713 ".candycrushsaga" 9d517000 90f9e
 .candycrushsaga-6713  [006] ....  1529.518255: do_swap_page: prefetch fault 6713 ".candycrushsaga" 9d517000 90f9e
           <...>-6777  [005] ...1  1529.519405: do_swap_page: id 4, table 0 || 2276: 6713 7ea40d3000
           <...>-6777  [005] ....  1529.519463: read_swap_cache_async: remote readpage 6713 "GLThread 439" 7ea400f000 90fa0
           <...>-6777  [005] ....  1529.519465: do_swap_page: prefetch fault 6713 "GLThread 439" 7ea400f000 90fa0
           <...>-6757  [005] ...1  1529.519672: do_swap_page: id 4, table 0 || 2277: 6713 7f2d6b0000
           <...>-6757  [005] ....  1529.519693: read_swap_cache_async: remote readpage 6713 "RenderThread" 7f2d6ae000 88fe1
           <...>-6757  [005] ....  1529.519694: do_swap_page: prefetch fault 6713 "RenderThread" 7f2d6ae000 88fe1
           <...>-6837  [004] ...1  1529.519899: do_swap_page: id 4, table 0 || 2278: 6713 7eafd59000
 .candycrushsaga-6713  [006] ...1  1529.522985: do_swap_page: id 4, table 0 || 2279: 6713 9d517000
 .candycrushsaga-6713  [006] ....  1529.523078: read_swap_cache_async: remote readpage 6713 ".candycrushsaga" 9d5b1000 88fe2
 .candycrushsaga-6713  [006] ....  1529.523080: do_swap_page: prefetch fault 6713 ".candycrushsaga" 9d5b1000 88fe2
           <...>-6777  [005] ...1  1529.523385: do_swap_page: id 4, table 0 || 2280: 6713 7ea400f000
           <...>-6777  [005] ....  1529.523515: read_swap_cache_async: remote readpage 6713 "GLThread 439" 7eafd13000 90fa4
           <...>-6777  [005] ....  1529.523517: do_swap_page: prefetch fault 6713 "GLThread 439" 7eafd13000 90fa4
           <...>-6757  [005] ...1  1529.523626: do_swap_page: id 4, table 0 || 2281: 6713 7f2d6ae000
           <...>-6757  [005] ....  1529.523775: read_swap_cache_async: remote readpage 6713 "RenderThread" 7fbb174000 90fa3
           <...>-6757  [005] ....  1529.523777: do_swap_page: prefetch fault 6713 "RenderThread" 7fbb174000 90fa3
 .candycrushsaga-6713  [006] ...1  1529.525551: do_swap_page: id 4, table 0 || 2282: 6713 9d5b1000
 .candycrushsaga-6713  [006] ....  1529.525636: read_swap_cache_async: remote readpage 6713 ".candycrushsaga" 9d4ab000 90fa1
 .candycrushsaga-6713  [006] ....  1529.525637: do_swap_page: prefetch fault 6713 ".candycrushsaga" 9d4ab000 90fa1
           <...>-6777  [005] ...1  1529.525742: do_swap_page: id 4, table 0 || 2283: 6713 7eafd13000
           <...>-6777  [005] ...1  1529.525773: do_swap_page: id 4, table 0 || 2284: 6713 7ec066d000
           <...>-6777  [005] ....  1529.525870: read_swap_cache_async: remote readpage 6713 "GLThread 439" 7ea3de6000 88fe4
           <...>-6777  [005] ....  1529.525871: do_swap_page: prefetch fault 6713 "GLThread 439" 7ea3de6000 88fe4
           <...>-6757  [005] ...1  1529.525938: do_swap_page: id 4, table 0 || 2285: 6713 7fbb174000
           <...>-6757  [005] ....  1529.525954: read_swap_cache_async: remote readpage 6713 "RenderThread" 7fbdcb6000 90fa5
           <...>-6757  [005] ....  1529.525955: do_swap_page: prefetch fault 6713 "RenderThread" 7fbdcb6000 90fa5
 .candycrushsaga-6713  [006] ...1  1529.528153: do_swap_page: id 4, table 0 || 2286: 6713 9d4ab000
           <...>-6777  [005] ...1  1529.528295: do_swap_page: id 4, table 0 || 2287: 6713 7ea3de6000
           <...>-6777  [005] ....  1529.528452: read_swap_cache_async: remote readpage 6713 "GLThread 439" 7ed0ede000 1cf02
 .candycrushsaga-6713  [006] ...1  1529.528452: do_swap_page: id 4, table 0 || 2288: 6713 13b19000
           <...>-6757  [004] ...1  1529.528453: do_swap_page: id 4, table 0 || 2289: 6713 7fbdcb6000
           <...>-6777  [005] ....  1529.528454: do_swap_page: prefetch fault 6713 "GLThread 439" 7ed0ede000 1cf02
           <...>-6757  [004] ....  1529.528484: read_swap_cache_async: remote readpage 6713 "RenderThread" 7f20b22000 88fe5
           <...>-6757  [004] ....  1529.528485: do_swap_page: prefetch fault 6713 "RenderThread" 7f20b22000 88fe5
 .candycrushsaga-6713  [006] ...1  1529.528491: do_swap_page: id 4, table 0 || 2290: 6713 7e9b1d1000
 .candycrushsaga-6713  [006] ....  1529.528995: read_swap_cache_async: remote readpage 6713 ".candycrushsaga" 7eb9f34000 88fe3
 .candycrushsaga-6713  [006] ....  1529.528997: do_swap_page: prefetch fault 6713 ".candycrushsaga" 7eb9f34000 88fe3
           <...>-6777  [005] ...1  1529.531456: do_swap_page: id 4, table 0 || 2291: 6713 7ed0ede000
           <...>-6757  [004] ...1  1529.531553: do_swap_page: id 4, table 0 || 2292: 6713 7f20b22000
           <...>-6757  [004] ....  1529.531578: read_swap_cache_async: remote readpage 6713 "RenderThread" 7f208fe000 88fe6
           <...>-6757  [004] ....  1529.531580: do_swap_page: prefetch fault 6713 "RenderThread" 7f208fe000 88fe6
           <...>-6777  [005] ....  1529.531726: read_swap_cache_async: remote readpage 6713 "GLThread 439" 9d4d8000 88fea
           <...>-6777  [005] ....  1529.531728: do_swap_page: prefetch fault 6713 "GLThread 439" 9d4d8000 88fea
 .candycrushsaga-6713  [006] ...1  1529.531895: do_swap_page: id 4, table 0 || 2293: 6713 7eb9f34000
 .candycrushsaga-6713  [006] ....  1529.532030: read_swap_cache_async: remote readpage 6713 ".candycrushsaga" 7e9b66f000 8cfd9
 .candycrushsaga-6713  [006] ....  1529.532032: do_swap_page: prefetch fault 6713 ".candycrushsaga" 7e9b66f000 8cfd9
           <...>-6757  [004] ...1  1529.533931: do_swap_page: id 4, table 0 || 2294: 6713 7f208fe000
           <...>-6757  [004] ....  1529.533951: read_swap_cache_async: remote readpage 6713 "RenderThread" 7ed0fa1000 88fe8
           <...>-6757  [004] ....  1529.533952: do_swap_page: prefetch fault 6713 "RenderThread" 7ed0fa1000 88fe8
           <...>-6777  [005] ...1  1529.534581: do_swap_page: id 4, table 0 || 2295: 6713 9d4d8000
           <...>-6777  [005] ...1  1529.534634: do_swap_page: id 4, table 0 || 2296: 6713 14223000
 .candycrushsaga-6713  [006] ...1  1529.534695: do_swap_page: id 4, table 0 || 2297: 6713 7e9b66f000
 .candycrushsaga-6713  [006] ...1  1529.534884: do_swap_page: id 4, table 0 || 2298: 6713 7f28f6c000
 .candycrushsaga-6713  [006] ....  1529.534969: read_swap_cache_async: remote readpage 6713 ".candycrushsaga" 7ec04b9000 88fe7
 .candycrushsaga-6713  [006] ....  1529.534971: do_swap_page: prefetch fault 6713 ".candycrushsaga" 7ec04b9000 88fe7
           <...>-6777  [005] ....  1529.535216: read_swap_cache_async: remote readpage 6713 "GLThread 439" 7eaee43000 88fec
           <...>-6777  [005] ....  1529.535218: do_swap_page: prefetch fault 6713 "GLThread 439" 7eaee43000 88fec
           <...>-6757  [004] ...1  1529.536483: do_swap_page: id 4, table 0 || 2299: 6713 7ed0fa1000
           <...>-6757  [004] ....  1529.536618: read_swap_cache_async: remote readpage 6713 "RenderThread" 7f2d7ea000 88feb
           <...>-6757  [004] ....  1529.536620: do_swap_page: prefetch fault 6713 "RenderThread" 7f2d7ea000 88feb
 .candycrushsaga-6713  [006] ...1  1529.538431: do_swap_page: id 4, table 0 || 2300: 6713 7ec04b9000
           <...>-6777  [005] ...1  1529.538542: do_swap_page: id 4, table 0 || 2301: 6713 7eaee43000
           <...>-6777  [005] ....  1529.538595: read_swap_cache_async: remote readpage 6713 "GLThread 439" 7ea3c36000 88fef
           <...>-6777  [005] ....  1529.538597: do_swap_page: prefetch fault 6713 "GLThread 439" 7ea3c36000 88fef
 .candycrushsaga-6713  [006] ...1  1529.538996: do_swap_page: id 4, table 0 || 2302: 6713 7f39871000
 .candycrushsaga-6713  [006] ....  1529.539112: read_swap_cache_async: remote readpage 6713 ".candycrushsaga" 7eabc89000 618f1d
 .candycrushsaga-6713  [006] ....  1529.539114: do_swap_page: prefetch fault 6713 ".candycrushsaga" 7eabc89000 618f1d
           <...>-6757  [004] ...1  1529.539728: do_swap_page: id 4, table 0 || 2303: 6713 7f2d7ea000
           <...>-6757  [004] ....  1529.539930: read_swap_cache_async: remote readpage 6713 "RenderThread" 7f28b65000 88fee
           <...>-6757  [004] ....  1529.539932: do_swap_page: prefetch fault 6713 "RenderThread" 7f28b65000 88fee
           <...>-6777  [005] ...1  1529.541062: do_swap_page: id 4, table 0 || 2304: 6713 7ea3c36000
           <...>-6777  [005] ....  1529.541172: read_swap_cache_async: remote readpage 6713 "GLThread 439" 7ea3a84000 8cfdb
           <...>-6777  [005] ....  1529.541174: do_swap_page: prefetch fault 6713 "GLThread 439" 7ea3a84000 8cfdb
 .candycrushsaga-6713  [006] ...1  1529.541177: do_swap_page: id 4, table 0 || 2305: 6713 7eabc89000
 .candycrushsaga-6713  [006] ...1  1529.541405: do_swap_page: id 4, table 0 || 2306: 6713 7f28dbc000
 .candycrushsaga-6713  [006] ...1  1529.541462: do_swap_page: id 4, table 0 || 2307: 6713 7f28ca2000
 .candycrushsaga-6713  [006] ...1  1529.541533: do_swap_page: id 4, table 0 || 2308: 6713 1443e000
 .candycrushsaga-6713  [006] ....  1529.541699: read_swap_cache_async: remote readpage 6713 ".candycrushsaga" 7e3c4d0000 88fed
 .candycrushsaga-6713  [006] ....  1529.541701: do_swap_page: prefetch fault 6713 ".candycrushsaga" 7e3c4d0000 88fed
           <...>-6757  [004] ...1  1529.542625: do_swap_page: id 4, table 0 || 2309: 6713 7f28b65000
           <...>-6757  [004] ....  1529.542702: read_swap_cache_async: remote readpage 6713 "RenderThread" 7fbe264000 8cfda
           <...>-6757  [004] ....  1529.542704: do_swap_page: prefetch fault 6713 "RenderThread" 7fbe264000 8cfda
           <...>-6777  [005] ...1  1529.544384: do_swap_page: id 4, table 0 || 2310: 6713 7ea3a84000
           <...>-6777  [005] ....  1529.544417: read_swap_cache_async: remote readpage 6713 "GLThread 439" 7eaee86000 8cfde
           <...>-6777  [005] ....  1529.544419: do_swap_page: prefetch fault 6713 "GLThread 439" 7eaee86000 8cfde
 .candycrushsaga-6713  [006] ...1  1529.544644: do_swap_page: id 4, table 0 || 2311: 6713 7e3c4d0000
 .candycrushsaga-6713  [006] ....  1529.544896: read_swap_cache_async: remote readpage 6713 ".candycrushsaga" 7ea3aeb000 90fa7
 .candycrushsaga-6713  [006] ....  1529.544898: do_swap_page: prefetch fault 6713 ".candycrushsaga" 7ea3aeb000 90fa7
           <...>-6757  [004] ...1  1529.546261: do_swap_page: id 4, table 0 || 2312: 6713 7fbe264000
           <...>-6757  [004] ....  1529.546355: read_swap_cache_async: remote readpage 6713 "RenderThread" 7e9e857000 8cfdd
           <...>-6757  [004] ....  1529.546357: do_swap_page: prefetch fault 6713 "RenderThread" 7e9e857000 8cfdd
           <...>-6777  [005] ...1  1529.546358: do_swap_page: id 4, table 0 || 2313: 6713 7eaee86000
           <...>-6777  [005] ....  1529.546463: read_swap_cache_async: remote readpage 6713 "GLThread 439" 7eaee5f000 5f0f1e
           <...>-6777  [005] ....  1529.546465: do_swap_page: prefetch fault 6713 "GLThread 439" 7eaee5f000 5f0f1e
 .candycrushsaga-6713  [006] ...1  1529.547328: do_swap_page: id 4, table 0 || 2314: 6713 7ea3aeb000
 .candycrushsaga-6713  [006] ...1  1529.547369: do_swap_page: id 4, table 0 || 2315: 6713 7ea40fe000
 .candycrushsaga-6713  [006] ....  1529.547433: read_swap_cache_async: remote readpage 6713 ".candycrushsaga" 7ea44b6000 8cfdc
 .candycrushsaga-6713  [006] ....  1529.547436: do_swap_page: prefetch fault 6713 ".candycrushsaga" 7ea44b6000 8cfdc
           <...>-6757  [004] ...1  1529.548461: do_swap_page: id 4, table 0 || 2316: 6713 7e9e857000
           <...>-6757  [004] ....  1529.548560: read_swap_cache_async: remote readpage 6713 "RenderThread" 7ed0f92000 8cfe0
           <...>-6757  [004] ....  1529.548561: do_swap_page: prefetch fault 6713 "RenderThread" 7ed0f92000 8cfe0
           <...>-6777  [005] ...1  1529.548562: do_swap_page: id 4, table 0 || 2317: 6713 7eaee5f000
           <...>-6777  [005] ....  1529.548629: read_swap_cache_async: remote readpage 6713 "GLThread 439" 7eafb59000 90faa
           <...>-6777  [005] ....  1529.548631: do_swap_page: prefetch fault 6713 "GLThread 439" 7eafb59000 90faa
 .candycrushsaga-6713  [006] ...1  1529.550559: do_swap_page: id 4, table 0 || 2318: 6713 7ea44b6000
 .candycrushsaga-6713  [006] ....  1529.550643: read_swap_cache_async: remote readpage 6713 ".candycrushsaga" 7ea44f9000 8cfdf
 .candycrushsaga-6713  [006] ....  1529.550644: do_swap_page: prefetch fault 6713 ".candycrushsaga" 7ea44f9000 8cfdf
           <...>-6757  [004] ...1  1529.551198: do_swap_page: id 4, table 0 || 2319: 6713 7ed0f92000
           <...>-6777  [005] ...1  1529.551330: do_swap_page: id 4, table 0 || 2320: 6713 7eafb59000
           <...>-6757  [004] ....  1529.551331: read_swap_cache_async: remote readpage 6713 "RenderThread" 7f2d721000 90fa9
           <...>-6757  [004] ....  1529.551332: do_swap_page: prefetch fault 6713 "RenderThread" 7f2d721000 90fa9
           <...>-6777  [005] ....  1529.551377: read_swap_cache_async: remote readpage 6713 "GLThread 439" 7eaf9ff000 88ff1
           <...>-6777  [005] ....  1529.551379: do_swap_page: prefetch fault 6713 "GLThread 439" 7eaf9ff000 88ff1
 .candycrushsaga-6713  [006] ...1  1529.553171: do_swap_page: id 4, table 0 || 2321: 6713 7ea44f9000
 .candycrushsaga-6713  [006] ....  1529.553261: read_swap_cache_async: remote readpage 6713 ".candycrushsaga" 7e9ddf6000 90fa8
 .candycrushsaga-6713  [006] ....  1529.553263: do_swap_page: prefetch fault 6713 ".candycrushsaga" 7e9ddf6000 90fa8
           <...>-6757  [004] ...1  1529.553401: do_swap_page: id 4, table 0 || 2322: 6713 7f2d721000
           <...>-6777  [005] ...1  1529.553423: do_swap_page: id 4, table 0 || 2323: 6713 7eaf9ff000
           <...>-6777  [005] ....  1529.553440: read_swap_cache_async: remote readpage 6713 "GLThread 439" 7eafa00000 88ff3
           <...>-6777  [005] ....  1529.553442: do_swap_page: prefetch fault 6713 "GLThread 439" 7eafa00000 88ff3
           <...>-6757  [004] ....  1529.553482: read_swap_cache_async: remote readpage 6713 "RenderThread" 7ed0ef6000 88ff0
           <...>-6757  [004] ....  1529.553484: do_swap_page: prefetch fault 6713 "RenderThread" 7ed0ef6000 88ff0
 .candycrushsaga-6713  [006] ...1  1529.555555: do_swap_page: id 4, table 0 || 2324: 6713 7e9ddf6000
 .candycrushsaga-6713  [006] ....  1529.555633: read_swap_cache_async: remote readpage 6713 ".candycrushsaga" 7e9e26b000 90fab
 .candycrushsaga-6713  [006] ....  1529.555635: do_swap_page: prefetch fault 6713 ".candycrushsaga" 7e9e26b000 90fab
           <...>-6757  [004] ...1  1529.555736: do_swap_page: id 4, table 0 || 2325: 6713 7ed0ef6000
           <...>-6777  [005] ...1  1529.555838: do_swap_page: id 4, table 0 || 2326: 6713 7eafa00000
           <...>-6757  [004] ....  1529.555838: read_swap_cache_async: remote readpage 6713 "RenderThread" 7ed0ef8000 88ff2
           <...>-6757  [004] ....  1529.555840: do_swap_page: prefetch fault 6713 "RenderThread" 7ed0ef8000 88ff2
           <...>-6777  [005] ....  1529.555924: read_swap_cache_async: remote readpage 6713 "GLThread 439" 7ea3d0c000 88ff6
           <...>-6777  [005] ....  1529.555926: do_swap_page: prefetch fault 6713 "GLThread 439" 7ea3d0c000 88ff6
 .candycrushsaga-6713  [006] ...1  1529.557886: do_swap_page: id 4, table 0 || 2327: 6713 7e9e26b000
 .candycrushsaga-6713  [006] ....  1529.557976: read_swap_cache_async: remote readpage 6713 ".candycrushsaga" 7e9e26d000 8cfe1
 .candycrushsaga-6713  [006] ....  1529.557977: do_swap_page: prefetch fault 6713 ".candycrushsaga" 7e9e26d000 8cfe1
           <...>-6757  [004] ...1  1529.558177: do_swap_page: id 4, table 0 || 2328: 6713 7ed0ef8000
           <...>-6777  [005] ...1  1529.558197: do_swap_page: id 4, table 0 || 2329: 6713 7ea3d0c000
           <...>-6777  [005] ....  1529.558218: read_swap_cache_async: remote readpage 6713 "GLThread 439" 7eab8a4000 8cfe3
           <...>-6777  [005] ....  1529.558219: do_swap_page: prefetch fault 6713 "GLThread 439" 7eab8a4000 8cfe3
           <...>-6757  [004] ....  1529.558266: read_swap_cache_async: remote readpage 6713 "RenderThread" 7ec9ce4000 88ff4
           <...>-6757  [004] ....  1529.558268: do_swap_page: prefetch fault 6713 "RenderThread" 7ec9ce4000 88ff4
 .candycrushsaga-6713  [006] ...1  1529.560326: do_swap_page: id 4, table 0 || 2330: 6713 7e9e26d000
 .candycrushsaga-6713  [006] ....  1529.560398: read_swap_cache_async: remote readpage 6713 ".candycrushsaga" 7e9e394000 8cfe2
 .candycrushsaga-6713  [006] ....  1529.560400: do_swap_page: prefetch fault 6713 ".candycrushsaga" 7e9e394000 8cfe2
           <...>-6757  [004] ...1  1529.560506: do_swap_page: id 4, table 0 || 2331: 6713 7ec9ce4000
           <...>-6757  [004] ...1  1529.560546: do_swap_page: id 4, table 0 || 2332: 6713 7e9b1e2000
           <...>-6757  [004] ....  1529.560591: read_swap_cache_async: remote readpage 6713 "RenderThread" 7fbf5e4000 88ff7
           <...>-6757  [004] ....  1529.560592: do_swap_page: prefetch fault 6713 "RenderThread" 7fbf5e4000 88ff7
           <...>-6777  [004] ...1  1529.560721: do_swap_page: id 4, table 0 || 2333: 6713 7eab8a4000
           <...>-6777  [004] ....  1529.560792: read_swap_cache_async: remote readpage 6713 "GLThread 439" 7ec56b9000 8cfe5
           <...>-6777  [004] ....  1529.560794: do_swap_page: prefetch fault 6713 "GLThread 439" 7ec56b9000 8cfe5
 .candycrushsaga-6713  [006] ...1  1529.562203: do_swap_page: id 4, table 0 || 2334: 6713 7e9e394000
 .candycrushsaga-6713  [006] ...1  1529.562231: do_swap_page: id 4, table 0 || 2335: 6713 7e9e395000
 .candycrushsaga-6713  [006] ...1  1529.562245: do_swap_page: id 4, table 0 || 2336: 6713 7e9e396000
 .candycrushsaga-6713  [006] ...1  1529.562270: do_swap_page: id 4, table 0 || 2337: 6713 7eaf120000
           <...>-6757  [004] ...1  1529.562389: do_swap_page: id 4, table 0 || 2338: 6713 7fbf5e4000
           <...>-6777  [005] ...1  1529.562536: do_swap_page: id 4, table 0 || 2339: 6713 7ec56b9000
           <...>-6757  [004] ....  1529.562593: read_swap_cache_async: remote readpage 6713 "RenderThread" 7f2d604000 8cfe4
           <...>-6757  [004] ....  1529.562596: do_swap_page: prefetch fault 6713 "RenderThread" 7f2d604000 8cfe4
           <...>-6777  [005] ....  1529.563615: read_swap_cache_async: remote readpage 6713 "GLThread 439" 714b0000 8cfe8
           <...>-6777  [005] ....  1529.563618: do_swap_page: prefetch fault 6713 "GLThread 439" 714b0000 8cfe8
           <...>-6757  [004] ...1  1529.564767: do_swap_page: id 4, table 0 || 2340: 6713 7f2d604000
           <...>-6757  [004] ....  1529.564853: read_swap_cache_async: remote readpage 6713 "RenderThread" 7f2d678000 8cfe6
           <...>-6757  [004] ....  1529.564855: do_swap_page: prefetch fault 6713 "RenderThread" 7f2d678000 8cfe6
           <...>-6777  [005] ...1  1529.565767: do_swap_page: id 4, table 0 || 2341: 6713 714b0000
           <...>-6777  [005] ....  1529.566209: read_swap_cache_async: remote readpage 6713 "GLThread 439" 7eabbe5000 8cfea
           <...>-6777  [005] ....  1529.566211: do_swap_page: prefetch fault 6713 "GLThread 439" 7eabbe5000 8cfea
           <...>-6757  [004] ...1  1529.567374: do_swap_page: id 4, table 0 || 2342: 6713 7f2d678000
           <...>-6757  [004] ...1  1529.567407: do_swap_page: id 4, table 0 || 2343: 6713 7f2d62c000
           <...>-6757  [004] ....  1529.567460: read_swap_cache_async: remote readpage 6713 "RenderThread" 7ec0368000 8cfe7
           <...>-6757  [004] ....  1529.567461: do_swap_page: prefetch fault 6713 "RenderThread" 7ec0368000 8cfe7
           <...>-6777  [005] ...1  1529.568122: do_swap_page: id 4, table 0 || 2344: 6713 7eabbe5000
           <...>-6777  [005] ....  1529.568190: read_swap_cache_async: remote readpage 6713 "GLThread 439" 7eafc02000 8cfeb
           <...>-6777  [005] ....  1529.568192: do_swap_page: prefetch fault 6713 "GLThread 439" 7eafc02000 8cfeb
           <...>-6757  [004] ...1  1529.569968: do_swap_page: id 4, table 0 || 2345: 6713 7ec0368000
           <...>-6757  [004] ....  1529.570053: read_swap_cache_async: remote readpage 6713 "RenderThread" 7e9c2b4000 8cfe9
           <...>-6757  [004] ....  1529.570055: do_swap_page: prefetch fault 6713 "RenderThread" 7e9c2b4000 8cfe9
           <...>-6777  [005] ...1  1529.570236: do_swap_page: id 4, table 0 || 2346: 6713 7eafc02000
           <...>-6777  [005] ....  1529.570284: read_swap_cache_async: remote readpage 6713 "GLThread 439" 7eaeff1000 8cfec
           <...>-6777  [005] ....  1529.570286: do_swap_page: prefetch fault 6713 "GLThread 439" 7eaeff1000 8cfec
           <...>-6757  [004] ...1  1529.572449: do_swap_page: id 4, table 0 || 2347: 6713 7e9c2b4000
           <...>-6777  [005] ...1  1529.572615: do_swap_page: id 4, table 0 || 2348: 6713 7eaeff1000
           <...>-6777  [005] ....  1529.572667: read_swap_cache_async: remote readpage 6713 "GLThread 439" 7eafb5a000 8cfed
           <...>-6777  [005] ....  1529.572669: do_swap_page: prefetch fault 6713 "GLThread 439" 7eafb5a000 8cfed
           <...>-6777  [005] ...1  1529.574909: do_swap_page: id 4, table 0 || 2349: 6713 7eafb5a000
           <...>-6777  [005] ...1  1529.574987: do_swap_page: id 4, table 0 || 2350: 6713 7e9c5e8000
           <...>-6777  [005] ....  1529.575156: read_swap_cache_async: remote readpage 6713 "GLThread 439" 7eaf567000 88ff8
           <...>-6777  [005] ....  1529.575158: do_swap_page: prefetch fault 6713 "GLThread 439" 7eaf567000 88ff8
           <...>-6777  [005] ...1  1529.577839: do_swap_page: id 4, table 0 || 2351: 6713 7eaf567000
           <...>-6777  [005] ....  1529.577918: read_swap_cache_async: remote readpage 6713 "GLThread 439" 7ea3edf000 5f0f3a
           <...>-6777  [005] ....  1529.577920: do_swap_page: prefetch fault 6713 "GLThread 439" 7ea3edf000 5f0f3a
           <...>-6777  [005] ...1  1529.579882: do_swap_page: id 4, table 0 || 2352: 6713 7ea3edf000
           <...>-6777  [005] ....  1529.580061: read_swap_cache_async: remote readpage 6713 "GLThread 439" 7ea3f7e000 90fad
           <...>-6777  [005] ....  1529.580063: do_swap_page: prefetch fault 6713 "GLThread 439" 7ea3f7e000 90fad
           <...>-6777  [005] ...1  1529.582071: do_swap_page: id 4, table 0 || 2353: 6713 7ea3f7e000
           <...>-6777  [005] ....  1529.582142: read_swap_cache_async: remote readpage 6713 "GLThread 439" 7eab8b7000 90fae
           <...>-6777  [005] ....  1529.582144: do_swap_page: prefetch fault 6713 "GLThread 439" 7eab8b7000 90fae
           <...>-6777  [005] ...1  1529.584337: do_swap_page: id 4, table 0 || 2354: 6713 7eab8b7000
           <...>-6777  [005] ....  1529.584408: read_swap_cache_async: remote readpage 6713 "GLThread 439" 7ea40ed000 8cfee
           <...>-6777  [005] ....  1529.584411: do_swap_page: prefetch fault 6713 "GLThread 439" 7ea40ed000 8cfee
           <...>-6777  [005] ...1  1529.587617: do_swap_page: id 4, table 0 || 2355: 6713 7ea40ed000
           <...>-6777  [005] ....  1529.587686: read_swap_cache_async: remote readpage 6713 "GLThread 439" 7ea4272000 5f0f40
           <...>-6777  [005] ....  1529.587688: do_swap_page: prefetch fault 6713 "GLThread 439" 7ea4272000 5f0f40
           <...>-6777  [005] ...1  1529.590169: do_swap_page: id 4, table 0 || 2356: 6713 7ea4272000
           <...>-6777  [005] ....  1529.590234: read_swap_cache_async: remote readpage 6713 "GLThread 439" 7eafd11000 8cfef
           <...>-6777  [005] ....  1529.590236: do_swap_page: prefetch fault 6713 "GLThread 439" 7eafd11000 8cfef
           <...>-6777  [005] ...1  1529.592521: do_swap_page: id 4, table 0 || 2357: 6713 7eafd11000
           <...>-6777  [005] ....  1529.592582: read_swap_cache_async: remote readpage 6713 "GLThread 439" 7eafd12000 8cff0
           <...>-6777  [005] ....  1529.592584: do_swap_page: prefetch fault 6713 "GLThread 439" 7eafd12000 8cff0
           <...>-6777  [005] ...1  1529.594824: do_swap_page: id 4, table 0 || 2358: 6713 7eafd12000
           <...>-6777  [005] ....  1529.594884: read_swap_cache_async: remote readpage 6713 "GLThread 439" 7eafb21000 8cff1
           <...>-6777  [005] ....  1529.594886: do_swap_page: prefetch fault 6713 "GLThread 439" 7eafb21000 8cff1
           <...>-6777  [005] ...1  1529.597184: do_swap_page: id 4, table 0 || 2359: 6713 7eafb21000
           <...>-6777  [005] ....  1529.597244: read_swap_cache_async: remote readpage 6713 "GLThread 439" 7eafd4d000 5f0f45
           <...>-6777  [005] ....  1529.597246: do_swap_page: prefetch fault 6713 "GLThread 439" 7eafd4d000 5f0f45
           <...>-6777  [005] ...1  1529.599329: do_swap_page: id 4, table 0 || 2360: 6713 7eafd4d000
           <...>-6777  [005] ....  1529.599394: read_swap_cache_async: remote readpage 6713 "GLThread 439" 7e9dd40000 5f0f47
           <...>-6777  [005] ....  1529.599396: do_swap_page: prefetch fault 6713 "GLThread 439" 7e9dd40000 5f0f47
           <...>-6777  [005] ...1  1529.601623: do_swap_page: id 4, table 0 || 2361: 6713 7e9dd40000
           <...>-6777  [005] ....  1529.601736: read_swap_cache_async: remote readpage 6713 "GLThread 439" 7ea3f0e000 5f0f4b
           <...>-6777  [005] ....  1529.601739: do_swap_page: prefetch fault 6713 "GLThread 439" 7ea3f0e000 5f0f4b
           <...>-6777  [005] ...1  1529.604340: do_swap_page: id 4, table 0 || 2362: 6713 7ea3f0e000
           <...>-6777  [005] ....  1529.604408: read_swap_cache_async: remote readpage 6713 "GLThread 439" 7ea443f000 5f0f4d
           <...>-6777  [005] ....  1529.604410: do_swap_page: prefetch fault 6713 "GLThread 439" 7ea443f000 5f0f4d
           <...>-6777  [005] ...1  1529.632892: do_swap_page: id 4, table 0 || 2363: 6713 7ea443f000
           <...>-6777  [005] ....  1529.632978: read_swap_cache_async: remote readpage 6713 "GLThread 439" 7ea41a7000 5f0f4f
           <...>-6777  [005] ....  1529.632981: do_swap_page: prefetch fault 6713 "GLThread 439" 7ea41a7000 5f0f4f
           <...>-6777  [005] ...1  1529.646987: do_swap_page: id 4, table 0 || 2364: 6713 7ea41a7000
           <...>-6777  [005] ....  1529.647068: read_swap_cache_async: remote readpage 6713 "GLThread 439" 7ea4440000 5f0f51
           <...>-6777  [005] ....  1529.647070: do_swap_page: prefetch fault 6713 "GLThread 439" 7ea4440000 5f0f51
           <...>-6777  [005] ...1  1529.649361: do_swap_page: id 4, table 0 || 2365: 6713 7ea4440000
           <...>-6777  [005] ....  1529.649485: read_swap_cache_async: remote readpage 6713 "GLThread 439" 7ea437d000 5f0f53
           <...>-6777  [005] ....  1529.649488: do_swap_page: prefetch fault 6713 "GLThread 439" 7ea437d000 5f0f53
           <...>-6777  [005] ...1  1529.653262: do_swap_page: id 4, table 0 || 2366: 6713 7ea437d000
           <...>-6777  [005] ....  1529.653343: read_swap_cache_async: remote readpage 6713 "GLThread 439" 7ea3ebe000 5f0f55
           <...>-6777  [005] ....  1529.653345: do_swap_page: prefetch fault 6713 "GLThread 439" 7ea3ebe000 5f0f55
           <...>-6777  [005] ...1  1529.655602: do_swap_page: id 4, table 0 || 2367: 6713 7ea3ebe000
           <...>-6777  [005] ....  1529.655663: read_swap_cache_async: remote readpage 6713 "GLThread 439" 7ea41a6000 5f0f57
           <...>-6777  [005] ....  1529.655665: do_swap_page: prefetch fault 6713 "GLThread 439" 7ea41a6000 5f0f57
           <...>-6777  [005] ...1  1529.657752: do_swap_page: id 4, table 0 || 2368: 6713 7ea41a6000
           <...>-6777  [005] ....  1529.657821: read_swap_cache_async: remote readpage 6713 "GLThread 439" 7ea43a4000 5f0f59
           <...>-6777  [005] ....  1529.657823: do_swap_page: prefetch fault 6713 "GLThread 439" 7ea43a4000 5f0f59
           <...>-6214  [000] ...1  1529.660238: do_swap_page: id 4, table 0 || 2369: 6146 7da3ff9000
           <...>-6214  [000] ...1  1529.660300: do_swap_page: id 4, table 0 || 2370: 6146 7da3ffa000
           <...>-6214  [000] ...1  1529.660372: do_swap_page: id 4, table 0 || 2371: 6146 7da3ffb000
           <...>-6777  [005] ...1  1529.660446: do_swap_page: id 4, table 0 || 2372: 6713 7ea43a4000
           <...>-6777  [005] ....  1529.660508: read_swap_cache_async: remote readpage 6713 "GLThread 439" 7ea437e000 5f0f5b
           <...>-6777  [005] ....  1529.660510: do_swap_page: prefetch fault 6713 "GLThread 439" 7ea437e000 5f0f5b
           <...>-6777  [005] ...1  1529.663419: do_swap_page: id 4, table 0 || 2373: 6713 7ea437e000
           <...>-6777  [005] ....  1529.663489: read_swap_cache_async: remote readpage 6713 "GLThread 439" 7ea436e000 5f0f5d
           <...>-6777  [005] ....  1529.663491: do_swap_page: prefetch fault 6713 "GLThread 439" 7ea436e000 5f0f5d
           <...>-6777  [005] ...1  1529.666948: do_swap_page: id 4, table 0 || 2374: 6713 7ea436e000
           <...>-6777  [005] ....  1529.667023: read_swap_cache_async: remote readpage 6713 "GLThread 439" 7e9dccf000 88ff9
           <...>-6777  [005] ....  1529.667025: do_swap_page: prefetch fault 6713 "GLThread 439" 7e9dccf000 88ff9
           <...>-6777  [005] ...1  1529.672393: do_swap_page: id 4, table 0 || 2375: 6713 7e9dccf000
           <...>-6777  [005] ....  1529.672468: read_swap_cache_async: remote readpage 6713 "GLThread 439" 7ea439e000 88ffa
           <...>-6777  [005] ....  1529.672470: do_swap_page: prefetch fault 6713 "GLThread 439" 7ea439e000 88ffa
           <...>-6777  [005] ...1  1529.676050: do_swap_page: id 4, table 0 || 2376: 6713 7ea439e000
           <...>-6777  [005] ....  1529.676125: read_swap_cache_async: remote readpage 6713 "GLThread 439" 7ea43b8000 90faf
           <...>-6777  [005] ....  1529.676128: do_swap_page: prefetch fault 6713 "GLThread 439" 7ea43b8000 90faf
           <...>-6777  [005] ...1  1529.689189: do_swap_page: id 4, table 0 || 2377: 6713 7ea43b8000
           <...>-6777  [005] ....  1529.689277: read_swap_cache_async: remote readpage 6713 "GLThread 439" 7ea413c000 5f0f62
           <...>-6777  [005] ....  1529.689281: do_swap_page: prefetch fault 6713 "GLThread 439" 7ea413c000 5f0f62
           <...>-6777  [005] ...1  1529.696530: do_swap_page: id 4, table 0 || 2378: 6713 7ea413c000
           <...>-6777  [005] ....  1529.696640: read_swap_cache_async: remote readpage 6713 "GLThread 439" 7ea40d5000 88ffb
           <...>-6777  [005] ....  1529.696644: do_swap_page: prefetch fault 6713 "GLThread 439" 7ea40d5000 88ffb
           <...>-6777  [005] ...1  1529.716561: do_swap_page: id 4, table 0 || 2379: 6713 7ea40d5000
           <...>-6777  [005] ....  1529.716653: read_swap_cache_async: remote readpage 6713 "GLThread 439" 7ea4014000 88ffc
           <...>-6777  [005] ....  1529.716656: do_swap_page: prefetch fault 6713 "GLThread 439" 7ea4014000 88ffc
           <...>-6268  [000] ...1  1529.728083: do_swap_page: id 4, table 0 || 2380: 6146 7de07f9000
           <...>-6268  [000] ...1  1529.728160: do_swap_page: id 4, table 0 || 2381: 6146 7de0802000
           <...>-6268  [000] ...1  1529.728200: do_swap_page: id 4, table 0 || 2382: 6146 7de07fa000
           <...>-6268  [000] ...1  1529.728644: do_swap_page: id 4, table 0 || 2383: 6146 7de07fb000
           <...>-6777  [005] ...1  1529.732770: do_swap_page: id 4, table 0 || 2384: 6713 7ea4014000
           <...>-6777  [005] ....  1529.732876: read_swap_cache_async: remote readpage 6713 "GLThread 439" 7ea43a3000 88ffd
           <...>-6777  [005] ....  1529.732880: do_swap_page: prefetch fault 6713 "GLThread 439" 7ea43a3000 88ffd
           <...>-6220  [000] ...1  1529.734127: do_swap_page: id 4, table 0 || 2385: 6146 7ec9d68000
           <...>-6220  [000] ...1  1529.734177: do_swap_page: id 4, table 0 || 2386: 6146 7ec9d70000
           <...>-6220  [000] ...1  1529.734226: do_swap_page: id 4, table 0 || 2387: 6146 7ebc6ff000
           <...>-6220  [000] ...1  1529.734293: do_swap_page: id 4, table 0 || 2388: 6146 7d5dc91000
           <...>-6220  [000] ...1  1529.734374: do_swap_page: id 4, table 0 || 2389: 6146 7ec9d69000
           <...>-6220  [000] ...1  1529.734422: do_swap_page: id 4, table 0 || 2390: 6146 7eb5dce000
           <...>-6220  [000] ...1  1529.734849: do_swap_page: id 4, table 0 || 2391: 6146 7df5618000
           <...>-6220  [000] ...1  1529.735267: do_swap_page: id 4, table 0 || 2392: 6146 7ebc748000
           <...>-6220  [000] ...1  1529.735373: do_swap_page: id 4, table 0 || 2393: 6146 7da4d36000
           <...>-6220  [000] ...1  1529.735577: do_swap_page: id 4, table 0 || 2394: 6146 7f2d6fc000
           <...>-6220  [000] ...1  1529.735739: do_swap_page: id 4, table 0 || 2395: 6146 7d3c761000
           <...>-6777  [005] ...1  1529.741007: do_swap_page: id 4, table 0 || 2396: 6713 7ea43a3000
           <...>-6777  [005] ....  1529.741092: read_swap_cache_async: remote readpage 6713 "GLThread 439" 7ea41a5000 88fff
           <...>-6777  [005] ....  1529.741096: do_swap_page: prefetch fault 6713 "GLThread 439" 7ea41a5000 88fff
           <...>-6220  [001] ...1  1529.744611: do_swap_page: id 4, table 0 || 2397: 6146 7d3c529000
           <...>-6220  [001] ...1  1529.744658: do_swap_page: id 4, table 0 || 2398: 6146 7d3c52a000
  com.rovio.baba-6146  [000] ...1  1529.749770: do_swap_page: id 4, table 0 || 2399: 6146 7ec9911000
           <...>-7647  [001] ...1  1529.750290: do_swap_page: id 4, table 0 || 2400: 6146 7ec2522000
           <...>-7647  [001] ...1  1529.750391: do_swap_page: id 4, table 0 || 2401: 6146 7ec2520000
           <...>-7647  [001] ...1  1529.750480: do_swap_page: id 4, table 0 || 2402: 6146 7ec251f000
           <...>-6763  [006] ...1  1529.810044: do_swap_page: id 4, table 0 || 2403: 6713 7eab6bf000
           <...>-6763  [006] ....  1529.810731: read_swap_cache_async: remote readpage 6713 "pool-7-thread-1" 7f28df2000 5f0fdf
           <...>-6763  [006] ....  1529.810737: do_swap_page: prefetch fault 6713 "pool-7-thread-1" 7f28df2000 5f0fdf
           <...>-6777  [005] ...1  1529.824509: do_swap_page: id 4, table 0 || 2404: 6713 7ea41a5000
           <...>-6777  [005] ....  1529.824652: read_swap_cache_async: remote readpage 6713 "GLThread 439" 7e9dc73000 1cf03
           <...>-6777  [005] ....  1529.824655: do_swap_page: prefetch fault 6713 "GLThread 439" 7e9dc73000 1cf03
           <...>-6220  [001] ...1  1529.824961: do_swap_page: id 4, table 0 || 2405: 6146 7ebc6c7000
           <...>-6220  [001] ...1  1529.825235: do_swap_page: id 4, table 0 || 2406: 6146 7ec20c0000
           <...>-6220  [001] ...1  1529.840623: do_swap_page: id 4, table 0 || 2407: 6146 7ec9d71000
           <...>-6763  [006] ...1  1529.845020: do_swap_page: id 4, table 0 || 2408: 6713 7f28df2000
           <...>-6763  [006] ....  1529.845220: read_swap_cache_async: remote readpage 6713 "pool-7-thread-1" 7f28df3000 5f0fe3
           <...>-6763  [006] ....  1529.845225: do_swap_page: prefetch fault 6713 "pool-7-thread-1" 7f28df3000 5f0fe3
           <...>-6777  [005] ...1  1529.845473: do_swap_page: id 4, table 0 || 2409: 6713 7e9dc73000
           <...>-6777  [005] ....  1529.845588: read_swap_cache_async: remote readpage 6713 "GLThread 439" 7eaee5e000 1cf04
           <...>-6777  [005] ....  1529.845591: do_swap_page: prefetch fault 6713 "GLThread 439" 7eaee5e000 1cf04
           <...>-6763  [006] ...1  1529.850485: do_swap_page: id 4, table 0 || 2410: 6713 7f28df3000
           <...>-6763  [006] ...1  1529.850576: do_swap_page: id 4, table 0 || 2411: 6713 7eab6c0000
           <...>-6778  [005] ....  1529.850734: read_swap_cache_async: remote readpage 6713 "OkHttp Connecti" 7ed0dd9000 5f4f16
           <...>-6778  [005] ....  1529.850738: do_swap_page: prefetch fault 6713 "OkHttp Connecti" 7ed0dd9000 5f4f16
           <...>-6777  [005] ...1  1529.850773: do_swap_page: id 4, table 0 || 2412: 6713 7eaee5e000
           <...>-6777  [005] ....  1529.850871: read_swap_cache_async: remote readpage 6713 "GLThread 439" 7eaefa8000 1cf05
           <...>-6777  [005] ....  1529.850875: do_swap_page: prefetch fault 6713 "GLThread 439" 7eaefa8000 1cf05
           <...>-6778  [005] ...1  1529.856219: do_swap_page: id 4, table 0 || 2413: 6713 7ed0dd9000
           <...>-6778  [005] ....  1529.856263: read_swap_cache_async: remote readpage 6713 "OkHttp Connecti" 7ed0dda000 5f4f18
           <...>-6778  [005] ....  1529.856266: do_swap_page: prefetch fault 6713 "OkHttp Connecti" 7ed0dda000 5f4f18
           <...>-6777  [004] ...1  1529.856455: do_swap_page: id 4, table 0 || 2414: 6713 7eaefa8000
           <...>-6777  [004] ....  1529.856638: read_swap_cache_async: remote readpage 6713 "GLThread 439" 7ea429b000 1cf06
           <...>-6777  [004] ....  1529.856642: do_swap_page: prefetch fault 6713 "GLThread 439" 7ea429b000 1cf06
           <...>-6778  [005] ...1  1529.868339: do_swap_page: id 4, table 0 || 2415: 6713 7ed0dda000
           <...>-6777  [004] ...1  1529.868534: do_swap_page: id 4, table 0 || 2416: 6713 7ea429b000
           <...>-6778  [005] ....  1529.868534: read_swap_cache_async: remote readpage 6713 "OkHttp Connecti" 7ed0dd8000 5f8f12
           <...>-6778  [005] ....  1529.868539: do_swap_page: prefetch fault 6713 "OkHttp Connecti" 7ed0dd8000 5f8f12
           <...>-6777  [004] ....  1529.868658: read_swap_cache_async: remote readpage 6713 "GLThread 439" 7ea43a0000 1cf07
           <...>-6777  [004] ....  1529.868662: do_swap_page: prefetch fault 6713 "GLThread 439" 7ea43a0000 1cf07
           <...>-6220  [001] ...1  1529.869018: do_swap_page: id 4, table 0 || 2417: 6146 7f291d1000
           <...>-6778  [005] ...1  1529.872684: do_swap_page: id 4, table 0 || 2418: 6713 7ed0dd8000
           <...>-6777  [004] ...1  1529.872906: do_swap_page: id 4, table 0 || 2419: 6713 7ea43a0000
           <...>-6778  [005] ....  1529.872908: read_swap_cache_async: remote readpage 6713 "OkHttp Connecti" 7ed0dd7000 5f8f14
           <...>-6778  [005] ....  1529.872916: do_swap_page: prefetch fault 6713 "OkHttp Connecti" 7ed0dd7000 5f8f14
           <...>-6777  [004] ....  1529.873175: read_swap_cache_async: remote readpage 6713 "GLThread 439" 7ea4033000 5ecf05
           <...>-6777  [004] ....  1529.873181: do_swap_page: prefetch fault 6713 "GLThread 439" 7ea4033000 5ecf05
           <...>-6778  [005] ...1  1529.875602: do_swap_page: id 4, table 0 || 2420: 6713 7ed0dd7000
           <...>-6777  [004] ...1  1529.876163: do_swap_page: id 4, table 0 || 2421: 6713 7ea4033000
           <...>-6777  [004] ....  1529.876251: read_swap_cache_async: remote readpage 6713 "GLThread 439" 7ea4034000 90fb0
           <...>-6777  [004] ....  1529.876254: do_swap_page: prefetch fault 6713 "GLThread 439" 7ea4034000 90fb0
           <...>-6777  [004] ...1  1529.879633: do_swap_page: id 4, table 0 || 2422: 6713 7ea4034000
           <...>-6777  [004] ....  1529.879762: read_swap_cache_async: remote readpage 6713 "GLThread 439" 7fbe178000 5ecf06
           <...>-6777  [004] ....  1529.879766: do_swap_page: prefetch fault 6713 "GLThread 439" 7fbe178000 5ecf06
           <...>-6777  [004] ...1  1529.881904: do_swap_page: id 4, table 0 || 2423: 6713 7fbe178000
           <...>-6777  [004] ....  1529.882137: read_swap_cache_async: remote readpage 6713 "GLThread 439" 7fbe263000 8cff2
           <...>-6777  [004] ....  1529.882141: do_swap_page: prefetch fault 6713 "GLThread 439" 7fbe263000 8cff2
           <...>-6777  [004] ...1  1529.884524: do_swap_page: id 4, table 0 || 2424: 6713 7fbe263000
           <...>-6777  [004] ....  1529.884868: read_swap_cache_async: remote readpage 6713 "GLThread 439" 7ec049d000 5ecf07
           <...>-6777  [004] ....  1529.884874: do_swap_page: prefetch fault 6713 "GLThread 439" 7ec049d000 5ecf07
