           <...>-6763  [004] ....  1126.781356: read_swap_cache_async: remote readpage 6713 "pool-7-thread-1" 7eab6f5000 54f2f
           <...>-6763  [004] ....  1126.781357: do_swap_page: prefetch fault 6713 "pool-7-thread-1" 7eab6f5000 54f2f
           <...>-6826  [005] ...1  1126.781437: do_swap_page: id 4, table 0 || 2083: 6713 7ed1930000
           <...>-6826  [005] ....  1126.781508: read_swap_cache_async: remote readpage 6713 "kVAST Worker" 7ed1931000 58f50
           <...>-6826  [005] ....  1126.781510: do_swap_page: prefetch fault 6713 "kVAST Worker" 7ed1931000 58f50
           <...>-6777  [006] ...1  1126.781623: do_swap_page: id 4, table 0 || 2084: 6713 7fbe271000
           <...>-6777  [006] ...1  1126.781668: do_swap_page: id 4, table 0 || 2085: 6713 7e9df4a000
           <...>-6777  [006] ...1  1126.781690: do_swap_page: id 4, table 0 || 2086: 6713 7eafc29000
           <...>-6777  [006] ...1  1126.781703: do_swap_page: id 4, table 0 || 2087: 6713 7ed1977000
           <...>-6777  [006] ...1  1126.781719: do_swap_page: id 4, table 0 || 2088: 6713 7eabc89000
           <...>-6777  [006] ...1  1126.781737: do_swap_page: id 4, table 0 || 2089: 6713 7e9e394000
           <...>-6777  [006] ...1  1126.781764: do_swap_page: id 4, table 0 || 2090: 6713 7ec066d000
           <...>-6777  [006] ...1  1126.781777: do_swap_page: id 4, table 0 || 2091: 6713 7e9c5b3000
           <...>-6777  [006] ....  1126.782015: read_swap_cache_async: remote readpage 6713 "GLThread 439" 7ec032f000 58f5b
           <...>-6777  [006] ....  1126.782016: do_swap_page: prefetch fault 6713 "GLThread 439" 7ec032f000 58f5b
           <...>-6763  [004] ...1  1126.784058: do_swap_page: id 4, table 0 || 2092: 6713 7eab6f5000
           <...>-6763  [004] ....  1126.784154: read_swap_cache_async: remote readpage 6713 "pool-7-thread-1" 7eab6f6000 54f30
           <...>-6763  [004] ....  1126.784156: do_swap_page: prefetch fault 6713 "pool-7-thread-1" 7eab6f6000 54f30
           <...>-6826  [005] ...1  1126.784277: do_swap_page: id 4, table 0 || 2093: 6713 7ed1931000
           <...>-6826  [005] ....  1126.784383: read_swap_cache_async: remote readpage 6713 "kVAST Worker" 7ed191a000 58f51
           <...>-6826  [005] ....  1126.784385: do_swap_page: prefetch fault 6713 "kVAST Worker" 7ed191a000 58f51
           <...>-6777  [006] ...1  1126.784479: do_swap_page: id 4, table 0 || 2094: 6713 7ec032f000
           <...>-6777  [006] ...1  1126.784515: do_swap_page: id 4, table 0 || 2095: 6713 7ec0330000
           <...>-6777  [006] ....  1126.784579: read_swap_cache_async: remote readpage 6713 "GLThread 439" 7ea3e86000 58f5c
           <...>-6777  [006] ....  1126.784581: do_swap_page: prefetch fault 6713 "GLThread 439" 7ea3e86000 58f5c
           <...>-6763  [004] ...1  1126.786541: do_swap_page: id 4, table 0 || 2096: 6713 7eab6f6000
           <...>-6826  [006] ...1  1126.786665: do_swap_page: id 4, table 0 || 2097: 6713 7ed191a000
           <...>-6763  [004] ....  1126.786704: read_swap_cache_async: remote readpage 6713 "pool-7-thread-1" 7eab6f7000 54f31
           <...>-6763  [004] ....  1126.786707: do_swap_page: prefetch fault 6713 "pool-7-thread-1" 7eab6f7000 54f31
           <...>-6826  [005] ....  1126.786767: read_swap_cache_async: remote readpage 6713 "kVAST Worker" 7eb1000000 58f52
           <...>-6826  [005] ....  1126.786769: do_swap_page: prefetch fault 6713 "kVAST Worker" 7eb1000000 58f52
           <...>-6777  [006] ...1  1126.787013: do_swap_page: id 4, table 0 || 2098: 6713 7ea3e86000
           <...>-6777  [006] ....  1126.787071: read_swap_cache_async: remote readpage 6713 "GLThread 439" 7eafd3d000 58f5d
           <...>-6777  [006] ....  1126.787073: do_swap_page: prefetch fault 6713 "GLThread 439" 7eafd3d000 58f5d
           <...>-6763  [004] ...1  1126.789066: do_swap_page: id 4, table 0 || 2099: 6713 7eab6f7000
           <...>-6763  [004] ....  1126.789170: read_swap_cache_async: remote readpage 6713 "pool-7-thread-1" 7eab6f8000 4cf8f
           <...>-6763  [004] ....  1126.789173: do_swap_page: prefetch fault 6713 "pool-7-thread-1" 7eab6f8000 4cf8f
           <...>-6826  [005] ...1  1126.789365: do_swap_page: id 4, table 0 || 2100: 6713 7eb1000000
           <...>-6777  [006] ...1  1126.789370: do_swap_page: id 4, table 0 || 2101: 6713 7eafd3d000
           <...>-6777  [006] ...1  1126.789413: do_swap_page: id 4, table 0 || 2102: 6713 7e9e09d000
           <...>-6777  [006] ....  1126.789482: read_swap_cache_async: remote readpage 6713 "GLThread 439" 7ea3e7a000 58f60
           <...>-6777  [006] ....  1126.789484: do_swap_page: prefetch fault 6713 "GLThread 439" 7ea3e7a000 58f60
           <...>-6826  [005] ...1  1126.789528: do_swap_page: id 4, table 0 || 2103: 6713 7ec032d000
           <...>-6826  [005] ....  1126.789636: read_swap_cache_async: remote readpage 6713 "kVAST Worker" 7f31991000 58f53
           <...>-6826  [005] ....  1126.789639: do_swap_page: prefetch fault 6713 "kVAST Worker" 7f31991000 58f53
           <...>-6763  [004] ...1  1126.791453: do_swap_page: id 4, table 0 || 2104: 6713 7eab6f8000
           <...>-6763  [004] ...1  1126.791550: do_swap_page: id 4, table 0 || 2105: 6713 9d4fb000
           <...>-6763  [004] ...1  1126.791601: do_swap_page: id 4, table 0 || 2106: 6713 9d550000
           <...>-6763  [004] ....  1126.791823: read_swap_cache_async: remote readpage 6713 "pool-7-thread-1" 9d519000 4cf90
           <...>-6763  [004] ....  1126.791826: do_swap_page: prefetch fault 6713 "pool-7-thread-1" 9d519000 4cf90
           <...>-6777  [006] ...1  1126.792955: do_swap_page: id 4, table 0 || 2107: 6713 7ea3e7a000
           <...>-6777  [006] ....  1126.793251: read_swap_cache_async: remote readpage 6713 "GLThread 439" 7e78fdc000 58f61
           <...>-6777  [006] ....  1126.793255: do_swap_page: prefetch fault 6713 "GLThread 439" 7e78fdc000 58f61
           <...>-6826  [005] ...1  1126.793258: do_swap_page: id 4, table 0 || 2108: 6713 7f31991000
           <...>-6826  [005] ...1  1126.793311: do_swap_page: id 4, table 0 || 2109: 6713 14309000
           <...>-6763  [004] ...1  1126.794266: do_swap_page: id 4, table 0 || 2110: 6713 9d519000
           <...>-6763  [004] ....  1126.794434: read_swap_cache_async: remote readpage 6713 "pool-7-thread-1" 7eab6ae000 4cf91
           <...>-6763  [004] ....  1126.794437: do_swap_page: prefetch fault 6713 "pool-7-thread-1" 7eab6ae000 4cf91
           <...>-6777  [006] ...1  1126.796124: do_swap_page: id 4, table 0 || 2111: 6713 7e78fdc000
           <...>-6777  [006] ....  1126.796191: read_swap_cache_async: remote readpage 6713 "GLThread 439" 7eb9f00000 58f62
           <...>-6777  [006] ....  1126.796193: do_swap_page: prefetch fault 6713 "GLThread 439" 7eb9f00000 58f62
           <...>-6763  [004] ...1  1126.797218: do_swap_page: id 4, table 0 || 2112: 6713 7eab6ae000
           <...>-6763  [004] ....  1126.797534: read_swap_cache_async: remote readpage 6713 "pool-7-thread-1" 7eab6af000 58f4c
           <...>-6763  [004] ....  1126.797537: do_swap_page: prefetch fault 6713 "pool-7-thread-1" 7eab6af000 58f4c
           <...>-6777  [006] ...1  1126.798234: do_swap_page: id 4, table 0 || 2113: 6713 7eb9f00000
           <...>-6713  [004] ....  1126.798359: read_swap_cache_async: remote readpage 6713 ".candycrushsaga" 9d520000 58f63
           <...>-6713  [004] ....  1126.798363: do_swap_page: prefetch fault 6713 ".candycrushsaga" 9d520000 58f63
           <...>-6777  [006] ....  1126.798686: read_swap_cache_async: remote readpage 6713 "GLThread 439" 7e9dc1b000 54f39
           <...>-6777  [006] ....  1126.798688: do_swap_page: prefetch fault 6713 "GLThread 439" 7e9dc1b000 54f39
           <...>-6763  [004] ...1  1126.800385: do_swap_page: id 4, table 0 || 2114: 6713 7eab6af000
           <...>-6763  [004] ....  1126.800493: read_swap_cache_async: remote readpage 6713 "pool-7-thread-1" 7eab6c9000 58f4d
           <...>-6763  [004] ....  1126.800495: do_swap_page: prefetch fault 6713 "pool-7-thread-1" 7eab6c9000 58f4d
           <...>-6713  [004] ...1  1126.800605: do_swap_page: id 4, table 0 || 2115: 6713 9d520000
           <...>-6713  [004] ....  1126.800691: read_swap_cache_async: remote readpage 6713 ".candycrushsaga" 7fbe23d000 58f64
           <...>-6713  [004] ....  1126.800694: do_swap_page: prefetch fault 6713 ".candycrushsaga" 7fbe23d000 58f64
           <...>-6777  [006] ...1  1126.801146: do_swap_page: id 4, table 0 || 2116: 6713 7e9dc1b000
           <...>-6777  [006] ....  1126.801261: read_swap_cache_async: remote readpage 6713 "GLThread 439" 7eaf44b000 54f3a
           <...>-6777  [006] ....  1126.801264: do_swap_page: prefetch fault 6713 "GLThread 439" 7eaf44b000 54f3a
           <...>-6763  [004] ...1  1126.803609: do_swap_page: id 4, table 0 || 2117: 6713 7eab6c9000
           <...>-6763  [004] ....  1126.803675: read_swap_cache_async: remote readpage 6713 "pool-7-thread-1" 7eab6fe000 58f4e
           <...>-6763  [004] ....  1126.803677: do_swap_page: prefetch fault 6713 "pool-7-thread-1" 7eab6fe000 58f4e
           <...>-6713  [004] ...1  1126.804473: do_swap_page: id 4, table 0 || 2118: 6713 7fbe23d000
           <...>-6713  [004] ....  1126.804496: read_swap_cache_async: remote readpage 6713 ".candycrushsaga" 7f28c32000 4cf92
           <...>-6713  [004] ....  1126.804497: do_swap_page: prefetch fault 6713 ".candycrushsaga" 7f28c32000 4cf92
           <...>-6777  [006] ...1  1126.804718: do_swap_page: id 4, table 0 || 2119: 6713 7eaf44b000
           <...>-6777  [006] ...1  1126.804774: do_swap_page: id 4, table 0 || 2120: 6713 7e9c367000
           <...>-6777  [006] ...1  1126.804783: do_swap_page: id 4, table 0 || 2121: 6713 7e9c368000
           <...>-6777  [006] ....  1126.804900: read_swap_cache_async: remote readpage 6713 "GLThread 439" 7eafcfd000 4cf93
           <...>-6777  [006] ....  1126.804902: do_swap_page: prefetch fault 6713 "GLThread 439" 7eafcfd000 4cf93
           <...>-6763  [004] ...1  1126.806810: do_swap_page: id 4, table 0 || 2122: 6713 7eab6fe000
           <...>-6763  [004] ....  1126.806913: read_swap_cache_async: remote readpage 6713 "pool-7-thread-1" 7eab706000 58f4f
           <...>-6763  [004] ....  1126.806916: do_swap_page: prefetch fault 6713 "pool-7-thread-1" 7eab706000 58f4f
           <...>-6713  [004] ...1  1126.807078: do_swap_page: id 4, table 0 || 2123: 6713 7f28c32000
           <...>-6713  [004] ....  1126.807098: read_swap_cache_async: remote readpage 6713 ".candycrushsaga" 7fbe238000 54f37
           <...>-6713  [004] ....  1126.807099: do_swap_page: prefetch fault 6713 ".candycrushsaga" 7fbe238000 54f37
           <...>-6777  [006] ...1  1126.807328: do_swap_page: id 4, table 0 || 2124: 6713 7eafcfd000
           <...>-6777  [006] ....  1126.807467: read_swap_cache_async: remote readpage 6713 "GLThread 439" 7eafcfe000 4cf94
           <...>-6777  [006] ....  1126.807469: do_swap_page: prefetch fault 6713 "GLThread 439" 7eafcfe000 4cf94
           <...>-6763  [004] ...1  1126.809676: do_swap_page: id 4, table 0 || 2125: 6713 7eab706000
           <...>-6763  [004] ...1  1126.809958: do_swap_page: id 4, table 0 || 2126: 6713 14072000
           <...>-6763  [004] ....  1126.810121: read_swap_cache_async: remote readpage 6713 "pool-7-thread-1" 9d59c000 48ff9
           <...>-6763  [004] ....  1126.810124: do_swap_page: prefetch fault 6713 "pool-7-thread-1" 9d59c000 48ff9
           <...>-6713  [004] ...1  1126.810220: do_swap_page: id 4, table 0 || 2127: 6713 7fbe238000
           <...>-6777  [006] ...1  1126.810237: do_swap_page: id 4, table 0 || 2128: 6713 7eafcfe000
           <...>-6777  [006] ....  1126.810318: read_swap_cache_async: remote readpage 6713 "GLThread 439" 7e9bdd0000 4cf95
           <...>-6777  [006] ....  1126.810320: do_swap_page: prefetch fault 6713 "GLThread 439" 7e9bdd0000 4cf95
           <...>-6713  [004] ....  1126.810522: read_swap_cache_async: remote readpage 6713 ".candycrushsaga" 7fbe237000 54f38
           <...>-6713  [004] ....  1126.810526: do_swap_page: prefetch fault 6713 ".candycrushsaga" 7fbe237000 54f38
           <...>-6763  [004] ...1  1126.812665: do_swap_page: id 4, table 0 || 2129: 6713 9d59c000
           <...>-6777  [006] ...1  1126.813003: do_swap_page: id 4, table 0 || 2130: 6713 7e9bdd0000
           <...>-6777  [006] ....  1126.813055: read_swap_cache_async: remote readpage 6713 "GLThread 439" 7eaf6d1000 58f67
           <...>-6777  [006] ....  1126.813057: do_swap_page: prefetch fault 6713 "GLThread 439" 7eaf6d1000 58f67
           <...>-6837  [005] ....  1126.813068: read_swap_cache_async: remote readpage 6713 "Thread-5" 7eac61a000 4cf96
           <...>-6837  [005] ....  1126.813073: do_swap_page: prefetch fault 6713 "Thread-5" 7eac61a000 4cf96
           <...>-6713  [007] ...1  1126.813229: do_swap_page: id 4, table 0 || 2131: 6713 7fbe237000
           <...>-6713  [007] ...1  1126.813386: do_swap_page: id 4, table 0 || 2132: 6713 1446d000
           <...>-6763  [004] ....  1126.813625: read_swap_cache_async: remote readpage 6713 "pool-7-thread-1" 7eab6fa000 48ffa
           <...>-6763  [004] ....  1126.813629: do_swap_page: prefetch fault 6713 "pool-7-thread-1" 7eab6fa000 48ffa
           <...>-6713  [005] ...1  1126.814024: do_swap_page: id 4, table 0 || 2133: 6713 141b9000
           <...>-6713  [005] ...1  1126.814067: do_swap_page: id 4, table 0 || 2134: 6713 7f20f08000
           <...>-6713  [005] ...1  1126.814091: do_swap_page: id 4, table 0 || 2135: 6713 141b8000
           <...>-6713  [005] ....  1126.814213: read_swap_cache_async: remote readpage 6713 ".candycrushsaga" 7ea3e85000 5cf00
           <...>-6713  [005] ....  1126.814217: do_swap_page: prefetch fault 6713 ".candycrushsaga" 7ea3e85000 5cf00
           <...>-6777  [006] ...1  1126.815352: do_swap_page: id 4, table 0 || 2136: 6713 7eaf6d1000
           <...>-6777  [006] ....  1126.815421: read_swap_cache_async: remote readpage 6713 "GLThread 439" 7ea4365000 58f68
           <...>-6777  [006] ....  1126.815423: do_swap_page: prefetch fault 6713 "GLThread 439" 7ea4365000 58f68
           <...>-6837  [005] ...1  1126.815682: do_swap_page: id 4, table 0 || 2137: 6713 7eac61a000
           <...>-6837  [005] ....  1126.815825: read_swap_cache_async: remote readpage 6713 "Thread-5" 7eac619000 4cf97
           <...>-6837  [005] ....  1126.815829: do_swap_page: prefetch fault 6713 "Thread-5" 7eac619000 4cf97
           <...>-6763  [004] ...1  1126.815918: do_swap_page: id 4, table 0 || 2138: 6713 7eab6fa000
           <...>-6763  [004] ...1  1126.816019: do_swap_page: id 4, table 0 || 2139: 6713 14482000
           <...>-6713  [005] ...1  1126.816227: do_swap_page: id 4, table 0 || 2140: 6713 7ea3e85000
           <...>-6713  [005] ....  1126.816307: read_swap_cache_async: remote readpage 6713 ".candycrushsaga" 7f20ef7000 5cf02
           <...>-6713  [005] ....  1126.816310: do_swap_page: prefetch fault 6713 ".candycrushsaga" 7f20ef7000 5cf02
           <...>-6170  [000] ....  1126.817015: read_swap_cache_async: remote readpage 6146 "ppCenter.Looper" 7f2db61000 4cf5a
           <...>-6170  [000] ....  1126.817021: do_swap_page: prefetch fault 6146 "ppCenter.Looper" 7f2db61000 4cf5a
           <...>-6777  [006] ...1  1126.818045: do_swap_page: id 4, table 0 || 2141: 6713 7ea4365000
           <...>-6777  [006] ....  1126.818131: read_swap_cache_async: remote readpage 6713 "GLThread 439" 7ea40ef000 58f6b
           <...>-6777  [006] ....  1126.818134: do_swap_page: prefetch fault 6713 "GLThread 439" 7ea40ef000 58f6b
           <...>-6837  [005] ...1  1126.818336: do_swap_page: id 4, table 0 || 2142: 6713 7eac619000
           <...>-6837  [005] ....  1126.818462: read_swap_cache_async: remote readpage 6713 "Thread-5" 7eafd42000 4cf98
           <...>-6837  [005] ....  1126.818465: do_swap_page: prefetch fault 6713 "Thread-5" 7eafd42000 4cf98
           <...>-6713  [004] ...1  1126.818989: do_swap_page: id 4, table 0 || 2143: 6713 7f20ef7000
           <...>-6713  [004] ....  1126.819107: read_swap_cache_async: remote readpage 6713 ".candycrushsaga" 7f20ef9000 5cf04
           <...>-6713  [004] ....  1126.819111: do_swap_page: prefetch fault 6713 ".candycrushsaga" 7f20ef9000 5cf04
           <...>-6170  [000] ...1  1126.819715: do_swap_page: id 4, table 0 || 2144: 6146 7f2db61000
           <...>-6170  [000] ....  1126.820034: read_swap_cache_async: remote readpage 6146 "ppCenter.Looper" 7f313a7000 54f00
           <...>-6170  [000] ....  1126.820039: do_swap_page: prefetch fault 6146 "ppCenter.Looper" 7f313a7000 54f00
           <...>-6777  [006] ...1  1126.822739: do_swap_page: id 4, table 0 || 2145: 6713 7ea40ef000
           <...>-6777  [006] ....  1126.822829: read_swap_cache_async: remote readpage 6713 "GLThread 439" 7eaf6f6000 58f6d
           <...>-6777  [006] ....  1126.822831: do_swap_page: prefetch fault 6713 "GLThread 439" 7eaf6f6000 58f6d
           <...>-6837  [005] ...1  1126.823060: do_swap_page: id 4, table 0 || 2146: 6713 7eafd42000
           <...>-6837  [005] ....  1126.823234: read_swap_cache_async: remote readpage 6713 "Thread-5" 7eafd43000 4cf99
           <...>-6837  [005] ....  1126.823237: do_swap_page: prefetch fault 6713 "Thread-5" 7eafd43000 4cf99
           <...>-6713  [004] ...1  1126.823382: do_swap_page: id 4, table 0 || 2147: 6713 7f20ef9000
           <...>-6170  [000] ...1  1126.823405: do_swap_page: id 4, table 0 || 2148: 6146 7f313a7000
           <...>-6713  [004] ...1  1126.823422: do_swap_page: id 4, table 0 || 2149: 6713 141c5000
           <...>-6713  [004] ...1  1126.823454: do_swap_page: id 4, table 0 || 2150: 6713 141bc000
           <...>-6713  [004] ...1  1126.823489: do_swap_page: id 4, table 0 || 2151: 6713 7f20f03000
           <...>-6713  [004] ...1  1126.823505: do_swap_page: id 4, table 0 || 2152: 6713 141ba000
           <...>-6170  [000] ....  1126.823554: read_swap_cache_async: remote readpage 6146 "ppCenter.Looper" 7f2db62000 48fbc
           <...>-6170  [000] ....  1126.823558: do_swap_page: prefetch fault 6146 "ppCenter.Looper" 7f2db62000 48fbc
           <...>-6713  [004] ....  1126.823612: read_swap_cache_async: remote readpage 6713 ".candycrushsaga" 7f20efe000 5cf07
           <...>-6713  [004] ....  1126.823615: do_swap_page: prefetch fault 6713 ".candycrushsaga" 7f20efe000 5cf07
           <...>-6777  [006] ...1  1126.825301: do_swap_page: id 4, table 0 || 2153: 6713 7eaf6f6000
           <...>-6777  [006] ....  1126.825397: read_swap_cache_async: remote readpage 6713 "GLThread 439" 7ea3e72000 54f3b
           <...>-6777  [006] ....  1126.825400: do_swap_page: prefetch fault 6713 "GLThread 439" 7ea3e72000 54f3b
           <...>-6837  [005] ...1  1126.825499: do_swap_page: id 4, table 0 || 2154: 6713 7eafd43000
           <...>-6837  [005] ....  1126.825582: read_swap_cache_async: remote readpage 6713 "Thread-5" 7eafd60000 4cf9a
           <...>-6837  [005] ....  1126.825585: do_swap_page: prefetch fault 6713 "Thread-5" 7eafd60000 4cf9a
           <...>-6713  [004] ...1  1126.825885: do_swap_page: id 4, table 0 || 2155: 6713 7f20efe000
           <...>-6170  [000] ...1  1126.826121: do_swap_page: id 4, table 0 || 2156: 6146 7f2db62000
           <...>-6170  [000] ....  1126.826257: read_swap_cache_async: remote readpage 6146 "ppCenter.Looper" 7f2db60000 48fbd
           <...>-6170  [000] ....  1126.826262: do_swap_page: prefetch fault 6146 "ppCenter.Looper" 7f2db60000 48fbd
           <...>-6713  [004] ...1  1126.826677: do_swap_page: id 4, table 0 || 2157: 6713 7e9c5e9000
           <...>-6713  [004] ...1  1126.826732: do_swap_page: id 4, table 0 || 2158: 6713 7e9c613000
           <...>-6777  [006] ...1  1126.827870: do_swap_page: id 4, table 0 || 2159: 6713 7ea3e72000
           <...>-6777  [006] ....  1126.827989: read_swap_cache_async: remote readpage 6713 "GLThread 439" 7ea4379000 54f3d
           <...>-6777  [006] ....  1126.827994: do_swap_page: prefetch fault 6713 "GLThread 439" 7ea4379000 54f3d
           <...>-6837  [006] ...1  1126.828230: do_swap_page: id 4, table 0 || 2160: 6713 7eafd60000
           <...>-6837  [006] ...1  1126.828265: do_swap_page: id 4, table 0 || 2161: 6713 7eafd52000
           <...>-6837  [006] ....  1126.828422: read_swap_cache_async: remote readpage 6713 "Thread-5" 7eac618000 4cfa1
           <...>-6837  [006] ....  1126.828425: do_swap_page: prefetch fault 6713 "Thread-5" 7eac618000 4cfa1
           <...>-6170  [000] ...1  1126.828452: do_swap_page: id 4, table 0 || 2162: 6146 7f2db60000
           <...>-6777  [006] ...1  1126.830260: do_swap_page: id 4, table 0 || 2163: 6713 7ea4379000
           <...>-6777  [006] ....  1126.830443: read_swap_cache_async: remote readpage 6713 "GLThread 439" 7eaf585000 48ffc
           <...>-6777  [006] ....  1126.830446: do_swap_page: prefetch fault 6713 "GLThread 439" 7eaf585000 48ffc
           <...>-6837  [006] ...1  1126.830563: do_swap_page: id 4, table 0 || 2164: 6713 7eac618000
           <...>-6837  [006] ....  1126.830619: read_swap_cache_async: remote readpage 6713 "Thread-5" 7eafafd000 4cf9b
           <...>-6837  [006] ....  1126.830622: do_swap_page: prefetch fault 6713 "Thread-5" 7eafafd000 4cf9b
           <...>-6713  [005] ....  1126.830715: read_swap_cache_async: remote readpage 6713 ".candycrushsaga" 7e9e627000 4cfa5
           <...>-6713  [005] ....  1126.830720: do_swap_page: prefetch fault 6713 ".candycrushsaga" 7e9e627000 4cfa5
           <...>-6777  [006] ...1  1126.833024: do_swap_page: id 4, table 0 || 2165: 6713 7eaf585000
           <...>-6777  [006] ....  1126.833183: read_swap_cache_async: remote readpage 6713 "GLThread 439" 7ec032e000 48ffe
           <...>-6777  [006] ....  1126.833186: do_swap_page: prefetch fault 6713 "GLThread 439" 7ec032e000 48ffe
           <...>-6713  [005] ...1  1126.833558: do_swap_page: id 4, table 0 || 2166: 6713 7e9e627000
           <...>-6837  [006] ...1  1126.833922: do_swap_page: id 4, table 0 || 2167: 6713 7eafafd000
           <...>-6713  [005] ....  1126.833923: read_swap_cache_async: remote readpage 6713 ".candycrushsaga" 7f28fb3000 58f5a
           <...>-6713  [005] ....  1126.833928: do_swap_page: prefetch fault 6713 ".candycrushsaga" 7f28fb3000 58f5a
           <...>-6837  [005] ....  1126.833992: read_swap_cache_async: remote readpage 6713 "Thread-5" 7eafb5e000 4cf9d
           <...>-6837  [005] ....  1126.833997: do_swap_page: prefetch fault 6713 "Thread-5" 7eafb5e000 4cf9d
           <...>-6777  [006] ...1  1126.836912: do_swap_page: id 4, table 0 || 2168: 6713 7ec032e000
           <...>-6777  [006] ....  1126.837041: read_swap_cache_async: remote readpage 6713 "GLThread 439" 7eafbd1000 4cf9f
           <...>-6777  [006] ....  1126.837044: do_swap_page: prefetch fault 6713 "GLThread 439" 7eafbd1000 4cf9f
           <...>-6713  [005] ...1  1126.837110: do_swap_page: id 4, table 0 || 2169: 6713 7f28fb3000
           <...>-6713  [005] ....  1126.837287: read_swap_cache_async: remote readpage 6713 ".candycrushsaga" 7f28fb4000 54f3f
           <...>-6713  [005] ....  1126.837290: do_swap_page: prefetch fault 6713 ".candycrushsaga" 7f28fb4000 54f3f
           <...>-6837  [005] ...1  1126.837395: do_swap_page: id 4, table 0 || 2170: 6713 7eafb5e000
           <...>-6837  [005] ....  1126.837482: read_swap_cache_async: remote readpage 6713 "Thread-5" 7eafd4a000 4cf9e
           <...>-6837  [005] ....  1126.837485: do_swap_page: prefetch fault 6713 "Thread-5" 7eafd4a000 4cf9e
           <...>-6777  [006] ...1  1126.839231: do_swap_page: id 4, table 0 || 2171: 6713 7eafbd1000
           <...>-6777  [006] ....  1126.839369: read_swap_cache_async: remote readpage 6713 "GLThread 439" 7ea3cad000 5cf01
           <...>-6713  [005] ...1  1126.839370: do_swap_page: id 4, table 0 || 2172: 6713 7f28fb4000
           <...>-6777  [006] ....  1126.839372: do_swap_page: prefetch fault 6713 "GLThread 439" 7ea3cad000 5cf01
           <...>-6713  [005] ...1  1126.839414: do_swap_page: id 4, table 0 || 2173: 6713 7f28fb5000
           <...>-6713  [005] ....  1126.839516: read_swap_cache_async: remote readpage 6713 ".candycrushsaga" 7fb9ff3000 58f73
           <...>-6713  [005] ....  1126.839519: do_swap_page: prefetch fault 6713 ".candycrushsaga" 7fb9ff3000 58f73
           <...>-6837  [005] ...1  1126.839859: do_swap_page: id 4, table 0 || 2174: 6713 7eafd4a000
           <...>-6837  [005] ....  1126.839992: read_swap_cache_async: remote readpage 6713 "Thread-5" 7eafce3000 4cfa0
           <...>-6837  [005] ....  1126.839998: do_swap_page: prefetch fault 6713 "Thread-5" 7eafce3000 4cfa0
           <...>-6777  [006] ...1  1126.842279: do_swap_page: id 4, table 0 || 2175: 6713 7ea3cad000
           <...>-6713  [005] ...1  1126.842470: do_swap_page: id 4, table 0 || 2176: 6713 7fb9ff3000
           <...>-6777  [006] ....  1126.842507: read_swap_cache_async: remote readpage 6713 "GLThread 439" 7eafd5b000 5cf03
           <...>-6777  [006] ....  1126.842511: do_swap_page: prefetch fault 6713 "GLThread 439" 7eafd5b000 5cf03
           <...>-6837  [004] ...1  1126.842514: do_swap_page: id 4, table 0 || 2177: 6713 7eafce3000
           <...>-6837  [004] ...1  1126.842610: do_swap_page: id 4, table 0 || 2178: 6713 7eafbc1000
           <...>-6837  [004] ....  1126.842721: read_swap_cache_async: remote readpage 6713 "Thread-5" 7eafd5d000 4cfa2
           <...>-6837  [004] ....  1126.842725: do_swap_page: prefetch fault 6713 "Thread-5" 7eafd5d000 4cfa2
           <...>-6757  [004] ....  1126.842750: read_swap_cache_async: remote readpage 6713 "RenderThread" 7f2d6b0000 58f76
           <...>-6757  [004] ....  1126.842752: do_swap_page: prefetch fault 6713 "RenderThread" 7f2d6b0000 58f76
           <...>-6713  [005] ...1  1126.844049: do_swap_page: id 4, table 0 || 2179: 6713 9d517000
           <...>-6713  [005] ....  1126.844182: read_swap_cache_async: remote readpage 6713 ".candycrushsaga" 9d5b1000 58f77
           <...>-6713  [005] ....  1126.844186: do_swap_page: prefetch fault 6713 ".candycrushsaga" 9d5b1000 58f77
           <...>-6777  [006] ...1  1126.844804: do_swap_page: id 4, table 0 || 2180: 6713 7eafd5b000
           <...>-6777  [006] ....  1126.844986: read_swap_cache_async: remote readpage 6713 "GLThread 439" 7ea418d000 5cf06
           <...>-6777  [006] ....  1126.844989: do_swap_page: prefetch fault 6713 "GLThread 439" 7ea418d000 5cf06
           <...>-6757  [004] ...1  1126.845093: do_swap_page: id 4, table 0 || 2181: 6713 7f2d6b0000
           <...>-6837  [005] ...1  1126.845149: do_swap_page: id 4, table 0 || 2182: 6713 7eafd5d000
           <...>-6757  [004] ....  1126.845174: read_swap_cache_async: remote readpage 6713 "RenderThread" 7f2d6ae000 4cfaa
           <...>-6757  [004] ....  1126.845177: do_swap_page: prefetch fault 6713 "RenderThread" 7f2d6ae000 4cfaa
           <...>-6837  [005] ....  1126.845189: read_swap_cache_async: remote readpage 6713 "Thread-5" 7eafcdd000 58f65
           <...>-6837  [005] ....  1126.845192: do_swap_page: prefetch fault 6713 "Thread-5" 7eafcdd000 58f65
           <...>-6713  [005] ...1  1126.851023: do_swap_page: id 4, table 0 || 2183: 6713 9d5b1000
           <...>-6713  [005] ...1  1126.851075: do_swap_page: id 4, table 0 || 2184: 6713 9d4ab000
           <...>-6777  [006] ...1  1126.851332: do_swap_page: id 4, table 0 || 2185: 6713 7ea418d000
           <...>-6713  [005] ...1  1126.851526: do_swap_page: id 4, table 0 || 2186: 6713 13b19000
           <...>-6777  [006] ....  1126.851561: read_swap_cache_async: remote readpage 6713 "GLThread 439" 7eaee13000 5cf08
           <...>-6777  [006] ....  1126.851565: do_swap_page: prefetch fault 6713 "GLThread 439" 7eaee13000 5cf08
           <...>-6757  [004] ...1  1126.851758: do_swap_page: id 4, table 0 || 2187: 6713 7f2d6ae000
           <...>-6757  [004] ....  1126.852093: read_swap_cache_async: remote readpage 6713 "RenderThread" 7fbb174000 5cf0c
           <...>-6757  [004] ....  1126.852098: do_swap_page: prefetch fault 6713 "RenderThread" 7fbb174000 5cf0c
           <...>-6837  [006] ...1  1126.852147: do_swap_page: id 4, table 0 || 2188: 6713 7eafcdd000
           <...>-6837  [006] ....  1126.852296: read_swap_cache_async: remote readpage 6713 "Thread-5" 7e9e8d2000 58f66
           <...>-6837  [006] ....  1126.852300: do_swap_page: prefetch fault 6713 "Thread-5" 7e9e8d2000 58f66
           <...>-6713  [005] ....  1126.852426: read_swap_cache_async: remote readpage 6713 ".candycrushsaga" 7eb9f34000 5cf11
           <...>-6713  [005] ....  1126.852431: do_swap_page: prefetch fault 6713 ".candycrushsaga" 7eb9f34000 5cf11
           <...>-6146  [000] ...1  1126.853398: do_swap_page: id 4, table 0 || 2189: 6146 7fbbde7000
           <...>-6146  [000] ...1  1126.853706: do_swap_page: id 4, table 0 || 2190: 6146 7f2902a000
           <...>-6146  [000] ...1  1126.853839: do_swap_page: id 4, table 0 || 2191: 6146 13fc2000
           <...>-6146  [000] ...1  1126.853883: do_swap_page: id 4, table 0 || 2192: 6146 7f2902b000
           <...>-6777  [006] ...1  1126.853925: do_swap_page: id 4, table 0 || 2193: 6713 7eaee13000
           <...>-6146  [000] ...1  1126.853949: do_swap_page: id 4, table 0 || 2194: 6146 9d52f000
           <...>-6146  [000] ...1  1126.854008: do_swap_page: id 4, table 0 || 2195: 6146 7f2902e000
           <...>-6146  [000] ...1  1126.854058: do_swap_page: id 4, table 0 || 2196: 6146 140ab000
           <...>-6777  [006] ....  1126.854094: read_swap_cache_async: remote readpage 6713 "GLThread 439" 7ec5737000 58f6f
           <...>-6777  [006] ....  1126.854098: do_swap_page: prefetch fault 6713 "GLThread 439" 7ec5737000 58f6f
           <...>-6146  [000] ...1  1126.854173: do_swap_page: id 4, table 0 || 2197: 6146 140ac000
           <...>-6146  [000] ...1  1126.854219: do_swap_page: id 4, table 0 || 2198: 6146 7f2902c000
           <...>-6146  [000] ...1  1126.854293: do_swap_page: id 4, table 0 || 2199: 6146 14123000
           <...>-6146  [000] ...1  1126.854373: do_swap_page: id 4, table 0 || 2200: 6146 7f294c5000
           <...>-6545  [001] ....  1126.854839: read_swap_cache_async: remote readpage 6146 "PXLEventThread" 7d3afd0000 48fbe
           <...>-6545  [001] ....  1126.854847: do_swap_page: prefetch fault 6146 "PXLEventThread" 7d3afd0000 48fbe
           <...>-6757  [004] ...1  1126.855091: do_swap_page: id 4, table 0 || 2201: 6713 7fbb174000
           <...>-6757  [004] ....  1126.855246: read_swap_cache_async: remote readpage 6713 "RenderThread" 7fbdcb6000 5cf0f
           <...>-6757  [004] ....  1126.855249: do_swap_page: prefetch fault 6713 "RenderThread" 7fbdcb6000 5cf0f
           <...>-6837  [006] ...1  1126.855471: do_swap_page: id 4, table 0 || 2202: 6713 7e9e8d2000
           <...>-6837  [006] ....  1126.855560: read_swap_cache_async: remote readpage 6713 "Thread-5" 7eafd64000 4cfa4
           <...>-6837  [006] ....  1126.855563: do_swap_page: prefetch fault 6713 "Thread-5" 7eafd64000 4cfa4
           <...>-6713  [005] ...1  1126.855610: do_swap_page: id 4, table 0 || 2203: 6713 7eb9f34000
           <...>-6713  [005] ....  1126.855792: read_swap_cache_async: remote readpage 6713 ".candycrushsaga" 7e9b66f000 5cf14
           <...>-6713  [005] ....  1126.855797: do_swap_page: prefetch fault 6713 ".candycrushsaga" 7e9b66f000 5cf14
           <...>-6777  [006] ...1  1126.857222: do_swap_page: id 4, table 0 || 2204: 6713 7ec5737000
           <...>-6777  [006] ....  1126.857355: read_swap_cache_async: remote readpage 6713 "GLThread 439" 7e9b1b3000 4cfa7
           <...>-6777  [006] ....  1126.857359: do_swap_page: prefetch fault 6713 "GLThread 439" 7e9b1b3000 4cfa7
           <...>-6545  [000] ...1  1126.857971: do_swap_page: id 4, table 0 || 2205: 6146 7d3afd0000
           <...>-6545  [000] ....  1126.858265: read_swap_cache_async: remote readpage 6146 "PXLEventThread" 7f20f78000 48fbf
           <...>-6545  [000] ....  1126.858272: do_swap_page: prefetch fault 6146 "PXLEventThread" 7f20f78000 48fbf
           <...>-6757  [004] ...1  1126.859000: do_swap_page: id 4, table 0 || 2206: 6713 7fbdcb6000
           <...>-6757  [004] ....  1126.859147: read_swap_cache_async: remote readpage 6713 "RenderThread" 7f20b22000 5cf12
           <...>-6757  [004] ....  1126.859150: do_swap_page: prefetch fault 6713 "RenderThread" 7f20b22000 5cf12
           <...>-6837  [006] ...1  1126.859366: do_swap_page: id 4, table 0 || 2207: 6713 7eafd64000
           <...>-6713  [005] ...1  1126.859454: do_swap_page: id 4, table 0 || 2208: 6713 7e9b66f000
           <...>-6837  [006] ...1  1126.859474: do_swap_page: id 4, table 0 || 2209: 6713 7e9e9c2000
           <...>-6837  [006] ....  1126.859605: read_swap_cache_async: remote readpage 6713 "Thread-5" 7eafd59000 58f6a
           <...>-6837  [006] ....  1126.859609: do_swap_page: prefetch fault 6713 "Thread-5" 7eafd59000 58f6a
           <...>-6713  [005] ...1  1126.859828: do_swap_page: id 4, table 0 || 2210: 6713 7e9e08d000
           <...>-6713  [005] ....  1126.859902: read_swap_cache_async: remote readpage 6713 ".candycrushsaga" 7ec04b9000 4cfad
           <...>-6713  [005] ....  1126.859906: do_swap_page: prefetch fault 6713 ".candycrushsaga" 7ec04b9000 4cfad
           <...>-6777  [006] ...1  1126.860234: do_swap_page: id 4, table 0 || 2211: 6713 7e9b1b3000
           <...>-6777  [006] ....  1126.860367: read_swap_cache_async: remote readpage 6713 "GLThread 439" 7ea40d3000 54f3e
           <...>-6777  [006] ....  1126.860371: do_swap_page: prefetch fault 6713 "GLThread 439" 7ea40d3000 54f3e
           <...>-6757  [004] ...1  1126.862297: do_swap_page: id 4, table 0 || 2212: 6713 7f20b22000
           <...>-6757  [004] ....  1126.862408: read_swap_cache_async: remote readpage 6713 "RenderThread" 7f208fe000 4cfab
           <...>-6757  [004] ....  1126.862411: do_swap_page: prefetch fault 6713 "RenderThread" 7f208fe000 4cfab
           <...>-6837  [006] ...1  1126.863237: do_swap_page: id 4, table 0 || 2213: 6713 7eafd59000
           <...>-6713  [005] ...1  1126.863279: do_swap_page: id 4, table 0 || 2214: 6713 7ec04b9000
           <...>-6545  [000] ...1  1126.863281: do_swap_page: id 4, table 0 || 2215: 6146 7f20f78000
           <...>-6713  [005] ...1  1126.863341: do_swap_page: id 4, table 0 || 2216: 6713 7fbe2fd000
           <...>-6713  [005] ...1  1126.863359: do_swap_page: id 4, table 0 || 2217: 6713 7fbe2fe000
           <...>-6545  [000] ....  1126.863562: read_swap_cache_async: remote readpage 6146 "PXLEventThread" 7ebc588000 48fc0
           <...>-6545  [000] ....  1126.863567: do_swap_page: prefetch fault 6146 "PXLEventThread" 7ebc588000 48fc0
           <...>-6777  [006] ...1  1126.864460: do_swap_page: id 4, table 0 || 2218: 6713 7ea40d3000
           <...>-6777  [006] ....  1126.864568: read_swap_cache_async: remote readpage 6713 "GLThread 439" 7ea400f000 54f40
           <...>-6777  [006] ....  1126.864571: do_swap_page: prefetch fault 6713 "GLThread 439" 7ea400f000 54f40
           <...>-6713  [005] ...1  1126.864651: do_swap_page: id 4, table 0 || 2219: 6713 7f28ca2000
           <...>-6713  [005] ...1  1126.864858: do_swap_page: id 4, table 0 || 2220: 6713 7eab64a000
           <...>-6713  [005] ....  1126.865028: read_swap_cache_async: remote readpage 6713 ".candycrushsaga" 7e3c4d0000 54f45
           <...>-6713  [005] ....  1126.865033: do_swap_page: prefetch fault 6713 ".candycrushsaga" 7e3c4d0000 54f45
           <...>-6757  [004] ...1  1126.865053: do_swap_page: id 4, table 0 || 2221: 6713 7f208fe000
           <...>-6757  [004] ....  1126.865156: read_swap_cache_async: remote readpage 6713 "RenderThread" 7ed0fa1000 5cf15
           <...>-6757  [004] ....  1126.865159: do_swap_page: prefetch fault 6713 "RenderThread" 7ed0fa1000 5cf15
           <...>-6545  [001] .n.1  1126.867065: do_swap_page: id 4, table 0 || 2222: 6146 7ebc588000
           <...>-6777  [006] ...1  1126.867480: do_swap_page: id 4, table 0 || 2223: 6713 7ea400f000
           <...>-6777  [006] ....  1126.867599: read_swap_cache_async: remote readpage 6713 "GLThread 439" 7eafd13000 58f70
           <...>-6777  [006] ....  1126.867603: do_swap_page: prefetch fault 6713 "GLThread 439" 7eafd13000 58f70
           <...>-6713  [005] ...1  1126.867729: do_swap_page: id 4, table 0 || 2224: 6713 7e3c4d0000
           <...>-6757  [004] ...1  1126.867734: do_swap_page: id 4, table 0 || 2225: 6713 7ed0fa1000
           <...>-6757  [004] ....  1126.868078: read_swap_cache_async: remote readpage 6713 "RenderThread" 7f2d7ea000 54f43
           <...>-6757  [004] ....  1126.868083: do_swap_page: prefetch fault 6713 "RenderThread" 7f2d7ea000 54f43
           <...>-6713  [005] ....  1126.868260: read_swap_cache_async: remote readpage 6713 ".candycrushsaga" 7ea3aeb000 54f48
           <...>-6713  [005] ....  1126.868265: do_swap_page: prefetch fault 6713 ".candycrushsaga" 7ea3aeb000 54f48
           <...>-6777  [006] ...1  1126.869997: do_swap_page: id 4, table 0 || 2226: 6713 7eafd13000
           <...>-6777  [006] ....  1126.870117: read_swap_cache_async: remote readpage 6713 "GLThread 439" 7ea3de6000 58f72
           <...>-6777  [006] ....  1126.870120: do_swap_page: prefetch fault 6713 "GLThread 439" 7ea3de6000 58f72
           <...>-6757  [004] ...1  1126.870235: do_swap_page: id 4, table 0 || 2227: 6713 7f2d7ea000
           <...>-6757  [004] ....  1126.870641: read_swap_cache_async: remote readpage 6713 "RenderThread" 7f28b65000 54f46
           <...>-6757  [004] ....  1126.870646: do_swap_page: prefetch fault 6713 "RenderThread" 7f28b65000 54f46
           <...>-6713  [005] ...1  1126.871624: do_swap_page: id 4, table 0 || 2228: 6713 7ea3aeb000
           <...>-6713  [005] ....  1126.871753: read_swap_cache_async: remote readpage 6713 ".candycrushsaga" 7ea44b6000 54f4b
           <...>-6713  [005] ....  1126.871757: do_swap_page: prefetch fault 6713 ".candycrushsaga" 7ea44b6000 54f4b
           <...>-6777  [006] ...1  1126.873690: do_swap_page: id 4, table 0 || 2229: 6713 7ea3de6000
           <...>-6777  [006] ....  1126.873923: read_swap_cache_async: remote readpage 6713 "GLThread 439" 7ed0ede000 58f75
           <...>-6777  [006] ....  1126.873928: do_swap_page: prefetch fault 6713 "GLThread 439" 7ed0ede000 58f75
           <...>-6757  [004] ...1  1126.874261: do_swap_page: id 4, table 0 || 2230: 6713 7f28b65000
           <...>-6713  [005] ...1  1126.874285: do_swap_page: id 4, table 0 || 2231: 6713 7ea44b6000
           <...>-6713  [005] ....  1126.874331: read_swap_cache_async: remote readpage 6713 ".candycrushsaga" 7ea44f9000 58f79
           <...>-6713  [005] ....  1126.874334: do_swap_page: prefetch fault 6713 ".candycrushsaga" 7ea44f9000 58f79
           <...>-6757  [004] ....  1126.874450: read_swap_cache_async: remote readpage 6713 "RenderThread" 7fbe264000 54f49
           <...>-6757  [004] ....  1126.874454: do_swap_page: prefetch fault 6713 "RenderThread" 7fbe264000 54f49
           <...>-6777  [006] ...1  1126.876616: do_swap_page: id 4, table 0 || 2232: 6713 7ed0ede000
           <...>-6757  [004] ...1  1126.877038: do_swap_page: id 4, table 0 || 2233: 6713 7fbe264000
           <...>-6777  [006] ...1  1126.877073: do_swap_page: id 4, table 0 || 2234: 6713 9d4d8000
           <...>-6757  [004] ....  1126.877225: read_swap_cache_async: remote readpage 6713 "RenderThread" 7e9e857000 4cfae
           <...>-6757  [004] ....  1126.877229: do_swap_page: prefetch fault 6713 "RenderThread" 7e9e857000 4cfae
           <...>-6713  [005] ...1  1126.877330: do_swap_page: id 4, table 0 || 2235: 6713 7ea44f9000
           <...>-6713  [005] ....  1126.877472: read_swap_cache_async: remote readpage 6713 ".candycrushsaga" 7e9ddf6000 58f7c
           <...>-6713  [005] ....  1126.877476: do_swap_page: prefetch fault 6713 ".candycrushsaga" 7e9ddf6000 58f7c
           <...>-6777  [006] ....  1126.877929: read_swap_cache_async: remote readpage 6713 "GLThread 439" 7eaee43000 5cf0a
           <...>-6777  [006] ....  1126.877934: do_swap_page: prefetch fault 6713 "GLThread 439" 7eaee43000 5cf0a
           <...>-6757  [004] ...1  1126.879422: do_swap_page: id 4, table 0 || 2236: 6713 7e9e857000
           <...>-6757  [004] ....  1126.879617: read_swap_cache_async: remote readpage 6713 "RenderThread" 7ed0f92000 58f7a
           <...>-6757  [004] ....  1126.879622: do_swap_page: prefetch fault 6713 "RenderThread" 7ed0f92000 58f7a
           <...>-6713  [005] ...1  1126.879855: do_swap_page: id 4, table 0 || 2237: 6713 7e9ddf6000
 send_target_man-200   [002] ....  1126.879870: send_target_manager: 3[REMOTE send_target_manager] target manager slept
           <...>-6713  [005] ....  1126.879976: read_swap_cache_async: remote readpage 6713 ".candycrushsaga" 7e9e26b000 58f7f
           <...>-6713  [005] ....  1126.879980: do_swap_page: prefetch fault 6713 ".candycrushsaga" 7e9e26b000 58f7f
           <...>-6777  [006] ...1  1126.880183: do_swap_page: id 4, table 0 || 2238: 6713 7eaee43000
           <...>-6777  [006] ....  1126.880282: read_swap_cache_async: remote readpage 6713 "GLThread 439" 7ea3c36000 5cf0d
           <...>-6777  [006] ....  1126.880285: do_swap_page: prefetch fault 6713 "GLThread 439" 7ea3c36000 5cf0d
           <...>-6757  [004] ...1  1126.882178: do_swap_page: id 4, table 0 || 2239: 6713 7ed0f92000
           <...>-6757  [004] ....  1126.882428: read_swap_cache_async: remote readpage 6713 "RenderThread" 7f2d721000 58f7d
           <...>-6757  [004] ....  1126.882433: do_swap_page: prefetch fault 6713 "RenderThread" 7f2d721000 58f7d
           <...>-6713  [005] ...1  1126.882682: do_swap_page: id 4, table 0 || 2240: 6713 7e9e26b000
           <...>-6777  [006] ...1  1126.882731: do_swap_page: id 4, table 0 || 2241: 6713 7ea3c36000
           <...>-6713  [005] ...1  1126.882742: do_swap_page: id 4, table 0 || 2242: 6713 7e9e26d000
           <...>-6713  [005] ....  1126.882772: read_swap_cache_async: remote readpage 6713 ".candycrushsaga" 7e9e395000 44fa9
           <...>-6713  [005] ....  1126.882775: do_swap_page: prefetch fault 6713 ".candycrushsaga" 7e9e395000 44fa9
           <...>-6777  [006] ....  1126.882877: read_swap_cache_async: remote readpage 6713 "GLThread 439" 7ea3a84000 5cf10
           <...>-6777  [006] ....  1126.882880: do_swap_page: prefetch fault 6713 "GLThread 439" 7ea3a84000 5cf10
           <...>-6757  [004] ...1  1126.884456: do_swap_page: id 4, table 0 || 2243: 6713 7f2d721000
           <...>-6757  [004] ....  1126.884555: read_swap_cache_async: remote readpage 6713 "RenderThread" 7ed0ef6000 58f80
           <...>-6757  [004] ....  1126.884558: do_swap_page: prefetch fault 6713 "RenderThread" 7ed0ef6000 58f80
           <...>-6777  [006] ...1  1126.884843: do_swap_page: id 4, table 0 || 2244: 6713 7ea3a84000
           <...>-6777  [006] ....  1126.884949: read_swap_cache_async: remote readpage 6713 "GLThread 439" 7eaee86000 5cf13
           <...>-6777  [006] ....  1126.884952: do_swap_page: prefetch fault 6713 "GLThread 439" 7eaee86000 5cf13
           <...>-6713  [005] ...1  1126.885076: do_swap_page: id 4, table 0 || 2245: 6713 7e9e395000
           <...>-6713  [005] ...1  1126.885121: do_swap_page: id 4, table 0 || 2246: 6713 7f28b23000
           <...>-6757  [004] ...1  1126.887104: do_swap_page: id 4, table 0 || 2247: 6713 7ed0ef6000
           <...>-6777  [006] ...1  1126.887155: do_swap_page: id 4, table 0 || 2248: 6713 7eaee86000
           <...>-6777  [006] ....  1126.887180: read_swap_cache_async: remote readpage 6713 "GLThread 439" 7ea3e0b000 4cfac
           <...>-6777  [006] ....  1126.887183: do_swap_page: prefetch fault 6713 "GLThread 439" 7ea3e0b000 4cfac
           <...>-6757  [004] ....  1126.887245: read_swap_cache_async: remote readpage 6713 "RenderThread" 7ed0ef8000 54f4d
           <...>-6757  [004] ....  1126.887249: do_swap_page: prefetch fault 6713 "RenderThread" 7ed0ef8000 54f4d
           <...>-6757  [004] ...1  1126.889524: do_swap_page: id 4, table 0 || 2249: 6713 7ed0ef8000
           <...>-6757  [004] ....  1126.889662: read_swap_cache_async: remote readpage 6713 "RenderThread" 7ec9ce4000 54f50
           <...>-6757  [004] ....  1126.889665: do_swap_page: prefetch fault 6713 "RenderThread" 7ec9ce4000 54f50
           <...>-6777  [006] ...1  1126.889751: do_swap_page: id 4, table 0 || 2250: 6713 7ea3e0b000
           <...>-6777  [006] ....  1126.889860: read_swap_cache_async: remote readpage 6713 "GLThread 439" 7eaee5f000 54f41
           <...>-6777  [006] ....  1126.889863: do_swap_page: prefetch fault 6713 "GLThread 439" 7eaee5f000 54f41
           <...>-6757  [004] ...1  1126.891807: do_swap_page: id 4, table 0 || 2251: 6713 7ec9ce4000
           <...>-6757  [004] ....  1126.891993: read_swap_cache_async: remote readpage 6713 "RenderThread" 7fbf5e4000 54f51
           <...>-6757  [004] ....  1126.891997: do_swap_page: prefetch fault 6713 "RenderThread" 7fbf5e4000 54f51
           <...>-6777  [006] ...1  1126.892026: do_swap_page: id 4, table 0 || 2252: 6713 7eaee5f000
           <...>-6777  [006] ....  1126.892154: read_swap_cache_async: remote readpage 6713 "GLThread 439" 7eafb59000 54f44
           <...>-6777  [006] ....  1126.892159: do_swap_page: prefetch fault 6713 "GLThread 439" 7eafb59000 54f44
      Thread-169-6226  [000] ...1  1126.893024: do_swap_page: id 4, table 0 || 2253: 6146 7d5d6f2000
       Thread-56-6220  [001] ...1  1126.894093: do_swap_page: id 4, table 0 || 2254: 6146 7ec9d68000
       Thread-56-6220  [001] ...1  1126.894162: do_swap_page: id 4, table 0 || 2255: 6146 7ec9d70000
       Thread-56-6220  [001] ...1  1126.894199: do_swap_page: id 4, table 0 || 2256: 6146 7ec9d69000
           <...>-6757  [004] ...1  1126.895592: do_swap_page: id 4, table 0 || 2257: 6713 7fbf5e4000
           <...>-6777  [006] ...1  1126.895748: do_swap_page: id 4, table 0 || 2258: 6713 7eafb59000
           <...>-6757  [004] ....  1126.895820: read_swap_cache_async: remote readpage 6713 "RenderThread" 7f2d604000 4cfb0
           <...>-6757  [004] ....  1126.895825: do_swap_page: prefetch fault 6713 "RenderThread" 7f2d604000 4cfb0
           <...>-6777  [006] ....  1126.895880: read_swap_cache_async: remote readpage 6713 "GLThread 439" 7eaf9ff000 54f47
           <...>-6777  [006] ....  1126.895885: do_swap_page: prefetch fault 6713 "GLThread 439" 7eaf9ff000 54f47
           <...>-6777  [006] ...1  1126.898591: do_swap_page: id 4, table 0 || 2259: 6713 7eaf9ff000
           <...>-6777  [006] ....  1126.898698: read_swap_cache_async: remote readpage 6713 "GLThread 439" 7eafa00000 54f4a
           <...>-6777  [006] ....  1126.898702: do_swap_page: prefetch fault 6713 "GLThread 439" 7eafa00000 54f4a
           <...>-6757  [004] ...1  1126.898758: do_swap_page: id 4, table 0 || 2260: 6713 7f2d604000
           <...>-6757  [004] ....  1126.898926: read_swap_cache_async: remote readpage 6713 "RenderThread" 7f2d678000 4cfb2
           <...>-6757  [004] ....  1126.898929: do_swap_page: prefetch fault 6713 "RenderThread" 7f2d678000 4cfb2
           <...>-6777  [006] ...1  1126.901022: do_swap_page: id 4, table 0 || 2261: 6713 7eafa00000
           <...>-6777  [006] ....  1126.901133: read_swap_cache_async: remote readpage 6713 "GLThread 439" 7ea3d0c000 4cfaf
           <...>-6777  [006] ....  1126.901136: do_swap_page: prefetch fault 6713 "GLThread 439" 7ea3d0c000 4cfaf
           <...>-6757  [004] ...1  1126.902355: do_swap_page: id 4, table 0 || 2262: 6713 7f2d678000
           <...>-6757  [004] ...1  1126.902418: do_swap_page: id 4, table 0 || 2263: 6713 7f2d62c000
           <...>-6757  [004] ....  1126.902536: read_swap_cache_async: remote readpage 6713 "RenderThread" 7ec0368000 4cfb4
           <...>-6757  [004] ....  1126.902539: do_swap_page: prefetch fault 6713 "RenderThread" 7ec0368000 4cfb4
           <...>-6777  [006] ...1  1126.904266: do_swap_page: id 4, table 0 || 2264: 6713 7ea3d0c000
           <...>-6777  [006] ....  1126.904308: read_swap_cache_async: remote readpage 6713 "GLThread 439" 7eab8a4000 58f7b
           <...>-6777  [006] ....  1126.904311: do_swap_page: prefetch fault 6713 "GLThread 439" 7eab8a4000 58f7b
           <...>-6757  [004] ...1  1126.904449: do_swap_page: id 4, table 0 || 2265: 6713 7ec0368000
           <...>-6757  [004] ....  1126.904568: read_swap_cache_async: remote readpage 6713 "RenderThread" 7e9c2b4000 4cfb7
           <...>-6757  [004] ....  1126.904571: do_swap_page: prefetch fault 6713 "RenderThread" 7e9c2b4000 4cfb7
           <...>-6777  [006] ...1  1126.906637: do_swap_page: id 4, table 0 || 2266: 6713 7eab8a4000
           <...>-6777  [006] ....  1126.906686: read_swap_cache_async: remote readpage 6713 "GLThread 439" 7ec56b9000 58f7e
           <...>-6777  [006] ....  1126.906689: do_swap_page: prefetch fault 6713 "GLThread 439" 7ec56b9000 58f7e
           <...>-6757  [004] ...1  1126.906776: do_swap_page: id 4, table 0 || 2267: 6713 7e9c2b4000
           <...>-6777  [006] ...1  1126.908819: do_swap_page: id 4, table 0 || 2268: 6713 7ec56b9000
           <...>-6777  [006] ....  1126.909614: read_swap_cache_async: remote readpage 6713 "GLThread 439" 714b0000 54f4f
           <...>-6777  [006] ....  1126.909619: do_swap_page: prefetch fault 6713 "GLThread 439" 714b0000 54f4f
           <...>-6777  [006] ...1  1126.912534: do_swap_page: id 4, table 0 || 2269: 6713 714b0000
           <...>-6777  [006] ....  1126.913291: read_swap_cache_async: remote readpage 6713 "GLThread 439" 7eabbe5000 54f52
           <...>-6777  [006] ....  1126.913297: do_swap_page: prefetch fault 6713 "GLThread 439" 7eabbe5000 54f52
           <...>-6777  [006] ...1  1126.915543: do_swap_page: id 4, table 0 || 2270: 6713 7eabbe5000
           <...>-6777  [006] ....  1126.915677: read_swap_cache_async: remote readpage 6713 "GLThread 439" 7eafc02000 4cfb1
           <...>-6777  [006] ....  1126.915681: do_swap_page: prefetch fault 6713 "GLThread 439" 7eafc02000 4cfb1
           <...>-6777  [006] ...1  1126.917941: do_swap_page: id 4, table 0 || 2271: 6713 7eafc02000
