           <...>-559   [000] ....  6310.586084: do_swap_page: prefetch miss 559 "hwservicemanage" 7fbd20e000 a405
           <...>-559   [000] ...1  6310.587906: do_swap_page: prefetch miss 559 "hwservicemanage" 7fbd20e000 a405
           <...>-559   [000] ....  6310.587987: do_swap_page: prefetch miss 559 "hwservicemanage" 7fbd211000 a406
           <...>-559   [000] ...1  6310.589975: do_swap_page: prefetch miss 559 "hwservicemanage" 7fbd211000 a406
           <...>-559   [000] ...1  6310.589995: do_swap_page: prefetch miss 559 "hwservicemanage" 7fbd405000 17a474
           <...>-559   [000] ...1  6310.590008: do_swap_page: prefetch miss 559 "hwservicemanage" 7fbd407000 182453
           <...>-559   [000] ....  6310.590106: do_swap_page: prefetch miss 559 "hwservicemanage" 7fbd406000 2422
           <...>-559   [000] ...1  6310.592315: do_swap_page: prefetch miss 559 "hwservicemanage" 7fbd406000 2422
           <...>-559   [000] ...1  6310.592332: do_swap_page: prefetch miss 559 "hwservicemanage" 7fbd225000 182454
           <...>-559   [001] ....  6310.592493: do_swap_page: prefetch miss 559 "hwservicemanage" 7fbe1e2000 2424
           <...>-559   [001] ...1  6310.594307: do_swap_page: prefetch miss 559 "hwservicemanage" 7fbe1e2000 2424
           <...>-559   [001] ...1  6310.594325: do_swap_page: prefetch miss 559 "hwservicemanage" 7fbd404000 182455
           <...>-559   [001] ...1  6310.594341: do_swap_page: prefetch miss 559 "hwservicemanage" 7fbd228000 182456
           <...>-559   [001] ...1  6310.594354: do_swap_page: prefetch miss 559 "hwservicemanage" 7fbd40a000 17a475
           <...>-559   [001] ...1  6310.594364: do_swap_page: prefetch miss 559 "hwservicemanage" 7fbd408000 17a476
           <...>-559   [001] ...1  6310.594376: do_swap_page: prefetch miss 559 "hwservicemanage" 7fbd22c000 17a477
           <...>-559   [001] ...1  6310.594384: do_swap_page: prefetch miss 559 "hwservicemanage" 7fbd20b000 17a478
           <...>-559   [001] ...1  6310.594395: do_swap_page: prefetch miss 559 "hwservicemanage" 7fbd22f000 17a479
           <...>-559   [001] ...1  6310.594409: do_swap_page: prefetch miss 559 "hwservicemanage" 7fbd230000 182457
           <...>-559   [001] ....  6310.594515: do_swap_page: prefetch miss 559 "hwservicemanage" 7fbd20f000 642c
           <...>-559   [001] ...1  6310.596493: do_swap_page: prefetch miss 559 "hwservicemanage" 7fbd20f000 642c
           <...>-559   [001] ....  6310.596587: do_swap_page: prefetch miss 559 "hwservicemanage" 7fbdc8b000 642d
           <...>-559   [001] ...1  6310.600554: do_swap_page: prefetch miss 559 "hwservicemanage" 7fbdc8b000 642d
           <...>-559   [001] ...1  6310.600571: do_swap_page: prefetch miss 559 "hwservicemanage" 7fbd403000 1764b2
           <...>-559   [001] ....  6310.600656: do_swap_page: prefetch miss 559 "hwservicemanage" 7fbd402000 a429
           <...>-559   [001] ...1  6310.602674: do_swap_page: prefetch miss 559 "hwservicemanage" 7fbd402000 a429
           <...>-559   [001] ...1  6310.602703: do_swap_page: prefetch miss 559 "hwservicemanage" 7fbd265000 182458
           <...>-559   [001] ...1  6310.602727: do_swap_page: prefetch miss 559 "hwservicemanage" 7fffffd000 182459
           <...>-559   [001] ....  6310.602832: do_swap_page: prefetch miss 559 "hwservicemanage" 7fbd249000 a40d
           <...>-559   [001] ...1  6310.604922: do_swap_page: prefetch miss 559 "hwservicemanage" 7fbd249000 a40d
           <...>-559   [001] ....  6310.605009: do_swap_page: prefetch miss 559 "hwservicemanage" 7fbd207000 a40e
           <...>-559   [001] ...1  6310.606809: do_swap_page: prefetch miss 559 "hwservicemanage" 7fbd207000 a40e
           <...>-559   [001] ...1  6310.606833: do_swap_page: prefetch miss 559 "hwservicemanage" 7fbdeb1000 1764aa
           <...>-559   [001] ...1  6310.606842: do_swap_page: prefetch miss 559 "hwservicemanage" 7fbd24c000 1764ab
           <...>-559   [001] ....  6310.606919: do_swap_page: prefetch miss 559 "hwservicemanage" 7fbdeb2000 a411
           <...>-559   [001] ...1  6310.608963: do_swap_page: prefetch miss 559 "hwservicemanage" 7fbdeb2000 a411
           <...>-559   [001] ....  6310.609047: do_swap_page: prefetch miss 559 "hwservicemanage" 7fbd258000 a412
           <...>-559   [001] ...1  6310.610984: do_swap_page: prefetch miss 559 "hwservicemanage" 7fbd258000 a412
           <...>-559   [001] ...1  6310.610995: do_swap_page: prefetch miss 559 "hwservicemanage" 7fbd259000 1764ac
           <...>-559   [001] ...1  6310.611020: do_swap_page: prefetch miss 559 "hwservicemanage" 7fbd21d000 1764ad
           <...>-559   [001] ...1  6310.611100: do_swap_page: prefetch miss 559 "hwservicemanage" 7fbd73f000 1764ae
           <...>-559   [001] ...1  6310.611113: do_swap_page: prefetch miss 559 "hwservicemanage" 7fbd276000 1764af
           <...>-559   [001] ....  6310.611217: do_swap_page: prefetch miss 559 "hwservicemanage" 7fbd287000 a417
           <...>-559   [001] ...1  6310.613529: do_swap_page: prefetch miss 559 "hwservicemanage" 7fbd287000 a417
           <...>-559   [001] ...1  6310.613541: do_swap_page: prefetch miss 559 "hwservicemanage" 7fbd284000 1764b0
           <...>-559   [001] ....  6310.613651: do_swap_page: prefetch miss 559 "hwservicemanage" 7fbd23b000 a419
           <...>-559   [001] ...1  6310.615584: do_swap_page: prefetch miss 559 "hwservicemanage" 7fbd23b000 a419
           <...>-559   [003] ....  6310.615641: do_swap_page: prefetch miss 559 "hwservicemanage" 7fbd23d000 a41a
           <...>-559   [003] ...1  6310.617687: do_swap_page: prefetch miss 559 "hwservicemanage" 7fbd23d000 a41a
           <...>-559   [003] ....  6310.617810: do_swap_page: prefetch miss 559 "hwservicemanage" 7fbd23c000 a41b
           <...>-559   [003] ...1  6310.620048: do_swap_page: prefetch miss 559 "hwservicemanage" 7fbd23c000 a41b
           <...>-559   [003] ....  6310.620119: do_swap_page: prefetch miss 559 "hwservicemanage" 7fbd23f000 a41c
           <...>-559   [000] ...1  6310.622206: do_swap_page: prefetch miss 559 "hwservicemanage" 7fbd23f000 a41c
           <...>-559   [000] ....  6310.622338: do_swap_page: prefetch miss 559 "hwservicemanage" 7fbd23e000 a41d
           <...>-559   [000] ...1  6310.624364: do_swap_page: prefetch miss 559 "hwservicemanage" 7fbd23e000 a41d
           <...>-559   [000] ...1  6310.624380: do_swap_page: prefetch miss 559 "hwservicemanage" 7fbd2bc000 1764b1
           <...>-1234  [000] ...1  6310.624546: do_swap_page: prefetch miss 920 "Binder:920_1" fffef000 17e469
           <...>-559   [000] ....  6310.624792: do_swap_page: prefetch miss 559 "hwservicemanage" 7fbd246000 a41f
           <...>-559   [000] ...1  6310.626640: do_swap_page: prefetch miss 559 "hwservicemanage" 7fbd246000 a41f
           <...>-559   [000] ....  6310.626717: do_swap_page: prefetch miss 559 "hwservicemanage" 7fbd286000 a420
           <...>-559   [000] ...1  6310.628516: do_swap_page: prefetch miss 559 "hwservicemanage" 7fbd286000 a420
           <...>-559   [000] ....  6310.628593: do_swap_page: prefetch miss 559 "hwservicemanage" 7fbd268000 a421
           <...>-559   [000] ...1  6310.630686: do_swap_page: prefetch miss 559 "hwservicemanage" 7fbd268000 a421
           <...>-559   [000] ....  6310.630764: do_swap_page: prefetch miss 559 "hwservicemanage" 7fbd272000 a422
           <...>-559   [000] ...1  6310.632845: do_swap_page: prefetch miss 559 "hwservicemanage" 7fbd272000 a422
           <...>-559   [000] ....  6310.632941: do_swap_page: prefetch miss 559 "hwservicemanage" 7fbd28b000 a423
           <...>-559   [000] ...1  6310.635349: do_swap_page: prefetch miss 559 "hwservicemanage" 7fbd28b000 a423
           <...>-1234  [000] ...1  6310.635556: do_swap_page: prefetch miss 920 "Binder:920_1" f7a13000 1764b6
           <...>-942   [003] ...1  6310.635637: do_swap_page: prefetch miss 942 "omx@1.0-service" f7c0d000 1764c2
           <...>-942   [003] ...1  6310.635659: do_swap_page: prefetch miss 942 "omx@1.0-service" fffef000 1764c3
           <...>-942   [003] ....  6310.635692: do_swap_page: prefetch miss 942 "omx@1.0-service" f6fea000 a46a
           <...>-942   [003] ...1  6310.637600: do_swap_page: prefetch miss 942 "omx@1.0-service" f6fea000 a46a
           <...>-942   [003] ...1  6310.637613: do_swap_page: prefetch miss 942 "omx@1.0-service" f7bd1000 1764c4
           <...>-942   [003] ...1  6310.637622: do_swap_page: prefetch miss 942 "omx@1.0-service" f7bc9000 1764c5
           <...>-942   [003] ....  6310.637652: do_swap_page: prefetch miss 942 "omx@1.0-service" f7dde000 a46d
           <...>-942   [003] ...1  6310.639513: do_swap_page: prefetch miss 942 "omx@1.0-service" f7dde000 a46d
           <...>-942   [003] ....  6310.639542: do_swap_page: prefetch miss 942 "omx@1.0-service" f7fef000 a46e
           <...>-942   [003] ...1  6310.641337: do_swap_page: prefetch miss 942 "omx@1.0-service" f7fef000 a46e
           <...>-942   [003] ...1  6310.641358: do_swap_page: prefetch miss 942 "omx@1.0-service" f7ba5000 1764c6
           <...>-942   [003] ...1  6310.641367: do_swap_page: prefetch miss 942 "omx@1.0-service" f7baf000 1764c7
           <...>-942   [003] ...1  6310.641376: do_swap_page: prefetch miss 942 "omx@1.0-service" f7bfe000 1764c8
           <...>-942   [003] ...1  6310.641392: do_swap_page: prefetch miss 942 "omx@1.0-service" f67ba000 1764c9
           <...>-942   [003] ...1  6310.641405: do_swap_page: prefetch miss 942 "omx@1.0-service" f7ba4000 1764ca
           <...>-942   [003] ...1  6310.641419: do_swap_page: prefetch miss 942 "omx@1.0-service" f7bb9000 1764cb
           <...>-942   [003] ....  6310.641449: do_swap_page: prefetch miss 942 "omx@1.0-service" f6b72000 a475
           <...>-942   [003] ...1  6310.645657: do_swap_page: prefetch miss 942 "omx@1.0-service" f6b72000 a475
           <...>-942   [003] ....  6310.645679: do_swap_page: prefetch miss 942 "omx@1.0-service" f6fed000 a476
           <...>-942   [003] ...1  6310.647611: do_swap_page: prefetch miss 942 "omx@1.0-service" f6fed000 a476
           <...>-942   [003] ...1  6310.647625: do_swap_page: prefetch miss 942 "omx@1.0-service" f7ba8000 1764cc
           <...>-942   [003] ...1  6310.647641: do_swap_page: prefetch miss 942 "omx@1.0-service" f7b9f000 1764cd
           <...>-942   [003] ...1  6310.647656: do_swap_page: prefetch miss 942 "omx@1.0-service" f7bc1000 17e46b
           <...>-942   [003] ...1  6310.647668: do_swap_page: prefetch miss 942 "omx@1.0-service" f7bb3000 17e46c
           <...>-942   [003] ...1  6310.647677: do_swap_page: prefetch miss 942 "omx@1.0-service" f7c38000 17e46d
           <...>-942   [003] ...1  6310.647723: do_swap_page: prefetch miss 942 "omx@1.0-service" f7c3b000 17e46e
           <...>-942   [003] ...1  6310.647732: do_swap_page: prefetch miss 942 "omx@1.0-service" f7c3d000 17e46f
           <...>-942   [003] ....  6310.647765: do_swap_page: prefetch miss 942 "omx@1.0-service" f5f06000 424e8
           <...>-942   [003] ...1  6310.649763: do_swap_page: prefetch miss 942 "omx@1.0-service" f5f06000 424e8
           <...>-942   [003] ....  6310.649789: do_swap_page: prefetch miss 942 "omx@1.0-service" f5f00000 424e9
           <...>-942   [003] ...1  6310.651871: do_swap_page: prefetch miss 942 "omx@1.0-service" f5f00000 424e9
           <...>-942   [003] ...1  6310.651885: do_swap_page: prefetch miss 942 "omx@1.0-service" f7ba6000 17e470
           <...>-942   [003] ...1  6310.651900: do_swap_page: prefetch miss 942 "omx@1.0-service" f7bc3000 17e471
           <...>-942   [003] ....  6310.652052: do_swap_page: prefetch miss 942 "omx@1.0-service" f5f07000 e42a
           <...>-1234  [003] ...1  6310.652245: do_swap_page: prefetch miss 920 "Binder:920_1" f569e000 17e472
           <...>-1234  [003] ...1  6310.652263: do_swap_page: prefetch miss 920 "Binder:920_1" f72fb000 17e473
           <...>-1234  [003] ...1  6310.652287: do_swap_page: prefetch miss 920 "Binder:920_1" f35d7000 18246a
           <...>-1234  [003] ....  6310.652396: do_swap_page: prefetch miss 920 "Binder:920_1" f6d23000 e429
           <...>-942   [003] ...1  6310.654181: do_swap_page: prefetch miss 942 "omx@1.0-service" f5f07000 e42a
           <...>-1234  [003] ...1  6310.654224: do_swap_page: prefetch miss 920 "Binder:920_1" f6d23000 e429
           <...>-1234  [003] ...1  6310.654359: do_swap_page: prefetch miss 920 "Binder:920_1" f7a25000 17e462
           <...>-559   [000] ...1  6310.654485: do_swap_page: prefetch miss 559 "hwservicemanage" 7fbd245000 18245a
           <...>-559   [000] ...1  6310.654500: do_swap_page: prefetch miss 559 "hwservicemanage" 7fbd238000 18245b
           <...>-559   [000] ....  6310.654642: do_swap_page: prefetch miss 559 "hwservicemanage" 7fbd21c000 464d5
           <...>-559   [000] ...1  6310.656286: do_swap_page: prefetch miss 559 "hwservicemanage" 7fbd21c000 464d5
  HwBinder:950_6-2160  [001] ...1  6310.656839: do_swap_page: prefetch miss 950 "HwBinder:950_6" 2655556000 1764d7
  HwBinder:950_6-2160  [001] ...1  6310.656908: do_swap_page: prefetch miss 950 "HwBinder:950_6" 2a55552000 17a49e
  HwBinder:950_6-2160  [001] ...1  6310.656921: do_swap_page: prefetch miss 950 "HwBinder:950_6" 2755553000 17a484
  HwBinder:950_6-2160  [001] ...1  6310.656950: do_swap_page: prefetch miss 950 "HwBinder:950_6" 195555f000 1824d9
  HwBinder:950_6-2160  [001] ...1  6310.656962: do_swap_page: prefetch miss 950 "HwBinder:950_6" 1755559000 17a4a5
  HwBinder:950_6-2160  [001] ...1  6310.656999: do_swap_page: prefetch miss 950 "HwBinder:950_6" 7fbd77f000 17a489
  HwBinder:950_6-2160  [001] ...1  6310.657016: do_swap_page: prefetch miss 950 "HwBinder:950_6" 195555c000 17a48a
  HwBinder:950_6-2160  [001] ...1  6310.657029: do_swap_page: prefetch miss 950 "HwBinder:950_6" 1855561000 17a48b
  HwBinder:950_6-2160  [001] ...1  6310.657042: do_swap_page: prefetch miss 950 "HwBinder:950_6" 185555b000 17a48c
  HwBinder:950_6-2160  [001] ...1  6310.657055: do_swap_page: prefetch miss 950 "HwBinder:950_6" 205555e000 17a48d
  HwBinder:950_6-2160  [001] ...1  6310.657075: do_swap_page: prefetch miss 950 "HwBinder:950_6" 7fbd536000 17a48e
  HwBinder:950_6-2160  [001] ...1  6310.657084: do_swap_page: prefetch miss 950 "HwBinder:950_6" 2655559000 17a48f
  HwBinder:950_6-2160  [001] ...1  6310.657094: do_swap_page: prefetch miss 950 "HwBinder:950_6" 1855560000 17a490
  HwBinder:950_6-2160  [001] ...1  6310.657111: do_swap_page: prefetch miss 950 "HwBinder:950_6" 7fbc9ab000 17a491
  HwBinder:950_6-2160  [001] ...1  6310.657121: do_swap_page: prefetch miss 950 "HwBinder:950_6" 7fbe362000 17a4a4
  HwBinder:950_6-2160  [001] ...1  6310.657132: do_swap_page: prefetch miss 950 "HwBinder:950_6" 7fbe361000 17a492
    mediaswcodec-950   [003] ....  6310.657728: do_swap_page: prefetch miss 950 "mediaswcodec" 7fbe366000 e42d
  HwBinder:950_6-2160  [001] ....  6310.657801: do_swap_page: prefetch miss 950 "HwBinder:950_6" 7fbc3d3000 e443
  HwBinder:950_6-2160  [005] ...1  6310.660415: do_swap_page: prefetch miss 950 "HwBinder:950_6" 7fbc3d3000 e443
    mediaswcodec-950   [006] ...1  6310.660434: do_swap_page: prefetch miss 950 "mediaswcodec" 7fbe366000 e42d
    mediaswcodec-950   [006] ...1  6310.660441: do_swap_page: prefetch miss 950 "mediaswcodec" 2a5555b000 17a485
    mediaswcodec-950   [006] ...1  6310.660458: do_swap_page: prefetch miss 950 "mediaswcodec" 195555d000 17a486
    mediaswcodec-950   [006] ...1  6310.660498: do_swap_page: prefetch miss 950 "mediaswcodec" 1a5555d000 17a4a2
    mediaswcodec-950   [006] ...1  6310.660501: do_swap_page: prefetch miss 950 "mediaswcodec" 185555f000 17a4a3
    mediaswcodec-950   [006] ...1  6310.660516: do_swap_page: prefetch miss 950 "mediaswcodec" 7fbe360000 17a493
    mediaswcodec-950   [006] ...1  6310.660532: do_swap_page: prefetch miss 950 "mediaswcodec" 1955565000 17a49f
    mediaswcodec-950   [006] ...1  6310.660546: do_swap_page: prefetch miss 950 "mediaswcodec" 1a5556b000 17a4a8
    mediaswcodec-950   [006] ...1  6310.660549: do_swap_page: prefetch miss 950 "mediaswcodec" 1a5556f000 17a4a9
    mediaswcodec-950   [006] ...1  6310.660551: do_swap_page: prefetch miss 950 "mediaswcodec" 1a55558000 17e474
    mediaswcodec-950   [006] ...1  6310.660555: do_swap_page: prefetch miss 950 "mediaswcodec" 1a55569000 17e475
    mediaswcodec-950   [006] ...1  6310.660557: do_swap_page: prefetch miss 950 "mediaswcodec" 1a5555e000 17e476
    mediaswcodec-950   [006] ...1  6310.660562: do_swap_page: prefetch miss 950 "mediaswcodec" 1a55559000 17e477
    mediaswcodec-950   [006] ...1  6310.660565: do_swap_page: prefetch miss 950 "mediaswcodec" 1a55568000 1764ce
    mediaswcodec-950   [006] ...1  6310.660567: do_swap_page: prefetch miss 950 "mediaswcodec" 1855554000 1764cf
    mediaswcodec-950   [006] ...1  6310.660571: do_swap_page: prefetch miss 950 "mediaswcodec" 205555c000 1764d0
    mediaswcodec-950   [006] ...1  6310.660672: do_swap_page: prefetch miss 950 "mediaswcodec" 185555a000 1764d3
  HwBinder:950_6-2160  [005] ...1  6310.660757: do_swap_page: prefetch miss 950 "HwBinder:950_6" 7fbd43d000 1764de
  HwBinder:950_6-2160  [005] ....  6310.660811: do_swap_page: prefetch miss 950 "HwBinder:950_6" 7fbdad5000 a486
  HwBinder:950_6-2160  [005] ...1  6310.662907: do_swap_page: prefetch miss 950 "HwBinder:950_6" 7fbdad5000 a486
  HwBinder:950_6-2160  [005] ....  6310.662938: do_swap_page: prefetch miss 950 "HwBinder:950_6" 7f3c4ed000 a487
  HwBinder:950_6-2160  [005] ...1  6310.664922: do_swap_page: prefetch miss 950 "HwBinder:950_6" 7f3c4ed000 a487
  HwBinder:950_6-2160  [005] ...1  6310.664956: do_swap_page: prefetch miss 950 "HwBinder:950_6" 1a55556000 1764e0
  HwBinder:950_6-2160  [005] ...1  6310.664959: do_swap_page: prefetch miss 950 "HwBinder:950_6" 1a55579000 1764e1
  HwBinder:950_6-2160  [005] ...1  6310.664965: do_swap_page: prefetch miss 950 "HwBinder:950_6" 1a55554000 1764d2
           <...>-1234  [005] ...1  6310.665050: do_swap_page: prefetch miss 920 "Binder:920_1" f3602000 1764c1
           <...>-1234  [005] ...1  6310.665055: do_swap_page: prefetch miss 920 "Binder:920_1" f3605000 1764d5
           <...>-1234  [000] ...1  6310.665616: do_swap_page: prefetch miss 920 "Binder:920_1" f3604000 1764d4
           <...>-6569  [003] ...1  6310.665806: do_swap_page: prefetch miss 835 "HwBinder:835_5" f7a35000 1764e3
           <...>-6569  [003] ...1  6310.665833: do_swap_page: prefetch miss 835 "HwBinder:835_5" f7a5f000 1764e4
           <...>-6569  [003] ....  6310.665982: do_swap_page: prefetch miss 835 "HwBinder:835_5" f7a27000 464da
           <...>-6569  [003] ...1  6310.667891: do_swap_page: prefetch miss 835 "HwBinder:835_5" f7a27000 464da
           <...>-6569  [003] ....  6310.668005: do_swap_page: prefetch miss 835 "HwBinder:835_5" f7a14000 464db
           <...>-6569  [003] ...1  6310.670329: do_swap_page: prefetch miss 835 "HwBinder:835_5" f7a14000 464db
           <...>-6569  [003] ...1  6310.670482: do_swap_page: prefetch miss 835 "HwBinder:835_5" f7a29000 1764e5
  HwBinder:835_2-1226  [003] ...1  6310.670761: do_swap_page: prefetch miss 835 "HwBinder:835_2" f7a72000 1764e7
  HwBinder:835_2-1226  [003] ....  6310.670835: do_swap_page: prefetch miss 835 "HwBinder:835_2" f7ab0000 464de
  HwBinder:835_2-1226  [003] ...1  6310.673758: do_swap_page: prefetch miss 835 "HwBinder:835_2" f7ab0000 464de
  HwBinder:835_2-1226  [003] ...1  6310.674108: do_swap_page: prefetch miss 835 "HwBinder:835_2" f6b71000 1764e8
  HwBinder:835_2-1226  [003] ....  6310.674219: do_swap_page: prefetch miss 835 "HwBinder:835_2" f7a63000 464e0
  HwBinder:835_2-1226  [003] ...1  6310.676076: do_swap_page: prefetch miss 835 "HwBinder:835_2" f7a63000 464e0
           <...>-1234  [003] ...1  6310.676325: do_swap_page: prefetch miss 920 "Binder:920_1" f3506000 1764eb
    Binder:920_3-2049  [005] ...1  6310.676857: do_swap_page: prefetch miss 920 "Binder:920_3" f7a52000 1764ed
    Binder:920_3-2049  [005] ...1  6310.676861: do_swap_page: prefetch miss 920 "Binder:920_3" f3554000 17e47a
    Binder:920_3-2049  [005] ...1  6310.676866: do_swap_page: prefetch miss 920 "Binder:920_3" f74a9000 1764ec
    Binder:920_3-2049  [005] ...1  6310.677148: do_swap_page: prefetch miss 920 "Binder:920_3" f7a53000 1824de
    Binder:920_3-2049  [005] ...1  6310.677153: do_swap_page: prefetch miss 920 "Binder:920_3" f35c6000 1764ee
    Binder:920_3-2049  [005] ...1  6310.677171: do_swap_page: prefetch miss 920 "Binder:920_3" f3585000 1764ef
    Binder:920_3-2049  [005] ...1  6310.677199: do_swap_page: prefetch miss 920 "Binder:920_3" f35cb000 17e478
    Binder:920_3-2049  [005] ...1  6310.677209: do_swap_page: prefetch miss 920 "Binder:920_3" f3555000 17e456
    Binder:920_3-2049  [005] ...1  6310.677225: do_swap_page: prefetch miss 920 "Binder:920_3" f7b02000 17e46a
 .candycrushsaga-6400  [001] ...1  6310.677928: do_swap_page: prefetch miss 6400 ".candycrushsaga" 7f21463000 19246d
         generic-29423 [002] ...1  6310.677942: do_swap_page: prefetch miss 920 "NuPlayerDriver " f7a0e000 17a4ab
         generic-29423 [002] ...1  6310.677957: do_swap_page: prefetch miss 920 "NuPlayerDriver " f7a0f000 17a4ac
         generic-29423 [002] ...1  6310.677991: do_swap_page: prefetch miss 920 "NuPlayerDriver " f7a03000 17a4ad
 .candycrushsaga-6400  [001] ...1  6310.678027: do_swap_page: prefetch miss 6400 ".candycrushsaga" 7f2930a000 19246e
 .candycrushsaga-6400  [001] ...1  6310.678037: do_swap_page: prefetch miss 6400 ".candycrushsaga" 7ecafe2000 19246f
 .candycrushsaga-6400  [001] ...1  6310.678050: do_swap_page: prefetch miss 6400 ".candycrushsaga" 7f29308000 192470
 .candycrushsaga-6400  [001] ...1  6310.678079: do_swap_page: prefetch miss 6400 ".candycrushsaga" 7fbbc40000 192471
         generic-29423 [002] ...1  6310.678121: do_swap_page: prefetch miss 920 "generic" f612e000 17a4ae
         generic-29423 [002] ...1  6310.678153: do_swap_page: prefetch miss 920 "generic" f7a45000 17e47e
 .candycrushsaga-6400  [001] ....  6310.678186: do_swap_page: prefetch miss 6400 ".candycrushsaga" 7e8c92d000 2e464
         generic-29423 [001] ....  6310.678231: do_swap_page: prefetch miss 920 "generic" f590f000 a4a7
         generic-29423 [002] ...1  6310.681518: do_swap_page: prefetch miss 920 "generic" f590f000 a4a7
 .candycrushsaga-6400  [001] ...1  6310.681661: do_swap_page: prefetch miss 6400 ".candycrushsaga" 7e8c92d000 2e464
 .candycrushsaga-6400  [001] ...1  6310.681679: do_swap_page: prefetch miss 6400 ".candycrushsaga" 7f292fc000 192472
 .candycrushsaga-6400  [001] ...1  6310.681715: do_swap_page: prefetch miss 6400 ".candycrushsaga" 7e8da10000 192473
 .candycrushsaga-6400  [001] ...1  6310.681725: do_swap_page: prefetch miss 6400 ".candycrushsaga" 7e8da84000 18a4bd
 .candycrushsaga-6400  [001] ...1  6310.681733: do_swap_page: prefetch miss 6400 ".candycrushsaga" 7e8da2a000 18a4be
 .candycrushsaga-6400  [001] ...1  6310.681791: do_swap_page: prefetch miss 6400 ".candycrushsaga" 7fbbc3d000 18a4bf
 .candycrushsaga-6400  [001] ...1  6310.681878: do_swap_page: prefetch miss 6400 ".candycrushsaga" 7f292f7000 18a4c0
 .candycrushsaga-6400  [001] ...1  6310.681890: do_swap_page: prefetch miss 6400 ".candycrushsaga" 7ecafcd000 18a4c1
 .candycrushsaga-6400  [001] ...1  6310.681897: do_swap_page: prefetch miss 6400 ".candycrushsaga" 7ecafe1000 18a4c2
 .candycrushsaga-6400  [001] ...1  6310.681906: do_swap_page: prefetch miss 6400 ".candycrushsaga" 7fbbc30000 18a4c3
 .candycrushsaga-6400  [001] ...1  6310.681916: do_swap_page: prefetch miss 6400 ".candycrushsaga" 7ecafcc000 18a4c4
 .candycrushsaga-6400  [001] ...1  6310.681926: do_swap_page: prefetch miss 6400 ".candycrushsaga" 7e8df5c000 18a4c5
 .candycrushsaga-6400  [001] ....  6310.682071: do_swap_page: prefetch miss 6400 ".candycrushsaga" 7e9a796000 2e46f
    Binder:917_4-5214  [000] ...1  6310.682086: do_swap_page: prefetch miss 917 "Binder:917_4" 265555d000 17e4d5
    Binder:917_4-5214  [000] ...1  6310.682212: do_swap_page: prefetch miss 917 "Binder:917_4" 2955559000 17e4da
    Binder:917_4-5214  [000] ...1  6310.682223: do_swap_page: prefetch miss 917 "Binder:917_4" 2755552000 17a4b2
    Binder:917_4-5214  [000] ...1  6310.682243: do_swap_page: prefetch miss 917 "Binder:917_4" 1a5555e000 182494
    Binder:917_4-5214  [000] ...1  6310.682252: do_swap_page: prefetch miss 917 "Binder:917_4" 1a55561000 17a4d8
    Binder:917_4-5214  [000] ...1  6310.682271: do_swap_page: prefetch miss 917 "Binder:917_4" 195555c000 17a4d9
    Binder:917_4-5214  [000] ...1  6310.682291: do_swap_page: prefetch miss 917 "Binder:917_4" 1755555000 17a4c6
    Binder:917_4-5214  [000] ...1  6310.682301: do_swap_page: prefetch miss 917 "Binder:917_4" 3655558000 1824c7
    Binder:917_4-5214  [000] ...1  6310.682314: do_swap_page: prefetch miss 917 "Binder:917_4" 7fbbebb000 17e483
    Binder:917_4-5214  [000] ...1  6310.682324: do_swap_page: prefetch miss 917 "Binder:917_4" 1855560000 17e484
    Binder:917_4-5214  [000] ...1  6310.682338: do_swap_page: prefetch miss 917 "Binder:917_4" 1c5555a000 17a4b5
    Binder:917_4-5214  [000] ....  6310.682483: do_swap_page: prefetch miss 917 "Binder:917_4" 7fbd354000 6457
 .candycrushsaga-6400  [001] ...1  6310.683823: do_swap_page: prefetch miss 6400 ".candycrushsaga" 7e9a796000 2e46f
    Binder:917_4-5214  [000] ...1  6310.683846: do_swap_page: prefetch miss 917 "Binder:917_4" 7fbd354000 6457
    Binder:917_4-5214  [000] ....  6310.683880: do_swap_page: prefetch miss 917 "Binder:917_4" 7fbcfd4000 6458
 .candycrushsaga-6400  [000] ....  6310.683902: do_swap_page: prefetch miss 6400 ".candycrushsaga" 7e9a797000 2e470
 .candycrushsaga-6400  [001] ...1  6310.685693: do_swap_page: prefetch miss 6400 ".candycrushsaga" 7e9a797000 2e470
    Binder:917_4-5214  [000] ...1  6310.685707: do_swap_page: prefetch miss 917 "Binder:917_4" 7fbcfd4000 6458
 .candycrushsaga-6400  [001] ...1  6310.685713: do_swap_page: prefetch miss 6400 ".candycrushsaga" 7ecafcb000 18a4c7
    Binder:917_4-5214  [000] ...1  6310.685719: do_swap_page: prefetch miss 917 "Binder:917_4" 7fbcfd3000 18246e
    Binder:917_4-5214  [000] ...1  6310.685731: do_swap_page: prefetch miss 917 "Binder:917_4" 7fbd1dd000 18246f
    Binder:917_4-5214  [000] ...1  6310.685742: do_swap_page: prefetch miss 917 "Binder:917_4" 7fbe359000 182471
    Binder:917_4-5214  [000] ...1  6310.685756: do_swap_page: prefetch miss 917 "Binder:917_4" 7fbe358000 17a4da
    Binder:917_4-5214  [000] ...1  6310.685771: do_swap_page: prefetch miss 917 "Binder:917_4" 1d5555f000 182472
    Binder:917_4-5214  [000] ...1  6310.685786: do_swap_page: prefetch miss 917 "Binder:917_4" 7fbcc6c000 182473
 .candycrushsaga-6400  [001] ....  6310.685801: do_swap_page: prefetch miss 6400 ".candycrushsaga" 7e8d979000 2e472
    Binder:917_4-5214  [000] ....  6310.685866: do_swap_page: prefetch miss 917 "Binder:917_4" 1d55554000 645f
 .candycrushsaga-6400  [001] ...1  6310.687646: do_swap_page: prefetch miss 6400 ".candycrushsaga" 7e8d979000 2e472
    Binder:917_4-5214  [000] ...1  6310.687666: do_swap_page: prefetch miss 917 "Binder:917_4" 1d55554000 645f
    Binder:917_4-5214  [000] ...1  6310.687682: do_swap_page: prefetch miss 917 "Binder:917_4" 3955560000 182474
    Binder:917_4-5214  [000] ...1  6310.687703: do_swap_page: prefetch miss 917 "Binder:917_4" 1f5555e000 17a4bd
    Binder:917_4-5214  [000] ...1  6310.687715: do_swap_page: prefetch miss 917 "Binder:917_4" 1855553000 18248c
 .candycrushsaga-6400  [001] ....  6310.687725: do_swap_page: prefetch miss 6400 ".candycrushsaga" 7e8df92000 17645a
    Binder:917_4-5214  [000] ...1  6310.687731: do_swap_page: prefetch miss 917 "Binder:917_4" 1855555000 18247a
    Binder:917_4-5214  [000] ...1  6310.687908: do_swap_page: prefetch miss 917 "Binder:917_4" 1755570000 18249a
    Binder:917_4-5214  [000] ...1  6310.687923: do_swap_page: prefetch miss 917 "Binder:917_4" 1e55556000 186409
    Binder:917_4-5214  [000] ....  6310.688012: do_swap_page: prefetch miss 917 "Binder:917_4" 7fbbbae000 246e
 .candycrushsaga-6400  [007] ...1  6310.690439: do_swap_page: prefetch miss 6400 ".candycrushsaga" 7e8df92000 17645a
 .candycrushsaga-6400  [007] ....  6310.690473: do_swap_page: prefetch miss 6400 ".candycrushsaga" 7e8de24000 16a4c9
    Binder:917_4-5214  [000] ...1  6310.690518: do_swap_page: prefetch miss 917 "Binder:917_4" 7fbbbae000 246e
    Binder:917_4-5214  [000] ...1  6310.690536: do_swap_page: prefetch miss 917 "Binder:917_4" 2055563000 17e4fc
    Binder:917_4-5214  [000] ...1  6310.690554: do_swap_page: prefetch miss 917 "Binder:917_4" 1d5555e000 17e4f7
    Binder:917_4-5214  [000] ...1  6310.690563: do_swap_page: prefetch miss 917 "Binder:917_4" 185555d000 17a4b7
    Binder:917_4-5214  [000] ...1  6310.690576: do_swap_page: prefetch miss 917 "Binder:917_4" 1855558000 1764f4
    Binder:917_4-5214  [000] ...1  6310.690586: do_swap_page: prefetch miss 917 "Binder:917_4" 1855554000 186403
    Binder:917_4-5214  [000] ...1  6310.690594: do_swap_page: prefetch miss 917 "Binder:917_4" 1d5555c000 17e4ea
    Binder:917_4-5214  [000] ...1  6310.690603: do_swap_page: prefetch miss 917 "Binder:917_4" 1855557000 182476
    Binder:917_4-5214  [000] ...1  6310.690614: do_swap_page: prefetch miss 917 "Binder:917_4" 7fbccb4000 17a4b8
    Binder:917_4-5214  [000] ....  6310.690708: do_swap_page: prefetch miss 917 "Binder:917_4" 7f36d37000 e457
 .candycrushsaga-6400  [007] ...1  6310.692388: do_swap_page: prefetch miss 6400 ".candycrushsaga" 7e8de24000 16a4c9
 .candycrushsaga-6400  [007] ...1  6310.692393: do_swap_page: prefetch miss 6400 ".candycrushsaga" 7e8d976000 18a4c8
 .candycrushsaga-6400  [007] ...1  6310.692404: do_swap_page: prefetch miss 6400 ".candycrushsaga" 7e9a4aa000 18a4c9
 .candycrushsaga-6400  [007] ....  6310.692441: do_swap_page: prefetch miss 6400 ".candycrushsaga" 7ee4080000 16a4ca
    Binder:917_4-5214  [000] ...1  6310.692542: do_swap_page: prefetch miss 917 "Binder:917_4" 7f36d37000 e457
    Binder:917_4-5214  [000] ...1  6310.692555: do_swap_page: prefetch miss 917 "Binder:917_4" 1a55555000 17a4bb
    Binder:917_4-5214  [000] ...1  6310.692571: do_swap_page: prefetch miss 917 "Binder:917_4" 1755562000 18249c
    Binder:917_4-5214  [000] ....  6310.692672: do_swap_page: prefetch miss 917 "Binder:917_4" 7f36d5e000 e45a
 .candycrushsaga-6400  [007] ...1  6310.694727: do_swap_page: prefetch miss 6400 ".candycrushsaga" 7ee4080000 16a4ca
 .candycrushsaga-6400  [007] ....  6310.694750: do_swap_page: prefetch miss 6400 ".candycrushsaga" 7e8df93000 2e479
    Binder:917_4-5214  [000] ...1  6310.694794: do_swap_page: prefetch miss 917 "Binder:917_4" 7f36d5e000 e45a
    Binder:917_4-5214  [000] ....  6310.694888: do_swap_page: prefetch miss 917 "Binder:917_4" 1d5555d000 564b5
 .candycrushsaga-6400  [007] ...1  6310.696849: do_swap_page: prefetch miss 6400 ".candycrushsaga" 7e8df93000 2e479
 .candycrushsaga-6400  [007] ...1  6310.696857: do_swap_page: prefetch miss 6400 ".candycrushsaga" 7ee4084000 18a4ca
 .candycrushsaga-6400  [007] ....  6310.696876: do_swap_page: prefetch miss 6400 ".candycrushsaga" 7f28a83000 2e47b
    Binder:917_4-5214  [000] ...1  6310.696935: do_swap_page: prefetch miss 917 "Binder:917_4" 1d5555d000 564b5
    Binder:917_4-5214  [000] ...1  6310.696981: do_swap_page: prefetch miss 917 "Binder:917_4" 2055552000 17a4be
    Binder:917_4-5214  [000] ...1  6310.697002: do_swap_page: prefetch miss 917 "Binder:917_4" 265555c000 17e4aa
           <...>-846   [000] ....  6310.697226: do_swap_page: prefetch miss 846 "ashmemd" 7fbe491000 643e
    GLThread 448-6461  [005] ...1  6310.698894: do_swap_page: prefetch miss 6400 "GLThread 448" 7eacc43000 196468
 .candycrushsaga-6400  [007] ...1  6310.698911: do_swap_page: prefetch miss 6400 ".candycrushsaga" 7f28a83000 2e47b
 .candycrushsaga-6400  [007] ...1  6310.698916: do_swap_page: prefetch miss 6400 ".candycrushsaga" 7e8d9f5000 18a4cb
 .candycrushsaga-6400  [007] ...1  6310.698927: do_swap_page: prefetch miss 6400 ".candycrushsaga" 7e8dc43000 18e47e
 .candycrushsaga-6400  [007] ...1  6310.698934: do_swap_page: prefetch miss 6400 ".candycrushsaga" 7e9ada1000 18e47f
    GLThread 448-6461  [005] ...1  6310.698993: do_swap_page: prefetch miss 6400 "GLThread 448" 7e9a5a4000 18e46f
 .candycrushsaga-6400  [007] ...1  6310.699037: do_swap_page: prefetch miss 6400 ".candycrushsaga" 7ecf44e000 19a41c
 .candycrushsaga-6400  [007] ...1  6310.699188: do_swap_page: prefetch miss 6400 ".candycrushsaga" 9e938000 1924bc
 .candycrushsaga-6400  [007] ....  6310.699235: do_swap_page: prefetch miss 6400 ".candycrushsaga" 9e950000 17e401
           <...>-6672  [007] ...1  6310.699251: do_swap_page: prefetch miss 6400 "Chrome_IOThread" 7eacc3a000 18e481
           <...>-6672  [007] ...1  6310.699254: do_swap_page: prefetch miss 6400 "Chrome_IOThread" 7e9a0ed000 18e482
           <...>-6672  [007] ...1  6310.699259: do_swap_page: prefetch miss 6400 "Chrome_IOThread" 7e8e16c000 18e483
           <...>-6672  [007] ...1  6310.699261: do_swap_page: prefetch miss 6400 "Chrome_IOThread" 7eacc3b000 18e484
           <...>-6672  [007] ....  6310.699277: do_swap_page: prefetch miss 6400 "Chrome_IOThread" 7e8e16d000 16a4d2
           <...>-6431  [007] ...1  6310.699303: do_swap_page: prefetch miss 6400 "AsyncTask #3" 7ecb1a1000 18e48b
           <...>-846   [000] ...1  6310.699449: do_swap_page: prefetch miss 846 "ashmemd" 7fbe491000 643e
           <...>-2584  [006] ...1  6310.699691: do_swap_page: prefetch miss 2560 "Binder:2560_2" 7ed3539000 196467
           <...>-846   [001] ....  6310.699701: do_swap_page: prefetch miss 846 "ashmemd" 7fbde69000 a439
           <...>-2584  [006] ....  6310.699744: do_swap_page: prefetch miss 2560 "Binder:2560_2" 7ed34ef000 e465
 .candycrushsaga-6400  [007] ...1  6310.703169: do_swap_page: prefetch miss 6400 ".candycrushsaga" 9e950000 17e401
 .candycrushsaga-6400  [007] ...1  6310.703179: do_swap_page: prefetch miss 6400 ".candycrushsaga" 9e8ef000 1924bd
 .candycrushsaga-6400  [007] ...1  6310.703317: do_swap_page: prefetch miss 6400 ".candycrushsaga" 9e868000 196465
 .candycrushsaga-6400  [007] ...1  6310.703341: do_swap_page: prefetch miss 6400 ".candycrushsaga" 7f28bd2000 196466
           <...>-6672  [007] ...1  6310.703554: do_swap_page: prefetch miss 6400 "Chrome_IOThread" 7e8e16d000 16a4d2
   Binder:1341_B-2810  [005] ....  6310.703557: do_swap_page: prefetch miss 1341 "Binder:1341_B" 9eb0c000 2e481
           <...>-6672  [007] ....  6310.703568: do_swap_page: prefetch miss 6400 "Chrome_IOThread" 7e9a3f2000 16a4d3
           <...>-2584  [005] ...1  6310.703648: do_swap_page: prefetch miss 2560 "Binder:2560_2" 7ed34ef000 e465
           <...>-2584  [005] ...1  6310.703656: do_swap_page: prefetch miss 2560 "Binder:2560_2" 7f233f4000 1924b5
           <...>-846   [000] ...1  6310.703657: do_swap_page: prefetch miss 846 "ashmemd" 7fbde69000 a439
           <...>-2584  [005] ...1  6310.703696: do_swap_page: prefetch miss 2560 "Binder:2560_2" 7ec5135000 1924b6
           <...>-2584  [005] ...1  6310.703698: do_swap_page: prefetch miss 2560 "Binder:2560_2" 7f233f5000 1924b7
           <...>-2584  [005] ...1  6310.703713: do_swap_page: prefetch miss 2560 "Binder:2560_2" 7ed3590000 1924b8
           <...>-846   [000] ....  6310.703741: do_swap_page: prefetch miss 846 "ashmemd" 7fbde6c000 a43a
           <...>-2584  [005] ....  6310.703918: do_swap_page: prefetch miss 2560 "Binder:2560_2" 7f308fa000 6474
   Binder:1341_B-2810  [005] ...1  6310.705854: do_swap_page: prefetch miss 1341 "Binder:1341_B" 9eb0c000 2e481
           <...>-6672  [007] ...1  6310.705884: do_swap_page: prefetch miss 6400 "Chrome_IOThread" 7e9a3f2000 16a4d3
           <...>-6672  [007] ...1  6310.705897: do_swap_page: prefetch miss 6400 "Chrome_IOThread" 7e99ea3000 18e485
           <...>-6672  [007] ....  6310.705906: do_swap_page: prefetch miss 6400 "Chrome_IOThread" 7e99ea1000 16a4d5
   Binder:1341_B-2810  [005] ....  6310.705908: do_swap_page: prefetch miss 1341 "Binder:1341_B" 7f20efa000 324e9
           <...>-846   [000] ...1  6310.705949: do_swap_page: prefetch miss 846 "ashmemd" 7fbde6c000 a43a
           <...>-2584  [005] ...1  6310.705977: do_swap_page: prefetch miss 2560 "Binder:2560_2" 7f308fa000 6474
           <...>-2584  [005] ...1  6310.706003: do_swap_page: prefetch miss 2560 "Binder:2560_2" 7ed359b000 186478
           <...>-846   [000] ....  6310.706051: do_swap_page: prefetch miss 846 "ashmemd" 7fbde68000 a43b
           <...>-2584  [005] ...1  6310.706061: do_swap_page: prefetch miss 2560 "Binder:2560_2" 7f233fe000 1924b9
           <...>-2584  [005] ...1  6310.706438: do_swap_page: prefetch miss 2560 "Binder:2560_2" 7ed3538000 1924be
           <...>-6672  [007] ...1  6310.708087: do_swap_page: prefetch miss 6400 "Chrome_IOThread" 7e99ea1000 16a4d5
           <...>-6672  [007] ....  6310.708104: do_swap_page: prefetch miss 6400 "Chrome_IOThread" 7e99ea4000 16a4d6
           <...>-846   [000] ...1  6310.708447: do_swap_page: prefetch miss 846 "ashmemd" 7fbde68000 a43b
   Binder:1341_B-2810  [005] ...1  6310.708469: do_swap_page: prefetch miss 1341 "Binder:1341_B" 7f20efa000 324e9
   Binder:1341_B-2810  [005] ....  6310.708538: do_swap_page: prefetch miss 1341 "Binder:1341_B" 9eb0b000 2e493
           <...>-846   [000] ....  6310.708668: do_swap_page: prefetch miss 846 "ashmemd" 7fbe2a3000 e412
           <...>-6672  [007] ...1  6310.710097: do_swap_page: prefetch miss 6400 "Chrome_IOThread" 7e99ea4000 16a4d6
           <...>-6672  [007] ...1  6310.710109: do_swap_page: prefetch miss 6400 "Chrome_IOThread" 7ea1646000 18e486
           <...>-6672  [007] ....  6310.710128: do_swap_page: prefetch miss 6400 "Chrome_IOThread" 7e99dfc000 16a4d8
           <...>-846   [000] ...1  6310.710223: do_swap_page: prefetch miss 846 "ashmemd" 7fbe2a3000 e412
   Binder:1341_B-2810  [005] ...1  6310.710234: do_swap_page: prefetch miss 1341 "Binder:1341_B" 9eb0b000 2e493
   Binder:1341_B-2810  [005] ....  6310.710277: do_swap_page: prefetch miss 1341 "Binder:1341_B" 9eb59000 2e495
           <...>-846   [000] ....  6310.710371: do_swap_page: prefetch miss 846 "ashmemd" 7fbd3eb000 e413
           <...>-6672  [007] ...1  6310.711970: do_swap_page: prefetch miss 6400 "Chrome_IOThread" 7e99dfc000 16a4d8
           <...>-6672  [007] ....  6310.711988: do_swap_page: prefetch miss 6400 "Chrome_IOThread" 7e9a199000 16a4d9
           <...>-846   [000] ...1  6310.712067: do_swap_page: prefetch miss 846 "ashmemd" 7fbd3eb000 e413
   Binder:1341_B-2810  [005] ...1  6310.712077: do_swap_page: prefetch miss 1341 "Binder:1341_B" 9eb59000 2e495
   Binder:1341_B-2810  [005] ....  6310.712103: do_swap_page: prefetch miss 1341 "Binder:1341_B" 9ead3000 2e497
           <...>-846   [003] ....  6310.712200: do_swap_page: prefetch miss 846 "ashmemd" 7fbd800000 e414
           <...>-6672  [007] ...1  6310.714278: do_swap_page: prefetch miss 6400 "Chrome_IOThread" 7e9a199000 16a4d9
           <...>-6672  [007] ...1  6310.714285: do_swap_page: prefetch miss 6400 "Chrome_IOThread" 7ecb388000 18e487
           <...>-6672  [007] ...1  6310.714288: do_swap_page: prefetch miss 6400 "Chrome_IOThread" 7e8e01e000 18e488
           <...>-6672  [007] ...1  6310.714292: do_swap_page: prefetch miss 6400 "Chrome_IOThread" 7ecb326000 192474
           <...>-6672  [007] ...1  6310.714301: do_swap_page: prefetch miss 6400 "Chrome_IOThread" 7f28edd000 18a4bc
           <...>-6672  [007] ...1  6310.714304: do_swap_page: prefetch miss 6400 "Chrome_IOThread" 7ecb36d000 192475
           <...>-6672  [007] ...1  6310.714312: do_swap_page: prefetch miss 6400 "Chrome_IOThread" 7f28fd4000 192476
           <...>-6672  [007] ...1  6310.714339: do_swap_page: prefetch miss 6400 "Chrome_IOThread" 7e8da11000 18e489
           <...>-6672  [007] ....  6310.714367: do_swap_page: prefetch miss 6400 "Chrome_IOThread" 7e9a488000 16e495
   Binder:1341_B-2810  [005] ...1  6310.714411: do_swap_page: prefetch miss 1341 "Binder:1341_B" 9ead3000 2e497
           <...>-846   [000] ...1  6310.714447: do_swap_page: prefetch miss 846 "ashmemd" 7fbd800000 e414
   Binder:1341_B-2810  [005] ....  6310.714481: do_swap_page: prefetch miss 1341 "Binder:1341_B" 7f20f05000 2e499
           <...>-846   [000] ....  6310.714603: do_swap_page: prefetch miss 846 "ashmemd" 7fbe0b5000 e415
           <...>-6672  [007] ...1  6310.716471: do_swap_page: prefetch miss 6400 "Chrome_IOThread" 7e9a488000 16e495
           <...>-6672  [007] ...1  6310.716476: do_swap_page: prefetch miss 6400 "Chrome_IOThread" 7e9a882000 18e48a
           <...>-6672  [007] ...1  6310.716495: do_swap_page: prefetch miss 6400 "Chrome_IOThread" 7e8e16b000 18e48c
           <...>-6672  [007] ...1  6310.716499: do_swap_page: prefetch miss 6400 "Chrome_IOThread" 7e8dbbc000 16e498
           <...>-6776  [007] ...1  6310.716530: do_swap_page: prefetch miss 6648 "Chrome_ChildIOT" e219c000 18e48d
           <...>-6776  [007] ...1  6310.716540: do_swap_page: prefetch miss 6648 "Chrome_ChildIOT" cc587000 18e48e
           <...>-6776  [007] ...1  6310.716544: do_swap_page: prefetch miss 6648 "Chrome_ChildIOT" f0db5000 18e48f
           <...>-6776  [007] ....  6310.716555: do_swap_page: prefetch miss 6648 "Chrome_ChildIOT" e21c2000 16e49c
   Binder:1341_B-2810  [005] ...1  6310.716634: do_swap_page: prefetch miss 1341 "Binder:1341_B" 7f20f05000 2e499
           <...>-846   [000] ...1  6310.716652: do_swap_page: prefetch miss 846 "ashmemd" 7fbe0b5000 e415
           <...>-6276  [001] ...1  6310.716714: do_swap_page: prefetch miss 6083 "Binder:6083_4" 7f28ded000 186477
           <...>-6276  [001] ....  6310.716869: do_swap_page: prefetch miss 6083 "Binder:6083_4" 7fbe178000 2a478
           <...>-2531  [005] ...1  6310.717114: do_swap_page: prefetch miss 2051 "Binder:2051_5" 7eccbcc000 1924ba
           <...>-2531  [005] ...1  6310.717121: do_swap_page: prefetch miss 2051 "Binder:2051_5" 7fbe179000 1924bb
    Binder:917_4-5214  [000] ....  6310.717217: do_swap_page: prefetch miss 917 "Binder:917_4" 7fbd975000 e461
   system_server-1341  [005] ....  6310.717245: do_swap_page: prefetch miss 1341 "system_server" 7f20b93000 2a484
           <...>-1365  [006] ....  6310.717972: do_swap_page: prefetch miss 1341 "android.anim" 7f2121a000 324fb
           <...>-6776  [007] ...1  6310.718804: do_swap_page: prefetch miss 6648 "Chrome_ChildIOT" e21c2000 16e49c
           <...>-6776  [007] ...1  6310.718816: do_swap_page: prefetch miss 6648 "Chrome_ChildIOT" f0df7000 18e490
           <...>-6776  [007] ....  6310.718830: do_swap_page: prefetch miss 6648 "Chrome_ChildIOT" d7287000 16e49e
           <...>-6276  [001] ...1  6310.718929: do_swap_page: prefetch miss 6083 "Binder:6083_4" 7fbe178000 2a478
    Binder:917_4-5214  [000] ...1  6310.718952: do_swap_page: prefetch miss 917 "Binder:917_4" 7fbd975000 e461
           <...>-6276  [001] ....  6310.718989: do_swap_page: prefetch miss 6083 "Binder:6083_4" 13007000 17a414
    Binder:917_4-5214  [001] ....  6310.719014: do_swap_page: prefetch miss 917 "Binder:917_4" 7f3bb5f000 6468
   system_server-1341  [005] ...1  6310.719216: do_swap_page: prefetch miss 1341 "system_server" 7f20b93000 2a484
           <...>-1365  [004] ...1  6310.719241: do_swap_page: prefetch miss 1341 "android.anim" 7f2121a000 324fb
           <...>-1365  [006] ....  6310.719381: do_swap_page: prefetch miss 1341 "android.anim" 7f28a5b000 a4fe
           <...>-6776  [007] ...1  6310.721473: do_swap_page: prefetch miss 6648 "Chrome_ChildIOT" d7287000 16e49e
           <...>-6776  [007] ....  6310.721484: do_swap_page: prefetch miss 6648 "Chrome_ChildIOT" d6e87000 16e49f
    Binder:917_4-5214  [000] ...1  6310.721559: do_swap_page: prefetch miss 917 "Binder:917_4" 7f3bb5f000 6468
           <...>-6276  [001] ...1  6310.721577: do_swap_page: prefetch miss 6083 "Binder:6083_4" 13007000 17a414
           <...>-1365  [004] ...1  6310.721583: do_swap_page: prefetch miss 1341 "android.anim" 7f28a5b000 a4fe
    Binder:917_4-5214  [000] ...1  6310.721585: do_swap_page: prefetch miss 917 "Binder:917_4" 1b55552000 17a4d2
    Binder:917_4-5214  [000] ...1  6310.721600: do_swap_page: prefetch miss 917 "Binder:917_4" 185555e000 17e486
    Binder:917_4-5214  [000] ...1  6310.721658: do_swap_page: prefetch miss 917 "Binder:917_4" 1955552000 182481
           <...>-6276  [001] ....  6310.721670: do_swap_page: prefetch miss 6083 "Binder:6083_4" 7fbbc30000 26459
    Binder:917_4-5214  [000] ...1  6310.721671: do_swap_page: prefetch miss 917 "Binder:917_4" 185555a000 182482
    Binder:917_4-5214  [000] ...1  6310.721684: do_swap_page: prefetch miss 917 "Binder:917_4" 1955555000 17e4b4
           <...>-1365  [004] ....  6310.721685: do_swap_page: prefetch miss 1341 "android.anim" 7f28980000 249e
         generic-29423 [000] ...1  6310.721869: do_swap_page: prefetch miss 920 "generic" f7b0c000 182486
         generic-29423 [000] ...1  6310.721882: do_swap_page: prefetch miss 920 "generic" f7b1c000 17a4e0
         generic-29423 [000] ...1  6310.721890: do_swap_page: prefetch miss 920 "generic" f7b10000 17e44e
         generic-29423 [000] ...1  6310.721902: do_swap_page: prefetch miss 920 "generic" f7b1d000 1764f1
         generic-29423 [002] ...1  6310.722013: do_swap_page: prefetch miss 920 "generic" f7b0b000 17e459
         generic-29423 [002] ...1  6310.722044: do_swap_page: prefetch miss 920 "generic" f7a15000 17e44c
    Binder:917_4-5214  [002] ...1  6310.722148: do_swap_page: prefetch miss 917 "Binder:917_4" 1b55555000 17a4e6
    Binder:917_4-5214  [002] ...1  6310.722230: do_swap_page: prefetch miss 917 "Binder:917_4" 1b5555f000 17e485
    Binder:917_4-5214  [002] ...1  6310.722245: do_swap_page: prefetch miss 917 "Binder:917_4" 1955558000 17e48a
    Binder:917_4-5214  [002] ...1  6310.722256: do_swap_page: prefetch miss 917 "Binder:917_4" 185555c000 18248f
         generic-29423 [002] ...1  6310.722326: do_swap_page: prefetch miss 920 "generic" f7a17000 1764b7
    Binder:917_4-5214  [002] ...1  6310.722386: do_swap_page: prefetch miss 917 "Binder:917_4" 175556d000 17e4b6
         generic-29423 [002] ...1  6310.722495: do_swap_page: prefetch miss 920 "generic" f7a4b000 1764f7
    Binder:917_4-5214  [002] ...1  6310.722556: do_swap_page: prefetch miss 917 "Binder:917_4" 1b55561000 17a4d1
    Binder:917_4-5214  [002] ...1  6310.722570: do_swap_page: prefetch miss 917 "Binder:917_4" 175555d000 1764fb
    Binder:917_4-5214  [002] ...1  6310.722801: do_swap_page: prefetch miss 917 "Binder:917_4" 1d55561000 17e4b3
    Binder:917_4-5214  [002] ...1  6310.722818: do_swap_page: prefetch miss 917 "Binder:917_4" 7fbcebd000 182488
    Binder:917_4-5214  [002] ...1  6310.722834: do_swap_page: prefetch miss 917 "Binder:917_4" 3255556000 17e4fb
    Binder:917_4-5214  [002] ...1  6310.722845: do_swap_page: prefetch miss 917 "Binder:917_4" 1a55553000 1824b0
    Binder:917_4-5214  [002] ...1  6310.722856: do_swap_page: prefetch miss 917 "Binder:917_4" 5555552000 18247f
    Binder:917_4-5214  [002] ...1  6310.722867: do_swap_page: prefetch miss 917 "Binder:917_4" 1935553000 17a4b6
    Binder:917_4-5214  [002] ...1  6310.722876: do_swap_page: prefetch miss 917 "Binder:917_4" 1855556000 18247d
    Binder:917_4-5214  [002] ...1  6310.722922: do_swap_page: prefetch miss 917 "Binder:917_4" 185555f000 17e48c
    Binder:917_4-5214  [002] ...1  6310.722957: do_swap_page: prefetch miss 917 "Binder:917_4" 7fbc16d000 18248e
    Binder:917_4-5214  [002] ...1  6310.722969: do_swap_page: prefetch miss 917 "Binder:917_4" 1c55560000 17e487
    Binder:917_4-5214  [002] ....  6310.723078: do_swap_page: prefetch miss 917 "Binder:917_4" 7f3bb5b000 2478
           <...>-6776  [007] ...1  6310.724325: do_swap_page: prefetch miss 6648 "Chrome_ChildIOT" d6e87000 16e49f
           <...>-6776  [007] ...1  6310.724331: do_swap_page: prefetch miss 6648 "Chrome_ChildIOT" f0e08000 18e491
           <...>-6776  [007] ....  6310.724341: do_swap_page: prefetch miss 6648 "Chrome_ChildIOT" f7a2d000 16e4a1
           <...>-1365  [004] ...1  6310.724487: do_swap_page: prefetch miss 1341 "android.anim" 7f28980000 249e
           <...>-1365  [004] ....  6310.724604: do_swap_page: prefetch miss 1341 "android.anim" 7f28a5a000 24a0
           <...>-6276  [001] ...1  6310.724844: do_swap_page: prefetch miss 6083 "Binder:6083_4" 7fbbc30000 26459
           <...>-6276  [001] ....  6310.725017: do_swap_page: prefetch miss 6083 "Binder:6083_4" 13047000 17a42e
    Binder:917_4-5214  [002] ...1  6310.725289: do_swap_page: prefetch miss 917 "Binder:917_4" 7f3bb5b000 2478
    Binder:917_4-5214  [002] ...1  6310.725305: do_swap_page: prefetch miss 917 "Binder:917_4" 195555d000 17e480
    Binder:917_4-5214  [002] ...1  6310.725364: do_swap_page: prefetch miss 917 "Binder:917_4" 1c55555000 17e489
    Binder:917_4-5214  [002] ...1  6310.725375: do_swap_page: prefetch miss 917 "Binder:917_4" 1c5555f000 1764f9
    Binder:917_4-5214  [002] ...1  6310.725407: do_swap_page: prefetch miss 917 "Binder:917_4" 1c55559000 1764fa
    Binder:917_4-5214  [002] ...1  6310.725421: do_swap_page: prefetch miss 917 "Binder:917_4" 1955559000 182483
    Binder:917_4-5214  [002] ...1  6310.725467: do_swap_page: prefetch miss 917 "Binder:917_4" 1a55559000 17a4b4
    Binder:917_4-5214  [002] ...1  6310.725478: do_swap_page: prefetch miss 917 "Binder:917_4" 175556f000 17e4ae
    Binder:917_4-5214  [002] ...1  6310.725529: do_swap_page: prefetch miss 917 "Binder:917_4" 285555c000 18640f
    Binder:917_4-5214  [002] ...1  6310.725541: do_swap_page: prefetch miss 917 "Binder:917_4" 375555e000 17a4de
    Binder:917_4-5214  [002] ...1  6310.725549: do_swap_page: prefetch miss 917 "Binder:917_4" 375555f000 17e4ff
    Binder:917_4-5214  [002] ...1  6310.725577: do_swap_page: prefetch miss 917 "Binder:917_4" 3a55552000 186401
    Binder:917_4-5214  [002] ...1  6310.725586: do_swap_page: prefetch miss 917 "Binder:917_4" 3a55553000 186402
    Binder:917_4-5214  [002] ...1  6310.725593: do_swap_page: prefetch miss 917 "Binder:917_4" 3a55554000 17a4c1
