    Binder:909_3-2171  [006] ...1  3206.103779: do_swap_page: prefetch miss 909 "Binder:909_3" 1d5555c000 157ed
           <...>-6747  [005] ....  3206.103785: do_swap_page: prefetch miss 6625 "Chrome_ChildIOT" e21ec000 25747
           <...>-6310  [000] ...1  3206.103792: do_swap_page: prefetch miss 6067 "Binder:6067_6" 7fbbe6e000 1d7ec
           <...>-6310  [000] ....  3206.103814: do_swap_page: prefetch miss 6067 "Binder:6067_6" 7fbbe6f000 257b8
           <...>-6067  [000] ....  3206.103836: do_swap_page: prefetch miss 6067 "roid.smartboard" 12fd1000 257b4
    Binder:909_3-2171  [006] ....  3206.103844: do_swap_page: prefetch miss 909 "Binder:909_3" 2555555000 576f
           <...>-1369  [004] ...1  3206.105450: do_swap_page: prefetch miss 1338 "android.anim" 7e6a1ab000 2d79c
           <...>-1369  [004] ....  3206.105459: do_swap_page: prefetch miss 1338 "android.anim" 7e6a1ac000 2d79d
           <...>-6067  [001] ...1  3206.106594: do_swap_page: prefetch miss 6067 "roid.smartboard" 12fd1000 257b4
           <...>-6747  [005] ...1  3206.106598: do_swap_page: prefetch miss 6625 "Chrome_ChildIOT" e21ec000 25747
           <...>-6747  [005] ....  3206.106621: do_swap_page: prefetch miss 6625 "Chrome_ChildIOT" e21c2000 29747
    Binder:909_3-2171  [006] ...1  3206.106621: do_swap_page: prefetch miss 909 "Binder:909_3" 2555555000 576f
           <...>-6310  [000] ...1  3206.106629: do_swap_page: prefetch miss 6067 "Binder:6067_6" 7fbbe6f000 257b8
           <...>-6067  [001] ....  3206.106631: do_swap_page: prefetch miss 6067 "roid.smartboard" 7fbdddc000 257b5
    Binder:909_3-2171  [006] ....  3206.106737: do_swap_page: prefetch miss 909 "Binder:909_3" 7fbbb64000 d771
           <...>-6090  [001] ....  3206.107445: do_swap_page: prefetch miss 6067 "Binder:6067_1" 7f28bc9000 29798
           <...>-1369  [004] ...1  3206.107836: do_swap_page: prefetch miss 1338 "android.anim" 7e6a1ac000 2d79d
           <...>-1369  [004] ....  3206.107843: do_swap_page: prefetch miss 1338 "android.anim" 7e6a1ad000 2d79e
           <...>-6747  [005] ...1  3206.109238: do_swap_page: prefetch miss 6625 "Chrome_ChildIOT" e21c2000 29747
           <...>-6747  [005] ....  3206.109251: do_swap_page: prefetch miss 6625 "Chrome_ChildIOT" e2218000 29748
    Binder:909_3-2171  [006] ...1  3206.109322: do_swap_page: prefetch miss 909 "Binder:909_3" 7fbbb64000 d771
           <...>-6090  [001] ...1  3206.109342: do_swap_page: prefetch miss 6067 "Binder:6067_1" 7f28bc9000 29798
    Binder:909_3-2171  [006] ....  3206.109435: do_swap_page: prefetch miss 909 "Binder:909_3" 1835552000 d772
           <...>-1369  [004] ...1  3206.109604: do_swap_page: prefetch miss 1338 "android.anim" 7e6a1ad000 2d79e
           <...>-1369  [004] ....  3206.109610: do_swap_page: prefetch miss 1338 "android.anim" 7e6a1ae000 2d79f
           <...>-6067  [001] ...1  3206.109793: do_swap_page: prefetch miss 6067 "roid.smartboard" 7fbdddc000 257b5
           <...>-6067  [001] ....  3206.109902: do_swap_page: prefetch miss 6067 "roid.smartboard" 12ff7000 257b7
           <...>-6090  [001] ....  3206.109910: do_swap_page: prefetch miss 6067 "Binder:6067_1" 7f395f1000 257a4
           <...>-6747  [005] ...1  3206.112555: do_swap_page: prefetch miss 6625 "Chrome_ChildIOT" e2218000 29748
           <...>-6747  [005] ....  3206.112570: do_swap_page: prefetch miss 6625 "Chrome_ChildIOT" e2208000 2974a
    Binder:909_3-2171  [006] ...1  3206.112633: do_swap_page: prefetch miss 909 "Binder:909_3" 1835552000 d772
           <...>-1369  [004] ...1  3206.112639: do_swap_page: prefetch miss 1338 "android.anim" 7e6a1ae000 2d79f
           <...>-1369  [004] ....  3206.112647: do_swap_page: prefetch miss 1338 "android.anim" 7e6a1af000 2d7a0
           <...>-6090  [001] ...1  3206.112653: do_swap_page: prefetch miss 6067 "Binder:6067_1" 7f395f1000 257a4
           <...>-6067  [001] ...1  3206.112754: do_swap_page: prefetch miss 6067 "roid.smartboard" 12ff7000 257b7
           <...>-6310  [000] ....  3206.112822: do_swap_page: prefetch miss 6067 "Binder:6067_6" 7fbdba8000 257c5
           <...>-6067  [000] ....  3206.112848: do_swap_page: prefetch miss 6067 "roid.smartboard" 7fbbe6c000 257b9
    Binder:909_3-2171  [006] ....  3206.112928: do_swap_page: prefetch miss 909 "Binder:909_3" 195555c000 157fe
           <...>-6747  [005] ...1  3206.114806: do_swap_page: prefetch miss 6625 "Chrome_ChildIOT" e2208000 2974a
           <...>-1369  [004] ...1  3206.114822: do_swap_page: prefetch miss 1338 "android.anim" 7e6a1af000 2d7a0
           <...>-1369  [004] ....  3206.114830: do_swap_page: prefetch miss 1338 "android.anim" 7e6a1b0000 2d7a1
           <...>-6747  [005] ....  3206.114844: do_swap_page: prefetch miss 6625 "Chrome_ChildIOT" f7b02000 2d791
           <...>-6067  [001] ...1  3206.114853: do_swap_page: prefetch miss 6067 "roid.smartboard" 7fbbe6c000 257b9
    Binder:909_3-2171  [006] ...1  3206.114885: do_swap_page: prefetch miss 909 "Binder:909_3" 195555c000 157fe
           <...>-6310  [000] ...1  3206.114895: do_swap_page: prefetch miss 6067 "Binder:6067_6" 7fbdba8000 257c5
           <...>-6310  [000] ....  3206.114913: do_swap_page: prefetch miss 6067 "Binder:6067_6" 7fbe2f3000 29791
           <...>-6067  [000] ....  3206.114933: do_swap_page: prefetch miss 6067 "roid.smartboard" 12fde000 257ba
    Binder:909_3-2171  [006] ....  3206.115161: do_swap_page: prefetch miss 909 "Binder:909_3" 1b55556000 21700
           <...>-1369  [004] ...1  3206.116734: do_swap_page: prefetch miss 1338 "android.anim" 7e6a1b0000 2d7a1
           <...>-1369  [004] ....  3206.116741: do_swap_page: prefetch miss 1338 "android.anim" 7e6a1b1000 2d7a2
           <...>-6067  [001] ...1  3206.116767: do_swap_page: prefetch miss 6067 "roid.smartboard" 12fde000 257ba
           <...>-6310  [000] ...1  3206.116805: do_swap_page: prefetch miss 6067 "Binder:6067_6" 7fbe2f3000 29791
           <...>-6747  [005] ...1  3206.116833: do_swap_page: prefetch miss 6625 "Chrome_ChildIOT" f7b02000 2d791
           <...>-6747  [005] ....  3206.116846: do_swap_page: prefetch miss 6625 "Chrome_ChildIOT" f7b32000 2d792
    Binder:909_3-2171  [006] ...1  3206.116867: do_swap_page: prefetch miss 909 "Binder:909_3" 1b55556000 21700
           <...>-6067  [001] ....  3206.116902: do_swap_page: prefetch miss 6067 "roid.smartboard" 7fbbe6b000 257bb
           <...>-6310  [000] ....  3206.116907: do_swap_page: prefetch miss 6067 "Binder:6067_6" 72074000 29794
    Binder:909_3-2171  [006] ....  3206.116946: do_swap_page: prefetch miss 909 "Binder:909_3" 1f5555e000 157f4
           <...>-1369  [004] ...1  3206.119631: do_swap_page: prefetch miss 1338 "android.anim" 7e6a1b1000 2d7a2
           <...>-1369  [004] ....  3206.119640: do_swap_page: prefetch miss 1338 "android.anim" 7e6a1b2000 2d7a3
           <...>-6747  [005] ...1  3206.119696: do_swap_page: prefetch miss 6625 "Chrome_ChildIOT" f7b32000 2d792
           <...>-6067  [001] ...1  3206.119703: do_swap_page: prefetch miss 6067 "roid.smartboard" 7fbbe6b000 257bb
           <...>-6747  [005] ....  3206.119715: do_swap_page: prefetch miss 6625 "Chrome_ChildIOT" f7b03000 2d793
           <...>-6310  [000] ...1  3206.119735: do_swap_page: prefetch miss 6067 "Binder:6067_6" 72074000 29794
           <...>-6067  [001] ....  3206.119739: do_swap_page: prefetch miss 6067 "roid.smartboard" 7f28c45000 257bc
           <...>-6310  [000] ....  3206.119761: do_swap_page: prefetch miss 6067 "Binder:6067_6" 7f350f3000 29795
    Binder:909_3-2171  [006] ...1  3206.119794: do_swap_page: prefetch miss 909 "Binder:909_3" 1f5555e000 157f4
    Binder:909_3-2171  [006] ....  3206.120034: do_swap_page: prefetch miss 909 "Binder:909_3" 1955556000 21702
           <...>-1369  [004] ...1  3206.121830: do_swap_page: prefetch miss 1338 "android.anim" 7e6a1b2000 2d7a3
           <...>-1369  [004] ....  3206.121836: do_swap_page: prefetch miss 1338 "android.anim" 7e6a1b3000 2d7a4
           <...>-6747  [005] ...1  3206.121898: do_swap_page: prefetch miss 6625 "Chrome_ChildIOT" f7b03000 2d793
           <...>-6310  [000] ...1  3206.121911: do_swap_page: prefetch miss 6067 "Binder:6067_6" 7f350f3000 29795
           <...>-6067  [001] ...1  3206.121928: do_swap_page: prefetch miss 6067 "roid.smartboard" 7f28c45000 257bc
    Binder:909_3-2171  [006] ...1  3206.121938: do_swap_page: prefetch miss 909 "Binder:909_3" 1955556000 21702
           <...>-6310  [000] ....  3206.121950: do_swap_page: prefetch miss 6067 "Binder:6067_6" 7fbe167000 29796
           <...>-6067  [001] ....  3206.121951: do_swap_page: prefetch miss 6067 "roid.smartboard" 7fbf6ff000 257bd
           <...>-6747  [005] ....  3206.121952: do_swap_page: prefetch miss 6625 "Chrome_ChildIOT" e218b000 2974b
  mediaextractor-909   [005] ....  3206.122249: do_swap_page: prefetch miss 909 "mediaextractor" 7fbe491000 d7a1
           <...>-1369  [004] ...1  3206.123961: do_swap_page: prefetch miss 1338 "android.anim" 7e6a1b3000 2d7a4
           <...>-1369  [004] ....  3206.123993: do_swap_page: prefetch miss 1338 "android.anim" 7e5da4e000 2d7a5
           <...>-6310  [000] ...1  3206.123998: do_swap_page: prefetch miss 6067 "Binder:6067_6" 7fbe167000 29796
           <...>-6747  [005] ...1  3206.124047: do_swap_page: prefetch miss 6625 "Chrome_ChildIOT" e218b000 2974b
  mediaextractor-909   [006] ...1  3206.124057: do_swap_page: prefetch miss 909 "mediaextractor" 7fbe491000 d7a1
           <...>-6067  [001] ...1  3206.124059: do_swap_page: prefetch miss 6067 "roid.smartboard" 7fbf6ff000 257bd
           <...>-6747  [005] ....  3206.124072: do_swap_page: prefetch miss 6625 "Chrome_ChildIOT" cca7f000 2974d
           <...>-18168 [006] ....  3206.124171: do_swap_page: prefetch miss 913 "generic" f3540000 57e4
           <...>-6310  [000] ....  3206.124184: do_swap_page: prefetch miss 6067 "Binder:6067_6" 7fbe1f9000 29799
           <...>-6067  [000] ....  3206.124209: do_swap_page: prefetch miss 6067 "roid.smartboard" 12fc8000 2979c
           <...>-1369  [004] ...1  3206.125875: do_swap_page: prefetch miss 1338 "android.anim" 7e5da4e000 2d7a5
           <...>-1369  [004] ....  3206.125892: do_swap_page: prefetch miss 1338 "android.anim" 7e6a1f5000 2d7a6
           <...>-6747  [005] ...1  3206.125897: do_swap_page: prefetch miss 6625 "Chrome_ChildIOT" cca7f000 2974d
           <...>-6747  [005] ....  3206.125907: do_swap_page: prefetch miss 6625 "Chrome_ChildIOT" cc9ed000 2974e
           <...>-18168 [006] ...1  3206.125951: do_swap_page: prefetch miss 913 "generic" f3540000 57e4
           <...>-6310  [000] ...1  3206.125973: do_swap_page: prefetch miss 6067 "Binder:6067_6" 7fbe1f9000 29799
           <...>-6067  [001] ...1  3206.125974: do_swap_page: prefetch miss 6067 "roid.smartboard" 12fc8000 2979c
           <...>-6310  [000] ....  3206.126010: do_swap_page: prefetch miss 6067 "Binder:6067_6" 12fc3000 2979a
           <...>-6067  [000] ....  3206.126030: do_swap_page: prefetch miss 6067 "roid.smartboard" 12ff6000 2979d
  mediaextractor-909   [006] ....  3206.126815: do_swap_page: prefetch miss 909 "mediaextractor" 2055570000 157eb
    Binder:913_5-3611  [006] ....  3206.127100: do_swap_page: prefetch miss 913 "Binder:913_5" f3503000 1d727
           <...>-1369  [006] ...1  3206.127816: do_swap_page: prefetch miss 1338 "android.anim" 7e6a1f5000 2d7a6
           <...>-1369  [006] ....  3206.127909: do_swap_page: prefetch miss 1338 "android.anim" 7fbe1c2000 2d7ab
           <...>-6747  [005] ...1  3206.127967: do_swap_page: prefetch miss 6625 "Chrome_ChildIOT" cc9ed000 2974e
           <...>-6747  [005] ....  3206.127981: do_swap_page: prefetch miss 6625 "Chrome_ChildIOT" e2253000 2974f
           <...>-6067  [001] ...1  3206.127994: do_swap_page: prefetch miss 6067 "roid.smartboard" 12ff6000 2979d
           <...>-6067  [001] ....  3206.128014: do_swap_page: prefetch miss 6067 "roid.smartboard" 12ffe000 2979e
           <...>-6310  [000] ...1  3206.128064: do_swap_page: prefetch miss 6067 "Binder:6067_6" 12fc3000 2979a
           <...>-6310  [000] ....  3206.128096: do_swap_page: prefetch miss 6067 "Binder:6067_6" 13044000 2979b
  mediaextractor-909   [006] ...1  3206.128844: do_swap_page: prefetch miss 909 "mediaextractor" 2055570000 157eb
    Binder:913_5-3611  [006] ...1  3206.130598: do_swap_page: prefetch miss 913 "Binder:913_5" f3503000 1d727
           <...>-6747  [005] ...1  3206.130643: do_swap_page: prefetch miss 6625 "Chrome_ChildIOT" e2253000 2974f
           <...>-1369  [006] ...1  3206.130646: do_swap_page: prefetch miss 1338 "android.anim" 7fbe1c2000 2d7ab
           <...>-6747  [005] ....  3206.130660: do_swap_page: prefetch miss 6625 "Chrome_ChildIOT" f0e01000 1d7ab
           <...>-1369  [006] ....  3206.130782: do_swap_page: prefetch miss 1338 "android.anim" 7e87a60000 15731
           <...>-6067  [001] ...1  3206.131154: do_swap_page: prefetch miss 6067 "roid.smartboard" 12ffe000 2979e
           <...>-6310  [000] ...1  3206.131156: do_swap_page: prefetch miss 6067 "Binder:6067_6" 13044000 2979b
           <...>-6067  [001] ....  3206.131197: do_swap_page: prefetch miss 6067 "roid.smartboard" 7fbe15d000 2d79a
           <...>-18168 [006] ....  3206.131274: do_swap_page: prefetch miss 913 "generic" f3517000 157a6
    Binder:913_1-1209  [000] ....  3206.131815: do_swap_page: prefetch miss 913 "Binder:913_1" f3582000 1d726
           <...>-6747  [005] ...1  3206.133300: do_swap_page: prefetch miss 6625 "Chrome_ChildIOT" f0e01000 1d7ab
           <...>-6747  [005] ....  3206.133320: do_swap_page: prefetch miss 6625 "Chrome_ChildIOT" e2243000 1d7ac
           <...>-1369  [005] ...1  3206.133402: do_swap_page: prefetch miss 1338 "android.anim" 7e87a60000 15731
           <...>-18168 [006] ...1  3206.133404: do_swap_page: prefetch miss 913 "generic" f3517000 157a6
           <...>-6067  [001] ...1  3206.133414: do_swap_page: prefetch miss 6067 "roid.smartboard" 7fbe15d000 2d79a
    Binder:913_1-1209  [000] ...1  3206.133416: do_swap_page: prefetch miss 913 "Binder:913_1" f3582000 1d726
           <...>-6067  [001] ....  3206.133434: do_swap_page: prefetch miss 6067 "roid.smartboard" 7fbe15c000 2d79b
    Binder:913_1-1209  [000] ....  3206.133447: do_swap_page: prefetch miss 913 "Binder:913_1" f3550000 157a4
           <...>-1369  [005] ....  3206.133471: do_swap_page: prefetch miss 1338 "android.anim" 7e87aa3000 15732
           <...>-6747  [005] ...1  3206.136316: do_swap_page: prefetch miss 6625 "Chrome_ChildIOT" e2243000 1d7ac
           <...>-6747  [005] ....  3206.136340: do_swap_page: prefetch miss 6625 "Chrome_ChildIOT" cc9ee000 1d7ad
           <...>-6067  [001] ...1  3206.136389: do_swap_page: prefetch miss 6067 "roid.smartboard" 7fbe15c000 2d79b
           <...>-1369  [005] ...1  3206.136427: do_swap_page: prefetch miss 1338 "android.anim" 7e87aa3000 15732
           <...>-1369  [005] ....  3206.136441: do_swap_page: prefetch miss 1338 "android.anim" 7e87aa4000 15733
    Binder:913_1-1209  [000] ...1  3206.136444: do_swap_page: prefetch miss 913 "Binder:913_1" f3550000 157a4
           <...>-6067  [001] ....  3206.136533: do_swap_page: prefetch miss 6067 "roid.smartboard" 7fbe293000 257c6
    Binder:913_1-1209  [001] ....  3206.136773: do_swap_page: prefetch miss 913 "Binder:913_1" f7a1d000 157a0
           <...>-6747  [005] ...1  3206.138346: do_swap_page: prefetch miss 6625 "Chrome_ChildIOT" cc9ee000 1d7ad
           <...>-6747  [005] ....  3206.138424: do_swap_page: prefetch miss 6625 "Chrome_ChildIOT" cc9f3000 1d7ae
           <...>-1369  [005] ...1  3206.138430: do_swap_page: prefetch miss 1338 "android.anim" 7e87aa4000 15733
           <...>-6067  [001] ...1  3206.138447: do_swap_page: prefetch miss 6067 "roid.smartboard" 7fbe293000 257c6
           <...>-6067  [001] ....  3206.138478: do_swap_page: prefetch miss 6067 "roid.smartboard" 7f2d6b8000 257c7
           <...>-1369  [005] ....  3206.138491: do_swap_page: prefetch miss 1338 "android.anim" 7e87aa5000 15734
    Binder:913_1-1209  [005] ...1  3206.138497: do_swap_page: prefetch miss 913 "Binder:913_1" f7a1d000 157a0
    Binder:913_1-1209  [005] ....  3206.138618: do_swap_page: prefetch miss 913 "Binder:913_1" f7a38000 1579d
           <...>-18172 [005] ....  3206.138698: do_swap_page: prefetch miss 913 "Binder:913_1" f7b06000 157a9
           <...>-6747  [005] ...1  3206.140663: do_swap_page: prefetch miss 6625 "Chrome_ChildIOT" cc9f3000 1d7ae
           <...>-6747  [005] ....  3206.140684: do_swap_page: prefetch miss 6625 "Chrome_ChildIOT" cc9ea000 1d7af
           <...>-1369  [005] ...1  3206.140699: do_swap_page: prefetch miss 1338 "android.anim" 7e87aa5000 15734
           <...>-1369  [005] ....  3206.140720: do_swap_page: prefetch miss 1338 "android.anim" 7f28c6c000 15735
    Binder:913_1-1209  [005] ...1  3206.140726: do_swap_page: prefetch miss 913 "Binder:913_1" f7a38000 1579d
           <...>-6067  [001] ...1  3206.140799: do_swap_page: prefetch miss 6067 "roid.smartboard" 7f2d6b8000 257c7
           <...>-6067  [001] ....  3206.140832: do_swap_page: prefetch miss 6067 "roid.smartboard" 7f2d145000 257c8
           <...>-18172 [005] ...1  3206.140899: do_swap_page: prefetch miss 913 "Binder:913_1" f7b06000 157a9
           <...>-18173 [001] ....  3206.141001: do_swap_page: prefetch miss 913 "Binder:913_1" f2aca000 19782
    Binder:913_1-1209  [001] ....  3206.141167: do_swap_page: prefetch miss 913 "Binder:913_1" f7aff000 57eb
           <...>-6747  [005] ...1  3206.142921: do_swap_page: prefetch miss 6625 "Chrome_ChildIOT" cc9ea000 1d7af
           <...>-6747  [005] ....  3206.142941: do_swap_page: prefetch miss 6625 "Chrome_ChildIOT" ccab3000 1d7b0
           <...>-18173 [006] ...1  3206.143019: do_swap_page: prefetch miss 913 "Binder:913_1" f2aca000 19782
           <...>-6067  [000] ...1  3206.143020: do_swap_page: prefetch miss 6067 "roid.smartboard" 7f2d145000 257c8
           <...>-1369  [004] ...1  3206.143029: do_swap_page: prefetch miss 1338 "android.anim" 7f28c6c000 15735
    Binder:913_1-1209  [006] ...1  3206.143047: do_swap_page: prefetch miss 913 "Binder:913_1" f7aff000 57eb
           <...>-6067  [000] ....  3206.143053: do_swap_page: prefetch miss 6067 "roid.smartboard" 7fffffc000 257c9
           <...>-1369  [004] ....  3206.143148: do_swap_page: prefetch miss 1338 "android.anim" 9e385000 15736
  HwBinder:923_4-2051  [005] ....  3206.144581: do_swap_page: prefetch miss 923 "HwBinder:923_4" 1a55562000 157d7
           <...>-6747  [005] ...1  3206.145068: do_swap_page: prefetch miss 6625 "Chrome_ChildIOT" ccab3000 1d7b0
           <...>-6067  [001] ...1  3206.145109: do_swap_page: prefetch miss 6067 "roid.smartboard" 7fffffc000 257c9
           <...>-6747  [005] ....  3206.145120: do_swap_page: prefetch miss 6625 "Chrome_ChildIOT" e2190000 1d7b1
           <...>-1369  [004] ...1  3206.145147: do_swap_page: prefetch miss 1338 "android.anim" 9e385000 15736
           <...>-1369  [004] ....  3206.145185: do_swap_page: prefetch miss 1338 "android.anim" 9e1b5000 15737
           <...>-6067  [001] ....  3206.145243: do_swap_page: prefetch miss 6067 "roid.smartboard" 7ecd07c000 257cb
  HwBinder:923_4-2051  [005] ...1  3206.146788: do_swap_page: prefetch miss 923 "HwBinder:923_4" 1a55562000 157d7
  HwBinder:923_4-2051  [005] ....  3206.146827: do_swap_page: prefetch miss 923 "HwBinder:923_4" 5555552000 157dd
           <...>-1369  [004] ...1  3206.146833: do_swap_page: prefetch miss 1338 "android.anim" 9e1b5000 15737
           <...>-6067  [001] ...1  3206.146841: do_swap_page: prefetch miss 6067 "roid.smartboard" 7ecd07c000 257cb
           <...>-6747  [005] ...1  3206.146866: do_swap_page: prefetch miss 6625 "Chrome_ChildIOT" e2190000 1d7b1
           <...>-6747  [005] ....  3206.146889: do_swap_page: prefetch miss 6625 "Chrome_ChildIOT" f7a8b000 1d7b2
           <...>-6067  [001] ....  3206.146988: do_swap_page: prefetch miss 6067 "roid.smartboard" 7f2d629000 29792
           <...>-1369  [004] ....  3206.147577: do_swap_page: prefetch miss 1338 "android.anim" 9e373000 15750
  HwBinder:923_4-2051  [006] ...1  3206.148936: do_swap_page: prefetch miss 923 "HwBinder:923_4" 5555552000 157dd
           <...>-6747  [005] ...1  3206.148974: do_swap_page: prefetch miss 6625 "Chrome_ChildIOT" f7a8b000 1d7b2
           <...>-6067  [001] ...1  3206.148985: do_swap_page: prefetch miss 6067 "roid.smartboard" 7f2d629000 29792
  HwBinder:923_4-2051  [006] ....  3206.148988: do_swap_page: prefetch miss 923 "HwBinder:923_4" 1855563000 157de
           <...>-6747  [006] ....  3206.149000: do_swap_page: prefetch miss 6625 "Chrome_ChildIOT" f0df7000 1d7b3
           <...>-6067  [001] ....  3206.149003: do_swap_page: prefetch miss 6067 "roid.smartboard" 7f2d641000 257cc
           <...>-1369  [004] ...1  3206.149062: do_swap_page: prefetch miss 1338 "android.anim" 9e373000 15750
           <...>-1369  [004] ....  3206.149121: do_swap_page: prefetch miss 1338 "android.anim" 72069000 2d7a7
           <...>-6747  [005] ...1  3206.151577: do_swap_page: prefetch miss 6625 "Chrome_ChildIOT" f0df7000 1d7b3
           <...>-6747  [005] ....  3206.151614: do_swap_page: prefetch miss 6625 "Chrome_ChildIOT" f7ac6000 1d7b6
  HwBinder:923_4-2051  [006] ...1  3206.151635: do_swap_page: prefetch miss 923 "HwBinder:923_4" 1855563000 157de
           <...>-1369  [004] ...1  3206.151644: do_swap_page: prefetch miss 1338 "android.anim" 72069000 2d7a7
           <...>-6067  [001] ...1  3206.151647: do_swap_page: prefetch miss 6067 "roid.smartboard" 7f2d641000 257cc
           <...>-1251  [006] ....  3206.151826: do_swap_page: prefetch miss 923 "HwBinder:923_1" 1755558000 1d703
           <...>-6067  [001] ....  3206.151986: do_swap_page: prefetch miss 6067 "roid.smartboard" 7f28ac4000 257cd
           <...>-1369  [004] ....  3206.152257: do_swap_page: prefetch miss 1338 "android.anim" 7e87aa7000 1575b
           <...>-6747  [005] ...1  3206.153825: do_swap_page: prefetch miss 6625 "Chrome_ChildIOT" f7ac6000 1d7b6
           <...>-6747  [005] ....  3206.153838: do_swap_page: prefetch miss 6625 "Chrome_ChildIOT" cca9f000 1d7b7
           <...>-6067  [001] ...1  3206.153872: do_swap_page: prefetch miss 6067 "roid.smartboard" 7f28ac4000 257cd
           <...>-1251  [006] ...1  3206.153896: do_swap_page: prefetch miss 923 "HwBinder:923_1" 1755558000 1d703
           <...>-1369  [004] ...1  3206.153897: do_swap_page: prefetch miss 1338 "android.anim" 7e87aa7000 1575b
           <...>-1369  [004] ....  3206.153914: do_swap_page: prefetch miss 1338 "android.anim" 7fbb7db000 1575c
           <...>-6067  [001] ....  3206.154008: do_swap_page: prefetch miss 6067 "roid.smartboard" 7f28c43000 257cf
  HwBinder:834_1-1229  [005] ....  3206.155020: do_swap_page: prefetch miss 834 "HwBinder:834_1" f5752000 1d719
           <...>-6747  [005] ...1  3206.155876: do_swap_page: prefetch miss 6625 "Chrome_ChildIOT" cca9f000 1d7b7
           <...>-1369  [004] ...1  3206.155902: do_swap_page: prefetch miss 1338 "android.anim" 7fbb7db000 1575c
           <...>-1369  [004] ....  3206.155909: do_swap_page: prefetch miss 1338 "android.anim" 7f28b18000 2d7b7
           <...>-6067  [001] ...1  3206.155912: do_swap_page: prefetch miss 6067 "roid.smartboard" 7f28c43000 257cf
           <...>-6747  [004] ....  3206.155918: do_swap_page: prefetch miss 6625 "Chrome_ChildIOT" e2236000 25749
           <...>-6067  [001] ....  3206.156018: do_swap_page: prefetch miss 6067 "roid.smartboard" 7f2d268000 257d0
  HwBinder:834_1-1229  [005] ...1  3206.156654: do_swap_page: prefetch miss 834 "HwBinder:834_1" f5752000 1d719
           <...>-2064  [005] ....  3206.158601: do_swap_page: prefetch miss 913 "Binder:913_2" f7a80000 15798
         generic-18174 [000] ....  3206.159511: do_swap_page: prefetch miss 913 "generic" f7b02000 19774
           <...>-1369  [004] ...1  3206.159533: do_swap_page: prefetch miss 1338 "android.anim" 7f28b18000 2d7b7
           <...>-6747  [005] ...1  3206.159535: do_swap_page: prefetch miss 6625 "Chrome_ChildIOT" e2236000 25749
           <...>-6067  [001] ...1  3206.159547: do_swap_page: prefetch miss 6067 "roid.smartboard" 7f2d268000 257d0
           <...>-6747  [005] ....  3206.159591: do_swap_page: prefetch miss 6625 "Chrome_ChildIOT" ccac7000 2574a
           <...>-6067  [000] ....  3206.159909: do_swap_page: prefetch miss 6067 "roid.smartboard" 7fbbe6a000 257d1
           <...>-1369  [004] ....  3206.160178: do_swap_page: prefetch miss 1338 "android.anim" 7ed0f95000 2d7b8
           <...>-2064  [006] ...1  3206.160307: do_swap_page: prefetch miss 913 "Binder:913_2" f7a80000 15798
           <...>-2064  [006] ....  3206.160330: do_swap_page: prefetch miss 913 "Binder:913_2" f3280000 15799
           <...>-6747  [005] ...1  3206.161207: do_swap_page: prefetch miss 6625 "Chrome_ChildIOT" ccac7000 2574a
         generic-18174 [000] ...1  3206.161233: do_swap_page: prefetch miss 913 "generic" f7b02000 19774
           <...>-6747  [005] ....  3206.161256: do_swap_page: prefetch miss 6625 "Chrome_ChildIOT" f7b29000 2574b
         generic-18174 [000] ....  3206.161338: do_swap_page: prefetch miss 913 "generic" f7b16000 57dd
  mediaextractor-909   [002] ....  3206.161446: do_swap_page: prefetch miss 909 "mediaextractor" 265555e000 157df
           <...>-1369  [004] ...1  3206.162156: do_swap_page: prefetch miss 1338 "android.anim" 7ed0f95000 2d7b8
           <...>-6067  [001] ...1  3206.162189: do_swap_page: prefetch miss 6067 "roid.smartboard" 7fbbe6a000 257d1
           <...>-6067  [001] ....  3206.162300: do_swap_page: prefetch miss 6067 "roid.smartboard" 7f233c8000 257d2
           <...>-1370  [007] ....  3206.163125: do_swap_page: prefetch miss 1338 "android.anim.lf" 7ecb78f000 257ec
           <...>-1697  [006] ....  3206.163314: do_swap_page: prefetch miss 1697 "ndroid.systemui" 9e1d5000 257ed
           <...>-1369  [004] ....  3206.163486: do_swap_page: prefetch miss 1338 "android.anim" 7f28c68000 1d7ed
      android.bg-1373  [003] ....  3206.163684: do_swap_page: prefetch miss 1338 "android.bg" 7fbf6fb000 1d7ef
           <...>-2064  [006] ...1  3206.163995: do_swap_page: prefetch miss 913 "Binder:913_2" f3280000 15799
           <...>-2064  [006] ....  3206.164018: do_swap_page: prefetch miss 913 "Binder:913_2" f7aef000 1579a
           <...>-6747  [005] ...1  3206.164019: do_swap_page: prefetch miss 6625 "Chrome_ChildIOT" f7b29000 2574b
           <...>-6747  [005] ....  3206.164042: do_swap_page: prefetch miss 6625 "Chrome_ChildIOT" cca88000 2574c
           <...>-6067  [001] ...1  3206.164113: do_swap_page: prefetch miss 6067 "roid.smartboard" 7f233c8000 257d2
         generic-18174 [000] ...1  3206.164114: do_swap_page: prefetch miss 913 "generic" f7b16000 57dd
           <...>-6067  [001] ....  3206.164209: do_swap_page: prefetch miss 6067 "roid.smartboard" 9e082000 257d3
  mediaextractor-909   [002] ...1  3206.164215: do_swap_page: prefetch miss 909 "mediaextractor" 265555e000 157df
    Binder:909_3-2171  [006] ....  3206.164452: do_swap_page: prefetch miss 909 "Binder:909_3" 7fbe35a000 1978b
           <...>-1370  [007] ...1  3206.165370: do_swap_page: prefetch miss 1338 "android.anim.lf" 7ecb78f000 257ec
           <...>-1697  [006] ...1  3206.165376: do_swap_page: prefetch miss 1697 "ndroid.systemui" 9e1d5000 257ed
           <...>-1370  [007] ....  3206.165385: do_swap_page: prefetch miss 1338 "android.anim.lf" 7ecb790000 297b9
           <...>-1697  [006] ....  3206.165447: do_swap_page: prefetch miss 1697 "ndroid.systemui" 7f28cac000 297bd
           <...>-1369  [004] ...1  3206.165725: do_swap_page: prefetch miss 1338 "android.anim" 7f28c68000 1d7ed
           <...>-6747  [005] ...1  3206.165767: do_swap_page: prefetch miss 6625 "Chrome_ChildIOT" cca88000 2574c
           <...>-2064  [006] ...1  3206.165769: do_swap_page: prefetch miss 913 "Binder:913_2" f7aef000 1579a
      android.bg-1373  [003] ...1  3206.165782: do_swap_page: prefetch miss 1338 "android.bg" 7fbf6fb000 1d7ef
           <...>-2064  [006] ....  3206.165782: do_swap_page: prefetch miss 913 "Binder:913_2" f327f000 1579b
           <...>-6747  [006] ....  3206.165794: do_swap_page: prefetch miss 6625 "Chrome_ChildIOT" cc9e3000 2574d
      android.bg-1373  [003] ....  3206.165802: do_swap_page: prefetch miss 1338 "android.bg" 7fbe4bd000 1d7f0
           <...>-1369  [004] ....  3206.165803: do_swap_page: prefetch miss 1338 "android.anim" 7f28aa9000 11748
    Binder:909_3-2171  [006] ...1  3206.167330: do_swap_page: prefetch miss 909 "Binder:909_3" 7fbe35a000 1978b
           <...>-6067  [001] ...1  3206.167337: do_swap_page: prefetch miss 6067 "roid.smartboard" 9e082000 257d3
           <...>-6067  [001] ....  3206.167425: do_swap_page: prefetch miss 6067 "roid.smartboard" 9e1c0000 257d4
         generic-18174 [006] ....  3206.167691: do_swap_page: prefetch miss 913 "generic" f7a17000 57e2
           <...>-1370  [007] ...1  3206.169728: do_swap_page: prefetch miss 1338 "android.anim.lf" 7ecb790000 297b9
           <...>-1370  [007] ....  3206.169744: do_swap_page: prefetch miss 1338 "android.anim.lf" 7ecb78e000 297c0
           <...>-1697  [006] ...1  3206.169797: do_swap_page: prefetch miss 1697 "ndroid.systemui" 7f28cac000 297bd
           <...>-6747  [005] ...1  3206.169818: do_swap_page: prefetch miss 6625 "Chrome_ChildIOT" cc9e3000 2574d
           <...>-6747  [005] ....  3206.169857: do_swap_page: prefetch miss 6625 "Chrome_ChildIOT" e520b000 2574e
           <...>-1369  [004] ...1  3206.169881: do_swap_page: prefetch miss 1338 "android.anim" 7f28aa9000 11748
           <...>-6067  [001] ...1  3206.169894: do_swap_page: prefetch miss 6067 "roid.smartboard" 9e1c0000 257d4
           <...>-1697  [006] ....  3206.169902: do_swap_page: prefetch miss 1697 "ndroid.systemui" 9e321000 15778
           <...>-6067  [001] ....  3206.169915: do_swap_page: prefetch miss 6067 "roid.smartboard" 7ed25d8000 257d5
           <...>-2049  [006] ....  3206.169916: do_swap_page: prefetch miss 1697 "pool-2-thread-1" 7ecf203000 297c1
      android.bg-1373  [003] ...1  3206.169918: do_swap_page: prefetch miss 1338 "android.bg" 7fbe4bd000 1d7f0
           <...>-2064  [006] ...1  3206.169922: do_swap_page: prefetch miss 913 "Binder:913_2" f327f000 1579b
      android.bg-1373  [003] ....  3206.169938: do_swap_page: prefetch miss 1338 "android.bg" 7fbe4be000 1d7f1
           <...>-2064  [006] ....  3206.169939: do_swap_page: prefetch miss 913 "Binder:913_2" f7a0a000 157a8
           <...>-1369  [006] ....  3206.169951: do_swap_page: prefetch miss 1338 "android.anim" 7fbe1c6000 11749
         generic-18174 [006] ...1  3206.170004: do_swap_page: prefetch miss 913 "generic" f7a17000 57e2
         generic-18174 [006] ....  3206.170100: do_swap_page: prefetch miss 913 "generic" f7a64000 15794
           <...>-1370  [007] ...1  3206.171726: do_swap_page: prefetch miss 1338 "android.anim.lf" 7ecb78e000 297c0
           <...>-1370  [007] ....  3206.171747: do_swap_page: prefetch miss 1338 "android.anim.lf" 7f30c9b000 297c2
           <...>-6747  [005] ...1  3206.171832: do_swap_page: prefetch miss 6625 "Chrome_ChildIOT" e520b000 2574e
           <...>-1369  [004] ...1  3206.171854: do_swap_page: prefetch miss 1338 "android.anim" 7fbe1c6000 11749
           <...>-1369  [004] ....  3206.171861: do_swap_page: prefetch miss 1338 "android.anim" 7f28ccb000 1174a
           <...>-6747  [004] ....  3206.171869: do_swap_page: prefetch miss 6625 "Chrome_ChildIOT" cc9f2000 2574f
           <...>-1697  [006] ...1  3206.171914: do_swap_page: prefetch miss 1697 "ndroid.systemui" 9e321000 15778
           <...>-2049  [005] ...1  3206.171928: do_swap_page: prefetch miss 1697 "pool-2-thread-1" 7ecf203000 297c1
           <...>-6067  [001] ...1  3206.171932: do_swap_page: prefetch miss 6067 "roid.smartboard" 7ed25d8000 257d5
      android.bg-1373  [003] ...1  3206.171940: do_swap_page: prefetch miss 1338 "android.bg" 7fbe4be000 1d7f1
           <...>-2049  [005] ....  3206.171944: do_swap_page: prefetch miss 1697 "pool-2-thread-1" 7ecf204000 19707
           <...>-6067  [001] ....  3206.171949: do_swap_page: prefetch miss 6067 "roid.smartboard" 7ed25d5000 257d6
           <...>-1697  [005] ....  3206.171954: do_swap_page: prefetch miss 1697 "ndroid.systemui" 9e258000 1577a
      android.bg-1373  [003] ....  3206.171958: do_swap_page: prefetch miss 1338 "android.bg" 7fbe4bf000 1d7f2
           <...>-2064  [006] ...1  3206.172877: do_swap_page: prefetch miss 913 "Binder:913_2" f7a0a000 157a8
           <...>-2064  [006] ....  3206.172893: do_swap_page: prefetch miss 913 "Binder:913_2" f2afb000 57da
         generic-18174 [006] ...1  3206.173873: do_swap_page: prefetch miss 913 "generic" f7a64000 15794
           <...>-1370  [007] ...1  3206.173895: do_swap_page: prefetch miss 1338 "android.anim.lf" 7f30c9b000 297c2
           <...>-1370  [007] ....  3206.173954: do_swap_page: prefetch miss 1338 "android.anim.lf" 7f28ce2000 297c4
           <...>-1369  [004] ...1  3206.174014: do_swap_page: prefetch miss 1338 "android.anim" 7f28ccb000 1174a
           <...>-6747  [005] ...1  3206.174055: do_swap_page: prefetch miss 6625 "Chrome_ChildIOT" cc9f2000 2574f
           <...>-6747  [005] ....  3206.174066: do_swap_page: prefetch miss 6625 "Chrome_ChildIOT" e2237000 25750
           <...>-1369  [005] ....  3206.174077: do_swap_page: prefetch miss 1338 "android.anim" 7f28ccc000 1174b
           <...>-1697  [006] ...1  3206.174097: do_swap_page: prefetch miss 1697 "ndroid.systemui" 9e258000 1577a
           <...>-2049  [006] ...1  3206.174560: do_swap_page: prefetch miss 1697 "pool-2-thread-1" 7ecf204000 19707
      android.bg-1373  [003] ...1  3206.174577: do_swap_page: prefetch miss 1338 "android.bg" 7fbe4bf000 1d7f2
      android.bg-1373  [003] ....  3206.174596: do_swap_page: prefetch miss 1338 "android.bg" 7fbe4c0000 1d7f3
           <...>-2049  [006] ....  3206.174618: do_swap_page: prefetch miss 1697 "pool-2-thread-1" 7ecf201000 19708
           <...>-6067  [001] ...1  3206.175112: do_swap_page: prefetch miss 6067 "roid.smartboard" 7ed25d5000 257d6
           <...>-6067  [001] ....  3206.175203: do_swap_page: prefetch miss 6067 "roid.smartboard" 9e1c1000 257d7
           <...>-2064  [006] ...1  3206.176530: do_swap_page: prefetch miss 913 "Binder:913_2" f2afb000 57da
           <...>-1370  [007] ...1  3206.176558: do_swap_page: prefetch miss 1338 "android.anim.lf" 7f28ce2000 297c4
           <...>-1369  [007] ...1  3206.176700: do_swap_page: prefetch miss 1338 "android.anim" 7f28ccc000 1174b
           <...>-6747  [005] ...1  3206.176701: do_swap_page: prefetch miss 6625 "Chrome_ChildIOT" e2237000 25750
           <...>-6747  [005] ....  3206.176733: do_swap_page: prefetch miss 6625 "Chrome_ChildIOT" f0e5c000 25751
           <...>-1369  [007] ....  3206.176753: do_swap_page: prefetch miss 1338 "android.anim" 7f28ccd000 1174c
           <...>-2049  [006] ...1  3206.176815: do_swap_page: prefetch miss 1697 "pool-2-thread-1" 7ecf201000 19708
      android.bg-1373  [003] ...1  3206.176824: do_swap_page: prefetch miss 1338 "android.bg" 7fbe4c0000 1d7f3
           <...>-2049  [006] ....  3206.176855: do_swap_page: prefetch miss 1697 "pool-2-thread-1" 7ed1223000 297c5
           <...>-6067  [001] ...1  3206.176862: do_swap_page: prefetch miss 6067 "roid.smartboard" 9e1c1000 257d7
           <...>-6067  [001] ....  3206.176881: do_swap_page: prefetch miss 6067 "roid.smartboard" 9e083000 257d8
      android.bg-1373  [003] ....  3206.177009: do_swap_page: prefetch miss 1338 "android.bg" 7fbe4c1000 1d7f4
           <...>-5220  [006] ....  3206.177020: do_swap_page: prefetch miss 909 "Binder:909_5" 7f35c23000 157e0
    Binder:909_3-2171  [001] ....  3206.178087: do_swap_page: prefetch miss 909 "Binder:909_3" 3955552000 19790
           <...>-1369  [007] ...1  3206.178473: do_swap_page: prefetch miss 1338 "android.anim" 7f28ccd000 1174c
           <...>-1369  [007] ....  3206.178499: do_swap_page: prefetch miss 1338 "android.anim" 7f28c5d000 1174d
           <...>-6747  [005] ...1  3206.178539: do_swap_page: prefetch miss 6625 "Chrome_ChildIOT" f0e5c000 25751
           <...>-6747  [005] ....  3206.178554: do_swap_page: prefetch miss 6625 "Chrome_ChildIOT" f7a8a000 25752
      android.bg-1373  [003] ...1  3206.178571: do_swap_page: prefetch miss 1338 "android.bg" 7fbe4c1000 1d7f4
           <...>-2049  [006] ...1  3206.178581: do_swap_page: prefetch miss 1697 "pool-2-thread-1" 7ed1223000 297c5
      android.bg-1373  [003] ....  3206.178593: do_swap_page: prefetch miss 1338 "android.bg" 7fbe4c2000 1d7f5
           <...>-2049  [006] ....  3206.178595: do_swap_page: prefetch miss 1697 "pool-2-thread-1" 7ed12bc000 297cb
           <...>-5220  [006] ...1  3206.178649: do_swap_page: prefetch miss 909 "Binder:909_5" 7f35c23000 157e0
           <...>-6067  [000] ...1  3206.178662: do_swap_page: prefetch miss 6067 "roid.smartboard" 9e083000 257d8
           <...>-5220  [006] ....  3206.178672: do_swap_page: prefetch miss 909 "Binder:909_5" 7f35c24000 157e1
           <...>-6067  [000] ....  3206.178688: do_swap_page: prefetch miss 6067 "roid.smartboard" 9e108000 257d9
    Binder:909_3-2171  [006] ...1  3206.180735: do_swap_page: prefetch miss 909 "Binder:909_3" 3955552000 19790
           <...>-1369  [007] ...1  3206.180749: do_swap_page: prefetch miss 1338 "android.anim" 7f28c5d000 1174d
           <...>-1369  [007] ....  3206.181055: do_swap_page: prefetch miss 1338 "android.anim" 7e6ed77000 1174e
           <...>-6747  [005] ...1  3206.181106: do_swap_page: prefetch miss 6625 "Chrome_ChildIOT" f7a8a000 25752
      android.bg-1373  [003] ...1  3206.181123: do_swap_page: prefetch miss 1338 "android.bg" 7fbe4c2000 1d7f5
           <...>-6747  [005] ....  3206.181130: do_swap_page: prefetch miss 6625 "Chrome_ChildIOT" e21d2000 25753
           <...>-2049  [006] ...1  3206.181146: do_swap_page: prefetch miss 1697 "pool-2-thread-1" 7ed12bc000 297cb
      android.bg-1373  [003] ....  3206.181148: do_swap_page: prefetch miss 1338 "android.bg" 7fbe4c3000 1d7f6
           <...>-2049  [006] ....  3206.181167: do_swap_page: prefetch miss 1697 "pool-2-thread-1" 7ed12ac000 297cd
           <...>-5220  [006] ...1  3206.181176: do_swap_page: prefetch miss 909 "Binder:909_5" 7f35c24000 157e1
           <...>-5220  [006] ....  3206.181186: do_swap_page: prefetch miss 909 "Binder:909_5" 295555b000 157e2
           <...>-6067  [000] ...1  3206.181222: do_swap_page: prefetch miss 6067 "roid.smartboard" 9e108000 257d9
           <...>-6067  [000] ....  3206.181241: do_swap_page: prefetch miss 6067 "roid.smartboard" 9e19c000 257da
    Binder:909_3-2171  [006] ....  3206.181491: do_swap_page: prefetch miss 909 "Binder:909_3" 2a35552000 17a3
           <...>-1369  [007] ...1  3206.182958: do_swap_page: prefetch miss 1338 "android.anim" 7e6ed77000 1174e
           <...>-1697  [006] ....  3206.183739: do_swap_page: prefetch miss 1697 "ndroid.systemui" 7fbbefe000 11750
           <...>-1369  [007] ....  3206.183941: do_swap_page: prefetch miss 1338 "android.anim" 7eb4dae000 297ce
           <...>-6747  [005] ...1  3206.184030: do_swap_page: prefetch miss 6625 "Chrome_ChildIOT" e21d2000 25753
           <...>-6747  [005] ....  3206.184045: do_swap_page: prefetch miss 6625 "Chrome_ChildIOT" cba94000 217f8
           <...>-2049  [006] ...1  3206.184058: do_swap_page: prefetch miss 1697 "pool-2-thread-1" 7ed12ac000 297cd
      android.bg-1373  [003] ...1  3206.184071: do_swap_page: prefetch miss 1338 "android.bg" 7fbe4c3000 1d7f6
           <...>-2049  [006] ....  3206.184094: do_swap_page: prefetch miss 1697 "pool-2-thread-1" 7f28ce0000 257f9
      android.bg-1373  [003] ....  3206.184105: do_swap_page: prefetch miss 1338 "android.bg" 7fbe4c4000 1d7f7
           <...>-5220  [006] ...1  3206.184126: do_swap_page: prefetch miss 909 "Binder:909_5" 295555b000 157e2
           <...>-6067  [000] ...1  3206.184133: do_swap_page: prefetch miss 6067 "roid.smartboard" 9e19c000 257da
           <...>-5220  [006] ....  3206.184147: do_swap_page: prefetch miss 909 "Binder:909_5" 365556b000 157e6
           <...>-6067  [000] ....  3206.184155: do_swap_page: prefetch miss 6067 "roid.smartboard" 7ed25d4000 257db
    Binder:909_3-2171  [005] ...1  3206.184159: do_swap_page: prefetch miss 909 "Binder:909_3" 2a35552000 17a3
           <...>-1370  [007] ....  3206.184665: do_swap_page: prefetch miss 1338 "android.anim.lf" 9e0bd000 297c6
           <...>-1369  [007] ...1  3206.185617: do_swap_page: prefetch miss 1338 "android.anim" 7eb4dae000 297ce
           <...>-1697  [006] ...1  3206.185620: do_swap_page: prefetch miss 1697 "ndroid.systemui" 7fbbefe000 11750
           <...>-1697  [006] ....  3206.185635: do_swap_page: prefetch miss 1697 "ndroid.systemui" 9e2c6000 11751
           <...>-1369  [007] ....  3206.185981: do_swap_page: prefetch miss 1338 "android.anim" 7ed0dee000 257fa
           <...>-6747  [005] ...1  3206.186194: do_swap_page: prefetch miss 6625 "Chrome_ChildIOT" cba94000 217f8
           <...>-6747  [005] ....  3206.186212: do_swap_page: prefetch miss 6625 "Chrome_ChildIOT" d6e2c000 217f9
           <...>-2049  [006] ...1  3206.186585: do_swap_page: prefetch miss 1697 "pool-2-thread-1" 7f28ce0000 257f9
           <...>-5220  [006] ...1  3206.186655: do_swap_page: prefetch miss 909 "Binder:909_5" 365556b000 157e6
      android.bg-1373  [003] ...1  3206.186658: do_swap_page: prefetch miss 1338 "android.bg" 7fbe4c4000 1d7f7
           <...>-6067  [000] ...1  3206.186669: do_swap_page: prefetch miss 6067 "roid.smartboard" 7ed25d4000 257db
           <...>-1370  [007] ...1  3206.186676: do_swap_page: prefetch miss 1338 "android.anim.lf" 9e0bd000 297c6
           <...>-1370  [007] ....  3206.186688: do_swap_page: prefetch miss 1338 "android.anim.lf" 9e3b5000 297c7
      android.bg-1373  [003] ....  3206.186697: do_swap_page: prefetch miss 1338 "android.bg" 7fbe4c5000 1d7f8
           <...>-6067  [000] ....  3206.186714: do_swap_page: prefetch miss 6067 "roid.smartboard" 7fbe260000 257dc
         generic-18174 [001] ....  3206.186921: do_swap_page: prefetch miss 913 "generic" f7b19000 157ba
           <...>-5220  [005] ....  3206.187339: do_swap_page: prefetch miss 909 "Binder:909_5" 1e35552000 157ec
           <...>-1697  [005] ...1  3206.187825: do_swap_page: prefetch miss 1697 "ndroid.systemui" 9e2c6000 11751
           <...>-1369  [007] ...1  3206.187842: do_swap_page: prefetch miss 1338 "android.anim" 7ed0dee000 257fa
           <...>-1697  [005] ....  3206.187847: do_swap_page: prefetch miss 1697 "ndroid.systemui" 9e26b000 11752
           <...>-1369  [007] ....  3206.187849: do_swap_page: prefetch miss 1338 "android.anim" 7ed0def000 257fb
           <...>-6747  [005] ...1  3206.187855: do_swap_page: prefetch miss 6625 "Chrome_ChildIOT" d6e2c000 217f9
           <...>-6747  [005] ....  3206.187875: do_swap_page: prefetch miss 6625 "Chrome_ChildIOT" f0e1e000 217fa
           <...>-1370  [007] ...1  3206.188514: do_swap_page: prefetch miss 1338 "android.anim.lf" 9e3b5000 297c7
           <...>-1370  [007] ....  3206.188930: do_swap_page: prefetch miss 1338 "android.anim.lf" 7ed0fad000 297c8
      android.bg-1373  [003] ...1  3206.189034: do_swap_page: prefetch miss 1338 "android.bg" 7fbe4c5000 1d7f8
           <...>-6067  [000] ...1  3206.189047: do_swap_page: prefetch miss 6067 "roid.smartboard" 7fbe260000 257dc
         generic-18174 [005] ...1  3206.189051: do_swap_page: prefetch miss 913 "generic" f7b19000 157ba
           <...>-6067  [000] ....  3206.189074: do_swap_page: prefetch miss 6067 "roid.smartboard" 7fbe1a4000 257dd
      android.bg-1373  [003] ....  3206.189172: do_swap_page: prefetch miss 1338 "android.bg" 7fbe4c6000 1d7f9
           <...>-5220  [005] ...1  3206.189794: do_swap_page: prefetch miss 909 "Binder:909_5" 1e35552000 157ec
 NuPlayerDriver -18167 [005] ....  3206.189962: do_swap_page: prefetch miss 913 "NuPlayerDriver " f3583000 1d725
         generic-18174 [005] ....  3206.190044: do_swap_page: prefetch miss 913 "generic" f7a67000 1977a
           <...>-5220  [006] ....  3206.190076: do_swap_page: prefetch miss 909 "Binder:909_5" 1d5555f000 1978d
           <...>-1697  [005] ...1  3206.190188: do_swap_page: prefetch miss 1697 "ndroid.systemui" 9e26b000 11752
           <...>-1697  [005] ....  3206.190212: do_swap_page: prefetch miss 1697 "ndroid.systemui" 9e2fe000 11753
           <...>-6747  [005] ...1  3206.190221: do_swap_page: prefetch miss 6625 "Chrome_ChildIOT" f0e1e000 217fa
           <...>-6747  [005] ....  3206.190237: do_swap_page: prefetch miss 6625 "Chrome_ChildIOT" cd4c4000 217fc
           <...>-1369  [007] ...1  3206.191252: do_swap_page: prefetch miss 1338 "android.anim" 7ed0def000 257fb
           <...>-1370  [007] ...1  3206.191888: do_swap_page: prefetch miss 1338 "android.anim.lf" 7ed0fad000 297c8
           <...>-1370  [007] ....  3206.191963: do_swap_page: prefetch miss 1338 "android.anim.lf" 7e6ecbc000 297c9
           <...>-1369  [007] ....  3206.192471: do_swap_page: prefetch miss 1338 "android.anim" 9e37b000 5796
           <...>-6067  [001] ...1  3206.192587: do_swap_page: prefetch miss 6067 "roid.smartboard" 7fbe1a4000 257dd
      android.bg-1373  [003] ...1  3206.192604: do_swap_page: prefetch miss 1338 "android.bg" 7fbe4c6000 1d7f9
 NuPlayerDriver -18167 [005] ...1  3206.192617: do_swap_page: prefetch miss 913 "NuPlayerDriver " f3583000 1d725
      android.bg-1373  [003] ....  3206.192630: do_swap_page: prefetch miss 1338 "android.bg" 7fbe4c7000 1d7fa
         generic-18174 [005] ...1  3206.192793: do_swap_page: prefetch miss 913 "generic" f7a67000 1977a
           <...>-6067  [001] ....  3206.192871: do_swap_page: prefetch miss 6067 "roid.smartboard" 12fdd000 257de
           <...>-6747  [004] ...1  3206.192925: do_swap_page: prefetch miss 6625 "Chrome_ChildIOT" cd4c4000 217fc
           <...>-5220  [006] ...1  3206.192955: do_swap_page: prefetch miss 909 "Binder:909_5" 1d5555f000 1978d
           <...>-6747  [004] ....  3206.192995: do_swap_page: prefetch miss 6625 "Chrome_ChildIOT" f7b0e000 217fd
           <...>-6644  [004] ....  3206.193013: do_swap_page: prefetch miss 6625 "CrRendererMain" cd4c5000 217fe
           <...>-1697  [006] ...1  3206.193014: do_swap_page: prefetch miss 1697 "ndroid.systemui" 9e2fe000 11753
           <...>-1697  [006] ....  3206.193048: do_swap_page: prefetch miss 1697 "ndroid.systemui" 9e06a000 11754
         generic-18174 [005] ....  3206.193272: do_swap_page: prefetch miss 913 "generic" f2af9000 19779
           <...>-18179 [002] ....  3206.193276: do_swap_page: prefetch miss 913 "NuPlayerDriver " f2adb000 157b3
           <...>-1370  [007] ...1  3206.194693: do_swap_page: prefetch miss 1338 "android.anim.lf" 7e6ecbc000 297c9
           <...>-1369  [004] ...1  3206.194725: do_swap_page: prefetch miss 1338 "android.anim" 9e37b000 5796
           <...>-1370  [007] ....  3206.194766: do_swap_page: prefetch miss 1338 "android.anim.lf" 7eb41de000 297ca
           <...>-6067  [000] ...1  3206.194871: do_swap_page: prefetch miss 6067 "roid.smartboard" 12fdd000 257de
      android.bg-1373  [003] ...1  3206.194878: do_swap_page: prefetch miss 1338 "android.bg" 7fbe4c7000 1d7fa
           <...>-6747  [004] ...1  3206.194902: do_swap_page: prefetch miss 6625 "Chrome_ChildIOT" f7b0e000 217fd
           <...>-6067  [000] ....  3206.194924: do_swap_page: prefetch miss 6067 "roid.smartboard" 7fffffa000 257df
           <...>-1697  [005] ...1  3206.194974: do_swap_page: prefetch miss 1697 "ndroid.systemui" 9e06a000 11754
           <...>-1697  [005] ....  3206.195011: do_swap_page: prefetch miss 1697 "ndroid.systemui" 9e23c000 11755
           <...>-6747  [004] ....  3206.195043: do_swap_page: prefetch miss 6625 "Chrome_ChildIOT" cc9e4000 217ff
           <...>-6644  [004] ...1  3206.195052: do_swap_page: prefetch miss 6625 "CrRendererMain" cd4c5000 217fe
           <...>-6644  [004] ....  3206.195069: do_swap_page: prefetch miss 6625 "CrRendererMain" ccacc000 2d700
      android.bg-1373  [003] ....  3206.195172: do_swap_page: prefetch miss 1338 "android.bg" 7fbe4c8000 1d7fb
           <...>-18179 [002] ...1  3206.196858: do_swap_page: prefetch miss 913 "NuPlayerDriver " f2adb000 157b3
         generic-18174 [003] ...1  3206.196876: do_swap_page: prefetch miss 913 "generic" f2af9000 19779
           <...>-18179 [002] ....  3206.197204: do_swap_page: prefetch miss 913 "NPDecoder" f353f000 1576f
           <...>-9871  [001] ....  3206.197239: do_swap_page: prefetch miss 9856 "HeapTaskDaemon" 7fbe1a6000 2576c
           <...>-1370  [004] ...1  3206.197251: do_swap_page: prefetch miss 1338 "android.anim.lf" 7eb41de000 297ca
           <...>-6067  [000] ...1  3206.197379: do_swap_page: prefetch miss 6067 "roid.smartboard" 7fffffa000 257df
           <...>-6747  [007] ...1  3206.197404: do_swap_page: prefetch miss 6625 "Chrome_ChildIOT" cc9e4000 217ff
           <...>-1697  [006] ...1  3206.197410: do_swap_page: prefetch miss 1697 "ndroid.systemui" 9e23c000 11755
           <...>-1697  [006] ....  3206.197439: do_swap_page: prefetch miss 1697 "ndroid.systemui" 9e24a000 11756
           <...>-6747  [007] ....  3206.197445: do_swap_page: prefetch miss 6625 "Chrome_ChildIOT" e223c000 2d703
           <...>-6067  [000] ....  3206.197456: do_swap_page: prefetch miss 6067 "roid.smartboard" 7fbe176000 257e0
         generic-18174 [003] ....  3206.197478: do_swap_page: prefetch miss 913 "generic" f7b0f000 157bc
      android.bg-1373  [000] ...1  3206.197489: do_swap_page: prefetch miss 1338 "android.bg" 7fbe4c8000 1d7fb
           <...>-6644  [004] ...1  3206.197499: do_swap_page: prefetch miss 6625 "CrRendererMain" ccacc000 2d700
      android.bg-1373  [000] ....  3206.197509: do_swap_page: prefetch miss 1338 "android.bg" 7fbe4c9000 1d7fc
           <...>-6644  [004] ....  3206.197515: do_swap_page: prefetch miss 6625 "CrRendererMain" e2203000 2d701
           <...>-9856  [001] ....  3206.199050: do_swap_page: prefetch miss 9856 "gle.android.gms" 7ed35e0000 2d762
