           <...>-6426  [004] ....  3205.479268: do_swap_page: prefetch miss 6386 "RenderThread" 7ebf154000 2572c
           <...>-6426  [004] ...1  3205.481026: do_swap_page: prefetch miss 6386 "RenderThread" 7ebf154000 2572c
           <...>-6426  [004] ....  3205.481057: do_swap_page: prefetch miss 6386 "RenderThread" 7ec097f000 217c3
           <...>-6426  [004] ...1  3205.482826: do_swap_page: prefetch miss 6386 "RenderThread" 7ec097f000 217c3
           <...>-6426  [004] ....  3205.482877: do_swap_page: prefetch miss 6386 "RenderThread" 7f2d706000 217c5
           <...>-6426  [004] ...1  3205.484829: do_swap_page: prefetch miss 6386 "RenderThread" 7f2d706000 217c5
           <...>-6426  [004] ....  3205.484855: do_swap_page: prefetch miss 6386 "RenderThread" 7ec08fc000 217c6
           <...>-6426  [004] ...1  3205.487712: do_swap_page: prefetch miss 6386 "RenderThread" 7ec08fc000 217c6
           <...>-6426  [004] ....  3205.487757: do_swap_page: prefetch miss 6386 "RenderThread" 7ec09c3000 217c7
           <...>-6426  [004] ...1  3205.490970: do_swap_page: prefetch miss 6386 "RenderThread" 7ec09c3000 217c7
           <...>-6426  [004] ....  3205.490999: do_swap_page: prefetch miss 6386 "RenderThread" 7ebf150000 217c8
           <...>-6426  [004] ...1  3205.492775: do_swap_page: prefetch miss 6386 "RenderThread" 7ebf150000 217c8
           <...>-6426  [004] ....  3205.492809: do_swap_page: prefetch miss 6386 "RenderThread" 7ec0981000 29714
           <...>-6426  [004] ...1  3205.494677: do_swap_page: prefetch miss 6386 "RenderThread" 7ec0981000 29714
           <...>-6426  [004] ....  3205.494715: do_swap_page: prefetch miss 6386 "RenderThread" 7f2d750000 217c9
           <...>-6426  [004] ...1  3205.496573: do_swap_page: prefetch miss 6386 "RenderThread" 7f2d750000 217c9
           <...>-6426  [004] ....  3205.496599: do_swap_page: prefetch miss 6386 "RenderThread" 7ec0961000 217ca
           <...>-6426  [006] ...1  3205.498803: do_swap_page: prefetch miss 6386 "RenderThread" 7ec0961000 217ca
           <...>-6426  [006] ....  3205.498857: do_swap_page: prefetch miss 6386 "RenderThread" 7f2d780000 217cb
           <...>-6426  [006] ...1  3205.501103: do_swap_page: prefetch miss 6386 "RenderThread" 7f2d780000 217cb
           <...>-6426  [006] ....  3205.501141: do_swap_page: prefetch miss 6386 "RenderThread" 7ec08fe000 217cc
           <...>-6426  [007] ...1  3205.502883: do_swap_page: prefetch miss 6386 "RenderThread" 7ec08fe000 217cc
           <...>-6426  [007] ....  3205.502923: do_swap_page: prefetch miss 6386 "RenderThread" 7ec08f6000 217cd
           <...>-6426  [007] ...1  3205.504742: do_swap_page: prefetch miss 6386 "RenderThread" 7ec08f6000 217cd
           <...>-6426  [007] ....  3205.504767: do_swap_page: prefetch miss 6386 "RenderThread" 7ec097b000 217ce
           <...>-6426  [007] ...1  3205.506609: do_swap_page: prefetch miss 6386 "RenderThread" 7ec097b000 217ce
           <...>-6426  [007] ....  3205.506732: do_swap_page: prefetch miss 6386 "RenderThread" 7ec0962000 217cf
           <...>-6426  [007] ...1  3205.508640: do_swap_page: prefetch miss 6386 "RenderThread" 7ec0962000 217cf
           <...>-6426  [007] ....  3205.508660: do_swap_page: prefetch miss 6386 "RenderThread" 7ebf152000 217d0
           <...>-6426  [007] ...1  3205.510443: do_swap_page: prefetch miss 6386 "RenderThread" 7ebf152000 217d0
           <...>-6426  [007] ....  3205.510471: do_swap_page: prefetch miss 6386 "RenderThread" 7ebf153000 217d1
           <...>-6426  [007] ...1  3205.512138: do_swap_page: prefetch miss 6386 "RenderThread" 7ebf153000 217d1
           <...>-6426  [007] ....  3205.512179: do_swap_page: prefetch miss 6386 "RenderThread" 7ebf151000 217d2
           <...>-6426  [007] ...1  3205.513919: do_swap_page: prefetch miss 6386 "RenderThread" 7ebf151000 217d2
           <...>-6426  [007] ....  3205.513937: do_swap_page: prefetch miss 6386 "RenderThread" 7f2d73a000 217d3
           <...>-6426  [007] ...1  3205.515778: do_swap_page: prefetch miss 6386 "RenderThread" 7f2d73a000 217d3
           <...>-6426  [007] ....  3205.515800: do_swap_page: prefetch miss 6386 "RenderThread" 7ec0960000 217d4
           <...>-6426  [007] ...1  3205.517788: do_swap_page: prefetch miss 6386 "RenderThread" 7ec0960000 217d4
           <...>-6426  [007] ....  3205.517906: do_swap_page: prefetch miss 6386 "RenderThread" 7ec095a000 217d5
           <...>-6426  [007] ...1  3205.519759: do_swap_page: prefetch miss 6386 "RenderThread" 7ec095a000 217d5
           <...>-6426  [007] ....  3205.519773: do_swap_page: prefetch miss 6386 "RenderThread" 7ec095f000 217d6
           <...>-6426  [007] ...1  3205.521648: do_swap_page: prefetch miss 6386 "RenderThread" 7ec095f000 217d6
           <...>-6426  [007] ....  3205.521810: do_swap_page: prefetch miss 6386 "RenderThread" 7f2d737000 217d7
           <...>-6426  [007] ...1  3205.524028: do_swap_page: prefetch miss 6386 "RenderThread" 7f2d737000 217d7
           <...>-6426  [007] ....  3205.524054: do_swap_page: prefetch miss 6386 "RenderThread" 7f2d738000 217d8
           <...>-6426  [007] ...1  3205.525697: do_swap_page: prefetch miss 6386 "RenderThread" 7f2d738000 217d8
 .candycrushsaga-6386  [007] ....  3205.526022: do_swap_page: prefetch miss 6386 ".candycrushsaga" 9e142000 217d9
 .candycrushsaga-6386  [007] ...1  3205.528061: do_swap_page: prefetch miss 6386 ".candycrushsaga" 9e142000 217d9
 .candycrushsaga-6386  [007] ....  3205.528068: do_swap_page: prefetch miss 6386 ".candycrushsaga" 9e0f4000 217da
 .candycrushsaga-6386  [007] ...1  3205.529913: do_swap_page: prefetch miss 6386 ".candycrushsaga" 9e0f4000 217da
 .candycrushsaga-6386  [007] ....  3205.530027: do_swap_page: prefetch miss 6386 ".candycrushsaga" 7e9e5ca000 217db
 .candycrushsaga-6386  [007] ...1  3205.532012: do_swap_page: prefetch miss 6386 ".candycrushsaga" 7e9e5ca000 217db
           <...>-1661  [005] ....  3205.532313: do_swap_page: prefetch miss 1338 "Binder:1338_5" 7f20b8a000 217dc
           <...>-1661  [005] ...1  3205.533947: do_swap_page: prefetch miss 1338 "Binder:1338_5" 7f20b8a000 217dc
           <...>-1661  [005] ....  3205.534003: do_swap_page: prefetch miss 1338 "Binder:1338_5" 9e2cc000 1728
           <...>-1661  [005] ...1  3205.535904: do_swap_page: prefetch miss 1338 "Binder:1338_5" 9e2cc000 1728
           <...>-1661  [005] ....  3205.535933: do_swap_page: prefetch miss 1338 "Binder:1338_5" 9e33d000 217dd
    GLThread 444-6441  [006] ....  3205.536500: do_swap_page: prefetch miss 6386 "GLThread 444" 7f28b04000 117b5
           <...>-1661  [005] ...1  3205.537952: do_swap_page: prefetch miss 1338 "Binder:1338_5" 9e33d000 217dd
    GLThread 444-6441  [006] ...1  3205.537976: do_swap_page: prefetch miss 6386 "GLThread 444" 7f28b04000 117b5
           <...>-1661  [006] ....  3205.537998: do_swap_page: prefetch miss 1338 "Binder:1338_5" 9e161000 1729
           <...>-1661  [005] ...1  3205.539914: do_swap_page: prefetch miss 1338 "Binder:1338_5" 9e161000 1729
           <...>-1661  [005] ....  3205.539970: do_swap_page: prefetch miss 1338 "Binder:1338_5" 14110000 217de
           <...>-1661  [005] ...1  3205.541905: do_swap_page: prefetch miss 1338 "Binder:1338_5" 14110000 217de
           <...>-1661  [005] ....  3205.541986: do_swap_page: prefetch miss 1338 "Binder:1338_5" 1422f000 217df
           <...>-1661  [005] ...1  3205.546036: do_swap_page: prefetch miss 1338 "Binder:1338_5" 1422f000 217df
 .candycrushsaga-6386  [007] ....  3205.546115: do_swap_page: prefetch miss 6386 ".candycrushsaga" 7ed0541000 217e0
 .candycrushsaga-6386  [007] ...1  3205.548137: do_swap_page: prefetch miss 6386 ".candycrushsaga" 7ed0541000 217e0
           <...>-1661  [005] ....  3205.548245: do_swap_page: prefetch miss 1338 "Binder:1338_5" 13f68000 217e1
           <...>-1661  [005] ...1  3205.550230: do_swap_page: prefetch miss 1338 "Binder:1338_5" 13f68000 217e1
           <...>-1661  [005] ....  3205.550270: do_swap_page: prefetch miss 1338 "Binder:1338_5" 7ed17ce000 d71b
           <...>-1661  [005] ...1  3205.552324: do_swap_page: prefetch miss 1338 "Binder:1338_5" 7ed17ce000 d71b
           <...>-1661  [005] ....  3205.552397: do_swap_page: prefetch miss 1338 "Binder:1338_5" 7ed17cf000 d71c
           <...>-1661  [005] ...1  3205.554240: do_swap_page: prefetch miss 1338 "Binder:1338_5" 7ed17cf000 d71c
           <...>-1661  [005] ....  3205.554289: do_swap_page: prefetch miss 1338 "Binder:1338_5" 143b5000 217e2
           <...>-1661  [005] ...1  3205.556064: do_swap_page: prefetch miss 1338 "Binder:1338_5" 143b5000 217e2
 .candycrushsaga-6386  [007] ....  3205.556294: do_swap_page: prefetch miss 6386 ".candycrushsaga" 7fbbe66000 217e3
 .candycrushsaga-6386  [007] ...1  3205.557878: do_swap_page: prefetch miss 6386 ".candycrushsaga" 7fbbe66000 217e3
    Binder:913_5-3611  [006] ....  3205.559539: do_swap_page: prefetch miss 913 "Binder:913_5" f352c000 1975e
    Binder:913_5-3611  [006] ...1  3205.561548: do_swap_page: prefetch miss 913 "Binder:913_5" f352c000 1975e
    Binder:913_5-3611  [006] ....  3205.561562: do_swap_page: prefetch miss 913 "Binder:913_5" f2f06000 57ca
    Binder:913_5-3611  [006] ...1  3205.563246: do_swap_page: prefetch miss 913 "Binder:913_5" f2f06000 57ca
    Binder:913_5-3611  [006] ....  3205.563258: do_swap_page: prefetch miss 913 "Binder:913_5" f6678000 57cb
    Binder:913_5-3611  [006] ...1  3205.565149: do_swap_page: prefetch miss 913 "Binder:913_5" f6678000 57cb
    Binder:913_5-3611  [006] ....  3205.565157: do_swap_page: prefetch miss 913 "Binder:913_5" f7a4a000 57cc
    Binder:913_5-3611  [006] ...1  3205.567092: do_swap_page: prefetch miss 913 "Binder:913_5" f7a4a000 57cc
    Binder:913_5-3611  [006] ....  3205.567102: do_swap_page: prefetch miss 913 "Binder:913_5" f3516000 57cd
    Binder:913_5-3611  [006] ...1  3205.570037: do_swap_page: prefetch miss 913 "Binder:913_5" f3516000 57cd
    Binder:913_5-3611  [006] ....  3205.570053: do_swap_page: prefetch miss 913 "Binder:913_5" f3502000 57ce
    Binder:913_5-3611  [006] ...1  3205.571737: do_swap_page: prefetch miss 913 "Binder:913_5" f3502000 57ce
    Binder:913_5-3611  [006] ....  3205.571742: do_swap_page: prefetch miss 913 "Binder:913_5" f3505000 57cf
    Binder:913_5-3611  [006] ...1  3205.573657: do_swap_page: prefetch miss 913 "Binder:913_5" f3505000 57cf
    Binder:913_5-3611  [006] ....  3205.573663: do_swap_page: prefetch miss 913 "Binder:913_5" f3509000 57d0
    Binder:913_5-3611  [006] ...1  3205.575620: do_swap_page: prefetch miss 913 "Binder:913_5" f3509000 57d0
    Binder:913_5-3611  [006] ....  3205.575628: do_swap_page: prefetch miss 913 "Binder:913_5" f6f39000 57d1
    Binder:913_5-3611  [006] ...1  3205.577476: do_swap_page: prefetch miss 913 "Binder:913_5" f6f39000 57d1
    Binder:913_5-3611  [006] ....  3205.577484: do_swap_page: prefetch miss 913 "Binder:913_5" f7a05000 57d2
    Binder:913_5-3611  [006] ...1  3205.579975: do_swap_page: prefetch miss 913 "Binder:913_5" f7a05000 57d2
    Binder:913_5-3611  [006] ....  3205.579982: do_swap_page: prefetch miss 913 "Binder:913_5" f7a5c000 57d3
    Binder:913_5-3611  [006] ...1  3205.582089: do_swap_page: prefetch miss 913 "Binder:913_5" f7a5c000 57d3
    Binder:913_5-3611  [006] ....  3205.582099: do_swap_page: prefetch miss 913 "Binder:913_5" f2f05000 57d4
    Binder:913_5-3611  [006] ...1  3205.584714: do_swap_page: prefetch miss 913 "Binder:913_5" f2f05000 57d4
    Binder:913_5-3611  [006] ....  3205.584725: do_swap_page: prefetch miss 913 "Binder:913_5" f667b000 9771
    Binder:913_5-3611  [006] ...1  3205.586636: do_swap_page: prefetch miss 913 "Binder:913_5" f667b000 9771
    Binder:913_5-3611  [006] ....  3205.586646: do_swap_page: prefetch miss 913 "Binder:913_5" f7a0b000 57d5
    Binder:913_5-3611  [006] ...1  3205.588416: do_swap_page: prefetch miss 913 "Binder:913_5" f7a0b000 57d5
    Binder:913_5-3611  [006] ....  3205.588423: do_swap_page: prefetch miss 913 "Binder:913_5" f7a3a000 57d6
    Binder:913_5-3611  [006] ...1  3205.592591: do_swap_page: prefetch miss 913 "Binder:913_5" f7a3a000 57d6
    Binder:913_5-3611  [006] ....  3205.592625: do_swap_page: prefetch miss 913 "Binder:913_5" f7a15000 157ac
    Binder:913_5-3611  [006] ...1  3205.594328: do_swap_page: prefetch miss 913 "Binder:913_5" f7a15000 157ac
    Binder:913_5-3611  [006] ....  3205.594356: do_swap_page: prefetch miss 913 "Binder:913_5" f7121000 d721
    Binder:913_5-3611  [006] ...1  3205.596319: do_swap_page: prefetch miss 913 "Binder:913_5" f7121000 d721
    Binder:913_5-3611  [006] ....  3205.596344: do_swap_page: prefetch miss 913 "Binder:913_5" f7a14000 d722
    Binder:913_5-3611  [006] ...1  3205.598081: do_swap_page: prefetch miss 913 "Binder:913_5" f7a14000 d722
    Binder:913_5-3611  [006] ....  3205.598105: do_swap_page: prefetch miss 913 "Binder:913_5" f7b05000 d72b
    Binder:913_5-3611  [006] ...1  3205.599856: do_swap_page: prefetch miss 913 "Binder:913_5" f7b05000 d72b
    Binder:913_5-3611  [006] ....  3205.599880: do_swap_page: prefetch miss 913 "Binder:913_5" f7b00000 57d9
    Binder:913_5-3611  [006] ...1  3205.601802: do_swap_page: prefetch miss 913 "Binder:913_5" f7b00000 57d9
    Binder:913_5-3611  [006] ....  3205.601829: do_swap_page: prefetch miss 913 "Binder:913_5" f7a10000 1578e
    Binder:913_5-3611  [006] ...1  3205.603851: do_swap_page: prefetch miss 913 "Binder:913_5" f7a10000 1578e
    Binder:913_5-3611  [006] ....  3205.603877: do_swap_page: prefetch miss 913 "Binder:913_5" f3546000 1578f
    Binder:913_5-3611  [006] ...1  3205.605796: do_swap_page: prefetch miss 913 "Binder:913_5" f3546000 1578f
    Binder:913_5-3611  [006] ....  3205.605825: do_swap_page: prefetch miss 913 "Binder:913_5" f35a0000 57df
    Binder:913_5-3611  [006] ...1  3205.607893: do_swap_page: prefetch miss 913 "Binder:913_5" f35a0000 57df
    Binder:913_5-3611  [006] ....  3205.607922: do_swap_page: prefetch miss 913 "Binder:913_5" f65ab000 d726
    Binder:913_5-3611  [006] ...1  3205.609617: do_swap_page: prefetch miss 913 "Binder:913_5" f65ab000 d726
    Binder:913_5-3611  [006] ....  3205.609643: do_swap_page: prefetch miss 913 "Binder:913_5" f7a06000 15792
    Binder:913_5-3611  [006] ...1  3205.611644: do_swap_page: prefetch miss 913 "Binder:913_5" f7a06000 15792
    Binder:913_5-3611  [006] ....  3205.611697: do_swap_page: prefetch miss 913 "Binder:913_5" f3500000 15791
    Binder:913_5-3611  [006] ...1  3205.613569: do_swap_page: prefetch miss 913 "Binder:913_5" f3500000 15791
    Binder:913_5-3611  [006] ....  3205.613614: do_swap_page: prefetch miss 913 "Binder:913_5" f352a000 19783
    Binder:913_5-3611  [006] ...1  3205.615306: do_swap_page: prefetch miss 913 "Binder:913_5" f352a000 19783
    Binder:913_5-3611  [006] ....  3205.615354: do_swap_page: prefetch miss 913 "Binder:913_5" f7b09000 57d8
    Binder:913_5-3611  [006] ...1  3205.617659: do_swap_page: prefetch miss 913 "Binder:913_5" f7b09000 57d8
    Binder:913_5-3611  [006] ....  3205.617689: do_swap_page: prefetch miss 913 "Binder:913_5" f3605000 1d729
    Binder:913_5-3611  [006] ...1  3205.619681: do_swap_page: prefetch miss 913 "Binder:913_5" f3605000 1d729
    Binder:913_5-3611  [006] ....  3205.619714: do_swap_page: prefetch miss 913 "Binder:913_5" f6680000 1733
    Binder:913_5-3611  [006] ...1  3205.621783: do_swap_page: prefetch miss 913 "Binder:913_5" f6680000 1733
    Binder:913_5-3611  [006] ....  3205.621806: do_swap_page: prefetch miss 913 "Binder:913_5" f3603000 157ad
    Binder:913_5-3611  [006] ...1  3205.623480: do_swap_page: prefetch miss 913 "Binder:913_5" f3603000 157ad
    Binder:913_5-3611  [006] ....  3205.623507: do_swap_page: prefetch miss 913 "Binder:913_5" f3600000 157af
    Binder:913_5-3611  [006] ...1  3205.625588: do_swap_page: prefetch miss 913 "Binder:913_5" f3600000 157af
    Binder:913_5-3611  [006] ....  3205.625614: do_swap_page: prefetch miss 913 "Binder:913_5" f3601000 157ae
    Binder:913_5-3611  [006] ...1  3205.627309: do_swap_page: prefetch miss 913 "Binder:913_5" f3601000 157ae
    Binder:913_5-3611  [006] ....  3205.627369: do_swap_page: prefetch miss 913 "Binder:913_5" f3607000 1d72d
    Binder:913_5-3611  [006] ...1  3205.629034: do_swap_page: prefetch miss 913 "Binder:913_5" f3607000 1d72d
    Binder:913_5-3611  [006] ....  3205.629058: do_swap_page: prefetch miss 913 "Binder:913_5" f3608000 157b9
    Binder:913_5-3611  [006] ...1  3205.631710: do_swap_page: prefetch miss 913 "Binder:913_5" f3608000 157b9
    Binder:913_5-3611  [006] ....  3205.631782: do_swap_page: prefetch miss 913 "Binder:913_5" f354b000 15796
    Binder:913_5-3611  [006] ...1  3205.633634: do_swap_page: prefetch miss 913 "Binder:913_5" f354b000 15796
    Binder:913_5-3611  [005] ....  3205.633863: do_swap_page: prefetch miss 913 "Binder:913_5" f7a25000 157bd
    Binder:913_5-3611  [006] ...1  3205.635638: do_swap_page: prefetch miss 913 "Binder:913_5" f7a25000 157bd
    Binder:913_5-3611  [006] ....  3205.635668: do_swap_page: prefetch miss 913 "Binder:913_5" f7a24000 d72d
    Binder:913_5-3611  [006] ...1  3205.637638: do_swap_page: prefetch miss 913 "Binder:913_5" f7a24000 d72d
    Binder:913_5-3611  [006] ....  3205.637672: do_swap_page: prefetch miss 913 "Binder:913_5" f58f7000 1579f
    Binder:913_5-3611  [006] ...1  3205.639484: do_swap_page: prefetch miss 913 "Binder:913_5" f58f7000 1579f
    Binder:913_5-3611  [006] ....  3205.639510: do_swap_page: prefetch miss 913 "Binder:913_5" f7a12000 15795
    Binder:913_5-3611  [006] ...1  3205.641196: do_swap_page: prefetch miss 913 "Binder:913_5" f7a12000 15795
    Binder:913_5-3611  [006] ....  3205.641224: do_swap_page: prefetch miss 913 "Binder:913_5" f3533000 1d730
    Binder:913_5-3611  [006] ...1  3205.643039: do_swap_page: prefetch miss 913 "Binder:913_5" f3533000 1d730
    Binder:913_5-3611  [006] ....  3205.643068: do_swap_page: prefetch miss 913 "Binder:913_5" f356b000 157b1
    Binder:913_5-3611  [006] ...1  3205.644876: do_swap_page: prefetch miss 913 "Binder:913_5" f356b000 157b1
    Binder:913_5-3611  [006] ....  3205.644905: do_swap_page: prefetch miss 913 "Binder:913_5" f6fa3000 157a2
    Binder:913_5-3611  [006] ...1  3205.648077: do_swap_page: prefetch miss 913 "Binder:913_5" f6fa3000 157a2
    Binder:913_5-3611  [006] ....  3205.648121: do_swap_page: prefetch miss 913 "Binder:913_5" f27d6000 157a5
    Binder:913_5-3611  [006] ...1  3205.650184: do_swap_page: prefetch miss 913 "Binder:913_5" f27d6000 157a5
    Binder:913_5-3611  [006] ....  3205.650230: do_swap_page: prefetch miss 913 "Binder:913_5" f7b08000 15797
    Binder:913_5-3611  [006] ...1  3205.651937: do_swap_page: prefetch miss 913 "Binder:913_5" f7b08000 15797
    Binder:913_5-3611  [006] ....  3205.651966: do_swap_page: prefetch miss 913 "Binder:913_5" f7b15000 157a7
    Binder:913_5-3611  [006] ...1  3205.653973: do_swap_page: prefetch miss 913 "Binder:913_5" f7b15000 157a7
    Binder:913_5-3611  [006] ....  3205.653998: do_swap_page: prefetch miss 913 "Binder:913_5" f7b0e000 57e0
    Binder:913_5-3611  [006] ...1  3205.656268: do_swap_page: prefetch miss 913 "Binder:913_5" f7b0e000 57e0
    Binder:913_5-3611  [006] ....  3205.656293: do_swap_page: prefetch miss 913 "Binder:913_5" f3531000 57d7
    Binder:913_5-3611  [006] ...1  3205.658288: do_swap_page: prefetch miss 913 "Binder:913_5" f3531000 57d7
    Binder:913_5-3611  [006] ....  3205.658316: do_swap_page: prefetch miss 913 "Binder:913_5" f357c000 1d728
    Binder:913_5-3611  [006] ...1  3205.660081: do_swap_page: prefetch miss 913 "Binder:913_5" f357c000 1d728
    Binder:913_5-3611  [006] ....  3205.660109: do_swap_page: prefetch miss 913 "Binder:913_5" f7a29000 157b2
    Binder:913_5-3611  [006] ...1  3205.662049: do_swap_page: prefetch miss 913 "Binder:913_5" f7a29000 157b2
    Binder:913_5-3611  [006] ....  3205.662076: do_swap_page: prefetch miss 913 "Binder:913_5" f7a07000 157a1
    Binder:913_5-3611  [006] ...1  3205.663792: do_swap_page: prefetch miss 913 "Binder:913_5" f7a07000 157a1
    Binder:913_5-3611  [006] ....  3205.663901: do_swap_page: prefetch miss 913 "Binder:913_5" f207a000 157b4
    Binder:913_5-3611  [006] ...1  3205.665691: do_swap_page: prefetch miss 913 "Binder:913_5" f207a000 157b4
    Binder:913_5-3611  [006] ....  3205.665728: do_swap_page: prefetch miss 913 "Binder:913_5" f3555000 1977f
           <...>-18166 [003] ....  3205.665877: do_swap_page: prefetch miss 913 "Binder:913_5" f7b03000 157ab
    Binder:913_5-3611  [006] ...1  3205.667621: do_swap_page: prefetch miss 913 "Binder:913_5" f3555000 1977f
           <...>-18166 [005] ...1  3205.667652: do_swap_page: prefetch miss 913 "Binder:913_5" f7b03000 157ab
    Binder:913_5-3611  [006] ....  3205.667658: do_swap_page: prefetch miss 913 "Binder:913_5" f6679000 5717
           <...>-18166 [005] ....  3205.667710: do_swap_page: prefetch miss 913 "Binder:913_5" f7b07000 157b6
    Binder:913_5-3611  [006] ...1  3205.669536: do_swap_page: prefetch miss 913 "Binder:913_5" f6679000 5717
           <...>-18166 [005] ...1  3205.669549: do_swap_page: prefetch miss 913 "Binder:913_5" f7b07000 157b6
           <...>-18166 [005] ....  3205.669559: do_swap_page: prefetch miss 913 "Binder:913_5" f667d000 d731
    Binder:913_5-3611  [005] ....  3205.669567: do_swap_page: prefetch miss 913 "Binder:913_5" f7f29000 5718
    Binder:913_5-3611  [006] ...1  3205.671505: do_swap_page: prefetch miss 913 "Binder:913_5" f7f29000 5718
           <...>-18166 [005] ...1  3205.671516: do_swap_page: prefetch miss 913 "Binder:913_5" f667d000 d731
           <...>-18166 [005] ....  3205.671524: do_swap_page: prefetch miss 913 "Binder:913_5" f7a0c000 157b8
    Binder:913_5-3611  [005] ....  3205.671530: do_swap_page: prefetch miss 913 "Binder:913_5" f72df000 157bb
           <...>-18166 [005] ...1  3205.673246: do_swap_page: prefetch miss 913 "Binder:913_5" f7a0c000 157b8
    Binder:913_5-3611  [006] ...1  3205.673267: do_swap_page: prefetch miss 913 "Binder:913_5" f72df000 157bb
           <...>-18166 [005] ....  3205.673282: do_swap_page: prefetch miss 913 "Binder:913_5" f7b01000 157aa
    Binder:913_5-3611  [006] ....  3205.673417: do_swap_page: prefetch miss 913 "Binder:913_5" f351b000 19776
 NuPlayerDriver -18167 [001] ....  3205.673489: do_swap_page: prefetch miss 913 "Binder:913_5" f7b0c000 57db
     logd.writer-576   [001] ....  3205.673511: do_swap_page: prefetch miss 560 "logd.writer" 7fbd6f2000 19755
           <...>-18166 [005] ...1  3205.675239: do_swap_page: prefetch miss 913 "Binder:913_5" f7b01000 157aa
    Binder:913_5-3611  [006] ...1  3205.675264: do_swap_page: prefetch miss 913 "Binder:913_5" f351b000 19776
     logd.writer-576   [003] ...1  3205.675294: do_swap_page: prefetch miss 560 "logd.writer" 7fbd6f2000 19755
 NuPlayerDriver -18167 [001] ...1  3205.675303: do_swap_page: prefetch miss 913 "Binder:913_5" f7b0c000 57db
    Binder:913_5-3611  [006] ....  3205.675310: do_swap_page: prefetch miss 913 "Binder:913_5" f351c000 19777
 NuPlayerDriver -18167 [001] ....  3205.675327: do_swap_page: prefetch miss 913 "Binder:913_5" f2ac7000 57de
           <...>-18166 [005] ....  3205.675354: do_swap_page: prefetch miss 913 "Binder:913_5" f2ac7000 57de
    Binder:913_5-3611  [006] ...1  3205.677056: do_swap_page: prefetch miss 913 "Binder:913_5" f351c000 19777
           <...>-18166 [005] ...1  3205.677073: do_swap_page: prefetch miss 913 "Binder:913_5" f2ac7000 57de
           <...>-18166 [005] ....  3205.677080: do_swap_page: prefetch miss 913 "Binder:913_5" f2ac8000 57e1
    Binder:913_5-3611  [005] ....  3205.677087: do_swap_page: prefetch miss 913 "Binder:913_5" f7a23000 157b0
 NuPlayerDriver -18167 [005] ....  3205.677098: do_swap_page: prefetch miss 913 "Binder:913_5" f7a09000 1579c
    Binder:913_5-3611  [006] ...1  3205.679499: do_swap_page: prefetch miss 913 "Binder:913_5" f7a23000 157b0
 NuPlayerDriver -18167 [005] ...1  3205.679514: do_swap_page: prefetch miss 913 "Binder:913_5" f7a09000 1579c
 NuPlayerDriver -18167 [005] ....  3205.679522: do_swap_page: prefetch miss 913 "Binder:913_5" f3604000 57e3
    Binder:913_5-3611  [005] ....  3205.679528: do_swap_page: prefetch miss 913 "Binder:913_5" f7a30000 57dc
           <...>-18166 [005] ...1  3205.679533: do_swap_page: prefetch miss 913 "Binder:913_5" f2ac8000 57e1
    Binder:913_5-3611  [006] ...1  3205.681370: do_swap_page: prefetch miss 913 "Binder:913_5" f7a30000 57dc
 NuPlayerDriver -18167 [006] ...1  3205.681409: do_swap_page: prefetch miss 913 "Binder:913_5" f3604000 57e3
 NuPlayerDriver -18167 [006] ....  3205.681446: do_swap_page: prefetch miss 913 "Binder:913_5" f351d000 15793
    Binder:913_5-3611  [001] ....  3205.681728: do_swap_page: prefetch miss 913 "Binder:913_5" f7068000 57e5
 NuPlayerDriver -18167 [006] ...1  3205.683314: do_swap_page: prefetch miss 913 "Binder:913_5" f351d000 15793
 NuPlayerDriver -18167 [006] ....  3205.683328: do_swap_page: prefetch miss 913 "Binder:913_5" f6c3b000 977d
    Binder:913_5-3611  [001] ...1  3205.683353: do_swap_page: prefetch miss 913 "Binder:913_5" f7068000 57e5
    Binder:913_5-3611  [001] ....  3205.683436: do_swap_page: prefetch miss 913 "Binder:913_5" f3530000 57e7
           <...>-18166 [006] ...1  3205.685241: do_swap_page: prefetch miss 913 "Binder:913_5" f6c3b000 977d
           <...>-18166 [005] ....  3205.685262: do_swap_page: prefetch miss 913 "Binder:913_5" f3501000 57e6
    Binder:913_5-3611  [001] ...1  3205.685271: do_swap_page: prefetch miss 913 "Binder:913_5" f3530000 57e7
    Binder:913_5-3611  [001] ....  3205.685382: do_swap_page: prefetch miss 913 "Binder:913_5" f6722000 57e8
 NuPlayerDriver -18167 [006] ...1  3205.687046: do_swap_page: prefetch miss 913 "Binder:913_5" f3501000 57e6
 NuPlayerDriver -18167 [006] ....  3205.687071: do_swap_page: prefetch miss 913 "Binder:913_5" f352f000 977f
    Binder:913_5-3611  [001] ...1  3205.687074: do_swap_page: prefetch miss 913 "Binder:913_5" f6722000 57e8
    Binder:913_5-3611  [001] ....  3205.687159: do_swap_page: prefetch miss 913 "Binder:913_5" f3542000 1579e
 NuPlayerDriver -18167 [006] ...1  3205.689067: do_swap_page: prefetch miss 913 "Binder:913_5" f352f000 977f
    Binder:913_5-3611  [001] ...1  3205.689093: do_swap_page: prefetch miss 913 "Binder:913_5" f3542000 1579e
    Binder:913_5-3611  [001] ....  3205.689174: do_swap_page: prefetch miss 913 "Binder:913_5" f352d000 57ea
    Binder:913_5-3611  [001] ...1  3205.690938: do_swap_page: prefetch miss 913 "Binder:913_5" f352d000 57ea
    Binder:913_5-3611  [001] ....  3205.691049: do_swap_page: prefetch miss 913 "Binder:913_5" f352e000 15790
    Binder:913_5-3611  [001] ...1  3205.694057: do_swap_page: prefetch miss 913 "Binder:913_5" f352e000 15790
    Binder:913_5-3611  [001] ....  3205.694147: do_swap_page: prefetch miss 913 "Binder:913_5" f7a52000 157b5
    Binder:913_5-3611  [001] ...1  3205.695945: do_swap_page: prefetch miss 913 "Binder:913_5" f7a52000 157b5
    Binder:913_5-3611  [001] ....  3205.696021: do_swap_page: prefetch miss 913 "Binder:913_5" f35fd000 1d72e
    Binder:913_5-3611  [001] ...1  3205.697910: do_swap_page: prefetch miss 913 "Binder:913_5" f35fd000 1d72e
 hwservicemanage-562   [002] ....  3205.698415: do_swap_page: prefetch miss 562 "hwservicemanage" 7fbd7ac000 9745
 hwservicemanage-562   [002] ...1  3205.700069: do_swap_page: prefetch miss 562 "hwservicemanage" 7fbd7ac000 9745
 hwservicemanage-562   [002] ....  3205.700194: do_swap_page: prefetch miss 562 "hwservicemanage" 7fbe0bb000 9747
 hwservicemanage-562   [002] ...1  3205.702267: do_swap_page: prefetch miss 562 "hwservicemanage" 7fbe0bb000 9747
 hwservicemanage-562   [002] ....  3205.702453: do_swap_page: prefetch miss 562 "hwservicemanage" 7fbd20d000 5705
 hwservicemanage-562   [002] ...1  3205.704223: do_swap_page: prefetch miss 562 "hwservicemanage" 7fbd20d000 5705
 hwservicemanage-562   [002] ....  3205.704334: do_swap_page: prefetch miss 562 "hwservicemanage" 7fbd20e000 5706
 hwservicemanage-562   [002] ...1  3205.706243: do_swap_page: prefetch miss 562 "hwservicemanage" 7fbd20e000 5706
 hwservicemanage-562   [002] ....  3205.706360: do_swap_page: prefetch miss 562 "hwservicemanage" 7fbd211000 5707
 hwservicemanage-562   [002] ...1  3205.708442: do_swap_page: prefetch miss 562 "hwservicemanage" 7fbd211000 5707
 hwservicemanage-562   [002] ....  3205.708611: do_swap_page: prefetch miss 562 "hwservicemanage" 7fbd406000 570a
 hwservicemanage-562   [002] ...1  3205.710635: do_swap_page: prefetch miss 562 "hwservicemanage" 7fbd406000 570a
 hwservicemanage-562   [002] ....  3205.710770: do_swap_page: prefetch miss 562 "hwservicemanage" 7fbde79000 570c
 hwservicemanage-562   [002] ...1  3205.712458: do_swap_page: prefetch miss 562 "hwservicemanage" 7fbde79000 570c
 hwservicemanage-562   [002] ....  3205.712767: do_swap_page: prefetch miss 562 "hwservicemanage" 7fbd20f000 1716
 hwservicemanage-562   [002] ...1  3205.714492: do_swap_page: prefetch miss 562 "hwservicemanage" 7fbd20f000 1716
 hwservicemanage-562   [002] ....  3205.714611: do_swap_page: prefetch miss 562 "hwservicemanage" 7fbdb2b000 974b
 hwservicemanage-562   [002] ...1  3205.716450: do_swap_page: prefetch miss 562 "hwservicemanage" 7fbdb2b000 974b
 hwservicemanage-562   [002] ....  3205.716655: do_swap_page: prefetch miss 562 "hwservicemanage" 7fbd249000 974e
 hwservicemanage-562   [002] ...1  3205.718293: do_swap_page: prefetch miss 562 "hwservicemanage" 7fbd249000 974e
 hwservicemanage-562   [002] ....  3205.718378: do_swap_page: prefetch miss 562 "hwservicemanage" 7fbd207000 974f
 hwservicemanage-562   [002] ...1  3205.720107: do_swap_page: prefetch miss 562 "hwservicemanage" 7fbd207000 974f
 hwservicemanage-562   [002] ....  3205.720202: do_swap_page: prefetch miss 562 "hwservicemanage" 7fbd24c000 19756
 hwservicemanage-562   [002] ...1  3205.721832: do_swap_page: prefetch miss 562 "hwservicemanage" 7fbd24c000 19756
 hwservicemanage-562   [002] ....  3205.721953: do_swap_page: prefetch miss 562 "hwservicemanage" 7fbdb66000 9752
 hwservicemanage-562   [002] ...1  3205.723870: do_swap_page: prefetch miss 562 "hwservicemanage" 7fbdb66000 9752
 hwservicemanage-562   [002] ....  3205.723984: do_swap_page: prefetch miss 562 "hwservicemanage" 7fbd258000 9753
 hwservicemanage-562   [002] ...1  3205.725547: do_swap_page: prefetch miss 562 "hwservicemanage" 7fbd258000 9753
 hwservicemanage-562   [002] ....  3205.725701: do_swap_page: prefetch miss 562 "hwservicemanage" 7fbd21c000 9755
 hwservicemanage-562   [002] ...1  3205.727601: do_swap_page: prefetch miss 562 "hwservicemanage" 7fbd21c000 9755
 hwservicemanage-562   [002] ....  3205.727888: do_swap_page: prefetch miss 562 "hwservicemanage" 7fbd287000 9759
 hwservicemanage-562   [002] ...1  3205.729567: do_swap_page: prefetch miss 562 "hwservicemanage" 7fbd287000 9759
 hwservicemanage-562   [002] ....  3205.729707: do_swap_page: prefetch miss 562 "hwservicemanage" 7fbd23b000 570e
 hwservicemanage-562   [002] ...1  3205.731436: do_swap_page: prefetch miss 562 "hwservicemanage" 7fbd23b000 570e
 hwservicemanage-562   [002] ....  3205.731548: do_swap_page: prefetch miss 562 "hwservicemanage" 7fbd23d000 d705
 hwservicemanage-562   [002] ...1  3205.733262: do_swap_page: prefetch miss 562 "hwservicemanage" 7fbd23d000 d705
 hwservicemanage-562   [002] ....  3205.733357: do_swap_page: prefetch miss 562 "hwservicemanage" 7fbd23c000 d706
 hwservicemanage-562   [002] ...1  3205.735057: do_swap_page: prefetch miss 562 "hwservicemanage" 7fbd23c000 d706
 hwservicemanage-562   [002] ....  3205.735168: do_swap_page: prefetch miss 562 "hwservicemanage" 7fbd23f000 d707
 hwservicemanage-562   [002] ...1  3205.737090: do_swap_page: prefetch miss 562 "hwservicemanage" 7fbd23f000 d707
 hwservicemanage-562   [002] ....  3205.737174: do_swap_page: prefetch miss 562 "hwservicemanage" 7fbd23e000 d708
 hwservicemanage-562   [002] ...1  3205.739507: do_swap_page: prefetch miss 562 "hwservicemanage" 7fbd23e000 d708
    Binder:913_5-3611  [002] ....  3205.739892: do_swap_page: prefetch miss 913 "Binder:913_5" fffef000 5722
    Binder:913_5-3611  [002] ...1  3205.742094: do_swap_page: prefetch miss 913 "Binder:913_5" fffef000 5722
 hwservicemanage-562   [002] ....  3205.742378: do_swap_page: prefetch miss 562 "hwservicemanage" 7fbd285000 d70c
 hwservicemanage-562   [002] ...1  3205.743975: do_swap_page: prefetch miss 562 "hwservicemanage" 7fbd285000 d70c
 hwservicemanage-562   [002] ....  3205.744052: do_swap_page: prefetch miss 562 "hwservicemanage" 7fbd286000 d70d
 hwservicemanage-562   [002] ...1  3205.745738: do_swap_page: prefetch miss 562 "hwservicemanage" 7fbd286000 d70d
 hwservicemanage-562   [002] ....  3205.745811: do_swap_page: prefetch miss 562 "hwservicemanage" 7fbd246000 d70e
 hwservicemanage-562   [002] ...1  3205.747846: do_swap_page: prefetch miss 562 "hwservicemanage" 7fbd246000 d70e
 hwservicemanage-562   [002] ....  3205.747923: do_swap_page: prefetch miss 562 "hwservicemanage" 7fbd268000 d70f
 hwservicemanage-562   [002] ...1  3205.751083: do_swap_page: prefetch miss 562 "hwservicemanage" 7fbd268000 d70f
 hwservicemanage-562   [002] ....  3205.751177: do_swap_page: prefetch miss 562 "hwservicemanage" 7fbd272000 d710
 hwservicemanage-562   [002] ...1  3205.753141: do_swap_page: prefetch miss 562 "hwservicemanage" 7fbd272000 d710
 hwservicemanage-562   [002] ....  3205.753269: do_swap_page: prefetch miss 562 "hwservicemanage" 7fbd27c000 d711
 hwservicemanage-562   [002] ...1  3205.755252: do_swap_page: prefetch miss 562 "hwservicemanage" 7fbd27c000 d711
           <...>-918   [000] ....  3205.755509: do_swap_page: prefetch miss 918 "omx@1.0-service" f7c0d000 57ec
           <...>-918   [000] ...1  3205.757113: do_swap_page: prefetch miss 918 "omx@1.0-service" f7c0d000 57ec
           <...>-918   [000] ....  3205.757146: do_swap_page: prefetch miss 918 "omx@1.0-service" fffef000 57ed
           <...>-918   [000] ...1  3205.759001: do_swap_page: prefetch miss 918 "omx@1.0-service" fffef000 57ed
           <...>-918   [000] ....  3205.759030: do_swap_page: prefetch miss 918 "omx@1.0-service" f6256000 d733
           <...>-918   [000] ...1  3205.760858: do_swap_page: prefetch miss 918 "omx@1.0-service" f6256000 d733
           <...>-918   [000] ....  3205.760880: do_swap_page: prefetch miss 918 "omx@1.0-service" f7bd1000 57ee
           <...>-918   [000] ...1  3205.762714: do_swap_page: prefetch miss 918 "omx@1.0-service" f7bd1000 57ee
           <...>-918   [000] ....  3205.762758: do_swap_page: prefetch miss 918 "omx@1.0-service" f7bc9000 57ef
           <...>-918   [000] ...1  3205.765323: do_swap_page: prefetch miss 918 "omx@1.0-service" f7bc9000 57ef
           <...>-918   [000] ....  3205.765353: do_swap_page: prefetch miss 918 "omx@1.0-service" f7dde000 1738
           <...>-6507  [007] ....  3205.767486: do_swap_page: prefetch miss 6386 "GLThread 444" 7e9e073000 29738
           <...>-918   [000] ...1  3205.767642: do_swap_page: prefetch miss 918 "omx@1.0-service" f7dde000 1738
           <...>-918   [000] ....  3205.767754: do_swap_page: prefetch miss 918 "omx@1.0-service" f7fef000 1739
           <...>-6507  [007] ...1  3205.769464: do_swap_page: prefetch miss 6386 "GLThread 444" 7e9e073000 29738
           <...>-6507  [007] ....  3205.772272: do_swap_page: prefetch miss 6386 "GLThread 444" 7e9b255000 217b0
           <...>-918   [000] ...1  3205.772339: do_swap_page: prefetch miss 918 "omx@1.0-service" f7fef000 1739
           <...>-918   [000] ....  3205.772447: do_swap_page: prefetch miss 918 "omx@1.0-service" f7ba6000 57f0
           <...>-6507  [007] ...1  3205.774447: do_swap_page: prefetch miss 6386 "GLThread 444" 7e9b255000 217b0
           <...>-6507  [007] ....  3205.775060: do_swap_page: prefetch miss 6386 "GLThread 444" 7e9e6e1000 257f6
           <...>-918   [000] ...1  3205.775080: do_swap_page: prefetch miss 918 "omx@1.0-service" f7ba6000 57f0
           <...>-918   [000] ....  3205.775169: do_swap_page: prefetch miss 918 "omx@1.0-service" f7baf000 57f1
           <...>-6507  [007] ...1  3205.776933: do_swap_page: prefetch miss 6386 "GLThread 444" 7e9e6e1000 257f6
           <...>-918   [000] ...1  3205.776952: do_swap_page: prefetch miss 918 "omx@1.0-service" f7baf000 57f1
           <...>-918   [000] ....  3205.777025: do_swap_page: prefetch miss 918 "omx@1.0-service" f7bfe000 57f2
           <...>-6507  [007] ....  3205.777800: do_swap_page: prefetch miss 6386 "GLThread 444" 7e9e12c000 2972c
           <...>-918   [000] ...1  3205.778931: do_swap_page: prefetch miss 918 "omx@1.0-service" f7bfe000 57f2
           <...>-918   [000] ....  3205.779034: do_swap_page: prefetch miss 918 "omx@1.0-service" f7079000 57f3
           <...>-6507  [007] ...1  3205.779473: do_swap_page: prefetch miss 6386 "GLThread 444" 7e9e12c000 2972c
           <...>-918   [000] ...1  3205.782135: do_swap_page: prefetch miss 918 "omx@1.0-service" f7079000 57f3
           <...>-918   [000] ....  3205.782232: do_swap_page: prefetch miss 918 "omx@1.0-service" f7ba4000 57f4
           <...>-918   [000] ...1  3205.784342: do_swap_page: prefetch miss 918 "omx@1.0-service" f7ba4000 57f4
           <...>-918   [000] ....  3205.784431: do_swap_page: prefetch miss 918 "omx@1.0-service" f7bb9000 57f5
           <...>-918   [000] ...1  3205.786105: do_swap_page: prefetch miss 918 "omx@1.0-service" f7bb9000 57f5
           <...>-918   [000] ....  3205.786204: do_swap_page: prefetch miss 918 "omx@1.0-service" f719b000 1740
           <...>-918   [000] ...1  3205.788267: do_swap_page: prefetch miss 918 "omx@1.0-service" f719b000 1740
           <...>-918   [000] ....  3205.788349: do_swap_page: prefetch miss 918 "omx@1.0-service" f6259000 1741
           <...>-918   [000] ...1  3205.790267: do_swap_page: prefetch miss 918 "omx@1.0-service" f6259000 1741
           <...>-918   [000] ....  3205.790346: do_swap_page: prefetch miss 918 "omx@1.0-service" f7ba8000 57f6
           <...>-918   [000] ...1  3205.792253: do_swap_page: prefetch miss 918 "omx@1.0-service" f7ba8000 57f6
           <...>-918   [000] ....  3205.792328: do_swap_page: prefetch miss 918 "omx@1.0-service" f7b9f000 57f7
           <...>-918   [000] ...1  3205.796293: do_swap_page: prefetch miss 918 "omx@1.0-service" f7b9f000 57f7
           <...>-918   [003] .n..  3205.796341: do_swap_page: prefetch miss 918 "omx@1.0-service" f7bc1000 1975f
           <...>-918   [000] ...1  3205.798709: do_swap_page: prefetch miss 918 "omx@1.0-service" f7bc1000 1975f
           <...>-918   [000] ....  3205.798792: do_swap_page: prefetch miss 918 "omx@1.0-service" f7bb3000 19760
           <...>-918   [000] ...1  3205.800772: do_swap_page: prefetch miss 918 "omx@1.0-service" f7bb3000 19760
           <...>-918   [000] ....  3205.800852: do_swap_page: prefetch miss 918 "omx@1.0-service" f7c38000 19761
           <...>-918   [000] ...1  3205.802674: do_swap_page: prefetch miss 918 "omx@1.0-service" f7c38000 19761
           <...>-918   [000] ....  3205.802773: do_swap_page: prefetch miss 918 "omx@1.0-service" f7c3b000 19762
           <...>-918   [000] ...1  3205.805033: do_swap_page: prefetch miss 918 "omx@1.0-service" f7c3b000 19762
           <...>-918   [000] ....  3205.805109: do_swap_page: prefetch miss 918 "omx@1.0-service" f7c3d000 19763
           <...>-918   [000] ...1  3205.807002: do_swap_page: prefetch miss 918 "omx@1.0-service" f7c3d000 19763
           <...>-918   [000] ....  3205.807091: do_swap_page: prefetch miss 918 "omx@1.0-service" f6006000 5724
           <...>-918   [000] ...1  3205.809080: do_swap_page: prefetch miss 918 "omx@1.0-service" f6006000 5724
           <...>-918   [000] ....  3205.809158: do_swap_page: prefetch miss 918 "omx@1.0-service" f6000000 5725
           <...>-918   [000] ...1  3205.810841: do_swap_page: prefetch miss 918 "omx@1.0-service" f6000000 5725
           <...>-918   [000] ....  3205.810928: do_swap_page: prefetch miss 918 "omx@1.0-service" f7ba5000 19764
           <...>-918   [000] ...1  3205.812673: do_swap_page: prefetch miss 918 "omx@1.0-service" f7ba5000 19764
           <...>-918   [000] ....  3205.812782: do_swap_page: prefetch miss 918 "omx@1.0-service" f7bc3000 19765
           <...>-918   [000] ...1  3205.814594: do_swap_page: prefetch miss 918 "omx@1.0-service" f7bc3000 19765
    Binder:913_5-3611  [000] ....  3205.814794: do_swap_page: prefetch miss 913 "Binder:913_5" f73ec000 19766
           <...>-918   [000] ....  3205.814938: do_swap_page: prefetch miss 918 "omx@1.0-service" f6007000 d73a
    Binder:913_5-3611  [000] ...1  3205.816670: do_swap_page: prefetch miss 913 "Binder:913_5" f73ec000 19766
    Binder:913_5-3611  [000] ....  3205.816702: do_swap_page: prefetch miss 913 "Binder:913_5" f4f79000 19767
           <...>-918   [000] ...1  3205.816767: do_swap_page: prefetch miss 918 "omx@1.0-service" f6007000 d73a
    Binder:913_5-3611  [000] ...1  3205.818526: do_swap_page: prefetch miss 913 "Binder:913_5" f4f79000 19767
    Binder:913_5-3611  [000] ....  3205.818570: do_swap_page: prefetch miss 913 "Binder:913_5" f75a1000 9788
    Binder:913_5-3611  [000] ...1  3205.820369: do_swap_page: prefetch miss 913 "Binder:913_5" f75a1000 9788
 hwservicemanage-562   [002] ....  3205.820762: do_swap_page: prefetch miss 562 "hwservicemanage" 7fbd245000 19757
 hwservicemanage-562   [002] ...1  3205.822706: do_swap_page: prefetch miss 562 "hwservicemanage" 7fbd245000 19757
 hwservicemanage-562   [002] ....  3205.822848: do_swap_page: prefetch miss 562 "hwservicemanage" 7fbd238000 19758
 hwservicemanage-562   [002] ...1  3205.824719: do_swap_page: prefetch miss 562 "hwservicemanage" 7fbd238000 19758
 hwservicemanage-562   [002] ....  3205.825096: do_swap_page: prefetch miss 562 "hwservicemanage" 7fbd402000 d70b
 hwservicemanage-562   [002] ...1  3205.826694: do_swap_page: prefetch miss 562 "hwservicemanage" 7fbd402000 d70b
           <...>-1251  [005] ....  3205.827201: do_swap_page: prefetch miss 923 "HwBinder:923_1" 2755553000 157bf
           <...>-1251  [005] ...1  3205.829703: do_swap_page: prefetch miss 923 "HwBinder:923_1" 2755553000 157bf
           <...>-1251  [005] ....  3205.829765: do_swap_page: prefetch miss 923 "HwBinder:923_1" 175555f000 157d3
           <...>-1251  [005] ...1  3205.831630: do_swap_page: prefetch miss 923 "HwBinder:923_1" 175555f000 157d3
           <...>-1251  [005] ....  3205.831649: do_swap_page: prefetch miss 923 "HwBinder:923_1" 7fbcc7d000 57f8
           <...>-1251  [005] ...1  3205.833572: do_swap_page: prefetch miss 923 "HwBinder:923_1" 7fbcc7d000 57f8
           <...>-1251  [005] ....  3205.833579: do_swap_page: prefetch miss 923 "HwBinder:923_1" 195555c000 57f9
           <...>-1251  [005] ...1  3205.835313: do_swap_page: prefetch miss 923 "HwBinder:923_1" 195555c000 57f9
           <...>-1251  [005] ....  3205.835323: do_swap_page: prefetch miss 923 "HwBinder:923_1" 1855561000 57fa
           <...>-1251  [005] ...1  3205.837267: do_swap_page: prefetch miss 923 "HwBinder:923_1" 1855561000 57fa
           <...>-1251  [005] ....  3205.837281: do_swap_page: prefetch miss 923 "HwBinder:923_1" 185555b000 57fb
           <...>-1251  [005] ...1  3205.839103: do_swap_page: prefetch miss 923 "HwBinder:923_1" 185555b000 57fb
           <...>-1251  [005] ....  3205.839118: do_swap_page: prefetch miss 923 "HwBinder:923_1" 205555e000 11760
           <...>-1251  [005] ...1  3205.841280: do_swap_page: prefetch miss 923 "HwBinder:923_1" 205555e000 11760
           <...>-1251  [005] ....  3205.841293: do_swap_page: prefetch miss 923 "HwBinder:923_1" 7fbc7e6000 11761
           <...>-1251  [005] ...1  3205.843304: do_swap_page: prefetch miss 923 "HwBinder:923_1" 7fbc7e6000 11761
           <...>-1251  [005] ....  3205.843312: do_swap_page: prefetch miss 923 "HwBinder:923_1" 2655559000 19768
           <...>-1251  [005] ...1  3205.845117: do_swap_page: prefetch miss 923 "HwBinder:923_1" 2655559000 19768
           <...>-1251  [005] ....  3205.845123: do_swap_page: prefetch miss 923 "HwBinder:923_1" 1855560000 19769
           <...>-1251  [005] ...1  3205.846811: do_swap_page: prefetch miss 923 "HwBinder:923_1" 1855560000 19769
           <...>-1251  [005] ....  3205.846859: do_swap_page: prefetch miss 923 "HwBinder:923_1" 7fbd01e000 11762
           <...>-1251  [005] ...1  3205.848482: do_swap_page: prefetch miss 923 "HwBinder:923_1" 7fbd01e000 11762
           <...>-1251  [005] ....  3205.848509: do_swap_page: prefetch miss 923 "HwBinder:923_1" 7fbe361000 11763
           <...>-1251  [005] ...1  3205.850261: do_swap_page: prefetch miss 923 "HwBinder:923_1" 7fbe361000 11763
           <...>-1251  [005] ....  3205.850305: do_swap_page: prefetch miss 923 "HwBinder:923_1" 7fbe360000 57fc
           <...>-1251  [005] ...1  3205.853388: do_swap_page: prefetch miss 923 "HwBinder:923_1" 7fbe360000 57fc
           <...>-1251  [005] ....  3205.853505: do_swap_page: prefetch miss 923 "HwBinder:923_1" 185555a000 157d1
           <...>-1251  [005] ...1  3205.855195: do_swap_page: prefetch miss 923 "HwBinder:923_1" 185555a000 157d1
  HwBinder:923_4-2051  [005] ....  3205.855362: do_swap_page: prefetch miss 923 "HwBinder:923_4" 2655553000 157be
           <...>-1251  [005] ....  3205.855444: do_swap_page: prefetch miss 923 "HwBinder:923_1" 7fbc3d3000 97b0
  HwBinder:923_4-2051  [005] ...1  3205.857337: do_swap_page: prefetch miss 923 "HwBinder:923_4" 2655553000 157be
  HwBinder:923_4-2051  [005] ....  3205.857387: do_swap_page: prefetch miss 923 "HwBinder:923_4" 1955552000 157c0
           <...>-1251  [005] ...1  3205.857421: do_swap_page: prefetch miss 923 "HwBinder:923_1" 7fbc3d3000 97b0
  HwBinder:923_4-2051  [005] ...1  3205.859616: do_swap_page: prefetch miss 923 "HwBinder:923_4" 1955552000 157c0
  HwBinder:923_4-2051  [005] ....  3205.859630: do_swap_page: prefetch miss 923 "HwBinder:923_4" 1755559000 157c1
  HwBinder:923_4-2051  [005] ...1  3205.861438: do_swap_page: prefetch miss 923 "HwBinder:923_4" 1755559000 157c1
  HwBinder:923_4-2051  [005] ....  3205.861463: do_swap_page: prefetch miss 923 "HwBinder:923_4" 1a5555d000 1d711
  HwBinder:923_4-2051  [005] ...1  3205.863472: do_swap_page: prefetch miss 923 "HwBinder:923_4" 1a5555d000 1d711
  HwBinder:923_4-2051  [005] ....  3205.863479: do_swap_page: prefetch miss 923 "HwBinder:923_4" 185555f000 1d712
  HwBinder:923_4-2051  [005] ...1  3205.865197: do_swap_page: prefetch miss 923 "HwBinder:923_4" 185555f000 1d712
  HwBinder:923_4-2051  [005] ....  3205.865205: do_swap_page: prefetch miss 923 "HwBinder:923_4" 7fbe362000 1d713
  HwBinder:923_4-2051  [005] ...1  3205.867746: do_swap_page: prefetch miss 923 "HwBinder:923_4" 7fbe362000 1d713
  HwBinder:923_4-2051  [005] ....  3205.867785: do_swap_page: prefetch miss 923 "HwBinder:923_4" 1955579000 1976b
  HwBinder:923_4-2051  [005] ...1  3205.869561: do_swap_page: prefetch miss 923 "HwBinder:923_4" 1955579000 1976b
  HwBinder:923_4-2051  [005] ....  3205.869588: do_swap_page: prefetch miss 923 "HwBinder:923_4" 1a55559000 157c3
  HwBinder:923_4-2051  [005] ...1  3205.871429: do_swap_page: prefetch miss 923 "HwBinder:923_4" 1a55559000 157c3
  HwBinder:923_4-2051  [005] ....  3205.871435: do_swap_page: prefetch miss 923 "HwBinder:923_4" 1a55581000 157c4
  HwBinder:923_4-2051  [005] ...1  3205.873191: do_swap_page: prefetch miss 923 "HwBinder:923_4" 1a55581000 157c4
  HwBinder:923_4-2051  [005] ....  3205.873197: do_swap_page: prefetch miss 923 "HwBinder:923_4" 1a5555f000 157c5
  HwBinder:923_4-2051  [005] ...1  3205.875017: do_swap_page: prefetch miss 923 "HwBinder:923_4" 1a5555f000 157c5
  HwBinder:923_4-2051  [005] ....  3205.875022: do_swap_page: prefetch miss 923 "HwBinder:923_4" 1a55580000 157c6
  HwBinder:923_4-2051  [005] ...1  3205.877054: do_swap_page: prefetch miss 923 "HwBinder:923_4" 1a55580000 157c6
  HwBinder:923_4-2051  [005] ....  3205.877065: do_swap_page: prefetch miss 923 "HwBinder:923_4" 1a55564000 157c7
  HwBinder:923_4-2051  [005] ...1  3205.878735: do_swap_page: prefetch miss 923 "HwBinder:923_4" 1a55564000 157c7
  HwBinder:923_4-2051  [005] ....  3205.878749: do_swap_page: prefetch miss 923 "HwBinder:923_4" 1a55558000 157c8
  HwBinder:923_4-2051  [005] ...1  3205.880975: do_swap_page: prefetch miss 923 "HwBinder:923_4" 1a55558000 157c8
  HwBinder:923_4-2051  [005] ....  3205.880987: do_swap_page: prefetch miss 923 "HwBinder:923_4" 1855554000 157c9
  HwBinder:923_4-2051  [005] ...1  3205.882685: do_swap_page: prefetch miss 923 "HwBinder:923_4" 1855554000 157c9
  HwBinder:923_4-2051  [005] ....  3205.882698: do_swap_page: prefetch miss 923 "HwBinder:923_4" 205555c000 157ca
  HwBinder:923_4-2051  [005] ...1  3205.884615: do_swap_page: prefetch miss 923 "HwBinder:923_4" 205555c000 157ca
  HwBinder:923_4-2051  [005] ....  3205.884637: do_swap_page: prefetch miss 923 "HwBinder:923_4" 1855568000 157d0
  HwBinder:923_4-2051  [005] ...1  3205.887589: do_swap_page: prefetch miss 923 "HwBinder:923_4" 1855568000 157d0
  HwBinder:923_4-2051  [005] ....  3205.887603: do_swap_page: prefetch miss 923 "HwBinder:923_4" 2655558000 1d709
  HwBinder:923_4-2051  [005] ...1  3205.889408: do_swap_page: prefetch miss 923 "HwBinder:923_4" 2655558000 1d709
           <...>-1251  [005] ....  3205.889518: do_swap_page: prefetch miss 923 "HwBinder:923_1" 185556f000 1d702
           <...>-1251  [005] ...1  3205.891397: do_swap_page: prefetch miss 923 "HwBinder:923_1" 185556f000 1d702
           <...>-1251  [005] ....  3205.891408: do_swap_page: prefetch miss 923 "HwBinder:923_1" 175555a000 1d70f
           <...>-1251  [005] ...1  3205.893306: do_swap_page: prefetch miss 923 "HwBinder:923_1" 175555a000 1d70f
  HwBinder:923_4-2051  [005] ....  3205.893419: do_swap_page: prefetch miss 923 "HwBinder:923_4" 7fbd334000 157d6
  HwBinder:923_4-2051  [005] ...1  3205.895148: do_swap_page: prefetch miss 923 "HwBinder:923_4" 7fbd334000 157d6
  HwBinder:923_4-2051  [005] ....  3205.895179: do_swap_page: prefetch miss 923 "HwBinder:923_4" 7fbd06c000 97b2
  HwBinder:923_4-2051  [005] ...1  3205.899087: do_swap_page: prefetch miss 923 "HwBinder:923_4" 7fbd06c000 97b2
