    Binder:909_2-2146  [005] ...1  4769.540718: do_swap_page: prefetch miss 909 "Binder:909_2" 185555c000 4d766
           <...>-6644  [007] ...1  4769.540757: do_swap_page: prefetch miss 6625 "CrRendererMain" 34887000 2d749
    Binder:909_2-2146  [005] ....  4769.540784: do_swap_page: prefetch miss 909 "Binder:909_2" 7fbc0a8000 4d71e
           <...>-6644  [007] ....  4769.540831: do_swap_page: prefetch miss 6625 "CrRendererMain" 40902000 2d74d
           <...>-6090  [001] ...1  4769.540843: do_swap_page: prefetch miss 6067 "Binder:6067_1" 12fc3000 4d74e
           <...>-6067  [000] ...1  4769.540897: do_swap_page: prefetch miss 6067 "roid.smartboard" 7f28c45000 4d745
           <...>-6067  [000] ....  4769.540991: do_swap_page: prefetch miss 6067 "roid.smartboard" 7fbf6ff000 257bd
           <...>-1369  [007] ...1  4769.543054: do_swap_page: prefetch miss 1338 "android.anim" 7e6a1b3000 4d742
           <...>-1369  [007] ....  4769.543110: do_swap_page: prefetch miss 1338 "android.anim" 7e5da4e000 4d746
    Binder:909_2-2146  [005] ...1  4769.543156: do_swap_page: prefetch miss 909 "Binder:909_2" 7fbc0a8000 4d71e
    Binder:909_2-2146  [005] ....  4769.543171: do_swap_page: prefetch miss 909 "Binder:909_2" 7f36d6d000 572a
           <...>-6644  [007] ...1  4769.543180: do_swap_page: prefetch miss 6625 "CrRendererMain" 40902000 2d74d
           <...>-6067  [000] ...1  4769.543196: do_swap_page: prefetch miss 6067 "roid.smartboard" 7fbf6ff000 257bd
           <...>-6067  [000] ....  4769.543314: do_swap_page: prefetch miss 6067 "roid.smartboard" 12fc8000 497d5
           <...>-6644  [007] ....  4769.543458: do_swap_page: prefetch miss 6625 "CrRendererMain" 3488c000 2576f
           <...>-1369  [007] ...1  4769.545179: do_swap_page: prefetch miss 1338 "android.anim" 7e5da4e000 4d746
           <...>-1369  [007] ....  4769.545389: do_swap_page: prefetch miss 1338 "android.anim" 7e87a60000 15731
    Binder:909_2-2146  [005] ...1  4769.545448: do_swap_page: prefetch miss 909 "Binder:909_2" 7f36d6d000 572a
           <...>-6644  [007] ...1  4769.545481: do_swap_page: prefetch miss 6625 "CrRendererMain" 3488c000 2576f
           <...>-6067  [000] ...1  4769.545487: do_swap_page: prefetch miss 6067 "roid.smartboard" 12fc8000 497d5
    Binder:909_2-2146  [005] ....  4769.545507: do_swap_page: prefetch miss 909 "Binder:909_2" 1a55561000 4d725
           <...>-6644  [007] ....  4769.545510: do_swap_page: prefetch miss 6625 "CrRendererMain" 34885000 2d76a
           <...>-6067  [000] ....  4769.545636: do_swap_page: prefetch miss 6067 "roid.smartboard" 12ff6000 497d7
           <...>-1369  [007] ...1  4769.547223: do_swap_page: prefetch miss 1338 "android.anim" 7e87a60000 15731
           <...>-1369  [007] ....  4769.547255: do_swap_page: prefetch miss 1338 "android.anim" 7e87aa3000 15732
    Binder:909_2-2146  [005] ...1  4769.547306: do_swap_page: prefetch miss 909 "Binder:909_2" 1a55561000 4d725
           <...>-6644  [007] ...1  4769.547327: do_swap_page: prefetch miss 6625 "CrRendererMain" 34885000 2d76a
           <...>-6067  [000] ...1  4769.547340: do_swap_page: prefetch miss 6067 "roid.smartboard" 12ff6000 497d7
           <...>-6644  [007] ....  4769.547340: do_swap_page: prefetch miss 6625 "CrRendererMain" 34895000 2d76b
    Binder:909_2-2146  [005] ....  4769.547354: do_swap_page: prefetch miss 909 "Binder:909_2" 1755566000 457e6
           <...>-6067  [000] ....  4769.547425: do_swap_page: prefetch miss 6067 "roid.smartboard" 12ffe000 4d74d
           <...>-1369  [007] ...1  4769.549246: do_swap_page: prefetch miss 1338 "android.anim" 7e87aa3000 15732
           <...>-1369  [007] ....  4769.549278: do_swap_page: prefetch miss 1338 "android.anim" 7e87aa4000 15733
    Binder:909_2-2146  [005] ...1  4769.549313: do_swap_page: prefetch miss 909 "Binder:909_2" 1755566000 457e6
           <...>-6644  [007] ...1  4769.549335: do_swap_page: prefetch miss 6625 "CrRendererMain" 34895000 2d76b
    Binder:909_2-2146  [005] ....  4769.549357: do_swap_page: prefetch miss 909 "Binder:909_2" 7f36d2d000 572f
           <...>-6067  [000] ...1  4769.549378: do_swap_page: prefetch miss 6067 "roid.smartboard" 12ffe000 4d74d
           <...>-6067  [000] ....  4769.549479: do_swap_page: prefetch miss 6067 "roid.smartboard" 7fbe15d000 4d753
           <...>-6644  [007] ....  4769.550201: do_swap_page: prefetch miss 6625 "CrRendererMain" 3488d000 2977e
           <...>-1369  [007] ...1  4769.551999: do_swap_page: prefetch miss 1338 "android.anim" 7e87aa4000 15733
           <...>-1369  [007] ....  4769.552032: do_swap_page: prefetch miss 1338 "android.anim" 7e87aa5000 15734
    Binder:909_2-2146  [005] ...1  4769.552075: do_swap_page: prefetch miss 909 "Binder:909_2" 7f36d2d000 572f
           <...>-6067  [000] ...1  4769.552102: do_swap_page: prefetch miss 6067 "roid.smartboard" 7fbe15d000 4d753
           <...>-6067  [000] ....  4769.552121: do_swap_page: prefetch miss 6067 "roid.smartboard" 7fbe15c000 4d755
    Binder:909_2-2146  [005] ....  4769.552156: do_swap_page: prefetch miss 909 "Binder:909_2" 1d5555a000 417fc
           <...>-6644  [007] ...1  4769.552164: do_swap_page: prefetch miss 6625 "CrRendererMain" 3488d000 2977e
           <...>-6644  [007] ....  4769.552220: do_swap_page: prefetch miss 6625 "CrRendererMain" 33d41000 29781
           <...>-1369  [007] ...1  4769.553980: do_swap_page: prefetch miss 1338 "android.anim" 7e87aa5000 15734
           <...>-1369  [007] ....  4769.554044: do_swap_page: prefetch miss 1338 "android.anim" 7f28c6c000 15735
    Binder:909_2-2146  [005] ...1  4769.554047: do_swap_page: prefetch miss 909 "Binder:909_2" 1d5555a000 417fc
           <...>-6644  [007] ...1  4769.554049: do_swap_page: prefetch miss 6625 "CrRendererMain" 33d41000 29781
    Binder:909_2-2146  [005] ....  4769.554077: do_swap_page: prefetch miss 909 "Binder:909_2" 2055556000 4d72b
           <...>-6644  [007] ....  4769.554090: do_swap_page: prefetch miss 6625 "CrRendererMain" 33d46000 29782
           <...>-6067  [000] ...1  4769.554143: do_swap_page: prefetch miss 6067 "roid.smartboard" 7fbe15c000 4d755
           <...>-6067  [000] ....  4769.554238: do_swap_page: prefetch miss 6067 "roid.smartboard" 7fbe293000 497da
           <...>-1369  [007] ...1  4769.565654: do_swap_page: prefetch miss 1338 "android.anim" 7f28c6c000 15735
    Binder:909_2-2146  [005] ...1  4769.565689: do_swap_page: prefetch miss 909 "Binder:909_2" 2055556000 4d72b
           <...>-6067  [000] ...1  4769.565739: do_swap_page: prefetch miss 6067 "roid.smartboard" 7fbe293000 497da
    Binder:909_2-2146  [005] ....  4769.565773: do_swap_page: prefetch miss 909 "Binder:909_2" 2655559000 5170d
           <...>-6067  [000] ....  4769.565797: do_swap_page: prefetch miss 6067 "roid.smartboard" 7f2d6b8000 4d75a
           <...>-1369  [007] ....  4769.565835: do_swap_page: prefetch miss 1338 "android.anim" 9e385000 15736
           <...>-6644  [007] ...1  4769.565894: do_swap_page: prefetch miss 6625 "CrRendererMain" 33d46000 29782
           <...>-6644  [007] ....  4769.566001: do_swap_page: prefetch miss 6625 "CrRendererMain" 4a18f000 25771
    Binder:909_2-2146  [005] ...1  4769.567811: do_swap_page: prefetch miss 909 "Binder:909_2" 2655559000 5170d
           <...>-1369  [007] ...1  4769.567829: do_swap_page: prefetch miss 1338 "android.anim" 9e385000 15736
           <...>-1369  [007] ....  4769.567887: do_swap_page: prefetch miss 1338 "android.anim" 9e1b5000 15737
           <...>-6067  [000] ...1  4769.567929: do_swap_page: prefetch miss 6067 "roid.smartboard" 7f2d6b8000 4d75a
           <...>-6067  [000] ....  4769.568079: do_swap_page: prefetch miss 6067 "roid.smartboard" 7f2d145000 257c8
    Binder:909_2-2146  [005] ....  4769.568133: do_swap_page: prefetch miss 909 "Binder:909_2" 1a55556000 497aa
           <...>-6644  [007] ...1  4769.568312: do_swap_page: prefetch miss 6625 "CrRendererMain" 4a18f000 25771
           <...>-6644  [007] ....  4769.568345: do_swap_page: prefetch miss 6625 "CrRendererMain" 34890000 25772
           <...>-1369  [007] ...1  4769.571590: do_swap_page: prefetch miss 1338 "android.anim" 9e1b5000 15737
           <...>-1369  [007] ....  4769.572279: do_swap_page: prefetch miss 1338 "android.anim" 9e373000 15750
    Binder:909_2-2146  [005] ...1  4769.572339: do_swap_page: prefetch miss 909 "Binder:909_2" 1a55556000 497aa
           <...>-6067  [000] ...1  4769.572345: do_swap_page: prefetch miss 6067 "roid.smartboard" 7f2d145000 257c8
           <...>-6644  [007] ...1  4769.572351: do_swap_page: prefetch miss 6625 "CrRendererMain" 34890000 25772
           <...>-6067  [000] ....  4769.572373: do_swap_page: prefetch miss 6067 "roid.smartboard" 7fffffc000 457e3
    Binder:909_2-2146  [005] ....  4769.572425: do_swap_page: prefetch miss 909 "Binder:909_2" 7fbd634000 175d
           <...>-6644  [007] ....  4769.572889: do_swap_page: prefetch miss 6625 "CrRendererMain" 39962000 2d77b
           <...>-1369  [007] ...1  4769.574258: do_swap_page: prefetch miss 1338 "android.anim" 9e373000 15750
           <...>-1369  [007] ....  4769.574785: do_swap_page: prefetch miss 1338 "android.anim" 7e87aa7000 1575b
    Binder:909_2-2146  [005] ...1  4769.574880: do_swap_page: prefetch miss 909 "Binder:909_2" 7fbd634000 175d
           <...>-6067  [000] ...1  4769.574907: do_swap_page: prefetch miss 6067 "roid.smartboard" 7fffffc000 457e3
           <...>-6067  [000] ....  4769.574937: do_swap_page: prefetch miss 6067 "roid.smartboard" 7fbe1c5000 497ba
    Binder:909_2-2146  [005] ....  4769.574960: do_swap_page: prefetch miss 909 "Binder:909_2" 7f3bb3e000 d753
           <...>-6644  [007] ...1  4769.574970: do_swap_page: prefetch miss 6625 "CrRendererMain" 39962000 2d77b
           <...>-6644  [007] ....  4769.575320: do_swap_page: prefetch miss 6625 "CrRendererMain" 4a18b000 25780
           <...>-1369  [007] ...1  4769.576525: do_swap_page: prefetch miss 1338 "android.anim" 7e87aa7000 1575b
           <...>-1369  [007] ....  4769.576568: do_swap_page: prefetch miss 1338 "android.anim" 7fbb7db000 1575c
    Binder:909_2-2146  [005] ...1  4769.576613: do_swap_page: prefetch miss 909 "Binder:909_2" 7f3bb3e000 d753
           <...>-6067  [000] ...1  4769.576644: do_swap_page: prefetch miss 6067 "roid.smartboard" 7fbe1c5000 497ba
    Binder:909_2-2146  [005] ....  4769.576647: do_swap_page: prefetch miss 909 "Binder:909_2" 1855553000 457da
           <...>-6644  [007] ...1  4769.576658: do_swap_page: prefetch miss 6625 "CrRendererMain" 4a18b000 25780
           <...>-6644  [007] ....  4769.576738: do_swap_page: prefetch miss 6625 "CrRendererMain" 34889000 25781
           <...>-6067  [001] ....  4769.576791: do_swap_page: prefetch miss 6067 "roid.smartboard" 7ecd07c000 457e9
           <...>-1369  [007] ...1  4769.578551: do_swap_page: prefetch miss 1338 "android.anim" 7fbb7db000 1575c
           <...>-1369  [007] ....  4769.578590: do_swap_page: prefetch miss 1338 "android.anim" 7f28b18000 55706
    Binder:909_2-2146  [005] ...1  4769.578631: do_swap_page: prefetch miss 909 "Binder:909_2" 1855553000 457da
           <...>-6644  [007] ...1  4769.578667: do_swap_page: prefetch miss 6625 "CrRendererMain" 34889000 25781
           <...>-6067  [000] ...1  4769.578668: do_swap_page: prefetch miss 6067 "roid.smartboard" 7ecd07c000 457e9
    Binder:909_2-2146  [005] ....  4769.578706: do_swap_page: prefetch miss 909 "Binder:909_2" 1955552000 497c1
           <...>-6067  [000] ....  4769.578799: do_swap_page: prefetch miss 6067 "roid.smartboard" 7f2d641000 257cc
           <...>-6644  [007] ....  4769.579386: do_swap_page: prefetch miss 6625 "CrRendererMain" 3997e000 1d7e1
           <...>-1369  [007] ...1  4769.580553: do_swap_page: prefetch miss 1338 "android.anim" 7f28b18000 55706
           <...>-725   [007] ....  4769.580791: do_swap_page: prefetch miss 604 "Binder:604_3" 7fbbfd4000 d718
    Binder:909_2-2146  [005] ...1  4769.580870: do_swap_page: prefetch miss 909 "Binder:909_2" 1955552000 497c1
           <...>-6067  [000] ...1  4769.580900: do_swap_page: prefetch miss 6067 "roid.smartboard" 7f2d641000 257cc
    Binder:909_2-2146  [005] ....  4769.580923: do_swap_page: prefetch miss 909 "Binder:909_2" 185555a000 497c5
           <...>-6644  [007] ...1  4769.581112: do_swap_page: prefetch miss 6625 "CrRendererMain" 3997e000 1d7e1
           <...>-6644  [007] ....  4769.581205: do_swap_page: prefetch miss 6625 "CrRendererMain" 3997d000 25788
           <...>-6067  [000] ....  4769.581283: do_swap_page: prefetch miss 6067 "roid.smartboard" 7f28ac4000 55707
           <...>-725   [007] ...1  4769.583160: do_swap_page: prefetch miss 604 "Binder:604_3" 7fbbfd4000 d718
           <...>-1369  [007] ....  4769.583549: do_swap_page: prefetch miss 1338 "android.anim" 7ed0f95000 4d779
    Binder:909_2-2146  [005] ...1  4769.583603: do_swap_page: prefetch miss 909 "Binder:909_2" 185555a000 497c5
           <...>-6644  [007] ...1  4769.583625: do_swap_page: prefetch miss 6625 "CrRendererMain" 3997d000 25788
           <...>-6067  [000] ...1  4769.583642: do_swap_page: prefetch miss 6067 "roid.smartboard" 7f28ac4000 55707
    Binder:909_2-2146  [005] ....  4769.583652: do_swap_page: prefetch miss 909 "Binder:909_2" 1955555000 5170b
           <...>-6067  [000] ....  4769.583740: do_swap_page: prefetch miss 6067 "roid.smartboard" 7fbe1d0000 257ce
           <...>-6644  [007] ....  4769.583897: do_swap_page: prefetch miss 6625 "CrRendererMain" 3488e000 2d78d
           <...>-1369  [007] ...1  4769.585319: do_swap_page: prefetch miss 1338 "android.anim" 7ed0f95000 4d779
 ndroid.systemui-1697  [005] ....  4769.586187: do_swap_page: prefetch miss 1697 "ndroid.systemui" 9e1d5000 4d788
           <...>-1369  [007] ....  4769.586296: do_swap_page: prefetch miss 1338 "android.anim" 7f28c68000 4d787
           <...>-1370  [007] ....  4769.586315: do_swap_page: prefetch miss 1338 "android.anim.lf" 7ecb790000 4d786
           <...>-1373  [000] ....  4769.586443: do_swap_page: prefetch miss 1338 "android.bg" 7fbf6fb000 1d7ef
    Binder:909_2-2146  [005] ...1  4769.586465: do_swap_page: prefetch miss 909 "Binder:909_2" 1955555000 5170b
           <...>-6644  [007] ...1  4769.586468: do_swap_page: prefetch miss 6625 "CrRendererMain" 3488e000 2d78d
           <...>-6067  [000] ...1  4769.586476: do_swap_page: prefetch miss 6067 "roid.smartboard" 7fbe1d0000 257ce
           <...>-6067  [000] ....  4769.586560: do_swap_page: prefetch miss 6067 "roid.smartboard" 7f28c43000 4d78b
         generic-24153 [005] ....  4769.586605: do_swap_page: prefetch miss 913 "generic" f3606000 497ca
 ndroid.systemui-1697  [005] ...1  4769.588014: do_swap_page: prefetch miss 1697 "ndroid.systemui" 9e1d5000 4d788
           <...>-1369  [007] ...1  4769.588042: do_swap_page: prefetch miss 1338 "android.anim" 7f28c68000 4d787
 ndroid.systemui-1697  [005] ....  4769.588082: do_swap_page: prefetch miss 1697 "ndroid.systemui" 7f28cac000 4d790
           <...>-1369  [007] ....  4769.588120: do_swap_page: prefetch miss 1338 "android.anim" 7f28aa9000 11748
           <...>-1370  [007] ...1  4769.588192: do_swap_page: prefetch miss 1338 "android.anim.lf" 7ecb790000 4d786
           <...>-1370  [007] ....  4769.588203: do_swap_page: prefetch miss 1338 "android.anim.lf" 7ecb78e000 4d78f
           <...>-1373  [000] ...1  4769.588213: do_swap_page: prefetch miss 1338 "android.bg" 7fbf6fb000 1d7ef
           <...>-1373  [000] ....  4769.588250: do_swap_page: prefetch miss 1338 "android.bg" 7fbe4bd000 1d7f0
           <...>-6067  [000] ...1  4769.588340: do_swap_page: prefetch miss 6067 "roid.smartboard" 7f28c43000 4d78b
         generic-24153 [005] ...1  4769.588348: do_swap_page: prefetch miss 913 "generic" f3606000 497ca
           <...>-6067  [000] ....  4769.588387: do_swap_page: prefetch miss 6067 "roid.smartboard" 7f2d268000 257d0
         generic-24153 [005] ....  4769.588423: do_swap_page: prefetch miss 913 "generic" f3608000 4d72d
 ndroid.systemui-1697  [005] ...1  4769.590159: do_swap_page: prefetch miss 1697 "ndroid.systemui" 7f28cac000 4d790
           <...>-1369  [007] ...1  4769.590191: do_swap_page: prefetch miss 1338 "android.anim" 7f28aa9000 11748
           <...>-2049  [006] ....  4769.590196: do_swap_page: prefetch miss 1697 "pool-2-thread-1" 7ecf203000 457f5
           <...>-1369  [007] ....  4769.590204: do_swap_page: prefetch miss 1338 "android.anim" 7fbe1c6000 11749
 ndroid.systemui-1697  [005] ....  4769.590250: do_swap_page: prefetch miss 1697 "ndroid.systemui" 9e321000 15778
           <...>-1370  [007] ...1  4769.590285: do_swap_page: prefetch miss 1338 "android.anim.lf" 7ecb78e000 4d78f
         generic-24153 [005] ...1  4769.590297: do_swap_page: prefetch miss 913 "generic" f3608000 4d72d
           <...>-6067  [000] ...1  4769.590312: do_swap_page: prefetch miss 6067 "roid.smartboard" 7f2d268000 257d0
           <...>-1370  [007] ....  4769.590343: do_swap_page: prefetch miss 1338 "android.anim.lf" 7f28ce2000 4d792
         generic-24153 [005] ....  4769.590436: do_swap_page: prefetch miss 913 "generic" f3609000 4d72e
           <...>-1373  [001] ...1  4769.590597: do_swap_page: prefetch miss 1338 "android.bg" 7fbe4bd000 1d7f0
           <...>-1373  [001] ....  4769.590698: do_swap_page: prefetch miss 1338 "android.bg" 7fbe4be000 1d7f1
           <...>-6067  [000] ....  4769.590961: do_swap_page: prefetch miss 6067 "roid.smartboard" 7fbbe6a000 257d1
           <...>-2049  [006] ...1  4769.592556: do_swap_page: prefetch miss 1697 "pool-2-thread-1" 7ecf203000 457f5
           <...>-2049  [006] ....  4769.592575: do_swap_page: prefetch miss 1697 "pool-2-thread-1" 7ecf204000 19707
           <...>-1369  [007] ...1  4769.592694: do_swap_page: prefetch miss 1338 "android.anim" 7fbe1c6000 11749
 ndroid.systemui-1697  [005] ...1  4769.592697: do_swap_page: prefetch miss 1697 "ndroid.systemui" 9e321000 15778
           <...>-1369  [007] ....  4769.592706: do_swap_page: prefetch miss 1338 "android.anim" 7f28ccb000 1174a
 ndroid.systemui-1697  [005] ....  4769.592712: do_swap_page: prefetch miss 1697 "ndroid.systemui" 9e258000 1577a
         generic-24153 [005] ...1  4769.592781: do_swap_page: prefetch miss 913 "generic" f3609000 4d72e
           <...>-1370  [007] ...1  4769.592785: do_swap_page: prefetch miss 1338 "android.anim.lf" 7f28ce2000 4d792
           <...>-6067  [000] ...1  4769.592801: do_swap_page: prefetch miss 6067 "roid.smartboard" 7fbbe6a000 257d1
           <...>-1373  [001] ...1  4769.592807: do_swap_page: prefetch miss 1338 "android.bg" 7fbe4be000 1d7f1
           <...>-1373  [001] ....  4769.592828: do_swap_page: prefetch miss 1338 "android.bg" 7fbe4bf000 1d7f2
           <...>-6067  [001] ....  4769.592850: do_swap_page: prefetch miss 6067 "roid.smartboard" 7f233c8000 257d2
    Binder:909_2-2146  [005] ....  4769.592858: do_swap_page: prefetch miss 909 "Binder:909_2" 1b5555e000 497e8
           <...>-2049  [005] ...1  4769.594379: do_swap_page: prefetch miss 1697 "pool-2-thread-1" 7ecf204000 19707
           <...>-2049  [005] ....  4769.594397: do_swap_page: prefetch miss 1697 "pool-2-thread-1" 7ecf201000 19708
           <...>-1369  [007] ...1  4769.594418: do_swap_page: prefetch miss 1338 "android.anim" 7f28ccb000 1174a
           <...>-1369  [007] ....  4769.594427: do_swap_page: prefetch miss 1338 "android.anim" 7f28ccc000 1174b
 ndroid.systemui-1697  [005] ...1  4769.594483: do_swap_page: prefetch miss 1697 "ndroid.systemui" 9e258000 1577a
           <...>-6067  [000] ...1  4769.594494: do_swap_page: prefetch miss 6067 "roid.smartboard" 7f233c8000 257d2
           <...>-1373  [001] ...1  4769.594496: do_swap_page: prefetch miss 1338 "android.bg" 7fbe4bf000 1d7f2
    Binder:909_2-2146  [005] ...1  4769.594525: do_swap_page: prefetch miss 909 "Binder:909_2" 1b5555e000 497e8
           <...>-6067  [000] ....  4769.594527: do_swap_page: prefetch miss 6067 "roid.smartboard" 9e082000 55720
    Binder:909_2-2146  [005] ....  4769.594537: do_swap_page: prefetch miss 909 "Binder:909_2" 1b5555f000 4d733
           <...>-1373  [000] ....  4769.594549: do_swap_page: prefetch miss 1338 "android.bg" 7fbe4c0000 1d7f3
           <...>-2049  [005] ...1  4769.596457: do_swap_page: prefetch miss 1697 "pool-2-thread-1" 7ecf201000 19708
           <...>-1369  [007] ...1  4769.596470: do_swap_page: prefetch miss 1338 "android.anim" 7f28ccc000 1174b
           <...>-1369  [007] ....  4769.596485: do_swap_page: prefetch miss 1338 "android.anim" 7f28ccd000 1174c
           <...>-2049  [005] ....  4769.596490: do_swap_page: prefetch miss 1697 "pool-2-thread-1" 7ed1223000 51715
           <...>-6067  [000] ...1  4769.596561: do_swap_page: prefetch miss 6067 "roid.smartboard" 9e082000 55720
    Binder:909_2-2146  [005] ...1  4769.596579: do_swap_page: prefetch miss 909 "Binder:909_2" 1b5555f000 4d733
           <...>-1373  [001] ...1  4769.596588: do_swap_page: prefetch miss 1338 "android.bg" 7fbe4c0000 1d7f3
    Binder:909_2-2146  [005] ....  4769.596599: do_swap_page: prefetch miss 909 "Binder:909_2" 195555a000 497c6
           <...>-1373  [001] ....  4769.596607: do_swap_page: prefetch miss 1338 "android.bg" 7fbe4c1000 1d7f4
           <...>-6067  [001] ....  4769.596629: do_swap_page: prefetch miss 6067 "roid.smartboard" 9e1c0000 257d4
           <...>-1369  [007] ...1  4769.598637: do_swap_page: prefetch miss 1338 "android.anim" 7f28ccd000 1174c
           <...>-1369  [007] ....  4769.598643: do_swap_page: prefetch miss 1338 "android.anim" 7f28c5d000 1174d
           <...>-2049  [005] ...1  4769.598687: do_swap_page: prefetch miss 1697 "pool-2-thread-1" 7ed1223000 51715
           <...>-6067  [000] ...1  4769.598720: do_swap_page: prefetch miss 6067 "roid.smartboard" 9e1c0000 257d4
           <...>-2049  [005] ....  4769.598760: do_swap_page: prefetch miss 1697 "pool-2-thread-1" 7ed12bc000 51717
    Binder:909_2-2146  [005] ...1  4769.598766: do_swap_page: prefetch miss 909 "Binder:909_2" 195555a000 497c6
    Binder:909_2-2146  [005] ....  4769.598778: do_swap_page: prefetch miss 909 "Binder:909_2" 1855561000 4d75f
           <...>-6067  [001] ....  4769.598888: do_swap_page: prefetch miss 6067 "roid.smartboard" 7ed25d8000 257d5
           <...>-1373  [001] ...1  4769.598900: do_swap_page: prefetch miss 1338 "android.bg" 7fbe4c1000 1d7f4
           <...>-1373  [001] ....  4769.598917: do_swap_page: prefetch miss 1338 "android.bg" 7fbe4c2000 1d7f5
           <...>-1370  [007] ....  4769.599917: do_swap_page: prefetch miss 1338 "android.anim.lf" 9e0bd000 297c6
           <...>-1369  [007] ...1  4769.600510: do_swap_page: prefetch miss 1338 "android.anim" 7f28c5d000 1174d
           <...>-1369  [007] ....  4769.600812: do_swap_page: prefetch miss 1338 "android.anim" 7e6ed77000 1174e
           <...>-2049  [005] ...1  4769.600871: do_swap_page: prefetch miss 1697 "pool-2-thread-1" 7ed12bc000 51717
           <...>-6067  [001] ...1  4769.600921: do_swap_page: prefetch miss 6067 "roid.smartboard" 7ed25d8000 257d5
           <...>-2049  [005] ....  4769.600939: do_swap_page: prefetch miss 1697 "pool-2-thread-1" 7ed12ac000 51719
    Binder:909_2-2146  [005] ...1  4769.600946: do_swap_page: prefetch miss 909 "Binder:909_2" 1855561000 4d75f
           <...>-6067  [001] ....  4769.601012: do_swap_page: prefetch miss 6067 "roid.smartboard" 7ed25d5000 257d6
           <...>-1373  [001] ...1  4769.601026: do_swap_page: prefetch miss 1338 "android.bg" 7fbe4c2000 1d7f5
    Binder:909_2-2146  [005] ....  4769.601058: do_swap_page: prefetch miss 909 "Binder:909_2" 1b55557000 55719
           <...>-1373  [001] ....  4769.601143: do_swap_page: prefetch miss 1338 "android.bg" 7fbe4c3000 1d7f6
           <...>-1370  [007] ...1  4769.602059: do_swap_page: prefetch miss 1338 "android.anim.lf" 9e0bd000 297c6
           <...>-1370  [007] ....  4769.602067: do_swap_page: prefetch miss 1338 "android.anim.lf" 9e3b5000 297c7
           <...>-1369  [007] ...1  4769.602119: do_swap_page: prefetch miss 1338 "android.anim" 7e6ed77000 1174e
 ndroid.systemui-1697  [005] ....  4769.602793: do_swap_page: prefetch miss 1697 "ndroid.systemui" 7fbbefe000 11750
           <...>-1369  [007] ....  4769.603029: do_swap_page: prefetch miss 1338 "android.anim" 7eb4dae000 51721
           <...>-2049  [005] ...1  4769.603080: do_swap_page: prefetch miss 1697 "pool-2-thread-1" 7ed12ac000 51719
           <...>-6067  [001] ...1  4769.603097: do_swap_page: prefetch miss 6067 "roid.smartboard" 7ed25d5000 257d6
           <...>-6067  [001] ....  4769.603131: do_swap_page: prefetch miss 6067 "roid.smartboard" 9e1c1000 257d7
           <...>-1373  [001] ...1  4769.603144: do_swap_page: prefetch miss 1338 "android.bg" 7fbe4c3000 1d7f6
           <...>-2049  [005] ....  4769.603160: do_swap_page: prefetch miss 1697 "pool-2-thread-1" 7f28ce0000 51723
    Binder:909_2-2146  [005] ...1  4769.603168: do_swap_page: prefetch miss 909 "Binder:909_2" 1b55557000 55719
           <...>-1373  [001] ....  4769.603222: do_swap_page: prefetch miss 1338 "android.bg" 7fbe4c4000 1d7f7
         generic-24153 [005] ....  4769.603272: do_swap_page: prefetch miss 913 "generic" f3526000 4d73b
           <...>-1370  [007] ...1  4769.604566: do_swap_page: prefetch miss 1338 "android.anim.lf" 9e3b5000 297c7
           <...>-1370  [007] ....  4769.604947: do_swap_page: prefetch miss 1338 "android.anim.lf" 7ed0fad000 55721
           <...>-1369  [007] ...1  4769.605036: do_swap_page: prefetch miss 1338 "android.anim" 7eb4dae000 51721
 ndroid.systemui-1697  [005] ...1  4769.605040: do_swap_page: prefetch miss 1697 "ndroid.systemui" 7fbbefe000 11750
 ndroid.systemui-1697  [005] ....  4769.605088: do_swap_page: prefetch miss 1697 "ndroid.systemui" 9e2c6000 11751
           <...>-1369  [007] ....  4769.605445: do_swap_page: prefetch miss 1338 "android.anim" 7ed0dee000 51728
           <...>-2049  [005] ...1  4769.605506: do_swap_page: prefetch miss 1697 "pool-2-thread-1" 7f28ce0000 51723
           <...>-1373  [001] ...1  4769.605539: do_swap_page: prefetch miss 1338 "android.bg" 7fbe4c4000 1d7f7
         generic-24153 [005] ...1  4769.605539: do_swap_page: prefetch miss 913 "generic" f3526000 4d73b
         generic-24153 [005] ....  4769.605570: do_swap_page: prefetch miss 913 "generic" f351a000 4d744
           <...>-1373  [001] ....  4769.605669: do_swap_page: prefetch miss 1338 "android.bg" 7fbe4c5000 1d7f8
           <...>-6067  [001] ...1  4769.606593: do_swap_page: prefetch miss 6067 "roid.smartboard" 9e1c1000 257d7
           <...>-1370  [007] ...1  4769.606612: do_swap_page: prefetch miss 1338 "android.anim.lf" 7ed0fad000 55721
           <...>-6067  [001] ....  4769.606676: do_swap_page: prefetch miss 6067 "roid.smartboard" 9e083000 5172b
           <...>-1369  [007] ...1  4769.607869: do_swap_page: prefetch miss 1338 "android.anim" 7ed0dee000 51728
 ndroid.systemui-1697  [005] ...1  4769.607871: do_swap_page: prefetch miss 1697 "ndroid.systemui" 9e2c6000 11751
 ndroid.systemui-1697  [005] ....  4769.607920: do_swap_page: prefetch miss 1697 "ndroid.systemui" 9e26b000 11752
           <...>-1368  [006] ....  4769.608543: do_swap_page: prefetch miss 1338 "android.display" 7fbe240000 39746
         generic-24153 [006] ...1  4769.608565: do_swap_page: prefetch miss 913 "generic" f351a000 4d744
           <...>-1373  [001] ...1  4769.608577: do_swap_page: prefetch miss 1338 "android.bg" 7fbe4c5000 1d7f8
           <...>-1373  [001] ....  4769.608701: do_swap_page: prefetch miss 1338 "android.bg" 7fbe4c6000 1d7f9
    Binder:909_2-2146  [006] ....  4769.608752: do_swap_page: prefetch miss 909 "Binder:909_2" 1b55554000 4d738
           <...>-6067  [001] ...1  4769.608805: do_swap_page: prefetch miss 6067 "roid.smartboard" 9e083000 5172b
           <...>-6067  [001] ....  4769.608981: do_swap_page: prefetch miss 6067 "roid.smartboard" 9e19c000 257da
           <...>-1369  [007] ....  4769.610139: do_swap_page: prefetch miss 1338 "android.anim" 9e37b000 5796
 ndroid.systemui-1697  [000] ...1  4769.610780: do_swap_page: prefetch miss 1697 "ndroid.systemui" 9e26b000 11752
           <...>-1368  [004] ...1  4769.610813: do_swap_page: prefetch miss 1338 "android.display" 7fbe240000 39746
 ndroid.systemui-1697  [000] ....  4769.610874: do_swap_page: prefetch miss 1697 "ndroid.systemui" 9e2fe000 11753
           <...>-1373  [001] ...1  4769.610929: do_swap_page: prefetch miss 1338 "android.bg" 7fbe4c6000 1d7f9
           <...>-1373  [001] ....  4769.610970: do_swap_page: prefetch miss 1338 "android.bg" 7fbe4c7000 1d7fa
    Binder:909_2-2146  [003] ...1  4769.611143: do_swap_page: prefetch miss 909 "Binder:909_2" 1b55554000 4d738
           <...>-6067  [001] ...1  4769.611168: do_swap_page: prefetch miss 6067 "roid.smartboard" 9e19c000 257da
           <...>-6067  [001] ....  4769.611210: do_swap_page: prefetch miss 6067 "roid.smartboard" 7ed25d4000 257db
    Binder:909_2-2146  [003] ....  4769.611226: do_swap_page: prefetch miss 909 "Binder:909_2" 175555d000 457f3
           <...>-1369  [007] ...1  4769.612137: do_swap_page: prefetch miss 1338 "android.anim" 9e37b000 5796
 ndroid.systemui-1697  [006] ...1  4769.614058: do_swap_page: prefetch miss 1697 "ndroid.systemui" 9e2fe000 11753
           <...>-6067  [001] ...1  4769.614134: do_swap_page: prefetch miss 6067 "roid.smartboard" 7ed25d4000 257db
 ndroid.systemui-1697  [006] ....  4769.614164: do_swap_page: prefetch miss 1697 "ndroid.systemui" 9e06a000 11754
    Binder:909_2-2146  [006] ...1  4769.614176: do_swap_page: prefetch miss 909 "Binder:909_2" 175555d000 457f3
           <...>-6067  [001] ....  4769.614382: do_swap_page: prefetch miss 6067 "roid.smartboard" 7fffffa000 257df
           <...>-1373  [001] ...1  4769.614401: do_swap_page: prefetch miss 1338 "android.bg" 7fbe4c7000 1d7fa
           <...>-1373  [001] ....  4769.614493: do_swap_page: prefetch miss 1338 "android.bg" 7fbe4c8000 1d7fb
    Binder:909_2-2146  [006] ....  4769.614630: do_swap_page: prefetch miss 909 "Binder:909_2" 7fbcbf2000 497cf
 ndroid.systemui-1697  [003] ...1  4769.616093: do_swap_page: prefetch miss 1697 "ndroid.systemui" 9e06a000 11754
           <...>-6067  [001] ...1  4769.616127: do_swap_page: prefetch miss 6067 "roid.smartboard" 7fffffa000 257df
 ndroid.systemui-1697  [003] ....  4769.616383: do_swap_page: prefetch miss 1697 "ndroid.systemui" 9e23c000 11755
    Binder:909_2-2146  [003] ...1  4769.616405: do_swap_page: prefetch miss 909 "Binder:909_2" 7fbcbf2000 497cf
    Binder:909_2-2146  [003] ....  4769.616519: do_swap_page: prefetch miss 909 "Binder:909_2" 325555d000 497d0
           <...>-6067  [001] ....  4769.617053: do_swap_page: prefetch miss 6067 "roid.smartboard" 7ed25d9000 257e2
           <...>-1373  [001] ...1  4769.617069: do_swap_page: prefetch miss 1338 "android.bg" 7fbe4c8000 1d7fb
           <...>-1373  [001] ....  4769.617173: do_swap_page: prefetch miss 1338 "android.bg" 7fbe4c9000 1d7fc
 ndroid.systemui-1697  [006] ...1  4769.618224: do_swap_page: prefetch miss 1697 "ndroid.systemui" 9e23c000 11755
 ndroid.systemui-1697  [006] ....  4769.618306: do_swap_page: prefetch miss 1697 "ndroid.systemui" 9e24a000 11756
    Binder:909_2-2146  [006] ...1  4769.618315: do_swap_page: prefetch miss 909 "Binder:909_2" 325555d000 497d0
           <...>-6067  [001] ...1  4769.618333: do_swap_page: prefetch miss 6067 "roid.smartboard" 7ed25d9000 257e2
    Binder:909_2-2146  [006] ....  4769.618375: do_swap_page: prefetch miss 909 "Binder:909_2" 1a5555d000 4d767
           <...>-6067  [001] ....  4769.618465: do_swap_page: prefetch miss 6067 "roid.smartboard" 7ed25d6000 297a0
 ndroid.systemui-1697  [002] ...1  4769.620299: do_swap_page: prefetch miss 1697 "ndroid.systemui" 9e24a000 11756
 ndroid.systemui-1697  [002] ....  4769.620919: do_swap_page: prefetch miss 1697 "ndroid.systemui" 9e30f000 11757
           <...>-6067  [001] ...1  4769.621318: do_swap_page: prefetch miss 6067 "roid.smartboard" 7ed25d6000 297a0
    Binder:909_2-2146  [001] ...1  4769.621396: do_swap_page: prefetch miss 909 "Binder:909_2" 1a5555d000 4d767
    Binder:909_2-2146  [001] ....  4769.621501: do_swap_page: prefetch miss 909 "Binder:909_2" 5555552000 497d6
           <...>-1373  [001] ...1  4769.621517: do_swap_page: prefetch miss 1338 "android.bg" 7fbe4c9000 1d7fc
           <...>-1373  [001] ....  4769.621603: do_swap_page: prefetch miss 1338 "android.bg" 7fbe4ca000 1d7fd
           <...>-24106 [005] ....  4769.622918: update_to_nbd_flag: table 1 is latter, total target 1511 max idx e, l -> 6432 5928
 ndroid.systemui-1697  [001] ...1  4769.622983: do_swap_page: prefetch miss 1697 "ndroid.systemui" 9e30f000 11757
    Binder:909_2-2146  [001] ...1  4769.623169: do_swap_page: prefetch miss 909 "Binder:909_2" 5555552000 497d6
    Binder:909_2-2146  [003] ....  4769.623218: do_swap_page: prefetch miss 909 "Binder:909_2" 1935552000 4d74c
 ndroid.systemui-1697  [003] ....  4769.623239: do_swap_page: prefetch miss 1697 "ndroid.systemui" 9e30c000 11758
           <...>-1373  [001] ...1  4769.624318: do_swap_page: prefetch miss 1338 "android.bg" 7fbe4ca000 1d7fd
           <...>-1373  [001] ....  4769.624815: do_swap_page: prefetch miss 1338 "android.bg" 7fbe4cb000 1d7fe
 ndroid.systemui-1697  [003] ...1  4769.625415: do_swap_page: prefetch miss 1697 "ndroid.systemui" 9e30c000 11758
    Binder:909_2-2146  [003] ...1  4769.625620: do_swap_page: prefetch miss 909 "Binder:909_2" 1935552000 4d74c
    Binder:909_2-2146  [003] ....  4769.625711: do_swap_page: prefetch miss 909 "Binder:909_2" 1855559000 497bb
 ndroid.systemui-1697  [003] ....  4769.625719: do_swap_page: prefetch miss 1697 "ndroid.systemui" 9e291000 1175b
           <...>-1373  [001] ...1  4769.626867: do_swap_page: prefetch miss 1338 "android.bg" 7fbe4cb000 1d7fe
           <...>-1373  [001] ....  4769.626901: do_swap_page: prefetch miss 1338 "android.bg" 7fbe4cc000 1d7ff
 ndroid.systemui-1697  [002] ...1  4769.626932: do_swap_page: prefetch miss 1697 "ndroid.systemui" 9e291000 1175b
    Binder:909_2-2146  [002] ...1  4769.629586: do_swap_page: prefetch miss 909 "Binder:909_2" 1855559000 497bb
    Binder:909_2-2146  [002] ....  4769.629855: do_swap_page: prefetch miss 909 "Binder:909_2" 2455555000 55727
 ndroid.systemui-1697  [002] ....  4769.629873: do_swap_page: prefetch miss 1697 "ndroid.systemui" 9e2f8000 1175d
           <...>-1373  [001] ...1  4769.631241: do_swap_page: prefetch miss 1338 "android.bg" 7fbe4cc000 1d7ff
           <...>-1373  [001] ....  4769.631372: do_swap_page: prefetch miss 1338 "android.bg" 7fbe4cd000 31700
 ndroid.systemui-1697  [002] ...1  4769.631577: do_swap_page: prefetch miss 1697 "ndroid.systemui" 9e2f8000 1175d
    Binder:909_2-2146  [002] ...1  4769.631847: do_swap_page: prefetch miss 909 "Binder:909_2" 2455555000 55727
    Binder:909_2-2146  [002] ....  4769.631986: do_swap_page: prefetch miss 909 "Binder:909_2" 7fbc2b4000 4d751
 ndroid.systemui-1697  [002] ....  4769.632830: do_swap_page: prefetch miss 1697 "ndroid.systemui" 7fbbef7000 1175e
           <...>-1373  [001] ...1  4769.633740: do_swap_page: prefetch miss 1338 "android.bg" 7fbe4cd000 31700
 ndroid.systemui-1697  [002] ...1  4769.633779: do_swap_page: prefetch miss 1697 "ndroid.systemui" 7fbbef7000 1175e
 ndroid.systemui-1697  [002] ....  4769.633834: do_swap_page: prefetch miss 1697 "ndroid.systemui" 9e2d3000 578d
    Binder:909_2-2146  [005] ...1  4769.633892: do_swap_page: prefetch miss 909 "Binder:909_2" 7fbc2b4000 4d751
    Binder:909_2-2146  [005] ....  4769.633912: do_swap_page: prefetch miss 909 "Binder:909_2" 185555d000 497af
           <...>-1373  [001] ....  4769.634003: do_swap_page: prefetch miss 1338 "android.bg" 7fbe4ce000 31701
           <...>-1373  [003] ...1  4769.636362: do_swap_page: prefetch miss 1338 "android.bg" 7fbe4ce000 31701
 ndroid.systemui-1697  [002] ...1  4769.636395: do_swap_page: prefetch miss 1697 "ndroid.systemui" 9e2d3000 578d
 ndroid.systemui-1697  [002] ....  4769.636425: do_swap_page: prefetch miss 1697 "ndroid.systemui" 9e29c000 578e
           <...>-1373  [002] ....  4769.636470: do_swap_page: prefetch miss 1338 "android.bg" 7fbe4cf000 31702
    Binder:909_2-2146  [003] ...1  4769.636574: do_swap_page: prefetch miss 909 "Binder:909_2" 185555d000 497af
    Binder:909_2-2146  [003] ....  4769.636718: do_swap_page: prefetch miss 909 "Binder:909_2" 185555e000 4d74f
           <...>-1373  [003] ...1  4769.638333: do_swap_page: prefetch miss 1338 "android.bg" 7fbe4cf000 31702
 ndroid.systemui-1697  [002] ...1  4769.638366: do_swap_page: prefetch miss 1697 "ndroid.systemui" 9e29c000 578e
    Binder:909_2-2146  [003] ...1  4769.638462: do_swap_page: prefetch miss 909 "Binder:909_2" 185555e000 4d74f
    Binder:909_2-2146  [006] ....  4769.638524: do_swap_page: prefetch miss 909 "Binder:909_2" 1c55560000 4d752
           <...>-1373  [002] ....  4769.638560: do_swap_page: prefetch miss 1338 "android.bg" 7fbe4d0000 31703
 ndroid.systemui-1697  [006] ....  4769.638568: do_swap_page: prefetch miss 1697 "ndroid.systemui" 9e28a000 5790
           <...>-1373  [003] ...1  4769.641978: do_swap_page: prefetch miss 1338 "android.bg" 7fbe4d0000 31703
           <...>-1373  [003] ....  4769.642110: do_swap_page: prefetch miss 1338 "android.bg" 7fbe4d1000 31704
    Binder:909_2-2146  [005] ...1  4769.642153: do_swap_page: prefetch miss 909 "Binder:909_2" 1c55560000 4d752
 ndroid.systemui-1697  [003] ...1  4769.642160: do_swap_page: prefetch miss 1697 "ndroid.systemui" 9e28a000 5790
    Binder:909_2-2146  [005] ....  4769.642194: do_swap_page: prefetch miss 909 "Binder:909_2" 7f3bb3a000 1760
 ndroid.systemui-1697  [003] ....  4769.642355: do_swap_page: prefetch miss 1697 "ndroid.systemui" 9e289000 5791
           <...>-1373  [003] .n.1  4769.644302: do_swap_page: prefetch miss 1338 "android.bg" 7fbe4d1000 31704
 ndroid.systemui-1697  [003] ...1  4769.644329: do_swap_page: prefetch miss 1697 "ndroid.systemui" 9e289000 5791
    Binder:909_2-2146  [000] ...1  4769.644623: do_swap_page: prefetch miss 909 "Binder:909_2" 7f3bb3a000 1760
    Binder:909_2-2146  [000] ....  4769.644681: do_swap_page: prefetch miss 909 "Binder:909_2" 1955554000 457f8
           <...>-1373  [002] ....  4769.645872: do_swap_page: prefetch miss 1338 "android.bg" 7fbe4d2000 31705
    Binder:909_2-2146  [005] ...1  4769.646383: do_swap_page: prefetch miss 909 "Binder:909_2" 1955554000 457f8
    Binder:909_2-2146  [005] ....  4769.646509: do_swap_page: prefetch miss 909 "Binder:909_2" 1855557000 4d756
           <...>-1373  [002] ...1  4769.647973: do_swap_page: prefetch miss 1338 "android.bg" 7fbe4d2000 31705
    Binder:909_2-2146  [002] ...1  4769.648015: do_swap_page: prefetch miss 909 "Binder:909_2" 1855557000 4d756
    Binder:909_2-2146  [000] ....  4769.648083: do_swap_page: prefetch miss 909 "Binder:909_2" 1c55555000 4d757
           <...>-1373  [000] ....  4769.648104: do_swap_page: prefetch miss 1338 "android.bg" 7fbe4d3000 31706
           <...>-1373  [002] ...1  4769.650412: do_swap_page: prefetch miss 1338 "android.bg" 7fbe4d3000 31706
           <...>-1373  [002] ....  4769.650592: do_swap_page: prefetch miss 1338 "android.bg" 7fbe4d4000 31707
    Binder:909_2-2146  [002] ...1  4769.652246: do_swap_page: prefetch miss 909 "Binder:909_2" 1c55555000 4d757
    Binder:909_2-2146  [002] ....  4769.652390: do_swap_page: prefetch miss 909 "Binder:909_2" 1c5555f000 457d7
           <...>-1373  [002] ...1  4769.653247: do_swap_page: prefetch miss 1338 "android.bg" 7fbe4d4000 31707
           <...>-1373  [002] ....  4769.653414: do_swap_page: prefetch miss 1338 "android.bg" 7fbe4d5000 31708
    Binder:909_2-2146  [005] ...1  4769.655237: do_swap_page: prefetch miss 909 "Binder:909_2" 1c5555f000 457d7
    Binder:909_2-2146  [005] ....  4769.655331: do_swap_page: prefetch miss 909 "Binder:909_2" 1c55559000 497d8
           <...>-1373  [002] ...1  4769.655410: do_swap_page: prefetch miss 1338 "android.bg" 7fbe4d5000 31708
           <...>-1373  [002] ....  4769.655511: do_swap_page: prefetch miss 1338 "android.bg" 7fbe4d6000 31709
           <...>-1373  [001] ...1  4769.664568: do_swap_page: prefetch miss 1338 "android.bg" 7fbe4d6000 31709
    Binder:909_2-2146  [002] ...1  4769.664568: do_swap_page: prefetch miss 909 "Binder:909_2" 1c55559000 497d8
    Binder:909_2-2146  [002] ....  4769.664634: do_swap_page: prefetch miss 909 "Binder:909_2" 1955557000 55726
           <...>-1373  [001] ....  4769.664840: do_swap_page: prefetch miss 1338 "android.bg" 7fbe4d7000 3170a
           <...>-1373  [002] .n.1  4769.669235: do_swap_page: prefetch miss 1338 "android.bg" 7fbe4d7000 3170a
    Binder:909_2-2146  [001] ...1  4769.669253: do_swap_page: prefetch miss 909 "Binder:909_2" 1955557000 55726
    Binder:909_2-2146  [001] ....  4769.669322: do_swap_page: prefetch miss 909 "Binder:909_2" 1a55555000 457e0
           <...>-1373  [001] ....  4769.669346: do_swap_page: prefetch miss 1338 "android.bg" 7fbe4d8000 3170b
           <...>-1373  [002] ...1  4769.671339: do_swap_page: prefetch miss 1338 "android.bg" 7fbe4d8000 3170b
    Binder:909_2-2146  [005] ...1  4769.671370: do_swap_page: prefetch miss 909 "Binder:909_2" 1a55555000 457e0
    Binder:909_2-2146  [005] ....  4769.671407: do_swap_page: prefetch miss 909 "Binder:909_2" 3455555000 497dc
           <...>-1373  [002] ....  4769.671510: do_swap_page: prefetch miss 1338 "android.bg" 7fbe4d9000 3170c
           <...>-1373  [003] ...1  4769.675514: do_swap_page: prefetch miss 1338 "android.bg" 7fbe4d9000 3170c
    Binder:909_2-2146  [003] ...1  4769.675892: do_swap_page: prefetch miss 909 "Binder:909_2" 3455555000 497dc
    Binder:909_2-2146  [003] ....  4769.676075: do_swap_page: prefetch miss 909 "Binder:909_2" 3455556000 497dd
           <...>-1373  [003] ....  4769.676087: do_swap_page: prefetch miss 1338 "android.bg" 7fbe4da000 3170d
           <...>-1373  [003] ...1  4769.678174: do_swap_page: prefetch miss 1338 "android.bg" 7fbe4da000 3170d
    Binder:909_2-2146  [003] ...1  4769.678555: do_swap_page: prefetch miss 909 "Binder:909_2" 3455556000 497dd
    Binder:909_2-2146  [003] ....  4769.678814: do_swap_page: prefetch miss 909 "Binder:909_2" 325555f000 497e0
           <...>-1373  [003] ....  4769.678828: do_swap_page: prefetch miss 1338 "android.bg" 7fbe4db000 3170e
    Binder:909_2-2146  [003] ...1  4769.680407: do_swap_page: prefetch miss 909 "Binder:909_2" 325555f000 497e0
    Binder:909_2-2146  [003] ....  4769.680567: do_swap_page: prefetch miss 909 "Binder:909_2" 3a5555e000 497e1
           <...>-1373  [002] ...1  4769.680897: do_swap_page: prefetch miss 1338 "android.bg" 7fbe4db000 3170e
           <...>-1373  [002] ....  4769.681020: do_swap_page: prefetch miss 1338 "android.bg" 7fbe4dc000 3170f
    Binder:909_2-2146  [003] ...1  4769.682361: do_swap_page: prefetch miss 909 "Binder:909_2" 3a5555e000 497e1
    Binder:909_2-2146  [003] ....  4769.682553: do_swap_page: prefetch miss 909 "Binder:909_2" 3a5555f000 497e2
           <...>-1373  [003] ...1  4769.682773: do_swap_page: prefetch miss 1338 "android.bg" 7fbe4dc000 3170f
           <...>-1373  [003] ....  4769.683026: do_swap_page: prefetch miss 1338 "android.bg" 7fbe4dd000 31710
    Binder:909_2-2146  [003] ...1  4769.684615: do_swap_page: prefetch miss 909 "Binder:909_2" 3a5555f000 497e2
    Binder:909_2-2146  [003] ....  4769.684667: do_swap_page: prefetch miss 909 "Binder:909_2" 3a55560000 497e3
           <...>-1373  [002] ...1  4769.685152: do_swap_page: prefetch miss 1338 "android.bg" 7fbe4dd000 31710
           <...>-1373  [002] ....  4769.685670: do_swap_page: prefetch miss 1338 "android.bg" 7fbe4de000 31711
    Binder:909_2-2146  [003] ...1  4769.687170: do_swap_page: prefetch miss 909 "Binder:909_2" 3a55560000 497e3
           <...>-1373  [002] ...1  4769.687369: do_swap_page: prefetch miss 1338 "android.bg" 7fbe4de000 31711
    Binder:909_2-2146  [003] ....  4769.687376: do_swap_page: prefetch miss 909 "Binder:909_2" 375555b000 457d8
           <...>-1373  [002] ....  4769.687509: do_swap_page: prefetch miss 1338 "android.bg" 7fbe4df000 31712
    Binder:909_2-2146  [003] ...1  4769.689198: do_swap_page: prefetch miss 909 "Binder:909_2" 375555b000 457d8
           <...>-1373  [002] ...1  4769.689302: do_swap_page: prefetch miss 1338 "android.bg" 7fbe4df000 31712
           <...>-1373  [002] ....  4769.689324: do_swap_page: prefetch miss 1338 "android.bg" 7fbe4e0000 31713
    Binder:909_2-2146  [003] ....  4769.689413: do_swap_page: prefetch miss 909 "Binder:909_2" 375555c000 4d758
    Binder:909_2-2146  [003] ...1  4769.691170: do_swap_page: prefetch miss 909 "Binder:909_2" 375555c000 4d758
    Binder:909_2-2146  [003] ....  4769.691314: do_swap_page: prefetch miss 909 "Binder:909_2" 1955556000 5571e
           <...>-1373  [002] ...1  4769.691422: do_swap_page: prefetch miss 1338 "android.bg" 7fbe4e0000 31713
           <...>-1373  [002] ....  4769.691581: do_swap_page: prefetch miss 1338 "android.bg" 7fbe4e1000 31714
    Binder:909_2-2146  [003] ...1  4769.693568: do_swap_page: prefetch miss 909 "Binder:909_2" 1955556000 5571e
    Binder:909_2-2146  [003] ....  4769.693707: do_swap_page: prefetch miss 909 "Binder:909_2" 1c5555e000 4d759
           <...>-1373  [000] ...1  4769.694479: do_swap_page: prefetch miss 1338 "android.bg" 7fbe4e1000 31714
    Binder:909_2-2146  [003] ...1  4769.695723: do_swap_page: prefetch miss 909 "Binder:909_2" 1c5555e000 4d759
           <...>-1373  [000] ....  4769.696657: do_swap_page: prefetch miss 1338 "android.bg" 7fbe4e2000 31715
           <...>-1373  [000] ...1  4769.698439: do_swap_page: prefetch miss 1338 "android.bg" 7fbe4e2000 31715
           <...>-1373  [000] ....  4769.698572: do_swap_page: prefetch miss 1338 "android.bg" 7fbe4e3000 31716
           <...>-1373  [000] ...1  4769.700518: do_swap_page: prefetch miss 1338 "android.bg" 7fbe4e3000 31716
           <...>-1373  [000] ....  4769.700643: do_swap_page: prefetch miss 1338 "android.bg" 7fbe4e4000 31717
    Binder:909_2-2146  [003] ....  4769.701618: do_swap_page: prefetch miss 909 "Binder:909_2" 1855558000 4d735
           <...>-1373  [000] ...1  4769.702486: do_swap_page: prefetch miss 1338 "android.bg" 7fbe4e4000 31717
           <...>-1373  [000] ....  4769.702580: do_swap_page: prefetch miss 1338 "android.bg" 7fbe4e5000 31718
    Binder:909_2-2146  [003] ...1  4769.703213: do_swap_page: prefetch miss 909 "Binder:909_2" 1855558000 4d735
    Binder:909_2-2146  [003] ....  4769.703319: do_swap_page: prefetch miss 909 "Binder:909_2" 1c55554000 4d75b
    Binder:909_2-2146  [003] ...1  4769.705003: do_swap_page: prefetch miss 909 "Binder:909_2" 1c55554000 4d75b
    Binder:909_2-2146  [003] ....  4769.705127: do_swap_page: prefetch miss 909 "Binder:909_2" 1c55556000 4d75c
           <...>-1373  [002] ...1  4769.705651: do_swap_page: prefetch miss 1338 "android.bg" 7fbe4e5000 31718
    Binder:909_2-2146  [003] ...1  4769.707249: do_swap_page: prefetch miss 909 "Binder:909_2" 1c55556000 4d75c
           <...>-1373  [002] ....  4769.707430: do_swap_page: prefetch miss 1338 "android.bg" 7fbe4e6000 257e3
    Binder:909_2-2146  [003] ....  4769.709053: do_swap_page: prefetch miss 909 "Binder:909_2" 1c55552000 4d75e
    Binder:909_2-2146  [003] ...1  4769.710901: do_swap_page: prefetch miss 909 "Binder:909_2" 1c55552000 4d75e
    Binder:909_2-2146  [003] ....  4769.711074: do_swap_page: prefetch miss 909 "Binder:909_2" 1c5555b000 4d760
           <...>-1373  [002] ...1  4769.711423: do_swap_page: prefetch miss 1338 "android.bg" 7fbe4e6000 257e3
           <...>-1373  [002] ....  4769.711550: do_swap_page: prefetch miss 1338 "android.bg" 7fbe4e7000 257e4
    Binder:909_2-2146  [003] ...1  4769.712974: do_swap_page: prefetch miss 909 "Binder:909_2" 1c5555b000 4d760
    Binder:909_2-2146  [003] ....  4769.713102: do_swap_page: prefetch miss 909 "Binder:909_2" 175556e000 457e2
           <...>-1373  [002] ...1  4769.713279: do_swap_page: prefetch miss 1338 "android.bg" 7fbe4e7000 257e4
           <...>-1373  [002] ....  4769.713393: do_swap_page: prefetch miss 1338 "android.bg" 7fbe4e8000 257e5
    Binder:909_2-2146  [003] ...1  4769.714721: do_swap_page: prefetch miss 909 "Binder:909_2" 175556e000 457e2
    Binder:909_2-2146  [003] ....  4769.714881: do_swap_page: prefetch miss 909 "Binder:909_2" 1755554000 51712
           <...>-1373  [002] ...1  4769.715038: do_swap_page: prefetch miss 1338 "android.bg" 7fbe4e8000 257e5
           <...>-1373  [002] ....  4769.715189: do_swap_page: prefetch miss 1338 "android.bg" 7fbe4e9000 257e6
    Binder:909_2-2146  [002] ...1  4769.718817: do_swap_page: prefetch miss 909 "Binder:909_2" 1755554000 51712
    Binder:909_2-2146  [002] ....  4769.719016: do_swap_page: prefetch miss 909 "Binder:909_2" 2a55554000 457ee
           <...>-1373  [002] ...1  4769.719032: do_swap_page: prefetch miss 1338 "android.bg" 7fbe4e9000 257e6
           <...>-1373  [002] ....  4769.719506: do_swap_page: prefetch miss 1338 "android.bg" 7fbe4ea000 257e7
    Binder:909_2-2146  [002] ...1  4769.721112: do_swap_page: prefetch miss 909 "Binder:909_2" 2a55554000 457ee
    Binder:909_2-2146  [002] ....  4769.721237: do_swap_page: prefetch miss 909 "Binder:909_2" 335556a000 4d765
           <...>-1373  [002] ...1  4769.721338: do_swap_page: prefetch miss 1338 "android.bg" 7fbe4ea000 257e7
           <...>-1373  [002] ....  4769.722124: do_swap_page: prefetch miss 1338 "android.bg" 7fbe19b000 257e9
    Binder:909_2-2146  [002] ...1  4769.723203: do_swap_page: prefetch miss 909 "Binder:909_2" 335556a000 4d765
    Binder:909_2-2146  [002] ....  4769.723483: do_swap_page: prefetch miss 909 "Binder:909_2" 1755562000 55718
           <...>-1373  [002] ...1  4769.724295: do_swap_page: prefetch miss 1338 "android.bg" 7fbe19b000 257e9
           <...>-1373  [000] ....  4769.724387: do_swap_page: prefetch miss 1338 "android.bg" 7fbe267000 257ea
    Binder:909_2-2146  [002] ...1  4769.725353: do_swap_page: prefetch miss 909 "Binder:909_2" 1755562000 55718
