           <...>-615   [007] ....  3205.155355: do_swap_page: prefetch miss 609 "HwBinder:609_2" 7fbb600000 57b6
           <...>-615   [007] ...1  3205.157037: do_swap_page: prefetch miss 609 "HwBinder:609_2" 7fbb600000 57b6
           <...>-615   [007] ....  3205.157054: do_swap_page: prefetch miss 609 "HwBinder:609_2" 7fbcde8000 9709
           <...>-615   [007] ...1  3205.159015: do_swap_page: prefetch miss 609 "HwBinder:609_2" 7fbcde8000 9709
           <...>-615   [007] ....  3205.159020: do_swap_page: prefetch miss 609 "HwBinder:609_2" 7fbd200000 970a
           <...>-615   [007] ...1  3205.160790: do_swap_page: prefetch miss 609 "HwBinder:609_2" 7fbd200000 970a
           <...>-615   [007] ....  3205.160798: do_swap_page: prefetch miss 609 "HwBinder:609_2" 7fbd03a000 57b7
           <...>-615   [007] ...1  3205.162768: do_swap_page: prefetch miss 609 "HwBinder:609_2" 7fbd03a000 57b7
           <...>-615   [007] ....  3205.162778: do_swap_page: prefetch miss 609 "HwBinder:609_2" 7fbd027000 57b8
           <...>-615   [007] ...1  3205.164588: do_swap_page: prefetch miss 609 "HwBinder:609_2" 7fbd027000 57b8
           <...>-1446  [007] ....  3205.164665: do_swap_page: prefetch miss 604 "Binder:604_4" 7fba640000 57b9
           <...>-1446  [007] ...1  3205.166829: do_swap_page: prefetch miss 604 "Binder:604_4" 7fba640000 57b9
           <...>-1446  [007] ....  3205.166872: do_swap_page: prefetch miss 604 "Binder:604_4" 7fba72b000 57ba
           <...>-1446  [007] ...1  3205.168800: do_swap_page: prefetch miss 604 "Binder:604_4" 7fba72b000 57ba
    GLThread 444-6441  [007] ....  3205.168965: do_swap_page: prefetch miss 6386 "GLThread 444" 7e9b256000 217af
    GLThread 444-6441  [007] ...1  3205.170718: do_swap_page: prefetch miss 6386 "GLThread 444" 7e9b256000 217af
    GLThread 444-6441  [007] ....  3205.170770: do_swap_page: prefetch miss 6386 "GLThread 444" 7ecf9c9000 117be
    GLThread 444-6441  [007] ...1  3205.172712: do_swap_page: prefetch miss 6386 "GLThread 444" 7ecf9c9000 117be
    GLThread 444-6441  [007] ....  3205.172757: do_swap_page: prefetch miss 6386 "GLThread 444" 7ecf9ca000 117bf
    GLThread 444-6441  [007] ...1  3205.174606: do_swap_page: prefetch miss 6386 "GLThread 444" 7ecf9ca000 117bf
    GLThread 444-6441  [007] ....  3205.174612: do_swap_page: prefetch miss 6386 "GLThread 444" 7ecf9cb000 117c0
    GLThread 444-6441  [007] ...1  3205.176508: do_swap_page: prefetch miss 6386 "GLThread 444" 7ecf9cb000 117c0
    GLThread 444-6441  [007] ....  3205.176516: do_swap_page: prefetch miss 6386 "GLThread 444" 7f2132e000 117c1
    GLThread 444-6441  [007] ...1  3205.178164: do_swap_page: prefetch miss 6386 "GLThread 444" 7f2132e000 117c1
    GLThread 444-6441  [007] ....  3205.178212: do_swap_page: prefetch miss 6386 "GLThread 444" 7f1f7f8000 117c2
    GLThread 444-6441  [007] ...1  3205.183315: do_swap_page: prefetch miss 6386 "GLThread 444" 7f1f7f8000 117c2
    GLThread 444-6441  [007] ....  3205.183330: do_swap_page: prefetch miss 6386 "GLThread 444" 7f20cdc000 117c3
    GLThread 444-6441  [007] ...1  3205.185371: do_swap_page: prefetch miss 6386 "GLThread 444" 7f20cdc000 117c3
    GLThread 444-6441  [007] ....  3205.185486: do_swap_page: prefetch miss 6386 "GLThread 444" 7ec080c000 117c5
    GLThread 444-6441  [007] ...1  3205.187237: do_swap_page: prefetch miss 6386 "GLThread 444" 7ec080c000 117c5
    GLThread 444-6441  [007] ....  3205.187261: do_swap_page: prefetch miss 6386 "GLThread 444" 7f2d756000 117c6
    GLThread 444-6441  [007] ...1  3205.189065: do_swap_page: prefetch miss 6386 "GLThread 444" 7f2d756000 117c6
    GLThread 444-6441  [007] ....  3205.189085: do_swap_page: prefetch miss 6386 "GLThread 444" 7ed042b000 117c7
    GLThread 444-6441  [007] ...1  3205.190920: do_swap_page: prefetch miss 6386 "GLThread 444" 7ed042b000 117c7
    GLThread 444-6441  [007] ....  3205.190943: do_swap_page: prefetch miss 6386 "GLThread 444" 7ed039f000 117c8
    GLThread 444-6441  [007] ...1  3205.192590: do_swap_page: prefetch miss 6386 "GLThread 444" 7ed039f000 117c8
    GLThread 444-6441  [007] ....  3205.192599: do_swap_page: prefetch miss 6386 "GLThread 444" 7f28ec5000 117c9
    GLThread 444-6441  [007] ...1  3205.194358: do_swap_page: prefetch miss 6386 "GLThread 444" 7f28ec5000 117c9
    GLThread 444-6441  [007] ....  3205.194369: do_swap_page: prefetch miss 6386 "GLThread 444" 7eabeab000 117ca
    GLThread 444-6441  [007] ...1  3205.196201: do_swap_page: prefetch miss 6386 "GLThread 444" 7eabeab000 117ca
    GLThread 444-6441  [007] ....  3205.196215: do_swap_page: prefetch miss 6386 "GLThread 444" 7eaba99000 117cc
    GLThread 444-6441  [007] ...1  3205.198255: do_swap_page: prefetch miss 6386 "GLThread 444" 7eaba99000 117cc
    GLThread 444-6441  [007] ....  3205.198265: do_swap_page: prefetch miss 6386 "GLThread 444" 7eafcb5000 117e5
    GLThread 444-6441  [007] ...1  3205.200148: do_swap_page: prefetch miss 6386 "GLThread 444" 7eafcb5000 117e5
    GLThread 444-6441  [007] ....  3205.200160: do_swap_page: prefetch miss 6386 "GLThread 444" 7ed032d000 117cd
    GLThread 444-6441  [007] ...1  3205.202011: do_swap_page: prefetch miss 6386 "GLThread 444" 7ed032d000 117cd
    GLThread 444-6441  [007] ....  3205.202022: do_swap_page: prefetch miss 6386 "GLThread 444" 7eabead000 117ce
    GLThread 444-6441  [007] ...1  3205.203763: do_swap_page: prefetch miss 6386 "GLThread 444" 7eabead000 117ce
    GLThread 444-6441  [007] ....  3205.203771: do_swap_page: prefetch miss 6386 "GLThread 444" 7ed0509000 117cf
    GLThread 444-6441  [007] ...1  3205.205754: do_swap_page: prefetch miss 6386 "GLThread 444" 7ed0509000 117cf
    GLThread 444-6441  [007] ....  3205.205760: do_swap_page: prefetch miss 6386 "GLThread 444" 7ed0339000 117d0
    GLThread 444-6441  [007] ...1  3205.207596: do_swap_page: prefetch miss 6386 "GLThread 444" 7ed0339000 117d0
    GLThread 444-6441  [007] ....  3205.207603: do_swap_page: prefetch miss 6386 "GLThread 444" 7f28ec4000 117d1
    GLThread 444-6441  [007] ...1  3205.209214: do_swap_page: prefetch miss 6386 "GLThread 444" 7f28ec4000 117d1
    GLThread 444-6441  [007] ....  3205.209224: do_swap_page: prefetch miss 6386 "GLThread 444" 7eabeb7000 117d2
    GLThread 444-6441  [007] ...1  3205.211359: do_swap_page: prefetch miss 6386 "GLThread 444" 7eabeb7000 117d2
    GLThread 444-6441  [007] ....  3205.211375: do_swap_page: prefetch miss 6386 "GLThread 444" 7ed032e000 117d3
    GLThread 444-6441  [007] ...1  3205.213473: do_swap_page: prefetch miss 6386 "GLThread 444" 7ed032e000 117d3
    GLThread 444-6441  [007] ....  3205.213483: do_swap_page: prefetch miss 6386 "GLThread 444" 7ed0349000 117d4
    GLThread 444-6441  [007] ...1  3205.215129: do_swap_page: prefetch miss 6386 "GLThread 444" 7ed0349000 117d4
    GLThread 444-6441  [007] ....  3205.215140: do_swap_page: prefetch miss 6386 "GLThread 444" 7eabeae000 117d5
    GLThread 444-6441  [007] ...1  3205.216667: do_swap_page: prefetch miss 6386 "GLThread 444" 7eabeae000 117d5
    GLThread 444-6441  [007] ....  3205.216749: do_swap_page: prefetch miss 6386 "GLThread 444" 7ed0357000 117d6
    GLThread 444-6441  [007] ...1  3205.218551: do_swap_page: prefetch miss 6386 "GLThread 444" 7ed0357000 117d6
    GLThread 444-6441  [007] ....  3205.218569: do_swap_page: prefetch miss 6386 "GLThread 444" 7ed0358000 117d7
    GLThread 444-6441  [007] ...1  3205.220192: do_swap_page: prefetch miss 6386 "GLThread 444" 7ed0358000 117d7
    GLThread 444-6441  [007] ....  3205.220208: do_swap_page: prefetch miss 6386 "GLThread 444" 7eabeb8000 117d8
    GLThread 444-6441  [007] ...1  3205.221777: do_swap_page: prefetch miss 6386 "GLThread 444" 7eabeb8000 117d8
    GLThread 444-6441  [007] ....  3205.221782: do_swap_page: prefetch miss 6386 "GLThread 444" 7ec08e4000 117d9
    GLThread 444-6441  [007] ...1  3205.223301: do_swap_page: prefetch miss 6386 "GLThread 444" 7ec08e4000 117d9
    GLThread 444-6441  [007] ....  3205.223306: do_swap_page: prefetch miss 6386 "GLThread 444" 7eabea7000 117da
    GLThread 444-6441  [007] ...1  3205.224965: do_swap_page: prefetch miss 6386 "GLThread 444" 7eabea7000 117da
    GLThread 444-6441  [007] ....  3205.224981: do_swap_page: prefetch miss 6386 "GLThread 444" 7ed052b000 117db
    GLThread 444-6441  [007] ...1  3205.226731: do_swap_page: prefetch miss 6386 "GLThread 444" 7ed052b000 117db
    GLThread 444-6441  [007] ....  3205.226738: do_swap_page: prefetch miss 6386 "GLThread 444" 7ed0399000 117dc
    GLThread 444-6441  [007] ...1  3205.228424: do_swap_page: prefetch miss 6386 "GLThread 444" 7ed0399000 117dc
    GLThread 444-6441  [007] ....  3205.228429: do_swap_page: prefetch miss 6386 "GLThread 444" 7ed0340000 117dd
    GLThread 444-6441  [007] ...1  3205.229971: do_swap_page: prefetch miss 6386 "GLThread 444" 7ed0340000 117dd
    GLThread 444-6441  [007] ....  3205.229979: do_swap_page: prefetch miss 6386 "GLThread 444" 7ed0522000 117de
    GLThread 444-6441  [007] ...1  3205.231505: do_swap_page: prefetch miss 6386 "GLThread 444" 7ed0522000 117de
    GLThread 444-6441  [007] ....  3205.231517: do_swap_page: prefetch miss 6386 "GLThread 444" 7ea46c8000 117df
    GLThread 444-6441  [007] ...1  3205.233206: do_swap_page: prefetch miss 6386 "GLThread 444" 7ea46c8000 117df
    GLThread 444-6441  [007] ....  3205.233213: do_swap_page: prefetch miss 6386 "GLThread 444" 7ed036f000 117e0
    GLThread 444-6441  [007] ...1  3205.234806: do_swap_page: prefetch miss 6386 "GLThread 444" 7ed036f000 117e0
    GLThread 444-6441  [007] ....  3205.234811: do_swap_page: prefetch miss 6386 "GLThread 444" 7ed0370000 117e1
    GLThread 444-6441  [007] ...1  3205.238883: do_swap_page: prefetch miss 6386 "GLThread 444" 7ed0370000 117e1
    GLThread 444-6441  [007] ....  3205.238891: do_swap_page: prefetch miss 6386 "GLThread 444" 7eafdcb000 117e2
    GLThread 444-6441  [007] ...1  3205.240497: do_swap_page: prefetch miss 6386 "GLThread 444" 7eafdcb000 117e2
    GLThread 444-6441  [007] ....  3205.240511: do_swap_page: prefetch miss 6386 "GLThread 444" 7eabe36000 117e3
    GLThread 444-6441  [007] ...1  3205.242222: do_swap_page: prefetch miss 6386 "GLThread 444" 7eabe36000 117e3
    GLThread 444-6441  [007] ....  3205.242231: do_swap_page: prefetch miss 6386 "GLThread 444" 7ed032f000 117e4
    GLThread 444-6441  [007] ...1  3205.244625: do_swap_page: prefetch miss 6386 "GLThread 444" 7ed032f000 117e4
    GLThread 444-6441  [007] ....  3205.244638: do_swap_page: prefetch miss 6386 "GLThread 444" 7eaf0b0000 117e6
    GLThread 444-6441  [007] ...1  3205.246410: do_swap_page: prefetch miss 6386 "GLThread 444" 7eaf0b0000 117e6
    GLThread 444-6441  [007] ....  3205.246421: do_swap_page: prefetch miss 6386 "GLThread 444" 7eabe90000 117e7
    GLThread 444-6441  [007] ...1  3205.248125: do_swap_page: prefetch miss 6386 "GLThread 444" 7eabe90000 117e7
    GLThread 444-6441  [007] ....  3205.248132: do_swap_page: prefetch miss 6386 "GLThread 444" 7ed0342000 117e8
    GLThread 444-6441  [007] ...1  3205.249683: do_swap_page: prefetch miss 6386 "GLThread 444" 7ed0342000 117e8
    GLThread 444-6441  [007] ....  3205.249689: do_swap_page: prefetch miss 6386 "GLThread 444" 7ed0346000 117e9
    GLThread 444-6441  [007] ...1  3205.251343: do_swap_page: prefetch miss 6386 "GLThread 444" 7ed0346000 117e9
    GLThread 444-6441  [007] ....  3205.251355: do_swap_page: prefetch miss 6386 "GLThread 444" 7eabb4c000 117ea
    GLThread 444-6441  [007] ...1  3205.253093: do_swap_page: prefetch miss 6386 "GLThread 444" 7eabb4c000 117ea
    GLThread 444-6441  [007] ....  3205.253098: do_swap_page: prefetch miss 6386 "GLThread 444" 7eab8ee000 117eb
    GLThread 444-6441  [007] ...1  3205.254644: do_swap_page: prefetch miss 6386 "GLThread 444" 7eab8ee000 117eb
    GLThread 444-6441  [007] ....  3205.254654: do_swap_page: prefetch miss 6386 "GLThread 444" 7ed0528000 117ec
    GLThread 444-6441  [007] ...1  3205.256591: do_swap_page: prefetch miss 6386 "GLThread 444" 7ed0528000 117ec
    GLThread 444-6441  [007] ....  3205.256630: do_swap_page: prefetch miss 6386 "GLThread 444" 7eabeaf000 117ed
    GLThread 444-6441  [007] ...1  3205.258324: do_swap_page: prefetch miss 6386 "GLThread 444" 7eabeaf000 117ed
    GLThread 444-6441  [007] ....  3205.258331: do_swap_page: prefetch miss 6386 "GLThread 444" 7ed034a000 117ee
    GLThread 444-6441  [007] ...1  3205.260005: do_swap_page: prefetch miss 6386 "GLThread 444" 7ed034a000 117ee
    GLThread 444-6441  [007] ....  3205.260094: do_swap_page: prefetch miss 6386 "GLThread 444" 7eab8b4000 117ef
    GLThread 444-6441  [007] ...1  3205.261768: do_swap_page: prefetch miss 6386 "GLThread 444" 7eab8b4000 117ef
    GLThread 444-6441  [007] ....  3205.261793: do_swap_page: prefetch miss 6386 "GLThread 444" 7f28edb000 117f0
    GLThread 444-6441  [007] ...1  3205.263443: do_swap_page: prefetch miss 6386 "GLThread 444" 7f28edb000 117f0
    GLThread 444-6441  [007] ....  3205.263466: do_swap_page: prefetch miss 6386 "GLThread 444" 7ea42c5000 117f1
    GLThread 444-6441  [007] ...1  3205.264950: do_swap_page: prefetch miss 6386 "GLThread 444" 7ea42c5000 117f1
    GLThread 444-6441  [007] ....  3205.264967: do_swap_page: prefetch miss 6386 "GLThread 444" 7ea4709000 117f2
    GLThread 444-6441  [007] ...1  3205.266523: do_swap_page: prefetch miss 6386 "GLThread 444" 7ea4709000 117f2
    GLThread 444-6441  [007] ....  3205.266591: do_swap_page: prefetch miss 6386 "GLThread 444" 7eabea6000 21791
    GLThread 444-6441  [007] ...1  3205.268194: do_swap_page: prefetch miss 6386 "GLThread 444" 7eabea6000 21791
    GLThread 444-6441  [007] ....  3205.268257: do_swap_page: prefetch miss 6386 "GLThread 444" 7eb0106000 21792
    GLThread 444-6441  [007] ...1  3205.269826: do_swap_page: prefetch miss 6386 "GLThread 444" 7eb0106000 21792
    GLThread 444-6441  [007] ....  3205.269863: do_swap_page: prefetch miss 6386 "GLThread 444" 7ed0359000 21793
    GLThread 444-6441  [007] ...1  3205.271433: do_swap_page: prefetch miss 6386 "GLThread 444" 7ed0359000 21793
    GLThread 444-6441  [007] ....  3205.271451: do_swap_page: prefetch miss 6386 "GLThread 444" 7eafbe7000 21794
    GLThread 444-6441  [007] ...1  3205.272997: do_swap_page: prefetch miss 6386 "GLThread 444" 7eafbe7000 21794
    GLThread 444-6441  [007] ....  3205.273016: do_swap_page: prefetch miss 6386 "GLThread 444" 7eafbda000 21795
    GLThread 444-6441  [007] ...1  3205.274528: do_swap_page: prefetch miss 6386 "GLThread 444" 7eafbda000 21795
    GLThread 444-6441  [007] ....  3205.274533: do_swap_page: prefetch miss 6386 "GLThread 444" 7eafbdd000 21796
    GLThread 444-6441  [007] ...1  3205.276150: do_swap_page: prefetch miss 6386 "GLThread 444" 7eafbdd000 21796
    GLThread 444-6441  [007] ....  3205.276156: do_swap_page: prefetch miss 6386 "GLThread 444" 7eafbdc000 21797
    GLThread 444-6441  [007] ...1  3205.277641: do_swap_page: prefetch miss 6386 "GLThread 444" 7eafbdc000 21797
    GLThread 444-6441  [007] ....  3205.277652: do_swap_page: prefetch miss 6386 "GLThread 444" 7eabdc1000 21798
    GLThread 444-6441  [007] ...1  3205.279604: do_swap_page: prefetch miss 6386 "GLThread 444" 7eabdc1000 21798
    GLThread 444-6441  [007] ....  3205.279613: do_swap_page: prefetch miss 6386 "GLThread 444" 7eabee2000 21799
    GLThread 444-6441  [007] ...1  3205.281495: do_swap_page: prefetch miss 6386 "GLThread 444" 7eabee2000 21799
    GLThread 444-6441  [007] ....  3205.281500: do_swap_page: prefetch miss 6386 "GLThread 444" 7eafbc7000 2179a
    GLThread 444-6441  [007] ...1  3205.283936: do_swap_page: prefetch miss 6386 "GLThread 444" 7eafbc7000 2179a
    GLThread 444-6441  [007] ....  3205.283945: do_swap_page: prefetch miss 6386 "GLThread 444" 7eafbe9000 2179b
    GLThread 444-6441  [007] ...1  3205.285758: do_swap_page: prefetch miss 6386 "GLThread 444" 7eafbe9000 2179b
    GLThread 444-6441  [007] ....  3205.285770: do_swap_page: prefetch miss 6386 "GLThread 444" 7eafc09000 2179c
    GLThread 444-6441  [007] ...1  3205.287549: do_swap_page: prefetch miss 6386 "GLThread 444" 7eafc09000 2179c
    GLThread 444-6441  [007] ....  3205.287566: do_swap_page: prefetch miss 6386 "GLThread 444" 7eafbd7000 2179d
    GLThread 444-6441  [007] ...1  3205.289267: do_swap_page: prefetch miss 6386 "GLThread 444" 7eafbd7000 2179d
    GLThread 444-6441  [007] ....  3205.289334: do_swap_page: prefetch miss 6386 "GLThread 444" 7ea3cc6000 2179e
    GLThread 444-6441  [007] ...1  3205.291166: do_swap_page: prefetch miss 6386 "GLThread 444" 7ea3cc6000 2179e
    GLThread 444-6441  [007] ....  3205.291235: do_swap_page: prefetch miss 6386 "GLThread 444" 7ed04f9000 2179f
    GLThread 444-6441  [007] ...1  3205.293109: do_swap_page: prefetch miss 6386 "GLThread 444" 7ed04f9000 2179f
    GLThread 444-6441  [007] ....  3205.293140: do_swap_page: prefetch miss 6386 "GLThread 444" 7ed04fa000 217a0
    GLThread 444-6441  [007] ...1  3205.294912: do_swap_page: prefetch miss 6386 "GLThread 444" 7ed04fa000 217a0
    GLThread 444-6441  [007] ....  3205.294978: do_swap_page: prefetch miss 6386 "GLThread 444" 7eab92b000 217a1
    GLThread 444-6441  [007] ...1  3205.296618: do_swap_page: prefetch miss 6386 "GLThread 444" 7eab92b000 217a1
    GLThread 444-6441  [007] ....  3205.296645: do_swap_page: prefetch miss 6386 "GLThread 444" 7ed04f2000 217a2
    GLThread 444-6441  [007] ...1  3205.298332: do_swap_page: prefetch miss 6386 "GLThread 444" 7ed04f2000 217a2
    GLThread 444-6441  [007] ....  3205.298411: do_swap_page: prefetch miss 6386 "GLThread 444" 9e0a4000 217a3
    GLThread 444-6441  [007] ...1  3205.300283: do_swap_page: prefetch miss 6386 "GLThread 444" 9e0a4000 217a3
    GLThread 444-6441  [007] ....  3205.300307: do_swap_page: prefetch miss 6386 "GLThread 444" 9e0f8000 217a4
    GLThread 444-6441  [007] ...1  3205.302077: do_swap_page: prefetch miss 6386 "GLThread 444" 9e0f8000 217a4
    GLThread 444-6441  [007] ....  3205.302131: do_swap_page: prefetch miss 6386 "GLThread 444" 7ec07f5000 117f3
    GLThread 444-6441  [007] ...1  3205.303966: do_swap_page: prefetch miss 6386 "GLThread 444" 7ec07f5000 117f3
    GLThread 444-6441  [007] ....  3205.303992: do_swap_page: prefetch miss 6386 "GLThread 444" 7f28b8b000 117f5
    GLThread 444-6441  [007] ...1  3205.305978: do_swap_page: prefetch miss 6386 "GLThread 444" 7f28b8b000 117f5
    GLThread 444-6441  [007] ....  3205.305986: do_swap_page: prefetch miss 6386 "GLThread 444" 7f28b8c000 117f6
    GLThread 444-6441  [007] ...1  3205.307658: do_swap_page: prefetch miss 6386 "GLThread 444" 7f28b8c000 117f6
    GLThread 444-6441  [007] ....  3205.307672: do_swap_page: prefetch miss 6386 "GLThread 444" 7ed0330000 117f7
    GLThread 444-6441  [007] ...1  3205.309750: do_swap_page: prefetch miss 6386 "GLThread 444" 7ed0330000 117f7
    GLThread 444-6441  [007] ....  3205.309788: do_swap_page: prefetch miss 6386 "GLThread 444" 7eabeb5000 117f8
    GLThread 444-6441  [007] ...1  3205.311799: do_swap_page: prefetch miss 6386 "GLThread 444" 7eabeb5000 117f8
    GLThread 444-6441  [007] ....  3205.311806: do_swap_page: prefetch miss 6386 "GLThread 444" 7ed0338000 117f9
    GLThread 444-6441  [007] ...1  3205.313653: do_swap_page: prefetch miss 6386 "GLThread 444" 7ed0338000 117f9
    GLThread 444-6441  [007] ....  3205.313659: do_swap_page: prefetch miss 6386 "GLThread 444" 7eabeb6000 117fa
    GLThread 444-6441  [007] ...1  3205.315316: do_swap_page: prefetch miss 6386 "GLThread 444" 7eabeb6000 117fa
    GLThread 444-6441  [007] ....  3205.315355: do_swap_page: prefetch miss 6386 "GLThread 444" 7f28e0a000 117fb
    GLThread 444-6441  [007] ...1  3205.317179: do_swap_page: prefetch miss 6386 "GLThread 444" 7f28e0a000 117fb
    GLThread 444-6441  [007] ....  3205.317326: do_swap_page: prefetch miss 6386 "GLThread 444" 7ed04ac000 217a5
    GLThread 444-6441  [007] ...1  3205.319413: do_swap_page: prefetch miss 6386 "GLThread 444" 7ed04ac000 217a5
    GLThread 444-6441  [007] ....  3205.319438: do_swap_page: prefetch miss 6386 "GLThread 444" 7ec08e5000 217a6
    GLThread 444-6441  [007] ...1  3205.321238: do_swap_page: prefetch miss 6386 "GLThread 444" 7ec08e5000 217a6
    GLThread 444-6441  [007] ....  3205.321256: do_swap_page: prefetch miss 6386 "GLThread 444" 7ed0332000 217a7
    GLThread 444-6441  [007] ...1  3205.322892: do_swap_page: prefetch miss 6386 "GLThread 444" 7ed0332000 217a7
    GLThread 444-6441  [007] ....  3205.322913: do_swap_page: prefetch miss 6386 "GLThread 444" 7ed04e7000 217a8
    GLThread 444-6441  [007] ...1  3205.324576: do_swap_page: prefetch miss 6386 "GLThread 444" 7ed04e7000 217a8
    GLThread 444-6441  [007] ....  3205.324597: do_swap_page: prefetch miss 6386 "GLThread 444" 7eabeac000 217ab
    GLThread 444-6441  [007] ...1  3205.326178: do_swap_page: prefetch miss 6386 "GLThread 444" 7eabeac000 217ab
    GLThread 444-6441  [007] ....  3205.326198: do_swap_page: prefetch miss 6386 "GLThread 444" 7ed04e3000 217ac
    GLThread 444-6441  [007] ...1  3205.327827: do_swap_page: prefetch miss 6386 "GLThread 444" 7ed04e3000 217ac
           <...>-1446  [007] ....  3205.328076: do_swap_page: prefetch miss 604 "Binder:604_4" 7fba70a000 57bb
           <...>-1446  [007] ...1  3205.329877: do_swap_page: prefetch miss 604 "Binder:604_4" 7fba70a000 57bb
           <...>-653   [002] ....  3205.329922: do_swap_page: prefetch miss 604 "ImageManager" 7fb63cd000 57bc
    GLThread 444-6441  [007] ....  3205.329951: do_swap_page: prefetch miss 6386 "GLThread 444" 7ed04cc000 217a9
           <...>-653   [002] ...1  3205.331867: do_swap_page: prefetch miss 604 "ImageManager" 7fb63cd000 57bc
    GLThread 444-6441  [007] ...1  3205.331872: do_swap_page: prefetch miss 6386 "GLThread 444" 7ed04cc000 217a9
           <...>-653   [002] ....  3205.331894: do_swap_page: prefetch miss 604 "ImageManager" 7fb63cc000 57bd
    GLThread 444-6441  [007] ....  3205.331915: do_swap_page: prefetch miss 6386 "GLThread 444" 72075000 117fc
           <...>-653   [002] ...1  3205.333889: do_swap_page: prefetch miss 604 "ImageManager" 7fb63cc000 57bd
    GLThread 444-6441  [007] ...1  3205.333894: do_swap_page: prefetch miss 6386 "GLThread 444" 72075000 117fc
           <...>-653   [002] ....  3205.333923: do_swap_page: prefetch miss 604 "ImageManager" 7fba642000 57be
    GLThread 444-6441  [007] ....  3205.333948: do_swap_page: prefetch miss 6386 "GLThread 444" 7ed04ff000 117fd
    GLThread 444-6441  [007] ...1  3205.335650: do_swap_page: prefetch miss 6386 "GLThread 444" 7ed04ff000 117fd
    GLThread 444-6441  [007] ....  3205.335735: do_swap_page: prefetch miss 6386 "GLThread 444" 7ec088c000 117fe
           <...>-653   [000] ...1  3205.335785: do_swap_page: prefetch miss 604 "ImageManager" 7fba642000 57be
           <...>-653   [000] ....  3205.335821: do_swap_page: prefetch miss 604 "ImageManager" 7fb7a16000 57bf
    GLThread 444-6441  [007] ...1  3205.338316: do_swap_page: prefetch miss 6386 "GLThread 444" 7ec088c000 117fe
    GLThread 444-6441  [007] ....  3205.338337: do_swap_page: prefetch miss 6386 "GLThread 444" 7ec0890000 117ff
           <...>-653   [000] ...1  3205.338379: do_swap_page: prefetch miss 604 "ImageManager" 7fb7a16000 57bf
           <...>-653   [000] ....  3205.338407: do_swap_page: prefetch miss 604 "ImageManager" 7fb7a17000 57c0
    GLThread 444-6441  [007] ...1  3205.341354: do_swap_page: prefetch miss 6386 "GLThread 444" 7ec0890000 117ff
    GLThread 444-6441  [007] ....  3205.341481: do_swap_page: prefetch miss 6386 "GLThread 444" 7f20dff000 217ae
           <...>-653   [000] ...1  3205.341528: do_swap_page: prefetch miss 604 "ImageManager" 7fb7a17000 57c0
           <...>-653   [000] ....  3205.341632: do_swap_page: prefetch miss 604 "ImageManager" 7fbd8b2000 9714
    GLThread 444-6441  [007] ...1  3205.343350: do_swap_page: prefetch miss 6386 "GLThread 444" 7f20dff000 217ae
           <...>-653   [000] ...1  3205.344017: do_swap_page: prefetch miss 604 "ImageManager" 7fbd8b2000 9714
           <...>-653   [000] ....  3205.344045: do_swap_page: prefetch miss 604 "ImageManager" 7fbc46f000 57c1
    GLThread 444-6441  [006] ....  3205.345513: do_swap_page: prefetch miss 6386 "GLThread 444" 7eabe57000 117cb
           <...>-653   [000] ...1  3205.345843: do_swap_page: prefetch miss 604 "ImageManager" 7fbc46f000 57c1
           <...>-653   [000] ....  3205.345879: do_swap_page: prefetch miss 604 "ImageManager" 7fbe205000 9716
    GLThread 444-6441  [006] ...1  3205.347616: do_swap_page: prefetch miss 6386 "GLThread 444" 7eabe57000 117cb
           <...>-653   [000] ...1  3205.347647: do_swap_page: prefetch miss 604 "ImageManager" 7fbe205000 9716
    GLThread 444-6441  [006] ....  3205.347660: do_swap_page: prefetch miss 6386 "GLThread 444" 7ea41f8000 217b1
           <...>-653   [000] ....  3205.347687: do_swap_page: prefetch miss 604 "ImageManager" 7fbe206000 9717
    GLThread 444-6441  [006] ...1  3205.349370: do_swap_page: prefetch miss 6386 "GLThread 444" 7ea41f8000 217b1
           <...>-653   [000] ...1  3205.349400: do_swap_page: prefetch miss 604 "ImageManager" 7fbe206000 9717
           <...>-653   [000] ....  3205.349421: do_swap_page: prefetch miss 604 "ImageManager" 7fbe1ff000 57c4
    GLThread 444-6441  [006] ....  3205.349839: do_swap_page: prefetch miss 6386 "GLThread 444" 7ed0333000 217aa
           <...>-653   [000] ...1  3205.351710: do_swap_page: prefetch miss 604 "ImageManager" 7fbe1ff000 57c4
    GLThread 444-6441  [006] ...1  3205.351734: do_swap_page: prefetch miss 6386 "GLThread 444" 7ed0333000 217aa
           <...>-653   [000] ....  3205.351746: do_swap_page: prefetch miss 604 "ImageManager" 7fb7ed0000 9719
 .candycrushsaga-6386  [004] ....  3205.352090: do_swap_page: prefetch miss 6386 ".candycrushsaga" 7ed0328000 217b2
    GLThread 444-6441  [006] ....  3205.353283: do_swap_page: prefetch miss 6386 "GLThread 444" 7e9b262000 117bd
           <...>-653   [000] ...1  3205.353936: do_swap_page: prefetch miss 604 "ImageManager" 7fb7ed0000 9719
 .candycrushsaga-6386  [004] ...1  3205.353951: do_swap_page: prefetch miss 6386 ".candycrushsaga" 7ed0328000 217b2
 .candycrushsaga-6386  [004] ....  3205.353979: do_swap_page: prefetch miss 6386 ".candycrushsaga" 7ed0533000 217b3
           <...>-653   [000] ....  3205.353981: do_swap_page: prefetch miss 604 "ImageManager" 7fbe24d000 971a
    GLThread 444-6441  [006] ...1  3205.355725: do_swap_page: prefetch miss 6386 "GLThread 444" 7e9b262000 117bd
 .candycrushsaga-6386  [004] ...1  3205.355752: do_swap_page: prefetch miss 6386 ".candycrushsaga" 7ed0533000 217b3
 .candycrushsaga-6386  [004] ....  3205.355759: do_swap_page: prefetch miss 6386 ".candycrushsaga" 7ed0534000 217b4
           <...>-653   [000] ...1  3205.355773: do_swap_page: prefetch miss 604 "ImageManager" 7fbe24d000 971a
           <...>-653   [000] ....  3205.355798: do_swap_page: prefetch miss 604 "ImageManager" 7fb93a9000 57c7
 .candycrushsaga-6386  [004] ...1  3205.357615: do_swap_page: prefetch miss 6386 ".candycrushsaga" 7ed0534000 217b4
 .candycrushsaga-6386  [004] ....  3205.357630: do_swap_page: prefetch miss 6386 ".candycrushsaga" 7f28f9c000 217b5
           <...>-653   [002] ...1  3205.357684: do_swap_page: prefetch miss 604 "ImageManager" 7fb93a9000 57c7
           <...>-653   [002] ....  3205.357884: do_swap_page: prefetch miss 604 "ImageManager" 7fba63a000 19748
 .candycrushsaga-6386  [004] ...1  3205.359571: do_swap_page: prefetch miss 6386 ".candycrushsaga" 7f28f9c000 217b5
 .candycrushsaga-6386  [004] ....  3205.359582: do_swap_page: prefetch miss 6386 ".candycrushsaga" 7ed02d3000 217b6
           <...>-653   [001] ...1  3205.359611: do_swap_page: prefetch miss 604 "ImageManager" 7fba63a000 19748
           <...>-653   [001] ....  3205.359649: do_swap_page: prefetch miss 604 "ImageManager" 7fba63b000 19749
 .candycrushsaga-6386  [004] ...1  3205.361388: do_swap_page: prefetch miss 6386 ".candycrushsaga" 7ed02d3000 217b6
           <...>-653   [001] ...1  3205.361420: do_swap_page: prefetch miss 604 "ImageManager" 7fba63b000 19749
 .candycrushsaga-6386  [006] ....  3205.361421: do_swap_page: prefetch miss 6386 ".candycrushsaga" 7ed02d4000 217b7
           <...>-653   [001] ....  3205.361445: do_swap_page: prefetch miss 604 "ImageManager" 7fba63c000 1974b
 .candycrushsaga-6386  [004] ...1  3205.363260: do_swap_page: prefetch miss 6386 ".candycrushsaga" 7ed02d4000 217b7
           <...>-653   [001] ...1  3205.363285: do_swap_page: prefetch miss 604 "ImageManager" 7fba63c000 1974b
 .candycrushsaga-6386  [004] ....  3205.363292: do_swap_page: prefetch miss 6386 ".candycrushsaga" 7ed02d5000 217b8
           <...>-653   [001] ....  3205.363310: do_swap_page: prefetch miss 604 "ImageManager" 7fba63d000 1578d
 .candycrushsaga-6386  [004] ...1  3205.365162: do_swap_page: prefetch miss 6386 ".candycrushsaga" 7ed02d5000 217b8
           <...>-653   [001] ...1  3205.365191: do_swap_page: prefetch miss 604 "ImageManager" 7fba63d000 1578d
           <...>-653   [001] ....  3205.365210: do_swap_page: prefetch miss 604 "ImageManager" 7fba63e000 1974d
 .candycrushsaga-6386  [004] ....  3205.365236: do_swap_page: prefetch miss 6386 ".candycrushsaga" 7ed02d6000 29700
    GLThread 444-6441  [006] ....  3205.366516: do_swap_page: prefetch miss 6386 "GLThread 444" 7ed0335000 217ad
 .candycrushsaga-6386  [004] ...1  3205.367844: do_swap_page: prefetch miss 6386 ".candycrushsaga" 7ed02d6000 29700
           <...>-653   [001] ...1  3205.367868: do_swap_page: prefetch miss 604 "ImageManager" 7fba63e000 1974d
 .candycrushsaga-6386  [004] ....  3205.367891: do_swap_page: prefetch miss 6386 ".candycrushsaga" 7ed0535000 29701
           <...>-653   [001] ....  3205.367945: do_swap_page: prefetch miss 604 "ImageManager" 7fbe213000 9721
    GLThread 444-6441  [006] ...1  3205.368898: do_swap_page: prefetch miss 6386 "GLThread 444" 7ed0335000 217ad
 .candycrushsaga-6386  [004] ...1  3205.369563: do_swap_page: prefetch miss 6386 ".candycrushsaga" 7ed0535000 29701
    GLThread 444-6441  [006] ....  3205.369585: do_swap_page: prefetch miss 6386 "GLThread 444" 7ea41fb000 217e4
           <...>-653   [001] ...1  3205.369593: do_swap_page: prefetch miss 604 "ImageManager" 7fbe213000 9721
 .candycrushsaga-6386  [006] ....  3205.369598: do_swap_page: prefetch miss 6386 ".candycrushsaga" 7ed02d7000 29702
           <...>-653   [001] ....  3205.369612: do_swap_page: prefetch miss 604 "ImageManager" 7fbe211000 9722
 .candycrushsaga-6386  [004] ...1  3205.371454: do_swap_page: prefetch miss 6386 ".candycrushsaga" 7ed02d7000 29702
    GLThread 444-6441  [006] ...1  3205.371481: do_swap_page: prefetch miss 6386 "GLThread 444" 7ea41fb000 217e4
           <...>-653   [001] ...1  3205.371484: do_swap_page: prefetch miss 604 "ImageManager" 7fbe211000 9722
 .candycrushsaga-6386  [004] ....  3205.371501: do_swap_page: prefetch miss 6386 ".candycrushsaga" 7ed0536000 29703
           <...>-653   [001] ....  3205.371543: do_swap_page: prefetch miss 604 "ImageManager" 7fbe251000 9723
    GLThread 444-6441  [006] ....  3205.372269: do_swap_page: prefetch miss 6386 "GLThread 444" 7e9e151000 11764
 .candycrushsaga-6386  [004] ...1  3205.373687: do_swap_page: prefetch miss 6386 ".candycrushsaga" 7ed0536000 29703
           <...>-653   [001] ...1  3205.373711: do_swap_page: prefetch miss 604 "ImageManager" 7fbe251000 9723
           <...>-653   [001] ....  3205.373730: do_swap_page: prefetch miss 604 "ImageManager" 7fbe215000 9724
 .candycrushsaga-6386  [004] ....  3205.373757: do_swap_page: prefetch miss 6386 ".candycrushsaga" 7ed02d8000 25725
    GLThread 444-6441  [006] ...1  3205.373916: do_swap_page: prefetch miss 6386 "GLThread 444" 7e9e151000 11764
 .candycrushsaga-6386  [004] ...1  3205.375843: do_swap_page: prefetch miss 6386 ".candycrushsaga" 7ed02d8000 25725
           <...>-653   [001] ...1  3205.375869: do_swap_page: prefetch miss 604 "ImageManager" 7fbe215000 9724
 .candycrushsaga-6386  [004] ....  3205.375885: do_swap_page: prefetch miss 6386 ".candycrushsaga" 7ed0537000 25726
           <...>-653   [001] ....  3205.375902: do_swap_page: prefetch miss 604 "ImageManager" 7fba643000 19754
 .candycrushsaga-6386  [004] ...1  3205.377784: do_swap_page: prefetch miss 6386 ".candycrushsaga" 7ed0537000 25726
           <...>-653   [001] ...1  3205.377811: do_swap_page: prefetch miss 604 "ImageManager" 7fba643000 19754
 .candycrushsaga-6386  [004] ....  3205.377898: do_swap_page: prefetch miss 6386 ".candycrushsaga" 7ed0538000 25728
           <...>-653   [001] ....  3205.378170: do_swap_page: prefetch miss 604 "ImageManager" 7fbe250000 9726
 .candycrushsaga-6386  [004] ...1  3205.379761: do_swap_page: prefetch miss 6386 ".candycrushsaga" 7ed0538000 25728
           <...>-653   [001] ...1  3205.379794: do_swap_page: prefetch miss 604 "ImageManager" 7fbe250000 9726
 .candycrushsaga-6386  [004] ....  3205.379799: do_swap_page: prefetch miss 6386 ".candycrushsaga" 7ed053a000 25729
           <...>-653   [001] ....  3205.379826: do_swap_page: prefetch miss 604 "ImageManager" 7fbe1e6000 9727
 .candycrushsaga-6386  [004] ...1  3205.381721: do_swap_page: prefetch miss 6386 ".candycrushsaga" 7ed053a000 25729
           <...>-653   [001] ...1  3205.381748: do_swap_page: prefetch miss 604 "ImageManager" 7fbe1e6000 9727
 .candycrushsaga-6386  [004] ....  3205.381753: do_swap_page: prefetch miss 6386 ".candycrushsaga" 7ed053b000 2572a
           <...>-653   [001] ....  3205.381875: do_swap_page: prefetch miss 604 "ImageManager" 7fb94ea000 d715
    GLThread 444-6441  [006] ....  3205.383041: do_swap_page: prefetch miss 6386 "GLThread 444" 7fbbe6c000 2573b
 .candycrushsaga-6386  [004] ...1  3205.383872: do_swap_page: prefetch miss 6386 ".candycrushsaga" 7ed053b000 2572a
           <...>-653   [001] ...1  3205.383900: do_swap_page: prefetch miss 604 "ImageManager" 7fb94ea000 d715
 .candycrushsaga-6386  [004] ....  3205.383932: do_swap_page: prefetch miss 6386 ".candycrushsaga" 7eab8be000 29704
    GLThread 444-6441  [006] ...1  3205.384885: do_swap_page: prefetch miss 6386 "GLThread 444" 7fbbe6c000 2573b
           <...>-6507  [005] ....  3205.385983: do_swap_page: prefetch miss 6386 "GLThread 444" 7eaf00a000 257f0
 .candycrushsaga-6386  [004] ...1  3205.386394: do_swap_page: prefetch miss 6386 ".candycrushsaga" 7eab8be000 29704
 .candycrushsaga-6386  [004] ....  3205.386433: do_swap_page: prefetch miss 6386 ".candycrushsaga" 7ed01cc000 1d79a
           <...>-6507  [006] ...1  3205.388682: do_swap_page: prefetch miss 6386 "GLThread 444" 7eaf00a000 257f0
 .candycrushsaga-6386  [004] ...1  3205.388696: do_swap_page: prefetch miss 6386 ".candycrushsaga" 7ed01cc000 1d79a
 .candycrushsaga-6386  [004] ....  3205.388713: do_swap_page: prefetch miss 6386 ".candycrushsaga" 7ed01cd000 1d79b
           <...>-6507  [004] ....  3205.388724: do_swap_page: prefetch miss 6386 "GLThread 444" 7eaf00b000 257f1
 .candycrushsaga-6386  [004] ...1  3205.390429: do_swap_page: prefetch miss 6386 ".candycrushsaga" 7ed01cd000 1d79b
           <...>-6507  [006] ...1  3205.390444: do_swap_page: prefetch miss 6386 "GLThread 444" 7eaf00b000 257f1
 .candycrushsaga-6386  [004] ....  3205.390467: do_swap_page: prefetch miss 6386 ".candycrushsaga" 7ed01d8000 1d79c
           <...>-6507  [006] ....  3205.390633: do_swap_page: prefetch miss 6386 "GLThread 444" 7e9e175000 257f8
 .candycrushsaga-6386  [004] ...1  3205.392192: do_swap_page: prefetch miss 6386 ".candycrushsaga" 7ed01d8000 1d79c
           <...>-6507  [006] ...1  3205.392213: do_swap_page: prefetch miss 6386 "GLThread 444" 7e9e175000 257f8
           <...>-6507  [006] ....  3205.392241: do_swap_page: prefetch miss 6386 "GLThread 444" 7ea3ca6000 257f4
 .candycrushsaga-6386  [006] ....  3205.392249: do_swap_page: prefetch miss 6386 ".candycrushsaga" 7ed053f000 1d79d
 .candycrushsaga-6386  [004] ...1  3205.394274: do_swap_page: prefetch miss 6386 ".candycrushsaga" 7ed053f000 1d79d
           <...>-6507  [006] ...1  3205.394285: do_swap_page: prefetch miss 6386 "GLThread 444" 7ea3ca6000 257f4
           <...>-6507  [006] ....  3205.394305: do_swap_page: prefetch miss 6386 "GLThread 444" 7eaee06000 257f5
 .candycrushsaga-6386  [006] ....  3205.394311: do_swap_page: prefetch miss 6386 ".candycrushsaga" 7ed0540000 1d79e
 .candycrushsaga-6386  [004] ...1  3205.396498: do_swap_page: prefetch miss 6386 ".candycrushsaga" 7ed0540000 1d79e
           <...>-6507  [006] ...1  3205.396509: do_swap_page: prefetch miss 6386 "GLThread 444" 7eaee06000 257f5
           <...>-6507  [006] ....  3205.396556: do_swap_page: prefetch miss 6386 "GLThread 444" 7eaf00c000 257f7
           <...>-6426  [004] ....  3205.396666: do_swap_page: prefetch miss 6386 "RenderThread" 7f2d708000 217b9
           <...>-6507  [006] ...1  3205.398543: do_swap_page: prefetch miss 6386 "GLThread 444" 7eaf00c000 257f7
           <...>-6426  [004] ...1  3205.398576: do_swap_page: prefetch miss 6386 "RenderThread" 7f2d708000 217b9
           <...>-6426  [004] ....  3205.398589: do_swap_page: prefetch miss 6386 "RenderThread" 7ec08f9000 1d79f
           <...>-6507  [006] ....  3205.398752: do_swap_page: prefetch miss 6386 "GLThread 444" 7eafee8000 297ad
           <...>-6426  [004] ...1  3205.400429: do_swap_page: prefetch miss 6386 "RenderThread" 7ec08f9000 1d79f
           <...>-6426  [004] ....  3205.400436: do_swap_page: prefetch miss 6386 "RenderThread" 7ec08fd000 1d7a0
           <...>-6507  [006] ...1  3205.400455: do_swap_page: prefetch miss 6386 "GLThread 444" 7eafee8000 297ad
           <...>-6507  [006] ....  3205.400462: do_swap_page: prefetch miss 6386 "GLThread 444" 7eafee7000 297ae
           <...>-6426  [004] ...1  3205.402432: do_swap_page: prefetch miss 6386 "RenderThread" 7ec08fd000 1d7a0
           <...>-6426  [004] ....  3205.402443: do_swap_page: prefetch miss 6386 "RenderThread" 7ec095e000 1d7a1
           <...>-6507  [006] ...1  3205.402446: do_swap_page: prefetch miss 6386 "GLThread 444" 7eafee7000 297ae
           <...>-6507  [006] ....  3205.402493: do_swap_page: prefetch miss 6386 "GLThread 444" 7eafee6000 297af
           <...>-6426  [004] ...1  3205.404301: do_swap_page: prefetch miss 6386 "RenderThread" 7ec095e000 1d7a1
           <...>-6426  [004] ....  3205.404307: do_swap_page: prefetch miss 6386 "RenderThread" 7ec08f3000 1d7a2
           <...>-6507  [006] ...1  3205.404318: do_swap_page: prefetch miss 6386 "GLThread 444" 7eafee6000 297af
           <...>-6507  [006] ....  3205.404361: do_swap_page: prefetch miss 6386 "GLThread 444" 7ea437a000 297b0
           <...>-6507  [006] ...1  3205.406144: do_swap_page: prefetch miss 6386 "GLThread 444" 7ea437a000 297b0
           <...>-6507  [006] ....  3205.406153: do_swap_page: prefetch miss 6386 "GLThread 444" 7ea437b000 297b1
           <...>-6426  [004] ...1  3205.406172: do_swap_page: prefetch miss 6386 "RenderThread" 7ec08f3000 1d7a2
           <...>-6426  [004] ....  3205.406178: do_swap_page: prefetch miss 6386 "RenderThread" 7ec07f6000 1d7a3
           <...>-6507  [006] ...1  3205.407860: do_swap_page: prefetch miss 6386 "GLThread 444" 7ea437b000 297b1
           <...>-6426  [004] ...1  3205.407875: do_swap_page: prefetch miss 6386 "RenderThread" 7ec07f6000 1d7a3
           <...>-6426  [004] ....  3205.407895: do_swap_page: prefetch miss 6386 "RenderThread" 7ec093c000 1d7a4
           <...>-6507  [004] ....  3205.407902: do_swap_page: prefetch miss 6386 "GLThread 444" 7e9e4b9000 297b2
           <...>-6507  [006] ...1  3205.409745: do_swap_page: prefetch miss 6386 "GLThread 444" 7e9e4b9000 297b2
           <...>-6426  [004] ...1  3205.409758: do_swap_page: prefetch miss 6386 "RenderThread" 7ec093c000 1d7a4
           <...>-6426  [004] ....  3205.409763: do_swap_page: prefetch miss 6386 "RenderThread" 7f2d704000 1d7a5
           <...>-6507  [006] ....  3205.409778: do_swap_page: prefetch miss 6386 "GLThread 444" 7eaee05000 297b3
           <...>-6426  [004] ...1  3205.411563: do_swap_page: prefetch miss 6386 "RenderThread" 7f2d704000 1d7a5
           <...>-6426  [004] ....  3205.411569: do_swap_page: prefetch miss 6386 "RenderThread" 7ec082d000 1d7a6
           <...>-6507  [006] ...1  3205.411579: do_swap_page: prefetch miss 6386 "GLThread 444" 7eaee05000 297b3
           <...>-6507  [006] ....  3205.411586: do_swap_page: prefetch miss 6386 "GLThread 444" 7e9ebdc000 297b4
           <...>-6426  [004] ...1  3205.413475: do_swap_page: prefetch miss 6386 "RenderThread" 7ec082d000 1d7a6
           <...>-6426  [004] ....  3205.413485: do_swap_page: prefetch miss 6386 "RenderThread" 7f2d705000 1d7a7
           <...>-6507  [006] ...1  3205.413488: do_swap_page: prefetch miss 6386 "GLThread 444" 7e9ebdc000 297b4
           <...>-6507  [006] ....  3205.413528: do_swap_page: prefetch miss 6386 "GLThread 444" 7e9b36c000 297b8
           <...>-6426  [004] ...1  3205.415203: do_swap_page: prefetch miss 6386 "RenderThread" 7f2d705000 1d7a7
           <...>-6426  [004] ....  3205.415210: do_swap_page: prefetch miss 6386 "RenderThread" 7ec082e000 1d7a8
           <...>-6507  [006] ...1  3205.415219: do_swap_page: prefetch miss 6386 "GLThread 444" 7e9b36c000 297b8
           <...>-6507  [006] ....  3205.415226: do_swap_page: prefetch miss 6386 "GLThread 444" 7e9e0fc000 297b5
           <...>-6426  [004] ...1  3205.416949: do_swap_page: prefetch miss 6386 "RenderThread" 7ec082e000 1d7a8
           <...>-6507  [006] ...1  3205.416966: do_swap_page: prefetch miss 6386 "GLThread 444" 7e9e0fc000 297b5
           <...>-6426  [004] ....  3205.416995: do_swap_page: prefetch miss 6386 "RenderThread" 7f28b18000 1d7a9
           <...>-6507  [006] ....  3205.417007: do_swap_page: prefetch miss 6386 "GLThread 444" 7eaba9c000 297b6
           <...>-6507  [006] ...1  3205.418743: do_swap_page: prefetch miss 6386 "GLThread 444" 7eaba9c000 297b6
           <...>-6426  [004] ...1  3205.418767: do_swap_page: prefetch miss 6386 "RenderThread" 7f28b18000 1d7a9
           <...>-6444  [007] ....  3205.418967: do_swap_page: prefetch miss 6386 "hwuiTask0" 7f318a2000 1d7aa
           <...>-6426  [004] ....  3205.419209: do_swap_page: prefetch miss 6386 "RenderThread" 7ec09c2000 1d732
           <...>-6507  [007] ....  3205.420294: do_swap_page: prefetch miss 6386 "GLThread 444" 7eafe41000 297bf
           <...>-6444  [007] ...1  3205.421036: do_swap_page: prefetch miss 6386 "hwuiTask0" 7f318a2000 1d7aa
           <...>-18165 [005] ....  3205.421264: do_swap_page: prefetch miss 790 "netd" 7fbcd3a000 975e
           <...>-636   [007] ....  3205.421318: do_swap_page: prefetch miss 604 "Binder:604_2" 7fbdc91000 57c2
           <...>-6426  [004] ...1  3205.421377: do_swap_page: prefetch miss 6386 "RenderThread" 7ec09c2000 1d732
           <...>-6426  [004] ....  3205.421420: do_swap_page: prefetch miss 6386 "RenderThread" 7ec7a81000 29708
           <...>-6507  [007] ...1  3205.422325: do_swap_page: prefetch miss 6386 "GLThread 444" 7eafe41000 297bf
           <...>-18165 [005] ...1  3205.423067: do_swap_page: prefetch miss 790 "netd" 7fbcd3a000 975e
           <...>-636   [007] ...1  3205.423081: do_swap_page: prefetch miss 604 "Binder:604_2" 7fbdc91000 57c2
           <...>-636   [007] ....  3205.423100: do_swap_page: prefetch miss 604 "Binder:604_2" 7fbdc90000 9729
           <...>-6426  [004] ...1  3205.423202: do_swap_page: prefetch miss 6386 "RenderThread" 7ec7a81000 29708
           <...>-6426  [004] ....  3205.423212: do_swap_page: prefetch miss 6386 "RenderThread" 7ec7a82000 29709
           <...>-636   [007] ...1  3205.424937: do_swap_page: prefetch miss 604 "Binder:604_2" 7fbdc90000 9729
           <...>-6426  [004] ...1  3205.425069: do_swap_page: prefetch miss 6386 "RenderThread" 7ec7a82000 29709
           <...>-6426  [004] ....  3205.425076: do_swap_page: prefetch miss 6386 "RenderThread" 7ec7a83000 2970a
           <...>-6426  [004] ...1  3205.427023: do_swap_page: prefetch miss 6386 "RenderThread" 7ec7a83000 2970a
           <...>-6426  [004] ....  3205.427068: do_swap_page: prefetch miss 6386 "RenderThread" 7ec7a80000 2970b
           <...>-6426  [004] ...1  3205.428963: do_swap_page: prefetch miss 6386 "RenderThread" 7ec7a80000 2970b
           <...>-6426  [004] ....  3205.429046: do_swap_page: prefetch miss 6386 "RenderThread" 7ec0856000 217ba
           <...>-6426  [004] ...1  3205.430835: do_swap_page: prefetch miss 6386 "RenderThread" 7ec0856000 217ba
           <...>-6426  [004] ....  3205.430879: do_swap_page: prefetch miss 6386 "RenderThread" 7f2d7c5000 217bb
           <...>-6426  [004] ...1  3205.432674: do_swap_page: prefetch miss 6386 "RenderThread" 7f2d7c5000 217bb
           <...>-6426  [004] ....  3205.432734: do_swap_page: prefetch miss 6386 "RenderThread" 7f2d69e000 217bc
           <...>-6426  [004] ...1  3205.435796: do_swap_page: prefetch miss 6386 "RenderThread" 7f2d69e000 217bc
           <...>-6426  [004] ....  3205.435850: do_swap_page: prefetch miss 6386 "RenderThread" 7fbb7db000 217bd
    GLThread 444-6441  [006] ....  3205.436316: do_swap_page: prefetch miss 6386 "GLThread 444" 7eaf01d000 29706
           <...>-6426  [004] ...1  3205.437717: do_swap_page: prefetch miss 6386 "RenderThread" 7fbb7db000 217bd
           <...>-6426  [004] ....  3205.437766: do_swap_page: prefetch miss 6386 "RenderThread" 7ec08e6000 217be
    GLThread 444-6441  [004] ...1  3205.437770: do_swap_page: prefetch miss 6386 "GLThread 444" 7eaf01d000 29706
    GLThread 444-6441  [004] ....  3205.437796: do_swap_page: prefetch miss 6386 "GLThread 444" 7eaf04a000 29707
           <...>-6426  [004] ...1  3205.439572: do_swap_page: prefetch miss 6386 "RenderThread" 7ec08e6000 217be
           <...>-6426  [004] ....  3205.439602: do_swap_page: prefetch miss 6386 "RenderThread" 7ec08e7000 217bf
    GLThread 444-6441  [004] ...1  3205.439605: do_swap_page: prefetch miss 6386 "GLThread 444" 7eaf04a000 29707
           <...>-6426  [004] ...1  3205.443677: do_swap_page: prefetch miss 6386 "RenderThread" 7ec08e7000 217bf
           <...>-6426  [004] ....  3205.443732: do_swap_page: prefetch miss 6386 "RenderThread" 7ec09ad000 217c0
           <...>-6426  [004] ...1  3205.445675: do_swap_page: prefetch miss 6386 "RenderThread" 7ec09ad000 217c0
           <...>-6426  [004] ....  3205.445714: do_swap_page: prefetch miss 6386 "RenderThread" 7ec09ae000 217c1
           <...>-6426  [004] ...1  3205.447750: do_swap_page: prefetch miss 6386 "RenderThread" 7ec09ae000 217c1
           <...>-6426  [004] ....  3205.447806: do_swap_page: prefetch miss 6386 "RenderThread" 7ec09bc000 217c2
           <...>-6426  [004] ...1  3205.449839: do_swap_page: prefetch miss 6386 "RenderThread" 7ec09bc000 217c2
           <...>-6426  [004] ....  3205.449887: do_swap_page: prefetch miss 6386 "RenderThread" 7ec7a7f000 2970c
           <...>-6426  [004] ...1  3205.451575: do_swap_page: prefetch miss 6386 "RenderThread" 7ec7a7f000 2970c
           <...>-6426  [004] ....  3205.451603: do_swap_page: prefetch miss 6386 "RenderThread" 7ec7a7e000 2970d
           <...>-6426  [004] ...1  3205.453517: do_swap_page: prefetch miss 6386 "RenderThread" 7ec7a7e000 2970d
           <...>-6426  [004] ....  3205.453555: do_swap_page: prefetch miss 6386 "RenderThread" 7ec7a7d000 2970e
           <...>-6426  [004] ...1  3205.455321: do_swap_page: prefetch miss 6386 "RenderThread" 7ec7a7d000 2970e
           <...>-6426  [004] ....  3205.455389: do_swap_page: prefetch miss 6386 "RenderThread" 7ec081b000 2970f
           <...>-6426  [004] ...1  3205.456979: do_swap_page: prefetch miss 6386 "RenderThread" 7ec081b000 2970f
           <...>-6426  [004] ....  3205.457011: do_swap_page: prefetch miss 6386 "RenderThread" 7ebf130000 29710
           <...>-6426  [004] ...1  3205.460043: do_swap_page: prefetch miss 6386 "RenderThread" 7ebf130000 29710
           <...>-6426  [004] ....  3205.460102: do_swap_page: prefetch miss 6386 "RenderThread" 7ebf12b000 29711
           <...>-6426  [004] ...1  3205.461900: do_swap_page: prefetch miss 6386 "RenderThread" 7ebf12b000 29711
           <...>-6426  [004] ....  3205.461937: do_swap_page: prefetch miss 6386 "RenderThread" 7ec0986000 29712
           <...>-6426  [004] ...1  3205.463571: do_swap_page: prefetch miss 6386 "RenderThread" 7ec0986000 29712
           <...>-6426  [004] ....  3205.463719: do_swap_page: prefetch miss 6386 "RenderThread" 7f2d690000 29715
           <...>-6426  [004] ...1  3205.465468: do_swap_page: prefetch miss 6386 "RenderThread" 7f2d690000 29715
           <...>-6426  [004] ....  3205.465500: do_swap_page: prefetch miss 6386 "RenderThread" 7ec097e000 29716
           <...>-6426  [004] ...1  3205.467451: do_swap_page: prefetch miss 6386 "RenderThread" 7ec097e000 29716
           <...>-6426  [004] ....  3205.467487: do_swap_page: prefetch miss 6386 "RenderThread" 7ec08ec000 29717
           <...>-6426  [004] ...1  3205.469118: do_swap_page: prefetch miss 6386 "RenderThread" 7ec08ec000 29717
           <...>-6426  [004] ....  3205.469143: do_swap_page: prefetch miss 6386 "RenderThread" 7f2d6cb000 29718
           <...>-6426  [004] ...1  3205.471311: do_swap_page: prefetch miss 6386 "RenderThread" 7f2d6cb000 29718
           <...>-6426  [004] ....  3205.471345: do_swap_page: prefetch miss 6386 "RenderThread" 7ec0905000 29719
           <...>-6426  [004] ...1  3205.473017: do_swap_page: prefetch miss 6386 "RenderThread" 7ec0905000 29719
           <...>-6426  [004] ....  3205.473062: do_swap_page: prefetch miss 6386 "RenderThread" 7ec086a000 2971b
           <...>-6426  [004] ...1  3205.474808: do_swap_page: prefetch miss 6386 "RenderThread" 7ec086a000 2971b
           <...>-6426  [004] ....  3205.474840: do_swap_page: prefetch miss 6386 "RenderThread" 7ec07ef000 2971c
           <...>-6426  [004] ...1  3205.477504: do_swap_page: prefetch miss 6386 "RenderThread" 7ec07ef000 2971c
           <...>-6426  [004] ....  3205.477531: do_swap_page: prefetch miss 6386 "RenderThread" 7ec082c000 2572b
           <...>-6426  [004] ...1  3205.479238: do_swap_page: prefetch miss 6386 "RenderThread" 7ec082c000 2572b
