  HwBinder:923_8-7086  [005] ....  2427.228960: do_swap_page: prefetch miss 923 "HwBinder:923_8" 7f3c4ed000 97b3
  HwBinder:923_8-7086  [005] ...1  2427.230665: do_swap_page: prefetch miss 923 "HwBinder:923_8" 7f3c4ed000 97b3
  HwBinder:923_8-7086  [005] ....  2427.230708: do_swap_page: prefetch miss 923 "HwBinder:923_8" 1a55562000 1578b
  HwBinder:923_8-7086  [005] ...1  2427.232449: do_swap_page: prefetch miss 923 "HwBinder:923_8" 1a55562000 1578b
  HwBinder:923_8-7086  [005] ....  2427.232499: do_swap_page: prefetch miss 923 "HwBinder:923_8" 1a5556d000 17d7
  HwBinder:923_8-7086  [005] ...1  2427.236011: do_swap_page: prefetch miss 923 "HwBinder:923_8" 1a5556d000 17d7
  HwBinder:923_8-7086  [005] ....  2427.236055: do_swap_page: prefetch miss 923 "HwBinder:923_8" 1a5555a000 97b9
  HwBinder:923_8-7086  [005] ...1  2427.237901: do_swap_page: prefetch miss 923 "HwBinder:923_8" 1a5555a000 97b9
  HwBinder:923_8-7086  [005] ....  2427.237928: do_swap_page: prefetch miss 923 "HwBinder:923_8" 1a55576000 97ba
  HwBinder:923_8-7086  [005] ...1  2427.239784: do_swap_page: prefetch miss 923 "HwBinder:923_8" 1a55576000 97ba
  HwBinder:923_8-7086  [005] ....  2427.239813: do_swap_page: prefetch miss 923 "HwBinder:923_8" 1a5555e000 97bb
  HwBinder:923_8-7086  [005] ...1  2427.241767: do_swap_page: prefetch miss 923 "HwBinder:923_8" 1a5555e000 97bb
  HwBinder:923_8-7086  [005] ....  2427.241830: do_swap_page: prefetch miss 923 "HwBinder:923_8" 5555552000 979d
  HwBinder:923_8-7086  [005] ...1  2427.243521: do_swap_page: prefetch miss 923 "HwBinder:923_8" 5555552000 979d
  HwBinder:923_8-7086  [005] ....  2427.243576: do_swap_page: prefetch miss 923 "HwBinder:923_8" 1855563000 d7c2
  HwBinder:923_8-7086  [005] ...1  2427.245586: do_swap_page: prefetch miss 923 "HwBinder:923_8" 1855563000 d7c2
           <...>-1229  [005] ....  2427.246485: do_swap_page: prefetch miss 834 "HwBinder:834_1" f7a27000 1717
           <...>-1229  [005] ...1  2427.248432: do_swap_page: prefetch miss 834 "HwBinder:834_1" f7a27000 1717
           <...>-1229  [005] ....  2427.248443: do_swap_page: prefetch miss 834 "HwBinder:834_1" f7a14000 1718
           <...>-1229  [005] ...1  2427.250350: do_swap_page: prefetch miss 834 "HwBinder:834_1" f7a14000 1718
           <...>-1229  [005] ....  2427.250381: do_swap_page: prefetch miss 834 "HwBinder:834_1" f579b000 1722
           <...>-1229  [005] ...1  2427.252633: do_swap_page: prefetch miss 834 "HwBinder:834_1" f579b000 1722
           <...>-1229  [005] ....  2427.252795: do_swap_page: prefetch miss 834 "HwBinder:834_1" f7acf000 171f
           <...>-1229  [005] ...1  2427.254788: do_swap_page: prefetch miss 834 "HwBinder:834_1" f7acf000 171f
           <...>-1229  [005] ....  2427.254831: do_swap_page: prefetch miss 834 "HwBinder:834_1" f5700000 1720
           <...>-1229  [005] ...1  2427.256860: do_swap_page: prefetch miss 834 "HwBinder:834_1" f5700000 1720
  HwBinder:834_4-2041  [005] ....  2427.256966: do_swap_page: prefetch miss 834 "HwBinder:834_4" f7a5f000 9764
  HwBinder:834_4-2041  [005] ...1  2427.258798: do_swap_page: prefetch miss 834 "HwBinder:834_4" f7a5f000 9764
  HwBinder:834_4-2041  [005] ....  2427.258900: do_swap_page: prefetch miss 834 "HwBinder:834_4" f5cfe000 1721
  HwBinder:834_4-2041  [005] ...1  2427.260709: do_swap_page: prefetch miss 834 "HwBinder:834_4" f5cfe000 1721
  HwBinder:834_4-2041  [005] ....  2427.260737: do_swap_page: prefetch miss 834 "HwBinder:834_4" f7a63000 1723
  HwBinder:834_4-2041  [005] ...1  2427.262570: do_swap_page: prefetch miss 834 "HwBinder:834_4" f7a63000 1723
    Binder:913_2-2064  [005] ....  2427.262641: do_swap_page: prefetch miss 913 "Binder:913_2" f7b02000 97bd
    Binder:913_2-2064  [005] ...1  2427.264508: do_swap_page: prefetch miss 913 "Binder:913_2" f7b02000 97bd
    Binder:913_2-2064  [005] ....  2427.264609: do_swap_page: prefetch miss 913 "Binder:913_2" f351b000 5742
    Binder:913_2-2064  [005] ...1  2427.266645: do_swap_page: prefetch miss 913 "Binder:913_2" f351b000 5742
    Binder:913_2-2064  [005] ....  2427.266677: do_swap_page: prefetch miss 913 "Binder:913_2" f351c000 97bf
    Binder:913_2-2064  [005] ...1  2427.268478: do_swap_page: prefetch miss 913 "Binder:913_2" f351c000 97bf
    Binder:913_2-2064  [005] ....  2427.268536: do_swap_page: prefetch miss 913 "Binder:913_2" f2af9000 17ed
    Binder:913_2-2064  [005] ...1  2427.270325: do_swap_page: prefetch miss 913 "Binder:913_2" f2af9000 17ed
    Binder:913_5-3611  [005] ....  2427.270550: do_swap_page: prefetch miss 913 "Binder:913_5" f3529000 d748
    Binder:913_5-3611  [005] ...1  2427.272400: do_swap_page: prefetch miss 913 "Binder:913_5" f3529000 d748
    Binder:913_5-3611  [005] ....  2427.272421: do_swap_page: prefetch miss 913 "Binder:913_5" f3553000 17ef
    Binder:913_5-3611  [005] ...1  2427.275118: do_swap_page: prefetch miss 913 "Binder:913_5" f3553000 17ef
    Binder:913_5-3611  [005] ....  2427.275137: do_swap_page: prefetch miss 913 "Binder:913_5" f74ff000 97c3
    Binder:913_5-3611  [005] ...1  2427.277220: do_swap_page: prefetch miss 913 "Binder:913_5" f74ff000 97c3
    Binder:913_5-3611  [005] ....  2427.277473: do_swap_page: prefetch miss 913 "Binder:913_5" f3555000 97c2
    Binder:913_5-3611  [005] ...1  2427.279285: do_swap_page: prefetch miss 913 "Binder:913_5" f3555000 97c2
    Binder:913_5-3611  [005] ....  2427.279302: do_swap_page: prefetch miss 913 "Binder:913_5" f3554000 5716
    Binder:913_5-3611  [005] ...1  2427.281368: do_swap_page: prefetch miss 913 "Binder:913_5" f3554000 5716
    Binder:913_5-3611  [005] ....  2427.281385: do_swap_page: prefetch miss 913 "Binder:913_5" f3585000 17f0
    Binder:913_5-3611  [005] ...1  2427.283211: do_swap_page: prefetch miss 913 "Binder:913_5" f3585000 17f0
    Binder:913_5-3611  [005] ....  2427.283225: do_swap_page: prefetch miss 913 "Binder:913_5" f2aca000 11720
    Binder:913_5-3611  [005] ...1  2427.285029: do_swap_page: prefetch miss 913 "Binder:913_5" f2aca000 11720
    Binder:913_5-3611  [005] ....  2427.285056: do_swap_page: prefetch miss 913 "Binder:913_5" f352a000 9780
    Binder:913_5-3611  [005] ...1  2427.286988: do_swap_page: prefetch miss 913 "Binder:913_5" f352a000 9780
    Binder:913_5-3611  [005] ....  2427.287020: do_swap_page: prefetch miss 913 "Binder:913_5" f3602000 97cc
    Binder:913_5-3611  [005] ...1  2427.289119: do_swap_page: prefetch miss 913 "Binder:913_5" f3602000 97cc
    Binder:913_1-1209  [005] ....  2427.289332: do_swap_page: prefetch miss 913 "Binder:913_1" f3582000 5798
    Binder:913_1-1209  [005] ...1  2427.293770: do_swap_page: prefetch miss 913 "Binder:913_1" f3582000 5798
    Binder:913_1-1209  [005] ....  2427.293812: do_swap_page: prefetch miss 913 "Binder:913_1" f3503000 11704
    Binder:913_1-1209  [005] ...1  2427.295688: do_swap_page: prefetch miss 913 "Binder:913_1" f3503000 11704
 NuPlayerDriver -15424 [006] ....  2427.296033: do_swap_page: prefetch miss 913 "NuPlayerDriver " f3605000 97cd
   Binder:1338_A-2168  [005] ....  2427.297094: do_swap_page: prefetch miss 1338 "Binder:1338_A" 9e31f000 97df
 NuPlayerDriver -15424 [006] ...1  2427.298062: do_swap_page: prefetch miss 913 "NuPlayerDriver " f3605000 97cd
         generic-15425 [002] ....  2427.299002: do_swap_page: prefetch miss 913 "NuPlayerDriver " f7a0e000 d745
   Binder:1338_A-2168  [006] ...1  2427.299354: do_swap_page: prefetch miss 1338 "Binder:1338_A" 9e31f000 97df
   Binder:1338_A-2168  [006] ....  2427.299430: do_swap_page: prefetch miss 1338 "Binder:1338_A" 7f20f01000 97e2
         generic-15425 [006] ...1  2427.301192: do_swap_page: prefetch miss 913 "NuPlayerDriver " f7a0e000 d745
         generic-15425 [006] ....  2427.301280: do_swap_page: prefetch miss 913 "NuPlayerDriver " f7a0f000 d746
   Binder:1338_A-2168  [005] ...1  2427.301355: do_swap_page: prefetch miss 1338 "Binder:1338_A" 7f20f01000 97e2
   Binder:1338_A-2168  [005] ....  2427.301435: do_swap_page: prefetch miss 1338 "Binder:1338_A" 9e31e000 5729
         generic-15425 [006] ...1  2427.303537: do_swap_page: prefetch miss 913 "NuPlayerDriver " f7a0f000 d746
   Binder:1338_A-2168  [005] ...1  2427.303626: do_swap_page: prefetch miss 1338 "Binder:1338_A" 9e31e000 5729
   Binder:1338_A-2168  [005] ....  2427.303677: do_swap_page: prefetch miss 1338 "Binder:1338_A" 9e36c000 572c
         generic-15425 [005] ....  2427.303690: do_swap_page: prefetch miss 913 "generic" f625c000 d747
         generic-15425 [006] ...1  2427.305814: do_swap_page: prefetch miss 913 "generic" f625c000 d747
   Binder:1338_A-2168  [005] ...1  2427.305830: do_swap_page: prefetch miss 1338 "Binder:1338_A" 9e36c000 572c
   Binder:1338_A-2168  [005] ....  2427.305857: do_swap_page: prefetch miss 1338 "Binder:1338_A" 9e2e6000 572e
         generic-15425 [005] ....  2427.305868: do_swap_page: prefetch miss 913 "generic" f3607000 d749
         generic-15425 [006] ...1  2427.307945: do_swap_page: prefetch miss 913 "generic" f3607000 d749
   Binder:1338_A-2168  [005] ...1  2427.307966: do_swap_page: prefetch miss 1338 "Binder:1338_A" 9e2e6000 572e
         generic-15425 [006] ....  2427.307980: do_swap_page: prefetch miss 913 "generic" f35fd000 1751
   Binder:1338_A-2168  [005] ....  2427.308004: do_swap_page: prefetch miss 1338 "Binder:1338_A" 7f20f08000 5730
         generic-15425 [006] ...1  2427.310257: do_swap_page: prefetch miss 913 "generic" f35fd000 1751
   Binder:1338_A-2168  [005] ...1  2427.310279: do_swap_page: prefetch miss 1338 "Binder:1338_A" 7f20f08000 5730
         generic-15425 [006] ....  2427.310289: do_swap_page: prefetch miss 913 "generic" f6c9b000 d74b
   Binder:1338_A-2168  [005] ....  2427.310315: do_swap_page: prefetch miss 1338 "Binder:1338_A" 7f20f0d000 d752
         generic-15425 [006] ...1  2427.312274: do_swap_page: prefetch miss 913 "generic" f6c9b000 d74b
   Binder:1338_A-2168  [005] ...1  2427.312300: do_swap_page: prefetch miss 1338 "Binder:1338_A" 7f20f0d000 d752
         generic-15425 [006] ....  2427.312307: do_swap_page: prefetch miss 913 "generic" f3538000 9775
           <...>-2578  [005] ....  2427.312553: do_swap_page: prefetch miss 2057 "Binder:2057_6" 7ecc971000 1757
   Binder:1338_A-2168  [005] ....  2427.312558: do_swap_page: prefetch miss 1338 "Binder:1338_A" 1360b000 1759
         generic-15425 [006] ...1  2427.314967: do_swap_page: prefetch miss 913 "generic" f3538000 9775
         generic-15425 [006] ....  2427.314992: do_swap_page: prefetch miss 913 "generic" f3533000 172f
   Binder:1338_A-2168  [005] ...1  2427.315015: do_swap_page: prefetch miss 1338 "Binder:1338_A" 1360b000 1759
           <...>-2578  [005] ...1  2427.315454: do_swap_page: prefetch miss 2057 "Binder:2057_6" 7ecc971000 1757
           <...>-1369  [004] ....  2427.316519: do_swap_page: prefetch miss 1338 "android.anim" 7f212a8000 15703
         generic-15425 [006] ...1  2427.316808: do_swap_page: prefetch miss 913 "generic" f3533000 172f
    Binder:909_5-5220  [006] ....  2427.317083: do_swap_page: prefetch miss 909 "Binder:909_5" 265555e000 1752
           <...>-1369  [004] ...1  2427.318954: do_swap_page: prefetch miss 1338 "android.anim" 7f212a8000 15703
           <...>-1369  [004] ....  2427.318971: do_swap_page: prefetch miss 1338 "android.anim" 7f20b71000 15705
    Binder:909_5-5220  [006] ...1  2427.318980: do_swap_page: prefetch miss 909 "Binder:909_5" 265555e000 1752
    Binder:909_5-5220  [006] ....  2427.319061: do_swap_page: prefetch miss 909 "Binder:909_5" 2755552000 d74c
           <...>-1369  [004] ...1  2427.322849: do_swap_page: prefetch miss 1338 "android.anim" 7f20b71000 15705
    Binder:909_5-5220  [006] ...1  2427.322868: do_swap_page: prefetch miss 909 "Binder:909_5" 2755552000 d74c
           <...>-1369  [004] ....  2427.322905: do_swap_page: prefetch miss 1338 "android.anim" 9e46b000 15708
    Binder:909_5-5220  [006] ....  2427.322947: do_swap_page: prefetch miss 909 "Binder:909_5" 1955559000 d74d
    Binder:909_5-5220  [006] ...1  2427.324924: do_swap_page: prefetch miss 909 "Binder:909_5" 1955559000 d74d
           <...>-1369  [004] ...1  2427.324943: do_swap_page: prefetch miss 1338 "android.anim" 9e46b000 15708
    Binder:909_5-5220  [006] ....  2427.324952: do_swap_page: prefetch miss 909 "Binder:909_5" 1755552000 1754
           <...>-1369  [004] ....  2427.325043: do_swap_page: prefetch miss 1338 "android.anim" 7f28b64000 1570a
    Binder:909_5-5220  [006] ...1  2427.327109: do_swap_page: prefetch miss 909 "Binder:909_5" 1755552000 1754
           <...>-1369  [004] ...1  2427.327130: do_swap_page: prefetch miss 1338 "android.anim" 7f28b64000 1570a
           <...>-1369  [004] ....  2427.327143: do_swap_page: prefetch miss 1338 "android.anim" 7eb4d6a000 1570b
    Binder:909_5-5220  [006] ....  2427.327161: do_swap_page: prefetch miss 909 "Binder:909_5" 7fbc377000 1755
    Binder:909_5-5220  [006] ...1  2427.329890: do_swap_page: prefetch miss 909 "Binder:909_5" 7fbc377000 1755
           <...>-1369  [004] ...1  2427.329911: do_swap_page: prefetch miss 1338 "android.anim" 7eb4d6a000 1570b
    Binder:909_5-5220  [006] ....  2427.329931: do_swap_page: prefetch miss 909 "Binder:909_5" 1855560000 97ce
           <...>-1369  [004] ....  2427.329956: do_swap_page: prefetch miss 1338 "android.anim" 7f28a89000 1570d
    Binder:909_5-5220  [006] ...1  2427.331871: do_swap_page: prefetch miss 909 "Binder:909_5" 1855560000 97ce
           <...>-1369  [004] ...1  2427.331884: do_swap_page: prefetch miss 1338 "android.anim" 7f28a89000 1570d
    Binder:909_5-5220  [006] ....  2427.331943: do_swap_page: prefetch miss 909 "Binder:909_5" 1c5555a000 97cf
           <...>-1369  [004] ....  2427.331962: do_swap_page: prefetch miss 1338 "android.anim" 7f28b63000 15711
    Binder:909_5-5220  [006] ...1  2427.333768: do_swap_page: prefetch miss 909 "Binder:909_5" 1c5555a000 97cf
           <...>-1369  [004] ...1  2427.333787: do_swap_page: prefetch miss 1338 "android.anim" 7f28b63000 15711
           <...>-1369  [004] ....  2427.333798: do_swap_page: prefetch miss 1338 "android.anim" 7fbbff5000 15713
    Binder:909_5-5220  [006] ....  2427.333822: do_swap_page: prefetch miss 909 "Binder:909_5" 7fbbb61000 97d0
    Binder:909_5-5220  [006] ...1  2427.335701: do_swap_page: prefetch miss 909 "Binder:909_5" 7fbbb61000 97d0
           <...>-1369  [004] ...1  2427.335718: do_swap_page: prefetch miss 1338 "android.anim" 7fbbff5000 15713
    Binder:909_5-5220  [006] ....  2427.335732: do_swap_page: prefetch miss 909 "Binder:909_5" 7fbc66a000 d74e
           <...>-1369  [004] ....  2427.335745: do_swap_page: prefetch miss 1338 "android.anim" 7e87a9a000 15714
    Binder:909_5-5220  [006] ...1  2427.340207: do_swap_page: prefetch miss 909 "Binder:909_5" 7fbc66a000 d74e
           <...>-1369  [004] ...1  2427.340217: do_swap_page: prefetch miss 1338 "android.anim" 7e87a9a000 15714
           <...>-1369  [004] ....  2427.340227: do_swap_page: prefetch miss 1338 "android.anim" 7e87a9b000 15715
    Binder:909_5-5220  [006] ....  2427.340228: do_swap_page: prefetch miss 909 "Binder:909_5" 7fbc669000 d74f
    Binder:909_5-5220  [006] ...1  2427.342249: do_swap_page: prefetch miss 909 "Binder:909_5" 7fbc669000 d74f
           <...>-1369  [004] ...1  2427.342268: do_swap_page: prefetch miss 1338 "android.anim" 7e87a9b000 15715
    Binder:909_5-5220  [005] ....  2427.342276: do_swap_page: prefetch miss 909 "Binder:909_5" 7fbc470000 d750
           <...>-1369  [004] ....  2427.342279: do_swap_page: prefetch miss 1338 "android.anim" 7e87a9c000 15716
    Binder:909_5-5220  [006] ...1  2427.344303: do_swap_page: prefetch miss 909 "Binder:909_5" 7fbc470000 d750
           <...>-1369  [004] ...1  2427.344321: do_swap_page: prefetch miss 1338 "android.anim" 7e87a9c000 15716
    Binder:909_5-5220  [006] ....  2427.344331: do_swap_page: prefetch miss 909 "Binder:909_5" 7fbe35a000 d751
           <...>-1369  [004] ....  2427.344334: do_swap_page: prefetch miss 1338 "android.anim" 7e87a9d000 15717
    Binder:909_5-5220  [006] ...1  2427.346154: do_swap_page: prefetch miss 909 "Binder:909_5" 7fbe35a000 d751
           <...>-1369  [004] ...1  2427.346177: do_swap_page: prefetch miss 1338 "android.anim" 7e87a9d000 15717
    Binder:909_5-5220  [006] ....  2427.346182: do_swap_page: prefetch miss 909 "Binder:909_5" 7fbe359000 1753
           <...>-1369  [004] ....  2427.346190: do_swap_page: prefetch miss 1338 "android.anim" 7e87a9e000 15719
    Binder:909_5-5220  [006] ...1  2427.348017: do_swap_page: prefetch miss 909 "Binder:909_5" 7fbe359000 1753
           <...>-1369  [004] ...1  2427.348041: do_swap_page: prefetch miss 1338 "android.anim" 7e87a9e000 15719
           <...>-1369  [004] ....  2427.348054: do_swap_page: prefetch miss 1338 "android.anim" 7e87a9f000 1571a
    Binder:909_5-5220  [006] ....  2427.348086: do_swap_page: prefetch miss 909 "Binder:909_5" 7fbde25000 97d2
    Binder:909_5-5220  [006] ...1  2427.350002: do_swap_page: prefetch miss 909 "Binder:909_5" 7fbde25000 97d2
           <...>-1369  [004] ...1  2427.350022: do_swap_page: prefetch miss 1338 "android.anim" 7e87a9f000 1571a
           <...>-1369  [004] ....  2427.350029: do_swap_page: prefetch miss 1338 "android.anim" 7e87aa0000 1571b
    Binder:909_5-5220  [006] ....  2427.350048: do_swap_page: prefetch miss 909 "Binder:909_5" 1d55554000 97d3
           <...>-1369  [004] ...1  2427.351937: do_swap_page: prefetch miss 1338 "android.anim" 7e87aa0000 1571b
           <...>-1369  [004] ....  2427.351944: do_swap_page: prefetch miss 1338 "android.anim" 7e87aa1000 1571c
    Binder:909_5-5220  [006] ...1  2427.351957: do_swap_page: prefetch miss 909 "Binder:909_5" 1d55554000 97d3
    Binder:909_5-5220  [006] ....  2427.351969: do_swap_page: prefetch miss 909 "Binder:909_5" 3955552000 d7a6
           <...>-1369  [004] ...1  2427.354352: do_swap_page: prefetch miss 1338 "android.anim" 7e87aa1000 1571c
           <...>-1369  [004] ....  2427.354361: do_swap_page: prefetch miss 1338 "android.anim" 7e87aa2000 1571d
    Binder:909_5-5220  [006] ...1  2427.354368: do_swap_page: prefetch miss 909 "Binder:909_5" 3955552000 d7a6
    Binder:909_5-5220  [006] ....  2427.354413: do_swap_page: prefetch miss 909 "Binder:909_5" 1f55557000 97d6
           <...>-1369  [004] ...1  2427.356669: do_swap_page: prefetch miss 1338 "android.anim" 7e87aa2000 1571d
           <...>-1369  [004] ....  2427.356685: do_swap_page: prefetch miss 1338 "android.anim" 7e6a1ab000 1571f
    Binder:909_5-5220  [006] ...1  2427.356730: do_swap_page: prefetch miss 909 "Binder:909_5" 1f55557000 97d6
    Binder:909_5-5220  [006] ....  2427.356760: do_swap_page: prefetch miss 909 "Binder:909_5" 5555552000 1767
           <...>-1369  [004] ...1  2427.358801: do_swap_page: prefetch miss 1338 "android.anim" 7e6a1ab000 1571f
           <...>-1369  [004] ....  2427.358809: do_swap_page: prefetch miss 1338 "android.anim" 7e6a1ac000 15720
    Binder:909_5-5220  [006] ...1  2427.358821: do_swap_page: prefetch miss 909 "Binder:909_5" 5555552000 1767
    Binder:909_5-5220  [006] ....  2427.358829: do_swap_page: prefetch miss 909 "Binder:909_5" 1935552000 177f
           <...>-1369  [004] ...1  2427.360855: do_swap_page: prefetch miss 1338 "android.anim" 7e6a1ac000 15720
           <...>-1369  [004] ....  2427.360864: do_swap_page: prefetch miss 1338 "android.anim" 7e6a1ad000 15721
    Binder:909_5-5220  [006] ...1  2427.360871: do_swap_page: prefetch miss 909 "Binder:909_5" 1935552000 177f
    Binder:909_5-5220  [006] ....  2427.360876: do_swap_page: prefetch miss 909 "Binder:909_5" 185555e000 97d7
           <...>-1369  [004] ...1  2427.362957: do_swap_page: prefetch miss 1338 "android.anim" 7e6a1ad000 15721
           <...>-1369  [004] ....  2427.362964: do_swap_page: prefetch miss 1338 "android.anim" 7e6a1ae000 15722
    Binder:909_5-5220  [006] ...1  2427.362973: do_swap_page: prefetch miss 909 "Binder:909_5" 185555e000 97d7
    Binder:909_5-5220  [006] ....  2427.362979: do_swap_page: prefetch miss 909 "Binder:909_5" 1855559000 97d8
           <...>-1369  [004] ...1  2427.365032: do_swap_page: prefetch miss 1338 "android.anim" 7e6a1ae000 15722
           <...>-1369  [004] ....  2427.365040: do_swap_page: prefetch miss 1338 "android.anim" 7e6a1af000 15723
    Binder:909_5-5220  [006] ...1  2427.365049: do_swap_page: prefetch miss 909 "Binder:909_5" 1855559000 97d8
    Binder:909_5-5220  [006] ....  2427.365193: do_swap_page: prefetch miss 909 "Binder:909_5" 175556c000 97e8
           <...>-1369  [004] ...1  2427.367209: do_swap_page: prefetch miss 1338 "android.anim" 7e6a1af000 15723
           <...>-1369  [004] ....  2427.367217: do_swap_page: prefetch miss 1338 "android.anim" 7e6a1b0000 15724
    Binder:909_5-5220  [006] ...1  2427.367230: do_swap_page: prefetch miss 909 "Binder:909_5" 175556c000 97e8
    Binder:909_5-5220  [006] ....  2427.367265: do_swap_page: prefetch miss 909 "Binder:909_5" 1e5555e000 1795
           <...>-1369  [004] ...1  2427.369246: do_swap_page: prefetch miss 1338 "android.anim" 7e6a1b0000 15724
           <...>-1369  [004] ....  2427.369254: do_swap_page: prefetch miss 1338 "android.anim" 7e6a1b1000 15725
    Binder:909_5-5220  [006] ...1  2427.369265: do_swap_page: prefetch miss 909 "Binder:909_5" 1e5555e000 1795
    Binder:909_5-5220  [006] ....  2427.369299: do_swap_page: prefetch miss 909 "Binder:909_5" 7fbd8dc000 97db
           <...>-1369  [004] ...1  2427.371191: do_swap_page: prefetch miss 1338 "android.anim" 7e6a1b1000 15725
           <...>-1369  [004] ....  2427.371198: do_swap_page: prefetch miss 1338 "android.anim" 7e6a1b2000 15726
    Binder:909_5-5220  [006] ...1  2427.371208: do_swap_page: prefetch miss 909 "Binder:909_5" 7fbd8dc000 97db
    Binder:909_5-5220  [006] ....  2427.371214: do_swap_page: prefetch miss 909 "Binder:909_5" 1855555000 97dc
           <...>-1369  [004] ...1  2427.373064: do_swap_page: prefetch miss 1338 "android.anim" 7e6a1b2000 15726
           <...>-1369  [004] ....  2427.373071: do_swap_page: prefetch miss 1338 "android.anim" 7e6a1b3000 15728
    Binder:909_5-5220  [006] ...1  2427.373088: do_swap_page: prefetch miss 909 "Binder:909_5" 1855555000 97dc
    Binder:909_5-5220  [006] ....  2427.373145: do_swap_page: prefetch miss 909 "Binder:909_5" 2055570000 d786
           <...>-1369  [004] ...1  2427.375137: do_swap_page: prefetch miss 1338 "android.anim" 7e6a1b3000 15728
           <...>-1369  [004] ....  2427.375168: do_swap_page: prefetch miss 1338 "android.anim" 7e5da4e000 1572a
    Binder:909_5-5220  [006] ...1  2427.375182: do_swap_page: prefetch miss 909 "Binder:909_5" 2055570000 d786
    Binder:909_5-5220  [006] ....  2427.375228: do_swap_page: prefetch miss 909 "Binder:909_5" 1e35552000 1576c
           <...>-1369  [004] ...1  2427.377175: do_swap_page: prefetch miss 1338 "android.anim" 7e5da4e000 1572a
           <...>-1369  [004] ....  2427.377183: do_swap_page: prefetch miss 1338 "android.anim" 7e6a1f5000 1572b
    Binder:909_5-5220  [006] ...1  2427.377194: do_swap_page: prefetch miss 909 "Binder:909_5" 1e35552000 1576c
    Binder:909_5-5220  [006] ....  2427.377202: do_swap_page: prefetch miss 909 "Binder:909_5" 1d5555c000 17fb
           <...>-1369  [004] ...1  2427.379199: do_swap_page: prefetch miss 1338 "android.anim" 7e6a1f5000 1572b
    Binder:909_5-5220  [006] ...1  2427.379218: do_swap_page: prefetch miss 909 "Binder:909_5" 1d5555c000 17fb
    Binder:909_5-5220  [006] ....  2427.379255: do_swap_page: prefetch miss 909 "Binder:909_5" 1855554000 5748
           <...>-1369  [004] ....  2427.379381: do_swap_page: prefetch miss 1338 "android.anim" 7e87a60000 15731
    Binder:909_5-5220  [006] ...1  2427.381733: do_swap_page: prefetch miss 909 "Binder:909_5" 1855554000 5748
           <...>-1369  [004] ...1  2427.381756: do_swap_page: prefetch miss 1338 "android.anim" 7e87a60000 15731
           <...>-1369  [004] ....  2427.381766: do_swap_page: prefetch miss 1338 "android.anim" 7e87aa3000 15732
    Binder:909_5-5220  [006] ....  2427.381794: do_swap_page: prefetch miss 909 "Binder:909_5" 1d5555a000 5727
    Binder:909_5-5220  [006] ...1  2427.383698: do_swap_page: prefetch miss 909 "Binder:909_5" 1d5555a000 5727
           <...>-1369  [004] ...1  2427.383710: do_swap_page: prefetch miss 1338 "android.anim" 7e87aa3000 15732
           <...>-1369  [004] ....  2427.383720: do_swap_page: prefetch miss 1338 "android.anim" 7e87aa4000 15733
    Binder:909_5-5220  [006] ....  2427.383767: do_swap_page: prefetch miss 909 "Binder:909_5" 1855557000 574b
    Binder:909_5-5220  [006] ...1  2427.385578: do_swap_page: prefetch miss 909 "Binder:909_5" 1855557000 574b
           <...>-1369  [004] ...1  2427.385589: do_swap_page: prefetch miss 1338 "android.anim" 7e87aa4000 15733
    Binder:909_5-5220  [006] ....  2427.385599: do_swap_page: prefetch miss 909 "Binder:909_5" 7fbc0a8000 5728
           <...>-1369  [006] ....  2427.385611: do_swap_page: prefetch miss 1338 "android.anim" 7e87aa5000 15734
           <...>-1369  [004] ...1  2427.387524: do_swap_page: prefetch miss 1338 "android.anim" 7e87aa5000 15734
    Binder:909_5-5220  [006] ...1  2427.387546: do_swap_page: prefetch miss 909 "Binder:909_5" 7fbc0a8000 5728
           <...>-1369  [004] ....  2427.387555: do_swap_page: prefetch miss 1338 "android.anim" 7f28c6c000 15735
    Binder:909_5-5220  [006] ....  2427.387594: do_swap_page: prefetch miss 909 "Binder:909_5" 7f36d6d000 572a
           <...>-1369  [004] ...1  2427.389621: do_swap_page: prefetch miss 1338 "android.anim" 7f28c6c000 15735
    Binder:909_5-5220  [006] ...1  2427.389643: do_swap_page: prefetch miss 909 "Binder:909_5" 7f36d6d000 572a
    Binder:909_5-5220  [006] ....  2427.389671: do_swap_page: prefetch miss 909 "Binder:909_5" 1a55561000 572b
           <...>-1369  [004] ....  2427.389755: do_swap_page: prefetch miss 1338 "android.anim" 9e385000 15736
    Binder:909_5-5220  [006] ...1  2427.391623: do_swap_page: prefetch miss 909 "Binder:909_5" 1a55561000 572b
           <...>-1369  [004] ...1  2427.391645: do_swap_page: prefetch miss 1338 "android.anim" 9e385000 15736
    Binder:909_5-5220  [006] ....  2427.391660: do_swap_page: prefetch miss 909 "Binder:909_5" 1755571000 1769
           <...>-1369  [005] ....  2427.391703: do_swap_page: prefetch miss 1338 "android.anim" 9e1b5000 15737
    Binder:909_5-5220  [006] ...1  2427.393738: do_swap_page: prefetch miss 909 "Binder:909_5" 1755571000 1769
           <...>-1369  [004] ...1  2427.393758: do_swap_page: prefetch miss 1338 "android.anim" 9e1b5000 15737
    Binder:909_5-5220  [006] ....  2427.393789: do_swap_page: prefetch miss 909 "Binder:909_5" 7f36d2d000 572f
           <...>-1369  [004] ....  2427.394479: do_swap_page: prefetch miss 1338 "android.anim" 9e373000 15750
    Binder:909_5-5220  [006] ...1  2427.396677: do_swap_page: prefetch miss 909 "Binder:909_5" 7f36d2d000 572f
    Binder:909_5-5220  [006] ....  2427.396727: do_swap_page: prefetch miss 909 "Binder:909_5" 1f5555e000 15768
           <...>-1369  [004] ...1  2427.396973: do_swap_page: prefetch miss 1338 "android.anim" 9e373000 15750
           <...>-1369  [004] ....  2427.397678: do_swap_page: prefetch miss 1338 "android.anim" 7fbe1c2000 1572f
    Binder:909_5-5220  [006] ...1  2427.398881: do_swap_page: prefetch miss 909 "Binder:909_5" 1f5555e000 15768
    Binder:909_5-5220  [006] ....  2427.398929: do_swap_page: prefetch miss 909 "Binder:909_5" 2055556000 5731
           <...>-1369  [004] ...1  2427.399351: do_swap_page: prefetch miss 1338 "android.anim" 7fbe1c2000 1572f
           <...>-1369  [004] ....  2427.399434: do_swap_page: prefetch miss 1338 "android.anim" 7e87aa7000 1575b
    Binder:909_5-5220  [006] ...1  2427.401283: do_swap_page: prefetch miss 909 "Binder:909_5" 2055556000 5731
    Binder:909_5-5220  [006] ....  2427.401298: do_swap_page: prefetch miss 909 "Binder:909_5" 265555d000 1756
           <...>-1369  [004] ...1  2427.401314: do_swap_page: prefetch miss 1338 "android.anim" 7e87aa7000 1575b
           <...>-1369  [004] ....  2427.401368: do_swap_page: prefetch miss 1338 "android.anim" 7fbb7db000 1575c
           <...>-1369  [004] ...1  2427.403153: do_swap_page: prefetch miss 1338 "android.anim" 7fbb7db000 1575c
           <...>-1369  [004] ....  2427.403193: do_swap_page: prefetch miss 1338 "android.anim" 7f28b18000 1575d
    Binder:909_5-5220  [006] ...1  2427.403216: do_swap_page: prefetch miss 909 "Binder:909_5" 265555d000 1756
    Binder:909_5-5220  [006] ....  2427.403695: do_swap_page: prefetch miss 909 "Binder:909_5" 1b35552000 1790
           <...>-1369  [004] ...1  2427.405146: do_swap_page: prefetch miss 1338 "android.anim" 7f28b18000 1575d
    Binder:909_5-5220  [006] ...1  2427.405175: do_swap_page: prefetch miss 909 "Binder:909_5" 1b35552000 1790
    Binder:909_5-5220  [005] ....  2427.405208: do_swap_page: prefetch miss 909 "Binder:909_5" 1a55553000 d756
           <...>-633   [004] ....  2427.405338: do_swap_page: prefetch miss 604 "Binder:604_1" 7fba7eb000 d717
    Binder:909_5-5220  [006] ...1  2427.407353: do_swap_page: prefetch miss 909 "Binder:909_5" 1a55553000 d756
           <...>-633   [004] ...1  2427.407381: do_swap_page: prefetch miss 604 "Binder:604_1" 7fba7eb000 d717
    Binder:909_5-5220  [006] ....  2427.407393: do_swap_page: prefetch miss 909 "Binder:909_5" 185555c000 97e1
           <...>-633   [004] ....  2427.407397: do_swap_page: prefetch miss 604 "Binder:604_1" 7fbbfd4000 d718
           <...>-633   [004] ...1  2427.409275: do_swap_page: prefetch miss 604 "Binder:604_1" 7fbbfd4000 d718
    Binder:909_5-5220  [006] ...1  2427.409295: do_swap_page: prefetch miss 909 "Binder:909_5" 185555c000 97e1
    Binder:909_5-5220  [006] ....  2427.409325: do_swap_page: prefetch miss 909 "Binder:909_5" 7fbd634000 175d
           <...>-1369  [004] ....  2427.409689: do_swap_page: prefetch miss 1338 "android.anim" 7ed0f95000 1576a
    Binder:909_5-5220  [006] ...1  2427.411213: do_swap_page: prefetch miss 909 "Binder:909_5" 7fbd634000 175d
    Binder:909_5-5220  [006] ....  2427.411225: do_swap_page: prefetch miss 909 "Binder:909_5" 7f3bb3e000 d753
           <...>-1369  [004] ...1  2427.411246: do_swap_page: prefetch miss 1338 "android.anim" 7ed0f95000 1576a
           <...>-1370  [006] ....  2427.412001: do_swap_page: prefetch miss 1338 "android.anim.lf" 7ecb78f000 19702
 ndroid.systemui-1697  [006] ....  2427.412127: do_swap_page: prefetch miss 1697 "ndroid.systemui" 9e1d5000 578c
           <...>-1369  [004] ....  2427.412378: do_swap_page: prefetch miss 1338 "android.anim" 7f28aa9000 11748
    Binder:909_5-5220  [006] ...1  2427.413173: do_swap_page: prefetch miss 909 "Binder:909_5" 7f3bb3e000 d753
    Binder:909_5-5220  [006] ....  2427.413226: do_swap_page: prefetch miss 909 "Binder:909_5" 1b5555c000 5765
           <...>-1373  [000] ....  2427.413476: do_swap_page: prefetch miss 1338 "android.bg" 7fbe1ae000 15783
           <...>-1370  [006] ...1  2427.414132: do_swap_page: prefetch miss 1338 "android.anim.lf" 7ecb78f000 19702
           <...>-1370  [006] ....  2427.414158: do_swap_page: prefetch miss 1338 "android.anim.lf" 7ecb790000 19703
           <...>-1369  [004] ...1  2427.414172: do_swap_page: prefetch miss 1338 "android.anim" 7f28aa9000 11748
           <...>-1369  [004] ....  2427.414189: do_swap_page: prefetch miss 1338 "android.anim" 7fbe1c6000 11749
 ndroid.systemui-1697  [006] ...1  2427.414212: do_swap_page: prefetch miss 1697 "ndroid.systemui" 9e1d5000 578c
 ndroid.systemui-1697  [006] ....  2427.414280: do_swap_page: prefetch miss 1697 "ndroid.systemui" 7f28cac000 19704
    Binder:909_5-5220  [006] ...1  2427.415572: do_swap_page: prefetch miss 909 "Binder:909_5" 1b5555c000 5765
           <...>-1373  [002] ...1  2427.415609: do_swap_page: prefetch miss 1338 "android.bg" 7fbe1ae000 15783
           <...>-1370  [006] ...1  2427.415617: do_swap_page: prefetch miss 1338 "android.anim.lf" 7ecb790000 19703
           <...>-1370  [006] ....  2427.415644: do_swap_page: prefetch miss 1338 "android.anim.lf" 7ecb78e000 19705
    Binder:909_5-5220  [006] ....  2427.415736: do_swap_page: prefetch miss 909 "Binder:909_5" 1955552000 5735
           <...>-15427 [007] ....  2427.416031: do_swap_page: prefetch miss 790 "netd" 7fbcd3a000 975e
           <...>-1369  [004] ...1  2427.416036: do_swap_page: prefetch miss 1338 "android.anim" 7fbe1c6000 11749
 ndroid.systemui-1697  [006] ...1  2427.416042: do_swap_page: prefetch miss 1697 "ndroid.systemui" 7f28cac000 19704
           <...>-1369  [004] ....  2427.416085: do_swap_page: prefetch miss 1338 "android.anim" 7f28ccb000 1174a
           <...>-2049  [006] ....  2427.416195: do_swap_page: prefetch miss 1697 "pool-2-thread-1" 7ecf203000 19706
 ndroid.systemui-1697  [006] ....  2427.416231: do_swap_page: prefetch miss 1697 "ndroid.systemui" 9e321000 15778
           <...>-1373  [002] ....  2427.416384: do_swap_page: prefetch miss 1338 "android.bg" 7fbe22a000 579b
           <...>-1370  [004] ...1  2427.418282: do_swap_page: prefetch miss 1338 "android.anim.lf" 7ecb78e000 19705
           <...>-1370  [004] ....  2427.418310: do_swap_page: prefetch miss 1338 "android.anim.lf" 7f30c9b000 11743
           <...>-15427 [007] ...1  2427.418386: do_swap_page: prefetch miss 790 "netd" 7fbcd3a000 975e
           <...>-1369  [005] ...1  2427.418403: do_swap_page: prefetch miss 1338 "android.anim" 7f28ccb000 1174a
 ndroid.systemui-1697  [006] ...1  2427.418429: do_swap_page: prefetch miss 1697 "ndroid.systemui" 9e321000 15778
 ndroid.systemui-1697  [006] ....  2427.418436: do_swap_page: prefetch miss 1697 "ndroid.systemui" 9e258000 1577a
           <...>-1369  [006] ....  2427.418445: do_swap_page: prefetch miss 1338 "android.anim" 7f28ccc000 1174b
    Binder:909_5-5220  [006] ...1  2427.418498: do_swap_page: prefetch miss 909 "Binder:909_5" 1955552000 5735
           <...>-2049  [006] ...1  2427.418549: do_swap_page: prefetch miss 1697 "pool-2-thread-1" 7ecf203000 19706
           <...>-2049  [006] ....  2427.418563: do_swap_page: prefetch miss 1697 "pool-2-thread-1" 7ecf204000 19707
    Binder:909_5-5220  [005] ....  2427.418577: do_swap_page: prefetch miss 909 "Binder:909_5" 185555a000 5736
           <...>-1370  [004] ...1  2427.420490: do_swap_page: prefetch miss 1338 "android.anim.lf" 7f30c9b000 11743
 ndroid.systemui-1697  [006] ...1  2427.420535: do_swap_page: prefetch miss 1697 "ndroid.systemui" 9e258000 1577a
           <...>-1370  [004] ....  2427.420537: do_swap_page: prefetch miss 1338 "android.anim.lf" 7f2d683000 11744
           <...>-1369  [005] ...1  2427.420537: do_swap_page: prefetch miss 1338 "android.anim" 7f28ccc000 1174b
           <...>-1369  [005] ....  2427.420557: do_swap_page: prefetch miss 1338 "android.anim" 7f28ccd000 1174c
           <...>-1373  [002] ...1  2427.420571: do_swap_page: prefetch miss 1338 "android.bg" 7fbe22a000 579b
           <...>-2049  [006] ...1  2427.420583: do_swap_page: prefetch miss 1697 "pool-2-thread-1" 7ecf204000 19707
           <...>-2049  [006] ....  2427.420636: do_swap_page: prefetch miss 1697 "pool-2-thread-1" 7ecf201000 19708
    Binder:909_5-5220  [006] ...1  2427.420643: do_swap_page: prefetch miss 909 "Binder:909_5" 185555a000 5736
    Binder:909_5-5220  [006] ....  2427.420694: do_swap_page: prefetch miss 909 "Binder:909_5" 195555c000 17bc
           <...>-1370  [004] ...1  2427.423007: do_swap_page: prefetch miss 1338 "android.anim.lf" 7f2d683000 11744
           <...>-1370  [004] ....  2427.423030: do_swap_page: prefetch miss 1338 "android.anim.lf" 7f28ce2000 11745
           <...>-1369  [005] ...1  2427.423088: do_swap_page: prefetch miss 1338 "android.anim" 7f28ccd000 1174c
           <...>-2049  [006] ...1  2427.423096: do_swap_page: prefetch miss 1697 "pool-2-thread-1" 7ecf201000 19708
           <...>-2049  [006] ....  2427.423130: do_swap_page: prefetch miss 1697 "pool-2-thread-1" 7ed1223000 19709
    Binder:909_5-5220  [006] ...1  2427.423139: do_swap_page: prefetch miss 909 "Binder:909_5" 195555c000 17bc
           <...>-1369  [005] ....  2427.423151: do_swap_page: prefetch miss 1338 "android.anim" 7f28c5d000 1174d
         generic-15425 [006] ....  2427.423288: do_swap_page: prefetch miss 913 "generic" f3606000 5739
           <...>-1370  [004] ...1  2427.425386: do_swap_page: prefetch miss 1338 "android.anim.lf" 7f28ce2000 11745
           <...>-1369  [007] ...1  2427.425483: do_swap_page: prefetch miss 1338 "android.anim" 7f28c5d000 1174d
           <...>-2049  [006] ...1  2427.425524: do_swap_page: prefetch miss 1697 "pool-2-thread-1" 7ed1223000 19709
           <...>-2049  [006] ....  2427.425570: do_swap_page: prefetch miss 1697 "pool-2-thread-1" 7ed12bc000 1970a
         generic-15425 [006] ...1  2427.425577: do_swap_page: prefetch miss 913 "generic" f3606000 5739
    Binder:909_5-5220  [006] ....  2427.425674: do_swap_page: prefetch miss 909 "Binder:909_5" 1b55556000 5732
           <...>-1369  [007] ....  2427.425805: do_swap_page: prefetch miss 1338 "android.anim" 7e6ed77000 1174e
           <...>-2049  [006] ...1  2427.427814: do_swap_page: prefetch miss 1697 "pool-2-thread-1" 7ed12bc000 1970a
           <...>-2049  [006] ....  2427.427866: do_swap_page: prefetch miss 1697 "pool-2-thread-1" 7eade8c000 1970b
    Binder:909_5-5220  [006] ...1  2427.427928: do_swap_page: prefetch miss 909 "Binder:909_5" 1b55556000 5732
           <...>-1369  [007] ...1  2427.427939: do_swap_page: prefetch miss 1338 "android.anim" 7e6ed77000 1174e
    Binder:909_5-5220  [006] ....  2427.427974: do_swap_page: prefetch miss 909 "Binder:909_5" 1b5555f000 573b
           <...>-1369  [007] ....  2427.428308: do_swap_page: prefetch miss 1338 "android.anim" 7e6ed74000 1174f
           <...>-2049  [006] ...1  2427.430241: do_swap_page: prefetch miss 1697 "pool-2-thread-1" 7eade8c000 1970b
           <...>-2049  [006] ....  2427.430300: do_swap_page: prefetch miss 1697 "pool-2-thread-1" 7ed12ac000 11742
    Binder:909_5-5220  [006] ...1  2427.430331: do_swap_page: prefetch miss 909 "Binder:909_5" 1b5555f000 573b
    Binder:909_5-5220  [006] ....  2427.430416: do_swap_page: prefetch miss 909 "Binder:909_5" 1955556000 1761
           <...>-1369  [007] ...1  2427.430435: do_swap_page: prefetch miss 1338 "android.anim" 7e6ed74000 1174f
 ndroid.systemui-1697  [006] ....  2427.430958: do_swap_page: prefetch miss 1697 "ndroid.systemui" 7fbbefe000 11750
           <...>-1369  [007] ....  2427.431010: do_swap_page: prefetch miss 1338 "android.anim" 7eb4dae000 1175c
           <...>-2049  [006] ...1  2427.433471: do_swap_page: prefetch miss 1697 "pool-2-thread-1" 7ed12ac000 11742
           <...>-2049  [006] ....  2427.433525: do_swap_page: prefetch miss 1697 "pool-2-thread-1" 7f28ce0000 15779
    Binder:909_5-5220  [006] ...1  2427.433794: do_swap_page: prefetch miss 909 "Binder:909_5" 1955556000 1761
    Binder:909_5-5220  [006] ....  2427.433851: do_swap_page: prefetch miss 909 "Binder:909_5" 185555d000 175e
           <...>-1369  [007] ...1  2427.433876: do_swap_page: prefetch miss 1338 "android.anim" 7eb4dae000 1175c
 ndroid.systemui-1697  [006] ...1  2427.433885: do_swap_page: prefetch miss 1697 "ndroid.systemui" 7fbbefe000 11750
 ndroid.systemui-1697  [006] ....  2427.433929: do_swap_page: prefetch miss 1697 "ndroid.systemui" 9e2c6000 11751
           <...>-1369  [007] ....  2427.434284: do_swap_page: prefetch miss 1338 "android.anim" 7ed0dee000 5792
           <...>-2049  [006] ...1  2427.436227: do_swap_page: prefetch miss 1697 "pool-2-thread-1" 7f28ce0000 15779
           <...>-1369  [007] ...1  2427.436296: do_swap_page: prefetch miss 1338 "android.anim" 7ed0dee000 5792
           <...>-1369  [007] ....  2427.436328: do_swap_page: prefetch miss 1338 "android.anim" 7ed0def000 5793
 ndroid.systemui-1697  [006] ...1  2427.436346: do_swap_page: prefetch miss 1697 "ndroid.systemui" 9e2c6000 11751
 ndroid.systemui-1697  [006] ....  2427.436398: do_swap_page: prefetch miss 1697 "ndroid.systemui" 9e26b000 11752
    Binder:909_5-5220  [006] ...1  2427.436405: do_swap_page: prefetch miss 909 "Binder:909_5" 185555d000 175e
    Binder:909_5-5220  [005] ....  2427.436541: do_swap_page: prefetch miss 909 "Binder:909_5" 1b55554000 573a
           <...>-1369  [007] ...1  2427.438604: do_swap_page: prefetch miss 1338 "android.anim" 7ed0def000 5793
 ndroid.systemui-1697  [006] ...1  2427.439037: do_swap_page: prefetch miss 1697 "ndroid.systemui" 9e26b000 11752
    Binder:909_5-5220  [005] ...1  2427.439360: do_swap_page: prefetch miss 909 "Binder:909_5" 1b55554000 573a
 ndroid.systemui-1697  [003] ....  2427.439377: do_swap_page: prefetch miss 1697 "ndroid.systemui" 9e2fe000 11753
    Binder:909_5-5220  [005] ....  2427.439397: do_swap_page: prefetch miss 909 "Binder:909_5" 1835555000 d790
           <...>-2049  [005] ....  2427.439600: do_swap_page: prefetch miss 1697 "pool-2-thread-1" 7fbe29c000 5794
 ndroid.systemui-1697  [003] ...1  2427.441452: do_swap_page: prefetch miss 1697 "ndroid.systemui" 9e2fe000 11753
           <...>-1369  [007] ....  2427.441536: do_swap_page: prefetch miss 1338 "android.anim" 9e37b000 5796
 ndroid.systemui-1697  [003] ....  2427.441684: do_swap_page: prefetch miss 1697 "ndroid.systemui" 9e06a000 11754
    Binder:909_5-5220  [003] ...1  2427.441702: do_swap_page: prefetch miss 909 "Binder:909_5" 1835555000 d790
         generic-15425 [003] ....  2427.442076: do_swap_page: prefetch miss 913 "generic" f351a000 5743
           <...>-2049  [003] ...1  2427.443042: do_swap_page: prefetch miss 1697 "pool-2-thread-1" 7fbe29c000 5794
           <...>-2049  [003] ....  2427.443137: do_swap_page: prefetch miss 1697 "pool-2-thread-1" 7fbe29d000 5795
 ndroid.systemui-1697  [000] ...1  2427.444153: do_swap_page: prefetch miss 1697 "ndroid.systemui" 9e06a000 11754
 ndroid.systemui-1697  [000] ....  2427.444320: do_swap_page: prefetch miss 1697 "ndroid.systemui" 9e23c000 11755
           <...>-1369  [004] ...1  2427.444338: do_swap_page: prefetch miss 1338 "android.anim" 9e37b000 5796
         generic-15425 [000] ...1  2427.444465: do_swap_page: prefetch miss 913 "generic" f351a000 5743
    Binder:909_5-5220  [000] ....  2427.444671: do_swap_page: prefetch miss 909 "Binder:909_5" 1b55557000 5733
           <...>-2049  [003] ...1  2427.445711: do_swap_page: prefetch miss 1697 "pool-2-thread-1" 7fbe29d000 5795
 ndroid.systemui-1697  [000] ...1  2427.446338: do_swap_page: prefetch miss 1697 "ndroid.systemui" 9e23c000 11755
 ndroid.systemui-1697  [000] ....  2427.446536: do_swap_page: prefetch miss 1697 "ndroid.systemui" 9e24a000 11756
    Binder:909_5-5220  [003] ...1  2427.447286: do_swap_page: prefetch miss 909 "Binder:909_5" 1b55557000 5733
    Binder:909_5-5220  [003] ....  2427.447450: do_swap_page: prefetch miss 909 "Binder:909_5" 1755580000 d7ab
 ndroid.systemui-1697  [000] ...1  2427.448587: do_swap_page: prefetch miss 1697 "ndroid.systemui" 9e24a000 11756
 ndroid.systemui-1697  [000] ....  2427.449033: do_swap_page: prefetch miss 1697 "ndroid.systemui" 9e30f000 11757
    Binder:909_5-5220  [003] ...1  2427.449228: do_swap_page: prefetch miss 909 "Binder:909_5" 1755580000 d7ab
    Binder:909_5-5220  [003] ....  2427.449819: do_swap_page: prefetch miss 909 "Binder:909_5" 1d5555d000 15741
 ndroid.systemui-1697  [000] ...1  2427.450953: do_swap_page: prefetch miss 1697 "ndroid.systemui" 9e30f000 11757
 ndroid.systemui-1697  [000] ....  2427.451082: do_swap_page: prefetch miss 1697 "ndroid.systemui" 9e30c000 11758
    Binder:909_5-5220  [003] ...1  2427.451756: do_swap_page: prefetch miss 909 "Binder:909_5" 1d5555d000 15741
    Binder:909_5-5220  [003] ....  2427.451977: do_swap_page: prefetch miss 909 "Binder:909_5" 7fbcbf2000 5746
           <...>-15381 [006] ....  2427.453450: update_to_nbd_flag: table 0 is latter, total target 1883 max idx e, l -> 6873 6708
 ndroid.systemui-1697  [000] ...1  2427.453538: do_swap_page: prefetch miss 1697 "ndroid.systemui" 9e30c000 11758
 ndroid.systemui-1697  [000] ....  2427.453644: do_swap_page: prefetch miss 1697 "ndroid.systemui" 9e195000 11759
    Binder:909_5-5220  [003] ...1  2427.453734: do_swap_page: prefetch miss 909 "Binder:909_5" 7fbcbf2000 5746
    Binder:909_5-5220  [003] ....  2427.453953: do_swap_page: prefetch miss 909 "Binder:909_5" 1a55558000 17b3
 ndroid.systemui-1697  [003] ...1  2427.456948: do_swap_page: prefetch miss 1697 "ndroid.systemui" 9e195000 11759
 ndroid.systemui-1697  [003] ....  2427.457208: do_swap_page: prefetch miss 1697 "ndroid.systemui" 13e3e000 1175a
    Binder:909_5-5220  [002] ...1  2427.457457: do_swap_page: prefetch miss 909 "Binder:909_5" 1a55558000 17b3
    Binder:909_5-5220  [002] ....  2427.457641: do_swap_page: prefetch miss 909 "Binder:909_5" 1855553000 178a
 ndroid.systemui-1697  [003] ...1  2427.459325: do_swap_page: prefetch miss 1697 "ndroid.systemui" 13e3e000 1175a
 ndroid.systemui-1697  [003] ....  2427.459568: do_swap_page: prefetch miss 1697 "ndroid.systemui" 9e291000 1175b
    Binder:909_5-5220  [001] ...1  2427.459572: do_swap_page: prefetch miss 909 "Binder:909_5" 1855553000 178a
    Binder:909_5-5220  [001] ....  2427.459735: do_swap_page: prefetch miss 909 "Binder:909_5" 2355561000 5749
 ndroid.systemui-1697  [003] ...1  2427.461601: do_swap_page: prefetch miss 1697 "ndroid.systemui" 9e291000 1175b
 ndroid.systemui-1697  [003] ....  2427.462077: do_swap_page: prefetch miss 1697 "ndroid.systemui" 9e2f8000 1175d
    Binder:909_5-5220  [003] ...1  2427.462096: do_swap_page: prefetch miss 909 "Binder:909_5" 2355561000 5749
    Binder:909_5-5220  [003] ....  2427.462303: do_swap_page: prefetch miss 909 "Binder:909_5" 185555b000 1784
 ndroid.systemui-1697  [003] ...1  2427.464135: do_swap_page: prefetch miss 1697 "ndroid.systemui" 9e2f8000 1175d
 ndroid.systemui-1697  [003] ....  2427.464266: do_swap_page: prefetch miss 1697 "ndroid.systemui" 7fbbef7000 1175e
    Binder:909_5-5220  [003] ...1  2427.464469: do_swap_page: prefetch miss 909 "Binder:909_5" 185555b000 1784
    Binder:909_5-5220  [003] ....  2427.464652: do_swap_page: prefetch miss 909 "Binder:909_5" 2535552000 11740
 ndroid.systemui-1697  [003] ...1  2427.466495: do_swap_page: prefetch miss 1697 "ndroid.systemui" 7fbbef7000 1175e
 ndroid.systemui-1697  [003] ....  2427.466822: do_swap_page: prefetch miss 1697 "ndroid.systemui" 9e2d3000 578d
    Binder:909_5-5220  [002] ...1  2427.467045: do_swap_page: prefetch miss 909 "Binder:909_5" 2535552000 11740
    Binder:909_5-5220  [002] ....  2427.467313: do_swap_page: prefetch miss 909 "Binder:909_5" 7fbc2b4000 d755
 ndroid.systemui-1697  [002] ...1  2427.470740: do_swap_page: prefetch miss 1697 "ndroid.systemui" 9e2d3000 578d
 ndroid.systemui-1697  [002] ....  2427.471048: do_swap_page: prefetch miss 1697 "ndroid.systemui" 9e29c000 578e
    Binder:909_5-5220  [002] ...1  2427.471108: do_swap_page: prefetch miss 909 "Binder:909_5" 7fbc2b4000 d755
    Binder:909_5-5220  [002] ....  2427.471263: do_swap_page: prefetch miss 909 "Binder:909_5" 1c55560000 175f
 ndroid.systemui-1697  [006] ...1  2427.473036: do_swap_page: prefetch miss 1697 "ndroid.systemui" 9e29c000 578e
 ndroid.systemui-1697  [006] ....  2427.473138: do_swap_page: prefetch miss 1697 "ndroid.systemui" 9e1d6000 578f
    Binder:909_5-5220  [000] ...1  2427.473205: do_swap_page: prefetch miss 909 "Binder:909_5" 1c55560000 175f
    Binder:909_5-5220  [000] ....  2427.473357: do_swap_page: prefetch miss 909 "Binder:909_5" 7f3bb3a000 1760
 ndroid.systemui-1697  [000] ...1  2427.476296: do_swap_page: prefetch miss 1697 "ndroid.systemui" 9e1d6000 578f
 ndroid.systemui-1697  [000] ....  2427.476341: do_swap_page: prefetch miss 1697 "ndroid.systemui" 9e28a000 5790
    Binder:909_5-5220  [003] ...1  2427.478040: do_swap_page: prefetch miss 909 "Binder:909_5" 7f3bb3a000 1760
    Binder:909_5-5220  [003] ....  2427.478172: do_swap_page: prefetch miss 909 "Binder:909_5" 1955553000 5737
 ndroid.systemui-1697  [003] ...1  2427.478430: do_swap_page: prefetch miss 1697 "ndroid.systemui" 9e28a000 5790
 ndroid.systemui-1697  [003] ....  2427.478572: do_swap_page: prefetch miss 1697 "ndroid.systemui" 9e289000 5791
    Binder:909_5-5220  [003] ...1  2427.480478: do_swap_page: prefetch miss 909 "Binder:909_5" 1955553000 5737
 ndroid.systemui-1697  [001] ...1  2427.480832: do_swap_page: prefetch miss 1697 "ndroid.systemui" 9e289000 5791
    Binder:909_5-5220  [003] ....  2427.480833: do_swap_page: prefetch miss 909 "Binder:909_5" 1c55555000 1762
    Binder:909_5-5220  [002] ...1  2427.483347: do_swap_page: prefetch miss 909 "Binder:909_5" 1c55555000 1762
    Binder:909_5-5220  [002] ....  2427.483566: do_swap_page: prefetch miss 909 "Binder:909_5" 1c5555f000 1763
    Binder:909_5-5220  [002] ...1  2427.485541: do_swap_page: prefetch miss 909 "Binder:909_5" 1c5555f000 1763
    Binder:909_5-5220  [002] ....  2427.485744: do_swap_page: prefetch miss 909 "Binder:909_5" 1c55559000 1764
    Binder:909_5-5220  [002] ...1  2427.487690: do_swap_page: prefetch miss 909 "Binder:909_5" 1c55559000 1764
    Binder:909_5-5220  [002] ....  2427.488481: do_swap_page: prefetch miss 909 "Binder:909_5" 195555b000 d797
    Binder:909_5-5220  [002] ...1  2427.493209: do_swap_page: prefetch miss 909 "Binder:909_5" 195555b000 d797
    Binder:909_5-5220  [002] ....  2427.493450: do_swap_page: prefetch miss 909 "Binder:909_5" 1a55555000 d75a
    Binder:909_5-5220  [002] ...1  2427.495431: do_swap_page: prefetch miss 909 "Binder:909_5" 1a55555000 d75a
    Binder:909_5-5220  [000] ....  2427.495660: do_swap_page: prefetch miss 909 "Binder:909_5" 175557d000 17ad
    Binder:909_5-5220  [000] ...1  2427.501534: do_swap_page: prefetch miss 909 "Binder:909_5" 175557d000 17ad
    Binder:909_5-5220  [000] ....  2427.501946: do_swap_page: prefetch miss 909 "Binder:909_5" 3455557000 15738
    Binder:909_5-5220  [003] ...1  2427.503846: do_swap_page: prefetch miss 909 "Binder:909_5" 3455557000 15738
    Binder:909_5-5220  [003] ....  2427.504052: do_swap_page: prefetch miss 909 "Binder:909_5" 3455558000 15739
    Binder:909_5-5220  [003] ...1  2427.506521: do_swap_page: prefetch miss 909 "Binder:909_5" 3455558000 15739
