    Binder:913_2-2064  [006] ...1  6333.957415: do_swap_page: prefetch miss 913 "Binder:913_2" f6678000 1557f7
    Binder:913_2-2064  [006] ....  6333.957423: do_swap_page: prefetch miss 913 "Binder:913_2" f7a4a000 1557f8
    Binder:913_2-2064  [005] ...1  6333.960306: do_swap_page: prefetch miss 913 "Binder:913_2" f7a4a000 1557f8
    Binder:913_2-2064  [005] ....  6333.960324: do_swap_page: prefetch miss 913 "Binder:913_2" f7a23000 161709
    Binder:913_2-2064  [005] ...1  6333.962442: do_swap_page: prefetch miss 913 "Binder:913_2" f7a23000 161709
    Binder:913_2-2064  [005] ....  6333.962474: do_swap_page: prefetch miss 913 "Binder:913_2" f7a06000 557e8
    Binder:913_2-2064  [005] ...1  6333.964270: do_swap_page: prefetch miss 913 "Binder:913_2" f7a06000 557e8
    Binder:913_2-2064  [005] ....  6333.964279: do_swap_page: prefetch miss 913 "Binder:913_2" f7a10000 557e4
    Binder:913_2-2064  [005] ...1  6333.966110: do_swap_page: prefetch miss 913 "Binder:913_2" f7a10000 557e4
    Binder:913_2-2064  [005] ....  6333.966121: do_swap_page: prefetch miss 913 "Binder:913_2" f7aef000 557f0
    Binder:913_2-2064  [005] ...1  6333.967772: do_swap_page: prefetch miss 913 "Binder:913_2" f7aef000 557f0
    Binder:913_2-2064  [005] ....  6333.967783: do_swap_page: prefetch miss 913 "Binder:913_2" f6f39000 1557fd
    Binder:913_2-2064  [005] ...1  6333.969727: do_swap_page: prefetch miss 913 "Binder:913_2" f6f39000 1557fd
    Binder:913_2-2064  [005] ....  6333.969741: do_swap_page: prefetch miss 913 "Binder:913_2" f7a05000 1557fe
    Binder:913_2-2064  [005] ...1  6333.971376: do_swap_page: prefetch miss 913 "Binder:913_2" f7a05000 1557fe
    Binder:913_2-2064  [005] ....  6333.971389: do_swap_page: prefetch miss 913 "Binder:913_2" f7a5c000 1557ff
    Binder:913_2-2064  [005] ...1  6333.973148: do_swap_page: prefetch miss 913 "Binder:913_2" f7a5c000 1557ff
    Binder:913_2-2064  [005] ....  6333.973162: do_swap_page: prefetch miss 913 "Binder:913_2" f327f000 557f1
    Binder:913_2-2064  [005] ...1  6333.975226: do_swap_page: prefetch miss 913 "Binder:913_2" f327f000 557f1
    Binder:913_2-2064  [005] ....  6333.975239: do_swap_page: prefetch miss 913 "Binder:913_2" f667b000 9771
    Binder:913_2-2064  [005] ...1  6333.976981: do_swap_page: prefetch miss 913 "Binder:913_2" f667b000 9771
    Binder:913_2-2064  [005] ....  6333.976988: do_swap_page: prefetch miss 913 "Binder:913_2" f7a09000 557f2
    Binder:913_2-2064  [005] ...1  6333.978707: do_swap_page: prefetch miss 913 "Binder:913_2" f7a09000 557f2
    Binder:913_2-2064  [005] ....  6333.978713: do_swap_page: prefetch miss 913 "Binder:913_2" f7a38000 557f3
    Binder:913_2-2064  [005] ...1  6333.980498: do_swap_page: prefetch miss 913 "Binder:913_2" f7a38000 557f3
    Binder:913_2-2064  [005] ....  6333.980543: do_swap_page: prefetch miss 913 "Binder:913_2" f3531000 557f8
    Binder:913_2-2064  [005] ...1  6333.982784: do_swap_page: prefetch miss 913 "Binder:913_2" f3531000 557f8
    Binder:913_2-2064  [005] ....  6333.982831: do_swap_page: prefetch miss 913 "Binder:913_2" f7121000 d721
    Binder:913_2-2064  [005] ...1  6333.984876: do_swap_page: prefetch miss 913 "Binder:913_2" f7121000 d721
    Binder:913_2-2064  [005] ....  6333.984903: do_swap_page: prefetch miss 913 "Binder:913_2" f7a14000 d722
    Binder:913_2-2064  [005] ...1  6333.986587: do_swap_page: prefetch miss 913 "Binder:913_2" f7a14000 d722
    Binder:913_2-2064  [005] ....  6333.986612: do_swap_page: prefetch miss 913 "Binder:913_2" f7b09000 557e2
    Binder:913_2-2064  [005] ...1  6333.989423: do_swap_page: prefetch miss 913 "Binder:913_2" f7b09000 557e2
    Binder:913_2-2064  [005] ....  6333.989464: do_swap_page: prefetch miss 913 "Binder:913_2" f7b00000 557e3
    Binder:913_2-2064  [005] ...1  6333.991300: do_swap_page: prefetch miss 913 "Binder:913_2" f7b00000 557e3
    Binder:913_2-2064  [005] ....  6333.991351: do_swap_page: prefetch miss 913 "Binder:913_2" f3546000 557e5
    Binder:913_2-2064  [005] ...1  6333.993258: do_swap_page: prefetch miss 913 "Binder:913_2" f3546000 557e5
    Binder:913_2-2064  [005] ....  6333.993288: do_swap_page: prefetch miss 913 "Binder:913_2" f35a0000 557e6
    Binder:913_2-2064  [005] ...1  6333.994952: do_swap_page: prefetch miss 913 "Binder:913_2" f35a0000 557e6
    Binder:913_2-2064  [005] ....  6333.994979: do_swap_page: prefetch miss 913 "Binder:913_2" f65ab000 d726
    Binder:913_2-2064  [005] ...1  6333.996987: do_swap_page: prefetch miss 913 "Binder:913_2" f65ab000 d726
    Binder:913_2-2064  [005] ....  6333.997020: do_swap_page: prefetch miss 913 "Binder:913_2" f351d000 1557f9
    Binder:913_2-2064  [005] ...1  6333.998704: do_swap_page: prefetch miss 913 "Binder:913_2" f351d000 1557f9
    Binder:913_2-2064  [005] ....  6333.998751: do_swap_page: prefetch miss 913 "Binder:913_2" f3551000 557e9
    Binder:913_2-2064  [005] ...1  6334.000522: do_swap_page: prefetch miss 913 "Binder:913_2" f3551000 557e9
    Binder:913_2-2064  [005] ....  6334.000567: do_swap_page: prefetch miss 913 "Binder:913_2" f7a0a000 161701
    Binder:913_2-2064  [005] ...1  6334.002238: do_swap_page: prefetch miss 913 "Binder:913_2" f7a0a000 161701
    Binder:913_2-2064  [005] ....  6334.002281: do_swap_page: prefetch miss 913 "Binder:913_2" f7b05000 d72b
    Binder:913_2-2064  [005] ...1  6334.004151: do_swap_page: prefetch miss 913 "Binder:913_2" f7b05000 d72b
    Binder:913_2-2064  [005] ....  6334.004177: do_swap_page: prefetch miss 913 "Binder:913_2" f7b08000 557ed
    Binder:913_2-2064  [005] ...1  6334.006480: do_swap_page: prefetch miss 913 "Binder:913_2" f7b08000 557ed
    Binder:913_2-2064  [005] ....  6334.006508: do_swap_page: prefetch miss 913 "Binder:913_2" f6680000 1733
    Binder:913_2-2064  [005] ...1  6334.008586: do_swap_page: prefetch miss 913 "Binder:913_2" f6680000 1733
    Binder:913_2-2064  [005] ....  6334.008610: do_swap_page: prefetch miss 913 "Binder:913_2" f7b03000 161707
    Binder:913_2-2064  [005] ...1  6334.010437: do_swap_page: prefetch miss 913 "Binder:913_2" f7b03000 161707
    Binder:913_2-2064  [005] ....  6334.010525: do_swap_page: prefetch miss 913 "Binder:913_2" f3500000 557e7
    Binder:913_2-2064  [005] ...1  6334.012276: do_swap_page: prefetch miss 913 "Binder:913_2" f3500000 557e7
    Binder:913_2-2064  [005] ....  6334.012322: do_swap_page: prefetch miss 913 "Binder:913_2" f3529000 557ea
    Binder:913_2-2064  [005] ...1  6334.014081: do_swap_page: prefetch miss 913 "Binder:913_2" f3529000 557ea
    Binder:913_2-2064  [005] ....  6334.014114: do_swap_page: prefetch miss 913 "Binder:913_2" f354b000 557eb
    Binder:913_2-2064  [005] ...1  6334.017827: do_swap_page: prefetch miss 913 "Binder:913_2" f354b000 557eb
    Binder:913_2-2064  [005] ....  6334.018061: do_swap_page: prefetch miss 913 "Binder:913_2" f3542000 15d788
    Binder:913_2-2064  [005] ...1  6334.019903: do_swap_page: prefetch miss 913 "Binder:913_2" f3542000 15d788
    Binder:913_2-2064  [005] ....  6334.019947: do_swap_page: prefetch miss 913 "Binder:913_2" f7a24000 d72d
    Binder:913_2-2064  [005] ...1  6334.021578: do_swap_page: prefetch miss 913 "Binder:913_2" f7a24000 d72d
    Binder:913_2-2064  [005] ....  6334.021629: do_swap_page: prefetch miss 913 "Binder:913_2" f58f7000 557f5
    Binder:913_2-2064  [005] ...1  6334.023348: do_swap_page: prefetch miss 913 "Binder:913_2" f58f7000 557f5
    Binder:913_2-2064  [005] ....  6334.023377: do_swap_page: prefetch miss 913 "Binder:913_2" f7a12000 557f6
    Binder:913_2-2064  [005] ...1  6334.025035: do_swap_page: prefetch miss 913 "Binder:913_2" f7a12000 557f6
    Binder:913_2-2064  [005] ....  6334.025089: do_swap_page: prefetch miss 913 "Binder:913_2" f356b000 15d779
    Binder:913_2-2064  [005] ...1  6334.026841: do_swap_page: prefetch miss 913 "Binder:913_2" f356b000 15d779
    Binder:913_2-2064  [005] ....  6334.026874: do_swap_page: prefetch miss 913 "Binder:913_2" f6fa3000 1597f3
    Binder:913_2-2064  [005] ...1  6334.028750: do_swap_page: prefetch miss 913 "Binder:913_2" f6fa3000 1597f3
    Binder:913_2-2064  [005] ....  6334.028800: do_swap_page: prefetch miss 913 "Binder:913_2" f27d6000 1597f4
    Binder:913_2-2064  [005] ...1  6334.030639: do_swap_page: prefetch miss 913 "Binder:913_2" f27d6000 1597f4
    Binder:913_2-2064  [005] ....  6334.030683: do_swap_page: prefetch miss 913 "Binder:913_2" f2ae4000 1597f5
    Binder:913_2-2064  [005] ...1  6334.032548: do_swap_page: prefetch miss 913 "Binder:913_2" f2ae4000 1597f5
    Binder:913_2-2064  [005] ....  6334.032611: do_swap_page: prefetch miss 913 "Binder:913_2" f3533000 15d778
    Binder:913_2-2064  [005] ...1  6334.034466: do_swap_page: prefetch miss 913 "Binder:913_2" f3533000 15d778
    Binder:913_2-2064  [005] ....  6334.034493: do_swap_page: prefetch miss 913 "Binder:913_2" f7b0e000 161703
    Binder:913_2-2064  [005] ...1  6334.036967: do_swap_page: prefetch miss 913 "Binder:913_2" f7b0e000 161703
    Binder:913_2-2064  [005] ....  6334.036996: do_swap_page: prefetch miss 913 "Binder:913_2" f7b15000 1597f6
    Binder:913_2-2064  [005] ...1  6334.038862: do_swap_page: prefetch miss 913 "Binder:913_2" f7b15000 1597f6
    Binder:913_2-2064  [005] ....  6334.038891: do_swap_page: prefetch miss 913 "Binder:913_2" f3530000 557e1
    Binder:913_2-2064  [005] ...1  6334.040904: do_swap_page: prefetch miss 913 "Binder:913_2" f3530000 557e1
    Binder:913_2-2064  [005] ....  6334.040947: do_swap_page: prefetch miss 913 "Binder:913_2" f3603000 1597f7
    Binder:913_2-2064  [005] ...1  6334.042806: do_swap_page: prefetch miss 913 "Binder:913_2" f3603000 1597f7
    Binder:913_2-2064  [005] ....  6334.042849: do_swap_page: prefetch miss 913 "Binder:913_2" f3601000 1597f8
    Binder:913_2-2064  [005] ...1  6334.045185: do_swap_page: prefetch miss 913 "Binder:913_2" f3601000 1597f8
    Binder:913_2-2064  [005] ....  6334.045213: do_swap_page: prefetch miss 913 "Binder:913_2" f3600000 557f7
    Binder:913_2-2064  [005] ...1  6334.047256: do_swap_page: prefetch miss 913 "Binder:913_2" f3600000 557f7
    Binder:913_2-2064  [005] ....  6334.047297: do_swap_page: prefetch miss 913 "Binder:913_2" f3538000 161704
    Binder:913_2-2064  [005] ...1  6334.049205: do_swap_page: prefetch miss 913 "Binder:913_2" f3538000 161704
    Binder:913_2-2064  [005] ....  6334.049237: do_swap_page: prefetch miss 913 "Binder:913_2" f3505000 1557fb
    Binder:913_2-2064  [005] ...1  6334.050854: do_swap_page: prefetch miss 913 "Binder:913_2" f3505000 1557fb
    Binder:913_2-2064  [005] ....  6334.050974: do_swap_page: prefetch miss 913 "Binder:913_2" f207a000 161705
    Binder:913_2-2064  [005] ...1  6334.052970: do_swap_page: prefetch miss 913 "Binder:913_2" f207a000 161705
    Binder:913_2-2064  [005] ....  6334.053020: do_swap_page: prefetch miss 913 "Binder:913_2" f3553000 161706
           <...>-29632 [001] ....  6334.053169: do_swap_page: prefetch miss 913 "Binder:913_2" f7b07000 15d77a
    Binder:913_2-2064  [005] ...1  6334.054717: do_swap_page: prefetch miss 913 "Binder:913_2" f3553000 161706
           <...>-29632 [001] ...1  6334.054755: do_swap_page: prefetch miss 913 "Binder:913_2" f7b07000 15d77a
    Binder:913_2-2064  [005] ....  6334.054755: do_swap_page: prefetch miss 913 "Binder:913_2" f6679000 5717
           <...>-29632 [001] ....  6334.054847: do_swap_page: prefetch miss 913 "Binder:913_2" f667d000 d731
    Binder:913_2-2064  [005] ...1  6334.056816: do_swap_page: prefetch miss 913 "Binder:913_2" f6679000 5717
           <...>-29632 [001] ...1  6334.056846: do_swap_page: prefetch miss 913 "Binder:913_2" f667d000 d731
    Binder:913_2-2064  [005] ....  6334.056855: do_swap_page: prefetch miss 913 "Binder:913_2" f7f29000 5718
           <...>-29632 [001] ....  6334.056938: do_swap_page: prefetch miss 913 "Binder:913_2" f7a0b000 15d77c
    Binder:913_2-2064  [005] ...1  6334.058796: do_swap_page: prefetch miss 913 "Binder:913_2" f7f29000 5718
    Binder:913_2-2064  [005] ....  6334.058829: do_swap_page: prefetch miss 913 "Binder:913_2" f72df000 15d77b
           <...>-29632 [001] ...1  6334.058831: do_swap_page: prefetch miss 913 "Binder:913_2" f7a0b000 15d77c
           <...>-29632 [001] ....  6334.058913: do_swap_page: prefetch miss 913 "Binder:913_2" f7a0c000 161708
    Binder:913_2-2064  [005] ...1  6334.061731: do_swap_page: prefetch miss 913 "Binder:913_2" f72df000 15d77b
           <...>-29632 [001] ...1  6334.061759: do_swap_page: prefetch miss 913 "Binder:913_2" f7a0c000 161708
    Binder:913_2-2064  [005] ....  6334.061777: do_swap_page: prefetch miss 913 "Binder:913_2" f3502000 1557fa
           <...>-29632 [001] ....  6334.061842: do_swap_page: prefetch miss 913 "Binder:913_2" f3608000 1597f9
    Binder:913_2-2064  [005] ...1  6334.063802: do_swap_page: prefetch miss 913 "Binder:913_2" f3502000 1557fa
           <...>-29632 [001] ...1  6334.063840: do_swap_page: prefetch miss 913 "Binder:913_2" f3608000 1597f9
           <...>-29632 [001] ....  6334.063939: do_swap_page: prefetch miss 913 "Binder:913_2" f7b0c000 1597fa
    Binder:913_2-2064  [005] ....  6334.064560: do_swap_page: prefetch miss 913 "Binder:913_2" f7a30000 1597fb
           <...>-29632 [001] ...1  6334.066085: do_swap_page: prefetch miss 913 "Binder:913_2" f7b0c000 1597fa
    Binder:913_2-2064  [005] ...1  6334.066098: do_swap_page: prefetch miss 913 "Binder:913_2" f7a30000 1597fb
 NuPlayerDriver -29633 [006] ....  6334.066108: do_swap_page: prefetch miss 913 "Binder:913_2" f2ac7000 1597fc
           <...>-29632 [001] ....  6334.066174: do_swap_page: prefetch miss 913 "Binder:913_2" f2ac7000 1597fc
    Binder:913_2-2064  [000] ....  6334.066476: do_swap_page: prefetch miss 913 "Binder:913_2" f3540000 557f4
 NuPlayerDriver -29633 [005] ...1  6334.068167: do_swap_page: prefetch miss 913 "Binder:913_2" f2ac7000 1597fc
    Binder:913_2-2064  [000] ...1  6334.068196: do_swap_page: prefetch miss 913 "Binder:913_2" f3540000 557f4
 NuPlayerDriver -29633 [005] ....  6334.068198: do_swap_page: prefetch miss 913 "Binder:913_2" f2ac8000 1597fe
    Binder:913_2-2064  [000] ....  6334.068226: do_swap_page: prefetch miss 913 "Binder:913_2" f7068000 1597fd
           <...>-29632 [000] ....  6334.068250: do_swap_page: prefetch miss 913 "Binder:913_2" f3604000 165700
 NuPlayerDriver -29633 [005] ...1  6334.070347: do_swap_page: prefetch miss 913 "Binder:913_2" f2ac8000 1597fe
    Binder:913_2-2064  [000] ...1  6334.070383: do_swap_page: prefetch miss 913 "Binder:913_2" f7068000 1597fd
           <...>-29632 [001] ...1  6334.070383: do_swap_page: prefetch miss 913 "Binder:913_2" f3604000 165700
    Binder:913_2-2064  [000] ....  6334.070415: do_swap_page: prefetch miss 913 "Binder:913_2" f6722000 1597ff
           <...>-29632 [000] ....  6334.070435: do_swap_page: prefetch miss 913 "Binder:913_2" f3605000 165702
           <...>-29632 [001] ...1  6334.072311: do_swap_page: prefetch miss 913 "Binder:913_2" f3605000 165702
    Binder:913_2-2064  [000] ...1  6334.072325: do_swap_page: prefetch miss 913 "Binder:913_2" f6722000 1597ff
    Binder:913_2-2064  [000] ....  6334.072352: do_swap_page: prefetch miss 913 "Binder:913_2" f352d000 165703
 NuPlayerDriver -29633 [005] ....  6334.072356: do_swap_page: prefetch miss 913 "Binder:913_2" f6c3b000 977d
           <...>-29632 [000] ....  6334.072372: do_swap_page: prefetch miss 913 "Binder:913_2" f3510000 165704
           <...>-29632 [001] ...1  6334.074419: do_swap_page: prefetch miss 913 "Binder:913_2" f3510000 165704
 NuPlayerDriver -29633 [005] ...1  6334.074430: do_swap_page: prefetch miss 913 "Binder:913_2" f6c3b000 977d
    Binder:913_2-2064  [000] ...1  6334.074436: do_swap_page: prefetch miss 913 "Binder:913_2" f352d000 165703
 NuPlayerDriver -29633 [005] ....  6334.074472: do_swap_page: prefetch miss 913 "Binder:913_2" f3501000 165705
    Binder:913_2-2064  [000] ....  6334.074555: do_swap_page: prefetch miss 913 "Binder:913_2" f352e000 165707
 NuPlayerDriver -29633 [005] ...1  6334.076371: do_swap_page: prefetch miss 913 "Binder:913_2" f3501000 165705
 NuPlayerDriver -29633 [006] ....  6334.076393: do_swap_page: prefetch miss 913 "Binder:913_2" f352f000 4d707
    Binder:913_2-2064  [000] ...1  6334.076398: do_swap_page: prefetch miss 913 "Binder:913_2" f352e000 165707
    Binder:913_2-2064  [000] ....  6334.076484: do_swap_page: prefetch miss 913 "Binder:913_2" f7a52000 165709
           <...>-29632 [005] ...1  6334.078532: do_swap_page: prefetch miss 913 "Binder:913_2" f352f000 4d707
    Binder:913_2-2064  [000] ...1  6334.078562: do_swap_page: prefetch miss 913 "Binder:913_2" f7a52000 165709
           <...>-29632 [005] ....  6334.078680: do_swap_page: prefetch miss 913 "Binder:913_2" f3516000 165708
           <...>-562   [003] ....  6334.079042: do_swap_page: prefetch miss 562 "hwservicemanage" 7fbd7ac000 9745
           <...>-29632 [006] ...1  6334.080334: do_swap_page: prefetch miss 913 "Binder:913_2" f3516000 165708
           <...>-562   [003] ...1  6334.080370: do_swap_page: prefetch miss 562 "hwservicemanage" 7fbd7ac000 9745
           <...>-562   [003] ....  6334.080492: do_swap_page: prefetch miss 562 "hwservicemanage" 7fbe0bb000 9747
           <...>-562   [003] ...1  6334.082557: do_swap_page: prefetch miss 562 "hwservicemanage" 7fbe0bb000 9747
           <...>-562   [003] ....  6334.082698: do_swap_page: prefetch miss 562 "hwservicemanage" 7fbd20d000 5705
           <...>-562   [003] ...1  6334.084352: do_swap_page: prefetch miss 562 "hwservicemanage" 7fbd20d000 5705
           <...>-562   [003] ....  6334.084430: do_swap_page: prefetch miss 562 "hwservicemanage" 7fbd20e000 5706
           <...>-562   [003] ...1  6334.086202: do_swap_page: prefetch miss 562 "hwservicemanage" 7fbd20e000 5706
           <...>-562   [003] ....  6334.086283: do_swap_page: prefetch miss 562 "hwservicemanage" 7fbd211000 5707
           <...>-562   [003] ...1  6334.087998: do_swap_page: prefetch miss 562 "hwservicemanage" 7fbd211000 5707
           <...>-562   [003] ....  6334.088138: do_swap_page: prefetch miss 562 "hwservicemanage" 7fbd406000 570a
           <...>-562   [003] ...1  6334.089724: do_swap_page: prefetch miss 562 "hwservicemanage" 7fbd406000 570a
           <...>-562   [003] ....  6334.089828: do_swap_page: prefetch miss 562 "hwservicemanage" 7fbde79000 570c
           <...>-562   [003] ...1  6334.091933: do_swap_page: prefetch miss 562 "hwservicemanage" 7fbde79000 570c
           <...>-562   [003] ....  6334.092179: do_swap_page: prefetch miss 562 "hwservicemanage" 7fbd20f000 1716
           <...>-562   [003] ...1  6334.094073: do_swap_page: prefetch miss 562 "hwservicemanage" 7fbd20f000 1716
           <...>-562   [003] ....  6334.094168: do_swap_page: prefetch miss 562 "hwservicemanage" 7fbdb2b000 974b
           <...>-562   [003] ...1  6334.096422: do_swap_page: prefetch miss 562 "hwservicemanage" 7fbdb2b000 974b
           <...>-562   [003] ....  6334.096596: do_swap_page: prefetch miss 562 "hwservicemanage" 7fbd249000 974e
           <...>-562   [003] ...1  6334.098575: do_swap_page: prefetch miss 562 "hwservicemanage" 7fbd249000 974e
           <...>-562   [003] ....  6334.098657: do_swap_page: prefetch miss 562 "hwservicemanage" 7fbd207000 974f
           <...>-562   [003] ...1  6334.100375: do_swap_page: prefetch miss 562 "hwservicemanage" 7fbd207000 974f
           <...>-562   [003] ....  6334.100489: do_swap_page: prefetch miss 562 "hwservicemanage" 7fbd24c000 1557f3
           <...>-562   [003] ...1  6334.102382: do_swap_page: prefetch miss 562 "hwservicemanage" 7fbd24c000 1557f3
           <...>-562   [003] ....  6334.102463: do_swap_page: prefetch miss 562 "hwservicemanage" 7fbdb66000 9752
           <...>-562   [003] ...1  6334.104162: do_swap_page: prefetch miss 562 "hwservicemanage" 7fbdb66000 9752
           <...>-562   [003] ....  6334.104243: do_swap_page: prefetch miss 562 "hwservicemanage" 7fbd258000 9753
           <...>-562   [003] ...1  6334.106209: do_swap_page: prefetch miss 562 "hwservicemanage" 7fbd258000 9753
           <...>-562   [003] ....  6334.106476: do_swap_page: prefetch miss 562 "hwservicemanage" 7fbd287000 9759
           <...>-562   [003] ...1  6334.108803: do_swap_page: prefetch miss 562 "hwservicemanage" 7fbd287000 9759
           <...>-562   [003] ....  6334.108914: do_swap_page: prefetch miss 562 "hwservicemanage" 7fbd23b000 570e
           <...>-562   [003] ...1  6334.111498: do_swap_page: prefetch miss 562 "hwservicemanage" 7fbd23b000 570e
           <...>-562   [003] ....  6334.111577: do_swap_page: prefetch miss 562 "hwservicemanage" 7fbd23d000 d705
           <...>-562   [003] ...1  6334.113181: do_swap_page: prefetch miss 562 "hwservicemanage" 7fbd23d000 d705
           <...>-562   [003] ....  6334.113260: do_swap_page: prefetch miss 562 "hwservicemanage" 7fbd23c000 d706
           <...>-562   [003] ...1  6334.114850: do_swap_page: prefetch miss 562 "hwservicemanage" 7fbd23c000 d706
           <...>-562   [003] ....  6334.114925: do_swap_page: prefetch miss 562 "hwservicemanage" 7fbd23f000 d707
           <...>-562   [003] ...1  6334.116671: do_swap_page: prefetch miss 562 "hwservicemanage" 7fbd23f000 d707
           <...>-562   [003] ....  6334.116758: do_swap_page: prefetch miss 562 "hwservicemanage" 7fbd23e000 d708
           <...>-562   [003] ...1  6334.120391: do_swap_page: prefetch miss 562 "hwservicemanage" 7fbd23e000 d708
    Binder:913_2-2064  [003] ....  6334.120655: do_swap_page: prefetch miss 913 "Binder:913_2" fffef000 5722
    Binder:913_2-2064  [001] ...1  6334.122362: do_swap_page: prefetch miss 913 "Binder:913_2" fffef000 5722
           <...>-562   [003] ....  6334.122620: do_swap_page: prefetch miss 562 "hwservicemanage" 7fbd402000 d70b
           <...>-562   [003] ...1  6334.124458: do_swap_page: prefetch miss 562 "hwservicemanage" 7fbd402000 d70b
           <...>-562   [003] ....  6334.124589: do_swap_page: prefetch miss 562 "hwservicemanage" 7fbd285000 d70c
           <...>-562   [003] ...1  6334.126256: do_swap_page: prefetch miss 562 "hwservicemanage" 7fbd285000 d70c
           <...>-562   [003] ....  6334.126337: do_swap_page: prefetch miss 562 "hwservicemanage" 7fbd286000 d70d
           <...>-562   [003] ...1  6334.128232: do_swap_page: prefetch miss 562 "hwservicemanage" 7fbd286000 d70d
           <...>-562   [003] ....  6334.128309: do_swap_page: prefetch miss 562 "hwservicemanage" 7fbd246000 d70e
           <...>-562   [003] ...1  6334.130202: do_swap_page: prefetch miss 562 "hwservicemanage" 7fbd246000 d70e
           <...>-562   [003] ....  6334.130282: do_swap_page: prefetch miss 562 "hwservicemanage" 7fbd268000 d70f
           <...>-562   [003] ...1  6334.131956: do_swap_page: prefetch miss 562 "hwservicemanage" 7fbd268000 d70f
           <...>-562   [003] ....  6334.132037: do_swap_page: prefetch miss 562 "hwservicemanage" 7fbd272000 d710
           <...>-562   [003] ...1  6334.133695: do_swap_page: prefetch miss 562 "hwservicemanage" 7fbd272000 d710
           <...>-562   [003] ....  6334.133819: do_swap_page: prefetch miss 562 "hwservicemanage" 7fbd27c000 d711
           <...>-562   [003] ...1  6334.135680: do_swap_page: prefetch miss 562 "hwservicemanage" 7fbd27c000 d711
    Binder:913_2-2064  [003] ....  6334.135864: do_swap_page: prefetch miss 913 "Binder:913_2" f2af5000 16972e
    Binder:913_2-2064  [001] ...1  6334.137673: do_swap_page: prefetch miss 913 "Binder:913_2" f2af5000 16972e
           <...>-918   [001] ....  6334.137834: do_swap_page: prefetch miss 918 "omx@1.0-service" f7c0d000 16570a
           <...>-918   [001] ...1  6334.139556: do_swap_page: prefetch miss 918 "omx@1.0-service" f7c0d000 16570a
           <...>-918   [001] ....  6334.139590: do_swap_page: prefetch miss 918 "omx@1.0-service" fffef000 16570b
           <...>-918   [001] ...1  6334.141907: do_swap_page: prefetch miss 918 "omx@1.0-service" fffef000 16570b
           <...>-918   [001] ....  6334.141937: do_swap_page: prefetch miss 918 "omx@1.0-service" f6256000 d733
           <...>-918   [001] ...1  6334.143703: do_swap_page: prefetch miss 918 "omx@1.0-service" f6256000 d733
           <...>-918   [001] ....  6334.143724: do_swap_page: prefetch miss 918 "omx@1.0-service" f7bd1000 16570c
           <...>-918   [001] ...1  6334.145844: do_swap_page: prefetch miss 918 "omx@1.0-service" f7bd1000 16570c
           <...>-918   [001] ....  6334.145864: do_swap_page: prefetch miss 918 "omx@1.0-service" f7bc9000 16570d
           <...>-918   [001] ...1  6334.147670: do_swap_page: prefetch miss 918 "omx@1.0-service" f7bc9000 16570d
           <...>-918   [001] ....  6334.147714: do_swap_page: prefetch miss 918 "omx@1.0-service" f7dde000 1738
           <...>-918   [001] ...1  6334.149873: do_swap_page: prefetch miss 918 "omx@1.0-service" f7dde000 1738
           <...>-918   [001] ....  6334.149950: do_swap_page: prefetch miss 918 "omx@1.0-service" f7fef000 1739
           <...>-918   [001] ...1  6334.151866: do_swap_page: prefetch miss 918 "omx@1.0-service" f7fef000 1739
           <...>-918   [001] ....  6334.151948: do_swap_page: prefetch miss 918 "omx@1.0-service" f7ba6000 16170a
           <...>-918   [001] ...1  6334.153680: do_swap_page: prefetch miss 918 "omx@1.0-service" f7ba6000 16170a
           <...>-918   [001] ....  6334.153755: do_swap_page: prefetch miss 918 "omx@1.0-service" f7baf000 16170b
           <...>-918   [001] ...1  6334.155502: do_swap_page: prefetch miss 918 "omx@1.0-service" f7baf000 16170b
           <...>-918   [001] ....  6334.155578: do_swap_page: prefetch miss 918 "omx@1.0-service" f7bfe000 16170c
           <...>-918   [001] ...1  6334.157472: do_swap_page: prefetch miss 918 "omx@1.0-service" f7bfe000 16170c
           <...>-918   [001] ....  6334.157554: do_swap_page: prefetch miss 918 "omx@1.0-service" f7079000 16170d
           <...>-918   [001] ...1  6334.159562: do_swap_page: prefetch miss 918 "omx@1.0-service" f7079000 16170d
           <...>-918   [001] ....  6334.159642: do_swap_page: prefetch miss 918 "omx@1.0-service" f7ba4000 16170e
           <...>-918   [001] ...1  6334.161336: do_swap_page: prefetch miss 918 "omx@1.0-service" f7ba4000 16170e
           <...>-918   [001] ....  6334.161412: do_swap_page: prefetch miss 918 "omx@1.0-service" f7bb9000 16170f
           <...>-918   [001] ...1  6334.164849: do_swap_page: prefetch miss 918 "omx@1.0-service" f7bb9000 16170f
           <...>-918   [001] ....  6334.164936: do_swap_page: prefetch miss 918 "omx@1.0-service" f719b000 1740
           <...>-918   [001] ...1  6334.167547: do_swap_page: prefetch miss 918 "omx@1.0-service" f719b000 1740
           <...>-918   [001] ....  6334.167625: do_swap_page: prefetch miss 918 "omx@1.0-service" f6259000 1741
           <...>-918   [001] ...1  6334.170155: do_swap_page: prefetch miss 918 "omx@1.0-service" f6259000 1741
           <...>-918   [001] ....  6334.170232: do_swap_page: prefetch miss 918 "omx@1.0-service" f7ba8000 15d77d
           <...>-918   [001] ...1  6334.171878: do_swap_page: prefetch miss 918 "omx@1.0-service" f7ba8000 15d77d
           <...>-918   [001] ....  6334.171950: do_swap_page: prefetch miss 918 "omx@1.0-service" f7b9f000 15d77e
           <...>-918   [001] ...1  6334.174174: do_swap_page: prefetch miss 918 "omx@1.0-service" f7b9f000 15d77e
           <...>-918   [001] ....  6334.174249: do_swap_page: prefetch miss 918 "omx@1.0-service" f7bc1000 15d77f
           <...>-918   [001] ...1  6334.175914: do_swap_page: prefetch miss 918 "omx@1.0-service" f7bc1000 15d77f
           <...>-918   [001] ....  6334.175994: do_swap_page: prefetch miss 918 "omx@1.0-service" f7bb3000 15d780
           <...>-918   [001] ...1  6334.177947: do_swap_page: prefetch miss 918 "omx@1.0-service" f7bb3000 15d780
           <...>-918   [001] ....  6334.178023: do_swap_page: prefetch miss 918 "omx@1.0-service" f7c38000 15d781
           <...>-918   [001] ...1  6334.179804: do_swap_page: prefetch miss 918 "omx@1.0-service" f7c38000 15d781
           <...>-918   [001] ....  6334.179893: do_swap_page: prefetch miss 918 "omx@1.0-service" f7c3b000 557f9
           <...>-918   [001] ...1  6334.181842: do_swap_page: prefetch miss 918 "omx@1.0-service" f7c3b000 557f9
           <...>-918   [001] ....  6334.181917: do_swap_page: prefetch miss 918 "omx@1.0-service" f7c3d000 557fa
           <...>-918   [001] ...1  6334.183758: do_swap_page: prefetch miss 918 "omx@1.0-service" f7c3d000 557fa
           <...>-918   [001] ....  6334.183854: do_swap_page: prefetch miss 918 "omx@1.0-service" f6006000 457bc
           <...>-918   [001] ...1  6334.188633: do_swap_page: prefetch miss 918 "omx@1.0-service" f6006000 457bc
           <...>-918   [001] ....  6334.188717: do_swap_page: prefetch miss 918 "omx@1.0-service" f6000000 457bd
           <...>-918   [001] ...1  6334.190332: do_swap_page: prefetch miss 918 "omx@1.0-service" f6000000 457bd
           <...>-918   [001] ....  6334.190417: do_swap_page: prefetch miss 918 "omx@1.0-service" f7ba5000 557fb
           <...>-918   [001] ...1  6334.192169: do_swap_page: prefetch miss 918 "omx@1.0-service" f7ba5000 557fb
           <...>-918   [001] ....  6334.192250: do_swap_page: prefetch miss 918 "omx@1.0-service" f7bc3000 557fc
           <...>-918   [001] ...1  6334.194295: do_swap_page: prefetch miss 918 "omx@1.0-service" f7bc3000 557fc
           <...>-918   [001] ....  6334.194404: do_swap_page: prefetch miss 918 "omx@1.0-service" f6007000 d73a
    Binder:913_2-2064  [001] ....  6334.194579: do_swap_page: prefetch miss 913 "Binder:913_2" f73ec000 557fd
           <...>-918   [001] ...1  6334.196430: do_swap_page: prefetch miss 918 "omx@1.0-service" f6007000 d73a
    Binder:913_2-2064  [001] ...1  6334.196463: do_swap_page: prefetch miss 913 "Binder:913_2" f73ec000 557fd
    Binder:913_2-2064  [001] ....  6334.196549: do_swap_page: prefetch miss 913 "Binder:913_2" f4f79000 557fe
    Binder:913_2-2064  [006] ...1  6334.198522: do_swap_page: prefetch miss 913 "Binder:913_2" f4f79000 557fe
    Binder:913_2-2064  [006] ....  6334.198587: do_swap_page: prefetch miss 913 "Binder:913_2" f75a1000 9788
    Binder:913_2-2064  [006] ...1  6334.200368: do_swap_page: prefetch miss 913 "Binder:913_2" f75a1000 9788
           <...>-562   [002] ....  6334.200668: do_swap_page: prefetch miss 562 "hwservicemanage" 7fbd245000 1597f0
           <...>-562   [000] ...1  6334.202313: do_swap_page: prefetch miss 562 "hwservicemanage" 7fbd245000 1597f0
           <...>-562   [000] ....  6334.202403: do_swap_page: prefetch miss 562 "hwservicemanage" 7fbd238000 1597f1
           <...>-562   [000] ...1  6334.204649: do_swap_page: prefetch miss 562 "hwservicemanage" 7fbd238000 1597f1
  HwBinder:923_9-24185 [002] ....  6334.205381: do_swap_page: prefetch miss 923 "HwBinder:923_9" 2755553000 557ff
  HwBinder:923_9-24185 [002] ...1  6334.207050: do_swap_page: prefetch miss 923 "HwBinder:923_9" 2755553000 557ff
  HwBinder:923_9-24185 [002] ....  6334.207291: do_swap_page: prefetch miss 923 "HwBinder:923_9" 7fbcc7d000 169701
  HwBinder:923_9-24185 [006] ...1  6334.209053: do_swap_page: prefetch miss 923 "HwBinder:923_9" 7fbcc7d000 169701
  HwBinder:923_9-24185 [006] ....  6334.209110: do_swap_page: prefetch miss 923 "HwBinder:923_9" 195555c000 169702
  HwBinder:923_9-24185 [006] ...1  6334.211395: do_swap_page: prefetch miss 923 "HwBinder:923_9" 195555c000 169702
  HwBinder:923_9-24185 [006] ....  6334.211440: do_swap_page: prefetch miss 923 "HwBinder:923_9" 1855561000 169703
  HwBinder:923_9-24185 [006] ...1  6334.213627: do_swap_page: prefetch miss 923 "HwBinder:923_9" 1855561000 169703
  HwBinder:923_9-24185 [006] ....  6334.213673: do_swap_page: prefetch miss 923 "HwBinder:923_9" 185555b000 16570e
  HwBinder:923_9-24185 [006] ...1  6334.215379: do_swap_page: prefetch miss 923 "HwBinder:923_9" 185555b000 16570e
  HwBinder:923_9-24185 [006] ....  6334.215409: do_swap_page: prefetch miss 923 "HwBinder:923_9" 205555e000 16570f
  HwBinder:923_9-24185 [006] ...1  6334.217066: do_swap_page: prefetch miss 923 "HwBinder:923_9" 205555e000 16570f
  HwBinder:923_9-24185 [006] ....  6334.217100: do_swap_page: prefetch miss 923 "HwBinder:923_9" 7fbc7e6000 165710
  HwBinder:923_9-24185 [006] ...1  6334.218752: do_swap_page: prefetch miss 923 "HwBinder:923_9" 7fbc7e6000 165710
  HwBinder:923_9-24185 [006] ....  6334.218789: do_swap_page: prefetch miss 923 "HwBinder:923_9" 2655559000 165711
  HwBinder:923_9-24185 [006] ...1  6334.222078: do_swap_page: prefetch miss 923 "HwBinder:923_9" 2655559000 165711
  HwBinder:923_9-24185 [006] ....  6334.222142: do_swap_page: prefetch miss 923 "HwBinder:923_9" 1855560000 165712
  HwBinder:923_9-24185 [006] ...1  6334.224128: do_swap_page: prefetch miss 923 "HwBinder:923_9" 1855560000 165712
  HwBinder:923_9-24185 [006] ....  6334.224178: do_swap_page: prefetch miss 923 "HwBinder:923_9" 7fbd01e000 165713
  HwBinder:923_9-24185 [006] ...1  6334.226150: do_swap_page: prefetch miss 923 "HwBinder:923_9" 7fbd01e000 165713
  HwBinder:923_9-24185 [006] ....  6334.226195: do_swap_page: prefetch miss 923 "HwBinder:923_9" 7fbe361000 165714
  HwBinder:923_9-24185 [006] ...1  6334.228046: do_swap_page: prefetch miss 923 "HwBinder:923_9" 7fbe361000 165714
  HwBinder:923_9-24185 [006] ....  6334.228095: do_swap_page: prefetch miss 923 "HwBinder:923_9" 195556f000 16973e
  HwBinder:923_9-24185 [006] ...1  6334.229997: do_swap_page: prefetch miss 923 "HwBinder:923_9" 195556f000 16973e
  HwBinder:923_9-24185 [006] ....  6334.230122: do_swap_page: prefetch miss 923 "HwBinder:923_9" 1855563000 165722
  HwBinder:923_9-24185 [006] ...1  6334.232134: do_swap_page: prefetch miss 923 "HwBinder:923_9" 1855563000 165722
  HwBinder:923_9-24185 [006] ....  6334.232264: do_swap_page: prefetch miss 923 "HwBinder:923_9" 7fbc3d3000 97b0
    Binder:913_2-2064  [006] ....  6334.232322: do_swap_page: prefetch miss 913 "Binder:913_2" f7a15000 169723
  HwBinder:923_9-24185 [006] ...1  6334.234217: do_swap_page: prefetch miss 923 "HwBinder:923_9" 7fbc3d3000 97b0
    Binder:913_2-2064  [006] ...1  6334.234239: do_swap_page: prefetch miss 913 "Binder:913_2" f7a15000 169723
  HwBinder:923_9-24185 [006] ....  6334.234383: do_swap_page: prefetch miss 923 "HwBinder:923_9" 1a5555d000 165718
  HwBinder:923_9-24185 [006] ...1  6334.236450: do_swap_page: prefetch miss 923 "HwBinder:923_9" 1a5555d000 165718
  HwBinder:923_9-24185 [006] ....  6334.236493: do_swap_page: prefetch miss 923 "HwBinder:923_9" 185555f000 165719
  HwBinder:923_9-24185 [006] ...1  6334.238259: do_swap_page: prefetch miss 923 "HwBinder:923_9" 185555f000 165719
  HwBinder:923_9-24185 [006] ....  6334.238358: do_swap_page: prefetch miss 923 "HwBinder:923_9" 1a55559000 16571b
  HwBinder:923_9-24185 [006] ...1  6334.240195: do_swap_page: prefetch miss 923 "HwBinder:923_9" 1a55559000 16571b
  HwBinder:923_9-24185 [006] ....  6334.240225: do_swap_page: prefetch miss 923 "HwBinder:923_9" 1a55581000 16571c
  HwBinder:923_9-24185 [006] ...1  6334.241913: do_swap_page: prefetch miss 923 "HwBinder:923_9" 1a55581000 16571c
  HwBinder:923_9-24185 [006] ....  6334.241954: do_swap_page: prefetch miss 923 "HwBinder:923_9" 1a5555f000 16571d
  HwBinder:923_9-24185 [006] ...1  6334.243891: do_swap_page: prefetch miss 923 "HwBinder:923_9" 1a5555f000 16571d
  HwBinder:923_9-24185 [006] ....  6334.243930: do_swap_page: prefetch miss 923 "HwBinder:923_9" 1a55580000 16571e
  HwBinder:923_9-24185 [006] ...1  6334.245804: do_swap_page: prefetch miss 923 "HwBinder:923_9" 1a55580000 16571e
  HwBinder:923_9-24185 [006] ....  6334.245853: do_swap_page: prefetch miss 923 "HwBinder:923_9" 1a55558000 16571f
  HwBinder:923_9-24185 [006] ...1  6334.247658: do_swap_page: prefetch miss 923 "HwBinder:923_9" 1a55558000 16571f
  HwBinder:923_9-24185 [006] ....  6334.247699: do_swap_page: prefetch miss 923 "HwBinder:923_9" 1855554000 165720
  HwBinder:923_9-24185 [006] ...1  6334.249921: do_swap_page: prefetch miss 923 "HwBinder:923_9" 1855554000 165720
  HwBinder:923_9-24185 [006] ....  6334.249961: do_swap_page: prefetch miss 923 "HwBinder:923_9" 205555c000 169704
  HwBinder:923_9-24185 [006] ...1  6334.251631: do_swap_page: prefetch miss 923 "HwBinder:923_9" 205555c000 169704
  HwBinder:923_9-24185 [006] ....  6334.251815: do_swap_page: prefetch miss 923 "HwBinder:923_9" 185555a000 165721
  HwBinder:923_9-24185 [006] ...1  6334.253609: do_swap_page: prefetch miss 923 "HwBinder:923_9" 185555a000 165721
  HwBinder:923_9-24185 [006] ....  6334.253746: do_swap_page: prefetch miss 923 "HwBinder:923_9" 7fbd334000 165723
  HwBinder:923_9-24185 [006] ...1  6334.256445: do_swap_page: prefetch miss 923 "HwBinder:923_9" 7fbd334000 165723
  HwBinder:923_9-24185 [006] ....  6334.256495: do_swap_page: prefetch miss 923 "HwBinder:923_9" 7fbd06c000 97b2
  HwBinder:923_9-24185 [006] ...1  6334.258193: do_swap_page: prefetch miss 923 "HwBinder:923_9" 7fbd06c000 97b2
  HwBinder:923_9-24185 [006] ....  6334.258222: do_swap_page: prefetch miss 923 "HwBinder:923_9" 7f3c4ed000 97b3
  HwBinder:923_9-24185 [006] ...1  6334.260249: do_swap_page: prefetch miss 923 "HwBinder:923_9" 7f3c4ed000 97b3
  HwBinder:923_9-24185 [006] ....  6334.260318: do_swap_page: prefetch miss 923 "HwBinder:923_9" 1a55561000 15d783
  HwBinder:923_9-24185 [006] ...1  6334.262309: do_swap_page: prefetch miss 923 "HwBinder:923_9" 1a55561000 15d783
  HwBinder:923_9-24185 [006] ....  6334.262352: do_swap_page: prefetch miss 923 "HwBinder:923_9" 1a5555a000 15d784
  HwBinder:923_9-24185 [006] ...1  6334.264210: do_swap_page: prefetch miss 923 "HwBinder:923_9" 1a5555a000 15d784
  HwBinder:923_9-24185 [006] ....  6334.264235: do_swap_page: prefetch miss 923 "HwBinder:923_9" 1a55576000 15d782
  HwBinder:923_9-24185 [006] ...1  6334.268968: do_swap_page: prefetch miss 923 "HwBinder:923_9" 1a55576000 15d782
  HwBinder:923_9-24185 [006] ....  6334.269011: do_swap_page: prefetch miss 923 "HwBinder:923_9" 1a5555e000 15d785
           <...>-6507  [007] ....  6334.269069: do_swap_page: prefetch miss 6386 "GLThread 444" 7f28f0f000 1697b0
  HwBinder:923_9-24185 [006] ...1  6334.270934: do_swap_page: prefetch miss 923 "HwBinder:923_9" 1a5555e000 15d785
           <...>-6507  [007] ...1  6334.270947: do_swap_page: prefetch miss 6386 "GLThread 444" 7f28f0f000 1697b0
           <...>-6507  [007] ....  6334.271087: do_swap_page: prefetch miss 6386 "GLThread 444" 7eaf87f000 1697b1
    Binder:913_2-2064  [006] ....  6334.271111: do_swap_page: prefetch miss 913 "Binder:913_2" f352a000 169726
    Binder:913_2-2064  [006] ...1  6334.272769: do_swap_page: prefetch miss 913 "Binder:913_2" f352a000 169726
           <...>-6507  [007] ...1  6334.272782: do_swap_page: prefetch miss 6386 "GLThread 444" 7eaf87f000 1697b1
           <...>-6507  [007] ....  6334.272809: do_swap_page: prefetch miss 6386 "GLThread 444" 7eaf876000 1517ee
           <...>-1230  [001] ....  6334.273659: do_swap_page: prefetch miss 834 "HwBinder:834_2" f7a27000 457b4
           <...>-6507  [007] ...1  6334.274297: do_swap_page: prefetch miss 6386 "GLThread 444" 7eaf876000 1517ee
           <...>-6507  [007] ....  6334.274316: do_swap_page: prefetch miss 6386 "GLThread 444" 7eaf881000 1517ef
           <...>-1230  [001] ...1  6334.275605: do_swap_page: prefetch miss 834 "HwBinder:834_2" f7a27000 457b4
           <...>-1230  [001] ....  6334.275634: do_swap_page: prefetch miss 834 "HwBinder:834_2" f7a14000 457b5
           <...>-6507  [007] ...1  6334.275638: do_swap_page: prefetch miss 6386 "GLThread 444" 7eaf881000 1517ef
           <...>-6507  [007] ....  6334.275647: do_swap_page: prefetch miss 6386 "GLThread 444" 7eaf887000 1517f0
           <...>-6507  [007] ...1  6334.277500: do_swap_page: prefetch miss 6386 "GLThread 444" 7eaf887000 1517f0
           <...>-1230  [001] ...1  6334.277501: do_swap_page: prefetch miss 834 "HwBinder:834_2" f7a14000 457b5
           <...>-6507  [007] ....  6334.277525: do_swap_page: prefetch miss 6386 "GLThread 444" 7eaf87a000 1517f1
           <...>-1230  [001] ....  6334.277571: do_swap_page: prefetch miss 834 "HwBinder:834_2" f7acf000 169711
           <...>-6507  [007] ...1  6334.279238: do_swap_page: prefetch miss 6386 "GLThread 444" 7eaf87a000 1517f1
           <...>-6507  [007] ....  6334.279263: do_swap_page: prefetch miss 6386 "GLThread 444" 7eafe05000 1697b2
           <...>-1230  [001] ...1  6334.279310: do_swap_page: prefetch miss 834 "HwBinder:834_2" f7acf000 169711
           <...>-1230  [002] ....  6334.279880: do_swap_page: prefetch miss 834 "HwBinder:834_2" f5cfe000 169712
           <...>-6507  [007] ...1  6334.281308: do_swap_page: prefetch miss 6386 "GLThread 444" 7eafe05000 1697b2
           <...>-6507  [007] ....  6334.281333: do_swap_page: prefetch miss 6386 "GLThread 444" 7eaf88a000 1657bb
           <...>-1230  [001] ...1  6334.281390: do_swap_page: prefetch miss 834 "HwBinder:834_2" f5cfe000 169712
           <...>-1230  [001] ....  6334.281513: do_swap_page: prefetch miss 834 "HwBinder:834_2" f49e5000 16970c
           <...>-6507  [007] ...1  6334.283121: do_swap_page: prefetch miss 6386 "GLThread 444" 7eaf88a000 1657bb
           <...>-6507  [007] ....  6334.283281: do_swap_page: prefetch miss 6386 "GLThread 444" 7e9e05c000 161790
           <...>-1230  [001] ...1  6334.283341: do_swap_page: prefetch miss 834 "HwBinder:834_2" f49e5000 16970c
           <...>-1230  [001] ....  6334.283437: do_swap_page: prefetch miss 834 "HwBinder:834_2" f7a63000 49750
           <...>-6507  [007] ...1  6334.285256: do_swap_page: prefetch miss 6386 "GLThread 444" 7e9e05c000 161790
           <...>-6507  [007] ....  6334.285281: do_swap_page: prefetch miss 6386 "GLThread 444" 7e9b38c000 1657d2
           <...>-1230  [001] ...1  6334.285326: do_swap_page: prefetch miss 834 "HwBinder:834_2" f7a63000 49750
    Binder:913_2-2064  [002] ....  6334.285568: do_swap_page: prefetch miss 913 "Binder:913_2" f3541000 16971d
           <...>-6507  [007] ...1  6334.287190: do_swap_page: prefetch miss 6386 "GLThread 444" 7e9b38c000 1657d2
           <...>-6507  [007] ....  6334.287228: do_swap_page: prefetch miss 6386 "GLThread 444" 7e9e284000 1617da
    Binder:913_2-2064  [001] ...1  6334.287283: do_swap_page: prefetch miss 913 "Binder:913_2" f3541000 16971d
    Binder:913_2-2064  [002] ....  6334.287910: do_swap_page: prefetch miss 913 "Binder:913_2" f3554000 169727
           <...>-6507  [007] ...1  6334.289063: do_swap_page: prefetch miss 6386 "GLThread 444" 7e9e284000 1617da
           <...>-6507  [007] ....  6334.289097: do_swap_page: prefetch miss 6386 "GLThread 444" 7e9bf09000 1657d7
    Binder:913_2-2064  [002] ...1  6334.289171: do_swap_page: prefetch miss 913 "Binder:913_2" f3554000 169727
    Binder:913_2-2064  [002] ....  6334.289303: do_swap_page: prefetch miss 913 "Binder:913_2" f74ff000 15d78c
           <...>-6507  [007] ...1  6334.290971: do_swap_page: prefetch miss 6386 "GLThread 444" 7e9bf09000 1657d7
           <...>-6507  [007] ....  6334.291042: do_swap_page: prefetch miss 6386 "GLThread 444" 7eaf011000 1657bd
    Binder:913_2-2064  [002] ...1  6334.291111: do_swap_page: prefetch miss 913 "Binder:913_2" f74ff000 15d78c
    Binder:913_2-2064  [002] ....  6334.291851: do_swap_page: prefetch miss 913 "Binder:913_2" f3555000 15d78b
           <...>-6507  [007] ...1  6334.292864: do_swap_page: prefetch miss 6386 "GLThread 444" 7eaf011000 1657bd
           <...>-6507  [007] ....  6334.292915: do_swap_page: prefetch miss 6386 "GLThread 444" 7e9e02a000 1697b7
    Binder:913_2-2064  [002] ...1  6334.293852: do_swap_page: prefetch miss 913 "Binder:913_2" f3555000 15d78b
           <...>-1209  [006] ....  6334.294194: do_swap_page: prefetch miss 913 "Binder:913_1" f352c000 1557f5
           <...>-6507  [007] ...1  6334.294795: do_swap_page: prefetch miss 6386 "GLThread 444" 7e9e02a000 1697b7
           <...>-6507  [007] ....  6334.294817: do_swap_page: prefetch miss 6386 "GLThread 444" 7ea4321000 1697b4
           <...>-1209  [006] ...1  6334.296210: do_swap_page: prefetch miss 913 "Binder:913_1" f352c000 1557f5
           <...>-6507  [007] ...1  6334.296226: do_swap_page: prefetch miss 6386 "GLThread 444" 7ea4321000 1697b4
           <...>-1209  [006] ....  6334.296240: do_swap_page: prefetch miss 913 "Binder:913_1" f3582000 16973c
           <...>-6507  [007] ....  6334.296243: do_swap_page: prefetch miss 6386 "GLThread 444" 7e9b379000 1617b1
           <...>-1209  [006] ...1  6334.298187: do_swap_page: prefetch miss 913 "Binder:913_1" f3582000 16973c
           <...>-6507  [007] ...1  6334.298200: do_swap_page: prefetch miss 6386 "GLThread 444" 7e9b379000 1617b1
           <...>-6507  [007] ....  6334.298287: do_swap_page: prefetch miss 6386 "GLThread 444" 7e9b77c000 16178b
           <...>-1209  [006] ....  6334.298331: do_swap_page: prefetch miss 913 "Binder:913_1" f3503000 557ec
           <...>-6507  [007] ...1  6334.300131: do_swap_page: prefetch miss 6386 "GLThread 444" 7e9b77c000 16178b
           <...>-6507  [007] ....  6334.300165: do_swap_page: prefetch miss 6386 "GLThread 444" 7e9bfb1000 1617cd
           <...>-1209  [006] ...1  6334.300198: do_swap_page: prefetch miss 913 "Binder:913_1" f3503000 557ec
           <...>-1209  [006] ....  6334.300450: do_swap_page: prefetch miss 913 "Binder:913_1" f35ea000 169728
           <...>-6507  [007] ...1  6334.302190: do_swap_page: prefetch miss 6386 "GLThread 444" 7e9bfb1000 1617cd
           <...>-6507  [007] ....  6334.302220: do_swap_page: prefetch miss 6386 "GLThread 444" 7e9b39d000 171716
           <...>-1209  [006] ...1  6334.302261: do_swap_page: prefetch miss 913 "Binder:913_1" f35ea000 169728
           <...>-1209  [006] ....  6334.302364: do_swap_page: prefetch miss 913 "Binder:913_1" f3602000 165725
           <...>-6507  [007] ...1  6334.304212: do_swap_page: prefetch miss 6386 "GLThread 444" 7e9b39d000 171716
           <...>-6507  [007] ....  6334.304244: do_swap_page: prefetch miss 6386 "GLThread 444" 7e9e7ee000 1697bb
           <...>-1209  [006] ...1  6334.304279: do_swap_page: prefetch miss 913 "Binder:913_1" f3602000 165725
 .candycrushsaga-6386  [006] ....  6334.304461: do_swap_page: prefetch miss 6386 ".candycrushsaga" 7f23695000 1657d1
    GLThread 444-6441  [004] ....  6334.304499: do_swap_page: prefetch miss 6386 "GLThread 444" 7fbd32b000 3d7bd
         generic-29634 [005] ....  6334.304597: do_swap_page: prefetch miss 913 "NuPlayerDriver " f7a0e000 165726
           <...>-6507  [007] ...1  6334.306189: do_swap_page: prefetch miss 6386 "GLThread 444" 7e9e7ee000 1697bb
           <...>-6507  [007] ....  6334.306229: do_swap_page: prefetch miss 6386 "GLThread 444" 7e9bfe3000 1657dc
 .candycrushsaga-6386  [006] ...1  6334.306278: do_swap_page: prefetch miss 6386 ".candycrushsaga" 7f23695000 1657d1
    GLThread 444-6441  [004] ...1  6334.306298: do_swap_page: prefetch miss 6386 "GLThread 444" 7fbd32b000 3d7bd
         generic-29634 [005] ...1  6334.306302: do_swap_page: prefetch miss 913 "NuPlayerDriver " f7a0e000 165726
 .candycrushsaga-6386  [006] ....  6334.306325: do_swap_page: prefetch miss 6386 ".candycrushsaga" 7f2db42000 1657d3
         generic-29634 [006] ....  6334.306335: do_swap_page: prefetch miss 913 "NuPlayerDriver " f7a0f000 165727
    GLThread 444-6441  [004] ....  6334.306465: do_swap_page: prefetch miss 6386 "GLThread 444" 7f28c31000 3d7be
           <...>-6507  [007] ...1  6334.308301: do_swap_page: prefetch miss 6386 "GLThread 444" 7e9bfe3000 1657dc
           <...>-6507  [007] ....  6334.308394: do_swap_page: prefetch miss 6386 "GLThread 444" 7e9dfbb000 1657c1
         generic-29634 [005] ...1  6334.308427: do_swap_page: prefetch miss 913 "NuPlayerDriver " f7a0f000 165727
 .candycrushsaga-6386  [004] ...1  6334.308454: do_swap_page: prefetch miss 6386 ".candycrushsaga" 7f2db42000 1657d3
 .candycrushsaga-6386  [004] ....  6334.308492: do_swap_page: prefetch miss 6386 ".candycrushsaga" 7e7d224000 1657d5
    GLThread 444-6441  [004] ...1  6334.308495: do_swap_page: prefetch miss 6386 "GLThread 444" 7f28c31000 3d7be
         generic-29634 [005] ....  6334.308551: do_swap_page: prefetch miss 913 "generic" f625c000 165728
     logd.writer-576   [002] ....  6334.308633: do_swap_page: prefetch miss 560 "logd.writer" 7fbd6ae000 417c0
           <...>-6507  [007] ...1  6334.311217: do_swap_page: prefetch miss 6386 "GLThread 444" 7e9dfbb000 1657c1
           <...>-6507  [007] ....  6334.311281: do_swap_page: prefetch miss 6386 "GLThread 444" 7e9e08f000 1657c3
         generic-29634 [005] ...1  6334.311337: do_swap_page: prefetch miss 913 "generic" f625c000 165728
 .candycrushsaga-6386  [004] ...1  6334.311337: do_swap_page: prefetch miss 6386 ".candycrushsaga" 7e7d224000 1657d5
 .candycrushsaga-6386  [004] ....  6334.311355: do_swap_page: prefetch miss 6386 ".candycrushsaga" 7f2db40000 16d731
         generic-29634 [005] ....  6334.311375: do_swap_page: prefetch miss 913 "generic" f3609000 161713
     logd.writer-576   [002] ...1  6334.311582: do_swap_page: prefetch miss 560 "logd.writer" 7fbd6ae000 417c0
     logd.writer-576   [002] ....  6334.311794: do_swap_page: prefetch miss 560 "logd.writer" 7fbd6aa000 417c1
           <...>-6507  [007] ...1  6334.313745: do_swap_page: prefetch miss 6386 "GLThread 444" 7e9e08f000 1657c3
           <...>-6507  [007] ....  6334.313809: do_swap_page: prefetch miss 6386 "GLThread 444" 7e9c033000 1617db
 .candycrushsaga-6386  [004] ...1  6334.313846: do_swap_page: prefetch miss 6386 ".candycrushsaga" 7f2db40000 16d731
         generic-29634 [005] ...1  6334.313865: do_swap_page: prefetch miss 913 "generic" f3609000 161713
 .candycrushsaga-6386  [004] ....  6334.313869: do_swap_page: prefetch miss 6386 ".candycrushsaga" 7f233df000 16d733
         generic-29634 [005] ....  6334.313873: do_swap_page: prefetch miss 913 "generic" f3607000 165729
     logd.writer-576   [000] ...1  6334.313943: do_swap_page: prefetch miss 560 "logd.writer" 7fbd6aa000 417c1
           <...>-870   [002] ....  6334.314432: do_swap_page: prefetch miss 870 "logcatd" 7fbd86c000 49791
