    GLThread 444-6441  [007] ....  4768.905911: do_swap_page: prefetch miss 6386 "GLThread 444" 7eabe96000 117af
    GLThread 444-6441  [007] ...1  4768.907918: do_swap_page: prefetch miss 6386 "GLThread 444" 7eabe96000 117af
    GLThread 444-6441  [007] ....  4768.907952: do_swap_page: prefetch miss 6386 "GLThread 444" 7ed0381000 117b0
    GLThread 444-6441  [007] ...1  4768.911621: do_swap_page: prefetch miss 6386 "GLThread 444" 7ed0381000 117b0
    GLThread 444-6441  [007] ....  4768.911674: do_swap_page: prefetch miss 6386 "GLThread 444" 7ec080b000 117b2
    GLThread 444-6441  [007] ...1  4768.913447: do_swap_page: prefetch miss 6386 "GLThread 444" 7ec080b000 117b2
           <...>-1446  [007] ....  4768.913554: do_swap_page: prefetch miss 604 "Binder:604_4" 7fb7662000 4579f
           <...>-1446  [007] ...1  4768.915426: do_swap_page: prefetch miss 604 "Binder:604_4" 7fb7662000 4579f
           <...>-615   [007] ....  4768.915478: do_swap_page: prefetch miss 609 "HwBinder:609_2" 7fbd026000 457a0
           <...>-615   [007] ...1  4768.917207: do_swap_page: prefetch miss 609 "HwBinder:609_2" 7fbd026000 457a0
           <...>-615   [007] ....  4768.917219: do_swap_page: prefetch miss 609 "HwBinder:609_2" 7fbb5fb000 457a1
           <...>-615   [007] ...1  4768.919425: do_swap_page: prefetch miss 609 "HwBinder:609_2" 7fbb5fb000 457a1
           <...>-615   [007] ....  4768.919433: do_swap_page: prefetch miss 609 "HwBinder:609_2" 7fbb5fc000 5702
           <...>-615   [007] ...1  4768.921145: do_swap_page: prefetch miss 609 "HwBinder:609_2" 7fbb5fc000 5702
           <...>-615   [007] ....  4768.921152: do_swap_page: prefetch miss 609 "HwBinder:609_2" 7fbd021000 457a2
           <...>-615   [007] ...1  4768.922857: do_swap_page: prefetch miss 609 "HwBinder:609_2" 7fbd021000 457a2
           <...>-615   [007] ....  4768.922866: do_swap_page: prefetch miss 609 "HwBinder:609_2" 7fbd019000 457a3
           <...>-615   [007] ...1  4768.925274: do_swap_page: prefetch miss 609 "HwBinder:609_2" 7fbd019000 457a3
           <...>-615   [007] ....  4768.925286: do_swap_page: prefetch miss 609 "HwBinder:609_2" 7fbd006000 457a4
           <...>-615   [007] ...1  4768.927143: do_swap_page: prefetch miss 609 "HwBinder:609_2" 7fbd006000 457a4
           <...>-615   [007] ....  4768.927152: do_swap_page: prefetch miss 609 "HwBinder:609_2" 7fbd009000 457a5
           <...>-615   [007] ...1  4768.928790: do_swap_page: prefetch miss 609 "HwBinder:609_2" 7fbd009000 457a5
           <...>-615   [007] ....  4768.928796: do_swap_page: prefetch miss 609 "HwBinder:609_2" 7fbd067000 457a6
           <...>-615   [007] ...1  4768.930620: do_swap_page: prefetch miss 609 "HwBinder:609_2" 7fbd067000 457a6
           <...>-615   [007] ....  4768.930633: do_swap_page: prefetch miss 609 "HwBinder:609_2" 7fbd8fc000 49748
           <...>-615   [007] ...1  4768.932498: do_swap_page: prefetch miss 609 "HwBinder:609_2" 7fbd8fc000 49748
           <...>-615   [007] ....  4768.932506: do_swap_page: prefetch miss 609 "HwBinder:609_2" 7fbd00d000 49749
           <...>-615   [007] ...1  4768.934317: do_swap_page: prefetch miss 609 "HwBinder:609_2" 7fbd00d000 49749
           <...>-615   [007] ....  4768.934325: do_swap_page: prefetch miss 609 "HwBinder:609_2" 7fbd01c000 3d7e6
           <...>-615   [007] ...1  4768.936190: do_swap_page: prefetch miss 609 "HwBinder:609_2" 7fbd01c000 3d7e6
           <...>-615   [007] ....  4768.936206: do_swap_page: prefetch miss 609 "HwBinder:609_2" 7fbd6dd000 d703
           <...>-615   [007] ...1  4768.938288: do_swap_page: prefetch miss 609 "HwBinder:609_2" 7fbd6dd000 d703
           <...>-615   [007] ....  4768.938296: do_swap_page: prefetch miss 609 "HwBinder:609_2" 7fbdc05000 d704
           <...>-615   [007] ...1  4768.944870: do_swap_page: prefetch miss 609 "HwBinder:609_2" 7fbdc05000 d704
           <...>-615   [007] ....  4768.944877: do_swap_page: prefetch miss 609 "HwBinder:609_2" 7fbdc01000 1701
           <...>-615   [007] ...1  4768.951257: do_swap_page: prefetch miss 609 "HwBinder:609_2" 7fbdc01000 1701
           <...>-615   [007] ....  4768.951267: do_swap_page: prefetch miss 609 "HwBinder:609_2" 7fbdc02000 1702
           <...>-615   [007] ...1  4768.953966: do_swap_page: prefetch miss 609 "HwBinder:609_2" 7fbdc02000 1702
           <...>-615   [007] ....  4768.953973: do_swap_page: prefetch miss 609 "HwBinder:609_2" 7fbd040000 3d7e7
           <...>-615   [007] ...1  4768.958049: do_swap_page: prefetch miss 609 "HwBinder:609_2" 7fbd040000 3d7e7
           <...>-615   [007] ....  4768.958058: do_swap_page: prefetch miss 609 "HwBinder:609_2" 7fbd041000 3d7e8
           <...>-615   [007] ...1  4768.960021: do_swap_page: prefetch miss 609 "HwBinder:609_2" 7fbd041000 3d7e8
           <...>-615   [007] ....  4768.960031: do_swap_page: prefetch miss 609 "HwBinder:609_2" 7fbd011000 3d7e9
           <...>-24145 [007] ....  4768.961216: do_swap_page: prefetch miss 6386 "pool-11-thread-" 7ec07f9000 41742
           <...>-615   [007] ...1  4768.961939: do_swap_page: prefetch miss 609 "HwBinder:609_2" 7fbd011000 3d7e9
           <...>-615   [007] ....  4768.961952: do_swap_page: prefetch miss 609 "HwBinder:609_2" 7fbb5f7000 3d7ea
           <...>-24145 [007] ...1  4768.963114: do_swap_page: prefetch miss 6386 "pool-11-thread-" 7ec07f9000 41742
           <...>-615   [007] ...1  4768.963912: do_swap_page: prefetch miss 609 "HwBinder:609_2" 7fbb5f7000 3d7ea
           <...>-615   [007] ....  4768.963923: do_swap_page: prefetch miss 609 "HwBinder:609_2" 7fbd00a000 3d7eb
           <...>-615   [007] ...1  4768.965905: do_swap_page: prefetch miss 609 "HwBinder:609_2" 7fbd00a000 3d7eb
           <...>-615   [007] ....  4768.965915: do_swap_page: prefetch miss 609 "HwBinder:609_2" 7fbb5f8000 3d7ec
           <...>-615   [007] ...1  4768.967849: do_swap_page: prefetch miss 609 "HwBinder:609_2" 7fbb5f8000 3d7ec
           <...>-615   [007] ....  4768.967859: do_swap_page: prefetch miss 609 "HwBinder:609_2" 7fbb5f9000 3d7ed
           <...>-615   [007] ...1  4768.970320: do_swap_page: prefetch miss 609 "HwBinder:609_2" 7fbb5f9000 3d7ed
           <...>-615   [007] ....  4768.970325: do_swap_page: prefetch miss 609 "HwBinder:609_2" 7fbb5fa000 3d7ee
           <...>-615   [007] ...1  4768.972148: do_swap_page: prefetch miss 609 "HwBinder:609_2" 7fbb5fa000 3d7ee
           <...>-615   [007] ....  4768.972159: do_swap_page: prefetch miss 609 "HwBinder:609_2" 7fbd5ce000 3d7ef
           <...>-615   [007] ...1  4768.973921: do_swap_page: prefetch miss 609 "HwBinder:609_2" 7fbd5ce000 3d7ef
           <...>-615   [007] ....  4768.973938: do_swap_page: prefetch miss 609 "HwBinder:609_2" 7fbd005000 3d7f0
           <...>-615   [007] ...1  4768.975899: do_swap_page: prefetch miss 609 "HwBinder:609_2" 7fbd005000 3d7f0
           <...>-615   [007] ....  4768.975907: do_swap_page: prefetch miss 609 "HwBinder:609_2" 7fbd744000 170d
           <...>-615   [007] ...1  4768.977627: do_swap_page: prefetch miss 609 "HwBinder:609_2" 7fbd744000 170d
           <...>-615   [007] ....  4768.977711: do_swap_page: prefetch miss 609 "HwBinder:609_2" 7fbd012000 457a7
           <...>-615   [007] ...1  4768.979530: do_swap_page: prefetch miss 609 "HwBinder:609_2" 7fbd012000 457a7
           <...>-615   [007] ....  4768.979576: do_swap_page: prefetch miss 609 "HwBinder:609_2" 7fbb5f3000 457a8
           <...>-615   [007] ...1  4768.981326: do_swap_page: prefetch miss 609 "HwBinder:609_2" 7fbb5f3000 457a8
           <...>-615   [007] ....  4768.981343: do_swap_page: prefetch miss 609 "HwBinder:609_2" 7fbb5f4000 457a9
           <...>-615   [007] ...1  4768.983175: do_swap_page: prefetch miss 609 "HwBinder:609_2" 7fbb5f4000 457a9
           <...>-615   [007] ....  4768.983207: do_swap_page: prefetch miss 609 "HwBinder:609_2" 7fbb5f5000 457aa
           <...>-615   [007] ...1  4768.985288: do_swap_page: prefetch miss 609 "HwBinder:609_2" 7fbb5f5000 457aa
           <...>-615   [007] ....  4768.985294: do_swap_page: prefetch miss 609 "HwBinder:609_2" 7fbb5f6000 457ab
           <...>-615   [007] ...1  4768.986982: do_swap_page: prefetch miss 609 "HwBinder:609_2" 7fbb5f6000 457ab
           <...>-615   [007] ....  4768.987002: do_swap_page: prefetch miss 609 "HwBinder:609_2" 7fbb600000 417a8
           <...>-615   [007] ...1  4768.988758: do_swap_page: prefetch miss 609 "HwBinder:609_2" 7fbb600000 417a8
           <...>-615   [007] ....  4768.988804: do_swap_page: prefetch miss 609 "HwBinder:609_2" 7fbcde8000 9709
           <...>-615   [007] ...1  4768.990716: do_swap_page: prefetch miss 609 "HwBinder:609_2" 7fbcde8000 9709
           <...>-615   [007] ....  4768.990728: do_swap_page: prefetch miss 609 "HwBinder:609_2" 7fbd200000 970a
           <...>-615   [007] ...1  4768.992404: do_swap_page: prefetch miss 609 "HwBinder:609_2" 7fbd200000 970a
           <...>-615   [007] ....  4768.992425: do_swap_page: prefetch miss 609 "HwBinder:609_2" 7fbd03a000 417a9
           <...>-615   [007] ...1  4768.994277: do_swap_page: prefetch miss 609 "HwBinder:609_2" 7fbd03a000 417a9
           <...>-615   [007] ....  4768.994293: do_swap_page: prefetch miss 609 "HwBinder:609_2" 7fbd027000 457ac
           <...>-615   [007] ...1  4768.996098: do_swap_page: prefetch miss 609 "HwBinder:609_2" 7fbd027000 457ac
           <...>-1446  [007] ....  4768.996220: do_swap_page: prefetch miss 604 "Binder:604_4" 7fba640000 457ad
           <...>-1446  [007] ...1  4768.997961: do_swap_page: prefetch miss 604 "Binder:604_4" 7fba640000 457ad
           <...>-1446  [007] ....  4768.998004: do_swap_page: prefetch miss 604 "Binder:604_4" 7fba72b000 457ae
           <...>-1446  [007] ...1  4769.000090: do_swap_page: prefetch miss 604 "Binder:604_4" 7fba72b000 457ae
    GLThread 444-6441  [007] ....  4769.000335: do_swap_page: prefetch miss 6386 "GLThread 444" 7f1f7f8000 117c2
    GLThread 444-6441  [007] ...1  4769.002192: do_swap_page: prefetch miss 6386 "GLThread 444" 7f1f7f8000 117c2
    GLThread 444-6441  [007] ....  4769.002326: do_swap_page: prefetch miss 6386 "GLThread 444" 7ec080c000 117c5
    GLThread 444-6441  [007] ...1  4769.004424: do_swap_page: prefetch miss 6386 "GLThread 444" 7ec080c000 117c5
    GLThread 444-6441  [007] ....  4769.004510: do_swap_page: prefetch miss 6386 "GLThread 444" 7eaba99000 117cc
    GLThread 444-6441  [007] ...1  4769.006290: do_swap_page: prefetch miss 6386 "GLThread 444" 7eaba99000 117cc
    GLThread 444-6441  [007] ....  4769.006474: do_swap_page: prefetch miss 6386 "GLThread 444" 7ed0357000 117d6
    GLThread 444-6441  [007] ...1  4769.008368: do_swap_page: prefetch miss 6386 "GLThread 444" 7ed0357000 117d6
    GLThread 444-6441  [007] ....  4769.008387: do_swap_page: prefetch miss 6386 "GLThread 444" 7ed0358000 117d7
    GLThread 444-6441  [007] ...1  4769.010478: do_swap_page: prefetch miss 6386 "GLThread 444" 7ed0358000 117d7
    GLThread 444-6441  [007] ....  4769.010507: do_swap_page: prefetch miss 6386 "GLThread 444" 7eabea7000 117da
    GLThread 444-6441  [007] ...1  4769.014457: do_swap_page: prefetch miss 6386 "GLThread 444" 7eabea7000 117da
    GLThread 444-6441  [007] ....  4769.014504: do_swap_page: prefetch miss 6386 "GLThread 444" 7ed0399000 117dc
    GLThread 444-6441  [007] ...1  4769.016285: do_swap_page: prefetch miss 6386 "GLThread 444" 7ed0399000 117dc
    GLThread 444-6441  [007] ....  4769.016325: do_swap_page: prefetch miss 6386 "GLThread 444" 7ea46c8000 117df
    GLThread 444-6441  [007] ...1  4769.018124: do_swap_page: prefetch miss 6386 "GLThread 444" 7ea46c8000 117df
    GLThread 444-6441  [007] ....  4769.018142: do_swap_page: prefetch miss 6386 "GLThread 444" 7ed036f000 117e0
    GLThread 444-6441  [007] ...1  4769.019831: do_swap_page: prefetch miss 6386 "GLThread 444" 7ed036f000 117e0
    GLThread 444-6441  [007] ....  4769.019862: do_swap_page: prefetch miss 6386 "GLThread 444" 7ed0370000 117e1
    GLThread 444-6441  [007] ...1  4769.021740: do_swap_page: prefetch miss 6386 "GLThread 444" 7ed0370000 117e1
    GLThread 444-6441  [007] ....  4769.021817: do_swap_page: prefetch miss 6386 "GLThread 444" 7eabe90000 117e7
    GLThread 444-6441  [007] ...1  4769.024052: do_swap_page: prefetch miss 6386 "GLThread 444" 7eabe90000 117e7
    GLThread 444-6441  [007] ....  4769.024115: do_swap_page: prefetch miss 6386 "GLThread 444" 7eab8ee000 117eb
    GLThread 444-6441  [007] ...1  4769.026062: do_swap_page: prefetch miss 6386 "GLThread 444" 7eab8ee000 117eb
    GLThread 444-6441  [007] ....  4769.026190: do_swap_page: prefetch miss 6386 "GLThread 444" 7eab8b4000 117ef
    GLThread 444-6441  [007] ...1  4769.028033: do_swap_page: prefetch miss 6386 "GLThread 444" 7eab8b4000 117ef
    GLThread 444-6441  [007] ....  4769.028078: do_swap_page: prefetch miss 6386 "GLThread 444" 7ea42c5000 117f1
    GLThread 444-6441  [007] ...1  4769.030106: do_swap_page: prefetch miss 6386 "GLThread 444" 7ea42c5000 117f1
    GLThread 444-6441  [007] ....  4769.030136: do_swap_page: prefetch miss 6386 "GLThread 444" 7ea4709000 117f2
    GLThread 444-6441  [007] ...1  4769.032011: do_swap_page: prefetch miss 6386 "GLThread 444" 7ea4709000 117f2
    GLThread 444-6441  [007] ....  4769.032117: do_swap_page: prefetch miss 6386 "GLThread 444" 7eb0106000 21792
    GLThread 444-6441  [007] ...1  4769.033867: do_swap_page: prefetch miss 6386 "GLThread 444" 7eb0106000 21792
    GLThread 444-6441  [007] ....  4769.033907: do_swap_page: prefetch miss 6386 "GLThread 444" 7ed0359000 21793
    GLThread 444-6441  [007] ...1  4769.035943: do_swap_page: prefetch miss 6386 "GLThread 444" 7ed0359000 21793
    GLThread 444-6441  [007] ....  4769.035970: do_swap_page: prefetch miss 6386 "GLThread 444" 7eafbda000 21795
    GLThread 444-6441  [007] ...1  4769.037930: do_swap_page: prefetch miss 6386 "GLThread 444" 7eafbda000 21795
    GLThread 444-6441  [007] ....  4769.037960: do_swap_page: prefetch miss 6386 "GLThread 444" 7eafbdd000 21796
    GLThread 444-6441  [007] ...1  4769.039887: do_swap_page: prefetch miss 6386 "GLThread 444" 7eafbdd000 21796
    GLThread 444-6441  [007] ....  4769.039906: do_swap_page: prefetch miss 6386 "GLThread 444" 7eafbdc000 21797
    GLThread 444-6441  [007] ...1  4769.041546: do_swap_page: prefetch miss 6386 "GLThread 444" 7eafbdc000 21797
    GLThread 444-6441  [007] ....  4769.041572: do_swap_page: prefetch miss 6386 "GLThread 444" 7eabdc1000 21798
    GLThread 444-6441  [007] ...1  4769.044431: do_swap_page: prefetch miss 6386 "GLThread 444" 7eabdc1000 21798
    GLThread 444-6441  [007] ....  4769.044492: do_swap_page: prefetch miss 6386 "GLThread 444" 7eafc09000 2179c
    GLThread 444-6441  [007] ...1  4769.053550: do_swap_page: prefetch miss 6386 "GLThread 444" 7eafc09000 2179c
    GLThread 444-6441  [007] ....  4769.053575: do_swap_page: prefetch miss 6386 "GLThread 444" 7eafbd7000 2179d
    GLThread 444-6441  [007] ...1  4769.055858: do_swap_page: prefetch miss 6386 "GLThread 444" 7eafbd7000 2179d
    GLThread 444-6441  [007] ....  4769.056027: do_swap_page: prefetch miss 6386 "GLThread 444" 7ed04f2000 217a2
    GLThread 444-6441  [007] ...1  4769.059813: do_swap_page: prefetch miss 6386 "GLThread 444" 7ed04f2000 217a2
    GLThread 444-6441  [007] ....  4769.059908: do_swap_page: prefetch miss 6386 "GLThread 444" 9e0f8000 217a4
    GLThread 444-6441  [007] ...1  4769.061925: do_swap_page: prefetch miss 6386 "GLThread 444" 9e0f8000 217a4
           <...>-653   [002] ....  4769.062477: do_swap_page: prefetch miss 604 "ImageManager" 7fb63cd000 417aa
    GLThread 444-6441  [007] ....  4769.064037: do_swap_page: prefetch miss 6386 "GLThread 444" 7ec088c000 117fe
           <...>-653   [002] ...1  4769.065258: do_swap_page: prefetch miss 604 "ImageManager" 7fb63cd000 417aa
           <...>-653   [002] ....  4769.065289: do_swap_page: prefetch miss 604 "ImageManager" 7fb63cc000 417ab
    GLThread 444-6441  [007] ...1  4769.066457: do_swap_page: prefetch miss 6386 "GLThread 444" 7ec088c000 117fe
    GLThread 444-6441  [007] ....  4769.066491: do_swap_page: prefetch miss 6386 "GLThread 444" 7ec0890000 117ff
           <...>-653   [002] ...1  4769.067087: do_swap_page: prefetch miss 604 "ImageManager" 7fb63cc000 417ab
           <...>-653   [002] ....  4769.067131: do_swap_page: prefetch miss 604 "ImageManager" 7fba642000 417ac
    GLThread 444-6441  [007] ...1  4769.068381: do_swap_page: prefetch miss 6386 "GLThread 444" 7ec0890000 117ff
    GLThread 444-6441  [007] ....  4769.068490: do_swap_page: prefetch miss 6386 "GLThread 444" 7f20dff000 217ae
           <...>-653   [002] ...1  4769.069826: do_swap_page: prefetch miss 604 "ImageManager" 7fba642000 417ac
           <...>-653   [002] ....  4769.069852: do_swap_page: prefetch miss 604 "ImageManager" 7fb7a16000 417ad
    GLThread 444-6441  [007] ...1  4769.070704: do_swap_page: prefetch miss 6386 "GLThread 444" 7f20dff000 217ae
           <...>-653   [002] ...1  4769.071906: do_swap_page: prefetch miss 604 "ImageManager" 7fb7a16000 417ad
           <...>-653   [002] ....  4769.071944: do_swap_page: prefetch miss 604 "ImageManager" 7fb7a17000 417ae
    GLThread 444-6441  [005] ....  4769.071994: do_swap_page: prefetch miss 6386 "GLThread 444" 7eaf8db000 4176c
    GLThread 444-6441  [005] ...1  4769.073738: do_swap_page: prefetch miss 6386 "GLThread 444" 7eaf8db000 4176c
           <...>-653   [002] ...1  4769.073764: do_swap_page: prefetch miss 604 "ImageManager" 7fb7a17000 417ae
           <...>-653   [002] ....  4769.073805: do_swap_page: prefetch miss 604 "ImageManager" 7fbd8b2000 9714
           <...>-653   [002] ...1  4769.075532: do_swap_page: prefetch miss 604 "ImageManager" 7fbd8b2000 9714
           <...>-653   [002] ....  4769.075570: do_swap_page: prefetch miss 604 "ImageManager" 7fbc46f000 457b0
           <...>-653   [002] ...1  4769.077721: do_swap_page: prefetch miss 604 "ImageManager" 7fbc46f000 457b0
           <...>-653   [002] ....  4769.077754: do_swap_page: prefetch miss 604 "ImageManager" 7fbe205000 9716
           <...>-653   [002] ...1  4769.079525: do_swap_page: prefetch miss 604 "ImageManager" 7fbe205000 9716
           <...>-653   [002] ....  4769.079574: do_swap_page: prefetch miss 604 "ImageManager" 7fbe206000 9717
           <...>-6426  [006] ....  4769.079641: do_swap_page: prefetch miss 6386 "RenderThread" 7ec095e000 1d7a1
           <...>-6507  [005] ....  4769.079942: do_swap_page: prefetch miss 6386 "GLThread 444" 7ea3ca6000 257f4
           <...>-653   [002] ...1  4769.081648: do_swap_page: prefetch miss 604 "ImageManager" 7fbe206000 9717
           <...>-6426  [007] ...1  4769.081668: do_swap_page: prefetch miss 6386 "RenderThread" 7ec095e000 1d7a1
           <...>-653   [002] ....  4769.081674: do_swap_page: prefetch miss 604 "ImageManager" 7fbe1ff000 417af
           <...>-6426  [007] ....  4769.081707: do_swap_page: prefetch miss 6386 "RenderThread" 7ec093c000 1d7a4
           <...>-6507  [005] ...1  4769.081778: do_swap_page: prefetch miss 6386 "GLThread 444" 7ea3ca6000 257f4
           <...>-24148 [007] ....  4769.082666: do_swap_page: prefetch miss 790 "netd" 7fbcd3a000 4974b
           <...>-653   [002] ...1  4769.083712: do_swap_page: prefetch miss 604 "ImageManager" 7fbe1ff000 417af
           <...>-6426  [006] ...1  4769.083717: do_swap_page: prefetch miss 6386 "RenderThread" 7ec093c000 1d7a4
           <...>-653   [002] ....  4769.083758: do_swap_page: prefetch miss 604 "ImageManager" 7fb7ed0000 9719
           <...>-725   [006] ....  4769.084210: do_swap_page: prefetch miss 604 "Binder:604_3" 7fbdc91000 417b7
           <...>-6426  [004] ....  4769.084288: do_swap_page: prefetch miss 6386 "RenderThread" 7f2d7c5000 217bb
           <...>-24148 [007] ...1  4769.084305: do_swap_page: prefetch miss 790 "netd" 7fbcd3a000 4974b
           <...>-24150 [004] ....  4769.084411: do_swap_page: prefetch miss 790 "netd" 7fba073000 1975b
           <...>-653   [002] ...1  4769.085976: do_swap_page: prefetch miss 604 "ImageManager" 7fb7ed0000 9719
           <...>-653   [002] ....  4769.086033: do_swap_page: prefetch miss 604 "ImageManager" 7fbe24d000 971a
           <...>-725   [006] ...1  4769.086051: do_swap_page: prefetch miss 604 "Binder:604_3" 7fbdc91000 417b7
           <...>-725   [006] ....  4769.086069: do_swap_page: prefetch miss 604 "Binder:604_3" 7fbdc90000 9729
           <...>-6426  [004] ...1  4769.086261: do_swap_page: prefetch miss 6386 "RenderThread" 7f2d7c5000 217bb
           <...>-6426  [004] ....  4769.086293: do_swap_page: prefetch miss 6386 "RenderThread" 7fbb7db000 217bd
           <...>-24150 [004] ...1  4769.086330: do_swap_page: prefetch miss 790 "netd" 7fba073000 1975b
           <...>-653   [002] ...1  4769.088142: do_swap_page: prefetch miss 604 "ImageManager" 7fbe24d000 971a
           <...>-725   [006] ...1  4769.088158: do_swap_page: prefetch miss 604 "Binder:604_3" 7fbdc90000 9729
           <...>-653   [002] ....  4769.088171: do_swap_page: prefetch miss 604 "ImageManager" 7fb93a9000 417b0
           <...>-6426  [004] ...1  4769.088330: do_swap_page: prefetch miss 6386 "RenderThread" 7fbb7db000 217bd
           <...>-6426  [004] ....  4769.088486: do_swap_page: prefetch miss 6386 "RenderThread" 7ec0986000 29712
           <...>-653   [002] ...1  4769.090363: do_swap_page: prefetch miss 604 "ImageManager" 7fb93a9000 417b0
           <...>-6426  [004] ...1  4769.090389: do_swap_page: prefetch miss 6386 "RenderThread" 7ec0986000 29712
           <...>-653   [002] ....  4769.090542: do_swap_page: prefetch miss 604 "ImageManager" 7fba63a000 417b1
           <...>-6426  [004] ....  4769.090561: do_swap_page: prefetch miss 6386 "RenderThread" 7ec08ec000 29717
           <...>-653   [002] ...1  4769.092601: do_swap_page: prefetch miss 604 "ImageManager" 7fba63a000 417b1
           <...>-6426  [004] ...1  4769.092606: do_swap_page: prefetch miss 6386 "RenderThread" 7ec08ec000 29717
           <...>-653   [002] ....  4769.092624: do_swap_page: prefetch miss 604 "ImageManager" 7fba63b000 417b2
           <...>-6426  [004] ....  4769.092695: do_swap_page: prefetch miss 6386 "RenderThread" 7f2d706000 217c5
           <...>-653   [002] ...1  4769.094480: do_swap_page: prefetch miss 604 "ImageManager" 7fba63b000 417b2
           <...>-6426  [004] ...1  4769.094491: do_swap_page: prefetch miss 6386 "RenderThread" 7f2d706000 217c5
           <...>-653   [002] ....  4769.094504: do_swap_page: prefetch miss 604 "ImageManager" 7fba63c000 417b3
           <...>-6426  [004] ....  4769.094551: do_swap_page: prefetch miss 6386 "RenderThread" 7f2d780000 217cb
           <...>-6426  [004] ...1  4769.096759: do_swap_page: prefetch miss 6386 "RenderThread" 7f2d780000 217cb
           <...>-653   [002] ...1  4769.096814: do_swap_page: prefetch miss 604 "ImageManager" 7fba63c000 417b3
           <...>-6426  [004] ....  4769.096829: do_swap_page: prefetch miss 6386 "RenderThread" 7ec08f6000 217cd
           <...>-653   [002] ....  4769.096860: do_swap_page: prefetch miss 604 "ImageManager" 7fba63d000 457b1
           <...>-6426  [004] ...1  4769.098776: do_swap_page: prefetch miss 6386 "RenderThread" 7ec08f6000 217cd
           <...>-653   [002] ...1  4769.098835: do_swap_page: prefetch miss 604 "ImageManager" 7fba63d000 457b1
           <...>-653   [002] ....  4769.098872: do_swap_page: prefetch miss 604 "ImageManager" 7fba63e000 417b4
           <...>-6426  [004] ....  4769.098883: do_swap_page: prefetch miss 6386 "RenderThread" 7ebf152000 217d0
           <...>-653   [002] ...1  4769.100920: do_swap_page: prefetch miss 604 "ImageManager" 7fba63e000 417b4
           <...>-6426  [004] ...1  4769.100933: do_swap_page: prefetch miss 6386 "RenderThread" 7ebf152000 217d0
           <...>-6426  [004] ....  4769.100990: do_swap_page: prefetch miss 6386 "RenderThread" 7ec0960000 217d4
           <...>-653   [002] ....  4769.101000: do_swap_page: prefetch miss 604 "ImageManager" 7fbe213000 9721
           <...>-653   [002] ...1  4769.102998: do_swap_page: prefetch miss 604 "ImageManager" 7fbe213000 9721
           <...>-6426  [004] ...1  4769.103006: do_swap_page: prefetch miss 6386 "RenderThread" 7ec0960000 217d4
           <...>-653   [002] ....  4769.103029: do_swap_page: prefetch miss 604 "ImageManager" 7fbe211000 9722
           <...>-6426  [004] ....  4769.103374: do_swap_page: prefetch miss 6386 "RenderThread" 7f2d738000 217d8
           <...>-653   [002] ...1  4769.104921: do_swap_page: prefetch miss 604 "ImageManager" 7fbe211000 9722
           <...>-6426  [004] ...1  4769.104936: do_swap_page: prefetch miss 6386 "RenderThread" 7f2d738000 217d8
           <...>-653   [002] ....  4769.104974: do_swap_page: prefetch miss 604 "ImageManager" 7fbe251000 9723
 .candycrushsaga-6386  [006] ....  4769.105232: do_swap_page: prefetch miss 6386 ".candycrushsaga" 9e142000 217d9
     logd.writer-576   [001] ....  4769.105469: do_swap_page: prefetch miss 560 "logd.writer" 7fbd7b0000 417bb
           <...>-653   [002] ...1  4769.107080: do_swap_page: prefetch miss 604 "ImageManager" 7fbe251000 9723
           <...>-653   [002] ....  4769.107105: do_swap_page: prefetch miss 604 "ImageManager" 7fbe215000 9724
 .candycrushsaga-6386  [006] ...1  4769.107107: do_swap_page: prefetch miss 6386 ".candycrushsaga" 9e142000 217d9
 .candycrushsaga-6386  [006] ....  4769.107118: do_swap_page: prefetch miss 6386 ".candycrushsaga" 9e0f4000 217da
     logd.writer-576   [001] ...1  4769.107309: do_swap_page: prefetch miss 560 "logd.writer" 7fbd7b0000 417bb
     logd.writer-576   [001] ....  4769.107585: do_swap_page: prefetch miss 560 "logd.writer" 7fbd7e8000 417b8
           <...>-653   [002] ...1  4769.109179: do_swap_page: prefetch miss 604 "ImageManager" 7fbe215000 9724
 .candycrushsaga-6386  [006] ...1  4769.109192: do_swap_page: prefetch miss 6386 ".candycrushsaga" 9e0f4000 217da
           <...>-653   [002] ....  4769.109218: do_swap_page: prefetch miss 604 "ImageManager" 7fba643000 417b5
   Binder:1338_A-2168  [006] ....  4769.109636: do_swap_page: prefetch miss 1338 "Binder:1338_A" 7f20b8a000 217dc
     logd.writer-576   [001] ...1  4769.109707: do_swap_page: prefetch miss 560 "logd.writer" 7fbd7e8000 417b8
           <...>-870   [001] ....  4769.111343: do_swap_page: prefetch miss 870 "logcatd" 7fbd9c6000 457b6
           <...>-653   [002] ...1  4769.111572: do_swap_page: prefetch miss 604 "ImageManager" 7fba643000 417b5
   Binder:1338_A-2168  [006] ...1  4769.111590: do_swap_page: prefetch miss 1338 "Binder:1338_A" 7f20b8a000 217dc
   Binder:1338_A-2168  [006] ....  4769.111620: do_swap_page: prefetch miss 1338 "Binder:1338_A" 9e161000 1729
           <...>-653   [002] ....  4769.111861: do_swap_page: prefetch miss 604 "ImageManager" 7fbe250000 9726
           <...>-870   [001] ...1  4769.113303: do_swap_page: prefetch miss 870 "logcatd" 7fbd9c6000 457b6
   Binder:1338_A-2168  [006] ...1  4769.113317: do_swap_page: prefetch miss 1338 "Binder:1338_A" 9e161000 1729
           <...>-653   [002] ...1  4769.113348: do_swap_page: prefetch miss 604 "ImageManager" 7fbe250000 9726
           <...>-653   [002] ....  4769.113380: do_swap_page: prefetch miss 604 "ImageManager" 7fbe1e6000 9727
   Binder:1338_A-2168  [006] ....  4769.113533: do_swap_page: prefetch miss 1338 "Binder:1338_A" 7ed17ce000 d71b
           <...>-653   [002] ...1  4769.116871: do_swap_page: prefetch miss 604 "ImageManager" 7fbe1e6000 9727
   Binder:1338_A-2168  [006] ...1  4769.116873: do_swap_page: prefetch miss 1338 "Binder:1338_A" 7ed17ce000 d71b
           <...>-653   [002] ....  4769.117028: do_swap_page: prefetch miss 604 "ImageManager" 7fb94ea000 d715
           <...>-653   [002] ...1  4769.118826: do_swap_page: prefetch miss 604 "ImageManager" 7fb94ea000 d715
           <...>-2064  [005] ....  4769.119014: do_swap_page: prefetch miss 913 "Binder:913_2" f7a80000 457b7
           <...>-2064  [005] ...1  4769.120943: do_swap_page: prefetch miss 913 "Binder:913_2" f7a80000 457b7
           <...>-2064  [005] ....  4769.120968: do_swap_page: prefetch miss 913 "Binder:913_2" f3280000 3d7f8
           <...>-2064  [005] ...1  4769.123652: do_swap_page: prefetch miss 913 "Binder:913_2" f3280000 3d7f8
           <...>-2064  [005] ....  4769.123665: do_swap_page: prefetch miss 913 "Binder:913_2" f6678000 3d7f9
           <...>-2064  [005] ...1  4769.126391: do_swap_page: prefetch miss 913 "Binder:913_2" f6678000 3d7f9
           <...>-2064  [005] ....  4769.126405: do_swap_page: prefetch miss 913 "Binder:913_2" f7a4a000 3d7fa
           <...>-2064  [005] ...1  4769.128838: do_swap_page: prefetch miss 913 "Binder:913_2" f7a4a000 3d7fa
           <...>-2064  [005] ....  4769.128852: do_swap_page: prefetch miss 913 "Binder:913_2" f7a23000 3d7fb
           <...>-2064  [005] ...1  4769.130596: do_swap_page: prefetch miss 913 "Binder:913_2" f7a23000 3d7fb
           <...>-2064  [005] ....  4769.130616: do_swap_page: prefetch miss 913 "Binder:913_2" f7a06000 3d7fc
           <...>-2064  [005] ...1  4769.132624: do_swap_page: prefetch miss 913 "Binder:913_2" f7a06000 3d7fc
           <...>-2064  [005] ....  4769.132630: do_swap_page: prefetch miss 913 "Binder:913_2" f7a10000 3d7fd
           <...>-2064  [005] ...1  4769.134336: do_swap_page: prefetch miss 913 "Binder:913_2" f7a10000 3d7fd
           <...>-2064  [005] ....  4769.134348: do_swap_page: prefetch miss 913 "Binder:913_2" f7aef000 3d7fe
           <...>-2064  [005] ...1  4769.136016: do_swap_page: prefetch miss 913 "Binder:913_2" f7aef000 3d7fe
           <...>-2064  [005] ....  4769.136029: do_swap_page: prefetch miss 913 "Binder:913_2" f6f39000 3d7ff
           <...>-2064  [005] ...1  4769.137875: do_swap_page: prefetch miss 913 "Binder:913_2" f6f39000 3d7ff
           <...>-2064  [005] ....  4769.137883: do_swap_page: prefetch miss 913 "Binder:913_2" f7a05000 4d700
           <...>-2064  [005] ...1  4769.139688: do_swap_page: prefetch miss 913 "Binder:913_2" f7a05000 4d700
           <...>-2064  [005] ....  4769.139697: do_swap_page: prefetch miss 913 "Binder:913_2" f7a5c000 457b8
           <...>-2064  [005] ...1  4769.142081: do_swap_page: prefetch miss 913 "Binder:913_2" f7a5c000 457b8
           <...>-2064  [005] ....  4769.142098: do_swap_page: prefetch miss 913 "Binder:913_2" f327f000 4d701
           <...>-2064  [005] ...1  4769.143780: do_swap_page: prefetch miss 913 "Binder:913_2" f327f000 4d701
           <...>-2064  [005] ....  4769.143792: do_swap_page: prefetch miss 913 "Binder:913_2" f667b000 9771
           <...>-2064  [005] ...1  4769.145884: do_swap_page: prefetch miss 913 "Binder:913_2" f667b000 9771
           <...>-2064  [005] ....  4769.145932: do_swap_page: prefetch miss 913 "Binder:913_2" f7a09000 417c4
           <...>-2064  [005] ...1  4769.155882: do_swap_page: prefetch miss 913 "Binder:913_2" f7a09000 417c4
           <...>-2064  [005] ....  4769.155933: do_swap_page: prefetch miss 913 "Binder:913_2" f7a38000 417c5
           <...>-2064  [005] ...1  4769.158497: do_swap_page: prefetch miss 913 "Binder:913_2" f7a38000 417c5
           <...>-2064  [005] ....  4769.158528: do_swap_page: prefetch miss 913 "Binder:913_2" f3531000 417c6
           <...>-2064  [005] ...1  4769.162213: do_swap_page: prefetch miss 913 "Binder:913_2" f3531000 417c6
           <...>-2064  [005] ....  4769.162261: do_swap_page: prefetch miss 913 "Binder:913_2" f7121000 d721
           <...>-2064  [005] ...1  4769.164251: do_swap_page: prefetch miss 913 "Binder:913_2" f7121000 d721
           <...>-2064  [005] ....  4769.164389: do_swap_page: prefetch miss 913 "Binder:913_2" f7a14000 d722
           <...>-2064  [005] ...1  4769.166310: do_swap_page: prefetch miss 913 "Binder:913_2" f7a14000 d722
           <...>-2064  [005] ....  4769.166351: do_swap_page: prefetch miss 913 "Binder:913_2" f7b09000 417c7
           <...>-2064  [005] ...1  4769.168286: do_swap_page: prefetch miss 913 "Binder:913_2" f7b09000 417c7
           <...>-2064  [005] ....  4769.168312: do_swap_page: prefetch miss 913 "Binder:913_2" f7b00000 457b9
           <...>-2064  [005] ...1  4769.170035: do_swap_page: prefetch miss 913 "Binder:913_2" f7b00000 457b9
           <...>-2064  [005] ....  4769.170067: do_swap_page: prefetch miss 913 "Binder:913_2" f3546000 49751
           <...>-2064  [005] ...1  4769.171856: do_swap_page: prefetch miss 913 "Binder:913_2" f3546000 49751
           <...>-2064  [005] ....  4769.171902: do_swap_page: prefetch miss 913 "Binder:913_2" f2b39000 4d703
           <...>-2064  [005] ...1  4769.173951: do_swap_page: prefetch miss 913 "Binder:913_2" f2b39000 4d703
           <...>-2064  [005] ....  4769.173979: do_swap_page: prefetch miss 913 "Binder:913_2" f3500000 49753
           <...>-2064  [005] ...1  4769.175665: do_swap_page: prefetch miss 913 "Binder:913_2" f3500000 49753
           <...>-2064  [005] ....  4769.175710: do_swap_page: prefetch miss 913 "Binder:913_2" f65ab000 d726
           <...>-2064  [005] ...1  4769.177757: do_swap_page: prefetch miss 913 "Binder:913_2" f65ab000 d726
           <...>-2064  [005] ....  4769.177840: do_swap_page: prefetch miss 913 "Binder:913_2" f27d6000 49756
           <...>-2064  [005] ...1  4769.179834: do_swap_page: prefetch miss 913 "Binder:913_2" f27d6000 49756
           <...>-2064  [005] ....  4769.179873: do_swap_page: prefetch miss 913 "Binder:913_2" f352a000 49757
           <...>-2064  [005] ...1  4769.181764: do_swap_page: prefetch miss 913 "Binder:913_2" f352a000 49757
           <...>-2064  [005] ....  4769.181825: do_swap_page: prefetch miss 913 "Binder:913_2" f3502000 4975e
           <...>-2064  [005] ...1  4769.184069: do_swap_page: prefetch miss 913 "Binder:913_2" f3502000 4975e
           <...>-2064  [005] ....  4769.184180: do_swap_page: prefetch miss 913 "Binder:913_2" f7b08000 4975a
           <...>-2065  [005] ....  4769.184285: do_swap_page: prefetch miss 913 "Binder:913_3" f352c000 4975b
           <...>-2064  [005] ...1  4769.186090: do_swap_page: prefetch miss 913 "Binder:913_2" f7b08000 4975a
           <...>-2065  [005] ...1  4769.186110: do_swap_page: prefetch miss 913 "Binder:913_3" f352c000 4975b
           <...>-2065  [005] ....  4769.186136: do_swap_page: prefetch miss 913 "Binder:913_3" f3505000 4975f
           <...>-2065  [005] ...1  4769.187969: do_swap_page: prefetch miss 913 "Binder:913_3" f3505000 4975f
           <...>-2065  [005] ....  4769.188023: do_swap_page: prefetch miss 913 "Binder:913_3" f7a0a000 49788
           <...>-2065  [005] ...1  4769.190206: do_swap_page: prefetch miss 913 "Binder:913_3" f7a0a000 49788
           <...>-2065  [005] ....  4769.190222: do_swap_page: prefetch miss 913 "Binder:913_3" f7a25000 4d709
           <...>-2065  [005] ...1  4769.192159: do_swap_page: prefetch miss 913 "Binder:913_3" f7a25000 4d709
           <...>-2065  [005] ....  4769.192179: do_swap_page: prefetch miss 913 "Binder:913_3" f7a24000 d72d
           <...>-2065  [005] ...1  4769.193903: do_swap_page: prefetch miss 913 "Binder:913_3" f7a24000 d72d
           <...>-2065  [005] ....  4769.193913: do_swap_page: prefetch miss 913 "Binder:913_3" f7b05000 d72b
           <...>-2065  [005] ...1  4769.195874: do_swap_page: prefetch miss 913 "Binder:913_3" f7b05000 d72b
           <...>-2065  [005] ....  4769.195900: do_swap_page: prefetch miss 913 "Binder:913_3" f58f7000 49765
           <...>-2065  [005] ...1  4769.197814: do_swap_page: prefetch miss 913 "Binder:913_3" f58f7000 49765
           <...>-2065  [005] ....  4769.197821: do_swap_page: prefetch miss 913 "Binder:913_3" f7a12000 49766
           <...>-2065  [005] ...1  4769.199484: do_swap_page: prefetch miss 913 "Binder:913_3" f7a12000 49766
           <...>-2065  [005] ....  4769.199496: do_swap_page: prefetch miss 913 "Binder:913_3" f3533000 4976b
           <...>-2065  [005] ...1  4769.201287: do_swap_page: prefetch miss 913 "Binder:913_3" f3533000 4976b
           <...>-2065  [005] ....  4769.201301: do_swap_page: prefetch miss 913 "Binder:913_3" f356b000 49767
           <...>-2065  [005] ...1  4769.203100: do_swap_page: prefetch miss 913 "Binder:913_3" f356b000 49767
           <...>-2065  [005] ....  4769.203108: do_swap_page: prefetch miss 913 "Binder:913_3" f3503000 49759
           <...>-2065  [005] ...1  4769.204820: do_swap_page: prefetch miss 913 "Binder:913_3" f3503000 49759
           <...>-2065  [005] ....  4769.204834: do_swap_page: prefetch miss 913 "Binder:913_3" f6fa3000 49768
           <...>-2065  [005] ...1  4769.207291: do_swap_page: prefetch miss 913 "Binder:913_3" f6fa3000 49768
           <...>-2065  [005] ....  4769.207306: do_swap_page: prefetch miss 913 "Binder:913_3" f3544000 4d740
           <...>-2065  [005] ...1  4769.209127: do_swap_page: prefetch miss 913 "Binder:913_3" f3544000 4d740
           <...>-2065  [005] ....  4769.209155: do_swap_page: prefetch miss 913 "Binder:913_3" f7b15000 49771
           <...>-2065  [005] ...1  4769.210859: do_swap_page: prefetch miss 913 "Binder:913_3" f7b15000 49771
           <...>-2065  [005] ....  4769.210909: do_swap_page: prefetch miss 913 "Binder:913_3" f7b0e000 4977f
           <...>-2065  [005] ...1  4769.212859: do_swap_page: prefetch miss 913 "Binder:913_3" f7b0e000 4977f
           <...>-2065  [005] ....  4769.212905: do_swap_page: prefetch miss 913 "Binder:913_3" f3603000 4976d
           <...>-2065  [005] ...1  4769.214701: do_swap_page: prefetch miss 913 "Binder:913_3" f3603000 4976d
           <...>-2065  [005] ....  4769.214732: do_swap_page: prefetch miss 913 "Binder:913_3" f6680000 1733
           <...>-2065  [005] ...1  4769.218910: do_swap_page: prefetch miss 913 "Binder:913_3" f6680000 1733
           <...>-2065  [005] ....  4769.218954: do_swap_page: prefetch miss 913 "Binder:913_3" f3601000 4976e
           <...>-2065  [005] ...1  4769.220586: do_swap_page: prefetch miss 913 "Binder:913_3" f3601000 4976e
           <...>-2065  [005] ....  4769.220617: do_swap_page: prefetch miss 913 "Binder:913_3" f3600000 49770
           <...>-2065  [005] ...1  4769.222444: do_swap_page: prefetch miss 913 "Binder:913_3" f3600000 49770
           <...>-2065  [005] ....  4769.222490: do_swap_page: prefetch miss 913 "Binder:913_3" f351d000 49754
           <...>-2065  [005] ...1  4769.224418: do_swap_page: prefetch miss 913 "Binder:913_3" f351d000 49754
           <...>-2065  [005] ....  4769.224454: do_swap_page: prefetch miss 913 "Binder:913_3" f3538000 49772
           <...>-2065  [005] ...1  4769.226474: do_swap_page: prefetch miss 913 "Binder:913_3" f3538000 49772
           <...>-2065  [005] ....  4769.227478: do_swap_page: prefetch miss 913 "Binder:913_3" f207a000 49773
           <...>-2065  [005] ...1  4769.229156: do_swap_page: prefetch miss 913 "Binder:913_3" f207a000 49773
           <...>-2065  [005] ....  4769.229194: do_swap_page: prefetch miss 913 "Binder:913_3" f3553000 4978a
           <...>-24151 [003] ....  4769.229354: do_swap_page: prefetch miss 913 "Binder:913_3" f7b03000 49775
           <...>-2065  [005] ...1  4769.231099: do_swap_page: prefetch miss 913 "Binder:913_3" f3553000 4978a
           <...>-24151 [006] ...1  4769.231110: do_swap_page: prefetch miss 913 "Binder:913_3" f7b03000 49775
           <...>-24151 [006] ....  4769.231127: do_swap_page: prefetch miss 913 "Binder:913_3" f7b07000 49776
           <...>-2065  [006] ....  4769.231139: do_swap_page: prefetch miss 913 "Binder:913_3" f6679000 5717
           <...>-2065  [005] ...1  4769.232916: do_swap_page: prefetch miss 913 "Binder:913_3" f6679000 5717
           <...>-24151 [006] ...1  4769.232934: do_swap_page: prefetch miss 913 "Binder:913_3" f7b07000 49776
           <...>-24151 [006] ....  4769.232944: do_swap_page: prefetch miss 913 "Binder:913_3" f667d000 d731
           <...>-2065  [006] ....  4769.232950: do_swap_page: prefetch miss 913 "Binder:913_3" f7f29000 5718
           <...>-2065  [005] ...1  4769.234754: do_swap_page: prefetch miss 913 "Binder:913_3" f7f29000 5718
           <...>-24151 [006] ...1  4769.234770: do_swap_page: prefetch miss 913 "Binder:913_3" f667d000 d731
           <...>-24151 [006] ....  4769.234778: do_swap_page: prefetch miss 913 "Binder:913_3" f7a0b000 49762
           <...>-2065  [006] ....  4769.234783: do_swap_page: prefetch miss 913 "Binder:913_3" f72df000 49777
           <...>-2065  [005] ...1  4769.236494: do_swap_page: prefetch miss 913 "Binder:913_3" f72df000 49777
           <...>-24151 [006] ...1  4769.236503: do_swap_page: prefetch miss 913 "Binder:913_3" f7a0b000 49762
           <...>-24151 [006] ....  4769.236549: do_swap_page: prefetch miss 913 "Binder:913_3" f7a0c000 49778
           <...>-2065  [005] ....  4769.236681: do_swap_page: prefetch miss 913 "Binder:913_3" f3529000 4977b
           <...>-24151 [006] ...1  4769.238279: do_swap_page: prefetch miss 913 "Binder:913_3" f7a0c000 49778
           <...>-2065  [005] ...1  4769.238298: do_swap_page: prefetch miss 913 "Binder:913_3" f3529000 4977b
           <...>-24151 [006] ....  4769.238328: do_swap_page: prefetch miss 913 "Binder:913_3" f7b0c000 4977a
           <...>-2065  [006] ....  4769.238335: do_swap_page: prefetch miss 913 "Binder:913_3" f7a30000 4977e
           <...>-2065  [005] ...1  4769.240044: do_swap_page: prefetch miss 913 "Binder:913_3" f7a30000 4977e
           <...>-24151 [005] ...1  4769.240083: do_swap_page: prefetch miss 913 "Binder:913_3" f7b0c000 4977a
           <...>-24151 [006] ....  4769.240102: do_swap_page: prefetch miss 913 "Binder:913_3" f2ac7000 4977d
           <...>-2065  [003] ....  4769.240352: do_swap_page: prefetch miss 913 "Binder:913_3" f35a0000 49752
 NuPlayerDriver -24152 [005] ...1  4769.242130: do_swap_page: prefetch miss 913 "Binder:913_3" f2ac7000 4977d
           <...>-2065  [006] ...1  4769.242154: do_swap_page: prefetch miss 913 "Binder:913_3" f35a0000 49752
           <...>-2065  [006] ....  4769.242170: do_swap_page: prefetch miss 913 "Binder:913_3" f354b000 49758
 NuPlayerDriver -24152 [005] ....  4769.242186: do_swap_page: prefetch miss 913 "Binder:913_3" f2ac8000 49780
           <...>-24151 [006] ....  4769.242218: do_swap_page: prefetch miss 913 "Binder:913_3" f3604000 4976f
 NuPlayerDriver -24152 [005] ...1  4769.243768: do_swap_page: prefetch miss 913 "Binder:913_3" f2ac8000 49780
           <...>-2065  [006] ...1  4769.244863: do_swap_page: prefetch miss 913 "Binder:913_3" f354b000 49758
           <...>-2065  [006] ....  4769.244923: do_swap_page: prefetch miss 913 "Binder:913_3" f7068000 4d706
           <...>-24151 [006] ...1  4769.244927: do_swap_page: prefetch miss 913 "Binder:913_3" f3604000 4976f
           <...>-24151 [006] ....  4769.244955: do_swap_page: prefetch miss 913 "Binder:913_3" f3605000 417c8
           <...>-2065  [006] ...1  4769.247028: do_swap_page: prefetch miss 913 "Binder:913_3" f7068000 4d706
           <...>-2065  [006] ....  4769.247063: do_swap_page: prefetch miss 913 "Binder:913_3" f3530000 4976c
           <...>-24151 [006] ...1  4769.247066: do_swap_page: prefetch miss 913 "Binder:913_3" f3605000 417c8
           <...>-24151 [006] ....  4769.247098: do_swap_page: prefetch miss 913 "Binder:913_3" f3510000 4d702
 NuPlayerDriver -24152 [006] ....  4769.247105: do_swap_page: prefetch miss 913 "Binder:913_3" f6c3b000 977d
           <...>-2065  [005] ...1  4769.253894: do_swap_page: prefetch miss 913 "Binder:913_3" f3530000 4976c
 NuPlayerDriver -24152 [006] ...1  4769.253915: do_swap_page: prefetch miss 913 "Binder:913_3" f6c3b000 977d
 NuPlayerDriver -24152 [006] ....  4769.253923: do_swap_page: prefetch miss 913 "Binder:913_3" f3501000 4d705
           <...>-2065  [006] ....  4769.253929: do_swap_page: prefetch miss 913 "Binder:913_3" f6722000 4d708
           <...>-24151 [006] ...1  4769.253933: do_swap_page: prefetch miss 913 "Binder:913_3" f3510000 4d702
           <...>-2065  [005] ...1  4769.260282: do_swap_page: prefetch miss 913 "Binder:913_3" f6722000 4d708
           <...>-24151 [006] ...1  4769.260298: do_swap_page: prefetch miss 913 "Binder:913_3" f3501000 4d705
           <...>-24151 [006] ....  4769.260303: do_swap_page: prefetch miss 913 "Binder:913_3" f352f000 4d707
           <...>-2065  [006] ....  4769.260308: do_swap_page: prefetch miss 913 "Binder:913_3" f3543000 4d704
           <...>-2065  [005] ...1  4769.264964: do_swap_page: prefetch miss 913 "Binder:913_3" f3543000 4d704
 NuPlayerDriver -24152 [006] ...1  4769.264976: do_swap_page: prefetch miss 913 "Binder:913_3" f352f000 4d707
           <...>-2065  [005] ....  4769.265009: do_swap_page: prefetch miss 913 "Binder:913_3" f352d000 4d70a
           <...>-24151 [005] ....  4769.265038: do_swap_page: prefetch miss 913 "Binder:913_3" f3516000 4975d
           <...>-24145 [007] ....  4769.267141: do_swap_page: prefetch miss 6386 "pool-11-thread-" 7eafcda000 3d778
           <...>-2065  [005] ...1  4769.267286: do_swap_page: prefetch miss 913 "Binder:913_3" f352d000 4d70a
           <...>-2065  [005] ....  4769.267363: do_swap_page: prefetch miss 913 "Binder:913_3" f352e000 4d70c
           <...>-24151 [005] ...1  4769.267368: do_swap_page: prefetch miss 913 "Binder:913_3" f3516000 4975d
           <...>-24145 [007] ...1  4769.268877: do_swap_page: prefetch miss 6386 "pool-11-thread-" 7eafcda000 3d778
           <...>-24145 [007] ....  4769.268902: do_swap_page: prefetch miss 6386 "pool-11-thread-" 7eafe3a000 3d779
           <...>-2065  [005] ...1  4769.268943: do_swap_page: prefetch miss 913 "Binder:913_3" f352e000 4d70c
           <...>-2065  [005] ....  4769.268989: do_swap_page: prefetch miss 913 "Binder:913_3" f35fd000 4d70e
           <...>-24145 [007] ...1  4769.270659: do_swap_page: prefetch miss 6386 "pool-11-thread-" 7eafe3a000 3d779
           <...>-24145 [007] ....  4769.270680: do_swap_page: prefetch miss 6386 "pool-11-thread-" 7eafd58000 3d77a
           <...>-2065  [005] ...1  4769.270709: do_swap_page: prefetch miss 913 "Binder:913_3" f35fd000 4d70e
 hwservicemanage-562   [002] ....  4769.271189: do_swap_page: prefetch miss 562 "hwservicemanage" 7fbd24c000 417bd
           <...>-24145 [007] ...1  4769.272332: do_swap_page: prefetch miss 6386 "pool-11-thread-" 7eafd58000 3d77a
           <...>-24145 [007] ....  4769.272453: do_swap_page: prefetch miss 6386 "pool-11-thread-" 7e9e08a000 3d77f
 hwservicemanage-562   [002] ...1  4769.272659: do_swap_page: prefetch miss 562 "hwservicemanage" 7fbd24c000 417bd
           <...>-2065  [002] ....  4769.273099: do_swap_page: prefetch miss 913 "Binder:913_3" fffef000 5722
           <...>-24145 [007] ...1  4769.274515: do_swap_page: prefetch miss 6386 "pool-11-thread-" 7e9e08a000 3d77f
           <...>-24145 [007] ....  4769.274556: do_swap_page: prefetch miss 6386 "pool-11-thread-" 7ea43db000 3d780
           <...>-2065  [002] ...1  4769.274628: do_swap_page: prefetch miss 913 "Binder:913_3" fffef000 5722
 hwservicemanage-562   [002] ....  4769.274974: do_swap_page: prefetch miss 562 "hwservicemanage" 7fbd272000 d710
           <...>-24145 [007] ...1  4769.276447: do_swap_page: prefetch miss 6386 "pool-11-thread-" 7ea43db000 3d780
           <...>-24145 [007] ....  4769.276661: do_swap_page: prefetch miss 6386 "pool-11-thread-" 7eafe12000 3d782
 hwservicemanage-562   [002] ...1  4769.276737: do_swap_page: prefetch miss 562 "hwservicemanage" 7fbd272000 d710
           <...>-2065  [002] ....  4769.277005: do_swap_page: prefetch miss 913 "Binder:913_3" f7a52000 4d70d
           <...>-24145 [007] ...1  4769.278648: do_swap_page: prefetch miss 6386 "pool-11-thread-" 7eafe12000 3d782
           <...>-24145 [007] ....  4769.278677: do_swap_page: prefetch miss 6386 "pool-11-thread-" 7eafde5000 3d783
           <...>-2065  [002] ...1  4769.278755: do_swap_page: prefetch miss 913 "Binder:913_3" f7a52000 4d70d
           <...>-918   [002] ....  4769.278937: do_swap_page: prefetch miss 918 "omx@1.0-service" f7c0d000 4d710
           <...>-24145 [007] ...1  4769.280774: do_swap_page: prefetch miss 6386 "pool-11-thread-" 7eafde5000 3d783
           <...>-24145 [007] ....  4769.281097: do_swap_page: prefetch miss 6386 "pool-11-thread-" 7eaff14000 3d784
           <...>-918   [002] ...1  4769.281161: do_swap_page: prefetch miss 918 "omx@1.0-service" f7c0d000 4d710
           <...>-918   [002] ....  4769.281212: do_swap_page: prefetch miss 918 "omx@1.0-service" fffef000 4d711
           <...>-24145 [007] ...1  4769.283018: do_swap_page: prefetch miss 6386 "pool-11-thread-" 7eaff14000 3d784
           <...>-24145 [007] ....  4769.283042: do_swap_page: prefetch miss 6386 "pool-11-thread-" 7eafd2c000 3d785
           <...>-918   [002] ...1  4769.283098: do_swap_page: prefetch miss 918 "omx@1.0-service" fffef000 4d711
           <...>-918   [002] ....  4769.283148: do_swap_page: prefetch miss 918 "omx@1.0-service" f6256000 d733
           <...>-24145 [007] ...1  4769.284798: do_swap_page: prefetch miss 6386 "pool-11-thread-" 7eafd2c000 3d785
           <...>-24145 [007] ....  4769.285846: do_swap_page: prefetch miss 6386 "pool-11-thread-" 7ec081f000 3d76e
           <...>-918   [002] ...1  4769.285975: do_swap_page: prefetch miss 918 "omx@1.0-service" f6256000 d733
           <...>-918   [002] ....  4769.286002: do_swap_page: prefetch miss 918 "omx@1.0-service" f7bd1000 4d712
           <...>-24145 [007] ...1  4769.287854: do_swap_page: prefetch miss 6386 "pool-11-thread-" 7ec081f000 3d76e
           <...>-918   [002] ...1  4769.287873: do_swap_page: prefetch miss 918 "omx@1.0-service" f7bd1000 4d712
           <...>-918   [002] ....  4769.287896: do_swap_page: prefetch miss 918 "omx@1.0-service" f7bc9000 4d713
           <...>-24145 [007] ....  4769.288120: do_swap_page: prefetch miss 6386 "pool-11-thread-" 7f28cd0000 41747
           <...>-918   [002] ...1  4769.289946: do_swap_page: prefetch miss 918 "omx@1.0-service" f7bc9000 4d713
           <...>-24145 [007] ...1  4769.289948: do_swap_page: prefetch miss 6386 "pool-11-thread-" 7f28cd0000 41747
           <...>-918   [002] ....  4769.289980: do_swap_page: prefetch miss 918 "omx@1.0-service" f7dde000 1738
