           <...>-918   [002] ...1  4769.291788: do_swap_page: prefetch miss 918 "omx@1.0-service" f7dde000 1738
           <...>-918   [002] ....  4769.291811: do_swap_page: prefetch miss 918 "omx@1.0-service" f7fef000 1739
           <...>-918   [002] ...1  4769.293631: do_swap_page: prefetch miss 918 "omx@1.0-service" f7fef000 1739
           <...>-918   [002] ....  4769.293750: do_swap_page: prefetch miss 918 "omx@1.0-service" f7ba6000 417c9
           <...>-918   [002] ...1  4769.295595: do_swap_page: prefetch miss 918 "omx@1.0-service" f7ba6000 417c9
           <...>-918   [002] ....  4769.295688: do_swap_page: prefetch miss 918 "omx@1.0-service" f7baf000 417ca
           <...>-918   [002] ...1  4769.297428: do_swap_page: prefetch miss 918 "omx@1.0-service" f7baf000 417ca
           <...>-918   [002] ....  4769.297543: do_swap_page: prefetch miss 918 "omx@1.0-service" f7bfe000 417cb
           <...>-918   [002] ...1  4769.299260: do_swap_page: prefetch miss 918 "omx@1.0-service" f7bfe000 417cb
           <...>-918   [002] ....  4769.299410: do_swap_page: prefetch miss 918 "omx@1.0-service" f7079000 417cc
           <...>-918   [002] ...1  4769.301101: do_swap_page: prefetch miss 918 "omx@1.0-service" f7079000 417cc
           <...>-918   [002] ....  4769.301220: do_swap_page: prefetch miss 918 "omx@1.0-service" f7ba4000 417cd
           <...>-918   [002] ...1  4769.303282: do_swap_page: prefetch miss 918 "omx@1.0-service" f7ba4000 417cd
           <...>-918   [002] ....  4769.303398: do_swap_page: prefetch miss 918 "omx@1.0-service" f7bb9000 417ce
           <...>-918   [002] ...1  4769.305258: do_swap_page: prefetch miss 918 "omx@1.0-service" f7bb9000 417ce
           <...>-918   [002] ....  4769.305379: do_swap_page: prefetch miss 918 "omx@1.0-service" f719b000 1740
           <...>-918   [002] ...1  4769.307384: do_swap_page: prefetch miss 918 "omx@1.0-service" f719b000 1740
           <...>-918   [002] ....  4769.307500: do_swap_page: prefetch miss 918 "omx@1.0-service" f6259000 1741
           <...>-918   [002] ...1  4769.309613: do_swap_page: prefetch miss 918 "omx@1.0-service" f6259000 1741
           <...>-918   [002] ....  4769.309708: do_swap_page: prefetch miss 918 "omx@1.0-service" f7ba8000 417cf
           <...>-918   [002] ...1  4769.311393: do_swap_page: prefetch miss 918 "omx@1.0-service" f7ba8000 417cf
           <...>-918   [002] ....  4769.311471: do_swap_page: prefetch miss 918 "omx@1.0-service" f7b9f000 417d0
           <...>-918   [002] ...1  4769.313415: do_swap_page: prefetch miss 918 "omx@1.0-service" f7b9f000 417d0
           <...>-918   [002] ....  4769.313527: do_swap_page: prefetch miss 918 "omx@1.0-service" f7bc1000 417d1
           <...>-918   [002] ...1  4769.315531: do_swap_page: prefetch miss 918 "omx@1.0-service" f7bc1000 417d1
           <...>-918   [002] ....  4769.315668: do_swap_page: prefetch miss 918 "omx@1.0-service" f7bb3000 417d2
           <...>-918   [002] ...1  4769.318366: do_swap_page: prefetch miss 918 "omx@1.0-service" f7bb3000 417d2
           <...>-918   [002] ....  4769.318456: do_swap_page: prefetch miss 918 "omx@1.0-service" f7c38000 417d3
           <...>-918   [002] ...1  4769.321564: do_swap_page: prefetch miss 918 "omx@1.0-service" f7c38000 417d3
           <...>-918   [002] ....  4769.321679: do_swap_page: prefetch miss 918 "omx@1.0-service" f7c3b000 457ba
           <...>-918   [002] ...1  4769.323490: do_swap_page: prefetch miss 918 "omx@1.0-service" f7c3b000 457ba
           <...>-918   [002] ....  4769.323583: do_swap_page: prefetch miss 918 "omx@1.0-service" f7c3d000 457bb
           <...>-918   [002] ...1  4769.325262: do_swap_page: prefetch miss 918 "omx@1.0-service" f7c3d000 457bb
           <...>-918   [002] ....  4769.325352: do_swap_page: prefetch miss 918 "omx@1.0-service" f6006000 457bc
           <...>-918   [002] ...1  4769.327059: do_swap_page: prefetch miss 918 "omx@1.0-service" f6006000 457bc
           <...>-918   [002] ....  4769.327177: do_swap_page: prefetch miss 918 "omx@1.0-service" f6000000 457bd
           <...>-918   [002] ...1  4769.329065: do_swap_page: prefetch miss 918 "omx@1.0-service" f6000000 457bd
           <...>-918   [002] ....  4769.329201: do_swap_page: prefetch miss 918 "omx@1.0-service" f7ba5000 457be
           <...>-918   [002] ...1  4769.330916: do_swap_page: prefetch miss 918 "omx@1.0-service" f7ba5000 457be
           <...>-918   [002] ....  4769.331034: do_swap_page: prefetch miss 918 "omx@1.0-service" f7bc3000 4d714
           <...>-918   [002] ...1  4769.332854: do_swap_page: prefetch miss 918 "omx@1.0-service" f7bc3000 4d714
           <...>-918   [002] ....  4769.333012: do_swap_page: prefetch miss 918 "omx@1.0-service" f6007000 d73a
           <...>-2065  [002] ....  4769.333307: do_swap_page: prefetch miss 913 "Binder:913_3" f73ec000 4d715
           <...>-918   [002] ...1  4769.334823: do_swap_page: prefetch miss 918 "omx@1.0-service" f6007000 d73a
           <...>-2065  [002] ...1  4769.334871: do_swap_page: prefetch miss 913 "Binder:913_3" f73ec000 4d715
           <...>-2065  [002] ....  4769.334979: do_swap_page: prefetch miss 913 "Binder:913_3" f4f79000 4d716
           <...>-2065  [002] ...1  4769.336680: do_swap_page: prefetch miss 913 "Binder:913_3" f4f79000 4d716
           <...>-2065  [002] ....  4769.336819: do_swap_page: prefetch miss 913 "Binder:913_3" f75a1000 9788
           <...>-2065  [002] ...1  4769.338626: do_swap_page: prefetch miss 913 "Binder:913_3" f75a1000 9788
           <...>-2065  [002] ....  4769.338845: do_swap_page: prefetch miss 913 "Binder:913_3" f3540000 51718
           <...>-2065  [002] ...1  4769.340579: do_swap_page: prefetch miss 913 "Binder:913_3" f3540000 51718
 hwservicemanage-562   [002] ....  4769.340918: do_swap_page: prefetch miss 562 "hwservicemanage" 7fbd245000 417be
 hwservicemanage-562   [002] ...1  4769.342815: do_swap_page: prefetch miss 562 "hwservicemanage" 7fbd245000 417be
 hwservicemanage-562   [002] ....  4769.342925: do_swap_page: prefetch miss 562 "hwservicemanage" 7fbd238000 417bf
 hwservicemanage-562   [002] ...1  4769.344991: do_swap_page: prefetch miss 562 "hwservicemanage" 7fbd238000 417bf
    mediaswcodec-923   [002] ....  4769.345795: do_swap_page: prefetch miss 923 "mediaswcodec" 2755553000 4d717
    mediaswcodec-923   [005] ...1  4769.348893: do_swap_page: prefetch miss 923 "mediaswcodec" 2755553000 4d717
    mediaswcodec-923   [005] ....  4769.348960: do_swap_page: prefetch miss 923 "mediaswcodec" 7fbcc7d000 457c0
    mediaswcodec-923   [005] ...1  4769.350726: do_swap_page: prefetch miss 923 "mediaswcodec" 7fbcc7d000 457c0
    mediaswcodec-923   [005] ....  4769.350733: do_swap_page: prefetch miss 923 "mediaswcodec" 195555c000 457c1
    mediaswcodec-923   [005] ...1  4769.352753: do_swap_page: prefetch miss 923 "mediaswcodec" 195555c000 457c1
    mediaswcodec-923   [005] ....  4769.352767: do_swap_page: prefetch miss 923 "mediaswcodec" 1855561000 457c2
    mediaswcodec-923   [005] ...1  4769.354478: do_swap_page: prefetch miss 923 "mediaswcodec" 1855561000 457c2
    mediaswcodec-923   [005] ....  4769.354486: do_swap_page: prefetch miss 923 "mediaswcodec" 185555b000 457c3
    mediaswcodec-923   [005] ...1  4769.356370: do_swap_page: prefetch miss 923 "mediaswcodec" 185555b000 457c3
    mediaswcodec-923   [005] ....  4769.356378: do_swap_page: prefetch miss 923 "mediaswcodec" 205555e000 457c4
    mediaswcodec-923   [005] ...1  4769.358041: do_swap_page: prefetch miss 923 "mediaswcodec" 205555e000 457c4
    mediaswcodec-923   [005] ....  4769.358072: do_swap_page: prefetch miss 923 "mediaswcodec" 7fbc7e6000 457c5
    mediaswcodec-923   [005] ...1  4769.359854: do_swap_page: prefetch miss 923 "mediaswcodec" 7fbc7e6000 457c5
    mediaswcodec-923   [005] ....  4769.359862: do_swap_page: prefetch miss 923 "mediaswcodec" 2655559000 457c6
    mediaswcodec-923   [005] ...1  4769.361674: do_swap_page: prefetch miss 923 "mediaswcodec" 2655559000 457c6
    mediaswcodec-923   [005] ....  4769.361680: do_swap_page: prefetch miss 923 "mediaswcodec" 1855560000 457c7
    mediaswcodec-923   [005] ...1  4769.363642: do_swap_page: prefetch miss 923 "mediaswcodec" 1855560000 457c7
    mediaswcodec-923   [005] ....  4769.363659: do_swap_page: prefetch miss 923 "mediaswcodec" 7fbd01e000 457c8
    mediaswcodec-923   [005] ...1  4769.367539: do_swap_page: prefetch miss 923 "mediaswcodec" 7fbd01e000 457c8
    mediaswcodec-923   [005] ....  4769.367551: do_swap_page: prefetch miss 923 "mediaswcodec" 7fbe361000 457c9
    mediaswcodec-923   [005] ...1  4769.369443: do_swap_page: prefetch miss 923 "mediaswcodec" 7fbe361000 457c9
    mediaswcodec-923   [005] ....  4769.369450: do_swap_page: prefetch miss 923 "mediaswcodec" 7fbe360000 457ca
    mediaswcodec-923   [005] ...1  4769.371284: do_swap_page: prefetch miss 923 "mediaswcodec" 7fbe360000 457ca
    mediaswcodec-923   [005] ....  4769.371430: do_swap_page: prefetch miss 923 "mediaswcodec" 1a55561000 417e5
    mediaswcodec-923   [005] ...1  4769.373294: do_swap_page: prefetch miss 923 "mediaswcodec" 1a55561000 417e5
           <...>-7086  [005] ....  4769.373484: do_swap_page: prefetch miss 923 "HwBinder:923_8" 175555a000 457bf
    mediaswcodec-923   [005] ....  4769.373566: do_swap_page: prefetch miss 923 "mediaswcodec" 7fbc3d3000 97b0
           <...>-7086  [005] ...1  4769.374993: do_swap_page: prefetch miss 923 "HwBinder:923_8" 175555a000 457bf
           <...>-7086  [005] ....  4769.375013: do_swap_page: prefetch miss 923 "HwBinder:923_8" 1a5555d000 417d7
    mediaswcodec-923   [005] ...1  4769.375348: do_swap_page: prefetch miss 923 "mediaswcodec" 7fbc3d3000 97b0
           <...>-7086  [005] ...1  4769.377405: do_swap_page: prefetch miss 923 "HwBinder:923_8" 1a5555d000 417d7
           <...>-7086  [005] ....  4769.377417: do_swap_page: prefetch miss 923 "HwBinder:923_8" 185555f000 417d8
           <...>-7086  [005] ...1  4769.379876: do_swap_page: prefetch miss 923 "HwBinder:923_8" 185555f000 417d8
           <...>-7086  [005] ....  4769.379938: do_swap_page: prefetch miss 923 "HwBinder:923_8" 1a55559000 417d9
           <...>-7086  [005] ...1  4769.381794: do_swap_page: prefetch miss 923 "HwBinder:923_8" 1a55559000 417d9
           <...>-7086  [005] ....  4769.381800: do_swap_page: prefetch miss 923 "HwBinder:923_8" 1a55581000 417da
           <...>-7086  [005] ...1  4769.383624: do_swap_page: prefetch miss 923 "HwBinder:923_8" 1a55581000 417da
           <...>-7086  [005] ....  4769.383637: do_swap_page: prefetch miss 923 "HwBinder:923_8" 1a5555f000 417db
           <...>-7086  [005] ...1  4769.385590: do_swap_page: prefetch miss 923 "HwBinder:923_8" 1a5555f000 417db
           <...>-7086  [005] ....  4769.385606: do_swap_page: prefetch miss 923 "HwBinder:923_8" 1a55580000 417dc
           <...>-7086  [005] ...1  4769.387440: do_swap_page: prefetch miss 923 "HwBinder:923_8" 1a55580000 417dc
           <...>-7086  [005] ....  4769.387451: do_swap_page: prefetch miss 923 "HwBinder:923_8" 1a55558000 417dd
           <...>-7086  [005] ...1  4769.389551: do_swap_page: prefetch miss 923 "HwBinder:923_8" 1a55558000 417dd
           <...>-7086  [005] ....  4769.389568: do_swap_page: prefetch miss 923 "HwBinder:923_8" 1855554000 417de
           <...>-7086  [005] ...1  4769.391399: do_swap_page: prefetch miss 923 "HwBinder:923_8" 1855554000 417de
           <...>-7086  [005] ....  4769.391417: do_swap_page: prefetch miss 923 "HwBinder:923_8" 205555c000 417df
           <...>-7086  [005] ...1  4769.393410: do_swap_page: prefetch miss 923 "HwBinder:923_8" 205555c000 417df
    mediaswcodec-923   [005] ....  4769.393600: do_swap_page: prefetch miss 923 "mediaswcodec" 1855563000 457cd
    mediaswcodec-923   [005] ...1  4769.395164: do_swap_page: prefetch miss 923 "mediaswcodec" 1855563000 457cd
    mediaswcodec-923   [005] ....  4769.395191: do_swap_page: prefetch miss 923 "mediaswcodec" 185555a000 417e1
    mediaswcodec-923   [005] ...1  4769.396814: do_swap_page: prefetch miss 923 "mediaswcodec" 185555a000 417e1
           <...>-7086  [005] ....  4769.396943: do_swap_page: prefetch miss 923 "HwBinder:923_8" 7fbd334000 417e3
           <...>-7086  [005] ...1  4769.398888: do_swap_page: prefetch miss 923 "HwBinder:923_8" 7fbd334000 417e3
           <...>-7086  [005] ....  4769.398935: do_swap_page: prefetch miss 923 "HwBinder:923_8" 7fbd06c000 97b2
           <...>-7086  [005] ...1  4769.400620: do_swap_page: prefetch miss 923 "HwBinder:923_8" 7fbd06c000 97b2
           <...>-7086  [005] ....  4769.400649: do_swap_page: prefetch miss 923 "HwBinder:923_8" 7f3c4ed000 97b3
           <...>-7086  [005] ...1  4769.402619: do_swap_page: prefetch miss 923 "HwBinder:923_8" 7f3c4ed000 97b3
           <...>-7086  [005] ....  4769.402694: do_swap_page: prefetch miss 923 "HwBinder:923_8" 1a5555a000 417e6
           <...>-7086  [005] ...1  4769.404585: do_swap_page: prefetch miss 923 "HwBinder:923_8" 1a5555a000 417e6
           <...>-7086  [005] ....  4769.404611: do_swap_page: prefetch miss 923 "HwBinder:923_8" 1a55576000 457cf
           <...>-7086  [005] ...1  4769.406551: do_swap_page: prefetch miss 923 "HwBinder:923_8" 1a55576000 457cf
           <...>-7086  [005] ....  4769.406576: do_swap_page: prefetch miss 923 "HwBinder:923_8" 1a5555e000 417e7
           <...>-7086  [005] ...1  4769.408216: do_swap_page: prefetch miss 923 "HwBinder:923_8" 1a5555e000 417e7
           <...>-2041  [002] ....  4769.409038: do_swap_page: prefetch miss 834 "HwBinder:834_4" f51f7000 4974c
           <...>-2041  [002] ...1  4769.412082: do_swap_page: prefetch miss 834 "HwBinder:834_4" f51f7000 4974c
           <...>-2041  [002] ....  4769.412117: do_swap_page: prefetch miss 834 "HwBinder:834_4" f7a36000 4974d
           <...>-2041  [002] ...1  4769.413916: do_swap_page: prefetch miss 834 "HwBinder:834_4" f7a36000 4974d
           <...>-2041  [002] ....  4769.413957: do_swap_page: prefetch miss 834 "HwBinder:834_4" f7a5f000 4974e
           <...>-2041  [002] ...1  4769.415655: do_swap_page: prefetch miss 834 "HwBinder:834_4" f7a5f000 4974e
           <...>-2041  [002] ....  4769.415677: do_swap_page: prefetch miss 834 "HwBinder:834_4" f7a9f000 457b2
           <...>-2041  [002] ...1  4769.417696: do_swap_page: prefetch miss 834 "HwBinder:834_4" f7a9f000 457b2
           <...>-2041  [002] ....  4769.417722: do_swap_page: prefetch miss 834 "HwBinder:834_4" f51f6000 457b3
           <...>-2041  [002] ...1  4769.425937: do_swap_page: prefetch miss 834 "HwBinder:834_4" f51f6000 457b3
           <...>-2041  [002] ....  4769.426110: do_swap_page: prefetch miss 834 "HwBinder:834_4" f7a27000 457b4
           <...>-2041  [002] ...1  4769.427673: do_swap_page: prefetch miss 834 "HwBinder:834_4" f7a27000 457b4
           <...>-2041  [002] ....  4769.427814: do_swap_page: prefetch miss 834 "HwBinder:834_4" f7a14000 457b5
           <...>-2041  [002] ...1  4769.429583: do_swap_page: prefetch miss 834 "HwBinder:834_4" f7a14000 457b5
           <...>-2041  [002] ....  4769.429694: do_swap_page: prefetch miss 834 "HwBinder:834_4" f7a0b000 4974f
           <...>-2041  [002] ...1  4769.431554: do_swap_page: prefetch miss 834 "HwBinder:834_4" f7a0b000 4974f
           <...>-2041  [002] ....  4769.431675: do_swap_page: prefetch miss 834 "HwBinder:834_4" f7ac7000 3d7f1
           <...>-2041  [002] ...1  4769.433422: do_swap_page: prefetch miss 834 "HwBinder:834_4" f7ac7000 3d7f1
           <...>-21394 [000] ....  4769.433899: do_swap_page: prefetch miss 834 "HwBinder:834_6" f572c000 3d7f5
           <...>-21394 [006] ...1  4769.435737: do_swap_page: prefetch miss 834 "HwBinder:834_6" f572c000 3d7f5
           <...>-21394 [006] ....  4769.435800: do_swap_page: prefetch miss 834 "HwBinder:834_6" f5702000 3d7f4
           <...>-21394 [006] ...1  4769.437790: do_swap_page: prefetch miss 834 "HwBinder:834_6" f5702000 3d7f4
           <...>-21394 [006] ....  4769.437845: do_swap_page: prefetch miss 834 "HwBinder:834_6" f7acf000 3d7f6
           <...>-21394 [006] ...1  4769.441768: do_swap_page: prefetch miss 834 "HwBinder:834_6" f7acf000 3d7f6
           <...>-21394 [006] ....  4769.442013: do_swap_page: prefetch miss 834 "HwBinder:834_6" f5cfe000 3d7f7
           <...>-21394 [006] ...1  4769.443855: do_swap_page: prefetch miss 834 "HwBinder:834_6" f5cfe000 3d7f7
           <...>-21394 [006] ....  4769.443911: do_swap_page: prefetch miss 834 "HwBinder:834_6" f7a63000 49750
           <...>-21394 [006] ...1  4769.445802: do_swap_page: prefetch miss 834 "HwBinder:834_6" f7a63000 49750
           <...>-2065  [006] ....  4769.445974: do_swap_page: prefetch miss 913 "Binder:913_3" f3506000 49783
           <...>-2065  [006] ...1  4769.447819: do_swap_page: prefetch miss 913 "Binder:913_3" f3506000 49783
           <...>-2065  [005] ....  4769.448056: do_swap_page: prefetch miss 913 "Binder:913_3" f3602000 49781
           <...>-2065  [005] ...1  4769.449762: do_swap_page: prefetch miss 913 "Binder:913_3" f3602000 49781
           <...>-2065  [005] ....  4769.449802: do_swap_page: prefetch miss 913 "Binder:913_3" f3555000 49784
           <...>-2065  [005] ...1  4769.456653: do_swap_page: prefetch miss 913 "Binder:913_3" f3555000 49784
           <...>-2065  [005] ....  4769.456702: do_swap_page: prefetch miss 913 "Binder:913_3" f74ff000 49786
           <...>-2065  [005] ...1  4769.463125: do_swap_page: prefetch miss 913 "Binder:913_3" f74ff000 49786
           <...>-2065  [006] ....  4769.463505: do_swap_page: prefetch miss 913 "Binder:913_3" f3554000 49774
           <...>-2065  [006] ...1  4769.465346: do_swap_page: prefetch miss 913 "Binder:913_3" f3554000 49774
           <...>-2064  [006] ....  4769.465815: do_swap_page: prefetch miss 913 "Binder:913_2" f3542000 49764
           <...>-2064  [005] ...1  4769.467446: do_swap_page: prefetch miss 913 "Binder:913_2" f3542000 49764
           <...>-2064  [005] ....  4769.467479: do_swap_page: prefetch miss 913 "Binder:913_2" f351b000 4d743
           <...>-2064  [005] ...1  4769.470564: do_swap_page: prefetch miss 913 "Binder:913_2" f351b000 4d743
         generic-24153 [006] ....  4769.470734: do_swap_page: prefetch miss 913 "NuPlayerDriver " f7a0e000 4978f
    GLThread 444-6441  [006] ....  4769.470804: do_swap_page: prefetch miss 6386 "GLThread 444" 7fbd32b000 3d7bd
 .candycrushsaga-6386  [006] ....  4769.470815: do_swap_page: prefetch miss 6386 ".candycrushsaga" 7e8f0ef000 29720
         generic-24153 [006] ...1  4769.473346: do_swap_page: prefetch miss 913 "NuPlayerDriver " f7a0e000 4978f
 .candycrushsaga-6386  [005] ...1  4769.473367: do_swap_page: prefetch miss 6386 ".candycrushsaga" 7e8f0ef000 29720
    GLThread 444-6441  [004] ...1  4769.473371: do_swap_page: prefetch miss 6386 "GLThread 444" 7fbd32b000 3d7bd
         generic-24153 [006] ....  4769.473405: do_swap_page: prefetch miss 913 "NuPlayerDriver " f7a0f000 49790
    GLThread 444-6441  [004] ....  4769.473513: do_swap_page: prefetch miss 6386 "GLThread 444" 7f28c31000 3d7be
 .candycrushsaga-6386  [005] ....  4769.473529: do_swap_page: prefetch miss 6386 ".candycrushsaga" 7ebf307000 2972a
         generic-24153 [006] ...1  4769.475518: do_swap_page: prefetch miss 913 "NuPlayerDriver " f7a0f000 49790
 .candycrushsaga-6386  [005] ...1  4769.475539: do_swap_page: prefetch miss 6386 ".candycrushsaga" 7ebf307000 2972a
    GLThread 444-6441  [004] ...1  4769.475555: do_swap_page: prefetch miss 6386 "GLThread 444" 7f28c31000 3d7be
 .candycrushsaga-6386  [005] ....  4769.475580: do_swap_page: prefetch miss 6386 ".candycrushsaga" 7e9e289000 2972d
     logd.writer-576   [001] ....  4769.475618: do_swap_page: prefetch miss 560 "logd.writer" 7fbd6ae000 417c0
         generic-24153 [006] ....  4769.475655: do_swap_page: prefetch miss 913 "generic" f625c000 49792
    GLThread 444-6441  [005] ....  4769.477498: do_swap_page: prefetch miss 6386 "GLThread 444" 7eaf04a000 29707
 .candycrushsaga-6386  [005] ...1  4769.477707: do_swap_page: prefetch miss 6386 ".candycrushsaga" 7e9e289000 2972d
         generic-24153 [006] ...1  4769.477725: do_swap_page: prefetch miss 913 "generic" f625c000 49792
     logd.writer-576   [001] ...1  4769.477743: do_swap_page: prefetch miss 560 "logd.writer" 7fbd6ae000 417c0
     logd.writer-576   [001] ....  4769.477764: do_swap_page: prefetch miss 560 "logd.writer" 7fbd6aa000 417c1
         generic-24153 [006] ....  4769.477798: do_swap_page: prefetch miss 913 "generic" f3607000 49793
           <...>-6647  [001] ....  4769.478078: do_swap_page: prefetch miss 6386 "Chrome_IOThread" 7e8b263000 4979f
           <...>-2087  [005] ....  4769.479329: do_swap_page: prefetch miss 2057 "Binder:2057_4" 7ecc971000 417ed
           <...>-6090  [000] ....  4769.479425: do_swap_page: prefetch miss 6067 "Binder:6067_1" 7ecd1da000 417ec
         generic-24153 [006] ...1  4769.479560: do_swap_page: prefetch miss 913 "generic" f3607000 49793
         generic-24153 [006] ....  4769.479606: do_swap_page: prefetch miss 913 "generic" f6c9b000 d74b
           <...>-1723  [005] ....  4769.479622: do_swap_page: prefetch miss 1697 "Binder:1697_3" 7f2d702000 417ef
    GLThread 444-6441  [004] ...1  4769.479657: do_swap_page: prefetch miss 6386 "GLThread 444" 7eaf04a000 29707
           <...>-6647  [001] ...1  4769.479664: do_swap_page: prefetch miss 6386 "Chrome_IOThread" 7e8b263000 4979f
           <...>-6647  [001] ....  4769.479771: do_swap_page: prefetch miss 6386 "Chrome_IOThread" 7e9e804000 4d71f
     logd.writer-576   [001] ...1  4769.479787: do_swap_page: prefetch miss 560 "logd.writer" 7fbd6aa000 417c1
 .candycrushsaga-6386  [005] ....  4769.479799: do_swap_page: prefetch miss 6386 ".candycrushsaga" 9e14b000 45771
           <...>-870   [001] ....  4769.480061: do_swap_page: prefetch miss 870 "logcatd" 7fbd86c000 49791
           <...>-2087  [005] ...1  4769.481399: do_swap_page: prefetch miss 2057 "Binder:2057_4" 7ecc971000 417ed
           <...>-2087  [005] ....  4769.481466: do_swap_page: prefetch miss 2057 "Binder:2057_4" 7fbe179000 417ee
         generic-24153 [006] ...1  4769.481482: do_swap_page: prefetch miss 913 "generic" f6c9b000 d74b
           <...>-1723  [005] ...1  4769.481488: do_swap_page: prefetch miss 1697 "Binder:1697_3" 7f2d702000 417ef
           <...>-6090  [000] ...1  4769.481514: do_swap_page: prefetch miss 6067 "Binder:6067_1" 7ecd1da000 417ec
           <...>-6647  [001] ...1  4769.481620: do_swap_page: prefetch miss 6386 "Chrome_IOThread" 7e9e804000 4d71f
           <...>-6090  [000] ....  4769.481633: do_swap_page: prefetch miss 6067 "Binder:6067_1" 7fbe178000 257a0
           <...>-6647  [001] ....  4769.481651: do_swap_page: prefetch miss 6386 "Chrome_IOThread" 7e69dd3000 4d721
 .candycrushsaga-6386  [005] ...1  4769.481655: do_swap_page: prefetch miss 6386 ".candycrushsaga" 9e14b000 45771
 .candycrushsaga-6386  [005] ....  4769.481666: do_swap_page: prefetch miss 6386 ".candycrushsaga" 9e163000 45772
    Binder:909_2-2146  [006] ....  4769.481811: do_swap_page: prefetch miss 909 "Binder:909_2" 2755552000 4d719
 .candycrushsaga-6386  [007] ...1  4769.483590: do_swap_page: prefetch miss 6386 ".candycrushsaga" 9e163000 45772
    Binder:909_2-2146  [006] ...1  4769.483596: do_swap_page: prefetch miss 909 "Binder:909_2" 2755552000 4d719
    Binder:909_2-2146  [006] ....  4769.483643: do_swap_page: prefetch miss 909 "Binder:909_2" 1955560000 457fb
           <...>-2087  [006] ...1  4769.483659: do_swap_page: prefetch miss 2057 "Binder:2057_4" 7fbe179000 417ee
 .candycrushsaga-6386  [007] ....  4769.483674: do_swap_page: prefetch miss 6386 ".candycrushsaga" 9e102000 45773
           <...>-870   [001] ...1  4769.483739: do_swap_page: prefetch miss 870 "logcatd" 7fbd86c000 49791
           <...>-6647  [001] ...1  4769.483897: do_swap_page: prefetch miss 6386 "Chrome_IOThread" 7e69dd3000 4d721
           <...>-6647  [001] ....  4769.484044: do_swap_page: prefetch miss 6386 "Chrome_IOThread" 7e9e045000 4d724
           <...>-6090  [001] ...1  4769.484792: do_swap_page: prefetch miss 6067 "Binder:6067_1" 7fbe178000 257a0
           <...>-6090  [001] ....  4769.484946: do_swap_page: prefetch miss 6067 "Binder:6067_1" 12fc7000 417f4
 .candycrushsaga-6386  [007] ...1  4769.485862: do_swap_page: prefetch miss 6386 ".candycrushsaga" 9e102000 45773
           <...>-1369  [007] ....  4769.486779: do_swap_page: prefetch miss 1338 "android.anim" 7f212a8000 15703
    Binder:909_2-2146  [006] ...1  4769.486915: do_swap_page: prefetch miss 909 "Binder:909_2" 1955560000 457fb
    Binder:909_2-2146  [006] ....  4769.486935: do_swap_page: prefetch miss 909 "Binder:909_2" 175555b000 4d776
           <...>-6647  [001] ...1  4769.486954: do_swap_page: prefetch miss 6386 "Chrome_IOThread" 7e9e045000 4d724
           <...>-6647  [001] ....  4769.487122: do_swap_page: prefetch miss 6386 "Chrome_IOThread" 7ed02a0000 417f8
           <...>-6090  [001] ...1  4769.487140: do_swap_page: prefetch miss 6067 "Binder:6067_1" 12fc7000 417f4
           <...>-6090  [001] ....  4769.487267: do_swap_page: prefetch miss 6067 "Binder:6067_1" 7f28c3a000 3d7e5
           <...>-1369  [007] ...1  4769.489187: do_swap_page: prefetch miss 1338 "android.anim" 7f212a8000 15703
           <...>-1369  [007] ....  4769.489287: do_swap_page: prefetch miss 1338 "android.anim" 7f28b64000 1570a
    Binder:909_2-2146  [006] ...1  4769.489385: do_swap_page: prefetch miss 909 "Binder:909_2" 175555b000 4d776
           <...>-6090  [000] ...1  4769.489429: do_swap_page: prefetch miss 6067 "Binder:6067_1" 7f28c3a000 3d7e5
           <...>-6647  [001] ...1  4769.489430: do_swap_page: prefetch miss 6386 "Chrome_IOThread" 7ed02a0000 417f8
    Binder:909_2-2146  [006] ....  4769.489454: do_swap_page: prefetch miss 909 "Binder:909_2" 7fbc377000 49799
           <...>-6090  [000] ....  4769.489472: do_swap_page: prefetch miss 6067 "Binder:6067_1" 7f2d146000 257a3
           <...>-6647  [000] ....  4769.489497: do_swap_page: prefetch miss 6386 "Chrome_IOThread" 7e69d49000 417fb
           <...>-1369  [007] ...1  4769.491335: do_swap_page: prefetch miss 1338 "android.anim" 7f28b64000 1570a
           <...>-1369  [007] ....  4769.491349: do_swap_page: prefetch miss 1338 "android.anim" 7eb4d6a000 1570b
    Binder:909_2-2146  [006] ...1  4769.491417: do_swap_page: prefetch miss 909 "Binder:909_2" 7fbc377000 49799
           <...>-6647  [001] ...1  4769.491452: do_swap_page: prefetch miss 6386 "Chrome_IOThread" 7e69d49000 417fb
    Binder:909_2-2146  [006] ....  4769.491454: do_swap_page: prefetch miss 909 "Binder:909_2" 1855560000 4979a
           <...>-6090  [000] ...1  4769.491505: do_swap_page: prefetch miss 6067 "Binder:6067_1" 7f2d146000 257a3
           <...>-6090  [000] ....  4769.491535: do_swap_page: prefetch miss 6067 "Binder:6067_1" 7f395f1000 257a4
           <...>-6647  [000] ....  4769.491555: do_swap_page: prefetch miss 6386 "Chrome_IOThread" 7e69cc4000 4d72a
           <...>-1369  [007] ...1  4769.493502: do_swap_page: prefetch miss 1338 "android.anim" 7eb4d6a000 1570b
    Binder:909_2-2146  [006] ...1  4769.493540: do_swap_page: prefetch miss 909 "Binder:909_2" 1855560000 4979a
    Binder:909_2-2146  [006] ....  4769.493555: do_swap_page: prefetch miss 909 "Binder:909_2" 1c5555a000 417e9
           <...>-1369  [007] ....  4769.493556: do_swap_page: prefetch miss 1338 "android.anim" 7f28a89000 1570d
           <...>-6647  [000] ...1  4769.493642: do_swap_page: prefetch miss 6386 "Chrome_IOThread" 7e69cc4000 4d72a
           <...>-6647  [003] ....  4769.493807: do_swap_page: prefetch miss 6386 "Chrome_IOThread" 7e69cab000 497ac
           <...>-6090  [000] ...1  4769.493954: do_swap_page: prefetch miss 6067 "Binder:6067_1" 7f395f1000 257a4
           <...>-6090  [000] ....  4769.494072: do_swap_page: prefetch miss 6067 "Binder:6067_1" 7fbbe6d000 257a5
           <...>-6507  [007] ....  4769.495068: do_swap_page: prefetch miss 6386 "GLThread 444" 7f28da7000 257f2
           <...>-1369  [007] ...1  4769.495539: do_swap_page: prefetch miss 1338 "android.anim" 7f28a89000 1570d
           <...>-1369  [007] ....  4769.495587: do_swap_page: prefetch miss 1338 "android.anim" 7f28b63000 15711
           <...>-6647  [003] ...1  4769.495624: do_swap_page: prefetch miss 6386 "Chrome_IOThread" 7e69cab000 497ac
           <...>-6090  [000] ...1  4769.495660: do_swap_page: prefetch miss 6067 "Binder:6067_1" 7fbbe6d000 257a5
           <...>-6090  [000] ....  4769.495720: do_swap_page: prefetch miss 6067 "Binder:6067_1" 13007000 4d71c
           <...>-6647  [000] ....  4769.495840: do_swap_page: prefetch miss 6386 "Chrome_IOThread" 7f28f90000 497b1
    Binder:909_2-2146  [005] ...1  4769.495907: do_swap_page: prefetch miss 909 "Binder:909_2" 1c5555a000 417e9
    Binder:909_2-2146  [005] ....  4769.495969: do_swap_page: prefetch miss 909 "Binder:909_2" 7fbbb61000 97d0
           <...>-6507  [007] ...1  4769.497333: do_swap_page: prefetch miss 6386 "GLThread 444" 7f28da7000 257f2
           <...>-1369  [007] ...1  4769.497366: do_swap_page: prefetch miss 1338 "android.anim" 7f28b63000 15711
           <...>-1369  [007] ....  4769.497381: do_swap_page: prefetch miss 1338 "android.anim" 7fbbff5000 497a3
           <...>-6647  [007] ...1  4769.497752: do_swap_page: prefetch miss 6386 "Chrome_IOThread" 7f28f90000 497b1
    Binder:909_2-2146  [005] ...1  4769.497759: do_swap_page: prefetch miss 909 "Binder:909_2" 7fbbb61000 97d0
           <...>-6090  [000] ...1  4769.497770: do_swap_page: prefetch miss 6067 "Binder:6067_1" 13007000 4d71c
           <...>-6647  [007] ....  4769.497779: do_swap_page: prefetch miss 6386 "Chrome_IOThread" 7e8b261000 497b6
           <...>-6090  [000] ....  4769.497797: do_swap_page: prefetch miss 6067 "Binder:6067_1" 7f350f4000 4d722
    Binder:909_2-2146  [005] ....  4769.497833: do_swap_page: prefetch miss 909 "Binder:909_2" 7fbc66a000 d74e
           <...>-6747  [007] ....  4769.498277: do_swap_page: prefetch miss 6625 "Chrome_ChildIOT" f7b0e000 217fd
           <...>-1369  [007] ...1  4769.499913: do_swap_page: prefetch miss 1338 "android.anim" 7fbbff5000 497a3
           <...>-1369  [007] ....  4769.499941: do_swap_page: prefetch miss 1338 "android.anim" 7f28ce1000 4d71d
           <...>-6647  [007] ...1  4769.500005: do_swap_page: prefetch miss 6386 "Chrome_IOThread" 7e8b261000 497b6
    Binder:909_2-2146  [005] ...1  4769.500006: do_swap_page: prefetch miss 909 "Binder:909_2" 7fbc66a000 d74e
    Binder:909_2-2146  [005] ....  4769.500071: do_swap_page: prefetch miss 909 "Binder:909_2" 7fbc669000 417ea
           <...>-6747  [007] ...1  4769.500095: do_swap_page: prefetch miss 6625 "Chrome_ChildIOT" f7b0e000 217fd
           <...>-6090  [000] ...1  4769.500106: do_swap_page: prefetch miss 6067 "Binder:6067_1" 7f350f4000 4d722
           <...>-6090  [000] ....  4769.500272: do_swap_page: prefetch miss 6067 "Binder:6067_1" 7fbe22e000 417f9
           <...>-6644  [007] ....  4769.500378: do_swap_page: prefetch miss 6625 "CrRendererMain" d6e2d000 2d71c
           <...>-1369  [007] ...1  4769.501874: do_swap_page: prefetch miss 1338 "android.anim" 7f28ce1000 4d71d
           <...>-1369  [007] ....  4769.501888: do_swap_page: prefetch miss 1338 "android.anim" 7e87a9a000 4d720
    Binder:909_2-2146  [005] ...1  4769.501909: do_swap_page: prefetch miss 909 "Binder:909_2" 7fbc669000 417ea
    Binder:909_2-2146  [005] ....  4769.501920: do_swap_page: prefetch miss 909 "Binder:909_2" 7fbc470000 417eb
           <...>-6644  [007] ...1  4769.501958: do_swap_page: prefetch miss 6625 "CrRendererMain" d6e2d000 2d71c
           <...>-6090  [000] ...1  4769.501971: do_swap_page: prefetch miss 6067 "Binder:6067_1" 7fbe22e000 417f9
           <...>-6644  [007] ....  4769.502026: do_swap_page: prefetch miss 6625 "CrRendererMain" d6e29000 2d720
           <...>-6067  [001] ....  4769.502114: do_swap_page: prefetch miss 6067 "roid.smartboard" 7fffffd000 4d727
           <...>-6090  [001] ....  4769.502151: do_swap_page: prefetch miss 6067 "Binder:6067_1" 7fbe162000 4d728
           <...>-1369  [007] ...1  4769.503850: do_swap_page: prefetch miss 1338 "android.anim" 7e87a9a000 4d720
           <...>-1369  [007] ....  4769.503865: do_swap_page: prefetch miss 1338 "android.anim" 7e87a9b000 4d723
           <...>-6644  [007] ...1  4769.503932: do_swap_page: prefetch miss 6625 "CrRendererMain" d6e29000 2d720
    Binder:909_2-2146  [005] ...1  4769.503940: do_swap_page: prefetch miss 909 "Binder:909_2" 7fbc470000 417eb
    Binder:909_2-2146  [005] ....  4769.503985: do_swap_page: prefetch miss 909 "Binder:909_2" 7fbe359000 417f0
           <...>-6644  [007] ....  4769.504301: do_swap_page: prefetch miss 6625 "CrRendererMain" 40900000 25756
           <...>-6067  [000] ...1  4769.504329: do_swap_page: prefetch miss 6067 "roid.smartboard" 7fffffd000 4d727
           <...>-6067  [000] ....  4769.504437: do_swap_page: prefetch miss 6067 "roid.smartboard" 7fbe491000 257ad
           <...>-6090  [000] ...1  4769.504452: do_swap_page: prefetch miss 6067 "Binder:6067_1" 7fbe162000 4d728
           <...>-6090  [000] ....  4769.504529: do_swap_page: prefetch miss 6067 "Binder:6067_1" 7fbe2f1000 497a7
           <...>-1369  [007] ...1  4769.506307: do_swap_page: prefetch miss 1338 "android.anim" 7e87a9b000 4d723
           <...>-1369  [007] ....  4769.506318: do_swap_page: prefetch miss 1338 "android.anim" 7e87a9c000 417f7
    Binder:909_2-2146  [005] ...1  4769.506344: do_swap_page: prefetch miss 909 "Binder:909_2" 7fbe359000 417f0
    Binder:909_2-2146  [005] ....  4769.506356: do_swap_page: prefetch miss 909 "Binder:909_2" 7fbe358000 417f1
           <...>-6644  [007] ...1  4769.506398: do_swap_page: prefetch miss 6625 "CrRendererMain" 40900000 25756
           <...>-6067  [000] ...1  4769.506419: do_swap_page: prefetch miss 6067 "roid.smartboard" 7fbe491000 257ad
           <...>-6644  [007] ....  4769.506484: do_swap_page: prefetch miss 6625 "CrRendererMain" 40901000 2d729
           <...>-6067  [000] ....  4769.506555: do_swap_page: prefetch miss 6067 "roid.smartboard" 7fbe1a2000 497ad
           <...>-6090  [000] ...1  4769.506566: do_swap_page: prefetch miss 6067 "Binder:6067_1" 7fbe2f1000 497a7
           <...>-6090  [000] ....  4769.506647: do_swap_page: prefetch miss 6067 "Binder:6067_1" 7f2d791000 497ae
           <...>-1369  [007] ...1  4769.508425: do_swap_page: prefetch miss 1338 "android.anim" 7e87a9c000 417f7
           <...>-1369  [007] ....  4769.508434: do_swap_page: prefetch miss 1338 "android.anim" 7e87a9d000 417fa
    Binder:909_2-2146  [005] ...1  4769.508445: do_swap_page: prefetch miss 909 "Binder:909_2" 7fbe358000 417f1
    Binder:909_2-2146  [005] ....  4769.508458: do_swap_page: prefetch miss 909 "Binder:909_2" 1d55558000 497a6
           <...>-6644  [007] ...1  4769.508497: do_swap_page: prefetch miss 6625 "CrRendererMain" 40901000 2d729
           <...>-6067  [000] ...1  4769.508514: do_swap_page: prefetch miss 6067 "roid.smartboard" 7fbe1a2000 497ad
           <...>-6644  [007] ....  4769.508565: do_swap_page: prefetch miss 6625 "CrRendererMain" d6e1e000 2d730
           <...>-6067  [000] ....  4769.508635: do_swap_page: prefetch miss 6067 "roid.smartboard" 7fbe1a3000 497b2
           <...>-6090  [000] ...1  4769.508646: do_swap_page: prefetch miss 6067 "Binder:6067_1" 7f2d791000 497ae
           <...>-6090  [000] ....  4769.508780: do_swap_page: prefetch miss 6067 "Binder:6067_1" 7fbdba8000 257c5
           <...>-1369  [007] ...1  4769.510328: do_swap_page: prefetch miss 1338 "android.anim" 7e87a9d000 417fa
           <...>-1369  [007] ....  4769.510339: do_swap_page: prefetch miss 1338 "android.anim" 7e87a9e000 4d729
    Binder:909_2-2146  [005] ...1  4769.510356: do_swap_page: prefetch miss 909 "Binder:909_2" 1d55558000 497a6
           <...>-6067  [000] ...1  4769.510424: do_swap_page: prefetch miss 6067 "roid.smartboard" 7fbe1a3000 497b2
           <...>-6067  [000] ....  4769.510443: do_swap_page: prefetch miss 6067 "roid.smartboard" 7fbe25a000 497b5
    Binder:909_2-2146  [005] ....  4769.510478: do_swap_page: prefetch miss 909 "Binder:909_2" 7fbde25000 417f3
           <...>-6644  [007] ...1  4769.510490: do_swap_page: prefetch miss 6625 "CrRendererMain" d6e1e000 2d730
           <...>-6090  [000] ...1  4769.510512: do_swap_page: prefetch miss 6067 "Binder:6067_1" 7fbdba8000 257c5
           <...>-6090  [000] ....  4769.510530: do_swap_page: prefetch miss 6067 "Binder:6067_1" 7fbe2f3000 4d73c
           <...>-6644  [007] ....  4769.510558: do_swap_page: prefetch miss 6625 "CrRendererMain" cca0a000 2d733
           <...>-1369  [007] ...1  4769.512363: do_swap_page: prefetch miss 1338 "android.anim" 7e87a9e000 4d729
           <...>-1369  [007] ....  4769.512385: do_swap_page: prefetch miss 1338 "android.anim" 7e87a9f000 497ab
    Binder:909_2-2146  [005] ...1  4769.512395: do_swap_page: prefetch miss 909 "Binder:909_2" 7fbde25000 417f3
    Binder:909_2-2146  [005] ....  4769.512408: do_swap_page: prefetch miss 909 "Binder:909_2" 1d55554000 4979b
           <...>-6644  [007] ...1  4769.512469: do_swap_page: prefetch miss 6625 "CrRendererMain" cca0a000 2d733
           <...>-6644  [007] ....  4769.512526: do_swap_page: prefetch miss 6625 "CrRendererMain" 40903000 2d736
           <...>-6090  [001] ...1  4769.512570: do_swap_page: prefetch miss 6067 "Binder:6067_1" 7fbe2f3000 4d73c
           <...>-6067  [000] ...1  4769.512577: do_swap_page: prefetch miss 6067 "roid.smartboard" 7fbe25a000 497b5
           <...>-6090  [001] ....  4769.512631: do_swap_page: prefetch miss 6067 "Binder:6067_1" 7f2d629000 4d76a
           <...>-6067  [001] ....  4769.512652: do_swap_page: prefetch miss 6067 "roid.smartboard" 7fffffb000 257b1
           <...>-1369  [007] ...1  4769.514597: do_swap_page: prefetch miss 1338 "android.anim" 7e87a9f000 497ab
           <...>-1369  [007] ....  4769.514607: do_swap_page: prefetch miss 1338 "android.anim" 7e87aa0000 497b0
    Binder:909_2-2146  [005] ...1  4769.514633: do_swap_page: prefetch miss 909 "Binder:909_2" 1d55554000 4979b
    Binder:909_2-2146  [005] ....  4769.514651: do_swap_page: prefetch miss 909 "Binder:909_2" 395556a000 4979c
           <...>-6644  [007] ...1  4769.514679: do_swap_page: prefetch miss 6625 "CrRendererMain" 40903000 2d736
           <...>-6067  [000] ...1  4769.514697: do_swap_page: prefetch miss 6067 "roid.smartboard" 7fffffb000 257b1
           <...>-6090  [001] ...1  4769.514698: do_swap_page: prefetch miss 6067 "Binder:6067_1" 7f2d629000 4d76a
           <...>-6067  [000] ....  4769.514789: do_swap_page: prefetch miss 6067 "roid.smartboard" 72055000 497bf
           <...>-6090  [001] ....  4769.514922: do_swap_page: prefetch miss 6067 "Binder:6067_1" 72074000 4d741
           <...>-6644  [007] ....  4769.515269: do_swap_page: prefetch miss 6625 "CrRendererMain" cca86000 29761
           <...>-1369  [007] ...1  4769.516730: do_swap_page: prefetch miss 1338 "android.anim" 7e87aa0000 497b0
           <...>-1369  [007] ....  4769.516745: do_swap_page: prefetch miss 1338 "android.anim" 7e87aa1000 497b4
    Binder:909_2-2146  [005] ...1  4769.516818: do_swap_page: prefetch miss 909 "Binder:909_2" 395556a000 4979c
           <...>-6067  [000] ...1  4769.516828: do_swap_page: prefetch miss 6067 "roid.smartboard" 72055000 497bf
    Binder:909_2-2146  [005] ....  4769.516854: do_swap_page: prefetch miss 909 "Binder:909_2" 1855552000 497d2
           <...>-6090  [001] ...1  4769.516859: do_swap_page: prefetch miss 6067 "Binder:6067_1" 72074000 4d741
           <...>-6090  [001] ....  4769.516888: do_swap_page: prefetch miss 6067 "Binder:6067_1" 7f350f3000 457d5
           <...>-6067  [001] ....  4769.516909: do_swap_page: prefetch miss 6067 "roid.smartboard" 721c2000 497c3
           <...>-6644  [007] ...1  4769.516926: do_swap_page: prefetch miss 6625 "CrRendererMain" cca86000 29761
           <...>-6644  [007] ....  4769.516956: do_swap_page: prefetch miss 6625 "CrRendererMain" cca7e000 2d73c
           <...>-1369  [007] ...1  4769.518866: do_swap_page: prefetch miss 1338 "android.anim" 7e87aa1000 497b4
           <...>-1369  [007] ....  4769.518876: do_swap_page: prefetch miss 1338 "android.anim" 7e87aa2000 497b9
           <...>-6067  [000] ...1  4769.518963: do_swap_page: prefetch miss 6067 "roid.smartboard" 721c2000 497c3
           <...>-6090  [001] ...1  4769.518979: do_swap_page: prefetch miss 6067 "Binder:6067_1" 7f350f3000 457d5
           <...>-6644  [007] ...1  4769.518989: do_swap_page: prefetch miss 6625 "CrRendererMain" cca7e000 2d73c
    Binder:909_2-2146  [005] ...1  4769.518994: do_swap_page: prefetch miss 909 "Binder:909_2" 1855552000 497d2
    Binder:909_2-2146  [005] ....  4769.519005: do_swap_page: prefetch miss 909 "Binder:909_2" 1855554000 497a4
           <...>-6090  [001] ....  4769.519038: do_swap_page: prefetch miss 6067 "Binder:6067_1" 7fbe167000 4d749
           <...>-6067  [001] ....  4769.519058: do_swap_page: prefetch miss 6067 "roid.smartboard" 12fd1000 497c7
           <...>-6644  [007] ....  4769.519073: do_swap_page: prefetch miss 6625 "CrRendererMain" cca03000 2575b
           <...>-1369  [007] ...1  4769.521468: do_swap_page: prefetch miss 1338 "android.anim" 7e87aa2000 497b9
           <...>-1369  [007] ....  4769.521483: do_swap_page: prefetch miss 1338 "android.anim" 7e6a1ab000 497be
           <...>-6067  [000] ...1  4769.521588: do_swap_page: prefetch miss 6067 "roid.smartboard" 12fd1000 497c7
    Binder:909_2-2146  [005] ...1  4769.521595: do_swap_page: prefetch miss 909 "Binder:909_2" 1855554000 497a4
           <...>-6644  [007] ...1  4769.521613: do_swap_page: prefetch miss 6625 "CrRendererMain" cca03000 2575b
           <...>-6090  [001] ...1  4769.521632: do_swap_page: prefetch miss 6067 "Binder:6067_1" 7fbe167000 4d749
           <...>-6090  [001] ....  4769.521652: do_swap_page: prefetch miss 6067 "Binder:6067_1" 7f34f80000 417f6
           <...>-6644  [007] ....  4769.521670: do_swap_page: prefetch miss 6625 "CrRendererMain" 34882000 2976a
           <...>-6067  [001] ....  4769.521672: do_swap_page: prefetch miss 6067 "roid.smartboard" 7fbdddc000 497c9
    Binder:909_2-2146  [005] ....  4769.521707: do_swap_page: prefetch miss 909 "Binder:909_2" 1755556000 4d78e
           <...>-1369  [007] ...1  4769.523415: do_swap_page: prefetch miss 1338 "android.anim" 7e6a1ab000 497be
           <...>-1369  [007] ....  4769.523425: do_swap_page: prefetch miss 1338 "android.anim" 7e6a1ac000 497c2
           <...>-6644  [007] ...1  4769.523487: do_swap_page: prefetch miss 6625 "CrRendererMain" 34882000 2976a
    Binder:909_2-2146  [005] ...1  4769.523493: do_swap_page: prefetch miss 909 "Binder:909_2" 1755556000 4d78e
           <...>-6067  [000] ...1  4769.523497: do_swap_page: prefetch miss 6067 "roid.smartboard" 7fbdddc000 497c9
    Binder:909_2-2146  [005] ....  4769.523506: do_swap_page: prefetch miss 909 "Binder:909_2" 1e55559000 497fa
           <...>-6090  [001] ...1  4769.523509: do_swap_page: prefetch miss 6067 "Binder:6067_1" 7f34f80000 417f6
           <...>-6644  [007] ....  4769.523531: do_swap_page: prefetch miss 6625 "CrRendererMain" 34883000 2976b
           <...>-6067  [000] ....  4769.523659: do_swap_page: prefetch miss 6067 "roid.smartboard" 71e3e000 257b6
           <...>-1369  [007] ...1  4769.526577: do_swap_page: prefetch miss 1338 "android.anim" 7e6a1ac000 497c2
           <...>-1369  [007] ....  4769.526586: do_swap_page: prefetch miss 1338 "android.anim" 7e6a1ad000 497c4
    Binder:909_2-2146  [005] ...1  4769.526660: do_swap_page: prefetch miss 909 "Binder:909_2" 1e55559000 497fa
           <...>-6644  [007] ...1  4769.526670: do_swap_page: prefetch miss 6625 "CrRendererMain" 34883000 2976b
    Binder:909_2-2146  [005] ....  4769.526679: do_swap_page: prefetch miss 909 "Binder:909_2" 7fbd8dc000 97db
           <...>-6644  [007] ....  4769.526680: do_swap_page: prefetch miss 6625 "CrRendererMain" e2221000 2976c
           <...>-6067  [000] ...1  4769.526694: do_swap_page: prefetch miss 6067 "roid.smartboard" 71e3e000 257b6
           <...>-6067  [000] ....  4769.526712: do_swap_page: prefetch miss 6067 "roid.smartboard" 12ff7000 4d72f
           <...>-6090  [000] ....  4769.527023: do_swap_page: prefetch miss 6067 "Binder:6067_1" 7fbbe6e000 1d7ec
           <...>-1369  [007] ...1  4769.529247: do_swap_page: prefetch miss 1338 "android.anim" 7e6a1ad000 497c4
           <...>-1369  [007] ....  4769.529262: do_swap_page: prefetch miss 1338 "android.anim" 7e6a1ae000 497c8
    Binder:909_2-2146  [005] ...1  4769.529352: do_swap_page: prefetch miss 909 "Binder:909_2" 7fbd8dc000 97db
    Binder:909_2-2146  [005] ....  4769.529368: do_swap_page: prefetch miss 909 "Binder:909_2" 1855555000 497a0
           <...>-6644  [007] ...1  4769.529390: do_swap_page: prefetch miss 6625 "CrRendererMain" e2221000 2976c
           <...>-6067  [000] ...1  4769.529394: do_swap_page: prefetch miss 6067 "roid.smartboard" 12ff7000 4d72f
           <...>-6644  [007] ....  4769.529400: do_swap_page: prefetch miss 6625 "CrRendererMain" cca04000 2976d
           <...>-6067  [000] ....  4769.529420: do_swap_page: prefetch miss 6067 "roid.smartboard" 7fbbe6f000 497cb
           <...>-6090  [000] ...1  4769.529432: do_swap_page: prefetch miss 6067 "Binder:6067_1" 7fbbe6e000 1d7ec
           <...>-1369  [007] ...1  4769.531212: do_swap_page: prefetch miss 1338 "android.anim" 7e6a1ae000 497c8
           <...>-1369  [007] ....  4769.531222: do_swap_page: prefetch miss 1338 "android.anim" 7e6a1af000 497cc
    Binder:909_2-2146  [005] ...1  4769.531296: do_swap_page: prefetch miss 909 "Binder:909_2" 1855555000 497a0
           <...>-6644  [007] ...1  4769.531316: do_swap_page: prefetch miss 6625 "CrRendererMain" cca04000 2976d
           <...>-6067  [000] ...1  4769.531334: do_swap_page: prefetch miss 6067 "roid.smartboard" 7fbbe6f000 497cb
           <...>-6067  [000] ....  4769.531354: do_swap_page: prefetch miss 6067 "roid.smartboard" 7fbbe6c000 257b9
    Binder:909_2-2146  [005] ....  4769.531389: do_swap_page: prefetch miss 909 "Binder:909_2" 1d5555d000 497a2
           <...>-6644  [007] ....  4769.531587: do_swap_page: prefetch miss 6625 "CrRendererMain" 3488a000 2d744
           <...>-6092  [001] ....  4769.532014: do_swap_page: prefetch miss 6067 "Binder:6067_2" 7fbe179000 4d731
           <...>-1369  [007] ...1  4769.533217: do_swap_page: prefetch miss 1338 "android.anim" 7e6a1af000 497cc
           <...>-1369  [007] ....  4769.533229: do_swap_page: prefetch miss 1338 "android.anim" 7e6a1b0000 4d732
    Binder:909_2-2146  [005] ...1  4769.533246: do_swap_page: prefetch miss 909 "Binder:909_2" 1d5555d000 497a2
    Binder:909_2-2146  [005] ....  4769.533260: do_swap_page: prefetch miss 909 "Binder:909_2" 1855556000 497a5
           <...>-6644  [007] ...1  4769.533300: do_swap_page: prefetch miss 6625 "CrRendererMain" 3488a000 2d744
           <...>-6067  [000] ...1  4769.533311: do_swap_page: prefetch miss 6067 "roid.smartboard" 7fbbe6c000 257b9
           <...>-6067  [000] ....  4769.533331: do_swap_page: prefetch miss 6067 "roid.smartboard" 12fde000 4d737
           <...>-6644  [007] ....  4769.533347: do_swap_page: prefetch miss 6625 "CrRendererMain" 4a18a000 2d745
           <...>-6092  [001] ...1  4769.533724: do_swap_page: prefetch miss 6067 "Binder:6067_2" 7fbe179000 4d731
           <...>-6092  [001] ....  4769.533825: do_swap_page: prefetch miss 6067 "Binder:6067_2" 7ecd278000 497b3
           <...>-1369  [007] ...1  4769.536139: do_swap_page: prefetch miss 1338 "android.anim" 7e6a1b0000 4d732
           <...>-1369  [007] ....  4769.536149: do_swap_page: prefetch miss 1338 "android.anim" 7e6a1b1000 4d736
    Binder:909_2-2146  [005] ...1  4769.536212: do_swap_page: prefetch miss 909 "Binder:909_2" 1855556000 497a5
           <...>-6644  [007] ...1  4769.536245: do_swap_page: prefetch miss 6625 "CrRendererMain" 4a18a000 2d745
           <...>-6067  [000] ...1  4769.536249: do_swap_page: prefetch miss 6067 "roid.smartboard" 12fde000 4d737
           <...>-6644  [007] ....  4769.536253: do_swap_page: prefetch miss 6625 "CrRendererMain" 34886000 2d746
           <...>-6067  [000] ....  4769.536268: do_swap_page: prefetch miss 6067 "roid.smartboard" 7fbbe6b000 4d73f
    Binder:909_2-2146  [005] ....  4769.536300: do_swap_page: prefetch miss 909 "Binder:909_2" 185555f000 4d75d
           <...>-6092  [001] ...1  4769.536322: do_swap_page: prefetch miss 6067 "Binder:6067_2" 7ecd278000 497b3
           <...>-6090  [000] ....  4769.536739: do_swap_page: prefetch miss 6067 "Binder:6067_1" 7fbe1f9000 4d74b
           <...>-1369  [007] ...1  4769.538459: do_swap_page: prefetch miss 1338 "android.anim" 7e6a1b1000 4d736
           <...>-1369  [007] ....  4769.538490: do_swap_page: prefetch miss 1338 "android.anim" 7e6a1b2000 4d73e
    Binder:909_2-2146  [005] ...1  4769.538535: do_swap_page: prefetch miss 909 "Binder:909_2" 185555f000 4d75d
           <...>-6644  [007] ...1  4769.538563: do_swap_page: prefetch miss 6625 "CrRendererMain" 34886000 2d746
    Binder:909_2-2146  [005] ....  4769.538590: do_swap_page: prefetch miss 909 "Binder:909_2" 185555c000 4d766
           <...>-6067  [000] ...1  4769.538614: do_swap_page: prefetch miss 6067 "roid.smartboard" 7fbbe6b000 4d73f
           <...>-6644  [007] ....  4769.538615: do_swap_page: prefetch miss 6625 "CrRendererMain" 34887000 2d749
           <...>-6067  [000] ....  4769.538710: do_swap_page: prefetch miss 6067 "roid.smartboard" 7f28c45000 4d745
           <...>-6090  [000] ...1  4769.538721: do_swap_page: prefetch miss 6067 "Binder:6067_1" 7fbe1f9000 4d74b
           <...>-6090  [000] ....  4769.538814: do_swap_page: prefetch miss 6067 "Binder:6067_1" 12fc3000 4d74e
           <...>-1369  [007] ...1  4769.540638: do_swap_page: prefetch miss 1338 "android.anim" 7e6a1b2000 4d73e
           <...>-1369  [007] ....  4769.540669: do_swap_page: prefetch miss 1338 "android.anim" 7e6a1b3000 4d742
