    GLThread 444-6441  [007] ....  3986.676050: do_swap_page: prefetch miss 6386 "GLThread 444" 7ea3f97000 317fc
    GLThread 444-6441  [007] ...1  3986.679457: do_swap_page: prefetch miss 6386 "GLThread 444" 7ea3f97000 317fc
    GLThread 444-6441  [007] ....  3986.679524: do_swap_page: prefetch miss 6386 "GLThread 444" 9e137000 3976f
    GLThread 444-6441  [007] ...1  3986.681214: do_swap_page: prefetch miss 6386 "GLThread 444" 9e137000 3976f
    GLThread 444-6441  [007] ....  3986.681227: do_swap_page: prefetch miss 6386 "GLThread 444" 9e128000 35793
    GLThread 444-6441  [007] ...1  3986.684768: do_swap_page: prefetch miss 6386 "GLThread 444" 9e128000 35793
    GLThread 444-6441  [007] ....  3986.684781: do_swap_page: prefetch miss 6386 "GLThread 444" 7ea41b1000 35794
    GLThread 444-6441  [007] ...1  3986.689798: do_swap_page: prefetch miss 6386 "GLThread 444" 7ea41b1000 35794
    GLThread 444-6441  [007] ....  3986.689809: do_swap_page: prefetch miss 6386 "GLThread 444" 7ea3f93000 35795
    GLThread 444-6441  [007] ...1  3986.691767: do_swap_page: prefetch miss 6386 "GLThread 444" 7ea3f93000 35795
    GLThread 444-6441  [007] ....  3986.691867: do_swap_page: prefetch miss 6386 "GLThread 444" 7ea457b000 35796
    GLThread 444-6441  [007] ...1  3986.693930: do_swap_page: prefetch miss 6386 "GLThread 444" 7ea457b000 35796
    GLThread 444-6441  [007] ....  3986.693951: do_swap_page: prefetch miss 6386 "GLThread 444" 7ea3d8d000 35797
    GLThread 444-6441  [007] ...1  3986.702022: do_swap_page: prefetch miss 6386 "GLThread 444" 7ea3d8d000 35797
    GLThread 444-6441  [007] ....  3986.702034: do_swap_page: prefetch miss 6386 "GLThread 444" 7e9defd000 35798
    GLThread 444-6441  [007] ...1  3986.708193: do_swap_page: prefetch miss 6386 "GLThread 444" 7e9defd000 35798
    GLThread 444-6441  [007] ....  3986.708206: do_swap_page: prefetch miss 6386 "GLThread 444" 7eaf033000 35799
    GLThread 444-6441  [007] ...1  3986.712008: do_swap_page: prefetch miss 6386 "GLThread 444" 7eaf033000 35799
    GLThread 444-6441  [007] ....  3986.712018: do_swap_page: prefetch miss 6386 "GLThread 444" 7eaff13000 3579a
    GLThread 444-6441  [007] ...1  3986.714481: do_swap_page: prefetch miss 6386 "GLThread 444" 7eaff13000 3579a
    GLThread 444-6441  [007] ....  3986.714494: do_swap_page: prefetch miss 6386 "GLThread 444" 7ea4476000 3579b
    GLThread 444-6441  [007] ...1  3986.716609: do_swap_page: prefetch miss 6386 "GLThread 444" 7ea4476000 3579b
    GLThread 444-6441  [007] ....  3986.716627: do_swap_page: prefetch miss 6386 "GLThread 444" 7e9de99000 3579c
    GLThread 444-6441  [007] ...1  3986.718631: do_swap_page: prefetch miss 6386 "GLThread 444" 7e9de99000 3579c
    GLThread 444-6441  [007] ....  3986.718638: do_swap_page: prefetch miss 6386 "GLThread 444" 7e9ded2000 3579d
    GLThread 444-6441  [007] ...1  3986.720560: do_swap_page: prefetch miss 6386 "GLThread 444" 7e9ded2000 3579d
    GLThread 444-6441  [007] ....  3986.720577: do_swap_page: prefetch miss 6386 "GLThread 444" 7e9de77000 3579e
    GLThread 444-6441  [007] ...1  3986.722343: do_swap_page: prefetch miss 6386 "GLThread 444" 7e9de77000 3579e
    GLThread 444-6441  [007] ....  3986.722350: do_swap_page: prefetch miss 6386 "GLThread 444" 7ea4750000 3579f
    GLThread 444-6441  [007] ...1  3986.724331: do_swap_page: prefetch miss 6386 "GLThread 444" 7ea4750000 3579f
    GLThread 444-6441  [007] ....  3986.724339: do_swap_page: prefetch miss 6386 "GLThread 444" 7e9e328000 357a0
    GLThread 444-6441  [007] ...1  3986.726087: do_swap_page: prefetch miss 6386 "GLThread 444" 7e9e328000 357a0
    GLThread 444-6441  [007] ....  3986.726097: do_swap_page: prefetch miss 6386 "GLThread 444" 7ea4318000 357a1
    GLThread 444-6441  [007] ...1  3986.728511: do_swap_page: prefetch miss 6386 "GLThread 444" 7ea4318000 357a1
    GLThread 444-6441  [007] ....  3986.728517: do_swap_page: prefetch miss 6386 "GLThread 444" 7ea4054000 357a2
    GLThread 444-6441  [007] ...1  3986.730492: do_swap_page: prefetch miss 6386 "GLThread 444" 7ea4054000 357a2
    GLThread 444-6441  [007] ....  3986.730498: do_swap_page: prefetch miss 6386 "GLThread 444" 7ea47f2000 357a3
    GLThread 444-6441  [007] ...1  3986.732154: do_swap_page: prefetch miss 6386 "GLThread 444" 7ea47f2000 357a3
    GLThread 444-6441  [007] ....  3986.732167: do_swap_page: prefetch miss 6386 "GLThread 444" 7ea3fda000 357a4
    GLThread 444-6441  [007] ...1  3986.734056: do_swap_page: prefetch miss 6386 "GLThread 444" 7ea3fda000 357a4
    GLThread 444-6441  [007] ....  3986.734063: do_swap_page: prefetch miss 6386 "GLThread 444" 7ea3f91000 39770
    GLThread 444-6441  [007] ...1  3986.736056: do_swap_page: prefetch miss 6386 "GLThread 444" 7ea3f91000 39770
    GLThread 444-6441  [007] ....  3986.736061: do_swap_page: prefetch miss 6386 "GLThread 444" 7ea4081000 39771
    GLThread 444-6441  [007] ...1  3986.737830: do_swap_page: prefetch miss 6386 "GLThread 444" 7ea4081000 39771
    GLThread 444-6441  [007] ....  3986.737840: do_swap_page: prefetch miss 6386 "GLThread 444" 7ea3fe3000 39772
    GLThread 444-6441  [007] ...1  3986.739671: do_swap_page: prefetch miss 6386 "GLThread 444" 7ea3fe3000 39772
    GLThread 444-6441  [007] ....  3986.739679: do_swap_page: prefetch miss 6386 "GLThread 444" 7ea3fe2000 39773
    GLThread 444-6441  [007] ...1  3986.741557: do_swap_page: prefetch miss 6386 "GLThread 444" 7ea3fe2000 39773
    GLThread 444-6441  [007] ....  3986.741562: do_swap_page: prefetch miss 6386 "GLThread 444" 7ea3d85000 39774
    GLThread 444-6441  [007] ...1  3986.743632: do_swap_page: prefetch miss 6386 "GLThread 444" 7ea3d85000 39774
    GLThread 444-6441  [007] ....  3986.743643: do_swap_page: prefetch miss 6386 "GLThread 444" 7ea3f6e000 39775
    GLThread 444-6441  [007] ...1  3986.745371: do_swap_page: prefetch miss 6386 "GLThread 444" 7ea3f6e000 39775
    GLThread 444-6441  [007] ....  3986.745377: do_swap_page: prefetch miss 6386 "GLThread 444" 7ea4029000 39776
    GLThread 444-6441  [007] ...1  3986.747458: do_swap_page: prefetch miss 6386 "GLThread 444" 7ea4029000 39776
    GLThread 444-6441  [007] ....  3986.747469: do_swap_page: prefetch miss 6386 "GLThread 444" 7ea4173000 39777
    GLThread 444-6441  [007] ...1  3986.749199: do_swap_page: prefetch miss 6386 "GLThread 444" 7ea4173000 39777
    GLThread 444-6441  [007] ....  3986.749208: do_swap_page: prefetch miss 6386 "GLThread 444" 7ea3ff0000 39778
    GLThread 444-6441  [007] ...1  3986.751130: do_swap_page: prefetch miss 6386 "GLThread 444" 7ea3ff0000 39778
    GLThread 444-6441  [007] ....  3986.751136: do_swap_page: prefetch miss 6386 "GLThread 444" 7ea4079000 39779
    GLThread 444-6441  [007] ...1  3986.752893: do_swap_page: prefetch miss 6386 "GLThread 444" 7ea4079000 39779
    GLThread 444-6441  [007] ....  3986.752900: do_swap_page: prefetch miss 6386 "GLThread 444" 7ea43e3000 3977a
    GLThread 444-6441  [007] ...1  3986.754860: do_swap_page: prefetch miss 6386 "GLThread 444" 7ea43e3000 3977a
    GLThread 444-6441  [007] ....  3986.754871: do_swap_page: prefetch miss 6386 "GLThread 444" 7ea4401000 3977b
    GLThread 444-6441  [007] ...1  3986.756622: do_swap_page: prefetch miss 6386 "GLThread 444" 7ea4401000 3977b
    GLThread 444-6441  [007] ....  3986.756627: do_swap_page: prefetch miss 6386 "GLThread 444" 7ea4148000 3977c
    GLThread 444-6441  [007] ...1  3986.758315: do_swap_page: prefetch miss 6386 "GLThread 444" 7ea4148000 3977c
    GLThread 444-6441  [007] ....  3986.758321: do_swap_page: prefetch miss 6386 "GLThread 444" 7eaf8ad000 3977d
    GLThread 444-6441  [007] ...1  3986.760413: do_swap_page: prefetch miss 6386 "GLThread 444" 7eaf8ad000 3977d
    GLThread 444-6441  [007] ....  3986.760427: do_swap_page: prefetch miss 6386 "GLThread 444" 7eaf87b000 3977e
    GLThread 444-6441  [007] ...1  3986.762506: do_swap_page: prefetch miss 6386 "GLThread 444" 7eaf87b000 3977e
    GLThread 444-6441  [007] ....  3986.762517: do_swap_page: prefetch miss 6386 "GLThread 444" 7eaf00f000 3977f
    GLThread 444-6441  [007] ...1  3986.764472: do_swap_page: prefetch miss 6386 "GLThread 444" 7eaf00f000 3977f
    GLThread 444-6441  [007] ....  3986.764483: do_swap_page: prefetch miss 6386 "GLThread 444" 7eafc75000 357a5
    GLThread 444-6441  [007] ...1  3986.766917: do_swap_page: prefetch miss 6386 "GLThread 444" 7eafc75000 357a5
    GLThread 444-6441  [007] ....  3986.766932: do_swap_page: prefetch miss 6386 "GLThread 444" 7f2d62c000 357ba
    GLThread 444-6441  [007] ...1  3986.768790: do_swap_page: prefetch miss 6386 "GLThread 444" 7f2d62c000 357ba
    GLThread 444-6441  [007] ....  3986.768891: do_swap_page: prefetch miss 6386 "GLThread 444" 7e9defc000 357a7
        Thread-5-6511  [007] ....  3986.768960: do_swap_page: prefetch miss 6386 "Thread-5" 7ea41b9000 357a6
    GLThread 444-6441  [007] ...1  3986.773216: do_swap_page: prefetch miss 6386 "GLThread 444" 7e9defc000 357a7
    GLThread 444-6441  [007] ....  3986.773248: do_swap_page: prefetch miss 6386 "GLThread 444" 7ea466f000 357a8
        Thread-5-6511  [007] ...1  3986.773290: do_swap_page: prefetch miss 6386 "Thread-5" 7ea41b9000 357a6
        Thread-5-6511  [007] ....  3986.773349: do_swap_page: prefetch miss 6386 "Thread-5" 7eabab0000 1979f
    GLThread 444-6441  [007] ...1  3986.777301: do_swap_page: prefetch miss 6386 "GLThread 444" 7ea466f000 357a8
    GLThread 444-6441  [007] ....  3986.777307: do_swap_page: prefetch miss 6386 "GLThread 444" 7e9df31000 357a9
        Thread-5-6511  [007] ...1  3986.777357: do_swap_page: prefetch miss 6386 "Thread-5" 7eabab0000 1979f
        Thread-5-6511  [007] ....  3986.777366: do_swap_page: prefetch miss 6386 "Thread-5" 7eafe3f000 197a1
    GLThread 444-6441  [007] ...1  3986.779800: do_swap_page: prefetch miss 6386 "GLThread 444" 7e9df31000 357a9
    GLThread 444-6441  [007] ....  3986.779809: do_swap_page: prefetch miss 6386 "GLThread 444" 7e9df33000 357aa
        Thread-5-6511  [007] ...1  3986.779871: do_swap_page: prefetch miss 6386 "Thread-5" 7eafe3f000 197a1
        Thread-5-6511  [007] ....  3986.779877: do_swap_page: prefetch miss 6386 "Thread-5" 7ea417a000 197a2
    GLThread 444-6441  [007] ...1  3986.782116: do_swap_page: prefetch miss 6386 "GLThread 444" 7e9df33000 357aa
    GLThread 444-6441  [007] ....  3986.782133: do_swap_page: prefetch miss 6386 "GLThread 444" 7eafda2000 3d726
        Thread-5-6511  [007] ...1  3986.782198: do_swap_page: prefetch miss 6386 "Thread-5" 7ea417a000 197a2
        Thread-5-6511  [007] ....  3986.782206: do_swap_page: prefetch miss 6386 "Thread-5" 7e9e66d000 3d724
    GLThread 444-6441  [007] ...1  3986.784037: do_swap_page: prefetch miss 6386 "GLThread 444" 7eafda2000 3d726
    GLThread 444-6441  [007] ....  3986.784048: do_swap_page: prefetch miss 6386 "GLThread 444" 7ea42b2000 317fd
        Thread-5-6511  [007] ...1  3986.784097: do_swap_page: prefetch miss 6386 "Thread-5" 7e9e66d000 3d724
        Thread-5-6511  [007] ....  3986.784108: do_swap_page: prefetch miss 6386 "Thread-5" 7e9e910000 3d727
    GLThread 444-6441  [007] ...1  3986.786249: do_swap_page: prefetch miss 6386 "GLThread 444" 7ea42b2000 317fd
    GLThread 444-6441  [007] ....  3986.786258: do_swap_page: prefetch miss 6386 "GLThread 444" 7ea401b000 317ff
        Thread-5-6511  [007] ...1  3986.786322: do_swap_page: prefetch miss 6386 "Thread-5" 7e9e910000 3d727
        Thread-5-6511  [007] ....  3986.786328: do_swap_page: prefetch miss 6386 "Thread-5" 7e9e911000 3d729
    GLThread 444-6441  [007] ...1  3986.788132: do_swap_page: prefetch miss 6386 "GLThread 444" 7ea401b000 317ff
    GLThread 444-6441  [007] ....  3986.788149: do_swap_page: prefetch miss 6386 "GLThread 444" 7eafda3000 41701
        Thread-5-6511  [007] ...1  3986.788214: do_swap_page: prefetch miss 6386 "Thread-5" 7e9e911000 3d729
        Thread-5-6511  [007] ....  3986.788262: do_swap_page: prefetch miss 6386 "Thread-5" 7ea43b4000 317fe
    GLThread 444-6441  [007] ...1  3986.790060: do_swap_page: prefetch miss 6386 "GLThread 444" 7eafda3000 41701
    GLThread 444-6441  [007] ....  3986.790070: do_swap_page: prefetch miss 6386 "GLThread 444" 7f28e8a000 197a5
        Thread-5-6511  [007] ...1  3986.790122: do_swap_page: prefetch miss 6386 "Thread-5" 7ea43b4000 317fe
        Thread-5-6511  [007] ....  3986.790139: do_swap_page: prefetch miss 6386 "Thread-5" 7e9e75d000 41700
    GLThread 444-6441  [007] ...1  3986.792125: do_swap_page: prefetch miss 6386 "GLThread 444" 7f28e8a000 197a5
    GLThread 444-6441  [007] ....  3986.792141: do_swap_page: prefetch miss 6386 "GLThread 444" 7fbe191000 41704
        Thread-5-6511  [007] ...1  3986.792205: do_swap_page: prefetch miss 6386 "Thread-5" 7e9e75d000 41700
        Thread-5-6511  [007] ....  3986.792214: do_swap_page: prefetch miss 6386 "Thread-5" 7ea4642000 41702
    GLThread 444-6441  [007] ...1  3986.794200: do_swap_page: prefetch miss 6386 "GLThread 444" 7fbe191000 41704
    GLThread 444-6441  [007] ....  3986.794209: do_swap_page: prefetch miss 6386 "GLThread 444" 7fbe271000 1176a
        Thread-5-6511  [007] ...1  3986.794256: do_swap_page: prefetch miss 6386 "Thread-5" 7ea4642000 41702
        Thread-5-6511  [007] ....  3986.794306: do_swap_page: prefetch miss 6386 "Thread-5" 7eafcf7000 41705
    GLThread 444-6441  [007] ...1  3986.796415: do_swap_page: prefetch miss 6386 "GLThread 444" 7fbe271000 1176a
    GLThread 444-6441  [007] ....  3986.796475: do_swap_page: prefetch miss 6386 "GLThread 444" 7eafde4000 1176d
        Thread-5-6511  [007] ...1  3986.796520: do_swap_page: prefetch miss 6386 "Thread-5" 7eafcf7000 41705
        Thread-5-6511  [007] ....  3986.796566: do_swap_page: prefetch miss 6386 "Thread-5" 7e9de92000 41706
    GLThread 444-6441  [007] ...1  3986.798806: do_swap_page: prefetch miss 6386 "GLThread 444" 7eafde4000 1176d
    GLThread 444-6441  [007] ....  3986.798816: do_swap_page: prefetch miss 6386 "GLThread 444" 7eafcc5000 11770
        Thread-5-6511  [007] ...1  3986.798878: do_swap_page: prefetch miss 6386 "Thread-5" 7e9de92000 41706
        Thread-5-6511  [007] ....  3986.798972: do_swap_page: prefetch miss 6386 "Thread-5" 7e9b37f000 41708
    GLThread 444-6441  [007] ...1  3986.804756: do_swap_page: prefetch miss 6386 "GLThread 444" 7eafcc5000 11770
    GLThread 444-6441  [007] ....  3986.804802: do_swap_page: prefetch miss 6386 "GLThread 444" 7eafcb7000 11773
        Thread-5-6511  [007] ...1  3986.804846: do_swap_page: prefetch miss 6386 "Thread-5" 7e9b37f000 41708
        Thread-5-6511  [007] ....  3986.804888: do_swap_page: prefetch miss 6386 "Thread-5" 9e0a5000 41709
    GLThread 444-6441  [007] ...1  3986.812857: do_swap_page: prefetch miss 6386 "GLThread 444" 7eafcb7000 11773
    GLThread 444-6441  [007] ....  3986.812870: do_swap_page: prefetch miss 6386 "GLThread 444" 7eafcd3000 11779
        Thread-5-6511  [007] ...1  3986.812929: do_swap_page: prefetch miss 6386 "Thread-5" 9e0a5000 41709
        Thread-5-6511  [007] ....  3986.812950: do_swap_page: prefetch miss 6386 "Thread-5" 7eac80b000 4170b
    GLThread 444-6441  [007] ...1  3986.815721: do_swap_page: prefetch miss 6386 "GLThread 444" 7eafcd3000 11779
    GLThread 444-6441  [007] ....  3986.815732: do_swap_page: prefetch miss 6386 "GLThread 444" 7eafc11000 4170c
        Thread-5-6511  [007] ...1  3986.815796: do_swap_page: prefetch miss 6386 "Thread-5" 7eac80b000 4170b
        Thread-5-6511  [007] ....  3986.815888: do_swap_page: prefetch miss 6386 "Thread-5" 9e103000 11777
    GLThread 444-6441  [007] ...1  3986.817921: do_swap_page: prefetch miss 6386 "GLThread 444" 7eafc11000 4170c
    GLThread 444-6441  [007] ....  3986.817932: do_swap_page: prefetch miss 6386 "GLThread 444" 7eafcb8000 1177b
        Thread-5-6511  [007] ...1  3986.817999: do_swap_page: prefetch miss 6386 "Thread-5" 9e103000 11777
        Thread-5-6511  [007] ....  3986.818113: do_swap_page: prefetch miss 6386 "Thread-5" 7eaff0e000 4170d
    GLThread 444-6441  [007] ...1  3986.820119: do_swap_page: prefetch miss 6386 "GLThread 444" 7eafcb8000 1177b
    GLThread 444-6441  [007] ....  3986.820128: do_swap_page: prefetch miss 6386 "GLThread 444" 7eafc79000 1177c
        Thread-5-6511  [007] ...1  3986.820176: do_swap_page: prefetch miss 6386 "Thread-5" 7eaff0e000 4170d
           <...>-21057 [000] ....  3986.820576: do_swap_page: prefetch miss 6386 "pool-11-thread-" 9e14c000 197c0
    GLThread 444-6441  [007] ...1  3986.822969: do_swap_page: prefetch miss 6386 "GLThread 444" 7eafc79000 1177c
    GLThread 444-6441  [007] ....  3986.823020: do_swap_page: prefetch miss 6386 "GLThread 444" 7eafda8000 357b8
           <...>-21057 [000] ...1  3986.823097: do_swap_page: prefetch miss 6386 "pool-11-thread-" 9e14c000 197c0
    GLThread 444-6441  [007] ...1  3986.824921: do_swap_page: prefetch miss 6386 "GLThread 444" 7eafda8000 357b8
    GLThread 444-6441  [007] ....  3986.824930: do_swap_page: prefetch miss 6386 "GLThread 444" 7ed0183000 1177e
           <...>-21058 [004] ....  3986.825524: do_swap_page: prefetch miss 790 "netd" 7fbcd36000 2d7ba
    GLThread 444-6441  [007] ...1  3986.826991: do_swap_page: prefetch miss 6386 "GLThread 444" 7ed0183000 1177e
    GLThread 444-6441  [007] ....  3986.827037: do_swap_page: prefetch miss 6386 "GLThread 444" 7e9deff000 357bb
           <...>-21058 [004] ...1  3986.827104: do_swap_page: prefetch miss 790 "netd" 7fbcd36000 2d7ba
    GLThread 444-6441  [007] ...1  3986.828912: do_swap_page: prefetch miss 6386 "GLThread 444" 7e9deff000 357bb
    GLThread 444-6441  [007] ....  3986.828921: do_swap_page: prefetch miss 6386 "GLThread 444" 7ea4181000 197a8
           <...>-21024 [002] ....  3986.830949: do_swap_page: prefetch miss 6386 "AsyncTask #6" 7f28bc5000 3978c
    GLThread 444-6441  [007] ...1  3986.831285: do_swap_page: prefetch miss 6386 "GLThread 444" 7ea4181000 197a8
    GLThread 444-6441  [007] ....  3986.831295: do_swap_page: prefetch miss 6386 "GLThread 444" 7ea3d83000 197a9
           <...>-21024 [002] ...1  3986.832851: do_swap_page: prefetch miss 6386 "AsyncTask #6" 7f28bc5000 3978c
    GLThread 444-6441  [007] ...1  3986.832873: do_swap_page: prefetch miss 6386 "GLThread 444" 7ea3d83000 197a9
    GLThread 444-6441  [007] ....  3986.832884: do_swap_page: prefetch miss 6386 "GLThread 444" 7eaf0aa000 197aa
           <...>-21024 [001] ....  3986.833266: do_swap_page: prefetch miss 6386 "AsyncTask #6" 72068000 39787
    GLThread 444-6441  [007] ...1  3986.835169: do_swap_page: prefetch miss 6386 "GLThread 444" 7eaf0aa000 197aa
    GLThread 444-6441  [007] ....  3986.835179: do_swap_page: prefetch miss 6386 "GLThread 444" 7ea42a5000 357c1
           <...>-21024 [007] ...1  3986.835325: do_swap_page: prefetch miss 6386 "AsyncTask #6" 72068000 39787
           <...>-21024 [007] ....  3986.835414: do_swap_page: prefetch miss 6386 "AsyncTask #6" 7fbc210000 39788
    GLThread 444-6441  [007] ...1  3986.838254: do_swap_page: prefetch miss 6386 "GLThread 444" 7ea42a5000 357c1
    GLThread 444-6441  [007] ....  3986.838262: do_swap_page: prefetch miss 6386 "GLThread 444" 7ea3f69000 197ac
           <...>-6425  [007] ...1  3986.838504: do_swap_page: prefetch miss 6386 "pool-7-thread-1" 7fbc210000 39788
           <...>-6425  [007] ....  3986.838737: do_swap_page: prefetch miss 6386 "pool-7-thread-1" 721c6000 39790
    GLThread 444-6441  [007] ...1  3986.840913: do_swap_page: prefetch miss 6386 "GLThread 444" 7ea3f69000 197ac
    GLThread 444-6441  [007] ....  3986.840941: do_swap_page: prefetch miss 6386 "GLThread 444" 7ea42d7000 357c5
           <...>-6425  [007] ...1  3986.841020: do_swap_page: prefetch miss 6386 "pool-7-thread-1" 721c6000 39790
           <...>-6425  [007] ....  3986.841178: do_swap_page: prefetch miss 6386 "pool-7-thread-1" 7eab943000 3978e
           <...>-21024 [007] ....  3986.841364: do_swap_page: prefetch miss 6386 "AsyncTask #6" 7fbc222000 39794
    GLThread 444-6441  [007] ...1  3986.843052: do_swap_page: prefetch miss 6386 "GLThread 444" 7ea42d7000 357c5
    GLThread 444-6441  [007] ....  3986.843067: do_swap_page: prefetch miss 6386 "GLThread 444" 7ea43dd000 357c7
           <...>-6425  [007] ...1  3986.843147: do_swap_page: prefetch miss 6386 "pool-7-thread-1" 7eab943000 3978e
           <...>-6425  [007] ....  3986.843200: do_swap_page: prefetch miss 6386 "pool-7-thread-1" 721cb000 3d772
           <...>-21024 [007] ...1  3986.843244: do_swap_page: prefetch miss 6386 "AsyncTask #6" 7fbc222000 39794
           <...>-21024 [007] ....  3986.843397: do_swap_page: prefetch miss 6386 "AsyncTask #6" 7ebe980000 3d798
    GLThread 444-6441  [007] ...1  3986.845306: do_swap_page: prefetch miss 6386 "GLThread 444" 7ea43dd000 357c7
    GLThread 444-6441  [007] ....  3986.845313: do_swap_page: prefetch miss 6386 "GLThread 444" 7eab842000 197b0
           <...>-6425  [007] ...1  3986.845367: do_swap_page: prefetch miss 6386 "pool-7-thread-1" 721cb000 3d772
           <...>-6425  [007] ....  3986.845642: do_swap_page: prefetch miss 6386 "pool-7-thread-1" 7fbc20e000 3d774
           <...>-21024 [007] ...1  3986.845646: do_swap_page: prefetch miss 6386 "AsyncTask #6" 7ebe980000 3d798
    GLThread 444-6441  [007] ...1  3986.847575: do_swap_page: prefetch miss 6386 "GLThread 444" 7eab842000 197b0
    GLThread 444-6441  [007] ....  3986.847587: do_swap_page: prefetch miss 6386 "GLThread 444" 7ea3c9e000 39781
           <...>-6425  [007] ...1  3986.847628: do_swap_page: prefetch miss 6386 "pool-7-thread-1" 7fbc20e000 3d774
           <...>-6425  [007] ....  3986.847995: do_swap_page: prefetch miss 6386 "pool-7-thread-1" 7fbc226000 3d775
    GLThread 444-6441  [007] ...1  3986.849648: do_swap_page: prefetch miss 6386 "GLThread 444" 7ea3c9e000 39781
    GLThread 444-6441  [007] ....  3986.849696: do_swap_page: prefetch miss 6386 "GLThread 444" 7eafda4000 3d72b
           <...>-6425  [007] ...1  3986.849750: do_swap_page: prefetch miss 6386 "pool-7-thread-1" 7fbc226000 3d775
           <...>-6425  [007] ....  3986.850140: do_swap_page: prefetch miss 6386 "pool-7-thread-1" 7fbc224000 3d776
    GLThread 444-6441  [007] ...1  3986.851640: do_swap_page: prefetch miss 6386 "GLThread 444" 7eafda4000 3d72b
    GLThread 444-6441  [007] ....  3986.851652: do_swap_page: prefetch miss 6386 "GLThread 444" 7eafda5000 197b4
           <...>-6425  [007] ...1  3986.851706: do_swap_page: prefetch miss 6386 "pool-7-thread-1" 7fbc224000 3d776
           <...>-6425  [007] ....  3986.851916: do_swap_page: prefetch miss 6386 "pool-7-thread-1" 7f2d6da000 397d0
    GLThread 444-6441  [007] ...1  3986.854052: do_swap_page: prefetch miss 6386 "GLThread 444" 7eafda5000 197b4
    GLThread 444-6441  [007] ....  3986.854120: do_swap_page: prefetch miss 6386 "GLThread 444" 7eafda0000 3d72e
           <...>-6425  [007] ...1  3986.854123: do_swap_page: prefetch miss 6386 "pool-7-thread-1" 7f2d6da000 397d0
           <...>-6425  [007] ....  3986.854223: do_swap_page: prefetch miss 6386 "pool-7-thread-1" 7f2d71f000 357c0
    GLThread 444-6441  [007] ...1  3986.856148: do_swap_page: prefetch miss 6386 "GLThread 444" 7eafda0000 3d72e
    GLThread 444-6441  [007] ....  3986.856195: do_swap_page: prefetch miss 6386 "GLThread 444" 7eafda9000 3d730
           <...>-6425  [007] ...1  3986.856198: do_swap_page: prefetch miss 6386 "pool-7-thread-1" 7f2d71f000 357c0
           <...>-6425  [007] ....  3986.856375: do_swap_page: prefetch miss 6386 "pool-7-thread-1" 7f2d641000 397ce
    GLThread 444-6441  [007] ...1  3986.858419: do_swap_page: prefetch miss 6386 "GLThread 444" 7eafda9000 3d730
    GLThread 444-6441  [007] ....  3986.858438: do_swap_page: prefetch miss 6386 "GLThread 444" 7ea42f6000 197b7
           <...>-6425  [007] ...1  3986.858517: do_swap_page: prefetch miss 6386 "pool-7-thread-1" 7f2d641000 397ce
           <...>-6425  [007] ....  3986.859166: do_swap_page: prefetch miss 6386 "pool-7-thread-1" 7f28b83000 3d786
    GLThread 444-6441  [007] ...1  3986.860562: do_swap_page: prefetch miss 6386 "GLThread 444" 7ea42f6000 197b7
    GLThread 444-6441  [007] ....  3986.860575: do_swap_page: prefetch miss 6386 "GLThread 444" 7eafdad000 357cc
           <...>-6425  [007] ...1  3986.860631: do_swap_page: prefetch miss 6386 "pool-7-thread-1" 7f28b83000 3d786
           <...>-6425  [007] ....  3986.860674: do_swap_page: prefetch miss 6386 "pool-7-thread-1" 7f28ae5000 3d788
           <...>-21057 [004] ....  3986.862175: do_swap_page: prefetch miss 6386 "pool-11-thread-" 7f28b04000 45763
    GLThread 444-6441  [007] ...1  3986.862256: do_swap_page: prefetch miss 6386 "GLThread 444" 7eafdad000 357cc
    GLThread 444-6441  [007] ....  3986.862288: do_swap_page: prefetch miss 6386 "GLThread 444" 7eafc8a000 357ce
           <...>-6425  [007] ...1  3986.862580: do_swap_page: prefetch miss 6386 "pool-7-thread-1" 7f28ae5000 3d788
           <...>-6425  [007] ....  3986.863217: do_swap_page: prefetch miss 6386 "pool-7-thread-1" 7fbe24f000 397ab
           <...>-21057 [004] ...1  3986.864500: do_swap_page: prefetch miss 6386 "pool-11-thread-" 7f28b04000 45763
    GLThread 444-6441  [007] ...1  3986.864546: do_swap_page: prefetch miss 6386 "GLThread 444" 7eafc8a000 357ce
    GLThread 444-6441  [007] ....  3986.864594: do_swap_page: prefetch miss 6386 "GLThread 444" 7e9e952000 197ba
           <...>-6425  [007] ...1  3986.864861: do_swap_page: prefetch miss 6386 "pool-7-thread-1" 7fbe24f000 397ab
           <...>-6425  [007] ....  3986.864886: do_swap_page: prefetch miss 6386 "pool-7-thread-1" 7f28c9c000 397ad
    GLThread 444-6441  [007] ...1  3986.866835: do_swap_page: prefetch miss 6386 "GLThread 444" 7e9e952000 197ba
    GLThread 444-6441  [007] ....  3986.866850: do_swap_page: prefetch miss 6386 "GLThread 444" 7eafd83000 197bb
           <...>-6425  [007] ...1  3986.866882: do_swap_page: prefetch miss 6386 "pool-7-thread-1" 7f28c9c000 397ad
           <...>-6425  [007] ....  3986.867208: do_swap_page: prefetch miss 6386 "pool-7-thread-1" 7f28e18000 45767
 Jit thread pool-6392  [007] ....  3986.867239: do_swap_page: prefetch miss 6386 "Jit thread pool" 7f2ea25000 397b3
           <...>-21024 [007] ....  3986.868718: do_swap_page: prefetch miss 6386 "AsyncTask #6" 7f28b7f000 39792
    GLThread 444-6441  [007] ...1  3986.869897: do_swap_page: prefetch miss 6386 "GLThread 444" 7eafd83000 197bb
    GLThread 444-6441  [007] ....  3986.869907: do_swap_page: prefetch miss 6386 "GLThread 444" 7ea4439000 357d3
 Jit thread pool-6392  [007] ...1  3986.869960: do_swap_page: prefetch miss 6386 "Jit thread pool" 7f2ea25000 397b3
 Jit thread pool-6392  [007] ....  3986.869969: do_swap_page: prefetch miss 6386 "Jit thread pool" 7fbe0ad000 2d7b1
           <...>-6425  [007] ...1  3986.869985: do_swap_page: prefetch miss 6386 "pool-7-thread-1" 7f28e18000 45767
           <...>-6425  [007] ...1  3986.870665: do_swap_page: prefetch miss 6386 "pool-7-thread-1" 7f28b7f000 39792
           <...>-6425  [007] ....  3986.870702: do_swap_page: prefetch miss 6386 "pool-7-thread-1" 7f28ac5000 39793
    GLThread 444-6441  [007] ...1  3986.876341: do_swap_page: prefetch miss 6386 "GLThread 444" 7ea4439000 357d3
 Jit thread pool-6392  [007] ...1  3986.876409: do_swap_page: prefetch miss 6386 "Jit thread pool" 7fbe0ad000 2d7b1
 Jit thread pool-6392  [007] ....  3986.876456: do_swap_page: prefetch miss 6386 "Jit thread pool" 7fbe315000 397b6
    GLThread 444-6441  [007] ....  3986.876459: do_swap_page: prefetch miss 6386 "GLThread 444" 7ea41c6000 197bd
           <...>-6425  [007] ...1  3986.876461: do_swap_page: prefetch miss 6386 "pool-7-thread-1" 7f28ac5000 39793
           <...>-6425  [007] ....  3986.876555: do_swap_page: prefetch miss 6386 "pool-7-thread-1" 7eabb4c000 397ff
           <...>-21024 [007] ....  3986.876618: do_swap_page: prefetch miss 6386 "AsyncTask #6" 7eabe57000 4176d
    GLThread 444-6441  [007] ...1  3986.878695: do_swap_page: prefetch miss 6386 "GLThread 444" 7ea41c6000 197bd
    GLThread 444-6441  [007] ....  3986.878705: do_swap_page: prefetch miss 6386 "GLThread 444" 7eabb82000 357d7
 Jit thread pool-6392  [007] ...1  3986.878777: do_swap_page: prefetch miss 6386 "Jit thread pool" 7fbe315000 397b6
 Jit thread pool-6392  [007] ....  3986.878786: do_swap_page: prefetch miss 6386 "Jit thread pool" 7fbe1b5000 397b8
           <...>-6425  [007] ...1  3986.878806: do_swap_page: prefetch miss 6386 "pool-7-thread-1" 7eabb4c000 397ff
           <...>-6425  [007] ...1  3986.878810: do_swap_page: prefetch miss 6386 "pool-7-thread-1" 7eabe57000 4176d
           <...>-6425  [007] ....  3986.879083: do_swap_page: prefetch miss 6386 "pool-7-thread-1" 7eab974000 39795
           <...>-21024 [007] ....  3986.879107: do_swap_page: prefetch miss 6386 "AsyncTask #6" 7eafcb5000 41767
    GLThread 444-6441  [007] ...1  3986.880983: do_swap_page: prefetch miss 6386 "GLThread 444" 7eabb82000 357d7
    GLThread 444-6441  [007] ....  3986.880990: do_swap_page: prefetch miss 6386 "GLThread 444" 7ea4330000 197bf
 Jit thread pool-6392  [007] ...1  3986.881110: do_swap_page: prefetch miss 6386 "Jit thread pool" 7fbe1b5000 397b8
 Jit thread pool-6392  [007] ....  3986.881170: do_swap_page: prefetch miss 6386 "Jit thread pool" 7e7d3b1000 397ba
           <...>-6425  [007] ...1  3986.881372: do_swap_page: prefetch miss 6386 "pool-7-thread-1" 7eab974000 39795
           <...>-6425  [007] ....  3986.881381: do_swap_page: prefetch miss 6386 "pool-7-thread-1" 7f28e1d000 39796
           <...>-21024 [007] ...1  3986.881542: do_swap_page: prefetch miss 6386 "AsyncTask #6" 7eafcb5000 41767
    GLThread 444-6441  [007] ...1  3986.883494: do_swap_page: prefetch miss 6386 "GLThread 444" 7ea4330000 197bf
    GLThread 444-6441  [007] ....  3986.883509: do_swap_page: prefetch miss 6386 "GLThread 444" 7e9e7c0000 197c1
 Jit thread pool-6392  [007] ...1  3986.883559: do_swap_page: prefetch miss 6386 "Jit thread pool" 7e7d3b1000 397ba
 Jit thread pool-6392  [007] ....  3986.883566: do_swap_page: prefetch miss 6386 "Jit thread pool" 7f2ea24000 397bc
           <...>-6425  [007] ...1  3986.883582: do_swap_page: prefetch miss 6386 "pool-7-thread-1" 7f28e1d000 39796
           <...>-6425  [007] ....  3986.883598: do_swap_page: prefetch miss 6386 "pool-7-thread-1" 7eab975000 39797
    GLThread 444-6441  [007] ...1  3986.886042: do_swap_page: prefetch miss 6386 "GLThread 444" 7e9e7c0000 197c1
    GLThread 444-6441  [007] ....  3986.886048: do_swap_page: prefetch miss 6386 "GLThread 444" 7ea41c5000 197c2
 Jit thread pool-6392  [007] ...1  3986.886098: do_swap_page: prefetch miss 6386 "Jit thread pool" 7f2ea24000 397bc
 Jit thread pool-6392  [007] ....  3986.886322: do_swap_page: prefetch miss 6386 "Jit thread pool" 7e69ecf000 397be
           <...>-6425  [007] ...1  3986.886364: do_swap_page: prefetch miss 6386 "pool-7-thread-1" 7eab975000 39797
           <...>-6425  [007] ....  3986.886385: do_swap_page: prefetch miss 6386 "pool-7-thread-1" 7eab9b5000 39798
    GLThread 444-6441  [007] ...1  3986.888228: do_swap_page: prefetch miss 6386 "GLThread 444" 7ea41c5000 197c2
    GLThread 444-6441  [007] ....  3986.888234: do_swap_page: prefetch miss 6386 "GLThread 444" 7eafcbf000 357db
 Jit thread pool-6392  [007] ...1  3986.888286: do_swap_page: prefetch miss 6386 "Jit thread pool" 7e69ecf000 397be
 Jit thread pool-6392  [007] ....  3986.888665: do_swap_page: prefetch miss 6386 "Jit thread pool" 7ec084a000 397bf
           <...>-6425  [007] ...1  3986.888668: do_swap_page: prefetch miss 6386 "pool-7-thread-1" 7eab9b5000 39798
           <...>-6425  [007] ....  3986.888687: do_swap_page: prefetch miss 6386 "pool-7-thread-1" 7eab9a5000 357eb
    GLThread 444-6441  [007] ...1  3986.890456: do_swap_page: prefetch miss 6386 "GLThread 444" 7eafcbf000 357db
    GLThread 444-6441  [007] ....  3986.890463: do_swap_page: prefetch miss 6386 "GLThread 444" 7ea430c000 197c4
 Jit thread pool-6392  [007] ...1  3986.890514: do_swap_page: prefetch miss 6386 "Jit thread pool" 7ec084a000 397bf
 Jit thread pool-6392  [007] ....  3986.890584: do_swap_page: prefetch miss 6386 "Jit thread pool" 7fbe25f000 397c2
           <...>-6425  [007] ...1  3986.890587: do_swap_page: prefetch miss 6386 "pool-7-thread-1" 7eab9a5000 357eb
           <...>-6425  [007] ....  3986.890603: do_swap_page: prefetch miss 6386 "pool-7-thread-1" 7eab9a6000 357ec
    GLThread 444-6441  [007] ...1  3986.892489: do_swap_page: prefetch miss 6386 "GLThread 444" 7ea430c000 197c4
    GLThread 444-6441  [007] ....  3986.892553: do_swap_page: prefetch miss 6386 "GLThread 444" 7eabec7000 197c5
 Jit thread pool-6392  [007] ...1  3986.892557: do_swap_page: prefetch miss 6386 "Jit thread pool" 7fbe25f000 397c2
 Jit thread pool-6392  [007] ....  3986.892589: do_swap_page: prefetch miss 6386 "Jit thread pool" 7e9bfdb000 397c3
           <...>-6425  [007] ...1  3986.892592: do_swap_page: prefetch miss 6386 "pool-7-thread-1" 7eab9a6000 357ec
           <...>-6425  [007] ....  3986.892609: do_swap_page: prefetch miss 6386 "pool-7-thread-1" 7eab9a7000 357ed
    GLThread 444-6441  [007] ...1  3986.894847: do_swap_page: prefetch miss 6386 "GLThread 444" 7eabec7000 197c5
    GLThread 444-6441  [007] ....  3986.894896: do_swap_page: prefetch miss 6386 "GLThread 444" 7eafcc0000 357dc
 Jit thread pool-6392  [007] ...1  3986.894899: do_swap_page: prefetch miss 6386 "Jit thread pool" 7e9bfdb000 397c3
 Jit thread pool-6392  [007] ....  3986.895032: do_swap_page: prefetch miss 6386 "Jit thread pool" 7ec07d1000 397c6
           <...>-6425  [007] ...1  3986.895035: do_swap_page: prefetch miss 6386 "pool-7-thread-1" 7eab9a7000 357ed
           <...>-6425  [007] ....  3986.895053: do_swap_page: prefetch miss 6386 "pool-7-thread-1" 7eab9a8000 357ee
    GLThread 444-6441  [007] ...1  3986.897277: do_swap_page: prefetch miss 6386 "GLThread 444" 7eafcc0000 357dc
    GLThread 444-6441  [007] ....  3986.897338: do_swap_page: prefetch miss 6386 "GLThread 444" 7ea443a000 357de
 Jit thread pool-6392  [007] ...1  3986.897340: do_swap_page: prefetch miss 6386 "Jit thread pool" 7ec07d1000 397c6
 Jit thread pool-6392  [007] ....  3986.897421: do_swap_page: prefetch miss 6386 "Jit thread pool" 7e7d530000 39785
           <...>-6425  [007] ...1  3986.897424: do_swap_page: prefetch miss 6386 "pool-7-thread-1" 7eab9a8000 357ee
           <...>-6425  [007] ....  3986.897441: do_swap_page: prefetch miss 6386 "pool-7-thread-1" 7eab9a9000 357ef
    GLThread 444-6441  [007] ...1  3986.899864: do_swap_page: prefetch miss 6386 "GLThread 444" 7ea443a000 357de
    GLThread 444-6441  [007] ....  3986.899873: do_swap_page: prefetch miss 6386 "GLThread 444" 7ea444a000 357df
 Jit thread pool-6392  [007] ...1  3986.899926: do_swap_page: prefetch miss 6386 "Jit thread pool" 7e7d530000 39785
 Jit thread pool-6392  [007] ....  3986.899951: do_swap_page: prefetch miss 6386 "Jit thread pool" 7ec0860000 397c0
           <...>-6425  [007] ...1  3986.899989: do_swap_page: prefetch miss 6386 "pool-7-thread-1" 7eab9a9000 357ef
           <...>-6425  [007] ....  3986.900008: do_swap_page: prefetch miss 6386 "pool-7-thread-1" 7eab9aa000 357f0
    GLThread 444-6441  [007] ...1  3986.906597: do_swap_page: prefetch miss 6386 "GLThread 444" 7ea444a000 357df
    GLThread 444-6441  [007] ....  3986.906603: do_swap_page: prefetch miss 6386 "GLThread 444" 7ea41c2000 197c9
 Jit thread pool-6392  [007] ...1  3986.906655: do_swap_page: prefetch miss 6386 "Jit thread pool" 7ec0860000 397c0
 Jit thread pool-6392  [007] ....  3986.906692: do_swap_page: prefetch miss 6386 "Jit thread pool" 7f2d7ac000 397c7
           <...>-6425  [007] ...1  3986.906731: do_swap_page: prefetch miss 6386 "pool-7-thread-1" 7eab9aa000 357f0
           <...>-6425  [007] ....  3986.906751: do_swap_page: prefetch miss 6386 "pool-7-thread-1" 7eab9ab000 357f1
    GLThread 444-6441  [007] ...1  3986.916605: do_swap_page: prefetch miss 6386 "GLThread 444" 7ea41c2000 197c9
    GLThread 444-6441  [007] ....  3986.916619: do_swap_page: prefetch miss 6386 "GLThread 444" 7ea4400000 197ca
 Jit thread pool-6392  [007] ...1  3986.916673: do_swap_page: prefetch miss 6386 "Jit thread pool" 7f2d7ac000 397c7
 Jit thread pool-6392  [007] ....  3986.916696: do_swap_page: prefetch miss 6386 "Jit thread pool" 7ec084d000 397c8
           <...>-6425  [007] ...1  3986.916698: do_swap_page: prefetch miss 6386 "pool-7-thread-1" 7eab9ab000 357f1
           <...>-6425  [007] ....  3986.916716: do_swap_page: prefetch miss 6386 "pool-7-thread-1" 7eab9ac000 357f2
    GLThread 444-6441  [007] ...1  3986.920006: do_swap_page: prefetch miss 6386 "GLThread 444" 7ea4400000 197ca
    GLThread 444-6441  [007] ....  3986.920016: do_swap_page: prefetch miss 6386 "GLThread 444" 7ea444c000 357e5
 Jit thread pool-6392  [007] ...1  3986.920069: do_swap_page: prefetch miss 6386 "Jit thread pool" 7ec084d000 397c8
 Jit thread pool-6392  [007] ....  3986.920096: do_swap_page: prefetch miss 6386 "Jit thread pool" 7ec084b000 397c9
           <...>-6425  [007] ...1  3986.920123: do_swap_page: prefetch miss 6386 "pool-7-thread-1" 7eab9ac000 357f2
           <...>-6425  [007] ....  3986.920141: do_swap_page: prefetch miss 6386 "pool-7-thread-1" 7eab9ad000 357f3
    GLThread 444-6441  [007] ...1  3986.922360: do_swap_page: prefetch miss 6386 "GLThread 444" 7ea444c000 357e5
    GLThread 444-6441  [007] ....  3986.922367: do_swap_page: prefetch miss 6386 "GLThread 444" 7ea443b000 357e6
 Jit thread pool-6392  [007] ...1  3986.922408: do_swap_page: prefetch miss 6386 "Jit thread pool" 7ec084b000 397c9
 Jit thread pool-6392  [007] ....  3986.922431: do_swap_page: prefetch miss 6386 "Jit thread pool" 7f2d7ad000 397ca
           <...>-6425  [007] ...1  3986.922433: do_swap_page: prefetch miss 6386 "pool-7-thread-1" 7eab9ad000 357f3
           <...>-6425  [007] ....  3986.922449: do_swap_page: prefetch miss 6386 "pool-7-thread-1" 7eab9ae000 357f4
    GLThread 444-6441  [007] ...1  3986.924333: do_swap_page: prefetch miss 6386 "GLThread 444" 7ea443b000 357e6
    GLThread 444-6441  [007] ....  3986.924340: do_swap_page: prefetch miss 6386 "GLThread 444" 7ea41d6000 197cd
 Jit thread pool-6392  [007] ...1  3986.924391: do_swap_page: prefetch miss 6386 "Jit thread pool" 7f2d7ad000 397ca
 Jit thread pool-6392  [007] ....  3986.924417: do_swap_page: prefetch miss 6386 "Jit thread pool" 7ec0858000 397c5
           <...>-6425  [007] ...1  3986.924419: do_swap_page: prefetch miss 6386 "pool-7-thread-1" 7eab9ae000 357f4
           <...>-6425  [007] ....  3986.924435: do_swap_page: prefetch miss 6386 "pool-7-thread-1" 7eab9af000 357f5
    GLThread 444-6441  [007] ...1  3986.926370: do_swap_page: prefetch miss 6386 "GLThread 444" 7ea41d6000 197cd
    GLThread 444-6441  [007] ....  3986.926375: do_swap_page: prefetch miss 6386 "GLThread 444" 7ea445d000 357e7
 Jit thread pool-6392  [007] ...1  3986.926421: do_swap_page: prefetch miss 6386 "Jit thread pool" 7ec0858000 397c5
 Jit thread pool-6392  [007] ....  3986.926465: do_swap_page: prefetch miss 6386 "Jit thread pool" 7e69dc2000 397cb
           <...>-6425  [007] ...1  3986.926495: do_swap_page: prefetch miss 6386 "pool-7-thread-1" 7eab9af000 357f5
           <...>-6425  [007] ....  3986.926513: do_swap_page: prefetch miss 6386 "pool-7-thread-1" 7eab9b0000 357f6
    GLThread 444-6441  [007] ...1  3986.928291: do_swap_page: prefetch miss 6386 "GLThread 444" 7ea445d000 357e7
    GLThread 444-6441  [007] ....  3986.928298: do_swap_page: prefetch miss 6386 "GLThread 444" 7ea445e000 357e8
 Jit thread pool-6392  [007] ...1  3986.928335: do_swap_page: prefetch miss 6386 "Jit thread pool" 7e69dc2000 397cb
 Jit thread pool-6392  [007] ....  3986.928376: do_swap_page: prefetch miss 6386 "Jit thread pool" 7ebf2e4000 397cc
           <...>-6425  [007] ...1  3986.928378: do_swap_page: prefetch miss 6386 "pool-7-thread-1" 7eab9b0000 357f6
           <...>-6425  [007] ....  3986.928394: do_swap_page: prefetch miss 6386 "pool-7-thread-1" 7eab9b1000 357f7
    GLThread 444-6441  [007] ...1  3986.930349: do_swap_page: prefetch miss 6386 "GLThread 444" 7ea445e000 357e8
    GLThread 444-6441  [007] ....  3986.930358: do_swap_page: prefetch miss 6386 "GLThread 444" 7ea4460000 357e9
 Jit thread pool-6392  [007] ...1  3986.930412: do_swap_page: prefetch miss 6386 "Jit thread pool" 7ebf2e4000 397cc
 Jit thread pool-6392  [007] ....  3986.930435: do_swap_page: prefetch miss 6386 "Jit thread pool" 7f2d74d000 397ae
           <...>-6425  [007] ...1  3986.930460: do_swap_page: prefetch miss 6386 "pool-7-thread-1" 7eab9b1000 357f7
           <...>-6425  [007] ....  3986.930491: do_swap_page: prefetch miss 6386 "pool-7-thread-1" 7eab9b2000 357f8
    GLThread 444-6441  [007] ...1  3986.932443: do_swap_page: prefetch miss 6386 "GLThread 444" 7ea4460000 357e9
    GLThread 444-6441  [007] ....  3986.932450: do_swap_page: prefetch miss 6386 "GLThread 444" 7ea443c000 357ea
 Jit thread pool-6392  [007] ...1  3986.932488: do_swap_page: prefetch miss 6386 "Jit thread pool" 7f2d74d000 397ae
 Jit thread pool-6392  [007] ....  3986.932522: do_swap_page: prefetch miss 6386 "Jit thread pool" 7ebf26f000 397cd
           <...>-6425  [007] ...1  3986.932525: do_swap_page: prefetch miss 6386 "pool-7-thread-1" 7eab9b2000 357f8
           <...>-6425  [007] ....  3986.932541: do_swap_page: prefetch miss 6386 "pool-7-thread-1" 7eab9b3000 357f9
    GLThread 444-6441  [007] ...1  3986.934550: do_swap_page: prefetch miss 6386 "GLThread 444" 7ea443c000 357ea
    GLThread 444-6441  [007] ....  3986.934558: do_swap_page: prefetch miss 6386 "GLThread 444" 7ea4462000 3d731
 Jit thread pool-6392  [007] ...1  3986.934606: do_swap_page: prefetch miss 6386 "Jit thread pool" 7ebf26f000 397cd
 Jit thread pool-6392  [007] ....  3986.934698: do_swap_page: prefetch miss 6386 "Jit thread pool" 7f2d6dc000 397d1
           <...>-6425  [007] ...1  3986.934731: do_swap_page: prefetch miss 6386 "pool-7-thread-1" 7eab9b3000 357f9
           <...>-6425  [007] ....  3986.934751: do_swap_page: prefetch miss 6386 "pool-7-thread-1" 7eab9b4000 357fa
    GLThread 444-6441  [007] ...1  3986.936633: do_swap_page: prefetch miss 6386 "GLThread 444" 7ea4462000 3d731
    GLThread 444-6441  [007] ....  3986.936642: do_swap_page: prefetch miss 6386 "GLThread 444" 7ea44a7000 3d732
 Jit thread pool-6392  [007] ...1  3986.936700: do_swap_page: prefetch miss 6386 "Jit thread pool" 7f2d6dc000 397d1
 Jit thread pool-6392  [007] ....  3986.936720: do_swap_page: prefetch miss 6386 "Jit thread pool" 7e7d3b2000 397d2
           <...>-6425  [007] ...1  3986.936746: do_swap_page: prefetch miss 6386 "pool-7-thread-1" 7eab9b4000 357fa
           <...>-6425  [007] ....  3986.936788: do_swap_page: prefetch miss 6386 "pool-7-thread-1" 9e0a6000 357fb
    GLThread 444-6441  [007] ...1  3986.938810: do_swap_page: prefetch miss 6386 "GLThread 444" 7ea44a7000 3d732
    GLThread 444-6441  [007] ....  3986.938817: do_swap_page: prefetch miss 6386 "GLThread 444" 7ea44b1000 3d733
 Jit thread pool-6392  [007] ...1  3986.938842: do_swap_page: prefetch miss 6386 "Jit thread pool" 7e7d3b2000 397d2
 Jit thread pool-6392  [007] ....  3986.938907: do_swap_page: prefetch miss 6386 "Jit thread pool" 7fbe1b2000 41710
   Profile Saver-6406  [007] ....  3986.938978: do_swap_page: prefetch miss 6386 "Profile Saver" 7e7d308000 41770
           <...>-6425  [007] ...1  3986.938981: do_swap_page: prefetch miss 6386 "pool-7-thread-1" 9e0a6000 357fb
           <...>-6425  [007] ....  3986.939016: do_swap_page: prefetch miss 6386 "pool-7-thread-1" 9e0fb000 357fc
    GLThread 444-6441  [007] ...1  3986.941083: do_swap_page: prefetch miss 6386 "GLThread 444" 7ea44b1000 3d733
    GLThread 444-6441  [007] ....  3986.941093: do_swap_page: prefetch miss 6386 "GLThread 444" 7ea44b3000 3d734
   Profile Saver-6406  [007] ...1  3986.941146: do_swap_page: prefetch miss 6386 "Profile Saver" 7e7d308000 41770
   Profile Saver-6406  [007] ...1  3986.941166: do_swap_page: prefetch miss 6386 "Profile Saver" 7fbe1b2000 41710
   Profile Saver-6406  [007] ....  3986.941230: do_swap_page: prefetch miss 6386 "Profile Saver" 7f318a2000 3d79d
           <...>-6425  [007] ...1  3986.941260: do_swap_page: prefetch miss 6386 "pool-7-thread-1" 9e0fb000 357fc
           <...>-6425  [007] ....  3986.941346: do_swap_page: prefetch miss 6386 "pool-7-thread-1" 9e0c4000 357fd
    GLThread 444-6441  [007] ...1  3986.943636: do_swap_page: prefetch miss 6386 "GLThread 444" 7ea44b3000 3d734
    GLThread 444-6441  [007] ....  3986.943649: do_swap_page: prefetch miss 6386 "GLThread 444" 7ea44c2000 39782
   Profile Saver-6406  [007] ...1  3986.943703: do_swap_page: prefetch miss 6386 "Profile Saver" 7f318a2000 3d79d
   Profile Saver-6406  [007] ....  3986.944556: do_swap_page: prefetch miss 6386 "Profile Saver" 9e0a4000 45753
           <...>-6425  [007] ...1  3986.944596: do_swap_page: prefetch miss 6386 "pool-7-thread-1" 9e0c4000 357fd
           <...>-6425  [007] ....  3986.944677: do_swap_page: prefetch miss 6386 "pool-7-thread-1" 7eab983000 357fe
    GLThread 444-6441  [007] ...1  3986.945547: do_swap_page: prefetch miss 6386 "GLThread 444" 7ea44c2000 39782
    GLThread 444-6441  [007] ....  3986.945560: do_swap_page: prefetch miss 6386 "GLThread 444" 7ea44a8000 3d735
   Profile Saver-6406  [007] ...1  3986.946486: do_swap_page: prefetch miss 6386 "Profile Saver" 9e0a4000 45753
   Profile Saver-6406  [007] ....  3986.946681: do_swap_page: prefetch miss 6386 "Profile Saver" 9e07b000 3d7d4
           <...>-6425  [007] ...1  3986.946721: do_swap_page: prefetch miss 6386 "pool-7-thread-1" 7eab983000 357fe
           <...>-6425  [007] ....  3986.946898: do_swap_page: prefetch miss 6386 "pool-7-thread-1" 7eab994000 357ff
    GLThread 444-6441  [007] ...1  3986.947659: do_swap_page: prefetch miss 6386 "GLThread 444" 7ea44a8000 3d735
    GLThread 444-6441  [007] ....  3986.947666: do_swap_page: prefetch miss 6386 "GLThread 444" 7ea44c4000 3d736
   Profile Saver-6406  [007] ...1  3986.948990: do_swap_page: prefetch miss 6386 "Profile Saver" 9e07b000 3d7d4
   Profile Saver-6406  [007] ....  3986.949360: do_swap_page: prefetch miss 6386 "Profile Saver" 9e0f4000 217da
           <...>-6425  [007] ...1  3986.949418: do_swap_page: prefetch miss 6386 "pool-7-thread-1" 7eab994000 357ff
           <...>-6425  [007] ....  3986.949440: do_swap_page: prefetch miss 6386 "pool-7-thread-1" 7eab9ba000 45700
    GLThread 444-6441  [007] ...1  3986.950098: do_swap_page: prefetch miss 6386 "GLThread 444" 7ea44c4000 3d736
    GLThread 444-6441  [007] ....  3986.950107: do_swap_page: prefetch miss 6386 "GLThread 444" 7ea44c5000 3d737
   Profile Saver-6406  [007] ...1  3986.951141: do_swap_page: prefetch miss 6386 "Profile Saver" 9e0f4000 217da
   Profile Saver-6406  [007] ....  3986.951158: do_swap_page: prefetch miss 6386 "Profile Saver" 9e0f8000 217a4
           <...>-6425  [007] ...1  3986.951188: do_swap_page: prefetch miss 6386 "pool-7-thread-1" 7eab9ba000 45700
           <...>-6425  [007] ....  3986.951206: do_swap_page: prefetch miss 6386 "pool-7-thread-1" 7eab9c2000 3d739
    GLThread 444-6441  [007] ...1  3986.951905: do_swap_page: prefetch miss 6386 "GLThread 444" 7ea44c5000 3d737
    GLThread 444-6441  [007] ....  3986.951918: do_swap_page: prefetch miss 6386 "GLThread 444" 7ea44cc000 3d738
   Profile Saver-6406  [007] ...1  3986.953150: do_swap_page: prefetch miss 6386 "Profile Saver" 9e0f8000 217a4
   Profile Saver-6406  [007] ....  3986.953506: do_swap_page: prefetch miss 6386 "Profile Saver" 7f23695000 3d7bf
           <...>-6425  [007] ...1  3986.953540: do_swap_page: prefetch miss 6386 "pool-7-thread-1" 7eab9c2000 3d739
           <...>-6425  [007] ....  3986.953574: do_swap_page: prefetch miss 6386 "pool-7-thread-1" 7eab995000 3d73a
    GLThread 444-6441  [007] ...1  3986.953608: do_swap_page: prefetch miss 6386 "GLThread 444" 7ea44cc000 3d738
    GLThread 444-6441  [007] ....  3986.953619: do_swap_page: prefetch miss 6386 "GLThread 444" 7ea44a9000 4170e
   Profile Saver-6406  [007] ...1  3986.955612: do_swap_page: prefetch miss 6386 "Profile Saver" 7f23695000 3d7bf
    GLThread 444-6441  [007] ...1  3986.955640: do_swap_page: prefetch miss 6386 "GLThread 444" 7ea44a9000 4170e
    GLThread 444-6441  [007] ....  3986.955646: do_swap_page: prefetch miss 6386 "GLThread 444" 7ea44ce000 39783
   Profile Saver-6406  [007] ....  3986.956717: do_swap_page: prefetch miss 6386 "Profile Saver" 7f2db34000 3d7c4
           <...>-6425  [007] ...1  3986.956722: do_swap_page: prefetch miss 6386 "pool-7-thread-1" 7eab995000 3d73a
           <...>-6425  [007] ....  3986.956864: do_swap_page: prefetch miss 6386 "pool-7-thread-1" 9e147000 3d73b
    GLThread 444-6441  [007] ...1  3986.957743: do_swap_page: prefetch miss 6386 "GLThread 444" 7ea44ce000 39783
    GLThread 444-6441  [007] ....  3986.957757: do_swap_page: prefetch miss 6386 "GLThread 444" 7ea44dd000 39784
   Profile Saver-6406  [007] ...1  3986.958775: do_swap_page: prefetch miss 6386 "Profile Saver" 7f2db34000 3d7c4
   Profile Saver-6406  [007] ....  3986.958812: do_swap_page: prefetch miss 6386 "Profile Saver" 7e7d223000 3d7c8
           <...>-6425  [007] ...1  3986.958814: do_swap_page: prefetch miss 6386 "pool-7-thread-1" 9e147000 3d73b
           <...>-6425  [007] ....  3986.959138: do_swap_page: prefetch miss 6386 "pool-7-thread-1" 7eab9b6000 3d73c
    GLThread 444-6441  [007] ...1  3986.959573: do_swap_page: prefetch miss 6386 "GLThread 444" 7ea44dd000 39784
    GLThread 444-6441  [007] ....  3986.959608: do_swap_page: prefetch miss 6386 "GLThread 444" 7ea44df000 3d73e
   Profile Saver-6406  [007] ...1  3986.960939: do_swap_page: prefetch miss 6386 "Profile Saver" 7e7d223000 3d7c8
   Profile Saver-6406  [007] ....  3986.961016: do_swap_page: prefetch miss 6386 "Profile Saver" 7e7d20d000 3d7cc
           <...>-6425  [007] ...1  3986.961019: do_swap_page: prefetch miss 6386 "pool-7-thread-1" 7eab9b6000 3d73c
    GLThread 444-6441  [007] ...1  3986.961344: do_swap_page: prefetch miss 6386 "GLThread 444" 7ea44df000 3d73e
    GLThread 444-6441  [007] ....  3986.961357: do_swap_page: prefetch miss 6386 "GLThread 444" 7ea44aa000 3d73f
