           <...>-6426  [007] ....  5550.471138: do_swap_page: prefetch miss 6386 "RenderThread" 7ec07ef000 1557a1
           <...>-6426  [007] ...1  5550.472996: do_swap_page: prefetch miss 6386 "RenderThread" 7ec07ef000 1557a1
           <...>-6426  [007] ....  5550.473004: do_swap_page: prefetch miss 6386 "RenderThread" 7ec082c000 1557a2
           <...>-6426  [007] ...1  5550.474764: do_swap_page: prefetch miss 6386 "RenderThread" 7ec082c000 1557a2
           <...>-6426  [007] ....  5550.474776: do_swap_page: prefetch miss 6386 "RenderThread" 7ebf154000 1557a3
           <...>-6426  [007] ...1  5550.476554: do_swap_page: prefetch miss 6386 "RenderThread" 7ebf154000 1557a3
           <...>-6426  [007] ....  5550.476562: do_swap_page: prefetch miss 6386 "RenderThread" 7ec097f000 1557a4
    GLThread 444-6441  [005] ....  5550.477254: do_swap_page: prefetch miss 6386 "GLThread 444" 7eaf01d000 15977d
           <...>-6426  [007] ...1  5550.482070: do_swap_page: prefetch miss 6386 "RenderThread" 7ec097f000 1557a4
           <...>-6426  [007] ....  5550.482095: do_swap_page: prefetch miss 6386 "RenderThread" 7f2d720000 1557a5
    GLThread 444-6441  [005] ...1  5550.482159: do_swap_page: prefetch miss 6386 "GLThread 444" 7eaf01d000 15977d
    GLThread 444-6441  [005] ....  5550.482198: do_swap_page: prefetch miss 6386 "GLThread 444" 7eaf04a000 29707
           <...>-6426  [007] ...1  5550.487428: do_swap_page: prefetch miss 6386 "RenderThread" 7f2d720000 1557a5
           <...>-6426  [007] ....  5550.487453: do_swap_page: prefetch miss 6386 "RenderThread" 7f2d706000 217c5
    GLThread 444-6441  [005] ...1  5550.487521: do_swap_page: prefetch miss 6386 "GLThread 444" 7eaf04a000 29707
           <...>-6426  [007] ...1  5550.489199: do_swap_page: prefetch miss 6386 "RenderThread" 7f2d706000 217c5
           <...>-6426  [007] ....  5550.489215: do_swap_page: prefetch miss 6386 "RenderThread" 7ec08fc000 1557a6
           <...>-6426  [007] ...1  5550.490985: do_swap_page: prefetch miss 6386 "RenderThread" 7ec08fc000 1557a6
           <...>-6426  [007] ....  5550.490992: do_swap_page: prefetch miss 6386 "RenderThread" 7ec09c3000 1557a7
           <...>-6426  [007] ...1  5550.492815: do_swap_page: prefetch miss 6386 "RenderThread" 7ec09c3000 1557a7
           <...>-6426  [007] ....  5550.492824: do_swap_page: prefetch miss 6386 "RenderThread" 7ebf150000 1557a8
           <...>-6426  [007] ...1  5550.494768: do_swap_page: prefetch miss 6386 "RenderThread" 7ebf150000 1557a8
           <...>-6426  [007] ....  5550.494776: do_swap_page: prefetch miss 6386 "RenderThread" 7ec0981000 517fc
           <...>-6426  [007] ...1  5550.496606: do_swap_page: prefetch miss 6386 "RenderThread" 7ec0981000 517fc
           <...>-6426  [007] ....  5550.496624: do_swap_page: prefetch miss 6386 "RenderThread" 7f2d750000 1557a9
           <...>-6426  [007] ...1  5550.500058: do_swap_page: prefetch miss 6386 "RenderThread" 7f2d750000 1557a9
           <...>-6426  [007] ....  5550.500065: do_swap_page: prefetch miss 6386 "RenderThread" 7ec0961000 1557aa
           <...>-6426  [007] ...1  5550.501722: do_swap_page: prefetch miss 6386 "RenderThread" 7ec0961000 1557aa
           <...>-6426  [007] ....  5550.501731: do_swap_page: prefetch miss 6386 "RenderThread" 7f2d780000 217cb
           <...>-6426  [007] ...1  5550.503643: do_swap_page: prefetch miss 6386 "RenderThread" 7f2d780000 217cb
           <...>-6426  [007] ....  5550.503657: do_swap_page: prefetch miss 6386 "RenderThread" 7ec08fe000 1557ac
           <...>-6426  [007] ...1  5550.505277: do_swap_page: prefetch miss 6386 "RenderThread" 7ec08fe000 1557ac
           <...>-6426  [007] ....  5550.505286: do_swap_page: prefetch miss 6386 "RenderThread" 7ec08f6000 217cd
           <...>-6426  [007] ...1  5550.507114: do_swap_page: prefetch miss 6386 "RenderThread" 7ec08f6000 217cd
           <...>-6426  [007] ....  5550.507119: do_swap_page: prefetch miss 6386 "RenderThread" 7ec097b000 1557ad
           <...>-6426  [007] ...1  5550.508908: do_swap_page: prefetch miss 6386 "RenderThread" 7ec097b000 1557ad
           <...>-6426  [007] ....  5550.509057: do_swap_page: prefetch miss 6386 "RenderThread" 7ec0962000 517fe
           <...>-6426  [007] ...1  5550.511018: do_swap_page: prefetch miss 6386 "RenderThread" 7ec0962000 517fe
           <...>-6426  [007] ....  5550.511027: do_swap_page: prefetch miss 6386 "RenderThread" 7ebf152000 217d0
           <...>-6426  [007] ...1  5550.513050: do_swap_page: prefetch miss 6386 "RenderThread" 7ebf152000 217d0
           <...>-6426  [007] ....  5550.513066: do_swap_page: prefetch miss 6386 "RenderThread" 7ebf153000 517ff
           <...>-6426  [007] ...1  5550.515049: do_swap_page: prefetch miss 6386 "RenderThread" 7ebf153000 517ff
           <...>-6426  [007] ....  5550.515080: do_swap_page: prefetch miss 6386 "RenderThread" 7ebf151000 159700
           <...>-6426  [007] ...1  5550.518270: do_swap_page: prefetch miss 6386 "RenderThread" 7ebf151000 159700
           <...>-6426  [007] ....  5550.518282: do_swap_page: prefetch miss 6386 "RenderThread" 7f2d73a000 159701
           <...>-6426  [007] ...1  5550.520482: do_swap_page: prefetch miss 6386 "RenderThread" 7f2d73a000 159701
           <...>-6426  [007] ....  5550.520490: do_swap_page: prefetch miss 6386 "RenderThread" 7ec0960000 217d4
           <...>-6426  [007] ...1  5550.522186: do_swap_page: prefetch miss 6386 "RenderThread" 7ec0960000 217d4
           <...>-6426  [007] ....  5550.522316: do_swap_page: prefetch miss 6386 "RenderThread" 7ec095a000 159702
           <...>-6426  [007] ...1  5550.524031: do_swap_page: prefetch miss 6386 "RenderThread" 7ec095a000 159702
           <...>-6426  [007] ....  5550.524040: do_swap_page: prefetch miss 6386 "RenderThread" 7ec095f000 159703
           <...>-6426  [007] ...1  5550.525874: do_swap_page: prefetch miss 6386 "RenderThread" 7ec095f000 159703
           <...>-6426  [007] ....  5550.526082: do_swap_page: prefetch miss 6386 "RenderThread" 7f2d738000 217d8
           <...>-6426  [007] ...1  5550.527851: do_swap_page: prefetch miss 6386 "RenderThread" 7f2d738000 217d8
           <...>-6426  [007] ....  5550.527963: do_swap_page: prefetch miss 6386 "RenderThread" 7e69dda000 159704
           <...>-6426  [007] ...1  5550.530012: do_swap_page: prefetch miss 6386 "RenderThread" 7e69dda000 159704
           <...>-6426  [007] ....  5550.530069: do_swap_page: prefetch miss 6386 "RenderThread" 7fbce78000 159705
     logd.writer-576   [000] ....  5550.530312: do_swap_page: prefetch miss 560 "logd.writer" 7fbd7fa000 51742
           <...>-6426  [007] ...1  5550.532375: do_swap_page: prefetch miss 6386 "RenderThread" 7fbce78000 159705
 .candycrushsaga-6386  [007] ....  5550.532503: do_swap_page: prefetch miss 6386 ".candycrushsaga" 9e142000 217d9
     logd.writer-576   [000] ...1  5550.532671: do_swap_page: prefetch miss 560 "logd.writer" 7fbd7fa000 51742
           <...>-870   [001] ....  5550.532974: do_swap_page: prefetch miss 870 "logcatd" 7fbd9c6000 151724
 .candycrushsaga-6386  [007] ...1  5550.534323: do_swap_page: prefetch miss 6386 ".candycrushsaga" 9e142000 217d9
 .candycrushsaga-6386  [007] ....  5550.534333: do_swap_page: prefetch miss 6386 ".candycrushsaga" 9e0f4000 217da
           <...>-870   [001] ...1  5550.534399: do_swap_page: prefetch miss 870 "logcatd" 7fbd9c6000 151724
 .candycrushsaga-6386  [007] ...1  5550.536537: do_swap_page: prefetch miss 6386 ".candycrushsaga" 9e0f4000 217da
  Binder:1338_10-3970  [006] ....  5550.536987: do_swap_page: prefetch miss 1338 "Binder:1338_10" 9e161000 1729
  Binder:1338_10-3970  [006] ...1  5550.538746: do_swap_page: prefetch miss 1338 "Binder:1338_10" 9e161000 1729
 .candycrushsaga-6386  [006] ....  5550.538835: do_swap_page: prefetch miss 6386 ".candycrushsaga" 7ed0541000 159708
 .candycrushsaga-6386  [006] ...1  5550.543072: do_swap_page: prefetch miss 6386 ".candycrushsaga" 7ed0541000 159708
  Binder:1338_10-3970  [006] ....  5550.543192: do_swap_page: prefetch miss 1338 "Binder:1338_10" 7ed17ce000 d71b
    GLThread 444-6441  [005] ....  5550.544000: do_swap_page: prefetch miss 6386 "GLThread 444" 7f28b04000 159707
  Binder:1338_10-3970  [006] ...1  5550.545353: do_swap_page: prefetch miss 1338 "Binder:1338_10" 7ed17ce000 d71b
    GLThread 444-6441  [005] ...1  5550.545378: do_swap_page: prefetch miss 6386 "GLThread 444" 7f28b04000 159707
 .candycrushsaga-6386  [006] ....  5550.545619: do_swap_page: prefetch miss 6386 ".candycrushsaga" 7fbbe66000 15970a
 .candycrushsaga-6386  [006] ...1  5550.548398: do_swap_page: prefetch miss 6386 ".candycrushsaga" 7fbbe66000 15970a
    Binder:913_3-2065  [005] ....  5550.550425: do_swap_page: prefetch miss 913 "Binder:913_3" f352c000 5174e
    Binder:913_3-2065  [005] ...1  5550.552149: do_swap_page: prefetch miss 913 "Binder:913_3" f352c000 5174e
    Binder:913_3-2065  [005] ....  5550.552183: do_swap_page: prefetch miss 913 "Binder:913_3" f6678000 151727
    Binder:913_3-2065  [005] ...1  5550.553906: do_swap_page: prefetch miss 913 "Binder:913_3" f6678000 151727
    Binder:913_3-2065  [005] ....  5550.553916: do_swap_page: prefetch miss 913 "Binder:913_3" f7a4a000 151728
    Binder:913_3-2065  [005] ...1  5550.555902: do_swap_page: prefetch miss 913 "Binder:913_3" f7a4a000 151728
    Binder:913_3-2065  [005] ....  5550.555914: do_swap_page: prefetch miss 913 "Binder:913_3" f351d000 5175e
    Binder:913_3-2065  [005] ...1  5550.557618: do_swap_page: prefetch miss 913 "Binder:913_3" f351d000 5175e
    Binder:913_3-2065  [005] ....  5550.557636: do_swap_page: prefetch miss 913 "Binder:913_3" f3502000 5174c
    Binder:913_3-2065  [005] ...1  5550.559315: do_swap_page: prefetch miss 913 "Binder:913_3" f3502000 5174c
    Binder:913_3-2065  [005] ....  5550.559321: do_swap_page: prefetch miss 913 "Binder:913_3" f3505000 5174f
    Binder:913_3-2065  [005] ...1  5550.561346: do_swap_page: prefetch miss 913 "Binder:913_3" f3505000 5174f
    Binder:913_3-2065  [005] ....  5550.561367: do_swap_page: prefetch miss 913 "Binder:913_3" f6f39000 5572a
    Binder:913_3-2065  [005] ...1  5550.563396: do_swap_page: prefetch miss 913 "Binder:913_3" f6f39000 5572a
    Binder:913_3-2065  [005] ....  5550.563403: do_swap_page: prefetch miss 913 "Binder:913_3" f7a05000 5572b
    Binder:913_3-2065  [005] ...1  5550.565727: do_swap_page: prefetch miss 913 "Binder:913_3" f7a05000 5572b
    Binder:913_3-2065  [005] ....  5550.565734: do_swap_page: prefetch miss 913 "Binder:913_3" f7a5c000 5572c
    Binder:913_3-2065  [005] ...1  5550.567637: do_swap_page: prefetch miss 913 "Binder:913_3" f7a5c000 5572c
    Binder:913_3-2065  [005] ....  5550.567664: do_swap_page: prefetch miss 913 "Binder:913_3" f667b000 9771
    Binder:913_3-2065  [005] ...1  5550.569432: do_swap_page: prefetch miss 913 "Binder:913_3" f667b000 9771
    Binder:913_3-2065  [005] ....  5550.569440: do_swap_page: prefetch miss 913 "Binder:913_3" f7a0a000 51750
    Binder:913_3-2065  [005] ...1  5550.571115: do_swap_page: prefetch miss 913 "Binder:913_3" f7a0a000 51750
    Binder:913_3-2065  [005] ....  5550.571135: do_swap_page: prefetch miss 913 "Binder:913_3" f3530000 151729
    Binder:913_3-2065  [005] ...1  5550.572850: do_swap_page: prefetch miss 913 "Binder:913_3" f3530000 151729
    Binder:913_3-2065  [005] ....  5550.572883: do_swap_page: prefetch miss 913 "Binder:913_3" f7121000 d721
    Binder:913_3-2065  [005] ...1  5550.574803: do_swap_page: prefetch miss 913 "Binder:913_3" f7121000 d721
    Binder:913_3-2065  [005] ....  5550.574827: do_swap_page: prefetch miss 913 "Binder:913_3" f7a14000 d722
    Binder:913_3-2065  [005] ...1  5550.576951: do_swap_page: prefetch miss 913 "Binder:913_3" f7a14000 d722
    Binder:913_3-2065  [005] ....  5550.576976: do_swap_page: prefetch miss 913 "Binder:913_3" f7b09000 55731
    Binder:913_3-2065  [005] ...1  5550.579159: do_swap_page: prefetch miss 913 "Binder:913_3" f7b09000 55731
    Binder:913_3-2065  [005] ....  5550.579191: do_swap_page: prefetch miss 913 "Binder:913_3" f7b00000 55732
    Binder:913_3-2065  [005] ...1  5550.581207: do_swap_page: prefetch miss 913 "Binder:913_3" f7b00000 55732
    Binder:913_3-2065  [005] ....  5550.581236: do_swap_page: prefetch miss 913 "Binder:913_3" f7a10000 5174a
    Binder:913_3-2065  [005] ...1  5550.583857: do_swap_page: prefetch miss 913 "Binder:913_3" f7a10000 5174a
    Binder:913_3-2065  [005] ....  5550.583887: do_swap_page: prefetch miss 913 "Binder:913_3" f3546000 55733
    Binder:913_3-2065  [005] ...1  5550.585621: do_swap_page: prefetch miss 913 "Binder:913_3" f3546000 55733
    Binder:913_3-2065  [005] ....  5550.585647: do_swap_page: prefetch miss 913 "Binder:913_3" f35a0000 5573e
    Binder:913_3-2065  [005] ...1  5550.589345: do_swap_page: prefetch miss 913 "Binder:913_3" f35a0000 5573e
    Binder:913_3-2065  [005] ....  5550.589371: do_swap_page: prefetch miss 913 "Binder:913_3" f3500000 55735
    Binder:913_3-2065  [005] ...1  5550.591382: do_swap_page: prefetch miss 913 "Binder:913_3" f3500000 55735
    Binder:913_3-2065  [005] ....  5550.591430: do_swap_page: prefetch miss 913 "Binder:913_3" f65ab000 d726
    Binder:913_3-2065  [005] ...1  5550.593382: do_swap_page: prefetch miss 913 "Binder:913_3" f65ab000 d726
    Binder:913_3-2065  [005] ....  5550.593406: do_swap_page: prefetch miss 913 "Binder:913_3" f7a06000 51749
    Binder:913_3-2065  [005] ...1  5550.595174: do_swap_page: prefetch miss 913 "Binder:913_3" f7a06000 51749
    Binder:913_3-2065  [005] ....  5550.595232: do_swap_page: prefetch miss 913 "Binder:913_3" f3529000 5573a
    Binder:913_3-2065  [005] ...1  5550.596937: do_swap_page: prefetch miss 913 "Binder:913_3" f3529000 5573a
    Binder:913_3-2065  [005] ....  5550.596970: do_swap_page: prefetch miss 913 "Binder:913_3" f354b000 55740
    Binder:913_3-2065  [005] ...1  5550.598728: do_swap_page: prefetch miss 913 "Binder:913_3" f354b000 55740
    Binder:913_3-2065  [005] ....  5550.598754: do_swap_page: prefetch miss 913 "Binder:913_3" f3503000 51756
    Binder:913_3-2065  [005] ...1  5550.600735: do_swap_page: prefetch miss 913 "Binder:913_3" f3503000 51756
    Binder:913_3-2065  [005] ....  5550.600847: do_swap_page: prefetch miss 913 "Binder:913_3" f7b08000 5174d
    Binder:913_2-2064  [005] ....  5550.600954: do_swap_page: prefetch miss 913 "Binder:913_2" f7a80000 151725
    Binder:913_3-2065  [005] ...1  5550.602813: do_swap_page: prefetch miss 913 "Binder:913_3" f7b08000 5174d
    Binder:913_2-2064  [005] ...1  5550.602831: do_swap_page: prefetch miss 913 "Binder:913_2" f7a80000 151725
    Binder:913_2-2064  [005] ....  5550.602844: do_swap_page: prefetch miss 913 "Binder:913_2" f3280000 151726
    Binder:913_2-2064  [005] ...1  5550.604777: do_swap_page: prefetch miss 913 "Binder:913_2" f3280000 151726
    Binder:913_2-2064  [005] ....  5550.604787: do_swap_page: prefetch miss 913 "Binder:913_2" f7aef000 5174b
    Binder:913_2-2064  [005] ...1  5550.607354: do_swap_page: prefetch miss 913 "Binder:913_2" f7aef000 5174b
    Binder:913_2-2064  [005] ....  5550.607364: do_swap_page: prefetch miss 913 "Binder:913_2" f327f000 5572d
    Binder:913_2-2064  [005] ...1  5550.611151: do_swap_page: prefetch miss 913 "Binder:913_2" f327f000 5572d
    Binder:913_2-2064  [005] ....  5550.611160: do_swap_page: prefetch miss 913 "Binder:913_2" f7a09000 5572e
    Binder:913_2-2064  [005] ...1  5550.613362: do_swap_page: prefetch miss 913 "Binder:913_2" f7a09000 5572e
    Binder:913_2-2064  [005] ....  5550.613368: do_swap_page: prefetch miss 913 "Binder:913_2" f7a38000 5572f
    Binder:913_2-2064  [005] ...1  5550.617232: do_swap_page: prefetch miss 913 "Binder:913_2" f7a38000 5572f
    Binder:913_2-2064  [005] ....  5550.617241: do_swap_page: prefetch miss 913 "Binder:913_2" f3540000 151747
    Binder:913_2-2064  [005] ...1  5550.620248: do_swap_page: prefetch miss 913 "Binder:913_2" f3540000 151747
    Binder:913_2-2064  [005] ....  5550.620255: do_swap_page: prefetch miss 913 "Binder:913_2" f7a24000 d72d
    Binder:913_2-2064  [005] ...1  5550.622992: do_swap_page: prefetch miss 913 "Binder:913_2" f7a24000 d72d
    Binder:913_2-2064  [005] ....  5550.623007: do_swap_page: prefetch miss 913 "Binder:913_2" f58f7000 51752
    Binder:913_2-2064  [005] ...1  5550.627164: do_swap_page: prefetch miss 913 "Binder:913_2" f58f7000 51752
    Binder:913_2-2064  [005] ....  5550.627172: do_swap_page: prefetch miss 913 "Binder:913_2" f7a12000 51753
    Binder:913_2-2064  [005] ...1  5550.628867: do_swap_page: prefetch miss 913 "Binder:913_2" f7a12000 51753
    Binder:913_2-2064  [005] ....  5550.628877: do_swap_page: prefetch miss 913 "Binder:913_2" f3533000 51754
    Binder:913_2-2064  [005] ...1  5550.630628: do_swap_page: prefetch miss 913 "Binder:913_2" f3533000 51754
    Binder:913_2-2064  [005] ....  5550.630637: do_swap_page: prefetch miss 913 "Binder:913_2" f356b000 51755
    Binder:913_2-2064  [005] ...1  5550.632432: do_swap_page: prefetch miss 913 "Binder:913_2" f356b000 51755
    Binder:913_2-2064  [005] ....  5550.632442: do_swap_page: prefetch miss 913 "Binder:913_2" f6fa3000 51757
    Binder:913_2-2064  [005] ...1  5550.636955: do_swap_page: prefetch miss 913 "Binder:913_2" f6fa3000 51757
    Binder:913_2-2064  [005] ....  5550.636982: do_swap_page: prefetch miss 913 "Binder:913_2" f27d6000 155707
    Binder:913_2-2064  [005] ...1  5550.639365: do_swap_page: prefetch miss 913 "Binder:913_2" f27d6000 155707
    Binder:913_2-2064  [005] ....  5550.639393: do_swap_page: prefetch miss 913 "Binder:913_2" f7b15000 51759
    Binder:913_2-2064  [005] ...1  5550.641552: do_swap_page: prefetch miss 913 "Binder:913_2" f7b15000 51759
    Binder:913_2-2064  [005] ....  5550.641559: do_swap_page: prefetch miss 913 "Binder:913_2" f3603000 5175b
    Binder:913_2-2064  [005] ...1  5550.646224: do_swap_page: prefetch miss 913 "Binder:913_2" f3603000 5175b
    Binder:913_2-2064  [005] ....  5550.646233: do_swap_page: prefetch miss 913 "Binder:913_2" f6680000 1733
    Binder:913_2-2064  [005] ...1  5550.648020: do_swap_page: prefetch miss 913 "Binder:913_2" f6680000 1733
    Binder:913_2-2064  [005] ....  5550.648026: do_swap_page: prefetch miss 913 "Binder:913_2" f3601000 5175c
    Binder:913_2-2064  [005] ...1  5550.650090: do_swap_page: prefetch miss 913 "Binder:913_2" f3601000 5175c
    Binder:913_2-2064  [005] ....  5550.650105: do_swap_page: prefetch miss 913 "Binder:913_2" f3608000 55748
    Binder:913_2-2064  [005] ...1  5550.652025: do_swap_page: prefetch miss 913 "Binder:913_2" f3608000 55748
    Binder:913_2-2064  [005] ....  5550.652032: do_swap_page: prefetch miss 913 "Binder:913_2" f3600000 5175d
    Binder:913_2-2064  [005] ...1  5550.653973: do_swap_page: prefetch miss 913 "Binder:913_2" f3600000 5175d
    Binder:913_2-2064  [005] ....  5550.654015: do_swap_page: prefetch miss 913 "Binder:913_2" f3531000 55730
    Binder:913_2-2064  [005] ...1  5550.655673: do_swap_page: prefetch miss 913 "Binder:913_2" f3531000 55730
    Binder:913_2-2064  [005] ....  5550.655701: do_swap_page: prefetch miss 913 "Binder:913_2" f7b0e000 5175a
    Binder:913_2-2064  [005] ...1  5550.657668: do_swap_page: prefetch miss 913 "Binder:913_2" f7b0e000 5175a
    Binder:913_2-2064  [005] ....  5550.657692: do_swap_page: prefetch miss 913 "Binder:913_2" f7b05000 d72b
    Binder:913_2-2064  [005] ...1  5550.659361: do_swap_page: prefetch miss 913 "Binder:913_2" f7b05000 d72b
    Binder:913_2-2064  [005] ....  5550.659396: do_swap_page: prefetch miss 913 "Binder:913_2" f3538000 5175f
    Binder:913_2-2064  [005] ...1  5550.661374: do_swap_page: prefetch miss 913 "Binder:913_2" f3538000 5175f
    Binder:913_2-2064  [005] ....  5550.661495: do_swap_page: prefetch miss 913 "Binder:913_2" f207a000 51760
    Binder:913_2-2064  [005] ...1  5550.663216: do_swap_page: prefetch miss 913 "Binder:913_2" f207a000 51760
    Binder:913_2-2064  [005] ....  5550.663249: do_swap_page: prefetch miss 913 "Binder:913_2" f3553000 51761
           <...>-26902 [003] ....  5550.663395: do_swap_page: prefetch miss 913 "Binder:913_2" f7b03000 51762
    Binder:913_2-2064  [005] ...1  5550.665018: do_swap_page: prefetch miss 913 "Binder:913_2" f3553000 51761
    Binder:913_2-2064  [005] ...1  5550.665042: do_swap_page: prefetch miss 913 "Binder:913_2" f7b03000 51762
    Binder:913_2-2064  [005] ....  5550.665080: do_swap_page: prefetch miss 913 "Binder:913_2" f6679000 5717
           <...>-26902 [003] ....  5550.665144: do_swap_page: prefetch miss 913 "Binder:913_2" f7b07000 55736
    Binder:913_2-2064  [005] ...1  5550.666847: do_swap_page: prefetch miss 913 "Binder:913_2" f6679000 5717
    Binder:913_2-2064  [005] ....  5550.666880: do_swap_page: prefetch miss 913 "Binder:913_2" f7f29000 5718
           <...>-26902 [003] ...1  5550.666883: do_swap_page: prefetch miss 913 "Binder:913_2" f7b07000 55736
           <...>-26902 [003] ....  5550.666973: do_swap_page: prefetch miss 913 "Binder:913_2" f667d000 d731
    Binder:913_2-2064  [005] ...1  5550.668829: do_swap_page: prefetch miss 913 "Binder:913_2" f7f29000 5718
    Binder:913_2-2064  [005] ....  5550.668845: do_swap_page: prefetch miss 913 "Binder:913_2" f72df000 55737
           <...>-26902 [003] ...1  5550.668874: do_swap_page: prefetch miss 913 "Binder:913_2" f667d000 d731
           <...>-26902 [003] ....  5550.669027: do_swap_page: prefetch miss 913 "Binder:913_2" f7a0b000 55738
    Binder:913_2-2064  [005] ...1  5550.670605: do_swap_page: prefetch miss 913 "Binder:913_2" f72df000 55737
           <...>-26902 [003] ...1  5550.670639: do_swap_page: prefetch miss 913 "Binder:913_2" f7a0b000 55738
           <...>-26902 [003] ....  5550.670718: do_swap_page: prefetch miss 913 "Binder:913_2" f7a0c000 55739
    Binder:913_2-2064  [005] ....  5550.670838: do_swap_page: prefetch miss 913 "Binder:913_2" f7a23000 51748
 NuPlayerDriver -26903 [005] ...1  5550.672964: do_swap_page: prefetch miss 913 "Binder:913_2" f7a0c000 55739
    Binder:913_2-2064  [005] ...1  5550.672974: do_swap_page: prefetch miss 913 "Binder:913_2" f7a23000 51748
           <...>-26902 [003] ....  5550.673011: do_swap_page: prefetch miss 913 "Binder:913_2" f7b0c000 5573c
    Binder:913_2-2064  [005] ....  5550.673033: do_swap_page: prefetch miss 913 "Binder:913_2" f7a30000 5573b
           <...>-26902 [003] ...1  5550.674846: do_swap_page: prefetch miss 913 "Binder:913_2" f7b0c000 5573c
    Binder:913_2-2064  [005] ...1  5550.674853: do_swap_page: prefetch miss 913 "Binder:913_2" f7a30000 5573b
           <...>-26902 [003] ....  5550.674937: do_swap_page: prefetch miss 913 "Binder:913_2" f2ac7000 5573d
    Binder:913_2-2064  [002] ....  5550.675349: do_swap_page: prefetch miss 913 "Binder:913_2" f7068000 55741
 NuPlayerDriver -26903 [005] ...1  5550.676881: do_swap_page: prefetch miss 913 "Binder:913_2" f2ac7000 5573d
    Binder:913_2-2064  [006] ...1  5550.676909: do_swap_page: prefetch miss 913 "Binder:913_2" f7068000 55741
 NuPlayerDriver -26903 [005] ....  5550.676916: do_swap_page: prefetch miss 913 "Binder:913_2" f2ac8000 5573f
    Binder:913_2-2064  [006] ....  5550.676928: do_swap_page: prefetch miss 913 "Binder:913_2" f6722000 15172b
           <...>-26902 [003] ....  5550.677021: do_swap_page: prefetch miss 913 "Binder:913_2" f3604000 51763
 NuPlayerDriver -26903 [005] ...1  5550.679809: do_swap_page: prefetch miss 913 "Binder:913_2" f2ac8000 5573f
    Binder:913_2-2064  [006] ...1  5550.679844: do_swap_page: prefetch miss 913 "Binder:913_2" f6722000 15172b
           <...>-26902 [003] ...1  5550.679850: do_swap_page: prefetch miss 913 "Binder:913_2" f3604000 51763
           <...>-26902 [003] ....  5550.679873: do_swap_page: prefetch miss 913 "Binder:913_2" f3605000 155709
    Binder:913_2-2064  [006] ....  5550.679913: do_swap_page: prefetch miss 913 "Binder:913_2" f3543000 15172d
    Binder:913_2-2064  [006] ...1  5550.681925: do_swap_page: prefetch miss 913 "Binder:913_2" f3543000 15172d
           <...>-26902 [003] ...1  5550.681953: do_swap_page: prefetch miss 913 "Binder:913_2" f3605000 155709
    Binder:913_2-2064  [006] ....  5550.681954: do_swap_page: prefetch miss 913 "Binder:913_2" f352d000 15172e
 NuPlayerDriver -26903 [006] ....  5550.681991: do_swap_page: prefetch miss 913 "Binder:913_2" f6c3b000 977d
           <...>-26902 [003] ....  5550.682084: do_swap_page: prefetch miss 913 "Binder:913_2" f3510000 15172a
    Binder:913_2-2064  [005] ...1  5550.684119: do_swap_page: prefetch miss 913 "Binder:913_2" f352d000 15172e
    Binder:913_2-2064  [005] ....  5550.684133: do_swap_page: prefetch miss 913 "Binder:913_2" f35fd000 151730
 NuPlayerDriver -26903 [006] ...1  5550.684150: do_swap_page: prefetch miss 913 "Binder:913_2" f6c3b000 977d
 NuPlayerDriver -26903 [006] ....  5550.684157: do_swap_page: prefetch miss 913 "Binder:913_2" f3501000 15172c
           <...>-26902 [003] ...1  5550.684160: do_swap_page: prefetch miss 913 "Binder:913_2" f3510000 15172a
 NuPlayerDriver -26903 [006] ...1  5550.686013: do_swap_page: prefetch miss 913 "Binder:913_2" f3501000 15172c
    Binder:913_2-2064  [005] ...1  5550.686026: do_swap_page: prefetch miss 913 "Binder:913_2" f35fd000 151730
    Binder:913_2-2064  [005] ....  5550.686035: do_swap_page: prefetch miss 913 "Binder:913_2" f352e000 55742
 NuPlayerDriver -26903 [005] ....  5550.686046: do_swap_page: prefetch miss 913 "Binder:913_2" f352f000 4d707
           <...>-26902 [006] ...1  5550.687849: do_swap_page: prefetch miss 913 "Binder:913_2" f352f000 4d707
    Binder:913_2-2064  [005] ...1  5550.687863: do_swap_page: prefetch miss 913 "Binder:913_2" f352e000 55742
    Binder:913_2-2064  [005] ....  5550.687869: do_swap_page: prefetch miss 913 "Binder:913_2" f7a52000 151731
           <...>-26902 [006] ....  5550.687899: do_swap_page: prefetch miss 913 "Binder:913_2" f3516000 15172f
           <...>-26902 [006] ...1  5550.691121: do_swap_page: prefetch miss 913 "Binder:913_2" f3516000 15172f
    Binder:913_2-2064  [006] ...1  5550.691138: do_swap_page: prefetch miss 913 "Binder:913_2" f7a52000 151731
           <...>-562   [000] ....  5550.691500: do_swap_page: prefetch miss 562 "hwservicemanage" 7fbd402000 d70b
           <...>-562   [000] ...1  5550.693262: do_swap_page: prefetch miss 562 "hwservicemanage" 7fbd402000 d70b
           <...>-562   [000] ....  5550.693409: do_swap_page: prefetch miss 562 "hwservicemanage" 7fbd24c000 51745
           <...>-562   [000] ...1  5550.695106: do_swap_page: prefetch miss 562 "hwservicemanage" 7fbd24c000 51745
    Binder:913_2-2064  [000] ....  5550.695423: do_swap_page: prefetch miss 913 "Binder:913_2" fffef000 5722
    Binder:913_2-2064  [006] ...1  5550.697128: do_swap_page: prefetch miss 913 "Binder:913_2" fffef000 5722
           <...>-562   [000] ....  5550.697316: do_swap_page: prefetch miss 562 "hwservicemanage" 7fbd272000 d710
           <...>-562   [000] ...1  5550.699236: do_swap_page: prefetch miss 562 "hwservicemanage" 7fbd272000 d710
           <...>-918   [003] ....  5550.699444: do_swap_page: prefetch miss 918 "omx@1.0-service" f7c0d000 151732
           <...>-918   [003] ...1  5550.701133: do_swap_page: prefetch miss 918 "omx@1.0-service" f7c0d000 151732
           <...>-918   [003] ....  5550.701165: do_swap_page: prefetch miss 918 "omx@1.0-service" fffef000 151733
           <...>-918   [003] ...1  5550.704561: do_swap_page: prefetch miss 918 "omx@1.0-service" fffef000 151733
           <...>-918   [003] ....  5550.704647: do_swap_page: prefetch miss 918 "omx@1.0-service" f6256000 d733
           <...>-918   [003] ...1  5550.706466: do_swap_page: prefetch miss 918 "omx@1.0-service" f6256000 d733
           <...>-918   [003] ....  5550.706487: do_swap_page: prefetch miss 918 "omx@1.0-service" f7bd1000 151734
           <...>-918   [003] ...1  5550.708635: do_swap_page: prefetch miss 918 "omx@1.0-service" f7bd1000 151734
           <...>-918   [003] ....  5550.708655: do_swap_page: prefetch miss 918 "omx@1.0-service" f7bc9000 151735
           <...>-918   [003] ...1  5550.710315: do_swap_page: prefetch miss 918 "omx@1.0-service" f7bc9000 151735
           <...>-918   [003] ....  5550.710407: do_swap_page: prefetch miss 918 "omx@1.0-service" f7dde000 1738
           <...>-918   [003] ...1  5550.712293: do_swap_page: prefetch miss 918 "omx@1.0-service" f7dde000 1738
           <...>-918   [003] ....  5550.712370: do_swap_page: prefetch miss 918 "omx@1.0-service" f7fef000 1739
           <...>-918   [003] ...1  5550.714111: do_swap_page: prefetch miss 918 "omx@1.0-service" f7fef000 1739
           <...>-918   [003] ....  5550.714192: do_swap_page: prefetch miss 918 "omx@1.0-service" f7ba6000 151736
           <...>-918   [003] ...1  5550.717701: do_swap_page: prefetch miss 918 "omx@1.0-service" f7ba6000 151736
           <...>-918   [003] ....  5550.717773: do_swap_page: prefetch miss 918 "omx@1.0-service" f7baf000 151737
           <...>-918   [003] ...1  5550.719641: do_swap_page: prefetch miss 918 "omx@1.0-service" f7baf000 151737
           <...>-918   [003] ....  5550.719717: do_swap_page: prefetch miss 918 "omx@1.0-service" f7bfe000 151738
           <...>-918   [003] ...1  5550.721624: do_swap_page: prefetch miss 918 "omx@1.0-service" f7bfe000 151738
           <...>-918   [003] ....  5550.721710: do_swap_page: prefetch miss 918 "omx@1.0-service" f7079000 151739
           <...>-918   [003] ...1  5550.723896: do_swap_page: prefetch miss 918 "omx@1.0-service" f7079000 151739
           <...>-918   [002] ....  5550.723951: do_swap_page: prefetch miss 918 "omx@1.0-service" f7ba4000 15173a
           <...>-918   [003] ...1  5550.725665: do_swap_page: prefetch miss 918 "omx@1.0-service" f7ba4000 15173a
           <...>-918   [003] ....  5550.725743: do_swap_page: prefetch miss 918 "omx@1.0-service" f7bb9000 15173b
           <...>-918   [003] ...1  5550.727717: do_swap_page: prefetch miss 918 "omx@1.0-service" f7bb9000 15173b
           <...>-918   [003] ....  5550.727802: do_swap_page: prefetch miss 918 "omx@1.0-service" f719b000 1740
           <...>-918   [003] ...1  5550.729624: do_swap_page: prefetch miss 918 "omx@1.0-service" f719b000 1740
           <...>-918   [003] ....  5550.729703: do_swap_page: prefetch miss 918 "omx@1.0-service" f6259000 1741
           <...>-918   [003] ...1  5550.731948: do_swap_page: prefetch miss 918 "omx@1.0-service" f6259000 1741
           <...>-918   [003] ....  5550.732026: do_swap_page: prefetch miss 918 "omx@1.0-service" f7ba8000 15173c
           <...>-918   [003] ...1  5550.733734: do_swap_page: prefetch miss 918 "omx@1.0-service" f7ba8000 15173c
           <...>-918   [003] ....  5550.733812: do_swap_page: prefetch miss 918 "omx@1.0-service" f7b9f000 15173d
           <...>-918   [003] ...1  5550.736279: do_swap_page: prefetch miss 918 "omx@1.0-service" f7b9f000 15173d
           <...>-918   [003] ....  5550.736355: do_swap_page: prefetch miss 918 "omx@1.0-service" f7bc1000 15173e
           <...>-918   [003] ...1  5550.738125: do_swap_page: prefetch miss 918 "omx@1.0-service" f7bc1000 15173e
           <...>-918   [003] ....  5550.738204: do_swap_page: prefetch miss 918 "omx@1.0-service" f7bb3000 15173f
           <...>-918   [003] ...1  5550.739998: do_swap_page: prefetch miss 918 "omx@1.0-service" f7bb3000 15173f
           <...>-918   [003] ....  5550.740075: do_swap_page: prefetch miss 918 "omx@1.0-service" f7c38000 151740
           <...>-918   [003] ...1  5550.741924: do_swap_page: prefetch miss 918 "omx@1.0-service" f7c38000 151740
           <...>-918   [003] ....  5550.742002: do_swap_page: prefetch miss 918 "omx@1.0-service" f7c3b000 151741
           <...>-918   [003] ...1  5550.743840: do_swap_page: prefetch miss 918 "omx@1.0-service" f7c3b000 151741
           <...>-918   [003] ....  5550.743928: do_swap_page: prefetch miss 918 "omx@1.0-service" f7c3d000 151742
           <...>-918   [003] ...1  5550.746559: do_swap_page: prefetch miss 918 "omx@1.0-service" f7c3d000 151742
           <...>-918   [003] ....  5550.746650: do_swap_page: prefetch miss 918 "omx@1.0-service" f6006000 457bc
           <...>-918   [003] ...1  5550.748730: do_swap_page: prefetch miss 918 "omx@1.0-service" f6006000 457bc
           <...>-918   [003] ....  5550.748809: do_swap_page: prefetch miss 918 "omx@1.0-service" f6000000 457bd
           <...>-918   [003] ...1  5550.750505: do_swap_page: prefetch miss 918 "omx@1.0-service" f6000000 457bd
           <...>-918   [003] ....  5550.750592: do_swap_page: prefetch miss 918 "omx@1.0-service" f7ba5000 151743
           <...>-918   [003] ...1  5550.752470: do_swap_page: prefetch miss 918 "omx@1.0-service" f7ba5000 151743
           <...>-918   [003] ....  5550.752558: do_swap_page: prefetch miss 918 "omx@1.0-service" f7bc3000 151744
           <...>-918   [003] ...1  5550.754286: do_swap_page: prefetch miss 918 "omx@1.0-service" f7bc3000 151744
           <...>-918   [003] ....  5550.754562: do_swap_page: prefetch miss 918 "omx@1.0-service" f6007000 d73a
    Binder:913_2-2064  [003] ....  5550.754571: do_swap_page: prefetch miss 913 "Binder:913_2" f73ec000 151745
           <...>-918   [003] ...1  5550.756369: do_swap_page: prefetch miss 918 "omx@1.0-service" f6007000 d73a
    Binder:913_2-2064  [003] ...1  5550.756398: do_swap_page: prefetch miss 913 "Binder:913_2" f73ec000 151745
           <...>-6507  [007] ....  5550.756440: do_swap_page: prefetch miss 6386 "GLThread 444" 7f28f0f000 1517eb
    Binder:913_2-2064  [003] ....  5550.756522: do_swap_page: prefetch miss 913 "Binder:913_2" f4f79000 151746
           <...>-6507  [007] ...1  5550.758344: do_swap_page: prefetch miss 6386 "GLThread 444" 7f28f0f000 1517eb
    Binder:913_2-2064  [003] ...1  5550.758506: do_swap_page: prefetch miss 913 "Binder:913_2" f4f79000 151746
    Binder:913_2-2064  [003] ....  5550.758618: do_swap_page: prefetch miss 913 "Binder:913_2" f75a1000 9788
           <...>-6507  [007] ....  5550.760409: do_swap_page: prefetch miss 6386 "GLThread 444" 7eaf87f000 1517ed
    Binder:913_2-2064  [003] ...1  5550.760459: do_swap_page: prefetch miss 913 "Binder:913_2" f75a1000 9788
           <...>-562   [000] ....  5550.760801: do_swap_page: prefetch miss 562 "hwservicemanage" 7fbd245000 51746
           <...>-6507  [007] ...1  5550.762464: do_swap_page: prefetch miss 6386 "GLThread 444" 7eaf87f000 1517ed
           <...>-6507  [007] ....  5550.762491: do_swap_page: prefetch miss 6386 "GLThread 444" 7eaf876000 1517ee
           <...>-562   [000] ...1  5550.762540: do_swap_page: prefetch miss 562 "hwservicemanage" 7fbd245000 51746
           <...>-562   [000] ....  5550.762642: do_swap_page: prefetch miss 562 "hwservicemanage" 7fbd238000 51747
           <...>-6507  [007] ...1  5550.764208: do_swap_page: prefetch miss 6386 "GLThread 444" 7eaf876000 1517ee
           <...>-6507  [007] ....  5550.764229: do_swap_page: prefetch miss 6386 "GLThread 444" 7eaf881000 1517ef
           <...>-562   [000] ...1  5550.764273: do_swap_page: prefetch miss 562 "hwservicemanage" 7fbd238000 51747
  HwBinder:923_4-2051  [005] ....  5550.764858: do_swap_page: prefetch miss 923 "HwBinder:923_4" 2755553000 159715
           <...>-6507  [007] ...1  5550.766381: do_swap_page: prefetch miss 6386 "GLThread 444" 7eaf881000 1517ef
           <...>-6507  [007] ....  5550.766404: do_swap_page: prefetch miss 6386 "GLThread 444" 7eaf887000 1517f0
  HwBinder:923_4-2051  [005] ...1  5550.766445: do_swap_page: prefetch miss 923 "HwBinder:923_4" 2755553000 159715
  HwBinder:923_4-2051  [005] ....  5550.766497: do_swap_page: prefetch miss 923 "HwBinder:923_4" 7fbcc7d000 159716
           <...>-6507  [007] ...1  5550.768829: do_swap_page: prefetch miss 6386 "GLThread 444" 7eaf887000 1517f0
           <...>-6507  [007] ....  5550.768848: do_swap_page: prefetch miss 6386 "GLThread 444" 7eaf87a000 1517f1
  HwBinder:923_4-2051  [005] ...1  5550.768877: do_swap_page: prefetch miss 923 "HwBinder:923_4" 7fbcc7d000 159716
  HwBinder:923_4-2051  [005] ....  5550.768884: do_swap_page: prefetch miss 923 "HwBinder:923_4" 195555c000 159717
           <...>-6507  [007] ...1  5550.770568: do_swap_page: prefetch miss 6386 "GLThread 444" 7eaf87a000 1517f1
           <...>-6507  [007] ....  5550.770594: do_swap_page: prefetch miss 6386 "GLThread 444" 7eafe05000 1517f2
  HwBinder:923_4-2051  [005] ...1  5550.770634: do_swap_page: prefetch miss 923 "HwBinder:923_4" 195555c000 159717
  HwBinder:923_4-2051  [005] ....  5550.770646: do_swap_page: prefetch miss 923 "HwBinder:923_4" 1855561000 159718
           <...>-6507  [007] ...1  5550.772562: do_swap_page: prefetch miss 6386 "GLThread 444" 7eafe05000 1517f2
           <...>-6507  [007] ....  5550.772589: do_swap_page: prefetch miss 6386 "GLThread 444" 7eaf88a000 1517f3
  HwBinder:923_4-2051  [005] ...1  5550.772621: do_swap_page: prefetch miss 923 "HwBinder:923_4" 1855561000 159718
  HwBinder:923_4-2051  [005] ....  5550.772631: do_swap_page: prefetch miss 923 "HwBinder:923_4" 185555b000 159719
           <...>-6507  [007] ...1  5550.774351: do_swap_page: prefetch miss 6386 "GLThread 444" 7eaf88a000 1517f3
           <...>-6507  [007] ....  5550.774650: do_swap_page: prefetch miss 6386 "GLThread 444" 7eaf011000 159731
  HwBinder:923_4-2051  [005] ...1  5550.774684: do_swap_page: prefetch miss 923 "HwBinder:923_4" 185555b000 159719
  HwBinder:923_4-2051  [005] ....  5550.774694: do_swap_page: prefetch miss 923 "HwBinder:923_4" 205555e000 15971a
           <...>-6507  [007] ...1  5550.776381: do_swap_page: prefetch miss 6386 "GLThread 444" 7eaf011000 159731
           <...>-6507  [007] ....  5550.776753: do_swap_page: prefetch miss 6386 "GLThread 444" 7e9df5f000 15973a
  HwBinder:923_4-2051  [005] ...1  5550.776789: do_swap_page: prefetch miss 923 "HwBinder:923_4" 205555e000 15971a
  HwBinder:923_4-2051  [005] ....  5550.776805: do_swap_page: prefetch miss 923 "HwBinder:923_4" 7fbc7e6000 15971b
           <...>-6507  [007] ...1  5550.778489: do_swap_page: prefetch miss 6386 "GLThread 444" 7e9df5f000 15973a
           <...>-6507  [007] ....  5550.778594: do_swap_page: prefetch miss 6386 "GLThread 444" 7e9dfbb000 15973b
  HwBinder:923_4-2051  [005] ...1  5550.778629: do_swap_page: prefetch miss 923 "HwBinder:923_4" 7fbc7e6000 15971b
  HwBinder:923_4-2051  [005] ....  5550.778637: do_swap_page: prefetch miss 923 "HwBinder:923_4" 2655559000 15971c
           <...>-6507  [007] ...1  5550.780626: do_swap_page: prefetch miss 6386 "GLThread 444" 7e9dfbb000 15973b
           <...>-6507  [007] ....  5550.780669: do_swap_page: prefetch miss 6386 "GLThread 444" 7e9e08f000 557b9
  HwBinder:923_4-2051  [005] ...1  5550.780701: do_swap_page: prefetch miss 923 "HwBinder:923_4" 2655559000 15971c
  HwBinder:923_4-2051  [005] ....  5550.780710: do_swap_page: prefetch miss 923 "HwBinder:923_4" 1855560000 15971d
           <...>-6507  [007] ...1  5550.783579: do_swap_page: prefetch miss 6386 "GLThread 444" 7e9e08f000 557b9
           <...>-6507  [007] ....  5550.783673: do_swap_page: prefetch miss 6386 "GLThread 444" 7e9e275000 557ba
  HwBinder:923_4-2051  [005] ...1  5550.783706: do_swap_page: prefetch miss 923 "HwBinder:923_4" 1855560000 15971d
  HwBinder:923_4-2051  [005] ....  5550.783718: do_swap_page: prefetch miss 923 "HwBinder:923_4" 7fbd01e000 15971e
           <...>-6507  [007] ...1  5550.785545: do_swap_page: prefetch miss 6386 "GLThread 444" 7e9e275000 557ba
           <...>-6507  [007] ....  5550.785631: do_swap_page: prefetch miss 6386 "GLThread 444" 7e9e2bf000 1517f7
  HwBinder:923_4-2051  [005] ...1  5550.785664: do_swap_page: prefetch miss 923 "HwBinder:923_4" 7fbd01e000 15971e
  HwBinder:923_4-2051  [005] ....  5550.785672: do_swap_page: prefetch miss 923 "HwBinder:923_4" 7fbe361000 15971f
           <...>-6507  [007] ...1  5550.787682: do_swap_page: prefetch miss 6386 "GLThread 444" 7e9e2bf000 1517f7
           <...>-6507  [007] ....  5550.788036: do_swap_page: prefetch miss 6386 "GLThread 444" 7e9e2fb000 15973c
  HwBinder:923_4-2051  [005] ...1  5550.788071: do_swap_page: prefetch miss 923 "HwBinder:923_4" 7fbe361000 15971f
  HwBinder:923_4-2051  [005] ....  5550.788079: do_swap_page: prefetch miss 923 "HwBinder:923_4" 7fbe360000 159720
           <...>-6507  [007] ...1  5550.789848: do_swap_page: prefetch miss 6386 "GLThread 444" 7e9e2fb000 15973c
           <...>-6507  [007] ....  5550.790199: do_swap_page: prefetch miss 6386 "GLThread 444" 7e9df78000 159743
  HwBinder:923_4-2051  [005] ...1  5550.790234: do_swap_page: prefetch miss 923 "HwBinder:923_4" 7fbe360000 159720
  HwBinder:923_9-24185 [005] ....  5550.790584: do_swap_page: prefetch miss 923 "HwBinder:923_9" 1a5555d000 15972b
  HwBinder:923_4-2051  [005] ....  5550.790670: do_swap_page: prefetch miss 923 "HwBinder:923_4" 7fbc3d3000 97b0
           <...>-6507  [007] ...1  5550.793976: do_swap_page: prefetch miss 6386 "GLThread 444" 7e9df78000 159743
           <...>-6507  [007] ....  5550.794201: do_swap_page: prefetch miss 6386 "GLThread 444" 7e9e36a000 159742
  HwBinder:923_9-24185 [005] ...1  5550.794245: do_swap_page: prefetch miss 923 "HwBinder:923_9" 1a5555d000 15972b
  HwBinder:923_9-24185 [005] ....  5550.794259: do_swap_page: prefetch miss 923 "HwBinder:923_9" 185555f000 15972c
  HwBinder:923_4-2051  [005] ...1  5550.794298: do_swap_page: prefetch miss 923 "HwBinder:923_4" 7fbc3d3000 97b0
           <...>-6507  [007] ...1  5550.795865: do_swap_page: prefetch miss 6386 "GLThread 444" 7e9e36a000 159742
           <...>-6507  [007] ....  5550.795994: do_swap_page: prefetch miss 6386 "GLThread 444" 7e9e03e000 15974b
  HwBinder:923_9-24185 [005] ...1  5550.796030: do_swap_page: prefetch miss 923 "HwBinder:923_9" 185555f000 15972c
  HwBinder:923_9-24185 [005] ....  5550.796101: do_swap_page: prefetch miss 923 "HwBinder:923_9" 1a55559000 15972d
           <...>-6507  [007] ...1  5550.797888: do_swap_page: prefetch miss 6386 "GLThread 444" 7e9e03e000 15974b
           <...>-6507  [007] ....  5550.798063: do_swap_page: prefetch miss 6386 "GLThread 444" 7e9e451000 159744
  HwBinder:923_9-24185 [005] ...1  5550.798106: do_swap_page: prefetch miss 923 "HwBinder:923_9" 1a55559000 15972d
  HwBinder:923_9-24185 [005] ....  5550.798114: do_swap_page: prefetch miss 923 "HwBinder:923_9" 1a55581000 15972e
           <...>-6507  [007] ...1  5550.800438: do_swap_page: prefetch miss 6386 "GLThread 444" 7e9e451000 159744
           <...>-6507  [007] ....  5550.800556: do_swap_page: prefetch miss 6386 "GLThread 444" 7e9e03f000 159751
  HwBinder:923_9-24185 [005] ...1  5550.800589: do_swap_page: prefetch miss 923 "HwBinder:923_9" 1a55581000 15972e
  HwBinder:923_9-24185 [005] ....  5550.800597: do_swap_page: prefetch miss 923 "HwBinder:923_9" 1a5555f000 557b1
           <...>-6507  [007] ...1  5550.802572: do_swap_page: prefetch miss 6386 "GLThread 444" 7e9e03f000 159751
           <...>-6507  [007] ....  5550.802596: do_swap_page: prefetch miss 6386 "GLThread 444" 7e9e040000 557b8
  HwBinder:923_9-24185 [005] ...1  5550.802634: do_swap_page: prefetch miss 923 "HwBinder:923_9" 1a5555f000 557b1
  HwBinder:923_9-24185 [005] ....  5550.802660: do_swap_page: prefetch miss 923 "HwBinder:923_9" 1a55580000 557b2
           <...>-6507  [007] ...1  5550.804693: do_swap_page: prefetch miss 6386 "GLThread 444" 7e9e040000 557b8
           <...>-6507  [007] ....  5550.804899: do_swap_page: prefetch miss 6386 "GLThread 444" 7e9dfac000 1517fa
  HwBinder:923_9-24185 [005] ...1  5550.804937: do_swap_page: prefetch miss 923 "HwBinder:923_9" 1a55580000 557b2
  HwBinder:923_9-24185 [005] ....  5550.804945: do_swap_page: prefetch miss 923 "HwBinder:923_9" 1a55558000 557b3
           <...>-6507  [007] ...1  5550.809143: do_swap_page: prefetch miss 6386 "GLThread 444" 7e9dfac000 1517fa
           <...>-6507  [007] ....  5550.809318: do_swap_page: prefetch miss 6386 "GLThread 444" 7e9e480000 15974a
  HwBinder:923_9-24185 [005] ...1  5550.809352: do_swap_page: prefetch miss 923 "HwBinder:923_9" 1a55558000 557b3
  HwBinder:923_9-24185 [005] ....  5550.809360: do_swap_page: prefetch miss 923 "HwBinder:923_9" 1855554000 557b4
           <...>-6507  [007] ...1  5550.811470: do_swap_page: prefetch miss 6386 "GLThread 444" 7e9e480000 15974a
           <...>-6507  [007] ....  5550.811605: do_swap_page: prefetch miss 6386 "GLThread 444" 7e9e5b2000 15974c
  HwBinder:923_9-24185 [005] ...1  5550.811644: do_swap_page: prefetch miss 923 "HwBinder:923_9" 1855554000 557b4
  HwBinder:923_9-24185 [005] ....  5550.811666: do_swap_page: prefetch miss 923 "HwBinder:923_9" 205555c000 557b5
           <...>-6507  [007] ...1  5550.813335: do_swap_page: prefetch miss 6386 "GLThread 444" 7e9e5b2000 15974c
           <...>-6507  [007] ....  5550.813429: do_swap_page: prefetch miss 6386 "GLThread 444" 7e9e4d6000 159750
  HwBinder:923_9-24185 [005] ...1  5550.813464: do_swap_page: prefetch miss 923 "HwBinder:923_9" 205555c000 557b5
  HwBinder:923_4-2051  [005] ....  5550.813652: do_swap_page: prefetch miss 923 "HwBinder:923_4" 185555a000 1517e6
           <...>-6507  [007] ...1  5550.815348: do_swap_page: prefetch miss 6386 "GLThread 444" 7e9e4d6000 159750
           <...>-6507  [007] ....  5550.815419: do_swap_page: prefetch miss 6386 "GLThread 444" 7e9e5b3000 15974d
  HwBinder:923_4-2051  [005] ...1  5550.815452: do_swap_page: prefetch miss 923 "HwBinder:923_4" 185555a000 1517e6
  HwBinder:923_4-2051  [005] ....  5550.815488: do_swap_page: prefetch miss 923 "HwBinder:923_4" 1855563000 557b7
           <...>-6507  [007] ...1  5550.818995: do_swap_page: prefetch miss 6386 "GLThread 444" 7e9e5b3000 15974d
           <...>-6507  [007] ....  5550.819016: do_swap_page: prefetch miss 6386 "GLThread 444" 7e9e5b4000 15974e
  HwBinder:923_4-2051  [005] ...1  5550.819049: do_swap_page: prefetch miss 923 "HwBinder:923_4" 1855563000 557b7
  HwBinder:923_9-24185 [005] ....  5550.819185: do_swap_page: prefetch miss 923 "HwBinder:923_9" 7fbd334000 1517e7
           <...>-6507  [007] ...1  5550.821987: do_swap_page: prefetch miss 6386 "GLThread 444" 7e9e5b4000 15974e
           <...>-6507  [007] ....  5550.822385: do_swap_page: prefetch miss 6386 "GLThread 444" 7e9bf43000 159733
  HwBinder:923_9-24185 [005] ...1  5550.822437: do_swap_page: prefetch miss 923 "HwBinder:923_9" 7fbd334000 1517e7
  HwBinder:923_9-24185 [005] ....  5550.822495: do_swap_page: prefetch miss 923 "HwBinder:923_9" 7fbd06c000 97b2
           <...>-6507  [007] ...1  5550.824431: do_swap_page: prefetch miss 6386 "GLThread 444" 7e9bf43000 159733
           <...>-6507  [007] ....  5550.824485: do_swap_page: prefetch miss 6386 "GLThread 444" 7e9e74f000 159752
  HwBinder:923_9-24185 [005] ...1  5550.824529: do_swap_page: prefetch miss 923 "HwBinder:923_9" 7fbd06c000 97b2
  HwBinder:923_9-24185 [005] ....  5550.824562: do_swap_page: prefetch miss 923 "HwBinder:923_9" 7f3c4ed000 97b3
           <...>-6507  [007] ...1  5550.826598: do_swap_page: prefetch miss 6386 "GLThread 444" 7e9e74f000 159752
           <...>-6507  [007] ....  5550.826696: do_swap_page: prefetch miss 6386 "GLThread 444" 7ed0543000 15975a
  HwBinder:923_9-24185 [005] ...1  5550.826730: do_swap_page: prefetch miss 923 "HwBinder:923_9" 7f3c4ed000 97b3
  HwBinder:923_9-24185 [005] ....  5550.826780: do_swap_page: prefetch miss 923 "HwBinder:923_9" 1a55576000 1517e9
           <...>-6507  [007] ...1  5550.828478: do_swap_page: prefetch miss 6386 "GLThread 444" 7ed0543000 15975a
           <...>-6507  [007] ....  5550.828546: do_swap_page: prefetch miss 6386 "GLThread 444" 7e9b76b000 159740
  HwBinder:923_9-24185 [005] ...1  5550.828579: do_swap_page: prefetch miss 923 "HwBinder:923_9" 1a55576000 1517e9
  HwBinder:923_9-24185 [005] ....  5550.828638: do_swap_page: prefetch miss 923 "HwBinder:923_9" 1a55561000 159723
           <...>-6507  [007] ...1  5550.830512: do_swap_page: prefetch miss 6386 "GLThread 444" 7e9b76b000 159740
           <...>-6507  [007] ....  5550.830559: do_swap_page: prefetch miss 6386 "GLThread 444" 7eaf010000 557a3
  HwBinder:923_9-24185 [005] ...1  5550.830602: do_swap_page: prefetch miss 923 "HwBinder:923_9" 1a55561000 159723
  HwBinder:923_9-24185 [005] ....  5550.830631: do_swap_page: prefetch miss 923 "HwBinder:923_9" 1a5555a000 1517e8
           <...>-6507  [007] ...1  5550.832403: do_swap_page: prefetch miss 6386 "GLThread 444" 7eaf010000 557a3
           <...>-6507  [007] ....  5550.832583: do_swap_page: prefetch miss 6386 "GLThread 444" 7ea3f95000 15975b
  HwBinder:923_9-24185 [005] ...1  5550.832625: do_swap_page: prefetch miss 923 "HwBinder:923_9" 1a5555a000 1517e8
  HwBinder:923_9-24185 [005] ....  5550.832675: do_swap_page: prefetch miss 923 "HwBinder:923_9" 1a5555e000 1517ea
           <...>-6507  [007] ...1  5550.834599: do_swap_page: prefetch miss 6386 "GLThread 444" 7ea3f95000 15975b
           <...>-6507  [007] ....  5550.834906: do_swap_page: prefetch miss 6386 "GLThread 444" 7e9e041000 159755
  HwBinder:923_9-24185 [005] ...1  5550.834943: do_swap_page: prefetch miss 923 "HwBinder:923_9" 1a5555e000 1517ea
  HwBinder:834_6-21394 [005] ....  5550.835832: do_swap_page: prefetch miss 834 "HwBinder:834_6" f572c000 15174f
           <...>-6507  [007] ...1  5550.836853: do_swap_page: prefetch miss 6386 "GLThread 444" 7e9e041000 159755
           <...>-6507  [007] ....  5550.836934: do_swap_page: prefetch miss 6386 "GLThread 444" 7e9e042000 159757
  HwBinder:834_6-21394 [005] ...1  5550.837613: do_swap_page: prefetch miss 834 "HwBinder:834_6" f572c000 15174f
  HwBinder:834_6-21394 [005] ....  5550.837653: do_swap_page: prefetch miss 834 "HwBinder:834_6" f5702000 151750
           <...>-6507  [007] ...1  5550.838654: do_swap_page: prefetch miss 6386 "GLThread 444" 7e9e042000 159757
           <...>-6507  [007] ....  5550.838759: do_swap_page: prefetch miss 6386 "GLThread 444" 7e9bf44000 159747
  HwBinder:834_6-21394 [005] ...1  5550.839516: do_swap_page: prefetch miss 834 "HwBinder:834_6" f5702000 151750
  HwBinder:834_6-21394 [005] ....  5550.839546: do_swap_page: prefetch miss 834 "HwBinder:834_6" f7a27000 457b4
