           <...>-2064  [005] ....  3988.189562: do_swap_page: prefetch miss 913 "Binder:913_2" f7a14000 d722
           <...>-2064  [005] ...1  3988.191431: do_swap_page: prefetch miss 913 "Binder:913_2" f7a14000 d722
           <...>-2064  [005] ....  3988.191456: do_swap_page: prefetch miss 913 "Binder:913_2" f7b09000 297f4
           <...>-2064  [005] ...1  3988.193256: do_swap_page: prefetch miss 913 "Binder:913_2" f7b09000 297f4
           <...>-2064  [005] ....  3988.193280: do_swap_page: prefetch miss 913 "Binder:913_2" f7b00000 297ee
           <...>-2064  [005] ...1  3988.195190: do_swap_page: prefetch miss 913 "Binder:913_2" f7b00000 297ee
           <...>-2064  [005] ....  3988.195219: do_swap_page: prefetch miss 913 "Binder:913_2" f3546000 3172e
           <...>-2064  [005] ...1  3988.197077: do_swap_page: prefetch miss 913 "Binder:913_2" f3546000 3172e
           <...>-2064  [005] ....  3988.197122: do_swap_page: prefetch miss 913 "Binder:913_2" f35a0000 297f0
           <...>-2064  [005] ...1  3988.200355: do_swap_page: prefetch miss 913 "Binder:913_2" f35a0000 297f0
           <...>-2064  [005] ....  3988.200383: do_swap_page: prefetch miss 913 "Binder:913_2" f3500000 297f2
           <...>-2064  [005] ...1  3988.202265: do_swap_page: prefetch miss 913 "Binder:913_2" f3500000 297f2
           <...>-2064  [005] ....  3988.202294: do_swap_page: prefetch miss 913 "Binder:913_2" f65ab000 d726
           <...>-2064  [005] ...1  3988.204520: do_swap_page: prefetch miss 913 "Binder:913_2" f65ab000 d726
           <...>-2064  [005] ....  3988.204557: do_swap_page: prefetch miss 913 "Binder:913_2" f351d000 257fe
           <...>-2064  [005] ...1  3988.206680: do_swap_page: prefetch miss 913 "Binder:913_2" f351d000 257fe
           <...>-2064  [005] ....  3988.206729: do_swap_page: prefetch miss 913 "Binder:913_2" f3550000 31793
           <...>-2064  [005] ...1  3988.208523: do_swap_page: prefetch miss 913 "Binder:913_2" f3550000 31793
           <...>-2064  [005] ....  3988.208553: do_swap_page: prefetch miss 913 "Binder:913_2" f27d6000 35702
           <...>-2064  [005] ...1  3988.210183: do_swap_page: prefetch miss 913 "Binder:913_2" f27d6000 35702
           <...>-2064  [005] ....  3988.210210: do_swap_page: prefetch miss 913 "Binder:913_2" f352a000 297f3
           <...>-2064  [005] ...1  3988.212100: do_swap_page: prefetch miss 913 "Binder:913_2" f352a000 297f3
           <...>-2064  [005] ....  3988.212131: do_swap_page: prefetch miss 913 "Binder:913_2" f354b000 297fb
           <...>-2064  [005] ...1  3988.214083: do_swap_page: prefetch miss 913 "Binder:913_2" f354b000 297fb
           <...>-2064  [005] ....  3988.214107: do_swap_page: prefetch miss 913 "Binder:913_2" f3503000 3178a
           <...>-2064  [005] ...1  3988.217600: do_swap_page: prefetch miss 913 "Binder:913_2" f3503000 3178a
           <...>-2064  [005] ....  3988.217723: do_swap_page: prefetch miss 913 "Binder:913_2" f7b08000 35703
           <...>-3611  [005] ....  3988.217822: do_swap_page: prefetch miss 913 "Binder:913_5" f352c000 2d7d0
           <...>-2064  [005] ...1  3988.219708: do_swap_page: prefetch miss 913 "Binder:913_2" f7b08000 35703
           <...>-3611  [005] ...1  3988.219724: do_swap_page: prefetch miss 913 "Binder:913_5" f352c000 2d7d0
           <...>-3611  [005] ....  3988.219733: do_swap_page: prefetch miss 913 "Binder:913_5" f2f06000 2d7d1
           <...>-3611  [005] ...1  3988.221452: do_swap_page: prefetch miss 913 "Binder:913_5" f2f06000 2d7d1
           <...>-3611  [005] ....  3988.221459: do_swap_page: prefetch miss 913 "Binder:913_5" f3516000 2d7d4
           <...>-3611  [005] ...1  3988.223277: do_swap_page: prefetch miss 913 "Binder:913_5" f3516000 2d7d4
           <...>-3611  [005] ....  3988.223288: do_swap_page: prefetch miss 913 "Binder:913_5" f3502000 2d7d5
           <...>-3611  [005] ...1  3988.225003: do_swap_page: prefetch miss 913 "Binder:913_5" f3502000 2d7d5
           <...>-3611  [005] ....  3988.225009: do_swap_page: prefetch miss 913 "Binder:913_5" f3505000 2d7d6
           <...>-3611  [005] ...1  3988.227208: do_swap_page: prefetch miss 913 "Binder:913_5" f3505000 2d7d6
           <...>-3611  [005] ....  3988.227219: do_swap_page: prefetch miss 913 "Binder:913_5" f3509000 297e6
           <...>-3611  [005] ...1  3988.229135: do_swap_page: prefetch miss 913 "Binder:913_5" f3509000 297e6
           <...>-3611  [005] ....  3988.229148: do_swap_page: prefetch miss 913 "Binder:913_5" f2f05000 297ea
           <...>-3611  [005] ...1  3988.232118: do_swap_page: prefetch miss 913 "Binder:913_5" f2f05000 297ea
           <...>-3611  [005] ....  3988.232128: do_swap_page: prefetch miss 913 "Binder:913_5" f7a0b000 297eb
           <...>-3611  [005] ...1  3988.237901: do_swap_page: prefetch miss 913 "Binder:913_5" f7a0b000 297eb
           <...>-3611  [005] ....  3988.237912: do_swap_page: prefetch miss 913 "Binder:913_5" f7a3a000 297ec
           <...>-3611  [005] ...1  3988.244030: do_swap_page: prefetch miss 913 "Binder:913_5" f7a3a000 297ec
           <...>-3611  [005] ....  3988.244039: do_swap_page: prefetch miss 913 "Binder:913_5" f3542000 39703
           <...>-3611  [005] ...1  3988.247731: do_swap_page: prefetch miss 913 "Binder:913_5" f3542000 39703
           <...>-3611  [005] ....  3988.247746: do_swap_page: prefetch miss 913 "Binder:913_5" f7a24000 d72d
           <...>-3611  [005] ...1  3988.251079: do_swap_page: prefetch miss 913 "Binder:913_5" f7a24000 d72d
           <...>-3611  [005] ....  3988.251094: do_swap_page: prefetch miss 913 "Binder:913_5" f58f7000 297fd
           <...>-3611  [005] ...1  3988.252781: do_swap_page: prefetch miss 913 "Binder:913_5" f58f7000 297fd
           <...>-3611  [005] ....  3988.252789: do_swap_page: prefetch miss 913 "Binder:913_5" f7a12000 297fe
           <...>-3611  [005] ...1  3988.254951: do_swap_page: prefetch miss 913 "Binder:913_5" f7a12000 297fe
           <...>-3611  [005] ....  3988.254967: do_swap_page: prefetch miss 913 "Binder:913_5" f356b000 35700
           <...>-3611  [005] ...1  3988.256636: do_swap_page: prefetch miss 913 "Binder:913_5" f356b000 35700
           <...>-3611  [005] ....  3988.256649: do_swap_page: prefetch miss 913 "Binder:913_5" f6fa3000 35701
           <...>-3611  [005] ...1  3988.258524: do_swap_page: prefetch miss 913 "Binder:913_5" f6fa3000 35701
           <...>-3611  [005] ....  3988.258557: do_swap_page: prefetch miss 913 "Binder:913_5" f3533000 297ff
           <...>-3611  [005] ...1  3988.260214: do_swap_page: prefetch miss 913 "Binder:913_5" f3533000 297ff
           <...>-3611  [005] ....  3988.260228: do_swap_page: prefetch miss 913 "Binder:913_5" f7b05000 d72b
           <...>-3611  [005] ...1  3988.262275: do_swap_page: prefetch miss 913 "Binder:913_5" f7b05000 d72b
           <...>-3611  [005] ....  3988.262282: do_swap_page: prefetch miss 913 "Binder:913_5" f3530000 39700
           <...>-3611  [005] ...1  3988.264290: do_swap_page: prefetch miss 913 "Binder:913_5" f3530000 39700
           <...>-3611  [005] ....  3988.264300: do_swap_page: prefetch miss 913 "Binder:913_5" f3603000 297f6
           <...>-3611  [005] ...1  3988.266316: do_swap_page: prefetch miss 913 "Binder:913_5" f3603000 297f6
           <...>-3611  [005] ....  3988.266325: do_swap_page: prefetch miss 913 "Binder:913_5" f6680000 1733
           <...>-3611  [005] ...1  3988.268245: do_swap_page: prefetch miss 913 "Binder:913_5" f6680000 1733
           <...>-3611  [005] ....  3988.268257: do_swap_page: prefetch miss 913 "Binder:913_5" f3601000 297f8
           <...>-3611  [005] ...1  3988.269913: do_swap_page: prefetch miss 913 "Binder:913_5" f3601000 297f8
           <...>-3611  [005] ....  3988.269923: do_swap_page: prefetch miss 913 "Binder:913_5" f3604000 3173a
           <...>-3611  [005] ...1  3988.271561: do_swap_page: prefetch miss 913 "Binder:913_5" f3604000 3173a
           <...>-3611  [005] ....  3988.271587: do_swap_page: prefetch miss 913 "Binder:913_5" f3600000 297f7
           <...>-3611  [005] ...1  3988.273388: do_swap_page: prefetch miss 913 "Binder:913_5" f3600000 297f7
           <...>-3611  [005] ....  3988.273431: do_swap_page: prefetch miss 913 "Binder:913_5" f7b15000 35704
           <...>-3611  [005] ...1  3988.275318: do_swap_page: prefetch miss 913 "Binder:913_5" f7b15000 35704
           <...>-3611  [005] ....  3988.275362: do_swap_page: prefetch miss 913 "Binder:913_5" f3538000 3973b
           <...>-3611  [005] ...1  3988.277164: do_swap_page: prefetch miss 913 "Binder:913_5" f3538000 3973b
           <...>-3611  [005] ....  3988.278128: do_swap_page: prefetch miss 913 "Binder:913_5" f207a000 3570a
           <...>-3611  [005] ...1  3988.279680: do_swap_page: prefetch miss 913 "Binder:913_5" f207a000 3570a
           <...>-3611  [005] ....  3988.279721: do_swap_page: prefetch miss 913 "Binder:913_5" f3554000 3972f
           <...>-21061 [002] ....  3988.279927: do_swap_page: prefetch miss 913 "Binder:913_5" f7b03000 3570c
           <...>-3611  [005] ...1  3988.281578: do_swap_page: prefetch miss 913 "Binder:913_5" f3554000 3972f
           <...>-21061 [002] ...1  3988.281615: do_swap_page: prefetch miss 913 "Binder:913_5" f7b03000 3570c
           <...>-3611  [005] ....  3988.281618: do_swap_page: prefetch miss 913 "Binder:913_5" f6679000 5717
           <...>-21061 [002] ....  3988.281729: do_swap_page: prefetch miss 913 "Binder:913_5" f7b07000 3570d
           <...>-3611  [005] ...1  3988.283516: do_swap_page: prefetch miss 913 "Binder:913_5" f6679000 5717
           <...>-3611  [005] ....  3988.283548: do_swap_page: prefetch miss 913 "Binder:913_5" f7f29000 5718
           <...>-21061 [002] ...1  3988.283549: do_swap_page: prefetch miss 913 "Binder:913_5" f7b07000 3570d
           <...>-21061 [002] ....  3988.283657: do_swap_page: prefetch miss 913 "Binder:913_5" f667d000 d731
           <...>-3611  [005] ...1  3988.285267: do_swap_page: prefetch miss 913 "Binder:913_5" f7f29000 5718
           <...>-3611  [005] ....  3988.285299: do_swap_page: prefetch miss 913 "Binder:913_5" f72df000 31730
           <...>-21061 [002] ...1  3988.285301: do_swap_page: prefetch miss 913 "Binder:913_5" f667d000 d731
           <...>-21061 [002] ....  3988.285408: do_swap_page: prefetch miss 913 "Binder:913_5" f7a0c000 3172f
           <...>-3611  [005] ...1  3988.287102: do_swap_page: prefetch miss 913 "Binder:913_5" f72df000 31730
           <...>-21061 [002] ...1  3988.287107: do_swap_page: prefetch miss 913 "Binder:913_5" f7a0c000 3172f
           <...>-21061 [002] ....  3988.287237: do_swap_page: prefetch miss 913 "Binder:913_5" f7b0c000 31733
           <...>-3611  [005] ....  3988.287337: do_swap_page: prefetch miss 913 "Binder:913_5" f3529000 3973a
     logd.writer-576   [003] ....  3988.287447: do_swap_page: prefetch miss 560 "logd.writer" 7fbd6f2000 19755
           <...>-21061 [002] ...1  3988.289037: do_swap_page: prefetch miss 913 "Binder:913_5" f7b0c000 31733
     logd.writer-576   [003] ...1  3988.289057: do_swap_page: prefetch miss 560 "logd.writer" 7fbd6f2000 19755
           <...>-3611  [005] ...1  3988.289058: do_swap_page: prefetch miss 913 "Binder:913_5" f3529000 3973a
           <...>-21062 [006] ....  3988.289063: do_swap_page: prefetch miss 913 "Binder:913_5" f2ac7000 31735
           <...>-3611  [005] ....  3988.289070: do_swap_page: prefetch miss 913 "Binder:913_5" f7a29000 35708
           <...>-21061 [001] ....  3988.289181: do_swap_page: prefetch miss 913 "Binder:913_5" f2ac7000 31735
           <...>-3611  [005] ...1  3988.290920: do_swap_page: prefetch miss 913 "Binder:913_5" f7a29000 35708
           <...>-21061 [002] ...1  3988.290932: do_swap_page: prefetch miss 913 "Binder:913_5" f2ac7000 31735
           <...>-21061 [002] ....  3988.290953: do_swap_page: prefetch miss 913 "Binder:913_5" f7b0e000 35705
           <...>-3611  [005] ....  3988.290975: do_swap_page: prefetch miss 913 "Binder:913_5" f7a30000 31739
           <...>-21062 [005] ....  3988.291001: do_swap_page: prefetch miss 913 "Binder:913_5" f2ac8000 31738
           <...>-3611  [005] ...1  3988.292871: do_swap_page: prefetch miss 913 "Binder:913_5" f7a30000 31739
           <...>-21061 [002] ...1  3988.292905: do_swap_page: prefetch miss 913 "Binder:913_5" f7b0e000 35705
           <...>-21062 [005] ...1  3988.292911: do_swap_page: prefetch miss 913 "Binder:913_5" f2ac8000 31738
           <...>-21062 [005] ....  3988.292957: do_swap_page: prefetch miss 913 "Binder:913_5" f3605000 297f5
           <...>-3611  [001] ....  3988.293192: do_swap_page: prefetch miss 913 "Binder:913_5" f2b39000 3173b
           <...>-21062 [005] ...1  3988.294937: do_swap_page: prefetch miss 913 "Binder:913_5" f3605000 297f5
           <...>-3611  [001] ...1  3988.294966: do_swap_page: prefetch miss 913 "Binder:913_5" f2b39000 3173b
           <...>-21061 [002] ....  3988.294968: do_swap_page: prefetch miss 913 "Binder:913_5" f6c3b000 977d
           <...>-21062 [005] ....  3988.294988: do_swap_page: prefetch miss 913 "Binder:913_5" f6c3b000 977d
           <...>-3611  [001] ....  3988.295096: do_swap_page: prefetch miss 913 "Binder:913_5" f3543000 3972d
           <...>-21062 [005] ...1  3988.297032: do_swap_page: prefetch miss 913 "Binder:913_5" f6c3b000 977d
           <...>-21062 [006] ....  3988.297054: do_swap_page: prefetch miss 913 "Binder:913_5" f3501000 39701
           <...>-3611  [001] ...1  3988.297060: do_swap_page: prefetch miss 913 "Binder:913_5" f3543000 3972d
           <...>-3611  [001] ....  3988.297156: do_swap_page: prefetch miss 913 "Binder:913_5" f7068000 257ff
           <...>-21061 [005] ...1  3988.299025: do_swap_page: prefetch miss 913 "Binder:913_5" f3501000 39701
           <...>-3611  [001] ...1  3988.299047: do_swap_page: prefetch miss 913 "Binder:913_5" f7068000 257ff
           <...>-21061 [005] ....  3988.299071: do_swap_page: prefetch miss 913 "Binder:913_5" f352f000 977f
           <...>-3611  [001] ....  3988.299137: do_swap_page: prefetch miss 913 "Binder:913_5" f6722000 39702
           <...>-21062 [006] ...1  3988.301424: do_swap_page: prefetch miss 913 "Binder:913_5" f352f000 977f
           <...>-3611  [001] ...1  3988.301449: do_swap_page: prefetch miss 913 "Binder:913_5" f6722000 39702
           <...>-3611  [001] ....  3988.301532: do_swap_page: prefetch miss 913 "Binder:913_5" f7a25000 297fc
           <...>-3611  [001] ...1  3988.304133: do_swap_page: prefetch miss 913 "Binder:913_5" f7a25000 297fc
           <...>-3611  [001] ....  3988.304217: do_swap_page: prefetch miss 913 "Binder:913_5" f352d000 39704
           <...>-3611  [001] ...1  3988.305841: do_swap_page: prefetch miss 913 "Binder:913_5" f352d000 39704
           <...>-3611  [001] ....  3988.305960: do_swap_page: prefetch miss 913 "Binder:913_5" f278b000 39705
           <...>-3611  [001] ...1  3988.307732: do_swap_page: prefetch miss 913 "Binder:913_5" f278b000 39705
           <...>-3611  [001] ....  3988.307815: do_swap_page: prefetch miss 913 "Binder:913_5" f352e000 39706
           <...>-3611  [001] ...1  3988.309710: do_swap_page: prefetch miss 913 "Binder:913_5" f352e000 39706
           <...>-3611  [001] ....  3988.309794: do_swap_page: prefetch miss 913 "Binder:913_5" f7a52000 39707
           <...>-3611  [001] ...1  3988.311767: do_swap_page: prefetch miss 913 "Binder:913_5" f7a52000 39707
           <...>-3611  [001] ....  3988.311843: do_swap_page: prefetch miss 913 "Binder:913_5" f35fd000 39708
           <...>-3611  [001] ...1  3988.313546: do_swap_page: prefetch miss 913 "Binder:913_5" f35fd000 39708
           <...>-562   [000] ....  3988.313953: do_swap_page: prefetch miss 562 "hwservicemanage" 7fbd402000 d70b
           <...>-562   [000] ...1  3988.315476: do_swap_page: prefetch miss 562 "hwservicemanage" 7fbd402000 d70b
           <...>-562   [000] ....  3988.315624: do_swap_page: prefetch miss 562 "hwservicemanage" 7fbd24c000 2d7c0
           <...>-562   [000] ...1  3988.317271: do_swap_page: prefetch miss 562 "hwservicemanage" 7fbd24c000 2d7c0
           <...>-3611  [000] ....  3988.317597: do_swap_page: prefetch miss 913 "Binder:913_5" fffef000 5722
           <...>-3611  [000] ...1  3988.319156: do_swap_page: prefetch miss 913 "Binder:913_5" fffef000 5722
           <...>-562   [000] ....  3988.319488: do_swap_page: prefetch miss 562 "hwservicemanage" 7fbd272000 d710
           <...>-562   [000] ...1  3988.322162: do_swap_page: prefetch miss 562 "hwservicemanage" 7fbd272000 d710
           <...>-3611  [000] ....  3988.322337: do_swap_page: prefetch miss 913 "Binder:913_5" f357c000 35707
           <...>-3611  [000] ...1  3988.324213: do_swap_page: prefetch miss 913 "Binder:913_5" f357c000 35707
 omx@1.0-service-918   [000] ....  3988.324332: do_swap_page: prefetch miss 918 "omx@1.0-service" f7c0d000 39709
 omx@1.0-service-918   [000] ...1  3988.326049: do_swap_page: prefetch miss 918 "omx@1.0-service" f7c0d000 39709
 omx@1.0-service-918   [000] ....  3988.326086: do_swap_page: prefetch miss 918 "omx@1.0-service" fffef000 3970a
 omx@1.0-service-918   [000] ...1  3988.328113: do_swap_page: prefetch miss 918 "omx@1.0-service" fffef000 3970a
 omx@1.0-service-918   [000] ....  3988.328142: do_swap_page: prefetch miss 918 "omx@1.0-service" f6256000 d733
 omx@1.0-service-918   [000] ...1  3988.329893: do_swap_page: prefetch miss 918 "omx@1.0-service" f6256000 d733
 omx@1.0-service-918   [000] ....  3988.329924: do_swap_page: prefetch miss 918 "omx@1.0-service" f7bd1000 3970b
 omx@1.0-service-918   [000] ...1  3988.332186: do_swap_page: prefetch miss 918 "omx@1.0-service" f7bd1000 3970b
 omx@1.0-service-918   [000] ....  3988.332207: do_swap_page: prefetch miss 918 "omx@1.0-service" f7bc9000 3970c
 omx@1.0-service-918   [000] ...1  3988.334432: do_swap_page: prefetch miss 918 "omx@1.0-service" f7bc9000 3970c
 omx@1.0-service-918   [000] ....  3988.334465: do_swap_page: prefetch miss 918 "omx@1.0-service" f7dde000 1738
 omx@1.0-service-918   [000] ...1  3988.340371: do_swap_page: prefetch miss 918 "omx@1.0-service" f7dde000 1738
 omx@1.0-service-918   [000] ....  3988.340394: do_swap_page: prefetch miss 918 "omx@1.0-service" f7fef000 1739
 omx@1.0-service-918   [000] ...1  3988.346773: do_swap_page: prefetch miss 918 "omx@1.0-service" f7fef000 1739
 omx@1.0-service-918   [000] ....  3988.346858: do_swap_page: prefetch miss 918 "omx@1.0-service" f7ba6000 3970d
 omx@1.0-service-918   [000] ...1  3988.349811: do_swap_page: prefetch miss 918 "omx@1.0-service" f7ba6000 3970d
 omx@1.0-service-918   [000] ....  3988.349886: do_swap_page: prefetch miss 918 "omx@1.0-service" f7baf000 3970e
 omx@1.0-service-918   [000] ...1  3988.351883: do_swap_page: prefetch miss 918 "omx@1.0-service" f7baf000 3970e
 omx@1.0-service-918   [000] ....  3988.351959: do_swap_page: prefetch miss 918 "omx@1.0-service" f7bfe000 3970f
 omx@1.0-service-918   [000] ...1  3988.353796: do_swap_page: prefetch miss 918 "omx@1.0-service" f7bfe000 3970f
 omx@1.0-service-918   [000] ....  3988.353885: do_swap_page: prefetch miss 918 "omx@1.0-service" f7079000 39710
 omx@1.0-service-918   [000] ...1  3988.355706: do_swap_page: prefetch miss 918 "omx@1.0-service" f7079000 39710
 omx@1.0-service-918   [000] ....  3988.355783: do_swap_page: prefetch miss 918 "omx@1.0-service" f7ba4000 39711
 omx@1.0-service-918   [000] ...1  3988.357705: do_swap_page: prefetch miss 918 "omx@1.0-service" f7ba4000 39711
 omx@1.0-service-918   [000] ....  3988.357788: do_swap_page: prefetch miss 918 "omx@1.0-service" f7bb9000 39712
 omx@1.0-service-918   [000] ...1  3988.359837: do_swap_page: prefetch miss 918 "omx@1.0-service" f7bb9000 39712
 omx@1.0-service-918   [000] ....  3988.359926: do_swap_page: prefetch miss 918 "omx@1.0-service" f719b000 1740
 omx@1.0-service-918   [000] ...1  3988.361698: do_swap_page: prefetch miss 918 "omx@1.0-service" f719b000 1740
 omx@1.0-service-918   [000] ....  3988.361775: do_swap_page: prefetch miss 918 "omx@1.0-service" f6259000 1741
 omx@1.0-service-918   [000] ...1  3988.363554: do_swap_page: prefetch miss 918 "omx@1.0-service" f6259000 1741
 omx@1.0-service-918   [000] ....  3988.363628: do_swap_page: prefetch miss 918 "omx@1.0-service" f7ba8000 39713
 omx@1.0-service-918   [000] ...1  3988.365465: do_swap_page: prefetch miss 918 "omx@1.0-service" f7ba8000 39713
 omx@1.0-service-918   [000] ....  3988.365537: do_swap_page: prefetch miss 918 "omx@1.0-service" f7b9f000 39714
 omx@1.0-service-918   [000] ...1  3988.367432: do_swap_page: prefetch miss 918 "omx@1.0-service" f7b9f000 39714
 omx@1.0-service-918   [000] ....  3988.367514: do_swap_page: prefetch miss 918 "omx@1.0-service" f7bc1000 39715
 omx@1.0-service-918   [000] ...1  3988.369514: do_swap_page: prefetch miss 918 "omx@1.0-service" f7bc1000 39715
 omx@1.0-service-918   [003] ....  3988.369579: do_swap_page: prefetch miss 918 "omx@1.0-service" f7bb3000 2d7d7
 omx@1.0-service-918   [000] ...1  3988.371431: do_swap_page: prefetch miss 918 "omx@1.0-service" f7bb3000 2d7d7
 omx@1.0-service-918   [000] ....  3988.371504: do_swap_page: prefetch miss 918 "omx@1.0-service" f7c38000 2d7d8
 omx@1.0-service-918   [000] ...1  3988.373566: do_swap_page: prefetch miss 918 "omx@1.0-service" f7c38000 2d7d8
 omx@1.0-service-918   [000] ....  3988.373641: do_swap_page: prefetch miss 918 "omx@1.0-service" f7c3b000 2d7d9
 omx@1.0-service-918   [000] ...1  3988.375581: do_swap_page: prefetch miss 918 "omx@1.0-service" f7c3b000 2d7d9
 omx@1.0-service-918   [000] ....  3988.375656: do_swap_page: prefetch miss 918 "omx@1.0-service" f7c3d000 3570e
 omx@1.0-service-918   [000] ...1  3988.377473: do_swap_page: prefetch miss 918 "omx@1.0-service" f7c3d000 3570e
 omx@1.0-service-918   [000] ....  3988.377558: do_swap_page: prefetch miss 918 "omx@1.0-service" f6006000 5724
 omx@1.0-service-918   [000] ...1  3988.379459: do_swap_page: prefetch miss 918 "omx@1.0-service" f6006000 5724
 omx@1.0-service-918   [003] ....  3988.379512: do_swap_page: prefetch miss 918 "omx@1.0-service" f6000000 5725
 omx@1.0-service-918   [000] ...1  3988.381289: do_swap_page: prefetch miss 918 "omx@1.0-service" f6000000 5725
 omx@1.0-service-918   [000] ....  3988.381366: do_swap_page: prefetch miss 918 "omx@1.0-service" f7ba5000 3570f
 omx@1.0-service-918   [000] ...1  3988.383040: do_swap_page: prefetch miss 918 "omx@1.0-service" f7ba5000 3570f
 omx@1.0-service-918   [000] ....  3988.383117: do_swap_page: prefetch miss 918 "omx@1.0-service" f7bc3000 35710
 omx@1.0-service-918   [000] ...1  3988.384772: do_swap_page: prefetch miss 918 "omx@1.0-service" f7bc3000 35710
 omx@1.0-service-918   [000] ....  3988.384881: do_swap_page: prefetch miss 918 "omx@1.0-service" f6007000 d73a
           <...>-3611  [000] ....  3988.385049: do_swap_page: prefetch miss 913 "Binder:913_5" f73ec000 35711
 omx@1.0-service-918   [000] ...1  3988.386677: do_swap_page: prefetch miss 918 "omx@1.0-service" f6007000 d73a
           <...>-3611  [000] ...1  3988.386710: do_swap_page: prefetch miss 913 "Binder:913_5" f73ec000 35711
           <...>-3611  [000] ....  3988.386792: do_swap_page: prefetch miss 913 "Binder:913_5" f4f79000 35712
           <...>-3611  [000] ...1  3988.388603: do_swap_page: prefetch miss 913 "Binder:913_5" f4f79000 35712
           <...>-3611  [000] ....  3988.388698: do_swap_page: prefetch miss 913 "Binder:913_5" f75a1000 9788
           <...>-3611  [000] ...1  3988.390652: do_swap_page: prefetch miss 913 "Binder:913_5" f75a1000 9788
           <...>-562   [000] ....  3988.390943: do_swap_page: prefetch miss 562 "hwservicemanage" 7fbd245000 3172c
           <...>-562   [000] ...1  3988.392505: do_swap_page: prefetch miss 562 "hwservicemanage" 7fbd245000 3172c
           <...>-562   [000] ....  3988.392622: do_swap_page: prefetch miss 562 "hwservicemanage" 7fbd238000 2d7c1
           <...>-562   [000] ...1  3988.394505: do_swap_page: prefetch miss 562 "hwservicemanage" 7fbd238000 2d7c1
           <...>-7086  [003] ....  3988.395183: do_swap_page: prefetch miss 923 "HwBinder:923_8" 2755553000 35713
           <...>-7086  [006] ...1  3988.396896: do_swap_page: prefetch miss 923 "HwBinder:923_8" 2755553000 35713
           <...>-7086  [006] ....  3988.396947: do_swap_page: prefetch miss 923 "HwBinder:923_8" 175555a000 3572d
           <...>-7086  [006] ...1  3988.398723: do_swap_page: prefetch miss 923 "HwBinder:923_8" 175555a000 3572d
           <...>-7086  [006] ....  3988.398765: do_swap_page: prefetch miss 923 "HwBinder:923_8" 7fbcc7d000 35715
           <...>-7086  [006] ...1  3988.400724: do_swap_page: prefetch miss 923 "HwBinder:923_8" 7fbcc7d000 35715
           <...>-7086  [006] ....  3988.400754: do_swap_page: prefetch miss 923 "HwBinder:923_8" 195555c000 35716
           <...>-7086  [006] ...1  3988.402654: do_swap_page: prefetch miss 923 "HwBinder:923_8" 195555c000 35716
           <...>-7086  [006] ....  3988.402681: do_swap_page: prefetch miss 923 "HwBinder:923_8" 1855561000 35717
           <...>-7086  [006] ...1  3988.407857: do_swap_page: prefetch miss 923 "HwBinder:923_8" 1855561000 35717
           <...>-7086  [006] ....  3988.407902: do_swap_page: prefetch miss 923 "HwBinder:923_8" 185555b000 35718
           <...>-7086  [006] ...1  3988.409538: do_swap_page: prefetch miss 923 "HwBinder:923_8" 185555b000 35718
           <...>-7086  [006] ....  3988.409568: do_swap_page: prefetch miss 923 "HwBinder:923_8" 205555e000 35719
           <...>-7086  [006] ...1  3988.411234: do_swap_page: prefetch miss 923 "HwBinder:923_8" 205555e000 35719
           <...>-7086  [006] ....  3988.411263: do_swap_page: prefetch miss 923 "HwBinder:923_8" 7fbc7e6000 3571a
           <...>-7086  [006] ...1  3988.412999: do_swap_page: prefetch miss 923 "HwBinder:923_8" 7fbc7e6000 3571a
           <...>-7086  [006] ....  3988.413023: do_swap_page: prefetch miss 923 "HwBinder:923_8" 2655559000 3571b
           <...>-7086  [006] ...1  3988.414937: do_swap_page: prefetch miss 923 "HwBinder:923_8" 2655559000 3571b
           <...>-7086  [006] ....  3988.414979: do_swap_page: prefetch miss 923 "HwBinder:923_8" 1855560000 3571c
           <...>-7086  [006] ...1  3988.417351: do_swap_page: prefetch miss 923 "HwBinder:923_8" 1855560000 3571c
           <...>-7086  [006] ....  3988.417383: do_swap_page: prefetch miss 923 "HwBinder:923_8" 7fbd01e000 3571d
           <...>-7086  [006] ...1  3988.419028: do_swap_page: prefetch miss 923 "HwBinder:923_8" 7fbd01e000 3571d
           <...>-7086  [006] ....  3988.419058: do_swap_page: prefetch miss 923 "HwBinder:923_8" 7fbe361000 3571e
           <...>-7086  [006] ...1  3988.420858: do_swap_page: prefetch miss 923 "HwBinder:923_8" 7fbe361000 3571e
           <...>-7086  [006] ....  3988.420886: do_swap_page: prefetch miss 923 "HwBinder:923_8" 7fbe360000 3571f
           <...>-7086  [006] ...1  3988.422687: do_swap_page: prefetch miss 923 "HwBinder:923_8" 7fbe360000 3571f
           <...>-7086  [006] ....  3988.422734: do_swap_page: prefetch miss 923 "HwBinder:923_8" 1955552000 35726
           <...>-7086  [006] ...1  3988.425117: do_swap_page: prefetch miss 923 "HwBinder:923_8" 1955552000 35726
           <...>-7086  [006] ....  3988.425218: do_swap_page: prefetch miss 923 "HwBinder:923_8" 1855563000 2d7dd
           <...>-7086  [006] ...1  3988.427219: do_swap_page: prefetch miss 923 "HwBinder:923_8" 1855563000 2d7dd
           <...>-7086  [006] ....  3988.427273: do_swap_page: prefetch miss 923 "HwBinder:923_8" 1a55576000 3971f
           <...>-7086  [006] ...1  3988.429126: do_swap_page: prefetch miss 923 "HwBinder:923_8" 1a55576000 3971f
           <...>-7086  [006] ....  3988.429223: do_swap_page: prefetch miss 923 "HwBinder:923_8" 7fbc3d3000 97b0
  HwBinder:923_1-1251  [006] ....  3988.429404: do_swap_page: prefetch miss 923 "HwBinder:923_1" 175555f000 35714
           <...>-7086  [006] ...1  3988.431026: do_swap_page: prefetch miss 923 "HwBinder:923_8" 7fbc3d3000 97b0
  HwBinder:923_1-1251  [006] ...1  3988.431047: do_swap_page: prefetch miss 923 "HwBinder:923_1" 175555f000 35714
  HwBinder:923_1-1251  [006] ....  3988.431073: do_swap_page: prefetch miss 923 "HwBinder:923_1" 1a5555d000 35729
           <...>-6507  [004] ....  3988.431507: do_swap_page: prefetch miss 6386 "GLThread 444" 7e9e6e1000 3d7ba
  HwBinder:923_1-1251  [006] ...1  3988.433025: do_swap_page: prefetch miss 923 "HwBinder:923_1" 1a5555d000 35729
  HwBinder:923_1-1251  [006] ....  3988.433033: do_swap_page: prefetch miss 923 "HwBinder:923_1" 185555f000 3572a
           <...>-6507  [004] ...1  3988.433056: do_swap_page: prefetch miss 6386 "GLThread 444" 7e9e6e1000 3d7ba
           <...>-6507  [004] ....  3988.433683: do_swap_page: prefetch miss 6386 "GLThread 444" 7e9e175000 3d796
  HwBinder:923_1-1251  [006] ...1  3988.435434: do_swap_page: prefetch miss 923 "HwBinder:923_1" 185555f000 3572a
           <...>-6507  [004] ...1  3988.435456: do_swap_page: prefetch miss 6386 "GLThread 444" 7e9e175000 3d796
  HwBinder:923_1-1251  [006] ....  3988.435485: do_swap_page: prefetch miss 923 "HwBinder:923_1" 1a55559000 39716
           <...>-6507  [004] ....  3988.435913: do_swap_page: prefetch miss 6386 "GLThread 444" 7e9e12c000 3d7bb
  HwBinder:923_1-1251  [006] ...1  3988.437228: do_swap_page: prefetch miss 923 "HwBinder:923_1" 1a55559000 39716
  HwBinder:923_1-1251  [006] ....  3988.437235: do_swap_page: prefetch miss 923 "HwBinder:923_1" 1a55581000 39717
           <...>-6507  [004] ...1  3988.442701: do_swap_page: prefetch miss 6386 "GLThread 444" 7e9e12c000 3d7bb
  HwBinder:923_1-1251  [006] ...1  3988.442725: do_swap_page: prefetch miss 923 "HwBinder:923_1" 1a55581000 39717
  HwBinder:923_1-1251  [006] ....  3988.442737: do_swap_page: prefetch miss 923 "HwBinder:923_1" 1a5555f000 39718
           <...>-6507  [004] ....  3988.445210: do_swap_page: prefetch miss 6386 "GLThread 444" 7eb00eb000 3d7bc
  HwBinder:923_1-1251  [006] ...1  3988.448824: do_swap_page: prefetch miss 923 "HwBinder:923_1" 1a5555f000 39718
  HwBinder:923_1-1251  [006] ....  3988.448836: do_swap_page: prefetch miss 923 "HwBinder:923_1" 1a55580000 39719
           <...>-6507  [004] ...1  3988.452750: do_swap_page: prefetch miss 6386 "GLThread 444" 7eb00eb000 3d7bc
  HwBinder:923_1-1251  [006] ...1  3988.454294: do_swap_page: prefetch miss 923 "HwBinder:923_1" 1a55580000 39719
  HwBinder:923_1-1251  [006] ....  3988.454305: do_swap_page: prefetch miss 923 "HwBinder:923_1" 1a55558000 3971b
  HwBinder:923_1-1251  [006] ...1  3988.456269: do_swap_page: prefetch miss 923 "HwBinder:923_1" 1a55558000 3971b
  HwBinder:923_1-1251  [006] ....  3988.456286: do_swap_page: prefetch miss 923 "HwBinder:923_1" 1855554000 3173c
  HwBinder:923_1-1251  [006] ...1  3988.458000: do_swap_page: prefetch miss 923 "HwBinder:923_1" 1855554000 3173c
  HwBinder:923_1-1251  [006] ....  3988.458017: do_swap_page: prefetch miss 923 "HwBinder:923_1" 205555c000 3173d
  HwBinder:923_1-1251  [006] ...1  3988.460590: do_swap_page: prefetch miss 923 "HwBinder:923_1" 205555c000 3173d
  HwBinder:923_1-1251  [006] ....  3988.460794: do_swap_page: prefetch miss 923 "HwBinder:923_1" 185555a000 35721
  HwBinder:923_1-1251  [006] ...1  3988.462617: do_swap_page: prefetch miss 923 "HwBinder:923_1" 185555a000 35721
  HwBinder:923_1-1251  [006] ....  3988.462759: do_swap_page: prefetch miss 923 "HwBinder:923_1" 7fbd334000 3572e
  HwBinder:923_1-1251  [006] ...1  3988.464770: do_swap_page: prefetch miss 923 "HwBinder:923_1" 7fbd334000 3572e
  HwBinder:923_1-1251  [006] ....  3988.464818: do_swap_page: prefetch miss 923 "HwBinder:923_1" 7fbd06c000 97b2
  HwBinder:923_1-1251  [006] ...1  3988.466543: do_swap_page: prefetch miss 923 "HwBinder:923_1" 7fbd06c000 97b2
  HwBinder:923_1-1251  [006] ....  3988.466571: do_swap_page: prefetch miss 923 "HwBinder:923_1" 7f3c4ed000 97b3
  HwBinder:923_1-1251  [006] ...1  3988.468305: do_swap_page: prefetch miss 923 "HwBinder:923_1" 7f3c4ed000 97b3
  HwBinder:923_1-1251  [006] ....  3988.468362: do_swap_page: prefetch miss 923 "HwBinder:923_1" 1a55561000 2d7da
  HwBinder:923_1-1251  [006] ...1  3988.471027: do_swap_page: prefetch miss 923 "HwBinder:923_1" 1a55561000 2d7da
  HwBinder:923_1-1251  [006] ....  3988.471051: do_swap_page: prefetch miss 923 "HwBinder:923_1" 1a5555a000 39720
  HwBinder:923_1-1251  [006] ...1  3988.473040: do_swap_page: prefetch miss 923 "HwBinder:923_1" 1a5555a000 39720
  HwBinder:923_1-1251  [006] ....  3988.473064: do_swap_page: prefetch miss 923 "HwBinder:923_1" 1a5555e000 39721
  HwBinder:923_1-1251  [006] ...1  3988.475001: do_swap_page: prefetch miss 923 "HwBinder:923_1" 1a5555e000 39721
           <...>-2041  [000] ....  3988.475931: do_swap_page: prefetch miss 834 "HwBinder:834_4" f51f7000 3173e
           <...>-2041  [000] ...1  3988.477956: do_swap_page: prefetch miss 834 "HwBinder:834_4" f51f7000 3173e
           <...>-2041  [000] ....  3988.477991: do_swap_page: prefetch miss 834 "HwBinder:834_4" f7a36000 3173f
           <...>-2041  [000] ...1  3988.480127: do_swap_page: prefetch miss 834 "HwBinder:834_4" f7a36000 3173f
           <...>-2041  [000] ....  3988.480167: do_swap_page: prefetch miss 834 "HwBinder:834_4" f7a5f000 31740
           <...>-2041  [000] ...1  3988.481973: do_swap_page: prefetch miss 834 "HwBinder:834_4" f7a5f000 31740
           <...>-2041  [000] ....  3988.481994: do_swap_page: prefetch miss 834 "HwBinder:834_4" f7a9f000 31741
           <...>-2041  [000] ...1  3988.484284: do_swap_page: prefetch miss 834 "HwBinder:834_4" f7a9f000 31741
           <...>-2041  [000] ....  3988.484313: do_swap_page: prefetch miss 834 "HwBinder:834_4" f51f6000 31742
           <...>-2041  [000] ...1  3988.486474: do_swap_page: prefetch miss 834 "HwBinder:834_4" f51f6000 31742
           <...>-2041  [000] ....  3988.486503: do_swap_page: prefetch miss 834 "HwBinder:834_4" f7a27000 31743
           <...>-2041  [000] ...1  3988.489185: do_swap_page: prefetch miss 834 "HwBinder:834_4" f7a27000 31743
           <...>-2041  [000] ....  3988.489216: do_swap_page: prefetch miss 834 "HwBinder:834_4" f7a14000 1718
           <...>-2041  [000] ...1  3988.491245: do_swap_page: prefetch miss 834 "HwBinder:834_4" f7a14000 1718
           <...>-2041  [000] ....  3988.491267: do_swap_page: prefetch miss 834 "HwBinder:834_4" f7a0b000 31744
           <...>-2041  [000] ...1  3988.493234: do_swap_page: prefetch miss 834 "HwBinder:834_4" f7a0b000 31744
           <...>-2041  [000] ....  3988.493255: do_swap_page: prefetch miss 834 "HwBinder:834_4" f7ac7000 31745
           <...>-2041  [000] ...1  3988.495233: do_swap_page: prefetch miss 834 "HwBinder:834_4" f7ac7000 31745
           <...>-2041  [000] ....  3988.495267: do_swap_page: prefetch miss 834 "HwBinder:834_4" f579c000 31746
           <...>-2041  [000] ...1  3988.497168: do_swap_page: prefetch miss 834 "HwBinder:834_4" f579c000 31746
           <...>-2041  [000] ....  3988.497197: do_swap_page: prefetch miss 834 "HwBinder:834_4" f579b000 31747
           <...>-2041  [000] ...1  3988.499043: do_swap_page: prefetch miss 834 "HwBinder:834_4" f579b000 31747
           <...>-2041  [000] ....  3988.499073: do_swap_page: prefetch miss 834 "HwBinder:834_4" f5757000 31748
           <...>-2041  [000] ...1  3988.501124: do_swap_page: prefetch miss 834 "HwBinder:834_4" f5757000 31748
           <...>-2041  [000] ....  3988.501204: do_swap_page: prefetch miss 834 "HwBinder:834_4" f5702000 31749
           <...>-2041  [000] ...1  3988.503011: do_swap_page: prefetch miss 834 "HwBinder:834_4" f5702000 31749
           <...>-2041  [000] ....  3988.503094: do_swap_page: prefetch miss 834 "HwBinder:834_4" f7b0b000 1d71a
           <...>-2041  [000] ...1  3988.505042: do_swap_page: prefetch miss 834 "HwBinder:834_4" f7b0b000 1d71a
           <...>-2041  [000] ....  3988.505118: do_swap_page: prefetch miss 834 "HwBinder:834_4" f572c000 3174a
           <...>-2041  [000] ...1  3988.509480: do_swap_page: prefetch miss 834 "HwBinder:834_4" f572c000 3174a
           <...>-3611  [000] ....  3988.509637: do_swap_page: prefetch miss 913 "Binder:913_5" f3602000 39723
           <...>-3611  [000] ...1  3988.511779: do_swap_page: prefetch miss 913 "Binder:913_5" f3602000 39723
           <...>-2041  [000] ....  3988.512002: do_swap_page: prefetch miss 834 "HwBinder:834_4" f7acf000 171f
           <...>-2041  [000] ...1  3988.513690: do_swap_page: prefetch miss 834 "HwBinder:834_4" f7acf000 171f
           <...>-2041  [000] ....  3988.513763: do_swap_page: prefetch miss 834 "HwBinder:834_4" f5700000 3174b
           <...>-2041  [000] ...1  3988.515487: do_swap_page: prefetch miss 834 "HwBinder:834_4" f5700000 3174b
           <...>-2041  [000] ....  3988.515826: do_swap_page: prefetch miss 834 "HwBinder:834_4" f5cfe000 3972b
           <...>-2041  [000] ...1  3988.517460: do_swap_page: prefetch miss 834 "HwBinder:834_4" f5cfe000 3972b
           <...>-2041  [000] ....  3988.517583: do_swap_page: prefetch miss 834 "HwBinder:834_4" f7a63000 1723
           <...>-2041  [000] ...1  3988.519881: do_swap_page: prefetch miss 834 "HwBinder:834_4" f7a63000 1723
           <...>-2064  [005] ....  3988.520551: do_swap_page: prefetch miss 913 "Binder:913_2" f3555000 3570b
           <...>-2064  [005] ...1  3988.522343: do_swap_page: prefetch miss 913 "Binder:913_2" f3555000 3570b
           <...>-2064  [005] ....  3988.522375: do_swap_page: prefetch miss 913 "Binder:913_2" f7a53000 39731
           <...>-2064  [005] ...1  3988.524111: do_swap_page: prefetch miss 913 "Binder:913_2" f7a53000 39731
           <...>-2064  [005] ....  3988.524142: do_swap_page: prefetch miss 913 "Binder:913_2" f74ff000 3972e
           <...>-2064  [005] ...1  3988.526138: do_swap_page: prefetch miss 913 "Binder:913_2" f74ff000 3972e
           <...>-2064  [005] ....  3988.526186: do_swap_page: prefetch miss 913 "Binder:913_2" f7b01000 31731
           <...>-2064  [005] ...1  3988.527765: do_swap_page: prefetch miss 913 "Binder:913_2" f7b01000 31731
           <...>-2064  [005] ....  3988.527790: do_swap_page: prefetch miss 913 "Binder:913_2" f7a0a000 317ab
           <...>-2064  [005] ...1  3988.529622: do_swap_page: prefetch miss 913 "Binder:913_2" f7a0a000 317ab
           <...>-2064  [005] ....  3988.529670: do_swap_page: prefetch miss 913 "Binder:913_2" f7b06000 31796
           <...>-2064  [005] ...1  3988.531679: do_swap_page: prefetch miss 913 "Binder:913_2" f7b06000 31796
           <...>-2064  [005] ....  3988.531979: do_swap_page: prefetch miss 913 "Binder:913_2" f3553000 39736
           <...>-2064  [005] ...1  3988.533935: do_swap_page: prefetch miss 913 "Binder:913_2" f3553000 39736
           <...>-2064  [005] ....  3988.534026: do_swap_page: prefetch miss 913 "Binder:913_2" f7aff000 31798
           <...>-2064  [005] ...1  3988.535574: do_swap_page: prefetch miss 913 "Binder:913_2" f7aff000 31798
           <...>-2064  [005] ....  3988.535631: do_swap_page: prefetch miss 913 "Binder:913_2" f7b02000 35744
           <...>-2064  [005] ...1  3988.538014: do_swap_page: prefetch miss 913 "Binder:913_2" f7b02000 35744
 .candycrushsaga-6386  [005] ....  3988.538505: do_swap_page: prefetch miss 6386 ".candycrushsaga" 7e8f0ef000 29720
    GLThread 444-6441  [006] ....  3988.538552: do_swap_page: prefetch miss 6386 "GLThread 444" 7fbd32b000 3d7bd
           <...>-21063 [006] ....  3988.538641: do_swap_page: prefetch miss 913 "NuPlayerDriver " f7a0e000 39737
    GLThread 444-6441  [006] ...1  3988.545367: do_swap_page: prefetch miss 6386 "GLThread 444" 7fbd32b000 3d7bd
 .candycrushsaga-6386  [007] ...1  3988.545386: do_swap_page: prefetch miss 6386 ".candycrushsaga" 7e8f0ef000 29720
           <...>-21063 [005] ...1  3988.545390: do_swap_page: prefetch miss 913 "NuPlayerDriver " f7a0e000 39737
 .candycrushsaga-6386  [007] ....  3988.545408: do_swap_page: prefetch miss 6386 ".candycrushsaga" 7e9e070000 29722
           <...>-21063 [005] ....  3988.545451: do_swap_page: prefetch miss 913 "NuPlayerDriver " f7a0f000 39738
    GLThread 444-6441  [006] ....  3988.545548: do_swap_page: prefetch miss 6386 "GLThread 444" 7f28c31000 3d7be
           <...>-21063 [005] ...1  3988.551419: do_swap_page: prefetch miss 913 "NuPlayerDriver " f7a0f000 39738
 .candycrushsaga-6386  [007] ...1  3988.551442: do_swap_page: prefetch miss 6386 ".candycrushsaga" 7e9e070000 29722
    GLThread 444-6441  [006] ...1  3988.551447: do_swap_page: prefetch miss 6386 "GLThread 444" 7f28c31000 3d7be
 .candycrushsaga-6386  [007] ....  3988.551505: do_swap_page: prefetch miss 6386 ".candycrushsaga" 7f233cc000 3d7c9
           <...>-21063 [005] ....  3988.551556: do_swap_page: prefetch miss 913 "generic" f625c000 39739
 .candycrushsaga-6386  [007] ...1  3988.554743: do_swap_page: prefetch miss 6386 ".candycrushsaga" 7f233cc000 3d7c9
 .candycrushsaga-6386  [007] ....  3988.554784: do_swap_page: prefetch miss 6386 ".candycrushsaga" 7e9e38a000 3d7cb
           <...>-21063 [005] ...1  3988.554823: do_swap_page: prefetch miss 913 "generic" f625c000 39739
           <...>-21063 [005] ....  3988.554892: do_swap_page: prefetch miss 913 "generic" f3607000 297f9
 .candycrushsaga-6386  [007] ...1  3988.556601: do_swap_page: prefetch miss 6386 ".candycrushsaga" 7e9e38a000 3d7cb
 .candycrushsaga-6386  [007] ....  3988.556624: do_swap_page: prefetch miss 6386 ".candycrushsaga" 7ebf307000 2972a
           <...>-21063 [005] ...1  3988.556655: do_swap_page: prefetch miss 913 "generic" f3607000 297f9
           <...>-21063 [005] ....  3988.556698: do_swap_page: prefetch miss 913 "generic" f6c9b000 d74b
 .candycrushsaga-6386  [007] ...1  3988.558361: do_swap_page: prefetch miss 6386 ".candycrushsaga" 7ebf307000 2972a
 .candycrushsaga-6386  [007] ....  3988.558384: do_swap_page: prefetch miss 6386 ".candycrushsaga" 7e9e289000 2972d
           <...>-21063 [005] ...1  3988.558417: do_swap_page: prefetch miss 913 "generic" f6c9b000 d74b
  mediaextractor-909   [006] ....  3988.559283: do_swap_page: prefetch miss 909 "mediaextractor" 7fbe491000 d7a1
 .candycrushsaga-6386  [007] ...1  3988.559839: do_swap_page: prefetch miss 6386 ".candycrushsaga" 7e9e289000 2972d
 .candycrushsaga-6386  [007] ....  3988.559860: do_swap_page: prefetch miss 6386 ".candycrushsaga" 7e9ea98000 2972e
  mediaextractor-909   [005] ...1  3988.561170: do_swap_page: prefetch miss 909 "mediaextractor" 7fbe491000 d7a1
 .candycrushsaga-6386  [007] ...1  3988.561185: do_swap_page: prefetch miss 6386 ".candycrushsaga" 7e9ea98000 2972e
  mediaextractor-909   [005] ....  3988.561195: do_swap_page: prefetch miss 909 "mediaextractor" 2755552000 3973c
 .candycrushsaga-6386  [007] ....  3988.561216: do_swap_page: prefetch miss 6386 ".candycrushsaga" 7e9e533000 217ea
 .candycrushsaga-6386  [007] ...1  3988.562984: do_swap_page: prefetch miss 6386 ".candycrushsaga" 7e9e533000 217ea
 .candycrushsaga-6386  [007] ....  3988.563003: do_swap_page: prefetch miss 6386 ".candycrushsaga" 7eab931000 2972f
  mediaextractor-909   [005] ...1  3988.563032: do_swap_page: prefetch miss 909 "mediaextractor" 2755552000 3973c
  mediaextractor-909   [005] ....  3988.563124: do_swap_page: prefetch miss 909 "mediaextractor" 7fbc377000 3973e
 .candycrushsaga-6386  [007] ...1  3988.566099: do_swap_page: prefetch miss 6386 ".candycrushsaga" 7eab931000 2972f
 .candycrushsaga-6386  [007] ....  3988.566140: do_swap_page: prefetch miss 6386 ".candycrushsaga" 7ee40d1000 29730
  mediaextractor-909   [005] ...1  3988.566185: do_swap_page: prefetch miss 909 "mediaextractor" 7fbc377000 3973e
  mediaextractor-909   [005] ....  3988.566216: do_swap_page: prefetch miss 909 "mediaextractor" 1855560000 3973f
 .candycrushsaga-6386  [007] ...1  3988.567817: do_swap_page: prefetch miss 6386 ".candycrushsaga" 7ee40d1000 29730
 .candycrushsaga-6386  [007] ....  3988.567845: do_swap_page: prefetch miss 6386 ".candycrushsaga" 7ee40d5000 3d7cd
  mediaextractor-909   [005] ...1  3988.567875: do_swap_page: prefetch miss 909 "mediaextractor" 1855560000 3973f
  mediaextractor-909   [005] ....  3988.567904: do_swap_page: prefetch miss 909 "mediaextractor" 1c5555a000 39740
 .candycrushsaga-6386  [007] ...1  3988.569663: do_swap_page: prefetch miss 6386 ".candycrushsaga" 7ee40d5000 3d7cd
 .candycrushsaga-6386  [007] ....  3988.569717: do_swap_page: prefetch miss 6386 ".candycrushsaga" 7f28fd6000 3d7ce
  mediaextractor-909   [005] ...1  3988.569755: do_swap_page: prefetch miss 909 "mediaextractor" 1c5555a000 39740
  mediaextractor-909   [005] ....  3988.569814: do_swap_page: prefetch miss 909 "mediaextractor" 7fbbb61000 97d0
 .candycrushsaga-6386  [007] ...1  3988.571815: do_swap_page: prefetch miss 6386 ".candycrushsaga" 7f28fd6000 3d7ce
 .candycrushsaga-6386  [007] ....  3988.571851: do_swap_page: prefetch miss 6386 ".candycrushsaga" 7e7d52f000 3d7cf
  mediaextractor-909   [005] ...1  3988.571894: do_swap_page: prefetch miss 909 "mediaextractor" 7fbbb61000 97d0
  mediaextractor-909   [005] ....  3988.571948: do_swap_page: prefetch miss 909 "mediaextractor" 7fbc66a000 d74e
 .candycrushsaga-6386  [007] ...1  3988.573676: do_swap_page: prefetch miss 6386 ".candycrushsaga" 7e7d52f000 3d7cf
 .candycrushsaga-6386  [007] ....  3988.573702: do_swap_page: prefetch miss 6386 ".candycrushsaga" 7e69e96000 3d7d0
  mediaextractor-909   [005] ...1  3988.573734: do_swap_page: prefetch miss 909 "mediaextractor" 7fbc66a000 d74e
  mediaextractor-909   [005] ....  3988.573766: do_swap_page: prefetch miss 909 "mediaextractor" 7fbc669000 39741
 .candycrushsaga-6386  [007] ...1  3988.575501: do_swap_page: prefetch miss 6386 ".candycrushsaga" 7e69e96000 3d7d0
 .candycrushsaga-6386  [007] ....  3988.575911: do_swap_page: prefetch miss 6386 ".candycrushsaga" 7f28fc7000 3d7d7
 Chrome_IOThread-6647  [007] ....  3988.575922: do_swap_page: prefetch miss 6386 "Chrome_IOThread" 7ebf1a1000 3d7d1
 Jit thread pool-6392  [007] ....  3988.577045: do_swap_page: prefetch miss 6386 "Jit thread pool" 7ec0832000 397c4
   Binder:9856_2-9876  [005] ....  3988.577228: do_swap_page: prefetch miss 9856 "Binder:9856_2" 7f233c9000 3d7d5
  mediaextractor-909   [005] ...1  3988.577323: do_swap_page: prefetch miss 909 "mediaextractor" 7fbc669000 39741
  mediaextractor-909   [005] ....  3988.577371: do_swap_page: prefetch miss 909 "mediaextractor" 7fbc470000 3572f
 .candycrushsaga-6386  [007] ...1  3988.577478: do_swap_page: prefetch miss 6386 ".candycrushsaga" 7f28fc7000 3d7d7
           <...>-6301  [000] ....  3988.577932: do_swap_page: prefetch miss 6067 "Binder:6067_5" 7ecd1da000 4576d
           <...>-2578  [005] ....  3988.578203: do_swap_page: prefetch miss 2057 "Binder:2057_6" 7ecc971000 4576e
 .candycrushsaga-6386  [007] ....  3988.578240: do_swap_page: prefetch miss 6386 ".candycrushsaga" 9e163000 45772
           <...>-1718  [000] ....  3988.578437: do_swap_page: prefetch miss 1697 "Binder:1697_1" 7f2d702000 31757
 Chrome_IOThread-6647  [007] ...1  3988.579267: do_swap_page: prefetch miss 6386 "Chrome_IOThread" 7ebf1a1000 3d7d1
 Chrome_IOThread-6647  [007] ....  3988.579279: do_swap_page: prefetch miss 6386 "Chrome_IOThread" 7ec07cf000 3d7d3
 Jit thread pool-6392  [007] ...1  3988.579397: do_swap_page: prefetch miss 6386 "Jit thread pool" 7ec0832000 397c4
   Binder:9856_2-9876  [005] ...1  3988.579402: do_swap_page: prefetch miss 9856 "Binder:9856_2" 7f233c9000 3d7d5
 Jit thread pool-6392  [007] ....  3988.579452: do_swap_page: prefetch miss 6386 "Jit thread pool" 7f2d74e000 3d789
   Binder:9856_2-9876  [005] ....  3988.579537: do_swap_page: prefetch miss 9856 "Binder:9856_2" 7f23700000 3d7d8
  mediaextractor-909   [005] ...1  3988.579620: do_swap_page: prefetch miss 909 "mediaextractor" 7fbc470000 3572f
           <...>-6301  [000] ...1  3988.579640: do_swap_page: prefetch miss 6067 "Binder:6067_5" 7ecd1da000 4576d
  mediaextractor-909   [005] ....  3988.579663: do_swap_page: prefetch miss 909 "mediaextractor" 7fbe359000 35730
           <...>-6301  [000] ....  3988.579738: do_swap_page: prefetch miss 6067 "Binder:6067_5" 7fbe178000 257a0
           <...>-2578  [005] ...1  3988.580419: do_swap_page: prefetch miss 2057 "Binder:2057_6" 7ecc971000 4576e
 Chrome_IOThread-6647  [007] ...1  3988.581393: do_swap_page: prefetch miss 6386 "Chrome_IOThread" 7ec07cf000 3d7d3
 Chrome_IOThread-6647  [007] ....  3988.581403: do_swap_page: prefetch miss 6386 "Chrome_IOThread" 7f2d647000 217ec
           <...>-1718  [000] ...1  3988.581404: do_swap_page: prefetch miss 1697 "Binder:1697_1" 7f2d702000 31757
 .candycrushsaga-6386  [007] ...1  3988.581421: do_swap_page: prefetch miss 6386 ".candycrushsaga" 9e163000 45772
 Jit thread pool-6392  [007] ...1  3988.581551: do_swap_page: prefetch miss 6386 "Jit thread pool" 7f2d74e000 3d789
   Binder:9856_2-9876  [005] ...1  3988.581782: do_swap_page: prefetch miss 9856 "Binder:9856_2" 7f23700000 3d7d8
   Binder:9856_2-9876  [005] ....  3988.582019: do_swap_page: prefetch miss 9856 "Binder:9856_2" 7ed3575000 3d7db
           <...>-1369  [005] ....  3988.582266: do_swap_page: prefetch miss 1338 "android.anim" 7f28b64000 1570a
  mediaextractor-909   [005] ...1  3988.582343: do_swap_page: prefetch miss 909 "mediaextractor" 7fbe359000 35730
           <...>-6301  [000] ...1  3988.582365: do_swap_page: prefetch miss 6067 "Binder:6067_5" 7fbe178000 257a0
  mediaextractor-909   [006] ....  3988.582421: do_swap_page: prefetch miss 909 "mediaextractor" 7fbde25000 35731
           <...>-6301  [000] ....  3988.582670: do_swap_page: prefetch miss 6067 "Binder:6067_5" 12fc7000 257a1
 Chrome_IOThread-6647  [007] ...1  3988.583114: do_swap_page: prefetch miss 6386 "Chrome_IOThread" 7f2d647000 217ec
 Chrome_IOThread-6647  [007] ....  3988.583130: do_swap_page: prefetch miss 6386 "Chrome_IOThread" 7e8b262000 3d7da
           <...>-1369  [005] ...1  3988.584105: do_swap_page: prefetch miss 1338 "android.anim" 7f28b64000 1570a
           <...>-1369  [005] ....  3988.584153: do_swap_page: prefetch miss 1338 "android.anim" 7eb4d6a000 1570b
  mediaextractor-909   [005] ...1  3988.584159: do_swap_page: prefetch miss 909 "mediaextractor" 7fbde25000 35731
