           <...>-6418  [007] ...1  6334.427159: do_swap_page: prefetch miss 6386 "AsyncTask #3" 7ebf176000 16d739
           <...>-6092  [001] ...1  6334.427170: do_swap_page: prefetch miss 6067 "Binder:6067_2" 7f2d791000 1617b9
           <...>-6418  [007] ....  6334.427195: do_swap_page: prefetch miss 6386 "AsyncTask #3" 7ebf177000 16d73a
           <...>-6092  [001] ....  6334.427268: do_swap_page: prefetch miss 6067 "Binder:6067_2" 7f2d618000 1617ba
           <...>-6067  [001] ...1  6334.429272: do_swap_page: prefetch miss 6067 "roid.smartboard" 7fbe1a2000 1617b7
           <...>-6507  [007] ...1  6334.429288: do_swap_page: prefetch miss 6386 "GLThread 444" 7e9bf3e000 1657e9
           <...>-6507  [007] ....  6334.429365: do_swap_page: prefetch miss 6386 "GLThread 444" 7e9e802000 1657d9
           <...>-6067  [000] ....  6334.429429: do_swap_page: prefetch miss 6067 "roid.smartboard" 7fbe1a3000 1617bd
           <...>-1369  [007] ...1  6334.429429: do_swap_page: prefetch miss 1338 "android.anim" 7e87aa0000 1617dc
           <...>-1369  [007] ....  6334.429437: do_swap_page: prefetch miss 1338 "android.anim" 7e87aa1000 1617e0
           <...>-6747  [007] ...1  6334.429444: do_swap_page: prefetch miss 6625 "Chrome_ChildIOT" e2242000 17171d
           <...>-6747  [007] ....  6334.429456: do_swap_page: prefetch miss 6625 "Chrome_ChildIOT" f7a2d000 1597a7
           <...>-6418  [007] ...1  6334.429462: do_swap_page: prefetch miss 6386 "AsyncTask #3" 7ebf177000 16d73a
           <...>-6418  [007] ....  6334.429469: do_swap_page: prefetch miss 6386 "AsyncTask #3" 7ebf178000 16d73b
           <...>-6092  [001] ...1  6334.429804: do_swap_page: prefetch miss 6067 "Binder:6067_2" 7f2d618000 1617ba
           <...>-6092  [001] ....  6334.429886: do_swap_page: prefetch miss 6067 "Binder:6067_2" 7f28bc8000 1617bb
    Binder:909_2-2146  [003] ....  6334.430555: do_swap_page: prefetch miss 909 "Binder:909_2" 1855561000 161719
           <...>-6067  [000] ...1  6334.431408: do_swap_page: prefetch miss 6067 "roid.smartboard" 7fbe1a3000 1617bd
           <...>-6067  [000] ....  6334.431438: do_swap_page: prefetch miss 6067 "roid.smartboard" 7fbe25a000 1617c3
           <...>-6507  [007] ...1  6334.431450: do_swap_page: prefetch miss 6386 "GLThread 444" 7e9e802000 1657d9
           <...>-6507  [007] ....  6334.431489: do_swap_page: prefetch miss 6386 "GLThread 444" 7e9e02d000 1657ca
           <...>-6418  [007] ...1  6334.431492: do_swap_page: prefetch miss 6386 "AsyncTask #3" 7ebf178000 16d73b
           <...>-6418  [007] ....  6334.431495: do_swap_page: prefetch miss 6386 "AsyncTask #3" 7ebf179000 16d73c
           <...>-1369  [007] ...1  6334.431586: do_swap_page: prefetch miss 1338 "android.anim" 7e87aa1000 1617e0
           <...>-1369  [007] ....  6334.431593: do_swap_page: prefetch miss 1338 "android.anim" 7e87aa2000 171714
           <...>-6747  [007] ...1  6334.431598: do_swap_page: prefetch miss 6625 "Chrome_ChildIOT" f7a2d000 1597a7
           <...>-6092  [001] ...1  6334.431605: do_swap_page: prefetch miss 6067 "Binder:6067_2" 7f28bc8000 1617bb
           <...>-6747  [007] ....  6334.431606: do_swap_page: prefetch miss 6625 "Chrome_ChildIOT" cc657000 171726
           <...>-6092  [001] ....  6334.431631: do_swap_page: prefetch miss 6067 "Binder:6067_2" 7f2d629000 1617c0
           <...>-6067  [000] ...1  6334.433294: do_swap_page: prefetch miss 6067 "roid.smartboard" 7fbe25a000 1617c3
           <...>-6507  [007] ...1  6334.433320: do_swap_page: prefetch miss 6386 "GLThread 444" 7e9e02d000 1657ca
           <...>-6067  [000] ....  6334.433332: do_swap_page: prefetch miss 6067 "roid.smartboard" 7fffffb000 257b1
    Binder:909_2-2146  [003] ...1  6334.433350: do_swap_page: prefetch miss 909 "Binder:909_2" 1855561000 161719
           <...>-6507  [007] ....  6334.433425: do_swap_page: prefetch miss 6386 "GLThread 444" 7e9e065000 1657cb
           <...>-1369  [007] ...1  6334.433462: do_swap_page: prefetch miss 1338 "android.anim" 7e87aa2000 171714
           <...>-1369  [007] ....  6334.433491: do_swap_page: prefetch miss 1338 "android.anim" 7e6a1ab000 17171a
           <...>-6747  [007] ...1  6334.433550: do_swap_page: prefetch miss 6625 "Chrome_ChildIOT" cc657000 171726
           <...>-6747  [007] ....  6334.433565: do_swap_page: prefetch miss 6625 "Chrome_ChildIOT" e20f7000 171728
           <...>-6092  [000] ...1  6334.433571: do_swap_page: prefetch miss 6067 "Binder:6067_2" 7f2d629000 1617c0
           <...>-6418  [007] ...1  6334.433572: do_swap_page: prefetch miss 6386 "AsyncTask #3" 7ebf179000 16d73c
           <...>-6418  [007] ....  6334.433582: do_swap_page: prefetch miss 6386 "AsyncTask #3" 7ebf17a000 16d73d
           <...>-6092  [000] ....  6334.433657: do_swap_page: prefetch miss 6067 "Binder:6067_2" 1303f000 15d711
    Binder:909_2-2146  [000] ....  6334.433679: do_swap_page: prefetch miss 909 "Binder:909_2" 1a55556000 16171c
           <...>-6067  [000] ...1  6334.435297: do_swap_page: prefetch miss 6067 "roid.smartboard" 7fffffb000 257b1
           <...>-6067  [000] ....  6334.435329: do_swap_page: prefetch miss 6067 "roid.smartboard" 72055000 497bf
           <...>-1369  [007] ...1  6334.435343: do_swap_page: prefetch miss 1338 "android.anim" 7e6a1ab000 17171a
           <...>-1369  [007] ....  6334.435349: do_swap_page: prefetch miss 1338 "android.anim" 7e6a1ac000 171720
           <...>-6507  [007] ...1  6334.435355: do_swap_page: prefetch miss 6386 "GLThread 444" 7e9e065000 1657cb
           <...>-6507  [007] ....  6334.435466: do_swap_page: prefetch miss 6386 "GLThread 444" 7e9df22000 16d72e
    Binder:909_2-2146  [000] ...1  6334.435520: do_swap_page: prefetch miss 909 "Binder:909_2" 1a55556000 16171c
           <...>-6747  [007] ...1  6334.435526: do_swap_page: prefetch miss 6625 "Chrome_ChildIOT" e20f7000 171728
           <...>-6747  [007] ....  6334.435564: do_swap_page: prefetch miss 6625 "Chrome_ChildIOT" e2254000 171730
           <...>-6418  [007] ...1  6334.435662: do_swap_page: prefetch miss 6386 "AsyncTask #3" 7ebf17a000 16d73d
           <...>-6418  [007] ....  6334.435670: do_swap_page: prefetch miss 6386 "AsyncTask #3" 7ebf17b000 16d73e
           <...>-6092  [000] ...1  6334.435673: do_swap_page: prefetch miss 6067 "Binder:6067_2" 1303f000 15d711
           <...>-6092  [000] ....  6334.435693: do_swap_page: prefetch miss 6067 "Binder:6067_2" 1303e000 1617c5
    Binder:909_2-2146  [000] ....  6334.436128: do_swap_page: prefetch miss 909 "Binder:909_2" 185555c000 169714
           <...>-6067  [000] ...1  6334.438073: do_swap_page: prefetch miss 6067 "roid.smartboard" 72055000 497bf
           <...>-1369  [007] ...1  6334.438095: do_swap_page: prefetch miss 1338 "android.anim" 7e6a1ac000 171720
           <...>-6067  [000] ....  6334.438097: do_swap_page: prefetch miss 6067 "roid.smartboard" 721c2000 497c3
           <...>-1369  [007] ....  6334.438102: do_swap_page: prefetch miss 1338 "android.anim" 7e6a1ad000 171722
           <...>-6747  [007] ...1  6334.438133: do_swap_page: prefetch miss 6625 "Chrome_ChildIOT" e2254000 171730
           <...>-6747  [007] ....  6334.438146: do_swap_page: prefetch miss 6625 "Chrome_ChildIOT" f7a1f000 171731
           <...>-6507  [007] ...1  6334.438271: do_swap_page: prefetch miss 6386 "GLThread 444" 7e9df22000 16d72e
    Binder:909_2-2146  [005] ...1  6334.438337: do_swap_page: prefetch miss 909 "Binder:909_2" 185555c000 169714
           <...>-6092  [000] ...1  6334.438340: do_swap_page: prefetch miss 6067 "Binder:6067_2" 1303e000 1617c5
           <...>-6092  [000] ....  6334.438394: do_swap_page: prefetch miss 6067 "Binder:6067_2" 7f34f80000 1617c9
           <...>-6507  [007] ....  6334.438405: do_swap_page: prefetch miss 6386 "GLThread 444" 7e9e4aa000 1657e0
           <...>-6418  [007] ...1  6334.438408: do_swap_page: prefetch miss 6386 "AsyncTask #3" 7ebf17b000 16d73e
           <...>-6418  [007] ....  6334.438425: do_swap_page: prefetch miss 6386 "AsyncTask #3" 7ebf17c000 16d73f
    Binder:909_2-2146  [005] ....  6334.438527: do_swap_page: prefetch miss 909 "Binder:909_2" 1855556000 161710
           <...>-6067  [000] ...1  6334.440046: do_swap_page: prefetch miss 6067 "roid.smartboard" 721c2000 497c3
           <...>-6067  [000] ....  6334.440068: do_swap_page: prefetch miss 6067 "roid.smartboard" 12fd1000 1617d4
           <...>-1369  [007] ...1  6334.440088: do_swap_page: prefetch miss 1338 "android.anim" 7e6a1ad000 171722
           <...>-1369  [007] ....  6334.440156: do_swap_page: prefetch miss 1338 "android.anim" 7e6a1ae000 171727
           <...>-6747  [007] ...1  6334.440161: do_swap_page: prefetch miss 6625 "Chrome_ChildIOT" f7a1f000 171731
           <...>-6747  [007] ....  6334.440171: do_swap_page: prefetch miss 6625 "Chrome_ChildIOT" d6e1d000 171734
           <...>-6507  [007] ...1  6334.440244: do_swap_page: prefetch miss 6386 "GLThread 444" 7e9e4aa000 1657e0
           <...>-6092  [000] ...1  6334.440257: do_swap_page: prefetch miss 6067 "Binder:6067_2" 7f34f80000 1617c9
           <...>-6092  [000] ....  6334.440282: do_swap_page: prefetch miss 6067 "Binder:6067_2" 71e3e000 257b6
           <...>-6507  [007] ....  6334.440512: do_swap_page: prefetch miss 6386 "GLThread 444" 7e9e051000 1657d8
           <...>-6418  [007] ...1  6334.440552: do_swap_page: prefetch miss 6386 "AsyncTask #3" 7ebf17c000 16d73f
    Binder:909_2-2146  [005] ...1  6334.440559: do_swap_page: prefetch miss 909 "Binder:909_2" 1855556000 161710
    Binder:909_2-2146  [005] ....  6334.440657: do_swap_page: prefetch miss 909 "Binder:909_2" 1b5555e000 15d794
           <...>-6418  [007] ....  6334.440704: do_swap_page: prefetch miss 6386 "AsyncTask #3" 7ec0a24000 16d740
           <...>-6067  [000] ...1  6334.441959: do_swap_page: prefetch miss 6067 "roid.smartboard" 12fd1000 1617d4
           <...>-6067  [000] ....  6334.441996: do_swap_page: prefetch miss 6067 "roid.smartboard" 7fbdddc000 1617de
           <...>-6747  [007] ...1  6334.441996: do_swap_page: prefetch miss 6625 "Chrome_ChildIOT" d6e1d000 171734
           <...>-6747  [007] ....  6334.442007: do_swap_page: prefetch miss 6625 "Chrome_ChildIOT" e21ec000 171737
           <...>-6092  [000] ...1  6334.442008: do_swap_page: prefetch miss 6067 "Binder:6067_2" 71e3e000 257b6
           <...>-1369  [007] ...1  6334.442047: do_swap_page: prefetch miss 1338 "android.anim" 7e6a1ae000 171727
           <...>-1369  [007] ....  6334.442054: do_swap_page: prefetch miss 1338 "android.anim" 7e6a1af000 17172f
           <...>-6507  [007] ...1  6334.442113: do_swap_page: prefetch miss 6386 "GLThread 444" 7e9e051000 1657d8
           <...>-6507  [007] ....  6334.442153: do_swap_page: prefetch miss 6386 "GLThread 444" 7e9e803000 1657ef
           <...>-6092  [000] ....  6334.442183: do_swap_page: prefetch miss 6067 "Binder:6067_2" 7fbbe6e000 1d7ec
           <...>-6418  [007] ...1  6334.442202: do_swap_page: prefetch miss 6386 "AsyncTask #3" 7ec0a24000 16d740
    Binder:909_2-2146  [006] ...1  6334.442203: do_swap_page: prefetch miss 909 "Binder:909_2" 1b5555e000 15d794
           <...>-6418  [007] ....  6334.442208: do_swap_page: prefetch miss 6386 "AsyncTask #3" 7ec0a25000 16d741
    Binder:909_2-2146  [006] ....  6334.442488: do_swap_page: prefetch miss 909 "Binder:909_2" 1755556000 165738
           <...>-6067  [000] ...1  6334.444054: do_swap_page: prefetch miss 6067 "roid.smartboard" 7fbdddc000 1617de
           <...>-6507  [007] ...1  6334.444102: do_swap_page: prefetch miss 6386 "GLThread 444" 7e9e803000 1657ef
           <...>-6507  [007] ....  6334.444160: do_swap_page: prefetch miss 6386 "GLThread 444" 7e9e053000 1657db
           <...>-6067  [000] ....  6334.444186: do_swap_page: prefetch miss 6067 "roid.smartboard" 12ff7000 4d72f
           <...>-1369  [007] ...1  6334.444220: do_swap_page: prefetch miss 1338 "android.anim" 7e6a1af000 17172f
           <...>-1369  [007] ....  6334.444229: do_swap_page: prefetch miss 1338 "android.anim" 7e6a1b0000 171732
           <...>-6747  [007] ...1  6334.444235: do_swap_page: prefetch miss 6625 "Chrome_ChildIOT" e21ec000 171737
           <...>-6747  [007] ....  6334.444252: do_swap_page: prefetch miss 6625 "Chrome_ChildIOT" e21c2000 1617e3
           <...>-6418  [007] ...1  6334.444274: do_swap_page: prefetch miss 6386 "AsyncTask #3" 7ec0a25000 16d741
    Binder:909_2-2146  [006] ...1  6334.444388: do_swap_page: prefetch miss 909 "Binder:909_2" 1755556000 165738
           <...>-6092  [000] ...1  6334.444390: do_swap_page: prefetch miss 6067 "Binder:6067_2" 7fbbe6e000 1d7ec
           <...>-6092  [000] ....  6334.444409: do_swap_page: prefetch miss 6067 "Binder:6067_2" 7fbbe6f000 1617d5
           <...>-6418  [007] ....  6334.444611: do_swap_page: prefetch miss 6386 "AsyncTask #3" 7ec0a35000 16d743
    Binder:909_2-2146  [006] ....  6334.444726: do_swap_page: prefetch miss 909 "Binder:909_2" 1755566000 165739
           <...>-6507  [007] ...1  6334.446110: do_swap_page: prefetch miss 6386 "GLThread 444" 7e9e053000 1657db
           <...>-6507  [007] ....  6334.446349: do_swap_page: prefetch miss 6386 "GLThread 444" 7e9bf81000 1657f5
           <...>-1369  [007] ...1  6334.446395: do_swap_page: prefetch miss 1338 "android.anim" 7e6a1b0000 171732
           <...>-1369  [007] ....  6334.446405: do_swap_page: prefetch miss 1338 "android.anim" 7e6a1b1000 171735
           <...>-6067  [000] ...1  6334.446410: do_swap_page: prefetch miss 6067 "roid.smartboard" 12ff7000 4d72f
           <...>-6747  [007] ...1  6334.446471: do_swap_page: prefetch miss 6625 "Chrome_ChildIOT" e21c2000 1617e3
           <...>-6747  [007] ....  6334.446482: do_swap_page: prefetch miss 6625 "Chrome_ChildIOT" e2218000 1617e6
           <...>-6067  [000] ...1  6334.446490: do_swap_page: prefetch miss 6067 "roid.smartboard" 7fbbe6f000 1617d5
           <...>-6067  [000] ....  6334.446514: do_swap_page: prefetch miss 6067 "roid.smartboard" 7fbbe6c000 257b9
           <...>-6418  [007] ...1  6334.446537: do_swap_page: prefetch miss 6386 "AsyncTask #3" 7ec0a35000 16d743
           <...>-6418  [007] ....  6334.446546: do_swap_page: prefetch miss 6386 "AsyncTask #3" 7ebf182000 16d744
           <...>-6092  [000] ....  6334.446667: do_swap_page: prefetch miss 6067 "Binder:6067_2" 7fbe179000 4d731
    Binder:909_2-2146  [006] ...1  6334.447020: do_swap_page: prefetch miss 909 "Binder:909_2" 1755566000 165739
    Binder:909_2-2146  [006] ....  6334.447075: do_swap_page: prefetch miss 909 "Binder:909_2" 1b55557000 165736
           <...>-6507  [007] ...1  6334.448530: do_swap_page: prefetch miss 6386 "GLThread 444" 7e9bf81000 1657f5
           <...>-6507  [007] ....  6334.448575: do_swap_page: prefetch miss 6386 "GLThread 444" 7e9e280000 1657ed
           <...>-1369  [007] ...1  6334.448612: do_swap_page: prefetch miss 1338 "android.anim" 7e6a1b1000 171735
           <...>-1369  [007] ....  6334.448622: do_swap_page: prefetch miss 1338 "android.anim" 7e6a1b2000 1617e2
           <...>-6747  [007] ...1  6334.448627: do_swap_page: prefetch miss 6625 "Chrome_ChildIOT" e2218000 1617e6
           <...>-6747  [007] ....  6334.448670: do_swap_page: prefetch miss 6625 "Chrome_ChildIOT" e218b000 1597af
           <...>-6418  [007] ...1  6334.448767: do_swap_page: prefetch miss 6386 "AsyncTask #3" 7ebf182000 16d744
           <...>-6067  [000] ...1  6334.448768: do_swap_page: prefetch miss 6067 "roid.smartboard" 7fbbe6c000 257b9
           <...>-6067  [000] ....  6334.448808: do_swap_page: prefetch miss 6067 "roid.smartboard" 12fde000 17171b
           <...>-6092  [000] ...1  6334.448820: do_swap_page: prefetch miss 6067 "Binder:6067_2" 7fbe179000 4d731
           <...>-6092  [000] ....  6334.448837: do_swap_page: prefetch miss 6067 "Binder:6067_2" 7ecd278000 171713
           <...>-6418  [007] ....  6334.448850: do_swap_page: prefetch miss 6386 "AsyncTask #3" 7ebf18a000 16d745
    Binder:909_2-2146  [006] ...1  6334.448855: do_swap_page: prefetch miss 909 "Binder:909_2" 1b55557000 165736
    Binder:909_2-2146  [006] ....  6334.449044: do_swap_page: prefetch miss 909 "Binder:909_2" 1e55559000 169736
           <...>-6507  [007] ...1  6334.450608: do_swap_page: prefetch miss 6386 "GLThread 444" 7e9e280000 1657ed
           <...>-6067  [000] .n.1  6334.450726: do_swap_page: prefetch miss 6067 "roid.smartboard" 12fde000 17171b
           <...>-6507  [007] ....  6334.450740: do_swap_page: prefetch miss 6386 "GLThread 444" 7e9e054000 1657e4
           <...>-1369  [007] ...1  6334.450745: do_swap_page: prefetch miss 1338 "android.anim" 7e6a1b2000 1617e2
           <...>-1369  [007] ....  6334.450754: do_swap_page: prefetch miss 1338 "android.anim" 7e6a1b3000 1617e5
           <...>-6747  [007] ...1  6334.450760: do_swap_page: prefetch miss 6625 "Chrome_ChildIOT" e218b000 1597af
           <...>-6747  [007] ....  6334.450771: do_swap_page: prefetch miss 6625 "Chrome_ChildIOT" e21f9000 1697c1
           <...>-6418  [007] ...1  6334.450816: do_swap_page: prefetch miss 6386 "AsyncTask #3" 7ebf18a000 16d745
           <...>-6418  [007] ....  6334.451057: do_swap_page: prefetch miss 6386 "AsyncTask #3" 7ebf17e000 16d746
           <...>-6067  [000] ....  6334.451332: do_swap_page: prefetch miss 6067 "roid.smartboard" 7fbbe6b000 171721
           <...>-6092  [000] ...1  6334.451344: do_swap_page: prefetch miss 6067 "Binder:6067_2" 7ecd278000 171713
           <...>-6092  [000] ....  6334.451516: do_swap_page: prefetch miss 6067 "Binder:6067_2" 7fbdba8000 257c5
    Binder:909_2-2146  [006] ...1  6334.451861: do_swap_page: prefetch miss 909 "Binder:909_2" 1e55559000 169736
    Binder:909_2-2146  [006] ....  6334.452524: do_swap_page: prefetch miss 909 "Binder:909_2" 1d5555d000 161718
           <...>-6507  [007] ...1  6334.452922: do_swap_page: prefetch miss 6386 "GLThread 444" 7e9e054000 1657e4
           <...>-6507  [007] ....  6334.453163: do_swap_page: prefetch miss 6386 "GLThread 444" 7e9e4c5000 1657e7
           <...>-1369  [007] ...1  6334.453169: do_swap_page: prefetch miss 1338 "android.anim" 7e6a1b3000 1617e5
           <...>-1369  [007] ....  6334.453227: do_swap_page: prefetch miss 1338 "android.anim" 7eb4de8000 171738
           <...>-6747  [007] ...1  6334.453233: do_swap_page: prefetch miss 6625 "Chrome_ChildIOT" e21f9000 1697c1
           <...>-6747  [007] ....  6334.453389: do_swap_page: prefetch miss 6625 "Chrome_ChildIOT" e213d000 1697c2
           <...>-6418  [007] ...1  6334.453467: do_swap_page: prefetch miss 6386 "AsyncTask #3" 7ebf17e000 16d746
           <...>-6067  [000] ...1  6334.453490: do_swap_page: prefetch miss 6067 "roid.smartboard" 7fbbe6b000 171721
           <...>-6067  [000] ....  6334.453527: do_swap_page: prefetch miss 6067 "roid.smartboard" 7f28c45000 171723
           <...>-6092  [000] ...1  6334.453539: do_swap_page: prefetch miss 6067 "Binder:6067_2" 7fbdba8000 257c5
           <...>-6092  [000] ....  6334.453553: do_swap_page: prefetch miss 6067 "Binder:6067_2" 7fbe2f3000 17171c
           <...>-6418  [007] ....  6334.453603: do_swap_page: prefetch miss 6386 "AsyncTask #3" 7e7d306000 16d747
    Binder:909_2-2146  [005] ...1  6334.455128: do_swap_page: prefetch miss 909 "Binder:909_2" 1d5555d000 161718
           <...>-6507  [007] ...1  6334.455167: do_swap_page: prefetch miss 6386 "GLThread 444" 7e9e4c5000 1657e7
    Binder:909_2-2146  [005] ....  6334.455281: do_swap_page: prefetch miss 909 "Binder:909_2" 2555555000 576f
           <...>-6507  [007] ....  6334.455332: do_swap_page: prefetch miss 6386 "GLThread 444" 7e9e5dc000 1657ee
           <...>-1369  [007] ...1  6334.455338: do_swap_page: prefetch miss 1338 "android.anim" 7eb4de8000 171738
           <...>-1369  [007] ....  6334.455378: do_swap_page: prefetch miss 1338 "android.anim" 7f28a94000 1617e8
           <...>-6747  [007] ...1  6334.455384: do_swap_page: prefetch miss 6625 "Chrome_ChildIOT" e213d000 1697c2
           <...>-6747  [007] ....  6334.455395: do_swap_page: prefetch miss 6625 "Chrome_ChildIOT" cca7f000 1597b0
           <...>-6067  [000] ...1  6334.456684: do_swap_page: prefetch miss 6067 "roid.smartboard" 7f28c45000 171723
           <...>-6067  [000] ....  6334.456716: do_swap_page: prefetch miss 6067 "roid.smartboard" 7fbf6ff000 257bd
           <...>-6092  [000] ...1  6334.456727: do_swap_page: prefetch miss 6067 "Binder:6067_2" 7fbe2f3000 17171c
           <...>-6092  [000] ....  6334.456767: do_swap_page: prefetch miss 6067 "Binder:6067_2" 7f2d804000 17172d
           <...>-6418  [007] ...1  6334.457199: do_swap_page: prefetch miss 6386 "AsyncTask #3" 7e7d306000 16d747
    Binder:909_2-2146  [006] ...1  6334.457252: do_swap_page: prefetch miss 909 "Binder:909_2" 2555555000 576f
           <...>-6747  [007] ...1  6334.457271: do_swap_page: prefetch miss 6625 "Chrome_ChildIOT" cca7f000 1597b0
           <...>-6747  [007] ....  6334.457282: do_swap_page: prefetch miss 6625 "Chrome_ChildIOT" cc9ed000 1597b1
    Binder:909_2-2146  [005] ....  6334.457468: do_swap_page: prefetch miss 909 "Binder:909_2" 7fbbb64000 d771
           <...>-6507  [007] ...1  6334.458214: do_swap_page: prefetch miss 6386 "GLThread 444" 7e9e5dc000 1657ee
           <...>-6507  [007] ....  6334.458233: do_swap_page: prefetch miss 6386 "GLThread 444" 7e9e05b000 16178e
           <...>-1369  [007] ...1  6334.458837: do_swap_page: prefetch miss 1338 "android.anim" 7f28a94000 1617e8
           <...>-1369  [007] ....  6334.458984: do_swap_page: prefetch miss 1338 "android.anim" 7e87a60000 15731
           <...>-6067  [000] ...1  6334.459084: do_swap_page: prefetch miss 6067 "roid.smartboard" 7fbf6ff000 257bd
           <...>-6747  [007] ...1  6334.459096: do_swap_page: prefetch miss 6625 "Chrome_ChildIOT" cc9ed000 1597b1
           <...>-6747  [007] ....  6334.459107: do_swap_page: prefetch miss 6625 "Chrome_ChildIOT" e2208000 1597b2
           <...>-6067  [000] ....  6334.459159: do_swap_page: prefetch miss 6067 "roid.smartboard" 12fc8000 497d5
           <...>-6092  [000] ...1  6334.459172: do_swap_page: prefetch miss 6067 "Binder:6067_2" 7f2d804000 17172d
           <...>-6092  [000] ....  6334.459217: do_swap_page: prefetch miss 6067 "Binder:6067_2" 7f2d808000 17172e
    Binder:909_2-2146  [006] ...1  6334.459488: do_swap_page: prefetch miss 909 "Binder:909_2" 7fbbb64000 d771
    Binder:909_2-2146  [006] ....  6334.460097: do_swap_page: prefetch miss 909 "Binder:909_2" 1b55556000 15d78d
           <...>-6507  [007] ...1  6334.460398: do_swap_page: prefetch miss 6386 "GLThread 444" 7e9e05b000 16178e
           <...>-6507  [007] ....  6334.460524: do_swap_page: prefetch miss 6386 "GLThread 444" 7e9e6e1000 1697bf
           <...>-1369  [007] ...1  6334.461553: do_swap_page: prefetch miss 1338 "android.anim" 7e87a60000 15731
           <...>-1369  [007] ....  6334.461564: do_swap_page: prefetch miss 1338 "android.anim" 7e87aa3000 15732
           <...>-6747  [007] ...1  6334.461620: do_swap_page: prefetch miss 6625 "Chrome_ChildIOT" e2208000 1597b2
           <...>-6747  [007] ....  6334.461631: do_swap_page: prefetch miss 6625 "Chrome_ChildIOT" e2253000 1597b3
           <...>-6067  [000] ...1  6334.461717: do_swap_page: prefetch miss 6067 "roid.smartboard" 12fc8000 497d5
           <...>-6067  [000] ....  6334.461744: do_swap_page: prefetch miss 6067 "roid.smartboard" 12ff6000 497d7
           <...>-6092  [000] ...1  6334.461758: do_swap_page: prefetch miss 6067 "Binder:6067_2" 7f2d808000 17172e
           <...>-6092  [000] ....  6334.461777: do_swap_page: prefetch miss 6067 "Binder:6067_2" 7f2d806000 17172b
    Binder:909_2-2146  [006] ...1  6334.462019: do_swap_page: prefetch miss 909 "Binder:909_2" 1b55556000 15d78d
    Binder:909_2-2146  [006] ....  6334.462074: do_swap_page: prefetch miss 909 "Binder:909_2" 1f55561000 169738
           <...>-6507  [007] ...1  6334.464084: do_swap_page: prefetch miss 6386 "GLThread 444" 7e9e6e1000 1697bf
           <...>-6507  [007] ....  6334.464123: do_swap_page: prefetch miss 6386 "GLThread 444" 7e9ea88000 1657f0
           <...>-6747  [007] ...1  6334.464194: do_swap_page: prefetch miss 6625 "Chrome_ChildIOT" e2253000 1597b3
    Binder:909_2-2146  [006] ...1  6334.464204: do_swap_page: prefetch miss 909 "Binder:909_2" 1f55561000 169738
           <...>-6747  [007] ....  6334.464206: do_swap_page: prefetch miss 6625 "Chrome_ChildIOT" f0e01000 1697c9
           <...>-6067  [000] ...1  6334.464216: do_swap_page: prefetch miss 6067 "roid.smartboard" 12ff6000 497d7
           <...>-1369  [007] ...1  6334.464232: do_swap_page: prefetch miss 1338 "android.anim" 7e87aa3000 15732
           <...>-1369  [007] ....  6334.464239: do_swap_page: prefetch miss 1338 "android.anim" 7e87aa4000 15733
           <...>-6067  [000] ....  6334.464242: do_swap_page: prefetch miss 6067 "roid.smartboard" 12ffe000 171736
           <...>-6092  [000] ...1  6334.464254: do_swap_page: prefetch miss 6067 "Binder:6067_2" 7f2d806000 17172b
           <...>-6092  [000] ....  6334.464269: do_swap_page: prefetch miss 6067 "Binder:6067_2" 7f2d800000 17172c
    Binder:909_3-2171  [006] ....  6334.464904: do_swap_page: prefetch miss 909 "Binder:909_3" 1955555000 15d78e
           <...>-6507  [007] ...1  6334.466440: do_swap_page: prefetch miss 6386 "GLThread 444" 7e9ea88000 1657f0
           <...>-6067  [000] ...1  6334.466513: do_swap_page: prefetch miss 6067 "roid.smartboard" 12ffe000 171736
    Binder:909_3-2171  [006] ...1  6334.466565: do_swap_page: prefetch miss 909 "Binder:909_3" 1955555000 15d78e
           <...>-6067  [000] ....  6334.466573: do_swap_page: prefetch miss 6067 "roid.smartboard" 7fbe15d000 1617e4
           <...>-6092  [000] ...1  6334.466585: do_swap_page: prefetch miss 6067 "Binder:6067_2" 7f2d800000 17172c
           <...>-6507  [007] ....  6334.466603: do_swap_page: prefetch miss 6386 "GLThread 444" 7e9bf0b000 1657f6
           <...>-1369  [007] ...1  6334.466609: do_swap_page: prefetch miss 1338 "android.anim" 7e87aa4000 15733
           <...>-1369  [007] ....  6334.466619: do_swap_page: prefetch miss 1338 "android.anim" 7e87aa5000 15734
           <...>-6747  [007] ...1  6334.466625: do_swap_page: prefetch miss 6625 "Chrome_ChildIOT" f0e01000 1697c9
         generic-29634 [006] ....  6334.466636: do_swap_page: prefetch miss 913 "generic" f351c000 15d793
           <...>-6747  [007] ....  6334.466640: do_swap_page: prefetch miss 6625 "Chrome_ChildIOT" e2243000 1697ca
           <...>-6092  [000] ....  6334.466712: do_swap_page: prefetch miss 6067 "Binder:6067_2" 72074000 4d741
           <...>-6067  [000] ...1  6334.468600: do_swap_page: prefetch miss 6067 "roid.smartboard" 7fbe15d000 1617e4
           <...>-6067  [000] ....  6334.468621: do_swap_page: prefetch miss 6067 "roid.smartboard" 7fbe15c000 1617e7
           <...>-6747  [007] ...1  6334.468635: do_swap_page: prefetch miss 6625 "Chrome_ChildIOT" e2243000 1697ca
           <...>-6747  [007] ....  6334.468647: do_swap_page: prefetch miss 6625 "Chrome_ChildIOT" cc9ee000 1617ee
           <...>-6507  [007] ...1  6334.468652: do_swap_page: prefetch miss 6386 "GLThread 444" 7e9bf0b000 1657f6
           <...>-6507  [007] ....  6334.468668: do_swap_page: prefetch miss 6386 "GLThread 444" 7e9e07a000 1617a5
           <...>-1369  [007] ...1  6334.468807: do_swap_page: prefetch miss 1338 "android.anim" 7e87aa5000 15734
         generic-29634 [006] ...1  6334.468816: do_swap_page: prefetch miss 913 "generic" f351c000 15d793
           <...>-1369  [007] ....  6334.468824: do_swap_page: prefetch miss 1338 "android.anim" 7f28c6c000 15735
           <...>-6092  [000] ...1  6334.468833: do_swap_page: prefetch miss 6067 "Binder:6067_2" 72074000 4d741
           <...>-6092  [000] ....  6334.468865: do_swap_page: prefetch miss 6067 "Binder:6067_2" 7f350f3000 171724
    Binder:909_3-2171  [006] ....  6334.469153: do_swap_page: prefetch miss 909 "Binder:909_3" 205556c000 16971c
    Binder:909_2-2146  [006] ....  6334.469704: do_swap_page: prefetch miss 909 "Binder:909_2" 1835552000 d772
           <...>-6067  [000] ...1  6334.472099: do_swap_page: prefetch miss 6067 "roid.smartboard" 7fbe15c000 1617e7
           <...>-6747  [007] ...1  6334.472118: do_swap_page: prefetch miss 6625 "Chrome_ChildIOT" cc9ee000 1617ee
           <...>-6747  [007] ....  6334.472155: do_swap_page: prefetch miss 6625 "Chrome_ChildIOT" cc9f3000 1617f1
           <...>-6067  [000] ....  6334.472175: do_swap_page: prefetch miss 6067 "roid.smartboard" 7fbe293000 171739
           <...>-6507  [007] ...1  6334.472324: do_swap_page: prefetch miss 6386 "GLThread 444" 7e9e07a000 1617a5
           <...>-1369  [007] ...1  6334.472345: do_swap_page: prefetch miss 1338 "android.anim" 7f28c6c000 15735
           <...>-6092  [000] ...1  6334.472355: do_swap_page: prefetch miss 6067 "Binder:6067_2" 7f350f3000 171724
    Binder:909_3-2171  [006] ...1  6334.472357: do_swap_page: prefetch miss 909 "Binder:909_3" 205556c000 16971c
           <...>-6092  [000] ....  6334.472391: do_swap_page: prefetch miss 6067 "Binder:6067_2" 7fbe167000 4d749
    Binder:909_3-2171  [006] ....  6334.472410: do_swap_page: prefetch miss 909 "Binder:909_3" 1d55558000 16973a
           <...>-1369  [007] ....  6334.472445: do_swap_page: prefetch miss 1338 "android.anim" 9e385000 15736
           <...>-6507  [007] ....  6334.472664: do_swap_page: prefetch miss 6386 "GLThread 444" 7e9e281000 161797
    Binder:909_2-2146  [006] ...1  6334.473972: do_swap_page: prefetch miss 909 "Binder:909_2" 1835552000 d772
           <...>-6747  [007] ...1  6334.474747: do_swap_page: prefetch miss 6625 "Chrome_ChildIOT" cc9f3000 1617f1
           <...>-6067  [000] ...1  6334.474770: do_swap_page: prefetch miss 6067 "roid.smartboard" 7fbe293000 171739
           <...>-6747  [007] ....  6334.474811: do_swap_page: prefetch miss 6625 "Chrome_ChildIOT" cc9ea000 1617f2
           <...>-6507  [007] ...1  6334.474816: do_swap_page: prefetch miss 6386 "GLThread 444" 7e9e281000 161797
           <...>-6067  [000] ....  6334.474823: do_swap_page: prefetch miss 6067 "roid.smartboard" 7f2d6b8000 1697c3
           <...>-6092  [000] ...1  6334.474836: do_swap_page: prefetch miss 6067 "Binder:6067_2" 7fbe167000 4d749
           <...>-6092  [000] ....  6334.474908: do_swap_page: prefetch miss 6067 "Binder:6067_2" 7f2d807000 17172a
           <...>-6507  [007] ....  6334.474995: do_swap_page: prefetch miss 6386 "GLThread 444" 7e9ebe6000 161793
    Binder:909_3-2171  [005] ...1  6334.475419: do_swap_page: prefetch miss 909 "Binder:909_3" 1d55558000 16973a
         generic-29634 [006] ....  6334.475989: do_swap_page: prefetch miss 913 "generic" f3543000 165701
           <...>-1369  [007] ...1  6334.476361: do_swap_page: prefetch miss 1338 "android.anim" 9e385000 15736
           <...>-1369  [007] ....  6334.476437: do_swap_page: prefetch miss 1338 "android.anim" 9e1b5000 15737
    Binder:913_2-2064  [000] ....  6334.476474: do_swap_page: prefetch miss 913 "Binder:913_2" f7b16000 15d789
           <...>-6747  [007] ...1  6334.476562: do_swap_page: prefetch miss 6625 "Chrome_ChildIOT" cc9ea000 1617f2
           <...>-6747  [007] ....  6334.476580: do_swap_page: prefetch miss 6625 "Chrome_ChildIOT" ccac9000 1617f3
           <...>-6507  [007] ...1  6334.477611: do_swap_page: prefetch miss 6386 "GLThread 444" 7e9ebe6000 161793
           <...>-6067  [000] ...1  6334.477617: do_swap_page: prefetch miss 6067 "roid.smartboard" 7f2d6b8000 1697c3
           <...>-6067  [000] ....  6334.477660: do_swap_page: prefetch miss 6067 "roid.smartboard" 7f28bcb000 1697c4
           <...>-6092  [000] ...1  6334.477675: do_swap_page: prefetch miss 6067 "Binder:6067_2" 7f2d807000 17172a
           <...>-6507  [007] ....  6334.477713: do_swap_page: prefetch miss 6386 "GLThread 444" 7e9ebe7000 161795
           <...>-6092  [000] ....  6334.477786: do_swap_page: prefetch miss 6067 "Binder:6067_2" 7fbe1f9000 4d74b
           <...>-1369  [007] ...1  6334.478126: do_swap_page: prefetch miss 1338 "android.anim" 9e1b5000 15737
         generic-29634 [006] ...1  6334.478157: do_swap_page: prefetch miss 913 "generic" f3543000 165701
         generic-29634 [006] ....  6334.478275: do_swap_page: prefetch miss 913 "generic" f356c000 16971e
           <...>-1369  [007] ....  6334.478748: do_swap_page: prefetch miss 1338 "android.anim" 9e373000 15750
    Binder:913_2-2064  [000] ...1  6334.479366: do_swap_page: prefetch miss 913 "Binder:913_2" f7b16000 15d789
           <...>-6747  [007] ...1  6334.480208: do_swap_page: prefetch miss 6625 "Chrome_ChildIOT" ccac9000 1617f3
           <...>-6747  [007] ....  6334.480253: do_swap_page: prefetch miss 6625 "Chrome_ChildIOT" e2190000 1617f5
    Binder:913_2-2064  [003] ....  6334.480330: do_swap_page: prefetch miss 913 "Binder:913_2" f7b20000 169739
           <...>-6067  [001] ...1  6334.480414: do_swap_page: prefetch miss 6067 "roid.smartboard" 7f28bcb000 1697c4
           <...>-6067  [001] ....  6334.480455: do_swap_page: prefetch miss 6067 "roid.smartboard" 7f2d145000 257c8
           <...>-6092  [000] ...1  6334.480528: do_swap_page: prefetch miss 6067 "Binder:6067_2" 7fbe1f9000 4d74b
           <...>-6092  [000] ....  6334.480576: do_swap_page: prefetch miss 6067 "Binder:6067_2" 12fc3000 171733
           <...>-6507  [007] ...1  6334.480700: do_swap_page: prefetch miss 6386 "GLThread 444" 7e9ebe7000 161795
         generic-29634 [006] ...1  6334.480707: do_swap_page: prefetch miss 913 "generic" f356c000 16971e
         generic-29634 [006] ....  6334.480742: do_swap_page: prefetch miss 913 "generic" f358c000 16971f
           <...>-1369  [007] ...1  6334.480776: do_swap_page: prefetch miss 1338 "android.anim" 9e373000 15750
           <...>-1369  [007] ....  6334.481282: do_swap_page: prefetch miss 1338 "android.anim" 7e87aa7000 1575b
           <...>-6507  [007] ....  6334.481343: do_swap_page: prefetch miss 6386 "GLThread 444" 7e9dfe8000 15979a
           <...>-6747  [007] ...1  6334.482243: do_swap_page: prefetch miss 6625 "Chrome_ChildIOT" e2190000 1617f5
           <...>-6747  [007] ....  6334.482293: do_swap_page: prefetch miss 6625 "Chrome_ChildIOT" f7a8b000 1617f7
    Binder:913_2-2064  [006] ...1  6334.482340: do_swap_page: prefetch miss 913 "Binder:913_2" f7b20000 169739
           <...>-6067  [001] ...1  6334.482374: do_swap_page: prefetch miss 6067 "roid.smartboard" 7f2d145000 257c8
           <...>-6067  [001] ....  6334.482405: do_swap_page: prefetch miss 6067 "roid.smartboard" 7fffffc000 1697c5
  HwBinder:923_9-24185 [006] ....  6334.483395: do_swap_page: prefetch miss 923 "HwBinder:923_9" 1755553000 16571a
           <...>-6092  [001] ...1  6334.483553: do_swap_page: prefetch miss 6067 "Binder:6067_2" 12fc3000 171733
         generic-29634 [006] ...1  6334.483581: do_swap_page: prefetch miss 913 "generic" f358c000 16971f
         generic-29634 [006] ....  6334.483640: do_swap_page: prefetch miss 913 "generic" f3506000 169724
           <...>-1369  [007] ...1  6334.483756: do_swap_page: prefetch miss 1338 "android.anim" 7e87aa7000 1575b
           <...>-1369  [007] ....  6334.483803: do_swap_page: prefetch miss 1338 "android.anim" 7fbb7db000 1575c
           <...>-6507  [007] ...1  6334.483808: do_swap_page: prefetch miss 6386 "GLThread 444" 7e9dfe8000 15979a
           <...>-6507  [007] ....  6334.483840: do_swap_page: prefetch miss 6386 "GLThread 444" 7e9dfe9000 15d7ff
           <...>-6747  [007] ...1  6334.485327: do_swap_page: prefetch miss 6625 "Chrome_ChildIOT" f7a8b000 1617f7
           <...>-6747  [007] ....  6334.485373: do_swap_page: prefetch miss 6625 "Chrome_ChildIOT" f0df7000 1557c8
           <...>-6067  [001] ...1  6334.485496: do_swap_page: prefetch miss 6067 "roid.smartboard" 7fffffc000 1697c5
  HwBinder:923_9-24185 [006] ...1  6334.485506: do_swap_page: prefetch miss 923 "HwBinder:923_9" 1755553000 16571a
           <...>-6067  [001] ....  6334.485532: do_swap_page: prefetch miss 6067 "roid.smartboard" 7fbe1c5000 1697c6
  HwBinder:923_9-24185 [006] ....  6334.485539: do_swap_page: prefetch miss 923 "HwBinder:923_9" 1855565000 165716
         generic-29634 [006] ...1  6334.485929: do_swap_page: prefetch miss 913 "generic" f3506000 169724
           <...>-1369  [007] ...1  6334.485988: do_swap_page: prefetch miss 1338 "android.anim" 7fbb7db000 1575c
           <...>-1369  [007] ....  6334.486024: do_swap_page: prefetch miss 1338 "android.anim" 7f28b18000 1617f6
         generic-29634 [006] ....  6334.486156: do_swap_page: prefetch miss 913 "generic" f3517000 169725
           <...>-6507  [007] ...1  6334.487223: do_swap_page: prefetch miss 6386 "GLThread 444" 7e9dfe9000 15d7ff
           <...>-6747  [007] ...1  6334.487258: do_swap_page: prefetch miss 6625 "Chrome_ChildIOT" f0df7000 1557c8
           <...>-6747  [007] ....  6334.487272: do_swap_page: prefetch miss 6625 "Chrome_ChildIOT" f7ac6000 1617fa
           <...>-6067  [001] ...1  6334.487298: do_swap_page: prefetch miss 6067 "roid.smartboard" 7fbe1c5000 1697c6
  HwBinder:923_9-24185 [006] ...1  6334.487334: do_swap_page: prefetch miss 923 "HwBinder:923_9" 1855565000 165716
           <...>-6067  [001] ....  6334.487336: do_swap_page: prefetch miss 6067 "roid.smartboard" 7f395f0000 1697c7
           <...>-6507  [007] ....  6334.487429: do_swap_page: prefetch miss 6386 "GLThread 444" 7e9b78b000 161792
           <...>-1369  [007] ...1  6334.487640: do_swap_page: prefetch miss 1338 "android.anim" 7f28b18000 1617f6
    Binder:604_1-633   [007] ....  6334.487924: do_swap_page: prefetch miss 604 "Binder:604_1" 7fba7eb000 1597f2
         generic-29634 [006] ...1  6334.489258: do_swap_page: prefetch miss 913 "generic" f3517000 169725
           <...>-6747  [007] ...1  6334.489572: do_swap_page: prefetch miss 6625 "Chrome_ChildIOT" f7ac6000 1617fa
           <...>-6747  [007] ....  6334.489616: do_swap_page: prefetch miss 6625 "Chrome_ChildIOT" e2223000 1617fb
           <...>-6507  [007] ...1  6334.489665: do_swap_page: prefetch miss 6386 "GLThread 444" 7e9b78b000 161792
           <...>-6067  [001] ...1  6334.489679: do_swap_page: prefetch miss 6067 "roid.smartboard" 7f395f0000 1697c7
           <...>-6067  [001] ....  6334.489710: do_swap_page: prefetch miss 6067 "roid.smartboard" 7ecd07c000 1697c8
           <...>-6507  [007] ....  6334.489738: do_swap_page: prefetch miss 6386 "GLThread 444" 7e9bfdc000 159734
    Binder:604_1-633   [004] ...1  6334.489779: do_swap_page: prefetch miss 604 "Binder:604_1" 7fba7eb000 1597f2
    Binder:604_1-633   [004] ....  6334.489807: do_swap_page: prefetch miss 604 "Binder:604_1" 7fbbfd4000 d718
           <...>-2065  [001] ....  6334.490056: do_swap_page: prefetch miss 913 "Binder:913_3" f317f000 1557f6
    Binder:909_2-2146  [006] ....  6334.490473: do_swap_page: prefetch miss 909 "Binder:909_2" 1d5555b000 169716
         generic-29634 [006] ....  6334.490644: do_swap_page: prefetch miss 913 "generic" f354c000 169730
           <...>-6747  [007] ...1  6334.491515: do_swap_page: prefetch miss 6625 "Chrome_ChildIOT" e2223000 1617fb
           <...>-6747  [007] ....  6334.491533: do_swap_page: prefetch miss 6625 "Chrome_ChildIOT" ccac7000 16d74f
    Binder:604_1-633   [007] ...1  6334.491605: do_swap_page: prefetch miss 604 "Binder:604_1" 7fbbfd4000 d718
           <...>-6067  [001] ...1  6334.491617: do_swap_page: prefetch miss 6067 "roid.smartboard" 7ecd07c000 1697c8
           <...>-6067  [001] ....  6334.491706: do_swap_page: prefetch miss 6067 "roid.smartboard" 7f395f1000 257a4
           <...>-1369  [007] ....  6334.492084: do_swap_page: prefetch miss 1338 "android.anim" 7ed0f95000 1617f9
           <...>-6507  [007] ...1  6334.492090: do_swap_page: prefetch miss 6386 "GLThread 444" 7e9bfdc000 159734
           <...>-6507  [007] ....  6334.492355: do_swap_page: prefetch miss 6386 "GLThread 444" 7e9e0ae000 161798
           <...>-2065  [006] ...1  6334.492856: do_swap_page: prefetch miss 913 "Binder:913_3" f317f000 1557f6
           <...>-2065  [006] ....  6334.492882: do_swap_page: prefetch miss 913 "Binder:913_3" f3596000 1557fc
    Binder:909_2-2146  [006] ...1  6334.492923: do_swap_page: prefetch miss 909 "Binder:909_2" 1d5555b000 169716
         generic-29634 [005] ...1  6334.493696: do_swap_page: prefetch miss 913 "generic" f354c000 169730
           <...>-6747  [007] ...1  6334.493731: do_swap_page: prefetch miss 6625 "Chrome_ChildIOT" ccac7000 16d74f
           <...>-6067  [001] ...1  6334.493766: do_swap_page: prefetch miss 6067 "roid.smartboard" 7f395f1000 257a4
           <...>-6747  [007] ....  6334.493801: do_swap_page: prefetch miss 6625 "Chrome_ChildIOT" f7b29000 1557cb
           <...>-1369  [007] ...1  6334.493807: do_swap_page: prefetch miss 1338 "android.anim" 7ed0f95000 1617f9
           <...>-6067  [001] ....  6334.493828: do_swap_page: prefetch miss 6067 "roid.smartboard" 7f2d641000 257cc
           <...>-1370  [007] ....  6334.494554: do_swap_page: prefetch miss 1338 "android.anim.lf" 7ecb790000 16d74d
 ndroid.systemui-1697  [006] ....  6334.494761: do_swap_page: prefetch miss 1697 "ndroid.systemui" 9e1d5000 1617fc
           <...>-1369  [007] ....  6334.494958: do_swap_page: prefetch miss 1338 "android.anim" 7f28c68000 16d74c
           <...>-6507  [007] ...1  6334.494966: do_swap_page: prefetch miss 6386 "GLThread 444" 7e9e0ae000 161798
      android.bg-1373  [003] ....  6334.494998: do_swap_page: prefetch miss 1338 "android.bg" 7fbf6fb000 1d7ef
           <...>-6507  [007] ....  6334.495009: do_swap_page: prefetch miss 6386 "GLThread 444" 7e9e0af000 1697bd
         generic-29641 [006] ....  6334.496013: do_swap_page: prefetch miss 913 "generic" f7a25000 15d78a
           <...>-2065  [006] ...1  6334.496743: do_swap_page: prefetch miss 913 "Binder:913_3" f3596000 1557fc
           <...>-2065  [006] ....  6334.496756: do_swap_page: prefetch miss 913 "Binder:913_3" f317e000 161700
           <...>-6747  [007] ...1  6334.496937: do_swap_page: prefetch miss 6625 "Chrome_ChildIOT" f7b29000 1557cb
           <...>-6747  [007] ....  6334.496988: do_swap_page: prefetch miss 6625 "Chrome_ChildIOT" cc9e5000 16d754
           <...>-1370  [007] ...1  6334.497100: do_swap_page: prefetch miss 1338 "android.anim.lf" 7ecb790000 16d74d
 ndroid.systemui-1697  [006] ...1  6334.497107: do_swap_page: prefetch miss 1697 "ndroid.systemui" 9e1d5000 1617fc
           <...>-6067  [001] ...1  6334.497115: do_swap_page: prefetch miss 6067 "roid.smartboard" 7f2d641000 257cc
           <...>-1370  [007] ....  6334.497125: do_swap_page: prefetch miss 1338 "android.anim.lf" 7ecb78e000 16d750
 ndroid.systemui-1697  [006] ....  6334.497141: do_swap_page: prefetch miss 1697 "ndroid.systemui" 7f28cac000 16d74e
           <...>-6067  [001] ....  6334.497233: do_swap_page: prefetch miss 6067 "roid.smartboard" 7f28ac4000 1617f0
           <...>-1369  [007] ...1  6334.498594: do_swap_page: prefetch miss 1338 "android.anim" 7f28c68000 16d74c
         generic-29641 [006] .n.1  6334.498628: do_swap_page: prefetch miss 913 "generic" f7a25000 15d78a
           <...>-2065  [006] ...1  6334.498635: do_swap_page: prefetch miss 913 "Binder:913_3" f317e000 161700
      android.bg-1373  [003] ...1  6334.498639: do_swap_page: prefetch miss 1338 "android.bg" 7fbf6fb000 1d7ef
           <...>-2065  [006] ....  6334.498649: do_swap_page: prefetch miss 913 "Binder:913_3" f7a39000 161702
      android.bg-1373  [003] ....  6334.498663: do_swap_page: prefetch miss 1338 "android.bg" 7fbe4bd000 1d7f0
           <...>-1370  [007] ...1  6334.498682: do_swap_page: prefetch miss 1338 "android.anim.lf" 7ecb78e000 16d750
           <...>-1370  [007] ....  6334.498749: do_swap_page: prefetch miss 1338 "android.anim.lf" 7f28ce2000 16d752
           <...>-1369  [007] ....  6334.498832: do_swap_page: prefetch miss 1338 "android.anim" 7f28aa9000 11748
           <...>-6747  [007] ...1  6334.498837: do_swap_page: prefetch miss 6625 "Chrome_ChildIOT" cc9e5000 16d754
           <...>-6747  [007] ....  6334.498869: do_swap_page: prefetch miss 6625 "Chrome_ChildIOT" cc9e3000 16d755
           <...>-6507  [007] ...1  6334.498875: do_swap_page: prefetch miss 6386 "GLThread 444" 7e9e0af000 1697bd
           <...>-6507  [007] ....  6334.499056: do_swap_page: prefetch miss 6386 "GLThread 444" 7e9b283000 171702
    Binder:909_3-2171  [006] ....  6334.499348: do_swap_page: prefetch miss 909 "Binder:909_3" 215555c000 169737
 ndroid.systemui-1697  [005] ...1  6334.499812: do_swap_page: prefetch miss 1697 "ndroid.systemui" 7f28cac000 16d74e
           <...>-2049  [005] ....  6334.499973: do_swap_page: prefetch miss 1697 "pool-2-thread-1" 7ecf203000 16d751
 ndroid.systemui-1697  [005] ....  6334.499994: do_swap_page: prefetch miss 1697 "ndroid.systemui" 9e321000 15778
           <...>-6067  [001] ...1  6334.501054: do_swap_page: prefetch miss 6067 "roid.smartboard" 7f28ac4000 1617f0
           <...>-2065  [005] ...1  6334.501098: do_swap_page: prefetch miss 913 "Binder:913_3" f7a39000 161702
           <...>-6067  [001] ....  6334.501105: do_swap_page: prefetch miss 6067 "roid.smartboard" 7fbe1d0000 257ce
      android.bg-1373  [003] ...1  6334.501106: do_swap_page: prefetch miss 1338 "android.bg" 7fbe4bd000 1d7f0
           <...>-6747  [004] ...1  6334.501123: do_swap_page: prefetch miss 6625 "Chrome_ChildIOT" cc9e3000 16d755
      android.bg-1373  [003] ....  6334.501125: do_swap_page: prefetch miss 1338 "android.bg" 7fbe4be000 1d7f1
           <...>-6747  [004] ....  6334.501139: do_swap_page: prefetch miss 6625 "Chrome_ChildIOT" e520b000 1557cd
           <...>-1370  [006] ...1  6334.501347: do_swap_page: prefetch miss 1338 "android.anim.lf" 7f28ce2000 16d752
           <...>-1369  [004] ...1  6334.501355: do_swap_page: prefetch miss 1338 "android.anim" 7f28aa9000 11748
           <...>-1370  [006] ....  6334.501366: do_swap_page: prefetch miss 1338 "android.anim.lf" 7f2d735000 16d753
           <...>-1369  [004] ....  6334.501382: do_swap_page: prefetch miss 1338 "android.anim" 7f28ccb000 1174a
           <...>-6507  [007] ...1  6334.502931: do_swap_page: prefetch miss 6386 "GLThread 444" 7e9b283000 171702
           <...>-2049  [005] ...1  6334.502978: do_swap_page: prefetch miss 1697 "pool-2-thread-1" 7ecf203000 16d751
           <...>-2049  [005] ....  6334.502995: do_swap_page: prefetch miss 1697 "pool-2-thread-1" 7ecf204000 19707
 ndroid.systemui-1697  [005] ...1  6334.503003: do_swap_page: prefetch miss 1697 "ndroid.systemui" 9e321000 15778
 ndroid.systemui-1697  [005] ....  6334.503010: do_swap_page: prefetch miss 1697 "ndroid.systemui" 9e258000 1577a
           <...>-29644 [003] ....  6334.503014: do_swap_page: prefetch miss 913 "NPDecoder" f353f000 1576f
    Binder:909_3-2171  [005] ...1  6334.503016: do_swap_page: prefetch miss 909 "Binder:909_3" 215555c000 169737
           <...>-6507  [007] ....  6334.503071: do_swap_page: prefetch miss 6386 "GLThread 444" 7e9bf59000 1617d6
           <...>-6747  [007] ...1  6334.503088: do_swap_page: prefetch miss 6625 "Chrome_ChildIOT" e520b000 1557cd
           <...>-6067  [001] ...1  6334.503097: do_swap_page: prefetch miss 6067 "roid.smartboard" 7fbe1d0000 257ce
      android.bg-1373  [002] ...1  6334.503100: do_swap_page: prefetch miss 1338 "android.bg" 7fbe4be000 1d7f1
           <...>-6747  [007] ....  6334.503104: do_swap_page: prefetch miss 6625 "Chrome_ChildIOT" cc9f2000 16d756
      android.bg-1373  [002] ....  6334.503143: do_swap_page: prefetch miss 1338 "android.bg" 7fbe4bf000 1d7f2
           <...>-6067  [000] ....  6334.503193: do_swap_page: prefetch miss 6067 "roid.smartboard" 7f28c43000 1617f4
           <...>-1370  [006] ...1  6334.503376: do_swap_page: prefetch miss 1338 "android.anim.lf" 7f2d735000 16d753
         generic-29641 [005] ....  6334.503400: do_swap_page: prefetch miss 913 "generic" f2ad7000 16972f
           <...>-1369  [004] ...1  6334.503457: do_swap_page: prefetch miss 1338 "android.anim" 7f28ccb000 1174a
           <...>-1369  [004] ....  6334.503469: do_swap_page: prefetch miss 1338 "android.anim" 7f28ccc000 1174b
           <...>-6507  [007] ...1  6334.505222: do_swap_page: prefetch miss 6386 "GLThread 444" 7e9bf59000 1617d6
           <...>-6507  [007] ....  6334.505274: do_swap_page: prefetch miss 6386 "GLThread 444" 7e9e0cd000 171708
           <...>-2049  [006] ...1  6334.505366: do_swap_page: prefetch miss 1697 "pool-2-thread-1" 7ecf204000 19707
           <...>-2049  [006] ....  6334.505387: do_swap_page: prefetch miss 1697 "pool-2-thread-1" 7ecf201000 19708
 ndroid.systemui-1697  [006] ...1  6334.505393: do_swap_page: prefetch miss 1697 "ndroid.systemui" 9e258000 1577a
           <...>-6747  [007] ...1  6334.505581: do_swap_page: prefetch miss 6625 "Chrome_ChildIOT" cc9f2000 16d756
           <...>-6067  [000] ...1  6334.505585: do_swap_page: prefetch miss 6067 "roid.smartboard" 7f28c43000 1617f4
           <...>-6747  [007] ....  6334.505591: do_swap_page: prefetch miss 6625 "Chrome_ChildIOT" e2237000 16d757
           <...>-6067  [000] ....  6334.505649: do_swap_page: prefetch miss 6067 "roid.smartboard" 7f2d268000 257d0
      android.bg-1373  [002] ...1  6334.505834: do_swap_page: prefetch miss 1338 "android.bg" 7fbe4bf000 1d7f2
           <...>-29644 [006] ...1  6334.505854: do_swap_page: prefetch miss 913 "NPDecoder" f353f000 1576f
         generic-29641 [005] ...1  6334.505867: do_swap_page: prefetch miss 913 "generic" f2ad7000 16972f
           <...>-29644 [006] ....  6334.505870: do_swap_page: prefetch miss 913 "NPDecoder" f355f000 15770
           <...>-1369  [004] ...1  6334.505883: do_swap_page: prefetch miss 1338 "android.anim" 7f28ccc000 1174b
           <...>-1369  [004] ....  6334.505903: do_swap_page: prefetch miss 1338 "android.anim" 7f28ccd000 1174c
      android.bg-1373  [002] ....  6334.506103: do_swap_page: prefetch miss 1338 "android.bg" 7fbe4c0000 1d7f3
           <...>-1370  [000] ....  6334.506399: do_swap_page: prefetch miss 1338 "android.anim.lf" 9e0bd000 297c6
           <...>-6507  [007] ...1  6334.507306: do_swap_page: prefetch miss 6386 "GLThread 444" 7e9e0cd000 171708
