 send_target_man-200   [002] ...1  5488.375687: send_zram_to_nbd: target sent: 6386 7e7d20f000 159777
 send_target_man-200   [002] ...1  5488.378196: send_zram_to_nbd: target sent: 6386 7e7d223000 159778
 send_target_man-200   [002] ...1  5488.380837: send_zram_to_nbd: target sent: 6386 7f233cc000 159779
 send_target_man-200   [002] ...1  5488.387576: send_zram_to_nbd: target sent: 6386 7e7d20e000 15977a
 send_target_man-200   [002] ...1  5488.390594: send_zram_to_nbd: target sent: 6386 7e9e38a000 15977b
 send_target_man-200   [002] ...1  5488.393147: send_zram_to_nbd: target sent: 6386 7e7d20d000 15977c
 send_target_man-200   [002] ...1  5488.395977: send_zram_to_nbd: target sent: 6386 7eaf01d000 15977d
 send_target_man-200   [002] ...1  5488.398644: send_zram_to_nbd: target sent: 6386 7e9ea98000 15977e
 send_target_man-200   [002] ...1  5488.401237: send_zram_to_nbd: target sent: 6386 7e9e533000 15977f
 send_target_man-200   [002] ...1  5488.403764: send_zram_to_nbd: target sent: 6386 7eab931000 159780
 send_target_man-200   [002] ...1  5488.406387: send_zram_to_nbd: target sent: 6386 7e9e188000 159781
 send_target_man-200   [002] ...1  5488.408859: send_zram_to_nbd: target sent: 6386 7ee40d1000 159782
 send_target_man-200   [002] ...1  5488.411766: send_zram_to_nbd: target sent: 6386 7ee40d5000 159783
 send_target_man-200   [002] ...1  5488.414417: send_zram_to_nbd: target sent: 6386 7f28fd6000 159784
 send_target_man-200   [002] ...1  5488.417190: send_zram_to_nbd: target sent: 6386 7e9bf72000 159785
 send_target_man-200   [002] ...1  5488.420038: send_zram_to_nbd: target sent: 6386 7ebf1a1000 159786
 send_target_man-200   [002] ...1  5488.422940: send_zram_to_nbd: target sent: 6386 7ec07cf000 159787
 send_target_man-200   [002] ...1  5488.425586: send_zram_to_nbd: target sent: 6386 7ece1cf000 159788
 send_target_man-200   [002] ...1  5488.428238: send_zram_to_nbd: target sent: 6386 7f2d647000 159789
 send_target_man-200   [001] ...1  5488.433019: send_zram_to_nbd: target sent: 6386 7e8b262000 15978a
 send_target_man-200   [001] ...1  5488.435564: send_zram_to_nbd: target sent: 6386 9e07b000 557c6
 send_target_man-200   [001] ...1  5488.438312: send_zram_to_nbd: target sent: 6386 7f28fc7000 557c7
 send_target_man-200   [001] ...1  5488.440916: send_zram_to_nbd: target sent: 6386 7f28fbc000 557c8
 send_target_man-200   [001] ...1  5488.443445: send_zram_to_nbd: target sent: 9856 7f233c9000 557c9
 send_target_man-200   [001] ...1  5488.446300: send_zram_to_nbd: target sent: 9856 7ed3575000 557ca
 send_target_man-200   [001] ...1  5488.449040: send_zram_to_nbd: target sent: 9856 7ed352b000 557cb
 send_target_man-200   [001] ...1  5488.451526: send_zram_to_nbd: target sent: 9856 7f21428000 557cc
 send_target_man-200   [001] ...1  5488.454135: send_zram_to_nbd: target sent: 9856 7f21429000 557cd
 send_target_man-200   [003] ...1  5488.456688: send_zram_to_nbd: target sent: 9856 7f21427000 557ce
 send_target_man-200   [002] ...1  5488.459364: send_zram_to_nbd: target sent: 9856 7ed35cc000 1557c0
 send_target_man-200   [002] ...1  5488.461873: send_zram_to_nbd: target sent: 9856 7f30959000 15978b
 send_target_man-200   [002] ...1  5488.464955: send_zram_to_nbd: target sent: 9856 7ed35d7000 15978c
 send_target_man-200   [002] ...1  5488.467615: send_zram_to_nbd: target sent: 6386 7ebf2c5000 15978d
 send_target_man-200   [002] ...1  5488.470075: send_zram_to_nbd: target sent: 6386 7f2d646000 15978e
 send_target_man-200   [002] ...1  5488.472619: send_zram_to_nbd: target sent: 6386 7f2d697000 15978f
 send_target_man-200   [002] ...1  5488.475095: send_zram_to_nbd: target sent: 9856 7ed3542000 159790
 send_target_man-200   [002] ...1  5488.477741: send_zram_to_nbd: target sent: 9856 7f2142a000 159791
 send_target_man-200   [002] ...1  5488.480315: send_zram_to_nbd: target sent: 9856 7ed3574000 159792
 send_target_man-200   [002] ...1  5488.482950: send_zram_to_nbd: target sent: 2057 7ecc971000 159793
 send_target_man-200   [002] ...1  5488.488353: send_zram_to_nbd: target sent: 6067 7ecd1da000 159794
 send_target_man-200   [002] ...1  5488.491320: send_zram_to_nbd: target sent: 6386 7e9e804000 159795
 send_target_man-200   [002] ...1  5488.494150: send_zram_to_nbd: target sent: 2057 7fbe179000 159796
 send_target_man-200   [002] ...1  5488.496758: send_zram_to_nbd: target sent: 6386 7e9e073000 159797
 send_target_man-200   [002] ...1  5488.499368: send_zram_to_nbd: target sent: 6386 7e9e045000 159798
 send_target_man-200   [002] ...1  5488.501902: send_zram_to_nbd: target sent: 6386 7eaf8fb000 159799
 send_target_man-200   [002] ...1  5488.504464: send_zram_to_nbd: target sent: 6386 7e9dfe8000 15979a
 send_target_man-200   [002] ...1  5488.506942: send_zram_to_nbd: target sent: 6386 7e9dfe9000 15979b
 send_target_man-200   [002] ...1  5488.509890: send_zram_to_nbd: target sent: 6386 7e9b38c000 15979c
 send_target_man-200   [002] ...1  5488.513387: send_zram_to_nbd: target sent: 6386 7e9b38d000 15979d
 send_target_man-200   [002] ...1  5488.516150: send_zram_to_nbd: target sent: 6386 7e9b6d6000 15979e
 send_target_man-200   [002] ...1  5488.518626: send_zram_to_nbd: target sent: 6386 7ed02a0000 15979f
 send_target_man-200   [001] .n.1  5488.522714: send_zram_to_nbd: target sent: 6386 7e69d49000 1597a0
 send_target_man-200   [001] ...1  5488.525475: send_zram_to_nbd: target sent: 6386 7e9e944000 557cf
 send_target_man-200   [001] ...1  5488.528222: send_zram_to_nbd: target sent: 6386 7ea3cb9000 557d0
 send_target_man-200   [001] ...1  5488.530777: send_zram_to_nbd: target sent: 6386 7e69cab000 557d1
 send_target_man-200   [001] ...1  5488.535301: send_zram_to_nbd: target sent: 6386 7f28f90000 557d2
 send_target_man-200   [001] ...1  5488.538150: send_zram_to_nbd: target sent: 6625 e21fd000 557d3
 send_target_man-200   [002] ...1  5488.541501: send_zram_to_nbd: target sent: 6625 cc658000 557d4
 send_target_man-200   [002] ...1  5488.544005: send_zram_to_nbd: target sent: 6625 e2213000 1597a1
 send_target_man-200   [002] ...1  5488.546523: send_zram_to_nbd: target sent: 6625 e224c000 1597a2
 send_target_man-200   [002] ...1  5488.549251: send_zram_to_nbd: target sent: 6625 e213e000 1597a3
 send_target_man-200   [002] ...1  5488.551797: send_zram_to_nbd: target sent: 6625 d722e000 1597a4
 send_target_man-200   [002] ...1  5488.554409: send_zram_to_nbd: target sent: 6625 d6e2e000 1597a5
 send_target_man-200   [002] ...1  5488.556961: send_zram_to_nbd: target sent: 6625 e2242000 1597a6
 send_target_man-200   [002] ...1  5488.559575: send_zram_to_nbd: target sent: 6625 f7a2d000 1597a7
 send_target_man-200   [002] ...1  5488.562211: send_zram_to_nbd: target sent: 6625 cc657000 1597a8
 send_target_man-200   [002] ...1  5488.565919: send_zram_to_nbd: target sent: 6625 e20f7000 1597a9
 send_target_man-200   [002] ...1  5488.568473: send_zram_to_nbd: target sent: 6625 e2254000 1597aa
 send_target_man-200   [002] ...1  5488.570861: send_zram_to_nbd: target sent: 6625 d6e1d000 1597ab
 send_target_man-200   [002] ...1  5488.574354: send_zram_to_nbd: target sent: 6625 e21ec000 1597ac
 send_target_man-200   [002] ...1  5488.576874: send_zram_to_nbd: target sent: 6625 e21c2000 1597ad
 send_target_man-200   [002] ...1  5488.579649: send_zram_to_nbd: target sent: 6625 e2218000 1597ae
 send_target_man-200   [002] ...1  5488.582874: send_zram_to_nbd: target sent: 6625 e218b000 1597af
 send_target_man-200   [002] ...1  5488.585881: send_zram_to_nbd: target sent: 6625 cca7f000 1597b0
 send_target_man-200   [002] ...1  5488.591039: send_zram_to_nbd: target sent: 6625 cc9ed000 1597b1
 send_target_man-200   [002] ...1  5488.593521: send_zram_to_nbd: target sent: 6625 e2208000 1597b2
 send_target_man-200   [003] ...1  5488.596330: send_zram_to_nbd: target sent: 6625 e2253000 1597b3
 send_target_man-200   [003] ...1  5488.598883: send_zram_to_nbd: target sent: 6625 f0e01000 1557c1
 send_target_man-200   [003] ...1  5488.601699: send_zram_to_nbd: target sent: 6625 e2243000 1557c2
 send_target_man-200   [003] ...1  5488.604565: send_zram_to_nbd: target sent: 6625 cc9ee000 1557c3
 send_target_man-200   [003] ...1  5488.607085: send_zram_to_nbd: target sent: 6625 cc9f3000 1557c4
 send_target_man-200   [003] ...1  5488.609595: send_zram_to_nbd: target sent: 6625 cc9ea000 1557c5
 send_target_man-200   [003] ...1  5488.612086: send_zram_to_nbd: target sent: 6625 e2190000 1557c6
 send_target_man-200   [003] ...1  5488.614714: send_zram_to_nbd: target sent: 6625 f7a8b000 1557c7
 send_target_man-200   [003] ...1  5488.617645: send_zram_to_nbd: target sent: 6625 f0df7000 1557c8
 send_target_man-200   [003] ...1  5488.620189: send_zram_to_nbd: target sent: 6625 f7ac6000 1557c9
 send_target_man-200   [003] ...1  5488.622849: send_zram_to_nbd: target sent: 6625 ccac7000 1557ca
 send_target_man-200   [003] ...1  5488.625294: send_zram_to_nbd: target sent: 6625 f7b29000 1557cb
 send_target_man-200   [003] ...1  5488.628706: send_zram_to_nbd: target sent: 6625 cc9e3000 1557cc
 send_target_man-200   [003] ...1  5488.631459: send_zram_to_nbd: target sent: 6625 e520b000 1557cd
 send_target_man-200   [003] ...1  5488.634098: send_zram_to_nbd: target sent: 1338 7fbbff5000 1557ce
 send_target_man-200   [000] ...1  5488.639361: send_zram_to_nbd: target sent: 6386 7e8b261000 1557cf
 send_target_man-200   [001] ...1  5488.641995: send_zram_to_nbd: target sent: 6067 7f350f4000 15d703
 send_target_man-200   [001] ...1  5488.644886: send_zram_to_nbd: target sent: 1338 7f28ce1000 557d5
 send_target_man-200   [001] ...1  5488.647481: send_zram_to_nbd: target sent: 6067 7fbe22e000 557d6
 send_target_man-200   [001] ...1  5488.650074: send_zram_to_nbd: target sent: 1338 7e87a9a000 557d7
 send_target_man-200   [000] ...1  5488.653005: send_zram_to_nbd: target sent: 6067 7fffffd000 557d8
 send_target_man-200   [000] ...1  5488.655697: send_zram_to_nbd: target sent: 6067 7fbe162000 15d704
 send_target_man-200   [000] ...1  5488.658661: send_zram_to_nbd: target sent: 1338 7e87a9b000 15d705
 send_target_man-200   [000] ...1  5488.661279: send_zram_to_nbd: target sent: 6067 7fbe2f1000 15d706
 send_target_man-200   [000] ...1  5488.663764: send_zram_to_nbd: target sent: 1338 7e87a9c000 15d707
 send_target_man-200   [000] ...1  5488.666347: send_zram_to_nbd: target sent: 6067 7fbe1a2000 15d708
 send_target_man-200   [000] ...1  5488.669473: send_zram_to_nbd: target sent: 6067 7f2d791000 15d709
 send_target_man-200   [000] ...1  5488.671989: send_zram_to_nbd: target sent: 1338 7e87a9d000 15d70a
 send_target_man-200   [000] ...1  5488.674655: send_zram_to_nbd: target sent: 6067 7fbe1a3000 15d70b
 send_target_man-200   [000] ...1  5488.677069: send_zram_to_nbd: target sent: 1338 7e87a9e000 15d70c
 send_target_man-200   [000] ...1  5488.679767: send_zram_to_nbd: target sent: 6067 7fbe2f3000 15d70d
 send_target_man-200   [000] ...1  5488.682969: send_zram_to_nbd: target sent: 6067 7fbe25a000 15d70e
 send_target_man-200   [000] ...1  5488.685465: send_zram_to_nbd: target sent: 1338 7e87a9f000 15d70f
 send_target_man-200   [000] ...1  5488.688377: send_zram_to_nbd: target sent: 6067 7f2d629000 15d710
 send_target_man-200   [002] ...1  5488.693322: send_zram_to_nbd: target sent: 6067 1303f000 15d711
 send_target_man-200   [003] ...1  5488.696874: send_zram_to_nbd: target sent: 1338 7e87aa0000 1597b4
 send_target_man-200   [000] ...1  5488.704391: send_zram_to_nbd: target sent: 1338 7e87aa1000 1557d0
 send_target_man-200   [002] ...1  5488.707299: send_zram_to_nbd: target sent: 6067 7f350f3000 15d712
 send_target_man-200   [002] ...1  5488.711626: send_zram_to_nbd: target sent: 1338 7e87aa2000 1597b5
 send_target_man-200   [002] ...1  5488.713632: send_zram_to_nbd: target sent: 6067 12fd1000 1597b6
 send_target_man-200   [002] ...1  5488.716045: send_zram_to_nbd: target sent: 1338 7e6a1ab000 1597b7
 send_target_man-200   [002] ...1  5488.720353: send_zram_to_nbd: target sent: 6067 7fbdddc000 1597b8
 send_target_man-200   [002] ...1  5488.723512: send_zram_to_nbd: target sent: 6067 7f34f80000 1597b9
 send_target_man-200   [003] ...1  5488.726000: send_zram_to_nbd: target sent: 1338 7e6a1ac000 1597ba
 send_target_man-200   [003] ...1  5488.728092: send_zram_to_nbd: target sent: 1338 7e6a1ad000 1557d1
 send_target_man-200   [003] ...1  5488.730221: send_zram_to_nbd: target sent: 1338 7e6a1ae000 1557d2
 send_target_man-200   [003] ...1  5488.732560: send_zram_to_nbd: target sent: 6067 7fbbe6f000 1557d3
 send_target_man-200   [003] ...1  5488.734482: send_zram_to_nbd: target sent: 1338 7e6a1af000 1557d4
 send_target_man-200   [003] ...1  5488.737665: send_zram_to_nbd: target sent: 1338 7e6a1b0000 1557d5
 send_target_man-200   [003] ...1  5488.739978: send_zram_to_nbd: target sent: 6067 12fde000 1557d6
 send_target_man-200   [003] ...1  5488.741978: send_zram_to_nbd: target sent: 6067 7ecd278000 1557d7
 send_target_man-200   [003] ...1  5488.743859: send_zram_to_nbd: target sent: 1338 7e6a1b1000 1557d8
 send_target_man-200   [003] ...1  5488.745836: send_zram_to_nbd: target sent: 6067 7fbbe6b000 1557d9
 send_target_man-200   [003] ...1  5488.747854: send_zram_to_nbd: target sent: 1338 7e6a1b2000 1557da
 send_target_man-200   [003] ...1  5488.749937: send_zram_to_nbd: target sent: 6067 12fc3000 1557db
 send_target_man-200   [000] ...1  5488.752676: send_zram_to_nbd: target sent: 6067 7f28c45000 1557dc
 send_target_man-200   [000] ...1  5488.754701: send_zram_to_nbd: target sent: 1338 7e6a1b3000 15d713
 send_target_man-200   [001] ...1  5488.756737: send_zram_to_nbd: target sent: 6386 7eb00e3000 15d714
 send_target_man-200   [003] ...1  5488.758711: send_zram_to_nbd: target sent: 1338 7e5da4e000 557d9
 send_target_man-200   [000] ...1  5488.761142: send_zram_to_nbd: target sent: 1338 7eb4de8000 1557dd
 send_target_man-200   [000] ...1  5488.763734: send_zram_to_nbd: target sent: 6067 12ffe000 15d715
 send_target_man-200   [001] ...1  5488.766085: send_zram_to_nbd: target sent: 6067 7fbe15d000 15d716
 send_target_man-200   [003] ...1  5488.768111: send_zram_to_nbd: target sent: 6067 7fbe15c000 557da
 send_target_man-200   [001] ...1  5488.770178: send_zram_to_nbd: target sent: 6067 7fbe293000 1557de
 send_target_man-200   [001] ...1  5488.772408: send_zram_to_nbd: target sent: 6067 7f2d6b8000 557db
 send_target_man-200   [001] ...1  5488.774728: send_zram_to_nbd: target sent: 6067 7fffffc000 557dc
 send_target_man-200   [001] ...1  5488.776766: send_zram_to_nbd: target sent: 6067 7fbe1c5000 557dd
 send_target_man-200   [000] ...1  5488.779161: send_zram_to_nbd: target sent: 6386 7eafed2000 557de
 send_target_man-200   [000] ...1  5488.781344: send_zram_to_nbd: target sent: 6067 7ecd07c000 15d717
 send_target_man-200   [000] ...1  5488.783593: send_zram_to_nbd: target sent: 1338 7f28b18000 15d718
 send_target_man-200   [000] ...1  5488.785597: send_zram_to_nbd: target sent: 6067 7f28ac4000 15d719
 send_target_man-200   [000] ...1  5488.788336: send_zram_to_nbd: target sent: 1338 7ed0f95000 15d71a
 send_target_man-200   [000] ...1  5488.790932: send_zram_to_nbd: target sent: 6625 cca88000 15d71b
 send_target_man-200   [000] ...1  5488.795197: send_zram_to_nbd: target sent: 1697 9e1d5000 15d71c
 send_target_man-200   [002] ...1  5488.797315: send_zram_to_nbd: target sent: 1338 7f28c68000 15d71d
 send_target_man-200   [002] ...1  5488.799563: send_zram_to_nbd: target sent: 1338 7ecb790000 1597bb
 send_target_man-200   [002] ...1  5488.802003: send_zram_to_nbd: target sent: 6067 7f28c43000 1597bc
 send_target_man-200   [002] ...1  5488.804073: send_zram_to_nbd: target sent: 1697 7f28cac000 1597bd
 send_target_man-200   [002] ...1  5488.806134: send_zram_to_nbd: target sent: 1338 7ecb78e000 1597be
 send_target_man-200   [002] ...1  5488.808269: send_zram_to_nbd: target sent: 6386 9e0d5000 1597bf
 send_target_man-200   [002] ...1  5488.810301: send_zram_to_nbd: target sent: 6386 7f28c6d000 1597c0
 send_target_man-200   [003] ...1  5488.812465: send_zram_to_nbd: target sent: 6386 7f28c6e000 1597c1
 send_target_man-200   [003] ...1  5488.814524: send_zram_to_nbd: target sent: 6386 7e9e115000 1557df
 send_target_man-200   [003] ...1  5488.816813: send_zram_to_nbd: target sent: 6386 7ed06a9000 1557e0
 send_target_man-200   [003] ...1  5488.818928: send_zram_to_nbd: target sent: 6386 7ed06aa000 1557e1
 send_target_man-200   [003] ...1  5488.821504: send_zram_to_nbd: target sent: 6386 7ed06a8000 1557e2
 send_target_man-200   [003] ...1  5488.823669: send_zram_to_nbd: target sent: 1697 7ecf203000 1557e3
 send_target_man-200   [000] ...1  5488.826108: send_zram_to_nbd: target sent: 1338 7fbe1c6000 1557e4
 send_target_man-200   [000] ...1  5488.828430: send_zram_to_nbd: target sent: 1338 7f28ce2000 15d71e
 send_target_man-200   [000] ...1  5488.830512: send_zram_to_nbd: target sent: 1697 7ed1223000 15d71f
 send_target_man-200   [000] ...1  5488.832589: send_zram_to_nbd: target sent: 1697 7ed12bc000 15d720
 send_target_man-200   [000] ...1  5488.834595: send_zram_to_nbd: target sent: 1697 7ed12ac000 15d721
 send_target_man-200   [002] ...1  5488.836732: send_zram_to_nbd: target sent: 1338 7f2d745000 15d722
 send_target_man-200   [002] ...1  5488.838768: send_zram_to_nbd: target sent: 1338 7f2d746000 1597c2
 send_target_man-200   [002] ...1  5488.842774: send_zram_to_nbd: target sent: 1338 7eb4dae000 1597c3
 send_target_man-200   [002] ...1  5488.844821: send_zram_to_nbd: target sent: 1697 7f28ce0000 1597c4
 send_target_man-200   [002] ...1  5488.847077: send_zram_to_nbd: target sent: 1338 7ed0fad000 1597c5
 send_target_man-200   [002] ...1  5488.849192: send_zram_to_nbd: target sent: 1338 7e6ecbc000 1597c6
 send_target_man-200   [002] ...1  5488.851346: send_zram_to_nbd: target sent: 1338 7eb425d000 1597c7
 send_target_man-200   [002] ...1  5488.853369: send_zram_to_nbd: target sent: 1338 7e6eccd000 1597c8
 send_target_man-200   [002] ...1  5488.855514: send_zram_to_nbd: target sent: 1338 7ed0dee000 1597c9
 ActivityManager-1374  [002] ....  5489.170625: do_swap_page: prefetch miss 1338 "ActivityManager" 7f2d745000 15d722
 ActivityManager-1374  [002] ...1  5489.186206: do_swap_page: prefetch miss 1338 "ActivityManager" 7f2d745000 15d722
 GoogleApiHandle-9965  [001] ....  5489.191814: do_swap_page: prefetch miss 9856 "GoogleApiHandle" 7f2142a000 159791
 GoogleApiHandle-9965  [001] ...1  5489.194186: do_swap_page: prefetch miss 9856 "GoogleApiHandle" 7f2142a000 159791
           <...>-10189 [001] ....  5489.216181: do_swap_page: prefetch miss 9856 "Binder:9856_5" 7f233c9000 557c9
 GoogleApiHandle-9965  [001] ....  5489.216917: do_swap_page: prefetch miss 9856 "GoogleApiHandle" 7f2d63e000 45778
           <...>-10189 [001] ...1  5489.218223: do_swap_page: prefetch miss 9856 "Binder:9856_5" 7f233c9000 557c9
           <...>-10189 [001] ...1  5489.219584: do_swap_page: prefetch miss 9856 "Binder:9856_5" 7f2d63e000 45778
           <...>-10189 [001] ....  5489.223906: do_swap_page: prefetch miss 9856 "Binder:9856_5" 7ed3542000 159790
           <...>-10189 [001] ...1  5489.229002: do_swap_page: prefetch miss 9856 "Binder:9856_5" 7ed3542000 159790
           <...>-10189 [001] ....  5489.232793: do_swap_page: prefetch miss 9856 "Binder:9856_5" 7f21428000 557cc
           <...>-10189 [000] ...1  5489.234873: do_swap_page: prefetch miss 9856 "Binder:9856_5" 7f21428000 557cc
 HwBinder:1338_1-1381  [002] ....  5507.097900: do_swap_page: prefetch miss 1338 "HwBinder:1338_1" 7fbe240000 39746
 HwBinder:1338_1-1381  [001] ...1  5507.109636: do_swap_page: prefetch miss 1338 "HwBinder:1338_1" 7fbe240000 39746
           <...>-562   [002] ....  5507.113371: do_swap_page: prefetch miss 562 "hwservicemanage" 7fbd7ac000 9745
           <...>-870   [002] ....  5507.113835: do_swap_page: prefetch miss 870 "logcatd" 7fbd86c000 49791
           <...>-562   [002] ...1  5507.116493: do_swap_page: prefetch miss 562 "hwservicemanage" 7fbd7ac000 9745
           <...>-562   [002] ....  5507.117550: do_swap_page: prefetch miss 562 "hwservicemanage" 7fbe0bb000 9747
           <...>-870   [002] ...1  5507.117698: do_swap_page: prefetch miss 870 "logcatd" 7fbd86c000 49791
           <...>-562   [001] ...1  5507.123330: do_swap_page: prefetch miss 562 "hwservicemanage" 7fbe0bb000 9747
           <...>-562   [000] ....  5507.123845: do_swap_page: prefetch miss 562 "hwservicemanage" 7fbd20d000 5705
           <...>-562   [003] ...1  5507.126996: do_swap_page: prefetch miss 562 "hwservicemanage" 7fbd20d000 5705
           <...>-562   [003] ....  5507.127386: do_swap_page: prefetch miss 562 "hwservicemanage" 7fbd20e000 5706
           <...>-562   [003] ...1  5507.130370: do_swap_page: prefetch miss 562 "hwservicemanage" 7fbd20e000 5706
           <...>-562   [000] ....  5507.130629: do_swap_page: prefetch miss 562 "hwservicemanage" 7fbd211000 5707
           <...>-562   [002] ...1  5507.133663: do_swap_page: prefetch miss 562 "hwservicemanage" 7fbd211000 5707
           <...>-562   [002] ....  5507.134323: do_swap_page: prefetch miss 562 "hwservicemanage" 7fbd406000 570a
           <...>-562   [002] ...1  5507.136938: do_swap_page: prefetch miss 562 "hwservicemanage" 7fbd406000 570a
           <...>-562   [002] ....  5507.137802: do_swap_page: prefetch miss 562 "hwservicemanage" 7fbde79000 570c
           <...>-562   [002] ...1  5507.140682: do_swap_page: prefetch miss 562 "hwservicemanage" 7fbde79000 570c
           <...>-562   [002] ....  5507.142444: do_swap_page: prefetch miss 562 "hwservicemanage" 7fbd20f000 1716
           <...>-562   [001] ...1  5507.145027: do_swap_page: prefetch miss 562 "hwservicemanage" 7fbd20f000 1716
           <...>-562   [001] ....  5507.147527: do_swap_page: prefetch miss 562 "hwservicemanage" 7fbdb2b000 974b
           <...>-562   [001] ...1  5507.153329: do_swap_page: prefetch miss 562 "hwservicemanage" 7fbdb2b000 974b
           <...>-562   [001] ....  5507.154006: do_swap_page: prefetch miss 562 "hwservicemanage" 7fbd249000 974e
           <...>-562   [001] ...1  5507.156995: do_swap_page: prefetch miss 562 "hwservicemanage" 7fbd249000 974e
           <...>-562   [001] ....  5507.157452: do_swap_page: prefetch miss 562 "hwservicemanage" 7fbd207000 974f
           <...>-562   [001] ...1  5507.160036: do_swap_page: prefetch miss 562 "hwservicemanage" 7fbd207000 974f
           <...>-562   [002] .n..  5507.160681: do_swap_page: prefetch miss 562 "hwservicemanage" 7fbdb66000 9752
           <...>-562   [002] ...1  5507.164002: do_swap_page: prefetch miss 562 "hwservicemanage" 7fbdb66000 9752
           <...>-562   [002] ....  5507.164358: do_swap_page: prefetch miss 562 "hwservicemanage" 7fbd258000 9753
           <...>-562   [000] ...1  5507.166962: do_swap_page: prefetch miss 562 "hwservicemanage" 7fbd258000 9753
           <...>-562   [000] ....  5507.168154: do_swap_page: prefetch miss 562 "hwservicemanage" 7fbd287000 9759
           <...>-562   [000] ...1  5507.173164: do_swap_page: prefetch miss 562 "hwservicemanage" 7fbd287000 9759
           <...>-562   [000] ....  5507.173508: do_swap_page: prefetch miss 562 "hwservicemanage" 7fbd23b000 570e
           <...>-562   [000] ...1  5507.176775: do_swap_page: prefetch miss 562 "hwservicemanage" 7fbd23b000 570e
           <...>-562   [000] ....  5507.177051: do_swap_page: prefetch miss 562 "hwservicemanage" 7fbd23d000 d705
           <...>-562   [000] ...1  5507.179879: do_swap_page: prefetch miss 562 "hwservicemanage" 7fbd23d000 d705
           <...>-562   [000] ....  5507.180134: do_swap_page: prefetch miss 562 "hwservicemanage" 7fbd23c000 d706
           <...>-562   [000] ...1  5507.182760: do_swap_page: prefetch miss 562 "hwservicemanage" 7fbd23c000 d706
           <...>-562   [000] ....  5507.183036: do_swap_page: prefetch miss 562 "hwservicemanage" 7fbd23f000 d707
           <...>-562   [000] ...1  5507.186593: do_swap_page: prefetch miss 562 "hwservicemanage" 7fbd23f000 d707
           <...>-562   [000] ....  5507.186866: do_swap_page: prefetch miss 562 "hwservicemanage" 7fbd23e000 d708
           <...>-562   [003] ...1  5507.189646: do_swap_page: prefetch miss 562 "hwservicemanage" 7fbd23e000 d708
           <...>-562   [003] ....  5507.190931: do_swap_page: prefetch miss 562 "hwservicemanage" 7fbd285000 d70c
           <...>-562   [003] ...1  5507.193507: do_swap_page: prefetch miss 562 "hwservicemanage" 7fbd285000 d70c
           <...>-562   [003] ....  5507.193775: do_swap_page: prefetch miss 562 "hwservicemanage" 7fbd286000 d70d
           <...>-562   [003] ...1  5507.196326: do_swap_page: prefetch miss 562 "hwservicemanage" 7fbd286000 d70d
           <...>-562   [003] ....  5507.196608: do_swap_page: prefetch miss 562 "hwservicemanage" 7fbd246000 d70e
           <...>-562   [003] ...1  5507.199739: do_swap_page: prefetch miss 562 "hwservicemanage" 7fbd246000 d70e
           <...>-562   [003] ....  5507.200033: do_swap_page: prefetch miss 562 "hwservicemanage" 7fbd268000 d70f
           <...>-562   [003] ...1  5507.202855: do_swap_page: prefetch miss 562 "hwservicemanage" 7fbd268000 d70f
           <...>-562   [003] ....  5507.203235: do_swap_page: prefetch miss 562 "hwservicemanage" 7fbd27c000 d711
           <...>-562   [003] ...1  5507.206183: do_swap_page: prefetch miss 562 "hwservicemanage" 7fbd27c000 d711
     logd.writer-576   [001] ....  5507.211508: do_swap_page: prefetch miss 560 "logd.writer" 7fbd6ae000 417c0
     logd.writer-576   [002] ...1  5507.214379: do_swap_page: prefetch miss 560 "logd.writer" 7fbd6ae000 417c0
     logd.writer-576   [002] ....  5507.214647: do_swap_page: prefetch miss 560 "logd.writer" 7fbd6aa000 417c1
     logd.writer-576   [002] ...1  5507.217185: do_swap_page: prefetch miss 560 "logd.writer" 7fbd6aa000 417c1
   Binder:1338_A-2168  [006] ....  5543.780404: do_swap_page: prefetch miss 1338 "Binder:1338_A" 7fbe1c6000 1557e4
   Binder:1338_A-2168  [000] ...1  5543.794523: do_swap_page: prefetch miss 1338 "Binder:1338_A" 7fbe1c6000 1557e4
           <...>-2492  [005] ....  5543.847069: do_swap_page: prefetch miss 2057 "RenderThread" 7ecc971000 159793
           <...>-2492  [005] ...1  5543.850705: do_swap_page: prefetch miss 2057 "RenderThread" 7ecc971000 159793
           <...>-26847 [007] ....  5548.684963: app_switch_start_handler: ###########switch start! foreground 10128#############
    GLThread 444-6441  [004] ....  5548.722557: do_swap_page: prefetch miss 6386 "GLThread 444" 7f28c92000 159759
    GLThread 444-6441  [004] ...1  5548.737289: do_swap_page: prefetch miss 6386 "GLThread 444" 7f28c92000 159759
           <...>-26854 [007] ....  5548.737661: do_swap_page: prefetch miss 6386 "AudioTrack" 7fbe30a000 1557bd
    GLThread 444-6441  [006] ....  5548.738059: do_swap_page: prefetch miss 6386 "GLThread 444" 7f28c9b000 155716
           <...>-26854 [007] ...1  5548.740004: do_swap_page: prefetch miss 6386 "AudioTrack" 7fbe30a000 1557bd
    GLThread 444-6441  [006] ...1  5548.740057: do_swap_page: prefetch miss 6386 "GLThread 444" 7f28c9b000 155716
    GLThread 444-6441  [004] ....  5548.740173: do_swap_page: prefetch miss 6386 "GLThread 444" 7ea437a000 155799
    GLThread 444-6441  [004] ...1  5548.742036: do_swap_page: prefetch miss 6386 "GLThread 444" 7ea437a000 155799
    GLThread 444-6441  [004] ....  5548.742078: do_swap_page: prefetch miss 6386 "GLThread 444" 7ea437b000 15579a
    GLThread 444-6441  [004] ...1  5548.745567: do_swap_page: prefetch miss 6386 "GLThread 444" 7ea437b000 15579a
    GLThread 444-6441  [006] ....  5548.747725: do_swap_page: prefetch miss 6386 "GLThread 444" 7e9e911000 55755
    GLThread 444-6441  [006] ...1  5548.749542: do_swap_page: prefetch miss 6386 "GLThread 444" 7e9e911000 55755
    GLThread 444-6441  [003] ....  5548.753553: do_swap_page: prefetch miss 6386 "GLThread 444" 7eab943000 159748
    GLThread 444-6441  [000] ...1  5548.755452: do_swap_page: prefetch miss 6386 "GLThread 444" 7eab943000 159748
    GLThread 444-6441  [005] ....  5548.758307: do_swap_page: prefetch miss 6386 "GLThread 444" 7eaff2d000 159754
    GLThread 444-6441  [005] ...1  5548.760255: do_swap_page: prefetch miss 6386 "GLThread 444" 7eaff2d000 159754
    GLThread 444-6441  [005] ....  5548.760313: do_swap_page: prefetch miss 6386 "GLThread 444" 7e9e114000 15970e
    GLThread 444-6441  [005] ...1  5548.762386: do_swap_page: prefetch miss 6386 "GLThread 444" 7e9e114000 15970e
    GLThread 444-6441  [006] ....  5548.764778: do_swap_page: prefetch miss 6386 "GLThread 444" 7eaf0b8000 159745
    GLThread 444-6441  [006] ...1  5548.766808: do_swap_page: prefetch miss 6386 "GLThread 444" 7eaf0b8000 159745
    GLThread 444-6441  [006] ....  5548.766852: do_swap_page: prefetch miss 6386 "GLThread 444" 7e9e47a000 55758
    GLThread 444-6441  [006] ...1  5548.768732: do_swap_page: prefetch miss 6386 "GLThread 444" 7e9e47a000 55758
    GLThread 444-6441  [006] ....  5548.771083: do_swap_page: prefetch miss 6386 "GLThread 444" 7eaf0b9000 15976c
    GLThread 444-6441  [006] ...1  5548.772801: do_swap_page: prefetch miss 6386 "GLThread 444" 7eaf0b9000 15976c
    GLThread 444-6441  [005] ....  5548.775180: do_swap_page: prefetch miss 6386 "GLThread 444" 7eaf169000 1557bc
    GLThread 444-6441  [005] ...1  5548.777539: do_swap_page: prefetch miss 6386 "GLThread 444" 7eaf169000 1557bc
    GLThread 444-6441  [006] ....  5548.780524: do_swap_page: prefetch miss 6386 "GLThread 444" 7eaf882000 159758
    GLThread 444-6441  [006] ...1  5548.782546: do_swap_page: prefetch miss 6386 "GLThread 444" 7eaf882000 159758
    GLThread 444-6441  [001] ....  5548.793396: do_swap_page: prefetch miss 6386 "GLThread 444" 7e9e08a000 159710
    GLThread 444-6441  [001] ...1  5548.795667: do_swap_page: prefetch miss 6386 "GLThread 444" 7e9e08a000 159710
    GLThread 444-6441  [006] ....  5548.826619: do_swap_page: prefetch miss 6386 "GLThread 444" 7ea4312000 159738
    GLThread 444-6441  [006] ...1  5548.828462: do_swap_page: prefetch miss 6386 "GLThread 444" 7ea4312000 159738
    GLThread 444-6441  [006] ....  5548.837668: do_swap_page: prefetch miss 6386 "GLThread 444" 7eabe57000 155779
    GLThread 444-6441  [006] ...1  5548.839666: do_swap_page: prefetch miss 6386 "GLThread 444" 7eabe57000 155779
    GLThread 444-6441  [006] ....  5548.840126: do_swap_page: prefetch miss 6386 "GLThread 444" 7eafcb5000 1517d3
    GLThread 444-6441  [006] ...1  5548.842000: do_swap_page: prefetch miss 6386 "GLThread 444" 7eafcb5000 1517d3
    GLThread 444-6441  [002] ....  5548.858283: do_swap_page: prefetch miss 6386 "GLThread 444" 7e9dfb4000 1517f8
    GLThread 444-6441  [006] ...1  5548.860333: do_swap_page: prefetch miss 6386 "GLThread 444" 7e9dfb4000 1517f8
  Binder:1338_10-3970  [005] ....  5548.870156: do_swap_page: prefetch miss 1338 "Binder:1338_10" 7f2128c000 3172d
  Binder:1338_10-3970  [005] ...1  5548.871843: do_swap_page: prefetch miss 1338 "Binder:1338_10" 7f2128c000 3172d
           <...>-1941  [003] ....  5548.871984: do_swap_page: prefetch miss 1915 "Binder:1915_1" 12d49000 357ac
           <...>-1452  [005] ....  5548.872038: do_swap_page: prefetch miss 1338 "NetworkWatchlis" 7eb5203000 2d7c6
           <...>-1452  [005] ...1  5548.874124: do_swap_page: prefetch miss 1338 "NetworkWatchlis" 7eb5203000 2d7c6
           <...>-1941  [003] ...1  5548.874150: do_swap_page: prefetch miss 1915 "Binder:1915_1" 12d49000 357ac
           <...>-1941  [003] ....  5548.874308: do_swap_page: prefetch miss 1915 "Binder:1915_1" 7fbbef0000 357ad
           <...>-1941  [003] ...1  5548.876469: do_swap_page: prefetch miss 1915 "Binder:1915_1" 7fbbef0000 357ad
           <...>-1941  [003] ....  5548.876644: do_swap_page: prefetch miss 1915 "Binder:1915_1" 7fbe253000 357ae
        Thread-5-6511  [004] ....  5548.876769: do_swap_page: prefetch miss 6386 "Thread-5" 7ebe980000 3d798
           <...>-1941  [003] ...1  5548.878744: do_swap_page: prefetch miss 1915 "Binder:1915_1" 7fbe253000 357ae
           <...>-1941  [003] ....  5548.878879: do_swap_page: prefetch miss 1915 "Binder:1915_1" 9e068000 357af
        Thread-5-6511  [004] ...1  5548.878880: do_swap_page: prefetch miss 6386 "Thread-5" 7ebe980000 3d798
           <...>-1941  [003] ...1  5548.881038: do_swap_page: prefetch miss 1915 "Binder:1915_1" 9e068000 357af
           <...>-1941  [003] ....  5548.881194: do_swap_page: prefetch miss 1915 "Binder:1915_1" 9e064000 357b0
           <...>-1941  [003] ...1  5548.883250: do_swap_page: prefetch miss 1915 "Binder:1915_1" 9e064000 357b0
           <...>-3368  [000] ....  5548.883603: do_swap_page: prefetch miss 1915 "NetworkMonitor/" 7f29df6000 3d714
    GLThread 444-6441  [006] ....  5548.884119: do_swap_page: prefetch miss 6386 "GLThread 444" 7f28e9d000 3974b
           <...>-3368  [005] ...1  5548.885619: do_swap_page: prefetch miss 1915 "NetworkMonitor/" 7f29df6000 3d714
    GLThread 444-6441  [004] ...1  5548.885661: do_swap_page: prefetch miss 6386 "GLThread 444" 7f28e9d000 3974b
    GLThread 444-6441  [004] ....  5548.885675: do_swap_page: prefetch miss 6386 "GLThread 444" 7e9e79c000 317b6
           <...>-3368  [005] ....  5548.885717: do_swap_page: prefetch miss 1915 "NetworkMonitor/" 7f29df3000 3d717
           <...>-3368  [005] ...1  5548.887789: do_swap_page: prefetch miss 1915 "NetworkMonitor/" 7f29df3000 3d717
    GLThread 444-6441  [004] ...1  5548.887816: do_swap_page: prefetch miss 6386 "GLThread 444" 7e9e79c000 317b6
    GLThread 444-6441  [004] ....  5548.887828: do_swap_page: prefetch miss 6386 "GLThread 444" 7f28ebe000 317b8
           <...>-3368  [005] ....  5548.887857: do_swap_page: prefetch miss 1915 "NetworkMonitor/" 9e062000 3d71a
           <...>-3368  [005] ...1  5548.889749: do_swap_page: prefetch miss 1915 "NetworkMonitor/" 9e062000 3d71a
           <...>-3368  [005] ....  5548.889799: do_swap_page: prefetch miss 1915 "NetworkMonitor/" 9e05e000 3d71b
    GLThread 444-6441  [004] ...1  5548.889803: do_swap_page: prefetch miss 6386 "GLThread 444" 7f28ebe000 317b8
    GLThread 444-6441  [004] ....  5548.889858: do_swap_page: prefetch miss 6386 "GLThread 444" 7e9e125000 317b9
           <...>-3368  [005] ...1  5548.891805: do_swap_page: prefetch miss 1915 "NetworkMonitor/" 9e05e000 3d71b
           <...>-3368  [005] ....  5548.891852: do_swap_page: prefetch miss 1915 "NetworkMonitor/" 12e00000 3d71c
    GLThread 444-6441  [004] ...1  5548.891853: do_swap_page: prefetch miss 6386 "GLThread 444" 7e9e125000 317b9
    GLThread 444-6441  [004] ....  5548.891883: do_swap_page: prefetch miss 6386 "GLThread 444" 7ea47da000 317ba
           <...>-3368  [005] ...1  5548.893852: do_swap_page: prefetch miss 1915 "NetworkMonitor/" 12e00000 3d71c
           <...>-3368  [005] ....  5548.893896: do_swap_page: prefetch miss 1915 "NetworkMonitor/" 12d43000 39780
    GLThread 444-6441  [004] ...1  5548.893898: do_swap_page: prefetch miss 6386 "GLThread 444" 7ea47da000 317ba
    GLThread 444-6441  [004] ....  5548.893940: do_swap_page: prefetch miss 6386 "GLThread 444" 7ea47db000 317bc
           <...>-3368  [005] ...1  5548.895970: do_swap_page: prefetch miss 1915 "NetworkMonitor/" 12d43000 39780
           <...>-3368  [005] ....  5548.896013: do_swap_page: prefetch miss 1915 "NetworkMonitor/" 7fbbeee000 3d71d
    GLThread 444-6441  [004] ...1  5548.896014: do_swap_page: prefetch miss 6386 "GLThread 444" 7ea47db000 317bc
    GLThread 444-6441  [004] ....  5548.896040: do_swap_page: prefetch miss 6386 "GLThread 444" 7eab934000 317bd
           <...>-3368  [005] ...1  5548.898741: do_swap_page: prefetch miss 1915 "NetworkMonitor/" 7fbbeee000 3d71d
    GLThread 444-6441  [004] ...1  5548.898772: do_swap_page: prefetch miss 6386 "GLThread 444" 7eab934000 317bd
    GLThread 444-6441  [004] ....  5548.898788: do_swap_page: prefetch miss 6386 "GLThread 444" 7ea47dc000 317bf
           <...>-3368  [005] ....  5548.898806: do_swap_page: prefetch miss 1915 "NetworkMonitor/" 12d54000 3d71f
           <...>-3368  [005] ...1  5548.900750: do_swap_page: prefetch miss 1915 "NetworkMonitor/" 12d54000 3d71f
           <...>-3368  [005] ....  5548.900760: do_swap_page: prefetch miss 1915 "NetworkMonitor/" 7fbbeef000 3d720
    GLThread 444-6441  [004] ...1  5548.900796: do_swap_page: prefetch miss 6386 "GLThread 444" 7ea47dc000 317bf
    GLThread 444-6441  [004] ....  5548.900833: do_swap_page: prefetch miss 6386 "GLThread 444" 7eab937000 317c1
           <...>-3368  [005] ...1  5548.902984: do_swap_page: prefetch miss 1915 "NetworkMonitor/" 7fbbeef000 3d720
           <...>-3368  [005] ....  5548.902998: do_swap_page: prefetch miss 1915 "NetworkMonitor/" 9e059000 3d721
    GLThread 444-6441  [004] ...1  5548.903032: do_swap_page: prefetch miss 6386 "GLThread 444" 7eab937000 317c1
    GLThread 444-6441  [004] ....  5548.903084: do_swap_page: prefetch miss 6386 "GLThread 444" 7ea3fd9000 317c4
           <...>-3368  [005] ...1  5548.904716: do_swap_page: prefetch miss 1915 "NetworkMonitor/" 9e059000 3d721
           <...>-3368  [005] ....  5548.904758: do_swap_page: prefetch miss 1915 "NetworkMonitor/" 9e060000 3d722
    GLThread 444-6441  [004] ...1  5548.905479: do_swap_page: prefetch miss 6386 "GLThread 444" 7ea3fd9000 317c4
    GLThread 444-6441  [004] ....  5548.905506: do_swap_page: prefetch miss 6386 "GLThread 444" 7ea3fdd000 317c5
 pool-7-thread-1-6425  [007] ....  5548.908166: do_swap_page: prefetch miss 6386 "pool-7-thread-1" 72054000 2571b
           <...>-3368  [005] ...1  5548.908217: do_swap_page: prefetch miss 1915 "NetworkMonitor/" 9e060000 3d722
    GLThread 444-6441  [004] ...1  5548.908243: do_swap_page: prefetch miss 6386 "GLThread 444" 7ea3fdd000 317c5
    GLThread 444-6441  [005] ....  5548.908265: do_swap_page: prefetch miss 6386 "GLThread 444" 7e9e126000 2d7e5
 pool-7-thread-1-6425  [007] ...1  5548.909982: do_swap_page: prefetch miss 6386 "pool-7-thread-1" 72054000 2571b
    GLThread 444-6441  [004] ...1  5548.910033: do_swap_page: prefetch miss 6386 "GLThread 444" 7e9e126000 2d7e5
 pool-7-thread-1-6425  [007] ....  5548.910059: do_swap_page: prefetch miss 6386 "pool-7-thread-1" 7f28e84000 2571d
    GLThread 444-6441  [004] ....  5548.910074: do_swap_page: prefetch miss 6386 "GLThread 444" 7ea3ca2000 35749
    GLThread 444-6441  [004] ...1  5548.912185: do_swap_page: prefetch miss 6386 "GLThread 444" 7ea3ca2000 35749
    GLThread 444-6441  [004] ....  5548.912219: do_swap_page: prefetch miss 6386 "GLThread 444" 7ea47e9000 3574a
 pool-7-thread-1-6425  [007] ...1  5548.912229: do_swap_page: prefetch miss 6386 "pool-7-thread-1" 7f28e84000 2571d
    GLThread 444-6441  [004] ...1  5548.914261: do_swap_page: prefetch miss 6386 "GLThread 444" 7ea47e9000 3574a
    GLThread 444-6441  [004] ....  5548.914294: do_swap_page: prefetch miss 6386 "GLThread 444" 7e9e6b1000 3574b
 pool-7-thread-1-6425  [007] ....  5548.914342: do_swap_page: prefetch miss 6386 "pool-7-thread-1" 7f28e1f000 2571e
    GLThread 444-6441  [004] ...1  5548.916200: do_swap_page: prefetch miss 6386 "GLThread 444" 7e9e6b1000 3574b
    GLThread 444-6441  [004] ....  5548.916242: do_swap_page: prefetch miss 6386 "GLThread 444" 7ea47c9000 3574d
 pool-7-thread-1-6425  [007] ...1  5548.916251: do_swap_page: prefetch miss 6386 "pool-7-thread-1" 7f28e1f000 2571e
 pool-7-thread-1-6425  [007] ....  5548.916287: do_swap_page: prefetch miss 6386 "pool-7-thread-1" 7f28e20000 2571f
    GLThread 444-6441  [004] ...1  5548.918182: do_swap_page: prefetch miss 6386 "GLThread 444" 7ea47c9000 3574d
    GLThread 444-6441  [004] ....  5548.918216: do_swap_page: prefetch miss 6386 "GLThread 444" 7ea3feb000 3574e
 pool-7-thread-1-6425  [007] ...1  5548.918226: do_swap_page: prefetch miss 6386 "pool-7-thread-1" 7f28e20000 2571f
 pool-7-thread-1-6425  [007] ....  5548.918262: do_swap_page: prefetch miss 6386 "pool-7-thread-1" 7f28e85000 25720
    GLThread 444-6441  [004] ...1  5548.920693: do_swap_page: prefetch miss 6386 "GLThread 444" 7ea3feb000 3574e
    GLThread 444-6441  [004] ....  5548.920727: do_swap_page: prefetch miss 6386 "GLThread 444" 7ea47ca000 3574f
 pool-7-thread-1-6425  [007] ...1  5548.920736: do_swap_page: prefetch miss 6386 "pool-7-thread-1" 7f28e85000 25720
 pool-7-thread-1-6425  [007] ....  5548.920875: do_swap_page: prefetch miss 6386 "pool-7-thread-1" 7fbc20d000 25722
    GLThread 444-6441  [004] ...1  5548.922760: do_swap_page: prefetch miss 6386 "GLThread 444" 7ea47ca000 3574f
    GLThread 444-6441  [004] ....  5548.922795: do_swap_page: prefetch miss 6386 "GLThread 444" 7ea3ff8000 35750
 pool-7-thread-1-6425  [007] ...1  5548.922816: do_swap_page: prefetch miss 6386 "pool-7-thread-1" 7fbc20d000 25722
    GLThread 444-6441  [004] ...1  5548.924514: do_swap_page: prefetch miss 6386 "GLThread 444" 7ea3ff8000 35750
    GLThread 444-6441  [004] ....  5548.924542: do_swap_page: prefetch miss 6386 "GLThread 444" 7ea47cb000 35751
    GLThread 444-6441  [004] ...1  5548.926410: do_swap_page: prefetch miss 6386 "GLThread 444" 7ea47cb000 35751
    GLThread 444-6441  [004] ....  5548.926436: do_swap_page: prefetch miss 6386 "GLThread 444" 7e9e2e3000 35752
    GLThread 444-6441  [004] ...1  5548.928596: do_swap_page: prefetch miss 6386 "GLThread 444" 7e9e2e3000 35752
    GLThread 444-6441  [004] ....  5548.928620: do_swap_page: prefetch miss 6386 "GLThread 444" 7ea4135000 35753
    GLThread 444-6441  [004] ...1  5548.930416: do_swap_page: prefetch miss 6386 "GLThread 444" 7ea4135000 35753
    GLThread 444-6441  [004] ....  5548.930443: do_swap_page: prefetch miss 6386 "GLThread 444" 7e9e2e4000 35754
    GLThread 444-6441  [004] ...1  5548.932512: do_swap_page: prefetch miss 6386 "GLThread 444" 7e9e2e4000 35754
    GLThread 444-6441  [004] ....  5548.932540: do_swap_page: prefetch miss 6386 "GLThread 444" 7e9e127000 35755
    GLThread 444-6441  [004] ...1  5548.934476: do_swap_page: prefetch miss 6386 "GLThread 444" 7e9e127000 35755
    GLThread 444-6441  [004] ....  5548.934515: do_swap_page: prefetch miss 6386 "GLThread 444" 7e9e2df000 35757
    GLThread 444-6441  [004] ...1  5548.936568: do_swap_page: prefetch miss 6386 "GLThread 444" 7e9e2df000 35757
    GLThread 444-6441  [004] ....  5548.936603: do_swap_page: prefetch miss 6386 "GLThread 444" 7ea428a000 35759
    GLThread 444-6441  [004] ...1  5548.938653: do_swap_page: prefetch miss 6386 "GLThread 444" 7ea428a000 35759
    GLThread 444-6441  [004] ....  5548.938689: do_swap_page: prefetch miss 6386 "GLThread 444" 7e9e6bb000 3575b
    GLThread 444-6441  [004] ...1  5548.940543: do_swap_page: prefetch miss 6386 "GLThread 444" 7e9e6bb000 3575b
    GLThread 444-6441  [004] ....  5548.940568: do_swap_page: prefetch miss 6386 "GLThread 444" 7ea42a8000 3575c
    GLThread 444-6441  [004] ...1  5548.942418: do_swap_page: prefetch miss 6386 "GLThread 444" 7ea42a8000 3575c
    GLThread 444-6441  [004] ....  5548.942443: do_swap_page: prefetch miss 6386 "GLThread 444" 7e9e6bc000 3575d
    GLThread 444-6441  [004] ...1  5548.944537: do_swap_page: prefetch miss 6386 "GLThread 444" 7e9e6bc000 3575d
    GLThread 444-6441  [004] ....  5548.944561: do_swap_page: prefetch miss 6386 "GLThread 444" 7ea4311000 3575e
    GLThread 444-6441  [004] ...1  5548.946401: do_swap_page: prefetch miss 6386 "GLThread 444" 7ea4311000 3575e
    GLThread 444-6441  [004] ....  5548.946425: do_swap_page: prefetch miss 6386 "GLThread 444" 7e9e6bd000 3575f
    GLThread 444-6441  [004] ...1  5548.950544: do_swap_page: prefetch miss 6386 "GLThread 444" 7e9e6bd000 3575f
    GLThread 444-6441  [004] ....  5548.950568: do_swap_page: prefetch miss 6386 "GLThread 444" 7e9e7d3000 35760
    GLThread 444-6441  [004] ...1  5548.952598: do_swap_page: prefetch miss 6386 "GLThread 444" 7e9e7d3000 35760
    GLThread 444-6441  [004] ....  5548.952622: do_swap_page: prefetch miss 6386 "GLThread 444" 7e9e128000 35761
    GLThread 444-6441  [004] ...1  5548.954518: do_swap_page: prefetch miss 6386 "GLThread 444" 7e9e128000 35761
    GLThread 444-6441  [004] ....  5548.954543: do_swap_page: prefetch miss 6386 "GLThread 444" 7ea4729000 35762
    GLThread 444-6441  [004] ...1  5548.956403: do_swap_page: prefetch miss 6386 "GLThread 444" 7ea4729000 35762
    GLThread 444-6441  [004] ....  5548.956429: do_swap_page: prefetch miss 6386 "GLThread 444" 7e9e7d4000 317c6
    GLThread 444-6441  [004] ...1  5548.958225: do_swap_page: prefetch miss 6386 "GLThread 444" 7e9e7d4000 317c6
    GLThread 444-6441  [004] ....  5548.958268: do_swap_page: prefetch miss 6386 "GLThread 444" 7e9ea12000 317c8
    GLThread 444-6441  [004] ...1  5548.959947: do_swap_page: prefetch miss 6386 "GLThread 444" 7e9ea12000 317c8
    GLThread 444-6441  [004] ....  5548.959971: do_swap_page: prefetch miss 6386 "GLThread 444" 7e9e7f0000 317c9
    GLThread 444-6441  [004] ...1  5548.961420: do_swap_page: prefetch miss 6386 "GLThread 444" 7e9e7f0000 317c9
    GLThread 444-6441  [004] ....  5548.961447: do_swap_page: prefetch miss 6386 "GLThread 444" 7ea47d1000 317ca
 pool-7-thread-1-6425  [007] ....  5548.963763: do_swap_page: prefetch miss 6386 "pool-7-thread-1" 72068000 39787
    GLThread 444-6441  [004] ...1  5548.963800: do_swap_page: prefetch miss 6386 "GLThread 444" 7ea47d1000 317ca
    GLThread 444-6441  [004] ....  5548.963846: do_swap_page: prefetch miss 6386 "GLThread 444" 7e9e828000 35765
 pool-7-thread-1-6425  [007] ...1  5548.966001: do_swap_page: prefetch miss 6386 "pool-7-thread-1" 72068000 39787
 pool-7-thread-1-6425  [007] ....  5548.966218: do_swap_page: prefetch miss 6386 "pool-7-thread-1" 7e9e3ce000 557bc
    GLThread 444-6441  [004] ...1  5548.966254: do_swap_page: prefetch miss 6386 "GLThread 444" 7e9e828000 35765
    GLThread 444-6441  [004] ....  5548.966282: do_swap_page: prefetch miss 6386 "GLThread 444" 7e9de19000 35766
 pool-7-thread-1-6425  [007] ...1  5548.968905: do_swap_page: prefetch miss 6386 "pool-7-thread-1" 7e9e3ce000 557bc
 pool-7-thread-1-6425  [007] ....  5548.969315: do_swap_page: prefetch miss 6386 "pool-7-thread-1" 7eb00e5000 15579b
    GLThread 444-6441  [004] ...1  5548.969371: do_swap_page: prefetch miss 6386 "GLThread 444" 7e9de19000 35766
    GLThread 444-6441  [004] ....  5548.969401: do_swap_page: prefetch miss 6386 "GLThread 444" 7e9e829000 35767
 pool-7-thread-1-6425  [007] ...1  5548.971128: do_swap_page: prefetch miss 6386 "pool-7-thread-1" 7eb00e5000 15579b
 pool-7-thread-1-6425  [007] ....  5548.971366: do_swap_page: prefetch miss 6386 "pool-7-thread-1" 7fbc20e000 3d774
    GLThread 444-6441  [004] ...1  5548.971370: do_swap_page: prefetch miss 6386 "GLThread 444" 7e9e829000 35767
    GLThread 444-6441  [004] ....  5548.971407: do_swap_page: prefetch miss 6386 "GLThread 444" 7e9de23000 35769
 pool-7-thread-1-6425  [007] ...1  5548.973174: do_swap_page: prefetch miss 6386 "pool-7-thread-1" 7fbc20e000 3d774
 pool-7-thread-1-6425  [007] ....  5548.974739: do_swap_page: prefetch miss 6386 "pool-7-thread-1" 7f28b83000 3d786
    GLThread 444-6441  [004] ...1  5548.974743: do_swap_page: prefetch miss 6386 "GLThread 444" 7e9de23000 35769
    GLThread 444-6441  [004] ....  5548.974772: do_swap_page: prefetch miss 6386 "GLThread 444" 7e9e82a000 3576a
 pool-7-thread-1-6425  [007] ...1  5548.976501: do_swap_page: prefetch miss 6386 "pool-7-thread-1" 7f28b83000 3d786
    GLThread 444-6441  [004] ...1  5548.976503: do_swap_page: prefetch miss 6386 "GLThread 444" 7e9e82a000 3576a
 pool-7-thread-1-6425  [007] ....  5548.976526: do_swap_page: prefetch miss 6386 "pool-7-thread-1" 7f28ae5000 3d788
    GLThread 444-6441  [004] ....  5548.976555: do_swap_page: prefetch miss 6386 "GLThread 444" 7eab823000 3576c
    GLThread 444-6441  [004] ...1  5548.978562: do_swap_page: prefetch miss 6386 "GLThread 444" 7eab823000 3576c
    GLThread 444-6441  [004] ....  5548.978591: do_swap_page: prefetch miss 6386 "GLThread 444" 7eab826000 317cb
 pool-7-thread-1-6425  [007] ...1  5548.978599: do_swap_page: prefetch miss 6386 "pool-7-thread-1" 7f28ae5000 3d788
 pool-7-thread-1-6425  [007] ....  5548.979519: do_swap_page: prefetch miss 6386 "pool-7-thread-1" 7f28e18000 155714
    GLThread 444-6441  [004] ...1  5548.980430: do_swap_page: prefetch miss 6386 "GLThread 444" 7eab826000 317cb
    GLThread 444-6441  [004] ....  5548.980469: do_swap_page: prefetch miss 6386 "GLThread 444" 7eab824000 317cd
 pool-7-thread-1-6425  [007] ...1  5548.981226: do_swap_page: prefetch miss 6386 "pool-7-thread-1" 7f28e18000 155714
 pool-7-thread-1-6425  [007] ....  5548.981525: do_swap_page: prefetch miss 6386 "pool-7-thread-1" 7f28a9b000 155715
    GLThread 444-6441  [004] ...1  5548.982397: do_swap_page: prefetch miss 6386 "GLThread 444" 7eab824000 317cd
    GLThread 444-6441  [004] ....  5548.982441: do_swap_page: prefetch miss 6386 "GLThread 444" 7e9ea15000 317d0
 pool-7-thread-1-6425  [007] ...1  5548.984279: do_swap_page: prefetch miss 6386 "pool-7-thread-1" 7f28a9b000 155715
    GLThread 444-6441  [004] ...1  5548.984560: do_swap_page: prefetch miss 6386 "GLThread 444" 7e9ea15000 317d0
    GLThread 444-6441  [004] ....  5548.984585: do_swap_page: prefetch miss 6386 "GLThread 444" 7e9e7f1000 317d1
 pool-7-thread-1-6425  [007] ....  5548.984936: do_swap_page: prefetch miss 6386 "pool-7-thread-1" 7f28b7f000 39792
    GLThread 444-6441  [004] ...1  5548.986550: do_swap_page: prefetch miss 6386 "GLThread 444" 7e9e7f1000 317d1
    GLThread 444-6441  [004] ....  5548.986580: do_swap_page: prefetch miss 6386 "GLThread 444" 7e9ea16000 3974c
 pool-7-thread-1-6425  [007] ...1  5548.986600: do_swap_page: prefetch miss 6386 "pool-7-thread-1" 7f28b7f000 39792
 pool-7-thread-1-6425  [007] ....  5548.986634: do_swap_page: prefetch miss 6386 "pool-7-thread-1" 7f28ac5000 39793
    GLThread 444-6441  [004] ...1  5548.988496: do_swap_page: prefetch miss 6386 "GLThread 444" 7e9ea16000 3974c
 pool-7-thread-1-6425  [007] ...1  5548.988515: do_swap_page: prefetch miss 6386 "pool-7-thread-1" 7f28ac5000 39793
    GLThread 444-6441  [004] ....  5548.988546: do_swap_page: prefetch miss 6386 "GLThread 444" 7ec47ca000 3974e
 pool-7-thread-1-6425  [007] ....  5548.988765: do_swap_page: prefetch miss 6386 "pool-7-thread-1" 7eab974000 51784
