  HwBinder:923_4-2051  [005] ....  3205.899135: do_swap_page: prefetch miss 923 "HwBinder:923_4" 7f3c4ed000 97b3
  HwBinder:923_4-2051  [005] ...1  3205.900864: do_swap_page: prefetch miss 923 "HwBinder:923_4" 7f3c4ed000 97b3
  HwBinder:923_4-2051  [005] ....  3205.900925: do_swap_page: prefetch miss 923 "HwBinder:923_4" 1a55576000 157da
  HwBinder:923_4-2051  [005] ...1  3205.902865: do_swap_page: prefetch miss 923 "HwBinder:923_4" 1a55576000 157da
  HwBinder:923_4-2051  [005] ....  3205.902915: do_swap_page: prefetch miss 923 "HwBinder:923_4" 1a55561000 1976a
  HwBinder:923_4-2051  [005] ...1  3205.904530: do_swap_page: prefetch miss 923 "HwBinder:923_4" 1a55561000 1976a
  HwBinder:923_4-2051  [005] ....  3205.904557: do_swap_page: prefetch miss 923 "HwBinder:923_4" 1a5555a000 157d9
  HwBinder:923_4-2051  [005] ...1  3205.906311: do_swap_page: prefetch miss 923 "HwBinder:923_4" 1a5555a000 157d9
  HwBinder:923_4-2051  [005] ....  3205.906341: do_swap_page: prefetch miss 923 "HwBinder:923_4" 1a5555e000 157db
  HwBinder:923_4-2051  [005] ...1  3205.908685: do_swap_page: prefetch miss 923 "HwBinder:923_4" 1a5555e000 157db
  HwBinder:923_4-2051  [005] ....  3205.908732: do_swap_page: prefetch miss 923 "HwBinder:923_4" 1955567000 57fe
  HwBinder:923_4-2051  [005] ...1  3205.910434: do_swap_page: prefetch miss 923 "HwBinder:923_4" 1955567000 57fe
    Binder:913_5-3611  [005] ....  3205.910546: do_swap_page: prefetch miss 913 "Binder:913_5" f3602000 19787
    Binder:913_5-3611  [005] ...1  3205.911988: do_swap_page: prefetch miss 913 "Binder:913_5" f3602000 19787
  HwBinder:834_4-2041  [005] ....  3205.912772: do_swap_page: prefetch miss 834 "HwBinder:834_4" f51f7000 1d71d
  HwBinder:834_4-2041  [005] ...1  3205.914446: do_swap_page: prefetch miss 834 "HwBinder:834_4" f51f7000 1d71d
  HwBinder:834_4-2041  [005] ....  3205.914458: do_swap_page: prefetch miss 834 "HwBinder:834_4" f7a36000 1d71e
  HwBinder:834_4-2041  [005] ...1  3205.916331: do_swap_page: prefetch miss 834 "HwBinder:834_4" f7a36000 1d71e
  HwBinder:834_4-2041  [005] ....  3205.916345: do_swap_page: prefetch miss 834 "HwBinder:834_4" f7a5f000 1d71f
  HwBinder:834_4-2041  [005] ...1  3205.918147: do_swap_page: prefetch miss 834 "HwBinder:834_4" f7a5f000 1d71f
  HwBinder:834_4-2041  [005] ....  3205.918159: do_swap_page: prefetch miss 834 "HwBinder:834_4" f7a9f000 1d720
  HwBinder:834_4-2041  [005] ...1  3205.919876: do_swap_page: prefetch miss 834 "HwBinder:834_4" f7a9f000 1d720
  HwBinder:834_4-2041  [005] ....  3205.919889: do_swap_page: prefetch miss 834 "HwBinder:834_4" f51f6000 1d721
  HwBinder:834_4-2041  [005] ...1  3205.921920: do_swap_page: prefetch miss 834 "HwBinder:834_4" f51f6000 1d721
  HwBinder:834_4-2041  [005] ....  3205.921930: do_swap_page: prefetch miss 834 "HwBinder:834_4" f7a27000 1d715
  HwBinder:834_4-2041  [005] ...1  3205.923880: do_swap_page: prefetch miss 834 "HwBinder:834_4" f7a27000 1d715
  HwBinder:834_4-2041  [005] ....  3205.923892: do_swap_page: prefetch miss 834 "HwBinder:834_4" f7a14000 1718
  HwBinder:834_4-2041  [005] ...1  3205.925845: do_swap_page: prefetch miss 834 "HwBinder:834_4" f7a14000 1718
  HwBinder:834_4-2041  [005] ....  3205.925852: do_swap_page: prefetch miss 834 "HwBinder:834_4" f7a0b000 1d722
  HwBinder:834_4-2041  [005] ...1  3205.927738: do_swap_page: prefetch miss 834 "HwBinder:834_4" f7a0b000 1d722
  HwBinder:834_4-2041  [005] ....  3205.927749: do_swap_page: prefetch miss 834 "HwBinder:834_4" f7ac7000 1d723
  HwBinder:834_4-2041  [005] ...1  3205.930243: do_swap_page: prefetch miss 834 "HwBinder:834_4" f7ac7000 1d723
  HwBinder:834_4-2041  [005] ....  3205.930279: do_swap_page: prefetch miss 834 "HwBinder:834_4" f579b000 1d718
  HwBinder:834_4-2041  [005] ...1  3205.931958: do_swap_page: prefetch miss 834 "HwBinder:834_4" f579b000 1d718
  HwBinder:834_4-2041  [005] ....  3205.931968: do_swap_page: prefetch miss 834 "HwBinder:834_4" f5757000 1d724
  HwBinder:834_4-2041  [005] ...1  3205.933849: do_swap_page: prefetch miss 834 "HwBinder:834_4" f5757000 1d724
  HwBinder:834_4-2041  [005] ....  3205.933873: do_swap_page: prefetch miss 834 "HwBinder:834_4" f5702000 1976f
  HwBinder:834_4-2041  [005] ...1  3205.935703: do_swap_page: prefetch miss 834 "HwBinder:834_4" f5702000 1976f
  HwBinder:834_4-2041  [005] ....  3205.935711: do_swap_page: prefetch miss 834 "HwBinder:834_4" f572c000 1976c
  HwBinder:834_4-2041  [005] ...1  3205.937480: do_swap_page: prefetch miss 834 "HwBinder:834_4" f572c000 1976c
  HwBinder:834_4-2041  [005] ....  3205.937630: do_swap_page: prefetch miss 834 "HwBinder:834_4" f7acf000 171f
  HwBinder:834_4-2041  [005] ...1  3205.939347: do_swap_page: prefetch miss 834 "HwBinder:834_4" f7acf000 171f
  HwBinder:834_4-2041  [005] ....  3205.939374: do_swap_page: prefetch miss 834 "HwBinder:834_4" f5700000 1d71c
  HwBinder:834_4-2041  [005] ...1  3205.941637: do_swap_page: prefetch miss 834 "HwBinder:834_4" f5700000 1d71c
  HwBinder:834_1-1229  [005] ....  3205.941722: do_swap_page: prefetch miss 834 "HwBinder:834_1" f55fb000 1976d
  HwBinder:834_1-1229  [005] ...1  3205.943704: do_swap_page: prefetch miss 834 "HwBinder:834_1" f55fb000 1976d
  HwBinder:834_1-1229  [005] ....  3205.943714: do_swap_page: prefetch miss 834 "HwBinder:834_1" f5730000 1976e
  HwBinder:834_1-1229  [005] ...1  3205.945415: do_swap_page: prefetch miss 834 "HwBinder:834_1" f5730000 1976e
  HwBinder:834_1-1229  [005] ....  3205.945423: do_swap_page: prefetch miss 834 "HwBinder:834_1" f572d000 19770
  HwBinder:834_1-1229  [005] ...1  3205.947414: do_swap_page: prefetch miss 834 "HwBinder:834_1" f572d000 19770
  HwBinder:834_1-1229  [005] ....  3205.947428: do_swap_page: prefetch miss 834 "HwBinder:834_1" f55fa000 19771
  HwBinder:834_1-1229  [005] ...1  3205.949118: do_swap_page: prefetch miss 834 "HwBinder:834_1" f55fa000 19771
  HwBinder:834_1-1229  [005] ....  3205.949132: do_swap_page: prefetch miss 834 "HwBinder:834_1" f7a0a000 1d716
  HwBinder:834_1-1229  [005] ...1  3205.951639: do_swap_page: prefetch miss 834 "HwBinder:834_1" f7a0a000 1d716
  HwBinder:834_1-1229  [005] ....  3205.951650: do_swap_page: prefetch miss 834 "HwBinder:834_1" f7a9a000 1d717
  HwBinder:834_1-1229  [005] ...1  3205.955848: do_swap_page: prefetch miss 834 "HwBinder:834_1" f7a9a000 1d717
  HwBinder:834_1-1229  [005] ....  3205.955927: do_swap_page: prefetch miss 834 "HwBinder:834_1" f5cfe000 19772
  HwBinder:834_1-1229  [005] ...1  3205.957950: do_swap_page: prefetch miss 834 "HwBinder:834_1" f5cfe000 19772
  HwBinder:834_1-1229  [005] ....  3205.957968: do_swap_page: prefetch miss 834 "HwBinder:834_1" f5744000 1d71b
  HwBinder:834_1-1229  [005] ...1  3205.960614: do_swap_page: prefetch miss 834 "HwBinder:834_1" f5744000 1d71b
  HwBinder:834_1-1229  [005] ....  3205.960629: do_swap_page: prefetch miss 834 "HwBinder:834_1" f7a63000 1723
  HwBinder:834_1-1229  [005] ...1  3205.962304: do_swap_page: prefetch miss 834 "HwBinder:834_1" f7a63000 1723
    Binder:913_5-3611  [005] ....  3205.962410: do_swap_page: prefetch miss 913 "Binder:913_5" f3543000 57e9
    Binder:913_5-3611  [005] ...1  3205.964362: do_swap_page: prefetch miss 913 "Binder:913_5" f3543000 57e9
    Binder:913_5-3611  [006] ....  3205.964799: do_swap_page: prefetch miss 913 "Binder:913_5" f74ff000 1977d
    Binder:913_5-3611  [005] ...1  3205.966641: do_swap_page: prefetch miss 913 "Binder:913_5" f74ff000 1977d
    Binder:913_5-3611  [006] ....  3205.966906: do_swap_page: prefetch miss 913 "Binder:913_5" f3554000 19780
    Binder:913_5-3611  [006] ...1  3205.968691: do_swap_page: prefetch miss 913 "Binder:913_5" f3554000 19780
    Binder:913_5-3611  [006] ....  3205.968724: do_swap_page: prefetch miss 913 "Binder:913_5" f35e9000 1977e
    Binder:913_5-3611  [006] ...1  3205.970556: do_swap_page: prefetch miss 913 "Binder:913_5" f35e9000 1977e
    Binder:913_5-3611  [006] ....  3205.970596: do_swap_page: prefetch miss 913 "Binder:913_5" f7a53000 157b7
    Binder:913_5-3611  [006] ...1  3205.972297: do_swap_page: prefetch miss 913 "Binder:913_5" f7a53000 157b7
    Binder:913_5-3611  [006] ....  3205.972325: do_swap_page: prefetch miss 913 "Binder:913_5" f3585000 19781
    Binder:913_5-3611  [006] ...1  3205.974070: do_swap_page: prefetch miss 913 "Binder:913_5" f3585000 19781
    Binder:913_5-3611  [006] ....  3205.974116: do_swap_page: prefetch miss 913 "Binder:913_5" f35f4000 19784
    Binder:913_5-3611  [006] ...1  3205.976124: do_swap_page: prefetch miss 913 "Binder:913_5" f35f4000 19784
    Binder:913_5-3611  [006] ....  3205.976161: do_swap_page: prefetch miss 913 "Binder:913_5" f35f7000 19785
    Binder:913_5-3611  [006] ...1  3205.978056: do_swap_page: prefetch miss 913 "Binder:913_5" f35f7000 19785
    Binder:913_5-3611  [006] ....  3205.978081: do_swap_page: prefetch miss 913 "Binder:913_5" f35f8000 19786
    Binder:913_5-3611  [006] ...1  3205.979803: do_swap_page: prefetch miss 913 "Binder:913_5" f35f8000 19786
    Binder:913_5-3611  [006] ....  3205.979833: do_swap_page: prefetch miss 913 "Binder:913_5" f3553000 1977c
    Binder:913_5-3611  [006] ...1  3205.981910: do_swap_page: prefetch miss 913 "Binder:913_5" f3553000 1977c
 .candycrushsaga-6386  [006] ....  3205.982386: do_swap_page: prefetch miss 6386 ".candycrushsaga" 7f23695000 217e8
           <...>-18168 [001] ....  3205.982806: do_swap_page: prefetch miss 913 "NuPlayerDriver " f7a0e000 1d72a
 .candycrushsaga-6386  [004] ...1  3205.984212: do_swap_page: prefetch miss 6386 ".candycrushsaga" 7f23695000 217e8
           <...>-18168 [001] ...1  3205.984301: do_swap_page: prefetch miss 913 "NuPlayerDriver " f7a0e000 1d72a
 .candycrushsaga-6386  [004] ....  3205.984329: do_swap_page: prefetch miss 6386 ".candycrushsaga" 7f2db42000 217e9
           <...>-18168 [003] ....  3205.984462: do_swap_page: prefetch miss 913 "NuPlayerDriver " f7a0f000 1d72b
 .candycrushsaga-6386  [004] ...1  3205.986160: do_swap_page: prefetch miss 6386 ".candycrushsaga" 7f2db42000 217e9
           <...>-18168 [006] ...1  3205.986191: do_swap_page: prefetch miss 913 "NuPlayerDriver " f7a0f000 1d72b
 .candycrushsaga-6386  [004] ....  3205.986210: do_swap_page: prefetch miss 6386 ".candycrushsaga" 7e7d224000 2971d
           <...>-18168 [006] ....  3205.986414: do_swap_page: prefetch miss 913 "generic" f625c000 1d72c
 .candycrushsaga-6386  [004] ...1  3205.987998: do_swap_page: prefetch miss 6386 ".candycrushsaga" 7e7d224000 2971d
 .candycrushsaga-6386  [004] ....  3205.988011: do_swap_page: prefetch miss 6386 ".candycrushsaga" 7f2db40000 2971e
           <...>-18168 [006] ...1  3205.988030: do_swap_page: prefetch miss 913 "generic" f625c000 1d72c
           <...>-18168 [006] ....  3205.988087: do_swap_page: prefetch miss 913 "generic" f3529000 1977b
 .candycrushsaga-6386  [004] ...1  3205.989926: do_swap_page: prefetch miss 6386 ".candycrushsaga" 7f2db40000 2971e
           <...>-18168 [006] ...1  3205.989945: do_swap_page: prefetch miss 913 "generic" f3529000 1977b
 .candycrushsaga-6386  [004] ....  3205.989969: do_swap_page: prefetch miss 6386 ".candycrushsaga" 7f233df000 2971f
           <...>-18168 [005] ....  3205.990006: do_swap_page: prefetch miss 913 "generic" f6c9b000 d74b
 .candycrushsaga-6386  [004] ...1  3205.992709: do_swap_page: prefetch miss 6386 ".candycrushsaga" 7f233df000 2971f
           <...>-18168 [006] ...1  3205.992740: do_swap_page: prefetch miss 913 "generic" f6c9b000 d74b
 .candycrushsaga-6386  [004] ....  3205.992768: do_swap_page: prefetch miss 6386 ".candycrushsaga" 7e8f0ef000 29720
           <...>-18168 [006] ....  3205.992787: do_swap_page: prefetch miss 913 "generic" f3538000 1d72f
           <...>-18168 [006] ...1  3205.995520: do_swap_page: prefetch miss 913 "generic" f3538000 1d72f
 .candycrushsaga-6386  [004] ...1  3205.995536: do_swap_page: prefetch miss 6386 ".candycrushsaga" 7e8f0ef000 29720
 .candycrushsaga-6386  [004] ....  3205.995567: do_swap_page: prefetch miss 6386 ".candycrushsaga" 7f2db34000 29721
    Binder:909_3-2171  [001] ....  3205.996122: do_swap_page: prefetch miss 909 "Binder:909_3" 2755552000 157e3
 .candycrushsaga-6386  [004] ...1  3205.997368: do_swap_page: prefetch miss 6386 ".candycrushsaga" 7f2db34000 29721
    Binder:909_3-2171  [001] ...1  3205.997405: do_swap_page: prefetch miss 909 "Binder:909_3" 2755552000 157e3
 .candycrushsaga-6386  [004] ....  3205.997414: do_swap_page: prefetch miss 6386 ".candycrushsaga" 7e9e070000 29722
    Binder:909_3-2171  [001] ....  3205.997498: do_swap_page: prefetch miss 909 "Binder:909_3" 1a55561000 157f2
 .candycrushsaga-6386  [004] ...1  3205.999279: do_swap_page: prefetch miss 6386 ".candycrushsaga" 7e9e070000 29722
 .candycrushsaga-6386  [004] ....  3205.999307: do_swap_page: prefetch miss 6386 ".candycrushsaga" 7f233db000 29723
    Binder:909_3-2171  [001] ...1  3205.999311: do_swap_page: prefetch miss 909 "Binder:909_3" 1a55561000 157f2
    Binder:909_3-2171  [001] ....  3205.999658: do_swap_page: prefetch miss 909 "Binder:909_3" 7fbc377000 157e7
 .candycrushsaga-6386  [004] ...1  3206.003900: do_swap_page: prefetch miss 6386 ".candycrushsaga" 7f233db000 29723
    Binder:909_3-2171  [001] ...1  3206.003943: do_swap_page: prefetch miss 909 "Binder:909_3" 7fbc377000 157e7
 .candycrushsaga-6386  [004] ....  3206.003973: do_swap_page: prefetch miss 6386 ".candycrushsaga" 7f2db30000 29724
    Binder:909_3-2171  [001] ....  3206.004048: do_swap_page: prefetch miss 909 "Binder:909_3" 1855560000 157e8
 .candycrushsaga-6386  [004] ...1  3206.006077: do_swap_page: prefetch miss 6386 ".candycrushsaga" 7f2db30000 29724
 .candycrushsaga-6386  [004] ....  3206.006112: do_swap_page: prefetch miss 6386 ".candycrushsaga" 7e7d20f000 29725
    Binder:909_3-2171  [006] ...1  3206.006170: do_swap_page: prefetch miss 909 "Binder:909_3" 1855560000 157e8
    Binder:909_3-2171  [006] ....  3206.006232: do_swap_page: prefetch miss 909 "Binder:909_3" 1c5555a000 19788
 .candycrushsaga-6386  [004] ...1  3206.008054: do_swap_page: prefetch miss 6386 ".candycrushsaga" 7e7d20f000 29725
 .candycrushsaga-6386  [004] ....  3206.008093: do_swap_page: prefetch miss 6386 ".candycrushsaga" 7e7d223000 29726
    Binder:909_3-2171  [005] ...1  3206.008112: do_swap_page: prefetch miss 909 "Binder:909_3" 1c5555a000 19788
    Binder:909_3-2171  [005] ....  3206.008180: do_swap_page: prefetch miss 909 "Binder:909_3" 7fbbb61000 97d0
 .candycrushsaga-6386  [004] ...1  3206.010108: do_swap_page: prefetch miss 6386 ".candycrushsaga" 7e7d223000 29726
 .candycrushsaga-6386  [004] ....  3206.010139: do_swap_page: prefetch miss 6386 ".candycrushsaga" 7f233cc000 29727
    Binder:909_3-2171  [005] ...1  3206.010152: do_swap_page: prefetch miss 909 "Binder:909_3" 7fbbb61000 97d0
    Binder:909_3-2171  [005] ....  3206.010311: do_swap_page: prefetch miss 909 "Binder:909_3" 7fbc66a000 d74e
 .candycrushsaga-6386  [004] ...1  3206.012034: do_swap_page: prefetch miss 6386 ".candycrushsaga" 7f233cc000 29727
    Binder:909_3-2171  [005] ...1  3206.012056: do_swap_page: prefetch miss 909 "Binder:909_3" 7fbc66a000 d74e
 .candycrushsaga-6386  [004] ....  3206.012060: do_swap_page: prefetch miss 6386 ".candycrushsaga" 7e7d20e000 29728
    Binder:909_3-2171  [005] ....  3206.012103: do_swap_page: prefetch miss 909 "Binder:909_3" 7fbc669000 19789
    Binder:909_3-2171  [005] ...1  3206.013771: do_swap_page: prefetch miss 909 "Binder:909_3" 7fbc669000 19789
 .candycrushsaga-6386  [004] ...1  3206.013786: do_swap_page: prefetch miss 6386 ".candycrushsaga" 7e7d20e000 29728
 .candycrushsaga-6386  [004] ....  3206.013794: do_swap_page: prefetch miss 6386 ".candycrushsaga" 7e9e38a000 29729
    Binder:909_3-2171  [005] ....  3206.013828: do_swap_page: prefetch miss 909 "Binder:909_3" 7fbc470000 1978a
    Binder:909_3-2171  [005] ...1  3206.015677: do_swap_page: prefetch miss 909 "Binder:909_3" 7fbc470000 1978a
 .candycrushsaga-6386  [004] ...1  3206.015691: do_swap_page: prefetch miss 6386 ".candycrushsaga" 7e9e38a000 29729
 .candycrushsaga-6386  [004] ....  3206.015696: do_swap_page: prefetch miss 6386 ".candycrushsaga" 7ebf307000 2972a
    Binder:909_3-2171  [005] ....  3206.015735: do_swap_page: prefetch miss 909 "Binder:909_3" 7fbe359000 1978c
 .candycrushsaga-6386  [004] ...1  3206.017639: do_swap_page: prefetch miss 6386 ".candycrushsaga" 7ebf307000 2972a
 .candycrushsaga-6386  [004] ....  3206.017655: do_swap_page: prefetch miss 6386 ".candycrushsaga" 7e7d20d000 2972b
    Binder:909_3-2171  [006] ...1  3206.017831: do_swap_page: prefetch miss 909 "Binder:909_3" 7fbe359000 1978c
    Binder:909_3-2171  [006] ....  3206.017930: do_swap_page: prefetch miss 909 "Binder:909_3" 7fbde25000 1978e
 .candycrushsaga-6386  [004] ...1  3206.019607: do_swap_page: prefetch miss 6386 ".candycrushsaga" 7e7d20d000 2972b
 .candycrushsaga-6386  [004] ....  3206.019626: do_swap_page: prefetch miss 6386 ".candycrushsaga" 7e9e289000 2972d
    Binder:909_3-2171  [006] ...1  3206.019635: do_swap_page: prefetch miss 909 "Binder:909_3" 7fbde25000 1978e
    Binder:909_3-2171  [006] ....  3206.019650: do_swap_page: prefetch miss 909 "Binder:909_3" 1d55554000 1978f
 .candycrushsaga-6386  [004] ...1  3206.021520: do_swap_page: prefetch miss 6386 ".candycrushsaga" 7e9e289000 2972d
 .candycrushsaga-6386  [004] ....  3206.021527: do_swap_page: prefetch miss 6386 ".candycrushsaga" 7e9ea98000 2972e
    Binder:909_3-2171  [006] ...1  3206.021540: do_swap_page: prefetch miss 909 "Binder:909_3" 1d55554000 1978f
    Binder:909_3-2171  [006] ....  3206.021623: do_swap_page: prefetch miss 909 "Binder:909_3" 185555d000 21703
 .candycrushsaga-6386  [004] ...1  3206.023296: do_swap_page: prefetch miss 6386 ".candycrushsaga" 7e9ea98000 2972e
 .candycrushsaga-6386  [004] ....  3206.023305: do_swap_page: prefetch miss 6386 ".candycrushsaga" 7e9e533000 217ea
    Binder:909_3-2171  [006] ...1  3206.023323: do_swap_page: prefetch miss 909 "Binder:909_3" 185555d000 21703
    Binder:909_3-2171  [006] ....  3206.023478: do_swap_page: prefetch miss 909 "Binder:909_3" 7fbd8dc000 97db
 .candycrushsaga-6386  [004] ...1  3206.025578: do_swap_page: prefetch miss 6386 ".candycrushsaga" 7e9e533000 217ea
 .candycrushsaga-6386  [004] ....  3206.025586: do_swap_page: prefetch miss 6386 ".candycrushsaga" 7eab931000 2972f
    Binder:909_3-2171  [006] ...1  3206.025597: do_swap_page: prefetch miss 909 "Binder:909_3" 7fbd8dc000 97db
    Binder:909_3-2171  [006] ....  3206.025604: do_swap_page: prefetch miss 909 "Binder:909_3" 1855555000 157ea
 .candycrushsaga-6386  [004] ...1  3206.027221: do_swap_page: prefetch miss 6386 ".candycrushsaga" 7eab931000 2972f
 .candycrushsaga-6386  [004] ....  3206.027247: do_swap_page: prefetch miss 6386 ".candycrushsaga" 7ee40d1000 29730
    Binder:909_3-2171  [006] ...1  3206.027478: do_swap_page: prefetch miss 909 "Binder:909_3" 1855555000 157ea
    Binder:909_3-2171  [006] ....  3206.027583: do_swap_page: prefetch miss 909 "Binder:909_3" 5555552000 19792
 .candycrushsaga-6386  [004] ...1  3206.029327: do_swap_page: prefetch miss 6386 ".candycrushsaga" 7ee40d1000 29730
 .candycrushsaga-6386  [004] ....  3206.029343: do_swap_page: prefetch miss 6386 ".candycrushsaga" 7ee40d5000 29731
    Binder:909_3-2171  [006] ...1  3206.029346: do_swap_page: prefetch miss 909 "Binder:909_3" 5555552000 19792
    Binder:909_3-2171  [006] ....  3206.029361: do_swap_page: prefetch miss 909 "Binder:909_3" 1935552000 19793
 .candycrushsaga-6386  [004] ...1  3206.031103: do_swap_page: prefetch miss 6386 ".candycrushsaga" 7ee40d5000 29731
    Binder:909_3-2171  [006] ...1  3206.031121: do_swap_page: prefetch miss 909 "Binder:909_3" 1935552000 19793
 .candycrushsaga-6386  [004] ....  3206.031135: do_swap_page: prefetch miss 6386 ".candycrushsaga" 7f28fd6000 29732
    Binder:909_3-2171  [006] ....  3206.031161: do_swap_page: prefetch miss 909 "Binder:909_3" 7fbc0a8000 157f1
 .candycrushsaga-6386  [004] ...1  3206.032933: do_swap_page: prefetch miss 6386 ".candycrushsaga" 7f28fd6000 29732
 .candycrushsaga-6386  [004] ....  3206.032947: do_swap_page: prefetch miss 6386 ".candycrushsaga" 7e7d52f000 29733
    Binder:909_3-2171  [006] ...1  3206.032949: do_swap_page: prefetch miss 909 "Binder:909_3" 7fbc0a8000 157f1
    Binder:909_3-2171  [006] ....  3206.032958: do_swap_page: prefetch miss 909 "Binder:909_3" 7f36d6d000 572a
 .candycrushsaga-6386  [004] ...1  3206.034799: do_swap_page: prefetch miss 6386 ".candycrushsaga" 7e7d52f000 29733
 .candycrushsaga-6386  [004] ....  3206.034810: do_swap_page: prefetch miss 6386 ".candycrushsaga" 7e69e96000 29734
    Binder:909_3-2171  [006] ...1  3206.034812: do_swap_page: prefetch miss 909 "Binder:909_3" 7f36d6d000 572a
    Binder:909_3-2171  [006] ....  3206.034881: do_swap_page: prefetch miss 909 "Binder:909_3" 7f36d2d000 572f
 .candycrushsaga-6386  [004] ...1  3206.036614: do_swap_page: prefetch miss 6386 ".candycrushsaga" 7e69e96000 29734
    Binder:909_3-2171  [006] ...1  3206.036632: do_swap_page: prefetch miss 909 "Binder:909_3" 7f36d2d000 572f
           <...>-6647  [005] ....  3206.036657: do_swap_page: prefetch miss 6386 "Chrome_IOThread" 7ebf1a1000 29735
    Binder:909_3-2171  [005] ....  3206.036668: do_swap_page: prefetch miss 909 "Binder:909_3" 1d5555a000 157ef
 .candycrushsaga-6386  [004] ....  3206.036729: do_swap_page: prefetch miss 6386 ".candycrushsaga" 7ece1cf000 2572d
    Binder:909_3-2171  [006] ...1  3206.038549: do_swap_page: prefetch miss 909 "Binder:909_3" 1d5555a000 157ef
           <...>-6647  [005] ...1  3206.038563: do_swap_page: prefetch miss 6386 "Chrome_IOThread" 7ebf1a1000 29735
 .candycrushsaga-6386  [004] ...1  3206.038568: do_swap_page: prefetch miss 6386 ".candycrushsaga" 7ece1cf000 2572d
           <...>-6647  [005] ....  3206.038580: do_swap_page: prefetch miss 6386 "Chrome_IOThread" 7ec07cf000 217eb
    Binder:909_3-2171  [005] ....  3206.038589: do_swap_page: prefetch miss 909 "Binder:909_3" 2055556000 157f5
 .candycrushsaga-6386  [004] ....  3206.038870: do_swap_page: prefetch miss 6386 ".candycrushsaga" 9e07b000 29742
           <...>-13070 [005] ....  3206.038925: do_swap_page: prefetch miss 9856 "Binder:9856_6" 7f233c9000 217f7
    Binder:909_3-2171  [006] ...1  3206.040629: do_swap_page: prefetch miss 909 "Binder:909_3" 2055556000 157f5
           <...>-6647  [005] ...1  3206.040648: do_swap_page: prefetch miss 6386 "Chrome_IOThread" 7ec07cf000 217eb
           <...>-6647  [005] ....  3206.040659: do_swap_page: prefetch miss 6386 "Chrome_IOThread" 7f2d647000 217ec
    Binder:909_3-2171  [005] ....  3206.040668: do_swap_page: prefetch miss 909 "Binder:909_3" 265555d000 157f6
 .candycrushsaga-6386  [004] ...1  3206.040702: do_swap_page: prefetch miss 6386 ".candycrushsaga" 9e07b000 29742
           <...>-13070 [006] ...1  3206.040703: do_swap_page: prefetch miss 9856 "Binder:9856_6" 7f233c9000 217f7
 .candycrushsaga-6386  [004] ....  3206.040769: do_swap_page: prefetch miss 6386 ".candycrushsaga" 7f28fc7000 217f4
           <...>-13070 [006] ....  3206.040853: do_swap_page: prefetch miss 9856 "Binder:9856_6" 7f23700000 25733
    Binder:909_3-2171  [006] ...1  3206.042535: do_swap_page: prefetch miss 909 "Binder:909_3" 265555d000 157f6
           <...>-6647  [005] ...1  3206.042573: do_swap_page: prefetch miss 6386 "Chrome_IOThread" 7f2d647000 217ec
 .candycrushsaga-6386  [004] ...1  3206.042577: do_swap_page: prefetch miss 6386 ".candycrushsaga" 7f28fc7000 217f4
           <...>-6647  [005] ....  3206.042588: do_swap_page: prefetch miss 6386 "Chrome_IOThread" 7e8b262000 217ed
           <...>-13070 [005] ...1  3206.042629: do_swap_page: prefetch miss 9856 "Binder:9856_6" 7f23700000 25733
           <...>-13070 [005] ....  3206.042755: do_swap_page: prefetch miss 9856 "Binder:9856_6" 7ed3575000 25738
  Binder:1338_18-9121  [005] ....  3206.042847: do_swap_page: prefetch miss 1338 "Binder:1338_18" 7f20f01000 97e2
    Binder:909_3-2171  [006] ....  3206.042849: do_swap_page: prefetch miss 909 "Binder:909_3" 7fbd634000 175d
           <...>-6647  [005] ...1  3206.044569: do_swap_page: prefetch miss 6386 "Chrome_IOThread" 7e8b262000 217ed
           <...>-6647  [005] ....  3206.044594: do_swap_page: prefetch miss 6386 "Chrome_IOThread" 7e8b263000 217ee
           <...>-13070 [005] ...1  3206.044644: do_swap_page: prefetch miss 9856 "Binder:9856_6" 7ed3575000 25738
    Binder:909_3-2171  [006] ...1  3206.044661: do_swap_page: prefetch miss 909 "Binder:909_3" 7fbd634000 175d
  Binder:1338_18-9121  [005] ...1  3206.044666: do_swap_page: prefetch miss 1338 "Binder:1338_18" 7f20f01000 97e2
    Binder:909_3-2171  [006] ....  3206.044712: do_swap_page: prefetch miss 909 "Binder:909_3" 7f3bb3e000 d753
  Binder:1338_18-9121  [005] ....  3206.044738: do_swap_page: prefetch miss 1338 "Binder:1338_18" 9e31e000 5729
           <...>-13070 [005] ....  3206.044781: do_swap_page: prefetch miss 9856 "Binder:9856_6" 7ed352b000 2573a
           <...>-6647  [005] ...1  3206.046474: do_swap_page: prefetch miss 6386 "Chrome_IOThread" 7e8b263000 217ee
           <...>-6647  [005] ....  3206.046493: do_swap_page: prefetch miss 6386 "Chrome_IOThread" 7ebf2c5000 217f0
           <...>-13070 [005] ...1  3206.046536: do_swap_page: prefetch miss 9856 "Binder:9856_6" 7ed352b000 2573a
    Binder:909_3-2171  [006] ...1  3206.046551: do_swap_page: prefetch miss 909 "Binder:909_3" 7f3bb3e000 d753
  Binder:1338_18-9121  [005] ...1  3206.046562: do_swap_page: prefetch miss 1338 "Binder:1338_18" 9e31e000 5729
    Binder:909_3-2171  [006] ....  3206.046586: do_swap_page: prefetch miss 909 "Binder:909_3" 1b5555c000 157fa
  Binder:1338_18-9121  [005] ....  3206.046613: do_swap_page: prefetch miss 1338 "Binder:1338_18" 9e36c000 572c
           <...>-13070 [005] ....  3206.046703: do_swap_page: prefetch miss 9856 "Binder:9856_6" 7f21428000 2573d
           <...>-6647  [005] ...1  3206.048538: do_swap_page: prefetch miss 6386 "Chrome_IOThread" 7ebf2c5000 217f0
           <...>-6647  [005] ....  3206.048553: do_swap_page: prefetch miss 6386 "Chrome_IOThread" 7f2d646000 217f1
  Binder:1338_18-9121  [006] ...1  3206.048624: do_swap_page: prefetch miss 1338 "Binder:1338_18" 9e36c000 572c
           <...>-13070 [005] ...1  3206.048632: do_swap_page: prefetch miss 9856 "Binder:9856_6" 7f21428000 2573d
  Binder:1338_18-9121  [006] ....  3206.048648: do_swap_page: prefetch miss 1338 "Binder:1338_18" 9e2e6000 572e
    Binder:909_3-2171  [006] ...1  3206.048698: do_swap_page: prefetch miss 909 "Binder:909_3" 1b5555c000 157fa
           <...>-13070 [005] ....  3206.048717: do_swap_page: prefetch miss 9856 "Binder:9856_6" 7f21429000 2573e
    Binder:909_3-2171  [006] ....  3206.048775: do_swap_page: prefetch miss 909 "Binder:909_3" 1955552000 157fc
           <...>-6647  [005] ...1  3206.050563: do_swap_page: prefetch miss 6386 "Chrome_IOThread" 7f2d646000 217f1
           <...>-6647  [005] ....  3206.050586: do_swap_page: prefetch miss 6386 "Chrome_IOThread" 7f2d697000 217f2
  Binder:1338_18-9121  [006] ...1  3206.050602: do_swap_page: prefetch miss 1338 "Binder:1338_18" 9e2e6000 572e
           <...>-13070 [005] ...1  3206.050625: do_swap_page: prefetch miss 9856 "Binder:9856_6" 7f21429000 2573e
  Binder:1338_18-9121  [006] ....  3206.050640: do_swap_page: prefetch miss 1338 "Binder:1338_18" 7f20f08000 2579e
    Binder:909_3-2171  [006] ...1  3206.050649: do_swap_page: prefetch miss 909 "Binder:909_3" 1955552000 157fc
    Binder:909_3-2171  [006] ....  3206.050661: do_swap_page: prefetch miss 909 "Binder:909_3" 185555a000 157fd
           <...>-13070 [006] ....  3206.050672: do_swap_page: prefetch miss 9856 "Binder:9856_6" 7f21427000 2573f
           <...>-6647  [005] ...1  3206.052621: do_swap_page: prefetch miss 6386 "Chrome_IOThread" 7f2d697000 217f2
           <...>-6647  [005] ....  3206.052696: do_swap_page: prefetch miss 6386 "Chrome_IOThread" 7e9e804000 29736
  Binder:1338_18-9121  [005] ...1  3206.052704: do_swap_page: prefetch miss 1338 "Binder:1338_18" 7f20f08000 2579e
  Binder:1338_18-9121  [005] ....  3206.052767: do_swap_page: prefetch miss 1338 "Binder:1338_18" 7f20f0d000 d752
    Binder:909_3-2171  [005] ...1  3206.052775: do_swap_page: prefetch miss 909 "Binder:909_3" 185555a000 157fd
    Binder:909_3-2171  [005] ....  3206.052795: do_swap_page: prefetch miss 909 "Binder:909_3" 1955559000 157e4
           <...>-13070 [005] ...1  3206.052846: do_swap_page: prefetch miss 9856 "Binder:9856_6" 7f21427000 2573f
           <...>-13070 [005] ....  3206.052922: do_swap_page: prefetch miss 9856 "Binder:9856_6" 7ed35cc000 25741
           <...>-6647  [005] ...1  3206.058204: do_swap_page: prefetch miss 6386 "Chrome_IOThread" 7e9e804000 29736
    Binder:909_3-2171  [006] ...1  3206.058251: do_swap_page: prefetch miss 909 "Binder:909_3" 1955559000 157e4
  Binder:1338_18-9121  [005] ...1  3206.058281: do_swap_page: prefetch miss 1338 "Binder:1338_18" 7f20f0d000 d752
    Binder:909_3-2171  [006] ....  3206.058309: do_swap_page: prefetch miss 909 "Binder:909_3" 1855559000 19795
  Binder:1338_18-9121  [005] ....  3206.058452: do_swap_page: prefetch miss 1338 "Binder:1338_18" 1360b000 257bf
           <...>-6310  [000] ....  3206.058455: do_swap_page: prefetch miss 6067 "Binder:6067_6" 7ecd1da000 2579f
           <...>-6647  [005] ....  3206.058501: do_swap_page: prefetch miss 6386 "Chrome_IOThread" 7e69dd3000 29737
           <...>-13070 [005] ...1  3206.058509: do_swap_page: prefetch miss 9856 "Binder:9856_6" 7ed35cc000 25741
           <...>-2578  [000] ....  3206.058580: do_swap_page: prefetch miss 2057 "Binder:2057_6" 7ecc971000 29793
           <...>-13070 [005] ....  3206.058774: do_swap_page: prefetch miss 9856 "Binder:9856_6" 7ed35d7000 25745
           <...>-6647  [005] ...1  3206.060164: do_swap_page: prefetch miss 6386 "Chrome_IOThread" 7e69dd3000 29737
  Binder:1338_18-9121  [005] ...1  3206.060259: do_swap_page: prefetch miss 1338 "Binder:1338_18" 1360b000 257bf
           <...>-6310  [000] ...1  3206.060284: do_swap_page: prefetch miss 6067 "Binder:6067_6" 7ecd1da000 2579f
           <...>-6310  [000] ....  3206.060375: do_swap_page: prefetch miss 6067 "Binder:6067_6" 7fbe178000 257a0
  Binder:1338_18-9121  [005] ....  3206.060545: do_swap_page: prefetch miss 1338 "Binder:1338_18" 7e6a028000 257c3
    Binder:909_3-2171  [005] ...1  3206.060869: do_swap_page: prefetch miss 909 "Binder:909_3" 1855559000 19795
           <...>-6647  [005] ....  3206.060940: do_swap_page: prefetch miss 6386 "Chrome_IOThread" 7e9e045000 29739
           <...>-2578  [005] ...1  3206.060949: do_swap_page: prefetch miss 2057 "Binder:2057_6" 7ecc971000 29793
           <...>-13070 [006] ...1  3206.061114: do_swap_page: prefetch miss 9856 "Binder:9856_6" 7ed35d7000 25745
           <...>-18168 [005] ....  3206.061135: do_swap_page: prefetch miss 913 "generic" f3606000 157ff
           <...>-13070 [006] ....  3206.061229: do_swap_page: prefetch miss 9856 "Binder:9856_6" 7ed3542000 25748
           <...>-6647  [004] ...1  3206.062071: do_swap_page: prefetch miss 6386 "Chrome_IOThread" 7e9e045000 29739
  Binder:1338_18-9121  [005] ...1  3206.062107: do_swap_page: prefetch miss 1338 "Binder:1338_18" 7e6a028000 257c3
           <...>-6647  [004] ....  3206.062138: do_swap_page: prefetch miss 6386 "Chrome_IOThread" 7ed02a0000 2973a
           <...>-6310  [000] ...1  3206.062504: do_swap_page: prefetch miss 6067 "Binder:6067_6" 7fbe178000 257a0
           <...>-6310  [000] ....  3206.062626: do_swap_page: prefetch miss 6067 "Binder:6067_6" 12fc7000 257a1
           <...>-1369  [006] ....  3206.063198: do_swap_page: prefetch miss 1338 "android.anim" 7f212a8000 15703
           <...>-18168 [005] ...1  3206.063228: do_swap_page: prefetch miss 913 "generic" f3606000 157ff
    Binder:909_3-2171  [005] ....  3206.063344: do_swap_page: prefetch miss 909 "Binder:909_3" 1b55554000 1d731
           <...>-13070 [006] ...1  3206.063897: do_swap_page: prefetch miss 9856 "Binder:9856_6" 7ed3542000 25748
           <...>-6647  [004] ...1  3206.063921: do_swap_page: prefetch miss 6386 "Chrome_IOThread" 7ed02a0000 2973a
           <...>-6647  [004] ....  3206.063936: do_swap_page: prefetch miss 6386 "Chrome_IOThread" 7e69d49000 2973c
           <...>-13070 [006] ....  3206.063958: do_swap_page: prefetch miss 9856 "Binder:9856_6" 7f233e1000 29746
           <...>-6310  [000] ...1  3206.064315: do_swap_page: prefetch miss 6067 "Binder:6067_6" 12fc7000 257a1
           <...>-1369  [004] ...1  3206.064326: do_swap_page: prefetch miss 1338 "android.anim" 7f212a8000 15703
           <...>-6310  [000] ....  3206.064350: do_swap_page: prefetch miss 6067 "Binder:6067_6" 7fbe179000 29797
           <...>-1369  [004] ....  3206.064390: do_swap_page: prefetch miss 1338 "android.anim" 7f20b71000 297a1
    Binder:909_3-2171  [005] ...1  3206.066301: do_swap_page: prefetch miss 909 "Binder:909_3" 1b55554000 1d731
           <...>-13070 [006] ...1  3206.066320: do_swap_page: prefetch miss 9856 "Binder:9856_6" 7f233e1000 29746
    Binder:909_3-2171  [005] ....  3206.066347: do_swap_page: prefetch miss 909 "Binder:909_3" 1b5555f000 21701
           <...>-1369  [004] ...1  3206.066369: do_swap_page: prefetch miss 1338 "android.anim" 7f20b71000 297a1
           <...>-6310  [000] ...1  3206.066382: do_swap_page: prefetch miss 6067 "Binder:6067_6" 7fbe179000 29797
           <...>-1369  [004] ....  3206.066397: do_swap_page: prefetch miss 1338 "android.anim" 9e46b000 297a2
           <...>-6647  [004] ...1  3206.066403: do_swap_page: prefetch miss 6386 "Chrome_IOThread" 7e69d49000 2973c
           <...>-6647  [004] ....  3206.066413: do_swap_page: prefetch miss 6386 "Chrome_IOThread" 7e69cc4000 2973f
           <...>-6310  [000] ....  3206.066439: do_swap_page: prefetch miss 6067 "Binder:6067_6" 7f2d146000 257a3
           <...>-13070 [006] ....  3206.066453: do_swap_page: prefetch miss 9856 "Binder:9856_6" 7f2d63e000 29749
    Binder:909_3-2171  [006] ...1  3206.068574: do_swap_page: prefetch miss 909 "Binder:909_3" 1b5555f000 21701
    Binder:909_3-2171  [006] ....  3206.068643: do_swap_page: prefetch miss 909 "Binder:909_3" 1855554000 157ee
           <...>-13070 [006] ...1  3206.068731: do_swap_page: prefetch miss 9856 "Binder:9856_6" 7f2d63e000 29749
           <...>-1369  [004] ...1  3206.068735: do_swap_page: prefetch miss 1338 "android.anim" 9e46b000 297a2
           <...>-6310  [000] ...1  3206.068780: do_swap_page: prefetch miss 6067 "Binder:6067_6" 7f2d146000 257a3
           <...>-1369  [004] ....  3206.068844: do_swap_page: prefetch miss 1338 "android.anim" 7f28b64000 1570a
           <...>-6647  [004] ...1  3206.068853: do_swap_page: prefetch miss 6386 "Chrome_IOThread" 7e69cc4000 2973f
           <...>-6647  [004] ....  3206.068862: do_swap_page: prefetch miss 6386 "Chrome_IOThread" 7e69cab000 29741
           <...>-13070 [006] ....  3206.068917: do_swap_page: prefetch miss 9856 "Binder:9856_6" 7ed359c000 2974c
           <...>-6310  [000] ....  3206.069004: do_swap_page: prefetch miss 6067 "Binder:6067_6" 7fbbe6d000 257a5
    Binder:909_3-2171  [006] ...1  3206.070629: do_swap_page: prefetch miss 909 "Binder:909_3" 1855554000 157ee
           <...>-6310  [000] ...1  3206.070688: do_swap_page: prefetch miss 6067 "Binder:6067_6" 7fbbe6d000 257a5
           <...>-6647  [004] ...1  3206.070695: do_swap_page: prefetch miss 6386 "Chrome_IOThread" 7e69cab000 29741
           <...>-6310  [000] ....  3206.070728: do_swap_page: prefetch miss 6067 "Binder:6067_6" 13007000 257a6
           <...>-1369  [004] ...1  3206.070765: do_swap_page: prefetch miss 1338 "android.anim" 7f28b64000 1570a
           <...>-6647  [005] ....  3206.070767: do_swap_page: prefetch miss 6386 "Chrome_IOThread" 7f28f90000 29744
           <...>-13070 [005] ...1  3206.070781: do_swap_page: prefetch miss 9856 "Binder:9856_6" 7ed359c000 2974c
           <...>-1369  [004] ....  3206.070809: do_swap_page: prefetch miss 1338 "android.anim" 7eb4d6a000 1570b
           <...>-18168 [006] ....  3206.070860: do_swap_page: prefetch miss 913 "generic" f3544000 157a3
           <...>-13070 [005] ....  3206.071109: do_swap_page: prefetch miss 9856 "Binder:9856_6" 7f2142a000 1d7b4
           <...>-6647  [004] ...1  3206.072613: do_swap_page: prefetch miss 6386 "Chrome_IOThread" 7f28f90000 29744
           <...>-6647  [004] ....  3206.072646: do_swap_page: prefetch miss 6386 "Chrome_IOThread" 7e8b261000 217f5
           <...>-6747  [005] ....  3206.072652: do_swap_page: prefetch miss 6625 "Chrome_ChildIOT" e21fd000 2572e
           <...>-6310  [000] ...1  3206.072691: do_swap_page: prefetch miss 6067 "Binder:6067_6" 13007000 257a6
           <...>-18168 [006] ...1  3206.072692: do_swap_page: prefetch miss 913 "generic" f3544000 157a3
           <...>-6310  [000] ....  3206.072713: do_swap_page: prefetch miss 6067 "Binder:6067_6" 13041000 257a7
           <...>-1369  [004] ...1  3206.072793: do_swap_page: prefetch miss 1338 "android.anim" 7eb4d6a000 1570b
           <...>-13070 [006] ...1  3206.072829: do_swap_page: prefetch miss 9856 "Binder:9856_6" 7f2142a000 1d7b4
           <...>-13070 [006] ....  3206.072842: do_swap_page: prefetch miss 9856 "Binder:9856_6" 7ed3574000 1d7b5
           <...>-1369  [006] ....  3206.072853: do_swap_page: prefetch miss 1338 "android.anim" 7f28a89000 1570d
    Binder:909_3-2171  [001] ....  3206.074743: do_swap_page: prefetch miss 909 "Binder:909_3" 185555e000 19794
           <...>-6647  [006] ...1  3206.075069: do_swap_page: prefetch miss 6386 "Chrome_IOThread" 7e8b261000 217f5
           <...>-6747  [005] ...1  3206.075087: do_swap_page: prefetch miss 6625 "Chrome_ChildIOT" e21fd000 2572e
           <...>-1369  [004] ...1  3206.075106: do_swap_page: prefetch miss 1338 "android.anim" 7f28a89000 1570d
           <...>-6310  [000] ...1  3206.075108: do_swap_page: prefetch miss 6067 "Binder:6067_6" 13041000 257a7
           <...>-6747  [005] ....  3206.075109: do_swap_page: prefetch miss 6625 "Chrome_ChildIOT" cc658000 2572f
           <...>-13070 [006] ...1  3206.075131: do_swap_page: prefetch miss 9856 "Binder:9856_6" 7ed3574000 1d7b5
           <...>-6310  [000] ....  3206.075136: do_swap_page: prefetch miss 6067 "Binder:6067_6" 7f350f4000 257a8
           <...>-1369  [004] ....  3206.075177: do_swap_page: prefetch miss 1338 "android.anim" 7f28b63000 15711
    Binder:909_3-2171  [006] ...1  3206.076877: do_swap_page: prefetch miss 909 "Binder:909_3" 185555e000 19794
           <...>-6747  [005] ...1  3206.076897: do_swap_page: prefetch miss 6625 "Chrome_ChildIOT" cc658000 2572f
           <...>-6747  [005] ....  3206.076911: do_swap_page: prefetch miss 6625 "Chrome_ChildIOT" e2213000 25730
           <...>-1369  [004] ...1  3206.076923: do_swap_page: prefetch miss 1338 "android.anim" 7f28b63000 15711
    Binder:909_3-2171  [005] ....  3206.076924: do_swap_page: prefetch miss 909 "Binder:909_3" 7f3bb3a000 1760
           <...>-6310  [000] ...1  3206.076927: do_swap_page: prefetch miss 6067 "Binder:6067_6" 7f350f4000 257a8
           <...>-1369  [004] ....  3206.076939: do_swap_page: prefetch miss 1338 "android.anim" 7fbbff5000 297a3
           <...>-6310  [000] ....  3206.076951: do_swap_page: prefetch miss 6067 "Binder:6067_6" 7f34f80000 257a9
    Binder:909_3-2171  [006] ...1  3206.078824: do_swap_page: prefetch miss 909 "Binder:909_3" 7f3bb3a000 1760
           <...>-1369  [004] ...1  3206.078858: do_swap_page: prefetch miss 1338 "android.anim" 7fbbff5000 297a3
           <...>-6747  [005] ...1  3206.078863: do_swap_page: prefetch miss 6625 "Chrome_ChildIOT" e2213000 25730
           <...>-1369  [004] ....  3206.078872: do_swap_page: prefetch miss 1338 "android.anim" 7e69ff4000 2d7a8
           <...>-6747  [005] ....  3206.078873: do_swap_page: prefetch miss 6625 "Chrome_ChildIOT" e224c000 25731
    Binder:909_3-2171  [006] ....  3206.078874: do_swap_page: prefetch miss 909 "Binder:909_3" 1855557000 157f0
           <...>-6310  [000] ...1  3206.078887: do_swap_page: prefetch miss 6067 "Binder:6067_6" 7f34f80000 257a9
           <...>-6310  [000] ....  3206.079016: do_swap_page: prefetch miss 6067 "Binder:6067_6" 7f28c57000 257aa
           <...>-1369  [004] ...1  3206.080772: do_swap_page: prefetch miss 1338 "android.anim" 7e69ff4000 2d7a8
           <...>-1369  [004] ....  3206.080798: do_swap_page: prefetch miss 1338 "android.anim" 7e87a9a000 297a4
    Binder:909_3-2171  [006] ...1  3206.080809: do_swap_page: prefetch miss 909 "Binder:909_3" 1855557000 157f0
           <...>-6747  [005] ...1  3206.080843: do_swap_page: prefetch miss 6625 "Chrome_ChildIOT" e224c000 25731
           <...>-6310  [000] ...1  3206.080877: do_swap_page: prefetch miss 6067 "Binder:6067_6" 7f28c57000 257aa
           <...>-6747  [005] ....  3206.080895: do_swap_page: prefetch miss 6625 "Chrome_ChildIOT" e213e000 25732
           <...>-6310  [000] ....  3206.080963: do_swap_page: prefetch miss 6067 "Binder:6067_6" 7fbe22e000 257ab
    Binder:909_3-2171  [006] ....  3206.082078: do_swap_page: prefetch miss 909 "Binder:909_3" 1b35552000 157f7
           <...>-1369  [004] ...1  3206.082812: do_swap_page: prefetch miss 1338 "android.anim" 7e87a9a000 297a4
           <...>-1369  [004] ....  3206.082819: do_swap_page: prefetch miss 1338 "android.anim" 7e87a9b000 297a5
           <...>-6747  [005] ...1  3206.082842: do_swap_page: prefetch miss 6625 "Chrome_ChildIOT" e213e000 25732
           <...>-6310  [000] ...1  3206.082884: do_swap_page: prefetch miss 6067 "Binder:6067_6" 7fbe22e000 257ab
           <...>-6747  [005] ....  3206.082901: do_swap_page: prefetch miss 6625 "Chrome_ChildIOT" d722e000 25737
           <...>-6067  [001] ....  3206.083012: do_swap_page: prefetch miss 6067 "roid.smartboard" 7fffffd000 257ac
           <...>-6310  [000] ....  3206.083114: do_swap_page: prefetch miss 6067 "Binder:6067_6" 7fbe162000 257c0
    Binder:909_3-2171  [006] ...1  3206.084028: do_swap_page: prefetch miss 909 "Binder:909_3" 1b35552000 157f7
    Binder:909_3-2171  [006] ....  3206.084107: do_swap_page: prefetch miss 909 "Binder:909_3" 1755552000 157e5
           <...>-1369  [004] ...1  3206.084888: do_swap_page: prefetch miss 1338 "android.anim" 7e87a9b000 297a5
           <...>-1369  [004] ....  3206.084904: do_swap_page: prefetch miss 1338 "android.anim" 7e87a9c000 297a6
           <...>-6747  [005] ...1  3206.084912: do_swap_page: prefetch miss 6625 "Chrome_ChildIOT" d722e000 25737
           <...>-6067  [001] ...1  3206.084925: do_swap_page: prefetch miss 6067 "roid.smartboard" 7fffffd000 257ac
           <...>-6747  [005] ....  3206.084928: do_swap_page: prefetch miss 6625 "Chrome_ChildIOT" d6e2e000 25739
           <...>-6067  [001] ....  3206.085038: do_swap_page: prefetch miss 6067 "roid.smartboard" 7fbe491000 257ad
           <...>-6310  [000] ...1  3206.086360: do_swap_page: prefetch miss 6067 "Binder:6067_6" 7fbe162000 257c0
    Binder:909_3-2171  [006] ...1  3206.086414: do_swap_page: prefetch miss 909 "Binder:909_3" 1755552000 157e5
           <...>-6310  [000] ....  3206.086524: do_swap_page: prefetch miss 6067 "Binder:6067_6" 7fbe2f1000 257c1
    Binder:909_3-2171  [006] ....  3206.086716: do_swap_page: prefetch miss 909 "Binder:909_3" 185555c000 157f9
           <...>-1369  [004] ...1  3206.086799: do_swap_page: prefetch miss 1338 "android.anim" 7e87a9c000 297a6
           <...>-1369  [004] ....  3206.086807: do_swap_page: prefetch miss 1338 "android.anim" 7e87a9d000 297a7
           <...>-6747  [005] ...1  3206.086820: do_swap_page: prefetch miss 6625 "Chrome_ChildIOT" d6e2e000 25739
           <...>-6747  [005] ....  3206.086830: do_swap_page: prefetch miss 6625 "Chrome_ChildIOT" e2242000 2573c
           <...>-6067  [001] ...1  3206.086832: do_swap_page: prefetch miss 6067 "roid.smartboard" 7fbe491000 257ad
           <...>-6067  [001] ....  3206.086929: do_swap_page: prefetch miss 6067 "roid.smartboard" 7fbe1a2000 257ae
           <...>-6310  [000] ...1  3206.089014: do_swap_page: prefetch miss 6067 "Binder:6067_6" 7fbe2f1000 257c1
           <...>-6310  [000] .n..  3206.089055: do_swap_page: prefetch miss 6067 "Binder:6067_6" 7f2d791000 257c2
    Binder:909_3-2171  [006] ...1  3206.089057: do_swap_page: prefetch miss 909 "Binder:909_3" 185555c000 157f9
           <...>-1369  [004] ...1  3206.089065: do_swap_page: prefetch miss 1338 "android.anim" 7e87a9d000 297a7
           <...>-1369  [004] ....  3206.089071: do_swap_page: prefetch miss 1338 "android.anim" 7e87a9e000 297a8
    Binder:909_3-2171  [006] ....  3206.089138: do_swap_page: prefetch miss 909 "Binder:909_3" 1755571000 157f3
           <...>-6747  [005] ...1  3206.089155: do_swap_page: prefetch miss 6625 "Chrome_ChildIOT" e2242000 2573c
           <...>-6067  [001] ...1  3206.089165: do_swap_page: prefetch miss 6067 "roid.smartboard" 7fbe1a2000 257ae
           <...>-6747  [005] ....  3206.089169: do_swap_page: prefetch miss 6625 "Chrome_ChildIOT" f7a2d000 25740
           <...>-6067  [001] ....  3206.089187: do_swap_page: prefetch miss 6067 "roid.smartboard" 7fbe1a3000 257af
           <...>-6310  [000] ...1  3206.094296: do_swap_page: prefetch miss 6067 "Binder:6067_6" 7f2d791000 257c2
           <...>-1369  [004] ...1  3206.094305: do_swap_page: prefetch miss 1338 "android.anim" 7e87a9e000 297a8
    Binder:909_3-2171  [006] ...1  3206.094307: do_swap_page: prefetch miss 909 "Binder:909_3" 1755571000 157f3
           <...>-1369  [004] ....  3206.094315: do_swap_page: prefetch miss 1338 "android.anim" 7e87a9f000 297a9
           <...>-6310  [000] ....  3206.094321: do_swap_page: prefetch miss 6067 "Binder:6067_6" 7ecd278000 257c4
           <...>-6067  [001] ...1  3206.094336: do_swap_page: prefetch miss 6067 "roid.smartboard" 7fbe1a3000 257af
           <...>-6067  [001] ....  3206.094351: do_swap_page: prefetch miss 6067 "roid.smartboard" 7fbe25a000 257b0
           <...>-6747  [005] ...1  3206.094382: do_swap_page: prefetch miss 6625 "Chrome_ChildIOT" f7a2d000 25740
           <...>-6747  [005] ....  3206.094397: do_swap_page: prefetch miss 6625 "Chrome_ChildIOT" cc657000 25742
    Binder:909_3-2171  [006] ....  3206.094537: do_swap_page: prefetch miss 909 "Binder:909_3" 1a55553000 157f8
           <...>-6310  [000] ...1  3206.096285: do_swap_page: prefetch miss 6067 "Binder:6067_6" 7ecd278000 257c4
           <...>-1369  [004] ...1  3206.096290: do_swap_page: prefetch miss 1338 "android.anim" 7e87a9f000 297a9
           <...>-1369  [004] ....  3206.096299: do_swap_page: prefetch miss 1338 "android.anim" 7e87aa0000 297aa
           <...>-6067  [001] ...1  3206.096303: do_swap_page: prefetch miss 6067 "roid.smartboard" 7fbe25a000 257b0
           <...>-6747  [005] ...1  3206.096312: do_swap_page: prefetch miss 6625 "Chrome_ChildIOT" cc657000 25742
           <...>-6747  [005] ....  3206.096327: do_swap_page: prefetch miss 6625 "Chrome_ChildIOT" e20f7000 25743
           <...>-6067  [001] ....  3206.096338: do_swap_page: prefetch miss 6067 "roid.smartboard" 7fffffb000 257b1
           <...>-6310  [000] ....  3206.096340: do_swap_page: prefetch miss 6067 "Binder:6067_6" 7fbe1c5000 257ca
    Binder:909_3-2171  [006] ...1  3206.096407: do_swap_page: prefetch miss 909 "Binder:909_3" 1a55553000 157f8
    Binder:909_3-2171  [006] ....  3206.096439: do_swap_page: prefetch miss 909 "Binder:909_3" 175556c000 19797
           <...>-1369  [004] ...1  3206.098204: do_swap_page: prefetch miss 1338 "android.anim" 7e87aa0000 297aa
           <...>-1369  [004] ....  3206.098211: do_swap_page: prefetch miss 1338 "android.anim" 7e87aa1000 297ab
           <...>-6747  [005] ...1  3206.098247: do_swap_page: prefetch miss 6625 "Chrome_ChildIOT" e20f7000 25743
           <...>-6310  [000] ...1  3206.098281: do_swap_page: prefetch miss 6067 "Binder:6067_6" 7fbe1c5000 257ca
           <...>-6067  [001] ...1  3206.098282: do_swap_page: prefetch miss 6067 "roid.smartboard" 7fffffb000 257b1
    Binder:909_3-2171  [006] ...1  3206.098289: do_swap_page: prefetch miss 909 "Binder:909_3" 175556c000 19797
           <...>-6747  [005] ....  3206.098290: do_swap_page: prefetch miss 6625 "Chrome_ChildIOT" e2254000 25744
           <...>-6067  [001] ....  3206.098304: do_swap_page: prefetch miss 6067 "roid.smartboard" 72055000 257b2
    Binder:909_3-2171  [006] ....  3206.098367: do_swap_page: prefetch miss 909 "Binder:909_3" 1e5555e000 157e9
           <...>-6310  [000] ....  3206.098386: do_swap_page: prefetch miss 6067 "Binder:6067_6" 71e3e000 257b6
           <...>-1369  [004] ...1  3206.100170: do_swap_page: prefetch miss 1338 "android.anim" 7e87aa1000 297ab
           <...>-1369  [004] ....  3206.100177: do_swap_page: prefetch miss 1338 "android.anim" 7e87aa2000 297ac
           <...>-6067  [001] ...1  3206.100226: do_swap_page: prefetch miss 6067 "roid.smartboard" 72055000 257b2
           <...>-6310  [000] ...1  3206.100252: do_swap_page: prefetch miss 6067 "Binder:6067_6" 71e3e000 257b6
           <...>-6067  [001] .n..  3206.100262: do_swap_page: prefetch miss 6067 "roid.smartboard" 721c2000 257b3
    Binder:909_3-2171  [006] ...1  3206.100272: do_swap_page: prefetch miss 909 "Binder:909_3" 1e5555e000 157e9
           <...>-6747  [005] ...1  3206.100318: do_swap_page: prefetch miss 6625 "Chrome_ChildIOT" e2254000 25744
           <...>-6747  [005] ....  3206.100341: do_swap_page: prefetch miss 6625 "Chrome_ChildIOT" d6e1d000 25746
           <...>-6310  [000] ....  3206.100452: do_swap_page: prefetch miss 6067 "Binder:6067_6" 7fbbe6e000 1d7ec
    Binder:909_3-2171  [006] ....  3206.101226: do_swap_page: prefetch miss 909 "Binder:909_3" 1d5555c000 157ed
           <...>-1369  [004] ...1  3206.103694: do_swap_page: prefetch miss 1338 "android.anim" 7e87aa2000 297ac
           <...>-1369  [004] ....  3206.103706: do_swap_page: prefetch miss 1338 "android.anim" 7e6a1ab000 2d79c
           <...>-6067  [001] ...1  3206.103742: do_swap_page: prefetch miss 6067 "roid.smartboard" 721c2000 257b3
           <...>-6747  [005] ...1  3206.103771: do_swap_page: prefetch miss 6625 "Chrome_ChildIOT" d6e1d000 25746
