           <...>-6668  [007] ...1  5534.424320: do_swap_page: prefetch miss 6648 "CrRendererMain" e5466000 176461
           <...>-6668  [007] ....  5534.424323: lookup_swap_cache: prefetch hit 6648 "CrRendererMain" e547c000 176462
           <...>-6668  [007] ...1  5534.424324: do_swap_page: prefetch miss 6648 "CrRendererMain" e547c000 176462
           <...>-6668  [007] ....  5534.424326: lookup_swap_cache: prefetch hit 6648 "CrRendererMain" e5446000 176463
           <...>-6668  [007] ...1  5534.424327: do_swap_page: prefetch miss 6648 "CrRendererMain" e5446000 176463
           <...>-6668  [007] ....  5534.424329: lookup_swap_cache: prefetch hit 6648 "CrRendererMain" e54cb000 176464
           <...>-6668  [007] ...1  5534.424330: do_swap_page: prefetch miss 6648 "CrRendererMain" e54cb000 176464
           <...>-6668  [007] ....  5534.424333: lookup_swap_cache: prefetch hit 6648 "CrRendererMain" 37a08000 176465
           <...>-6668  [007] ...1  5534.424334: do_swap_page: prefetch miss 6648 "CrRendererMain" 37a08000 176465
           <...>-6668  [007] ....  5534.424337: lookup_swap_cache: prefetch hit 6648 "CrRendererMain" e54ff000 176466
           <...>-6668  [007] ...1  5534.424338: do_swap_page: prefetch miss 6648 "CrRendererMain" e54ff000 176466
           <...>-6668  [007] ....  5534.424340: lookup_swap_cache: prefetch hit 6648 "CrRendererMain" d7350000 176467
           <...>-6668  [007] ...1  5534.424341: do_swap_page: prefetch miss 6648 "CrRendererMain" d7350000 176467
           <...>-6668  [007] ....  5534.424343: lookup_swap_cache: prefetch hit 6648 "CrRendererMain" e54d4000 176468
           <...>-6668  [007] ...1  5534.424344: do_swap_page: prefetch miss 6648 "CrRendererMain" e54d4000 176468
           <...>-6668  [007] ....  5534.424345: lookup_swap_cache: prefetch hit 6648 "CrRendererMain" e5427000 176469
           <...>-6668  [007] ...1  5534.424346: do_swap_page: prefetch miss 6648 "CrRendererMain" e5427000 176469
           <...>-6668  [007] ....  5534.424348: lookup_swap_cache: prefetch hit 6648 "CrRendererMain" cd448000 17646a
           <...>-6668  [007] ...1  5534.424349: do_swap_page: prefetch miss 6648 "CrRendererMain" cd448000 17646a
           <...>-6668  [007] ....  5534.424351: lookup_swap_cache: prefetch hit 6648 "CrRendererMain" cc256000 17646b
           <...>-6668  [007] ...1  5534.424351: do_swap_page: prefetch miss 6648 "CrRendererMain" cc256000 17646b
           <...>-6668  [007] ....  5534.424354: lookup_swap_cache: prefetch hit 6648 "CrRendererMain" 36fc2000 17646c
           <...>-6668  [007] ...1  5534.424355: do_swap_page: prefetch miss 6648 "CrRendererMain" 36fc2000 17646c
           <...>-6668  [007] ....  5534.424358: lookup_swap_cache: prefetch hit 6648 "CrRendererMain" 2fca1000 17646d
           <...>-6668  [007] ...1  5534.424358: do_swap_page: prefetch miss 6648 "CrRendererMain" 2fca1000 17646d
           <...>-6668  [007] ....  5534.424361: lookup_swap_cache: prefetch hit 6648 "CrRendererMain" 36fcb000 16e4d1
           <...>-6668  [007] ...1  5534.424361: do_swap_page: prefetch miss 6648 "CrRendererMain" 36fcb000 16e4d1
           <...>-6668  [007] ....  5534.424364: lookup_swap_cache: prefetch hit 6648 "CrRendererMain" 370f0000 16e4d2
           <...>-6668  [007] ...1  5534.424364: do_swap_page: prefetch miss 6648 "CrRendererMain" 370f0000 16e4d2
           <...>-6668  [007] ....  5534.424367: lookup_swap_cache: prefetch hit 6648 "CrRendererMain" 370e8000 16e4d3
           <...>-6668  [007] ...1  5534.424368: do_swap_page: prefetch miss 6648 "CrRendererMain" 370e8000 16e4d3
           <...>-6668  [007] ....  5534.424370: lookup_swap_cache: prefetch hit 6648 "CrRendererMain" 370d9000 16e4d4
           <...>-6668  [007] ...1  5534.424370: do_swap_page: prefetch miss 6648 "CrRendererMain" 370d9000 16e4d4
           <...>-6668  [007] ....  5534.424382: lookup_swap_cache: prefetch hit 6648 "CrRendererMain" e54d5000 16e4d5
           <...>-6668  [007] ...1  5534.424383: do_swap_page: prefetch miss 6648 "CrRendererMain" e54d5000 16e4d5
           <...>-6668  [007] ....  5534.424394: lookup_swap_cache: prefetch hit 6648 "CrRendererMain" e541a000 16e4d6
           <...>-6668  [007] ...1  5534.424395: do_swap_page: prefetch miss 6648 "CrRendererMain" e541a000 16e4d6
           <...>-6668  [007] ....  5534.424399: lookup_swap_cache: prefetch hit 6648 "CrRendererMain" cc29d000 16e4d7
           <...>-6668  [007] ...1  5534.424400: do_swap_page: prefetch miss 6648 "CrRendererMain" cc29d000 16e4d7
           <...>-6668  [007] ....  5534.424401: lookup_swap_cache: prefetch hit 6648 "CrRendererMain" e54df000 16e4d8
           <...>-6668  [007] ...1  5534.424402: do_swap_page: prefetch miss 6648 "CrRendererMain" e54df000 16e4d8
           <...>-6668  [007] ....  5534.424405: lookup_swap_cache: prefetch hit 6648 "CrRendererMain" e54da000 16e4d9
           <...>-6668  [007] ...1  5534.424406: do_swap_page: prefetch miss 6648 "CrRendererMain" e54da000 16e4d9
           <...>-6668  [007] ....  5534.424443: do_swap_page: prefetch miss 6648 "CrRendererMain" d6e86000 2e4c6
           <...>-6400  [007] ...1  5534.426126: do_swap_page: prefetch miss 6400 ".candycrushsaga" 9e92f000 2a446
           <...>-6400  [007] ....  5534.426137: do_swap_page: prefetch miss 6400 ".candycrushsaga" 9e8e1000 2a447
           <...>-6668  [007] ...1  5534.426291: do_swap_page: prefetch miss 6648 "CrRendererMain" d6e86000 2e4c6
           <...>-6668  [007] ....  5534.426295: lookup_swap_cache: prefetch hit 6648 "CrRendererMain" e541d000 16e4da
           <...>-6668  [007] ...1  5534.426295: do_swap_page: prefetch miss 6648 "CrRendererMain" e541d000 16e4da
           <...>-6668  [007] ....  5534.426310: lookup_swap_cache: prefetch hit 6648 "CrRendererMain" e217a000 16e4dc
           <...>-6668  [007] ...1  5534.426311: do_swap_page: prefetch miss 6648 "CrRendererMain" e217a000 16e4dc
           <...>-6668  [007] ....  5534.426313: lookup_swap_cache: prefetch hit 6648 "CrRendererMain" e2131000 16e4dd
           <...>-6668  [007] ...1  5534.426313: do_swap_page: prefetch miss 6648 "CrRendererMain" e2131000 16e4dd
           <...>-6668  [007] ....  5534.426326: lookup_swap_cache: prefetch hit 6648 "CrRendererMain" e21bb000 16e4de
           <...>-6668  [007] ...1  5534.426326: do_swap_page: prefetch miss 6648 "CrRendererMain" e21bb000 16e4de
           <...>-6668  [007] ....  5534.426360: do_swap_page: prefetch miss 6648 "CrRendererMain" d6e82000 2e4ce
           <...>-6400  [007] ...1  5534.428348: do_swap_page: prefetch miss 6400 ".candycrushsaga" 9e8e1000 2a447
           <...>-6400  [007] ....  5534.428458: lookup_swap_cache: prefetch hit 6400 ".candycrushsaga" 7fbe176000 16e4df
           <...>-6400  [007] ...1  5534.428460: do_swap_page: prefetch miss 6400 ".candycrushsaga" 7fbe176000 16e4df
           <...>-6668  [007] ...1  5534.428636: do_swap_page: prefetch miss 6648 "CrRendererMain" d6e82000 2e4ce
           <...>-6668  [007] ....  5534.428640: lookup_swap_cache: prefetch hit 6648 "CrRendererMain" e2221000 16e4e0
           <...>-6668  [007] ...1  5534.428641: do_swap_page: prefetch miss 6648 "CrRendererMain" e2221000 16e4e0
           <...>-6668  [007] ....  5534.428645: lookup_swap_cache: prefetch hit 6648 "CrRendererMain" d734c000 16e4e1
           <...>-6668  [007] ...1  5534.428645: do_swap_page: prefetch miss 6648 "CrRendererMain" d734c000 16e4e1
           <...>-6668  [007] ....  5534.428646: lookup_swap_cache: prefetch hit 6648 "CrRendererMain" d734a000 16e4e2
           <...>-6668  [007] ...1  5534.428647: do_swap_page: prefetch miss 6648 "CrRendererMain" d734a000 16e4e2
           <...>-6668  [007] ....  5534.428650: lookup_swap_cache: prefetch hit 6648 "CrRendererMain" 48601000 16e4e3
           <...>-6668  [007] ...1  5534.428651: do_swap_page: prefetch miss 6648 "CrRendererMain" 48601000 16e4e3
           <...>-6668  [007] ....  5534.428653: lookup_swap_cache: prefetch hit 6648 "CrRendererMain" 486ac000 16e4e4
           <...>-6668  [007] ...1  5534.428654: do_swap_page: prefetch miss 6648 "CrRendererMain" 486ac000 16e4e4
           <...>-6668  [007] ....  5534.428660: lookup_swap_cache: prefetch hit 6648 "CrRendererMain" 3944e000 16e4e5
           <...>-6668  [007] ...1  5534.428661: do_swap_page: prefetch miss 6648 "CrRendererMain" 3944e000 16e4e5
           <...>-6668  [007] ....  5534.428663: lookup_swap_cache: prefetch hit 6648 "CrRendererMain" 370ef000 16e4e6
           <...>-6668  [007] ...1  5534.428664: do_swap_page: prefetch miss 6648 "CrRendererMain" 370ef000 16e4e6
           <...>-6668  [007] ....  5534.428669: lookup_swap_cache: prefetch hit 6648 "CrRendererMain" d7348000 16e4e7
           <...>-6668  [007] ...1  5534.428669: do_swap_page: prefetch miss 6648 "CrRendererMain" d7348000 16e4e7
           <...>-6668  [007] ....  5534.428672: lookup_swap_cache: prefetch hit 6648 "CrRendererMain" 37a01000 16e4e8
           <...>-6668  [007] ...1  5534.428673: do_swap_page: prefetch miss 6648 "CrRendererMain" 37a01000 16e4e8
           <...>-6668  [007] ....  5534.428687: lookup_swap_cache: prefetch hit 6648 "CrRendererMain" 2fdc3000 16e4e9
           <...>-6668  [007] ...1  5534.428688: do_swap_page: prefetch miss 6648 "CrRendererMain" 2fdc3000 16e4e9
           <...>-6668  [007] ....  5534.428689: lookup_swap_cache: prefetch hit 6648 "CrRendererMain" 370f2000 16e4ea
           <...>-6668  [007] ...1  5534.428690: do_swap_page: prefetch miss 6648 "CrRendererMain" 370f2000 16e4ea
           <...>-6668  [007] ....  5534.428692: lookup_swap_cache: prefetch hit 6648 "CrRendererMain" cb6ab000 16e4eb
           <...>-6668  [007] ...1  5534.428693: do_swap_page: prefetch miss 6648 "CrRendererMain" cb6ab000 16e4eb
           <...>-6668  [007] ....  5534.428695: lookup_swap_cache: prefetch hit 6648 "CrRendererMain" d734f000 16e4ec
           <...>-6668  [007] ...1  5534.428696: do_swap_page: prefetch miss 6648 "CrRendererMain" d734f000 16e4ec
           <...>-6668  [007] ....  5534.428698: lookup_swap_cache: prefetch hit 6648 "CrRendererMain" 37ac0000 16e4ed
           <...>-6668  [007] ...1  5534.428699: do_swap_page: prefetch miss 6648 "CrRendererMain" 37ac0000 16e4ed
           <...>-6668  [007] ....  5534.428700: lookup_swap_cache: prefetch hit 6648 "CrRendererMain" cc255000 16e4ee
           <...>-6668  [007] ...1  5534.428701: do_swap_page: prefetch miss 6648 "CrRendererMain" cc255000 16e4ee
           <...>-6668  [007] ....  5534.428703: lookup_swap_cache: prefetch hit 6648 "CrRendererMain" cbe0a000 16e4ef
           <...>-6668  [007] ...1  5534.428704: do_swap_page: prefetch miss 6648 "CrRendererMain" cbe0a000 16e4ef
           <...>-6668  [007] ....  5534.428706: lookup_swap_cache: prefetch hit 6648 "CrRendererMain" 37a04000 16e4f0
           <...>-6668  [007] ...1  5534.428706: do_swap_page: prefetch miss 6648 "CrRendererMain" 37a04000 16e4f0
           <...>-6668  [007] ....  5534.428708: lookup_swap_cache: prefetch hit 6648 "CrRendererMain" 2fdc4000 16e4f1
           <...>-6668  [007] ...1  5534.428709: do_swap_page: prefetch miss 6648 "CrRendererMain" 2fdc4000 16e4f1
           <...>-6668  [007] ....  5534.428710: lookup_swap_cache: prefetch hit 6648 "CrRendererMain" e5490000 16e4f2
           <...>-6668  [007] ...1  5534.428711: do_swap_page: prefetch miss 6648 "CrRendererMain" e5490000 16e4f2
           <...>-6668  [007] ....  5534.428714: lookup_swap_cache: prefetch hit 6648 "CrRendererMain" e5401000 1724d5
           <...>-6668  [007] ...1  5534.428715: do_swap_page: prefetch miss 6648 "CrRendererMain" e5401000 1724d5
           <...>-6668  [007] ....  5534.428717: lookup_swap_cache: prefetch hit 6648 "CrRendererMain" 31c44000 1724d6
           <...>-6668  [007] ...1  5534.428718: do_swap_page: prefetch miss 6648 "CrRendererMain" 31c44000 1724d6
           <...>-6668  [007] ....  5534.428727: lookup_swap_cache: prefetch hit 6648 "CrRendererMain" e221c000 1724d7
           <...>-6668  [007] ...1  5534.428728: do_swap_page: prefetch miss 6648 "CrRendererMain" e221c000 1724d7
           <...>-6668  [007] ....  5534.428730: lookup_swap_cache: prefetch hit 6648 "CrRendererMain" 31c00000 16a4db
           <...>-6668  [007] ...1  5534.428730: do_swap_page: prefetch miss 6648 "CrRendererMain" 31c00000 16a4db
           <...>-6668  [007] ....  5534.428732: lookup_swap_cache: prefetch hit 6648 "CrRendererMain" e221e000 16a4dc
           <...>-6668  [007] ...1  5534.428732: do_swap_page: prefetch miss 6648 "CrRendererMain" e221e000 16a4dc
           <...>-6668  [007] ....  5534.428734: lookup_swap_cache: prefetch hit 6648 "CrRendererMain" e54cc000 16a4dd
           <...>-6668  [007] ...1  5534.428735: do_swap_page: prefetch miss 6648 "CrRendererMain" e54cc000 16a4dd
           <...>-6668  [007] ....  5534.428736: lookup_swap_cache: prefetch hit 6648 "CrRendererMain" e54de000 16e4db
           <...>-6668  [007] ...1  5534.428737: do_swap_page: prefetch miss 6648 "CrRendererMain" e54de000 16e4db
           <...>-6668  [007] ....  5534.428742: lookup_swap_cache: prefetch hit 6648 "CrRendererMain" 3b600000 16a4de
           <...>-6668  [007] ...1  5534.428742: do_swap_page: prefetch miss 6648 "CrRendererMain" 3b600000 16a4de
           <...>-6668  [007] ....  5534.428744: lookup_swap_cache: prefetch hit 6648 "CrRendererMain" 3b67f000 16e4f3
           <...>-6668  [007] ...1  5534.428744: do_swap_page: prefetch miss 6648 "CrRendererMain" 3b67f000 16e4f3
           <...>-6668  [007] ....  5534.428746: lookup_swap_cache: prefetch hit 6648 "CrRendererMain" 3d756000 16e4f4
           <...>-6668  [007] ...1  5534.428747: do_swap_page: prefetch miss 6648 "CrRendererMain" 3d756000 16e4f4
           <...>-6668  [007] ....  5534.428750: lookup_swap_cache: prefetch hit 6648 "CrRendererMain" d6e84000 16e4f5
           <...>-6668  [007] ...1  5534.428751: do_swap_page: prefetch miss 6648 "CrRendererMain" d6e84000 16e4f5
           <...>-6668  [007] ....  5534.428756: lookup_swap_cache: prefetch hit 6648 "CrRendererMain" e54f3000 16e4f6
           <...>-6668  [007] ...1  5534.428756: do_swap_page: prefetch miss 6648 "CrRendererMain" e54f3000 16e4f6
           <...>-6668  [007] ....  5534.428758: lookup_swap_cache: prefetch hit 6648 "CrRendererMain" d6e81000 16e4f7
           <...>-6668  [007] ...1  5534.428759: do_swap_page: prefetch miss 6648 "CrRendererMain" d6e81000 16e4f7
           <...>-6668  [007] ....  5534.428774: do_swap_page: prefetch miss 6648 "CrRendererMain" 39380000 2a493
           <...>-2810  [006] ....  5534.428801: do_swap_page: prefetch miss 1341 "Binder:1341_B" 7ed1798000 2a449
           <...>-2810  [006] ...1  5534.430865: do_swap_page: prefetch miss 1341 "Binder:1341_B" 7ed1798000 2a449
           <...>-2810  [006] ....  5534.430926: do_swap_page: prefetch miss 1341 "Binder:1341_B" 9e94e000 e41b
           <...>-6668  [007] ...1  5534.430992: do_swap_page: prefetch miss 6648 "CrRendererMain" 39380000 2a493
           <...>-6668  [007] ....  5534.431017: lookup_swap_cache: prefetch hit 6648 "CrRendererMain" e549f000 16e4f8
           <...>-6668  [007] ...1  5534.431018: do_swap_page: prefetch miss 6648 "CrRendererMain" e549f000 16e4f8
           <...>-6668  [007] ....  5534.431019: lookup_swap_cache: prefetch hit 6648 "CrRendererMain" e54fe000 16e4f9
           <...>-6668  [007] ...1  5534.431020: do_swap_page: prefetch miss 6648 "CrRendererMain" e54fe000 16e4f9
           <...>-6668  [007] ....  5534.431031: lookup_swap_cache: prefetch hit 6648 "CrRendererMain" 37a6c000 16e4fb
           <...>-6668  [007] ...1  5534.431032: do_swap_page: prefetch miss 6648 "CrRendererMain" 37a6c000 16e4fb
           <...>-6668  [007] ....  5534.431034: lookup_swap_cache: prefetch hit 6648 "CrRendererMain" 37a34000 16a4df
           <...>-6668  [007] ...1  5534.431034: do_swap_page: prefetch miss 6648 "CrRendererMain" 37a34000 16a4df
           <...>-6668  [007] ....  5534.431036: lookup_swap_cache: prefetch hit 6648 "CrRendererMain" 48229000 16a4e0
           <...>-6668  [007] ...1  5534.431037: do_swap_page: prefetch miss 6648 "CrRendererMain" 48229000 16a4e0
           <...>-6668  [007] ....  5534.431093: do_swap_page: prefetch miss 6648 "CrRendererMain" 39381000 2a49a
           <...>-2810  [006] ...1  5534.433172: do_swap_page: prefetch miss 1341 "Binder:1341_B" 9e94e000 e41b
           <...>-6400  [006] ....  5534.433258: lookup_swap_cache: prefetch hit 6400 ".candycrushsaga" 7ecb16b000 16e4fa
           <...>-6400  [006] ...1  5534.433261: do_swap_page: prefetch miss 6400 ".candycrushsaga" 7ecb16b000 16e4fa
           <...>-2810  [006] ....  5534.433387: do_swap_page: prefetch miss 1341 "Binder:1341_B" 7ed1558000 2a450
           <...>-6668  [007] ...1  5534.433403: do_swap_page: prefetch miss 6648 "CrRendererMain" 39381000 2a49a
           <...>-6668  [007] ....  5534.433426: lookup_swap_cache: prefetch hit 6648 "CrRendererMain" e21f2000 16a4e3
           <...>-6668  [007] ...1  5534.433427: do_swap_page: prefetch miss 6648 "CrRendererMain" e21f2000 16a4e3
           <...>-6668  [007] ....  5534.433430: lookup_swap_cache: prefetch hit 6648 "CrRendererMain" e5491000 1724d8
           <...>-6668  [007] ...1  5534.433430: do_swap_page: prefetch miss 6648 "CrRendererMain" e5491000 1724d8
           <...>-6668  [007] ....  5534.433434: lookup_swap_cache: prefetch hit 6648 "CrRendererMain" cc8dc000 1724d9
           <...>-6668  [007] ...1  5534.433435: do_swap_page: prefetch miss 6648 "CrRendererMain" cc8dc000 1724d9
           <...>-6668  [007] ....  5534.433439: lookup_swap_cache: prefetch hit 6648 "CrRendererMain" d7354000 1724da
           <...>-6668  [007] ...1  5534.433439: do_swap_page: prefetch miss 6648 "CrRendererMain" d7354000 1724da
           <...>-6668  [007] ....  5534.433470: do_swap_page: prefetch miss 6648 "CrRendererMain" d6e77000 2a4a1
           <...>-2810  [006] ...1  5534.435742: do_swap_page: prefetch miss 1341 "Binder:1341_B" 7ed1558000 2a450
           <...>-6668  [007] ...1  5534.435878: do_swap_page: prefetch miss 6648 "CrRendererMain" d6e77000 2a4a1
           <...>-6668  [007] ....  5534.435880: lookup_swap_cache: prefetch hit 6648 "CrRendererMain" e2223000 16a4e2
           <...>-6668  [007] ...1  5534.435880: do_swap_page: prefetch miss 6648 "CrRendererMain" e2223000 16a4e2
           <...>-6668  [007] ....  5534.435883: lookup_swap_cache: prefetch hit 6648 "CrRendererMain" e221d000 1724db
           <...>-6668  [007] ...1  5534.435884: do_swap_page: prefetch miss 6648 "CrRendererMain" e221d000 1724db
           <...>-6668  [007] ....  5534.435890: lookup_swap_cache: prefetch hit 6648 "CrRendererMain" cd446000 17646e
           <...>-6668  [007] ...1  5534.435891: do_swap_page: prefetch miss 6648 "CrRendererMain" cd446000 17646e
           <...>-6668  [007] ....  5534.435892: lookup_swap_cache: prefetch hit 6648 "CrRendererMain" cc8db000 1724dc
           <...>-6668  [007] ...1  5534.435893: do_swap_page: prefetch miss 6648 "CrRendererMain" cc8db000 1724dc
           <...>-6668  [007] ....  5534.435899: lookup_swap_cache: prefetch hit 6648 "CrRendererMain" 58e81000 1724dd
           <...>-6668  [007] ...1  5534.435899: do_swap_page: prefetch miss 6648 "CrRendererMain" 58e81000 1724dd
           <...>-6668  [007] ....  5534.435902: lookup_swap_cache: prefetch hit 6648 "CrRendererMain" 58e80000 1724de
           <...>-6668  [007] ...1  5534.435903: do_swap_page: prefetch miss 6648 "CrRendererMain" 58e80000 1724de
           <...>-6668  [007] ....  5534.435939: do_swap_page: prefetch miss 6648 "CrRendererMain" 39383000 224da
           <...>-6668  [007] ...1  5534.438156: do_swap_page: prefetch miss 6648 "CrRendererMain" 39383000 224da
           <...>-6668  [007] ....  5534.438301: do_swap_page: prefetch miss 6648 "CrRendererMain" e221f000 224eb
           <...>-6400  [006] ....  5534.438398: lookup_swap_cache: prefetch hit 6400 ".candycrushsaga" 7fbd1aa000 16a4e1
           <...>-6400  [006] ...1  5534.438400: do_swap_page: prefetch miss 6400 ".candycrushsaga" 7fbd1aa000 16a4e1
           <...>-1234  [001] ....  5534.440327: lookup_swap_cache: prefetch hit 920 "Binder:920_1" f352c000 56485
           <...>-1234  [001] ...1  5534.440334: do_swap_page: prefetch miss 920 "Binder:920_1" f352c000 56485
           <...>-1234  [001] ....  5534.440352: lookup_swap_cache: prefetch hit 920 "Binder:920_1" f788f000 56486
           <...>-1234  [001] ...1  5534.440355: do_swap_page: prefetch miss 920 "Binder:920_1" f788f000 56486
           <...>-1234  [001] ....  5534.440367: lookup_swap_cache: prefetch hit 920 "Binder:920_1" f5039000 56487
           <...>-1234  [001] ...1  5534.440370: do_swap_page: prefetch miss 920 "Binder:920_1" f5039000 56487
           <...>-1234  [001] ....  5534.440376: lookup_swap_cache: prefetch hit 920 "Binder:920_1" f7a4a000 56488
           <...>-1234  [001] ...1  5534.440379: do_swap_page: prefetch miss 920 "Binder:920_1" f7a4a000 56488
           <...>-1234  [001] ....  5534.440388: lookup_swap_cache: prefetch hit 920 "Binder:920_1" f3501000 56489
           <...>-1234  [001] ...1  5534.440390: do_swap_page: prefetch miss 920 "Binder:920_1" f3501000 56489
           <...>-1234  [001] ....  5534.440396: lookup_swap_cache: prefetch hit 920 "Binder:920_1" f351d000 5648a
           <...>-1234  [001] ...1  5534.440398: do_swap_page: prefetch miss 920 "Binder:920_1" f351d000 5648a
           <...>-1234  [001] ....  5534.440420: lookup_swap_cache: prefetch hit 920 "Binder:920_1" f3502000 5e4b8
           <...>-1234  [001] ...1  5534.440423: do_swap_page: prefetch miss 920 "Binder:920_1" f3502000 5e4b8
           <...>-1234  [001] ....  5534.440428: lookup_swap_cache: prefetch hit 920 "Binder:920_1" f3505000 5e4b9
           <...>-1234  [001] ...1  5534.440430: do_swap_page: prefetch miss 920 "Binder:920_1" f3505000 5e4b9
           <...>-1234  [001] ....  5534.440435: lookup_swap_cache: prefetch hit 920 "Binder:920_1" f351f000 5e4ba
           <...>-1234  [001] ...1  5534.440437: do_swap_page: prefetch miss 920 "Binder:920_1" f351f000 5e4ba
           <...>-1234  [001] ....  5534.440447: lookup_swap_cache: prefetch hit 920 "Binder:920_1" f537d000 5e4bb
           <...>-1234  [001] ...1  5534.440449: do_swap_page: prefetch miss 920 "Binder:920_1" f537d000 5e4bb
           <...>-1234  [001] ....  5534.440456: lookup_swap_cache: prefetch hit 920 "Binder:920_1" f7a05000 5e4bc
           <...>-1234  [001] ...1  5534.440458: do_swap_page: prefetch miss 920 "Binder:920_1" f7a05000 5e4bc
           <...>-1234  [001] ....  5534.440464: lookup_swap_cache: prefetch hit 920 "Binder:920_1" f7a5c000 5e4bd
           <...>-1234  [001] ...1  5534.440467: do_swap_page: prefetch miss 920 "Binder:920_1" f7a5c000 5e4bd
           <...>-1234  [001] ....  5534.440476: lookup_swap_cache: prefetch hit 920 "Binder:920_1" f788e000 5e4be
           <...>-1234  [001] ...1  5534.440478: do_swap_page: prefetch miss 920 "Binder:920_1" f788e000 5e4be
           <...>-1234  [001] ....  5534.440518: do_swap_page: prefetch miss 920 "Binder:920_1" f503c000 a446
           <...>-6668  [007] ...1  5534.441815: do_swap_page: prefetch miss 6648 "CrRendererMain" e221f000 224eb
           <...>-6668  [007] ....  5534.441921: do_swap_page: prefetch miss 6648 "CrRendererMain" 3aa02000 224f0
           <...>-1234  [000] ...1  5534.443438: do_swap_page: prefetch miss 920 "Binder:920_1" f503c000 a446
           <...>-1234  [000] ....  5534.443452: lookup_swap_cache: prefetch hit 920 "Binder:920_1" f7a09000 5e4bf
           <...>-1234  [000] ...1  5534.443455: do_swap_page: prefetch miss 920 "Binder:920_1" f7a09000 5e4bf
           <...>-1234  [000] ....  5534.443462: lookup_swap_cache: prefetch hit 920 "Binder:920_1" f7a37000 5e4c0
           <...>-1234  [000] ...1  5534.443465: do_swap_page: prefetch miss 920 "Binder:920_1" f7a37000 5e4c0
           <...>-1234  [000] ....  5534.443483: lookup_swap_cache: prefetch hit 920 "Binder:920_1" f3531000 5e4c1
           <...>-1234  [000] ...1  5534.443485: do_swap_page: prefetch miss 920 "Binder:920_1" f3531000 5e4c1
           <...>-1234  [000] ....  5534.443589: do_swap_page: prefetch miss 920 "Binder:920_1" f6762000 a44a
           <...>-6668  [007] ...1  5534.444263: do_swap_page: prefetch miss 6648 "CrRendererMain" 3aa02000 224f0
           <...>-6668  [007] ....  5534.444289: do_swap_page: prefetch miss 6648 "CrRendererMain" 3aa03000 224f1
           <...>-1234  [000] ...1  5534.446121: do_swap_page: prefetch miss 920 "Binder:920_1" f6762000 a44a
           <...>-1234  [000] ....  5534.446221: do_swap_page: prefetch miss 920 "Binder:920_1" f7a14000 a44b
           <...>-6668  [007] ...1  5534.446267: do_swap_page: prefetch miss 6648 "CrRendererMain" 3aa03000 224f1
           <...>-6668  [007] ....  5534.446293: do_swap_page: prefetch miss 6648 "CrRendererMain" e5469000 224f2
           <...>-1234  [000] ...1  5534.448490: do_swap_page: prefetch miss 920 "Binder:920_1" f7a14000 a44b
           <...>-1234  [000] ....  5534.448501: lookup_swap_cache: prefetch hit 920 "Binder:920_1" f7b09000 5e4c2
           <...>-1234  [000] ...1  5534.448504: do_swap_page: prefetch miss 920 "Binder:920_1" f7b09000 5e4c2
           <...>-1234  [000] ....  5534.448510: lookup_swap_cache: prefetch hit 920 "Binder:920_1" f7b00000 5e4c3
           <...>-1234  [000] ...1  5534.448512: do_swap_page: prefetch miss 920 "Binder:920_1" f7b00000 5e4c3
           <...>-1234  [000] ....  5534.448524: lookup_swap_cache: prefetch hit 920 "Binder:920_1" f7a10000 5e4c4
           <...>-1234  [000] ...1  5534.448526: do_swap_page: prefetch miss 920 "Binder:920_1" f7a10000 5e4c4
           <...>-1234  [000] ....  5534.448541: lookup_swap_cache: prefetch hit 920 "Binder:920_1" f3553000 624bb
           <...>-1234  [000] ...1  5534.448544: do_swap_page: prefetch miss 920 "Binder:920_1" f3553000 624bb
           <...>-1234  [000] ....  5534.448555: lookup_swap_cache: prefetch hit 920 "Binder:920_1" f35d7000 5649a
           <...>-1234  [000] ...1  5534.448558: do_swap_page: prefetch miss 920 "Binder:920_1" f35d7000 5649a
           <...>-1234  [000] ....  5534.448568: lookup_swap_cache: prefetch hit 920 "Binder:920_1" f3500000 16a415
           <...>-1234  [000] ...1  5534.448571: do_swap_page: prefetch miss 920 "Binder:920_1" f3500000 16a415
           <...>-1234  [000] ....  5534.448664: do_swap_page: prefetch miss 920 "Binder:920_1" f4ed7000 a452
           <...>-6668  [007] ...1  5534.448701: do_swap_page: prefetch miss 6648 "CrRendererMain" e5469000 224f2
           <...>-6668  [007] ....  5534.448726: do_swap_page: prefetch miss 6648 "CrRendererMain" e2220000 224f3
           <...>-1234  [000] ...1  5534.450814: do_swap_page: prefetch miss 920 "Binder:920_1" f4ed7000 a452
           <...>-1234  [000] ....  5534.450821: lookup_swap_cache: prefetch hit 920 "Binder:920_1" f7a06000 16a416
           <...>-1234  [000] ...1  5534.450824: do_swap_page: prefetch miss 920 "Binder:920_1" f7a06000 16a416
           <...>-1234  [000] ....  5534.450853: lookup_swap_cache: prefetch hit 920 "Binder:920_1" f7a88000 624da
           <...>-1234  [000] ...1  5534.450856: do_swap_page: prefetch miss 920 "Binder:920_1" f7a88000 624da
           <...>-1234  [000] ....  5534.450863: lookup_swap_cache: prefetch hit 920 "Binder:920_1" f7a49000 16a461
           <...>-1234  [000] ...1  5534.450866: do_swap_page: prefetch miss 920 "Binder:920_1" f7a49000 16a461
           <...>-1234  [000] ....  5534.450881: lookup_swap_cache: prefetch hit 920 "Binder:920_1" f7a65000 5648b
           <...>-1234  [000] ...1  5534.450884: do_swap_page: prefetch miss 920 "Binder:920_1" f7a65000 5648b
           <...>-1234  [000] ....  5534.450927: lookup_swap_cache: prefetch hit 920 "Binder:920_1" f7a13000 56497
           <...>-1234  [000] ...1  5534.450930: do_swap_page: prefetch miss 920 "Binder:920_1" f7a13000 56497
           <...>-1234  [000] ....  5534.450948: lookup_swap_cache: prefetch hit 920 "Binder:920_1" f7a17000 5e4e1
           <...>-1234  [000] ...1  5534.450951: do_swap_page: prefetch miss 920 "Binder:920_1" f7a17000 5e4e1
           <...>-6668  [007] ...1  5534.450955: do_swap_page: prefetch miss 6648 "CrRendererMain" e2220000 224f3
           <...>-6668  [007] ....  5534.451002: do_swap_page: prefetch miss 6648 "CrRendererMain" 58e96000 2a4a3
           <...>-1234  [000] ....  5534.451081: lookup_swap_cache: prefetch hit 920 "Binder:920_1" f7b05000 5648f
           <...>-1234  [000] ...1  5534.451084: do_swap_page: prefetch miss 920 "Binder:920_1" f7b05000 5648f
           <...>-1234  [000] ....  5534.451096: lookup_swap_cache: prefetch hit 920 "Binder:920_1" f7b08000 5648d
           <...>-1234  [000] ...1  5534.451099: do_swap_page: prefetch miss 920 "Binder:920_1" f7b08000 5648d
           <...>-1234  [000] ....  5534.451285: lookup_swap_cache: prefetch hit 920 "Binder:920_1" f7a27000 5649b
           <...>-1234  [000] ...1  5534.451289: do_swap_page: prefetch miss 920 "Binder:920_1" f7a27000 5649b
           <...>-1234  [000] ....  5534.451384: do_swap_page: prefetch miss 920 "Binder:920_1" f7a24000 a45a
           <...>-6668  [007] ...1  5534.453365: do_swap_page: prefetch miss 6648 "CrRendererMain" 58e96000 2a4a3
           <...>-6668  [007] ....  5534.453421: do_swap_page: prefetch miss 6648 "CrRendererMain" 3b658000 2e4dd
           <...>-1234  [000] ...1  5534.453560: do_swap_page: prefetch miss 920 "Binder:920_1" f7a24000 a45a
           <...>-1234  [000] ....  5534.453583: lookup_swap_cache: prefetch hit 920 "Binder:920_1" f58d9000 56490
           <...>-1234  [000] ...1  5534.453586: do_swap_page: prefetch miss 920 "Binder:920_1" f58d9000 56490
           <...>-1234  [000] ....  5534.453595: lookup_swap_cache: prefetch hit 920 "Binder:920_1" f7a12000 5648c
           <...>-1234  [000] ...1  5534.453597: do_swap_page: prefetch miss 920 "Binder:920_1" f7a12000 5648c
           <...>-1234  [000] ....  5534.453610: lookup_swap_cache: prefetch hit 920 "Binder:920_1" f3601000 5e4c6
           <...>-1234  [000] ...1  5534.453614: do_swap_page: prefetch miss 920 "Binder:920_1" f3601000 5e4c6
           <...>-1234  [000] ....  5534.453622: lookup_swap_cache: prefetch hit 920 "Binder:920_1" f3603000 5e4c7
           <...>-1234  [000] ...1  5534.453625: do_swap_page: prefetch miss 920 "Binder:920_1" f3603000 5e4c7
           <...>-1234  [000] ....  5534.453632: lookup_swap_cache: prefetch hit 920 "Binder:920_1" f3600000 5e4c8
           <...>-1234  [000] ...1  5534.453635: do_swap_page: prefetch miss 920 "Binder:920_1" f3600000 5e4c8
           <...>-1234  [000] ....  5534.453643: lookup_swap_cache: prefetch hit 920 "Binder:920_1" f7a1d000 16a427
           <...>-1234  [000] ...1  5534.453646: do_swap_page: prefetch miss 920 "Binder:920_1" f7a1d000 16a427
           <...>-1234  [000] ....  5534.453657: lookup_swap_cache: prefetch hit 920 "Binder:920_1" f55b6000 5e4c9
           <...>-1234  [000] ...1  5534.453660: do_swap_page: prefetch miss 920 "Binder:920_1" f55b6000 5e4c9
           <...>-1234  [000] ....  5534.453668: lookup_swap_cache: prefetch hit 920 "Binder:920_1" f7a4f000 5e4ca
           <...>-1234  [000] ...1  5534.453671: do_swap_page: prefetch miss 920 "Binder:920_1" f7a4f000 5e4ca
           <...>-1234  [000] ....  5534.453677: lookup_swap_cache: prefetch hit 920 "Binder:920_1" f7a61000 564bc
           <...>-1234  [000] ...1  5534.453680: do_swap_page: prefetch miss 920 "Binder:920_1" f7a61000 564bc
           <...>-1234  [000] ....  5534.453686: lookup_swap_cache: prefetch hit 920 "Binder:920_1" f7a97000 5e4ce
           <...>-1234  [000] ...1  5534.453688: do_swap_page: prefetch miss 920 "Binder:920_1" f7a97000 5e4ce
           <...>-1234  [000] ....  5534.453749: lookup_swap_cache: prefetch hit 920 "Binder:920_1" f7a15000 5e4dc
           <...>-1234  [000] ...1  5534.453752: do_swap_page: prefetch miss 920 "Binder:920_1" f7a15000 5e4dc
           <...>-1234  [000] ....  5534.453843: do_swap_page: prefetch miss 920 "Binder:920_1" f5041000 2435
           <...>-6668  [007] ...1  5534.455684: do_swap_page: prefetch miss 6648 "CrRendererMain" 3b658000 2e4dd
           <...>-6668  [007] ....  5534.455909: do_swap_page: prefetch miss 6648 "CrRendererMain" 3aa0a000 224fa
           <...>-1234  [006] ...1  5534.455931: do_swap_page: prefetch miss 920 "Binder:920_1" f5041000 2435
           <...>-1234  [006] ....  5534.455938: lookup_swap_cache: prefetch hit 920 "Binder:920_1" f7b06000 56493
           <...>-1234  [006] ...1  5534.455939: do_swap_page: prefetch miss 920 "Binder:920_1" f7b06000 56493
           <...>-1234  [006] ....  5534.455941: lookup_swap_cache: prefetch hit 920 "Binder:920_1" f7b10000 16a435
           <...>-1234  [006] ...1  5534.455942: do_swap_page: prefetch miss 920 "Binder:920_1" f7b10000 16a435
           <...>-1234  [006] ....  5534.455945: lookup_swap_cache: prefetch hit 920 "Binder:920_1" f7b01000 56492
           <...>-1234  [006] ...1  5534.455945: do_swap_page: prefetch miss 920 "Binder:920_1" f7b01000 56492
           <...>-1234  [006] ....  5534.455951: lookup_swap_cache: prefetch hit 920 "Binder:920_1" f7b03000 624bc
           <...>-1234  [006] ...1  5534.455951: do_swap_page: prefetch miss 920 "Binder:920_1" f7b03000 624bc
           <...>-1234  [006] ....  5534.455957: lookup_swap_cache: prefetch hit 920 "Binder:920_1" f356b000 56491
           <...>-1234  [006] ...1  5534.455958: do_swap_page: prefetch miss 920 "Binder:920_1" f356b000 56491
           <...>-1234  [006] ....  5534.455963: lookup_swap_cache: prefetch hit 920 "Binder:920_1" f7a29000 16a42d
           <...>-1234  [006] ...1  5534.455963: do_swap_page: prefetch miss 920 "Binder:920_1" f7a29000 16a42d
           <...>-1234  [006] ....  5534.455971: lookup_swap_cache: prefetch hit 920 "Binder:920_1" f7a1e000 16a452
           <...>-1234  [006] ...1  5534.455972: do_swap_page: prefetch miss 920 "Binder:920_1" f7a1e000 16a452
           <...>-1234  [006] ....  5534.456048: lookup_swap_cache: prefetch hit 920 "Binder:920_1" f22eb000 624b9
           <...>-1234  [006] ...1  5534.456049: do_swap_page: prefetch miss 920 "Binder:920_1" f22eb000 624b9
           <...>-1234  [006] ....  5534.456052: lookup_swap_cache: prefetch hit 920 "Binder:920_1" f7a38000 624ba
           <...>-1234  [006] ...1  5534.456053: do_swap_page: prefetch miss 920 "Binder:920_1" f7a38000 624ba
           <...>-1234  [006] ....  5534.456075: lookup_swap_cache: prefetch hit 920 "Binder:920_1" f3555000 17244d
           <...>-1234  [006] ...1  5534.456076: do_swap_page: prefetch miss 920 "Binder:920_1" f3555000 17244d
           <...>-26723 [005] ....  5534.456098: lookup_swap_cache: prefetch hit 920 "Binder:920_1" f7b07000 624bd
           <...>-26723 [005] ...1  5534.456100: do_swap_page: prefetch miss 920 "Binder:920_1" f7b07000 624bd
           <...>-26723 [005] ....  5534.456111: do_swap_page: prefetch miss 920 "Binder:920_1" f503e000 243a
           <...>-1234  [005] ....  5534.456121: do_swap_page: prefetch miss 920 "Binder:920_1" f503a000 2434
           <...>-6668  [007] ...1  5534.458016: do_swap_page: prefetch miss 6648 "CrRendererMain" 3aa0a000 224fa
           <...>-6668  [007] ....  5534.458049: do_swap_page: prefetch miss 6648 "CrRendererMain" 3aa06000 224fc
           <...>-1234  [006] ...1  5534.458266: do_swap_page: prefetch miss 920 "Binder:920_1" f503a000 2434
           <...>-1234  [006] ....  5534.458323: do_swap_page: prefetch miss 920 "Binder:920_1" f7f29000 2436
           <...>-26723 [006] ...1  5534.458389: do_swap_page: prefetch miss 920 "Binder:920_1" f503e000 243a
           <...>-26723 [006] ....  5534.458394: lookup_swap_cache: prefetch hit 920 "Binder:920_1" f7a0b000 624be
           <...>-26723 [006] ...1  5534.458395: do_swap_page: prefetch miss 920 "Binder:920_1" f7a0b000 624be
           <...>-26723 [006] ....  5534.458403: lookup_swap_cache: prefetch hit 920 "Binder:920_1" f7b0b000 16a432
           <...>-26723 [006] ...1  5534.458404: do_swap_page: prefetch miss 920 "Binder:920_1" f7b0b000 16a432
           <...>-26723 [006] ....  5534.458418: lookup_swap_cache: prefetch hit 920 "Binder:920_1" f7a01000 624bf
           <...>-26723 [006] ...1  5534.458419: do_swap_page: prefetch miss 920 "Binder:920_1" f7a01000 624bf
           <...>-26723 [006] ....  5534.458424: lookup_swap_cache: prefetch hit 920 "Binder:920_1" f7a0a000 624c0
           <...>-26723 [006] ...1  5534.458425: do_swap_page: prefetch miss 920 "Binder:920_1" f7a0a000 624c0
           <...>-26723 [006] ....  5534.458429: lookup_swap_cache: prefetch hit 920 "Binder:920_1" f7a23000 56494
           <...>-26723 [006] ...1  5534.458429: do_swap_page: prefetch miss 920 "Binder:920_1" f7a23000 56494
           <...>-26723 [006] ....  5534.458467: do_swap_page: prefetch miss 920 "Binder:920_1" f583d000 2444
           <...>-6668  [007] ...1  5534.460286: do_swap_page: prefetch miss 6648 "CrRendererMain" 3aa06000 224fc
           <...>-6668  [007] ....  5534.460339: do_swap_page: prefetch miss 6648 "CrRendererMain" 3aa07000 224fe
           <...>-1234  [006] ...1  5534.460435: do_swap_page: prefetch miss 920 "Binder:920_1" f7f29000 2436
           <...>-1234  [006] ....  5534.460446: lookup_swap_cache: prefetch hit 920 "Binder:920_1" f6cd1000 56495
           <...>-1234  [006] ...1  5534.460447: do_swap_page: prefetch miss 920 "Binder:920_1" f6cd1000 56495
           <...>-1234  [006] ....  5534.460513: lookup_swap_cache: prefetch hit 920 "Binder:920_1" f7a07000 16a453
           <...>-1234  [006] ...1  5534.460515: do_swap_page: prefetch miss 920 "Binder:920_1" f7a07000 16a453
           <...>-26723 [005] ...1  5534.461402: do_swap_page: prefetch miss 920 "Binder:920_1" f583d000 2444
           <...>-26723 [006] ....  5534.461428: do_swap_page: prefetch miss 920 "Binder:920_1" f352f000 424e0
           <...>-1234  [006] ....  5534.461484: lookup_swap_cache: prefetch hit 920 "Binder:920_1" f3538000 624b8
           <...>-1234  [006] ...1  5534.461485: do_swap_page: prefetch miss 920 "Binder:920_1" f3538000 624b8
           <...>-1234  [006] ....  5534.461488: lookup_swap_cache: prefetch hit 920 "Binder:920_1" f7a30000 16a414
 NuPlayerDriver -26724 [002] ....  5534.461489: lookup_swap_cache: prefetch hit 920 "Binder:920_1" f7a0c000 56498
           <...>-1234  [006] ...1  5534.461489: do_swap_page: prefetch miss 920 "Binder:920_1" f7a30000 16a414
 NuPlayerDriver -26724 [002] ...1  5534.461495: do_swap_page: prefetch miss 920 "Binder:920_1" f7a0c000 56498
 NuPlayerDriver -26724 [002] ....  5534.461528: lookup_swap_cache: prefetch hit 920 "Binder:920_1" f7a02000 56499
 NuPlayerDriver -26724 [002] ...1  5534.461532: do_swap_page: prefetch miss 920 "Binder:920_1" f7a02000 56499
           <...>-1234  [001] ....  5534.461717: lookup_swap_cache: prefetch hit 920 "Binder:920_1" f7a48000 624c4
           <...>-1234  [001] ...1  5534.461722: do_swap_page: prefetch miss 920 "Binder:920_1" f7a48000 624c4
           <...>-1234  [001] ....  5534.461762: lookup_swap_cache: prefetch hit 920 "Binder:920_1" f7a25000 5648e
           <...>-1234  [001] ...1  5534.461766: do_swap_page: prefetch miss 920 "Binder:920_1" f7a25000 5648e
           <...>-1234  [001] ....  5534.461782: lookup_swap_cache: prefetch hit 920 "Binder:920_1" f5cde000 5649c
           <...>-1234  [001] ...1  5534.461786: do_swap_page: prefetch miss 920 "Binder:920_1" f5cde000 5649c
           <...>-1234  [001] ....  5534.461795: lookup_swap_cache: prefetch hit 920 "Binder:920_1" f3530000 624b7
           <...>-1234  [001] ...1  5534.461798: do_swap_page: prefetch miss 920 "Binder:920_1" f3530000 624b7
           <...>-1234  [001] ....  5534.461811: lookup_swap_cache: prefetch hit 920 "Binder:920_1" f6da0000 5649d
           <...>-1234  [001] ...1  5534.461814: do_swap_page: prefetch miss 920 "Binder:920_1" f6da0000 5649d
           <...>-1234  [001] ....  5534.461831: lookup_swap_cache: prefetch hit 920 "Binder:920_1" f35ae000 5649e
           <...>-1234  [001] ...1  5534.461833: do_swap_page: prefetch miss 920 "Binder:920_1" f35ae000 5649e
           <...>-1234  [001] ....  5534.461841: lookup_swap_cache: prefetch hit 920 "Binder:920_1" f352e000 624c1
           <...>-1234  [001] ...1  5534.461844: do_swap_page: prefetch miss 920 "Binder:920_1" f352e000 624c1
           <...>-1234  [001] ....  5534.461854: lookup_swap_cache: prefetch hit 920 "Binder:920_1" f352d000 624c2
           <...>-1234  [001] ...1  5534.461857: do_swap_page: prefetch miss 920 "Binder:920_1" f352d000 624c2
           <...>-559   [002] ....  5534.462393: do_swap_page: prefetch miss 559 "hwservicemanage" 7fbe095000 6426
           <...>-6668  [007] ...1  5534.462855: do_swap_page: prefetch miss 6648 "CrRendererMain" 3aa07000 224fe
           <...>-6668  [007] ....  5534.462897: do_swap_page: prefetch miss 6648 "CrRendererMain" 39382000 32402
           <...>-26723 [006] ...1  5534.463232: do_swap_page: prefetch miss 920 "Binder:920_1" f352f000 424e0
           <...>-559   [002] ...1  5534.464587: do_swap_page: prefetch miss 559 "hwservicemanage" 7fbe095000 6426
           <...>-6668  [007] ...1  5534.464823: do_swap_page: prefetch miss 6648 "CrRendererMain" 39382000 32402
           <...>-559   [002] ....  5534.464827: do_swap_page: prefetch miss 559 "hwservicemanage" 7fbe02a000 6428
           <...>-6668  [007] ....  5534.465052: do_swap_page: prefetch miss 6648 "CrRendererMain" 3aa0c000 2e4f1
           <...>-559   [002] ...1  5534.466700: do_swap_page: prefetch miss 559 "hwservicemanage" 7fbe02a000 6428
           <...>-6668  [007] ...1  5534.466940: do_swap_page: prefetch miss 6648 "CrRendererMain" 3aa0c000 2e4f1
           <...>-559   [002] ....  5534.466966: do_swap_page: prefetch miss 559 "hwservicemanage" 7fbd20d000 a404
           <...>-6668  [007] ....  5534.466979: do_swap_page: prefetch miss 6648 "CrRendererMain" 3aa05000 2e4f3
           <...>-559   [002] ...1  5534.469433: do_swap_page: prefetch miss 559 "hwservicemanage" 7fbd20d000 a404
           <...>-559   [002] ....  5534.469582: do_swap_page: prefetch miss 559 "hwservicemanage" 7fbd20e000 a405
           <...>-6668  [007] ...1  5534.469621: do_swap_page: prefetch miss 6648 "CrRendererMain" 3aa05000 2e4f3
           <...>-6668  [007] ....  5534.469660: do_swap_page: prefetch miss 6648 "CrRendererMain" 3aa15000 2e4f5
           <...>-559   [002] ...1  5534.472015: do_swap_page: prefetch miss 559 "hwservicemanage" 7fbd20e000 a405
           <...>-559   [002] ....  5534.472108: do_swap_page: prefetch miss 559 "hwservicemanage" 7fbd211000 a406
           <...>-6668  [007] ...1  5534.472142: do_swap_page: prefetch miss 6648 "CrRendererMain" 3aa15000 2e4f5
           <...>-6668  [007] ....  5534.472207: do_swap_page: prefetch miss 6648 "CrRendererMain" 3be8b000 32411
           <...>-559   [002] ...1  5534.474371: do_swap_page: prefetch miss 559 "hwservicemanage" 7fbd211000 a406
           <...>-559   [002] ....  5534.474537: do_swap_page: prefetch miss 559 "hwservicemanage" 7fbd406000 2422
           <...>-6668  [007] ...1  5534.474556: do_swap_page: prefetch miss 6648 "CrRendererMain" 3be8b000 32411
           <...>-6668  [007] ....  5534.474719: do_swap_page: prefetch miss 6648 "CrRendererMain" 3aa0d000 36407
           <...>-559   [002] ...1  5534.476321: do_swap_page: prefetch miss 559 "hwservicemanage" 7fbd406000 2422
           <...>-559   [002] ....  5534.476509: do_swap_page: prefetch miss 559 "hwservicemanage" 7fbe1e2000 2424
           <...>-6668  [007] ...1  5534.476550: do_swap_page: prefetch miss 6648 "CrRendererMain" 3aa0d000 36407
           <...>-6668  [007] ....  5534.476586: do_swap_page: prefetch miss 6648 "CrRendererMain" 2eac1000 3640a
           <...>-559   [002] ...1  5534.479550: do_swap_page: prefetch miss 559 "hwservicemanage" 7fbe1e2000 2424
           <...>-559   [002] ....  5534.479607: lookup_swap_cache: prefetch hit 559 "hwservicemanage" 7fbd40a000 5e4b7
           <...>-559   [002] ...1  5534.479628: do_swap_page: prefetch miss 559 "hwservicemanage" 7fbd40a000 5e4b7
           <...>-6668  [007] ...1  5534.479690: do_swap_page: prefetch miss 6648 "CrRendererMain" 2eac1000 3640a
           <...>-6668  [007] ....  5534.479715: do_swap_page: prefetch miss 6648 "CrRendererMain" 3be82000 3640b
           <...>-559   [002] ....  5534.479884: do_swap_page: prefetch miss 559 "hwservicemanage" 7fbd20f000 642c
           <...>-6668  [007] ...1  5534.481827: do_swap_page: prefetch miss 6648 "CrRendererMain" 3be82000 3640b
           <...>-6668  [007] ....  5534.481845: do_swap_page: prefetch miss 6648 "CrRendererMain" 3be81000 3240e
           <...>-559   [002] ...1  5534.482002: do_swap_page: prefetch miss 559 "hwservicemanage" 7fbd20f000 642c
           <...>-559   [002] ....  5534.482137: do_swap_page: prefetch miss 559 "hwservicemanage" 7fbdc8b000 642d
           <...>-6668  [007] ...1  5534.484143: do_swap_page: prefetch miss 6648 "CrRendererMain" 3be81000 3240e
           <...>-6668  [007] ....  5534.484163: do_swap_page: prefetch miss 6648 "CrRendererMain" 2eabf000 3240f
           <...>-559   [002] ...1  5534.484368: do_swap_page: prefetch miss 559 "hwservicemanage" 7fbdc8b000 642d
           <...>-559   [002] ....  5534.484551: do_swap_page: prefetch miss 559 "hwservicemanage" 7fbd249000 a40d
           <...>-6668  [007] ...1  5534.486500: do_swap_page: prefetch miss 6648 "CrRendererMain" 2eabf000 3240f
           <...>-6668  [007] ....  5534.486570: do_swap_page: prefetch miss 6648 "CrRendererMain" 3aa10000 32417
           <...>-559   [002] ...1  5534.486660: do_swap_page: prefetch miss 559 "hwservicemanage" 7fbd249000 a40d
           <...>-559   [002] ....  5534.486770: do_swap_page: prefetch miss 559 "hwservicemanage" 7fbd207000 a40e
           <...>-6668  [007] ...1  5534.488578: do_swap_page: prefetch miss 6648 "CrRendererMain" 3aa10000 32417
           <...>-6668  [007] ....  5534.488762: do_swap_page: prefetch miss 6648 "CrRendererMain" 3aa09000 2a4aa
           <...>-559   [002] ...1  5534.488805: do_swap_page: prefetch miss 559 "hwservicemanage" 7fbd207000 a40e
           <...>-559   [002] ....  5534.488846: lookup_swap_cache: prefetch hit 559 "hwservicemanage" 7fbd24c000 56481
           <...>-559   [002] ...1  5534.488850: do_swap_page: prefetch miss 559 "hwservicemanage" 7fbd24c000 56481
           <...>-559   [002] ....  5534.489024: do_swap_page: prefetch miss 559 "hwservicemanage" 7fbdeb2000 a411
           <...>-6668  [007] ...1  5534.490689: do_swap_page: prefetch miss 6648 "CrRendererMain" 3aa09000 2a4aa
           <...>-6668  [007] ....  5534.490757: do_swap_page: prefetch miss 6648 "CrRendererMain" 3be92000 2a4b6
           <...>-559   [002] ...1  5534.490890: do_swap_page: prefetch miss 559 "hwservicemanage" 7fbdeb2000 a411
           <...>-559   [002] ....  5534.491007: do_swap_page: prefetch miss 559 "hwservicemanage" 7fbd258000 a412
           <...>-6668  [007] ...1  5534.492938: do_swap_page: prefetch miss 6648 "CrRendererMain" 3be92000 2a4b6
           <...>-6668  [007] ....  5534.493045: do_swap_page: prefetch miss 6648 "CrRendererMain" 5eebb000 2a4b9
           <...>-559   [002] ...1  5534.493697: do_swap_page: prefetch miss 559 "hwservicemanage" 7fbd258000 a412
           <...>-559   [002] ....  5534.494008: do_swap_page: prefetch miss 559 "hwservicemanage" 7fbd287000 a417
           <...>-6668  [007] ...1  5534.495280: do_swap_page: prefetch miss 6648 "CrRendererMain" 5eebb000 2a4b9
           <...>-559   [002] ...1  5534.495490: do_swap_page: prefetch miss 559 "hwservicemanage" 7fbd287000 a417
           <...>-6668  [007] ....  5534.495604: do_swap_page: prefetch miss 6648 "CrRendererMain" 31c23000 3641b
           <...>-559   [002] ....  5534.495691: do_swap_page: prefetch miss 559 "hwservicemanage" 7fbd23b000 a419
           <...>-559   [002] ...1  5534.499247: do_swap_page: prefetch miss 559 "hwservicemanage" 7fbd23b000 a419
           <...>-559   [002] ....  5534.499326: do_swap_page: prefetch miss 559 "hwservicemanage" 7fbd23d000 a41a
           <...>-6668  [007] ...1  5534.499540: do_swap_page: prefetch miss 6648 "CrRendererMain" 31c23000 3641b
           <...>-6668  [007] ....  5534.499574: do_swap_page: prefetch miss 6648 "CrRendererMain" 3aa0e000 3641c
           <...>-559   [002] ...1  5534.501259: do_swap_page: prefetch miss 559 "hwservicemanage" 7fbd23d000 a41a
           <...>-6668  [007] ...1  5534.501395: do_swap_page: prefetch miss 6648 "CrRendererMain" 3aa0e000 3641c
           <...>-559   [002] ....  5534.501398: do_swap_page: prefetch miss 559 "hwservicemanage" 7fbd23c000 a41b
           <...>-6668  [007] ....  5534.501489: lookup_swap_cache: prefetch hit 6648 "CrRendererMain" f7b06000 16e4ca
           <...>-6668  [007] ...1  5534.501490: do_swap_page: prefetch miss 6648 "CrRendererMain" f7b06000 16e4ca
           <...>-6668  [007] ....  5534.501776: lookup_swap_cache: prefetch hit 6648 "CrRendererMain" cc260000 1724e0
           <...>-6668  [007] ...1  5534.501777: do_swap_page: prefetch miss 6648 "CrRendererMain" cc260000 1724e0
           <...>-559   [002] ...1  5534.503916: do_swap_page: prefetch miss 559 "hwservicemanage" 7fbd23c000 a41b
           <...>-559   [002] ....  5534.504035: do_swap_page: prefetch miss 559 "hwservicemanage" 7fbd23f000 a41c
           <...>-559   [002] ...1  5534.506653: do_swap_page: prefetch miss 559 "hwservicemanage" 7fbd23f000 a41c
           <...>-559   [002] ....  5534.506784: do_swap_page: prefetch miss 559 "hwservicemanage" 7fbd23e000 a41d
           <...>-559   [002] ...1  5534.508680: do_swap_page: prefetch miss 559 "hwservicemanage" 7fbd23e000 a41d
           <...>-1234  [002] ....  5534.509046: lookup_swap_cache: prefetch hit 920 "Binder:920_1" fffef000 624c3
           <...>-1234  [002] ...1  5534.509050: do_swap_page: prefetch miss 920 "Binder:920_1" fffef000 624c3
           <...>-559   [002] ....  5534.509330: do_swap_page: prefetch miss 559 "hwservicemanage" 7fbd402000 a429
