06-07 19:50:37.423  1339  1452 W PackageParser: Unknown element under <manifest>: attribution at /data/app/com.google.android.gms-rz31hkxYkKbFL8YPt0kMuA==/base.apk Binary XML file line #510
06-07 19:50:37.423  1339  1452 W PackageParser: Unknown element under <manifest>: attribution at /data/app/com.google.android.gms-rz31hkxYkKbFL8YPt0kMuA==/base.apk Binary XML file line #513
06-07 19:50:37.423  1339  1452 W PackageParser: Unknown element under <manifest>: attribution at /data/app/com.google.android.gms-rz31hkxYkKbFL8YPt0kMuA==/base.apk Binary XML file line #516
06-07 19:50:37.423  1339  1452 W PackageParser: Unknown element under <manifest>: attribution at /data/app/com.google.android.gms-rz31hkxYkKbFL8YPt0kMuA==/base.apk Binary XML file line #519
06-07 19:50:37.424  1339  1452 W PackageParser: Unknown element under <manifest>: attribution at /data/app/com.google.android.gms-rz31hkxYkKbFL8YPt0kMuA==/base.apk Binary XML file line #522
06-07 19:50:37.424  1339  1452 W PackageParser: Unknown element under <manifest>: attribution at /data/app/com.google.android.gms-rz31hkxYkKbFL8YPt0kMuA==/base.apk Binary XML file line #525
06-07 19:50:37.424  1339  1452 W PackageParser: Unknown element under <manifest>: attribution at /data/app/com.google.android.gms-rz31hkxYkKbFL8YPt0kMuA==/base.apk Binary XML file line #528
06-07 19:50:37.424  1339  1452 W PackageParser: Unknown element under <manifest>: attribution at /data/app/com.google.android.gms-rz31hkxYkKbFL8YPt0kMuA==/base.apk Binary XML file line #531
06-07 19:50:37.424  1339  1452 W PackageParser: Unknown element under <manifest>: attribution at /data/app/com.google.android.gms-rz31hkxYkKbFL8YPt0kMuA==/base.apk Binary XML file line #534
06-07 19:50:37.424  1339  1452 W PackageParser: Unknown element under <manifest>: attribution at /data/app/com.google.android.gms-rz31hkxYkKbFL8YPt0kMuA==/base.apk Binary XML file line #537
06-07 19:50:37.424  1339  1452 W PackageParser: Unknown element under <manifest>: attribution at /data/app/com.google.android.gms-rz31hkxYkKbFL8YPt0kMuA==/base.apk Binary XML file line #540
06-07 19:50:37.424  1339  1452 W PackageParser: Unknown element under <manifest>: attribution at /data/app/com.google.android.gms-rz31hkxYkKbFL8YPt0kMuA==/base.apk Binary XML file line #543
06-07 19:50:37.424  1339  1452 W PackageParser: Unknown element under <manifest>: attribution at /data/app/com.google.android.gms-rz31hkxYkKbFL8YPt0kMuA==/base.apk Binary XML file line #546
06-07 19:50:37.424  1339  1452 W PackageParser: Unknown element under <manifest>: attribution at /data/app/com.google.android.gms-rz31hkxYkKbFL8YPt0kMuA==/base.apk Binary XML file line #549
06-07 19:50:37.424  1339  1452 W PackageParser: Unknown element under <manifest>: attribution at /data/app/com.google.android.gms-rz31hkxYkKbFL8YPt0kMuA==/base.apk Binary XML file line #552
06-07 19:50:37.424  1339  1452 W PackageParser: Unknown element under <manifest>: attribution at /data/app/com.google.android.gms-rz31hkxYkKbFL8YPt0kMuA==/base.apk Binary XML file line #555
06-07 19:50:37.424  1339  1452 W PackageParser: Unknown element under <manifest>: attribution at /data/app/com.google.android.gms-rz31hkxYkKbFL8YPt0kMuA==/base.apk Binary XML file line #558
06-07 19:50:37.424  1339  1451 W PackageParser: Unknown element under <manifest>: attribution at /data/app/com.google.android.tts-mrZm2okZnQ5PZakrvmIUuQ==/base.apk Binary XML file line #32
06-07 19:50:37.424  1339  1451 W PackageParser: Unknown element under <manifest>: queries at /data/app/com.google.android.tts-mrZm2okZnQ5PZakrvmIUuQ==/base.apk Binary XML file line #36
06-07 19:50:37.424  1339  1452 W PackageParser: Unknown element under <manifest>: attribution at /data/app/com.google.android.gms-rz31hkxYkKbFL8YPt0kMuA==/base.apk Binary XML file line #561
06-07 19:50:37.424  1339  1452 W PackageParser: Unknown element under <manifest>: attribution at /data/app/com.google.android.gms-rz31hkxYkKbFL8YPt0kMuA==/base.apk Binary XML file line #564
06-07 19:50:37.424  1339  1452 W PackageParser: Unknown element under <manifest>: attribution at /data/app/com.google.android.gms-rz31hkxYkKbFL8YPt0kMuA==/base.apk Binary XML file line #567
06-07 19:50:37.424  1339  1452 W PackageParser: Unknown element under <manifest>: attribution at /data/app/com.google.android.gms-rz31hkxYkKbFL8YPt0kMuA==/base.apk Binary XML file line #570
06-07 19:50:37.424  1339  1452 W PackageParser: Unknown element under <manifest>: attribution at /data/app/com.google.android.gms-rz31hkxYkKbFL8YPt0kMuA==/base.apk Binary XML file line #573
06-07 19:50:37.424  1339  1452 W PackageParser: Unknown element under <manifest>: attribution at /data/app/com.google.android.gms-rz31hkxYkKbFL8YPt0kMuA==/base.apk Binary XML file line #576
06-07 19:50:37.424  1339  1452 W PackageParser: Unknown element under <manifest>: attribution at /data/app/com.google.android.gms-rz31hkxYkKbFL8YPt0kMuA==/base.apk Binary XML file line #579
06-07 19:50:37.424  1339  1452 W PackageParser: Unknown element under <manifest>: attribution at /data/app/com.google.android.gms-rz31hkxYkKbFL8YPt0kMuA==/base.apk Binary XML file line #582
06-07 19:50:37.424  1339  1452 W PackageParser: Unknown element under <manifest>: attribution at /data/app/com.google.android.gms-rz31hkxYkKbFL8YPt0kMuA==/base.apk Binary XML file line #585
06-07 19:50:37.424  1339  1452 W PackageParser: Unknown element under <manifest>: attribution at /data/app/com.google.android.gms-rz31hkxYkKbFL8YPt0kMuA==/base.apk Binary XML file line #588
06-07 19:50:37.424  1339  1452 W PackageParser: Unknown element under <manifest>: attribution at /data/app/com.google.android.gms-rz31hkxYkKbFL8YPt0kMuA==/base.apk Binary XML file line #591
06-07 19:50:37.424  1339  1452 W PackageParser: Unknown element under <manifest>: attribution at /data/app/com.google.android.gms-rz31hkxYkKbFL8YPt0kMuA==/base.apk Binary XML file line #594
06-07 19:50:37.424  1339  1452 W PackageParser: Unknown element under <manifest>: attribution at /data/app/com.google.android.gms-rz31hkxYkKbFL8YPt0kMuA==/base.apk Binary XML file line #597
06-07 19:50:37.424  1339  1452 W PackageParser: Unknown element under <manifest>: attribution at /data/app/com.google.android.gms-rz31hkxYkKbFL8YPt0kMuA==/base.apk Binary XML file line #600
06-07 19:50:37.424  1339  1452 W PackageParser: Unknown element under <manifest>: attribution at /data/app/com.google.android.gms-rz31hkxYkKbFL8YPt0kMuA==/base.apk Binary XML file line #603
06-07 19:50:37.424  1339  1452 W PackageParser: Unknown element under <manifest>: attribution at /data/app/com.google.android.gms-rz31hkxYkKbFL8YPt0kMuA==/base.apk Binary XML file line #606
06-07 19:50:37.424  1339  1452 W PackageParser: Unknown element under <manifest>: attribution at /data/app/com.google.android.gms-rz31hkxYkKbFL8YPt0kMuA==/base.apk Binary XML file line #609
06-07 19:50:37.424  1339  1452 W PackageParser: Unknown element under <manifest>: attribution at /data/app/com.google.android.gms-rz31hkxYkKbFL8YPt0kMuA==/base.apk Binary XML file line #612
06-07 19:50:37.424  1339  1452 W PackageParser: Unknown element under <manifest>: attribution at /data/app/com.google.android.gms-rz31hkxYkKbFL8YPt0kMuA==/base.apk Binary XML file line #615
06-07 19:50:37.424  1339  1452 W PackageParser: Unknown element under <manifest>: attribution at /data/app/com.google.android.gms-rz31hkxYkKbFL8YPt0kMuA==/base.apk Binary XML file line #618
06-07 19:50:37.424  1339  1452 W PackageParser: Unknown element under <manifest>: attribution at /data/app/com.google.android.gms-rz31hkxYkKbFL8YPt0kMuA==/base.apk Binary XML file line #621
06-07 19:50:37.424  1339  1452 W PackageParser: Unknown element under <manifest>: attribution at /data/app/com.google.android.gms-rz31hkxYkKbFL8YPt0kMuA==/base.apk Binary XML file line #624
06-07 19:50:37.424  1339  1452 W PackageParser: Unknown element under <manifest>: attribution at /data/app/com.google.android.gms-rz31hkxYkKbFL8YPt0kMuA==/base.apk Binary XML file line #627
06-07 19:50:37.424  1339  1452 W PackageParser: Unknown element under <manifest>: attribution at /data/app/com.google.android.gms-rz31hkxYkKbFL8YPt0kMuA==/base.apk Binary XML file line #630
06-07 19:50:37.424  1339  1452 W PackageParser: Unknown element under <manifest>: attribution at /data/app/com.google.android.gms-rz31hkxYkKbFL8YPt0kMuA==/base.apk Binary XML file line #633
06-07 19:50:37.424  1339  1452 W PackageParser: Unknown element under <manifest>: attribution at /data/app/com.google.android.gms-rz31hkxYkKbFL8YPt0kMuA==/base.apk Binary XML file line #636
06-07 19:50:37.424  1339  1452 W PackageParser: Unknown element under <manifest>: attribution at /data/app/com.google.android.gms-rz31hkxYkKbFL8YPt0kMuA==/base.apk Binary XML file line #639
06-07 19:50:37.424  1339  1452 W PackageParser: Unknown element under <manifest>: attribution at /data/app/com.google.android.gms-rz31hkxYkKbFL8YPt0kMuA==/base.apk Binary XML file line #642
06-07 19:50:37.424  1339  1452 W PackageParser: Unknown element under <manifest>: attribution at /data/app/com.google.android.gms-rz31hkxYkKbFL8YPt0kMuA==/base.apk Binary XML file line #645
06-07 19:50:37.424  1339  1452 W PackageParser: Unknown element under <manifest>: attribution at /data/app/com.google.android.gms-rz31hkxYkKbFL8YPt0kMuA==/base.apk Binary XML file line #648
06-07 19:50:37.424  1339  1452 W PackageParser: Unknown element under <manifest>: attribution at /data/app/com.google.android.gms-rz31hkxYkKbFL8YPt0kMuA==/base.apk Binary XML file line #651
06-07 19:50:37.424  1339  1452 W PackageParser: Unknown element under <manifest>: attribution at /data/app/com.google.android.gms-rz31hkxYkKbFL8YPt0kMuA==/base.apk Binary XML file line #654
06-07 19:50:37.424  1339  1452 W PackageParser: Unknown element under <manifest>: attribution at /data/app/com.google.android.gms-rz31hkxYkKbFL8YPt0kMuA==/base.apk Binary XML file line #657
06-07 19:50:37.424  1339  1452 W PackageParser: Unknown element under <manifest>: attribution at /data/app/com.google.android.gms-rz31hkxYkKbFL8YPt0kMuA==/base.apk Binary XML file line #660
06-07 19:50:37.424  1339  1452 W PackageParser: Unknown element under <manifest>: attribution at /data/app/com.google.android.gms-rz31hkxYkKbFL8YPt0kMuA==/base.apk Binary XML file line #663
06-07 19:50:37.424  1339  1452 W PackageParser: Unknown element under <manifest>: attribution at /data/app/com.google.android.gms-rz31hkxYkKbFL8YPt0kMuA==/base.apk Binary XML file line #666
06-07 19:50:37.424  1339  1452 W PackageParser: Unknown element under <manifest>: attribution at /data/app/com.google.android.gms-rz31hkxYkKbFL8YPt0kMuA==/base.apk Binary XML file line #669
06-07 19:50:37.425  1339  1453 W PackageParser: Unknown element under <manifest>: queries at /data/app/com.sampleapp-BHCoyEl6TQoI8bS0Y89CcA==/base.apk Binary XML file line #61
06-07 19:50:37.427  1339  1452 W PackageParser: Unknown element under <manifest>: queries at /data/app/com.google.android.gms-rz31hkxYkKbFL8YPt0kMuA==/base.apk Binary XML file line #1363
06-07 19:50:37.428  1339  1451 W PackageParser: Unknown element under <application>: uses-native-library at /data/app/com.google.android.tts-mrZm2okZnQ5PZakrvmIUuQ==/base.apk Binary XML file line #165
06-07 19:50:37.428  1339  1451 W PackageParser: Unknown element under <application>: uses-native-library at /data/app/com.google.android.tts-mrZm2okZnQ5PZakrvmIUuQ==/base.apk Binary XML file line #168
06-07 19:50:37.428  1339  1451 W PackageParser: Unknown element under <application>: uses-native-library at /data/app/com.google.android.tts-mrZm2okZnQ5PZakrvmIUuQ==/base.apk Binary XML file line #218
06-07 19:50:37.428  1339  1451 W PackageParser: Unknown element under <application>: uses-native-library at /data/app/com.google.android.tts-mrZm2okZnQ5PZakrvmIUuQ==/base.apk Binary XML file line #221
06-07 19:50:37.430  1339  1339 W PackageManager: Relax SCAN_REQUIRE_KNOWN requirement for package com.google.android.tts
06-07 19:50:37.439  1339  1451 W PackageParser: Unknown element under <manifest>: meta-data at /data/app/com.google.android.apps.turbo-TeFVwWKTZTA6WGnajhiP3Q==/base.apk Binary XML file line #20
06-07 19:50:37.439  1339  1451 W PackageParser: Unknown element under <manifest>: queries at /data/app/com.google.android.apps.turbo-TeFVwWKTZTA6WGnajhiP3Q==/base.apk Binary XML file line #49
06-07 19:50:37.441  1339  1339 W PackageManager: Relax SCAN_REQUIRE_KNOWN requirement for package com.google.android.apps.turbo
06-07 19:50:37.451  1339  1339 W PackageManager: Relax SCAN_REQUIRE_KNOWN requirement for package com.google.android.gms
06-07 19:50:37.469  1339  1451 W PackageParser: Unknown element under <manifest>: queries at /data/app/com.dropbox.android-wxKsa42QGllaX68HxC8Nzw==/base.apk Binary XML file line #78
06-07 19:50:37.471  1339  1453 W PackageParser: Unknown element under <manifest>: queries at /data/app/com.facebook.katana-MX7DME455_ypZwtqJHqCbA==/base.apk Binary XML file line #172
06-07 19:50:37.471  1339  1453 W PackageParser: Unknown element under <manifest>: queries at /data/app/com.facebook.katana-MX7DME455_ypZwtqJHqCbA==/base.apk Binary XML file line #214
06-07 19:50:37.471  1339  1453 W PackageParser: Unknown element under <manifest>: queries at /data/app/com.facebook.katana-MX7DME455_ypZwtqJHqCbA==/base.apk Binary XML file line #228
06-07 19:50:37.471  1339  1453 W PackageParser: Unknown element under <manifest>: queries at /data/app/com.facebook.katana-MX7DME455_ypZwtqJHqCbA==/base.apk Binary XML file line #233
06-07 19:50:37.476  1339  1454 W PackageParser: Unknown element under <manifest>: queries at /data/app/com.microsoft.office.excel-Ke-Yl-MSIrYTLNDYGmMyrg==/base.apk Binary XML file line #65
06-07 19:50:37.486  1339  1453 W PackageParser: Unknown element under <manifest>: queries at /data/app/com.facebook.katana-MX7DME455_ypZwtqJHqCbA==/base.apk Binary XML file line #3566
06-07 19:50:37.487  1339  1452 W PackageParser: Unknown element under <manifest>: queries at /data/app/com.nianticlabs.pokemongo-bHvqaZtNghXR7Fx_uHkOZA==/base.apk Binary XML file line #27
06-07 19:50:37.487  1339  1452 W PackageParser: Unknown element under <manifest>: queries at /data/app/com.nianticlabs.pokemongo-bHvqaZtNghXR7Fx_uHkOZA==/base.apk Binary XML file line #106
06-07 19:50:37.519  1339  1452 W PackageParser: Ignoring duplicate uses-permissions/uses-permissions-sdk-m: android.permission.CAMERA in package: com.supercell.clashroyale at: Binary XML file line #64
06-07 19:50:37.519  1339  1452 W PackageParser: Unknown element under <manifest>: queries at /data/app/com.supercell.clashroyale-H5WRMdHAuMQsmpAPQkEsiA==/base.apk Binary XML file line #66
06-07 19:50:37.549  1339  1454 W PackageParser: Unknown element under <manifest>: supports-gl-texture at /data/app/com.king.candycrushsaga-4Mt5qthnkt7zZ9oRsN9shw==/base.apk Binary XML file line #27
06-07 19:50:37.550  1339  1454 W PackageParser: Unknown element under <manifest>: meta-data at /data/app/com.king.candycrushsaga-4Mt5qthnkt7zZ9oRsN9shw==/base.apk Binary XML file line #36
06-07 19:50:37.550  1339  1454 W PackageParser: Unknown element under <manifest>: queries at /data/app/com.king.candycrushsaga-4Mt5qthnkt7zZ9oRsN9shw==/base.apk Binary XML file line #42
06-07 19:50:37.550  1339  1451 W PackageParser: Unknown element under <manifest>: queries at /data/app/com.google.android.youtube-OflEz1jWWL5mxnJDjQI93g==/base.apk Binary XML file line #41
06-07 19:50:37.551  1339  1453 W PackageParser: Unknown element under <manifest>: supports-gl-texture at /data/app/com.instagram.android-eIFXEgumYTjvzBvvGG-LJQ==/base.apk Binary XML file line #115
06-07 19:50:37.551  1339  1453 W PackageParser: Unknown element under <manifest>: queries at /data/app/com.instagram.android-eIFXEgumYTjvzBvvGG-LJQ==/base.apk Binary XML file line #129
06-07 19:50:37.551  1339  1453 W PackageParser: Unknown element under <manifest>: queries at /data/app/com.instagram.android-eIFXEgumYTjvzBvvGG-LJQ==/base.apk Binary XML file line #149
06-07 19:50:37.551  1339  1453 W PackageParser: Unknown element under <manifest>: queries at /data/app/com.instagram.android-eIFXEgumYTjvzBvvGG-LJQ==/base.apk Binary XML file line #158
06-07 19:50:37.554  1339  1453 W PackageParser: Unknown element under <application>: enable-feature at /data/app/com.instagram.android-eIFXEgumYTjvzBvvGG-LJQ==/base.apk Binary XML file line #678
06-07 19:50:37.557  1339  1453 W PackageParser: Unknown element under <manifest>: queries at /data/app/com.instagram.android-eIFXEgumYTjvzBvvGG-LJQ==/base.apk Binary XML file line #1357
06-07 19:50:37.557  1339  1453 W PackageParser: Unknown element under <manifest>: uses-sdk at /data/app/com.instagram.android-eIFXEgumYTjvzBvvGG-LJQ==/split_arservicesforpersonsegmentation.apk Binary XML file line #8
06-07 19:50:37.557  1339  1453 W PackageParser: Unknown element under <manifest>: module at /data/app/com.instagram.android-eIFXEgumYTjvzBvvGG-LJQ==/split_arservicesforpersonsegmentation.apk Binary XML file line #9
06-07 19:50:37.557  1339  1453 W PackageParser: Unknown element under <manifest>: uses-sdk at /data/app/com.instagram.android-eIFXEgumYTjvzBvvGG-LJQ==/split_pytorch.apk Binary XML file line #8
06-07 19:50:37.557  1339  1453 W PackageParser: Unknown element under <manifest>: module at /data/app/com.instagram.android-eIFXEgumYTjvzBvvGG-LJQ==/split_pytorch.apk Binary XML file line #9
06-07 19:50:37.564  1339  1452 W PackageParser: Unknown element under <manifest>: queries at /data/app/com.supercell.clashofclans-XTSwj8c1958XEVo428IIrw==/base.apk Binary XML file line #23
06-07 19:50:37.565  1339  1452 W PackageParser: Unknown element under <manifest>: module at /data/app/com.supercell.clashofclans-XTSwj8c1958XEVo428IIrw==/split_googleplay_asset_pack.apk Binary XML file line #2
06-07 19:50:37.584  1339  1454 W PackageParser: Unknown element under <manifest>: queries at /data/app/com.google.android.apps.maps-Z0cUEcpyF_L3ss-nH_KN5Q==/base.apk Binary XML file line #103
06-07 19:50:37.600  1339  1339 I PackageManager: Finished scanning non-system apps. Time: 420 ms, packageCount: 52 , timePerPackage: 8 , cached: 0
06-07 19:50:37.601  1339  1339 E PackageManager: updateAllSharedLibrariesLPw failed: Package org.codeaurora.ims requires unavailable shared library ims-ext-common; failing!
06-07 19:50:37.605  1339  1339 I PackageManager: Time to scan packages: 1.353 seconds
06-07 19:50:37.606  1339  1339 I PackageManager: Un-granting permission android.permission.MANAGE_DOCUMENTS from package com.google.android.youtube (protectionLevel=262146 flags=0x305bbe44)
06-07 19:50:37.606  1339  1339 I PackageManager: Un-granting permission android.permission.SYSTEM_ALERT_WINDOW from package com.google.android.youtube (protectionLevel=1250 flags=0x305bbe44)
06-07 19:50:37.606  1339  1339 I PackageManager: Un-granting permission com.google.android.googleapps.permission.GOOGLE_AUTH from package com.android.providers.calendar (protectionLevel=2 flags=0x30083e45)
06-07 19:50:37.606  1339  1339 I PackageManager: Un-granting permission com.google.android.googleapps.permission.GOOGLE_AUTH.cl from package com.android.providers.calendar (protectionLevel=2 flags=0x30083e45)
06-07 19:50:37.607  1339  1339 I PackageManager: Un-granting permission android.permission.GLOBAL_SEARCH from package com.android.quicksearchbox (protectionLevel=18 flags=0x3008be45)
06-07 19:50:37.608  1339  1339 I PackageManager: Un-granting permission android.permission.SYSTEM_ALERT_WINDOW from package com.microsoft.office.excel (protectionLevel=1250 flags=0x30583e44)
06-07 19:50:37.608  1339  1339 I PackageManager: Un-granting permission android.permission.SYSTEM_ALERT_WINDOW from package com.google.ar.core (protectionLevel=1250 flags=0xa848be44)
06-07 19:50:37.608  1339  1339 I PackageManager: Un-granting permission android.permission.WRITE_DEVICE_CONFIG from package com.android.vending (protectionLevel=524802 flags=0x284abec5)
06-07 19:50:37.608  1339  1339 I PackageManager: Un-granting permission android.permission.HIDE_NON_SYSTEM_OVERLAY_WINDOWS from package com.android.vending (protectionLevel=258 flags=0x284abec5)
06-07 19:50:37.608  1339  1339 I PackageManager: Un-granting permission android.permission.SEND_DOWNLOAD_COMPLETED_INTENTS from package com.android.vending (protectionLevel=2 flags=0x284abec5)
06-07 19:50:37.608  1339  1339 I PackageManager: Un-granting permission android.permission.INSTALL_GRANT_RUNTIME_PERMISSIONS from package com.android.vending (protectionLevel=770 flags=0x284abec5)
06-07 19:50:37.608  1339  1339 I PackageManager: Un-granting permission android.permission.GRANT_RUNTIME_PERMISSIONS from package com.android.vending (protectionLevel=770 flags=0x284abec5)
06-07 19:50:37.608  1339  1339 I PackageManager: Un-granting permission android.permission.REVOKE_RUNTIME_PERMISSIONS from package com.android.vending (protectionLevel=770 flags=0x284abec5)
06-07 19:50:37.608  1339  1339 I PackageManager: Un-granting permission android.permission.SET_PREFERRED_APPLICATIONS from package com.android.vending (protectionLevel=770 flags=0x284abec5)
06-07 19:50:37.608  1339  1339 I PackageManager: Un-granting permission android.permission.ACCESS_INSTANT_APPS from package com.android.vending (protectionLevel=131842 flags=0x284abec5)
06-07 19:50:37.608  1339  1339 I PackageManager: Un-granting permission android.permission.MANAGE_APP_OPS_MODES from package com.android.vending (protectionLevel=770 flags=0x284abec5)
06-07 19:50:37.608  1339  1339 I PackageManager: Un-granting permission android.permission.MANAGE_ROLLBACKS from package com.android.vending (protectionLevel=514 flags=0x284abec5)
06-07 19:50:37.608  1339  1339 I PackageManager: Un-granting permission android.permission.SET_HARMFUL_APP_WARNINGS from package com.android.vending (protectionLevel=514 flags=0x284abec5)
06-07 19:50:37.610  1339  1339 I PackageManager: Un-granting permission android.permission.BIND_WALLPAPER from package com.android.camera2 (protectionLevel=18 flags=0x2058bc45)
06-07 19:50:37.611  1339  1339 I PackageManager: Un-granting permission android.permission.REQUEST_INSTALL_PACKAGES from package com.google.android.gm (protectionLevel=66 flags=0x285bbe44)
06-07 19:50:37.612  1339  1339 I PackageManager: Un-granting permission android.permission.REQUEST_INSTALL_PACKAGES from package com.overlook.android.fing (protectionLevel=66 flags=0x20483e44)
06-07 19:50:37.612  1339  1339 I PackageManager: Un-granting permission com.google.android.googleapps.permission.GOOGLE_AUTH.mail from package com.android.calendar (protectionLevel=2 flags=0x2009be45)
06-07 19:50:37.613  1339  1339 I PackageManager: Un-granting permission android.permission.CLEAR_APP_CACHE from package com.andromeda.androbench2 (protectionLevel=18 flags=0x3808be44)
06-07 19:50:37.614  1339  1339 I PackageManager: Un-granting permission android.permission.REQUEST_INSTALL_PACKAGES from package com.dropbox.android (protectionLevel=66 flags=0x30583e44)
06-07 19:50:37.614  1339  1339 I PackageManager: Un-granting permission android.permission.SYSTEM_ALERT_WINDOW from package com.twitter.android (protectionLevel=1250 flags=0x28583e44)
06-07 19:50:37.615  1339  1339 I PackageManager: Un-granting permission android.permission.INTERACT_ACROSS_USERS from package com.google.android.syncadapters.contacts (protectionLevel=50 flags=0x20083e45)
06-07 19:50:37.616  1339  1339 I PackageManager: Un-granting permission android.permission.REQUEST_INSTALL_PACKAGES from package com.android.chrome (protectionLevel=66 flags=0xa04bbe44)
06-07 19:50:37.617  1339  1339 I PackageManager: Un-granting permission android.permission.HIDE_NON_SYSTEM_OVERLAY_WINDOWS from package com.google.android.packageinstaller (protectionLevel=258 flags=0x30483e45)
06-07 19:50:37.617  1339  1339 I PackageManager: Un-granting permission android.permission.MANAGE_APP_OPS_MODES from package com.google.android.packageinstaller (protectionLevel=770 flags=0x30483e45)
06-07 19:50:37.618  1339  1339 I PackageManager: Un-granting permission android.permission.INTERACT_ACROSS_USERS_FULL from package com.google.android.packageinstaller (protectionLevel=258 flags=0x30483e45)
06-07 19:50:37.619  1339  1339 I PackageManager: Un-granting permission android.permission.CAPTURE_VIDEO_OUTPUT from package com.google.android.gms (protectionLevel=2 flags=0xa04abec5)
06-07 19:50:37.620  1339  1339 I PackageManager: Un-granting permission android.permission.MANAGE_DEVICE_ADMINS from package com.google.android.gms (protectionLevel=2 flags=0xa04abec5)
06-07 19:50:37.620  1339  1339 I PackageManager: Un-granting permission android.permission.MANAGE_ACTIVITY_STACKS from package com.google.android.gms (protectionLevel=2 flags=0xa04abec5)
06-07 19:50:37.621  1339  1339 I PackageManager: Un-granting permission android.permission.CAPTURE_SECURE_VIDEO_OUTPUT from package com.google.android.gms (protectionLevel=2 flags=0xa04abec5)
06-07 19:50:37.621  1339  1339 I PackageManager: Un-granting permission android.permission.WRITE_DEVICE_CONFIG from package com.google.android.gms (protectionLevel=524802 flags=0xa04abec5)
06-07 19:50:37.622  1339  1339 I PackageManager: Un-granting permission android.permission.MANAGE_ROLLBACKS from package com.google.android.gms (protectionLevel=514 flags=0xa04abec5)
06-07 19:50:37.622  1339  1339 I PackageManager: Un-granting permission android.permission.MEDIA_CONTENT_CONTROL from package com.google.android.gms (protectionLevel=18 flags=0xa04abec5)
06-07 19:50:37.622  1339  1339 I PackageManager: Un-granting permission android.permission.HIDE_NON_SYSTEM_OVERLAY_WINDOWS from package com.google.android.gms (protectionLevel=258 flags=0xa04abec5)
06-07 19:50:37.624  1339  1339 I PackageManager: Un-granting permission android.permission.UPDATE_APP_OPS_STATS from package com.google.android.tts (protectionLevel=274 flags=0x204bbec5)
06-07 19:50:37.624  1339  1339 I PackageManager: Un-granting permission android.permission.SYSTEM_ALERT_WINDOW from package tv.twitch.android.app (protectionLevel=1250 flags=0x20583e44)
06-07 19:50:37.627  1339  1339 I PackageManager: Un-granting permission android.permission.BATTERY_STATS from package com.facebook.katana (protectionLevel=50 flags=0x30583e44)
06-07 19:50:37.631  1339  1339 I PackageManager: Un-granting permission android.permission.SYSTEM_ALERT_WINDOW from package com.kakao.talk (protectionLevel=1250 flags=0x28583e44)
06-07 19:50:37.631  1339  1339 I PackageManager: Un-granting permission android.permission.REQUEST_INSTALL_PACKAGES from package com.kakao.talk (protectionLevel=66 flags=0x28583e44)
06-07 19:50:37.633  1339  1339 I PackageManager: Un-granting permission android.permission.PACKAGE_USAGE_STATS from package com.google.android.apps.work.clouddpc (protectionLevel=114 flags=0x3008be44)
06-07 19:50:37.634  1339  1339 I PackageManager: Un-granting permission android.permission.MOUNT_UNMOUNT_FILESYSTEMS from package com.adsk.sketchbook (protectionLevel=18 flags=0x3018be44)
06-07 19:50:37.634  1339  1339 I PackageManager: Un-granting permission android.permission.MANAGE_DOCUMENTS from package com.adsk.sketchbook (protectionLevel=262146 flags=0x3018be44)
06-07 19:50:37.635  1339  1339 I PackageManager: Un-granting permission android.permission.CONNECTIVITY_USE_RESTRICTED_NETWORKS from package com.android.captiveportallogin (protectionLevel=18 flags=0x3848be45)
06-07 19:50:37.635  1339  1339 I PackageManager: Un-granting permission android.permission.NETWORK_BYPASS_PRIVATE_DNS from package com.android.captiveportallogin (protectionLevel=2 flags=0x3848be45)
06-07 19:50:37.636  1339  1339 V PackageManager: reconcileAppsData for null u0 0x1 migrateAppData=true
06-07 19:50:37.684  1339  1339 V PackageManager: reconcileAppsData finished 25 packages
06-07 19:50:37.684  1339  1578 D SystemServerInitThreadPool: Started executing prepareAppData
06-07 19:50:37.732  1339  1339 V PackageManager: Ephemeral resolver found; pkg: com.google.android.gms, info:ResolveInfo{fcffbc4 com.google.android.gms/.chimera.PersistentBoundBrokerService m=0x108000}
06-07 19:50:37.732  1339  1339 D PackageManager: Set ephemeral resolver: Pair{ComponentInfo{com.google.android.gms/com.google.android.gms.chimera.PersistentBoundBrokerService} android.intent.action.RESOLVE_INSTANT_APP_PACKAGE}
06-07 19:50:37.733  1339  1339 D PackageManager: Set ephemeral installer activity: ComponentInfo{com.android.vending/com.google.android.finsky.instantapps.EphemeralInstallerActivity}
06-07 19:50:37.784  1339  1339 I Watchdog: Resuming HandlerChecker: main thread for reason: packagemanagermain. Pause count: 0
06-07 19:50:37.784  1339  1339 D SystemServerTiming: StartPackageManagerService took to complete: 1681ms
06-07 19:50:37.785  1339  1339 I SystemServer: StartOtaDexOptService
06-07 19:50:37.785  1339  1339 I Watchdog: Pausing HandlerChecker: main thread for reason: moveab. Pause count: 1
06-07 19:50:37.785  1339  1339 D OTADexopt: No upgrade, skipping A/B artifacts check.
06-07 19:50:37.785  1339  1339 I Watchdog: Resuming HandlerChecker: main thread for reason: moveab. Pause count: 0
06-07 19:50:37.785  1339  1339 D SystemServerTiming: StartOtaDexOptService took to complete: 0ms
06-07 19:50:37.785  1339  1339 I SystemServer: StartUserManagerService
06-07 19:50:37.785  1339  1339 I SystemServiceManager: Starting com.android.server.pm.UserManagerService$LifeCycle
06-07 19:50:37.785  1339  1339 D SystemServerTiming: StartUserManagerService took to complete: 1ms
06-07 19:50:37.785  1339  1339 I SystemServer: InitAttributerCache
06-07 19:50:37.785  1339  1339 D SystemServerTiming: InitAttributerCache took to complete: 0ms
06-07 19:50:37.785  1339  1339 I SystemServer: SetSystemProcess
06-07 19:50:37.788  1339  1339 D SystemServerTiming: SetSystemProcess took to complete: 2ms
06-07 19:50:37.788  1339  1339 I SystemServer: InitWatchdog
06-07 19:50:37.788  1339  1339 D SystemServerTiming: InitWatchdog took to complete: 0ms
06-07 19:50:37.788  1339  1339 I SystemServer: StartOverlayManagerService
06-07 19:50:37.833   903  1160 I storaged: storaged: Start
06-07 19:50:37.857  1339  1339 D SystemServerTiming: StartOverlayManagerService took to complete: 69ms
06-07 19:50:37.857  1339  1339 I SystemServer: StartSensorPrivacyService
06-07 19:50:37.857  1339  1339 D SystemServerTiming: StartSensorPrivacyService took to complete: 1ms
06-07 19:50:37.857  1339  1339 I SystemServer: StartBatteryService
06-07 19:50:37.857  1339  1339 I SystemServiceManager: Starting com.android.server.BatteryService
06-07 19:50:37.858  1339  1620 D SystemServerInitThreadPool: Started executing StartSensorService
06-07 19:50:37.875  1339  1620 E ActivityManager: No such permission: com.google.sensor.elmyra.permission.USE_RAW_SENSOR
06-07 19:50:37.875  1339  1620 E ActivityManager: android.content.pm.PackageManager$NameNotFoundException: com.google.sensor.elmyra.permission.USE_RAW_SENSOR
06-07 19:50:37.875  1339  1620 E ActivityManager: 	at android.app.ApplicationPackageManager.getPermissionInfo(ApplicationPackageManager.java:327)
06-07 19:50:37.875  1339  1620 E ActivityManager: 	at com.android.server.am.ActivityManagerService$PermissionController.isRuntimePermission(ActivityManagerService.java:5794)
06-07 19:50:37.875  1339  1620 E ActivityManager: 	at android.os.IPermissionController$Stub.onTransact(IPermissionController.java:153)
06-07 19:50:37.875  1339  1620 E ActivityManager: 	at android.os.Binder.execTransactInternal(Binder.java:1021)
06-07 19:50:37.875  1339  1620 E ActivityManager: 	at android.os.Binder.execTransact(Binder.java:994)
06-07 19:50:37.875  1339  1620 E ActivityManager: 	at com.android.server.SystemServer.startSensorService(Native Method)
06-07 19:50:37.875  1339  1620 E ActivityManager: 	at com.android.server.SystemServer.lambda$startBootstrapServices$0(SystemServer.java:816)
06-07 19:50:37.875  1339  1620 E ActivityManager: 	at com.android.server.-$$Lambda$SystemServer$UyrPns7R814g-ZEylCbDKhe8It4.run(Unknown Source:0)
06-07 19:50:37.875  1339  1620 E ActivityManager: 	at com.android.server.SystemServerInitThreadPool.lambda$submit$0$SystemServerInitThreadPool(SystemServerInitThreadPool.java:72)
06-07 19:50:37.875  1339  1620 E ActivityManager: 	at com.android.server.-$$Lambda$SystemServerInitThreadPool$jLyL3DFmbjsFesU5SGktD3NoWSc.run(Unknown Source:6)
06-07 19:50:37.875  1339  1620 E ActivityManager: 	at java.util.concurrent.Executors$RunnableAdapter.call(Executors.java:462)
06-07 19:50:37.875  1339  1620 E ActivityManager: 	at java.util.concurrent.FutureTask.run(FutureTask.java:266)
06-07 19:50:37.875  1339  1620 E ActivityManager: 	at java.util.concurrent.ThreadPoolExecutor.runWorker(ThreadPoolExecutor.java:1167)
06-07 19:50:37.875  1339  1620 E ActivityManager: 	at java.util.concurrent.ThreadPoolExecutor$Worker.run(ThreadPoolExecutor.java:641)
06-07 19:50:37.875  1339  1620 E ActivityManager: 	at com.android.internal.util.ConcurrentUtils$1$1.run(ConcurrentUtils.java:62)
06-07 19:50:37.877  1339  1620 D SystemServerTimingAsync: StartSensorService took to complete: 20ms
06-07 19:50:37.877  1339  1620 D SystemServerInitThreadPool: Finished executing StartSensorService
06-07 19:50:37.879  1339  1339 I HealthServiceWrapper: health: HealthServiceWrapper listening to instance default
06-07 19:50:37.879  1339  1339 I BatteryService: health: Waited 0ms and received the update.
06-07 19:50:37.880  1339  1339 D SystemServerTiming: StartBatteryService took to complete: 22ms
06-07 19:50:37.880  1339  1339 I SystemServer: StartUsageService
06-07 19:50:37.880  1339  1339 I SystemServiceManager: Starting com.android.server.usage.UsageStatsService
06-07 19:50:37.886  1339  1339 I UsageStatsService: User[0] Rollover scheduled @ 2022-06-08 19:19:37(1654683577704)
06-07 19:50:37.886  1339  1339 D SystemServerTiming: StartUsageService took to complete: 7ms
06-07 19:50:37.886  1339  1339 I SystemServer: StartWebViewUpdateService
06-07 19:50:37.886  1339  1339 I SystemServiceManager: Starting com.android.server.webkit.WebViewUpdateService
06-07 19:50:37.887  1339  1339 D SystemServerTiming: StartWebViewUpdateService took to complete: 0ms
06-07 19:50:37.887  1339  1339 I SystemServer: StartCachedDeviceStateService
06-07 19:50:37.887  1339  1339 I SystemServiceManager: Starting com.android.server.CachedDeviceStateService
06-07 19:50:37.887  1339  1339 D SystemServerTiming: StartCachedDeviceStateService took to complete: 0ms
06-07 19:50:37.887  1339  1339 I SystemServer: StartBinderCallsStatsService
06-07 19:50:37.887  1339  1339 I SystemServiceManager: Starting com.android.server.BinderCallsStatsService$LifeCycle
06-07 19:50:37.887  1339  1339 D SystemServerTiming: StartBinderCallsStatsService took to complete: 1ms
06-07 19:50:37.887  1339  1339 I SystemServer: StartLooperStatsService
06-07 19:50:37.887  1339  1339 I SystemServiceManager: Starting com.android.server.LooperStatsService$Lifecycle
06-07 19:50:37.887  1339  1339 D SystemServerTiming: StartLooperStatsService took to complete: 0ms
06-07 19:50:37.888  1339  1339 I SystemServer: StartRollbackManagerService
06-07 19:50:37.888  1339  1339 I SystemServiceManager: Starting com.android.server.rollback.RollbackManagerService
06-07 19:50:37.890  1339  1339 D SystemServerTiming: StartRollbackManagerService took to complete: 3ms
06-07 19:50:37.890  1339  1339 I SystemServer: StartBugreportManagerService
06-07 19:50:37.890  1339  1339 I SystemServiceManager: Starting com.android.server.os.BugreportManagerService
06-07 19:50:37.890  1339  1339 D SystemServerTiming: StartBugreportManagerService took to complete: 0ms
06-07 19:50:37.890  1339  1339 I SystemServer: GpuService
06-07 19:50:37.890  1339  1339 I SystemServiceManager: Starting com.android.server.gpu.GpuService
06-07 19:50:37.891  1339  1339 D SystemServerTiming: GpuService took to complete: 0ms
06-07 19:50:37.891  1339  1339 I SystemServer: StartKeyAttestationApplicationIdProviderService
06-07 19:50:37.891  1339  1339 D SystemServerTiming: StartKeyAttestationApplicationIdProviderService took to complete: 0ms
06-07 19:50:37.891  1339  1339 I SystemServer: StartKeyChainSystemService
06-07 19:50:37.891  1339  1339 I SystemServiceManager: Starting com.android.server.security.KeyChainSystemService
06-07 19:50:37.891  1339  1339 D SystemServerTiming: StartKeyChainSystemService took to complete: 1ms
06-07 19:50:37.891  1339  1339 I SystemServer: StartSchedulingPolicyService
06-07 19:50:37.891  1339  1636 D SystemServerInitThreadPool: Started executing SchedulingPolicyService.<init>
06-07 19:50:37.891  1339  1339 D SystemServerTiming: StartSchedulingPolicyService took to complete: 0ms
06-07 19:50:37.892  1339  1339 I SystemServer: StartTelecomLoaderService
06-07 19:50:37.892  1339  1339 I SystemServiceManager: Starting com.android.server.telecom.TelecomLoaderService
06-07 19:50:37.892  1339  1339 D SystemServerTiming: StartTelecomLoaderService took to complete: 0ms
06-07 19:50:37.892  1339  1339 I SystemServer: StartTelephonyRegistry
06-07 19:50:37.892  1339  1635 D SystemServerInitThreadPool: Started executing SecondaryZygotePreload
06-07 19:50:37.892  1339  1635 I SystemServer: SecondaryZygotePreload
06-07 19:50:37.892  1339  1339 D SystemServerTiming: StartTelephonyRegistry took to complete: 0ms
06-07 19:50:37.892  1339  1339 I SystemServer: StartEntropyMixer
06-07 19:50:37.894  1339  1339 W EntropyMixer: Failed to add HW RNG output to entropy pool
06-07 19:50:37.894  1339  1339 W EntropyMixer: java.io.FileNotFoundException: /dev/hw_random: open failed: EACCES (Permission denied)
06-07 19:50:37.894  1339  1339 W EntropyMixer: 	at libcore.io.IoBridge.open(IoBridge.java:496)
06-07 19:50:37.894  1339  1339 W EntropyMixer: 	at java.io.FileInputStream.<init>(FileInputStream.java:159)
06-07 19:50:37.894  1339  1339 W EntropyMixer: 	at java.io.FileInputStream.<init>(FileInputStream.java:115)
06-07 19:50:37.894  1339  1339 W EntropyMixer: 	at com.android.server.RandomBlock.fromFile(RandomBlock.java:45)
06-07 19:50:37.894  1339  1339 W EntropyMixer: 	at com.android.server.EntropyMixer.addHwRandomEntropy(EntropyMixer.java:205)
06-07 19:50:37.894  1339  1339 W EntropyMixer: 	at com.android.server.EntropyMixer.<init>(EntropyMixer.java:115)
06-07 19:50:37.894  1339  1339 W EntropyMixer: 	at com.android.server.EntropyMixer.<init>(EntropyMixer.java:97)
06-07 19:50:37.894  1339  1339 W EntropyMixer: 	at com.android.server.SystemServer.startOtherServices(SystemServer.java:968)
06-07 19:50:37.894  1339  1339 W EntropyMixer: 	at com.android.server.SystemServer.run(SystemServer.java:513)
06-07 19:50:37.894  1339  1339 W EntropyMixer: 	at com.android.server.SystemServer.main(SystemServer.java:350)
06-07 19:50:37.894  1339  1339 W EntropyMixer: 	at java.lang.reflect.Method.invoke(Native Method)
06-07 19:50:37.894  1339  1339 W EntropyMixer: 	at com.android.internal.os.RuntimeInit$MethodAndArgsCaller.run(RuntimeInit.java:492)
06-07 19:50:37.894  1339  1339 W EntropyMixer: 	at com.android.internal.os.ZygoteInit.main(ZygoteInit.java:908)
06-07 19:50:37.894  1339  1339 W EntropyMixer: Caused by: android.system.ErrnoException: open failed: EACCES (Permission denied)
06-07 19:50:37.894  1339  1339 W EntropyMixer: 	at libcore.io.Linux.open(Native Method)
06-07 19:50:37.894  1339  1339 W EntropyMixer: 	at libcore.io.ForwardingOs.open(ForwardingOs.java:167)
06-07 19:50:37.894  1339  1339 W EntropyMixer: 	at libcore.io.BlockGuardOs.open(BlockGuardOs.java:252)
06-07 19:50:37.894  1339  1339 W EntropyMixer: 	at libcore.io.IoBridge.open(IoBridge.java:482)
06-07 19:50:37.894  1339  1339 W EntropyMixer: 	... 12 more
06-07 19:50:37.894  1339  1339 I EntropyMixer: Writing entropy...
06-07 19:50:37.895  1339  1339 D SystemServerTiming: StartEntropyMixer took to complete: 3ms
06-07 19:50:37.895  1339  1339 I SystemServer: StartAccountManagerService
06-07 19:50:37.895  1339  1339 I SystemServiceManager: Starting com.android.server.accounts.AccountManagerService$Lifecycle
06-07 19:50:37.896  1339  1636 D SystemServerInitThreadPool: Finished executing SchedulingPolicyService.<init>
06-07 19:50:37.896   788   788 D ZygoteInitTiming_lazy: BeginPreload took to complete: 2ms
06-07 19:50:37.897  1339  1339 D SystemServerTiming: StartAccountManagerService took to complete: 2ms
06-07 19:50:37.897  1339  1339 I SystemServer: StartContentService
06-07 19:50:37.897  1339  1339 I SystemServiceManager: Starting com.android.server.content.ContentService$Lifecycle
06-07 19:50:37.897  1339  1339 D SystemServerTiming: StartContentService took to complete: 1ms
06-07 19:50:37.897  1339  1339 I SystemServer: InstallSystemProviders
06-07 19:50:37.906  1339  1367 W ProcessCpuTracker: Failed to stat(/proc/1626): android.system.ErrnoException: stat failed: ENOENT (No such file or directory)
06-07 19:50:37.906  1339  1367 W ProcessCpuTracker: Skipping unknown process pid 1626
06-07 19:50:37.909  1339  1339 I SettingsState: No settings state /data/system/users/0/settings_config.xml
06-07 19:50:37.910  1339  1339 I SettingsState: directory info for directory/file /data/system/users/0/settings_config.xml with stacktrace 
06-07 19:50:37.910  1339  1339 I SettingsState: java.lang.Exception
06-07 19:50:37.910  1339  1339 I SettingsState: 	at com.android.providers.settings.SettingsState.logSettingsDirectoryInformation(SettingsState.java:753)
06-07 19:50:37.910  1339  1339 I SettingsState: 	at com.android.providers.settings.SettingsState.readStateSyncLocked(SettingsState.java:852)
06-07 19:50:37.910  1339  1339 I SettingsState: 	at com.android.providers.settings.SettingsState.<init>(SettingsState.java:277)
06-07 19:50:37.910  1339  1339 I SettingsState: 	at com.android.providers.settings.SettingsProvider$SettingsRegistry.ensureSettingsStateLocked(SettingsProvider.java:2592)
06-07 19:50:37.910  1339  1339 I SettingsState: 	at com.android.providers.settings.SettingsProvider$SettingsRegistry.ensureSettingsForUserLocked(SettingsProvider.java:2557)
06-07 19:50:37.910  1339  1339 I SettingsState: 	at com.android.providers.settings.SettingsProvider$SettingsRegistry.peekSettingsStateLocked(SettingsProvider.java:2870)
06-07 19:50:37.910  1339  1339 I SettingsState: 	at com.android.providers.settings.SettingsProvider$SettingsRegistry.getSettingsNamesLocked(SettingsProvider.java:2522)
06-07 19:50:37.910  1339  1339 I SettingsState: 	at com.android.providers.settings.SettingsProvider$SettingsRegistry.syncSsaidTableOnStart(SettingsProvider.java:2504)
06-07 19:50:37.910  1339  1339 I SettingsState: 	at com.android.providers.settings.SettingsProvider$SettingsRegistry.<init>(SettingsProvider.java:2400)
06-07 19:50:37.910  1339  1339 I SettingsState: 	at com.android.providers.settings.SettingsProvider.onCreate(SettingsProvider.java:330)
06-07 19:50:37.910  1339  1339 I SettingsState: 	at android.content.ContentProvider.attachInfo(ContentProvider.java:2092)
06-07 19:50:37.910  1339  1339 I SettingsState: 	at android.content.ContentProvider.attachInfo(ContentProvider.java:2066)
06-07 19:50:37.910  1339  1339 I SettingsState: 	at android.app.ActivityThread.installProvider(ActivityThread.java:6983)
06-07 19:50:37.910  1339  1339 I SettingsState: 	at android.app.ActivityThread.installContentProviders(ActivityThread.java:6528)
06-07 19:50:37.910  1339  1339 I SettingsState: 	at android.app.ActivityThread.installSystemProviders(ActivityThread.java:7169)
06-07 19:50:37.910  1339  1339 I SettingsState: 	at com.android.server.am.ActivityManagerService.installSystemProviders(ActivityManagerService.java:7536)
06-07 19:50:37.910  1339  1339 I SettingsState: 	at com.android.server.SystemServer.startOtherServices(SystemServer.java:983)
06-07 19:50:37.910  1339  1339 I SettingsState: 	at com.android.server.SystemServer.run(SystemServer.java:513)
06-07 19:50:37.910  1339  1339 I SettingsState: 	at com.android.server.SystemServer.main(SystemServer.java:350)
06-07 19:50:37.910  1339  1339 I SettingsState: 	at java.lang.reflect.Method.invoke(Native Method)
06-07 19:50:37.910  1339  1339 I SettingsState: 	at com.android.internal.os.RuntimeInit$MethodAndArgsCaller.run(RuntimeInit.java:492)
06-07 19:50:37.910  1339  1339 I SettingsState: 	at com.android.internal.os.ZygoteInit.main(ZygoteInit.java:908)
06-07 19:50:37.910  1339  1339 I SettingsState: ancestor directory /data/system/users/0 exists
06-07 19:50:37.910  1339  1339 I SettingsState: ancestor directory /data/system/users/0 permissions: r: true w: true x: true
06-07 19:50:37.910  1339  1339 I SettingsState: ancestor's parent directory /data/system/users permissions: r: true w: true x: true
06-07 19:50:37.918  1339  1339 D SystemServerTiming: InstallSystemProviders took to complete: 20ms
06-07 19:50:37.918  1339  1339 I SystemServer: StartDropBoxManager
06-07 19:50:37.918  1339  1339 I SystemServiceManager: Starting com.android.server.DropBoxManagerService
06-07 19:50:37.918  1339  1339 D SystemServerTiming: StartDropBoxManager took to complete: 0ms
06-07 19:50:37.918  1339  1339 I SystemServer: StartVibratorService
06-07 19:50:37.921  1339  1339 D SystemServerTiming: StartVibratorService took to complete: 2ms
06-07 19:50:37.921  1339  1339 I SystemServer: StartDynamicSystemService
06-07 19:50:37.921  1339  1339 D SystemServerTiming: StartDynamicSystemService took to complete: 0ms
06-07 19:50:37.921  1339  1339 I SystemServer: StartConsumerIrService
06-07 19:50:37.922  1339  1339 D SystemServerTiming: StartConsumerIrService took to complete: 0ms
06-07 19:50:37.922  1339  1339 I SystemServer: StartAlarmManagerService
06-07 19:50:37.923  1339  1339 D SystemServerTiming: StartAlarmManagerService took to complete: 2ms
06-07 19:50:37.923  1339  1339 I SystemServer: StartInputManagerService
06-07 19:50:37.923  1339  1339 I InputManager: Initializing input manager, mUseDevInputEventForAudioJack=false
06-07 19:50:37.924  1339  1339 D SystemServerTiming: StartInputManagerService took to complete: 1ms
06-07 19:50:37.924  1339  1339 I SystemServer: StartWindowManagerService
06-07 19:50:37.927  1339  1362 I WindowManager: No existing display settings, starting empty
06-07 19:50:37.929  1339  1578 D SystemServerTimingAsync: AppDataFixup took to complete: 245ms
06-07 19:50:37.934  1339  1339 D SystemServerTiming: StartWindowManagerService took to complete: 9ms
06-07 19:50:37.934  1339  1339 I SystemServer: SetWindowManagerService
06-07 19:50:37.935  1339  1361 I DropBoxManagerService: add tag=system_server_strictmode isTagEnabled=true flags=0x2
06-07 19:50:37.947  1339  1339 D SystemServerTiming: SetWindowManagerService took to complete: 14ms
06-07 19:50:37.947  1339  1339 I SystemServer: WindowManagerServiceOnInitReady
06-07 19:50:37.952  1339  1339 D SystemServerTiming: WindowManagerServiceOnInitReady took to complete: 5ms
06-07 19:50:37.953  1339  1339 I SystemServer: StartInputManager
06-07 19:50:37.953  1339  1339 I InputManager: Starting input manager
06-07 19:50:37.953  1339  1644 D SystemServerInitThreadPool: Started executing StartHidlServices
06-07 19:50:37.954  1339  1339 D SystemServerTiming: StartInputManager took to complete: 2ms
06-07 19:50:37.954  1339  1339 I SystemServer: DisplayManagerWindowManagerAndInputReady
06-07 19:50:37.954  1339  1339 D SystemServerTiming: DisplayManagerWindowManagerAndInputReady took to complete: 0ms
06-07 19:50:37.954  1339  1339 I SystemServer: StartBluetoothService
06-07 19:50:37.954  1339  1339 I SystemServiceManager: Starting com.android.server.BluetoothService
06-07 19:50:37.955  1339  1644 D SystemServerTimingAsync: StartHidlServices took to complete: 2ms
06-07 19:50:37.955  1339  1644 D SystemServerInitThreadPool: Finished executing StartHidlServices
06-07 19:50:37.955  1339  1339 D BluetoothManagerService: Loading stored name and address
06-07 19:50:37.955  1339  1339 D BluetoothManagerService: Stored bluetooth Name=AOSP on flame,Address=88:54:1F:05:02:DD
06-07 19:50:37.955  1339  1339 D BluetoothManagerService: Bluetooth persisted state: 0
06-07 19:50:37.955  1339  1339 D BluetoothManagerService: Detected SystemUiUid: 10106
06-07 19:50:37.955  1339  1339 D SystemServerTiming: StartBluetoothService took to complete: 0ms
06-07 19:50:37.955  1339  1339 I SystemServer: IpConnectivityMetrics
06-07 19:50:37.955  1339  1339 I SystemServiceManager: Starting com.android.server.connectivity.IpConnectivityMetrics
06-07 19:50:37.955  1339  1339 D SystemServerTiming: IpConnectivityMetrics took to complete: 1ms
06-07 19:50:37.955  1339  1339 I SystemServer: NetworkWatchlistService
06-07 19:50:37.955  1339  1339 I SystemServiceManager: Starting com.android.server.net.watchlist.NetworkWatchlistService$Lifecycle
06-07 19:50:37.965  1339  1339 I WatchlistSettings: Reload watchlist settings done
06-07 19:50:37.966  1339  1339 D SystemServerTiming: NetworkWatchlistService took to complete: 10ms
06-07 19:50:37.966  1339  1339 I SystemServer: PinnerService
06-07 19:50:37.966  1339  1339 I SystemServiceManager: Starting com.android.server.PinnerService
06-07 19:50:37.966  1339  1653 I WatchlistLoggingHandler: No need to aggregate record yet.
06-07 19:50:37.966  1339  1653 I WatchlistLoggingHandler: Milliseconds spent on tryAggregateRecords(): 0
06-07 19:50:37.967  1339  1339 D SystemServerTiming: PinnerService took to complete: 1ms
06-07 19:50:37.967  1339  1339 I SystemServer: SignedConfigService
06-07 19:50:37.967  1339  1339 D SystemServerTiming: SignedConfigService took to complete: 0ms
06-07 19:50:37.968  1339  1367 D PinnerService: pinRangeStream: null
06-07 19:50:37.971  1339  1339 I SystemServer: StartInputMethodManagerLifecycle
06-07 19:50:37.971  1339  1339 I SystemServiceManager: Starting com.android.server.inputmethod.InputMethodManagerService$Lifecycle
06-07 19:50:37.972  1339  1367 D PinnerService: pinRangeStream: null
06-07 19:50:37.977  1339  1339 D SystemServerTiming: StartInputMethodManagerLifecycle took to complete: 7ms
06-07 19:50:37.977  1339  1339 I SystemServer: StartAccessibilityManagerService
06-07 19:50:37.978  1339  1339 I SystemServiceManager: Starting com.android.server.accessibility.AccessibilityManagerService$Lifecycle
06-07 19:50:37.978  1339  1367 D PinnerService: pinRangeStream: null
