06-07 19:50:36.528  1339  1407 W PackageParser: Unknown element under <manifest>: attribution at /system/priv-app/PrebuiltGmsCore/PrebuiltGmsCore.apk Binary XML file line #159
06-07 19:50:36.528  1339  1407 W PackageParser: Unknown element under <manifest>: attribution at /system/priv-app/PrebuiltGmsCore/PrebuiltGmsCore.apk Binary XML file line #160
06-07 19:50:36.528  1339  1407 W PackageParser: Unknown element under <manifest>: attribution at /system/priv-app/PrebuiltGmsCore/PrebuiltGmsCore.apk Binary XML file line #161
06-07 19:50:36.528  1339  1407 W PackageParser: Unknown element under <manifest>: attribution at /system/priv-app/PrebuiltGmsCore/PrebuiltGmsCore.apk Binary XML file line #162
06-07 19:50:36.543  1339  1407 W PackageParser: Unknown element under <manifest>: queries at /system/priv-app/PrebuiltGmsCore/PrebuiltGmsCore.apk Binary XML file line #591
06-07 19:50:36.547  1339  1404 I PackageParser: Parse times for '/system/priv-app/TeleService': parse=103ms, update_cache=1 ms
06-07 19:50:36.574  1339  1407 I PackageParser: Parse times for '/system/priv-app/PrebuiltGmsCore': parse=123ms, update_cache=5 ms
06-07 19:50:36.574  1339  1339 W PackageManager: Failed to scan /system/priv-app/PrebuiltGmsCore: Package com.google.android.gms at /system/priv-app/PrebuiltGmsCore ignored: updated version 221514028 better than this 211515037
06-07 19:50:36.628  1339  1405 W PackageParser: Ignoring duplicate uses-permissions/uses-permissions-sdk-m: android.permission.READ_PRIVILEGED_PHONE_STATE in package: com.google.android.partnersetup at: Binary XML file line #56
06-07 19:50:36.656  1339  1406 W PackageParser: Unknown element under <manifest>: queries at /system/priv-app/Phonesky/Phonesky.apk Binary XML file line #271
06-07 19:50:36.665  1339  1339 W PackageManager: Failed to scan /system/priv-app/Phonesky: Package com.android.vending at /system/priv-app/Phonesky ignored: updated version 83061610 better than this 82542010
06-07 19:50:36.792  1339  1417 W PackageParser: Ignoring duplicate uses-permissions/uses-permissions-sdk-m: android.permission.CHANGE_WIFI_STATE in package: com.android.nfc at: Binary XML file line #52
06-07 19:50:36.792  1339  1417 W PackageParser: Ignoring duplicate uses-permissions/uses-permissions-sdk-m: android.permission.ACCESS_WIFI_STATE in package: com.android.nfc at: Binary XML file line #53
06-07 19:50:36.794  1339  1416 W PackageParser: No actions in intent filter at /system/app/CarrierDefaultApp/CarrierDefaultApp.apk Binary XML file line #43
06-07 19:50:36.837  1339  1415 W PackageParser: Unknown element under <manifest>: queries at /system/app/GoogleTTS/GoogleTTS.apk Binary XML file line #15
06-07 19:50:36.838  1339  1339 W PackageManager: Failed to scan /system/app/GoogleTTS: Package com.google.android.tts at /system/app/GoogleTTS ignored: updated version 210349294 better than this 210316595
06-07 19:50:36.888  1339  1418 W PackageParser: Ignoring duplicate uses-permissions/uses-permissions-sdk-m: android.permission.READ_CONTACTS in package: com.android.bluetooth at: Binary XML file line #67
06-07 19:50:36.888  1339  1418 W PackageParser: No actions in intent filter at /system/app/Bluetooth/Bluetooth.apk Binary XML file line #263
06-07 19:50:36.976  1339  1433 W PackageParser: Unknown element under <manifest>: meta-data at /product/priv-app/Dialer/Dialer.apk Binary XML file line #115
06-07 19:50:37.058  1339  1432 W PackageParser: No actions in intent filter at /product/priv-app/Contacts/Contacts.apk Binary XML file line #411
06-07 19:50:37.058  1339  1430 W PackageParser: Ignoring duplicate uses-permissions/uses-permissions-sdk-m: android.permission.CONFIGURE_WIFI_DISPLAY in package: com.android.systemui at: Binary XML file line #155
06-07 19:50:37.060  1339  1432 I PackageParser: Parse times for '/product/priv-app/Contacts': parse=118ms, update_cache=1 ms
06-07 19:50:37.070  1339  1339 W PackageManager: Failed to parse /product/priv-app/qcrilmsgtunnel: Missing base APK in /product/priv-app/qcrilmsgtunnel
06-07 19:50:37.080  1339  1430 I PackageParser: Parse times for '/product/priv-app/SystemUI': parse=151ms, update_cache=1 ms
06-07 19:50:37.109  1339  1431 I PackageParser: Parse times for '/product/priv-app/Settings': parse=186ms, update_cache=3 ms
06-07 19:50:37.111  1339  1339 W PackageManager: Skipping provider name androidx.lifecycle.process.lifecycle-process (in package com.android.settings): name already used by com.android.systemui
06-07 19:50:37.181  1339  1339 I PackageManager: Finished scanning system apps. Time: 928 ms, packageCount: 152 , timePerPackage: 6 , cached: 0
06-07 19:50:37.195  1339  1454 W PackageParser: Unknown element under <manifest>: queries at /data/app/com.rovio.baba-e7pFshNpXrZ4dPMGW6s9IQ==/base.apk Binary XML file line #45
06-07 19:50:37.216  1339  1451 W PackageParser: Unknown element under <manifest>: queries at /data/app/com.overlook.android.fing-Miz6aqIwmi53Ja3n_PG0_g==/base.apk Binary XML file line #33
06-07 19:50:37.216  1339  1451 W PackageParser: Unknown element under <manifest>: meta-data at /data/app/com.overlook.android.fing-Miz6aqIwmi53Ja3n_PG0_g==/base.apk Binary XML file line #43
06-07 19:50:37.279  1339  1454 W PackageParser: Unknown element under <manifest>: queries at /data/app/com.twitter.android-eiCXMR3Opag3IMRjIWHHTQ==/base.apk Binary XML file line #80
06-07 19:50:37.299  1339  1453 W PackageParser: Unknown element under <manifest>: queries at /data/app/com.android.chrome-4_lEj5R8tx7MSdbUD0_3dw==/base.apk Binary XML file line #80
06-07 19:50:37.307  1339  1453 W PackageParser: Unknown element under <manifest>: uses-sdk at /data/app/com.android.chrome-4_lEj5R8tx7MSdbUD0_3dw==/split_autofill_assistant.apk Binary XML file line #3
06-07 19:50:37.307  1339  1453 W PackageParser: Unknown element under <manifest>: module at /data/app/com.android.chrome-4_lEj5R8tx7MSdbUD0_3dw==/split_autofill_assistant.apk Binary XML file line #5
06-07 19:50:37.307  1339  1453 W PackageParser: Unknown element under <manifest>: uses-split at /data/app/com.android.chrome-4_lEj5R8tx7MSdbUD0_3dw==/split_autofill_assistant.apk Binary XML file line #27
06-07 19:50:37.309  1339  1451 W PackageParser: Unknown element under <manifest>: queries at /data/app/com.google.android.gm-3SGMLcioFKKseTvC2sOhAw==/base.apk Binary XML file line #111
06-07 19:50:37.310  1339  1451 W PackageParser: Ignoring duplicate uses-permissions/uses-permissions-sdk-m: android.permission.ACCESS_NETWORK_STATE in package: com.google.android.gm at: Binary XML file line #335
06-07 19:50:37.310  1339  1451 W PackageParser: Ignoring duplicate uses-permissions/uses-permissions-sdk-m: android.permission.INTERNET in package: com.google.android.gm at: Binary XML file line #341
06-07 19:50:37.310  1339  1451 W PackageParser: Ignoring duplicate uses-permissions/uses-permissions-sdk-m: android.permission.RECEIVE_BOOT_COMPLETED in package: com.google.android.gm at: Binary XML file line #342
06-07 19:50:37.310  1339  1451 W PackageParser: Ignoring duplicate uses-permissions/uses-permissions-sdk-m: android.permission.VIBRATE in package: com.google.android.gm at: Binary XML file line #343
06-07 19:50:37.310  1339  1451 W PackageParser: Ignoring duplicate uses-permissions/uses-permissions-sdk-m: android.permission.WAKE_LOCK in package: com.google.android.gm at: Binary XML file line #344
06-07 19:50:37.310  1339  1451 W PackageParser: Ignoring duplicate uses-permissions/uses-permissions-sdk-m: com.google.android.c2dm.permission.RECEIVE in package: com.google.android.gm at: Binary XML file line #347
06-07 19:50:37.310  1339  1451 W PackageParser: Ignoring duplicate uses-permissions/uses-permissions-sdk-m: android.permission.GET_PACKAGE_SIZE in package: com.google.android.gm at: Binary XML file line #348
06-07 19:50:37.310  1339  1451 W PackageParser: Ignoring duplicate uses-permissions/uses-permissions-sdk-m: com.google.android.providers.gsf.permission.READ_GSERVICES in package: com.google.android.gm at: Binary XML file line #349
06-07 19:50:37.310  1339  1451 W PackageParser: Ignoring duplicate uses-permissions/uses-permissions-sdk-m: com.google.android.providers.gsf.permission.READ_GSERVICES in package: com.google.android.gm at: Binary XML file line #354
06-07 19:50:37.310  1339  1451 W PackageParser: Ignoring duplicate uses-permissions/uses-permissions-sdk-m: android.permission.GET_PACKAGE_SIZE in package: com.google.android.gm at: Binary XML file line #355
06-07 19:50:37.310  1339  1451 W PackageParser: Ignoring duplicate uses-permissions/uses-permissions-sdk-m: android.permission.ACCESS_NETWORK_STATE in package: com.google.android.gm at: Binary XML file line #357
06-07 19:50:37.311  1339  1451 W PackageParser: Ignoring duplicate uses-permissions/uses-permissions-sdk-m: android.permission.CAMERA in package: com.google.android.gm at: Binary XML file line #368
06-07 19:50:37.311  1339  1451 W PackageParser: Ignoring duplicate uses-permissions/uses-permissions-sdk-m: android.permission.READ_CONTACTS in package: com.google.android.gm at: Binary XML file line #383
06-07 19:50:37.311  1339  1451 W PackageParser: Ignoring duplicate uses-permissions/uses-permissions-sdk-m: android.permission.FOREGROUND_SERVICE in package: com.google.android.gm at: Binary XML file line #385
06-07 19:50:37.311  1339  1451 W PackageParser: Ignoring duplicate uses-permissions/uses-permissions-sdk-m: android.permission.INTERNET in package: com.google.android.gm at: Binary XML file line #386
06-07 19:50:37.311  1339  1451 W PackageParser: Ignoring duplicate uses-permissions/uses-permissions-sdk-m: android.permission.WAKE_LOCK in package: com.google.android.gm at: Binary XML file line #389
06-07 19:50:37.311  1339  1451 W PackageParser: Ignoring duplicate uses-permissions/uses-permissions-sdk-m: android.permission.READ_CONTACTS in package: com.google.android.gm at: Binary XML file line #398
06-07 19:50:37.311  1339  1451 W PackageParser: Ignoring duplicate uses-permissions/uses-permissions-sdk-m: com.google.android.hangouts.START_HANGOUT in package: com.google.android.gm at: Binary XML file line #399
06-07 19:50:37.311  1339  1453 W PackageParser: Unknown element under <manifest>: uses-sdk at /data/app/com.android.chrome-4_lEj5R8tx7MSdbUD0_3dw==/split_cablev2_authenticator.apk Binary XML file line #3
06-07 19:50:37.311  1339  1453 W PackageParser: Unknown element under <manifest>: module at /data/app/com.android.chrome-4_lEj5R8tx7MSdbUD0_3dw==/split_cablev2_authenticator.apk Binary XML file line #5
06-07 19:50:37.311  1339  1453 W PackageParser: Unknown element under <manifest>: uses-split at /data/app/com.android.chrome-4_lEj5R8tx7MSdbUD0_3dw==/split_cablev2_authenticator.apk Binary XML file line #11
06-07 19:50:37.313  1339  1452 W PackageParser: Unknown element under <manifest>: queries at /data/app/com.kakao.talk-EhPExI62_J228oYCxWmVEQ==/base.apk Binary XML file line #11
06-07 19:50:37.317  1339  1453 W PackageParser: Unknown element under <manifest>: uses-sdk at /data/app/com.android.chrome-4_lEj5R8tx7MSdbUD0_3dw==/split_chime.apk Binary XML file line #3
06-07 19:50:37.317  1339  1453 W PackageParser: Unknown element under <manifest>: module at /data/app/com.android.chrome-4_lEj5R8tx7MSdbUD0_3dw==/split_chime.apk Binary XML file line #5
06-07 19:50:37.317  1339  1453 W PackageParser: Unknown element under <manifest>: uses-permission at /data/app/com.android.chrome-4_lEj5R8tx7MSdbUD0_3dw==/split_chime.apk Binary XML file line #17
06-07 19:50:37.317  1339  1453 W PackageParser: Unknown element under <manifest>: uses-permission at /data/app/com.android.chrome-4_lEj5R8tx7MSdbUD0_3dw==/split_chime.apk Binary XML file line #18
06-07 19:50:37.317  1339  1453 W PackageParser: Unknown element under <manifest>: uses-permission at /data/app/com.android.chrome-4_lEj5R8tx7MSdbUD0_3dw==/split_chime.apk Binary XML file line #19
06-07 19:50:37.318  1339  1453 W PackageParser: Unknown element under <manifest>: uses-split at /data/app/com.android.chrome-4_lEj5R8tx7MSdbUD0_3dw==/split_chime.apk Binary XML file line #79
06-07 19:50:37.318  1339  1454 I PackageParser: Parse times for '/data/app/com.twitter.android-eiCXMR3Opag3IMRjIWHHTQ==': parse=104ms, update_cache=7 ms
06-07 19:50:37.320  1339  1453 W PackageParser: Unknown element under <manifest>: uses-sdk at /data/app/com.android.chrome-4_lEj5R8tx7MSdbUD0_3dw==/split_chrome.apk Binary XML file line #3
06-07 19:50:37.320  1339  1453 W PackageParser: Unknown element under <manifest>: module at /data/app/com.android.chrome-4_lEj5R8tx7MSdbUD0_3dw==/split_chrome.apk Binary XML file line #5
06-07 19:50:37.323  1339  1451 W PackageParser: No actions in intent filter at /data/app/com.google.android.gm-3SGMLcioFKKseTvC2sOhAw==/base.apk Binary XML file line #1055
06-07 19:50:37.323  1339  1451 W PackageParser: No actions in intent filter at /data/app/com.google.android.gm-3SGMLcioFKKseTvC2sOhAw==/base.apk Binary XML file line #1129
06-07 19:50:37.329  1339  1452 W PackageParser: No actions in intent filter at /data/app/com.kakao.talk-EhPExI62_J228oYCxWmVEQ==/base.apk Binary XML file line #1192
06-07 19:50:37.334  1339  1451 W PackageParser: Unknown element under <application>: uses-native-library at /data/app/com.google.android.gm-3SGMLcioFKKseTvC2sOhAw==/base.apk Binary XML file line #2286
06-07 19:50:37.334  1339  1451 W PackageParser: Unknown element under <application>: uses-native-library at /data/app/com.google.android.gm-3SGMLcioFKKseTvC2sOhAw==/base.apk Binary XML file line #2289
06-07 19:50:37.334  1339  1451 W PackageParser: Unknown element under <application>: uses-native-library at /data/app/com.google.android.gm-3SGMLcioFKKseTvC2sOhAw==/base.apk Binary XML file line #2292
06-07 19:50:37.335  1339  1451 W PackageParser: No actions in intent filter at /data/app/com.google.android.gm-3SGMLcioFKKseTvC2sOhAw==/base.apk Binary XML file line #2599
06-07 19:50:37.338  1339  1451 I PackageParser: Parse times for '/data/app/com.google.android.gm-3SGMLcioFKKseTvC2sOhAw==': parse=108ms, update_cache=1 ms
06-07 19:50:37.343  1339  1453 W PackageParser: Unknown element under <manifest>: uses-sdk at /data/app/com.android.chrome-4_lEj5R8tx7MSdbUD0_3dw==/split_extra_icu.apk Binary XML file line #3
06-07 19:50:37.343  1339  1453 W PackageParser: Unknown element under <manifest>: module at /data/app/com.android.chrome-4_lEj5R8tx7MSdbUD0_3dw==/split_extra_icu.apk Binary XML file line #5
06-07 19:50:37.350  1339  1453 W PackageParser: Unknown element under <manifest>: uses-sdk at /data/app/com.android.chrome-4_lEj5R8tx7MSdbUD0_3dw==/split_feedv2.apk Binary XML file line #3
06-07 19:50:37.350  1339  1453 W PackageParser: Unknown element under <manifest>: module at /data/app/com.android.chrome-4_lEj5R8tx7MSdbUD0_3dw==/split_feedv2.apk Binary XML file line #5
06-07 19:50:37.350  1339  1453 W PackageParser: Unknown element under <manifest>: uses-permission at /data/app/com.android.chrome-4_lEj5R8tx7MSdbUD0_3dw==/split_feedv2.apk Binary XML file line #9
06-07 19:50:37.350  1339  1453 W PackageParser: Unknown element under <manifest>: uses-permission at /data/app/com.android.chrome-4_lEj5R8tx7MSdbUD0_3dw==/split_feedv2.apk Binary XML file line #10
06-07 19:50:37.350  1339  1453 W PackageParser: Unknown element under <manifest>: uses-permission at /data/app/com.android.chrome-4_lEj5R8tx7MSdbUD0_3dw==/split_feedv2.apk Binary XML file line #11
06-07 19:50:37.350  1339  1453 W PackageParser: Unknown element under <manifest>: uses-split at /data/app/com.android.chrome-4_lEj5R8tx7MSdbUD0_3dw==/split_feedv2.apk Binary XML file line #40
06-07 19:50:37.359  1339  1453 W PackageParser: Unknown element under <manifest>: uses-sdk at /data/app/com.android.chrome-4_lEj5R8tx7MSdbUD0_3dw==/split_image_editor.apk Binary XML file line #3
06-07 19:50:37.359  1339  1453 W PackageParser: Unknown element under <manifest>: module at /data/app/com.android.chrome-4_lEj5R8tx7MSdbUD0_3dw==/split_image_editor.apk Binary XML file line #5
06-07 19:50:37.359  1339  1453 W PackageParser: Unknown element under <manifest>: uses-split at /data/app/com.android.chrome-4_lEj5R8tx7MSdbUD0_3dw==/split_image_editor.apk Binary XML file line #11
06-07 19:50:37.363  1526  1526 I imsrcsd : Uce Service HAL  is starting up...
06-07 19:50:37.363  1526  1526 I imsrcsd : getAndroidPropValue : vendor.ims.DATA_DAEMON_STATUS[1]
06-07 19:50:37.364  1339  1452 I PackageParser: Parse times for '/data/app/com.kakao.talk-EhPExI62_J228oYCxWmVEQ==': parse=172ms, update_cache=10 ms
06-07 19:50:37.367  1339  1453 W PackageParser: Unknown element under <manifest>: uses-sdk at /data/app/com.android.chrome-4_lEj5R8tx7MSdbUD0_3dw==/split_survey.apk Binary XML file line #3
06-07 19:50:37.367  1339  1453 W PackageParser: Unknown element under <manifest>: module at /data/app/com.android.chrome-4_lEj5R8tx7MSdbUD0_3dw==/split_survey.apk Binary XML file line #5
06-07 19:50:37.367  1339  1453 W PackageParser: Unknown element under <manifest>: uses-permission at /data/app/com.android.chrome-4_lEj5R8tx7MSdbUD0_3dw==/split_survey.apk Binary XML file line #9
06-07 19:50:37.367  1339  1453 W PackageParser: Unknown element under <manifest>: uses-permission at /data/app/com.android.chrome-4_lEj5R8tx7MSdbUD0_3dw==/split_survey.apk Binary XML file line #10
06-07 19:50:37.367  1339  1453 W PackageParser: Unknown element under <manifest>: uses-permission at /data/app/com.android.chrome-4_lEj5R8tx7MSdbUD0_3dw==/split_survey.apk Binary XML file line #11
06-07 19:50:37.368  1339  1453 W PackageParser: Unknown element under <manifest>: uses-split at /data/app/com.android.chrome-4_lEj5R8tx7MSdbUD0_3dw==/split_survey.apk Binary XML file line #42
06-07 19:50:37.375  1339  1453 I PackageParser: Parse times for '/data/app/com.android.chrome-4_lEj5R8tx7MSdbUD0_3dw==': parse=129ms, update_cache=6 ms
06-07 19:50:37.380  1339  1451 W PackageParser: Unknown element under <manifest>: queries at /data/app/tv.twitch.android.app-nyhnvEy3c6d8n9FgpevjeA==/base.apk Binary XML file line #33
06-07 19:50:37.380  1339  1451 W PackageParser: Unknown element under <manifest>: queries at /data/app/tv.twitch.android.app-nyhnvEy3c6d8n9FgpevjeA==/base.apk Binary XML file line #65
06-07 19:50:37.393  1339  1453 W PackageParser: Unknown element under <manifest>: queries at /data/app/com.google.ar.core-rrztvEYDSGK97TV7MdGsgA==/base.apk Binary XML file line #62
06-07 19:50:37.401  1339  1454 W PackageParser: Unknown element under <manifest>: queries at /data/app/com.android.vending-sXW1SS_w_T0h30de3vznyw==/base.apk Binary XML file line #404
06-07 19:50:37.410  1339  1339 W PackageManager: Relax SCAN_REQUIRE_KNOWN requirement for package com.android.vending
06-07 19:50:37.421  1339  1452 W PackageParser: Unknown element under <manifest>: attribution at /data/app/com.google.android.gms-rz31hkxYkKbFL8YPt0kMuA==/base.apk Binary XML file line #15
06-07 19:50:37.421  1339  1452 W PackageParser: Unknown element under <manifest>: attribution at /data/app/com.google.android.gms-rz31hkxYkKbFL8YPt0kMuA==/base.apk Binary XML file line #18
06-07 19:50:37.421  1339  1452 W PackageParser: Unknown element under <manifest>: attribution at /data/app/com.google.android.gms-rz31hkxYkKbFL8YPt0kMuA==/base.apk Binary XML file line #21
06-07 19:50:37.421  1339  1452 W PackageParser: Unknown element under <manifest>: attribution at /data/app/com.google.android.gms-rz31hkxYkKbFL8YPt0kMuA==/base.apk Binary XML file line #24
06-07 19:50:37.421  1339  1452 W PackageParser: Unknown element under <manifest>: attribution at /data/app/com.google.android.gms-rz31hkxYkKbFL8YPt0kMuA==/base.apk Binary XML file line #27
06-07 19:50:37.421  1339  1452 W PackageParser: Unknown element under <manifest>: attribution at /data/app/com.google.android.gms-rz31hkxYkKbFL8YPt0kMuA==/base.apk Binary XML file line #30
06-07 19:50:37.421  1339  1452 W PackageParser: Unknown element under <manifest>: attribution at /data/app/com.google.android.gms-rz31hkxYkKbFL8YPt0kMuA==/base.apk Binary XML file line #33
06-07 19:50:37.421  1339  1452 W PackageParser: Unknown element under <manifest>: attribution at /data/app/com.google.android.gms-rz31hkxYkKbFL8YPt0kMuA==/base.apk Binary XML file line #36
06-07 19:50:37.421  1339  1452 W PackageParser: Unknown element under <manifest>: attribution at /data/app/com.google.android.gms-rz31hkxYkKbFL8YPt0kMuA==/base.apk Binary XML file line #39
06-07 19:50:37.421  1339  1452 W PackageParser: Unknown element under <manifest>: attribution at /data/app/com.google.android.gms-rz31hkxYkKbFL8YPt0kMuA==/base.apk Binary XML file line #42
06-07 19:50:37.421  1339  1452 W PackageParser: Unknown element under <manifest>: attribution at /data/app/com.google.android.gms-rz31hkxYkKbFL8YPt0kMuA==/base.apk Binary XML file line #45
06-07 19:50:37.421  1339  1452 W PackageParser: Unknown element under <manifest>: attribution at /data/app/com.google.android.gms-rz31hkxYkKbFL8YPt0kMuA==/base.apk Binary XML file line #48
06-07 19:50:37.421  1339  1452 W PackageParser: Unknown element under <manifest>: attribution at /data/app/com.google.android.gms-rz31hkxYkKbFL8YPt0kMuA==/base.apk Binary XML file line #51
06-07 19:50:37.421  1339  1452 W PackageParser: Unknown element under <manifest>: attribution at /data/app/com.google.android.gms-rz31hkxYkKbFL8YPt0kMuA==/base.apk Binary XML file line #54
06-07 19:50:37.421  1339  1452 W PackageParser: Unknown element under <manifest>: attribution at /data/app/com.google.android.gms-rz31hkxYkKbFL8YPt0kMuA==/base.apk Binary XML file line #57
06-07 19:50:37.421  1339  1452 W PackageParser: Unknown element under <manifest>: attribution at /data/app/com.google.android.gms-rz31hkxYkKbFL8YPt0kMuA==/base.apk Binary XML file line #60
06-07 19:50:37.421  1339  1452 W PackageParser: Unknown element under <manifest>: attribution at /data/app/com.google.android.gms-rz31hkxYkKbFL8YPt0kMuA==/base.apk Binary XML file line #63
06-07 19:50:37.421  1339  1452 W PackageParser: Unknown element under <manifest>: attribution at /data/app/com.google.android.gms-rz31hkxYkKbFL8YPt0kMuA==/base.apk Binary XML file line #66
06-07 19:50:37.421  1339  1452 W PackageParser: Unknown element under <manifest>: attribution at /data/app/com.google.android.gms-rz31hkxYkKbFL8YPt0kMuA==/base.apk Binary XML file line #69
06-07 19:50:37.421  1339  1452 W PackageParser: Unknown element under <manifest>: attribution at /data/app/com.google.android.gms-rz31hkxYkKbFL8YPt0kMuA==/base.apk Binary XML file line #72
06-07 19:50:37.421  1339  1452 W PackageParser: Unknown element under <manifest>: attribution at /data/app/com.google.android.gms-rz31hkxYkKbFL8YPt0kMuA==/base.apk Binary XML file line #75
06-07 19:50:37.421  1339  1452 W PackageParser: Unknown element under <manifest>: attribution at /data/app/com.google.android.gms-rz31hkxYkKbFL8YPt0kMuA==/base.apk Binary XML file line #78
06-07 19:50:37.421  1339  1452 W PackageParser: Unknown element under <manifest>: attribution at /data/app/com.google.android.gms-rz31hkxYkKbFL8YPt0kMuA==/base.apk Binary XML file line #81
06-07 19:50:37.421  1339  1452 W PackageParser: Unknown element under <manifest>: attribution at /data/app/com.google.android.gms-rz31hkxYkKbFL8YPt0kMuA==/base.apk Binary XML file line #84
06-07 19:50:37.421  1339  1452 W PackageParser: Unknown element under <manifest>: attribution at /data/app/com.google.android.gms-rz31hkxYkKbFL8YPt0kMuA==/base.apk Binary XML file line #87
06-07 19:50:37.421  1339  1452 W PackageParser: Unknown element under <manifest>: attribution at /data/app/com.google.android.gms-rz31hkxYkKbFL8YPt0kMuA==/base.apk Binary XML file line #90
06-07 19:50:37.421  1339  1452 W PackageParser: Unknown element under <manifest>: attribution at /data/app/com.google.android.gms-rz31hkxYkKbFL8YPt0kMuA==/base.apk Binary XML file line #93
06-07 19:50:37.421  1339  1452 W PackageParser: Unknown element under <manifest>: attribution at /data/app/com.google.android.gms-rz31hkxYkKbFL8YPt0kMuA==/base.apk Binary XML file line #96
06-07 19:50:37.421  1339  1452 W PackageParser: Unknown element under <manifest>: attribution at /data/app/com.google.android.gms-rz31hkxYkKbFL8YPt0kMuA==/base.apk Binary XML file line #99
06-07 19:50:37.421  1339  1452 W PackageParser: Unknown element under <manifest>: attribution at /data/app/com.google.android.gms-rz31hkxYkKbFL8YPt0kMuA==/base.apk Binary XML file line #102
06-07 19:50:37.421  1339  1452 W PackageParser: Unknown element under <manifest>: attribution at /data/app/com.google.android.gms-rz31hkxYkKbFL8YPt0kMuA==/base.apk Binary XML file line #105
06-07 19:50:37.421  1339  1452 W PackageParser: Unknown element under <manifest>: attribution at /data/app/com.google.android.gms-rz31hkxYkKbFL8YPt0kMuA==/base.apk Binary XML file line #108
06-07 19:50:37.421  1339  1452 W PackageParser: Unknown element under <manifest>: attribution at /data/app/com.google.android.gms-rz31hkxYkKbFL8YPt0kMuA==/base.apk Binary XML file line #111
06-07 19:50:37.421  1339  1452 W PackageParser: Unknown element under <manifest>: attribution at /data/app/com.google.android.gms-rz31hkxYkKbFL8YPt0kMuA==/base.apk Binary XML file line #114
06-07 19:50:37.421  1339  1452 W PackageParser: Unknown element under <manifest>: attribution at /data/app/com.google.android.gms-rz31hkxYkKbFL8YPt0kMuA==/base.apk Binary XML file line #117
06-07 19:50:37.421  1339  1452 W PackageParser: Unknown element under <manifest>: attribution at /data/app/com.google.android.gms-rz31hkxYkKbFL8YPt0kMuA==/base.apk Binary XML file line #120
06-07 19:50:37.421  1339  1452 W PackageParser: Unknown element under <manifest>: attribution at /data/app/com.google.android.gms-rz31hkxYkKbFL8YPt0kMuA==/base.apk Binary XML file line #123
06-07 19:50:37.421  1339  1452 W PackageParser: Unknown element under <manifest>: attribution at /data/app/com.google.android.gms-rz31hkxYkKbFL8YPt0kMuA==/base.apk Binary XML file line #126
06-07 19:50:37.421  1339  1452 W PackageParser: Unknown element under <manifest>: attribution at /data/app/com.google.android.gms-rz31hkxYkKbFL8YPt0kMuA==/base.apk Binary XML file line #129
06-07 19:50:37.421  1339  1452 W PackageParser: Unknown element under <manifest>: attribution at /data/app/com.google.android.gms-rz31hkxYkKbFL8YPt0kMuA==/base.apk Binary XML file line #132
06-07 19:50:37.421  1339  1452 W PackageParser: Unknown element under <manifest>: attribution at /data/app/com.google.android.gms-rz31hkxYkKbFL8YPt0kMuA==/base.apk Binary XML file line #135
06-07 19:50:37.421  1339  1452 W PackageParser: Unknown element under <manifest>: attribution at /data/app/com.google.android.gms-rz31hkxYkKbFL8YPt0kMuA==/base.apk Binary XML file line #138
06-07 19:50:37.421  1339  1452 W PackageParser: Unknown element under <manifest>: attribution at /data/app/com.google.android.gms-rz31hkxYkKbFL8YPt0kMuA==/base.apk Binary XML file line #141
06-07 19:50:37.421  1339  1452 W PackageParser: Unknown element under <manifest>: attribution at /data/app/com.google.android.gms-rz31hkxYkKbFL8YPt0kMuA==/base.apk Binary XML file line #144
06-07 19:50:37.421  1339  1452 W PackageParser: Unknown element under <manifest>: attribution at /data/app/com.google.android.gms-rz31hkxYkKbFL8YPt0kMuA==/base.apk Binary XML file line #147
06-07 19:50:37.421  1339  1452 W PackageParser: Unknown element under <manifest>: attribution at /data/app/com.google.android.gms-rz31hkxYkKbFL8YPt0kMuA==/base.apk Binary XML file line #150
06-07 19:50:37.421  1339  1452 W PackageParser: Unknown element under <manifest>: attribution at /data/app/com.google.android.gms-rz31hkxYkKbFL8YPt0kMuA==/base.apk Binary XML file line #153
06-07 19:50:37.421  1339  1452 W PackageParser: Unknown element under <manifest>: attribution at /data/app/com.google.android.gms-rz31hkxYkKbFL8YPt0kMuA==/base.apk Binary XML file line #156
06-07 19:50:37.421  1339  1452 W PackageParser: Unknown element under <manifest>: attribution at /data/app/com.google.android.gms-rz31hkxYkKbFL8YPt0kMuA==/base.apk Binary XML file line #159
06-07 19:50:37.421  1339  1452 W PackageParser: Unknown element under <manifest>: attribution at /data/app/com.google.android.gms-rz31hkxYkKbFL8YPt0kMuA==/base.apk Binary XML file line #162
06-07 19:50:37.421  1339  1452 W PackageParser: Unknown element under <manifest>: attribution at /data/app/com.google.android.gms-rz31hkxYkKbFL8YPt0kMuA==/base.apk Binary XML file line #165
06-07 19:50:37.421  1339  1452 W PackageParser: Unknown element under <manifest>: attribution at /data/app/com.google.android.gms-rz31hkxYkKbFL8YPt0kMuA==/base.apk Binary XML file line #168
06-07 19:50:37.421  1339  1452 W PackageParser: Unknown element under <manifest>: attribution at /data/app/com.google.android.gms-rz31hkxYkKbFL8YPt0kMuA==/base.apk Binary XML file line #171
06-07 19:50:37.421  1339  1452 W PackageParser: Unknown element under <manifest>: attribution at /data/app/com.google.android.gms-rz31hkxYkKbFL8YPt0kMuA==/base.apk Binary XML file line #174
06-07 19:50:37.421  1339  1452 W PackageParser: Unknown element under <manifest>: attribution at /data/app/com.google.android.gms-rz31hkxYkKbFL8YPt0kMuA==/base.apk Binary XML file line #177
06-07 19:50:37.421  1339  1452 W PackageParser: Unknown element under <manifest>: attribution at /data/app/com.google.android.gms-rz31hkxYkKbFL8YPt0kMuA==/base.apk Binary XML file line #180
06-07 19:50:37.421  1339  1452 W PackageParser: Unknown element under <manifest>: attribution at /data/app/com.google.android.gms-rz31hkxYkKbFL8YPt0kMuA==/base.apk Binary XML file line #183
06-07 19:50:37.421  1339  1452 W PackageParser: Unknown element under <manifest>: attribution at /data/app/com.google.android.gms-rz31hkxYkKbFL8YPt0kMuA==/base.apk Binary XML file line #186
06-07 19:50:37.421  1339  1452 W PackageParser: Unknown element under <manifest>: attribution at /data/app/com.google.android.gms-rz31hkxYkKbFL8YPt0kMuA==/base.apk Binary XML file line #189
06-07 19:50:37.421  1339  1452 W PackageParser: Unknown element under <manifest>: attribution at /data/app/com.google.android.gms-rz31hkxYkKbFL8YPt0kMuA==/base.apk Binary XML file line #192
06-07 19:50:37.421  1339  1452 W PackageParser: Unknown element under <manifest>: attribution at /data/app/com.google.android.gms-rz31hkxYkKbFL8YPt0kMuA==/base.apk Binary XML file line #195
06-07 19:50:37.421  1339  1452 W PackageParser: Unknown element under <manifest>: attribution at /data/app/com.google.android.gms-rz31hkxYkKbFL8YPt0kMuA==/base.apk Binary XML file line #198
06-07 19:50:37.421  1339  1452 W PackageParser: Unknown element under <manifest>: attribution at /data/app/com.google.android.gms-rz31hkxYkKbFL8YPt0kMuA==/base.apk Binary XML file line #201
06-07 19:50:37.421  1339  1452 W PackageParser: Unknown element under <manifest>: attribution at /data/app/com.google.android.gms-rz31hkxYkKbFL8YPt0kMuA==/base.apk Binary XML file line #204
06-07 19:50:37.421  1339  1452 W PackageParser: Unknown element under <manifest>: attribution at /data/app/com.google.android.gms-rz31hkxYkKbFL8YPt0kMuA==/base.apk Binary XML file line #207
06-07 19:50:37.422  1339  1452 W PackageParser: Unknown element under <manifest>: attribution at /data/app/com.google.android.gms-rz31hkxYkKbFL8YPt0kMuA==/base.apk Binary XML file line #210
06-07 19:50:37.422  1339  1452 W PackageParser: Unknown element under <manifest>: attribution at /data/app/com.google.android.gms-rz31hkxYkKbFL8YPt0kMuA==/base.apk Binary XML file line #213
06-07 19:50:37.422  1339  1452 W PackageParser: Unknown element under <manifest>: attribution at /data/app/com.google.android.gms-rz31hkxYkKbFL8YPt0kMuA==/base.apk Binary XML file line #216
06-07 19:50:37.422  1339  1452 W PackageParser: Unknown element under <manifest>: attribution at /data/app/com.google.android.gms-rz31hkxYkKbFL8YPt0kMuA==/base.apk Binary XML file line #219
06-07 19:50:37.422  1339  1452 W PackageParser: Unknown element under <manifest>: attribution at /data/app/com.google.android.gms-rz31hkxYkKbFL8YPt0kMuA==/base.apk Binary XML file line #222
06-07 19:50:37.422  1339  1452 W PackageParser: Unknown element under <manifest>: attribution at /data/app/com.google.android.gms-rz31hkxYkKbFL8YPt0kMuA==/base.apk Binary XML file line #225
06-07 19:50:37.422  1339  1452 W PackageParser: Unknown element under <manifest>: attribution at /data/app/com.google.android.gms-rz31hkxYkKbFL8YPt0kMuA==/base.apk Binary XML file line #228
06-07 19:50:37.422  1339  1452 W PackageParser: Unknown element under <manifest>: attribution at /data/app/com.google.android.gms-rz31hkxYkKbFL8YPt0kMuA==/base.apk Binary XML file line #231
06-07 19:50:37.422  1339  1452 W PackageParser: Unknown element under <manifest>: attribution at /data/app/com.google.android.gms-rz31hkxYkKbFL8YPt0kMuA==/base.apk Binary XML file line #234
06-07 19:50:37.422  1339  1452 W PackageParser: Unknown element under <manifest>: attribution at /data/app/com.google.android.gms-rz31hkxYkKbFL8YPt0kMuA==/base.apk Binary XML file line #237
06-07 19:50:37.422  1339  1452 W PackageParser: Unknown element under <manifest>: attribution at /data/app/com.google.android.gms-rz31hkxYkKbFL8YPt0kMuA==/base.apk Binary XML file line #240
06-07 19:50:37.422  1339  1452 W PackageParser: Unknown element under <manifest>: attribution at /data/app/com.google.android.gms-rz31hkxYkKbFL8YPt0kMuA==/base.apk Binary XML file line #243
06-07 19:50:37.422  1339  1452 W PackageParser: Unknown element under <manifest>: attribution at /data/app/com.google.android.gms-rz31hkxYkKbFL8YPt0kMuA==/base.apk Binary XML file line #246
06-07 19:50:37.422  1339  1452 W PackageParser: Unknown element under <manifest>: attribution at /data/app/com.google.android.gms-rz31hkxYkKbFL8YPt0kMuA==/base.apk Binary XML file line #249
06-07 19:50:37.422  1339  1452 W PackageParser: Unknown element under <manifest>: attribution at /data/app/com.google.android.gms-rz31hkxYkKbFL8YPt0kMuA==/base.apk Binary XML file line #252
06-07 19:50:37.422  1339  1452 W PackageParser: Unknown element under <manifest>: attribution at /data/app/com.google.android.gms-rz31hkxYkKbFL8YPt0kMuA==/base.apk Binary XML file line #255
06-07 19:50:37.422  1339  1452 W PackageParser: Unknown element under <manifest>: attribution at /data/app/com.google.android.gms-rz31hkxYkKbFL8YPt0kMuA==/base.apk Binary XML file line #258
06-07 19:50:37.422  1339  1452 W PackageParser: Unknown element under <manifest>: attribution at /data/app/com.google.android.gms-rz31hkxYkKbFL8YPt0kMuA==/base.apk Binary XML file line #261
06-07 19:50:37.422  1339  1452 W PackageParser: Unknown element under <manifest>: attribution at /data/app/com.google.android.gms-rz31hkxYkKbFL8YPt0kMuA==/base.apk Binary XML file line #264
06-07 19:50:37.422  1339  1452 W PackageParser: Unknown element under <manifest>: attribution at /data/app/com.google.android.gms-rz31hkxYkKbFL8YPt0kMuA==/base.apk Binary XML file line #267
06-07 19:50:37.422  1339  1452 W PackageParser: Unknown element under <manifest>: attribution at /data/app/com.google.android.gms-rz31hkxYkKbFL8YPt0kMuA==/base.apk Binary XML file line #270
06-07 19:50:37.422  1339  1452 W PackageParser: Unknown element under <manifest>: attribution at /data/app/com.google.android.gms-rz31hkxYkKbFL8YPt0kMuA==/base.apk Binary XML file line #273
06-07 19:50:37.422  1339  1452 W PackageParser: Unknown element under <manifest>: attribution at /data/app/com.google.android.gms-rz31hkxYkKbFL8YPt0kMuA==/base.apk Binary XML file line #276
06-07 19:50:37.422  1339  1452 W PackageParser: Unknown element under <manifest>: attribution at /data/app/com.google.android.gms-rz31hkxYkKbFL8YPt0kMuA==/base.apk Binary XML file line #279
06-07 19:50:37.422  1339  1452 W PackageParser: Unknown element under <manifest>: attribution at /data/app/com.google.android.gms-rz31hkxYkKbFL8YPt0kMuA==/base.apk Binary XML file line #282
06-07 19:50:37.422  1339  1452 W PackageParser: Unknown element under <manifest>: attribution at /data/app/com.google.android.gms-rz31hkxYkKbFL8YPt0kMuA==/base.apk Binary XML file line #285
06-07 19:50:37.422  1339  1452 W PackageParser: Unknown element under <manifest>: attribution at /data/app/com.google.android.gms-rz31hkxYkKbFL8YPt0kMuA==/base.apk Binary XML file line #288
06-07 19:50:37.422  1339  1452 W PackageParser: Unknown element under <manifest>: attribution at /data/app/com.google.android.gms-rz31hkxYkKbFL8YPt0kMuA==/base.apk Binary XML file line #291
06-07 19:50:37.422  1339  1452 W PackageParser: Unknown element under <manifest>: attribution at /data/app/com.google.android.gms-rz31hkxYkKbFL8YPt0kMuA==/base.apk Binary XML file line #294
06-07 19:50:37.422  1339  1452 W PackageParser: Unknown element under <manifest>: attribution at /data/app/com.google.android.gms-rz31hkxYkKbFL8YPt0kMuA==/base.apk Binary XML file line #297
06-07 19:50:37.422  1339  1452 W PackageParser: Unknown element under <manifest>: attribution at /data/app/com.google.android.gms-rz31hkxYkKbFL8YPt0kMuA==/base.apk Binary XML file line #300
06-07 19:50:37.422  1339  1452 W PackageParser: Unknown element under <manifest>: attribution at /data/app/com.google.android.gms-rz31hkxYkKbFL8YPt0kMuA==/base.apk Binary XML file line #303
06-07 19:50:37.422  1339  1452 W PackageParser: Unknown element under <manifest>: attribution at /data/app/com.google.android.gms-rz31hkxYkKbFL8YPt0kMuA==/base.apk Binary XML file line #306
06-07 19:50:37.422  1339  1452 W PackageParser: Unknown element under <manifest>: attribution at /data/app/com.google.android.gms-rz31hkxYkKbFL8YPt0kMuA==/base.apk Binary XML file line #309
06-07 19:50:37.422  1339  1452 W PackageParser: Unknown element under <manifest>: attribution at /data/app/com.google.android.gms-rz31hkxYkKbFL8YPt0kMuA==/base.apk Binary XML file line #312
06-07 19:50:37.422  1339  1452 W PackageParser: Unknown element under <manifest>: attribution at /data/app/com.google.android.gms-rz31hkxYkKbFL8YPt0kMuA==/base.apk Binary XML file line #315
06-07 19:50:37.422  1339  1452 W PackageParser: Unknown element under <manifest>: attribution at /data/app/com.google.android.gms-rz31hkxYkKbFL8YPt0kMuA==/base.apk Binary XML file line #318
06-07 19:50:37.422  1339  1452 W PackageParser: Unknown element under <manifest>: attribution at /data/app/com.google.android.gms-rz31hkxYkKbFL8YPt0kMuA==/base.apk Binary XML file line #321
06-07 19:50:37.422  1339  1452 W PackageParser: Unknown element under <manifest>: attribution at /data/app/com.google.android.gms-rz31hkxYkKbFL8YPt0kMuA==/base.apk Binary XML file line #324
06-07 19:50:37.422  1339  1452 W PackageParser: Unknown element under <manifest>: attribution at /data/app/com.google.android.gms-rz31hkxYkKbFL8YPt0kMuA==/base.apk Binary XML file line #327
06-07 19:50:37.422  1339  1452 W PackageParser: Unknown element under <manifest>: attribution at /data/app/com.google.android.gms-rz31hkxYkKbFL8YPt0kMuA==/base.apk Binary XML file line #330
06-07 19:50:37.422  1339  1452 W PackageParser: Unknown element under <manifest>: attribution at /data/app/com.google.android.gms-rz31hkxYkKbFL8YPt0kMuA==/base.apk Binary XML file line #333
06-07 19:50:37.422  1339  1452 W PackageParser: Unknown element under <manifest>: attribution at /data/app/com.google.android.gms-rz31hkxYkKbFL8YPt0kMuA==/base.apk Binary XML file line #336
06-07 19:50:37.422  1339  1452 W PackageParser: Unknown element under <manifest>: attribution at /data/app/com.google.android.gms-rz31hkxYkKbFL8YPt0kMuA==/base.apk Binary XML file line #339
06-07 19:50:37.422  1339  1452 W PackageParser: Unknown element under <manifest>: attribution at /data/app/com.google.android.gms-rz31hkxYkKbFL8YPt0kMuA==/base.apk Binary XML file line #342
06-07 19:50:37.422  1339  1452 W PackageParser: Unknown element under <manifest>: attribution at /data/app/com.google.android.gms-rz31hkxYkKbFL8YPt0kMuA==/base.apk Binary XML file line #345
06-07 19:50:37.422  1339  1452 W PackageParser: Unknown element under <manifest>: attribution at /data/app/com.google.android.gms-rz31hkxYkKbFL8YPt0kMuA==/base.apk Binary XML file line #348
06-07 19:50:37.422  1339  1452 W PackageParser: Unknown element under <manifest>: attribution at /data/app/com.google.android.gms-rz31hkxYkKbFL8YPt0kMuA==/base.apk Binary XML file line #351
06-07 19:50:37.422  1339  1452 W PackageParser: Unknown element under <manifest>: attribution at /data/app/com.google.android.gms-rz31hkxYkKbFL8YPt0kMuA==/base.apk Binary XML file line #354
06-07 19:50:37.422  1339  1452 W PackageParser: Unknown element under <manifest>: attribution at /data/app/com.google.android.gms-rz31hkxYkKbFL8YPt0kMuA==/base.apk Binary XML file line #357
06-07 19:50:37.422  1339  1452 W PackageParser: Unknown element under <manifest>: attribution at /data/app/com.google.android.gms-rz31hkxYkKbFL8YPt0kMuA==/base.apk Binary XML file line #360
06-07 19:50:37.422  1339  1452 W PackageParser: Unknown element under <manifest>: attribution at /data/app/com.google.android.gms-rz31hkxYkKbFL8YPt0kMuA==/base.apk Binary XML file line #363
06-07 19:50:37.422  1339  1452 W PackageParser: Unknown element under <manifest>: attribution at /data/app/com.google.android.gms-rz31hkxYkKbFL8YPt0kMuA==/base.apk Binary XML file line #366
06-07 19:50:37.422  1339  1452 W PackageParser: Unknown element under <manifest>: attribution at /data/app/com.google.android.gms-rz31hkxYkKbFL8YPt0kMuA==/base.apk Binary XML file line #369
06-07 19:50:37.422  1339  1452 W PackageParser: Unknown element under <manifest>: attribution at /data/app/com.google.android.gms-rz31hkxYkKbFL8YPt0kMuA==/base.apk Binary XML file line #372
06-07 19:50:37.422  1339  1452 W PackageParser: Unknown element under <manifest>: attribution at /data/app/com.google.android.gms-rz31hkxYkKbFL8YPt0kMuA==/base.apk Binary XML file line #375
06-07 19:50:37.422  1339  1452 W PackageParser: Unknown element under <manifest>: attribution at /data/app/com.google.android.gms-rz31hkxYkKbFL8YPt0kMuA==/base.apk Binary XML file line #378
06-07 19:50:37.422  1339  1452 W PackageParser: Unknown element under <manifest>: attribution at /data/app/com.google.android.gms-rz31hkxYkKbFL8YPt0kMuA==/base.apk Binary XML file line #381
06-07 19:50:37.422  1339  1452 W PackageParser: Unknown element under <manifest>: attribution at /data/app/com.google.android.gms-rz31hkxYkKbFL8YPt0kMuA==/base.apk Binary XML file line #384
06-07 19:50:37.422  1339  1452 W PackageParser: Unknown element under <manifest>: attribution at /data/app/com.google.android.gms-rz31hkxYkKbFL8YPt0kMuA==/base.apk Binary XML file line #387
06-07 19:50:37.422  1339  1452 W PackageParser: Unknown element under <manifest>: attribution at /data/app/com.google.android.gms-rz31hkxYkKbFL8YPt0kMuA==/base.apk Binary XML file line #390
06-07 19:50:37.422  1339  1452 W PackageParser: Unknown element under <manifest>: attribution at /data/app/com.google.android.gms-rz31hkxYkKbFL8YPt0kMuA==/base.apk Binary XML file line #393
06-07 19:50:37.422  1339  1452 W PackageParser: Unknown element under <manifest>: attribution at /data/app/com.google.android.gms-rz31hkxYkKbFL8YPt0kMuA==/base.apk Binary XML file line #396
06-07 19:50:37.422  1339  1452 W PackageParser: Unknown element under <manifest>: attribution at /data/app/com.google.android.gms-rz31hkxYkKbFL8YPt0kMuA==/base.apk Binary XML file line #399
06-07 19:50:37.422  1339  1452 W PackageParser: Unknown element under <manifest>: attribution at /data/app/com.google.android.gms-rz31hkxYkKbFL8YPt0kMuA==/base.apk Binary XML file line #402
06-07 19:50:37.422  1339  1452 W PackageParser: Unknown element under <manifest>: attribution at /data/app/com.google.android.gms-rz31hkxYkKbFL8YPt0kMuA==/base.apk Binary XML file line #405
06-07 19:50:37.422  1339  1452 W PackageParser: Unknown element under <manifest>: attribution at /data/app/com.google.android.gms-rz31hkxYkKbFL8YPt0kMuA==/base.apk Binary XML file line #408
06-07 19:50:37.422  1339  1452 W PackageParser: Unknown element under <manifest>: attribution at /data/app/com.google.android.gms-rz31hkxYkKbFL8YPt0kMuA==/base.apk Binary XML file line #411
06-07 19:50:37.422  1339  1452 W PackageParser: Unknown element under <manifest>: attribution at /data/app/com.google.android.gms-rz31hkxYkKbFL8YPt0kMuA==/base.apk Binary XML file line #414
06-07 19:50:37.423  1339  1452 W PackageParser: Unknown element under <manifest>: attribution at /data/app/com.google.android.gms-rz31hkxYkKbFL8YPt0kMuA==/base.apk Binary XML file line #417
06-07 19:50:37.423  1339  1452 W PackageParser: Unknown element under <manifest>: attribution at /data/app/com.google.android.gms-rz31hkxYkKbFL8YPt0kMuA==/base.apk Binary XML file line #420
06-07 19:50:37.423  1339  1452 W PackageParser: Unknown element under <manifest>: attribution at /data/app/com.google.android.gms-rz31hkxYkKbFL8YPt0kMuA==/base.apk Binary XML file line #423
06-07 19:50:37.423  1339  1452 W PackageParser: Unknown element under <manifest>: attribution at /data/app/com.google.android.gms-rz31hkxYkKbFL8YPt0kMuA==/base.apk Binary XML file line #426
06-07 19:50:37.423  1339  1452 W PackageParser: Unknown element under <manifest>: attribution at /data/app/com.google.android.gms-rz31hkxYkKbFL8YPt0kMuA==/base.apk Binary XML file line #429
06-07 19:50:37.423  1339  1452 W PackageParser: Unknown element under <manifest>: attribution at /data/app/com.google.android.gms-rz31hkxYkKbFL8YPt0kMuA==/base.apk Binary XML file line #432
06-07 19:50:37.423  1339  1452 W PackageParser: Unknown element under <manifest>: attribution at /data/app/com.google.android.gms-rz31hkxYkKbFL8YPt0kMuA==/base.apk Binary XML file line #435
06-07 19:50:37.423  1339  1452 W PackageParser: Unknown element under <manifest>: attribution at /data/app/com.google.android.gms-rz31hkxYkKbFL8YPt0kMuA==/base.apk Binary XML file line #438
06-07 19:50:37.423  1339  1452 W PackageParser: Unknown element under <manifest>: attribution at /data/app/com.google.android.gms-rz31hkxYkKbFL8YPt0kMuA==/base.apk Binary XML file line #441
06-07 19:50:37.423  1339  1452 W PackageParser: Unknown element under <manifest>: attribution at /data/app/com.google.android.gms-rz31hkxYkKbFL8YPt0kMuA==/base.apk Binary XML file line #444
06-07 19:50:37.423  1339  1452 W PackageParser: Unknown element under <manifest>: attribution at /data/app/com.google.android.gms-rz31hkxYkKbFL8YPt0kMuA==/base.apk Binary XML file line #447
06-07 19:50:37.423  1339  1452 W PackageParser: Unknown element under <manifest>: attribution at /data/app/com.google.android.gms-rz31hkxYkKbFL8YPt0kMuA==/base.apk Binary XML file line #450
06-07 19:50:37.423  1339  1452 W PackageParser: Unknown element under <manifest>: attribution at /data/app/com.google.android.gms-rz31hkxYkKbFL8YPt0kMuA==/base.apk Binary XML file line #453
06-07 19:50:37.423  1339  1452 W PackageParser: Unknown element under <manifest>: attribution at /data/app/com.google.android.gms-rz31hkxYkKbFL8YPt0kMuA==/base.apk Binary XML file line #456
06-07 19:50:37.423  1339  1452 W PackageParser: Unknown element under <manifest>: attribution at /data/app/com.google.android.gms-rz31hkxYkKbFL8YPt0kMuA==/base.apk Binary XML file line #459
06-07 19:50:37.423  1339  1452 W PackageParser: Unknown element under <manifest>: attribution at /data/app/com.google.android.gms-rz31hkxYkKbFL8YPt0kMuA==/base.apk Binary XML file line #462
06-07 19:50:37.423  1339  1452 W PackageParser: Unknown element under <manifest>: attribution at /data/app/com.google.android.gms-rz31hkxYkKbFL8YPt0kMuA==/base.apk Binary XML file line #465
06-07 19:50:37.423  1339  1452 W PackageParser: Unknown element under <manifest>: attribution at /data/app/com.google.android.gms-rz31hkxYkKbFL8YPt0kMuA==/base.apk Binary XML file line #468
06-07 19:50:37.423  1339  1452 W PackageParser: Unknown element under <manifest>: attribution at /data/app/com.google.android.gms-rz31hkxYkKbFL8YPt0kMuA==/base.apk Binary XML file line #471
06-07 19:50:37.423  1339  1452 W PackageParser: Unknown element under <manifest>: attribution at /data/app/com.google.android.gms-rz31hkxYkKbFL8YPt0kMuA==/base.apk Binary XML file line #474
06-07 19:50:37.423  1339  1452 W PackageParser: Unknown element under <manifest>: attribution at /data/app/com.google.android.gms-rz31hkxYkKbFL8YPt0kMuA==/base.apk Binary XML file line #477
06-07 19:50:37.423  1339  1452 W PackageParser: Unknown element under <manifest>: attribution at /data/app/com.google.android.gms-rz31hkxYkKbFL8YPt0kMuA==/base.apk Binary XML file line #480
06-07 19:50:37.423  1339  1452 W PackageParser: Unknown element under <manifest>: attribution at /data/app/com.google.android.gms-rz31hkxYkKbFL8YPt0kMuA==/base.apk Binary XML file line #483
06-07 19:50:37.423  1339  1452 W PackageParser: Unknown element under <manifest>: attribution at /data/app/com.google.android.gms-rz31hkxYkKbFL8YPt0kMuA==/base.apk Binary XML file line #486
06-07 19:50:37.423  1339  1452 W PackageParser: Unknown element under <manifest>: attribution at /data/app/com.google.android.gms-rz31hkxYkKbFL8YPt0kMuA==/base.apk Binary XML file line #489
06-07 19:50:37.423  1339  1452 W PackageParser: Unknown element under <manifest>: attribution at /data/app/com.google.android.gms-rz31hkxYkKbFL8YPt0kMuA==/base.apk Binary XML file line #492
06-07 19:50:37.423  1339  1452 W PackageParser: Unknown element under <manifest>: attribution at /data/app/com.google.android.gms-rz31hkxYkKbFL8YPt0kMuA==/base.apk Binary XML file line #495
06-07 19:50:37.423  1339  1452 W PackageParser: Unknown element under <manifest>: attribution at /data/app/com.google.android.gms-rz31hkxYkKbFL8YPt0kMuA==/base.apk Binary XML file line #498
06-07 19:50:37.423  1339  1452 W PackageParser: Unknown element under <manifest>: attribution at /data/app/com.google.android.gms-rz31hkxYkKbFL8YPt0kMuA==/base.apk Binary XML file line #501
06-07 19:50:37.423  1339  1452 W PackageParser: Unknown element under <manifest>: attribution at /data/app/com.google.android.gms-rz31hkxYkKbFL8YPt0kMuA==/base.apk Binary XML file line #504
06-07 19:50:37.423  1339  1452 W PackageParser: Unknown element under <manifest>: attribution at /data/app/com.google.android.gms-rz31hkxYkKbFL8YPt0kMuA==/base.apk Binary XML file line #507
