06-07 19:50:38.343  1339  1382 E DefaultPermGrantPolicy: 	at android.os.Handler.dispatchMessage(Handler.java:107)
06-07 19:50:38.343  1339  1382 E DefaultPermGrantPolicy: 	at android.os.Looper.loop(Looper.java:214)
06-07 19:50:38.343  1339  1382 E DefaultPermGrantPolicy: 	at android.os.HandlerThread.run(HandlerThread.java:67)
06-07 19:50:38.343  1339  1382 E DefaultPermGrantPolicy: 	at com.android.server.ServiceThread.run(ServiceThread.java:44)
06-07 19:50:38.343  1339  1382 E DefaultPermGrantPolicy: PackageNot found: com.google.android.projection.gearhead
06-07 19:50:38.343  1339  1382 E DefaultPermGrantPolicy: android.content.pm.PackageManager$NameNotFoundException: com.google.android.projection.gearhead
06-07 19:50:38.343  1339  1382 E DefaultPermGrantPolicy: 	at android.app.ApplicationPackageManager.getPackageInfoAsUser(ApplicationPackageManager.java:190)
06-07 19:50:38.343  1339  1382 E DefaultPermGrantPolicy: 	at android.app.ApplicationPackageManager.getPackageInfo(ApplicationPackageManager.java:159)
06-07 19:50:38.343  1339  1382 E DefaultPermGrantPolicy: 	at com.android.server.pm.permission.DefaultPermissionGrantPolicy.getPackageInfo(DefaultPermissionGrantPolicy.java:1317)
06-07 19:50:38.343  1339  1382 E DefaultPermGrantPolicy: 	at com.android.server.pm.permission.DefaultPermissionGrantPolicy.getSystemPackageInfo(DefaultPermissionGrantPolicy.java:1304)
06-07 19:50:38.343  1339  1382 E DefaultPermGrantPolicy: 	at com.android.server.pm.permission.DefaultPermissionGrantPolicy.parseExceptions(DefaultPermissionGrantPolicy.java:1488)
06-07 19:50:38.343  1339  1382 E DefaultPermGrantPolicy: 	at com.android.server.pm.permission.DefaultPermissionGrantPolicy.parse(DefaultPermissionGrantPolicy.java:1465)
06-07 19:50:38.343  1339  1382 E DefaultPermGrantPolicy: 	at com.android.server.pm.permission.DefaultPermissionGrantPolicy.readDefaultPermissionExceptionsLocked(DefaultPermissionGrantPolicy.java:1446)
06-07 19:50:38.343  1339  1382 E DefaultPermGrantPolicy: 	at com.android.server.pm.permission.DefaultPermissionGrantPolicy.access$200(DefaultPermissionGrantPolicy.java:100)
06-07 19:50:38.343  1339  1382 E DefaultPermGrantPolicy: 	at com.android.server.pm.permission.DefaultPermissionGrantPolicy$1.handleMessage(DefaultPermissionGrantPolicy.java:229)
06-07 19:50:38.343  1339  1382 E DefaultPermGrantPolicy: 	at android.os.Handler.dispatchMessage(Handler.java:107)
06-07 19:50:38.343  1339  1382 E DefaultPermGrantPolicy: 	at android.os.Looper.loop(Looper.java:214)
06-07 19:50:38.343  1339  1382 E DefaultPermGrantPolicy: 	at android.os.HandlerThread.run(HandlerThread.java:67)
06-07 19:50:38.343  1339  1382 E DefaultPermGrantPolicy: 	at com.android.server.ServiceThread.run(ServiceThread.java:44)
06-07 19:50:38.343  1339  1382 E DefaultPermGrantPolicy: PackageNot found: com.google.android.settings.intelligence
06-07 19:50:38.343  1339  1382 E DefaultPermGrantPolicy: android.content.pm.PackageManager$NameNotFoundException: com.google.android.settings.intelligence
06-07 19:50:38.343  1339  1382 E DefaultPermGrantPolicy: 	at android.app.ApplicationPackageManager.getPackageInfoAsUser(ApplicationPackageManager.java:190)
06-07 19:50:38.343  1339  1382 E DefaultPermGrantPolicy: 	at android.app.ApplicationPackageManager.getPackageInfo(ApplicationPackageManager.java:159)
06-07 19:50:38.343  1339  1382 E DefaultPermGrantPolicy: 	at com.android.server.pm.permission.DefaultPermissionGrantPolicy.getPackageInfo(DefaultPermissionGrantPolicy.java:1317)
06-07 19:50:38.343  1339  1382 E DefaultPermGrantPolicy: 	at com.android.server.pm.permission.DefaultPermissionGrantPolicy.getSystemPackageInfo(DefaultPermissionGrantPolicy.java:1304)
06-07 19:50:38.343  1339  1382 E DefaultPermGrantPolicy: 	at com.android.server.pm.permission.DefaultPermissionGrantPolicy.parseExceptions(DefaultPermissionGrantPolicy.java:1488)
06-07 19:50:38.343  1339  1382 E DefaultPermGrantPolicy: 	at com.android.server.pm.permission.DefaultPermissionGrantPolicy.parse(DefaultPermissionGrantPolicy.java:1465)
06-07 19:50:38.343  1339  1382 E DefaultPermGrantPolicy: 	at com.android.server.pm.permission.DefaultPermissionGrantPolicy.readDefaultPermissionExceptionsLocked(DefaultPermissionGrantPolicy.java:1446)
06-07 19:50:38.343  1339  1382 E DefaultPermGrantPolicy: 	at com.android.server.pm.permission.DefaultPermissionGrantPolicy.access$200(DefaultPermissionGrantPolicy.java:100)
06-07 19:50:38.343  1339  1382 E DefaultPermGrantPolicy: 	at com.android.server.pm.permission.DefaultPermissionGrantPolicy$1.handleMessage(DefaultPermissionGrantPolicy.java:229)
06-07 19:50:38.343  1339  1382 E DefaultPermGrantPolicy: 	at android.os.Handler.dispatchMessage(Handler.java:107)
06-07 19:50:38.343  1339  1382 E DefaultPermGrantPolicy: 	at android.os.Looper.loop(Looper.java:214)
06-07 19:50:38.343  1339  1382 E DefaultPermGrantPolicy: 	at android.os.HandlerThread.run(HandlerThread.java:67)
06-07 19:50:38.343  1339  1382 E DefaultPermGrantPolicy: 	at com.android.server.ServiceThread.run(ServiceThread.java:44)
06-07 19:50:38.343  1339  1382 E DefaultPermGrantPolicy: PackageNot found: com.google.android.cbrsnetworkmonitor
06-07 19:50:38.343  1339  1382 E DefaultPermGrantPolicy: android.content.pm.PackageManager$NameNotFoundException: com.google.android.cbrsnetworkmonitor
06-07 19:50:38.343  1339  1382 E DefaultPermGrantPolicy: 	at android.app.ApplicationPackageManager.getPackageInfoAsUser(ApplicationPackageManager.java:190)
06-07 19:50:38.343  1339  1382 E DefaultPermGrantPolicy: 	at android.app.ApplicationPackageManager.getPackageInfo(ApplicationPackageManager.java:159)
06-07 19:50:38.343  1339  1382 E DefaultPermGrantPolicy: 	at com.android.server.pm.permission.DefaultPermissionGrantPolicy.getPackageInfo(DefaultPermissionGrantPolicy.java:1317)
06-07 19:50:38.343  1339  1382 E DefaultPermGrantPolicy: 	at com.android.server.pm.permission.DefaultPermissionGrantPolicy.getSystemPackageInfo(DefaultPermissionGrantPolicy.java:1304)
06-07 19:50:38.343  1339  1382 E DefaultPermGrantPolicy: 	at com.android.server.pm.permission.DefaultPermissionGrantPolicy.parseExceptions(DefaultPermissionGrantPolicy.java:1488)
06-07 19:50:38.343  1339  1382 E DefaultPermGrantPolicy: 	at com.android.server.pm.permission.DefaultPermissionGrantPolicy.parse(DefaultPermissionGrantPolicy.java:1465)
06-07 19:50:38.343  1339  1382 E DefaultPermGrantPolicy: 	at com.android.server.pm.permission.DefaultPermissionGrantPolicy.readDefaultPermissionExceptionsLocked(DefaultPermissionGrantPolicy.java:1446)
06-07 19:50:38.343  1339  1382 E DefaultPermGrantPolicy: 	at com.android.server.pm.permission.DefaultPermissionGrantPolicy.access$200(DefaultPermissionGrantPolicy.java:100)
06-07 19:50:38.343  1339  1382 E DefaultPermGrantPolicy: 	at com.android.server.pm.permission.DefaultPermissionGrantPolicy$1.handleMessage(DefaultPermissionGrantPolicy.java:229)
06-07 19:50:38.343  1339  1382 E DefaultPermGrantPolicy: 	at android.os.Handler.dispatchMessage(Handler.java:107)
06-07 19:50:38.343  1339  1382 E DefaultPermGrantPolicy: 	at android.os.Looper.loop(Looper.java:214)
06-07 19:50:38.343  1339  1382 E DefaultPermGrantPolicy: 	at android.os.HandlerThread.run(HandlerThread.java:67)
06-07 19:50:38.343  1339  1382 E DefaultPermGrantPolicy: 	at com.android.server.ServiceThread.run(ServiceThread.java:44)
06-07 19:50:38.343  1339  1382 E DefaultPermGrantPolicy: PackageNot found: com.google.android.apps.scone
06-07 19:50:38.343  1339  1382 E DefaultPermGrantPolicy: android.content.pm.PackageManager$NameNotFoundException: com.google.android.apps.scone
06-07 19:50:38.343  1339  1382 E DefaultPermGrantPolicy: 	at android.app.ApplicationPackageManager.getPackageInfoAsUser(ApplicationPackageManager.java:190)
06-07 19:50:38.343  1339  1382 E DefaultPermGrantPolicy: 	at android.app.ApplicationPackageManager.getPackageInfo(ApplicationPackageManager.java:159)
06-07 19:50:38.343  1339  1382 E DefaultPermGrantPolicy: 	at com.android.server.pm.permission.DefaultPermissionGrantPolicy.getPackageInfo(DefaultPermissionGrantPolicy.java:1317)
06-07 19:50:38.343  1339  1382 E DefaultPermGrantPolicy: 	at com.android.server.pm.permission.DefaultPermissionGrantPolicy.getSystemPackageInfo(DefaultPermissionGrantPolicy.java:1304)
06-07 19:50:38.343  1339  1382 E DefaultPermGrantPolicy: 	at com.android.server.pm.permission.DefaultPermissionGrantPolicy.parseExceptions(DefaultPermissionGrantPolicy.java:1488)
06-07 19:50:38.343  1339  1382 E DefaultPermGrantPolicy: 	at com.android.server.pm.permission.DefaultPermissionGrantPolicy.parse(DefaultPermissionGrantPolicy.java:1465)
06-07 19:50:38.343  1339  1382 E DefaultPermGrantPolicy: 	at com.android.server.pm.permission.DefaultPermissionGrantPolicy.readDefaultPermissionExceptionsLocked(DefaultPermissionGrantPolicy.java:1446)
06-07 19:50:38.343  1339  1382 E DefaultPermGrantPolicy: 	at com.android.server.pm.permission.DefaultPermissionGrantPolicy.access$200(DefaultPermissionGrantPolicy.java:100)
06-07 19:50:38.343  1339  1382 E DefaultPermGrantPolicy: 	at com.android.server.pm.permission.DefaultPermissionGrantPolicy$1.handleMessage(DefaultPermissionGrantPolicy.java:229)
06-07 19:50:38.343  1339  1382 E DefaultPermGrantPolicy: 	at android.os.Handler.dispatchMessage(Handler.java:107)
06-07 19:50:38.343  1339  1382 E DefaultPermGrantPolicy: 	at android.os.Looper.loop(Looper.java:214)
06-07 19:50:38.343  1339  1382 E DefaultPermGrantPolicy: 	at android.os.HandlerThread.run(HandlerThread.java:67)
06-07 19:50:38.343  1339  1382 E DefaultPermGrantPolicy: 	at com.android.server.ServiceThread.run(ServiceThread.java:44)
06-07 19:50:38.344  1339  1382 E DefaultPermGrantPolicy: PackageNot found: com.google.android.wfcactivation
06-07 19:50:38.344  1339  1382 E DefaultPermGrantPolicy: android.content.pm.PackageManager$NameNotFoundException: com.google.android.wfcactivation
06-07 19:50:38.344  1339  1382 E DefaultPermGrantPolicy: 	at android.app.ApplicationPackageManager.getPackageInfoAsUser(ApplicationPackageManager.java:190)
06-07 19:50:38.344  1339  1382 E DefaultPermGrantPolicy: 	at android.app.ApplicationPackageManager.getPackageInfo(ApplicationPackageManager.java:159)
06-07 19:50:38.344  1339  1382 E DefaultPermGrantPolicy: 	at com.android.server.pm.permission.DefaultPermissionGrantPolicy.getPackageInfo(DefaultPermissionGrantPolicy.java:1317)
06-07 19:50:38.344  1339  1382 E DefaultPermGrantPolicy: 	at com.android.server.pm.permission.DefaultPermissionGrantPolicy.getSystemPackageInfo(DefaultPermissionGrantPolicy.java:1304)
06-07 19:50:38.344  1339  1382 E DefaultPermGrantPolicy: 	at com.android.server.pm.permission.DefaultPermissionGrantPolicy.parseExceptions(DefaultPermissionGrantPolicy.java:1488)
06-07 19:50:38.344  1339  1382 E DefaultPermGrantPolicy: 	at com.android.server.pm.permission.DefaultPermissionGrantPolicy.parse(DefaultPermissionGrantPolicy.java:1465)
06-07 19:50:38.344  1339  1382 E DefaultPermGrantPolicy: 	at com.android.server.pm.permission.DefaultPermissionGrantPolicy.readDefaultPermissionExceptionsLocked(DefaultPermissionGrantPolicy.java:1446)
06-07 19:50:38.344  1339  1382 E DefaultPermGrantPolicy: 	at com.android.server.pm.permission.DefaultPermissionGrantPolicy.access$200(DefaultPermissionGrantPolicy.java:100)
06-07 19:50:38.344  1339  1382 E DefaultPermGrantPolicy: 	at com.android.server.pm.permission.DefaultPermissionGrantPolicy$1.handleMessage(DefaultPermissionGrantPolicy.java:229)
06-07 19:50:38.344  1339  1382 E DefaultPermGrantPolicy: 	at android.os.Handler.dispatchMessage(Handler.java:107)
06-07 19:50:38.344  1339  1382 E DefaultPermGrantPolicy: 	at android.os.Looper.loop(Looper.java:214)
06-07 19:50:38.344  1339  1382 E DefaultPermGrantPolicy: 	at android.os.HandlerThread.run(HandlerThread.java:67)
06-07 19:50:38.344  1339  1382 E DefaultPermGrantPolicy: 	at com.android.server.ServiceThread.run(ServiceThread.java:44)
06-07 19:50:38.344  1339  1382 E DefaultPermGrantPolicy: PackageNot found: com.google.vr.apps.ornament
06-07 19:50:38.344  1339  1382 E DefaultPermGrantPolicy: android.content.pm.PackageManager$NameNotFoundException: com.google.vr.apps.ornament
06-07 19:50:38.344  1339  1382 E DefaultPermGrantPolicy: 	at android.app.ApplicationPackageManager.getPackageInfoAsUser(ApplicationPackageManager.java:190)
06-07 19:50:38.344  1339  1382 E DefaultPermGrantPolicy: 	at android.app.ApplicationPackageManager.getPackageInfo(ApplicationPackageManager.java:159)
06-07 19:50:38.344  1339  1382 E DefaultPermGrantPolicy: 	at com.android.server.pm.permission.DefaultPermissionGrantPolicy.getPackageInfo(DefaultPermissionGrantPolicy.java:1317)
06-07 19:50:38.344  1339  1382 E DefaultPermGrantPolicy: 	at com.android.server.pm.permission.DefaultPermissionGrantPolicy.getSystemPackageInfo(DefaultPermissionGrantPolicy.java:1304)
06-07 19:50:38.344  1339  1382 E DefaultPermGrantPolicy: 	at com.android.server.pm.permission.DefaultPermissionGrantPolicy.parseExceptions(DefaultPermissionGrantPolicy.java:1488)
06-07 19:50:38.344  1339  1382 E DefaultPermGrantPolicy: 	at com.android.server.pm.permission.DefaultPermissionGrantPolicy.parse(DefaultPermissionGrantPolicy.java:1465)
06-07 19:50:38.344  1339  1382 E DefaultPermGrantPolicy: 	at com.android.server.pm.permission.DefaultPermissionGrantPolicy.readDefaultPermissionExceptionsLocked(DefaultPermissionGrantPolicy.java:1446)
06-07 19:50:38.344  1339  1382 E DefaultPermGrantPolicy: 	at com.android.server.pm.permission.DefaultPermissionGrantPolicy.access$200(DefaultPermissionGrantPolicy.java:100)
06-07 19:50:38.344  1339  1382 E DefaultPermGrantPolicy: 	at com.android.server.pm.permission.DefaultPermissionGrantPolicy$1.handleMessage(DefaultPermissionGrantPolicy.java:229)
06-07 19:50:38.344  1339  1382 E DefaultPermGrantPolicy: 	at android.os.Handler.dispatchMessage(Handler.java:107)
06-07 19:50:38.344  1339  1382 E DefaultPermGrantPolicy: 	at android.os.Looper.loop(Looper.java:214)
06-07 19:50:38.344  1339  1382 E DefaultPermGrantPolicy: 	at android.os.HandlerThread.run(HandlerThread.java:67)
06-07 19:50:38.344  1339  1382 E DefaultPermGrantPolicy: 	at com.android.server.ServiceThread.run(ServiceThread.java:44)
06-07 19:50:38.346  1339  1339 I ActivityTaskManager: Config changes=100 {1.0 ?mcc?mnc [ko_KR] ldltr sw392dp w392dp h750dp 440dpi nrml long port finger -keyb/v/h -nav/h winConfig={ mBounds=Rect(0, 0 - 1080, 2280) mAppBounds=Rect(0, 0 - 1080, 2148) mWindowingMode=fullscreen mDisplayWindowingMode=fullscreen mActivityType=undefined mAlwaysOnTop=undefined mRotation=ROTATION_0} s.6}
06-07 19:50:38.346  1339  1339 I ActivityTaskManager: Override config changes=100 {1.0 ?mcc?mnc [ko_KR] ldltr sw392dp w392dp h750dp 440dpi nrml long port finger -keyb/v/h -nav/h winConfig={ mBounds=Rect(0, 0 - 1080, 2280) mAppBounds=Rect(0, 0 - 1080, 2148) mWindowingMode=fullscreen mDisplayWindowingMode=fullscreen mActivityType=undefined mAlwaysOnTop=undefined mRotation=ROTATION_0} s.6} for displayId=0
06-07 19:50:38.349  1339  1339 I SystemServer: Making services ready
06-07 19:50:38.349  1339  1339 I SystemServer: StartActivityManagerReadyPhase
06-07 19:50:38.349  1339  1339 I SystemServiceManager: Starting phase 550
06-07 19:50:38.350  1339  1339 I ThermalHalWrapper: Thermal HAL 2.0 service connected.
06-07 19:50:38.356  1339  1362 I DisplayManagerService: Display device changed: DisplayDeviceInfo{"기본으로 제공되는 화면": uniqueId="local:19261132550654593", 1080 x 2280, modeId 1, defaultModeId 2, supportedModes [{id=1, width=1080, height=2280, fps=90.0}, {id=2, width=1080, height=2280, fps=60.000004}], colorMode 0, supportedColorModes [0, 7, 9], HdrCapabilities android.view.Display$HdrCapabilities@413e3a39, density 440, 442.451 x 445.476 dpi, appVsyncOff 2000000, presDeadline 11111111, touch INTERNAL, rotation 0, type BUILT_IN, address {port=129, model=0x446de5e3a74a}, state ON, FLAG_DEFAULT_DISPLAY, FLAG_ROTATES_WITH_CONTENT, FLAG_SECURE, FLAG_SUPPORTS_PROTECTED_BUFFERS}
06-07 19:50:38.362  1339  1339 W ActivityManager: Too early to start/bind service in system_server: Phase=550 ComponentInfo{com.android.server.telecom/com.android.server.telecom.components.TelecomService}
06-07 19:50:38.362  1339  1339 W ActivityManager: Too early to start/bind service in system_server: Phase=550 ComponentInfo{com.android.server.telecom/com.android.server.telecom.components.TelecomService}
06-07 19:50:38.393  1339  1339 W SyncManager: Failure adding authority: auth=com.dropbox.android.account enabled=false syncable=1
06-07 19:50:38.395  1339  1339 D BluetoothManagerService: Bluetooth boot completed
06-07 19:50:38.398  1339  1339 W InputMethodManagerService: Default IME is uninstalled. Choose new default IME.
06-07 19:50:38.427  1339  1662 D StorageManagerService: Isolated storage local flag 0 and remote flag 0 resolved to true
06-07 19:50:38.428  1339  1339 I WallpaperManagerService: No static wallpaper imagery; defaults will be shown
06-07 19:50:38.428  1339  1339 V WallpaperManagerService: bindWallpaperComponentLocked: componentName=ComponentInfo{com.android.systemui/com.android.systemui.ImageWallpaper}
06-07 19:50:38.430  1339  1339 W WallpaperManagerService: Invalid wallpaper data
06-07 19:50:38.430  1339  1339 E WallpaperManagerService: Unable to apply new wallpaper
06-07 19:50:38.431  1339  1339 I AppBindingService: Updating constants with: null
06-07 19:50:38.431  1339  1704 D BluetoothManagerService: Trying to bind to profile: 1, while Bluetooth was disabled
06-07 19:50:38.432  1339  1649 I UsbPortManager: ClientCallback V1_2: port0
06-07 19:50:38.433  1339  1359 I UsbPortManager: USB port added: port=UsbPort{id=port0, supportedModes=dualsupportedContaminantProtectionModes=1supportsEnableContaminantPresenceProtection=falsesupportsEnableContaminantPresenceDetection=true, status=UsbPortStatus{connected=true, currentMode=ufp, currentPowerRole=sink, currentDataRole=device, supportedRoleCombinations=[source:host, sink:device], contaminantDetectionStatus=2, contaminantProtectionStatus=0}, canChangeMode=true, canChangePowerRole=false, canChangeDataRole=false, connectedAtMillis=7437, lastConnectDurationMillis=0
06-07 19:50:38.440  1339  1369 I ActivityManager: Start proc 1804:com.android.systemui/u0a106 for service {com.android.systemui/com.android.systemui.ImageWallpaper}
06-07 19:50:38.441  1339  1339 I PackageManager: Un-granting permission android.permission.MANAGE_DOCUMENTS from package com.google.android.youtube (protectionLevel=262146 flags=0x30dbbe44)
06-07 19:50:38.442  1339  1339 I PackageManager: Un-granting permission android.permission.SYSTEM_ALERT_WINDOW from package com.google.android.youtube (protectionLevel=1250 flags=0x30dbbe44)
06-07 19:50:38.442  1339  1339 I PackageManager: Un-granting permission com.google.android.googleapps.permission.GOOGLE_AUTH from package com.android.providers.calendar (protectionLevel=2 flags=0x30883e45)
06-07 19:50:38.442  1339  1339 I PackageManager: Un-granting permission com.google.android.googleapps.permission.GOOGLE_AUTH.cl from package com.android.providers.calendar (protectionLevel=2 flags=0x30883e45)
06-07 19:50:38.442  1339  1339 I PackageManager: Un-granting permission android.permission.GLOBAL_SEARCH from package com.android.quicksearchbox (protectionLevel=18 flags=0x3088be45)
06-07 19:50:38.443  1339  1339 I PackageManager: Un-granting permission android.permission.SYSTEM_ALERT_WINDOW from package com.microsoft.office.excel (protectionLevel=1250 flags=0x30583e44)
06-07 19:50:38.443  1339  1339 I PackageManager: Un-granting permission android.permission.SYSTEM_ALERT_WINDOW from package com.google.ar.core (protectionLevel=1250 flags=0xa8c8be44)
06-07 19:50:38.443  1339  1339 I PackageManager: Un-granting permission android.permission.HIDE_NON_SYSTEM_OVERLAY_WINDOWS from package com.android.vending (protectionLevel=258 flags=0x28cabec5)
06-07 19:50:38.443  1339  1339 I PackageManager: Un-granting permission android.permission.SEND_DOWNLOAD_COMPLETED_INTENTS from package com.android.vending (protectionLevel=2 flags=0x28cabec5)
06-07 19:50:38.443  1339  1339 I PackageManager: Un-granting permission android.permission.BIND_WALLPAPER from package com.android.camera2 (protectionLevel=18 flags=0x2058bc45)
06-07 19:50:38.444  1339  1339 I PackageManager: Un-granting permission android.permission.REQUEST_INSTALL_PACKAGES from package com.google.android.gm (protectionLevel=66 flags=0x28dbbe44)
06-07 19:50:38.444  1339  1339 I PackageManager: Un-granting permission android.permission.REQUEST_INSTALL_PACKAGES from package com.overlook.android.fing (protectionLevel=66 flags=0x20c83e44)
06-07 19:50:38.444  1339  1339 I PackageManager: Un-granting permission com.google.android.googleapps.permission.GOOGLE_AUTH.mail from package com.android.calendar (protectionLevel=2 flags=0x2089be45)
06-07 19:50:38.444  1339  1339 I PackageManager: Un-granting permission android.permission.CLEAR_APP_CACHE from package com.andromeda.androbench2 (protectionLevel=18 flags=0x3888be44)
06-07 19:50:38.445  1339  1339 I PackageManager: Un-granting permission android.permission.REQUEST_INSTALL_PACKAGES from package com.dropbox.android (protectionLevel=66 flags=0x30d83e44)
06-07 19:50:38.445  1339  1339 I PackageManager: Un-granting permission android.permission.SYSTEM_ALERT_WINDOW from package com.twitter.android (protectionLevel=1250 flags=0x28583e44)
06-07 19:50:38.445  1339  1339 I PackageManager: Un-granting permission android.permission.INTERACT_ACROSS_USERS from package com.google.android.syncadapters.contacts (protectionLevel=50 flags=0x20883e45)
06-07 19:50:38.445  1339  1339 I PackageManager: Un-granting permission android.permission.REQUEST_INSTALL_PACKAGES from package com.android.chrome (protectionLevel=66 flags=0xa0cbbe44)
06-07 19:50:38.445  1339  1339 I PackageManager: Un-granting permission android.permission.CAPTURE_VIDEO_OUTPUT from package com.google.android.gms (protectionLevel=2 flags=0xa0cabec5)
06-07 19:50:38.446  1339  1339 I PackageManager: Un-granting permission android.permission.MANAGE_DEVICE_ADMINS from package com.google.android.gms (protectionLevel=2 flags=0xa0cabec5)
06-07 19:50:38.446  1339  1339 I PackageManager: Un-granting permission android.permission.MANAGE_ACTIVITY_STACKS from package com.google.android.gms (protectionLevel=2 flags=0xa0cabec5)
06-07 19:50:38.446  1339  1339 I PackageManager: Un-granting permission android.permission.CAPTURE_SECURE_VIDEO_OUTPUT from package com.google.android.gms (protectionLevel=2 flags=0xa0cabec5)
06-07 19:50:38.446  1339  1339 I PackageManager: Un-granting permission android.permission.WRITE_DEVICE_CONFIG from package com.google.android.gms (protectionLevel=524802 flags=0xa0cabec5)
06-07 19:50:38.446  1339  1339 I PackageManager: Un-granting permission android.permission.MANAGE_ROLLBACKS from package com.google.android.gms (protectionLevel=514 flags=0xa0cabec5)
06-07 19:50:38.446  1339  1339 I PackageManager: Un-granting permission android.permission.MEDIA_CONTENT_CONTROL from package com.google.android.gms (protectionLevel=18 flags=0xa0cabec5)
06-07 19:50:38.446  1339  1339 I PackageManager: Un-granting permission android.permission.HIDE_NON_SYSTEM_OVERLAY_WINDOWS from package com.google.android.gms (protectionLevel=258 flags=0xa0cabec5)
06-07 19:50:38.446  1339  1339 I PackageManager: Un-granting permission android.permission.UPDATE_APP_OPS_STATS from package com.google.android.tts (protectionLevel=274 flags=0x20cbbec5)
06-07 19:50:38.446  1339  1339 I PackageManager: Un-granting permission android.permission.SYSTEM_ALERT_WINDOW from package tv.twitch.android.app (protectionLevel=1250 flags=0x20d83e44)
06-07 19:50:38.447  1339  1339 I PackageManager: Un-granting permission android.permission.BATTERY_STATS from package com.facebook.katana (protectionLevel=50 flags=0x30d83e44)
06-07 19:50:38.448  1339  1339 I PackageManager: Un-granting permission android.permission.SYSTEM_ALERT_WINDOW from package com.kakao.talk (protectionLevel=1250 flags=0x28d83e44)
06-07 19:50:38.448  1339  1339 I PackageManager: Un-granting permission android.permission.REQUEST_INSTALL_PACKAGES from package com.kakao.talk (protectionLevel=66 flags=0x28d83e44)
06-07 19:50:38.449  1339  1339 I PackageManager: Un-granting permission android.permission.PACKAGE_USAGE_STATS from package com.google.android.apps.work.clouddpc (protectionLevel=114 flags=0x3088be44)
06-07 19:50:38.449  1339  1339 I PackageManager: Un-granting permission android.permission.MOUNT_UNMOUNT_FILESYSTEMS from package com.adsk.sketchbook (protectionLevel=18 flags=0x3098be44)
06-07 19:50:38.449  1339  1339 I PackageManager: Un-granting permission android.permission.MANAGE_DOCUMENTS from package com.adsk.sketchbook (protectionLevel=262146 flags=0x3098be44)
06-07 19:50:38.450  1339  1339 I PackageManager: Un-granting permission android.permission.CONNECTIVITY_USE_RESTRICTED_NETWORKS from package com.android.captiveportallogin (protectionLevel=18 flags=0x38c8be45)
06-07 19:50:38.450  1339  1339 I PackageManager: Un-granting permission android.permission.NETWORK_BYPASS_PRIVATE_DNS from package com.android.captiveportallogin (protectionLevel=2 flags=0x38c8be45)
06-07 19:50:38.450  1339  1339 D SystemServerTiming: StartActivityManagerReadyPhase took to complete: 101ms
06-07 19:50:38.450  1339  1339 I SystemServer: StartObservingNativeCrashes
06-07 19:50:38.450  1339  1339 D SystemServerTiming: StartObservingNativeCrashes took to complete: 0ms
06-07 19:50:38.450  1339  1339 I SystemServer: StartSystemUI
06-07 19:50:38.450  1339  1644 D SystemServerInitThreadPool: Started executing WebViewFactoryPreparation
06-07 19:50:38.450  1339  1644 I SystemServer: WebViewFactoryPreparation
06-07 19:50:38.454  1339  1644 D SystemServerTimingAsync: WebViewFactoryPreparation took to complete: 3ms
06-07 19:50:38.454  1339  1644 D SystemServerInitThreadPool: Finished executing WebViewFactoryPreparation
06-07 19:50:38.457  1339  1339 D SystemServerTiming: StartSystemUI took to complete: 7ms
06-07 19:50:38.457  1339  1339 I SystemServer: MakeNetworkManagementServiceReady
06-07 19:50:38.458  1339  1339 D SystemServerTiming: MakeNetworkManagementServiceReady took to complete: 1ms
06-07 19:50:38.458  1339  1339 I SystemServer: MakeIpSecServiceReady
06-07 19:50:38.458  1339  1339 D IpSecService: IpSecService is ready
06-07 19:50:38.458  1339  1339 D SystemServerTiming: MakeIpSecServiceReady took to complete: 0ms
06-07 19:50:38.458  1339  1339 I SystemServer: MakeNetworkStatsServiceReady
06-07 19:50:38.460  1339  1672 W NetworkPolicy: setRestrictBackgroundUL: already false
06-07 19:50:38.477  1339  1369 I ActivityManager: Start proc 1834:WebViewLoader-armeabi-v7a/1037 [android.webkit.WebViewLibraryLoader$RelroFileCreator] for null
06-07 19:50:38.487  1339  1339 D SystemServerTiming: MakeNetworkStatsServiceReady took to complete: 29ms
06-07 19:50:38.487  1339  1339 I SystemServer: MakeConnectivityServiceReady
06-07 19:50:38.487  1339  1339 D ConnectivityService: requestNetwork for uid/pid:1000/1339 NetworkRequest [ REQUEST id=7, [ Capabilities: INTERNET&NOT_RESTRICTED&TRUSTED&NOT_VPN] ]
06-07 19:50:38.487  1339  1369 I ActivityManager: Start proc 1840:WebViewLoader-arm64-v8a/1037 [android.webkit.WebViewLibraryLoader$RelroFileCreator] for null
06-07 19:50:38.492  1339  1339 D SystemServerTiming: MakeConnectivityServiceReady took to complete: 5ms
06-07 19:50:38.492  1339  1339 I SystemServer: MakeNetworkPolicyServiceReady
06-07 19:50:38.492  1339  1339 D SystemServerTiming: MakeNetworkPolicyServiceReady took to complete: 0ms
06-07 19:50:38.492  1339  1339 I SystemServer: PhaseThirdPartyAppsCanStart
06-07 19:50:38.492  1339  1339 I SystemServiceManager: Starting phase 600
06-07 19:50:38.492  1339  1339 I ExplicitHealthCheckController: Explicit health checks enabled.
06-07 19:50:38.492  1339  1339 I PackageWatchdog: Syncing state, reason: health check state enabled
06-07 19:50:38.492  1339  1339 I PackageWatchdog: Not pruning observers, elapsed time: 0ms
06-07 19:50:38.492  1339  1339 I PackageWatchdog: Cancelling state sync, nothing to sync
06-07 19:50:38.492  1339  1367 I PackageWatchdog: Saving observer state to file
06-07 19:50:38.495  1339  1339 V WallpaperManagerService: bindWallpaperComponentLocked: componentName=ComponentInfo{com.android.systemui/com.android.systemui.ImageWallpaper}
06-07 19:50:38.497  1339  1339 D VoiceInteractionManagerService: switchImplementation(0) took to complete: 0ms
06-07 19:50:38.499  1339  1339 I StatsCompanionService: Told statsd that StatsCompanionService is alive.
06-07 19:50:38.499  1339  1356 W StorageManagerService: No primary storage defined yet; hacking together a stub
06-07 19:50:38.499  1339  1339 D SystemServerTiming: PhaseThirdPartyAppsCanStart took to complete: 8ms
06-07 19:50:38.499  1339  1339 I SystemServer: StartNetworkStack
06-07 19:50:38.502  1339  1339 D SystemServerTiming: StartNetworkStack took to complete: 3ms
06-07 19:50:38.502  1339  1339 I SystemServer: MakeLocationServiceReady
06-07 19:50:38.509  1339  1368 W BroadcastQueue: Background execution not allowed: receiving Intent { act=android.location.PROVIDERS_CHANGED flg=0x10 (has extras) } to com.google.android.gms/.chimera.GmsIntentOperationService$PersistentTrustedReceiver
06-07 19:50:38.512  1339  1368 I chatty  : uid=1000 system_server identical 2 lines
06-07 19:50:38.512  1339  1368 W BroadcastQueue: Background execution not allowed: receiving Intent { act=android.location.PROVIDERS_CHANGED flg=0x10 (has extras) } to com.google.android.gms/.chimera.GmsIntentOperationService$PersistentTrustedReceiver
06-07 19:50:38.513  1339  1369 I ActivityManager: Start proc 1877:com.android.networkstack/1073 for service {com.android.networkstack/com.android.server.NetworkStackService}
06-07 19:50:38.513  1339  1339 D LocationManagerService: Hardware Activity-Recognition not supported.
06-07 19:50:38.515  1339  1368 W BroadcastQueue: Background execution not allowed: receiving Intent { act=android.location.PROVIDERS_CHANGED flg=0x10 (has extras) } to com.google.android.gms/.chimera.GmsIntentOperationService$PersistentTrustedReceiver
06-07 19:50:38.516  1339  1368 I chatty  : uid=1000 system_server identical 2 lines
06-07 19:50:38.516  1339  1368 W BroadcastQueue: Background execution not allowed: receiving Intent { act=android.location.PROVIDERS_CHANGED flg=0x10 (has extras) } to com.google.android.gms/.chimera.GmsIntentOperationService$PersistentTrustedReceiver
06-07 19:50:38.517  1339  1339 D SystemServerTiming: MakeLocationServiceReady took to complete: 14ms
06-07 19:50:38.517  1339  1339 I SystemServer: MakeCountryDetectionServiceReady
06-07 19:50:38.517  1339  1339 D SystemServerTiming: MakeCountryDetectionServiceReady took to complete: 0ms
06-07 19:50:38.517  1339  1339 I SystemServer: MakeNetworkTimeUpdateReady
06-07 19:50:38.517  1339  1367 D CountryDetector: Using custom country detector class: com.android.server.location.ComprehensiveCountryDetector
06-07 19:50:38.518  1339  1339 D ConnectivityService: requestNetwork for uid/pid:1000/1339 NetworkRequest [ TRACK_DEFAULT id=9, [ Capabilities: INTERNET&NOT_RESTRICTED&TRUSTED Uid: 1000] ]
06-07 19:50:38.518  1339  1339 D SystemServerTiming: MakeNetworkTimeUpdateReady took to complete: 1ms
06-07 19:50:38.518  1339  1339 I SystemServer: MakeInputManagerServiceReady
06-07 19:50:38.520  1339  1339 D SystemServerTiming: MakeInputManagerServiceReady took to complete: 3ms
06-07 19:50:38.520  1339  1339 I SystemServer: MakeTelephonyRegistryReady
06-07 19:50:38.521  1339  1339 D SystemServerTiming: MakeTelephonyRegistryReady took to complete: 1ms
06-07 19:50:38.521  1339  1339 I SystemServer: MakeMediaRouterServiceReady
06-07 19:50:38.521  1339  1339 D SystemServerTiming: MakeMediaRouterServiceReady took to complete: 0ms
06-07 19:50:38.521  1339  1339 I SystemServer: MakeMmsServiceReady
06-07 19:50:38.522  1339  1339 I MmsServiceBroker: Delay connecting to MmsService until an API is called
06-07 19:50:38.522  1339  1339 D SystemServerTiming: MakeMmsServiceReady took to complete: 0ms
06-07 19:50:38.522  1339  1339 I SystemServer: IncidentDaemonReady
06-07 19:50:38.522  1339  1339 D SystemServerTiming: IncidentDaemonReady took to complete: 0ms
06-07 19:50:38.522  1339  1339 I ActivityManager: Current user:0
06-07 19:50:38.522  1339  1339 I SystemServiceManager: Calling onStartUser u0
06-07 19:50:38.522  1339  1339 D SystemServiceManager: onStartUser-0 com.android.server.pm.Installer took to complete: 0ms
06-07 19:50:38.522  1339  1339 D SystemServiceManager: onStartUser-0 com.android.server.os.DeviceIdentifiersPolicyService took to complete: 0ms
06-07 19:50:38.522  1339  1339 D SystemServiceManager: onStartUser-0 com.android.server.uri.UriGrantsManagerService$Lifecycle took to complete: 0ms
06-07 19:50:38.522  1339  1339 D SystemServiceManager: onStartUser-0 com.android.server.wm.ActivityTaskManagerService$Lifecycle took to complete: 0ms
06-07 19:50:38.522  1339  1339 D SystemServiceManager: onStartUser-0 com.android.server.am.ActivityManagerService$Lifecycle took to complete: 0ms
06-07 19:50:38.522  1339  1339 D SystemServiceManager: onStartUser-0 com.android.server.power.PowerManagerService took to complete: 0ms
06-07 19:50:38.522  1339  1339 D SystemServiceManager: onStartUser-0 com.android.server.power.ThermalManagerService took to complete: 0ms
06-07 19:50:38.522  1339  1339 D SystemServiceManager: onStartUser-0 com.android.server.RecoverySystemService took to complete: 0ms
06-07 19:50:38.522  1339  1339 D SystemServiceManager: onStartUser-0 com.android.server.lights.LightsService took to complete: 0ms
06-07 19:50:38.522  1339  1339 D SystemServiceManager: onStartUser-0 com.android.server.display.DisplayManagerService took to complete: 0ms
06-07 19:50:38.522  1339  1339 D SystemServiceManager: onStartUser-0 com.android.server.pm.UserManagerService$LifeCycle took to complete: 0ms
06-07 19:50:38.522  1339  1339 D SystemServiceManager: onStartUser-0 com.android.server.om.OverlayManagerService took to complete: 0ms
06-07 19:50:38.522  1339  1339 D SystemServiceManager: onStartUser-0 com.android.server.SensorPrivacyService took to complete: 0ms
06-07 19:50:38.522  1339  1339 D SystemServiceManager: onStartUser-0 com.android.server.BatteryService took to complete: 0ms
06-07 19:50:38.522  1339  1339 D SystemServiceManager: onStartUser-0 com.android.server.usage.UsageStatsService took to complete: 0ms
06-07 19:50:38.522  1339  1339 D SystemServiceManager: onStartUser-0 com.android.server.webkit.WebViewUpdateService took to complete: 0ms
06-07 19:50:38.522  1339  1339 D SystemServiceManager: onStartUser-0 com.android.server.CachedDeviceStateService took to complete: 0ms
06-07 19:50:38.522  1339  1339 D SystemServiceManager: onStartUser-0 com.android.server.BinderCallsStatsService$LifeCycle took to complete: 0ms
06-07 19:50:38.522  1339  1339 D SystemServiceManager: onStartUser-0 com.android.server.LooperStatsService$Lifecycle took to complete: 0ms
06-07 19:50:38.522  1339  1339 D SystemServiceManager: onStartUser-0 com.android.server.rollback.RollbackManagerService took to complete: 0ms
06-07 19:50:38.522  1339  1339 D SystemServiceManager: onStartUser-0 com.android.server.os.BugreportManagerService took to complete: 0ms
06-07 19:50:38.522  1339  1339 D SystemServiceManager: onStartUser-0 com.android.server.gpu.GpuService took to complete: 0ms
06-07 19:50:38.522  1339  1339 D SystemServiceManager: onStartUser-0 com.android.server.security.KeyChainSystemService took to complete: 0ms
06-07 19:50:38.522  1339  1339 D SystemServiceManager: onStartUser-0 com.android.server.telecom.TelecomLoaderService took to complete: 0ms
06-07 19:50:38.522  1339  1339 D SystemServiceManager: onStartUser-0 com.android.server.accounts.AccountManagerService$Lifecycle took to complete: 0ms
06-07 19:50:38.522  1339  1339 D SystemServiceManager: onStartUser-0 com.android.server.content.ContentService$Lifecycle took to complete: 0ms
06-07 19:50:38.522  1339  1339 D SystemServiceManager: onStartUser-0 com.android.server.DropBoxManagerService took to complete: 0ms
06-07 19:50:38.522  1339  1339 D SystemServiceManager: onStartUser-0 com.android.server.AlarmManagerService took to complete: 0ms
06-07 19:50:38.522  1339  1339 D SystemServiceManager: onStartUser-0 com.android.server.BluetoothService took to complete: 0ms
06-07 19:50:38.522  1339  1339 D SystemServiceManager: onStartUser-0 com.android.server.connectivity.IpConnectivityMetrics took to complete: 0ms
06-07 19:50:38.522  1339  1339 D SystemServiceManager: onStartUser-0 com.android.server.net.watchlist.NetworkWatchlistService$Lifecycle took to complete: 0ms
06-07 19:50:38.522  1339  1339 D SystemServiceManager: onStartUser-0 com.android.server.PinnerService took to complete: 0ms
06-07 19:50:38.522  1339  1339 D SystemServiceManager: onStartUser-0 com.android.server.inputmethod.InputMethodManagerService$Lifecycle took to complete: 0ms
06-07 19:50:38.522  1339  1339 D SystemServiceManager: onStartUser-0 com.android.server.accessibility.AccessibilityManagerService$Lifecycle took to complete: 0ms
06-07 19:50:38.522  1339  1339 D SystemServiceManager: onStartUser-0 com.android.server.StorageManagerService$Lifecycle took to complete: 0ms
06-07 19:50:38.522  1339  1339 D SystemServiceManager: onStartUser-0 com.android.server.usage.StorageStatsService$Lifecycle took to complete: 0ms
06-07 19:50:38.522  1339  1339 D SystemServiceManager: onStartUser-0 com.android.server.UiModeManagerService took to complete: 0ms
06-07 19:50:38.523  1339  1339 D SystemServiceManager: onStartUser-0 com.android.server.locksettings.LockSettingsService$Lifecycle took to complete: 0ms
06-07 19:50:38.523  1339  1339 D SystemServiceManager: onStartUser-0 com.android.server.PersistentDataBlockService took to complete: 0ms
06-07 19:50:38.523  1339  1339 D SystemServiceManager: onStartUser-0 com.android.server.testharness.TestHarnessModeService took to complete: 0ms
06-07 19:50:38.523  1339  1339 D SystemServiceManager: onStartUser-0 com.android.server.oemlock.OemLockService took to complete: 0ms
06-07 19:50:38.523  1339  1339 D SystemServiceManager: onStartUser-0 com.android.server.DeviceIdleController took to complete: 0ms
06-07 19:50:38.523  1339  1339 D SystemServiceManager: onStartUser-0 com.android.server.devicepolicy.DevicePolicyManagerService$Lifecycle took to complete: 0ms
06-07 19:50:38.523  1339  1339 D SystemServiceManager: onStartUser-0 com.android.server.textservices.TextServicesManagerService$Lifecycle took to complete: 0ms
06-07 19:50:38.523  1339  1339 D SystemServiceManager: onStartUser-0 com.android.server.textclassifier.TextClassificationManagerService$Lifecycle took to complete: 0ms
06-07 19:50:38.523  1339  1339 D SystemServiceManager: onStartUser-0 com.android.server.NetworkScoreService$Lifecycle took to complete: 0ms
06-07 19:50:38.523  1339  1339 D SystemServiceManager: onStartUser-0 com.android.server.wifi.WifiService took to complete: 0ms
06-07 19:50:38.523  1339  1339 D SystemServiceManager: onStartUser-0 com.android.server.wifi.scanner.WifiScanningService took to complete: 0ms
06-07 19:50:38.523  1339  1339 D SystemServiceManager: onStartUser-0 com.android.server.wifi.rtt.RttService took to complete: 0ms
06-07 19:50:38.523  1339  1339 D SystemServiceManager: onStartUser-0 com.android.server.wifi.aware.WifiAwareService took to complete: 0ms
06-07 19:50:38.523  1339  1339 D SystemServiceManager: onStartUser-0 com.android.server.wifi.p2p.WifiP2pService took to complete: 0ms
06-07 19:50:38.523  1339  1339 D SystemServiceManager: onStartUser-0 com.android.server.ethernet.EthernetService took to complete: 0ms
06-07 19:50:38.523  1339  1339 D SystemServiceManager: onStartUser-0 com.android.server.notification.NotificationManagerService took to complete: 0ms
06-07 19:50:38.523  1339  1339 D SystemServiceManager: onStartUser-0 com.android.server.storage.DeviceStorageMonitorService took to complete: 0ms
06-07 19:50:38.523  1339  1339 D SystemServiceManager: onStartUser-0 com.android.server.timedetector.TimeDetectorService$Lifecycle took to complete: 0ms
06-07 19:50:38.523  1339  1339 D SystemServiceManager: onStartUser-0 com.android.server.search.SearchManagerService$Lifecycle took to complete: 0ms
06-07 19:50:38.523  1339  1339 D SystemServiceManager: onStartUser-0 com.android.server.wallpaper.WallpaperManagerService$Lifecycle took to complete: 0ms
06-07 19:50:38.523  1339  1339 D SystemServiceManager: onStartUser-0 com.android.server.audio.AudioService$Lifecycle took to complete: 0ms
06-07 19:50:38.523  1339  1339 D SystemServiceManager: onStartUser-0 com.android.server.DockObserver took to complete: 0ms
06-07 19:50:38.523  1339  1339 D SystemServiceManager: onStartUser-0 com.android.server.midi.MidiService$Lifecycle took to complete: 0ms
06-07 19:50:38.523  1339  1339 D SystemServiceManager: onStartUser-0 com.android.server.adb.AdbService$Lifecycle took to complete: 0ms
06-07 19:50:38.523  1339  1339 D SystemServiceManager: onStartUser-0 com.android.server.usb.UsbService$Lifecycle took to complete: 0ms
06-07 19:50:38.523  1339  1339 D SystemServiceManager: onStartUser-0 com.android.server.twilight.TwilightService took to complete: 0ms
06-07 19:50:38.523  1339  1339 D SystemServiceManager: onStartUser-0 com.android.server.display.color.ColorDisplayService took to complete: 0ms
06-07 19:50:38.523  1339  1339 D SystemServiceManager: onStartUser-0 com.android.server.job.JobSchedulerService took to complete: 0ms
06-07 19:50:38.523  1339  1339 D SystemServiceManager: onStartUser-0 com.android.server.soundtrigger.SoundTriggerService took to complete: 0ms
06-07 19:50:38.523  1339  1339 D SystemServiceManager: onStartUser-0 com.android.server.trust.TrustManagerService took to complete: 0ms
06-07 19:50:38.523  1339  1339 D SystemServiceManager: onStartUser-0 com.android.server.backup.BackupManagerService$Lifecycle took to complete: 0ms
06-07 19:50:38.523  1339  1339 D SystemServiceManager: onStartUser-0 com.android.server.appwidget.AppWidgetService took to complete: 0ms
06-07 19:50:38.527  1339  1339 D SystemServiceManager: onStartUser-0 com.android.server.role.RoleManagerService took to complete: 4ms
06-07 19:50:38.527  1339  1339 W VoiceInteractionManagerService: no available voice interaction services found for user 0
06-07 19:50:38.527  1339  1339 W VoiceInteractionManagerService: no available voice recognition services found for user 0
06-07 19:50:38.527  1339  1339 D VoiceInteractionManagerService: initForUser(0) took to complete: 1ms
06-07 19:50:38.527  1339  1339 D SystemServiceManager: onStartUser-0 com.android.server.voiceinteraction.VoiceInteractionManagerService took to complete: 1ms
06-07 19:50:38.527  1339  1339 D SystemServiceManager: onStartUser-0 com.android.server.GestureLauncherService took to complete: 0ms
06-07 19:50:38.527  1339  1339 D SystemServiceManager: onStartUser-0 com.android.server.SensorNotificationService took to complete: 0ms
06-07 19:50:38.527  1339  1339 D SystemServiceManager: onStartUser-0 com.android.server.ContextHubSystemService took to complete: 0ms
06-07 19:50:38.527  1339  1339 D SystemServiceManager: onStartUser-0 com.android.server.emergency.EmergencyAffordanceService took to complete: 0ms
06-07 19:50:38.527  1339  1339 D SystemServiceManager: onStartUser-0 com.android.server.dreams.DreamManagerService took to complete: 0ms
06-07 19:50:38.527  1339  1339 D SystemServiceManager: onStartUser-0 com.android.server.print.PrintManagerService took to complete: 0ms
06-07 19:50:38.527  1339  1339 D SystemServiceManager: onStartUser-0 com.android.server.companion.CompanionDeviceManagerService took to complete: 0ms
06-07 19:50:38.527  1339  1339 D SystemServiceManager: onStartUser-0 com.android.server.restrictions.RestrictionsManagerService took to complete: 0ms
06-07 19:50:38.527  1339  1339 D SystemServiceManager: onStartUser-0 com.android.server.media.MediaSessionService took to complete: 0ms
06-07 19:50:38.527  1339  1339 D SystemServiceManager: onStartUser-0 com.android.server.media.MediaResourceMonitorService took to complete: 0ms
06-07 19:50:38.527  1339  1339 D SystemServiceManager: onStartUser-0 com.android.server.biometrics.face.FaceService took to complete: 0ms
06-07 19:50:38.527  1339  1339 D SystemServiceManager: onStartUser-0 com.android.server.biometrics.BiometricService took to complete: 0ms
06-07 19:50:38.527  1339  1339 D SystemServiceManager: onStartUser-0 com.android.server.pm.ShortcutService$Lifecycle took to complete: 0ms
06-07 19:50:38.527  1339  1339 D SystemServiceManager: onStartUser-0 com.android.server.pm.LauncherAppsService took to complete: 0ms
06-07 19:50:38.528  1339  1339 D SystemServiceManager: onStartUser-0 com.android.server.pm.CrossProfileAppsService took to complete: 0ms
06-07 19:50:38.528  1339  1339 D SystemServiceManager: onStartUser-0 com.android.server.media.projection.MediaProjectionManagerService took to complete: 0ms
06-07 19:50:38.528  1339  1339 D SystemServiceManager: onStartUser-0 com.android.server.slice.SliceManagerService$Lifecycle took to complete: 0ms
06-07 19:50:38.528  1339  1339 W CameraService_proxy: Could not notify cameraserver, camera service not available.
06-07 19:50:38.528  1339  1339 I CameraService_proxy: Could not notify camera service of user switch, retrying...
06-07 19:50:38.528  1339  1339 D SystemServiceManager: onStartUser-0 com.android.server.camera.CameraServiceProxy took to complete: 0ms
06-07 19:50:38.528  1339  1339 D SystemServiceManager: onStartUser-0 com.android.server.stats.StatsCompanionService$Lifecycle took to complete: 0ms
06-07 19:50:38.528  1339  1339 D SystemServiceManager: onStartUser-0 com.android.server.incident.IncidentCompanionService took to complete: 0ms
06-07 19:50:38.528  1339  1339 D SystemServiceManager: onStartUser-0 com.android.server.MmsServiceBroker took to complete: 0ms
06-07 19:50:38.528  1339  1339 D SystemServiceManager: onStartUser-0 com.android.server.autofill.AutofillManagerService took to complete: 0ms
06-07 19:50:38.528  1339  1339 D SystemServiceManager: onStartUser-0 com.android.server.clipboard.ClipboardService took to complete: 0ms
06-07 19:50:38.528  1339  1339 D SystemServiceManager: onStartUser-0 com.android.server.appbinding.AppBindingService$Lifecycle took to complete: 0ms
06-07 19:50:38.528  1339  1339 D SystemServiceManager: onStartUser-0 com.android.server.policy.PermissionPolicyService took to complete: 0ms
06-07 19:50:38.528  1339  1339 D SystemServiceManager: ssm.startUser-0 took to complete: 6ms
06-07 19:50:38.530  1339  1339 I ActivityTaskManager: START u0 {act=android.intent.action.MAIN cat=[android.intent.category.HOME] flg=0x10000100 cmp=com.android.settings/.FallbackHome} from uid 0
06-07 19:50:38.538  1339  1339 I ActivityTaskManager: Loaded persisted task ids for user 0
06-07 19:50:38.548  1339  1731 W CameraService_proxy: Could not notify cameraserver, camera service not available.
06-07 19:50:38.548  1339  1731 I CameraService_proxy: Could not notify camera service of user switch, retrying...
06-07 19:50:38.569  1339  1731 W CameraService_proxy: Could not notify cameraserver, camera service not available.
06-07 19:50:38.569  1339  1731 I CameraService_proxy: Could not notify camera service of user switch, retrying...
06-07 19:50:38.589  1339  1731 W CameraService_proxy: Could not notify cameraserver, camera service not available.
06-07 19:50:38.589  1339  1731 I CameraService_proxy: Could not notify camera service of user switch, retrying...
06-07 19:50:38.609  1339  1731 W CameraService_proxy: Could not notify cameraserver, camera service not available.
06-07 19:50:38.609  1339  1731 I CameraService_proxy: Could not notify camera service of user switch, retrying...
06-07 19:50:38.614  1339  1339 D SystemServerTiming: ActivityManagerStartApps took to complete: 93ms
06-07 19:50:38.614  1339  1339 D SystemServerTiming: PhaseActivityManagerReady took to complete: 277ms
06-07 19:50:38.617  1339  1710 W ActivityManager: Slow operation: 88ms so far, now at startProcess: done updating battery stats
06-07 19:50:38.617  1339  1710 W ActivityManager: Slow operation: 88ms so far, now at startProcess: building log message
06-07 19:50:38.617  1339  1710 I ActivityManager: Start proc 1902:.qtidataservices/1001 for added application .qtidataservices
06-07 19:50:38.617  1339  1710 W ActivityManager: Slow operation: 88ms so far, now at startProcess: starting to update pids map
06-07 19:50:38.617  1339  1710 W ActivityManager: Slow operation: 88ms so far, now at startProcess: done updating pids map
06-07 19:50:38.620  1339  1817 I ActivityManager: Process WebViewLoader-arm64-v8a (pid 1840) has died: psvc PER 
06-07 19:50:38.621  1339  1357 I ActivityManager: Process WebViewLoader-armeabi-v7a (pid 1834) has died: psvc PER 
06-07 19:50:38.622  1339  1369 W ActivityManager: Slow operation: 94ms so far, now at startProcess: asking zygote to start proc
06-07 19:50:38.624  1339  1339 D SystemServerInitThreadPool: Shutdown successful
06-07 19:50:38.624  1339  1339 D SystemServerTiming: StartServices took to complete: 2621ms
06-07 19:50:38.628  1339  1731 W CameraService_proxy: Could not notify cameraserver, camera service not available.
06-07 19:50:38.628  1339  1731 I CameraService_proxy: Could not notify camera service of user switch, retrying...
06-07 19:50:38.633  1339  1369 W ActivityManager: Slow operation: 104ms so far, now at startProcess: returned from zygote!
06-07 19:50:38.633  1339  1369 W ActivityManager: Slow operation: 104ms so far, now at startProcess: done updating battery stats
06-07 19:50:38.633  1339  1369 W ActivityManager: Slow operation: 104ms so far, now at startProcess: building log message
06-07 19:50:38.633  1339  1369 I ActivityManager: Start proc 1946:com.qualcomm.qti.telephonyservice/1001 for added application com.qualcomm.qti.telephonyservice
06-07 19:50:38.633  1339  1369 W ActivityManager: Slow operation: 104ms so far, now at startProcess: starting to update pids map
06-07 19:50:38.633  1339  1359 W Looper  : Slow dispatch took 119ms android.fg h=com.android.server.location.GnssLocationProvider$ProviderHandler c=null m=13
