06-07 19:50:37.979  1339  1339 D SystemServerTiming: StartAccessibilityManagerService took to complete: 1ms
06-07 19:50:37.979  1339  1339 I SystemServer: MakeDisplayReady
06-07 19:50:37.980  1339  1339 I ActivityTaskManager: Config changes=20005df8 {1.0 ?mcc?mnc [ko_KR] ldltr sw392dp w392dp h750dp 440dpi nrml long port ?uimode ?night finger -keyb/v/h -nav/h winConfig={ mBounds=Rect(0, 0 - 1080, 2280) mAppBounds=Rect(0, 0 - 1080, 2148) mWindowingMode=fullscreen mDisplayWindowingMode=fullscreen mActivityType=undefined mAlwaysOnTop=undefined mRotation=ROTATION_0} s.2}
06-07 19:50:37.981  1339  1367 D PinnerService: pinRangeStream: null
06-07 19:50:37.982  1339  1339 I ActivityTaskManager: Override config changes=60007dfc {1.0 ?mcc?mnc [ko_KR] ldltr sw392dp w392dp h750dp 440dpi nrml long port ?uimode ?night finger -keyb/v/h -nav/h winConfig={ mBounds=Rect(0, 0 - 1080, 2280) mAppBounds=Rect(0, 0 - 1080, 2148) mWindowingMode=fullscreen mDisplayWindowingMode=fullscreen mActivityType=undefined mAlwaysOnTop=undefined mRotation=ROTATION_0} s.2} for displayId=0
06-07 19:50:37.983  1339  1367 D PinnerService: pinRangeStream: null
06-07 19:50:37.984  1339  1367 D PinnerService: pinRangeStream: null
06-07 19:50:37.985  1339  1339 D SystemServerTiming: MakeDisplayReady took to complete: 7ms
06-07 19:50:37.985  1339  1339 I SystemServer: StartStorageManagerService
06-07 19:50:37.985  1339  1367 D PinnerService: pinRangeStream: null
06-07 19:50:37.985  1339  1339 I SystemServiceManager: Starting com.android.server.StorageManagerService$Lifecycle
06-07 19:50:37.990  1339  1662 D StorageManagerService: Thinking about init, mBootCompleted=false, mDaemonConnected=true
06-07 19:50:37.990  1339  1339 D SystemServerTiming: StartStorageManagerService took to complete: 4ms
06-07 19:50:37.990  1339  1662 D StorageManagerService: Thinking about reset, mBootCompleted=false, mDaemonConnected=true
06-07 19:50:37.990  1339  1339 I SystemServer: StartStorageStatsService
06-07 19:50:37.990  1339  1339 I SystemServiceManager: Starting com.android.server.usage.StorageStatsService$Lifecycle
06-07 19:50:37.993  1339  1339 D SystemServerTiming: StartStorageStatsService took to complete: 4ms
06-07 19:50:37.994  1339  1339 I SystemServer: StartUiModeManager
06-07 19:50:37.994  1339  1339 I SystemServiceManager: Starting com.android.server.UiModeManagerService
06-07 19:50:37.995  1339  1367 D PinnerService: pinRangeStream: null
06-07 19:50:37.996  1339  1666 D SystemServerInitThreadPool: Started executing UiModeManager.onStart
06-07 19:50:37.996  1339  1339 D SystemServerTiming: StartUiModeManager took to complete: 2ms
06-07 19:50:37.996  1339  1339 I SystemServer: UpdatePackagesIfNeeded
06-07 19:50:37.996  1339  1339 I Watchdog: Pausing HandlerChecker: main thread for reason: dexopt. Pause count: 1
06-07 19:50:37.996  1339  1339 I Watchdog: Resuming HandlerChecker: main thread for reason: dexopt. Pause count: 0
06-07 19:50:37.996  1339  1339 D SystemServerTiming: UpdatePackagesIfNeeded took to complete: 0ms
06-07 19:50:37.996  1339  1339 I SystemServer: PerformFstrimIfNeeded
06-07 19:50:37.996  1339  1339 D SystemServerTiming: PerformFstrimIfNeeded took to complete: 1ms
06-07 19:50:37.996  1339  1339 I SystemServer: StartLockSettingsService
06-07 19:50:37.996  1339  1339 I SystemServiceManager: Starting com.android.server.locksettings.LockSettingsService$Lifecycle
06-07 19:50:37.997  1339  1666 I ActivityTaskManager: Config changes=200 {1.0 ?mcc?mnc [ko_KR] ldltr sw392dp w392dp h750dp 440dpi nrml long port finger -keyb/v/h -nav/h winConfig={ mBounds=Rect(0, 0 - 1080, 2280) mAppBounds=Rect(0, 0 - 1080, 2148) mWindowingMode=fullscreen mDisplayWindowingMode=fullscreen mActivityType=undefined mAlwaysOnTop=undefined mRotation=ROTATION_0} s.4}
06-07 19:50:37.999  1339  1666 I ActivityTaskManager: Override config changes=200 {1.0 ?mcc?mnc [ko_KR] ldltr sw392dp w392dp h750dp 440dpi nrml long port finger -keyb/v/h -nav/h winConfig={ mBounds=Rect(0, 0 - 1080, 2280) mAppBounds=Rect(0, 0 - 1080, 2148) mWindowingMode=fullscreen mDisplayWindowingMode=fullscreen mActivityType=undefined mAlwaysOnTop=undefined mRotation=ROTATION_0} s.4} for displayId=0
06-07 19:50:37.999  1339  1367 D PinnerService: pinRangeStream: null
06-07 19:50:37.999  1339  1367 D PinnerService: pinRangeStream: null
06-07 19:50:37.999  1339  1666 D SystemServerInitThreadPool: Finished executing UiModeManager.onStart
06-07 19:50:38.000  1339  1367 E PinnerService: Could not pin file /product/priv-app/SystemUIGoogle/SystemUIGoogle.apk
06-07 19:50:38.000  1339  1367 E PinnerService: android.system.ErrnoException: open failed: ENOENT (No such file or directory)
06-07 19:50:38.000  1339  1367 E PinnerService: 	at libcore.io.Linux.open(Native Method)
06-07 19:50:38.000  1339  1367 E PinnerService: 	at libcore.io.ForwardingOs.open(ForwardingOs.java:167)
06-07 19:50:38.000  1339  1367 E PinnerService: 	at libcore.io.BlockGuardOs.open(BlockGuardOs.java:252)
06-07 19:50:38.000  1339  1367 E PinnerService: 	at android.system.Os.open(Os.java:410)
06-07 19:50:38.000  1339  1367 E PinnerService: 	at com.android.server.PinnerService.pinFileRanges(PinnerService.java:787)
06-07 19:50:38.000  1339  1367 E PinnerService: 	at com.android.server.PinnerService.pinFile(PinnerService.java:667)
06-07 19:50:38.000  1339  1367 E PinnerService: 	at com.android.server.PinnerService.handlePinOnStart(PinnerService.java:252)
06-07 19:50:38.000  1339  1367 E PinnerService: 	at com.android.server.PinnerService.access$1400(PinnerService.java:87)
06-07 19:50:38.000  1339  1367 E PinnerService: 	at com.android.server.PinnerService$PinnerHandler.handleMessage(PinnerService.java:995)
06-07 19:50:38.000  1339  1367 E PinnerService: 	at android.os.Handler.dispatchMessage(Handler.java:107)
06-07 19:50:38.000  1339  1367 E PinnerService: 	at android.os.Looper.loop(Looper.java:214)
06-07 19:50:38.000  1339  1367 E PinnerService: 	at android.os.HandlerThread.run(HandlerThread.java:67)
06-07 19:50:38.000  1339  1367 E PinnerService: Failed to pin file = /product/priv-app/SystemUIGoogle/SystemUIGoogle.apk
06-07 19:50:38.000  1339  1367 D PinnerService: pinRangeStream: null
06-07 19:50:38.001  1339  1367 E PinnerService: Could not pin file /product/priv-app/SystemUIGoogle/oat/arm64/SystemUIGoogle.odex
06-07 19:50:38.001  1339  1367 E PinnerService: android.system.ErrnoException: open failed: ENOENT (No such file or directory)
06-07 19:50:38.001  1339  1367 E PinnerService: 	at libcore.io.Linux.open(Native Method)
06-07 19:50:38.001  1339  1367 E PinnerService: 	at libcore.io.ForwardingOs.open(ForwardingOs.java:167)
06-07 19:50:38.001  1339  1367 E PinnerService: 	at libcore.io.BlockGuardOs.open(BlockGuardOs.java:252)
06-07 19:50:38.001  1339  1367 E PinnerService: 	at android.system.Os.open(Os.java:410)
06-07 19:50:38.001  1339  1367 E PinnerService: 	at com.android.server.PinnerService.pinFileRanges(PinnerService.java:787)
06-07 19:50:38.001  1339  1367 E PinnerService: 	at com.android.server.PinnerService.pinFile(PinnerService.java:667)
06-07 19:50:38.001  1339  1367 E PinnerService: 	at com.android.server.PinnerService.handlePinOnStart(PinnerService.java:252)
06-07 19:50:38.001  1339  1367 E PinnerService: 	at com.android.server.PinnerService.access$1400(PinnerService.java:87)
06-07 19:50:38.001  1339  1367 E PinnerService: 	at com.android.server.PinnerService$PinnerHandler.handleMessage(PinnerService.java:995)
06-07 19:50:38.001  1339  1367 E PinnerService: 	at android.os.Handler.dispatchMessage(Handler.java:107)
06-07 19:50:38.001  1339  1367 E PinnerService: 	at android.os.Looper.loop(Looper.java:214)
06-07 19:50:38.001  1339  1367 E PinnerService: 	at android.os.HandlerThread.run(HandlerThread.java:67)
06-07 19:50:38.001  1339  1367 E PinnerService: Failed to pin file = /product/priv-app/SystemUIGoogle/oat/arm64/SystemUIGoogle.odex
06-07 19:50:38.001  1339  1367 D PinnerService: pinRangeStream: null
06-07 19:50:38.001  1339  1361 I DropBoxManagerService: add tag=system_server_strictmode isTagEnabled=true flags=0x2
06-07 19:50:38.002  1339  1361 I chatty  : uid=1000 system_server identical 1 line
06-07 19:50:38.003  1339  1361 I DropBoxManagerService: add tag=system_server_strictmode isTagEnabled=true flags=0x2
06-07 19:50:38.004  1339  1367 D PinnerService: pinRangeStream: null
06-07 19:50:38.005  1339  1339 D SystemServerTiming: StartLockSettingsService took to complete: 8ms
06-07 19:50:38.005  1339  1339 I SystemServer: StartPersistentDataBlock
06-07 19:50:38.005  1339  1339 I SystemServiceManager: Starting com.android.server.PersistentDataBlockService
06-07 19:50:38.005  1339  1339 D SystemServerTiming: StartPersistentDataBlock took to complete: 1ms
06-07 19:50:38.005  1339  1339 I SystemServer: StartTestHarnessMode
06-07 19:50:38.005  1339  1339 I SystemServiceManager: Starting com.android.server.testharness.TestHarnessModeService
06-07 19:50:38.006  1339  1339 D SystemServerTiming: StartTestHarnessMode took to complete: 0ms
06-07 19:50:38.006  1339  1339 I SystemServer: StartOemLockService
06-07 19:50:38.006  1339  1339 I SystemServiceManager: Starting com.android.server.oemlock.OemLockService
06-07 19:50:38.006  1339  1667 D SystemServerInitThreadPool: Started executing PersistentDataBlockService.onStart
06-07 19:50:38.006  1339  1667 E PersistentDataBlockService: not able to find package 
06-07 19:50:38.006  1339  1667 E PersistentDataBlockService: android.content.pm.PackageManager$NameNotFoundException: 
06-07 19:50:38.006  1339  1667 E PersistentDataBlockService: 	at android.app.ApplicationPackageManager.getPackageUidAsUser(ApplicationPackageManager.java:311)
06-07 19:50:38.006  1339  1667 E PersistentDataBlockService: 	at com.android.server.PersistentDataBlockService.getAllowedUid(PersistentDataBlockService.java:153)
06-07 19:50:38.006  1339  1667 E PersistentDataBlockService: 	at com.android.server.PersistentDataBlockService.lambda$onStart$0$PersistentDataBlockService(PersistentDataBlockService.java:166)
06-07 19:50:38.006  1339  1667 E PersistentDataBlockService: 	at com.android.server.-$$Lambda$PersistentDataBlockService$EZl9OYaT2eNL7kfSr2nKUBjxidk.run(Unknown Source:2)
06-07 19:50:38.006  1339  1667 E PersistentDataBlockService: 	at com.android.server.SystemServerInitThreadPool.lambda$submit$0$SystemServerInitThreadPool(SystemServerInitThreadPool.java:72)
06-07 19:50:38.006  1339  1667 E PersistentDataBlockService: 	at com.android.server.-$$Lambda$SystemServerInitThreadPool$jLyL3DFmbjsFesU5SGktD3NoWSc.run(Unknown Source:6)
06-07 19:50:38.006  1339  1667 E PersistentDataBlockService: 	at java.util.concurrent.Executors$RunnableAdapter.call(Executors.java:462)
06-07 19:50:38.006  1339  1667 E PersistentDataBlockService: 	at java.util.concurrent.FutureTask.run(FutureTask.java:266)
06-07 19:50:38.006  1339  1667 E PersistentDataBlockService: 	at java.util.concurrent.ThreadPoolExecutor.runWorker(ThreadPoolExecutor.java:1167)
06-07 19:50:38.006  1339  1667 E PersistentDataBlockService: 	at java.util.concurrent.ThreadPoolExecutor$Worker.run(ThreadPoolExecutor.java:641)
06-07 19:50:38.006  1339  1667 E PersistentDataBlockService: 	at com.android.internal.util.ConcurrentUtils$1$1.run(ConcurrentUtils.java:62)
06-07 19:50:38.006  1339  1339 I OemLock : Using vendor lock via the HAL
06-07 19:50:38.007  1339  1339 D SystemServerTiming: StartOemLockService took to complete: 1ms
06-07 19:50:38.007  1339  1339 I SystemServer: StartDeviceIdleController
06-07 19:50:38.007  1339  1339 I SystemServiceManager: Starting com.android.server.DeviceIdleController
06-07 19:50:38.008  1339  1339 D SystemServerTiming: StartDeviceIdleController took to complete: 1ms
06-07 19:50:38.008  1339  1339 I SystemServer: StartDevicePolicyManager
06-07 19:50:38.008  1339  1339 I SystemServiceManager: Starting com.android.server.devicepolicy.DevicePolicyManagerService$Lifecycle
06-07 19:50:38.009  1339  1339 D SystemServerTiming: StartDevicePolicyManager took to complete: 1ms
06-07 19:50:38.009  1339  1339 I SystemServer: StartStatusBarManagerService
06-07 19:50:38.009  1339  1339 D SystemServerTiming: StartStatusBarManagerService took to complete: 0ms
06-07 19:50:38.009  1339  1339 D SystemServer: ContentCaptureService disabled because resource is not overlaid
06-07 19:50:38.009  1339  1339 D SystemServer: AttentionService is not configured on this device
06-07 19:50:38.009  1339  1339 D SystemServer: SystemCaptionsManagerService disabled because resource is not overlaid
06-07 19:50:38.009  1339  1339 D SystemServer: AppPredictionService not defined by OEM
06-07 19:50:38.009  1339  1339 D SystemServer: ContentSuggestionsService not defined by OEM
06-07 19:50:38.009  1339  1339 I SystemServer: InitNetworkStackClient
06-07 19:50:38.018  1339  1339 D SystemServerTiming: InitNetworkStackClient took to complete: 9ms
06-07 19:50:38.018  1339  1339 I SystemServer: StartNetworkManagementService
06-07 19:50:38.020  1339  1339 D SystemServerTiming: StartNetworkManagementService took to complete: 1ms
06-07 19:50:38.020  1339  1339 I SystemServer: StartIpSecService
06-07 19:50:38.020  1339  1339 D SystemServerTiming: StartIpSecService took to complete: 1ms
06-07 19:50:38.020  1339  1339 I SystemServer: StartTextServicesManager
06-07 19:50:38.020  1339  1339 I SystemServiceManager: Starting com.android.server.textservices.TextServicesManagerService$Lifecycle
06-07 19:50:38.021  1339  1339 D SystemServerTiming: StartTextServicesManager took to complete: 0ms
06-07 19:50:38.021  1339  1339 I SystemServer: StartTextClassificationManagerService
06-07 19:50:38.021  1339  1339 I SystemServiceManager: Starting com.android.server.textclassifier.TextClassificationManagerService$Lifecycle
06-07 19:50:38.021  1339  1339 D SystemServerTiming: StartTextClassificationManagerService took to complete: 0ms
06-07 19:50:38.021  1339  1339 I SystemServer: StartNetworkScoreService
06-07 19:50:38.021  1339  1339 I SystemServiceManager: Starting com.android.server.NetworkScoreService$Lifecycle
06-07 19:50:38.021  1339  1339 D SystemServerTiming: StartNetworkScoreService took to complete: 1ms
06-07 19:50:38.021  1339  1339 I SystemServer: StartNetworkStatsService
06-07 19:50:38.022  1339  1339 D SystemServerTiming: StartNetworkStatsService took to complete: 1ms
06-07 19:50:38.022  1339  1339 I SystemServer: StartNetworkPolicyManagerService
06-07 19:50:38.023  1339  1339 D SystemServerTiming: StartNetworkPolicyManagerService took to complete: 1ms
06-07 19:50:38.023  1339  1339 I SystemServer: StartWifi
06-07 19:50:38.032  1339  1339 I SystemServiceManager: Starting com.android.server.wifi.WifiService
06-07 19:50:38.039  1339  1667 D SystemServerInitThreadPool: Finished executing PersistentDataBlockService.onStart
06-07 19:50:38.042  1339  1367 D PinnerService: pinRangeStream: null
06-07 19:50:38.076  1339  1367 I chatty  : uid=1000 system_server identical 3 lines
06-07 19:50:38.076  1339  1367 D PinnerService: pinRangeStream: null
06-07 19:50:38.090  1339  1339 D SystemServerTiming: StartWifi took to complete: 66ms
06-07 19:50:38.090  1339  1339 I SystemServer: StartWifiScanning
06-07 19:50:38.090  1339  1339 I SystemServiceManager: Starting com.android.server.wifi.scanner.WifiScanningService
06-07 19:50:38.091  1339  1339 D SystemServerTiming: StartWifiScanning took to complete: 1ms
06-07 19:50:38.091  1339  1339 I SystemServer: StartRttService
06-07 19:50:38.092  1339  1339 I SystemServiceManager: Starting com.android.server.wifi.rtt.RttService
06-07 19:50:38.092  1339  1339 D SystemServerTiming: StartRttService took to complete: 0ms
06-07 19:50:38.092  1339  1339 I SystemServer: StartWifiAware
06-07 19:50:38.093  1339  1339 I SystemServiceManager: Starting com.android.server.wifi.aware.WifiAwareService
06-07 19:50:38.093  1339  1339 D SystemServerTiming: StartWifiAware took to complete: 1ms
06-07 19:50:38.093  1339  1339 I SystemServer: StartWifiP2P
06-07 19:50:38.093  1339  1339 I SystemServiceManager: Starting com.android.server.wifi.p2p.WifiP2pService
06-07 19:50:38.096  1339  1339 D SystemServerTiming: StartWifiP2P took to complete: 4ms
06-07 19:50:38.096  1339  1339 I SystemServer: StartEthernet
06-07 19:50:38.096  1339  1339 I SystemServiceManager: Starting com.android.server.ethernet.EthernetService
06-07 19:50:38.097  1339  1339 D SystemServerTiming: StartEthernet took to complete: 0ms
06-07 19:50:38.097  1339  1339 I SystemServer: StartConnectivityService
06-07 19:50:38.098  1339  1339 D ConnectivityService: ConnectivityService starting up
06-07 19:50:38.099  1339  1339 D ConnectivityService: wifiOnly=false
06-07 19:50:38.103  1339  1339 D SystemServerTiming: StartConnectivityService took to complete: 7ms
06-07 19:50:38.103  1339  1339 I SystemServer: StartNsdService
06-07 19:50:38.104  1339  1339 D NsdService: Network service discovery is enabled
06-07 19:50:38.106  1339  1339 D SystemServerTiming: StartNsdService took to complete: 2ms
06-07 19:50:38.106  1339  1339 I SystemServer: StartSystemUpdateManagerService
06-07 19:50:38.106  1339  1339 I SystemUpdateManagerService: No existing info file /data/system/system-update-info.xml
06-07 19:50:38.107  1339  1339 D SystemServerTiming: StartSystemUpdateManagerService took to complete: 1ms
06-07 19:50:38.107  1339  1339 I SystemServer: StartUpdateLockService
06-07 19:50:38.108  1339  1339 D SystemServerTiming: StartUpdateLockService took to complete: 1ms
06-07 19:50:38.108  1339  1339 I SystemServer: StartNotificationManager
06-07 19:50:38.108  1339  1339 I SystemServiceManager: Starting com.android.server.notification.NotificationManagerService
06-07 19:50:38.112  1339  1339 D ConditionProviders.SCP: new ScheduleConditionProvider()
06-07 19:50:38.122  1339  1339 I NotificationListeners: Read notification listener permissions from xml
06-07 19:50:38.122  1339  1339 I NotificationAssistants: Read notification assistant permissions from xml
06-07 19:50:38.122  1339  1339 I ConditionProviders: Read condition provider permissions from xml
06-07 19:50:38.122  1339  1339 I ConditionProviders: Read condition provider permissions from xml
06-07 19:50:38.122  1339  1339 D NotificationAssistants: Approving default notification assistant for user 0
06-07 19:50:38.123  1339  1339 I ConditionProviders:  Allowing condition provider android.ext.services/android.ext.services.notification.Assistant
06-07 19:50:38.123  1339  1339 D NotificationService: Set default NAS to be android.ext.services/android.ext.services.notification.Assistant in 0
06-07 19:50:38.128  1339  1339 D SystemServerTiming: StartNotificationManager took to complete: 21ms
06-07 19:50:38.128  1339  1339 I SystemServer: StartDeviceMonitor
06-07 19:50:38.128  1339  1339 I SystemServiceManager: Starting com.android.server.storage.DeviceStorageMonitorService
06-07 19:50:38.129  1339  1339 D SystemServerTiming: StartDeviceMonitor took to complete: 1ms
06-07 19:50:38.130  1339  1339 I SystemServer: StartLocationManagerService
06-07 19:50:38.130  1339  1339 D SystemServerTiming: StartLocationManagerService took to complete: 0ms
06-07 19:50:38.130  1339  1339 I SystemServer: StartCountryDetectorService
06-07 19:50:38.130  1339  1339 D SystemServerTiming: StartCountryDetectorService took to complete: 0ms
06-07 19:50:38.130  1339  1339 I SystemServer: StartTimeDetectorService
06-07 19:50:38.130  1339  1339 I SystemServiceManager: Starting com.android.server.timedetector.TimeDetectorService$Lifecycle
06-07 19:50:38.131  1339  1339 D SystemServerTiming: StartTimeDetectorService took to complete: 0ms
06-07 19:50:38.131  1339  1339 I SystemServer: StartSearchManagerService
06-07 19:50:38.131  1339  1339 I SystemServiceManager: Starting com.android.server.search.SearchManagerService$Lifecycle
06-07 19:50:38.131  1339  1339 D SystemServerTiming: StartSearchManagerService took to complete: 1ms
06-07 19:50:38.131  1339  1339 I SystemServer: StartWallpaperManagerService
06-07 19:50:38.131  1339  1339 I SystemServiceManager: Starting com.android.server.wallpaper.WallpaperManagerService$Lifecycle
06-07 19:50:38.132  1339  1339 D SystemServerTiming: StartWallpaperManagerService took to complete: 0ms
06-07 19:50:38.132  1339  1339 I SystemServer: StartAudioService
06-07 19:50:38.132  1339  1339 I SystemServiceManager: Starting com.android.server.audio.AudioService$Lifecycle
06-07 19:50:38.160  1339  1339 D SystemServerTiming: StartAudioService took to complete: 29ms
06-07 19:50:38.160  1339  1339 I SystemServer: StartDockObserver
06-07 19:50:38.160  1339  1339 I SystemServiceManager: Starting com.android.server.DockObserver
06-07 19:50:38.161  1339  1339 W DockObserver: This kernel does not have dock station support
06-07 19:50:38.161  1339  1339 D SystemServerTiming: StartDockObserver took to complete: 0ms
06-07 19:50:38.161  1339  1339 I SystemServer: StartWiredAccessoryManager
06-07 19:50:38.161  1339  1339 W WiredAccessoryManager: This kernel does not have wired headset support
06-07 19:50:38.161  1339  1339 W WiredAccessoryManager: This kernel does not have usb audio support
06-07 19:50:38.161  1339  1339 W WiredAccessoryManager: This kernel does not have HDMI audio support
06-07 19:50:38.161  1339  1339 D SystemServerTiming: StartWiredAccessoryManager took to complete: 1ms
06-07 19:50:38.162  1339  1339 I SystemServer: StartMidiManager
06-07 19:50:38.162  1339  1339 I SystemServiceManager: Starting com.android.server.midi.MidiService$Lifecycle
06-07 19:50:38.162  1339  1339 D SystemServerTiming: StartMidiManager took to complete: 0ms
06-07 19:50:38.162  1339  1339 I SystemServer: StartAdbService
06-07 19:50:38.162  1339  1339 I SystemServiceManager: Starting com.android.server.adb.AdbService$Lifecycle
06-07 19:50:38.163  1339  1339 D SystemServerTiming: StartAdbService took to complete: 1ms
06-07 19:50:38.163  1339  1339 I SystemServer: StartUsbService
06-07 19:50:38.163  1339  1339 I SystemServiceManager: Starting com.android.server.usb.UsbService$Lifecycle
06-07 19:50:38.164  1339  1339 E UsbDeviceManager: failed to write to /sys/class/android_usb/android0/f_rndis/ethaddr
06-07 19:50:38.168  1339  1339 W StorageManagerService: No primary storage defined yet; hacking together a stub
06-07 19:50:38.169   788   788 D ZygoteInitTiming_lazy: PreloadClasses took to complete: 273ms
06-07 19:50:38.170  1339  1649 I UsbDeviceManager: Usb gadget hal service started android.hardware.usb.gadget@1.0::IUsbGadget default
06-07 19:50:38.172  1339  1359 E UsbDeviceManager: prcessing MSG_GET_CURRENT_USB_FUNCTIONS
06-07 19:50:38.172  1339  1359 E UsbDeviceManager: updating mCurrentFunctions
06-07 19:50:38.172  1339  1359 E UsbDeviceManager: mCurrentFunctions:0applied:1
06-07 19:50:38.173   788   788 D ZygoteInitTiming_lazy: CacheNonBootClasspathClassLoaders took to complete: 5ms
06-07 19:50:38.179  1339  1649 I UsbPortManager: Usb hal service started android.hardware.usb@1.0::IUsb default
06-07 19:50:38.181  1339  1339 D SystemServerTiming: StartUsbService took to complete: 18ms
06-07 19:50:38.181  1339  1339 I SystemServer: StartSerialService
06-07 19:50:38.181  1339  1339 D SystemServerTiming: StartSerialService took to complete: 0ms
06-07 19:50:38.181  1339  1339 I SystemServer: StartHardwarePropertiesManagerService
06-07 19:50:38.184  1339  1339 D SystemServerTiming: StartHardwarePropertiesManagerService took to complete: 3ms
06-07 19:50:38.184  1339  1339 I SystemServer: StartTwilightService
06-07 19:50:38.184  1339  1339 I SystemServiceManager: Starting com.android.server.twilight.TwilightService
06-07 19:50:38.184  1339  1339 D SystemServerTiming: StartTwilightService took to complete: 0ms
06-07 19:50:38.184  1339  1339 I SystemServer: StartColorDisplay
06-07 19:50:38.184  1339  1339 I SystemServiceManager: Starting com.android.server.display.color.ColorDisplayService
06-07 19:50:38.184  1339  1339 D SystemServerTiming: StartColorDisplay took to complete: 1ms
06-07 19:50:38.185  1339  1339 I SystemServer: StartJobScheduler
06-07 19:50:38.185  1339  1339 I SystemServiceManager: Starting com.android.server.job.JobSchedulerService
06-07 19:50:38.186  1339  1339 D JobStore: Start tag: job-info
06-07 19:50:38.189  1339  1339 I JobStore: Read 26 jobs
06-07 19:50:38.193  1339  1339 D SystemServerTiming: StartJobScheduler took to complete: 9ms
06-07 19:50:38.193  1339  1339 I SystemServer: StartSoundTrigger
06-07 19:50:38.193  1339  1339 I SystemServiceManager: Starting com.android.server.soundtrigger.SoundTriggerService
06-07 19:50:38.194  1339  1339 D SystemServerTiming: StartSoundTrigger took to complete: 0ms
06-07 19:50:38.194  1339  1339 I SystemServer: StartTrustManager
06-07 19:50:38.194  1339  1339 I SystemServiceManager: Starting com.android.server.trust.TrustManagerService
06-07 19:50:38.194  1339  1339 D SystemServerTiming: StartTrustManager took to complete: 0ms
06-07 19:50:38.194  1339  1339 I SystemServer: StartBackupManager
06-07 19:50:38.194  1339  1339 I SystemServiceManager: Starting com.android.server.backup.BackupManagerService$Lifecycle
06-07 19:50:38.195  1339  1339 D SystemServerTiming: StartBackupManager took to complete: 0ms
06-07 19:50:38.195  1339  1339 I SystemServer: StartAppWidgetService
06-07 19:50:38.195  1339  1339 I SystemServiceManager: Starting com.android.server.appwidget.AppWidgetService
06-07 19:50:38.196  1339  1339 D SystemServerTiming: StartAppWidgetService took to complete: 1ms
06-07 19:50:38.196  1339  1339 I SystemServer: StartRoleManagerService
06-07 19:50:38.197  1339  1339 D SystemServerTiming: StartRoleManagerService took to complete: 2ms
06-07 19:50:38.197  1339  1339 I SystemServer: StartVoiceRecognitionManager
06-07 19:50:38.197  1339  1339 I SystemServiceManager: Starting com.android.server.voiceinteraction.VoiceInteractionManagerService
06-07 19:50:38.199  1339  1339 I RoleUserState: Read roles.xml successfully
06-07 19:50:38.199  1339  1339 D SystemServerTiming: StartVoiceRecognitionManager took to complete: 2ms
06-07 19:50:38.199  1339  1339 I SystemServer: StartGestureLauncher
06-07 19:50:38.199  1339  1339 I SystemServiceManager: Starting com.android.server.GestureLauncherService
06-07 19:50:38.199  1339  1339 D SystemServerTiming: StartGestureLauncher took to complete: 0ms
06-07 19:50:38.199  1339  1339 I SystemServer: StartSensorNotification
06-07 19:50:38.199  1339  1339 I SystemServiceManager: Starting com.android.server.SensorNotificationService
06-07 19:50:38.199  1339  1339 D SystemServerTiming: StartSensorNotification took to complete: 0ms
06-07 19:50:38.199  1339  1339 I SystemServer: StartContextHubSystemService
06-07 19:50:38.199  1339  1339 I SystemServiceManager: Starting com.android.server.ContextHubSystemService
06-07 19:50:38.199  1339  1366 D SystemServerInitThreadPool: Started executing Init ContextHubSystemService
06-07 19:50:38.200  1339  1339 D SystemServerTiming: StartContextHubSystemService took to complete: 0ms
06-07 19:50:38.200  1339  1339 I SystemServer: StartDiskStatsService
06-07 19:50:38.204  1339  1339 D SystemServerTiming: StartDiskStatsService took to complete: 4ms
06-07 19:50:38.204  1339  1339 I SystemServer: RuntimeService
06-07 19:50:38.205  1339  1366 D SystemServerInitThreadPool: Finished executing Init ContextHubSystemService
06-07 19:50:38.205  1339  1339 D SystemServerTiming: RuntimeService took to complete: 1ms
06-07 19:50:38.205  1339  1339 I SystemServer: StartNetworkTimeUpdateService
06-07 19:50:38.205  1339  1339 D SystemServer: Using networkTimeUpdater class=class com.android.server.NewNetworkTimeUpdateService
06-07 19:50:38.205  1339  1339 D SystemServerTiming: StartNetworkTimeUpdateService took to complete: 0ms
06-07 19:50:38.205  1339  1339 I SystemServer: CertBlacklister
06-07 19:50:38.205  1339  1339 D SystemServerTiming: CertBlacklister took to complete: 0ms
06-07 19:50:38.206  1339  1339 I SystemServer: StartEmergencyAffordanceService
06-07 19:50:38.206  1339  1339 I SystemServiceManager: Starting com.android.server.emergency.EmergencyAffordanceService
06-07 19:50:38.206  1339  1339 D SystemServerTiming: StartEmergencyAffordanceService took to complete: 0ms
06-07 19:50:38.206  1339  1339 I SystemServer: StartDreamManager
06-07 19:50:38.206  1339  1339 I SystemServiceManager: Starting com.android.server.dreams.DreamManagerService
06-07 19:50:38.206  1339  1339 D SystemServerTiming: StartDreamManager took to complete: 0ms
06-07 19:50:38.206  1339  1339 I SystemServer: AddGraphicsStatsService
06-07 19:50:38.207  1339  1339 D SystemServerTiming: AddGraphicsStatsService took to complete: 1ms
06-07 19:50:38.207  1339  1339 I SystemServer: StartPrintManager
06-07 19:50:38.207  1339  1339 I SystemServiceManager: Starting com.android.server.print.PrintManagerService
06-07 19:50:38.208  1339  1339 D SystemServerTiming: StartPrintManager took to complete: 1ms
06-07 19:50:38.208  1339  1339 I SystemServer: StartCompanionDeviceManager
06-07 19:50:38.208  1339  1339 I SystemServiceManager: Starting com.android.server.companion.CompanionDeviceManagerService
06-07 19:50:38.208  1339  1339 D SystemServerTiming: StartCompanionDeviceManager took to complete: 1ms
06-07 19:50:38.208  1339  1339 I SystemServer: StartRestrictionManager
06-07 19:50:38.209  1339  1339 I SystemServiceManager: Starting com.android.server.restrictions.RestrictionsManagerService
06-07 19:50:38.209  1339  1339 D SystemServerTiming: StartRestrictionManager took to complete: 0ms
06-07 19:50:38.209  1339  1339 I SystemServer: StartMediaSessionService
06-07 19:50:38.209  1339  1339 I SystemServiceManager: Starting com.android.server.media.MediaSessionService
06-07 19:50:38.212  1339  1339 D SystemServerTiming: StartMediaSessionService took to complete: 4ms
06-07 19:50:38.212  1339  1339 I SystemServer: StartMediaResourceMonitor
06-07 19:50:38.212  1339  1339 I SystemServiceManager: Starting com.android.server.media.MediaResourceMonitorService
06-07 19:50:38.213  1339  1339 D SystemServerTiming: StartMediaResourceMonitor took to complete: 0ms
06-07 19:50:38.213  1339  1339 I SystemServer: StartMediaRouterService
06-07 19:50:38.213  1339  1339 D SystemServerTiming: StartMediaRouterService took to complete: 1ms
06-07 19:50:38.213  1339  1339 I SystemServer: StartFaceSensor
06-07 19:50:38.213  1339  1339 I SystemServiceManager: Starting com.android.server.biometrics.face.FaceService
06-07 19:50:38.214  1339  1339 D SystemServerTiming: StartFaceSensor took to complete: 1ms
06-07 19:50:38.214  1339  1620 D SystemServerInitThreadPool: Started executing FaceService.onStart
06-07 19:50:38.214  1339  1339 I SystemServer: StartBiometricService
06-07 19:50:38.214  1339  1339 I SystemServiceManager: Starting com.android.server.biometrics.BiometricService
06-07 19:50:38.214  1339  1620 D SystemServerInitThreadPool: Finished executing FaceService.onStart
06-07 19:50:38.216  1339  1339 D SystemServerTiming: StartBiometricService took to complete: 1ms
06-07 19:50:38.216  1339  1339 I SystemServer: StartBackgroundDexOptService
06-07 19:50:38.217  1339  1339 D SystemServerTiming: StartBackgroundDexOptService took to complete: 1ms
06-07 19:50:38.217  1339  1339 I SystemServer: StartDynamicCodeLoggingService
06-07 19:50:38.217  1339  1339 D SystemServerTiming: StartDynamicCodeLoggingService took to complete: 0ms
06-07 19:50:38.217  1339  1339 I SystemServer: StartPruneInstantAppsJobService
06-07 19:50:38.217  1339  1339 D SystemServerTiming: StartPruneInstantAppsJobService took to complete: 0ms
06-07 19:50:38.217  1339  1339 I SystemServer: StartShortcutServiceLifecycle
06-07 19:50:38.217  1339  1339 I SystemServiceManager: Starting com.android.server.pm.ShortcutService$Lifecycle
06-07 19:50:38.218  1339  1339 D SystemServerTiming: StartShortcutServiceLifecycle took to complete: 1ms
06-07 19:50:38.218  1339  1339 I SystemServer: StartLauncherAppsService
06-07 19:50:38.218  1339  1339 I SystemServiceManager: Starting com.android.server.pm.LauncherAppsService
06-07 19:50:38.218  1339  1339 D SystemServerTiming: StartLauncherAppsService took to complete: 0ms
06-07 19:50:38.218  1339  1339 I SystemServer: StartCrossProfileAppsService
06-07 19:50:38.218  1339  1339 I SystemServiceManager: Starting com.android.server.pm.CrossProfileAppsService
06-07 19:50:38.218  1339  1339 D SystemServerTiming: StartCrossProfileAppsService took to complete: 1ms
06-07 19:50:38.218  1339  1339 I SystemServer: StartMediaProjectionManager
06-07 19:50:38.218  1339  1339 I SystemServiceManager: Starting com.android.server.media.projection.MediaProjectionManagerService
06-07 19:50:38.219  1339  1339 D SystemServerTiming: StartMediaProjectionManager took to complete: 1ms
06-07 19:50:38.219  1339  1339 I SystemServer: StartSliceManagerService
06-07 19:50:38.219  1339  1339 I SystemServiceManager: Starting com.android.server.slice.SliceManagerService$Lifecycle
06-07 19:50:38.220  1339  1339 D SystemServerTiming: StartSliceManagerService took to complete: 0ms
06-07 19:50:38.220  1339  1339 I SystemServer: StartCameraServiceProxy
06-07 19:50:38.220  1339  1339 I SystemServiceManager: Starting com.android.server.camera.CameraServiceProxy
06-07 19:50:38.221  1339  1339 D SystemServerTiming: StartCameraServiceProxy took to complete: 1ms
06-07 19:50:38.221  1339  1339 I SystemServer: StartStatsCompanionService
06-07 19:50:38.221  1339  1339 I SystemServiceManager: Starting com.android.server.stats.StatsCompanionService$Lifecycle
06-07 19:50:38.222   788   788 D ZygoteInitTiming_lazy: PreloadResources took to complete: 48ms
06-07 19:50:38.222  1339  1339 I StatsCompanionService: register thermal listener successfully
06-07 19:50:38.224  1339  1339 D SystemServerTiming: StartStatsCompanionService took to complete: 2ms
06-07 19:50:38.224  1339  1339 I SystemServer: StartIncidentCompanionService
06-07 19:50:38.224  1339  1339 I SystemServiceManager: Starting com.android.server.incident.IncidentCompanionService
06-07 19:50:38.224  1339  1339 D SystemServerTiming: StartIncidentCompanionService took to complete: 0ms
06-07 19:50:38.224  1339  1339 I SystemServer: StartMmsService
06-07 19:50:38.224  1339  1339 I SystemServiceManager: Starting com.android.server.MmsServiceBroker
06-07 19:50:38.224  1339  1339 D SystemServerTiming: StartMmsService took to complete: 1ms
06-07 19:50:38.224  1339  1339 I SystemServer: StartAutoFillService
06-07 19:50:38.224  1339  1339 I SystemServiceManager: Starting com.android.server.autofill.AutofillManagerService
06-07 19:50:38.225  1339  1339 D AutofillManagerService: setLogLevelFromSettings(): level=2, debug=true, verbose=false
06-07 19:50:38.225  1339  1339 D AutofillManagerService: setMaxPartitionsFromSettings(): 10
06-07 19:50:38.225  1339  1339 D AutofillManagerService: setMaxVisibleDatasetsFromSettings(): 0
06-07 19:50:38.226  1339  1339 D AutofillManagerServiceImpl: Reset component for user 0:
06-07 19:50:38.226  1339  1360 D AutofillUI: destroySaveUiUiThread(): already destroyed
06-07 19:50:38.227  1339  1339 D SystemServerTiming: StartAutoFillService took to complete: 2ms
06-07 19:50:38.227  1339  1339 I SystemServer: StartClipboardService
06-07 19:50:38.227  1339  1339 I SystemServiceManager: Starting com.android.server.clipboard.ClipboardService
06-07 19:50:38.227  1339  1339 D SystemServerTiming: StartClipboardService took to complete: 1ms
06-07 19:50:38.227  1339  1339 I SystemServer: AppServiceManager
06-07 19:50:38.227  1339  1339 I SystemServiceManager: Starting com.android.server.appbinding.AppBindingService$Lifecycle
06-07 19:50:38.228  1339  1339 D SystemServerTiming: AppServiceManager took to complete: 0ms
06-07 19:50:38.228  1339  1339 I SystemServer: MakeVibratorServiceReady
06-07 19:50:38.228  1339  1339 D SystemServerTiming: MakeVibratorServiceReady took to complete: 1ms
06-07 19:50:38.228  1339  1339 I SystemServer: MakeLockSettingsServiceReady
06-07 19:50:38.265  1339  1339 E LockSettingsStorage: Cannot read file java.io.FileNotFoundException: /data/system/gatekeeper.password.key: open failed: ENOENT (No such file or directory)
06-07 19:50:38.265  1339  1339 E LockSettingsStorage: Cannot read file java.io.FileNotFoundException: /data/system/password.key: open failed: ENOENT (No such file or directory)
06-07 19:50:38.265  1339  1339 E LockSettingsStorage: Cannot read file java.io.FileNotFoundException: /data/system/gatekeeper.pattern.key: open failed: ENOENT (No such file or directory)
06-07 19:50:38.265  1339  1339 E LockSettingsStorage: Cannot read file java.io.FileNotFoundException: /data/system/gatekeeper.gesture.key: open failed: ENOENT (No such file or directory)
06-07 19:50:38.265  1339  1339 E LockSettingsStorage: Cannot read file java.io.FileNotFoundException: /data/system/gesture.key: open failed: ENOENT (No such file or directory)
06-07 19:50:38.265  1339  1339 D SystemServerTiming: MakeLockSettingsServiceReady took to complete: 36ms
06-07 19:50:38.265  1339  1339 I SystemServer: StartBootPhaseLockSettingsReady
06-07 19:50:38.265  1339  1339 I SystemServiceManager: Starting phase 480
06-07 19:50:38.267  1339  1339 I DevicePolicyManager: Set ro.device_owner property to false
06-07 19:50:38.267  1339  1636 D SystemServerInitThreadPool: Started executing DevicePolicyManager
06-07 19:50:38.267  1339  1636 D SystemServerInitThreadPool: Finished executing DevicePolicyManager
06-07 19:50:38.268  1339  1339 D SystemServerTiming: StartBootPhaseLockSettingsReady took to complete: 4ms
06-07 19:50:38.268  1339  1339 I SystemServer: StartBootPhaseSystemServicesReady
06-07 19:50:38.268  1339  1339 I SystemServiceManager: Starting phase 500
06-07 19:50:38.268  1339  1578 D SystemServerTimingAsync: AppDataPrepare took to complete: 340ms
06-07 19:50:38.268  1339  1578 I PackageManager: Deferred reconcileAppsData finished 179 packages
06-07 19:50:38.268  1339  1578 D SystemServerInitThreadPool: Finished executing prepareAppData
06-07 19:50:38.269  1339  1339 D AppStandbyController: Setting app idle enabled state
06-07 19:50:38.274  1339  1339 D TestHarnessModeService: Setting up test harness mode
06-07 19:50:38.274  1339  1339 D TestHarnessModeService: Getting PersistentDataBlockManagerInternal from LocalServices
06-07 19:50:38.279  1339  1339 I WifiService: WifiService starting up with Wi-Fi enabled
06-07 19:50:38.294  1339  1635 D SystemServerTimingAsync: SecondaryZygotePreload took to complete: 403ms
06-07 19:50:38.294  1339  1635 D SystemServerInitThreadPool: Finished executing SecondaryZygotePreload
06-07 19:50:38.295  1339  1689 D ConnectivityService: Got NetworkFactory Messenger for WIFI_AWARE_FACTORY
06-07 19:50:38.298  1339  1689 D ConnectivityService: Got NetworkFactory Messenger for Ethernet
06-07 19:50:38.302  1339  1339 D SystemServerTiming: StartBootPhaseSystemServicesReady took to complete: 33ms
06-07 19:50:38.302  1339  1339 I SystemServer: MakeWindowManagerServiceReady
06-07 19:50:38.304  1339  1339 D SystemServerTiming: MakeWindowManagerServiceReady took to complete: 2ms
06-07 19:50:38.305  1339  1339 I SystemServer: MakePowerManagerServiceReady
06-07 19:50:38.310  1339  1379 W KeyguardServiceDelegate: onScreenTurningOn(): no keyguard service!
06-07 19:50:38.310  1339  1379 V DisplayPowerController: Brightness [98] reason changing to: 'override', previous reason: '0'.
06-07 19:50:38.315  1339  1339 D SystemServerTiming: MakePowerManagerServiceReady took to complete: 11ms
06-07 19:50:38.315  1339  1339 I SystemServer: StartPermissionPolicyService
06-07 19:50:38.316  1339  1339 I SystemServiceManager: Starting com.android.server.policy.PermissionPolicyService
06-07 19:50:38.317  1339  1339 D SystemServerTiming: StartPermissionPolicyService took to complete: 2ms
06-07 19:50:38.317  1339  1339 I SystemServer: MakePackageManagerServiceReady
06-07 19:50:38.318  1339  1339 I PackageManager: Un-granting permission android.permission.MANAGE_DOCUMENTS from package com.google.android.youtube (protectionLevel=262146 flags=0x30dbbe44)
06-07 19:50:38.318  1339  1339 I PackageManager: Un-granting permission android.permission.SYSTEM_ALERT_WINDOW from package com.google.android.youtube (protectionLevel=1250 flags=0x30dbbe44)
06-07 19:50:38.319  1339  1339 I PackageManager: Un-granting permission com.google.android.googleapps.permission.GOOGLE_AUTH from package com.android.providers.calendar (protectionLevel=2 flags=0x30883e45)
06-07 19:50:38.319  1339  1339 I PackageManager: Un-granting permission com.google.android.googleapps.permission.GOOGLE_AUTH.cl from package com.android.providers.calendar (protectionLevel=2 flags=0x30883e45)
06-07 19:50:38.319  1339  1339 I PackageManager: Un-granting permission android.permission.GLOBAL_SEARCH from package com.android.quicksearchbox (protectionLevel=18 flags=0x3088be45)
06-07 19:50:38.320  1339  1339 I PackageManager: Un-granting permission android.permission.SYSTEM_ALERT_WINDOW from package com.microsoft.office.excel (protectionLevel=1250 flags=0x30583e44)
06-07 19:50:38.320  1339  1339 I PackageManager: Un-granting permission android.permission.SYSTEM_ALERT_WINDOW from package com.google.ar.core (protectionLevel=1250 flags=0xa8c8be44)
06-07 19:50:38.320  1339  1339 I PackageManager: Un-granting permission android.permission.HIDE_NON_SYSTEM_OVERLAY_WINDOWS from package com.android.vending (protectionLevel=258 flags=0x28cabec5)
06-07 19:50:38.320  1339  1339 I PackageManager: Un-granting permission android.permission.SEND_DOWNLOAD_COMPLETED_INTENTS from package com.android.vending (protectionLevel=2 flags=0x28cabec5)
06-07 19:50:38.321  1339  1339 I PackageManager: Un-granting permission android.permission.BIND_WALLPAPER from package com.android.camera2 (protectionLevel=18 flags=0x2058bc45)
06-07 19:50:38.322  1339  1339 I PackageManager: Un-granting permission android.permission.REQUEST_INSTALL_PACKAGES from package com.google.android.gm (protectionLevel=66 flags=0x28dbbe44)
06-07 19:50:38.322  1339  1339 I PackageManager: Un-granting permission android.permission.REQUEST_INSTALL_PACKAGES from package com.overlook.android.fing (protectionLevel=66 flags=0x20c83e44)
06-07 19:50:38.322  1339  1339 I PackageManager: Un-granting permission com.google.android.googleapps.permission.GOOGLE_AUTH.mail from package com.android.calendar (protectionLevel=2 flags=0x2089be45)
06-07 19:50:38.323  1339  1339 I PackageManager: Un-granting permission android.permission.CLEAR_APP_CACHE from package com.andromeda.androbench2 (protectionLevel=18 flags=0x3888be44)
06-07 19:50:38.323  1339  1339 I PackageManager: Un-granting permission android.permission.REQUEST_INSTALL_PACKAGES from package com.dropbox.android (protectionLevel=66 flags=0x30d83e44)
06-07 19:50:38.323  1339  1339 I PackageManager: Un-granting permission android.permission.SYSTEM_ALERT_WINDOW from package com.twitter.android (protectionLevel=1250 flags=0x28583e44)
06-07 19:50:38.324  1339  1339 I PackageManager: Un-granting permission android.permission.INTERACT_ACROSS_USERS from package com.google.android.syncadapters.contacts (protectionLevel=50 flags=0x20883e45)
06-07 19:50:38.324  1339  1339 I PackageManager: Un-granting permission android.permission.REQUEST_INSTALL_PACKAGES from package com.android.chrome (protectionLevel=66 flags=0xa0cbbe44)
06-07 19:50:38.325  1339  1339 I PackageManager: Un-granting permission android.permission.CAPTURE_VIDEO_OUTPUT from package com.google.android.gms (protectionLevel=2 flags=0xa0cabec5)
06-07 19:50:38.325  1339  1339 I PackageManager: Un-granting permission android.permission.MANAGE_DEVICE_ADMINS from package com.google.android.gms (protectionLevel=2 flags=0xa0cabec5)
06-07 19:50:38.325  1339  1339 I PackageManager: Un-granting permission android.permission.MANAGE_ACTIVITY_STACKS from package com.google.android.gms (protectionLevel=2 flags=0xa0cabec5)
06-07 19:50:38.325  1339  1339 I PackageManager: Un-granting permission android.permission.CAPTURE_SECURE_VIDEO_OUTPUT from package com.google.android.gms (protectionLevel=2 flags=0xa0cabec5)
06-07 19:50:38.325  1339  1339 I PackageManager: Un-granting permission android.permission.WRITE_DEVICE_CONFIG from package com.google.android.gms (protectionLevel=524802 flags=0xa0cabec5)
06-07 19:50:38.325  1339  1339 I PackageManager: Un-granting permission android.permission.MANAGE_ROLLBACKS from package com.google.android.gms (protectionLevel=514 flags=0xa0cabec5)
06-07 19:50:38.325  1339  1339 I PackageManager: Un-granting permission android.permission.MEDIA_CONTENT_CONTROL from package com.google.android.gms (protectionLevel=18 flags=0xa0cabec5)
06-07 19:50:38.325  1339  1339 I PackageManager: Un-granting permission android.permission.HIDE_NON_SYSTEM_OVERLAY_WINDOWS from package com.google.android.gms (protectionLevel=258 flags=0xa0cabec5)
06-07 19:50:38.326  1339  1339 I PackageManager: Un-granting permission android.permission.UPDATE_APP_OPS_STATS from package com.google.android.tts (protectionLevel=274 flags=0x20cbbec5)
06-07 19:50:38.326  1339  1339 I PackageManager: Un-granting permission android.permission.SYSTEM_ALERT_WINDOW from package tv.twitch.android.app (protectionLevel=1250 flags=0x20d83e44)
06-07 19:50:38.327  1339  1339 I PackageManager: Un-granting permission android.permission.BATTERY_STATS from package com.facebook.katana (protectionLevel=50 flags=0x30d83e44)
06-07 19:50:38.328  1339  1339 I PackageManager: Un-granting permission android.permission.SYSTEM_ALERT_WINDOW from package com.kakao.talk (protectionLevel=1250 flags=0x28d83e44)
06-07 19:50:38.328  1339  1339 I PackageManager: Un-granting permission android.permission.REQUEST_INSTALL_PACKAGES from package com.kakao.talk (protectionLevel=66 flags=0x28d83e44)
06-07 19:50:38.330  1339  1339 I PackageManager: Un-granting permission android.permission.PACKAGE_USAGE_STATS from package com.google.android.apps.work.clouddpc (protectionLevel=114 flags=0x3088be44)
06-07 19:50:38.330  1339  1339 I PackageManager: Un-granting permission android.permission.MOUNT_UNMOUNT_FILESYSTEMS from package com.adsk.sketchbook (protectionLevel=18 flags=0x3098be44)
06-07 19:50:38.330  1339  1339 I PackageManager: Un-granting permission android.permission.MANAGE_DOCUMENTS from package com.adsk.sketchbook (protectionLevel=262146 flags=0x3098be44)
06-07 19:50:38.331  1339  1339 I PackageManager: Un-granting permission android.permission.CONNECTIVITY_USE_RESTRICTED_NETWORKS from package com.android.captiveportallogin (protectionLevel=18 flags=0x38c8be45)
06-07 19:50:38.331  1339  1339 I PackageManager: Un-granting permission android.permission.NETWORK_BYPASS_PRIVATE_DNS from package com.android.captiveportallogin (protectionLevel=2 flags=0x38c8be45)
06-07 19:50:38.332  1339  1382 E DefaultPermGrantPolicy: PackageNot found: com.google.android.projection.gearhead
06-07 19:50:38.332  1339  1382 E DefaultPermGrantPolicy: android.content.pm.PackageManager$NameNotFoundException: com.google.android.projection.gearhead
06-07 19:50:38.332  1339  1382 E DefaultPermGrantPolicy: 	at android.app.ApplicationPackageManager.getPackageInfoAsUser(ApplicationPackageManager.java:190)
06-07 19:50:38.332  1339  1382 E DefaultPermGrantPolicy: 	at android.app.ApplicationPackageManager.getPackageInfo(ApplicationPackageManager.java:159)
06-07 19:50:38.332  1339  1382 E DefaultPermGrantPolicy: 	at com.android.server.pm.permission.DefaultPermissionGrantPolicy.getPackageInfo(DefaultPermissionGrantPolicy.java:1317)
06-07 19:50:38.332  1339  1382 E DefaultPermGrantPolicy: 	at com.android.server.pm.permission.DefaultPermissionGrantPolicy.getSystemPackageInfo(DefaultPermissionGrantPolicy.java:1304)
06-07 19:50:38.332  1339  1382 E DefaultPermGrantPolicy: 	at com.android.server.pm.permission.DefaultPermissionGrantPolicy.parseExceptions(DefaultPermissionGrantPolicy.java:1488)
06-07 19:50:38.332  1339  1382 E DefaultPermGrantPolicy: 	at com.android.server.pm.permission.DefaultPermissionGrantPolicy.parse(DefaultPermissionGrantPolicy.java:1465)
06-07 19:50:38.332  1339  1382 E DefaultPermGrantPolicy: 	at com.android.server.pm.permission.DefaultPermissionGrantPolicy.readDefaultPermissionExceptionsLocked(DefaultPermissionGrantPolicy.java:1446)
06-07 19:50:38.332  1339  1382 E DefaultPermGrantPolicy: 	at com.android.server.pm.permission.DefaultPermissionGrantPolicy.access$200(DefaultPermissionGrantPolicy.java:100)
06-07 19:50:38.332  1339  1382 E DefaultPermGrantPolicy: 	at com.android.server.pm.permission.DefaultPermissionGrantPolicy$1.handleMessage(DefaultPermissionGrantPolicy.java:229)
06-07 19:50:38.332  1339  1382 E DefaultPermGrantPolicy: 	at android.os.Handler.dispatchMessage(Handler.java:107)
06-07 19:50:38.332  1339  1382 E DefaultPermGrantPolicy: 	at android.os.Looper.loop(Looper.java:214)
06-07 19:50:38.332  1339  1382 E DefaultPermGrantPolicy: 	at android.os.HandlerThread.run(HandlerThread.java:67)
06-07 19:50:38.332  1339  1382 E DefaultPermGrantPolicy: 	at com.android.server.ServiceThread.run(ServiceThread.java:44)
06-07 19:50:38.332  1339  1382 E DefaultPermGrantPolicy: PackageNot found: com.google.android.apps.restore
06-07 19:50:38.332  1339  1382 E DefaultPermGrantPolicy: android.content.pm.PackageManager$NameNotFoundException: com.google.android.apps.restore
06-07 19:50:38.332  1339  1382 E DefaultPermGrantPolicy: 	at android.app.ApplicationPackageManager.getPackageInfoAsUser(ApplicationPackageManager.java:190)
06-07 19:50:38.332  1339  1382 E DefaultPermGrantPolicy: 	at android.app.ApplicationPackageManager.getPackageInfo(ApplicationPackageManager.java:159)
06-07 19:50:38.332  1339  1382 E DefaultPermGrantPolicy: 	at com.android.server.pm.permission.DefaultPermissionGrantPolicy.getPackageInfo(DefaultPermissionGrantPolicy.java:1317)
06-07 19:50:38.332  1339  1382 E DefaultPermGrantPolicy: 	at com.android.server.pm.permission.DefaultPermissionGrantPolicy.getSystemPackageInfo(DefaultPermissionGrantPolicy.java:1304)
06-07 19:50:38.332  1339  1382 E DefaultPermGrantPolicy: 	at com.android.server.pm.permission.DefaultPermissionGrantPolicy.parseExceptions(DefaultPermissionGrantPolicy.java:1488)
06-07 19:50:38.332  1339  1382 E DefaultPermGrantPolicy: 	at com.android.server.pm.permission.DefaultPermissionGrantPolicy.parse(DefaultPermissionGrantPolicy.java:1465)
