           <...>-6137  [004] ...1  1608.830764: do_swap_page: id 5, table 1 || 988: 5960 7ee4031000
           <...>-6137  [004] ...1  1608.830774: do_swap_page: id 5, table 1 || 989: 5960 7eb8807000
           <...>-6137  [004] ...1  1608.830780: do_swap_page: id 5, table 1 || 990: 5960 7eb8808000
           <...>-6137  [004] ...1  1608.830797: do_swap_page: id 5, table 1 || 991: 5960 7d6e1c4000
  com.rovio.baba-5960  [005] ....  1608.830802: read_swap_cache_async: remote readpage 5960 "com.rovio.baba" 7eb83d3000 60687f
  com.rovio.baba-5960  [005] ....  1608.830805: do_swap_page: prefetch fault 5960 "com.rovio.baba" 7eb83d3000 60687f
           <...>-6137  [004] ...1  1608.830810: do_swap_page: id 5, table 1 || 992: 5960 7eb83cc000
           <...>-6137  [004] ...1  1608.830830: do_swap_page: id 5, table 1 || 993: 5960 7d5757b000
           <...>-6137  [004] ...1  1608.830839: do_swap_page: id 5, table 1 || 994: 5960 7d6b427000
           <...>-6137  [004] ...1  1608.830850: do_swap_page: id 5, table 1 || 995: 5960 7d6b428000
           <...>-6137  [004] ...1  1608.830862: do_swap_page: id 5, table 1 || 996: 5960 7d57841000
           <...>-6137  [004] ...1  1608.830878: do_swap_page: id 5, table 1 || 997: 5960 7d6bccf000
           <...>-6137  [004] ...1  1608.830894: do_swap_page: id 5, table 1 || 998: 5960 7f28ac1000
           <...>-6137  [004] ...1  1608.830905: do_swap_page: id 5, table 1 || 999: 5960 7eb6a57000
           <...>-6137  [004] ...1  1608.830919: do_swap_page: id 5, table 1 || 1000: 5960 7f28a79000
           <...>-6137  [004] ...1  1608.830939: do_swap_page: id 5, table 1 || 1001: 5960 7d578e3000
           <...>-6137  [004] ...1  1608.830961: do_swap_page: id 5, table 1 || 1002: 5960 7d578ee000
           <...>-6137  [004] ...1  1608.831074: do_swap_page: id 5, table 1 || 1003: 5960 7d6b4da000
           <...>-6137  [004] ...1  1608.831096: do_swap_page: id 5, table 1 || 1004: 5960 7eb8809000
           <...>-6137  [004] ...1  1608.831113: do_swap_page: id 5, table 1 || 1005: 5960 7ec8482000
           <...>-6137  [004] ....  1608.831209: read_swap_cache_async: remote readpage 5960 "Chrome_IOThread" 7f2d242000 6068a1
           <...>-6137  [004] ....  1608.831211: do_swap_page: prefetch fault 5960 "Chrome_IOThread" 7f2d242000 6068a1
  com.rovio.baba-5960  [005] ...1  1608.833440: do_swap_page: id 5, table 1 || 1006: 5960 7eb83d3000
           <...>-6008  [006] ...1  1608.833477: do_swap_page: id 5, table 1 || 1007: 5960 7f28b23000
           <...>-6137  [004] ...1  1608.833684: do_swap_page: id 5, table 1 || 1008: 5960 7f2d242000
  com.rovio.baba-5960  [005] ...1  1608.833814: do_swap_page: id 5, table 1 || 1009: 5960 7eb88fb000
  com.rovio.baba-5960  [005] ...1  1608.833838: do_swap_page: id 5, table 1 || 1010: 5960 7eb838c000
  com.rovio.baba-5960  [005] ....  1608.833853: read_swap_cache_async: remote readpage 5960 "com.rovio.baba" 7eb838b000 6068ae
  com.rovio.baba-5960  [005] ....  1608.833855: do_swap_page: prefetch fault 5960 "com.rovio.baba" 7eb838b000 6068ae
           <...>-6008  [006] ....  1608.833910: read_swap_cache_async: remote readpage 5960 "pool-3-thread-1" 7f2da92000 606848
           <...>-6008  [006] ....  1608.833913: do_swap_page: prefetch fault 5960 "pool-3-thread-1" 7f2da92000 606848
           <...>-6008  [006] ...1  1608.835935: do_swap_page: id 5, table 1 || 1011: 5960 7f2da92000
           <...>-6008  [006] ...1  1608.835966: do_swap_page: id 5, table 1 || 1012: 5960 13607000
  com.rovio.baba-5960  [005] ...1  1608.836042: do_swap_page: id 5, table 1 || 1013: 5960 7eb838b000
           <...>-6008  [006] ...1  1608.836055: do_swap_page: id 5, table 1 || 1014: 5960 7f28de8000
  com.rovio.baba-5960  [005] ...1  1608.836078: do_swap_page: id 5, table 1 || 1015: 5960 7eb838d000
  com.rovio.baba-5960  [005] ...1  1608.836097: do_swap_page: id 5, table 1 || 1016: 5960 7eb6b12000
  com.rovio.baba-5960  [005] ...1  1608.836109: do_swap_page: id 5, table 1 || 1017: 5960 7eb6b7d000
  com.rovio.baba-5960  [005] ...1  1608.836133: do_swap_page: id 5, table 1 || 1018: 5960 137ee000
  com.rovio.baba-5960  [005] ...1  1608.836151: do_swap_page: id 5, table 1 || 1019: 5960 7eb81df000
           <...>-6008  [006] ....  1608.836152: read_swap_cache_async: remote readpage 5960 "pool-3-thread-1" 7d474f5000 60684c
           <...>-6008  [006] ....  1608.836155: do_swap_page: prefetch fault 5960 "pool-3-thread-1" 7d474f5000 60684c
  com.rovio.baba-5960  [005] ...1  1608.836168: do_swap_page: id 5, table 1 || 1020: 5960 7eb6b71000
  com.rovio.baba-5960  [005] ...1  1608.836180: do_swap_page: id 5, table 1 || 1021: 5960 7f28b8a000
           <...>-6004  [004] ....  1608.836197: read_swap_cache_async: remote readpage 5960 "pool-5-thread-1" 7ec6656000 606849
           <...>-6004  [004] ....  1608.836200: do_swap_page: prefetch fault 5960 "pool-5-thread-1" 7ec6656000 606849
  com.rovio.baba-5960  [005] ...1  1608.836311: do_swap_page: id 5, table 1 || 1022: 5960 7f28e66000
  com.rovio.baba-5960  [005] ...1  1608.836327: do_swap_page: id 5, table 1 || 1023: 5960 7f28e67000
  com.rovio.baba-5960  [005] ...1  1608.836362: do_swap_page: id 5, table 1 || 1024: 5960 7eb82e6000
  com.rovio.baba-5960  [005] ...1  1608.836401: do_swap_page: id 5, table 1 || 1025: 5960 7f28ac0000
  com.rovio.baba-5960  [005] ...1  1608.836421: do_swap_page: id 5, table 1 || 1026: 5960 7eb8858000
  com.rovio.baba-5960  [005] ...1  1608.836430: do_swap_page: id 5, table 1 || 1027: 5960 7eb821a000
  com.rovio.baba-5960  [005] ...1  1608.836690: do_swap_page: id 5, table 1 || 1028: 5960 7eb838f000
  com.rovio.baba-5960  [005] ...1  1608.836705: do_swap_page: id 5, table 1 || 1029: 5960 7eb8227000
  com.rovio.baba-5960  [005] ...1  1608.836715: do_swap_page: id 5, table 1 || 1030: 5960 7eb8388000
  com.rovio.baba-5960  [005] ...1  1608.836733: do_swap_page: id 5, table 1 || 1031: 5960 7eb6c2a000
  com.rovio.baba-5960  [005] ...1  1608.836742: do_swap_page: id 5, table 1 || 1032: 5960 7eb6c29000
  com.rovio.baba-5960  [005] ...1  1608.836754: do_swap_page: id 5, table 1 || 1033: 5960 7eb86d2000
  com.rovio.baba-5960  [005] ...1  1608.836776: do_swap_page: id 5, table 1 || 1034: 5960 13a06000
  com.rovio.baba-5960  [005] ...1  1608.836791: do_swap_page: id 5, table 1 || 1035: 5960 7eb8191000
  com.rovio.baba-5960  [005] ...1  1608.836805: do_swap_page: id 5, table 1 || 1036: 5960 7eb8740000
  com.rovio.baba-5960  [005] ...1  1608.836816: do_swap_page: id 5, table 1 || 1037: 5960 7eb6afb000
  com.rovio.baba-5960  [005] ...1  1608.836908: do_swap_page: id 5, table 1 || 1038: 5960 7eb8219000
  com.rovio.baba-5960  [005] ...1  1608.836959: do_swap_page: id 5, table 1 || 1039: 5960 7f28f43000
  com.rovio.baba-5960  [005] ...1  1608.836975: do_swap_page: id 5, table 1 || 1040: 5960 7eb6bb9000
  com.rovio.baba-5960  [005] ....  1608.837099: read_swap_cache_async: remote readpage 5960 "com.rovio.baba" 7eb6afe000 60689d
  com.rovio.baba-5960  [005] ....  1608.837101: do_swap_page: prefetch fault 5960 "com.rovio.baba" 7eb6afe000 60689d
           <...>-6004  [004] ...1  1608.838299: do_swap_page: id 5, table 1 || 1041: 5960 7ec6656000
           <...>-6004  [004] ...1  1608.838328: do_swap_page: id 5, table 1 || 1042: 5960 7f28de9000
           <...>-6004  [004] ....  1608.838358: read_swap_cache_async: remote readpage 5960 "pool-5-thread-1" 7ec6657000 60684a
           <...>-6004  [004] ....  1608.838360: do_swap_page: prefetch fault 5960 "pool-5-thread-1" 7ec6657000 60684a
           <...>-6008  [006] ...1  1608.838430: do_swap_page: id 5, table 1 || 1043: 5960 7d474f5000
           <...>-6008  [006] ...1  1608.838458: do_swap_page: id 5, table 1 || 1044: 5960 13683000
           <...>-6008  [006] ....  1608.838818: read_swap_cache_async: remote readpage 5960 "pool-3-thread-1" 7d474ec000 60686f
           <...>-6008  [006] ....  1608.838821: do_swap_page: prefetch fault 5960 "pool-3-thread-1" 7d474ec000 60686f
  com.rovio.baba-5960  [005] ...1  1608.839438: do_swap_page: id 5, table 1 || 1045: 5960 7eb6afe000
  com.rovio.baba-5960  [005] ....  1608.839505: read_swap_cache_async: remote readpage 5960 "com.rovio.baba" 7eb6afd000 60689a
  com.rovio.baba-5960  [005] ....  1608.839506: do_swap_page: prefetch fault 5960 "com.rovio.baba" 7eb6afd000 60689a
           <...>-6004  [004] ...1  1608.841768: do_swap_page: id 5, table 1 || 1046: 5960 7ec6657000
           <...>-6008  [006] ...1  1608.841789: do_swap_page: id 5, table 1 || 1047: 5960 7d474ec000
  com.rovio.baba-5960  [005] ...1  1608.841812: do_swap_page: id 5, table 1 || 1048: 5960 7eb6afd000
           <...>-6008  [006] ...1  1608.841818: do_swap_page: id 5, table 1 || 1049: 5960 13667000
  com.rovio.baba-5960  [005] ...1  1608.841835: do_swap_page: id 5, table 1 || 1050: 5960 7eb6bb8000
           <...>-6004  [004] ....  1608.841844: read_swap_cache_async: remote readpage 5960 "pool-5-thread-1" 7ec6654000 60684b
           <...>-6004  [004] ....  1608.841846: do_swap_page: prefetch fault 5960 "pool-5-thread-1" 7ec6654000 60684b
           <...>-6008  [006] ....  1608.841937: read_swap_cache_async: remote readpage 5960 "pool-3-thread-1" 7f28e31000 606870
           <...>-6008  [006] ....  1608.841940: do_swap_page: prefetch fault 5960 "pool-3-thread-1" 7f28e31000 606870
  com.rovio.baba-5960  [005] ...1  1608.842076: do_swap_page: id 5, table 1 || 1051: 5960 7eb6b2c000
  com.rovio.baba-5960  [005] ...1  1608.842094: do_swap_page: id 5, table 1 || 1052: 5960 7eb8275000
  com.rovio.baba-5960  [005] ...1  1608.842109: do_swap_page: id 5, table 1 || 1053: 5960 7eb874f000
  com.rovio.baba-5960  [005] ...1  1608.842139: do_swap_page: id 5, table 1 || 1054: 5960 7eb8276000
  com.rovio.baba-5960  [005] ...1  1608.842152: do_swap_page: id 5, table 1 || 1055: 5960 7eb82b2000
  com.rovio.baba-5960  [005] ...1  1608.842162: do_swap_page: id 5, table 1 || 1056: 5960 7eb82b1000
  com.rovio.baba-5960  [005] ...1  1608.842185: do_swap_page: id 5, table 1 || 1057: 5960 13a3e000
  com.rovio.baba-5960  [005] ....  1608.842255: read_swap_cache_async: remote readpage 5960 "com.rovio.baba" 7eb86f7000 60689e
  com.rovio.baba-5960  [005] ....  1608.842257: do_swap_page: prefetch fault 5960 "com.rovio.baba" 7eb86f7000 60689e
           <...>-6004  [004] ...1  1608.844191: do_swap_page: id 5, table 1 || 1058: 5960 7ec6654000
           <...>-6004  [004] ....  1608.844247: read_swap_cache_async: remote readpage 5960 "pool-5-thread-1" 7ec6655000 60684d
           <...>-6004  [004] ....  1608.844248: do_swap_page: prefetch fault 5960 "pool-5-thread-1" 7ec6655000 60684d
  com.rovio.baba-5960  [005] ...1  1608.844640: do_swap_page: id 5, table 1 || 1059: 5960 7eb86f7000
           <...>-6008  [006] ...1  1608.844663: do_swap_page: id 5, table 1 || 1060: 5960 7f28e31000
  com.rovio.baba-5960  [005] ...1  1608.844668: do_swap_page: id 5, table 1 || 1061: 5960 7eb88bb000
  com.rovio.baba-5960  [005] ...1  1608.844682: do_swap_page: id 5, table 1 || 1062: 5960 7eb832a000
  com.rovio.baba-5960  [005] ...1  1608.844799: do_swap_page: id 5, table 1 || 1063: 5960 7f28e68000
  com.rovio.baba-5960  [005] ...1  1608.844839: do_swap_page: id 5, table 1 || 1064: 5960 7d57e14000
  com.rovio.baba-5960  [005] ...1  1608.844859: do_swap_page: id 5, table 1 || 1065: 5960 7eb8329000
  com.rovio.baba-5960  [005] ...1  1608.844910: do_swap_page: id 5, table 1 || 1066: 5960 7eb821b000
           <...>-6008  [006] ...1  1608.845016: do_swap_page: id 5, table 1 || 1067: 5960 1367b000
  com.rovio.baba-5960  [005] ...1  1608.845063: do_swap_page: id 5, table 1 || 1068: 5960 7eb88fa000
           <...>-6008  [006] ...1  1608.845063: do_swap_page: id 5, table 1 || 1069: 5960 13af5000
  com.rovio.baba-5960  [005] ...1  1608.845079: do_swap_page: id 5, table 1 || 1070: 5960 7f28dbb000
           <...>-6008  [006] ...1  1608.845089: do_swap_page: id 5, table 1 || 1071: 5960 13a7f000
  com.rovio.baba-5960  [005] ...1  1608.845099: do_swap_page: id 5, table 1 || 1072: 5960 7f28f05000
  com.rovio.baba-5960  [005] ...1  1608.845108: do_swap_page: id 5, table 1 || 1073: 5960 7eb82b0000
  com.rovio.baba-5960  [005] ...1  1608.845121: do_swap_page: id 5, table 1 || 1074: 5960 13a3c000
  com.rovio.baba-5960  [005] ...1  1608.845136: do_swap_page: id 5, table 1 || 1075: 5960 7eb83b2000
  com.rovio.baba-5960  [005] ...1  1608.845152: do_swap_page: id 5, table 1 || 1076: 5960 7eb873c000
  com.rovio.baba-5960  [005] ...1  1608.845247: do_swap_page: id 5, table 1 || 1077: 5960 7f28f2e000
  com.rovio.baba-5960  [005] ...1  1608.845257: do_swap_page: id 5, table 1 || 1078: 5960 7f28f2f000
  com.rovio.baba-5960  [005] ...1  1608.845324: do_swap_page: id 5, table 1 || 1079: 5960 136f8000
           <...>-6008  [006] ...1  1608.845328: do_swap_page: id 5, table 1 || 1080: 5960 13591000
  com.rovio.baba-5960  [005] ...1  1608.845346: do_swap_page: id 5, table 1 || 1081: 5960 7f29f2b000
  com.rovio.baba-5960  [005] ...1  1608.845356: do_swap_page: id 5, table 1 || 1082: 5960 136f7000
  com.rovio.baba-5960  [005] ...1  1608.845374: do_swap_page: id 5, table 1 || 1083: 5960 7f29f1a000
  com.rovio.baba-5960  [005] ...1  1608.845386: do_swap_page: id 5, table 1 || 1084: 5960 7f29f21000
  com.rovio.baba-5960  [005] ...1  1608.845396: do_swap_page: id 5, table 1 || 1085: 5960 7f29f1c000
  com.rovio.baba-5960  [005] ...1  1608.845411: do_swap_page: id 5, table 1 || 1086: 5960 1382e000
  com.rovio.baba-5960  [005] ...1  1608.845430: do_swap_page: id 5, table 1 || 1087: 5960 7f29f26000
  com.rovio.baba-5960  [005] ...1  1608.845439: do_swap_page: id 5, table 1 || 1088: 5960 7f29f1b000
  com.rovio.baba-5960  [005] ...1  1608.845451: do_swap_page: id 5, table 1 || 1089: 5960 136fa000
  com.rovio.baba-5960  [005] ...1  1608.845460: do_swap_page: id 5, table 1 || 1090: 5960 136fb000
  com.rovio.baba-5960  [005] ...1  1608.845573: do_swap_page: id 5, table 1 || 1091: 5960 13741000
           <...>-6008  [006] ...1  1608.845749: do_swap_page: id 5, table 1 || 1092: 5960 7f28b2f000
  com.rovio.baba-5960  [005] ....  1608.845848: read_swap_cache_async: remote readpage 5960 "com.rovio.baba" 7f28ba4000 60686e
  com.rovio.baba-5960  [005] ....  1608.845850: do_swap_page: prefetch fault 5960 "com.rovio.baba" 7f28ba4000 60686e
           <...>-6008  [006] ....  1608.846667: read_swap_cache_async: remote readpage 5960 "pool-3-thread-1" 72698000 606873
           <...>-6008  [006] ....  1608.846671: do_swap_page: prefetch fault 5960 "pool-3-thread-1" 72698000 606873
           <...>-6004  [004] ...1  1608.846711: do_swap_page: id 5, table 1 || 1093: 5960 7ec6655000
           <...>-6004  [004] ....  1608.846727: read_swap_cache_async: remote readpage 5960 "pool-5-thread-1" 7ec6653000 60684e
           <...>-6004  [004] ....  1608.846728: do_swap_page: prefetch fault 5960 "pool-5-thread-1" 7ec6653000 60684e
  com.rovio.baba-5960  [005] ...1  1608.847905: do_swap_page: id 5, table 1 || 1094: 5960 7f28ba4000
  com.rovio.baba-5960  [005] ....  1608.847963: read_swap_cache_async: remote readpage 5960 "com.rovio.baba" 7f28ba3000 606874
  com.rovio.baba-5960  [005] ....  1608.847964: do_swap_page: prefetch fault 5960 "com.rovio.baba" 7f28ba3000 606874
           <...>-6008  [004] ...1  1608.848761: do_swap_page: id 5, table 1 || 1095: 5960 72698000
           <...>-6008  [004] ....  1608.848869: read_swap_cache_async: remote readpage 5960 "pool-3-thread-1" 7fbbef8000 60687b
           <...>-6004  [005] ...1  1608.848870: do_swap_page: id 5, table 1 || 1096: 5960 7ec6653000
           <...>-6008  [004] ....  1608.848871: do_swap_page: prefetch fault 5960 "pool-3-thread-1" 7fbbef8000 60687b
           <...>-6004  [005] ....  1608.848930: read_swap_cache_async: remote readpage 5960 "pool-5-thread-1" 7f28dea000 60684f
           <...>-6004  [005] ....  1608.848932: do_swap_page: prefetch fault 5960 "pool-5-thread-1" 7f28dea000 60684f
  com.rovio.baba-5960  [005] ...1  1608.850516: do_swap_page: id 5, table 1 || 1097: 5960 7f28ba3000
           <...>-6008  [004] ...1  1608.850698: do_swap_page: id 5, table 1 || 1098: 5960 7fbbef8000
           <...>-6008  [004] ....  1608.850778: read_swap_cache_async: remote readpage 5960 "pool-3-thread-1" 7f235f7000 60687e
           <...>-6008  [004] ....  1608.850779: do_swap_page: prefetch fault 5960 "pool-3-thread-1" 7f235f7000 60687e
           <...>-6004  [004] ...1  1608.851708: do_swap_page: id 5, table 1 || 1099: 5960 7f28dea000
           <...>-6004  [004] ....  1608.851847: read_swap_cache_async: remote readpage 5960 "pool-5-thread-1" 7d474f9000 606858
           <...>-6004  [004] ....  1608.851849: do_swap_page: prefetch fault 5960 "pool-5-thread-1" 7d474f9000 606858
           <...>-6008  [004] ...1  1608.852814: do_swap_page: id 5, table 1 || 1100: 5960 7f235f7000
  com.rovio.baba-5960  [005] ...1  1608.853249: do_swap_page: id 5, table 1 || 1101: 5960 72818000
  com.rovio.baba-5960  [005] ...1  1608.853275: do_swap_page: id 5, table 1 || 1102: 5960 72822000
  com.rovio.baba-5960  [005] ...1  1608.853391: do_swap_page: id 5, table 1 || 1103: 5960 7f289ff000
  com.rovio.baba-5960  [005] ....  1608.853711: read_swap_cache_async: remote readpage 5960 "com.rovio.baba" 7f28afb000 606886
  com.rovio.baba-5960  [005] ....  1608.853713: do_swap_page: prefetch fault 5960 "com.rovio.baba" 7f28afb000 606886
           <...>-6004  [004] ...1  1608.853823: do_swap_page: id 5, table 1 || 1104: 5960 7d474f9000
           <...>-6004  [004] ...1  1608.853865: do_swap_page: id 5, table 1 || 1105: 5960 1368e000
           <...>-6008  [005] ...1  1608.853928: do_swap_page: id 5, table 1 || 1106: 5960 135a9000
           <...>-6004  [004] ....  1608.853999: read_swap_cache_async: remote readpage 5960 "pool-5-thread-1" 7d474f0000 606869
           <...>-6004  [004] ....  1608.854001: do_swap_page: prefetch fault 5960 "pool-5-thread-1" 7d474f0000 606869
           <...>-6008  [004] ....  1608.854016: read_swap_cache_async: remote readpage 5960 "pool-3-thread-1" 72472000 606885
           <...>-6008  [004] ....  1608.854017: do_swap_page: prefetch fault 5960 "pool-3-thread-1" 72472000 606885
  com.rovio.baba-5960  [005] ...1  1608.855943: do_swap_page: id 5, table 1 || 1107: 5960 7f28afb000
  com.rovio.baba-5960  [005] ....  1608.856008: read_swap_cache_async: remote readpage 5960 "com.rovio.baba" 7fba9ee000 606889
  com.rovio.baba-5960  [005] ....  1608.856010: do_swap_page: prefetch fault 5960 "com.rovio.baba" 7fba9ee000 606889
           <...>-6008  [004] ...1  1608.856188: do_swap_page: id 5, table 1 || 1108: 5960 72472000
           <...>-6008  [004] ...1  1608.856250: do_swap_page: id 5, table 1 || 1109: 5960 137e3000
           <...>-6008  [004] ...1  1608.856345: do_swap_page: id 5, table 1 || 1110: 5960 137a7000
           <...>-6004  [005] ...1  1608.856347: do_swap_page: id 5, table 1 || 1111: 5960 7d474f0000
           <...>-6004  [005] ...1  1608.856398: do_swap_page: id 5, table 1 || 1112: 5960 13672000
           <...>-6004  [005] ....  1608.856516: read_swap_cache_async: remote readpage 5960 "pool-5-thread-1" 7f31236000 606872
           <...>-6004  [005] ....  1608.856518: do_swap_page: prefetch fault 5960 "pool-5-thread-1" 7f31236000 606872
  com.rovio.baba-5960  [005] ...1  1608.858601: do_swap_page: id 5, table 1 || 1113: 5960 7fba9ee000
  com.rovio.baba-5960  [005] ....  1608.858685: read_swap_cache_async: remote readpage 5960 "com.rovio.baba" 72696000 60688b
  com.rovio.baba-5960  [005] ....  1608.858687: do_swap_page: prefetch fault 5960 "com.rovio.baba" 72696000 60688b
           <...>-6004  [005] ...1  1608.858780: do_swap_page: id 5, table 1 || 1114: 5960 7f31236000
           <...>-6004  [005] ....  1608.858848: read_swap_cache_async: remote readpage 5960 "pool-5-thread-1" 7f28db7000 606878
           <...>-6004  [005] ....  1608.858849: do_swap_page: prefetch fault 5960 "pool-5-thread-1" 7f28db7000 606878
  com.rovio.baba-5960  [005] ...1  1608.860848: do_swap_page: id 5, table 1 || 1115: 5960 72696000
  com.rovio.baba-5960  [005] ....  1608.860933: read_swap_cache_async: remote readpage 5960 "com.rovio.baba" 7fbbee7000 60688e
  com.rovio.baba-5960  [005] ....  1608.860935: do_swap_page: prefetch fault 5960 "com.rovio.baba" 7fbbee7000 60688e
           <...>-6004  [004] ...1  1608.861141: do_swap_page: id 5, table 1 || 1116: 5960 7f28db7000
           <...>-6004  [004] ....  1608.861236: read_swap_cache_async: remote readpage 5960 "pool-5-thread-1" 7f28db8000 60687d
           <...>-6004  [004] ....  1608.861238: do_swap_page: prefetch fault 5960 "pool-5-thread-1" 7f28db8000 60687d
  com.rovio.baba-5960  [005] ...1  1608.863184: do_swap_page: id 5, table 1 || 1117: 5960 7fbbee7000
           <...>-6004  [004] ...1  1608.863344: do_swap_page: id 5, table 1 || 1118: 5960 7f28db8000
  com.rovio.baba-5960  [005] ...1  1608.863364: do_swap_page: id 5, table 1 || 1119: 5960 726af000
  com.rovio.baba-5960  [005] ....  1608.863397: read_swap_cache_async: remote readpage 5960 "com.rovio.baba" 7eb8190000 606892
  com.rovio.baba-5960  [005] ....  1608.863398: do_swap_page: prefetch fault 5960 "com.rovio.baba" 7eb8190000 606892
           <...>-6004  [004] ....  1608.863450: read_swap_cache_async: remote readpage 5960 "pool-5-thread-1" 7eb6cb0000 60688a
           <...>-6004  [004] ....  1608.863452: do_swap_page: prefetch fault 5960 "pool-5-thread-1" 7eb6cb0000 60688a
           <...>-6004  [004] ...1  1608.865543: do_swap_page: id 5, table 1 || 1120: 5960 7eb6cb0000
           <...>-6004  [004] ...1  1608.865575: do_swap_page: id 5, table 1 || 1121: 5960 13a9e000
           <...>-6004  [004] ...1  1608.865639: do_swap_page: id 5, table 1 || 1122: 5960 1366c000
  com.rovio.baba-5960  [005] ...1  1608.865672: do_swap_page: id 5, table 1 || 1123: 5960 7eb8190000
  com.rovio.baba-5960  [005] ...1  1608.865696: do_swap_page: id 5, table 1 || 1124: 5960 7eb80c9000
  com.rovio.baba-5960  [005] ...1  1608.865716: do_swap_page: id 5, table 1 || 1125: 5960 7f28f76000
           <...>-6004  [004] ....  1608.865733: read_swap_cache_async: remote readpage 5960 "pool-5-thread-1" 7eb6cab000 60688c
           <...>-6004  [004] ....  1608.865735: do_swap_page: prefetch fault 5960 "pool-5-thread-1" 7eb6cab000 60688c
  com.rovio.baba-5960  [005] ...1  1608.865741: do_swap_page: id 5, table 1 || 1126: 5960 7eb7fb5000
  com.rovio.baba-5960  [005] ...1  1608.866334: do_swap_page: id 5, table 1 || 1127: 5960 7eb7fb6000
  com.rovio.baba-5960  [005] ....  1608.866510: read_swap_cache_async: remote readpage 5960 "com.rovio.baba" 7eb81da000 60689f
  com.rovio.baba-5960  [005] ....  1608.866512: do_swap_page: prefetch fault 5960 "com.rovio.baba" 7eb81da000 60689f
           <...>-5988  [004] ....  1608.866805: read_swap_cache_async: remote readpage 5960 "queued-work-loo" 7ece132000 6068c3
           <...>-5988  [004] ....  1608.866807: do_swap_page: prefetch fault 5960 "queued-work-loo" 7ece132000 6068c3
           <...>-6004  [004] ...1  1608.868924: do_swap_page: id 5, table 1 || 1128: 5960 7eb6cab000
           <...>-6004  [004] ...1  1608.868993: do_swap_page: id 5, table 1 || 1129: 5960 135b7000
           <...>-6004  [004] ....  1608.869023: read_swap_cache_async: remote readpage 5960 "pool-5-thread-1" 7ec6652000 60688f
           <...>-6004  [004] ....  1608.869024: do_swap_page: prefetch fault 5960 "pool-5-thread-1" 7ec6652000 60688f
           <...>-5988  [004] ...1  1608.869258: do_swap_page: id 5, table 1 || 1130: 5960 7ece132000
  com.rovio.baba-5960  [005] ...1  1608.869298: do_swap_page: id 5, table 1 || 1131: 5960 7eb81da000
           <...>-5988  [004] ....  1608.869324: read_swap_cache_async: remote readpage 5960 "queued-work-loo" 7f31502000 6068c4
           <...>-5988  [004] ....  1608.869326: do_swap_page: prefetch fault 5960 "queued-work-loo" 7f31502000 6068c4
  com.rovio.baba-5960  [005] ...1  1608.869348: do_swap_page: id 5, table 1 || 1132: 5960 7eb82dd000
  com.rovio.baba-5960  [005] ...1  1608.870357: do_swap_page: id 5, table 1 || 1133: 5960 7f28d85000
  com.rovio.baba-5960  [005] ....  1608.870501: read_swap_cache_async: remote readpage 5960 "com.rovio.baba" 7eb81de000 6068a2
  com.rovio.baba-5960  [005] ....  1608.870504: do_swap_page: prefetch fault 5960 "com.rovio.baba" 7eb81de000 6068a2
           <...>-6004  [004] ...1  1608.871173: do_swap_page: id 5, table 1 || 1134: 5960 7ec6652000
           <...>-6004  [004] ...1  1608.871247: do_swap_page: id 5, table 1 || 1135: 5960 13a5d000
           <...>-5988  [005] ...1  1608.871289: do_swap_page: id 5, table 1 || 1136: 5960 7f31502000
           <...>-6004  [004] ...1  1608.871335: do_swap_page: id 5, table 1 || 1137: 5960 7d9bd73000
           <...>-5988  [005] ....  1608.871425: read_swap_cache_async: remote readpage 5960 "queued-work-loo" 7f28d59000 6068c5
           <...>-5988  [005] ....  1608.871427: do_swap_page: prefetch fault 5960 "queued-work-loo" 7f28d59000 6068c5
           <...>-6004  [004] ....  1608.871467: read_swap_cache_async: remote readpage 5960 "pool-5-thread-1" 7f2d70d000 606890
           <...>-6004  [004] ....  1608.871470: do_swap_page: prefetch fault 5960 "pool-5-thread-1" 7f2d70d000 606890
  com.rovio.baba-5960  [005] ...1  1608.873644: do_swap_page: id 5, table 1 || 1138: 5960 7eb81de000
  com.rovio.baba-5960  [005] ....  1608.873814: read_swap_cache_async: remote readpage 5960 "com.rovio.baba" 7eb8232000 6068a3
  com.rovio.baba-5960  [005] ....  1608.873817: do_swap_page: prefetch fault 5960 "com.rovio.baba" 7eb8232000 6068a3
           <...>-5988  [005] ...1  1608.876055: do_swap_page: id 5, table 1 || 1139: 5960 7f28d59000
           <...>-6004  [004] ...1  1608.876117: do_swap_page: id 5, table 1 || 1140: 5960 7f2d70d000
           <...>-6004  [004] ....  1608.876161: read_swap_cache_async: remote readpage 5960 "pool-5-thread-1" 7d912ef000 606891
           <...>-6004  [004] ....  1608.876163: do_swap_page: prefetch fault 5960 "pool-5-thread-1" 7d912ef000 606891
           <...>-5988  [004] ....  1608.876187: read_swap_cache_async: remote readpage 5960 "queued-work-loo" 7f28d5a000 6068c6
           <...>-5988  [004] ....  1608.876188: do_swap_page: prefetch fault 5960 "queued-work-loo" 7f28d5a000 6068c6
  com.rovio.baba-5960  [005] ...1  1608.876562: do_swap_page: id 5, table 1 || 1141: 5960 7eb8232000
  com.rovio.baba-5960  [005] ...1  1608.876634: do_swap_page: id 5, table 1 || 1142: 5960 7f28ed3000
  com.rovio.baba-5960  [005] ...1  1608.876734: do_swap_page: id 5, table 1 || 1143: 5960 7eb7fd1000
  com.rovio.baba-5960  [005] ...1  1608.876777: do_swap_page: id 5, table 1 || 1144: 5960 7f28e84000
  com.rovio.baba-5960  [005] ...1  1608.876799: do_swap_page: id 5, table 1 || 1145: 5960 7f28e85000
  com.rovio.baba-5960  [005] ...1  1608.876827: do_swap_page: id 5, table 1 || 1146: 5960 7f28e86000
  com.rovio.baba-5960  [005] ...1  1608.876839: do_swap_page: id 5, table 1 || 1147: 5960 7f28e87000
  com.rovio.baba-5960  [005] ....  1608.876946: read_swap_cache_async: remote readpage 5960 "com.rovio.baba" 7eb8835000 6068a5
  com.rovio.baba-5960  [005] ....  1608.876949: do_swap_page: prefetch fault 5960 "com.rovio.baba" 7eb8835000 6068a5
           <...>-5988  [004] ...1  1608.878413: do_swap_page: id 5, table 1 || 1148: 5960 7f28d5a000
           <...>-5988  [004] ....  1608.878655: read_swap_cache_async: remote readpage 5960 "queued-work-loo" 7f308f4000 6068c7
           <...>-5988  [004] ....  1608.878657: do_swap_page: prefetch fault 5960 "queued-work-loo" 7f308f4000 6068c7
           <...>-6004  [004] ...1  1608.878841: do_swap_page: id 5, table 1 || 1149: 5960 7d912ef000
           <...>-6004  [004] ...1  1608.878879: do_swap_page: id 5, table 1 || 1150: 5960 7eb7ade000
  com.rovio.baba-5960  [004] ...1  1608.879037: do_swap_page: id 5, table 1 || 1151: 5960 7eb8835000
  com.rovio.baba-5960  [004] ....  1608.879157: read_swap_cache_async: remote readpage 5960 "com.rovio.baba" 7eb8836000 6068a6
  com.rovio.baba-5960  [004] ....  1608.879160: do_swap_page: prefetch fault 5960 "com.rovio.baba" 7eb8836000 6068a6
           <...>-6004  [005] ....  1608.879658: read_swap_cache_async: remote readpage 5960 "pool-5-thread-1" 7ec5c55000 606894
           <...>-6004  [005] ....  1608.879662: do_swap_page: prefetch fault 5960 "pool-5-thread-1" 7ec5c55000 606894
           <...>-5988  [004] ...1  1608.880819: do_swap_page: id 5, table 1 || 1152: 5960 7f308f4000
           <...>-5988  [004] ....  1608.881004: read_swap_cache_async: remote readpage 5960 "queued-work-loo" 7ece133000 6068ca
           <...>-5988  [004] ....  1608.881007: do_swap_page: prefetch fault 5960 "queued-work-loo" 7ece133000 6068ca
  com.rovio.baba-5960  [005] ...1  1608.881008: do_swap_page: id 5, table 1 || 1153: 5960 7eb8836000
  com.rovio.baba-5960  [005] ....  1608.881153: read_swap_cache_async: remote readpage 5960 "com.rovio.baba" 7eb8837000 6068a7
  com.rovio.baba-5960  [005] ....  1608.881155: do_swap_page: prefetch fault 5960 "com.rovio.baba" 7eb8837000 6068a7
           <...>-6004  [005] ...1  1608.882068: do_swap_page: id 5, table 1 || 1154: 5960 7ec5c55000
           <...>-6004  [005] ...1  1608.882576: do_swap_page: id 5, table 1 || 1155: 5960 13a93000
           <...>-6004  [005] ...1  1608.882617: do_swap_page: id 5, table 1 || 1156: 5960 13a94000
           <...>-6004  [005] ....  1608.882770: read_swap_cache_async: remote readpage 5960 "pool-5-thread-1" 7ec6651000 606897
           <...>-6004  [005] ....  1608.882773: do_swap_page: prefetch fault 5960 "pool-5-thread-1" 7ec6651000 606897
  com.rovio.baba-5960  [005] ...1  1608.883701: do_swap_page: id 5, table 1 || 1157: 5960 7eb8837000
  com.rovio.baba-5960  [005] ....  1608.883789: read_swap_cache_async: remote readpage 5960 "com.rovio.baba" 7eb8838000 6068a8
  com.rovio.baba-5960  [005] ....  1608.883791: do_swap_page: prefetch fault 5960 "com.rovio.baba" 7eb8838000 6068a8
           <...>-5988  [004] ...1  1608.883847: do_swap_page: id 5, table 1 || 1158: 5960 7ece133000
           <...>-5988  [004] ...1  1608.883900: do_swap_page: id 5, table 1 || 1159: 5960 7f28d5b000
           <...>-5988  [004] ...1  1608.883915: do_swap_page: id 5, table 1 || 1160: 5960 7f28e54000
           <...>-5988  [004] ...1  1608.884013: do_swap_page: id 5, table 1 || 1161: 5960 7f28a21000
           <...>-5988  [004] ...1  1608.884753: do_swap_page: id 5, table 1 || 1162: 5960 7f352e0000
           <...>-5988  [004] ...1  1608.884778: do_swap_page: id 5, table 1 || 1163: 5960 7ec81ad000
           <...>-5988  [004] ...1  1608.884793: do_swap_page: id 5, table 1 || 1164: 5960 7ec83e4000
           <...>-5988  [004] ...1  1608.884811: do_swap_page: id 5, table 1 || 1165: 5960 7f352e7000
           <...>-5988  [004] ...1  1608.884819: do_swap_page: id 5, table 1 || 1166: 5960 7ec8566000
           <...>-5988  [004] ...1  1608.884829: do_swap_page: id 5, table 1 || 1167: 5960 7f352e8000
           <...>-5988  [004] ...1  1608.884838: do_swap_page: id 5, table 1 || 1168: 5960 7ec858d000
           <...>-5988  [004] ...1  1608.884858: do_swap_page: id 5, table 1 || 1169: 5960 7d577f8000
           <...>-5988  [004] ...1  1608.884956: do_swap_page: id 5, table 1 || 1170: 5960 7eb6ae8000
           <...>-6004  [005] ...1  1608.885035: do_swap_page: id 5, table 1 || 1171: 5960 7ec6651000
           <...>-5988  [004] ...1  1608.885077: do_swap_page: id 5, table 1 || 1172: 5960 7f2d6b9000
           <...>-5988  [004] ...1  1608.885114: do_swap_page: id 5, table 1 || 1173: 5960 7f30860000
           <...>-6004  [005] ...1  1608.885123: do_swap_page: id 5, table 1 || 1174: 5960 13a4f000
           <...>-6004  [005] ...1  1608.885144: do_swap_page: id 5, table 1 || 1175: 5960 13614000
           <...>-5988  [004] ...1  1608.885196: do_swap_page: id 5, table 1 || 1176: 5960 7f2f0ba000
           <...>-6004  [005] ...1  1608.885220: do_swap_page: id 5, table 1 || 1177: 5960 7d9bfef000
           <...>-6004  [005] ...1  1608.885247: do_swap_page: id 5, table 1 || 1178: 5960 7eb7ae0000
           <...>-6004  [005] ...1  1608.885356: do_swap_page: id 5, table 1 || 1179: 5960 7d474f4000
           <...>-6004  [005] ...1  1608.885377: do_swap_page: id 5, table 1 || 1180: 5960 13626000
  com.rovio.baba-5960  [006] ...1  1608.886035: do_swap_page: id 5, table 1 || 1181: 5960 7eb8838000
  com.rovio.baba-5960  [006] ...1  1608.886090: do_swap_page: id 5, table 1 || 1182: 5960 7eb7f94000
  com.rovio.baba-5960  [006] ...1  1608.886102: do_swap_page: id 5, table 1 || 1183: 5960 7eb7f95000
  com.rovio.baba-5960  [006] ...1  1608.886122: do_swap_page: id 5, table 1 || 1184: 5960 7eb7f96000
  com.rovio.baba-5960  [006] ...1  1608.886132: do_swap_page: id 5, table 1 || 1185: 5960 7eb7f97000
           <...>-5988  [004] ...1  1608.886267: do_swap_page: id 5, table 1 || 1186: 5960 7f28e9b000
  com.rovio.baba-5960  [006] ....  1608.886319: read_swap_cache_async: remote readpage 5960 "com.rovio.baba" 7eb8839000 6068a9
  com.rovio.baba-5960  [006] ....  1608.886324: do_swap_page: prefetch fault 5960 "com.rovio.baba" 7eb8839000 6068a9
           <...>-6004  [005] ...1  1608.887205: do_swap_page: id 5, table 1 || 1187: 5960 135b6000
           <...>-6004  [005] ...1  1608.887264: do_swap_page: id 5, table 1 || 1188: 5960 13838000
           <...>-6004  [005] ....  1608.887475: read_swap_cache_async: remote readpage 5960 "pool-5-thread-1" 7f2d785000 60689b
           <...>-6004  [005] ....  1608.887478: do_swap_page: prefetch fault 5960 "pool-5-thread-1" 7f2d785000 60689b
  com.rovio.baba-5960  [006] ...1  1608.888800: do_swap_page: id 5, table 1 || 1189: 5960 7eb8839000
  com.rovio.baba-5960  [006] ....  1608.888966: read_swap_cache_async: remote readpage 5960 "com.rovio.baba" 7eb6a5a000 6068aa
  com.rovio.baba-5960  [006] ....  1608.888969: do_swap_page: prefetch fault 5960 "com.rovio.baba" 7eb6a5a000 6068aa
           <...>-6004  [005] ...1  1608.889799: do_swap_page: id 5, table 1 || 1190: 5960 7f2d785000
           <...>-6004  [005] ...1  1608.889960: do_swap_page: id 5, table 1 || 1191: 5960 7d57d12000
           <...>-6004  [005] ...1  1608.890011: do_swap_page: id 5, table 1 || 1192: 5960 7f2d809000
           <...>-6004  [005] ...1  1608.890032: do_swap_page: id 5, table 1 || 1193: 5960 7f2d895000
           <...>-6004  [005] ...1  1608.890045: do_swap_page: id 5, table 1 || 1194: 5960 7f2d8ab000
           <...>-6004  [005] ...1  1608.890054: do_swap_page: id 5, table 1 || 1195: 5960 7f2d8a8000
           <...>-6004  [005] ...1  1608.890064: do_swap_page: id 5, table 1 || 1196: 5960 7f2d84f000
           <...>-6004  [005] ...1  1608.890079: do_swap_page: id 5, table 1 || 1197: 5960 7f2d893000
           <...>-6004  [005] ...1  1608.890087: do_swap_page: id 5, table 1 || 1198: 5960 7f2d89c000
           <...>-6004  [005] ...1  1608.890114: do_swap_page: id 5, table 1 || 1199: 5960 7f2d89f000
           <...>-6004  [005] ...1  1608.890124: do_swap_page: id 5, table 1 || 1200: 5960 7f2d8a1000
           <...>-6004  [005] ...1  1608.890137: do_swap_page: id 5, table 1 || 1201: 5960 7f2d86a000
           <...>-6004  [005] ...1  1608.890146: do_swap_page: id 5, table 1 || 1202: 5960 7f2d868000
           <...>-6004  [005] ...1  1608.890164: do_swap_page: id 5, table 1 || 1203: 5960 7f2d6ec000
           <...>-6004  [005] ...1  1608.890210: do_swap_page: id 5, table 1 || 1204: 5960 7ec8593000
  com.rovio.baba-5960  [006] ...1  1608.891289: do_swap_page: id 5, table 1 || 1205: 5960 7eb6a5a000
  com.rovio.baba-5960  [006] ....  1608.891391: read_swap_cache_async: remote readpage 5960 "com.rovio.baba" 7eb6a5b000 6068ab
  com.rovio.baba-5960  [006] ....  1608.891394: do_swap_page: prefetch fault 5960 "com.rovio.baba" 7eb6a5b000 6068ab
  com.rovio.baba-5960  [006] ...1  1608.893569: do_swap_page: id 5, table 1 || 1206: 5960 7eb6a5b000
  com.rovio.baba-5960  [006] ....  1608.893710: read_swap_cache_async: remote readpage 5960 "com.rovio.baba" 7eb6a5c000 6068ac
  com.rovio.baba-5960  [006] ....  1608.893712: do_swap_page: prefetch fault 5960 "com.rovio.baba" 7eb6a5c000 6068ac
           <...>-6233  [006] ....  1608.895936: read_swap_cache_async: remote readpage 5960 "Binder:5960_4" 7eb83f5000 60688d
           <...>-6233  [006] ....  1608.895939: do_swap_page: prefetch fault 5960 "Binder:5960_4" 7eb83f5000 60688d
  com.rovio.baba-5960  [006] ...1  1608.896035: do_swap_page: id 5, table 1 || 1207: 5960 7eb6a5c000
  com.rovio.baba-5960  [006] ....  1608.896105: read_swap_cache_async: remote readpage 5960 "com.rovio.baba" 7eb6a5d000 6068ad
  com.rovio.baba-5960  [006] ....  1608.896106: do_swap_page: prefetch fault 5960 "com.rovio.baba" 7eb6a5d000 6068ad
           <...>-6233  [006] ...1  1608.898435: do_swap_page: id 5, table 1 || 1208: 5960 7eb83f5000
           <...>-6233  [006] ...1  1608.898480: do_swap_page: id 5, table 1 || 1209: 5960 7f28abf000
  com.rovio.baba-5960  [006] ...1  1608.898632: do_swap_page: id 5, table 1 || 1210: 5960 7eb6a5d000
  com.rovio.baba-5960  [006] ...1  1608.898668: do_swap_page: id 5, table 1 || 1211: 5960 7eb7f98000
  com.rovio.baba-5960  [006] ...1  1608.898683: do_swap_page: id 5, table 1 || 1212: 5960 7eb7f99000
  com.rovio.baba-5960  [006] ...1  1608.898694: do_swap_page: id 5, table 1 || 1213: 5960 7eb7f9a000
  com.rovio.baba-5960  [006] ...1  1608.898712: do_swap_page: id 5, table 1 || 1214: 5960 7eb7f9b000
  com.rovio.baba-5960  [006] ...1  1608.898724: do_swap_page: id 5, table 1 || 1215: 5960 7eb7f9c000
  com.rovio.baba-5960  [006] ...1  1608.898734: do_swap_page: id 5, table 1 || 1216: 5960 7eb7f9d000
  com.rovio.baba-5960  [006] ...1  1608.898749: do_swap_page: id 5, table 1 || 1217: 5960 7eb7f9e000
  com.rovio.baba-5960  [006] ...1  1608.898763: do_swap_page: id 5, table 1 || 1218: 5960 7eb7f9f000
  com.rovio.baba-5960  [006] ...1  1608.898775: do_swap_page: id 5, table 1 || 1219: 5960 7eb7fa0000
  com.rovio.baba-5960  [006] ...1  1608.898789: do_swap_page: id 5, table 1 || 1220: 5960 7eb7fa1000
  com.rovio.baba-5960  [006] ...1  1608.898812: do_swap_page: id 5, table 1 || 1221: 5960 7f28e7a000
  com.rovio.baba-5960  [006] ...1  1608.898943: do_swap_page: id 5, table 1 || 1222: 5960 7eb80e4000
  com.rovio.baba-5960  [006] ...1  1608.899013: do_swap_page: id 5, table 1 || 1223: 5960 7eb80eb000
  com.rovio.baba-5960  [006] ...1  1608.899030: do_swap_page: id 5, table 1 || 1224: 5960 7eb80e5000
  com.rovio.baba-5960  [006] ...1  1608.899117: do_swap_page: id 5, table 1 || 1225: 5960 7eb80f3000
  com.rovio.baba-5960  [006] ....  1608.899288: read_swap_cache_async: remote readpage 5960 "com.rovio.baba" 7f28e64000 6068af
  com.rovio.baba-5960  [006] ....  1608.899290: do_swap_page: prefetch fault 5960 "com.rovio.baba" 7f28e64000 6068af
  com.rovio.baba-5960  [006] ...1  1608.901372: do_swap_page: id 5, table 1 || 1226: 5960 7f28e64000
  com.rovio.baba-5960  [006] ....  1608.902264: read_swap_cache_async: remote readpage 5960 "com.rovio.baba" 7f28ba5000 6068b0
  com.rovio.baba-5960  [006] ....  1608.902266: do_swap_page: prefetch fault 5960 "com.rovio.baba" 7f28ba5000 6068b0
  com.rovio.baba-5960  [006] ...1  1608.904352: do_swap_page: id 5, table 1 || 1227: 5960 7f28ba5000
  com.rovio.baba-5960  [006] ...1  1608.905067: do_swap_page: id 5, table 1 || 1228: 5960 7f28abe000
  com.rovio.baba-5960  [006] ...1  1608.905226: do_swap_page: id 5, table 1 || 1229: 5960 7f28afd000
  com.rovio.baba-5960  [006] ....  1608.905350: read_swap_cache_async: remote readpage 5960 "com.rovio.baba" 7d57e15000 6068b1
  com.rovio.baba-5960  [006] ....  1608.905352: do_swap_page: prefetch fault 5960 "com.rovio.baba" 7d57e15000 6068b1
  com.rovio.baba-5960  [006] ...1  1608.907250: do_swap_page: id 5, table 1 || 1230: 5960 7d57e15000
  com.rovio.baba-5960  [006] ...1  1608.907449: do_swap_page: id 5, table 1 || 1231: 5960 7f28d71000
  com.rovio.baba-5960  [006] ....  1608.907537: read_swap_cache_async: remote readpage 5960 "com.rovio.baba" 7f28efe000 6068b3
  com.rovio.baba-5960  [006] ....  1608.907539: do_swap_page: prefetch fault 5960 "com.rovio.baba" 7f28efe000 6068b3
  com.rovio.baba-5960  [006] ...1  1608.910882: do_swap_page: id 5, table 1 || 1232: 5960 7f28efe000
  com.rovio.baba-5960  [006] ....  1608.910986: read_swap_cache_async: remote readpage 5960 "com.rovio.baba" 7f28f1c000 6068b4
  com.rovio.baba-5960  [006] ....  1608.910989: do_swap_page: prefetch fault 5960 "com.rovio.baba" 7f28f1c000 6068b4
  com.rovio.baba-5960  [006] ...1  1608.913177: do_swap_page: id 5, table 1 || 1233: 5960 7f28f1c000
  com.rovio.baba-5960  [006] ....  1608.913248: read_swap_cache_async: remote readpage 5960 "com.rovio.baba" 7eb81ca000 6068b6
  com.rovio.baba-5960  [006] ....  1608.913250: do_swap_page: prefetch fault 5960 "com.rovio.baba" 7eb81ca000 6068b6
  com.rovio.baba-5960  [006] ...1  1608.915075: do_swap_page: id 5, table 1 || 1234: 5960 7eb81ca000
  com.rovio.baba-5960  [006] ....  1608.915127: read_swap_cache_async: remote readpage 5960 "com.rovio.baba" 7eb872b000 6068b7
  com.rovio.baba-5960  [006] ....  1608.915129: do_swap_page: prefetch fault 5960 "com.rovio.baba" 7eb872b000 6068b7
  com.rovio.baba-5960  [006] ...1  1608.917121: do_swap_page: id 5, table 1 || 1235: 5960 7eb872b000
  com.rovio.baba-5960  [006] ...1  1608.917161: do_swap_page: id 5, table 1 || 1236: 5960 7eb7f86000
  com.rovio.baba-5960  [006] ....  1608.917507: read_swap_cache_async: remote readpage 5960 "com.rovio.baba" 7eb872c000 6068b8
  com.rovio.baba-5960  [006] ....  1608.917510: do_swap_page: prefetch fault 5960 "com.rovio.baba" 7eb872c000 6068b8
  com.rovio.baba-5960  [006] ...1  1608.919397: do_swap_page: id 5, table 1 || 1237: 5960 7eb872c000
  com.rovio.baba-5960  [006] ...1  1608.919832: do_swap_page: id 5, table 1 || 1238: 5960 7f28f79000
  com.rovio.baba-5960  [006] ....  1608.920056: read_swap_cache_async: remote readpage 5960 "com.rovio.baba" 7eb872d000 6068bb
  com.rovio.baba-5960  [006] ....  1608.920061: do_swap_page: prefetch fault 5960 "com.rovio.baba" 7eb872d000 6068bb
  com.rovio.baba-5960  [006] ...1  1608.922972: do_swap_page: id 5, table 1 || 1239: 5960 7eb872d000
  com.rovio.baba-5960  [006] ...1  1608.923368: do_swap_page: id 5, table 1 || 1240: 5960 7eb8896000
  com.rovio.baba-5960  [006] ...1  1608.923447: do_swap_page: id 5, table 1 || 1241: 5960 7eb8890000
  com.rovio.baba-5960  [006] ...1  1608.923593: do_swap_page: id 5, table 1 || 1242: 5960 7f28f1f000
  com.rovio.baba-5960  [006] ....  1608.923707: read_swap_cache_async: remote readpage 5960 "com.rovio.baba" 7eb803e000 6068bc
  com.rovio.baba-5960  [006] ....  1608.923711: do_swap_page: prefetch fault 5960 "com.rovio.baba" 7eb803e000 6068bc
  com.rovio.baba-5960  [006] ...1  1608.925491: do_swap_page: id 5, table 1 || 1243: 5960 7eb803e000
  com.rovio.baba-5960  [006] ...1  1608.925697: do_swap_page: id 5, table 1 || 1244: 5960 7eb8891000
  com.rovio.baba-5960  [006] ....  1608.925789: read_swap_cache_async: remote readpage 5960 "com.rovio.baba" 7eb6be8000 6068bd
  com.rovio.baba-5960  [006] ....  1608.925792: do_swap_page: prefetch fault 5960 "com.rovio.baba" 7eb6be8000 6068bd
  com.rovio.baba-5960  [006] ...1  1608.930773: do_swap_page: id 5, table 1 || 1245: 5960 7eb6be8000
  com.rovio.baba-5960  [006] ....  1608.930947: read_swap_cache_async: remote readpage 5960 "com.rovio.baba" 7eb6be9000 6068be
  com.rovio.baba-5960  [006] ....  1608.930951: do_swap_page: prefetch fault 5960 "com.rovio.baba" 7eb6be9000 6068be
  com.rovio.baba-5960  [006] ...1  1608.933122: do_swap_page: id 5, table 1 || 1246: 5960 7eb6be9000
  com.rovio.baba-5960  [006] ....  1608.933233: read_swap_cache_async: remote readpage 5960 "com.rovio.baba" 7f28d86000 606895
  com.rovio.baba-5960  [006] ....  1608.933236: do_swap_page: prefetch fault 5960 "com.rovio.baba" 7f28d86000 606895
  com.rovio.baba-5960  [006] ...1  1608.935292: do_swap_page: id 5, table 1 || 1247: 5960 7f28d86000
  com.rovio.baba-5960  [006] ...1  1608.935389: do_swap_page: id 5, table 1 || 1248: 5960 1359b000
  com.rovio.baba-5960  [006] ...1  1608.935573: do_swap_page: id 5, table 1 || 1249: 5960 1363b000
  com.rovio.baba-5960  [006] ....  1608.935764: read_swap_cache_async: remote readpage 5960 "com.rovio.baba" 7fffff8000 6068bf
  com.rovio.baba-5960  [006] ....  1608.935767: do_swap_page: prefetch fault 5960 "com.rovio.baba" 7fffff8000 6068bf
       UnityMain-6014  [004] ...1  1608.935886: do_swap_page: id 5, table 1 || 1250: 5960 7f28da5000
       UnityMain-6014  [004] ....  1608.936080: read_swap_cache_async: remote readpage 5960 "UnityMain" 7ebe7ce000 6068c8
       UnityMain-6014  [004] ....  1608.936084: do_swap_page: prefetch fault 5960 "UnityMain" 7ebe7ce000 6068c8
       UnityMain-6014  [004] ...1  1608.938459: do_swap_page: id 5, table 1 || 1251: 5960 7ebe7ce000
       UnityMain-6014  [004] ...1  1608.938601: do_swap_page: id 5, table 1 || 1252: 5960 7ebe79d000
  com.rovio.baba-5960  [006] ...1  1608.938613: do_swap_page: id 5, table 1 || 1253: 5960 7fffff8000
  com.rovio.baba-5960  [006] ....  1608.939365: read_swap_cache_async: remote readpage 5960 "com.rovio.baba" 7e500a8000 6068c0
  com.rovio.baba-5960  [006] ....  1608.939369: do_swap_page: prefetch fault 5960 "com.rovio.baba" 7e500a8000 6068c0
  com.rovio.baba-5960  [006] ...1  1608.941690: do_swap_page: id 5, table 1 || 1254: 5960 7e500a8000
  com.rovio.baba-5960  [006] ...1  1608.941782: do_swap_page: id 5, table 1 || 1255: 5960 7df096c000
  com.rovio.baba-5960  [006] ...1  1608.941809: do_swap_page: id 5, table 1 || 1256: 5960 7df0968000
  com.rovio.baba-5960  [006] ...1  1608.941824: do_swap_page: id 5, table 1 || 1257: 5960 7df0997000
  com.rovio.baba-5960  [006] ....  1608.941958: read_swap_cache_async: remote readpage 5960 "com.rovio.baba" 7ebe7b4000 6068c9
  com.rovio.baba-5960  [006] ....  1608.941961: do_swap_page: prefetch fault 5960 "com.rovio.baba" 7ebe7b4000 6068c9
  com.rovio.baba-5960  [006] ...1  1608.945907: do_swap_page: id 5, table 1 || 1258: 5960 7ebe7b4000
  com.rovio.baba-5960  [006] ...1  1608.946886: do_swap_page: id 5, table 1 || 1259: 5960 7f28ee4000
  com.rovio.baba-5960  [006] ...1  1608.947655: do_swap_page: id 5, table 1 || 1260: 5960 7d6b4dd000
  com.rovio.baba-5960  [006] ...1  1608.947691: do_swap_page: id 5, table 1 || 1261: 5960 7d9bfd1000
  com.rovio.baba-5960  [006] ...1  1608.947730: do_swap_page: id 5, table 1 || 1262: 5960 7f20eff000
  com.rovio.baba-5960  [006] ...1  1608.947755: do_swap_page: id 5, table 1 || 1263: 5960 7f20af9000
  com.rovio.baba-5960  [006] ...1  1608.947764: do_swap_page: id 5, table 1 || 1264: 5960 7f20afa000
  com.rovio.baba-5960  [006] ...1  1608.947802: do_swap_page: id 5, table 1 || 1265: 5960 7eb6bea000
  com.rovio.baba-5960  [006] ...1  1608.947833: do_swap_page: id 5, table 1 || 1266: 5960 7f20e3b000
  com.rovio.baba-5960  [006] ...1  1608.947906: do_swap_page: id 5, table 1 || 1267: 5960 7f28d88000
  com.rovio.baba-5960  [006] ...1  1608.947926: do_swap_page: id 5, table 1 || 1268: 5960 7f28e89000
  com.rovio.baba-5960  [006] ...1  1608.947948: do_swap_page: id 5, table 1 || 1269: 5960 7f28e8a000
  com.rovio.baba-5960  [006] ...1  1608.947964: do_swap_page: id 5, table 1 || 1270: 5960 7f28d2b000
  com.rovio.baba-5960  [006] ...1  1608.947975: do_swap_page: id 5, table 1 || 1271: 5960 7f28d2c000
  com.rovio.baba-5960  [006] ...1  1608.948018: do_swap_page: id 5, table 1 || 1272: 5960 7fbdadf000
  com.rovio.baba-5960  [006] ...1  1608.948047: do_swap_page: id 5, table 1 || 1273: 5960 7fbe1c7000
 .candycrushsaga-6467  [000] ...1  1608.950596: do_swap_page: id 5, table 1 || 1274: 6467 7280c000
  com.rovio.baba-5960  [006] ...1  1608.956656: do_swap_page: id 5, table 1 || 1275: 5960 7f28e99000
  com.rovio.baba-5960  [006] ...1  1608.957214: do_swap_page: id 5, table 1 || 1276: 5960 7e50023000
  com.rovio.baba-5960  [006] ...1  1608.957260: do_swap_page: id 5, table 1 || 1277: 5960 7ebe7b7000
  com.rovio.baba-5960  [006] ...1  1608.957272: do_swap_page: id 5, table 1 || 1278: 5960 7e5008e000
  com.rovio.baba-5960  [006] ...1  1608.957340: do_swap_page: id 5, table 1 || 1279: 5960 7f29653000
  com.rovio.baba-5960  [006] ...1  1608.957363: do_swap_page: id 5, table 1 || 1280: 5960 139ec000
  com.rovio.baba-5960  [006] ...1  1608.957378: do_swap_page: id 5, table 1 || 1281: 5960 13658000
  com.rovio.baba-5960  [006] ...1  1608.957393: do_swap_page: id 5, table 1 || 1282: 5960 136b2000
  com.rovio.baba-5960  [006] ...1  1608.957406: do_swap_page: id 5, table 1 || 1283: 5960 7f20d82000
  com.rovio.baba-5960  [006] ...1  1608.957417: do_swap_page: id 5, table 1 || 1284: 5960 7f1f662000
  com.rovio.baba-5960  [006] ...1  1608.957429: do_swap_page: id 5, table 1 || 1285: 5960 7f20d80000
  com.rovio.baba-5960  [006] ...1  1608.957440: do_swap_page: id 5, table 1 || 1286: 5960 136cb000
  com.rovio.baba-5960  [006] ...1  1608.957455: do_swap_page: id 5, table 1 || 1287: 5960 7f20e56000
  com.rovio.baba-5960  [006] ...1  1608.957472: do_swap_page: id 5, table 1 || 1288: 5960 139b0000
  com.rovio.baba-5960  [006] ...1  1608.957482: do_swap_page: id 5, table 1 || 1289: 5960 139b6000
  com.rovio.baba-5960  [006] ...1  1608.957489: do_swap_page: id 5, table 1 || 1290: 5960 139b3000
  com.rovio.baba-5960  [006] ...1  1608.957503: do_swap_page: id 5, table 1 || 1291: 5960 7f20d74000
  com.rovio.baba-5960  [006] ...1  1608.957526: do_swap_page: id 5, table 1 || 1292: 5960 7f28b19000
  com.rovio.baba-5960  [006] ...1  1608.957536: do_swap_page: id 5, table 1 || 1293: 5960 7f28e9c000
  com.rovio.baba-5960  [006] ...1  1608.957548: do_swap_page: id 5, table 1 || 1294: 5960 7f20e52000
  com.rovio.baba-5960  [006] ...1  1608.957563: do_swap_page: id 5, table 1 || 1295: 5960 136c5000
  com.rovio.baba-5960  [006] ...1  1608.957572: do_swap_page: id 5, table 1 || 1296: 5960 7f20d70000
  com.rovio.baba-5960  [006] ...1  1608.957584: do_swap_page: id 5, table 1 || 1297: 5960 7f1f64c000
  com.rovio.baba-5960  [006] ...1  1608.957592: do_swap_page: id 5, table 1 || 1298: 5960 7f1f660000
  com.rovio.baba-5960  [006] ...1  1608.957602: do_swap_page: id 5, table 1 || 1299: 5960 7f20e43000
