  com.rovio.baba-5960  [004] ...1  1405.117951: do_swap_page: id 5, table 0 || 977: 5960 7eb803e000
  com.rovio.baba-5960  [004] ...1  1405.118116: do_swap_page: id 5, table 0 || 978: 5960 7f28e1c000
  com.rovio.baba-5960  [004] ...1  1405.118134: do_swap_page: id 5, table 0 || 979: 5960 7eb6a2b000
  com.rovio.baba-5960  [004] ....  1405.118205: read_swap_cache_async: remote readpage 5960 "com.rovio.baba" 7eb6be8000 d28a8
  com.rovio.baba-5960  [004] ....  1405.118207: do_swap_page: prefetch fault 5960 "com.rovio.baba" 7eb6be8000 d28a8
  com.rovio.baba-5960  [004] ...1  1405.122532: do_swap_page: id 5, table 0 || 980: 5960 7eb6be8000
  com.rovio.baba-5960  [004] ....  1405.122709: read_swap_cache_async: remote readpage 5960 "com.rovio.baba" 7eb6be9000 d28a9
  com.rovio.baba-5960  [004] ....  1405.122712: do_swap_page: prefetch fault 5960 "com.rovio.baba" 7eb6be9000 d28a9
  com.rovio.baba-5960  [004] ...1  1405.124667: do_swap_page: id 5, table 0 || 981: 5960 7eb6be9000
  com.rovio.baba-5960  [004] ...1  1405.124695: do_swap_page: id 5, table 0 || 982: 5960 7eb6bea000
  com.rovio.baba-5960  [004] ...1  1405.124717: do_swap_page: id 5, table 0 || 983: 5960 7f28d88000
  com.rovio.baba-5960  [004] ...1  1405.124795: do_swap_page: id 5, table 0 || 984: 5960 1305a000
  com.rovio.baba-5960  [004] ...1  1405.124859: do_swap_page: id 5, table 0 || 985: 5960 130bc000
  com.rovio.baba-5960  [004] ...1  1405.125034: do_swap_page: id 5, table 0 || 986: 5960 7fffff8000
       UnityMain-6014  [005] ....  1405.125290: read_swap_cache_async: remote readpage 5960 "UnityMain" 7ebe7ce000 d28aa
       UnityMain-6014  [005] ....  1405.125294: do_swap_page: prefetch fault 5960 "UnityMain" 7ebe7ce000 d28aa
  com.rovio.baba-5960  [005] ...1  1405.125711: do_swap_page: id 5, table 0 || 987: 5960 7e500a8000
  com.rovio.baba-5960  [005] ...1  1405.125775: do_swap_page: id 5, table 0 || 988: 5960 7df0993000
  com.rovio.baba-5960  [005] ...1  1405.125800: do_swap_page: id 5, table 0 || 989: 5960 7df01d9000
  com.rovio.baba-5960  [005] ...1  1405.125819: do_swap_page: id 5, table 0 || 990: 5960 7df0967000
  com.rovio.baba-5960  [005] ...1  1405.125839: do_swap_page: id 5, table 0 || 991: 5960 7df0969000
  com.rovio.baba-5960  [005] ...1  1405.125853: do_swap_page: id 5, table 0 || 992: 5960 7df077f000
  com.rovio.baba-5960  [005] ...1  1405.125867: do_swap_page: id 5, table 0 || 993: 5960 7df02a2000
  com.rovio.baba-5960  [005] ....  1405.126002: read_swap_cache_async: remote readpage 5960 "com.rovio.baba" 7ebe7b4000 d28ab
  com.rovio.baba-5960  [005] ....  1405.126005: do_swap_page: prefetch fault 5960 "com.rovio.baba" 7ebe7b4000 d28ab
           <...>-5988  [005] ...1  1405.126276: do_swap_page: id 5, table 0 || 994: 5960 7ece132000
           <...>-5988  [005] ...1  1405.126297: do_swap_page: id 5, table 0 || 995: 5960 13513000
           <...>-5988  [005] ...1  1405.126317: do_swap_page: id 5, table 0 || 996: 5960 7f31502000
           <...>-5988  [005] ...1  1405.126445: do_swap_page: id 5, table 0 || 997: 5960 7f28d59000
           <...>-5988  [005] ...1  1405.126456: do_swap_page: id 5, table 0 || 998: 5960 7f28d5a000
           <...>-5988  [005] ...1  1405.126642: do_swap_page: id 5, table 0 || 999: 5960 7f308f4000
           <...>-5988  [005] ....  1405.126798: read_swap_cache_async: remote readpage 5960 "queued-work-loo" 7ece133000 d2858
           <...>-5988  [005] ....  1405.126801: do_swap_page: prefetch fault 5960 "queued-work-loo" 7ece133000 d2858
       UnityMain-6014  [005] ...1  1405.127858: do_swap_page: id 5, table 0 || 1000: 5960 7ebe7ce000
  com.rovio.baba-5960  [004] ...1  1405.127866: do_swap_page: id 5, table 0 || 1001: 5960 7ebe7b4000
       UnityMain-6014  [005] ...1  1405.127961: do_swap_page: id 5, table 0 || 1002: 5960 133fa000
       UnityMain-6014  [004] ....  1405.128298: read_swap_cache_async: remote readpage 5960 "UnityMain" 7ebe79d000 d28ac
       UnityMain-6014  [004] ....  1405.128302: do_swap_page: prefetch fault 5960 "UnityMain" 7ebe79d000 d28ac
           <...>-5988  [004] ...1  1405.130444: do_swap_page: id 5, table 0 || 1003: 5960 7ece133000
           <...>-5988  [004] ....  1405.130498: read_swap_cache_async: remote readpage 5960 "queued-work-loo" 7f28d5b000 d285b
           <...>-5988  [004] ....  1405.130500: do_swap_page: prefetch fault 5960 "queued-work-loo" 7f28d5b000 d285b
  com.rovio.baba-5960  [007] ....  1405.130701: read_swap_cache_async: remote readpage 5960 "com.rovio.baba" 7f28ee4000 d28ad
  com.rovio.baba-5960  [007] ....  1405.130706: do_swap_page: prefetch fault 5960 "com.rovio.baba" 7f28ee4000 d28ad
       UnityMain-6014  [004] ...1  1405.130736: do_swap_page: id 5, table 0 || 1004: 5960 7ebe79d000
           <...>-8127  [006] ....  1405.132118: update_to_nbd_flag: appid 5: table 0 is latter, total target 205 max idx e, l -> 1078 1004
           <...>-5988  [005] ....  1405.133460: read_swap_cache_async: remote readpage 5960 "queued-work-loo" 7f28e54000 d285e
           <...>-5988  [005] ....  1405.133463: do_swap_page: prefetch fault 5960 "queued-work-loo" 7f28e54000 d285e
  com.rovio.baba-5960  [004] ....  1405.133848: read_swap_cache_async: remote readpage 5960 "com.rovio.baba" 7d6b4dd000 d28ae
  com.rovio.baba-5960  [004] ....  1405.133850: do_swap_page: prefetch fault 5960 "com.rovio.baba" 7d6b4dd000 d28ae
           <...>-5988  [004] ....  1405.135743: read_swap_cache_async: remote readpage 5960 "queued-work-loo" 7f28a21000 d2862
           <...>-5988  [004] ....  1405.135747: do_swap_page: prefetch fault 5960 "queued-work-loo" 7f28a21000 d2862
  com.rovio.baba-5960  [004] ....  1405.136635: read_swap_cache_async: remote readpage 5960 "com.rovio.baba" 7f20eff000 d28af
  com.rovio.baba-5960  [004] ....  1405.136636: do_swap_page: prefetch fault 5960 "com.rovio.baba" 7f20eff000 d28af
           <...>-5988  [004] ....  1405.138042: read_swap_cache_async: remote readpage 5960 "queued-work-loo" 7d4750e000 d286b
           <...>-5988  [004] ....  1405.138044: do_swap_page: prefetch fault 5960 "queued-work-loo" 7d4750e000 d286b
           <...>-8127  [006] ....  1405.139024: miss_page_handler: miss page handler start! target(id,table): 5,1
  com.rovio.baba-5960  [004] ....  1405.139054: read_swap_cache_async: remote readpage 5960 "com.rovio.baba" 7f20af9000 d28b0
  com.rovio.baba-5960  [004] ....  1405.139055: do_swap_page: prefetch fault 5960 "com.rovio.baba" 7f20af9000 d28b0
     kworker/1:2-742   [001] ....  1405.139156: read_swap_cache_async: remote readpage 742 "kworker/1:2" 7eb6a02000 d2802
     kworker/1:2-742   [001] ....  1405.139162: do_swap_page: prefetch fault 742 "kworker/1:2" 7eb6a02000 d2802
           <...>-5988  [004] ....  1405.141098: read_swap_cache_async: remote readpage 5960 "queued-work-loo" 7f352e0000 d2868
           <...>-5988  [004] ....  1405.141099: do_swap_page: prefetch fault 5960 "queued-work-loo" 7f352e0000 d2868
  com.rovio.baba-5960  [004] ....  1405.141725: read_swap_cache_async: remote readpage 5960 "com.rovio.baba" 7f20afa000 d28b1
  com.rovio.baba-5960  [004] ....  1405.141726: do_swap_page: prefetch fault 5960 "com.rovio.baba" 7f20afa000 d28b1
     kworker/1:2-742   [001] ....  1405.142082: read_swap_cache_async: remote readpage 742 "kworker/1:2" 7ee402d000 d2807
     kworker/1:2-742   [001] ....  1405.142086: do_swap_page: prefetch fault 742 "kworker/1:2" 7ee402d000 d2807
           <...>-5988  [004] ....  1405.143443: read_swap_cache_async: remote readpage 5960 "queued-work-loo" 7f352e7000 d2865
           <...>-5988  [004] ....  1405.143445: do_swap_page: prefetch fault 5960 "queued-work-loo" 7f352e7000 d2865
  com.rovio.baba-5960  [004] ....  1405.143640: read_swap_cache_async: remote readpage 5960 "com.rovio.baba" 7f20e3b000 d28b2
  com.rovio.baba-5960  [004] ....  1405.143641: do_swap_page: prefetch fault 5960 "com.rovio.baba" 7f20e3b000 d28b2
     kworker/1:2-742   [001] ....  1405.144138: read_swap_cache_async: remote readpage 742 "kworker/1:2" 7f28f3e000 d280a
     kworker/1:2-742   [001] ....  1405.144142: do_swap_page: prefetch fault 742 "kworker/1:2" 7f28f3e000 d280a
           <...>-5988  [004] ....  1405.145675: read_swap_cache_async: remote readpage 5960 "queued-work-loo" 7f352e8000 d286e
           <...>-5988  [004] ....  1405.145676: do_swap_page: prefetch fault 5960 "queued-work-loo" 7f352e8000 d286e
  com.rovio.baba-5960  [004] ....  1405.145907: read_swap_cache_async: remote readpage 5960 "com.rovio.baba" 7f28e8a000 d28b3
  com.rovio.baba-5960  [004] ....  1405.145909: do_swap_page: prefetch fault 5960 "com.rovio.baba" 7f28e8a000 d28b3
     kworker/1:2-742   [001] ....  1405.146104: read_swap_cache_async: remote readpage 742 "kworker/1:2" 7eb88e8000 d280c
     kworker/1:2-742   [001] ....  1405.146109: do_swap_page: prefetch fault 742 "kworker/1:2" 7eb88e8000 d280c
           <...>-5988  [004] ....  1405.147973: read_swap_cache_async: remote readpage 5960 "queued-work-loo" 7d577f8000 d2877
           <...>-5988  [004] ....  1405.147975: do_swap_page: prefetch fault 5960 "queued-work-loo" 7d577f8000 d2877
  com.rovio.baba-5960  [004] ....  1405.148187: read_swap_cache_async: remote readpage 5960 "com.rovio.baba" 7f28d2b000 d28b4
  com.rovio.baba-5960  [004] ....  1405.148188: do_swap_page: prefetch fault 5960 "com.rovio.baba" 7f28d2b000 d28b4
     kworker/1:2-742   [001] .n..  1405.148256: read_swap_cache_async: remote readpage 742 "kworker/1:2" 7d912d6000 d280e
     kworker/1:2-742   [001] ....  1405.148270: do_swap_page: prefetch fault 742 "kworker/1:2" 7d912d6000 d280e
           <...>-5988  [004] ....  1405.150265: read_swap_cache_async: remote readpage 5960 "queued-work-loo" 7f30860000 d2871
           <...>-5988  [004] ....  1405.150267: do_swap_page: prefetch fault 5960 "queued-work-loo" 7f30860000 d2871
  com.rovio.baba-5960  [004] ....  1405.150580: read_swap_cache_async: remote readpage 5960 "com.rovio.baba" 7f28d2c000 d28b5
  com.rovio.baba-5960  [004] ....  1405.150581: do_swap_page: prefetch fault 5960 "com.rovio.baba" 7f28d2c000 d28b5
     kworker/1:2-742   [001] ....  1405.150803: read_swap_cache_async: remote readpage 742 "kworker/1:2" 7d912df000 d280f
     kworker/1:2-742   [001] ....  1405.150808: do_swap_page: prefetch fault 742 "kworker/1:2" 7d912df000 d280f
           <...>-5988  [004] ....  1405.152843: read_swap_cache_async: remote readpage 5960 "queued-work-loo" 7f2f0ba000 d2874
           <...>-5988  [004] ....  1405.152844: do_swap_page: prefetch fault 5960 "queued-work-loo" 7f2f0ba000 d2874
     kworker/1:2-742   [001] ....  1405.152966: read_swap_cache_async: remote readpage 742 "kworker/1:2" 7eb8387000 d2810
     kworker/1:2-742   [001] ....  1405.152971: do_swap_page: prefetch fault 742 "kworker/1:2" 7eb8387000 d2810
  com.rovio.baba-5960  [004] ....  1405.153292: read_swap_cache_async: remote readpage 5960 "com.rovio.baba" 7fbdadf000 d28b6
  com.rovio.baba-5960  [004] ....  1405.153294: do_swap_page: prefetch fault 5960 "com.rovio.baba" 7fbdadf000 d28b6
     kworker/1:2-742   [001] ....  1405.155071: read_swap_cache_async: remote readpage 742 "kworker/1:2" 7eb8330000 d2813
     kworker/1:2-742   [001] ....  1405.155076: do_swap_page: prefetch fault 742 "kworker/1:2" 7eb8330000 d2813
  com.rovio.baba-5960  [005] ....  1405.155416: read_swap_cache_async: remote readpage 5960 "com.rovio.baba" 7fbe1c7000 d28b7
  com.rovio.baba-5960  [005] ....  1405.155419: do_swap_page: prefetch fault 5960 "com.rovio.baba" 7fbe1c7000 d28b7
     kworker/1:2-742   [001] ....  1405.157736: read_swap_cache_async: remote readpage 742 "kworker/1:2" 7eb8331000 d2815
     kworker/1:2-742   [001] ....  1405.157741: do_swap_page: prefetch fault 742 "kworker/1:2" 7eb8331000 d2815
     kworker/1:2-742   [001] ....  1405.159966: read_swap_cache_async: remote readpage 742 "kworker/1:2" 7ee402c000 d2818
     kworker/1:2-742   [001] ....  1405.159981: do_swap_page: prefetch fault 742 "kworker/1:2" 7ee402c000 d2818
  com.rovio.baba-5960  [005] ....  1405.166033: read_swap_cache_async: remote readpage 5960 "com.rovio.baba" 7eb8858000 d2837
  com.rovio.baba-5960  [005] ....  1405.166037: do_swap_page: prefetch fault 5960 "com.rovio.baba" 7eb8858000 d2837
     kworker/1:2-742   [001] ....  1405.167164: read_swap_cache_async: remote readpage 742 "kworker/1:2" 7f2d67b000 d2819
     kworker/1:2-742   [001] ....  1405.167170: do_swap_page: prefetch fault 742 "kworker/1:2" 7f2d67b000 d2819
  com.rovio.baba-5960  [005] ....  1405.169504: read_swap_cache_async: remote readpage 5960 "com.rovio.baba" 7f3184d000 d281b
  com.rovio.baba-5960  [005] ....  1405.169507: do_swap_page: prefetch fault 5960 "com.rovio.baba" 7f3184d000 d281b
     kworker/1:2-742   [001] ....  1405.169717: read_swap_cache_async: remote readpage 742 "kworker/1:2" 7dd214e000 d281a
     kworker/1:2-742   [001] ....  1405.169722: do_swap_page: prefetch fault 742 "kworker/1:2" 7dd214e000 d281a
  com.rovio.baba-5960  [005] ....  1405.172372: read_swap_cache_async: remote readpage 5960 "com.rovio.baba" 7ee4027000 d281c
  com.rovio.baba-5960  [005] ....  1405.172375: do_swap_page: prefetch fault 5960 "com.rovio.baba" 7ee4027000 d281c
     kworker/1:2-742   [001] ....  1405.174769: read_swap_cache_async: remote readpage 742 "kworker/1:2" 7f20d79000 d281e
     kworker/1:2-742   [001] ....  1405.174774: do_swap_page: prefetch fault 742 "kworker/1:2" 7f20d79000 d281e
  com.rovio.baba-5960  [005] ....  1405.176903: read_swap_cache_async: remote readpage 5960 "com.rovio.baba" 7d6efec000 d2821
  com.rovio.baba-5960  [005] ....  1405.176905: do_swap_page: prefetch fault 5960 "com.rovio.baba" 7d6efec000 d2821
     kworker/1:2-742   [001] ....  1405.178698: read_swap_cache_async: remote readpage 742 "kworker/1:2" 7f2d8a7000 d2822
     kworker/1:2-742   [001] ....  1405.178702: do_swap_page: prefetch fault 742 "kworker/1:2" 7f2d8a7000 d2822
  com.rovio.baba-5960  [005] ....  1405.178745: read_swap_cache_async: remote readpage 5960 "com.rovio.baba" 7eb8332000 d2825
  com.rovio.baba-5960  [005] ....  1405.178747: do_swap_page: prefetch fault 5960 "com.rovio.baba" 7eb8332000 d2825
  com.rovio.baba-5960  [005] ....  1405.180565: read_swap_cache_async: remote readpage 5960 "com.rovio.baba" 7eb8326000 d2827
  com.rovio.baba-5960  [005] ....  1405.180566: do_swap_page: prefetch fault 5960 "com.rovio.baba" 7eb8326000 d2827
     kworker/1:2-742   [001] ....  1405.183350: read_swap_cache_async: remote readpage 742 "kworker/1:2" 7d6bc3f000 d2828
     kworker/1:2-742   [001] ....  1405.183356: do_swap_page: prefetch fault 742 "kworker/1:2" 7d6bc3f000 d2828
  com.rovio.baba-5960  [005] ....  1405.183399: read_swap_cache_async: remote readpage 5960 "com.rovio.baba" 7f28fa3000 d282a
  com.rovio.baba-5960  [005] ....  1405.183402: do_swap_page: prefetch fault 5960 "com.rovio.baba" 7f28fa3000 d282a
  com.rovio.baba-5960  [005] ....  1405.186068: read_swap_cache_async: remote readpage 5960 "com.rovio.baba" 7eb6b7e000 d2838
  com.rovio.baba-5960  [005] ....  1405.186071: do_swap_page: prefetch fault 5960 "com.rovio.baba" 7eb6b7e000 d2838
     kworker/1:2-742   [001] ....  1405.186209: read_swap_cache_async: remote readpage 742 "kworker/1:2" 7eb887d000 d282b
     kworker/1:2-742   [001] ....  1405.186215: do_swap_page: prefetch fault 742 "kworker/1:2" 7eb887d000 d282b
  com.rovio.baba-5960  [005] ....  1405.187867: read_swap_cache_async: remote readpage 5960 "com.rovio.baba" 7ec5c8f000 d282c
  com.rovio.baba-5960  [005] ....  1405.187869: do_swap_page: prefetch fault 5960 "com.rovio.baba" 7ec5c8f000 d282c
  com.rovio.baba-5960  [005] ....  1405.190129: read_swap_cache_async: remote readpage 5960 "com.rovio.baba" 7ee404c000 d282e
  com.rovio.baba-5960  [005] ....  1405.190132: do_swap_page: prefetch fault 5960 "com.rovio.baba" 7ee404c000 d282e
     kworker/1:2-742   [001] ....  1405.190249: read_swap_cache_async: remote readpage 742 "kworker/1:2" 7d6b459000 d282d
     kworker/1:2-742   [001] ....  1405.190254: do_swap_page: prefetch fault 742 "kworker/1:2" 7d6b459000 d282d
           <...>-6137  [005] ....  1405.192500: read_swap_cache_async: remote readpage 5960 "Chrome_IOThread" 7ec5b58000 d282f
           <...>-6137  [005] ....  1405.192501: do_swap_page: prefetch fault 5960 "Chrome_IOThread" 7ec5b58000 d282f
  com.rovio.baba-5960  [006] ....  1405.192813: read_swap_cache_async: remote readpage 5960 "com.rovio.baba" 7eb87d8000 d2830
  com.rovio.baba-5960  [006] ....  1405.192817: do_swap_page: prefetch fault 5960 "com.rovio.baba" 7eb87d8000 d2830
  com.rovio.baba-5960  [006] ....  1405.195056: read_swap_cache_async: remote readpage 5960 "com.rovio.baba" 7f20d7a000 d2832
  com.rovio.baba-5960  [006] ....  1405.195059: do_swap_page: prefetch fault 5960 "com.rovio.baba" 7f20d7a000 d2832
           <...>-6137  [005] ....  1405.195212: do_swap_page: prefetch fault 5960 "Chrome_IOThread" 7d57d9a000 d2831
     kworker/1:2-742   [001] ....  1405.195309: read_swap_cache_async: remote readpage 742 "kworker/1:2" 7d57d9a000 d2831
     kworker/1:2-742   [001] ....  1405.195313: do_swap_page: prefetch fault 742 "kworker/1:2" 7d57d9a000 d2831
           <...>-6137  [005] ....  1405.198018: read_swap_cache_async: remote readpage 5960 "Chrome_IOThread" 7d6e1c5000 d2833
           <...>-6137  [005] ....  1405.198021: do_swap_page: prefetch fault 5960 "Chrome_IOThread" 7d6e1c5000 d2833
  com.rovio.baba-5960  [004] ....  1405.198348: read_swap_cache_async: remote readpage 5960 "com.rovio.baba" 7eb83c3000 d2834
  com.rovio.baba-5960  [004] ....  1405.198352: do_swap_page: prefetch fault 5960 "com.rovio.baba" 7eb83c3000 d2834
     kworker/1:2-742   [001] ....  1405.201398: read_swap_cache_async: remote readpage 742 "kworker/1:2" 7d6e1c6000 d2835
     kworker/1:2-742   [001] ....  1405.201403: do_swap_page: prefetch fault 742 "kworker/1:2" 7d6e1c6000 d2835
  com.rovio.baba-5960  [005] ....  1405.201966: read_swap_cache_async: remote readpage 5960 "com.rovio.baba" 7eb88fb000 d2839
  com.rovio.baba-5960  [005] ....  1405.201969: do_swap_page: prefetch fault 5960 "com.rovio.baba" 7eb88fb000 d2839
           <...>-6137  [007] ....  1405.203719: read_swap_cache_async: remote readpage 5960 "Chrome_IOThread" 7d6b4db000 d283a
           <...>-6137  [007] ....  1405.203722: do_swap_page: prefetch fault 5960 "Chrome_IOThread" 7d6b4db000 d283a
  com.rovio.baba-5960  [007] ....  1405.205236: read_swap_cache_async: remote readpage 5960 "com.rovio.baba" 7eb838c000 d283b
  com.rovio.baba-5960  [007] ....  1405.205237: do_swap_page: prefetch fault 5960 "com.rovio.baba" 7eb838c000 d283b
           <...>-6137  [007] ....  1405.206430: read_swap_cache_async: remote readpage 5960 "Chrome_IOThread" 7d6b4df000 d283c
           <...>-6137  [007] ....  1405.206431: do_swap_page: prefetch fault 5960 "Chrome_IOThread" 7d6b4df000 d283c
  com.rovio.baba-5960  [007] ....  1405.207843: read_swap_cache_async: remote readpage 5960 "com.rovio.baba" 7eb838d000 d283f
  com.rovio.baba-5960  [007] ....  1405.207846: do_swap_page: prefetch fault 5960 "com.rovio.baba" 7eb838d000 d283f
           <...>-6137  [007] ....  1405.208988: read_swap_cache_async: remote readpage 5960 "Chrome_IOThread" 7d6b4ca000 d283e
           <...>-6137  [007] ....  1405.208990: do_swap_page: prefetch fault 5960 "Chrome_IOThread" 7d6b4ca000 d283e
  com.rovio.baba-5960  [007] ....  1405.210838: read_swap_cache_async: remote readpage 5960 "com.rovio.baba" 7eb6b12000 d2841
  com.rovio.baba-5960  [007] ....  1405.210839: do_swap_page: prefetch fault 5960 "com.rovio.baba" 7eb6b12000 d2841
     kworker/1:2-742   [001] ....  1405.211067: do_swap_page: prefetch fault 742 "kworker/1:2" 7f2d799000 d2840
           <...>-6137  [007] ....  1405.211093: read_swap_cache_async: remote readpage 5960 "Chrome_IOThread" 7f2d799000 d2840
           <...>-6137  [007] ....  1405.211094: do_swap_page: prefetch fault 5960 "Chrome_IOThread" 7f2d799000 d2840
  com.rovio.baba-5960  [007] ....  1405.213107: read_swap_cache_async: remote readpage 5960 "com.rovio.baba" 7eb6b7d000 d2843
  com.rovio.baba-5960  [007] ....  1405.213108: do_swap_page: prefetch fault 5960 "com.rovio.baba" 7eb6b7d000 d2843
           <...>-6137  [007] ....  1405.213412: read_swap_cache_async: remote readpage 5960 "Chrome_IOThread" 7ec5d36000 d2842
           <...>-6137  [007] ....  1405.213413: do_swap_page: prefetch fault 5960 "Chrome_IOThread" 7ec5d36000 d2842
  com.rovio.baba-5960  [007] ....  1405.215557: read_swap_cache_async: remote readpage 5960 "com.rovio.baba" 7eb81df000 d2844
  com.rovio.baba-5960  [007] ....  1405.215560: do_swap_page: prefetch fault 5960 "com.rovio.baba" 7eb81df000 d2844
           <...>-6137  [007] ....  1405.215702: read_swap_cache_async: remote readpage 5960 "Chrome_IOThread" 7f28f78000 d2845
           <...>-6137  [007] ....  1405.215703: do_swap_page: prefetch fault 5960 "Chrome_IOThread" 7f28f78000 d2845
  com.rovio.baba-5960  [007] ....  1405.217486: read_swap_cache_async: remote readpage 5960 "com.rovio.baba" 7eb6b71000 d2846
  com.rovio.baba-5960  [007] ....  1405.217488: do_swap_page: prefetch fault 5960 "com.rovio.baba" 7eb6b71000 d2846
           <...>-6137  [007] ....  1405.217806: read_swap_cache_async: remote readpage 5960 "Chrome_IOThread" 7d6b4f9000 d2847
           <...>-6137  [007] ....  1405.217808: do_swap_page: prefetch fault 5960 "Chrome_IOThread" 7d6b4f9000 d2847
  com.rovio.baba-5960  [007] ....  1405.220143: read_swap_cache_async: remote readpage 5960 "com.rovio.baba" 7f28b8a000 d2848
  com.rovio.baba-5960  [007] ....  1405.220147: do_swap_page: prefetch fault 5960 "com.rovio.baba" 7f28b8a000 d2848
           <...>-6137  [007] ....  1405.220241: read_swap_cache_async: remote readpage 5960 "Chrome_IOThread" 7ee4031000 d2849
           <...>-6137  [007] ....  1405.220243: do_swap_page: prefetch fault 5960 "Chrome_IOThread" 7ee4031000 d2849
  com.rovio.baba-5960  [007] ....  1405.222349: read_swap_cache_async: remote readpage 5960 "com.rovio.baba" 7eb82e6000 d284c
  com.rovio.baba-5960  [007] ....  1405.222351: do_swap_page: prefetch fault 5960 "com.rovio.baba" 7eb82e6000 d284c
     kworker/1:2-742   [001] ....  1405.222508: read_swap_cache_async: remote readpage 742 "kworker/1:2" 7f28e68000 d284a
     kworker/1:2-742   [001] ....  1405.222514: do_swap_page: prefetch fault 742 "kworker/1:2" 7f28e68000 d284a
           <...>-6137  [007] ....  1405.222574: read_swap_cache_async: remote readpage 5960 "Chrome_IOThread" 7eb8807000 d284b
           <...>-6137  [007] ....  1405.222576: do_swap_page: prefetch fault 5960 "Chrome_IOThread" 7eb8807000 d284b
           <...>-6137  [007] ....  1405.224837: read_swap_cache_async: remote readpage 5960 "Chrome_IOThread" 7eb8808000 d284d
           <...>-6137  [007] ....  1405.224838: do_swap_page: prefetch fault 5960 "Chrome_IOThread" 7eb8808000 d284d
  com.rovio.baba-5960  [006] ....  1405.225763: read_swap_cache_async: remote readpage 5960 "com.rovio.baba" 7eb838f000 d284e
  com.rovio.baba-5960  [006] ....  1405.225767: do_swap_page: prefetch fault 5960 "com.rovio.baba" 7eb838f000 d284e
           <...>-6137  [007] ....  1405.226999: read_swap_cache_async: remote readpage 5960 "Chrome_IOThread" 7d6e1c4000 d284f
           <...>-6137  [007] ....  1405.227002: do_swap_page: prefetch fault 5960 "Chrome_IOThread" 7d6e1c4000 d284f
  com.rovio.baba-5960  [007] ....  1405.228296: read_swap_cache_async: remote readpage 5960 "com.rovio.baba" 7eb8388000 d2851
  com.rovio.baba-5960  [007] ....  1405.228298: do_swap_page: prefetch fault 5960 "com.rovio.baba" 7eb8388000 d2851
           <...>-6137  [007] ....  1405.231514: do_swap_page: prefetch fault 5960 "Chrome_IOThread" 7eb83cc000 d2850
     kworker/1:2-742   [001] ....  1405.231529: read_swap_cache_async: remote readpage 742 "kworker/1:2" 7eb83cc000 d2850
     kworker/1:2-742   [001] ....  1405.231535: do_swap_page: prefetch fault 742 "kworker/1:2" 7eb83cc000 d2850
  com.rovio.baba-5960  [007] ....  1405.231995: read_swap_cache_async: remote readpage 5960 "com.rovio.baba" 7eb6c2a000 d2853
  com.rovio.baba-5960  [007] ....  1405.231997: do_swap_page: prefetch fault 5960 "com.rovio.baba" 7eb6c2a000 d2853
           <...>-6137  [007] ....  1405.235124: read_swap_cache_async: remote readpage 5960 "Chrome_IOThread" 7d5757b000 d2852
           <...>-6137  [007] ....  1405.235125: do_swap_page: prefetch fault 5960 "Chrome_IOThread" 7d5757b000 d2852
  com.rovio.baba-5960  [007] ....  1405.235587: read_swap_cache_async: remote readpage 5960 "com.rovio.baba" 7eb6c29000 d2855
  com.rovio.baba-5960  [007] ....  1405.235588: do_swap_page: prefetch fault 5960 "com.rovio.baba" 7eb6c29000 d2855
           <...>-6137  [007] ....  1405.237659: read_swap_cache_async: remote readpage 5960 "Chrome_IOThread" 7d6b428000 d2854
           <...>-6137  [007] ....  1405.237662: do_swap_page: prefetch fault 5960 "Chrome_IOThread" 7d6b428000 d2854
  com.rovio.baba-5960  [007] ....  1405.237806: read_swap_cache_async: remote readpage 5960 "com.rovio.baba" 7eb86d2000 d2857
  com.rovio.baba-5960  [007] ....  1405.237808: do_swap_page: prefetch fault 5960 "com.rovio.baba" 7eb86d2000 d2857
           <...>-6137  [007] ....  1405.239720: read_swap_cache_async: remote readpage 5960 "Chrome_IOThread" 7d57841000 d2856
           <...>-6137  [007] ....  1405.239722: do_swap_page: prefetch fault 5960 "Chrome_IOThread" 7d57841000 d2856
  com.rovio.baba-5960  [007] ....  1405.240398: read_swap_cache_async: remote readpage 5960 "com.rovio.baba" 7eb8191000 d285a
  com.rovio.baba-5960  [007] ....  1405.240399: do_swap_page: prefetch fault 5960 "com.rovio.baba" 7eb8191000 d285a
           <...>-6137  [007] ....  1405.241886: read_swap_cache_async: remote readpage 5960 "Chrome_IOThread" 7d6bccf000 d2859
           <...>-6137  [007] ....  1405.241888: do_swap_page: prefetch fault 5960 "Chrome_IOThread" 7d6bccf000 d2859
  com.rovio.baba-5960  [007] ....  1405.242440: read_swap_cache_async: remote readpage 5960 "com.rovio.baba" 7eb8740000 d285d
  com.rovio.baba-5960  [007] ....  1405.242442: do_swap_page: prefetch fault 5960 "com.rovio.baba" 7eb8740000 d285d
     kworker/1:2-742   [001] ....  1405.244319: read_swap_cache_async: remote readpage 742 "kworker/1:2" 7f28ac1000 d285c
     kworker/1:2-742   [001] ....  1405.244325: do_swap_page: prefetch fault 742 "kworker/1:2" 7f28ac1000 d285c
  com.rovio.baba-5960  [007] ....  1405.244673: read_swap_cache_async: remote readpage 5960 "com.rovio.baba" 7eb6afb000 d2860
  com.rovio.baba-5960  [007] ....  1405.244674: do_swap_page: prefetch fault 5960 "com.rovio.baba" 7eb6afb000 d2860
           <...>-6137  [007] ....  1405.246610: read_swap_cache_async: remote readpage 5960 "Chrome_IOThread" 7eb6a57000 d285f
           <...>-6137  [007] ....  1405.246611: do_swap_page: prefetch fault 5960 "Chrome_IOThread" 7eb6a57000 d285f
  com.rovio.baba-5960  [004] ....  1405.247591: read_swap_cache_async: remote readpage 5960 "com.rovio.baba" 7f28e67000 d289b
  com.rovio.baba-5960  [004] ....  1405.247595: do_swap_page: prefetch fault 5960 "com.rovio.baba" 7f28e67000 d289b
     kworker/1:2-742   [001] ....  1405.248520: read_swap_cache_async: remote readpage 742 "kworker/1:2" 7f28f1f000 d2861
     kworker/1:2-742   [001] ....  1405.248569: do_swap_page: prefetch fault 742 "kworker/1:2" 7f28f1f000 d2861
           <...>-6137  [005] ....  1405.248734: read_swap_cache_async: remote readpage 5960 "Chrome_IOThread" 7f28a79000 d2863
           <...>-6137  [005] ....  1405.248739: do_swap_page: prefetch fault 5960 "Chrome_IOThread" 7f28a79000 d2863
  com.rovio.baba-5960  [004] ....  1405.250468: read_swap_cache_async: remote readpage 5960 "com.rovio.baba" 7f28f43000 d2864
  com.rovio.baba-5960  [004] ....  1405.250472: do_swap_page: prefetch fault 5960 "com.rovio.baba" 7f28f43000 d2864
           <...>-6137  [005] ....  1405.253780: read_swap_cache_async: remote readpage 5960 "Chrome_IOThread" 7d578e3000 d2866
           <...>-6137  [005] ....  1405.253785: do_swap_page: prefetch fault 5960 "Chrome_IOThread" 7d578e3000 d2866
  com.rovio.baba-5960  [004] ....  1405.254133: read_swap_cache_async: remote readpage 5960 "com.rovio.baba" 7eb6bb9000 d2867
  com.rovio.baba-5960  [004] ....  1405.254140: do_swap_page: prefetch fault 5960 "com.rovio.baba" 7eb6bb9000 d2867
  com.rovio.baba-5960  [004] ....  1405.257987: read_swap_cache_async: remote readpage 5960 "com.rovio.baba" 7eb6bb8000 d2870
  com.rovio.baba-5960  [004] ....  1405.257988: do_swap_page: prefetch fault 5960 "com.rovio.baba" 7eb6bb8000 d2870
     kworker/1:2-742   [001] ....  1405.258190: do_swap_page: prefetch fault 742 "kworker/1:2" 7d578ee000 d286a
           <...>-6137  [005] ....  1405.258270: read_swap_cache_async: remote readpage 5960 "Chrome_IOThread" 7d578ee000 d286a
           <...>-6137  [005] ....  1405.258274: do_swap_page: prefetch fault 5960 "Chrome_IOThread" 7d578ee000 d286a
     kworker/1:2-742   [001] ....  1405.261513: read_swap_cache_async: remote readpage 742 "kworker/1:2" 7d6b4da000 d286d
     kworker/1:2-742   [001] ....  1405.261525: do_swap_page: prefetch fault 742 "kworker/1:2" 7d6b4da000 d286d
  com.rovio.baba-5960  [006] ....  1405.261549: read_swap_cache_async: remote readpage 5960 "com.rovio.baba" 7eb8275000 d2873
  com.rovio.baba-5960  [006] ....  1405.261554: do_swap_page: prefetch fault 5960 "com.rovio.baba" 7eb8275000 d2873
     kworker/1:2-742   [001] ....  1405.265565: read_swap_cache_async: remote readpage 742 "kworker/1:2" 7eb8809000 d286f
     kworker/1:2-742   [001] ....  1405.265574: do_swap_page: prefetch fault 742 "kworker/1:2" 7eb8809000 d286f
  com.rovio.baba-5960  [006] ....  1405.265665: read_swap_cache_async: remote readpage 5960 "com.rovio.baba" 7eb874f000 d2875
  com.rovio.baba-5960  [006] ....  1405.265670: do_swap_page: prefetch fault 5960 "com.rovio.baba" 7eb874f000 d2875
     kworker/1:2-742   [001] ....  1405.268758: read_swap_cache_async: remote readpage 742 "kworker/1:2" 7ec8482000 d2872
     kworker/1:2-742   [001] ....  1405.268764: do_swap_page: prefetch fault 742 "kworker/1:2" 7ec8482000 d2872
  com.rovio.baba-5960  [006] ....  1405.269033: read_swap_cache_async: remote readpage 5960 "com.rovio.baba" 7eb8276000 d2876
  com.rovio.baba-5960  [006] ....  1405.269037: do_swap_page: prefetch fault 5960 "com.rovio.baba" 7eb8276000 d2876
  com.rovio.baba-5960  [006] ....  1405.271055: read_swap_cache_async: remote readpage 5960 "com.rovio.baba" 7eb82b2000 d2878
  com.rovio.baba-5960  [006] ....  1405.271059: do_swap_page: prefetch fault 5960 "com.rovio.baba" 7eb82b2000 d2878
     kworker/1:2-742   [001] ....  1405.273829: do_swap_page: prefetch fault 742 "kworker/1:2" 7eb82b1000 d2879
  com.rovio.baba-5960  [006] ....  1405.273889: read_swap_cache_async: remote readpage 5960 "com.rovio.baba" 7eb82b1000 d2879
  com.rovio.baba-5960  [006] ....  1405.273893: do_swap_page: prefetch fault 5960 "com.rovio.baba" 7eb82b1000 d2879
     kworker/1:2-742   [001] ....  1405.276153: read_swap_cache_async: remote readpage 742 "kworker/1:2" 7eb88bb000 d287a
     kworker/1:2-742   [001] ....  1405.276167: do_swap_page: prefetch fault 742 "kworker/1:2" 7eb88bb000 d287a
  com.rovio.baba-5960  [006] ....  1405.278260: do_swap_page: prefetch fault 5960 "com.rovio.baba" 7eb832a000 d287b
     kworker/1:2-742   [001] ....  1405.278272: read_swap_cache_async: remote readpage 742 "kworker/1:2" 7eb832a000 d287b
     kworker/1:2-742   [001] ....  1405.278277: do_swap_page: prefetch fault 742 "kworker/1:2" 7eb832a000 d287b
     kworker/1:2-742   [001] ....  1405.280555: read_swap_cache_async: remote readpage 742 "kworker/1:2" 7d57e14000 d287c
     kworker/1:2-742   [001] ....  1405.280559: do_swap_page: prefetch fault 742 "kworker/1:2" 7d57e14000 d287c
     kworker/1:2-742   [001] ....  1405.283470: read_swap_cache_async: remote readpage 742 "kworker/1:2" 7eb8329000 d287d
     kworker/1:2-742   [001] ....  1405.283479: do_swap_page: prefetch fault 742 "kworker/1:2" 7eb8329000 d287d
     kworker/1:2-742   [001] ....  1405.287949: read_swap_cache_async: remote readpage 742 "kworker/1:2" 7eb88fa000 d287e
     kworker/1:2-742   [001] ....  1405.287964: do_swap_page: prefetch fault 742 "kworker/1:2" 7eb88fa000 d287e
  com.rovio.baba-5960  [006] ....  1405.290141: do_swap_page: prefetch fault 5960 "com.rovio.baba" 7f28dbb000 d287f
     kworker/1:2-742   [001] ....  1405.290327: read_swap_cache_async: remote readpage 742 "kworker/1:2" 7f28dbb000 d287f
     kworker/1:2-742   [001] ....  1405.290332: do_swap_page: prefetch fault 742 "kworker/1:2" 7f28dbb000 d287f
     kworker/1:2-742   [001] ....  1405.292470: read_swap_cache_async: remote readpage 742 "kworker/1:2" 7f28f05000 d2880
     kworker/1:2-742   [001] ....  1405.292474: do_swap_page: prefetch fault 742 "kworker/1:2" 7f28f05000 d2880
     kworker/1:2-742   [001] ....  1405.294500: read_swap_cache_async: remote readpage 742 "kworker/1:2" 7eb83b2000 d2881
     kworker/1:2-742   [001] ....  1405.294507: do_swap_page: prefetch fault 742 "kworker/1:2" 7eb83b2000 d2881
     kworker/1:2-742   [001] ....  1405.298751: read_swap_cache_async: remote readpage 742 "kworker/1:2" 7f28f2e000 d2882
     kworker/1:2-742   [001] ....  1405.298766: do_swap_page: prefetch fault 742 "kworker/1:2" 7f28f2e000 d2882
  com.rovio.baba-5960  [006] ....  1405.301608: do_swap_page: prefetch fault 5960 "com.rovio.baba" 7f28f2f000 d2883
     kworker/1:2-742   [001] ....  1405.301818: read_swap_cache_async: remote readpage 742 "kworker/1:2" 7f28f2f000 d2883
     kworker/1:2-742   [001] ....  1405.301824: do_swap_page: prefetch fault 742 "kworker/1:2" 7f28f2f000 d2883
     kworker/1:2-742   [001] ....  1405.303854: read_swap_cache_async: remote readpage 742 "kworker/1:2" 7eb7f75000 d288f
     kworker/1:2-742   [001] ....  1405.303858: do_swap_page: prefetch fault 742 "kworker/1:2" 7eb7f75000 d288f
     kworker/1:2-742   [001] ....  1405.310115: read_swap_cache_async: remote readpage 742 "kworker/1:2" 7f28e65000 d289a
     kworker/1:2-742   [001] ....  1405.310123: do_swap_page: prefetch fault 742 "kworker/1:2" 7f28e65000 d289a
     kworker/1:2-742   [001] ....  1405.312695: read_swap_cache_async: remote readpage 742 "kworker/1:2" 7eb8891000 d28a7
     kworker/1:2-742   [001] ....  1405.312705: do_swap_page: prefetch fault 742 "kworker/1:2" 7eb8891000 d28a7
 FMOD mixer thre-8145  [004] d..4  1405.367227: __free_cluster: [REMOTE __free_cluster] free cluster 116
     kworker/0:1-75    [000] ...1  1405.374756: scan_swap_map_try_cluster_id: [REMOTE scan_swap_map_try_cluster_id] id 9: alloc new cluster 9512
       UnityMain-6014  [006] ....  1405.390599: read_swap_cache_async: remote readpage 5960 "UnityMain" 77588000 8
       UnityMain-6014  [005] ....  1405.392997: read_swap_cache_async: remote readpage 5960 "UnityMain" 77589000 9
       UnityMain-6014  [005] ....  1405.394714: read_swap_cache_async: remote readpage 5960 "UnityMain" 7758a000 a
       UnityMain-6014  [005] ....  1405.397070: read_swap_cache_async: remote readpage 5960 "UnityMain" 7758b000 b
       UnityMain-6014  [005] ....  1405.400643: read_swap_cache_async: remote readpage 5960 "UnityMain" 7758c000 c
       UnityMain-6014  [005] d..4  1405.406075: __free_cluster: [REMOTE __free_cluster] free cluster 1262
           <...>-6031  [001] d..4  1405.449654: __free_cluster: [REMOTE __free_cluster] free cluster 3368
       UnityMain-6014  [005] d..4  1405.549040: __free_cluster: [REMOTE __free_cluster] free cluster 1318
 pool-5-thread-1-6004  [004] ....  1405.645336: read_swap_cache_async: remote readpage 5960 "pool-5-thread-1" 7dd215f000 232853
     kworker/0:1-75    [000] ...1  1405.651363: scan_swap_map_try_cluster_id: [REMOTE scan_swap_map_try_cluster_id] id 9: alloc new cluster 9576
     kworker/0:0-7979  [000] ...1  1405.948495: scan_swap_map_try_cluster_id: [REMOTE scan_swap_map_try_cluster_id] id 9: alloc new cluster 9640
       UnityMain-6014  [007] d..4  1406.031777: __free_cluster: [REMOTE __free_cluster] free cluster 1651
     kworker/0:1-75    [000] d..4  1406.046896: __free_cluster: [REMOTE __free_cluster] free cluster 162
       UnityMain-6014  [004] d..4  1406.182140: __free_cluster: [REMOTE __free_cluster] free cluster 1715
     kworker/0:1-75    [000] ...1  1406.230428: scan_swap_map_try_cluster_id: [REMOTE scan_swap_map_try_cluster_id] id 9: alloc new cluster 9704
       UnityMain-6014  [007] d..4  1406.315888: __free_cluster: [REMOTE __free_cluster] free cluster 1779
       UnityMain-6014  [006] d..4  1406.348691: __free_cluster: [REMOTE __free_cluster] free cluster 1843
     kworker/0:1-75    [000] ...1  1406.510981: scan_swap_map_try_cluster_id: [REMOTE scan_swap_map_try_cluster_id] id 9: alloc new cluster 9768
     kworker/0:1-75    [000] d..4  1406.610923: __free_cluster: [REMOTE __free_cluster] free cluster 226
     kworker/0:0-7979  [000] ...1  1406.784575: scan_swap_map_try_cluster_id: [REMOTE scan_swap_map_try_cluster_id] id 9: alloc new cluster 9832
     kworker/0:0-7979  [000] ...1  1407.052598: scan_swap_map_try_cluster_id: [REMOTE scan_swap_map_try_cluster_id] id 9: alloc new cluster 9896
     kworker/0:1-75    [000] d..4  1407.081039: __free_cluster: [REMOTE __free_cluster] free cluster 290
     kworker/0:0-7979  [000] ...1  1407.329326: scan_swap_map_try_cluster_id: [REMOTE scan_swap_map_try_cluster_id] id 9: alloc new cluster 9960
     kworker/0:1-75    [000] d..4  1407.433409: __free_cluster: [REMOTE __free_cluster] free cluster 539
     kworker/0:0-7979  [000] ...1  1407.616959: scan_swap_map_try_cluster_id: [REMOTE scan_swap_map_try_cluster_id] id 9: alloc new cluster 10024
 send_target_man-200   [001] d..2  1407.626501: send_target_manager: send target manager - id, which_table : 4, 1
 send_target_man-200   [001] d..2  1407.626949: send_target_manager: send target manager - id, which_table : 5, 0
     kworker/0:1-75    [000] d..4  1407.647715: __free_cluster: [REMOTE __free_cluster] free cluster 354
     kworker/0:0-7979  [000] ...1  1407.894303: scan_swap_map_try_cluster_id: [REMOTE scan_swap_map_try_cluster_id] id 9: alloc new cluster 10088
     kworker/0:1-75    [000] d..4  1408.000892: __free_cluster: [REMOTE __free_cluster] free cluster 603
     kworker/0:1-75    [000] d..4  1408.155487: __free_cluster: [REMOTE __free_cluster] free cluster 418
     kworker/0:0-7979  [000] ...1  1408.196801: scan_swap_map_try_cluster_id: [REMOTE scan_swap_map_try_cluster_id] id 9: alloc new cluster 10152
     kworker/0:0-7979  [000] ...1  1408.464640: scan_swap_map_try_cluster_id: [REMOTE scan_swap_map_try_cluster_id] id 9: alloc new cluster 10216
     kworker/0:0-7979  [000] d..4  1408.564129: __free_cluster: [REMOTE __free_cluster] free cluster 667
     kworker/0:0-7979  [000] d..4  1408.705490: __free_cluster: [REMOTE __free_cluster] free cluster 482
     kworker/0:0-7979  [000] ...1  1408.744356: scan_swap_map_try_cluster_id: [REMOTE scan_swap_map_try_cluster_id] id 9: alloc new cluster 10280
       UnityMain-6014  [006] d..4  1408.830661: __free_cluster: [REMOTE __free_cluster] free cluster 1587
     kworker/0:0-7979  [000] ...1  1409.026798: scan_swap_map_try_cluster_id: [REMOTE scan_swap_map_try_cluster_id] id 9: alloc new cluster 10344
     kworker/0:1-75    [000] d..4  1409.125102: __free_cluster: [REMOTE __free_cluster] free cluster 731
     kworker/0:1-75    [000] d..4  1409.191224: __free_cluster: [REMOTE __free_cluster] free cluster 546
     kworker/0:0-7979  [000] ...1  1409.292093: scan_swap_map_try_cluster_id: [REMOTE scan_swap_map_try_cluster_id] id 9: alloc new cluster 10408
     kworker/0:0-7979  [000] ...1  1409.571971: scan_swap_map_try_cluster_id: [REMOTE scan_swap_map_try_cluster_id] id 9: alloc new cluster 10472
     kworker/0:0-7979  [000] d..4  1409.751713: __free_cluster: [REMOTE __free_cluster] free cluster 610
     kworker/0:1-75    [000] ...1  1409.859702: scan_swap_map_try_cluster_id: [REMOTE scan_swap_map_try_cluster_id] id 9: alloc new cluster 10536
           <...>-6483  [000] d..4  1410.114168: __free_cluster: [REMOTE __free_cluster] free cluster 1906
     kworker/0:0-7979  [000] ...1  1410.128923: scan_swap_map_try_cluster_id: [REMOTE scan_swap_map_try_cluster_id] id 9: alloc new cluster 10600
           <...>-6483  [000] dn.3  1410.159174: __free_cluster: [REMOTE __free_cluster] free cluster 626
           <...>-6483  [000] dn.3  1410.159188: __free_cluster: [REMOTE __free_cluster] free cluster 690
           <...>-6483  [000] d..4  1410.161762: __free_cluster: [REMOTE __free_cluster] free cluster 818
           <...>-6483  [000] d..4  1410.161810: __free_cluster: [REMOTE __free_cluster] free cluster 946
           <...>-6483  [000] d..4  1410.161818: __free_cluster: [REMOTE __free_cluster] free cluster 754
     kworker/0:1-75    [000] d..4  1410.226689: __free_cluster: [REMOTE __free_cluster] free cluster 674
     kworker/0:1-75    [000] ...1  1410.390044: scan_swap_map_try_cluster_id: [REMOTE scan_swap_map_try_cluster_id] id 9: alloc new cluster 10664
     kworker/0:0-7979  [000] ...1  1410.660438: scan_swap_map_try_cluster_id: [REMOTE scan_swap_map_try_cluster_id] id 9: alloc new cluster 10728
     kworker/0:0-7979  [000] d..4  1410.764213: __free_cluster: [REMOTE __free_cluster] free cluster 738
     kworker/0:0-7979  [000] ...1  1410.939656: scan_swap_map_try_cluster_id: [REMOTE scan_swap_map_try_cluster_id] id 9: alloc new cluster 10792
     kworker/0:0-7979  [000] ...1  1411.215727: scan_swap_map_try_cluster_id: [REMOTE scan_swap_map_try_cluster_id] id 9: alloc new cluster 10856
     kworker/0:0-7979  [000] d..4  1411.248933: __free_cluster: [REMOTE __free_cluster] free cluster 987
     kworker/0:1-75    [000] d..4  1411.313403: __free_cluster: [REMOTE __free_cluster] free cluster 802
     kworker/0:0-7979  [000] ...1  1411.489443: scan_swap_map_try_cluster_id: [REMOTE scan_swap_map_try_cluster_id] id 9: alloc new cluster 10920
     kworker/0:1-75    [000] ...1  1411.760846: scan_swap_map_try_cluster_id: [REMOTE scan_swap_map_try_cluster_id] id 9: alloc new cluster 10984
     kworker/0:1-75    [000] d..4  1411.794512: __free_cluster: [REMOTE __free_cluster] free cluster 1051
     kworker/0:1-75    [000] d..4  1411.794675: __free_cluster: [REMOTE __free_cluster] free cluster 866
     kworker/0:0-7979  [000] ...1  1412.061922: scan_swap_map_try_cluster_id: [REMOTE scan_swap_map_try_cluster_id] id 9: alloc new cluster 11048
     kworker/0:1-75    [000] ...1  1412.344237: scan_swap_map_try_cluster_id: [REMOTE scan_swap_map_try_cluster_id] id 9: alloc new cluster 11112
     kworker/0:1-75    [000] d..4  1412.377088: __free_cluster: [REMOTE __free_cluster] free cluster 930
     kworker/0:1-75    [000] ...1  1412.610664: scan_swap_map_try_cluster_id: [REMOTE scan_swap_map_try_cluster_id] id 9: alloc new cluster 11176
     kworker/0:1-75    [000] ...1  1412.888571: scan_swap_map_try_cluster_id: [REMOTE scan_swap_map_try_cluster_id] id 9: alloc new cluster 11240
     kworker/0:1-75    [000] d..4  1412.920569: __free_cluster: [REMOTE __free_cluster] free cluster 994
     kworker/0:1-75    [000] ...1  1413.163500: scan_swap_map_try_cluster_id: [REMOTE scan_swap_map_try_cluster_id] id 9: alloc new cluster 11304
     kworker/0:1-75    [000] d..4  1413.411142: __free_cluster: [REMOTE __free_cluster] free cluster 1058
     kworker/0:1-75    [000] ...1  1413.445383: scan_swap_map_try_cluster_id: [REMOTE scan_swap_map_try_cluster_id] id 9: alloc new cluster 11368
     kworker/0:1-75    [000] d..4  1413.544191: __free_cluster: [REMOTE __free_cluster] free cluster 1307
     kworker/0:1-75    [000] ...1  1413.715260: scan_swap_map_try_cluster_id: [REMOTE scan_swap_map_try_cluster_id] id 9: alloc new cluster 11432
     kworker/0:0-7979  [000] ...1  1413.992870: scan_swap_map_try_cluster_id: [REMOTE scan_swap_map_try_cluster_id] id 9: alloc new cluster 11496
     kworker/0:0-7979  [000] d..4  1414.095236: __free_cluster: [REMOTE __free_cluster] free cluster 1371
     kworker/0:1-75    [000] ...1  1414.266668: scan_swap_map_try_cluster_id: [REMOTE scan_swap_map_try_cluster_id] id 9: alloc new cluster 11560
     kworker/0:1-75    [000] ...1  1414.553032: scan_swap_map_try_cluster_id: [REMOTE scan_swap_map_try_cluster_id] id 9: alloc new cluster 11624
     kworker/0:1-75    [000] d..4  1414.661116: __free_cluster: [REMOTE __free_cluster] free cluster 1435
     kworker/0:1-75    [000] ...1  1414.844289: scan_swap_map_try_cluster_id: [REMOTE scan_swap_map_try_cluster_id] id 9: alloc new cluster 11688
     kworker/0:1-75    [000] ...1  1415.134103: scan_swap_map_try_cluster_id: [REMOTE scan_swap_map_try_cluster_id] id 9: alloc new cluster 11752
     kworker/0:0-7979  [000] d..4  1415.237044: __free_cluster: [REMOTE __free_cluster] free cluster 1499
     kworker/0:1-75    [000] ...1  1415.410104: scan_swap_map_try_cluster_id: [REMOTE scan_swap_map_try_cluster_id] id 9: alloc new cluster 11816
     kworker/0:1-75    [000] ...1  1415.689218: scan_swap_map_try_cluster_id: [REMOTE scan_swap_map_try_cluster_id] id 9: alloc new cluster 11880
     kworker/0:1-75    [000] d..4  1415.851898: __free_cluster: [REMOTE __free_cluster] free cluster 1563
     kworker/0:0-7979  [000] ...1  1415.964595: scan_swap_map_try_cluster_id: [REMOTE scan_swap_map_try_cluster_id] id 9: alloc new cluster 11944
     kworker/0:1-75    [000] d..4  1415.989111: __free_cluster: [REMOTE __free_cluster] free cluster 1442
     kworker/0:1-75    [000] ...1  1416.271433: scan_swap_map_try_cluster_id: [REMOTE scan_swap_map_try_cluster_id] id 9: alloc new cluster 12008
     kworker/0:0-7979  [000] d..4  1416.438318: __free_cluster: [REMOTE __free_cluster] free cluster 1627
     kworker/0:1-75    [000] ...1  1416.554734: scan_swap_map_try_cluster_id: [REMOTE scan_swap_map_try_cluster_id] id 9: alloc new cluster 12072
     kworker/0:0-7979  [000] d..4  1416.578292: __free_cluster: [REMOTE __free_cluster] free cluster 1506
     kworker/0:1-75    [000] ...1  1416.832611: scan_swap_map_try_cluster_id: [REMOTE scan_swap_map_try_cluster_id] id 9: alloc new cluster 12136
     kworker/0:1-75    [000] d..4  1417.006398: __free_cluster: [REMOTE __free_cluster] free cluster 1691
     kworker/0:0-7979  [000] ...1  1417.122135: scan_swap_map_try_cluster_id: [REMOTE scan_swap_map_try_cluster_id] id 9: alloc new cluster 12200
     kworker/0:1-75    [000] ...1  1417.410162: scan_swap_map_try_cluster_id: [REMOTE scan_swap_map_try_cluster_id] id 9: alloc new cluster 12264
     kworker/0:0-7979  [000] d..4  1417.568243: __free_cluster: [REMOTE __free_cluster] free cluster 1755
 send_target_man-200   [003] d..2  1417.653192: send_target_manager: send target manager - id, which_table : 4, 1
 send_target_man-200   [003] d..2  1417.653519: send_target_manager: send target manager - id, which_table : 5, 0
     kworker/0:1-75    [000] ...1  1417.710066: scan_swap_map_try_cluster_id: [REMOTE scan_swap_map_try_cluster_id] id 9: alloc new cluster 12328
     kworker/0:0-7979  [000] ...1  1418.010828: scan_swap_map_try_cluster_id: [REMOTE scan_swap_map_try_cluster_id] id 9: alloc new cluster 12392
     kworker/0:0-7979  [000] d..4  1418.187890: __free_cluster: [REMOTE __free_cluster] free cluster 1819
     kworker/0:0-7979  [000] ...1  1418.305356: scan_swap_map_try_cluster_id: [REMOTE scan_swap_map_try_cluster_id] id 9: alloc new cluster 12456
     kworker/0:0-7979  [000] ...1  1418.574799: scan_swap_map_try_cluster_id: [REMOTE scan_swap_map_try_cluster_id] id 9: alloc new cluster 12520
     kworker/0:1-75    [000] dn.4  1418.731112: __free_cluster: [REMOTE __free_cluster] free cluster 1883
     kworker/0:0-7979  [000] ...1  1418.858047: scan_swap_map_try_cluster_id: [REMOTE scan_swap_map_try_cluster_id] id 9: alloc new cluster 12584
     kworker/0:1-75    [000] ...1  1419.142698: scan_swap_map_try_cluster_id: [REMOTE scan_swap_map_try_cluster_id] id 9: alloc new cluster 12648
     kworker/0:0-7979  [000] d..4  1419.312712: __free_cluster: [REMOTE __free_cluster] free cluster 1947
     kworker/0:0-7979  [000] ...1  1419.433254: scan_swap_map_try_cluster_id: [REMOTE scan_swap_map_try_cluster_id] id 9: alloc new cluster 12712
     kworker/0:0-7979  [000] ...1  1419.713589: scan_swap_map_try_cluster_id: [REMOTE scan_swap_map_try_cluster_id] id 9: alloc new cluster 12776
     kworker/0:1-75    [000] d..4  1419.874073: __free_cluster: [REMOTE __free_cluster] free cluster 2011
     kworker/0:1-75    [000] ...1  1419.990031: scan_swap_map_try_cluster_id: [REMOTE scan_swap_map_try_cluster_id] id 9: alloc new cluster 12840
     kworker/0:0-7979  [000] ...1  1420.267704: scan_swap_map_try_cluster_id: [REMOTE scan_swap_map_try_cluster_id] id 9: alloc new cluster 12904
     kworker/0:0-7979  [000] d..4  1420.433591: __free_cluster: [REMOTE __free_cluster] free cluster 28
     kworker/0:1-75    [000] ...1  1420.552351: scan_swap_map_try_cluster_id: [REMOTE scan_swap_map_try_cluster_id] id 9: alloc new cluster 12968
     kworker/0:0-7979  [000] ...1  1420.819568: scan_swap_map_try_cluster_id: [REMOTE scan_swap_map_try_cluster_id] id 9: alloc new cluster 13032
     kworker/0:0-7979  [000] d..4  1420.993224: __free_cluster: [REMOTE __free_cluster] free cluster 92
     kworker/0:0-7979  [000] ...1  1421.131223: scan_swap_map_try_cluster_id: [REMOTE scan_swap_map_try_cluster_id] id 9: alloc new cluster 13096
     kworker/0:1-75    [000] ...1  1421.439799: scan_swap_map_try_cluster_id: [REMOTE scan_swap_map_try_cluster_id] id 9: alloc new cluster 13160
     kworker/0:1-75    [000] d..4  1421.608070: __free_cluster: [REMOTE __free_cluster] free cluster 156
     kworker/0:0-7979  [000] ...1  1421.720379: scan_swap_map_try_cluster_id: [REMOTE scan_swap_map_try_cluster_id] id 9: alloc new cluster 13224
     kworker/0:0-7979  [000] ...1  1422.014969: scan_swap_map_try_cluster_id: [REMOTE scan_swap_map_try_cluster_id] id 9: alloc new cluster 13288
     kworker/0:0-7979  [000] d..4  1422.181014: __free_cluster: [REMOTE __free_cluster] free cluster 220
     kworker/0:1-75    [000] ...1  1422.305737: scan_swap_map_try_cluster_id: [REMOTE scan_swap_map_try_cluster_id] id 9: alloc new cluster 13352
