           <...>-5966  [005] ...1  1001.899748: do_swap_page: id 5, table 0 || 902: 5960 7d6b518000
           <...>-5966  [005] ...1  1001.899762: do_swap_page: id 5, table 0 || 903: 5960 7d57fc1000
  com.rovio.baba-5960  [006] ...1  1001.899785: do_swap_page: id 5, table 0 || 904: 5960 7f39842000
           <...>-5966  [005] ...1  1001.899790: do_swap_page: id 5, table 0 || 905: 5960 7d579cc000
           <...>-5966  [005] ...1  1001.899799: do_swap_page: id 5, table 0 || 906: 5960 7d579cd000
  com.rovio.baba-5960  [006] ...1  1001.899806: do_swap_page: id 5, table 0 || 907: 5960 7eb7fb3000
           <...>-5966  [005] ...1  1001.899808: do_swap_page: id 5, table 0 || 908: 5960 7d57f5a000
           <...>-5966  [005] ...1  1001.899840: do_swap_page: id 5, table 0 || 909: 5960 7f2d243000
           <...>-5966  [005] ...1  1001.899852: do_swap_page: id 5, table 0 || 910: 5960 7f2d88e000
  com.rovio.baba-5960  [006] ...1  1001.899856: do_swap_page: id 5, table 0 || 911: 5960 7eb7fd0000
           <...>-5966  [005] ...1  1001.899875: do_swap_page: id 5, table 0 || 912: 5960 7d5809c000
           <...>-5966  [005] ...1  1001.899889: do_swap_page: id 5, table 0 || 913: 5960 7eb23ab000
           <...>-5966  [005] ...1  1001.899901: do_swap_page: id 5, table 0 || 914: 5960 7d57b09000
           <...>-5966  [005] ...1  1001.899914: do_swap_page: id 5, table 0 || 915: 5960 7ec836d000
           <...>-5966  [005] ...1  1001.899934: do_swap_page: id 5, table 0 || 916: 5960 7f2d765000
           <...>-5966  [005] ...1  1001.899944: do_swap_page: id 5, table 0 || 917: 5960 7f2d761000
           <...>-5966  [005] ...1  1001.899961: do_swap_page: id 5, table 0 || 918: 5960 7f2ee6e000
           <...>-5988  [004] ....  1001.899962: read_swap_cache_async: remote readpage 5960 "queued-work-loo" 7f308f4000 3a8f2
           <...>-5988  [004] ....  1001.899964: do_swap_page: prefetch fault 5960 "queued-work-loo" 7f308f4000 3a8f2
           <...>-5966  [005] ...1  1001.899975: do_swap_page: id 5, table 0 || 919: 5960 7d90f3c000
           <...>-5966  [005] ...1  1001.899988: do_swap_page: id 5, table 0 || 920: 5960 7f2d769000
           <...>-5966  [005] ...1  1001.900002: do_swap_page: id 5, table 0 || 921: 5960 7f39abb000
           <...>-5966  [005] ...1  1001.900009: do_swap_page: id 5, table 0 || 922: 5960 7f39ab9000
           <...>-5966  [005] ...1  1001.900017: do_swap_page: id 5, table 0 || 923: 5960 7f39aba000
           <...>-5966  [005] ...1  1001.900034: do_swap_page: id 5, table 0 || 924: 5960 7d57bf5000
           <...>-5966  [005] ...1  1001.900044: do_swap_page: id 5, table 0 || 925: 5960 7d57bf6000
           <...>-5966  [005] ...1  1001.900052: do_swap_page: id 5, table 0 || 926: 5960 7d57bf7000
           <...>-5966  [005] ...1  1001.900091: do_swap_page: id 5, table 0 || 927: 5960 7d57bf8000
           <...>-5966  [005] ...1  1001.900099: do_swap_page: id 5, table 0 || 928: 5960 7d57bf9000
           <...>-5966  [005] ...1  1001.900109: do_swap_page: id 5, table 0 || 929: 5960 7d57bfd000
  com.rovio.baba-5960  [006] ...1  1001.900131: do_swap_page: id 5, table 0 || 930: 5960 1301d000
  com.rovio.baba-5960  [006] ....  1001.900256: read_swap_cache_async: remote readpage 5960 "com.rovio.baba" 7f28e53000 3a867
  com.rovio.baba-5960  [006] ....  1001.900259: do_swap_page: prefetch fault 5960 "com.rovio.baba" 7f28e53000 3a867
           <...>-5966  [005] ...1  1001.900278: do_swap_page: id 5, table 0 || 931: 5960 7d57b25000
           <...>-5966  [005] ...1  1001.900287: do_swap_page: id 5, table 0 || 932: 5960 7d57b24000
           <...>-5966  [005] ...1  1001.900298: do_swap_page: id 5, table 0 || 933: 5960 7d57bfe000
           <...>-5966  [005] ...1  1001.900347: do_swap_page: id 5, table 0 || 934: 5960 7d9bfcf000
           <...>-5966  [005] ...1  1001.900358: do_swap_page: id 5, table 0 || 935: 5960 7d9bfd1000
           <...>-5966  [005] ...1  1001.900369: do_swap_page: id 5, table 0 || 936: 5960 7d6b4ec000
           <...>-5966  [005] ...1  1001.900381: do_swap_page: id 5, table 0 || 937: 5960 7d57d16000
           <...>-5966  [005] ...1  1001.900393: do_swap_page: id 5, table 0 || 938: 5960 7eb5f1f000
           <...>-5966  [005] ...1  1001.900402: do_swap_page: id 5, table 0 || 939: 5960 7d6b54a000
           <...>-5966  [005] ...1  1001.900411: do_swap_page: id 5, table 0 || 940: 5960 7d6ba54000
           <...>-5966  [005] ...1  1001.900426: do_swap_page: id 5, table 0 || 941: 5960 7ec81ad000
           <...>-5966  [005] ...1  1001.900441: do_swap_page: id 5, table 0 || 942: 5960 7d47271000
           <...>-5966  [005] ...1  1001.900451: do_swap_page: id 5, table 0 || 943: 5960 7d47272000
           <...>-5966  [005] ...1  1001.900469: do_swap_page: id 5, table 0 || 944: 5960 7dd1f12000
           <...>-5966  [005] ...1  1001.900479: do_swap_page: id 5, table 0 || 945: 5960 7f2d893000
           <...>-5966  [005] ...1  1001.900487: do_swap_page: id 5, table 0 || 946: 5960 7f2d87c000
           <...>-5966  [005] ...1  1001.900505: do_swap_page: id 5, table 0 || 947: 5960 7f2d89e000
           <...>-5966  [005] ...1  1001.900516: do_swap_page: id 5, table 0 || 948: 5960 7ec83e4000
           <...>-5966  [005] ...1  1001.900526: do_swap_page: id 5, table 0 || 949: 5960 7ec8566000
           <...>-5966  [005] ...1  1001.900534: do_swap_page: id 5, table 0 || 950: 5960 7ec858d000
           <...>-5966  [005] ...1  1001.900543: do_swap_page: id 5, table 0 || 951: 5960 7f2d88f000
           <...>-5966  [005] ...1  1001.900551: do_swap_page: id 5, table 0 || 952: 5960 7f2d89a000
           <...>-5966  [005] ...1  1001.900558: do_swap_page: id 5, table 0 || 953: 5960 7ec87bb000
           <...>-5966  [005] ...1  1001.900571: do_swap_page: id 5, table 0 || 954: 5960 7d6b9a1000
           <...>-5966  [005] ...1  1001.900581: do_swap_page: id 5, table 0 || 955: 5960 7f2d896000
           <...>-5966  [005] ...1  1001.900594: do_swap_page: id 5, table 0 || 956: 5960 7d579cb000
           <...>-5966  [005] ...1  1001.900608: do_swap_page: id 5, table 0 || 957: 5960 7d47273000
           <...>-5966  [005] ...1  1001.900617: do_swap_page: id 5, table 0 || 958: 5960 7d57c59000
           <...>-5966  [005] ....  1001.900684: read_swap_cache_async: remote readpage 5960 "Jit thread pool" 7d57c5a000 3a8fd
           <...>-5966  [005] ....  1001.900686: do_swap_page: prefetch fault 5960 "Jit thread pool" 7d57c5a000 3a8fd
           <...>-6008  [005] ...1  1001.901140: do_swap_page: id 5, table 0 || 959: 5960 72698000
           <...>-6008  [005] ....  1001.901204: read_swap_cache_async: remote readpage 5960 "pool-3-thread-1" 7fbbef8000 3a8d3
           <...>-6008  [005] ....  1001.901205: do_swap_page: prefetch fault 5960 "pool-3-thread-1" 7fbbef8000 3a8d3
           <...>-6004  [005] ...1  1001.901282: do_swap_page: id 5, table 0 || 960: 5960 7f28dea000
           <...>-6004  [005] ....  1001.901401: read_swap_cache_async: remote readpage 5960 "pool-5-thread-1" 7d474f9000 3a8d6
           <...>-6004  [005] ....  1001.901402: do_swap_page: prefetch fault 5960 "pool-5-thread-1" 7d474f9000 3a8d6
           <...>-5988  [004] ...1  1001.902030: do_swap_page: id 5, table 0 || 961: 5960 7f308f4000
           <...>-5988  [004] ....  1001.902155: read_swap_cache_async: remote readpage 5960 "queued-work-loo" 7ece133000 3a8f3
           <...>-5988  [004] ....  1001.902157: do_swap_page: prefetch fault 5960 "queued-work-loo" 7ece133000 3a8f3
  com.rovio.baba-5960  [006] ...1  1001.902161: do_swap_page: id 5, table 0 || 962: 5960 7f28e53000
  com.rovio.baba-5960  [006] ....  1001.902255: read_swap_cache_async: remote readpage 5960 "com.rovio.baba" 7ee402d000 3a86a
  com.rovio.baba-5960  [006] ....  1001.902257: do_swap_page: prefetch fault 5960 "com.rovio.baba" 7ee402d000 3a86a
           <...>-5966  [005] ...1  1001.902680: do_swap_page: id 5, table 0 || 963: 5960 7d57c5a000
           <...>-5966  [005] ...1  1001.902704: do_swap_page: id 5, table 0 || 964: 5960 7d57daf000
           <...>-5966  [005] ...1  1001.902726: do_swap_page: id 5, table 0 || 965: 5960 7d57eb5000
           <...>-5966  [005] ...1  1001.902743: do_swap_page: id 5, table 0 || 966: 5960 7d57f90000
           <...>-5966  [005] ...1  1001.902753: do_swap_page: id 5, table 0 || 967: 5960 7d57f91000
           <...>-5966  [005] ...1  1001.902769: do_swap_page: id 5, table 0 || 968: 5960 7d57958000
           <...>-5966  [005] ...1  1001.902783: do_swap_page: id 5, table 0 || 969: 5960 7d47270000
           <...>-5966  [005] ...1  1001.902796: do_swap_page: id 5, table 0 || 970: 5960 7d4750c000
           <...>-5966  [005] ...1  1001.902812: do_swap_page: id 5, table 0 || 971: 5960 7f2d67a000
           <...>-5966  [005] ...1  1001.902825: do_swap_page: id 5, table 0 || 972: 5960 7d57e44000
           <...>-5966  [005] ...1  1001.902835: do_swap_page: id 5, table 0 || 973: 5960 7d57e45000
           <...>-5966  [005] ...1  1001.902846: do_swap_page: id 5, table 0 || 974: 5960 7f2d67b000
           <...>-5966  [005] ...1  1001.902857: do_swap_page: id 5, table 0 || 975: 5960 7d57e43000
           <...>-5966  [005] ...1  1001.902867: do_swap_page: id 5, table 0 || 976: 5960 7f2d706000
           <...>-5966  [005] ...1  1001.902882: do_swap_page: id 5, table 0 || 977: 5960 7d47571000
           <...>-5966  [005] ...1  1001.902895: do_swap_page: id 5, table 0 || 978: 5960 7d475b5000
           <...>-5966  [005] ...1  1001.902910: do_swap_page: id 5, table 0 || 979: 5960 7d9bd73000
           <...>-5966  [005] ...1  1001.902932: do_swap_page: id 5, table 0 || 980: 5960 7dd1f10000
           <...>-5966  [005] ...1  1001.902945: do_swap_page: id 5, table 0 || 981: 5960 7d6bcd4000
           <...>-5966  [005] ....  1001.902992: read_swap_cache_async: remote readpage 5960 "Jit thread pool" 7d6b4dd000 3e80e
           <...>-5966  [005] ....  1001.902993: do_swap_page: prefetch fault 5960 "Jit thread pool" 7d6b4dd000 3e80e
           <...>-6008  [005] ...1  1001.904870: do_swap_page: id 5, table 0 || 982: 5960 7fbbef8000
           <...>-6008  [005] ...1  1001.904910: do_swap_page: id 5, table 0 || 983: 5960 7f235f7000
           <...>-6004  [005] ...1  1001.904993: do_swap_page: id 5, table 0 || 984: 5960 7d474f9000
           <...>-6004  [005] ...1  1001.905016: do_swap_page: id 5, table 0 || 985: 5960 1300e000
           <...>-6008  [004] ...1  1001.905077: do_swap_page: id 5, table 0 || 986: 5960 12f68000
           <...>-6008  [004] ....  1001.905145: read_swap_cache_async: remote readpage 5960 "pool-3-thread-1" 72472000 3a8da
           <...>-6008  [004] ....  1001.905146: do_swap_page: prefetch fault 5960 "pool-3-thread-1" 72472000 3a8da
           <...>-6004  [005] ....  1001.905219: read_swap_cache_async: remote readpage 5960 "pool-5-thread-1" 7d474f0000 3a8d8
  com.rovio.baba-5960  [004] ...1  1001.905220: do_swap_page: id 5, table 0 || 987: 5960 7ee402d000
           <...>-6004  [005] ....  1001.905221: do_swap_page: prefetch fault 5960 "pool-5-thread-1" 7d474f0000 3a8d8
  com.rovio.baba-5960  [004] ....  1001.905282: read_swap_cache_async: remote readpage 5960 "com.rovio.baba" 7f28f3e000 3a86b
  com.rovio.baba-5960  [004] ....  1001.905283: do_swap_page: prefetch fault 5960 "com.rovio.baba" 7f28f3e000 3a86b
           <...>-5988  [006] ...1  1001.905355: do_swap_page: id 5, table 0 || 988: 5960 7ece133000
           <...>-5988  [006] ....  1001.905449: read_swap_cache_async: remote readpage 5960 "queued-work-loo" 7f28d5b000 3a8f4
           <...>-5988  [006] ....  1001.905451: do_swap_page: prefetch fault 5960 "queued-work-loo" 7f28d5b000 3a8f4
           <...>-5966  [005] ...1  1001.909083: do_swap_page: id 5, table 0 || 989: 5960 7d6b4dd000
           <...>-5966  [005] ...1  1001.909115: do_swap_page: id 5, table 0 || 990: 5960 7f2d705000
           <...>-5966  [005] ...1  1001.909142: do_swap_page: id 5, table 0 || 991: 5960 7d6bcd6000
           <...>-5966  [005] ...1  1001.909180: do_swap_page: id 5, table 0 || 992: 5960 7d57d62000
           <...>-5966  [005] ...1  1001.909236: do_swap_page: id 5, table 0 || 993: 5960 7f2d768000
           <...>-5966  [005] ...1  1001.909326: do_swap_page: id 5, table 0 || 994: 5960 7d578d2000
           <...>-5966  [005] ...1  1001.909355: do_swap_page: id 5, table 0 || 995: 5960 7d4739d000
           <...>-5966  [005] ...1  1001.909366: do_swap_page: id 5, table 0 || 996: 5960 7d4739f000
           <...>-5966  [005] ...1  1001.909374: do_swap_page: id 5, table 0 || 997: 5960 7d473a0000
           <...>-5966  [005] ...1  1001.909382: do_swap_page: id 5, table 0 || 998: 5960 7d473a1000
           <...>-5966  [005] ...1  1001.909408: do_swap_page: id 5, table 0 || 999: 5960 7d473ba000
           <...>-5966  [005] ...1  1001.909423: do_swap_page: id 5, table 0 || 1000: 5960 7f2d8a7000
           <...>-5966  [005] ...1  1001.909445: do_swap_page: id 5, table 0 || 1001: 5960 7f2d837000
           <...>-5966  [005] ...1  1001.909456: do_swap_page: id 5, table 0 || 1002: 5960 7f2d876000
           <...>-5966  [005] ...1  1001.909499: do_swap_page: id 5, table 0 || 1003: 5960 7f2d877000
           <...>-5966  [005] ...1  1001.909512: do_swap_page: id 5, table 0 || 1004: 5960 7d6aa43000
           <...>-5966  [005] ...1  1001.909521: do_swap_page: id 5, table 0 || 1005: 5960 7f2d8a4000
           <...>-5966  [005] ...1  1001.909534: do_swap_page: id 5, table 0 || 1006: 5960 7f2d89b000
           <...>-5966  [005] ...1  1001.909559: do_swap_page: id 5, table 0 || 1007: 5960 7ec8429000
           <...>-5966  [005] ...1  1001.909570: do_swap_page: id 5, table 0 || 1008: 5960 7ec842a000
           <...>-5966  [005] ...1  1001.909580: do_swap_page: id 5, table 0 || 1009: 5960 7ec842b000
           <...>-5966  [005] ...1  1001.909591: do_swap_page: id 5, table 0 || 1010: 5960 7d473aa000
           <...>-5966  [005] ...1  1001.909600: do_swap_page: id 5, table 0 || 1011: 5960 7d473ab000
           <...>-5966  [005] ...1  1001.909609: do_swap_page: id 5, table 0 || 1012: 5960 7d473ac000
           <...>-5966  [005] ...1  1001.909620: do_swap_page: id 5, table 0 || 1013: 5960 7d473ad000
           <...>-5966  [005] ...1  1001.909639: do_swap_page: id 5, table 0 || 1014: 5960 7d473ae000
           <...>-5966  [005] ...1  1001.909649: do_swap_page: id 5, table 0 || 1015: 5960 7d473af000
           <...>-5966  [005] ...1  1001.909659: do_swap_page: id 5, table 0 || 1016: 5960 7d473b0000
           <...>-5966  [005] ...1  1001.909667: do_swap_page: id 5, table 0 || 1017: 5960 7d473b1000
           <...>-5966  [005] ...1  1001.909676: do_swap_page: id 5, table 0 || 1018: 5960 7d473b2000
           <...>-5966  [005] ...1  1001.909684: do_swap_page: id 5, table 0 || 1019: 5960 7d473b3000
           <...>-5966  [005] ...1  1001.909694: do_swap_page: id 5, table 0 || 1020: 5960 7d473b4000
           <...>-5966  [005] ...1  1001.909703: do_swap_page: id 5, table 0 || 1021: 5960 7d473b5000
           <...>-5966  [005] ...1  1001.909713: do_swap_page: id 5, table 0 || 1022: 5960 7d473b6000
           <...>-5966  [005] ...1  1001.909722: do_swap_page: id 5, table 0 || 1023: 5960 7d473b7000
           <...>-5966  [005] ...1  1001.909729: do_swap_page: id 5, table 0 || 1024: 5960 7d473b8000
           <...>-5966  [005] ...1  1001.909737: do_swap_page: id 5, table 0 || 1025: 5960 7d473b9000
           <...>-5966  [005] ...1  1001.909745: do_swap_page: id 5, table 0 || 1026: 5960 7d473a6000
           <...>-5966  [005] ...1  1001.909751: do_swap_page: id 5, table 0 || 1027: 5960 7d473a2000
           <...>-5966  [005] ...1  1001.909761: do_swap_page: id 5, table 0 || 1028: 5960 7d473bb000
           <...>-5966  [005] ...1  1001.909771: do_swap_page: id 5, table 0 || 1029: 5960 7ec842c000
           <...>-5966  [005] ...1  1001.909779: do_swap_page: id 5, table 0 || 1030: 5960 7ec842d000
           <...>-5966  [005] ...1  1001.909786: do_swap_page: id 5, table 0 || 1031: 5960 7ec842e000
           <...>-5966  [005] ...1  1001.910158: do_swap_page: id 5, table 0 || 1032: 5960 7ec8418000
  com.rovio.baba-5960  [007] ...1  1001.910542: do_swap_page: id 5, table 0 || 1033: 5960 7f28f3e000
           <...>-6004  [004] ...1  1001.910546: do_swap_page: id 5, table 0 || 1034: 5960 7d474f0000
           <...>-6004  [004] ...1  1001.910585: do_swap_page: id 5, table 0 || 1035: 5960 12ff2000
           <...>-6004  [004] ....  1001.910652: read_swap_cache_async: remote readpage 5960 "pool-5-thread-1" 7f31236000 3a8db
           <...>-6004  [004] ....  1001.910654: do_swap_page: prefetch fault 5960 "pool-5-thread-1" 7f31236000 3a8db
  com.rovio.baba-5960  [007] ....  1001.910726: read_swap_cache_async: remote readpage 5960 "com.rovio.baba" 7eb8387000 3a86c
  com.rovio.baba-5960  [007] ....  1001.910731: do_swap_page: prefetch fault 5960 "com.rovio.baba" 7eb8387000 3a86c
           <...>-6008  [006] ...1  1001.910734: do_swap_page: id 5, table 0 || 1036: 5960 72472000
           <...>-5988  [004] ...1  1001.910782: do_swap_page: id 5, table 0 || 1037: 5960 7f28d5b000
           <...>-6008  [006] ...1  1001.910851: do_swap_page: id 5, table 0 || 1038: 5960 13123000
           <...>-5966  [005] ...1  1001.910855: do_swap_page: id 5, table 0 || 1039: 5960 7f2d851000
           <...>-5966  [005] ...1  1001.910871: do_swap_page: id 5, table 0 || 1040: 5960 7f2d8ae000
           <...>-5988  [004] ....  1001.910883: read_swap_cache_async: remote readpage 5960 "queued-work-loo" 7f28e54000 3a8f5
           <...>-5966  [005] ...1  1001.910884: do_swap_page: id 5, table 0 || 1041: 5960 7d6b49f000
           <...>-5988  [004] ....  1001.910885: do_swap_page: prefetch fault 5960 "queued-work-loo" 7f28e54000 3a8f5
           <...>-5966  [005] ...1  1001.910925: do_swap_page: id 5, table 0 || 1042: 5960 7fbb431000
           <...>-5966  [005] ...1  1001.910940: do_swap_page: id 5, table 0 || 1043: 5960 7f2d8ad000
           <...>-5966  [005] ...1  1001.910987: do_swap_page: id 5, table 0 || 1044: 5960 7d47267000
           <...>-5966  [005] ...1  1001.911019: do_swap_page: id 5, table 0 || 1045: 5960 7d5809b000
           <...>-5966  [005] ...1  1001.911036: do_swap_page: id 5, table 0 || 1046: 5960 7d58104000
           <...>-5966  [005] ...1  1001.911057: do_swap_page: id 5, table 0 || 1047: 5960 7ec5b63000
           <...>-5966  [005] ...1  1001.911072: do_swap_page: id 5, table 0 || 1048: 5960 7f2d828000
           <...>-5966  [005] ...1  1001.911096: do_swap_page: id 5, table 0 || 1049: 5960 7eb7791000
           <...>-5966  [005] ...1  1001.911126: do_swap_page: id 5, table 0 || 1050: 5960 7f2d822000
           <...>-5966  [005] ...1  1001.911149: do_swap_page: id 5, table 0 || 1051: 5960 7d47268000
           <...>-5966  [005] ...1  1001.911162: do_swap_page: id 5, table 0 || 1052: 5960 7d57fbe000
           <...>-5966  [005] ...1  1001.911233: do_swap_page: id 5, table 0 || 1053: 5960 7f2d6e8000
           <...>-5966  [005] ...1  1001.911251: do_swap_page: id 5, table 0 || 1054: 5960 7f2d762000
           <...>-5966  [005] ...1  1001.911509: do_swap_page: id 5, table 0 || 1055: 5960 7d579ca000
           <...>-5966  [005] ...1  1001.911546: do_swap_page: id 5, table 0 || 1056: 5960 7f2d770000
           <...>-5966  [005] ...1  1001.911571: do_swap_page: id 5, table 0 || 1057: 5960 7d474cc000
           <...>-5966  [005] ...1  1001.911588: do_swap_page: id 5, table 0 || 1058: 5960 7d57457000
           <...>-5966  [005] ...1  1001.911691: do_swap_page: id 5, table 0 || 1059: 5960 7d4739e000
           <...>-5966  [005] ...1  1001.912471: do_swap_page: id 5, table 0 || 1060: 5960 7d47269000
           <...>-5966  [005] ...1  1001.912486: do_swap_page: id 5, table 0 || 1061: 5960 7d57c58000
           <...>-5966  [005] ...1  1001.912510: do_swap_page: id 5, table 0 || 1062: 5960 7d47497000
           <...>-5966  [005] ...1  1001.912535: do_swap_page: id 5, table 0 || 1063: 5960 7ec5b4f000
           <...>-5966  [005] ...1  1001.912711: do_swap_page: id 5, table 0 || 1064: 5960 7d4726d000
           <...>-5966  [005] ...1  1001.912726: do_swap_page: id 5, table 0 || 1065: 5960 7d4726e000
           <...>-5966  [005] ...1  1001.912750: do_swap_page: id 5, table 0 || 1066: 5960 7d4726f000
           <...>-5966  [005] ...1  1001.912773: do_swap_page: id 5, table 0 || 1067: 5960 7d4754f000
           <...>-5966  [005] ...1  1001.912807: do_swap_page: id 5, table 0 || 1068: 5960 7d472f1000
           <...>-5966  [005] ...1  1001.912846: do_swap_page: id 5, table 0 || 1069: 5960 7f2d709000
           <...>-5966  [005] ...1  1001.912896: do_swap_page: id 5, table 0 || 1070: 5960 7d473a3000
           <...>-5966  [005] ...1  1001.912904: do_swap_page: id 5, table 0 || 1071: 5960 7d473a7000
  com.rovio.baba-5960  [004] ...1  1001.913063: do_swap_page: id 5, table 0 || 1072: 5960 7eb8387000
  com.rovio.baba-5960  [004] ....  1001.913129: read_swap_cache_async: remote readpage 5960 "com.rovio.baba" 7eb8330000 3a86d
  com.rovio.baba-5960  [004] ....  1001.913132: do_swap_page: prefetch fault 5960 "com.rovio.baba" 7eb8330000 3a86d
           <...>-5966  [005] ...1  1001.913482: do_swap_page: id 5, table 0 || 1073: 5960 7f2d773000
           <...>-5966  [005] ....  1001.913539: read_swap_cache_async: remote readpage 5960 "Jit thread pool" 7d4750e000 3a8ff
           <...>-5966  [005] ....  1001.913541: do_swap_page: prefetch fault 5960 "Jit thread pool" 7d4750e000 3a8ff
           <...>-6004  [004] ...1  1001.913617: do_swap_page: id 5, table 0 || 1074: 5960 7f31236000
           <...>-5988  [005] ...1  1001.913641: do_swap_page: id 5, table 0 || 1075: 5960 7f28e54000
           <...>-6004  [004] ...1  1001.913667: do_swap_page: id 5, table 0 || 1076: 5960 7f28db7000
           <...>-6004  [004] ....  1001.913735: read_swap_cache_async: remote readpage 5960 "pool-5-thread-1" 7f28db8000 3a8de
           <...>-6004  [004] ....  1001.913737: do_swap_page: prefetch fault 5960 "pool-5-thread-1" 7f28db8000 3a8de
           <...>-5988  [005] ....  1001.913832: read_swap_cache_async: remote readpage 5960 "queued-work-loo" 7f28a21000 3a8f6
           <...>-5988  [005] ....  1001.913834: do_swap_page: prefetch fault 5960 "queued-work-loo" 7f28a21000 3a8f6
  com.rovio.baba-5960  [004] ...1  1001.915974: do_swap_page: id 5, table 0 || 1077: 5960 7eb8330000
  com.rovio.baba-5960  [004] ....  1001.916039: read_swap_cache_async: remote readpage 5960 "com.rovio.baba" 7eb8331000 3a86e
  com.rovio.baba-5960  [004] ....  1001.916041: do_swap_page: prefetch fault 5960 "com.rovio.baba" 7eb8331000 3a86e
           <...>-6004  [004] ...1  1001.916629: do_swap_page: id 5, table 0 || 1078: 5960 7f28db8000
           <...>-6004  [004] ...1  1001.916672: do_swap_page: id 5, table 0 || 1079: 5960 7ec820d000
           <...>-6004  [004] ...1  1001.916692: do_swap_page: id 5, table 0 || 1080: 5960 7ec8231000
           <...>-6004  [004] ....  1001.916757: read_swap_cache_async: remote readpage 5960 "pool-5-thread-1" 7eb6cb0000 3a8e0
           <...>-6004  [004] ....  1001.916759: do_swap_page: prefetch fault 5960 "pool-5-thread-1" 7eb6cb0000 3a8e0
           <...>-5988  [004] ...1  1001.916853: do_swap_page: id 5, table 0 || 1081: 5960 7f28a21000
           <...>-5966  [005] ...1  1001.916863: do_swap_page: id 5, table 0 || 1082: 5960 7d4750e000
           <...>-5966  [005] ...1  1001.916904: do_swap_page: id 5, table 0 || 1083: 5960 7d4735f000
           <...>-5966  [005] ...1  1001.916938: do_swap_page: id 5, table 0 || 1084: 5960 7d47550000
           <...>-5966  [005] ...1  1001.916974: do_swap_page: id 5, table 0 || 1085: 5960 7d47551000
           <...>-5966  [005] ...1  1001.917002: do_swap_page: id 5, table 0 || 1086: 5960 7d47552000
           <...>-5966  [005] ...1  1001.917023: do_swap_page: id 5, table 0 || 1087: 5960 7d6b9a4000
           <...>-5966  [005] ...1  1001.917041: do_swap_page: id 5, table 0 || 1088: 5960 7d57e41000
           <...>-5966  [005] ...1  1001.917080: do_swap_page: id 5, table 0 || 1089: 5960 7f2d86a000
           <...>-5966  [005] ...1  1001.917160: do_swap_page: id 5, table 0 || 1090: 5960 7f2d88a000
           <...>-5966  [005] ...1  1001.917176: do_swap_page: id 5, table 0 || 1091: 5960 7f2d87a000
           <...>-5966  [005] ...1  1001.917308: do_swap_page: id 5, table 0 || 1092: 5960 7f2d756000
           <...>-5966  [005] ...1  1001.917324: do_swap_page: id 5, table 0 || 1093: 5960 7d4754e000
           <...>-5966  [005] ...1  1001.917342: do_swap_page: id 5, table 0 || 1094: 5960 7d57959000
           <...>-5966  [005] ...1  1001.917357: do_swap_page: id 5, table 0 || 1095: 5960 7eb5f1c000
           <...>-5966  [005] ...1  1001.917365: do_swap_page: id 5, table 0 || 1096: 5960 7eb5f1d000
           <...>-5966  [005] ...1  1001.917397: do_swap_page: id 5, table 0 || 1097: 5960 7d580ba000
           <...>-5966  [005] ...1  1001.917413: do_swap_page: id 5, table 0 || 1098: 5960 7d580bb000
           <...>-5966  [005] ...1  1001.917431: do_swap_page: id 5, table 0 || 1099: 5960 7d9bdb9000
           <...>-5988  [004] ....  1001.917613: read_swap_cache_async: remote readpage 5960 "queued-work-loo" 7f352e8000 3a8fe
           <...>-5988  [004] ....  1001.917615: do_swap_page: prefetch fault 5960 "queued-work-loo" 7f352e8000 3a8fe
           <...>-5966  [005] ...1  1001.918203: do_swap_page: id 5, table 0 || 1100: 5960 7f2d763000
           <...>-5966  [005] ...1  1001.918219: do_swap_page: id 5, table 0 || 1101: 5960 7f2d764000
           <...>-5966  [005] ...1  1001.918265: do_swap_page: id 5, table 0 || 1102: 5960 7d47553000
           <...>-5966  [005] ...1  1001.918356: do_swap_page: id 5, table 0 || 1103: 5960 7f2d6ed000
           <...>-5966  [005] ...1  1001.918371: do_swap_page: id 5, table 0 || 1104: 5960 7d47222000
           <...>-5966  [005] ...1  1001.918389: do_swap_page: id 5, table 0 || 1105: 5960 7ec836b000
  com.rovio.baba-5960  [004] ...1  1001.918615: do_swap_page: id 5, table 0 || 1106: 5960 7eb8331000
  com.rovio.baba-5960  [004] ....  1001.918689: read_swap_cache_async: remote readpage 5960 "com.rovio.baba" 7ee402c000 3a86f
  com.rovio.baba-5960  [004] ....  1001.918690: do_swap_page: prefetch fault 5960 "com.rovio.baba" 7ee402c000 3a86f
           <...>-6004  [004] ...1  1001.918795: do_swap_page: id 5, table 0 || 1107: 5960 7eb6cb0000
           <...>-6004  [004] ...1  1001.918824: do_swap_page: id 5, table 0 || 1108: 5960 13523000
           <...>-6004  [004] ...1  1001.918907: do_swap_page: id 5, table 0 || 1109: 5960 12fec000
           <...>-6004  [004] ....  1001.918990: read_swap_cache_async: remote readpage 5960 "pool-5-thread-1" 7eb6cab000 3a8e2
           <...>-6004  [004] ....  1001.918992: do_swap_page: prefetch fault 5960 "pool-5-thread-1" 7eb6cab000 3a8e2
           <...>-5988  [004] ...1  1001.922891: do_swap_page: id 5, table 0 || 1110: 5960 7f352e8000
           <...>-5988  [004] ....  1001.922982: read_swap_cache_async: remote readpage 5960 "queued-work-loo" 7f352e7000 3a8fc
           <...>-5988  [004] ....  1001.922985: do_swap_page: prefetch fault 5960 "queued-work-loo" 7f352e7000 3a8fc
  com.rovio.baba-5960  [004] ...1  1001.923857: do_swap_page: id 5, table 0 || 1111: 5960 7ee402c000
  com.rovio.baba-5960  [004] ....  1001.923936: read_swap_cache_async: remote readpage 5960 "com.rovio.baba" 7f3184d000 3a870
  com.rovio.baba-5960  [004] ....  1001.923938: do_swap_page: prefetch fault 5960 "com.rovio.baba" 7f3184d000 3a870
           <...>-6004  [004] ...1  1001.923967: do_swap_page: id 5, table 0 || 1112: 5960 7eb6cab000
           <...>-6004  [004] ....  1001.924071: read_swap_cache_async: remote readpage 5960 "pool-5-thread-1" 7ec6652000 3a8e4
           <...>-6004  [004] ....  1001.924072: do_swap_page: prefetch fault 5960 "pool-5-thread-1" 7ec6652000 3a8e4
           <...>-5988  [004] ...1  1001.925410: do_swap_page: id 5, table 0 || 1113: 5960 7f352e7000
           <...>-5988  [004] ...1  1001.925439: do_swap_page: id 5, table 0 || 1114: 5960 7d9bf85000
           <...>-5988  [004] ....  1001.925492: read_swap_cache_async: remote readpage 5960 "queued-work-loo" 7d577f8000 3a8f9
           <...>-5988  [004] ....  1001.925494: do_swap_page: prefetch fault 5960 "queued-work-loo" 7d577f8000 3a8f9
  com.rovio.baba-5960  [004] ...1  1001.925583: do_swap_page: id 5, table 0 || 1115: 5960 7f3184d000
  com.rovio.baba-5960  [004] ....  1001.925657: read_swap_cache_async: remote readpage 5960 "com.rovio.baba" 7ee4027000 3a871
  com.rovio.baba-5960  [004] ....  1001.925659: do_swap_page: prefetch fault 5960 "com.rovio.baba" 7ee4027000 3a871
           <...>-6004  [004] ...1  1001.926454: do_swap_page: id 5, table 0 || 1116: 5960 7ec6652000
           <...>-6004  [004] ...1  1001.926618: do_swap_page: id 5, table 0 || 1117: 5960 7d6b4f6000
           <...>-6004  [004] ...1  1001.926649: do_swap_page: id 5, table 0 || 1118: 5960 7dd214e000
           <...>-6004  [004] ...1  1001.926667: do_swap_page: id 5, table 0 || 1119: 5960 7eb604a000
           <...>-6004  [004] ...1  1001.926686: do_swap_page: id 5, table 0 || 1120: 5960 7eb604c000
           <...>-5988  [004] ...1  1001.927385: do_swap_page: id 5, table 0 || 1121: 5960 7d577f8000
           <...>-6004  [006] ....  1001.927460: read_swap_cache_async: remote readpage 5960 "pool-5-thread-1" 7ec5c55000 3a8ea
           <...>-6004  [006] ....  1001.927464: do_swap_page: prefetch fault 5960 "pool-5-thread-1" 7ec5c55000 3a8ea
           <...>-5988  [006] ....  1001.927486: read_swap_cache_async: remote readpage 5960 "queued-work-loo" 7f352e0000 3a8fa
           <...>-5988  [006] ....  1001.927487: do_swap_page: prefetch fault 5960 "queued-work-loo" 7f352e0000 3a8fa
  com.rovio.baba-5960  [004] ...1  1001.927687: do_swap_page: id 5, table 0 || 1122: 5960 7ee4027000
  com.rovio.baba-5960  [004] ...1  1001.927717: do_swap_page: id 5, table 0 || 1123: 5960 13527000
  com.rovio.baba-5960  [004] ....  1001.927782: read_swap_cache_async: remote readpage 5960 "com.rovio.baba" 7f20d79000 3a872
  com.rovio.baba-5960  [004] ....  1001.927784: do_swap_page: prefetch fault 5960 "com.rovio.baba" 7f20d79000 3a872
  com.rovio.baba-5960  [004] ...1  1001.930466: do_swap_page: id 5, table 0 || 1124: 5960 7f20d79000
  com.rovio.baba-5960  [004] ....  1001.930529: read_swap_cache_async: remote readpage 5960 "com.rovio.baba" 7d6efec000 3a873
  com.rovio.baba-5960  [004] ....  1001.930532: do_swap_page: prefetch fault 5960 "com.rovio.baba" 7d6efec000 3a873
           <...>-5988  [006] ...1  1001.930533: do_swap_page: id 5, table 0 || 1125: 5960 7f352e0000
           <...>-5988  [006] ...1  1001.930583: do_swap_page: id 5, table 0 || 1126: 5960 7d9bfd0000
           <...>-5988  [006] ...1  1001.930661: do_swap_page: id 5, table 0 || 1127: 5960 7f28eb6000
           <...>-5988  [006] ...1  1001.930719: do_swap_page: id 5, table 0 || 1128: 5960 7eb6a7f000
           <...>-6004  [005] ...1  1001.930735: do_swap_page: id 5, table 0 || 1129: 5960 7ec5c55000
           <...>-5988  [006] ...1  1001.930853: do_swap_page: id 5, table 0 || 1130: 5960 7f2d6b9000
           <...>-5988  [006] ....  1001.931004: read_swap_cache_async: remote readpage 5960 "queued-work-loo" 7f30860000 3e800
           <...>-5988  [006] ....  1001.931007: do_swap_page: prefetch fault 5960 "queued-work-loo" 7f30860000 3e800
           <...>-6004  [005] ...1  1001.931334: do_swap_page: id 5, table 0 || 1131: 5960 13518000
           <...>-6004  [005] ....  1001.931516: read_swap_cache_async: remote readpage 5960 "pool-5-thread-1" 7ec6651000 3a8ed
           <...>-6004  [005] ....  1001.931519: do_swap_page: prefetch fault 5960 "pool-5-thread-1" 7ec6651000 3a8ed
  com.rovio.baba-5960  [004] ...1  1001.932813: do_swap_page: id 5, table 0 || 1132: 5960 7d6efec000
  com.rovio.baba-5960  [004] ....  1001.932931: read_swap_cache_async: remote readpage 5960 "com.rovio.baba" 7eb8332000 3a874
  com.rovio.baba-5960  [004] ....  1001.932933: do_swap_page: prefetch fault 5960 "com.rovio.baba" 7eb8332000 3a874
           <...>-5988  [006] ...1  1001.933054: do_swap_page: id 5, table 0 || 1133: 5960 7f30860000
           <...>-5988  [006] ....  1001.933304: read_swap_cache_async: remote readpage 5960 "queued-work-loo" 7f2f0ba000 3e801
           <...>-5988  [006] ....  1001.933307: do_swap_page: prefetch fault 5960 "queued-work-loo" 7f2f0ba000 3e801
           <...>-6004  [005] ...1  1001.934876: do_swap_page: id 5, table 0 || 1134: 5960 7ec6651000
           <...>-6004  [005] ...1  1001.934955: do_swap_page: id 5, table 0 || 1135: 5960 13254000
           <...>-6004  [005] ...1  1001.934975: do_swap_page: id 5, table 0 || 1136: 5960 12f94000
           <...>-6004  [005] ....  1001.935126: read_swap_cache_async: remote readpage 5960 "pool-5-thread-1" 7f2d70a000 3a8f1
           <...>-6004  [005] ....  1001.935129: do_swap_page: prefetch fault 5960 "pool-5-thread-1" 7f2d70a000 3a8f1
  com.rovio.baba-5960  [004] ...1  1001.936057: do_swap_page: id 5, table 0 || 1137: 5960 7eb8332000
  com.rovio.baba-5960  [004] ...1  1001.936109: do_swap_page: id 5, table 0 || 1138: 5960 7eb81f2000
           <...>-5988  [006] ...1  1001.936194: do_swap_page: id 5, table 0 || 1139: 5960 7f2f0ba000
  com.rovio.baba-5960  [004] ....  1001.936213: read_swap_cache_async: remote readpage 5960 "com.rovio.baba" 7eb8326000 3a875
  com.rovio.baba-5960  [004] ....  1001.936217: do_swap_page: prefetch fault 5960 "com.rovio.baba" 7eb8326000 3a875
           <...>-6004  [005] ...1  1001.937429: do_swap_page: id 5, table 0 || 1140: 5960 7f2d70a000
           <...>-6004  [005] ...1  1001.937571: do_swap_page: id 5, table 0 || 1141: 5960 12fa6000
           <...>-6004  [005] ...1  1001.937661: do_swap_page: id 5, table 0 || 1142: 5960 12ff7000
  com.rovio.baba-5960  [004] ...1  1001.938401: do_swap_page: id 5, table 0 || 1143: 5960 7eb8326000
  com.rovio.baba-5960  [004] ....  1001.938488: read_swap_cache_async: remote readpage 5960 "com.rovio.baba" 7eb81c8000 3a876
  com.rovio.baba-5960  [004] ....  1001.938490: do_swap_page: prefetch fault 5960 "com.rovio.baba" 7eb81c8000 3a876
           <...>-6004  [005] ...1  1001.938976: do_swap_page: id 5, table 0 || 1144: 5960 13255000
           <...>-6004  [005] ....  1001.939135: read_swap_cache_async: remote readpage 5960 "pool-5-thread-1" 7f2d785000 3e805
           <...>-6004  [005] ....  1001.939138: do_swap_page: prefetch fault 5960 "pool-5-thread-1" 7f2d785000 3e805
  com.rovio.baba-5960  [004] ...1  1001.940466: do_swap_page: id 5, table 0 || 1145: 5960 7eb81c8000
  com.rovio.baba-5960  [004] ....  1001.940589: read_swap_cache_async: remote readpage 5960 "com.rovio.baba" 7f28f82000 3a877
  com.rovio.baba-5960  [004] ....  1001.940592: do_swap_page: prefetch fault 5960 "com.rovio.baba" 7f28f82000 3a877
           <...>-6004  [005] ...1  1001.940592: do_swap_page: id 5, table 0 || 1146: 5960 7f2d785000
           <...>-6004  [005] ...1  1001.940716: do_swap_page: id 5, table 0 || 1147: 5960 7ec81aa000
           <...>-6004  [005] ...1  1001.940764: do_swap_page: id 5, table 0 || 1148: 5960 7eb5355000
           <...>-6004  [005] ...1  1001.940800: do_swap_page: id 5, table 0 || 1149: 5960 7f2d7a7000
           <...>-6004  [005] ...1  1001.940832: do_swap_page: id 5, table 0 || 1150: 5960 7d6bc3f000
  com.rovio.baba-5960  [004] ...1  1001.942365: do_swap_page: id 5, table 0 || 1151: 5960 7f28f82000
  com.rovio.baba-5960  [004] ....  1001.942433: read_swap_cache_async: remote readpage 5960 "com.rovio.baba" 7f28fa3000 3a878
  com.rovio.baba-5960  [004] ....  1001.942435: do_swap_page: prefetch fault 5960 "com.rovio.baba" 7f28fa3000 3a878
  com.rovio.baba-5960  [004] ...1  1001.946096: do_swap_page: id 5, table 0 || 1152: 5960 7f28fa3000
  com.rovio.baba-5960  [004] ....  1001.946211: read_swap_cache_async: remote readpage 5960 "com.rovio.baba" 7eb887d000 3a879
  com.rovio.baba-5960  [004] ....  1001.946213: do_swap_page: prefetch fault 5960 "com.rovio.baba" 7eb887d000 3a879
  com.rovio.baba-5960  [004] ...1  1001.948273: do_swap_page: id 5, table 0 || 1153: 5960 7eb887d000
  com.rovio.baba-5960  [004] ....  1001.948337: read_swap_cache_async: remote readpage 5960 "com.rovio.baba" 7ec5c8f000 3a87a
  com.rovio.baba-5960  [004] ....  1001.948339: do_swap_page: prefetch fault 5960 "com.rovio.baba" 7ec5c8f000 3a87a
  com.rovio.baba-5960  [004] ...1  1001.951684: do_swap_page: id 5, table 0 || 1154: 5960 7ec5c8f000
  com.rovio.baba-5960  [004] ....  1001.951996: read_swap_cache_async: remote readpage 5960 "com.rovio.baba" 7ee404c000 3a87d
  com.rovio.baba-5960  [004] ....  1001.952000: do_swap_page: prefetch fault 5960 "com.rovio.baba" 7ee404c000 3a87d
           <...>-6137  [005] ....  1001.952039: read_swap_cache_async: remote readpage 5960 "Chrome_IOThread" 7d6b459000 3a87b
           <...>-6137  [005] ....  1001.952043: do_swap_page: prefetch fault 5960 "Chrome_IOThread" 7d6b459000 3a87b
  com.rovio.baba-5960  [004] ...1  1001.954226: do_swap_page: id 5, table 0 || 1155: 5960 7ee404c000
  com.rovio.baba-5960  [004] ....  1001.954321: read_swap_cache_async: remote readpage 5960 "com.rovio.baba" 7eb87d8000 3a87f
  com.rovio.baba-5960  [004] ....  1001.954323: do_swap_page: prefetch fault 5960 "com.rovio.baba" 7eb87d8000 3a87f
           <...>-6137  [005] ...1  1001.954447: do_swap_page: id 5, table 0 || 1156: 5960 7d6b459000
           <...>-6137  [005] ....  1001.954514: read_swap_cache_async: remote readpage 5960 "Chrome_IOThread" 7ec5b58000 3a87c
           <...>-6137  [005] ....  1001.954516: do_swap_page: prefetch fault 5960 "Chrome_IOThread" 7ec5b58000 3a87c
  com.rovio.baba-5960  [004] ...1  1001.956745: do_swap_page: id 5, table 0 || 1157: 5960 7eb87d8000
  com.rovio.baba-5960  [004] ...1  1001.956806: do_swap_page: id 5, table 0 || 1158: 5960 13033000
  com.rovio.baba-5960  [004] ....  1001.956919: read_swap_cache_async: remote readpage 5960 "com.rovio.baba" 7f20d7a000 3a881
  com.rovio.baba-5960  [004] ....  1001.956921: do_swap_page: prefetch fault 5960 "com.rovio.baba" 7f20d7a000 3a881
           <...>-6137  [005] ...1  1001.957244: do_swap_page: id 5, table 0 || 1159: 5960 7ec5b58000
           <...>-6137  [005] ....  1001.957350: read_swap_cache_async: remote readpage 5960 "Chrome_IOThread" 7d57d9a000 3a87e
           <...>-6137  [005] ....  1001.957352: do_swap_page: prefetch fault 5960 "Chrome_IOThread" 7d57d9a000 3a87e
  com.rovio.baba-5960  [004] ...1  1001.959229: do_swap_page: id 5, table 0 || 1160: 5960 7f20d7a000
  com.rovio.baba-5960  [004] ...1  1001.959307: do_swap_page: id 5, table 0 || 1161: 5960 7eb8858000
  com.rovio.baba-5960  [004] ...1  1001.959329: do_swap_page: id 5, table 0 || 1162: 5960 7f39852000
  com.rovio.baba-5960  [004] ...1  1001.959350: do_swap_page: id 5, table 0 || 1163: 5960 7eb6a02000
  com.rovio.baba-5960  [004] ...1  1001.959389: do_swap_page: id 5, table 0 || 1164: 5960 7f28f1f000
           <...>-6137  [005] ...1  1001.959397: do_swap_page: id 5, table 0 || 1165: 5960 7d57d9a000
  com.rovio.baba-5960  [004] ....  1001.959429: read_swap_cache_async: remote readpage 5960 "com.rovio.baba" 7eb83c3000 3a884
  com.rovio.baba-5960  [004] ....  1001.959431: do_swap_page: prefetch fault 5960 "com.rovio.baba" 7eb83c3000 3a884
           <...>-6137  [004] ....  1001.959447: read_swap_cache_async: remote readpage 5960 "Chrome_IOThread" 7d6e1c5000 3a880
           <...>-6137  [004] ....  1001.959449: do_swap_page: prefetch fault 5960 "Chrome_IOThread" 7d6e1c5000 3a880
           <...>-6137  [004] ...1  1001.961691: do_swap_page: id 5, table 0 || 1166: 5960 7d6e1c5000
           <...>-6137  [004] ....  1001.961807: read_swap_cache_async: remote readpage 5960 "Chrome_IOThread" 7d6e1c6000 3a882
           <...>-6137  [004] ....  1001.961810: do_swap_page: prefetch fault 5960 "Chrome_IOThread" 7d6e1c6000 3a882
  com.rovio.baba-5960  [004] ...1  1001.961852: do_swap_page: id 5, table 0 || 1167: 5960 7eb83c3000
  com.rovio.baba-5960  [004] ....  1001.961930: read_swap_cache_async: remote readpage 5960 "com.rovio.baba" 7eb83d3000 3a887
  com.rovio.baba-5960  [004] ....  1001.961932: do_swap_page: prefetch fault 5960 "com.rovio.baba" 7eb83d3000 3a887
           <...>-6137  [004] ...1  1001.963943: do_swap_page: id 5, table 0 || 1168: 5960 7d6e1c6000
           <...>-6137  [004] ....  1001.964056: read_swap_cache_async: remote readpage 5960 "Chrome_IOThread" 7eb6b7e000 3a883
           <...>-6137  [004] ....  1001.964058: do_swap_page: prefetch fault 5960 "Chrome_IOThread" 7eb6b7e000 3a883
  com.rovio.baba-5960  [004] ...1  1001.964284: do_swap_page: id 5, table 0 || 1169: 5960 7eb83d3000
  com.rovio.baba-5960  [005] ....  1001.964873: read_swap_cache_async: remote readpage 5960 "com.rovio.baba" 7eb88fb000 3a89b
  com.rovio.baba-5960  [005] ....  1001.964876: do_swap_page: prefetch fault 5960 "com.rovio.baba" 7eb88fb000 3a89b
           <...>-6137  [004] ...1  1001.966275: do_swap_page: id 5, table 0 || 1170: 5960 7eb6b7e000
           <...>-6137  [004] ....  1001.966484: read_swap_cache_async: remote readpage 5960 "Chrome_IOThread" 7d6b4db000 3a885
           <...>-6137  [004] ....  1001.966532: do_swap_page: prefetch fault 5960 "Chrome_IOThread" 7d6b4db000 3a885
  com.rovio.baba-5960  [005] ...1  1001.966843: do_swap_page: id 5, table 0 || 1171: 5960 7eb88fb000
  com.rovio.baba-5960  [005] ....  1001.966942: read_swap_cache_async: remote readpage 5960 "com.rovio.baba" 7eb838c000 3a89c
  com.rovio.baba-5960  [005] ....  1001.966944: do_swap_page: prefetch fault 5960 "com.rovio.baba" 7eb838c000 3a89c
           <...>-6137  [004] ...1  1001.968891: do_swap_page: id 5, table 0 || 1172: 5960 7d6b4db000
           <...>-6137  [004] ....  1001.968988: read_swap_cache_async: remote readpage 5960 "Chrome_IOThread" 7d6b4df000 3a886
           <...>-6137  [004] ....  1001.968990: do_swap_page: prefetch fault 5960 "Chrome_IOThread" 7d6b4df000 3a886
  com.rovio.baba-5960  [005] ...1  1001.969653: do_swap_page: id 5, table 0 || 1173: 5960 7eb838c000
  com.rovio.baba-5960  [005] ....  1001.969748: read_swap_cache_async: remote readpage 5960 "com.rovio.baba" 7eb838b000 3a89d
  com.rovio.baba-5960  [005] ....  1001.969751: do_swap_page: prefetch fault 5960 "com.rovio.baba" 7eb838b000 3a89d
           <...>-6137  [004] ...1  1001.970890: do_swap_page: id 5, table 0 || 1174: 5960 7d6b4df000
           <...>-6137  [004] ....  1001.970947: read_swap_cache_async: remote readpage 5960 "Chrome_IOThread" 7d6b4ca000 3a888
           <...>-6137  [004] ....  1001.970949: do_swap_page: prefetch fault 5960 "Chrome_IOThread" 7d6b4ca000 3a888
  com.rovio.baba-5960  [005] ...1  1001.972974: do_swap_page: id 5, table 0 || 1175: 5960 7eb838b000
  com.rovio.baba-5960  [005] ....  1001.973107: read_swap_cache_async: remote readpage 5960 "com.rovio.baba" 7eb838d000 3a89e
  com.rovio.baba-5960  [005] ....  1001.973110: do_swap_page: prefetch fault 5960 "com.rovio.baba" 7eb838d000 3a89e
           <...>-6137  [004] ...1  1001.974668: do_swap_page: id 5, table 0 || 1176: 5960 7d6b4ca000
           <...>-6137  [004] ....  1001.974774: read_swap_cache_async: remote readpage 5960 "Chrome_IOThread" 7f2d799000 3a889
           <...>-6137  [004] ....  1001.974777: do_swap_page: prefetch fault 5960 "Chrome_IOThread" 7f2d799000 3a889
  com.rovio.baba-5960  [005] ...1  1001.975011: do_swap_page: id 5, table 0 || 1177: 5960 7eb838d000
  com.rovio.baba-5960  [005] ....  1001.975081: read_swap_cache_async: remote readpage 5960 "com.rovio.baba" 7eb6b12000 3a89f
  com.rovio.baba-5960  [005] ....  1001.975084: do_swap_page: prefetch fault 5960 "com.rovio.baba" 7eb6b12000 3a89f
           <...>-6137  [004] ...1  1001.976996: do_swap_page: id 5, table 0 || 1178: 5960 7f2d799000
           <...>-6137  [004] ....  1001.977115: read_swap_cache_async: remote readpage 5960 "Chrome_IOThread" 7ec5d36000 3a88a
           <...>-6137  [004] ....  1001.977117: do_swap_page: prefetch fault 5960 "Chrome_IOThread" 7ec5d36000 3a88a
  com.rovio.baba-5960  [005] ...1  1001.977233: do_swap_page: id 5, table 0 || 1179: 5960 7eb6b12000
  com.rovio.baba-5960  [005] ....  1001.977359: read_swap_cache_async: remote readpage 5960 "com.rovio.baba" 7eb6b7d000 3a8a1
  com.rovio.baba-5960  [005] ....  1001.977361: do_swap_page: prefetch fault 5960 "com.rovio.baba" 7eb6b7d000 3a8a1
           <...>-6137  [004] ...1  1001.979428: do_swap_page: id 5, table 0 || 1180: 5960 7ec5d36000
           <...>-6137  [004] ....  1001.979533: read_swap_cache_async: remote readpage 5960 "Chrome_IOThread" 7f28f78000 3a88b
           <...>-6137  [004] ....  1001.979535: do_swap_page: prefetch fault 5960 "Chrome_IOThread" 7f28f78000 3a88b
  com.rovio.baba-5960  [005] ...1  1001.979679: do_swap_page: id 5, table 0 || 1181: 5960 7eb6b7d000
  com.rovio.baba-5960  [005] ...1  1001.979728: do_swap_page: id 5, table 0 || 1182: 5960 1312d000
  com.rovio.baba-5960  [005] ...1  1001.979751: do_swap_page: id 5, table 0 || 1183: 5960 1312e000
  com.rovio.baba-5960  [005] ...1  1001.979773: do_swap_page: id 5, table 0 || 1184: 5960 7eb81df000
  com.rovio.baba-5960  [005] ....  1001.979882: read_swap_cache_async: remote readpage 5960 "com.rovio.baba" 7eb6b71000 3a8a3
  com.rovio.baba-5960  [005] ....  1001.979884: do_swap_page: prefetch fault 5960 "com.rovio.baba" 7eb6b71000 3a8a3
           <...>-6137  [004] ...1  1001.981616: do_swap_page: id 5, table 0 || 1185: 5960 7f28f78000
           <...>-6137  [004] ....  1001.981716: read_swap_cache_async: remote readpage 5960 "Chrome_IOThread" 7d6b4f9000 3a88c
           <...>-6137  [004] ....  1001.981718: do_swap_page: prefetch fault 5960 "Chrome_IOThread" 7d6b4f9000 3a88c
  com.rovio.baba-5960  [005] ...1  1001.981957: do_swap_page: id 5, table 0 || 1186: 5960 7eb6b71000
  com.rovio.baba-5960  [005] ....  1001.982030: read_swap_cache_async: remote readpage 5960 "com.rovio.baba" 7f28b8a000 3a8a4
  com.rovio.baba-5960  [005] ....  1001.982032: do_swap_page: prefetch fault 5960 "com.rovio.baba" 7f28b8a000 3a8a4
           <...>-6137  [004] ...1  1001.983909: do_swap_page: id 5, table 0 || 1187: 5960 7d6b4f9000
           <...>-6137  [004] ....  1001.984010: read_swap_cache_async: remote readpage 5960 "Chrome_IOThread" 7ee4031000 3a88d
           <...>-6137  [004] ....  1001.984012: do_swap_page: prefetch fault 5960 "Chrome_IOThread" 7ee4031000 3a88d
  com.rovio.baba-5960  [005] ...1  1001.984215: do_swap_page: id 5, table 0 || 1188: 5960 7f28b8a000
  com.rovio.baba-5960  [005] ...1  1001.984387: do_swap_page: id 5, table 0 || 1189: 5960 7f3982c000
  com.rovio.baba-5960  [005] ....  1001.984486: read_swap_cache_async: remote readpage 5960 "com.rovio.baba" 7f28e64000 3a8af
  com.rovio.baba-5960  [005] ....  1001.984488: do_swap_page: prefetch fault 5960 "com.rovio.baba" 7f28e64000 3a8af
           <...>-6137  [004] ...1  1001.986221: do_swap_page: id 5, table 0 || 1190: 5960 7ee4031000
           <...>-6137  [004] ....  1001.986301: read_swap_cache_async: remote readpage 5960 "Chrome_IOThread" 7eb8807000 3a88e
           <...>-6137  [004] ....  1001.986303: do_swap_page: prefetch fault 5960 "Chrome_IOThread" 7eb8807000 3a88e
  com.rovio.baba-5960  [005] ...1  1001.986867: do_swap_page: id 5, table 0 || 1191: 5960 7f28e64000
  com.rovio.baba-5960  [005] ....  1001.987024: read_swap_cache_async: remote readpage 5960 "com.rovio.baba" 7eb82e6000 3a8a6
  com.rovio.baba-5960  [005] ....  1001.987027: do_swap_page: prefetch fault 5960 "com.rovio.baba" 7eb82e6000 3a8a6
           <...>-6137  [004] ...1  1001.988330: do_swap_page: id 5, table 0 || 1192: 5960 7eb8807000
           <...>-6137  [004] ....  1001.988394: read_swap_cache_async: remote readpage 5960 "Chrome_IOThread" 7eb8808000 3a88f
           <...>-6137  [004] ....  1001.988396: do_swap_page: prefetch fault 5960 "Chrome_IOThread" 7eb8808000 3a88f
  com.rovio.baba-5960  [005] ...1  1001.989880: do_swap_page: id 5, table 0 || 1193: 5960 7eb82e6000
  com.rovio.baba-5960  [005] ....  1001.990436: read_swap_cache_async: remote readpage 5960 "com.rovio.baba" 7eb838f000 3a8a7
  com.rovio.baba-5960  [005] ....  1001.990442: do_swap_page: prefetch fault 5960 "com.rovio.baba" 7eb838f000 3a8a7
           <...>-6137  [004] ...1  1001.990548: do_swap_page: id 5, table 0 || 1194: 5960 7eb8808000
           <...>-6137  [004] ...1  1001.990583: do_swap_page: id 5, table 0 || 1195: 5960 7eb8119000
           <...>-6137  [004] ....  1001.990657: read_swap_cache_async: remote readpage 5960 "Chrome_IOThread" 7d6e1c4000 3a890
           <...>-6137  [004] ....  1001.990659: do_swap_page: prefetch fault 5960 "Chrome_IOThread" 7d6e1c4000 3a890
  com.rovio.baba-5960  [005] ...1  1001.992501: do_swap_page: id 5, table 0 || 1196: 5960 7eb838f000
  com.rovio.baba-5960  [005] ....  1001.992623: read_swap_cache_async: remote readpage 5960 "com.rovio.baba" 7eb8388000 3a8a8
  com.rovio.baba-5960  [005] ....  1001.992626: do_swap_page: prefetch fault 5960 "com.rovio.baba" 7eb8388000 3a8a8
           <...>-6137  [004] ...1  1001.992735: do_swap_page: id 5, table 0 || 1197: 5960 7d6e1c4000
           <...>-6137  [004] ...1  1001.992776: do_swap_page: id 5, table 0 || 1198: 5960 7d57d5b000
           <...>-6137  [004] ....  1001.992858: read_swap_cache_async: remote readpage 5960 "Chrome_IOThread" 7d5757b000 3a891
           <...>-6137  [004] ....  1001.992860: do_swap_page: prefetch fault 5960 "Chrome_IOThread" 7d5757b000 3a891
  com.rovio.baba-5960  [005] ...1  1001.994827: do_swap_page: id 5, table 0 || 1199: 5960 7eb8388000
  com.rovio.baba-5960  [005] ....  1001.994952: read_swap_cache_async: remote readpage 5960 "com.rovio.baba" 7eb6c2a000 3a8a9
  com.rovio.baba-5960  [005] ....  1001.994954: do_swap_page: prefetch fault 5960 "com.rovio.baba" 7eb6c2a000 3a8a9
           <...>-6137  [004] ...1  1001.995071: do_swap_page: id 5, table 0 || 1200: 5960 7d5757b000
           <...>-6137  [004] ...1  1001.995105: do_swap_page: id 5, table 0 || 1201: 5960 7d6b427000
           <...>-6137  [004] ....  1001.995173: read_swap_cache_async: remote readpage 5960 "Chrome_IOThread" 7d6b428000 3a892
