 Measurement Wor-7787  [007] ...1  1001.779208: do_swap_page: id 5, table 0 || 653: 5960 7f28e44000
 Measurement Wor-7787  [007] ...1  1001.779226: do_swap_page: id 5, table 0 || 654: 5960 7f28d9b000
           <...>-7786  [004] ...1  1001.779418: do_swap_page: id 5, table 0 || 655: 5960 7f28db5000
 Measurement Wor-7787  [006] ....  1001.779488: read_swap_cache_async: remote readpage 5960 "Measurement Wor" 7f289ed000 3a80a
 Measurement Wor-7787  [006] ....  1001.779490: do_swap_page: prefetch fault 5960 "Measurement Wor" 7f289ed000 3a80a
           <...>-7786  [004] ...1  1001.779493: do_swap_page: id 5, table 0 || 656: 5960 13063000
           <...>-6008  [006] ...1  1001.780816: do_swap_page: id 5, table 0 || 657: 5960 7f2da8b000
           <...>-6008  [006] ...1  1001.780834: do_swap_page: id 5, table 0 || 658: 5960 12f90000
  com.rovio.baba-5960  [007] ...1  1001.780839: do_swap_page: id 5, table 0 || 659: 5960 7ec6662000
  com.rovio.baba-5960  [007] ...1  1001.780857: do_swap_page: id 5, table 0 || 660: 5960 130b4000
  com.rovio.baba-5960  [007] ...1  1001.780877: do_swap_page: id 5, table 0 || 661: 5960 130c1000
  com.rovio.baba-5960  [007] ...1  1001.780885: do_swap_page: id 5, table 0 || 662: 5960 1309e000
  com.rovio.baba-5960  [007] ...1  1001.780891: do_swap_page: id 5, table 0 || 663: 5960 13165000
  com.rovio.baba-5960  [007] ....  1001.780901: read_swap_cache_async: remote readpage 5960 "com.rovio.baba" 7ec6670000 3a80d
  com.rovio.baba-5960  [007] ....  1001.780902: do_swap_page: prefetch fault 5960 "com.rovio.baba" 7ec6670000 3a80d
           <...>-6008  [006] ....  1001.780944: read_swap_cache_async: remote readpage 5960 "pool-3-thread-1" 726a3000 3a80b
           <...>-6008  [006] ....  1001.780946: do_swap_page: prefetch fault 5960 "pool-3-thread-1" 726a3000 3a80b
 Measurement Wor-7787  [007] ...1  1001.781848: do_swap_page: id 5, table 0 || 664: 5960 7f289ed000
 Measurement Wor-7787  [007] ...1  1001.781908: do_swap_page: id 5, table 0 || 665: 5960 13076000
 Measurement Wor-7787  [007] ...1  1001.781938: do_swap_page: id 5, table 0 || 666: 5960 12fed000
           <...>-5988  [007] ....  1001.781983: read_swap_cache_async: remote readpage 5960 "queued-work-loo" 7ece134000 3a80e
           <...>-5988  [007] ....  1001.781985: do_swap_page: prefetch fault 5960 "queued-work-loo" 7ece134000 3a80e
 Measurement Wor-7787  [007] ...1  1001.782044: do_swap_page: id 5, table 0 || 667: 5960 12ff0000
 Measurement Wor-7787  [007] ....  1001.782418: read_swap_cache_async: remote readpage 5960 "Measurement Wor" 7d474f3000 3a80f
 Measurement Wor-7787  [007] ....  1001.782419: do_swap_page: prefetch fault 5960 "Measurement Wor" 7d474f3000 3a80f
           <...>-6008  [006] ...1  1001.784252: do_swap_page: id 5, table 0 || 668: 5960 726a3000
           <...>-6008  [006] ....  1001.784330: read_swap_cache_async: remote readpage 5960 "pool-3-thread-1" 7272e000 3a810
           <...>-6008  [006] ....  1001.784331: do_swap_page: prefetch fault 5960 "pool-3-thread-1" 7272e000 3a810
  com.rovio.baba-5960  [007] ...1  1001.784409: do_swap_page: id 5, table 0 || 669: 5960 7ec6670000
  com.rovio.baba-5960  [007] ...1  1001.784430: do_swap_page: id 5, table 0 || 670: 5960 130e7000
  com.rovio.baba-5960  [007] ....  1001.784441: read_swap_cache_async: remote readpage 5960 "com.rovio.baba" 7ec666a000 3a811
  com.rovio.baba-5960  [007] ....  1001.784442: do_swap_page: prefetch fault 5960 "com.rovio.baba" 7ec666a000 3a811
           <...>-5988  [007] ...1  1001.784909: do_swap_page: id 5, table 0 || 671: 5960 7ece134000
           <...>-5988  [007] ....  1001.784930: read_swap_cache_async: remote readpage 5960 "queued-work-loo" 7ece135000 3a812
           <...>-5988  [007] ....  1001.784930: do_swap_page: prefetch fault 5960 "queued-work-loo" 7ece135000 3a812
 Measurement Wor-7787  [007] ...1  1001.784984: do_swap_page: id 5, table 0 || 672: 5960 7d474f3000
 Measurement Wor-7787  [007] ...1  1001.785000: do_swap_page: id 5, table 0 || 673: 5960 12ffd000
 Measurement Wor-7787  [007] ...1  1001.785047: do_swap_page: id 5, table 0 || 674: 5960 12ffb000
 Measurement Wor-7787  [007] ...1  1001.785067: do_swap_page: id 5, table 0 || 675: 5960 12fea000
 Measurement Wor-7787  [007] ...1  1001.785173: do_swap_page: id 5, table 0 || 676: 5960 7f297f0000
 Measurement Wor-7787  [007] ...1  1001.785220: do_swap_page: id 5, table 0 || 677: 5960 7fbe34b000
 Measurement Wor-7787  [007] ....  1001.785271: read_swap_cache_async: remote readpage 5960 "Measurement Wor" 7f29f15000 3a816
 Measurement Wor-7787  [007] ....  1001.785272: do_swap_page: prefetch fault 5960 "Measurement Wor" 7f29f15000 3a816
           <...>-6008  [006] ...1  1001.786656: do_swap_page: id 5, table 0 || 678: 5960 7272e000
  com.rovio.baba-5960  [007] ...1  1001.786678: do_swap_page: id 5, table 0 || 679: 5960 7ec666a000
  com.rovio.baba-5960  [007] ...1  1001.786696: do_swap_page: id 5, table 0 || 680: 5960 1312b000
  com.rovio.baba-5960  [007] ....  1001.786708: read_swap_cache_async: remote readpage 5960 "com.rovio.baba" 7ec6672000 3a814
  com.rovio.baba-5960  [007] ....  1001.786709: do_swap_page: prefetch fault 5960 "com.rovio.baba" 7ec6672000 3a814
           <...>-6008  [006] ....  1001.786769: read_swap_cache_async: remote readpage 5960 "pool-3-thread-1" 726a1000 3a813
           <...>-6008  [006] ....  1001.786771: do_swap_page: prefetch fault 5960 "pool-3-thread-1" 726a1000 3a813
           <...>-5988  [007] ...1  1001.787108: do_swap_page: id 5, table 0 || 681: 5960 7ece135000
           <...>-5988  [007] ...1  1001.787125: do_swap_page: id 5, table 0 || 682: 5960 7f2d6b7000
           <...>-5988  [007] ...1  1001.787133: do_swap_page: id 5, table 0 || 683: 5960 7f2d6b8000
           <...>-5988  [007] ...1  1001.787141: do_swap_page: id 5, table 0 || 684: 5960 7f2d614000
           <...>-5988  [007] ....  1001.787186: read_swap_cache_async: remote readpage 5960 "queued-work-loo" 7f28d50000 3a815
           <...>-5988  [007] ....  1001.787187: do_swap_page: prefetch fault 5960 "queued-work-loo" 7f28d50000 3a815
 Measurement Wor-7787  [007] ...1  1001.787190: do_swap_page: id 5, table 0 || 685: 5960 7f29f15000
 Measurement Wor-7787  [007] ....  1001.787239: read_swap_cache_async: remote readpage 5960 "Measurement Wor" 7d474f8000 3a819
 Measurement Wor-7787  [007] ....  1001.787240: do_swap_page: prefetch fault 5960 "Measurement Wor" 7d474f8000 3a819
 .candycrushsaga-6467  [000] ...1  1001.787291: do_swap_page: id 5, table 0 || 686: 6467 7e524fb000
  com.rovio.baba-5960  [007] ...1  1001.790464: do_swap_page: id 5, table 0 || 687: 5960 7ec6672000
           <...>-6008  [006] ...1  1001.790468: do_swap_page: id 5, table 0 || 688: 5960 726a1000
  com.rovio.baba-5960  [007] ...1  1001.790490: do_swap_page: id 5, table 0 || 689: 5960 130b6000
           <...>-6008  [006] ...1  1001.790494: do_swap_page: id 5, table 0 || 690: 5960 1332f000
  com.rovio.baba-5960  [007] ...1  1001.790498: do_swap_page: id 5, table 0 || 691: 5960 13142000
  com.rovio.baba-5960  [007] ...1  1001.790512: do_swap_page: id 5, table 0 || 692: 5960 130cb000
  com.rovio.baba-5960  [007] ....  1001.790522: read_swap_cache_async: remote readpage 5960 "com.rovio.baba" 7eb0042000 3a818
  com.rovio.baba-5960  [007] ....  1001.790523: do_swap_page: prefetch fault 5960 "com.rovio.baba" 7eb0042000 3a818
           <...>-6008  [006] ....  1001.790583: read_swap_cache_async: remote readpage 5960 "pool-3-thread-1" 7f311c1000 3a817
           <...>-6008  [006] ....  1001.790585: do_swap_page: prefetch fault 5960 "pool-3-thread-1" 7f311c1000 3a817
           <...>-5988  [007] ...1  1001.790627: do_swap_page: id 5, table 0 || 693: 5960 7f28d50000
 Measurement Wor-7787  [007] ...1  1001.790769: do_swap_page: id 5, table 0 || 694: 5960 7d474f8000
 Measurement Wor-7787  [007] ....  1001.790954: read_swap_cache_async: remote readpage 5960 "Measurement Wor" 7d474ef000 3a820
 Measurement Wor-7787  [007] ....  1001.790955: do_swap_page: prefetch fault 5960 "Measurement Wor" 7d474ef000 3a820
 Measurement Wor-7787  [007] ...1  1001.793311: do_swap_page: id 5, table 0 || 695: 5960 7d474ef000
  com.rovio.baba-5960  [007] ...1  1001.793328: do_swap_page: id 5, table 0 || 696: 5960 7eb0042000
  com.rovio.baba-5960  [007] ....  1001.793337: read_swap_cache_async: remote readpage 5960 "com.rovio.baba" 7eb0029000 3a81a
  com.rovio.baba-5960  [007] ....  1001.793338: do_swap_page: prefetch fault 5960 "com.rovio.baba" 7eb0029000 3a81a
           <...>-6008  [006] ...1  1001.793338: do_swap_page: id 5, table 0 || 697: 5960 7f311c1000
 Measurement Wor-7787  [007] ....  1001.793388: read_swap_cache_async: remote readpage 5960 "Measurement Wor" 7758e000 3a823
 Measurement Wor-7787  [007] ....  1001.793389: do_swap_page: prefetch fault 5960 "Measurement Wor" 7758e000 3a823
  com.rovio.baba-5960  [007] ...1  1001.795441: do_swap_page: id 5, table 0 || 698: 5960 7eb0029000
  com.rovio.baba-5960  [007] ...1  1001.795462: do_swap_page: id 5, table 0 || 699: 5960 13086000
  com.rovio.baba-5960  [007] ....  1001.795481: read_swap_cache_async: remote readpage 5960 "com.rovio.baba" 7ec6669000 3a81b
  com.rovio.baba-5960  [007] ....  1001.795482: do_swap_page: prefetch fault 5960 "com.rovio.baba" 7ec6669000 3a81b
 Measurement Wor-7787  [007] ...1  1001.795612: do_swap_page: id 5, table 0 || 700: 5960 7758e000
 Measurement Wor-7787  [007] ...1  1001.795629: do_swap_page: id 5, table 0 || 701: 5960 12f52000
 Measurement Wor-7787  [007] ...1  1001.795634: do_swap_page: id 5, table 0 || 702: 5960 12f4e000
 Measurement Wor-7787  [007] ...1  1001.795642: do_swap_page: id 5, table 0 || 703: 5960 12fdc000
 Measurement Wor-7787  [007] ...1  1001.795648: do_swap_page: id 5, table 0 || 704: 5960 12f4d000
 Measurement Wor-7787  [007] ...1  1001.795655: do_swap_page: id 5, table 0 || 705: 5960 12f59000
           <...>-6008  [007] ....  1001.795693: read_swap_cache_async: remote readpage 5960 "pool-3-thread-1" 7d474fa000 3a81c
           <...>-6008  [007] ....  1001.795694: do_swap_page: prefetch fault 5960 "pool-3-thread-1" 7d474fa000 3a81c
 Measurement Wor-7787  [007] ...1  1001.795790: do_swap_page: id 5, table 0 || 706: 5960 7fbb434000
 Measurement Wor-7787  [007] ...1  1001.795802: do_swap_page: id 5, table 0 || 707: 5960 7f28d6b000
 Measurement Wor-7787  [007] ...1  1001.795883: do_swap_page: id 5, table 0 || 708: 5960 7eb800a000
 Measurement Wor-7787  [007] ...1  1001.795904: do_swap_page: id 5, table 0 || 709: 5960 7f28e6b000
  com.rovio.baba-5960  [007] ...1  1001.797427: do_swap_page: id 5, table 0 || 710: 5960 7ec6669000
  com.rovio.baba-5960  [007] ...1  1001.797450: do_swap_page: id 5, table 0 || 711: 5960 13122000
  com.rovio.baba-5960  [007] ...1  1001.797456: do_swap_page: id 5, table 0 || 712: 5960 13116000
  com.rovio.baba-5960  [007] ...1  1001.797496: do_swap_page: id 5, table 0 || 713: 5960 130e0000
  com.rovio.baba-5960  [007] ...1  1001.797502: do_swap_page: id 5, table 0 || 714: 5960 13133000
  com.rovio.baba-5960  [007] ...1  1001.797508: do_swap_page: id 5, table 0 || 715: 5960 130d6000
  com.rovio.baba-5960  [007] ...1  1001.797519: do_swap_page: id 5, table 0 || 716: 5960 130d8000
  com.rovio.baba-5960  [007] ...1  1001.797528: do_swap_page: id 5, table 0 || 717: 5960 1309f000
  com.rovio.baba-5960  [007] ...1  1001.797533: do_swap_page: id 5, table 0 || 718: 5960 13164000
  com.rovio.baba-5960  [007] ...1  1001.797539: do_swap_page: id 5, table 0 || 719: 5960 13147000
  com.rovio.baba-5960  [007] ...1  1001.797551: do_swap_page: id 5, table 0 || 720: 5960 12fe2000
  com.rovio.baba-5960  [007] ...1  1001.797557: do_swap_page: id 5, table 0 || 721: 5960 13148000
  com.rovio.baba-5960  [007] ...1  1001.797562: do_swap_page: id 5, table 0 || 722: 5960 130dc000
  com.rovio.baba-5960  [007] ....  1001.797573: read_swap_cache_async: remote readpage 5960 "com.rovio.baba" 7ec6678000 3a81d
  com.rovio.baba-5960  [007] ....  1001.797574: do_swap_page: prefetch fault 5960 "com.rovio.baba" 7ec6678000 3a81d
           <...>-6008  [007] ...1  1001.797579: do_swap_page: id 5, table 0 || 723: 5960 7d474fa000
           <...>-6008  [007] ...1  1001.797586: do_swap_page: id 5, table 0 || 724: 5960 13010000
           <...>-6008  [007] ....  1001.797598: read_swap_cache_async: remote readpage 5960 "pool-3-thread-1" 7d474ed000 3a81e
           <...>-6008  [007] ....  1001.797598: do_swap_page: prefetch fault 5960 "pool-3-thread-1" 7d474ed000 3a81e
 .candycrushsaga-6467  [001] ...1  1001.799251: do_swap_page: id 5, table 0 || 725: 6467 9e700000
 .candycrushsaga-6467  [001] ...1  1001.799289: do_swap_page: id 5, table 0 || 726: 6467 7e8c4e0000
  com.rovio.baba-5960  [007] ...1  1001.799771: do_swap_page: id 5, table 0 || 727: 5960 7ec6678000
  com.rovio.baba-5960  [007] ...1  1001.799809: do_swap_page: id 5, table 0 || 728: 5960 13136000
  com.rovio.baba-5960  [007] ...1  1001.799854: do_swap_page: id 5, table 0 || 729: 5960 13153000
  com.rovio.baba-5960  [007] ...1  1001.799863: do_swap_page: id 5, table 0 || 730: 5960 13154000
  com.rovio.baba-5960  [007] ...1  1001.799868: do_swap_page: id 5, table 0 || 731: 5960 13156000
  com.rovio.baba-5960  [007] ...1  1001.799875: do_swap_page: id 5, table 0 || 732: 5960 13158000
  com.rovio.baba-5960  [007] ....  1001.799948: read_swap_cache_async: remote readpage 5960 "com.rovio.baba" 7eb0024000 3a81f
  com.rovio.baba-5960  [007] ....  1001.799949: do_swap_page: prefetch fault 5960 "com.rovio.baba" 7eb0024000 3a81f
           <...>-6008  [007] ...1  1001.799954: do_swap_page: id 5, table 0 || 733: 5960 7d474ed000
           <...>-6008  [007] ...1  1001.799986: do_swap_page: id 5, table 0 || 734: 5960 12f88000
           <...>-6008  [007] ....  1001.800028: read_swap_cache_async: remote readpage 5960 "pool-3-thread-1" 7fbb9c2000 3a821
           <...>-6008  [007] ....  1001.800029: do_swap_page: prefetch fault 5960 "pool-3-thread-1" 7fbb9c2000 3a821
 Measurement Wor-7787  [005] ...1  1001.801708: do_swap_page: id 5, table 0 || 735: 5960 7eb7fad000
 Measurement Wor-7787  [005] ...1  1001.801898: do_swap_page: id 5, table 0 || 736: 5960 1306b000
 Measurement Wor-7787  [005] ....  1001.801995: read_swap_cache_async: remote readpage 5960 "Measurement Wor" 7f29f10000 3a82e
 Measurement Wor-7787  [005] ....  1001.801997: do_swap_page: prefetch fault 5960 "Measurement Wor" 7f29f10000 3a82e
  com.rovio.baba-5960  [007] ...1  1001.802147: do_swap_page: id 5, table 0 || 737: 5960 7eb0024000
  com.rovio.baba-5960  [007] ...1  1001.802241: do_swap_page: id 5, table 0 || 738: 5960 131b6000
  com.rovio.baba-5960  [006] ....  1001.802550: read_swap_cache_async: remote readpage 5960 "com.rovio.baba" 7ebe7b5000 3a822
  com.rovio.baba-5960  [006] ....  1001.802552: do_swap_page: prefetch fault 5960 "com.rovio.baba" 7ebe7b5000 3a822
           <...>-6008  [007] ...1  1001.802673: do_swap_page: id 5, table 0 || 739: 5960 7fbb9c2000
           <...>-6008  [007] ...1  1001.802707: do_swap_page: id 5, table 0 || 740: 5960 12f72000
           <...>-6008  [007] ...1  1001.802725: do_swap_page: id 5, table 0 || 741: 5960 13323000
           <...>-6008  [007] ....  1001.802773: read_swap_cache_async: remote readpage 5960 "pool-3-thread-1" 7f2da8c000 3a824
           <...>-6008  [007] ....  1001.802774: do_swap_page: prefetch fault 5960 "pool-3-thread-1" 7f2da8c000 3a824
 Measurement Wor-7787  [005] ...1  1001.804266: do_swap_page: id 5, table 0 || 742: 5960 7f29f10000
  com.rovio.baba-5960  [006] ...1  1001.804316: do_swap_page: id 5, table 0 || 743: 5960 7ebe7b5000
 Measurement Wor-7787  [005] ....  1001.804342: read_swap_cache_async: remote readpage 5960 "Measurement Wor" 7f29805000 3a831
  com.rovio.baba-5960  [006] ...1  1001.804343: do_swap_page: id 5, table 0 || 744: 5960 12fb9000
 Measurement Wor-7787  [005] ....  1001.804344: do_swap_page: prefetch fault 5960 "Measurement Wor" 7f29805000 3a831
  com.rovio.baba-5960  [006] ....  1001.804396: read_swap_cache_async: remote readpage 5960 "com.rovio.baba" 7f2da9f000 3a829
  com.rovio.baba-5960  [006] ....  1001.804397: do_swap_page: prefetch fault 5960 "com.rovio.baba" 7f2da9f000 3a829
           <...>-6008  [007] ...1  1001.804644: do_swap_page: id 5, table 0 || 745: 5960 7f2da8c000
           <...>-6008  [007] ...1  1001.804667: do_swap_page: id 5, table 0 || 746: 5960 12f73000
           <...>-6008  [007] ...1  1001.804677: do_swap_page: id 5, table 0 || 747: 5960 12f86000
           <...>-6008  [007] ...1  1001.804711: do_swap_page: id 5, table 0 || 748: 5960 1325c000
           <...>-6008  [007] ...1  1001.804726: do_swap_page: id 5, table 0 || 749: 5960 12f77000
           <...>-6008  [007] ...1  1001.804738: do_swap_page: id 5, table 0 || 750: 5960 13321000
           <...>-6008  [007] ....  1001.804813: read_swap_cache_async: remote readpage 5960 "pool-3-thread-1" 7ec6337000 3a82a
           <...>-6008  [007] ....  1001.804814: do_swap_page: prefetch fault 5960 "pool-3-thread-1" 7ec6337000 3a82a
 Measurement Wor-7787  [005] ...1  1001.806741: do_swap_page: id 5, table 0 || 751: 5960 7f29805000
           <...>-5978  [004] ...1  1001.806760: do_swap_page: id 5, table 0 || 752: 5960 7d57ea5000
  com.rovio.baba-5960  [007] ...1  1001.806786: do_swap_page: id 5, table 0 || 753: 5960 7f2da9f000
           <...>-5978  [004] ...1  1001.806799: do_swap_page: id 5, table 0 || 754: 5960 7f39801000
 Measurement Wor-7787  [005] ....  1001.806824: read_swap_cache_async: remote readpage 5960 "Measurement Wor" 7f29f13000 3a834
 Measurement Wor-7787  [005] ....  1001.806826: do_swap_page: prefetch fault 5960 "Measurement Wor" 7f29f13000 3a834
  com.rovio.baba-5960  [007] ...1  1001.806867: do_swap_page: id 5, table 0 || 755: 5960 135f1000
           <...>-6008  [007] ...1  1001.806950: do_swap_page: id 5, table 0 || 756: 5960 7ec6337000
           <...>-6008  [007] ...1  1001.807034: do_swap_page: id 5, table 0 || 757: 5960 1325d000
  com.rovio.baba-5960  [007] ....  1001.807223: read_swap_cache_async: remote readpage 5960 "com.rovio.baba" 7d57edd000 3a82b
  com.rovio.baba-5960  [007] ....  1001.807225: do_swap_page: prefetch fault 5960 "com.rovio.baba" 7d57edd000 3a82b
           <...>-6008  [007] ....  1001.807228: read_swap_cache_async: remote readpage 5960 "pool-3-thread-1" 727c5000 3a82c
           <...>-6008  [007] ....  1001.807228: do_swap_page: prefetch fault 5960 "pool-3-thread-1" 727c5000 3a82c
 Measurement Wor-7787  [005] ...1  1001.808985: do_swap_page: id 5, table 0 || 758: 5960 7f29f13000
           <...>-6008  [007] ...1  1001.809283: do_swap_page: id 5, table 0 || 759: 5960 727c5000
           <...>-6008  [007] ....  1001.809337: read_swap_cache_async: remote readpage 5960 "pool-3-thread-1" 727ab000 3a82f
           <...>-6008  [007] ....  1001.809338: do_swap_page: prefetch fault 5960 "pool-3-thread-1" 727ab000 3a82f
  com.rovio.baba-5960  [007] ...1  1001.809408: do_swap_page: id 5, table 0 || 760: 5960 7d57edd000
  com.rovio.baba-5960  [006] ....  1001.809944: read_swap_cache_async: remote readpage 5960 "com.rovio.baba" 7f28b2a000 3a82d
  com.rovio.baba-5960  [006] ....  1001.809946: do_swap_page: prefetch fault 5960 "com.rovio.baba" 7f28b2a000 3a82d
           <...>-6008  [007] ...1  1001.811221: do_swap_page: id 5, table 0 || 761: 5960 727ab000
           <...>-6008  [007] ....  1001.811268: read_swap_cache_async: remote readpage 5960 "pool-3-thread-1" 72697000 3a833
           <...>-6008  [007] ....  1001.811270: do_swap_page: prefetch fault 5960 "pool-3-thread-1" 72697000 3a833
  com.rovio.baba-5960  [006] ...1  1001.811345: do_swap_page: id 5, table 0 || 762: 5960 7f28b2a000
  com.rovio.baba-5960  [006] ....  1001.811384: read_swap_cache_async: remote readpage 5960 "com.rovio.baba" 7f28ef8000 3a830
  com.rovio.baba-5960  [006] ....  1001.811385: do_swap_page: prefetch fault 5960 "com.rovio.baba" 7f28ef8000 3a830
           <...>-6008  [007] ...1  1001.816965: do_swap_page: id 5, table 0 || 763: 5960 72697000
           <...>-6008  [007] ....  1001.817041: read_swap_cache_async: remote readpage 5960 "pool-3-thread-1" 727ae000 3a835
           <...>-6008  [007] ....  1001.817042: do_swap_page: prefetch fault 5960 "pool-3-thread-1" 727ae000 3a835
  com.rovio.baba-5960  [006] ...1  1001.817127: do_swap_page: id 5, table 0 || 764: 5960 7f28ef8000
  com.rovio.baba-5960  [006] ....  1001.817191: read_swap_cache_async: remote readpage 5960 "com.rovio.baba" 7f28b28000 3a832
  com.rovio.baba-5960  [006] ....  1001.817192: do_swap_page: prefetch fault 5960 "com.rovio.baba" 7f28b28000 3a832
           <...>-6008  [007] ...1  1001.819251: do_swap_page: id 5, table 0 || 765: 5960 727ae000
           <...>-6008  [007] ...1  1001.819288: do_swap_page: id 5, table 0 || 766: 5960 12f62000
           <...>-6008  [007] ....  1001.819362: read_swap_cache_async: remote readpage 5960 "pool-3-thread-1" 7fbbf28000 3a837
           <...>-6008  [007] ....  1001.819364: do_swap_page: prefetch fault 5960 "pool-3-thread-1" 7fbbf28000 3a837
  com.rovio.baba-5960  [006] ...1  1001.819422: do_swap_page: id 5, table 0 || 767: 5960 7f28b28000
  com.rovio.baba-5960  [006] ....  1001.819643: read_swap_cache_async: remote readpage 5960 "com.rovio.baba" 7fbe244000 3a836
  com.rovio.baba-5960  [006] ....  1001.819645: do_swap_page: prefetch fault 5960 "com.rovio.baba" 7fbe244000 3a836
           <...>-6008  [007] ...1  1001.821568: do_swap_page: id 5, table 0 || 768: 5960 7fbbf28000
           <...>-6008  [007] ....  1001.821617: read_swap_cache_async: remote readpage 5960 "pool-3-thread-1" 7fbbefb000 3a838
           <...>-6008  [007] ....  1001.821618: do_swap_page: prefetch fault 5960 "pool-3-thread-1" 7fbbefb000 3a838
  com.rovio.baba-5960  [006] ...1  1001.821707: do_swap_page: id 5, table 0 || 769: 5960 7fbe244000
  com.rovio.baba-5960  [006] ...1  1001.822895: do_swap_page: id 5, table 0 || 770: 5960 12f51000
  com.rovio.baba-5960  [006] ...1  1001.822922: do_swap_page: id 5, table 0 || 771: 5960 131a5000
  com.rovio.baba-5960  [006] ...1  1001.822933: do_swap_page: id 5, table 0 || 772: 5960 13037000
  com.rovio.baba-5960  [006] ....  1001.823017: read_swap_cache_async: remote readpage 5960 "com.rovio.baba" 7f20d7b000 3a83f
  com.rovio.baba-5960  [006] ....  1001.823019: do_swap_page: prefetch fault 5960 "com.rovio.baba" 7f20d7b000 3a83f
           <...>-6008  [007] ...1  1001.823804: do_swap_page: id 5, table 0 || 773: 5960 7fbbefb000
           <...>-6008  [007] ...1  1001.823831: do_swap_page: id 5, table 0 || 774: 5960 12f60000
           <...>-6008  [007] ....  1001.823885: read_swap_cache_async: remote readpage 5960 "pool-3-thread-1" 7fbbf25000 3a839
           <...>-6008  [007] ....  1001.823886: do_swap_page: prefetch fault 5960 "pool-3-thread-1" 7fbbf25000 3a839
  com.rovio.baba-5960  [006] ...1  1001.824699: do_swap_page: id 5, table 0 || 775: 5960 7f20d7b000
  com.rovio.baba-5960  [006] ....  1001.824750: read_swap_cache_async: remote readpage 5960 "com.rovio.baba" 7d6efee000 3a840
  com.rovio.baba-5960  [006] ....  1001.824751: do_swap_page: prefetch fault 5960 "com.rovio.baba" 7d6efee000 3a840
           <...>-6008  [007] ...1  1001.826327: do_swap_page: id 5, table 0 || 776: 5960 7fbbf25000
           <...>-6008  [007] ...1  1001.826363: do_swap_page: id 5, table 0 || 777: 5960 12f63000
           <...>-6008  [007] ....  1001.826425: read_swap_cache_async: remote readpage 5960 "pool-3-thread-1" 7fbbf26000 3a83a
           <...>-6008  [007] ....  1001.826426: do_swap_page: prefetch fault 5960 "pool-3-thread-1" 7fbbf26000 3a83a
  com.rovio.baba-5960  [006] ...1  1001.827478: do_swap_page: id 5, table 0 || 778: 5960 7d6efee000
  com.rovio.baba-5960  [006] ...1  1001.827513: do_swap_page: id 5, table 0 || 779: 5960 13176000
  com.rovio.baba-5960  [006] ...1  1001.827526: do_swap_page: id 5, table 0 || 780: 5960 13019000
  com.rovio.baba-5960  [006] ....  1001.827594: read_swap_cache_async: remote readpage 5960 "com.rovio.baba" 7f20e4f000 3a841
  com.rovio.baba-5960  [006] ....  1001.827596: do_swap_page: prefetch fault 5960 "com.rovio.baba" 7f20e4f000 3a841
           <...>-6008  [007] ...1  1001.828591: do_swap_page: id 5, table 0 || 781: 5960 7fbbf26000
           <...>-6008  [007] ....  1001.828658: read_swap_cache_async: remote readpage 5960 "pool-3-thread-1" 7fbbf22000 3a83b
           <...>-6008  [007] ....  1001.828660: do_swap_page: prefetch fault 5960 "pool-3-thread-1" 7fbbf22000 3a83b
  com.rovio.baba-5960  [006] ...1  1001.829785: do_swap_page: id 5, table 0 || 782: 5960 7f20e4f000
  com.rovio.baba-5960  [006] ...1  1001.830024: do_swap_page: id 5, table 0 || 783: 5960 13177000
  com.rovio.baba-5960  [006] ....  1001.830329: read_swap_cache_async: remote readpage 5960 "com.rovio.baba" 7d6efeb000 3a842
  com.rovio.baba-5960  [006] ....  1001.830331: do_swap_page: prefetch fault 5960 "com.rovio.baba" 7d6efeb000 3a842
           <...>-6008  [007] ...1  1001.830960: do_swap_page: id 5, table 0 || 784: 5960 7fbbf22000
           <...>-6008  [007] ....  1001.831023: read_swap_cache_async: remote readpage 5960 "pool-3-thread-1" 7fbbf21000 3a83c
           <...>-6008  [007] ....  1001.831024: do_swap_page: prefetch fault 5960 "pool-3-thread-1" 7fbbf21000 3a83c
  com.rovio.baba-5960  [004] ...1  1001.837737: do_swap_page: id 5, table 0 || 785: 5960 7d6efeb000
           <...>-6008  [005] ...1  1001.837744: do_swap_page: id 5, table 0 || 786: 5960 7fbbf21000
           <...>-6008  [005] ...1  1001.837784: do_swap_page: id 5, table 0 || 787: 5960 12f61000
           <...>-6008  [004] ....  1001.837860: read_swap_cache_async: remote readpage 5960 "pool-3-thread-1" 7fbbeec000 3a83d
           <...>-6008  [004] ....  1001.837862: do_swap_page: prefetch fault 5960 "pool-3-thread-1" 7fbbeec000 3a83d
  com.rovio.baba-5960  [004] ....  1001.838046: read_swap_cache_async: remote readpage 5960 "com.rovio.baba" 7f20e42000 3a843
  com.rovio.baba-5960  [004] ....  1001.838048: do_swap_page: prefetch fault 5960 "com.rovio.baba" 7f20e42000 3a843
           <...>-6008  [004] ...1  1001.840327: do_swap_page: id 5, table 0 || 788: 5960 7fbbeec000
           <...>-6008  [004] ....  1001.840413: read_swap_cache_async: remote readpage 5960 "pool-3-thread-1" 72699000 3a83e
           <...>-6008  [004] ....  1001.840415: do_swap_page: prefetch fault 5960 "pool-3-thread-1" 72699000 3a83e
  com.rovio.baba-5960  [004] ...1  1001.840500: do_swap_page: id 5, table 0 || 789: 5960 7f20e42000
  com.rovio.baba-5960  [006] ....  1001.841177: read_swap_cache_async: remote readpage 5960 "com.rovio.baba" 7d6efed000 3a844
  com.rovio.baba-5960  [006] ....  1001.841180: do_swap_page: prefetch fault 5960 "com.rovio.baba" 7d6efed000 3a844
           <...>-6008  [004] ...1  1001.842900: do_swap_page: id 5, table 0 || 790: 5960 72699000
           <...>-6008  [004] ....  1001.842983: read_swap_cache_async: remote readpage 5960 "pool-3-thread-1" 7f28e37000 3a84e
           <...>-6008  [004] ....  1001.842985: do_swap_page: prefetch fault 5960 "pool-3-thread-1" 7f28e37000 3a84e
  com.rovio.baba-5960  [006] ...1  1001.843016: do_swap_page: id 5, table 0 || 791: 5960 7d6efed000
  com.rovio.baba-5960  [006] ....  1001.843082: read_swap_cache_async: remote readpage 5960 "com.rovio.baba" 7f28fce000 3a845
  com.rovio.baba-5960  [006] ....  1001.843084: do_swap_page: prefetch fault 5960 "com.rovio.baba" 7f28fce000 3a845
           <...>-6008  [004] ...1  1001.846196: do_swap_page: id 5, table 0 || 792: 5960 7f28e37000
           <...>-6008  [004] ....  1001.846311: read_swap_cache_async: remote readpage 5960 "pool-3-thread-1" 7fbbf23000 3a84f
           <...>-6008  [004] ....  1001.846313: do_swap_page: prefetch fault 5960 "pool-3-thread-1" 7fbbf23000 3a84f
  com.rovio.baba-5960  [006] ...1  1001.846315: do_swap_page: id 5, table 0 || 793: 5960 7f28fce000
  com.rovio.baba-5960  [006] ....  1001.846338: read_swap_cache_async: remote readpage 5960 "com.rovio.baba" 7f28fd1000 3a846
  com.rovio.baba-5960  [006] ....  1001.846339: do_swap_page: prefetch fault 5960 "com.rovio.baba" 7f28fd1000 3a846
           <...>-6008  [004] ...1  1001.848850: do_swap_page: id 5, table 0 || 794: 5960 7fbbf23000
           <...>-6008  [004] ....  1001.848920: read_swap_cache_async: remote readpage 5960 "pool-3-thread-1" 7fbbef7000 3a850
           <...>-6008  [004] ....  1001.848922: do_swap_page: prefetch fault 5960 "pool-3-thread-1" 7fbbef7000 3a850
  com.rovio.baba-5960  [006] ...1  1001.849168: do_swap_page: id 5, table 0 || 795: 5960 7f28fd1000
  com.rovio.baba-5960  [006] ....  1001.849193: read_swap_cache_async: remote readpage 5960 "com.rovio.baba" 7eb8868000 3a848
  com.rovio.baba-5960  [006] ....  1001.849194: do_swap_page: prefetch fault 5960 "com.rovio.baba" 7eb8868000 3a848
           <...>-6008  [004] ...1  1001.851023: do_swap_page: id 5, table 0 || 796: 5960 7fbbef7000
           <...>-6008  [004] ....  1001.851079: read_swap_cache_async: remote readpage 5960 "pool-3-thread-1" 7fbbf29000 3a851
           <...>-6008  [004] ....  1001.851081: do_swap_page: prefetch fault 5960 "pool-3-thread-1" 7fbbf29000 3a851
  com.rovio.baba-5960  [006] ...1  1001.851215: do_swap_page: id 5, table 0 || 797: 5960 7eb8868000
  com.rovio.baba-5960  [006] ...1  1001.851267: do_swap_page: id 5, table 0 || 798: 5960 13032000
  com.rovio.baba-5960  [006] ....  1001.851280: read_swap_cache_async: remote readpage 5960 "com.rovio.baba" 7f28d9c000 3a849
  com.rovio.baba-5960  [006] ....  1001.851281: do_swap_page: prefetch fault 5960 "com.rovio.baba" 7f28d9c000 3a849
           <...>-6008  [004] ...1  1001.853158: do_swap_page: id 5, table 0 || 799: 5960 7fbbf29000
           <...>-6008  [004] ....  1001.853225: read_swap_cache_async: remote readpage 5960 "pool-3-thread-1" 72769000 3a853
           <...>-6008  [004] ....  1001.853226: do_swap_page: prefetch fault 5960 "pool-3-thread-1" 72769000 3a853
  com.rovio.baba-5960  [006] ...1  1001.853485: do_swap_page: id 5, table 0 || 800: 5960 7f28d9c000
  com.rovio.baba-5960  [006] ....  1001.853500: read_swap_cache_async: remote readpage 5960 "com.rovio.baba" 7eb8215000 3a84a
  com.rovio.baba-5960  [006] ....  1001.853501: do_swap_page: prefetch fault 5960 "com.rovio.baba" 7eb8215000 3a84a
           <...>-6008  [004] ...1  1001.855468: do_swap_page: id 5, table 0 || 801: 5960 72769000
           <...>-6008  [004] ...1  1001.855522: do_swap_page: id 5, table 0 || 802: 5960 7eb6a26000
           <...>-6008  [004] ....  1001.855621: read_swap_cache_async: remote readpage 5960 "pool-3-thread-1" 7f234a0000 3a854
           <...>-6008  [004] ....  1001.855622: do_swap_page: prefetch fault 5960 "pool-3-thread-1" 7f234a0000 3a854
  com.rovio.baba-5960  [006] ...1  1001.855625: do_swap_page: id 5, table 0 || 803: 5960 7eb8215000
  com.rovio.baba-5960  [006] ...1  1001.855667: do_swap_page: id 5, table 0 || 804: 5960 1301e000
  com.rovio.baba-5960  [006] ...1  1001.855677: do_swap_page: id 5, table 0 || 805: 5960 1301c000
  com.rovio.baba-5960  [006] ...1  1001.855688: do_swap_page: id 5, table 0 || 806: 5960 13179000
  com.rovio.baba-5960  [006] ...1  1001.855701: do_swap_page: id 5, table 0 || 807: 5960 13036000
  com.rovio.baba-5960  [006] ....  1001.855759: read_swap_cache_async: remote readpage 5960 "com.rovio.baba" 7f20d86000 3a84b
  com.rovio.baba-5960  [006] ....  1001.855760: do_swap_page: prefetch fault 5960 "com.rovio.baba" 7f20d86000 3a84b
  com.rovio.baba-5960  [006] ...1  1001.858148: do_swap_page: id 5, table 0 || 808: 5960 7f20d86000
  com.rovio.baba-5960  [006] ...1  1001.858188: do_swap_page: id 5, table 0 || 809: 5960 13178000
  com.rovio.baba-5960  [006] ...1  1001.858241: do_swap_page: id 5, table 0 || 810: 5960 13079000
  com.rovio.baba-5960  [006] ....  1001.858303: read_swap_cache_async: remote readpage 5960 "com.rovio.baba" 7f29f2b000 3a84d
  com.rovio.baba-5960  [006] ....  1001.858305: do_swap_page: prefetch fault 5960 "com.rovio.baba" 7f29f2b000 3a84d
           <...>-6008  [004] ...1  1001.858397: do_swap_page: id 5, table 0 || 811: 5960 7f234a0000
           <...>-6008  [004] ....  1001.858473: read_swap_cache_async: remote readpage 5960 "pool-3-thread-1" 7f235f6000 3a855
           <...>-6008  [004] ....  1001.858475: do_swap_page: prefetch fault 5960 "pool-3-thread-1" 7f235f6000 3a855
  com.rovio.baba-5960  [006] ...1  1001.860409: do_swap_page: id 5, table 0 || 812: 5960 7f29f2b000
  com.rovio.baba-5960  [006] ...1  1001.860431: do_swap_page: id 5, table 0 || 813: 5960 13078000
  com.rovio.baba-5960  [006] ....  1001.860456: read_swap_cache_async: remote readpage 5960 "com.rovio.baba" 7f29f1a000 3a852
  com.rovio.baba-5960  [006] ....  1001.860457: do_swap_page: prefetch fault 5960 "com.rovio.baba" 7f29f1a000 3a852
           <...>-6008  [004] ...1  1001.860517: do_swap_page: id 5, table 0 || 814: 5960 7f235f6000
           <...>-6008  [004] ....  1001.860657: read_swap_cache_async: remote readpage 5960 "pool-3-thread-1" 72734000 3a857
           <...>-6008  [004] ....  1001.860659: do_swap_page: prefetch fault 5960 "pool-3-thread-1" 72734000 3a857
  com.rovio.baba-5960  [006] ...1  1001.865510: do_swap_page: id 5, table 0 || 815: 5960 7f29f1a000
           <...>-6008  [004] ...1  1001.865521: do_swap_page: id 5, table 0 || 816: 5960 72734000
           <...>-6008  [004] ....  1001.865563: read_swap_cache_async: remote readpage 5960 "pool-3-thread-1" 7274d000 3a859
           <...>-6008  [004] ....  1001.865566: do_swap_page: prefetch fault 5960 "pool-3-thread-1" 7274d000 3a859
  com.rovio.baba-5960  [006] ....  1001.865632: read_swap_cache_async: remote readpage 5960 "com.rovio.baba" 7f29f21000 3a856
  com.rovio.baba-5960  [006] ....  1001.865635: do_swap_page: prefetch fault 5960 "com.rovio.baba" 7f29f21000 3a856
           <...>-6008  [004] ...1  1001.868382: do_swap_page: id 5, table 0 || 817: 5960 7274d000
           <...>-6008  [004] ....  1001.868477: read_swap_cache_async: remote readpage 5960 "pool-3-thread-1" 7fbcef8000 3a85b
           <...>-6008  [004] ....  1001.868479: do_swap_page: prefetch fault 5960 "pool-3-thread-1" 7fbcef8000 3a85b
  com.rovio.baba-5960  [006] ...1  1001.868487: do_swap_page: id 5, table 0 || 818: 5960 7f29f21000
  com.rovio.baba-5960  [006] ....  1001.868576: read_swap_cache_async: remote readpage 5960 "com.rovio.baba" 7f29f1c000 3a858
  com.rovio.baba-5960  [006] ....  1001.868579: do_swap_page: prefetch fault 5960 "com.rovio.baba" 7f29f1c000 3a858
           <...>-6008  [004] ...1  1001.870541: do_swap_page: id 5, table 0 || 819: 5960 7fbcef8000
           <...>-6008  [004] ...1  1001.870587: do_swap_page: id 5, table 0 || 820: 5960 7fbe243000
  com.rovio.baba-5960  [006] ...1  1001.870620: do_swap_page: id 5, table 0 || 821: 5960 7f29f1c000
  com.rovio.baba-5960  [006] ...1  1001.870646: do_swap_page: id 5, table 0 || 822: 5960 1316e000
           <...>-6008  [004] ....  1001.870650: read_swap_cache_async: remote readpage 5960 "pool-3-thread-1" 7fbe211000 3a85d
           <...>-6008  [004] ....  1001.870652: do_swap_page: prefetch fault 5960 "pool-3-thread-1" 7fbe211000 3a85d
  com.rovio.baba-5960  [006] ....  1001.870711: read_swap_cache_async: remote readpage 5960 "com.rovio.baba" 7f29f26000 3a85a
  com.rovio.baba-5960  [006] ....  1001.870713: do_swap_page: prefetch fault 5960 "com.rovio.baba" 7f29f26000 3a85a
           <...>-6008  [004] ...1  1001.872640: do_swap_page: id 5, table 0 || 823: 5960 7fbe211000
           <...>-6008  [004] ....  1001.872671: read_swap_cache_async: remote readpage 5960 "pool-3-thread-1" 7f28a5d000 3a863
           <...>-6008  [004] ....  1001.872673: do_swap_page: prefetch fault 5960 "pool-3-thread-1" 7f28a5d000 3a863
  com.rovio.baba-5960  [006] ...1  1001.872727: do_swap_page: id 5, table 0 || 824: 5960 7f29f26000
  com.rovio.baba-5960  [006] ....  1001.872738: read_swap_cache_async: remote readpage 5960 "com.rovio.baba" 7f29f1b000 3a85c
  com.rovio.baba-5960  [006] ....  1001.872739: do_swap_page: prefetch fault 5960 "com.rovio.baba" 7f29f1b000 3a85c
           <...>-6008  [004] ...1  1001.877568: do_swap_page: id 5, table 0 || 825: 5960 7f28a5d000
  com.rovio.baba-5960  [006] ...1  1001.877577: do_swap_page: id 5, table 0 || 826: 5960 7f29f1b000
  com.rovio.baba-5960  [006] ...1  1001.877648: do_swap_page: id 5, table 0 || 827: 5960 1307b000
           <...>-6008  [004] ...1  1001.877658: do_swap_page: id 5, table 0 || 828: 5960 13606000
  com.rovio.baba-5960  [006] ...1  1001.877770: do_swap_page: id 5, table 0 || 829: 5960 13082000
  com.rovio.baba-5960  [006] ...1  1001.877879: do_swap_page: id 5, table 0 || 830: 5960 1317a000
  com.rovio.baba-5960  [006] ....  1001.877972: read_swap_cache_async: remote readpage 5960 "com.rovio.baba" 7f20d89000 3a85e
  com.rovio.baba-5960  [006] ....  1001.877974: do_swap_page: prefetch fault 5960 "com.rovio.baba" 7f20d89000 3a85e
           <...>-6008  [004] ...1  1001.877975: do_swap_page: id 5, table 0 || 831: 5960 12f91000
           <...>-6008  [004] ...1  1001.878033: do_swap_page: id 5, table 0 || 832: 5960 12f8b000
           <...>-6008  [004] ....  1001.878145: read_swap_cache_async: remote readpage 5960 "pool-3-thread-1" 72693000 3a868
           <...>-6008  [004] ....  1001.878148: do_swap_page: prefetch fault 5960 "pool-3-thread-1" 72693000 3a868
  com.rovio.baba-5960  [006] ...1  1001.880187: do_swap_page: id 5, table 0 || 833: 5960 7f20d89000
  com.rovio.baba-5960  [006] ....  1001.880256: read_swap_cache_async: remote readpage 5960 "com.rovio.baba" 7ee4057000 3a85f
  com.rovio.baba-5960  [006] ....  1001.880258: do_swap_page: prefetch fault 5960 "com.rovio.baba" 7ee4057000 3a85f
           <...>-6008  [004] ...1  1001.880357: do_swap_page: id 5, table 0 || 834: 5960 72693000
           <...>-6008  [004] ...1  1001.880455: do_swap_page: id 5, table 0 || 835: 5960 13007000
           <...>-6008  [004] ...1  1001.880506: do_swap_page: id 5, table 0 || 836: 5960 13008000
           <...>-6008  [004] ....  1001.880667: read_swap_cache_async: remote readpage 5960 "pool-3-thread-1" 7f28b23000 3a8c0
           <...>-6008  [004] ....  1001.880669: do_swap_page: prefetch fault 5960 "pool-3-thread-1" 7f28b23000 3a8c0
  com.rovio.baba-5960  [006] ...1  1001.882310: do_swap_page: id 5, table 0 || 837: 5960 7ee4057000
  com.rovio.baba-5960  [006] ....  1001.882367: read_swap_cache_async: remote readpage 5960 "com.rovio.baba" 7eb83c0000 3a860
  com.rovio.baba-5960  [006] ....  1001.882369: do_swap_page: prefetch fault 5960 "com.rovio.baba" 7eb83c0000 3a860
           <...>-6008  [004] ...1  1001.882436: do_swap_page: id 5, table 0 || 838: 5960 7f28b23000
           <...>-6008  [004] ...1  1001.882481: do_swap_page: id 5, table 0 || 839: 5960 7f28b2f000
           <...>-6008  [004] ....  1001.882760: read_swap_cache_async: remote readpage 5960 "pool-3-thread-1" 7f2da92000 3a8c2
           <...>-6008  [004] ....  1001.882762: do_swap_page: prefetch fault 5960 "pool-3-thread-1" 7f2da92000 3a8c2
  com.rovio.baba-5960  [006] ...1  1001.884430: do_swap_page: id 5, table 0 || 840: 5960 7eb83c0000
  com.rovio.baba-5960  [006] ...1  1001.884461: do_swap_page: id 5, table 0 || 841: 5960 7eb82af000
  com.rovio.baba-5960  [006] ....  1001.884534: read_swap_cache_async: remote readpage 5960 "com.rovio.baba" 7eb811c000 3a861
           <...>-6008  [004] ...1  1001.884536: do_swap_page: id 5, table 0 || 842: 5960 7f2da92000
  com.rovio.baba-5960  [006] ....  1001.884536: do_swap_page: prefetch fault 5960 "com.rovio.baba" 7eb811c000 3a861
           <...>-6008  [004] ...1  1001.884562: do_swap_page: id 5, table 0 || 843: 5960 12f87000
           <...>-6008  [004] ...1  1001.884623: do_swap_page: id 5, table 0 || 844: 5960 7f28de8000
           <...>-6004  [005] ...1  1001.884705: do_swap_page: id 5, table 0 || 845: 5960 7ec6656000
           <...>-6004  [005] ...1  1001.884724: do_swap_page: id 5, table 0 || 846: 5960 7f28de9000
           <...>-6004  [005] ....  1001.884737: read_swap_cache_async: remote readpage 5960 "pool-5-thread-1" 7ec6657000 3a8c3
           <...>-6004  [005] ....  1001.884738: do_swap_page: prefetch fault 5960 "pool-5-thread-1" 7ec6657000 3a8c3
           <...>-6008  [004] ....  1001.884798: read_swap_cache_async: remote readpage 5960 "pool-3-thread-1" 7d474f5000 3a8c4
           <...>-6008  [004] ....  1001.884800: do_swap_page: prefetch fault 5960 "pool-3-thread-1" 7d474f5000 3a8c4
           <...>-5988  [004] ....  1001.886126: read_swap_cache_async: remote readpage 5960 "queued-work-loo" 7ece132000 3a8e8
           <...>-5988  [004] ....  1001.886128: do_swap_page: prefetch fault 5960 "queued-work-loo" 7ece132000 3a8e8
  com.rovio.baba-5960  [006] ...1  1001.886795: do_swap_page: id 5, table 0 || 847: 5960 7eb811c000
  com.rovio.baba-5960  [006] ...1  1001.886826: do_swap_page: id 5, table 0 || 848: 5960 7eb821b000
  com.rovio.baba-5960  [006] ...1  1001.886839: do_swap_page: id 5, table 0 || 849: 5960 7eb821a000
  com.rovio.baba-5960  [006] ...1  1001.886854: do_swap_page: id 5, table 0 || 850: 5960 7eb7faa000
           <...>-6008  [004] ...1  1001.886980: do_swap_page: id 5, table 0 || 851: 5960 7d474f5000
  com.rovio.baba-5960  [006] ....  1001.886988: read_swap_cache_async: remote readpage 5960 "com.rovio.baba" 7f1f655000 3a862
           <...>-6004  [005] ...1  1001.886990: do_swap_page: id 5, table 0 || 852: 5960 7ec6657000
  com.rovio.baba-5960  [006] ....  1001.886990: do_swap_page: prefetch fault 5960 "com.rovio.baba" 7f1f655000 3a862
           <...>-6008  [004] ...1  1001.887010: do_swap_page: id 5, table 0 || 853: 5960 13003000
           <...>-6004  [005] ...1  1001.887011: do_swap_page: id 5, table 0 || 854: 5960 7f28b1b000
           <...>-6004  [005] ....  1001.887078: read_swap_cache_async: remote readpage 5960 "pool-5-thread-1" 7ec6654000 3a8c7
           <...>-6004  [005] ....  1001.887079: do_swap_page: prefetch fault 5960 "pool-5-thread-1" 7ec6654000 3a8c7
           <...>-5966  [005] ...1  1001.887281: do_swap_page: id 5, table 0 || 855: 5960 7ec81a6000
           <...>-6008  [004] ...1  1001.887289: do_swap_page: id 5, table 0 || 856: 5960 7d474ec000
           <...>-6008  [004] ...1  1001.887304: do_swap_page: id 5, table 0 || 857: 5960 12fe8000
           <...>-5966  [005] ...1  1001.887308: do_swap_page: id 5, table 0 || 858: 5960 7fbe238000
           <...>-5966  [005] ...1  1001.887329: do_swap_page: id 5, table 0 || 859: 5960 7fbb9a1000
           <...>-5966  [005] ...1  1001.887347: do_swap_page: id 5, table 0 || 860: 5960 7d47223000
           <...>-5966  [005] ...1  1001.887360: do_swap_page: id 5, table 0 || 861: 5960 7f2e956000
           <...>-6008  [004] ....  1001.887393: read_swap_cache_async: remote readpage 5960 "pool-3-thread-1" 7f28e31000 3a8c8
           <...>-6008  [004] ....  1001.887396: do_swap_page: prefetch fault 5960 "pool-3-thread-1" 7f28e31000 3a8c8
           <...>-5966  [005] ....  1001.887563: read_swap_cache_async: remote readpage 5960 "Jit thread pool" 7f2d634000 3a825
           <...>-5966  [005] ....  1001.887565: do_swap_page: prefetch fault 5960 "Jit thread pool" 7f2d634000 3a825
           <...>-5988  [004] ...1  1001.888487: do_swap_page: id 5, table 0 || 862: 5960 7ece132000
           <...>-5988  [004] ...1  1001.888517: do_swap_page: id 5, table 0 || 863: 5960 13617000
           <...>-5988  [004] ....  1001.888538: read_swap_cache_async: remote readpage 5960 "queued-work-loo" 7f31502000 3a8e9
           <...>-5988  [004] ....  1001.888539: do_swap_page: prefetch fault 5960 "queued-work-loo" 7f31502000 3a8e9
  com.rovio.baba-5960  [006] ...1  1001.888658: do_swap_page: id 5, table 0 || 864: 5960 7f1f655000
  com.rovio.baba-5960  [006] ....  1001.889095: read_swap_cache_async: remote readpage 5960 "com.rovio.baba" 7d47399000 3a866
  com.rovio.baba-5960  [006] ....  1001.889098: do_swap_page: prefetch fault 5960 "com.rovio.baba" 7d47399000 3a866
           <...>-6004  [004] ...1  1001.890563: do_swap_page: id 5, table 0 || 865: 5960 7ec6654000
           <...>-6004  [004] ....  1001.890738: read_swap_cache_async: remote readpage 5960 "pool-5-thread-1" 7ec6655000 3a8ca
           <...>-6004  [004] ....  1001.890741: do_swap_page: prefetch fault 5960 "pool-5-thread-1" 7ec6655000 3a8ca
           <...>-5966  [005] ...1  1001.890744: do_swap_page: id 5, table 0 || 866: 5960 7f2d634000
           <...>-5966  [005] ...1  1001.890792: do_swap_page: id 5, table 0 || 867: 5960 7f2e955000
           <...>-6008  [007] ...1  1001.891022: do_swap_page: id 5, table 0 || 868: 5960 7f28e31000
           <...>-5966  [005] ...1  1001.891049: do_swap_page: id 5, table 0 || 869: 5960 7f2d6e2000
           <...>-6008  [007] ....  1001.891171: read_swap_cache_async: remote readpage 5960 "pool-3-thread-1" 7f28e32000 3a8cb
           <...>-6008  [007] ....  1001.891174: do_swap_page: prefetch fault 5960 "pool-3-thread-1" 7f28e32000 3a8cb
           <...>-5966  [005] ...1  1001.891199: do_swap_page: id 5, table 0 || 870: 5960 7f2d76e000
           <...>-5966  [005] ....  1001.891350: read_swap_cache_async: remote readpage 5960 "Jit thread pool" 7d58102000 3a8fb
           <...>-5966  [005] ....  1001.891352: do_swap_page: prefetch fault 5960 "Jit thread pool" 7d58102000 3a8fb
           <...>-5988  [004] ...1  1001.891829: do_swap_page: id 5, table 0 || 871: 5960 7f31502000
           <...>-5988  [004] ...1  1001.891889: do_swap_page: id 5, table 0 || 872: 5960 7fbe29d000
           <...>-5988  [004] ....  1001.892001: read_swap_cache_async: remote readpage 5960 "queued-work-loo" 7f28d59000 3a8ec
           <...>-5988  [004] ....  1001.892003: do_swap_page: prefetch fault 5960 "queued-work-loo" 7f28d59000 3a8ec
           <...>-5966  [005] ...1  1001.896719: do_swap_page: id 5, table 0 || 873: 5960 7d58102000
  com.rovio.baba-5960  [006] ...1  1001.896719: do_swap_page: id 5, table 0 || 874: 5960 7d47399000
           <...>-5966  [005] ...1  1001.896757: do_swap_page: id 5, table 0 || 875: 5960 7d57f59000
           <...>-6004  [004] ...1  1001.896758: do_swap_page: id 5, table 0 || 876: 5960 7ec6655000
           <...>-5966  [005] ...1  1001.896772: do_swap_page: id 5, table 0 || 877: 5960 7d47496000
           <...>-5988  [007] ...1  1001.896785: do_swap_page: id 5, table 0 || 878: 5960 7f28d59000
           <...>-5966  [005] ...1  1001.896786: do_swap_page: id 5, table 0 || 879: 5960 7d47361000
  com.rovio.baba-5960  [006] ...1  1001.896794: do_swap_page: id 5, table 0 || 880: 5960 7f28d85000
           <...>-5966  [005] ....  1001.896800: read_swap_cache_async: remote readpage 5960 "Jit thread pool" 7d58103000 3e803
           <...>-5966  [005] ....  1001.896802: do_swap_page: prefetch fault 5960 "Jit thread pool" 7d58103000 3e803
           <...>-5988  [007] ....  1001.896808: read_swap_cache_async: remote readpage 5960 "queued-work-loo" 7f28d5a000 3a8f0
           <...>-5988  [007] ....  1001.896810: do_swap_page: prefetch fault 5960 "queued-work-loo" 7f28d5a000 3a8f0
  com.rovio.baba-5960  [006] ....  1001.896816: read_swap_cache_async: remote readpage 5960 "com.rovio.baba" 7eb6b2c000 3a8b5
  com.rovio.baba-5960  [006] ....  1001.896818: do_swap_page: prefetch fault 5960 "com.rovio.baba" 7eb6b2c000 3a8b5
           <...>-6008  [007] ...1  1001.896820: do_swap_page: id 5, table 0 || 881: 5960 7f28e32000
           <...>-6004  [004] ....  1001.896894: read_swap_cache_async: remote readpage 5960 "pool-5-thread-1" 7ec6653000 3a8ce
           <...>-6004  [004] ....  1001.896896: do_swap_page: prefetch fault 5960 "pool-5-thread-1" 7ec6653000 3a8ce
           <...>-6008  [005] ...1  1001.897253: do_swap_page: id 5, table 0 || 882: 5960 135f9000
           <...>-6008  [005] ...1  1001.897287: do_swap_page: id 5, table 0 || 883: 5960 13503000
           <...>-6008  [005] ....  1001.898730: read_swap_cache_async: remote readpage 5960 "pool-3-thread-1" 72698000 3a8d1
           <...>-6008  [005] ....  1001.898733: do_swap_page: prefetch fault 5960 "pool-3-thread-1" 72698000 3a8d1
           <...>-5966  [005] ...1  1001.899451: do_swap_page: id 5, table 0 || 884: 5960 7d58103000
           <...>-5966  [005] ...1  1001.899489: do_swap_page: id 5, table 0 || 885: 5960 7eb5d4f000
           <...>-5966  [005] ...1  1001.899511: do_swap_page: id 5, table 0 || 886: 5960 7d6b477000
           <...>-5966  [005] ...1  1001.899528: do_swap_page: id 5, table 0 || 887: 5960 7d57f58000
           <...>-5966  [005] ...1  1001.899540: do_swap_page: id 5, table 0 || 888: 5960 7d57db0000
           <...>-5966  [005] ...1  1001.899556: do_swap_page: id 5, table 0 || 889: 5960 7ec5b65000
           <...>-5966  [005] ...1  1001.899574: do_swap_page: id 5, table 0 || 890: 5960 7d577f9000
           <...>-6004  [004] ...1  1001.899580: do_swap_page: id 5, table 0 || 891: 5960 7ec6653000
           <...>-5966  [005] ...1  1001.899613: do_swap_page: id 5, table 0 || 892: 5960 7f2d6e9000
           <...>-5966  [005] ...1  1001.899627: do_swap_page: id 5, table 0 || 893: 5960 7f2d766000
           <...>-5966  [005] ...1  1001.899640: do_swap_page: id 5, table 0 || 894: 5960 7f2d767000
           <...>-5966  [005] ...1  1001.899656: do_swap_page: id 5, table 0 || 895: 5960 7eb886d000
           <...>-6004  [004] ....  1001.899670: read_swap_cache_async: remote readpage 5960 "pool-5-thread-1" 7f28dea000 3a8d2
           <...>-6004  [004] ....  1001.899672: do_swap_page: prefetch fault 5960 "pool-5-thread-1" 7f28dea000 3a8d2
           <...>-5966  [005] ...1  1001.899674: do_swap_page: id 5, table 0 || 896: 5960 7f2d771000
           <...>-5966  [005] ...1  1001.899696: do_swap_page: id 5, table 0 || 897: 5960 7d6b4ee000
           <...>-5988  [004] ...1  1001.899701: do_swap_page: id 5, table 0 || 898: 5960 7f28d5a000
           <...>-5966  [005] ...1  1001.899720: do_swap_page: id 5, table 0 || 899: 5960 7f2d600000
           <...>-5966  [005] ...1  1001.899734: do_swap_page: id 5, table 0 || 900: 5960 7d57ea7000
  com.rovio.baba-5960  [006] ...1  1001.899737: do_swap_page: id 5, table 0 || 901: 5960 7eb6b2c000
