  com.rovio.baba-5960  [007] ...1  1810.022695: do_swap_page: id 5, table 0 || 706: 5960 1309e000
  com.rovio.baba-5960  [007] ...1  1810.022703: do_swap_page: id 5, table 0 || 707: 5960 13165000
  com.rovio.baba-5960  [007] ....  1810.022718: read_swap_cache_async: remote readpage 5960 "com.rovio.baba" 7ec6670000 62a815
  com.rovio.baba-5960  [007] ....  1810.022719: do_swap_page: prefetch fault 5960 "com.rovio.baba" 7ec6670000 62a815
           <...>-6008  [007] ...1  1810.022792: do_swap_page: id 5, table 0 || 708: 5960 727ab000
           <...>-6008  [007] ....  1810.022814: read_swap_cache_async: remote readpage 5960 "pool-3-thread-1" 72697000 62a816
           <...>-6008  [007] ....  1810.022815: do_swap_page: prefetch fault 5960 "pool-3-thread-1" 72697000 62a816
 Measurement Wor-8481  [005] ...1  1810.024936: do_swap_page: id 5, table 0 || 709: 5960 7f28d8c000
 Measurement Wor-8481  [005] ...1  1810.025047: do_swap_page: id 5, table 0 || 710: 5960 12fed000
 Measurement Wor-8481  [005] ...1  1810.025121: do_swap_page: id 5, table 0 || 711: 5960 12fef000
           <...>-5966  [006] ...1  1810.025127: do_swap_page: id 5, table 0 || 712: 5960 7fbb9a1000
           <...>-5966  [006] ....  1810.025218: read_swap_cache_async: remote readpage 5960 "Jit thread pool" 7f2e956000 62a83a
           <...>-5966  [006] ....  1810.025220: do_swap_page: prefetch fault 5960 "Jit thread pool" 7f2e956000 62a83a
  com.rovio.baba-5960  [006] ...1  1810.025329: do_swap_page: id 5, table 0 || 713: 5960 7ec6670000
           <...>-5988  [004] ....  1810.025345: read_swap_cache_async: remote readpage 5960 "queued-work-loo" 7ece134000 62a810
  com.rovio.baba-5960  [006] ...1  1810.025345: do_swap_page: id 5, table 0 || 714: 5960 130e7000
           <...>-5988  [004] ....  1810.025349: do_swap_page: prefetch fault 5960 "queued-work-loo" 7ece134000 62a810
  com.rovio.baba-5960  [006] ....  1810.025356: read_swap_cache_async: remote readpage 5960 "com.rovio.baba" 7ec666a000 62a81a
  com.rovio.baba-5960  [006] ....  1810.025357: do_swap_page: prefetch fault 5960 "com.rovio.baba" 7ec666a000 62a81a
 Measurement Wor-8481  [005] ....  1810.025383: read_swap_cache_async: remote readpage 5960 "Measurement Wor" 7d474f3000 62a811
 Measurement Wor-8481  [005] ....  1810.025384: do_swap_page: prefetch fault 5960 "Measurement Wor" 7d474f3000 62a811
           <...>-6008  [004] ...1  1810.025459: do_swap_page: id 5, table 0 || 715: 5960 72697000
           <...>-6008  [004] ....  1810.025500: read_swap_cache_async: remote readpage 5960 "pool-3-thread-1" 727ae000 62a81b
           <...>-6008  [004] ....  1810.025501: do_swap_page: prefetch fault 5960 "pool-3-thread-1" 727ae000 62a81b
           <...>-5966  [006] ...1  1810.027921: do_swap_page: id 5, table 0 || 716: 5960 7f2e956000
           <...>-5988  [004] ...1  1810.028074: do_swap_page: id 5, table 0 || 717: 5960 7ece134000
           <...>-5966  [006] ...1  1810.028120: do_swap_page: id 5, table 0 || 718: 5960 7fbb9b6000
           <...>-5966  [006] ....  1810.028138: read_swap_cache_async: remote readpage 5960 "Jit thread pool" 7f2e955000 62a83b
           <...>-5966  [006] ....  1810.028139: do_swap_page: prefetch fault 5960 "Jit thread pool" 7f2e955000 62a83b
           <...>-5988  [006] ....  1810.028153: read_swap_cache_async: remote readpage 5960 "queued-work-loo" 7ece135000 62a814
           <...>-5988  [006] ....  1810.028154: do_swap_page: prefetch fault 5960 "queued-work-loo" 7ece135000 62a814
  com.rovio.baba-5960  [005] ...1  1810.029338: do_swap_page: id 5, table 0 || 719: 5960 7ec666a000
  com.rovio.baba-5960  [005] ...1  1810.029368: do_swap_page: id 5, table 0 || 720: 5960 1312b000
  com.rovio.baba-5960  [005] ....  1810.029405: read_swap_cache_async: remote readpage 5960 "com.rovio.baba" 7ec6672000 62a81d
  com.rovio.baba-5960  [005] ....  1810.029407: do_swap_page: prefetch fault 5960 "com.rovio.baba" 7ec6672000 62a81d
 Measurement Wor-8481  [004] ...1  1810.029410: do_swap_page: id 5, table 0 || 721: 5960 7d474f3000
 Measurement Wor-8481  [004] ...1  1810.029463: do_swap_page: id 5, table 0 || 722: 5960 12ffd000
           <...>-6008  [007] ...1  1810.029484: do_swap_page: id 5, table 0 || 723: 5960 727ae000
           <...>-6008  [007] ...1  1810.029511: do_swap_page: id 5, table 0 || 724: 5960 12f63000
 Measurement Wor-8481  [004] ...1  1810.029524: do_swap_page: id 5, table 0 || 725: 5960 12ffa000
           <...>-6008  [007] ....  1810.029621: read_swap_cache_async: remote readpage 5960 "pool-3-thread-1" 7fbbf28000 62a81e
           <...>-6008  [007] ....  1810.029623: do_swap_page: prefetch fault 5960 "pool-3-thread-1" 7fbbf28000 62a81e
 Measurement Wor-8481  [004] ...1  1810.029683: do_swap_page: id 5, table 0 || 726: 5960 13063000
 Measurement Wor-8481  [004] ....  1810.029756: read_swap_cache_async: remote readpage 5960 "Measurement Wor" 7f297f0000 62a817
 Measurement Wor-8481  [004] ....  1810.029758: do_swap_page: prefetch fault 5960 "Measurement Wor" 7f297f0000 62a817
           <...>-5988  [004] ...1  1810.030893: do_swap_page: id 5, table 0 || 727: 5960 7ece135000
           <...>-5988  [004] ...1  1810.030921: do_swap_page: id 5, table 0 || 728: 5960 7f2d6b7000
           <...>-5966  [005] ...1  1810.030925: do_swap_page: id 5, table 0 || 729: 5960 7f2e955000
           <...>-5988  [004] ...1  1810.030931: do_swap_page: id 5, table 0 || 730: 5960 7f2d6b8000
           <...>-5988  [004] ...1  1810.030941: do_swap_page: id 5, table 0 || 731: 5960 7f2d614000
           <...>-5988  [004] ....  1810.031021: read_swap_cache_async: remote readpage 5960 "queued-work-loo" 7f28d50000 62a818
           <...>-5988  [004] ....  1810.031023: do_swap_page: prefetch fault 5960 "queued-work-loo" 7f28d50000 62a818
           <...>-5966  [005] ...1  1810.031045: do_swap_page: id 5, table 0 || 732: 5960 7f2e954000
           <...>-5966  [005] ...1  1810.031058: do_swap_page: id 5, table 0 || 733: 5960 7f2d8a5000
           <...>-5966  [005] ...1  1810.031069: do_swap_page: id 5, table 0 || 734: 5960 7f2d876000
           <...>-5966  [005] ...1  1810.031079: do_swap_page: id 5, table 0 || 735: 5960 7f2d8a7000
           <...>-5966  [005] ...1  1810.031084: do_swap_page: id 5, table 0 || 736: 5960 7f2d8a8000
           <...>-5966  [005] ...1  1810.031090: do_swap_page: id 5, table 0 || 737: 5960 7f2d88c000
           <...>-5966  [005] ...1  1810.031116: do_swap_page: id 5, table 0 || 738: 5960 7f2e953000
           <...>-5966  [005] ...1  1810.031158: do_swap_page: id 5, table 0 || 739: 5960 7ec820d000
           <...>-5966  [005] ...1  1810.031328: do_swap_page: id 5, table 0 || 740: 5960 7eb6cad000
  com.rovio.baba-5960  [004] ...1  1810.031477: do_swap_page: id 5, table 0 || 741: 5960 7ec6672000
  com.rovio.baba-5960  [004] ...1  1810.031495: do_swap_page: id 5, table 0 || 742: 5960 130b5000
  com.rovio.baba-5960  [004] ...1  1810.031504: do_swap_page: id 5, table 0 || 743: 5960 130b4000
  com.rovio.baba-5960  [004] ...1  1810.031513: do_swap_page: id 5, table 0 || 744: 5960 13142000
  com.rovio.baba-5960  [004] ...1  1810.031530: do_swap_page: id 5, table 0 || 745: 5960 130cb000
           <...>-5966  [005] ....  1810.031542: read_swap_cache_async: remote readpage 5960 "Jit thread pool" 7d474f4000 62a8a7
           <...>-5966  [005] ....  1810.031543: do_swap_page: prefetch fault 5960 "Jit thread pool" 7d474f4000 62a8a7
  com.rovio.baba-5960  [005] ....  1810.031556: read_swap_cache_async: remote readpage 5960 "com.rovio.baba" 7eb0042000 62a81f
  com.rovio.baba-5960  [005] ....  1810.031557: do_swap_page: prefetch fault 5960 "com.rovio.baba" 7eb0042000 62a81f
           <...>-6008  [007] ...1  1810.032711: do_swap_page: id 5, table 0 || 746: 5960 7fbbf28000
           <...>-6008  [007] ....  1810.032762: read_swap_cache_async: remote readpage 5960 "pool-3-thread-1" 7fbbefb000 62a821
           <...>-6008  [007] ....  1810.032763: do_swap_page: prefetch fault 5960 "pool-3-thread-1" 7fbbefb000 62a821
 Measurement Wor-8481  [004] ...1  1810.032922: do_swap_page: id 5, table 0 || 747: 5960 7f297f0000
 Measurement Wor-8481  [004] ...1  1810.033029: do_swap_page: id 5, table 0 || 748: 5960 7fbe25d000
 Measurement Wor-8481  [004] ...1  1810.033057: do_swap_page: id 5, table 0 || 749: 5960 13077000
 Measurement Wor-8481  [004] ....  1810.033113: read_swap_cache_async: remote readpage 5960 "Measurement Wor" 7f29f15000 62a819
 Measurement Wor-8481  [004] ....  1810.033114: do_swap_page: prefetch fault 5960 "Measurement Wor" 7f29f15000 62a819
           <...>-5988  [004] ...1  1810.033543: do_swap_page: id 5, table 0 || 750: 5960 7f28d50000
  com.rovio.baba-5960  [005] ...1  1810.033632: do_swap_page: id 5, table 0 || 751: 5960 7eb0042000
  com.rovio.baba-5960  [005] ....  1810.033701: read_swap_cache_async: remote readpage 5960 "com.rovio.baba" 7eb0029000 62a822
  com.rovio.baba-5960  [005] ....  1810.033703: do_swap_page: prefetch fault 5960 "com.rovio.baba" 7eb0029000 62a822
           <...>-5966  [005] ...1  1810.033716: do_swap_page: id 5, table 0 || 752: 5960 7d474f4000
           <...>-5966  [005] ...1  1810.033814: do_swap_page: id 5, table 0 || 753: 5960 7f2d888000
           <...>-5966  [005] ...1  1810.033874: do_swap_page: id 5, table 0 || 754: 5960 7ec8415000
           <...>-5966  [005] ...1  1810.033915: do_swap_page: id 5, table 0 || 755: 5960 7ec8585000
           <...>-5966  [005] ....  1810.033979: read_swap_cache_async: remote readpage 5960 "Jit thread pool" 7ec81a6000 62a85e
           <...>-5966  [005] ....  1810.033980: do_swap_page: prefetch fault 5960 "Jit thread pool" 7ec81a6000 62a85e
           <...>-6008  [007] ...1  1810.035493: do_swap_page: id 5, table 0 || 756: 5960 7fbbefb000
           <...>-6008  [007] ...1  1810.035522: do_swap_page: id 5, table 0 || 757: 5960 12f60000
           <...>-6008  [007] ....  1810.035579: read_swap_cache_async: remote readpage 5960 "pool-3-thread-1" 7fbbf25000 62a823
           <...>-6008  [007] ....  1810.035580: do_swap_page: prefetch fault 5960 "pool-3-thread-1" 7fbbf25000 62a823
 Measurement Wor-8481  [004] ...1  1810.035666: do_swap_page: id 5, table 0 || 758: 5960 7f29f15000
  com.rovio.baba-5960  [005] ...1  1810.035731: do_swap_page: id 5, table 0 || 759: 5960 7eb0029000
  com.rovio.baba-5960  [005] ...1  1810.035748: do_swap_page: id 5, table 0 || 760: 5960 13086000
 Measurement Wor-8481  [004] ....  1810.035760: read_swap_cache_async: remote readpage 5960 "Measurement Wor" 7d474f8000 62a81c
 Measurement Wor-8481  [004] ....  1810.035762: do_swap_page: prefetch fault 5960 "Measurement Wor" 7d474f8000 62a81c
  com.rovio.baba-5960  [005] ....  1810.035797: read_swap_cache_async: remote readpage 5960 "com.rovio.baba" 7ec6669000 62a825
  com.rovio.baba-5960  [005] ....  1810.035798: do_swap_page: prefetch fault 5960 "com.rovio.baba" 7ec6669000 62a825
           <...>-5966  [005] ...1  1810.036189: do_swap_page: id 5, table 0 || 761: 5960 7ec81a6000
           <...>-5966  [005] ...1  1810.036299: do_swap_page: id 5, table 0 || 762: 5960 7f2d89c000
           <...>-5966  [005] ...1  1810.036307: do_swap_page: id 5, table 0 || 763: 5960 7f2d889000
           <...>-5966  [005] ...1  1810.036316: do_swap_page: id 5, table 0 || 764: 5960 7f2d894000
           <...>-5966  [005] ...1  1810.036322: do_swap_page: id 5, table 0 || 765: 5960 7f2d891000
           <...>-5966  [005] ...1  1810.036362: do_swap_page: id 5, table 0 || 766: 5960 7d572f5000
           <...>-6008  [007] ...1  1810.038172: do_swap_page: id 5, table 0 || 767: 5960 7fbbf25000
           <...>-6008  [007] ....  1810.038228: read_swap_cache_async: remote readpage 5960 "pool-3-thread-1" 7fbbf26000 62a826
           <...>-6008  [007] ....  1810.038230: do_swap_page: prefetch fault 5960 "pool-3-thread-1" 7fbbf26000 62a826
 Measurement Wor-8481  [004] ...1  1810.038302: do_swap_page: id 5, table 0 || 768: 5960 7d474f8000
  com.rovio.baba-5960  [006] ...1  1810.038356: do_swap_page: id 5, table 0 || 769: 5960 7ec6669000
  com.rovio.baba-5960  [006] ...1  1810.038385: do_swap_page: id 5, table 0 || 770: 5960 13122000
  com.rovio.baba-5960  [006] ...1  1810.038395: do_swap_page: id 5, table 0 || 771: 5960 13116000
  com.rovio.baba-5960  [006] ...1  1810.038411: do_swap_page: id 5, table 0 || 772: 5960 130df000
  com.rovio.baba-5960  [006] ...1  1810.038422: do_swap_page: id 5, table 0 || 773: 5960 13133000
  com.rovio.baba-5960  [006] ...1  1810.038431: do_swap_page: id 5, table 0 || 774: 5960 130d6000
  com.rovio.baba-5960  [006] ...1  1810.038438: do_swap_page: id 5, table 0 || 775: 5960 130d8000
           <...>-5966  [005] ...1  1810.038440: do_swap_page: id 5, table 0 || 776: 5960 7f2d8a0000
  com.rovio.baba-5960  [006] ...1  1810.038451: do_swap_page: id 5, table 0 || 777: 5960 13164000
           <...>-5966  [005] ...1  1810.038451: do_swap_page: id 5, table 0 || 778: 5960 7f2d8a9000
           <...>-5966  [005] ...1  1810.038458: do_swap_page: id 5, table 0 || 779: 5960 7f2d896000
  com.rovio.baba-5960  [006] ...1  1810.038463: do_swap_page: id 5, table 0 || 780: 5960 13147000
  com.rovio.baba-5960  [006] ...1  1810.038480: do_swap_page: id 5, table 0 || 781: 5960 12fe2000
  com.rovio.baba-5960  [006] ...1  1810.038491: do_swap_page: id 5, table 0 || 782: 5960 13148000
           <...>-5966  [005] ...1  1810.038492: do_swap_page: id 5, table 0 || 783: 5960 7d57c09000
  com.rovio.baba-5960  [006] ...1  1810.038499: do_swap_page: id 5, table 0 || 784: 5960 130dc000
  com.rovio.baba-5960  [006] ....  1810.038514: read_swap_cache_async: remote readpage 5960 "com.rovio.baba" 7ec6678000 62a828
  com.rovio.baba-5960  [006] ....  1810.038515: do_swap_page: prefetch fault 5960 "com.rovio.baba" 7ec6678000 62a828
 Measurement Wor-8481  [004] ....  1810.038532: read_swap_cache_async: remote readpage 5960 "Measurement Wor" 7d474ef000 62a820
 Measurement Wor-8481  [004] ....  1810.038534: do_swap_page: prefetch fault 5960 "Measurement Wor" 7d474ef000 62a820
           <...>-5966  [005] ...1  1810.038583: do_swap_page: id 5, table 0 || 785: 5960 7f2d89d000
           <...>-5966  [005] ...1  1810.038618: do_swap_page: id 5, table 0 || 786: 5960 7d57c0e000
           <...>-6008  [007] ...1  1810.040299: do_swap_page: id 5, table 0 || 787: 5960 7fbbf26000
           <...>-6008  [007] ....  1810.040364: read_swap_cache_async: remote readpage 5960 "pool-3-thread-1" 7fbbf22000 62a829
           <...>-6008  [007] ....  1810.040366: do_swap_page: prefetch fault 5960 "pool-3-thread-1" 7fbbf22000 62a829
 Measurement Wor-8481  [004] ...1  1810.040621: do_swap_page: id 5, table 0 || 788: 5960 7d474ef000
 Measurement Wor-8481  [004] ....  1810.040639: read_swap_cache_async: remote readpage 5960 "Measurement Wor" 7758e000 62a824
 Measurement Wor-8481  [004] ....  1810.040640: do_swap_page: prefetch fault 5960 "Measurement Wor" 7758e000 62a824
  com.rovio.baba-5960  [006] ...1  1810.040694: do_swap_page: id 5, table 0 || 789: 5960 7ec6678000
  com.rovio.baba-5960  [006] ...1  1810.040737: do_swap_page: id 5, table 0 || 790: 5960 13136000
  com.rovio.baba-5960  [006] ...1  1810.040768: do_swap_page: id 5, table 0 || 791: 5960 13153000
  com.rovio.baba-5960  [006] ...1  1810.040779: do_swap_page: id 5, table 0 || 792: 5960 13154000
  com.rovio.baba-5960  [006] ...1  1810.040786: do_swap_page: id 5, table 0 || 793: 5960 13156000
  com.rovio.baba-5960  [006] ...1  1810.040794: do_swap_page: id 5, table 0 || 794: 5960 13158000
  com.rovio.baba-5960  [006] ....  1810.040890: read_swap_cache_async: remote readpage 5960 "com.rovio.baba" 7eb0024000 62a82b
  com.rovio.baba-5960  [006] ....  1810.040892: do_swap_page: prefetch fault 5960 "com.rovio.baba" 7eb0024000 62a82b
           <...>-6008  [007] ...1  1810.042569: do_swap_page: id 5, table 0 || 795: 5960 7fbbf22000
           <...>-6008  [007] ....  1810.042629: read_swap_cache_async: remote readpage 5960 "pool-3-thread-1" 7fbbf21000 62a82c
           <...>-6008  [007] ....  1810.042631: do_swap_page: prefetch fault 5960 "pool-3-thread-1" 7fbbf21000 62a82c
 Measurement Wor-8481  [004] ...1  1810.042835: do_swap_page: id 5, table 0 || 796: 5960 7758e000
 Measurement Wor-8481  [004] ...1  1810.042858: do_swap_page: id 5, table 0 || 797: 5960 12f52000
 Measurement Wor-8481  [004] ...1  1810.042866: do_swap_page: id 5, table 0 || 798: 5960 12f4e000
 Measurement Wor-8481  [004] ...1  1810.042875: do_swap_page: id 5, table 0 || 799: 5960 12fdc000
 Measurement Wor-8481  [004] ...1  1810.042883: do_swap_page: id 5, table 0 || 800: 5960 12f4d000
 Measurement Wor-8481  [004] ...1  1810.042891: do_swap_page: id 5, table 0 || 801: 5960 12f59000
  com.rovio.baba-5960  [006] ...1  1810.042905: do_swap_page: id 5, table 0 || 802: 5960 7eb0024000
           <...>-6304  [007] ...1  1810.043026: do_swap_page: id 5, table 0 || 803: 5960 7fbe29d000
 Measurement Wor-8481  [004] ...1  1810.043103: do_swap_page: id 5, table 0 || 804: 5960 7f28b2c000
           <...>-6008  [007] ...1  1810.044439: do_swap_page: id 5, table 0 || 805: 5960 7fbbf21000
           <...>-6008  [007] ...1  1810.044463: do_swap_page: id 5, table 0 || 806: 5960 12f61000
           <...>-6008  [007] ....  1810.044525: read_swap_cache_async: remote readpage 5960 "pool-3-thread-1" 7fbbeec000 62a82e
           <...>-6008  [007] ....  1810.044527: do_swap_page: prefetch fault 5960 "pool-3-thread-1" 7fbbeec000 62a82e
           <...>-5966  [005] ....  1810.044582: read_swap_cache_async: remote readpage 5960 "Jit thread pool" 7f2d6e2000 62a844
           <...>-5966  [005] ....  1810.044585: do_swap_page: prefetch fault 5960 "Jit thread pool" 7f2d6e2000 62a844
  com.rovio.baba-5960  [007] ....  1810.045400: read_swap_cache_async: remote readpage 5960 "com.rovio.baba" 7ebe7b5000 62a82f
  com.rovio.baba-5960  [007] ....  1810.045402: do_swap_page: prefetch fault 5960 "com.rovio.baba" 7ebe7b5000 62a82f
           <...>-5966  [004] ...1  1810.046813: do_swap_page: id 5, table 0 || 807: 5960 7f2d6e2000
           <...>-6008  [007] ...1  1810.046865: do_swap_page: id 5, table 0 || 808: 5960 7fbbeec000
           <...>-5966  [004] ...1  1810.046882: do_swap_page: id 5, table 0 || 809: 5960 7d57c64000
 Measurement Wor-8481  [006] ....  1810.046887: read_swap_cache_async: remote readpage 5960 "Measurement Wor" 7f29f10000 62a827
 Measurement Wor-8481  [006] ....  1810.046890: do_swap_page: prefetch fault 5960 "Measurement Wor" 7f29f10000 62a827
           <...>-6008  [007] ....  1810.046937: read_swap_cache_async: remote readpage 5960 "pool-3-thread-1" 72699000 62a830
           <...>-6008  [007] ....  1810.046938: do_swap_page: prefetch fault 5960 "pool-3-thread-1" 72699000 62a830
           <...>-5966  [004] ...1  1810.046957: do_swap_page: id 5, table 0 || 810: 5960 7d57e6d000
           <...>-5966  [004] ...1  1810.046967: do_swap_page: id 5, table 0 || 811: 5960 7d57ed0000
           <...>-5966  [004] ...1  1810.046977: do_swap_page: id 5, table 0 || 812: 5960 7f2d8a1000
           <...>-5966  [004] ...1  1810.047001: do_swap_page: id 5, table 0 || 813: 5960 7d57f6f000
           <...>-5966  [004] ...1  1810.047018: do_swap_page: id 5, table 0 || 814: 5960 7d5800a000
           <...>-5966  [004] ...1  1810.047036: do_swap_page: id 5, table 0 || 815: 5960 7d580a2000
           <...>-5966  [004] ...1  1810.047082: do_swap_page: id 5, table 0 || 816: 5960 7d580da000
           <...>-5966  [004] ...1  1810.047196: do_swap_page: id 5, table 0 || 817: 5960 7f2d6b3000
           <...>-5966  [004] ....  1810.047341: read_swap_cache_async: remote readpage 5960 "Jit thread pool" 7f2d76e000 62a845
           <...>-5966  [004] ....  1810.047343: do_swap_page: prefetch fault 5960 "Jit thread pool" 7f2d76e000 62a845
  com.rovio.baba-5960  [007] ...1  1810.048169: do_swap_page: id 5, table 0 || 818: 5960 7ebe7b5000
  com.rovio.baba-5960  [007] ...1  1810.048200: do_swap_page: id 5, table 0 || 819: 5960 12fb9000
  com.rovio.baba-5960  [007] ....  1810.048252: read_swap_cache_async: remote readpage 5960 "com.rovio.baba" 7f2da9f000 62a831
  com.rovio.baba-5960  [007] ....  1810.048253: do_swap_page: prefetch fault 5960 "com.rovio.baba" 7f2da9f000 62a831
 Measurement Wor-8481  [006] ...1  1810.049311: do_swap_page: id 5, table 0 || 820: 5960 7f29f10000
           <...>-6008  [007] ...1  1810.049338: do_swap_page: id 5, table 0 || 821: 5960 72699000
           <...>-6008  [007] ....  1810.049366: read_swap_cache_async: remote readpage 5960 "pool-3-thread-1" 7f28e37000 62a83c
           <...>-6008  [007] ....  1810.049368: do_swap_page: prefetch fault 5960 "pool-3-thread-1" 7f28e37000 62a83c
 Measurement Wor-8481  [006] ....  1810.049434: read_swap_cache_async: remote readpage 5960 "Measurement Wor" 7f29805000 62a82a
           <...>-5966  [004] ...1  1810.049434: do_swap_page: id 5, table 0 || 822: 5960 7f2d76e000
 Measurement Wor-8481  [006] ....  1810.049435: do_swap_page: prefetch fault 5960 "Measurement Wor" 7f29805000 62a82a
           <...>-5966  [004] ....  1810.049498: read_swap_cache_async: remote readpage 5960 "Jit thread pool" 7d474f9000 62a885
           <...>-5966  [004] ....  1810.049499: do_swap_page: prefetch fault 5960 "Jit thread pool" 7d474f9000 62a885
  com.rovio.baba-5960  [007] ...1  1810.050279: do_swap_page: id 5, table 0 || 823: 5960 7f2da9f000
  com.rovio.baba-5960  [007] ...1  1810.050358: do_swap_page: id 5, table 0 || 824: 5960 1336f000
  com.rovio.baba-5960  [006] ....  1810.050766: read_swap_cache_async: remote readpage 5960 "com.rovio.baba" 7d57edd000 62a83d
  com.rovio.baba-5960  [006] ....  1810.050768: do_swap_page: prefetch fault 5960 "com.rovio.baba" 7d57edd000 62a83d
           <...>-5978  [004] ...1  1810.051300: do_swap_page: id 5, table 0 || 825: 5960 7d57ea5000
           <...>-5978  [004] ...1  1810.051332: do_swap_page: id 5, table 0 || 826: 5960 13337000
           <...>-5978  [004] ...1  1810.051341: do_swap_page: id 5, table 0 || 827: 5960 13335000
 Measurement Wor-8481  [006] ...1  1810.051633: do_swap_page: id 5, table 0 || 828: 5960 7f29805000
 Measurement Wor-8481  [006] ....  1810.051741: read_swap_cache_async: remote readpage 5960 "Measurement Wor" 7f29f13000 62a82d
 Measurement Wor-8481  [006] ....  1810.051743: do_swap_page: prefetch fault 5960 "Measurement Wor" 7f29f13000 62a82d
           <...>-6008  [007] ...1  1810.051823: do_swap_page: id 5, table 0 || 829: 5960 7f28e37000
           <...>-6008  [007] ....  1810.051891: read_swap_cache_async: remote readpage 5960 "pool-3-thread-1" 7fbbf23000 62a83f
           <...>-6008  [007] ....  1810.051892: do_swap_page: prefetch fault 5960 "pool-3-thread-1" 7fbbf23000 62a83f
           <...>-5966  [004] ...1  1810.051962: do_swap_page: id 5, table 0 || 830: 5960 7d474f9000
           <...>-5966  [004] ....  1810.052086: read_swap_cache_async: remote readpage 5960 "Jit thread pool" 7d47361000 62a84c
           <...>-5966  [004] ....  1810.052087: do_swap_page: prefetch fault 5960 "Jit thread pool" 7d47361000 62a84c
  com.rovio.baba-5960  [006] ...1  1810.053284: do_swap_page: id 5, table 0 || 831: 5960 7d57edd000
  com.rovio.baba-5960  [006] ...1  1810.053344: do_swap_page: id 5, table 0 || 832: 5960 7eb81e4000
 Measurement Wor-8481  [004] ...1  1810.053759: do_swap_page: id 5, table 0 || 833: 5960 7f29f13000
  com.rovio.baba-5960  [006] ....  1810.053814: read_swap_cache_async: remote readpage 5960 "com.rovio.baba" 7f28b2a000 62a84a
  com.rovio.baba-5960  [006] ....  1810.053817: do_swap_page: prefetch fault 5960 "com.rovio.baba" 7f28b2a000 62a84a
           <...>-6008  [007] ...1  1810.053844: do_swap_page: id 5, table 0 || 834: 5960 7fbbf23000
           <...>-5966  [004] ...1  1810.053853: do_swap_page: id 5, table 0 || 835: 5960 7d47361000
           <...>-5966  [004] ....  1810.053870: read_swap_cache_async: remote readpage 5960 "Jit thread pool" 7d58103000 62a84d
           <...>-5966  [004] ....  1810.053871: do_swap_page: prefetch fault 5960 "Jit thread pool" 7d58103000 62a84d
           <...>-6008  [007] ....  1810.053918: read_swap_cache_async: remote readpage 5960 "pool-3-thread-1" 7fbbef7000 62a846
           <...>-6008  [007] ....  1810.053920: do_swap_page: prefetch fault 5960 "pool-3-thread-1" 7fbbef7000 62a846
  com.rovio.baba-5960  [006] ...1  1810.056702: do_swap_page: id 5, table 0 || 836: 5960 7f28b2a000
           <...>-6008  [007] ...1  1810.056734: do_swap_page: id 5, table 0 || 837: 5960 7fbbef7000
           <...>-6008  [007] ....  1810.056755: read_swap_cache_async: remote readpage 5960 "pool-3-thread-1" 7fbbf29000 62a849
           <...>-6008  [007] ....  1810.056756: do_swap_page: prefetch fault 5960 "pool-3-thread-1" 7fbbf29000 62a849
           <...>-5966  [004] ...1  1810.056825: do_swap_page: id 5, table 0 || 838: 5960 7d58103000
  com.rovio.baba-5960  [006] ....  1810.056825: read_swap_cache_async: remote readpage 5960 "com.rovio.baba" 7f28ef8000 62a856
  com.rovio.baba-5960  [006] ....  1810.056827: do_swap_page: prefetch fault 5960 "com.rovio.baba" 7f28ef8000 62a856
           <...>-5966  [004] ...1  1810.056850: do_swap_page: id 5, table 0 || 839: 5960 7eb5d4f000
           <...>-5966  [004] ...1  1810.056862: do_swap_page: id 5, table 0 || 840: 5960 7eb2799000
           <...>-5966  [004] ....  1810.056910: read_swap_cache_async: remote readpage 5960 "Jit thread pool" 7d6b478000 62a84e
           <...>-5966  [004] ....  1810.056911: do_swap_page: prefetch fault 5960 "Jit thread pool" 7d6b478000 62a84e
  com.rovio.baba-5960  [006] ...1  1810.059003: do_swap_page: id 5, table 0 || 841: 5960 7f28ef8000
           <...>-6008  [007] ...1  1810.059029: do_swap_page: id 5, table 0 || 842: 5960 7fbbf29000
           <...>-6008  [007] ....  1810.059068: read_swap_cache_async: remote readpage 5960 "pool-3-thread-1" 72769000 62a84f
           <...>-6008  [007] ....  1810.059069: do_swap_page: prefetch fault 5960 "pool-3-thread-1" 72769000 62a84f
  com.rovio.baba-5960  [006] ....  1810.059090: read_swap_cache_async: remote readpage 5960 "com.rovio.baba" 7f28b28000 62a85c
  com.rovio.baba-5960  [006] ....  1810.059092: do_swap_page: prefetch fault 5960 "com.rovio.baba" 7f28b28000 62a85c
           <...>-5966  [004] ...1  1810.059147: do_swap_page: id 5, table 0 || 843: 5960 7d6b478000
           <...>-5966  [004] ...1  1810.059175: do_swap_page: id 5, table 0 || 844: 5960 7d57f58000
           <...>-5966  [004] ....  1810.059235: read_swap_cache_async: remote readpage 5960 "Jit thread pool" 7f2d6e8000 62a850
           <...>-5966  [004] ....  1810.059237: do_swap_page: prefetch fault 5960 "Jit thread pool" 7f2d6e8000 62a850
           <...>-6008  [007] ...1  1810.061261: do_swap_page: id 5, table 0 || 845: 5960 72769000
           <...>-6008  [007] ...1  1810.061301: do_swap_page: id 5, table 0 || 846: 5960 7eb6a26000
           <...>-6008  [007] ....  1810.061405: read_swap_cache_async: remote readpage 5960 "pool-3-thread-1" 7f234a0000 62a85b
           <...>-6008  [007] ....  1810.061407: do_swap_page: prefetch fault 5960 "pool-3-thread-1" 7f234a0000 62a85b
  com.rovio.baba-5960  [006] ...1  1810.061486: do_swap_page: id 5, table 0 || 847: 5960 7f28b28000
           <...>-5966  [004] ...1  1810.061533: do_swap_page: id 5, table 0 || 848: 5960 7f2d6e8000
           <...>-5966  [004] ....  1810.061579: read_swap_cache_async: remote readpage 5960 "Jit thread pool" 7f2d766000 62a851
           <...>-5966  [004] ....  1810.061581: do_swap_page: prefetch fault 5960 "Jit thread pool" 7f2d766000 62a851
  com.rovio.baba-5960  [006] ....  1810.061686: read_swap_cache_async: remote readpage 5960 "com.rovio.baba" 7fbe244000 62a862
  com.rovio.baba-5960  [006] ....  1810.061688: do_swap_page: prefetch fault 5960 "com.rovio.baba" 7fbe244000 62a862
           <...>-6008  [007] ...1  1810.063534: do_swap_page: id 5, table 0 || 849: 5960 7f234a0000
           <...>-6008  [007] ....  1810.063608: read_swap_cache_async: remote readpage 5960 "pool-3-thread-1" 7f235f6000 62a861
           <...>-6008  [007] ....  1810.063609: do_swap_page: prefetch fault 5960 "pool-3-thread-1" 7f235f6000 62a861
           <...>-5966  [004] ...1  1810.063698: do_swap_page: id 5, table 0 || 850: 5960 7f2d766000
  com.rovio.baba-5960  [006] ...1  1810.063738: do_swap_page: id 5, table 0 || 851: 5960 7fbe244000
           <...>-5966  [004] ....  1810.063763: read_swap_cache_async: remote readpage 5960 "Jit thread pool" 7f2d767000 62a852
           <...>-5966  [004] ....  1810.063764: do_swap_page: prefetch fault 5960 "Jit thread pool" 7f2d767000 62a852
  com.rovio.baba-5960  [006] ...1  1810.063847: do_swap_page: id 5, table 0 || 852: 5960 12f4b000
  com.rovio.baba-5960  [006] ...1  1810.065330: do_swap_page: id 5, table 0 || 853: 5960 13079000
  com.rovio.baba-5960  [006] ...1  1810.065350: do_swap_page: id 5, table 0 || 854: 5960 7f29f2b000
  com.rovio.baba-5960  [006] ...1  1810.065366: do_swap_page: id 5, table 0 || 855: 5960 13078000
  com.rovio.baba-5960  [006] ...1  1810.065385: do_swap_page: id 5, table 0 || 856: 5960 7f29f1a000
  com.rovio.baba-5960  [006] ...1  1810.065396: do_swap_page: id 5, table 0 || 857: 5960 7f29f21000
  com.rovio.baba-5960  [006] ...1  1810.065408: do_swap_page: id 5, table 0 || 858: 5960 7f29f1c000
  com.rovio.baba-5960  [006] ...1  1810.065420: do_swap_page: id 5, table 0 || 859: 5960 1316e000
  com.rovio.baba-5960  [006] ...1  1810.065437: do_swap_page: id 5, table 0 || 860: 5960 7f29f26000
  com.rovio.baba-5960  [006] ...1  1810.065445: do_swap_page: id 5, table 0 || 861: 5960 7f29f1b000
  com.rovio.baba-5960  [006] ...1  1810.065454: do_swap_page: id 5, table 0 || 862: 5960 1307b000
  com.rovio.baba-5960  [006] ...1  1810.065507: do_swap_page: id 5, table 0 || 863: 5960 72807000
  com.rovio.baba-5960  [006] ...1  1810.065559: do_swap_page: id 5, table 0 || 864: 5960 13082000
  com.rovio.baba-5960  [006] ...1  1810.065639: do_swap_page: id 5, table 0 || 865: 5960 1317a000
           <...>-6008  [007] ...1  1810.065647: do_swap_page: id 5, table 0 || 866: 5960 7f235f6000
  com.rovio.baba-5960  [006] ...1  1810.065657: do_swap_page: id 5, table 0 || 867: 5960 7f20d89000
  com.rovio.baba-5960  [006] ...1  1810.065673: do_swap_page: id 5, table 0 || 868: 5960 7ee4057000
  com.rovio.baba-5960  [006] ...1  1810.065686: do_swap_page: id 5, table 0 || 869: 5960 7eb83c0000
  com.rovio.baba-5960  [006] ...1  1810.065701: do_swap_page: id 5, table 0 || 870: 5960 7eb82af000
  com.rovio.baba-5960  [006] ...1  1810.065714: do_swap_page: id 5, table 0 || 871: 5960 7eb811c000
  com.rovio.baba-5960  [006] ...1  1810.065733: do_swap_page: id 5, table 0 || 872: 5960 7eb7fad000
  com.rovio.baba-5960  [006] ....  1810.065746: read_swap_cache_async: remote readpage 5960 "com.rovio.baba" 7eb7faa000 62a864
  com.rovio.baba-5960  [006] ....  1810.065748: do_swap_page: prefetch fault 5960 "com.rovio.baba" 7eb7faa000 62a864
           <...>-6008  [007] ....  1810.065777: read_swap_cache_async: remote readpage 5960 "pool-3-thread-1" 72734000 62a863
           <...>-6008  [007] ....  1810.065779: do_swap_page: prefetch fault 5960 "pool-3-thread-1" 72734000 62a863
           <...>-5966  [004] ...1  1810.065867: do_swap_page: id 5, table 0 || 873: 5960 7f2d767000
           <...>-5966  [004] ....  1810.065910: read_swap_cache_async: remote readpage 5960 "Jit thread pool" 7f2d6e9000 62a853
           <...>-5966  [004] ....  1810.065911: do_swap_page: prefetch fault 5960 "Jit thread pool" 7f2d6e9000 62a853
           <...>-6008  [007] ...1  1810.068780: do_swap_page: id 5, table 0 || 874: 5960 72734000
           <...>-6008  [007] ....  1810.068864: read_swap_cache_async: remote readpage 5960 "pool-3-thread-1" 7274d000 62a866
           <...>-6008  [007] ....  1810.068865: do_swap_page: prefetch fault 5960 "pool-3-thread-1" 7274d000 62a866
           <...>-5966  [007] ...1  1810.069192: do_swap_page: id 5, table 0 || 875: 5960 7f2d6e9000
  com.rovio.baba-5960  [004] ...1  1810.069203: do_swap_page: id 5, table 0 || 876: 5960 7eb7faa000
           <...>-5966  [007] ....  1810.069238: read_swap_cache_async: remote readpage 5960 "Jit thread pool" 7f2d771000 62a854
           <...>-5966  [007] ....  1810.069239: do_swap_page: prefetch fault 5960 "Jit thread pool" 7f2d771000 62a854
  com.rovio.baba-5960  [004] ...1  1810.069270: do_swap_page: id 5, table 0 || 877: 5960 7f1f655000
  com.rovio.baba-5960  [004] ....  1810.069354: read_swap_cache_async: remote readpage 5960 "com.rovio.baba" 7fbe34b000 62a865
  com.rovio.baba-5960  [004] ....  1810.069356: do_swap_page: prefetch fault 5960 "com.rovio.baba" 7fbe34b000 62a865
           <...>-6008  [007] ...1  1810.072213: do_swap_page: id 5, table 0 || 878: 5960 7274d000
           <...>-6008  [007] ....  1810.072279: read_swap_cache_async: remote readpage 5960 "pool-3-thread-1" 7fbcef8000 62a868
           <...>-6008  [007] ....  1810.072281: do_swap_page: prefetch fault 5960 "pool-3-thread-1" 7fbcef8000 62a868
           <...>-5966  [007] ...1  1810.072368: do_swap_page: id 5, table 0 || 879: 5960 7f2d771000
           <...>-5966  [007] ....  1810.072403: read_swap_cache_async: remote readpage 5960 "Jit thread pool" 7d57ea7000 62a855
           <...>-5966  [007] ....  1810.072405: do_swap_page: prefetch fault 5960 "Jit thread pool" 7d57ea7000 62a855
  com.rovio.baba-5960  [004] ...1  1810.072630: do_swap_page: id 5, table 0 || 880: 5960 7fbe34b000
  com.rovio.baba-5960  [005] ....  1810.072943: read_swap_cache_async: remote readpage 5960 "com.rovio.baba" 7f28d72000 62a867
  com.rovio.baba-5960  [005] ....  1810.072946: do_swap_page: prefetch fault 5960 "com.rovio.baba" 7f28d72000 62a867
           <...>-6008  [007] ...1  1810.074558: do_swap_page: id 5, table 0 || 881: 5960 7fbcef8000
           <...>-6008  [007] ....  1810.074621: read_swap_cache_async: remote readpage 5960 "pool-3-thread-1" 7fbe211000 62a869
           <...>-6008  [007] ....  1810.074622: do_swap_page: prefetch fault 5960 "pool-3-thread-1" 7fbe211000 62a869
           <...>-5966  [004] ...1  1810.074695: do_swap_page: id 5, table 0 || 882: 5960 7d57ea7000
           <...>-5966  [004] ....  1810.074800: read_swap_cache_async: remote readpage 5960 "Jit thread pool" 7d6b518000 62a858
           <...>-5966  [004] ....  1810.074802: do_swap_page: prefetch fault 5960 "Jit thread pool" 7d6b518000 62a858
  com.rovio.baba-5960  [005] ...1  1810.075093: do_swap_page: id 5, table 0 || 883: 5960 7f28d72000
  com.rovio.baba-5960  [005] ...1  1810.075135: do_swap_page: id 5, table 0 || 884: 5960 7d47399000
  com.rovio.baba-5960  [005] ....  1810.075194: read_swap_cache_async: remote readpage 5960 "com.rovio.baba" 7f28e53000 62a86c
  com.rovio.baba-5960  [005] ....  1810.075196: do_swap_page: prefetch fault 5960 "com.rovio.baba" 7f28e53000 62a86c
           <...>-6008  [007] ...1  1810.077304: do_swap_page: id 5, table 0 || 885: 5960 7fbe211000
           <...>-6008  [007] ....  1810.077371: read_swap_cache_async: remote readpage 5960 "pool-3-thread-1" 7f28a5d000 62a86b
           <...>-6008  [007] ....  1810.077373: do_swap_page: prefetch fault 5960 "pool-3-thread-1" 7f28a5d000 62a86b
           <...>-5966  [004] ...1  1810.077450: do_swap_page: id 5, table 0 || 886: 5960 7d6b518000
  com.rovio.baba-5960  [007] ...1  1810.077518: do_swap_page: id 5, table 0 || 887: 5960 7f28e53000
           <...>-5966  [004] ....  1810.077549: read_swap_cache_async: remote readpage 5960 "Jit thread pool" 7d57fc1000 62a859
           <...>-5966  [004] ....  1810.077551: do_swap_page: prefetch fault 5960 "Jit thread pool" 7d57fc1000 62a859
  com.rovio.baba-5960  [007] ...1  1810.077571: do_swap_page: id 5, table 0 || 888: 5960 7eb8230000
  com.rovio.baba-5960  [007] ...1  1810.077594: do_swap_page: id 5, table 0 || 889: 5960 7eb7f86000
  com.rovio.baba-5960  [007] ...1  1810.077612: do_swap_page: id 5, table 0 || 890: 5960 7f28f35000
  com.rovio.baba-5960  [007] ...1  1810.077627: do_swap_page: id 5, table 0 || 891: 5960 7f28d8a000
  com.rovio.baba-5960  [007] ...1  1810.077650: do_swap_page: id 5, table 0 || 892: 5960 7eb7fd4000
  com.rovio.baba-5960  [006] ...1  1810.077877: do_swap_page: id 5, table 0 || 893: 5960 1301d000
  com.rovio.baba-5960  [006] ...1  1810.077946: do_swap_page: id 5, table 0 || 894: 5960 7ee402d000
  com.rovio.baba-5960  [006] ...1  1810.077962: do_swap_page: id 5, table 0 || 895: 5960 7f28f3e000
  com.rovio.baba-5960  [006] ...1  1810.077975: do_swap_page: id 5, table 0 || 896: 5960 7eb8387000
  com.rovio.baba-5960  [006] ...1  1810.077985: do_swap_page: id 5, table 0 || 897: 5960 7eb8330000
  com.rovio.baba-5960  [006] ...1  1810.078008: do_swap_page: id 5, table 0 || 898: 5960 7eb8331000
  com.rovio.baba-5960  [006] ...1  1810.078015: do_swap_page: id 5, table 0 || 899: 5960 7ee402c000
  com.rovio.baba-5960  [006] ...1  1810.078032: do_swap_page: id 5, table 0 || 900: 5960 7f3184d000
  com.rovio.baba-5960  [006] ...1  1810.078042: do_swap_page: id 5, table 0 || 901: 5960 7ee4027000
  com.rovio.baba-5960  [006] ...1  1810.078055: do_swap_page: id 5, table 0 || 902: 5960 13324000
  com.rovio.baba-5960  [006] ...1  1810.078067: do_swap_page: id 5, table 0 || 903: 5960 7f20d79000
  com.rovio.baba-5960  [006] ...1  1810.078081: do_swap_page: id 5, table 0 || 904: 5960 7d6efec000
  com.rovio.baba-5960  [006] ...1  1810.078093: do_swap_page: id 5, table 0 || 905: 5960 7eb8332000
  com.rovio.baba-5960  [006] ...1  1810.078106: do_swap_page: id 5, table 0 || 906: 5960 7eb81f2000
  com.rovio.baba-5960  [006] ...1  1810.078114: do_swap_page: id 5, table 0 || 907: 5960 7eb8326000
  com.rovio.baba-5960  [006] ....  1810.078195: read_swap_cache_async: remote readpage 5960 "com.rovio.baba" 7eb81c8000 62a86e
  com.rovio.baba-5960  [006] ....  1810.078198: do_swap_page: prefetch fault 5960 "com.rovio.baba" 7eb81c8000 62a86e
           <...>-6008  [004] ...1  1810.081205: do_swap_page: id 5, table 0 || 908: 5960 7f28a5d000
           <...>-6008  [004] ...1  1810.081286: do_swap_page: id 5, table 0 || 909: 5960 13384000
           <...>-6008  [004] ...1  1810.081588: do_swap_page: id 5, table 0 || 910: 5960 12f91000
           <...>-6008  [004] ...1  1810.081661: do_swap_page: id 5, table 0 || 911: 5960 12f8b000
           <...>-6008  [004] ...1  1810.081710: do_swap_page: id 5, table 0 || 912: 5960 7eb8741000
           <...>-6008  [004] ....  1810.081828: read_swap_cache_async: remote readpage 5960 "pool-3-thread-1" 72693000 62a86d
           <...>-6008  [004] ....  1810.081830: do_swap_page: prefetch fault 5960 "pool-3-thread-1" 72693000 62a86d
  com.rovio.baba-5960  [006] ...1  1810.082025: do_swap_page: id 5, table 0 || 913: 5960 7eb81c8000
  com.rovio.baba-5960  [006] ...1  1810.082057: do_swap_page: id 5, table 0 || 914: 5960 7f28f82000
           <...>-5966  [005] ...1  1810.082070: do_swap_page: id 5, table 0 || 915: 5960 7d57fc1000
  com.rovio.baba-5960  [006] ...1  1810.082072: do_swap_page: id 5, table 0 || 916: 5960 7f28fa3000
  com.rovio.baba-5960  [006] ...1  1810.082089: do_swap_page: id 5, table 0 || 917: 5960 7eb887d000
  com.rovio.baba-5960  [006] ...1  1810.082104: do_swap_page: id 5, table 0 || 918: 5960 7ec5c8f000
           <...>-5966  [005] ....  1810.082177: read_swap_cache_async: remote readpage 5960 "Jit thread pool" 7f2d602000 62a85a
           <...>-5966  [005] ....  1810.082179: do_swap_page: prefetch fault 5960 "Jit thread pool" 7f2d602000 62a85a
           <...>-6137  [007] ...1  1810.082195: do_swap_page: id 5, table 0 || 919: 5960 7d6b459000
           <...>-6137  [007] ...1  1810.082212: do_swap_page: id 5, table 0 || 920: 5960 7ec5b58000
           <...>-6137  [007] ...1  1810.082221: do_swap_page: id 5, table 0 || 921: 5960 7d57d9a000
  com.rovio.baba-5960  [006] ...1  1810.082234: do_swap_page: id 5, table 0 || 922: 5960 7ee404c000
           <...>-6137  [007] ...1  1810.082236: do_swap_page: id 5, table 0 || 923: 5960 7d6e1c5000
  com.rovio.baba-5960  [006] ...1  1810.082250: do_swap_page: id 5, table 0 || 924: 5960 7eb87d8000
           <...>-6137  [007] ...1  1810.082256: do_swap_page: id 5, table 0 || 925: 5960 7d6e1c6000
           <...>-6137  [007] ...1  1810.082272: do_swap_page: id 5, table 0 || 926: 5960 7eb6b7e000
  com.rovio.baba-5960  [006] ...1  1810.082276: do_swap_page: id 5, table 0 || 927: 5960 13033000
           <...>-6137  [007] ...1  1810.082285: do_swap_page: id 5, table 0 || 928: 5960 7d6b4db000
  com.rovio.baba-5960  [006] ...1  1810.082291: do_swap_page: id 5, table 0 || 929: 5960 7f20d7a000
           <...>-6137  [007] ...1  1810.082293: do_swap_page: id 5, table 0 || 930: 5960 7d6b4df000
           <...>-6137  [007] ...1  1810.082302: do_swap_page: id 5, table 0 || 931: 5960 7d6b4ca000
           <...>-6137  [007] ...1  1810.082316: do_swap_page: id 5, table 0 || 932: 5960 7f2d799000
  com.rovio.baba-5960  [006] ...1  1810.082316: do_swap_page: id 5, table 0 || 933: 5960 7eb8219000
           <...>-6137  [007] ...1  1810.082324: do_swap_page: id 5, table 0 || 934: 5960 7ec5d36000
           <...>-6137  [007] ...1  1810.082338: do_swap_page: id 5, table 0 || 935: 5960 7f28f78000
           <...>-6137  [007] ...1  1810.082347: do_swap_page: id 5, table 0 || 936: 5960 7d6b4f9000
           <...>-6137  [007] ...1  1810.082357: do_swap_page: id 5, table 0 || 937: 5960 7ee4031000
           <...>-6137  [007] ...1  1810.082365: do_swap_page: id 5, table 0 || 938: 5960 7eb8807000
           <...>-6137  [007] ...1  1810.082372: do_swap_page: id 5, table 0 || 939: 5960 7eb8808000
           <...>-6137  [007] ...1  1810.082382: do_swap_page: id 5, table 0 || 940: 5960 7eb6bb8000
  com.rovio.baba-5960  [006] ....  1810.082393: read_swap_cache_async: remote readpage 5960 "com.rovio.baba" 7f28afd000 62a8b5
           <...>-6137  [007] ...1  1810.082395: do_swap_page: id 5, table 0 || 941: 5960 7d6e1c4000
  com.rovio.baba-5960  [006] ....  1810.082395: do_swap_page: prefetch fault 5960 "com.rovio.baba" 7f28afd000 62a8b5
           <...>-6137  [007] ...1  1810.082411: do_swap_page: id 5, table 0 || 942: 5960 7d5757b000
           <...>-6137  [007] ...1  1810.082419: do_swap_page: id 5, table 0 || 943: 5960 7d6b427000
           <...>-6137  [007] ...1  1810.082427: do_swap_page: id 5, table 0 || 944: 5960 7d6b428000
           <...>-6137  [007] ...1  1810.082436: do_swap_page: id 5, table 0 || 945: 5960 7d57841000
           <...>-6137  [007] ...1  1810.082445: do_swap_page: id 5, table 0 || 946: 5960 7eb81f0000
           <...>-6137  [007] ...1  1810.082454: do_swap_page: id 5, table 0 || 947: 5960 7d6bccf000
           <...>-6137  [007] ...1  1810.082466: do_swap_page: id 5, table 0 || 948: 5960 7f28ac1000
           <...>-6137  [007] ...1  1810.082477: do_swap_page: id 5, table 0 || 949: 5960 7eb6a57000
           <...>-6137  [007] ...1  1810.082489: do_swap_page: id 5, table 0 || 950: 5960 7f28a79000
           <...>-6137  [007] ...1  1810.082506: do_swap_page: id 5, table 0 || 951: 5960 7d578e3000
           <...>-6137  [007] ...1  1810.082517: do_swap_page: id 5, table 0 || 952: 5960 7d578ee000
           <...>-6137  [007] ...1  1810.082580: do_swap_page: id 5, table 0 || 953: 5960 7d6b4da000
           <...>-6008  [004] ...1  1810.083919: do_swap_page: id 5, table 0 || 954: 5960 72693000
           <...>-6008  [004] ...1  1810.083939: do_swap_page: id 5, table 0 || 955: 5960 13011000
           <...>-5966  [005] ...1  1810.083982: do_swap_page: id 5, table 0 || 956: 5960 7f2d602000
           <...>-6008  [004] ...1  1810.084016: do_swap_page: id 5, table 0 || 957: 5960 13007000
           <...>-5966  [005] ....  1810.084040: read_swap_cache_async: remote readpage 5960 "Jit thread pool" 7d9bfcf000 62a85d
           <...>-5966  [005] ....  1810.084041: do_swap_page: prefetch fault 5960 "Jit thread pool" 7d9bfcf000 62a85d
  com.rovio.baba-5960  [006] ...1  1810.084062: do_swap_page: id 5, table 0 || 958: 5960 7f28afd000
  com.rovio.baba-5960  [006] ...1  1810.084096: do_swap_page: id 5, table 0 || 959: 5960 7eb8158000
  com.rovio.baba-5960  [006] ...1  1810.084151: do_swap_page: id 5, table 0 || 960: 5960 7eb83c3000
  com.rovio.baba-5960  [006] ....  1810.084166: read_swap_cache_async: remote readpage 5960 "com.rovio.baba" 7eb83d3000 62a86f
  com.rovio.baba-5960  [006] ....  1810.084168: do_swap_page: prefetch fault 5960 "com.rovio.baba" 7eb83d3000 62a86f
           <...>-6137  [005] ...1  1810.084172: do_swap_page: id 5, table 0 || 961: 5960 7eb8809000
           <...>-6137  [005] ...1  1810.084190: do_swap_page: id 5, table 0 || 962: 5960 7ec8482000
           <...>-6008  [004] ....  1810.084207: read_swap_cache_async: remote readpage 5960 "pool-3-thread-1" 7f28b23000 62a870
           <...>-6008  [004] ....  1810.084210: do_swap_page: prefetch fault 5960 "pool-3-thread-1" 7f28b23000 62a870
           <...>-5966  [005] ...1  1810.086225: do_swap_page: id 5, table 0 || 963: 5960 7d9bfcf000
           <...>-5966  [005] ...1  1810.086369: do_swap_page: id 5, table 0 || 964: 5960 7d6aaba000
           <...>-5966  [005] ...1  1810.086386: do_swap_page: id 5, table 0 || 965: 5960 7d6aab9000
           <...>-6008  [004] ...1  1810.086425: do_swap_page: id 5, table 0 || 966: 5960 7f28b23000
           <...>-5966  [005] ....  1810.086612: read_swap_cache_async: remote readpage 5960 "Jit thread pool" 7d47222000 62a85f
           <...>-5966  [005] ....  1810.086615: do_swap_page: prefetch fault 5960 "Jit thread pool" 7d47222000 62a85f
  com.rovio.baba-5960  [006] ...1  1810.086617: do_swap_page: id 5, table 0 || 967: 5960 7eb83d3000
           <...>-6008  [004] ....  1810.086781: read_swap_cache_async: remote readpage 5960 "pool-3-thread-1" 7f2da92000 62a872
           <...>-6008  [004] ....  1810.086783: do_swap_page: prefetch fault 5960 "pool-3-thread-1" 7f2da92000 62a872
  com.rovio.baba-5960  [006] ...1  1810.086887: do_swap_page: id 5, table 0 || 968: 5960 7eb88fb000
  com.rovio.baba-5960  [006] ...1  1810.086909: do_swap_page: id 5, table 0 || 969: 5960 7eb838c000
  com.rovio.baba-5960  [006] ....  1810.086976: read_swap_cache_async: remote readpage 5960 "com.rovio.baba" 7eb838b000 62a873
  com.rovio.baba-5960  [006] ....  1810.086978: do_swap_page: prefetch fault 5960 "com.rovio.baba" 7eb838b000 62a873
  com.rovio.baba-5960  [006] ...1  1810.090839: do_swap_page: id 5, table 0 || 970: 5960 7eb838b000
           <...>-5966  [005] ...1  1810.090868: do_swap_page: id 5, table 0 || 971: 5960 7d47222000
  com.rovio.baba-5960  [006] ...1  1810.090889: do_swap_page: id 5, table 0 || 972: 5960 7eb838d000
  com.rovio.baba-5960  [006] ...1  1810.090910: do_swap_page: id 5, table 0 || 973: 5960 7eb6b12000
           <...>-6008  [004] ...1  1810.090920: do_swap_page: id 5, table 0 || 974: 5960 7f2da92000
  com.rovio.baba-5960  [006] ...1  1810.090923: do_swap_page: id 5, table 0 || 975: 5960 7eb6b7d000
           <...>-6008  [004] ...1  1810.090946: do_swap_page: id 5, table 0 || 976: 5960 12f87000
  com.rovio.baba-5960  [006] ...1  1810.090946: do_swap_page: id 5, table 0 || 977: 5960 1312e000
  com.rovio.baba-5960  [006] ...1  1810.090966: do_swap_page: id 5, table 0 || 978: 5960 7eb81df000
           <...>-5966  [005] ....  1810.090972: read_swap_cache_async: remote readpage 5960 "Jit thread pool" 7ec836b000 62a860
           <...>-5966  [005] ....  1810.090975: do_swap_page: prefetch fault 5960 "Jit thread pool" 7ec836b000 62a860
  com.rovio.baba-5960  [006] ...1  1810.090981: do_swap_page: id 5, table 0 || 979: 5960 7eb6b71000
  com.rovio.baba-5960  [006] ...1  1810.090992: do_swap_page: id 5, table 0 || 980: 5960 7f28b8a000
           <...>-6008  [004] ...1  1810.091008: do_swap_page: id 5, table 0 || 981: 5960 7f28de8000
           <...>-6008  [004] ....  1810.091074: read_swap_cache_async: remote readpage 5960 "pool-3-thread-1" 7d474f5000 62a875
           <...>-6008  [004] ....  1810.091076: do_swap_page: prefetch fault 5960 "pool-3-thread-1" 7d474f5000 62a875
  com.rovio.baba-5960  [006] ....  1810.091112: read_swap_cache_async: remote readpage 5960 "com.rovio.baba" 7f28e64000 62a8b2
  com.rovio.baba-5960  [006] ....  1810.091115: do_swap_page: prefetch fault 5960 "com.rovio.baba" 7f28e64000 62a8b2
 pool-5-thread-1-6004  [007] ....  1810.091142: read_swap_cache_async: remote readpage 5960 "pool-5-thread-1" 7ec6656000 62a874
 pool-5-thread-1-6004  [007] ....  1810.091145: do_swap_page: prefetch fault 5960 "pool-5-thread-1" 7ec6656000 62a874
           <...>-5966  [005] ...1  1810.093531: do_swap_page: id 5, table 0 || 982: 5960 7ec836b000
  com.rovio.baba-5960  [006] ...1  1810.093898: do_swap_page: id 5, table 0 || 983: 5960 7f28e64000
           <...>-6008  [004] ...1  1810.093932: do_swap_page: id 5, table 0 || 984: 5960 7d474f5000
           <...>-6008  [004] ...1  1810.093957: do_swap_page: id 5, table 0 || 985: 5960 13003000
  com.rovio.baba-5960  [006] ...1  1810.093960: do_swap_page: id 5, table 0 || 986: 5960 7eb82e6000
 pool-5-thread-1-6004  [007] ...1  1810.094150: do_swap_page: id 5, table 0 || 987: 5960 7ec6656000
 pool-5-thread-1-6004  [007] ...1  1810.094177: do_swap_page: id 5, table 0 || 988: 5960 7f28de9000
 pool-5-thread-1-6004  [007] ....  1810.094188: read_swap_cache_async: remote readpage 5960 "pool-5-thread-1" 7ec6657000 62a877
 pool-5-thread-1-6004  [007] ....  1810.094190: do_swap_page: prefetch fault 5960 "pool-5-thread-1" 7ec6657000 62a877
           <...>-6008  [004] ....  1810.094215: read_swap_cache_async: remote readpage 5960 "pool-3-thread-1" 7d474ec000 62a878
           <...>-6008  [004] ....  1810.094218: do_swap_page: prefetch fault 5960 "pool-3-thread-1" 7d474ec000 62a878
  com.rovio.baba-5960  [006] ...1  1810.094246: do_swap_page: id 5, table 0 || 989: 5960 7eb838f000
  com.rovio.baba-5960  [006] ...1  1810.094263: do_swap_page: id 5, table 0 || 990: 5960 7eb8227000
  com.rovio.baba-5960  [006] ...1  1810.094273: do_swap_page: id 5, table 0 || 991: 5960 7eb8388000
  com.rovio.baba-5960  [006] ...1  1810.094296: do_swap_page: id 5, table 0 || 992: 5960 7eb6c2a000
  com.rovio.baba-5960  [006] ...1  1810.094309: do_swap_page: id 5, table 0 || 993: 5960 7eb6c29000
