02-11 11:45:04.021  1337  1337 E ActivityManager: 	at android.app.ContextImpl.bindServiceCommon(ContextImpl.java:1735)
02-11 11:45:04.021  1337  1337 E ActivityManager: 	at android.app.ContextImpl.bindServiceAsUser(ContextImpl.java:1675)
02-11 11:45:04.021  1337  1337 E ActivityManager: 	at com.android.server.job.JobServiceContext.executeRunnableJob(JobServiceContext.java:252)
02-11 11:45:04.021  1337  1337 E ActivityManager: 	at com.android.server.job.JobConcurrencyManager.assignJobsToContextsInternalLocked(JobConcurrencyManager.java:422)
02-11 11:45:04.021  1337  1337 E ActivityManager: 	at com.android.server.job.JobConcurrencyManager.assignJobsToContextsLocked(JobConcurrencyManager.java:267)
02-11 11:45:04.021  1337  1337 E ActivityManager: 	at com.android.server.job.JobSchedulerService.maybeRunPendingJobsLocked(JobSchedulerService.java:2409)
02-11 11:45:04.021  1337  1337 E ActivityManager: 	at com.android.server.job.JobSchedulerService$JobHandler.handleMessage(JobSchedulerService.java:1933)
02-11 11:45:04.021  1337  1337 E ActivityManager: 	at android.os.Handler.dispatchMessage(Handler.java:107)
02-11 11:45:04.021  1337  1337 E ActivityManager: 	at android.os.Looper.loop(Looper.java:214)
02-11 11:45:04.021  1337  1337 E ActivityManager: 	at com.android.server.SystemServer.run(SystemServer.java:542)
02-11 11:45:04.021  1337  1337 E ActivityManager: 	at com.android.server.SystemServer.main(SystemServer.java:350)
02-11 11:45:04.021  1337  1337 E ActivityManager: 	at java.lang.reflect.Method.invoke(Native Method)
02-11 11:45:04.021  1337  1337 E ActivityManager: 	at com.android.internal.os.RuntimeInit$MethodAndArgsCaller.run(RuntimeInit.java:492)
02-11 11:45:04.021  1337  1337 E ActivityManager: 	at com.android.internal.os.ZygoteInit.main(ZygoteInit.java:908)
02-11 11:45:04.021  1337  1337 I ActivityManager: Force stopping com.facebook.katana appid=10137 user=0: start failure
02-11 11:45:04.021  1337  1337 I ActivityManager:   Force stopping service ServiceRecord{daf0806 u0 com.facebook.katana/com.facebook.push.fcm.GetFcmTokenRegistrarLollipopService}
02-11 11:45:04.022  1337  1337 W ActivityManager: Unable to launch app com.facebook.katana/10137 for service Intent { cmp=com.facebook.katana/com.facebook.push.fcm.GetFcmTokenRegistrarLollipopService }: process is bad
02-11 11:45:04.022  1337  1337 D JobScheduler: Error executing JobStatus{e6d7d98 #u0a137/2131432474 com.facebook.katana/com.facebook.push.fcm.GetFcmTokenRegistrarLollipopService u=0 s=10137 TIME=-2ms:none NET READY}
02-11 11:45:04.022  1337  1362 I ActivityManager: Exiting empty application process 0:com.facebook.katana/u0a137 (null)
02-11 11:45:04.833  1337  1381 W PackageManager: Cannot whitelist unknown permission: com.facebook.orca.provider.ACCESS
02-11 11:45:04.833  1337  1381 W PackageManager: Cannot whitelist unknown permission: com.facebook.services.identity.FEO2
02-11 11:45:04.833  1337  1381 W PackageManager: Cannot whitelist unknown permission: com.facebook.mlite.provider.ACCESS
02-11 11:45:04.833  1337  1381 W PackageManager: Cannot whitelist unknown permission: com.facebook.pages.app.provider.ACCESS
02-11 11:45:04.833  1337  1381 W PackageManager: Cannot whitelist unknown permission: com.facebook.appmanager.UNPROTECTED_API_ACCESS
02-11 11:45:04.833  1337  1381 W PackageManager: Cannot whitelist unknown permission: com.sec.android.provider.badge.permission.READ
02-11 11:45:04.833  1337  1381 W PackageManager: Cannot whitelist unknown permission: com.sec.android.provider.badge.permission.WRITE
02-11 11:45:04.833  1337  1381 W PackageManager: Cannot whitelist unknown permission: com.htc.launcher.permission.READ_SETTINGS
02-11 11:45:04.833  1337  1381 W PackageManager: Cannot whitelist unknown permission: com.htc.launcher.permission.UPDATE_SHORTCUT
02-11 11:45:04.833  1337  1381 W PackageManager: Cannot whitelist unknown permission: com.sonyericsson.home.permission.BROADCAST_BADGE
02-11 11:45:04.833  1337  1381 W PackageManager: Cannot whitelist unknown permission: com.sonymobile.home.permission.PROVIDER_INSERT_BADGE
02-11 11:45:04.833  1337  1381 W PackageManager: Cannot whitelist unknown permission: com.amazon.device.messaging.permission.RECEIVE
02-11 11:45:04.833  1337  1381 W PackageManager: Cannot whitelist unknown permission: com.nokia.pushnotifications.permission.RECEIVE
02-11 11:45:04.883  1337  1381 I ActivityManager: Force stopping com.facebook.katana appid=10137 user=0: pkg removed
02-11 11:45:04.887  1337  1368 W BroadcastQueue: Background execution not allowed: receiving Intent { act=android.intent.action.PACKAGE_REMOVED dat=package:com.facebook.katana flg=0x4000010 (has extras) } to com.android.gallery3d/.app.PackagesMonitor
02-11 11:45:04.887  1337  1381 I ActivityManager: Force stopping com.facebook.katana appid=10137 user=0: pkg removed
02-11 11:45:04.893  1337  1359 W LocationProviderProxy: Odd, no component found for service com.android.location.service.v3.NetworkLocationProvider
02-11 11:45:04.895  1337  1359 W GeocoderProxy: Odd, no component found for service com.android.location.service.GeocodeProvider
02-11 11:45:04.895  1337  1359 W GeofenceProxy: Odd, no component found for service com.android.location.service.GeofenceProvider
02-11 11:45:04.897  1337  1359 W ActivityRecognitionProxy: Odd, no component found for service com.android.location.service.ActivityRecognitionProvider
02-11 11:45:04.900  1337  1368 W BroadcastQueue: Background execution not allowed: receiving Intent { act=android.intent.action.PACKAGE_REMOVED dat=package:com.facebook.katana flg=0x4000010 (has extras) } to com.android.musicfx/.Compatibility$Receiver
02-11 11:45:04.903  1337  1368 W BroadcastQueue: Background execution not allowed: receiving Intent { act=android.intent.action.PACKAGE_REMOVED dat=package:com.facebook.katana flg=0x4000010 (has extras) } to com.android.vending/com.google.android.finsky.packagemanager.impl.PackageMonitorReceiverImpl$RegisteredReceiver
02-11 11:45:04.903  1337  1368 W BroadcastQueue: Background execution not allowed: receiving Intent { act=android.intent.action.PACKAGE_REMOVED dat=package:com.facebook.katana flg=0x4000010 (has extras) } to com.android.vending/com.google.android.finsky.instantapps.appmanagement.InstantAppRemoveMonitor
02-11 11:45:04.904  1337  1368 W BroadcastQueue: Background execution not allowed: receiving Intent { act=android.intent.action.PACKAGE_REMOVED dat=package:com.facebook.katana flg=0x4000010 (has extras) } to com.google.android.gms/.games.chimera.GamesSystemBroadcastReceiverProxy
02-11 11:45:04.910  1337  1368 W BroadcastQueue: Background execution not allowed: receiving Intent { act=android.intent.action.PACKAGE_REMOVED dat=package:com.facebook.katana flg=0x4000010 (has extras) } to com.google.android.gms/.chimera.GmsIntentOperationService$PersistentTrustedReceiver
02-11 11:45:04.916  1337  1368 W BroadcastQueue: Background execution not allowed: receiving Intent { act=android.intent.action.PACKAGE_REMOVED dat=package:com.facebook.katana flg=0x4000010 (has extras) } to com.google.android.apps.maps/com.google.android.libraries.social.peoplekit.thirdparty.viewcontrollers.ThirdPartyReceiver
02-11 11:45:04.945  1337  1337 I RoleManagerService: Granting default permissions...
02-11 11:45:04.994  1337  1369 I ActivityManager: Start proc 6648:com.facebook.katana/u0a137 for service {com.facebook.katana/com.facebook.bugreporter.core.scheduler.GCMBugReportService}
02-11 11:45:05.002  1337  1337 I Telecom : DefaultDialerCache: Refreshing default dialer for user 0: now com.android.dialer: DDC.oR@ADA
02-11 11:45:05.108  1337  1868 W BroadcastQueue: Background execution not allowed: receiving Intent { act=android.intent.action.PACKAGE_ADDED dat=package:com.facebook.katana flg=0x4000010 (has extras) } to com.google.android.packageinstaller/com.android.packageinstaller.PackageInstalledReceiver
02-11 11:45:05.109  1337  1368 W BroadcastQueue: Background execution not allowed: receiving Intent { act=android.intent.action.PACKAGE_ADDED dat=package:com.facebook.katana flg=0x4000010 (has extras) } to com.android.gallery3d/.app.PackagesMonitor
02-11 11:45:05.109  1337  1368 W BroadcastQueue: Background execution not allowed: receiving Intent { act=android.intent.action.PACKAGE_ADDED dat=package:com.facebook.katana flg=0x4000010 (has extras) } to com.android.musicfx/.Compatibility$Receiver
02-11 11:45:05.109  1337  1368 W BroadcastQueue: Background execution not allowed: receiving Intent { act=android.intent.action.PACKAGE_ADDED dat=package:com.facebook.katana flg=0x4000010 (has extras) } to com.android.vending/com.google.android.finsky.packagemanager.impl.PackageMonitorReceiverImpl$RegisteredReceiver
02-11 11:45:05.110  1337  1368 W BroadcastQueue: Background execution not allowed: receiving Intent { act=android.intent.action.PACKAGE_ADDED dat=package:com.facebook.katana flg=0x4000010 (has extras) } to com.google.android.gms/.games.chimera.GamesSystemBroadcastReceiverProxy
02-11 11:45:05.110  1337  1368 W BroadcastQueue: Background execution not allowed: receiving Intent { act=android.intent.action.PACKAGE_ADDED dat=package:com.facebook.katana flg=0x4000010 (has extras) } to com.google.android.gms/.gass.chimera.PackageChangeBroadcastReceiver
02-11 11:45:05.110  1337  1368 W BroadcastQueue: Background execution not allowed: receiving Intent { act=android.intent.action.PACKAGE_ADDED dat=package:com.facebook.katana flg=0x4000010 (has extras) } to com.google.android.gms/.chimera.GmsIntentOperationService$PersistentTrustedReceiver
02-11 11:45:05.123  1337  1367 W VoiceInteractionManagerService: no available voice recognition services found for user 0
02-11 11:45:05.243  1337  5216 W BroadcastQueue: Background execution not allowed: receiving Intent { act=android.intent.action.PACKAGE_REPLACED dat=package:com.facebook.katana flg=0x4000010 (has extras) } to com.android.musicfx/.Compatibility$Receiver
02-11 11:45:05.244  1337  1368 W BroadcastQueue: Background execution not allowed: receiving Intent { act=android.intent.action.PACKAGE_REPLACED dat=package:com.facebook.katana flg=0x4000010 (has extras) } to com.google.android.gms/.gass.chimera.PackageChangeBroadcastReceiver
02-11 11:45:05.245  1337  1368 W BroadcastQueue: Background execution not allowed: receiving Intent { act=android.intent.action.PACKAGE_REPLACED dat=package:com.facebook.katana flg=0x4000010 (has extras) } to com.google.android.gms/.chimera.GmsIntentOperationService$PersistentTrustedReceiver
02-11 11:45:05.332  1337  5216 E NotificationService: Suppressing notification from package by user request.
02-11 11:45:05.366  1337  1367 I RoleUserState: Wrote roles.xml successfully
02-11 11:45:10.554  1337  1359 W LocationProviderProxy: Odd, no component found for service com.android.location.service.v3.NetworkLocationProvider
02-11 11:45:10.555  1337  1359 W GeocoderProxy: Odd, no component found for service com.android.location.service.GeocodeProvider
02-11 11:45:10.555  1337  1337 I RoleManagerService: Granting default permissions...
02-11 11:45:10.556  1337  1359 W GeofenceProxy: Odd, no component found for service com.android.location.service.GeofenceProvider
02-11 11:45:10.562  1337  1359 W ActivityRecognitionProxy: Odd, no component found for service com.android.location.service.ActivityRecognitionProvider
02-11 11:45:10.654  1337  1337 I Telecom : DefaultDialerCache: Refreshing default dialer for user 0: now com.android.dialer: DDC.oR@ADE
02-11 11:45:10.662  1337  1367 W VoiceInteractionManagerService: no available voice interaction services found for user 0
02-11 11:45:10.723  1337  1369 I ActivityManager: Start proc 6872:com.facebook.katana:pretosproc/u0a137 for broadcast {com.facebook.katana/com.facebook.appcomponentmanager.fb.FbAppComponentReceiver}
02-11 11:45:10.902  1337  1367 I RoleUserState: Wrote roles.xml successfully
02-11 11:45:12.568  1337  1337 I RoleManagerService: Granting default permissions...
02-11 11:45:12.571  1337  1359 W LocationProviderProxy: Odd, no component found for service com.android.location.service.v3.NetworkLocationProvider
02-11 11:45:12.572  1337  1359 W GeocoderProxy: Odd, no component found for service com.android.location.service.GeocodeProvider
02-11 11:45:12.572  1337  1359 W GeofenceProxy: Odd, no component found for service com.android.location.service.GeofenceProvider
02-11 11:45:12.572  1337  1359 W ActivityRecognitionProxy: Odd, no component found for service com.android.location.service.ActivityRecognitionProvider
02-11 11:45:12.670  1337  1337 I Telecom : DefaultDialerCache: Refreshing default dialer for user 0: now com.android.dialer: DDC.oR@ADI
02-11 11:45:12.692  1337  1367 W VoiceInteractionManagerService: no available voice interaction services found for user 0
02-11 11:45:12.911  1337  1367 I RoleUserState: Wrote roles.xml successfully
02-11 11:45:13.022  1337  4063 W ActivityManager: Background start not allowed: service Intent { act=Orca.START cmp=com.facebook.katana/com.facebook.mqttlite.MqttService (has extras) } to com.facebook.katana/com.facebook.mqttlite.MqttService from pid=6648 uid=10137 pkg=com.facebook.katana startFg?=false
02-11 11:45:15.493  1337  1878 I ActivityManager: Killing 3300:android.process.media/u0a56 (adj 985): empty #17
02-11 11:45:15.722  1337  4063 W ActivityManager: Background start not allowed: service Intent { act=Orca.PERSISTENT_KICK_SKIP_PING cmp=com.facebook.katana/com.facebook.mqttlite.MqttService (has extras) } to com.facebook.katana/com.facebook.mqttlite.MqttService from pid=6648 uid=10137 pkg=com.facebook.katana startFg?=false
02-11 11:45:17.365  1337  1865 I ActivityManager: Killing 4718:com.google.android.apps.work.clouddpc/u0a120 (adj 985): empty #17
02-11 11:45:17.864  1337  1368 W BroadcastQueue: Permission Denial: broadcasting Intent { act=android.net.conn.CONNECTIVITY_CHANGE flg=0x4200010 (has extras) } from null (pid=-1, uid=-1) requires com.facebook.permission.prod.FB_APP_COMMUNICATION due to registered receiver BroadcastFilter{f5adcba 10137/u0 ReceiverList{25979e5 6648 com.facebook.katana/10137/u0 remote:926f4dc}}
02-11 11:45:18.317  1337  1337 I RoleManagerService: Granting default permissions...
02-11 11:45:18.321  1337  1359 W LocationProviderProxy: Odd, no component found for service com.android.location.service.v3.NetworkLocationProvider
02-11 11:45:18.321  1337  1359 W GeocoderProxy: Odd, no component found for service com.android.location.service.GeocodeProvider
02-11 11:45:18.321  1337  1359 W GeofenceProxy: Odd, no component found for service com.android.location.service.GeofenceProvider
02-11 11:45:18.322  1337  1359 W ActivityRecognitionProxy: Odd, no component found for service com.android.location.service.ActivityRecognitionProvider
02-11 11:45:18.407  1337  1367 W VoiceInteractionManagerService: no available voice interaction services found for user 0
02-11 11:45:18.408  1337  1337 I Telecom : DefaultDialerCache: Refreshing default dialer for user 0: now com.android.dialer: DDC.oR@ADM
02-11 11:45:18.647  1337  1367 I RoleUserState: Wrote roles.xml successfully
02-11 11:45:18.665  6648  6783 E ActivityThread: Failed to find provider info for com.facebook.appmanager.firstparty.crashreporter
02-11 11:45:18.696  6648  6815 E ActivityThread: Failed to find provider info for com.android.launcher3.cornermark.unreadbadge
02-11 11:45:19.938  1337  1359 W LocationProviderProxy: Odd, no component found for service com.android.location.service.v3.NetworkLocationProvider
02-11 11:45:19.948  1337  1337 I RoleManagerService: Granting default permissions...
02-11 11:45:19.951  1337  1359 W GeocoderProxy: Odd, no component found for service com.android.location.service.GeocodeProvider
02-11 11:45:19.951  1337  1359 W GeofenceProxy: Odd, no component found for service com.android.location.service.GeofenceProvider
02-11 11:45:19.952  1337  1359 W ActivityRecognitionProxy: Odd, no component found for service com.android.location.service.ActivityRecognitionProvider
02-11 11:45:19.965  1337  1367 W VoiceInteractionManagerService: no available voice interaction services found for user 0
02-11 11:45:19.968  1337  1337 I Telecom : DefaultDialerCache: Refreshing default dialer for user 0: now com.android.dialer: DDC.oR@ADQ
02-11 11:45:20.264  1337  1367 I RoleUserState: Wrote roles.xml successfully
02-11 11:45:27.547  1337  1381 W PackageParser: Unknown element under <manifest>: queries at /data/app/vmdl927949740.tmp/base.apk Binary XML file line #78
02-11 11:45:27.636  1337  1368 I ActivityManager: Force stopping com.dropbox.android appid=10144 user=-1: installPackageLI
02-11 11:45:27.638  1337  1381 I PackageManager: Update package com.dropbox.android code path from /data/app/com.dropbox.android-5o2yI5K2ljWBRzWSPWcc3w== to /data/app/com.dropbox.android-eApV8mN9Vb5Om_iuG0Vu_g==; Retain data and using new
02-11 11:45:27.638  1337  1381 I PackageManager: Update package com.dropbox.android resource path from /data/app/com.dropbox.android-5o2yI5K2ljWBRzWSPWcc3w== to /data/app/com.dropbox.android-eApV8mN9Vb5Om_iuG0Vu_g==; Retain data and using new
02-11 11:45:27.749  1337  1381 I PackageManager: Un-granting permission android.permission.MANAGE_DOCUMENTS from package com.google.android.youtube (protectionLevel=262146 flags=0x305bbe44)
02-11 11:45:27.750  1337  1381 I PackageManager: Un-granting permission android.permission.SYSTEM_ALERT_WINDOW from package com.google.android.youtube (protectionLevel=1250 flags=0x305bbe44)
02-11 11:45:27.751  1337  1381 I PackageManager: Un-granting permission com.google.android.googleapps.permission.GOOGLE_AUTH from package com.android.providers.calendar (protectionLevel=2 flags=0x30883e45)
02-11 11:45:27.751  1337  1381 I PackageManager: Un-granting permission com.google.android.googleapps.permission.GOOGLE_AUTH.cl from package com.android.providers.calendar (protectionLevel=2 flags=0x30883e45)
02-11 11:45:27.752  1337  1381 I PackageManager: Un-granting permission android.permission.GLOBAL_SEARCH from package com.android.quicksearchbox (protectionLevel=18 flags=0x3088be45)
02-11 11:45:27.753  1337  1381 I PackageManager: Un-granting permission android.permission.SYSTEM_ALERT_WINDOW from package com.google.ar.core (protectionLevel=1250 flags=0xa8c8be44)
02-11 11:45:27.753  1337  1381 I PackageManager: Un-granting permission android.permission.HIDE_NON_SYSTEM_OVERLAY_WINDOWS from package com.android.vending (protectionLevel=258 flags=0x28cabec5)
02-11 11:45:27.754  1337  1381 I PackageManager: Un-granting permission android.permission.SEND_DOWNLOAD_COMPLETED_INTENTS from package com.android.vending (protectionLevel=2 flags=0x28cabec5)
02-11 11:45:27.756  1337  1381 I PackageManager: Un-granting permission android.permission.BIND_WALLPAPER from package com.android.camera2 (protectionLevel=18 flags=0x2058bc45)
02-11 11:45:27.758  1337  1381 I PackageManager: Un-granting permission android.permission.REQUEST_INSTALL_PACKAGES from package com.google.android.gm (protectionLevel=66 flags=0x285bbe44)
02-11 11:45:27.758  1337  1381 I PackageManager: Un-granting permission com.google.android.googleapps.permission.GOOGLE_AUTH.mail from package com.android.calendar (protectionLevel=2 flags=0x2089be45)
02-11 11:45:27.760  1337  1381 I PackageManager: Un-granting permission android.permission.CLEAR_APP_CACHE from package com.andromeda.androbench2 (protectionLevel=18 flags=0x3888be44)
02-11 11:45:27.761  1337  1381 I PackageManager: Un-granting permission android.permission.SYSTEM_ALERT_WINDOW from package com.twitter.android (protectionLevel=1250 flags=0x28583e44)
02-11 11:45:27.762  1337  1381 I PackageManager: Un-granting permission android.permission.INTERACT_ACROSS_USERS from package com.google.android.syncadapters.contacts (protectionLevel=50 flags=0x20883e45)
02-11 11:45:27.762  1337  1381 I PackageManager: Un-granting permission android.permission.REQUEST_INSTALL_PACKAGES from package com.android.chrome (protectionLevel=66 flags=0xa04bbe44)
02-11 11:45:27.764  1337  1381 I PackageManager: Un-granting permission android.permission.CAPTURE_VIDEO_OUTPUT from package com.google.android.gms (protectionLevel=2 flags=0xa0cabec5)
02-11 11:45:27.765  1337  1381 I PackageManager: Un-granting permission android.permission.MANAGE_DEVICE_ADMINS from package com.google.android.gms (protectionLevel=2 flags=0xa0cabec5)
02-11 11:45:27.765  1337  1381 I PackageManager: Un-granting permission android.permission.MANAGE_ACTIVITY_STACKS from package com.google.android.gms (protectionLevel=2 flags=0xa0cabec5)
02-11 11:45:27.765  1337  1381 I PackageManager: Un-granting permission android.permission.CAPTURE_SECURE_VIDEO_OUTPUT from package com.google.android.gms (protectionLevel=2 flags=0xa0cabec5)
02-11 11:45:27.765  1337  1381 I PackageManager: Un-granting permission android.permission.WRITE_DEVICE_CONFIG from package com.google.android.gms (protectionLevel=524802 flags=0xa0cabec5)
02-11 11:45:27.765  1337  1381 I PackageManager: Un-granting permission android.permission.MANAGE_ROLLBACKS from package com.google.android.gms (protectionLevel=514 flags=0xa0cabec5)
02-11 11:45:27.765  1337  1381 I PackageManager: Un-granting permission android.permission.HIDE_NON_SYSTEM_OVERLAY_WINDOWS from package com.google.android.gms (protectionLevel=258 flags=0xa0cabec5)
02-11 11:45:27.767  1337  1381 I PackageManager: Un-granting permission android.permission.UPDATE_APP_OPS_STATS from package com.google.android.tts (protectionLevel=274 flags=0x20cbbec5)
02-11 11:45:27.769  1337  1381 I PackageManager: Un-granting permission android.permission.BATTERY_STATS from package com.facebook.katana (protectionLevel=50 flags=0x30d83e44)
02-11 11:45:27.772  1337  1381 I PackageManager: Un-granting permission android.permission.SYSTEM_ALERT_WINDOW from package com.kakao.talk (protectionLevel=1250 flags=0x28d83e44)
02-11 11:45:27.772  1337  1381 I PackageManager: Un-granting permission android.permission.REQUEST_INSTALL_PACKAGES from package com.kakao.talk (protectionLevel=66 flags=0x28d83e44)
02-11 11:45:27.775  1337  1381 I PackageManager: Un-granting permission android.permission.PACKAGE_USAGE_STATS from package com.google.android.apps.work.clouddpc (protectionLevel=114 flags=0x3088be44)
02-11 11:45:27.776  1337  1381 I PackageManager: Un-granting permission android.permission.MOUNT_UNMOUNT_FILESYSTEMS from package com.adsk.sketchbook (protectionLevel=18 flags=0x3098be44)
02-11 11:45:27.776  1337  1381 I PackageManager: Un-granting permission android.permission.MANAGE_DOCUMENTS from package com.adsk.sketchbook (protectionLevel=262146 flags=0x3098be44)
02-11 11:45:27.779  1337  1381 I PackageManager: Un-granting permission android.permission.CONNECTIVITY_USE_RESTRICTED_NETWORKS from package com.android.captiveportallogin (protectionLevel=18 flags=0x38c8be45)
02-11 11:45:27.779  1337  1381 I PackageManager: Un-granting permission android.permission.NETWORK_BYPASS_PRIVATE_DNS from package com.android.captiveportallogin (protectionLevel=2 flags=0x38c8be45)
02-11 11:45:27.779  1337  1381 I PackageManager: Un-granting permission android.permission.REQUEST_INSTALL_PACKAGES from package com.dropbox.android (protectionLevel=66 flags=0x30583e44)
02-11 11:45:31.353  1337  1381 W PackageManager: Cannot whitelist unknown permission: android.permission.BROADCAST_CLOSE_SYSTEM_DIALOGS
02-11 11:45:31.353  1337  1381 W PackageManager: Cannot whitelist unknown permission: com.sonyericsson.home.permission.BROADCAST_BADGE
02-11 11:45:31.382  1337  1381 I ActivityManager: Force stopping com.dropbox.android appid=10144 user=0: pkg removed
02-11 11:45:31.392  1337  1368 W BroadcastQueue: Background execution not allowed: receiving Intent { act=android.intent.action.PACKAGE_REMOVED dat=package:com.dropbox.android flg=0x4000010 (has extras) } to com.android.gallery3d/.app.PackagesMonitor
02-11 11:45:31.392  1337  1368 W BroadcastQueue: Background execution not allowed: receiving Intent { act=android.intent.action.PACKAGE_REMOVED dat=package:com.dropbox.android flg=0x4000010 (has extras) } to com.android.musicfx/.Compatibility$Receiver
02-11 11:45:31.393  1337  1368 W BroadcastQueue: Background execution not allowed: receiving Intent { act=android.intent.action.PACKAGE_REMOVED dat=package:com.dropbox.android flg=0x4000010 (has extras) } to com.android.vending/com.google.android.finsky.packagemanager.impl.PackageMonitorReceiverImpl$RegisteredReceiver
02-11 11:45:31.396  1337  1381 I ActivityManager: Force stopping com.dropbox.android appid=10144 user=0: pkg removed
02-11 11:45:31.403  1337  1368 W BroadcastQueue: Background execution not allowed: receiving Intent { act=android.intent.action.PACKAGE_REMOVED dat=package:com.dropbox.android flg=0x4000010 (has extras) } to com.android.vending/com.google.android.finsky.instantapps.appmanagement.InstantAppRemoveMonitor
02-11 11:45:31.404  1337  1368 W BroadcastQueue: Background execution not allowed: receiving Intent { act=android.intent.action.PACKAGE_REMOVED dat=package:com.dropbox.android flg=0x4000010 (has extras) } to com.google.android.gms/.games.chimera.GamesSystemBroadcastReceiverProxy
02-11 11:45:31.404  1337  1368 W BroadcastQueue: Background execution not allowed: receiving Intent { act=android.intent.action.PACKAGE_REMOVED dat=package:com.dropbox.android flg=0x4000010 (has extras) } to com.google.android.gms/.chimera.GmsIntentOperationService$PersistentTrustedReceiver
02-11 11:45:31.420  1337  1337 I RoleManagerService: Granting default permissions...
02-11 11:45:31.423  1337  1368 W BroadcastQueue: Background execution not allowed: receiving Intent { act=android.intent.action.PACKAGE_REMOVED dat=package:com.dropbox.android flg=0x4000010 (has extras) } to com.facebook.katana/com.facebook.feed.platformads.AppInstallReceiver
02-11 11:45:31.426  1337  1368 W BroadcastQueue: Background execution not allowed: receiving Intent { act=android.intent.action.PACKAGE_REMOVED dat=package:com.dropbox.android flg=0x4000010 (has extras) } to com.google.android.apps.maps/com.google.android.libraries.social.peoplekit.thirdparty.viewcontrollers.ThirdPartyReceiver
02-11 11:45:31.504  1337  1359 W LocationProviderProxy: Odd, no component found for service com.android.location.service.v3.NetworkLocationProvider
02-11 11:45:31.504  1337  1359 W GeocoderProxy: Odd, no component found for service com.android.location.service.GeocodeProvider
02-11 11:45:31.504  1337  1359 W GeofenceProxy: Odd, no component found for service com.android.location.service.GeofenceProvider
02-11 11:45:31.504  1337  1359 W ActivityRecognitionProxy: Odd, no component found for service com.android.location.service.ActivityRecognitionProvider
02-11 11:45:31.516  1337  1337 I Telecom : DefaultDialerCache: Refreshing default dialer for user 0: now com.android.dialer: DDC.oR@ADk
02-11 11:45:31.564  1337  7258 W BroadcastQueue: Background execution not allowed: receiving Intent { act=android.intent.action.PACKAGE_ADDED dat=package:com.dropbox.android flg=0x4000010 (has extras) } to com.google.android.packageinstaller/com.android.packageinstaller.PackageInstalledReceiver
02-11 11:45:31.564  1337  1368 W BroadcastQueue: Background execution not allowed: receiving Intent { act=android.intent.action.PACKAGE_ADDED dat=package:com.dropbox.android flg=0x4000010 (has extras) } to com.android.gallery3d/.app.PackagesMonitor
02-11 11:45:31.564  1337  1368 W BroadcastQueue: Background execution not allowed: receiving Intent { act=android.intent.action.PACKAGE_ADDED dat=package:com.dropbox.android flg=0x4000010 (has extras) } to com.android.musicfx/.Compatibility$Receiver
02-11 11:45:31.564  1337  1368 W BroadcastQueue: Background execution not allowed: receiving Intent { act=android.intent.action.PACKAGE_ADDED dat=package:com.dropbox.android flg=0x4000010 (has extras) } to com.android.vending/com.google.android.finsky.packagemanager.impl.PackageMonitorReceiverImpl$RegisteredReceiver
02-11 11:45:31.565  1337  1368 W BroadcastQueue: Background execution not allowed: receiving Intent { act=android.intent.action.PACKAGE_ADDED dat=package:com.dropbox.android flg=0x4000010 (has extras) } to com.google.android.gms/.games.chimera.GamesSystemBroadcastReceiverProxy
02-11 11:45:31.565  1337  1368 W BroadcastQueue: Background execution not allowed: receiving Intent { act=android.intent.action.PACKAGE_ADDED dat=package:com.dropbox.android flg=0x4000010 (has extras) } to com.google.android.gms/.gass.chimera.PackageChangeBroadcastReceiver
02-11 11:45:31.565  1337  1368 W BroadcastQueue: Background execution not allowed: receiving Intent { act=android.intent.action.PACKAGE_ADDED dat=package:com.dropbox.android flg=0x4000010 (has extras) } to com.google.android.gms/.chimera.GmsIntentOperationService$PersistentTrustedReceiver
02-11 11:45:31.565  1337  1368 W BroadcastQueue: Background execution not allowed: receiving Intent { act=android.intent.action.PACKAGE_ADDED dat=package:com.dropbox.android flg=0x4000010 (has extras) } to com.facebook.katana/com.facebook.feed.platformads.AppInstallReceiver
02-11 11:45:31.568  1337  1367 W VoiceInteractionManagerService: no available voice recognition services found for user 0
02-11 11:45:31.644  1337  4152 W BroadcastQueue: Background execution not allowed: receiving Intent { act=android.intent.action.PACKAGE_REPLACED dat=package:com.dropbox.android flg=0x4000010 (has extras) } to com.android.musicfx/.Compatibility$Receiver
02-11 11:45:31.645  1337  1368 W BroadcastQueue: Background execution not allowed: receiving Intent { act=android.intent.action.PACKAGE_REPLACED dat=package:com.dropbox.android flg=0x4000010 (has extras) } to com.google.android.gms/.gass.chimera.PackageChangeBroadcastReceiver
02-11 11:45:31.645  1337  1368 W BroadcastQueue: Background execution not allowed: receiving Intent { act=android.intent.action.PACKAGE_REPLACED dat=package:com.dropbox.android flg=0x4000010 (has extras) } to com.google.android.gms/.chimera.GmsIntentOperationService$PersistentTrustedReceiver
02-11 11:45:31.656  1337  1369 I ActivityManager: Start proc 7268:com.dropbox.android/u0a144 for broadcast {com.dropbox.android/com.dropbox.android.camerauploads.CameraUploadsWakeupReceiver}
02-11 11:45:31.658  1337  1686 E NotificationService: Suppressing notification from package by user request.
02-11 11:45:31.825  1337  1367 I RoleUserState: Wrote roles.xml successfully
02-11 11:45:32.026  1337  7258 D ConnectivityService: requestNetwork for uid/pid:10144/7268 NetworkRequest [ TRACK_DEFAULT id=58, [ Capabilities: INTERNET&NOT_RESTRICTED&TRUSTED Uid: 10144] ]
02-11 11:45:32.388  1337  6214 I ActivityManager: Killing 5356:com.android.cellbroadcastreceiver/u0a45 (adj 985): empty #17
02-11 11:45:32.566  1337  6214 I ActivityManager: Killing 4067:com.google.android.apps.turbo:aab/u0a64 (adj 975): empty #17
02-11 11:45:32.703  1337  1369 I ActivityManager: Start proc 7371:com.android.webview:sandboxed_process0:org.chromium.content.app.SandboxedProcessService0/u0i1 for  {com.dropbox.android/org.chromium.content.app.SandboxedProcessService0}
02-11 11:45:32.749  1337  2801 I ActivityManager: Killing 4122:com.google.android.apps.turbo:ssb/u0a64 (adj 975): empty #17
02-11 11:45:32.903  1337  2801 D ConnectivityService: requestNetwork for uid/pid:10144/7268 NetworkRequest [ TRACK_DEFAULT id=59, [ Capabilities: INTERNET&NOT_RESTRICTED&TRUSTED Uid: 10144] ]
02-11 11:45:32.985  1337  1355 D ConnectivityService: requestNetwork for uid/pid:10144/7268 NetworkRequest [ TRACK_DEFAULT id=61, [ Capabilities: INTERNET&NOT_RESTRICTED&TRUSTED Uid: 10144] ]
02-11 11:45:46.595  1337  1355 I ActivityManager: Killing 5455:com.android.providers.calendar/u0a55 (adj 985): empty #17
02-11 11:45:51.943  1337  2522 I ActivityManager: Killing 5391:com.android.messaging/u0a94 (adj 985): empty #17
02-11 11:45:55.720  1337  1452 W ActivityManager: Unable to start service Intent { act=com.google.android.gms.drive.ApiService.RESET_AFTER_BOOT flg=0x4 cmp=com.google.android.gms/.drive.api.ApiService (has extras) } U=0: not found
02-11 11:46:16.252  1337  1369 I ActivityManager: Start proc 7900:com.google.android.apps.turbo:aab/u0a64 for service {com.google.android.apps.turbo/com.google.android.libraries.smartbattery.appusage.library.InferAppBucketsJob}
02-11 11:46:16.450  1337  1864 I ActivityManager: Killing 5136:com.kakao.talk/u0a134 (adj 975): empty #17
02-11 11:49:27.866  1337  1355 I ActivityTaskManager: START u0 {flg=0x10000000 cmp=com.google.android.youtube/com.google.android.apps.youtube.app.WatchWhileActivity} from uid 0
02-11 11:49:27.898  1337  1369 I ActivityManager: Start proc 9980:com.google.android.youtube/u0a126 for activity {com.google.android.youtube/com.google.android.apps.youtube.app.WatchWhileActivity}
02-11 11:49:27.911  1337  1362 I DisplayManagerService: Display device changed: DisplayDeviceInfo{"기본으로 제공되는 화면": uniqueId="local:19261132550654593", 1080 x 2280, modeId 1, defaultModeId 2, supportedModes [{id=1, width=1080, height=2280, fps=90.0}, {id=2, width=1080, height=2280, fps=60.000004}], colorMode 0, supportedColorModes [0, 7, 9], HdrCapabilities android.view.Display$HdrCapabilities@413e3a39, density 440, 442.451 x 445.476 dpi, appVsyncOff 2000000, presDeadline 11111111, touch INTERNAL, rotation 0, type BUILT_IN, address {port=129, model=0x446de5e3a74a}, state ON, FLAG_DEFAULT_DISPLAY, FLAG_ROTATES_WITH_CONTENT, FLAG_SECURE, FLAG_SUPPORTS_PROTECTED_BUFFERS}
02-11 11:49:28.125  1337  5216 D ConnectivityService: requestNetwork for uid/pid:10126/9980 NetworkRequest [ TRACK_DEFAULT id=63, [ Capabilities: INTERNET&NOT_RESTRICTED&TRUSTED Uid: 10126] ]
02-11 11:49:28.224  1337  5216 D ConnectivityService: requestNetwork for uid/pid:10126/9980 NetworkRequest [ TRACK_DEFAULT id=65, [ Capabilities: INTERNET&NOT_RESTRICTED&TRUSTED Uid: 10126] ]
02-11 11:49:28.225  2289  6540 V PackageManager: [7e167889-709b-4000-bb40-a1f7a49b6bcc] Phase1 called; posting
02-11 11:49:28.225  2289  2289 D PackageManager: [7e167889-709b-4000-bb40-a1f7a49b6bcc] Phase1 request; prefix: [-2130968576, -1859305472, -1632722944, -1552310272, -861425664, -682012672, 536940544, 540086272, 774230016, 1319243776, 1454936064, 1649434624, 1792065536], userId: 0
02-11 11:49:28.235  2289  2803 V PackageManager: [c678b3c7-26c1-4938-aaf0-05ef3c97e28d] Phase1 called; posting
02-11 11:49:28.235  2289  2289 D PackageManager: [c678b3c7-26c1-4938-aaf0-05ef3c97e28d] Phase1 request; prefix: [-2130968576, -2051063808, -1889652736, -1552310272, -936534016, -284626944, -144883712, -37539840, 188047360, 395497472, 617369600, 967114752, 1263841280, 1312722944, 1917992960, 2124267520, 2129035264, 2140037120], userId: 0
02-11 11:49:28.307  1337  5216 D ConnectivityService: requestNetwork for uid/pid:10126/9980 NetworkRequest [ TRACK_DEFAULT id=66, [ Capabilities: INTERNET&NOT_RESTRICTED&TRUSTED Uid: 10126] ]
02-11 11:49:28.336  1337  5216 D ConnectivityService: requestNetwork for uid/pid:10126/9980 NetworkRequest [ TRACK_DEFAULT id=67, [ Capabilities: INTERNET&NOT_RESTRICTED&TRUSTED Uid: 10126] ]
02-11 11:49:28.546  2289  3144 V PackageManager: [e26589bf-c6d8-4b2b-aa50-5aef11447b6d] Phase1 called; posting
02-11 11:49:28.546  2289  2289 D PackageManager: [e26589bf-c6d8-4b2b-aa50-5aef11447b6d] Phase1 request; prefix: [-2130968576, -1783275520, -1552310272, -1308663808, -1253355520, -1045123072, -987447296, -673484800, -28798976, 20267008, 219783168, 305221632, 334684160, 494632960, 609656832, 1275842560, 1712386048, 1941553152, 2065305600], userId: 0
02-11 11:49:28.549  2289  3144 V PackageManager: [155ce27a-6fc0-4bec-909f-377dba851bcc] Phase1 called; posting
02-11 11:49:28.549  2289  2289 D PackageManager: [155ce27a-6fc0-4bec-909f-377dba851bcc] Phase1 request; prefix: [-2130968576, -1738366976, -1552310272, -1491697664, -1404768256, -976916480, -729931776, 44396544, 683192320, 1234825216, 1795579904, 1867943936, 1924173824, 2023833600], userId: 0
02-11 11:49:29.391  9980 10057 E ActivityThread: Failed to find provider info for com.google.android.apps.wellbeing.api
02-11 11:49:30.972  1337  1362 I DisplayManagerService: Display device changed: DisplayDeviceInfo{"기본으로 제공되는 화면": uniqueId="local:19261132550654593", 1080 x 2280, modeId 2, defaultModeId 2, supportedModes [{id=1, width=1080, height=2280, fps=90.0}, {id=2, width=1080, height=2280, fps=60.000004}], colorMode 0, supportedColorModes [0, 7, 9], HdrCapabilities android.view.Display$HdrCapabilities@413e3a39, density 440, 442.451 x 445.476 dpi, appVsyncOff 2000000, presDeadline 11666666, touch INTERNAL, rotation 0, type BUILT_IN, address {port=129, model=0x446de5e3a74a}, state ON, FLAG_DEFAULT_DISPLAY, FLAG_ROTATES_WITH_CONTENT, FLAG_SECURE, FLAG_SUPPORTS_PROTECTED_BUFFERS}
02-11 11:49:31.006  1337  1362 I DisplayManagerService: Display device changed: DisplayDeviceInfo{"기본으로 제공되는 화면": uniqueId="local:19261132550654593", 1080 x 2280, modeId 1, defaultModeId 2, supportedModes [{id=1, width=1080, height=2280, fps=90.0}, {id=2, width=1080, height=2280, fps=60.000004}], colorMode 0, supportedColorModes [0, 7, 9], HdrCapabilities android.view.Display$HdrCapabilities@413e3a39, density 440, 442.451 x 445.476 dpi, appVsyncOff 2000000, presDeadline 11111111, touch INTERNAL, rotation 0, type BUILT_IN, address {port=129, model=0x446de5e3a74a}, state ON, FLAG_DEFAULT_DISPLAY, FLAG_ROTATES_WITH_CONTENT, FLAG_SECURE, FLAG_SUPPORTS_PROTECTED_BUFFERS}
02-11 11:49:31.848  1337  1362 I DisplayManagerService: Display device changed: DisplayDeviceInfo{"기본으로 제공되는 화면": uniqueId="local:19261132550654593", 1080 x 2280, modeId 2, defaultModeId 2, supportedModes [{id=1, width=1080, height=2280, fps=90.0}, {id=2, width=1080, height=2280, fps=60.000004}], colorMode 0, supportedColorModes [0, 7, 9], HdrCapabilities android.view.Display$HdrCapabilities@413e3a39, density 440, 442.451 x 445.476 dpi, appVsyncOff 2000000, presDeadline 11666666, touch INTERNAL, rotation 0, type BUILT_IN, address {port=129, model=0x446de5e3a74a}, state ON, FLAG_DEFAULT_DISPLAY, FLAG_ROTATES_WITH_CONTENT, FLAG_SECURE, FLAG_SUPPORTS_PROTECTED_BUFFERS}
02-11 11:49:34.205  1337  1362 I DisplayManagerService: Display device changed: DisplayDeviceInfo{"기본으로 제공되는 화면": uniqueId="local:19261132550654593", 1080 x 2280, modeId 1, defaultModeId 2, supportedModes [{id=1, width=1080, height=2280, fps=90.0}, {id=2, width=1080, height=2280, fps=60.000004}], colorMode 0, supportedColorModes [0, 7, 9], HdrCapabilities android.view.Display$HdrCapabilities@413e3a39, density 440, 442.451 x 445.476 dpi, appVsyncOff 2000000, presDeadline 11111111, touch INTERNAL, rotation 0, type BUILT_IN, address {port=129, model=0x446de5e3a74a}, state ON, FLAG_DEFAULT_DISPLAY, FLAG_ROTATES_WITH_CONTENT, FLAG_SECURE, FLAG_SUPPORTS_PROTECTED_BUFFERS}
02-11 11:49:35.660  1337  1355 D ConnectivityService: requestNetwork for uid/pid:10135/5614 NetworkRequest [ TRACK_DEFAULT id=69, [ Capabilities: INTERNET&NOT_RESTRICTED&TRUSTED Uid: 10135] ]
02-11 11:49:36.232  1337  1484 D ConnectivityService: releasing NetworkRequest [ TRACK_DEFAULT id=69, [ Capabilities: INTERNET&NOT_RESTRICTED&TRUSTED Uid: 10135] ] (release request)
02-11 11:49:54.085  1337  4063 I ActivityManager: Killing 4006:com.android.inputmethod.latin/u0a117 (adj 985): empty #17
02-11 11:50:00.060  1337  1362 I DisplayManagerService: Display device changed: DisplayDeviceInfo{"기본으로 제공되는 화면": uniqueId="local:19261132550654593", 1080 x 2280, modeId 2, defaultModeId 2, supportedModes [{id=1, width=1080, height=2280, fps=90.0}, {id=2, width=1080, height=2280, fps=60.000004}], colorMode 0, supportedColorModes [0, 7, 9], HdrCapabilities android.view.Display$HdrCapabilities@413e3a39, density 440, 442.451 x 445.476 dpi, appVsyncOff 2000000, presDeadline 11666666, touch INTERNAL, rotation 0, type BUILT_IN, address {port=129, model=0x446de5e3a74a}, state ON, FLAG_DEFAULT_DISPLAY, FLAG_ROTATES_WITH_CONTENT, FLAG_SECURE, FLAG_SUPPORTS_PROTECTED_BUFFERS}
02-11 11:50:09.360  1337  1362 I DisplayManagerService: Display device changed: DisplayDeviceInfo{"기본으로 제공되는 화면": uniqueId="local:19261132550654593", 1080 x 2280, modeId 1, defaultModeId 2, supportedModes [{id=1, width=1080, height=2280, fps=90.0}, {id=2, width=1080, height=2280, fps=60.000004}], colorMode 0, supportedColorModes [0, 7, 9], HdrCapabilities android.view.Display$HdrCapabilities@413e3a39, density 440, 442.451 x 445.476 dpi, appVsyncOff 2000000, presDeadline 11111111, touch INTERNAL, rotation 0, type BUILT_IN, address {port=129, model=0x446de5e3a74a}, state ON, FLAG_DEFAULT_DISPLAY, FLAG_ROTATES_WITH_CONTENT, FLAG_SECURE, FLAG_SUPPORTS_PROTECTED_BUFFERS}
02-11 11:50:09.425  1337  1868 D AutofillManagerServiceImpl: Reset component for user 0:
02-11 11:50:09.425  1337  1360 D AutofillUI: destroySaveUiUiThread(): already destroyed
02-11 11:50:10.960  1337  1362 I DisplayManagerService: Display device changed: DisplayDeviceInfo{"기본으로 제공되는 화면": uniqueId="local:19261132550654593", 1080 x 2280, modeId 2, defaultModeId 2, supportedModes [{id=1, width=1080, height=2280, fps=90.0}, {id=2, width=1080, height=2280, fps=60.000004}], colorMode 0, supportedColorModes [0, 7, 9], HdrCapabilities android.view.Display$HdrCapabilities@413e3a39, density 440, 442.451 x 445.476 dpi, appVsyncOff 2000000, presDeadline 11666666, touch INTERNAL, rotation 0, type BUILT_IN, address {port=129, model=0x446de5e3a74a}, state ON, FLAG_DEFAULT_DISPLAY, FLAG_ROTATES_WITH_CONTENT, FLAG_SECURE, FLAG_SUPPORTS_PROTECTED_BUFFERS}
02-11 11:50:11.450  1337  1362 I DisplayManagerService: Display device changed: DisplayDeviceInfo{"기본으로 제공되는 화면": uniqueId="local:19261132550654593", 1080 x 2280, modeId 1, defaultModeId 2, supportedModes [{id=1, width=1080, height=2280, fps=90.0}, {id=2, width=1080, height=2280, fps=60.000004}], colorMode 0, supportedColorModes [0, 7, 9], HdrCapabilities android.view.Display$HdrCapabilities@413e3a39, density 440, 442.451 x 445.476 dpi, appVsyncOff 2000000, presDeadline 11111111, touch INTERNAL, rotation 0, type BUILT_IN, address {port=129, model=0x446de5e3a74a}, state ON, FLAG_DEFAULT_DISPLAY, FLAG_ROTATES_WITH_CONTENT, FLAG_SECURE, FLAG_SUPPORTS_PROTECTED_BUFFERS}
02-11 11:50:11.980  1337  1362 I DisplayManagerService: Display device changed: DisplayDeviceInfo{"기본으로 제공되는 화면": uniqueId="local:19261132550654593", 1080 x 2280, modeId 2, defaultModeId 2, supportedModes [{id=1, width=1080, height=2280, fps=90.0}, {id=2, width=1080, height=2280, fps=60.000004}], colorMode 0, supportedColorModes [0, 7, 9], HdrCapabilities android.view.Display$HdrCapabilities@413e3a39, density 440, 442.451 x 445.476 dpi, appVsyncOff 2000000, presDeadline 11666666, touch INTERNAL, rotation 0, type BUILT_IN, address {port=129, model=0x446de5e3a74a}, state ON, FLAG_DEFAULT_DISPLAY, FLAG_ROTATES_WITH_CONTENT, FLAG_SECURE, FLAG_SUPPORTS_PROTECTED_BUFFERS}
02-11 11:50:28.941  1337  1368 W ActivityManager: Stopping service due to app idle: u0a135 -6m3s424ms com.google.android.apps.maps/com.google.android.apps.gmm.util.systemhealth.impl.SystemHealthService
02-11 11:50:29.571  1337  1362 I DisplayManagerService: Display device changed: DisplayDeviceInfo{"기본으로 제공되는 화면": uniqueId="local:19261132550654593", 1080 x 2280, modeId 1, defaultModeId 2, supportedModes [{id=1, width=1080, height=2280, fps=90.0}, {id=2, width=1080, height=2280, fps=60.000004}], colorMode 0, supportedColorModes [0, 7, 9], HdrCapabilities android.view.Display$HdrCapabilities@413e3a39, density 440, 442.451 x 445.476 dpi, appVsyncOff 2000000, presDeadline 11111111, touch INTERNAL, rotation 0, type BUILT_IN, address {port=129, model=0x446de5e3a74a}, state ON, FLAG_DEFAULT_DISPLAY, FLAG_ROTATES_WITH_CONTENT, FLAG_SECURE, FLAG_SUPPORTS_PROTECTED_BUFFERS}
02-11 11:50:29.687  1337  1369 I ActivityManager: Start proc 10266:com.google.android.tts/u0a72 for service {com.google.android.tts/com.google.android.apps.speech.tts.googletts.service.GoogleTTSService}
02-11 11:50:51.373  1337  1362 I DisplayManagerService: Display device changed: DisplayDeviceInfo{"기본으로 제공되는 화면": uniqueId="local:19261132550654593", 1080 x 2280, modeId 2, defaultModeId 2, supportedModes [{id=1, width=1080, height=2280, fps=90.0}, {id=2, width=1080, height=2280, fps=60.000004}], colorMode 0, supportedColorModes [0, 7, 9], HdrCapabilities android.view.Display$HdrCapabilities@413e3a39, density 440, 442.451 x 445.476 dpi, appVsyncOff 2000000, presDeadline 11666666, touch INTERNAL, rotation 0, type BUILT_IN, address {port=129, model=0x446de5e3a74a}, state ON, FLAG_DEFAULT_DISPLAY, FLAG_ROTATES_WITH_CONTENT, FLAG_SECURE, FLAG_SUPPORTS_PROTECTED_BUFFERS}
02-11 11:51:20.862  1337  1362 I DisplayManagerService: Display device changed: DisplayDeviceInfo{"기본으로 제공되는 화면": uniqueId="local:19261132550654593", 1080 x 2280, modeId 1, defaultModeId 2, supportedModes [{id=1, width=1080, height=2280, fps=90.0}, {id=2, width=1080, height=2280, fps=60.000004}], colorMode 0, supportedColorModes [0, 7, 9], HdrCapabilities android.view.Display$HdrCapabilities@413e3a39, density 440, 442.451 x 445.476 dpi, appVsyncOff 2000000, presDeadline 11111111, touch INTERNAL, rotation 0, type BUILT_IN, address {port=129, model=0x446de5e3a74a}, state ON, FLAG_DEFAULT_DISPLAY, FLAG_ROTATES_WITH_CONTENT, FLAG_SECURE, FLAG_SUPPORTS_PROTECTED_BUFFERS}
02-11 11:51:22.150  1337  1362 I DisplayManagerService: Display device changed: DisplayDeviceInfo{"기본으로 제공되는 화면": uniqueId="local:19261132550654593", 1080 x 2280, modeId 2, defaultModeId 2, supportedModes [{id=1, width=1080, height=2280, fps=90.0}, {id=2, width=1080, height=2280, fps=60.000004}], colorMode 0, supportedColorModes [0, 7, 9], HdrCapabilities android.view.Display$HdrCapabilities@413e3a39, density 440, 442.451 x 445.476 dpi, appVsyncOff 2000000, presDeadline 11666666, touch INTERNAL, rotation 0, type BUILT_IN, address {port=129, model=0x446de5e3a74a}, state ON, FLAG_DEFAULT_DISPLAY, FLAG_ROTATES_WITH_CONTENT, FLAG_SECURE, FLAG_SUPPORTS_PROTECTED_BUFFERS}
02-11 11:54:54.280  1337  1337 W Looper  : Slow dispatch took 179ms main h=com.android.server.job.JobSchedulerService$JobHandler c=null m=4
02-11 11:54:54.305  1337  1374 D KernelCpuUidUserSysTimeReader: Removing uids 1037-1037
02-11 11:54:54.308  1337  1374 D KernelCpuUidUserSysTimeReader: Removing uids 1037-1037
02-11 11:54:54.309  1337  1374 D KernelCpuUidUserSysTimeReader: Removing uids 99000-99000
02-11 11:56:45.530  1337  1337 W Looper  : Slow dispatch took 184ms main h=com.android.server.job.JobSchedulerService$JobHandler c=null m=4
02-11 11:58:15.375  1337  1337 W Looper  : Slow dispatch took 179ms main h=com.android.server.job.JobSchedulerService$JobHandler c=null m=4
02-11 11:59:22.329  1337  1362 I DisplayManagerService: Display device changed: DisplayDeviceInfo{"기본으로 제공되는 화면": uniqueId="local:19261132550654593", 1080 x 2280, modeId 1, defaultModeId 2, supportedModes [{id=1, width=1080, height=2280, fps=90.0}, {id=2, width=1080, height=2280, fps=60.000004}], colorMode 0, supportedColorModes [0, 7, 9], HdrCapabilities android.view.Display$HdrCapabilities@413e3a39, density 440, 442.451 x 445.476 dpi, appVsyncOff 2000000, presDeadline 11111111, touch INTERNAL, rotation 0, type BUILT_IN, address {port=129, model=0x446de5e3a74a}, state ON, FLAG_DEFAULT_DISPLAY, FLAG_ROTATES_WITH_CONTENT, FLAG_SECURE, FLAG_SUPPORTS_PROTECTED_BUFFERS}
02-11 11:59:23.406  1337  1362 I DisplayManagerService: Display device changed: DisplayDeviceInfo{"기본으로 제공되는 화면": uniqueId="local:19261132550654593", 1080 x 2280, modeId 2, defaultModeId 2, supportedModes [{id=1, width=1080, height=2280, fps=90.0}, {id=2, width=1080, height=2280, fps=60.000004}], colorMode 0, supportedColorModes [0, 7, 9], HdrCapabilities android.view.Display$HdrCapabilities@413e3a39, density 440, 442.451 x 445.476 dpi, appVsyncOff 2000000, presDeadline 11666666, touch INTERNAL, rotation 0, type BUILT_IN, address {port=129, model=0x446de5e3a74a}, state ON, FLAG_DEFAULT_DISPLAY, FLAG_ROTATES_WITH_CONTENT, FLAG_SECURE, FLAG_SUPPORTS_PROTECTED_BUFFERS}
02-11 12:00:30.112  1337  1337 W Looper  : Slow dispatch took 175ms main h=com.android.server.job.JobSchedulerService$JobHandler c=null m=4
02-11 12:00:49.932  1337  1362 I DisplayManagerService: Display device changed: DisplayDeviceInfo{"기본으로 제공되는 화면": uniqueId="local:19261132550654593", 1080 x 2280, modeId 1, defaultModeId 2, supportedModes [{id=1, width=1080, height=2280, fps=90.0}, {id=2, width=1080, height=2280, fps=60.000004}], colorMode 0, supportedColorModes [0, 7, 9], HdrCapabilities android.view.Display$HdrCapabilities@413e3a39, density 440, 442.451 x 445.476 dpi, appVsyncOff 2000000, presDeadline 11111111, touch INTERNAL, rotation 0, type BUILT_IN, address {port=129, model=0x446de5e3a74a}, state ON, FLAG_DEFAULT_DISPLAY, FLAG_ROTATES_WITH_CONTENT, FLAG_SECURE, FLAG_SUPPORTS_PROTECTED_BUFFERS}
02-11 12:00:51.158  1337  1362 I DisplayManagerService: Display device changed: DisplayDeviceInfo{"기본으로 제공되는 화면": uniqueId="local:19261132550654593", 1080 x 2280, modeId 2, defaultModeId 2, supportedModes [{id=1, width=1080, height=2280, fps=90.0}, {id=2, width=1080, height=2280, fps=60.000004}], colorMode 0, supportedColorModes [0, 7, 9], HdrCapabilities android.view.Display$HdrCapabilities@413e3a39, density 440, 442.451 x 445.476 dpi, appVsyncOff 2000000, presDeadline 11666666, touch INTERNAL, rotation 0, type BUILT_IN, address {port=129, model=0x446de5e3a74a}, state ON, FLAG_DEFAULT_DISPLAY, FLAG_ROTATES_WITH_CONTENT, FLAG_SECURE, FLAG_SUPPORTS_PROTECTED_BUFFERS}
02-11 12:01:00.349  1337  1362 I DisplayManagerService: Display device changed: DisplayDeviceInfo{"기본으로 제공되는 화면": uniqueId="local:19261132550654593", 1080 x 2280, modeId 1, defaultModeId 2, supportedModes [{id=1, width=1080, height=2280, fps=90.0}, {id=2, width=1080, height=2280, fps=60.000004}], colorMode 0, supportedColorModes [0, 7, 9], HdrCapabilities android.view.Display$HdrCapabilities@413e3a39, density 440, 442.451 x 445.476 dpi, appVsyncOff 2000000, presDeadline 11111111, touch INTERNAL, rotation 0, type BUILT_IN, address {port=129, model=0x446de5e3a74a}, state ON, FLAG_DEFAULT_DISPLAY, FLAG_ROTATES_WITH_CONTENT, FLAG_SECURE, FLAG_SUPPORTS_PROTECTED_BUFFERS}
