02-11 11:43:59.546  1337  1337 D SystemServiceManager: onStartUser-0 com.android.server.camera.CameraServiceProxy took to complete: 1ms
02-11 11:43:59.546  1337  1337 D SystemServiceManager: onStartUser-0 com.android.server.stats.StatsCompanionService$Lifecycle took to complete: 0ms
02-11 11:43:59.546  1337  1337 D SystemServiceManager: onStartUser-0 com.android.server.incident.IncidentCompanionService took to complete: 0ms
02-11 11:43:59.546  1337  1337 D SystemServiceManager: onStartUser-0 com.android.server.MmsServiceBroker took to complete: 0ms
02-11 11:43:59.546  1337  1337 D SystemServiceManager: onStartUser-0 com.android.server.autofill.AutofillManagerService took to complete: 0ms
02-11 11:43:59.546  1337  1337 D SystemServiceManager: onStartUser-0 com.android.server.clipboard.ClipboardService took to complete: 0ms
02-11 11:43:59.546  1337  1337 D SystemServiceManager: onStartUser-0 com.android.server.appbinding.AppBindingService$Lifecycle took to complete: 1ms
02-11 11:43:59.546  1337  1337 D SystemServiceManager: onStartUser-0 com.android.server.policy.PermissionPolicyService took to complete: 0ms
02-11 11:43:59.546  1337  1337 D SystemServiceManager: ssm.startUser-0 took to complete: 13ms
02-11 11:43:59.550  1337  1337 I ActivityTaskManager: START u0 {act=android.intent.action.MAIN cat=[android.intent.category.HOME] flg=0x10000100 cmp=com.android.settings/.FallbackHome} from uid 0
02-11 11:43:59.566  1337  1559 W CameraService_proxy: Could not notify cameraserver, camera service not available.
02-11 11:43:59.566  1337  1559 I CameraService_proxy: Could not notify camera service of user switch, retrying...
02-11 11:43:59.587  1337  1559 W CameraService_proxy: Could not notify cameraserver, camera service not available.
02-11 11:43:59.587  1337  1559 I CameraService_proxy: Could not notify camera service of user switch, retrying...
02-11 11:43:59.607  1337  1559 W CameraService_proxy: Could not notify cameraserver, camera service not available.
02-11 11:43:59.607  1337  1559 I CameraService_proxy: Could not notify camera service of user switch, retrying...
02-11 11:43:59.627  1337  1559 W CameraService_proxy: Could not notify cameraserver, camera service not available.
02-11 11:43:59.627  1337  1559 I CameraService_proxy: Could not notify camera service of user switch, retrying...
02-11 11:43:59.648  1337  1559 W CameraService_proxy: Could not notify cameraserver, camera service not available.
02-11 11:43:59.648  1337  1559 I CameraService_proxy: Could not notify camera service of user switch, retrying...
02-11 11:43:59.668  1337  1559 W CameraService_proxy: Could not notify cameraserver, camera service not available.
02-11 11:43:59.668  1337  1559 I CameraService_proxy: Could not notify camera service of user switch, retrying...
02-11 11:43:59.688  1337  1559 W CameraService_proxy: Could not notify cameraserver, camera service not available.
02-11 11:43:59.688  1337  1559 I CameraService_proxy: Could not notify camera service of user switch, retrying...
02-11 11:43:59.699  1337  1337 I ActivityTaskManager: Loaded persisted task ids for user 0
02-11 11:43:59.709  1337  1559 W CameraService_proxy: Could not notify cameraserver, camera service not available.
02-11 11:43:59.709  1337  1559 I CameraService_proxy: Could not notify camera service of user switch, retrying...
02-11 11:43:59.730  1337  1559 W CameraService_proxy: Could not notify cameraserver, camera service not available.
02-11 11:43:59.730  1337  1559 I CameraService_proxy: Could not notify camera service of user switch, retrying...
02-11 11:43:59.735  1337  1337 D SystemServerTiming: ActivityManagerStartApps took to complete: 201ms
02-11 11:43:59.735  1337  1337 D SystemServerTiming: PhaseActivityManagerReady took to complete: 552ms
02-11 11:43:59.735  1337  1360 W Looper  : Slow dispatch took 189ms android.ui h=com.android.server.am.ActivityManagerService$UiHandler c=null m=53
02-11 11:43:59.736  1337  1369 W ActivityManager: Slow operation: 189ms so far, now at startProcess: done updating battery stats
02-11 11:43:59.736  1337  1369 W ActivityManager: Slow operation: 189ms so far, now at startProcess: building log message
02-11 11:43:59.736  1337  1369 I ActivityManager: Start proc 1800:.qtidataservices/1001 for added application .qtidataservices
02-11 11:43:59.736  1337  1369 W ActivityManager: Slow operation: 189ms so far, now at startProcess: starting to update pids map
02-11 11:43:59.736  1337  1369 W ActivityManager: Slow operation: 190ms so far, now at startProcess: done updating pids map
02-11 11:43:59.737  1337  1515 I ActivityManager: Process WebViewLoader-arm64-v8a (pid 1708) has died: psvc PER 
02-11 11:43:59.737  1337  1369 W ActivityManager: Slow operation: 189ms so far, now at startProcess: asking zygote to start proc
02-11 11:43:59.739  1337  1337 D SystemServerInitThreadPool: Shutdown successful
02-11 11:43:59.741  1337  1354 I ActivityManager: Process WebViewLoader-armeabi-v7a (pid 1696) has died: psvc PER 
02-11 11:43:59.741  1337  1337 D SystemServerTiming: StartServices took to complete: 1860ms
02-11 11:43:59.747  1337  1337 W Looper  : Slow delivery took 1167ms main h=android.app.ActivityThread$H c=null m=156
02-11 11:43:59.748  1337  1369 W ActivityManager: Slow operation: 200ms so far, now at startProcess: returned from zygote!
02-11 11:43:59.748  1337  1369 W ActivityManager: Slow operation: 200ms so far, now at startProcess: done updating battery stats
02-11 11:43:59.748  1337  1369 W ActivityManager: Slow operation: 200ms so far, now at startProcess: building log message
02-11 11:43:59.748  1337  1369 I ActivityManager: Start proc 1879:com.qualcomm.qti.telephonyservice/1001 for added application com.qualcomm.qti.telephonyservice
02-11 11:43:59.748  1337  1369 W ActivityManager: Slow operation: 200ms so far, now at startProcess: starting to update pids map
02-11 11:43:59.748  1337  1369 W ActivityManager: Slow operation: 200ms so far, now at startProcess: done updating pids map
02-11 11:43:59.748  1337  1369 W ActivityManager: Slow operation: 200ms so far, now at startProcess: asking zygote to start proc
02-11 11:43:59.750  1337  1559 W CameraService_proxy: Could not notify cameraserver, camera service not available.
02-11 11:43:59.750  1337  1559 I CameraService_proxy: Could not notify camera service of user switch, retrying...
02-11 11:43:59.751  1337  1359 W Looper  : Slow dispatch took 233ms android.fg h=com.android.server.location.GnssLocationProvider$ProviderHandler c=null m=13
02-11 11:43:59.751  1337  1359 W Looper  : Slow delivery took 237ms android.fg h=com.android.server.location.GnssLocationProvider$ProviderHandler c=com.android.server.location.-$$Lambda$5U-_NhZgxqnYDZhpyacq4qBxh8k@513c7b7 m=0
02-11 11:43:59.752  1337  1359 W LocationProviderProxy: Odd, no component found for service com.android.location.service.v3.NetworkLocationProvider
02-11 11:43:59.752  1337  1337 D ConditionProviders.SCP: onConnected
02-11 11:43:59.752  1337  1359 W GeocoderProxy: Odd, no component found for service com.android.location.service.GeocodeProvider
02-11 11:43:59.753  1337  1359 W GeofenceProxy: Odd, no component found for service com.android.location.service.GeofenceProvider
02-11 11:43:59.753  1337  1359 W ActivityRecognitionProxy: Odd, no component found for service com.android.location.service.ActivityRecognitionProvider
02-11 11:43:59.753  1337  1337 V SettingsProvider: Notifying for 0: content://settings/secure/zen_settings_updated
02-11 11:43:59.753  1337  1337 D ConditionProviders: Subscribing to condition://android/event?userId=-10000&calendar=&reply=1 with ComponentInfo{android/com.android.server.notification.EventConditionProvider}
02-11 11:43:59.753  1337  1337 D ConditionProviders: Subscribing to condition://android/schedule?days=1.2.3.4.5.6.7&start=22.0&end=7.0&exitAtAlarm=true with ComponentInfo{android/com.android.server.notification.ScheduleConditionProvider}
02-11 11:43:59.753  1337  1337 V FaceService: mDaemon was null, reconnect to face
02-11 11:43:59.754  1337  1337 W FaceService: face HIDL not available
02-11 11:43:59.755  1337  1337 V SettingsProvider: Notifying for 0: content://settings/secure/location_mode
02-11 11:43:59.755  1337  1337 V SettingsProvider: Notifying for 0: content://settings/global/location_global_kill_switch
02-11 11:43:59.756  1337  1359 W LocationProviderProxy: Odd, no component found for service com.android.location.service.v3.NetworkLocationProvider
02-11 11:43:59.756  1337  1359 W GeocoderProxy: Odd, no component found for service com.android.location.service.GeocodeProvider
02-11 11:43:59.756  1337  1359 W GeofenceProxy: Odd, no component found for service com.android.location.service.GeofenceProvider
02-11 11:43:59.756  1337  1359 W ActivityRecognitionProxy: Odd, no component found for service com.android.location.service.ActivityRecognitionProvider
02-11 11:43:59.756  1337  1359 W Looper  : Drained
02-11 11:43:59.759  1337  1369 W ActivityManager: Slow operation: 211ms so far, now at startProcess: returned from zygote!
02-11 11:43:59.759  1337  1369 W ActivityManager: Slow operation: 211ms so far, now at startProcess: done updating battery stats
02-11 11:43:59.759  1337  1369 W ActivityManager: Slow operation: 211ms so far, now at startProcess: building log message
02-11 11:43:59.759  1337  1369 I ActivityManager: Start proc 1894:com.android.phone/1001 for added application com.android.phone
02-11 11:43:59.759  1337  1369 W ActivityManager: Slow operation: 211ms so far, now at startProcess: starting to update pids map
02-11 11:43:59.759  1337  1369 W ActivityManager: Slow operation: 211ms so far, now at startProcess: done updating pids map
02-11 11:43:59.771  1337  1559 W CameraService_proxy: Could not notify cameraserver, camera service not available.
02-11 11:43:59.771  1337  1559 I CameraService_proxy: Could not notify camera service of user switch, retrying...
02-11 11:43:59.779  1337  1369 I ActivityManager: Start proc 1925:com.android.settings/1000 for activity {com.android.settings/com.android.settings.FallbackHome}
02-11 11:43:59.785  1337  1355 I ActivityTaskManager: Config changes=4100 {1.0 ?mcc?mnc [ko_KR] ldltr sw392dp w392dp h750dp 440dpi nrml long hdr widecg port finger -keyb/v/h -nav/h winConfig={ mBounds=Rect(0, 0 - 1080, 2280) mAppBounds=Rect(0, 0 - 1080, 2148) mWindowingMode=fullscreen mDisplayWindowingMode=fullscreen mActivityType=undefined mAlwaysOnTop=undefined mRotation=ROTATION_0} s.8}
02-11 11:43:59.791  1337  1559 W CameraService_proxy: Could not notify cameraserver, camera service not available.
02-11 11:43:59.791  1337  1559 I CameraService_proxy: Could not notify camera service of user switch, retrying...
02-11 11:43:59.794  1337  1355 I ActivityTaskManager: Override config changes=4100 {1.0 ?mcc?mnc [ko_KR] ldltr sw392dp w392dp h750dp 440dpi nrml long hdr widecg port finger -keyb/v/h -nav/h winConfig={ mBounds=Rect(0, 0 - 1080, 2280) mAppBounds=Rect(0, 0 - 1080, 2148) mWindowingMode=fullscreen mDisplayWindowingMode=fullscreen mActivityType=undefined mAlwaysOnTop=undefined mRotation=ROTATION_0} s.8} for displayId=0
02-11 11:43:59.812  1337  1559 W CameraService_proxy: Could not notify cameraserver, camera service not available.
02-11 11:43:59.812  1337  1559 I CameraService_proxy: Could not notify camera service of user switch, retrying...
02-11 11:43:59.815  1337  1337 D BluetoothManagerService: Creating new ProfileServiceConnections object for profile: 1
02-11 11:43:59.815  1337  1337 D BluetoothManagerService: Unable to bindService while Bluetooth is disabled
02-11 11:43:59.816  1337  1954 I Telecom : BluetoothRouteManager: getBluetoothAudioConnectedDevice: no service available.
02-11 11:43:59.817  1337  1337 I Telecom : SystemStateHelper: Registering car mode receiver: android.content.IntentFilter@c30acb2: TS.init@AAA
02-11 11:43:59.820  1337  1958 I Telecom : Logging.Events: Non-call EVENT: AUDIO_ROUTE, Entering state QuiescentEarpieceRoute
02-11 11:43:59.820  1337  1958 I Telecom : BluetoothRouteManager: getBluetoothAudioConnectedDevice: no service available.
02-11 11:43:59.822  1337  1959 I Telecom : CallAudioModeStateMachine: Message received: null.: TS.init->CAMSM.pM_1@AAA
02-11 11:43:59.823  1661  1661 D SystemUIBootTiming: DependencyInjection took to complete: 18ms
02-11 11:43:59.823  1337  1337 I Telecom : MissedCallNotifierImpl: reloadFromDatabase: Boot not yet complete -- call log db may not be available. Deferring loading until boot complete for user 0: TS.init@AAA
02-11 11:43:59.823  1337  1337 D BluetoothManagerService: Creating new ProfileServiceConnections object for profile: 1
02-11 11:43:59.823  1337  1337 D BluetoothManagerService: Unable to bindService while Bluetooth is disabled
02-11 11:43:59.824  1337  1337 I Telecom : Class: TelecomSystem.INSTANCE being set
02-11 11:43:59.825  1337  1337 W ContextImpl: Calling a method in the system process without a qualified user: android.app.ContextImpl.startService:1570 android.content.ContextWrapper.startService:669 com.android.server.telecom.components.TelecomService.initializeTelecomSystem:196 com.android.server.telecom.components.TelecomService.onBind:71 android.app.ActivityThread.handleBindService:3980 
02-11 11:43:59.825  1337  1337 D PackageWatchdog: Getting all observed packages pending health checks
02-11 11:43:59.825  1337  1337 I PackageWatchdog: Syncing health check requests for packages: {}
02-11 11:43:59.825  1337  1337 I ExplicitHealthCheckController: Service not ready to get health check supported packages. Binding...
02-11 11:43:59.826  1337  1337 I ExplicitHealthCheckController: Explicit health check service is bound
02-11 11:43:59.826  1337  1337 V SettingsProvider: Notifying for 0: content://settings/global/boot_count
02-11 11:43:59.826  1337  1337 D BluetoothManagerService: Bluetooth Adapter name changed to AOSP on flame
02-11 11:43:59.826  1337  1337 D BluetoothManagerService: Stored Bluetooth name: AOSP on flame
02-11 11:43:59.827  1337  1337 V SettingsProvider: Notifying for 0: content://settings/secure/location_providers_allowed
02-11 11:43:59.827  1337  1337 D BluetoothManagerService: BluetoothServiceConnection: com.android.bluetooth.btservice.AdapterService
02-11 11:43:59.828  1337  1361 D BluetoothManagerService: MESSAGE_BLUETOOTH_SERVICE_CONNECTED: 1
02-11 11:43:59.829  1337  1337 E TrustManagerService: EXTRA_USER_HANDLE missing or invalid, value=0
02-11 11:43:59.830  1661  1661 D SystemUIBootTiming: StartServicescom.android.systemui.util.NotificationChannels took to complete: 5ms
02-11 11:43:59.830  1337  1361 D BluetoothManagerService: Broadcasting onBluetoothServiceUp() to 2 receivers.
02-11 11:43:59.830  1337  1368 I DropBoxManagerService: add tag=system_server_wtf isTagEnabled=true flags=0x2
02-11 11:43:59.832  1337  1559 W CameraService_proxy: Could not notify cameraserver, camera service not available.
02-11 11:43:59.832  1337  1559 I CameraService_proxy: Could not notify camera service of user switch, retrying...
02-11 11:43:59.833  1661  1661 D SystemUIBootTiming: StartServicescom.android.systemui.statusbar.CommandQueue$CommandQueueStart took to complete: 3ms
02-11 11:43:59.835  1337  1361 D BluetoothManagerService: MESSAGE_BLUETOOTH_STATE_CHANGE: OFF > BLE_TURNING_ON
02-11 11:43:59.835  1337  1361 D BluetoothManagerService: Sending BLE State Change: OFF > BLE_TURNING_ON
02-11 11:43:59.836  1337  1369 I ActivityManager: Start proc 1963:android.ext.services/u0a68 for service {android.ext.services/android.ext.services.watchdog.ExplicitHealthCheckServiceImpl}
02-11 11:43:59.841  1337  1859 V FaceService: mDaemon was null, reconnect to face
02-11 11:43:59.842  1337  1859 W FaceService: face HIDL not available
02-11 11:43:59.842  1337  1691 V FaceService: mDaemon was null, reconnect to face
02-11 11:43:59.843  1337  1691 W FaceService: face HIDL not available
02-11 11:43:59.852  1337  1559 W CameraService_proxy: Could not notify cameraserver, camera service not available.
02-11 11:43:59.852  1337  1559 I CameraService_proxy: Could not notify camera service of user switch, retrying...
02-11 11:43:59.874  1337  1559 W CameraService_proxy: Could not notify cameraserver, camera service not available.
02-11 11:43:59.874  1337  1559 I CameraService_proxy: Could not notify camera service of user switch, retrying...
02-11 11:43:59.881  1661  1661 D SystemUIBootTiming: StartServicescom.android.systemui.keyguard.KeyguardViewMediator took to complete: 48ms
02-11 11:43:59.887  1661  1661 D SystemUIBootTiming: StartServicescom.android.systemui.recents.Recents took to complete: 6ms
02-11 11:43:59.895  1337  1559 W CameraService_proxy: Could not notify cameraserver, camera service not available.
02-11 11:43:59.895  1337  1559 I CameraService_proxy: Could not notify camera service of user switch, retrying...
02-11 11:43:59.898  1337  1369 I ActivityManager: Start proc 2022:com.android.launcher3/u0a98 for service {com.android.launcher3/com.android.quickstep.TouchInteractionService}
02-11 11:43:59.915  1337  1559 W CameraService_proxy: Could not notify cameraserver, camera service not available.
02-11 11:43:59.915  1337  1559 I CameraService_proxy: Could not notify camera service of user switch, retrying...
02-11 11:43:59.935  1337  1559 W CameraService_proxy: Could not notify cameraserver, camera service not available.
02-11 11:43:59.935  1337  1559 I CameraService_proxy: Could not notify camera service of user switch, retrying...
02-11 11:43:59.944  1337  1337 D AccessibilityManagerService: Ignoring non-encryption-aware service ComponentInfo{com.kakao.talk/com.kakao.talk.talkpass.accessibility.TalkPassAccessibilityService}
02-11 11:43:59.945  1337  1337 W Looper  : Slow dispatch took 115ms main h=android.app.ActivityThread$H c=android.app.-$$Lambda$LoadedApk$ReceiverDispatcher$Args$_BumDX2UKsnxLVrE6UJsJZkotuA@9d8b44a m=0
02-11 11:43:59.946  1337  1337 V NotificationListeners: enabling notification listener for 0: ComponentInfo{com.android.launcher3/com.android.launcher3.notification.NotificationListener}
02-11 11:43:59.946  1337  1337 V NotificationListeners: binding: Intent { act=android.service.notification.NotificationListenerService cmp=com.android.launcher3/.notification.NotificationListener (has extras) }
02-11 11:43:59.947  1337  1337 W ActivityManager: Unable to start service Intent { act=android.service.notification.NotificationListenerService cmp=com.android.launcher3/.notification.NotificationListener } U=0: not found
02-11 11:43:59.947  1337  1337 W NotificationListeners: Unable to bind notification listener service: Intent { act=android.service.notification.NotificationListenerService cmp=com.android.launcher3/.notification.NotificationListener (has extras) } in user 0
02-11 11:43:59.947  1337  1337 V NotificationAssistants: enabling notification assistant for 0: ComponentInfo{android.ext.services/android.ext.services.notification.Assistant}
02-11 11:43:59.947  1337  1337 V NotificationAssistants: binding: Intent { act=android.service.notification.NotificationAssistantService cmp=android.ext.services/.notification.Assistant (has extras) }
02-11 11:43:59.955  1337  1361 I DropBoxManagerService: add tag=system_app_strictmode isTagEnabled=true flags=0x2
02-11 11:43:59.956  1337  1559 W CameraService_proxy: Could not notify cameraserver, camera service not available.
02-11 11:43:59.956  1337  1559 I CameraService_proxy: Could not notify camera service of user switch, retrying...
02-11 11:43:59.958  1337  1361 I DropBoxManagerService: add tag=system_app_strictmode isTagEnabled=true flags=0x2
02-11 11:43:59.966  1337  1361 I chatty  : uid=1000(system) FinalizerWatchd identical 1 line
02-11 11:43:59.972  1337  1361 I DropBoxManagerService: add tag=system_app_strictmode isTagEnabled=true flags=0x2
02-11 11:43:59.976  1337  1559 W CameraService_proxy: Could not notify cameraserver, camera service not available.
02-11 11:43:59.976  1337  1559 I CameraService_proxy: Could not notify camera service of user switch, retrying...
02-11 11:43:59.983  1337  1337 W BroadcastQueue: Background execution not allowed: receiving Intent { act=android.location.PROVIDERS_CHANGED flg=0x10 (has extras) } to com.google.android.gms/.chimera.GmsIntentOperationService$PersistentTrustedReceiver
02-11 11:43:59.984  1337  1368 W BroadcastQueue: Background execution not allowed: receiving Intent { act=android.location.PROVIDERS_CHANGED flg=0x10 (has extras) } to com.google.android.gms/.chimera.GmsIntentOperationService$PersistentTrustedReceiver
02-11 11:43:59.984  1337  1368 W BroadcastQueue: Background execution not allowed: receiving Intent { act=android.location.PROVIDERS_CHANGED flg=0x10 (has extras) } to com.google.android.gms/.chimera.GmsIntentOperationService$PersistentTrustedReceiver
02-11 11:43:59.984  1337  1368 W BroadcastQueue: Background execution not allowed: receiving Intent { act=android.location.MODE_CHANGED flg=0x10 } to com.google.android.gms/.chimera.GmsIntentOperationService$PersistentTrustedReceiver
02-11 11:43:59.984  1337  1368 W BroadcastQueue: Background execution not allowed: receiving Intent { act=android.location.PROVIDERS_CHANGED flg=0x10 (has extras) } to com.google.android.gms/.chimera.GmsIntentOperationService$PersistentTrustedReceiver
02-11 11:43:59.985  1337  1337 V SettingsProvider: Notifying for 0: content://settings/secure/location_providers_allowed
02-11 11:43:59.985  1337  1359 D UsbDeviceManager: push notification:이 기기를 USB로 충전 중
02-11 11:43:59.993  1661  1661 D SystemUIBootTiming: StartServicescom.android.systemui.volume.VolumeUI took to complete: 107ms
02-11 11:43:59.996  1337  1559 W CameraService_proxy: Could not notify cameraserver, camera service not available.
02-11 11:43:59.996  1337  1559 I CameraService_proxy: Could not notify camera service of user switch, retrying...
02-11 11:44:00.003  1661  1661 D SystemUIBootTiming: StartServicescom.android.systemui.stackdivider.Divider took to complete: 10ms
02-11 11:44:00.005  1337  1362 W KeyguardServiceDelegate: onScreenTurningOn(): no keyguard service!
02-11 11:44:00.008  1337  1369 I ActivityManager: Start proc 2085:com.android.inputmethod.latin/u0a117 for service {com.android.inputmethod.latin/com.android.inputmethod.latin.LatinIME}
02-11 11:44:00.015  1337  1559 W CameraService_proxy: Could not notify cameraserver, camera service not available.
02-11 11:44:00.016  1337  1559 I CameraService_proxy: Could not notify camera service of user switch, retrying...
02-11 11:44:00.026  1337  1355 D ConnectivityService: requestNetwork for uid/pid:10106/1661 NetworkRequest [ TRACK_DEFAULT id=12, [ Capabilities: INTERNET&NOT_RESTRICTED&TRUSTED Uid: 10106] ]
02-11 11:44:00.036  1337  1559 W CameraService_proxy: Could not notify cameraserver, camera service not available.
02-11 11:44:00.036  1337  1559 I CameraService_proxy: Could not notify camera service of user switch, retrying...
02-11 11:44:00.050  1337  1355 I StatusBarManagerService: registerStatusBar bar=com.android.internal.statusbar.IStatusBar$Stub$Proxy@1818cab
02-11 11:44:00.052  1337  1337 D ConditionProviders.SCP: onSubscribe condition://android/schedule?days=1.2.3.4.5.6.7&start=22.0&end=7.0&exitAtAlarm=true
02-11 11:44:00.052  1337  1337 D ConditionProviders.SCP: setRegistered true
02-11 11:44:00.054  1337  1492 E ActivityThread: Failed to find provider info for com.android.calendar
02-11 11:44:00.054  1337  1492 E ActivityThread: Failed to find provider info for com.android.calendar
02-11 11:44:00.056  1337  1559 W CameraService_proxy: Could not notify cameraserver, camera service not available.
02-11 11:44:00.056  1337  1559 I CameraService_proxy: Could not notify camera service of user switch, retrying...
02-11 11:44:00.059  1337  1337 D ConditionProviders.SCP: evaluateSubscriptionLocked cal=ScheduleCalendar[mDays={1, 2, 3, 4, 5, 6, 7}, mSchedule=ScheduleInfo{days=[1, 2, 3, 4, 5, 6, 7], startHour=22, startMinute=0, endHour=7, endMinute=0, exitAtAlarm=true, nextAlarm=Thu Jan 01 09:00:00 GMT+09:00 1970 (0)}], now=Fri Feb 11 11:44:00 GMT+09:00 2022 (1644547440052), nextUserAlarmTime=Thu Jan 01 09:00:00 GMT+09:00 1970 (0)
02-11 11:44:00.059  1337  1337 D ConditionProviders.SCP: notifyCondition condition://android/schedule?days=1.2.3.4.5.6.7&start=22.0&end=7.0&exitAtAlarm=true STATE_FALSE reason=!meetsSchedule
02-11 11:44:00.060  1337  1337 D ConditionProviders.SCP: Scheduling evaluate for Fri Feb 11 22:00:00 GMT+09:00 2022 (1644584400000), in +10h15m59s948ms, now=Fri Feb 11 11:44:00 GMT+09:00 2022 (1644547440052)
02-11 11:44:00.064  1337  1337 I Telecom : WiredHeadsetManager: ACTION_HEADSET_PLUG event, plugged in: false, : WHC.oADA@AAE
02-11 11:44:00.071  1337  1337 D AutofillManagerService: Restriction did not change for user 0
02-11 11:44:00.071  1337  1337 I ExplicitHealthCheckController: Explicit health check service is connected ComponentInfo{android.ext.services/android.ext.services.watchdog.ExplicitHealthCheckServiceImpl}
02-11 11:44:00.071  1337  1337 I ExplicitHealthCheckController: Service initialized, syncing requests
02-11 11:44:00.071  1337  1362 W UsageStatsService: Event reported without a package name, eventType:17
02-11 11:44:00.071  1337  1691 D ActivityTaskManager: Top Process State changed to PROCESS_STATE_TOP_SLEEPING
02-11 11:44:00.072  1337  1337 V NotificationAssistants: 0 notification assistant service connected: ComponentInfo{android.ext.services/android.ext.services.notification.Assistant}
02-11 11:44:00.075  1337  1337 W Looper  : Drained
02-11 11:44:00.075  1337  1337 D PackageWatchdog: Getting all observed packages pending health checks
02-11 11:44:00.075  1337  1337 I PackageWatchdog: Syncing health check requests for packages: {}
02-11 11:44:00.075  1337  1337 D ExplicitHealthCheckController: Getting health check supported packages
02-11 11:44:00.076  1337  1559 W CameraService_proxy: Could not notify cameraserver, camera service not available.
02-11 11:44:00.076  1337  1559 I CameraService_proxy: Could not notify camera service of user switch, retrying...
02-11 11:44:00.077  1337  1864 I ExplicitHealthCheckController: Explicit health check supported packages [PackageConfig{com.android.networkstack, 3600000}]
02-11 11:44:00.077  1337  1864 D PackageWatchdog: Received supported packages [PackageConfig{com.android.networkstack, 3600000}]
02-11 11:44:00.077  1337  1864 D ExplicitHealthCheckController: Getting health check requested packages
02-11 11:44:00.077  1337  1355 I ExplicitHealthCheckController: Explicit health check requested packages []
02-11 11:44:00.078  1337  1355 I ExplicitHealthCheckController: No more health check requests, unbinding...
02-11 11:44:00.078  1894  1894 E SystemConfig: SystemConfig is being accessed by a process other than system_server.
02-11 11:44:00.079  1894  1894 I SystemConfig: Adding association: com.google.android.as <- com.android.providers.contacts
02-11 11:44:00.079  1894  1894 I SystemConfig: Adding association: com.google.android.as <- com.android.providers.media
02-11 11:44:00.079  1894  1894 I SystemConfig: Adding association: com.google.android.as <- com.android.providers.telephony
02-11 11:44:00.079  1894  1894 I SystemConfig: Adding association: com.google.android.as <- com.android.systemui
02-11 11:44:00.079  1894  1894 I SystemConfig: Adding association: com.google.android.as <- com.google.android.gms
02-11 11:44:00.079  1894  1894 I SystemConfig: Adding association: com.google.android.as <- com.google.android.gsf
02-11 11:44:00.082  1337  1355 I ExplicitHealthCheckController: Explicit health check service is unbound
02-11 11:44:00.084  1337  2151 I DropBoxManagerService: add tag=system_app_wtf isTagEnabled=true flags=0x2
02-11 11:44:00.094  1337  1361 I DropBoxManagerService: add tag=system_app_strictmode isTagEnabled=true flags=0x2
02-11 11:44:00.096  1337  1361 I DropBoxManagerService: add tag=system_app_strictmode isTagEnabled=true flags=0x2
02-11 11:44:00.096  1337  1559 W CameraService_proxy: Could not notify cameraserver, camera service not available.
02-11 11:44:00.096  1337  1559 I CameraService_proxy: Could not notify camera service of user switch, retrying...
02-11 11:44:00.114  1894  1894 W SystemConfig: No directory /product/etc/sysconfig, skipping
02-11 11:44:00.117  1337  1559 W CameraService_proxy: Could not notify cameraserver, camera service not available.
02-11 11:44:00.117  1337  1559 I CameraService_proxy: Could not notify camera service of user switch, retrying...
02-11 11:44:00.121  1894  1894 W SystemConfig: No directory /product_services/etc/sysconfig, skipping
02-11 11:44:00.121  1894  1894 W SystemConfig: No directory /product_services/etc/permissions, skipping
02-11 11:44:00.131  1337  1484 D ConnectivityService: Got NetworkFactory Messenger for PhoneSwitcherNetworkRequstListener
02-11 11:44:00.134  1337  1484 D ConnectivityService: Got NetworkFactory Messenger for TelephonyNetworkFactory[0]
02-11 11:44:00.137  1337  1559 W CameraService_proxy: Could not notify cameraserver, camera service not available.
02-11 11:44:00.137  1337  1559 I CameraService_proxy: Could not notify camera service of user switch, retrying...
02-11 11:44:00.138  1894  2173 E ActivityThread: Failed to find provider info for com.android.contacts
02-11 11:44:00.140  2085  2171 E ActivityThread: Failed to find provider info for user_dictionary
02-11 11:44:00.141  1337  1859 D BluetoothManagerService: Creating new ProfileServiceConnections object for profile: 1
02-11 11:44:00.141  1337  1859 D BluetoothManagerService: Unable to bindService while Bluetooth is disabled
02-11 11:44:00.145  1337  1691 D BluetoothManagerService: Creating new ProfileServiceConnections object for profile: 1
02-11 11:44:00.145  1337  1691 D BluetoothManagerService: Unable to bindService while Bluetooth is disabled
02-11 11:44:00.157  1337  1559 W CameraService_proxy: Could not notify cameraserver, camera service not available.
02-11 11:44:00.170  1661  1661 D SystemUIBootTiming: StartServicescom.android.systemui.SystemBars took to complete: 166ms
02-11 11:44:00.172  1661  1661 D SystemUIBootTiming: StartServicescom.android.systemui.usb.StorageNotification took to complete: 2ms
02-11 11:44:00.178  1661  1999 E ActivityThread: Failed to find provider info for com.android.contacts
02-11 11:44:00.178  1661  1661 D SystemUIBootTiming: StartServicescom.android.systemui.power.PowerUI took to complete: 7ms
02-11 11:44:00.180  1661  1661 D SystemUIBootTiming: StartServicescom.android.systemui.media.RingtonePlayer took to complete: 1ms
02-11 11:44:00.180  1661  1661 D SystemUIBootTiming: StartServicescom.android.systemui.keyboard.KeyboardUI took to complete: 1ms
02-11 11:44:00.186  1661  1661 D SystemUIBootTiming: StartServicescom.android.systemui.pip.PipUI took to complete: 5ms
02-11 11:44:00.186  1661  1661 D SystemUIBootTiming: StartServicescom.android.systemui.shortcut.ShortcutKeyDispatcher took to complete: 0ms
02-11 11:44:00.186  1661  1661 D SystemUIBootTiming: StartServicescom.android.systemui.VendorServices took to complete: 0ms
02-11 11:44:00.187  1661  1661 D SystemUIBootTiming: StartServicescom.android.systemui.util.leak.GarbageMonitor$Service took to complete: 0ms
02-11 11:44:00.188  1661  1661 D SystemUIBootTiming: StartServicescom.android.systemui.LatencyTester took to complete: 1ms
02-11 11:44:00.189  1661  1661 D SystemUIBootTiming: StartServicescom.android.systemui.globalactions.GlobalActionsComponent took to complete: 1ms
02-11 11:44:00.194  1661  1661 D SystemUIBootTiming: StartServicescom.android.systemui.ScreenDecorations took to complete: 5ms
02-11 11:44:00.194  1661  1661 D SystemUIBootTiming: StartServicescom.android.systemui.biometrics.BiometricDialogImpl took to complete: 0ms
02-11 11:44:00.194  1661  1661 D SystemUIBootTiming: StartServicescom.android.systemui.SliceBroadcastRelayHandler took to complete: 0ms
02-11 11:44:00.194  1661  1661 D SystemUIBootTiming: StartServicescom.android.systemui.SizeCompatModeActivityController took to complete: 1ms
02-11 11:44:00.195  1661  1661 D SystemUIBootTiming: StartServicescom.android.systemui.statusbar.notification.InstantAppNotifier took to complete: 1ms
02-11 11:44:00.198  1661  1661 D SystemUIBootTiming: StartServicescom.android.systemui.theme.ThemeOverlayController took to complete: 2ms
02-11 11:44:00.202  1661  1661 D SystemUIBootTiming: StartServices took to complete: 377ms
02-11 11:44:00.237  1337  1691 D ConnectivityService: requestNetwork for uid/pid:1001/1894 NetworkRequest [ TRACK_DEFAULT id=15, [ Capabilities: INTERNET&NOT_RESTRICTED&TRUSTED Uid: 1001] ]
02-11 11:44:00.249  1337  1369 I ActivityManager: Start proc 2228:com.android.cellbroadcastreceiver/u0a45 for broadcast {com.android.cellbroadcastreceiver/com.android.cellbroadcastreceiver.CellBroadcastReceiver}
02-11 11:44:00.296  1661  2128 E ActivityThread: Failed to find provider info for com.android.contacts
02-11 11:44:00.313  1661  2128 E ActivityThread: Failed to find provider info for com.android.contacts
02-11 11:44:00.317  1337  1355 I WifiService: WifiService trying to set country code to 
02-11 11:44:00.346  1894  1894 I TelecomFramework: : onSubscriptionsChanged - update accounts
02-11 11:44:00.346  1894  1894 I TelecomFramework: TelecomAccountRegistry: setupAccounts: Found 1 phones.  Attempting to register.
02-11 11:44:00.346  1894  1894 I TelecomFramework: TelecomAccountRegistry: setupAccounts: Phone with subscription id -1
02-11 11:44:00.346  1894  1894 I TelecomFramework: TelecomAccountRegistry: setupAccounts: adding default
02-11 11:44:00.353  1337  1355 V FaceService: mDaemon was null, reconnect to face
02-11 11:44:00.354  1337  1355 W FaceService: face HIDL not available
02-11 11:44:00.354  1337  1355 V FaceService: mDaemon was null, reconnect to face
02-11 11:44:00.354  1337  1355 W FaceService: face HIDL not available
02-11 11:44:00.355  1337  1355 I Telecom : PhoneAccountRegistrar: Modify account: [ComponentInfo{com.android.phone/com.android.services.telephony.TelephonyConnectionService}, ***, UserHandle{0}]: TSI.rPA@AAY
02-11 11:44:00.356  1337  1355 I Telecom : CallsManager: handlePhoneAccountChanged: phoneAccount=[[X] PhoneAccount: ComponentInfo{com.android.phone/com.android.services.telephony.TelephonyConnectionService}, ***, UserHandle{0} Capabilities: CallProvider MultiUser PlaceEmerg SimSub  Audio Routes: BESW Schemes: tel voicemail  Extras: Bundle[{android.telecom.extra.SUPPORTS_VIDEO_CALLING_FALLBACK=true}] GroupId: ***]: TSI.rPA@AAY
02-11 11:44:00.356  1894  1894 I TelecomFramework: AccountEntry: Registered phoneAccount: [[ ] PhoneAccount: ComponentInfo{com.android.phone/com.android.services.telephony.TelephonyConnectionService}, ***, UserHandle{0} Capabilities: CallProvider MultiUser PlaceEmerg SimSub  Audio Routes: BESW Schemes: tel voicemail  Extras: Bundle[{android.telecom.extra.SUPPORTS_VIDEO_CALLING_FALLBACK=true}] GroupId: ***] with handle: ComponentInfo{com.android.phone/com.android.services.telephony.TelephonyConnectionService}, ***, UserHandle{0}
02-11 11:44:00.356  1894  1894 I TelecomFramework: PstnIncomingCallNotifier: Registering: Handler (com.android.internal.telephony.GsmCdmaPhone) {b9f9e59}
02-11 11:44:00.372  1337  1369 I ActivityManager: Start proc 2289:com.google.android.gms.persistent/u0a52 for broadcast {com.google.android.gms/com.google.android.gms.chimera.GmsIntentOperationService$PersistentTrustedReceiver}
02-11 11:44:00.376  1337  1337 I Telecom : PhoneAccountRegistrar: getSimCallManager: SimCallManager for subId -1 queried, returning: null: TSI.gSCMFU@AAo
02-11 11:44:00.385  1894  1894 I TelecomFramework: PstnPhoneCapabilitiesNotifier: handleVideoCapabilitesChanged. Video capability - false
02-11 11:44:00.389  1337  1369 I ActivityManager: Start proc 2315:android.process.acore/u0a47 for content provider {com.android.providers.blockednumber/com.android.providers.blockednumber.BlockedNumberProvider}
02-11 11:44:00.391  1337  1355 I Telecom : PhoneAccountRegistrar: Modify account: [ComponentInfo{com.android.phone/com.android.services.telephony.TelephonyConnectionService}, ***, UserHandle{0}]: TSI.rPA@AAw
02-11 11:44:00.391  1337  1355 I Telecom : CallsManager: handlePhoneAccountChanged: phoneAccount=[[X] PhoneAccount: ComponentInfo{com.android.phone/com.android.services.telephony.TelephonyConnectionService}, ***, UserHandle{0} Capabilities: CallProvider MultiUser PlaceEmerg SimSub  Audio Routes: BESW Schemes: tel voicemail  Extras: Bundle[{android.telecom.extra.SUPPORTS_VIDEO_CALLING_FALLBACK=true}] GroupId: ***]: TSI.rPA@AAw
02-11 11:44:00.395  1894  1894 I TelecomFramework: : Carrier-config changed, checking for phone account updates.
02-11 11:44:00.396  1894  1894 I TelecomFramework: : onSubscriptionsChanged - update accounts
02-11 11:44:00.396  1894  1894 I TelecomFramework: PstnIncomingCallNotifier: Unregistering: Handler (com.android.internal.telephony.GsmCdmaPhone) {b9f9e59}
02-11 11:44:00.396  1894  1894 I TelecomFramework: TelecomAccountRegistry: setupAccounts: Found 1 phones.  Attempting to register.
02-11 11:44:00.396  1894  1894 I TelecomFramework: TelecomAccountRegistry: setupAccounts: Phone with subscription id -1
02-11 11:44:00.396  1894  1894 I TelecomFramework: TelecomAccountRegistry: setupAccounts: adding default
02-11 11:44:00.400  1337  1355 I Telecom : PhoneAccountRegistrar: Modify account: [ComponentInfo{com.android.phone/com.android.services.telephony.TelephonyConnectionService}, ***, UserHandle{0}]: TSI.rPA@AA0
02-11 11:44:00.400  1337  1355 I Telecom : CallsManager: handlePhoneAccountChanged: phoneAccount=[[X] PhoneAccount: ComponentInfo{com.android.phone/com.android.services.telephony.TelephonyConnectionService}, ***, UserHandle{0} Capabilities: CallProvider MultiUser PlaceEmerg SimSub  Audio Routes: BESW Schemes: tel voicemail  Extras: Bundle[{android.telecom.extra.SUPPORTS_VIDEO_CALLING_FALLBACK=true}] GroupId: ***]: TSI.rPA@AA0
02-11 11:44:00.401  1894  1894 I TelecomFramework: AccountEntry: Registered phoneAccount: [[ ] PhoneAccount: ComponentInfo{com.android.phone/com.android.services.telephony.TelephonyConnectionService}, ***, UserHandle{0} Capabilities: CallProvider MultiUser PlaceEmerg SimSub  Audio Routes: BESW Schemes: tel voicemail  Extras: Bundle[{android.telecom.extra.SUPPORTS_VIDEO_CALLING_FALLBACK=true}] GroupId: ***] with handle: ComponentInfo{com.android.phone/com.android.services.telephony.TelephonyConnectionService}, ***, UserHandle{0}
02-11 11:44:00.401  1894  1894 I TelecomFramework: PstnIncomingCallNotifier: Registering: Handler (com.android.internal.telephony.GsmCdmaPhone) {b9f9e59}
02-11 11:44:00.450  1894  1894 I TelecomFramework: PstnPhoneCapabilitiesNotifier: handleVideoCapabilitesChanged. Video capability - false
02-11 11:44:00.454  1337  1355 I Telecom : PhoneAccountRegistrar: Modify account: [ComponentInfo{com.android.phone/com.android.services.telephony.TelephonyConnectionService}, ***, UserHandle{0}]: TSI.rPA@ABI
02-11 11:44:00.456  1337  1355 I Telecom : CallsManager: handlePhoneAccountChanged: phoneAccount=[[X] PhoneAccount: ComponentInfo{com.android.phone/com.android.services.telephony.TelephonyConnectionService}, ***, UserHandle{0} Capabilities: CallProvider MultiUser PlaceEmerg SimSub  Audio Routes: BESW Schemes: tel voicemail  Extras: Bundle[{android.telecom.extra.SUPPORTS_VIDEO_CALLING_FALLBACK=true}] GroupId: ***]: TSI.rPA@ABI
02-11 11:44:00.480   577   577 E Cryptfs : cryptfs_get_password not valid for file encryption
02-11 11:44:00.481  1337  1355 V FaceService: mDaemon was null, reconnect to face
02-11 11:44:00.482  1337  1355 W FaceService: face HIDL not available
02-11 11:44:00.537  1337  1868 V FaceService: mDaemon was null, reconnect to face
02-11 11:44:00.538  1337  1868 W FaceService: face HIDL not available
02-11 11:44:00.541  1337  1355 V FaceService: mDaemon was null, reconnect to face
02-11 11:44:00.541  1337  1355 W FaceService: face HIDL not available
02-11 11:44:00.662  2289  2289 E ActivityThread: Failed to find provider info for com.google.android.gsf.gservices
02-11 11:44:00.768  2289  2289 I chatty  : uid=10052 com.google.android.gms.persistent identical 22 lines
02-11 11:44:00.784  2289  2289 E ActivityThread: Failed to find provider info for com.google.android.gsf.gservices
02-11 11:44:00.787  1337  1362 I WindowManager: ******* TELLING SURFACE FLINGER WE ARE BOOTED!
02-11 11:44:00.790  1337  1362 I ActivityManager: About to commit checkpoint
02-11 11:44:00.790  1337  1362 I SystemServiceManager: Starting phase 1000
02-11 11:44:00.791  1337  1378 V DisplayPowerController: Brightness [144] reason changing to: 'manual', previous reason: 'override'.
02-11 11:44:00.791  1337  1362 D TestHarnessModeService: Completing Test Harness Mode setup.
02-11 11:44:00.792  1337  1469 D StorageManagerService: Thinking about init, mBootCompleted=true, mDaemonConnected=true
02-11 11:44:00.792  1337  1469 D StorageManagerService: Thinking about reset, mBootCompleted=true, mDaemonConnected=true
02-11 11:44:00.792  1337  1368 I ActivityManager: Force stopping com.android.providers.media appid=10056 user=-1: vold reset
02-11 11:44:00.792  1337  1878 V StorageManagerService: Found primary storage at VolumeInfo{emulated}:
02-11 11:44:00.792  1337  1878 V StorageManagerService:     type=EMULATED diskId=null partGuid= mountFlags=0 mountUserId=-10000 
02-11 11:44:00.792  1337  1878 V StorageManagerService:     state=UNMOUNTED 
02-11 11:44:00.792  1337  1878 V StorageManagerService:     fsType=null fsUuid=null fsLabel=null 
02-11 11:44:00.792  1337  1878 V StorageManagerService:     path=null internalPath=null 
02-11 11:44:00.794   577   577 D vold    : Waiting for FUSE to spin up...
02-11 11:44:00.798  2289  2289 E ActivityThread: Failed to find provider info for com.google.android.gsf.gservices
02-11 11:44:00.799  2289  2289 I chatty  : uid=10052 com.google.android.gms.persistent identical 1 line
02-11 11:44:00.801  2289  2289 E ActivityThread: Failed to find provider info for com.google.android.gsf.gservices
02-11 11:44:00.803  1337  1362 D ActivityManager: Finishing user boot 0
02-11 11:44:00.803  1337  1362 I ActivityManager: User 0 state changed from BOOTING to RUNNING_LOCKED
02-11 11:44:00.805  1337  1362 D StorageManagerService: unlockUserKey: 0
02-11 11:44:00.805   577   770 D vold    : fscrypt_unlock_user_key 0 serial=0 token_present=0
02-11 11:44:00.806   577   770 D vold    : Skipping non-key .
02-11 11:44:00.806   577   770 D vold    : Skipping non-key ..
02-11 11:44:00.806   577   770 D vold    : Trying user CE key /data/misc/vold/user_keys/ce/0/current
02-11 11:44:00.806  2365  2365 W sdcard  : Device explicitly enabled sdcardfs
02-11 11:44:00.813   577   770 I vold    : List of Keymaster HALs found:
02-11 11:44:00.813   577   770 I vold    : Keymaster HAL #1: CitadelKeymaster from Google SecurityLevel: STRONGBOX HAL: android.hardware.keymaster@4.0::IKeymasterDevice/strongbox
02-11 11:44:00.813   577   770 I vold    : Keymaster HAL #2: Keymaster HAL: 4 from QTI SecurityLevel: TRUSTED_ENVIRONMENT HAL: android.hardware.keymaster@4.0::IKeymasterDevice/default
02-11 11:44:00.813   577   770 I vold    : Using Keymaster HAL: 4 from QTI for encryption.  Security level: TRUSTED_ENVIRONMENT, HAL: android.hardware.keymaster@4.0::IKeymasterDevice/default
02-11 11:44:00.828   577   770 D vold    : Successfully retrieved key
02-11 11:44:00.835   577   770 D vold    : Added key 358393669 (ext4:830f5bb9f7de1f74) to keyring 1047351909 in process 577
02-11 11:44:00.835   577   770 D vold    : Added key 467144554 (f2fs:830f5bb9f7de1f74) to keyring 1047351909 in process 577
02-11 11:44:00.835   577   770 D vold    : Added key 964359122 (fscrypt:830f5bb9f7de1f74) to keyring 1047351909 in process 577
02-11 11:44:00.835   577   770 D vold    : Installed ce key for user 0
02-11 11:44:00.835  1337  1362 D ActivityManager: UserController event: finishUserUnlocking(0)
02-11 11:44:00.835  1337  1362 D ActivityManager: Started unlocking user 0
02-11 11:44:00.835  1337  1362 D ActivityManager: Unlocking user 0 progress 0
02-11 11:44:00.835  1337  1362 D ActivityManager: Unlocking user 0 progress 5
02-11 11:44:00.835   577   770 D vold    : fscrypt_prepare_user_storage for volume null, user 0, serial 0, flags 2
02-11 11:44:00.835   577   770 D vold    : Preparing: /data/system_ce/0
02-11 11:44:00.835   577   770 D vold    : Preparing: /data/misc_ce/0
02-11 11:44:00.835   577   770 D vold    : Preparing: /data/vendor_ce/0
02-11 11:44:00.836   577   770 D vold    : Preparing: /data/media/0
02-11 11:44:00.836   577   770 D vold    : Preparing: /data/data
02-11 11:44:00.836   577   770 I vold    : Found policy 830f5bb9f7de1f74 at /data/system_ce/0 which matches expected value
02-11 11:44:00.836   577   770 I vold    : Found policy 830f5bb9f7de1f74 at /data/misc_ce/0 which matches expected value
02-11 11:44:00.836   577   770 I vold    : Found policy 830f5bb9f7de1f74 at /data/vendor_ce/0 which matches expected value
02-11 11:44:00.837  1337  1361 I DropBoxManagerService: add tag=system_server_strictmode isTagEnabled=true flags=0x2
02-11 11:44:00.837   577   770 I vold    : Found policy 830f5bb9f7de1f74 at /data/media/0 which matches expected value
02-11 11:44:00.837   577   770 I vold    : Found policy 830f5bb9f7de1f74 at /data/data which matches expected value
02-11 11:44:00.837   577   770 D vold    : Starting restorecon of /data/system_ce/0
02-11 11:44:00.838  1337  1361 I DropBoxManagerService: add tag=system_server_strictmode isTagEnabled=true flags=0x2
02-11 11:44:00.839  1337  1362 D ColorDisplayService: setUp: currentUser=0
02-11 11:44:00.839  1337  1361 I DropBoxManagerService: add tag=system_server_strictmode isTagEnabled=true flags=0x2
02-11 11:44:00.842  1337  1361 I chatty  : uid=1000(system) FinalizerWatchd identical 3 lines
02-11 11:44:00.844  1337  1361 I DropBoxManagerService: add tag=system_server_strictmode isTagEnabled=true flags=0x2
02-11 11:44:00.844   577   597 D vold    : Disk at 7:9 changed
02-11 11:44:00.844  2289  2289 E ActivityThread: Failed to find provider info for com.google.android.gsf.gservices
02-11 11:44:00.845  2289  2289 E ActivityThread: Failed to find provider info for com.google.android.gsf.gservices
02-11 11:44:00.845  1337  1361 I DropBoxManagerService: add tag=system_server_strictmode isTagEnabled=true flags=0x2
02-11 11:44:00.846  1337  1361 I chatty  : uid=1000(system) FinalizerWatchd identical 1 line
02-11 11:44:00.847  1337  1361 I DropBoxManagerService: add tag=system_server_strictmode isTagEnabled=true flags=0x2
02-11 11:44:00.850  2289  2289 E ActivityThread: Failed to find provider info for com.google.android.gsf.gservices
02-11 11:44:00.866  2289  2289 I chatty  : uid=10052 com.google.android.gms.persistent identical 10 lines
02-11 11:44:00.866  2289  2289 E ActivityThread: Failed to find provider info for com.google.android.gsf.gservices
02-11 11:44:00.883   577   770 D vold    : Finished restorecon of /data/system_ce/0
02-11 11:44:00.883   577   770 D vold    : Starting restorecon of /data/vendor_ce/0
02-11 11:44:00.886  1337  1362 D ColorDisplayService: onNightDisplayAutoModeChanged: autoMode=0
02-11 11:44:00.886  1337  1362 I ColorDisplayService: Turning off night display
02-11 11:44:00.888  1337  1362 D ColorDisplayService: setDisplayWhiteBalanceTemperatureMatrix: cct = 6700 matrix = 
02-11 11:44:00.888  1337  1362 D ColorDisplayService:        0.982261-0.000392 0.000072 0.000000 0.016672 0.958703-0.000234 0.000000 0.000646-0.001085 1.000162 0.000000 0.000000 0.000000 0.000000 1.000000
02-11 11:44:00.910   577   770 D vold    : Finished restorecon of /data/vendor_ce/0
02-11 11:44:00.910   577   770 D vold    : Starting restorecon of /data/misc_ce/0
02-11 11:44:00.914   577   770 D vold    : Finished restorecon of /data/misc_ce/0
02-11 11:44:00.914   577   770 D vold    : /system/bin/vold_prepare_subdirs
02-11 11:44:00.914   577   770 D vold    :     prepare
02-11 11:44:00.914   577   770 D vold    :     
02-11 11:44:00.914   577   770 D vold    :     0
02-11 11:44:00.914   577   770 D vold    :     2
02-11 11:44:00.939  2289  2289 E ActivityThread: Failed to find provider info for com.google.android.gsf.gservices
02-11 11:44:00.945  2289  2289 I chatty  : uid=10052 com.google.android.gms.persistent identical 2 lines
02-11 11:44:00.945  2289  2289 E ActivityThread: Failed to find provider info for com.google.android.gsf.gservices
02-11 11:44:00.947  1337  1359 V UserDataPreparer: Found /data/user/0 with serial number 0
02-11 11:44:00.947  1337  1359 V UserDataPreparer: Found /data/system_ce/0 with serial number 0
02-11 11:44:00.947  1337  1359 D UserDataPreparer: Setting property: sys.user.0.ce_available=true
02-11 11:44:00.949  2289  2289 E ActivityThread: Failed to find provider info for com.google.android.gsf.gservices
02-11 11:44:00.949  1337  1359 V PackageManager: reconcileAppsData for null u0 0x2 migrateAppData=false
02-11 11:44:00.949  2289  2289 E ActivityThread: Failed to find provider info for com.google.android.gsf.gservices
02-11 11:44:00.954  2289  2289 I chatty  : uid=10052 com.google.android.gms.persistent identical 6 lines
02-11 11:44:00.954  2289  2289 E ActivityThread: Failed to find provider info for com.google.android.gsf.gservices
02-11 11:44:00.955  1337  1868 I WifiService: WifiService trying to set country code to kr
02-11 11:44:00.955  2289  2289 E ActivityThread: Failed to find provider info for com.google.android.gsf.gservices
02-11 11:44:00.968  2289  2289 I chatty  : uid=10052 com.google.android.gms.persistent identical 4 lines
02-11 11:44:00.969  2289  2289 E ActivityThread: Failed to find provider info for com.google.android.gsf.gservices
02-11 11:44:00.973  2289  2406 E ActivityThread: Failed to find provider info for com.google.android.gsf.gservices
02-11 11:44:00.974  2289  2406 E ActivityThread: Failed to find provider info for com.google.android.gsf.gservices
02-11 11:44:00.997  1894  1894 I TelecomFramework: : onSubscriptionsChanged - update accounts
