02-11 11:43:59.173  1337  1337 I PackageManager: Un-granting permission android.permission.MANAGE_DOCUMENTS from package com.adsk.sketchbook (protectionLevel=262146 flags=0x3098be44)
02-11 11:43:59.173  1337  1337 I PackageManager: Un-granting permission android.permission.CONNECTIVITY_USE_RESTRICTED_NETWORKS from package com.android.captiveportallogin (protectionLevel=18 flags=0x38c8be45)
02-11 11:43:59.173  1337  1337 I PackageManager: Un-granting permission android.permission.NETWORK_BYPASS_PRIVATE_DNS from package com.android.captiveportallogin (protectionLevel=2 flags=0x38c8be45)
02-11 11:43:59.178  1337  1380 E DefaultPermGrantPolicy: PackageNot found: com.google.android.projection.gearhead
02-11 11:43:59.178  1337  1380 E DefaultPermGrantPolicy: android.content.pm.PackageManager$NameNotFoundException: com.google.android.projection.gearhead
02-11 11:43:59.178  1337  1380 E DefaultPermGrantPolicy: 	at android.app.ApplicationPackageManager.getPackageInfoAsUser(ApplicationPackageManager.java:190)
02-11 11:43:59.178  1337  1380 E DefaultPermGrantPolicy: 	at android.app.ApplicationPackageManager.getPackageInfo(ApplicationPackageManager.java:159)
02-11 11:43:59.178  1337  1380 E DefaultPermGrantPolicy: 	at com.android.server.pm.permission.DefaultPermissionGrantPolicy.getPackageInfo(DefaultPermissionGrantPolicy.java:1317)
02-11 11:43:59.178  1337  1380 E DefaultPermGrantPolicy: 	at com.android.server.pm.permission.DefaultPermissionGrantPolicy.getSystemPackageInfo(DefaultPermissionGrantPolicy.java:1304)
02-11 11:43:59.178  1337  1380 E DefaultPermGrantPolicy: 	at com.android.server.pm.permission.DefaultPermissionGrantPolicy.parseExceptions(DefaultPermissionGrantPolicy.java:1488)
02-11 11:43:59.178  1337  1380 E DefaultPermGrantPolicy: 	at com.android.server.pm.permission.DefaultPermissionGrantPolicy.parse(DefaultPermissionGrantPolicy.java:1465)
02-11 11:43:59.178  1337  1380 E DefaultPermGrantPolicy: 	at com.android.server.pm.permission.DefaultPermissionGrantPolicy.readDefaultPermissionExceptionsLocked(DefaultPermissionGrantPolicy.java:1446)
02-11 11:43:59.178  1337  1380 E DefaultPermGrantPolicy: 	at com.android.server.pm.permission.DefaultPermissionGrantPolicy.access$200(DefaultPermissionGrantPolicy.java:100)
02-11 11:43:59.178  1337  1380 E DefaultPermGrantPolicy: 	at com.android.server.pm.permission.DefaultPermissionGrantPolicy$1.handleMessage(DefaultPermissionGrantPolicy.java:229)
02-11 11:43:59.178  1337  1380 E DefaultPermGrantPolicy: 	at android.os.Handler.dispatchMessage(Handler.java:107)
02-11 11:43:59.178  1337  1380 E DefaultPermGrantPolicy: 	at android.os.Looper.loop(Looper.java:214)
02-11 11:43:59.178  1337  1380 E DefaultPermGrantPolicy: 	at android.os.HandlerThread.run(HandlerThread.java:67)
02-11 11:43:59.178  1337  1380 E DefaultPermGrantPolicy: 	at com.android.server.ServiceThread.run(ServiceThread.java:44)
02-11 11:43:59.178  1337  1380 E DefaultPermGrantPolicy: PackageNot found: com.google.android.apps.restore
02-11 11:43:59.178  1337  1380 E DefaultPermGrantPolicy: android.content.pm.PackageManager$NameNotFoundException: com.google.android.apps.restore
02-11 11:43:59.178  1337  1380 E DefaultPermGrantPolicy: 	at android.app.ApplicationPackageManager.getPackageInfoAsUser(ApplicationPackageManager.java:190)
02-11 11:43:59.178  1337  1380 E DefaultPermGrantPolicy: 	at android.app.ApplicationPackageManager.getPackageInfo(ApplicationPackageManager.java:159)
02-11 11:43:59.178  1337  1380 E DefaultPermGrantPolicy: 	at com.android.server.pm.permission.DefaultPermissionGrantPolicy.getPackageInfo(DefaultPermissionGrantPolicy.java:1317)
02-11 11:43:59.178  1337  1380 E DefaultPermGrantPolicy: 	at com.android.server.pm.permission.DefaultPermissionGrantPolicy.getSystemPackageInfo(DefaultPermissionGrantPolicy.java:1304)
02-11 11:43:59.178  1337  1380 E DefaultPermGrantPolicy: 	at com.android.server.pm.permission.DefaultPermissionGrantPolicy.parseExceptions(DefaultPermissionGrantPolicy.java:1488)
02-11 11:43:59.178  1337  1380 E DefaultPermGrantPolicy: 	at com.android.server.pm.permission.DefaultPermissionGrantPolicy.parse(DefaultPermissionGrantPolicy.java:1465)
02-11 11:43:59.178  1337  1380 E DefaultPermGrantPolicy: 	at com.android.server.pm.permission.DefaultPermissionGrantPolicy.readDefaultPermissionExceptionsLocked(DefaultPermissionGrantPolicy.java:1446)
02-11 11:43:59.178  1337  1380 E DefaultPermGrantPolicy: 	at com.android.server.pm.permission.DefaultPermissionGrantPolicy.access$200(DefaultPermissionGrantPolicy.java:100)
02-11 11:43:59.178  1337  1380 E DefaultPermGrantPolicy: 	at com.android.server.pm.permission.DefaultPermissionGrantPolicy$1.handleMessage(DefaultPermissionGrantPolicy.java:229)
02-11 11:43:59.178  1337  1380 E DefaultPermGrantPolicy: 	at android.os.Handler.dispatchMessage(Handler.java:107)
02-11 11:43:59.178  1337  1380 E DefaultPermGrantPolicy: 	at android.os.Looper.loop(Looper.java:214)
02-11 11:43:59.178  1337  1380 E DefaultPermGrantPolicy: 	at android.os.HandlerThread.run(HandlerThread.java:67)
02-11 11:43:59.178  1337  1380 E DefaultPermGrantPolicy: 	at com.android.server.ServiceThread.run(ServiceThread.java:44)
02-11 11:43:59.178  1337  1337 V UserDataPreparer: Found /data/user_de/0 with serial number 0
02-11 11:43:59.178  1337  1337 V UserDataPreparer: Found /data/user/0 with serial number 0
02-11 11:43:59.178  1337  1337 V UserDataPreparer: Found /data/system_de/0 with serial number 0
02-11 11:43:59.179  1337  1380 E DefaultPermGrantPolicy: PackageNot found: com.verizon.mips.services
02-11 11:43:59.179  1337  1380 E DefaultPermGrantPolicy: android.content.pm.PackageManager$NameNotFoundException: com.verizon.mips.services
02-11 11:43:59.179  1337  1380 E DefaultPermGrantPolicy: 	at android.app.ApplicationPackageManager.getPackageInfoAsUser(ApplicationPackageManager.java:190)
02-11 11:43:59.179  1337  1380 E DefaultPermGrantPolicy: 	at android.app.ApplicationPackageManager.getPackageInfo(ApplicationPackageManager.java:159)
02-11 11:43:59.179  1337  1380 E DefaultPermGrantPolicy: 	at com.android.server.pm.permission.DefaultPermissionGrantPolicy.getPackageInfo(DefaultPermissionGrantPolicy.java:1317)
02-11 11:43:59.179  1337  1380 E DefaultPermGrantPolicy: 	at com.android.server.pm.permission.DefaultPermissionGrantPolicy.getSystemPackageInfo(DefaultPermissionGrantPolicy.java:1304)
02-11 11:43:59.179  1337  1380 E DefaultPermGrantPolicy: 	at com.android.server.pm.permission.DefaultPermissionGrantPolicy.parseExceptions(DefaultPermissionGrantPolicy.java:1488)
02-11 11:43:59.179  1337  1380 E DefaultPermGrantPolicy: 	at com.android.server.pm.permission.DefaultPermissionGrantPolicy.parse(DefaultPermissionGrantPolicy.java:1465)
02-11 11:43:59.179  1337  1380 E DefaultPermGrantPolicy: 	at com.android.server.pm.permission.DefaultPermissionGrantPolicy.readDefaultPermissionExceptionsLocked(DefaultPermissionGrantPolicy.java:1446)
02-11 11:43:59.179  1337  1380 E DefaultPermGrantPolicy: 	at com.android.server.pm.permission.DefaultPermissionGrantPolicy.access$200(DefaultPermissionGrantPolicy.java:100)
02-11 11:43:59.179  1337  1380 E DefaultPermGrantPolicy: 	at com.android.server.pm.permission.DefaultPermissionGrantPolicy$1.handleMessage(DefaultPermissionGrantPolicy.java:229)
02-11 11:43:59.179  1337  1380 E DefaultPermGrantPolicy: 	at android.os.Handler.dispatchMessage(Handler.java:107)
02-11 11:43:59.179  1337  1380 E DefaultPermGrantPolicy: 	at android.os.Looper.loop(Looper.java:214)
02-11 11:43:59.179  1337  1380 E DefaultPermGrantPolicy: 	at android.os.HandlerThread.run(HandlerThread.java:67)
02-11 11:43:59.179  1337  1380 E DefaultPermGrantPolicy: 	at com.android.server.ServiceThread.run(ServiceThread.java:44)
02-11 11:43:59.179  1337  1337 V UserDataPreparer: Found /data/system_ce/0 with serial number 0
02-11 11:43:59.179  1337  1337 V UserDataPreparer: Found /data/misc_ce/0 with serial number 0
02-11 11:43:59.180  1337  1380 E DefaultPermGrantPolicy: PackageNot found: com.google.intelligence.sense
02-11 11:43:59.180  1337  1380 E DefaultPermGrantPolicy: android.content.pm.PackageManager$NameNotFoundException: com.google.intelligence.sense
02-11 11:43:59.180  1337  1380 E DefaultPermGrantPolicy: 	at android.app.ApplicationPackageManager.getPackageInfoAsUser(ApplicationPackageManager.java:190)
02-11 11:43:59.180  1337  1380 E DefaultPermGrantPolicy: 	at android.app.ApplicationPackageManager.getPackageInfo(ApplicationPackageManager.java:159)
02-11 11:43:59.180  1337  1380 E DefaultPermGrantPolicy: 	at com.android.server.pm.permission.DefaultPermissionGrantPolicy.getPackageInfo(DefaultPermissionGrantPolicy.java:1317)
02-11 11:43:59.180  1337  1380 E DefaultPermGrantPolicy: 	at com.android.server.pm.permission.DefaultPermissionGrantPolicy.getSystemPackageInfo(DefaultPermissionGrantPolicy.java:1304)
02-11 11:43:59.180  1337  1380 E DefaultPermGrantPolicy: 	at com.android.server.pm.permission.DefaultPermissionGrantPolicy.parseExceptions(DefaultPermissionGrantPolicy.java:1488)
02-11 11:43:59.180  1337  1380 E DefaultPermGrantPolicy: 	at com.android.server.pm.permission.DefaultPermissionGrantPolicy.parse(DefaultPermissionGrantPolicy.java:1465)
02-11 11:43:59.180  1337  1380 E DefaultPermGrantPolicy: 	at com.android.server.pm.permission.DefaultPermissionGrantPolicy.readDefaultPermissionExceptionsLocked(DefaultPermissionGrantPolicy.java:1446)
02-11 11:43:59.180  1337  1380 E DefaultPermGrantPolicy: 	at com.android.server.pm.permission.DefaultPermissionGrantPolicy.access$200(DefaultPermissionGrantPolicy.java:100)
02-11 11:43:59.180  1337  1380 E DefaultPermGrantPolicy: 	at com.android.server.pm.permission.DefaultPermissionGrantPolicy$1.handleMessage(DefaultPermissionGrantPolicy.java:229)
02-11 11:43:59.180  1337  1380 E DefaultPermGrantPolicy: 	at android.os.Handler.dispatchMessage(Handler.java:107)
02-11 11:43:59.180  1337  1380 E DefaultPermGrantPolicy: 	at android.os.Looper.loop(Looper.java:214)
02-11 11:43:59.180  1337  1380 E DefaultPermGrantPolicy: 	at android.os.HandlerThread.run(HandlerThread.java:67)
02-11 11:43:59.180  1337  1380 E DefaultPermGrantPolicy: 	at com.android.server.ServiceThread.run(ServiceThread.java:44)
02-11 11:43:59.182  1337  1337 D SystemServerTiming: MakePackageManagerServiceReady took to complete: 17ms
02-11 11:43:59.182  1337  1337 I SystemServer: MakeDisplayManagerServiceReady
02-11 11:43:59.182  1337  1380 E DefaultPermGrantPolicy: PackageNot found: com.qualcomm.ltebc_vzw
02-11 11:43:59.182  1337  1380 E DefaultPermGrantPolicy: android.content.pm.PackageManager$NameNotFoundException: com.qualcomm.ltebc_vzw
02-11 11:43:59.182  1337  1380 E DefaultPermGrantPolicy: 	at android.app.ApplicationPackageManager.getPackageInfoAsUser(ApplicationPackageManager.java:190)
02-11 11:43:59.182  1337  1380 E DefaultPermGrantPolicy: 	at android.app.ApplicationPackageManager.getPackageInfo(ApplicationPackageManager.java:159)
02-11 11:43:59.182  1337  1380 E DefaultPermGrantPolicy: 	at com.android.server.pm.permission.DefaultPermissionGrantPolicy.getPackageInfo(DefaultPermissionGrantPolicy.java:1317)
02-11 11:43:59.182  1337  1380 E DefaultPermGrantPolicy: 	at com.android.server.pm.permission.DefaultPermissionGrantPolicy.getSystemPackageInfo(DefaultPermissionGrantPolicy.java:1304)
02-11 11:43:59.182  1337  1380 E DefaultPermGrantPolicy: 	at com.android.server.pm.permission.DefaultPermissionGrantPolicy.parseExceptions(DefaultPermissionGrantPolicy.java:1488)
02-11 11:43:59.182  1337  1380 E DefaultPermGrantPolicy: 	at com.android.server.pm.permission.DefaultPermissionGrantPolicy.parse(DefaultPermissionGrantPolicy.java:1465)
02-11 11:43:59.182  1337  1380 E DefaultPermGrantPolicy: 	at com.android.server.pm.permission.DefaultPermissionGrantPolicy.readDefaultPermissionExceptionsLocked(DefaultPermissionGrantPolicy.java:1446)
02-11 11:43:59.182  1337  1380 E DefaultPermGrantPolicy: 	at com.android.server.pm.permission.DefaultPermissionGrantPolicy.access$200(DefaultPermissionGrantPolicy.java:100)
02-11 11:43:59.182  1337  1380 E DefaultPermGrantPolicy: 	at com.android.server.pm.permission.DefaultPermissionGrantPolicy$1.handleMessage(DefaultPermissionGrantPolicy.java:229)
02-11 11:43:59.182  1337  1380 E DefaultPermGrantPolicy: 	at android.os.Handler.dispatchMessage(Handler.java:107)
02-11 11:43:59.182  1337  1380 E DefaultPermGrantPolicy: 	at android.os.Looper.loop(Looper.java:214)
02-11 11:43:59.182  1337  1380 E DefaultPermGrantPolicy: 	at android.os.HandlerThread.run(HandlerThread.java:67)
02-11 11:43:59.182  1337  1380 E DefaultPermGrantPolicy: 	at com.android.server.ServiceThread.run(ServiceThread.java:44)
02-11 11:43:59.182  1337  1362 E DisplayModeDirector: Asked about unknown display, returning empty allowed set! (id=0)
02-11 11:43:59.182  1337  1362 E DisplayModeDirector: Asked about unknown display, returning empty allowed set! (id=0)
02-11 11:43:59.183  1337  1337 D SystemServerTiming: MakeDisplayManagerServiceReady took to complete: 1ms
02-11 11:43:59.183  1337  1337 I SystemServer: StartDeviceSpecificServices
02-11 11:43:59.183  1337  1337 D SystemServerTiming: StartDeviceSpecificServices took to complete: 0ms
02-11 11:43:59.183  1337  1337 I SystemServer: StartBootPhaseDeviceSpecificServicesReady
02-11 11:43:59.183  1337  1337 I SystemServiceManager: Starting phase 520
02-11 11:43:59.183  1337  1337 D SystemServerTiming: StartBootPhaseDeviceSpecificServicesReady took to complete: 0ms
02-11 11:43:59.183  1337  1380 E DefaultPermGrantPolicy: PackageNot found: com.google.android.settings.intelligence
02-11 11:43:59.183  1337  1380 E DefaultPermGrantPolicy: android.content.pm.PackageManager$NameNotFoundException: com.google.android.settings.intelligence
02-11 11:43:59.183  1337  1380 E DefaultPermGrantPolicy: 	at android.app.ApplicationPackageManager.getPackageInfoAsUser(ApplicationPackageManager.java:190)
02-11 11:43:59.183  1337  1380 E DefaultPermGrantPolicy: 	at android.app.ApplicationPackageManager.getPackageInfo(ApplicationPackageManager.java:159)
02-11 11:43:59.183  1337  1380 E DefaultPermGrantPolicy: 	at com.android.server.pm.permission.DefaultPermissionGrantPolicy.getPackageInfo(DefaultPermissionGrantPolicy.java:1317)
02-11 11:43:59.183  1337  1380 E DefaultPermGrantPolicy: 	at com.android.server.pm.permission.DefaultPermissionGrantPolicy.getSystemPackageInfo(DefaultPermissionGrantPolicy.java:1304)
02-11 11:43:59.183  1337  1380 E DefaultPermGrantPolicy: 	at com.android.server.pm.permission.DefaultPermissionGrantPolicy.parseExceptions(DefaultPermissionGrantPolicy.java:1488)
02-11 11:43:59.183  1337  1380 E DefaultPermGrantPolicy: 	at com.android.server.pm.permission.DefaultPermissionGrantPolicy.parse(DefaultPermissionGrantPolicy.java:1465)
02-11 11:43:59.183  1337  1380 E DefaultPermGrantPolicy: 	at com.android.server.pm.permission.DefaultPermissionGrantPolicy.readDefaultPermissionExceptionsLocked(DefaultPermissionGrantPolicy.java:1446)
02-11 11:43:59.183  1337  1380 E DefaultPermGrantPolicy: 	at com.android.server.pm.permission.DefaultPermissionGrantPolicy.access$200(DefaultPermissionGrantPolicy.java:100)
02-11 11:43:59.183  1337  1380 E DefaultPermGrantPolicy: 	at com.android.server.pm.permission.DefaultPermissionGrantPolicy$1.handleMessage(DefaultPermissionGrantPolicy.java:229)
02-11 11:43:59.183  1337  1380 E DefaultPermGrantPolicy: 	at android.os.Handler.dispatchMessage(Handler.java:107)
02-11 11:43:59.183  1337  1380 E DefaultPermGrantPolicy: 	at android.os.Looper.loop(Looper.java:214)
02-11 11:43:59.183  1337  1380 E DefaultPermGrantPolicy: 	at android.os.HandlerThread.run(HandlerThread.java:67)
02-11 11:43:59.183  1337  1380 E DefaultPermGrantPolicy: 	at com.android.server.ServiceThread.run(ServiceThread.java:44)
02-11 11:43:59.184  1337  1380 E DefaultPermGrantPolicy: PackageNot found: com.google.android.wfcactivation
02-11 11:43:59.184  1337  1380 E DefaultPermGrantPolicy: android.content.pm.PackageManager$NameNotFoundException: com.google.android.wfcactivation
02-11 11:43:59.184  1337  1380 E DefaultPermGrantPolicy: 	at android.app.ApplicationPackageManager.getPackageInfoAsUser(ApplicationPackageManager.java:190)
02-11 11:43:59.184  1337  1380 E DefaultPermGrantPolicy: 	at android.app.ApplicationPackageManager.getPackageInfo(ApplicationPackageManager.java:159)
02-11 11:43:59.184  1337  1380 E DefaultPermGrantPolicy: 	at com.android.server.pm.permission.DefaultPermissionGrantPolicy.getPackageInfo(DefaultPermissionGrantPolicy.java:1317)
02-11 11:43:59.184  1337  1380 E DefaultPermGrantPolicy: 	at com.android.server.pm.permission.DefaultPermissionGrantPolicy.getSystemPackageInfo(DefaultPermissionGrantPolicy.java:1304)
02-11 11:43:59.184  1337  1380 E DefaultPermGrantPolicy: 	at com.android.server.pm.permission.DefaultPermissionGrantPolicy.parseExceptions(DefaultPermissionGrantPolicy.java:1488)
02-11 11:43:59.184  1337  1380 E DefaultPermGrantPolicy: 	at com.android.server.pm.permission.DefaultPermissionGrantPolicy.parse(DefaultPermissionGrantPolicy.java:1465)
02-11 11:43:59.184  1337  1380 E DefaultPermGrantPolicy: 	at com.android.server.pm.permission.DefaultPermissionGrantPolicy.readDefaultPermissionExceptionsLocked(DefaultPermissionGrantPolicy.java:1446)
02-11 11:43:59.184  1337  1380 E DefaultPermGrantPolicy: 	at com.android.server.pm.permission.DefaultPermissionGrantPolicy.access$200(DefaultPermissionGrantPolicy.java:100)
02-11 11:43:59.184  1337  1380 E DefaultPermGrantPolicy: 	at com.android.server.pm.permission.DefaultPermissionGrantPolicy$1.handleMessage(DefaultPermissionGrantPolicy.java:229)
02-11 11:43:59.184  1337  1380 E DefaultPermGrantPolicy: 	at android.os.Handler.dispatchMessage(Handler.java:107)
02-11 11:43:59.184  1337  1380 E DefaultPermGrantPolicy: 	at android.os.Looper.loop(Looper.java:214)
02-11 11:43:59.184  1337  1380 E DefaultPermGrantPolicy: 	at android.os.HandlerThread.run(HandlerThread.java:67)
02-11 11:43:59.184  1337  1380 E DefaultPermGrantPolicy: 	at com.android.server.ServiceThread.run(ServiceThread.java:44)
02-11 11:43:59.185  1337  1380 E DefaultPermGrantPolicy: PackageNot found: com.google.android.cbrsnetworkmonitor
02-11 11:43:59.185  1337  1380 E DefaultPermGrantPolicy: android.content.pm.PackageManager$NameNotFoundException: com.google.android.cbrsnetworkmonitor
02-11 11:43:59.185  1337  1380 E DefaultPermGrantPolicy: 	at android.app.ApplicationPackageManager.getPackageInfoAsUser(ApplicationPackageManager.java:190)
02-11 11:43:59.185  1337  1380 E DefaultPermGrantPolicy: 	at android.app.ApplicationPackageManager.getPackageInfo(ApplicationPackageManager.java:159)
02-11 11:43:59.185  1337  1380 E DefaultPermGrantPolicy: 	at com.android.server.pm.permission.DefaultPermissionGrantPolicy.getPackageInfo(DefaultPermissionGrantPolicy.java:1317)
02-11 11:43:59.185  1337  1380 E DefaultPermGrantPolicy: 	at com.android.server.pm.permission.DefaultPermissionGrantPolicy.getSystemPackageInfo(DefaultPermissionGrantPolicy.java:1304)
02-11 11:43:59.185  1337  1380 E DefaultPermGrantPolicy: 	at com.android.server.pm.permission.DefaultPermissionGrantPolicy.parseExceptions(DefaultPermissionGrantPolicy.java:1488)
02-11 11:43:59.185  1337  1380 E DefaultPermGrantPolicy: 	at com.android.server.pm.permission.DefaultPermissionGrantPolicy.parse(DefaultPermissionGrantPolicy.java:1465)
02-11 11:43:59.185  1337  1380 E DefaultPermGrantPolicy: 	at com.android.server.pm.permission.DefaultPermissionGrantPolicy.readDefaultPermissionExceptionsLocked(DefaultPermissionGrantPolicy.java:1446)
02-11 11:43:59.185  1337  1380 E DefaultPermGrantPolicy: 	at com.android.server.pm.permission.DefaultPermissionGrantPolicy.access$200(DefaultPermissionGrantPolicy.java:100)
02-11 11:43:59.185  1337  1380 E DefaultPermGrantPolicy: 	at com.android.server.pm.permission.DefaultPermissionGrantPolicy$1.handleMessage(DefaultPermissionGrantPolicy.java:229)
02-11 11:43:59.185  1337  1380 E DefaultPermGrantPolicy: 	at android.os.Handler.dispatchMessage(Handler.java:107)
02-11 11:43:59.185  1337  1380 E DefaultPermGrantPolicy: 	at android.os.Looper.loop(Looper.java:214)
02-11 11:43:59.185  1337  1380 E DefaultPermGrantPolicy: 	at android.os.HandlerThread.run(HandlerThread.java:67)
02-11 11:43:59.185  1337  1380 E DefaultPermGrantPolicy: 	at com.android.server.ServiceThread.run(ServiceThread.java:44)
02-11 11:43:59.185  1337  1380 E DefaultPermGrantPolicy: PackageNot found: com.google.android.apps.scone
02-11 11:43:59.185  1337  1380 E DefaultPermGrantPolicy: android.content.pm.PackageManager$NameNotFoundException: com.google.android.apps.scone
02-11 11:43:59.185  1337  1380 E DefaultPermGrantPolicy: 	at android.app.ApplicationPackageManager.getPackageInfoAsUser(ApplicationPackageManager.java:190)
02-11 11:43:59.185  1337  1380 E DefaultPermGrantPolicy: 	at android.app.ApplicationPackageManager.getPackageInfo(ApplicationPackageManager.java:159)
02-11 11:43:59.185  1337  1380 E DefaultPermGrantPolicy: 	at com.android.server.pm.permission.DefaultPermissionGrantPolicy.getPackageInfo(DefaultPermissionGrantPolicy.java:1317)
02-11 11:43:59.185  1337  1380 E DefaultPermGrantPolicy: 	at com.android.server.pm.permission.DefaultPermissionGrantPolicy.getSystemPackageInfo(DefaultPermissionGrantPolicy.java:1304)
02-11 11:43:59.185  1337  1380 E DefaultPermGrantPolicy: 	at com.android.server.pm.permission.DefaultPermissionGrantPolicy.parseExceptions(DefaultPermissionGrantPolicy.java:1488)
02-11 11:43:59.185  1337  1380 E DefaultPermGrantPolicy: 	at com.android.server.pm.permission.DefaultPermissionGrantPolicy.parse(DefaultPermissionGrantPolicy.java:1465)
02-11 11:43:59.185  1337  1380 E DefaultPermGrantPolicy: 	at com.android.server.pm.permission.DefaultPermissionGrantPolicy.readDefaultPermissionExceptionsLocked(DefaultPermissionGrantPolicy.java:1446)
02-11 11:43:59.185  1337  1380 E DefaultPermGrantPolicy: 	at com.android.server.pm.permission.DefaultPermissionGrantPolicy.access$200(DefaultPermissionGrantPolicy.java:100)
02-11 11:43:59.185  1337  1380 E DefaultPermGrantPolicy: 	at com.android.server.pm.permission.DefaultPermissionGrantPolicy$1.handleMessage(DefaultPermissionGrantPolicy.java:229)
02-11 11:43:59.185  1337  1380 E DefaultPermGrantPolicy: 	at android.os.Handler.dispatchMessage(Handler.java:107)
02-11 11:43:59.185  1337  1380 E DefaultPermGrantPolicy: 	at android.os.Looper.loop(Looper.java:214)
02-11 11:43:59.185  1337  1380 E DefaultPermGrantPolicy: 	at android.os.HandlerThread.run(HandlerThread.java:67)
02-11 11:43:59.185  1337  1380 E DefaultPermGrantPolicy: 	at com.android.server.ServiceThread.run(ServiceThread.java:44)
02-11 11:43:59.185  1337  1337 W UsageStatsService: Event reported without a package name, eventType:15
02-11 11:43:59.186  1337  1380 E DefaultPermGrantPolicy: PackageNot found: com.google.vr.apps.ornament
02-11 11:43:59.186  1337  1380 E DefaultPermGrantPolicy: android.content.pm.PackageManager$NameNotFoundException: com.google.vr.apps.ornament
02-11 11:43:59.186  1337  1380 E DefaultPermGrantPolicy: 	at android.app.ApplicationPackageManager.getPackageInfoAsUser(ApplicationPackageManager.java:190)
02-11 11:43:59.186  1337  1380 E DefaultPermGrantPolicy: 	at android.app.ApplicationPackageManager.getPackageInfo(ApplicationPackageManager.java:159)
02-11 11:43:59.186  1337  1380 E DefaultPermGrantPolicy: 	at com.android.server.pm.permission.DefaultPermissionGrantPolicy.getPackageInfo(DefaultPermissionGrantPolicy.java:1317)
02-11 11:43:59.186  1337  1380 E DefaultPermGrantPolicy: 	at com.android.server.pm.permission.DefaultPermissionGrantPolicy.getSystemPackageInfo(DefaultPermissionGrantPolicy.java:1304)
02-11 11:43:59.186  1337  1380 E DefaultPermGrantPolicy: 	at com.android.server.pm.permission.DefaultPermissionGrantPolicy.parseExceptions(DefaultPermissionGrantPolicy.java:1488)
02-11 11:43:59.186  1337  1380 E DefaultPermGrantPolicy: 	at com.android.server.pm.permission.DefaultPermissionGrantPolicy.parse(DefaultPermissionGrantPolicy.java:1465)
02-11 11:43:59.186  1337  1380 E DefaultPermGrantPolicy: 	at com.android.server.pm.permission.DefaultPermissionGrantPolicy.readDefaultPermissionExceptionsLocked(DefaultPermissionGrantPolicy.java:1446)
02-11 11:43:59.186  1337  1380 E DefaultPermGrantPolicy: 	at com.android.server.pm.permission.DefaultPermissionGrantPolicy.access$200(DefaultPermissionGrantPolicy.java:100)
02-11 11:43:59.186  1337  1380 E DefaultPermGrantPolicy: 	at com.android.server.pm.permission.DefaultPermissionGrantPolicy$1.handleMessage(DefaultPermissionGrantPolicy.java:229)
02-11 11:43:59.186  1337  1380 E DefaultPermGrantPolicy: 	at android.os.Handler.dispatchMessage(Handler.java:107)
02-11 11:43:59.186  1337  1380 E DefaultPermGrantPolicy: 	at android.os.Looper.loop(Looper.java:214)
02-11 11:43:59.186  1337  1380 E DefaultPermGrantPolicy: 	at android.os.HandlerThread.run(HandlerThread.java:67)
02-11 11:43:59.186  1337  1380 E DefaultPermGrantPolicy: 	at com.android.server.ServiceThread.run(ServiceThread.java:44)
02-11 11:43:59.186  1337  1337 I AppOps  : Pruning old package system/com.android.server.appop.AppOpsService$UidState@e329340: new uid=-1
02-11 11:43:59.186  1337  1380 E DefaultPermGrantPolicy: PackageNot found: com.google.android.apps.miphone.aiai
02-11 11:43:59.186  1337  1380 E DefaultPermGrantPolicy: android.content.pm.PackageManager$NameNotFoundException: com.google.android.apps.miphone.aiai
02-11 11:43:59.186  1337  1380 E DefaultPermGrantPolicy: 	at android.app.ApplicationPackageManager.getPackageInfoAsUser(ApplicationPackageManager.java:190)
02-11 11:43:59.186  1337  1380 E DefaultPermGrantPolicy: 	at android.app.ApplicationPackageManager.getPackageInfo(ApplicationPackageManager.java:159)
02-11 11:43:59.186  1337  1380 E DefaultPermGrantPolicy: 	at com.android.server.pm.permission.DefaultPermissionGrantPolicy.getPackageInfo(DefaultPermissionGrantPolicy.java:1317)
02-11 11:43:59.186  1337  1380 E DefaultPermGrantPolicy: 	at com.android.server.pm.permission.DefaultPermissionGrantPolicy.getSystemPackageInfo(DefaultPermissionGrantPolicy.java:1304)
02-11 11:43:59.186  1337  1380 E DefaultPermGrantPolicy: 	at com.android.server.pm.permission.DefaultPermissionGrantPolicy.parseExceptions(DefaultPermissionGrantPolicy.java:1488)
02-11 11:43:59.186  1337  1380 E DefaultPermGrantPolicy: 	at com.android.server.pm.permission.DefaultPermissionGrantPolicy.parse(DefaultPermissionGrantPolicy.java:1465)
02-11 11:43:59.186  1337  1380 E DefaultPermGrantPolicy: 	at com.android.server.pm.permission.DefaultPermissionGrantPolicy.readDefaultPermissionExceptionsLocked(DefaultPermissionGrantPolicy.java:1446)
02-11 11:43:59.186  1337  1380 E DefaultPermGrantPolicy: 	at com.android.server.pm.permission.DefaultPermissionGrantPolicy.access$200(DefaultPermissionGrantPolicy.java:100)
02-11 11:43:59.186  1337  1380 E DefaultPermGrantPolicy: 	at com.android.server.pm.permission.DefaultPermissionGrantPolicy$1.handleMessage(DefaultPermissionGrantPolicy.java:229)
02-11 11:43:59.186  1337  1380 E DefaultPermGrantPolicy: 	at android.os.Handler.dispatchMessage(Handler.java:107)
02-11 11:43:59.186  1337  1380 E DefaultPermGrantPolicy: 	at android.os.Looper.loop(Looper.java:214)
02-11 11:43:59.186  1337  1380 E DefaultPermGrantPolicy: 	at android.os.HandlerThread.run(HandlerThread.java:67)
02-11 11:43:59.186  1337  1380 E DefaultPermGrantPolicy: 	at com.android.server.ServiceThread.run(ServiceThread.java:44)
02-11 11:43:59.187  1337  1337 I ActivityManager: System now ready
02-11 11:43:59.189  1337  1380 E DefaultPermGrantPolicy: PackageNot found: com.google.android.apps.gcs
02-11 11:43:59.189  1337  1380 E DefaultPermGrantPolicy: android.content.pm.PackageManager$NameNotFoundException: com.google.android.apps.gcs
02-11 11:43:59.189  1337  1380 E DefaultPermGrantPolicy: 	at android.app.ApplicationPackageManager.getPackageInfoAsUser(ApplicationPackageManager.java:190)
02-11 11:43:59.189  1337  1380 E DefaultPermGrantPolicy: 	at android.app.ApplicationPackageManager.getPackageInfo(ApplicationPackageManager.java:159)
02-11 11:43:59.189  1337  1380 E DefaultPermGrantPolicy: 	at com.android.server.pm.permission.DefaultPermissionGrantPolicy.getPackageInfo(DefaultPermissionGrantPolicy.java:1317)
02-11 11:43:59.189  1337  1380 E DefaultPermGrantPolicy: 	at com.android.server.pm.permission.DefaultPermissionGrantPolicy.getSystemPackageInfo(DefaultPermissionGrantPolicy.java:1304)
02-11 11:43:59.189  1337  1380 E DefaultPermGrantPolicy: 	at com.android.server.pm.permission.DefaultPermissionGrantPolicy.parseExceptions(DefaultPermissionGrantPolicy.java:1488)
02-11 11:43:59.189  1337  1380 E DefaultPermGrantPolicy: 	at com.android.server.pm.permission.DefaultPermissionGrantPolicy.parse(DefaultPermissionGrantPolicy.java:1465)
02-11 11:43:59.189  1337  1380 E DefaultPermGrantPolicy: 	at com.android.server.pm.permission.DefaultPermissionGrantPolicy.readDefaultPermissionExceptionsLocked(DefaultPermissionGrantPolicy.java:1446)
02-11 11:43:59.189  1337  1380 E DefaultPermGrantPolicy: 	at com.android.server.pm.permission.DefaultPermissionGrantPolicy.access$200(DefaultPermissionGrantPolicy.java:100)
02-11 11:43:59.189  1337  1380 E DefaultPermGrantPolicy: 	at com.android.server.pm.permission.DefaultPermissionGrantPolicy$1.handleMessage(DefaultPermissionGrantPolicy.java:229)
02-11 11:43:59.189  1337  1380 E DefaultPermGrantPolicy: 	at android.os.Handler.dispatchMessage(Handler.java:107)
02-11 11:43:59.189  1337  1380 E DefaultPermGrantPolicy: 	at android.os.Looper.loop(Looper.java:214)
02-11 11:43:59.189  1337  1380 E DefaultPermGrantPolicy: 	at android.os.HandlerThread.run(HandlerThread.java:67)
02-11 11:43:59.189  1337  1380 E DefaultPermGrantPolicy: 	at com.android.server.ServiceThread.run(ServiceThread.java:44)
02-11 11:43:59.189  1337  1380 E DefaultPermGrantPolicy: PackageNot found: com.google.android.apps.messaging
02-11 11:43:59.189  1337  1380 E DefaultPermGrantPolicy: android.content.pm.PackageManager$NameNotFoundException: com.google.android.apps.messaging
02-11 11:43:59.189  1337  1380 E DefaultPermGrantPolicy: 	at android.app.ApplicationPackageManager.getPackageInfoAsUser(ApplicationPackageManager.java:190)
02-11 11:43:59.189  1337  1380 E DefaultPermGrantPolicy: 	at android.app.ApplicationPackageManager.getPackageInfo(ApplicationPackageManager.java:159)
02-11 11:43:59.189  1337  1380 E DefaultPermGrantPolicy: 	at com.android.server.pm.permission.DefaultPermissionGrantPolicy.getPackageInfo(DefaultPermissionGrantPolicy.java:1317)
02-11 11:43:59.189  1337  1380 E DefaultPermGrantPolicy: 	at com.android.server.pm.permission.DefaultPermissionGrantPolicy.getSystemPackageInfo(DefaultPermissionGrantPolicy.java:1304)
02-11 11:43:59.189  1337  1380 E DefaultPermGrantPolicy: 	at com.android.server.pm.permission.DefaultPermissionGrantPolicy.parseExceptions(DefaultPermissionGrantPolicy.java:1488)
02-11 11:43:59.189  1337  1380 E DefaultPermGrantPolicy: 	at com.android.server.pm.permission.DefaultPermissionGrantPolicy.parse(DefaultPermissionGrantPolicy.java:1465)
02-11 11:43:59.189  1337  1380 E DefaultPermGrantPolicy: 	at com.android.server.pm.permission.DefaultPermissionGrantPolicy.readDefaultPermissionExceptionsLocked(DefaultPermissionGrantPolicy.java:1446)
02-11 11:43:59.189  1337  1380 E DefaultPermGrantPolicy: 	at com.android.server.pm.permission.DefaultPermissionGrantPolicy.access$200(DefaultPermissionGrantPolicy.java:100)
02-11 11:43:59.189  1337  1380 E DefaultPermGrantPolicy: 	at com.android.server.pm.permission.DefaultPermissionGrantPolicy$1.handleMessage(DefaultPermissionGrantPolicy.java:229)
02-11 11:43:59.189  1337  1380 E DefaultPermGrantPolicy: 	at android.os.Handler.dispatchMessage(Handler.java:107)
02-11 11:43:59.189  1337  1380 E DefaultPermGrantPolicy: 	at android.os.Looper.loop(Looper.java:214)
02-11 11:43:59.189  1337  1380 E DefaultPermGrantPolicy: 	at android.os.HandlerThread.run(HandlerThread.java:67)
02-11 11:43:59.189  1337  1380 E DefaultPermGrantPolicy: 	at com.android.server.ServiceThread.run(ServiceThread.java:44)
02-11 11:43:59.190  1337  1337 I ActivityTaskManager: Config changes=100 {1.0 ?mcc?mnc [ko_KR] ldltr sw392dp w392dp h750dp 440dpi nrml long port finger -keyb/v/h -nav/h winConfig={ mBounds=Rect(0, 0 - 1080, 2280) mAppBounds=Rect(0, 0 - 1080, 2148) mWindowingMode=fullscreen mDisplayWindowingMode=fullscreen mActivityType=undefined mAlwaysOnTop=undefined mRotation=ROTATION_0} s.6}
02-11 11:43:59.190  1337  1380 E DefaultPermGrantPolicy: PackageNot found: com.google.android.apps.nexuslauncher
02-11 11:43:59.190  1337  1380 E DefaultPermGrantPolicy: android.content.pm.PackageManager$NameNotFoundException: com.google.android.apps.nexuslauncher
02-11 11:43:59.190  1337  1380 E DefaultPermGrantPolicy: 	at android.app.ApplicationPackageManager.getPackageInfoAsUser(ApplicationPackageManager.java:190)
02-11 11:43:59.190  1337  1380 E DefaultPermGrantPolicy: 	at android.app.ApplicationPackageManager.getPackageInfo(ApplicationPackageManager.java:159)
02-11 11:43:59.190  1337  1380 E DefaultPermGrantPolicy: 	at com.android.server.pm.permission.DefaultPermissionGrantPolicy.getPackageInfo(DefaultPermissionGrantPolicy.java:1317)
02-11 11:43:59.190  1337  1380 E DefaultPermGrantPolicy: 	at com.android.server.pm.permission.DefaultPermissionGrantPolicy.getSystemPackageInfo(DefaultPermissionGrantPolicy.java:1304)
02-11 11:43:59.190  1337  1380 E DefaultPermGrantPolicy: 	at com.android.server.pm.permission.DefaultPermissionGrantPolicy.parseExceptions(DefaultPermissionGrantPolicy.java:1488)
02-11 11:43:59.190  1337  1380 E DefaultPermGrantPolicy: 	at com.android.server.pm.permission.DefaultPermissionGrantPolicy.parse(DefaultPermissionGrantPolicy.java:1465)
02-11 11:43:59.190  1337  1380 E DefaultPermGrantPolicy: 	at com.android.server.pm.permission.DefaultPermissionGrantPolicy.readDefaultPermissionExceptionsLocked(DefaultPermissionGrantPolicy.java:1446)
02-11 11:43:59.190  1337  1380 E DefaultPermGrantPolicy: 	at com.android.server.pm.permission.DefaultPermissionGrantPolicy.access$200(DefaultPermissionGrantPolicy.java:100)
02-11 11:43:59.190  1337  1380 E DefaultPermGrantPolicy: 	at com.android.server.pm.permission.DefaultPermissionGrantPolicy$1.handleMessage(DefaultPermissionGrantPolicy.java:229)
02-11 11:43:59.190  1337  1380 E DefaultPermGrantPolicy: 	at android.os.Handler.dispatchMessage(Handler.java:107)
02-11 11:43:59.190  1337  1380 E DefaultPermGrantPolicy: 	at android.os.Looper.loop(Looper.java:214)
02-11 11:43:59.190  1337  1380 E DefaultPermGrantPolicy: 	at android.os.HandlerThread.run(HandlerThread.java:67)
02-11 11:43:59.190  1337  1380 E DefaultPermGrantPolicy: 	at com.android.server.ServiceThread.run(ServiceThread.java:44)
02-11 11:43:59.190  1337  1337 I ActivityTaskManager: Override config changes=100 {1.0 ?mcc?mnc [ko_KR] ldltr sw392dp w392dp h750dp 440dpi nrml long port finger -keyb/v/h -nav/h winConfig={ mBounds=Rect(0, 0 - 1080, 2280) mAppBounds=Rect(0, 0 - 1080, 2148) mWindowingMode=fullscreen mDisplayWindowingMode=fullscreen mActivityType=undefined mAlwaysOnTop=undefined mRotation=ROTATION_0} s.6} for displayId=0
02-11 11:43:59.191  1337  1380 E DefaultPermGrantPolicy: PackageNot found: com.google.android.contacts
02-11 11:43:59.191  1337  1380 E DefaultPermGrantPolicy: android.content.pm.PackageManager$NameNotFoundException: com.google.android.contacts
02-11 11:43:59.191  1337  1380 E DefaultPermGrantPolicy: 	at android.app.ApplicationPackageManager.getPackageInfoAsUser(ApplicationPackageManager.java:190)
02-11 11:43:59.191  1337  1380 E DefaultPermGrantPolicy: 	at android.app.ApplicationPackageManager.getPackageInfo(ApplicationPackageManager.java:159)
02-11 11:43:59.191  1337  1380 E DefaultPermGrantPolicy: 	at com.android.server.pm.permission.DefaultPermissionGrantPolicy.getPackageInfo(DefaultPermissionGrantPolicy.java:1317)
02-11 11:43:59.191  1337  1380 E DefaultPermGrantPolicy: 	at com.android.server.pm.permission.DefaultPermissionGrantPolicy.getSystemPackageInfo(DefaultPermissionGrantPolicy.java:1304)
02-11 11:43:59.191  1337  1380 E DefaultPermGrantPolicy: 	at com.android.server.pm.permission.DefaultPermissionGrantPolicy.parseExceptions(DefaultPermissionGrantPolicy.java:1488)
02-11 11:43:59.191  1337  1380 E DefaultPermGrantPolicy: 	at com.android.server.pm.permission.DefaultPermissionGrantPolicy.parse(DefaultPermissionGrantPolicy.java:1465)
02-11 11:43:59.191  1337  1380 E DefaultPermGrantPolicy: 	at com.android.server.pm.permission.DefaultPermissionGrantPolicy.readDefaultPermissionExceptionsLocked(DefaultPermissionGrantPolicy.java:1446)
02-11 11:43:59.191  1337  1380 E DefaultPermGrantPolicy: 	at com.android.server.pm.permission.DefaultPermissionGrantPolicy.access$200(DefaultPermissionGrantPolicy.java:100)
02-11 11:43:59.191  1337  1380 E DefaultPermGrantPolicy: 	at com.android.server.pm.permission.DefaultPermissionGrantPolicy$1.handleMessage(DefaultPermissionGrantPolicy.java:229)
02-11 11:43:59.191  1337  1380 E DefaultPermGrantPolicy: 	at android.os.Handler.dispatchMessage(Handler.java:107)
02-11 11:43:59.191  1337  1380 E DefaultPermGrantPolicy: 	at android.os.Looper.loop(Looper.java:214)
02-11 11:43:59.191  1337  1380 E DefaultPermGrantPolicy: 	at android.os.HandlerThread.run(HandlerThread.java:67)
02-11 11:43:59.191  1337  1380 E DefaultPermGrantPolicy: 	at com.android.server.ServiceThread.run(ServiceThread.java:44)
02-11 11:43:59.191  1337  1380 E DefaultPermGrantPolicy: PackageNot found: com.google.android.dialer
02-11 11:43:59.191  1337  1380 E DefaultPermGrantPolicy: android.content.pm.PackageManager$NameNotFoundException: com.google.android.dialer
02-11 11:43:59.191  1337  1380 E DefaultPermGrantPolicy: 	at android.app.ApplicationPackageManager.getPackageInfoAsUser(ApplicationPackageManager.java:190)
02-11 11:43:59.191  1337  1380 E DefaultPermGrantPolicy: 	at android.app.ApplicationPackageManager.getPackageInfo(ApplicationPackageManager.java:159)
02-11 11:43:59.191  1337  1380 E DefaultPermGrantPolicy: 	at com.android.server.pm.permission.DefaultPermissionGrantPolicy.getPackageInfo(DefaultPermissionGrantPolicy.java:1317)
02-11 11:43:59.191  1337  1380 E DefaultPermGrantPolicy: 	at com.android.server.pm.permission.DefaultPermissionGrantPolicy.getSystemPackageInfo(DefaultPermissionGrantPolicy.java:1304)
02-11 11:43:59.191  1337  1380 E DefaultPermGrantPolicy: 	at com.android.server.pm.permission.DefaultPermissionGrantPolicy.parseExceptions(DefaultPermissionGrantPolicy.java:1488)
02-11 11:43:59.191  1337  1380 E DefaultPermGrantPolicy: 	at com.android.server.pm.permission.DefaultPermissionGrantPolicy.parse(DefaultPermissionGrantPolicy.java:1465)
02-11 11:43:59.191  1337  1380 E DefaultPermGrantPolicy: 	at com.android.server.pm.permission.DefaultPermissionGrantPolicy.readDefaultPermissionExceptionsLocked(DefaultPermissionGrantPolicy.java:1446)
02-11 11:43:59.191  1337  1380 E DefaultPermGrantPolicy: 	at com.android.server.pm.permission.DefaultPermissionGrantPolicy.access$200(DefaultPermissionGrantPolicy.java:100)
02-11 11:43:59.191  1337  1380 E DefaultPermGrantPolicy: 	at com.android.server.pm.permission.DefaultPermissionGrantPolicy$1.handleMessage(DefaultPermissionGrantPolicy.java:229)
02-11 11:43:59.191  1337  1380 E DefaultPermGrantPolicy: 	at android.os.Handler.dispatchMessage(Handler.java:107)
02-11 11:43:59.191  1337  1380 E DefaultPermGrantPolicy: 	at android.os.Looper.loop(Looper.java:214)
02-11 11:43:59.191  1337  1380 E DefaultPermGrantPolicy: 	at android.os.HandlerThread.run(HandlerThread.java:67)
02-11 11:43:59.191  1337  1380 E DefaultPermGrantPolicy: 	at com.android.server.ServiceThread.run(ServiceThread.java:44)
02-11 11:43:59.192  1337  1380 E DefaultPermGrantPolicy: PackageNot found: com.google.android.gm.exchange
02-11 11:43:59.192  1337  1380 E DefaultPermGrantPolicy: android.content.pm.PackageManager$NameNotFoundException: com.google.android.gm.exchange
02-11 11:43:59.192  1337  1380 E DefaultPermGrantPolicy: 	at android.app.ApplicationPackageManager.getPackageInfoAsUser(ApplicationPackageManager.java:190)
02-11 11:43:59.192  1337  1380 E DefaultPermGrantPolicy: 	at android.app.ApplicationPackageManager.getPackageInfo(ApplicationPackageManager.java:159)
02-11 11:43:59.192  1337  1380 E DefaultPermGrantPolicy: 	at com.android.server.pm.permission.DefaultPermissionGrantPolicy.getPackageInfo(DefaultPermissionGrantPolicy.java:1317)
02-11 11:43:59.192  1337  1380 E DefaultPermGrantPolicy: 	at com.android.server.pm.permission.DefaultPermissionGrantPolicy.getSystemPackageInfo(DefaultPermissionGrantPolicy.java:1304)
02-11 11:43:59.192  1337  1380 E DefaultPermGrantPolicy: 	at com.android.server.pm.permission.DefaultPermissionGrantPolicy.parseExceptions(DefaultPermissionGrantPolicy.java:1488)
02-11 11:43:59.192  1337  1380 E DefaultPermGrantPolicy: 	at com.android.server.pm.permission.DefaultPermissionGrantPolicy.parse(DefaultPermissionGrantPolicy.java:1465)
02-11 11:43:59.192  1337  1380 E DefaultPermGrantPolicy: 	at com.android.server.pm.permission.DefaultPermissionGrantPolicy.readDefaultPermissionExceptionsLocked(DefaultPermissionGrantPolicy.java:1446)
02-11 11:43:59.192  1337  1380 E DefaultPermGrantPolicy: 	at com.android.server.pm.permission.DefaultPermissionGrantPolicy.access$200(DefaultPermissionGrantPolicy.java:100)
02-11 11:43:59.192  1337  1380 E DefaultPermGrantPolicy: 	at com.android.server.pm.permission.DefaultPermissionGrantPolicy$1.handleMessage(DefaultPermissionGrantPolicy.java:229)
02-11 11:43:59.192  1337  1380 E DefaultPermGrantPolicy: 	at android.os.Handler.dispatchMessage(Handler.java:107)
02-11 11:43:59.192  1337  1380 E DefaultPermGrantPolicy: 	at android.os.Looper.loop(Looper.java:214)
02-11 11:43:59.192  1337  1380 E DefaultPermGrantPolicy: 	at android.os.HandlerThread.run(HandlerThread.java:67)
02-11 11:43:59.192  1337  1380 E DefaultPermGrantPolicy: 	at com.android.server.ServiceThread.run(ServiceThread.java:44)
02-11 11:43:59.193  1337  1380 E DefaultPermGrantPolicy: PackageNot found: com.google.android.googlequicksearchbox
02-11 11:43:59.193  1337  1380 E DefaultPermGrantPolicy: android.content.pm.PackageManager$NameNotFoundException: com.google.android.googlequicksearchbox
02-11 11:43:59.193  1337  1380 E DefaultPermGrantPolicy: 	at android.app.ApplicationPackageManager.getPackageInfoAsUser(ApplicationPackageManager.java:190)
02-11 11:43:59.193  1337  1380 E DefaultPermGrantPolicy: 	at android.app.ApplicationPackageManager.getPackageInfo(ApplicationPackageManager.java:159)
02-11 11:43:59.193  1337  1380 E DefaultPermGrantPolicy: 	at com.android.server.pm.permission.DefaultPermissionGrantPolicy.getPackageInfo(DefaultPermissionGrantPolicy.java:1317)
02-11 11:43:59.193  1337  1380 E DefaultPermGrantPolicy: 	at com.android.server.pm.permission.DefaultPermissionGrantPolicy.getSystemPackageInfo(DefaultPermissionGrantPolicy.java:1304)
02-11 11:43:59.193  1337  1380 E DefaultPermGrantPolicy: 	at com.android.server.pm.permission.DefaultPermissionGrantPolicy.parseExceptions(DefaultPermissionGrantPolicy.java:1488)
02-11 11:43:59.193  1337  1380 E DefaultPermGrantPolicy: 	at com.android.server.pm.permission.DefaultPermissionGrantPolicy.parse(DefaultPermissionGrantPolicy.java:1465)
02-11 11:43:59.193  1337  1380 E DefaultPermGrantPolicy: 	at com.android.server.pm.permission.DefaultPermissionGrantPolicy.readDefaultPermissionExceptionsLocked(DefaultPermissionGrantPolicy.java:1446)
02-11 11:43:59.193  1337  1380 E DefaultPermGrantPolicy: 	at com.android.server.pm.permission.DefaultPermissionGrantPolicy.access$200(DefaultPermissionGrantPolicy.java:100)
02-11 11:43:59.193  1337  1380 E DefaultPermGrantPolicy: 	at com.android.server.pm.permission.DefaultPermissionGrantPolicy$1.handleMessage(DefaultPermissionGrantPolicy.java:229)
02-11 11:43:59.193  1337  1380 E DefaultPermGrantPolicy: 	at android.os.Handler.dispatchMessage(Handler.java:107)
02-11 11:43:59.193  1337  1380 E DefaultPermGrantPolicy: 	at android.os.Looper.loop(Looper.java:214)
02-11 11:43:59.193  1337  1380 E DefaultPermGrantPolicy: 	at android.os.HandlerThread.run(HandlerThread.java:67)
02-11 11:43:59.193  1337  1380 E DefaultPermGrantPolicy: 	at com.android.server.ServiceThread.run(ServiceThread.java:44)
02-11 11:43:59.195  1337  1380 E DefaultPermGrantPolicy: PackageNot found: com.google.android.gsf.login
02-11 11:43:59.195  1337  1380 E DefaultPermGrantPolicy: android.content.pm.PackageManager$NameNotFoundException: com.google.android.gsf.login
02-11 11:43:59.195  1337  1380 E DefaultPermGrantPolicy: 	at android.app.ApplicationPackageManager.getPackageInfoAsUser(ApplicationPackageManager.java:190)
02-11 11:43:59.195  1337  1380 E DefaultPermGrantPolicy: 	at android.app.ApplicationPackageManager.getPackageInfo(ApplicationPackageManager.java:159)
02-11 11:43:59.195  1337  1380 E DefaultPermGrantPolicy: 	at com.android.server.pm.permission.DefaultPermissionGrantPolicy.getPackageInfo(DefaultPermissionGrantPolicy.java:1317)
02-11 11:43:59.195  1337  1380 E DefaultPermGrantPolicy: 	at com.android.server.pm.permission.DefaultPermissionGrantPolicy.getSystemPackageInfo(DefaultPermissionGrantPolicy.java:1304)
02-11 11:43:59.195  1337  1380 E DefaultPermGrantPolicy: 	at com.android.server.pm.permission.DefaultPermissionGrantPolicy.parseExceptions(DefaultPermissionGrantPolicy.java:1488)
02-11 11:43:59.195  1337  1380 E DefaultPermGrantPolicy: 	at com.android.server.pm.permission.DefaultPermissionGrantPolicy.parse(DefaultPermissionGrantPolicy.java:1465)
02-11 11:43:59.195  1337  1380 E DefaultPermGrantPolicy: 	at com.android.server.pm.permission.DefaultPermissionGrantPolicy.readDefaultPermissionExceptionsLocked(DefaultPermissionGrantPolicy.java:1446)
02-11 11:43:59.195  1337  1380 E DefaultPermGrantPolicy: 	at com.android.server.pm.permission.DefaultPermissionGrantPolicy.access$200(DefaultPermissionGrantPolicy.java:100)
02-11 11:43:59.195  1337  1380 E DefaultPermGrantPolicy: 	at com.android.server.pm.permission.DefaultPermissionGrantPolicy$1.handleMessage(DefaultPermissionGrantPolicy.java:229)
02-11 11:43:59.195  1337  1380 E DefaultPermGrantPolicy: 	at android.os.Handler.dispatchMessage(Handler.java:107)
02-11 11:43:59.195  1337  1380 E DefaultPermGrantPolicy: 	at android.os.Looper.loop(Looper.java:214)
02-11 11:43:59.195  1337  1380 E DefaultPermGrantPolicy: 	at android.os.HandlerThread.run(HandlerThread.java:67)
02-11 11:43:59.195  1337  1380 E DefaultPermGrantPolicy: 	at com.android.server.ServiceThread.run(ServiceThread.java:44)
02-11 11:43:59.196  1337  1380 E DefaultPermGrantPolicy: PackageNot found: com.google.android.tag
02-11 11:43:59.196  1337  1380 E DefaultPermGrantPolicy: android.content.pm.PackageManager$NameNotFoundException: com.google.android.tag
02-11 11:43:59.196  1337  1380 E DefaultPermGrantPolicy: 	at android.app.ApplicationPackageManager.getPackageInfoAsUser(ApplicationPackageManager.java:190)
02-11 11:43:59.196  1337  1380 E DefaultPermGrantPolicy: 	at android.app.ApplicationPackageManager.getPackageInfo(ApplicationPackageManager.java:159)
02-11 11:43:59.196  1337  1380 E DefaultPermGrantPolicy: 	at com.android.server.pm.permission.DefaultPermissionGrantPolicy.getPackageInfo(DefaultPermissionGrantPolicy.java:1317)
02-11 11:43:59.196  1337  1380 E DefaultPermGrantPolicy: 	at com.android.server.pm.permission.DefaultPermissionGrantPolicy.getSystemPackageInfo(DefaultPermissionGrantPolicy.java:1304)
02-11 11:43:59.196  1337  1380 E DefaultPermGrantPolicy: 	at com.android.server.pm.permission.DefaultPermissionGrantPolicy.parseExceptions(DefaultPermissionGrantPolicy.java:1488)
02-11 11:43:59.196  1337  1380 E DefaultPermGrantPolicy: 	at com.android.server.pm.permission.DefaultPermissionGrantPolicy.parse(DefaultPermissionGrantPolicy.java:1465)
02-11 11:43:59.196  1337  1380 E DefaultPermGrantPolicy: 	at com.android.server.pm.permission.DefaultPermissionGrantPolicy.readDefaultPermissionExceptionsLocked(DefaultPermissionGrantPolicy.java:1446)
02-11 11:43:59.196  1337  1380 E DefaultPermGrantPolicy: 	at com.android.server.pm.permission.DefaultPermissionGrantPolicy.access$200(DefaultPermissionGrantPolicy.java:100)
02-11 11:43:59.196  1337  1380 E DefaultPermGrantPolicy: 	at com.android.server.pm.permission.DefaultPermissionGrantPolicy$1.handleMessage(DefaultPermissionGrantPolicy.java:229)
02-11 11:43:59.196  1337  1380 E DefaultPermGrantPolicy: 	at android.os.Handler.dispatchMessage(Handler.java:107)
02-11 11:43:59.196  1337  1380 E DefaultPermGrantPolicy: 	at android.os.Looper.loop(Looper.java:214)
02-11 11:43:59.196  1337  1380 E DefaultPermGrantPolicy: 	at android.os.HandlerThread.run(HandlerThread.java:67)
02-11 11:43:59.196  1337  1380 E DefaultPermGrantPolicy: 	at com.android.server.ServiceThread.run(ServiceThread.java:44)
02-11 11:43:59.196  1337  1380 E DefaultPermGrantPolicy: PackageNot found: com.google.android.talk
02-11 11:43:59.196  1337  1380 E DefaultPermGrantPolicy: android.content.pm.PackageManager$NameNotFoundException: com.google.android.talk
02-11 11:43:59.196  1337  1380 E DefaultPermGrantPolicy: 	at android.app.ApplicationPackageManager.getPackageInfoAsUser(ApplicationPackageManager.java:190)
02-11 11:43:59.196  1337  1380 E DefaultPermGrantPolicy: 	at android.app.ApplicationPackageManager.getPackageInfo(ApplicationPackageManager.java:159)
02-11 11:43:59.196  1337  1380 E DefaultPermGrantPolicy: 	at com.android.server.pm.permission.DefaultPermissionGrantPolicy.getPackageInfo(DefaultPermissionGrantPolicy.java:1317)
02-11 11:43:59.196  1337  1380 E DefaultPermGrantPolicy: 	at com.android.server.pm.permission.DefaultPermissionGrantPolicy.getSystemPackageInfo(DefaultPermissionGrantPolicy.java:1304)
02-11 11:43:59.196  1337  1380 E DefaultPermGrantPolicy: 	at com.android.server.pm.permission.DefaultPermissionGrantPolicy.parseExceptions(DefaultPermissionGrantPolicy.java:1488)
02-11 11:43:59.196  1337  1380 E DefaultPermGrantPolicy: 	at com.android.server.pm.permission.DefaultPermissionGrantPolicy.parse(DefaultPermissionGrantPolicy.java:1465)
02-11 11:43:59.196  1337  1380 E DefaultPermGrantPolicy: 	at com.android.server.pm.permission.DefaultPermissionGrantPolicy.readDefaultPermissionExceptionsLocked(DefaultPermissionGrantPolicy.java:1446)
