02-11 11:44:02.953  2664  2912 W PackageParser: Unknown element under <manifest>: queries at /data/user_de/0/com.google.android.gms/app_chimera/m/00000044/dl-Payments.integ_212480904100400.apk Binary XML file line #11
02-11 11:44:03.058  2664  2912 W PackageParser: Unknown element under <manifest>: queries at /data/user_de/0/com.google.android.gms/app_chimera/m/000000aa/dl-AdsFdrDynamite.integ_214106404100000.apk Binary XML file line #11
02-11 11:44:03.259  2664  2912 W PackageParser: Unknown element under <manifest>: queries at /data/user_de/0/com.google.android.gms/app_chimera/m/00000074/dl-AdsFdrDynamite.integ_213806100100000.apk Binary XML file line #11
02-11 11:44:03.439  2664  2912 W PackageParser: Unknown element under <manifest>: queries at /data/user_de/0/com.google.android.gms/app_chimera/m/0000006a/dl-Payments.integ_213380802100400.apk Binary XML file line #11
02-11 11:44:03.561  1337  1354 W BroadcastQueue: Background execution not allowed: receiving Intent { act=android.bluetooth.adapter.action.STATE_CHANGED flg=0x4000010 (has extras) } to com.google.android.gms/.chimera.GmsIntentOperationService$PersistentTrustedReceiver
02-11 11:44:03.569  2664  2912 W PackageParser: Unknown element under <manifest>: queries at /data/user_de/0/com.google.android.gms/app_chimera/m/00000074/dl-AdsFdrDynamite.integ_213806100100000.apk Binary XML file line #11
02-11 11:44:03.581  1337  1369 I ActivityManager: Start proc 3168:com.android.vending/u0a48 for broadcast {com.android.vending/com.google.android.finsky.simhandler.SimStateReceiver}
02-11 11:44:03.582  2664  2912 W PackageParser: Unknown element under <manifest>: queries at /data/user_de/0/com.google.android.gms/app_chimera/m/000000aa/dl-AdsFdrDynamite.integ_214106404100000.apk Binary XML file line #11
02-11 11:44:03.589  2664  2912 W PackageParser: Unknown element under <manifest>: queries at /data/user_de/0/com.google.android.gms/app_chimera/m/0000006a/dl-Payments.integ_213380802100400.apk Binary XML file line #11
02-11 11:44:03.660  2624  2795 E ActivityThread: Failed to find provider info for com.google.android.apps.wellbeing.api
02-11 11:44:03.662  2664  2912 W PackageParser: Unknown element under <manifest>: queries at /data/user_de/0/com.google.android.gms/app_chimera/m/00000074/dl-AdsFdrDynamite.integ_213806100100000.apk Binary XML file line #11
02-11 11:44:03.676  2664  2912 W PackageParser: Unknown element under <manifest>: queries at /data/user_de/0/com.google.android.gms/app_chimera/m/000000aa/dl-AdsFdrDynamite.integ_214106404100000.apk Binary XML file line #11
02-11 11:44:03.680  2664  2912 W PackageParser: Unknown element under <manifest>: queries at /data/user_de/0/com.google.android.gms/app_chimera/m/00000044/dl-Payments.integ_212480904100400.apk Binary XML file line #11
02-11 11:44:03.710  2664  2912 W PackageParser: Unknown element under <manifest>: queries at /data/user_de/0/com.google.android.gms/app_chimera/m/00000074/dl-AdsFdrDynamite.integ_213806100100000.apk Binary XML file line #11
02-11 11:44:03.720  2664  2912 W PackageParser: Unknown element under <manifest>: queries at /data/user_de/0/com.google.android.gms/app_chimera/m/000000aa/dl-AdsFdrDynamite.integ_214106404100000.apk Binary XML file line #11
02-11 11:44:03.767  1337  1362 I DisplayManagerService: Display device changed: DisplayDeviceInfo{"기본으로 제공되는 화면": uniqueId="local:19261132550654593", 1080 x 2280, modeId 1, defaultModeId 2, supportedModes [{id=1, width=1080, height=2280, fps=90.0}, {id=2, width=1080, height=2280, fps=60.000004}], colorMode 0, supportedColorModes [0, 7, 9], HdrCapabilities android.view.Display$HdrCapabilities@413e3a39, density 440, 442.451 x 445.476 dpi, appVsyncOff 2000000, presDeadline 11111111, touch INTERNAL, rotation 0, type BUILT_IN, address {port=129, model=0x446de5e3a74a}, state ON, FLAG_DEFAULT_DISPLAY, FLAG_ROTATES_WITH_CONTENT, FLAG_SECURE, FLAG_SUPPORTS_PROTECTED_BUFFERS}
02-11 11:44:03.904  1337  1354 W ProcessStats: Tracking association SourceState{7fb3211 com.google.android.gms.persistent/10052 ImpFg #587} whose proc state 2 is better than process ProcessState{95baf76 com.google.android.gms/10052 pkg=com.google.android.gms} proc state 3 (0 skipped)
02-11 11:44:03.906  1337  1362 D ColorDisplayService: NightDisplayTintController Animation cancelled: false to matrix: 
02-11 11:44:03.906  1337  1362 D ColorDisplayService:        1.000000 0.000000 0.000000 0.000000 0.000000 1.000000 0.000000 0.000000 0.000000 0.000000 1.000000 0.000000 0.000000 0.000000 0.000000 1.000000 min matrix coefficients: 
02-11 11:44:03.906  1337  1362 D ColorDisplayService:        1.000000 0.000000 0.000000 0.000000 0.000000 1.000000 0.000000 0.000000 0.000000 0.000000 1.000000 0.000000 0.000000 0.000000 0.000000 1.000000 max matrix coefficients: 
02-11 11:44:03.906  1337  1362 D ColorDisplayService:        1.000000 0.000000 0.000000 0.000000 0.000000 1.000000 0.000000 0.000000 0.000000 0.000000 1.000000 0.000000 0.000000 0.000000 0.000000 1.000000
02-11 11:44:04.019  1337  1362 D ColorDisplayService: DisplayWhiteBalanceTintController Animation cancelled: false to matrix: 
02-11 11:44:04.019  1337  1362 D ColorDisplayService:        0.975037-0.000574-0.000153 0.000000 0.024739 0.940080-0.000095 0.000000 0.000224 0.000051 0.938379 0.000000 0.000000 0.000000 0.000000 1.000000 min matrix coefficients: 
02-11 11:44:04.019  1337  1362 D ColorDisplayService:        0.975037-0.000574-0.000153 0.000000 0.000000 0.940080-0.000095 0.000000 0.000000 0.000000 0.938379 0.000000 0.000000 0.000000 0.000000 1.000000 max matrix coefficients: 
02-11 11:44:04.019  1337  1362 D ColorDisplayService:        1.000000 0.000000 0.000000 0.000000 0.024739 1.000000 0.000000 0.000000 0.000224 0.000051 1.000000 0.000000 0.000000 0.000000 0.000000 1.000000
02-11 11:44:04.059  1337  1859 D ConnectivityService: requestNetwork for uid/pid:10048/3168 NetworkRequest [ TRACK_DEFAULT id=26, [ Capabilities: INTERNET&NOT_RESTRICTED&TRUSTED Uid: 10048] ]
02-11 11:44:04.123  1574  1574 I imsrcsd : getAndroidPropValue : vendor.ims.modem.multisub.cap[2]
02-11 11:44:04.123  1574  1574 I imsrcsd : Uce Service HAL  detected modemVersion[2]
02-11 11:44:04.123  1574  1574 I imsrcsd : Uce Service HAL  loading lib-imsrcs-v2
02-11 11:44:04.143  1337  1369 I ActivityManager: Start proc 3227:com.google.process.gapps/u0a52 for content provider {com.google.android.gsf/com.google.android.gsf.settings.GoogleSettingsProvider}
02-11 11:44:04.158  1574  1574 I Diag_Lib: StartImsService
02-11 11:44:04.158  1574  1574 I imsrcsd : ImsServiceMain startService[1]
02-11 11:44:04.160  1574  3251 I ServiceManagement: Registered vendor.qti.ims.callinfo@1.0::IService/default (start delay of 5048ms)
02-11 11:44:04.160  1574  3251 I imsrcsd : ImsServiceMain Running..
02-11 11:44:04.279  1574  3250 I Diag_Lib: OnServiceStatusReceived iStatus[0]
02-11 11:44:04.280  1574  3250 E Diag_Lib: Modem does not support UCE/IMS-CM, proceed to register HAL's
02-11 11:44:04.280  1574  3250 I Diag_Lib: Starting Service for First Time
02-11 11:44:04.281  1574  3250 I ServiceManagement: Registered com.qualcomm.qti.uceservice@2.1::IUceService/com.qualcomm.qti.uceservice (start delay of 5168ms)
02-11 11:44:04.281  1574  3250 I Diag_Lib: CM service not required
02-11 11:44:04.305  1337  1369 I ActivityManager: Start proc 3272:com.google.android.partnersetup/u0a54 for broadcast {com.google.android.partnersetup/com.google.android.partnersetup.PhoneStateReceiver}
02-11 11:44:04.388  1337  1369 I ActivityManager: Start proc 3300:android.process.media/u0a56 for broadcast {com.android.providers.downloads/com.android.providers.downloads.DownloadReceiver}
02-11 11:44:04.417  1337  1369 I ActivityManager: Start proc 3322:com.android.localtransport/1000 for service {com.android.localtransport/com.android.localtransport.LocalTransportService}
02-11 11:44:04.441  1337  1337 I TransportClient: LocalTransportService#0: Notifying [TransportManager.registerTransport()] transport = IBackupTransport
02-11 11:44:04.443  1337  2473 D BackupTransportManager: Transport com.android.localtransport/.LocalTransportService registered
02-11 11:44:04.443  1337  2473 D BackupManagerService: Transport com.android.localtransport/.LocalTransport registered 3079ms after first request (delay = 3000ms)
02-11 11:44:04.471  1337  1337 I TransportClient: D2dTransportService#1: Notifying [TransportManager.registerTransport()] transport = IBackupTransport
02-11 11:44:04.477  1337  2473 D BackupTransportManager: Transport com.google.android.gms/.backup.component.D2dTransportService registered
02-11 11:44:04.477  1337  2473 D BackupManagerService: Transport com.google.android.gms/.backup.migrate.service.D2dTransport registered 3114ms after first request (delay = 3000ms)
02-11 11:44:04.505  1337  1369 I ActivityManager: Start proc 3354:com.android.vending:background/u0a48 for service {com.android.vending/com.google.android.finsky.ipcservers.background.BackgroundGrpcServerAndroidService}
02-11 11:44:04.507  1337  1337 I TransportClient: BackupTransportService#2: Notifying [TransportManager.registerTransport()] transport = IBackupTransport
02-11 11:44:04.514  1337  2473 D BackupTransportManager: Transport com.google.android.gms/.backup.BackupTransportService registered
02-11 11:44:04.514  1337  2473 D BackupManagerService: Transport com.google.android.gms/.backup.BackupTransportService registered 3150ms after first request (delay = 3000ms)
02-11 11:44:04.554  1337  1355 W BroadcastQueue: Background execution not allowed: receiving Intent { act=android.bluetooth.adapter.action.STATE_CHANGED flg=0x4000010 (has extras) } to com.google.android.gms/.chimera.GmsIntentOperationService$PersistentTrustedReceiver
02-11 11:44:04.567  1337  1369 I ActivityManager: Start proc 3380:com.android.quicksearchbox/u0a111 for broadcast {com.android.quicksearchbox/com.android.quicksearchbox.SearchWidgetProvider}
02-11 11:44:04.661  1337  1355 D ConnectivityService: requestNetwork for uid/pid:10048/3354 NetworkRequest [ TRACK_DEFAULT id=28, [ Capabilities: INTERNET&NOT_RESTRICTED&TRUSTED Uid: 10048] ]
02-11 11:44:05.014  1337  2473 I BackupManagerService: Found stale backup journal, scheduling
02-11 11:44:05.236  1337  2473 I chatty  : uid=1000 system_server identical 2201 lines
02-11 11:44:05.236  1337  2473 I BackupManagerService: Found stale backup journal, scheduling
02-11 11:44:05.236  1337  3416 I DropBoxManagerService: add tag=SYSTEM_BOOT isTagEnabled=true flags=0x2
02-11 11:44:05.236  1337  2473 I BackupManagerService: Found stale backup journal, scheduling
02-11 11:44:05.237  1337  2473 I chatty  : uid=1000 system_server identical 4 lines
02-11 11:44:05.237  1337  2473 I BackupManagerService: Found stale backup journal, scheduling
02-11 11:44:05.237  1337  3416 I BootReceiver: Copying audit failures to DropBox
02-11 11:44:05.237  1337  2473 I BackupManagerService: Found stale backup journal, scheduling
02-11 11:44:05.237  1337  2473 I chatty  : uid=1000 system_server identical 9 lines
02-11 11:44:05.237  1337  2473 I BackupManagerService: Found stale backup journal, scheduling
02-11 11:44:05.237  1337  3416 I BootReceiver: Checking for fsck errors
02-11 11:44:05.237  1337  2473 I BackupManagerService: Found stale backup journal, scheduling
02-11 11:44:05.239  1337  2473 I chatty  : uid=1000 system_server identical 13 lines
02-11 11:44:05.239  1337  2473 I BackupManagerService: Found stale backup journal, scheduling
02-11 11:44:05.239  1337  1484 D ConnectivityService: releasing NetworkRequest [ TRACK_DEFAULT id=15, [ Capabilities: INTERNET&NOT_RESTRICTED&TRUSTED Uid: 1001] ] (release request)
02-11 11:44:05.240  1337  2473 I BackupManagerService: Found stale backup journal, scheduling
02-11 11:44:05.266  1337  2473 I chatty  : uid=1000 system_server identical 267 lines
02-11 11:44:05.266  1337  2473 I BackupManagerService: Found stale backup journal, scheduling
02-11 11:44:05.266  1337  1369 I ActivityManager: Start proc 3419:com.facebook.katana/u0a137 for broadcast {com.facebook.katana/com.facebook.push.mqtt.receiver.BootCompleteBroadcastReceiver}
02-11 11:44:05.267  1337  2473 I BackupManagerService: Found stale backup journal, scheduling
02-11 11:44:05.384  1337  2473 I chatty  : uid=1000 system_server identical 2775 lines
02-11 11:44:05.384  1337  2473 I BackupManagerService: Found stale backup journal, scheduling
02-11 11:44:05.385   923   923 W wificond: Scan is not started. Ignore abort request
02-11 11:44:05.386  1337  2473 I BackupManagerService: Found stale backup journal, scheduling
02-11 11:44:05.544  1337  2473 I chatty  : uid=1000 system_server identical 3582 lines
02-11 11:44:05.544  1337  2473 I BackupManagerService: Found stale backup journal, scheduling
02-11 11:44:05.545  1337  1479 D ConnectivityService: registerNetworkAgent NetworkAgentInfo{ ni{[type: WIFI[], state: CONNECTING/CONNECTING, reason: (unspecified), extra: (none), failover: false, available: true, roaming: false]}  network{100}  nethandle{432902426637}  lp{{LinkAddresses: [ ] DnsAddresses: [ ] Domains: null MTU: 0 Routes: [ ]}}  nc{[ Transports: WIFI Capabilities: NOT_METERED&INTERNET&NOT_RESTRICTED&NOT_VPN&NOT_ROAMING&FOREGROUND&NOT_CONGESTED&NOT_SUSPENDED LinkUpBandwidth>=1048576Kbps LinkDnBandwidth>=1048576Kbps Specifier: <WifiNetworkAgentSpecifier [WifiConfiguration=, SSID="CSL_iptime5G", BSSID=70:5d:cc:ae:d4:6e, mOriginalRequestorUid=-1, mOriginalRequestorPackageName=]> SSID: "CSL_iptime5G"]}  Score{20}  everValidated{false}  lastValidated{false}  created{false} lingering{false} explicitlySelected{false} acceptUnvalidated{false} everCaptivePortalDetected{false} lastCaptivePortalDetected{false} captivePortalValidationPending{false} partialConnectivity{false} acceptPartialConnectivity{false} clat{mBaseIface: null, mIface: null, mState: IDLE} }
02-11 11:44:05.545  1337  2473 I BackupManagerService: Found stale backup journal, scheduling
02-11 11:44:05.554  1337  2473 I chatty  : uid=1000 system_server identical 138 lines
02-11 11:44:05.554  1337  2473 I BackupManagerService: Found stale backup journal, scheduling
02-11 11:44:05.555  1337  1484 D ConnectivityService: NetworkAgentInfo [WIFI () - 100] EVENT_NETWORK_INFO_CHANGED, going from null to CONNECTING
02-11 11:44:05.555  1337  2473 I BackupManagerService: Found stale backup journal, scheduling
02-11 11:44:05.576  1337  2473 I chatty  : uid=1000 system_server identical 458 lines
02-11 11:44:05.576  1337  2473 I BackupManagerService: Found stale backup journal, scheduling
02-11 11:44:05.576  1337  1484 D ConnectivityService: NetworkAgentInfo [WIFI () - 100] EVENT_NETWORK_INFO_CHANGED, going from CONNECTING to CONNECTING
02-11 11:44:05.576  1337  2473 I BackupManagerService: Found stale backup journal, scheduling
02-11 11:44:05.581  1337  2473 I chatty  : uid=1000 system_server identical 95 lines
02-11 11:44:05.581  1337  2473 I BackupManagerService: Found stale backup journal, scheduling
02-11 11:44:05.581  1337  1484 D ConnectivityService: Adding iface wlan0 to network 100
02-11 11:44:05.581  1337  2473 I BackupManagerService: Found stale backup journal, scheduling
02-11 11:44:05.581  1337  2473 I chatty  : uid=1000 system_server identical 1 line
02-11 11:44:05.581  1337  2473 I BackupManagerService: Found stale backup journal, scheduling
02-11 11:44:05.582  1337  1484 E ConnectivityService: Exception adding interface: java.lang.IllegalStateException: android.os.ServiceSpecificException: Machine is not on the network (code 64)
02-11 11:44:05.582  1337  2473 I BackupManagerService: Found stale backup journal, scheduling
02-11 11:44:05.703  1337  2473 I chatty  : uid=1000 system_server identical 2924 lines
02-11 11:44:05.703  1337  2473 I BackupManagerService: Found stale backup journal, scheduling
02-11 11:44:05.703  1337  1484 E ConnectivityService: Exception in addRoute for non-gateway: java.lang.IllegalStateException: android.os.ServiceSpecificException: Machine is not on the network (code 64)
02-11 11:44:05.703  1337  2473 I BackupManagerService: Found stale backup journal, scheduling
02-11 11:44:05.703  1337  2473 I chatty  : uid=1000 system_server identical 13 lines
02-11 11:44:05.703  1337  2473 I BackupManagerService: Found stale backup journal, scheduling
02-11 11:44:05.703  1337  1484 E ConnectivityService: Exception in addRoute for gateway: java.lang.IllegalStateException: android.os.ServiceSpecificException: Machine is not on the network (code 64)
02-11 11:44:05.703  1337  2473 I BackupManagerService: Found stale backup journal, scheduling
02-11 11:44:05.714  1337  2473 I chatty  : uid=1000 system_server identical 243 lines
02-11 11:44:05.714  1337  2473 I BackupManagerService: Found stale backup journal, scheduling
02-11 11:44:05.714  1337  1484 D ConnectivityService: Setting DNS servers for network 100 to [/8.8.8.8, /8.8.4.4]
02-11 11:44:05.714  1337  2473 I BackupManagerService: Found stale backup journal, scheduling
02-11 11:44:05.715  1337  2473 I chatty  : uid=1000 system_server identical 18 lines
02-11 11:44:05.715  1337  2473 I BackupManagerService: Found stale backup journal, scheduling
02-11 11:44:05.715  1337  1484 D DnsManager: setDnsConfigurationForNetwork(100, [8.8.8.8, 8.8.4.4], [], 1800, 25, 8, 64, 0, 0, , [])
02-11 11:44:05.715  1337  2473 I BackupManagerService: Found stale backup journal, scheduling
02-11 11:44:05.716  1337  2473 I chatty  : uid=1000 system_server identical 18 lines
02-11 11:44:05.716  1337  2473 I BackupManagerService: Found stale backup journal, scheduling
02-11 11:44:05.716  1337  1484 E DnsManager: Error setting DNS configuration: android.os.ServiceSpecificException: Machine is not on the network (code 64)
02-11 11:44:05.717  1337  2473 I BackupManagerService: Found stale backup journal, scheduling
02-11 11:44:05.723  1337  2473 I chatty  : uid=1000 system_server identical 179 lines
02-11 11:44:05.725  1337  2473 I BackupManagerService: Found stale backup journal, scheduling
02-11 11:44:05.725  1337  1484 D ConnectivityService: NetworkAgentInfo [WIFI () - 100] EVENT_NETWORK_INFO_CHANGED, going from CONNECTING to CONNECTED
02-11 11:44:05.725  1337  2473 I BackupManagerService: Found stale backup journal, scheduling
02-11 11:44:05.727  1337  2473 I chatty  : uid=1000 system_server identical 77 lines
02-11 11:44:05.727  1337  2473 I BackupManagerService: Found stale backup journal, scheduling
02-11 11:44:05.728  1337  1484 W DnsManager: updatePrivateDns(100, PrivateDnsConfig{true:/[]})
02-11 11:44:05.728  1337  2473 I BackupManagerService: Found stale backup journal, scheduling
02-11 11:44:05.728  1337  1484 D ConnectivityService: Setting DNS servers for network 100 to [/8.8.8.8, /8.8.4.4]
02-11 11:44:05.728  1337  2473 I BackupManagerService: Found stale backup journal, scheduling
02-11 11:44:05.728  1337  2473 I chatty  : uid=1000 system_server identical 17 lines
02-11 11:44:05.728  1337  2473 I BackupManagerService: Found stale backup journal, scheduling
02-11 11:44:05.728  1337  1484 D DnsManager: setDnsConfigurationForNetwork(100, [8.8.8.8, 8.8.4.4], [], 1800, 25, 8, 64, 0, 0, , [8.8.8.8, 8.8.4.4])
02-11 11:44:05.728  1337  2473 I BackupManagerService: Found stale backup journal, scheduling
02-11 11:44:05.729  1337  2473 I chatty  : uid=1000 system_server identical 18 lines
02-11 11:44:05.729  1337  2473 I BackupManagerService: Found stale backup journal, scheduling
02-11 11:44:05.729  1337  1484 D ConnectivityService: Adding iface wlan0 to network 100
02-11 11:44:05.729  1337  2473 I BackupManagerService: Found stale backup journal, scheduling
02-11 11:44:05.733  1337  2473 I chatty  : uid=1000 system_server identical 58 lines
02-11 11:44:05.733  1337  2473 I BackupManagerService: Found stale backup journal, scheduling
02-11 11:44:05.734  1337  1484 D ConnectivityService: Setting DNS servers for network 100 to [/8.8.8.8, /8.8.4.4]
02-11 11:44:05.734  1337  2473 I BackupManagerService: Found stale backup journal, scheduling
02-11 11:44:05.734  1337  2473 I chatty  : uid=1000 system_server identical 1 line
02-11 11:44:05.734  1337  2473 I BackupManagerService: Found stale backup journal, scheduling
02-11 11:44:05.734  1337  1484 D DnsManager: setDnsConfigurationForNetwork(100, [8.8.8.8, 8.8.4.4], [], 1800, 25, 8, 64, 0, 0, , [8.8.8.8, 8.8.4.4])
02-11 11:44:05.734  1337  2473 I BackupManagerService: Found stale backup journal, scheduling
02-11 11:44:05.751  1337  2473 I chatty  : uid=1000 system_server identical 492 lines
02-11 11:44:05.751  1337  2473 I BackupManagerService: Found stale backup journal, scheduling
02-11 11:44:05.751   787  1036 E NetlinkEvent: NetlinkEvent::FindParam(): Parameter 'INTERFACE' not found
02-11 11:44:05.751   787  1036 E NetlinkEvent: NetlinkEvent::FindParam(): Parameter 'STATE' not found
02-11 11:44:05.751   787  1036 E NetlinkEvent: NetlinkEvent::FindParam(): Parameter 'TIME_NS' not found
02-11 11:44:05.751  1337  2473 I BackupManagerService: Found stale backup journal, scheduling
02-11 11:44:05.751   787  1036 E NetlinkEvent: NetlinkEvent::FindParam(): Parameter 'UID' not found
02-11 11:44:05.751  1337  2473 I BackupManagerService: Found stale backup journal, scheduling
02-11 11:44:05.752  1337  2473 I chatty  : uid=1000 system_server identical 20 lines
02-11 11:44:05.752  1337  2473 I BackupManagerService: Found stale backup journal, scheduling
02-11 11:44:05.752  1337  1484 D ConnectivityService: Switching to new default network: NetworkAgentInfo{ ni{[type: WIFI[], state: CONNECTED/CONNECTED, reason: (unspecified), extra: (none), failover: false, available: true, roaming: false]}  network{100}  nethandle{432902426637}  lp{{InterfaceName: wlan0 LinkAddresses: [ fe80::5dd3:32f5:5319:6e04/64,192.168.0.5/24 ] DnsAddresses: [ /8.8.8.8,/8.8.4.4 ] Domains: null MTU: 0 TcpBufferSizes: 524288,2097152,8388608,262144,524288,4194304 Routes: [ fe80::/64 -> :: wlan0,192.168.0.0/24 -> 0.0.0.0 wlan0,0.0.0.0/0 -> 192.168.0.1 wlan0 ]}}  nc{[ Transports: WIFI Capabilities: NOT_METERED&INTERNET&NOT_RESTRICTED&TRUSTED&NOT_VPN&NOT_ROAMING&FOREGROUND&NOT_CONGESTED&NOT_SUSPENDED LinkUpBandwidth>=1048576Kbps LinkDnBandwidth>=1048576Kbps Specifier: <WifiNetworkAgentSpecifier [WifiConfiguration=, SSID="CSL_iptime5G", BSSID=70:5d:cc:ae:d4:6e, mOriginalRequestorUid=-1, mOriginalRequestorPackageName=]> SignalStrength: -38 SSID: "CSL_iptime5G"]}  Score{20}  everValidated{false}  lastValidated{false}  created{true} lingering{false} explicitlySelected{false} acceptUnvalidated{false} everCaptivePortalDetected{false} lastCaptivePortalDetected{false} captivePortalValidationPending{false} partialConnectivity{false} acceptPartialConnectivity{false} clat{mBaseIface: null, mIface: null, mState: IDLE} }
02-11 11:44:05.753  1337  2473 I BackupManagerService: Found stale backup journal, scheduling
02-11 11:44:05.768  1337  2473 I chatty  : uid=1000 system_server identical 278 lines
02-11 11:44:05.768  1337  2473 I BackupManagerService: Found stale backup journal, scheduling
02-11 11:44:05.768  1337  1484 D ConnectivityService: Sending CONNECTED broadcast for type 1 NetworkAgentInfo [WIFI () - 100] isDefaultNetwork=true
02-11 11:44:05.768  1337  2473 I BackupManagerService: Found stale backup journal, scheduling
02-11 11:44:05.801  1337  2473 I chatty  : uid=1000 system_server identical 858 lines
02-11 11:44:05.801  1337  2473 I BackupManagerService: Found stale backup journal, scheduling
02-11 11:44:05.801  1337  1361 I DropBoxManagerService: add tag=system_app_strictmode isTagEnabled=true flags=0x2
02-11 11:44:05.801  1337  2473 I BackupManagerService: Found stale backup journal, scheduling
02-11 11:44:05.803  1337  2473 I chatty  : uid=1000 system_server identical 38 lines
02-11 11:44:05.803  1337  2473 I BackupManagerService: Found stale backup journal, scheduling
02-11 11:44:05.803  1337  1361 I DropBoxManagerService: add tag=system_app_strictmode isTagEnabled=true flags=0x2
02-11 11:44:05.803  1337  2473 I BackupManagerService: Found stale backup journal, scheduling
02-11 11:44:06.060  1337  2473 I chatty  : uid=1000 system_server identical 6650 lines
02-11 11:44:06.060  1337  2473 I BackupManagerService: Found stale backup journal, scheduling
02-11 11:44:06.060  1337  1484 D ConnectivityService: NetworkAgentInfo [WIFI () - 100] validation passed
02-11 11:44:06.060  1337  2473 I BackupManagerService: Found stale backup journal, scheduling
02-11 11:44:06.072  1337  2473 I chatty  : uid=1000 system_server identical 318 lines
02-11 11:44:06.072  1337  2473 I BackupManagerService: Found stale backup journal, scheduling
02-11 11:44:06.073  1337  1484 D ConnectivityService: Setting DNS servers for network 100 to [/8.8.8.8, /8.8.4.4]
02-11 11:44:06.073  1337  2473 I BackupManagerService: Found stale backup journal, scheduling
02-11 11:44:06.073  1337  2473 I chatty  : uid=1000 system_server identical 3 lines
02-11 11:44:06.073  1337  2473 I BackupManagerService: Found stale backup journal, scheduling
02-11 11:44:06.073  1337  1484 D DnsManager: setDnsConfigurationForNetwork(100, [8.8.8.8, 8.8.4.4], [], 1800, 25, 8, 64, 0, 0, , [8.8.8.8, 8.8.4.4])
02-11 11:44:06.073  1337  2473 I BackupManagerService: Found stale backup journal, scheduling
02-11 11:44:06.137  1337  2473 I chatty  : uid=1000 system_server identical 1234 lines
02-11 11:44:06.137  1337  2473 I BackupManagerService: Found stale backup journal, scheduling
02-11 11:44:06.137  1337  1622 W SyncManager: Clock is valid now.
02-11 11:44:06.138  1337  2473 I BackupManagerService: Found stale backup journal, scheduling
02-11 11:44:06.223  1337  2473 I chatty  : uid=1000 system_server identical 1362 lines
02-11 11:44:06.223  1337  2473 I BackupManagerService: Found stale backup journal, scheduling
02-11 11:44:06.225  1337  1859 I DropBoxManagerService: add tag=event_log isTagEnabled=true flags=0x2
02-11 11:44:06.225  1337  2473 I BackupManagerService: Found stale backup journal, scheduling
02-11 11:44:06.227  1337  2473 I chatty  : uid=1000 system_server identical 38 lines
02-11 11:44:06.227  1337  2473 I BackupManagerService: Found stale backup journal, scheduling
02-11 11:44:06.229  1337  2801 I DropBoxManagerService: add tag=event_data isTagEnabled=true flags=0x2
02-11 11:44:06.230  1337  2473 I BackupManagerService: Found stale backup journal, scheduling
02-11 11:44:06.348  1337  2473 I chatty  : uid=1000 system_server identical 2094 lines
02-11 11:44:06.348  1337  2473 I BackupManagerService: Found stale backup journal, scheduling
02-11 11:44:06.348  1337  2801 D ConnectivityService: requestNetwork for uid/pid:10052/2289 NetworkRequest [ TRACK_DEFAULT id=30, [ Capabilities: INTERNET&NOT_RESTRICTED&TRUSTED Uid: 10052] ]
02-11 11:44:06.348  1337  2473 I BackupManagerService: Found stale backup journal, scheduling
02-11 11:44:06.885  1337  2473 I chatty  : uid=1000 system_server identical 13198 lines
02-11 11:44:06.886  1337  2473 I BackupManagerService: Found stale backup journal, scheduling
02-11 11:44:06.886  1337  1378 V DisplayPowerController: Brightness [6] reason changing to: 'manual [ dim ]', previous reason: 'manual'.
02-11 11:44:06.886  1337  2473 I BackupManagerService: Found stale backup journal, scheduling
02-11 11:44:07.406  1337  2473 I chatty  : uid=1000 system_server identical 12779 lines
02-11 11:44:07.406  1337  2473 I BackupManagerService: Found stale backup journal, scheduling
02-11 11:44:07.967  1337  1369 I ActivityManager: Start proc 3626:com.android.dialer/u0a105 for broadcast {com.android.dialer/com.android.dialer.app.calllog.CallLogReceiver}
02-11 11:44:08.285  1337  1378 I PowerManagerService: Going to sleep due to timeout (uid 1000)...
02-11 11:44:08.286  1337  1378 I DreamManagerService: Entering dreamland.
02-11 11:44:08.286  1337  1378 I PowerManagerService: Dozing...
02-11 11:44:08.286  1337  1359 I DreamController: Starting dream: name=ComponentInfo{com.android.systemui/com.android.systemui.doze.DozeService}, isTest=false, canDoze=true, userId=0
02-11 11:44:08.289  1337  1359 D AutofillManagerService: Close system dialogs
02-11 11:44:08.350  1337  1878 W ActivityManager: Background start not allowed: service Intent { act=Orca.START cmp=com.facebook.katana/com.facebook.mqttlite.MqttService (has extras) } to com.facebook.katana/com.facebook.mqttlite.MqttService from pid=3419 uid=10137 pkg=com.facebook.katana startFg?=false
02-11 11:44:08.356  1337  1378 V DisplayPowerController: Brightness [144] reason changing to: 'manual', previous reason: 'manual [ dim ]'.
02-11 11:44:08.577  1337  1859 W OverlayManager: service 'idmap' died
02-11 11:44:08.774  1337  1378 I DisplayPowerController: Blocking screen off
02-11 11:44:08.774  1337  1378 I DisplayPowerController: Unblocked screen off after 0 ms
02-11 11:44:08.775  1337  1354 V FaceService: mDaemon was null, reconnect to face
02-11 11:44:08.778  1337  1354 V FaceService: Face HAL id: 42
02-11 11:44:08.789  1337  1378 V DisplayPowerController: Brightness [0] reason changing to: 'screen_off', previous reason: 'manual'.
02-11 11:44:08.792  1337  1378 D ColorDisplayService: resetDisplayWhiteBalanceColorTemperature: 6700
02-11 11:44:08.793  1337  1378 D ColorDisplayService: setDisplayWhiteBalanceTemperatureMatrix: cct = 6700 matrix = 
02-11 11:44:08.793  1337  1378 D ColorDisplayService:        0.982261-0.000392 0.000072 0.000000 0.016672 0.958703-0.000234 0.000000 0.000646-0.001085 1.000162 0.000000 0.000000 0.000000 0.000000 1.000000
02-11 11:44:08.793  1337  1362 I DisplayManagerService: Display device changed state: "기본으로 제공되는 화면", OFF
02-11 11:44:08.805  1337  1457 D FaceService: onLockoutChanged: 0
02-11 11:44:08.805  1337  1354 V FaceService: Enumerating user(0)
02-11 11:44:09.705  1337  1337 W Looper  : Slow dispatch took 1566ms main h=android.app.ActivityThread$H c=android.app.-$$Lambda$LoadedApk$ReceiverDispatcher$Args$_BumDX2UKsnxLVrE6UJsJZkotuA@4969df8 m=0
02-11 11:44:09.705  1337  1337 W Looper  : Slow delivery took 1564ms main h=com.android.server.job.JobSchedulerService$JobHandler c=null m=4
02-11 11:44:09.706  1337  1337 W UsageStatsService: Event reported without a package name, eventType:16
02-11 11:44:09.708  1337  1337 V FaceService: starting client EnumerateClient(android) targetUserId: 0 currentUserId: 0 cookie: 0/0
02-11 11:44:09.712  1337  1337 W Looper  : Drained
02-11 11:44:09.713  1337  1337 V FaceService: Done with client: android
02-11 11:44:09.713  1337  1337 V FaceService: clearEnumerateState()
02-11 11:44:09.713  1337  1337 I Telecom : DefaultDialerCache: Refreshing default dialer for user 0: now com.android.dialer: DDC.oR@AB4
02-11 11:44:09.713  1337  1367 I PackageManager: Optimistic bind succeeded.
02-11 11:44:09.714  1337  1337 I Telecom : MissedCallNotifierImpl: reloadAfterBootComplete: user=0: TSBCR.oR@AB8
02-11 11:44:09.730  1337  2801 I DreamManagerService: Leaving dreamland.
02-11 11:44:09.730  1337  1359 I DreamManagerService: Performing gentle wake from dream.
02-11 11:44:09.730  1337  1359 I DreamController: Stopping dream: name=ComponentInfo{com.android.systemui/com.android.systemui.doze.DozeService}, isTest=false, canDoze=true, userId=0
02-11 11:44:09.731  1337  1378 I PowerManagerService: Sleeping (uid 1000)...
02-11 11:44:09.763  1337  1369 I ActivityManager: Start proc 3689:com.android.carrierconfig/u0a103 for service {com.android.carrierconfig/com.android.carrierconfig.DefaultCarrierConfigService}
02-11 11:44:09.774  1337  1369 I ActivityManager: Start proc 3709:com.android.calendar/u0a108 for broadcast {com.android.calendar/com.android.calendar.alerts.AlertReceiver}
02-11 11:44:09.831  1337  1337 I Telecom : PhoneAccountRegistrar: getSimCallManager: SimCallManager for subId -1 queried, returning: null: TSI.gSCMFU@ACE
02-11 11:44:09.833  1894  1894 I TelecomFramework: : Carrier-config changed, checking for phone account updates.
02-11 11:44:09.843  1337  1359 D AutofillManagerService: Close system dialogs
02-11 11:44:09.854  1337  1369 I ActivityManager: Start proc 3739:com.android.contacts/u0a104 for broadcast {com.android.contacts/com.android.contacts.interactions.OnBootOrUpgradeReceiver}
02-11 11:44:09.958  1337  1878 I ActivityManager: Killing 1925:com.android.settings/1000 (adj 975): empty #17
02-11 11:44:09.961  1337  1369 I ActivityManager: Start proc 3764:com.android.dynsystem/1000 for broadcast {com.android.dynsystem/com.android.dynsystem.BootCompletedReceiver}
02-11 11:44:09.980  1337  1878 I ActivityManager: Killing 2604:com.android.music/u0a107 (adj 975): empty #17
02-11 11:44:09.989  1337  1362 W ActivityManager: setHasOverlayUi called on unknown pid: 1925
02-11 11:44:09.995  1337  1354 D DynamicSystemService: GsiService is not ready, wait for 64ms
02-11 11:44:10.066  1337  3784 W DynamicSystemService: gsiservice died; reconnecting
02-11 11:44:10.076  1337  1354 I ActivityManager: Killing 2749:com.android.keychain/1000 (adj 975): empty #17
02-11 11:44:10.110  1337  1355 I ActivityManager: Process com.android.inputmethod.latin (pid 2085) has died: fore IMPB
02-11 11:44:10.110  1337  1355 W ActivityManager: Scheduling restart of crashed service com.android.inputmethod.latin/.LatinIME in 1000ms
02-11 11:44:10.132  1337  1369 I ActivityManager: Start proc 3792:com.android.managedprovisioning/u0a44 for broadcast {com.android.managedprovisioning/com.android.managedprovisioning.preprovisioning.BootReminder}
02-11 11:44:10.202  1337  1355 I ActivityManager: Killing 3272:com.google.android.partnersetup/u0a54 (adj 975): empty #17
02-11 11:44:10.212  1337  1369 I ActivityManager: Start proc 3813:com.android.messaging/u0a94 for broadcast {com.android.messaging/com.android.messaging.receiver.BootAndPackageReplacedReceiver}
02-11 11:44:10.323  1337  1369 I ActivityManager: Start proc 3841:com.android.permissioncontroller/u0a51 for broadcast {com.android.permissioncontroller/com.android.packageinstaller.permission.service.LocationAccessCheck$SetupPeriodicBackgroundLocationAccessCheck}
02-11 11:44:10.411  1337  1878 I ActivityManager: Killing 3322:com.android.localtransport/1000 (adj 975): empty #17
02-11 11:44:10.433  1337  1369 I ActivityManager: Start proc 3864:com.android.providers.calendar/u0a55 for broadcast {com.android.providers.calendar/com.android.providers.calendar.CalendarReceiver}
02-11 11:44:10.488  1337  1355 I ActivityManager: Killing 3354:com.android.vending:background/u0a48 (adj 975): empty #17
02-11 11:44:10.505  1337  1515 I ActivityManager: Killing 3168:com.android.vending/u0a48 (adj 985): empty #17
02-11 11:44:10.517  1337  1354 D ConnectivityService: ConnectivityService NetworkRequestInfo binderDied(NetworkRequest [ TRACK_DEFAULT id=28, [ Capabilities: INTERNET&NOT_RESTRICTED&TRUSTED Uid: 10048] ], android.os.BinderProxy@76c2a50)
02-11 11:44:10.518  1337  1484 D ConnectivityService: releasing NetworkRequest [ TRACK_DEFAULT id=28, [ Capabilities: INTERNET&NOT_RESTRICTED&TRUSTED Uid: 10048] ] (release request)
02-11 11:44:10.518  1337  3791 W ActivityManager: Scheduling restart of crashed service com.android.vending/com.google.android.finsky.ipcservers.background.BackgroundGrpcServerAndroidService in 10593ms
02-11 11:44:10.539  1337  1515 D ConnectivityService: ConnectivityService NetworkRequestInfo binderDied(NetworkRequest [ LISTEN id=27, [ Capabilities: INTERNET&NOT_RESTRICTED&TRUSTED Uid: 10048] ], android.os.BinderProxy@975745a)
02-11 11:44:10.539  1337  1864 D ConnectivityService: ConnectivityService NetworkRequestInfo binderDied(NetworkRequest [ TRACK_DEFAULT id=26, [ Capabilities: INTERNET&NOT_RESTRICTED&TRUSTED Uid: 10048] ], android.os.BinderProxy@812268b)
02-11 11:44:10.540  1337  1484 D ConnectivityService: releasing NetworkRequest [ TRACK_DEFAULT id=26, [ Capabilities: INTERNET&NOT_RESTRICTED&TRUSTED Uid: 10048] ] (release request)
02-11 11:44:10.544  1337  1369 I ActivityManager: Start proc 3888:com.android.settings/1000 for broadcast {com.android.settings/com.android.settings.fuelgauge.batterytip.AnomalyConfigReceiver}
02-11 11:44:10.613  1337  1355 I ActivityManager: Killing 3380:com.android.quicksearchbox/u0a111 (adj 985): empty #17
02-11 11:44:10.660  1337  1369 I ActivityManager: Start proc 3911:com.android.traceur/u0a93 for broadcast {com.android.traceur/com.android.traceur.Receiver}
02-11 11:44:10.751  1337  1355 I ActivityManager: Killing 2917:com.google.android.apps.work.clouddpc/u0a120 (adj 985): empty #17
02-11 11:44:10.763  1337  1369 I ActivityManager: Start proc 3933:com.android.vending/u0a48 for broadcast {com.android.vending/com.google.android.finsky.boothandler.BootCompletedReceiver}
02-11 11:44:10.994  1337  1878 D ConnectivityService: requestNetwork for uid/pid:10048/3933 NetworkRequest [ TRACK_DEFAULT id=32, [ Capabilities: INTERNET&NOT_RESTRICTED&TRUSTED Uid: 10048] ]
02-11 11:44:11.126  1337  1369 I ActivityManager: Start proc 4006:com.android.inputmethod.latin/u0a117 for service {com.android.inputmethod.latin/com.android.inputmethod.latin.LatinIME}
02-11 11:44:11.138  1337  1859 I ActivityManager: Killing 2624:com.google.android.youtube/u0a126 (adj 985): empty #17
02-11 11:44:11.156  1337  1369 I ActivityManager: Start proc 4028:com.google.android.apps.turbo/u0a64 for broadcast {com.google.android.apps.turbo/com.google.android.apps.turbo.deadline.library.BootReceiver}
02-11 11:44:11.325  1337  1859 D ConnectivityService: ConnectivityService NetworkRequestInfo binderDied(NetworkRequest [ TRACK_DEFAULT id=22, [ Capabilities: INTERNET&NOT_RESTRICTED&TRUSTED Uid: 10126] ], android.os.BinderProxy@32a6f01)
02-11 11:44:11.325  1337  1484 D ConnectivityService: releasing NetworkRequest [ TRACK_DEFAULT id=22, [ Capabilities: INTERNET&NOT_RESTRICTED&TRUSTED Uid: 10126] ] (release request)
02-11 11:44:11.325  1337  1686 D ConnectivityService: ConnectivityService NetworkRequestInfo binderDied(NetworkRequest [ TRACK_DEFAULT id=23, [ Capabilities: INTERNET&NOT_RESTRICTED&TRUSTED Uid: 10126] ], android.os.BinderProxy@7ac37e7)
02-11 11:44:11.325  1337  2522 D ConnectivityService: ConnectivityService NetworkRequestInfo binderDied(NetworkRequest [ TRACK_DEFAULT id=16, [ Capabilities: INTERNET&NOT_RESTRICTED&TRUSTED Uid: 10126] ], android.os.BinderProxy@1065f94)
02-11 11:44:11.325  1337  3784 D ConnectivityService: ConnectivityService NetworkRequestInfo binderDied(NetworkRequest [ LISTEN id=17, [ Capabilities: INTERNET&NOT_RESTRICTED&TRUSTED&FOREGROUND Uid: 10126] ], android.os.BinderProxy@14dfa3d)
02-11 11:44:11.326  1337  1484 D ConnectivityService: releasing NetworkRequest [ TRACK_DEFAULT id=23, [ Capabilities: INTERNET&NOT_RESTRICTED&TRUSTED Uid: 10126] ] (release request)
02-11 11:44:11.326  1337  1484 D ConnectivityService: releasing NetworkRequest [ TRACK_DEFAULT id=16, [ Capabilities: INTERNET&NOT_RESTRICTED&TRUSTED Uid: 10126] ] (release request)
02-11 11:44:11.328  1337  1878 D ConnectivityService: ConnectivityService NetworkRequestInfo binderDied(NetworkRequest [ TRACK_DEFAULT id=21, [ Capabilities: INTERNET&NOT_RESTRICTED&TRUSTED Uid: 10126] ], android.os.BinderProxy@2a9c1a6)
02-11 11:44:11.329  1337  1484 D ConnectivityService: releasing NetworkRequest [ TRACK_DEFAULT id=21, [ Capabilities: INTERNET&NOT_RESTRICTED&TRUSTED Uid: 10126] ] (release request)
02-11 11:44:11.340  1337  1868 I ActivityManager: Killing 2690:com.android.printspooler/u0a71 (adj 985): empty #17
02-11 11:44:11.360  1337  1369 I ActivityManager: Start proc 4067:com.google.android.apps.turbo:aab/u0a64 for broadcast {com.google.android.apps.turbo/com.google.android.libraries.smartbattery.appusage.library.BootReceiver}
02-11 11:44:11.385  1337  1369 I ActivityManager: Start proc 4090:com.android.vending:background/u0a48 for service {com.android.vending/com.google.android.finsky.ipcservers.background.BackgroundGrpcServerAndroidService}
02-11 11:44:11.512  1337  1868 I ActivityManager: Killing 3419:com.facebook.katana/u0a137 (adj 985): empty #17
02-11 11:44:11.524  1337  1369 I ActivityManager: Start proc 4122:com.google.android.apps.turbo:ssb/u0a64 for broadcast {com.google.android.apps.turbo/com.google.android.libraries.smartbattery.brightness.library.BootReceiver}
02-11 11:44:11.582  1337  1865 D ConnectivityService: requestNetwork for uid/pid:10048/4090 NetworkRequest [ TRACK_DEFAULT id=34, [ Capabilities: INTERNET&NOT_RESTRICTED&TRUSTED Uid: 10048] ]
02-11 11:44:11.617  1337  1865 I ActivityManager: Killing 3709:com.android.calendar/u0a108 (adj 985): empty #17
02-11 11:44:11.645  1337  1865 I ActivityManager: Killing 3689:com.android.carrierconfig/u0a103 (adj 985): empty #17
02-11 11:44:11.800  1337  1362 D ColorDisplayService: DisplayWhiteBalanceTintController Animation cancelled: false to matrix: 
02-11 11:44:11.800  1337  1362 D ColorDisplayService:        0.982261-0.000392 0.000072 0.000000 0.016672 0.958703-0.000234 0.000000 0.000646-0.001085 1.000162 0.000000 0.000000 0.000000 0.000000 1.000000 min matrix coefficients: 
02-11 11:44:11.800  1337  1362 D ColorDisplayService:        0.975037-0.000574-0.000153 0.000000 0.016672 0.940080-0.000234 0.000000 0.000224-0.001085 0.938379 0.000000 0.000000 0.000000 0.000000 1.000000 max matrix coefficients: 
02-11 11:44:11.800  1337  1362 D ColorDisplayService:        0.982261 0.000000 0.000072 0.000000 0.024739 0.958703 0.000000 0.000000 0.000646 0.000051 1.000162 0.000000 0.000000 0.000000 0.000000 1.000000
02-11 11:44:11.873  1337  1369 I ActivityManager: Start proc 4173:com.google.android.onetimeinitializer/u0a40 for broadcast {com.google.android.onetimeinitializer/com.google.android.onetimeinitializer.OneTimeInitializerReceiver}
02-11 11:44:11.951  1337  1369 I ActivityManager: Start proc 4202:com.google.android.packageinstaller/u0a63 for broadcast {com.google.android.packageinstaller/com.android.packageinstaller.TemporaryFileManager}
02-11 11:44:12.012  1337  1369 I ActivityManager: Start proc 4224:com.google.android.partnersetup/u0a54 for broadcast {com.google.android.partnersetup/com.google.android.partnersetup.GooglePartnerSetup}
02-11 11:44:12.159  1337  1865 I ActivityManager: Killing 2228:com.android.cellbroadcastreceiver/u0a45 (adj 985): empty #17
02-11 11:44:12.172  1337  1369 I ActivityManager: Start proc 4252:com.google.android.setupwizard/u0a49 for broadcast {com.google.android.setupwizard/com.google.android.setupwizard.deferred.PostSetupLifecycleBootReceiver}
02-11 11:44:12.209  1337  1865 I ActivityManager: Killing 3739:com.android.contacts/u0a104 (adj 975): empty #17
02-11 11:44:12.463  1337  1865 W BroadcastQueue: Permission Denial: receiving Intent { act=android.intent.action.BOOT_COMPLETED flg=0x89000010 (has extras) } to com.google.android.syncadapters.calendar/com.google.android.libraries.internal.growth.growthkit.inject.GrowthKitBootCompletedBroadcastReceiver requires android.permission.RECEIVE_BOOT_COMPLETED due to sender null (uid 1000)
02-11 11:44:12.476  1337  1369 I ActivityManager: Start proc 4291:com.google.process.gapps/u0a86 for broadcast {com.google.android.syncadapters.contacts/com.google.android.syncadapters.contacts.ContactsSyncAdapterBroadcastReceiver}
02-11 11:44:12.678  1337  1369 I ActivityManager: Start proc 4321:com.google.android.tts/u0a72 for broadcast {com.google.android.tts/androidx.work.impl.background.systemalarm.RescheduleReceiver}
02-11 11:44:13.059  1337  1515 I ActivityManager: Killing 2719:com.android.deskclock/u0a118 (adj 985): empty #17
02-11 11:44:13.090  1337  1369 I ActivityManager: Start proc 4361:com.dropbox.android/u0a144 for broadcast {com.dropbox.android/com.dropbox.android.camerauploads.CameraUploadsWakeupReceiver}
02-11 11:44:13.275  1337  4360 D ConnectivityService: requestNetwork for uid/pid:10048/4090 NetworkRequest [ TRACK_DEFAULT id=37, [ Capabilities: INTERNET&NOT_RESTRICTED&TRUSTED Uid: 10048] ]
02-11 11:44:13.460  1337  1868 D ConnectivityService: requestNetwork for uid/pid:10144/4361 NetworkRequest [ TRACK_DEFAULT id=39, [ Capabilities: INTERNET&NOT_RESTRICTED&TRUSTED Uid: 10144] ]
02-11 11:44:13.875  1337  1868 I ActivityManager: Killing 3626:com.android.dialer/u0a105 (adj 985): empty #17
02-11 11:44:13.888  1337  1355 I ActivityManager: Start proc 4461:com.facebook.katana/u0a137 for content provider {com.facebook.katana/com.facebook.katana.provider.AttributionIdProvider}
02-11 11:44:14.080  1337  1369 I ActivityManager: Start proc 4511:com.android.webview:sandboxed_process0:org.chromium.content.app.SandboxedProcessService0/u0ai9000 for  {com.dropbox.android/org.chromium.content.app.SandboxedProcessService0}
02-11 11:44:14.141  1337  1354 I ActivityManager: Killing 3764:com.android.dynsystem/1000 (adj 985): empty #17
02-11 11:44:14.249  1337  1859 D ConnectivityService: requestNetwork for uid/pid:10144/4361 NetworkRequest [ TRACK_DEFAULT id=40, [ Capabilities: INTERNET&NOT_RESTRICTED&TRUSTED Uid: 10144] ]
02-11 11:44:14.315  1337  1859 D ConnectivityService: requestNetwork for uid/pid:10144/4361 NetworkRequest [ TRACK_DEFAULT id=42, [ Capabilities: INTERNET&NOT_RESTRICTED&TRUSTED Uid: 10144] ]
02-11 11:44:14.804  1337  1354 I ActivityManager: Killing 3792:com.android.managedprovisioning/u0a44 (adj 985): empty #17
02-11 11:44:14.836  1337  1337 V SettingsProvider: Notifying for 0: content://settings/global/Phenotype_boot_count
02-11 11:44:15.030  1337  1354 D BiometricService: canAuthenticate: User=0, Caller=0
02-11 11:44:15.030  1337  1354 D BiometricService: checkAndGetBiometricModality: user=0 isHardwareDetected=true hasTemplatesEnrolled=false enabledForApps=false
02-11 11:44:15.053  1337  1369 I ActivityManager: Start proc 4654:com.google.android.gms.unstable/u0a52 for service {com.google.android.gms/com.google.android.gms.droidguard.DroidGuardService}
02-11 11:44:15.161  1337  1369 I ActivityManager: Start proc 4695:com.facebook.katana:fwkstartlog/u0a137 for service {com.facebook.katana/com.facebook.analytics.appstatelogger.AppStateIntentService}
02-11 11:44:15.173  1337  1369 I ActivityManager: Start proc 4718:com.google.android.apps.work.clouddpc/u0a120 for broadcast {com.google.android.apps.work.clouddpc/com.google.android.apps.work.clouddpc.receivers.BootCompletedReceiver}
02-11 11:44:15.175  1337  4360 D BackupTransportManager: Transport com.google.android.gms/.backup.BackupTransportService updated its attributes
02-11 11:44:15.366  1337  1859 I ActivityManager: Killing 3841:com.android.permissioncontroller/u0a51 (adj 985): empty #17
02-11 11:44:15.517  1337  1868 I ActivityManager: Killing 3864:com.android.providers.calendar/u0a55 (adj 985): empty #17
02-11 11:44:15.645  1337  1859 D BiometricService: canAuthenticate: User=0, Caller=0
02-11 11:44:15.645  1337  1859 D BiometricService: checkAndGetBiometricModality: user=0 isHardwareDetected=true hasTemplatesEnrolled=false enabledForApps=false
02-11 11:44:16.158  1337  1369 I ActivityManager: Start proc 4929:com.google.android.youtube/u0a126 for broadcast {com.google.android.youtube/com.google.android.libraries.notifications.entrypoints.restart.RestartReceiver}
02-11 11:44:16.160  1337  1354 I ActivityManager: Killing 3813:com.android.messaging/u0a94 (adj 985): empty #17
02-11 11:44:16.555  1337  2801 D ConnectivityService: requestNetwork for uid/pid:10126/4929 NetworkRequest [ TRACK_DEFAULT id=45, [ Capabilities: INTERNET&NOT_RESTRICTED&TRUSTED Uid: 10126] ]
02-11 11:44:16.632  1337  4063 I DropBoxManagerService: add tag=keymaster isTagEnabled=true flags=0x0
02-11 11:44:16.634  2289  4876 V PackageManager: [ab0c3957-20e6-4169-bc55-303ae9140ff8] Phase1 called; posting
02-11 11:44:16.743  2289  2311 V PackageManager: [89df3bd7-bb93-45b0-85d0-921bbe9dc3d0] Phase1 called; posting
02-11 11:44:16.780  2289  2289 D PackageManager: [ab0c3957-20e6-4169-bc55-303ae9140ff8] Phase1 request; prefix: [-2130968576, -1932832768, -1555861504, -1552310272, -1068515328, -1025130496, -997539840, -955932672, -839684096, 61583360, 650297344, 1055113216, 1644240896], userId: 0
02-11 11:44:16.843  2289  2289 D PackageManager: [89df3bd7-bb93-45b0-85d0-921bbe9dc3d0] Phase1 request; prefix: [-2130968576, -1721020416, -1583374336, -1552310272, -1108963328, -946245632, -200196096, 189898752, 771837952, 896106496, 945725440, 1336086528, 1548259328, 2136985600], userId: 0
02-11 11:44:16.898  1337  1355 D ConnectivityService: requestNetwork for uid/pid:10126/4929 NetworkRequest [ TRACK_DEFAULT id=47, [ Capabilities: INTERNET&NOT_RESTRICTED&TRUSTED Uid: 10126] ]
02-11 11:44:16.946  1337  1864 D ConnectivityService: requestNetwork for uid/pid:10126/4929 NetworkRequest [ TRACK_DEFAULT id=48, [ Capabilities: INTERNET&NOT_RESTRICTED&TRUSTED Uid: 10126] ]
02-11 11:44:17.222  1337  1354 W ActivityManager: Appop Denial: Accessing service com.google.android.gms/com.google.android.location.internal.server.GoogleLocationService from pid=2289, uid=10052 requires appop COARSE_LOCATION
02-11 11:44:17.386  1337  1868 I ActivityManager: Force stopping com.king.candycrushsaga appid=10128 user=0: from pid 5115
02-11 11:44:17.418  1337  1354 I ActivityManager: Force stopping com.google.android.apps.maps appid=10135 user=0: from pid 5122
02-11 11:44:17.432  1337  2801 I ActivityManager: Force stopping com.google.android.gm appid=10136 user=0: from pid 5126
02-11 11:44:17.444  1337  1859 I ActivityManager: Force stopping com.google.android.youtube appid=10126 user=0: from pid 5130
02-11 11:44:17.444  1337  1859 I ActivityManager: Killing 4929:com.google.android.youtube/u0a126 (adj 0): stop com.google.android.youtube
02-11 11:44:17.450  1337  1355 W ActivityManager: Unbind failed: could not find connection for android.os.BinderProxy@2d17ec
02-11 11:44:17.459  1337  1369 I ActivityManager: Start proc 5136:com.kakao.talk/u0a134 for broadcast {com.kakao.talk/com.kakao.talk.receiver.InstallReferrerReceiver}
02-11 11:44:17.460  1337  2801 I ActivityManager: Force stopping com.instagram.android appid=10127 user=0: from pid 5135
02-11 11:44:17.476  1337  1868 I ActivityManager: Force stopping com.twitter.android appid=10133 user=0: from pid 5152
02-11 11:44:17.488  1337  1355 W ActivityManager: Invalid packageName: android.intent.action.VIEW
02-11 11:44:17.497  1337  1369 I ActivityManager: Start proc 5172:com.google.android.gms.ui/u0a52 for service {com.google.android.gms/com.google.android.gms.chimera.UiIntentOperationService}
