           <...>-5052  [004] ....   871.582818: do_anonymous_page: anonymous tgid 1332 5052 "Binder:1332_12" 130cd000
    Binder:602_3-729   [004] ....   871.583220: do_anonymous_page: anonymous tgid 602 729 "Binder:602_3" 7fba616000
    Binder:602_3-729   [004] ....   871.583264: do_anonymous_page: anonymous tgid 602 729 "Binder:602_3" 7fba617000
    Binder:602_3-729   [004] ....   871.583283: do_anonymous_page: anonymous tgid 602 729 "Binder:602_3" 7fba618000
           <...>-6425  [004] ....   871.583860: do_anonymous_page: anonymous tgid 6408 6425 "Binder:6408_1" ef187000
           <...>-6046  [004] ....   871.583976: do_anonymous_page: anonymous tgid 6015 6046 "Binder:6015_4" 12c42000
           <...>-5374  [004] ....   871.584557: do_anonymous_page: anonymous tgid 5293 5374 "Binder:5293_5" 12c41000
           <...>-3534  [004] ....   871.584969: do_anonymous_page: anonymous tgid 3515 3534 "Binder:3515_3" 12e02000
           <...>-3324  [004] ....   871.585387: do_anonymous_page: anonymous tgid 2920 3324 "Binder:2920_4" 7f33eef000
   Binder:2248_3-2380  [004] ....   871.586360: do_anonymous_page: anonymous tgid 2248 2380 "Binder:2248_3" 13882000
           <...>-1870  [004] ....   871.586705: do_anonymous_page: anonymous tgid 1840 1870 "Binder:1840_3" 12c46000
   system_server-1332  [004] ....   871.587088: do_anonymous_page: anonymous tgid 1332 1332 "system_server" 12d82000
           <...>-2020  [004] ....   871.587244: do_anonymous_page: anonymous tgid 1650 2020 "Binder:1650_5" 7ebe541000
           <...>-2020  [004] ....   871.587250: do_anonymous_page: anonymous tgid 1650 2020 "Binder:1650_5" 7ebe540000
           <...>-7020  [004] ....   871.587458: do_anonymous_page: anonymous tgid 1650 7020 "Binder:1650_9" 7fbdcc8000
           <...>-7020  [004] ....   871.587475: do_anonymous_page: anonymous tgid 1650 7020 "Binder:1650_9" 12e80000
           <...>-2431  [004] ....   871.587564: do_anonymous_page: anonymous tgid 1650 2431 "Binder:1650_8" 7f30a7a000
           <...>-2431  [004] ....   871.587574: do_anonymous_page: anonymous tgid 1650 2431 "Binder:1650_8" 12ec0000
           <...>-2014  [004] ....   871.587757: do_anonymous_page: anonymous tgid 1650 2014 "Binder:1650_4" 12d81000
           <...>-2217  [004] ....   871.587793: do_anonymous_page: anonymous tgid 1650 2217 "Binder:1650_7" 7f30b7b000
           <...>-2542  [004] ....   871.587913: do_anonymous_page: anonymous tgid 1976 2542 "Binder:1976_4" 12d01000
           <...>-1673  [004] ....   871.587950: do_anonymous_page: anonymous tgid 1650 1673 "Binder:1650_1" 7f315f2000
           <...>-1673  [004] ....   871.587960: do_anonymous_page: anonymous tgid 1650 1673 "Binder:1650_1" 12f00000
           <...>-6408  [004] ....   871.588161: do_anonymous_page: anonymous tgid 6408 6408 "ProcessService0" 12c80000
           <...>-4074  [004] ....   871.589078: do_anonymous_page: anonymous tgid 4074 4074 "putmethod.latin" 12d86000
           <...>-2920  [004] ....   871.589293: do_anonymous_page: anonymous tgid 2920 2920 "android.vending" 12c80000
           <...>-2439  [004] ....   871.589662: do_anonymous_page: anonymous tgid 2439 2439 "com.android.nfc" 12d98000
           <...>-3835  [004] ....   871.590335: do_anonymous_page: anonymous tgid 1332 3835 "Binder:1332_10" 7e616cd000
           <...>-3835  [004] ....   871.590341: do_anonymous_page: anonymous tgid 1332 3835 "Binder:1332_10" 7e616cc000
           <...>-3835  [004] ....   871.590388: do_anonymous_page: anonymous tgid 1332 3835 "Binder:1332_10" 7f20e92000
           <...>-3835  [004] ....   871.590400: do_anonymous_page: anonymous tgid 1332 3835 "Binder:1332_10" 13240000
           <...>-6819  [004] ....   871.590673: do_anonymous_page: anonymous tgid 1332 6819 "Binder:1332_18" 7f21074000
           <...>-6819  [004] ....   871.590685: do_anonymous_page: anonymous tgid 1332 6819 "Binder:1332_18" 13280000
           <...>-7021  [004] ....   871.590740: do_anonymous_page: anonymous tgid 1332 7021 "Binder:1332_1B" 7f20fc6000
           <...>-7021  [004] ....   871.590752: do_anonymous_page: anonymous tgid 1332 7021 "Binder:1332_1B" 132c0000
           <...>-2480  [004] ....   871.590809: do_anonymous_page: anonymous tgid 1332 2480 "Binder:1332_C" 7f2da20000
           <...>-2480  [004] ....   871.590819: do_anonymous_page: anonymous tgid 1332 2480 "Binder:1332_C" 13300000
           <...>-5272  [004] ....   871.590877: do_anonymous_page: anonymous tgid 1332 5272 "Binder:1332_14" 7f210e6000
           <...>-5272  [004] ....   871.590886: do_anonymous_page: anonymous tgid 1332 5272 "Binder:1332_14" 13340000
           <...>-1666  [004] ....   871.590941: do_anonymous_page: anonymous tgid 1332 1666 "Binder:1332_5" 7f233e2000
           <...>-1666  [004] ....   871.590950: do_anonymous_page: anonymous tgid 1332 1666 "Binder:1332_5" 13380000
           <...>-3805  [004] ....   871.591003: do_anonymous_page: anonymous tgid 1332 3805 "Binder:1332_F" 7f20fa2000
           <...>-3805  [004] ....   871.591012: do_anonymous_page: anonymous tgid 1332 3805 "Binder:1332_F" 133c0000
           <...>-6707  [004] ....   871.591067: do_anonymous_page: anonymous tgid 1332 6707 "Binder:1332_17" 7f236bf000
           <...>-6707  [004] ....   871.591077: do_anonymous_page: anonymous tgid 1332 6707 "Binder:1332_17" 13400000
  Binder:1332_13-5186  [004] ....   871.591127: do_anonymous_page: anonymous tgid 1332 5186 "Binder:1332_13" 7f210e8000
  Binder:1332_13-5186  [004] ....   871.591136: do_anonymous_page: anonymous tgid 1332 5186 "Binder:1332_13" 13440000
           <...>-1349  [004] ....   871.591190: do_anonymous_page: anonymous tgid 1332 1349 "Binder:1332_1" 7f315b9000
           <...>-1349  [004] ....   871.591201: do_anonymous_page: anonymous tgid 1332 1349 "Binder:1332_1" 13480000
           <...>-6923  [004] ....   871.591257: do_anonymous_page: anonymous tgid 1332 6923 "Binder:1332_1A" 7f2101f000
           <...>-6923  [004] ....   871.591267: do_anonymous_page: anonymous tgid 1332 6923 "Binder:1332_1A" 134c0000
           <...>-5775  [004] ....   871.591323: do_anonymous_page: anonymous tgid 1332 5775 "Binder:1332_16" 7f236c3000
           <...>-5775  [004] ....   871.591332: do_anonymous_page: anonymous tgid 1332 5775 "Binder:1332_16" 13500000
           <...>-1641  [004] ....   871.591384: do_anonymous_page: anonymous tgid 1332 1641 "Binder:1332_4" 7f235b8000
           <...>-1641  [004] ....   871.591394: do_anonymous_page: anonymous tgid 1332 1641 "Binder:1332_4" 13540000
           <...>-1511  [004] ....   871.591450: do_anonymous_page: anonymous tgid 1332 1511 "Binder:1332_3" 7f2afeb000
           <...>-1511  [004] ....   871.591460: do_anonymous_page: anonymous tgid 1332 1511 "Binder:1332_3" 13580000
           <...>-1912  [004] ....   871.591516: do_anonymous_page: anonymous tgid 1332 1912 "Binder:1332_8" 7f3107f000
           <...>-1912  [004] ....   871.591531: do_anonymous_page: anonymous tgid 1332 1912 "Binder:1332_8" 135c0000
           <...>-6878  [004] ....   871.591668: do_anonymous_page: anonymous tgid 1332 6878 "Binder:1332_19" 7f21023000
           <...>-6878  [004] ....   871.591677: do_anonymous_page: anonymous tgid 1332 6878 "Binder:1332_19" 13600000
           <...>-2481  [004] ....   871.591733: do_anonymous_page: anonymous tgid 1332 2481 "Binder:1332_D" 7f21021000
           <...>-2481  [004] ....   871.591743: do_anonymous_page: anonymous tgid 1332 2481 "Binder:1332_D" 13640000
           <...>-5587  [004] ....   871.591795: do_anonymous_page: anonymous tgid 1332 5587 "Binder:1332_15" 7f236c5000
           <...>-5587  [004] ....   871.591805: do_anonymous_page: anonymous tgid 1332 5587 "Binder:1332_15" 13680000
           <...>-2466  [004] ....   871.591860: do_anonymous_page: anonymous tgid 1332 2466 "Binder:1332_B" 7f232d0000
           <...>-2466  [004] ....   871.591870: do_anonymous_page: anonymous tgid 1332 2466 "Binder:1332_B" 136c0000
           <...>-2457  [004] ....   871.591951: do_anonymous_page: anonymous tgid 1332 2457 "Binder:1332_A" 7f2da22000
           <...>-2457  [004] ....   871.591961: do_anonymous_page: anonymous tgid 1332 2457 "Binder:1332_A" 13700000
           <...>-1678  [004] ....   871.592016: do_anonymous_page: anonymous tgid 1332 1678 "Binder:1332_6" 7f232cc000
           <...>-1678  [004] ....   871.592025: do_anonymous_page: anonymous tgid 1332 1678 "Binder:1332_6" 13740000
           <...>-1840  [004] ....   871.592614: do_anonymous_page: anonymous tgid 1840 1840 "elephonyservice" 12c95000
           <...>-1857  [004] ....   871.593873: do_anonymous_page: anonymous tgid 1857 1857 "m.android.phone" 13505000
           <...>-1817  [004] ....   871.594218: do_anonymous_page: anonymous tgid 1817 1817 "qtidataservices" 12c9f000
           <...>-1736  [004] ....   871.594280: do_anonymous_page: anonymous tgid 1736 1736 "id.networkstack" 12f8a000
           <...>-6296  [004] ....   871.595261: do_anonymous_page: anonymous tgid 6279 6296 "Binder:6279_1" 7f346f0000
           <...>-6015  [004] ....   871.595427: do_anonymous_page: anonymous tgid 6015 6015 "webview_service" 12cc3000
           <...>-2402  [004] ....   871.595974: do_anonymous_page: anonymous tgid 2402 2402 "ocess.gservices" 12c82000
           <...>-6641  [004] ....   871.596985: do_anonymous_page: anonymous tgid 6516 6641 "Binder:6516_3" 12d02000
           <...>-6516  [004] ....   871.597125: do_anonymous_page: anonymous tgid 6516 6516 ".android.chrome" 12e05000
           <...>-3364  [004] ....   871.598124: do_anonymous_page: anonymous tgid 3364 3364 "d.process.media" 12c46000
           <...>-2488  [004] ....   871.598284: do_anonymous_page: anonymous tgid 2488 2488 ".ims.rcsservice" 12ca4000
           <...>-1925  [004] ....   871.599332: do_anonymous_page: anonymous tgid 1925 1925 "id.ext.services" 12c96000
           <...>-2681  [004] ....   871.600651: do_anonymous_page: anonymous tgid 2681 2681 ".qcrilmsgtunnel" 12c86000
 gle.android.gms-2567  [004] ....   871.602945: do_anonymous_page: anonymous tgid 2567 2567 "gle.android.gms" 12c88000
           <...>-3515  [004] ....   871.605055: do_anonymous_page: anonymous tgid 3515 3515 "ding:background" 12cc7000
           <...>-4161  [004] ....   871.606736: do_anonymous_page: anonymous tgid 4161 4161 "id.partnersetup" 12c8d000
           <...>-5906  [004] ....   871.608563: do_anonymous_page: anonymous tgid 5906 5906 "roid.smartboard" 12ccb000
           <...>-5906  [004] ....   871.608934: do_anonymous_page: anonymous tgid 5906 5906 "roid.smartboard" 71430000
           <...>-5906  [004] ....   871.609051: do_anonymous_page: anonymous tgid 5906 5906 "roid.smartboard" 12ccc000
  Binder:1332_11-3958  [004] ....   871.612492: do_anonymous_page: anonymous tgid 1332 3958 "Binder:1332_11" 7f20de5000
  Binder:1332_11-3958  [004] ....   871.612520: do_anonymous_page: anonymous tgid 1332 3958 "Binder:1332_11" 13780000
           <...>-6934  [004] ....   871.612663: do_anonymous_page: anonymous tgid 6934 6934 "oadcastreceiver" 12cc4000
 ndroid.systemui-1650  [004] ....   871.621485: do_anonymous_page: anonymous tgid 1650 1650 "ndroid.systemui" 1322f000
 ndroid.systemui-1650  [004] ....   871.621784: do_anonymous_page: anonymous tgid 1650 1650 "ndroid.systemui" 13230000
           <...>-2189  [004] ....   871.621896: do_anonymous_page: anonymous tgid 1650 2189 "ScreenDecoratio" 135c9000
 .gms.persistent-2248  [004] ....   871.623051: do_anonymous_page: anonymous tgid 2248 2248 ".gms.persistent" 12c61000
 .gms.persistent-2248  [004] ....   871.623219: do_anonymous_page: anonymous tgid 2248 2248 ".gms.persistent" 12c62000
 .gms.persistent-2248  [004] ....   871.623286: do_anonymous_page: anonymous tgid 2248 2248 ".gms.persistent" 12c63000
 .gms.persistent-2248  [004] ....   871.623339: do_anonymous_page: anonymous tgid 2248 2248 ".gms.persistent" 12c64000
 .gms.persistent-2248  [004] ....   871.623376: do_anonymous_page: anonymous tgid 2248 2248 ".gms.persistent" 12c65000
 .gms.persistent-2248  [004] ....   871.623427: do_anonymous_page: anonymous tgid 2248 2248 ".gms.persistent" 12c66000
 .gms.persistent-2248  [004] ....   871.623464: do_anonymous_page: anonymous tgid 2248 2248 ".gms.persistent" 12c67000
 .gms.persistent-2248  [004] ....   871.623498: do_anonymous_page: anonymous tgid 2248 2248 ".gms.persistent" 12c68000
 .gms.persistent-2248  [004] ....   871.623550: do_anonymous_page: anonymous tgid 2248 2248 ".gms.persistent" 12c69000
           <...>-5052  [004] ....   871.626413: do_anonymous_page: anonymous tgid 1332 5052 "Binder:1332_12" 130ce000
           <...>-2181  [004] ....   871.627066: do_anonymous_page: anonymous tgid 1650 2181 "Binder:1650_6" 12cc1000
           <...>-1674  [004] ....   871.627175: do_anonymous_page: anonymous tgid 1650 1674 "Binder:1650_2" 12dc1000
           <...>-1366  [004] ....   871.627825: do_anonymous_page: anonymous tgid 1332 1366 "OomAdjuster" 137c0000
           <...>-2020  [004] ....   871.632405: do_anonymous_page: anonymous tgid 1650 2020 "Binder:1650_5" 7f346f1000
           <...>-2020  [004] ....   871.632424: do_anonymous_page: anonymous tgid 1650 2020 "Binder:1650_5" 12c41000
           <...>-1680  [004] ....   871.632677: do_anonymous_page: anonymous tgid 1650 1680 "Binder:1650_3" 12e41000
           <...>-1680  [004] ....   871.632727: do_anonymous_page: anonymous tgid 1650 1680 "Binder:1650_3" 12e42000
           <...>-2431  [004] ....   871.632895: do_anonymous_page: anonymous tgid 1650 2431 "Binder:1650_8" 12ec1000
           <...>-1909  [004] ....   871.633173: do_anonymous_page: anonymous tgid 1332 1909 "Binder:1332_7" 12d03000
           <...>-6279  [004] ....   871.634057: do_anonymous_page: anonymous tgid 6279 6279 "com.rovio.baba" 12c44000
           <...>-6279  [004] ....   871.634188: do_anonymous_page: anonymous tgid 6279 6279 "com.rovio.baba" 12c45000
           <...>-1976  [004] ....   871.635612: do_anonymous_page: anonymous tgid 1976 1976 "droid.launcher3" 12e53000
           <...>-1352  [004] ....   871.637767: do_anonymous_page: anonymous tgid 1332 1352 "android.ui" 12fc1000
           <...>-1471  [004] ....   871.638408: do_anonymous_page: anonymous tgid 1332 1471 "tworkPolicy.uid" 13800000
           <...>-6279  [004] ....   871.644016: do_anonymous_page: anonymous tgid 6279 6279 "com.rovio.baba" 12c46000
           <...>-1995  [004] ....   871.648411: do_anonymous_page: anonymous tgid 1976 1995 "Binder:1976_1" 12f81000
           <...>-2537  [004] ....   871.650506: do_anonymous_page: anonymous tgid 1976 2537 "RenderThread" 7ec7591000
           <...>-2537  [004] ....   871.651148: do_anonymous_page: anonymous tgid 1976 2537 "RenderThread" 7f3151b000
           <...>-6279  [004] ....   871.651918: do_anonymous_page: anonymous tgid 6279 6279 "com.rovio.baba" 7f29221000
           <...>-6279  [004] ....   871.651924: do_anonymous_page: anonymous tgid 6279 6279 "com.rovio.baba" 7f29220000
           <...>-1976  [004] ....   871.652397: do_anonymous_page: anonymous tgid 1976 1976 "droid.launcher3" 12e54000
           <...>-6279  [004] ....   871.653387: do_anonymous_page: anonymous tgid 6279 6279 "com.rovio.baba" 12c47000
           <...>-6279  [004] ....   871.653453: do_anonymous_page: anonymous tgid 6279 6279 "com.rovio.baba" 12c48000
           <...>-6279  [004] ....   871.653470: do_anonymous_page: anonymous tgid 6279 6279 "com.rovio.baba" 12c49000
           <...>-6279  [004] ....   871.653539: do_anonymous_page: anonymous tgid 6279 6279 "com.rovio.baba" 12c4a000
           <...>-6326  [004] ....   871.653616: do_anonymous_page: anonymous tgid 6279 6326 "pool-3-thread-1" 12d80000
           <...>-6326  [004] ....   871.653678: do_anonymous_page: anonymous tgid 6279 6326 "pool-3-thread-1" 12d81000
           <...>-6400  [004] ....   871.654561: do_anonymous_page: anonymous tgid 6279 6400 "GoogleApiHandle" 12dc0000
           <...>-6326  [004] ....   871.654739: do_anonymous_page: anonymous tgid 6279 6326 "pool-3-thread-1" 12d82000
           <...>-6326  [004] ....   871.654762: do_anonymous_page: anonymous tgid 6279 6326 "pool-3-thread-1" 12d83000
           <...>-6326  [004] ....   871.654839: do_anonymous_page: anonymous tgid 6279 6326 "pool-3-thread-1" 12d84000
           <...>-6326  [004] ....   871.654862: do_anonymous_page: anonymous tgid 6279 6326 "pool-3-thread-1" 12d85000
           <...>-6326  [004] ....   871.654880: do_anonymous_page: anonymous tgid 6279 6326 "pool-3-thread-1" 12d86000
           <...>-6326  [004] ....   871.654927: do_anonymous_page: anonymous tgid 6279 6326 "pool-3-thread-1" 12d87000
           <...>-6326  [004] ....   871.654950: do_anonymous_page: anonymous tgid 6279 6326 "pool-3-thread-1" 12d88000
           <...>-6326  [004] ....   871.655013: do_anonymous_page: anonymous tgid 6279 6326 "pool-3-thread-1" 12d89000
           <...>-6326  [004] ....   871.655033: do_anonymous_page: anonymous tgid 6279 6326 "pool-3-thread-1" 12d8a000
           <...>-6326  [004] ....   871.655051: do_anonymous_page: anonymous tgid 6279 6326 "pool-3-thread-1" 12d8b000
           <...>-6326  [004] ....   871.655068: do_anonymous_page: anonymous tgid 6279 6326 "pool-3-thread-1" 12d8c000
           <...>-6326  [004] ....   871.655088: do_anonymous_page: anonymous tgid 6279 6326 "pool-3-thread-1" 12d8d000
           <...>-6326  [004] ....   871.655128: do_anonymous_page: anonymous tgid 6279 6326 "pool-3-thread-1" 12d8e000
           <...>-6326  [004] ....   871.655147: do_anonymous_page: anonymous tgid 6279 6326 "pool-3-thread-1" 12d8f000
           <...>-6324  [004] ....   871.655206: do_anonymous_page: anonymous tgid 6279 6324 "pool-5-thread-1" 12e00000
           <...>-6324  [004] ....   871.655590: do_anonymous_page: anonymous tgid 6279 6324 "pool-5-thread-1" 12e01000
           <...>-3106  [004] ....   871.656948: do_anonymous_page: anonymous tgid 2248 3106 "Binder:2248_6" 7f3103f000
           <...>-3106  [004] ....   871.656968: do_anonymous_page: anonymous tgid 2248 3106 "Binder:2248_6" 13b40000
           <...>-6620  [004] ....   871.659375: do_anonymous_page: anonymous tgid 6279 6620 "GoogleApiHandle" 12e40000
           <...>-6324  [004] ....   871.659652: do_anonymous_page: anonymous tgid 6279 6324 "pool-5-thread-1" 12e02000
           <...>-6324  [004] ....   871.659688: do_anonymous_page: anonymous tgid 6279 6324 "pool-5-thread-1" 12e03000
           <...>-6326  [004] ....   871.660141: do_anonymous_page: anonymous tgid 6279 6326 "pool-3-thread-1" 12d90000
           <...>-6326  [004] ....   871.660245: do_anonymous_page: anonymous tgid 6279 6326 "pool-3-thread-1" 12d91000
           <...>-6326  [004] ....   871.660322: do_anonymous_page: anonymous tgid 6279 6326 "pool-3-thread-1" 12d92000
           <...>-6326  [004] ....   871.660345: do_anonymous_page: anonymous tgid 6279 6326 "pool-3-thread-1" 12d93000
           <...>-6326  [004] ....   871.660362: do_anonymous_page: anonymous tgid 6279 6326 "pool-3-thread-1" 12d94000
           <...>-6326  [004] ....   871.660381: do_anonymous_page: anonymous tgid 6279 6326 "pool-3-thread-1" 12d95000
           <...>-6326  [004] ....   871.660396: do_anonymous_page: anonymous tgid 6279 6326 "pool-3-thread-1" 12d96000
           <...>-6326  [004] ....   871.660425: do_anonymous_page: anonymous tgid 6279 6326 "pool-3-thread-1" 12d97000
           <...>-6326  [004] ....   871.660451: do_anonymous_page: anonymous tgid 6279 6326 "pool-3-thread-1" 12d98000
           <...>-6326  [004] ....   871.660481: do_anonymous_page: anonymous tgid 6279 6326 "pool-3-thread-1" 12d99000
           <...>-6326  [004] ....   871.660517: do_anonymous_page: anonymous tgid 6279 6326 "pool-3-thread-1" 12d9a000
           <...>-6326  [004] ....   871.660537: do_anonymous_page: anonymous tgid 6279 6326 "pool-3-thread-1" 12d9b000
           <...>-6326  [004] ....   871.660553: do_anonymous_page: anonymous tgid 6279 6326 "pool-3-thread-1" 12d9c000
           <...>-6326  [004] ....   871.660575: do_anonymous_page: anonymous tgid 6279 6326 "pool-3-thread-1" 12d9d000
           <...>-6326  [004] ....   871.660593: do_anonymous_page: anonymous tgid 6279 6326 "pool-3-thread-1" 12d9e000
           <...>-6326  [004] ....   871.660629: do_anonymous_page: anonymous tgid 6279 6326 "pool-3-thread-1" 12d9f000
           <...>-6326  [004] ....   871.660641: do_anonymous_page: anonymous tgid 6279 6326 "pool-3-thread-1" 12da0000
  Binder:1332_13-5186  [004] ....   871.661491: do_anonymous_page: anonymous tgid 1332 5186 "Binder:1332_13" 13441000
           <...>-2189  [004] ....   871.662026: do_anonymous_page: anonymous tgid 1650 2189 "ScreenDecoratio" 135ca000
           <...>-6324  [004] ....   871.663813: do_anonymous_page: anonymous tgid 6279 6324 "pool-5-thread-1" 12e04000
           <...>-2005  [004] ....   871.665770: do_anonymous_page: anonymous tgid 1976 2005 "UiThreadHelper" 12c44000
 ActivityManager-1361  [004] ....   871.666043: do_anonymous_page: anonymous tgid 1332 1361 "ActivityManager" 12dc3000
           <...>-1353  [004] ....   871.666400: do_anonymous_page: anonymous tgid 1332 1353 "android.io" 13840000
           <...>-1479  [004] ....   871.666604: do_anonymous_page: anonymous tgid 1332 1479 "ConnectivitySer" 13880000
           <...>-1353  [004] ....   871.667338: do_anonymous_page: anonymous tgid 1332 1353 "android.io" 13841000
           <...>-1353  [004] ....   871.667367: do_anonymous_page: anonymous tgid 1332 1353 "android.io" 13842000
           <...>-1353  [004] ....   871.667396: do_anonymous_page: anonymous tgid 1332 1353 "android.io" 13843000
           <...>-1353  [004] ....   871.667416: do_anonymous_page: anonymous tgid 1332 1353 "android.io" 13844000
           <...>-1353  [004] ....   871.667432: do_anonymous_page: anonymous tgid 1332 1353 "android.io" 13845000
           <...>-1353  [004] ....   871.667456: do_anonymous_page: anonymous tgid 1332 1353 "android.io" 13846000
           <...>-1975  [004] ....   871.667635: do_anonymous_page: anonymous tgid 1650 1975 "VolumeDialogCon" 12f40000
    Binder:602_3-729   [004] ....   871.671208: do_anonymous_page: anonymous tgid 602 729 "Binder:602_3" 7fba77b000
    Binder:602_3-729   [004] ....   871.671244: do_anonymous_page: anonymous tgid 602 729 "Binder:602_3" 7fba77c000
   Binder:1332_2-1350  [004] ....   871.671538: do_anonymous_page: anonymous tgid 1332 1350 "Binder:1332_2" 13f89000
           <...>-6279  [004] ....   871.672302: do_anonymous_page: anonymous tgid 6279 6279 "com.rovio.baba" 12c4b000
           <...>-6279  [004] ....   871.672461: do_anonymous_page: anonymous tgid 6279 6279 "com.rovio.baba" 12c4c000
           <...>-6279  [004] ....   871.673462: do_anonymous_page: anonymous tgid 6279 6279 "com.rovio.baba" 12c4d000
           <...>-6279  [004] ....   871.673511: do_anonymous_page: anonymous tgid 6279 6279 "com.rovio.baba" 7eb535d000
           <...>-6279  [004] ....   871.673523: do_anonymous_page: anonymous tgid 6279 6279 "com.rovio.baba" 7eb5362000
           <...>-6279  [004] ....   871.673552: do_anonymous_page: anonymous tgid 6279 6279 "com.rovio.baba" 7eb544e000
           <...>-6279  [004] ....   871.673554: do_anonymous_page: anonymous tgid 6279 6279 "com.rovio.baba" 7eb5453000
           <...>-6279  [004] ....   871.673557: do_anonymous_page: anonymous tgid 6279 6279 "com.rovio.baba" 7eb5452000
           <...>-6279  [004] ....   871.673560: do_anonymous_page: anonymous tgid 6279 6279 "com.rovio.baba" 7eb5451000
           <...>-6279  [004] ....   871.673562: do_anonymous_page: anonymous tgid 6279 6279 "com.rovio.baba" 7eb5450000
           <...>-6279  [004] ....   871.673573: do_anonymous_page: anonymous tgid 6279 6279 "com.rovio.baba" 7eb542a000
           <...>-6279  [004] ....   871.673581: do_anonymous_page: anonymous tgid 6279 6279 "com.rovio.baba" 7eb554f000
           <...>-6279  [004] ....   871.673584: do_anonymous_page: anonymous tgid 6279 6279 "com.rovio.baba" 7eb5554000
           <...>-6279  [004] ....   871.673586: do_anonymous_page: anonymous tgid 6279 6279 "com.rovio.baba" 7eb5553000
           <...>-6279  [004] ....   871.673588: do_anonymous_page: anonymous tgid 6279 6279 "com.rovio.baba" 7eb5552000
           <...>-6279  [004] ....   871.673591: do_anonymous_page: anonymous tgid 6279 6279 "com.rovio.baba" 7eb5551000
           <...>-6279  [004] ....   871.673597: do_anonymous_page: anonymous tgid 6279 6279 "com.rovio.baba" 7eb548f000
           <...>-6279  [004] ....   871.673600: do_anonymous_page: anonymous tgid 6279 6279 "com.rovio.baba" 7eb548d000
           <...>-6279  [004] ....   871.673606: do_anonymous_page: anonymous tgid 6279 6279 "com.rovio.baba" 7eb5665000
           <...>-6279  [004] ....   871.673608: do_anonymous_page: anonymous tgid 6279 6279 "com.rovio.baba" 7eb566a000
           <...>-6279  [004] ....   871.673610: do_anonymous_page: anonymous tgid 6279 6279 "com.rovio.baba" 7eb5669000
           <...>-6279  [004] ....   871.673613: do_anonymous_page: anonymous tgid 6279 6279 "com.rovio.baba" 7eb5668000
           <...>-6279  [004] ....   871.673615: do_anonymous_page: anonymous tgid 6279 6279 "com.rovio.baba" 7eb5667000
           <...>-6279  [004] ....   871.673618: do_anonymous_page: anonymous tgid 6279 6279 "com.rovio.baba" 7eb5666000
           <...>-6279  [004] ....   871.673638: do_anonymous_page: anonymous tgid 6279 6279 "com.rovio.baba" 7eb56ff000
           <...>-6279  [004] ....   871.673640: do_anonymous_page: anonymous tgid 6279 6279 "com.rovio.baba" 7eb5704000
           <...>-6279  [004] ....   871.673642: do_anonymous_page: anonymous tgid 6279 6279 "com.rovio.baba" 7eb5703000
           <...>-6279  [004] ....   871.673644: do_anonymous_page: anonymous tgid 6279 6279 "com.rovio.baba" 7eb5702000
           <...>-6279  [004] ....   871.673647: do_anonymous_page: anonymous tgid 6279 6279 "com.rovio.baba" 7eb5701000
    Binder:602_5-1792  [004] ....   871.674204: do_anonymous_page: anonymous tgid 602 1792 "Binder:602_5" 7fb79a6000
    Binder:602_5-1792  [004] ....   871.674211: do_anonymous_page: anonymous tgid 602 1792 "Binder:602_5" 7fb79a4000
    Binder:602_5-1792  [004] ....   871.674217: do_anonymous_page: anonymous tgid 602 1792 "Binder:602_5" 7fb79a5000
    Binder:602_3-729   [004] ....   871.674671: do_anonymous_page: anonymous tgid 602 729 "Binder:602_3" 7fba61b000
    Binder:602_3-729   [004] ....   871.674675: do_anonymous_page: anonymous tgid 602 729 "Binder:602_3" 7fba619000
    Binder:602_3-729   [004] ....   871.674680: do_anonymous_page: anonymous tgid 602 729 "Binder:602_3" 7fba61a000
    Binder:602_5-1792  [004] ....   871.674824: do_anonymous_page: anonymous tgid 602 1792 "Binder:602_5" 7fb7526000
    Binder:602_5-1792  [004] ....   871.674829: do_anonymous_page: anonymous tgid 602 1792 "Binder:602_5" 7fb7524000
    Binder:602_5-1792  [004] ....   871.674833: do_anonymous_page: anonymous tgid 602 1792 "Binder:602_5" 7fb7525000
           <...>-6279  [004] ....   871.674905: do_anonymous_page: anonymous tgid 6279 6279 "com.rovio.baba" 12c4e000
           <...>-6279  [004] ....   871.674942: do_anonymous_page: anonymous tgid 6279 6279 "com.rovio.baba" 7eb54dd000
    android.anim-1355  [004] ....   871.677399: do_anonymous_page: anonymous tgid 1332 1355 "android.anim" 13181000
   Binder:6279_3-6298  [004] ....   871.678054: do_anonymous_page: anonymous tgid 6279 6298 "Binder:6279_3" 12cc1000
           <...>-2431  [004] ....   871.678924: do_anonymous_page: anonymous tgid 1650 2431 "Binder:1650_8" 12ec2000
     InputReader-1453  [004] ....   871.684919: do_anonymous_page: anonymous tgid 1332 1453 "InputReader" 138c0000
     InputReader-1453  [004] ....   871.684940: do_anonymous_page: anonymous tgid 1332 1453 "InputReader" 7f30aa2000
     InputReader-1453  [004] ....   871.685113: do_anonymous_page: anonymous tgid 1332 1453 "InputReader" 138c1000
           <...>-1857  [004] ....   871.686841: do_anonymous_page: anonymous tgid 1857 1857 "m.android.phone" 13506000
           <...>-5906  [004] ....   871.687241: do_anonymous_page: anonymous tgid 5906 5906 "roid.smartboard" 12ccd000
           <...>-5906  [004] ....   871.687300: do_anonymous_page: anonymous tgid 5906 5906 "roid.smartboard" 12cce000
           <...>-5906  [004] ....   871.687304: do_anonymous_page: anonymous tgid 5906 5906 "roid.smartboard" 12ccf000
           <...>-5906  [004] ....   871.687348: do_anonymous_page: anonymous tgid 5906 5906 "roid.smartboard" 12cd0000
     logd.writer-569   [004] ....   871.688880: do_anonymous_page: anonymous tgid 557 569 "logd.writer" 7fb579d000
     logd.writer-569   [004] ....   871.689092: do_anonymous_page: anonymous tgid 557 569 "logd.writer" 7fb5785000
     logd.writer-569   [004] ....   871.689281: do_anonymous_page: anonymous tgid 557 569 "logd.writer" 7fb5784000
           <...>-6324  [004] ....   871.690450: do_anonymous_page: anonymous tgid 6279 6324 "pool-5-thread-1" 12e05000
           <...>-6324  [004] ....   871.690491: do_anonymous_page: anonymous tgid 6279 6324 "pool-5-thread-1" 12e06000
           <...>-6324  [004] ....   871.690616: do_anonymous_page: anonymous tgid 6279 6324 "pool-5-thread-1" 12e07000
    Binder:602_3-729   [004] ....   871.692515: do_anonymous_page: anonymous tgid 602 729 "Binder:602_3" 7fba6a8000
    Binder:602_3-729   [004] ....   871.693101: do_anonymous_page: anonymous tgid 602 729 "Binder:602_3" 7fba6a9000
  Binder:1332_13-5186  [004] ....   871.693419: do_anonymous_page: anonymous tgid 1332 5186 "Binder:1332_13" 13442000
 ndroid.systemui-1650  [004] ....   871.695325: do_anonymous_page: anonymous tgid 1650 1650 "ndroid.systemui" 13231000
    android.anim-1355  [004] ....   871.696053: do_anonymous_page: anonymous tgid 1332 1355 "android.anim" 13182000
   Binder:1332_9-2004  [004] ....   871.696629: do_anonymous_page: anonymous tgid 1332 2004 "Binder:1332_9" 13148000
           <...>-6279  [004] ....   871.698059: do_anonymous_page: anonymous tgid 6279 6279 "com.rovio.baba" 12c4f000
  CrRendererMain-6427  [004] ....   871.699634: do_anonymous_page: anonymous tgid 6408 6427 "CrRendererMain" 4c936000
           <...>-5906  [004] ....   871.702669: do_anonymous_page: anonymous tgid 5906 5906 "roid.smartboard" 7143c000
           <...>-5906  [004] ....   871.702782: do_anonymous_page: anonymous tgid 5906 5906 "roid.smartboard" 12cd1000
           <...>-5906  [004] ....   871.702844: do_anonymous_page: anonymous tgid 5906 5906 "roid.smartboard" 12cd2000
           <...>-5906  [004] ....   871.702921: do_anonymous_page: anonymous tgid 5906 5906 "roid.smartboard" 12cd3000
           <...>-5906  [004] ....   871.702981: do_anonymous_page: anonymous tgid 5906 5906 "roid.smartboard" 12cd4000
           <...>-1976  [004] ....   871.703398: do_anonymous_page: anonymous tgid 1976 1976 "droid.launcher3" 12e55000
           <...>-1976  [004] ....   871.703571: do_anonymous_page: anonymous tgid 1976 1976 "droid.launcher3" 7ec6c7e000
           <...>-1976  [004] ....   871.703585: do_anonymous_page: anonymous tgid 1976 1976 "droid.launcher3" 7eceb96000
  Binder:1332_13-5186  [004] ....   871.703893: do_anonymous_page: anonymous tgid 1332 5186 "Binder:1332_13" 13443000
  Binder:1332_13-5186  [004] ....   871.704003: do_anonymous_page: anonymous tgid 1332 5186 "Binder:1332_13" 13444000
           <...>-6279  [004] ....   871.705463: do_anonymous_page: anonymous tgid 6279 6279 "com.rovio.baba" 12c50000
           <...>-6279  [004] ....   871.705569: do_anonymous_page: anonymous tgid 6279 6279 "com.rovio.baba" 12c51000
    Binder:602_3-729   [004] ....   871.706199: do_anonymous_page: anonymous tgid 602 729 "Binder:602_3" 7fba6be000
           <...>-6279  [004] ....   871.713616: do_anonymous_page: anonymous tgid 6279 6279 "com.rovio.baba" 12c52000
           <...>-1909  [004] ....   871.722435: do_anonymous_page: anonymous tgid 1332 1909 "Binder:1332_7" 12d04000
   Binder:1332_2-1350  [004] ....   871.726410: do_anonymous_page: anonymous tgid 1332 1350 "Binder:1332_2" 13f8a000
   Binder:2567_3-2595  [004] ....   871.726930: do_anonymous_page: anonymous tgid 2567 2595 "Binder:2567_3" 12c48000
 gle.android.gms-2567  [004] ....   871.727231: do_anonymous_page: anonymous tgid 2567 2567 "gle.android.gms" 12c89000
 gle.android.gms-2567  [004] ....   871.727505: do_anonymous_page: anonymous tgid 2567 2567 "gle.android.gms" 12c8a000
      android.fg-1351  [004] ....   871.729467: do_anonymous_page: anonymous tgid 1332 1351 "android.fg" 12f41000
 android.display-1354  [004] ....   871.730279: do_anonymous_page: anonymous tgid 1332 1354 "android.display" 12c87000
  Binder:1332_11-3958  [004] ....   871.737186: do_anonymous_page: anonymous tgid 1332 3958 "Binder:1332_11" 13781000
 Chrome_ChildIOT-6584  [004] ....   871.739547: do_anonymous_page: anonymous tgid 6408 6584 "Chrome_ChildIOT" e547e000
           <...>-6279  [004] ....   871.740366: do_anonymous_page: anonymous tgid 6279 6279 "com.rovio.baba" 7eb54de000
           <...>-1976  [004] ....   871.740804: do_anonymous_page: anonymous tgid 1976 1976 "droid.launcher3" 12e56000
           <...>-1976  [004] ....   871.740980: do_anonymous_page: anonymous tgid 1976 1976 "droid.launcher3" 12e57000
       UnityMain-6336  [004] ....   871.741487: do_anonymous_page: anonymous tgid 6279 6336 "UnityMain" 12d01000
   Binder:2567_E-5524  [004] ....   871.746054: do_anonymous_page: anonymous tgid 2567 5524 "Binder:2567_E" 12d42000
   Binder:5829_2-5847  [004] ....   871.751325: do_anonymous_page: anonymous tgid 5829 5847 "Binder:5829_2" 7f315f0000
   Binder:5829_2-5847  [004] ....   871.751352: do_anonymous_page: anonymous tgid 5829 5847 "Binder:5829_2" 12e40000
           <...>-6324  [004] ....   871.753532: do_anonymous_page: anonymous tgid 6279 6324 "pool-5-thread-1" 12e09000
           <...>-6324  [004] ....   871.753539: do_anonymous_page: anonymous tgid 6279 6324 "pool-5-thread-1" 12e0a000
           <...>-6324  [004] ....   871.753562: do_anonymous_page: anonymous tgid 6279 6324 "pool-5-thread-1" 12e08000
           <...>-6324  [004] ....   871.753702: do_anonymous_page: anonymous tgid 6279 6324 "pool-5-thread-1" 12e0b000
           <...>-6324  [004] ....   871.753923: do_anonymous_page: anonymous tgid 6279 6324 "pool-5-thread-1" 12e0c000
           <...>-6324  [004] ....   871.754014: do_anonymous_page: anonymous tgid 6279 6324 "pool-5-thread-1" 12e0d000
           <...>-6324  [004] ....   871.754120: do_anonymous_page: anonymous tgid 6279 6324 "pool-5-thread-1" 12e0e000
           <...>-6324  [004] ....   871.754143: do_anonymous_page: anonymous tgid 6279 6324 "pool-5-thread-1" 12e0f000
           <...>-6324  [004] ....   871.754163: do_anonymous_page: anonymous tgid 6279 6324 "pool-5-thread-1" 12e10000
           <...>-6324  [004] ....   871.754184: do_anonymous_page: anonymous tgid 6279 6324 "pool-5-thread-1" 12e11000
           <...>-6324  [004] ....   871.754203: do_anonymous_page: anonymous tgid 6279 6324 "pool-5-thread-1" 12e12000
           <...>-6324  [004] ....   871.754227: do_anonymous_page: anonymous tgid 6279 6324 "pool-5-thread-1" 12e13000
           <...>-6324  [004] ....   871.754263: do_anonymous_page: anonymous tgid 6279 6324 "pool-5-thread-1" 12e14000
           <...>-6324  [004] ....   871.754289: do_anonymous_page: anonymous tgid 6279 6324 "pool-5-thread-1" 12e15000
           <...>-6324  [004] ....   871.754307: do_anonymous_page: anonymous tgid 6279 6324 "pool-5-thread-1" 12e16000
           <...>-6324  [004] ....   871.754323: do_anonymous_page: anonymous tgid 6279 6324 "pool-5-thread-1" 12e17000
           <...>-6324  [004] ....   871.754339: do_anonymous_page: anonymous tgid 6279 6324 "pool-5-thread-1" 12e18000
           <...>-6324  [004] ....   871.754358: do_anonymous_page: anonymous tgid 6279 6324 "pool-5-thread-1" 12e19000
  Binder:1332_13-5186  [004] ....   871.754497: do_anonymous_page: anonymous tgid 1332 5186 "Binder:1332_13" 13445000
           <...>-6324  [004] ....   871.756499: do_anonymous_page: anonymous tgid 6279 6324 "pool-5-thread-1" 12e1a000
           <...>-6324  [004] ....   871.756656: do_anonymous_page: anonymous tgid 6279 6324 "pool-5-thread-1" 12e1b000
           <...>-6324  [004] ....   871.756703: do_anonymous_page: anonymous tgid 6279 6324 "pool-5-thread-1" 12e1c000
           <...>-6324  [004] ....   871.756721: do_anonymous_page: anonymous tgid 6279 6324 "pool-5-thread-1" 12e1d000
           <...>-6324  [004] ....   871.756795: do_anonymous_page: anonymous tgid 6279 6324 "pool-5-thread-1" 12e1e000
           <...>-6324  [004] ....   871.756877: do_anonymous_page: anonymous tgid 6279 6324 "pool-5-thread-1" 12e1f000
           <...>-6324  [004] ....   871.756923: do_anonymous_page: anonymous tgid 6279 6324 "pool-5-thread-1" 12e20000
            netd-1029  [004] ....   871.758729: do_anonymous_page: anonymous tgid 784 1029 "netd" 7fad224000
            netd-1029  [004] ....   871.758737: do_anonymous_page: anonymous tgid 784 1029 "netd" 7fad223000
           <...>-2189  [004] ....   871.759828: do_anonymous_page: anonymous tgid 1650 2189 "ScreenDecoratio" 135cb000
 ndroid.systemui-1650  [004] ....   871.760722: do_anonymous_page: anonymous tgid 1650 1650 "ndroid.systemui" 13232000
 queued-work-loo-6310  [004] ....   871.760868: do_anonymous_page: anonymous tgid 6279 6310 "queued-work-loo" 12e80000
 queued-work-loo-6310  [004] ....   871.761229: do_anonymous_page: anonymous tgid 6279 6310 "queued-work-loo" 75649000
 queued-work-loo-6310  [004] ....   871.761235: do_anonymous_page: anonymous tgid 6279 6310 "queued-work-loo" 75329000
 ndroid.systemui-1650  [004] ....   871.763475: do_anonymous_page: anonymous tgid 1650 1650 "ndroid.systemui" 13233000
 ndroid.systemui-1650  [004] ....   871.764049: do_anonymous_page: anonymous tgid 1650 1650 "ndroid.systemui" 13234000
 ndroid.systemui-1650  [004] ....   871.764330: do_anonymous_page: anonymous tgid 1650 1650 "ndroid.systemui" 13235000
 ndroid.systemui-1650  [004] ....   871.764343: do_anonymous_page: anonymous tgid 1650 1650 "ndroid.systemui" 7f28d74000
 ndroid.systemui-1650  [004] ....   871.764394: do_anonymous_page: anonymous tgid 1650 1650 "ndroid.systemui" 7f28d75000
 ndroid.systemui-1650  [004] ....   871.764410: do_anonymous_page: anonymous tgid 1650 1650 "ndroid.systemui" 13236000
 ndroid.systemui-1650  [004] ....   871.764776: do_anonymous_page: anonymous tgid 1650 1650 "ndroid.systemui" 13237000
    Binder:602_3-729   [004] ....   871.765305: do_anonymous_page: anonymous tgid 602 729 "Binder:602_3" 7fba647000
    Binder:602_3-729   [004] ....   871.765309: do_anonymous_page: anonymous tgid 602 729 "Binder:602_3" 7fba645000
    Binder:602_3-729   [004] ....   871.765317: do_anonymous_page: anonymous tgid 602 729 "Binder:602_3" 7fba646000
  Binder:1332_13-5186  [004] ....   871.765416: do_anonymous_page: anonymous tgid 1332 5186 "Binder:1332_13" 13446000
  Binder:1332_13-5186  [004] ....   871.765506: do_anonymous_page: anonymous tgid 1332 5186 "Binder:1332_13" 13447000
    Binder:602_3-729   [004] ....   871.767642: do_anonymous_page: anonymous tgid 602 729 "Binder:602_3" 7fba6b1000
    Binder:602_3-729   [004] ....   871.767646: do_anonymous_page: anonymous tgid 602 729 "Binder:602_3" 7fba6af000
    Binder:602_3-729   [004] ....   871.767651: do_anonymous_page: anonymous tgid 602 729 "Binder:602_3" 7fba6b0000
   Binder:1332_2-1350  [004] ....   871.770046: do_anonymous_page: anonymous tgid 1332 1350 "Binder:1332_2" 13f8b000
           <...>-2020  [004] ....   871.770226: do_anonymous_page: anonymous tgid 1650 2020 "Binder:1650_5" 12c42000
           <...>-2189  [004] ....   871.770789: do_anonymous_page: anonymous tgid 1650 2189 "ScreenDecoratio" 135cc000
           <...>-2189  [004] ....   871.770915: do_anonymous_page: anonymous tgid 1650 2189 "ScreenDecoratio" 135cd000
 ndroid.systemui-1650  [004] ....   871.772327: do_anonymous_page: anonymous tgid 1650 1650 "ndroid.systemui" 13238000
 ndroid.systemui-1650  [004] ....   871.772671: do_anonymous_page: anonymous tgid 1650 1650 "ndroid.systemui" 13239000
           <...>-2189  [004] ....   871.773055: do_anonymous_page: anonymous tgid 1650 2189 "ScreenDecoratio" 135ce000
  Binder:1332_13-5186  [004] ....   871.774742: do_anonymous_page: anonymous tgid 1332 5186 "Binder:1332_13" 13448000
 ndroid.systemui-1650  [004] ....   871.775464: do_anonymous_page: anonymous tgid 1650 1650 "ndroid.systemui" 1323a000
           <...>-2020  [004] ....   871.776248: do_anonymous_page: anonymous tgid 1650 2020 "Binder:1650_5" 12c43000
           <...>-2189  [004] ....   871.778748: do_anonymous_page: anonymous tgid 1650 2189 "ScreenDecoratio" 135cf000
           <...>-7143  [004] ....   871.779685: do_anonymous_page: anonymous tgid 7141 7143 "Binder:7141_2" 7fbd42d000
           <...>-2189  [004] ....   871.783917: do_anonymous_page: anonymous tgid 1650 2189 "ScreenDecoratio" 135d0000
 ndroid.systemui-1650  [004] ....   871.785387: do_anonymous_page: anonymous tgid 1650 1650 "ndroid.systemui" 1323b000
 ndroid.systemui-1650  [004] ....   871.785870: do_anonymous_page: anonymous tgid 1650 1650 "ndroid.systemui" 1323c000
  Binder:1332_13-5186  [004] ....   871.786708: do_anonymous_page: anonymous tgid 1332 5186 "Binder:1332_13" 13449000
   Binder:1857_1-1900  [004] ....   871.786991: do_anonymous_page: anonymous tgid 1857 1900 "Binder:1857_1" 12c98000
     AudioOut_15-1447  [004] ....   871.787651: do_anonymous_page: anonymous tgid 841 1447 "AudioOut_15" 7f38c74000
     AudioOut_15-1447  [004] ....   871.787657: do_anonymous_page: anonymous tgid 841 1447 "AudioOut_15" 7f38c75000
           <...>-5052  [004] ....   871.791331: do_anonymous_page: anonymous tgid 1332 5052 "Binder:1332_12" 130cf000
   system_server-1332  [004] ....   871.791906: do_anonymous_page: anonymous tgid 1332 1332 "system_server" 12d83000
           <...>-6279  [004] ....   871.792101: do_anonymous_page: anonymous tgid 6279 6279 "com.rovio.baba" 12c53000
       UnityMain-6336  [004] ....   871.792283: do_anonymous_page: anonymous tgid 6279 6336 "UnityMain" 7ec5240000
       UnityMain-6336  [004] ....   871.792288: do_anonymous_page: anonymous tgid 6279 6336 "UnityMain" 7ec523f000
 ndroid.systemui-1650  [004] ....   871.792478: do_anonymous_page: anonymous tgid 1650 1650 "ndroid.systemui" 1323d000
 ndroid.systemui-1650  [004] ....   871.792575: do_anonymous_page: anonymous tgid 1650 1650 "ndroid.systemui" 1323e000
  Binder:1332_1C-7145  [004] ....   871.792806: do_anonymous_page: anonymous tgid 1332 7145 "Binder:1332_10" 7e616cb000
  Binder:1332_1C-7145  [004] ....   871.792934: do_anonymous_page: anonymous tgid 1332 7145 "Binder:1332_1C" 13900000
  Binder:1332_1C-7145  [004] ....   871.792939: do_anonymous_page: anonymous tgid 1332 7145 "Binder:1332_1C" 7f20fc4000
  Binder:1332_1C-7145  [004] ....   871.792949: do_anonymous_page: anonymous tgid 1332 7145 "Binder:1332_1C" 7e616ca000
   Binder:1650_A-7144  [004] ....   871.793003: do_anonymous_page: anonymous tgid 1650 7144 "Binder:1650_5" 7ebea18000
   Binder:1650_A-7144  [004] ....   871.793008: do_anonymous_page: anonymous tgid 1650 7144 "Binder:1650_5" 7ebea19000
   Binder:1650_A-7144  [004] ....   871.793035: do_anonymous_page: anonymous tgid 1650 7144 "Binder:1650_5" 7ebea1a000
   Binder:1650_A-7144  [004] ....   871.793044: do_anonymous_page: anonymous tgid 1650 7144 "Binder:1650_5" 7ebe53f000
   Binder:1650_A-7144  [004] ....   871.793131: do_anonymous_page: anonymous tgid 1650 7144 "Binder:1650_A" 7ebea00000
   Binder:1650_A-7144  [004] ....   871.793134: do_anonymous_page: anonymous tgid 1650 7144 "Binder:1650_A" 7ebea02000
   Binder:1650_A-7144  [004] ....   871.793136: do_anonymous_page: anonymous tgid 1650 7144 "Binder:1650_A" 7ebea01000
   Binder:1650_A-7144  [004] ....   871.793212: do_anonymous_page: anonymous tgid 1650 7144 "Binder:1650_A" 12f80000
   Binder:1650_A-7144  [004] ....   871.793216: do_anonymous_page: anonymous tgid 1650 7144 "Binder:1650_A" 7fbdc51000
   Binder:1650_A-7144  [004] ....   871.793224: do_anonymous_page: anonymous tgid 1650 7144 "Binder:1650_A" 7ebe53e000
 ScionFrontendAp-7146  [004] ....   871.793330: do_anonymous_page: anonymous tgid 6279 7146 "ScionFrontendAp" 7fbde23000
 ScionFrontendAp-7146  [004] ....   871.793339: do_anonymous_page: anonymous tgid 6279 7146 "ScionFrontendAp" 7f2921e000
 ScionFrontendAp-7146  [004] ....   871.793356: do_anonymous_page: anonymous tgid 6279 7146 "ScionFrontendAp" 7f2921f000
 ScionFrontendAp-7146  [004] ....   871.793364: do_anonymous_page: anonymous tgid 6279 7146 "ScionFrontendAp" 12ec0000
 ScionFrontendAp-7146  [004] ....   871.793385: do_anonymous_page: anonymous tgid 6279 7146 "ScionFrontendAp" 7f2921d000
 ScionFrontendAp-7146  [004] ....   871.793584: do_anonymous_page: anonymous tgid 6279 7146 "ScionFrontendAp" 7f2921c000
 ScionFrontendAp-7146  [004] ....   871.793647: do_anonymous_page: anonymous tgid 6279 7146 "ScionFrontendAp" 7ecb0f6000
 ScionFrontendAp-7146  [004] ....   871.793651: do_anonymous_page: anonymous tgid 6279 7146 "ScionFrontendAp" 7ecb0f5000
  Binder:1332_1C-7145  [004] ....   871.793759: do_anonymous_page: anonymous tgid 1332 7145 "Binder:1332_1C" 7e616c9000
 ndroid.systemui-1650  [004] ....   871.793897: do_anonymous_page: anonymous tgid 1650 1650 "ndroid.systemui" 1323f000
  Binder:1332_1C-7145  [004] ....   871.794313: do_anonymous_page: anonymous tgid 1332 7145 "Binder:1332_1C" 13901000
  HwBinder:604_2-637   [004] ....   871.799748: do_anonymous_page: anonymous tgid 604 637 "HwBinder:604_2" 7fb443c000
    RenderThread-2091  [004] ....   871.800771: do_anonymous_page: anonymous tgid 1650 2091 "RenderThread" 7f3139d000
    Binder:602_3-729   [004] ....   871.801345: do_anonymous_page: anonymous tgid 602 729 "Binder:602_3" 7fba71c000
    Binder:602_3-729   [004] ....   871.801351: do_anonymous_page: anonymous tgid 602 729 "Binder:602_3" 7fba71a000
    Binder:602_3-729   [004] ....   871.801361: do_anonymous_page: anonymous tgid 602 729 "Binder:602_3" 7fba71b000
  Binder:1332_1C-7145  [004] ....   871.801628: do_anonymous_page: anonymous tgid 1332 7145 "Binder:1332_1C" 13902000
    Binder:602_3-729   [004] ....   871.801910: do_anonymous_page: anonymous tgid 602 729 "Binder:602_3" 7fba727000
    Binder:602_3-729   [004] ....   871.801914: do_anonymous_page: anonymous tgid 602 729 "Binder:602_3" 7fba725000
    Binder:602_3-729   [004] ....   871.801918: do_anonymous_page: anonymous tgid 602 729 "Binder:602_3" 7fba726000
  Binder:1332_1C-7145  [004] ....   871.801989: do_anonymous_page: anonymous tgid 1332 7145 "Binder:1332_1C" 13903000
    android.anim-1355  [004] ....   871.802709: do_anonymous_page: anonymous tgid 1332 1355 "android.anim" 7e84737000
    android.anim-1355  [004] ....   871.802713: do_anonymous_page: anonymous tgid 1332 1355 "android.anim" 7e84738000
    android.anim-1355  [004] ....   871.802717: do_anonymous_page: anonymous tgid 1332 1355 "android.anim" 7e84739000
  Binder:1332_13-5186  [004] ....   871.803482: do_anonymous_page: anonymous tgid 1332 5186 "Binder:1332_13" 1344a000
   Binder:1650_A-7144  [004] ....   871.803551: do_anonymous_page: anonymous tgid 1650 7144 "Binder:1650_A" 7fbe271000
           <...>-2020  [004] ....   871.804152: do_anonymous_page: anonymous tgid 1650 2020 "Binder:1650_5" 12c44000
           <...>-2020  [004] ....   871.804228: do_anonymous_page: anonymous tgid 1650 2020 "Binder:1650_5" 12c45000
 ScionFrontendAp-7146  [004] ....   871.805036: do_anonymous_page: anonymous tgid 6279 7146 "ScionFrontendAp" 12ec1000
           <...>-2189  [004] ....   871.805221: do_anonymous_page: anonymous tgid 1650 2189 "ScreenDecoratio" 135d1000
            QMon-6925  [004] ....   871.808850: do_anonymous_page: anonymous tgid 2248 6925 "QMon" 13b0b000
           <...>-2189  [004] ....   871.815240: do_anonymous_page: anonymous tgid 1650 2189 "ScreenDecoratio" 135d2000
 ndroid.systemui-1650  [004] ....   871.815805: do_anonymous_page: anonymous tgid 1650 1650 "ndroid.systemui" 12fc0000
 UnityChoreograp-6395  [004] ....   871.817251: do_anonymous_page: anonymous tgid 6279 6395 "UnityChoreograp" 12f00000
      Thread-133-6358  [004] ....   871.819962: do_anonymous_page: anonymous tgid 6279 6358 "Thread-116" 12f40000
      Thread-133-6358  [004] ....   871.819971: do_anonymous_page: anonymous tgid 6279 6358 "Thread-116" 7fbbfc0000
      Thread-133-6358  [004] ....   871.819981: do_anonymous_page: anonymous tgid 6279 6358 "Thread-116" 7df3114000
      Thread-133-6358  [004] ....   871.820038: do_anonymous_page: anonymous tgid 6279 6358 "Thread-133" 7df3113000
 PowerManagerSer-1373  [004] ....   871.823780: do_anonymous_page: anonymous tgid 1332 1373 "PowerManagerSer" 13035000
   Binder:1332_2-1350  [004] ....   871.825979: do_anonymous_page: anonymous tgid 1332 1350 "Binder:1332_2" 13f8c000
           <...>-2189  [004] ....   871.826378: do_anonymous_page: anonymous tgid 1650 2189 "ScreenDecoratio" 135d3000
    Binder:602_3-729   [004] ....   871.828888: do_anonymous_page: anonymous tgid 602 729 "Binder:602_3" 7fba77a000
           <...>-2189  [004] ....   871.829622: do_anonymous_page: anonymous tgid 1650 2189 "ScreenDecoratio" 135d4000
 ndroid.systemui-1650  [004] ....   871.832095: do_anonymous_page: anonymous tgid 1650 1650 "ndroid.systemui" 12fc1000
            netd-7147  [004] ....   871.832686: do_anonymous_page: anonymous tgid 784 7147 "netd" 7fad222000
            netd-7147  [004] ....   871.832698: do_anonymous_page: anonymous tgid 784 7147 "netd" 7fbcd51000
            netd-7147  [004] ....   871.832701: do_anonymous_page: anonymous tgid 784 7147 "netd" 7fbcd52000
            netd-7147  [004] ....   871.832704: do_anonymous_page: anonymous tgid 784 7147 "netd" 7fbcd53000
            netd-7147  [004] ....   871.832767: do_anonymous_page: anonymous tgid 784 7147 "netd" 7fad221000
            netd-7147  [004] ....   871.832774: do_anonymous_page: anonymous tgid 784 7147 "netd" 7fad220000
            netd-7147  [004] ....   871.832792: do_anonymous_page: anonymous tgid 784 7147 "netd" 7fba07f000
