   Binder:1332_E-3778  [004] ....  2190.438987: do_anonymous_page: anonymous tgid 1332 3778 "Binder:1332_E" 12e4a000
   Binder:1332_E-3778  [004] ....  2190.439002: do_anonymous_page: anonymous tgid 1332 3778 "Binder:1332_E" 12e4b000
   Binder:1332_E-3778  [004] ....  2190.439262: do_anonymous_page: anonymous tgid 1332 3778 "Binder:1332_E" 12e4c000
   Binder:1332_E-3778  [004] ....  2190.439367: do_anonymous_page: anonymous tgid 1332 3778 "Binder:1332_E" 12e4d000
           <...>-6425  [004] ....  2190.439927: do_anonymous_page: anonymous tgid 6408 6425 "Binder:6408_1" ef187000
           <...>-6298  [004] ....  2190.440072: do_anonymous_page: anonymous tgid 6279 6298 "Binder:6279_3" 7f33eef000
           <...>-6137  [004] ....  2190.440189: do_anonymous_page: anonymous tgid 5906 6137 "Binder:5906_5" 7f346f0000
           <...>-5134  [004] ....  2190.440585: do_anonymous_page: anonymous tgid 5112 5134 "Binder:5112_2" 12dc3000
           <...>-5525  [004] ....  2190.440713: do_anonymous_page: anonymous tgid 3184 5525 "Binder:3184_5" 12c46000
           <...>-3324  [004] ....  2190.440825: do_anonymous_page: anonymous tgid 2920 3324 "Binder:2920_4" 7f33eef000
           <...>-2520  [004] ....  2190.441267: do_anonymous_page: anonymous tgid 2488 2520 "Binder:2488_2" 12d87000
           <...>-2468  [004] ....  2190.441475: do_anonymous_page: anonymous tgid 2439 2468 "Binder:2439_2" 12c4a000
   Binder:1857_1-1900  [004] ....  2190.442040: do_anonymous_page: anonymous tgid 1857 1900 "Binder:1857_1" 12ca1000
           <...>-1764  [004] ....  2190.442377: do_anonymous_page: anonymous tgid 1736 1764 "Binder:1736_2" 130c8000
           <...>-1332  [004] ....  2190.442665: do_anonymous_page: anonymous tgid 1332 1332 "system_server" 7f33ef0000
           <...>-1332  [004] ....  2190.442716: do_anonymous_page: anonymous tgid 1332 1332 "system_server" 12d42000
           <...>-2920  [004] ....  2190.443258: do_anonymous_page: anonymous tgid 2920 2920 "android.vending" 12cc0000
           <...>-2507  [004] ....  2190.443486: do_anonymous_page: anonymous tgid 2507 2507 "android.smspush" 12c8c000
           <...>-2458  [004] ....  2190.443622: do_anonymous_page: anonymous tgid 2458 2458 "com.android.se" 12c8c000
           <...>-5052  [004] ....  2190.444219: do_anonymous_page: anonymous tgid 1332 5052 "Binder:1332_12" 7f2116d000
           <...>-5052  [004] ....  2190.444235: do_anonymous_page: anonymous tgid 1332 5052 "Binder:1332_12" 13300000
           <...>-3958  [004] ....  2190.444322: do_anonymous_page: anonymous tgid 1332 3958 "Binder:1332_11" 7f20de5000
           <...>-3958  [004] ....  2190.444331: do_anonymous_page: anonymous tgid 1332 3958 "Binder:1332_11" 13340000
           <...>-1349  [004] ....  2190.444394: do_anonymous_page: anonymous tgid 1332 1349 "Binder:1332_1" 7f315b9000
           <...>-1349  [004] ....  2190.444407: do_anonymous_page: anonymous tgid 1332 1349 "Binder:1332_1" 13380000
           <...>-7491  [004] ....  2190.444465: do_anonymous_page: anonymous tgid 1332 7491 "Binder:1332_1F" 7f20fa6000
           <...>-7491  [004] ....  2190.444475: do_anonymous_page: anonymous tgid 1332 7491 "Binder:1332_1F" 133c0000
           <...>-5587  [004] ....  2190.444533: do_anonymous_page: anonymous tgid 1332 5587 "Binder:1332_15" 7f236c5000
           <...>-5587  [004] ....  2190.444542: do_anonymous_page: anonymous tgid 1332 5587 "Binder:1332_15" 13400000
           <...>-2481  [004] ....  2190.444596: do_anonymous_page: anonymous tgid 1332 2481 "Binder:1332_D" 7f21021000
           <...>-2481  [004] ....  2190.444604: do_anonymous_page: anonymous tgid 1332 2481 "Binder:1332_D" 13440000
           <...>-7021  [004] ....  2190.444662: do_anonymous_page: anonymous tgid 1332 7021 "Binder:1332_1B" 7f20fc6000
           <...>-7021  [004] ....  2190.444671: do_anonymous_page: anonymous tgid 1332 7021 "Binder:1332_1B" 13480000
           <...>-1666  [004] ....  2190.444729: do_anonymous_page: anonymous tgid 1332 1666 "Binder:1332_5" 7f233e2000
           <...>-1666  [004] ....  2190.444738: do_anonymous_page: anonymous tgid 1332 1666 "Binder:1332_5" 134c0000
           <...>-3835  [004] ....  2190.444793: do_anonymous_page: anonymous tgid 1332 3835 "Binder:1332_10" 7f20e92000
           <...>-3835  [004] ....  2190.444803: do_anonymous_page: anonymous tgid 1332 3835 "Binder:1332_10" 13500000
   Binder:1332_4-1641  [004] ....  2190.444858: do_anonymous_page: anonymous tgid 1332 1641 "Binder:1332_4" 7f235b8000
   Binder:1332_4-1641  [004] ....  2190.444869: do_anonymous_page: anonymous tgid 1332 1641 "Binder:1332_4" 13540000
           <...>-2466  [004] ....  2190.444922: do_anonymous_page: anonymous tgid 1332 2466 "Binder:1332_B" 7f232d0000
           <...>-2466  [004] ....  2190.444932: do_anonymous_page: anonymous tgid 1332 2466 "Binder:1332_B" 13580000
           <...>-1511  [004] ....  2190.444986: do_anonymous_page: anonymous tgid 1332 1511 "Binder:1332_3" 7f2afeb000
           <...>-1511  [004] ....  2190.444995: do_anonymous_page: anonymous tgid 1332 1511 "Binder:1332_3" 135c0000
           <...>-7259  [004] ....  2190.445049: do_anonymous_page: anonymous tgid 1332 7259 "Binder:1332_1E" 7f20fa8000
           <...>-7259  [004] ....  2190.445058: do_anonymous_page: anonymous tgid 1332 7259 "Binder:1332_1E" 13600000
   Binder:1332_7-1909  [004] ....  2190.445114: do_anonymous_page: anonymous tgid 1332 1909 "Binder:1332_7" 7f31181000
   Binder:1332_7-1909  [004] ....  2190.445124: do_anonymous_page: anonymous tgid 1332 1909 "Binder:1332_7" 13640000
           <...>-6640  [004] ....  2190.445341: do_anonymous_page: anonymous tgid 6477 6640 "Binder:6477_4" 12f05000
           <...>-6408  [004] ....  2190.445458: do_anonymous_page: anonymous tgid 6408 6408 "ProcessService0" 12c80000
 m.android.phone-1857  [004] ....  2190.445760: do_anonymous_page: anonymous tgid 1857 1857 "m.android.phone" 13538000
           <...>-6707  [004] ....  2190.448249: do_anonymous_page: anonymous tgid 1332 6707 "Binder:1332_17" 7f236bf000
           <...>-6707  [004] ....  2190.448270: do_anonymous_page: anonymous tgid 1332 6707 "Binder:1332_17" 13680000
           <...>-2488  [004] ....  2190.449036: do_anonymous_page: anonymous tgid 2488 2488 ".ims.rcsservice" 12cab000
           <...>-2248  [004] ....  2190.452594: do_anonymous_page: anonymous tgid 2248 2248 ".gms.persistent" 12d71000
           <...>-2248  [004] ....  2190.452722: do_anonymous_page: anonymous tgid 2248 2248 ".gms.persistent" 12d72000
           <...>-2248  [004] ....  2190.452790: do_anonymous_page: anonymous tgid 2248 2248 ".gms.persistent" 12d73000
           <...>-2248  [004] ....  2190.452844: do_anonymous_page: anonymous tgid 2248 2248 ".gms.persistent" 12d74000
           <...>-2248  [004] ....  2190.452880: do_anonymous_page: anonymous tgid 2248 2248 ".gms.persistent" 12d75000
           <...>-2248  [004] ....  2190.452973: do_anonymous_page: anonymous tgid 2248 2248 ".gms.persistent" 12d76000
           <...>-2248  [004] ....  2190.453011: do_anonymous_page: anonymous tgid 2248 2248 ".gms.persistent" 12d77000
           <...>-2248  [004] ....  2190.453049: do_anonymous_page: anonymous tgid 2248 2248 ".gms.persistent" 12d78000
           <...>-2248  [004] ....  2190.453100: do_anonymous_page: anonymous tgid 2248 2248 ".gms.persistent" 12d79000
           <...>-2439  [004] ....  2190.453310: do_anonymous_page: anonymous tgid 2439 2439 "com.android.nfc" 12da0000
           <...>-3184  [004] ....  2190.457257: do_anonymous_page: anonymous tgid 3184 3184 "e.process.gapps" 12c89000
           <...>-5906  [004] ....  2190.460581: do_anonymous_page: anonymous tgid 5906 5906 "roid.smartboard" 12e41000
           <...>-5906  [004] ....  2190.460728: do_anonymous_page: anonymous tgid 5906 5906 "roid.smartboard" 12e42000
           <...>-5906  [004] ....  2190.460983: do_anonymous_page: anonymous tgid 5906 5906 "roid.smartboard" 12e43000
           <...>-5906  [004] ....  2190.460992: do_anonymous_page: anonymous tgid 5906 5906 "roid.smartboard" 12e44000
           <...>-5906  [004] ....  2190.460995: do_anonymous_page: anonymous tgid 5906 5906 "roid.smartboard" 12e45000
           <...>-5906  [004] ....  2190.461061: do_anonymous_page: anonymous tgid 5906 5906 "roid.smartboard" 12e46000
           <...>-5906  [004] ....  2190.461131: do_anonymous_page: anonymous tgid 5906 5906 "roid.smartboard" 12e47000
           <...>-5906  [004] ....  2190.461206: do_anonymous_page: anonymous tgid 5906 5906 "roid.smartboard" 12e48000
           <...>-5906  [004] ....  2190.461258: do_anonymous_page: anonymous tgid 5906 5906 "roid.smartboard" 12e49000
           <...>-5906  [004] ....  2190.461309: do_anonymous_page: anonymous tgid 5906 5906 "roid.smartboard" 12e4a000
           <...>-6477  [004] ....  2190.461546: do_anonymous_page: anonymous tgid 6477 6477 ".apps.turbo:aab" 12ec8000
 ndroid.systemui-1650  [004] ....  2190.463062: do_anonymous_page: anonymous tgid 1650 1650 "ndroid.systemui" 1346d000
           <...>-5829  [004] ....  2190.463367: do_anonymous_page: anonymous tgid 5829 5829 "droid.bluetooth" 12c54000
           <...>-1817  [004] ....  2190.464239: do_anonymous_page: anonymous tgid 1817 1817 "qtidataservices" 71430000
   Binder:1332_E-3778  [004] ....  2190.465857: do_anonymous_page: anonymous tgid 1332 3778 "Binder:1332_E" 12e4e000
    Binder:602_1-638   [004] ....  2190.467646: do_anonymous_page: anonymous tgid 602 638 "Binder:602_1" 7fba710000
    Binder:602_1-638   [004] ....  2190.467699: do_anonymous_page: anonymous tgid 602 638 "Binder:602_1" 7fba711000
    Binder:602_1-638   [004] ....  2190.467723: do_anonymous_page: anonymous tgid 602 638 "Binder:602_1" 7fba712000
           <...>-7766  [004] ....  2190.468065: do_anonymous_page: anonymous tgid 1650 7766 "Binder:1650_D" 7f3127c000
           <...>-2542  [004] ....  2190.470898: do_anonymous_page: anonymous tgid 1976 2542 "Binder:1976_4" 12c81000
 gle.android.gms-2567  [004] ....  2190.473423: do_anonymous_page: anonymous tgid 2567 2567 "gle.android.gms" 12cc8000
   Binder:1332_E-3778  [004] ....  2190.474079: do_anonymous_page: anonymous tgid 1332 3778 "Binder:1332_E" 12e4f000
           <...>-2431  [004] ....  2190.474704: do_anonymous_page: anonymous tgid 1650 2431 "Binder:1650_8" 7f30a7a000
           <...>-2431  [004] ....  2190.474728: do_anonymous_page: anonymous tgid 1650 2431 "Binder:1650_8" 12ec0000
           <...>-2431  [004] ....  2190.474821: do_anonymous_page: anonymous tgid 1650 2431 "Binder:1650_8" 12ec1000
           <...>-1674  [004] ....  2190.475876: do_anonymous_page: anonymous tgid 1650 1674 "Binder:1650_2" 12e81000
           <...>-7492  [004] ....  2190.476166: do_anonymous_page: anonymous tgid 1650 7492 "Binder:1650_C" 7f346f1000
           <...>-7492  [004] ....  2190.476177: do_anonymous_page: anonymous tgid 1650 7492 "Binder:1650_C" 12c41000
           <...>-2181  [004] ....  2190.476436: do_anonymous_page: anonymous tgid 1650 2181 "Binder:1650_6" 12e41000
           <...>-7766  [004] ....  2190.476560: do_anonymous_page: anonymous tgid 1650 7766 "Binder:1650_D" 135c1000
           <...>-2189  [004] ....  2190.476674: do_anonymous_page: anonymous tgid 1650 2189 "ScreenDecoratio" 13689000
           <...>-6279  [004] ....  2190.479804: do_anonymous_page: anonymous tgid 6279 6279 "com.rovio.baba" 12c84000
           <...>-6279  [004] ....  2190.479933: do_anonymous_page: anonymous tgid 6279 6279 "com.rovio.baba" 12c85000
           <...>-6280  [004] ....  2190.480109: do_anonymous_page: anonymous tgid 6279 6280 "Jit thread pool" 7f29440000
           <...>-6280  [004] ....  2190.480121: do_anonymous_page: anonymous tgid 6279 6280 "Jit thread pool" 7f29460000
           <...>-6280  [004] ....  2190.480124: do_anonymous_page: anonymous tgid 6279 6280 "Jit thread pool" 7f29441000
           <...>-6280  [004] ....  2190.480128: do_anonymous_page: anonymous tgid 6279 6280 "Jit thread pool" 7f29442000
           <...>-6280  [004] ....  2190.480150: do_anonymous_page: anonymous tgid 6279 6280 "Jit thread pool" 7f29443000
           <...>-6280  [004] ....  2190.480172: do_anonymous_page: anonymous tgid 6279 6280 "Jit thread pool" 7f29444000
           <...>-6280  [004] ....  2190.480201: do_anonymous_page: anonymous tgid 6279 6280 "Jit thread pool" 7f29445000
           <...>-6280  [004] ....  2190.480224: do_anonymous_page: anonymous tgid 6279 6280 "Jit thread pool" 12dc0000
           <...>-6280  [004] ....  2190.480277: do_anonymous_page: anonymous tgid 6279 6280 "Jit thread pool" 7f29446000
           <...>-6280  [004] ....  2190.480286: do_anonymous_page: anonymous tgid 6279 6280 "Jit thread pool" 7f29461000
           <...>-6280  [004] ....  2190.480294: do_anonymous_page: anonymous tgid 6279 6280 "Jit thread pool" 7f29462000
           <...>-6280  [004] ....  2190.480299: do_anonymous_page: anonymous tgid 6279 6280 "Jit thread pool" 7f29463000
           <...>-6280  [004] ....  2190.480352: do_anonymous_page: anonymous tgid 6279 6280 "Jit thread pool" 7f29464000
           <...>-6280  [004] ....  2190.480355: do_anonymous_page: anonymous tgid 6279 6280 "Jit thread pool" 7f29465000
           <...>-6280  [004] ....  2190.480365: do_anonymous_page: anonymous tgid 6279 6280 "Jit thread pool" 7f29447000
     OomAdjuster-1366  [004] ....  2190.481036: do_anonymous_page: anonymous tgid 1332 1366 "OomAdjuster" 136c0000
      android.ui-1352  [004] ....  2190.487944: do_anonymous_page: anonymous tgid 1332 1352 "android.ui" 12f01000
           <...>-1471  [004] ....  2190.488243: do_anonymous_page: anonymous tgid 1332 1471 "tworkPolicy.uid" 13700000
           <...>-7039  [004] ....  2190.489002: do_anonymous_page: anonymous tgid 2248 7039 "Binder:2248_B" 13882000
           <...>-6708  [004] ....  2190.489338: do_anonymous_page: anonymous tgid 5829 6708 "Binder:5829_4" 12d83000
           <...>-2005  [004] ....  2190.502076: do_anonymous_page: anonymous tgid 1976 2005 "UiThreadHelper" 13104000
           <...>-6279  [004] ....  2190.503084: do_anonymous_page: anonymous tgid 6279 6279 "com.rovio.baba" 12c86000
           <...>-1976  [004] ....  2190.504193: do_anonymous_page: anonymous tgid 1976 1976 "droid.launcher3" 12f12000
           <...>-1976  [004] ....  2190.505128: do_anonymous_page: anonymous tgid 1976 1976 "droid.launcher3" 12f13000
           <...>-2537  [004] ....  2190.505971: do_anonymous_page: anonymous tgid 1976 2537 "RenderThread" 7f3151b000
           <...>-1976  [004] ....  2190.506117: do_anonymous_page: anonymous tgid 1976 1976 "droid.launcher3" 12f14000
           <...>-6279  [004] ....  2190.508562: do_anonymous_page: anonymous tgid 6279 6279 "com.rovio.baba" 7ecad7e000
           <...>-6279  [004] ....  2190.508568: do_anonymous_page: anonymous tgid 6279 6279 "com.rovio.baba" 7ecad7f000
           <...>-6279  [004] ....  2190.508617: do_anonymous_page: anonymous tgid 6279 6279 "com.rovio.baba" 7f29221000
           <...>-6279  [004] ....  2190.508622: do_anonymous_page: anonymous tgid 6279 6279 "com.rovio.baba" 7f29220000
           <...>-6279  [004] ....  2190.509364: do_anonymous_page: anonymous tgid 6279 6279 "com.rovio.baba" 12c87000
           <...>-6279  [004] ....  2190.509430: do_anonymous_page: anonymous tgid 6279 6279 "com.rovio.baba" 12c88000
           <...>-6279  [004] ....  2190.509447: do_anonymous_page: anonymous tgid 6279 6279 "com.rovio.baba" 12c89000
           <...>-6279  [004] ....  2190.509494: do_anonymous_page: anonymous tgid 6279 6279 "com.rovio.baba" 12c8a000
           <...>-6326  [004] ....  2190.509642: do_anonymous_page: anonymous tgid 6279 6326 "pool-3-thread-1" 12e00000
           <...>-6326  [004] ....  2190.509704: do_anonymous_page: anonymous tgid 6279 6326 "pool-3-thread-1" 12e01000
           <...>-6326  [004] ....  2190.509825: do_anonymous_page: anonymous tgid 6279 6326 "pool-3-thread-1" 12e02000
           <...>-6326  [004] ....  2190.509845: do_anonymous_page: anonymous tgid 6279 6326 "pool-3-thread-1" 12e03000
           <...>-6326  [004] ....  2190.509866: do_anonymous_page: anonymous tgid 6279 6326 "pool-3-thread-1" 12e04000
           <...>-6326  [004] ....  2190.509884: do_anonymous_page: anonymous tgid 6279 6326 "pool-3-thread-1" 12e05000
           <...>-6326  [004] ....  2190.509902: do_anonymous_page: anonymous tgid 6279 6326 "pool-3-thread-1" 12e06000
           <...>-6326  [004] ....  2190.509942: do_anonymous_page: anonymous tgid 6279 6326 "pool-3-thread-1" 12e07000
           <...>-6326  [004] ....  2190.509964: do_anonymous_page: anonymous tgid 6279 6326 "pool-3-thread-1" 12e08000
           <...>-6326  [004] ....  2190.510007: do_anonymous_page: anonymous tgid 6279 6326 "pool-3-thread-1" 12e09000
           <...>-6326  [004] ....  2190.510027: do_anonymous_page: anonymous tgid 6279 6326 "pool-3-thread-1" 12e0a000
           <...>-6326  [004] ....  2190.510043: do_anonymous_page: anonymous tgid 6279 6326 "pool-3-thread-1" 12e0b000
           <...>-6326  [004] ....  2190.510060: do_anonymous_page: anonymous tgid 6279 6326 "pool-3-thread-1" 12e0c000
           <...>-6326  [004] ....  2190.510076: do_anonymous_page: anonymous tgid 6279 6326 "pool-3-thread-1" 12e0d000
           <...>-6326  [004] ....  2190.510111: do_anonymous_page: anonymous tgid 6279 6326 "pool-3-thread-1" 12e0e000
           <...>-6326  [004] ....  2190.510127: do_anonymous_page: anonymous tgid 6279 6326 "pool-3-thread-1" 12e0f000
           <...>-6400  [004] ....  2190.510178: do_anonymous_page: anonymous tgid 6279 6400 "GoogleApiHandle" 12e40000
 pool-5-thread-1-6324  [004] ....  2190.510218: do_anonymous_page: anonymous tgid 6279 6324 "pool-5-thread-1" 12e80000
   Binder:1332_E-3778  [004] ....  2190.511345: do_anonymous_page: anonymous tgid 1332 3778 "Binder:1332_E" 12e50000
 pool-5-thread-1-6324  [004] ....  2190.511476: do_anonymous_page: anonymous tgid 6279 6324 "pool-5-thread-1" 12e81000
           <...>-6620  [004] ....  2190.511613: do_anonymous_page: anonymous tgid 6279 6620 "GoogleApiHandle" 12ec0000
           <...>-6326  [004] ....  2190.512329: do_anonymous_page: anonymous tgid 6279 6326 "pool-3-thread-1" 12e10000
           <...>-6326  [004] ....  2190.512413: do_anonymous_page: anonymous tgid 6279 6326 "pool-3-thread-1" 12e11000
           <...>-6326  [004] ....  2190.512479: do_anonymous_page: anonymous tgid 6279 6326 "pool-3-thread-1" 12e12000
           <...>-6326  [004] ....  2190.512502: do_anonymous_page: anonymous tgid 6279 6326 "pool-3-thread-1" 12e13000
           <...>-6326  [004] ....  2190.512519: do_anonymous_page: anonymous tgid 6279 6326 "pool-3-thread-1" 12e14000
           <...>-6326  [004] ....  2190.512540: do_anonymous_page: anonymous tgid 6279 6326 "pool-3-thread-1" 12e15000
           <...>-6326  [004] ....  2190.512556: do_anonymous_page: anonymous tgid 6279 6326 "pool-3-thread-1" 12e16000
           <...>-6326  [004] ....  2190.512584: do_anonymous_page: anonymous tgid 6279 6326 "pool-3-thread-1" 12e17000
           <...>-6326  [004] ....  2190.512607: do_anonymous_page: anonymous tgid 6279 6326 "pool-3-thread-1" 12e18000
           <...>-6326  [004] ....  2190.512631: do_anonymous_page: anonymous tgid 6279 6326 "pool-3-thread-1" 12e19000
           <...>-6326  [004] ....  2190.512663: do_anonymous_page: anonymous tgid 6279 6326 "pool-3-thread-1" 12e1a000
           <...>-6326  [004] ....  2190.512684: do_anonymous_page: anonymous tgid 6279 6326 "pool-3-thread-1" 12e1b000
           <...>-6326  [004] ....  2190.512700: do_anonymous_page: anonymous tgid 6279 6326 "pool-3-thread-1" 12e1c000
           <...>-6326  [004] ....  2190.512718: do_anonymous_page: anonymous tgid 6279 6326 "pool-3-thread-1" 12e1d000
           <...>-6326  [004] ....  2190.512735: do_anonymous_page: anonymous tgid 6279 6326 "pool-3-thread-1" 12e1e000
           <...>-6326  [004] ....  2190.512767: do_anonymous_page: anonymous tgid 6279 6326 "pool-3-thread-1" 12e1f000
           <...>-6326  [004] ....  2190.512779: do_anonymous_page: anonymous tgid 6279 6326 "pool-3-thread-1" 12e20000
 pool-5-thread-1-6324  [004] ....  2190.513230: do_anonymous_page: anonymous tgid 6279 6324 "pool-5-thread-1" 12e82000
 pool-5-thread-1-6324  [004] ....  2190.513259: do_anonymous_page: anonymous tgid 6279 6324 "pool-5-thread-1" 12e83000
 m.android.phone-1857  [004] ....  2190.513657: do_anonymous_page: anonymous tgid 1857 1857 "m.android.phone" 13539000
     logd.writer-569   [004] ....  2190.513821: do_anonymous_page: anonymous tgid 557 569 "logd.writer" 7fbc01e000
     logd.writer-569   [004] ....  2190.513831: do_anonymous_page: anonymous tgid 557 569 "logd.writer" 7fb41e8000
     logd.writer-569   [004] ....  2190.514021: do_anonymous_page: anonymous tgid 557 569 "logd.writer" 7fb41e9000
           <...>-2189  [004] ....  2190.515522: do_anonymous_page: anonymous tgid 1650 2189 "ScreenDecoratio" 1368a000
   Binder:1332_E-3778  [004] ....  2190.516638: do_anonymous_page: anonymous tgid 1332 3778 "Binder:1332_E" 12e51000
 pool-5-thread-1-6324  [004] ....  2190.516730: do_anonymous_page: anonymous tgid 6279 6324 "pool-5-thread-1" 12e84000
 pool-5-thread-1-6324  [004] ....  2190.517672: do_anonymous_page: anonymous tgid 6279 6324 "pool-5-thread-1" 12e85000
 pool-5-thread-1-6324  [004] ....  2190.517698: do_anonymous_page: anonymous tgid 6279 6324 "pool-5-thread-1" 12e86000
 pool-5-thread-1-6324  [004] ....  2190.517802: do_anonymous_page: anonymous tgid 6279 6324 "pool-5-thread-1" 12e87000
           <...>-7602  [004] ....  2190.521325: do_anonymous_page: anonymous tgid 1332 7602 "Binder:1332_20" 12ec1000
           <...>-1976  [004] ....  2190.523482: do_anonymous_page: anonymous tgid 1976 1976 "droid.launcher3" 12f15000
           <...>-1976  [004] ....  2190.523531: do_anonymous_page: anonymous tgid 1976 1976 "droid.launcher3" 12f16000
           <...>-1976  [004] ....  2190.523712: do_anonymous_page: anonymous tgid 1976 1976 "droid.launcher3" 7ecebd0000
           <...>-2189  [004] ....  2190.525428: do_anonymous_page: anonymous tgid 1650 2189 "ScreenDecoratio" 1368b000
 ndroid.systemui-1650  [004] ....  2190.525591: do_anonymous_page: anonymous tgid 1650 1650 "ndroid.systemui" 1346e000
 ndroid.systemui-1650  [004] ....  2190.525979: do_anonymous_page: anonymous tgid 1650 1650 "ndroid.systemui" 1346f000
 ndroid.systemui-1650  [004] ....  2190.526642: do_anonymous_page: anonymous tgid 1650 1650 "ndroid.systemui" 13470000
 ndroid.systemui-1650  [004] ....  2190.526800: do_anonymous_page: anonymous tgid 1650 1650 "ndroid.systemui" 13471000
 ndroid.systemui-1650  [004] ....  2190.526823: do_anonymous_page: anonymous tgid 1650 1650 "ndroid.systemui" 7ebea11000
 ndroid.systemui-1650  [004] ....  2190.526874: do_anonymous_page: anonymous tgid 1650 1650 "ndroid.systemui" 7ebea12000
 ndroid.systemui-1650  [004] ....  2190.526886: do_anonymous_page: anonymous tgid 1650 1650 "ndroid.systemui" 13472000
 ndroid.systemui-1650  [004] ....  2190.527114: do_anonymous_page: anonymous tgid 1650 1650 "ndroid.systemui" 13473000
   Binder:1332_7-1909  [004] ....  2190.527379: do_anonymous_page: anonymous tgid 1332 1909 "Binder:1332_7" 13641000
           <...>-1792  [004] ....  2190.527577: do_anonymous_page: anonymous tgid 602 1792 "Binder:602_5" 7faa78c000
           <...>-1792  [004] ....  2190.527585: do_anonymous_page: anonymous tgid 602 1792 "Binder:602_5" 7faa78a000
           <...>-1792  [004] ....  2190.527594: do_anonymous_page: anonymous tgid 602 1792 "Binder:602_5" 7faa78b000
   Binder:1332_7-1909  [004] ....  2190.527719: do_anonymous_page: anonymous tgid 1332 1909 "Binder:1332_7" 13642000
   Binder:1332_7-1909  [004] ....  2190.527752: do_anonymous_page: anonymous tgid 1332 1909 "Binder:1332_7" 13643000
 ndroid.systemui-1650  [004] ....  2190.528499: do_anonymous_page: anonymous tgid 1650 1650 "ndroid.systemui" 13474000
 ndroid.systemui-1650  [004] ....  2190.528761: do_anonymous_page: anonymous tgid 1650 1650 "ndroid.systemui" 13475000
 ndroid.systemui-1650  [004] ....  2190.528943: do_anonymous_page: anonymous tgid 1650 1650 "ndroid.systemui" 13476000
  Binder:1332_19-6878  [004] ....  2190.529375: do_anonymous_page: anonymous tgid 1332 6878 "Binder:1332_19" 12e04000
           <...>-1353  [004] ....  2190.530286: do_anonymous_page: anonymous tgid 1332 1353 "android.io" 13740000
           <...>-1479  [004] ....  2190.530443: do_anonymous_page: anonymous tgid 1332 1479 "ConnectivitySer" 13780000
           <...>-1353  [004] ....  2190.531339: do_anonymous_page: anonymous tgid 1332 1353 "android.io" 13741000
           <...>-1353  [004] ....  2190.531370: do_anonymous_page: anonymous tgid 1332 1353 "android.io" 13742000
           <...>-1353  [004] ....  2190.531533: do_anonymous_page: anonymous tgid 1332 1353 "android.io" 13743000
           <...>-1353  [004] ....  2190.531559: do_anonymous_page: anonymous tgid 1332 1353 "android.io" 13744000
           <...>-1353  [004] ....  2190.531577: do_anonymous_page: anonymous tgid 1332 1353 "android.io" 13745000
           <...>-1353  [004] ....  2190.531603: do_anonymous_page: anonymous tgid 1332 1353 "android.io" 13746000
           <...>-1975  [004] .n..  2190.531936: do_anonymous_page: anonymous tgid 1650 1975 "VolumeDialogCon" 12f00000
           <...>-1453  [004] ....  2190.532529: do_anonymous_page: anonymous tgid 1332 1453 "InputReader" 137c0000
           <...>-1453  [004] ....  2190.532539: do_anonymous_page: anonymous tgid 1332 1453 "InputReader" 7f30aa2000
           <...>-1453  [004] ....  2190.532684: do_anonymous_page: anonymous tgid 1332 1453 "InputReader" 137c1000
           <...>-7766  [004] ....  2190.535440: do_anonymous_page: anonymous tgid 1650 7766 "Binder:1650_D" 135c2000
           <...>-1354  [004] ....  2190.537539: do_anonymous_page: anonymous tgid 1332 1354 "android.display" 12c87000
   Binder:1332_E-3778  [004] ....  2190.538388: do_anonymous_page: anonymous tgid 1332 3778 "Binder:1332_E" 12e52000
   Binder:1332_E-3778  [004] ....  2190.538447: do_anonymous_page: anonymous tgid 1332 3778 "Binder:1332_E" 12e53000
   Binder:1332_E-3778  [004] ....  2190.538586: do_anonymous_page: anonymous tgid 1332 3778 "Binder:1332_E" 12e54000
  surfaceflinger-602   [004] ....  2190.544246: do_anonymous_page: anonymous tgid 602 602 "surfaceflinger" 7faa69a000
           <...>-1792  [004] ....  2190.545583: do_anonymous_page: anonymous tgid 602 1792 "Binder:602_5" 7faa78f000
           <...>-1792  [004] ....  2190.545588: do_anonymous_page: anonymous tgid 602 1792 "Binder:602_5" 7faa78d000
           <...>-1792  [004] ....  2190.545592: do_anonymous_page: anonymous tgid 602 1792 "Binder:602_5" 7faa78e000
           <...>-6279  [004] ....  2190.546908: do_anonymous_page: anonymous tgid 6279 6279 "com.rovio.baba" 12c8b000
           <...>-6279  [004] ....  2190.547079: do_anonymous_page: anonymous tgid 6279 6279 "com.rovio.baba" 12c8c000
           <...>-6279  [004] ....  2190.547952: do_anonymous_page: anonymous tgid 6279 6279 "com.rovio.baba" 12c8d000
           <...>-6279  [004] ....  2190.548009: do_anonymous_page: anonymous tgid 6279 6279 "com.rovio.baba" 7eb55bc000
           <...>-6279  [004] ....  2190.548014: do_anonymous_page: anonymous tgid 6279 6279 "com.rovio.baba" 7eb55bd000
           <...>-6279  [004] ....  2190.548017: do_anonymous_page: anonymous tgid 6279 6279 "com.rovio.baba" 7eb55be000
           <...>-6279  [004] ....  2190.548020: do_anonymous_page: anonymous tgid 6279 6279 "com.rovio.baba" 7eb55bf000
           <...>-6279  [004] ....  2190.548023: do_anonymous_page: anonymous tgid 6279 6279 "com.rovio.baba" 7eb55c0000
           <...>-6279  [004] ....  2190.548025: do_anonymous_page: anonymous tgid 6279 6279 "com.rovio.baba" 7eb55c1000
           <...>-6279  [004] ....  2190.548052: do_anonymous_page: anonymous tgid 6279 6279 "com.rovio.baba" 7ecad04000
           <...>-6279  [004] ....  2190.548054: do_anonymous_page: anonymous tgid 6279 6279 "com.rovio.baba" 7ecad0a000
           <...>-6279  [004] ....  2190.548057: do_anonymous_page: anonymous tgid 6279 6279 "com.rovio.baba" 7ecad09000
           <...>-6279  [004] ....  2190.548059: do_anonymous_page: anonymous tgid 6279 6279 "com.rovio.baba" 7ecad08000
           <...>-6279  [004] ....  2190.548062: do_anonymous_page: anonymous tgid 6279 6279 "com.rovio.baba" 7ecad07000
           <...>-6279  [004] ....  2190.548064: do_anonymous_page: anonymous tgid 6279 6279 "com.rovio.baba" 7ecad06000
           <...>-6279  [004] ....  2190.548067: do_anonymous_page: anonymous tgid 6279 6279 "com.rovio.baba" 7ecad05000
           <...>-6279  [004] ....  2190.548077: do_anonymous_page: anonymous tgid 6279 6279 "com.rovio.baba" 7ecac1d000
           <...>-6279  [004] ....  2190.548087: do_anonymous_page: anonymous tgid 6279 6279 "com.rovio.baba" 7ecad0d000
           <...>-6279  [004] ....  2190.548089: do_anonymous_page: anonymous tgid 6279 6279 "com.rovio.baba" 7ecad12000
           <...>-6279  [004] ....  2190.548091: do_anonymous_page: anonymous tgid 6279 6279 "com.rovio.baba" 7ecad11000
           <...>-6279  [004] ....  2190.548094: do_anonymous_page: anonymous tgid 6279 6279 "com.rovio.baba" 7ecad10000
           <...>-6279  [004] ....  2190.548096: do_anonymous_page: anonymous tgid 6279 6279 "com.rovio.baba" 7ecad0f000
           <...>-6279  [004] ....  2190.548099: do_anonymous_page: anonymous tgid 6279 6279 "com.rovio.baba" 7ecad0e000
           <...>-6279  [004] ....  2190.548105: do_anonymous_page: anonymous tgid 6279 6279 "com.rovio.baba" 7ecac1e000
           <...>-6279  [004] ....  2190.548113: do_anonymous_page: anonymous tgid 6279 6279 "com.rovio.baba" 7ecad77000
           <...>-6279  [004] ....  2190.548116: do_anonymous_page: anonymous tgid 6279 6279 "com.rovio.baba" 7ecad7c000
           <...>-6279  [004] ....  2190.548118: do_anonymous_page: anonymous tgid 6279 6279 "com.rovio.baba" 7ecad7b000
           <...>-6279  [004] ....  2190.548120: do_anonymous_page: anonymous tgid 6279 6279 "com.rovio.baba" 7ecad7a000
           <...>-6279  [004] ....  2190.548122: do_anonymous_page: anonymous tgid 6279 6279 "com.rovio.baba" 7ecad79000
           <...>-6279  [004] ....  2190.548129: do_anonymous_page: anonymous tgid 6279 6279 "com.rovio.baba" 7ecac47000
           <...>-6279  [004] ....  2190.548139: do_anonymous_page: anonymous tgid 6279 6279 "com.rovio.baba" 7eb52cb000
           <...>-6279  [004] ....  2190.548141: do_anonymous_page: anonymous tgid 6279 6279 "com.rovio.baba" 7eb52d1000
           <...>-6279  [004] ....  2190.548144: do_anonymous_page: anonymous tgid 6279 6279 "com.rovio.baba" 7eb52d0000
           <...>-6279  [004] ....  2190.548146: do_anonymous_page: anonymous tgid 6279 6279 "com.rovio.baba" 7eb52cf000
           <...>-6279  [004] ....  2190.548148: do_anonymous_page: anonymous tgid 6279 6279 "com.rovio.baba" 7eb52ce000
           <...>-6279  [004] ....  2190.548150: do_anonymous_page: anonymous tgid 6279 6279 "com.rovio.baba" 7eb52cd000
           <...>-6279  [004] ....  2190.548152: do_anonymous_page: anonymous tgid 6279 6279 "com.rovio.baba" 7eb52cc000
    Binder:602_4-1595  [004] ....  2190.548686: do_anonymous_page: anonymous tgid 602 1595 "Binder:602_4" 7fba618000
    Binder:602_4-1595  [004] ....  2190.548694: do_anonymous_page: anonymous tgid 602 1595 "Binder:602_4" 7fba616000
    Binder:602_4-1595  [004] ....  2190.548699: do_anonymous_page: anonymous tgid 602 1595 "Binder:602_4" 7fba617000
           <...>-6279  [004] ....  2190.549067: do_anonymous_page: anonymous tgid 6279 6279 "com.rovio.baba" 7ecac54000
    Binder:602_1-638   [004] ....  2190.549183: do_anonymous_page: anonymous tgid 602 638 "Binder:602_1" 7fba715000
    Binder:602_1-638   [004] ....  2190.549187: do_anonymous_page: anonymous tgid 602 638 "Binder:602_1" 7fba713000
    Binder:602_1-638   [004] ....  2190.549193: do_anonymous_page: anonymous tgid 602 638 "Binder:602_1" 7fba714000
    Binder:602_4-1595  [004] ....  2190.549414: do_anonymous_page: anonymous tgid 602 1595 "Binder:602_4" 7fba611000
    Binder:602_4-1595  [004] ....  2190.549418: do_anonymous_page: anonymous tgid 602 1595 "Binder:602_4" 7fba60f000
    Binder:602_4-1595  [004] ....  2190.549423: do_anonymous_page: anonymous tgid 602 1595 "Binder:602_4" 7fba610000
           <...>-6279  [004] ....  2190.549492: do_anonymous_page: anonymous tgid 6279 6279 "com.rovio.baba" 12c8e000
           <...>-6279  [004] ....  2190.549622: do_anonymous_page: anonymous tgid 6279 6279 "com.rovio.baba" 7ecac55000
           <...>-1355  [004] ....  2190.551276: do_anonymous_page: anonymous tgid 1332 1355 "android.anim" 12f41000
           <...>-6299  [004] ....  2190.551875: do_anonymous_page: anonymous tgid 6279 6299 "Binder:6279_4" 12d01000
           <...>-1792  [004] ....  2190.560549: do_anonymous_page: anonymous tgid 602 1792 "Binder:602_5" 7fb7564000
           <...>-1792  [004] ....  2190.561117: do_anonymous_page: anonymous tgid 602 1792 "Binder:602_5" 7fb756b000
  Binder:1332_19-6878  [004] ....  2190.561534: do_anonymous_page: anonymous tgid 1332 6878 "Binder:1332_19" 12e05000
           <...>-1355  [004] ....  2190.561862: do_anonymous_page: anonymous tgid 1332 1355 "android.anim" 12f42000
           <...>-7145  [004] ....  2190.562668: do_anonymous_page: anonymous tgid 1332 7145 "Binder:1332_1C" 14d99000
           <...>-6279  [004] ....  2190.564355: do_anonymous_page: anonymous tgid 6279 6279 "com.rovio.baba" 12c8f000
           <...>-6279  [004] ....  2190.568192: do_anonymous_page: anonymous tgid 6279 6279 "com.rovio.baba" 12c90000
    Binder:602_1-638   [004] ....  2190.570153: do_anonymous_page: anonymous tgid 602 638 "Binder:602_1" 7fba678000
           <...>-6279  [004] ....  2190.570759: do_anonymous_page: anonymous tgid 6279 6279 "com.rovio.baba" 12c91000
       UnityMain-6336  [004] ....  2190.573016: do_anonymous_page: anonymous tgid 6279 6336 "UnityMain" 12d41000
           <...>-1351  [004] ....  2190.577641: do_anonymous_page: anonymous tgid 1332 1351 "android.fg" 12cc1000
   Binder:2567_3-2595  [004] ....  2190.578822: do_anonymous_page: anonymous tgid 2567 2595 "Binder:2567_3" 12c8a000
 gle.android.gms-2567  [004] ....  2190.580052: do_anonymous_page: anonymous tgid 2567 2567 "gle.android.gms" 12cc9000
 gle.android.gms-2567  [004] ....  2190.580328: do_anonymous_page: anonymous tgid 2567 2567 "gle.android.gms" 12cca000
   Binder:1332_4-1641  [004] ....  2190.581762: do_anonymous_page: anonymous tgid 1332 1641 "Binder:1332_4" 13541000
           <...>-6279  [004] ....  2190.582606: do_anonymous_page: anonymous tgid 6279 6279 "com.rovio.baba" 12c92000
   Binder:2567_A-5282  [004] ....  2190.592334: do_anonymous_page: anonymous tgid 2567 5282 "Binder:2567_A" 12e41000
   Binder:1332_7-1909  [004] ....  2190.596363: do_anonymous_page: anonymous tgid 1332 1909 "Binder:1332_7" 13644000
 pool-5-thread-1-6324  [004] ....  2190.597503: do_anonymous_page: anonymous tgid 6279 6324 "pool-5-thread-1" 12e89000
 pool-5-thread-1-6324  [004] ....  2190.597509: do_anonymous_page: anonymous tgid 6279 6324 "pool-5-thread-1" 12e8a000
 pool-5-thread-1-6324  [004] ....  2190.597532: do_anonymous_page: anonymous tgid 6279 6324 "pool-5-thread-1" 12e88000
 pool-5-thread-1-6324  [004] ....  2190.597670: do_anonymous_page: anonymous tgid 6279 6324 "pool-5-thread-1" 12e8b000
 pool-5-thread-1-6324  [004] ....  2190.597881: do_anonymous_page: anonymous tgid 6279 6324 "pool-5-thread-1" 12e8c000
 pool-5-thread-1-6324  [004] ....  2190.597981: do_anonymous_page: anonymous tgid 6279 6324 "pool-5-thread-1" 12e8d000
 pool-5-thread-1-6324  [004] ....  2190.598082: do_anonymous_page: anonymous tgid 6279 6324 "pool-5-thread-1" 12e8e000
 pool-5-thread-1-6324  [004] ....  2190.598103: do_anonymous_page: anonymous tgid 6279 6324 "pool-5-thread-1" 12e8f000
 pool-5-thread-1-6324  [004] ....  2190.598124: do_anonymous_page: anonymous tgid 6279 6324 "pool-5-thread-1" 12e90000
 pool-5-thread-1-6324  [004] ....  2190.598146: do_anonymous_page: anonymous tgid 6279 6324 "pool-5-thread-1" 12e91000
 pool-5-thread-1-6324  [004] ....  2190.598168: do_anonymous_page: anonymous tgid 6279 6324 "pool-5-thread-1" 12e92000
 pool-5-thread-1-6324  [004] ....  2190.598193: do_anonymous_page: anonymous tgid 6279 6324 "pool-5-thread-1" 12e93000
 pool-5-thread-1-6324  [004] ....  2190.598229: do_anonymous_page: anonymous tgid 6279 6324 "pool-5-thread-1" 12e94000
 pool-5-thread-1-6324  [004] ....  2190.598252: do_anonymous_page: anonymous tgid 6279 6324 "pool-5-thread-1" 12e95000
 pool-5-thread-1-6324  [004] ....  2190.598274: do_anonymous_page: anonymous tgid 6279 6324 "pool-5-thread-1" 12e96000
 pool-5-thread-1-6324  [004] ....  2190.598290: do_anonymous_page: anonymous tgid 6279 6324 "pool-5-thread-1" 12e97000
 pool-5-thread-1-6324  [004] ....  2190.598309: do_anonymous_page: anonymous tgid 6279 6324 "pool-5-thread-1" 12e98000
 pool-5-thread-1-6324  [004] ....  2190.598328: do_anonymous_page: anonymous tgid 6279 6324 "pool-5-thread-1" 12e99000
 pool-5-thread-1-6324  [004] ....  2190.599433: do_anonymous_page: anonymous tgid 6279 6324 "pool-5-thread-1" 12e9a000
 pool-5-thread-1-6324  [004] ....  2190.599505: do_anonymous_page: anonymous tgid 6279 6324 "pool-5-thread-1" 12e9b000
 pool-5-thread-1-6324  [004] ....  2190.599541: do_anonymous_page: anonymous tgid 6279 6324 "pool-5-thread-1" 12e9c000
 pool-5-thread-1-6324  [004] ....  2190.599553: do_anonymous_page: anonymous tgid 6279 6324 "pool-5-thread-1" 12e9d000
 pool-5-thread-1-6324  [004] ....  2190.599670: do_anonymous_page: anonymous tgid 6279 6324 "pool-5-thread-1" 12e9e000
 pool-5-thread-1-6324  [004] ....  2190.599746: do_anonymous_page: anonymous tgid 6279 6324 "pool-5-thread-1" 12e9f000
 pool-5-thread-1-6324  [004] ....  2190.599836: do_anonymous_page: anonymous tgid 6279 6324 "pool-5-thread-1" 12ea0000
            netd-1029  [004] ....  2190.603116: do_anonymous_page: anonymous tgid 784 1029 "netd" 7fad224000
            netd-1029  [004] ....  2190.603125: do_anonymous_page: anonymous tgid 784 1029 "netd" 7fad223000
           <...>-1976  [004] ....  2190.607403: do_anonymous_page: anonymous tgid 1976 1976 "droid.launcher3" 12f17000
   Binder:1332_E-3778  [004] ....  2190.608801: do_anonymous_page: anonymous tgid 1332 3778 "Binder:1332_E" 12e55000
 ndroid.systemui-1650  [004] ....  2190.610939: do_anonymous_page: anonymous tgid 1650 1650 "ndroid.systemui" 13477000
           <...>-2181  [004] ....  2190.612529: do_anonymous_page: anonymous tgid 1650 2181 "Binder:1650_6" 12e42000
           <...>-2181  [004] ....  2190.612605: do_anonymous_page: anonymous tgid 1650 2181 "Binder:1650_6" 12e43000
 queued-work-loo-6310  [004] ....  2190.612991: do_anonymous_page: anonymous tgid 6279 6310 "queued-work-loo" 12f40000
 queued-work-loo-6310  [004] ....  2190.613430: do_anonymous_page: anonymous tgid 6279 6310 "queued-work-loo" 7573b000
 queued-work-loo-6310  [004] ....  2190.613437: do_anonymous_page: anonymous tgid 6279 6310 "queued-work-loo" 75329000
           <...>-2189  [004] ....  2190.616480: do_anonymous_page: anonymous tgid 1650 2189 "ScreenDecoratio" 1368c000
           <...>-2189  [004] ....  2190.616629: do_anonymous_page: anonymous tgid 1650 2189 "ScreenDecoratio" 1368d000
           <...>-2189  [004] ....  2190.619272: do_anonymous_page: anonymous tgid 1650 2189 "ScreenDecoratio" 1368e000
   Binder:1332_E-3778  [004] ....  2190.621702: do_anonymous_page: anonymous tgid 1332 3778 "Binder:1332_E" 12e56000
 ndroid.systemui-1650  [004] ....  2190.623873: do_anonymous_page: anonymous tgid 1650 1650 "ndroid.systemui" 13478000
           <...>-2181  [004] ....  2190.624246: do_anonymous_page: anonymous tgid 1650 2181 "Binder:1650_6" 12e44000
           <...>-2189  [004] ....  2190.625525: do_anonymous_page: anonymous tgid 1650 2189 "ScreenDecoratio" 1368f000
 ndroid.systemui-1650  [004] ....  2190.626800: do_anonymous_page: anonymous tgid 1650 1650 "ndroid.systemui" 13479000
 ndroid.systemui-1650  [004] ....  2190.626884: do_anonymous_page: anonymous tgid 1650 1650 "ndroid.systemui" 1347a000
 ndroid.systemui-1650  [004] ....  2190.626932: do_anonymous_page: anonymous tgid 1650 1650 "ndroid.systemui" 1347b000
           <...>-2189  [004] ....  2190.627036: do_anonymous_page: anonymous tgid 1650 2189 "ScreenDecoratio" 13690000
    RenderThread-2091  [004] ....  2190.628732: do_anonymous_page: anonymous tgid 1650 2091 "RenderThread" 7f3139d000
   Binder:1332_E-3778  [004] ....  2190.630262: do_anonymous_page: anonymous tgid 1332 3778 "Binder:1332_E" 12e57000
           <...>-7886  [004] ....  2190.630337: do_anonymous_page: anonymous tgid 7884 7886 "Binder:7884_2" 7fbd42d000
           <...>-2181  [004] ....  2190.631729: do_anonymous_page: anonymous tgid 1650 2181 "Binder:1650_6" 12e45000
  HwBinder:604_2-637   [004] ....  2190.634642: do_anonymous_page: anonymous tgid 604 637 "HwBinder:604_2" 7fb444a000
  HwBinder:604_2-637   [004] ....  2190.634683: do_anonymous_page: anonymous tgid 604 637 "HwBinder:604_2" 7fb448c000
  HwBinder:604_2-637   [004] ....  2190.634686: do_anonymous_page: anonymous tgid 604 637 "HwBinder:604_2" 7fb448d000
           <...>-2189  [004] ....  2190.637723: do_anonymous_page: anonymous tgid 1650 2189 "ScreenDecoratio" 13691000
   Binder:1332_7-1909  [004] ....  2190.638916: do_anonymous_page: anonymous tgid 1332 1909 "Binder:1332_7" 13645000
     AudioOut_15-1447  [004] ....  2190.641562: do_anonymous_page: anonymous tgid 841 1447 "AudioOut_15" 7f38c74000
     AudioOut_15-1447  [004] ....  2190.641571: do_anonymous_page: anonymous tgid 841 1447 "AudioOut_15" 7f38c75000
           <...>-1332  [004] ....  2190.644648: do_anonymous_page: anonymous tgid 1332 1332 "system_server" 12d43000
  surfaceflinger-602   [004] ....  2190.645060: do_anonymous_page: anonymous tgid 602 602 "surfaceflinger" 7faa70d000
  surfaceflinger-602   [004] ....  2190.645072: do_anonymous_page: anonymous tgid 602 602 "surfaceflinger" 7faa70e000
           <...>-6279  [004] ....  2190.646863: do_anonymous_page: anonymous tgid 6279 6279 "com.rovio.baba" 12c93000
       UnityMain-6336  [004] ....  2190.648634: do_anonymous_page: anonymous tgid 6279 6336 "UnityMain" 7ec5240000
       UnityMain-6336  [004] ....  2190.648641: do_anonymous_page: anonymous tgid 6279 6336 "UnityMain" 7ec523f000
 ScionFrontendAp-7887  [004] ....  2190.648754: do_anonymous_page: anonymous tgid 6279 7887 "ScionFrontendAp" 7fbde23000
 ScionFrontendAp-7887  [004] ....  2190.648766: do_anonymous_page: anonymous tgid 6279 7887 "ScionFrontendAp" 7f2921e000
 ScionFrontendAp-7887  [004] ....  2190.648784: do_anonymous_page: anonymous tgid 6279 7887 "ScionFrontendAp" 7f2921f000
 ScionFrontendAp-7887  [004] ....  2190.648795: do_anonymous_page: anonymous tgid 6279 7887 "ScionFrontendAp" 12f80000
 ScionFrontendAp-7887  [004] ....  2190.648823: do_anonymous_page: anonymous tgid 6279 7887 "ScionFrontendAp" 7f2921d000
 ScionFrontendAp-7887  [004] ....  2190.649041: do_anonymous_page: anonymous tgid 6279 7887 "ScionFrontendAp" 7f2921c000
 ScionFrontendAp-7887  [004] ....  2190.649109: do_anonymous_page: anonymous tgid 6279 7887 "ScionFrontendAp" 7ecb0f6000
 ScionFrontendAp-7887  [004] ....  2190.649113: do_anonymous_page: anonymous tgid 6279 7887 "ScionFrontendAp" 7ecb0f5000
 ScionFrontendAp-7887  [004] ....  2190.649417: do_anonymous_page: anonymous tgid 6279 7887 "ScionFrontendAp" 12f81000
 UnityChoreograp-6395  [004] ....  2190.649972: do_anonymous_page: anonymous tgid 6279 6395 "UnityChoreograp" 12fc0000
 PowerManagerSer-1373  [004] ....  2190.653021: do_anonymous_page: anonymous tgid 1332 1373 "PowerManagerSer" 131b7000
      Thread-197-6355  [004] ....  2190.653102: do_anonymous_page: anonymous tgid 6279 6355 "Thread-181" 13000000
      Thread-197-6355  [004] ....  2190.653108: do_anonymous_page: anonymous tgid 6279 6355 "Thread-181" 7fbbfc0000
      Thread-197-6355  [004] ....  2190.653118: do_anonymous_page: anonymous tgid 6279 6355 "Thread-181" 7df640b000
      Thread-197-6355  [004] ....  2190.653179: do_anonymous_page: anonymous tgid 6279 6355 "Thread-197" 7df640a000
      Thread-197-6355  [004] ....  2190.653740: do_anonymous_page: anonymous tgid 6279 6355 "Thread-197" 7ec5133000
      Thread-197-6355  [004] ....  2190.653745: do_anonymous_page: anonymous tgid 6279 6355 "Thread-197" 7ec5132000
   Binder:1332_E-3778  [004] ....  2190.654684: do_anonymous_page: anonymous tgid 1332 3778 "Binder:1332_E" 12e58000
           <...>-1792  [004] ....  2190.655013: do_anonymous_page: anonymous tgid 602 1792 "Binder:602_5" 7faa6d2000
           <...>-1792  [004] ....  2190.655017: do_anonymous_page: anonymous tgid 602 1792 "Binder:602_5" 7faa6d0000
           <...>-1792  [004] ....  2190.655061: do_anonymous_page: anonymous tgid 602 1792 "Binder:602_5" 7faa6d1000
   Binder:1332_E-3778  [004] ....  2190.655340: do_anonymous_page: anonymous tgid 1332 3778 "Binder:1332_E" 12e59000
   Binder:1332_E-3778  [004] ....  2190.655379: do_anonymous_page: anonymous tgid 1332 3778 "Binder:1332_E" 12e5a000
           <...>-1792  [004] ....  2190.655728: do_anonymous_page: anonymous tgid 602 1792 "Binder:602_5" 7faa725000
           <...>-1792  [004] ....  2190.655733: do_anonymous_page: anonymous tgid 602 1792 "Binder:602_5" 7faa723000
           <...>-1792  [004] ....  2190.655737: do_anonymous_page: anonymous tgid 602 1792 "Binder:602_5" 7faa724000
    Binder:602_1-638   [004] ....  2190.658963: do_anonymous_page: anonymous tgid 602 638 "Binder:602_1" 7fba716000
    Binder:602_1-638   [004] ....  2190.659047: do_anonymous_page: anonymous tgid 602 638 "Binder:602_1" 7fba717000
    Binder:602_1-638   [004] ....  2190.659076: do_anonymous_page: anonymous tgid 602 638 "Binder:602_1" 7fba718000
  Binder:1332_19-6878  [004] ....  2190.660170: do_anonymous_page: anonymous tgid 1332 6878 "Binder:1332_19" 12e06000
           <...>-2189  [004] ....  2190.663829: do_anonymous_page: anonymous tgid 1650 2189 "ScreenDecoratio" 13692000
           <...>-2189  [004] ....  2190.664004: do_anonymous_page: anonymous tgid 1650 2189 "ScreenDecoratio" 13693000
  surfaceflinger-602   [004] ....  2190.667373: do_anonymous_page: anonymous tgid 602 602 "surfaceflinger" 7faa69b000
           <...>-2189  [004] ....  2190.669671: do_anonymous_page: anonymous tgid 1650 2189 "ScreenDecoratio" 13694000
 ndroid.systemui-1650  [004] ....  2190.671764: do_anonymous_page: anonymous tgid 1650 1650 "ndroid.systemui" 1347c000
   Binder:1332_E-3778  [004] ....  2190.672717: do_anonymous_page: anonymous tgid 1332 3778 "Binder:1332_E" 12e5b000
           <...>-2181  [004] ....  2190.675102: do_anonymous_page: anonymous tgid 1650 2181 "Binder:1650_6" 12e46000
           <...>-2189  [004] ....  2190.675799: do_anonymous_page: anonymous tgid 1650 2189 "ScreenDecoratio" 13695000
             cat-7889  [004] ....  2190.676245: do_anonymous_page: anonymous tgid 7889 7889 "sh" 7fbd852000
            netd-7888  [004] ....  2190.676393: do_anonymous_page: anonymous tgid 784 7888 "netd" 7fad222000
            netd-7888  [004] ....  2190.676404: do_anonymous_page: anonymous tgid 784 7888 "netd" 7fbcd57000
            netd-7888  [004] ....  2190.676407: do_anonymous_page: anonymous tgid 784 7888 "netd" 7fbcd58000
            netd-7888  [004] ....  2190.676410: do_anonymous_page: anonymous tgid 784 7888 "netd" 7fbcd59000
            netd-7888  [004] ....  2190.676470: do_anonymous_page: anonymous tgid 784 7888 "netd" 7fad221000
            netd-7888  [004] ....  2190.676478: do_anonymous_page: anonymous tgid 784 7888 "netd" 7fad220000
            netd-7888  [004] ....  2190.676500: do_anonymous_page: anonymous tgid 784 7888 "netd" 7fba07f000
            netd-7888  [004] ....  2190.676541: do_anonymous_page: anonymous tgid 784 7888 "netd" 7fba089000
            netd-7888  [004] ....  2190.676544: do_anonymous_page: anonymous tgid 784 7888 "netd" 7fba08a000
            netd-7888  [004] ....  2190.676546: do_anonymous_page: anonymous tgid 784 7888 "netd" 7fba08b000
            netd-7888  [004] ....  2190.676548: do_anonymous_page: anonymous tgid 784 7888 "netd" 7fba08c000
             cat-7889  [004] ....  2190.676968: do_anonymous_page: anonymous tgid 7889 7889 "sh" 7ffffff000
             cat-7889  [004] ....  2190.677188: do_anonymous_page: anonymous tgid 7889 7889 "cat" 7fbf6ff000
             cat-7889  [004] ....  2190.677200: do_anonymous_page: anonymous tgid 7889 7889 "cat" 7fbf6fb000
             cat-7889  [004] ....  2190.677226: do_anonymous_page: anonymous tgid 7889 7889 "cat" 7fffffe000
             cat-7889  [004] ....  2190.677229: do_anonymous_page: anonymous tgid 7889 7889 "cat" 7fbf700000
             cat-7889  [004] ....  2190.677234: do_anonymous_page: anonymous tgid 7889 7889 "cat" 7fbf6fc000
             cat-7889  [004] ....  2190.677253: do_anonymous_page: anonymous tgid 7889 7889 "cat" 7fbf5e2000
             cat-7889  [004] ....  2190.677271: do_anonymous_page: anonymous tgid 7889 7889 "cat" 7fbf6fe000
             cat-7889  [004] ....  2190.677284: do_anonymous_page: anonymous tgid 7889 7889 "cat" 7fbe5d8000
             cat-7889  [004] ....  2190.677313: do_anonymous_page: anonymous tgid 7889 7889 "cat" 7fbf6fd000
             cat-7889  [004] ....  2190.677318: do_anonymous_page: anonymous tgid 7889 7889 "cat" 7fbe5d7000
             cat-7889  [004] ....  2190.677322: do_anonymous_page: anonymous tgid 7889 7889 "cat" 7fbe5d6000
             cat-7889  [004] ....  2190.677325: do_anonymous_page: anonymous tgid 7889 7889 "cat" 7fbe572000
             cat-7889  [004] ....  2190.677361: do_anonymous_page: anonymous tgid 7889 7889 "cat" 7fffffd000
             cat-7889  [004] ....  2190.677374: do_anonymous_page: anonymous tgid 7889 7889 "cat" 7fbe565000
             cat-7889  [004] ....  2190.677378: do_anonymous_page: anonymous tgid 7889 7889 "cat" 7fbe566000
   Binder:1332_7-1909  [004] ....  2190.681354: do_anonymous_page: anonymous tgid 1332 1909 "Binder:1332_7" 13646000
