           <...>-1511  [004] ....  1530.965238: do_anonymous_page: anonymous tgid 1332 1511 "Binder:1332_3" 13240000
           <...>-1641  [004] ....  1530.965343: do_anonymous_page: anonymous tgid 1332 1641 "Binder:1332_4" 7f235b8000
           <...>-1641  [004] ....  1530.965354: do_anonymous_page: anonymous tgid 1332 1641 "Binder:1332_4" 13280000
           <...>-2466  [004] ....  1530.965410: do_anonymous_page: anonymous tgid 1332 2466 "Binder:1332_B" 7f232d0000
           <...>-2466  [004] ....  1530.965420: do_anonymous_page: anonymous tgid 1332 2466 "Binder:1332_B" 132c0000
  Binder:1332_19-6878  [004] ....  1530.969130: do_anonymous_page: anonymous tgid 1332 6878 "Binder:1332_19" 12ec9000
  Binder:1332_19-6878  [004] ....  1530.969141: do_anonymous_page: anonymous tgid 1332 6878 "Binder:1332_19" 12eca000
  Binder:1332_19-6878  [004] ....  1530.969484: do_anonymous_page: anonymous tgid 1332 6878 "Binder:1332_19" 12ecb000
           <...>-6425  [004] ....  1530.969706: do_anonymous_page: anonymous tgid 6408 6425 "Binder:6408_1" ee986000
           <...>-6298  [004] ....  1530.969852: do_anonymous_page: anonymous tgid 6279 6298 "Binder:6279_3" 7f346f0000
           <...>-6046  [004] ....  1530.969942: do_anonymous_page: anonymous tgid 6015 6046 "Binder:6015_4" 12c44000
           <...>-6236  [004] ....  1530.970074: do_anonymous_page: anonymous tgid 5950 6236 "Binder:5950_4" 12fc6000
           <...>-5374  [004] ....  1530.970518: do_anonymous_page: anonymous tgid 5293 5374 "Binder:5293_5" 12c43000
           <...>-5134  [004] ....  1530.970651: do_anonymous_page: anonymous tgid 5112 5134 "Binder:5112_2" 12dc1000
           <...>-3534  [004] ....  1530.970946: do_anonymous_page: anonymous tgid 3515 3534 "Binder:3515_3" 12e04000
           <...>-3324  [004] ....  1530.971324: do_anonymous_page: anonymous tgid 2920 3324 "Binder:2920_4" 7f346f0000
   Binder:2567_3-2595  [004] ....  1530.971513: do_anonymous_page: anonymous tgid 2567 2595 "Binder:2567_3" 12dc1000
           <...>-2468  [004] ....  1530.972006: do_anonymous_page: anonymous tgid 2439 2468 "Binder:2439_2" 12c47000
           <...>-1870  [004] ....  1530.972726: do_anonymous_page: anonymous tgid 1840 1870 "Binder:1840_3" 12c48000
   system_server-1332  [004] ....  1530.973252: do_anonymous_page: anonymous tgid 1332 1332 "system_server" 12d42000
           <...>-6015  [004] ....  1530.973486: do_anonymous_page: anonymous tgid 6015 6015 "webview_service" 12cc6000
           <...>-2920  [004] ....  1530.974293: do_anonymous_page: anonymous tgid 2920 2920 "android.vending" 12cc0000
           <...>-2488  [004] ....  1530.974508: do_anonymous_page: anonymous tgid 2488 2488 ".ims.rcsservice" 12ca7000
           <...>-1925  [004] ....  1530.974904: do_anonymous_page: anonymous tgid 1925 1925 "id.ext.services" 12c99000
           <...>-1678  [004] ....  1530.975336: do_anonymous_page: anonymous tgid 1332 1678 "Binder:1332_6" 7e5f390000
           <...>-1678  [004] ....  1530.975342: do_anonymous_page: anonymous tgid 1332 1678 "Binder:1332_6" 7e5f38f000
           <...>-1678  [004] ....  1530.975409: do_anonymous_page: anonymous tgid 1332 1678 "Binder:1332_6" 7f232cc000
           <...>-1678  [004] ....  1530.975423: do_anonymous_page: anonymous tgid 1332 1678 "Binder:1332_6" 13300000
           <...>-3778  [004] ....  1530.975509: do_anonymous_page: anonymous tgid 1332 3778 "Binder:1332_E" 7f20fa4000
           <...>-3778  [004] ....  1530.975519: do_anonymous_page: anonymous tgid 1332 3778 "Binder:1332_E" 13340000
           <...>-1349  [004] ....  1530.975580: do_anonymous_page: anonymous tgid 1332 1349 "Binder:1332_1" 7f315b9000
           <...>-1349  [004] ....  1530.975589: do_anonymous_page: anonymous tgid 1332 1349 "Binder:1332_1" 13380000
           <...>-2481  [004] ....  1530.975647: do_anonymous_page: anonymous tgid 1332 2481 "Binder:1332_D" 7f21021000
           <...>-2481  [004] ....  1530.975659: do_anonymous_page: anonymous tgid 1332 2481 "Binder:1332_D" 133c0000
           <...>-5272  [004] ....  1530.975712: do_anonymous_page: anonymous tgid 1332 5272 "Binder:1332_14" 7f210e6000
           <...>-5272  [004] ....  1530.975720: do_anonymous_page: anonymous tgid 1332 5272 "Binder:1332_14" 13400000
           <...>-1909  [004] ....  1530.975778: do_anonymous_page: anonymous tgid 1332 1909 "Binder:1332_7" 7f31181000
           <...>-1909  [004] ....  1530.975787: do_anonymous_page: anonymous tgid 1332 1909 "Binder:1332_7" 13440000
           <...>-7259  [004] ....  1530.975844: do_anonymous_page: anonymous tgid 1332 7259 "Binder:1332_1E" 7f20fa8000
           <...>-7259  [004] ....  1530.975853: do_anonymous_page: anonymous tgid 1332 7259 "Binder:1332_1E" 13480000
           <...>-7021  [004] ....  1530.975906: do_anonymous_page: anonymous tgid 1332 7021 "Binder:1332_1B" 7f20fc6000
           <...>-7021  [004] ....  1530.975915: do_anonymous_page: anonymous tgid 1332 7021 "Binder:1332_1B" 134c0000
           <...>-6923  [004] ....  1530.975970: do_anonymous_page: anonymous tgid 1332 6923 "Binder:1332_1A" 7f2101f000
           <...>-6923  [004] ....  1530.975981: do_anonymous_page: anonymous tgid 1332 6923 "Binder:1332_1A" 13500000
           <...>-5587  [004] ....  1530.976037: do_anonymous_page: anonymous tgid 1332 5587 "Binder:1332_15" 7f236c5000
           <...>-5587  [004] ....  1530.976046: do_anonymous_page: anonymous tgid 1332 5587 "Binder:1332_15" 13540000
           <...>-3805  [004] ....  1530.976099: do_anonymous_page: anonymous tgid 1332 3805 "Binder:1332_F" 7f20fa2000
           <...>-3805  [004] ....  1530.976116: do_anonymous_page: anonymous tgid 1332 3805 "Binder:1332_F" 13580000
           <...>-1350  [004] ....  1530.976170: do_anonymous_page: anonymous tgid 1332 1350 "Binder:1332_2" 7f315b7000
           <...>-1350  [004] ....  1530.976178: do_anonymous_page: anonymous tgid 1332 1350 "Binder:1332_2" 135c0000
           <...>-1666  [004] ....  1530.976231: do_anonymous_page: anonymous tgid 1332 1666 "Binder:1332_5" 7f233e2000
           <...>-1666  [004] ....  1530.976240: do_anonymous_page: anonymous tgid 1332 1666 "Binder:1332_5" 13600000
           <...>-3835  [004] ....  1530.976293: do_anonymous_page: anonymous tgid 1332 3835 "Binder:1332_10" 7f20e92000
           <...>-3835  [004] ....  1530.976302: do_anonymous_page: anonymous tgid 1332 3835 "Binder:1332_10" 13640000
           <...>-2004  [004] ....  1530.976357: do_anonymous_page: anonymous tgid 1332 2004 "Binder:1332_9" 7f2ed03000
           <...>-2004  [004] ....  1530.976367: do_anonymous_page: anonymous tgid 1332 2004 "Binder:1332_9" 13680000
           <...>-5186  [004] ....  1530.976445: do_anonymous_page: anonymous tgid 1332 5186 "Binder:1332_13" 7f210e8000
           <...>-5186  [004] ....  1530.976454: do_anonymous_page: anonymous tgid 1332 5186 "Binder:1332_13" 136c0000
           <...>-7145  [004] ....  1530.976505: do_anonymous_page: anonymous tgid 1332 7145 "Binder:1332_1C" 7f20fc4000
           <...>-7145  [004] ....  1530.976515: do_anonymous_page: anonymous tgid 1332 7145 "Binder:1332_1C" 13700000
           <...>-1912  [004] ....  1530.976566: do_anonymous_page: anonymous tgid 1332 1912 "Binder:1332_8" 7f3107f000
           <...>-1912  [004] ....  1530.976578: do_anonymous_page: anonymous tgid 1332 1912 "Binder:1332_8" 13740000
           <...>-5052  [004] ....  1530.976630: do_anonymous_page: anonymous tgid 1332 5052 "Binder:1332_12" 7f2116d000
           <...>-5052  [004] ....  1530.976639: do_anonymous_page: anonymous tgid 1332 5052 "Binder:1332_12" 13780000
           <...>-2480  [004] ....  1530.976693: do_anonymous_page: anonymous tgid 1332 2480 "Binder:1332_C" 7f2da20000
           <...>-2480  [004] ....  1530.976702: do_anonymous_page: anonymous tgid 1332 2480 "Binder:1332_C" 137c0000
           <...>-3958  [004] ....  1530.976757: do_anonymous_page: anonymous tgid 1332 3958 "Binder:1332_11" 7f20de5000
           <...>-3958  [004] ....  1530.976767: do_anonymous_page: anonymous tgid 1332 3958 "Binder:1332_11" 13800000
           <...>-2457  [004] ....  1530.976821: do_anonymous_page: anonymous tgid 1332 2457 "Binder:1332_A" 7f2da22000
           <...>-2457  [004] ....  1530.976829: do_anonymous_page: anonymous tgid 1332 2457 "Binder:1332_A" 13840000
           <...>-2402  [004] ....  1530.977235: do_anonymous_page: anonymous tgid 2402 2402 "ocess.gservices" 12c85000
           <...>-2262  [004] ....  1530.977299: do_anonymous_page: anonymous tgid 2262 2262 "d.process.acore" 12c8a000
           <...>-4161  [004] ....  1530.977840: do_anonymous_page: anonymous tgid 4161 4161 "id.partnersetup" 12c90000
           <...>-3515  [004] ....  1530.977894: do_anonymous_page: anonymous tgid 3515 3515 "ding:background" 12cca000
           <...>-2439  [004] ....  1530.978124: do_anonymous_page: anonymous tgid 2439 2439 "com.android.nfc" 12d9c000
           <...>-2681  [004] ....  1530.978907: do_anonymous_page: anonymous tgid 2681 2681 ".qcrilmsgtunnel" 12c89000
           <...>-1840  [004] ....  1530.980026: do_anonymous_page: anonymous tgid 1840 1840 "elephonyservice" 7142d000
           <...>-5293  [004] ....  1530.983310: do_anonymous_page: anonymous tgid 5293 5293 "id.gms.unstable" 12c85000
           <...>-1817  [004] ....  1530.985542: do_anonymous_page: anonymous tgid 1817 1817 "qtidataservices" 12ca3000
           <...>-2248  [004] ....  1530.986696: do_anonymous_page: anonymous tgid 2248 2248 ".gms.persistent" 13e5c000
           <...>-2248  [004] ....  1530.987086: do_anonymous_page: anonymous tgid 2248 2248 ".gms.persistent" 13e5d000
           <...>-2248  [004] ....  1530.987153: do_anonymous_page: anonymous tgid 2248 2248 ".gms.persistent" 13e5e000
           <...>-2248  [004] ....  1530.987207: do_anonymous_page: anonymous tgid 2248 2248 ".gms.persistent" 13e5f000
           <...>-2248  [004] ....  1530.987246: do_anonymous_page: anonymous tgid 2248 2248 ".gms.persistent" 13e60000
           <...>-2248  [004] ....  1530.987301: do_anonymous_page: anonymous tgid 2248 2248 ".gms.persistent" 13e61000
           <...>-2248  [004] ....  1530.987335: do_anonymous_page: anonymous tgid 2248 2248 ".gms.persistent" 13e62000
           <...>-2248  [004] ....  1530.987368: do_anonymous_page: anonymous tgid 2248 2248 ".gms.persistent" 13e63000
           <...>-2248  [004] ....  1530.987420: do_anonymous_page: anonymous tgid 2248 2248 ".gms.persistent" 13e64000
 gle.android.gms-2567  [004] ....  1530.988297: do_anonymous_page: anonymous tgid 2567 2567 "gle.android.gms" 12c88000
           <...>-2458  [004] ....  1530.988821: do_anonymous_page: anonymous tgid 2458 2458 "com.android.se" 12c89000
           <...>-5906  [004] ....  1530.990670: do_anonymous_page: anonymous tgid 5906 5906 "roid.smartboard" 12ccb000
           <...>-5906  [004] ....  1530.991131: do_anonymous_page: anonymous tgid 5906 5906 "roid.smartboard" 12ccc000
           <...>-5906  [004] ....  1530.991376: do_anonymous_page: anonymous tgid 5906 5906 "roid.smartboard" 12ccd000
           <...>-5906  [004] ....  1530.991405: do_anonymous_page: anonymous tgid 5906 5906 "roid.smartboard" 12cce000
           <...>-5906  [004] ....  1530.991410: do_anonymous_page: anonymous tgid 5906 5906 "roid.smartboard" 12ccf000
           <...>-5906  [004] ....  1530.991446: do_anonymous_page: anonymous tgid 5906 5906 "roid.smartboard" 12cd0000
           <...>-5906  [004] ....  1530.991478: do_anonymous_page: anonymous tgid 5906 5906 "roid.smartboard" 71434000
           <...>-5906  [004] ....  1530.991548: do_anonymous_page: anonymous tgid 5906 5906 "roid.smartboard" 12cd1000
           <...>-5906  [004] ....  1530.991607: do_anonymous_page: anonymous tgid 5906 5906 "roid.smartboard" 12cd2000
           <...>-5906  [004] ....  1530.991672: do_anonymous_page: anonymous tgid 5906 5906 "roid.smartboard" 12cd3000
           <...>-5906  [004] ....  1530.991733: do_anonymous_page: anonymous tgid 5906 5906 "roid.smartboard" 12cd4000
           <...>-6408  [004] ....  1530.992001: do_anonymous_page: anonymous tgid 6408 6408 "ProcessService0" 12c80000
           <...>-5545  [004] ....  1530.993718: do_anonymous_page: anonymous tgid 5545 5545 "ndroid.keychain" 12cc9000
           <...>-5950  [004] ....  1530.996612: do_anonymous_page: anonymous tgid 5950 5950 "facebook.katana" 133c7000
           <...>-3364  [004] ....  1530.997285: do_anonymous_page: anonymous tgid 3364 3364 "d.process.media" 12c4a000
           <...>-2507  [004] ....  1530.997718: do_anonymous_page: anonymous tgid 2507 2507 "android.smspush" 12c89000
 ndroid.systemui-1650  [004] ....  1530.999244: do_anonymous_page: anonymous tgid 1650 1650 "ndroid.systemui" 13529000
           <...>-5829  [004] ....  1530.999542: do_anonymous_page: anonymous tgid 5829 5829 "droid.bluetooth" 7142b000
  Binder:1332_19-6878  [004] ....  1531.002202: do_anonymous_page: anonymous tgid 1332 6878 "Binder:1332_19" 12ecc000
  Binder:1332_19-6878  [004] ....  1531.002925: do_anonymous_page: anonymous tgid 1332 6878 "Binder:1332_19" 7f33ef0000
  Binder:1332_19-6878  [004] ....  1531.004592: do_anonymous_page: anonymous tgid 1332 6878 "Binder:1332_19" 12ecd000
           <...>-2217  [004] ....  1531.005526: do_anonymous_page: anonymous tgid 1650 2217 "Binder:1650_7" 7eaddfc000
           <...>-2217  [004] ....  1531.005535: do_anonymous_page: anonymous tgid 1650 2217 "Binder:1650_7" 7eaddfb000
           <...>-7020  [004] ....  1531.005624: do_anonymous_page: anonymous tgid 1650 7020 "Binder:1650_9" 7fbdcc8000
           <...>-7020  [004] ....  1531.005644: do_anonymous_page: anonymous tgid 1650 7020 "Binder:1650_9" 12ec0000
           <...>-2542  [004] ....  1531.006302: do_anonymous_page: anonymous tgid 1976 2542 "Binder:1976_4" 13041000
  Binder:1332_19-6878  [004] ....  1531.010590: do_anonymous_page: anonymous tgid 1332 6878 "Binder:1332_19" 12ece000
           <...>-2431  [004] ....  1531.010976: do_anonymous_page: anonymous tgid 1650 2431 "Binder:1650_8" 7f30a7a000
           <...>-2431  [004] ....  1531.010996: do_anonymous_page: anonymous tgid 1650 2431 "Binder:1650_8" 12f00000
           <...>-2431  [004] ....  1531.011082: do_anonymous_page: anonymous tgid 1650 2431 "Binder:1650_8" 12f01000
           <...>-7378  [004] ....  1531.012405: do_anonymous_page: anonymous tgid 1650 7378 "Binder:1650_B" 12e81000
           <...>-7020  [004] ....  1531.012472: do_anonymous_page: anonymous tgid 1650 7020 "Binder:1650_9" 12ec1000
           <...>-1366  [004] ....  1531.013124: do_anonymous_page: anonymous tgid 1332 1366 "OomAdjuster" 13880000
           <...>-1352  [004] ....  1531.016773: do_anonymous_page: anonymous tgid 1332 1352 "android.ui" 12f01000
           <...>-1471  [004] ....  1531.018907: do_anonymous_page: anonymous tgid 1332 1471 "tworkPolicy.uid" 138c0000
           <...>-2273  [004] ....  1531.020027: do_anonymous_page: anonymous tgid 2248 2273 "Binder:2248_1" 13849000
           <...>-2189  [004] ....  1531.020400: do_anonymous_page: anonymous tgid 1650 2189 "ScreenDecoratio" 13549000
           <...>-2542  [004] ....  1531.021223: do_anonymous_page: anonymous tgid 1976 2542 "Binder:1976_4" 13042000
           <...>-2217  [004] ....  1531.021457: do_anonymous_page: anonymous tgid 1650 2217 "Binder:1650_7" 7f33ef0000
           <...>-2217  [004] ....  1531.021468: do_anonymous_page: anonymous tgid 1650 2217 "Binder:1650_7" 12c41000
           <...>-2014  [004] ....  1531.021656: do_anonymous_page: anonymous tgid 1650 2014 "Binder:1650_4" 12e41000
           <...>-1976  [004] ....  1531.027710: do_anonymous_page: anonymous tgid 1976 1976 "droid.launcher3" 12e52000
           <...>-1976  [004] ....  1531.029079: do_anonymous_page: anonymous tgid 1976 1976 "droid.launcher3" 12e53000
           <...>-6279  [004] ....  1531.030927: do_anonymous_page: anonymous tgid 6279 6279 "com.rovio.baba" 12c84000
           <...>-6279  [004] ....  1531.031053: do_anonymous_page: anonymous tgid 6279 6279 "com.rovio.baba" 12c85000
           <...>-6279  [004] ....  1531.033153: do_anonymous_page: anonymous tgid 6279 6279 "com.rovio.baba" 12c86000
           <...>-6279  [004] ....  1531.033879: do_anonymous_page: anonymous tgid 6279 6279 "com.rovio.baba" 7f29221000
           <...>-6279  [004] ....  1531.033886: do_anonymous_page: anonymous tgid 6279 6279 "com.rovio.baba" 7f29220000
           <...>-6279  [004] ....  1531.034514: do_anonymous_page: anonymous tgid 6279 6279 "com.rovio.baba" 12c87000
           <...>-6279  [004] ....  1531.034577: do_anonymous_page: anonymous tgid 6279 6279 "com.rovio.baba" 12c88000
           <...>-6279  [004] ....  1531.034593: do_anonymous_page: anonymous tgid 6279 6279 "com.rovio.baba" 12c89000
           <...>-6279  [004] ....  1531.034641: do_anonymous_page: anonymous tgid 6279 6279 "com.rovio.baba" 12c8a000
           <...>-6326  [004] ....  1531.034862: do_anonymous_page: anonymous tgid 6279 6326 "pool-3-thread-1" 12dc0000
           <...>-6326  [004] ....  1531.034922: do_anonymous_page: anonymous tgid 6279 6326 "pool-3-thread-1" 12dc1000
           <...>-6326  [004] ....  1531.035046: do_anonymous_page: anonymous tgid 6279 6326 "pool-3-thread-1" 12dc2000
           <...>-6326  [004] ....  1531.035066: do_anonymous_page: anonymous tgid 6279 6326 "pool-3-thread-1" 12dc3000
           <...>-6326  [004] ....  1531.035083: do_anonymous_page: anonymous tgid 6279 6326 "pool-3-thread-1" 12dc4000
           <...>-6326  [004] ....  1531.035109: do_anonymous_page: anonymous tgid 6279 6326 "pool-3-thread-1" 12dc5000
           <...>-6326  [004] ....  1531.035126: do_anonymous_page: anonymous tgid 6279 6326 "pool-3-thread-1" 12dc6000
           <...>-6326  [004] ....  1531.035166: do_anonymous_page: anonymous tgid 6279 6326 "pool-3-thread-1" 12dc7000
           <...>-6326  [004] ....  1531.035187: do_anonymous_page: anonymous tgid 6279 6326 "pool-3-thread-1" 12dc8000
           <...>-6326  [004] ....  1531.035230: do_anonymous_page: anonymous tgid 6279 6326 "pool-3-thread-1" 12dc9000
           <...>-6326  [004] ....  1531.035248: do_anonymous_page: anonymous tgid 6279 6326 "pool-3-thread-1" 12dca000
           <...>-6326  [004] ....  1531.035263: do_anonymous_page: anonymous tgid 6279 6326 "pool-3-thread-1" 12dcb000
           <...>-6326  [004] ....  1531.035281: do_anonymous_page: anonymous tgid 6279 6326 "pool-3-thread-1" 12dcc000
           <...>-6326  [004] ....  1531.035299: do_anonymous_page: anonymous tgid 6279 6326 "pool-3-thread-1" 12dcd000
           <...>-6326  [004] ....  1531.035335: do_anonymous_page: anonymous tgid 6279 6326 "pool-3-thread-1" 12dce000
           <...>-6326  [004] ....  1531.035352: do_anonymous_page: anonymous tgid 6279 6326 "pool-3-thread-1" 12dcf000
           <...>-6400  [004] ....  1531.035408: do_anonymous_page: anonymous tgid 6279 6400 "GoogleApiHandle" 12e00000
           <...>-6620  [004] ....  1531.035444: do_anonymous_page: anonymous tgid 6279 6620 "GoogleApiHandle" 12e40000
           <...>-6324  [004] ....  1531.035497: do_anonymous_page: anonymous tgid 6279 6324 "pool-5-thread-1" 12e80000
  Binder:1332_18-6819  [004] ....  1531.035656: do_anonymous_page: anonymous tgid 1332 6819 "Binder:1332_18" 12e42000
           <...>-6324  [004] ....  1531.035780: do_anonymous_page: anonymous tgid 6279 6324 "pool-5-thread-1" 12e81000
           <...>-6326  [004] ....  1531.036845: do_anonymous_page: anonymous tgid 6279 6326 "pool-3-thread-1" 12dd0000
           <...>-6324  [004] ....  1531.037164: do_anonymous_page: anonymous tgid 6279 6324 "pool-5-thread-1" 12e82000
           <...>-6324  [004] ....  1531.037196: do_anonymous_page: anonymous tgid 6279 6324 "pool-5-thread-1" 12e83000
           <...>-6326  [004] ....  1531.037568: do_anonymous_page: anonymous tgid 6279 6326 "pool-3-thread-1" 12dd1000
           <...>-6326  [004] ....  1531.037630: do_anonymous_page: anonymous tgid 6279 6326 "pool-3-thread-1" 12dd2000
           <...>-6326  [004] ....  1531.037653: do_anonymous_page: anonymous tgid 6279 6326 "pool-3-thread-1" 12dd3000
           <...>-6326  [004] ....  1531.037671: do_anonymous_page: anonymous tgid 6279 6326 "pool-3-thread-1" 12dd4000
           <...>-6326  [004] ....  1531.037694: do_anonymous_page: anonymous tgid 6279 6326 "pool-3-thread-1" 12dd5000
           <...>-6326  [004] ....  1531.037712: do_anonymous_page: anonymous tgid 6279 6326 "pool-3-thread-1" 12dd6000
           <...>-6326  [004] ....  1531.037739: do_anonymous_page: anonymous tgid 6279 6326 "pool-3-thread-1" 12dd7000
           <...>-6326  [004] ....  1531.037765: do_anonymous_page: anonymous tgid 6279 6326 "pool-3-thread-1" 12dd8000
           <...>-6326  [004] ....  1531.037788: do_anonymous_page: anonymous tgid 6279 6326 "pool-3-thread-1" 12dd9000
           <...>-6326  [004] ....  1531.037821: do_anonymous_page: anonymous tgid 6279 6326 "pool-3-thread-1" 12dda000
           <...>-6326  [004] ....  1531.037841: do_anonymous_page: anonymous tgid 6279 6326 "pool-3-thread-1" 12ddb000
           <...>-6326  [004] ....  1531.037858: do_anonymous_page: anonymous tgid 6279 6326 "pool-3-thread-1" 12ddc000
           <...>-6326  [004] ....  1531.037886: do_anonymous_page: anonymous tgid 6279 6326 "pool-3-thread-1" 12ddd000
           <...>-6326  [004] ....  1531.037903: do_anonymous_page: anonymous tgid 6279 6326 "pool-3-thread-1" 12dde000
           <...>-6326  [004] ....  1531.037935: do_anonymous_page: anonymous tgid 6279 6326 "pool-3-thread-1" 12ddf000
           <...>-6326  [004] ....  1531.037947: do_anonymous_page: anonymous tgid 6279 6326 "pool-3-thread-1" 12de0000
           <...>-2005  [004] ....  1531.042665: do_anonymous_page: anonymous tgid 1976 2005 "UiThreadHelper" 12c44000
           <...>-5829  [004] ....  1531.045362: do_anonymous_page: anonymous tgid 5829 5829 "droid.bluetooth" 12c4f000
  Binder:1332_18-6819  [004] ....  1531.046167: do_anonymous_page: anonymous tgid 1332 6819 "Binder:1332_18" 12e43000
           <...>-6324  [004] ....  1531.046270: do_anonymous_page: anonymous tgid 6279 6324 "pool-5-thread-1" 12e84000
           <...>-2189  [004] ....  1531.046811: do_anonymous_page: anonymous tgid 1650 2189 "ScreenDecoratio" 1354a000
           <...>-6324  [004] ....  1531.048733: do_anonymous_page: anonymous tgid 6279 6324 "pool-5-thread-1" 12e85000
           <...>-6324  [004] ....  1531.048771: do_anonymous_page: anonymous tgid 6279 6324 "pool-5-thread-1" 12e86000
           <...>-6324  [004] ....  1531.048881: do_anonymous_page: anonymous tgid 6279 6324 "pool-5-thread-1" 12e87000
           <...>-5775  [004] ....  1531.052540: do_anonymous_page: anonymous tgid 1332 5775 "Binder:1332_16" 12e02000
    Binder:602_4-1595  [004] ....  1531.052635: do_anonymous_page: anonymous tgid 602 1595 "Binder:602_4" 7fba645000
    Binder:602_4-1595  [004] ....  1531.052639: do_anonymous_page: anonymous tgid 602 1595 "Binder:602_4" 7fba643000
    Binder:602_4-1595  [004] ....  1531.052645: do_anonymous_page: anonymous tgid 602 1595 "Binder:602_4" 7fba644000
    Binder:602_4-1595  [004] ....  1531.052660: do_anonymous_page: anonymous tgid 602 1595 "Binder:602_4" 7fba716000
    Binder:602_4-1595  [004] ....  1531.052662: do_anonymous_page: anonymous tgid 602 1595 "Binder:602_4" 7fba715000
           <...>-6279  [004] ....  1531.053500: do_anonymous_page: anonymous tgid 6279 6279 "com.rovio.baba" 12c8b000
           <...>-6279  [004] ....  1531.053683: do_anonymous_page: anonymous tgid 6279 6279 "com.rovio.baba" 12c8c000
           <...>-6279  [004] ....  1531.054599: do_anonymous_page: anonymous tgid 6279 6279 "com.rovio.baba" 7eb53a6000
           <...>-6279  [004] ....  1531.054628: do_anonymous_page: anonymous tgid 6279 6279 "com.rovio.baba" 7eb5566000
           <...>-6279  [004] ....  1531.054630: do_anonymous_page: anonymous tgid 6279 6279 "com.rovio.baba" 7eb556c000
           <...>-6279  [004] ....  1531.054633: do_anonymous_page: anonymous tgid 6279 6279 "com.rovio.baba" 7eb556b000
           <...>-6279  [004] ....  1531.054636: do_anonymous_page: anonymous tgid 6279 6279 "com.rovio.baba" 7eb556a000
           <...>-6279  [004] ....  1531.054638: do_anonymous_page: anonymous tgid 6279 6279 "com.rovio.baba" 7eb5569000
           <...>-6279  [004] ....  1531.054640: do_anonymous_page: anonymous tgid 6279 6279 "com.rovio.baba" 7eb5568000
           <...>-6279  [004] ....  1531.054643: do_anonymous_page: anonymous tgid 6279 6279 "com.rovio.baba" 7eb5567000
           <...>-6279  [004] ....  1531.054650: do_anonymous_page: anonymous tgid 6279 6279 "com.rovio.baba" 12c8d000
           <...>-6279  [004] ....  1531.054670: do_anonymous_page: anonymous tgid 6279 6279 "com.rovio.baba" 7eb558e000
           <...>-6279  [004] ....  1531.054673: do_anonymous_page: anonymous tgid 6279 6279 "com.rovio.baba" 7eb5594000
           <...>-6279  [004] ....  1531.054675: do_anonymous_page: anonymous tgid 6279 6279 "com.rovio.baba" 7eb5593000
           <...>-6279  [004] ....  1531.054678: do_anonymous_page: anonymous tgid 6279 6279 "com.rovio.baba" 7eb5592000
           <...>-6279  [004] ....  1531.054680: do_anonymous_page: anonymous tgid 6279 6279 "com.rovio.baba" 7eb5591000
           <...>-6279  [004] ....  1531.054682: do_anonymous_page: anonymous tgid 6279 6279 "com.rovio.baba" 7eb5590000
           <...>-6279  [004] ....  1531.054685: do_anonymous_page: anonymous tgid 6279 6279 "com.rovio.baba" 7eb558f000
           <...>-6279  [004] ....  1531.054694: do_anonymous_page: anonymous tgid 6279 6279 "com.rovio.baba" 7ecad1c000
           <...>-6279  [004] ....  1531.054702: do_anonymous_page: anonymous tgid 6279 6279 "com.rovio.baba" 7eb5595000
           <...>-6279  [004] ....  1531.054705: do_anonymous_page: anonymous tgid 6279 6279 "com.rovio.baba" 7eb559b000
           <...>-6279  [004] ....  1531.054707: do_anonymous_page: anonymous tgid 6279 6279 "com.rovio.baba" 7eb559a000
           <...>-6279  [004] ....  1531.054709: do_anonymous_page: anonymous tgid 6279 6279 "com.rovio.baba" 7eb5599000
           <...>-6279  [004] ....  1531.054711: do_anonymous_page: anonymous tgid 6279 6279 "com.rovio.baba" 7eb5598000
           <...>-6279  [004] ....  1531.054714: do_anonymous_page: anonymous tgid 6279 6279 "com.rovio.baba" 7eb5597000
           <...>-6279  [004] ....  1531.054717: do_anonymous_page: anonymous tgid 6279 6279 "com.rovio.baba" 7eb5596000
           <...>-6279  [004] ....  1531.054730: do_anonymous_page: anonymous tgid 6279 6279 "com.rovio.baba" 7eb5a4a000
           <...>-6279  [004] ....  1531.054731: do_anonymous_page: anonymous tgid 6279 6279 "com.rovio.baba" 7eb5a4f000
           <...>-6279  [004] ....  1531.054734: do_anonymous_page: anonymous tgid 6279 6279 "com.rovio.baba" 7eb5a4e000
           <...>-6279  [004] ....  1531.054736: do_anonymous_page: anonymous tgid 6279 6279 "com.rovio.baba" 7eb5a4d000
           <...>-6279  [004] ....  1531.054739: do_anonymous_page: anonymous tgid 6279 6279 "com.rovio.baba" 7eb5a4c000
    Binder:602_1-638   [004] ....  1531.055879: do_anonymous_page: anonymous tgid 602 638 "Binder:602_1" 7fba75d000
    Binder:602_1-638   [004] ....  1531.055886: do_anonymous_page: anonymous tgid 602 638 "Binder:602_1" 7fba75b000
    Binder:602_1-638   [004] ....  1531.055891: do_anonymous_page: anonymous tgid 602 638 "Binder:602_1" 7fba75c000
           <...>-6279  [004] ....  1531.056097: do_anonymous_page: anonymous tgid 6279 6279 "com.rovio.baba" 12c8e000
    android.anim-1355  [004] ....  1531.057414: do_anonymous_page: anonymous tgid 1332 1355 "android.anim" 12f41000
    Binder:602_4-1595  [004] ....  1531.057840: do_anonymous_page: anonymous tgid 602 1595 "Binder:602_4" 7fba605000
           <...>-6298  [004] ....  1531.057968: do_anonymous_page: anonymous tgid 6279 6298 "Binder:6279_3" 12d81000
           <...>-6279  [004] ....  1531.059486: do_anonymous_page: anonymous tgid 6279 6279 "com.rovio.baba" 7ecadb1000
        Thread-3-5960  [004] ....  1531.067267: do_anonymous_page: anonymous tgid 5906 5960 "Thread-3" 12c49000
            QMon-6925  [004] ....  1531.067415: do_anonymous_page: anonymous tgid 2248 6925 "QMon" 1438d000
     logd.writer-569   [004] ....  1531.067902: do_anonymous_page: anonymous tgid 557 569 "logd.writer" 7fb57f5000
     logd.writer-569   [004] ....  1531.068076: do_anonymous_page: anonymous tgid 557 569 "logd.writer" 7fb57f6000
     logd.writer-569   [004] ....  1531.068095: do_anonymous_page: anonymous tgid 557 569 "logd.writer" 7fbc01c000
     logd.writer-569   [004] ....  1531.068104: do_anonymous_page: anonymous tgid 557 569 "logd.writer" 7fb57f9000
     logd.writer-569   [004] ....  1531.068264: do_anonymous_page: anonymous tgid 557 569 "logd.writer" 7fb57f7000
     logd.writer-569   [004] ....  1531.068287: do_anonymous_page: anonymous tgid 557 569 "logd.writer" 7fb57fa000
     logd.writer-569   [004] ....  1531.068448: do_anonymous_page: anonymous tgid 557 569 "logd.writer" 7fb57f8000
     logd.writer-569   [004] ....  1531.068468: do_anonymous_page: anonymous tgid 557 569 "logd.writer" 7fb57fb000
    Binder:602_5-1792  [004] ....  1531.069265: do_anonymous_page: anonymous tgid 602 1792 "Binder:602_5" 7fb797c000
    Binder:602_5-1792  [004] ....  1531.069845: do_anonymous_page: anonymous tgid 602 1792 "Binder:602_5" 7fb797d000
  Binder:1332_1D-7183  [004] ....  1531.071389: do_anonymous_page: anonymous tgid 1332 7183 "Binder:1332_1D" 7e6d261000
  Binder:1332_1D-7183  [004] ....  1531.071399: do_anonymous_page: anonymous tgid 1332 7183 "Binder:1332_1D" 7e6d262000
    android.anim-1355  [004] ....  1531.074520: do_anonymous_page: anonymous tgid 1332 1355 "android.anim" 12f42000
           <...>-6707  [004] ....  1531.075180: do_anonymous_page: anonymous tgid 1332 6707 "Binder:1332_17" 12c45000
           <...>-6279  [004] ....  1531.075332: do_anonymous_page: anonymous tgid 6279 6279 "com.rovio.baba" 12c8f000
           <...>-6279  [004] ....  1531.076747: do_anonymous_page: anonymous tgid 6279 6279 "com.rovio.baba" 12c90000
 m.android.phone-1857  [004] ....  1531.080965: do_anonymous_page: anonymous tgid 1857 1857 "m.android.phone" 1351f000
    RenderThread-2537  [004] ....  1531.081653: do_anonymous_page: anonymous tgid 1976 2537 "RenderThread" 7f3151b000
           <...>-1976  [004] ....  1531.081801: do_anonymous_page: anonymous tgid 1976 1976 "droid.launcher3" 12e54000
      android.io-1353  [004] ....  1531.085432: do_anonymous_page: anonymous tgid 1332 1353 "android.io" 13900000
 ConnectivitySer-1479  [004] ....  1531.085518: do_anonymous_page: anonymous tgid 1332 1479 "ConnectivitySer" 13940000
      android.io-1353  [004] ....  1531.086372: do_anonymous_page: anonymous tgid 1332 1353 "android.io" 13901000
      android.io-1353  [004] ....  1531.086426: do_anonymous_page: anonymous tgid 1332 1353 "android.io" 13902000
      android.io-1353  [004] ....  1531.086453: do_anonymous_page: anonymous tgid 1332 1353 "android.io" 13903000
      android.io-1353  [004] ....  1531.086469: do_anonymous_page: anonymous tgid 1332 1353 "android.io" 13904000
      android.io-1353  [004] ....  1531.086489: do_anonymous_page: anonymous tgid 1332 1353 "android.io" 13905000
      android.io-1353  [004] ....  1531.086514: do_anonymous_page: anonymous tgid 1332 1353 "android.io" 13906000
 VolumeDialogCon-1975  [004] ....  1531.087020: do_anonymous_page: anonymous tgid 1650 1975 "VolumeDialogCon" 12f40000
     InputReader-1453  [004] ....  1531.087628: do_anonymous_page: anonymous tgid 1332 1453 "InputReader" 13980000
     InputReader-1453  [004] ....  1531.087638: do_anonymous_page: anonymous tgid 1332 1453 "InputReader" 7f30aa2000
     InputReader-1453  [004] ....  1531.087776: do_anonymous_page: anonymous tgid 1332 1453 "InputReader" 13981000
  Binder:1332_18-6819  [004] ....  1531.088792: do_anonymous_page: anonymous tgid 1332 6819 "Binder:1332_18" 12e44000
  Binder:1332_18-6819  [004] ....  1531.088853: do_anonymous_page: anonymous tgid 1332 6819 "Binder:1332_18" 12e45000
  Binder:1332_18-6819  [004] ....  1531.088989: do_anonymous_page: anonymous tgid 1332 6819 "Binder:1332_18" 12e46000
   Binder:2567_3-2595  [004] ....  1531.095028: do_anonymous_page: anonymous tgid 2567 2595 "Binder:2567_3" 12dc2000
   Binder:2248_3-2380  [004] ....  1531.096915: do_anonymous_page: anonymous tgid 2248 2380 "Binder:2248_3" 13885000
 gle.android.gms-2567  [004] ....  1531.097266: do_anonymous_page: anonymous tgid 2567 2567 "gle.android.gms" 12c89000
 gle.android.gms-2567  [004] ....  1531.097522: do_anonymous_page: anonymous tgid 2567 2567 "gle.android.gms" 12c8a000
           <...>-1354  [004] ....  1531.098865: do_anonymous_page: anonymous tgid 1332 1354 "android.display" 12cc7000
           <...>-2248  [004] ....  1531.099297: do_anonymous_page: anonymous tgid 2248 2248 ".gms.persistent" 7ec5ccd000
           <...>-2248  [004] ....  1531.099319: do_anonymous_page: anonymous tgid 2248 2248 ".gms.persistent" 7ec5cce000
           <...>-2248  [004] ....  1531.099328: do_anonymous_page: anonymous tgid 2248 2248 ".gms.persistent" 7ec5ccf000
           <...>-6707  [004] ....  1531.099582: do_anonymous_page: anonymous tgid 1332 6707 "Binder:1332_17" 12c46000
           <...>-6279  [004] ....  1531.100221: do_anonymous_page: anonymous tgid 6279 6279 "com.rovio.baba" 12c91000
           <...>-6279  [004] ....  1531.100361: do_anonymous_page: anonymous tgid 6279 6279 "com.rovio.baba" 12c92000
       UnityMain-6336  [004] ....  1531.113968: do_anonymous_page: anonymous tgid 6279 6336 "UnityMain" 12d41000
  surfaceflinger-602   [004] ....  1531.118915: do_anonymous_page: anonymous tgid 602 602 "surfaceflinger" 7fb754b000
   Binder:2567_E-5524  [004] ....  1531.121403: do_anonymous_page: anonymous tgid 2567 5524 "Binder:2567_E" 12c48000
      android.fg-1351  [004] ....  1531.124841: do_anonymous_page: anonymous tgid 1332 1351 "android.fg" 130c1000
  Binder:1332_19-6878  [004] ....  1531.128288: do_anonymous_page: anonymous tgid 1332 6878 "Binder:1332_19" 12ecf000
           <...>-6324  [004] ....  1531.132310: do_anonymous_page: anonymous tgid 6279 6324 "pool-5-thread-1" 12e89000
           <...>-6324  [004] ....  1531.132320: do_anonymous_page: anonymous tgid 6279 6324 "pool-5-thread-1" 12e8a000
           <...>-6324  [004] ....  1531.132344: do_anonymous_page: anonymous tgid 6279 6324 "pool-5-thread-1" 12e88000
           <...>-6324  [004] ....  1531.132475: do_anonymous_page: anonymous tgid 6279 6324 "pool-5-thread-1" 12e8b000
           <...>-6324  [004] ....  1531.132690: do_anonymous_page: anonymous tgid 6279 6324 "pool-5-thread-1" 12e8c000
           <...>-6324  [004] ....  1531.132904: do_anonymous_page: anonymous tgid 6279 6324 "pool-5-thread-1" 12e8d000
           <...>-6324  [004] ....  1531.133007: do_anonymous_page: anonymous tgid 6279 6324 "pool-5-thread-1" 12e8e000
           <...>-6324  [004] ....  1531.133030: do_anonymous_page: anonymous tgid 6279 6324 "pool-5-thread-1" 12e8f000
           <...>-6324  [004] ....  1531.133079: do_anonymous_page: anonymous tgid 6279 6324 "pool-5-thread-1" 12e90000
           <...>-6324  [004] ....  1531.133105: do_anonymous_page: anonymous tgid 6279 6324 "pool-5-thread-1" 12e91000
           <...>-6324  [004] ....  1531.133124: do_anonymous_page: anonymous tgid 6279 6324 "pool-5-thread-1" 12e92000
           <...>-6324  [004] ....  1531.133145: do_anonymous_page: anonymous tgid 6279 6324 "pool-5-thread-1" 12e93000
           <...>-6324  [004] ....  1531.133185: do_anonymous_page: anonymous tgid 6279 6324 "pool-5-thread-1" 12e94000
           <...>-6324  [004] ....  1531.133207: do_anonymous_page: anonymous tgid 6279 6324 "pool-5-thread-1" 12e95000
           <...>-6324  [004] ....  1531.133225: do_anonymous_page: anonymous tgid 6279 6324 "pool-5-thread-1" 12e96000
           <...>-6324  [004] ....  1531.133243: do_anonymous_page: anonymous tgid 6279 6324 "pool-5-thread-1" 12e97000
           <...>-6324  [004] ....  1531.133260: do_anonymous_page: anonymous tgid 6279 6324 "pool-5-thread-1" 12e98000
           <...>-6324  [004] ....  1531.133282: do_anonymous_page: anonymous tgid 6279 6324 "pool-5-thread-1" 12e99000
           <...>-6707  [004] ....  1531.133799: do_anonymous_page: anonymous tgid 1332 6707 "Binder:1332_17" 12c47000
           <...>-1976  [004] ....  1531.135113: do_anonymous_page: anonymous tgid 1976 1976 "droid.launcher3" 12e55000
           <...>-6324  [004] ....  1531.136496: do_anonymous_page: anonymous tgid 6279 6324 "pool-5-thread-1" 12e9a000
           <...>-6324  [004] ....  1531.136589: do_anonymous_page: anonymous tgid 6279 6324 "pool-5-thread-1" 12e9b000
           <...>-6324  [004] ....  1531.136637: do_anonymous_page: anonymous tgid 6279 6324 "pool-5-thread-1" 12e9c000
           <...>-6324  [004] ....  1531.136652: do_anonymous_page: anonymous tgid 6279 6324 "pool-5-thread-1" 12e9d000
           <...>-6324  [004] ....  1531.136730: do_anonymous_page: anonymous tgid 6279 6324 "pool-5-thread-1" 12e9e000
           <...>-6324  [004] ....  1531.136813: do_anonymous_page: anonymous tgid 6279 6324 "pool-5-thread-1" 12e9f000
           <...>-6324  [004] ....  1531.136878: do_anonymous_page: anonymous tgid 6279 6324 "pool-5-thread-1" 12ea0000
            netd-1014  [004] ....  1531.137547: do_anonymous_page: anonymous tgid 784 1014 "netd" 7fbcc55000
 queued-work-loo-6310  [004] ....  1531.138171: do_anonymous_page: anonymous tgid 6279 6310 "queued-work-loo" 13200000
 queued-work-loo-6310  [004] ....  1531.138589: do_anonymous_page: anonymous tgid 6279 6310 "queued-work-loo" 7573b000
 queued-work-loo-6310  [004] ....  1531.138596: do_anonymous_page: anonymous tgid 6279 6310 "queued-work-loo" 75329000
            netd-1029  [004] ....  1531.144686: do_anonymous_page: anonymous tgid 784 1029 "netd" 7fad224000
            netd-1029  [004] ....  1531.144697: do_anonymous_page: anonymous tgid 784 1029 "netd" 7fad223000
           <...>-1976  [004] ....  1531.144926: do_anonymous_page: anonymous tgid 1976 1976 "droid.launcher3" 12e56000
           <...>-2189  [004] ....  1531.145392: do_anonymous_page: anonymous tgid 1650 2189 "ScreenDecoratio" 1354b000
 ndroid.systemui-1650  [004] ....  1531.145605: do_anonymous_page: anonymous tgid 1650 1650 "ndroid.systemui" 1352a000
 ndroid.systemui-1650  [004] ....  1531.146051: do_anonymous_page: anonymous tgid 1650 1650 "ndroid.systemui" 1352b000
 ndroid.systemui-1650  [004] ....  1531.146661: do_anonymous_page: anonymous tgid 1650 1650 "ndroid.systemui" 7ebeb64000
 ndroid.systemui-1650  [004] ....  1531.146734: do_anonymous_page: anonymous tgid 1650 1650 "ndroid.systemui" 1352c000
 ndroid.systemui-1650  [004] ....  1531.146898: do_anonymous_page: anonymous tgid 1650 1650 "ndroid.systemui" 1352d000
 ndroid.systemui-1650  [004] ....  1531.146920: do_anonymous_page: anonymous tgid 1650 1650 "ndroid.systemui" 7ebea58000
 ndroid.systemui-1650  [004] ....  1531.146969: do_anonymous_page: anonymous tgid 1650 1650 "ndroid.systemui" 7ebea59000
 ndroid.systemui-1650  [004] ....  1531.146981: do_anonymous_page: anonymous tgid 1650 1650 "ndroid.systemui" 1352e000
 ndroid.systemui-1650  [004] ....  1531.147274: do_anonymous_page: anonymous tgid 1650 1650 "ndroid.systemui" 1352f000
  Binder:1332_18-6819  [004] ....  1531.148300: do_anonymous_page: anonymous tgid 1332 6819 "Binder:1332_18" 12e47000
    Binder:602_5-1792  [004] ....  1531.148458: do_anonymous_page: anonymous tgid 602 1792 "Binder:602_5" 7fb7570000
    Binder:602_5-1792  [004] ....  1531.148462: do_anonymous_page: anonymous tgid 602 1792 "Binder:602_5" 7fb756e000
    Binder:602_5-1792  [004] ....  1531.148470: do_anonymous_page: anonymous tgid 602 1792 "Binder:602_5" 7fb756f000
  Binder:1332_18-6819  [004] ....  1531.148615: do_anonymous_page: anonymous tgid 1332 6819 "Binder:1332_18" 12e48000
  Binder:1332_18-6819  [004] ....  1531.148673: do_anonymous_page: anonymous tgid 1332 6819 "Binder:1332_18" 12e49000
    Binder:602_4-1595  [004] ....  1531.148899: do_anonymous_page: anonymous tgid 602 1595 "Binder:602_4" 7fba700000
    Binder:602_4-1595  [004] ....  1531.148907: do_anonymous_page: anonymous tgid 602 1595 "Binder:602_4" 7fba6fe000
    Binder:602_4-1595  [004] ....  1531.148913: do_anonymous_page: anonymous tgid 602 1595 "Binder:602_4" 7fba6ff000
 ndroid.systemui-1650  [004] ....  1531.150362: do_anonymous_page: anonymous tgid 1650 1650 "ndroid.systemui" 13530000
 ndroid.systemui-1650  [004] ....  1531.150749: do_anonymous_page: anonymous tgid 1650 1650 "ndroid.systemui" 13531000
 ndroid.systemui-1650  [004] ....  1531.150960: do_anonymous_page: anonymous tgid 1650 1650 "ndroid.systemui" 13532000
           <...>-6707  [004] ....  1531.153489: do_anonymous_page: anonymous tgid 1332 6707 "Binder:1332_17" 12c48000
           <...>-2431  [004] ....  1531.153601: do_anonymous_page: anonymous tgid 1650 2431 "Binder:1650_8" 12f02000
 ndroid.systemui-1650  [004] ....  1531.155259: do_anonymous_page: anonymous tgid 1650 1650 "ndroid.systemui" 13533000
           <...>-2189  [004] ....  1531.155632: do_anonymous_page: anonymous tgid 1650 2189 "ScreenDecoratio" 1354c000
           <...>-2189  [004] ....  1531.155783: do_anonymous_page: anonymous tgid 1650 2189 "ScreenDecoratio" 1354d000
 ndroid.systemui-1650  [004] ....  1531.159572: do_anonymous_page: anonymous tgid 1650 1650 "ndroid.systemui" 13534000
           <...>-2189  [004] ....  1531.162141: do_anonymous_page: anonymous tgid 1650 2189 "ScreenDecoratio" 1354e000
  Binder:1332_18-6819  [004] ....  1531.164141: do_anonymous_page: anonymous tgid 1332 6819 "Binder:1332_18" 12e4a000
           <...>-2431  [004] ....  1531.164531: do_anonymous_page: anonymous tgid 1650 2431 "Binder:1650_8" 12f03000
           <...>-2431  [004] ....  1531.164607: do_anonymous_page: anonymous tgid 1650 2431 "Binder:1650_8" 12f04000
           <...>-2189  [004] ....  1531.165565: do_anonymous_page: anonymous tgid 1650 2189 "ScreenDecoratio" 1354f000
           <...>-2189  [004] ....  1531.166702: do_anonymous_page: anonymous tgid 1650 2189 "ScreenDecoratio" 13550000
    RenderThread-2091  [004] ....  1531.169131: do_anonymous_page: anonymous tgid 1650 2091 "RenderThread" 12f80000
    RenderThread-2091  [004] ....  1531.169864: do_anonymous_page: anonymous tgid 1650 2091 "RenderThread" 7f3139d000
 ndroid.systemui-1650  [004] ....  1531.170046: do_anonymous_page: anonymous tgid 1650 1650 "ndroid.systemui" 13535000
 ndroid.systemui-1650  [004] ....  1531.171321: do_anonymous_page: anonymous tgid 1650 1650 "ndroid.systemui" 13536000
           <...>-7490  [004] ....  1531.171698: do_anonymous_page: anonymous tgid 7488 7490 "Binder:7488_2" 7fbd42d000
 ndroid.systemui-1650  [004] ....  1531.172273: do_anonymous_page: anonymous tgid 1650 1650 "ndroid.systemui" 13537000
  Binder:1332_18-6819  [004] ....  1531.173510: do_anonymous_page: anonymous tgid 1332 6819 "Binder:1332_18" 12e4b000
           <...>-2431  [004] ....  1531.173661: do_anonymous_page: anonymous tgid 1650 2431 "Binder:1650_8" 12f05000
  HwBinder:604_2-637   [004] ....  1531.174780: do_anonymous_page: anonymous tgid 604 637 "HwBinder:604_2" 7fb4452000
  HwBinder:604_2-637   [004] ....  1531.174819: do_anonymous_page: anonymous tgid 604 637 "HwBinder:604_2" 7fb448c000
  HwBinder:604_2-637   [004] ....  1531.174822: do_anonymous_page: anonymous tgid 604 637 "HwBinder:604_2" 7fb448d000
    Binder:602_5-1792  [004] ....  1531.178239: do_anonymous_page: anonymous tgid 602 1792 "Binder:602_5" 7fb7585000
    Binder:602_5-1792  [004] ....  1531.178246: do_anonymous_page: anonymous tgid 602 1792 "Binder:602_5" 7fb7583000
    Binder:602_5-1792  [004] ....  1531.178250: do_anonymous_page: anonymous tgid 602 1792 "Binder:602_5" 7fb7584000
           <...>-6707  [004] ....  1531.178364: do_anonymous_page: anonymous tgid 1332 6707 "Binder:1332_17" 12c49000
           <...>-6707  [004] ....  1531.178460: do_anonymous_page: anonymous tgid 1332 6707 "Binder:1332_17" 12c4a000
    Binder:602_5-1792  [004] ....  1531.178690: do_anonymous_page: anonymous tgid 602 1792 "Binder:602_5" 7faa526000
    Binder:602_5-1792  [004] ....  1531.178694: do_anonymous_page: anonymous tgid 602 1792 "Binder:602_5" 7faa524000
    Binder:602_5-1792  [004] ....  1531.178699: do_anonymous_page: anonymous tgid 602 1792 "Binder:602_5" 7faa525000
           <...>-6707  [004] ....  1531.179512: do_anonymous_page: anonymous tgid 1332 6707 "Binder:1332_17" 12c4b000
 ndroid.systemui-1650  [004] ....  1531.180040: do_anonymous_page: anonymous tgid 1650 1650 "ndroid.systemui" 13538000
           <...>-2189  [004] ....  1531.180429: do_anonymous_page: anonymous tgid 1650 2189 "ScreenDecoratio" 13551000
     AudioOut_15-1447  [004] ....  1531.184092: do_anonymous_page: anonymous tgid 841 1447 "AudioOut_15" 7f38c74000
     AudioOut_15-1447  [004] ....  1531.184100: do_anonymous_page: anonymous tgid 841 1447 "AudioOut_15" 7f38c75000
    Binder:602_4-1595  [004] ....  1531.189222: do_anonymous_page: anonymous tgid 602 1595 "Binder:602_4" 7fba723000
    Binder:602_4-1595  [004] ....  1531.189268: do_anonymous_page: anonymous tgid 602 1595 "Binder:602_4" 7fba724000
    Binder:602_4-1595  [004] ....  1531.189295: do_anonymous_page: anonymous tgid 602 1595 "Binder:602_4" 7fba725000
   system_server-1332  [004] ....  1531.189698: do_anonymous_page: anonymous tgid 1332 1332 "system_server" 12d43000
           <...>-6279  [004] ....  1531.189992: do_anonymous_page: anonymous tgid 6279 6279 "com.rovio.baba" 12c93000
   Binder:1650_C-7492  [004] ....  1531.190282: do_anonymous_page: anonymous tgid 1650 7492 "Binder:1650_7" 7eaddfa000
   Binder:1650_C-7492  [004] ....  1531.190398: do_anonymous_page: anonymous tgid 1650 7492 "Binder:1650_C" 7ebea85000
   Binder:1650_C-7492  [004] ....  1531.190401: do_anonymous_page: anonymous tgid 1650 7492 "Binder:1650_C" 7ebea86000
   Binder:1650_C-7492  [004] ....  1531.190466: do_anonymous_page: anonymous tgid 1650 7492 "Binder:1650_C" 12fc0000
   Binder:1650_C-7492  [004] ....  1531.190470: do_anonymous_page: anonymous tgid 1650 7492 "Binder:1650_C" 7f3151d000
   Binder:1650_C-7492  [004] ....  1531.190481: do_anonymous_page: anonymous tgid 1650 7492 "Binder:1650_C" 7eaddf9000
           <...>-6707  [004] ....  1531.190908: do_anonymous_page: anonymous tgid 1332 6707 "Binder:1332_17" 12c4c000
       UnityMain-6336  [004] ....  1531.191971: do_anonymous_page: anonymous tgid 6279 6336 "UnityMain" 7ec5240000
       UnityMain-6336  [004] ....  1531.191976: do_anonymous_page: anonymous tgid 6279 6336 "UnityMain" 7ec523f000
           <...>-2189  [004] ....  1531.192093: do_anonymous_page: anonymous tgid 1650 2189 "ScreenDecoratio" 13552000
           <...>-2431  [004] ....  1531.192880: do_anonymous_page: anonymous tgid 1650 2431 "Binder:1650_8" 12f06000
 ndroid.systemui-1650  [004] ....  1531.193751: do_anonymous_page: anonymous tgid 1650 1650 "ndroid.systemui" 13539000
 ndroid.systemui-1650  [004] ....  1531.193874: do_anonymous_page: anonymous tgid 1650 1650 "ndroid.systemui" 1353a000
 ndroid.systemui-1650  [004] ....  1531.194147: do_anonymous_page: anonymous tgid 1650 1650 "ndroid.systemui" 7ebea40000
 ndroid.systemui-1650  [004] ....  1531.194158: do_anonymous_page: anonymous tgid 1650 1650 "ndroid.systemui" 7ebea9a000
 ndroid.systemui-1650  [004] ....  1531.194160: do_anonymous_page: anonymous tgid 1650 1650 "ndroid.systemui" 7ebea9b000
 ndroid.systemui-1650  [004] ....  1531.194163: do_anonymous_page: anonymous tgid 1650 1650 "ndroid.systemui" 7ebea9c000
 ndroid.systemui-1650  [004] ....  1531.194166: do_anonymous_page: anonymous tgid 1650 1650 "ndroid.systemui" 7ebea9d000
 ndroid.systemui-1650  [004] ....  1531.194171: do_anonymous_page: anonymous tgid 1650 1650 "ndroid.systemui" 7ebea9e000
 ndroid.systemui-1650  [004] ....  1531.194173: do_anonymous_page: anonymous tgid 1650 1650 "ndroid.systemui" 7ebea9f000
 ndroid.systemui-1650  [004] ....  1531.194176: do_anonymous_page: anonymous tgid 1650 1650 "ndroid.systemui" 7ebeaa0000
 ndroid.systemui-1650  [004] ....  1531.194182: do_anonymous_page: anonymous tgid 1650 1650 "ndroid.systemui" 7ebeada000
 ndroid.systemui-1650  [004] ....  1531.194185: do_anonymous_page: anonymous tgid 1650 1650 "ndroid.systemui" 7ebeadb000
 ndroid.systemui-1650  [004] ....  1531.194188: do_anonymous_page: anonymous tgid 1650 1650 "ndroid.systemui" 7ebeadc000
 ndroid.systemui-1650  [004] ....  1531.194211: do_anonymous_page: anonymous tgid 1650 1650 "ndroid.systemui" 7ebea41000
 ndroid.systemui-1650  [004] ....  1531.194218: do_anonymous_page: anonymous tgid 1650 1650 "ndroid.systemui" 7ebeac6000
 ndroid.systemui-1650  [004] ....  1531.194220: do_anonymous_page: anonymous tgid 1650 1650 "ndroid.systemui" 7ebeac7000
 ndroid.systemui-1650  [004] ....  1531.194222: do_anonymous_page: anonymous tgid 1650 1650 "ndroid.systemui" 7ebeac8000
 ndroid.systemui-1650  [004] ....  1531.194230: do_anonymous_page: anonymous tgid 1650 1650 "ndroid.systemui" 7ebeac9000
 ndroid.systemui-1650  [004] ....  1531.194232: do_anonymous_page: anonymous tgid 1650 1650 "ndroid.systemui" 7ebeaca000
 ndroid.systemui-1650  [004] ....  1531.194234: do_anonymous_page: anonymous tgid 1650 1650 "ndroid.systemui" 7ebeacb000
 ndroid.systemui-1650  [004] ....  1531.194236: do_anonymous_page: anonymous tgid 1650 1650 "ndroid.systemui" 7ebeacc000
 ndroid.systemui-1650  [004] ....  1531.194247: do_anonymous_page: anonymous tgid 1650 1650 "ndroid.systemui" 7ebeae0000
 ndroid.systemui-1650  [004] ....  1531.194249: do_anonymous_page: anonymous tgid 1650 1650 "ndroid.systemui" 7ebeae1000
 ndroid.systemui-1650  [004] ....  1531.194251: do_anonymous_page: anonymous tgid 1650 1650 "ndroid.systemui" 7ebeae2000
 ndroid.systemui-1650  [004] ....  1531.194295: do_anonymous_page: anonymous tgid 1650 1650 "ndroid.systemui" 1353b000
 ndroid.systemui-1650  [004] ....  1531.194333: do_anonymous_page: anonymous tgid 1650 1650 "ndroid.systemui" 7ebea45000
 ndroid.systemui-1650  [004] ....  1531.194340: do_anonymous_page: anonymous tgid 1650 1650 "ndroid.systemui" 7ebeacd000
