           <...>-638   [004] ....   381.976978: do_anonymous_page: anonymous tgid 602 638 "Binder:602_1" 7fba606000
           <...>-2466  [004] ....   381.978208: do_anonymous_page: anonymous tgid 1332 2466 "Binder:1332_B" 13746000
           <...>-2466  [004] ....   381.978524: do_anonymous_page: anonymous tgid 1332 2466 "Binder:1332_B" 13747000
           <...>-2466  [004] ....   381.978762: do_anonymous_page: anonymous tgid 1332 2466 "Binder:1332_B" 13748000
           <...>-2466  [004] ....   381.979011: do_anonymous_page: anonymous tgid 1332 2466 "Binder:1332_B" 13749000
           <...>-2466  [004] ....   381.979156: do_anonymous_page: anonymous tgid 1332 2466 "Binder:1332_B" 1374a000
           <...>-2466  [004] ....   381.979537: do_anonymous_page: anonymous tgid 1332 2466 "Binder:1332_B" 1374b000
           <...>-6425  [004] ....   381.983169: do_anonymous_page: anonymous tgid 6408 6425 "Binder:6408_1" ef187000
   Binder:5950_4-6236  [004] ....   381.983566: do_anonymous_page: anonymous tgid 5950 6236 "Binder:5950_4" 12fc1000
           <...>-6408  [004] ....   381.983999: do_anonymous_page: anonymous tgid 6408 6408 "ProcessService0" 12c80000
           <...>-1511  [004] ....   381.984361: do_anonymous_page: anonymous tgid 1332 1511 "Binder:1332_3" 7f2afeb000
           <...>-3805  [004] ....   381.984462: do_anonymous_page: anonymous tgid 1332 3805 "Binder:1332_F" 7f20fa2000
           <...>-1641  [004] ....   381.984529: do_anonymous_page: anonymous tgid 1332 1641 "Binder:1332_4" 7f235b8000
           <...>-1641  [004] ....   381.984548: do_anonymous_page: anonymous tgid 1332 1641 "Binder:1332_4" 13ac0000
           <...>-5587  [004] ....   381.984605: do_anonymous_page: anonymous tgid 1332 5587 "Binder:1332_15" 7f236c5000
           <...>-5587  [004] ....   381.984615: do_anonymous_page: anonymous tgid 1332 5587 "Binder:1332_15" 13b00000
           <...>-6477  [004] ....   381.984869: do_anonymous_page: anonymous tgid 6477 6477 ".apps.turbo:aab" 12dc3000
           <...>-6299  [004] ....   381.985025: do_anonymous_page: anonymous tgid 6279 6299 "Binder:6279_4" 7f346f0000
           <...>-6015  [004] ....   381.985427: do_anonymous_page: anonymous tgid 6015 6015 "webview_service" 12cc1000
           <...>-5906  [004] ....   381.986559: do_anonymous_page: anonymous tgid 5906 5906 "roid.smartboard" 12cd8000
           <...>-5906  [004] ....   381.986663: do_anonymous_page: anonymous tgid 5906 5906 "roid.smartboard" 71437000
           <...>-5906  [004] ....   381.986749: do_anonymous_page: anonymous tgid 5906 5906 "roid.smartboard" 7f28db9000
           <...>-5906  [004] ....   381.986811: do_anonymous_page: anonymous tgid 5906 5906 "roid.smartboard" 12cd9000
           <...>-5906  [004] ....   381.986914: do_anonymous_page: anonymous tgid 5906 5906 "roid.smartboard" 7f28dba000
           <...>-5906  [004] ....   381.987055: do_anonymous_page: anonymous tgid 5906 5906 "roid.smartboard" 12cda000
           <...>-5906  [004] ....   381.987062: do_anonymous_page: anonymous tgid 5906 5906 "roid.smartboard" 12cdb000
           <...>-5906  [004] ....   381.987072: do_anonymous_page: anonymous tgid 5906 5906 "roid.smartboard" 12cdc000
           <...>-5906  [004] ....   381.987086: do_anonymous_page: anonymous tgid 5906 5906 "roid.smartboard" 71438000
           <...>-5906  [004] ....   381.987144: do_anonymous_page: anonymous tgid 5906 5906 "roid.smartboard" 71439000
           <...>-5906  [004] ....   381.987160: do_anonymous_page: anonymous tgid 5906 5906 "roid.smartboard" 12cdd000
           <...>-5906  [004] ....   381.987222: do_anonymous_page: anonymous tgid 5906 5906 "roid.smartboard" 12cde000
           <...>-5906  [004] ....   381.987253: do_anonymous_page: anonymous tgid 5906 5906 "roid.smartboard" 7f28d12000
           <...>-5906  [004] ....   381.987308: do_anonymous_page: anonymous tgid 5906 5906 "roid.smartboard" 12cdf000
           <...>-5906  [004] ....   381.987360: do_anonymous_page: anonymous tgid 5906 5906 "roid.smartboard" 12ce0000
           <...>-5906  [004] ....   381.987383: do_anonymous_page: anonymous tgid 5906 5906 "roid.smartboard" 7f28d13000
           <...>-5906  [004] ....   381.987434: do_anonymous_page: anonymous tgid 5906 5906 "roid.smartboard" 12ce1000
           <...>-6516  [004] ....   381.987718: do_anonymous_page: anonymous tgid 6516 6516 ".android.chrome" 12e03000
           <...>-5950  [004] ....   381.989163: do_anonymous_page: anonymous tgid 5950 5950 "facebook.katana" 133c1000
           <...>-5563  [004] ....   381.991416: do_anonymous_page: anonymous tgid 5545 5563 "Binder:5545_2" 12c81000
  HwBinder:604_2-637   [004] ....   381.993128: do_anonymous_page: anonymous tgid 604 637 "HwBinder:604_2" 7fb5e1f000
  HwBinder:604_2-637   [004] ....   381.993137: do_anonymous_page: anonymous tgid 604 637 "HwBinder:604_2" 7fb5e20000
  HwBinder:604_2-637   [004] ....   381.993140: do_anonymous_page: anonymous tgid 604 637 "HwBinder:604_2" 7fb5e21000
           <...>-5293  [004] ....   381.995697: do_anonymous_page: anonymous tgid 5293 5293 "id.gms.unstable" 12c81000
           <...>-5829  [004] ....   381.996845: do_anonymous_page: anonymous tgid 5829 5829 "droid.bluetooth" 12c46000
           <...>-2466  [004] ....   381.999022: do_anonymous_page: anonymous tgid 1332 2466 "Binder:1332_B" 1374c000
           <...>-2466  [004] ....   381.999035: do_anonymous_page: anonymous tgid 1332 2466 "Binder:1332_B" 1374d000
           <...>-2466  [004] ....   381.999296: do_anonymous_page: anonymous tgid 1332 2466 "Binder:1332_B" 1374e000
           <...>-2466  [004] ....   381.999410: do_anonymous_page: anonymous tgid 1332 2466 "Binder:1332_B" 1374f000
           <...>-4096  [004] ....   382.000715: do_anonymous_page: anonymous tgid 4074 4096 "Binder:4074_2" 12d41000
           <...>-3431  [004] ....   382.000947: do_anonymous_page: anonymous tgid 3364 3431 "Binder:3364_3" 12d02000
           <...>-5525  [004] ....   382.001068: do_anonymous_page: anonymous tgid 3184 5525 "Binder:3184_5" 7f33eef000
           <...>-2700  [004] ....   382.001272: do_anonymous_page: anonymous tgid 2681 2700 "Binder:2681_2" 12c41000
           <...>-2539  [004] ....   382.001499: do_anonymous_page: anonymous tgid 2507 2539 "Binder:2507_3" 12c41000
           <...>-2520  [004] ....   382.001611: do_anonymous_page: anonymous tgid 2488 2520 "Binder:2488_2" 12d81000
           <...>-2533  [004] ....   382.001735: do_anonymous_page: anonymous tgid 2458 2533 "Binder:2458_3" 12c41000
           <...>-2468  [004] ....   382.001847: do_anonymous_page: anonymous tgid 2439 2468 "Binder:2439_2" 12c43000
           <...>-2286  [004] ....   382.002053: do_anonymous_page: anonymous tgid 2262 2286 "Binder:2262_1" 12f41000
           <...>-3106  [004] ....   382.002181: do_anonymous_page: anonymous tgid 2248 3106 "Binder:2248_6" 14c60000
           <...>-1947  [004] ....   382.002540: do_anonymous_page: anonymous tgid 1925 1947 "Binder:1925_1" 12d68000
           <...>-1674  [004] ....   382.003051: do_anonymous_page: anonymous tgid 1650 1674 "Binder:1650_2" 12c41000
   system_server-1332  [004] ....   382.003236: do_anonymous_page: anonymous tgid 1332 1332 "system_server" 12d45000
           <...>-3184  [004] ....   382.003700: do_anonymous_page: anonymous tgid 3184 3184 "e.process.gapps" 12c80000
           <...>-1666  [004] ....   382.004771: do_anonymous_page: anonymous tgid 1332 1666 "Binder:1332_5" 7e6a1ec000
           <...>-1666  [004] ....   382.004778: do_anonymous_page: anonymous tgid 1332 1666 "Binder:1332_5" 7e6a1eb000
           <...>-1666  [004] ....   382.004832: do_anonymous_page: anonymous tgid 1332 1666 "Binder:1332_5" 7f233e2000
           <...>-1666  [004] ....   382.004846: do_anonymous_page: anonymous tgid 1332 1666 "Binder:1332_5" 13b40000
           <...>-5052  [004] ....   382.004927: do_anonymous_page: anonymous tgid 1332 5052 "Binder:1332_12" 7f2116d000
           <...>-5052  [004] ....   382.004940: do_anonymous_page: anonymous tgid 1332 5052 "Binder:1332_12" 13b80000
           <...>-3778  [004] ....   382.005004: do_anonymous_page: anonymous tgid 1332 3778 "Binder:1332_E" 7f20fa4000
           <...>-3778  [004] ....   382.005014: do_anonymous_page: anonymous tgid 1332 3778 "Binder:1332_E" 13bc0000
           <...>-5775  [004] ....   382.005073: do_anonymous_page: anonymous tgid 1332 5775 "Binder:1332_16" 7f236c3000
           <...>-5775  [004] ....   382.005084: do_anonymous_page: anonymous tgid 1332 5775 "Binder:1332_16" 13c00000
           <...>-2004  [004] ....   382.005140: do_anonymous_page: anonymous tgid 1332 2004 "Binder:1332_9" 7f2ed03000
           <...>-2004  [004] ....   382.005148: do_anonymous_page: anonymous tgid 1332 2004 "Binder:1332_9" 13c40000
           <...>-5272  [004] ....   382.005204: do_anonymous_page: anonymous tgid 1332 5272 "Binder:1332_14" 7f210e6000
           <...>-5272  [004] ....   382.005213: do_anonymous_page: anonymous tgid 1332 5272 "Binder:1332_14" 13c80000
           <...>-1678  [004] ....   382.005266: do_anonymous_page: anonymous tgid 1332 1678 "Binder:1332_6" 7f232cc000
           <...>-1678  [004] ....   382.005275: do_anonymous_page: anonymous tgid 1332 1678 "Binder:1332_6" 13cc0000
           <...>-3835  [004] ....   382.005328: do_anonymous_page: anonymous tgid 1332 3835 "Binder:1332_10" 7f20e92000
           <...>-3835  [004] ....   382.005338: do_anonymous_page: anonymous tgid 1332 3835 "Binder:1332_10" 13d00000
           <...>-2480  [004] ....   382.005397: do_anonymous_page: anonymous tgid 1332 2480 "Binder:1332_C" 7f2da20000
           <...>-2480  [004] ....   382.005409: do_anonymous_page: anonymous tgid 1332 2480 "Binder:1332_C" 13d40000
           <...>-1350  [004] ....   382.005461: do_anonymous_page: anonymous tgid 1332 1350 "Binder:1332_2" 7f315b7000
           <...>-1350  [004] ....   382.005472: do_anonymous_page: anonymous tgid 1332 1350 "Binder:1332_2" 13d80000
           <...>-3958  [004] ....   382.005527: do_anonymous_page: anonymous tgid 1332 3958 "Binder:1332_11" 7f20de5000
           <...>-3958  [004] ....   382.005536: do_anonymous_page: anonymous tgid 1332 3958 "Binder:1332_11" 13dc0000
           <...>-5186  [004] ....   382.005589: do_anonymous_page: anonymous tgid 1332 5186 "Binder:1332_13" 7f210e8000
           <...>-5186  [004] ....   382.005599: do_anonymous_page: anonymous tgid 1332 5186 "Binder:1332_13" 13e00000
           <...>-1909  [004] ....   382.005659: do_anonymous_page: anonymous tgid 1332 1909 "Binder:1332_7" 7f31181000
           <...>-1909  [004] ....   382.005667: do_anonymous_page: anonymous tgid 1332 1909 "Binder:1332_7" 13e40000
           <...>-5595  [004] ....   382.006023: do_anonymous_page: anonymous tgid 5112 5595 "Binder:5112_4" 7f299dd000
           <...>-5567  [004] ....   382.006189: do_anonymous_page: anonymous tgid 4161 5567 "Binder:4161_5" 12d81000
           <...>-1857  [004] ....   382.006582: do_anonymous_page: anonymous tgid 1857 1857 "m.android.phone" 133f0000
           <...>-2402  [004] ....   382.008853: do_anonymous_page: anonymous tgid 2402 2402 "ocess.gservices" 12d01000
           <...>-2262  [004] ....   382.009152: do_anonymous_page: anonymous tgid 2262 2262 "d.process.acore" 12c84000
           <...>-2567  [004] ....   382.012134: do_anonymous_page: anonymous tgid 2567 2567 "gle.android.gms" 13483000
           <...>-2439  [004] ....   382.014126: do_anonymous_page: anonymous tgid 2439 2439 "com.android.nfc" 12d96000
           <...>-1736  [004] ....   382.015474: do_anonymous_page: anonymous tgid 1736 1736 "id.networkstack" 12f88000
 ndroid.systemui-1650  [004] ....   382.020202: do_anonymous_page: anonymous tgid 1650 1650 "ndroid.systemui" 12f1e000
           <...>-2248  [004] ....   382.022054: do_anonymous_page: anonymous tgid 2248 2248 ".gms.persistent" 14cae000
           <...>-2248  [004] ....   382.022175: do_anonymous_page: anonymous tgid 2248 2248 ".gms.persistent" 14caf000
           <...>-2248  [004] ....   382.022248: do_anonymous_page: anonymous tgid 2248 2248 ".gms.persistent" 14cb0000
           <...>-2248  [004] ....   382.022289: do_anonymous_page: anonymous tgid 2248 2248 ".gms.persistent" 14cb1000
           <...>-2248  [004] ....   382.022340: do_anonymous_page: anonymous tgid 2248 2248 ".gms.persistent" 14cb2000
           <...>-2248  [004] ....   382.022380: do_anonymous_page: anonymous tgid 2248 2248 ".gms.persistent" 14cb3000
           <...>-2248  [004] ....   382.022418: do_anonymous_page: anonymous tgid 2248 2248 ".gms.persistent" 14cb4000
           <...>-2248  [004] ....   382.022474: do_anonymous_page: anonymous tgid 2248 2248 ".gms.persistent" 14cb5000
           <...>-4074  [004] ....   382.023583: do_anonymous_page: anonymous tgid 4074 4074 "putmethod.latin" 12d84000
           <...>-3364  [004] ....   382.024362: do_anonymous_page: anonymous tgid 3364 3364 "d.process.media" 12c44000
           <...>-2466  [004] ....   382.026669: do_anonymous_page: anonymous tgid 1332 2466 "Binder:1332_B" 13750000
           <...>-638   [004] ....   382.027407: do_anonymous_page: anonymous tgid 602 638 "Binder:602_1" 7fba76d000
           <...>-638   [004] ....   382.027454: do_anonymous_page: anonymous tgid 602 638 "Binder:602_1" 7fba76e000
           <...>-638   [004] ....   382.027480: do_anonymous_page: anonymous tgid 602 638 "Binder:602_1" 7fba76f000
   Binder:1650_1-1673  [004] ....   382.027969: do_anonymous_page: anonymous tgid 1650 1673 "Binder:1650_1" 7f315f2000
   Binder:1650_1-1673  [004] ....   382.027992: do_anonymous_page: anonymous tgid 1650 1673 "Binder:1650_1" 13040000
           <...>-2189  [004] ....   382.028452: do_anonymous_page: anonymous tgid 1650 2189 "ScreenDecoratio" 12cd8000
           <...>-2542  [004] ....   382.028663: do_anonymous_page: anonymous tgid 1976 2542 "Binder:1976_4" 12e05000
           <...>-1674  [004] ....   382.028886: do_anonymous_page: anonymous tgid 1650 1674 "Binder:1650_2" 12c42000
           <...>-2466  [004] ....   382.029714: do_anonymous_page: anonymous tgid 1332 2466 "Binder:1332_B" 13751000
   Binder:1650_7-2217  [004] ....   382.034567: do_anonymous_page: anonymous tgid 1650 2217 "Binder:1650_7" 12d81000
           <...>-2020  [004] ....   382.034721: do_anonymous_page: anonymous tgid 1650 2020 "Binder:1650_5" 13782000
           <...>-2020  [004] ....   382.034766: do_anonymous_page: anonymous tgid 1650 2020 "Binder:1650_5" 13783000
           <...>-6717  [004] ....   382.035884: do_anonymous_page: anonymous tgid 880 6717 "Binder:880_5" f4375000
           <...>-1235  [004] ....   382.036028: do_anonymous_page: anonymous tgid 841 1235 "Binder:841_1" 7f1c6ce000
           <...>-1235  [004] ....   382.036034: do_anonymous_page: anonymous tgid 841 1235 "Binder:841_1" 7f1c6cd000
           <...>-1471  [004] ....   382.036107: do_anonymous_page: anonymous tgid 1332 1471 "tworkPolicy.uid" 13e80000
   Binder:1650_1-1673  [004] ....   382.037321: do_anonymous_page: anonymous tgid 1650 1673 "Binder:1650_1" 13041000
   Binder:1650_1-1673  [004] ....   382.037347: do_anonymous_page: anonymous tgid 1650 1673 "Binder:1650_1" 7f346f1000
           <...>-2431  [004] ....   382.037669: do_anonymous_page: anonymous tgid 1650 2431 "Binder:1650_8" 12f81000
           <...>-1674  [004] ....   382.038088: do_anonymous_page: anonymous tgid 1650 1674 "Binder:1650_2" 12c43000
           <...>-2189  [004] ....   382.044016: do_anonymous_page: anonymous tgid 1650 2189 "ScreenDecoratio" 12cd9000
           <...>-1354  [004] ....   382.044420: do_anonymous_page: anonymous tgid 1332 1354 "android.display" 12d10000
           <...>-6279  [004] ....   382.046161: do_anonymous_page: anonymous tgid 6279 6279 "com.rovio.baba" 12c88000
           <...>-6279  [004] ....   382.046206: do_anonymous_page: anonymous tgid 6279 6279 "com.rovio.baba" 12c89000
           <...>-6279  [004] ....   382.047827: do_anonymous_page: anonymous tgid 6279 6279 "com.rovio.baba" 12c8a000
           <...>-6279  [004] ....   382.048847: do_anonymous_page: anonymous tgid 6279 6279 "com.rovio.baba" 7f2996c000
           <...>-6279  [004] ....   382.048857: do_anonymous_page: anonymous tgid 6279 6279 "com.rovio.baba" 7f2996b000
           <...>-1508  [004] ....   382.049820: do_anonymous_page: anonymous tgid 841 1508 "Binder:841_3" 7f38db9000
           <...>-1508  [004] ....   382.049831: do_anonymous_page: anonymous tgid 841 1508 "Binder:841_3" 7f239c2000
           <...>-1508  [004] ....   382.049889: do_anonymous_page: anonymous tgid 841 1508 "Binder:841_3" 7f239c1000
           <...>-1508  [004] ....   382.049918: do_anonymous_page: anonymous tgid 841 1508 "Binder:841_3" 7f38dc3000
           <...>-1508  [004] ....   382.049928: do_anonymous_page: anonymous tgid 841 1508 "Binder:841_3" 7f38e0d000
           <...>-1508  [004] ....   382.049934: do_anonymous_page: anonymous tgid 841 1508 "Binder:841_3" 7f38dc4000
   Binder:1857_2-1902  [004] ....   382.050600: do_anonymous_page: anonymous tgid 1857 1902 "Binder:1857_2" 12f0c000
           <...>-1976  [004] ....   382.053812: do_anonymous_page: anonymous tgid 1976 1976 "droid.launcher3" 1305e000
      android.bg-1360  [004] ....   382.056430: do_anonymous_page: anonymous tgid 1332 1360 "android.bg" 13341000
 ndroid.systemui-1650  [004] ....   382.056920: do_anonymous_page: anonymous tgid 1650 1650 "ndroid.systemui" 12f1f000
           <...>-2005  [004] ....   382.062043: do_anonymous_page: anonymous tgid 1976 2005 "UiThreadHelper" 12dd9000
           <...>-6279  [004] ....   382.066172: do_anonymous_page: anonymous tgid 6279 6279 "com.rovio.baba" 12c8b000
           <...>-6279  [004] ....   382.066251: do_anonymous_page: anonymous tgid 6279 6279 "com.rovio.baba" 12c8c000
           <...>-6279  [004] ....   382.066298: do_anonymous_page: anonymous tgid 6279 6279 "com.rovio.baba" 12c8d000
           <...>-6279  [004] ....   382.066309: do_anonymous_page: anonymous tgid 6279 6279 "com.rovio.baba" 12c8e000
           <...>-6326  [004] ....   382.066675: do_anonymous_page: anonymous tgid 6279 6326 "pool-3-thread-1" 12e40000
           <...>-6326  [004] ....   382.066772: do_anonymous_page: anonymous tgid 6279 6326 "pool-3-thread-1" 12e41000
           <...>-6326  [004] ....   382.066877: do_anonymous_page: anonymous tgid 6279 6326 "pool-3-thread-1" 12e42000
           <...>-6326  [004] ....   382.066899: do_anonymous_page: anonymous tgid 6279 6326 "pool-3-thread-1" 12e43000
           <...>-6326  [004] ....   382.066920: do_anonymous_page: anonymous tgid 6279 6326 "pool-3-thread-1" 12e44000
           <...>-6326  [004] ....   382.066939: do_anonymous_page: anonymous tgid 6279 6326 "pool-3-thread-1" 12e45000
           <...>-6326  [004] ....   382.066956: do_anonymous_page: anonymous tgid 6279 6326 "pool-3-thread-1" 12e46000
           <...>-6326  [004] ....   382.067003: do_anonymous_page: anonymous tgid 6279 6326 "pool-3-thread-1" 12e47000
           <...>-6326  [004] ....   382.067025: do_anonymous_page: anonymous tgid 6279 6326 "pool-3-thread-1" 12e48000
           <...>-6326  [004] ....   382.067072: do_anonymous_page: anonymous tgid 6279 6326 "pool-3-thread-1" 12e49000
           <...>-6326  [004] ....   382.067092: do_anonymous_page: anonymous tgid 6279 6326 "pool-3-thread-1" 12e4a000
           <...>-6326  [004] ....   382.067110: do_anonymous_page: anonymous tgid 6279 6326 "pool-3-thread-1" 12e4b000
           <...>-6326  [004] ....   382.067131: do_anonymous_page: anonymous tgid 6279 6326 "pool-3-thread-1" 12e4c000
           <...>-6326  [004] ....   382.067151: do_anonymous_page: anonymous tgid 6279 6326 "pool-3-thread-1" 12e4d000
           <...>-6326  [004] ....   382.067192: do_anonymous_page: anonymous tgid 6279 6326 "pool-3-thread-1" 12e4e000
           <...>-6326  [004] ....   382.067209: do_anonymous_page: anonymous tgid 6279 6326 "pool-3-thread-1" 12e4f000
 pool-5-thread-1-6324  [004] ....   382.067298: do_anonymous_page: anonymous tgid 6279 6324 "pool-5-thread-1" 12e80000
           <...>-6620  [004] ....   382.067508: do_anonymous_page: anonymous tgid 6279 6620 "GoogleApiHandle" 12ec0000
           <...>-6279  [004] ....   382.068631: do_anonymous_page: anonymous tgid 6279 6279 "com.rovio.baba" 12c8f000
           <...>-6279  [004] ....   382.069489: do_anonymous_page: anonymous tgid 6279 6279 "com.rovio.baba" 12c90000
           <...>-1349  [004] ....   382.070820: do_anonymous_page: anonymous tgid 1332 1349 "Binder:1332_1" 13781000
           <...>-6279  [004] ....   382.071255: do_anonymous_page: anonymous tgid 6279 6279 "com.rovio.baba" 12c91000
           <...>-6279  [004] ....   382.071807: do_anonymous_page: anonymous tgid 6279 6279 "com.rovio.baba" 12c92000
 pool-5-thread-1-6324  [004] ....   382.072200: do_anonymous_page: anonymous tgid 6279 6324 "pool-5-thread-1" 12e81000
           <...>-6279  [004] ....   382.072598: do_anonymous_page: anonymous tgid 6279 6279 "com.rovio.baba" 7eb4e59000
           <...>-6279  [004] ....   382.072606: do_anonymous_page: anonymous tgid 6279 6279 "com.rovio.baba" 7eb4e5a000
           <...>-6279  [004] ....   382.072613: do_anonymous_page: anonymous tgid 6279 6279 "com.rovio.baba" 7eb4e5b000
           <...>-6279  [004] ....   382.072637: do_anonymous_page: anonymous tgid 6279 6279 "com.rovio.baba" 7eb52cc000
           <...>-6279  [004] ....   382.072640: do_anonymous_page: anonymous tgid 6279 6279 "com.rovio.baba" 7eb52cd000
           <...>-6279  [004] ....   382.072643: do_anonymous_page: anonymous tgid 6279 6279 "com.rovio.baba" 7eb52ce000
           <...>-6279  [004] ....   382.072645: do_anonymous_page: anonymous tgid 6279 6279 "com.rovio.baba" 7eb52cf000
           <...>-6279  [004] ....   382.072654: do_anonymous_page: anonymous tgid 6279 6279 "com.rovio.baba" 7eb52d0000
           <...>-6279  [004] ....   382.072656: do_anonymous_page: anonymous tgid 6279 6279 "com.rovio.baba" 7eb52d1000
           <...>-6279  [004] ....   382.072658: do_anonymous_page: anonymous tgid 6279 6279 "com.rovio.baba" 7eb52d2000
           <...>-6279  [004] ....   382.072662: do_anonymous_page: anonymous tgid 6279 6279 "com.rovio.baba" 7eb52d3000
           <...>-6279  [004] ....   382.072665: do_anonymous_page: anonymous tgid 6279 6279 "com.rovio.baba" 7eb52d4000
           <...>-6279  [004] ....   382.072667: do_anonymous_page: anonymous tgid 6279 6279 "com.rovio.baba" 7eb52d5000
           <...>-6279  [004] ....   382.072670: do_anonymous_page: anonymous tgid 6279 6279 "com.rovio.baba" 7eb52d6000
           <...>-6279  [004] ....   382.072798: do_anonymous_page: anonymous tgid 6279 6279 "com.rovio.baba" 7eb52d7000
           <...>-6279  [004] ....   382.072801: do_anonymous_page: anonymous tgid 6279 6279 "com.rovio.baba" 7eb52d8000
           <...>-6279  [004] ....   382.072804: do_anonymous_page: anonymous tgid 6279 6279 "com.rovio.baba" 7eb52d9000
           <...>-6279  [004] ....   382.072814: do_anonymous_page: anonymous tgid 6279 6279 "com.rovio.baba" 7eb535c000
           <...>-6279  [004] ....   382.072816: do_anonymous_page: anonymous tgid 6279 6279 "com.rovio.baba" 7eb5361000
           <...>-6279  [004] ....   382.072819: do_anonymous_page: anonymous tgid 6279 6279 "com.rovio.baba" 7eb5360000
           <...>-6279  [004] ....   382.072822: do_anonymous_page: anonymous tgid 6279 6279 "com.rovio.baba" 7eb535f000
           <...>-6279  [004] ....   382.072824: do_anonymous_page: anonymous tgid 6279 6279 "com.rovio.baba" 7eb535e000
           <...>-6279  [004] ....   382.072843: do_anonymous_page: anonymous tgid 6279 6279 "com.rovio.baba" 7f28b52000
           <...>-6279  [004] ....   382.072848: do_anonymous_page: anonymous tgid 6279 6279 "com.rovio.baba" 7eb554f000
           <...>-6279  [004] ....   382.072850: do_anonymous_page: anonymous tgid 6279 6279 "com.rovio.baba" 7eb5555000
           <...>-6279  [004] ....   382.072853: do_anonymous_page: anonymous tgid 6279 6279 "com.rovio.baba" 7eb5554000
           <...>-6279  [004] ....   382.072855: do_anonymous_page: anonymous tgid 6279 6279 "com.rovio.baba" 7eb5553000
           <...>-6279  [004] ....   382.072858: do_anonymous_page: anonymous tgid 6279 6279 "com.rovio.baba" 7eb5552000
           <...>-6279  [004] ....   382.072861: do_anonymous_page: anonymous tgid 6279 6279 "com.rovio.baba" 7eb5551000
           <...>-6279  [004] ....   382.072863: do_anonymous_page: anonymous tgid 6279 6279 "com.rovio.baba" 7eb5550000
           <...>-6279  [004] ....   382.072873: do_anonymous_page: anonymous tgid 6279 6279 "com.rovio.baba" 7ecabb9000
           <...>-6279  [004] ....   382.072876: do_anonymous_page: anonymous tgid 6279 6279 "com.rovio.baba" 7eb59de000
           <...>-6279  [004] ....   382.072878: do_anonymous_page: anonymous tgid 6279 6279 "com.rovio.baba" 7eb59e4000
           <...>-6279  [004] ....   382.072880: do_anonymous_page: anonymous tgid 6279 6279 "com.rovio.baba" 7eb59e3000
           <...>-6279  [004] ....   382.072882: do_anonymous_page: anonymous tgid 6279 6279 "com.rovio.baba" 7eb59e2000
           <...>-6279  [004] ....   382.072885: do_anonymous_page: anonymous tgid 6279 6279 "com.rovio.baba" 7eb59e1000
           <...>-6279  [004] ....   382.072887: do_anonymous_page: anonymous tgid 6279 6279 "com.rovio.baba" 7eb59e0000
           <...>-6279  [004] ....   382.072889: do_anonymous_page: anonymous tgid 6279 6279 "com.rovio.baba" 7eb59df000
           <...>-6279  [004] ....   382.072897: do_anonymous_page: anonymous tgid 6279 6279 "com.rovio.baba" 7ecabba000
           <...>-6279  [004] ....   382.072901: do_anonymous_page: anonymous tgid 6279 6279 "com.rovio.baba" 7eb5a4a000
           <...>-6279  [004] ....   382.072903: do_anonymous_page: anonymous tgid 6279 6279 "com.rovio.baba" 7eb5a50000
           <...>-6279  [004] ....   382.072905: do_anonymous_page: anonymous tgid 6279 6279 "com.rovio.baba" 7eb5a4f000
           <...>-6279  [004] ....   382.072908: do_anonymous_page: anonymous tgid 6279 6279 "com.rovio.baba" 7eb5a4e000
           <...>-6279  [004] ....   382.072911: do_anonymous_page: anonymous tgid 6279 6279 "com.rovio.baba" 7eb5a4d000
           <...>-6279  [004] ....   382.072913: do_anonymous_page: anonymous tgid 6279 6279 "com.rovio.baba" 7eb5a4c000
           <...>-6279  [004] ....   382.072915: do_anonymous_page: anonymous tgid 6279 6279 "com.rovio.baba" 7eb5a4b000
           <...>-6279  [004] ....   382.073089: do_anonymous_page: anonymous tgid 6279 6279 "com.rovio.baba" 12c93000
           <...>-638   [004] ....   382.073817: do_anonymous_page: anonymous tgid 602 638 "Binder:602_1" 7fba6b1000
           <...>-638   [004] ....   382.073821: do_anonymous_page: anonymous tgid 602 638 "Binder:602_1" 7fba6af000
           <...>-638   [004] ....   382.073827: do_anonymous_page: anonymous tgid 602 638 "Binder:602_1" 7fba6b0000
           <...>-638   [004] ....   382.073849: do_anonymous_page: anonymous tgid 602 638 "Binder:602_1" 7fba6b2000
           <...>-638   [004] ....   382.073857: do_anonymous_page: anonymous tgid 602 638 "Binder:602_1" 7fba706000
           <...>-6279  [004] ....   382.074053: do_anonymous_page: anonymous tgid 6279 6279 "com.rovio.baba" 7ecabed000
    Binder:602_3-729   [004] ....   382.074181: do_anonymous_page: anonymous tgid 602 729 "Binder:602_3" 7fba61b000
    Binder:602_3-729   [004] ....   382.074187: do_anonymous_page: anonymous tgid 602 729 "Binder:602_3" 7fba619000
    Binder:602_3-729   [004] ....   382.074193: do_anonymous_page: anonymous tgid 602 729 "Binder:602_3" 7fba61a000
           <...>-638   [004] ....   382.074400: do_anonymous_page: anonymous tgid 602 638 "Binder:602_1" 7fba729000
           <...>-638   [004] ....   382.074404: do_anonymous_page: anonymous tgid 602 638 "Binder:602_1" 7fba727000
           <...>-638   [004] ....   382.074408: do_anonymous_page: anonymous tgid 602 638 "Binder:602_1" 7fba728000
           <...>-6279  [004] ....   382.074577: do_anonymous_page: anonymous tgid 6279 6279 "com.rovio.baba" 7ecacdf000
           <...>-6279  [004] ....   382.074588: do_anonymous_page: anonymous tgid 6279 6279 "com.rovio.baba" 7eb4c3d000
    Binder:602_3-729   [004] ....   382.076440: do_anonymous_page: anonymous tgid 602 729 "Binder:602_3" 7fba6c1000
           <...>-6707  [004] ....   382.076967: do_anonymous_page: anonymous tgid 1332 6707 "Binder:1332_17" 12e2c000
 pool-5-thread-1-6324  [004] ....   382.077115: do_anonymous_page: anonymous tgid 6279 6324 "pool-5-thread-1" 12e82000
 pool-5-thread-1-6324  [004] ....   382.077155: do_anonymous_page: anonymous tgid 6279 6324 "pool-5-thread-1" 12e83000
           <...>-6279  [004] ....   382.077333: do_anonymous_page: anonymous tgid 6279 6279 "com.rovio.baba" 7eb52c6000
 ActivityManager-1361  [004] ....   382.078505: do_anonymous_page: anonymous tgid 1332 1361 "ActivityManager" 12f5e000
           <...>-1353  [004] ....   382.079610: do_anonymous_page: anonymous tgid 1332 1353 "android.io" 12ec1000
           <...>-1353  [004] ....   382.079640: do_anonymous_page: anonymous tgid 1332 1353 "android.io" 12ec2000
           <...>-1353  [004] ....   382.079665: do_anonymous_page: anonymous tgid 1332 1353 "android.io" 12ec3000
           <...>-1353  [004] ....   382.079683: do_anonymous_page: anonymous tgid 1332 1353 "android.io" 12ec4000
           <...>-1353  [004] ....   382.079700: do_anonymous_page: anonymous tgid 1332 1353 "android.io" 12ec5000
           <...>-1353  [004] ....   382.079725: do_anonymous_page: anonymous tgid 1332 1353 "android.io" 12ec6000
           <...>-1975  [004] ....   382.080289: do_anonymous_page: anonymous tgid 1650 1975 "VolumeDialogCon" 13080000
           <...>-1792  [004] ....   382.085102: do_anonymous_page: anonymous tgid 602 1792 "Binder:602_5" 7fb7534000
           <...>-1792  [004] ....   382.085868: do_anonymous_page: anonymous tgid 602 1792 "Binder:602_5" 7faa4d7000
           <...>-1453  [004] ....   382.088346: do_anonymous_page: anonymous tgid 1332 1453 "InputReader" 13ec0000
           <...>-1453  [004] ....   382.088361: do_anonymous_page: anonymous tgid 1332 1453 "InputReader" 7f30aa2000
           <...>-1453  [004] ....   382.088518: do_anonymous_page: anonymous tgid 1332 1453 "InputReader" 13ec1000
           <...>-2466  [004] ....   382.089546: do_anonymous_page: anonymous tgid 1332 2466 "Binder:1332_B" 13752000
 pool-5-thread-1-6324  [004] ....   382.089734: do_anonymous_page: anonymous tgid 6279 6324 "pool-5-thread-1" 12e84000
           <...>-6326  [004] ....   382.089888: do_anonymous_page: anonymous tgid 6279 6326 "pool-3-thread-1" 12e50000
           <...>-6326  [004] ....   382.090057: do_anonymous_page: anonymous tgid 6279 6326 "pool-3-thread-1" 12e51000
           <...>-6326  [004] ....   382.090163: do_anonymous_page: anonymous tgid 6279 6326 "pool-3-thread-1" 12e52000
           <...>-6326  [004] ....   382.090185: do_anonymous_page: anonymous tgid 6279 6326 "pool-3-thread-1" 12e53000
           <...>-6326  [004] ....   382.090202: do_anonymous_page: anonymous tgid 6279 6326 "pool-3-thread-1" 12e54000
           <...>-6326  [004] ....   382.090224: do_anonymous_page: anonymous tgid 6279 6326 "pool-3-thread-1" 12e55000
           <...>-6326  [004] ....   382.090242: do_anonymous_page: anonymous tgid 6279 6326 "pool-3-thread-1" 12e56000
           <...>-6326  [004] ....   382.090274: do_anonymous_page: anonymous tgid 6279 6326 "pool-3-thread-1" 12e57000
           <...>-6326  [004] ....   382.090303: do_anonymous_page: anonymous tgid 6279 6326 "pool-3-thread-1" 12e58000
           <...>-6326  [004] ....   382.090328: do_anonymous_page: anonymous tgid 6279 6326 "pool-3-thread-1" 12e59000
           <...>-6326  [004] ....   382.090362: do_anonymous_page: anonymous tgid 6279 6326 "pool-3-thread-1" 12e5a000
           <...>-6326  [004] ....   382.090381: do_anonymous_page: anonymous tgid 6279 6326 "pool-3-thread-1" 12e5b000
           <...>-6326  [004] ....   382.090399: do_anonymous_page: anonymous tgid 6279 6326 "pool-3-thread-1" 12e5c000
           <...>-6326  [004] ....   382.090417: do_anonymous_page: anonymous tgid 6279 6326 "pool-3-thread-1" 12e5d000
           <...>-6326  [004] ....   382.090435: do_anonymous_page: anonymous tgid 6279 6326 "pool-3-thread-1" 12e5e000
           <...>-6326  [004] ....   382.090478: do_anonymous_page: anonymous tgid 6279 6326 "pool-3-thread-1" 12e5f000
           <...>-6326  [004] ....   382.090493: do_anonymous_page: anonymous tgid 6279 6326 "pool-3-thread-1" 12e60000
           <...>-1857  [004] ....   382.093120: do_anonymous_page: anonymous tgid 1857 1857 "m.android.phone" 133f1000
           <...>-6707  [004] ....   382.093848: do_anonymous_page: anonymous tgid 1332 6707 "Binder:1332_17" 12e2d000
 pool-5-thread-1-6324  [004] ....   382.093968: do_anonymous_page: anonymous tgid 6279 6324 "pool-5-thread-1" 12e85000
 pool-5-thread-1-6324  [004] ....   382.094007: do_anonymous_page: anonymous tgid 6279 6324 "pool-5-thread-1" 12e86000
 pool-5-thread-1-6324  [004] ....   382.094119: do_anonymous_page: anonymous tgid 6279 6324 "pool-5-thread-1" 12e87000
           <...>-1355  [004] ....   382.095122: do_anonymous_page: anonymous tgid 1332 1355 "android.anim" 12e81000
           <...>-1355  [004] ....   382.095647: do_anonymous_page: anonymous tgid 1332 1355 "android.anim" 7e5ec0d000
    Binder:602_2-639   [004] ....   382.095980: do_anonymous_page: anonymous tgid 602 639 "Binder:602_2" 7fb797c000
           <...>-6299  [004] ....   382.096984: do_anonymous_page: anonymous tgid 6279 6299 "Binder:6279_4" 12e01000
           <...>-6427  [004] ....   382.097854: do_anonymous_page: anonymous tgid 6408 6427 "CrRendererMain" 52663000
           <...>-6427  [004] ....   382.098086: do_anonymous_page: anonymous tgid 6408 6427 "CrRendererMain" 52664000
           <...>-1909  [004] ....   382.098945: do_anonymous_page: anonymous tgid 1332 1909 "Binder:1332_7" 7f33ef1000
           <...>-1909  [004] ....   382.098954: do_anonymous_page: anonymous tgid 1332 1909 "Binder:1332_7" 13e41000
           <...>-6279  [004] ....   382.099261: do_anonymous_page: anonymous tgid 6279 6279 "com.rovio.baba" 12c94000
           <...>-6279  [004] ....   382.099369: do_anonymous_page: anonymous tgid 6279 6279 "com.rovio.baba" 12c95000
           <...>-6707  [004] ....   382.104203: do_anonymous_page: anonymous tgid 1332 6707 "Binder:1332_17" 12e2e000
           <...>-6707  [004] ....   382.104323: do_anonymous_page: anonymous tgid 1332 6707 "Binder:1332_17" 12e2f000
           <...>-1976  [004] ....   382.104795: do_anonymous_page: anonymous tgid 1976 1976 "droid.launcher3" 1305f000
           <...>-1355  [004] ....   382.114214: do_anonymous_page: anonymous tgid 1332 1355 "android.anim" 12e82000
       UnityMain-6336  [004] ....   382.119506: do_anonymous_page: anonymous tgid 6279 6336 "UnityMain" 12cc1000
           <...>-602   [004] ....   382.121184: do_anonymous_page: anonymous tgid 602 602 "surfaceflinger" 7fb79a6000
           <...>-1355  [004] ....   382.122385: do_anonymous_page: anonymous tgid 1332 1355 "android.anim" 7e84835000
           <...>-1355  [004] ....   382.122391: do_anonymous_page: anonymous tgid 1332 1355 "android.anim" 7e84836000
           <...>-6279  [004] ....   382.124526: do_anonymous_page: anonymous tgid 6279 6279 "com.rovio.baba" 7eb52e0000
           <...>-6280  [004] ....   382.126221: do_anonymous_page: anonymous tgid 6279 6280 "Jit thread pool" 7f29420000
           <...>-6280  [004] ....   382.126236: do_anonymous_page: anonymous tgid 6279 6280 "Jit thread pool" 7f29440000
           <...>-6280  [004] ....   382.126240: do_anonymous_page: anonymous tgid 6279 6280 "Jit thread pool" 7f29421000
           <...>-6280  [004] ....   382.126246: do_anonymous_page: anonymous tgid 6279 6280 "Jit thread pool" 7f29422000
           <...>-6280  [004] ....   382.126283: do_anonymous_page: anonymous tgid 6279 6280 "Jit thread pool" 7f29423000
           <...>-6280  [004] ....   382.126322: do_anonymous_page: anonymous tgid 6279 6280 "Jit thread pool" 7f29441000
           <...>-6280  [004] ....   382.126325: do_anonymous_page: anonymous tgid 6279 6280 "Jit thread pool" 7f29442000
           <...>-6280  [004] ....   382.126334: do_anonymous_page: anonymous tgid 6279 6280 "Jit thread pool" 7f29443000
           <...>-6280  [004] ....   382.126361: do_anonymous_page: anonymous tgid 6279 6280 "Jit thread pool" 7f29424000
           <...>-6280  [004] ....   382.126376: do_anonymous_page: anonymous tgid 6279 6280 "Jit thread pool" 7f29444000
           <...>-6280  [004] ....   382.126379: do_anonymous_page: anonymous tgid 6279 6280 "Jit thread pool" 7f29445000
           <...>-6279  [004] ....   382.130674: do_anonymous_page: anonymous tgid 6279 6279 "com.rovio.baba" 12c96000
           <...>-1909  [004] ....   382.136235: do_anonymous_page: anonymous tgid 1332 1909 "Binder:1332_7" 13e42000
           <...>-2588  [004] ....   382.137184: do_anonymous_page: anonymous tgid 2567 2588 "Binder:2567_2" 134c1000
           <...>-2567  [004] ....   382.137715: do_anonymous_page: anonymous tgid 2567 2567 "gle.android.gms" 13484000
           <...>-2567  [004] ....   382.138049: do_anonymous_page: anonymous tgid 2567 2567 "gle.android.gms" 13485000
           <...>-6279  [004] ....   382.144864: do_anonymous_page: anonymous tgid 6279 6279 "com.rovio.baba" 12c97000
           <...>-1976  [004] ....   382.145030: do_anonymous_page: anonymous tgid 1976 1976 "droid.launcher3" 13060000
           <...>-1976  [004] ....   382.145216: do_anonymous_page: anonymous tgid 1976 1976 "droid.launcher3" 7ec6c67000
           <...>-2588  [004] ....   382.146182: do_anonymous_page: anonymous tgid 2567 2588 "Binder:2567_2" 134c2000
           <...>-2567  [004] ....   382.150378: do_anonymous_page: anonymous tgid 2567 2567 "gle.android.gms" 13486000
           <...>-3581  [004] ....   382.150769: do_anonymous_page: anonymous tgid 2567 3581 "Binder:2567_7" 7f30ad2000
           <...>-2189  [004] ....   382.151475: do_anonymous_page: anonymous tgid 1650 2189 "ScreenDecoratio" 12cda000
 pool-5-thread-1-6324  [004] ....   382.152559: do_anonymous_page: anonymous tgid 6279 6324 "pool-5-thread-1" 12e89000
 pool-5-thread-1-6324  [004] ....   382.152564: do_anonymous_page: anonymous tgid 6279 6324 "pool-5-thread-1" 12e8a000
 pool-5-thread-1-6324  [004] ....   382.152587: do_anonymous_page: anonymous tgid 6279 6324 "pool-5-thread-1" 12e88000
 pool-5-thread-1-6324  [004] ....   382.153015: do_anonymous_page: anonymous tgid 6279 6324 "pool-5-thread-1" 12e8b000
 pool-5-thread-1-6324  [004] ....   382.153254: do_anonymous_page: anonymous tgid 6279 6324 "pool-5-thread-1" 12e8c000
 pool-5-thread-1-6324  [004] ....   382.153437: do_anonymous_page: anonymous tgid 6279 6324 "pool-5-thread-1" 12e8d000
 pool-5-thread-1-6324  [004] ....   382.153537: do_anonymous_page: anonymous tgid 6279 6324 "pool-5-thread-1" 12e8e000
 pool-5-thread-1-6324  [004] ....   382.153559: do_anonymous_page: anonymous tgid 6279 6324 "pool-5-thread-1" 12e8f000
 pool-5-thread-1-6324  [004] ....   382.153579: do_anonymous_page: anonymous tgid 6279 6324 "pool-5-thread-1" 12e90000
 pool-5-thread-1-6324  [004] ....   382.153600: do_anonymous_page: anonymous tgid 6279 6324 "pool-5-thread-1" 12e91000
 pool-5-thread-1-6324  [004] ....   382.153618: do_anonymous_page: anonymous tgid 6279 6324 "pool-5-thread-1" 12e92000
 pool-5-thread-1-6324  [004] ....   382.153638: do_anonymous_page: anonymous tgid 6279 6324 "pool-5-thread-1" 12e93000
 pool-5-thread-1-6324  [004] ....   382.153671: do_anonymous_page: anonymous tgid 6279 6324 "pool-5-thread-1" 12e94000
 pool-5-thread-1-6324  [004] ....   382.153696: do_anonymous_page: anonymous tgid 6279 6324 "pool-5-thread-1" 12e95000
 pool-5-thread-1-6324  [004] ....   382.154808: do_anonymous_page: anonymous tgid 6279 6324 "pool-5-thread-1" 12e96000
 pool-5-thread-1-6324  [004] ....   382.154832: do_anonymous_page: anonymous tgid 6279 6324 "pool-5-thread-1" 12e97000
 pool-5-thread-1-6324  [004] ....   382.155529: do_anonymous_page: anonymous tgid 6279 6324 "pool-5-thread-1" 12e98000
 pool-5-thread-1-6324  [004] ....   382.155554: do_anonymous_page: anonymous tgid 6279 6324 "pool-5-thread-1" 12e99000
 pool-5-thread-1-6324  [004] ....   382.155991: do_anonymous_page: anonymous tgid 6279 6324 "pool-5-thread-1" 12e9a000
 pool-5-thread-1-6324  [004] ....   382.156091: do_anonymous_page: anonymous tgid 6279 6324 "pool-5-thread-1" 12e9b000
 pool-5-thread-1-6324  [004] ....   382.156129: do_anonymous_page: anonymous tgid 6279 6324 "pool-5-thread-1" 12e9c000
 pool-5-thread-1-6324  [004] ....   382.156145: do_anonymous_page: anonymous tgid 6279 6324 "pool-5-thread-1" 12e9d000
 pool-5-thread-1-6324  [004] ....   382.156212: do_anonymous_page: anonymous tgid 6279 6324 "pool-5-thread-1" 12e9e000
 pool-5-thread-1-6324  [004] ....   382.156290: do_anonymous_page: anonymous tgid 6279 6324 "pool-5-thread-1" 12e9f000
 pool-5-thread-1-6324  [004] ....   382.156333: do_anonymous_page: anonymous tgid 6279 6324 "pool-5-thread-1" 12ea0000
           <...>-1029  [004] ....   382.156795: do_anonymous_page: anonymous tgid 784 1029 "netd" 7fad224000
           <...>-1029  [004] ....   382.156803: do_anonymous_page: anonymous tgid 784 1029 "netd" 7fad223000
 ndroid.systemui-1650  [004] ....   382.157594: do_anonymous_page: anonymous tgid 1650 1650 "ndroid.systemui" 12f20000
 ndroid.systemui-1650  [004] ....   382.158436: do_anonymous_page: anonymous tgid 1650 1650 "ndroid.systemui" 12f21000
 ndroid.systemui-1650  [004] ....   382.158620: do_anonymous_page: anonymous tgid 1650 1650 "ndroid.systemui" 12f22000
 ndroid.systemui-1650  [004] ....   382.158681: do_anonymous_page: anonymous tgid 1650 1650 "ndroid.systemui" 7eb36fa000
 ndroid.systemui-1650  [004] ....   382.158685: do_anonymous_page: anonymous tgid 1650 1650 "ndroid.systemui" 7eb36fb000
 ndroid.systemui-1650  [004] ....   382.158734: do_anonymous_page: anonymous tgid 1650 1650 "ndroid.systemui" 7eb36fc000
 ndroid.systemui-1650  [004] ....   382.158747: do_anonymous_page: anonymous tgid 1650 1650 "ndroid.systemui" 12f23000
 ndroid.systemui-1650  [004] ....   382.158791: do_anonymous_page: anonymous tgid 1650 1650 "ndroid.systemui" 12f24000
           <...>-1909  [004] ....   382.161062: do_anonymous_page: anonymous tgid 1332 1909 "Binder:1332_7" 13e43000
    Binder:602_2-639   [004] ....   382.161271: do_anonymous_page: anonymous tgid 602 639 "Binder:602_2" 7fb7566000
    Binder:602_2-639   [004] ....   382.161275: do_anonymous_page: anonymous tgid 602 639 "Binder:602_2" 7fb7564000
    Binder:602_2-639   [004] ....   382.161283: do_anonymous_page: anonymous tgid 602 639 "Binder:602_2" 7fb7565000
           <...>-1909  [004] ....   382.161504: do_anonymous_page: anonymous tgid 1332 1909 "Binder:1332_7" 7eb410c000
           <...>-1909  [004] ....   382.161523: do_anonymous_page: anonymous tgid 1332 1909 "Binder:1332_7" 13e44000
           <...>-1909  [004] ....   382.161773: do_anonymous_page: anonymous tgid 1332 1909 "Binder:1332_7" 13e45000
           <...>-2189  [004] ....   382.162124: do_anonymous_page: anonymous tgid 1650 2189 "ScreenDecoratio" 12cdb000
           <...>-6707  [004] ....   382.162326: do_anonymous_page: anonymous tgid 1332 6707 "Binder:1332_17" 12e30000
    Binder:602_2-639   [004] ....   382.162417: do_anonymous_page: anonymous tgid 602 639 "Binder:602_2" 7fb7569000
    Binder:602_2-639   [004] ....   382.162421: do_anonymous_page: anonymous tgid 602 639 "Binder:602_2" 7fb7567000
    Binder:602_2-639   [004] ....   382.162427: do_anonymous_page: anonymous tgid 602 639 "Binder:602_2" 7fb7568000
 ndroid.systemui-1650  [004] ....   382.163484: do_anonymous_page: anonymous tgid 1650 1650 "ndroid.systemui" 12f25000
 ndroid.systemui-1650  [004] ....   382.163842: do_anonymous_page: anonymous tgid 1650 1650 "ndroid.systemui" 12f26000
 ndroid.systemui-1650  [004] ....   382.164117: do_anonymous_page: anonymous tgid 1650 1650 "ndroid.systemui" 12f27000
           <...>-1674  [004] ....   382.167034: do_anonymous_page: anonymous tgid 1650 1674 "Binder:1650_2" 12c44000
 ndroid.systemui-1650  [004] ....   382.168792: do_anonymous_page: anonymous tgid 1650 1650 "ndroid.systemui" 12f28000
           <...>-2189  [004] ....   382.169118: do_anonymous_page: anonymous tgid 1650 2189 "ScreenDecoratio" 12cdc000
 ndroid.systemui-1650  [004] ....   382.170521: do_anonymous_page: anonymous tgid 1650 1650 "ndroid.systemui" 12f29000
 ndroid.systemui-1650  [004] ....   382.171974: do_anonymous_page: anonymous tgid 1650 1650 "ndroid.systemui" 12f2a000
           <...>-2189  [004] ....   382.172148: do_anonymous_page: anonymous tgid 1650 2189 "ScreenDecoratio" 12cdd000
           <...>-1909  [004] ....   382.173729: do_anonymous_page: anonymous tgid 1332 1909 "Binder:1332_7" 13e46000
           <...>-1674  [004] ....   382.173863: do_anonymous_page: anonymous tgid 1650 1674 "Binder:1650_2" 12c45000
           <...>-2189  [004] ....   382.174801: do_anonymous_page: anonymous tgid 1650 2189 "ScreenDecoratio" 12cde000
           <...>-2189  [004] ....   382.174920: do_anonymous_page: anonymous tgid 1650 2189 "ScreenDecoratio" 12cdf000
    RenderThread-2091  [004] ....   382.179549: do_anonymous_page: anonymous tgid 1650 2091 "RenderThread" 7f3139d000
           <...>-6707  [004] ....   382.181072: do_anonymous_page: anonymous tgid 1332 6707 "Binder:1332_17" 12e31000
           <...>-1674  [004] ....   382.181806: do_anonymous_page: anonymous tgid 1650 1674 "Binder:1650_2" 12c46000
 ndroid.systemui-1650  [004] ....   382.182579: do_anonymous_page: anonymous tgid 1650 1650 "ndroid.systemui" 7eb36fd000
 ndroid.systemui-1650  [004] ....   382.182645: do_anonymous_page: anonymous tgid 1650 1650 "ndroid.systemui" 12f2b000
 ndroid.systemui-1650  [004] ....   382.182688: do_anonymous_page: anonymous tgid 1650 1650 "ndroid.systemui" 12f2c000
           <...>-1349  [004] ....   382.183237: do_anonymous_page: anonymous tgid 1332 1349 "Binder:1332_1" 13782000
           <...>-1349  [004] ....   382.183522: do_anonymous_page: anonymous tgid 1332 1349 "Binder:1332_1" 13783000
           <...>-1792  [004] ....   382.183760: do_anonymous_page: anonymous tgid 602 1792 "Binder:602_5" 7fb7585000
           <...>-1792  [004] ....   382.183764: do_anonymous_page: anonymous tgid 602 1792 "Binder:602_5" 7fb7583000
           <...>-1792  [004] ....   382.183769: do_anonymous_page: anonymous tgid 602 1792 "Binder:602_5" 7fb7584000
           <...>-1349  [004] ....   382.183866: do_anonymous_page: anonymous tgid 1332 1349 "Binder:1332_1" 13784000
      android.bg-1360  [004] ....   382.185548: do_anonymous_page: anonymous tgid 1332 1360 "android.bg" 7e5ebe1000
      android.bg-1360  [004] ....   382.185552: do_anonymous_page: anonymous tgid 1332 1360 "android.bg" 7e5ebe2000
      android.bg-1360  [004] ....   382.185553: do_anonymous_page: anonymous tgid 1332 1360 "android.bg" 7e5ebe3000
      android.bg-1360  [004] ....   382.185555: do_anonymous_page: anonymous tgid 1332 1360 "android.bg" 7e5ebe4000
      android.bg-1360  [004] ....   382.185557: do_anonymous_page: anonymous tgid 1332 1360 "android.bg" 7e5ebe5000
      android.bg-1360  [004] ....   382.185559: do_anonymous_page: anonymous tgid 1332 1360 "android.bg" 7e5ebe6000
      android.bg-1360  [004] ....   382.185561: do_anonymous_page: anonymous tgid 1332 1360 "android.bg" 7e5ebe7000
      android.bg-1360  [004] ....   382.185563: do_anonymous_page: anonymous tgid 1332 1360 "android.bg" 7e5ebe8000
      android.bg-1360  [004] ....   382.185565: do_anonymous_page: anonymous tgid 1332 1360 "android.bg" 7e5ebe9000
      android.bg-1360  [004] ....   382.185567: do_anonymous_page: anonymous tgid 1332 1360 "android.bg" 7e5ebea000
      android.bg-1360  [004] ....   382.185569: do_anonymous_page: anonymous tgid 1332 1360 "android.bg" 7e5ebeb000
      android.bg-1360  [004] ....   382.185571: do_anonymous_page: anonymous tgid 1332 1360 "android.bg" 7e5ebec000
      android.bg-1360  [004] ....   382.185573: do_anonymous_page: anonymous tgid 1332 1360 "android.bg" 7e5ebed000
      android.bg-1360  [004] ....   382.185574: do_anonymous_page: anonymous tgid 1332 1360 "android.bg" 7e5ebee000
      android.bg-1360  [004] ....   382.185577: do_anonymous_page: anonymous tgid 1332 1360 "android.bg" 7e5ebef000
      android.bg-1360  [004] ....   382.185579: do_anonymous_page: anonymous tgid 1332 1360 "android.bg" 7e5ebf0000
      android.bg-1360  [004] ....   382.185581: do_anonymous_page: anonymous tgid 1332 1360 "android.bg" 7e5ebf1000
           <...>-2189  [004] ....   382.186052: do_anonymous_page: anonymous tgid 1650 2189 "ScreenDecoratio" 12ce0000
           <...>-2189  [004] ....   382.186197: do_anonymous_page: anonymous tgid 1650 2189 "ScreenDecoratio" 12ce1000
           <...>-6818  [004] ....   382.186991: do_anonymous_page: anonymous tgid 6816 6818 "Binder:6816_2" 7fbd42d000
  HwBinder:604_2-637   [004] ....   382.188098: do_anonymous_page: anonymous tgid 604 637 "HwBinder:604_2" 7fb443c000
    Binder:602_2-639   [004] ....   382.189248: do_anonymous_page: anonymous tgid 602 639 "Binder:602_2" 7fb756a000
    Binder:602_2-639   [004] ....   382.189289: do_anonymous_page: anonymous tgid 602 639 "Binder:602_2" 7fb756b000
    Binder:602_2-639   [004] ....   382.189313: do_anonymous_page: anonymous tgid 602 639 "Binder:602_2" 7fb756c000
           <...>-6310  [004] ....   382.190649: do_anonymous_page: anonymous tgid 6279 6310 "queued-work-loo" 12f00000
           <...>-6310  [004] ....   382.191074: do_anonymous_page: anonymous tgid 6279 6310 "queued-work-loo" 75585000
           <...>-6310  [004] ....   382.191081: do_anonymous_page: anonymous tgid 6279 6310 "queued-work-loo" 75329000
 ndroid.systemui-1650  [004] ....   382.192060: do_anonymous_page: anonymous tgid 1650 1650 "ndroid.systemui" 12f2d000
 ndroid.systemui-1650  [004] ....   382.194646: do_anonymous_page: anonymous tgid 1650 1650 "ndroid.systemui" 12f2e000
