           <...>-5272  [004] ....  1311.136128: do_anonymous_page: anonymous tgid 1332 5272 "Binder:1332_14" 7f210e6000
           <...>-5272  [004] ....  1311.136145: do_anonymous_page: anonymous tgid 1332 5272 "Binder:1332_14" 133c0000
           <...>-7021  [004] ....  1311.136230: do_anonymous_page: anonymous tgid 1332 7021 "Binder:1332_1B" 7f20fc6000
           <...>-7021  [004] ....  1311.136240: do_anonymous_page: anonymous tgid 1332 7021 "Binder:1332_1B" 13400000
           <...>-2466  [004] ....  1311.136304: do_anonymous_page: anonymous tgid 1332 2466 "Binder:1332_B" 7f232d0000
           <...>-2466  [004] ....  1311.136313: do_anonymous_page: anonymous tgid 1332 2466 "Binder:1332_B" 13440000
           <...>-6707  [004] ....  1311.136370: do_anonymous_page: anonymous tgid 1332 6707 "Binder:1332_17" 7f236bf000
           <...>-6707  [004] ....  1311.136380: do_anonymous_page: anonymous tgid 1332 6707 "Binder:1332_17" 13480000
  Binder:1332_1D-7183  [004] ....  1311.136463: do_anonymous_page: anonymous tgid 1332 7183 "Binder:1332_1D" 7f20faa000
  Binder:1332_1D-7183  [004] ....  1311.136472: do_anonymous_page: anonymous tgid 1332 7183 "Binder:1332_1D" 134c0000
           <...>-3515  [004] ....  1311.136572: do_anonymous_page: anonymous tgid 3515 3515 "ding:background" 12cc9000
           <...>-4161  [004] ....  1311.137011: do_anonymous_page: anonymous tgid 4161 4161 "id.partnersetup" 12c8f000
           <...>-5545  [004] ....  1311.140142: do_anonymous_page: anonymous tgid 5545 5545 "ndroid.keychain" 12cc8000
           <...>-5293  [004] ....  1311.141103: do_anonymous_page: anonymous tgid 5293 5293 "id.gms.unstable" 12c84000
           <...>-5829  [004] ....  1311.141219: do_anonymous_page: anonymous tgid 5829 5829 "droid.bluetooth" 12c4d000
           <...>-5906  [004] ....  1311.142395: do_anonymous_page: anonymous tgid 5906 5906 "roid.smartboard" 12cf5000
           <...>-5906  [004] ....  1311.142766: do_anonymous_page: anonymous tgid 5906 5906 "roid.smartboard" 71441000
           <...>-5906  [004] ....  1311.142857: do_anonymous_page: anonymous tgid 5906 5906 "roid.smartboard" 7f28bd0000
           <...>-5906  [004] ....  1311.142898: do_anonymous_page: anonymous tgid 5906 5906 "roid.smartboard" 12cf6000
           <...>-5906  [004] ....  1311.143028: do_anonymous_page: anonymous tgid 5906 5906 "roid.smartboard" 7f28bd1000
           <...>-5906  [004] ....  1311.143179: do_anonymous_page: anonymous tgid 5906 5906 "roid.smartboard" 12cf7000
           <...>-5906  [004] ....  1311.143211: do_anonymous_page: anonymous tgid 5906 5906 "roid.smartboard" 12cf8000
           <...>-5906  [004] ....  1311.143215: do_anonymous_page: anonymous tgid 5906 5906 "roid.smartboard" 12cf9000
           <...>-5906  [004] ....  1311.143229: do_anonymous_page: anonymous tgid 5906 5906 "roid.smartboard" 71442000
           <...>-5926  [004] ....  1311.143411: do_anonymous_page: anonymous tgid 5906 5926 "HeapTaskDaemon" 7fbde73000
           <...>-5926  [004] ....  1311.143510: do_anonymous_page: anonymous tgid 5906 5926 "HeapTaskDaemon" 7f35402000
           <...>-5926  [004] ....  1311.143513: do_anonymous_page: anonymous tgid 5906 5926 "HeapTaskDaemon" 7f336ef000
           <...>-5926  [004] ....  1311.143579: do_anonymous_page: anonymous tgid 5906 5926 "HeapTaskDaemon" 7f353fc000
           <...>-5926  [004] ....  1311.143726: do_anonymous_page: anonymous tgid 5906 5926 "HeapTaskDaemon" 7f336f0000
           <...>-5926  [004] ....  1311.144469: do_anonymous_page: anonymous tgid 5906 5926 "HeapTaskDaemon" 7f336f1000
           <...>-5950  [004] ....  1311.145666: do_anonymous_page: anonymous tgid 5950 5950 "facebook.katana" 133c6000
           <...>-1641  [004] ....  1311.147239: do_anonymous_page: anonymous tgid 1332 1641 "Binder:1332_4" 12dca000
           <...>-1641  [004] ....  1311.147247: do_anonymous_page: anonymous tgid 1332 1641 "Binder:1332_4" 12dcb000
           <...>-1641  [004] ....  1311.147587: do_anonymous_page: anonymous tgid 1332 1641 "Binder:1332_4" 12dcc000
           <...>-1641  [004] ....  1311.147644: do_anonymous_page: anonymous tgid 1332 1641 "Binder:1332_4" 12dcd000
           <...>-1641  [004] ....  1311.147752: do_anonymous_page: anonymous tgid 1332 1641 "Binder:1332_4" 7f33ef0000
           <...>-1641  [004] ....  1311.149302: do_anonymous_page: anonymous tgid 1332 1641 "Binder:1332_4" 12dce000
           <...>-1641  [004] ....  1311.149895: do_anonymous_page: anonymous tgid 1332 1641 "Binder:1332_4" 7e5ebec000
           <...>-1641  [004] ....  1311.149904: do_anonymous_page: anonymous tgid 1332 1641 "Binder:1332_4" 7e5ebed000
           <...>-1641  [004] ....  1311.149907: do_anonymous_page: anonymous tgid 1332 1641 "Binder:1332_4" 7e5ebee000
           <...>-1641  [004] ....  1311.149909: do_anonymous_page: anonymous tgid 1332 1641 "Binder:1332_4" 7e5ebef000
           <...>-1641  [004] ....  1311.149956: do_anonymous_page: anonymous tgid 1332 1641 "Binder:1332_4" 7e846b5000
           <...>-1641  [004] ....  1311.149959: do_anonymous_page: anonymous tgid 1332 1641 "Binder:1332_4" 7e846b6000
           <...>-1641  [004] ....  1311.149964: do_anonymous_page: anonymous tgid 1332 1641 "Binder:1332_4" 7e846b7000
    Binder:602_3-729   [004] ....  1311.150077: do_anonymous_page: anonymous tgid 602 729 "Binder:602_3" 7fba615000
    Binder:602_3-729   [004] ....  1311.150132: do_anonymous_page: anonymous tgid 602 729 "Binder:602_3" 7fba616000
    Binder:602_3-729   [004] ....  1311.150156: do_anonymous_page: anonymous tgid 602 729 "Binder:602_3" 7fba617000
    Binder:602_3-729   [004] ....  1311.150179: do_anonymous_page: anonymous tgid 602 729 "Binder:602_3" 7fba618000
           <...>-5525  [004] ....  1311.150321: do_anonymous_page: anonymous tgid 3184 5525 "Binder:3184_5" 12c43000
           <...>-3324  [004] ....  1311.150470: do_anonymous_page: anonymous tgid 2920 3324 "Binder:2920_4" 7f33eef000
           <...>-2700  [004] ....  1311.150587: do_anonymous_page: anonymous tgid 2681 2700 "Binder:2681_2" 12c44000
           <...>-2539  [004] ....  1311.150936: do_anonymous_page: anonymous tgid 2507 2539 "Binder:2507_3" 12c44000
           <...>-2520  [004] ....  1311.151051: do_anonymous_page: anonymous tgid 2488 2520 "Binder:2488_2" 12d84000
           <...>-2533  [004] ....  1311.151171: do_anonymous_page: anonymous tgid 2458 2533 "Binder:2458_3" 12c44000
           <...>-2885  [004] ....  1311.151370: do_anonymous_page: anonymous tgid 2402 2885 "Binder:2402_4" 12d02000
           <...>-2286  [004] ....  1311.151490: do_anonymous_page: anonymous tgid 2262 2286 "Binder:2262_1" 12f44000
           <...>-1947  [004] ....  1311.151822: do_anonymous_page: anonymous tgid 1925 1947 "Binder:1925_1" 12d6b000
   system_server-1332  [004] ....  1311.152509: do_anonymous_page: anonymous tgid 1332 1332 "system_server" 12cc2000
           <...>-1680  [004] ....  1311.152896: do_anonymous_page: anonymous tgid 1650 1680 "Binder:1650_3" 7f315b9000
           <...>-7144  [004] ....  1311.153049: do_anonymous_page: anonymous tgid 1650 7144 "Binder:1650_A" 7eb9356000
           <...>-7144  [004] ....  1311.153055: do_anonymous_page: anonymous tgid 1650 7144 "Binder:1650_A" 7eb9355000
           <...>-2431  [004] ....  1311.153341: do_anonymous_page: anonymous tgid 1650 2431 "Binder:1650_8" 12dc1000
           <...>-1673  [004] ....  1311.153377: do_anonymous_page: anonymous tgid 1650 1673 "Binder:1650_1" 7f315f2000
           <...>-1673  [004] ....  1311.153393: do_anonymous_page: anonymous tgid 1650 1673 "Binder:1650_1" 12f00000
           <...>-2217  [004] ....  1311.153538: do_anonymous_page: anonymous tgid 1650 2217 "Binder:1650_7" 7f30b7b000
           <...>-2217  [004] ....  1311.153549: do_anonymous_page: anonymous tgid 1650 2217 "Binder:1650_7" 12f40000
           <...>-2920  [004] ....  1311.153674: do_anonymous_page: anonymous tgid 2920 2920 "android.vending" 12d40000
           <...>-2248  [004] ....  1311.154248: do_anonymous_page: anonymous tgid 2248 2248 ".gms.persistent" 13e48000
           <...>-1736  [004] ....  1311.154570: do_anonymous_page: anonymous tgid 1736 1736 "id.networkstack" 12f8c000
           <...>-1350  [004] ....  1311.154787: do_anonymous_page: anonymous tgid 1332 1350 "Binder:1332_2" 7f315b7000
           <...>-1350  [004] ....  1311.154804: do_anonymous_page: anonymous tgid 1332 1350 "Binder:1332_2" 13500000
           <...>-3805  [004] ....  1311.154890: do_anonymous_page: anonymous tgid 1332 3805 "Binder:1332_F" 7f20fa2000
           <...>-3805  [004] ....  1311.154901: do_anonymous_page: anonymous tgid 1332 3805 "Binder:1332_F" 13540000
           <...>-1909  [004] ....  1311.154962: do_anonymous_page: anonymous tgid 1332 1909 "Binder:1332_7" 7f31181000
           <...>-1909  [004] ....  1311.154971: do_anonymous_page: anonymous tgid 1332 1909 "Binder:1332_7" 13580000
           <...>-5587  [004] ....  1311.155032: do_anonymous_page: anonymous tgid 1332 5587 "Binder:1332_15" 7f236c5000
           <...>-5587  [004] ....  1311.155042: do_anonymous_page: anonymous tgid 1332 5587 "Binder:1332_15" 135c0000
           <...>-7259  [004] ....  1311.155099: do_anonymous_page: anonymous tgid 1332 7259 "Binder:1332_1E" 7f20fa8000
           <...>-7259  [004] ....  1311.155108: do_anonymous_page: anonymous tgid 1332 7259 "Binder:1332_1E" 13600000
           <...>-6923  [004] ....  1311.155165: do_anonymous_page: anonymous tgid 1332 6923 "Binder:1332_1A" 7f2101f000
           <...>-6923  [004] ....  1311.155176: do_anonymous_page: anonymous tgid 1332 6923 "Binder:1332_1A" 13640000
           <...>-1678  [004] ....  1311.155320: do_anonymous_page: anonymous tgid 1332 1678 "Binder:1332_6" 7f232cc000
           <...>-1678  [004] ....  1311.155330: do_anonymous_page: anonymous tgid 1332 1678 "Binder:1332_6" 13680000
           <...>-1857  [004] ....  1311.159880: do_anonymous_page: anonymous tgid 1857 1857 "m.android.phone" 13518000
           <...>-1925  [004] ....  1311.160885: do_anonymous_page: anonymous tgid 1925 1925 "id.ext.services" 12c98000
           <...>-2402  [004] ....  1311.161548: do_anonymous_page: anonymous tgid 2402 2402 "ocess.gservices" 12c84000
 gle.android.gms-2567  [004] ....  1311.163007: do_anonymous_page: anonymous tgid 2567 2567 "gle.android.gms" 12cc8000
           <...>-2262  [004] ....  1311.165717: do_anonymous_page: anonymous tgid 2262 2262 "d.process.acore" 12c89000
           <...>-2248  [004] ....  1311.168836: do_anonymous_page: anonymous tgid 2248 2248 ".gms.persistent" 13e49000
           <...>-2248  [004] ....  1311.168889: do_anonymous_page: anonymous tgid 2248 2248 ".gms.persistent" 13e4a000
           <...>-2248  [004] ....  1311.168956: do_anonymous_page: anonymous tgid 2248 2248 ".gms.persistent" 13e4b000
           <...>-2248  [004] ....  1311.168997: do_anonymous_page: anonymous tgid 2248 2248 ".gms.persistent" 13e4c000
           <...>-2248  [004] ....  1311.169029: do_anonymous_page: anonymous tgid 2248 2248 ".gms.persistent" 13e4d000
           <...>-2248  [004] ....  1311.169077: do_anonymous_page: anonymous tgid 2248 2248 ".gms.persistent" 13e4e000
           <...>-2248  [004] ....  1311.169112: do_anonymous_page: anonymous tgid 2248 2248 ".gms.persistent" 13e4f000
           <...>-2248  [004] ....  1311.169161: do_anonymous_page: anonymous tgid 2248 2248 ".gms.persistent" 13e50000
           <...>-2488  [004] ....  1311.169934: do_anonymous_page: anonymous tgid 2488 2488 ".ims.rcsservice" 12ca6000
           <...>-2439  [004] ....  1311.170656: do_anonymous_page: anonymous tgid 2439 2439 "com.android.nfc" 12d9b000
           <...>-2458  [004] ....  1311.173588: do_anonymous_page: anonymous tgid 2458 2458 "com.android.se" 12c88000
           <...>-2681  [004] ....  1311.174106: do_anonymous_page: anonymous tgid 2681 2681 ".qcrilmsgtunnel" 12c88000
 ndroid.systemui-1650  [004] ....  1311.174375: do_anonymous_page: anonymous tgid 1650 1650 "ndroid.systemui" 130e9000
           <...>-2507  [004] ....  1311.175086: do_anonymous_page: anonymous tgid 2507 2507 "android.smspush" 12c88000
           <...>-1641  [004] ....  1311.180665: do_anonymous_page: anonymous tgid 1332 1641 "Binder:1332_4" 12dcf000
           <...>-2020  [004] ....  1311.181429: do_anonymous_page: anonymous tgid 1650 2020 "Binder:1650_5" 12c41000
           <...>-2181  [004] ....  1311.181568: do_anonymous_page: anonymous tgid 1650 2181 "Binder:1650_6" 12ec1000
           <...>-6279  [004] ....  1311.182938: do_anonymous_page: anonymous tgid 6279 6279 "com.rovio.baba" 12cc4000
           <...>-6279  [004] ....  1311.183070: do_anonymous_page: anonymous tgid 6279 6279 "com.rovio.baba" 12cc5000
           <...>-2580  [004] ....  1311.183312: do_anonymous_page: anonymous tgid 1976 2580 "Binder:1976_5" 12cc1000
           <...>-1995  [004] ....  1311.183385: do_anonymous_page: anonymous tgid 1976 1995 "Binder:1976_1" 12f81000
           <...>-7020  [004] ....  1311.183472: do_anonymous_page: anonymous tgid 1650 7020 "Binder:1650_9" 12e81000
           <...>-2189  [004] ....  1311.184061: do_anonymous_page: anonymous tgid 1650 2189 "ScreenDecoratio" 13109000
           <...>-7144  [004] ....  1311.184170: do_anonymous_page: anonymous tgid 1650 7144 "Binder:1650_A" 12d41000
           <...>-1366  [004] ....  1311.184724: do_anonymous_page: anonymous tgid 1332 1366 "OomAdjuster" 136c0000
           <...>-1674  [004] ....  1311.187603: do_anonymous_page: anonymous tgid 1650 1674 "Binder:1650_2" 12d01000
           <...>-1674  [004] ....  1311.187631: do_anonymous_page: anonymous tgid 1650 1674 "Binder:1650_2" 7f346f1000
           <...>-2020  [004] ....  1311.187790: do_anonymous_page: anonymous tgid 1650 2020 "Binder:1650_5" 12c42000
           <...>-1352  [004] ....  1311.192399: do_anonymous_page: anonymous tgid 1332 1352 "android.ui" 12ec1000
           <...>-1471  [004] ....  1311.193027: do_anonymous_page: anonymous tgid 1332 1471 "tworkPolicy.uid" 13700000
           <...>-2273  [004] ....  1311.193953: do_anonymous_page: anonymous tgid 2248 2273 "Binder:2248_1" 13847000
           <...>-6279  [004] ....  1311.199903: do_anonymous_page: anonymous tgid 6279 6279 "com.rovio.baba" 12cc6000
           <...>-1976  [004] ....  1311.201415: do_anonymous_page: anonymous tgid 1976 1976 "droid.launcher3" 12ed2000
           <...>-1976  [004] ....  1311.202270: do_anonymous_page: anonymous tgid 1976 1976 "droid.launcher3" 12ed3000
           <...>-6279  [004] ....  1311.204079: do_anonymous_page: anonymous tgid 6279 6279 "com.rovio.baba" 7f29a69000
           <...>-6279  [004] ....  1311.204087: do_anonymous_page: anonymous tgid 6279 6279 "com.rovio.baba" 7f29a68000
           <...>-6819  [004] ....  1311.204627: do_anonymous_page: anonymous tgid 1332 6819 "Binder:1332_18" 12e81000
           <...>-6279  [004] ....  1311.204745: do_anonymous_page: anonymous tgid 6279 6279 "com.rovio.baba" 12cc7000
           <...>-6279  [004] ....  1311.204807: do_anonymous_page: anonymous tgid 6279 6279 "com.rovio.baba" 12cc8000
           <...>-6279  [004] ....  1311.204824: do_anonymous_page: anonymous tgid 6279 6279 "com.rovio.baba" 12cc9000
           <...>-6279  [004] ....  1311.204877: do_anonymous_page: anonymous tgid 6279 6279 "com.rovio.baba" 12cca000
           <...>-6326  [004] ....  1311.205099: do_anonymous_page: anonymous tgid 6279 6326 "pool-3-thread-1" 12dc0000
           <...>-6326  [004] ....  1311.205159: do_anonymous_page: anonymous tgid 6279 6326 "pool-3-thread-1" 12dc1000
           <...>-6326  [004] ....  1311.205286: do_anonymous_page: anonymous tgid 6279 6326 "pool-3-thread-1" 12dc2000
           <...>-6326  [004] ....  1311.205305: do_anonymous_page: anonymous tgid 6279 6326 "pool-3-thread-1" 12dc3000
           <...>-6326  [004] ....  1311.205323: do_anonymous_page: anonymous tgid 6279 6326 "pool-3-thread-1" 12dc4000
           <...>-6326  [004] ....  1311.205345: do_anonymous_page: anonymous tgid 6279 6326 "pool-3-thread-1" 12dc5000
           <...>-6326  [004] ....  1311.205363: do_anonymous_page: anonymous tgid 6279 6326 "pool-3-thread-1" 12dc6000
           <...>-6326  [004] ....  1311.205403: do_anonymous_page: anonymous tgid 6279 6326 "pool-3-thread-1" 12dc7000
           <...>-6326  [004] ....  1311.205424: do_anonymous_page: anonymous tgid 6279 6326 "pool-3-thread-1" 12dc8000
           <...>-6326  [004] ....  1311.205470: do_anonymous_page: anonymous tgid 6279 6326 "pool-3-thread-1" 12dc9000
           <...>-6326  [004] ....  1311.205488: do_anonymous_page: anonymous tgid 6279 6326 "pool-3-thread-1" 12dca000
           <...>-6326  [004] ....  1311.205505: do_anonymous_page: anonymous tgid 6279 6326 "pool-3-thread-1" 12dcb000
           <...>-6326  [004] ....  1311.205525: do_anonymous_page: anonymous tgid 6279 6326 "pool-3-thread-1" 12dcc000
           <...>-6326  [004] ....  1311.205545: do_anonymous_page: anonymous tgid 6279 6326 "pool-3-thread-1" 12dcd000
           <...>-6326  [004] ....  1311.205581: do_anonymous_page: anonymous tgid 6279 6326 "pool-3-thread-1" 12dce000
           <...>-6326  [004] ....  1311.205597: do_anonymous_page: anonymous tgid 6279 6326 "pool-3-thread-1" 12dcf000
           <...>-6400  [004] ....  1311.205654: do_anonymous_page: anonymous tgid 6279 6400 "GoogleApiHandle" 12e00000
           <...>-6620  [004] ....  1311.205689: do_anonymous_page: anonymous tgid 6279 6620 "GoogleApiHandle" 12e40000
           <...>-6324  [004] ....  1311.205739: do_anonymous_page: anonymous tgid 6279 6324 "pool-5-thread-1" 12e80000
           <...>-6324  [004] ....  1311.206027: do_anonymous_page: anonymous tgid 6279 6324 "pool-5-thread-1" 12e81000
           <...>-6819  [004] ....  1311.207557: do_anonymous_page: anonymous tgid 1332 6819 "Binder:1332_18" 12e82000
           <...>-6279  [004] ....  1311.208653: do_anonymous_page: anonymous tgid 6279 6279 "com.rovio.baba" 12ccb000
           <...>-6279  [004] ....  1311.208799: do_anonymous_page: anonymous tgid 6279 6279 "com.rovio.baba" 12ccc000
           <...>-6279  [004] ....  1311.209691: do_anonymous_page: anonymous tgid 6279 6279 "com.rovio.baba" 7eb553c000
           <...>-6279  [004] ....  1311.209701: do_anonymous_page: anonymous tgid 6279 6279 "com.rovio.baba" 7eb5541000
           <...>-6279  [004] ....  1311.209730: do_anonymous_page: anonymous tgid 6279 6279 "com.rovio.baba" 7eb52cc000
           <...>-6279  [004] ....  1311.209732: do_anonymous_page: anonymous tgid 6279 6279 "com.rovio.baba" 7eb52d2000
           <...>-6279  [004] ....  1311.209735: do_anonymous_page: anonymous tgid 6279 6279 "com.rovio.baba" 7eb52d1000
           <...>-6279  [004] ....  1311.209737: do_anonymous_page: anonymous tgid 6279 6279 "com.rovio.baba" 7eb52d0000
           <...>-6279  [004] ....  1311.209739: do_anonymous_page: anonymous tgid 6279 6279 "com.rovio.baba" 7eb52cf000
           <...>-6279  [004] ....  1311.209742: do_anonymous_page: anonymous tgid 6279 6279 "com.rovio.baba" 7eb52ce000
           <...>-6279  [004] ....  1311.209744: do_anonymous_page: anonymous tgid 6279 6279 "com.rovio.baba" 7eb52cd000
           <...>-6279  [004] ....  1311.209752: do_anonymous_page: anonymous tgid 6279 6279 "com.rovio.baba" 12ccd000
           <...>-6279  [004] ....  1311.209793: do_anonymous_page: anonymous tgid 6279 6279 "com.rovio.baba" 7ecad94000
           <...>-6279  [004] ....  1311.209804: do_anonymous_page: anonymous tgid 6279 6279 "com.rovio.baba" 7eb52d3000
           <...>-6279  [004] ....  1311.209806: do_anonymous_page: anonymous tgid 6279 6279 "com.rovio.baba" 7eb52d9000
           <...>-6279  [004] ....  1311.209808: do_anonymous_page: anonymous tgid 6279 6279 "com.rovio.baba" 7eb52d8000
           <...>-6279  [004] ....  1311.209811: do_anonymous_page: anonymous tgid 6279 6279 "com.rovio.baba" 7eb52d7000
           <...>-6279  [004] ....  1311.209813: do_anonymous_page: anonymous tgid 6279 6279 "com.rovio.baba" 7eb52d6000
           <...>-6279  [004] ....  1311.209816: do_anonymous_page: anonymous tgid 6279 6279 "com.rovio.baba" 7eb52d5000
           <...>-6279  [004] ....  1311.209818: do_anonymous_page: anonymous tgid 6279 6279 "com.rovio.baba" 7eb52d4000
           <...>-6279  [004] ....  1311.209831: do_anonymous_page: anonymous tgid 6279 6279 "com.rovio.baba" 7ecad95000
           <...>-6279  [004] ....  1311.209842: do_anonymous_page: anonymous tgid 6279 6279 "com.rovio.baba" 7eb544e000
           <...>-6279  [004] ....  1311.209850: do_anonymous_page: anonymous tgid 6279 6279 "com.rovio.baba" 7eb5453000
           <...>-6279  [004] ....  1311.209853: do_anonymous_page: anonymous tgid 6279 6279 "com.rovio.baba" 7eb5452000
           <...>-6279  [004] ....  1311.209855: do_anonymous_page: anonymous tgid 6279 6279 "com.rovio.baba" 7eb5451000
           <...>-6279  [004] ....  1311.209857: do_anonymous_page: anonymous tgid 6279 6279 "com.rovio.baba" 7eb5450000
           <...>-6279  [004] ....  1311.209865: do_anonymous_page: anonymous tgid 6279 6279 "com.rovio.baba" 7ecad96000
           <...>-6279  [004] ....  1311.209874: do_anonymous_page: anonymous tgid 6279 6279 "com.rovio.baba" 7eb5486000
           <...>-6279  [004] ....  1311.209876: do_anonymous_page: anonymous tgid 6279 6279 "com.rovio.baba" 7eb548c000
           <...>-6279  [004] ....  1311.209879: do_anonymous_page: anonymous tgid 6279 6279 "com.rovio.baba" 7eb548b000
           <...>-6279  [004] ....  1311.209881: do_anonymous_page: anonymous tgid 6279 6279 "com.rovio.baba" 7eb548a000
           <...>-6279  [004] ....  1311.209883: do_anonymous_page: anonymous tgid 6279 6279 "com.rovio.baba" 7eb5489000
           <...>-6279  [004] ....  1311.209886: do_anonymous_page: anonymous tgid 6279 6279 "com.rovio.baba" 7eb5488000
           <...>-6279  [004] ....  1311.209889: do_anonymous_page: anonymous tgid 6279 6279 "com.rovio.baba" 7eb5487000
           <...>-4096  [004] ....  1311.212166: do_anonymous_page: anonymous tgid 4074 4096 "Binder:4074_2" 12d44000
           <...>-5563  [004] ....  1311.212228: do_anonymous_page: anonymous tgid 5545 5563 "Binder:5545_2" 12c84000
           <...>-5931  [004] ....  1311.212393: do_anonymous_page: anonymous tgid 5906 5931 "Binder:5906_2" 7f34f3d000
           <...>-2005  [004] ....  1311.215887: do_anonymous_page: anonymous tgid 1976 2005 "UiThreadHelper" 12c44000
           <...>-6326  [004] ....  1311.216709: do_anonymous_page: anonymous tgid 6279 6326 "pool-3-thread-1" 12dd0000
           <...>-5775  [004] ....  1311.217132: do_anonymous_page: anonymous tgid 1332 5775 "Binder:1332_16" 12e07000
           <...>-6324  [004] ....  1311.217366: do_anonymous_page: anonymous tgid 6279 6324 "pool-5-thread-1" 12e82000
           <...>-6324  [004] ....  1311.217412: do_anonymous_page: anonymous tgid 6279 6324 "pool-5-thread-1" 12e83000
           <...>-2189  [004] ....  1311.218182: do_anonymous_page: anonymous tgid 1650 2189 "ScreenDecoratio" 1310a000
           <...>-6326  [004] ....  1311.219849: do_anonymous_page: anonymous tgid 6279 6326 "pool-3-thread-1" 12dd1000
           <...>-6326  [004] ....  1311.219956: do_anonymous_page: anonymous tgid 6279 6326 "pool-3-thread-1" 12dd2000
           <...>-6326  [004] ....  1311.219979: do_anonymous_page: anonymous tgid 6279 6326 "pool-3-thread-1" 12dd3000
           <...>-6326  [004] ....  1311.219998: do_anonymous_page: anonymous tgid 6279 6326 "pool-3-thread-1" 12dd4000
           <...>-6326  [004] ....  1311.220022: do_anonymous_page: anonymous tgid 6279 6326 "pool-3-thread-1" 12dd5000
           <...>-6326  [004] ....  1311.220039: do_anonymous_page: anonymous tgid 6279 6326 "pool-3-thread-1" 12dd6000
           <...>-6326  [004] ....  1311.220072: do_anonymous_page: anonymous tgid 6279 6326 "pool-3-thread-1" 12dd7000
           <...>-6326  [004] ....  1311.220104: do_anonymous_page: anonymous tgid 6279 6326 "pool-3-thread-1" 12dd8000
           <...>-6326  [004] ....  1311.220130: do_anonymous_page: anonymous tgid 6279 6326 "pool-3-thread-1" 12dd9000
           <...>-6326  [004] ....  1311.220170: do_anonymous_page: anonymous tgid 6279 6326 "pool-3-thread-1" 12dda000
           <...>-6326  [004] ....  1311.220193: do_anonymous_page: anonymous tgid 6279 6326 "pool-3-thread-1" 12ddb000
           <...>-6326  [004] ....  1311.220211: do_anonymous_page: anonymous tgid 6279 6326 "pool-3-thread-1" 12ddc000
           <...>-6326  [004] ....  1311.220232: do_anonymous_page: anonymous tgid 6279 6326 "pool-3-thread-1" 12ddd000
           <...>-6326  [004] ....  1311.220251: do_anonymous_page: anonymous tgid 6279 6326 "pool-3-thread-1" 12dde000
           <...>-6326  [004] ....  1311.220297: do_anonymous_page: anonymous tgid 6279 6326 "pool-3-thread-1" 12ddf000
           <...>-6326  [004] ....  1311.220310: do_anonymous_page: anonymous tgid 6279 6326 "pool-3-thread-1" 12de0000
           <...>-6279  [004] ....  1311.220595: do_anonymous_page: anonymous tgid 6279 6279 "com.rovio.baba" 7eb5464000
           <...>-6279  [004] ....  1311.220784: do_anonymous_page: anonymous tgid 6279 6279 "com.rovio.baba" 7ecad97000
    Binder:602_3-729   [004] ....  1311.221076: do_anonymous_page: anonymous tgid 602 729 "Binder:602_3" 7fba72c000
    Binder:602_3-729   [004] ....  1311.221080: do_anonymous_page: anonymous tgid 602 729 "Binder:602_3" 7fba72a000
    Binder:602_3-729   [004] ....  1311.221086: do_anonymous_page: anonymous tgid 602 729 "Binder:602_3" 7fba72b000
    Binder:602_4-1595  [004] ....  1311.221264: do_anonymous_page: anonymous tgid 602 1595 "Binder:602_4" 7fba700000
    Binder:602_4-1595  [004] ....  1311.221271: do_anonymous_page: anonymous tgid 602 1595 "Binder:602_4" 7fba6fe000
    Binder:602_4-1595  [004] ....  1311.221275: do_anonymous_page: anonymous tgid 602 1595 "Binder:602_4" 7fba6ff000
           <...>-6279  [004] ....  1311.221350: do_anonymous_page: anonymous tgid 6279 6279 "com.rovio.baba" 12cce000
           <...>-6299  [004] ....  1311.223768: do_anonymous_page: anonymous tgid 6279 6299 "Binder:6279_4" 12d81000
           <...>-1355  [004] ....  1311.226419: do_anonymous_page: anonymous tgid 1332 1355 "android.anim" 12f01000
    Binder:602_1-638   [004] ....  1311.226827: do_anonymous_page: anonymous tgid 602 638 "Binder:602_1" 7fba60b000
           <...>-2481  [004] ....  1311.227303: do_anonymous_page: anonymous tgid 1332 2481 "Binder:1332_D" 7eb4e7f000
           <...>-2481  [004] ....  1311.227309: do_anonymous_page: anonymous tgid 1332 2481 "Binder:1332_D" 7eb4e80000
           <...>-5775  [004] ....  1311.233336: do_anonymous_page: anonymous tgid 1332 5775 "Binder:1332_16" 12e08000
           <...>-6324  [004] ....  1311.233464: do_anonymous_page: anonymous tgid 6279 6324 "pool-5-thread-1" 12e84000
           <...>-6324  [004] ....  1311.238318: do_anonymous_page: anonymous tgid 6279 6324 "pool-5-thread-1" 12e85000
           <...>-6324  [004] ....  1311.238367: do_anonymous_page: anonymous tgid 6279 6324 "pool-5-thread-1" 12e86000
           <...>-6324  [004] ....  1311.238482: do_anonymous_page: anonymous tgid 6279 6324 "pool-5-thread-1" 12e87000
           <...>-5906  [004] ....  1311.241310: do_anonymous_page: anonymous tgid 5906 5906 "roid.smartboard" 12cfa000
           <...>-5906  [004] ....  1311.241453: do_anonymous_page: anonymous tgid 5906 5906 "roid.smartboard" 12cfb000
           <...>-5906  [004] ....  1311.241491: do_anonymous_page: anonymous tgid 5906 5906 "roid.smartboard" 7f28fbd000
           <...>-5906  [004] ....  1311.241532: do_anonymous_page: anonymous tgid 5906 5906 "roid.smartboard" 12cfc000
           <...>-5906  [004] ....  1311.241606: do_anonymous_page: anonymous tgid 5906 5906 "roid.smartboard" 12cfd000
           <...>-5906  [004] ....  1311.241626: do_anonymous_page: anonymous tgid 5906 5906 "roid.smartboard" 7f28fbe000
           <...>-5906  [004] ....  1311.241675: do_anonymous_page: anonymous tgid 5906 5906 "roid.smartboard" 12cfe000
           <...>-1857  [004] ....  1311.242335: do_anonymous_page: anonymous tgid 1857 1857 "m.android.phone" 13519000
    Binder:602_3-729   [004] ....  1311.242891: do_anonymous_page: anonymous tgid 602 729 "Binder:602_3" 7fba627000
    Binder:602_3-729   [004] ....  1311.243483: do_anonymous_page: anonymous tgid 602 729 "Binder:602_3" 7fba68b000
           <...>-1641  [004] ....  1311.244823: do_anonymous_page: anonymous tgid 1332 1641 "Binder:1332_4" 12dd0000
           <...>-6279  [004] ....  1311.245636: do_anonymous_page: anonymous tgid 6279 6279 "com.rovio.baba" 12ccf000
           <...>-6279  [004] ....  1311.246807: do_anonymous_page: anonymous tgid 6279 6279 "com.rovio.baba" 12cd0000
           <...>-1355  [004] ....  1311.248308: do_anonymous_page: anonymous tgid 1332 1355 "android.anim" 12f02000
           <...>-2537  [004] ....  1311.249272: do_anonymous_page: anonymous tgid 1976 2537 "RenderThread" 7f3151b000
           <...>-1976  [004] ....  1311.250112: do_anonymous_page: anonymous tgid 1976 1976 "droid.launcher3" 12ed4000
 ActivityManager-1361  [004] ....  1311.252051: do_anonymous_page: anonymous tgid 1332 1361 "ActivityManager" 12d05000
           <...>-1353  [004] ....  1311.252171: do_anonymous_page: anonymous tgid 1332 1353 "android.io" 13740000
           <...>-1479  [004] ....  1311.252335: do_anonymous_page: anonymous tgid 1332 1479 "ConnectivitySer" 13780000
           <...>-5524  [004] ....  1311.252740: do_anonymous_page: anonymous tgid 2567 5524 "Binder:2567_E" 12d01000
           <...>-1353  [004] ....  1311.253011: do_anonymous_page: anonymous tgid 1332 1353 "android.io" 13741000
           <...>-1353  [004] ....  1311.253041: do_anonymous_page: anonymous tgid 1332 1353 "android.io" 13742000
           <...>-1353  [004] ....  1311.253063: do_anonymous_page: anonymous tgid 1332 1353 "android.io" 13743000
           <...>-1353  [004] ....  1311.253080: do_anonymous_page: anonymous tgid 1332 1353 "android.io" 13744000
           <...>-1353  [004] ....  1311.253123: do_anonymous_page: anonymous tgid 1332 1353 "android.io" 13745000
           <...>-1353  [004] ....  1311.253148: do_anonymous_page: anonymous tgid 1332 1353 "android.io" 13746000
           <...>-1674  [004] ....  1311.253298: do_anonymous_page: anonymous tgid 1650 1674 "Binder:1650_2" 12d02000
           <...>-1975  [004] ....  1311.253388: do_anonymous_page: anonymous tgid 1650 1975 "VolumeDialogCon" 12f80000
     InputReader-1453  [004] ....  1311.254282: do_anonymous_page: anonymous tgid 1332 1453 "InputReader" 13ac0000
     InputReader-1453  [004] ....  1311.254292: do_anonymous_page: anonymous tgid 1332 1453 "InputReader" 7f30aa2000
     InputReader-1453  [004] ....  1311.254448: do_anonymous_page: anonymous tgid 1332 1453 "InputReader" 13ac1000
           <...>-5775  [004] ....  1311.257278: do_anonymous_page: anonymous tgid 1332 5775 "Binder:1332_16" 12e09000
           <...>-5775  [004] ....  1311.257338: do_anonymous_page: anonymous tgid 1332 5775 "Binder:1332_16" 12e0a000
           <...>-5775  [004] ....  1311.257484: do_anonymous_page: anonymous tgid 1332 5775 "Binder:1332_16" 12e0b000
           <...>-6279  [004] ....  1311.263318: do_anonymous_page: anonymous tgid 6279 6279 "com.rovio.baba" 12cd1000
           <...>-6279  [004] ....  1311.263451: do_anonymous_page: anonymous tgid 6279 6279 "com.rovio.baba" 12cd2000
  surfaceflinger-602   [004] ....  1311.281545: do_anonymous_page: anonymous tgid 602 602 "surfaceflinger" 7fb797c000
           <...>-5524  [004] ....  1311.281633: do_anonymous_page: anonymous tgid 2567 5524 "Binder:2567_E" 12d02000
 gle.android.gms-2567  [004] ....  1311.281919: do_anonymous_page: anonymous tgid 2567 2567 "gle.android.gms" 12cc9000
 gle.android.gms-2567  [004] ....  1311.282199: do_anonymous_page: anonymous tgid 2567 2567 "gle.android.gms" 12cca000
  Binder:1332_1D-7183  [004] ....  1311.283732: do_anonymous_page: anonymous tgid 1332 7183 "Binder:1332_1D" 134c1000
    Binder:602_3-729   [004] ....  1311.283912: do_anonymous_page: anonymous tgid 602 729 "Binder:602_3" 7fba6bf000
      android.fg-1351  [004] ....  1311.285731: do_anonymous_page: anonymous tgid 1332 1351 "android.fg" 130c1000
   Binder:2248_8-3580  [004] ....  1311.285846: do_anonymous_page: anonymous tgid 2248 3580 "Binder:2248_8" 13c33000
           <...>-1354  [004] ....  1311.286530: do_anonymous_page: anonymous tgid 1332 1354 "android.display" 12d47000
           <...>-2248  [004] ....  1311.287104: do_anonymous_page: anonymous tgid 2248 2248 ".gms.persistent" 13e51000
 Jit thread pool-6280  [004] ....  1311.289709: do_anonymous_page: anonymous tgid 6279 6280 "Jit thread pool" 7f29440000
 Jit thread pool-6280  [004] ....  1311.289722: do_anonymous_page: anonymous tgid 6279 6280 "Jit thread pool" 7f29460000
 Jit thread pool-6280  [004] ....  1311.289725: do_anonymous_page: anonymous tgid 6279 6280 "Jit thread pool" 7f29441000
 Jit thread pool-6280  [004] ....  1311.289732: do_anonymous_page: anonymous tgid 6279 6280 "Jit thread pool" 7f29442000
 Jit thread pool-6280  [004] ....  1311.289784: do_anonymous_page: anonymous tgid 6279 6280 "Jit thread pool" 7f29443000
 Jit thread pool-6280  [004] ....  1311.289822: do_anonymous_page: anonymous tgid 6279 6280 "Jit thread pool" 7f29461000
 Jit thread pool-6280  [004] ....  1311.289825: do_anonymous_page: anonymous tgid 6279 6280 "Jit thread pool" 7f29462000
 Jit thread pool-6280  [004] ....  1311.289854: do_anonymous_page: anonymous tgid 6279 6280 "Jit thread pool" 7f29444000
 Jit thread pool-6280  [004] ....  1311.289871: do_anonymous_page: anonymous tgid 6279 6280 "Jit thread pool" 7f29463000
 Jit thread pool-6280  [004] ....  1311.289874: do_anonymous_page: anonymous tgid 6279 6280 "Jit thread pool" 7f29464000
 Jit thread pool-6280  [004] ....  1311.289877: do_anonymous_page: anonymous tgid 6279 6280 "Jit thread pool" 7f29465000
           <...>-5524  [004] ....  1311.292059: do_anonymous_page: anonymous tgid 2567 5524 "Binder:2567_E" 12d03000
           <...>-1976  [004] ....  1311.293729: do_anonymous_page: anonymous tgid 1976 1976 "droid.launcher3" 12ed5000
           <...>-2189  [004] ....  1311.294666: do_anonymous_page: anonymous tgid 1650 2189 "ScreenDecoratio" 1310b000
 ndroid.systemui-1650  [004] ....  1311.294796: do_anonymous_page: anonymous tgid 1650 1650 "ndroid.systemui" 130ea000
           <...>-1641  [004] ....  1311.295296: do_anonymous_page: anonymous tgid 1332 1641 "Binder:1332_4" 12dd1000
    Binder:602_3-729   [004] ....  1311.295724: do_anonymous_page: anonymous tgid 602 729 "Binder:602_3" 7fba6e1000
    Binder:602_3-729   [004] ....  1311.295761: do_anonymous_page: anonymous tgid 602 729 "Binder:602_3" 7fba6e2000
    Binder:602_3-729   [004] ....  1311.295782: do_anonymous_page: anonymous tgid 602 729 "Binder:602_3" 7fba6e3000
           <...>-2020  [004] ....  1311.296484: do_anonymous_page: anonymous tgid 1650 2020 "Binder:1650_5" 12c43000
 ndroid.systemui-1650  [004] ....  1311.297304: do_anonymous_page: anonymous tgid 1650 1650 "ndroid.systemui" 130eb000
 ndroid.systemui-1650  [004] ....  1311.297963: do_anonymous_page: anonymous tgid 1650 1650 "ndroid.systemui" 130ec000
 ndroid.systemui-1650  [004] ....  1311.298146: do_anonymous_page: anonymous tgid 1650 1650 "ndroid.systemui" 130ed000
 ndroid.systemui-1650  [004] ....  1311.298228: do_anonymous_page: anonymous tgid 1650 1650 "ndroid.systemui" 130ee000
 ndroid.systemui-1650  [004] ....  1311.298297: do_anonymous_page: anonymous tgid 1650 1650 "ndroid.systemui" 130ef000
           <...>-6819  [004] ....  1311.298656: do_anonymous_page: anonymous tgid 1332 6819 "Binder:1332_18" 12e83000
    Binder:602_3-729   [004] ....  1311.298832: do_anonymous_page: anonymous tgid 602 729 "Binder:602_3" 7fba741000
    Binder:602_3-729   [004] ....  1311.298842: do_anonymous_page: anonymous tgid 602 729 "Binder:602_3" 7fba73f000
    Binder:602_3-729   [004] ....  1311.298848: do_anonymous_page: anonymous tgid 602 729 "Binder:602_3" 7fba740000
           <...>-6819  [004] ....  1311.299033: do_anonymous_page: anonymous tgid 1332 6819 "Binder:1332_18" 12e84000
           <...>-6819  [004] ....  1311.299067: do_anonymous_page: anonymous tgid 1332 6819 "Binder:1332_18" 12e85000
    Binder:602_3-729   [004] ....  1311.299278: do_anonymous_page: anonymous tgid 602 729 "Binder:602_3" 7fba747000
    Binder:602_3-729   [004] ....  1311.299282: do_anonymous_page: anonymous tgid 602 729 "Binder:602_3" 7fba745000
    Binder:602_3-729   [004] ....  1311.299299: do_anonymous_page: anonymous tgid 602 729 "Binder:602_3" 7fba746000
 ndroid.systemui-1650  [004] ....  1311.299806: do_anonymous_page: anonymous tgid 1650 1650 "ndroid.systemui" 130f0000
 ndroid.systemui-1650  [004] ....  1311.300204: do_anonymous_page: anonymous tgid 1650 1650 "ndroid.systemui" 130f1000
 ndroid.systemui-1650  [004] ....  1311.300373: do_anonymous_page: anonymous tgid 1650 1650 "ndroid.systemui" 130f2000
       UnityMain-6336  [004] ....  1311.301746: do_anonymous_page: anonymous tgid 6279 6336 "UnityMain" 12d01000
           <...>-1355  [004] ....  1311.304903: do_anonymous_page: anonymous tgid 1332 1355 "android.anim" 7e6d29a000
           <...>-1355  [004] ....  1311.304909: do_anonymous_page: anonymous tgid 1332 1355 "android.anim" 7e6d29b000
           <...>-1355  [004] ....  1311.304912: do_anonymous_page: anonymous tgid 1332 1355 "android.anim" 7e6d29c000
    Binder:602_1-638   [004] ....  1311.304991: do_anonymous_page: anonymous tgid 602 638 "Binder:602_1" 7fba725000
    Binder:602_1-638   [004] ....  1311.305034: do_anonymous_page: anonymous tgid 602 638 "Binder:602_1" 7fba726000
    Binder:602_1-638   [004] ....  1311.305058: do_anonymous_page: anonymous tgid 602 638 "Binder:602_1" 7fba727000
           <...>-2189  [004] ....  1311.305376: do_anonymous_page: anonymous tgid 1650 2189 "ScreenDecoratio" 1310c000
           <...>-2189  [004] ....  1311.305651: do_anonymous_page: anonymous tgid 1650 2189 "ScreenDecoratio" 1310d000
 ndroid.systemui-1650  [004] ....  1311.307124: do_anonymous_page: anonymous tgid 1650 1650 "ndroid.systemui" 130f3000
           <...>-6324  [004] ....  1311.312199: do_anonymous_page: anonymous tgid 6279 6324 "pool-5-thread-1" 12e89000
           <...>-6324  [004] ....  1311.312206: do_anonymous_page: anonymous tgid 6279 6324 "pool-5-thread-1" 12e8a000
           <...>-6324  [004] ....  1311.312229: do_anonymous_page: anonymous tgid 6279 6324 "pool-5-thread-1" 12e88000
           <...>-6324  [004] ....  1311.312367: do_anonymous_page: anonymous tgid 6279 6324 "pool-5-thread-1" 12e8b000
           <...>-6324  [004] ....  1311.312578: do_anonymous_page: anonymous tgid 6279 6324 "pool-5-thread-1" 12e8c000
           <...>-6324  [004] ....  1311.312775: do_anonymous_page: anonymous tgid 6279 6324 "pool-5-thread-1" 12e8d000
           <...>-6324  [004] ....  1311.312885: do_anonymous_page: anonymous tgid 6279 6324 "pool-5-thread-1" 12e8e000
           <...>-6324  [004] ....  1311.312909: do_anonymous_page: anonymous tgid 6279 6324 "pool-5-thread-1" 12e8f000
           <...>-6324  [004] ....  1311.312927: do_anonymous_page: anonymous tgid 6279 6324 "pool-5-thread-1" 12e90000
           <...>-6324  [004] ....  1311.312948: do_anonymous_page: anonymous tgid 6279 6324 "pool-5-thread-1" 12e91000
           <...>-6324  [004] ....  1311.312970: do_anonymous_page: anonymous tgid 6279 6324 "pool-5-thread-1" 12e92000
           <...>-6324  [004] ....  1311.313001: do_anonymous_page: anonymous tgid 6279 6324 "pool-5-thread-1" 12e93000
           <...>-6324  [004] ....  1311.313043: do_anonymous_page: anonymous tgid 6279 6324 "pool-5-thread-1" 12e94000
           <...>-6324  [004] ....  1311.313067: do_anonymous_page: anonymous tgid 6279 6324 "pool-5-thread-1" 12e95000
           <...>-6324  [004] ....  1311.313085: do_anonymous_page: anonymous tgid 6279 6324 "pool-5-thread-1" 12e96000
           <...>-6324  [004] ....  1311.313131: do_anonymous_page: anonymous tgid 6279 6324 "pool-5-thread-1" 12e97000
           <...>-6324  [004] ....  1311.313148: do_anonymous_page: anonymous tgid 6279 6324 "pool-5-thread-1" 12e98000
           <...>-6324  [004] ....  1311.313170: do_anonymous_page: anonymous tgid 6279 6324 "pool-5-thread-1" 12e99000
           <...>-6819  [004] ....  1311.313883: do_anonymous_page: anonymous tgid 1332 6819 "Binder:1332_18" 12e86000
           <...>-6324  [004] ....  1311.315941: do_anonymous_page: anonymous tgid 6279 6324 "pool-5-thread-1" 12e9a000
           <...>-6324  [004] ....  1311.316031: do_anonymous_page: anonymous tgid 6279 6324 "pool-5-thread-1" 12e9b000
           <...>-6324  [004] ....  1311.316081: do_anonymous_page: anonymous tgid 6279 6324 "pool-5-thread-1" 12e9c000
           <...>-6324  [004] ....  1311.316096: do_anonymous_page: anonymous tgid 6279 6324 "pool-5-thread-1" 12e9d000
           <...>-6324  [004] ....  1311.316171: do_anonymous_page: anonymous tgid 6279 6324 "pool-5-thread-1" 12e9e000
           <...>-6324  [004] ....  1311.316250: do_anonymous_page: anonymous tgid 6279 6324 "pool-5-thread-1" 12e9f000
           <...>-6324  [004] ....  1311.316316: do_anonymous_page: anonymous tgid 6279 6324 "pool-5-thread-1" 12ea0000
            netd-1029  [004] ....  1311.318111: do_anonymous_page: anonymous tgid 784 1029 "netd" 7fad224000
            netd-1029  [004] ....  1311.318120: do_anonymous_page: anonymous tgid 784 1029 "netd" 7fad223000
 queued-work-loo-6310  [004] ....  1311.320138: do_anonymous_page: anonymous tgid 6279 6310 "queued-work-loo" 12ec0000
 queued-work-loo-6310  [004] ....  1311.320535: do_anonymous_page: anonymous tgid 6279 6310 "queued-work-loo" 7573b000
 queued-work-loo-6310  [004] ....  1311.320541: do_anonymous_page: anonymous tgid 6279 6310 "queued-work-loo" 75329000
 ndroid.systemui-1650  [004] ....  1311.324674: do_anonymous_page: anonymous tgid 1650 1650 "ndroid.systemui" 130f4000
 ndroid.systemui-1650  [004] ....  1311.325043: do_anonymous_page: anonymous tgid 1650 1650 "ndroid.systemui" 130f5000
 ndroid.systemui-1650  [004] ....  1311.326462: do_anonymous_page: anonymous tgid 1650 1650 "ndroid.systemui" 130f6000
 ndroid.systemui-1650  [004] ....  1311.326507: do_anonymous_page: anonymous tgid 1650 1650 "ndroid.systemui" 130f7000
           <...>-5926  [004] ....  1311.327144: do_anonymous_page: anonymous tgid 5906 5926 "HeapTaskDaemon" 7f336f2000
           <...>-5926  [004] ....  1311.327584: do_anonymous_page: anonymous tgid 5906 5926 "HeapTaskDaemon" 7f35405000
           <...>-5926  [004] ....  1311.327591: do_anonymous_page: anonymous tgid 5906 5926 "HeapTaskDaemon" 7f31aff000
           <...>-5926  [004] ....  1311.327598: do_anonymous_page: anonymous tgid 5906 5926 "HeapTaskDaemon" 7f31b02000
           <...>-5926  [004] ....  1311.327601: do_anonymous_page: anonymous tgid 5906 5926 "HeapTaskDaemon" 7f31af9000
           <...>-5926  [004] ....  1311.327621: do_anonymous_page: anonymous tgid 5906 5926 "HeapTaskDaemon" 7f353f5000
           <...>-5926  [004] ....  1311.327624: do_anonymous_page: anonymous tgid 5906 5926 "HeapTaskDaemon" 7f353f6000
           <...>-5926  [004] ....  1311.327637: do_anonymous_page: anonymous tgid 5906 5926 "HeapTaskDaemon" 7f2ea06000
           <...>-5926  [004] ....  1311.327645: do_anonymous_page: anonymous tgid 5906 5926 "HeapTaskDaemon" 7f35404000
           <...>-5926  [004] ....  1311.327651: do_anonymous_page: anonymous tgid 5906 5926 "HeapTaskDaemon" 7f31af2000
           <...>-7377  [004] ....  1311.328070: do_anonymous_page: anonymous tgid 7375 7377 "Binder:7375_2" 7fbd42d000
           <...>-2189  [004] ....  1311.332099: do_anonymous_page: anonymous tgid 1650 2189 "ScreenDecoratio" 1310e000
           <...>-5775  [004] ....  1311.335338: do_anonymous_page: anonymous tgid 1332 5775 "Binder:1332_16" 12e0c000
    Binder:602_3-729   [004] ....  1311.335846: do_anonymous_page: anonymous tgid 602 729 "Binder:602_3" 7fba74a000
    Binder:602_3-729   [004] ....  1311.335851: do_anonymous_page: anonymous tgid 602 729 "Binder:602_3" 7fba748000
    Binder:602_3-729   [004] ....  1311.335858: do_anonymous_page: anonymous tgid 602 729 "Binder:602_3" 7fba749000
           <...>-6819  [004] ....  1311.335964: do_anonymous_page: anonymous tgid 1332 6819 "Binder:1332_18" 12e87000
           <...>-6819  [004] ....  1311.336089: do_anonymous_page: anonymous tgid 1332 6819 "Binder:1332_18" 12e88000
    Binder:602_3-729   [004] ....  1311.336360: do_anonymous_page: anonymous tgid 602 729 "Binder:602_3" 7fba779000
    Binder:602_3-729   [004] ....  1311.336364: do_anonymous_page: anonymous tgid 602 729 "Binder:602_3" 7fba777000
    Binder:602_3-729   [004] ....  1311.336370: do_anonymous_page: anonymous tgid 602 729 "Binder:602_3" 7fba778000
    Binder:602_1-638   [004] ....  1311.337927: do_anonymous_page: anonymous tgid 602 638 "Binder:602_1" 7fba643000
    Binder:602_1-638   [004] ....  1311.337964: do_anonymous_page: anonymous tgid 602 638 "Binder:602_1" 7fba644000
    Binder:602_1-638   [004] ....  1311.337986: do_anonymous_page: anonymous tgid 602 638 "Binder:602_1" 7fba645000
 ndroid.systemui-1650  [004] ....  1311.338409: do_anonymous_page: anonymous tgid 1650 1650 "ndroid.systemui" 130f8000
           <...>-5775  [004] ....  1311.339398: do_anonymous_page: anonymous tgid 1332 5775 "Binder:1332_16" 12e0d000
           <...>-7020  [004] ....  1311.339740: do_anonymous_page: anonymous tgid 1650 7020 "Binder:1650_9" 12e82000
           <...>-2189  [004] ....  1311.341231: do_anonymous_page: anonymous tgid 1650 2189 "ScreenDecoratio" 1310f000
           <...>-2189  [004] ....  1311.342289: do_anonymous_page: anonymous tgid 1650 2189 "ScreenDecoratio" 13110000
    RenderThread-2091  [004] ....  1311.345468: do_anonymous_page: anonymous tgid 1650 2091 "RenderThread" 12fc0000
    RenderThread-2091  [004] ....  1311.345486: do_anonymous_page: anonymous tgid 1650 2091 "RenderThread" 7f3139d000
 ndroid.systemui-1650  [004] ....  1311.347200: do_anonymous_page: anonymous tgid 1650 1650 "ndroid.systemui" 130f9000
  HwBinder:604_2-637   [004] ....  1311.348652: do_anonymous_page: anonymous tgid 604 637 "HwBinder:604_2" 7fb443c000
     AudioOut_15-1447  [004] ....  1311.349850: do_anonymous_page: anonymous tgid 841 1447 "AudioOut_15" 7f38c74000
     AudioOut_15-1447  [004] ....  1311.349858: do_anonymous_page: anonymous tgid 841 1447 "AudioOut_15" 7f38c75000
           <...>-6819  [004] ....  1311.353496: do_anonymous_page: anonymous tgid 1332 6819 "Binder:1332_18" 12e89000
           <...>-7020  [004] ....  1311.354195: do_anonymous_page: anonymous tgid 1650 7020 "Binder:1650_9" 12e83000
   system_server-1332  [004] ....  1311.354803: do_anonymous_page: anonymous tgid 1332 1332 "system_server" 12cc3000
           <...>-6279  [004] ....  1311.355010: do_anonymous_page: anonymous tgid 6279 6279 "com.rovio.baba" 12cd3000
           <...>-7020  [004] ....  1311.355533: do_anonymous_page: anonymous tgid 1650 7020 "Binder:1650_9" 12e84000
           <...>-2189  [004] ....  1311.355694: do_anonymous_page: anonymous tgid 1650 2189 "ScreenDecoratio" 13111000
       UnityMain-6336  [004] ....  1311.356889: do_anonymous_page: anonymous tgid 6279 6336 "UnityMain" 7edcace000
       UnityMain-6336  [004] ....  1311.356895: do_anonymous_page: anonymous tgid 6279 6336 "UnityMain" 7edcacd000
  surfaceflinger-602   [004] ....  1311.359146: do_anonymous_page: anonymous tgid 602 602 "surfaceflinger" 7faa6cc000
  surfaceflinger-602   [004] ....  1311.359156: do_anonymous_page: anonymous tgid 602 602 "surfaceflinger" 7faa6cd000
 PowerManagerSer-1373  [004] ....  1311.360980: do_anonymous_page: anonymous tgid 1332 1373 "PowerManagerSer" 13235000
           <...>-2189  [004] ....  1311.362535: do_anonymous_page: anonymous tgid 1650 2189 "ScreenDecoratio" 13112000
   Binder:1650_B-7378  [004] ....  1311.363011: do_anonymous_page: anonymous tgid 1650 7378 "Binder:1650_A" 7eb9354000
   Binder:1650_B-7378  [004] ....  1311.363482: do_anonymous_page: anonymous tgid 1650 7378 "Binder:1650_B" 13000000
           <...>-5775  [004] ....  1311.364183: do_anonymous_page: anonymous tgid 1332 5775 "Binder:1332_16" 12e0e000
           <...>-7020  [004] ....  1311.365206: do_anonymous_page: anonymous tgid 1650 7020 "Binder:1650_9" 12e85000
   Binder:1650_B-7378  [004] ....  1311.365707: do_anonymous_page: anonymous tgid 1650 7378 "Binder:1650_B" 7fbc064000
   Binder:1650_B-7378  [004] ....  1311.365722: do_anonymous_page: anonymous tgid 1650 7378 "Binder:1650_B" 7eb9353000
     logd.writer-569   [004] ....  1311.366368: do_anonymous_page: anonymous tgid 557 569 "logd.writer" 7fbbe97000
 ndroid.systemui-1650  [004] ....  1311.366511: do_anonymous_page: anonymous tgid 1650 1650 "ndroid.systemui" 130fa000
 ndroid.systemui-1650  [004] ....  1311.366632: do_anonymous_page: anonymous tgid 1650 1650 "ndroid.systemui" 130fb000
 ScionFrontendAp-7379  [004] ....  1311.366871: do_anonymous_page: anonymous tgid 6279 7379 "ScionFrontendAp" 7fbde23000
 ScionFrontendAp-7379  [004] ....  1311.366882: do_anonymous_page: anonymous tgid 6279 7379 "ScionFrontendAp" 7f29a66000
 ScionFrontendAp-7379  [004] ....  1311.366920: do_anonymous_page: anonymous tgid 6279 7379 "ScionFrontendAp" 7f29a67000
 ScionFrontendAp-7379  [004] ....  1311.366932: do_anonymous_page: anonymous tgid 6279 7379 "ScionFrontendAp" 12f00000
 ScionFrontendAp-7379  [004] ....  1311.366960: do_anonymous_page: anonymous tgid 6279 7379 "ScionFrontendAp" 7f29a65000
 ScionFrontendAp-7379  [004] ....  1311.367177: do_anonymous_page: anonymous tgid 6279 7379 "ScionFrontendAp" 7f29a64000
 ScionFrontendAp-7379  [004] ....  1311.367245: do_anonymous_page: anonymous tgid 6279 7379 "ScionFrontendAp" 7f29221000
 ScionFrontendAp-7379  [004] ....  1311.367249: do_anonymous_page: anonymous tgid 6279 7379 "ScionFrontendAp" 7f29220000
 ndroid.systemui-1650  [004] ....  1311.367630: do_anonymous_page: anonymous tgid 1650 1650 "ndroid.systemui" 7ebea15000
 ndroid.systemui-1650  [004] ....  1311.367645: do_anonymous_page: anonymous tgid 1650 1650 "ndroid.systemui" 7ebea85000
