      android.bg-1360  [004] ....  1750.777789: do_anonymous_page: anonymous tgid 1332 1360 "android.bg" 132c0000
           <...>-6923  [004] ....  1750.778542: do_anonymous_page: anonymous tgid 1332 6923 "Binder:1332_1A" 13241000
  surfaceflinger-602   [004] ....  1750.793918: do_anonymous_page: anonymous tgid 602 602 "surfaceflinger" 7faa697000
  surfaceflinger-602   [004] ....  1750.793924: do_anonymous_page: anonymous tgid 602 602 "surfaceflinger" 7faa698000
  surfaceflinger-602   [004] ....  1750.793926: do_anonymous_page: anonymous tgid 602 602 "surfaceflinger" 7faa699000
  surfaceflinger-602   [004] ....  1750.793928: do_anonymous_page: anonymous tgid 602 602 "surfaceflinger" 7faa69a000
  surfaceflinger-602   [004] ....  1750.793929: do_anonymous_page: anonymous tgid 602 602 "surfaceflinger" 7faa69b000
  Binder:1332_10-3835  [004] ....  1750.794654: do_anonymous_page: anonymous tgid 1332 3835 "Binder:1332_10" 12f84000
           <...>-6923  [004] ....  1750.797322: do_anonymous_page: anonymous tgid 1332 6923 "Binder:1332_1A" 7e618c1000
    Binder:602_5-1792  [004] ....  1750.798156: do_anonymous_page: anonymous tgid 602 1792 "Binder:602_5" 7fb797c000
           <...>-6923  [004] ....  1750.798970: do_anonymous_page: anonymous tgid 1332 6923 "Binder:1332_1A" 13242000
           <...>-6923  [004] ....  1750.799415: do_anonymous_page: anonymous tgid 1332 6923 "Binder:1332_1A" 13243000
           <...>-6923  [004] ....  1750.799935: do_anonymous_page: anonymous tgid 1332 6923 "Binder:1332_1A" 13244000
           <...>-6923  [004] ....  1750.800173: do_anonymous_page: anonymous tgid 1332 6923 "Binder:1332_1A" 13245000
           <...>-6923  [004] ....  1750.801128: do_anonymous_page: anonymous tgid 1332 6923 "Binder:1332_1A" 13246000
  HwBinder:604_2-637   [004] ....  1750.802806: do_anonymous_page: anonymous tgid 604 637 "HwBinder:604_2" 7fb5e1f000
  HwBinder:604_2-637   [004] ....  1750.802814: do_anonymous_page: anonymous tgid 604 637 "HwBinder:604_2" 7fb5e20000
  HwBinder:604_2-637   [004] ....  1750.802817: do_anonymous_page: anonymous tgid 604 637 "HwBinder:604_2" 7fb5e21000
           <...>-2480  [004] ....  1750.804414: do_anonymous_page: anonymous tgid 1332 2480 "Binder:1332_C" 7eadcda000
           <...>-6923  [004] ....  1750.804578: do_anonymous_page: anonymous tgid 1332 6923 "Binder:1332_1A" 13247000
           <...>-6923  [004] ....  1750.805281: do_anonymous_page: anonymous tgid 1332 6923 "Binder:1332_1A" 13248000
           <...>-6923  [004] ....  1750.807333: do_anonymous_page: anonymous tgid 1332 6923 "Binder:1332_1A" 13249000
           <...>-6923  [004] ....  1750.807341: do_anonymous_page: anonymous tgid 1332 6923 "Binder:1332_1A" 1324a000
           <...>-6923  [004] ....  1750.807651: do_anonymous_page: anonymous tgid 1332 6923 "Binder:1332_1A" 1324b000
           <...>-6923  [004] ....  1750.807703: do_anonymous_page: anonymous tgid 1332 6923 "Binder:1332_1A" 1324c000
           <...>-6923  [004] ....  1750.807825: do_anonymous_page: anonymous tgid 1332 6923 "Binder:1332_1A" 7f33ef0000
           <...>-6641  [004] ....  1750.809642: do_anonymous_page: anonymous tgid 6516 6641 "Binder:6516_3" 12d05000
           <...>-6425  [004] ....  1750.809892: do_anonymous_page: anonymous tgid 6408 6425 "Binder:6408_1" ef187000
           <...>-6046  [004] ....  1750.810019: do_anonymous_page: anonymous tgid 6015 6046 "Binder:6015_4" 12c45000
           <...>-6236  [004] ....  1750.810125: do_anonymous_page: anonymous tgid 5950 6236 "Binder:5950_4" 12fc7000
           <...>-6708  [004] ....  1750.810345: do_anonymous_page: anonymous tgid 5829 6708 "Binder:5829_4" 12d82000
           <...>-3534  [004] ....  1750.811019: do_anonymous_page: anonymous tgid 3515 3534 "Binder:3515_3" 12e05000
           <...>-3431  [004] ....  1750.811101: do_anonymous_page: anonymous tgid 3364 3431 "Binder:3364_3" 12d06000
           <...>-3324  [004] ....  1750.811344: do_anonymous_page: anonymous tgid 2920 3324 "Binder:2920_4" 7f33eef000
           <...>-2468  [004] ....  1750.812276: do_anonymous_page: anonymous tgid 2439 2468 "Binder:2439_2" 12c48000
           <...>-2380  [004] ....  1750.812597: do_anonymous_page: anonymous tgid 2248 2380 "Binder:2248_3" 7f33eef000
           <...>-1870  [004] ....  1750.813039: do_anonymous_page: anonymous tgid 1840 1870 "Binder:1840_3" 12c49000
           <...>-1846  [004] ....  1750.813122: do_anonymous_page: anonymous tgid 1817 1846 "Binder:1817_1" 12e47000
   system_server-1332  [004] ....  1750.813420: do_anonymous_page: anonymous tgid 1332 1332 "system_server" 12e82000
           <...>-2217  [004] ....  1750.813724: do_anonymous_page: anonymous tgid 1650 2217 "Binder:1650_7" 7f30b7b000
           <...>-6408  [004] ....  1750.813978: do_anonymous_page: anonymous tgid 6408 6408 "ProcessService0" 12c80000
           <...>-3515  [004] ....  1750.814727: do_anonymous_page: anonymous tgid 3515 3515 "ding:background" 12ccb000
           <...>-2920  [004] ....  1750.814937: do_anonymous_page: anonymous tgid 2920 2920 "android.vending" 12c80000
           <...>-2681  [004] ....  1750.815038: do_anonymous_page: anonymous tgid 2681 2681 ".qcrilmsgtunnel" 12c8a000
           <...>-2402  [004] ....  1750.815392: do_anonymous_page: anonymous tgid 2402 2402 "ocess.gservices" 12c86000
           <...>-2262  [004] ....  1750.815461: do_anonymous_page: anonymous tgid 2262 2262 "d.process.acore" 12c8b000
           <...>-2248  [004] ....  1750.815529: do_anonymous_page: anonymous tgid 2248 2248 ".gms.persistent" 12d40000
           <...>-1857  [004] ....  1750.815682: do_anonymous_page: anonymous tgid 1857 1857 "m.android.phone" 1352b000
           <...>-2457  [004] ....  1750.815988: do_anonymous_page: anonymous tgid 1332 2457 "Binder:1332_A" 7e5ebd2000
           <...>-2457  [004] ....  1750.815994: do_anonymous_page: anonymous tgid 1332 2457 "Binder:1332_A" 7e5ebd1000
           <...>-6707  [004] ....  1750.816219: do_anonymous_page: anonymous tgid 1332 6707 "Binder:1332_17" 7f236bf000
           <...>-6707  [004] ....  1750.816233: do_anonymous_page: anonymous tgid 1332 6707 "Binder:1332_17" 13300000
           <...>-1350  [004] ....  1750.816288: do_anonymous_page: anonymous tgid 1332 1350 "Binder:1332_2" 7f315b7000
           <...>-1350  [004] ....  1750.816297: do_anonymous_page: anonymous tgid 1332 1350 "Binder:1332_2" 13340000
           <...>-5775  [004] ....  1750.816370: do_anonymous_page: anonymous tgid 1332 5775 "Binder:1332_16" 7f236c3000
           <...>-5775  [004] ....  1750.816380: do_anonymous_page: anonymous tgid 1332 5775 "Binder:1332_16" 13380000
           <...>-2004  [004] ....  1750.816441: do_anonymous_page: anonymous tgid 1332 2004 "Binder:1332_9" 7f2ed03000
           <...>-2004  [004] ....  1750.816453: do_anonymous_page: anonymous tgid 1332 2004 "Binder:1332_9" 133c0000
           <...>-6819  [004] ....  1750.816513: do_anonymous_page: anonymous tgid 1332 6819 "Binder:1332_18" 7f21074000
           <...>-6819  [004] ....  1750.816522: do_anonymous_page: anonymous tgid 1332 6819 "Binder:1332_18" 13400000
           <...>-5186  [004] ....  1750.816579: do_anonymous_page: anonymous tgid 1332 5186 "Binder:1332_13" 7f210e8000
           <...>-5186  [004] ....  1750.816588: do_anonymous_page: anonymous tgid 1332 5186 "Binder:1332_13" 13440000
           <...>-1912  [004] ....  1750.816644: do_anonymous_page: anonymous tgid 1332 1912 "Binder:1332_8" 7f3107f000
           <...>-1912  [004] ....  1750.816654: do_anonymous_page: anonymous tgid 1332 1912 "Binder:1332_8" 13480000
           <...>-5052  [004] ....  1750.816710: do_anonymous_page: anonymous tgid 1332 5052 "Binder:1332_12" 7f2116d000
           <...>-5052  [004] ....  1750.816719: do_anonymous_page: anonymous tgid 1332 5052 "Binder:1332_12" 134c0000
           <...>-3958  [004] ....  1750.816778: do_anonymous_page: anonymous tgid 1332 3958 "Binder:1332_11" 7f20de5000
           <...>-3958  [004] ....  1750.816788: do_anonymous_page: anonymous tgid 1332 3958 "Binder:1332_11" 13500000
           <...>-5587  [004] ....  1750.816841: do_anonymous_page: anonymous tgid 1332 5587 "Binder:1332_15" 7f236c5000
           <...>-5587  [004] ....  1750.816850: do_anonymous_page: anonymous tgid 1332 5587 "Binder:1332_15" 13540000
           <...>-7491  [004] ....  1750.816903: do_anonymous_page: anonymous tgid 1332 7491 "Binder:1332_1F" 7f20fa6000
           <...>-7491  [004] ....  1750.816914: do_anonymous_page: anonymous tgid 1332 7491 "Binder:1332_1F" 13580000
           <...>-1666  [004] ....  1750.816969: do_anonymous_page: anonymous tgid 1332 1666 "Binder:1332_5" 7f233e2000
           <...>-1666  [004] ....  1750.816978: do_anonymous_page: anonymous tgid 1332 1666 "Binder:1332_5" 135c0000
           <...>-1641  [004] ....  1750.817040: do_anonymous_page: anonymous tgid 1332 1641 "Binder:1332_4" 7f235b8000
           <...>-1641  [004] ....  1750.817049: do_anonymous_page: anonymous tgid 1332 1641 "Binder:1332_4" 13600000
           <...>-1511  [004] ....  1750.817105: do_anonymous_page: anonymous tgid 1332 1511 "Binder:1332_3" 7f2afeb000
           <...>-1511  [004] ....  1750.817114: do_anonymous_page: anonymous tgid 1332 1511 "Binder:1332_3" 13640000
           <...>-3805  [004] ....  1750.817168: do_anonymous_page: anonymous tgid 1332 3805 "Binder:1332_F" 7f20fa2000
           <...>-3805  [004] ....  1750.817178: do_anonymous_page: anonymous tgid 1332 3805 "Binder:1332_F" 13680000
  Binder:1332_1D-7183  [004] ....  1750.817230: do_anonymous_page: anonymous tgid 1332 7183 "Binder:1332_1D" 7f20faa000
  Binder:1332_1D-7183  [004] ....  1750.817240: do_anonymous_page: anonymous tgid 1332 7183 "Binder:1332_1D" 136c0000
           <...>-2466  [004] ....  1750.817295: do_anonymous_page: anonymous tgid 1332 2466 "Binder:1332_B" 7f232d0000
           <...>-2466  [004] ....  1750.817305: do_anonymous_page: anonymous tgid 1332 2466 "Binder:1332_B" 13700000
           <...>-7259  [004] ....  1750.817357: do_anonymous_page: anonymous tgid 1332 7259 "Binder:1332_1E" 7f20fa8000
           <...>-7259  [004] ....  1750.817368: do_anonymous_page: anonymous tgid 1332 7259 "Binder:1332_1E" 13740000
           <...>-1909  [004] ....  1750.817423: do_anonymous_page: anonymous tgid 1332 1909 "Binder:1332_7" 7f31181000
           <...>-1909  [004] ....  1750.817432: do_anonymous_page: anonymous tgid 1332 1909 "Binder:1332_7" 13780000
           <...>-5272  [004] ....  1750.817485: do_anonymous_page: anonymous tgid 1332 5272 "Binder:1332_14" 7f210e6000
           <...>-5272  [004] ....  1750.817499: do_anonymous_page: anonymous tgid 1332 5272 "Binder:1332_14" 137c0000
           <...>-2481  [004] ....  1750.817554: do_anonymous_page: anonymous tgid 1332 2481 "Binder:1332_D" 7f21021000
           <...>-2481  [004] ....  1750.817563: do_anonymous_page: anonymous tgid 1332 2481 "Binder:1332_D" 13a40000
           <...>-1349  [004] ....  1750.817615: do_anonymous_page: anonymous tgid 1332 1349 "Binder:1332_1" 7f315b9000
           <...>-1349  [004] ....  1750.817627: do_anonymous_page: anonymous tgid 1332 1349 "Binder:1332_1" 13a80000
           <...>-3778  [004] ....  1750.817676: do_anonymous_page: anonymous tgid 1332 3778 "Binder:1332_E" 7f20fa4000
           <...>-3778  [004] ....  1750.817686: do_anonymous_page: anonymous tgid 1332 3778 "Binder:1332_E" 13ac0000
           <...>-1678  [004] ....  1750.817736: do_anonymous_page: anonymous tgid 1332 1678 "Binder:1332_6" 7f232cc000
           <...>-1678  [004] ....  1750.817745: do_anonymous_page: anonymous tgid 1332 1678 "Binder:1332_6" 13b00000
           <...>-5293  [004] ....  1750.818773: do_anonymous_page: anonymous tgid 5293 5293 "id.gms.unstable" 12c86000
           <...>-4161  [004] ....  1750.818821: do_anonymous_page: anonymous tgid 4161 4161 "id.partnersetup" 12c91000
           <...>-2458  [004] ....  1750.819850: do_anonymous_page: anonymous tgid 2458 2458 "com.android.se" 12c8a000
           <...>-2507  [004] ....  1750.820016: do_anonymous_page: anonymous tgid 2507 2507 "android.smspush" 12c8a000
           <...>-5545  [004] ....  1750.820366: do_anonymous_page: anonymous tgid 5545 5545 "ndroid.keychain" 12cca000
           <...>-6298  [004] ....  1750.823765: do_anonymous_page: anonymous tgid 6279 6298 "Binder:6279_3" 7f346f0000
           <...>-3184  [004] ....  1750.824747: do_anonymous_page: anonymous tgid 3184 3184 "e.process.gapps" 12c87000
           <...>-2567  [004] ....  1750.825914: do_anonymous_page: anonymous tgid 2567 2567 "gle.android.gms" 12c88000
           <...>-2248  [004] ....  1750.830334: do_anonymous_page: anonymous tgid 2248 2248 ".gms.persistent" 12d41000
           <...>-2248  [004] ....  1750.830393: do_anonymous_page: anonymous tgid 2248 2248 ".gms.persistent" 12d42000
           <...>-2248  [004] ....  1750.830463: do_anonymous_page: anonymous tgid 2248 2248 ".gms.persistent" 12d43000
           <...>-2248  [004] ....  1750.830507: do_anonymous_page: anonymous tgid 2248 2248 ".gms.persistent" 12d44000
           <...>-2248  [004] ....  1750.830545: do_anonymous_page: anonymous tgid 2248 2248 ".gms.persistent" 12d45000
           <...>-2248  [004] ....  1750.830597: do_anonymous_page: anonymous tgid 2248 2248 ".gms.persistent" 12d46000
           <...>-2248  [004] ....  1750.830637: do_anonymous_page: anonymous tgid 2248 2248 ".gms.persistent" 12d47000
           <...>-2248  [004] ....  1750.830690: do_anonymous_page: anonymous tgid 2248 2248 ".gms.persistent" 12d48000
           <...>-1817  [004] ....  1750.833733: do_anonymous_page: anonymous tgid 1817 1817 "qtidataservices" 12ca4000
           <...>-5906  [004] ....  1750.835023: do_anonymous_page: anonymous tgid 5906 5906 "roid.smartboard" 12ce0000
           <...>-5906  [004] ....  1750.835383: do_anonymous_page: anonymous tgid 5906 5906 "roid.smartboard" 71437000
           <...>-5906  [004] ....  1750.835443: do_anonymous_page: anonymous tgid 5906 5906 "roid.smartboard" 7f28fc1000
           <...>-5906  [004] ....  1750.835509: do_anonymous_page: anonymous tgid 5906 5906 "roid.smartboard" 12ce1000
           <...>-5906  [004] ....  1750.835644: do_anonymous_page: anonymous tgid 5906 5906 "roid.smartboard" 7f28afe000
           <...>-5906  [004] ....  1750.835773: do_anonymous_page: anonymous tgid 5906 5906 "roid.smartboard" 12ce2000
           <...>-5906  [004] ....  1750.835802: do_anonymous_page: anonymous tgid 5906 5906 "roid.smartboard" 12ce3000
           <...>-5906  [004] ....  1750.835806: do_anonymous_page: anonymous tgid 5906 5906 "roid.smartboard" 12ce4000
           <...>-5906  [004] ....  1750.835815: do_anonymous_page: anonymous tgid 5906 5906 "roid.smartboard" 71438000
           <...>-5906  [004] ....  1750.835847: do_anonymous_page: anonymous tgid 5906 5906 "roid.smartboard" 12ce5000
           <...>-5906  [004] ....  1750.835875: do_anonymous_page: anonymous tgid 5906 5906 "roid.smartboard" 71439000
           <...>-5906  [004] ....  1750.835923: do_anonymous_page: anonymous tgid 5906 5906 "roid.smartboard" 7f28aff000
           <...>-5906  [004] ....  1750.835951: do_anonymous_page: anonymous tgid 5906 5906 "roid.smartboard" 12ce6000
           <...>-5906  [004] ....  1750.836006: do_anonymous_page: anonymous tgid 5906 5906 "roid.smartboard" 12ce7000
           <...>-5906  [004] ....  1750.836054: do_anonymous_page: anonymous tgid 5906 5906 "roid.smartboard" 7f28b00000
           <...>-5906  [004] ....  1750.836079: do_anonymous_page: anonymous tgid 5906 5906 "roid.smartboard" 12ce8000
           <...>-5906  [004] ....  1750.836143: do_anonymous_page: anonymous tgid 5906 5906 "roid.smartboard" 12ce9000
           <...>-3364  [004] ....  1750.837526: do_anonymous_page: anonymous tgid 3364 3364 "d.process.media" 12c4b000
           <...>-1650  [004] ....  1750.846597: do_anonymous_page: anonymous tgid 1650 1650 "ndroid.systemui" 1332b000
           <...>-6923  [004] ....  1750.849282: do_anonymous_page: anonymous tgid 1332 6923 "Binder:1332_1A" 1324d000
           <...>-6923  [004] ....  1750.850039: do_anonymous_page: anonymous tgid 1332 6923 "Binder:1332_1A" 7e71bf9000
           <...>-6923  [004] ....  1750.850116: do_anonymous_page: anonymous tgid 1332 6923 "Binder:1332_1A" 7f2d65f000
           <...>-6923  [004] ....  1750.850123: do_anonymous_page: anonymous tgid 1332 6923 "Binder:1332_1A" 7f2d660000
           <...>-6923  [004] ....  1750.850135: do_anonymous_page: anonymous tgid 1332 6923 "Binder:1332_1A" 7eadee9000
           <...>-2580  [004] ....  1750.850711: do_anonymous_page: anonymous tgid 1976 2580 "Binder:1976_5" 12f41000
           <...>-7378  [004] ....  1750.851138: do_anonymous_page: anonymous tgid 1650 7378 "Binder:1650_B" 12e81000
           <...>-2014  [004] ....  1750.851895: do_anonymous_page: anonymous tgid 1650 2014 "Binder:1650_4" 12d01000
           <...>-6923  [004] ....  1750.852070: do_anonymous_page: anonymous tgid 1332 6923 "Binder:1332_1A" 1324e000
           <...>-2431  [004] ....  1750.852828: do_anonymous_page: anonymous tgid 1650 2431 "Binder:1650_8" 12c41000
           <...>-2217  [004] ....  1750.852943: do_anonymous_page: anonymous tgid 1650 2217 "Binder:1650_7" 133c1000
           <...>-1366  [004] ....  1750.853749: do_anonymous_page: anonymous tgid 1332 1366 "OomAdjuster" 13b40000
           <...>-2189  [004] ....  1750.859031: do_anonymous_page: anonymous tgid 1650 2189 "ScreenDecoratio" 13349000
           <...>-1352  [004] ....  1750.859599: do_anonymous_page: anonymous tgid 1332 1352 "android.ui" 12fc1000
           <...>-2380  [004] ....  1750.860080: do_anonymous_page: anonymous tgid 2248 2380 "Binder:2248_3" 12c41000
           <...>-6846  [004] ....  1750.860122: do_anonymous_page: anonymous tgid 2248 6846 "GoogleLocationS" 12dc0000
           <...>-2014  [004] ....  1750.865283: do_anonymous_page: anonymous tgid 1650 2014 "Binder:1650_4" 12d02000
           <...>-7378  [004] ....  1750.866371: do_anonymous_page: anonymous tgid 1650 7378 "Binder:1650_B" 12e82000
           <...>-1976  [004] ....  1750.867262: do_anonymous_page: anonymous tgid 1976 1976 "droid.launcher3" 12e93000
 tworkPolicy.uid-1471  [004] ....  1750.867956: do_anonymous_page: anonymous tgid 1332 1471 "tworkPolicy.uid" 13b80000
   Binder:2248_1-2273  [004] ....  1750.868399: do_anonymous_page: anonymous tgid 2248 2273 "Binder:2248_1" 7f315f2000
   Binder:2248_1-2273  [004] ....  1750.868421: do_anonymous_page: anonymous tgid 2248 2273 "Binder:2248_1" 12e40000
    Binder:602_5-1792  [004] ....  1750.870411: do_anonymous_page: anonymous tgid 602 1792 "Binder:602_5" 7faa68c000
    Binder:602_5-1792  [004] ....  1750.870460: do_anonymous_page: anonymous tgid 602 1792 "Binder:602_5" 7faa68d000
  com.rovio.baba-6279  [004] ....  1750.872923: do_anonymous_page: anonymous tgid 6279 6279 "com.rovio.baba" 12c84000
  com.rovio.baba-6279  [004] ....  1750.873075: do_anonymous_page: anonymous tgid 6279 6279 "com.rovio.baba" 12c85000
  com.rovio.baba-6279  [004] ....  1750.875149: do_anonymous_page: anonymous tgid 6279 6279 "com.rovio.baba" 12c86000
           <...>-1976  [004] ....  1750.881564: do_anonymous_page: anonymous tgid 1976 1976 "droid.launcher3" 12e94000
    RenderThread-2537  [004] ....  1750.881805: do_anonymous_page: anonymous tgid 1976 2537 "RenderThread" 7f3151b000
  UiThreadHelper-2005  [004] ....  1750.882607: do_anonymous_page: anonymous tgid 1976 2005 "UiThreadHelper" 12c44000
  com.rovio.baba-6279  [004] ....  1750.883368: do_anonymous_page: anonymous tgid 6279 6279 "com.rovio.baba" 7f29a69000
  com.rovio.baba-6279  [004] ....  1750.883375: do_anonymous_page: anonymous tgid 6279 6279 "com.rovio.baba" 7f29a68000
  com.rovio.baba-6279  [004] ....  1750.885218: do_anonymous_page: anonymous tgid 6279 6279 "com.rovio.baba" 12c87000
  com.rovio.baba-6279  [004] ....  1750.885284: do_anonymous_page: anonymous tgid 6279 6279 "com.rovio.baba" 12c88000
  com.rovio.baba-6279  [004] ....  1750.885302: do_anonymous_page: anonymous tgid 6279 6279 "com.rovio.baba" 12c89000
  com.rovio.baba-6279  [004] ....  1750.885316: do_anonymous_page: anonymous tgid 6279 6279 "com.rovio.baba" 12c8a000
 pool-3-thread-1-6326  [004] ....  1750.885596: do_anonymous_page: anonymous tgid 6279 6326 "pool-3-thread-1" 12dc0000
 pool-3-thread-1-6326  [004] ....  1750.885661: do_anonymous_page: anonymous tgid 6279 6326 "pool-3-thread-1" 12dc1000
 pool-3-thread-1-6326  [004] ....  1750.885790: do_anonymous_page: anonymous tgid 6279 6326 "pool-3-thread-1" 12dc2000
 pool-3-thread-1-6326  [004] ....  1750.885812: do_anonymous_page: anonymous tgid 6279 6326 "pool-3-thread-1" 12dc3000
 pool-3-thread-1-6326  [004] ....  1750.885834: do_anonymous_page: anonymous tgid 6279 6326 "pool-3-thread-1" 12dc4000
 pool-3-thread-1-6326  [004] ....  1750.885854: do_anonymous_page: anonymous tgid 6279 6326 "pool-3-thread-1" 12dc5000
 pool-3-thread-1-6326  [004] ....  1750.885871: do_anonymous_page: anonymous tgid 6279 6326 "pool-3-thread-1" 12dc6000
 pool-3-thread-1-6326  [004] ....  1750.885912: do_anonymous_page: anonymous tgid 6279 6326 "pool-3-thread-1" 12dc7000
 pool-3-thread-1-6326  [004] ....  1750.885935: do_anonymous_page: anonymous tgid 6279 6326 "pool-3-thread-1" 12dc8000
 pool-3-thread-1-6326  [004] ....  1750.885980: do_anonymous_page: anonymous tgid 6279 6326 "pool-3-thread-1" 12dc9000
 pool-3-thread-1-6326  [004] ....  1750.886000: do_anonymous_page: anonymous tgid 6279 6326 "pool-3-thread-1" 12dca000
 pool-3-thread-1-6326  [004] ....  1750.886017: do_anonymous_page: anonymous tgid 6279 6326 "pool-3-thread-1" 12dcb000
 pool-3-thread-1-6326  [004] ....  1750.886037: do_anonymous_page: anonymous tgid 6279 6326 "pool-3-thread-1" 12dcc000
 pool-3-thread-1-6326  [004] ....  1750.886058: do_anonymous_page: anonymous tgid 6279 6326 "pool-3-thread-1" 12dcd000
 pool-3-thread-1-6326  [004] ....  1750.886096: do_anonymous_page: anonymous tgid 6279 6326 "pool-3-thread-1" 12dce000
 pool-3-thread-1-6326  [004] ....  1750.886112: do_anonymous_page: anonymous tgid 6279 6326 "pool-3-thread-1" 12dcf000
 GoogleApiHandle-6400  [004] ....  1750.886167: do_anonymous_page: anonymous tgid 6279 6400 "GoogleApiHandle" 12e00000
 GoogleApiHandle-6620  [004] ....  1750.886200: do_anonymous_page: anonymous tgid 6279 6620 "GoogleApiHandle" 12e40000
 pool-5-thread-1-6324  [004] ....  1750.886255: do_anonymous_page: anonymous tgid 6279 6324 "pool-5-thread-1" 12e80000
  Binder:1332_1D-7183  [004] ....  1750.888234: do_anonymous_page: anonymous tgid 1332 7183 "Binder:1332_1D" 136c1000
  com.rovio.baba-6279  [004] ....  1750.889579: do_anonymous_page: anonymous tgid 6279 6279 "com.rovio.baba" 12c8b000
  com.rovio.baba-6279  [004] ....  1750.889790: do_anonymous_page: anonymous tgid 6279 6279 "com.rovio.baba" 12c8c000
  com.rovio.baba-6279  [004] ....  1750.890635: do_anonymous_page: anonymous tgid 6279 6279 "com.rovio.baba" 12c8d000
 pool-5-thread-1-6324  [004] ....  1750.892812: do_anonymous_page: anonymous tgid 6279 6324 "pool-5-thread-1" 12e81000
  com.rovio.baba-6279  [004] ....  1750.893025: do_anonymous_page: anonymous tgid 6279 6279 "com.rovio.baba" 7eb5524000
  com.rovio.baba-6279  [004] ....  1750.893062: do_anonymous_page: anonymous tgid 6279 6279 "com.rovio.baba" 7eb52cb000
  com.rovio.baba-6279  [004] ....  1750.893064: do_anonymous_page: anonymous tgid 6279 6279 "com.rovio.baba" 7eb52d1000
  com.rovio.baba-6279  [004] ....  1750.893067: do_anonymous_page: anonymous tgid 6279 6279 "com.rovio.baba" 7eb52d0000
  com.rovio.baba-6279  [004] ....  1750.893070: do_anonymous_page: anonymous tgid 6279 6279 "com.rovio.baba" 7eb52cf000
  com.rovio.baba-6279  [004] ....  1750.893072: do_anonymous_page: anonymous tgid 6279 6279 "com.rovio.baba" 7eb52ce000
  com.rovio.baba-6279  [004] ....  1750.893074: do_anonymous_page: anonymous tgid 6279 6279 "com.rovio.baba" 7eb52cd000
  com.rovio.baba-6279  [004] ....  1750.893076: do_anonymous_page: anonymous tgid 6279 6279 "com.rovio.baba" 7eb52cc000
  com.rovio.baba-6279  [004] ....  1750.893097: do_anonymous_page: anonymous tgid 6279 6279 "com.rovio.baba" 7ecad20000
  com.rovio.baba-6279  [004] ....  1750.893100: do_anonymous_page: anonymous tgid 6279 6279 "com.rovio.baba" 7ecad92000
  com.rovio.baba-6279  [004] ....  1750.893111: do_anonymous_page: anonymous tgid 6279 6279 "com.rovio.baba" 7eb52d2000
  com.rovio.baba-6279  [004] ....  1750.893113: do_anonymous_page: anonymous tgid 6279 6279 "com.rovio.baba" 7eb52d8000
  com.rovio.baba-6279  [004] ....  1750.893115: do_anonymous_page: anonymous tgid 6279 6279 "com.rovio.baba" 7eb52d7000
  com.rovio.baba-6279  [004] ....  1750.893118: do_anonymous_page: anonymous tgid 6279 6279 "com.rovio.baba" 7eb52d6000
  com.rovio.baba-6279  [004] ....  1750.893120: do_anonymous_page: anonymous tgid 6279 6279 "com.rovio.baba" 7eb52d5000
  com.rovio.baba-6279  [004] ....  1750.893122: do_anonymous_page: anonymous tgid 6279 6279 "com.rovio.baba" 7eb52d4000
  com.rovio.baba-6279  [004] ....  1750.893124: do_anonymous_page: anonymous tgid 6279 6279 "com.rovio.baba" 7eb52d3000
  com.rovio.baba-6279  [004] ....  1750.893131: do_anonymous_page: anonymous tgid 6279 6279 "com.rovio.baba" 7ecad98000
  com.rovio.baba-6279  [004] ....  1750.893138: do_anonymous_page: anonymous tgid 6279 6279 "com.rovio.baba" 7eb535c000
  com.rovio.baba-6279  [004] ....  1750.893140: do_anonymous_page: anonymous tgid 6279 6279 "com.rovio.baba" 7eb5361000
  com.rovio.baba-6279  [004] ....  1750.893142: do_anonymous_page: anonymous tgid 6279 6279 "com.rovio.baba" 7eb5360000
  com.rovio.baba-6279  [004] ....  1750.893144: do_anonymous_page: anonymous tgid 6279 6279 "com.rovio.baba" 7eb535f000
  com.rovio.baba-6279  [004] ....  1750.893147: do_anonymous_page: anonymous tgid 6279 6279 "com.rovio.baba" 7eb535e000
  com.rovio.baba-6279  [004] ....  1750.893154: do_anonymous_page: anonymous tgid 6279 6279 "com.rovio.baba" 7ecad21000
  com.rovio.baba-6279  [004] ....  1750.893156: do_anonymous_page: anonymous tgid 6279 6279 "com.rovio.baba" 7ecad99000
  com.rovio.baba-6279  [004] ....  1750.893163: do_anonymous_page: anonymous tgid 6279 6279 "com.rovio.baba" 7eb536f000
  com.rovio.baba-6279  [004] ....  1750.893165: do_anonymous_page: anonymous tgid 6279 6279 "com.rovio.baba" 7eb5375000
  com.rovio.baba-6279  [004] ....  1750.893167: do_anonymous_page: anonymous tgid 6279 6279 "com.rovio.baba" 7eb5374000
  com.rovio.baba-6279  [004] ....  1750.893170: do_anonymous_page: anonymous tgid 6279 6279 "com.rovio.baba" 7eb5373000
  com.rovio.baba-6279  [004] ....  1750.893172: do_anonymous_page: anonymous tgid 6279 6279 "com.rovio.baba" 7eb5372000
  com.rovio.baba-6279  [004] ....  1750.893174: do_anonymous_page: anonymous tgid 6279 6279 "com.rovio.baba" 7eb5371000
  com.rovio.baba-6279  [004] ....  1750.893176: do_anonymous_page: anonymous tgid 6279 6279 "com.rovio.baba" 7eb5370000
  com.rovio.baba-6279  [004] ....  1750.893957: do_anonymous_page: anonymous tgid 6279 6279 "com.rovio.baba" 7ecad9a000
 ActivityManager-1361  [004] ....  1750.894335: do_anonymous_page: anonymous tgid 1332 1361 "ActivityManager" 12ec3000
      android.io-1353  [004] ....  1750.894693: do_anonymous_page: anonymous tgid 1332 1353 "android.io" 13bc0000
      android.io-1353  [004] ....  1750.895426: do_anonymous_page: anonymous tgid 1332 1353 "android.io" 13bc1000
      android.io-1353  [004] ....  1750.895456: do_anonymous_page: anonymous tgid 1332 1353 "android.io" 13bc2000
      android.io-1353  [004] ....  1750.895479: do_anonymous_page: anonymous tgid 1332 1353 "android.io" 13bc3000
      android.io-1353  [004] ....  1750.895499: do_anonymous_page: anonymous tgid 1332 1353 "android.io" 13bc4000
      android.io-1353  [004] ....  1750.895517: do_anonymous_page: anonymous tgid 1332 1353 "android.io" 13bc5000
      android.io-1353  [004] ....  1750.895542: do_anonymous_page: anonymous tgid 1332 1353 "android.io" 13bc6000
 VolumeDialogCon-1975  [004] ....  1750.895888: do_anonymous_page: anonymous tgid 1650 1975 "VolumeDialogCon" 12ec0000
    Binder:602_5-1792  [004] ....  1750.896548: do_anonymous_page: anonymous tgid 602 1792 "Binder:602_5" 7faa681000
    Binder:602_5-1792  [004] ....  1750.896552: do_anonymous_page: anonymous tgid 602 1792 "Binder:602_5" 7faa67f000
    Binder:602_5-1792  [004] ....  1750.896559: do_anonymous_page: anonymous tgid 602 1792 "Binder:602_5" 7faa680000
    Binder:602_5-1792  [004] ....  1750.896574: do_anonymous_page: anonymous tgid 602 1792 "Binder:602_5" 7faa68e000
    Binder:602_4-1595  [004] ....  1750.896724: do_anonymous_page: anonymous tgid 602 1595 "Binder:602_4" 7fba741000
    Binder:602_4-1595  [004] ....  1750.896729: do_anonymous_page: anonymous tgid 602 1595 "Binder:602_4" 7fba73f000
    Binder:602_4-1595  [004] ....  1750.896739: do_anonymous_page: anonymous tgid 602 1595 "Binder:602_4" 7fba740000
  com.rovio.baba-6279  [004] ....  1750.896814: do_anonymous_page: anonymous tgid 6279 6279 "com.rovio.baba" 12c8e000
  com.rovio.baba-6279  [004] ....  1750.896929: do_anonymous_page: anonymous tgid 6279 6279 "com.rovio.baba" 7ecadbd000
 pool-3-thread-1-6326  [004] ....  1750.897397: do_anonymous_page: anonymous tgid 6279 6326 "pool-3-thread-1" 12dd0000
 pool-3-thread-1-6326  [004] ....  1750.897529: do_anonymous_page: anonymous tgid 6279 6326 "pool-3-thread-1" 12dd1000
 pool-3-thread-1-6326  [004] ....  1750.897617: do_anonymous_page: anonymous tgid 6279 6326 "pool-3-thread-1" 12dd2000
 pool-3-thread-1-6326  [004] ....  1750.897640: do_anonymous_page: anonymous tgid 6279 6326 "pool-3-thread-1" 12dd3000
 pool-3-thread-1-6326  [004] ....  1750.897658: do_anonymous_page: anonymous tgid 6279 6326 "pool-3-thread-1" 12dd4000
 pool-3-thread-1-6326  [004] ....  1750.897681: do_anonymous_page: anonymous tgid 6279 6326 "pool-3-thread-1" 12dd5000
 pool-3-thread-1-6326  [004] ....  1750.897699: do_anonymous_page: anonymous tgid 6279 6326 "pool-3-thread-1" 12dd6000
 pool-3-thread-1-6326  [004] ....  1750.897731: do_anonymous_page: anonymous tgid 6279 6326 "pool-3-thread-1" 12dd7000
 pool-3-thread-1-6326  [004] ....  1750.897758: do_anonymous_page: anonymous tgid 6279 6326 "pool-3-thread-1" 12dd8000
 pool-3-thread-1-6326  [004] ....  1750.897784: do_anonymous_page: anonymous tgid 6279 6326 "pool-3-thread-1" 12dd9000
 pool-3-thread-1-6326  [004] ....  1750.897820: do_anonymous_page: anonymous tgid 6279 6326 "pool-3-thread-1" 12dda000
 pool-3-thread-1-6326  [004] ....  1750.897840: do_anonymous_page: anonymous tgid 6279 6326 "pool-3-thread-1" 12ddb000
 pool-3-thread-1-6326  [004] ....  1750.897857: do_anonymous_page: anonymous tgid 6279 6326 "pool-3-thread-1" 12ddc000
 pool-3-thread-1-6326  [004] ....  1750.897879: do_anonymous_page: anonymous tgid 6279 6326 "pool-3-thread-1" 12ddd000
 pool-3-thread-1-6326  [004] ....  1750.897897: do_anonymous_page: anonymous tgid 6279 6326 "pool-3-thread-1" 12dde000
 pool-3-thread-1-6326  [004] ....  1750.897940: do_anonymous_page: anonymous tgid 6279 6326 "pool-3-thread-1" 12ddf000
 pool-3-thread-1-6326  [004] ....  1750.897955: do_anonymous_page: anonymous tgid 6279 6326 "pool-3-thread-1" 12de0000
  Binder:1332_10-3835  [004] ....  1750.898237: do_anonymous_page: anonymous tgid 1332 3835 "Binder:1332_10" 12f85000
 pool-5-thread-1-6324  [004] ....  1750.898368: do_anonymous_page: anonymous tgid 6279 6324 "pool-5-thread-1" 12e82000
 pool-5-thread-1-6324  [004] ....  1750.898400: do_anonymous_page: anonymous tgid 6279 6324 "pool-5-thread-1" 12e83000
           <...>-2189  [004] ....  1750.898541: do_anonymous_page: anonymous tgid 1650 2189 "ScreenDecoratio" 1334a000
    android.anim-1355  [004] ....  1750.900079: do_anonymous_page: anonymous tgid 1332 1355 "android.anim" 13001000
           <...>-6298  [004] ....  1750.900457: do_anonymous_page: anonymous tgid 6279 6298 "Binder:6279_3" 12d81000
    Binder:602_1-638   [004] ....  1750.900694: do_anonymous_page: anonymous tgid 602 638 "Binder:602_1" 7fba60b000
     InputReader-1453  [004] ....  1750.907945: do_anonymous_page: anonymous tgid 1332 1453 "InputReader" 13c00000
     InputReader-1453  [004] ....  1750.907968: do_anonymous_page: anonymous tgid 1332 1453 "InputReader" 7f30aa2000
     InputReader-1453  [004] ....  1750.908137: do_anonymous_page: anonymous tgid 1332 1453 "InputReader" 13c01000
     logd.writer-569   [004] ....  1750.910217: do_anonymous_page: anonymous tgid 557 569 "logd.writer" 7fb41a8000
     logd.writer-569   [004] ....  1750.910426: do_anonymous_page: anonymous tgid 557 569 "logd.writer" 7fb41a9000
     logd.writer-569   [004] ....  1750.910624: do_anonymous_page: anonymous tgid 557 569 "logd.writer" 7fb41aa000
 pool-5-thread-1-6324  [004] ....  1750.915183: do_anonymous_page: anonymous tgid 6279 6324 "pool-5-thread-1" 12e84000
           <...>-1857  [004] ....  1750.917284: do_anonymous_page: anonymous tgid 1857 1857 "m.android.phone" 1352c000
    Binder:602_5-1792  [004] ....  1750.918356: do_anonymous_page: anonymous tgid 602 1792 "Binder:602_5" 7fb797d000
    Binder:602_5-1792  [004] ....  1750.918940: do_anonymous_page: anonymous tgid 602 1792 "Binder:602_5" 7fb7527000
           <...>-1650  [004] ....  1750.919837: do_anonymous_page: anonymous tgid 1650 1650 "ndroid.systemui" 1332c000
  Binder:1332_1D-7183  [004] ....  1750.920694: do_anonymous_page: anonymous tgid 1332 7183 "Binder:1332_1D" 136c2000
  com.rovio.baba-6279  [004] ....  1750.923825: do_anonymous_page: anonymous tgid 6279 6279 "com.rovio.baba" 12c8f000
    Binder:602_5-1792  [004] ....  1750.925641: do_anonymous_page: anonymous tgid 602 1792 "Binder:602_5" 7fb7565000
  com.rovio.baba-6279  [004] ....  1750.927286: do_anonymous_page: anonymous tgid 6279 6279 "com.rovio.baba" 12c90000
  Binder:1332_10-3835  [004] ....  1750.932034: do_anonymous_page: anonymous tgid 1332 3835 "Binder:1332_10" 12f86000
 pool-5-thread-1-6324  [004] ....  1750.932213: do_anonymous_page: anonymous tgid 6279 6324 "pool-5-thread-1" 12e85000
 pool-5-thread-1-6324  [004] ....  1750.932259: do_anonymous_page: anonymous tgid 6279 6324 "pool-5-thread-1" 12e86000
 pool-5-thread-1-6324  [004] ....  1750.932493: do_anonymous_page: anonymous tgid 6279 6324 "pool-5-thread-1" 12e87000
  Binder:1332_1B-7021  [004] ....  1750.938308: do_anonymous_page: anonymous tgid 1332 7021 "Binder:1332_1B" 12f41000
  com.rovio.baba-6279  [004] ....  1750.938877: do_anonymous_page: anonymous tgid 6279 6279 "com.rovio.baba" 12c91000
  com.rovio.baba-6279  [004] ....  1750.939581: do_anonymous_page: anonymous tgid 6279 6279 "com.rovio.baba" 12c92000
           <...>-1976  [004] ....  1750.942601: do_anonymous_page: anonymous tgid 1976 1976 "droid.launcher3" 12e95000
           <...>-1976  [004] ....  1750.942663: do_anonymous_page: anonymous tgid 1976 1976 "droid.launcher3" 12e96000
           <...>-1976  [004] ....  1750.942801: do_anonymous_page: anonymous tgid 1976 1976 "droid.launcher3" 7ec6ce6000
   Binder:2248_6-3106  [004] ....  1750.944583: do_anonymous_page: anonymous tgid 2248 3106 "Binder:2248_6" 7f3103f000
   Binder:2248_6-3106  [004] ....  1750.944610: do_anonymous_page: anonymous tgid 2248 3106 "Binder:2248_6" 12f40000
 android.display-1354  [004] ....  1750.945620: do_anonymous_page: anonymous tgid 1332 1354 "android.display" 12cc7000
           <...>-6923  [004] ....  1750.946249: do_anonymous_page: anonymous tgid 1332 6923 "Binder:1332_1A" 1324f000
           <...>-2248  [004] ....  1750.946433: do_anonymous_page: anonymous tgid 2248 2248 ".gms.persistent" 12d49000
  surfaceflinger-602   [004] ....  1750.947565: do_anonymous_page: anonymous tgid 602 602 "surfaceflinger" 7fb7566000
    android.anim-1355  [004] ....  1750.948411: do_anonymous_page: anonymous tgid 1332 1355 "android.anim" 7e8487c000
    android.anim-1355  [004] ....  1750.948415: do_anonymous_page: anonymous tgid 1332 1355 "android.anim" 7e8487d000
    android.anim-1355  [004] ....  1750.948418: do_anonymous_page: anonymous tgid 1332 1355 "android.anim" 7e8487e000
  Binder:1332_10-3835  [004] ....  1750.948786: do_anonymous_page: anonymous tgid 1332 3835 "Binder:1332_10" 12f87000
  Binder:1332_10-3835  [004] ....  1750.948861: do_anonymous_page: anonymous tgid 1332 3835 "Binder:1332_10" 12f88000
       UnityMain-6336  [004] ....  1750.956517: do_anonymous_page: anonymous tgid 6279 6336 "UnityMain" 12d41000
   Binder:2567_3-2595  [004] ....  1750.964050: do_anonymous_page: anonymous tgid 2567 2595 "Binder:2567_3" 12cc3000
           <...>-2567  [004] ....  1750.965327: do_anonymous_page: anonymous tgid 2567 2567 "gle.android.gms" 12c89000
           <...>-2567  [004] ....  1750.965589: do_anonymous_page: anonymous tgid 2567 2567 "gle.android.gms" 12c8a000
   Binder:2567_3-2595  [004] ....  1750.967655: do_anonymous_page: anonymous tgid 2567 2595 "Binder:2567_3" 12cc4000
 pool-5-thread-1-6324  [004] ....  1750.974640: do_anonymous_page: anonymous tgid 6279 6324 "pool-5-thread-1" 12e89000
 pool-5-thread-1-6324  [004] ....  1750.974649: do_anonymous_page: anonymous tgid 6279 6324 "pool-5-thread-1" 12e8a000
 pool-5-thread-1-6324  [004] ....  1750.974671: do_anonymous_page: anonymous tgid 6279 6324 "pool-5-thread-1" 12e88000
 pool-5-thread-1-6324  [004] ....  1750.974804: do_anonymous_page: anonymous tgid 6279 6324 "pool-5-thread-1" 12e8b000
 pool-5-thread-1-6324  [004] ....  1750.975009: do_anonymous_page: anonymous tgid 6279 6324 "pool-5-thread-1" 12e8c000
 pool-5-thread-1-6324  [004] ....  1750.975102: do_anonymous_page: anonymous tgid 6279 6324 "pool-5-thread-1" 12e8d000
 pool-5-thread-1-6324  [004] ....  1750.975201: do_anonymous_page: anonymous tgid 6279 6324 "pool-5-thread-1" 12e8e000
 pool-5-thread-1-6324  [004] ....  1750.975221: do_anonymous_page: anonymous tgid 6279 6324 "pool-5-thread-1" 12e8f000
 pool-5-thread-1-6324  [004] ....  1750.975240: do_anonymous_page: anonymous tgid 6279 6324 "pool-5-thread-1" 12e90000
 pool-5-thread-1-6324  [004] ....  1750.975260: do_anonymous_page: anonymous tgid 6279 6324 "pool-5-thread-1" 12e91000
 pool-5-thread-1-6324  [004] ....  1750.975277: do_anonymous_page: anonymous tgid 6279 6324 "pool-5-thread-1" 12e92000
 pool-5-thread-1-6324  [004] ....  1750.975298: do_anonymous_page: anonymous tgid 6279 6324 "pool-5-thread-1" 12e93000
 pool-5-thread-1-6324  [004] ....  1750.975329: do_anonymous_page: anonymous tgid 6279 6324 "pool-5-thread-1" 12e94000
 pool-5-thread-1-6324  [004] ....  1750.975352: do_anonymous_page: anonymous tgid 6279 6324 "pool-5-thread-1" 12e95000
 pool-5-thread-1-6324  [004] ....  1750.975377: do_anonymous_page: anonymous tgid 6279 6324 "pool-5-thread-1" 12e96000
 pool-5-thread-1-6324  [004] ....  1750.975394: do_anonymous_page: anonymous tgid 6279 6324 "pool-5-thread-1" 12e97000
 pool-5-thread-1-6324  [004] ....  1750.975410: do_anonymous_page: anonymous tgid 6279 6324 "pool-5-thread-1" 12e98000
 pool-5-thread-1-6324  [004] ....  1750.975426: do_anonymous_page: anonymous tgid 6279 6324 "pool-5-thread-1" 12e99000
 pool-5-thread-1-6324  [004] ....  1750.975845: do_anonymous_page: anonymous tgid 6279 6324 "pool-5-thread-1" 12e9a000
 pool-5-thread-1-6324  [004] ....  1750.975910: do_anonymous_page: anonymous tgid 6279 6324 "pool-5-thread-1" 12e9b000
 pool-5-thread-1-6324  [004] ....  1750.975942: do_anonymous_page: anonymous tgid 6279 6324 "pool-5-thread-1" 12e9c000
 pool-5-thread-1-6324  [004] ....  1750.975955: do_anonymous_page: anonymous tgid 6279 6324 "pool-5-thread-1" 12e9d000
 pool-5-thread-1-6324  [004] ....  1750.976019: do_anonymous_page: anonymous tgid 6279 6324 "pool-5-thread-1" 12e9e000
 pool-5-thread-1-6324  [004] ....  1750.976094: do_anonymous_page: anonymous tgid 6279 6324 "pool-5-thread-1" 12e9f000
 pool-5-thread-1-6324  [004] ....  1750.976138: do_anonymous_page: anonymous tgid 6279 6324 "pool-5-thread-1" 12ea0000
      android.fg-1351  [004] ....  1750.977490: do_anonymous_page: anonymous tgid 1332 1351 "android.fg" 12e01000
            netd-1029  [004] ....  1750.978297: do_anonymous_page: anonymous tgid 784 1029 "netd" 7fad224000
            netd-1029  [004] ....  1750.978303: do_anonymous_page: anonymous tgid 784 1029 "netd" 7fad223000
           <...>-2189  [004] ....  1750.979259: do_anonymous_page: anonymous tgid 1650 2189 "ScreenDecoratio" 1334b000
           <...>-1650  [004] ....  1750.980050: do_anonymous_page: anonymous tgid 1650 1650 "ndroid.systemui" 1332d000
           <...>-1650  [004] ....  1750.980715: do_anonymous_page: anonymous tgid 1650 1650 "ndroid.systemui" 1332e000
           <...>-1650  [004] ....  1750.980910: do_anonymous_page: anonymous tgid 1650 1650 "ndroid.systemui" 1332f000
           <...>-1650  [004] ....  1750.981007: do_anonymous_page: anonymous tgid 1650 1650 "ndroid.systemui" 7ebea33000
           <...>-1650  [004] ....  1750.981056: do_anonymous_page: anonymous tgid 1650 1650 "ndroid.systemui" 7ebea34000
           <...>-1650  [004] ....  1750.981062: do_anonymous_page: anonymous tgid 1650 1650 "ndroid.systemui" 13330000
           <...>-1650  [004] ....  1750.981102: do_anonymous_page: anonymous tgid 1650 1650 "ndroid.systemui" 13331000
           <...>-6923  [004] ....  1750.981590: do_anonymous_page: anonymous tgid 1332 6923 "Binder:1332_1A" 13250000
    Binder:602_5-1792  [004] ....  1750.982600: do_anonymous_page: anonymous tgid 602 1792 "Binder:602_5" 7fb7570000
    Binder:602_5-1792  [004] ....  1750.982605: do_anonymous_page: anonymous tgid 602 1792 "Binder:602_5" 7fb756e000
    Binder:602_5-1792  [004] ....  1750.982612: do_anonymous_page: anonymous tgid 602 1792 "Binder:602_5" 7fb756f000
           <...>-6923  [004] ....  1750.982790: do_anonymous_page: anonymous tgid 1332 6923 "Binder:1332_1A" 13251000
           <...>-6923  [004] ....  1750.982826: do_anonymous_page: anonymous tgid 1332 6923 "Binder:1332_1A" 13252000
    Binder:602_1-638   [004] ....  1750.983100: do_anonymous_page: anonymous tgid 602 638 "Binder:602_1" 7fba623000
    Binder:602_1-638   [004] ....  1750.983104: do_anonymous_page: anonymous tgid 602 638 "Binder:602_1" 7fba621000
    Binder:602_1-638   [004] ....  1750.983111: do_anonymous_page: anonymous tgid 602 638 "Binder:602_1" 7fba622000
  Binder:1332_10-3835  [004] ....  1750.983765: do_anonymous_page: anonymous tgid 1332 3835 "Binder:1332_10" 12f89000
  Binder:1332_10-3835  [004] ....  1750.984259: do_anonymous_page: anonymous tgid 1332 3835 "Binder:1332_10" 7e6d215000
  Binder:1332_10-3835  [004] ....  1750.984264: do_anonymous_page: anonymous tgid 1332 3835 "Binder:1332_10" 7e6d216000
  Binder:1332_10-3835  [004] ....  1750.984270: do_anonymous_page: anonymous tgid 1332 3835 "Binder:1332_10" 7e6d217000
   Binder:1650_1-1673  [004] ....  1750.985060: do_anonymous_page: anonymous tgid 1650 1673 "Binder:1650_1" 12e41000
   Binder:1650_1-1673  [004] ....  1750.985107: do_anonymous_page: anonymous tgid 1650 1673 "Binder:1650_1" 7f346f1000
   Binder:1650_1-1673  [004] ....  1750.985138: do_anonymous_page: anonymous tgid 1650 1673 "Binder:1650_1" 12e42000
           <...>-1650  [004] ....  1750.985677: do_anonymous_page: anonymous tgid 1650 1650 "ndroid.systemui" 13332000
           <...>-1650  [004] ....  1750.985770: do_anonymous_page: anonymous tgid 1650 1650 "ndroid.systemui" 13333000
           <...>-1650  [004] ....  1750.986187: do_anonymous_page: anonymous tgid 1650 1650 "ndroid.systemui" 13334000
           <...>-2189  [004] ....  1750.986644: do_anonymous_page: anonymous tgid 1650 2189 "ScreenDecoratio" 1334c000
           <...>-2189  [004] ....  1750.986777: do_anonymous_page: anonymous tgid 1650 2189 "ScreenDecoratio" 1334d000
           <...>-1650  [004] ....  1750.995745: do_anonymous_page: anonymous tgid 1650 1650 "ndroid.systemui" 13335000
           <...>-1650  [004] ....  1750.996618: do_anonymous_page: anonymous tgid 1650 1650 "ndroid.systemui" 13336000
           <...>-7601  [004] ....  1750.997036: do_anonymous_page: anonymous tgid 7599 7601 "Binder:7599_2" 7fbd42d000
 queued-work-loo-6310  [004] ....  1750.998377: do_anonymous_page: anonymous tgid 6279 6310 "queued-work-loo" 12ec0000
 queued-work-loo-6310  [004] ....  1750.998809: do_anonymous_page: anonymous tgid 6279 6310 "queued-work-loo" 7573b000
 queued-work-loo-6310  [004] ....  1750.998815: do_anonymous_page: anonymous tgid 6279 6310 "queued-work-loo" 75329000
           <...>-1650  [004] ....  1751.001258: do_anonymous_page: anonymous tgid 1650 1650 "ndroid.systemui" 13337000
           <...>-2189  [004] ....  1751.002210: do_anonymous_page: anonymous tgid 1650 2189 "ScreenDecoratio" 1334e000
  Binder:1332_10-3835  [004] ....  1751.003903: do_anonymous_page: anonymous tgid 1332 3835 "Binder:1332_10" 12f8a000
   Binder:1650_1-1673  [004] ....  1751.004706: do_anonymous_page: anonymous tgid 1650 1673 "Binder:1650_1" 12e43000
           <...>-2189  [004] ....  1751.005611: do_anonymous_page: anonymous tgid 1650 2189 "ScreenDecoratio" 1334f000
 PowerManagerSer-1373  [004] ....  1751.006447: do_anonymous_page: anonymous tgid 1332 1373 "PowerManagerSer" 13175000
           <...>-2189  [004] ....  1751.006934: do_anonymous_page: anonymous tgid 1650 2189 "ScreenDecoratio" 13350000
    RenderThread-2091  [004] ....  1751.008822: do_anonymous_page: anonymous tgid 1650 2091 "RenderThread" 7f3139d000
    Binder:602_5-1792  [004] ....  1751.009655: do_anonymous_page: anonymous tgid 602 1792 "Binder:602_5" 7faa6d1000
    Binder:602_5-1792  [004] ....  1751.009724: do_anonymous_page: anonymous tgid 602 1792 "Binder:602_5" 7faa6d2000
           <...>-6923  [004] ....  1751.010272: do_anonymous_page: anonymous tgid 1332 6923 "Binder:1332_1A" 13253000
   Binder:1650_1-1673  [004] ....  1751.011086: do_anonymous_page: anonymous tgid 1650 1673 "Binder:1650_1" 12e44000
           <...>-2189  [004] ....  1751.012136: do_anonymous_page: anonymous tgid 1650 2189 "ScreenDecoratio" 13351000
           <...>-1650  [004] ....  1751.013383: do_anonymous_page: anonymous tgid 1650 1650 "ndroid.systemui" 13338000
           <...>-1650  [004] ....  1751.013466: do_anonymous_page: anonymous tgid 1650 1650 "ndroid.systemui" 13339000
  HwBinder:604_2-637   [004] ....  1751.014618: do_anonymous_page: anonymous tgid 604 637 "HwBinder:604_2" 7fb444a000
  HwBinder:604_2-637   [004] ....  1751.014659: do_anonymous_page: anonymous tgid 604 637 "HwBinder:604_2" 7fb448c000
  HwBinder:604_2-637   [004] ....  1751.014662: do_anonymous_page: anonymous tgid 604 637 "HwBinder:604_2" 7fb448d000
           <...>-2189  [004] ....  1751.020143: do_anonymous_page: anonymous tgid 1650 2189 "ScreenDecoratio" 13352000
           <...>-6923  [004] ....  1751.020684: do_anonymous_page: anonymous tgid 1332 6923 "Binder:1332_1A" 13254000
  Binder:1332_20-7602  [004] ....  1751.021160: do_anonymous_page: anonymous tgid 1332 7602 "Binder:1332_A" 7e5ebd0000
  Binder:1332_20-7602  [004] ....  1751.021220: do_anonymous_page: anonymous tgid 1332 7602 "Binder:1332_20" 7e61bcb000
  Binder:1332_20-7602  [004] ....  1751.021222: do_anonymous_page: anonymous tgid 1332 7602 "Binder:1332_20" 7e61bcc000
  Binder:1332_20-7602  [004] ....  1751.021291: do_anonymous_page: anonymous tgid 1332 7602 "Binder:1332_20" 13c40000
  Binder:1332_20-7602  [004] ....  1751.021295: do_anonymous_page: anonymous tgid 1332 7602 "Binder:1332_20" 7f20e83000
  Binder:1332_20-7602  [004] ....  1751.021305: do_anonymous_page: anonymous tgid 1332 7602 "Binder:1332_20" 7e5ebcf000
     AudioOut_15-1447  [004] ....  1751.021792: do_anonymous_page: anonymous tgid 841 1447 "AudioOut_15" 7f38c74000
     AudioOut_15-1447  [004] ....  1751.021797: do_anonymous_page: anonymous tgid 841 1447 "AudioOut_15" 7f38c75000
       UnityMain-6336  [004] ....  1751.024145: do_anonymous_page: anonymous tgid 6279 6336 "UnityMain" 7edcace000
       UnityMain-6336  [004] ....  1751.024152: do_anonymous_page: anonymous tgid 6279 6336 "UnityMain" 7edcacd000
  Binder:1332_20-7602  [004] ....  1751.024762: do_anonymous_page: anonymous tgid 1332 7602 "Binder:1332_20" 7e5ebce000
   system_server-1332  [004] ....  1751.024877: do_anonymous_page: anonymous tgid 1332 1332 "system_server" 12e83000
  com.rovio.baba-6279  [004] ....  1751.027320: do_anonymous_page: anonymous tgid 6279 6279 "com.rovio.baba" 12c93000
  Binder:1332_10-3835  [004] ....  1751.028398: do_anonymous_page: anonymous tgid 1332 3835 "Binder:1332_10" 12f8b000
           <...>-2189  [004] ....  1751.029314: do_anonymous_page: anonymous tgid 1650 2189 "ScreenDecoratio" 13353000
           <...>-2189  [004] ....  1751.032342: do_anonymous_page: anonymous tgid 1650 2189 "ScreenDecoratio" 13354000
 ScionFrontendAp-7603  [004] ....  1751.032712: do_anonymous_page: anonymous tgid 6279 7603 "ScionFrontendAp" 7fbde23000
 ScionFrontendAp-7603  [004] ....  1751.032725: do_anonymous_page: anonymous tgid 6279 7603 "ScionFrontendAp" 7f29a66000
 ScionFrontendAp-7603  [004] ....  1751.032744: do_anonymous_page: anonymous tgid 6279 7603 "ScionFrontendAp" 7f29a67000
 ScionFrontendAp-7603  [004] ....  1751.032757: do_anonymous_page: anonymous tgid 6279 7603 "ScionFrontendAp" 12f00000
 ScionFrontendAp-7603  [004] ....  1751.032789: do_anonymous_page: anonymous tgid 6279 7603 "ScionFrontendAp" 7f29a65000
 ScionFrontendAp-7603  [004] ....  1751.033003: do_anonymous_page: anonymous tgid 6279 7603 "ScionFrontendAp" 7f29a64000
 ScionFrontendAp-7603  [004] ....  1751.033124: do_anonymous_page: anonymous tgid 6279 7603 "ScionFrontendAp" 7f29221000
 ScionFrontendAp-7603  [004] ....  1751.033128: do_anonymous_page: anonymous tgid 6279 7603 "ScionFrontendAp" 7f29220000
 ScionFrontendAp-7603  [004] ....  1751.035135: do_anonymous_page: anonymous tgid 6279 7603 "ScionFrontendAp" 12f01000
            netd-7604  [004] ....  1751.035236: do_anonymous_page: anonymous tgid 784 7604 "netd" 7fad222000
            netd-7604  [004] ....  1751.035248: do_anonymous_page: anonymous tgid 784 7604 "netd" 7fbcd57000
            netd-7604  [004] ....  1751.035250: do_anonymous_page: anonymous tgid 784 7604 "netd" 7fbcd58000
            netd-7604  [004] ....  1751.035254: do_anonymous_page: anonymous tgid 784 7604 "netd" 7fbcd59000
