  ClientModeImpl-1474  [004] ....  1278.055864: do_anonymous_page: anonymous tgid 1341 1474 "ClientModeImpl" 13bf6000
  ClientModeImpl-1474  [004] ....  1278.055932: do_anonymous_page: anonymous tgid 1341 1474 "ClientModeImpl" 13bf7000
  ClientModeImpl-1474  [004] ....  1278.055983: do_anonymous_page: anonymous tgid 1341 1474 "ClientModeImpl" 13bf8000
           <...>-2223  [004] ....  1278.056278: do_anonymous_page: anonymous tgid 1709 2223 "ScreenDecoratio" 12dd2000
  ClientModeImpl-1474  [004] ....  1278.056868: do_anonymous_page: anonymous tgid 1341 1474 "ClientModeImpl" 13bf9000
  ClientModeImpl-1474  [004] ....  1278.056953: do_anonymous_page: anonymous tgid 1341 1474 "ClientModeImpl" 13bfa000
  ClientModeImpl-1474  [004] ....  1278.056992: do_anonymous_page: anonymous tgid 1341 1474 "ClientModeImpl" 13bfb000
           <...>-2223  [004] ....  1278.058942: do_anonymous_page: anonymous tgid 1709 2223 "ScreenDecoratio" 12dd3000
           <...>-1364  [004] ....  1278.059237: do_anonymous_page: anonymous tgid 1341 1364 "android.display" 12d5e000
           <...>-1929  [004] ....  1278.059815: do_anonymous_page: anonymous tgid 1929 1929 "m.android.phone" 133e7000
    GLThread 429-6387  [004] ....  1278.062857: do_anonymous_page: anonymous tgid 6311 6387 "GLThread 429" 7f29542000
    GLThread 429-6387  [004] ....  1278.062864: do_anonymous_page: anonymous tgid 6311 6387 "GLThread 429" 7f29541000
           <...>-1874  [004] ....  1278.067073: do_anonymous_page: anonymous tgid 1341 1874 "Binder:1341_8" 13a48000
           <...>-1874  [004] ....  1278.067135: do_anonymous_page: anonymous tgid 1341 1874 "Binder:1341_8" 13a49000
           <...>-1874  [004] ....  1278.067280: do_anonymous_page: anonymous tgid 1341 1874 "Binder:1341_8" 13a4a000
           <...>-6160  [004] ....  1278.074590: do_anonymous_page: anonymous tgid 2559 6160 "Binder:2559_C" 12dc1000
           <...>-2559  [004] ....  1278.074689: do_anonymous_page: anonymous tgid 2559 2559 "gle.android.gms" 12ccd000
           <...>-2559  [004] ....  1278.074910: do_anonymous_page: anonymous tgid 2559 2559 "gle.android.gms" 12cce000
           <...>-1874  [004] ....  1278.082607: do_anonymous_page: anonymous tgid 1341 1874 "Binder:1341_8" 13a4b000
    GLThread 429-6387  [004] ....  1278.082964: do_anonymous_page: anonymous tgid 6311 6387 "GLThread 429" 7f2920c000
    GLThread 429-6387  [004] ....  1278.082973: do_anonymous_page: anonymous tgid 6311 6387 "GLThread 429" 7f2920b000
    GLThread 429-6387  [004] ....  1278.084649: do_anonymous_page: anonymous tgid 6311 6387 "GLThread 429" 7edf626000
    GLThread 429-6387  [004] ....  1278.084654: do_anonymous_page: anonymous tgid 6311 6387 "GLThread 429" 7edf625000
           <...>-1874  [004] ....  1278.085406: do_anonymous_page: anonymous tgid 1341 1874 "Binder:1341_8" 13a4c000
    GLThread 429-6387  [004] ....  1278.086060: do_anonymous_page: anonymous tgid 6311 6387 "GLThread 429" 7edf529000
    GLThread 429-6387  [004] ....  1278.086066: do_anonymous_page: anonymous tgid 6311 6387 "GLThread 429" 7edf528000
           <...>-2442  [004] ....  1278.087553: do_anonymous_page: anonymous tgid 1341 2442 "Binder:1341_A" 13486000
    GLThread 429-6387  [004] ....  1278.088243: do_anonymous_page: anonymous tgid 6311 6387 "GLThread 429" 7edf42c000
    GLThread 429-6387  [004] ....  1278.088249: do_anonymous_page: anonymous tgid 6311 6387 "GLThread 429" 7edf42b000
           <...>-7886  [004] ....  1278.088318: do_anonymous_page: anonymous tgid 842 7886 "Binder:842_9" 7f38dbe000
           <...>-2442  [004] ....  1278.089460: do_anonymous_page: anonymous tgid 1341 2442 "Binder:1341_A" 13487000
    GLThread 429-6387  [004] ....  1278.089735: do_anonymous_page: anonymous tgid 6311 6387 "GLThread 429" 7edf32f000
    GLThread 429-6387  [004] ....  1278.089741: do_anonymous_page: anonymous tgid 6311 6387 "GLThread 429" 7edf32e000
    GLThread 429-6387  [004] ....  1278.091437: do_anonymous_page: anonymous tgid 6311 6387 "GLThread 429" 7edf232000
    GLThread 429-6387  [004] ....  1278.091443: do_anonymous_page: anonymous tgid 6311 6387 "GLThread 429" 7edf231000
           <...>-2442  [004] ....  1278.092194: do_anonymous_page: anonymous tgid 1341 2442 "Binder:1341_A" 13488000
    GLThread 429-6387  [004] ....  1278.092875: do_anonymous_page: anonymous tgid 6311 6387 "GLThread 429" 7edf135000
    GLThread 429-6387  [004] ....  1278.092884: do_anonymous_page: anonymous tgid 6311 6387 "GLThread 429" 7edf134000
           <...>-1874  [004] ....  1278.094045: do_anonymous_page: anonymous tgid 1341 1874 "Binder:1341_8" 13a4d000
    GLThread 429-6387  [004] ....  1278.094320: do_anonymous_page: anonymous tgid 6311 6387 "GLThread 429" 7edf038000
    GLThread 429-6387  [004] ....  1278.094325: do_anonymous_page: anonymous tgid 6311 6387 "GLThread 429" 7edf037000
           <...>-7886  [004] ....  1278.094657: do_anonymous_page: anonymous tgid 842 7886 "Binder:842_9" 7f38d05000
    GLThread 429-6387  [004] ....  1278.095729: do_anonymous_page: anonymous tgid 6311 6387 "GLThread 429" 7edef3b000
    GLThread 429-6387  [004] ....  1278.095735: do_anonymous_page: anonymous tgid 6311 6387 "GLThread 429" 7edef3a000
           <...>-1874  [004] ....  1278.096820: do_anonymous_page: anonymous tgid 1341 1874 "Binder:1341_8" 13a4e000
    GLThread 429-6387  [004] ....  1278.097512: do_anonymous_page: anonymous tgid 6311 6387 "GLThread 429" 7edee3e000
    GLThread 429-6387  [004] ....  1278.097517: do_anonymous_page: anonymous tgid 6311 6387 "GLThread 429" 7edee3d000
           <...>-1874  [004] ....  1278.098683: do_anonymous_page: anonymous tgid 1341 1874 "Binder:1341_8" 13a4f000
    GLThread 429-6387  [004] ....  1278.098951: do_anonymous_page: anonymous tgid 6311 6387 "GLThread 429" 7eded41000
    GLThread 429-6387  [004] ....  1278.098957: do_anonymous_page: anonymous tgid 6311 6387 "GLThread 429" 7eded40000
    GLThread 429-6387  [004] ....  1278.100445: do_anonymous_page: anonymous tgid 6311 6387 "GLThread 429" 7edec44000
    GLThread 429-6387  [004] ....  1278.100450: do_anonymous_page: anonymous tgid 6311 6387 "GLThread 429" 7edec43000
           <...>-7886  [004] ....  1278.100865: do_anonymous_page: anonymous tgid 842 7886 "Binder:842_9" 7f38d08000
           <...>-1874  [004] ....  1278.101238: do_anonymous_page: anonymous tgid 1341 1874 "Binder:1341_8" 13a50000
           <...>-8252  [004] ....  1278.101632: do_anonymous_page: anonymous tgid 6311 8252 "GLThread 429" 7f2aed1000
           <...>-8252  [004] ....  1278.101849: do_anonymous_page: anonymous tgid 6311 8252 "AudioTrack" 12ec0000
           <...>-8252  [004] ....  1278.101854: do_anonymous_page: anonymous tgid 6311 8252 "AudioTrack" 7fbddf4000
           <...>-8252  [004] ....  1278.101867: do_anonymous_page: anonymous tgid 6311 8252 "AudioTrack" 7f2aed0000
    GLThread 429-6387  [004] ....  1278.102186: do_anonymous_page: anonymous tgid 6311 6387 "GLThread 429" 7edeb47000
    GLThread 429-6387  [004] ....  1278.102192: do_anonymous_page: anonymous tgid 6311 6387 "GLThread 429" 7edeb46000
           <...>-7886  [004] ....  1278.102527: do_anonymous_page: anonymous tgid 842 7886 "Binder:842_9" 7f38d06000
           <...>-1874  [004] ....  1278.102971: do_anonymous_page: anonymous tgid 1341 1874 "Binder:1341_8" 13a51000
    GLThread 429-6387  [004] ....  1278.103720: do_anonymous_page: anonymous tgid 6311 6387 "GLThread 429" 7edea4a000
    GLThread 429-6387  [004] ....  1278.103725: do_anonymous_page: anonymous tgid 6311 6387 "GLThread 429" 7edea49000
    GLThread 429-6387  [004] ....  1278.105135: do_anonymous_page: anonymous tgid 6311 6387 "GLThread 429" 7ede94d000
    GLThread 429-6387  [004] ....  1278.105144: do_anonymous_page: anonymous tgid 6311 6387 "GLThread 429" 7ede94c000
           <...>-1874  [004] ....  1278.105755: do_anonymous_page: anonymous tgid 1341 1874 "Binder:1341_8" 13a52000
    GLThread 429-6387  [004] ....  1278.106821: do_anonymous_page: anonymous tgid 6311 6387 "GLThread 429" 7ede850000
    GLThread 429-6387  [004] ....  1278.106827: do_anonymous_page: anonymous tgid 6311 6387 "GLThread 429" 7ede84f000
           <...>-1874  [004] ....  1278.107802: do_anonymous_page: anonymous tgid 1341 1874 "Binder:1341_8" 13a53000
    GLThread 429-6387  [004] ....  1278.108549: do_anonymous_page: anonymous tgid 6311 6387 "GLThread 429" 7ede753000
    GLThread 429-6387  [004] ....  1278.108555: do_anonymous_page: anonymous tgid 6311 6387 "GLThread 429" 7ede752000
           <...>-8265  [004] ....  1278.108608: do_anonymous_page: anonymous tgid 6311 8265 "GLThread 429" 7edef39000
           <...>-8265  [004] ....  1278.109165: do_anonymous_page: anonymous tgid 6311 8265 "AudioTrack" 12f00000
           <...>-8265  [004] ....  1278.109171: do_anonymous_page: anonymous tgid 6311 8265 "AudioTrack" 7fbdcd8000
           <...>-8265  [004] ....  1278.109182: do_anonymous_page: anonymous tgid 6311 8265 "AudioTrack" 7edef38000
           <...>-2094  [004] ....  1278.110036: do_anonymous_page: anonymous tgid 2068 2094 "UiThreadHelper" 12cc5000
           <...>-2094  [004] ....  1278.110099: do_anonymous_page: anonymous tgid 2068 2094 "UiThreadHelper" 12cc6000
           <...>-8264  [004] ....  1278.110366: do_anonymous_page: anonymous tgid 6311 8264 "GLThread 429" 7edf036000
           <...>-8264  [004] ....  1278.110475: do_anonymous_page: anonymous tgid 6311 8264 "AudioTrack" 12f40000
           <...>-8264  [004] ....  1278.110479: do_anonymous_page: anonymous tgid 6311 8264 "AudioTrack" 7fbbebc000
           <...>-8264  [004] ....  1278.110488: do_anonymous_page: anonymous tgid 6311 8264 "AudioTrack" 7edf035000
           <...>-8263  [004] ....  1278.110509: do_anonymous_page: anonymous tgid 6311 8263 "GLThread 429" 7edf133000
           <...>-8263  [004] ....  1278.110569: do_anonymous_page: anonymous tgid 6311 8263 "AudioTrack" 12f80000
           <...>-8263  [004] ....  1278.110572: do_anonymous_page: anonymous tgid 6311 8263 "AudioTrack" 7fbbe37000
           <...>-8263  [004] ....  1278.110578: do_anonymous_page: anonymous tgid 6311 8263 "AudioTrack" 7edf132000
           <...>-8262  [004] ....  1278.110598: do_anonymous_page: anonymous tgid 6311 8262 "GLThread 429" 7edf230000
           <...>-8262  [004] ....  1278.110655: do_anonymous_page: anonymous tgid 6311 8262 "AudioTrack" 12fc0000
           <...>-8262  [004] ....  1278.110658: do_anonymous_page: anonymous tgid 6311 8262 "AudioTrack" 7fbbe33000
           <...>-8262  [004] ....  1278.110663: do_anonymous_page: anonymous tgid 6311 8262 "AudioTrack" 7edf22f000
           <...>-8261  [004] ....  1278.110697: do_anonymous_page: anonymous tgid 6311 8261 "GLThread 429" 7edf32d000
           <...>-8261  [004] ....  1278.110748: do_anonymous_page: anonymous tgid 6311 8261 "AudioTrack" 13000000
           <...>-8261  [004] ....  1278.110751: do_anonymous_page: anonymous tgid 6311 8261 "AudioTrack" 7fbbdf3000
           <...>-8261  [004] ....  1278.110756: do_anonymous_page: anonymous tgid 6311 8261 "AudioTrack" 7edf32c000
           <...>-8260  [004] ....  1278.110889: do_anonymous_page: anonymous tgid 6311 8260 "GLThread 429" 7edf42a000
           <...>-8260  [004] ....  1278.110927: do_anonymous_page: anonymous tgid 6311 8260 "AudioTrack" 7ec8f14000
           <...>-8260  [004] ....  1278.110930: do_anonymous_page: anonymous tgid 6311 8260 "AudioTrack" 7ec8f15000
           <...>-8260  [004] ....  1278.110962: do_anonymous_page: anonymous tgid 6311 8260 "AudioTrack" 13040000
           <...>-8260  [004] ....  1278.110968: do_anonymous_page: anonymous tgid 6311 8260 "AudioTrack" 7f39a65000
           <...>-8260  [004] ....  1278.110974: do_anonymous_page: anonymous tgid 6311 8260 "AudioTrack" 7edf429000
           <...>-8256  [004] ....  1278.111253: do_anonymous_page: anonymous tgid 6311 8256 "GLThread 429" 7f29540000
           <...>-8256  [004] ....  1278.111312: do_anonymous_page: anonymous tgid 6311 8256 "AudioTrack" 13080000
           <...>-8256  [004] ....  1278.111316: do_anonymous_page: anonymous tgid 6311 8256 "AudioTrack" 7f39a00000
           <...>-8256  [004] ....  1278.111322: do_anonymous_page: anonymous tgid 6311 8256 "AudioTrack" 7f2953f000
           <...>-8259  [004] ....  1278.111583: do_anonymous_page: anonymous tgid 6311 8259 "GLThread 429" 7edf527000
           <...>-8259  [004] ....  1278.111619: do_anonymous_page: anonymous tgid 6311 8259 "AudioTrack" 7ec8fc2000
           <...>-8259  [004] ....  1278.111621: do_anonymous_page: anonymous tgid 6311 8259 "AudioTrack" 7ec8fc4000
           <...>-8259  [004] ....  1278.111623: do_anonymous_page: anonymous tgid 6311 8259 "AudioTrack" 7ec8fc3000
           <...>-8259  [004] ....  1278.111649: do_anonymous_page: anonymous tgid 6311 8259 "AudioTrack" 130c0000
           <...>-8259  [004] ....  1278.111652: do_anonymous_page: anonymous tgid 6311 8259 "AudioTrack" 7f315fe000
           <...>-8259  [004] ....  1278.111658: do_anonymous_page: anonymous tgid 6311 8259 "AudioTrack" 7edf526000
           <...>-8266  [004] ....  1278.111674: do_anonymous_page: anonymous tgid 6311 8266 "GLThread 429" 7edee3c000
           <...>-8266  [004] ....  1278.111720: do_anonymous_page: anonymous tgid 6311 8266 "AudioTrack" 13100000
           <...>-8266  [004] ....  1278.111723: do_anonymous_page: anonymous tgid 6311 8266 "AudioTrack" 7f315fc000
           <...>-8266  [004] ....  1278.111727: do_anonymous_page: anonymous tgid 6311 8266 "AudioTrack" 7edee3b000
           <...>-8258  [004] ....  1278.111754: do_anonymous_page: anonymous tgid 6311 8258 "GLThread 429" 7edf624000
           <...>-8258  [004] ....  1278.111785: do_anonymous_page: anonymous tgid 6311 8258 "AudioTrack" 7ec9101000
           <...>-8258  [004] ....  1278.111788: do_anonymous_page: anonymous tgid 6311 8258 "AudioTrack" 7ec9102000
           <...>-8258  [004] ....  1278.111810: do_anonymous_page: anonymous tgid 6311 8258 "AudioTrack" 13140000
           <...>-8258  [004] ....  1278.111812: do_anonymous_page: anonymous tgid 6311 8258 "AudioTrack" 7f313fa000
           <...>-8258  [004] ....  1278.111817: do_anonymous_page: anonymous tgid 6311 8258 "AudioTrack" 7edf623000
     logd.writer-573   [004] ....  1278.112615: do_anonymous_page: anonymous tgid 557 573 "logd.writer" 7fb57bc000
           <...>-8257  [004] ....  1278.112830: do_anonymous_page: anonymous tgid 6311 8257 "GLThread 429" 7f2920a000
           <...>-8257  [004] ....  1278.112893: do_anonymous_page: anonymous tgid 6311 8257 "AudioTrack" 13180000
           <...>-8257  [004] ....  1278.112897: do_anonymous_page: anonymous tgid 6311 8257 "AudioTrack" 7f2f0a7000
           <...>-8257  [004] ....  1278.112902: do_anonymous_page: anonymous tgid 6311 8257 "AudioTrack" 7f29209000
           <...>-8254  [004] ....  1278.113300: do_anonymous_page: anonymous tgid 787 8254 "netd" 7fad221000
           <...>-8254  [004] ....  1278.113310: do_anonymous_page: anonymous tgid 787 8254 "netd" 7fad220000
           <...>-8254  [004] ....  1278.113334: do_anonymous_page: anonymous tgid 787 8254 "netd" 7fba02c000
           <...>-8254  [004] ....  1278.113343: do_anonymous_page: anonymous tgid 787 8254 "netd" 7fad222000
           <...>-8254  [004] ....  1278.113355: do_anonymous_page: anonymous tgid 787 8254 "netd" 7fba039000
           <...>-8254  [004] ....  1278.113357: do_anonymous_page: anonymous tgid 787 8254 "netd" 7fba03a000
           <...>-8254  [004] ....  1278.113359: do_anonymous_page: anonymous tgid 787 8254 "netd" 7fba03b000
           <...>-8254  [004] ....  1278.113361: do_anonymous_page: anonymous tgid 787 8254 "netd" 7fba03c000
           <...>-8254  [004] ....  1278.113540: do_anonymous_page: anonymous tgid 787 8254 "netd" 7fba05c000
           <...>-8254  [004] ....  1278.113543: do_anonymous_page: anonymous tgid 787 8254 "netd" 7fba05d000
           <...>-8254  [004] ....  1278.113545: do_anonymous_page: anonymous tgid 787 8254 "netd" 7fba05e000
           <...>-8254  [004] ....  1278.113547: do_anonymous_page: anonymous tgid 787 8254 "netd" 7fba05f000
           <...>-8254  [004] ....  1278.113550: do_anonymous_page: anonymous tgid 787 8254 "netd" 7fba05a000
           <...>-8254  [004] ....  1278.113560: do_anonymous_page: anonymous tgid 787 8254 "netd" 7fad21f000
           <...>-8254  [004] ....  1278.113578: do_anonymous_page: anonymous tgid 787 8254 "netd" 7fad21e000
           <...>-8254  [004] ....  1278.113581: do_anonymous_page: anonymous tgid 787 8254 "netd" 7fba06c000
           <...>-8254  [004] ....  1278.113589: do_anonymous_page: anonymous tgid 787 8254 "netd" 7fba06f000
           <...>-8267  [004] ....  1278.113904: do_anonymous_page: anonymous tgid 6311 8267 "GLThread 429" 7eded3f000
           <...>-8267  [004] ....  1278.113940: do_anonymous_page: anonymous tgid 6311 8267 "AudioTrack" 7e80457000
           <...>-8267  [004] ....  1278.113943: do_anonymous_page: anonymous tgid 6311 8267 "AudioTrack" 7e80459000
           <...>-8267  [004] ....  1278.113956: do_anonymous_page: anonymous tgid 6311 8267 "AudioTrack" 7e80458000
           <...>-8267  [004] ....  1278.114002: do_anonymous_page: anonymous tgid 6311 8267 "AudioTrack" 131c0000
           <...>-8267  [004] ....  1278.114006: do_anonymous_page: anonymous tgid 6311 8267 "AudioTrack" 7f2ed07000
           <...>-8267  [004] ....  1278.114012: do_anonymous_page: anonymous tgid 6311 8267 "AudioTrack" 7eded3e000
           <...>-8255  [004] ....  1278.114226: do_anonymous_page: anonymous tgid 6311 8255 "GLThread 429" 7f29752000
           <...>-8255  [004] ....  1278.114286: do_anonymous_page: anonymous tgid 6311 8255 "AudioTrack" 13200000
           <...>-8255  [004] ....  1278.114289: do_anonymous_page: anonymous tgid 6311 8255 "AudioTrack" 7f2ed05000
           <...>-8255  [004] ....  1278.114294: do_anonymous_page: anonymous tgid 6311 8255 "AudioTrack" 7f29751000
           <...>-8253  [004] ....  1278.114482: do_anonymous_page: anonymous tgid 6311 8253 "GLThread 429" 7f29ccb000
           <...>-8253  [004] ....  1278.114516: do_anonymous_page: anonymous tgid 6311 8253 "AudioTrack" 7e80472000
           <...>-8253  [004] ....  1278.114519: do_anonymous_page: anonymous tgid 6311 8253 "AudioTrack" 7e80473000
           <...>-8253  [004] ....  1278.114546: do_anonymous_page: anonymous tgid 6311 8253 "AudioTrack" 13240000
           <...>-8253  [004] ....  1278.114549: do_anonymous_page: anonymous tgid 6311 8253 "AudioTrack" 7f2da0c000
           <...>-8253  [004] ....  1278.114555: do_anonymous_page: anonymous tgid 6311 8253 "AudioTrack" 7f29cca000
           <...>-1874  [004] ....  1278.114912: do_anonymous_page: anonymous tgid 1341 1874 "Binder:1341_8" 13a54000
           <...>-8273  [004] ....  1278.115101: do_anonymous_page: anonymous tgid 6311 8273 "GLThread 429" 7ede751000
           <...>-8273  [004] ....  1278.115135: do_anonymous_page: anonymous tgid 6311 8273 "AudioTrack" 7ed2ac7000
           <...>-8273  [004] ....  1278.115169: do_anonymous_page: anonymous tgid 6311 8273 "AudioTrack" 13280000
           <...>-8273  [004] ....  1278.115172: do_anonymous_page: anonymous tgid 6311 8273 "AudioTrack" 7f2adcf000
           <...>-8273  [004] ....  1278.115178: do_anonymous_page: anonymous tgid 6311 8273 "AudioTrack" 7ede750000
    GLThread 429-6387  [004] ....  1278.115371: do_anonymous_page: anonymous tgid 6311 6387 "GLThread 429" 7ecf58e000
    GLThread 429-6387  [004] ....  1278.115375: do_anonymous_page: anonymous tgid 6311 6387 "GLThread 429" 7ecf58d000
           <...>-8268  [004] ....  1278.115554: do_anonymous_page: anonymous tgid 6311 8268 "GLThread 429" 7edec42000
           <...>-8268  [004] ....  1278.115591: do_anonymous_page: anonymous tgid 6311 8268 "AudioTrack" 7e8048e000
           <...>-8268  [004] ....  1278.115594: do_anonymous_page: anonymous tgid 6311 8268 "AudioTrack" 7e80490000
           <...>-8268  [004] ....  1278.115596: do_anonymous_page: anonymous tgid 6311 8268 "AudioTrack" 7e8048f000
           <...>-8268  [004] ....  1278.115624: do_anonymous_page: anonymous tgid 6311 8268 "AudioTrack" 132c0000
           <...>-8268  [004] ....  1278.115627: do_anonymous_page: anonymous tgid 6311 8268 "AudioTrack" 7f29932000
           <...>-8268  [004] ....  1278.115632: do_anonymous_page: anonymous tgid 6311 8268 "AudioTrack" 7edec41000
           <...>-8269  [004] ....  1278.116327: do_anonymous_page: anonymous tgid 6311 8269 "GLThread 429" 7edeb45000
           <...>-8269  [004] ....  1278.116388: do_anonymous_page: anonymous tgid 6311 8269 "AudioTrack" 13300000
           <...>-8269  [004] ....  1278.116391: do_anonymous_page: anonymous tgid 6311 8269 "AudioTrack" 7f29927000
           <...>-8269  [004] ....  1278.116398: do_anonymous_page: anonymous tgid 6311 8269 "AudioTrack" 7edeb44000
    GLThread 429-6387  [004] ....  1278.117613: do_anonymous_page: anonymous tgid 6311 6387 "GLThread 429" 7ecf37f000
    GLThread 429-6387  [004] ....  1278.117618: do_anonymous_page: anonymous tgid 6311 6387 "GLThread 429" 7ecf37e000
           <...>-8270  [004] ....  1278.117842: do_anonymous_page: anonymous tgid 6311 8270 "GLThread 429" 7edea48000
           <...>-8270  [004] ....  1278.117882: do_anonymous_page: anonymous tgid 6311 8270 "AudioTrack" 7e804b5000
           <...>-8270  [004] ....  1278.117885: do_anonymous_page: anonymous tgid 6311 8270 "AudioTrack" 7e804b6000
           <...>-8270  [004] ....  1278.117918: do_anonymous_page: anonymous tgid 6311 8270 "AudioTrack" 13340000
           <...>-8270  [004] ....  1278.117921: do_anonymous_page: anonymous tgid 6311 8270 "AudioTrack" 7f2991c000
           <...>-8270  [004] ....  1278.117927: do_anonymous_page: anonymous tgid 6311 8270 "AudioTrack" 7edea47000
           <...>-7886  [004] ....  1278.118172: do_anonymous_page: anonymous tgid 842 7886 "Binder:842_9" 7f38d07000
           <...>-1874  [004] ....  1278.118681: do_anonymous_page: anonymous tgid 1341 1874 "Binder:1341_8" 13a55000
    GLThread 429-6387  [004] ....  1278.119413: do_anonymous_page: anonymous tgid 6311 6387 "GLThread 429" 7ecb0d3000
    GLThread 429-6387  [004] ....  1278.119418: do_anonymous_page: anonymous tgid 6311 6387 "GLThread 429" 7ecb0d2000
           <...>-2442  [004] ....  1278.120295: do_anonymous_page: anonymous tgid 1341 2442 "Binder:1341_A" 13489000
    GLThread 429-6387  [004] ....  1278.121165: do_anonymous_page: anonymous tgid 6311 6387 "GLThread 429" 7ecae1c000
    GLThread 429-6387  [004] ....  1278.121171: do_anonymous_page: anonymous tgid 6311 6387 "GLThread 429" 7ecae1b000
           <...>-2442  [004] ....  1278.121996: do_anonymous_page: anonymous tgid 1341 2442 "Binder:1341_A" 1348a000
    GLThread 429-6387  [004] ....  1278.122665: do_anonymous_page: anonymous tgid 6311 6387 "GLThread 429" 7e93d88000
    GLThread 429-6387  [004] ....  1278.122671: do_anonymous_page: anonymous tgid 6311 6387 "GLThread 429" 7e93d87000
           <...>-1589  [004] ....  1278.123145: do_anonymous_page: anonymous tgid 842 1589 "Binder:842_3" 7f1b35e000
    GLThread 429-6387  [004] ....  1278.124373: do_anonymous_page: anonymous tgid 6311 6387 "GLThread 429" 7e88eb5000
    GLThread 429-6387  [004] ....  1278.124379: do_anonymous_page: anonymous tgid 6311 6387 "GLThread 429" 7e88eb4000
           <...>-1874  [004] ....  1278.125201: do_anonymous_page: anonymous tgid 1341 1874 "Binder:1341_8" 13a56000
    GLThread 429-6387  [004] ....  1278.125885: do_anonymous_page: anonymous tgid 6311 6387 "GLThread 429" 7e81bbe000
    GLThread 429-6387  [004] ....  1278.125891: do_anonymous_page: anonymous tgid 6311 6387 "GLThread 429" 7e81bbd000
           <...>-1589  [004] ....  1278.126242: do_anonymous_page: anonymous tgid 842 1589 "Binder:842_3" 7f38d39000
           <...>-1589  [004] ....  1278.126340: do_anonymous_page: anonymous tgid 842 1589 "Binder:842_3" 7f38d09000
    GLThread 429-6387  [004] ....  1278.127454: do_anonymous_page: anonymous tgid 6311 6387 "GLThread 429" 7eae791000
    GLThread 429-6387  [004] ....  1278.127619: do_anonymous_page: anonymous tgid 6311 6387 "GLThread 429" 7e81ac1000
    GLThread 429-6387  [004] ....  1278.127625: do_anonymous_page: anonymous tgid 6311 6387 "GLThread 429" 7e81ac0000
           <...>-1874  [004] ....  1278.128264: do_anonymous_page: anonymous tgid 1341 1874 "Binder:1341_8" 13a57000
           <...>-8271  [004] ....  1278.128735: do_anonymous_page: anonymous tgid 6311 8271 "GLThread 429" 7ede94b000
           <...>-8271  [004] ....  1278.128872: do_anonymous_page: anonymous tgid 6311 8271 "AudioTrack" 13380000
           <...>-8271  [004] ....  1278.128876: do_anonymous_page: anonymous tgid 6311 8271 "AudioTrack" 7f29911000
           <...>-8271  [004] ....  1278.128888: do_anonymous_page: anonymous tgid 6311 8271 "AudioTrack" 7ede94a000
    GLThread 429-6387  [004] ....  1278.129181: do_anonymous_page: anonymous tgid 6311 6387 "GLThread 429" 7eae792000
    GLThread 429-6387  [004] ....  1278.129347: do_anonymous_page: anonymous tgid 6311 6387 "GLThread 429" 7e819c4000
    GLThread 429-6387  [004] ....  1278.129352: do_anonymous_page: anonymous tgid 6311 6387 "GLThread 429" 7e819c3000
           <...>-1874  [004] ....  1278.130263: do_anonymous_page: anonymous tgid 1341 1874 "Binder:1341_8" 13a58000
           <...>-8272  [004] ....  1278.130446: do_anonymous_page: anonymous tgid 6311 8272 "GLThread 429" 7ede84e000
           <...>-8272  [004] ....  1278.130504: do_anonymous_page: anonymous tgid 6311 8272 "AudioTrack" 7e804ff000
           <...>-8272  [004] ....  1278.130508: do_anonymous_page: anonymous tgid 6311 8272 "AudioTrack" 7e80501000
           <...>-8272  [004] ....  1278.130510: do_anonymous_page: anonymous tgid 6311 8272 "AudioTrack" 7e80500000
           <...>-8272  [004] ....  1278.130555: do_anonymous_page: anonymous tgid 6311 8272 "AudioTrack" 133c0000
           <...>-8272  [004] ....  1278.130559: do_anonymous_page: anonymous tgid 6311 8272 "AudioTrack" 7f29906000
           <...>-8272  [004] ....  1278.130567: do_anonymous_page: anonymous tgid 6311 8272 "AudioTrack" 7ede84d000
    GLThread 429-6387  [004] ....  1278.130961: do_anonymous_page: anonymous tgid 6311 6387 "GLThread 429" 7eae793000
           <...>-8274  [004] ....  1278.131595: do_anonymous_page: anonymous tgid 6311 8274 "GLThread 429" 7ecf58c000
           <...>-8274  [004] ....  1278.131641: do_anonymous_page: anonymous tgid 6311 8274 "AudioTrack" 7e9b9dd000
           <...>-8274  [004] ....  1278.131644: do_anonymous_page: anonymous tgid 6311 8274 "AudioTrack" 7e9b9de000
           <...>-8274  [004] ....  1278.131645: do_anonymous_page: anonymous tgid 6311 8274 "AudioTrack" 7e9b9df000
           <...>-8274  [004] ....  1278.131688: do_anonymous_page: anonymous tgid 6311 8274 "AudioTrack" 13400000
           <...>-8274  [004] ....  1278.131691: do_anonymous_page: anonymous tgid 6311 8274 "AudioTrack" 7f298fb000
           <...>-8274  [004] ....  1278.131698: do_anonymous_page: anonymous tgid 6311 8274 "AudioTrack" 7ecf58b000
           <...>-8275  [004] ....  1278.131732: do_anonymous_page: anonymous tgid 6311 8275 "GLThread 429" 7ecf37d000
           <...>-8275  [004] ....  1278.131767: do_anonymous_page: anonymous tgid 6311 8275 "AudioTrack" 7e80540000
           <...>-8275  [004] ....  1278.131770: do_anonymous_page: anonymous tgid 6311 8275 "AudioTrack" 7e80541000
           <...>-8275  [004] ....  1278.131804: do_anonymous_page: anonymous tgid 6311 8275 "AudioTrack" 13440000
           <...>-8275  [004] ....  1278.131806: do_anonymous_page: anonymous tgid 6311 8275 "AudioTrack" 7f298f0000
           <...>-8275  [004] ....  1278.131812: do_anonymous_page: anonymous tgid 6311 8275 "AudioTrack" 7ecf37c000
           <...>-8281  [004] ....  1278.131843: do_anonymous_page: anonymous tgid 6311 8281 "GLThread 429" 7e81abf000
           <...>-8281  [004] ....  1278.131877: do_anonymous_page: anonymous tgid 6311 8281 "AudioTrack" 7e9c4c0000
           <...>-8281  [004] ....  1278.131880: do_anonymous_page: anonymous tgid 6311 8281 "AudioTrack" 7e9c4c1000
           <...>-8281  [004] ....  1278.131894: do_anonymous_page: anonymous tgid 6311 8281 "AudioTrack" 7f28bc3000
           <...>-8281  [004] ....  1278.131906: do_anonymous_page: anonymous tgid 6311 8281 "AudioTrack" 13480000
           <...>-8281  [004] ....  1278.131909: do_anonymous_page: anonymous tgid 6311 8281 "AudioTrack" 7f298e5000
           <...>-8281  [004] ....  1278.131914: do_anonymous_page: anonymous tgid 6311 8281 "AudioTrack" 7e81abe000
           <...>-8280  [004] ....  1278.131941: do_anonymous_page: anonymous tgid 6311 8280 "GLThread 429" 7e81bbc000
           <...>-8280  [004] ....  1278.131967: do_anonymous_page: anonymous tgid 6311 8280 "AudioTrack" 7e80564000
           <...>-8280  [004] ....  1278.131970: do_anonymous_page: anonymous tgid 6311 8280 "AudioTrack" 7e80566000
           <...>-8280  [004] ....  1278.131972: do_anonymous_page: anonymous tgid 6311 8280 "AudioTrack" 7e80565000
           <...>-8280  [004] ....  1278.131993: do_anonymous_page: anonymous tgid 6311 8280 "AudioTrack" 134c0000
           <...>-8280  [004] ....  1278.131996: do_anonymous_page: anonymous tgid 6311 8280 "AudioTrack" 7f298da000
           <...>-8280  [004] ....  1278.132001: do_anonymous_page: anonymous tgid 6311 8280 "AudioTrack" 7e81bbb000
           <...>-8279  [004] ....  1278.132032: do_anonymous_page: anonymous tgid 6311 8279 "GLThread 429" 7e88eb3000
           <...>-8279  [004] ....  1278.132059: do_anonymous_page: anonymous tgid 6311 8279 "AudioTrack" 7e9ca85000
           <...>-8279  [004] ....  1278.132062: do_anonymous_page: anonymous tgid 6311 8279 "AudioTrack" 7e9ca86000
           <...>-8279  [004] ....  1278.132063: do_anonymous_page: anonymous tgid 6311 8279 "AudioTrack" 7e9ca87000
           <...>-8279  [004] ....  1278.132087: do_anonymous_page: anonymous tgid 6311 8279 "AudioTrack" 13500000
           <...>-8279  [004] ....  1278.132089: do_anonymous_page: anonymous tgid 6311 8279 "AudioTrack" 7f298cf000
           <...>-8279  [004] ....  1278.132094: do_anonymous_page: anonymous tgid 6311 8279 "AudioTrack" 7e88eb2000
           <...>-8278  [004] ....  1278.132133: do_anonymous_page: anonymous tgid 6311 8278 "GLThread 429" 7e93d86000
           <...>-8278  [004] ....  1278.132160: do_anonymous_page: anonymous tgid 6311 8278 "AudioTrack" 7e80682000
           <...>-8278  [004] ....  1278.132163: do_anonymous_page: anonymous tgid 6311 8278 "AudioTrack" 7e80683000
           <...>-8278  [004] ....  1278.132182: do_anonymous_page: anonymous tgid 6311 8278 "AudioTrack" 13540000
           <...>-8278  [004] ....  1278.132184: do_anonymous_page: anonymous tgid 6311 8278 "AudioTrack" 7f298bb000
           <...>-8278  [004] ....  1278.132189: do_anonymous_page: anonymous tgid 6311 8278 "AudioTrack" 7e93d85000
           <...>-8277  [004] ....  1278.132203: do_anonymous_page: anonymous tgid 6311 8277 "GLThread 429" 7ecae1a000
           <...>-8277  [004] ....  1278.132228: do_anonymous_page: anonymous tgid 6311 8277 "AudioTrack" 7e9caca000
           <...>-8277  [004] ....  1278.132231: do_anonymous_page: anonymous tgid 6311 8277 "AudioTrack" 7e9cacb000
           <...>-8277  [004] ....  1278.132252: do_anonymous_page: anonymous tgid 6311 8277 "AudioTrack" 13580000
           <...>-8277  [004] ....  1278.132255: do_anonymous_page: anonymous tgid 6311 8277 "AudioTrack" 7f298b9000
           <...>-8277  [004] ....  1278.132259: do_anonymous_page: anonymous tgid 6311 8277 "AudioTrack" 7ecae19000
           <...>-8276  [004] ....  1278.132299: do_anonymous_page: anonymous tgid 6311 8276 "GLThread 429" 7ecb0d1000
           <...>-8276  [004] ....  1278.132329: do_anonymous_page: anonymous tgid 6311 8276 "AudioTrack" 7e80693000
           <...>-8276  [004] ....  1278.132332: do_anonymous_page: anonymous tgid 6311 8276 "AudioTrack" 7e80695000
           <...>-8276  [004] ....  1278.132334: do_anonymous_page: anonymous tgid 6311 8276 "AudioTrack" 7e80694000
           <...>-8276  [004] ....  1278.132356: do_anonymous_page: anonymous tgid 6311 8276 "AudioTrack" 135c0000
           <...>-8276  [004] ....  1278.132359: do_anonymous_page: anonymous tgid 6311 8276 "AudioTrack" 7f298a5000
           <...>-8276  [004] ....  1278.132364: do_anonymous_page: anonymous tgid 6311 8276 "AudioTrack" 7ecb0d0000
           <...>-8282  [004] ....  1278.132378: do_anonymous_page: anonymous tgid 6311 8282 "GLThread 429" 7e819c2000
           <...>-8282  [004] ....  1278.132405: do_anonymous_page: anonymous tgid 6311 8282 "AudioTrack" 7e9cb3b000
           <...>-8282  [004] ....  1278.132408: do_anonymous_page: anonymous tgid 6311 8282 "AudioTrack" 7e9cb3c000
           <...>-8282  [004] ....  1278.132409: do_anonymous_page: anonymous tgid 6311 8282 "AudioTrack" 7e9cb3d000
           <...>-8282  [004] ....  1278.132432: do_anonymous_page: anonymous tgid 6311 8282 "AudioTrack" 13600000
           <...>-8282  [004] ....  1278.132434: do_anonymous_page: anonymous tgid 6311 8282 "AudioTrack" 7f298a3000
           <...>-8282  [004] ....  1278.132439: do_anonymous_page: anonymous tgid 6311 8282 "AudioTrack" 7e819c1000
    Binder:932_1-960   [004] ....  1278.133970: do_anonymous_page: anonymous tgid 932 960 "Binder:932_1" 7f3a20b000
           <...>-1874  [004] ....  1278.134166: do_anonymous_page: anonymous tgid 1341 1874 "Binder:1341_8" 13a59000
           <...>-6390  [004] ....  1278.134950: do_anonymous_page: anonymous tgid 6311 6390 "queued-work-loo" 7653a000
           <...>-6390  [004] ....  1278.134956: do_anonymous_page: anonymous tgid 6311 6390 "queued-work-loo" 7654b000
           <...>-6390  [004] ....  1278.135020: do_anonymous_page: anonymous tgid 6311 6390 "queued-work-loo" 7653b000
           <...>-6390  [004] ....  1278.135038: do_anonymous_page: anonymous tgid 6311 6390 "queued-work-loo" 7653c000
           <...>-6390  [004] ....  1278.135055: do_anonymous_page: anonymous tgid 6311 6390 "queued-work-loo" 7653d000
           <...>-6390  [004] ....  1278.135069: do_anonymous_page: anonymous tgid 6311 6390 "queued-work-loo" 7653e000
           <...>-6390  [004] ....  1278.135082: do_anonymous_page: anonymous tgid 6311 6390 "queued-work-loo" 7653f000
           <...>-6390  [004] ....  1278.135093: do_anonymous_page: anonymous tgid 6311 6390 "queued-work-loo" 76540000
           <...>-6390  [004] ....  1278.135111: do_anonymous_page: anonymous tgid 6311 6390 "queued-work-loo" 7654c000
           <...>-6390  [004] ....  1278.135120: do_anonymous_page: anonymous tgid 6311 6390 "queued-work-loo" 7654d000
           <...>-6390  [004] ....  1278.135129: do_anonymous_page: anonymous tgid 6311 6390 "queued-work-loo" 7654e000
           <...>-1874  [004] ....  1278.137563: do_anonymous_page: anonymous tgid 1341 1874 "Binder:1341_8" 13a5a000
           <...>-1341  [004] ....  1278.137613: do_anonymous_page: anonymous tgid 1341 1341 "system_server" 12e8e000
    Binder:932_1-960   [004] ....  1278.138240: do_anonymous_page: anonymous tgid 932 960 "Binder:932_1" 7f3a20f000
           <...>-1874  [004] ....  1278.139661: do_anonymous_page: anonymous tgid 1341 1874 "Binder:1341_8" 13a5b000
    Binder:932_1-960   [004] ....  1278.139978: do_anonymous_page: anonymous tgid 932 960 "Binder:932_1" 7f3a215000
           <...>-1874  [004] ....  1278.142472: do_anonymous_page: anonymous tgid 1341 1874 "Binder:1341_8" 13a5c000
    Binder:932_1-960   [004] ....  1278.142667: do_anonymous_page: anonymous tgid 932 960 "Binder:932_1" 7f3a29d000
           <...>-1341  [004] ....  1278.143707: do_anonymous_page: anonymous tgid 1341 1341 "system_server" 12e8f000
           <...>-1874  [004] ....  1278.144463: do_anonymous_page: anonymous tgid 1341 1874 "Binder:1341_8" 13a5d000
           <...>-2442  [004] ....  1278.145536: do_anonymous_page: anonymous tgid 1341 2442 "Binder:1341_A" 1348b000
    Binder:932_1-960   [004] ....  1278.145842: do_anonymous_page: anonymous tgid 932 960 "Binder:932_1" 7f3a210000
    Binder:932_1-960   [004] ....  1278.145847: do_anonymous_page: anonymous tgid 932 960 "Binder:932_1" 7f3a20c000
    Binder:932_1-960   [004] ....  1278.146713: do_anonymous_page: anonymous tgid 932 960 "Binder:932_1" 7f3a216000
           <...>-1874  [004] ....  1278.147537: do_anonymous_page: anonymous tgid 1341 1874 "Binder:1341_8" 13a5e000
           <...>-7886  [004] ....  1278.148472: do_anonymous_page: anonymous tgid 842 7886 "Binder:842_9" 7f19126000
           <...>-1874  [004] ....  1278.150537: do_anonymous_page: anonymous tgid 1341 1874 "Binder:1341_8" 13a5f000
           <...>-1341  [004] ....  1278.151632: do_anonymous_page: anonymous tgid 1341 1341 "system_server" 12e90000
           <...>-1874  [004] ....  1278.152361: do_anonymous_page: anonymous tgid 1341 1874 "Binder:1341_8" 13a60000
    Binder:932_1-960   [004] ....  1278.153842: do_anonymous_page: anonymous tgid 932 960 "Binder:932_1" 7f3a211000
           <...>-1874  [004] ....  1278.154961: do_anonymous_page: anonymous tgid 1341 1874 "Binder:1341_8" 13a61000
    Binder:932_1-960   [004] ....  1278.156695: do_anonymous_page: anonymous tgid 932 960 "Binder:932_1" 7f3a217000
           <...>-1874  [004] ....  1278.157957: do_anonymous_page: anonymous tgid 1341 1874 "Binder:1341_8" 13a62000
 .candycrushsaga-6311  [004] ....  1278.160005: do_anonymous_page: anonymous tgid 6311 6311 ".candycrushsaga" 12d09000
           <...>-2442  [004] ....  1278.161304: do_anonymous_page: anonymous tgid 1341 2442 "Binder:1341_A" 1348c000
           <...>-1884  [004] ....  1278.161526: do_anonymous_page: anonymous tgid 602 1884 "Binder:602_5" 7faa68f000
           <...>-1884  [004] ....  1278.161531: do_anonymous_page: anonymous tgid 602 1884 "Binder:602_5" 7faa68d000
           <...>-1884  [004] ....  1278.161541: do_anonymous_page: anonymous tgid 602 1884 "Binder:602_5" 7faa68e000
 .candycrushsaga-6311  [004] ....  1278.162780: do_anonymous_page: anonymous tgid 6311 6311 ".candycrushsaga" 12d0a000
           <...>-1884  [004] ....  1278.169169: do_anonymous_page: anonymous tgid 602 1884 "Binder:602_5" 7faa731000
           <...>-1884  [004] ....  1278.169177: do_anonymous_page: anonymous tgid 602 1884 "Binder:602_5" 7faa72f000
           <...>-1884  [004] ....  1278.169184: do_anonymous_page: anonymous tgid 602 1884 "Binder:602_5" 7faa730000
           <...>-639   [004] ....  1278.169568: do_anonymous_page: anonymous tgid 602 639 "Binder:602_1" 7fba6fe000
           <...>-639   [004] ....  1278.169576: do_anonymous_page: anonymous tgid 602 639 "Binder:602_1" 7fba6fc000
           <...>-639   [004] ....  1278.169581: do_anonymous_page: anonymous tgid 602 639 "Binder:602_1" 7fba6fd000
           <...>-639   [004] ....  1278.169763: do_anonymous_page: anonymous tgid 602 639 "Binder:602_1" 7fba718000
           <...>-639   [004] ....  1278.169860: do_anonymous_page: anonymous tgid 602 639 "Binder:602_1" 7fba716000
           <...>-639   [004] ....  1278.169865: do_anonymous_page: anonymous tgid 602 639 "Binder:602_1" 7fba717000
    GLThread 429-6387  [004] ....  1278.170429: do_anonymous_page: anonymous tgid 6311 6387 "GLThread 429" 7e9e9f1000
    GLThread 429-6387  [004] ....  1278.170435: do_anonymous_page: anonymous tgid 6311 6387 "GLThread 429" 7e9e9f2000
           <...>-6549  [004] ....  1278.170482: do_anonymous_page: anonymous tgid 6311 6549 "Thread-9" 7e9ea06000
           <...>-6549  [004] ....  1278.170497: do_anonymous_page: anonymous tgid 6311 6549 "Thread-9" 7e9ea1b000
    GLThread 429-6387  [004] ....  1278.172556: do_anonymous_page: anonymous tgid 6311 6387 "GLThread 429" 12e01000
           <...>-6549  [004] ....  1278.172781: do_anonymous_page: anonymous tgid 6311 6549 "Thread-9" 7e9ea07000
           <...>-6549  [004] ....  1278.172853: do_anonymous_page: anonymous tgid 6311 6549 "Thread-9" 13640000
           <...>-6549  [004] ....  1278.172860: do_anonymous_page: anonymous tgid 6311 6549 "Thread-9" 7fbbdf5000
           <...>-6549  [004] ....  1278.172949: do_anonymous_page: anonymous tgid 6311 6549 "Thread-9" 13641000
           <...>-6549  [004] ....  1278.172995: do_anonymous_page: anonymous tgid 6311 6549 "Thread-9" 13642000
           <...>-6549  [004] ....  1278.173062: do_anonymous_page: anonymous tgid 6311 6549 "Thread-9" 7f2aed3000
           <...>-6549  [004] ....  1278.173067: do_anonymous_page: anonymous tgid 6311 6549 "Thread-9" 7f2aed2000
           <...>-639   [004] ....  1278.178605: do_anonymous_page: anonymous tgid 602 639 "Binder:602_1" 7fba61c000
           <...>-639   [004] ....  1278.178759: do_anonymous_page: anonymous tgid 602 639 "Binder:602_1" 7fba65c000
           <...>-8283  [004] ....  1278.179013: do_anonymous_page: anonymous tgid 6311 8283 "pool-11-thread-" 7fbe07d000
           <...>-8283  [004] ....  1278.179025: do_anonymous_page: anonymous tgid 6311 8283 "pool-11-thread-" 7f2aed0000
           <...>-8283  [004] ....  1278.179044: do_anonymous_page: anonymous tgid 6311 8283 "pool-11-thread-" 13680000
           <...>-8283  [004] ....  1278.179059: do_anonymous_page: anonymous tgid 6311 8283 "pool-11-thread-" 7f2aed1000
           <...>-8283  [004] ....  1278.179144: do_anonymous_page: anonymous tgid 6311 8283 "pool-11-thread-" 13681000
           <...>-8283  [004] ....  1278.179205: do_anonymous_page: anonymous tgid 6311 8283 "pool-11-thread-" 13682000
           <...>-8283  [004] ....  1278.179237: do_anonymous_page: anonymous tgid 6311 8283 "pool-11-thread-" 13683000
           <...>-8283  [004] ....  1278.179263: do_anonymous_page: anonymous tgid 6311 8283 "pool-11-thread-" 13684000
           <...>-8283  [004] ....  1278.179313: do_anonymous_page: anonymous tgid 6311 8283 "pool-11-thread-" 13685000
           <...>-8283  [004] ....  1278.179362: do_anonymous_page: anonymous tgid 6311 8283 "pool-11-thread-" 7f2aecf000
           <...>-8283  [004] ....  1278.179374: do_anonymous_page: anonymous tgid 6311 8283 "pool-11-thread-" 13686000
           <...>-8283  [004] ....  1278.179409: do_anonymous_page: anonymous tgid 6311 8283 "pool-11-thread-" 13687000
           <...>-8283  [004] ....  1278.179543: do_anonymous_page: anonymous tgid 6311 8283 "pool-11-thread-" 13688000
           <...>-8254  [004] ....  1278.183570: do_anonymous_page: anonymous tgid 787 8254 "netd" 7fac127000
           <...>-8254  [004] ....  1278.183579: do_anonymous_page: anonymous tgid 787 8254 "netd" 7fac126000
           <...>-1038  [004] ....  1278.184452: do_anonymous_page: anonymous tgid 787 1038 "netd" 7fac02a000
           <...>-1038  [004] ....  1278.184458: do_anonymous_page: anonymous tgid 787 1038 "netd" 7fac029000
           <...>-8284  [004] ....  1278.185571: do_anonymous_page: anonymous tgid 787 8284 "netd" 7fac125000
           <...>-8284  [004] ....  1278.185582: do_anonymous_page: anonymous tgid 787 8284 "netd" 7fbcd6a000
           <...>-8284  [004] ....  1278.185585: do_anonymous_page: anonymous tgid 787 8284 "netd" 7fbcd6b000
           <...>-8284  [004] ....  1278.185588: do_anonymous_page: anonymous tgid 787 8284 "netd" 7fbcd6c000
           <...>-8285  [004] ....  1278.185921: do_anonymous_page: anonymous tgid 787 8285 "netd" 7fac027000
           <...>-8285  [004] ....  1278.185932: do_anonymous_page: anonymous tgid 787 8285 "netd" 7fbcd6d000
           <...>-8285  [004] ....  1278.185935: do_anonymous_page: anonymous tgid 787 8285 "netd" 7fbcd6e000
           <...>-8285  [004] ....  1278.185940: do_anonymous_page: anonymous tgid 787 8285 "netd" 7fac026000
           <...>-8285  [004] ....  1278.185961: do_anonymous_page: anonymous tgid 787 8285 "netd" 7fba07e000
           <...>-8285  [004] ....  1278.185970: do_anonymous_page: anonymous tgid 787 8285 "netd" 7fac028000
           <...>-8285  [004] ....  1278.185984: do_anonymous_page: anonymous tgid 787 8285 "netd" 7fba088000
           <...>-8285  [004] ....  1278.185986: do_anonymous_page: anonymous tgid 787 8285 "netd" 7fba089000
           <...>-8285  [004] ....  1278.185988: do_anonymous_page: anonymous tgid 787 8285 "netd" 7fba08a000
           <...>-8285  [004] ....  1278.185990: do_anonymous_page: anonymous tgid 787 8285 "netd" 7fba08b000
           <...>-8285  [004] ....  1278.186240: do_anonymous_page: anonymous tgid 787 8285 "netd" 7fba0c1000
           <...>-8285  [004] ....  1278.186244: do_anonymous_page: anonymous tgid 787 8285 "netd" 7fba0c2000
           <...>-8285  [004] ....  1278.186246: do_anonymous_page: anonymous tgid 787 8285 "netd" 7fba0c3000
           <...>-8285  [004] ....  1278.186248: do_anonymous_page: anonymous tgid 787 8285 "netd" 7fba0bf000
           <...>-8285  [004] ....  1278.186258: do_anonymous_page: anonymous tgid 787 8285 "netd" 7fac025000
           <...>-6394  [004] ....  1278.195363: do_anonymous_page: anonymous tgid 6311 6394 "hwuiTask1" 7f30b06000
           <...>-639   [004] ....  1278.196759: do_anonymous_page: anonymous tgid 602 639 "Binder:602_1" 7fba65d000
           <...>-639   [004] ....  1278.198814: do_anonymous_page: anonymous tgid 602 639 "Binder:602_1" 7fba66d000
    RenderThread-6350  [004] ....  1278.198896: do_anonymous_page: anonymous tgid 6311 6350 "RenderThread" 13bc0000
    RenderThread-6350  [004] ....  1278.198917: do_anonymous_page: anonymous tgid 6311 6350 "RenderThread" 7f31479000
 .candycrushsaga-6311  [004] ....  1278.198990: do_anonymous_page: anonymous tgid 6311 6311 ".candycrushsaga" 12d0b000
           <...>-1874  [004] ....  1278.199460: do_anonymous_page: anonymous tgid 1341 1874 "Binder:1341_8" 13a63000
  CrRendererMain-6695  [004] ....  1278.199941: do_anonymous_page: anonymous tgid 6670 6695 "CrRendererMain" 3b885000
 .candycrushsaga-6311  [004] ....  1278.201067: do_anonymous_page: anonymous tgid 6311 6311 ".candycrushsaga" 12d0c000
 .candycrushsaga-6311  [004] ....  1278.201850: do_anonymous_page: anonymous tgid 6311 6311 ".candycrushsaga" 12d0d000
 .candycrushsaga-6311  [004] ....  1278.202284: do_anonymous_page: anonymous tgid 6311 6311 ".candycrushsaga" 12d0e000
     mediaserver-933   [004] ....  1278.202635: do_anonymous_page: anonymous tgid 933 933 "mediaserver" f2dcc000
     mediaserver-933   [004] ....  1278.202947: do_anonymous_page: anonymous tgid 933 933 "mediaserver" f2ccb000
 NuPlayerDriver -8287  [004] ....  1278.206148: do_anonymous_page: anonymous tgid 933 8287 "mediaserver" f2cca000
 Jit thread pool-6317  [004] ....  1278.207309: do_anonymous_page: anonymous tgid 6311 6317 "Jit thread pool" 7ecf42e000
 Jit thread pool-6317  [004] ....  1278.207327: do_anonymous_page: anonymous tgid 6311 6317 "Jit thread pool" 7e2f315000
 Jit thread pool-6317  [004] ....  1278.207335: do_anonymous_page: anonymous tgid 6311 6317 "Jit thread pool" 7ecf42f000
 Jit thread pool-6317  [004] ....  1278.207339: do_anonymous_page: anonymous tgid 6311 6317 "Jit thread pool" 7ecf430000
 Jit thread pool-6317  [004] ....  1278.207343: do_anonymous_page: anonymous tgid 6311 6317 "Jit thread pool" 7ecf431000
 Jit thread pool-6317  [004] ....  1278.207357: do_anonymous_page: anonymous tgid 6311 6317 "Jit thread pool" 7ecf432000
 Jit thread pool-6317  [004] ....  1278.207360: do_anonymous_page: anonymous tgid 6311 6317 "Jit thread pool" 7ecf433000
 Jit thread pool-6317  [004] ....  1278.207363: do_anonymous_page: anonymous tgid 6311 6317 "Jit thread pool" 7e2f316000
 Jit thread pool-6317  [004] ....  1278.207386: do_anonymous_page: anonymous tgid 6311 6317 "Jit thread pool" 7ecf434000
 Jit thread pool-6317  [004] ....  1278.207405: do_anonymous_page: anonymous tgid 6311 6317 "Jit thread pool" 7ecf435000
 Jit thread pool-6317  [004] ....  1278.207417: do_anonymous_page: anonymous tgid 6311 6317 "Jit thread pool" 7ecf436000
 Jit thread pool-6317  [004] ....  1278.207424: do_anonymous_page: anonymous tgid 6311 6317 "Jit thread pool" 7ecf437000
 Jit thread pool-6317  [004] ....  1278.207431: do_anonymous_page: anonymous tgid 6311 6317 "Jit thread pool" 7ecf438000
 Jit thread pool-6317  [004] ....  1278.207449: do_anonymous_page: anonymous tgid 6311 6317 "Jit thread pool" 7ecf439000
 Jit thread pool-6317  [004] ....  1278.207454: do_anonymous_page: anonymous tgid 6311 6317 "Jit thread pool" 7ecf43a000
 Jit thread pool-6317  [004] ....  1278.207469: do_anonymous_page: anonymous tgid 6311 6317 "Jit thread pool" 7ecf43b000
 Jit thread pool-6317  [004] ....  1278.207477: do_anonymous_page: anonymous tgid 6311 6317 "Jit thread pool" 7ecf43c000
 Jit thread pool-6317  [004] ....  1278.207482: do_anonymous_page: anonymous tgid 6311 6317 "Jit thread pool" 7e2f317000
 Jit thread pool-6317  [004] ....  1278.207485: do_anonymous_page: anonymous tgid 6311 6317 "Jit thread pool" 7ecf43d000
 Jit thread pool-6317  [004] ....  1278.207495: do_anonymous_page: anonymous tgid 6311 6317 "Jit thread pool" 7ecf43e000
 Jit thread pool-6317  [004] ....  1278.207504: do_anonymous_page: anonymous tgid 6311 6317 "Jit thread pool" 7ecf43f000
 Jit thread pool-6317  [004] ....  1278.207508: do_anonymous_page: anonymous tgid 6311 6317 "Jit thread pool" 7ecf440000
 Jit thread pool-6317  [004] ....  1278.207515: do_anonymous_page: anonymous tgid 6311 6317 "Jit thread pool" 7ecf441000
 Jit thread pool-6317  [004] ....  1278.207521: do_anonymous_page: anonymous tgid 6311 6317 "Jit thread pool" 7ecf442000
           <...>-1874  [004] ....  1278.208148: do_anonymous_page: anonymous tgid 1341 1874 "Binder:1341_8" 13a64000
 .candycrushsaga-6311  [004] ....  1278.208244: do_anonymous_page: anonymous tgid 6311 6311 ".candycrushsaga" 12d0f000
 .candycrushsaga-6311  [004] ....  1278.208554: do_anonymous_page: anonymous tgid 6311 6311 ".candycrushsaga" 12d10000
           <...>-6160  [004] ....  1278.209163: do_anonymous_page: anonymous tgid 2559 6160 "Binder:2559_C" 12dc2000
   Binder:1341_6-1591  [004] ....  1278.209590: do_anonymous_page: anonymous tgid 1341 1591 "Binder:1341_6" 13b02000
 roid.smartboard-5675  [004] ....  1278.212846: do_anonymous_page: anonymous tgid 5675 5675 "roid.smartboard" 12d41000
