           <...>-1370  [004] ....   371.175454: do_anonymous_page: anonymous tgid 1341 1370 "ActivityManager" 12cc2000
           <...>-1709  [004] ....   371.176155: do_anonymous_page: anonymous tgid 1709 1709 "ndroid.systemui" 12f45000
           <...>-1709  [004] ....   371.176379: do_anonymous_page: anonymous tgid 1709 1709 "ndroid.systemui" 12f46000
           <...>-1709  [004] ....   371.176493: do_anonymous_page: anonymous tgid 1709 1709 "ndroid.systemui" 12f47000
           <...>-3080  [004] ....   371.177135: do_anonymous_page: anonymous tgid 1709 3080 "pool-5-thread-2" 13000000
           <...>-6804  [004] ....   371.177584: do_anonymous_page: anonymous tgid 842 6804 "Binder:842_7" 7f1b35d000
  Binder:1341_15-6228  [004] ....   371.178051: do_anonymous_page: anonymous tgid 1341 6228 "Binder:1341_15" 130c8000
    GLThread 429-6387  [004] ....   371.178688: do_anonymous_page: anonymous tgid 6311 6387 "GLThread 429" 7ed2a7c000
    GLThread 429-6387  [004] ....   371.178884: do_anonymous_page: anonymous tgid 6311 6387 "GLThread 429" 7e93d88000
    GLThread 429-6387  [004] ....   371.178890: do_anonymous_page: anonymous tgid 6311 6387 "GLThread 429" 7e93d87000
           <...>-3703  [004] ....   371.179771: do_anonymous_page: anonymous tgid 1341 3703 "Binder:1341_C" 1310f000
    GLThread 429-6387  [004] ....   371.180388: do_anonymous_page: anonymous tgid 6311 6387 "GLThread 429" 7ed2a7d000
    GLThread 429-6387  [004] ....   371.180560: do_anonymous_page: anonymous tgid 6311 6387 "GLThread 429" 7e88eb5000
    GLThread 429-6387  [004] ....   371.180565: do_anonymous_page: anonymous tgid 6311 6387 "GLThread 429" 7e88eb4000
    GLThread 429-6387  [004] ....   371.181650: do_anonymous_page: anonymous tgid 6311 6387 "GLThread 429" 7fbe21f000
    GLThread 429-6387  [004] ....   371.181895: do_anonymous_page: anonymous tgid 6311 6387 "GLThread 429" 7ed2a7e000
    GLThread 429-6387  [004] ....   371.182064: do_anonymous_page: anonymous tgid 6311 6387 "GLThread 429" 7e81bbe000
    GLThread 429-6387  [004] ....   371.182070: do_anonymous_page: anonymous tgid 6311 6387 "GLThread 429" 7e81bbd000
    GLThread 429-6387  [004] ....   371.182193: do_anonymous_page: anonymous tgid 6311 6387 "GLThread 429" 7f28b09000
           <...>-3703  [004] ....   371.182363: do_anonymous_page: anonymous tgid 1341 3703 "Binder:1341_C" 13110000
    GLThread 429-6387  [004] ....   371.183877: do_anonymous_page: anonymous tgid 6311 6387 "GLThread 429" 7e81ac1000
    GLThread 429-6387  [004] ....   371.183883: do_anonymous_page: anonymous tgid 6311 6387 "GLThread 429" 7e81ac0000
           <...>-3703  [004] ....   371.184845: do_anonymous_page: anonymous tgid 1341 3703 "Binder:1341_C" 13111000
    GLThread 429-6387  [004] ....   371.185427: do_anonymous_page: anonymous tgid 6311 6387 "GLThread 429" 7e9b645000
    GLThread 429-6387  [004] ....   371.185600: do_anonymous_page: anonymous tgid 6311 6387 "GLThread 429" 7e819c4000
    GLThread 429-6387  [004] ....   371.185611: do_anonymous_page: anonymous tgid 6311 6387 "GLThread 429" 7e819c3000
           <...>-7250  [004] ....   371.186070: do_anonymous_page: anonymous tgid 6311 7250 "GLThread 429" 7edd84e000
           <...>-7250  [004] ....   371.186222: do_anonymous_page: anonymous tgid 6311 7250 "AudioTrack" 13500000
           <...>-7250  [004] ....   371.186226: do_anonymous_page: anonymous tgid 6311 7250 "AudioTrack" 7f298ed000
           <...>-7250  [004] ....   371.186238: do_anonymous_page: anonymous tgid 6311 7250 "AudioTrack" 7edd84d000
    GLThread 429-6387  [004] ....   371.187048: do_anonymous_page: anonymous tgid 6311 6387 "GLThread 429" 7f28b0a000
           <...>-3703  [004] ....   371.187133: do_anonymous_page: anonymous tgid 1341 3703 "Binder:1341_C" 13112000
           <...>-1709  [004] ....   371.190317: do_anonymous_page: anonymous tgid 1709 1709 "ndroid.systemui" 12f48000
    GLThread 429-6387  [004] ....   371.190503: do_anonymous_page: anonymous tgid 6311 6387 "GLThread 429" 7e9b646000
     logd.writer-573   [004] ....   371.191631: do_anonymous_page: anonymous tgid 557 573 "logd.writer" 7fb57bb000
     logd.writer-573   [004] ....   371.191836: do_anonymous_page: anonymous tgid 557 573 "logd.writer" 7fb5809000
     logd.writer-573   [004] ....   371.192051: do_anonymous_page: anonymous tgid 557 573 "logd.writer" 7fb580a000
           <...>-7252  [004] ....   371.193918: do_anonymous_page: anonymous tgid 6311 7252 "GLThread 429" 7ecf58c000
           <...>-7252  [004] ....   371.193994: do_anonymous_page: anonymous tgid 6311 7252 "AudioTrack" 7e9c538000
           <...>-7252  [004] ....   371.193997: do_anonymous_page: anonymous tgid 6311 7252 "AudioTrack" 7e9c53a000
           <...>-7252  [004] ....   371.193998: do_anonymous_page: anonymous tgid 6311 7252 "AudioTrack" 7e9c539000
           <...>-7252  [004] ....   371.194081: do_anonymous_page: anonymous tgid 6311 7252 "AudioTrack" 13540000
           <...>-7252  [004] ....   371.194084: do_anonymous_page: anonymous tgid 6311 7252 "AudioTrack" 7f298e2000
           <...>-7252  [004] ....   371.194096: do_anonymous_page: anonymous tgid 6311 7252 "AudioTrack" 7ecf58b000
           <...>-7253  [004] ....   371.194144: do_anonymous_page: anonymous tgid 7226 7253 "Binder:7226_1" 7fbbdc2000
           <...>-7253  [004] ....   371.194155: do_anonymous_page: anonymous tgid 7226 7253 "Binder:7226_1" 7fbd42c000
           <...>-7253  [004] ....   371.194157: do_anonymous_page: anonymous tgid 7226 7253 "Binder:7226_1" 7fbd42d000
           <...>-7253  [004] ....   371.194165: do_anonymous_page: anonymous tgid 7226 7253 "Binder:7226_1" 7fbd42e000
           <...>-7253  [004] ....   371.194223: do_anonymous_page: anonymous tgid 7226 7253 "Binder:7226_2" 7fbd424000
           <...>-7254  [004] ....   371.194271: do_anonymous_page: anonymous tgid 6311 7254 "GLThread 429" 7ecf37d000
           <...>-7254  [004] ....   371.194311: do_anonymous_page: anonymous tgid 6311 7254 "AudioTrack" 7e80526000
           <...>-7254  [004] ....   371.194314: do_anonymous_page: anonymous tgid 6311 7254 "AudioTrack" 7e80527000
           <...>-7254  [004] ....   371.194316: do_anonymous_page: anonymous tgid 6311 7254 "AudioTrack" 7e80528000
           <...>-7254  [004] ....   371.194353: do_anonymous_page: anonymous tgid 6311 7254 "AudioTrack" 13580000
           <...>-7254  [004] ....   371.194356: do_anonymous_page: anonymous tgid 6311 7254 "AudioTrack" 7f298d7000
           <...>-7254  [004] ....   371.194363: do_anonymous_page: anonymous tgid 6311 7254 "AudioTrack" 7ecf37c000
           <...>-7260  [004] ....   371.194398: do_anonymous_page: anonymous tgid 6311 7260 "GLThread 429" 7e81abf000
           <...>-7260  [004] ....   371.194431: do_anonymous_page: anonymous tgid 6311 7260 "AudioTrack" 7e9c55a000
           <...>-7260  [004] ....   371.194434: do_anonymous_page: anonymous tgid 6311 7260 "AudioTrack" 7e9c55b000
           <...>-7260  [004] ....   371.194458: do_anonymous_page: anonymous tgid 6311 7260 "AudioTrack" 135c0000
           <...>-7260  [004] ....   371.194460: do_anonymous_page: anonymous tgid 6311 7260 "AudioTrack" 7f298cc000
           <...>-7260  [004] ....   371.194466: do_anonymous_page: anonymous tgid 6311 7260 "AudioTrack" 7e81abe000
           <...>-7259  [004] ....   371.194496: do_anonymous_page: anonymous tgid 6311 7259 "GLThread 429" 7e81bbc000
           <...>-7259  [004] ....   371.194522: do_anonymous_page: anonymous tgid 6311 7259 "AudioTrack" 7e80545000
           <...>-7259  [004] ....   371.194524: do_anonymous_page: anonymous tgid 6311 7259 "AudioTrack" 7e80546000
           <...>-7259  [004] ....   371.194547: do_anonymous_page: anonymous tgid 6311 7259 "AudioTrack" 13600000
           <...>-7259  [004] ....   371.194550: do_anonymous_page: anonymous tgid 6311 7259 "AudioTrack" 7f298c1000
           <...>-7259  [004] ....   371.194555: do_anonymous_page: anonymous tgid 6311 7259 "AudioTrack" 7e81bbb000
           <...>-7258  [004] ....   371.194575: do_anonymous_page: anonymous tgid 6311 7258 "GLThread 429" 7e9c4ca000
           <...>-7258  [004] ....   371.194592: do_anonymous_page: anonymous tgid 6311 7258 "GLThread 429" 7e88eb3000
           <...>-7258  [004] ....   371.194615: do_anonymous_page: anonymous tgid 6311 7258 "AudioTrack" 7e9c8a7000
           <...>-7258  [004] ....   371.194617: do_anonymous_page: anonymous tgid 6311 7258 "AudioTrack" 7e9c8a9000
           <...>-7258  [004] ....   371.194619: do_anonymous_page: anonymous tgid 6311 7258 "AudioTrack" 7e9c8a8000
           <...>-7258  [004] ....   371.194641: do_anonymous_page: anonymous tgid 6311 7258 "AudioTrack" 13640000
           <...>-7258  [004] ....   371.194643: do_anonymous_page: anonymous tgid 6311 7258 "AudioTrack" 7f298b6000
           <...>-7258  [004] ....   371.194648: do_anonymous_page: anonymous tgid 6311 7258 "AudioTrack" 7e88eb2000
           <...>-7256  [004] ....   371.194670: do_anonymous_page: anonymous tgid 6311 7256 "GLThread 429" 7e9c542000
           <...>-7257  [004] ....   371.194693: do_anonymous_page: anonymous tgid 6311 7257 "GLThread 429" 7e93d86000
           <...>-7257  [004] ....   371.194719: do_anonymous_page: anonymous tgid 6311 7257 "AudioTrack" 7e80654000
           <...>-7257  [004] ....   371.194721: do_anonymous_page: anonymous tgid 6311 7257 "AudioTrack" 7e80655000
           <...>-7257  [004] ....   371.194723: do_anonymous_page: anonymous tgid 6311 7257 "AudioTrack" 7e80656000
           <...>-7257  [004] ....   371.194747: do_anonymous_page: anonymous tgid 6311 7257 "AudioTrack" 13680000
           <...>-7257  [004] ....   371.194750: do_anonymous_page: anonymous tgid 6311 7257 "AudioTrack" 7f298a2000
           <...>-7257  [004] ....   371.194755: do_anonymous_page: anonymous tgid 6311 7257 "AudioTrack" 7e93d85000
           <...>-7256  [004] ....   371.194771: do_anonymous_page: anonymous tgid 6311 7256 "GLThread 429" 7ecae1a000
           <...>-7256  [004] ....   371.194801: do_anonymous_page: anonymous tgid 6311 7256 "AudioTrack" 7e9c9d0000
           <...>-7256  [004] ....   371.194804: do_anonymous_page: anonymous tgid 6311 7256 "AudioTrack" 7e9c9d1000
           <...>-7256  [004] ....   371.194827: do_anonymous_page: anonymous tgid 6311 7256 "AudioTrack" 136c0000
           <...>-7256  [004] ....   371.194830: do_anonymous_page: anonymous tgid 6311 7256 "AudioTrack" 7f298a0000
           <...>-7256  [004] ....   371.194835: do_anonymous_page: anonymous tgid 6311 7256 "AudioTrack" 7ecae19000
           <...>-7255  [004] ....   371.194862: do_anonymous_page: anonymous tgid 6311 7255 "GLThread 429" 7ece0d1000
           <...>-7255  [004] ....   371.194888: do_anonymous_page: anonymous tgid 6311 7255 "AudioTrack" 7e806d4000
           <...>-7255  [004] ....   371.194891: do_anonymous_page: anonymous tgid 6311 7255 "AudioTrack" 7e806d5000
           <...>-7255  [004] ....   371.194911: do_anonymous_page: anonymous tgid 6311 7255 "AudioTrack" 13700000
           <...>-7255  [004] ....   371.194913: do_anonymous_page: anonymous tgid 6311 7255 "AudioTrack" 7f29895000
           <...>-7255  [004] ....   371.194918: do_anonymous_page: anonymous tgid 6311 7255 "AudioTrack" 7ece0d0000
           <...>-7261  [004] ....   371.194945: do_anonymous_page: anonymous tgid 6311 7261 "GLThread 429" 7e819c2000
           <...>-7261  [004] ....   371.194971: do_anonymous_page: anonymous tgid 6311 7261 "AudioTrack" 7e9ca0b000
           <...>-7261  [004] ....   371.194973: do_anonymous_page: anonymous tgid 6311 7261 "AudioTrack" 7e9ca0d000
           <...>-7261  [004] ....   371.194975: do_anonymous_page: anonymous tgid 6311 7261 "AudioTrack" 7e9ca0c000
           <...>-7261  [004] ....   371.194998: do_anonymous_page: anonymous tgid 6311 7261 "AudioTrack" 13740000
           <...>-7261  [004] ....   371.195000: do_anonymous_page: anonymous tgid 6311 7261 "AudioTrack" 7f2988a000
           <...>-7261  [004] ....   371.195006: do_anonymous_page: anonymous tgid 6311 7261 "AudioTrack" 7e819c1000
           <...>-6804  [004] ....   371.195149: do_anonymous_page: anonymous tgid 842 6804 "Binder:842_7" 7f1b320000
    Binder:932_1-960   [004] ....   371.195613: do_anonymous_page: anonymous tgid 932 960 "Binder:932_1" 7f3a278000
 queued-work-loo-6390  [004] ....   371.197040: do_anonymous_page: anonymous tgid 6311 6390 "queued-work-loo" 7653a000
 queued-work-loo-6390  [004] ....   371.197047: do_anonymous_page: anonymous tgid 6311 6390 "queued-work-loo" 7654b000
 queued-work-loo-6390  [004] ....   371.197114: do_anonymous_page: anonymous tgid 6311 6390 "queued-work-loo" 7653b000
 queued-work-loo-6390  [004] ....   371.197131: do_anonymous_page: anonymous tgid 6311 6390 "queued-work-loo" 7653c000
 queued-work-loo-6390  [004] ....   371.197148: do_anonymous_page: anonymous tgid 6311 6390 "queued-work-loo" 7653d000
 queued-work-loo-6390  [004] ....   371.197161: do_anonymous_page: anonymous tgid 6311 6390 "queued-work-loo" 7653e000
 queued-work-loo-6390  [004] ....   371.197174: do_anonymous_page: anonymous tgid 6311 6390 "queued-work-loo" 7653f000
 queued-work-loo-6390  [004] ....   371.197186: do_anonymous_page: anonymous tgid 6311 6390 "queued-work-loo" 76540000
 queued-work-loo-6390  [004] ....   371.197205: do_anonymous_page: anonymous tgid 6311 6390 "queued-work-loo" 7654c000
 queued-work-loo-6390  [004] ....   371.197213: do_anonymous_page: anonymous tgid 6311 6390 "queued-work-loo" 7654d000
 queued-work-loo-6390  [004] ....   371.197223: do_anonymous_page: anonymous tgid 6311 6390 "queued-work-loo" 7654e000
    Binder:932_1-960   [004] ....   371.200674: do_anonymous_page: anonymous tgid 932 960 "Binder:932_1" 7f3a282000
           <...>-3703  [004] ....   371.200879: do_anonymous_page: anonymous tgid 1341 3703 "Binder:1341_C" 13113000
   system_server-1341  [004] ....   371.201215: do_anonymous_page: anonymous tgid 1341 1341 "system_server" 12e02000
           <...>-6804  [004] ....   371.201637: do_anonymous_page: anonymous tgid 842 6804 "Binder:842_7" 7f38d30000
           <...>-3703  [004] ....   371.204560: do_anonymous_page: anonymous tgid 1341 3703 "Binder:1341_C" 13114000
           <...>-1236  [004] ....   371.205545: do_anonymous_page: anonymous tgid 934 1236 "statsd.writer" 7fba197000
    Binder:932_1-960   [004] ....   371.206286: do_anonymous_page: anonymous tgid 932 960 "Binder:932_1" 7f3a27c000
           <...>-3703  [004] ....   371.206466: do_anonymous_page: anonymous tgid 1341 3703 "Binder:1341_C" 13115000
   system_server-1341  [004] ....   371.206517: do_anonymous_page: anonymous tgid 1341 1341 "system_server" 12e03000
           <...>-3703  [004] ....   371.211389: do_anonymous_page: anonymous tgid 1341 3703 "Binder:1341_C" 13116000
  Binder:1341_15-6228  [004] ....   371.212154: do_anonymous_page: anonymous tgid 1341 6228 "Binder:1341_15" 130c9000
    Binder:932_1-960   [004] ....   371.212953: do_anonymous_page: anonymous tgid 932 960 "Binder:932_1" 7f3a279000
           <...>-3703  [004] ....   371.214803: do_anonymous_page: anonymous tgid 1341 3703 "Binder:1341_C" 13117000
    Binder:932_1-960   [004] ....   371.214860: do_anonymous_page: anonymous tgid 932 960 "Binder:932_1" 7f3a238000
   system_server-1341  [004] ....   371.215901: do_anonymous_page: anonymous tgid 1341 1341 "system_server" 12e04000
    Binder:932_1-960   [004] ....   371.216491: do_anonymous_page: anonymous tgid 932 960 "Binder:932_1" 7f3a27d000
           <...>-3703  [004] ....   371.217250: do_anonymous_page: anonymous tgid 1341 3703 "Binder:1341_C" 13118000
    Binder:932_1-960   [004] ....   371.217361: do_anonymous_page: anonymous tgid 932 960 "Binder:932_1" 7f3a283000
           <...>-1230  [004] ....   371.217675: do_anonymous_page: anonymous tgid 842 1230 "Binder:842_1" 7f38d31000
           <...>-3703  [004] ....   371.220962: do_anonymous_page: anonymous tgid 1341 3703 "Binder:1341_C" 13119000
           <...>-3703  [004] ....   371.223602: do_anonymous_page: anonymous tgid 1341 3703 "Binder:1341_C" 1311a000
    Binder:932_1-960   [004] ....   371.224162: do_anonymous_page: anonymous tgid 932 960 "Binder:932_1" 7f3a284000
    Binder:932_1-960   [004] ....   371.225191: do_anonymous_page: anonymous tgid 932 960 "Binder:932_1" 7f3a27e000
  Binder:1341_15-6228  [004] ....   371.226444: do_anonymous_page: anonymous tgid 1341 6228 "Binder:1341_15" 130ca000
           <...>-3703  [004] ....   371.226527: do_anonymous_page: anonymous tgid 1341 3703 "Binder:1341_C" 1311b000
   system_server-1341  [004] ....   371.227009: do_anonymous_page: anonymous tgid 1341 1341 "system_server" 12e05000
 .candycrushsaga-6311  [004] ....   371.228903: do_anonymous_page: anonymous tgid 6311 6311 ".candycrushsaga" 12d48000
 .candycrushsaga-6311  [004] ....   371.229434: do_anonymous_page: anonymous tgid 6311 6311 ".candycrushsaga" 12d49000
           <...>-745   [004] ....   371.230928: do_anonymous_page: anonymous tgid 602 745 "Binder:602_3" 7fba72b000
           <...>-745   [004] ....   371.230936: do_anonymous_page: anonymous tgid 602 745 "Binder:602_3" 7fba729000
           <...>-745   [004] ....   371.230943: do_anonymous_page: anonymous tgid 602 745 "Binder:602_3" 7fba72a000
           <...>-745   [004] ....   371.230974: do_anonymous_page: anonymous tgid 602 745 "Binder:602_3" 7fba6e9000
  Binder:1341_15-6228  [004] ....   371.231333: do_anonymous_page: anonymous tgid 1341 6228 "Binder:1341_15" 130cb000
 .candycrushsaga-6311  [004] ....   371.232857: do_anonymous_page: anonymous tgid 6311 6311 ".candycrushsaga" 12d4a000
 .candycrushsaga-6311  [004] ....   371.234072: do_anonymous_page: anonymous tgid 6311 6311 ".candycrushsaga" 12d4b000
           <...>-745   [004] ....   371.234141: do_anonymous_page: anonymous tgid 602 745 "Binder:602_3" 7fba736000
           <...>-745   [004] ....   371.234145: do_anonymous_page: anonymous tgid 602 745 "Binder:602_3" 7fba734000
           <...>-745   [004] ....   371.234149: do_anonymous_page: anonymous tgid 602 745 "Binder:602_3" 7fba735000
           <...>-745   [004] ....   371.234165: do_anonymous_page: anonymous tgid 602 745 "Binder:602_3" 7fba725000
           <...>-745   [004] ....   371.234168: do_anonymous_page: anonymous tgid 602 745 "Binder:602_3" 7fba724000
           <...>-745   [004] ....   371.234180: do_anonymous_page: anonymous tgid 602 745 "Binder:602_3" 7fba61d000
           <...>-1884  [004] ....   371.234758: do_anonymous_page: anonymous tgid 602 1884 "Binder:602_5" 7fb797c000
           <...>-1884  [004] ....   371.234765: do_anonymous_page: anonymous tgid 602 1884 "Binder:602_5" 7fb797a000
           <...>-1884  [004] ....   371.234770: do_anonymous_page: anonymous tgid 602 1884 "Binder:602_5" 7fb797b000
           <...>-1884  [004] ....   371.234950: do_anonymous_page: anonymous tgid 602 1884 "Binder:602_5" 7fb74f7000
           <...>-1884  [004] ....   371.234954: do_anonymous_page: anonymous tgid 602 1884 "Binder:602_5" 7fb74f5000
           <...>-1884  [004] ....   371.234958: do_anonymous_page: anonymous tgid 602 1884 "Binder:602_5" 7fb74f6000
    GLThread 429-6387  [004] ....   371.236345: do_anonymous_page: anonymous tgid 6311 6387 "GLThread 429" 7e9c4af000
        Thread-9-6549  [004] ....   371.236476: do_anonymous_page: anonymous tgid 6311 6549 "Thread-9" 7e9c553000
        Thread-9-6549  [004] ....   371.236497: do_anonymous_page: anonymous tgid 6311 6549 "Thread-9" 7e9cb15000
    GLThread 429-6387  [004] ....   371.237472: do_anonymous_page: anonymous tgid 6311 6387 "GLThread 429" 7e9c4b0000
    GLThread 429-6387  [004] ....   371.238776: do_anonymous_page: anonymous tgid 6311 6387 "GLThread 429" 12f81000
        Thread-9-6549  [004] ....   371.239298: do_anonymous_page: anonymous tgid 6311 6549 "Thread-9" 13780000
        Thread-9-6549  [004] ....   371.239306: do_anonymous_page: anonymous tgid 6311 6549 "Thread-9" 7fbbdf5000
        Thread-9-6549  [004] ....   371.239399: do_anonymous_page: anonymous tgid 6311 6549 "Thread-9" 13781000
        Thread-9-6549  [004] ....   371.239446: do_anonymous_page: anonymous tgid 6311 6549 "Thread-9" 13782000
        Thread-9-6549  [004] ....   371.239513: do_anonymous_page: anonymous tgid 6311 6549 "Thread-9" 7f29dca000
        Thread-9-6549  [004] ....   371.239518: do_anonymous_page: anonymous tgid 6311 6549 "Thread-9" 7f29dc9000
           <...>-745   [004] ....   371.241478: do_anonymous_page: anonymous tgid 602 745 "Binder:602_3" 7fba692000
           <...>-602   [004] ....   371.242354: do_anonymous_page: anonymous tgid 602 602 "surfaceflinger" 7faa6ad000
 pool-11-thread--7262  [004] ....   371.246357: do_anonymous_page: anonymous tgid 6311 7262 "pool-11-thread-" 7fbe074000
 pool-11-thread--7262  [004] ....   371.246372: do_anonymous_page: anonymous tgid 6311 7262 "pool-11-thread-" 7f29dc7000
 pool-11-thread--7262  [004] ....   371.246391: do_anonymous_page: anonymous tgid 6311 7262 "pool-11-thread-" 137c0000
 pool-11-thread--7262  [004] ....   371.246407: do_anonymous_page: anonymous tgid 6311 7262 "pool-11-thread-" 7f29dc8000
 pool-11-thread--7262  [004] ....   371.246435: do_anonymous_page: anonymous tgid 6311 7262 "pool-11-thread-" 7f2d746000
 pool-11-thread--7262  [004] ....   371.246512: do_anonymous_page: anonymous tgid 6311 7262 "pool-11-thread-" 137c1000
 pool-11-thread--7262  [004] ....   371.246576: do_anonymous_page: anonymous tgid 6311 7262 "pool-11-thread-" 137c2000
 pool-11-thread--7262  [004] ....   371.246609: do_anonymous_page: anonymous tgid 6311 7262 "pool-11-thread-" 137c3000
 pool-11-thread--7262  [004] ....   371.246686: do_anonymous_page: anonymous tgid 6311 7262 "pool-11-thread-" 137c4000
 pool-11-thread--7262  [004] ....   371.246740: do_anonymous_page: anonymous tgid 6311 7262 "pool-11-thread-" 137c5000
 pool-11-thread--7262  [004] ....   371.246792: do_anonymous_page: anonymous tgid 6311 7262 "pool-11-thread-" 7f29dc6000
 pool-11-thread--7262  [004] ....   371.246806: do_anonymous_page: anonymous tgid 6311 7262 "pool-11-thread-" 137c6000
 pool-11-thread--7262  [004] ....   371.246843: do_anonymous_page: anonymous tgid 6311 7262 "pool-11-thread-" 137c7000
 pool-11-thread--7262  [004] ....   371.246981: do_anonymous_page: anonymous tgid 6311 7262 "pool-11-thread-" 137c8000
            netd-1038  [004] ....   371.247641: do_anonymous_page: anonymous tgid 787 1038 "netd" 7fad224000
            netd-1038  [004] ....   371.247651: do_anonymous_page: anonymous tgid 787 1038 "netd" 7fad223000
           <...>-7263  [004] ....   371.249936: do_anonymous_page: anonymous tgid 787 7263 "netd" 7fad221000
           <...>-7263  [004] ....   371.250029: do_anonymous_page: anonymous tgid 787 7263 "netd" 7fad220000
           <...>-7263  [004] ....   371.250055: do_anonymous_page: anonymous tgid 787 7263 "netd" 7fba02c000
           <...>-7263  [004] ....   371.250065: do_anonymous_page: anonymous tgid 787 7263 "netd" 7fad222000
           <...>-7263  [004] ....   371.250076: do_anonymous_page: anonymous tgid 787 7263 "netd" 7fba039000
           <...>-7263  [004] ....   371.250078: do_anonymous_page: anonymous tgid 787 7263 "netd" 7fba03a000
           <...>-7263  [004] ....   371.250080: do_anonymous_page: anonymous tgid 787 7263 "netd" 7fba03b000
           <...>-7263  [004] ....   371.250083: do_anonymous_page: anonymous tgid 787 7263 "netd" 7fba03c000
           <...>-7263  [004] ....   371.250326: do_anonymous_page: anonymous tgid 787 7263 "netd" 7fba05c000
           <...>-7263  [004] ....   371.250332: do_anonymous_page: anonymous tgid 787 7263 "netd" 7fba05d000
           <...>-7263  [004] ....   371.250334: do_anonymous_page: anonymous tgid 787 7263 "netd" 7fba05e000
           <...>-7263  [004] ....   371.250336: do_anonymous_page: anonymous tgid 787 7263 "netd" 7fba05f000
           <...>-7263  [004] ....   371.250338: do_anonymous_page: anonymous tgid 787 7263 "netd" 7fba05a000
           <...>-7263  [004] ....   371.250344: do_anonymous_page: anonymous tgid 787 7263 "netd" 7fba060000
           <...>-7263  [004] ....   371.250352: do_anonymous_page: anonymous tgid 787 7263 "netd" 7fad21f000
           <...>-7263  [004] ....   371.250371: do_anonymous_page: anonymous tgid 787 7263 "netd" 7fad21e000
           <...>-7263  [004] ....   371.250375: do_anonymous_page: anonymous tgid 787 7263 "netd" 7fba06c000
           <...>-7263  [004] ....   371.250383: do_anonymous_page: anonymous tgid 787 7263 "netd" 7fba06f000
 wifi_ext@1.0-se-3407  [004] ....   371.256370: do_anonymous_page: anonymous tgid 827 3407 "wifi_ext@1.0-se" 7fba22d000
 wifi_ext@1.0-se-3407  [004] ....   371.256378: do_anonymous_page: anonymous tgid 827 3407 "wifi_ext@1.0-se" 7fba22e000
 wifi_ext@1.0-se-3407  [004] ....   371.256380: do_anonymous_page: anonymous tgid 827 3407 "wifi_ext@1.0-se" 7fba22f000
 wifi_ext@1.0-se-3407  [004] ....   371.256391: do_anonymous_page: anonymous tgid 827 3407 "wifi_ext@1.0-se" 7fb9bb6000
 wifi_ext@1.0-se-3407  [004] ....   371.256393: do_anonymous_page: anonymous tgid 827 3407 "wifi_ext@1.0-se" 7fb9bb7000
           <...>-6394  [004] ....   371.258481: do_anonymous_page: anonymous tgid 6311 6394 "hwuiTask1" 7f30b06000
           <...>-6394  [004] ....   371.258509: do_anonymous_page: anonymous tgid 6311 6394 "hwuiTask1" 7ece361000
           <...>-745   [004] ....   371.259845: do_anonymous_page: anonymous tgid 602 745 "Binder:602_3" 7fba693000
           <...>-745   [004] ....   371.260044: do_anonymous_page: anonymous tgid 602 745 "Binder:602_3" 7fba6bb000
           <...>-6350  [004] ....   371.260108: do_anonymous_page: anonymous tgid 6311 6350 "RenderThread" 13800000
           <...>-6350  [004] ....   371.260133: do_anonymous_page: anonymous tgid 6311 6350 "RenderThread" 7f31479000
           <...>-3703  [004] ....   371.260968: do_anonymous_page: anonymous tgid 1341 3703 "Binder:1341_C" 1311c000
 .candycrushsaga-6311  [004] ....   371.261259: do_anonymous_page: anonymous tgid 6311 6311 ".candycrushsaga" 12d4c000
 .candycrushsaga-6311  [004] ....   371.262637: do_anonymous_page: anonymous tgid 6311 6311 ".candycrushsaga" 12d4d000
 .candycrushsaga-6311  [004] ....   371.263071: do_anonymous_page: anonymous tgid 6311 6311 ".candycrushsaga" 12d4e000
    Binder:933_2-2066  [004] ....   371.264067: do_anonymous_page: anonymous tgid 933 2066 "Binder:933_2" f2dcc000
    Binder:933_2-2066  [004] ....   371.264197: do_anonymous_page: anonymous tgid 933 2066 "Binder:933_2" f2ccb000
  CrRendererMain-6695  [004] ....   371.268480: do_anonymous_page: anonymous tgid 6670 6695 "CrRendererMain" cb5a4000
  CrRendererMain-6695  [004] ....   371.268691: do_anonymous_page: anonymous tgid 6670 6695 "CrRendererMain" cb5a5000
  CrRendererMain-6695  [004] ....   371.268735: do_anonymous_page: anonymous tgid 6670 6695 "CrRendererMain" 2bd3e000
    GLThread 429-6387  [004] ....   371.269271: do_anonymous_page: anonymous tgid 6311 6387 "GLThread 429" 12f82000
    GLThread 429-6544  [004] ....   371.269786: do_anonymous_page: anonymous tgid 6311 6544 "GLThread 429" 7e9c563000
    GLThread 429-6544  [004] ....   371.269795: do_anonymous_page: anonymous tgid 6311 6544 "GLThread 429" 7e9c554000
    GLThread 429-6544  [004] ....   371.269797: do_anonymous_page: anonymous tgid 6311 6544 "GLThread 429" 7e9c555000
    GLThread 429-6544  [004] ....   371.269799: do_anonymous_page: anonymous tgid 6311 6544 "GLThread 429" 7e9c556000
    GLThread 429-6544  [004] ....   371.269801: do_anonymous_page: anonymous tgid 6311 6544 "GLThread 429" 7e9c557000
    GLThread 429-6544  [004] ....   371.269803: do_anonymous_page: anonymous tgid 6311 6544 "GLThread 429" 7e9c558000
    GLThread 429-6544  [004] ....   371.269804: do_anonymous_page: anonymous tgid 6311 6544 "GLThread 429" 7e9c559000
    GLThread 429-6544  [004] ....   371.269807: do_anonymous_page: anonymous tgid 6311 6544 "GLThread 429" 7e9c55c000
    GLThread 429-6544  [004] ....   371.269808: do_anonymous_page: anonymous tgid 6311 6544 "GLThread 429" 7e9c55d000
    GLThread 429-6544  [004] ....   371.269810: do_anonymous_page: anonymous tgid 6311 6544 "GLThread 429" 7e9c55e000
    GLThread 429-6544  [004] ....   371.269816: do_anonymous_page: anonymous tgid 6311 6544 "GLThread 429" 7e9c55f000
    GLThread 429-6544  [004] ....   371.269818: do_anonymous_page: anonymous tgid 6311 6544 "GLThread 429" 7e9c560000
    GLThread 429-6544  [004] ....   371.269820: do_anonymous_page: anonymous tgid 6311 6544 "GLThread 429" 7e9c561000
    GLThread 429-6544  [004] ....   371.269822: do_anonymous_page: anonymous tgid 6311 6544 "GLThread 429" 7e9c562000
    GLThread 429-6544  [004] ....   371.269825: do_anonymous_page: anonymous tgid 6311 6544 "GLThread 429" 7e9b9cc000
    GLThread 429-6544  [004] ....   371.269827: do_anonymous_page: anonymous tgid 6311 6544 "GLThread 429" 7e9b9cd000
    GLThread 429-6544  [004] ....   371.269829: do_anonymous_page: anonymous tgid 6311 6544 "GLThread 429" 7e9b9ce000
    GLThread 429-6544  [004] ....   371.269831: do_anonymous_page: anonymous tgid 6311 6544 "GLThread 429" 7e9b9cf000
    GLThread 429-6544  [004] ....   371.269833: do_anonymous_page: anonymous tgid 6311 6544 "GLThread 429" 7e9b9d0000
    GLThread 429-6544  [004] ....   371.269847: do_anonymous_page: anonymous tgid 6311 6544 "GLThread 429" 7e9cb19000
    GLThread 429-6544  [004] ....   371.269849: do_anonymous_page: anonymous tgid 6311 6544 "GLThread 429" 7e9cb21000
    GLThread 429-6544  [004] ....   371.270032: do_anonymous_page: anonymous tgid 6311 6544 "GLThread 429" 7f29bb8000
    GLThread 429-6544  [004] ....   371.270037: do_anonymous_page: anonymous tgid 6311 6544 "GLThread 429" 7f29bb7000
           <...>-7265  [004] ....   371.270512: do_anonymous_page: anonymous tgid 933 7265 "Binder:933_2" f2cca000
           <...>-7231  [004] ....   371.271117: do_anonymous_page: anonymous tgid 842 7231 "Binder:842_8" 7f2a5cb000
           <...>-7265  [004] ....   371.271735: do_anonymous_page: anonymous tgid 933 7265 "NuPlayerDriver " f2ac9000
 .candycrushsaga-6311  [004] ....   371.272442: do_anonymous_page: anonymous tgid 6311 6311 ".candycrushsaga" 12d4f000
 .candycrushsaga-6311  [004] ....   371.273144: do_anonymous_page: anonymous tgid 6311 6311 ".candycrushsaga" 12d50000
  Binder:1341_15-6228  [004] ....   371.273890: do_anonymous_page: anonymous tgid 1341 6228 "Binder:1341_15" 130cc000
           <...>-2559  [004] ....   371.284876: do_anonymous_page: anonymous tgid 2559 2559 "gle.android.gms" 12c5e000
           <...>-7230  [004] ....   371.285067: do_anonymous_page: anonymous tgid 5622 7230 "Binder:5622_5" 7f2d639000
           <...>-1361  [004] ....   371.285300: do_anonymous_page: anonymous tgid 1341 1361 "android.fg" 12f01000
           <...>-7229  [004] ....   371.285378: do_anonymous_page: anonymous tgid 912 7229 "Binder:912_6" f4e07000
           <...>-7229  [004] ....   371.285396: do_anonymous_page: anonymous tgid 912 7229 "Binder:912_6" f7b13000
           <...>-7229  [004] ....   371.285399: do_anonymous_page: anonymous tgid 912 7229 "Binder:912_6" f7b14000
           <...>-7229  [004] ....   371.285403: do_anonymous_page: anonymous tgid 912 7229 "Binder:912_6" f4df7000
           <...>-2576  [004] ....   371.286658: do_anonymous_page: anonymous tgid 2559 2576 "Binder:2559_1" 7fba3f9000
           <...>-2576  [004] ....   371.286679: do_anonymous_page: anonymous tgid 2559 2576 "Binder:2559_1" 12f80000
           <...>-602   [004] ....   371.287811: do_anonymous_page: anonymous tgid 602 602 "surfaceflinger" 7fb74f2000
           <...>-6340  [004] ....   371.289757: do_anonymous_page: anonymous tgid 6311 6340 "AsyncTask #1" 12fc1000
           <...>-6340  [004] ....   371.290157: do_anonymous_page: anonymous tgid 6311 6340 "AsyncTask #1" 12fc2000
           <...>-6340  [004] ....   371.290242: do_anonymous_page: anonymous tgid 6311 6340 "AsyncTask #1" 12fc3000
           <...>-6340  [004] ....   371.290315: do_anonymous_page: anonymous tgid 6311 6340 "AsyncTask #1" 12fc4000
           <...>-6340  [004] ....   371.290396: do_anonymous_page: anonymous tgid 6311 6340 "AsyncTask #1" 12fc5000
           <...>-6340  [004] ....   371.290437: do_anonymous_page: anonymous tgid 6311 6340 "AsyncTask #1" 12fc6000
           <...>-6340  [004] ....   371.290570: do_anonymous_page: anonymous tgid 6311 6340 "AsyncTask #1" 12fc7000
           <...>-7264  [004] ....   371.290925: do_anonymous_page: anonymous tgid 933 7264 "Binder:933_2" f2dcb000
           <...>-7267  [004] ....   371.291048: do_anonymous_page: anonymous tgid 933 7267 "NuPlayerDriver " f2ac8000
           <...>-4906  [004] ....   371.293243: do_anonymous_page: anonymous tgid 930 4906 "Binder:930_7" 2955557000
           <...>-4906  [004] ....   371.293250: do_anonymous_page: anonymous tgid 930 4906 "Binder:930_7" 2b55554000
           <...>-4906  [004] ....   371.293361: do_anonymous_page: anonymous tgid 930 4906 "Binder:930_7" 295555e000
           <...>-4906  [004] ....   371.293392: do_anonymous_page: anonymous tgid 930 4906 "Binder:930_7" 2b55559000
           <...>-4906  [004] ....   371.293490: do_anonymous_page: anonymous tgid 930 4906 "Binder:930_7" 2b55552000
           <...>-4906  [004] ....   371.293524: do_anonymous_page: anonymous tgid 930 4906 "Binder:930_7" 2e55552000
           <...>-4906  [004] ....   371.293955: do_anonymous_page: anonymous tgid 930 4906 "Binder:930_7" 2655558000
           <...>-4906  [004] ....   371.294047: do_anonymous_page: anonymous tgid 930 4906 "Binder:930_7" 1855563000
           <...>-7267  [004] ....   371.294142: do_anonymous_page: anonymous tgid 933 7267 "generic" f7ae7000
           <...>-7267  [004] ....   371.294223: do_anonymous_page: anonymous tgid 933 7267 "generic" f7ae8000
 .candycrushsaga-6311  [004] ....   371.294613: do_anonymous_page: anonymous tgid 6311 6311 ".candycrushsaga" 7f29754000
 .candycrushsaga-6311  [004] ....   371.294619: do_anonymous_page: anonymous tgid 6311 6311 ".candycrushsaga" 7f29753000
           <...>-745   [004] ....   371.295242: do_anonymous_page: anonymous tgid 602 745 "Binder:602_3" 7fba6ff000
           <...>-7266  [004] ....   371.297290: do_anonymous_page: anonymous tgid 6311 7266 "GLThread 429" 7f29bb6000
           <...>-7266  [004] ....   371.297432: do_anonymous_page: anonymous tgid 6311 7266 "GLThread 429" 7ec90a2000
            netd-1038  [004] ....   371.297483: do_anonymous_page: anonymous tgid 787 1038 "netd" 7fac127000
            netd-1038  [004] ....   371.297490: do_anonymous_page: anonymous tgid 787 1038 "netd" 7fac126000
           <...>-4906  [004] ....   371.297741: do_anonymous_page: anonymous tgid 930 4906 "Binder:930_7" 2855553000
           <...>-4906  [004] ....   371.297764: do_anonymous_page: anonymous tgid 930 4906 "Binder:930_7" 2d55558000
           <...>-4906  [004] ....   371.298011: do_anonymous_page: anonymous tgid 930 4906 "Binder:930_7" 7fbe2a8000
           <...>-4906  [004] ....   371.298037: do_anonymous_page: anonymous tgid 930 4906 "Binder:930_7" 7fbe2a8000
           <...>-4906  [004] ....   371.298072: do_anonymous_page: anonymous tgid 930 4906 "Binder:930_7" 7fbe2a8000
           <...>-4906  [004] ....   371.298084: do_anonymous_page: anonymous tgid 930 4906 "Binder:930_7" 1835555000
           <...>-4906  [004] ....   371.299099: do_anonymous_page: anonymous tgid 930 4906 "Binder:930_7" 7fbe2a8000
           <...>-4906  [004] ....   371.299116: do_anonymous_page: anonymous tgid 930 4906 "Binder:930_7" 7fbe2a8000
           <...>-7268  [004] ....   371.299541: do_anonymous_page: anonymous tgid 6311 7268 "SetSubtitleAnch" 7fbe06b000
           <...>-7268  [004] ....   371.299552: do_anonymous_page: anonymous tgid 6311 7268 "SetSubtitleAnch" 7f29751000
           <...>-7268  [004] ....   371.299570: do_anonymous_page: anonymous tgid 6311 7268 "SetSubtitleAnch" 13840000
           <...>-7268  [004] ....   371.299600: do_anonymous_page: anonymous tgid 6311 7268 "SetSubtitleAnch" 7f29752000
           <...>-7265  [004] ....   371.299926: do_anonymous_page: anonymous tgid 933 7265 "NuPlayerDriver " f2dd6000
 .candycrushsaga-6311  [004] ....   371.300146: do_anonymous_page: anonymous tgid 6311 6311 ".candycrushsaga" 12d51000
     mediaserver-933   [004] ....   371.300421: do_anonymous_page: anonymous tgid 933 933 "mediaserver" f29c8000
     mediaserver-933   [004] ....   371.300494: do_anonymous_page: anonymous tgid 933 933 "mediaserver" f28c7000
     mediaserver-933   [004] ....   371.301860: do_anonymous_page: anonymous tgid 933 933 "mediaserver" f7a04000
     mediaserver-933   [004] ....   371.301868: do_anonymous_page: anonymous tgid 933 933 "mediaserver" f7a36000
 NuPlayerDriver -7271  [004] ....   371.302316: do_anonymous_page: anonymous tgid 933 7271 "mediaserver" f28c6000
           <...>-3285  [004] ....   371.303561: do_anonymous_page: anonymous tgid 933 3285 "Binder:933_4" f2e34000
           <...>-1365  [004] ....   371.305179: do_anonymous_page: anonymous tgid 1341 1365 "android.anim" 13141000
           <...>-745   [004] ....   371.305323: do_anonymous_page: anonymous tgid 602 745 "Binder:602_3" 7fba739000
           <...>-745   [004] ....   371.305327: do_anonymous_page: anonymous tgid 602 745 "Binder:602_3" 7fba737000
           <...>-745   [004] ....   371.305332: do_anonymous_page: anonymous tgid 602 745 "Binder:602_3" 7fba738000
           <...>-1365  [004] ....   371.305598: do_anonymous_page: anonymous tgid 1341 1365 "android.anim" 13142000
           <...>-745   [004] ....   371.305696: do_anonymous_page: anonymous tgid 602 745 "Binder:602_3" 7fba73c000
           <...>-745   [004] ....   371.305700: do_anonymous_page: anonymous tgid 602 745 "Binder:602_3" 7fba73a000
           <...>-745   [004] ....   371.305705: do_anonymous_page: anonymous tgid 602 745 "Binder:602_3" 7fba73b000
           <...>-1365  [004] ....   371.305814: do_anonymous_page: anonymous tgid 1341 1365 "android.anim" 13143000
           <...>-1365  [004] ....   371.306142: do_anonymous_page: anonymous tgid 1341 1365 "android.anim" 13144000
           <...>-1884  [004] ....   371.306400: do_anonymous_page: anonymous tgid 602 1884 "Binder:602_5" 7fb7502000
           <...>-1884  [004] ....   371.306404: do_anonymous_page: anonymous tgid 602 1884 "Binder:602_5" 7fb7500000
           <...>-1884  [004] ....   371.306410: do_anonymous_page: anonymous tgid 602 1884 "Binder:602_5" 7fb7501000
           <...>-1365  [004] ....   371.306569: do_anonymous_page: anonymous tgid 1341 1365 "android.anim" 13145000
           <...>-745   [004] ....   371.306714: do_anonymous_page: anonymous tgid 602 745 "Binder:602_3" 7fba73f000
           <...>-745   [004] ....   371.306718: do_anonymous_page: anonymous tgid 602 745 "Binder:602_3" 7fba73d000
           <...>-745   [004] ....   371.306728: do_anonymous_page: anonymous tgid 602 745 "Binder:602_3" 7fba73e000
           <...>-1365  [004] ....   371.307302: do_anonymous_page: anonymous tgid 1341 1365 "android.anim" 13146000
           <...>-1365  [004] ....   371.307621: do_anonymous_page: anonymous tgid 1341 1365 "android.anim" 13147000
           <...>-1366  [004] ....   371.307824: do_anonymous_page: anonymous tgid 1341 1366 "android.anim.lf" 132c0000
 NuPlayerDriver -7271  [004] ....   371.307912: do_anonymous_page: anonymous tgid 933 7271 "NuPlayerDriver " f27c6000
           <...>-1709  [004] ....   371.308527: do_anonymous_page: anonymous tgid 1709 1709 "ndroid.systemui" 12f49000
           <...>-745   [004] ....   371.308662: do_anonymous_page: anonymous tgid 602 745 "Binder:602_3" 7fba74e000
           <...>-745   [004] ....   371.308666: do_anonymous_page: anonymous tgid 602 745 "Binder:602_3" 7fba74c000
           <...>-745   [004] ....   371.308672: do_anonymous_page: anonymous tgid 602 745 "Binder:602_3" 7fba74d000
           <...>-1365  [004] ....   371.308955: do_anonymous_page: anonymous tgid 1341 1365 "android.anim" 13148000
           <...>-640   [004] ....   371.313088: do_anonymous_page: anonymous tgid 602 640 "Binder:602_2" 7fb74f9000
           <...>-1731  [004] ....   371.314443: do_anonymous_page: anonymous tgid 1709 1731 "Binder:1709_2" 7fba3af000
           <...>-1731  [004] ....   371.314466: do_anonymous_page: anonymous tgid 1709 1731 "Binder:1709_2" 13040000
           <...>-745   [004] ....   371.314694: do_anonymous_page: anonymous tgid 602 745 "Binder:602_3" 7fba74f000
           <...>-745   [004] ....   371.314730: do_anonymous_page: anonymous tgid 602 745 "Binder:602_3" 7fba750000
           <...>-745   [004] ....   371.314749: do_anonymous_page: anonymous tgid 602 745 "Binder:602_3" 7fba751000
           <...>-1506  [004] ....   371.316118: do_anonymous_page: anonymous tgid 1341 1506 "Binder:1341_4" 12c57000
           <...>-7253  [004] ....   371.316326: do_anonymous_page: anonymous tgid 7226 7253 "Binder:7226_2" 7fbd432000
           <...>-3168  [004] ....   371.317976: do_anonymous_page: anonymous tgid 2268 3168 "Binder:2268_6" 7f30af6000
           <...>-3168  [004] ....   371.317999: do_anonymous_page: anonymous tgid 2268 3168 "Binder:2268_6" 13d40000
           <...>-2223  [004] ....   371.319053: do_anonymous_page: anonymous tgid 1709 2223 "ScreenDecoratio" 137d4000
           <...>-2094  [004] ....   371.320314: do_anonymous_page: anonymous tgid 2068 2094 "UiThreadHelper" 12cd7000
 m.android.phone-1929  [004] ....   371.321702: do_anonymous_page: anonymous tgid 1929 1929 "m.android.phone" 133c2000
           <...>-5697  [004] ....   371.322218: do_anonymous_page: anonymous tgid 5675 5697 "Binder:5675_2" 7fba3af000
           <...>-5697  [004] ....   371.322238: do_anonymous_page: anonymous tgid 5675 5697 "Binder:5675_2" 12e40000
 .candycrushsaga-6311  [004] ....   371.323179: do_anonymous_page: anonymous tgid 6311 6311 ".candycrushsaga" 12d52000
           <...>-2056  [004] ....   371.324792: do_anonymous_page: anonymous tgid 1709 2056 "pool-2-thread-1" 13080000
           <...>-2223  [004] ....   371.325393: do_anonymous_page: anonymous tgid 1709 2223 "ScreenDecoratio" 137d5000
           <...>-602   [004] ....   371.325770: do_anonymous_page: anonymous tgid 602 602 "surfaceflinger" 7faa720000
           <...>-602   [004] ....   371.326718: do_anonymous_page: anonymous tgid 602 602 "surfaceflinger" 7fb74f8000
   Binder:1341_D-3737  [004] ....   371.327493: do_anonymous_page: anonymous tgid 1341 3737 "Binder:1341_D" 13085000
           <...>-2223  [004] ....   371.331292: do_anonymous_page: anonymous tgid 1709 2223 "ScreenDecoratio" 137d6000
           <...>-1709  [004] ....   371.332673: do_anonymous_page: anonymous tgid 1709 1709 "ndroid.systemui" 12f4a000
           <...>-2223  [004] ....   371.332796: do_anonymous_page: anonymous tgid 1709 2223 "ScreenDecoratio" 137d7000
           <...>-1709  [004] ....   371.336426: do_anonymous_page: anonymous tgid 1709 1709 "ndroid.systemui" 12f4b000
  HwBinder:604_2-638   [004] ....   371.337366: do_anonymous_page: anonymous tgid 604 638 "HwBinder:604_2" 7fb5db6000
  HwBinder:604_2-638   [004] ....   371.337425: do_anonymous_page: anonymous tgid 604 638 "HwBinder:604_2" 7fb5db8000
  HwBinder:604_2-638   [004] ....   371.337773: do_anonymous_page: anonymous tgid 604 638 "HwBinder:604_2" 7fb4378000
  HwBinder:604_2-638   [004] ....   371.337786: do_anonymous_page: anonymous tgid 604 638 "HwBinder:604_2" 7fb43c0000
  HwBinder:604_2-638   [004] ....   371.337788: do_anonymous_page: anonymous tgid 604 638 "HwBinder:604_2" 7fb43c1000
  HwBinder:604_2-638   [004] ....   371.337790: do_anonymous_page: anonymous tgid 604 638 "HwBinder:604_2" 7fb43bf000
  HwBinder:604_2-638   [004] ....   371.337796: do_anonymous_page: anonymous tgid 604 638 "HwBinder:604_2" 7fb43be000
  HwBinder:604_2-638   [004] ....   371.337799: do_anonymous_page: anonymous tgid 604 638 "HwBinder:604_2" 7fb43bd000
  HwBinder:604_2-638   [004] ....   371.337801: do_anonymous_page: anonymous tgid 604 638 "HwBinder:604_2" 7fb43bc000
  HwBinder:604_2-638   [004] ....   371.337803: do_anonymous_page: anonymous tgid 604 638 "HwBinder:604_2" 7fb43bb000
  HwBinder:604_2-638   [004] ....   371.337806: do_anonymous_page: anonymous tgid 604 638 "HwBinder:604_2" 7fb43ba000
  HwBinder:604_2-638   [004] ....   371.337955: do_anonymous_page: anonymous tgid 604 638 "HwBinder:604_2" 7fb43e1000
  HwBinder:604_2-638   [004] ....   371.337958: do_anonymous_page: anonymous tgid 604 638 "HwBinder:604_2" 7fb43e2000
  HwBinder:604_2-638   [004] ....   371.337961: do_anonymous_page: anonymous tgid 604 638 "HwBinder:604_2" 7fb43e3000
  HwBinder:604_2-638   [004] ....   371.337963: do_anonymous_page: anonymous tgid 604 638 "HwBinder:604_2" 7fb43e4000
  HwBinder:604_2-638   [004] ....   371.337965: do_anonymous_page: anonymous tgid 604 638 "HwBinder:604_2" 7fb43e5000
  HwBinder:604_2-638   [004] ....   371.337967: do_anonymous_page: anonymous tgid 604 638 "HwBinder:604_2" 7fb43e6000
  HwBinder:604_2-638   [004] ....   371.337970: do_anonymous_page: anonymous tgid 604 638 "HwBinder:604_2" 7fb43e7000
  HwBinder:604_2-638   [004] ....   371.337972: do_anonymous_page: anonymous tgid 604 638 "HwBinder:604_2" 7fb43e8000
  HwBinder:604_2-638   [004] ....   371.338050: do_anonymous_page: anonymous tgid 604 638 "HwBinder:604_2" 7fb43ea000
  HwBinder:604_2-638   [004] ....   371.338054: do_anonymous_page: anonymous tgid 604 638 "HwBinder:604_2" 7fb43eb000
  HwBinder:604_2-638   [004] ....   371.338056: do_anonymous_page: anonymous tgid 604 638 "HwBinder:604_2" 7fb43ec000
  HwBinder:604_2-638   [004] ....   371.338058: do_anonymous_page: anonymous tgid 604 638 "HwBinder:604_2" 7fb43ed000
  HwBinder:604_2-638   [004] ....   371.338060: do_anonymous_page: anonymous tgid 604 638 "HwBinder:604_2" 7fb43ee000
  HwBinder:604_2-638   [004] ....   371.338062: do_anonymous_page: anonymous tgid 604 638 "HwBinder:604_2" 7fb43ef000
  HwBinder:604_2-638   [004] ....   371.338064: do_anonymous_page: anonymous tgid 604 638 "HwBinder:604_2" 7fb43f0000
  HwBinder:604_2-638   [004] ....   371.338066: do_anonymous_page: anonymous tgid 604 638 "HwBinder:604_2" 7fb43f1000
  HwBinder:604_2-638   [004] ....   371.338068: do_anonymous_page: anonymous tgid 604 638 "HwBinder:604_2" 7fb43f2000
  HwBinder:604_2-638   [004] ....   371.338070: do_anonymous_page: anonymous tgid 604 638 "HwBinder:604_2" 7fb43f3000
  HwBinder:604_2-638   [004] ....   371.338072: do_anonymous_page: anonymous tgid 604 638 "HwBinder:604_2" 7fb43f4000
  HwBinder:604_2-638   [004] ....   371.338138: do_anonymous_page: anonymous tgid 604 638 "HwBinder:604_2" 7fb437a000
           <...>-7263  [004] ....   371.341040: do_anonymous_page: anonymous tgid 787 7263 "netd" 7fba07e000
           <...>-7263  [004] ....   371.341057: do_anonymous_page: anonymous tgid 787 7263 "netd" 7fba07f000
           <...>-7263  [004] ....   371.341076: do_anonymous_page: anonymous tgid 787 7263 "netd" 7fba08d000
           <...>-7263  [004] ....   371.341082: do_anonymous_page: anonymous tgid 787 7263 "netd" 7fba08e000
           <...>-7263  [004] ....   371.341084: do_anonymous_page: anonymous tgid 787 7263 "netd" 7fba08f000
           <...>-7263  [004] ....   371.341100: do_anonymous_page: anonymous tgid 787 7263 "netd" 7fba0af000
           <...>-7263  [004] ....   371.341103: do_anonymous_page: anonymous tgid 787 7263 "netd" 7fba0b0000
           <...>-7263  [004] ....   371.341342: do_anonymous_page: anonymous tgid 787 7263 "netd" 7fad21d000
           <...>-7263  [004] ....   371.341422: do_anonymous_page: anonymous tgid 787 7263 "netd" 7fba099000
           <...>-7263  [004] ....   371.341436: do_anonymous_page: anonymous tgid 787 7263 "netd" 7fba061000
           <...>-7263  [004] ....   371.341441: do_anonymous_page: anonymous tgid 787 7263 "netd" 7fba0ba000
           <...>-7263  [004] ....   371.341445: do_anonymous_page: anonymous tgid 787 7263 "netd" 7fba0bf000
           <...>-7263  [004] ....   371.341516: do_anonymous_page: anonymous tgid 787 7263 "netd" 7fba09a000
           <...>-7263  [004] ....   371.341670: do_anonymous_page: anonymous tgid 787 7263 "netd" 7fba062000
           <...>-7263  [004] ....   371.342852: do_anonymous_page: anonymous tgid 787 7263 "netd" 7fac02a000
           <...>-7263  [004] ....   371.342857: do_anonymous_page: anonymous tgid 787 7263 "netd" 7fac029000
           <...>-1369  [004] ....   371.343246: do_anonymous_page: anonymous tgid 1341 1369 "android.bg" 7e52e06000
           <...>-1369  [004] ....   371.343252: do_anonymous_page: anonymous tgid 1341 1369 "android.bg" 7e52e07000
           <...>-1369  [004] ....   371.343254: do_anonymous_page: anonymous tgid 1341 1369 "android.bg" 7e52e08000
           <...>-1369  [004] ....   371.343256: do_anonymous_page: anonymous tgid 1341 1369 "android.bg" 7e52e09000
           <...>-1369  [004] ....   371.343258: do_anonymous_page: anonymous tgid 1341 1369 "android.bg" 7e52e0a000
           <...>-1369  [004] ....   371.343260: do_anonymous_page: anonymous tgid 1341 1369 "android.bg" 7e52e0b000
           <...>-1369  [004] ....   371.343262: do_anonymous_page: anonymous tgid 1341 1369 "android.bg" 7e52e0c000
           <...>-1369  [004] ....   371.343264: do_anonymous_page: anonymous tgid 1341 1369 "android.bg" 7e52e0d000
           <...>-1369  [004] ....   371.343266: do_anonymous_page: anonymous tgid 1341 1369 "android.bg" 7e52e0e000
           <...>-1369  [004] ....   371.343268: do_anonymous_page: anonymous tgid 1341 1369 "android.bg" 7e52e0f000
           <...>-1369  [004] ....   371.343270: do_anonymous_page: anonymous tgid 1341 1369 "android.bg" 7e52e10000
           <...>-1369  [004] ....   371.343272: do_anonymous_page: anonymous tgid 1341 1369 "android.bg" 7e52e11000
           <...>-1369  [004] ....   371.343273: do_anonymous_page: anonymous tgid 1341 1369 "android.bg" 7e52e12000
           <...>-1369  [004] ....   371.343275: do_anonymous_page: anonymous tgid 1341 1369 "android.bg" 7e52e13000
           <...>-7267  [004] ....   371.353008: do_anonymous_page: anonymous tgid 933 7267 "generic" f2e0b000
