           <...>-7226  [004] ....   371.032896: do_anonymous_page: anonymous tgid 7226 7226 "cmd" 7fbdeea000
           <...>-7226  [004] ....   371.032898: do_anonymous_page: anonymous tgid 7226 7226 "cmd" 7fbd000000
           <...>-7226  [004] ....   371.032903: do_anonymous_page: anonymous tgid 7226 7226 "cmd" 7fbd1ea000
           <...>-7226  [004] ....   371.032904: do_anonymous_page: anonymous tgid 7226 7226 "cmd" 7fbd1eb000
           <...>-7226  [004] ....   371.032908: do_anonymous_page: anonymous tgid 7226 7226 "cmd" 7fbd400000
           <...>-7226  [004] ....   371.032911: do_anonymous_page: anonymous tgid 7226 7226 "cmd" 7fbd401000
           <...>-7226  [004] ....   371.032915: do_anonymous_page: anonymous tgid 7226 7226 "cmd" 7fbd405000
           <...>-7226  [004] ....   371.032920: do_anonymous_page: anonymous tgid 7226 7226 "cmd" 7fbd607000
           <...>-7226  [004] ....   371.032923: do_anonymous_page: anonymous tgid 7226 7226 "cmd" 7fbd406000
           <...>-7226  [004] ....   371.032937: do_anonymous_page: anonymous tgid 7226 7226 "cmd" 7fbd402000
           <...>-7226  [004] ....   371.032940: do_anonymous_page: anonymous tgid 7226 7226 "cmd" 7fbd405000
           <...>-7226  [004] ....   371.032960: do_anonymous_page: anonymous tgid 7226 7226 "cmd" 7fbf5e3000
           <...>-7226  [004] ....   371.032964: do_anonymous_page: anonymous tgid 7226 7226 "cmd" 7fbf5e4000
           <...>-7226  [004] ....   371.033021: do_anonymous_page: anonymous tgid 7226 7226 "cmd" 7fbe2cf000
           <...>-7226  [004] ....   371.033024: do_anonymous_page: anonymous tgid 7226 7226 "cmd" 7fbe2d0000
           <...>-7226  [004] ....   371.033027: do_anonymous_page: anonymous tgid 7226 7226 "cmd" 7fbe2cd000
           <...>-7226  [004] ....   371.033029: do_anonymous_page: anonymous tgid 7226 7226 "cmd" 7fbe2ce000
           <...>-7226  [004] ....   371.033048: do_anonymous_page: anonymous tgid 7226 7226 "cmd" 7fbe4c1000
           <...>-7226  [004] ....   371.033118: do_anonymous_page: anonymous tgid 7226 7226 "cmd" 7fbcfc9000
           <...>-7226  [004] ....   371.033132: do_anonymous_page: anonymous tgid 7226 7226 "cmd" 7fbe228000
           <...>-7226  [004] ....   371.033136: do_anonymous_page: anonymous tgid 7226 7226 "cmd" 7fbe229000
           <...>-7226  [004] ....   371.033140: do_anonymous_page: anonymous tgid 7226 7226 "cmd" 7fbe227000
           <...>-7226  [004] ....   371.033151: do_anonymous_page: anonymous tgid 7226 7226 "cmd" 7fbe22a000
           <...>-7226  [004] ....   371.033160: do_anonymous_page: anonymous tgid 7226 7226 "cmd" 7fbd409000
           <...>-7226  [004] ....   371.033174: do_anonymous_page: anonymous tgid 7226 7226 "cmd" 7fbe48c000
           <...>-7226  [004] ....   371.033181: do_anonymous_page: anonymous tgid 7226 7226 "cmd" 7fbdda9000
           <...>-7226  [004] ....   371.033187: do_anonymous_page: anonymous tgid 7226 7226 "cmd" 7fbd40a000
           <...>-7226  [004] ....   371.033194: do_anonymous_page: anonymous tgid 7226 7226 "cmd" 7fbda38000
           <...>-7226  [004] ....   371.033200: do_anonymous_page: anonymous tgid 7226 7226 "cmd" 7fbda7a000
           <...>-7226  [004] ....   371.033218: do_anonymous_page: anonymous tgid 7226 7226 "cmd" 7fbdb1f000
           <...>-7226  [004] ....   371.033231: do_anonymous_page: anonymous tgid 7226 7226 "cmd" 7fbd40d000
           <...>-7226  [004] ....   371.033249: do_anonymous_page: anonymous tgid 7226 7226 "cmd" 7fbd414000
           <...>-7226  [004] ....   371.033255: do_anonymous_page: anonymous tgid 7226 7226 "cmd" 7fbd415000
           <...>-7226  [004] ....   371.033341: do_anonymous_page: anonymous tgid 7226 7226 "cmd" 7fbd41a000
           <...>-7226  [004] ....   371.033414: do_anonymous_page: anonymous tgid 7226 7226 "cmd" 7fbd41b000
           <...>-7226  [004] ....   371.033492: do_anonymous_page: anonymous tgid 7226 7226 "cmd" 7fbd41e000
           <...>-7226  [004] ....   371.033504: do_anonymous_page: anonymous tgid 7226 7226 "cmd" 7fbcec1000
           <...>-7226  [004] ....   371.033506: do_anonymous_page: anonymous tgid 7226 7226 "cmd" 7fbcec0000
           <...>-7226  [004] ....   371.033554: do_anonymous_page: anonymous tgid 7226 7226 "cmd" 7fbd423000
           <...>-7226  [004] ....   371.033560: do_anonymous_page: anonymous tgid 7226 7226 "cmd" 7fbdc2c000
           <...>-7226  [004] ....   371.033564: do_anonymous_page: anonymous tgid 7226 7226 "cmd" 7fbd425000
           <...>-7226  [004] ....   371.033622: do_anonymous_page: anonymous tgid 7226 7226 "cmd" 7fbd426000
           <...>-7226  [004] ....   371.033701: do_anonymous_page: anonymous tgid 7226 7226 "cmd" 7fbd427000
           <...>-1506  [004] ....   371.033983: do_anonymous_page: anonymous tgid 1341 1506 "Binder:1341_4" 12c51000
           <...>-1506  [004] ....   371.034102: do_anonymous_page: anonymous tgid 1341 1506 "Binder:1341_4" 75f71000
           <...>-1506  [004] ....   371.034128: do_anonymous_page: anonymous tgid 1341 1506 "Binder:1341_4" 12c53000
           <...>-1506  [004] ....   371.034184: do_anonymous_page: anonymous tgid 1341 1506 "Binder:1341_4" 12c54000
           <...>-1506  [004] ....   371.034197: do_anonymous_page: anonymous tgid 1341 1506 "Binder:1341_4" 12c52000
           <...>-1506  [004] ....   371.034756: do_anonymous_page: anonymous tgid 1341 1506 "Binder:1341_4" 12c55000
           <...>-1506  [004] ....   371.035609: do_anonymous_page: anonymous tgid 1341 1506 "Binder:1341_4" 12c56000
           <...>-6802  [004] ....   371.040838: do_anonymous_page: anonymous tgid 6311 6802 "Binder:6311_5" 12f40000
           <...>-6802  [004] ....   371.040851: do_anonymous_page: anonymous tgid 6311 6802 "Binder:6311_5" 7f2143f000
           <...>-6802  [004] ....   371.040873: do_anonymous_page: anonymous tgid 6311 6802 "Binder:6311_5" 7e49ac2000
  CrRendererMain-6695  [004] ....   371.041382: do_anonymous_page: anonymous tgid 6670 6695 "CrRendererMain" 2bd3a000
  CrRendererMain-6695  [004] ....   371.041752: do_anonymous_page: anonymous tgid 6670 6695 "CrRendererMain" 2bd3b000
  CrRendererMain-6695  [004] ....   371.042204: do_anonymous_page: anonymous tgid 6670 6695 "CrRendererMain" 2bd3c000
  CrRendererMain-6695  [004] ....   371.042483: do_anonymous_page: anonymous tgid 6670 6695 "CrRendererMain" 2bd3d000
           <...>-2094  [004] ....   371.047037: do_anonymous_page: anonymous tgid 2068 2094 "UiThreadHelper" 12cd4000
           <...>-2068  [004] ....   371.047623: do_anonymous_page: anonymous tgid 2068 2068 "droid.launcher3" 12f6d000
 m.android.phone-1929  [004] ....   371.048976: do_anonymous_page: anonymous tgid 1929 1929 "m.android.phone" 133c0000
           <...>-2223  [004] ....   371.049611: do_anonymous_page: anonymous tgid 1709 2223 "ScreenDecoratio" 137cd000
           <...>-2559  [004] ....   371.051774: do_anonymous_page: anonymous tgid 2559 2559 "gle.android.gms" 12c5a000
 .candycrushsaga-6311  [004] ....   371.052791: do_anonymous_page: anonymous tgid 6311 6311 ".candycrushsaga" 12d46000
 .candycrushsaga-6311  [004] ....   371.053134: do_anonymous_page: anonymous tgid 6311 6311 ".candycrushsaga" 12d47000
    GLThread 429-6387  [004] ....   371.053314: do_anonymous_page: anonymous tgid 6311 6387 "GLThread 429" 12f80000
           <...>-6340  [004] ....   371.053517: do_anonymous_page: anonymous tgid 6311 6340 "AsyncTask #1" 12fc0000
    GLThread 429-6387  [004] ....   371.054047: do_anonymous_page: anonymous tgid 6311 6387 "GLThread 429" 7f29dca000
    GLThread 429-6387  [004] ....   371.054052: do_anonymous_page: anonymous tgid 6311 6387 "GLThread 429" 7f29dc9000
           <...>-1231  [004] ....   371.054168: do_anonymous_page: anonymous tgid 842 1231 "Binder:842_2" 7f2a55f000
           <...>-1231  [004] ....   371.054184: do_anonymous_page: anonymous tgid 842 1231 "Binder:842_2" 7f2a566000
           <...>-1231  [004] ....   371.054189: do_anonymous_page: anonymous tgid 842 1231 "Binder:842_2" 7f2a4cc000
           <...>-1231  [004] ....   371.054195: do_anonymous_page: anonymous tgid 842 1231 "Binder:842_2" 7f2a4cd000
           <...>-1231  [004] ....   371.054200: do_anonymous_page: anonymous tgid 842 1231 "Binder:842_2" 7f2a5a4000
           <...>-1231  [004] ....   371.054210: do_anonymous_page: anonymous tgid 842 1231 "Binder:842_2" 7f2a4cf000
           <...>-6384  [004] ....   371.054934: do_anonymous_page: anonymous tgid 6311 6384 "pool-3-thread-1" 12e10000
   Binder:1341_D-3737  [004] ....   371.054999: do_anonymous_page: anonymous tgid 1341 3737 "Binder:1341_D" 13081000
   Binder:1341_D-3737  [004] ....   371.055056: do_anonymous_page: anonymous tgid 1341 3737 "Binder:1341_D" 13082000
   Binder:1341_D-3737  [004] ....   371.055171: do_anonymous_page: anonymous tgid 1341 3737 "Binder:1341_D" 13083000
           <...>-6384  [004] ....   371.055758: do_anonymous_page: anonymous tgid 6311 6384 "pool-3-thread-1" 12e11000
           <...>-6384  [004] ....   371.055883: do_anonymous_page: anonymous tgid 6311 6384 "pool-3-thread-1" 12e12000
           <...>-6384  [004] ....   371.055908: do_anonymous_page: anonymous tgid 6311 6384 "pool-3-thread-1" 12e13000
           <...>-6384  [004] ....   371.055929: do_anonymous_page: anonymous tgid 6311 6384 "pool-3-thread-1" 12e14000
           <...>-6384  [004] ....   371.055956: do_anonymous_page: anonymous tgid 6311 6384 "pool-3-thread-1" 12e15000
           <...>-6384  [004] ....   371.055977: do_anonymous_page: anonymous tgid 6311 6384 "pool-3-thread-1" 12e16000
           <...>-6384  [004] ....   371.056024: do_anonymous_page: anonymous tgid 6311 6384 "pool-3-thread-1" 12e17000
           <...>-6384  [004] ....   371.056048: do_anonymous_page: anonymous tgid 6311 6384 "pool-3-thread-1" 12e18000
           <...>-6384  [004] ....   371.056078: do_anonymous_page: anonymous tgid 6311 6384 "pool-3-thread-1" 12e19000
           <...>-6384  [004] ....   371.056103: do_anonymous_page: anonymous tgid 6311 6384 "pool-3-thread-1" 12e1a000
           <...>-6384  [004] ....   371.056126: do_anonymous_page: anonymous tgid 6311 6384 "pool-3-thread-1" 12e1b000
           <...>-6384  [004] ....   371.056150: do_anonymous_page: anonymous tgid 6311 6384 "pool-3-thread-1" 12e1c000
           <...>-6384  [004] ....   371.056171: do_anonymous_page: anonymous tgid 6311 6384 "pool-3-thread-1" 12e1d000
           <...>-6384  [004] ....   371.056194: do_anonymous_page: anonymous tgid 6311 6384 "pool-3-thread-1" 12e1e000
           <...>-6384  [004] ....   371.056242: do_anonymous_page: anonymous tgid 6311 6384 "pool-3-thread-1" 12e1f000
           <...>-6351  [004] ....   371.056572: do_anonymous_page: anonymous tgid 6311 6351 "pool-7-thread-1" 12edc000
           <...>-6351  [004] ....   371.056666: do_anonymous_page: anonymous tgid 6311 6351 "pool-7-thread-1" 12edd000
           <...>-6351  [004] ....   371.056719: do_anonymous_page: anonymous tgid 6311 6351 "pool-7-thread-1" 12ede000
           <...>-6351  [004] ....   371.056740: do_anonymous_page: anonymous tgid 6311 6351 "pool-7-thread-1" 12edf000
           <...>-6351  [004] ....   371.056760: do_anonymous_page: anonymous tgid 6311 6351 "pool-7-thread-1" 12ee0000
           <...>-6351  [004] ....   371.056782: do_anonymous_page: anonymous tgid 6311 6351 "pool-7-thread-1" 12ee1000
           <...>-6351  [004] ....   371.056803: do_anonymous_page: anonymous tgid 6311 6351 "pool-7-thread-1" 12ee2000
           <...>-6351  [004] ....   371.057129: do_anonymous_page: anonymous tgid 6311 6351 "pool-7-thread-1" 12ee3000
           <...>-2223  [004] ....   371.081408: do_anonymous_page: anonymous tgid 1709 2223 "ScreenDecoratio" 137ce000
           <...>-6351  [004] ....   371.082458: do_anonymous_page: anonymous tgid 6311 6351 "pool-7-thread-1" 12ee4000
           <...>-3703  [004] ....   371.082746: do_anonymous_page: anonymous tgid 1341 3703 "Binder:1341_C" 13101000
           <...>-6351  [004] ....   371.084922: do_anonymous_page: anonymous tgid 6311 6351 "pool-7-thread-1" 12ee5000
           <...>-6351  [004] ....   371.084976: do_anonymous_page: anonymous tgid 6311 6351 "pool-7-thread-1" 12ee6000
           <...>-6351  [004] ....   371.085073: do_anonymous_page: anonymous tgid 6311 6351 "pool-7-thread-1" 12ee7000
           <...>-6351  [004] ....   371.085155: do_anonymous_page: anonymous tgid 6311 6351 "pool-7-thread-1" 12ee8000
           <...>-6351  [004] ....   371.085192: do_anonymous_page: anonymous tgid 6311 6351 "pool-7-thread-1" 12ee9000
     logd.writer-573   [004] ....   371.086967: do_anonymous_page: anonymous tgid 557 573 "logd.writer" 7fb580e000
     logd.writer-573   [004] ....   371.087167: do_anonymous_page: anonymous tgid 557 573 "logd.writer" 7fb580f000
     logd.writer-573   [004] ....   371.087467: do_anonymous_page: anonymous tgid 557 573 "logd.writer" 7fb5810000
     logd.writer-573   [004] ....   371.087645: do_anonymous_page: anonymous tgid 557 573 "logd.writer" 7fb57b9000
     logd.writer-573   [004] ....   371.087808: do_anonymous_page: anonymous tgid 557 573 "logd.writer" 7fb57ba000
           <...>-2223  [004] ....   371.091669: do_anonymous_page: anonymous tgid 1709 2223 "ScreenDecoratio" 137cf000
           <...>-3191  [004] ....   371.097388: do_anonymous_page: anonymous tgid 2559 3191 "Binder:2559_5" 12e42000
           <...>-2559  [004] ....   371.097505: do_anonymous_page: anonymous tgid 2559 2559 "gle.android.gms" 12c5b000
           <...>-2559  [004] ....   371.097860: do_anonymous_page: anonymous tgid 2559 2559 "gle.android.gms" 12c5c000
           <...>-1362  [004] ....   371.098756: do_anonymous_page: anonymous tgid 1341 1362 "android.ui" 12f81000
           <...>-7152  [004] ....   371.099045: do_anonymous_page: anonymous tgid 912 7152 "Binder:912_5" f4aa7000
           <...>-7152  [004] ....   371.099136: do_anonymous_page: anonymous tgid 912 7152 "Binder:912_5" f44b5000
           <...>-1471  [004] ....   371.099214: do_anonymous_page: anonymous tgid 1341 1471 "tworkPolicy.uid" 13280000
   system_server-1341  [004] ....   371.099771: do_anonymous_page: anonymous tgid 1341 1341 "system_server" 12e01000
           <...>-7143  [004] ....   371.100366: do_anonymous_page: anonymous tgid 5622 7143 "Binder:5622_4" 7f29eff000
           <...>-7143  [004] ....   371.100372: do_anonymous_page: anonymous tgid 5622 7143 "Binder:5622_4" 7f29efe000
           <...>-1364  [004] ....   371.102273: do_anonymous_page: anonymous tgid 1341 1364 "android.display" 12fc7000
           <...>-1364  [004] ....   371.102311: do_anonymous_page: anonymous tgid 1341 1364 "android.display" 12fc8000
           <...>-1364  [004] ....   371.102314: do_anonymous_page: anonymous tgid 1341 1364 "android.display" 12fc9000
           <...>-2425  [004] ....   371.103540: do_anonymous_page: anonymous tgid 2268 2425 "Binder:2268_3" 7fb9d7e000
           <...>-2425  [004] ....   371.103566: do_anonymous_page: anonymous tgid 2268 2425 "Binder:2268_3" 13d00000
 m.android.phone-1929  [004] ....   371.105799: do_anonymous_page: anonymous tgid 1929 1929 "m.android.phone" 133c1000
           <...>-2559  [004] ....   371.106154: do_anonymous_page: anonymous tgid 2559 2559 "gle.android.gms" 12c5d000
           <...>-2094  [004] ....   371.107259: do_anonymous_page: anonymous tgid 2068 2094 "UiThreadHelper" 12cd5000
           <...>-1231  [004] ....   371.108946: do_anonymous_page: anonymous tgid 842 1231 "Binder:842_2" 7f1a228000
           <...>-1231  [004] ....   371.108954: do_anonymous_page: anonymous tgid 842 1231 "Binder:842_2" 7f1a227000
    GLThread 429-6387  [004] ....   371.109502: do_anonymous_page: anonymous tgid 6311 6387 "GLThread 429" 7f29bb8000
    GLThread 429-6387  [004] ....   371.109507: do_anonymous_page: anonymous tgid 6311 6387 "GLThread 429" 7f29bb7000
           <...>-2223  [004] ....   371.112402: do_anonymous_page: anonymous tgid 1709 2223 "ScreenDecoratio" 137d0000
           <...>-1709  [004] ....   371.112747: do_anonymous_page: anonymous tgid 1709 1709 "ndroid.systemui" 12f44000
           <...>-2085  [004] ....   371.114456: do_anonymous_page: anonymous tgid 2068 2085 "Binder:2068_1" 12c8b000
           <...>-6351  [004] ....   371.115042: do_anonymous_page: anonymous tgid 6311 6351 "pool-7-thread-1" 12eeb000
           <...>-6351  [004] ....   371.115067: do_anonymous_page: anonymous tgid 6311 6351 "pool-7-thread-1" 12eec000
           <...>-6351  [004] ....   371.115195: do_anonymous_page: anonymous tgid 6311 6351 "pool-7-thread-1" 12eed000
           <...>-6351  [004] ....   371.115233: do_anonymous_page: anonymous tgid 6311 6351 "pool-7-thread-1" 12eee000
           <...>-6351  [004] ....   371.115294: do_anonymous_page: anonymous tgid 6311 6351 "pool-7-thread-1" 12eef000
           <...>-6351  [004] ....   371.115341: do_anonymous_page: anonymous tgid 6311 6351 "pool-7-thread-1" 12ef0000
           <...>-6351  [004] ....   371.115383: do_anonymous_page: anonymous tgid 6311 6351 "pool-7-thread-1" 12ef1000
           <...>-6351  [004] ....   371.115424: do_anonymous_page: anonymous tgid 6311 6351 "pool-7-thread-1" 12ef2000
           <...>-6351  [004] ....   371.115460: do_anonymous_page: anonymous tgid 6311 6351 "pool-7-thread-1" 12ef3000
           <...>-6351  [004] ....   371.115496: do_anonymous_page: anonymous tgid 6311 6351 "pool-7-thread-1" 12ef4000
           <...>-6351  [004] ....   371.115574: do_anonymous_page: anonymous tgid 6311 6351 "pool-7-thread-1" 12ed0000
           <...>-6351  [004] ....   371.115753: do_anonymous_page: anonymous tgid 6311 6351 "pool-7-thread-1" 12ef6000
           <...>-3703  [004] ....   371.117107: do_anonymous_page: anonymous tgid 1341 3703 "Binder:1341_C" 13102000
           <...>-2223  [004] ....   371.118017: do_anonymous_page: anonymous tgid 1709 2223 "ScreenDecoratio" 137d1000
    GLThread 429-6387  [004] ....   371.118586: do_anonymous_page: anonymous tgid 6311 6387 "GLThread 429" 7f29754000
    GLThread 429-6387  [004] ....   371.118596: do_anonymous_page: anonymous tgid 6311 6387 "GLThread 429" 7f29753000
  Binder:1341_15-6228  [004] ....   371.120484: do_anonymous_page: anonymous tgid 1341 6228 "Binder:1341_15" 130c4000
           <...>-2223  [004] ....   371.121682: do_anonymous_page: anonymous tgid 1709 2223 "ScreenDecoratio" 137d2000
    GLThread 429-6387  [004] ....   371.124142: do_anonymous_page: anonymous tgid 6311 6387 "GLThread 429" 7f29542000
    GLThread 429-6387  [004] ....   371.124150: do_anonymous_page: anonymous tgid 6311 6387 "GLThread 429" 7f29541000
           <...>-2223  [004] ....   371.124491: do_anonymous_page: anonymous tgid 1709 2223 "ScreenDecoratio" 137d3000
           <...>-3703  [004] ....   371.125211: do_anonymous_page: anonymous tgid 1341 3703 "Binder:1341_C" 13103000
    GLThread 429-6387  [004] ....   371.126288: do_anonymous_page: anonymous tgid 6311 6387 "GLThread 429" 7f2920c000
    GLThread 429-6387  [004] ....   371.126294: do_anonymous_page: anonymous tgid 6311 6387 "GLThread 429" 7f2920b000
           <...>-1230  [004] ....   371.126755: do_anonymous_page: anonymous tgid 842 1230 "Binder:842_1" 7f38da7000
           <...>-3703  [004] ....   371.127126: do_anonymous_page: anonymous tgid 1341 3703 "Binder:1341_C" 13104000
    GLThread 429-6387  [004] ....   371.128147: do_anonymous_page: anonymous tgid 6311 6387 "GLThread 429" 7ede626000
    GLThread 429-6387  [004] ....   371.128153: do_anonymous_page: anonymous tgid 6311 6387 "GLThread 429" 7ede625000
    GLThread 429-6387  [004] ....   371.129824: do_anonymous_page: anonymous tgid 6311 6387 "GLThread 429" 7ede529000
    GLThread 429-6387  [004] ....   371.129830: do_anonymous_page: anonymous tgid 6311 6387 "GLThread 429" 7ede528000
           <...>-3703  [004] ....   371.132719: do_anonymous_page: anonymous tgid 1341 3703 "Binder:1341_C" 13105000
    GLThread 429-6387  [004] ....   371.134193: do_anonymous_page: anonymous tgid 6311 6387 "GLThread 429" 7ede42c000
    GLThread 429-6387  [004] ....   371.134199: do_anonymous_page: anonymous tgid 6311 6387 "GLThread 429" 7ede42b000
           <...>-3703  [004] ....   371.135100: do_anonymous_page: anonymous tgid 1341 3703 "Binder:1341_C" 13106000
    GLThread 429-6387  [004] ....   371.135778: do_anonymous_page: anonymous tgid 6311 6387 "GLThread 429" 7ede32f000
    GLThread 429-6387  [004] ....   371.135785: do_anonymous_page: anonymous tgid 6311 6387 "GLThread 429" 7ede32e000
           <...>-1230  [004] ....   371.136597: do_anonymous_page: anonymous tgid 842 1230 "Binder:842_1" 7f38da8000
           <...>-3703  [004] ....   371.137046: do_anonymous_page: anonymous tgid 1341 3703 "Binder:1341_C" 13107000
    GLThread 429-6387  [004] ....   371.137262: do_anonymous_page: anonymous tgid 6311 6387 "GLThread 429" 7ede232000
    GLThread 429-6387  [004] ....   371.137268: do_anonymous_page: anonymous tgid 6311 6387 "GLThread 429" 7ede231000
           <...>-1230  [004] ....   371.137847: do_anonymous_page: anonymous tgid 842 1230 "Binder:842_1" 7f38c3c000
    GLThread 429-6387  [004] ....   371.138686: do_anonymous_page: anonymous tgid 6311 6387 "GLThread 429" 7ede135000
    GLThread 429-6387  [004] ....   371.138692: do_anonymous_page: anonymous tgid 6311 6387 "GLThread 429" 7ede134000
           <...>-1230  [004] ....   371.139127: do_anonymous_page: anonymous tgid 842 1230 "Binder:842_1" 7f38cc8000
           <...>-3703  [004] ....   371.139449: do_anonymous_page: anonymous tgid 1341 3703 "Binder:1341_C" 13108000
           <...>-6804  [004] ....   371.139614: do_anonymous_page: anonymous tgid 842 6804 "Binder:842_7" 7f38e0d000
           <...>-6804  [004] ....   371.139628: do_anonymous_page: anonymous tgid 842 6804 "Binder:842_7" 7f38dfb000
           <...>-6804  [004] ....   371.139762: do_anonymous_page: anonymous tgid 842 6804 "Binder:842_7" 7f1b322000
    GLThread 429-6387  [004] ....   371.140212: do_anonymous_page: anonymous tgid 6311 6387 "GLThread 429" 7ede038000
    GLThread 429-6387  [004] ....   371.140217: do_anonymous_page: anonymous tgid 6311 6387 "GLThread 429" 7ede037000
           <...>-6804  [004] ....   371.140279: do_anonymous_page: anonymous tgid 842 6804 "Binder:842_7" 7f38dbd000
           <...>-6804  [004] ....   371.140287: do_anonymous_page: anonymous tgid 842 6804 "Binder:842_7" 7f1b321000
           <...>-6804  [004] ....   371.140292: do_anonymous_page: anonymous tgid 842 6804 "Binder:842_7" 7f38cc6000
           <...>-6804  [004] ....   371.140295: do_anonymous_page: anonymous tgid 842 6804 "Binder:842_7" 7f38dc5000
           <...>-6804  [004] ....   371.140297: do_anonymous_page: anonymous tgid 842 6804 "Binder:842_7" 7f38dc4000
           <...>-6804  [004] ....   371.140301: do_anonymous_page: anonymous tgid 842 6804 "Binder:842_7" 7f38dc8000
           <...>-6804  [004] ....   371.140305: do_anonymous_page: anonymous tgid 842 6804 "Binder:842_7" 7f38d78000
           <...>-6804  [004] ....   371.140311: do_anonymous_page: anonymous tgid 842 6804 "Binder:842_7" 7f38dcb000
           <...>-6804  [004] ....   371.140313: do_anonymous_page: anonymous tgid 842 6804 "Binder:842_7" 7f38c61000
           <...>-6804  [004] ....   371.140322: do_anonymous_page: anonymous tgid 842 6804 "Binder:842_7" 7f38d7f000
           <...>-6804  [004] ....   371.141306: do_anonymous_page: anonymous tgid 842 6804 "Binder:842_7" 7f38da9000
           <...>-6804  [004] ....   371.141495: do_anonymous_page: anonymous tgid 842 6804 "Binder:842_7" 7f1b359000
   Binder:1341_D-3737  [004] ....   371.142928: do_anonymous_page: anonymous tgid 1341 3737 "Binder:1341_D" 13084000
           <...>-2650  [004] ....   371.143362: do_anonymous_page: anonymous tgid 2068 2650 "Binder:2068_5" 12d03000
  Binder:1341_15-6228  [004] ....   371.143601: do_anonymous_page: anonymous tgid 1341 6228 "Binder:1341_15" 130c5000
           <...>-2094  [004] ....   371.143713: do_anonymous_page: anonymous tgid 2068 2094 "UiThreadHelper" 12cd6000
    GLThread 429-6387  [004] ....   371.144453: do_anonymous_page: anonymous tgid 6311 6387 "GLThread 429" 7eddf3b000
    GLThread 429-6387  [004] ....   371.144459: do_anonymous_page: anonymous tgid 6311 6387 "GLThread 429" 7eddf3a000
           <...>-6804  [004] ....   371.144547: do_anonymous_page: anonymous tgid 842 6804 "Binder:842_7" 7f38d79000
  Binder:1341_15-6228  [004] ....   371.145734: do_anonymous_page: anonymous tgid 1341 6228 "Binder:1341_15" 130c6000
    GLThread 429-6387  [004] ....   371.146007: do_anonymous_page: anonymous tgid 6311 6387 "GLThread 429" 7edde3e000
    GLThread 429-6387  [004] ....   371.146012: do_anonymous_page: anonymous tgid 6311 6387 "GLThread 429" 7edde3d000
    GLThread 429-6387  [004] ....   371.147473: do_anonymous_page: anonymous tgid 6311 6387 "GLThread 429" 7eddd41000
    GLThread 429-6387  [004] ....   371.147480: do_anonymous_page: anonymous tgid 6311 6387 "GLThread 429" 7eddd40000
           <...>-6804  [004] ....   371.147835: do_anonymous_page: anonymous tgid 842 6804 "Binder:842_7" 7f38dae000
           <...>-6804  [004] ....   371.148050: do_anonymous_page: anonymous tgid 842 6804 "Binder:842_7" 7f38c42000
           <...>-3703  [004] ....   371.148648: do_anonymous_page: anonymous tgid 1341 3703 "Binder:1341_C" 13109000
    GLThread 429-6387  [004] ....   371.148929: do_anonymous_page: anonymous tgid 6311 6387 "GLThread 429" 7eddc44000
    GLThread 429-6387  [004] ....   371.148934: do_anonymous_page: anonymous tgid 6311 6387 "GLThread 429" 7eddc43000
           <...>-6804  [004] ....   371.149387: do_anonymous_page: anonymous tgid 842 6804 "Binder:842_7" 7f1b35c000
           <...>-6804  [004] ....   371.149391: do_anonymous_page: anonymous tgid 842 6804 "Binder:842_7" 7f1b35b000
           <...>-6804  [004] ....   371.149454: do_anonymous_page: anonymous tgid 842 6804 "Binder:842_7" 7f1b35a000
    GLThread 429-6387  [004] ....   371.150674: do_anonymous_page: anonymous tgid 6311 6387 "GLThread 429" 7eddb47000
    GLThread 429-6387  [004] ....   371.150680: do_anonymous_page: anonymous tgid 6311 6387 "GLThread 429" 7eddb46000
           <...>-3703  [004] ....   371.151301: do_anonymous_page: anonymous tgid 1341 3703 "Binder:1341_C" 1310a000
           <...>-6804  [004] ....   371.151505: do_anonymous_page: anonymous tgid 842 6804 "Binder:842_7" 7f1b363000
    GLThread 429-6387  [004] ....   371.151948: do_anonymous_page: anonymous tgid 6311 6387 "GLThread 429" 7fbe21d000
    GLThread 429-6387  [004] ....   371.152412: do_anonymous_page: anonymous tgid 6311 6387 "GLThread 429" 7edda4a000
    GLThread 429-6387  [004] ....   371.152417: do_anonymous_page: anonymous tgid 6311 6387 "GLThread 429" 7edda49000
           <...>-7232  [004] ....   371.155872: do_anonymous_page: anonymous tgid 6311 7232 "GLThread 429" 7f29bb6000
           <...>-7232  [004] ....   371.156217: do_anonymous_page: anonymous tgid 6311 7232 "AudioTrack" 13000000
           <...>-7232  [004] ....   371.156223: do_anonymous_page: anonymous tgid 6311 7232 "AudioTrack" 7fbe06b000
           <...>-7232  [004] ....   371.156236: do_anonymous_page: anonymous tgid 6311 7232 "AudioTrack" 7f29bb5000
           <...>-7228  [004] ....   371.156269: do_anonymous_page: anonymous tgid 6311 7228 "GLThread 429" 7f29dc8000
           <...>-7228  [004] ....   371.156405: do_anonymous_page: anonymous tgid 6311 7228 "AudioTrack" 13040000
           <...>-7228  [004] ....   371.156409: do_anonymous_page: anonymous tgid 6311 7228 "AudioTrack" 7fbdcd8000
           <...>-7228  [004] ....   371.156447: do_anonymous_page: anonymous tgid 6311 7228 "AudioTrack" 7f29dc7000
           <...>-3703  [004] ....   371.156588: do_anonymous_page: anonymous tgid 1341 3703 "Binder:1341_C" 1310b000
           <...>-7230  [004] ....   371.157515: do_anonymous_page: anonymous tgid 5622 7230 "Binder:5622_4" 7f28b00000
           <...>-7230  [004] ....   371.157526: do_anonymous_page: anonymous tgid 5622 7230 "Binder:5622_4" 7f28b01000
           <...>-7230  [004] ....   371.157537: do_anonymous_page: anonymous tgid 5622 7230 "Binder:5622_4" 7f29efd000
           <...>-7230  [004] ....   371.157735: do_anonymous_page: anonymous tgid 5622 7230 "Binder:5622_5" 12e00000
           <...>-7230  [004] ....   371.157739: do_anonymous_page: anonymous tgid 5622 7230 "Binder:5622_5" 7fbe06b000
           <...>-7230  [004] ....   371.157749: do_anonymous_page: anonymous tgid 5622 7230 "Binder:5622_5" 7f29efc000
           <...>-7230  [004] ....   371.157765: do_anonymous_page: anonymous tgid 5622 7230 "Binder:5622_5" 7f2d74a000
           <...>-7229  [004] ....   371.158038: do_anonymous_page: anonymous tgid 912 7229 "Binder:912_5" f78e3000
           <...>-7229  [004] ....   371.158052: do_anonymous_page: anonymous tgid 912 7229 "Binder:912_5" f44b4000
           <...>-7229  [004] ....   371.158057: do_anonymous_page: anonymous tgid 912 7229 "Binder:912_5" f49df000
           <...>-7231  [004] ....   371.158375: do_anonymous_page: anonymous tgid 842 7231 "Binder:842_2" 7f30f04000
           <...>-7231  [004] ....   371.158384: do_anonymous_page: anonymous tgid 842 7231 "Binder:842_2" 7f30f05000
           <...>-7231  [004] ....   371.158394: do_anonymous_page: anonymous tgid 842 7231 "Binder:842_2" 7f1a226000
           <...>-7231  [004] .n..   371.158507: do_anonymous_page: anonymous tgid 842 7231 "Binder:842_8" 7f30df5000
           <...>-7231  [004] ....   371.158529: do_anonymous_page: anonymous tgid 842 7231 "Binder:842_8" 7f30f00000
           <...>-7231  [004] ....   371.158702: do_anonymous_page: anonymous tgid 842 7231 "Binder:842_8" 7f2a575000
           <...>-7231  [004] ....   371.158736: do_anonymous_page: anonymous tgid 842 7231 "Binder:842_8" 7f1a225000
    GLThread 429-6387  [004] ....   371.158978: do_anonymous_page: anonymous tgid 6311 6387 "GLThread 429" 7edd94d000
    GLThread 429-6387  [004] ....   371.158986: do_anonymous_page: anonymous tgid 6311 6387 "GLThread 429" 7edd94c000
           <...>-7231  [004] ....   371.159107: do_anonymous_page: anonymous tgid 842 7231 "Binder:842_8" 7f2a536000
           <...>-7231  [004] ....   371.159117: do_anonymous_page: anonymous tgid 842 7231 "Binder:842_8" 7f2a561000
           <...>-7231  [004] ....   371.159118: do_anonymous_page: anonymous tgid 842 7231 "Binder:842_8" 7f2a560000
           <...>-7231  [004] ....   371.159122: do_anonymous_page: anonymous tgid 842 7231 "Binder:842_8" 7f1a224000
           <...>-7231  [004] ....   371.159126: do_anonymous_page: anonymous tgid 842 7231 "Binder:842_8" 7f2a56d000
           <...>-7231  [004] ....   371.159128: do_anonymous_page: anonymous tgid 842 7231 "Binder:842_8" 7f2a56c000
           <...>-7231  [004] ....   371.159131: do_anonymous_page: anonymous tgid 842 7231 "Binder:842_8" 7f2a56f000
           <...>-7231  [004] ....   371.159137: do_anonymous_page: anonymous tgid 842 7231 "Binder:842_8" 7f3a412000
           <...>-7231  [004] ....   371.159140: do_anonymous_page: anonymous tgid 842 7231 "Binder:842_8" 7f2a5c4000
           <...>-7231  [004] ....   371.159146: do_anonymous_page: anonymous tgid 842 7231 "Binder:842_8" 7f2a573000
           <...>-7231  [004] ....   371.159149: do_anonymous_page: anonymous tgid 842 7231 "Binder:842_8" 7f2a53e000
           <...>-7231  [004] ....   371.159182: do_anonymous_page: anonymous tgid 842 7231 "Binder:842_8" 7fbe067000
           <...>-7231  [004] ....   371.159188: do_anonymous_page: anonymous tgid 842 7231 "Binder:842_8" 7fbe09c000
           <...>-7231  [004] ....   371.160131: do_anonymous_page: anonymous tgid 842 7231 "Binder:842_8" 7fbe0fd000
    GLThread 429-6387  [004] ....   371.162195: do_anonymous_page: anonymous tgid 6311 6387 "GLThread 429" 7edd850000
    GLThread 429-6387  [004] ....   371.162200: do_anonymous_page: anonymous tgid 6311 6387 "GLThread 429" 7edd84f000
           <...>-3703  [004] ....   371.163204: do_anonymous_page: anonymous tgid 1341 3703 "Binder:1341_C" 1310c000
      logd.klogd-579   [004] ....   371.163514: do_anonymous_page: anonymous tgid 557 579 "logd.klogd" 7fbbe7f000
           <...>-7239  [004] ....   371.163766: do_anonymous_page: anonymous tgid 6311 7239 "GLThread 429" 7ede32d000
           <...>-7239  [004] ....   371.163897: do_anonymous_page: anonymous tgid 6311 7239 "AudioTrack" 13080000
           <...>-7239  [004] ....   371.163901: do_anonymous_page: anonymous tgid 6311 7239 "AudioTrack" 7fbbebc000
           <...>-7239  [004] ....   371.163910: do_anonymous_page: anonymous tgid 6311 7239 "AudioTrack" 7ede32c000
           <...>-7238  [004] ....   371.163953: do_anonymous_page: anonymous tgid 6311 7238 "GLThread 429" 7ede42a000
           <...>-7238  [004] ....   371.164004: do_anonymous_page: anonymous tgid 6311 7238 "AudioTrack" 130c0000
           <...>-7238  [004] ....   371.164008: do_anonymous_page: anonymous tgid 6311 7238 "AudioTrack" 7fbbe37000
           <...>-7238  [004] ....   371.164013: do_anonymous_page: anonymous tgid 6311 7238 "AudioTrack" 7ede429000
    GLThread 429-6387  [004] ....   371.164770: do_anonymous_page: anonymous tgid 6311 6387 "GLThread 429" 7edd753000
    GLThread 429-6387  [004] ....   371.164776: do_anonymous_page: anonymous tgid 6311 6387 "GLThread 429" 7edd752000
           <...>-7237  [004] ....   371.164825: do_anonymous_page: anonymous tgid 6311 7237 "GLThread 429" 7ede527000
           <...>-7237  [004] ....   371.164862: do_anonymous_page: anonymous tgid 6311 7237 "AudioTrack" 7e80470000
           <...>-7237  [004] ....   371.164866: do_anonymous_page: anonymous tgid 6311 7237 "AudioTrack" 7e80471000
           <...>-7237  [004] ....   371.164903: do_anonymous_page: anonymous tgid 6311 7237 "AudioTrack" 13100000
           <...>-7237  [004] ....   371.164906: do_anonymous_page: anonymous tgid 6311 7237 "AudioTrack" 7fbbe33000
           <...>-7237  [004] ....   371.164912: do_anonymous_page: anonymous tgid 6311 7237 "AudioTrack" 7ede526000
           <...>-7236  [004] ....   371.165151: do_anonymous_page: anonymous tgid 6311 7236 "GLThread 429" 7ede624000
           <...>-7236  [004] ....   371.165224: do_anonymous_page: anonymous tgid 6311 7236 "AudioTrack" 13140000
           <...>-7236  [004] ....   371.165227: do_anonymous_page: anonymous tgid 6311 7236 "AudioTrack" 7fbbdf3000
           <...>-7236  [004] ....   371.165233: do_anonymous_page: anonymous tgid 6311 7236 "AudioTrack" 7ede623000
           <...>-7240  [004] ....   371.165350: do_anonymous_page: anonymous tgid 6311 7240 "GLThread 429" 7ede230000
           <...>-7240  [004] ....   371.165384: do_anonymous_page: anonymous tgid 6311 7240 "AudioTrack" 7e8048e000
           <...>-7240  [004] ....   371.165417: do_anonymous_page: anonymous tgid 6311 7240 "AudioTrack" 13180000
           <...>-7240  [004] ....   371.165420: do_anonymous_page: anonymous tgid 6311 7240 "AudioTrack" 7f39a65000
           <...>-7240  [004] ....   371.165426: do_anonymous_page: anonymous tgid 6311 7240 "AudioTrack" 7ede22f000
           <...>-7235  [004] ....   371.165799: do_anonymous_page: anonymous tgid 6311 7235 "GLThread 429" 7f2920a000
           <...>-7235  [004] ....   371.165857: do_anonymous_page: anonymous tgid 6311 7235 "AudioTrack" 131c0000
           <...>-7235  [004] ....   371.165860: do_anonymous_page: anonymous tgid 6311 7235 "AudioTrack" 7f39a00000
           <...>-7235  [004] ....   371.165923: do_anonymous_page: anonymous tgid 6311 7235 "AudioTrack" 7f29209000
           <...>-7234  [004] ....   371.165944: do_anonymous_page: anonymous tgid 6311 7234 "GLThread 429" 7f29540000
           <...>-7234  [004] ....   371.165978: do_anonymous_page: anonymous tgid 6311 7234 "AudioTrack" 7e8049e000
           <...>-7234  [004] ....   371.165980: do_anonymous_page: anonymous tgid 6311 7234 "AudioTrack" 7e8049f000
           <...>-7234  [004] ....   371.166008: do_anonymous_page: anonymous tgid 6311 7234 "AudioTrack" 13200000
           <...>-7234  [004] ....   371.166010: do_anonymous_page: anonymous tgid 6311 7234 "AudioTrack" 7f315fe000
           <...>-7234  [004] ....   371.166016: do_anonymous_page: anonymous tgid 6311 7234 "AudioTrack" 7f2953f000
           <...>-3703  [004] ....   371.166324: do_anonymous_page: anonymous tgid 1341 3703 "Binder:1341_C" 1310d000
           <...>-7233  [004] ....   371.166823: do_anonymous_page: anonymous tgid 6311 7233 "GLThread 429" 7f29752000
           <...>-7233  [004] ....   371.166885: do_anonymous_page: anonymous tgid 6311 7233 "AudioTrack" 13240000
           <...>-7233  [004] ....   371.166888: do_anonymous_page: anonymous tgid 6311 7233 "AudioTrack" 7f315fc000
           <...>-7233  [004] ....   371.166893: do_anonymous_page: anonymous tgid 6311 7233 "AudioTrack" 7f29751000
    GLThread 429-6387  [004] ....   371.167015: do_anonymous_page: anonymous tgid 6311 6387 "GLThread 429" 7f28aed000
           <...>-7241  [004] ....   371.167064: do_anonymous_page: anonymous tgid 6311 7241 "GLThread 429" 7ede133000
           <...>-7241  [004] ....   371.167098: do_anonymous_page: anonymous tgid 6311 7241 "AudioTrack" 7e80564000
           <...>-7241  [004] ....   371.167101: do_anonymous_page: anonymous tgid 6311 7241 "AudioTrack" 7e80565000
           <...>-7241  [004] ....   371.167103: do_anonymous_page: anonymous tgid 6311 7241 "AudioTrack" 7e80566000
           <...>-7241  [004] ....   371.167130: do_anonymous_page: anonymous tgid 6311 7241 "AudioTrack" 13280000
           <...>-7241  [004] ....   371.167132: do_anonymous_page: anonymous tgid 6311 7241 "AudioTrack" 7f313fa000
           <...>-7241  [004] ....   371.167138: do_anonymous_page: anonymous tgid 6311 7241 "AudioTrack" 7ede132000
    GLThread 429-6387  [004] ....   371.167298: do_anonymous_page: anonymous tgid 6311 6387 "GLThread 429" 7ecf58e000
    GLThread 429-6387  [004] ....   371.167302: do_anonymous_page: anonymous tgid 6311 6387 "GLThread 429" 7ecf58d000
           <...>-7247  [004] ....   371.167954: do_anonymous_page: anonymous tgid 6311 7247 "GLThread 429" 7eddb45000
           <...>-7247  [004] ....   371.168015: do_anonymous_page: anonymous tgid 6311 7247 "AudioTrack" 132c0000
           <...>-7247  [004] ....   371.168019: do_anonymous_page: anonymous tgid 6311 7247 "AudioTrack" 7f2f0a7000
           <...>-7247  [004] ....   371.168024: do_anonymous_page: anonymous tgid 6311 7247 "AudioTrack" 7eddb44000
           <...>-7246  [004] ....   371.168041: do_anonymous_page: anonymous tgid 6311 7246 "GLThread 429" 7eddc42000
           <...>-7246  [004] ....   371.168087: do_anonymous_page: anonymous tgid 6311 7246 "AudioTrack" 13300000
           <...>-7246  [004] ....   371.168090: do_anonymous_page: anonymous tgid 6311 7246 "AudioTrack" 7f2ed07000
           <...>-7246  [004] ....   371.168094: do_anonymous_page: anonymous tgid 6311 7246 "AudioTrack" 7eddc41000
           <...>-7245  [004] ....   371.168108: do_anonymous_page: anonymous tgid 6311 7245 "GLThread 429" 7eddd3f000
           <...>-7245  [004] ....   371.168136: do_anonymous_page: anonymous tgid 6311 7245 "AudioTrack" 7e9cb9b000
           <...>-7245  [004] ....   371.168139: do_anonymous_page: anonymous tgid 6311 7245 "AudioTrack" 7e9cb9c000
           <...>-7245  [004] ....   371.168161: do_anonymous_page: anonymous tgid 6311 7245 "AudioTrack" 13340000
           <...>-7245  [004] ....   371.168170: do_anonymous_page: anonymous tgid 6311 7245 "AudioTrack" 7f2ed05000
           <...>-7245  [004] ....   371.168174: do_anonymous_page: anonymous tgid 6311 7245 "AudioTrack" 7eddd3e000
           <...>-7244  [004] ....   371.168201: do_anonymous_page: anonymous tgid 6311 7244 "GLThread 429" 7edde3c000
           <...>-7244  [004] ....   371.168229: do_anonymous_page: anonymous tgid 6311 7244 "AudioTrack" 7e806fb000
           <...>-7244  [004] ....   371.168258: do_anonymous_page: anonymous tgid 6311 7244 "AudioTrack" 13380000
           <...>-7244  [004] ....   371.168261: do_anonymous_page: anonymous tgid 6311 7244 "AudioTrack" 7f2da0c000
           <...>-7244  [004] ....   371.168266: do_anonymous_page: anonymous tgid 6311 7244 "AudioTrack" 7edde3b000
           <...>-7227  [004] ....   371.168299: do_anonymous_page: anonymous tgid 7226 7227 "cmd" 7fbd403000
           <...>-7227  [004] ....   371.168322: do_anonymous_page: anonymous tgid 7226 7227 "cmd" 7fbd404000
           <...>-7227  [004] ....   371.168334: do_anonymous_page: anonymous tgid 7226 7227 "cmd" 7fbba00000
           <...>-7227  [004] ....   371.168340: do_anonymous_page: anonymous tgid 7226 7227 "cmd" 7fbba02000
           <...>-7227  [004] ....   371.168342: do_anonymous_page: anonymous tgid 7226 7227 "cmd" 7fbba03000
           <...>-7227  [004] ....   371.168345: do_anonymous_page: anonymous tgid 7226 7227 "cmd" 7fbba04000
           <...>-7227  [004] ....   371.168347: do_anonymous_page: anonymous tgid 7226 7227 "cmd" 7fbba05000
           <...>-7227  [004] ....   371.168350: do_anonymous_page: anonymous tgid 7226 7227 "cmd" 7fbba06000
           <...>-7227  [004] ....   371.168356: do_anonymous_page: anonymous tgid 7226 7227 "cmd" 7fbd1dc000
           <...>-7227  [004] ....   371.168358: do_anonymous_page: anonymous tgid 7226 7227 "cmd" 7fbd1dd000
           <...>-7227  [004] ....   371.168364: do_anonymous_page: anonymous tgid 7226 7227 "cmd" 7fbb800000
           <...>-7227  [004] ....   371.168368: do_anonymous_page: anonymous tgid 7226 7227 "cmd" 7fbdbfe000
           <...>-7227  [004] ....   371.168375: do_anonymous_page: anonymous tgid 7226 7227 "cmd" 7fbcebf000
           <...>-7227  [004] ....   371.168378: do_anonymous_page: anonymous tgid 7226 7227 "cmd" 7fbb803000
           <...>-7227  [004] ....   371.168383: do_anonymous_page: anonymous tgid 7226 7227 "cmd" 7fbdcd7000
           <...>-7227  [004] ....   371.168424: do_anonymous_page: anonymous tgid 7226 7227 "cmd" 7fbb804000
           <...>-7227  [004] ....   371.168444: do_anonymous_page: anonymous tgid 7226 7227 "cmd" 7fbba07000
           <...>-7227  [004] ....   371.168451: do_anonymous_page: anonymous tgid 7226 7227 "cmd" 7fbb805000
           <...>-7227  [004] ....   371.168459: do_anonymous_page: anonymous tgid 7226 7227 "cmd" 7fbb806000
           <...>-7227  [004] ....   371.168463: do_anonymous_page: anonymous tgid 7226 7227 "cmd" 7fbb807000
           <...>-7227  [004] ....   371.168468: do_anonymous_page: anonymous tgid 7226 7227 "cmd" 7fbb808000
           <...>-7227  [004] ....   371.168470: do_anonymous_page: anonymous tgid 7226 7227 "cmd" 7fbb809000
           <...>-7227  [004] ....   371.168484: do_anonymous_page: anonymous tgid 7226 7227 "cmd" 7fbb81e000
           <...>-7227  [004] ....   371.168490: do_anonymous_page: anonymous tgid 7226 7227 "cmd" 7fbb828000
           <...>-7227  [004] ....   371.168494: do_anonymous_page: anonymous tgid 7226 7227 "cmd" 7fbb829000
           <...>-7227  [004] ....   371.168518: do_anonymous_page: anonymous tgid 7226 7227 "cmd" 7fbb82a000
           <...>-7227  [004] ....   371.168545: do_anonymous_page: anonymous tgid 7226 7227 "cmd" 7fbb82b000
           <...>-7227  [004] ....   371.168566: do_anonymous_page: anonymous tgid 7226 7227 "cmd" 7fbcebe000
           <...>-7227  [004] ....   371.168569: do_anonymous_page: anonymous tgid 7226 7227 "cmd" 7fbb82c000
           <...>-7227  [004] ....   371.168589: do_anonymous_page: anonymous tgid 7226 7227 "cmd" 7fbb82d000
           <...>-7227  [004] ....   371.168611: do_anonymous_page: anonymous tgid 7226 7227 "cmd" 7fbb82e000
           <...>-7227  [004] ....   371.168615: do_anonymous_page: anonymous tgid 7226 7227 "cmd" 7fbb82f000
           <...>-7227  [004] ....   371.168634: do_anonymous_page: anonymous tgid 7226 7227 "cmd" 7fbb830000
           <...>-7227  [004] ....   371.168653: do_anonymous_page: anonymous tgid 7226 7227 "cmd" 7fbb831000
           <...>-7227  [004] ....   371.168665: do_anonymous_page: anonymous tgid 7226 7227 "cmd" 7fbb833000
           <...>-7227  [004] ....   371.168842: do_anonymous_page: anonymous tgid 7226 7227 "Binder:7226_1" 7fbb82c000
           <...>-7227  [004] ....   371.168847: do_anonymous_page: anonymous tgid 7226 7227 "Binder:7226_1" 7fbb82e000
           <...>-7227  [004] ....   371.168857: do_anonymous_page: anonymous tgid 7226 7227 "Binder:7226_1" 7fbb834000
           <...>-7227  [004] ....   371.168866: do_anonymous_page: anonymous tgid 7226 7227 "Binder:7226_1" 7fbbdc4000
           <...>-7227  [004] ....   371.168869: do_anonymous_page: anonymous tgid 7226 7227 "Binder:7226_1" 7fbbdc3000
           <...>-7243  [004] ....   371.168924: do_anonymous_page: anonymous tgid 6311 7243 "GLThread 429" 7eddf39000
           <...>-7243  [004] ....   371.168956: do_anonymous_page: anonymous tgid 6311 7243 "AudioTrack" 7e9c401000
           <...>-7243  [004] ....   371.168959: do_anonymous_page: anonymous tgid 6311 7243 "AudioTrack" 7e9c402000
           <...>-7243  [004] ....   371.168987: do_anonymous_page: anonymous tgid 6311 7243 "AudioTrack" 133c0000
           <...>-7243  [004] ....   371.168989: do_anonymous_page: anonymous tgid 6311 7243 "AudioTrack" 7f29cc6000
           <...>-7243  [004] ....   371.168995: do_anonymous_page: anonymous tgid 6311 7243 "AudioTrack" 7eddf38000
           <...>-7242  [004] ....   371.169193: do_anonymous_page: anonymous tgid 6311 7242 "GLThread 429" 7ede036000
           <...>-7242  [004] ....   371.169227: do_anonymous_page: anonymous tgid 6311 7242 "AudioTrack" 7e80714000
           <...>-7242  [004] ....   371.169230: do_anonymous_page: anonymous tgid 6311 7242 "AudioTrack" 7e80715000
           <...>-7242  [004] ....   371.169258: do_anonymous_page: anonymous tgid 6311 7242 "AudioTrack" 13400000
           <...>-7242  [004] ....   371.169261: do_anonymous_page: anonymous tgid 6311 7242 "AudioTrack" 7f29ab4000
           <...>-7242  [004] ....   371.169267: do_anonymous_page: anonymous tgid 6311 7242 "AudioTrack" 7ede035000
           <...>-7248  [004] ....   371.169625: do_anonymous_page: anonymous tgid 6311 7248 "GLThread 429" 7e9c37c000
           <...>-7248  [004] ....   371.169635: do_anonymous_page: anonymous tgid 6311 7248 "GLThread 429" 7e9c37d000
           <...>-7248  [004] ....   371.169641: do_anonymous_page: anonymous tgid 6311 7248 "GLThread 429" 7edda48000
           <...>-7248  [004] ....   371.169673: do_anonymous_page: anonymous tgid 6311 7248 "AudioTrack" 7e9c488000
           <...>-7248  [004] ....   371.169675: do_anonymous_page: anonymous tgid 6311 7248 "AudioTrack" 7e9c48a000
           <...>-7248  [004] ....   371.169677: do_anonymous_page: anonymous tgid 6311 7248 "AudioTrack" 7e9c489000
           <...>-7248  [004] ....   371.169707: do_anonymous_page: anonymous tgid 6311 7248 "AudioTrack" 13440000
           <...>-7248  [004] ....   371.169710: do_anonymous_page: anonymous tgid 6311 7248 "AudioTrack" 7f2990e000
           <...>-7248  [004] ....   371.169716: do_anonymous_page: anonymous tgid 6311 7248 "AudioTrack" 7edda47000
           <...>-7251  [004] ....   371.169750: do_anonymous_page: anonymous tgid 6311 7251 "GLThread 429" 7edd751000
           <...>-7251  [004] ....   371.169809: do_anonymous_page: anonymous tgid 6311 7251 "AudioTrack" 13480000
           <...>-7251  [004] ....   371.169812: do_anonymous_page: anonymous tgid 6311 7251 "AudioTrack" 7f29903000
           <...>-7251  [004] ....   371.169818: do_anonymous_page: anonymous tgid 6311 7251 "AudioTrack" 7edd750000
    GLThread 429-6387  [004] ....   371.169912: do_anonymous_page: anonymous tgid 6311 6387 "GLThread 429" 7fbe21e000
    GLThread 429-6387  [004] ....   371.170352: do_anonymous_page: anonymous tgid 6311 6387 "GLThread 429" 7f28aee000
    GLThread 429-6387  [004] ....   371.170538: do_anonymous_page: anonymous tgid 6311 6387 "GLThread 429" 7ecf37f000
    GLThread 429-6387  [004] ....   371.170542: do_anonymous_page: anonymous tgid 6311 6387 "GLThread 429" 7ecf37e000
           <...>-7231  [004] ....   371.171048: do_anonymous_page: anonymous tgid 842 7231 "Binder:842_8" 7fbe0fe000
           <...>-7249  [004] ....   371.171203: do_anonymous_page: anonymous tgid 6311 7249 "GLThread 429" 7edd94b000
           <...>-7249  [004] ....   371.171242: do_anonymous_page: anonymous tgid 6311 7249 "AudioTrack" 7e9c4b6000
           <...>-7249  [004] ....   371.171244: do_anonymous_page: anonymous tgid 6311 7249 "AudioTrack" 7e9c4b7000
           <...>-7249  [004] ....   371.171276: do_anonymous_page: anonymous tgid 6311 7249 "AudioTrack" 134c0000
           <...>-7249  [004] ....   371.171279: do_anonymous_page: anonymous tgid 6311 7249 "AudioTrack" 7f298f8000
           <...>-7249  [004] ....   371.171285: do_anonymous_page: anonymous tgid 6311 7249 "AudioTrack" 7edd94a000
           <...>-3703  [004] ....   371.171389: do_anonymous_page: anonymous tgid 1341 3703 "Binder:1341_C" 1310e000
    GLThread 429-6387  [004] ....   371.172126: do_anonymous_page: anonymous tgid 6311 6387 "GLThread 429" 7f28aef000
    GLThread 429-6387  [004] ....   371.172294: do_anonymous_page: anonymous tgid 6311 6387 "GLThread 429" 7ece0d3000
    GLThread 429-6387  [004] ....   371.172299: do_anonymous_page: anonymous tgid 6311 6387 "GLThread 429" 7ece0d2000
    GLThread 429-6387  [004] ....   371.172431: do_anonymous_page: anonymous tgid 6311 6387 "GLThread 429" 7f28b08000
  Binder:1341_15-6228  [004] ....   371.173454: do_anonymous_page: anonymous tgid 1341 6228 "Binder:1341_15" 130c7000
    GLThread 429-6387  [004] ....   371.174362: do_anonymous_page: anonymous tgid 6311 6387 "GLThread 429" 7ecae1c000
    GLThread 429-6387  [004] ....   371.174367: do_anonymous_page: anonymous tgid 6311 6387 "GLThread 429" 7ecae1b000
           <...>-6804  [004] ....   371.174446: do_anonymous_page: anonymous tgid 842 6804 "Binder:842_7" 7f38c5d000
           <...>-6804  [004] ....   371.174909: do_anonymous_page: anonymous tgid 842 6804 "Binder:842_7" 7f38daf000
           <...>-1378  [004] ....   371.175200: do_anonymous_page: anonymous tgid 1341 1378 "HwBinder:1341_1" 131c1000
