           <...>-7972  [004] ....  1063.724656: do_anonymous_page: anonymous tgid 7971 7972 "cmd" 7fbd404000
           <...>-7972  [004] ....  1063.724672: do_anonymous_page: anonymous tgid 7971 7972 "cmd" 7fbbc00000
           <...>-7972  [004] ....  1063.724678: do_anonymous_page: anonymous tgid 7971 7972 "cmd" 7fbbc02000
           <...>-7972  [004] ....  1063.724681: do_anonymous_page: anonymous tgid 7971 7972 "cmd" 7fbbc03000
           <...>-7972  [004] ....  1063.724684: do_anonymous_page: anonymous tgid 7971 7972 "cmd" 7fbbc04000
           <...>-7972  [004] ....  1063.724686: do_anonymous_page: anonymous tgid 7971 7972 "cmd" 7fbbc05000
           <...>-7972  [004] ....  1063.724688: do_anonymous_page: anonymous tgid 7971 7972 "cmd" 7fbbc06000
           <...>-7972  [004] ....  1063.724696: do_anonymous_page: anonymous tgid 7971 7972 "cmd" 7fbd1dd000
           <...>-7972  [004] ....  1063.724698: do_anonymous_page: anonymous tgid 7971 7972 "cmd" 7fbd1de000
           <...>-7972  [004] ....  1063.724705: do_anonymous_page: anonymous tgid 7971 7972 "cmd" 7fbba00000
           <...>-7972  [004] ....  1063.724709: do_anonymous_page: anonymous tgid 7971 7972 "cmd" 7fbd8ff000
           <...>-7972  [004] ....  1063.724717: do_anonymous_page: anonymous tgid 7971 7972 "cmd" 7fbcefc000
           <...>-7972  [004] ....  1063.724720: do_anonymous_page: anonymous tgid 7971 7972 "cmd" 7fbba03000
           <...>-7972  [004] ....  1063.724724: do_anonymous_page: anonymous tgid 7971 7972 "cmd" 7fbdb58000
           <...>-7972  [004] ....  1063.724755: do_anonymous_page: anonymous tgid 7971 7972 "cmd" 7fbba04000
           <...>-7972  [004] ....  1063.724774: do_anonymous_page: anonymous tgid 7971 7972 "cmd" 7fbbc07000
           <...>-7972  [004] ....  1063.724782: do_anonymous_page: anonymous tgid 7971 7972 "cmd" 7fbba05000
           <...>-7972  [004] ....  1063.724788: do_anonymous_page: anonymous tgid 7971 7972 "cmd" 7fbba06000
           <...>-7972  [004] ....  1063.724793: do_anonymous_page: anonymous tgid 7971 7972 "cmd" 7fbba07000
           <...>-7972  [004] ....  1063.724809: do_anonymous_page: anonymous tgid 7971 7972 "cmd" 7fbba08000
           <...>-7972  [004] ....  1063.724811: do_anonymous_page: anonymous tgid 7971 7972 "cmd" 7fbba09000
           <...>-7972  [004] ....  1063.724824: do_anonymous_page: anonymous tgid 7971 7972 "cmd" 7fbba1e000
           <...>-7972  [004] ....  1063.724832: do_anonymous_page: anonymous tgid 7971 7972 "cmd" 7fbba28000
           <...>-7972  [004] ....  1063.724836: do_anonymous_page: anonymous tgid 7971 7972 "cmd" 7fbba29000
           <...>-7972  [004] ....  1063.724860: do_anonymous_page: anonymous tgid 7971 7972 "cmd" 7fbba2a000
           <...>-7972  [004] ....  1063.724881: do_anonymous_page: anonymous tgid 7971 7972 "cmd" 7fbba2b000
           <...>-7972  [004] ....  1063.724901: do_anonymous_page: anonymous tgid 7971 7972 "cmd" 7fbcefb000
           <...>-7972  [004] ....  1063.724904: do_anonymous_page: anonymous tgid 7971 7972 "cmd" 7fbba2c000
           <...>-7972  [004] ....  1063.724924: do_anonymous_page: anonymous tgid 7971 7972 "cmd" 7fbba2d000
           <...>-7972  [004] ....  1063.724945: do_anonymous_page: anonymous tgid 7971 7972 "cmd" 7fbba2e000
           <...>-7972  [004] ....  1063.724956: do_anonymous_page: anonymous tgid 7971 7972 "cmd" 7fbba2f000
           <...>-7972  [004] ....  1063.724974: do_anonymous_page: anonymous tgid 7971 7972 "cmd" 7fbba30000
           <...>-7972  [004] ....  1063.724993: do_anonymous_page: anonymous tgid 7971 7972 "cmd" 7fbba31000
           <...>-7972  [004] ....  1063.725006: do_anonymous_page: anonymous tgid 7971 7972 "cmd" 7fbba33000
           <...>-7972  [004] ....  1063.725199: do_anonymous_page: anonymous tgid 7971 7972 "Binder:7971_1" 7fbba2c000
           <...>-7972  [004] ....  1063.725205: do_anonymous_page: anonymous tgid 7971 7972 "Binder:7971_1" 7fbba2e000
           <...>-7972  [004] ....  1063.725214: do_anonymous_page: anonymous tgid 7971 7972 "Binder:7971_1" 7fbba34000
           <...>-7972  [004] ....  1063.725226: do_anonymous_page: anonymous tgid 7971 7972 "Binder:7971_1" 7fbb9fc000
           <...>-7972  [004] ....  1063.725230: do_anonymous_page: anonymous tgid 7971 7972 "Binder:7971_1" 7fbb9fb000
           <...>-7973  [004] ....  1063.725270: do_anonymous_page: anonymous tgid 7971 7973 "Binder:7971_1" 7fbb9fa000
           <...>-7973  [004] ....  1063.725276: do_anonymous_page: anonymous tgid 7971 7973 "Binder:7971_1" 7fbd42c000
           <...>-7973  [004] ....  1063.725278: do_anonymous_page: anonymous tgid 7971 7973 "Binder:7971_1" 7fbd42d000
           <...>-7973  [004] ....  1063.725282: do_anonymous_page: anonymous tgid 7971 7973 "Binder:7971_1" 7fbd42e000
           <...>-7973  [004] ....  1063.725308: do_anonymous_page: anonymous tgid 7971 7973 "Binder:7971_2" 7fbd424000
           <...>-3703  [004] ....  1063.736281: do_anonymous_page: anonymous tgid 1341 3703 "Binder:1341_C" 12f42000
   Binder:6311_6-6803  [004] ....  1063.738052: do_anonymous_page: anonymous tgid 6311 6803 "Binder:6311_6" 7f213e1000
   Binder:6311_6-6803  [004] ....  1063.738074: do_anonymous_page: anonymous tgid 6311 6803 "Binder:6311_6" 12e00000
           <...>-3737  [004] ....  1063.740290: do_anonymous_page: anonymous tgid 1341 3737 "Binder:1341_D" 12dc2000
           <...>-2559  [004] ....  1063.740824: do_anonymous_page: anonymous tgid 2559 2559 "gle.android.gms" 12d0b000
           <...>-1929  [004] ....  1063.742531: do_anonymous_page: anonymous tgid 1929 1929 "m.android.phone" 133d5000
           <...>-2559  [004] ....  1063.743750: do_anonymous_page: anonymous tgid 2559 2559 "gle.android.gms" 12d0c000
           <...>-2094  [004] ....  1063.748561: do_anonymous_page: anonymous tgid 2068 2094 "UiThreadHelper" 12c87000
 droid.launcher3-2068  [004] ....  1063.748683: do_anonymous_page: anonymous tgid 2068 2068 "droid.launcher3" 130fc000
 .candycrushsaga-6311  [004] ....  1063.762531: do_anonymous_page: anonymous tgid 6311 6311 ".candycrushsaga" 12cc6000
 .candycrushsaga-6311  [004] ....  1063.762838: do_anonymous_page: anonymous tgid 6311 6311 ".candycrushsaga" 12cc7000
    GLThread 429-6387  [004] ....  1063.762971: do_anonymous_page: anonymous tgid 6311 6387 "GLThread 429" 12e40000
           <...>-6761  [004] ....  1063.763172: do_anonymous_page: anonymous tgid 6311 6761 "GoogleApiHandle" 12e80000
           <...>-6340  [004] ....  1063.763224: do_anonymous_page: anonymous tgid 6311 6340 "AsyncTask #1" 12ec0000
    GLThread 429-6387  [004] ....  1063.763721: do_anonymous_page: anonymous tgid 6311 6387 "GLThread 429" 7f29ccd000
    GLThread 429-6387  [004] ....  1063.763726: do_anonymous_page: anonymous tgid 6311 6387 "GLThread 429" 7f29ccc000
           <...>-6384  [004] ....  1063.765207: do_anonymous_page: anonymous tgid 6311 6384 "pool-3-thread-1" 12d10000
           <...>-6384  [004] ....  1063.765327: do_anonymous_page: anonymous tgid 6311 6384 "pool-3-thread-1" 12d11000
           <...>-6384  [004] ....  1063.765434: do_anonymous_page: anonymous tgid 6311 6384 "pool-3-thread-1" 12d12000
           <...>-6384  [004] ....  1063.765457: do_anonymous_page: anonymous tgid 6311 6384 "pool-3-thread-1" 12d13000
           <...>-6384  [004] ....  1063.765482: do_anonymous_page: anonymous tgid 6311 6384 "pool-3-thread-1" 12d14000
           <...>-6384  [004] ....  1063.765503: do_anonymous_page: anonymous tgid 6311 6384 "pool-3-thread-1" 12d15000
           <...>-6384  [004] ....  1063.765520: do_anonymous_page: anonymous tgid 6311 6384 "pool-3-thread-1" 12d16000
           <...>-6384  [004] ....  1063.765571: do_anonymous_page: anonymous tgid 6311 6384 "pool-3-thread-1" 12d17000
           <...>-6384  [004] ....  1063.765586: do_anonymous_page: anonymous tgid 6311 6384 "pool-3-thread-1" 12d18000
           <...>-6384  [004] ....  1063.765630: do_anonymous_page: anonymous tgid 6311 6384 "pool-3-thread-1" 12d19000
           <...>-6384  [004] ....  1063.765651: do_anonymous_page: anonymous tgid 6311 6384 "pool-3-thread-1" 12d1a000
           <...>-6384  [004] ....  1063.765673: do_anonymous_page: anonymous tgid 6311 6384 "pool-3-thread-1" 12d1b000
           <...>-6384  [004] ....  1063.765692: do_anonymous_page: anonymous tgid 6311 6384 "pool-3-thread-1" 12d1c000
           <...>-6384  [004] ....  1063.765710: do_anonymous_page: anonymous tgid 6311 6384 "pool-3-thread-1" 12d1d000
           <...>-6384  [004] ....  1063.765757: do_anonymous_page: anonymous tgid 6311 6384 "pool-3-thread-1" 12d1e000
           <...>-6384  [004] ....  1063.765783: do_anonymous_page: anonymous tgid 6311 6384 "pool-3-thread-1" 12d1f000
 pool-7-thread-1-6351  [004] ....  1063.766028: do_anonymous_page: anonymous tgid 6311 6351 "pool-7-thread-1" 12d6c000
 pool-7-thread-1-6351  [004] ....  1063.766095: do_anonymous_page: anonymous tgid 6311 6351 "pool-7-thread-1" 12d6d000
 pool-7-thread-1-6351  [004] ....  1063.766144: do_anonymous_page: anonymous tgid 6311 6351 "pool-7-thread-1" 12d6e000
 pool-7-thread-1-6351  [004] ....  1063.766167: do_anonymous_page: anonymous tgid 6311 6351 "pool-7-thread-1" 12d6f000
 pool-7-thread-1-6351  [004] ....  1063.766186: do_anonymous_page: anonymous tgid 6311 6351 "pool-7-thread-1" 12d70000
 pool-7-thread-1-6351  [004] ....  1063.766206: do_anonymous_page: anonymous tgid 6311 6351 "pool-7-thread-1" 12d71000
 pool-7-thread-1-6351  [004] ....  1063.766222: do_anonymous_page: anonymous tgid 6311 6351 "pool-7-thread-1" 12d72000
 pool-7-thread-1-6351  [004] ....  1063.766244: do_anonymous_page: anonymous tgid 6311 6351 "pool-7-thread-1" 12d73000
 ScreenDecoratio-2223  [004] ....  1063.767603: do_anonymous_page: anonymous tgid 1709 2223 "ScreenDecoratio" 130cd000
           <...>-1364  [004] ....  1063.768781: do_anonymous_page: anonymous tgid 1341 1364 "android.display" 12d4a000
   system_server-1341  [004] ....  1063.773413: do_anonymous_page: anonymous tgid 1341 1341 "system_server" 12e82000
           <...>-1358  [004] ....  1063.774919: do_anonymous_page: anonymous tgid 1341 1358 "Binder:1341_1" 13242000
           <...>-1358  [004] ....  1063.774994: do_anonymous_page: anonymous tgid 1341 1358 "Binder:1341_1" 13243000
 pool-7-thread-1-6351  [004] ....  1063.775643: do_anonymous_page: anonymous tgid 6311 6351 "pool-7-thread-1" 12d74000
 pool-7-thread-1-6351  [004] ....  1063.775765: do_anonymous_page: anonymous tgid 6311 6351 "pool-7-thread-1" 12d75000
 pool-7-thread-1-6351  [004] ....  1063.775819: do_anonymous_page: anonymous tgid 6311 6351 "pool-7-thread-1" 12d76000
 pool-7-thread-1-6351  [004] ....  1063.775895: do_anonymous_page: anonymous tgid 6311 6351 "pool-7-thread-1" 12d77000
 pool-7-thread-1-6351  [004] ....  1063.775984: do_anonymous_page: anonymous tgid 6311 6351 "pool-7-thread-1" 12d78000
 pool-7-thread-1-6351  [004] ....  1063.776016: do_anonymous_page: anonymous tgid 6311 6351 "pool-7-thread-1" 12d79000
  Binder:1341_10-5210  [004] ....  1063.780854: do_anonymous_page: anonymous tgid 1341 5210 "Binder:1341_10" 142c8000
 ndroid.systemui-1709  [004] ....  1063.781140: do_anonymous_page: anonymous tgid 1709 1709 "ndroid.systemui" 130b2000
 ScreenDecoratio-2223  [004] ....  1063.789936: do_anonymous_page: anonymous tgid 1709 2223 "ScreenDecoratio" 130ce000
           <...>-2922  [004] ....  1063.790361: do_anonymous_page: anonymous tgid 2559 2922 "Binder:2559_4" 12dc1000
           <...>-2559  [004] ....  1063.790571: do_anonymous_page: anonymous tgid 2559 2559 "gle.android.gms" 12d0d000
           <...>-1358  [004] ....  1063.791471: do_anonymous_page: anonymous tgid 1341 1358 "Binder:1341_1" 13244000
           <...>-2559  [004] ....  1063.792045: do_anonymous_page: anonymous tgid 2559 2559 "gle.android.gms" 12d0e000
           <...>-1364  [004] ....  1063.794396: do_anonymous_page: anonymous tgid 1341 1364 "android.display" 12d4b000
           <...>-1364  [004] ....  1063.794432: do_anonymous_page: anonymous tgid 1341 1364 "android.display" 12d4c000
           <...>-1364  [004] ....  1063.794437: do_anonymous_page: anonymous tgid 1341 1364 "android.display" 12d4d000
    GLThread 429-6387  [004] ....  1063.795820: do_anonymous_page: anonymous tgid 6311 6387 "GLThread 429" 7f29754000
    GLThread 429-6387  [004] ....  1063.795827: do_anonymous_page: anonymous tgid 6311 6387 "GLThread 429" 7f29753000
 ScreenDecoratio-2223  [004] ....  1063.797443: do_anonymous_page: anonymous tgid 1709 2223 "ScreenDecoratio" 130cf000
           <...>-1929  [004] ....  1063.800200: do_anonymous_page: anonymous tgid 1929 1929 "m.android.phone" 133d6000
           <...>-2559  [004] ....  1063.800915: do_anonymous_page: anonymous tgid 2559 2559 "gle.android.gms" 12d0f000
           <...>-2094  [004] ....  1063.802213: do_anonymous_page: anonymous tgid 2068 2094 "UiThreadHelper" 12c88000
 pool-7-thread-1-6351  [004] ....  1063.804932: do_anonymous_page: anonymous tgid 6311 6351 "pool-7-thread-1" 12d7a000
           <...>-1038  [004] ....  1063.805216: do_anonymous_page: anonymous tgid 787 1038 "netd" 7fad224000
           <...>-1038  [004] ....  1063.805228: do_anonymous_page: anonymous tgid 787 1038 "netd" 7fad223000
 ScreenDecoratio-2223  [004] ....  1063.806605: do_anonymous_page: anonymous tgid 1709 2223 "ScreenDecoratio" 130d0000
  Binder:1341_10-5210  [004] ....  1063.806699: do_anonymous_page: anonymous tgid 1341 5210 "Binder:1341_10" 142c9000
 ScreenDecoratio-2223  [004] ....  1063.807713: do_anonymous_page: anonymous tgid 1709 2223 "ScreenDecoratio" 130d1000
    GLThread 429-6387  [004] ....  1063.808361: do_anonymous_page: anonymous tgid 6311 6387 "GLThread 429" 7f29542000
    GLThread 429-6387  [004] ....  1063.808366: do_anonymous_page: anonymous tgid 6311 6387 "GLThread 429" 7f29541000
    GLThread 429-6387  [004] ....  1063.809959: do_anonymous_page: anonymous tgid 6311 6387 "GLThread 429" 7f2920c000
    GLThread 429-6387  [004] ....  1063.809964: do_anonymous_page: anonymous tgid 6311 6387 "GLThread 429" 7f2920b000
           <...>-1358  [004] ....  1063.810219: do_anonymous_page: anonymous tgid 1341 1358 "Binder:1341_1" 13245000
    GLThread 429-6387  [004] ....  1063.812774: do_anonymous_page: anonymous tgid 6311 6387 "GLThread 429" 7ed058e000
    GLThread 429-6387  [004] ....  1063.812789: do_anonymous_page: anonymous tgid 6311 6387 "GLThread 429" 7ed058d000
           <...>-1358  [004] ....  1063.813918: do_anonymous_page: anonymous tgid 1341 1358 "Binder:1341_1" 13246000
    GLThread 429-6387  [004] ....  1063.814653: do_anonymous_page: anonymous tgid 6311 6387 "GLThread 429" 7ed0491000
    GLThread 429-6387  [004] ....  1063.814660: do_anonymous_page: anonymous tgid 6311 6387 "GLThread 429" 7ed0490000
 ScreenDecoratio-2223  [004] ....  1063.818928: do_anonymous_page: anonymous tgid 1709 2223 "ScreenDecoratio" 130d2000
  Binder:1341_10-5210  [004] ....  1063.819214: do_anonymous_page: anonymous tgid 1341 5210 "Binder:1341_10" 142ca000
 ScreenDecoratio-2223  [004] ....  1063.820118: do_anonymous_page: anonymous tgid 1709 2223 "ScreenDecoratio" 130d3000
    GLThread 429-6387  [004] ....  1063.821278: do_anonymous_page: anonymous tgid 6311 6387 "GLThread 429" 7ed0394000
    GLThread 429-6387  [004] ....  1063.821286: do_anonymous_page: anonymous tgid 6311 6387 "GLThread 429" 7ed0393000
    GLThread 429-6387  [004] ....  1063.823247: do_anonymous_page: anonymous tgid 6311 6387 "GLThread 429" 7ed0297000
    GLThread 429-6387  [004] ....  1063.823253: do_anonymous_page: anonymous tgid 6311 6387 "GLThread 429" 7ed0296000
  Binder:1341_10-5210  [004] ....  1063.823509: do_anonymous_page: anonymous tgid 1341 5210 "Binder:1341_10" 142cb000
    GLThread 429-6387  [004] ....  1063.824729: do_anonymous_page: anonymous tgid 6311 6387 "GLThread 429" 7ed019a000
    GLThread 429-6387  [004] ....  1063.824735: do_anonymous_page: anonymous tgid 6311 6387 "GLThread 429" 7ed0199000
  Binder:1341_10-5210  [004] ....  1063.825500: do_anonymous_page: anonymous tgid 1341 5210 "Binder:1341_10" 142cc000
    GLThread 429-6387  [004] ....  1063.826345: do_anonymous_page: anonymous tgid 6311 6387 "GLThread 429" 7ed009d000
    GLThread 429-6387  [004] ....  1063.826350: do_anonymous_page: anonymous tgid 6311 6387 "GLThread 429" 7ed009c000
           <...>-1358  [004] ....  1063.828474: do_anonymous_page: anonymous tgid 1341 1358 "Binder:1341_1" 13247000
    GLThread 429-6387  [004] ....  1063.829508: do_anonymous_page: anonymous tgid 6311 6387 "GLThread 429" 7ecffa0000
    GLThread 429-6387  [004] ....  1063.829516: do_anonymous_page: anonymous tgid 6311 6387 "GLThread 429" 7ecff9f000
           <...>-1358  [004] ....  1063.830372: do_anonymous_page: anonymous tgid 1341 1358 "Binder:1341_1" 13248000
    GLThread 429-6387  [004] ....  1063.831020: do_anonymous_page: anonymous tgid 6311 6387 "GLThread 429" 7ecfea3000
    GLThread 429-6387  [004] ....  1063.831026: do_anonymous_page: anonymous tgid 6311 6387 "GLThread 429" 7ecfea2000
    GLThread 429-6387  [004] ....  1063.832419: do_anonymous_page: anonymous tgid 6311 6387 "GLThread 429" 7ecfda6000
    GLThread 429-6387  [004] ....  1063.832426: do_anonymous_page: anonymous tgid 6311 6387 "GLThread 429" 7ecfda5000
           <...>-1358  [004] ....  1063.833312: do_anonymous_page: anonymous tgid 1341 1358 "Binder:1341_1" 13249000
    GLThread 429-6387  [004] ....  1063.834134: do_anonymous_page: anonymous tgid 6311 6387 "GLThread 429" 7ecfca9000
    GLThread 429-6387  [004] ....  1063.834139: do_anonymous_page: anonymous tgid 6311 6387 "GLThread 429" 7ecfca8000
           <...>-7231  [004] ....  1063.834444: do_anonymous_page: anonymous tgid 842 7231 "Binder:842_8" 7f2a57d000
           <...>-1358  [004] ....  1063.834904: do_anonymous_page: anonymous tgid 1341 1358 "Binder:1341_1" 1324a000
           <...>-2087  [004] ....  1063.837855: do_anonymous_page: anonymous tgid 2068 2087 "Binder:2068_3" 12cc2000
           <...>-3703  [004] ....  1063.839149: do_anonymous_page: anonymous tgid 1341 3703 "Binder:1341_C" 12f43000
           <...>-2094  [004] ....  1063.839303: do_anonymous_page: anonymous tgid 2068 2094 "UiThreadHelper" 12c89000
    GLThread 429-6387  [004] ....  1063.840150: do_anonymous_page: anonymous tgid 6311 6387 "GLThread 429" 7ecfbac000
    GLThread 429-6387  [004] ....  1063.840163: do_anonymous_page: anonymous tgid 6311 6387 "GLThread 429" 7ecfbab000
    GLThread 429-6387  [004] ....  1063.841845: do_anonymous_page: anonymous tgid 6311 6387 "GLThread 429" 7ecfaaf000
    GLThread 429-6387  [004] ....  1063.841851: do_anonymous_page: anonymous tgid 6311 6387 "GLThread 429" 7ecfaae000
           <...>-1358  [004] ....  1063.842371: do_anonymous_page: anonymous tgid 1341 1358 "Binder:1341_1" 1324b000
    GLThread 429-6387  [004] ....  1063.843539: do_anonymous_page: anonymous tgid 6311 6387 "GLThread 429" 7ecf9b2000
    GLThread 429-6387  [004] ....  1063.843545: do_anonymous_page: anonymous tgid 6311 6387 "GLThread 429" 7ecf9b1000
           <...>-7231  [004] ....  1063.843977: do_anonymous_page: anonymous tgid 842 7231 "Binder:842_8" 7f2a5ce000
           <...>-1358  [004] ....  1063.844320: do_anonymous_page: anonymous tgid 1341 1358 "Binder:1341_1" 1324c000
           <...>-7975  [004] ....  1063.844519: do_anonymous_page: anonymous tgid 6311 7975 "GLThread 429" 7f29752000
           <...>-7975  [004] ....  1063.844722: do_anonymous_page: anonymous tgid 6311 7975 "AudioTrack" 12f00000
           <...>-7975  [004] ....  1063.844726: do_anonymous_page: anonymous tgid 6311 7975 "AudioTrack" 7fbddf4000
           <...>-7975  [004] ....  1063.844738: do_anonymous_page: anonymous tgid 6311 7975 "AudioTrack" 7f29751000
    GLThread 429-6387  [004] ....  1063.845294: do_anonymous_page: anonymous tgid 6311 6387 "GLThread 429" 7ecf8b5000
    GLThread 429-6387  [004] ....  1063.845298: do_anonymous_page: anonymous tgid 6311 6387 "GLThread 429" 7ecf8b4000
           <...>-7976  [004] ....  1063.845525: do_anonymous_page: anonymous tgid 787 7976 "netd" 7fad221000
           <...>-7976  [004] ....  1063.845537: do_anonymous_page: anonymous tgid 787 7976 "netd" 7fad220000
           <...>-7976  [004] ....  1063.845559: do_anonymous_page: anonymous tgid 787 7976 "netd" 7fba02c000
           <...>-7976  [004] ....  1063.845568: do_anonymous_page: anonymous tgid 787 7976 "netd" 7fad222000
           <...>-7976  [004] ....  1063.845579: do_anonymous_page: anonymous tgid 787 7976 "netd" 7fba039000
           <...>-7976  [004] ....  1063.845582: do_anonymous_page: anonymous tgid 787 7976 "netd" 7fba03a000
           <...>-7976  [004] ....  1063.845584: do_anonymous_page: anonymous tgid 787 7976 "netd" 7fba03b000
           <...>-7976  [004] ....  1063.845586: do_anonymous_page: anonymous tgid 787 7976 "netd" 7fba03c000
           <...>-7976  [004] ....  1063.845761: do_anonymous_page: anonymous tgid 787 7976 "netd" 7fba05c000
           <...>-7976  [004] ....  1063.845764: do_anonymous_page: anonymous tgid 787 7976 "netd" 7fba05d000
           <...>-7976  [004] ....  1063.845768: do_anonymous_page: anonymous tgid 787 7976 "netd" 7fba05e000
           <...>-7976  [004] ....  1063.845770: do_anonymous_page: anonymous tgid 787 7976 "netd" 7fba05f000
           <...>-7976  [004] ....  1063.845772: do_anonymous_page: anonymous tgid 787 7976 "netd" 7fba05a000
           <...>-7976  [004] ....  1063.845782: do_anonymous_page: anonymous tgid 787 7976 "netd" 7fad21f000
           <...>-7976  [004] ....  1063.845800: do_anonymous_page: anonymous tgid 787 7976 "netd" 7fad21e000
           <...>-7976  [004] ....  1063.845804: do_anonymous_page: anonymous tgid 787 7976 "netd" 7fba06c000
           <...>-7976  [004] ....  1063.845812: do_anonymous_page: anonymous tgid 787 7976 "netd" 7fba06f000
           <...>-1358  [004] ....  1063.848974: do_anonymous_page: anonymous tgid 1341 1358 "Binder:1341_1" 1324d000
    GLThread 429-6387  [004] ....  1063.849286: do_anonymous_page: anonymous tgid 6311 6387 "GLThread 429" 7ecf7b8000
    GLThread 429-6387  [004] ....  1063.849295: do_anonymous_page: anonymous tgid 6311 6387 "GLThread 429" 7ecf7b7000
    GLThread 429-6387  [004] ....  1063.850792: do_anonymous_page: anonymous tgid 6311 6387 "GLThread 429" 7ecf6bb000
    GLThread 429-6387  [004] ....  1063.850798: do_anonymous_page: anonymous tgid 6311 6387 "GLThread 429" 7ecf6ba000
           <...>-7978  [004] ....  1063.850981: do_anonymous_page: anonymous tgid 6311 7978 "GLThread 429" 7f2920a000
           <...>-7978  [004] ....  1063.851047: do_anonymous_page: anonymous tgid 6311 7978 "AudioTrack" 7e804b2000
           <...>-7978  [004] ....  1063.851117: do_anonymous_page: anonymous tgid 6311 7978 "AudioTrack" 12f40000
           <...>-7978  [004] ....  1063.851120: do_anonymous_page: anonymous tgid 6311 7978 "AudioTrack" 7fbdcd8000
           <...>-7978  [004] ....  1063.851132: do_anonymous_page: anonymous tgid 6311 7978 "AudioTrack" 7f29209000
           <...>-7231  [004] ....  1063.851365: do_anonymous_page: anonymous tgid 842 7231 "Binder:842_8" 7f2a57e000
           <...>-7974  [004] ....  1063.851617: do_anonymous_page: anonymous tgid 6311 7974 "GLThread 429" 7f29ccb000
           <...>-7974  [004] ....  1063.851698: do_anonymous_page: anonymous tgid 6311 7974 "AudioTrack" 12f80000
           <...>-7974  [004] ....  1063.851702: do_anonymous_page: anonymous tgid 6311 7974 "AudioTrack" 7fbbebc000
           <...>-7974  [004] ....  1063.851709: do_anonymous_page: anonymous tgid 6311 7974 "AudioTrack" 7f29cca000
           <...>-7987  [004] ....  1063.851763: do_anonymous_page: anonymous tgid 6311 7987 "GLThread 429" 7ecfda4000
           <...>-7987  [004] ....  1063.851819: do_anonymous_page: anonymous tgid 6311 7987 "AudioTrack" 12fc0000
           <...>-7987  [004] ....  1063.851823: do_anonymous_page: anonymous tgid 6311 7987 "AudioTrack" 7fbbe37000
           <...>-7987  [004] ....  1063.851829: do_anonymous_page: anonymous tgid 6311 7987 "AudioTrack" 7ecfda3000
           <...>-7986  [004] ....  1063.851844: do_anonymous_page: anonymous tgid 6311 7986 "GLThread 429" 7ecfea1000
           <...>-7986  [004] ....  1063.851893: do_anonymous_page: anonymous tgid 6311 7986 "AudioTrack" 13000000
           <...>-7986  [004] ....  1063.851896: do_anonymous_page: anonymous tgid 6311 7986 "AudioTrack" 7fbbe33000
           <...>-7986  [004] ....  1063.851900: do_anonymous_page: anonymous tgid 6311 7986 "AudioTrack" 7ecfea0000
           <...>-7985  [004] ....  1063.851931: do_anonymous_page: anonymous tgid 6311 7985 "GLThread 429" 7ecff9e000
           <...>-7985  [004] ....  1063.851985: do_anonymous_page: anonymous tgid 6311 7985 "AudioTrack" 13040000
           <...>-7985  [004] ....  1063.851988: do_anonymous_page: anonymous tgid 6311 7985 "AudioTrack" 7fbbdf3000
           <...>-7985  [004] ....  1063.851993: do_anonymous_page: anonymous tgid 6311 7985 "AudioTrack" 7ecff9d000
           <...>-7984  [004] ....  1063.852162: do_anonymous_page: anonymous tgid 6311 7984 "GLThread 429" 7ed009b000
           <...>-7984  [004] ....  1063.852223: do_anonymous_page: anonymous tgid 6311 7984 "AudioTrack" 13080000
           <...>-7984  [004] ....  1063.852226: do_anonymous_page: anonymous tgid 6311 7984 "AudioTrack" 7f39a65000
           <...>-7984  [004] ....  1063.852232: do_anonymous_page: anonymous tgid 6311 7984 "AudioTrack" 7ed009a000
           <...>-1358  [004] ....  1063.852367: do_anonymous_page: anonymous tgid 1341 1358 "Binder:1341_1" 1324e000
           <...>-7983  [004] ....  1063.852433: do_anonymous_page: anonymous tgid 6311 7983 "GLThread 429" 7ed0198000
           <...>-7983  [004] ....  1063.852470: do_anonymous_page: anonymous tgid 6311 7983 "AudioTrack" 7ec90c4000
           <...>-7983  [004] ....  1063.852478: do_anonymous_page: anonymous tgid 6311 7983 "AudioTrack" 7ec90c6000
           <...>-7983  [004] ....  1063.852480: do_anonymous_page: anonymous tgid 6311 7983 "AudioTrack" 7ec90c5000
           <...>-7983  [004] ....  1063.852507: do_anonymous_page: anonymous tgid 6311 7983 "AudioTrack" 130c0000
           <...>-7983  [004] ....  1063.852509: do_anonymous_page: anonymous tgid 6311 7983 "AudioTrack" 7f39a00000
           <...>-7983  [004] ....  1063.852515: do_anonymous_page: anonymous tgid 6311 7983 "AudioTrack" 7ed0197000
           <...>-7988  [004] ....  1063.852572: do_anonymous_page: anonymous tgid 6311 7988 "GLThread 429" 7ecfca7000
           <...>-7988  [004] ....  1063.852599: do_anonymous_page: anonymous tgid 6311 7988 "AudioTrack" 7e9c8b3000
           <...>-7988  [004] ....  1063.852602: do_anonymous_page: anonymous tgid 6311 7988 "AudioTrack" 7e9c8b4000
           <...>-7988  [004] ....  1063.852623: do_anonymous_page: anonymous tgid 6311 7988 "AudioTrack" 13100000
           <...>-7988  [004] ....  1063.852626: do_anonymous_page: anonymous tgid 6311 7988 "AudioTrack" 7f315fe000
           <...>-7988  [004] ....  1063.852631: do_anonymous_page: anonymous tgid 6311 7988 "AudioTrack" 7ecfca6000
           <...>-7977  [004] ....  1063.852646: do_anonymous_page: anonymous tgid 6311 7977 "GLThread 429" 7f29540000
           <...>-7977  [004] ....  1063.852677: do_anonymous_page: anonymous tgid 6311 7977 "AudioTrack" 7ec9108000
           <...>-7977  [004] ....  1063.852679: do_anonymous_page: anonymous tgid 6311 7977 "AudioTrack" 7ec9109000
           <...>-7977  [004] ....  1063.852703: do_anonymous_page: anonymous tgid 6311 7977 "AudioTrack" 13140000
           <...>-7977  [004] ....  1063.852706: do_anonymous_page: anonymous tgid 6311 7977 "AudioTrack" 7f315fc000
           <...>-7977  [004] ....  1063.852711: do_anonymous_page: anonymous tgid 6311 7977 "AudioTrack" 7f2953f000
           <...>-7982  [004] ....  1063.852726: do_anonymous_page: anonymous tgid 6311 7982 "GLThread 429" 7ed0295000
           <...>-7982  [004] ....  1063.852772: do_anonymous_page: anonymous tgid 6311 7982 "AudioTrack" 13400000
           <...>-7982  [004] ....  1063.852775: do_anonymous_page: anonymous tgid 6311 7982 "AudioTrack" 7f313fa000
           <...>-7982  [004] ....  1063.852779: do_anonymous_page: anonymous tgid 6311 7982 "AudioTrack" 7ed0294000
           <...>-7981  [004] ....  1063.853226: do_anonymous_page: anonymous tgid 6311 7981 "GLThread 429" 7ed0392000
           <...>-7981  [004] ....  1063.853259: do_anonymous_page: anonymous tgid 6311 7981 "AudioTrack" 7e80467000
           <...>-7981  [004] ....  1063.853262: do_anonymous_page: anonymous tgid 6311 7981 "AudioTrack" 7e80469000
           <...>-7981  [004] ....  1063.853264: do_anonymous_page: anonymous tgid 6311 7981 "AudioTrack" 7e80468000
           <...>-7981  [004] ....  1063.853294: do_anonymous_page: anonymous tgid 6311 7981 "AudioTrack" 136c0000
           <...>-7981  [004] ....  1063.853297: do_anonymous_page: anonymous tgid 6311 7981 "AudioTrack" 7f2f0a7000
           <...>-7981  [004] ....  1063.853302: do_anonymous_page: anonymous tgid 6311 7981 "AudioTrack" 7ed0391000
           <...>-7980  [004] ....  1063.853639: do_anonymous_page: anonymous tgid 6311 7980 "GLThread 429" 7ed048f000
           <...>-7980  [004] ....  1063.853675: do_anonymous_page: anonymous tgid 6311 7980 "AudioTrack" 7e9b9e1000
           <...>-7980  [004] ....  1063.853679: do_anonymous_page: anonymous tgid 6311 7980 "AudioTrack" 7e9b9e2000
           <...>-7980  [004] ....  1063.853708: do_anonymous_page: anonymous tgid 6311 7980 "AudioTrack" 13700000
           <...>-7980  [004] ....  1063.853711: do_anonymous_page: anonymous tgid 6311 7980 "AudioTrack" 7f2ed07000
           <...>-7980  [004] ....  1063.853716: do_anonymous_page: anonymous tgid 6311 7980 "AudioTrack" 7ed048e000
    GLThread 429-6387  [004] ....  1063.853998: do_anonymous_page: anonymous tgid 6311 6387 "GLThread 429" 7ecf5be000
    GLThread 429-6387  [004] ....  1063.854003: do_anonymous_page: anonymous tgid 6311 6387 "GLThread 429" 7ecf5bd000
           <...>-7979  [004] ....  1063.854185: do_anonymous_page: anonymous tgid 6311 7979 "GLThread 429" 7ed058c000
           <...>-7979  [004] ....  1063.854224: do_anonymous_page: anonymous tgid 6311 7979 "AudioTrack" 7e80479000
           <...>-7979  [004] ....  1063.854227: do_anonymous_page: anonymous tgid 6311 7979 "AudioTrack" 7e8047a000
           <...>-7979  [004] ....  1063.854255: do_anonymous_page: anonymous tgid 6311 7979 "AudioTrack" 13740000
           <...>-7979  [004] ....  1063.854258: do_anonymous_page: anonymous tgid 6311 7979 "AudioTrack" 7f2ed05000
           <...>-7979  [004] ....  1063.854263: do_anonymous_page: anonymous tgid 6311 7979 "AudioTrack" 7ed058b000
           <...>-7231  [004] ....  1063.854613: do_anonymous_page: anonymous tgid 842 7231 "Binder:842_8" 7f2a581000
           <...>-7231  [004] ....  1063.854618: do_anonymous_page: anonymous tgid 842 7231 "Binder:842_8" 7f2a5cf000
           <...>-7989  [004] ....  1063.854767: do_anonymous_page: anonymous tgid 6311 7989 "GLThread 429" 7ecfbaa000
           <...>-7989  [004] ....  1063.854802: do_anonymous_page: anonymous tgid 6311 7989 "AudioTrack" 7e9c536000
           <...>-7989  [004] ....  1063.854805: do_anonymous_page: anonymous tgid 6311 7989 "AudioTrack" 7e9c537000
           <...>-7989  [004] ....  1063.854806: do_anonymous_page: anonymous tgid 6311 7989 "AudioTrack" 7e9c538000
           <...>-7989  [004] ....  1063.854837: do_anonymous_page: anonymous tgid 6311 7989 "AudioTrack" 13780000
           <...>-7989  [004] ....  1063.854839: do_anonymous_page: anonymous tgid 6311 7989 "AudioTrack" 7f2da0c000
           <...>-7989  [004] ....  1063.854845: do_anonymous_page: anonymous tgid 6311 7989 "AudioTrack" 7ecfba9000
           <...>-7231  [004] ....  1063.855206: do_anonymous_page: anonymous tgid 842 7231 "Binder:842_8" 7f30d89000
           <...>-1358  [004] ....  1063.855581: do_anonymous_page: anonymous tgid 1341 1358 "Binder:1341_1" 1324f000
    GLThread 429-6387  [004] ....  1063.855810: do_anonymous_page: anonymous tgid 6311 6387 "GLThread 429" 7ecf37f000
    GLThread 429-6387  [004] ....  1063.855814: do_anonymous_page: anonymous tgid 6311 6387 "GLThread 429" 7ecf37e000
           <...>-7990  [004] ....  1063.855856: do_anonymous_page: anonymous tgid 6311 7990 "GLThread 429" 7ecfaad000
           <...>-7990  [004] ....  1063.855890: do_anonymous_page: anonymous tgid 6311 7990 "AudioTrack" 7e80495000
           <...>-7990  [004] ....  1063.855893: do_anonymous_page: anonymous tgid 6311 7990 "AudioTrack" 7e80497000
           <...>-7990  [004] ....  1063.855894: do_anonymous_page: anonymous tgid 6311 7990 "AudioTrack" 7e80496000
           <...>-7990  [004] ....  1063.855925: do_anonymous_page: anonymous tgid 6311 7990 "AudioTrack" 137c0000
           <...>-7990  [004] ....  1063.855928: do_anonymous_page: anonymous tgid 6311 7990 "AudioTrack" 7f2adcf000
           <...>-7990  [004] ....  1063.855934: do_anonymous_page: anonymous tgid 6311 7990 "AudioTrack" 7ecfaac000
           <...>-7991  [004] ....  1063.857994: do_anonymous_page: anonymous tgid 6311 7991 "GLThread 429" 7ecf9b0000
           <...>-7991  [004] ....  1063.858059: do_anonymous_page: anonymous tgid 6311 7991 "AudioTrack" 7e9c908000
           <...>-7991  [004] ....  1063.858062: do_anonymous_page: anonymous tgid 6311 7991 "AudioTrack" 7e9c909000
           <...>-7991  [004] ....  1063.858117: do_anonymous_page: anonymous tgid 6311 7991 "AudioTrack" 13800000
           <...>-7991  [004] ....  1063.858120: do_anonymous_page: anonymous tgid 6311 7991 "AudioTrack" 7f29929000
           <...>-7991  [004] ....  1063.858130: do_anonymous_page: anonymous tgid 6311 7991 "AudioTrack" 7ecf9af000
    GLThread 429-6387  [004] ....  1063.859173: do_anonymous_page: anonymous tgid 6311 6387 "GLThread 429" 7ecb0d3000
    GLThread 429-6387  [004] ....  1063.859180: do_anonymous_page: anonymous tgid 6311 6387 "GLThread 429" 7ecb0d2000
           <...>-7996  [004] ....  1063.859626: do_anonymous_page: anonymous tgid 6311 7996 "GLThread 429" 7ecf37d000
           <...>-7996  [004] ....  1063.859675: do_anonymous_page: anonymous tgid 6311 7996 "AudioTrack" 7e804fc000
           <...>-7996  [004] ....  1063.859678: do_anonymous_page: anonymous tgid 6311 7996 "AudioTrack" 7e804fd000
           <...>-7996  [004] ....  1063.859722: do_anonymous_page: anonymous tgid 6311 7996 "AudioTrack" 13840000
           <...>-7996  [004] ....  1063.859725: do_anonymous_page: anonymous tgid 6311 7996 "AudioTrack" 7f2991e000
           <...>-7996  [004] ....  1063.859732: do_anonymous_page: anonymous tgid 6311 7996 "AudioTrack" 7ecf37c000
           <...>-7992  [004] ....  1063.860221: do_anonymous_page: anonymous tgid 6311 7992 "GLThread 429" 7ecf8b3000
           <...>-7992  [004] ....  1063.860260: do_anonymous_page: anonymous tgid 6311 7992 "AudioTrack" 7e9ca05000
           <...>-7992  [004] ....  1063.860262: do_anonymous_page: anonymous tgid 6311 7992 "AudioTrack" 7e9ca06000
           <...>-7992  [004] ....  1063.860265: do_anonymous_page: anonymous tgid 6311 7992 "AudioTrack" 7e9ca07000
           <...>-7992  [004] ....  1063.860299: do_anonymous_page: anonymous tgid 6311 7992 "AudioTrack" 13880000
           <...>-7992  [004] ....  1063.860301: do_anonymous_page: anonymous tgid 6311 7992 "AudioTrack" 7f29913000
           <...>-7992  [004] ....  1063.860308: do_anonymous_page: anonymous tgid 6311 7992 "AudioTrack" 7ecf8b2000
           <...>-1358  [004] ....  1063.860600: do_anonymous_page: anonymous tgid 1341 1358 "Binder:1341_1" 13250000
    GLThread 429-6387  [004] ....  1063.861394: do_anonymous_page: anonymous tgid 6311 6387 "GLThread 429" 7ecae1c000
    GLThread 429-6387  [004] ....  1063.861399: do_anonymous_page: anonymous tgid 6311 6387 "GLThread 429" 7ecae1b000
    Binder:842_6-6456  [004] ....  1063.862050: do_anonymous_page: anonymous tgid 842 6456 "Binder:842_6" 7fbe224000
  Binder:1341_10-5210  [004] ....  1063.862248: do_anonymous_page: anonymous tgid 1341 5210 "Binder:1341_10" 142cd000
    GLThread 429-6387  [004] ....  1063.862917: do_anonymous_page: anonymous tgid 6311 6387 "GLThread 429" 7e93d88000
    GLThread 429-6387  [004] ....  1063.862922: do_anonymous_page: anonymous tgid 6311 6387 "GLThread 429" 7e93d87000
  Binder:1341_10-5210  [004] ....  1063.864378: do_anonymous_page: anonymous tgid 1341 5210 "Binder:1341_10" 142ce000
    GLThread 429-6387  [004] ....  1063.864664: do_anonymous_page: anonymous tgid 6311 6387 "GLThread 429" 7e88eb5000
    GLThread 429-6387  [004] ....  1063.864669: do_anonymous_page: anonymous tgid 6311 6387 "GLThread 429" 7e88eb4000
    Binder:842_6-6456  [004] ....  1063.865013: do_anonymous_page: anonymous tgid 842 6456 "Binder:842_6" 7f2a57f000
    Binder:842_6-6456  [004] ....  1063.865114: do_anonymous_page: anonymous tgid 842 6456 "Binder:842_6" 7f2a5d0000
           <...>-6390  [004] ....  1063.865785: do_anonymous_page: anonymous tgid 6311 6390 "queued-work-loo" 7653a000
           <...>-6390  [004] ....  1063.865793: do_anonymous_page: anonymous tgid 6311 6390 "queued-work-loo" 7654b000
           <...>-6390  [004] ....  1063.865858: do_anonymous_page: anonymous tgid 6311 6390 "queued-work-loo" 7653b000
           <...>-6390  [004] ....  1063.865880: do_anonymous_page: anonymous tgid 6311 6390 "queued-work-loo" 7653c000
           <...>-6390  [004] ....  1063.865898: do_anonymous_page: anonymous tgid 6311 6390 "queued-work-loo" 7653d000
           <...>-6390  [004] ....  1063.865912: do_anonymous_page: anonymous tgid 6311 6390 "queued-work-loo" 7653e000
           <...>-6390  [004] ....  1063.865926: do_anonymous_page: anonymous tgid 6311 6390 "queued-work-loo" 7653f000
           <...>-6390  [004] ....  1063.865937: do_anonymous_page: anonymous tgid 6311 6390 "queued-work-loo" 76540000
           <...>-6390  [004] ....  1063.865956: do_anonymous_page: anonymous tgid 6311 6390 "queued-work-loo" 7654c000
           <...>-6390  [004] ....  1063.865964: do_anonymous_page: anonymous tgid 6311 6390 "queued-work-loo" 7654d000
           <...>-6390  [004] ....  1063.865974: do_anonymous_page: anonymous tgid 6311 6390 "queued-work-loo" 7654e000
    GLThread 429-6387  [004] ....  1063.868642: do_anonymous_page: anonymous tgid 6311 6387 "GLThread 429" 7e9b679000
    GLThread 429-6387  [004] ....  1063.868822: do_anonymous_page: anonymous tgid 6311 6387 "GLThread 429" 7e81bbe000
    GLThread 429-6387  [004] ....  1063.868828: do_anonymous_page: anonymous tgid 6311 6387 "GLThread 429" 7e81bbd000
           <...>-1358  [004] ....  1063.870102: do_anonymous_page: anonymous tgid 1341 1358 "Binder:1341_1" 13251000
    GLThread 429-6387  [004] ....  1063.870233: do_anonymous_page: anonymous tgid 6311 6387 "GLThread 429" 7e9b67a000
    GLThread 429-6387  [004] ....  1063.870395: do_anonymous_page: anonymous tgid 6311 6387 "GLThread 429" 7e81ac1000
    GLThread 429-6387  [004] ....  1063.870399: do_anonymous_page: anonymous tgid 6311 6387 "GLThread 429" 7e81ac0000
    GLThread 429-6387  [004] ....  1063.871728: do_anonymous_page: anonymous tgid 6311 6387 "GLThread 429" 7e9b67b000
    GLThread 429-6387  [004] ....  1063.871891: do_anonymous_page: anonymous tgid 6311 6387 "GLThread 429" 7e819c4000
    GLThread 429-6387  [004] ....  1063.871895: do_anonymous_page: anonymous tgid 6311 6387 "GLThread 429" 7e819c3000
           <...>-1358  [004] ....  1063.872660: do_anonymous_page: anonymous tgid 1341 1358 "Binder:1341_1" 13252000
    Binder:842_6-6456  [004] ....  1063.872733: do_anonymous_page: anonymous tgid 842 6456 "Binder:842_6" 7f2a588000
    GLThread 429-6387  [004] ....  1063.873353: do_anonymous_page: anonymous tgid 6311 6387 "GLThread 429" 7e6fb30000
    GLThread 429-6387  [004] ....  1063.873576: do_anonymous_page: anonymous tgid 6311 6387 "GLThread 429" 7e6fb2f000
    Binder:842_6-6456  [004] ....  1063.874020: do_anonymous_page: anonymous tgid 842 6456 "Binder:842_6" 7f2a5d1000
           <...>-1358  [004] ....  1063.874743: do_anonymous_page: anonymous tgid 1341 1358 "Binder:1341_1" 13253000
    GLThread 429-6387  [004] ....  1063.874872: do_anonymous_page: anonymous tgid 6311 6387 "GLThread 429" 7e9b7f6000
           <...>-7993  [004] ....  1063.875486: do_anonymous_page: anonymous tgid 6311 7993 "GLThread 429" 7ecf7b6000
           <...>-7993  [004] ....  1063.875561: do_anonymous_page: anonymous tgid 6311 7993 "AudioTrack" 7e8053c000
           <...>-7993  [004] ....  1063.875569: do_anonymous_page: anonymous tgid 6311 7993 "AudioTrack" 7e8053e000
           <...>-7993  [004] ....  1063.875571: do_anonymous_page: anonymous tgid 6311 7993 "AudioTrack" 7e8053d000
           <...>-7993  [004] ....  1063.875642: do_anonymous_page: anonymous tgid 6311 7993 "AudioTrack" 138c0000
           <...>-7993  [004] ....  1063.875645: do_anonymous_page: anonymous tgid 6311 7993 "AudioTrack" 7f29908000
           <...>-7993  [004] ....  1063.875655: do_anonymous_page: anonymous tgid 6311 7993 "AudioTrack" 7ecf7b5000
           <...>-7994  [004] ....  1063.875694: do_anonymous_page: anonymous tgid 6311 7994 "GLThread 429" 7ecf6b9000
           <...>-7994  [004] ....  1063.875732: do_anonymous_page: anonymous tgid 6311 7994 "AudioTrack" 7e9cab1000
           <...>-7994  [004] ....  1063.875735: do_anonymous_page: anonymous tgid 6311 7994 "AudioTrack" 7e9cab2000
           <...>-7994  [004] ....  1063.875764: do_anonymous_page: anonymous tgid 6311 7994 "AudioTrack" 13900000
           <...>-7994  [004] ....  1063.875767: do_anonymous_page: anonymous tgid 6311 7994 "AudioTrack" 7f298fd000
           <...>-7994  [004] ....  1063.875773: do_anonymous_page: anonymous tgid 6311 7994 "AudioTrack" 7ecf6b8000
           <...>-7995  [004] ....  1063.875803: do_anonymous_page: anonymous tgid 6311 7995 "GLThread 429" 7ecf5bc000
           <...>-7995  [004] ....  1063.875836: do_anonymous_page: anonymous tgid 6311 7995 "AudioTrack" 7e80561000
           <...>-7995  [004] ....  1063.875838: do_anonymous_page: anonymous tgid 6311 7995 "AudioTrack" 7e80562000
           <...>-7995  [004] ....  1063.875864: do_anonymous_page: anonymous tgid 6311 7995 "AudioTrack" 13940000
           <...>-7995  [004] ....  1063.875867: do_anonymous_page: anonymous tgid 6311 7995 "AudioTrack" 7f298f2000
           <...>-7995  [004] ....  1063.875872: do_anonymous_page: anonymous tgid 6311 7995 "AudioTrack" 7ecf5bb000
           <...>-7997  [004] ....  1063.875903: do_anonymous_page: anonymous tgid 6311 7997 "GLThread 429" 7ecb0d1000
           <...>-7997  [004] ....  1063.875931: do_anonymous_page: anonymous tgid 6311 7997 "AudioTrack" 7e9cb2b000
           <...>-7997  [004] ....  1063.875933: do_anonymous_page: anonymous tgid 6311 7997 "AudioTrack" 7e9cb2c000
           <...>-7997  [004] ....  1063.875935: do_anonymous_page: anonymous tgid 6311 7997 "AudioTrack" 7e9cb2d000
           <...>-7997  [004] ....  1063.875958: do_anonymous_page: anonymous tgid 6311 7997 "AudioTrack" 13980000
           <...>-7997  [004] ....  1063.875960: do_anonymous_page: anonymous tgid 6311 7997 "AudioTrack" 7f298e7000
           <...>-7997  [004] ....  1063.875965: do_anonymous_page: anonymous tgid 6311 7997 "AudioTrack" 7ecb0d0000
           <...>-8004  [004] ....  1063.875993: do_anonymous_page: anonymous tgid 6311 8004 "GLThread 429" 7e6fb2e000
           <...>-8004  [004] ....  1063.876022: do_anonymous_page: anonymous tgid 6311 8004 "AudioTrack" 7e80656000
           <...>-8004  [004] ....  1063.876025: do_anonymous_page: anonymous tgid 6311 8004 "AudioTrack" 7e80658000
           <...>-8004  [004] ....  1063.876026: do_anonymous_page: anonymous tgid 6311 8004 "AudioTrack" 7e80657000
           <...>-8004  [004] ....  1063.876050: do_anonymous_page: anonymous tgid 6311 8004 "AudioTrack" 139c0000
           <...>-8004  [004] ....  1063.876053: do_anonymous_page: anonymous tgid 6311 8004 "AudioTrack" 7f298dc000
           <...>-8004  [004] ....  1063.876058: do_anonymous_page: anonymous tgid 6311 8004 "AudioTrack" 7e6fb2d000
           <...>-8003  [004] ....  1063.877298: do_anonymous_page: anonymous tgid 6311 8003 "GLThread 429" 7e819c2000
           <...>-8003  [004] ....  1063.877356: do_anonymous_page: anonymous tgid 6311 8003 "AudioTrack" 13a00000
           <...>-8003  [004] ....  1063.877360: do_anonymous_page: anonymous tgid 6311 8003 "AudioTrack" 7f298dc000
           <...>-8003  [004] ....  1063.877366: do_anonymous_page: anonymous tgid 6311 8003 "AudioTrack" 7e819c1000
           <...>-8002  [004] ....  1063.878183: do_anonymous_page: anonymous tgid 6311 8002 "GLThread 429" 7e81abf000
           <...>-8002  [004] ....  1063.878238: do_anonymous_page: anonymous tgid 6311 8002 "AudioTrack" 13a40000
           <...>-8002  [004] ....  1063.878242: do_anonymous_page: anonymous tgid 6311 8002 "AudioTrack" 7f298dc000
           <...>-8002  [004] ....  1063.878248: do_anonymous_page: anonymous tgid 6311 8002 "AudioTrack" 7e81abe000
  Binder:1341_10-5210  [004] ....  1063.878710: do_anonymous_page: anonymous tgid 1341 5210 "Binder:1341_10" 142cf000
           <...>-8001  [004] ....  1063.879100: do_anonymous_page: anonymous tgid 6311 8001 "GLThread 429" 7e81bbc000
           <...>-8001  [004] ....  1063.879156: do_anonymous_page: anonymous tgid 6311 8001 "AudioTrack" 13a80000
           <...>-8001  [004] ....  1063.879160: do_anonymous_page: anonymous tgid 6311 8001 "AudioTrack" 7f298d3000
           <...>-8001  [004] ....  1063.879165: do_anonymous_page: anonymous tgid 6311 8001 "AudioTrack" 7e81bbb000
           <...>-1358  [004] ....  1063.879598: do_anonymous_page: anonymous tgid 1341 1358 "Binder:1341_1" 13254000
   system_server-1341  [004] ....  1063.880088: do_anonymous_page: anonymous tgid 1341 1341 "system_server" 12e83000
           <...>-8000  [004] ....  1063.880244: do_anonymous_page: anonymous tgid 6311 8000 "GLThread 429" 7e88eb3000
           <...>-8000  [004] ....  1063.880321: do_anonymous_page: anonymous tgid 6311 8000 "AudioTrack" 13ac0000
           <...>-8000  [004] ....  1063.880324: do_anonymous_page: anonymous tgid 6311 8000 "AudioTrack" 7f298dc000
           <...>-8000  [004] ....  1063.880331: do_anonymous_page: anonymous tgid 6311 8000 "AudioTrack" 7e88eb2000
           <...>-7999  [004] ....  1063.881139: do_anonymous_page: anonymous tgid 6311 7999 "GLThread 429" 7e93d86000
           <...>-7999  [004] ....  1063.881194: do_anonymous_page: anonymous tgid 6311 7999 "AudioTrack" 13b00000
           <...>-7999  [004] ....  1063.881197: do_anonymous_page: anonymous tgid 6311 7999 "AudioTrack" 7f298dc000
           <...>-7999  [004] ....  1063.881203: do_anonymous_page: anonymous tgid 6311 7999 "AudioTrack" 7e93d85000
    Binder:932_1-960   [004] ....  1063.881627: do_anonymous_page: anonymous tgid 932 960 "Binder:932_1" 7f3a2ad000
    Binder:932_1-960   [004] ....  1063.881652: do_anonymous_page: anonymous tgid 932 960 "Binder:932_1" 7f3a2ae000
     logd.writer-573   [004] ....  1063.882404: do_anonymous_page: anonymous tgid 557 573 "logd.writer" 7fb567e000
           <...>-7998  [004] ....  1063.882741: do_anonymous_page: anonymous tgid 6311 7998 "GLThread 429" 7ecae1a000
           <...>-7998  [004] ....  1063.882799: do_anonymous_page: anonymous tgid 6311 7998 "AudioTrack" 13b40000
           <...>-7998  [004] ....  1063.882802: do_anonymous_page: anonymous tgid 6311 7998 "AudioTrack" 7f298dc000
           <...>-7998  [004] ....  1063.882808: do_anonymous_page: anonymous tgid 6311 7998 "AudioTrack" 7ecae19000
           <...>-1358  [004] ....  1063.883135: do_anonymous_page: anonymous tgid 1341 1358 "Binder:1341_1" 13255000
    Binder:932_1-960   [004] ....  1063.883285: do_anonymous_page: anonymous tgid 932 960 "Binder:932_1" 7f3a2a6000
           <...>-1589  [004] ....  1063.883902: do_anonymous_page: anonymous tgid 842 1589 "Binder:842_3" 7f38d36000
    Binder:932_1-960   [004] ....  1063.884135: do_anonymous_page: anonymous tgid 932 960 "Binder:932_1" 7f3a2ab000
           <...>-1358  [004] ....  1063.886565: do_anonymous_page: anonymous tgid 1341 1358 "Binder:1341_1" 13256000
   system_server-1341  [004] ....  1063.887358: do_anonymous_page: anonymous tgid 1341 1341 "system_server" 12e84000
           <...>-1358  [004] ....  1063.888842: do_anonymous_page: anonymous tgid 1341 1358 "Binder:1341_1" 13257000
    Binder:932_1-960   [004] ....  1063.890938: do_anonymous_page: anonymous tgid 932 960 "Binder:932_1" 7f3a2a7000
           <...>-1358  [004] ....  1063.891102: do_anonymous_page: anonymous tgid 1341 1358 "Binder:1341_1" 13258000
           <...>-1358  [004] ....  1063.893266: do_anonymous_page: anonymous tgid 1341 1358 "Binder:1341_1" 13259000
    Binder:842_6-6456  [004] ....  1063.894780: do_anonymous_page: anonymous tgid 842 6456 "Binder:842_6" 7fbe086000
   system_server-1341  [004] ....  1063.895098: do_anonymous_page: anonymous tgid 1341 1341 "system_server" 12e85000
    Binder:932_1-960   [004] ....  1063.895275: do_anonymous_page: anonymous tgid 932 960 "Binder:932_1" 7f3a2ac000
    Binder:932_1-960   [004] ....  1063.896077: do_anonymous_page: anonymous tgid 932 960 "Binder:932_1" 7f3a221000
           <...>-1358  [004] ....  1063.896233: do_anonymous_page: anonymous tgid 1341 1358 "Binder:1341_1" 1325a000
           <...>-1358  [004] ....  1063.898434: do_anonymous_page: anonymous tgid 1341 1358 "Binder:1341_1" 1325b000
    Binder:932_1-960   [004] ....  1063.899396: do_anonymous_page: anonymous tgid 932 960 "Binder:932_1" 7f3a29c000
    Binder:932_1-960   [004] ....  1063.899402: do_anonymous_page: anonymous tgid 932 960 "Binder:932_1" 7f3a2a8000
           <...>-1358  [004] ....  1063.900994: do_anonymous_page: anonymous tgid 1341 1358 "Binder:1341_1" 1325c000
 .candycrushsaga-6311  [004] ....  1063.904167: do_anonymous_page: anonymous tgid 6311 6311 ".candycrushsaga" 12cc8000
 .candycrushsaga-6311  [004] ....  1063.904580: do_anonymous_page: anonymous tgid 6311 6311 ".candycrushsaga" 12cc9000
           <...>-640   [004] ....  1063.905784: do_anonymous_page: anonymous tgid 602 640 "Binder:602_2" 7faa502000
