  Binder:1334_15-6272  [004] ....   651.259256: do_anonymous_page: anonymous tgid 1334 6272 "Binder:1334_15" 7e5e092000
  Binder:1334_15-6272  [004] ....   651.259261: do_anonymous_page: anonymous tgid 1334 6272 "Binder:1334_15" 7e5e093000
 droid.launcher3-2009  [004] ....   651.262613: do_anonymous_page: anonymous tgid 2009 2009 "droid.launcher3" 130d4000
 droid.launcher3-2009  [004] ....   651.265597: do_anonymous_page: anonymous tgid 2009 2009 "droid.launcher3" 130d5000
 CompositorTileW-5883  [004] ....   651.271341: do_anonymous_page: anonymous tgid 5800 5883 "CompositorTileW" 46b08000
 CompositorTileW-5883  [004] ....   651.271348: do_anonymous_page: anonymous tgid 5800 5883 "CompositorTileW" 46b09000
 CompositorTileW-5883  [004] ....   651.271352: do_anonymous_page: anonymous tgid 5800 5883 "CompositorTileW" 46b0a000
 CompositorTileW-5883  [004] ....   651.271355: do_anonymous_page: anonymous tgid 5800 5883 "CompositorTileW" 46b0b000
 CompositorTileW-5883  [004] ....   651.271358: do_anonymous_page: anonymous tgid 5800 5883 "CompositorTileW" 46b0c000
 CompositorTileW-5883  [004] ....   651.271361: do_anonymous_page: anonymous tgid 5800 5883 "CompositorTileW" 46b0d000
 CompositorTileW-5883  [004] ....   651.271365: do_anonymous_page: anonymous tgid 5800 5883 "CompositorTileW" 46b0e000
 CompositorTileW-5883  [004] ....   651.271368: do_anonymous_page: anonymous tgid 5800 5883 "CompositorTileW" 46b0f000
 CompositorTileW-5883  [004] ....   651.271371: do_anonymous_page: anonymous tgid 5800 5883 "CompositorTileW" 46b10000
    android.anim-1358  [004] ....   651.279723: do_anonymous_page: anonymous tgid 1334 1358 "android.anim" 7e6d376000
    android.anim-1358  [004] ....   651.279731: do_anonymous_page: anonymous tgid 1334 1358 "android.anim" 7e6d377000
    android.anim-1358  [004] ....   651.279734: do_anonymous_page: anonymous tgid 1334 1358 "android.anim" 7e6d378000
       CrGpuMain-5856  [004] ....   651.281986: do_anonymous_page: anonymous tgid 5833 5856 "CrGpuMain" 43ad5000
 CompositorTileW-5883  [004] ....   651.285915: do_anonymous_page: anonymous tgid 5800 5883 "CompositorTileW" 46b11000
       CrGpuMain-5856  [004] ....   651.286897: do_anonymous_page: anonymous tgid 5833 5856 "CrGpuMain" 43ad6000
       CrGpuMain-5856  [004] ....   651.292532: do_anonymous_page: anonymous tgid 5833 5856 "CrGpuMain" 43ad7000
       CrGpuMain-5856  [004] ....   651.292986: do_anonymous_page: anonymous tgid 5833 5856 "CrGpuMain" 43ad8000
    Binder:605_4-2070  [004] ....   651.294034: do_anonymous_page: anonymous tgid 605 2070 "Binder:605_4" 7fba75c000
       CrGpuMain-5856  [004] ....   651.295286: do_anonymous_page: anonymous tgid 5833 5856 "CrGpuMain" 43ad9000
       CrGpuMain-5856  [004] ....   651.295595: do_anonymous_page: anonymous tgid 5833 5856 "CrGpuMain" 43ada000
       CrGpuMain-5856  [004] ....   651.296130: do_anonymous_page: anonymous tgid 5833 5856 "CrGpuMain" 437a3000
       CrGpuMain-5856  [004] ....   651.296139: do_anonymous_page: anonymous tgid 5833 5856 "CrGpuMain" 438c4000
       CrGpuMain-5856  [004] ....   651.296143: do_anonymous_page: anonymous tgid 5833 5856 "CrGpuMain" 438c5000
       CrGpuMain-5856  [004] ....   651.296147: do_anonymous_page: anonymous tgid 5833 5856 "CrGpuMain" 438c6000
       CrGpuMain-5856  [004] ....   651.296150: do_anonymous_page: anonymous tgid 5833 5856 "CrGpuMain" 438c7000
       CrGpuMain-5856  [004] ....   651.296154: do_anonymous_page: anonymous tgid 5833 5856 "CrGpuMain" 43814000
       CrGpuMain-5856  [004] ....   651.296157: do_anonymous_page: anonymous tgid 5833 5856 "CrGpuMain" 43815000
       CrGpuMain-5856  [004] ....   651.296160: do_anonymous_page: anonymous tgid 5833 5856 "CrGpuMain" 43816000
       CrGpuMain-5856  [004] ....   651.304199: do_anonymous_page: anonymous tgid 5833 5856 "CrGpuMain" 43ab9000
       CrGpuMain-5856  [004] ....   651.304240: do_anonymous_page: anonymous tgid 5833 5856 "CrGpuMain" 43aba000
       CrGpuMain-5856  [004] ....   651.304273: do_anonymous_page: anonymous tgid 5833 5856 "CrGpuMain" 43abb000
       CrGpuMain-5856  [004] ....   651.304319: do_anonymous_page: anonymous tgid 5833 5856 "CrGpuMain" 43b44000
       CrGpuMain-5856  [004] ....   651.304330: do_anonymous_page: anonymous tgid 5833 5856 "CrGpuMain" 43abc000
       CrGpuMain-5856  [004] ....   651.304350: do_anonymous_page: anonymous tgid 5833 5856 "CrGpuMain" 43abd000
       CrGpuMain-5856  [004] ....   651.304356: do_anonymous_page: anonymous tgid 5833 5856 "CrGpuMain" 43ac0000
       CrGpuMain-5856  [004] ....   651.304369: do_anonymous_page: anonymous tgid 5833 5856 "CrGpuMain" 43abe000
       CrGpuMain-5856  [004] ....   651.304408: do_anonymous_page: anonymous tgid 5833 5856 "CrGpuMain" 43a34000
       CrGpuMain-5856  [004] ....   651.304427: do_anonymous_page: anonymous tgid 5833 5856 "CrGpuMain" 43a35000
       CrGpuMain-5856  [004] ....   651.304444: do_anonymous_page: anonymous tgid 5833 5856 "CrGpuMain" 43ac1000
       CrGpuMain-5856  [004] ....   651.305413: do_anonymous_page: anonymous tgid 5833 5856 "CrGpuMain" 43a36000
       CrGpuMain-5856  [004] ....   651.306287: do_anonymous_page: anonymous tgid 5833 5856 "CrGpuMain" 43a37000
       CrGpuMain-5856  [004] ....   651.306319: do_anonymous_page: anonymous tgid 5833 5856 "CrGpuMain" 43a38000
       CrGpuMain-5856  [004] ....   651.306325: do_anonymous_page: anonymous tgid 5833 5856 "CrGpuMain" 43ac2000
       CrGpuMain-5856  [004] ....   651.306339: do_anonymous_page: anonymous tgid 5833 5856 "CrGpuMain" 43a39000
       CrGpuMain-5856  [004] ....   651.306357: do_anonymous_page: anonymous tgid 5833 5856 "CrGpuMain" 43b0c000
       CrGpuMain-5856  [004] ....   651.306372: do_anonymous_page: anonymous tgid 5833 5856 "CrGpuMain" 43a3a000
       CrGpuMain-5856  [004] ....   651.306395: do_anonymous_page: anonymous tgid 5833 5856 "CrGpuMain" 43adc000
       CrGpuMain-5856  [004] ....   651.306426: do_anonymous_page: anonymous tgid 5833 5856 "CrGpuMain" 43add000
       CrGpuMain-5856  [004] ....   651.306436: do_anonymous_page: anonymous tgid 5833 5856 "CrGpuMain" 43ac3000
       CrGpuMain-5856  [004] ....   651.306448: do_anonymous_page: anonymous tgid 5833 5856 "CrGpuMain" 43ade000
       CrGpuMain-5856  [004] ....   651.306466: do_anonymous_page: anonymous tgid 5833 5856 "CrGpuMain" 43adf000
       CrGpuMain-5856  [004] ....   651.307495: do_anonymous_page: anonymous tgid 5833 5856 "CrGpuMain" 43ae0000
       CrGpuMain-5856  [004] ....   651.308104: do_anonymous_page: anonymous tgid 5833 5856 "CrGpuMain" 43ae4000
       CrGpuMain-5856  [004] ....   651.309242: do_anonymous_page: anonymous tgid 5833 5856 "CrGpuMain" 43a23000
       CrGpuMain-5856  [004] ....   651.309385: do_anonymous_page: anonymous tgid 5833 5856 "CrGpuMain" f0e77000
       CrGpuMain-5856  [004] ....   651.309390: do_anonymous_page: anonymous tgid 5833 5856 "CrGpuMain" cb22c000
       CrGpuMain-5856  [004] ....   651.309395: do_anonymous_page: anonymous tgid 5833 5856 "CrGpuMain" cb22d000
       CrGpuMain-5856  [004] ....   651.309401: do_anonymous_page: anonymous tgid 5833 5856 "CrGpuMain" cb22e000
       CrGpuMain-5856  [004] ....   651.309428: do_anonymous_page: anonymous tgid 5833 5856 "CrGpuMain" cb22f000
       CrGpuMain-5856  [004] ....   651.309434: do_anonymous_page: anonymous tgid 5833 5856 "CrGpuMain" cb230000
       CrGpuMain-5856  [004] ....   651.309441: do_anonymous_page: anonymous tgid 5833 5856 "CrGpuMain" cac3a000
       CrGpuMain-5856  [004] ....   651.309446: do_anonymous_page: anonymous tgid 5833 5856 "CrGpuMain" cac3b000
       CrGpuMain-5856  [004] ....   651.309467: do_anonymous_page: anonymous tgid 5833 5856 "CrGpuMain" cac3c000
       CrGpuMain-5856  [004] ....   651.309474: do_anonymous_page: anonymous tgid 5833 5856 "CrGpuMain" f0e78000
       CrGpuMain-5856  [004] ....   651.309477: do_anonymous_page: anonymous tgid 5833 5856 "CrGpuMain" cac3d000
       CrGpuMain-5856  [004] ....   651.309482: do_anonymous_page: anonymous tgid 5833 5856 "CrGpuMain" cac3e000
       CrGpuMain-5856  [004] ....   651.309489: do_anonymous_page: anonymous tgid 5833 5856 "CrGpuMain" cac43000
       CrGpuMain-5856  [004] ....   651.309501: do_anonymous_page: anonymous tgid 5833 5856 "CrGpuMain" cbd20000
       CrGpuMain-5856  [004] ....   651.309511: do_anonymous_page: anonymous tgid 5833 5856 "CrGpuMain" cad46000
       CrGpuMain-5856  [004] ....   651.309513: do_anonymous_page: anonymous tgid 5833 5856 "CrGpuMain" cac44000
       CrGpuMain-5856  [004] ....   651.309518: do_anonymous_page: anonymous tgid 5833 5856 "CrGpuMain" cac45000
       CrGpuMain-5856  [004] ....   651.309525: do_anonymous_page: anonymous tgid 5833 5856 "CrGpuMain" cac46000
       CrGpuMain-5856  [004] ....   651.309529: do_anonymous_page: anonymous tgid 5833 5856 "CrGpuMain" cad47000
       CrGpuMain-5856  [004] ....   651.309531: do_anonymous_page: anonymous tgid 5833 5856 "CrGpuMain" cac47000
       CrGpuMain-5856  [004] ....   651.309632: do_anonymous_page: anonymous tgid 5833 5856 "CrGpuMain" 439bb000
       CrGpuMain-5856  [004] ....   651.309640: do_anonymous_page: anonymous tgid 5833 5856 "CrGpuMain" 439bc000
       CrGpuMain-5856  [004] ....   651.309648: do_anonymous_page: anonymous tgid 5833 5856 "CrGpuMain" 439bd000
       CrGpuMain-5856  [004] ....   651.309655: do_anonymous_page: anonymous tgid 5833 5856 "CrGpuMain" 439be000
       CrGpuMain-5856  [004] ....   651.309673: do_anonymous_page: anonymous tgid 5833 5856 "CrGpuMain" 439bf000
       CrGpuMain-5856  [004] ....   651.309705: do_anonymous_page: anonymous tgid 5833 5856 "CrGpuMain" 439c0000
       CrGpuMain-5856  [004] ....   651.309715: do_anonymous_page: anonymous tgid 5833 5856 "CrGpuMain" 43ac5000
       CrGpuMain-5856  [004] ....   651.309729: do_anonymous_page: anonymous tgid 5833 5856 "CrGpuMain" 43aa0000
       CrGpuMain-5856  [004] ....   651.309734: do_anonymous_page: anonymous tgid 5833 5856 "CrGpuMain" 439c1000
       CrGpuMain-5856  [004] ....   651.309739: do_anonymous_page: anonymous tgid 5833 5856 "CrGpuMain" 439c2000
       CrGpuMain-5856  [004] ....   651.309757: do_anonymous_page: anonymous tgid 5833 5856 "CrGpuMain" 439c3000
       CrGpuMain-5856  [004] ....   651.309773: do_anonymous_page: anonymous tgid 5833 5856 "CrGpuMain" 439c4000
       CrGpuMain-5856  [004] ....   651.309781: do_anonymous_page: anonymous tgid 5833 5856 "CrGpuMain" 439c5000
       CrGpuMain-5856  [004] ....   651.310037: do_anonymous_page: anonymous tgid 5833 5856 "CrGpuMain" cbd21000
       CrGpuMain-5856  [004] ....   651.313496: do_anonymous_page: anonymous tgid 5833 5856 "CrGpuMain" cbd22000
       CrGpuMain-5856  [004] ....   651.313519: do_anonymous_page: anonymous tgid 5833 5856 "CrGpuMain" 43aa1000
       CrGpuMain-5856  [004] ....   651.313788: do_anonymous_page: anonymous tgid 5833 5856 "CrGpuMain" cb17b000
       CrGpuMain-5856  [004] ....   651.313793: do_anonymous_page: anonymous tgid 5833 5856 "CrGpuMain" f0e7c000
       CrGpuMain-5856  [004] ....   651.313830: do_anonymous_page: anonymous tgid 5833 5856 "CrGpuMain" cb17c000
       CrGpuMain-5856  [004] ....   651.314013: do_anonymous_page: anonymous tgid 5833 5856 "CrGpuMain" 43aa2000
       CrGpuMain-5856  [004] ....   651.314347: do_anonymous_page: anonymous tgid 5833 5856 "CrGpuMain" 43aa3000
       CrGpuMain-5856  [004] ....   651.314414: do_anonymous_page: anonymous tgid 5833 5856 "CrGpuMain" caca3000
       CrGpuMain-5856  [004] ....   651.314440: do_anonymous_page: anonymous tgid 5833 5856 "CrGpuMain" caca4000
       CrGpuMain-5856  [004] ....   651.314455: do_anonymous_page: anonymous tgid 5833 5856 "CrGpuMain" caca5000
       CrGpuMain-5856  [004] ....   651.314628: do_anonymous_page: anonymous tgid 5833 5856 "CrGpuMain" caca6000
       CrGpuMain-5856  [004] ....   651.315049: do_anonymous_page: anonymous tgid 5833 5856 "CrGpuMain" 43aa4000
       CrGpuMain-5856  [004] ....   651.315078: do_anonymous_page: anonymous tgid 5833 5856 "CrGpuMain" 4380c000
       CrGpuMain-5856  [004] ....   651.315635: do_anonymous_page: anonymous tgid 5833 5856 "CrGpuMain" 43a30000
 wifi_ext@1.0-se-2831  [004] ....   651.404652: do_anonymous_page: anonymous tgid 829 2831 "wifi_ext@1.0-se" 7fb9cb9000
 wifi_ext@1.0-se-2831  [004] ....   651.404667: do_anonymous_page: anonymous tgid 829 2831 "wifi_ext@1.0-se" 7fb9cba000
 wifi_ext@1.0-se-2831  [004] ....   651.404670: do_anonymous_page: anonymous tgid 829 2831 "wifi_ext@1.0-se" 7fb9cbb000
 wifi_ext@1.0-se-2831  [004] ....   651.404675: do_anonymous_page: anonymous tgid 829 2831 "wifi_ext@1.0-se" 7fb9cbc000
 .android.chrome-5742  [004] ....   651.407708: do_anonymous_page: anonymous tgid 5742 5742 ".android.chrome" 509ad000
 .android.chrome-5742  [004] ....   651.407717: do_anonymous_page: anonymous tgid 5742 5742 ".android.chrome" 50495000
 .android.chrome-5742  [004] ....   651.407738: do_anonymous_page: anonymous tgid 5742 5742 ".android.chrome" 4fe0e000
 .android.chrome-5742  [004] ....   651.407744: do_anonymous_page: anonymous tgid 5742 5742 ".android.chrome" 5020c000
 .android.chrome-5742  [004] ....   651.407746: do_anonymous_page: anonymous tgid 5742 5742 ".android.chrome" 501cc000
 wifi_ext@1.0-se-2831  [004] ....   651.662761: do_anonymous_page: anonymous tgid 829 2831 "wifi_ext@1.0-se" 7fbb490000
 wifi_ext@1.0-se-2831  [004] ....   651.662807: do_anonymous_page: anonymous tgid 829 2831 "wifi_ext@1.0-se" 7fb9cbe000
 wifi_ext@1.0-se-2831  [004] ....   651.662815: do_anonymous_page: anonymous tgid 829 2831 "wifi_ext@1.0-se" 7fb9cbf000
 wifi_ext@1.0-se-2831  [004] ....   651.662822: do_anonymous_page: anonymous tgid 829 2831 "wifi_ext@1.0-se" 7fb9cc0000
 wifi_ext@1.0-se-2831  [004] ....   651.662828: do_anonymous_page: anonymous tgid 829 2831 "wifi_ext@1.0-se" 7fb9cc1000
 wifi_ext@1.0-se-2831  [004] ....   651.662833: do_anonymous_page: anonymous tgid 829 2831 "wifi_ext@1.0-se" 7fb9cc2000
            QMon-6188  [004] ....   651.776037: do_anonymous_page: anonymous tgid 2243 6188 "QMon" 143bd000
 PowerManagerSer-1374  [004] ....   651.781920: do_anonymous_page: anonymous tgid 1334 1374 "PowerManagerSer" 1353f000
  CrRendererMain-5823  [004] ....   651.857148: do_anonymous_page: anonymous tgid 5800 5823 "CrRendererMain" 4cf77000
 wifi_ext@1.0-se-2831  [004] ....   652.197477: do_anonymous_page: anonymous tgid 829 2831 "wifi_ext@1.0-se" 7fb9cc3000
 wifi_ext@1.0-se-2831  [004] ....   652.197540: do_anonymous_page: anonymous tgid 829 2831 "wifi_ext@1.0-se" 7fb9cca000
 wifi_ext@1.0-se-2831  [004] ....   652.197545: do_anonymous_page: anonymous tgid 829 2831 "wifi_ext@1.0-se" 7fb9ccb000
 wifi_ext@1.0-se-2831  [004] ....   652.197550: do_anonymous_page: anonymous tgid 829 2831 "wifi_ext@1.0-se" 7fb9ccc000
 wifi_ext@1.0-se-2831  [004] ....   652.197554: do_anonymous_page: anonymous tgid 829 2831 "wifi_ext@1.0-se" 7fb9ccd000
 wifi_ext@1.0-se-2831  [004] ....   652.197559: do_anonymous_page: anonymous tgid 829 2831 "wifi_ext@1.0-se" 7fb9cce000
            QMon-6188  [004] ....   652.294382: do_anonymous_page: anonymous tgid 2243 6188 "QMon" 143be000
 PowerManagerSer-1374  [004] ....   652.702588: do_anonymous_page: anonymous tgid 1334 1374 "PowerManagerSer" 13b40000
            QMon-6188  [004] ....   652.813391: do_anonymous_page: anonymous tgid 2243 6188 "QMon" 143bf000
 wifi_ext@1.0-se-2831  [004] ....   653.165492: do_anonymous_page: anonymous tgid 829 2831 "wifi_ext@1.0-se" 7fb9ccf000
 wifi_ext@1.0-se-2831  [004] ....   653.165525: do_anonymous_page: anonymous tgid 829 2831 "wifi_ext@1.0-se" 7fb9cd0000
 wifi_ext@1.0-se-2831  [004] ....   653.165533: do_anonymous_page: anonymous tgid 829 2831 "wifi_ext@1.0-se" 7fb9cd1000
 wifi_ext@1.0-se-2831  [004] ....   653.165541: do_anonymous_page: anonymous tgid 829 2831 "wifi_ext@1.0-se" 7fb9cd2000
            QMon-6188  [004] ....   653.332229: do_anonymous_page: anonymous tgid 2243 6188 "QMon" 144c0000
 PowerManagerSer-1374  [004] ....   653.624405: do_anonymous_page: anonymous tgid 1334 1374 "PowerManagerSer" 13b41000
 LazyTaskWriterT-2373  [004] ....   653.816199: do_anonymous_page: anonymous tgid 1334 2373 "LazyTaskWriterT" 13c00000
 LazyTaskWriterT-2373  [004] ....   653.816245: do_anonymous_page: anonymous tgid 1334 2373 "LazyTaskWriterT" 75b81000
 LazyTaskWriterT-2373  [004] ....   653.816262: do_anonymous_page: anonymous tgid 1334 2373 "LazyTaskWriterT" 75a66000
 LazyTaskWriterT-2373  [004] ....   653.816380: do_anonymous_page: anonymous tgid 1334 2373 "LazyTaskWriterT" 13c01000
 LazyTaskWriterT-2373  [004] ....   653.817622: do_anonymous_page: anonymous tgid 1334 2373 "LazyTaskWriterT" 13c02000
 LazyTaskWriterT-2373  [004] ....   653.832040: do_anonymous_page: anonymous tgid 1334 2373 "LazyTaskWriterT" 13c03000
 TaskSnapshotPer-1613  [004] ....   653.832481: do_anonymous_page: anonymous tgid 1334 1613 "TaskSnapshotPer" 13346000
 LazyTaskWriterT-2373  [004] ....   653.833460: do_anonymous_page: anonymous tgid 1334 2373 "LazyTaskWriterT" 13c04000
            QMon-6188  [004] ....   653.851619: do_anonymous_page: anonymous tgid 2243 6188 "QMon" 144c1000
 .android.chrome-5742  [004] ....   653.875369: do_anonymous_page: anonymous tgid 5742 5742 ".android.chrome" 503c1000
 .android.chrome-5742  [004] ....   653.875393: do_anonymous_page: anonymous tgid 5742 5742 ".android.chrome" 503c2000
 .android.chrome-5742  [004] ....   653.875421: do_anonymous_page: anonymous tgid 5742 5742 ".android.chrome" 4fe24000
 .android.chrome-5742  [004] ....   653.875430: do_anonymous_page: anonymous tgid 5742 5742 ".android.chrome" 4fe25000
  NetworkService-5832  [004] ....   653.878293: do_anonymous_page: anonymous tgid 5742 5832 "NetworkService" 5041f000
  NetworkService-5832  [004] ....   653.879968: do_anonymous_page: anonymous tgid 5742 5832 "NetworkService" 503c3000
 wifi_ext@1.0-se-2831  [004] ....   653.971313: do_anonymous_page: anonymous tgid 829 2831 "wifi_ext@1.0-se" 7fb9cc4000
 wifi_ext@1.0-se-2831  [004] ....   653.971377: do_anonymous_page: anonymous tgid 829 2831 "wifi_ext@1.0-se" 7fb9cd4000
 wifi_ext@1.0-se-2831  [004] ....   653.971385: do_anonymous_page: anonymous tgid 829 2831 "wifi_ext@1.0-se" 7fb9cd5000
 wifi_ext@1.0-se-2831  [004] ....   653.971392: do_anonymous_page: anonymous tgid 829 2831 "wifi_ext@1.0-se" 7fb9cd6000
 wifi_ext@1.0-se-2831  [004] ....   653.971411: do_anonymous_page: anonymous tgid 829 2831 "wifi_ext@1.0-se" 7fb9cd7000
  ClientModeImpl-1472  [004] ....   653.971897: do_anonymous_page: anonymous tgid 1334 1472 "ClientModeImpl" 13675000
  ClientModeImpl-1472  [004] ....   653.972093: do_anonymous_page: anonymous tgid 1334 1472 "ClientModeImpl" 13676000
  ClientModeImpl-1472  [004] ....   653.972288: do_anonymous_page: anonymous tgid 1334 1472 "ClientModeImpl" 13677000
  ClientModeImpl-1472  [004] ....   653.975601: do_anonymous_page: anonymous tgid 1334 1472 "ClientModeImpl" 13678000
  ClientModeImpl-1472  [004] ....   653.976357: do_anonymous_page: anonymous tgid 1334 1472 "ClientModeImpl" 13679000
  ClientModeImpl-1472  [004] ....   653.976418: do_anonymous_page: anonymous tgid 1334 1472 "ClientModeImpl" 1367a000
  ClientModeImpl-1472  [004] ....   653.977407: do_anonymous_page: anonymous tgid 1334 1472 "ClientModeImpl" 1367b000
  NetworkService-5832  [004] ....   654.023134: do_anonymous_page: anonymous tgid 5742 5832 "NetworkService" 4fb16000
  NetworkService-5832  [004] ....   654.023150: do_anonymous_page: anonymous tgid 5742 5832 "NetworkService" 4fb17000
  NetworkService-5832  [004] ....   654.025755: do_anonymous_page: anonymous tgid 5742 5832 "NetworkService" 4fee0000
  NetworkService-5832  [004] ....   654.025771: do_anonymous_page: anonymous tgid 5742 5832 "NetworkService" 4fee1000
  NetworkService-5832  [004] ....   654.025813: do_anonymous_page: anonymous tgid 5742 5832 "NetworkService" 4fcde000
 wifi_ext@1.0-se-2831  [004] ....   654.119069: do_anonymous_page: anonymous tgid 829 2831 "wifi_ext@1.0-se" 7fba0fc000
 wifi_ext@1.0-se-2831  [004] ....   654.119151: do_anonymous_page: anonymous tgid 829 2831 "wifi_ext@1.0-se" 7fb9cd9000
 wifi_ext@1.0-se-2831  [004] ....   654.119159: do_anonymous_page: anonymous tgid 829 2831 "wifi_ext@1.0-se" 7fb9cda000
 wifi_ext@1.0-se-2831  [004] ....   654.119167: do_anonymous_page: anonymous tgid 829 2831 "wifi_ext@1.0-se" 7fb9cdb000
 wifi_ext@1.0-se-2831  [004] ....   654.119175: do_anonymous_page: anonymous tgid 829 2831 "wifi_ext@1.0-se" 7fb9cdc000
 wifi_ext@1.0-se-2831  [004] ....   654.119183: do_anonymous_page: anonymous tgid 829 2831 "wifi_ext@1.0-se" 7fb9cdd000
  NetworkService-5832  [004] ....   654.168558: do_anonymous_page: anonymous tgid 5742 5832 "NetworkService" 4fd1c000
  NetworkService-5832  [004] ....   654.168780: do_anonymous_page: anonymous tgid 5742 5832 "NetworkService" 4fe9c000
 wifi_ext@1.0-se-2831  [004] ....   654.319777: do_anonymous_page: anonymous tgid 829 2831 "wifi_ext@1.0-se" 7fb9cde000
 wifi_ext@1.0-se-2831  [004] ....   654.319797: do_anonymous_page: anonymous tgid 829 2831 "wifi_ext@1.0-se" 7fb9cdf000
 wifi_ext@1.0-se-2831  [004] ....   654.319806: do_anonymous_page: anonymous tgid 829 2831 "wifi_ext@1.0-se" 7fb9ce0000
 wifi_ext@1.0-se-2831  [004] ....   654.319812: do_anonymous_page: anonymous tgid 829 2831 "wifi_ext@1.0-se" 7fb9ce1000
 wifi_ext@1.0-se-2831  [004] ....   654.357156: do_anonymous_page: anonymous tgid 829 2831 "wifi_ext@1.0-se" 7fb9ce3000
 wifi_ext@1.0-se-2831  [004] ....   654.357175: do_anonymous_page: anonymous tgid 829 2831 "wifi_ext@1.0-se" 7fb9ce4000
 wifi_ext@1.0-se-2831  [004] ....   654.357181: do_anonymous_page: anonymous tgid 829 2831 "wifi_ext@1.0-se" 7fb9ce5000
 wifi_ext@1.0-se-2831  [004] ....   654.357188: do_anonymous_page: anonymous tgid 829 2831 "wifi_ext@1.0-se" 7fb9ce6000
 wifi_ext@1.0-se-2831  [004] ....   654.357193: do_anonymous_page: anonymous tgid 829 2831 "wifi_ext@1.0-se" 7fb9ce7000
 PowerManagerSer-1374  [004] ....   654.546834: do_anonymous_page: anonymous tgid 1334 1374 "PowerManagerSer" 13b42000
            QMon-6188  [004] ....   654.889172: do_anonymous_page: anonymous tgid 2243 6188 "QMon" 144c2000
 wifi_ext@1.0-se-2831  [004] ....   655.063202: do_anonymous_page: anonymous tgid 829 2831 "wifi_ext@1.0-se" 7fb9ce9000
 wifi_ext@1.0-se-2831  [004] ....   655.063257: do_anonymous_page: anonymous tgid 829 2831 "wifi_ext@1.0-se" 7fb9cea000
 wifi_ext@1.0-se-2831  [004] ....   655.063267: do_anonymous_page: anonymous tgid 829 2831 "wifi_ext@1.0-se" 7fb9ceb000
 wifi_ext@1.0-se-2831  [004] ....   655.063273: do_anonymous_page: anonymous tgid 829 2831 "wifi_ext@1.0-se" 7fb9cec000
 wifi_ext@1.0-se-2831  [004] ....   655.063280: do_anonymous_page: anonymous tgid 829 2831 "wifi_ext@1.0-se" 7fb9ced000
 .android.chrome-5742  [004] ....   655.408612: do_anonymous_page: anonymous tgid 5742 5742 ".android.chrome" 50894000
 .android.chrome-5742  [004] ....   655.408633: do_anonymous_page: anonymous tgid 5742 5742 ".android.chrome" 509ad000
 .android.chrome-5742  [004] ....   655.408646: do_anonymous_page: anonymous tgid 5742 5742 ".android.chrome" 50495000
 .android.chrome-5742  [004] ....   655.408705: do_anonymous_page: anonymous tgid 5742 5742 ".android.chrome" 4faa4000
 .android.chrome-5742  [004] ....   655.408714: do_anonymous_page: anonymous tgid 5742 5742 ".android.chrome" 4fe0e000
 .android.chrome-5742  [004] ....   655.408725: do_anonymous_page: anonymous tgid 5742 5742 ".android.chrome" 5020c000
 .android.chrome-5742  [004] ....   655.408733: do_anonymous_page: anonymous tgid 5742 5742 ".android.chrome" 501cc000
            QMon-6188  [004] ....   655.409072: do_anonymous_page: anonymous tgid 2243 6188 "QMon" 144c3000
 PowerManagerSer-1374  [004] ....   655.467992: do_anonymous_page: anonymous tgid 1334 1374 "PowerManagerSer" 13b43000
  Binder:1334_15-6272  [004] ....   655.848035: do_anonymous_page: anonymous tgid 1334 6272 "Binder:1334_15" 13b01000
 .android.chrome-5742  [004] ....   655.848537: do_anonymous_page: anonymous tgid 5742 5742 ".android.chrome" 12f64000
 .android.chrome-5742  [004] ....   655.848788: do_anonymous_page: anonymous tgid 5742 5742 ".android.chrome" 12f65000
 .android.chrome-5742  [004] ....   655.848850: do_anonymous_page: anonymous tgid 5742 5742 ".android.chrome" 12f66000
 .android.chrome-5742  [004] ....   655.848899: do_anonymous_page: anonymous tgid 5742 5742 ".android.chrome" 12f67000
            QMon-6188  [004] ....   655.926448: do_anonymous_page: anonymous tgid 2243 6188 "QMon" 144c4000
 queued-work-loo-5771  [004] ....   655.949199: do_anonymous_page: anonymous tgid 5742 5771 "queued-work-loo" 131c1000
 queued-work-loo-5771  [004] ....   655.949742: do_anonymous_page: anonymous tgid 5742 5771 "queued-work-loo" eb4b2000
 queued-work-loo-5771  [004] ....   655.949792: do_anonymous_page: anonymous tgid 5742 5771 "queued-work-loo" ebc87000
 queued-work-loo-5771  [004] ....   655.950025: do_anonymous_page: anonymous tgid 5742 5771 "queued-work-loo" eb4b3000
 queued-work-loo-5771  [004] ....   655.950094: do_anonymous_page: anonymous tgid 5742 5771 "queued-work-loo" eb4b4000
 queued-work-loo-5771  [004] ....   655.950160: do_anonymous_page: anonymous tgid 5742 5771 "queued-work-loo" eb4b5000
 queued-work-loo-5771  [004] ....   655.950233: do_anonymous_page: anonymous tgid 5742 5771 "queued-work-loo" eb4b6000
 queued-work-loo-5771  [004] ....   655.950284: do_anonymous_page: anonymous tgid 5742 5771 "queued-work-loo" eb4b7000
 queued-work-loo-5771  [004] ....   655.950341: do_anonymous_page: anonymous tgid 5742 5771 "queued-work-loo" eb4b8000
 queued-work-loo-5771  [004] ....   655.950390: do_anonymous_page: anonymous tgid 5742 5771 "queued-work-loo" eb4b9000
 queued-work-loo-5771  [004] ....   655.950438: do_anonymous_page: anonymous tgid 5742 5771 "queued-work-loo" eb4ba000
 queued-work-loo-5771  [004] ....   655.950484: do_anonymous_page: anonymous tgid 5742 5771 "queued-work-loo" eb4bb000
 queued-work-loo-5771  [004] ....   655.950532: do_anonymous_page: anonymous tgid 5742 5771 "queued-work-loo" eb4bc000
 queued-work-loo-5771  [004] ....   655.950608: do_anonymous_page: anonymous tgid 5742 5771 "queued-work-loo" ebc88000
 queued-work-loo-5771  [004] ....   655.950641: do_anonymous_page: anonymous tgid 5742 5771 "queued-work-loo" ebc89000
 queued-work-loo-5771  [004] ....   655.950671: do_anonymous_page: anonymous tgid 5742 5771 "queued-work-loo" ebc8a000
 queued-work-loo-5771  [004] ....   655.950702: do_anonymous_page: anonymous tgid 5742 5771 "queued-work-loo" ebc8b000
 queued-work-loo-5771  [004] ....   655.950733: do_anonymous_page: anonymous tgid 5742 5771 "queued-work-loo" ebc8c000
  IpClient.wlan0-2844  [004] ....   656.053521: do_anonymous_page: anonymous tgid 1758 2844 "IpClient.wlan0" 131cc000
            QMon-6188  [004] ....   656.445474: do_anonymous_page: anonymous tgid 2243 6188 "QMon" 144c5000
 PowerManagerSer-1374  [004] ....   656.489415: do_anonymous_page: anonymous tgid 1334 1374 "PowerManagerSer" 13b44000
        Thread-3-5457  [004] ....   656.547430: do_anonymous_page: anonymous tgid 5391 5457 "Thread-3" 12c56000
       CrGpuMain-5856  [004] ....   656.593799: do_anonymous_page: anonymous tgid 5833 5856 "CrGpuMain" 43a30000
       CrGpuMain-5856  [004] ....   656.593847: do_anonymous_page: anonymous tgid 5833 5856 "CrGpuMain" 4375e000
 NasModemEndPoin-1499  [004] ....   656.685734: do_anonymous_page: anonymous tgid 929 1499 "NasModemEndPoin" 7fb6352000
  ClientModeImpl-1472  [004] ....   656.993461: do_anonymous_page: anonymous tgid 1334 1472 "ClientModeImpl" 1367c000
  ClientModeImpl-1472  [004] ....   656.993671: do_anonymous_page: anonymous tgid 1334 1472 "ClientModeImpl" 1367d000
  ClientModeImpl-1472  [004] ....   656.993837: do_anonymous_page: anonymous tgid 1334 1472 "ClientModeImpl" 1367e000
  ClientModeImpl-1472  [004] ....   656.996998: do_anonymous_page: anonymous tgid 1334 1472 "ClientModeImpl" 1367f000
  ClientModeImpl-1472  [004] ....   656.997303: do_anonymous_page: anonymous tgid 1334 1472 "ClientModeImpl" 13c40000
  ClientModeImpl-1472  [004] ....   656.997393: do_anonymous_page: anonymous tgid 1334 1472 "ClientModeImpl" 13c41000
 PowerManagerSer-1374  [004] ....   657.411664: do_anonymous_page: anonymous tgid 1334 1374 "PowerManagerSer" 13b45000
            QMon-6188  [004] ....   657.482587: do_anonymous_page: anonymous tgid 2243 6188 "QMon" 144c6000
  CrRendererMain-5823  [004] ....   657.873727: do_anonymous_page: anonymous tgid 5800 5823 "CrRendererMain" 4cf78000
            QMon-6188  [004] ....   658.001576: do_anonymous_page: anonymous tgid 2243 6188 "QMon" 144c7000
 PowerManagerSer-1374  [004] ....   658.333075: do_anonymous_page: anonymous tgid 1334 1374 "PowerManagerSer" 13b46000
            QMon-6188  [004] ....   658.520247: do_anonymous_page: anonymous tgid 2243 6188 "QMon" 144c8000
 wifi_ext@1.0-se-2831  [004] ....   658.932009: do_anonymous_page: anonymous tgid 829 2831 "wifi_ext@1.0-se" 7fb9cef000
 wifi_ext@1.0-se-2831  [004] ....   658.932045: do_anonymous_page: anonymous tgid 829 2831 "wifi_ext@1.0-se" 7fb9cf0000
 wifi_ext@1.0-se-2831  [004] ....   658.932053: do_anonymous_page: anonymous tgid 829 2831 "wifi_ext@1.0-se" 7fb9cf1000
 wifi_ext@1.0-se-2831  [004] ....   658.932060: do_anonymous_page: anonymous tgid 829 2831 "wifi_ext@1.0-se" 7fb9cf2000
            QMon-6188  [004] ....   659.037687: do_anonymous_page: anonymous tgid 2243 6188 "QMon" 144c9000
 PowerManagerSer-1374  [004] ....   659.358269: do_anonymous_page: anonymous tgid 1334 1374 "PowerManagerSer" 13b47000
 .android.chrome-5742  [004] ....   659.409030: do_anonymous_page: anonymous tgid 5742 5742 ".android.chrome" 4fcde000
 .android.chrome-5742  [004] ....   659.409076: do_anonymous_page: anonymous tgid 5742 5742 ".android.chrome" 50894000
 .android.chrome-5742  [004] ....   659.409088: do_anonymous_page: anonymous tgid 5742 5742 ".android.chrome" 509ad000
 .android.chrome-5742  [004] ....   659.409101: do_anonymous_page: anonymous tgid 5742 5742 ".android.chrome" 50495000
 .android.chrome-5742  [004] ....   659.409131: do_anonymous_page: anonymous tgid 5742 5742 ".android.chrome" 4fde8000
 .android.chrome-5742  [004] ....   659.409139: do_anonymous_page: anonymous tgid 5742 5742 ".android.chrome" 503c1000
 .android.chrome-5742  [004] ....   659.409161: do_anonymous_page: anonymous tgid 5742 5742 ".android.chrome" 4faa4000
 .android.chrome-5742  [004] ....   659.409172: do_anonymous_page: anonymous tgid 5742 5742 ".android.chrome" 4fe0e000
 .android.chrome-5742  [004] ....   659.409186: do_anonymous_page: anonymous tgid 5742 5742 ".android.chrome" 5020c000
 .android.chrome-5742  [004] ....   659.409196: do_anonymous_page: anonymous tgid 5742 5742 ".android.chrome" 501cc000
  ClientModeImpl-1472  [004] ....   660.002092: do_anonymous_page: anonymous tgid 1334 1472 "ClientModeImpl" 13c42000
  ClientModeImpl-1472  [004] ....   660.013064: do_anonymous_page: anonymous tgid 1334 1472 "ClientModeImpl" 13c43000
  ClientModeImpl-1472  [004] ....   660.013323: do_anonymous_page: anonymous tgid 1334 1472 "ClientModeImpl" 13c44000
  ClientModeImpl-1472  [004] ....   660.013481: do_anonymous_page: anonymous tgid 1334 1472 "ClientModeImpl" 13c45000
 wifi_ext@1.0-se-2831  [004] ....   660.014474: do_anonymous_page: anonymous tgid 829 2831 "wifi_ext@1.0-se" 7fb9cf4000
 wifi_ext@1.0-se-2831  [004] ....   660.014493: do_anonymous_page: anonymous tgid 829 2831 "wifi_ext@1.0-se" 7fb9cf5000
 wifi_ext@1.0-se-2831  [004] ....   660.014499: do_anonymous_page: anonymous tgid 829 2831 "wifi_ext@1.0-se" 7fb9cf6000
 wifi_ext@1.0-se-2831  [004] ....   660.014505: do_anonymous_page: anonymous tgid 829 2831 "wifi_ext@1.0-se" 7fb9cf7000
 wifi_ext@1.0-se-2831  [004] ....   660.014511: do_anonymous_page: anonymous tgid 829 2831 "wifi_ext@1.0-se" 7fb9cf8000
  ClientModeImpl-1472  [004] ....   660.016347: do_anonymous_page: anonymous tgid 1334 1472 "ClientModeImpl" 13c46000
  ClientModeImpl-1472  [004] ....   660.016622: do_anonymous_page: anonymous tgid 1334 1472 "ClientModeImpl" 13c47000
  ClientModeImpl-1472  [004] ....   660.016719: do_anonymous_page: anonymous tgid 1334 1472 "ClientModeImpl" 13c48000
            QMon-6188  [004] ....   660.075068: do_anonymous_page: anonymous tgid 2243 6188 "QMon" 144ca000
 PowerManagerSer-1374  [004] ....   660.277449: do_anonymous_page: anonymous tgid 1334 1374 "PowerManagerSer" 13b48000
       CrGpuMain-5856  [004] ....   660.593172: do_anonymous_page: anonymous tgid 5833 5856 "CrGpuMain" 43a30000
       CrGpuMain-5856  [004] ....   660.593210: do_anonymous_page: anonymous tgid 5833 5856 "CrGpuMain" 4369d000
       CrGpuMain-5856  [004] ....   660.593275: do_anonymous_page: anonymous tgid 5833 5856 "CrGpuMain" 43780000
       CrGpuMain-5856  [004] ....   660.593287: do_anonymous_page: anonymous tgid 5833 5856 "CrGpuMain" 4375e000
            QMon-6188  [004] ....   660.593920: do_anonymous_page: anonymous tgid 2243 6188 "QMon" 144cb000
 .android.chrome-5742  [004] ....   660.849368: do_anonymous_page: anonymous tgid 5742 5742 ".android.chrome" 12f68000
 .android.chrome-5742  [004] ....   660.849479: do_anonymous_page: anonymous tgid 5742 5742 ".android.chrome" 12f69000
 .android.chrome-5742  [004] ....   660.888724: do_anonymous_page: anonymous tgid 5742 5742 ".android.chrome" 50338000
 .android.chrome-5742  [004] ....   660.889092: do_anonymous_page: anonymous tgid 5742 5742 ".android.chrome" 50339000
 .android.chrome-5742  [004] ....   660.889403: do_anonymous_page: anonymous tgid 5742 5742 ".android.chrome" 5033a000
 .android.chrome-5742  [004] ....   660.889708: do_anonymous_page: anonymous tgid 5742 5742 ".android.chrome" 5033b000
 .android.chrome-5742  [004] ....   660.890022: do_anonymous_page: anonymous tgid 5742 5742 ".android.chrome" 5033c000
 .android.chrome-5742  [004] ....   660.890313: do_anonymous_page: anonymous tgid 5742 5742 ".android.chrome" 5033d000
 .android.chrome-5742  [004] ....   660.890625: do_anonymous_page: anonymous tgid 5742 5742 ".android.chrome" 5033e000
 .android.chrome-5742  [004] ....   660.890933: do_anonymous_page: anonymous tgid 5742 5742 ".android.chrome" 5033f000
 .android.chrome-5742  [004] ....   660.891249: do_anonymous_page: anonymous tgid 5742 5742 ".android.chrome" 50340000
 .android.chrome-5742  [004] ....   660.891561: do_anonymous_page: anonymous tgid 5742 5742 ".android.chrome" 50341000
 .android.chrome-5742  [004] ....   660.892484: do_anonymous_page: anonymous tgid 5742 5742 ".android.chrome" 50342000
 .android.chrome-5742  [004] ....   660.893128: do_anonymous_page: anonymous tgid 5742 5742 ".android.chrome" 50343000
 .android.chrome-5742  [004] ....   660.893472: do_anonymous_page: anonymous tgid 5742 5742 ".android.chrome" 50344000
 .android.chrome-5742  [004] ....   660.893786: do_anonymous_page: anonymous tgid 5742 5742 ".android.chrome" 50345000
 .android.chrome-5742  [004] ....   660.894094: do_anonymous_page: anonymous tgid 5742 5742 ".android.chrome" 50346000
 .android.chrome-5742  [004] ....   660.894404: do_anonymous_page: anonymous tgid 5742 5742 ".android.chrome" 50347000
 .android.chrome-5742  [004] ....   660.894718: do_anonymous_page: anonymous tgid 5742 5742 ".android.chrome" 50348000
 .android.chrome-5742  [004] ....   660.895027: do_anonymous_page: anonymous tgid 5742 5742 ".android.chrome" 50349000
 .android.chrome-5742  [004] ....   660.895328: do_anonymous_page: anonymous tgid 5742 5742 ".android.chrome" 5034a000
 .android.chrome-5742  [004] ....   660.895627: do_anonymous_page: anonymous tgid 5742 5742 ".android.chrome" 5034b000
 .android.chrome-5742  [004] ....   660.895939: do_anonymous_page: anonymous tgid 5742 5742 ".android.chrome" 5034c000
 .android.chrome-5742  [004] ....   660.896254: do_anonymous_page: anonymous tgid 5742 5742 ".android.chrome" 5034d000
 .android.chrome-5742  [004] ....   660.896592: do_anonymous_page: anonymous tgid 5742 5742 ".android.chrome" 5034e000
 .android.chrome-5742  [004] ....   660.896906: do_anonymous_page: anonymous tgid 5742 5742 ".android.chrome" 5034f000
 .android.chrome-5742  [004] ....   660.897219: do_anonymous_page: anonymous tgid 5742 5742 ".android.chrome" 50350000
 .android.chrome-5742  [004] ....   660.897537: do_anonymous_page: anonymous tgid 5742 5742 ".android.chrome" 50351000
 .android.chrome-5742  [004] ....   660.897846: do_anonymous_page: anonymous tgid 5742 5742 ".android.chrome" 50352000
 .android.chrome-5742  [004] ....   660.898153: do_anonymous_page: anonymous tgid 5742 5742 ".android.chrome" 50353000
 .android.chrome-5742  [004] ....   660.898462: do_anonymous_page: anonymous tgid 5742 5742 ".android.chrome" 50354000
 .android.chrome-5742  [004] ....   660.898772: do_anonymous_page: anonymous tgid 5742 5742 ".android.chrome" 50355000
 .android.chrome-5742  [004] ....   660.899076: do_anonymous_page: anonymous tgid 5742 5742 ".android.chrome" 50356000
 .android.chrome-5742  [004] ....   660.899384: do_anonymous_page: anonymous tgid 5742 5742 ".android.chrome" 50357000
 .android.chrome-5742  [004] ....   660.899699: do_anonymous_page: anonymous tgid 5742 5742 ".android.chrome" 50358000
 .android.chrome-5742  [004] ....   660.900037: do_anonymous_page: anonymous tgid 5742 5742 ".android.chrome" 50359000
 .android.chrome-5742  [004] ....   660.900342: do_anonymous_page: anonymous tgid 5742 5742 ".android.chrome" 5035a000
 .android.chrome-5742  [004] ....   660.900647: do_anonymous_page: anonymous tgid 5742 5742 ".android.chrome" 5035b000
 .android.chrome-5742  [004] ....   660.901073: do_anonymous_page: anonymous tgid 5742 5742 ".android.chrome" 4fb58000
 .android.chrome-5742  [004] ....   660.901392: do_anonymous_page: anonymous tgid 5742 5742 ".android.chrome" 4fb59000
 .android.chrome-5742  [004] ....   660.901655: do_anonymous_page: anonymous tgid 5742 5742 ".android.chrome" 4fb5a000
 .android.chrome-5742  [004] ....   660.901901: do_anonymous_page: anonymous tgid 5742 5742 ".android.chrome" 4fb5b000
 .android.chrome-5742  [004] ....   660.902147: do_anonymous_page: anonymous tgid 5742 5742 ".android.chrome" 4fb5c000
 queued-work-loo-5771  [004] ....   660.950883: do_anonymous_page: anonymous tgid 5742 5771 "queued-work-loo" dd6b4000
 queued-work-loo-5771  [004] ....   660.950939: do_anonymous_page: anonymous tgid 5742 5771 "queued-work-loo" ebb75000
 queued-work-loo-5771  [004] ....   660.951006: do_anonymous_page: anonymous tgid 5742 5771 "queued-work-loo" 131c2000
 queued-work-loo-5771  [004] ....   660.951148: do_anonymous_page: anonymous tgid 5742 5771 "queued-work-loo" dd6b5000
 queued-work-loo-5771  [004] ....   660.951214: do_anonymous_page: anonymous tgid 5742 5771 "queued-work-loo" dd6b6000
 queued-work-loo-5771  [004] ....   660.951270: do_anonymous_page: anonymous tgid 5742 5771 "queued-work-loo" dd6b7000
 queued-work-loo-5771  [004] ....   660.951345: do_anonymous_page: anonymous tgid 5742 5771 "queued-work-loo" dd6b8000
 queued-work-loo-5771  [004] ....   660.951395: do_anonymous_page: anonymous tgid 5742 5771 "queued-work-loo" dd6b9000
 queued-work-loo-5771  [004] ....   660.951453: do_anonymous_page: anonymous tgid 5742 5771 "queued-work-loo" dd6ba000
 queued-work-loo-5771  [004] ....   660.951505: do_anonymous_page: anonymous tgid 5742 5771 "queued-work-loo" dd6bb000
 queued-work-loo-5771  [004] ....   660.951551: do_anonymous_page: anonymous tgid 5742 5771 "queued-work-loo" dd6bc000
 queued-work-loo-5771  [004] ....   660.951600: do_anonymous_page: anonymous tgid 5742 5771 "queued-work-loo" dd6bd000
 queued-work-loo-5771  [004] ....   660.951648: do_anonymous_page: anonymous tgid 5742 5771 "queued-work-loo" dd6be000
 queued-work-loo-5771  [004] ....   660.951724: do_anonymous_page: anonymous tgid 5742 5771 "queued-work-loo" ebb76000
 queued-work-loo-5771  [004] ....   660.951755: do_anonymous_page: anonymous tgid 5742 5771 "queued-work-loo" ebb77000
 queued-work-loo-5771  [004] ....   660.951790: do_anonymous_page: anonymous tgid 5742 5771 "queued-work-loo" ebb78000
 queued-work-loo-5771  [004] ....   660.951820: do_anonymous_page: anonymous tgid 5742 5771 "queued-work-loo" ebb79000
 queued-work-loo-5771  [004] ....   660.951849: do_anonymous_page: anonymous tgid 5742 5771 "queued-work-loo" ebb7a000
            QMon-6188  [004] ....   661.113698: do_anonymous_page: anonymous tgid 2243 6188 "QMon" 144cc000
  NetworkService-5832  [004] ....   661.162943: do_anonymous_page: anonymous tgid 5742 5832 "NetworkService" 4fb16000
  NetworkService-5832  [004] ....   661.163634: do_anonymous_page: anonymous tgid 5742 5832 "NetworkService" 4fb17000
 PowerManagerSer-1374  [004] ....   661.200169: do_anonymous_page: anonymous tgid 1334 1374 "PowerManagerSer" 13b49000
 wifi_ext@1.0-se-2831  [004] ....   661.393739: do_anonymous_page: anonymous tgid 829 2831 "wifi_ext@1.0-se" 7fb9cf9000
 wifi_ext@1.0-se-2831  [004] ....   661.393759: do_anonymous_page: anonymous tgid 829 2831 "wifi_ext@1.0-se" 7fb9cfa000
 wifi_ext@1.0-se-2831  [004] ....   661.393766: do_anonymous_page: anonymous tgid 829 2831 "wifi_ext@1.0-se" 7fb9cfb000
 wifi_ext@1.0-se-2831  [004] ....   661.393772: do_anonymous_page: anonymous tgid 829 2831 "wifi_ext@1.0-se" 7fb9cfc000
 wifi_ext@1.0-se-2831  [004] ....   661.393778: do_anonymous_page: anonymous tgid 829 2831 "wifi_ext@1.0-se" 7fb9cfd000
            QMon-6188  [004] ....   661.632232: do_anonymous_page: anonymous tgid 2243 6188 "QMon" 144cd000
 PowerManagerSer-1374  [004] ....   662.223681: do_anonymous_page: anonymous tgid 1334 1374 "PowerManagerSer" 13b4a000
            QMon-6188  [004] ....   662.669805: do_anonymous_page: anonymous tgid 2243 6188 "QMon" 144ce000
 wifi_ext@1.0-se-2831  [004] ....   663.030876: do_anonymous_page: anonymous tgid 829 2831 "wifi_ext@1.0-se" 7fb9cff000
  ClientModeImpl-1472  [004] ....   663.033641: do_anonymous_page: anonymous tgid 1334 1472 "ClientModeImpl" 13c49000
  ClientModeImpl-1472  [004] ....   663.033839: do_anonymous_page: anonymous tgid 1334 1472 "ClientModeImpl" 13c4a000
  ClientModeImpl-1472  [004] ....   663.034020: do_anonymous_page: anonymous tgid 1334 1472 "ClientModeImpl" 13c4b000
  ClientModeImpl-1472  [004] ....   663.037364: do_anonymous_page: anonymous tgid 1334 1472 "ClientModeImpl" 13c4c000
  ClientModeImpl-1472  [004] ....   663.037638: do_anonymous_page: anonymous tgid 1334 1472 "ClientModeImpl" 13c4d000
  ClientModeImpl-1472  [004] ....   663.037700: do_anonymous_page: anonymous tgid 1334 1472 "ClientModeImpl" 13c4e000
  ClientModeImpl-1472  [004] ....   663.038516: do_anonymous_page: anonymous tgid 1334 1472 "ClientModeImpl" 13c4f000
 PowerManagerSer-1374  [004] ....   663.146184: do_anonymous_page: anonymous tgid 1334 1374 "PowerManagerSer" 13b4b000
            QMon-6188  [004] ....   663.188311: do_anonymous_page: anonymous tgid 2243 6188 "QMon" 144cf000
 .android.chrome-5742  [004] ....   663.409613: do_anonymous_page: anonymous tgid 5742 5742 ".android.chrome" 4fcde000
 .android.chrome-5742  [004] ....   663.409639: do_anonymous_page: anonymous tgid 5742 5742 ".android.chrome" 50894000
 .android.chrome-5742  [004] ....   663.409650: do_anonymous_page: anonymous tgid 5742 5742 ".android.chrome" 509ad000
 .android.chrome-5742  [004] ....   663.409664: do_anonymous_page: anonymous tgid 5742 5742 ".android.chrome" 50495000
 .android.chrome-5742  [004] ....   663.409690: do_anonymous_page: anonymous tgid 5742 5742 ".android.chrome" 4fde8000
 .android.chrome-5742  [004] ....   663.409697: do_anonymous_page: anonymous tgid 5742 5742 ".android.chrome" 503c1000
 .android.chrome-5742  [004] ....   663.409722: do_anonymous_page: anonymous tgid 5742 5742 ".android.chrome" 4faa4000
 .android.chrome-5742  [004] ....   663.409732: do_anonymous_page: anonymous tgid 5742 5742 ".android.chrome" 4fe0e000
 .android.chrome-5742  [004] ....   663.409745: do_anonymous_page: anonymous tgid 5742 5742 ".android.chrome" 5020c000
 .android.chrome-5742  [004] ....   663.409754: do_anonymous_page: anonymous tgid 5742 5742 ".android.chrome" 501cc000
            QMon-6188  [004] ....   663.706858: do_anonymous_page: anonymous tgid 2243 6188 "QMon" 144d0000
 HwBinder:1334_4-2137  [004] ....   663.726860: do_anonymous_page: anonymous tgid 1334 2137 "HwBinder:1334_4" 12d42000
 ActivityManager-1364  [004] ....   663.728035: do_anonymous_page: anonymous tgid 1334 1364 "ActivityManager" 12e0d000
 LacrimaBroadcas-5567  [004] ....   663.731257: do_anonymous_page: anonymous tgid 5433 5567 "LacrimaBroadcas" 7f28f34000
 LacrimaBroadcas-5567  [004] ....   663.731299: do_anonymous_page: anonymous tgid 5433 5567 "LacrimaBroadcas" 7f28fa6000
 ndroid.systemui-1677  [004] ....   663.731754: do_anonymous_page: anonymous tgid 1677 1677 "ndroid.systemui" 12c6c000
 ndroid.systemui-1677  [004] ....   663.732426: do_anonymous_page: anonymous tgid 1677 1677 "ndroid.systemui" 12c6d000
 ndroid.systemui-1677  [004] ....   663.732709: do_anonymous_page: anonymous tgid 1677 1677 "ndroid.systemui" 12c6e000
 ndroid.systemui-1677  [004] ....   663.732958: do_anonymous_page: anonymous tgid 1677 1677 "ndroid.systemui" 12c6f000
 pool-5-thread-7-5137  [004] ....   663.736704: do_anonymous_page: anonymous tgid 1677 5137 "pool-5-thread-7" 12fc0000
   Binder:1334_6-1820  [004] ....   663.738695: do_anonymous_page: anonymous tgid 1334 1820 "Binder:1334_6" 13a45000
 .android.chrome-5742  [004] ....   663.741468: do_anonymous_page: anonymous tgid 5742 5742 ".android.chrome" 12f6a000
    RenderThread-2126  [004] ....   663.751479: do_anonymous_page: anonymous tgid 1677 2126 "RenderThread" 7eba202000
    RenderThread-2126  [004] ....   663.751533: do_anonymous_page: anonymous tgid 1677 2126 "RenderThread" 7eba207000
    RenderThread-2126  [004] ....   663.751642: do_anonymous_page: anonymous tgid 1677 2126 "RenderThread" 7eba20a000
    RenderThread-2126  [004] ....   663.751651: do_anonymous_page: anonymous tgid 1677 2126 "RenderThread" 7eba20b000
 ndroid.systemui-1677  [004] ....   663.758010: do_anonymous_page: anonymous tgid 1677 1677 "ndroid.systemui" 12c70000
 composer@2.3-se-607   [004] ....   663.765785: do_anonymous_page: anonymous tgid 607 607 "composer@2.3-se" 7fbd08a000
 composer@2.3-se-607   [004] ....   663.765934: do_anonymous_page: anonymous tgid 607 607 "composer@2.3-se" 7fbd08b000
 composer@2.3-se-607   [004] ....   663.766532: do_anonymous_page: anonymous tgid 607 607 "composer@2.3-se" 7fb5dce000
  CrRendererMain-5823  [004] ....   663.880588: do_anonymous_page: anonymous tgid 5800 5823 "CrRendererMain" 2f428000
 PowerManagerSer-1374  [004] ....   664.066978: do_anonymous_page: anonymous tgid 1334 1374 "PowerManagerSer" 13b4c000
            QMon-6188  [004] ....   664.225909: do_anonymous_page: anonymous tgid 2243 6188 "QMon" 144d1000
       CrGpuMain-5856  [004] ....   664.593740: do_anonymous_page: anonymous tgid 5833 5856 "CrGpuMain" 43a30000
       CrGpuMain-5856  [004] ....   664.593791: do_anonymous_page: anonymous tgid 5833 5856 "CrGpuMain" 4369d000
       CrGpuMain-5856  [004] ....   664.593804: do_anonymous_page: anonymous tgid 5833 5856 "CrGpuMain" 43780000
       CrGpuMain-5856  [004] ....   664.593814: do_anonymous_page: anonymous tgid 5833 5856 "CrGpuMain" 4375e000
  CrRendererMain-5823  [004] ....   664.882410: do_anonymous_page: anonymous tgid 5800 5823 "CrRendererMain" 4cf79000
 PowerManagerSer-1374  [004] ....   665.089481: do_anonymous_page: anonymous tgid 1334 1374 "PowerManagerSer" 13b4d000
            QMon-6188  [004] ....   665.263068: do_anonymous_page: anonymous tgid 2243 6188 "QMon" 144d2000
            QMon-6188  [004] ....   665.781958: do_anonymous_page: anonymous tgid 2243 6188 "QMon" 144d3000
 PowerManagerSer-1374  [004] ....   666.010892: do_anonymous_page: anonymous tgid 1334 1374 "PowerManagerSer" 13b4e000
  ClientModeImpl-1472  [004] ....   666.053450: do_anonymous_page: anonymous tgid 1334 1472 "ClientModeImpl" 13c50000
  ClientModeImpl-1472  [004] ....   666.053653: do_anonymous_page: anonymous tgid 1334 1472 "ClientModeImpl" 13c51000
  ClientModeImpl-1472  [004] ....   666.053832: do_anonymous_page: anonymous tgid 1334 1472 "ClientModeImpl" 13c52000
  ClientModeImpl-1472  [004] ....   666.056596: do_anonymous_page: anonymous tgid 1334 1472 "ClientModeImpl" 13c53000
  ClientModeImpl-1472  [004] ....   666.056682: do_anonymous_page: anonymous tgid 1334 1472 "ClientModeImpl" 7f346d1000
  ClientModeImpl-1472  [004] ....   666.056940: do_anonymous_page: anonymous tgid 1334 1472 "ClientModeImpl" 13c54000
  ClientModeImpl-1472  [004] ....   666.057033: do_anonymous_page: anonymous tgid 1334 1472 "ClientModeImpl" 13c55000
            QMon-6188  [004] ....   666.299603: do_anonymous_page: anonymous tgid 2243 6188 "QMon" 144d4000
 wifi_ext@1.0-se-2831  [004] ....   666.519396: do_anonymous_page: anonymous tgid 829 2831 "wifi_ext@1.0-se" 7fb9d06000
 wifi_ext@1.0-se-2831  [004] ....   666.519469: do_anonymous_page: anonymous tgid 829 2831 "wifi_ext@1.0-se" 7fb9d07000
 wifi_ext@1.0-se-2831  [004] ....   666.519480: do_anonymous_page: anonymous tgid 829 2831 "wifi_ext@1.0-se" 7fb9d08000
 wifi_ext@1.0-se-2831  [004] ....   666.519539: do_anonymous_page: anonymous tgid 829 2831 "wifi_ext@1.0-se" 7fb9d09000
            QMon-6188  [004] ....   666.819403: do_anonymous_page: anonymous tgid 2243 6188 "QMon" 144d5000
 PowerManagerSer-1374  [004] ....   666.932115: do_anonymous_page: anonymous tgid 1334 1374 "PowerManagerSer" 13b4f000
 .android.chrome-5742  [004] ....   667.410394: do_anonymous_page: anonymous tgid 5742 5742 ".android.chrome" 4fcde000
 .android.chrome-5742  [004] ....   667.410443: do_anonymous_page: anonymous tgid 5742 5742 ".android.chrome" 50894000
 .android.chrome-5742  [004] ....   667.410456: do_anonymous_page: anonymous tgid 5742 5742 ".android.chrome" 509ad000
 .android.chrome-5742  [004] ....   667.410470: do_anonymous_page: anonymous tgid 5742 5742 ".android.chrome" 50495000
 .android.chrome-5742  [004] ....   667.410498: do_anonymous_page: anonymous tgid 5742 5742 ".android.chrome" 4fde8000
 .android.chrome-5742  [004] ....   667.410505: do_anonymous_page: anonymous tgid 5742 5742 ".android.chrome" 503c1000
