 wifi_ext@1.0-se-2831  [004] ....  1746.003865: do_anonymous_page: anonymous tgid 829 2831 "wifi_ext@1.0-se" 7fb9ba2000
  CrRendererMain-5823  [004] ....  1746.008888: do_anonymous_page: anonymous tgid 5800 5823 "CrRendererMain" 4d87c000
 wifi_ext@1.0-se-2831  [004] ....  1746.037961: do_anonymous_page: anonymous tgid 829 2831 "wifi_ext@1.0-se" 7fb9eda000
 wifi_ext@1.0-se-2831  [004] ....  1746.107655: do_anonymous_page: anonymous tgid 829 2831 "wifi_ext@1.0-se" 7fb9c64000
 wifi_ext@1.0-se-2831  [004] ....  1746.107691: do_anonymous_page: anonymous tgid 829 2831 "wifi_ext@1.0-se" 7fb9ba3000
 wifi_ext@1.0-se-2831  [004] ....  1746.107699: do_anonymous_page: anonymous tgid 829 2831 "wifi_ext@1.0-se" 7fb9ba4000
 PowerManagerSer-1374  [004] ....  1746.233786: do_anonymous_page: anonymous tgid 1334 1374 "PowerManagerSer" 13377000
 wifi_ext@1.0-se-2831  [004] ....  1746.344175: do_anonymous_page: anonymous tgid 829 2831 "wifi_ext@1.0-se" 7fb9cb2000
 wifi_ext@1.0-se-2831  [004] ....  1746.344197: do_anonymous_page: anonymous tgid 829 2831 "wifi_ext@1.0-se" 7fb9cb3000
 wifi_ext@1.0-se-2831  [004] ....  1746.344221: do_anonymous_page: anonymous tgid 829 2831 "wifi_ext@1.0-se" 7fb9c3c000
 wifi_ext@1.0-se-2831  [004] ....  1746.344227: do_anonymous_page: anonymous tgid 829 2831 "wifi_ext@1.0-se" 7fb9c3d000
 wifi_ext@1.0-se-2831  [004] ....  1746.344235: do_anonymous_page: anonymous tgid 829 2831 "wifi_ext@1.0-se" 7fb9c3e000
            QMon-6188  [004] ....  1746.691725: do_anonymous_page: anonymous tgid 2243 6188 "QMon" 142db000
  ClientModeImpl-1472  [004] ....  1747.181746: do_anonymous_page: anonymous tgid 1334 1472 "ClientModeImpl" 133be000
  ClientModeImpl-1472  [004] ....  1747.181927: do_anonymous_page: anonymous tgid 1334 1472 "ClientModeImpl" 133bf000
  ClientModeImpl-1472  [004] ....  1747.182094: do_anonymous_page: anonymous tgid 1334 1472 "ClientModeImpl" 13700000
 wifi_ext@1.0-se-2831  [004] ....  1747.182611: do_anonymous_page: anonymous tgid 829 2831 "wifi_ext@1.0-se" 7fb9cb4000
 wifi_ext@1.0-se-2831  [004] ....  1747.182627: do_anonymous_page: anonymous tgid 829 2831 "wifi_ext@1.0-se" 7fb9cb5000
 wifi_ext@1.0-se-2831  [004] ....  1747.182641: do_anonymous_page: anonymous tgid 829 2831 "wifi_ext@1.0-se" 7fb9c3f000
 wifi_ext@1.0-se-2831  [004] ....  1747.182647: do_anonymous_page: anonymous tgid 829 2831 "wifi_ext@1.0-se" 7fb9c40000
  ClientModeImpl-1472  [004] ....  1747.185055: do_anonymous_page: anonymous tgid 1334 1472 "ClientModeImpl" 13701000
  ClientModeImpl-1472  [004] ....  1747.185278: do_anonymous_page: anonymous tgid 1334 1472 "ClientModeImpl" 13702000
  ClientModeImpl-1472  [004] ....  1747.185402: do_anonymous_page: anonymous tgid 1334 1472 "ClientModeImpl" 13703000
            QMon-6188  [004] ....  1747.213110: do_anonymous_page: anonymous tgid 2243 6188 "QMon" 142dc000
 PowerManagerSer-1374  [004] ....  1747.256877: do_anonymous_page: anonymous tgid 1334 1374 "PowerManagerSer" 13378000
 .android.chrome-5742  [004] ....  1747.556522: do_anonymous_page: anonymous tgid 5742 5742 ".android.chrome" 50495000
 .android.chrome-5742  [004] ....  1747.556588: do_anonymous_page: anonymous tgid 5742 5742 ".android.chrome" 504ac000
 .android.chrome-5742  [004] ....  1747.556599: do_anonymous_page: anonymous tgid 5742 5742 ".android.chrome" 4fe0e000
 .android.chrome-5742  [004] ....  1747.556613: do_anonymous_page: anonymous tgid 5742 5742 ".android.chrome" 5020c000
 .android.chrome-5742  [004] ....  1747.556622: do_anonymous_page: anonymous tgid 5742 5742 ".android.chrome" 501cc000
            QMon-6188  [004] ....  1747.729093: do_anonymous_page: anonymous tgid 2243 6188 "QMon" 142dd000
 wifi_ext@1.0-se-2831  [004] ....  1747.783750: do_anonymous_page: anonymous tgid 829 2831 "wifi_ext@1.0-se" 7fb9cb6000
 wifi_ext@1.0-se-2831  [004] ....  1747.783775: do_anonymous_page: anonymous tgid 829 2831 "wifi_ext@1.0-se" 7fb9cb7000
 wifi_ext@1.0-se-2831  [004] ....  1747.783797: do_anonymous_page: anonymous tgid 829 2831 "wifi_ext@1.0-se" 7fb9c59000
 wifi_ext@1.0-se-2831  [004] ....  1747.783804: do_anonymous_page: anonymous tgid 829 2831 "wifi_ext@1.0-se" 7fb9c5a000
 wifi_ext@1.0-se-2831  [004] ....  1747.783810: do_anonymous_page: anonymous tgid 829 2831 "wifi_ext@1.0-se" 7fb9c5b000
 PowerManagerSer-1374  [004] ....  1748.178028: do_anonymous_page: anonymous tgid 1334 1374 "PowerManagerSer" 13379000
            QMon-6188  [004] ....  1748.248789: do_anonymous_page: anonymous tgid 2243 6188 "QMon" 142de000
 LazyTaskWriterT-2373  [004] ....  1748.351660: do_anonymous_page: anonymous tgid 1334 2373 "LazyTaskWriterT" 13740000
 LazyTaskWriterT-2373  [004] ....  1748.351701: do_anonymous_page: anonymous tgid 1334 2373 "LazyTaskWriterT" 75b81000
 LazyTaskWriterT-2373  [004] ....  1748.351715: do_anonymous_page: anonymous tgid 1334 2373 "LazyTaskWriterT" 75a98000
 LazyTaskWriterT-2373  [004] ....  1748.351831: do_anonymous_page: anonymous tgid 1334 2373 "LazyTaskWriterT" 13741000
 LazyTaskWriterT-2373  [004] ....  1748.352964: do_anonymous_page: anonymous tgid 1334 2373 "LazyTaskWriterT" 13742000
 LazyTaskWriterT-2373  [004] ....  1748.367845: do_anonymous_page: anonymous tgid 1334 2373 "LazyTaskWriterT" 13743000
 LazyTaskWriterT-2373  [004] ....  1748.368787: do_anonymous_page: anonymous tgid 1334 2373 "LazyTaskWriterT" 13744000
 .android.chrome-5742  [004] ....  1748.386214: do_anonymous_page: anonymous tgid 5742 5742 ".android.chrome" 503c0000
 .android.chrome-5742  [004] ....  1748.386253: do_anonymous_page: anonymous tgid 5742 5742 ".android.chrome" 4fe24000
 .android.chrome-5742  [004] ....  1748.386261: do_anonymous_page: anonymous tgid 5742 5742 ".android.chrome" 4fe25000
 .android.chrome-5742  [004] ....  1748.386303: do_anonymous_page: anonymous tgid 5742 5742 ".android.chrome" 4f9e2000
  NetworkService-5832  [004] ....  1748.389350: do_anonymous_page: anonymous tgid 5742 5832 "NetworkService" 509ad000
 wifi_ext@1.0-se-2831  [004] ....  1748.567318: do_anonymous_page: anonymous tgid 829 2831 "wifi_ext@1.0-se" 7fb9cb8000
 wifi_ext@1.0-se-2831  [004] ....  1748.567383: do_anonymous_page: anonymous tgid 829 2831 "wifi_ext@1.0-se" 7fb9c5c000
 wifi_ext@1.0-se-2831  [004] ....  1748.567391: do_anonymous_page: anonymous tgid 829 2831 "wifi_ext@1.0-se" 7fb9c5d000
  NetworkService-5832  [004] ....  1748.574112: do_anonymous_page: anonymous tgid 5742 5832 "NetworkService" 4faa4000
  NetworkService-5832  [004] ....  1748.574132: do_anonymous_page: anonymous tgid 5742 5832 "NetworkService" 4faa5000
  NetworkService-5832  [004] ....  1748.576951: do_anonymous_page: anonymous tgid 5742 5832 "NetworkService" 4fee0000
  NetworkService-5832  [004] ....  1748.576966: do_anonymous_page: anonymous tgid 5742 5832 "NetworkService" 4fee1000
  NetworkService-5832  [004] ....  1748.577004: do_anonymous_page: anonymous tgid 5742 5832 "NetworkService" 509af000
  NetworkService-5832  [004] ....  1748.610688: do_anonymous_page: anonymous tgid 5742 5832 "NetworkService" 4fe05000
 wifi_ext@1.0-se-2831  [004] ....  1748.714484: do_anonymous_page: anonymous tgid 829 2831 "wifi_ext@1.0-se" 7fb9d23000
 wifi_ext@1.0-se-2831  [004] ....  1748.714503: do_anonymous_page: anonymous tgid 829 2831 "wifi_ext@1.0-se" 7fb9d24000
 wifi_ext@1.0-se-2831  [004] ....  1748.714522: do_anonymous_page: anonymous tgid 829 2831 "wifi_ext@1.0-se" 7fb9cc8000
 wifi_ext@1.0-se-2831  [004] ....  1748.714528: do_anonymous_page: anonymous tgid 829 2831 "wifi_ext@1.0-se" 7fb9cc9000
 wifi_ext@1.0-se-2831  [004] ....  1748.714536: do_anonymous_page: anonymous tgid 829 2831 "wifi_ext@1.0-se" 7fb9cca000
  NetworkService-5832  [004] ....  1748.718367: do_anonymous_page: anonymous tgid 5742 5832 "NetworkService" 4fd1c000
  NetworkService-5832  [004] ....  1748.718590: do_anonymous_page: anonymous tgid 5742 5832 "NetworkService" 508d0000
  NetworkService-5832  [004] ....  1748.742548: do_anonymous_page: anonymous tgid 5742 5832 "NetworkService" 50494000
 wifi_ext@1.0-se-2831  [004] ....  1748.877280: do_anonymous_page: anonymous tgid 829 2831 "wifi_ext@1.0-se" 7fb9d25000
 wifi_ext@1.0-se-2831  [004] ....  1748.877298: do_anonymous_page: anonymous tgid 829 2831 "wifi_ext@1.0-se" 7fb9d26000
 wifi_ext@1.0-se-2831  [004] ....  1748.877319: do_anonymous_page: anonymous tgid 829 2831 "wifi_ext@1.0-se" 7fb9ccb000
 wifi_ext@1.0-se-2831  [004] ....  1748.877325: do_anonymous_page: anonymous tgid 829 2831 "wifi_ext@1.0-se" 7fb9ccc000
         SysUiBg-2059  [004] ....  1748.961798: do_anonymous_page: anonymous tgid 1677 2059 "SysUiBg" 12cc2000
     lowpool[31]-5403  [004] ....  1749.063428: do_anonymous_page: anonymous tgid 2243 5403 "lowpool[31]" 13006000
            QMon-6188  [004] ....  1749.065851: do_anonymous_page: anonymous tgid 2243 6188 "QMon" 142df000
 PowerManagerSer-1374  [004] ....  1749.100895: do_anonymous_page: anonymous tgid 1334 1374 "PowerManagerSer" 1337a000
            QMon-6188  [004] ....  1749.286244: do_anonymous_page: anonymous tgid 2243 6188 "QMon" 142e0000
 wifi_ext@1.0-se-2831  [004] ....  1749.885730: do_anonymous_page: anonymous tgid 829 2831 "wifi_ext@1.0-se" 7fb9d27000
 wifi_ext@1.0-se-2831  [004] ....  1749.885753: do_anonymous_page: anonymous tgid 829 2831 "wifi_ext@1.0-se" 7fb9d28000
 wifi_ext@1.0-se-2831  [004] ....  1749.885773: do_anonymous_page: anonymous tgid 829 2831 "wifi_ext@1.0-se" 7fb9d04000
 wifi_ext@1.0-se-2831  [004] ....  1749.885780: do_anonymous_page: anonymous tgid 829 2831 "wifi_ext@1.0-se" 7fb9d05000
 wifi_ext@1.0-se-2831  [004] ....  1749.885798: do_anonymous_page: anonymous tgid 829 2831 "wifi_ext@1.0-se" 7fb9d06000
       CrGpuMain-5856  [004] ....  1750.040510: do_anonymous_page: anonymous tgid 5833 5856 "CrGpuMain" 43a30000
       CrGpuMain-5856  [004] ....  1750.040561: do_anonymous_page: anonymous tgid 5833 5856 "CrGpuMain" 4375e000
 PowerManagerSer-1374  [004] ....  1750.124265: do_anonymous_page: anonymous tgid 1334 1374 "PowerManagerSer" 1337b000
  ClientModeImpl-1472  [004] ....  1750.190130: do_anonymous_page: anonymous tgid 1334 1472 "ClientModeImpl" 13704000
  ClientModeImpl-1472  [004] ....  1750.205232: do_anonymous_page: anonymous tgid 1334 1472 "ClientModeImpl" 13705000
  ClientModeImpl-1472  [004] ....  1750.205424: do_anonymous_page: anonymous tgid 1334 1472 "ClientModeImpl" 13706000
  ClientModeImpl-1472  [004] ....  1750.205587: do_anonymous_page: anonymous tgid 1334 1472 "ClientModeImpl" 13707000
  ClientModeImpl-1472  [004] ....  1750.208713: do_anonymous_page: anonymous tgid 1334 1472 "ClientModeImpl" 13708000
  ClientModeImpl-1472  [004] ....  1750.208963: do_anonymous_page: anonymous tgid 1334 1472 "ClientModeImpl" 13709000
  ClientModeImpl-1472  [004] ....  1750.209109: do_anonymous_page: anonymous tgid 1334 1472 "ClientModeImpl" 1370a000
            QMon-6188  [004] ....  1750.322672: do_anonymous_page: anonymous tgid 2243 6188 "QMon" 142e1000
 .android.chrome-5742  [004] ....  1750.369537: do_anonymous_page: anonymous tgid 5742 5742 ".android.chrome" 12c9d000
 .android.chrome-5742  [004] ....  1750.370537: do_anonymous_page: anonymous tgid 5742 5742 ".android.chrome" 12c9e000
 .android.chrome-5742  [004] ....  1750.370700: do_anonymous_page: anonymous tgid 5742 5742 ".android.chrome" 12c9f000
 .android.chrome-5742  [004] ....  1750.370787: do_anonymous_page: anonymous tgid 5742 5742 ".android.chrome" 12ca0000
 queued-work-loo-5771  [004] ....  1750.470979: do_anonymous_page: anonymous tgid 5742 5771 "queued-work-loo" 13241000
 queued-work-loo-5771  [004] ....  1750.471477: do_anonymous_page: anonymous tgid 5742 5771 "queued-work-loo" eb4b2000
 queued-work-loo-5771  [004] ....  1750.471514: do_anonymous_page: anonymous tgid 5742 5771 "queued-work-loo" eb50e000
 queued-work-loo-5771  [004] ....  1750.471702: do_anonymous_page: anonymous tgid 5742 5771 "queued-work-loo" eb4b3000
 queued-work-loo-5771  [004] ....  1750.471770: do_anonymous_page: anonymous tgid 5742 5771 "queued-work-loo" eb4b4000
 queued-work-loo-5771  [004] ....  1750.471837: do_anonymous_page: anonymous tgid 5742 5771 "queued-work-loo" eb4b5000
 queued-work-loo-5771  [004] ....  1750.471912: do_anonymous_page: anonymous tgid 5742 5771 "queued-work-loo" eb4b6000
 queued-work-loo-5771  [004] ....  1750.471961: do_anonymous_page: anonymous tgid 5742 5771 "queued-work-loo" eb4b7000
 queued-work-loo-5771  [004] ....  1750.472022: do_anonymous_page: anonymous tgid 5742 5771 "queued-work-loo" eb4b8000
 queued-work-loo-5771  [004] ....  1750.472073: do_anonymous_page: anonymous tgid 5742 5771 "queued-work-loo" eb4b9000
 queued-work-loo-5771  [004] ....  1750.472119: do_anonymous_page: anonymous tgid 5742 5771 "queued-work-loo" eb4ba000
 queued-work-loo-5771  [004] ....  1750.472167: do_anonymous_page: anonymous tgid 5742 5771 "queued-work-loo" eb4bb000
 queued-work-loo-5771  [004] ....  1750.472215: do_anonymous_page: anonymous tgid 5742 5771 "queued-work-loo" eb4bc000
 queued-work-loo-5771  [004] ....  1750.472287: do_anonymous_page: anonymous tgid 5742 5771 "queued-work-loo" eb50f000
 queued-work-loo-5771  [004] ....  1750.472319: do_anonymous_page: anonymous tgid 5742 5771 "queued-work-loo" eb510000
 queued-work-loo-5771  [004] ....  1750.472348: do_anonymous_page: anonymous tgid 5742 5771 "queued-work-loo" eb511000
 queued-work-loo-5771  [004] ....  1750.472379: do_anonymous_page: anonymous tgid 5742 5771 "queued-work-loo" eb512000
 queued-work-loo-5771  [004] ....  1750.472409: do_anonymous_page: anonymous tgid 5742 5771 "queued-work-loo" eb513000
  IpClient.wlan0-2844  [004] ....  1750.666957: do_anonymous_page: anonymous tgid 1758 2844 "IpClient.wlan0" 132e7000
            QMon-6188  [004] ....  1750.841619: do_anonymous_page: anonymous tgid 2243 6188 "QMon" 142e2000
 PowerManagerSer-1374  [004] ....  1751.045011: do_anonymous_page: anonymous tgid 1334 1374 "PowerManagerSer" 1337c000
            QMon-6188  [004] ....  1751.360760: do_anonymous_page: anonymous tgid 2243 6188 "QMon" 142e3000
 .android.chrome-5742  [004] ....  1751.556305: do_anonymous_page: anonymous tgid 5742 5742 ".android.chrome" 4fcde000
 .android.chrome-5742  [004] ....  1751.556413: do_anonymous_page: anonymous tgid 5742 5742 ".android.chrome" 50495000
 .android.chrome-5742  [004] ....  1751.556463: do_anonymous_page: anonymous tgid 5742 5742 ".android.chrome" 4fe0e000
 .android.chrome-5742  [004] ....  1751.556474: do_anonymous_page: anonymous tgid 5742 5742 ".android.chrome" 5020c000
 .android.chrome-5742  [004] ....  1751.556482: do_anonymous_page: anonymous tgid 5742 5742 ".android.chrome" 501cc000
            QMon-6188  [004] ....  1751.879659: do_anonymous_page: anonymous tgid 2243 6188 "QMon" 142e4000
 PowerManagerSer-1374  [004] ....  1751.968007: do_anonymous_page: anonymous tgid 1334 1374 "PowerManagerSer" 1337d000
 GoogleApiHandle-5781  [004] ....  1752.161627: do_anonymous_page: anonymous tgid 5742 5781 "GoogleApiHandle" 12d02000
   Binder:1334_8-1858  [004] ....  1752.162834: do_anonymous_page: anonymous tgid 1334 1858 "Binder:1334_8" 13646000
   Binder:1334_8-1858  [004] ....  1752.162997: do_anonymous_page: anonymous tgid 1334 1858 "Binder:1334_8" 13647000
   Binder:1334_8-1858  [004] ....  1752.163672: do_anonymous_page: anonymous tgid 1334 1858 "Binder:1334_8" 13648000
   Binder:2582_C-5143  [004] ....  1752.181543: do_anonymous_page: anonymous tgid 2582 5143 "Binder:2582_C" 12c82000
 gle.android.gms-2582  [004] ....  1752.181696: do_anonymous_page: anonymous tgid 2582 2582 "gle.android.gms" 12cd4000
 gle.android.gms-2582  [004] ....  1752.182309: do_anonymous_page: anonymous tgid 2582 2582 "gle.android.gms" 12cd5000
 gle.android.gms-2582  [004] ....  1752.185011: do_anonymous_page: anonymous tgid 2582 2582 "gle.android.gms" 12cd6000
 gle.android.gms-2582  [004] ....  1752.185286: do_anonymous_page: anonymous tgid 2582 2582 "gle.android.gms" 12cd7000
   Binder:2582_C-5143  [004] ....  1752.192464: do_anonymous_page: anonymous tgid 2582 5143 "Binder:2582_C" 12c83000
   Binder:2582_C-5143  [004] ....  1752.192600: do_anonymous_page: anonymous tgid 2582 5143 "Binder:2582_C" 12c84000
     highpool[1]-3466  [004] ....  1752.194998: do_anonymous_page: anonymous tgid 2582 3466 "highpool[1]" 12dc1000
 gle.android.gms-2582  [004] ....  1752.196494: do_anonymous_page: anonymous tgid 2582 2582 "gle.android.gms" 12cd8000
            QMon-6188  [004] ....  1752.916788: do_anonymous_page: anonymous tgid 2243 6188 "QMon" 142e5000
 PowerManagerSer-1374  [004] ....  1752.991390: do_anonymous_page: anonymous tgid 1334 1374 "PowerManagerSer" 1337e000
  CrRendererMain-5823  [004] ....  1753.018115: do_anonymous_page: anonymous tgid 5800 5823 "CrRendererMain" 4d87d000
  ClientModeImpl-1472  [004] ....  1753.225672: do_anonymous_page: anonymous tgid 1334 1472 "ClientModeImpl" 1370b000
  ClientModeImpl-1472  [004] ....  1753.225895: do_anonymous_page: anonymous tgid 1334 1472 "ClientModeImpl" 1370c000
  ClientModeImpl-1472  [004] ....  1753.226083: do_anonymous_page: anonymous tgid 1334 1472 "ClientModeImpl" 1370d000
  ClientModeImpl-1472  [004] ....  1753.226215: do_anonymous_page: anonymous tgid 1334 1472 "ClientModeImpl" 1370e000
 wifi_ext@1.0-se-2831  [004] ....  1753.227517: do_anonymous_page: anonymous tgid 829 2831 "wifi_ext@1.0-se" 7fb9d29000
 wifi_ext@1.0-se-2831  [004] ....  1753.227548: do_anonymous_page: anonymous tgid 829 2831 "wifi_ext@1.0-se" 7fb9d07000
 wifi_ext@1.0-se-2831  [004] ....  1753.227555: do_anonymous_page: anonymous tgid 829 2831 "wifi_ext@1.0-se" 7fb9d08000
  ClientModeImpl-1472  [004] ....  1753.229440: do_anonymous_page: anonymous tgid 1334 1472 "ClientModeImpl" 1370f000
  ClientModeImpl-1472  [004] ....  1753.229513: do_anonymous_page: anonymous tgid 1334 1472 "ClientModeImpl" 13710000
  ClientModeImpl-1472  [004] ....  1753.230496: do_anonymous_page: anonymous tgid 1334 1472 "ClientModeImpl" 13711000
            QMon-6188  [004] ....  1753.435628: do_anonymous_page: anonymous tgid 2243 6188 "QMon" 142e6000
 wifi_ext@1.0-se-2831  [004] ....  1753.657653: do_anonymous_page: anonymous tgid 829 2831 "wifi_ext@1.0-se" 7fb9d09000
 wifi_ext@1.0-se-2831  [004] ....  1753.657673: do_anonymous_page: anonymous tgid 829 2831 "wifi_ext@1.0-se" 7fb9d0a000
 wifi_ext@1.0-se-2831  [004] ....  1753.657739: do_anonymous_page: anonymous tgid 829 2831 "wifi_ext@1.0-se" 7fb9d10000
 wifi_ext@1.0-se-2831  [004] ....  1753.657747: do_anonymous_page: anonymous tgid 829 2831 "wifi_ext@1.0-se" 7fb9d11000
 wifi_ext@1.0-se-2831  [004] ....  1753.657755: do_anonymous_page: anonymous tgid 829 2831 "wifi_ext@1.0-se" 7fb9d12000
 PowerManagerSer-1374  [004] ....  1753.912759: do_anonymous_page: anonymous tgid 1334 1374 "PowerManagerSer" 1337f000
            QMon-6188  [004] ....  1753.954166: do_anonymous_page: anonymous tgid 2243 6188 "QMon" 142e7000
       CrGpuMain-5856  [004] ....  1754.040526: do_anonymous_page: anonymous tgid 5833 5856 "CrGpuMain" 437c0000
       CrGpuMain-5856  [004] ....  1754.040546: do_anonymous_page: anonymous tgid 5833 5856 "CrGpuMain" 43861000
       CrGpuMain-5856  [004] ....  1754.040557: do_anonymous_page: anonymous tgid 5833 5856 "CrGpuMain" 43a30000
       CrGpuMain-5856  [004] ....  1754.040566: do_anonymous_page: anonymous tgid 5833 5856 "CrGpuMain" 4369d000
       CrGpuMain-5856  [004] ....  1754.040583: do_anonymous_page: anonymous tgid 5833 5856 "CrGpuMain" 4375e000
        Thread-3-5457  [004] ....  1754.315927: do_anonymous_page: anonymous tgid 5391 5457 "Thread-3" 12ec4000
            QMon-6188  [004] ....  1754.472885: do_anonymous_page: anonymous tgid 2243 6188 "QMon" 142e8000
 PowerManagerSer-1374  [004] ....  1754.833356: do_anonymous_page: anonymous tgid 1334 1374 "PowerManagerSer" 13780000
 .android.chrome-5742  [004] ....  1755.368397: do_anonymous_page: anonymous tgid 5742 5742 ".android.chrome" 12ca1000
 .android.chrome-5742  [004] ....  1755.368729: do_anonymous_page: anonymous tgid 5742 5742 ".android.chrome" 12ca2000
 .android.chrome-5742  [004] ....  1755.368786: do_anonymous_page: anonymous tgid 5742 5742 ".android.chrome" 12ca3000
 .android.chrome-5742  [004] ....  1755.392497: do_anonymous_page: anonymous tgid 5742 5742 ".android.chrome" 508dc000
 .android.chrome-5742  [004] ....  1755.392870: do_anonymous_page: anonymous tgid 5742 5742 ".android.chrome" 508dd000
 .android.chrome-5742  [004] ....  1755.393218: do_anonymous_page: anonymous tgid 5742 5742 ".android.chrome" 508de000
 .android.chrome-5742  [004] ....  1755.393531: do_anonymous_page: anonymous tgid 5742 5742 ".android.chrome" 508df000
 .android.chrome-5742  [004] ....  1755.393842: do_anonymous_page: anonymous tgid 5742 5742 ".android.chrome" 508e0000
 .android.chrome-5742  [004] ....  1755.394149: do_anonymous_page: anonymous tgid 5742 5742 ".android.chrome" 508e1000
 .android.chrome-5742  [004] ....  1755.394456: do_anonymous_page: anonymous tgid 5742 5742 ".android.chrome" 508e2000
 .android.chrome-5742  [004] ....  1755.394761: do_anonymous_page: anonymous tgid 5742 5742 ".android.chrome" 508e3000
 .android.chrome-5742  [004] ....  1755.395076: do_anonymous_page: anonymous tgid 5742 5742 ".android.chrome" 508e4000
 .android.chrome-5742  [004] ....  1755.395323: do_anonymous_page: anonymous tgid 5742 5742 ".android.chrome" 508e5000
 .android.chrome-5742  [004] ....  1755.395596: do_anonymous_page: anonymous tgid 5742 5742 ".android.chrome" 508e6000
 .android.chrome-5742  [004] ....  1755.395907: do_anonymous_page: anonymous tgid 5742 5742 ".android.chrome" 508e7000
 .android.chrome-5742  [004] ....  1755.396216: do_anonymous_page: anonymous tgid 5742 5742 ".android.chrome" 508e8000
 .android.chrome-5742  [004] ....  1755.396544: do_anonymous_page: anonymous tgid 5742 5742 ".android.chrome" 508e9000
 .android.chrome-5742  [004] ....  1755.396855: do_anonymous_page: anonymous tgid 5742 5742 ".android.chrome" 508ea000
 .android.chrome-5742  [004] ....  1755.397166: do_anonymous_page: anonymous tgid 5742 5742 ".android.chrome" 508eb000
 .android.chrome-5742  [004] ....  1755.397475: do_anonymous_page: anonymous tgid 5742 5742 ".android.chrome" 508ec000
 .android.chrome-5742  [004] ....  1755.397781: do_anonymous_page: anonymous tgid 5742 5742 ".android.chrome" 508ed000
 .android.chrome-5742  [004] ....  1755.398086: do_anonymous_page: anonymous tgid 5742 5742 ".android.chrome" 508ee000
 .android.chrome-5742  [004] ....  1755.398397: do_anonymous_page: anonymous tgid 5742 5742 ".android.chrome" 508ef000
 .android.chrome-5742  [004] ....  1755.398710: do_anonymous_page: anonymous tgid 5742 5742 ".android.chrome" 508f0000
 .android.chrome-5742  [004] ....  1755.399017: do_anonymous_page: anonymous tgid 5742 5742 ".android.chrome" 508f1000
 .android.chrome-5742  [004] ....  1755.399326: do_anonymous_page: anonymous tgid 5742 5742 ".android.chrome" 508f2000
 .android.chrome-5742  [004] ....  1755.399627: do_anonymous_page: anonymous tgid 5742 5742 ".android.chrome" 508f3000
 .android.chrome-5742  [004] ....  1755.399951: do_anonymous_page: anonymous tgid 5742 5742 ".android.chrome" 508f4000
 .android.chrome-5742  [004] ....  1755.400263: do_anonymous_page: anonymous tgid 5742 5742 ".android.chrome" 508f5000
 .android.chrome-5742  [004] ....  1755.400571: do_anonymous_page: anonymous tgid 5742 5742 ".android.chrome" 508f6000
 .android.chrome-5742  [004] ....  1755.400879: do_anonymous_page: anonymous tgid 5742 5742 ".android.chrome" 508f7000
 .android.chrome-5742  [004] ....  1755.401192: do_anonymous_page: anonymous tgid 5742 5742 ".android.chrome" 508f8000
 .android.chrome-5742  [004] ....  1755.401503: do_anonymous_page: anonymous tgid 5742 5742 ".android.chrome" 508f9000
 .android.chrome-5742  [004] ....  1755.401817: do_anonymous_page: anonymous tgid 5742 5742 ".android.chrome" 508fa000
 .android.chrome-5742  [004] ....  1755.402123: do_anonymous_page: anonymous tgid 5742 5742 ".android.chrome" 508fb000
 .android.chrome-5742  [004] ....  1755.402430: do_anonymous_page: anonymous tgid 5742 5742 ".android.chrome" 508fc000
 .android.chrome-5742  [004] ....  1755.402735: do_anonymous_page: anonymous tgid 5742 5742 ".android.chrome" 508fd000
 .android.chrome-5742  [004] ....  1755.403278: do_anonymous_page: anonymous tgid 5742 5742 ".android.chrome" 508fe000
 .android.chrome-5742  [004] ....  1755.403592: do_anonymous_page: anonymous tgid 5742 5742 ".android.chrome" 508ff000
 .android.chrome-5742  [004] ....  1755.403906: do_anonymous_page: anonymous tgid 5742 5742 ".android.chrome" 50900000
 .android.chrome-5742  [004] ....  1755.404220: do_anonymous_page: anonymous tgid 5742 5742 ".android.chrome" 50901000
 .android.chrome-5742  [004] ....  1755.404527: do_anonymous_page: anonymous tgid 5742 5742 ".android.chrome" 50902000
 .android.chrome-5742  [004] ....  1755.404832: do_anonymous_page: anonymous tgid 5742 5742 ".android.chrome" 50903000
 .android.chrome-5742  [004] ....  1755.405132: do_anonymous_page: anonymous tgid 5742 5742 ".android.chrome" 50904000
 .android.chrome-5742  [004] ....  1755.405581: do_anonymous_page: anonymous tgid 5742 5742 ".android.chrome" 50898000
 .android.chrome-5742  [004] ....  1755.405892: do_anonymous_page: anonymous tgid 5742 5742 ".android.chrome" 50899000
 .android.chrome-5742  [004] ....  1755.406156: do_anonymous_page: anonymous tgid 5742 5742 ".android.chrome" 5089a000
 .android.chrome-5742  [004] ....  1755.406425: do_anonymous_page: anonymous tgid 5742 5742 ".android.chrome" 5089b000
 .android.chrome-5742  [004] ....  1755.406673: do_anonymous_page: anonymous tgid 5742 5742 ".android.chrome" 5089c000
 queued-work-loo-5771  [004] ....  1755.470169: do_anonymous_page: anonymous tgid 5742 5771 "queued-work-loo" dd6b4000
 queued-work-loo-5771  [004] ....  1755.470232: do_anonymous_page: anonymous tgid 5742 5771 "queued-work-loo" eb483000
 queued-work-loo-5771  [004] ....  1755.470304: do_anonymous_page: anonymous tgid 5742 5771 "queued-work-loo" 13242000
 queued-work-loo-5771  [004] ....  1755.470437: do_anonymous_page: anonymous tgid 5742 5771 "queued-work-loo" dd6b5000
 queued-work-loo-5771  [004] ....  1755.470505: do_anonymous_page: anonymous tgid 5742 5771 "queued-work-loo" dd6b6000
 queued-work-loo-5771  [004] ....  1755.470567: do_anonymous_page: anonymous tgid 5742 5771 "queued-work-loo" dd6b7000
 queued-work-loo-5771  [004] ....  1755.470642: do_anonymous_page: anonymous tgid 5742 5771 "queued-work-loo" dd6b8000
 queued-work-loo-5771  [004] ....  1755.470691: do_anonymous_page: anonymous tgid 5742 5771 "queued-work-loo" dd6b9000
 queued-work-loo-5771  [004] ....  1755.470754: do_anonymous_page: anonymous tgid 5742 5771 "queued-work-loo" dd6ba000
 queued-work-loo-5771  [004] ....  1755.470809: do_anonymous_page: anonymous tgid 5742 5771 "queued-work-loo" dd6bb000
 queued-work-loo-5771  [004] ....  1755.470857: do_anonymous_page: anonymous tgid 5742 5771 "queued-work-loo" dd6bc000
 queued-work-loo-5771  [004] ....  1755.470905: do_anonymous_page: anonymous tgid 5742 5771 "queued-work-loo" dd6bd000
 queued-work-loo-5771  [004] ....  1755.470955: do_anonymous_page: anonymous tgid 5742 5771 "queued-work-loo" dd6be000
 queued-work-loo-5771  [004] ....  1755.471034: do_anonymous_page: anonymous tgid 5742 5771 "queued-work-loo" eb484000
 queued-work-loo-5771  [004] ....  1755.471065: do_anonymous_page: anonymous tgid 5742 5771 "queued-work-loo" eb485000
 queued-work-loo-5771  [004] ....  1755.471096: do_anonymous_page: anonymous tgid 5742 5771 "queued-work-loo" eb486000
 queued-work-loo-5771  [004] ....  1755.471126: do_anonymous_page: anonymous tgid 5742 5771 "queued-work-loo" eb487000
 queued-work-loo-5771  [004] ....  1755.471158: do_anonymous_page: anonymous tgid 5742 5771 "queued-work-loo" eb488000
            QMon-6188  [004] ....  1755.510122: do_anonymous_page: anonymous tgid 2243 6188 "QMon" 142e9000
 .android.chrome-5742  [004] ....  1755.557183: do_anonymous_page: anonymous tgid 5742 5742 ".android.chrome" 4fcde000
 .android.chrome-5742  [004] ....  1755.557204: do_anonymous_page: anonymous tgid 5742 5742 ".android.chrome" 503c9000
 .android.chrome-5742  [004] ....  1755.557215: do_anonymous_page: anonymous tgid 5742 5742 ".android.chrome" 50495000
 .android.chrome-5742  [004] ....  1755.557255: do_anonymous_page: anonymous tgid 5742 5742 ".android.chrome" 4faa4000
 .android.chrome-5742  [004] ....  1755.557266: do_anonymous_page: anonymous tgid 5742 5742 ".android.chrome" 4fe0e000
 .android.chrome-5742  [004] ....  1755.557279: do_anonymous_page: anonymous tgid 5742 5742 ".android.chrome" 5020c000
 .android.chrome-5742  [004] ....  1755.557287: do_anonymous_page: anonymous tgid 5742 5742 ".android.chrome" 501cc000
  NetworkService-5832  [004] ....  1755.750045: do_anonymous_page: anonymous tgid 5742 5832 "NetworkService" 4faa4000
  NetworkService-5832  [004] ....  1755.750628: do_anonymous_page: anonymous tgid 5742 5832 "NetworkService" 4faa5000
 PowerManagerSer-1374  [004] ....  1755.754797: do_anonymous_page: anonymous tgid 1334 1374 "PowerManagerSer" 13781000
 wifi_ext@1.0-se-2831  [004] ....  1755.844246: do_anonymous_page: anonymous tgid 829 2831 "wifi_ext@1.0-se" 7fb9d0b000
 wifi_ext@1.0-se-2831  [004] ....  1755.844266: do_anonymous_page: anonymous tgid 829 2831 "wifi_ext@1.0-se" 7fb9d0c000
 wifi_ext@1.0-se-2831  [004] ....  1755.844285: do_anonymous_page: anonymous tgid 829 2831 "wifi_ext@1.0-se" 7fb9d13000
 wifi_ext@1.0-se-2831  [004] ....  1755.844291: do_anonymous_page: anonymous tgid 829 2831 "wifi_ext@1.0-se" 7fb9d14000
  NetworkService-5832  [004] ....  1755.846067: do_anonymous_page: anonymous tgid 5742 5832 "NetworkService" 50898000
  NetworkService-5832  [004] ....  1755.846402: do_anonymous_page: anonymous tgid 5742 5832 "NetworkService" 509af000
            QMon-6188  [004] ....  1756.027767: do_anonymous_page: anonymous tgid 2243 6188 "QMon" 142ea000
  ClientModeImpl-1472  [004] ....  1756.247377: do_anonymous_page: anonymous tgid 1334 1472 "ClientModeImpl" 13712000
  ClientModeImpl-1472  [004] ....  1756.247581: do_anonymous_page: anonymous tgid 1334 1472 "ClientModeImpl" 13713000
  ClientModeImpl-1472  [004] ....  1756.247754: do_anonymous_page: anonymous tgid 1334 1472 "ClientModeImpl" 13714000
  ClientModeImpl-1472  [004] ....  1756.251005: do_anonymous_page: anonymous tgid 1334 1472 "ClientModeImpl" 13715000
  ClientModeImpl-1472  [004] ....  1756.251239: do_anonymous_page: anonymous tgid 1334 1472 "ClientModeImpl" 13716000
  ClientModeImpl-1472  [004] ....  1756.251318: do_anonymous_page: anonymous tgid 1334 1472 "ClientModeImpl" 13717000
            QMon-6188  [004] ....  1756.547591: do_anonymous_page: anonymous tgid 2243 6188 "QMon" 142eb000
 PowerManagerSer-1374  [004] ....  1756.676932: do_anonymous_page: anonymous tgid 1334 1374 "PowerManagerSer" 13782000
            QMon-6188  [004] ....  1757.066154: do_anonymous_page: anonymous tgid 2243 6188 "QMon" 142ec000
 PowerManagerSer-1374  [004] ....  1757.598531: do_anonymous_page: anonymous tgid 1334 1374 "PowerManagerSer" 13783000
       CrGpuMain-5856  [004] ....  1758.041500: do_anonymous_page: anonymous tgid 5833 5856 "CrGpuMain" 437c0000
       CrGpuMain-5856  [004] ....  1758.041541: do_anonymous_page: anonymous tgid 5833 5856 "CrGpuMain" 43861000
       CrGpuMain-5856  [004] ....  1758.041558: do_anonymous_page: anonymous tgid 5833 5856 "CrGpuMain" 43a30000
       CrGpuMain-5856  [004] ....  1758.041568: do_anonymous_page: anonymous tgid 5833 5856 "CrGpuMain" 4369d000
       CrGpuMain-5856  [004] ....  1758.041585: do_anonymous_page: anonymous tgid 5833 5856 "CrGpuMain" 4375e000
            QMon-6188  [004] ....  1758.103880: do_anonymous_page: anonymous tgid 2243 6188 "QMon" 142ed000
 PowerManagerSer-1374  [004] ....  1758.622148: do_anonymous_page: anonymous tgid 1334 1374 "PowerManagerSer" 13784000
            QMon-6188  [004] ....  1758.622337: do_anonymous_page: anonymous tgid 2243 6188 "QMon" 142ee000
  CrRendererMain-5823  [004] ....  1759.025920: do_anonymous_page: anonymous tgid 5800 5823 "CrRendererMain" 4d87e000
            QMon-6188  [004] ....  1759.140843: do_anonymous_page: anonymous tgid 2243 6188 "QMon" 142ef000
  ClientModeImpl-1472  [004] ....  1759.256934: do_anonymous_page: anonymous tgid 1334 1472 "ClientModeImpl" 13718000
  ClientModeImpl-1472  [004] ....  1759.267796: do_anonymous_page: anonymous tgid 1334 1472 "ClientModeImpl" 13719000
  ClientModeImpl-1472  [004] ....  1759.267989: do_anonymous_page: anonymous tgid 1334 1472 "ClientModeImpl" 1371a000
  ClientModeImpl-1472  [004] ....  1759.268143: do_anonymous_page: anonymous tgid 1334 1472 "ClientModeImpl" 1371b000
 wifi_ext@1.0-se-2831  [004] ....  1759.268627: do_anonymous_page: anonymous tgid 829 2831 "wifi_ext@1.0-se" 7fb9d0d000
 wifi_ext@1.0-se-2831  [004] ....  1759.268647: do_anonymous_page: anonymous tgid 829 2831 "wifi_ext@1.0-se" 7fb9d0e000
 wifi_ext@1.0-se-2831  [004] ....  1759.268664: do_anonymous_page: anonymous tgid 829 2831 "wifi_ext@1.0-se" 7fb9d2a000
 wifi_ext@1.0-se-2831  [004] ....  1759.268669: do_anonymous_page: anonymous tgid 829 2831 "wifi_ext@1.0-se" 7fb9d2b000
 wifi_ext@1.0-se-2831  [004] ....  1759.268676: do_anonymous_page: anonymous tgid 829 2831 "wifi_ext@1.0-se" 7fb9d2c000
  ClientModeImpl-1472  [004] ....  1759.271284: do_anonymous_page: anonymous tgid 1334 1472 "ClientModeImpl" 1371c000
  ClientModeImpl-1472  [004] ....  1759.271924: do_anonymous_page: anonymous tgid 1334 1472 "ClientModeImpl" 1371d000
  ClientModeImpl-1472  [004] ....  1759.272020: do_anonymous_page: anonymous tgid 1334 1472 "ClientModeImpl" 1371e000
 PowerManagerSer-1374  [004] ....  1759.541292: do_anonymous_page: anonymous tgid 1334 1374 "PowerManagerSer" 13785000
 .android.chrome-5742  [004] ....  1759.558852: do_anonymous_page: anonymous tgid 5742 5742 ".android.chrome" 4fcde000
 .android.chrome-5742  [004] ....  1759.558875: do_anonymous_page: anonymous tgid 5742 5742 ".android.chrome" 503c9000
 .android.chrome-5742  [004] ....  1759.558886: do_anonymous_page: anonymous tgid 5742 5742 ".android.chrome" 50495000
 .android.chrome-5742  [004] ....  1759.558941: do_anonymous_page: anonymous tgid 5742 5742 ".android.chrome" 4fe0e000
 .android.chrome-5742  [004] ....  1759.558956: do_anonymous_page: anonymous tgid 5742 5742 ".android.chrome" 5020c000
 .android.chrome-5742  [004] ....  1759.558963: do_anonymous_page: anonymous tgid 5742 5742 ".android.chrome" 501cc000
            QMon-6188  [004] ....  1759.659628: do_anonymous_page: anonymous tgid 2243 6188 "QMon" 142f0000
    AlarmManager-1442  [004] ....  1759.750984: do_anonymous_page: anonymous tgid 1334 1442 "AlarmManager" 12f81000
   system_server-1334  [004] ....  1759.751481: do_anonymous_page: anonymous tgid 1334 1334 "system_server" 12e02000
 ndroid.systemui-1677  [004] ....  1759.753581: do_anonymous_page: anonymous tgid 1677 1677 "ndroid.systemui" 131e6000
 ndroid.systemui-1677  [004] ....  1759.754208: do_anonymous_page: anonymous tgid 1677 1677 "ndroid.systemui" 131e7000
 ndroid.systemui-1677  [004] ....  1759.754354: do_anonymous_page: anonymous tgid 1677 1677 "ndroid.systemui" 131e8000
 ndroid.systemui-1677  [004] ....  1759.758934: do_anonymous_page: anonymous tgid 1677 1677 "ndroid.systemui" 131e9000
 ndroid.systemui-1677  [004] ....  1759.762741: do_anonymous_page: anonymous tgid 1677 1677 "ndroid.systemui" 131ea000
 ndroid.systemui-1677  [004] ....  1759.763618: do_anonymous_page: anonymous tgid 1677 1677 "ndroid.systemui" 131eb000
 ndroid.systemui-1677  [004] ....  1759.763851: do_anonymous_page: anonymous tgid 1677 1677 "ndroid.systemui" 131ec000
 ndroid.systemui-1677  [004] ....  1759.764065: do_anonymous_page: anonymous tgid 1677 1677 "ndroid.systemui" 131ed000
 ndroid.systemui-1677  [004] ....  1759.784743: do_anonymous_page: anonymous tgid 1677 1677 "ndroid.systemui" 131ee000
 ndroid.systemui-1677  [004] ....  1759.784948: do_anonymous_page: anonymous tgid 1677 1677 "ndroid.systemui" 131ef000
 composer@2.3-se-607   [004] ....  1759.800626: do_anonymous_page: anonymous tgid 607 607 "composer@2.3-se" 7fbd08a000
 composer@2.3-se-607   [004] ....  1759.800660: do_anonymous_page: anonymous tgid 607 607 "composer@2.3-se" 7fbd08b000
 composer@2.3-se-607   [004] ....  1759.801282: do_anonymous_page: anonymous tgid 607 607 "composer@2.3-se" 7fb5dce000
 PowerManagerSer-1374  [004] ....  1760.464406: do_anonymous_page: anonymous tgid 1334 1374 "PowerManagerSer" 13786000
   Binder:1334_8-1858  [004] ....  1760.528969: do_anonymous_page: anonymous tgid 1334 1858 "Binder:1334_8" 13649000
            QMon-6188  [004] ....  1760.696717: do_anonymous_page: anonymous tgid 2243 6188 "QMon" 142f1000
 wifi_ext@1.0-se-2831  [004] ....  1761.013072: do_anonymous_page: anonymous tgid 829 2831 "wifi_ext@1.0-se" 7fb9d0f000
 wifi_ext@1.0-se-2831  [004] ....  1761.013116: do_anonymous_page: anonymous tgid 829 2831 "wifi_ext@1.0-se" 7fb9d2d000
 wifi_ext@1.0-se-2831  [004] ....  1761.013124: do_anonymous_page: anonymous tgid 829 2831 "wifi_ext@1.0-se" 7fb9d2e000
            QMon-6188  [004] ....  1761.215542: do_anonymous_page: anonymous tgid 2243 6188 "QMon" 142f2000
 wifi_ext@1.0-se-2831  [004] ....  1761.341679: do_anonymous_page: anonymous tgid 829 2831 "wifi_ext@1.0-se" 7fb9d45000
 wifi_ext@1.0-se-2831  [004] ....  1761.341699: do_anonymous_page: anonymous tgid 829 2831 "wifi_ext@1.0-se" 7fb9d46000
 wifi_ext@1.0-se-2831  [004] ....  1761.341719: do_anonymous_page: anonymous tgid 829 2831 "wifi_ext@1.0-se" 7fb9d35000
 wifi_ext@1.0-se-2831  [004] ....  1761.341725: do_anonymous_page: anonymous tgid 829 2831 "wifi_ext@1.0-se" 7fb9d36000
 wifi_ext@1.0-se-2831  [004] ....  1761.341733: do_anonymous_page: anonymous tgid 829 2831 "wifi_ext@1.0-se" 7fb9d37000
 PowerManagerSer-1374  [004] ....  1761.487335: do_anonymous_page: anonymous tgid 1334 1374 "PowerManagerSer" 13787000
            QMon-6188  [004] ....  1761.734105: do_anonymous_page: anonymous tgid 2243 6188 "QMon" 142f3000
       CrGpuMain-5856  [004] ....  1762.041159: do_anonymous_page: anonymous tgid 5833 5856 "CrGpuMain" 437c0000
       CrGpuMain-5856  [004] ....  1762.041207: do_anonymous_page: anonymous tgid 5833 5856 "CrGpuMain" 43861000
       CrGpuMain-5856  [004] ....  1762.041219: do_anonymous_page: anonymous tgid 5833 5856 "CrGpuMain" 43a30000
       CrGpuMain-5856  [004] ....  1762.041229: do_anonymous_page: anonymous tgid 5833 5856 "CrGpuMain" 4369d000
       CrGpuMain-5856  [004] ....  1762.041248: do_anonymous_page: anonymous tgid 5833 5856 "CrGpuMain" 4375e000
            QMon-6188  [004] ....  1762.251817: do_anonymous_page: anonymous tgid 2243 6188 "QMon" 142f4000
  ClientModeImpl-1472  [004] ....  1762.288504: do_anonymous_page: anonymous tgid 1334 1472 "ClientModeImpl" 1371f000
  ClientModeImpl-1472  [004] ....  1762.288716: do_anonymous_page: anonymous tgid 1334 1472 "ClientModeImpl" 13720000
  ClientModeImpl-1472  [004] ....  1762.288906: do_anonymous_page: anonymous tgid 1334 1472 "ClientModeImpl" 13721000
  ClientModeImpl-1472  [004] ....  1762.289041: do_anonymous_page: anonymous tgid 1334 1472 "ClientModeImpl" 13722000
 wifi_ext@1.0-se-2831  [004] ....  1762.292118: do_anonymous_page: anonymous tgid 829 2831 "wifi_ext@1.0-se" 7fb9d47000
 wifi_ext@1.0-se-2831  [004] ....  1762.292138: do_anonymous_page: anonymous tgid 829 2831 "wifi_ext@1.0-se" 7fb9d48000
 wifi_ext@1.0-se-2831  [004] ....  1762.292184: do_anonymous_page: anonymous tgid 829 2831 "wifi_ext@1.0-se" 7fb9d38000
 wifi_ext@1.0-se-2831  [004] ....  1762.292191: do_anonymous_page: anonymous tgid 829 2831 "wifi_ext@1.0-se" 7fb9d39000
  ClientModeImpl-1472  [004] ....  1762.292560: do_anonymous_page: anonymous tgid 1334 1472 "ClientModeImpl" 13723000
  ClientModeImpl-1472  [004] ....  1762.292628: do_anonymous_page: anonymous tgid 1334 1472 "ClientModeImpl" 13724000
  ClientModeImpl-1472  [004] ....  1762.293583: do_anonymous_page: anonymous tgid 1334 1472 "ClientModeImpl" 13725000
 PowerManagerSer-1374  [004] ....  1762.408815: do_anonymous_page: anonymous tgid 1334 1374 "PowerManagerSer" 13788000
            QMon-6188  [004] ....  1762.771638: do_anonymous_page: anonymous tgid 2243 6188 "QMon" 142f5000
  CrRendererMain-5823  [004] ....  1763.030987: do_anonymous_page: anonymous tgid 5800 5823 "CrRendererMain" 5f18a000
 PowerManagerSer-1374  [004] ....  1763.330516: do_anonymous_page: anonymous tgid 1334 1374 "PowerManagerSer" 13789000
 .android.chrome-5742  [004] ....  1763.558662: do_anonymous_page: anonymous tgid 5742 5742 ".android.chrome" 4fcde000
 .android.chrome-5742  [004] ....  1763.558707: do_anonymous_page: anonymous tgid 5742 5742 ".android.chrome" 503c9000
 .android.chrome-5742  [004] ....  1763.558720: do_anonymous_page: anonymous tgid 5742 5742 ".android.chrome" 50495000
 .android.chrome-5742  [004] ....  1763.558763: do_anonymous_page: anonymous tgid 5742 5742 ".android.chrome" 4faa4000
 .android.chrome-5742  [004] ....  1763.558775: do_anonymous_page: anonymous tgid 5742 5742 ".android.chrome" 4fe0e000
 .android.chrome-5742  [004] ....  1763.558788: do_anonymous_page: anonymous tgid 5742 5742 ".android.chrome" 5020c000
 .android.chrome-5742  [004] ....  1763.558797: do_anonymous_page: anonymous tgid 5742 5742 ".android.chrome" 501cc000
            QMon-6188  [004] ....  1763.808822: do_anonymous_page: anonymous tgid 2243 6188 "QMon" 142f6000
            QMon-6188  [004] ....  1764.327877: do_anonymous_page: anonymous tgid 2243 6188 "QMon" 142f7000
 PowerManagerSer-1374  [004] ....  1764.354385: do_anonymous_page: anonymous tgid 1334 1374 "PowerManagerSer" 1378a000
            QMon-6188  [004] ....  1764.846034: do_anonymous_page: anonymous tgid 2243 6188 "QMon" 142f8000
 PowerManagerSer-1374  [004] ....  1765.274954: do_anonymous_page: anonymous tgid 1334 1374 "PowerManagerSer" 1378b000
  ClientModeImpl-1472  [004] ....  1765.307585: do_anonymous_page: anonymous tgid 1334 1472 "ClientModeImpl" 13726000
  ClientModeImpl-1472  [004] ....  1765.307784: do_anonymous_page: anonymous tgid 1334 1472 "ClientModeImpl" 13727000
  ClientModeImpl-1472  [004] ....  1765.307952: do_anonymous_page: anonymous tgid 1334 1472 "ClientModeImpl" 13728000
  ClientModeImpl-1472  [004] ....  1765.310900: do_anonymous_page: anonymous tgid 1334 1472 "ClientModeImpl" 13729000
  ClientModeImpl-1472  [004] ....  1765.311169: do_anonymous_page: anonymous tgid 1334 1472 "ClientModeImpl" 1372a000
  ClientModeImpl-1472  [004] ....  1765.311310: do_anonymous_page: anonymous tgid 1334 1472 "ClientModeImpl" 1372b000
            QMon-6188  [004] ....  1765.364844: do_anonymous_page: anonymous tgid 2243 6188 "QMon" 142f9000
            netd-6745  [004] ....  1765.688112: do_anonymous_page: anonymous tgid 789 6745 "netd" 7fad424000
            netd-6745  [004] ....  1765.688131: do_anonymous_page: anonymous tgid 789 6745 "netd" 7fad423000
 wifi_ext@1.0-se-2831  [004] ....  1765.792173: do_anonymous_page: anonymous tgid 829 2831 "wifi_ext@1.0-se" 7fb9d49000
 wifi_ext@1.0-se-2831  [004] ....  1765.792200: do_anonymous_page: anonymous tgid 829 2831 "wifi_ext@1.0-se" 7fb9d4a000
 wifi_ext@1.0-se-2831  [004] ....  1765.792222: do_anonymous_page: anonymous tgid 829 2831 "wifi_ext@1.0-se" 7fba1a2000
 wifi_ext@1.0-se-2831  [004] ....  1765.792230: do_anonymous_page: anonymous tgid 829 2831 "wifi_ext@1.0-se" 7fba1a3000
 wifi_ext@1.0-se-2831  [004] ....  1765.792236: do_anonymous_page: anonymous tgid 829 2831 "wifi_ext@1.0-se" 7fba1a4000
 wifi_ext@1.0-se-2831  [004] ....  1765.873411: do_anonymous_page: anonymous tgid 829 2831 "wifi_ext@1.0-se" 7fb9d4b000
 wifi_ext@1.0-se-2831  [004] ....  1765.873443: do_anonymous_page: anonymous tgid 829 2831 "wifi_ext@1.0-se" 7fba1a5000
 wifi_ext@1.0-se-2831  [004] ....  1765.873451: do_anonymous_page: anonymous tgid 829 2831 "wifi_ext@1.0-se" 7fba1a6000
  CrRendererMain-5823  [004] ....  1766.033544: do_anonymous_page: anonymous tgid 5800 5823 "CrRendererMain" 4d87f000
       CrGpuMain-5856  [004] ....  1766.041320: do_anonymous_page: anonymous tgid 5833 5856 "CrGpuMain" 437c0000
       CrGpuMain-5856  [004] ....  1766.041359: do_anonymous_page: anonymous tgid 5833 5856 "CrGpuMain" 43861000
       CrGpuMain-5856  [004] ....  1766.041371: do_anonymous_page: anonymous tgid 5833 5856 "CrGpuMain" 43a30000
       CrGpuMain-5856  [004] ....  1766.041381: do_anonymous_page: anonymous tgid 5833 5856 "CrGpuMain" 4369d000
       CrGpuMain-5856  [004] ....  1766.041398: do_anonymous_page: anonymous tgid 5833 5856 "CrGpuMain" 4375e000
 PowerManagerSer-1374  [004] ....  1766.196572: do_anonymous_page: anonymous tgid 1334 1374 "PowerManagerSer" 1378c000
            QMon-6188  [004] ....  1766.402405: do_anonymous_page: anonymous tgid 2243 6188 "QMon" 142fa000
            QMon-6188  [004] ....  1766.920737: do_anonymous_page: anonymous tgid 2243 6188 "QMon" 142fb000
 PowerManagerSer-1374  [004] ....  1767.220473: do_anonymous_page: anonymous tgid 1334 1374 "PowerManagerSer" 1378d000
            QMon-6188  [004] ....  1767.439445: do_anonymous_page: anonymous tgid 2243 6188 "QMon" 142fc000
 .android.chrome-5742  [004] ....  1767.559198: do_anonymous_page: anonymous tgid 5742 5742 ".android.chrome" 4fcde000
 .android.chrome-5742  [004] ....  1767.559236: do_anonymous_page: anonymous tgid 5742 5742 ".android.chrome" 503c9000
 .android.chrome-5742  [004] ....  1767.559247: do_anonymous_page: anonymous tgid 5742 5742 ".android.chrome" 50495000
 .android.chrome-5742  [004] ....  1767.559290: do_anonymous_page: anonymous tgid 5742 5742 ".android.chrome" 4faa4000
 .android.chrome-5742  [004] ....  1767.559302: do_anonymous_page: anonymous tgid 5742 5742 ".android.chrome" 4fe0e000
 .android.chrome-5742  [004] ....  1767.559315: do_anonymous_page: anonymous tgid 5742 5742 ".android.chrome" 5020c000
 .android.chrome-5742  [004] ....  1767.559324: do_anonymous_page: anonymous tgid 5742 5742 ".android.chrome" 501cc000
            QMon-6188  [004] ....  1767.957944: do_anonymous_page: anonymous tgid 2243 6188 "QMon" 142fd000
 PowerManagerSer-1374  [004] ....  1768.142137: do_anonymous_page: anonymous tgid 1334 1374 "PowerManagerSer" 1378e000
  ClientModeImpl-1472  [004] ....  1768.317314: do_anonymous_page: anonymous tgid 1334 1472 "ClientModeImpl" 1372c000
  ClientModeImpl-1472  [004] ....  1768.330094: do_anonymous_page: anonymous tgid 1334 1472 "ClientModeImpl" 1372d000
  ClientModeImpl-1472  [004] ....  1768.330301: do_anonymous_page: anonymous tgid 1334 1472 "ClientModeImpl" 1372e000
  ClientModeImpl-1472  [004] ....  1768.330465: do_anonymous_page: anonymous tgid 1334 1472 "ClientModeImpl" 1372f000
  ClientModeImpl-1472  [004] ....  1768.333470: do_anonymous_page: anonymous tgid 1334 1472 "ClientModeImpl" 13730000
  ClientModeImpl-1472  [004] ....  1768.333797: do_anonymous_page: anonymous tgid 1334 1472 "ClientModeImpl" 13731000
  ClientModeImpl-1472  [004] ....  1768.333900: do_anonymous_page: anonymous tgid 1334 1472 "ClientModeImpl" 13732000
            QMon-6188  [004] ....  1768.995296: do_anonymous_page: anonymous tgid 2243 6188 "QMon" 142fe000
 PowerManagerSer-1374  [004] ....  1769.064699: do_anonymous_page: anonymous tgid 1334 1374 "PowerManagerSer" 1378f000
            QMon-6188  [004] ....  1769.513809: do_anonymous_page: anonymous tgid 2243 6188 "QMon" 142ff000
 PowerManagerSer-1374  [004] ....  1769.986110: do_anonymous_page: anonymous tgid 1334 1374 "PowerManagerSer" 13790000
            QMon-6188  [004] ....  1770.032496: do_anonymous_page: anonymous tgid 2243 6188 "QMon" 14300000
       CrGpuMain-5856  [004] ....  1770.041506: do_anonymous_page: anonymous tgid 5833 5856 "CrGpuMain" 437c0000
       CrGpuMain-5856  [004] ....  1770.041549: do_anonymous_page: anonymous tgid 5833 5856 "CrGpuMain" 43861000
       CrGpuMain-5856  [004] ....  1770.041562: do_anonymous_page: anonymous tgid 5833 5856 "CrGpuMain" 43a30000
       CrGpuMain-5856  [004] ....  1770.041572: do_anonymous_page: anonymous tgid 5833 5856 "CrGpuMain" 4369d000
       CrGpuMain-5856  [004] ....  1770.041590: do_anonymous_page: anonymous tgid 5833 5856 "CrGpuMain" 4375e000
            QMon-6188  [004] ....  1770.551369: do_anonymous_page: anonymous tgid 2243 6188 "QMon" 14301000
 NasModemEndPoin-1499  [004] ....  1770.981770: do_anonymous_page: anonymous tgid 929 1499 "NasModemEndPoin" 7fb6317000
 PowerManagerSer-1374  [004] ....  1771.010396: do_anonymous_page: anonymous tgid 1334 1374 "PowerManagerSer" 13791000
  ClientModeImpl-1472  [004] ....  1771.338875: do_anonymous_page: anonymous tgid 1334 1472 "ClientModeImpl" 13733000
  ClientModeImpl-1472  [004] ....  1771.349488: do_anonymous_page: anonymous tgid 1334 1472 "ClientModeImpl" 13734000
  ClientModeImpl-1472  [004] ....  1771.349762: do_anonymous_page: anonymous tgid 1334 1472 "ClientModeImpl" 13735000
  ClientModeImpl-1472  [004] ....  1771.349904: do_anonymous_page: anonymous tgid 1334 1472 "ClientModeImpl" 13736000
  ClientModeImpl-1472  [004] ....  1771.353064: do_anonymous_page: anonymous tgid 1334 1472 "ClientModeImpl" 13737000
  ClientModeImpl-1472  [004] ....  1771.353408: do_anonymous_page: anonymous tgid 1334 1472 "ClientModeImpl" 13738000
  ClientModeImpl-1472  [004] ....  1771.353572: do_anonymous_page: anonymous tgid 1334 1472 "ClientModeImpl" 13739000
 .android.chrome-5742  [004] ....  1771.559389: do_anonymous_page: anonymous tgid 5742 5742 ".android.chrome" 4fcde000
 .android.chrome-5742  [004] ....  1771.559441: do_anonymous_page: anonymous tgid 5742 5742 ".android.chrome" 503c9000
 .android.chrome-5742  [004] ....  1771.559452: do_anonymous_page: anonymous tgid 5742 5742 ".android.chrome" 50495000
 .android.chrome-5742  [004] ....  1771.559497: do_anonymous_page: anonymous tgid 5742 5742 ".android.chrome" 4faa4000
 .android.chrome-5742  [004] ....  1771.559510: do_anonymous_page: anonymous tgid 5742 5742 ".android.chrome" 4fe0e000
 .android.chrome-5742  [004] ....  1771.559523: do_anonymous_page: anonymous tgid 5742 5742 ".android.chrome" 5020c000
 .android.chrome-5742  [004] ....  1771.559531: do_anonymous_page: anonymous tgid 5742 5742 ".android.chrome" 501cc000
