           <...>-5856  [004] ....  1089.024726: do_anonymous_page: anonymous tgid 5833 5856 "CrGpuMain" 43ae1000
           <...>-5856  [004] ....  1089.024735: do_anonymous_page: anonymous tgid 5833 5856 "CrGpuMain" 43ae4000
           <...>-5856  [004] ....  1089.024746: do_anonymous_page: anonymous tgid 5833 5856 "CrGpuMain" 43ae2000
           <...>-5856  [004] ....  1089.024781: do_anonymous_page: anonymous tgid 5833 5856 "CrGpuMain" 43ab8000
           <...>-5856  [004] ....  1089.024801: do_anonymous_page: anonymous tgid 5833 5856 "CrGpuMain" 43ab9000
           <...>-5856  [004] ....  1089.024815: do_anonymous_page: anonymous tgid 5833 5856 "CrGpuMain" 43ae5000
           <...>-5856  [004] ....  1089.025753: do_anonymous_page: anonymous tgid 5833 5856 "CrGpuMain" 43aba000
           <...>-5856  [004] ....  1089.027179: do_anonymous_page: anonymous tgid 5833 5856 "CrGpuMain" 43abb000
           <...>-5856  [004] ....  1089.027216: do_anonymous_page: anonymous tgid 5833 5856 "CrGpuMain" 43abc000
           <...>-5856  [004] ....  1089.027222: do_anonymous_page: anonymous tgid 5833 5856 "CrGpuMain" 43ae6000
           <...>-5856  [004] ....  1089.027238: do_anonymous_page: anonymous tgid 5833 5856 "CrGpuMain" 43abd000
           <...>-5856  [004] ....  1089.027251: do_anonymous_page: anonymous tgid 5833 5856 "CrGpuMain" 43a46000
           <...>-5856  [004] ....  1089.027274: do_anonymous_page: anonymous tgid 5833 5856 "CrGpuMain" 43b0c000
           <...>-5856  [004] ....  1089.027279: do_anonymous_page: anonymous tgid 5833 5856 "CrGpuMain" 43abe000
           <...>-5856  [004] ....  1089.027305: do_anonymous_page: anonymous tgid 5833 5856 "CrGpuMain" 43a34000
           <...>-5856  [004] ....  1089.027332: do_anonymous_page: anonymous tgid 5833 5856 "CrGpuMain" 43a35000
           <...>-5856  [004] ....  1089.027339: do_anonymous_page: anonymous tgid 5833 5856 "CrGpuMain" 43ae7000
           <...>-5856  [004] ....  1089.027352: do_anonymous_page: anonymous tgid 5833 5856 "CrGpuMain" 43a36000
           <...>-5856  [004] ....  1089.027369: do_anonymous_page: anonymous tgid 5833 5856 "CrGpuMain" 43a37000
           <...>-5856  [004] ....  1089.028527: do_anonymous_page: anonymous tgid 5833 5856 "CrGpuMain" 43a38000
           <...>-5856  [004] ....  1089.029439: do_anonymous_page: anonymous tgid 5833 5856 "CrGpuMain" 43ac0000
           <...>-5856  [004] ....  1089.033519: do_anonymous_page: anonymous tgid 5833 5856 "CrGpuMain" 43a23000
           <...>-5856  [004] ....  1089.033699: do_anonymous_page: anonymous tgid 5833 5856 "CrGpuMain" cac3a000
           <...>-5856  [004] ....  1089.033704: do_anonymous_page: anonymous tgid 5833 5856 "CrGpuMain" cb22c000
           <...>-5856  [004] ....  1089.033709: do_anonymous_page: anonymous tgid 5833 5856 "CrGpuMain" cac3b000
           <...>-5856  [004] ....  1089.033713: do_anonymous_page: anonymous tgid 5833 5856 "CrGpuMain" cac3c000
           <...>-5856  [004] ....  1089.033718: do_anonymous_page: anonymous tgid 5833 5856 "CrGpuMain" cac3d000
           <...>-5856  [004] ....  1089.033743: do_anonymous_page: anonymous tgid 5833 5856 "CrGpuMain" cac3e000
           <...>-5856  [004] ....  1089.033756: do_anonymous_page: anonymous tgid 5833 5856 "CrGpuMain" cac43000
           <...>-5856  [004] ....  1089.033764: do_anonymous_page: anonymous tgid 5833 5856 "CrGpuMain" cac44000
           <...>-5856  [004] ....  1089.033778: do_anonymous_page: anonymous tgid 5833 5856 "CrGpuMain" cac45000
           <...>-5856  [004] ....  1089.033785: do_anonymous_page: anonymous tgid 5833 5856 "CrGpuMain" cac46000
           <...>-5856  [004] ....  1089.033787: do_anonymous_page: anonymous tgid 5833 5856 "CrGpuMain" cb22d000
           <...>-5856  [004] ....  1089.033791: do_anonymous_page: anonymous tgid 5833 5856 "CrGpuMain" cac47000
           <...>-5856  [004] ....  1089.033799: do_anonymous_page: anonymous tgid 5833 5856 "CrGpuMain" caca3000
           <...>-5856  [004] ....  1089.033814: do_anonymous_page: anonymous tgid 5833 5856 "CrGpuMain" cb17b000
           <...>-5856  [004] ....  1089.033822: do_anonymous_page: anonymous tgid 5833 5856 "CrGpuMain" caca4000
           <...>-5856  [004] ....  1089.033831: do_anonymous_page: anonymous tgid 5833 5856 "CrGpuMain" cad46000
           <...>-5856  [004] ....  1089.033835: do_anonymous_page: anonymous tgid 5833 5856 "CrGpuMain" caca5000
           <...>-5856  [004] ....  1089.033840: do_anonymous_page: anonymous tgid 5833 5856 "CrGpuMain" caca6000
           <...>-5856  [004] ....  1089.033844: do_anonymous_page: anonymous tgid 5833 5856 "CrGpuMain" cad47000
           <...>-5856  [004] ....  1089.033847: do_anonymous_page: anonymous tgid 5833 5856 "CrGpuMain" caca7000
           <...>-5856  [004] ....  1089.033955: do_anonymous_page: anonymous tgid 5833 5856 "CrGpuMain" 439bb000
           <...>-5856  [004] ....  1089.033965: do_anonymous_page: anonymous tgid 5833 5856 "CrGpuMain" 439bc000
           <...>-5856  [004] ....  1089.033973: do_anonymous_page: anonymous tgid 5833 5856 "CrGpuMain" 439bd000
           <...>-5856  [004] ....  1089.033980: do_anonymous_page: anonymous tgid 5833 5856 "CrGpuMain" 439be000
           <...>-5856  [004] ....  1089.033992: do_anonymous_page: anonymous tgid 5833 5856 "CrGpuMain" 439bf000
           <...>-5856  [004] ....  1089.034027: do_anonymous_page: anonymous tgid 5833 5856 "CrGpuMain" 439c0000
           <...>-5856  [004] ....  1089.034039: do_anonymous_page: anonymous tgid 5833 5856 "CrGpuMain" 43ac5000
           <...>-5856  [004] ....  1089.034057: do_anonymous_page: anonymous tgid 5833 5856 "CrGpuMain" 43aa0000
           <...>-5856  [004] ....  1089.034063: do_anonymous_page: anonymous tgid 5833 5856 "CrGpuMain" 439c1000
           <...>-5856  [004] ....  1089.034068: do_anonymous_page: anonymous tgid 5833 5856 "CrGpuMain" 439c2000
           <...>-5856  [004] ....  1089.034089: do_anonymous_page: anonymous tgid 5833 5856 "CrGpuMain" 439c3000
           <...>-5856  [004] ....  1089.034103: do_anonymous_page: anonymous tgid 5833 5856 "CrGpuMain" 439c4000
           <...>-5856  [004] ....  1089.034112: do_anonymous_page: anonymous tgid 5833 5856 "CrGpuMain" 439c5000
           <...>-5856  [004] ....  1089.034401: do_anonymous_page: anonymous tgid 5833 5856 "CrGpuMain" cb17c000
           <...>-5856  [004] ....  1089.034780: do_anonymous_page: anonymous tgid 5833 5856 "CrGpuMain" cb17d000
           <...>-5856  [004] ....  1089.034799: do_anonymous_page: anonymous tgid 5833 5856 "CrGpuMain" 43aa1000
           <...>-5856  [004] ....  1089.035033: do_anonymous_page: anonymous tgid 5833 5856 "CrGpuMain" cac2b000
           <...>-5856  [004] ....  1089.035041: do_anonymous_page: anonymous tgid 5833 5856 "CrGpuMain" e2193000
           <...>-5856  [004] ....  1089.035081: do_anonymous_page: anonymous tgid 5833 5856 "CrGpuMain" cac2c000
           <...>-5856  [004] ....  1089.035297: do_anonymous_page: anonymous tgid 5833 5856 "CrGpuMain" 43aa2000
           <...>-5856  [004] ....  1089.036816: do_anonymous_page: anonymous tgid 5833 5856 "CrGpuMain" 43aa3000
           <...>-5856  [004] ....  1089.037613: do_anonymous_page: anonymous tgid 5833 5856 "CrGpuMain" caca8000
           <...>-5856  [004] ....  1089.037650: do_anonymous_page: anonymous tgid 5833 5856 "CrGpuMain" caca9000
           <...>-5856  [004] ....  1089.037675: do_anonymous_page: anonymous tgid 5833 5856 "CrGpuMain" cacaa000
           <...>-5856  [004] ....  1089.037877: do_anonymous_page: anonymous tgid 5833 5856 "CrGpuMain" cacab000
           <...>-5856  [004] ....  1089.038152: do_anonymous_page: anonymous tgid 5833 5856 "CrGpuMain" 43aa4000
           <...>-5856  [004] ....  1089.038187: do_anonymous_page: anonymous tgid 5833 5856 "CrGpuMain" 4380c000
           <...>-5856  [004] ....  1089.038778: do_anonymous_page: anonymous tgid 5833 5856 "CrGpuMain" 43a30000
     logd.writer-576   [004] ....  1089.046550: do_anonymous_page: anonymous tgid 559 576 "logd.writer" 7fbd7d5000
 composer@2.3-se-607   [004] ....  1089.053731: do_anonymous_page: anonymous tgid 607 607 "composer@2.3-se" 7fbd135000
 composer@2.3-se-607   [004] ....  1089.053741: do_anonymous_page: anonymous tgid 607 607 "composer@2.3-se" 7fbd136000
 composer@2.3-se-607   [004] ....  1089.053744: do_anonymous_page: anonymous tgid 607 607 "composer@2.3-se" 7fbd137000
 composer@2.3-se-607   [004] ....  1089.053746: do_anonymous_page: anonymous tgid 607 607 "composer@2.3-se" 7fbd138000
 composer@2.3-se-607   [004] ....  1089.053748: do_anonymous_page: anonymous tgid 607 607 "composer@2.3-se" 7fbd139000
           <...>-1858  [004] ....  1089.057518: do_anonymous_page: anonymous tgid 1334 1858 "Binder:1334_8" 12f11000
 droid.launcher3-2009  [004] ....  1089.061653: do_anonymous_page: anonymous tgid 2009 2009 "droid.launcher3" 1317c000
 droid.launcher3-2009  [004] ....  1089.067265: do_anonymous_page: anonymous tgid 2009 2009 "droid.launcher3" 1317d000
 wifi_ext@1.0-se-2831  [004] ....  1089.229956: do_anonymous_page: anonymous tgid 829 2831 "wifi_ext@1.0-se" 7fb9d6a000
 wifi_ext@1.0-se-2831  [004] ....  1089.229965: do_anonymous_page: anonymous tgid 829 2831 "wifi_ext@1.0-se" 7fb9d6b000
 wifi_ext@1.0-se-2831  [004] ....  1089.229974: do_anonymous_page: anonymous tgid 829 2831 "wifi_ext@1.0-se" 7fb9d74000
 wifi_ext@1.0-se-2831  [004] ....  1089.229977: do_anonymous_page: anonymous tgid 829 2831 "wifi_ext@1.0-se" 7fb9d75000
 wifi_ext@1.0-se-2831  [004] ....  1089.329253: do_anonymous_page: anonymous tgid 829 2831 "wifi_ext@1.0-se" 7fb9d6c000
 wifi_ext@1.0-se-2831  [004] ....  1089.329276: do_anonymous_page: anonymous tgid 829 2831 "wifi_ext@1.0-se" 7fb9d6d000
 wifi_ext@1.0-se-2831  [004] ....  1089.329298: do_anonymous_page: anonymous tgid 829 2831 "wifi_ext@1.0-se" 7fb9d76000
 wifi_ext@1.0-se-2831  [004] ....  1089.329305: do_anonymous_page: anonymous tgid 829 2831 "wifi_ext@1.0-se" 7fb9d77000
 wifi_ext@1.0-se-2831  [004] ....  1089.329312: do_anonymous_page: anonymous tgid 829 2831 "wifi_ext@1.0-se" 7fb9d78000
            QMon-6188  [004] ....  1089.545306: do_anonymous_page: anonymous tgid 2243 6188 "QMon" 1345b000
 PowerManagerSer-1374  [004] ....  1089.627892: do_anonymous_page: anonymous tgid 1334 1374 "PowerManagerSer" 13a37000
            QMon-6188  [004] ....  1090.064026: do_anonymous_page: anonymous tgid 2243 6188 "QMon" 1345c000
            QMon-6188  [004] ....  1090.582803: do_anonymous_page: anonymous tgid 2243 6188 "QMon" 1345d000
 PowerManagerSer-1374  [004] ....  1090.652044: do_anonymous_page: anonymous tgid 1334 1374 "PowerManagerSer" 13a38000
 wifi_ext@1.0-se-2831  [004] ....  1090.756746: do_anonymous_page: anonymous tgid 829 2831 "wifi_ext@1.0-se" 7fb9d6e000
 wifi_ext@1.0-se-2831  [004] ....  1090.756769: do_anonymous_page: anonymous tgid 829 2831 "wifi_ext@1.0-se" 7fb9d6f000
 wifi_ext@1.0-se-2831  [004] ....  1090.756792: do_anonymous_page: anonymous tgid 829 2831 "wifi_ext@1.0-se" 7fb9d79000
 wifi_ext@1.0-se-2831  [004] ....  1090.756798: do_anonymous_page: anonymous tgid 829 2831 "wifi_ext@1.0-se" 7fb9d7a000
            QMon-6188  [004] ....  1091.102331: do_anonymous_page: anonymous tgid 2243 6188 "QMon" 1345e000
 .android.chrome-5742  [004] ....  1091.463378: do_anonymous_page: anonymous tgid 5742 5742 ".android.chrome" 509ad000
 .android.chrome-5742  [004] ....  1091.463402: do_anonymous_page: anonymous tgid 5742 5742 ".android.chrome" 50495000
 .android.chrome-5742  [004] ....  1091.463474: do_anonymous_page: anonymous tgid 5742 5742 ".android.chrome" 4fe0e000
 .android.chrome-5742  [004] ....  1091.463490: do_anonymous_page: anonymous tgid 5742 5742 ".android.chrome" 5020c000
 .android.chrome-5742  [004] ....  1091.463498: do_anonymous_page: anonymous tgid 5742 5742 ".android.chrome" 501cc000
 PowerManagerSer-1374  [004] ....  1091.574372: do_anonymous_page: anonymous tgid 1334 1374 "PowerManagerSer" 13a39000
 LazyTaskWriterT-2373  [004] ....  1091.643772: do_anonymous_page: anonymous tgid 1334 2373 "LazyTaskWriterT" 75b92000
 LazyTaskWriterT-2373  [004] ....  1091.643806: do_anonymous_page: anonymous tgid 1334 2373 "LazyTaskWriterT" 75b44000
 LazyTaskWriterT-2373  [004] ....  1091.643834: do_anonymous_page: anonymous tgid 1334 2373 "LazyTaskWriterT" 13605000
 LazyTaskWriterT-2373  [004] ....  1091.643938: do_anonymous_page: anonymous tgid 1334 2373 "LazyTaskWriterT" 13606000
 LazyTaskWriterT-2373  [004] ....  1091.645090: do_anonymous_page: anonymous tgid 1334 2373 "LazyTaskWriterT" 13607000
 TaskSnapshotPer-1613  [004] ....  1091.660507: do_anonymous_page: anonymous tgid 1334 1613 "TaskSnapshotPer" 13647000
 LazyTaskWriterT-2373  [004] ....  1091.660796: do_anonymous_page: anonymous tgid 1334 2373 "LazyTaskWriterT" 13608000
 LazyTaskWriterT-2373  [004] ....  1091.661054: do_anonymous_page: anonymous tgid 1334 2373 "LazyTaskWriterT" 13609000
 .android.chrome-5742  [004] ....  1091.674448: do_anonymous_page: anonymous tgid 5742 5742 ".android.chrome" 5088c000
 .android.chrome-5742  [004] ....  1091.674465: do_anonymous_page: anonymous tgid 5742 5742 ".android.chrome" 5088d000
 .android.chrome-5742  [004] ....  1091.674793: do_anonymous_page: anonymous tgid 5742 5742 ".android.chrome" 4fb16000
 .android.chrome-5742  [004] ....  1091.674809: do_anonymous_page: anonymous tgid 5742 5742 ".android.chrome" 4fb17000
 .android.chrome-5742  [004] ....  1091.674832: do_anonymous_page: anonymous tgid 5742 5742 ".android.chrome" 4fee0000
 .android.chrome-5742  [004] ....  1091.674839: do_anonymous_page: anonymous tgid 5742 5742 ".android.chrome" 4fee1000
  NetworkService-5832  [004] ....  1091.677644: do_anonymous_page: anonymous tgid 5742 5832 "NetworkService" 50894000
  NetworkService-5832  [004] ....  1091.678533: do_anonymous_page: anonymous tgid 5742 5832 "NetworkService" 50897000
            netd-1105  [004] ....  1091.680209: do_anonymous_page: anonymous tgid 789 1105 "netd" 7fad327000
            netd-1105  [004] ....  1091.680233: do_anonymous_page: anonymous tgid 789 1105 "netd" 7fad326000
            netd-6461  [004] ....  1091.680655: do_anonymous_page: anonymous tgid 789 6461 "netd" 7fad324000
            netd-6461  [004] ....  1091.680686: do_anonymous_page: anonymous tgid 789 6461 "netd" 7fad323000
            netd-6461  [004] ....  1091.680733: do_anonymous_page: anonymous tgid 789 6461 "netd" 7fba27f000
            netd-6461  [004] ....  1091.680752: do_anonymous_page: anonymous tgid 789 6461 "netd" 7fad325000
            netd-6461  [004] ....  1091.680771: do_anonymous_page: anonymous tgid 789 6461 "netd" 7fba28c000
            netd-6461  [004] ....  1091.680774: do_anonymous_page: anonymous tgid 789 6461 "netd" 7fba28d000
            netd-6461  [004] ....  1091.680779: do_anonymous_page: anonymous tgid 789 6461 "netd" 7fba28e000
            netd-6461  [004] ....  1091.680784: do_anonymous_page: anonymous tgid 789 6461 "netd" 7fba28f000
            netd-6461  [004] ....  1091.680793: do_anonymous_page: anonymous tgid 789 6461 "netd" 7fba2a3000
            netd-6461  [004] ....  1091.680797: do_anonymous_page: anonymous tgid 789 6461 "netd" 7fba2a4000
            netd-6461  [004] ....  1091.680801: do_anonymous_page: anonymous tgid 789 6461 "netd" 7fba2a5000
            netd-6461  [004] ....  1091.680805: do_anonymous_page: anonymous tgid 789 6461 "netd" 7fba2a0000
            netd-6461  [004] ....  1091.680828: do_anonymous_page: anonymous tgid 789 6461 "netd" 7fad322000
  NetworkService-5832  [004] ....  1091.682426: do_anonymous_page: anonymous tgid 5742 5832 "NetworkService" 503c1000
  NetworkService-5832  [004] ....  1091.682460: do_anonymous_page: anonymous tgid 5742 5832 "NetworkService" 503c2000
  NetworkService-5832  [004] ....  1091.682781: do_anonymous_page: anonymous tgid 5742 5832 "NetworkService" 50a2c000
 wifi_ext@1.0-se-2831  [004] ....  1091.695846: do_anonymous_page: anonymous tgid 829 2831 "wifi_ext@1.0-se" 7fb9d70000
 wifi_ext@1.0-se-2831  [004] ....  1091.695860: do_anonymous_page: anonymous tgid 829 2831 "wifi_ext@1.0-se" 7fb9d7b000
 wifi_ext@1.0-se-2831  [004] ....  1091.695863: do_anonymous_page: anonymous tgid 829 2831 "wifi_ext@1.0-se" 7fb9d7c000
 wifi_ext@1.0-se-2831  [004] ....  1091.695866: do_anonymous_page: anonymous tgid 829 2831 "wifi_ext@1.0-se" 7fb9d7d000
  NetworkService-5832  [004] ....  1091.809681: do_anonymous_page: anonymous tgid 5742 5832 "NetworkService" 503c3000
  ClientModeImpl-1472  [004] ....  1091.848954: do_anonymous_page: anonymous tgid 1334 1472 "ClientModeImpl" 13b3a000
  ClientModeImpl-1472  [004] ....  1091.852071: do_anonymous_page: anonymous tgid 1334 1472 "ClientModeImpl" 13b3b000
  ClientModeImpl-1472  [004] ....  1091.852276: do_anonymous_page: anonymous tgid 1334 1472 "ClientModeImpl" 13b3c000
  ClientModeImpl-1472  [004] ....  1091.852439: do_anonymous_page: anonymous tgid 1334 1472 "ClientModeImpl" 13b3d000
 wifi_ext@1.0-se-2831  [004] ....  1091.853769: do_anonymous_page: anonymous tgid 829 2831 "wifi_ext@1.0-se" 7fb9d80000
 wifi_ext@1.0-se-2831  [004] ....  1091.853784: do_anonymous_page: anonymous tgid 829 2831 "wifi_ext@1.0-se" 7fb9d81000
 wifi_ext@1.0-se-2831  [004] ....  1091.854903: do_anonymous_page: anonymous tgid 829 2831 "wifi_ext@1.0-se" 7fb9d7e000
 wifi_ext@1.0-se-2831  [004] ....  1091.854919: do_anonymous_page: anonymous tgid 829 2831 "wifi_ext@1.0-se" 7fb9d7f000
  ClientModeImpl-1472  [004] ....  1091.855282: do_anonymous_page: anonymous tgid 1334 1472 "ClientModeImpl" 13b3e000
  ClientModeImpl-1472  [004] ....  1091.855636: do_anonymous_page: anonymous tgid 1334 1472 "ClientModeImpl" 13b3f000
  ClientModeImpl-1472  [004] ....  1091.855815: do_anonymous_page: anonymous tgid 1334 1472 "ClientModeImpl" 13b40000
 GoogleApiHandle-5781  [004] ....  1091.946355: do_anonymous_page: anonymous tgid 5742 5781 "GoogleApiHandle" 12fc2000
           <...>-1858  [004] ....  1091.947681: do_anonymous_page: anonymous tgid 1334 1858 "Binder:1334_8" 12f12000
           <...>-1858  [004] ....  1091.947891: do_anonymous_page: anonymous tgid 1334 1858 "Binder:1334_8" 12f13000
           <...>-1858  [004] ....  1091.948389: do_anonymous_page: anonymous tgid 1334 1858 "Binder:1334_8" 12f14000
   Binder:2582_2-2607  [004] ....  1091.966630: do_anonymous_page: anonymous tgid 2582 2607 "Binder:2582_2" 12cc8000
 gle.android.gms-2582  [004] ....  1091.966856: do_anonymous_page: anonymous tgid 2582 2582 "gle.android.gms" 12c94000
 gle.android.gms-2582  [004] ....  1091.967625: do_anonymous_page: anonymous tgid 2582 2582 "gle.android.gms" 12c95000
 gle.android.gms-2582  [004] ....  1091.967917: do_anonymous_page: anonymous tgid 2582 2582 "gle.android.gms" 12c96000
 gle.android.gms-2582  [004] ....  1091.968097: do_anonymous_page: anonymous tgid 2582 2582 "gle.android.gms" 12c97000
   Binder:2582_6-3578  [004] ....  1091.972011: do_anonymous_page: anonymous tgid 2582 3578 "Binder:2582_6" 12dc1000
   Binder:2582_6-3578  [004] ....  1091.972131: do_anonymous_page: anonymous tgid 2582 3578 "Binder:2582_6" 12dc2000
     highpool[1]-3466  [004] ....  1091.973393: do_anonymous_page: anonymous tgid 2582 3466 "highpool[1]" 12d41000
 gle.android.gms-2582  [004] ....  1091.974776: do_anonymous_page: anonymous tgid 2582 2582 "gle.android.gms" 12c98000
 wifi_ext@1.0-se-2831  [004] ....  1092.024557: do_anonymous_page: anonymous tgid 829 2831 "wifi_ext@1.0-se" 7fb9d82000
 wifi_ext@1.0-se-2831  [004] ....  1092.024573: do_anonymous_page: anonymous tgid 829 2831 "wifi_ext@1.0-se" 7fb9d83000
  NetworkService-5832  [004] ....  1092.026378: do_anonymous_page: anonymous tgid 5742 5832 "NetworkService" 5088f000
  NetworkService-5832  [004] ....  1092.027592: do_anonymous_page: anonymous tgid 5742 5832 "NetworkService" 4fd1c000
  NetworkService-5832  [004] ....  1092.027822: do_anonymous_page: anonymous tgid 5742 5832 "NetworkService" 508d0000
            QMon-6188  [004] ....  1092.138750: do_anonymous_page: anonymous tgid 2243 6188 "QMon" 1345f000
 wifi_ext@1.0-se-2831  [004] ....  1092.218560: do_anonymous_page: anonymous tgid 829 2831 "wifi_ext@1.0-se" 7fbb4c4000
 wifi_ext@1.0-se-2831  [004] ....  1092.218583: do_anonymous_page: anonymous tgid 829 2831 "wifi_ext@1.0-se" 7fbb4c5000
 PowerManagerSer-1374  [004] ....  1092.496768: do_anonymous_page: anonymous tgid 1334 1374 "PowerManagerSer" 13a3a000
            QMon-6188  [004] ....  1092.658253: do_anonymous_page: anonymous tgid 2243 6188 "QMon" 13460000
  CrRendererMain-5823  [004] ....  1092.690778: do_anonymous_page: anonymous tgid 5800 5823 "CrRendererMain" 3a6ed000
            QMon-6188  [004] ....  1093.175996: do_anonymous_page: anonymous tgid 2243 6188 "QMon" 13461000
           <...>-5856  [004] ....  1093.221339: do_anonymous_page: anonymous tgid 5833 5856 "CrGpuMain" 43a30000
 PowerManagerSer-1374  [004] ....  1093.519248: do_anonymous_page: anonymous tgid 1334 1374 "PowerManagerSer" 13a3b000
 .android.chrome-5742  [004] ....  1093.664213: do_anonymous_page: anonymous tgid 5742 5742 ".android.chrome" 12c5d000
 .android.chrome-5742  [004] ....  1093.664429: do_anonymous_page: anonymous tgid 5742 5742 ".android.chrome" 12c5e000
 .android.chrome-5742  [004] ....  1093.664499: do_anonymous_page: anonymous tgid 5742 5742 ".android.chrome" 12c5f000
 .android.chrome-5742  [004] ....  1093.664638: do_anonymous_page: anonymous tgid 5742 5742 ".android.chrome" 12c60000
            QMon-6188  [004] ....  1093.694890: do_anonymous_page: anonymous tgid 2243 6188 "QMon" 13462000
 queued-work-loo-5771  [004] ....  1093.765655: do_anonymous_page: anonymous tgid 5742 5771 "queued-work-loo" 13201000
 queued-work-loo-5771  [004] ....  1093.766205: do_anonymous_page: anonymous tgid 5742 5771 "queued-work-loo" eb4b2000
 queued-work-loo-5771  [004] ....  1093.766257: do_anonymous_page: anonymous tgid 5742 5771 "queued-work-loo" ebb75000
 queued-work-loo-5771  [004] ....  1093.766437: do_anonymous_page: anonymous tgid 5742 5771 "queued-work-loo" eb4b3000
 queued-work-loo-5771  [004] ....  1093.766561: do_anonymous_page: anonymous tgid 5742 5771 "queued-work-loo" eb4b4000
 queued-work-loo-5771  [004] ....  1093.766618: do_anonymous_page: anonymous tgid 5742 5771 "queued-work-loo" eb4b5000
 queued-work-loo-5771  [004] ....  1093.766693: do_anonymous_page: anonymous tgid 5742 5771 "queued-work-loo" eb4b6000
 queued-work-loo-5771  [004] ....  1093.766750: do_anonymous_page: anonymous tgid 5742 5771 "queued-work-loo" eb4b7000
 queued-work-loo-5771  [004] ....  1093.766808: do_anonymous_page: anonymous tgid 5742 5771 "queued-work-loo" eb4b8000
 queued-work-loo-5771  [004] ....  1093.766858: do_anonymous_page: anonymous tgid 5742 5771 "queued-work-loo" eb4b9000
 queued-work-loo-5771  [004] ....  1093.766906: do_anonymous_page: anonymous tgid 5742 5771 "queued-work-loo" eb4ba000
 queued-work-loo-5771  [004] ....  1093.766954: do_anonymous_page: anonymous tgid 5742 5771 "queued-work-loo" eb4bb000
 queued-work-loo-5771  [004] ....  1093.767001: do_anonymous_page: anonymous tgid 5742 5771 "queued-work-loo" eb4bc000
 queued-work-loo-5771  [004] ....  1093.767076: do_anonymous_page: anonymous tgid 5742 5771 "queued-work-loo" ebb76000
 queued-work-loo-5771  [004] ....  1093.767109: do_anonymous_page: anonymous tgid 5742 5771 "queued-work-loo" ebb77000
 queued-work-loo-5771  [004] ....  1093.767140: do_anonymous_page: anonymous tgid 5742 5771 "queued-work-loo" ebb78000
 queued-work-loo-5771  [004] ....  1093.767170: do_anonymous_page: anonymous tgid 5742 5771 "queued-work-loo" ebb79000
 queued-work-loo-5771  [004] ....  1093.767199: do_anonymous_page: anonymous tgid 5742 5771 "queued-work-loo" ebb7a000
           <...>-2243  [004] ....  1093.776460: do_anonymous_page: anonymous tgid 2243 2243 ".gms.persistent" 12f9f000
  IpClient.wlan0-2844  [004] ....  1093.814837: do_anonymous_page: anonymous tgid 1758 2844 "IpClient.wlan0" 1324c000
  IpClient.wlan0-2844  [004] ....  1093.827639: do_anonymous_page: anonymous tgid 1758 2844 "IpClient.wlan0" 1324d000
  IpClient.wlan0-2844  [004] ....  1093.828006: do_anonymous_page: anonymous tgid 1758 2844 "IpClient.wlan0" 1324e000
  IpClient.wlan0-2844  [004] ....  1093.828072: do_anonymous_page: anonymous tgid 1758 2844 "IpClient.wlan0" 1324f000
  IpClient.wlan0-2844  [004] ....  1093.828130: do_anonymous_page: anonymous tgid 1758 2844 "IpClient.wlan0" 13250000
  IpClient.wlan0-2844  [004] ....  1093.828172: do_anonymous_page: anonymous tgid 1758 2844 "IpClient.wlan0" 13251000
  IpClient.wlan0-2844  [004] ....  1093.828344: do_anonymous_page: anonymous tgid 1758 2844 "IpClient.wlan0" 13252000
  IpClient.wlan0-2844  [004] ....  1093.828393: do_anonymous_page: anonymous tgid 1758 2844 "IpClient.wlan0" 13253000
  IpClient.wlan0-2844  [004] ....  1093.828446: do_anonymous_page: anonymous tgid 1758 2844 "IpClient.wlan0" 13254000
  IpClient.wlan0-2844  [004] ....  1093.828502: do_anonymous_page: anonymous tgid 1758 2844 "IpClient.wlan0" 13255000
  IpClient.wlan0-2844  [004] ....  1093.828548: do_anonymous_page: anonymous tgid 1758 2844 "IpClient.wlan0" 13256000
  IpClient.wlan0-2844  [004] ....  1093.828584: do_anonymous_page: anonymous tgid 1758 2844 "IpClient.wlan0" 13257000
 NasModemEndPoin-1499  [004] ....  1093.925605: do_anonymous_page: anonymous tgid 929 1499 "NasModemEndPoin" 7fb634c000
 PowerManagerSer-1374  [004] ....  1094.441059: do_anonymous_page: anonymous tgid 1334 1374 "PowerManagerSer" 13a3c000
            QMon-6188  [004] ....  1094.733409: do_anonymous_page: anonymous tgid 2243 6188 "QMon" 13463000
  ClientModeImpl-1472  [004] ....  1094.860037: do_anonymous_page: anonymous tgid 1334 1472 "ClientModeImpl" 13b41000
  ClientModeImpl-1472  [004] ....  1094.870730: do_anonymous_page: anonymous tgid 1334 1472 "ClientModeImpl" 13b42000
  ClientModeImpl-1472  [004] ....  1094.870942: do_anonymous_page: anonymous tgid 1334 1472 "ClientModeImpl" 13b43000
  ClientModeImpl-1472  [004] ....  1094.871074: do_anonymous_page: anonymous tgid 1334 1472 "ClientModeImpl" 13b44000
  ClientModeImpl-1472  [004] ....  1094.874384: do_anonymous_page: anonymous tgid 1334 1472 "ClientModeImpl" 13b45000
  ClientModeImpl-1472  [004] ....  1094.874545: do_anonymous_page: anonymous tgid 1334 1472 "ClientModeImpl" 13b46000
  ClientModeImpl-1472  [004] ....  1094.874650: do_anonymous_page: anonymous tgid 1334 1472 "ClientModeImpl" 13b47000
            QMon-6188  [004] ....  1095.251999: do_anonymous_page: anonymous tgid 2243 6188 "QMon" 13464000
 PowerManagerSer-1374  [004] ....  1095.364200: do_anonymous_page: anonymous tgid 1334 1374 "PowerManagerSer" 13a3d000
 .android.chrome-5742  [004] ....  1095.464121: do_anonymous_page: anonymous tgid 5742 5742 ".android.chrome" 509ad000
 .android.chrome-5742  [004] ....  1095.464147: do_anonymous_page: anonymous tgid 5742 5742 ".android.chrome" 50495000
 .android.chrome-5742  [004] ....  1095.464194: do_anonymous_page: anonymous tgid 5742 5742 ".android.chrome" 4fe0e000
 .android.chrome-5742  [004] ....  1095.464209: do_anonymous_page: anonymous tgid 5742 5742 ".android.chrome" 5020c000
 .android.chrome-5742  [004] ....  1095.464218: do_anonymous_page: anonymous tgid 5742 5742 ".android.chrome" 501cc000
            QMon-6188  [004] ....  1095.770689: do_anonymous_page: anonymous tgid 2243 6188 "QMon" 13465000
            QMon-6188  [004] ....  1096.288084: do_anonymous_page: anonymous tgid 2243 6188 "QMon" 13466000
 PowerManagerSer-1374  [004] ....  1096.387368: do_anonymous_page: anonymous tgid 1334 1374 "PowerManagerSer" 13a3e000
 NasModemEndPoin-1499  [004] ....  1096.802445: do_anonymous_page: anonymous tgid 929 1499 "NasModemEndPoin" 7fb634d000
 wifi_ext@1.0-se-2831  [004] ....  1096.812558: do_anonymous_page: anonymous tgid 829 2831 "wifi_ext@1.0-se" 7fbb4ef000
 wifi_ext@1.0-se-2831  [004] ....  1096.812578: do_anonymous_page: anonymous tgid 829 2831 "wifi_ext@1.0-se" 7fbb4f0000
 wifi_ext@1.0-se-2831  [004] ....  1096.812585: do_anonymous_page: anonymous tgid 829 2831 "wifi_ext@1.0-se" 7fbb4f1000
 wifi_ext@1.0-se-2831  [004] ....  1096.812590: do_anonymous_page: anonymous tgid 829 2831 "wifi_ext@1.0-se" 7fbb4f2000
 wifi_ext@1.0-se-2831  [004] ....  1096.812596: do_anonymous_page: anonymous tgid 829 2831 "wifi_ext@1.0-se" 7fbb4f3000
           <...>-5856  [004] ....  1097.222479: do_anonymous_page: anonymous tgid 5833 5856 "CrGpuMain" 43a30000
           <...>-5856  [004] ....  1097.222507: do_anonymous_page: anonymous tgid 5833 5856 "CrGpuMain" 4369d000
           <...>-5856  [004] ....  1097.222518: do_anonymous_page: anonymous tgid 5833 5856 "CrGpuMain" 43780000
 PowerManagerSer-1374  [004] ....  1097.307484: do_anonymous_page: anonymous tgid 1334 1374 "PowerManagerSer" 13a3f000
            QMon-6188  [004] ....  1097.326417: do_anonymous_page: anonymous tgid 2243 6188 "QMon" 13467000
            QMon-6188  [004] ....  1097.845099: do_anonymous_page: anonymous tgid 2243 6188 "QMon" 13468000
  ClientModeImpl-1472  [004] ....  1097.889955: do_anonymous_page: anonymous tgid 1334 1472 "ClientModeImpl" 13b48000
  ClientModeImpl-1472  [004] ....  1097.890148: do_anonymous_page: anonymous tgid 1334 1472 "ClientModeImpl" 13b49000
  ClientModeImpl-1472  [004] ....  1097.890333: do_anonymous_page: anonymous tgid 1334 1472 "ClientModeImpl" 13b4a000
  ClientModeImpl-1472  [004] ....  1097.893563: do_anonymous_page: anonymous tgid 1334 1472 "ClientModeImpl" 13b4b000
  ClientModeImpl-1472  [004] ....  1097.893826: do_anonymous_page: anonymous tgid 1334 1472 "ClientModeImpl" 13b4c000
  ClientModeImpl-1472  [004] ....  1097.893893: do_anonymous_page: anonymous tgid 1334 1472 "ClientModeImpl" 13b4d000
  ClientModeImpl-1472  [004] ....  1097.894703: do_anonymous_page: anonymous tgid 1334 1472 "ClientModeImpl" 13b4e000
 PowerManagerSer-1374  [004] ....  1098.230819: do_anonymous_page: anonymous tgid 1334 1374 "PowerManagerSer" 13c00000
            QMon-6188  [004] ....  1098.363896: do_anonymous_page: anonymous tgid 2243 6188 "QMon" 13469000
 .android.chrome-5742  [004] ....  1098.663703: do_anonymous_page: anonymous tgid 5742 5742 ".android.chrome" 12c61000
 .android.chrome-5742  [004] ....  1098.663799: do_anonymous_page: anonymous tgid 5742 5742 ".android.chrome" 12c62000
 .android.chrome-5742  [004] ....  1098.686449: do_anonymous_page: anonymous tgid 5742 5742 ".android.chrome" 50338000
 .android.chrome-5742  [004] ....  1098.686864: do_anonymous_page: anonymous tgid 5742 5742 ".android.chrome" 50339000
 .android.chrome-5742  [004] ....  1098.687182: do_anonymous_page: anonymous tgid 5742 5742 ".android.chrome" 5033a000
 .android.chrome-5742  [004] ....  1098.687492: do_anonymous_page: anonymous tgid 5742 5742 ".android.chrome" 5033b000
 .android.chrome-5742  [004] ....  1098.687807: do_anonymous_page: anonymous tgid 5742 5742 ".android.chrome" 5033c000
 .android.chrome-5742  [004] ....  1098.688113: do_anonymous_page: anonymous tgid 5742 5742 ".android.chrome" 5033d000
 .android.chrome-5742  [004] ....  1098.688360: do_anonymous_page: anonymous tgid 5742 5742 ".android.chrome" 5033e000
 .android.chrome-5742  [004] ....  1098.688644: do_anonymous_page: anonymous tgid 5742 5742 ".android.chrome" 5033f000
 .android.chrome-5742  [004] ....  1098.688959: do_anonymous_page: anonymous tgid 5742 5742 ".android.chrome" 50340000
 .android.chrome-5742  [004] ....  1098.689269: do_anonymous_page: anonymous tgid 5742 5742 ".android.chrome" 50341000
 .android.chrome-5742  [004] ....  1098.689582: do_anonymous_page: anonymous tgid 5742 5742 ".android.chrome" 50342000
 .android.chrome-5742  [004] ....  1098.689920: do_anonymous_page: anonymous tgid 5742 5742 ".android.chrome" 50343000
 .android.chrome-5742  [004] ....  1098.690234: do_anonymous_page: anonymous tgid 5742 5742 ".android.chrome" 50344000
 .android.chrome-5742  [004] ....  1098.690544: do_anonymous_page: anonymous tgid 5742 5742 ".android.chrome" 50345000
 .android.chrome-5742  [004] ....  1098.690852: do_anonymous_page: anonymous tgid 5742 5742 ".android.chrome" 50346000
 .android.chrome-5742  [004] ....  1098.691160: do_anonymous_page: anonymous tgid 5742 5742 ".android.chrome" 50347000
 .android.chrome-5742  [004] ....  1098.691475: do_anonymous_page: anonymous tgid 5742 5742 ".android.chrome" 50348000
 .android.chrome-5742  [004] ....  1098.691784: do_anonymous_page: anonymous tgid 5742 5742 ".android.chrome" 50349000
 .android.chrome-5742  [004] ....  1098.692095: do_anonymous_page: anonymous tgid 5742 5742 ".android.chrome" 5034a000
 .android.chrome-5742  [004] ....  1098.692399: do_anonymous_page: anonymous tgid 5742 5742 ".android.chrome" 5034b000
 .android.chrome-5742  [004] ....  1098.692700: do_anonymous_page: anonymous tgid 5742 5742 ".android.chrome" 5034c000
 .android.chrome-5742  [004] ....  1098.692995: do_anonymous_page: anonymous tgid 5742 5742 ".android.chrome" 5034d000
 .android.chrome-5742  [004] ....  1098.693337: do_anonymous_page: anonymous tgid 5742 5742 ".android.chrome" 5034e000
 .android.chrome-5742  [004] ....  1098.693644: do_anonymous_page: anonymous tgid 5742 5742 ".android.chrome" 5034f000
 .android.chrome-5742  [004] ....  1098.693949: do_anonymous_page: anonymous tgid 5742 5742 ".android.chrome" 50350000
 .android.chrome-5742  [004] ....  1098.694260: do_anonymous_page: anonymous tgid 5742 5742 ".android.chrome" 50351000
 .android.chrome-5742  [004] ....  1098.694572: do_anonymous_page: anonymous tgid 5742 5742 ".android.chrome" 50352000
 .android.chrome-5742  [004] ....  1098.694885: do_anonymous_page: anonymous tgid 5742 5742 ".android.chrome" 50353000
 .android.chrome-5742  [004] ....  1098.695196: do_anonymous_page: anonymous tgid 5742 5742 ".android.chrome" 50354000
 .android.chrome-5742  [004] ....  1098.695504: do_anonymous_page: anonymous tgid 5742 5742 ".android.chrome" 50355000
 .android.chrome-5742  [004] ....  1098.695812: do_anonymous_page: anonymous tgid 5742 5742 ".android.chrome" 50356000
 .android.chrome-5742  [004] ....  1098.696123: do_anonymous_page: anonymous tgid 5742 5742 ".android.chrome" 50357000
 .android.chrome-5742  [004] ....  1098.696429: do_anonymous_page: anonymous tgid 5742 5742 ".android.chrome" 50358000
 .android.chrome-5742  [004] ....  1098.696858: do_anonymous_page: anonymous tgid 5742 5742 ".android.chrome" 50359000
 .android.chrome-5742  [004] ....  1098.697173: do_anonymous_page: anonymous tgid 5742 5742 ".android.chrome" 5035a000
 .android.chrome-5742  [004] ....  1098.697482: do_anonymous_page: anonymous tgid 5742 5742 ".android.chrome" 5035b000
 .android.chrome-5742  [004] ....  1098.697787: do_anonymous_page: anonymous tgid 5742 5742 ".android.chrome" 5035c000
 .android.chrome-5742  [004] ....  1098.698092: do_anonymous_page: anonymous tgid 5742 5742 ".android.chrome" 5035d000
 .android.chrome-5742  [004] ....  1098.698528: do_anonymous_page: anonymous tgid 5742 5742 ".android.chrome" 4fb58000
 .android.chrome-5742  [004] ....  1098.698833: do_anonymous_page: anonymous tgid 5742 5742 ".android.chrome" 4fb59000
 .android.chrome-5742  [004] ....  1098.699088: do_anonymous_page: anonymous tgid 5742 5742 ".android.chrome" 4fb5a000
 .android.chrome-5742  [004] ....  1098.699325: do_anonymous_page: anonymous tgid 5742 5742 ".android.chrome" 4fb5b000
 .android.chrome-5742  [004] ....  1098.699572: do_anonymous_page: anonymous tgid 5742 5742 ".android.chrome" 4fb5c000
 queued-work-loo-5771  [004] ....  1098.764319: do_anonymous_page: anonymous tgid 5742 5771 "queued-work-loo" dd6b4000
 queued-work-loo-5771  [004] ....  1098.764378: do_anonymous_page: anonymous tgid 5742 5771 "queued-work-loo" eb50e000
 queued-work-loo-5771  [004] ....  1098.764449: do_anonymous_page: anonymous tgid 5742 5771 "queued-work-loo" 13202000
 queued-work-loo-5771  [004] ....  1098.764588: do_anonymous_page: anonymous tgid 5742 5771 "queued-work-loo" dd6b5000
 queued-work-loo-5771  [004] ....  1098.764652: do_anonymous_page: anonymous tgid 5742 5771 "queued-work-loo" dd6b6000
 queued-work-loo-5771  [004] ....  1098.764709: do_anonymous_page: anonymous tgid 5742 5771 "queued-work-loo" dd6b7000
 queued-work-loo-5771  [004] ....  1098.764786: do_anonymous_page: anonymous tgid 5742 5771 "queued-work-loo" dd6b8000
 queued-work-loo-5771  [004] ....  1098.764835: do_anonymous_page: anonymous tgid 5742 5771 "queued-work-loo" dd6b9000
 queued-work-loo-5771  [004] ....  1098.764895: do_anonymous_page: anonymous tgid 5742 5771 "queued-work-loo" dd6ba000
 queued-work-loo-5771  [004] ....  1098.764946: do_anonymous_page: anonymous tgid 5742 5771 "queued-work-loo" dd6bb000
 queued-work-loo-5771  [004] ....  1098.764995: do_anonymous_page: anonymous tgid 5742 5771 "queued-work-loo" dd6bc000
 queued-work-loo-5771  [004] ....  1098.765044: do_anonymous_page: anonymous tgid 5742 5771 "queued-work-loo" dd6bd000
 queued-work-loo-5771  [004] ....  1098.765091: do_anonymous_page: anonymous tgid 5742 5771 "queued-work-loo" dd6be000
 queued-work-loo-5771  [004] ....  1098.765173: do_anonymous_page: anonymous tgid 5742 5771 "queued-work-loo" eb50f000
 queued-work-loo-5771  [004] ....  1098.765206: do_anonymous_page: anonymous tgid 5742 5771 "queued-work-loo" eb510000
 queued-work-loo-5771  [004] ....  1098.765236: do_anonymous_page: anonymous tgid 5742 5771 "queued-work-loo" eb511000
 queued-work-loo-5771  [004] ....  1098.765265: do_anonymous_page: anonymous tgid 5742 5771 "queued-work-loo" eb512000
 queued-work-loo-5771  [004] ....  1098.765295: do_anonymous_page: anonymous tgid 5742 5771 "queued-work-loo" eb513000
            QMon-6188  [004] ....  1098.882534: do_anonymous_page: anonymous tgid 2243 6188 "QMon" 1346a000
  NetworkService-5832  [004] ....  1098.920836: do_anonymous_page: anonymous tgid 5742 5832 "NetworkService" 4fb16000
  NetworkService-5832  [004] ....  1098.922272: do_anonymous_page: anonymous tgid 5742 5832 "NetworkService" 4fb17000
 PowerManagerSer-1374  [004] ....  1099.151257: do_anonymous_page: anonymous tgid 1334 1374 "PowerManagerSer" 13c01000
 .android.chrome-5742  [004] ....  1099.464297: do_anonymous_page: anonymous tgid 5742 5742 ".android.chrome" 509ad000
 .android.chrome-5742  [004] ....  1099.464324: do_anonymous_page: anonymous tgid 5742 5742 ".android.chrome" 50495000
 .android.chrome-5742  [004] ....  1099.464373: do_anonymous_page: anonymous tgid 5742 5742 ".android.chrome" 4fe0e000
 .android.chrome-5742  [004] ....  1099.464387: do_anonymous_page: anonymous tgid 5742 5742 ".android.chrome" 5020c000
 .android.chrome-5742  [004] ....  1099.464395: do_anonymous_page: anonymous tgid 5742 5742 ".android.chrome" 501cc000
  CrRendererMain-5823  [004] ....  1099.701378: do_anonymous_page: anonymous tgid 5800 5823 "CrRendererMain" 3a6ee000
 ActivityManager-1364  [004] ....  1099.752975: do_anonymous_page: anonymous tgid 1334 1364 "ActivityManager" 12d49000
   Binder:1677_3-1706  [004] ....  1099.754250: do_anonymous_page: anonymous tgid 1677 1706 "Binder:1677_3" 12ec1000
 ndroid.systemui-1677  [004] ....  1099.754861: do_anonymous_page: anonymous tgid 1677 1677 "ndroid.systemui" 130aa000
 ndroid.systemui-1677  [004] ....  1099.757002: do_anonymous_page: anonymous tgid 1677 1677 "ndroid.systemui" 130ab000
 ndroid.systemui-1677  [004] ....  1099.757401: do_anonymous_page: anonymous tgid 1677 1677 "ndroid.systemui" 130ac000
 ndroid.systemui-1677  [004] ....  1099.758008: do_anonymous_page: anonymous tgid 1677 1677 "ndroid.systemui" 130ad000
    AlarmManager-1442  [004] ....  1099.762806: do_anonymous_page: anonymous tgid 1334 1442 "AlarmManager" 12cc4000
 ndroid.systemui-1677  [004] ....  1099.764861: do_anonymous_page: anonymous tgid 1677 1677 "ndroid.systemui" 130ae000
 ndroid.systemui-1677  [004] ....  1099.765361: do_anonymous_page: anonymous tgid 1677 1677 "ndroid.systemui" 130af000
 ndroid.systemui-1677  [004] ....  1099.765690: do_anonymous_page: anonymous tgid 1677 1677 "ndroid.systemui" 130b0000
 ndroid.systemui-1677  [004] ....  1099.776872: do_anonymous_page: anonymous tgid 1677 1677 "ndroid.systemui" 130b1000
    RenderThread-2126  [004] ....  1099.780245: do_anonymous_page: anonymous tgid 1677 2126 "RenderThread" 7eba1f2000
 ndroid.systemui-1677  [004] ....  1099.786422: do_anonymous_page: anonymous tgid 1677 1677 "ndroid.systemui" 130b2000
 composer@2.3-se-607   [004] ....  1099.802918: do_anonymous_page: anonymous tgid 607 607 "composer@2.3-se" 7fb5dce000
            QMon-6188  [004] ....  1099.920093: do_anonymous_page: anonymous tgid 2243 6188 "QMon" 1346b000
 PowerManagerSer-1374  [004] ....  1100.072989: do_anonymous_page: anonymous tgid 1334 1374 "PowerManagerSer" 13c02000
            QMon-6188  [004] ....  1100.438430: do_anonymous_page: anonymous tgid 2243 6188 "QMon" 1346c000
  CrRendererMain-5823  [004] ....  1100.702925: do_anonymous_page: anonymous tgid 5800 5823 "CrRendererMain" 472b6000
  CrRendererMain-5823  [004] ....  1100.702952: do_anonymous_page: anonymous tgid 5800 5823 "CrRendererMain" 472b4000
  CrRendererMain-5823  [004] ....  1100.702961: do_anonymous_page: anonymous tgid 5800 5823 "CrRendererMain" 472b5000
  ClientModeImpl-1472  [004] ....  1100.908256: do_anonymous_page: anonymous tgid 1334 1472 "ClientModeImpl" 13b4f000
  ClientModeImpl-1472  [004] ....  1100.908469: do_anonymous_page: anonymous tgid 1334 1472 "ClientModeImpl" 13b50000
  ClientModeImpl-1472  [004] ....  1100.908640: do_anonymous_page: anonymous tgid 1334 1472 "ClientModeImpl" 13b51000
  ClientModeImpl-1472  [004] ....  1100.911525: do_anonymous_page: anonymous tgid 1334 1472 "ClientModeImpl" 13b52000
  ClientModeImpl-1472  [004] ....  1100.911794: do_anonymous_page: anonymous tgid 1334 1472 "ClientModeImpl" 13b53000
  ClientModeImpl-1472  [004] ....  1100.911881: do_anonymous_page: anonymous tgid 1334 1472 "ClientModeImpl" 13b54000
            QMon-6188  [004] ....  1100.957184: do_anonymous_page: anonymous tgid 2243 6188 "QMon" 1346d000
 PowerManagerSer-1374  [004] ....  1100.995510: do_anonymous_page: anonymous tgid 1334 1374 "PowerManagerSer" 13c03000
           <...>-5856  [004] ....  1101.222469: do_anonymous_page: anonymous tgid 5833 5856 "CrGpuMain" 43a30000
           <...>-5856  [004] ....  1101.222506: do_anonymous_page: anonymous tgid 5833 5856 "CrGpuMain" 4369d000
           <...>-5856  [004] ....  1101.222516: do_anonymous_page: anonymous tgid 5833 5856 "CrGpuMain" 43780000
            QMon-6188  [004] ....  1101.476000: do_anonymous_page: anonymous tgid 2243 6188 "QMon" 1346e000
            QMon-6188  [004] ....  1101.994539: do_anonymous_page: anonymous tgid 2243 6188 "QMon" 1346f000
 PowerManagerSer-1374  [004] ....  1102.018041: do_anonymous_page: anonymous tgid 1334 1374 "PowerManagerSer" 13c04000
 NasModemEndPoin-1499  [004] ....  1102.125928: do_anonymous_page: anonymous tgid 929 1499 "NasModemEndPoin" 7fb634e000
 PowerManagerSer-1374  [004] ....  1102.939487: do_anonymous_page: anonymous tgid 1334 1374 "PowerManagerSer" 13c05000
            QMon-6188  [004] ....  1103.031986: do_anonymous_page: anonymous tgid 2243 6188 "QMon" 13470000
 .android.chrome-5742  [004] ....  1103.464622: do_anonymous_page: anonymous tgid 5742 5742 ".android.chrome" 509ad000
 .android.chrome-5742  [004] ....  1103.464670: do_anonymous_page: anonymous tgid 5742 5742 ".android.chrome" 50495000
 .android.chrome-5742  [004] ....  1103.464718: do_anonymous_page: anonymous tgid 5742 5742 ".android.chrome" 4fe0e000
 .android.chrome-5742  [004] ....  1103.464731: do_anonymous_page: anonymous tgid 5742 5742 ".android.chrome" 5020c000
 .android.chrome-5742  [004] ....  1103.464739: do_anonymous_page: anonymous tgid 5742 5742 ".android.chrome" 501cc000
            QMon-6188  [004] ....  1103.550566: do_anonymous_page: anonymous tgid 2243 6188 "QMon" 13471000
 PowerManagerSer-1374  [004] ....  1103.863019: do_anonymous_page: anonymous tgid 1334 1374 "PowerManagerSer" 13c06000
  ClientModeImpl-1472  [004] ....  1103.914668: do_anonymous_page: anonymous tgid 1334 1472 "ClientModeImpl" 13b55000
  ClientModeImpl-1472  [004] ....  1103.925884: do_anonymous_page: anonymous tgid 1334 1472 "ClientModeImpl" 13b56000
  ClientModeImpl-1472  [004] ....  1103.926081: do_anonymous_page: anonymous tgid 1334 1472 "ClientModeImpl" 13b57000
  ClientModeImpl-1472  [004] ....  1103.926245: do_anonymous_page: anonymous tgid 1334 1472 "ClientModeImpl" 13b58000
  ClientModeImpl-1472  [004] ....  1103.929692: do_anonymous_page: anonymous tgid 1334 1472 "ClientModeImpl" 13b59000
  ClientModeImpl-1472  [004] ....  1103.929987: do_anonymous_page: anonymous tgid 1334 1472 "ClientModeImpl" 13b5a000
  ClientModeImpl-1472  [004] ....  1103.930092: do_anonymous_page: anonymous tgid 1334 1472 "ClientModeImpl" 13b5b000
  ClientModeImpl-1472  [004] ....  1103.930804: do_anonymous_page: anonymous tgid 1334 1472 "ClientModeImpl" 7e6f9fd000
 ndroid.systemui-1677  [004] ....  1103.931361: do_anonymous_page: anonymous tgid 1677 1677 "ndroid.systemui" 130b3000
            QMon-6188  [004] ....  1104.068544: do_anonymous_page: anonymous tgid 2243 6188 "QMon" 13472000
            QMon-6188  [004] ....  1104.588068: do_anonymous_page: anonymous tgid 2243 6188 "QMon" 13473000
 PowerManagerSer-1374  [004] ....  1104.885377: do_anonymous_page: anonymous tgid 1334 1374 "PowerManagerSer" 13c07000
           <...>-5856  [004] ....  1105.223057: do_anonymous_page: anonymous tgid 5833 5856 "CrGpuMain" 43a30000
           <...>-5856  [004] ....  1105.223102: do_anonymous_page: anonymous tgid 5833 5856 "CrGpuMain" 4369d000
           <...>-5856  [004] ....  1105.223114: do_anonymous_page: anonymous tgid 5833 5856 "CrGpuMain" 43780000
            QMon-6188  [004] ....  1105.625095: do_anonymous_page: anonymous tgid 2243 6188 "QMon" 13474000
  CrRendererMain-5823  [004] ....  1105.708259: do_anonymous_page: anonymous tgid 5800 5823 "CrRendererMain" 3a6ef000
 PowerManagerSer-1374  [004] ....  1105.806352: do_anonymous_page: anonymous tgid 1334 1374 "PowerManagerSer" 13c08000
            QMon-6188  [004] ....  1106.142991: do_anonymous_page: anonymous tgid 2243 6188 "QMon" 13475000
            QMon-6188  [004] ....  1106.662490: do_anonymous_page: anonymous tgid 2243 6188 "QMon" 13476000
 PowerManagerSer-1374  [004] ....  1106.728642: do_anonymous_page: anonymous tgid 1334 1374 "PowerManagerSer" 13c09000
  ClientModeImpl-1472  [004] ....  1106.935415: do_anonymous_page: anonymous tgid 1334 1472 "ClientModeImpl" 13b5c000
  ClientModeImpl-1472  [004] ....  1106.946057: do_anonymous_page: anonymous tgid 1334 1472 "ClientModeImpl" 13b5d000
  ClientModeImpl-1472  [004] ....  1106.946255: do_anonymous_page: anonymous tgid 1334 1472 "ClientModeImpl" 13b5e000
  ClientModeImpl-1472  [004] ....  1106.946401: do_anonymous_page: anonymous tgid 1334 1472 "ClientModeImpl" 13b5f000
  ClientModeImpl-1472  [004] ....  1106.949525: do_anonymous_page: anonymous tgid 1334 1472 "ClientModeImpl" 13b60000
  ClientModeImpl-1472  [004] ....  1106.949699: do_anonymous_page: anonymous tgid 1334 1472 "ClientModeImpl" 13b61000
  ClientModeImpl-1472  [004] ....  1106.949891: do_anonymous_page: anonymous tgid 1334 1472 "ClientModeImpl" 13b62000
            QMon-6188  [004] ....  1107.181194: do_anonymous_page: anonymous tgid 2243 6188 "QMon" 13477000
 .android.chrome-5742  [004] ....  1107.464597: do_anonymous_page: anonymous tgid 5742 5742 ".android.chrome" 509ad000
 .android.chrome-5742  [004] ....  1107.464636: do_anonymous_page: anonymous tgid 5742 5742 ".android.chrome" 50495000
 .android.chrome-5742  [004] ....  1107.464682: do_anonymous_page: anonymous tgid 5742 5742 ".android.chrome" 4fe0e000
 .android.chrome-5742  [004] ....  1107.464696: do_anonymous_page: anonymous tgid 5742 5742 ".android.chrome" 5020c000
 .android.chrome-5742  [004] ....  1107.464702: do_anonymous_page: anonymous tgid 5742 5742 ".android.chrome" 501cc000
 PowerManagerSer-1374  [004] ....  1107.753519: do_anonymous_page: anonymous tgid 1334 1374 "PowerManagerSer" 13c0a000
            QMon-6188  [004] ....  1108.218758: do_anonymous_page: anonymous tgid 2243 6188 "QMon" 13478000
 PowerManagerSer-1374  [004] ....  1108.674323: do_anonymous_page: anonymous tgid 1334 1374 "PowerManagerSer" 13c0b000
            QMon-6188  [004] ....  1108.737278: do_anonymous_page: anonymous tgid 2243 6188 "QMon" 13479000
           <...>-5856  [004] ....  1109.223303: do_anonymous_page: anonymous tgid 5833 5856 "CrGpuMain" 43a30000
           <...>-5856  [004] ....  1109.223349: do_anonymous_page: anonymous tgid 5833 5856 "CrGpuMain" 4369d000
           <...>-5856  [004] ....  1109.223360: do_anonymous_page: anonymous tgid 5833 5856 "CrGpuMain" 43780000
            QMon-6188  [004] ....  1109.255988: do_anonymous_page: anonymous tgid 2243 6188 "QMon" 1347a000
 PowerManagerSer-1374  [004] ....  1109.595433: do_anonymous_page: anonymous tgid 1334 1374 "PowerManagerSer" 13c0c000
            QMon-6188  [004] ....  1109.774446: do_anonymous_page: anonymous tgid 2243 6188 "QMon" 1347b000
 NasModemEndPoin-1499  [004] ....  1109.812211: do_anonymous_page: anonymous tgid 929 1499 "NasModemEndPoin" 7fb638c000
  ClientModeImpl-1472  [004] ....  1109.965655: do_anonymous_page: anonymous tgid 1334 1472 "ClientModeImpl" 13b63000
  ClientModeImpl-1472  [004] ....  1109.965870: do_anonymous_page: anonymous tgid 1334 1472 "ClientModeImpl" 13b64000
  ClientModeImpl-1472  [004] ....  1109.966072: do_anonymous_page: anonymous tgid 1334 1472 "ClientModeImpl" 13b65000
  ClientModeImpl-1472  [004] ....  1109.968918: do_anonymous_page: anonymous tgid 1334 1472 "ClientModeImpl" 13b66000
  ClientModeImpl-1472  [004] ....  1109.969430: do_anonymous_page: anonymous tgid 1334 1472 "ClientModeImpl" 13b67000
  ClientModeImpl-1472  [004] ....  1109.969488: do_anonymous_page: anonymous tgid 1334 1472 "ClientModeImpl" 13b68000
  ClientModeImpl-1472  [004] ....  1109.970418: do_anonymous_page: anonymous tgid 1334 1472 "ClientModeImpl" 13b69000
 LIT-TimeoutSche-4990  [004] ....  1110.345366: do_anonymous_page: anonymous tgid 2582 4990 "LIT-TimeoutSche" 12e00000
 PowerManagerSer-1374  [004] ....  1110.618174: do_anonymous_page: anonymous tgid 1334 1374 "PowerManagerSer" 13c0d000
