       CrGpuMain-5856  [004] ....  2403.241751: do_anonymous_page: anonymous tgid 5833 5856 "CrGpuMain" 439c5000
       CrGpuMain-5856  [004] ....  2403.242278: do_anonymous_page: anonymous tgid 5833 5856 "CrGpuMain" 43aa1000
       CrGpuMain-5856  [004] ....  2403.242507: do_anonymous_page: anonymous tgid 5833 5856 "CrGpuMain" cac2b000
       CrGpuMain-5856  [004] ....  2403.242512: do_anonymous_page: anonymous tgid 5833 5856 "CrGpuMain" e218e000
       CrGpuMain-5856  [004] ....  2403.242556: do_anonymous_page: anonymous tgid 5833 5856 "CrGpuMain" cac2c000
       CrGpuMain-5856  [004] ....  2403.242729: do_anonymous_page: anonymous tgid 5833 5856 "CrGpuMain" 43aa2000
       CrGpuMain-5856  [004] ....  2403.243099: do_anonymous_page: anonymous tgid 5833 5856 "CrGpuMain" 43aa3000
       CrGpuMain-5856  [004] ....  2403.243166: do_anonymous_page: anonymous tgid 5833 5856 "CrGpuMain" cacb6000
       CrGpuMain-5856  [004] ....  2403.243191: do_anonymous_page: anonymous tgid 5833 5856 "CrGpuMain" cacb7000
       CrGpuMain-5856  [004] ....  2403.243205: do_anonymous_page: anonymous tgid 5833 5856 "CrGpuMain" cacb8000
       CrGpuMain-5856  [004] ....  2403.243385: do_anonymous_page: anonymous tgid 5833 5856 "CrGpuMain" cacb9000
       CrGpuMain-5856  [004] ....  2403.243725: do_anonymous_page: anonymous tgid 5833 5856 "CrGpuMain" 43aa4000
       CrGpuMain-5856  [004] ....  2403.243756: do_anonymous_page: anonymous tgid 5833 5856 "CrGpuMain" 4380c000
  NetworkService-5832  [004] ....  2403.283609: do_anonymous_page: anonymous tgid 5742 5832 "NetworkService" 4faa4000
  NetworkService-5832  [004] ....  2403.283618: do_anonymous_page: anonymous tgid 5742 5832 "NetworkService" 4faa5000
  NetworkService-5832  [004] ....  2403.284520: do_anonymous_page: anonymous tgid 5742 5832 "NetworkService" 4fb16000
  NetworkService-5832  [004] ....  2403.284525: do_anonymous_page: anonymous tgid 5742 5832 "NetworkService" 4fb17000
    android.anim-1358  [004] ....  2403.285847: do_anonymous_page: anonymous tgid 1334 1358 "android.anim" 12d4b000
 ndroid.systemui-1677  [004] ....  2403.286628: do_anonymous_page: anonymous tgid 1677 1677 "ndroid.systemui" 12c69000
 composer@2.3-se-607   [004] ....  2403.289753: do_anonymous_page: anonymous tgid 607 607 "composer@2.3-se" 7fbd135000
 composer@2.3-se-607   [004] ....  2403.289762: do_anonymous_page: anonymous tgid 607 607 "composer@2.3-se" 7fbd136000
 composer@2.3-se-607   [004] ....  2403.289764: do_anonymous_page: anonymous tgid 607 607 "composer@2.3-se" 7fbd137000
 composer@2.3-se-607   [004] ....  2403.289767: do_anonymous_page: anonymous tgid 607 607 "composer@2.3-se" 7fbd138000
 composer@2.3-se-607   [004] ....  2403.289770: do_anonymous_page: anonymous tgid 607 607 "composer@2.3-se" 7fbd139000
 composer@2.3-se-607   [004] ....  2403.289772: do_anonymous_page: anonymous tgid 607 607 "composer@2.3-se" 7fbd13a000
   Binder:2243_7-3579  [004] ....  2403.290146: do_anonymous_page: anonymous tgid 2243 3579 "Binder:2243_7" 13782000
   Binder:1334_8-1858  [004] ....  2403.298698: do_anonymous_page: anonymous tgid 1334 1858 "Binder:1334_8" 12e47000
 wifi_ext@1.0-se-2831  [004] ....  2403.300074: do_anonymous_page: anonymous tgid 829 2831 "wifi_ext@1.0-se" 7fb9cd0000
 wifi_ext@1.0-se-2831  [004] ....  2403.300084: do_anonymous_page: anonymous tgid 829 2831 "wifi_ext@1.0-se" 7fb9cd1000
 wifi_ext@1.0-se-2831  [004] ....  2403.300105: do_anonymous_page: anonymous tgid 829 2831 "wifi_ext@1.0-se" 7fb9cbf000
 wifi_ext@1.0-se-2831  [004] ....  2403.300108: do_anonymous_page: anonymous tgid 829 2831 "wifi_ext@1.0-se" 7fb9cc0000
 droid.launcher3-2009  [004] ....  2403.301844: do_anonymous_page: anonymous tgid 2009 2009 "droid.launcher3" 12f7c000
 droid.launcher3-2009  [004] ....  2403.302594: do_anonymous_page: anonymous tgid 2009 2009 "droid.launcher3" 12f7d000
            QMon-6188  [004] ....  2403.328265: do_anonymous_page: anonymous tgid 2243 6188 "QMon" 13be2000
 wifi_ext@1.0-se-2831  [004] ....  2403.551102: do_anonymous_page: anonymous tgid 829 2831 "wifi_ext@1.0-se" 7fb9cd2000
 wifi_ext@1.0-se-2831  [004] ....  2403.551123: do_anonymous_page: anonymous tgid 829 2831 "wifi_ext@1.0-se" 7fb9cc1000
 wifi_ext@1.0-se-2831  [004] ....  2403.551127: do_anonymous_page: anonymous tgid 829 2831 "wifi_ext@1.0-se" 7fb9cc2000
 wifi_ext@1.0-se-2831  [004] ....  2403.551131: do_anonymous_page: anonymous tgid 829 2831 "wifi_ext@1.0-se" 7fb9cc3000
 .android.chrome-5742  [004] ....  2403.643792: do_anonymous_page: anonymous tgid 5742 5742 ".android.chrome" 50495000
 .android.chrome-5742  [004] ....  2403.643843: do_anonymous_page: anonymous tgid 5742 5742 ".android.chrome" 4fe0e000
 .android.chrome-5742  [004] ....  2403.643859: do_anonymous_page: anonymous tgid 5742 5742 ".android.chrome" 5020c000
 .android.chrome-5742  [004] ....  2403.643864: do_anonymous_page: anonymous tgid 5742 5742 ".android.chrome" 501cc000
 PowerManagerSer-1374  [004] ....  2403.789465: do_anonymous_page: anonymous tgid 1334 1374 "PowerManagerSer" 135db000
            QMon-6188  [004] ....  2403.847182: do_anonymous_page: anonymous tgid 2243 6188 "QMon" 13be3000
 wifi_ext@1.0-se-2831  [004] ....  2403.908610: do_anonymous_page: anonymous tgid 829 2831 "wifi_ext@1.0-se" 7fb9cef000
 wifi_ext@1.0-se-2831  [004] ....  2403.908626: do_anonymous_page: anonymous tgid 829 2831 "wifi_ext@1.0-se" 7fb9cf0000
 wifi_ext@1.0-se-2831  [004] ....  2403.908642: do_anonymous_page: anonymous tgid 829 2831 "wifi_ext@1.0-se" 7fb9cc4000
 wifi_ext@1.0-se-2831  [004] ....  2403.908647: do_anonymous_page: anonymous tgid 829 2831 "wifi_ext@1.0-se" 7fb9cc5000
            QMon-6188  [004] ....  2404.366056: do_anonymous_page: anonymous tgid 2243 6188 "QMon" 13be4000
 PowerManagerSer-1374  [004] ....  2404.710525: do_anonymous_page: anonymous tgid 1334 1374 "PowerManagerSer" 135dc000
  CrRendererMain-5823  [004] ....  2404.894876: do_anonymous_page: anonymous tgid 5800 5823 "CrRendererMain" 3ffcf000
            QMon-6188  [004] ....  2404.895211: do_anonymous_page: anonymous tgid 2243 6188 "QMon" 13be5000
  ClientModeImpl-1472  [004] ....  2405.517040: do_anonymous_page: anonymous tgid 1334 1472 "ClientModeImpl" 1362d000
  ClientModeImpl-1472  [004] ....  2405.517244: do_anonymous_page: anonymous tgid 1334 1472 "ClientModeImpl" 1362e000
  ClientModeImpl-1472  [004] ....  2405.517407: do_anonymous_page: anonymous tgid 1334 1472 "ClientModeImpl" 1362f000
  ClientModeImpl-1472  [004] ....  2405.520218: do_anonymous_page: anonymous tgid 1334 1472 "ClientModeImpl" 13630000
  ClientModeImpl-1472  [004] ....  2405.520532: do_anonymous_page: anonymous tgid 1334 1472 "ClientModeImpl" 13631000
  ClientModeImpl-1472  [004] ....  2405.520625: do_anonymous_page: anonymous tgid 1334 1472 "ClientModeImpl" 13632000
 PowerManagerSer-1374  [004] ....  2405.632207: do_anonymous_page: anonymous tgid 1334 1374 "PowerManagerSer" 135dd000
 LazyTaskWriterT-2373  [004] ....  2405.851139: do_anonymous_page: anonymous tgid 1334 2373 "LazyTaskWriterT" 13740000
 LazyTaskWriterT-2373  [004] ....  2405.851181: do_anonymous_page: anonymous tgid 1334 2373 "LazyTaskWriterT" 75b81000
 LazyTaskWriterT-2373  [004] ....  2405.851194: do_anonymous_page: anonymous tgid 1334 2373 "LazyTaskWriterT" 75a61000
 LazyTaskWriterT-2373  [004] ....  2405.851304: do_anonymous_page: anonymous tgid 1334 2373 "LazyTaskWriterT" 13741000
 LazyTaskWriterT-2373  [004] ....  2405.852410: do_anonymous_page: anonymous tgid 1334 2373 "LazyTaskWriterT" 13742000
 LazyTaskWriterT-2373  [004] ....  2405.866928: do_anonymous_page: anonymous tgid 1334 2373 "LazyTaskWriterT" 13743000
 TaskSnapshotPer-1613  [004] ....  2405.867362: do_anonymous_page: anonymous tgid 1334 1613 "TaskSnapshotPer" 13186000
 LazyTaskWriterT-2373  [004] ....  2405.867926: do_anonymous_page: anonymous tgid 1334 2373 "LazyTaskWriterT" 13744000
 .android.chrome-5742  [004] ....  2405.899853: do_anonymous_page: anonymous tgid 5742 5742 ".android.chrome" 4fded000
 .android.chrome-5742  [004] ....  2405.899891: do_anonymous_page: anonymous tgid 5742 5742 ".android.chrome" 4fe27000
 .android.chrome-5742  [004] ....  2405.899899: do_anonymous_page: anonymous tgid 5742 5742 ".android.chrome" 4fe28000
  NetworkService-5832  [004] ....  2405.902998: do_anonymous_page: anonymous tgid 5742 5832 "NetworkService" 5041f000
  NetworkService-5832  [004] ....  2405.905090: do_anonymous_page: anonymous tgid 5742 5832 "NetworkService" 504a0000
  NetworkService-5832  [004] ....  2405.905136: do_anonymous_page: anonymous tgid 5742 5832 "NetworkService" 504a1000
            QMon-6188  [004] ....  2405.921866: do_anonymous_page: anonymous tgid 2243 6188 "QMon" 13be6000
  NetworkService-5832  [004] ....  2406.085085: do_anonymous_page: anonymous tgid 5742 5832 "NetworkService" 4faa4000
  NetworkService-5832  [004] ....  2406.085108: do_anonymous_page: anonymous tgid 5742 5832 "NetworkService" 4faa5000
  NetworkService-5832  [004] ....  2406.088066: do_anonymous_page: anonymous tgid 5742 5832 "NetworkService" 4fd44000
  NetworkService-5832  [004] ....  2406.088082: do_anonymous_page: anonymous tgid 5742 5832 "NetworkService" 4fd45000
  NetworkService-5832  [004] ....  2406.088135: do_anonymous_page: anonymous tgid 5742 5832 "NetworkService" 50aa1000
  NetworkService-5832  [004] ....  2406.226192: do_anonymous_page: anonymous tgid 5742 5832 "NetworkService" 4fd1c000
  NetworkService-5832  [004] ....  2406.226780: do_anonymous_page: anonymous tgid 5742 5832 "NetworkService" 508d0000
  NetworkService-5832  [004] ....  2406.227116: do_anonymous_page: anonymous tgid 5742 5832 "NetworkService" 50e64000
            QMon-6188  [004] ....  2406.441471: do_anonymous_page: anonymous tgid 2243 6188 "QMon" 13be7000
 PowerManagerSer-1374  [004] ....  2406.656751: do_anonymous_page: anonymous tgid 1334 1374 "PowerManagerSer" 135de000
            QMon-6188  [004] ....  2406.960539: do_anonymous_page: anonymous tgid 2243 6188 "QMon" 13be8000
            QMon-6188  [004] ....  2407.477788: do_anonymous_page: anonymous tgid 2243 6188 "QMon" 13be9000
 PowerManagerSer-1374  [004] ....  2407.578048: do_anonymous_page: anonymous tgid 1334 1374 "PowerManagerSer" 135df000
 .android.chrome-5742  [004] ....  2407.643903: do_anonymous_page: anonymous tgid 5742 5742 ".android.chrome" 50495000
 .android.chrome-5742  [004] ....  2407.643977: do_anonymous_page: anonymous tgid 5742 5742 ".android.chrome" 4fe0e000
 .android.chrome-5742  [004] ....  2407.644031: do_anonymous_page: anonymous tgid 5742 5742 ".android.chrome" 5020c000
 .android.chrome-5742  [004] ....  2407.644040: do_anonymous_page: anonymous tgid 5742 5742 ".android.chrome" 501cc000
 .android.chrome-5742  [004] ....  2407.879047: do_anonymous_page: anonymous tgid 5742 5742 ".android.chrome" 12c9e000
 .android.chrome-5742  [004] ....  2407.879294: do_anonymous_page: anonymous tgid 5742 5742 ".android.chrome" 12c9f000
 .android.chrome-5742  [004] ....  2407.879369: do_anonymous_page: anonymous tgid 5742 5742 ".android.chrome" 12ca0000
 .android.chrome-5742  [004] ....  2407.879416: do_anonymous_page: anonymous tgid 5742 5742 ".android.chrome" 12ca1000
 queued-work-loo-5771  [004] ....  2407.979737: do_anonymous_page: anonymous tgid 5742 5771 "queued-work-loo" 13081000
 queued-work-loo-5771  [004] ....  2407.980246: do_anonymous_page: anonymous tgid 5742 5771 "queued-work-loo" dd6b4000
 queued-work-loo-5771  [004] ....  2407.980295: do_anonymous_page: anonymous tgid 5742 5771 "queued-work-loo" eb50e000
 queued-work-loo-5771  [004] ....  2407.980482: do_anonymous_page: anonymous tgid 5742 5771 "queued-work-loo" dd6b5000
 queued-work-loo-5771  [004] ....  2407.980555: do_anonymous_page: anonymous tgid 5742 5771 "queued-work-loo" dd6b6000
 queued-work-loo-5771  [004] ....  2407.980614: do_anonymous_page: anonymous tgid 5742 5771 "queued-work-loo" dd6b7000
 queued-work-loo-5771  [004] ....  2407.980689: do_anonymous_page: anonymous tgid 5742 5771 "queued-work-loo" dd6b8000
 queued-work-loo-5771  [004] ....  2407.980740: do_anonymous_page: anonymous tgid 5742 5771 "queued-work-loo" dd6b9000
 queued-work-loo-5771  [004] ....  2407.980796: do_anonymous_page: anonymous tgid 5742 5771 "queued-work-loo" dd6ba000
 queued-work-loo-5771  [004] ....  2407.980854: do_anonymous_page: anonymous tgid 5742 5771 "queued-work-loo" dd6bb000
 queued-work-loo-5771  [004] ....  2407.980900: do_anonymous_page: anonymous tgid 5742 5771 "queued-work-loo" dd6bc000
 queued-work-loo-5771  [004] ....  2407.980948: do_anonymous_page: anonymous tgid 5742 5771 "queued-work-loo" dd6bd000
 queued-work-loo-5771  [004] ....  2407.980997: do_anonymous_page: anonymous tgid 5742 5771 "queued-work-loo" dd6be000
 queued-work-loo-5771  [004] ....  2407.981073: do_anonymous_page: anonymous tgid 5742 5771 "queued-work-loo" eb50f000
 queued-work-loo-5771  [004] ....  2407.981105: do_anonymous_page: anonymous tgid 5742 5771 "queued-work-loo" eb510000
 queued-work-loo-5771  [004] ....  2407.981136: do_anonymous_page: anonymous tgid 5742 5771 "queued-work-loo" eb511000
 queued-work-loo-5771  [004] ....  2407.981167: do_anonymous_page: anonymous tgid 5742 5771 "queued-work-loo" eb512000
 queued-work-loo-5771  [004] ....  2407.981198: do_anonymous_page: anonymous tgid 5742 5771 "queued-work-loo" eb513000
 .gms.persistent-2243  [004] ....  2407.994288: do_anonymous_page: anonymous tgid 2243 2243 ".gms.persistent" 13c0b000
      android.bg-1363  [004] .n..  2407.994991: do_anonymous_page: anonymous tgid 1334 1363 "android.bg" 13052000
  IpClient.wlan0-2844  [004] ....  2408.030071: do_anonymous_page: anonymous tgid 1758 2844 "IpClient.wlan0" 13386000
  IpClient.wlan0-2844  [004] ....  2408.030236: do_anonymous_page: anonymous tgid 1758 2844 "IpClient.wlan0" 13387000
  IpClient.wlan0-2844  [004] ....  2408.030320: do_anonymous_page: anonymous tgid 1758 2844 "IpClient.wlan0" 13388000
  IpClient.wlan0-2844  [004] ....  2408.030386: do_anonymous_page: anonymous tgid 1758 2844 "IpClient.wlan0" 13389000
  IpClient.wlan0-2844  [004] ....  2408.030442: do_anonymous_page: anonymous tgid 1758 2844 "IpClient.wlan0" 1338a000
  IpClient.wlan0-2844  [004] ....  2408.030533: do_anonymous_page: anonymous tgid 1758 2844 "IpClient.wlan0" 1338b000
  IpClient.wlan0-2844  [004] ....  2408.030677: do_anonymous_page: anonymous tgid 1758 2844 "IpClient.wlan0" 1338c000
  IpClient.wlan0-2844  [004] ....  2408.030749: do_anonymous_page: anonymous tgid 1758 2844 "IpClient.wlan0" 1338d000
  IpClient.wlan0-2844  [004] ....  2408.030804: do_anonymous_page: anonymous tgid 1758 2844 "IpClient.wlan0" 1338e000
  IpClient.wlan0-2844  [004] ....  2408.030846: do_anonymous_page: anonymous tgid 1758 2844 "IpClient.wlan0" 1338f000
  IpClient.wlan0-2844  [004] ....  2408.030902: do_anonymous_page: anonymous tgid 1758 2844 "IpClient.wlan0" 13390000
  IpClient.wlan0-2844  [004] ....  2408.030971: do_anonymous_page: anonymous tgid 1758 2844 "IpClient.wlan0" 13391000
 PowerManagerSer-1374  [004] ....  2408.498879: do_anonymous_page: anonymous tgid 1334 1374 "PowerManagerSer" 135e0000
 ActivityManager-1364  [004] ....  2408.503153: do_anonymous_page: anonymous tgid 1334 1364 "ActivityManager" 13105000
            QMon-6188  [004] ....  2408.515290: do_anonymous_page: anonymous tgid 2243 6188 "QMon" 13bea000
  ClientModeImpl-1472  [004] ....  2408.525963: do_anonymous_page: anonymous tgid 1334 1472 "ClientModeImpl" 13633000
  ClientModeImpl-1472  [004] ....  2408.534380: do_anonymous_page: anonymous tgid 1334 1472 "ClientModeImpl" 13634000
  ClientModeImpl-1472  [004] ....  2408.534593: do_anonymous_page: anonymous tgid 1334 1472 "ClientModeImpl" 13635000
  ClientModeImpl-1472  [004] ....  2408.534746: do_anonymous_page: anonymous tgid 1334 1472 "ClientModeImpl" 13636000
  ClientModeImpl-1472  [004] ....  2408.537772: do_anonymous_page: anonymous tgid 1334 1472 "ClientModeImpl" 13637000
  ClientModeImpl-1472  [004] ....  2408.537995: do_anonymous_page: anonymous tgid 1334 1472 "ClientModeImpl" 13638000
  ClientModeImpl-1472  [004] ....  2408.538089: do_anonymous_page: anonymous tgid 1334 1472 "ClientModeImpl" 13639000
     lowpool[36]-6766  [004] ....  2408.587823: do_anonymous_page: anonymous tgid 2243 6766 "lowpool[36]" 7ec5c0a000
     lowpool[36]-6766  [004] ....  2408.587853: do_anonymous_page: anonymous tgid 2243 6766 "lowpool[36]" 7ec5c09000
       Thread-67-7043  [004] ....  2408.588409: do_anonymous_page: anonymous tgid 2243 7043 "Thread-67" 7ec5c08000
       Thread-67-7043  [004] ....  2408.588662: do_anonymous_page: anonymous tgid 2243 7043 "Thread-67" 7f311dc000
       Thread-67-7043  [004] ....  2408.588680: do_anonymous_page: anonymous tgid 2243 7043 "Thread-67" 7ec5c07000
       Thread-67-7043  [004] ....  2408.588727: do_anonymous_page: anonymous tgid 2243 7043 "Thread-67" 13c80000
       Thread-67-7043  [004] ....  2408.625330: do_anonymous_page: anonymous tgid 2243 7043 "Thread-67" 13c81000
       Thread-67-7043  [004] ....  2408.625377: do_anonymous_page: anonymous tgid 2243 7043 "Thread-67" 7ec5c06000
 DeviceStorageMo-1483  [004] ....  2408.695386: do_anonymous_page: anonymous tgid 1334 1483 "DeviceStorageMo" 12c81000
            QMon-6188  [004] ....  2409.035064: do_anonymous_page: anonymous tgid 2243 6188 "QMon" 13beb000
 PowerManagerSer-1374  [004] ....  2409.523700: do_anonymous_page: anonymous tgid 1334 1374 "PowerManagerSer" 135e1000
            QMon-6188  [004] ....  2409.553744: do_anonymous_page: anonymous tgid 2243 6188 "QMon" 13bec000
 GlobalDispatchi-2717  [004] ....  2409.580001: do_anonymous_page: anonymous tgid 2582 2717 "GlobalDispatchi" 12f40000
           <...>-5120  [004] ....  2409.580759: do_anonymous_page: anonymous tgid 2582 5120 "lowpool[5]" 7eb3230000
           <...>-5120  [004] ....  2409.580788: do_anonymous_page: anonymous tgid 2582 5120 "lowpool[5]" 7eb322f000
       Thread-82-7044  [004] ....  2409.581284: do_anonymous_page: anonymous tgid 2582 7044 "Thread-82" 7eb322e000
       Thread-82-7044  [004] ....  2409.581500: do_anonymous_page: anonymous tgid 2582 7044 "Thread-82" 7f2dcb7000
       Thread-82-7044  [004] ....  2409.581525: do_anonymous_page: anonymous tgid 2582 7044 "Thread-82" 7eb322d000
       Thread-82-7044  [004] ....  2409.581573: do_anonymous_page: anonymous tgid 2582 7044 "Thread-82" 12f80000
       Thread-82-7044  [004] ....  2409.619029: do_anonymous_page: anonymous tgid 2582 7044 "Thread-82" 7eb322c000
   Binder:1334_7-1857  [004] ....  2409.695948: do_anonymous_page: anonymous tgid 1334 1857 "Binder:1334_7" 12cd0000
         SysUiBg-2059  [004] ....  2409.781843: do_anonymous_page: anonymous tgid 1677 2059 "SysUiBg" 12dc1000
            QMon-6188  [004] ....  2410.072354: do_anonymous_page: anonymous tgid 2243 6188 "QMon" 13bed000
 PowerManagerSer-1374  [004] ....  2410.445490: do_anonymous_page: anonymous tgid 1334 1374 "PowerManagerSer" 135e2000
            QMon-6188  [004] ....  2410.590823: do_anonymous_page: anonymous tgid 2243 6188 "QMon" 13bee000
  CrRendererMain-5823  [004] ....  2410.905822: do_anonymous_page: anonymous tgid 5800 5823 "CrRendererMain" 5f19a000
       CrGpuMain-5856  [004] ....  2410.918707: do_anonymous_page: anonymous tgid 5833 5856 "CrGpuMain" 43a30000
       CrGpuMain-5856  [004] ....  2410.918754: do_anonymous_page: anonymous tgid 5833 5856 "CrGpuMain" 4369d000
            QMon-6188  [004] ....  2411.110110: do_anonymous_page: anonymous tgid 2243 6188 "QMon" 13bef000
 PowerManagerSer-1374  [004] ....  2411.366809: do_anonymous_page: anonymous tgid 1334 1374 "PowerManagerSer" 135e3000
  ClientModeImpl-1472  [004] ....  2411.554771: do_anonymous_page: anonymous tgid 1334 1472 "ClientModeImpl" 1363a000
  ClientModeImpl-1472  [004] ....  2411.554976: do_anonymous_page: anonymous tgid 1334 1472 "ClientModeImpl" 1363b000
  ClientModeImpl-1472  [004] ....  2411.555178: do_anonymous_page: anonymous tgid 1334 1472 "ClientModeImpl" 1363c000
  ClientModeImpl-1472  [004] ....  2411.558212: do_anonymous_page: anonymous tgid 1334 1472 "ClientModeImpl" 1363d000
  ClientModeImpl-1472  [004] ....  2411.558526: do_anonymous_page: anonymous tgid 1334 1472 "ClientModeImpl" 1363e000
  ClientModeImpl-1472  [004] ....  2411.558636: do_anonymous_page: anonymous tgid 1334 1472 "ClientModeImpl" 1363f000
  ClientModeImpl-1472  [004] ....  2411.559722: do_anonymous_page: anonymous tgid 1334 1472 "ClientModeImpl" 13780000
 .android.chrome-5742  [004] ....  2411.644197: do_anonymous_page: anonymous tgid 5742 5742 ".android.chrome" 50495000
 .android.chrome-5742  [004] ....  2411.644291: do_anonymous_page: anonymous tgid 5742 5742 ".android.chrome" 4faa4000
 .android.chrome-5742  [004] ....  2411.644303: do_anonymous_page: anonymous tgid 5742 5742 ".android.chrome" 4fe0e000
 .android.chrome-5742  [004] ....  2411.644319: do_anonymous_page: anonymous tgid 5742 5742 ".android.chrome" 5020c000
 .android.chrome-5742  [004] ....  2411.644326: do_anonymous_page: anonymous tgid 5742 5742 ".android.chrome" 501cc000
  CrRendererMain-5823  [004] ....  2411.907978: do_anonymous_page: anonymous tgid 5800 5823 "CrRendererMain" 3ffd0000
            QMon-6188  [004] ....  2412.146850: do_anonymous_page: anonymous tgid 2243 6188 "QMon" 13bf0000
 GoogleApiHandle-5781  [004] ....  2412.387024: do_anonymous_page: anonymous tgid 5742 5781 "GoogleApiHandle" 12c42000
   Binder:1334_7-1857  [004] ....  2412.388019: do_anonymous_page: anonymous tgid 1334 1857 "Binder:1334_7" 12cd1000
 PowerManagerSer-1374  [004] ....  2412.388356: do_anonymous_page: anonymous tgid 1334 1374 "PowerManagerSer" 135e4000
   Binder:1334_7-1857  [004] ....  2412.388869: do_anonymous_page: anonymous tgid 1334 1857 "Binder:1334_7" 12cd2000
   Binder:1334_7-1857  [004] ....  2412.396856: do_anonymous_page: anonymous tgid 1334 1857 "Binder:1334_7" 12cd3000
   Binder:2582_9-4871  [004] ....  2412.401567: do_anonymous_page: anonymous tgid 2582 4871 "Binder:2582_9" 12cc4000
 gle.android.gms-2582  [004] ....  2412.401750: do_anonymous_page: anonymous tgid 2582 2582 "gle.android.gms" 12c94000
 gle.android.gms-2582  [004] ....  2412.402289: do_anonymous_page: anonymous tgid 2582 2582 "gle.android.gms" 12c95000
 gle.android.gms-2582  [004] ....  2412.402426: do_anonymous_page: anonymous tgid 2582 2582 "gle.android.gms" 12c96000
 gle.android.gms-2582  [004] ....  2412.402562: do_anonymous_page: anonymous tgid 2582 2582 "gle.android.gms" 12c97000
     logd.writer-576   [004] ....  2412.404820: do_anonymous_page: anonymous tgid 559 576 "logd.writer" 7fb419e000
   Binder:2582_6-3578  [004] ....  2412.407327: do_anonymous_page: anonymous tgid 2582 3578 "Binder:2582_6" 12c45000
   Binder:2582_6-3578  [004] ....  2412.407846: do_anonymous_page: anonymous tgid 2582 3578 "Binder:2582_6" 12c46000
   Binder:2582_6-3578  [004] ....  2412.407970: do_anonymous_page: anonymous tgid 2582 3578 "Binder:2582_6" 12c47000
     highpool[1]-3466  [004] ....  2412.408529: do_anonymous_page: anonymous tgid 2582 3466 "highpool[1]" 12d41000
   Binder:2582_9-4871  [004] ....  2412.409174: do_anonymous_page: anonymous tgid 2582 4871 "Binder:2582_9" 12cc5000
 gle.android.gms-2582  [004] ....  2412.409268: do_anonymous_page: anonymous tgid 2582 2582 "gle.android.gms" 12c98000
            QMon-6188  [004] ....  2412.665718: do_anonymous_page: anonymous tgid 2243 6188 "QMon" 13bf1000
 .android.chrome-5742  [004] ....  2412.875836: do_anonymous_page: anonymous tgid 5742 5742 ".android.chrome" 12ca2000
 .android.chrome-5742  [004] ....  2412.875953: do_anonymous_page: anonymous tgid 5742 5742 ".android.chrome" 12ca3000
 .android.chrome-5742  [004] ....  2412.911107: do_anonymous_page: anonymous tgid 5742 5742 ".android.chrome" 5008c000
 .android.chrome-5742  [004] ....  2412.911503: do_anonymous_page: anonymous tgid 5742 5742 ".android.chrome" 5008d000
 .android.chrome-5742  [004] ....  2412.911819: do_anonymous_page: anonymous tgid 5742 5742 ".android.chrome" 5008e000
 .android.chrome-5742  [004] ....  2412.912132: do_anonymous_page: anonymous tgid 5742 5742 ".android.chrome" 5008f000
 .android.chrome-5742  [004] ....  2412.912446: do_anonymous_page: anonymous tgid 5742 5742 ".android.chrome" 50090000
 .android.chrome-5742  [004] ....  2412.912754: do_anonymous_page: anonymous tgid 5742 5742 ".android.chrome" 50091000
 .android.chrome-5742  [004] ....  2412.913134: do_anonymous_page: anonymous tgid 5742 5742 ".android.chrome" 50092000
 .android.chrome-5742  [004] ....  2412.913446: do_anonymous_page: anonymous tgid 5742 5742 ".android.chrome" 50093000
 .android.chrome-5742  [004] ....  2412.913762: do_anonymous_page: anonymous tgid 5742 5742 ".android.chrome" 50094000
 .android.chrome-5742  [004] ....  2412.914073: do_anonymous_page: anonymous tgid 5742 5742 ".android.chrome" 50095000
 .android.chrome-5742  [004] ....  2412.914381: do_anonymous_page: anonymous tgid 5742 5742 ".android.chrome" 50096000
 .android.chrome-5742  [004] ....  2412.914685: do_anonymous_page: anonymous tgid 5742 5742 ".android.chrome" 50097000
 .android.chrome-5742  [004] ....  2412.914932: do_anonymous_page: anonymous tgid 5742 5742 ".android.chrome" 50098000
 .android.chrome-5742  [004] ....  2412.915210: do_anonymous_page: anonymous tgid 5742 5742 ".android.chrome" 50099000
 .android.chrome-5742  [004] ....  2412.915521: do_anonymous_page: anonymous tgid 5742 5742 ".android.chrome" 5009a000
 .android.chrome-5742  [004] ....  2412.915837: do_anonymous_page: anonymous tgid 5742 5742 ".android.chrome" 5009b000
 .android.chrome-5742  [004] ....  2412.916148: do_anonymous_page: anonymous tgid 5742 5742 ".android.chrome" 5009c000
 .android.chrome-5742  [004] ....  2412.916482: do_anonymous_page: anonymous tgid 5742 5742 ".android.chrome" 5009d000
 .android.chrome-5742  [004] ....  2412.916794: do_anonymous_page: anonymous tgid 5742 5742 ".android.chrome" 5009e000
 .android.chrome-5742  [004] ....  2412.917105: do_anonymous_page: anonymous tgid 5742 5742 ".android.chrome" 5009f000
 .android.chrome-5742  [004] ....  2412.917418: do_anonymous_page: anonymous tgid 5742 5742 ".android.chrome" 500a0000
 .android.chrome-5742  [004] ....  2412.917728: do_anonymous_page: anonymous tgid 5742 5742 ".android.chrome" 500a1000
 .android.chrome-5742  [004] ....  2412.918046: do_anonymous_page: anonymous tgid 5742 5742 ".android.chrome" 500a2000
 .android.chrome-5742  [004] ....  2412.918358: do_anonymous_page: anonymous tgid 5742 5742 ".android.chrome" 500a3000
 .android.chrome-5742  [004] ....  2412.918671: do_anonymous_page: anonymous tgid 5742 5742 ".android.chrome" 500a4000
 .android.chrome-5742  [004] ....  2412.918982: do_anonymous_page: anonymous tgid 5742 5742 ".android.chrome" 500a5000
 .android.chrome-5742  [004] ....  2412.919285: do_anonymous_page: anonymous tgid 5742 5742 ".android.chrome" 500a6000
 .android.chrome-5742  [004] ....  2412.919613: do_anonymous_page: anonymous tgid 5742 5742 ".android.chrome" 500a7000
 .android.chrome-5742  [004] ....  2412.919928: do_anonymous_page: anonymous tgid 5742 5742 ".android.chrome" 500a8000
 .android.chrome-5742  [004] ....  2412.920242: do_anonymous_page: anonymous tgid 5742 5742 ".android.chrome" 500a9000
 .android.chrome-5742  [004] ....  2412.920550: do_anonymous_page: anonymous tgid 5742 5742 ".android.chrome" 500aa000
 .android.chrome-5742  [004] ....  2412.920862: do_anonymous_page: anonymous tgid 5742 5742 ".android.chrome" 500ab000
 .android.chrome-5742  [004] ....  2412.921190: do_anonymous_page: anonymous tgid 5742 5742 ".android.chrome" 500ac000
 .android.chrome-5742  [004] ....  2412.921505: do_anonymous_page: anonymous tgid 5742 5742 ".android.chrome" 500ad000
 .android.chrome-5742  [004] ....  2412.921818: do_anonymous_page: anonymous tgid 5742 5742 ".android.chrome" 500ae000
 .android.chrome-5742  [004] ....  2412.922129: do_anonymous_page: anonymous tgid 5742 5742 ".android.chrome" 500af000
 .android.chrome-5742  [004] ....  2412.922439: do_anonymous_page: anonymous tgid 5742 5742 ".android.chrome" 500b0000
 .android.chrome-5742  [004] ....  2412.922750: do_anonymous_page: anonymous tgid 5742 5742 ".android.chrome" 500b1000
 .android.chrome-5742  [004] ....  2412.925126: do_anonymous_page: anonymous tgid 5742 5742 ".android.chrome" 500b2000
 .android.chrome-5742  [004] ....  2412.925441: do_anonymous_page: anonymous tgid 5742 5742 ".android.chrome" 500b3000
 .android.chrome-5742  [004] ....  2412.925751: do_anonymous_page: anonymous tgid 5742 5742 ".android.chrome" 500b4000
 .android.chrome-5742  [004] ....  2412.926055: do_anonymous_page: anonymous tgid 5742 5742 ".android.chrome" 500b5000
 .android.chrome-5742  [004] ....  2412.926408: do_anonymous_page: anonymous tgid 5742 5742 ".android.chrome" 500b6000
 .android.chrome-5742  [004] ....  2412.926905: do_anonymous_page: anonymous tgid 5742 5742 ".android.chrome" 500b7000
 .android.chrome-5742  [004] ....  2412.927356: do_anonymous_page: anonymous tgid 5742 5742 ".android.chrome" 4fb58000
 .android.chrome-5742  [004] ....  2412.927663: do_anonymous_page: anonymous tgid 5742 5742 ".android.chrome" 4fb59000
 .android.chrome-5742  [004] ....  2412.927920: do_anonymous_page: anonymous tgid 5742 5742 ".android.chrome" 4fb5a000
 .android.chrome-5742  [004] ....  2412.928159: do_anonymous_page: anonymous tgid 5742 5742 ".android.chrome" 4fb5b000
 .android.chrome-5742  [004] ....  2412.928406: do_anonymous_page: anonymous tgid 5742 5742 ".android.chrome" 4fb5c000
 queued-work-loo-5771  [004] ....  2412.977411: do_anonymous_page: anonymous tgid 5742 5771 "queued-work-loo" dd5dd000
 queued-work-loo-5771  [004] ....  2412.977474: do_anonymous_page: anonymous tgid 5742 5771 "queued-work-loo" eb483000
 queued-work-loo-5771  [004] ....  2412.977544: do_anonymous_page: anonymous tgid 5742 5771 "queued-work-loo" 13082000
 queued-work-loo-5771  [004] ....  2412.977694: do_anonymous_page: anonymous tgid 5742 5771 "queued-work-loo" dd5de000
 queued-work-loo-5771  [004] ....  2412.977765: do_anonymous_page: anonymous tgid 5742 5771 "queued-work-loo" dd5df000
 queued-work-loo-5771  [004] ....  2412.977828: do_anonymous_page: anonymous tgid 5742 5771 "queued-work-loo" dd5e0000
 queued-work-loo-5771  [004] ....  2412.977903: do_anonymous_page: anonymous tgid 5742 5771 "queued-work-loo" dd5e1000
 queued-work-loo-5771  [004] ....  2412.977955: do_anonymous_page: anonymous tgid 5742 5771 "queued-work-loo" dd5e2000
 queued-work-loo-5771  [004] ....  2412.978243: do_anonymous_page: anonymous tgid 5742 5771 "queued-work-loo" dd5e3000
 queued-work-loo-5771  [004] ....  2412.978308: do_anonymous_page: anonymous tgid 5742 5771 "queued-work-loo" dd5e4000
 queued-work-loo-5771  [004] ....  2412.978357: do_anonymous_page: anonymous tgid 5742 5771 "queued-work-loo" dd5e5000
 queued-work-loo-5771  [004] ....  2412.978407: do_anonymous_page: anonymous tgid 5742 5771 "queued-work-loo" dd5e6000
 queued-work-loo-5771  [004] ....  2412.978454: do_anonymous_page: anonymous tgid 5742 5771 "queued-work-loo" dd5e7000
 queued-work-loo-5771  [004] ....  2412.978539: do_anonymous_page: anonymous tgid 5742 5771 "queued-work-loo" eb484000
 queued-work-loo-5771  [004] ....  2412.978573: do_anonymous_page: anonymous tgid 5742 5771 "queued-work-loo" eb485000
 queued-work-loo-5771  [004] ....  2412.978603: do_anonymous_page: anonymous tgid 5742 5771 "queued-work-loo" eb486000
 queued-work-loo-5771  [004] ....  2412.978634: do_anonymous_page: anonymous tgid 5742 5771 "queued-work-loo" eb487000
 queued-work-loo-5771  [004] ....  2412.978665: do_anonymous_page: anonymous tgid 5742 5771 "queued-work-loo" eb488000
            QMon-6188  [004] ....  2413.184306: do_anonymous_page: anonymous tgid 2243 6188 "QMon" 13bf2000
  NetworkService-5832  [004] ....  2413.308164: do_anonymous_page: anonymous tgid 5742 5832 "NetworkService" 4faa4000
  NetworkService-5832  [004] ....  2413.308776: do_anonymous_page: anonymous tgid 5742 5832 "NetworkService" 4faa5000
 PowerManagerSer-1374  [004] ....  2413.310553: do_anonymous_page: anonymous tgid 1334 1374 "PowerManagerSer" 135e5000
  NetworkService-5832  [004] ....  2413.355827: do_anonymous_page: anonymous tgid 5742 5832 "NetworkService" 50aa1000
            QMon-6188  [004] ....  2413.701875: do_anonymous_page: anonymous tgid 2243 6188 "QMon" 13bf3000
 PowerManagerSer-1374  [004] ....  2414.232803: do_anonymous_page: anonymous tgid 1334 1374 "PowerManagerSer" 135e6000
  ClientModeImpl-1472  [004] ....  2414.575910: do_anonymous_page: anonymous tgid 1334 1472 "ClientModeImpl" 13781000
  ClientModeImpl-1472  [004] ....  2414.576122: do_anonymous_page: anonymous tgid 1334 1472 "ClientModeImpl" 13782000
  ClientModeImpl-1472  [004] ....  2414.576346: do_anonymous_page: anonymous tgid 1334 1472 "ClientModeImpl" 13783000
  ClientModeImpl-1472  [004] ....  2414.579934: do_anonymous_page: anonymous tgid 1334 1472 "ClientModeImpl" 13784000
  ClientModeImpl-1472  [004] ....  2414.580209: do_anonymous_page: anonymous tgid 1334 1472 "ClientModeImpl" 13785000
  ClientModeImpl-1472  [004] ....  2414.580299: do_anonymous_page: anonymous tgid 1334 1472 "ClientModeImpl" 13786000
            QMon-6188  [004] ....  2414.740357: do_anonymous_page: anonymous tgid 2243 6188 "QMon" 13bf4000
       CrGpuMain-5856  [004] ....  2414.919624: do_anonymous_page: anonymous tgid 5833 5856 "CrGpuMain" 43a30000
       CrGpuMain-5856  [004] ....  2414.919648: do_anonymous_page: anonymous tgid 5833 5856 "CrGpuMain" 4369d000
 PowerManagerSer-1374  [004] ....  2415.154119: do_anonymous_page: anonymous tgid 1334 1374 "PowerManagerSer" 135e7000
            QMon-6188  [004] ....  2415.257683: do_anonymous_page: anonymous tgid 2243 6188 "QMon" 13bf5000
 .android.chrome-5742  [004] ....  2415.645416: do_anonymous_page: anonymous tgid 5742 5742 ".android.chrome" 50495000
 .android.chrome-5742  [004] ....  2415.645490: do_anonymous_page: anonymous tgid 5742 5742 ".android.chrome" 4fe0e000
 .android.chrome-5742  [004] ....  2415.645507: do_anonymous_page: anonymous tgid 5742 5742 ".android.chrome" 5020c000
 .android.chrome-5742  [004] ....  2415.645515: do_anonymous_page: anonymous tgid 5742 5742 ".android.chrome" 501cc000
            QMon-6188  [004] ....  2415.777482: do_anonymous_page: anonymous tgid 2243 6188 "QMon" 13bf6000
 PowerManagerSer-1374  [004] ....  2416.177357: do_anonymous_page: anonymous tgid 1334 1374 "PowerManagerSer" 135e8000
            QMon-6188  [004] ....  2416.296719: do_anonymous_page: anonymous tgid 2243 6188 "QMon" 13bf7000
 PowerManagerSer-1374  [004] ....  2417.098183: do_anonymous_page: anonymous tgid 1334 1374 "PowerManagerSer" 135e9000
            QMon-6188  [004] ....  2417.333790: do_anonymous_page: anonymous tgid 2243 6188 "QMon" 13bf8000
  ClientModeImpl-1472  [004] ....  2417.585419: do_anonymous_page: anonymous tgid 1334 1472 "ClientModeImpl" 13787000
  ClientModeImpl-1472  [004] ....  2417.596324: do_anonymous_page: anonymous tgid 1334 1472 "ClientModeImpl" 13788000
  ClientModeImpl-1472  [004] ....  2417.596530: do_anonymous_page: anonymous tgid 1334 1472 "ClientModeImpl" 13789000
  ClientModeImpl-1472  [004] ....  2417.596680: do_anonymous_page: anonymous tgid 1334 1472 "ClientModeImpl" 1378a000
  ClientModeImpl-1472  [004] ....  2417.599807: do_anonymous_page: anonymous tgid 1334 1472 "ClientModeImpl" 1378b000
  ClientModeImpl-1472  [004] ....  2417.600056: do_anonymous_page: anonymous tgid 1334 1472 "ClientModeImpl" 1378c000
  ClientModeImpl-1472  [004] ....  2417.600157: do_anonymous_page: anonymous tgid 1334 1472 "ClientModeImpl" 1378d000
            QMon-6188  [004] ....  2417.852349: do_anonymous_page: anonymous tgid 2243 6188 "QMon" 13bf9000
  CrRendererMain-5823  [004] ....  2417.916347: do_anonymous_page: anonymous tgid 5800 5823 "CrRendererMain" 3ffd1000
 PowerManagerSer-1374  [004] ....  2418.020522: do_anonymous_page: anonymous tgid 1334 1374 "PowerManagerSer" 135ea000
            QMon-6188  [004] ....  2418.370784: do_anonymous_page: anonymous tgid 2243 6188 "QMon" 13bfa000
            QMon-6188  [004] ....  2418.889523: do_anonymous_page: anonymous tgid 2243 6188 "QMon" 13bfb000
  CrRendererMain-5823  [004] ....  2418.917116: do_anonymous_page: anonymous tgid 5800 5823 "CrRendererMain" 472f2000
  CrRendererMain-5823  [004] ....  2418.917158: do_anonymous_page: anonymous tgid 5800 5823 "CrRendererMain" 471cc000
  CrRendererMain-5823  [004] ....  2418.917179: do_anonymous_page: anonymous tgid 5800 5823 "CrRendererMain" 471cd000
  CrRendererMain-5823  [004] ....  2418.917246: do_anonymous_page: anonymous tgid 5800 5823 "CrRendererMain" 4752c000
  CrRendererMain-5823  [004] ....  2418.917257: do_anonymous_page: anonymous tgid 5800 5823 "CrRendererMain" 4752d000
  CrRendererMain-5823  [004] ....  2418.917265: do_anonymous_page: anonymous tgid 5800 5823 "CrRendererMain" 4752e000
  CrRendererMain-5823  [004] ....  2418.917273: do_anonymous_page: anonymous tgid 5800 5823 "CrRendererMain" 4752f000
  CrRendererMain-5823  [004] ....  2418.917281: do_anonymous_page: anonymous tgid 5800 5823 "CrRendererMain" 47530000
 ThreadPoolForeg-5876  [004] ....  2418.917933: do_anonymous_page: anonymous tgid 5800 5876 "ThreadPoolForeg" 471ce000
 ThreadPoolForeg-5876  [004] ....  2418.917954: do_anonymous_page: anonymous tgid 5800 5876 "ThreadPoolForeg" 471cf000
 ThreadPoolForeg-5876  [004] ....  2418.918108: do_anonymous_page: anonymous tgid 5800 5876 "ThreadPoolForeg" 474d4000
 ThreadPoolForeg-5876  [004] ....  2418.918125: do_anonymous_page: anonymous tgid 5800 5876 "ThreadPoolForeg" 474d5000
 ThreadPoolForeg-5876  [004] ....  2418.918132: do_anonymous_page: anonymous tgid 5800 5876 "ThreadPoolForeg" 474d6000
 ThreadPoolForeg-5876  [004] ....  2418.918171: do_anonymous_page: anonymous tgid 5800 5876 "ThreadPoolForeg" 474d7000
 ThreadPoolForeg-5876  [004] ....  2418.918444: do_anonymous_page: anonymous tgid 5800 5876 "ThreadPoolForeg" 474d8000
 ThreadPoolForeg-5876  [004] ....  2418.918477: do_anonymous_page: anonymous tgid 5800 5876 "ThreadPoolForeg" 46898000
 ThreadPoolForeg-5876  [004] ....  2418.918537: do_anonymous_page: anonymous tgid 5800 5876 "ThreadPoolForeg" 46899000
 ThreadPoolForeg-5876  [004] ....  2418.918576: do_anonymous_page: anonymous tgid 5800 5876 "ThreadPoolForeg" 4689a000
 ThreadPoolForeg-5876  [004] ....  2418.918806: do_anonymous_page: anonymous tgid 5800 5876 "ThreadPoolForeg" 47531000
 ThreadPoolForeg-5876  [004] ....  2418.918859: do_anonymous_page: anonymous tgid 5800 5876 "ThreadPoolForeg" 4689b000
       CrGpuMain-5856  [004] ....  2418.919072: do_anonymous_page: anonymous tgid 5833 5856 "CrGpuMain" 43a30000
       CrGpuMain-5856  [004] ....  2418.919111: do_anonymous_page: anonymous tgid 5833 5856 "CrGpuMain" 4369d000
 ThreadPoolForeg-5876  [004] ....  2418.919278: do_anonymous_page: anonymous tgid 5800 5876 "ThreadPoolForeg" 46a85000
 ThreadPoolForeg-5876  [004] ....  2418.919400: do_anonymous_page: anonymous tgid 5800 5876 "ThreadPoolForeg" 47532000
 ThreadPoolForeg-5876  [004] ....  2418.919917: do_anonymous_page: anonymous tgid 5800 5876 "ThreadPoolForeg" 4689c000
 ThreadPoolForeg-5876  [004] ....  2418.919935: do_anonymous_page: anonymous tgid 5800 5876 "ThreadPoolForeg" 47533000
 ThreadPoolForeg-5876  [004] ....  2418.920028: do_anonymous_page: anonymous tgid 5800 5876 "ThreadPoolForeg" 46a86000
 ThreadPoolForeg-5876  [004] ....  2418.920079: do_anonymous_page: anonymous tgid 5800 5876 "ThreadPoolForeg" 4689d000
 ThreadPoolForeg-5876  [004] ....  2418.920259: do_anonymous_page: anonymous tgid 5800 5876 "ThreadPoolForeg" 4689e000
 ThreadPoolForeg-5876  [004] ....  2418.920418: do_anonymous_page: anonymous tgid 5800 5876 "ThreadPoolForeg" 4689f000
 ThreadPoolForeg-5876  [004] ....  2418.920855: do_anonymous_page: anonymous tgid 5800 5876 "ThreadPoolForeg" 47524000
 ThreadPoolForeg-5876  [004] ....  2418.921369: do_anonymous_page: anonymous tgid 5800 5876 "ThreadPoolForeg" 46a87000
 ThreadPoolForeg-5876  [004] ....  2418.921403: do_anonymous_page: anonymous tgid 5800 5876 "ThreadPoolForeg" 46a88000
 ThreadPoolForeg-5876  [004] ....  2418.921574: do_anonymous_page: anonymous tgid 5800 5876 "ThreadPoolForeg" 47525000
 ThreadPoolForeg-5876  [004] ....  2418.921900: do_anonymous_page: anonymous tgid 5800 5876 "ThreadPoolForeg" 47526000
 ThreadPoolForeg-5876  [004] ....  2418.921980: do_anonymous_page: anonymous tgid 5800 5876 "ThreadPoolForeg" 47574000
 ThreadPoolForeg-5876  [004] ....  2418.921998: do_anonymous_page: anonymous tgid 5800 5876 "ThreadPoolForeg" 47575000
 ThreadPoolForeg-5876  [004] ....  2418.922253: do_anonymous_page: anonymous tgid 5800 5876 "ThreadPoolForeg" 474e4000
 ThreadPoolForeg-5876  [004] ....  2418.922267: do_anonymous_page: anonymous tgid 5800 5876 "ThreadPoolForeg" 474e5000
 ThreadPoolForeg-5876  [004] ....  2418.922374: do_anonymous_page: anonymous tgid 5800 5876 "ThreadPoolForeg" 47527000
 ThreadPoolForeg-5876  [004] ....  2418.922410: do_anonymous_page: anonymous tgid 5800 5876 "ThreadPoolForeg" 47528000
 ThreadPoolForeg-5876  [004] ....  2418.922446: do_anonymous_page: anonymous tgid 5800 5876 "ThreadPoolForeg" 47529000
 ThreadPoolForeg-5876  [004] ....  2418.922480: do_anonymous_page: anonymous tgid 5800 5876 "ThreadPoolForeg" 4752a000
 ThreadPoolForeg-5876  [004] ....  2418.922501: do_anonymous_page: anonymous tgid 5800 5876 "ThreadPoolForeg" 468b0000
 ThreadPoolForeg-5876  [004] ....  2418.922510: do_anonymous_page: anonymous tgid 5800 5876 "ThreadPoolForeg" 468b1000
 ThreadPoolForeg-5876  [004] ....  2418.922518: do_anonymous_page: anonymous tgid 5800 5876 "ThreadPoolForeg" 468b2000
 ThreadPoolForeg-5876  [004] ....  2418.922538: do_anonymous_page: anonymous tgid 5800 5876 "ThreadPoolForeg" 468b3000
 ThreadPoolForeg-5876  [004] ....  2418.922564: do_anonymous_page: anonymous tgid 5800 5876 "ThreadPoolForeg" 468b4000
 ThreadPoolForeg-5876  [004] ....  2418.922661: do_anonymous_page: anonymous tgid 5800 5876 "ThreadPoolForeg" 474e6000
 ThreadPoolForeg-5876  [004] ....  2418.922965: do_anonymous_page: anonymous tgid 5800 5876 "ThreadPoolForeg" 47747000
 ThreadPoolForeg-5876  [004] ....  2418.923309: do_anonymous_page: anonymous tgid 5800 5876 "ThreadPoolForeg" 468b5000
 ThreadPoolForeg-5876  [004] ....  2418.923507: do_anonymous_page: anonymous tgid 5800 5876 "ThreadPoolForeg" 468b6000
 ThreadPoolForeg-5876  [004] ....  2418.923536: do_anonymous_page: anonymous tgid 5800 5876 "ThreadPoolForeg" 468b7000
 ThreadPoolForeg-5876  [004] ....  2418.923686: do_anonymous_page: anonymous tgid 5800 5876 "ThreadPoolForeg" 47564000
 ThreadPoolForeg-5876  [004] ....  2418.923694: do_anonymous_page: anonymous tgid 5800 5876 "ThreadPoolForeg" 47565000
 ThreadPoolForeg-5876  [004] ....  2418.923711: do_anonymous_page: anonymous tgid 5800 5876 "ThreadPoolForeg" 47566000
 ThreadPoolForeg-5876  [004] ....  2418.923923: do_anonymous_page: anonymous tgid 5800 5876 "ThreadPoolForeg" 47567000
 ThreadPoolForeg-5876  [004] ....  2418.923984: do_anonymous_page: anonymous tgid 5800 5876 "ThreadPoolForeg" 47576000
 ThreadPoolForeg-5876  [004] ....  2418.923995: do_anonymous_page: anonymous tgid 5800 5876 "ThreadPoolForeg" 47577000
 ThreadPoolForeg-5876  [004] ....  2418.924005: do_anonymous_page: anonymous tgid 5800 5876 "ThreadPoolForeg" 4757c000
 ThreadPoolForeg-5876  [004] ....  2418.924177: do_anonymous_page: anonymous tgid 5800 5876 "ThreadPoolForeg" 46a89000
 ThreadPoolForeg-5876  [004] ....  2418.924234: do_anonymous_page: anonymous tgid 5800 5876 "ThreadPoolForeg" 4757d000
 ThreadPoolForeg-5876  [004] ....  2418.924312: do_anonymous_page: anonymous tgid 5800 5876 "ThreadPoolForeg" 47568000
 ThreadPoolForeg-5876  [004] ....  2418.924433: do_anonymous_page: anonymous tgid 5800 5876 "ThreadPoolForeg" 47569000
 ThreadPoolForeg-5876  [004] ....  2418.925264: do_anonymous_page: anonymous tgid 5800 5876 "ThreadPoolForeg" 4752b000
 ThreadPoolForeg-5876  [004] ....  2418.925622: do_anonymous_page: anonymous tgid 5800 5876 "ThreadPoolForeg" 46dfb000
 PowerManagerSer-1374  [004] ....  2419.044880: do_anonymous_page: anonymous tgid 1334 1374 "PowerManagerSer" 135eb000
 .android.chrome-5742  [004] ....  2419.647263: do_anonymous_page: anonymous tgid 5742 5742 ".android.chrome" 50495000
 .android.chrome-5742  [004] ....  2419.647340: do_anonymous_page: anonymous tgid 5742 5742 ".android.chrome" 4faa4000
 .android.chrome-5742  [004] ....  2419.647352: do_anonymous_page: anonymous tgid 5742 5742 ".android.chrome" 4fe0e000
 .android.chrome-5742  [004] ....  2419.647370: do_anonymous_page: anonymous tgid 5742 5742 ".android.chrome" 5020c000
 .android.chrome-5742  [004] ....  2419.647380: do_anonymous_page: anonymous tgid 5742 5742 ".android.chrome" 501cc000
 ActivityManager-1364  [004] ....  2419.752210: do_anonymous_page: anonymous tgid 1334 1364 "ActivityManager" 13106000
 ndroid.systemui-1677  [004] ....  2419.753690: do_anonymous_page: anonymous tgid 1677 1677 "ndroid.systemui" 12c6a000
 ndroid.systemui-1677  [004] ....  2419.755853: do_anonymous_page: anonymous tgid 1677 1677 "ndroid.systemui" 12c6b000
 ndroid.systemui-1677  [004] ....  2419.756192: do_anonymous_page: anonymous tgid 1677 1677 "ndroid.systemui" 12c6c000
 ndroid.systemui-1677  [004] ....  2419.757446: do_anonymous_page: anonymous tgid 1677 1677 "ndroid.systemui" 12c6d000
 ndroid.systemui-1677  [004] ....  2419.757898: do_anonymous_page: anonymous tgid 1677 1677 "ndroid.systemui" 12c6e000
 ndroid.systemui-1677  [004] ....  2419.758246: do_anonymous_page: anonymous tgid 1677 1677 "ndroid.systemui" 12c6f000
 ndroid.systemui-1677  [004] ....  2419.758536: do_anonymous_page: anonymous tgid 1677 1677 "ndroid.systemui" 12c70000
 ndroid.systemui-1677  [004] ....  2419.770965: do_anonymous_page: anonymous tgid 1677 1677 "ndroid.systemui" 12c71000
    RenderThread-2126  [004] ....  2419.774100: do_anonymous_page: anonymous tgid 1677 2126 "RenderThread" 7eba26b000
 ndroid.systemui-1677  [004] ....  2419.778935: do_anonymous_page: anonymous tgid 1677 1677 "ndroid.systemui" 12c72000
    RenderThread-2126  [004] ....  2419.782791: do_anonymous_page: anonymous tgid 1677 2126 "RenderThread" 7eba24f000
 composer@2.3-se-607   [004] ....  2419.791563: do_anonymous_page: anonymous tgid 607 607 "composer@2.3-se" 7fbd08a000
 composer@2.3-se-607   [004] ....  2419.791586: do_anonymous_page: anonymous tgid 607 607 "composer@2.3-se" 7fbd08b000
 composer@2.3-se-607   [004] ....  2419.792249: do_anonymous_page: anonymous tgid 607 607 "composer@2.3-se" 7fb5ddc000
            QMon-6188  [004] ....  2419.925770: do_anonymous_page: anonymous tgid 2243 6188 "QMon" 13bfc000
 PowerManagerSer-1374  [004] ....  2419.966098: do_anonymous_page: anonymous tgid 1334 1374 "PowerManagerSer" 135ec000
            QMon-6188  [004] ....  2420.445386: do_anonymous_page: anonymous tgid 2243 6188 "QMon" 13bfd000
  ClientModeImpl-1472  [004] ....  2420.618295: do_anonymous_page: anonymous tgid 1334 1472 "ClientModeImpl" 1378e000
  ClientModeImpl-1472  [004] ....  2420.618527: do_anonymous_page: anonymous tgid 1334 1472 "ClientModeImpl" 1378f000
  ClientModeImpl-1472  [004] ....  2420.618724: do_anonymous_page: anonymous tgid 1334 1472 "ClientModeImpl" 13790000
  ClientModeImpl-1472  [004] ....  2420.618837: do_anonymous_page: anonymous tgid 1334 1472 "ClientModeImpl" 13791000
  ClientModeImpl-1472  [004] ....  2420.622056: do_anonymous_page: anonymous tgid 1334 1472 "ClientModeImpl" 13792000
  ClientModeImpl-1472  [004] ....  2420.622118: do_anonymous_page: anonymous tgid 1334 1472 "ClientModeImpl" 13793000
  ClientModeImpl-1472  [004] ....  2420.623151: do_anonymous_page: anonymous tgid 1334 1472 "ClientModeImpl" 13794000
 PowerManagerSer-1374  [004] ....  2420.885286: do_anonymous_page: anonymous tgid 1334 1374 "PowerManagerSer" 135ed000
            QMon-6188  [004] ....  2420.964272: do_anonymous_page: anonymous tgid 2243 6188 "QMon" 13bfe000
            QMon-6188  [004] ....  2421.482837: do_anonymous_page: anonymous tgid 2243 6188 "QMon" 13bff000
 PowerManagerSer-1374  [004] ....  2421.910638: do_anonymous_page: anonymous tgid 1334 1374 "PowerManagerSer" 135ee000
        Thread-3-5457  [004] ....  2422.240787: do_anonymous_page: anonymous tgid 5391 5457 "Thread-3" 12c4c000
            QMon-6188  [004] ....  2422.519254: do_anonymous_page: anonymous tgid 2243 6188 "QMon" 14080000
 PowerManagerSer-1374  [004] ....  2422.831905: do_anonymous_page: anonymous tgid 1334 1374 "PowerManagerSer" 135ef000
       CrGpuMain-5856  [004] ....  2422.919374: do_anonymous_page: anonymous tgid 5833 5856 "CrGpuMain" 43a30000
       CrGpuMain-5856  [004] ....  2422.919417: do_anonymous_page: anonymous tgid 5833 5856 "CrGpuMain" 4369d000
            QMon-6188  [004] ....  2423.037617: do_anonymous_page: anonymous tgid 2243 6188 "QMon" 14081000
            netd-7040  [004] ....  2423.177019: do_anonymous_page: anonymous tgid 789 7040 "netd" 7fad424000
            netd-7040  [004] ....  2423.177041: do_anonymous_page: anonymous tgid 789 7040 "netd" 7fad423000
            QMon-6188  [004] ....  2423.557341: do_anonymous_page: anonymous tgid 2243 6188 "QMon" 14082000
  ClientModeImpl-1472  [004] ....  2423.637785: do_anonymous_page: anonymous tgid 1334 1472 "ClientModeImpl" 13795000
  ClientModeImpl-1472  [004] ....  2423.637991: do_anonymous_page: anonymous tgid 1334 1472 "ClientModeImpl" 13796000
  ClientModeImpl-1472  [004] ....  2423.638155: do_anonymous_page: anonymous tgid 1334 1472 "ClientModeImpl" 13797000
  ClientModeImpl-1472  [004] ....  2423.641260: do_anonymous_page: anonymous tgid 1334 1472 "ClientModeImpl" 13798000
  ClientModeImpl-1472  [004] ....  2423.641523: do_anonymous_page: anonymous tgid 1334 1472 "ClientModeImpl" 13799000
  ClientModeImpl-1472  [004] ....  2423.641610: do_anonymous_page: anonymous tgid 1334 1472 "ClientModeImpl" 1379a000
 .android.chrome-5742  [004] ....  2423.645728: do_anonymous_page: anonymous tgid 5742 5742 ".android.chrome" 50495000
 .android.chrome-5742  [004] ....  2423.645805: do_anonymous_page: anonymous tgid 5742 5742 ".android.chrome" 4faa4000
 .android.chrome-5742  [004] ....  2423.645816: do_anonymous_page: anonymous tgid 5742 5742 ".android.chrome" 4fe0e000
