           <...>-6413  [004] ....   390.902973: do_anonymous_page: anonymous tgid 6355 6413 "SentryAsyncConn" 12d64000
           <...>-6413  [004] ....   390.902986: do_anonymous_page: anonymous tgid 6355 6413 "SentryAsyncConn" 12d62000
           <...>-1907  [004] ....   390.903118: do_anonymous_page: anonymous tgid 1338 1907 "Binder:1338_6" 7f20e4e000
           <...>-1907  [004] ....   390.903137: do_anonymous_page: anonymous tgid 1338 1907 "Binder:1338_6" 14240000
           <...>-6690  [004] ....   390.905764: do_anonymous_page: anonymous tgid 888 6690 "Binder:888_5" f4a71000
           <...>-6690  [004] ....   390.905849: do_anonymous_page: anonymous tgid 888 6690 "Binder:888_5" f4375000
           <...>-1250  [004] ....   390.906813: do_anonymous_page: anonymous tgid 843 1250 "Binder:843_1" 7f245ee000
           <...>-1250  [004] ....   390.906820: do_anonymous_page: anonymous tgid 843 1250 "Binder:843_1" 7f245ed000
           <...>-1923  [004] ....   390.907258: do_anonymous_page: anonymous tgid 1338 1923 "Binder:1338_7" 13b53000
           <...>-1923  [004] ....   390.907343: do_anonymous_page: anonymous tgid 1338 1923 "Binder:1338_7" 13b54000
           <...>-1356  [004] ....   390.920031: do_anonymous_page: anonymous tgid 1338 1356 "Binder:1338_2" 13ea3000
    Binder:601_3-737   [004] ....   390.920168: do_anonymous_page: anonymous tgid 601 737 "Binder:601_3" 7fba616000
    Binder:601_3-737   [004] ....   390.920190: do_anonymous_page: anonymous tgid 601 737 "Binder:601_3" 7fba614000
    Binder:601_3-737   [004] ....   390.920196: do_anonymous_page: anonymous tgid 601 737 "Binder:601_3" 7fba615000
           <...>-6355  [004] ....   390.922442: do_anonymous_page: anonymous tgid 6355 6355 "ell.clashroyale" 12c87000
           <...>-6355  [004] ....   390.922563: do_anonymous_page: anonymous tgid 6355 6355 "ell.clashroyale" 12c88000
           <...>-2136  [004] ....   390.924006: do_anonymous_page: anonymous tgid 601 2136 "Binder:601_5" 7faa728000
           <...>-2136  [004] ....   390.924013: do_anonymous_page: anonymous tgid 601 2136 "Binder:601_5" 7faa726000
           <...>-2136  [004] ....   390.924020: do_anonymous_page: anonymous tgid 601 2136 "Binder:601_5" 7faa727000
           <...>-2136  [004] ....   390.924035: do_anonymous_page: anonymous tgid 601 2136 "Binder:601_5" 7fb7a4b000
           <...>-2136  [004] ....   390.924048: do_anonymous_page: anonymous tgid 601 2136 "Binder:601_5" 7faa817000
           <...>-2936  [004] ....   390.924753: do_anonymous_page: anonymous tgid 2936 2936 "android.vending" 12d40000
           <...>-2936  [004] ....   390.925039: do_anonymous_page: anonymous tgid 2936 2936 "android.vending" 12d41000
  surfaceflinger-601   [004] ....   390.925166: do_anonymous_page: anonymous tgid 601 601 "surfaceflinger" 7faa78b000
           <...>-6355  [004] ....   390.929237: do_anonymous_page: anonymous tgid 6355 6355 "ell.clashroyale" 7e94bdc000
           <...>-2136  [004] ....   390.929388: do_anonymous_page: anonymous tgid 601 2136 "Binder:601_5" 7faa812000
           <...>-2136  [004] ....   390.929392: do_anonymous_page: anonymous tgid 601 2136 "Binder:601_5" 7faa810000
           <...>-2136  [004] ....   390.929402: do_anonymous_page: anonymous tgid 601 2136 "Binder:601_5" 7faa811000
           <...>-2136  [004] ....   390.929581: do_anonymous_page: anonymous tgid 601 2136 "Binder:601_5" 7faa824000
           <...>-2136  [004] ....   390.929585: do_anonymous_page: anonymous tgid 601 2136 "Binder:601_5" 7faa822000
           <...>-2136  [004] ....   390.929593: do_anonymous_page: anonymous tgid 601 2136 "Binder:601_5" 7faa823000
           <...>-6355  [004] ....   390.929771: do_anonymous_page: anonymous tgid 6355 6355 "ell.clashroyale" 7e94bdd000
           <...>-6355  [004] ....   390.929818: do_anonymous_page: anonymous tgid 6355 6355 "ell.clashroyale" 7e94bde000
           <...>-6420  [004] ....   390.930369: do_anonymous_page: anonymous tgid 6355 6420 "hwuiTask1" 7f2f0c0000
           <...>-6420  [004] ....   390.930390: do_anonymous_page: anonymous tgid 6355 6420 "hwuiTask1" 7eba50c000
           <...>-6420  [004] ....   390.930395: do_anonymous_page: anonymous tgid 6355 6420 "hwuiTask1" 7eba50a000
    Binder:601_4-2119  [004] ....   390.931700: do_anonymous_page: anonymous tgid 601 2119 "Binder:601_4" 7fba610000
           <...>-6390  [004] ....   390.931767: do_anonymous_page: anonymous tgid 6355 6390 "RenderThread" 12e40000
           <...>-6390  [004] ....   390.931783: do_anonymous_page: anonymous tgid 6355 6390 "RenderThread" 7f3099a000
           <...>-1361  [004] ....   390.933106: do_anonymous_page: anonymous tgid 1338 1361 "android.anim" 1398b000
    Binder:601_3-737   [004] ....   390.933450: do_anonymous_page: anonymous tgid 601 737 "Binder:601_3" 7fba6f5000
    Binder:601_3-737   [004] ....   390.933455: do_anonymous_page: anonymous tgid 601 737 "Binder:601_3" 7fba6f3000
    Binder:601_3-737   [004] ....   390.933460: do_anonymous_page: anonymous tgid 601 737 "Binder:601_3" 7fba6f4000
    Binder:601_3-737   [004] ....   390.933471: do_anonymous_page: anonymous tgid 601 737 "Binder:601_3" 7fba637000
           <...>-1361  [004] ....   390.933664: do_anonymous_page: anonymous tgid 1338 1361 "android.anim" 1398c000
    Binder:601_3-737   [004] ....   390.933758: do_anonymous_page: anonymous tgid 601 737 "Binder:601_3" 7fba6f8000
    Binder:601_3-737   [004] ....   390.933763: do_anonymous_page: anonymous tgid 601 737 "Binder:601_3" 7fba6f6000
    Binder:601_3-737   [004] ....   390.933766: do_anonymous_page: anonymous tgid 601 737 "Binder:601_3" 7fba6f7000
           <...>-1361  [004] ....   390.933905: do_anonymous_page: anonymous tgid 1338 1361 "android.anim" 1398d000
           <...>-1361  [004] ....   390.934159: do_anonymous_page: anonymous tgid 1338 1361 "android.anim" 1398e000
    Binder:601_4-2119  [004] ....   390.934216: do_anonymous_page: anonymous tgid 601 2119 "Binder:601_4" 7fba72f000
    Binder:601_4-2119  [004] ....   390.934220: do_anonymous_page: anonymous tgid 601 2119 "Binder:601_4" 7fba72d000
    Binder:601_4-2119  [004] ....   390.934223: do_anonymous_page: anonymous tgid 601 2119 "Binder:601_4" 7fba72e000
           <...>-1361  [004] ....   390.934319: do_anonymous_page: anonymous tgid 1338 1361 "android.anim" 1398f000
           <...>-654   [004] ....   390.934372: do_anonymous_page: anonymous tgid 601 654 "Binder:601_2" 7faa860000
           <...>-654   [004] ....   390.934378: do_anonymous_page: anonymous tgid 601 654 "Binder:601_2" 7faa85e000
           <...>-654   [004] ....   390.934383: do_anonymous_page: anonymous tgid 601 654 "Binder:601_2" 7faa85f000
           <...>-1361  [004] ....   390.934584: do_anonymous_page: anonymous tgid 1338 1361 "android.anim" 13990000
           <...>-1361  [004] ....   390.935770: do_anonymous_page: anonymous tgid 1338 1361 "android.anim" 13991000
    Binder:601_3-737   [004] ....   390.935921: do_anonymous_page: anonymous tgid 601 737 "Binder:601_3" 7fba702000
    Binder:601_3-737   [004] ....   390.935925: do_anonymous_page: anonymous tgid 601 737 "Binder:601_3" 7fba700000
    Binder:601_3-737   [004] ....   390.935929: do_anonymous_page: anonymous tgid 601 737 "Binder:601_3" 7fba701000
           <...>-1361  [004] ....   390.936053: do_anonymous_page: anonymous tgid 1338 1361 "android.anim" 13992000
  surfaceflinger-601   [004] ....   390.936366: do_anonymous_page: anonymous tgid 601 601 "surfaceflinger" 7faa78c000
  surfaceflinger-601   [004] ....   390.936525: do_anonymous_page: anonymous tgid 601 601 "surfaceflinger" 7fb75ba000
  surfaceflinger-601   [004] ....   390.936527: do_anonymous_page: anonymous tgid 601 601 "surfaceflinger" 7fb75bb000
           <...>-1344  [004] ....   390.937322: do_anonymous_page: anonymous tgid 1338 1344 "Jit thread pool" 7f296f1000
           <...>-1344  [004] ....   390.937337: do_anonymous_page: anonymous tgid 1338 1344 "Jit thread pool" 7f20d38000
           <...>-1344  [004] ....   390.937340: do_anonymous_page: anonymous tgid 1338 1344 "Jit thread pool" 7f296f2000
           <...>-1344  [004] ....   390.937344: do_anonymous_page: anonymous tgid 1338 1344 "Jit thread pool" 7f296f3000
           <...>-1344  [004] ....   390.937380: do_anonymous_page: anonymous tgid 1338 1344 "Jit thread pool" 7f296f4000
           <...>-1344  [004] ....   390.937407: do_anonymous_page: anonymous tgid 1338 1344 "Jit thread pool" 7f296f5000
           <...>-1344  [004] ....   390.937424: do_anonymous_page: anonymous tgid 1338 1344 "Jit thread pool" 7f296f6000
           <...>-1344  [004] ....   390.937446: do_anonymous_page: anonymous tgid 1338 1344 "Jit thread pool" 7f296f7000
           <...>-1344  [004] ....   390.937457: do_anonymous_page: anonymous tgid 1338 1344 "Jit thread pool" 7f296f8000
           <...>-1344  [004] ....   390.937476: do_anonymous_page: anonymous tgid 1338 1344 "Jit thread pool" 7f296f9000
           <...>-1344  [004] ....   390.937493: do_anonymous_page: anonymous tgid 1338 1344 "Jit thread pool" 7f296fa000
           <...>-1344  [004] ....   390.937532: do_anonymous_page: anonymous tgid 1338 1344 "Jit thread pool" 14280000
           <...>-1344  [004] ....   390.937561: do_anonymous_page: anonymous tgid 1338 1344 "Jit thread pool" 7f296fb000
           <...>-1344  [004] ....   390.937581: do_anonymous_page: anonymous tgid 1338 1344 "Jit thread pool" 7f20d39000
           <...>-1344  [004] ....   390.937604: do_anonymous_page: anonymous tgid 1338 1344 "Jit thread pool" 7f296fc000
           <...>-1344  [004] ....   390.937618: do_anonymous_page: anonymous tgid 1338 1344 "Jit thread pool" 7f20d3a000
           <...>-1344  [004] ....   390.937621: do_anonymous_page: anonymous tgid 1338 1344 "Jit thread pool" 7f20d3b000
           <...>-1344  [004] ....   390.937625: do_anonymous_page: anonymous tgid 1338 1344 "Jit thread pool" 7f20d3c000
           <...>-1344  [004] ....   390.937629: do_anonymous_page: anonymous tgid 1338 1344 "Jit thread pool" 7f20d3d000
           <...>-1344  [004] ....   390.937644: do_anonymous_page: anonymous tgid 1338 1344 "Jit thread pool" 7f20d3e000
           <...>-1344  [004] ....   390.937656: do_anonymous_page: anonymous tgid 1338 1344 "Jit thread pool" 7f296fd000
           <...>-1344  [004] ....   390.937704: do_anonymous_page: anonymous tgid 1338 1344 "Jit thread pool" 7f296fe000
           <...>-1344  [004] ....   390.937723: do_anonymous_page: anonymous tgid 1338 1344 "Jit thread pool" 7f20d3f000
           <...>-1362  [004] ....   390.938057: do_anonymous_page: anonymous tgid 1338 1362 "android.anim.lf" 13c81000
 ndroid.systemui-1739  [004] ....   390.940043: do_anonymous_page: anonymous tgid 1739 1739 "ndroid.systemui" 12f07000
  surfaceflinger-601   [004] ....   390.941516: do_anonymous_page: anonymous tgid 601 601 "surfaceflinger" 7fb75be000
           <...>-2048  [004] ....   390.942813: do_anonymous_page: anonymous tgid 1739 2048 "pool-2-thread-1" 12fc0000
           <...>-2048  [004] ....   390.943232: do_anonymous_page: anonymous tgid 1739 2048 "pool-2-thread-1" 12fc1000
           <...>-6355  [004] ....   390.943653: do_anonymous_page: anonymous tgid 6355 6355 "ell.clashroyale" 12c89000
           <...>-6594  [004] ....   390.947754: do_anonymous_page: anonymous tgid 2936 6594 "Binder:2936_6" 7f311b5000
           <...>-6594  [004] ....   390.947780: do_anonymous_page: anonymous tgid 2936 6594 "Binder:2936_6" 12d80000
           <...>-1968  [004] ....   390.948687: do_anonymous_page: anonymous tgid 1968 1968 "m.android.phone" 133ba000
           <...>-2217  [004] ....   390.949466: do_anonymous_page: anonymous tgid 1739 2217 "ScreenDecoratio" 12d49000
           <...>-2086  [004] ....   390.949726: do_anonymous_page: anonymous tgid 2054 2086 "UiThreadHelper" 12dd0000
           <...>-5370  [004] ....   390.949792: do_anonymous_page: anonymous tgid 1338 5370 "Binder:1338_11" 7f237c2000
           <...>-6355  [004] ....   390.950987: do_anonymous_page: anonymous tgid 6355 6355 "ell.clashroyale" 12c8a000
 composer@2.3-se-603   [004] ....   390.953099: do_anonymous_page: anonymous tgid 603 603 "composer@2.3-se" 7fbce47000
 composer@2.3-se-603   [004] ....   390.953450: do_anonymous_page: anonymous tgid 603 603 "composer@2.3-se" 7fb5ebb000
 composer@2.3-se-603   [004] ....   390.953588: do_anonymous_page: anonymous tgid 603 603 "composer@2.3-se" 7fbcf39000
 composer@2.3-se-603   [004] ....   390.953612: do_anonymous_page: anonymous tgid 603 603 "composer@2.3-se" 7fb446b000
 composer@2.3-se-603   [004] ....   390.953614: do_anonymous_page: anonymous tgid 603 603 "composer@2.3-se" 7fb446c000
 composer@2.3-se-603   [004] ....   390.953617: do_anonymous_page: anonymous tgid 603 603 "composer@2.3-se" 7fb446d000
 composer@2.3-se-603   [004] ....   390.953619: do_anonymous_page: anonymous tgid 603 603 "composer@2.3-se" 7fb446e000
 composer@2.3-se-603   [004] ....   390.953621: do_anonymous_page: anonymous tgid 603 603 "composer@2.3-se" 7fb446f000
 composer@2.3-se-603   [004] ....   390.953624: do_anonymous_page: anonymous tgid 603 603 "composer@2.3-se" 7fb4470000
 composer@2.3-se-603   [004] ....   390.953626: do_anonymous_page: anonymous tgid 603 603 "composer@2.3-se" 7fb4471000
 composer@2.3-se-603   [004] ....   390.953703: do_anonymous_page: anonymous tgid 603 603 "composer@2.3-se" 7fb4473000
 composer@2.3-se-603   [004] ....   390.953705: do_anonymous_page: anonymous tgid 603 603 "composer@2.3-se" 7fb4474000
 composer@2.3-se-603   [004] ....   390.953708: do_anonymous_page: anonymous tgid 603 603 "composer@2.3-se" 7fb4475000
 composer@2.3-se-603   [004] ....   390.953710: do_anonymous_page: anonymous tgid 603 603 "composer@2.3-se" 7fb4476000
 composer@2.3-se-603   [004] ....   390.953712: do_anonymous_page: anonymous tgid 603 603 "composer@2.3-se" 7fb4477000
 composer@2.3-se-603   [004] ....   390.953714: do_anonymous_page: anonymous tgid 603 603 "composer@2.3-se" 7fb4478000
 composer@2.3-se-603   [004] ....   390.953716: do_anonymous_page: anonymous tgid 603 603 "composer@2.3-se" 7fb4479000
 composer@2.3-se-603   [004] ....   390.953719: do_anonymous_page: anonymous tgid 603 603 "composer@2.3-se" 7fb447a000
 composer@2.3-se-603   [004] ....   390.953721: do_anonymous_page: anonymous tgid 603 603 "composer@2.3-se" 7fb447b000
 composer@2.3-se-603   [004] ....   390.953723: do_anonymous_page: anonymous tgid 603 603 "composer@2.3-se" 7fb447c000
 composer@2.3-se-603   [004] ....   390.953725: do_anonymous_page: anonymous tgid 603 603 "composer@2.3-se" 7fb447d000
 composer@2.3-se-603   [004] ....   390.953787: do_anonymous_page: anonymous tgid 603 603 "composer@2.3-se" 7fbce4b000
           <...>-6413  [004] ....   390.956760: do_anonymous_page: anonymous tgid 6355 6413 "SentryAsyncConn" 12d66000
           <...>-6413  [004] ....   390.956800: do_anonymous_page: anonymous tgid 6355 6413 "SentryAsyncConn" 12d67000
           <...>-6355  [004] ....   390.960616: do_anonymous_page: anonymous tgid 6355 6355 "ell.clashroyale" 7e94c47000
           <...>-6355  [004] ....   390.960627: do_anonymous_page: anonymous tgid 6355 6355 "ell.clashroyale" 12c8b000
           <...>-6355  [004] ....   390.961500: do_anonymous_page: anonymous tgid 6355 6355 "ell.clashroyale" 12c8c000
           <...>-1907  [004] ....   390.961600: do_anonymous_page: anonymous tgid 1338 1907 "Binder:1338_6" 14241000
           <...>-6355  [004] ....   390.961729: do_anonymous_page: anonymous tgid 6355 6355 "ell.clashroyale" 12c8d000
           <...>-6355  [004] ....   390.961766: do_anonymous_page: anonymous tgid 6355 6355 "ell.clashroyale" 12c8e000
           <...>-6406  [004] ....   390.961879: do_anonymous_page: anonymous tgid 6355 6406 "GoogleApiHandle" 7f2d75e000
           <...>-1463  [004] ....   390.962370: do_anonymous_page: anonymous tgid 1338 1463 "Binder:1338_3" 13ac3000
           <...>-1907  [004] ....   390.962572: do_anonymous_page: anonymous tgid 1338 1907 "Binder:1338_6" 14242000
           <...>-1463  [004] ....   390.962651: do_anonymous_page: anonymous tgid 1338 1463 "Binder:1338_3" 13ac4000
           <...>-1463  [004] ....   390.962768: do_anonymous_page: anonymous tgid 1338 1463 "Binder:1338_3" 13ac5000
           <...>-1463  [004] ....   390.962881: do_anonymous_page: anonymous tgid 1338 1463 "Binder:1338_3" 13ac6000
           <...>-1463  [004] ....   390.963000: do_anonymous_page: anonymous tgid 1338 1463 "Binder:1338_3" 13ac7000
           <...>-1463  [004] ....   390.963211: do_anonymous_page: anonymous tgid 1338 1463 "Binder:1338_3" 13ac8000
           <...>-1463  [004] ....   390.963430: do_anonymous_page: anonymous tgid 1338 1463 "Binder:1338_3" 13ac9000
           <...>-1907  [004] ....   390.963548: do_anonymous_page: anonymous tgid 1338 1907 "Binder:1338_6" 14243000
           <...>-6422  [004] ....   390.963651: do_anonymous_page: anonymous tgid 6355 6422 "PlayBillingLibr" 12e80000
 composer@2.3-se-603   [004] ....   390.964432: do_anonymous_page: anonymous tgid 603 603 "composer@2.3-se" 7fbcf3a000
           <...>-6594  [004] ....   390.965405: do_anonymous_page: anonymous tgid 2936 6594 "Binder:2936_6" 12d81000
           <...>-6594  [004] ....   390.965481: do_anonymous_page: anonymous tgid 2936 6594 "Binder:2936_6" 12d82000
           <...>-6594  [004] ....   390.965631: do_anonymous_page: anonymous tgid 2936 6594 "Binder:2936_6" 12d83000
           <...>-6594  [004] ....   390.965765: do_anonymous_page: anonymous tgid 2936 6594 "Binder:2936_6" 12d84000
           <...>-6594  [004] ....   390.966885: do_anonymous_page: anonymous tgid 2936 6594 "Binder:2936_6" 12d85000
           <...>-572   [004] ....   390.967705: do_anonymous_page: anonymous tgid 556 572 "logd.writer" 7fb5734000
           <...>-1463  [004] ....   390.972002: do_anonymous_page: anonymous tgid 1338 1463 "Binder:1338_3" 13aca000
           <...>-1463  [004] ....   390.972333: do_anonymous_page: anonymous tgid 1338 1463 "Binder:1338_3" 7e637c0000
           <...>-1463  [004] ....   390.972338: do_anonymous_page: anonymous tgid 1338 1463 "Binder:1338_3" 7e637c1000
           <...>-1463  [004] ....   390.972340: do_anonymous_page: anonymous tgid 1338 1463 "Binder:1338_3" 7e637c2000
           <...>-1463  [004] ....   390.972342: do_anonymous_page: anonymous tgid 1338 1463 "Binder:1338_3" 7e637c3000
           <...>-1463  [004] ....   390.972344: do_anonymous_page: anonymous tgid 1338 1463 "Binder:1338_3" 7e637c4000
           <...>-1463  [004] ....   390.972346: do_anonymous_page: anonymous tgid 1338 1463 "Binder:1338_3" 7e637c5000
           <...>-1463  [004] ....   390.972348: do_anonymous_page: anonymous tgid 1338 1463 "Binder:1338_3" 7e637c6000
           <...>-1463  [004] ....   390.972350: do_anonymous_page: anonymous tgid 1338 1463 "Binder:1338_3" 7e637c7000
           <...>-1463  [004] ....   390.972352: do_anonymous_page: anonymous tgid 1338 1463 "Binder:1338_3" 7e637c8000
           <...>-1463  [004] ....   390.972357: do_anonymous_page: anonymous tgid 1338 1463 "Binder:1338_3" 7e5f874000
           <...>-1463  [004] ....   390.972361: do_anonymous_page: anonymous tgid 1338 1463 "Binder:1338_3" 7e5f875000
           <...>-1463  [004] ....   390.972363: do_anonymous_page: anonymous tgid 1338 1463 "Binder:1338_3" 7e5f876000
           <...>-1463  [004] ....   390.972365: do_anonymous_page: anonymous tgid 1338 1463 "Binder:1338_3" 7e5f877000
           <...>-1463  [004] ....   390.972367: do_anonymous_page: anonymous tgid 1338 1463 "Binder:1338_3" 7e5f878000
           <...>-1463  [004] ....   390.972369: do_anonymous_page: anonymous tgid 1338 1463 "Binder:1338_3" 7e5f879000
           <...>-1463  [004] ....   390.972371: do_anonymous_page: anonymous tgid 1338 1463 "Binder:1338_3" 7e5f87a000
           <...>-1463  [004] ....   390.972373: do_anonymous_page: anonymous tgid 1338 1463 "Binder:1338_3" 7e5f87b000
           <...>-1463  [004] ....   390.972375: do_anonymous_page: anonymous tgid 1338 1463 "Binder:1338_3" 7e5f87c000
           <...>-1463  [004] ....   390.972396: do_anonymous_page: anonymous tgid 1338 1463 "Binder:1338_3" 7e5f89e000
           <...>-1463  [004] ....   390.972511: do_anonymous_page: anonymous tgid 1338 1463 "Binder:1338_3" 13acb000
           <...>-2136  [004] ....   390.972591: do_anonymous_page: anonymous tgid 601 2136 "Binder:601_5" 7faa827000
           <...>-2136  [004] ....   390.972595: do_anonymous_page: anonymous tgid 601 2136 "Binder:601_5" 7faa825000
           <...>-2136  [004] ....   390.972602: do_anonymous_page: anonymous tgid 601 2136 "Binder:601_5" 7faa826000
           <...>-1764  [004] ....   390.973647: do_anonymous_page: anonymous tgid 1739 1764 "Binder:1739_3" 13601000
           <...>-6355  [004] ....   390.974065: do_anonymous_page: anonymous tgid 6355 6355 "ell.clashroyale" 12c8f000
           <...>-6355  [004] ....   390.974189: do_anonymous_page: anonymous tgid 6355 6355 "ell.clashroyale" 12c90000
           <...>-6355  [004] ....   390.974311: do_anonymous_page: anonymous tgid 6355 6355 "ell.clashroyale" 7e94c48000
  surfaceflinger-601   [004] ....   390.975067: do_anonymous_page: anonymous tgid 601 601 "surfaceflinger" 7fb75bf000
           <...>-653   [004] ....   390.977051: do_anonymous_page: anonymous tgid 601 653 "Binder:601_1" 7fba6ff000
 ndroid.systemui-1739  [004] ....   390.979055: do_anonymous_page: anonymous tgid 1739 1739 "ndroid.systemui" 12f08000
           <...>-2217  [004] ....   390.983799: do_anonymous_page: anonymous tgid 1739 2217 "ScreenDecoratio" 12d4a000
            netd-1100  [004] ....   390.984370: do_anonymous_page: anonymous tgid 787 1100 "netd" 7fad224000
            netd-1100  [004] ....   390.984379: do_anonymous_page: anonymous tgid 787 1100 "netd" 7fad223000
  Binder:1338_10-4240  [004] ....   390.984600: do_anonymous_page: anonymous tgid 1338 4240 "Binder:1338_10" 13ecd000
           <...>-2217  [004] ....   390.985670: do_anonymous_page: anonymous tgid 1739 2217 "ScreenDecoratio" 12d4b000
           <...>-2217  [004] ....   390.985893: do_anonymous_page: anonymous tgid 1739 2217 "ScreenDecoratio" 12d4c000
  surfaceflinger-601   [004] ....   390.992230: do_anonymous_page: anonymous tgid 601 601 "surfaceflinger" 7fbe20a000
           <...>-1923  [004] ....   390.994497: do_anonymous_page: anonymous tgid 1338 1923 "Binder:1338_7" 13b55000
           <...>-2217  [004] ....   390.995596: do_anonymous_page: anonymous tgid 1739 2217 "ScreenDecoratio" 12d4d000
           <...>-5443  [004] ....   390.996124: do_anonymous_page: anonymous tgid 1338 5443 "Binder:1338_12" 137dc000
           <...>-5443  [004] ....   390.996182: do_anonymous_page: anonymous tgid 1338 5443 "Binder:1338_12" 137dd000
           <...>-5443  [004] ....   390.996318: do_anonymous_page: anonymous tgid 1338 5443 "Binder:1338_12" 137de000
           <...>-1357  [004] ....   390.998575: do_anonymous_page: anonymous tgid 1338 1357 "android.fg" 12cc3000
 PowerManagerSer-1379  [004] ....   391.001285: do_anonymous_page: anonymous tgid 1338 1379 "PowerManagerSer" 141c7000
    Binder:601_4-2119  [004] ....   391.009841: do_anonymous_page: anonymous tgid 601 2119 "Binder:601_4" 7fba7c7000
   Binder:2409_F-5817  [004] ....   391.010556: do_anonymous_page: anonymous tgid 2409 5817 "Binder:2409_F" 12c41000
 gle.android.gms-2409  [004] ....   391.010797: do_anonymous_page: anonymous tgid 2409 2409 "gle.android.gms" 12c83000
 gle.android.gms-2409  [004] ....   391.011086: do_anonymous_page: anonymous tgid 2409 2409 "gle.android.gms" 12c84000
 gle.android.gms-2409  [004] ....   391.011226: do_anonymous_page: anonymous tgid 2409 2409 "gle.android.gms" 12c85000
 gle.android.gms-2409  [004] ....   391.011284: do_anonymous_page: anonymous tgid 2409 2409 "gle.android.gms" 12c86000
           <...>-1631  [004] ....   391.011997: do_anonymous_page: anonymous tgid 843 1631 "Binder:843_3" 7f38acd000
           <...>-5966  [004] ....   391.012204: do_anonymous_page: anonymous tgid 5929 5966 "BluetoothScanMa" 12d01000
    AlarmManager-1446  [004] ....   391.012322: do_anonymous_page: anonymous tgid 1338 1446 "AlarmManager" 12e07000
 .gms.persistent-2259  [004] ....   391.012992: do_anonymous_page: anonymous tgid 2259 2259 ".gms.persistent" 1492f000
           <...>-2086  [004] ....   391.021607: do_anonymous_page: anonymous tgid 2054 2086 "UiThreadHelper" 12dd1000
           <...>-2086  [004] ....   391.021672: do_anonymous_page: anonymous tgid 2054 2086 "UiThreadHelper" 12dd2000
   Binder:2409_8-3625  [004] ....   391.023239: do_anonymous_page: anonymous tgid 2409 3625 "Binder:2409_8" 7f2f0be000
   Binder:2409_8-3625  [004] ....   391.023265: do_anonymous_page: anonymous tgid 2409 3625 "Binder:2409_8" 12f00000
           <...>-1923  [004] ....   391.023849: do_anonymous_page: anonymous tgid 1338 1923 "Binder:1338_7" 13b56000
   Binder:2409_8-3625  [004] ....   391.023968: do_anonymous_page: anonymous tgid 2409 3625 "Binder:2409_8" 12f01000
   Binder:2409_8-3625  [004] ....   391.024021: do_anonymous_page: anonymous tgid 2409 3625 "Binder:2409_8" 12f02000
   Binder:2409_8-3625  [004] ....   391.024131: do_anonymous_page: anonymous tgid 2409 3625 "Binder:2409_8" 12f03000
           <...>-6390  [004] ....   391.027459: do_anonymous_page: anonymous tgid 6355 6390 "RenderThread" 7ea8bac000
           <...>-6390  [004] ....   391.027465: do_anonymous_page: anonymous tgid 6355 6390 "RenderThread" 7ea8bad000
           <...>-6390  [004] ....   391.027468: do_anonymous_page: anonymous tgid 6355 6390 "RenderThread" 7ea8bae000
           <...>-6390  [004] ....   391.027955: do_anonymous_page: anonymous tgid 6355 6390 "RenderThread" 7eba7e5000
           <...>-6390  [004] ....   391.027960: do_anonymous_page: anonymous tgid 6355 6390 "RenderThread" 7eba7e6000
  Binder:1338_10-4240  [004] ....   391.029098: do_anonymous_page: anonymous tgid 1338 4240 "Binder:1338_10" 13ece000
         SysUiBg-2097  [004] ....   391.029183: do_anonymous_page: anonymous tgid 1739 2097 "SysUiBg" 12d82000
           <...>-1923  [004] ....   391.029321: do_anonymous_page: anonymous tgid 1338 1923 "Binder:1338_7" 13b57000
           <...>-3344  [004] ....   391.029535: do_anonymous_page: anonymous tgid 2259 3344 "Binder:2259_8" 148c8000
           <...>-3344  [004] ....   391.029556: do_anonymous_page: anonymous tgid 2259 3344 "Binder:2259_8" 7f1f65a000
           <...>-5558  [004] ....   391.029716: do_anonymous_page: anonymous tgid 2259 5558 "FlpThread" 13740000
           <...>-5682  [004] ....   391.030113: do_anonymous_page: anonymous tgid 2259 5682 "highpool[7]" 13689000
           <...>-5682  [004] ....   391.030237: do_anonymous_page: anonymous tgid 2259 5682 "highpool[7]" 1368a000
 ndroid.systemui-1739  [004] ....   391.033245: do_anonymous_page: anonymous tgid 1739 1739 "ndroid.systemui" 12f09000
           <...>-5558  [004] ....   391.034938: do_anonymous_page: anonymous tgid 2259 5558 "FlpThread" 13741000
           <...>-5443  [004] ....   391.037122: do_anonymous_page: anonymous tgid 1338 5443 "Binder:1338_12" 137df000
           <...>-5558  [004] ....   391.037656: do_anonymous_page: anonymous tgid 2259 5558 "FlpThread" 13742000
           <...>-1357  [004] ....   391.039444: do_anonymous_page: anonymous tgid 1338 1357 "android.fg" 12cc4000
           <...>-809   [004] ....   391.039866: do_anonymous_page: anonymous tgid 809 809 "gnss@2.0-servic" 7fbd05b000
           <...>-5443  [004] ....   391.040323: do_anonymous_page: anonymous tgid 1338 5443 "Binder:1338_12" 137e0000
           <...>-3624  [004] ....   391.041555: do_anonymous_page: anonymous tgid 2259 3624 "Binder:2259_9" 13406000
 .gms.persistent-2259  [004] ....   391.041634: do_anonymous_page: anonymous tgid 2259 2259 ".gms.persistent" 14930000
 .gms.persistent-2259  [004] ....   391.041766: do_anonymous_page: anonymous tgid 2259 2259 ".gms.persistent" 14931000
 .gms.persistent-2259  [004] ....   391.041908: do_anonymous_page: anonymous tgid 2259 2259 ".gms.persistent" 14932000
 HwBinder:1338_2-1451  [004] ....   391.043415: do_anonymous_page: anonymous tgid 1338 1451 "HwBinder:1338_2" 13803000
 .gms.persistent-2259  [004] ....   391.044237: do_anonymous_page: anonymous tgid 2259 2259 ".gms.persistent" 14933000
           <...>-1357  [004] ....   391.045878: do_anonymous_page: anonymous tgid 1338 1357 "android.fg" 12cc5000
 wifi_ext@1.0-se-2825  [004] ....   391.049214: do_anonymous_page: anonymous tgid 827 2825 "wifi_ext@1.0-se" 7fb9ee3000
 wifi_ext@1.0-se-2825  [004] ....   391.049227: do_anonymous_page: anonymous tgid 827 2825 "wifi_ext@1.0-se" 7fb9ee4000
 wifi_ext@1.0-se-2825  [004] ....   391.049229: do_anonymous_page: anonymous tgid 827 2825 "wifi_ext@1.0-se" 7fb9ee5000
 wifi_ext@1.0-se-2825  [004] ....   391.049239: do_anonymous_page: anonymous tgid 827 2825 "wifi_ext@1.0-se" 7fba270000
 wifi_ext@1.0-se-2825  [004] ....   391.049241: do_anonymous_page: anonymous tgid 827 2825 "wifi_ext@1.0-se" 7fba271000
           <...>-5558  [004] ....   391.051648: do_anonymous_page: anonymous tgid 2259 5558 "FlpThread" 13743000
    RenderThread-2141  [004] ....   391.052384: do_anonymous_page: anonymous tgid 1739 2141 "RenderThread" 7eb4501000
 .gms.persistent-2259  [004] ....   391.056987: do_anonymous_page: anonymous tgid 2259 2259 ".gms.persistent" 14934000
 .gms.persistent-2259  [004] ....   391.057096: do_anonymous_page: anonymous tgid 2259 2259 ".gms.persistent" 7ec4a3c000
 .gms.persistent-2259  [004] ....   391.057101: do_anonymous_page: anonymous tgid 2259 2259 ".gms.persistent" 7ec4a3b000
           <...>-1923  [004] ....   391.059934: do_anonymous_page: anonymous tgid 1338 1923 "Binder:1338_7" 13b58000
           <...>-5443  [004] ....   391.060146: do_anonymous_page: anonymous tgid 1338 5443 "Binder:1338_12" 137e1000
 ndroid.systemui-1739  [004] ....   391.063137: do_anonymous_page: anonymous tgid 1739 1739 "ndroid.systemui" 7f2127d000
 ndroid.systemui-1739  [004] ....   391.063579: do_anonymous_page: anonymous tgid 1739 1739 "ndroid.systemui" 12f0a000
    RenderThread-2141  [004] ....   391.066241: do_anonymous_page: anonymous tgid 1739 2141 "RenderThread" 7eb4502000
           <...>-6411  [004] ....   391.068922: do_anonymous_page: anonymous tgid 6355 6411 "AppUpdateServic" 12e01000
           <...>-3624  [004] ....   391.073075: do_anonymous_page: anonymous tgid 2259 3624 "Binder:2259_9" 13407000
 HwBinder:1338_2-1451  [004] ....   391.074223: do_anonymous_page: anonymous tgid 1338 1451 "HwBinder:1338_2" 7ed1404000
           <...>-5558  [004] ....   391.074443: do_anonymous_page: anonymous tgid 2259 5558 "FlpThread" 13744000
           <...>-1853  [004] ....   391.074653: do_anonymous_page: anonymous tgid 809 1853 "LocApiMsgTask" 7fbd0c4000
           <...>-1853  [004] ....   391.074667: do_anonymous_page: anonymous tgid 809 1853 "LocApiMsgTask" 7fb662b000
           <...>-1853  [004] ....   391.074677: do_anonymous_page: anonymous tgid 809 1853 "LocApiMsgTask" 7fbd0ce000
           <...>-1853  [004] ....   391.074679: do_anonymous_page: anonymous tgid 809 1853 "LocApiMsgTask" 7fbd0cf000
 .gms.persistent-2259  [004] ....   391.075523: do_anonymous_page: anonymous tgid 2259 2259 ".gms.persistent" 14935000
 .gms.persistent-2259  [004] ....   391.077271: do_anonymous_page: anonymous tgid 2259 2259 ".gms.persistent" 7ec382a000
 .gms.persistent-2259  [004] ....   391.077277: do_anonymous_page: anonymous tgid 2259 2259 ".gms.persistent" 7ec3829000
           <...>-1923  [004] ....   391.079396: do_anonymous_page: anonymous tgid 1338 1923 "Binder:1338_7" 13b59000
           <...>-5443  [004] ....   391.079617: do_anonymous_page: anonymous tgid 1338 5443 "Binder:1338_12" 137e2000
   Binder:2409_8-3625  [004] ....   391.081873: do_anonymous_page: anonymous tgid 2409 3625 "Binder:2409_8" 12f04000
   Binder:2409_8-3625  [004] ....   391.082035: do_anonymous_page: anonymous tgid 2409 3625 "Binder:2409_8" 12f05000
   Binder:2409_8-3625  [004] ....   391.082218: do_anonymous_page: anonymous tgid 2409 3625 "Binder:2409_8" 12f06000
 GoogleApiHandle-2800  [004] ....   391.082477: do_anonymous_page: anonymous tgid 2409 2800 "GoogleApiHandle" 12e02000
 ndroid.systemui-1739  [004] ....   391.085253: do_anonymous_page: anonymous tgid 1739 1739 "ndroid.systemui" 12f0b000
           <...>-5443  [004] ....   391.086037: do_anonymous_page: anonymous tgid 1338 5443 "Binder:1338_12" 137e3000
           <...>-3624  [004] ....   391.086503: do_anonymous_page: anonymous tgid 2259 3624 "Binder:2259_9" 13408000
           <...>-3624  [004] ....   391.088656: do_anonymous_page: anonymous tgid 2259 3624 "Binder:2259_9" 13409000
 GoogleApiHandle-2800  [004] ....   391.088829: do_anonymous_page: anonymous tgid 2409 2800 "GoogleApiHandle" 12e03000
     lowpool[40]-6649  [004] ....   391.088954: do_anonymous_page: anonymous tgid 2259 6649 "lowpool[40]" 14c18000
     lowpool[40]-6649  [004] ....   391.088991: do_anonymous_page: anonymous tgid 2259 6649 "lowpool[40]" 14c19000
     lowpool[40]-6649  [004] ....   391.089002: do_anonymous_page: anonymous tgid 2259 6649 "lowpool[40]" 14c1a000
        Thread-8-6418  [004] ....   391.090647: do_anonymous_page: anonymous tgid 6355 6418 "Thread-8" 12ec0000
        Thread-8-6418  [004] ....   391.090860: do_anonymous_page: anonymous tgid 6355 6418 "Thread-8" 7ebbc85000
        Thread-8-6418  [004] ....   391.090870: do_anonymous_page: anonymous tgid 6355 6418 "Thread-8" 7ebbd25000
        Thread-8-6418  [004] ....   391.090876: do_anonymous_page: anonymous tgid 6355 6418 "Thread-8" 7ebbd20000
           <...>-6594  [004] ....   391.095060: do_anonymous_page: anonymous tgid 2936 6594 "Binder:2936_6" 12d86000
           <...>-6594  [004] ....   391.095510: do_anonymous_page: anonymous tgid 2936 6594 "Binder:2936_6" 7f2af1c000
           <...>-6594  [004] ....   391.095516: do_anonymous_page: anonymous tgid 2936 6594 "Binder:2936_6" 7f2af1b000
        Thread-7-6407  [004] ....   391.096323: do_anonymous_page: anonymous tgid 6355 6407 "Thread-7" 7e8fbe0000
        Thread-7-6407  [004] ....   391.096331: do_anonymous_page: anonymous tgid 6355 6407 "Thread-7" 7e8fbe1000
        Thread-7-6407  [004] ....   391.096333: do_anonymous_page: anonymous tgid 6355 6407 "Thread-7" 7e8fbe2000
        Thread-7-6407  [004] ....   391.096335: do_anonymous_page: anonymous tgid 6355 6407 "Thread-7" 7e8fbe3000
        Thread-7-6407  [004] ....   391.096337: do_anonymous_page: anonymous tgid 6355 6407 "Thread-7" 7e8fbe4000
        Thread-7-6407  [004] ....   391.096339: do_anonymous_page: anonymous tgid 6355 6407 "Thread-7" 7e8fbe5000
        Thread-7-6407  [004] ....   391.096341: do_anonymous_page: anonymous tgid 6355 6407 "Thread-7" 7e8fbe6000
        Thread-7-6407  [004] ....   391.096342: do_anonymous_page: anonymous tgid 6355 6407 "Thread-7" 7e8fbe7000
        Thread-7-6407  [004] ....   391.096344: do_anonymous_page: anonymous tgid 6355 6407 "Thread-7" 7e8fbe8000
        Thread-7-6407  [004] ....   391.096347: do_anonymous_page: anonymous tgid 6355 6407 "Thread-7" 7e8fbe9000
        Thread-7-6407  [004] ....   391.096349: do_anonymous_page: anonymous tgid 6355 6407 "Thread-7" 7e8fbea000
        Thread-7-6407  [004] ....   391.096354: do_anonymous_page: anonymous tgid 6355 6407 "Thread-7" 7e8fbeb000
        Thread-7-6407  [004] ....   391.096355: do_anonymous_page: anonymous tgid 6355 6407 "Thread-7" 7e8fbec000
        Thread-7-6407  [004] ....   391.096358: do_anonymous_page: anonymous tgid 6355 6407 "Thread-7" 7e8fbed000
        Thread-7-6407  [004] ....   391.096360: do_anonymous_page: anonymous tgid 6355 6407 "Thread-7" 7e8fbee000
        Thread-7-6407  [004] ....   391.096361: do_anonymous_page: anonymous tgid 6355 6407 "Thread-7" 7e8fbef000
        Thread-7-6407  [004] ....   391.096363: do_anonymous_page: anonymous tgid 6355 6407 "Thread-7" 7e8fbf0000
        Thread-7-6407  [004] ....   391.096365: do_anonymous_page: anonymous tgid 6355 6407 "Thread-7" 7e8fbf1000
        Thread-7-6407  [004] ....   391.096403: do_anonymous_page: anonymous tgid 6355 6407 "Thread-7" 7e8fbf2000
        Thread-7-6407  [004] ....   391.096405: do_anonymous_page: anonymous tgid 6355 6407 "Thread-7" 7e8fbf3000
        Thread-7-6407  [004] ....   391.096480: do_anonymous_page: anonymous tgid 6355 6407 "Thread-7" 7e900fe000
        Thread-7-6407  [004] ....   391.096488: do_anonymous_page: anonymous tgid 6355 6407 "Thread-7" 7e900ff000
        Thread-7-6407  [004] ....   391.096523: do_anonymous_page: anonymous tgid 6355 6407 "Thread-7" 7e8fa60000
        Thread-7-6407  [004] ....   391.096525: do_anonymous_page: anonymous tgid 6355 6407 "Thread-7" 7e8fa5f000
        Thread-7-6407  [004] ....   391.096528: do_anonymous_page: anonymous tgid 6355 6407 "Thread-7" 7e8fa5e000
        Thread-7-6407  [004] ....   391.096535: do_anonymous_page: anonymous tgid 6355 6407 "Thread-7" 7e8fc93000
        Thread-7-6407  [004] ....   391.096537: do_anonymous_page: anonymous tgid 6355 6407 "Thread-7" 7e8fc92000
        Thread-7-6407  [004] ....   391.096542: do_anonymous_page: anonymous tgid 6355 6407 "Thread-7" 7e8fa63000
        Thread-7-6407  [004] ....   391.096555: do_anonymous_page: anonymous tgid 6355 6407 "Thread-7" 7e90100000
        Thread-7-6407  [004] ....   391.096585: do_anonymous_page: anonymous tgid 6355 6407 "Thread-7" 7e8f960000
        Thread-7-6407  [004] ....   391.096590: do_anonymous_page: anonymous tgid 6355 6407 "Thread-7" 7e8fa66000
        Thread-7-6407  [004] .n..   391.096633: do_anonymous_page: anonymous tgid 6355 6407 "Thread-7" 7e90099000
        Thread-7-6407  [004] .n..   391.096723: do_anonymous_page: anonymous tgid 6355 6407 "Thread-7" 7e90098000
        Thread-7-6407  [004] ....   391.096731: do_anonymous_page: anonymous tgid 6355 6407 "Thread-7" 7e8fc99000
        Thread-7-6407  [004] ....   391.096937: do_anonymous_page: anonymous tgid 6355 6407 "Thread-7" 7e8fc9a000
        Thread-7-6407  [004] ....   391.096956: do_anonymous_page: anonymous tgid 6355 6407 "Thread-7" 7e8fa62000
        Thread-7-6407  [004] ....   391.096959: do_anonymous_page: anonymous tgid 6355 6407 "Thread-7" 7e8fa61000
        Thread-7-6407  [004] ....   391.097127: do_anonymous_page: anonymous tgid 6355 6407 "Thread-7" 7e8fa65000
        Thread-7-6407  [004] ....   391.097131: do_anonymous_page: anonymous tgid 6355 6407 "Thread-7" 7e8fa64000
        Thread-7-6407  [004] ....   391.097869: do_anonymous_page: anonymous tgid 6355 6407 "Thread-7" 7e8fa67000
        Thread-7-6407  [004] ....   391.097877: do_anonymous_page: anonymous tgid 6355 6407 "Thread-7" 7e8fa5b000
        Thread-7-6407  [004] ....   391.097921: do_anonymous_page: anonymous tgid 6355 6407 "Thread-7" 7e8fa5d000
        Thread-7-6407  [004] ....   391.097927: do_anonymous_page: anonymous tgid 6355 6407 "Thread-7" 7e8fa5c000
           <...>-5558  [004] ....   391.100183: do_anonymous_page: anonymous tgid 2259 5558 "FlpThread" 13745000
        Thread-7-6407  [004] ....   391.101970: do_anonymous_page: anonymous tgid 6355 6407 "Thread-7" 7e90097000
        Thread-7-6407  [004] ....   391.102009: do_anonymous_page: anonymous tgid 6355 6407 "Thread-7" 7e8fc91000
    RenderThread-2141  [004] ....   391.104974: do_anonymous_page: anonymous tgid 1739 2141 "RenderThread" 7eb47c9000
           <...>-6390  [004] ....   391.105649: do_anonymous_page: anonymous tgid 6355 6390 "RenderThread" 7f2d7ac000
           <...>-6792  [004] ....   391.107729: do_anonymous_page: anonymous tgid 6791 6792 "Binder:6791_1" 7fbba39000
        Thread-7-6407  [004] ....   391.119245: do_anonymous_page: anonymous tgid 6355 6407 "Thread-7" 7e8fbf4000
        Thread-7-6407  [004] ....   391.120281: do_anonymous_page: anonymous tgid 6355 6407 "Thread-7" 7e90096000
        Thread-7-6407  [004] ....   391.120293: do_anonymous_page: anonymous tgid 6355 6407 "Thread-7" 7e8f62c000
        Thread-7-6407  [004] ....   391.120296: do_anonymous_page: anonymous tgid 6355 6407 "Thread-7" 7e8f62d000
        Thread-7-6407  [004] ....   391.120298: do_anonymous_page: anonymous tgid 6355 6407 "Thread-7" 7e8f62e000
 composer@2.3-se-603   [004] ....   391.121404: do_anonymous_page: anonymous tgid 603 603 "composer@2.3-se" 7fb5e49000
           <...>-5443  [004] ....   391.122215: do_anonymous_page: anonymous tgid 1338 5443 "Binder:1338_12" 137e4000
        Thread-7-6407  [004] ....   391.127020: do_anonymous_page: anonymous tgid 6355 6407 "Thread-7" 7e8f62f000
        Thread-7-6407  [004] ....   391.127391: do_anonymous_page: anonymous tgid 6355 6407 "Thread-7" 7e8f630000
        Thread-7-6407  [004] ....   391.128774: do_anonymous_page: anonymous tgid 6355 6407 "Thread-7" 7e8f631000
        Thread-7-6407  [004] ....   391.128782: do_anonymous_page: anonymous tgid 6355 6407 "Thread-7" 7e8f632000
        Thread-7-6407  [004] ....   391.129285: do_anonymous_page: anonymous tgid 6355 6407 "Thread-7" 7e8fbf5000
        Thread-7-6407  [004] ....   391.129378: do_anonymous_page: anonymous tgid 6355 6407 "Thread-7" 7e8fbc6000
        Thread-7-6407  [004] ....   391.129538: do_anonymous_page: anonymous tgid 6355 6407 "Thread-7" 7e8fbf6000
        Thread-7-6407  [004] ....   391.129541: do_anonymous_page: anonymous tgid 6355 6407 "Thread-7" 7e8fbf7000
        Thread-7-6407  [004] ....   391.129543: do_anonymous_page: anonymous tgid 6355 6407 "Thread-7" 7e8fbf8000
        Thread-7-6407  [004] ....   391.129545: do_anonymous_page: anonymous tgid 6355 6407 "Thread-7" 7e8fbf9000
        Thread-7-6407  [004] ....   391.129547: do_anonymous_page: anonymous tgid 6355 6407 "Thread-7" 7e8fbfa000
        Thread-7-6407  [004] ....   391.129549: do_anonymous_page: anonymous tgid 6355 6407 "Thread-7" 7e9026f000
        Thread-7-6407  [004] ....   391.129551: do_anonymous_page: anonymous tgid 6355 6407 "Thread-7" 7e90270000
        Thread-7-6407  [004] ....   391.129553: do_anonymous_page: anonymous tgid 6355 6407 "Thread-7" 7e90271000
        Thread-7-6407  [004] ....   391.129555: do_anonymous_page: anonymous tgid 6355 6407 "Thread-7" 7e90272000
        Thread-7-6407  [004] ....   391.129557: do_anonymous_page: anonymous tgid 6355 6407 "Thread-7" 7e90273000
        Thread-7-6407  [004] ....   391.129560: do_anonymous_page: anonymous tgid 6355 6407 "Thread-7" 7e90274000
        Thread-7-6407  [004] ....   391.129562: do_anonymous_page: anonymous tgid 6355 6407 "Thread-7" 7e90275000
        Thread-7-6407  [004] ....   391.129563: do_anonymous_page: anonymous tgid 6355 6407 "Thread-7" 7e90276000
        Thread-7-6407  [004] ....   391.129566: do_anonymous_page: anonymous tgid 6355 6407 "Thread-7" 7e90277000
        Thread-7-6407  [004] ....   391.129636: do_anonymous_page: anonymous tgid 6355 6407 "Thread-7" 7e90278000
        Thread-7-6407  [004] ....   391.129638: do_anonymous_page: anonymous tgid 6355 6407 "Thread-7" 7e90279000
        Thread-7-6407  [004] ....   391.129640: do_anonymous_page: anonymous tgid 6355 6407 "Thread-7" 7e9027a000
        Thread-7-6407  [004] ....   391.129642: do_anonymous_page: anonymous tgid 6355 6407 "Thread-7" 7e9027b000
        Thread-7-6407  [004] ....   391.129644: do_anonymous_page: anonymous tgid 6355 6407 "Thread-7" 7e9027c000
        Thread-7-6407  [004] ....   391.129646: do_anonymous_page: anonymous tgid 6355 6407 "Thread-7" 7e9027d000
        Thread-7-6407  [004] ....   391.129648: do_anonymous_page: anonymous tgid 6355 6407 "Thread-7" 7e9027e000
        Thread-7-6407  [004] ....   391.129650: do_anonymous_page: anonymous tgid 6355 6407 "Thread-7" 7e9027f000
        Thread-7-6407  [004] ....   391.129727: do_anonymous_page: anonymous tgid 6355 6407 "Thread-7" 7e90280000
        Thread-7-6407  [004] ....   391.129729: do_anonymous_page: anonymous tgid 6355 6407 "Thread-7" 7e90281000
        Thread-7-6407  [004] ....   391.129731: do_anonymous_page: anonymous tgid 6355 6407 "Thread-7" 7e90282000
        Thread-7-6407  [004] ....   391.129733: do_anonymous_page: anonymous tgid 6355 6407 "Thread-7" 7e90283000
        Thread-7-6407  [004] ....   391.129735: do_anonymous_page: anonymous tgid 6355 6407 "Thread-7" 7e90284000
        Thread-7-6407  [004] ....   391.129737: do_anonymous_page: anonymous tgid 6355 6407 "Thread-7" 7e90285000
        Thread-7-6407  [004] ....   391.129740: do_anonymous_page: anonymous tgid 6355 6407 "Thread-7" 7e90286000
        Thread-7-6407  [004] ....   391.129742: do_anonymous_page: anonymous tgid 6355 6407 "Thread-7" 7e90287000
        Thread-7-6407  [004] ....   391.129808: do_anonymous_page: anonymous tgid 6355 6407 "Thread-7" 7e90288000
        Thread-7-6407  [004] ....   391.129811: do_anonymous_page: anonymous tgid 6355 6407 "Thread-7" 7e90289000
        Thread-7-6407  [004] ....   391.129813: do_anonymous_page: anonymous tgid 6355 6407 "Thread-7" 7e9028a000
        Thread-7-6407  [004] ....   391.129815: do_anonymous_page: anonymous tgid 6355 6407 "Thread-7" 7e9028b000
        Thread-7-6407  [004] ....   391.129817: do_anonymous_page: anonymous tgid 6355 6407 "Thread-7" 7e9028c000
        Thread-7-6407  [004] ....   391.129819: do_anonymous_page: anonymous tgid 6355 6407 "Thread-7" 7e9028d000
        Thread-7-6407  [004] ....   391.129821: do_anonymous_page: anonymous tgid 6355 6407 "Thread-7" 7e9028e000
        Thread-7-6407  [004] ....   391.129823: do_anonymous_page: anonymous tgid 6355 6407 "Thread-7" 7e9028f000
        Thread-7-6407  [004] ....   391.129880: do_anonymous_page: anonymous tgid 6355 6407 "Thread-7" 7e90290000
        Thread-7-6407  [004] ....   391.129882: do_anonymous_page: anonymous tgid 6355 6407 "Thread-7" 7e90291000
        Thread-7-6407  [004] ....   391.129884: do_anonymous_page: anonymous tgid 6355 6407 "Thread-7" 7e90292000
        Thread-7-6407  [004] ....   391.129886: do_anonymous_page: anonymous tgid 6355 6407 "Thread-7" 7e90293000
        Thread-7-6407  [004] ....   391.129889: do_anonymous_page: anonymous tgid 6355 6407 "Thread-7" 7e90294000
        Thread-7-6407  [004] ....   391.129891: do_anonymous_page: anonymous tgid 6355 6407 "Thread-7" 7e90295000
        Thread-7-6407  [004] ....   391.129894: do_anonymous_page: anonymous tgid 6355 6407 "Thread-7" 7e90296000
        Thread-7-6407  [004] ....   391.129897: do_anonymous_page: anonymous tgid 6355 6407 "Thread-7" 7e90297000
        Thread-7-6407  [004] ....   391.129976: do_anonymous_page: anonymous tgid 6355 6407 "Thread-7" 7e90298000
        Thread-7-6407  [004] ....   391.129978: do_anonymous_page: anonymous tgid 6355 6407 "Thread-7" 7e90299000
        Thread-7-6407  [004] ....   391.129980: do_anonymous_page: anonymous tgid 6355 6407 "Thread-7" 7e9029a000
        Thread-7-6407  [004] ....   391.129982: do_anonymous_page: anonymous tgid 6355 6407 "Thread-7" 7e9029b000
        Thread-7-6407  [004] ....   391.129984: do_anonymous_page: anonymous tgid 6355 6407 "Thread-7" 7e9029c000
        Thread-7-6407  [004] ....   391.129986: do_anonymous_page: anonymous tgid 6355 6407 "Thread-7" 7e9029d000
        Thread-7-6407  [004] ....   391.129988: do_anonymous_page: anonymous tgid 6355 6407 "Thread-7" 7e9029e000
        Thread-7-6407  [004] ....   391.129990: do_anonymous_page: anonymous tgid 6355 6407 "Thread-7" 7e9029f000
        Thread-7-6407  [004] ....   391.130085: do_anonymous_page: anonymous tgid 6355 6407 "Thread-7" 7e902a0000
        Thread-7-6407  [004] ....   391.130087: do_anonymous_page: anonymous tgid 6355 6407 "Thread-7" 7e902a1000
        Thread-7-6407  [004] ....   391.130090: do_anonymous_page: anonymous tgid 6355 6407 "Thread-7" 7e902a2000
        Thread-7-6407  [004] ....   391.130092: do_anonymous_page: anonymous tgid 6355 6407 "Thread-7" 7e902a3000
        Thread-7-6407  [004] ....   391.130094: do_anonymous_page: anonymous tgid 6355 6407 "Thread-7" 7e902a4000
        Thread-7-6407  [004] ....   391.130096: do_anonymous_page: anonymous tgid 6355 6407 "Thread-7" 7e902a5000
        Thread-7-6407  [004] ....   391.130098: do_anonymous_page: anonymous tgid 6355 6407 "Thread-7" 7e902a6000
        Thread-7-6407  [004] ....   391.130100: do_anonymous_page: anonymous tgid 6355 6407 "Thread-7" 7e902a7000
        Thread-7-6407  [004] ....   391.130168: do_anonymous_page: anonymous tgid 6355 6407 "Thread-7" 7e902a8000
        Thread-7-6407  [004] ....   391.130171: do_anonymous_page: anonymous tgid 6355 6407 "Thread-7" 7e902a9000
        Thread-7-6407  [004] ....   391.130173: do_anonymous_page: anonymous tgid 6355 6407 "Thread-7" 7e902aa000
        Thread-7-6407  [004] ....   391.130175: do_anonymous_page: anonymous tgid 6355 6407 "Thread-7" 7e902ab000
        Thread-7-6407  [004] ....   391.130177: do_anonymous_page: anonymous tgid 6355 6407 "Thread-7" 7e902ac000
        Thread-7-6407  [004] ....   391.130179: do_anonymous_page: anonymous tgid 6355 6407 "Thread-7" 7e902ad000
        Thread-7-6407  [004] ....   391.130181: do_anonymous_page: anonymous tgid 6355 6407 "Thread-7" 7e902ae000
        Thread-7-6407  [004] ....   391.130183: do_anonymous_page: anonymous tgid 6355 6407 "Thread-7" 7e902af000
        Thread-7-6407  [004] ....   391.130261: do_anonymous_page: anonymous tgid 6355 6407 "Thread-7" 7e902b0000
        Thread-7-6407  [004] ....   391.130263: do_anonymous_page: anonymous tgid 6355 6407 "Thread-7" 7e902b1000
        Thread-7-6407  [004] ....   391.130266: do_anonymous_page: anonymous tgid 6355 6407 "Thread-7" 7e902b2000
        Thread-7-6407  [004] ....   391.130268: do_anonymous_page: anonymous tgid 6355 6407 "Thread-7" 7e902b3000
        Thread-7-6407  [004] ....   391.130270: do_anonymous_page: anonymous tgid 6355 6407 "Thread-7" 7e902b4000
        Thread-7-6407  [004] ....   391.130272: do_anonymous_page: anonymous tgid 6355 6407 "Thread-7" 7e902b5000
        Thread-7-6407  [004] ....   391.130274: do_anonymous_page: anonymous tgid 6355 6407 "Thread-7" 7e902b6000
        Thread-7-6407  [004] ....   391.130276: do_anonymous_page: anonymous tgid 6355 6407 "Thread-7" 7e902b7000
        Thread-7-6407  [004] ....   391.130342: do_anonymous_page: anonymous tgid 6355 6407 "Thread-7" 7e902b8000
