           <...>-6413  [004] ....  2497.268917: do_anonymous_page: anonymous tgid 6355 6413 "SentryAsyncConn" 12d1c000
           <...>-6413  [004] ....  2497.268934: do_anonymous_page: anonymous tgid 6355 6413 "SentryAsyncConn" 76078000
           <...>-6413  [004] ....  2497.268940: do_anonymous_page: anonymous tgid 6355 6413 "SentryAsyncConn" 12d1e000
           <...>-6413  [004] ....  2497.268952: do_anonymous_page: anonymous tgid 6355 6413 "SentryAsyncConn" 12d1d000
           <...>-6413  [004] ....  2497.268970: do_anonymous_page: anonymous tgid 6355 6413 "SentryAsyncConn" 12d1f000
           <...>-6413  [004] ....  2497.269378: do_anonymous_page: anonymous tgid 6355 6413 "SentryAsyncConn" 7607d000
           <...>-6413  [004] ....  2497.269384: do_anonymous_page: anonymous tgid 6355 6413 "SentryAsyncConn" 12d21000
           <...>-6413  [004] ....  2497.269389: do_anonymous_page: anonymous tgid 6355 6413 "SentryAsyncConn" 12d22000
           <...>-6413  [004] ....  2497.269413: do_anonymous_page: anonymous tgid 6355 6413 "SentryAsyncConn" 12d20000
           <...>-1463  [004] ....  2497.269671: do_anonymous_page: anonymous tgid 1338 1463 "Binder:1338_3" 131c2000
           <...>-1615  [004] ....  2497.276825: do_anonymous_page: anonymous tgid 1338 1615 "Binder:1338_4" 12c8b000
    Binder:601_4-2119  [004] ....  2497.277642: do_anonymous_page: anonymous tgid 601 2119 "Binder:601_4" 7fba60d000
    Binder:601_4-2119  [004] ....  2497.277665: do_anonymous_page: anonymous tgid 601 2119 "Binder:601_4" 7fba60b000
    Binder:601_4-2119  [004] ....  2497.277670: do_anonymous_page: anonymous tgid 601 2119 "Binder:601_4" 7fba60c000
           <...>-1463  [004] ....  2497.285845: do_anonymous_page: anonymous tgid 1338 1463 "Binder:1338_3" 131c3000
           <...>-1357  [004] ....  2497.286779: do_anonymous_page: anonymous tgid 1338 1357 "android.fg" 13102000
           <...>-6355  [004] ....  2497.291684: do_anonymous_page: anonymous tgid 6355 6355 "ell.clashroyale" 12c46000
 android.vending-2936  [004] ....  2497.296425: do_anonymous_page: anonymous tgid 2936 2936 "android.vending" 12d40000
 android.vending-2936  [004] ....  2497.296707: do_anonymous_page: anonymous tgid 2936 2936 "android.vending" 12d41000
 android.vending-2936  [004] ....  2497.296791: do_anonymous_page: anonymous tgid 2936 2936 "android.vending" 7e94762000
   Binder:1338_9-2441  [004] ....  2497.297157: do_anonymous_page: anonymous tgid 1338 2441 "Binder:1338_9" 13182000
    Binder:601_4-2119  [004] ....  2497.297587: do_anonymous_page: anonymous tgid 601 2119 "Binder:601_4" 7fba613000
    Binder:601_4-2119  [004] ....  2497.297591: do_anonymous_page: anonymous tgid 601 2119 "Binder:601_4" 7fba611000
    Binder:601_4-2119  [004] ....  2497.297597: do_anonymous_page: anonymous tgid 601 2119 "Binder:601_4" 7fba612000
    Binder:601_4-2119  [004] ....  2497.297612: do_anonymous_page: anonymous tgid 601 2119 "Binder:601_4" 7fba6c9000
    Binder:601_4-2119  [004] ....  2497.297614: do_anonymous_page: anonymous tgid 601 2119 "Binder:601_4" 7fba6c8000
    Binder:601_4-2119  [004] ....  2497.297629: do_anonymous_page: anonymous tgid 601 2119 "Binder:601_4" 7fba608000
    Binder:601_4-2119  [004] ....  2497.297995: do_anonymous_page: anonymous tgid 601 2119 "Binder:601_4" 7fba61b000
    Binder:601_4-2119  [004] ....  2497.298000: do_anonymous_page: anonymous tgid 601 2119 "Binder:601_4" 7fba619000
    Binder:601_4-2119  [004] ....  2497.298007: do_anonymous_page: anonymous tgid 601 2119 "Binder:601_4" 7fba61a000
    Binder:601_4-2119  [004] ....  2497.298017: do_anonymous_page: anonymous tgid 601 2119 "Binder:601_4" 7fba6ca000
           <...>-6355  [004] ....  2497.298146: do_anonymous_page: anonymous tgid 6355 6355 "ell.clashroyale" 12c47000
    Binder:601_4-2119  [004] ....  2497.298193: do_anonymous_page: anonymous tgid 601 2119 "Binder:601_4" 7fba6c3000
    Binder:601_4-2119  [004] ....  2497.298198: do_anonymous_page: anonymous tgid 601 2119 "Binder:601_4" 7fba6c1000
    Binder:601_4-2119  [004] ....  2497.298201: do_anonymous_page: anonymous tgid 601 2119 "Binder:601_4" 7fba6c2000
           <...>-6594  [004] ....  2497.301612: do_anonymous_page: anonymous tgid 2936 6594 "Binder:2936_6" 7f311b5000
           <...>-6594  [004] ....  2497.301637: do_anonymous_page: anonymous tgid 2936 6594 "Binder:2936_6" 12d80000
           <...>-5929  [004] ....  2497.302194: do_anonymous_page: anonymous tgid 5929 5929 "droid.bluetooth" 12c4c000
           <...>-2086  [004] ....  2497.303035: do_anonymous_page: anonymous tgid 2054 2086 "UiThreadHelper" 12cca000
 m.android.phone-1968  [004] ....  2497.303854: do_anonymous_page: anonymous tgid 1968 1968 "m.android.phone" 1345e000
           <...>-2217  [004] ....  2497.304336: do_anonymous_page: anonymous tgid 1739 2217 "ScreenDecoratio" 12d49000
           <...>-2217  [004] ....  2497.308608: do_anonymous_page: anonymous tgid 1739 2217 "ScreenDecoratio" 12d4a000
           <...>-6413  [004] ....  2497.309033: do_anonymous_page: anonymous tgid 6355 6413 "SentryAsyncConn" 12d23000
           <...>-6413  [004] ....  2497.309187: do_anonymous_page: anonymous tgid 6355 6413 "SentryAsyncConn" 12d25000
           <...>-6413  [004] ....  2497.309221: do_anonymous_page: anonymous tgid 6355 6413 "SentryAsyncConn" 7615b000
           <...>-6413  [004] ....  2497.309226: do_anonymous_page: anonymous tgid 6355 6413 "SentryAsyncConn" 12d27000
           <...>-6413  [004] ....  2497.309274: do_anonymous_page: anonymous tgid 6355 6413 "SentryAsyncConn" 12d26000
           <...>-6413  [004] ....  2497.309304: do_anonymous_page: anonymous tgid 6355 6413 "SentryAsyncConn" 12d24000
           <...>-1615  [004] ....  2497.310875: do_anonymous_page: anonymous tgid 1338 1615 "Binder:1338_4" 12c8c000
           <...>-2217  [004] ....  2497.312798: do_anonymous_page: anonymous tgid 1739 2217 "ScreenDecoratio" 12d4b000
           <...>-2217  [004] ....  2497.313068: do_anonymous_page: anonymous tgid 1739 2217 "ScreenDecoratio" 12d4c000
     logd.writer-572   [004] ....  2497.313400: do_anonymous_page: anonymous tgid 556 572 "logd.writer" 7fb5707000
           <...>-6413  [004] ....  2497.314218: do_anonymous_page: anonymous tgid 6355 6413 "SentryAsyncConn" 12d28000
           <...>-6413  [004] ....  2497.314255: do_anonymous_page: anonymous tgid 6355 6413 "SentryAsyncConn" 12d29000
            netd-1100  [004] ....  2497.314708: do_anonymous_page: anonymous tgid 787 1100 "netd" 7fad224000
            netd-1100  [004] ....  2497.314714: do_anonymous_page: anonymous tgid 787 1100 "netd" 7fad223000
           <...>-6419  [004] ....  2497.315424: do_anonymous_page: anonymous tgid 6355 6419 "hwuiTask0" 7f30930000
    Binder:601_2-654   [004] ....  2497.318108: do_anonymous_page: anonymous tgid 601 654 "Binder:601_2" 7fb760f000
           <...>-6390  [004] ....  2497.318182: do_anonymous_page: anonymous tgid 6355 6390 "RenderThread" 12e00000
           <...>-6390  [004] ....  2497.318202: do_anonymous_page: anonymous tgid 6355 6390 "RenderThread" 7f3099a000
           <...>-1361  [004] ....  2497.319986: do_anonymous_page: anonymous tgid 1338 1361 "android.anim" 7e6eb83000
           <...>-1361  [004] ....  2497.319992: do_anonymous_page: anonymous tgid 1338 1361 "android.anim" 7e6eb84000
           <...>-1361  [004] ....  2497.319994: do_anonymous_page: anonymous tgid 1338 1361 "android.anim" 7e6eb85000
           <...>-1361  [004] ....  2497.319996: do_anonymous_page: anonymous tgid 1338 1361 "android.anim" 7e6eb86000
           <...>-1361  [004] ....  2497.319998: do_anonymous_page: anonymous tgid 1338 1361 "android.anim" 7e6eb87000
           <...>-1361  [004] ....  2497.320000: do_anonymous_page: anonymous tgid 1338 1361 "android.anim" 7e6eb88000
           <...>-1361  [004] ....  2497.320001: do_anonymous_page: anonymous tgid 1338 1361 "android.anim" 7e6eb89000
           <...>-1361  [004] ....  2497.320003: do_anonymous_page: anonymous tgid 1338 1361 "android.anim" 7e6eb8a000
           <...>-1361  [004] ....  2497.320005: do_anonymous_page: anonymous tgid 1338 1361 "android.anim" 7e6eb8b000
           <...>-1361  [004] ....  2497.320008: do_anonymous_page: anonymous tgid 1338 1361 "android.anim" 7e6eb8c000
           <...>-1361  [004] ....  2497.320010: do_anonymous_page: anonymous tgid 1338 1361 "android.anim" 7e6eb8d000
           <...>-1361  [004] ....  2497.320012: do_anonymous_page: anonymous tgid 1338 1361 "android.anim" 7e6eb8e000
           <...>-1361  [004] ....  2497.320014: do_anonymous_page: anonymous tgid 1338 1361 "android.anim" 7e6eb8f000
           <...>-1361  [004] ....  2497.320016: do_anonymous_page: anonymous tgid 1338 1361 "android.anim" 7e6eb90000
           <...>-1361  [004] ....  2497.320019: do_anonymous_page: anonymous tgid 1338 1361 "android.anim" 7e6eb91000
           <...>-1361  [004] ....  2497.320020: do_anonymous_page: anonymous tgid 1338 1361 "android.anim" 7e6eb92000
           <...>-1361  [004] ....  2497.320023: do_anonymous_page: anonymous tgid 1338 1361 "android.anim" 7e6eb93000
           <...>-1361  [004] ....  2497.320024: do_anonymous_page: anonymous tgid 1338 1361 "android.anim" 7e6eb94000
           <...>-1361  [004] ....  2497.320044: do_anonymous_page: anonymous tgid 1338 1361 "android.anim" 7e6eb95000
           <...>-1361  [004] ....  2497.320093: do_anonymous_page: anonymous tgid 1338 1361 "android.anim" 13009000
    Binder:601_4-2119  [004] ....  2497.320229: do_anonymous_page: anonymous tgid 601 2119 "Binder:601_4" 7fba715000
    Binder:601_4-2119  [004] ....  2497.320233: do_anonymous_page: anonymous tgid 601 2119 "Binder:601_4" 7fba713000
    Binder:601_4-2119  [004] ....  2497.320238: do_anonymous_page: anonymous tgid 601 2119 "Binder:601_4" 7fba714000
           <...>-1361  [004] ....  2497.320343: do_anonymous_page: anonymous tgid 1338 1361 "android.anim" 1300a000
    Binder:601_4-2119  [004] ....  2497.320467: do_anonymous_page: anonymous tgid 601 2119 "Binder:601_4" 7fba71d000
    Binder:601_4-2119  [004] ....  2497.320471: do_anonymous_page: anonymous tgid 601 2119 "Binder:601_4" 7fba71b000
    Binder:601_4-2119  [004] ....  2497.320475: do_anonymous_page: anonymous tgid 601 2119 "Binder:601_4" 7fba71c000
           <...>-1361  [004] ....  2497.320607: do_anonymous_page: anonymous tgid 1338 1361 "android.anim" 1300b000
           <...>-1361  [004] ....  2497.320881: do_anonymous_page: anonymous tgid 1338 1361 "android.anim" 1300c000
    Binder:601_4-2119  [004] ....  2497.320953: do_anonymous_page: anonymous tgid 601 2119 "Binder:601_4" 7fba73b000
    Binder:601_4-2119  [004] ....  2497.320958: do_anonymous_page: anonymous tgid 601 2119 "Binder:601_4" 7fba739000
    Binder:601_4-2119  [004] ....  2497.320962: do_anonymous_page: anonymous tgid 601 2119 "Binder:601_4" 7fba73a000
           <...>-1361  [004] ....  2497.321033: do_anonymous_page: anonymous tgid 1338 1361 "android.anim" 1300d000
    Binder:601_4-2119  [004] ....  2497.321103: do_anonymous_page: anonymous tgid 601 2119 "Binder:601_4" 7fba749000
    Binder:601_4-2119  [004] ....  2497.321107: do_anonymous_page: anonymous tgid 601 2119 "Binder:601_4" 7fba747000
    Binder:601_4-2119  [004] ....  2497.321111: do_anonymous_page: anonymous tgid 601 2119 "Binder:601_4" 7fba748000
           <...>-1361  [004] ....  2497.321189: do_anonymous_page: anonymous tgid 1338 1361 "android.anim" 1300e000
           <...>-6355  [004] ....  2497.325180: do_anonymous_page: anonymous tgid 6355 6355 "ell.clashroyale" 12c48000
           <...>-2462  [004] ....  2497.325755: do_anonymous_page: anonymous tgid 1338 2462 "Binder:1338_B" 7f232c8000
           <...>-2462  [004] ....  2497.325781: do_anonymous_page: anonymous tgid 1338 2462 "Binder:1338_B" 138c0000
           <...>-6355  [004] ....  2497.325840: do_anonymous_page: anonymous tgid 6355 6355 "ell.clashroyale" 12c49000
           <...>-1356  [004] ....  2497.325879: do_anonymous_page: anonymous tgid 1338 1356 "Binder:1338_2" 7f311b0000
           <...>-1356  [004] ....  2497.325892: do_anonymous_page: anonymous tgid 1338 1356 "Binder:1338_2" 13900000
           <...>-6857  [004] ....  2497.326166: do_anonymous_page: anonymous tgid 1338 6857 "Binder:1338_14" 7f20e09000
           <...>-6857  [004] ....  2497.326176: do_anonymous_page: anonymous tgid 1338 6857 "Binder:1338_14" 13940000
           <...>-7736  [004] ....  2497.326632: do_anonymous_page: anonymous tgid 1338 7736 "Binder:1338_16" 7f20c9f000
           <...>-7736  [004] ....  2497.326643: do_anonymous_page: anonymous tgid 1338 7736 "Binder:1338_16" 13980000
           <...>-6355  [004] ....  2497.327431: do_anonymous_page: anonymous tgid 6355 6355 "ell.clashroyale" 12c4a000
   Binder:1338_C-3799  [004] ....  2497.327494: do_anonymous_page: anonymous tgid 1338 3799 "Binder:1338_C" 134c4000
           <...>-6355  [004] ....  2497.327650: do_anonymous_page: anonymous tgid 6355 6355 "ell.clashroyale" 12c4b000
           <...>-6355  [004] ....  2497.327690: do_anonymous_page: anonymous tgid 6355 6355 "ell.clashroyale" 12c4c000
           <...>-6857  [004] ....  2497.327946: do_anonymous_page: anonymous tgid 1338 6857 "Binder:1338_14" 13941000
           <...>-7736  [004] ....  2497.329064: do_anonymous_page: anonymous tgid 1338 7736 "Binder:1338_16" 13981000
           <...>-5370  [004] ....  2497.329389: do_anonymous_page: anonymous tgid 1338 5370 "Binder:1338_11" 12fc1000
           <...>-3984  [004] ....  2497.329520: do_anonymous_page: anonymous tgid 1338 3984 "Binder:1338_F" 13141000
           <...>-1355  [004] ....  2497.329871: do_anonymous_page: anonymous tgid 1338 1355 "Binder:1338_1" 12f82000
           <...>-4240  [004] ....  2497.329960: do_anonymous_page: anonymous tgid 1338 4240 "Binder:1338_10" 7f20cca000
           <...>-4240  [004] ....  2497.329976: do_anonymous_page: anonymous tgid 1338 4240 "Binder:1338_10" 139c0000
           <...>-1907  [004] ....  2497.330089: do_anonymous_page: anonymous tgid 1338 1907 "Binder:1338_6" 7f20e4e000
           <...>-1907  [004] ....  2497.330101: do_anonymous_page: anonymous tgid 1338 1907 "Binder:1338_6" 13a40000
           <...>-6606  [004] ....  2497.330225: do_anonymous_page: anonymous tgid 6355 6606 "PlayBillingLibr" 12e40000
           <...>-6594  [004] ....  2497.330810: do_anonymous_page: anonymous tgid 2936 6594 "Binder:2936_6" 12d81000
           <...>-6594  [004] ....  2497.330886: do_anonymous_page: anonymous tgid 2936 6594 "Binder:2936_6" 12d82000
           <...>-6594  [004] ....  2497.330969: do_anonymous_page: anonymous tgid 2936 6594 "Binder:2936_6" 12d83000
           <...>-6594  [004] ....  2497.331077: do_anonymous_page: anonymous tgid 2936 6594 "Binder:2936_6" 12d84000
           <...>-5443  [004] ....  2497.331183: do_anonymous_page: anonymous tgid 1338 5443 "Binder:1338_12" 7f232c6000
           <...>-5443  [004] ....  2497.331195: do_anonymous_page: anonymous tgid 1338 5443 "Binder:1338_12" 13ac0000
           <...>-6857  [004] ....  2497.331631: do_anonymous_page: anonymous tgid 1338 6857 "Binder:1338_14" 13942000
           <...>-6857  [004] ....  2497.331729: do_anonymous_page: anonymous tgid 1338 6857 "Binder:1338_14" 13943000
           <...>-1361  [004] ....  2497.332288: do_anonymous_page: anonymous tgid 1338 1361 "android.anim" 1300f000
    Binder:601_4-2119  [004] ....  2497.332674: do_anonymous_page: anonymous tgid 601 2119 "Binder:601_4" 7fba74f000
    Binder:601_4-2119  [004] ....  2497.332678: do_anonymous_page: anonymous tgid 601 2119 "Binder:601_4" 7fba74d000
    Binder:601_4-2119  [004] ....  2497.332686: do_anonymous_page: anonymous tgid 601 2119 "Binder:601_4" 7fba74e000
           <...>-6594  [004] ....  2497.332926: do_anonymous_page: anonymous tgid 2936 6594 "Binder:2936_6" 12d85000
           <...>-1361  [004] ....  2497.333681: do_anonymous_page: anonymous tgid 1338 1361 "android.anim" 13010000
           <...>-1362  [004] ....  2497.334712: do_anonymous_page: anonymous tgid 1338 1362 "android.anim.lf" 13281000
           <...>-1357  [004] ....  2497.341087: do_anonymous_page: anonymous tgid 1338 1357 "android.fg" 13103000
 composer@2.3-se-603   [004] ....  2497.344838: do_anonymous_page: anonymous tgid 603 603 "composer@2.3-se" 7fbce47000
 composer@2.3-se-603   [004] ....  2497.345166: do_anonymous_page: anonymous tgid 603 603 "composer@2.3-se" 7fb5ebb000
 composer@2.3-se-603   [004] ....  2497.345322: do_anonymous_page: anonymous tgid 603 603 "composer@2.3-se" 7fb4465000
 composer@2.3-se-603   [004] ....  2497.345325: do_anonymous_page: anonymous tgid 603 603 "composer@2.3-se" 7fb4466000
 composer@2.3-se-603   [004] ....  2497.345328: do_anonymous_page: anonymous tgid 603 603 "composer@2.3-se" 7fb4467000
 composer@2.3-se-603   [004] ....  2497.345330: do_anonymous_page: anonymous tgid 603 603 "composer@2.3-se" 7fb4468000
 composer@2.3-se-603   [004] ....  2497.345333: do_anonymous_page: anonymous tgid 603 603 "composer@2.3-se" 7fb4469000
 composer@2.3-se-603   [004] ....  2497.345338: do_anonymous_page: anonymous tgid 603 603 "composer@2.3-se" 7fb446a000
 composer@2.3-se-603   [004] ....  2497.345340: do_anonymous_page: anonymous tgid 603 603 "composer@2.3-se" 7fb446b000
 composer@2.3-se-603   [004] ....  2497.345412: do_anonymous_page: anonymous tgid 603 603 "composer@2.3-se" 7fb446d000
 composer@2.3-se-603   [004] ....  2497.345415: do_anonymous_page: anonymous tgid 603 603 "composer@2.3-se" 7fb446e000
 composer@2.3-se-603   [004] ....  2497.345417: do_anonymous_page: anonymous tgid 603 603 "composer@2.3-se" 7fb446f000
 composer@2.3-se-603   [004] ....  2497.345419: do_anonymous_page: anonymous tgid 603 603 "composer@2.3-se" 7fb4470000
 composer@2.3-se-603   [004] ....  2497.345421: do_anonymous_page: anonymous tgid 603 603 "composer@2.3-se" 7fb4471000
 composer@2.3-se-603   [004] ....  2497.345423: do_anonymous_page: anonymous tgid 603 603 "composer@2.3-se" 7fb4472000
 composer@2.3-se-603   [004] ....  2497.345426: do_anonymous_page: anonymous tgid 603 603 "composer@2.3-se" 7fb4473000
 composer@2.3-se-603   [004] ....  2497.345428: do_anonymous_page: anonymous tgid 603 603 "composer@2.3-se" 7fb4474000
 composer@2.3-se-603   [004] ....  2497.345430: do_anonymous_page: anonymous tgid 603 603 "composer@2.3-se" 7fb4475000
 composer@2.3-se-603   [004] ....  2497.345431: do_anonymous_page: anonymous tgid 603 603 "composer@2.3-se" 7fb4476000
 composer@2.3-se-603   [004] ....  2497.345517: do_anonymous_page: anonymous tgid 603 603 "composer@2.3-se" 7fbce4b000
           <...>-1923  [004] ....  2497.346643: do_anonymous_page: anonymous tgid 1338 1923 "Binder:1338_7" 13210000
           <...>-6730  [004] ....  2497.346771: do_anonymous_page: anonymous tgid 1739 6730 "Binder:1739_8" 7fbdae3000
           <...>-6730  [004] ....  2497.346790: do_anonymous_page: anonymous tgid 1739 6730 "Binder:1739_8" 12f40000
    Binder:601_2-654   [004] ....  2497.346896: do_anonymous_page: anonymous tgid 601 654 "Binder:601_2" 7fb7613000
    Binder:601_2-654   [004] ....  2497.346905: do_anonymous_page: anonymous tgid 601 654 "Binder:601_2" 7fb7611000
    Binder:601_2-654   [004] ....  2497.346910: do_anonymous_page: anonymous tgid 601 654 "Binder:601_2" 7fb7612000
           <...>-1923  [004] ....  2497.347562: do_anonymous_page: anonymous tgid 1338 1923 "Binder:1338_7" 7f28b95000
           <...>-1923  [004] ....  2497.347567: do_anonymous_page: anonymous tgid 1338 1923 "Binder:1338_7" 7f28b96000
           <...>-1923  [004] ....  2497.347791: do_anonymous_page: anonymous tgid 1338 1923 "Binder:1338_7" 13211000
           <...>-6730  [004] ....  2497.348111: do_anonymous_page: anonymous tgid 1739 6730 "Binder:1739_8" 12f41000
           <...>-2429  [004] ....  2497.351286: do_anonymous_page: anonymous tgid 2409 2429 "Binder:2409_2" 12c41000
 gle.android.gms-2409  [004] ....  2497.351323: do_anonymous_page: anonymous tgid 2409 2409 "gle.android.gms" 12c82000
 gle.android.gms-2409  [004] ....  2497.351528: do_anonymous_page: anonymous tgid 2409 2409 "gle.android.gms" 12c83000
 gle.android.gms-2409  [004] ....  2497.351792: do_anonymous_page: anonymous tgid 2409 2409 "gle.android.gms" 12c84000
 gle.android.gms-2409  [004] ....  2497.351900: do_anonymous_page: anonymous tgid 2409 2409 "gle.android.gms" 12c85000
           <...>-2288  [004] ....  2497.352954: do_anonymous_page: anonymous tgid 2259 2288 "Binder:2259_3" 13131000
           <...>-3344  [004] ....  2497.353047: do_anonymous_page: anonymous tgid 2259 3344 "Binder:2259_8" 12ec1000
   Binder:1338_C-3799  [004] ....  2497.353482: do_anonymous_page: anonymous tgid 1338 3799 "Binder:1338_C" 134c5000
           <...>-2259  [004] ....  2497.353740: do_anonymous_page: anonymous tgid 2259 2259 ".gms.persistent" 157a0000
           <...>-6355  [004] ....  2497.354071: do_anonymous_page: anonymous tgid 6355 6355 "ell.clashroyale" 12c4d000
           <...>-6355  [004] ....  2497.354196: do_anonymous_page: anonymous tgid 6355 6355 "ell.clashroyale" 12c4e000
    Binder:601_3-737   [004] ....  2497.355378: do_anonymous_page: anonymous tgid 601 737 "Binder:601_3" 7fba614000
           <...>-2048  [004] ....  2497.358749: do_anonymous_page: anonymous tgid 1739 2048 "pool-2-thread-1" 12f80000
 ndroid.systemui-1739  [004] ....  2497.362045: do_anonymous_page: anonymous tgid 1739 1739 "ndroid.systemui" 12cb3000
 ndroid.systemui-1739  [004] ....  2497.362471: do_anonymous_page: anonymous tgid 1739 1739 "ndroid.systemui" 12cb4000
           <...>-2048  [004] ....  2497.363143: do_anonymous_page: anonymous tgid 1739 2048 "pool-2-thread-1" 12f81000
           <...>-1463  [004] ....  2497.363428: do_anonymous_page: anonymous tgid 1338 1463 "Binder:1338_3" 7e63726000
           <...>-1463  [004] ....  2497.364030: do_anonymous_page: anonymous tgid 1338 1463 "Binder:1338_3" 131c4000
           <...>-2217  [004] ....  2497.365194: do_anonymous_page: anonymous tgid 1739 2217 "ScreenDecoratio" 12d4d000
           <...>-2453  [004] ....  2497.365565: do_anonymous_page: anonymous tgid 2054 2453 "Binder:2054_4" 12c84000
   Binder:1338_9-2441  [004] ....  2497.365815: do_anonymous_page: anonymous tgid 1338 2441 "Binder:1338_9" 13183000
           <...>-2086  [004] ....  2497.365958: do_anonymous_page: anonymous tgid 2054 2086 "UiThreadHelper" 12ccb000
           <...>-6644  [004] ....  2497.366130: do_anonymous_page: anonymous tgid 1338 6644 "Binder:1338_13" 137c9000
           <...>-601   [004] ....  2497.372803: do_anonymous_page: anonymous tgid 601 601 "surfaceflinger" 7fb75a2000
           <...>-2428  [004] ....  2497.376020: do_anonymous_page: anonymous tgid 2409 2428 "Binder:2409_1" 7f311ff000
           <...>-2428  [004] ....  2497.376050: do_anonymous_page: anonymous tgid 2409 2428 "Binder:2409_1" 12dc0000
   Binder:1338_9-2441  [004] ....  2497.376469: do_anonymous_page: anonymous tgid 1338 2441 "Binder:1338_9" 13184000
           <...>-2428  [004] ....  2497.380765: do_anonymous_page: anonymous tgid 2409 2428 "Binder:2409_1" 12dc1000
           <...>-2428  [004] ....  2497.380844: do_anonymous_page: anonymous tgid 2409 2428 "Binder:2409_1" 12dc2000
           <...>-6411  [004] ....  2497.384171: do_anonymous_page: anonymous tgid 6355 6411 "AppUpdateServic" 12dc1000
           <...>-6594  [004] ....  2497.384420: do_anonymous_page: anonymous tgid 2936 6594 "Binder:2936_6" 12d86000
           <...>-6594  [004] ....  2497.384775: do_anonymous_page: anonymous tgid 2936 6594 "Binder:2936_6" 7f33f1b000
           <...>-6594  [004] ....  2497.384834: do_anonymous_page: anonymous tgid 2936 6594 "Binder:2936_6" 7f2af1c000
           <...>-6594  [004] ....  2497.384838: do_anonymous_page: anonymous tgid 2936 6594 "Binder:2936_6" 7f2af1b000
           <...>-6390  [004] ....  2497.385375: do_anonymous_page: anonymous tgid 6355 6390 "RenderThread" 7eba86e000
           <...>-6390  [004] ....  2497.385382: do_anonymous_page: anonymous tgid 6355 6390 "RenderThread" 7eba86f000
 ndroid.systemui-1739  [004] ....  2497.386365: do_anonymous_page: anonymous tgid 1739 1739 "ndroid.systemui" 12cb5000
    RenderThread-2141  [004] ....  2497.387325: do_anonymous_page: anonymous tgid 1739 2141 "RenderThread" 7eb451c000
    RenderThread-2141  [004] ....  2497.392423: do_anonymous_page: anonymous tgid 1739 2141 "RenderThread" 7eb47ee000
           <...>-2428  [004] ....  2497.395432: do_anonymous_page: anonymous tgid 2409 2428 "Binder:2409_1" 12dc3000
           <...>-2428  [004] ....  2497.395786: do_anonymous_page: anonymous tgid 2409 2428 "Binder:2409_1" 12dc4000
           <...>-2428  [004] ....  2497.395925: do_anonymous_page: anonymous tgid 2409 2428 "Binder:2409_1" 12dc5000
           <...>-2428  [004] ....  2497.396104: do_anonymous_page: anonymous tgid 2409 2428 "Binder:2409_1" 12dc6000
           <...>-2800  [004] ....  2497.396305: do_anonymous_page: anonymous tgid 2409 2800 "GoogleApiHandle" 12e00000
   Binder:1338_9-2441  [004] ....  2497.397659: do_anonymous_page: anonymous tgid 1338 2441 "Binder:1338_9" 13185000
 gle.android.gms-2409  [004] ....  2497.398458: do_anonymous_page: anonymous tgid 2409 2409 "gle.android.gms" 12c86000
           <...>-2800  [004] ....  2497.398514: do_anonymous_page: anonymous tgid 2409 2800 "GoogleApiHandle" 12e01000
           <...>-2288  [004] ....  2497.398812: do_anonymous_page: anonymous tgid 2259 2288 "Binder:2259_3" 13132000
 ndroid.systemui-1739  [004] ....  2497.400162: do_anonymous_page: anonymous tgid 1739 1739 "ndroid.systemui" 12cb6000
        Thread-8-6418  [004] ....  2497.403278: do_anonymous_page: anonymous tgid 6355 6418 "Thread-8" 12e80000
        Thread-7-6407  [004] ....  2497.408604: do_anonymous_page: anonymous tgid 6355 6407 "Thread-7" 7e94bae000
        Thread-7-6407  [004] ....  2497.408615: do_anonymous_page: anonymous tgid 6355 6407 "Thread-7" 7e94baf000
        Thread-7-6407  [004] ....  2497.408618: do_anonymous_page: anonymous tgid 6355 6407 "Thread-7" 7e94bb0000
        Thread-7-6407  [004] ....  2497.408620: do_anonymous_page: anonymous tgid 6355 6407 "Thread-7" 7e94bb1000
        Thread-7-6407  [004] ....  2497.408621: do_anonymous_page: anonymous tgid 6355 6407 "Thread-7" 7e94bb2000
        Thread-7-6407  [004] ....  2497.408629: do_anonymous_page: anonymous tgid 6355 6407 "Thread-7" 7e94bb3000
        Thread-7-6407  [004] ....  2497.408631: do_anonymous_page: anonymous tgid 6355 6407 "Thread-7" 7e94bb4000
        Thread-7-6407  [004] ....  2497.408633: do_anonymous_page: anonymous tgid 6355 6407 "Thread-7" 7e94bb5000
        Thread-7-6407  [004] ....  2497.408634: do_anonymous_page: anonymous tgid 6355 6407 "Thread-7" 7e94bb6000
        Thread-7-6407  [004] ....  2497.408640: do_anonymous_page: anonymous tgid 6355 6407 "Thread-7" 7e94bd3000
        Thread-7-6407  [004] ....  2497.408642: do_anonymous_page: anonymous tgid 6355 6407 "Thread-7" 7e94bd4000
        Thread-7-6407  [004] ....  2497.408643: do_anonymous_page: anonymous tgid 6355 6407 "Thread-7" 7e94bd5000
        Thread-7-6407  [004] ....  2497.408645: do_anonymous_page: anonymous tgid 6355 6407 "Thread-7" 7e94bd6000
        Thread-7-6407  [004] ....  2497.408647: do_anonymous_page: anonymous tgid 6355 6407 "Thread-7" 7e94bd7000
        Thread-7-6407  [004] ....  2497.408651: do_anonymous_page: anonymous tgid 6355 6407 "Thread-7" 7e94bd8000
        Thread-7-6407  [004] ....  2497.408653: do_anonymous_page: anonymous tgid 6355 6407 "Thread-7" 7e94bd9000
        Thread-7-6407  [004] ....  2497.408654: do_anonymous_page: anonymous tgid 6355 6407 "Thread-7" 7e94bda000
        Thread-7-6407  [004] ....  2497.408656: do_anonymous_page: anonymous tgid 6355 6407 "Thread-7" 7e94bdb000
        Thread-7-6407  [004] ....  2497.408694: do_anonymous_page: anonymous tgid 6355 6407 "Thread-7" 7e9595c000
        Thread-7-6407  [004] ....  2497.408696: do_anonymous_page: anonymous tgid 6355 6407 "Thread-7" 7e9595d000
        Thread-7-6407  [004] ....  2497.408750: do_anonymous_page: anonymous tgid 6355 6407 "Thread-7" 7e94ae9000
        Thread-7-6407  [004] ....  2497.408757: do_anonymous_page: anonymous tgid 6355 6407 "Thread-7" 7e94aea000
        Thread-7-6407  [004] ....  2497.408764: do_anonymous_page: anonymous tgid 6355 6407 "Thread-7" 7e94aeb000
        Thread-7-6407  [004] ....  2497.408772: do_anonymous_page: anonymous tgid 6355 6407 "Thread-7" 7e94aec000
        Thread-7-6407  [004] ....  2497.408779: do_anonymous_page: anonymous tgid 6355 6407 "Thread-7" 7e94aed000
        Thread-7-6407  [004] ....  2497.408823: do_anonymous_page: anonymous tgid 6355 6407 "Thread-7" 7e94b4a000
        Thread-7-6407  [004] ....  2497.408825: do_anonymous_page: anonymous tgid 6355 6407 "Thread-7" 7e94b49000
        Thread-7-6407  [004] ....  2497.408831: do_anonymous_page: anonymous tgid 6355 6407 "Thread-7" 7e94b79000
        Thread-7-6407  [004] ....  2497.408834: do_anonymous_page: anonymous tgid 6355 6407 "Thread-7" 7e94b7a000
        Thread-7-6407  [004] ....  2497.408845: do_anonymous_page: anonymous tgid 6355 6407 "Thread-7" 7e94b36000
        Thread-7-6407  [004] ....  2497.408847: do_anonymous_page: anonymous tgid 6355 6407 "Thread-7" 7e94b37000
        Thread-7-6407  [004] ....  2497.408854: do_anonymous_page: anonymous tgid 6355 6407 "Thread-7" 7e94aee000
        Thread-7-6407  [004] ....  2497.408859: do_anonymous_page: anonymous tgid 6355 6407 "Thread-7" 7e94aef000
        Thread-7-6407  [004] ....  2497.408865: do_anonymous_page: anonymous tgid 6355 6407 "Thread-7" 7e94bbf000
        Thread-7-6407  [004] ....  2497.408869: do_anonymous_page: anonymous tgid 6355 6407 "Thread-7" 7e94bc0000
        Thread-7-6407  [004] ....  2497.408874: do_anonymous_page: anonymous tgid 6355 6407 "Thread-7" 7e94bc1000
        Thread-7-6407  [004] ....  2497.408886: do_anonymous_page: anonymous tgid 6355 6407 "Thread-7" 7e94bc2000
        Thread-7-6407  [004] ....  2497.408895: do_anonymous_page: anonymous tgid 6355 6407 "Thread-7" 7e94b38000
        Thread-7-6407  [004] ....  2497.408900: do_anonymous_page: anonymous tgid 6355 6407 "Thread-7" 7e94b7d000
        Thread-7-6407  [004] ....  2497.408906: do_anonymous_page: anonymous tgid 6355 6407 "Thread-7" 7e93f40000
        Thread-7-6407  [004] ....  2497.408918: do_anonymous_page: anonymous tgid 6355 6407 "Thread-7" 7e93f7a000
        Thread-7-6407  [004] ....  2497.408920: do_anonymous_page: anonymous tgid 6355 6407 "Thread-7" 7e93f79000
        Thread-7-6407  [004] ....  2497.408923: do_anonymous_page: anonymous tgid 6355 6407 "Thread-7" 7e93f78000
        Thread-7-6407  [004] ....  2497.408928: do_anonymous_page: anonymous tgid 6355 6407 "Thread-7" 7e94c59000
        Thread-7-6407  [004] ....  2497.408929: do_anonymous_page: anonymous tgid 6355 6407 "Thread-7" 7e94c58000
        Thread-7-6407  [004] ....  2497.409130: do_anonymous_page: anonymous tgid 6355 6407 "Thread-7" 7e94bc3000
        Thread-7-6407  [004] ....  2497.409136: do_anonymous_page: anonymous tgid 6355 6407 "Thread-7" 7e94bc4000
        Thread-7-6407  [004] ....  2497.409141: do_anonymous_page: anonymous tgid 6355 6407 "Thread-7" 7e94bc5000
        Thread-7-6407  [004] ....  2497.409323: do_anonymous_page: anonymous tgid 6355 6407 "Thread-7" 7e93f3f000
        Thread-7-6407  [004] ....  2497.409327: do_anonymous_page: anonymous tgid 6355 6407 "Thread-7" 7e93f3e000
        Thread-7-6407  [004] ....  2497.410226: do_anonymous_page: anonymous tgid 6355 6407 "Thread-7" 7e93f84000
        Thread-7-6407  [004] ....  2497.410234: do_anonymous_page: anonymous tgid 6355 6407 "Thread-7" 7e93f83000
        Thread-7-6407  [004] ....  2497.411458: do_anonymous_page: anonymous tgid 6355 6407 "Thread-7" 7e94c57000
    RenderThread-2141  [004] ....  2497.413721: do_anonymous_page: anonymous tgid 1739 2141 "RenderThread" 7eb451d000
           <...>-2288  [004] ....  2497.415471: do_anonymous_page: anonymous tgid 2259 2288 "Binder:2259_3" 13133000
           <...>-7519  [004] ....  2497.415638: do_anonymous_page: anonymous tgid 2259 7519 "lowpool[44]" 12d1e000
           <...>-7924  [004] ....  2497.420336: do_anonymous_page: anonymous tgid 7923 7924 "Binder:7923_1" 7fbb839000
 ndroid.systemui-1739  [004] ....  2497.420840: do_anonymous_page: anonymous tgid 1739 1739 "ndroid.systemui" 12cb7000
        Thread-7-6407  [004] ....  2497.421405: do_anonymous_page: anonymous tgid 6355 6407 "Thread-7" 7e95b49000
        Thread-7-6407  [004] ....  2497.421411: do_anonymous_page: anonymous tgid 6355 6407 "Thread-7" 7e95b4a000
        Thread-7-6407  [004] ....  2497.421416: do_anonymous_page: anonymous tgid 6355 6407 "Thread-7" 7e95b4b000
        Thread-7-6407  [004] ....  2497.421420: do_anonymous_page: anonymous tgid 6355 6407 "Thread-7" 7e95b4c000
        Thread-7-6407  [004] ....  2497.421613: do_anonymous_page: anonymous tgid 6355 6407 "Thread-7" 7e95b4d000
        Thread-7-6407  [004] ....  2497.421618: do_anonymous_page: anonymous tgid 6355 6407 "Thread-7" 7e95b4e000
        Thread-7-6407  [004] ....  2497.421623: do_anonymous_page: anonymous tgid 6355 6407 "Thread-7" 7e95b4f000
        Thread-7-6407  [004] ....  2497.421809: do_anonymous_page: anonymous tgid 6355 6407 "Thread-7" 7e95b50000
        Thread-7-6407  [004] ....  2497.421814: do_anonymous_page: anonymous tgid 6355 6407 "Thread-7" 7e95b51000
        Thread-7-6407  [004] ....  2497.421832: do_anonymous_page: anonymous tgid 6355 6407 "Thread-7" 7e95b52000
        Thread-7-6407  [004] ....  2497.422001: do_anonymous_page: anonymous tgid 6355 6407 "Thread-7" 7e95b53000
        Thread-7-6407  [004] ....  2497.422007: do_anonymous_page: anonymous tgid 6355 6407 "Thread-7" 7e95b54000
        Thread-7-6407  [004] ....  2497.422012: do_anonymous_page: anonymous tgid 6355 6407 "Thread-7" 7e95b55000
        Thread-7-6407  [004] ....  2497.422016: do_anonymous_page: anonymous tgid 6355 6407 "Thread-7" 7e95b56000
        Thread-7-6407  [004] ....  2497.422029: do_anonymous_page: anonymous tgid 6355 6407 "Thread-7" 7e8f4a5000
        Thread-7-6407  [004] ....  2497.422033: do_anonymous_page: anonymous tgid 6355 6407 "Thread-7" 7e8f4a6000
        Thread-7-6407  [004] ....  2497.422052: do_anonymous_page: anonymous tgid 6355 6407 "Thread-7" 7e8f4a7000
        Thread-7-6407  [004] ....  2497.422597: do_anonymous_page: anonymous tgid 6355 6407 "Thread-7" 7e93f99000
        Thread-7-6407  [004] ....  2497.422602: do_anonymous_page: anonymous tgid 6355 6407 "Thread-7" 7e93f98000
        Thread-7-6407  [004] ....  2497.422614: do_anonymous_page: anonymous tgid 6355 6407 "Thread-7" 7e93f85000
        Thread-7-6407  [004] ....  2497.426558: do_anonymous_page: anonymous tgid 6355 6407 "Thread-7" 7e8f4a8000
        Thread-7-6407  [004] ....  2497.426587: do_anonymous_page: anonymous tgid 6355 6407 "Thread-7" 7e8f4a9000
        Thread-7-6407  [004] ....  2497.426947: do_anonymous_page: anonymous tgid 6355 6407 "Thread-7" 7e8f4aa000
        Thread-7-6407  [004] ....  2497.426953: do_anonymous_page: anonymous tgid 6355 6407 "Thread-7" 7e8f4ab000
           <...>-7926  [004] ....  2497.430808: do_anonymous_page: anonymous tgid 6355 7926 "ell.clashroyale" 7ed0835000
           <...>-7926  [004] ....  2497.430882: do_anonymous_page: anonymous tgid 6355 7926 "Measurement Wor" 7f311b6000
           <...>-7926  [004] ....  2497.430890: do_anonymous_page: anonymous tgid 6355 7926 "Measurement Wor" 7ed0834000
        Thread-7-6407  [004] ....  2497.431180: do_anonymous_page: anonymous tgid 6355 6407 "Thread-7" 7e8f530000
        Thread-7-6407  [004] ....  2497.431391: do_anonymous_page: anonymous tgid 6355 6407 "Thread-7" 7e8f531000
        Thread-7-6407  [004] ....  2497.431415: do_anonymous_page: anonymous tgid 6355 6407 "Thread-7" 7e8f532000
        Thread-7-6407  [004] ....  2497.432131: do_anonymous_page: anonymous tgid 6355 6407 "Thread-7" 7e94b48000
        Thread-7-6407  [004] ....  2497.432848: do_anonymous_page: anonymous tgid 6355 6407 "Thread-7" 7eb93e2000
        Thread-7-6407  [004] ....  2497.433569: do_anonymous_page: anonymous tgid 6355 6407 "Thread-7" 7e8f533000
        Thread-7-6407  [004] ....  2497.433716: do_anonymous_page: anonymous tgid 6355 6407 "Thread-7" 7e8f534000
        Thread-7-6407  [004] ....  2497.433745: do_anonymous_page: anonymous tgid 6355 6407 "Thread-7" 7e8f535000
        Thread-7-6407  [004] ....  2497.433750: do_anonymous_page: anonymous tgid 6355 6407 "Thread-7" 7e8f536000
        Thread-7-6407  [004] ....  2497.433784: do_anonymous_page: anonymous tgid 6355 6407 "Thread-7" 7e94c56000
        Thread-7-6407  [004] ....  2497.433792: do_anonymous_page: anonymous tgid 6355 6407 "Thread-7" 7e8f5b4000
           <...>-7926  [004] ....  2497.435583: do_anonymous_page: anonymous tgid 6355 7926 "Measurement Wor" 12ec0000
           <...>-7926  [004] ....  2497.435970: do_anonymous_page: anonymous tgid 6355 7926 "Measurement Wor" 12ec1000
   Binder:1338_9-2441  [004] ....  2497.436073: do_anonymous_page: anonymous tgid 1338 2441 "Binder:1338_9" 13186000
           <...>-7926  [004] ....  2497.436186: do_anonymous_page: anonymous tgid 6355 7926 "Measurement Wor" 12ec2000
           <...>-7926  [004] ....  2497.436326: do_anonymous_page: anonymous tgid 6355 7926 "Measurement Wor" 12ec3000
   Binder:1338_9-2441  [004] ....  2497.436643: do_anonymous_page: anonymous tgid 1338 2441 "Binder:1338_9" 13187000
   Binder:1338_9-2441  [004] ....  2497.436736: do_anonymous_page: anonymous tgid 1338 2441 "Binder:1338_9" 13188000
   Binder:1338_9-2441  [004] ....  2497.436835: do_anonymous_page: anonymous tgid 1338 2441 "Binder:1338_9" 13189000
 gle.android.gms-2409  [004] ....  2497.438003: do_anonymous_page: anonymous tgid 2409 2409 "gle.android.gms" 12c87000
           <...>-2429  [004] ....  2497.438320: do_anonymous_page: anonymous tgid 2409 2429 "Binder:2409_2" 12c42000
 gle.android.gms-2409  [004] ....  2497.438403: do_anonymous_page: anonymous tgid 2409 2409 "gle.android.gms" 12c88000
 gle.android.gms-2409  [004] ....  2497.440261: do_anonymous_page: anonymous tgid 2409 2409 "gle.android.gms" 12c89000
     logd.writer-572   [004] ....  2497.441900: do_anonymous_page: anonymous tgid 556 572 "logd.writer" 7fb564b000
           <...>-7927  [004] ....  2497.444508: do_anonymous_page: anonymous tgid 787 7927 "netd" 7fad222000
           <...>-7927  [004] ....  2497.444519: do_anonymous_page: anonymous tgid 787 7927 "netd" 7fbcd49000
           <...>-7927  [004] ....  2497.444521: do_anonymous_page: anonymous tgid 787 7927 "netd" 7fbcd4a000
           <...>-7927  [004] ....  2497.444524: do_anonymous_page: anonymous tgid 787 7927 "netd" 7fbcd4b000
           <...>-7927  [004] ....  2497.444575: do_anonymous_page: anonymous tgid 787 7927 "netd" 7fad221000
           <...>-7927  [004] ....  2497.444582: do_anonymous_page: anonymous tgid 787 7927 "netd" 7fad220000
           <...>-7927  [004] ....  2497.444602: do_anonymous_page: anonymous tgid 787 7927 "netd" 7fba003000
           <...>-7927  [004] ....  2497.444621: do_anonymous_page: anonymous tgid 787 7927 "netd" 7fba085000
           <...>-7927  [004] ....  2497.444623: do_anonymous_page: anonymous tgid 787 7927 "netd" 7fba086000
           <...>-7927  [004] ....  2497.444625: do_anonymous_page: anonymous tgid 787 7927 "netd" 7fba087000
           <...>-7927  [004] ....  2497.444627: do_anonymous_page: anonymous tgid 787 7927 "netd" 7fba088000
           <...>-7927  [004] ....  2497.446685: do_anonymous_page: anonymous tgid 787 7927 "netd" 7fba09b000
           <...>-7927  [004] ....  2497.446691: do_anonymous_page: anonymous tgid 787 7927 "netd" 7fba09c000
           <...>-7927  [004] ....  2497.446693: do_anonymous_page: anonymous tgid 787 7927 "netd" 7fba09d000
           <...>-7927  [004] ....  2497.446695: do_anonymous_page: anonymous tgid 787 7927 "netd" 7fba099000
           <...>-7927  [004] ....  2497.446703: do_anonymous_page: anonymous tgid 787 7927 "netd" 7fba09f000
           <...>-7927  [004] ....  2497.446712: do_anonymous_page: anonymous tgid 787 7927 "netd" 7fad21f000
           <...>-7927  [004] ....  2497.446738: do_anonymous_page: anonymous tgid 787 7927 "netd" 7fad21e000
           <...>-7927  [004] ....  2497.446742: do_anonymous_page: anonymous tgid 787 7927 "netd" 7fba0b0000
        Thread-7-6407  [004] ....  2497.449401: do_anonymous_page: anonymous tgid 6355 6407 "Thread-7" 7e93fa2000
        Thread-7-6407  [004] ....  2497.449407: do_anonymous_page: anonymous tgid 6355 6407 "Thread-7" 7e93fa3000
        Thread-7-6407  [004] ....  2497.449476: do_anonymous_page: anonymous tgid 6355 6407 "Thread-7" 7e94b47000
        Thread-7-6407  [004] ....  2497.449509: do_anonymous_page: anonymous tgid 6355 6407 "Thread-7" 7e8f5b5000
           <...>-1366  [004] ....  2497.453325: do_anonymous_page: anonymous tgid 1338 1366 "android.bg" 7e5ec4f000
           <...>-1366  [004] ....  2497.453330: do_anonymous_page: anonymous tgid 1338 1366 "android.bg" 7e5ec50000
           <...>-1366  [004] ....  2497.453332: do_anonymous_page: anonymous tgid 1338 1366 "android.bg" 7e5ec51000
           <...>-1366  [004] ....  2497.453334: do_anonymous_page: anonymous tgid 1338 1366 "android.bg" 7e5ec52000
           <...>-1366  [004] ....  2497.453336: do_anonymous_page: anonymous tgid 1338 1366 "android.bg" 7e5ec53000
           <...>-1366  [004] ....  2497.453338: do_anonymous_page: anonymous tgid 1338 1366 "android.bg" 7e5ec54000
           <...>-1366  [004] ....  2497.453340: do_anonymous_page: anonymous tgid 1338 1366 "android.bg" 7e5ec55000
           <...>-1366  [004] ....  2497.453342: do_anonymous_page: anonymous tgid 1338 1366 "android.bg" 7e5ec56000
           <...>-1366  [004] ....  2497.453344: do_anonymous_page: anonymous tgid 1338 1366 "android.bg" 7e5ec57000
           <...>-1366  [004] ....  2497.453346: do_anonymous_page: anonymous tgid 1338 1366 "android.bg" 7e5ec58000
           <...>-1366  [004] ....  2497.453348: do_anonymous_page: anonymous tgid 1338 1366 "android.bg" 7e5ec59000
           <...>-1366  [004] ....  2497.453350: do_anonymous_page: anonymous tgid 1338 1366 "android.bg" 7e5ec5a000
           <...>-1366  [004] ....  2497.453352: do_anonymous_page: anonymous tgid 1338 1366 "android.bg" 7e5ec5b000
           <...>-1366  [004] ....  2497.453354: do_anonymous_page: anonymous tgid 1338 1366 "android.bg" 7e5ec5c000
           <...>-1366  [004] ....  2497.453356: do_anonymous_page: anonymous tgid 1338 1366 "android.bg" 7e5ec5d000
           <...>-1366  [004] ....  2497.453358: do_anonymous_page: anonymous tgid 1338 1366 "android.bg" 7e5ec5e000
           <...>-1366  [004] ....  2497.453360: do_anonymous_page: anonymous tgid 1338 1366 "android.bg" 7e5ec5f000
           <...>-1366  [004] ....  2497.454283: do_anonymous_page: anonymous tgid 1338 1366 "android.bg" 130aa000
           <...>-1366  [004] ....  2497.454406: do_anonymous_page: anonymous tgid 1338 1366 "android.bg" 130ac000
           <...>-1366  [004] ....  2497.454425: do_anonymous_page: anonymous tgid 1338 1366 "android.bg" 130ab000
           <...>-1366  [004] ....  2497.454470: do_anonymous_page: anonymous tgid 1338 1366 "android.bg" 130ad000
           <...>-1366  [004] ....  2497.454524: do_anonymous_page: anonymous tgid 1338 1366 "android.bg" 130af000
           <...>-1366  [004] ....  2497.454533: do_anonymous_page: anonymous tgid 1338 1366 "android.bg" 130ae000
           <...>-1366  [004] ....  2497.454560: do_anonymous_page: anonymous tgid 1338 1366 "android.bg" 130b0000
           <...>-1366  [004] ....  2497.454577: do_anonymous_page: anonymous tgid 1338 1366 "android.bg" 130b1000
        Thread-7-6407  [004] ....  2497.455335: do_anonymous_page: anonymous tgid 6355 6407 "Thread-7" 7e8f5b6000
        Thread-7-6407  [004] ....  2497.455346: do_anonymous_page: anonymous tgid 6355 6407 "Thread-7" 7e8f5b7000
        Thread-7-6407  [004] ....  2497.455356: do_anonymous_page: anonymous tgid 6355 6407 "Thread-7" 7e8f5b8000
        Thread-7-6407  [004] ....  2497.455667: do_anonymous_page: anonymous tgid 6355 6407 "Thread-7" 7e8f5b9000
        Thread-7-6407  [004] ....  2497.455674: do_anonymous_page: anonymous tgid 6355 6407 "Thread-7" 7e8f5ba000
        Thread-7-6407  [004] ....  2497.455809: do_anonymous_page: anonymous tgid 6355 6407 "Thread-7" 7e93fa4000
        Thread-7-6407  [004] ....  2497.455986: do_anonymous_page: anonymous tgid 6355 6407 "Thread-7" 7e9595e000
        Thread-7-6407  [004] ....  2497.457990: do_anonymous_page: anonymous tgid 6355 6407 "Thread-7" 7e9595f000
        Thread-7-6407  [004] ....  2497.457996: do_anonymous_page: anonymous tgid 6355 6407 "Thread-7" 7e95960000
        Thread-7-6407  [004] ....  2497.457999: do_anonymous_page: anonymous tgid 6355 6407 "Thread-7" 7e95961000
        Thread-7-6407  [004] ....  2497.458001: do_anonymous_page: anonymous tgid 6355 6407 "Thread-7" 7e95962000
        Thread-7-6407  [004] ....  2497.458003: do_anonymous_page: anonymous tgid 6355 6407 "Thread-7" 7e95963000
        Thread-7-6407  [004] ....  2497.458005: do_anonymous_page: anonymous tgid 6355 6407 "Thread-7" 7e95964000
        Thread-7-6407  [004] ....  2497.458008: do_anonymous_page: anonymous tgid 6355 6407 "Thread-7" 7e9059f000
        Thread-7-6407  [004] ....  2497.458010: do_anonymous_page: anonymous tgid 6355 6407 "Thread-7" 7e905a0000
        Thread-7-6407  [004] ....  2497.458012: do_anonymous_page: anonymous tgid 6355 6407 "Thread-7" 7e905a1000
        Thread-7-6407  [004] ....  2497.458015: do_anonymous_page: anonymous tgid 6355 6407 "Thread-7" 7e905a2000
        Thread-7-6407  [004] ....  2497.458017: do_anonymous_page: anonymous tgid 6355 6407 "Thread-7" 7e905a3000
        Thread-7-6407  [004] ....  2497.458019: do_anonymous_page: anonymous tgid 6355 6407 "Thread-7" 7e905a4000
        Thread-7-6407  [004] ....  2497.458021: do_anonymous_page: anonymous tgid 6355 6407 "Thread-7" 7e905a5000
        Thread-7-6407  [004] ....  2497.458023: do_anonymous_page: anonymous tgid 6355 6407 "Thread-7" 7e905a6000
        Thread-7-6407  [004] ....  2497.458026: do_anonymous_page: anonymous tgid 6355 6407 "Thread-7" 7e905a7000
        Thread-7-6407  [004] ....  2497.458097: do_anonymous_page: anonymous tgid 6355 6407 "Thread-7" 7e905a8000
        Thread-7-6407  [004] ....  2497.458099: do_anonymous_page: anonymous tgid 6355 6407 "Thread-7" 7e905a9000
        Thread-7-6407  [004] ....  2497.458102: do_anonymous_page: anonymous tgid 6355 6407 "Thread-7" 7e905aa000
        Thread-7-6407  [004] ....  2497.458104: do_anonymous_page: anonymous tgid 6355 6407 "Thread-7" 7e905ab000
        Thread-7-6407  [004] ....  2497.458106: do_anonymous_page: anonymous tgid 6355 6407 "Thread-7" 7e905ac000
        Thread-7-6407  [004] ....  2497.458108: do_anonymous_page: anonymous tgid 6355 6407 "Thread-7" 7e905ad000
        Thread-7-6407  [004] ....  2497.458111: do_anonymous_page: anonymous tgid 6355 6407 "Thread-7" 7e905ae000
        Thread-7-6407  [004] ....  2497.458113: do_anonymous_page: anonymous tgid 6355 6407 "Thread-7" 7e905af000
        Thread-7-6407  [004] ....  2497.458192: do_anonymous_page: anonymous tgid 6355 6407 "Thread-7" 7e905b0000
        Thread-7-6407  [004] ....  2497.458194: do_anonymous_page: anonymous tgid 6355 6407 "Thread-7" 7e905b1000
        Thread-7-6407  [004] ....  2497.458196: do_anonymous_page: anonymous tgid 6355 6407 "Thread-7" 7e905b2000
        Thread-7-6407  [004] ....  2497.458198: do_anonymous_page: anonymous tgid 6355 6407 "Thread-7" 7e905b3000
        Thread-7-6407  [004] ....  2497.458200: do_anonymous_page: anonymous tgid 6355 6407 "Thread-7" 7e905b4000
        Thread-7-6407  [004] ....  2497.458203: do_anonymous_page: anonymous tgid 6355 6407 "Thread-7" 7e905b5000
        Thread-7-6407  [004] ....  2497.458205: do_anonymous_page: anonymous tgid 6355 6407 "Thread-7" 7e905b6000
        Thread-7-6407  [004] ....  2497.458207: do_anonymous_page: anonymous tgid 6355 6407 "Thread-7" 7e905b7000
        Thread-7-6407  [004] ....  2497.458273: do_anonymous_page: anonymous tgid 6355 6407 "Thread-7" 7e905b8000
        Thread-7-6407  [004] ....  2497.458275: do_anonymous_page: anonymous tgid 6355 6407 "Thread-7" 7e905b9000
        Thread-7-6407  [004] ....  2497.458277: do_anonymous_page: anonymous tgid 6355 6407 "Thread-7" 7e905ba000
        Thread-7-6407  [004] ....  2497.458279: do_anonymous_page: anonymous tgid 6355 6407 "Thread-7" 7e905bb000
        Thread-7-6407  [004] ....  2497.458281: do_anonymous_page: anonymous tgid 6355 6407 "Thread-7" 7e905bc000
        Thread-7-6407  [004] ....  2497.458283: do_anonymous_page: anonymous tgid 6355 6407 "Thread-7" 7e905bd000
        Thread-7-6407  [004] ....  2497.458286: do_anonymous_page: anonymous tgid 6355 6407 "Thread-7" 7e905be000
        Thread-7-6407  [004] ....  2497.458288: do_anonymous_page: anonymous tgid 6355 6407 "Thread-7" 7e905bf000
        Thread-7-6407  [004] ....  2497.458345: do_anonymous_page: anonymous tgid 6355 6407 "Thread-7" 7e905c0000
        Thread-7-6407  [004] ....  2497.458347: do_anonymous_page: anonymous tgid 6355 6407 "Thread-7" 7e905c1000
        Thread-7-6407  [004] ....  2497.458349: do_anonymous_page: anonymous tgid 6355 6407 "Thread-7" 7e905c2000
        Thread-7-6407  [004] ....  2497.458351: do_anonymous_page: anonymous tgid 6355 6407 "Thread-7" 7e905c3000
        Thread-7-6407  [004] ....  2497.458353: do_anonymous_page: anonymous tgid 6355 6407 "Thread-7" 7e905c4000
        Thread-7-6407  [004] ....  2497.458356: do_anonymous_page: anonymous tgid 6355 6407 "Thread-7" 7e905c5000
        Thread-7-6407  [004] ....  2497.458358: do_anonymous_page: anonymous tgid 6355 6407 "Thread-7" 7e905c6000
        Thread-7-6407  [004] ....  2497.458360: do_anonymous_page: anonymous tgid 6355 6407 "Thread-7" 7e905c7000
        Thread-7-6407  [004] ....  2497.458418: do_anonymous_page: anonymous tgid 6355 6407 "Thread-7" 7e905c8000
        Thread-7-6407  [004] ....  2497.458420: do_anonymous_page: anonymous tgid 6355 6407 "Thread-7" 7e905c9000
        Thread-7-6407  [004] ....  2497.458422: do_anonymous_page: anonymous tgid 6355 6407 "Thread-7" 7e905ca000
