           <...>-6538  [004] ....   382.563808: do_anonymous_page: anonymous tgid 823 6538 "sensors@2.0-ser" 7fbc7bc000
           <...>-6538  [004] ....   382.563810: do_anonymous_page: anonymous tgid 823 6538 "sensors@2.0-ser" 7fbc7bd000
           <...>-6538  [004] ....   382.563812: do_anonymous_page: anonymous tgid 823 6538 "sensors@2.0-ser" 7fbc7be000
           <...>-6538  [004] ....   382.563814: do_anonymous_page: anonymous tgid 823 6538 "sensors@2.0-ser" 7fbc7bf000
           <...>-6538  [004] ....   382.563816: do_anonymous_page: anonymous tgid 823 6538 "sensors@2.0-ser" 7fbc7c0000
           <...>-6538  [004] ....   382.563818: do_anonymous_page: anonymous tgid 823 6538 "sensors@2.0-ser" 7fbc7c1000
           <...>-6538  [004] ....   382.563830: do_anonymous_page: anonymous tgid 823 6538 "sensors@2.0-ser" 7fbc7c2000
           <...>-6538  [004] ....   382.563832: do_anonymous_page: anonymous tgid 823 6538 "sensors@2.0-ser" 7fbc7c3000
           <...>-6538  [004] ....   382.563834: do_anonymous_page: anonymous tgid 823 6538 "sensors@2.0-ser" 7fbc7c4000
           <...>-6538  [004] ....   382.563835: do_anonymous_page: anonymous tgid 823 6538 "sensors@2.0-ser" 7fbc7c5000
           <...>-6538  [004] ....   382.563837: do_anonymous_page: anonymous tgid 823 6538 "sensors@2.0-ser" 7fbc7c6000
           <...>-6538  [004] ....   382.563874: do_anonymous_page: anonymous tgid 823 6538 "sensors@2.0-ser" 7fbc7c7000
 wifi_ext@1.0-se-2797  [004] ....   382.564081: do_anonymous_page: anonymous tgid 831 2797 "wifi_ext@1.0-se" 7fb9db2000
 wifi_ext@1.0-se-2797  [004] ....   382.564086: do_anonymous_page: anonymous tgid 831 2797 "wifi_ext@1.0-se" 7fb9db3000
 wifi_ext@1.0-se-2797  [004] ....   382.564088: do_anonymous_page: anonymous tgid 831 2797 "wifi_ext@1.0-se" 7fb9db4000
 wifi_ext@1.0-se-2797  [004] ....   382.564090: do_anonymous_page: anonymous tgid 831 2797 "wifi_ext@1.0-se" 7fb9db5000
 wifi_ext@1.0-se-2797  [004] ....   382.564098: do_anonymous_page: anonymous tgid 831 2797 "wifi_ext@1.0-se" 7fb9db6000
           <...>-5175  [004] ....   382.564478: do_anonymous_page: anonymous tgid 1344 5175 "Binder:1344_12" 1349c000
           <...>-6514  [004] ....   382.564614: do_anonymous_page: anonymous tgid 2255 6514 "GoogleLocationS" 7edf402000
           <...>-6514  [004] ....   382.564641: do_anonymous_page: anonymous tgid 2255 6514 "GoogleLocationS" 13ce0000
           <...>-2247  [004] ....   382.565880: do_anonymous_page: anonymous tgid 1958 2247 "Binder:1958_6" 12cd6000
           <...>-1958  [004] ....   382.566527: do_anonymous_page: anonymous tgid 1958 1958 "m.android.phone" 13439000
           <...>-931   [004] ....   382.567277: do_anonymous_page: anonymous tgid 931 931 "main" 7fb0d87000
           <...>-5175  [004] ....   382.568871: do_anonymous_page: anonymous tgid 1344 5175 "Binder:1344_12" 1349d000
           <...>-6514  [004] ....   382.569212: do_anonymous_page: anonymous tgid 2255 6514 "GoogleLocationS" 7f1f431000
           <...>-6514  [004] ....   382.569270: do_anonymous_page: anonymous tgid 2255 6514 "GoogleLocationS" 13ce1000
           <...>-2071  [004] ....   382.570033: do_anonymous_page: anonymous tgid 1958 2071 "HwBinder:1958_1" 12de9000
           <...>-2071  [004] ....   382.570288: do_anonymous_page: anonymous tgid 1958 2071 "HwBinder:1958_1" 12dea000
           <...>-2071  [004] ....   382.570298: do_anonymous_page: anonymous tgid 1958 2071 "HwBinder:1958_1" 12deb000
           <...>-2071  [004] ....   382.570305: do_anonymous_page: anonymous tgid 1958 2071 "HwBinder:1958_1" 12dec000
           <...>-2071  [004] ....   382.570311: do_anonymous_page: anonymous tgid 1958 2071 "HwBinder:1958_1" 12ded000
           <...>-2071  [004] ....   382.570316: do_anonymous_page: anonymous tgid 1958 2071 "HwBinder:1958_1" 12dee000
           <...>-2071  [004] ....   382.570321: do_anonymous_page: anonymous tgid 1958 2071 "HwBinder:1958_1" 12def000
           <...>-2071  [004] ....   382.570326: do_anonymous_page: anonymous tgid 1958 2071 "HwBinder:1958_1" 12df0000
           <...>-2071  [004] ....   382.570332: do_anonymous_page: anonymous tgid 1958 2071 "HwBinder:1958_1" 12df1000
           <...>-2071  [004] ....   382.570335: do_anonymous_page: anonymous tgid 1958 2071 "HwBinder:1958_1" 12df2000
           <...>-2071  [004] ....   382.570387: do_anonymous_page: anonymous tgid 1958 2071 "HwBinder:1958_1" 12df3000
           <...>-1958  [004] ....   382.573265: do_anonymous_page: anonymous tgid 1958 1958 "m.android.phone" 1343a000
           <...>-1958  [004] ....   382.573367: do_anonymous_page: anonymous tgid 1958 1958 "m.android.phone" 1343b000
           <...>-1958  [004] ....   382.573378: do_anonymous_page: anonymous tgid 1958 1958 "m.android.phone" 1343c000
           <...>-1958  [004] ....   382.573382: do_anonymous_page: anonymous tgid 1958 1958 "m.android.phone" 1343d000
           <...>-1958  [004] ....   382.573388: do_anonymous_page: anonymous tgid 1958 1958 "m.android.phone" 1343e000
           <...>-1958  [004] ....   382.573393: do_anonymous_page: anonymous tgid 1958 1958 "m.android.phone" 1343f000
           <...>-1958  [004] ....   382.573411: do_anonymous_page: anonymous tgid 1958 1958 "m.android.phone" 134c0000
           <...>-1958  [004] ....   382.574026: do_anonymous_page: anonymous tgid 1958 1958 "m.android.phone" 134c1000
           <...>-1958  [004] ....   382.574134: do_anonymous_page: anonymous tgid 1958 1958 "m.android.phone" 134c2000
   Binder:2255_B-6202  [004] ....   382.575288: do_anonymous_page: anonymous tgid 2255 6202 "Binder:2255_B" 7f20f46000
   Binder:2255_B-6202  [004] ....   382.575541: do_anonymous_page: anonymous tgid 2255 6202 "Binder:2255_B" 12f30000
     lowpool[24]-5384  [004] ....   382.576196: do_anonymous_page: anonymous tgid 2255 5384 "lowpool[24]" 7ec4afa000
     lowpool[24]-5384  [004] ....   382.576244: do_anonymous_page: anonymous tgid 2255 5384 "lowpool[24]" 133a7000
           <...>-5175  [004] ....   382.576500: do_anonymous_page: anonymous tgid 1344 5175 "Binder:1344_12" 1349e000
           <...>-6529  [004] ....   382.577263: do_anonymous_page: anonymous tgid 2255 6529 "lowpool[45]" 7ec4ad6000
           <...>-6529  [004] ....   382.578022: do_anonymous_page: anonymous tgid 2255 6529 "lowpool[45]" 13a81000
           <...>-1892  [004] ....   382.578188: do_anonymous_page: anonymous tgid 812 1892 "LocApiMsgTask" 7fbb4b3000
           <...>-1892  [004] ....   382.578213: do_anonymous_page: anonymous tgid 812 1892 "LocApiMsgTask" 7fb5643000
           <...>-1892  [004] ....   382.578225: do_anonymous_page: anonymous tgid 812 1892 "LocApiMsgTask" 7fbb4bd000
           <...>-1892  [004] ....   382.578227: do_anonymous_page: anonymous tgid 812 1892 "LocApiMsgTask" 7fbb4be000
           <...>-1885  [004] ....   382.578250: do_anonymous_page: anonymous tgid 812 1885 "Loc_hal_worker" 7fbb4ce000
           <...>-1885  [004] ....   382.578253: do_anonymous_page: anonymous tgid 812 1885 "Loc_hal_worker" 7fbb4cf000
           <...>-1885  [004] ....   382.578257: do_anonymous_page: anonymous tgid 812 1885 "Loc_hal_worker" 7fbb4d0000
           <...>-1885  [004] ....   382.578265: do_anonymous_page: anonymous tgid 812 1885 "Loc_hal_worker" 7fbb4e0000
           <...>-1885  [004] ....   382.578360: do_anonymous_page: anonymous tgid 812 1885 "Loc_hal_worker" 7fbb501000
           <...>-1885  [004] ....   382.578364: do_anonymous_page: anonymous tgid 812 1885 "Loc_hal_worker" 7fbb502000
           <...>-1885  [004] ....   382.578367: do_anonymous_page: anonymous tgid 812 1885 "Loc_hal_worker" 7fbb503000
           <...>-1885  [004] ....   382.578371: do_anonymous_page: anonymous tgid 812 1885 "Loc_hal_worker" 7fbb504000
           <...>-1885  [004] ....   382.578374: do_anonymous_page: anonymous tgid 812 1885 "Loc_hal_worker" 7fbb505000
           <...>-1885  [004] ....   382.578377: do_anonymous_page: anonymous tgid 812 1885 "Loc_hal_worker" 7fbb506000
           <...>-1885  [004] ....   382.578380: do_anonymous_page: anonymous tgid 812 1885 "Loc_hal_worker" 7fbb507000
           <...>-1885  [004] ....   382.578383: do_anonymous_page: anonymous tgid 812 1885 "Loc_hal_worker" 7fbb508000
           <...>-1885  [004] ....   382.578390: do_anonymous_page: anonymous tgid 812 1885 "Loc_hal_worker" 7fbb4e8000
           <...>-1885  [004] ....   382.578396: do_anonymous_page: anonymous tgid 812 1885 "Loc_hal_worker" 7fbb4e5000
           <...>-1885  [004] ....   382.578397: do_anonymous_page: anonymous tgid 812 1885 "Loc_hal_worker" 7fbb4e6000
           <...>-1885  [004] ....   382.578402: do_anonymous_page: anonymous tgid 812 1885 "Loc_hal_worker" 7fbb4f6000
           <...>-1885  [004] ....   382.578467: do_anonymous_page: anonymous tgid 812 1885 "Loc_hal_worker" 7fbb4fa000
           <...>-1885  [004] ....   382.578469: do_anonymous_page: anonymous tgid 812 1885 "Loc_hal_worker" 7fbb4fc000
           <...>-1885  [004] ....   382.578471: do_anonymous_page: anonymous tgid 812 1885 "Loc_hal_worker" 7fbb4e7000
           <...>-1885  [004] ....   382.578499: do_anonymous_page: anonymous tgid 812 1885 "Loc_hal_worker" 7fbb4e8000
           <...>-1885  [004] ....   382.579707: do_anonymous_page: anonymous tgid 812 1885 "Loc_hal_worker" 7fbb4d1000
           <...>-5175  [004] ....   382.579887: do_anonymous_page: anonymous tgid 1344 5175 "Binder:1344_12" 1349f000
           <...>-5175  [004] ....   382.579914: do_anonymous_page: anonymous tgid 1344 5175 "Binder:1344_12" 134a0000
           <...>-5175  [004] ....   382.579966: do_anonymous_page: anonymous tgid 1344 5175 "Binder:1344_12" 134a1000
           <...>-5175  [004] ....   382.580266: do_anonymous_page: anonymous tgid 1344 5175 "Binder:1344_12" 134a2000
           <...>-5175  [004] ....   382.580291: do_anonymous_page: anonymous tgid 1344 5175 "Binder:1344_12" 134a3000
           <...>-5175  [004] ....   382.580305: do_anonymous_page: anonymous tgid 1344 5175 "Binder:1344_12" 134a4000
           <...>-6514  [004] ....   382.581017: do_anonymous_page: anonymous tgid 2255 6514 "GoogleLocationS" 13ce2000
           <...>-6514  [004] ....   382.581224: do_anonymous_page: anonymous tgid 2255 6514 "GoogleLocationS" 13ce3000
           <...>-6514  [004] ....   382.581282: do_anonymous_page: anonymous tgid 2255 6514 "GoogleLocationS" 7f1f432000
           <...>-6529  [004] ....   382.581462: do_anonymous_page: anonymous tgid 2255 6529 "lowpool[45]" 7eafeac000
           <...>-5175  [004] ....   382.581568: do_anonymous_page: anonymous tgid 1344 5175 "Binder:1344_12" 134a5000
           <...>-5175  [004] ....   382.581592: do_anonymous_page: anonymous tgid 1344 5175 "Binder:1344_12" 134a6000
           <...>-5175  [004] ....   382.581597: do_anonymous_page: anonymous tgid 1344 5175 "Binder:1344_12" 134a7000
           <...>-6529  [004] ....   382.581693: do_anonymous_page: anonymous tgid 2255 6529 "lowpool[45]" 13a82000
           <...>-5175  [004] ....   382.581772: do_anonymous_page: anonymous tgid 1344 5175 "Binder:1344_12" 134a8000
           <...>-5175  [004] ....   382.581790: do_anonymous_page: anonymous tgid 1344 5175 "Binder:1344_12" 134a9000
           <...>-5175  [004] ....   382.581795: do_anonymous_page: anonymous tgid 1344 5175 "Binder:1344_12" 134aa000
           <...>-6514  [004] ....   382.584564: do_anonymous_page: anonymous tgid 2255 6514 "GoogleLocationS" 13ce4000
           <...>-6529  [004] ....   382.585624: do_anonymous_page: anonymous tgid 2255 6529 "lowpool[45]" 13a83000
           <...>-5175  [004] ....   382.585798: do_anonymous_page: anonymous tgid 1344 5175 "Binder:1344_12" 134ab000
           <...>-5175  [004] ....   382.585874: do_anonymous_page: anonymous tgid 1344 5175 "Binder:1344_12" 134ac000
           <...>-5175  [004] ....   382.585881: do_anonymous_page: anonymous tgid 1344 5175 "Binder:1344_12" 134ad000
           <...>-5175  [004] ....   382.586002: do_anonymous_page: anonymous tgid 1344 5175 "Binder:1344_12" 134ae000
           <...>-6514  [004] ....   382.586069: do_anonymous_page: anonymous tgid 2255 6514 "GoogleLocationS" 13ce5000
           <...>-6514  [004] ....   382.586146: do_anonymous_page: anonymous tgid 2255 6514 "GoogleLocationS" 7f1f433000
           <...>-6514  [004] ....   382.586159: do_anonymous_page: anonymous tgid 2255 6514 "GoogleLocationS" 13ce6000
           <...>-6514  [004] ....   382.586222: do_anonymous_page: anonymous tgid 2255 6514 "GoogleLocationS" 13ce7000
           <...>-5175  [004] ....   382.586875: do_anonymous_page: anonymous tgid 1344 5175 "Binder:1344_12" 134af000
           <...>-5175  [004] ....   382.586887: do_anonymous_page: anonymous tgid 1344 5175 "Binder:1344_12" 134b0000
           <...>-5175  [004] ....   382.586912: do_anonymous_page: anonymous tgid 1344 5175 "Binder:1344_12" 134b1000
           <...>-6529  [004] ....   382.586992: do_anonymous_page: anonymous tgid 2255 6529 "lowpool[45]" 13a84000
           <...>-5175  [004] ....   382.587165: do_anonymous_page: anonymous tgid 1344 5175 "Binder:1344_12" 134b2000
           <...>-5175  [004] ....   382.587174: do_anonymous_page: anonymous tgid 1344 5175 "Binder:1344_12" 134b3000
           <...>-5175  [004] ....   382.587212: do_anonymous_page: anonymous tgid 1344 5175 "Binder:1344_12" 134b4000
           <...>-6529  [004] ....   382.587290: do_anonymous_page: anonymous tgid 2255 6529 "lowpool[45]" 13a85000
           <...>-5175  [004] ....   382.587383: do_anonymous_page: anonymous tgid 1344 5175 "Binder:1344_12" 134b5000
           <...>-5175  [004] ....   382.587394: do_anonymous_page: anonymous tgid 1344 5175 "Binder:1344_12" 134b6000
           <...>-5175  [004] ....   382.587413: do_anonymous_page: anonymous tgid 1344 5175 "Binder:1344_12" 134b7000
           <...>-6529  [004] ....   382.587567: do_anonymous_page: anonymous tgid 2255 6529 "lowpool[45]" 13a86000
           <...>-5175  [004] ....   382.587671: do_anonymous_page: anonymous tgid 1344 5175 "Binder:1344_12" 134b8000
           <...>-5175  [004] ....   382.587685: do_anonymous_page: anonymous tgid 1344 5175 "Binder:1344_12" 134b9000
           <...>-5175  [004] ....   382.587703: do_anonymous_page: anonymous tgid 1344 5175 "Binder:1344_12" 134ba000
           <...>-6529  [004] ....   382.587781: do_anonymous_page: anonymous tgid 2255 6529 "lowpool[45]" 13a87000
           <...>-5175  [004] ....   382.587881: do_anonymous_page: anonymous tgid 1344 5175 "Binder:1344_12" 134bb000
           <...>-5175  [004] ....   382.587895: do_anonymous_page: anonymous tgid 1344 5175 "Binder:1344_12" 134bc000
           <...>-5175  [004] ....   382.587911: do_anonymous_page: anonymous tgid 1344 5175 "Binder:1344_12" 134bd000
           <...>-5175  [004] ....   382.588059: do_anonymous_page: anonymous tgid 1344 5175 "Binder:1344_12" 134be000
           <...>-5175  [004] ....   382.588074: do_anonymous_page: anonymous tgid 1344 5175 "Binder:1344_12" 134bf000
           <...>-5175  [004] ....   382.588105: do_anonymous_page: anonymous tgid 1344 5175 "Binder:1344_12" 13b00000
           <...>-1367  [004] ....   382.588542: do_anonymous_page: anonymous tgid 1344 1367 "android.io" 12dc7000
           <...>-1367  [004] ....   382.588619: do_anonymous_page: anonymous tgid 1344 1367 "android.io" 12dc9000
           <...>-1367  [004] ....   382.588653: do_anonymous_page: anonymous tgid 1344 1367 "android.io" 12dc8000
           <...>-5175  [004] ....   382.588888: do_anonymous_page: anonymous tgid 1344 5175 "Binder:1344_12" 13b01000
           <...>-6514  [004] ....   382.589042: do_anonymous_page: anonymous tgid 2255 6514 "GoogleLocationS" 13ce8000
           <...>-6514  [004] ....   382.589104: do_anonymous_page: anonymous tgid 2255 6514 "GoogleLocationS" 7f1f434000
           <...>-6514  [004] ....   382.589154: do_anonymous_page: anonymous tgid 2255 6514 "GoogleLocationS" 7eaff67000
           <...>-6514  [004] ....   382.589166: do_anonymous_page: anonymous tgid 2255 6514 "GoogleLocationS" 7eaff68000
           <...>-6514  [004] ....   382.589172: do_anonymous_page: anonymous tgid 2255 6514 "GoogleLocationS" 7eb0178000
           <...>-6514  [004] ....   382.589174: do_anonymous_page: anonymous tgid 2255 6514 "GoogleLocationS" 7eb0168000
           <...>-6514  [004] ....   382.589176: do_anonymous_page: anonymous tgid 2255 6514 "GoogleLocationS" 7eb0169000
           <...>-6514  [004] ....   382.589178: do_anonymous_page: anonymous tgid 2255 6514 "GoogleLocationS" 7eb016a000
           <...>-6514  [004] ....   382.589180: do_anonymous_page: anonymous tgid 2255 6514 "GoogleLocationS" 7eb016b000
           <...>-6514  [004] ....   382.589183: do_anonymous_page: anonymous tgid 2255 6514 "GoogleLocationS" 7eb016c000
           <...>-6514  [004] ....   382.589185: do_anonymous_page: anonymous tgid 2255 6514 "GoogleLocationS" 7eb016d000
           <...>-6514  [004] ....   382.589187: do_anonymous_page: anonymous tgid 2255 6514 "GoogleLocationS" 7eb016e000
           <...>-6514  [004] ....   382.589194: do_anonymous_page: anonymous tgid 2255 6514 "GoogleLocationS" 7eb016f000
           <...>-6514  [004] ....   382.589196: do_anonymous_page: anonymous tgid 2255 6514 "GoogleLocationS" 7eb0170000
           <...>-6514  [004] ....   382.589198: do_anonymous_page: anonymous tgid 2255 6514 "GoogleLocationS" 7eb0171000
           <...>-6514  [004] ....   382.589200: do_anonymous_page: anonymous tgid 2255 6514 "GoogleLocationS" 7eb0172000
           <...>-6514  [004] ....   382.589202: do_anonymous_page: anonymous tgid 2255 6514 "GoogleLocationS" 7eb0173000
           <...>-6514  [004] ....   382.589204: do_anonymous_page: anonymous tgid 2255 6514 "GoogleLocationS" 7eb0174000
           <...>-6514  [004] ....   382.589206: do_anonymous_page: anonymous tgid 2255 6514 "GoogleLocationS" 7eb0175000
           <...>-6514  [004] ....   382.589208: do_anonymous_page: anonymous tgid 2255 6514 "GoogleLocationS" 7eb0176000
           <...>-6514  [004] ....   382.589209: do_anonymous_page: anonymous tgid 2255 6514 "GoogleLocationS" 7eb0177000
           <...>-6514  [004] ....   382.589294: do_anonymous_page: anonymous tgid 2255 6514 "GoogleLocationS" 7eb0157000
           <...>-6514  [004] ....   382.589299: do_anonymous_page: anonymous tgid 2255 6514 "GoogleLocationS" 7ea3eec000
           <...>-6514  [004] ....   382.589302: do_anonymous_page: anonymous tgid 2255 6514 "GoogleLocationS" 7ea3ef4000
           <...>-6514  [004] ....   382.589324: do_anonymous_page: anonymous tgid 2255 6514 "GoogleLocationS" 7ea3ee8000
           <...>-1367  [004] ....   382.589618: do_anonymous_page: anonymous tgid 1344 1367 "android.io" 12dca000
           <...>-1367  [004] ....   382.589647: do_anonymous_page: anonymous tgid 1344 1367 "android.io" 12dcc000
           <...>-1367  [004] ....   382.589673: do_anonymous_page: anonymous tgid 1344 1367 "android.io" 12dcb000
           <...>-6514  [004] ....   382.589789: do_anonymous_page: anonymous tgid 2255 6514 "GoogleLocationS" 13ce9000
           <...>-1741  [004] ....   382.590510: do_anonymous_page: anonymous tgid 1344 1741 "SyncManager" 13886000
           <...>-1741  [004] ....   382.590528: do_anonymous_page: anonymous tgid 1344 1741 "SyncManager" 13887000
           <...>-1741  [004] ....   382.590539: do_anonymous_page: anonymous tgid 1344 1741 "SyncManager" 13888000
           <...>-1741  [004] ....   382.590555: do_anonymous_page: anonymous tgid 1344 1741 "SyncManager" 13889000
           <...>-1741  [004] ....   382.590566: do_anonymous_page: anonymous tgid 1344 1741 "SyncManager" 1388a000
           <...>-6529  [004] ....   382.590943: do_anonymous_page: anonymous tgid 2255 6529 "lowpool[45]" 13a88000
           <...>-6529  [004] ....   382.596155: do_anonymous_page: anonymous tgid 2255 6529 "lowpool[45]" 13a89000
           <...>-6529  [004] ....   382.597100: do_anonymous_page: anonymous tgid 2255 6529 "lowpool[45]" 13a8a000
           <...>-6529  [004] ....   382.597139: do_anonymous_page: anonymous tgid 2255 6529 "lowpool[45]" 13a8b000
           <...>-5175  [004] ....   382.597492: do_anonymous_page: anonymous tgid 1344 5175 "Binder:1344_12" 13b02000
           <...>-6529  [004] ....   382.598061: do_anonymous_page: anonymous tgid 2255 6529 "lowpool[45]" 13a8c000
           <...>-6529  [004] ....   382.598154: do_anonymous_page: anonymous tgid 2255 6529 "lowpool[45]" 13a8d000
           <...>-6529  [004] ....   382.598239: do_anonymous_page: anonymous tgid 2255 6529 "lowpool[45]" 13a8e000
           <...>-6529  [004] ....   382.598545: do_anonymous_page: anonymous tgid 2255 6529 "lowpool[45]" 7eafead000
           <...>-5175  [004] ....   382.598680: do_anonymous_page: anonymous tgid 1344 5175 "Binder:1344_12" 13b03000
           <...>-5175  [004] ....   382.598706: do_anonymous_page: anonymous tgid 1344 5175 "Binder:1344_12" 13b04000
           <...>-5175  [004] ....   382.598738: do_anonymous_page: anonymous tgid 1344 5175 "Binder:1344_12" 13b05000
           <...>-5175  [004] ....   382.598929: do_anonymous_page: anonymous tgid 1344 5175 "Binder:1344_12" 13b06000
           <...>-5175  [004] ....   382.598945: do_anonymous_page: anonymous tgid 1344 5175 "Binder:1344_12" 13b07000
           <...>-5175  [004] ....   382.598960: do_anonymous_page: anonymous tgid 1344 5175 "Binder:1344_12" 13b08000
           <...>-6530  [004] ....   382.600014: do_anonymous_page: anonymous tgid 2255 6530 "MSMuxTR-0" 13f40000
           <...>-6530  [004] ....   382.600059: do_anonymous_page: anonymous tgid 2255 6530 "MSMuxTR-0" 7ec3d64000
           <...>-6530  [004] ....   382.600275: do_anonymous_page: anonymous tgid 2255 6530 "MSMuxTR-0" 7f1f435000
           <...>-6530  [004] ....   382.600285: do_anonymous_page: anonymous tgid 2255 6530 "MSMuxTR-0" 13f41000
   Binder:1344_2-1363  [004] ....   382.602264: do_anonymous_page: anonymous tgid 1344 1363 "Binder:1344_2" 13ac1000
 .gms.persistent-2255  [004] ....   382.602364: do_anonymous_page: anonymous tgid 2255 2255 ".gms.persistent" 13c11000
 GoogleApiHandle-2677  [004] ....   382.603864: do_anonymous_page: anonymous tgid 2255 2677 "GoogleApiHandle" 12cef000
 .gms.persistent-2255  [004] ....   382.606482: do_anonymous_page: anonymous tgid 2255 2255 ".gms.persistent" 75f10000
 .gms.persistent-2255  [004] ....   382.606490: do_anonymous_page: anonymous tgid 2255 2255 ".gms.persistent" 75f21000
     lowpool[24]-5384  [004] ....   382.607022: do_anonymous_page: anonymous tgid 2255 5384 "lowpool[24]" 133a8000
     lowpool[24]-5384  [004] ....   382.607183: do_anonymous_page: anonymous tgid 2255 5384 "lowpool[24]" 133a9000
           <...>-6530  [004] ....   382.607304: do_anonymous_page: anonymous tgid 2255 6530 "MSMuxTR-0" 13f42000
           <...>-5175  [004] ....   382.608261: do_anonymous_page: anonymous tgid 1344 5175 "Binder:1344_12" 13b09000
 .gms.persistent-2255  [004] ....   382.608592: do_anonymous_page: anonymous tgid 2255 2255 ".gms.persistent" 13c12000
 .gms.persistent-2255  [004] ....   382.608704: do_anonymous_page: anonymous tgid 2255 2255 ".gms.persistent" 13c13000
 .gms.persistent-2255  [004] ....   382.609063: do_anonymous_page: anonymous tgid 2255 2255 ".gms.persistent" 13c14000
 GoogleApiHandle-2677  [004] ....   382.609617: do_anonymous_page: anonymous tgid 2255 2677 "GoogleApiHandle" 12cf0000
 GoogleApiHandle-2677  [004] ....   382.609931: do_anonymous_page: anonymous tgid 2255 2677 "GoogleApiHandle" 12cf1000
           <...>-5369  [004] ....   382.610575: do_anonymous_page: anonymous tgid 2255 5369 "lowpool[20]" 13405000
 .gms.persistent-2255  [004] ....   382.611055: do_anonymous_page: anonymous tgid 2255 2255 ".gms.persistent" 13c15000
 .gms.persistent-2255  [004] ....   382.611311: do_anonymous_page: anonymous tgid 2255 2255 ".gms.persistent" 13c16000
           <...>-5175  [004] ....   382.611852: do_anonymous_page: anonymous tgid 1344 5175 "Binder:1344_12" 13b0a000
           <...>-6514  [004] ....   382.611950: do_anonymous_page: anonymous tgid 2255 6514 "GoogleLocationS" 13cea000
     lowpool[24]-5384  [004] ....   382.612467: do_anonymous_page: anonymous tgid 2255 5384 "lowpool[24]" 133aa000
           <...>-1055  [004] ....   382.612872: do_anonymous_page: anonymous tgid 790 1055 "netd" 7fab02a000
           <...>-1055  [004] ....   382.612880: do_anonymous_page: anonymous tgid 790 1055 "netd" 7fab029000
           <...>-6539  [004] ....   382.613507: do_anonymous_page: anonymous tgid 790 6539 "netd" 7fab028000
           <...>-6539  [004] ....   382.613519: do_anonymous_page: anonymous tgid 790 6539 "netd" 7fbcd1e000
           <...>-6539  [004] ....   382.613521: do_anonymous_page: anonymous tgid 790 6539 "netd" 7fbcd1f000
           <...>-6539  [004] ....   382.613525: do_anonymous_page: anonymous tgid 790 6539 "netd" 7fbcd20000
           <...>-6539  [004] ....   382.613572: do_anonymous_page: anonymous tgid 790 6539 "netd" 7fab027000
           <...>-6539  [004] ....   382.613578: do_anonymous_page: anonymous tgid 790 6539 "netd" 7fab026000
           <...>-6539  [004] ....   382.613597: do_anonymous_page: anonymous tgid 790 6539 "netd" 7fba02a000
           <...>-6539  [004] ....   382.613615: do_anonymous_page: anonymous tgid 790 6539 "netd" 7fba034000
           <...>-6539  [004] ....   382.613617: do_anonymous_page: anonymous tgid 790 6539 "netd" 7fba035000
           <...>-6539  [004] ....   382.613619: do_anonymous_page: anonymous tgid 790 6539 "netd" 7fba036000
           <...>-6539  [004] ....   382.613621: do_anonymous_page: anonymous tgid 790 6539 "netd" 7fba037000
           <...>-6539  [004] ....   382.613899: do_anonymous_page: anonymous tgid 790 6539 "netd" 7fba0d5000
           <...>-6539  [004] ....   382.613903: do_anonymous_page: anonymous tgid 790 6539 "netd" 7fba0d6000
           <...>-6539  [004] ....   382.613905: do_anonymous_page: anonymous tgid 790 6539 "netd" 7fba0d7000
           <...>-6539  [004] ....   382.613908: do_anonymous_page: anonymous tgid 790 6539 "netd" 7fba0d3000
           <...>-6539  [004] ....   382.613919: do_anonymous_page: anonymous tgid 790 6539 "netd" 7fab025000
           <...>-6539  [004] ....   382.613943: do_anonymous_page: anonymous tgid 790 6539 "netd" 7fab024000
           <...>-6539  [004] ....   382.613946: do_anonymous_page: anonymous tgid 790 6539 "netd" 7fba0d9000
           <...>-6529  [004] ....   382.614191: do_anonymous_page: anonymous tgid 2255 6529 "lowpool[45]" 7ec4ad7000
       FlpThread-5254  [004] ....   382.651251: do_anonymous_page: anonymous tgid 2255 5254 "FlpThread" 13807000
       FlpThread-5254  [004] ....   382.751663: do_anonymous_page: anonymous tgid 2255 5254 "FlpThread" 13808000
       FlpThread-5254  [004] ....   382.751898: do_anonymous_page: anonymous tgid 2255 5254 "FlpThread" 7f1f436000
       FlpThread-5254  [004] ....   382.751984: do_anonymous_page: anonymous tgid 2255 5254 "FlpThread" 13809000
 wifi_ext@1.0-se-2797  [004] ....   382.890422: do_anonymous_page: anonymous tgid 831 2797 "wifi_ext@1.0-se" 7fba0a3000
 PowerManagerSer-1384  [004] ....   382.954641: do_anonymous_page: anonymous tgid 1344 1384 "PowerManagerSer" 13437000
 wifi_ext@1.0-se-2797  [004] ....   383.042086: do_anonymous_page: anonymous tgid 831 2797 "wifi_ext@1.0-se" 7fb9de1000
 wifi_ext@1.0-se-2797  [004] ....   383.042099: do_anonymous_page: anonymous tgid 831 2797 "wifi_ext@1.0-se" 7fb9de2000
 wifi_ext@1.0-se-2797  [004] ....   383.042103: do_anonymous_page: anonymous tgid 831 2797 "wifi_ext@1.0-se" 7fb9de3000
 wifi_ext@1.0-se-2797  [004] ....   383.042107: do_anonymous_page: anonymous tgid 831 2797 "wifi_ext@1.0-se" 7fb9de4000
           <...>-1892  [004] ....   383.072765: do_anonymous_page: anonymous tgid 812 1892 "LocApiMsgTask" 7fbb609000
           <...>-1892  [004] ....   383.072782: do_anonymous_page: anonymous tgid 812 1892 "LocApiMsgTask" 7fbb492000
           <...>-1892  [004] ....   383.072787: do_anonymous_page: anonymous tgid 812 1892 "LocApiMsgTask" 7fbb493000
 wifi_ext@1.0-se-2797  [004] ....   383.088183: do_anonymous_page: anonymous tgid 831 2797 "wifi_ext@1.0-se" 7fb9de5000
 wifi_ext@1.0-se-2797  [004] ....   383.088199: do_anonymous_page: anonymous tgid 831 2797 "wifi_ext@1.0-se" 7fb9de6000
 wifi_ext@1.0-se-2797  [004] ....   383.088203: do_anonymous_page: anonymous tgid 831 2797 "wifi_ext@1.0-se" 7fb9de7000
           <...>-6539  [004] ....   383.114195: do_anonymous_page: anonymous tgid 790 6539 "netd" 7fa9f2d000
           <...>-6539  [004] ....   383.114213: do_anonymous_page: anonymous tgid 790 6539 "netd" 7fa9f2c000
           <...>-6540  [004] ....   383.114456: do_anonymous_page: anonymous tgid 790 6540 "netd" 7fbcd21000
           <...>-6540  [004] ....   383.114465: do_anonymous_page: anonymous tgid 790 6540 "netd" 7fbcd22000
           <...>-625   [004] ....   383.166278: do_anonymous_page: anonymous tgid 600 625 "Binder:600_1" 7fba678000
 wifi_ext@1.0-se-2797  [004] ....   383.207755: do_anonymous_page: anonymous tgid 831 2797 "wifi_ext@1.0-se" 7fb9ebb000
 wifi_ext@1.0-se-2797  [004] ....   383.207768: do_anonymous_page: anonymous tgid 831 2797 "wifi_ext@1.0-se" 7fb9ebc000
 wifi_ext@1.0-se-2797  [004] ....   383.207773: do_anonymous_page: anonymous tgid 831 2797 "wifi_ext@1.0-se" 7fb9ebd000
 wifi_ext@1.0-se-2797  [004] ....   383.207777: do_anonymous_page: anonymous tgid 831 2797 "wifi_ext@1.0-se" 7fb9ebe000
           <...>-6540  [004] ....   383.212953: do_anonymous_page: anonymous tgid 790 6540 "netd" 7fa9f2b000
           <...>-5175  [004] ....   383.215290: do_anonymous_page: anonymous tgid 1344 5175 "Binder:1344_12" 13b0b000
     lowpool[24]-5384  [004] ....   383.248831: do_anonymous_page: anonymous tgid 2255 5384 "lowpool[24]" 133ab000
     lowpool[24]-5384  [004] ....   383.249362: do_anonymous_page: anonymous tgid 2255 5384 "lowpool[24]" 133ac000
 wifi_ext@1.0-se-2797  [004] ....   383.292338: do_anonymous_page: anonymous tgid 831 2797 "wifi_ext@1.0-se" 7fb9ebf000
 wifi_ext@1.0-se-2797  [004] ....   383.292358: do_anonymous_page: anonymous tgid 831 2797 "wifi_ext@1.0-se" 7fb9ec0000
 wifi_ext@1.0-se-2797  [004] ....   383.292366: do_anonymous_page: anonymous tgid 831 2797 "wifi_ext@1.0-se" 7fb9ec1000
 wifi_ext@1.0-se-2797  [004] ....   383.313579: do_anonymous_page: anonymous tgid 831 2797 "wifi_ext@1.0-se" 7fb9f0b000
     lowpool[24]-5384  [004] ....   383.319038: do_anonymous_page: anonymous tgid 2255 5384 "lowpool[24]" 7eb002a000
     lowpool[24]-5384  [004] ....   383.319057: do_anonymous_page: anonymous tgid 2255 5384 "lowpool[24]" 7eb002b000
     lowpool[24]-5384  [004] ....   383.319152: do_anonymous_page: anonymous tgid 2255 5384 "lowpool[24]" 133ad000
     lowpool[24]-5384  [004] ....   383.319777: do_anonymous_page: anonymous tgid 2255 5384 "lowpool[24]" 133ae000
     lowpool[24]-5384  [004] ....   383.320212: do_anonymous_page: anonymous tgid 2255 5384 "lowpool[24]" 133af000
     lowpool[24]-5384  [004] ....   383.325408: do_anonymous_page: anonymous tgid 2255 5384 "lowpool[24]" 7e8ab24000
     lowpool[24]-5384  [004] ....   383.325638: do_anonymous_page: anonymous tgid 2255 5384 "lowpool[24]" 133b0000
     lowpool[24]-5384  [004] ....   383.326036: do_anonymous_page: anonymous tgid 2255 5384 "lowpool[24]" 133b1000
     lowpool[24]-5384  [004] ....   383.326545: do_anonymous_page: anonymous tgid 2255 5384 "lowpool[24]" 133b2000
     lowpool[24]-5384  [004] ....   383.327159: do_anonymous_page: anonymous tgid 2255 5384 "lowpool[24]" 133b3000
     lowpool[24]-5384  [004] ....   383.327286: do_anonymous_page: anonymous tgid 2255 5384 "lowpool[24]" 133b4000
     lowpool[24]-5384  [004] ....   383.327364: do_anonymous_page: anonymous tgid 2255 5384 "lowpool[24]" 133b5000
     lowpool[24]-5384  [004] ....   383.327677: do_anonymous_page: anonymous tgid 2255 5384 "lowpool[24]" 133b6000
     lowpool[24]-5384  [004] ....   383.327737: do_anonymous_page: anonymous tgid 2255 5384 "lowpool[24]" 133b7000
     lowpool[24]-5384  [004] ....   383.327910: do_anonymous_page: anonymous tgid 2255 5384 "lowpool[24]" 133b8000
     lowpool[24]-5384  [004] ....   383.328091: do_anonymous_page: anonymous tgid 2255 5384 "lowpool[24]" 133b9000
     lowpool[24]-5384  [004] ....   383.328153: do_anonymous_page: anonymous tgid 2255 5384 "lowpool[24]" 133ba000
     lowpool[24]-5384  [004] ....   383.328213: do_anonymous_page: anonymous tgid 2255 5384 "lowpool[24]" 133bb000
     lowpool[24]-5384  [004] ....   383.329756: do_anonymous_page: anonymous tgid 2255 5384 "lowpool[24]" 133bc000
     lowpool[24]-5384  [004] ....   383.329829: do_anonymous_page: anonymous tgid 2255 5384 "lowpool[24]" 133bd000
     lowpool[24]-5384  [004] ....   383.330361: do_anonymous_page: anonymous tgid 2255 5384 "lowpool[24]" 7e8ab23000
     lowpool[24]-5384  [004] ....   383.330472: do_anonymous_page: anonymous tgid 2255 5384 "lowpool[24]" 133be000
     lowpool[24]-5384  [004] ....   383.330951: do_anonymous_page: anonymous tgid 2255 5384 "lowpool[24]" 133bf000
     lowpool[24]-5384  [004] ....   383.331218: do_anonymous_page: anonymous tgid 2255 5384 "lowpool[24]" 13fc0000
     lowpool[24]-5384  [004] ....   383.331311: do_anonymous_page: anonymous tgid 2255 5384 "lowpool[24]" 13fc1000
     lowpool[24]-5384  [004] ....   383.331407: do_anonymous_page: anonymous tgid 2255 5384 "lowpool[24]" 13fc2000
     lowpool[24]-5384  [004] ....   383.331700: do_anonymous_page: anonymous tgid 2255 5384 "lowpool[24]" 13fc3000
     lowpool[24]-5384  [004] ....   383.335157: do_anonymous_page: anonymous tgid 2255 5384 "lowpool[24]" 13fc4000
     lowpool[24]-5384  [004] ....   383.335321: do_anonymous_page: anonymous tgid 2255 5384 "lowpool[24]" 13fc5000
     lowpool[24]-5384  [004] ....   383.335362: do_anonymous_page: anonymous tgid 2255 5384 "lowpool[24]" 13fc6000
     lowpool[24]-5384  [004] ....   383.335438: do_anonymous_page: anonymous tgid 2255 5384 "lowpool[24]" 13fc7000
     lowpool[24]-5384  [004] ....   383.335490: do_anonymous_page: anonymous tgid 2255 5384 "lowpool[24]" 13fc8000
     lowpool[24]-5384  [004] ....   383.335538: do_anonymous_page: anonymous tgid 2255 5384 "lowpool[24]" 13fc9000
     lowpool[24]-5384  [004] ....   383.336319: do_anonymous_page: anonymous tgid 2255 5384 "lowpool[24]" 13fca000
     lowpool[24]-5384  [004] ....   383.336370: do_anonymous_page: anonymous tgid 2255 5384 "lowpool[24]" 7eb0038000
     lowpool[24]-5384  [004] ....   383.336505: do_anonymous_page: anonymous tgid 2255 5384 "lowpool[24]" 13fcb000
     lowpool[24]-5384  [004] ....   383.336526: do_anonymous_page: anonymous tgid 2255 5384 "lowpool[24]" 13fcc000
     lowpool[24]-5384  [004] ....   383.336535: do_anonymous_page: anonymous tgid 2255 5384 "lowpool[24]" 13fcd000
     lowpool[24]-5384  [004] ....   383.336550: do_anonymous_page: anonymous tgid 2255 5384 "lowpool[24]" 13fce000
     lowpool[24]-5384  [004] ....   383.336575: do_anonymous_page: anonymous tgid 2255 5384 "lowpool[24]" 13fcf000
     lowpool[24]-5384  [004] ....   383.337040: do_anonymous_page: anonymous tgid 2255 5384 "lowpool[24]" 13fd0000
     lowpool[24]-5384  [004] ....   383.337166: do_anonymous_page: anonymous tgid 2255 5384 "lowpool[24]" 13fd1000
     lowpool[24]-5384  [004] ....   383.337351: do_anonymous_page: anonymous tgid 2255 5384 "lowpool[24]" 13fd2000
     lowpool[24]-5384  [004] ....   383.337398: do_anonymous_page: anonymous tgid 2255 5384 "lowpool[24]" 13fd3000
     lowpool[24]-5384  [004] ....   383.337479: do_anonymous_page: anonymous tgid 2255 5384 "lowpool[24]" 13fd4000
     lowpool[24]-5384  [004] ....   383.337532: do_anonymous_page: anonymous tgid 2255 5384 "lowpool[24]" 13fd5000
     lowpool[24]-5384  [004] ....   383.337564: do_anonymous_page: anonymous tgid 2255 5384 "lowpool[24]" 13fd6000
     lowpool[24]-5384  [004] ....   383.337609: do_anonymous_page: anonymous tgid 2255 5384 "lowpool[24]" 13fd7000
     lowpool[24]-5384  [004] ....   383.337896: do_anonymous_page: anonymous tgid 2255 5384 "lowpool[24]" 13fd8000
     lowpool[24]-5384  [004] ....   383.337940: do_anonymous_page: anonymous tgid 2255 5384 "lowpool[24]" 13fd9000
     lowpool[24]-5384  [004] ....   383.339696: do_anonymous_page: anonymous tgid 2255 5384 "lowpool[24]" 13fdb000
     lowpool[24]-5384  [004] ....   383.339731: do_anonymous_page: anonymous tgid 2255 5384 "lowpool[24]" 13fdd000
     lowpool[24]-5384  [004] ....   383.373928: do_anonymous_page: anonymous tgid 2255 5384 "lowpool[24]" 13fde000
 wifi_ext@1.0-se-2797  [004] ....   383.420257: do_anonymous_page: anonymous tgid 831 2797 "wifi_ext@1.0-se" 7fb9f87000
 wifi_ext@1.0-se-2797  [004] ....   383.420268: do_anonymous_page: anonymous tgid 831 2797 "wifi_ext@1.0-se" 7fb9f88000
 wifi_ext@1.0-se-2797  [004] ....   383.420272: do_anonymous_page: anonymous tgid 831 2797 "wifi_ext@1.0-se" 7fb9f89000
 wifi_ext@1.0-se-2797  [004] ....   383.420277: do_anonymous_page: anonymous tgid 831 2797 "wifi_ext@1.0-se" 7fb9f8a000
 wifi_ext@1.0-se-2797  [004] ....   383.482081: do_anonymous_page: anonymous tgid 831 2797 "wifi_ext@1.0-se" 7fb9f8b000
 wifi_ext@1.0-se-2797  [004] ....   383.482096: do_anonymous_page: anonymous tgid 831 2797 "wifi_ext@1.0-se" 7fb9f8c000
 wifi_ext@1.0-se-2797  [004] ....   383.482101: do_anonymous_page: anonymous tgid 831 2797 "wifi_ext@1.0-se" 7fb9f8d000
     lowpool[24]-5384  [004] ....   383.484075: do_anonymous_page: anonymous tgid 2255 5384 "lowpool[24]" 13fdf000
     lowpool[24]-5384  [004] ....   383.484164: do_anonymous_page: anonymous tgid 2255 5384 "lowpool[24]" 13fe0000
     lowpool[24]-5384  [004] ....   383.484298: do_anonymous_page: anonymous tgid 2255 5384 "lowpool[24]" 13fe2000
           <...>-6530  [004] ....   383.491969: do_anonymous_page: anonymous tgid 2255 6530 "MSMuxTR-0" 13f43000
           <...>-6530  [004] ....   383.505556: do_anonymous_page: anonymous tgid 2255 6530 "MSMuxTR-0" 13f44000
           <...>-6530  [004] ....   383.505608: do_anonymous_page: anonymous tgid 2255 6530 "MSMuxTR-0" 7f1f437000
           <...>-6530  [004] ....   383.505717: do_anonymous_page: anonymous tgid 2255 6530 "MSMuxTR-0" 13f45000
           <...>-6530  [004] ....   383.506289: do_anonymous_page: anonymous tgid 2255 6530 "MSMuxTR-0" 13f46000
           <...>-6530  [004] ....   383.507946: do_anonymous_page: anonymous tgid 2255 6530 "MSMuxTR-0" 13f47000
           <...>-5175  [004] ....   383.509001: do_anonymous_page: anonymous tgid 1344 5175 "Binder:1344_12" 13b0c000
           <...>-1892  [004] ....   383.579830: do_anonymous_page: anonymous tgid 812 1892 "LocApiMsgTask" 7fbb4f5000
           <...>-1892  [004] ....   383.579849: do_anonymous_page: anonymous tgid 812 1892 "LocApiMsgTask" 7fbb4f6000
           <...>-1892  [004] ....   383.579854: do_anonymous_page: anonymous tgid 812 1892 "LocApiMsgTask" 7fbb4f7000
           <...>-1892  [004] ....   383.579869: do_anonymous_page: anonymous tgid 812 1892 "LocApiMsgTask" 7fbb4bf000
           <...>-1892  [004] ....   383.579875: do_anonymous_page: anonymous tgid 812 1892 "LocApiMsgTask" 7fbb4c0000
           <...>-1892  [004] ....   383.579917: do_anonymous_page: anonymous tgid 812 1892 "LocApiMsgTask" 7fbb4c1000
           <...>-1892  [004] ....   383.579923: do_anonymous_page: anonymous tgid 812 1892 "LocApiMsgTask" 7fbb4c2000
           <...>-1885  [004] ....   383.580046: do_anonymous_page: anonymous tgid 812 1885 "Loc_hal_worker" 7fbc93f000
 HwBinder:1344_2-1456  [004] ....   383.580298: do_anonymous_page: anonymous tgid 1344 1456 "HwBinder:1344_2" 132d4000
           <...>-1365  [004] ....   383.580856: do_anonymous_page: anonymous tgid 1344 1365 "android.fg" 7f20ca4000
           <...>-1892  [004] ....   383.582329: do_anonymous_page: anonymous tgid 812 1892 "LocApiMsgTask" 7fbb51c000
   Binder:2255_B-6202  [004] ....   383.583842: do_anonymous_page: anonymous tgid 2255 6202 "Binder:2255_B" 12f31000
           <...>-1365  [004] ....   383.585806: do_anonymous_page: anonymous tgid 1344 1365 "android.fg" 140c4000
           <...>-1885  [004] ....   383.587146: do_anonymous_page: anonymous tgid 812 1885 "Loc_hal_worker" 7fbb523000
           <...>-1885  [004] ....   383.587166: do_anonymous_page: anonymous tgid 812 1885 "Loc_hal_worker" 7fbb524000
           <...>-1885  [004] ....   383.587209: do_anonymous_page: anonymous tgid 812 1885 "Loc_hal_worker" 7fbb533000
           <...>-1885  [004] ....   383.587213: do_anonymous_page: anonymous tgid 812 1885 "Loc_hal_worker" 7fbb532000
           <...>-1885  [004] ....   383.587232: do_anonymous_page: anonymous tgid 812 1885 "Loc_hal_worker" 7fbb534000
           <...>-1885  [004] ....   383.587328: do_anonymous_page: anonymous tgid 812 1885 "Loc_hal_worker" 7fbb550000
           <...>-6514  [004] ....   383.594602: do_anonymous_page: anonymous tgid 2255 6514 "GoogleLocationS" 13ceb000
 wifi_ext@1.0-se-2797  [004] ....   383.602426: do_anonymous_page: anonymous tgid 831 2797 "wifi_ext@1.0-se" 7fb9f9f000
 wifi_ext@1.0-se-2797  [004] ....   383.602442: do_anonymous_page: anonymous tgid 831 2797 "wifi_ext@1.0-se" 7fb9fa0000
 wifi_ext@1.0-se-2797  [004] ....   383.602447: do_anonymous_page: anonymous tgid 831 2797 "wifi_ext@1.0-se" 7fb9fa1000
 wifi_ext@1.0-se-2797  [004] ....   383.602451: do_anonymous_page: anonymous tgid 831 2797 "wifi_ext@1.0-se" 7fb9fa2000
 wifi_ext@1.0-se-2797  [004] ....   383.697959: do_anonymous_page: anonymous tgid 831 2797 "wifi_ext@1.0-se" 7fb9fa3000
 wifi_ext@1.0-se-2797  [004] ....   383.697970: do_anonymous_page: anonymous tgid 831 2797 "wifi_ext@1.0-se" 7fb9fa4000
 wifi_ext@1.0-se-2797  [004] ....   383.697973: do_anonymous_page: anonymous tgid 831 2797 "wifi_ext@1.0-se" 7fb9fa5000
       FlpThread-5254  [004] ....   383.751255: do_anonymous_page: anonymous tgid 2255 5254 "FlpThread" 1380a000
 ogle.android.gm-6056  [004] ....   383.793346: do_anonymous_page: anonymous tgid 6056 6056 "ogle.android.gm" 13639000
 wifi_ext@1.0-se-2797  [004] ....   383.796659: do_anonymous_page: anonymous tgid 831 2797 "wifi_ext@1.0-se" 7fb99c9000
 wifi_ext@1.0-se-2797  [004] ....   383.796670: do_anonymous_page: anonymous tgid 831 2797 "wifi_ext@1.0-se" 7fb99ca000
 wifi_ext@1.0-se-2797  [004] ....   383.796674: do_anonymous_page: anonymous tgid 831 2797 "wifi_ext@1.0-se" 7fb99cb000
 wifi_ext@1.0-se-2797  [004] ....   383.796678: do_anonymous_page: anonymous tgid 831 2797 "wifi_ext@1.0-se" 7fb99cc000
 wifi_ext@1.0-se-2797  [004] ....   383.796691: do_anonymous_page: anonymous tgid 831 2797 "wifi_ext@1.0-se" 7fba266000
 PowerManagerSer-1384  [004] ....   383.875036: do_anonymous_page: anonymous tgid 1344 1384 "PowerManagerSer" 13438000
 WifiScanningSer-1475  [004] ....   383.927755: do_anonymous_page: anonymous tgid 1344 1475 "WifiScanningSer" 1335c000
     lowi-server-3232  [004] ....   383.928529: do_anonymous_page: anonymous tgid 1008 3232 "lowi-server" 7f3b697000
     lowi-server-3232  [004] ....   383.929167: do_anonymous_page: anonymous tgid 1008 3232 "lowi-server" 7f3b676000
     lowi-server-3232  [004] ....   383.929330: do_anonymous_page: anonymous tgid 1008 3232 "lowi-server" 7f3b67a000
     lowi-server-3232  [004] ....   383.929469: do_anonymous_page: anonymous tgid 1008 3232 "lowi-server" 7f3b681000
     lowi-server-3232  [004] ....   383.929661: do_anonymous_page: anonymous tgid 1008 3232 "lowi-server" 7f3b698000
     lowi-server-1118  [004] ....   383.930072: do_anonymous_page: anonymous tgid 1008 1118 "lowi-server" 7f3d0bb000
     lowi-server-1118  [004] ....   383.930089: do_anonymous_page: anonymous tgid 1008 1118 "lowi-server" 7f3d0bc000
     lowi-server-1118  [004] ....   383.930099: do_anonymous_page: anonymous tgid 1008 1118 "lowi-server" 7f3d0c0000
        wificond-927   [004] ....   383.934016: do_anonymous_page: anonymous tgid 927 927 "wificond" 7fbd42e000
        wificond-927   [004] ....   383.934215: do_anonymous_page: anonymous tgid 927 927 "wificond" 7fbd446000
        wificond-927   [004] ....   383.934255: do_anonymous_page: anonymous tgid 927 927 "wificond" 7fbd447000
        wificond-927   [004] ....   383.934963: do_anonymous_page: anonymous tgid 927 927 "wificond" 7fbd43a000
        wificond-927   [004] ....   383.935024: do_anonymous_page: anonymous tgid 927 927 "wificond" 7fbd43b000
        wificond-927   [004] ....   383.935029: do_anonymous_page: anonymous tgid 927 927 "wificond" 7fbd43c000
        wificond-927   [004] ....   383.935040: do_anonymous_page: anonymous tgid 927 927 "wificond" 7fbd48e000
        wificond-927   [004] ....   383.935044: do_anonymous_page: anonymous tgid 927 927 "wificond" 7fbd48f000
        wificond-927   [004] ....   383.935048: do_anonymous_page: anonymous tgid 927 927 "wificond" 7fbd490000
        wificond-927   [004] ....   383.935060: do_anonymous_page: anonymous tgid 927 927 "wificond" 7fbd491000
        wificond-927   [004] ....   383.935069: do_anonymous_page: anonymous tgid 927 927 "wificond" 7fbd485000
        wificond-927   [004] ....   383.935074: do_anonymous_page: anonymous tgid 927 927 "wificond" 7fbd486000
        wificond-927   [004] ....   383.935078: do_anonymous_page: anonymous tgid 927 927 "wificond" 7fbd487000
        wificond-927   [004] ....   383.935081: do_anonymous_page: anonymous tgid 927 927 "wificond" 7fbd488000
        wificond-927   [004] ....   383.935090: do_anonymous_page: anonymous tgid 927 927 "wificond" 7fbd489000
        wificond-927   [004] ....   383.935102: do_anonymous_page: anonymous tgid 927 927 "wificond" 7fbd49d000
        wificond-927   [004] ....   383.935109: do_anonymous_page: anonymous tgid 927 927 "wificond" 7fbd49e000
        wificond-927   [004] ....   383.935113: do_anonymous_page: anonymous tgid 927 927 "wificond" 7fbd49f000
        wificond-927   [004] ....   383.935118: do_anonymous_page: anonymous tgid 927 927 "wificond" 7fbd4a0000
        wificond-927   [004] ....   383.935122: do_anonymous_page: anonymous tgid 927 927 "wificond" 7fbd4a1000
        wificond-927   [004] ....   383.935126: do_anonymous_page: anonymous tgid 927 927 "wificond" 7fbd4a2000
        wificond-927   [004] ....   383.935130: do_anonymous_page: anonymous tgid 927 927 "wificond" 7fbd48a000
 WifiScanningSer-1475  [004] ....   383.935309: do_anonymous_page: anonymous tgid 1344 1475 "WifiScanningSer" 1335d000
 WifiScanningSer-1475  [004] ....   383.935346: do_anonymous_page: anonymous tgid 1344 1475 "WifiScanningSer" 1335e000
 WifiScanningSer-1475  [004] ....   383.935379: do_anonymous_page: anonymous tgid 1344 1475 "WifiScanningSer" 1335f000
 WifiScanningSer-1475  [004] ....   383.935411: do_anonymous_page: anonymous tgid 1344 1475 "WifiScanningSer" 13360000
 WifiScanningSer-1475  [004] ....   383.935446: do_anonymous_page: anonymous tgid 1344 1475 "WifiScanningSer" 13361000
 WifiScanningSer-1475  [004] ....   383.935475: do_anonymous_page: anonymous tgid 1344 1475 "WifiScanningSer" 13362000
 WifiScanningSer-1475  [004] ....   383.935506: do_anonymous_page: anonymous tgid 1344 1475 "WifiScanningSer" 13363000
 WifiScanningSer-1475  [004] ....   383.935538: do_anonymous_page: anonymous tgid 1344 1475 "WifiScanningSer" 13364000
 WifiScanningSer-1475  [004] ....   383.935627: do_anonymous_page: anonymous tgid 1344 1475 "WifiScanningSer" 13365000
 WifiScanningSer-1475  [004] ....   383.935777: do_anonymous_page: anonymous tgid 1344 1475 "WifiScanningSer" 13366000
 WifiScanningSer-1475  [004] ....   383.935829: do_anonymous_page: anonymous tgid 1344 1475 "WifiScanningSer" 13367000
 WifiScanningSer-1475  [004] ....   383.935862: do_anonymous_page: anonymous tgid 1344 1475 "WifiScanningSer" 13368000
 WifiScanningSer-1475  [004] ....   383.935905: do_anonymous_page: anonymous tgid 1344 1475 "WifiScanningSer" 13369000
 WifiScanningSer-1475  [004] ....   383.935943: do_anonymous_page: anonymous tgid 1344 1475 "WifiScanningSer" 1336a000
 WifiScanningSer-1475  [004] ....   383.935978: do_anonymous_page: anonymous tgid 1344 1475 "WifiScanningSer" 1336b000
 WifiScanningSer-1475  [004] ....   383.936033: do_anonymous_page: anonymous tgid 1344 1475 "WifiScanningSer" 1336c000
 WifiScanningSer-1475  [004] ....   383.936103: do_anonymous_page: anonymous tgid 1344 1475 "WifiScanningSer" 1336d000
 WifiScanningSer-1475  [004] ....   383.936155: do_anonymous_page: anonymous tgid 1344 1475 "WifiScanningSer" 1336e000
 WifiScanningSer-1475  [004] ....   383.936193: do_anonymous_page: anonymous tgid 1344 1475 "WifiScanningSer" 1336f000
 WifiScanningSer-1475  [004] ....   383.936228: do_anonymous_page: anonymous tgid 1344 1475 "WifiScanningSer" 13370000
 WifiScanningSer-1475  [004] ....   383.937735: do_anonymous_page: anonymous tgid 1344 1475 "WifiScanningSer" 13371000
 WifiScanningSer-1475  [004] ....   383.937798: do_anonymous_page: anonymous tgid 1344 1475 "WifiScanningSer" 13372000
 WifiScanningSer-1475  [004] ....   383.937816: do_anonymous_page: anonymous tgid 1344 1475 "WifiScanningSer" 13373000
 WifiScanningSer-1475  [004] ....   383.937858: do_anonymous_page: anonymous tgid 1344 1475 "WifiScanningSer" 13374000
 WifiScanningSer-1475  [004] ....   383.937909: do_anonymous_page: anonymous tgid 1344 1475 "WifiScanningSer" 13375000
 WifiScanningSer-1475  [004] ....   383.937933: do_anonymous_page: anonymous tgid 1344 1475 "WifiScanningSer" 13376000
 WifiScanningSer-1475  [004] ....   383.937976: do_anonymous_page: anonymous tgid 1344 1475 "WifiScanningSer" 13377000
 WifiScanningSer-1475  [004] ....   383.938035: do_anonymous_page: anonymous tgid 1344 1475 "WifiScanningSer" 13378000
 WifiScanningSer-1475  [004] ....   383.938080: do_anonymous_page: anonymous tgid 1344 1475 "WifiScanningSer" 13379000
 WifiScanningSer-1475  [004] ....   383.938103: do_anonymous_page: anonymous tgid 1344 1475 "WifiScanningSer" 1337a000
 WifiScanningSer-1475  [004] ....   383.938143: do_anonymous_page: anonymous tgid 1344 1475 "WifiScanningSer" 1337b000
 WifiScanningSer-1475  [004] ....   383.938178: do_anonymous_page: anonymous tgid 1344 1475 "WifiScanningSer" 1337c000
 WifiScanningSer-1475  [004] ....   383.938212: do_anonymous_page: anonymous tgid 1344 1475 "WifiScanningSer" 1337d000
