           <...>-6084  [004] ....  1527.568855: do_anonymous_page: anonymous tgid 6056 6084 "GoogleApiHandle" 12e81000
           <...>-6593  [004] ....  1527.569188: do_anonymous_page: anonymous tgid 1344 6593 "Binder:1344_13" 12fd2000
 ogle.android.gm-6056  [004] ....  1527.569462: do_anonymous_page: anonymous tgid 6056 6056 "ogle.android.gm" 1414d000
 ogle.android.gm-6056  [004] ....  1527.569478: do_anonymous_page: anonymous tgid 6056 6056 "ogle.android.gm" 1414e000
 ogle.android.gm-6056  [004] ....  1527.569502: do_anonymous_page: anonymous tgid 6056 6056 "ogle.android.gm" 1414f000
           <...>-6593  [004] ....  1527.569612: do_anonymous_page: anonymous tgid 1344 6593 "Binder:1344_13" 12fd3000
           <...>-6593  [004] ....  1527.569760: do_anonymous_page: anonymous tgid 1344 6593 "Binder:1344_13" 12fd4000
 ogle.android.gm-6056  [004] ....  1527.569915: do_anonymous_page: anonymous tgid 6056 6056 "ogle.android.gm" 14150000
 ogle.android.gm-6056  [004] ....  1527.569941: do_anonymous_page: anonymous tgid 6056 6056 "ogle.android.gm" 14151000
 ogle.android.gm-6056  [004] ....  1527.569954: do_anonymous_page: anonymous tgid 6056 6056 "ogle.android.gm" 14152000
 ogle.android.gm-6056  [004] ....  1527.569976: do_anonymous_page: anonymous tgid 6056 6056 "ogle.android.gm" 14153000
 ogle.android.gm-6056  [004] ....  1527.569981: do_anonymous_page: anonymous tgid 6056 6056 "ogle.android.gm" 14154000
 ogle.android.gm-6056  [004] ....  1527.569994: do_anonymous_page: anonymous tgid 6056 6056 "ogle.android.gm" 14155000
 ogle.android.gm-6056  [004] ....  1527.570004: do_anonymous_page: anonymous tgid 6056 6056 "ogle.android.gm" 14156000
 ogle.android.gm-6056  [004] ....  1527.570015: do_anonymous_page: anonymous tgid 6056 6056 "ogle.android.gm" 14157000
 ogle.android.gm-6056  [004] ....  1527.570031: do_anonymous_page: anonymous tgid 6056 6056 "ogle.android.gm" 14158000
 ogle.android.gm-6056  [004] ....  1527.570035: do_anonymous_page: anonymous tgid 6056 6056 "ogle.android.gm" 14159000
 ogle.android.gm-6056  [004] ....  1527.570052: do_anonymous_page: anonymous tgid 6056 6056 "ogle.android.gm" 1415a000
 ogle.android.gm-6056  [004] ....  1527.570056: do_anonymous_page: anonymous tgid 6056 6056 "ogle.android.gm" 1415b000
 ogle.android.gm-6056  [004] ....  1527.570325: do_anonymous_page: anonymous tgid 6056 6056 "ogle.android.gm" 7e92c7e000
 ogle.android.gm-6056  [004] ....  1527.570330: do_anonymous_page: anonymous tgid 6056 6056 "ogle.android.gm" 7e92c7d000
 ogle.android.gm-6056  [004] ....  1527.570362: do_anonymous_page: anonymous tgid 6056 6056 "ogle.android.gm" 7ea6906000
 ogle.android.gm-6056  [004] ....  1527.570366: do_anonymous_page: anonymous tgid 6056 6056 "ogle.android.gm" 7ea6905000
    AsyncTask #6-7214  [004] ....  1527.570495: do_anonymous_page: anonymous tgid 6056 7214 "AsyncTask #6" 7f31477000
    AsyncTask #6-7214  [004] ....  1527.570504: do_anonymous_page: anonymous tgid 6056 7214 "AsyncTask #6" 7eada0c000
    AsyncTask #6-7214  [004] ....  1527.570515: do_anonymous_page: anonymous tgid 6056 7214 "AsyncTask #6" 7eada0d000
    AsyncTask #6-7214  [004] ....  1527.570580: do_anonymous_page: anonymous tgid 6056 7214 "AsyncTask #6" 13640000
    AsyncTask #6-7214  [004] ....  1527.570587: do_anonymous_page: anonymous tgid 6056 7214 "AsyncTask #6" 7eada0b000
           <...>-6593  [004] ....  1527.571073: do_anonymous_page: anonymous tgid 1344 6593 "Binder:1344_13" 12fd5000
   Binder:2255_4-2413  [004] ....  1527.572206: do_anonymous_page: anonymous tgid 2255 2413 "Binder:2255_4" 12c98000
 .gms.persistent-2255  [004] ....  1527.572328: do_anonymous_page: anonymous tgid 2255 2255 ".gms.persistent" 12d75000
 .gms.persistent-2255  [004] ....  1527.572492: do_anonymous_page: anonymous tgid 2255 2255 ".gms.persistent" 12d76000
 .gms.persistent-2255  [004] ....  1527.575797: do_anonymous_page: anonymous tgid 2255 2255 ".gms.persistent" 12d77000
 .gms.persistent-2255  [004] ....  1527.576199: do_anonymous_page: anonymous tgid 2255 2255 ".gms.persistent" 12d78000
    AsyncTask #6-7214  [004] ....  1527.576462: do_anonymous_page: anonymous tgid 6056 7214 "AsyncTask #6" 13641000
    AsyncTask #6-7214  [004] ....  1527.576589: do_anonymous_page: anonymous tgid 6056 7214 "AsyncTask #6" 13642000
    AsyncTask #6-7214  [004] ....  1527.576690: do_anonymous_page: anonymous tgid 6056 7214 "AsyncTask #6" 7eada0a000
    AsyncTask #6-7214  [004] ....  1527.576933: do_anonymous_page: anonymous tgid 6056 7214 "AsyncTask #6" 13643000
 ogle.android.gm-6056  [004] ....  1527.577036: do_anonymous_page: anonymous tgid 6056 6056 "ogle.android.gm" 1415c000
 ogle.android.gm-6056  [004] ....  1527.577065: do_anonymous_page: anonymous tgid 6056 6056 "ogle.android.gm" 1415d000
 GoogleApiHandle-2677  [004] ....  1527.577302: do_anonymous_page: anonymous tgid 2255 2677 "GoogleApiHandle" 12d9e000
 ogle.android.gm-6056  [004] ....  1527.578255: do_anonymous_page: anonymous tgid 6056 6056 "ogle.android.gm" 1415e000
 ogle.android.gm-6056  [004] ....  1527.578352: do_anonymous_page: anonymous tgid 6056 6056 "ogle.android.gm" 1415f000
 ogle.android.gm-6056  [004] ....  1527.578425: do_anonymous_page: anonymous tgid 6056 6056 "ogle.android.gm" 14160000
           <...>-6593  [004] ....  1527.578521: do_anonymous_page: anonymous tgid 1344 6593 "Binder:1344_13" 12fd6000
  Lite Thread #4-6115  [004] ....  1527.578671: do_anonymous_page: anonymous tgid 6056 6115 "Lite Thread #4" 12d01000
  Lite Thread #4-6115  [004] ....  1527.579056: do_anonymous_page: anonymous tgid 6056 6115 "Lite Thread #4" 12d02000
  Lite Thread #4-6115  [004] ....  1527.579096: do_anonymous_page: anonymous tgid 6056 6115 "Lite Thread #4" 12d03000
 wifi_ext@1.0-se-2797  [004] ....  1527.579230: do_anonymous_page: anonymous tgid 831 2797 "wifi_ext@1.0-se" 7fba073000
 wifi_ext@1.0-se-2797  [004] ....  1527.579247: do_anonymous_page: anonymous tgid 831 2797 "wifi_ext@1.0-se" 7fba09f000
 wifi_ext@1.0-se-2797  [004] ....  1527.579249: do_anonymous_page: anonymous tgid 831 2797 "wifi_ext@1.0-se" 7fba0a0000
 wifi_ext@1.0-se-2797  [004] ....  1527.579251: do_anonymous_page: anonymous tgid 831 2797 "wifi_ext@1.0-se" 7fba0a1000
  Lite Thread #4-6115  [004] ....  1527.579380: do_anonymous_page: anonymous tgid 6056 6115 "Lite Thread #4" 12d04000
    BG Thread #1-6093  [004] ....  1527.579520: do_anonymous_page: anonymous tgid 6056 6093 "BG Thread #1" 13680000
 .gms.persistent-2255  [004] ....  1527.579684: do_anonymous_page: anonymous tgid 2255 2255 ".gms.persistent" 12d79000
   Binder:1344_8-1927  [004] ....  1527.580046: do_anonymous_page: anonymous tgid 1344 1927 "Binder:1344_8" 12ec4000
   system_server-1344  [004] ....  1527.580246: do_anonymous_page: anonymous tgid 1344 1344 "system_server" 12d01000
   Binder:2255_2-2277  [004] ....  1527.580407: do_anonymous_page: anonymous tgid 2255 2277 "Binder:2255_2" 12e92000
   Binder:2255_2-2277  [004] ....  1527.580680: do_anonymous_page: anonymous tgid 2255 2277 "Binder:2255_2" 12e93000
           <...>-3750  [004] ....  1527.580940: do_anonymous_page: anonymous tgid 1344 3750 "Binder:1344_C" 12dc9000
   Binder:2255_4-2413  [004] ....  1527.582452: do_anonymous_page: anonymous tgid 2255 2413 "Binder:2255_4" 12c99000
   Binder:2255_4-2413  [004] ....  1527.582726: do_anonymous_page: anonymous tgid 2255 2413 "Binder:2255_4" 12c9a000
 GoogleApiHandle-2677  [004] ....  1527.582947: do_anonymous_page: anonymous tgid 2255 2677 "GoogleApiHandle" 12d9f000
 ObjectCursorLoa-7215  [004] ....  1527.583413: do_anonymous_page: anonymous tgid 6056 7215 "ogle.android.gm" 7ea6904000
 ObjectCursorLoa-7215  [004] ....  1527.583428: do_anonymous_page: anonymous tgid 6056 7215 "ogle.android.gm" 7eb2171000
 ObjectCursorLoa-7215  [004] ....  1527.583430: do_anonymous_page: anonymous tgid 6056 7215 "ogle.android.gm" 7eb2172000
 ObjectCursorLoa-7215  [004] ....  1527.583433: do_anonymous_page: anonymous tgid 6056 7215 "ogle.android.gm" 7eb2173000
 ObjectCursorLoa-7215  [004] ....  1527.583508: do_anonymous_page: anonymous tgid 6056 7215 "ObjectCursorLoa" 7f31338000
 ObjectCursorLoa-7215  [004] ....  1527.583515: do_anonymous_page: anonymous tgid 6056 7215 "ObjectCursorLoa" 7ea6903000
 ObjectCursorLoa-7215  [004] ....  1527.583552: do_anonymous_page: anonymous tgid 6056 7215 "ObjectCursorLoa" 136c0000
 ObjectCursorLoa-7215  [004] ....  1527.583619: do_anonymous_page: anonymous tgid 6056 7215 "ObjectCursorLoa" 7eb24f7000
 ObjectCursorLoa-7215  [004] ....  1527.583658: do_anonymous_page: anonymous tgid 6056 7215 "ObjectCursorLoa" 7ea6902000
 ObjectCursorLoa-7215  [004] ....  1527.583664: do_anonymous_page: anonymous tgid 6056 7215 "ObjectCursorLoa" 136c1000
 ObjectCursorLoa-7215  [004] ....  1527.584047: do_anonymous_page: anonymous tgid 6056 7215 "ObjectCursorLoa" 136c2000
           <...>-6593  [004] ....  1527.587100: do_anonymous_page: anonymous tgid 1344 6593 "Binder:1344_13" 12fd7000
 ObjectCursorLoa-7213  [004] ....  1527.587331: do_anonymous_page: anonymous tgid 6056 7213 "ObjectCursorLoa" 135c2000
 ObjectCursorLoa-7213  [004] ....  1527.587348: do_anonymous_page: anonymous tgid 6056 7213 "ObjectCursorLoa" 135c3000
 Blocking Thread-7196  [004] ....  1527.587745: do_anonymous_page: anonymous tgid 6056 7196 "Blocking Thread" 13700000
    BG Thread #3-6096  [004] ....  1527.587935: do_anonymous_page: anonymous tgid 6056 6096 "BG Thread #3" 13740000
 ogle.android.gm-6056  [004] ....  1527.588187: do_anonymous_page: anonymous tgid 6056 6056 "ogle.android.gm" 14161000
    BG Thread #0-6092  [004] ....  1527.588733: do_anonymous_page: anonymous tgid 6056 6092 "BG Thread #0" 12f01000
    BG Thread #0-6092  [004] ....  1527.588782: do_anonymous_page: anonymous tgid 6056 6092 "BG Thread #0" 12f02000
    BG Thread #0-6092  [004] ....  1527.588838: do_anonymous_page: anonymous tgid 6056 6092 "BG Thread #0" 12f03000
     lowpool[48]-6967  [004] ....  1527.588994: do_anonymous_page: anonymous tgid 2255 6967 "lowpool[48]" 12e69000
     lowpool[48]-6967  [004] ....  1527.589390: do_anonymous_page: anonymous tgid 2255 6967 "lowpool[48]" 12e6a000
           <...>-6593  [004] ....  1527.590063: do_anonymous_page: anonymous tgid 1344 6593 "Binder:1344_13" 12fd8000
    AsyncTask #6-7214  [004] ....  1527.590202: do_anonymous_page: anonymous tgid 6056 7214 "AsyncTask #6" 13644000
    AsyncTask #6-7214  [004] ....  1527.590220: do_anonymous_page: anonymous tgid 6056 7214 "AsyncTask #6" 13645000
           <...>-6593  [004] ....  1527.590485: do_anonymous_page: anonymous tgid 1344 6593 "Binder:1344_13" 12fd9000
     lowpool[48]-6967  [004] ....  1527.590675: do_anonymous_page: anonymous tgid 2255 6967 "lowpool[48]" 12e6b000
           <...>-6593  [004] ....  1527.591067: do_anonymous_page: anonymous tgid 1344 6593 "Binder:1344_13" 12fda000
 ogle.android.gm-6056  [004] ....  1527.591187: do_anonymous_page: anonymous tgid 6056 6056 "ogle.android.gm" 14162000
 ogle.android.gm-6056  [004] ....  1527.591217: do_anonymous_page: anonymous tgid 6056 6056 "ogle.android.gm" 14163000
 ogle.android.gm-6056  [004] ....  1527.591233: do_anonymous_page: anonymous tgid 6056 6056 "ogle.android.gm" 14164000
 ogle.android.gm-6056  [004] ....  1527.591253: do_anonymous_page: anonymous tgid 6056 6056 "ogle.android.gm" 14165000
 ogle.android.gm-6056  [004] ....  1527.591258: do_anonymous_page: anonymous tgid 6056 6056 "ogle.android.gm" 14166000
 ogle.android.gm-6056  [004] ....  1527.591263: do_anonymous_page: anonymous tgid 6056 6056 "ogle.android.gm" 14167000
 ogle.android.gm-6056  [004] ....  1527.591277: do_anonymous_page: anonymous tgid 6056 6056 "ogle.android.gm" 14168000
 ogle.android.gm-6056  [004] ....  1527.591291: do_anonymous_page: anonymous tgid 6056 6056 "ogle.android.gm" 14169000
 ogle.android.gm-6056  [004] ....  1527.591302: do_anonymous_page: anonymous tgid 6056 6056 "ogle.android.gm" 1416a000
 ogle.android.gm-6056  [004] ....  1527.591314: do_anonymous_page: anonymous tgid 6056 6056 "ogle.android.gm" 1416b000
 ogle.android.gm-6056  [004] ....  1527.591326: do_anonymous_page: anonymous tgid 6056 6056 "ogle.android.gm" 1416c000
 ogle.android.gm-6056  [004] ....  1527.591332: do_anonymous_page: anonymous tgid 6056 6056 "ogle.android.gm" 1416d000
 ObjectCursorLoa-7197  [004] ....  1527.591653: do_anonymous_page: anonymous tgid 6056 7197 "ObjectCursorLoa" 13780000
 ObjectCursorLoa-7197  [004] ....  1527.591718: do_anonymous_page: anonymous tgid 6056 7197 "ObjectCursorLoa" 13781000
           <...>-6593  [004] ....  1527.591834: do_anonymous_page: anonymous tgid 1344 6593 "Binder:1344_13" 12fdb000
 ObjectCursorLoa-7197  [004] ....  1527.591944: do_anonymous_page: anonymous tgid 6056 7197 "ObjectCursorLoa" 13782000
     lowpool[48]-6967  [004] ....  1527.592727: do_anonymous_page: anonymous tgid 2255 6967 "lowpool[48]" 12e6c000
     lowpool[48]-6967  [004] ....  1527.593332: do_anonymous_page: anonymous tgid 2255 6967 "lowpool[48]" 12e6d000
     lowpool[48]-6967  [004] ....  1527.593781: do_anonymous_page: anonymous tgid 2255 6967 "lowpool[48]" 12e6e000
     lowpool[48]-6967  [004] ....  1527.594221: do_anonymous_page: anonymous tgid 2255 6967 "lowpool[48]" 12e6f000
     lowpool[48]-6967  [004] ....  1527.594665: do_anonymous_page: anonymous tgid 2255 6967 "lowpool[48]" 12e70000
     lowpool[48]-6967  [004] ....  1527.595146: do_anonymous_page: anonymous tgid 2255 6967 "lowpool[48]" 12e71000
     lowpool[48]-6967  [004] ....  1527.597670: do_anonymous_page: anonymous tgid 2255 6967 "lowpool[48]" 12e72000
     lowpool[48]-6967  [004] ....  1527.598146: do_anonymous_page: anonymous tgid 2255 6967 "lowpool[48]" 12e73000
     lowpool[48]-6967  [004] ....  1527.598591: do_anonymous_page: anonymous tgid 2255 6967 "lowpool[48]" 12e74000
     lowpool[48]-6967  [004] ....  1527.599010: do_anonymous_page: anonymous tgid 2255 6967 "lowpool[48]" 12e75000
     lowpool[48]-6967  [004] ....  1527.599425: do_anonymous_page: anonymous tgid 2255 6967 "lowpool[48]" 12e76000
     lowpool[48]-6967  [004] ....  1527.599994: do_anonymous_page: anonymous tgid 2255 6967 "lowpool[48]" 12e77000
     lowpool[48]-6967  [004] ....  1527.600153: do_anonymous_page: anonymous tgid 2255 6967 "lowpool[48]" 12e78000
     lowpool[48]-6967  [004] ....  1527.600465: do_anonymous_page: anonymous tgid 2255 6967 "lowpool[48]" 12e79000
     lowpool[48]-6967  [004] ....  1527.600545: do_anonymous_page: anonymous tgid 2255 6967 "lowpool[48]" 12e7a000
     lowpool[48]-6967  [004] ....  1527.600836: do_anonymous_page: anonymous tgid 2255 6967 "lowpool[48]" 12e7b000
     lowpool[48]-6967  [004] ....  1527.600881: do_anonymous_page: anonymous tgid 2255 6967 "lowpool[48]" 12e7c000
     lowpool[48]-6967  [004] ....  1527.601173: do_anonymous_page: anonymous tgid 2255 6967 "lowpool[48]" 12e7d000
     lowpool[48]-6967  [004] ....  1527.601293: do_anonymous_page: anonymous tgid 2255 6967 "lowpool[48]" 12e7e000
     lowpool[48]-6967  [004] ....  1527.601504: do_anonymous_page: anonymous tgid 2255 6967 "lowpool[48]" 12e7f000
            QMon-6597  [004] ....  1527.626065: do_anonymous_page: anonymous tgid 2255 6597 "QMon" 13c2c000
 queued-work-loo-6081  [004] ....  1527.657435: do_anonymous_page: anonymous tgid 6056 6081 "queued-work-loo" 760c1000
 queued-work-loo-6081  [004] ....  1527.657460: do_anonymous_page: anonymous tgid 6056 6081 "queued-work-loo" 75dc0000
 queued-work-loo-6081  [004] ....  1527.657557: do_anonymous_page: anonymous tgid 6056 6081 "queued-work-loo" 760c2000
 queued-work-loo-6081  [004] ....  1527.657576: do_anonymous_page: anonymous tgid 6056 6081 "queued-work-loo" 760c3000
 queued-work-loo-6081  [004] ....  1527.657607: do_anonymous_page: anonymous tgid 6056 6081 "queued-work-loo" 75dc1000
 PowerManagerSer-1384  [004] ....  1528.098111: do_anonymous_page: anonymous tgid 1344 1384 "PowerManagerSer" 14361000
 ogle.android.gm-6056  [004] ....  1528.225662: do_anonymous_page: anonymous tgid 6056 6056 "ogle.android.gm" 1416e000
 ogle.android.gm-6056  [004] ....  1528.435700: do_anonymous_page: anonymous tgid 6056 6056 "ogle.android.gm" 1416f000
            QMon-6597  [004] ....  1528.664563: do_anonymous_page: anonymous tgid 2255 6597 "QMon" 13c2d000
 RxSchedulerPurg-4706  [004] ....  1528.908975: do_anonymous_page: anonymous tgid 4614 4706 "RxSchedulerPurg" 13c88000
 PowerManagerSer-1384  [004] ....  1529.123500: do_anonymous_page: anonymous tgid 1344 1384 "PowerManagerSer" 14362000
      lowpool[3]-5405  [004] ....  1529.127003: do_anonymous_page: anonymous tgid 5182 5405 "lowpool[3]" 7f2d736000
      lowpool[3]-5405  [004] ....  1529.127024: do_anonymous_page: anonymous tgid 5182 5405 "lowpool[3]" 7f2d737000
      lowpool[3]-5405  [004] ....  1529.127032: do_anonymous_page: anonymous tgid 5182 5405 "lowpool[3]" 7f2d738000
      lowpool[3]-5405  [004] ....  1529.127183: do_anonymous_page: anonymous tgid 5182 5405 "lowpool[3]" 7f29fdc000
      lowpool[3]-5405  [004] ....  1529.127197: do_anonymous_page: anonymous tgid 5182 5405 "lowpool[3]" 7f29fdb000
       Thread-11-7216  [004] ....  1529.127666: do_anonymous_page: anonymous tgid 5182 7216 "Thread-11" 7f29fda000
       Thread-11-7216  [004] ....  1529.127859: do_anonymous_page: anonymous tgid 5182 7216 "Thread-11" 7fbe07f000
       Thread-11-7216  [004] ....  1529.127877: do_anonymous_page: anonymous tgid 5182 7216 "Thread-11" 7f29fd9000
       Thread-11-7216  [004] ....  1529.127921: do_anonymous_page: anonymous tgid 5182 7216 "Thread-11" 12dc0000
       Thread-11-7216  [004] ....  1529.156053: do_anonymous_page: anonymous tgid 5182 7216 "Thread-11" 7f29fd8000
            QMon-6597  [004] ....  1529.182143: do_anonymous_page: anonymous tgid 2255 6597 "QMon" 13c2e000
 LazyTaskWriterT-2380  [004] ....  1529.525198: do_anonymous_page: anonymous tgid 1344 2380 "LazyTaskWriterT" 13400000
 LazyTaskWriterT-2380  [004] ....  1529.525242: do_anonymous_page: anonymous tgid 1344 2380 "LazyTaskWriterT" 75f1f000
 LazyTaskWriterT-2380  [004] ....  1529.525257: do_anonymous_page: anonymous tgid 1344 2380 "LazyTaskWriterT" 75e8e000
 LazyTaskWriterT-2380  [004] ....  1529.525538: do_anonymous_page: anonymous tgid 1344 2380 "LazyTaskWriterT" 13401000
 LazyTaskWriterT-2380  [004] .n..  1529.526378: do_anonymous_page: anonymous tgid 1344 2380 "LazyTaskWriterT" 13402000
 TaskSnapshotPer-1696  [004] ....  1529.541967: do_anonymous_page: anonymous tgid 1344 1696 "TaskSnapshotPer" 13440000
 LazyTaskWriterT-2380  [004] ....  1529.542691: do_anonymous_page: anonymous tgid 1344 2380 "LazyTaskWriterT" 13403000
 LazyTaskWriterT-2380  [004] ....  1529.542805: do_anonymous_page: anonymous tgid 1344 2380 "LazyTaskWriterT" 13404000
    AlarmManager-1452  [004] ....  1529.652020: do_anonymous_page: anonymous tgid 1344 1452 "AlarmManager" 13480000
 WifiScanningSer-1475  [004] ....  1529.653488: do_anonymous_page: anonymous tgid 1344 1475 "WifiScanningSer" 13500000
 WifiScanningSer-1475  [004] ....  1529.653747: do_anonymous_page: anonymous tgid 1344 1475 "WifiScanningSer" 13501000
        wificond-927   [004] ....  1529.654712: do_anonymous_page: anonymous tgid 927 927 "wificond" 7fbd447000
        wificond-927   [004] ....  1529.654731: do_anonymous_page: anonymous tgid 927 927 "wificond" 7fbd446000
        wificond-927   [004] ....  1529.654803: do_anonymous_page: anonymous tgid 927 927 "wificond" 7fbd43b000
  ClientModeImpl-1473  [004] ....  1529.656780: do_anonymous_page: anonymous tgid 1344 1473 "ClientModeImpl" 13385000
        wificond-927   [004] ....  1529.658471: do_anonymous_page: anonymous tgid 927 927 "wificond" 7fbd43b000
        wificond-927   [004] ....  1529.659646: do_anonymous_page: anonymous tgid 927 927 "wificond" 7fbd43b000
 WifiScanningSer-1475  [004] ....  1529.659926: do_anonymous_page: anonymous tgid 1344 1475 "WifiScanningSer" 13502000
 WifiScanningSer-1475  [004] ....  1529.659982: do_anonymous_page: anonymous tgid 1344 1475 "WifiScanningSer" 13503000
 wifi_ext@1.0-se-2797  [004] ....  1529.675452: do_anonymous_page: anonymous tgid 831 2797 "wifi_ext@1.0-se" 7fba074000
 wifi_ext@1.0-se-2797  [004] ....  1529.675495: do_anonymous_page: anonymous tgid 831 2797 "wifi_ext@1.0-se" 7fba0a2000
 wifi_ext@1.0-se-2797  [004] ....  1529.675502: do_anonymous_page: anonymous tgid 831 2797 "wifi_ext@1.0-se" 7fba0a3000
 wifi_ext@1.0-se-2797  [004] ....  1529.675508: do_anonymous_page: anonymous tgid 831 2797 "wifi_ext@1.0-se" 7fba0a4000
            QMon-6597  [004] ....  1529.700838: do_anonymous_page: anonymous tgid 2255 6597 "QMon" 13c2f000
 wifi_ext@1.0-se-2797  [004] ....  1529.711548: do_anonymous_page: anonymous tgid 831 2797 "wifi_ext@1.0-se" 7fba075000
 wifi_ext@1.0-se-2797  [004] ....  1529.711592: do_anonymous_page: anonymous tgid 831 2797 "wifi_ext@1.0-se" 7fba0b5000
 wifi_ext@1.0-se-2797  [004] ....  1529.711599: do_anonymous_page: anonymous tgid 831 2797 "wifi_ext@1.0-se" 7fba0b6000
 wifi_ext@1.0-se-2797  [004] ....  1529.711605: do_anonymous_page: anonymous tgid 831 2797 "wifi_ext@1.0-se" 7fba0b7000
 wifi_ext@1.0-se-2797  [004] ....  1529.851022: do_anonymous_page: anonymous tgid 831 2797 "wifi_ext@1.0-se" 7fba0c9000
 wifi_ext@1.0-se-2797  [004] ....  1529.851039: do_anonymous_page: anonymous tgid 831 2797 "wifi_ext@1.0-se" 7fba0ca000
 wifi_ext@1.0-se-2797  [004] ....  1529.851064: do_anonymous_page: anonymous tgid 831 2797 "wifi_ext@1.0-se" 7fba0b8000
 wifi_ext@1.0-se-2797  [004] ....  1529.851070: do_anonymous_page: anonymous tgid 831 2797 "wifi_ext@1.0-se" 7fba0b9000
 wifi_ext@1.0-se-2797  [004] ....  1529.851076: do_anonymous_page: anonymous tgid 831 2797 "wifi_ext@1.0-se" 7fba0ba000
  ClientModeImpl-1473  [004] ....  1529.912864: do_anonymous_page: anonymous tgid 1344 1473 "ClientModeImpl" 13386000
  ClientModeImpl-1473  [004] ....  1529.913115: do_anonymous_page: anonymous tgid 1344 1473 "ClientModeImpl" 13387000
  ClientModeImpl-1473  [004] ....  1529.913324: do_anonymous_page: anonymous tgid 1344 1473 "ClientModeImpl" 13388000
  ClientModeImpl-1473  [004] ....  1529.915892: do_anonymous_page: anonymous tgid 1344 1473 "ClientModeImpl" 13389000
  ClientModeImpl-1473  [004] ....  1529.916149: do_anonymous_page: anonymous tgid 1344 1473 "ClientModeImpl" 1338a000
  ClientModeImpl-1473  [004] ....  1529.916236: do_anonymous_page: anonymous tgid 1344 1473 "ClientModeImpl" 1338b000
 wifi_ext@1.0-se-2797  [004] ....  1529.986057: do_anonymous_page: anonymous tgid 831 2797 "wifi_ext@1.0-se" 7fba0cb000
 wifi_ext@1.0-se-2797  [004] ....  1529.986104: do_anonymous_page: anonymous tgid 831 2797 "wifi_ext@1.0-se" 7fba0ce000
 wifi_ext@1.0-se-2797  [004] ....  1529.986111: do_anonymous_page: anonymous tgid 831 2797 "wifi_ext@1.0-se" 7fba0cf000
 wifi_ext@1.0-se-2797  [004] ....  1529.986137: do_anonymous_page: anonymous tgid 831 2797 "wifi_ext@1.0-se" 7fba0d0000
 wifi_ext@1.0-se-2797  [004] ....  1529.993762: do_anonymous_page: anonymous tgid 831 2797 "wifi_ext@1.0-se" 7fba256000
 wifi_ext@1.0-se-2797  [004] ....  1529.993774: do_anonymous_page: anonymous tgid 831 2797 "wifi_ext@1.0-se" 7fba257000
 wifi_ext@1.0-se-2797  [004] ....  1529.993780: do_anonymous_page: anonymous tgid 831 2797 "wifi_ext@1.0-se" 7fba258000
 wifi_ext@1.0-se-2797  [004] ....  1529.993786: do_anonymous_page: anonymous tgid 831 2797 "wifi_ext@1.0-se" 7fba259000
 wifi_ext@1.0-se-2797  [004] ....  1529.993792: do_anonymous_page: anonymous tgid 831 2797 "wifi_ext@1.0-se" 7fba25a000
 wifi_ext@1.0-se-2797  [004] ....  1530.034714: do_anonymous_page: anonymous tgid 831 2797 "wifi_ext@1.0-se" 7fba0cc000
 wifi_ext@1.0-se-2797  [004] ....  1530.034754: do_anonymous_page: anonymous tgid 831 2797 "wifi_ext@1.0-se" 7fba0db000
 wifi_ext@1.0-se-2797  [004] ....  1530.034761: do_anonymous_page: anonymous tgid 831 2797 "wifi_ext@1.0-se" 7fba0dc000
 wifi_ext@1.0-se-2797  [004] ....  1530.034768: do_anonymous_page: anonymous tgid 831 2797 "wifi_ext@1.0-se" 7fba0dd000
 PowerManagerSer-1384  [004] ....  1530.042628: do_anonymous_page: anonymous tgid 1344 1384 "PowerManagerSer" 14363000
 wifi_ext@1.0-se-2797  [004] ....  1530.145658: do_anonymous_page: anonymous tgid 831 2797 "wifi_ext@1.0-se" 7fba0cd000
 wifi_ext@1.0-se-2797  [004] ....  1530.145700: do_anonymous_page: anonymous tgid 831 2797 "wifi_ext@1.0-se" 7fba0f1000
 wifi_ext@1.0-se-2797  [004] ....  1530.145707: do_anonymous_page: anonymous tgid 831 2797 "wifi_ext@1.0-se" 7fba0f2000
 wifi_ext@1.0-se-2797  [004] ....  1530.145720: do_anonymous_page: anonymous tgid 831 2797 "wifi_ext@1.0-se" 7fba0f3000
            QMon-6597  [004] ....  1530.220725: do_anonymous_page: anonymous tgid 2255 6597 "QMon" 13c30000
 wifi_ext@1.0-se-2797  [004] ....  1530.314343: do_anonymous_page: anonymous tgid 831 2797 "wifi_ext@1.0-se" 7fba263000
 wifi_ext@1.0-se-2797  [004] ....  1530.314366: do_anonymous_page: anonymous tgid 831 2797 "wifi_ext@1.0-se" 7fba264000
 wifi_ext@1.0-se-2797  [004] ....  1530.314392: do_anonymous_page: anonymous tgid 831 2797 "wifi_ext@1.0-se" 7fba0fc000
 wifi_ext@1.0-se-2797  [004] ....  1530.314399: do_anonymous_page: anonymous tgid 831 2797 "wifi_ext@1.0-se" 7fba0fd000
 wifi_ext@1.0-se-2797  [004] ....  1530.314405: do_anonymous_page: anonymous tgid 831 2797 "wifi_ext@1.0-se" 7fba0fe000
 wifi_ext@1.0-se-2797  [004] ....  1530.462920: do_anonymous_page: anonymous tgid 831 2797 "wifi_ext@1.0-se" 7fba265000
 wifi_ext@1.0-se-2797  [004] ....  1530.545291: do_anonymous_page: anonymous tgid 831 2797 "wifi_ext@1.0-se" 7fba1cc000
 wifi_ext@1.0-se-2797  [004] ....  1530.545307: do_anonymous_page: anonymous tgid 831 2797 "wifi_ext@1.0-se" 7fba1cd000
 wifi_ext@1.0-se-2797  [004] ....  1530.545313: do_anonymous_page: anonymous tgid 831 2797 "wifi_ext@1.0-se" 7fba1ce000
    AsyncTask #5-6965  [004] ....  1530.572894: do_anonymous_page: anonymous tgid 6056 6965 "AsyncTask #5" 7eb2174000
    AsyncTask #5-6965  [004] ....  1530.572954: do_anonymous_page: anonymous tgid 6056 6965 "AsyncTask #5" 7eb2175000
 wifi_ext@1.0-se-2797  [004] ....  1530.697804: do_anonymous_page: anonymous tgid 831 2797 "wifi_ext@1.0-se" 7fb9e5f000
 wifi_ext@1.0-se-2797  [004] ....  1530.697825: do_anonymous_page: anonymous tgid 831 2797 "wifi_ext@1.0-se" 7fb9e60000
 wifi_ext@1.0-se-2797  [004] ....  1530.697833: do_anonymous_page: anonymous tgid 831 2797 "wifi_ext@1.0-se" 7fb9e61000
 wifi_ext@1.0-se-2797  [004] ....  1530.697839: do_anonymous_page: anonymous tgid 831 2797 "wifi_ext@1.0-se" 7fb9e62000
 wifi_ext@1.0-se-2797  [004] ....  1530.802084: do_anonymous_page: anonymous tgid 831 2797 "wifi_ext@1.0-se" 7fb9e63000
 wifi_ext@1.0-se-2797  [004] ....  1530.802100: do_anonymous_page: anonymous tgid 831 2797 "wifi_ext@1.0-se" 7fb9e64000
 wifi_ext@1.0-se-2797  [004] ....  1530.802107: do_anonymous_page: anonymous tgid 831 2797 "wifi_ext@1.0-se" 7fb9e65000
 wifi_ext@1.0-se-2797  [004] ....  1530.927341: do_anonymous_page: anonymous tgid 831 2797 "wifi_ext@1.0-se" 7fb9df8000
 wifi_ext@1.0-se-2797  [004] ....  1530.927364: do_anonymous_page: anonymous tgid 831 2797 "wifi_ext@1.0-se" 7fb9df9000
 wifi_ext@1.0-se-2797  [004] ....  1530.927383: do_anonymous_page: anonymous tgid 831 2797 "wifi_ext@1.0-se" 7fb9dfa000
 wifi_ext@1.0-se-2797  [004] ....  1530.927389: do_anonymous_page: anonymous tgid 831 2797 "wifi_ext@1.0-se" 7fb9dfb000
 wifi_ext@1.0-se-2797  [004] ....  1530.927395: do_anonymous_page: anonymous tgid 831 2797 "wifi_ext@1.0-se" 7fb9dfc000
 PowerManagerSer-1384  [004] ....  1530.964334: do_anonymous_page: anonymous tgid 1344 1384 "PowerManagerSer" 14364000
 wifi_ext@1.0-se-2797  [004] ....  1530.970212: do_anonymous_page: anonymous tgid 831 2797 "wifi_ext@1.0-se" 7fb99c9000
 wifi_ext@1.0-se-2797  [004] ....  1530.970227: do_anonymous_page: anonymous tgid 831 2797 "wifi_ext@1.0-se" 7fb99ca000
 wifi_ext@1.0-se-2797  [004] ....  1530.970234: do_anonymous_page: anonymous tgid 831 2797 "wifi_ext@1.0-se" 7fb99cb000
 wifi_ext@1.0-se-2797  [004] ....  1530.970241: do_anonymous_page: anonymous tgid 831 2797 "wifi_ext@1.0-se" 7fb99cc000
 wifi_ext@1.0-se-2797  [004] ....  1531.109508: do_anonymous_page: anonymous tgid 831 2797 "wifi_ext@1.0-se" 7fb99cd000
 wifi_ext@1.0-se-2797  [004] ....  1531.109524: do_anonymous_page: anonymous tgid 831 2797 "wifi_ext@1.0-se" 7fb99ce000
 wifi_ext@1.0-se-2797  [004] ....  1531.109531: do_anonymous_page: anonymous tgid 831 2797 "wifi_ext@1.0-se" 7fb99cf000
 wifi_ext@1.0-se-2797  [004] ....  1531.221545: do_anonymous_page: anonymous tgid 831 2797 "wifi_ext@1.0-se" 7fb99ed000
 wifi_ext@1.0-se-2797  [004] ....  1531.221561: do_anonymous_page: anonymous tgid 831 2797 "wifi_ext@1.0-se" 7fb99ee000
 wifi_ext@1.0-se-2797  [004] ....  1531.221567: do_anonymous_page: anonymous tgid 831 2797 "wifi_ext@1.0-se" 7fb99ef000
 wifi_ext@1.0-se-2797  [004] ....  1531.221573: do_anonymous_page: anonymous tgid 831 2797 "wifi_ext@1.0-se" 7fb99f0000
            QMon-6597  [004] ....  1531.257791: do_anonymous_page: anonymous tgid 2255 6597 "QMon" 13c31000
 wifi_ext@1.0-se-2797  [004] ....  1531.373502: do_anonymous_page: anonymous tgid 831 2797 "wifi_ext@1.0-se" 7fbb418000
 wifi_ext@1.0-se-2797  [004] ....  1531.373533: do_anonymous_page: anonymous tgid 831 2797 "wifi_ext@1.0-se" 7fbb4d4000
 wifi_ext@1.0-se-2797  [004] ....  1531.373555: do_anonymous_page: anonymous tgid 831 2797 "wifi_ext@1.0-se" 7fb99f1000
 wifi_ext@1.0-se-2797  [004] ....  1531.373561: do_anonymous_page: anonymous tgid 831 2797 "wifi_ext@1.0-se" 7fb99f2000
 wifi_ext@1.0-se-2797  [004] ....  1531.373566: do_anonymous_page: anonymous tgid 831 2797 "wifi_ext@1.0-se" 7fb99f3000
 wifi_ext@1.0-se-2797  [004] ....  1531.541550: do_anonymous_page: anonymous tgid 831 2797 "wifi_ext@1.0-se" 7fb99fe000
 wifi_ext@1.0-se-2797  [004] ....  1531.541572: do_anonymous_page: anonymous tgid 831 2797 "wifi_ext@1.0-se" 7fb99ff000
 wifi_ext@1.0-se-2797  [004] ....  1531.541580: do_anonymous_page: anonymous tgid 831 2797 "wifi_ext@1.0-se" 7fb9a00000
 wifi_ext@1.0-se-2797  [004] ....  1531.541587: do_anonymous_page: anonymous tgid 831 2797 "wifi_ext@1.0-se" 7fb9a01000
 gm counters ini-6133  [004] ....  1531.592029: do_anonymous_page: anonymous tgid 6056 6133 "gm counters ini" 14201000
     lowpool[47]-6966  [004] ....  1531.593885: do_anonymous_page: anonymous tgid 2255 6966 "lowpool[47]" 12e33000
     lowpool[47]-6966  [004] ....  1531.594333: do_anonymous_page: anonymous tgid 2255 6966 "lowpool[47]" 12e34000
 gm counters ini-6133  [004] ....  1531.668662: do_anonymous_page: anonymous tgid 6056 6133 "gm counters ini" 14202000
           <...>-6084  [004] ....  1531.669067: do_anonymous_page: anonymous tgid 6056 6084 "GoogleApiHandle" 12e82000
   Binder:2255_4-2413  [004] ....  1531.669546: do_anonymous_page: anonymous tgid 2255 2413 "Binder:2255_4" 12c9b000
     lowpool[48]-6967  [004] ....  1531.670138: do_anonymous_page: anonymous tgid 2255 6967 "lowpool[48]" 13c80000
     lowpool[48]-6967  [004] ....  1531.670672: do_anonymous_page: anonymous tgid 2255 6967 "lowpool[48]" 13c81000
 wifi_ext@1.0-se-2797  [004] ....  1531.689459: do_anonymous_page: anonymous tgid 831 2797 "wifi_ext@1.0-se" 7fbb4f3000
 wifi_ext@1.0-se-2797  [004] ....  1531.689488: do_anonymous_page: anonymous tgid 831 2797 "wifi_ext@1.0-se" 7fbb528000
 wifi_ext@1.0-se-2797  [004] ....  1531.689511: do_anonymous_page: anonymous tgid 831 2797 "wifi_ext@1.0-se" 7fb9a02000
 wifi_ext@1.0-se-2797  [004] ....  1531.689517: do_anonymous_page: anonymous tgid 831 2797 "wifi_ext@1.0-se" 7fb9a03000
 wifi_ext@1.0-se-2797  [004] ....  1531.689524: do_anonymous_page: anonymous tgid 831 2797 "wifi_ext@1.0-se" 7fb9a04000
            QMon-6597  [004] ....  1531.775790: do_anonymous_page: anonymous tgid 2255 6597 "QMon" 13c32000
 wifi_ext@1.0-se-2797  [004] ....  1531.779556: do_anonymous_page: anonymous tgid 831 2797 "wifi_ext@1.0-se" 7fb9a05000
 wifi_ext@1.0-se-2797  [004] ....  1531.779631: do_anonymous_page: anonymous tgid 831 2797 "wifi_ext@1.0-se" 7fb9a06000
 wifi_ext@1.0-se-2797  [004] ....  1531.779640: do_anonymous_page: anonymous tgid 831 2797 "wifi_ext@1.0-se" 7fb9a07000
 wifi_ext@1.0-se-2797  [004] ....  1531.779647: do_anonymous_page: anonymous tgid 831 2797 "wifi_ext@1.0-se" 7fb9a08000
  IpClient.wlan0-2809  [004] ....  1531.786698: do_anonymous_page: anonymous tgid 1864 2809 "IpClient.wlan0" 1327e000
 wifi_ext@1.0-se-2797  [004] ....  1531.821125: do_anonymous_page: anonymous tgid 831 2797 "wifi_ext@1.0-se" 7fbb540000
 wifi_ext@1.0-se-2797  [004] ....  1531.821161: do_anonymous_page: anonymous tgid 831 2797 "wifi_ext@1.0-se" 7fbb541000
 wifi_ext@1.0-se-2797  [004] ....  1531.874941: do_anonymous_page: anonymous tgid 831 2797 "wifi_ext@1.0-se" 7fb9a09000
 wifi_ext@1.0-se-2797  [004] ....  1531.874957: do_anonymous_page: anonymous tgid 831 2797 "wifi_ext@1.0-se" 7fb9a0a000
 wifi_ext@1.0-se-2797  [004] ....  1531.874964: do_anonymous_page: anonymous tgid 831 2797 "wifi_ext@1.0-se" 7fb9a0b000
 PowerManagerSer-1384  [004] ....  1531.989874: do_anonymous_page: anonymous tgid 1344 1384 "PowerManagerSer" 14365000
 wifi_ext@1.0-se-2797  [004] ....  1532.012671: do_anonymous_page: anonymous tgid 831 2797 "wifi_ext@1.0-se" 7fb9a12000
 wifi_ext@1.0-se-2797  [004] ....  1532.012686: do_anonymous_page: anonymous tgid 831 2797 "wifi_ext@1.0-se" 7fb9a13000
 wifi_ext@1.0-se-2797  [004] ....  1532.012693: do_anonymous_page: anonymous tgid 831 2797 "wifi_ext@1.0-se" 7fb9a14000
 wifi_ext@1.0-se-2797  [004] ....  1532.012700: do_anonymous_page: anonymous tgid 831 2797 "wifi_ext@1.0-se" 7fb9a15000
 wifi_ext@1.0-se-2797  [004] ....  1532.157899: do_anonymous_page: anonymous tgid 831 2797 "wifi_ext@1.0-se" 7fb9a16000
 wifi_ext@1.0-se-2797  [004] ....  1532.158001: do_anonymous_page: anonymous tgid 831 2797 "wifi_ext@1.0-se" 7fb9a17000
 wifi_ext@1.0-se-2797  [004] ....  1532.158021: do_anonymous_page: anonymous tgid 831 2797 "wifi_ext@1.0-se" 7fb9a18000
 wifi_ext@1.0-se-2797  [004] ....  1532.201789: do_anonymous_page: anonymous tgid 831 2797 "wifi_ext@1.0-se" 7fb9edd000
 wifi_ext@1.0-se-2797  [004] ....  1532.201803: do_anonymous_page: anonymous tgid 831 2797 "wifi_ext@1.0-se" 7fb9ede000
 wifi_ext@1.0-se-2797  [004] ....  1532.201817: do_anonymous_page: anonymous tgid 831 2797 "wifi_ext@1.0-se" 7fb9edf000
 wifi_ext@1.0-se-2797  [004] ....  1532.201825: do_anonymous_page: anonymous tgid 831 2797 "wifi_ext@1.0-se" 7fb9ee0000
 wifi_ext@1.0-se-2797  [004] ....  1532.201831: do_anonymous_page: anonymous tgid 831 2797 "wifi_ext@1.0-se" 7fb9ee1000
 wifi_ext@1.0-se-2797  [004] ....  1532.279874: do_anonymous_page: anonymous tgid 831 2797 "wifi_ext@1.0-se" 7fba147000
 wifi_ext@1.0-se-2797  [004] ....  1532.279891: do_anonymous_page: anonymous tgid 831 2797 "wifi_ext@1.0-se" 7fba148000
 wifi_ext@1.0-se-2797  [004] ....  1532.279898: do_anonymous_page: anonymous tgid 831 2797 "wifi_ext@1.0-se" 7fba149000
 wifi_ext@1.0-se-2797  [004] ....  1532.279905: do_anonymous_page: anonymous tgid 831 2797 "wifi_ext@1.0-se" 7fba14a000
            QMon-6597  [004] ....  1532.296030: do_anonymous_page: anonymous tgid 2255 6597 "QMon" 13c33000
 wifi_ext@1.0-se-2797  [004] ....  1532.402962: do_anonymous_page: anonymous tgid 831 2797 "wifi_ext@1.0-se" 7fba14b000
 wifi_ext@1.0-se-2797  [004] ....  1532.402977: do_anonymous_page: anonymous tgid 831 2797 "wifi_ext@1.0-se" 7fba14c000
 wifi_ext@1.0-se-2797  [004] ....  1532.402984: do_anonymous_page: anonymous tgid 831 2797 "wifi_ext@1.0-se" 7fba14d000
 wifi_ext@1.0-se-2797  [004] ....  1532.551879: do_anonymous_page: anonymous tgid 831 2797 "wifi_ext@1.0-se" 7fb9a7f000
 wifi_ext@1.0-se-2797  [004] ....  1532.551909: do_anonymous_page: anonymous tgid 831 2797 "wifi_ext@1.0-se" 7fb9a90000
 wifi_ext@1.0-se-2797  [004] ....  1532.551914: do_anonymous_page: anonymous tgid 831 2797 "wifi_ext@1.0-se" 7fb9a91000
 wifi_ext@1.0-se-2797  [004] ....  1532.551920: do_anonymous_page: anonymous tgid 831 2797 "wifi_ext@1.0-se" 7fb9a92000
 wifi_ext@1.0-se-2797  [004] ....  1532.551926: do_anonymous_page: anonymous tgid 831 2797 "wifi_ext@1.0-se" 7fb9a93000
 wifi_ext@1.0-se-2797  [004] ....  1532.691052: do_anonymous_page: anonymous tgid 831 2797 "wifi_ext@1.0-se" 7fb9a80000
 wifi_ext@1.0-se-2797  [004] ....  1532.691092: do_anonymous_page: anonymous tgid 831 2797 "wifi_ext@1.0-se" 7fb9a94000
 wifi_ext@1.0-se-2797  [004] ....  1532.691099: do_anonymous_page: anonymous tgid 831 2797 "wifi_ext@1.0-se" 7fb9a95000
 wifi_ext@1.0-se-2797  [004] ....  1532.691105: do_anonymous_page: anonymous tgid 831 2797 "wifi_ext@1.0-se" 7fb9a96000
            QMon-6597  [004] ....  1532.812934: do_anonymous_page: anonymous tgid 2255 6597 "QMon" 13c34000
 wifi_ext@1.0-se-2797  [004] ....  1532.873285: do_anonymous_page: anonymous tgid 831 2797 "wifi_ext@1.0-se" 7fb9a81000
 wifi_ext@1.0-se-2797  [004] ....  1532.873329: do_anonymous_page: anonymous tgid 831 2797 "wifi_ext@1.0-se" 7fb9a97000
 wifi_ext@1.0-se-2797  [004] ....  1532.873337: do_anonymous_page: anonymous tgid 831 2797 "wifi_ext@1.0-se" 7fb9a98000
 wifi_ext@1.0-se-2797  [004] ....  1532.873342: do_anonymous_page: anonymous tgid 831 2797 "wifi_ext@1.0-se" 7fb9a99000
 wifi_ext@1.0-se-2797  [004] ....  1532.873354: do_anonymous_page: anonymous tgid 831 2797 "wifi_ext@1.0-se" 7fb9a9a000
 PowerManagerSer-1384  [004] ....  1532.911147: do_anonymous_page: anonymous tgid 1344 1384 "PowerManagerSer" 14366000
  ClientModeImpl-1473  [004] ....  1532.920881: do_anonymous_page: anonymous tgid 1344 1473 "ClientModeImpl" 1338c000
  ClientModeImpl-1473  [004] ....  1532.923284: do_anonymous_page: anonymous tgid 1344 1473 "ClientModeImpl" 1338d000
  ClientModeImpl-1473  [004] ....  1532.923497: do_anonymous_page: anonymous tgid 1344 1473 "ClientModeImpl" 1338e000
  ClientModeImpl-1473  [004] ....  1532.923642: do_anonymous_page: anonymous tgid 1344 1473 "ClientModeImpl" 1338f000
  ClientModeImpl-1473  [004] ....  1532.926055: do_anonymous_page: anonymous tgid 1344 1473 "ClientModeImpl" 13390000
  ClientModeImpl-1473  [004] ....  1532.926259: do_anonymous_page: anonymous tgid 1344 1473 "ClientModeImpl" 13391000
  ClientModeImpl-1473  [004] ....  1532.926414: do_anonymous_page: anonymous tgid 1344 1473 "ClientModeImpl" 13392000
 wifi_ext@1.0-se-2797  [004] ....  1533.039401: do_anonymous_page: anonymous tgid 831 2797 "wifi_ext@1.0-se" 7fb9a9b000
 wifi_ext@1.0-se-2797  [004] ....  1533.039416: do_anonymous_page: anonymous tgid 831 2797 "wifi_ext@1.0-se" 7fb9a9c000
 wifi_ext@1.0-se-2797  [004] ....  1533.039423: do_anonymous_page: anonymous tgid 831 2797 "wifi_ext@1.0-se" 7fb9a9d000
 wifi_ext@1.0-se-2797  [004] ....  1533.263006: do_anonymous_page: anonymous tgid 831 2797 "wifi_ext@1.0-se" 7fba14e000
 wifi_ext@1.0-se-2797  [004] ....  1533.263029: do_anonymous_page: anonymous tgid 831 2797 "wifi_ext@1.0-se" 7fba14f000
 wifi_ext@1.0-se-2797  [004] ....  1533.263037: do_anonymous_page: anonymous tgid 831 2797 "wifi_ext@1.0-se" 7fba150000
 wifi_ext@1.0-se-2797  [004] ....  1533.263042: do_anonymous_page: anonymous tgid 831 2797 "wifi_ext@1.0-se" 7fba151000
            QMon-6597  [004] ....  1533.332849: do_anonymous_page: anonymous tgid 2255 6597 "QMon" 13c35000
 wifi_ext@1.0-se-2797  [004] ....  1533.430329: do_anonymous_page: anonymous tgid 831 2797 "wifi_ext@1.0-se" 7fba03b000
 wifi_ext@1.0-se-2797  [004] ....  1533.430362: do_anonymous_page: anonymous tgid 831 2797 "wifi_ext@1.0-se" 7fba152000
 wifi_ext@1.0-se-2797  [004] ....  1533.430368: do_anonymous_page: anonymous tgid 831 2797 "wifi_ext@1.0-se" 7fba153000
 wifi_ext@1.0-se-2797  [004] ....  1533.430375: do_anonymous_page: anonymous tgid 831 2797 "wifi_ext@1.0-se" 7fba154000
 wifi_ext@1.0-se-2797  [004] ....  1533.635391: do_anonymous_page: anonymous tgid 831 2797 "wifi_ext@1.0-se" 7fba03c000
 wifi_ext@1.0-se-2797  [004] ....  1533.635434: do_anonymous_page: anonymous tgid 831 2797 "wifi_ext@1.0-se" 7fb9a9e000
 wifi_ext@1.0-se-2797  [004] ....  1533.635441: do_anonymous_page: anonymous tgid 831 2797 "wifi_ext@1.0-se" 7fb9a9f000
 wifi_ext@1.0-se-2797  [004] ....  1533.635449: do_anonymous_page: anonymous tgid 831 2797 "wifi_ext@1.0-se" 7fb9aa0000
 wifi_ext@1.0-se-2797  [004] ....  1533.635455: do_anonymous_page: anonymous tgid 831 2797 "wifi_ext@1.0-se" 7fb9aa1000
 wifi_ext@1.0-se-2797  [004] ....  1533.818622: do_anonymous_page: anonymous tgid 831 2797 "wifi_ext@1.0-se" 7fba03d000
 wifi_ext@1.0-se-2797  [004] ....  1533.818663: do_anonymous_page: anonymous tgid 831 2797 "wifi_ext@1.0-se" 7fb9aa2000
 wifi_ext@1.0-se-2797  [004] ....  1533.818670: do_anonymous_page: anonymous tgid 831 2797 "wifi_ext@1.0-se" 7fb9aa3000
 wifi_ext@1.0-se-2797  [004] ....  1533.818677: do_anonymous_page: anonymous tgid 831 2797 "wifi_ext@1.0-se" 7fb9aa4000
 PowerManagerSer-1384  [004] ....  1533.832104: do_anonymous_page: anonymous tgid 1344 1384 "PowerManagerSer" 14367000
 wifi_ext@1.0-se-2797  [004] ....  1534.061362: do_anonymous_page: anonymous tgid 831 2797 "wifi_ext@1.0-se" 7fb9aaf000
 wifi_ext@1.0-se-2797  [004] ....  1534.061383: do_anonymous_page: anonymous tgid 831 2797 "wifi_ext@1.0-se" 7fb9ab0000
 wifi_ext@1.0-se-2797  [004] ....  1534.061393: do_anonymous_page: anonymous tgid 831 2797 "wifi_ext@1.0-se" 7fb9ab1000
 wifi_ext@1.0-se-2797  [004] ....  1534.061400: do_anonymous_page: anonymous tgid 831 2797 "wifi_ext@1.0-se" 7fb9ab2000
 NasModemEndPoin-1491  [004] ....  1534.237207: do_anonymous_page: anonymous tgid 931 1491 "NasModemEndPoin" 7fb63a1000
 wifi_ext@1.0-se-2797  [004] ....  1534.278784: do_anonymous_page: anonymous tgid 831 2797 "wifi_ext@1.0-se" 7fba137000
 wifi_ext@1.0-se-2797  [004] ....  1534.278818: do_anonymous_page: anonymous tgid 831 2797 "wifi_ext@1.0-se" 7fb9ab3000
 wifi_ext@1.0-se-2797  [004] ....  1534.278826: do_anonymous_page: anonymous tgid 831 2797 "wifi_ext@1.0-se" 7fb9ab4000
 wifi_ext@1.0-se-2797  [004] ....  1534.278832: do_anonymous_page: anonymous tgid 831 2797 "wifi_ext@1.0-se" 7fb9ab5000
            QMon-6597  [004] ....  1534.370174: do_anonymous_page: anonymous tgid 2255 6597 "QMon" 13c36000
 wifi_ext@1.0-se-2797  [004] ....  1534.507904: do_anonymous_page: anonymous tgid 831 2797 "wifi_ext@1.0-se" 7fba138000
 wifi_ext@1.0-se-2797  [004] ....  1534.507959: do_anonymous_page: anonymous tgid 831 2797 "wifi_ext@1.0-se" 7fba1ba000
 wifi_ext@1.0-se-2797  [004] ....  1534.507967: do_anonymous_page: anonymous tgid 831 2797 "wifi_ext@1.0-se" 7fba1bb000
 wifi_ext@1.0-se-2797  [004] ....  1534.507973: do_anonymous_page: anonymous tgid 831 2797 "wifi_ext@1.0-se" 7fba1bc000
 wifi_ext@1.0-se-2797  [004] ....  1534.507979: do_anonymous_page: anonymous tgid 831 2797 "wifi_ext@1.0-se" 7fba1bd000
 wifi_ext@1.0-se-2797  [004] ....  1534.677113: do_anonymous_page: anonymous tgid 831 2797 "wifi_ext@1.0-se" 7fba1be000
 wifi_ext@1.0-se-2797  [004] ....  1534.677130: do_anonymous_page: anonymous tgid 831 2797 "wifi_ext@1.0-se" 7fba1bf000
 wifi_ext@1.0-se-2797  [004] ....  1534.677138: do_anonymous_page: anonymous tgid 831 2797 "wifi_ext@1.0-se" 7fba1c0000
 PowerManagerSer-1384  [004] ....  1534.856125: do_anonymous_page: anonymous tgid 1344 1384 "PowerManagerSer" 14368000
            QMon-6597  [004] ....  1534.888885: do_anonymous_page: anonymous tgid 2255 6597 "QMon" 13c37000
 wifi_ext@1.0-se-2797  [004] ....  1534.948308: do_anonymous_page: anonymous tgid 831 2797 "wifi_ext@1.0-se" 7fb9b24000
 wifi_ext@1.0-se-2797  [004] ....  1534.948349: do_anonymous_page: anonymous tgid 831 2797 "wifi_ext@1.0-se" 7fba1c1000
 wifi_ext@1.0-se-2797  [004] ....  1534.948357: do_anonymous_page: anonymous tgid 831 2797 "wifi_ext@1.0-se" 7fba1c2000
 wifi_ext@1.0-se-2797  [004] ....  1534.948364: do_anonymous_page: anonymous tgid 831 2797 "wifi_ext@1.0-se" 7fba1c3000
 wifi_ext@1.0-se-2797  [004] ....  1534.948369: do_anonymous_page: anonymous tgid 831 2797 "wifi_ext@1.0-se" 7fba1c4000
     lowi-server-3232  [004] ....  1535.135780: do_anonymous_page: anonymous tgid 1008 3232 "lowi-server" 7f3b688000
     lowi-server-3232  [004] ....  1535.135944: do_anonymous_page: anonymous tgid 1008 3232 "lowi-server" 7f3b6a2000
     lowi-server-3232  [004] ....  1535.137420: do_anonymous_page: anonymous tgid 1008 3232 "lowi-server" 7f3b678000
     lowi-server-3232  [004] ....  1535.137682: do_anonymous_page: anonymous tgid 1008 3232 "lowi-server" 7f3b679000
 WifiScanningSer-1475  [004] ....  1535.142489: do_anonymous_page: anonymous tgid 1344 1475 "WifiScanningSer" 13504000
 wifi_ext@1.0-se-2797  [004] ....  1535.142977: do_anonymous_page: anonymous tgid 831 2797 "wifi_ext@1.0-se" 7fb9b25000
 wifi_ext@1.0-se-2797  [004] ....  1535.143013: do_anonymous_page: anonymous tgid 831 2797 "wifi_ext@1.0-se" 7fba1c5000
 wifi_ext@1.0-se-2797  [004] ....  1535.143021: do_anonymous_page: anonymous tgid 831 2797 "wifi_ext@1.0-se" 7fba1c6000
 wifi_ext@1.0-se-2797  [004] ....  1535.143027: do_anonymous_page: anonymous tgid 831 2797 "wifi_ext@1.0-se" 7fba1c7000
        wificond-927   [004] ....  1535.146023: do_anonymous_page: anonymous tgid 927 927 "wificond" 7fbd44c000
        wificond-927   [004] ....  1535.146061: do_anonymous_page: anonymous tgid 927 927 "wificond" 7fbd44d000
        wificond-927   [004] ....  1535.146073: do_anonymous_page: anonymous tgid 927 927 "wificond" 7fbd44e000
        wificond-927   [004] ....  1535.146475: do_anonymous_page: anonymous tgid 927 927 "wificond" 7fbd456000
        wificond-927   [004] ....  1535.146527: do_anonymous_page: anonymous tgid 927 927 "wificond" 7fbd457000
        wificond-927   [004] ....  1535.147277: do_anonymous_page: anonymous tgid 927 927 "wificond" 7fbd43c000
        wificond-927   [004] ....  1535.147307: do_anonymous_page: anonymous tgid 927 927 "wificond" 7fbd45d000
        wificond-927   [004] ....  1535.147313: do_anonymous_page: anonymous tgid 927 927 "wificond" 7fbd45e000
        wificond-927   [004] ....  1535.147323: do_anonymous_page: anonymous tgid 927 927 "wificond" 7fbd45f000
        wificond-927   [004] ....  1535.147335: do_anonymous_page: anonymous tgid 927 927 "wificond" 7fbd48e000
        wificond-927   [004] ....  1535.147342: do_anonymous_page: anonymous tgid 927 927 "wificond" 7fbd48f000
        wificond-927   [004] ....  1535.147349: do_anonymous_page: anonymous tgid 927 927 "wificond" 7fbd490000
        wificond-927   [004] ....  1535.147363: do_anonymous_page: anonymous tgid 927 927 "wificond" 7fbd491000
        wificond-927   [004] ....  1535.147380: do_anonymous_page: anonymous tgid 927 927 "wificond" 7fbd495000
        wificond-927   [004] ....  1535.147386: do_anonymous_page: anonymous tgid 927 927 "wificond" 7fbd496000
        wificond-927   [004] ....  1535.147393: do_anonymous_page: anonymous tgid 927 927 "wificond" 7fbd497000
        wificond-927   [004] ....  1535.147400: do_anonymous_page: anonymous tgid 927 927 "wificond" 7fbd498000
        wificond-927   [004] ....  1535.147406: do_anonymous_page: anonymous tgid 927 927 "wificond" 7fbd499000
        wificond-927   [004] ....  1535.147418: do_anonymous_page: anonymous tgid 927 927 "wificond" 7fbd49a000
 WifiScanningSer-1475  [004] ....  1535.147667: do_anonymous_page: anonymous tgid 1344 1475 "WifiScanningSer" 13505000
 WifiScanningSer-1475  [004] ....  1535.147735: do_anonymous_page: anonymous tgid 1344 1475 "WifiScanningSer" 13506000
 WifiScanningSer-1475  [004] ....  1535.147790: do_anonymous_page: anonymous tgid 1344 1475 "WifiScanningSer" 13507000
 WifiScanningSer-1475  [004] ....  1535.147846: do_anonymous_page: anonymous tgid 1344 1475 "WifiScanningSer" 13508000
 WifiScanningSer-1475  [004] ....  1535.147910: do_anonymous_page: anonymous tgid 1344 1475 "WifiScanningSer" 13509000
 WifiScanningSer-1475  [004] ....  1535.147965: do_anonymous_page: anonymous tgid 1344 1475 "WifiScanningSer" 1350a000
 WifiScanningSer-1475  [004] ....  1535.148015: do_anonymous_page: anonymous tgid 1344 1475 "WifiScanningSer" 1350b000
 WifiScanningSer-1475  [004] ....  1535.148076: do_anonymous_page: anonymous tgid 1344 1475 "WifiScanningSer" 1350c000
 WifiScanningSer-1475  [004] ....  1535.148184: do_anonymous_page: anonymous tgid 1344 1475 "WifiScanningSer" 1350d000
 WifiScanningSer-1475  [004] ....  1535.148361: do_anonymous_page: anonymous tgid 1344 1475 "WifiScanningSer" 1350e000
 WifiScanningSer-1475  [004] ....  1535.148445: do_anonymous_page: anonymous tgid 1344 1475 "WifiScanningSer" 1350f000
 WifiScanningSer-1475  [004] ....  1535.148485: do_anonymous_page: anonymous tgid 1344 1475 "WifiScanningSer" 13510000
 WifiScanningSer-1475  [004] ....  1535.148566: do_anonymous_page: anonymous tgid 1344 1475 "WifiScanningSer" 13511000
 WifiScanningSer-1475  [004] ....  1535.148610: do_anonymous_page: anonymous tgid 1344 1475 "WifiScanningSer" 13512000
 WifiScanningSer-1475  [004] ....  1535.148698: do_anonymous_page: anonymous tgid 1344 1475 "WifiScanningSer" 13513000
 WifiScanningSer-1475  [004] ....  1535.148784: do_anonymous_page: anonymous tgid 1344 1475 "WifiScanningSer" 13514000
 WifiScanningSer-1475  [004] ....  1535.148846: do_anonymous_page: anonymous tgid 1344 1475 "WifiScanningSer" 13515000
 WifiScanningSer-1475  [004] ....  1535.148899: do_anonymous_page: anonymous tgid 1344 1475 "WifiScanningSer" 13516000
 WifiScanningSer-1475  [004] ....  1535.148972: do_anonymous_page: anonymous tgid 1344 1475 "WifiScanningSer" 13517000
 WifiScanningSer-1475  [004] ....  1535.149062: do_anonymous_page: anonymous tgid 1344 1475 "WifiScanningSer" 13518000
 WifiScanningSer-1475  [004] ....  1535.149120: do_anonymous_page: anonymous tgid 1344 1475 "WifiScanningSer" 13519000
 WifiScanningSer-1475  [004] ....  1535.149179: do_anonymous_page: anonymous tgid 1344 1475 "WifiScanningSer" 1351a000
 WifiScanningSer-1475  [004] ....  1535.149252: do_anonymous_page: anonymous tgid 1344 1475 "WifiScanningSer" 1351b000
 WifiScanningSer-1475  [004] ....  1535.149307: do_anonymous_page: anonymous tgid 1344 1475 "WifiScanningSer" 1351c000
 WifiScanningSer-1475  [004] ....  1535.149352: do_anonymous_page: anonymous tgid 1344 1475 "WifiScanningSer" 1351d000
 WifiScanningSer-1475  [004] ....  1535.149425: do_anonymous_page: anonymous tgid 1344 1475 "WifiScanningSer" 1351e000
 WifiScanningSer-1475  [004] ....  1535.149493: do_anonymous_page: anonymous tgid 1344 1475 "WifiScanningSer" 1351f000
