             cat-7086  [004] ....  1307.900794: do_anonymous_page: anonymous tgid 7086 7086 "cat" 7fbe2ea000
             cat-7086  [004] ....  1307.900796: do_anonymous_page: anonymous tgid 7086 7086 "cat" 7fbe2eb000
             cat-7086  [004] ....  1307.900809: do_anonymous_page: anonymous tgid 7086 7086 "cat" 7fbe2ed000
             cat-7086  [004] ....  1307.900830: do_anonymous_page: anonymous tgid 7086 7086 "cat" 7fbe2e4000
             cat-7086  [004] ....  1307.900831: do_anonymous_page: anonymous tgid 7086 7086 "cat" 7fbe2e5000
             cat-7086  [004] ....  1307.900834: do_anonymous_page: anonymous tgid 7086 7086 "cat" 7fbe2e2000
             cat-7086  [004] ....  1307.900836: do_anonymous_page: anonymous tgid 7086 7086 "cat" 7fbe2e3000
             cat-7086  [004] ....  1307.901066: do_anonymous_page: anonymous tgid 7086 7086 "cat" 7fbda97000
             cat-7086  [004] ....  1307.902940: do_anonymous_page: anonymous tgid 7086 7086 "cat" 7fbe491000
             cat-7086  [004] ....  1307.902951: do_anonymous_page: anonymous tgid 7086 7086 "cat" 7fbdc27000
             cat-7086  [004] ....  1307.902957: do_anonymous_page: anonymous tgid 7086 7086 "cat" 7fbdc2b000
             cat-7086  [004] ....  1307.902979: do_anonymous_page: anonymous tgid 7086 7086 "cat" 7fbf5e5000
             cat-7086  [004] ....  1307.903012: do_anonymous_page: anonymous tgid 7086 7086 "cat" 7fbd800000
             cat-7086  [004] ....  1307.903018: do_anonymous_page: anonymous tgid 7086 7086 "cat" 7fbdc2d000
             cat-7086  [004] ....  1307.903020: do_anonymous_page: anonymous tgid 7086 7086 "cat" 7fbde37000
             cat-7086  [004] ....  1307.903022: do_anonymous_page: anonymous tgid 7086 7086 "cat" 7fbde38000
             cat-7086  [004] ....  1307.903024: do_anonymous_page: anonymous tgid 7086 7086 "cat" 7fbde39000
             cat-7086  [004] ....  1307.903027: do_anonymous_page: anonymous tgid 7086 7086 "cat" 7fbde3a000
             cat-7086  [004] ....  1307.903029: do_anonymous_page: anonymous tgid 7086 7086 "cat" 7fbde3b000
             cat-7086  [004] ....  1307.903032: do_anonymous_page: anonymous tgid 7086 7086 "cat" 7fbde3c000
             cat-7086  [004] ....  1307.903034: do_anonymous_page: anonymous tgid 7086 7086 "cat" 7fbde3d000
             cat-7086  [004] ....  1307.903038: do_anonymous_page: anonymous tgid 7086 7086 "cat" 7fbde2f000
             cat-7086  [004] ....  1307.903041: do_anonymous_page: anonymous tgid 7086 7086 "cat" 7fbd802000
             cat-7086  [004] ....  1307.903043: do_anonymous_page: anonymous tgid 7086 7086 "cat" 7fbd803000
             cat-7086  [004] ....  1307.903046: do_anonymous_page: anonymous tgid 7086 7086 "cat" 7fbd804000
             cat-7086  [004] ....  1307.903049: do_anonymous_page: anonymous tgid 7086 7086 "cat" 7fbd805000
             cat-7086  [004] ....  1307.903052: do_anonymous_page: anonymous tgid 7086 7086 "cat" 7fbd806000
             cat-7086  [004] ....  1307.903055: do_anonymous_page: anonymous tgid 7086 7086 "cat" 7fbdc28000
             cat-7086  [004] ....  1307.903064: do_anonymous_page: anonymous tgid 7086 7086 "cat" 7fbdc2e000
             cat-7086  [004] ....  1307.903066: do_anonymous_page: anonymous tgid 7086 7086 "cat" 7fbd200000
             cat-7086  [004] ....  1307.903070: do_anonymous_page: anonymous tgid 7086 7086 "cat" 7fbd3eb000
             cat-7086  [004] ....  1307.903072: do_anonymous_page: anonymous tgid 7086 7086 "cat" 7fbd3ec000
             cat-7086  [004] ....  1307.903077: do_anonymous_page: anonymous tgid 7086 7086 "cat" 7fbd600000
             cat-7086  [004] ....  1307.903083: do_anonymous_page: anonymous tgid 7086 7086 "cat" 7fbd601000
             cat-7086  [004] ....  1307.903088: do_anonymous_page: anonymous tgid 7086 7086 "cat" 7fbd605000
             cat-7086  [004] ....  1307.906242: do_anonymous_page: anonymous tgid 7086 7086 "cat" 7fbd807000
             cat-7086  [004] ....  1307.906251: do_anonymous_page: anonymous tgid 7086 7086 "cat" 7fbd606000
             cat-7086  [004] ....  1307.906272: do_anonymous_page: anonymous tgid 7086 7086 "cat" 7fbd602000
             cat-7086  [004] ....  1307.906276: do_anonymous_page: anonymous tgid 7086 7086 "cat" 7fbd605000
             cat-7086  [004] ....  1307.906316: do_anonymous_page: anonymous tgid 7086 7086 "cat" 7fbf5e3000
             cat-7086  [004] ....  1307.906320: do_anonymous_page: anonymous tgid 7086 7086 "cat" 7fbf5e4000
             cat-7086  [004] ....  1307.906404: do_anonymous_page: anonymous tgid 7086 7086 "cat" 7fbe2ef000
             cat-7086  [004] ....  1307.906407: do_anonymous_page: anonymous tgid 7086 7086 "cat" 7fbe2f0000
             cat-7086  [004] ....  1307.906411: do_anonymous_page: anonymous tgid 7086 7086 "cat" 7fbe2cb000
             cat-7086  [004] ....  1307.906419: do_anonymous_page: anonymous tgid 7086 7086 "cat" 7fbe2cc000
             cat-7086  [004] ....  1307.906606: do_anonymous_page: anonymous tgid 7086 7086 "cat" 7fbd1db000
             cat-7086  [004] ....  1307.906628: do_anonymous_page: anonymous tgid 7086 7086 "cat" 7fbe264000
             cat-7086  [004] ....  1307.906633: do_anonymous_page: anonymous tgid 7086 7086 "cat" 7fbe265000
             cat-7086  [004] ....  1307.906637: do_anonymous_page: anonymous tgid 7086 7086 "cat" 7fbe263000
             cat-7086  [004] ....  1307.906644: do_anonymous_page: anonymous tgid 7086 7086 "cat" 7fbe266000
             cat-7086  [004] ....  1307.906653: do_anonymous_page: anonymous tgid 7086 7086 "cat" 7fbd609000
             cat-7086  [004] ....  1307.906668: do_anonymous_page: anonymous tgid 7086 7086 "cat" 7fbe48c000
             cat-7086  [004] ....  1307.906827: do_anonymous_page: anonymous tgid 7086 7086 "cat" 7fbe0f7000
             cat-7086  [004] ....  1307.906837: do_anonymous_page: anonymous tgid 7086 7086 "cat" 7fbdede000
             cat-7086  [004] ....  1307.906925: do_anonymous_page: anonymous tgid 7086 7086 "cat" 55555cd000
             cat-7086  [004] ....  1307.906937: do_anonymous_page: anonymous tgid 7086 7086 "cat" 7fbd60a000
             cat-7086  [004] ....  1307.906941: do_anonymous_page: anonymous tgid 7086 7086 "cat" 7fbd60b000
             cat-7086  [004] ....  1307.907266: do_anonymous_page: anonymous tgid 7086 7086 "cat" 55555cc000
     lowpool[47]-6966  [004] ....  1307.909411: do_anonymous_page: anonymous tgid 2255 6966 "lowpool[47]" 12e10000
     lowpool[47]-6966  [004] ....  1307.909947: do_anonymous_page: anonymous tgid 2255 6966 "lowpool[47]" 12e11000
     lowpool[47]-6966  [004] ....  1307.910423: do_anonymous_page: anonymous tgid 2255 6966 "lowpool[47]" 12e12000
     lowpool[47]-6966  [004] ....  1307.911083: do_anonymous_page: anonymous tgid 2255 6966 "lowpool[47]" 12e13000
     lowpool[47]-6966  [004] ....  1307.911277: do_anonymous_page: anonymous tgid 2255 6966 "lowpool[47]" 12e14000
     lowpool[47]-6966  [004] ....  1307.911330: do_anonymous_page: anonymous tgid 2255 6966 "lowpool[47]" 12e15000
     lowpool[47]-6966  [004] ....  1307.911664: do_anonymous_page: anonymous tgid 2255 6966 "lowpool[47]" 12e16000
     lowpool[47]-6966  [004] ....  1307.911908: do_anonymous_page: anonymous tgid 2255 6966 "lowpool[47]" 12e17000
     lowpool[47]-6966  [004] ....  1307.912012: do_anonymous_page: anonymous tgid 2255 6966 "lowpool[47]" 12e18000
 composer@2.3-se-604   [004] ....  1307.949783: do_anonymous_page: anonymous tgid 604 604 "composer@2.3-se" 7fb4460000
 composer@2.3-se-604   [004] ....  1307.949795: do_anonymous_page: anonymous tgid 604 604 "composer@2.3-se" 7fb4461000
 composer@2.3-se-604   [004] ....  1307.949798: do_anonymous_page: anonymous tgid 604 604 "composer@2.3-se" 7fb4462000
 composer@2.3-se-604   [004] ....  1307.949801: do_anonymous_page: anonymous tgid 604 604 "composer@2.3-se" 7fb4463000
 composer@2.3-se-604   [004] ....  1307.949803: do_anonymous_page: anonymous tgid 604 604 "composer@2.3-se" 7fb4464000
 composer@2.3-se-604   [004] ....  1307.949806: do_anonymous_page: anonymous tgid 604 604 "composer@2.3-se" 7fb4465000
 composer@2.3-se-604   [004] ....  1307.949808: do_anonymous_page: anonymous tgid 604 604 "composer@2.3-se" 7fb4466000
 composer@2.3-se-604   [004] ....  1307.949811: do_anonymous_page: anonymous tgid 604 604 "composer@2.3-se" 7fb4467000
 composer@2.3-se-604   [004] ....  1307.949814: do_anonymous_page: anonymous tgid 604 604 "composer@2.3-se" 7fb4468000
 composer@2.3-se-604   [004] ....  1307.949816: do_anonymous_page: anonymous tgid 604 604 "composer@2.3-se" 7fb4469000
 composer@2.3-se-604   [004] ....  1307.949819: do_anonymous_page: anonymous tgid 604 604 "composer@2.3-se" 7fb446a000
 composer@2.3-se-604   [004] ....  1307.983031: do_anonymous_page: anonymous tgid 604 604 "composer@2.3-se" 7fb5e19000
 composer@2.3-se-604   [004] ....  1307.983045: do_anonymous_page: anonymous tgid 604 604 "composer@2.3-se" 7fb5e1a000
 composer@2.3-se-604   [004] ....  1307.983049: do_anonymous_page: anonymous tgid 604 604 "composer@2.3-se" 7fb5e1b000
 composer@2.3-se-604   [004] ....  1307.983052: do_anonymous_page: anonymous tgid 604 604 "composer@2.3-se" 7fb5e1c000
 composer@2.3-se-604   [004] ....  1307.983056: do_anonymous_page: anonymous tgid 604 604 "composer@2.3-se" 7fb5e1d000
   Binder:1757_5-2161  [004] ....  1307.987306: do_anonymous_page: anonymous tgid 1757 2161 "Binder:1757_5" 7f310fd000
   Binder:1757_5-2161  [004] ....  1307.987352: do_anonymous_page: anonymous tgid 1757 2161 "Binder:1757_5" 12e80000
    RenderThread-2480  [004] ....  1307.989732: do_anonymous_page: anonymous tgid 2042 2480 "RenderThread" 7f311e5000
    RenderThread-2480  [004] ....  1307.989830: do_anonymous_page: anonymous tgid 2042 2480 "RenderThread" 12d40000
 ndroid.systemui-1757  [004] ....  1307.995159: do_anonymous_page: anonymous tgid 1757 1757 "ndroid.systemui" 131e9000
   Binder:1344_5-1666  [004] ....  1307.997459: do_anonymous_page: anonymous tgid 1344 1666 "Binder:1344_5" 12d8b000
   Binder:1344_5-1666  [004] ....  1308.002634: do_anonymous_page: anonymous tgid 1344 1666 "Binder:1344_5" 7ec891a000
 droid.launcher3-2042  [004] ....  1308.008188: do_anonymous_page: anonymous tgid 2042 2042 "droid.launcher3" 12f13000
 droid.launcher3-2042  [004] ....  1308.008315: do_anonymous_page: anonymous tgid 2042 2042 "droid.launcher3" 12f14000
    Binder:600_3-760   [004] ....  1308.035789: do_anonymous_page: anonymous tgid 600 760 "Binder:600_3" 7fba688000
 PowerManagerSer-1384  [004] ....  1308.082528: do_anonymous_page: anonymous tgid 1344 1384 "PowerManagerSer" 132f7000
            QMon-6597  [004] ....  1308.228171: do_anonymous_page: anonymous tgid 2255 6597 "QMon" 13496000
           <...>-6056  [004] ....  1308.235321: do_anonymous_page: anonymous tgid 6056 6056 "ogle.android.gm" 134b0000
 ndroid.systemui-1757  [004] ....  1308.832993: do_anonymous_page: anonymous tgid 1757 1757 "ndroid.systemui" 131ea000
 ndroid.systemui-1757  [004] ....  1308.833330: do_anonymous_page: anonymous tgid 1757 1757 "ndroid.systemui" 131eb000
 ndroid.systemui-1757  [004] ....  1308.833516: do_anonymous_page: anonymous tgid 1757 1757 "ndroid.systemui" 131ec000
 ndroid.systemui-1757  [004] ....  1308.833649: do_anonymous_page: anonymous tgid 1757 1757 "ndroid.systemui" 131ed000
 ndroid.systemui-1757  [004] ....  1308.833851: do_anonymous_page: anonymous tgid 1757 1757 "ndroid.systemui" 131ee000
 ndroid.systemui-1757  [004] ....  1308.834151: do_anonymous_page: anonymous tgid 1757 1757 "ndroid.systemui" 131ef000
 ndroid.systemui-1757  [004] ....  1308.834295: do_anonymous_page: anonymous tgid 1757 1757 "ndroid.systemui" 131f0000
 ndroid.systemui-1757  [004] ....  1308.844018: do_anonymous_page: anonymous tgid 1757 1757 "ndroid.systemui" 131f1000
 ndroid.systemui-1757  [004] ....  1308.844220: do_anonymous_page: anonymous tgid 1757 1757 "ndroid.systemui" 131f2000
 PowerManagerSer-1384  [004] ....  1309.106118: do_anonymous_page: anonymous tgid 1344 1384 "PowerManagerSer" 132f8000
            QMon-6597  [004] ....  1309.266275: do_anonymous_page: anonymous tgid 2255 6597 "QMon" 13497000
  ClientModeImpl-1473  [004] ....  1309.461794: do_anonymous_page: anonymous tgid 1344 1473 "ClientModeImpl" 133a6000
  ClientModeImpl-1473  [004] ....  1309.472106: do_anonymous_page: anonymous tgid 1344 1473 "ClientModeImpl" 133a7000
  ClientModeImpl-1473  [004] ....  1309.472184: do_anonymous_page: anonymous tgid 1344 1473 "ClientModeImpl" 133a8000
  ClientModeImpl-1473  [004] ....  1309.472246: do_anonymous_page: anonymous tgid 1344 1473 "ClientModeImpl" 133a9000
  ClientModeImpl-1473  [004] ....  1309.474110: do_anonymous_page: anonymous tgid 1344 1473 "ClientModeImpl" 133aa000
  ClientModeImpl-1473  [004] ....  1309.474247: do_anonymous_page: anonymous tgid 1344 1473 "ClientModeImpl" 133ab000
  ClientModeImpl-1473  [004] ....  1309.474298: do_anonymous_page: anonymous tgid 1344 1473 "ClientModeImpl" 133ac000
           <...>-6056  [004] ....  1309.555653: do_anonymous_page: anonymous tgid 6056 6056 "ogle.android.gm" 134b1000
            QMon-6597  [004] ....  1309.785227: do_anonymous_page: anonymous tgid 2255 6597 "QMon" 13498000
 gm counters ini-6133  [004] ....  1309.891978: do_anonymous_page: anonymous tgid 6056 6133 "gm counters ini" 13081000
   Binder:2255_5-2674  [004] ....  1309.893300: do_anonymous_page: anonymous tgid 2255 2674 "Binder:2255_5" 13503000
           <...>-6967  [004] ....  1309.894349: do_anonymous_page: anonymous tgid 2255 6967 "lowpool[48]" 12e56000
           <...>-6967  [004] ....  1309.894818: do_anonymous_page: anonymous tgid 2255 6967 "lowpool[48]" 12e57000
 PowerManagerSer-1384  [004] ....  1310.026799: do_anonymous_page: anonymous tgid 1344 1384 "PowerManagerSer" 132f9000
            QMon-6597  [004] ....  1310.303917: do_anonymous_page: anonymous tgid 2255 6597 "QMon" 13499000
           <...>-2380  [004] ....  1310.705919: do_anonymous_page: anonymous tgid 1344 2380 "LazyTaskWriterT" 13580000
           <...>-2380  [004] ....  1310.705963: do_anonymous_page: anonymous tgid 1344 2380 "LazyTaskWriterT" 75f5a000
           <...>-2380  [004] ....  1310.705976: do_anonymous_page: anonymous tgid 1344 2380 "LazyTaskWriterT" 75f6b000
           <...>-2380  [004] ....  1310.706237: do_anonymous_page: anonymous tgid 1344 2380 "LazyTaskWriterT" 13581000
           <...>-2380  [004] ....  1310.707139: do_anonymous_page: anonymous tgid 1344 2380 "LazyTaskWriterT" 13582000
           <...>-1696  [004] ....  1310.722415: do_anonymous_page: anonymous tgid 1344 1696 "TaskSnapshotPer" 12cc2000
           <...>-2380  [004] ....  1310.722808: do_anonymous_page: anonymous tgid 1344 2380 "LazyTaskWriterT" 13583000
           <...>-2380  [004] ....  1310.722915: do_anonymous_page: anonymous tgid 1344 2380 "LazyTaskWriterT" 13584000
            QMon-6597  [004] ....  1310.822654: do_anonymous_page: anonymous tgid 2255 6597 "QMon" 1349a000
 RxSchedulerPurg-4706  [004] ....  1310.907250: do_anonymous_page: anonymous tgid 4614 4706 "RxSchedulerPurg" 13c6b000
 PowerManagerSer-1384  [004] ....  1310.948017: do_anonymous_page: anonymous tgid 1344 1384 "PowerManagerSer" 132fa000
            QMon-6597  [004] ....  1311.860062: do_anonymous_page: anonymous tgid 2255 6597 "QMon" 1349b000
 PowerManagerSer-1384  [004] ....  1311.973644: do_anonymous_page: anonymous tgid 1344 1384 "PowerManagerSer" 132fb000
            QMon-6597  [004] ....  1312.378667: do_anonymous_page: anonymous tgid 2255 6597 "QMon" 1349c000
  ClientModeImpl-1473  [004] ....  1312.478945: do_anonymous_page: anonymous tgid 1344 1473 "ClientModeImpl" 133ad000
  ClientModeImpl-1473  [004] ....  1312.495596: do_anonymous_page: anonymous tgid 1344 1473 "ClientModeImpl" 133ae000
  ClientModeImpl-1473  [004] ....  1312.495790: do_anonymous_page: anonymous tgid 1344 1473 "ClientModeImpl" 133af000
  ClientModeImpl-1473  [004] ....  1312.495943: do_anonymous_page: anonymous tgid 1344 1473 "ClientModeImpl" 133b0000
  ClientModeImpl-1473  [004] ....  1312.499451: do_anonymous_page: anonymous tgid 1344 1473 "ClientModeImpl" 133b1000
  ClientModeImpl-1473  [004] ....  1312.499630: do_anonymous_page: anonymous tgid 1344 1473 "ClientModeImpl" 133b2000
  ClientModeImpl-1473  [004] ....  1312.499832: do_anonymous_page: anonymous tgid 1344 1473 "ClientModeImpl" 133b3000
 GoogleApiHandle-6084  [004] ....  1312.752521: do_anonymous_page: anonymous tgid 6056 6084 "GoogleApiHandle" 12f03000
     lowpool[47]-6966  [004] ....  1312.753932: do_anonymous_page: anonymous tgid 2255 6966 "lowpool[47]" 12e19000
     lowpool[47]-6966  [004] ....  1312.755064: do_anonymous_page: anonymous tgid 2255 6966 "lowpool[47]" 12e1a000
 PowerManagerSer-1384  [004] ....  1312.894700: do_anonymous_page: anonymous tgid 1344 1384 "PowerManagerSer" 132fc000
            QMon-6597  [004] ....  1312.896122: do_anonymous_page: anonymous tgid 2255 6597 "QMon" 1349d000
            QMon-6597  [004] ....  1313.415837: do_anonymous_page: anonymous tgid 2255 6597 "QMon" 1349e000
 PowerManagerSer-1384  [004] ....  1313.815500: do_anonymous_page: anonymous tgid 1344 1384 "PowerManagerSer" 132fd000
    AlarmManager-1452  [004] ....  1313.826025: do_anonymous_page: anonymous tgid 1344 1452 "AlarmManager" 13182000
 ndroid.systemui-1757  [004] ....  1313.828615: do_anonymous_page: anonymous tgid 1757 1757 "ndroid.systemui" 131f3000
 ndroid.systemui-1757  [004] ....  1313.828977: do_anonymous_page: anonymous tgid 1757 1757 "ndroid.systemui" 131f4000
 ndroid.systemui-1757  [004] ....  1313.829170: do_anonymous_page: anonymous tgid 1757 1757 "ndroid.systemui" 131f5000
 ndroid.systemui-1757  [004] ....  1313.832974: do_anonymous_page: anonymous tgid 1757 1757 "ndroid.systemui" 131f6000
 ndroid.systemui-1757  [004] ....  1313.834360: do_anonymous_page: anonymous tgid 1757 1757 "ndroid.systemui" 131f7000
 ndroid.systemui-1757  [004] ....  1313.834857: do_anonymous_page: anonymous tgid 1757 1757 "ndroid.systemui" 131f8000
 ndroid.systemui-1757  [004] ....  1313.835189: do_anonymous_page: anonymous tgid 1757 1757 "ndroid.systemui" 131f9000
 ndroid.systemui-1757  [004] ....  1313.842431: do_anonymous_page: anonymous tgid 1757 1757 "ndroid.systemui" 131fa000
 ndroid.systemui-1757  [004] ....  1313.850176: do_anonymous_page: anonymous tgid 1757 1757 "ndroid.systemui" 131fb000
 android.display-1368  [004] ....  1313.870686: do_anonymous_page: anonymous tgid 1344 1368 "android.display" 12f47000
 android.display-1368  [004] ....  1313.870799: do_anonymous_page: anonymous tgid 1344 1368 "android.display" 12f48000
 android.display-1368  [004] ....  1313.870810: do_anonymous_page: anonymous tgid 1344 1368 "android.display" 12f49000
 m.android.phone-1958  [004] ....  1313.876254: do_anonymous_page: anonymous tgid 1958 1958 "m.android.phone" 134f7000
           <...>-6056  [004] ....  1313.878858: do_anonymous_page: anonymous tgid 6056 6056 "ogle.android.gm" 134b2000
 ScreenDecoratio-2227  [004] ....  1313.879271: do_anonymous_page: anonymous tgid 1757 2227 "ScreenDecoratio" 1320a000
  UiThreadHelper-2084  [004] ....  1313.881948: do_anonymous_page: anonymous tgid 2042 2084 "UiThreadHelper" 12cc4000
 ScreenDecoratio-2227  [004] ....  1313.882624: do_anonymous_page: anonymous tgid 1757 2227 "ScreenDecoratio" 1320b000
 ndroid.systemui-1757  [004] ....  1313.885159: do_anonymous_page: anonymous tgid 1757 1757 "ndroid.systemui" 131fc000
 ScreenDecoratio-2227  [004] ....  1313.892584: do_anonymous_page: anonymous tgid 1757 2227 "ScreenDecoratio" 1320c000
 ScreenDecoratio-2227  [004] ....  1313.892913: do_anonymous_page: anonymous tgid 1757 2227 "ScreenDecoratio" 1320d000
   Binder:1344_9-2083  [004] ....  1313.893373: do_anonymous_page: anonymous tgid 1344 2083 "Binder:1344_9" 13009000
    Binder:600_4-2096  [004] ....  1313.893883: do_anonymous_page: anonymous tgid 600 2096 "Binder:600_4" 7fba685000
 ScreenDecoratio-2227  [004] ....  1313.894669: do_anonymous_page: anonymous tgid 1757 2227 "ScreenDecoratio" 1320e000
            QMon-6597  [004] ....  1314.453372: do_anonymous_page: anonymous tgid 2255 6597 "QMon" 1349f000
 PowerManagerSer-1384  [004] ....  1314.838027: do_anonymous_page: anonymous tgid 1344 1384 "PowerManagerSer" 132fe000
            QMon-6597  [004] ....  1314.971755: do_anonymous_page: anonymous tgid 2255 6597 "QMon" 134a0000
            QMon-6597  [004] ....  1315.490615: do_anonymous_page: anonymous tgid 2255 6597 "QMon" 134a1000
  ClientModeImpl-1473  [004] ....  1315.515922: do_anonymous_page: anonymous tgid 1344 1473 "ClientModeImpl" 133b4000
  ClientModeImpl-1473  [004] ....  1315.516151: do_anonymous_page: anonymous tgid 1344 1473 "ClientModeImpl" 133b5000
  ClientModeImpl-1473  [004] ....  1315.516352: do_anonymous_page: anonymous tgid 1344 1473 "ClientModeImpl" 133b6000
  ClientModeImpl-1473  [004] ....  1315.516517: do_anonymous_page: anonymous tgid 1344 1473 "ClientModeImpl" 133b7000
 wifi_ext@1.0-se-2797  [004] ....  1315.517023: do_anonymous_page: anonymous tgid 831 2797 "wifi_ext@1.0-se" 7fb9f71000
 wifi_ext@1.0-se-2797  [004] ....  1315.517042: do_anonymous_page: anonymous tgid 831 2797 "wifi_ext@1.0-se" 7fb9f72000
 wifi_ext@1.0-se-2797  [004] ....  1315.517049: do_anonymous_page: anonymous tgid 831 2797 "wifi_ext@1.0-se" 7fb9f73000
 wifi_ext@1.0-se-2797  [004] ....  1315.517084: do_anonymous_page: anonymous tgid 831 2797 "wifi_ext@1.0-se" 7fba25f000
 wifi_ext@1.0-se-2797  [004] ....  1315.517091: do_anonymous_page: anonymous tgid 831 2797 "wifi_ext@1.0-se" 7fba260000
  ClientModeImpl-1473  [004] ....  1315.519978: do_anonymous_page: anonymous tgid 1344 1473 "ClientModeImpl" 133b8000
  ClientModeImpl-1473  [004] ....  1315.520042: do_anonymous_page: anonymous tgid 1344 1473 "ClientModeImpl" 133b9000
  ClientModeImpl-1473  [004] ....  1315.520159: do_anonymous_page: anonymous tgid 1344 1473 "ClientModeImpl" 133ba000
 PowerManagerSer-1384  [004] ....  1315.760601: do_anonymous_page: anonymous tgid 1344 1384 "PowerManagerSer" 132ff000
            QMon-6597  [004] ....  1316.009134: do_anonymous_page: anonymous tgid 2255 6597 "QMon" 134a2000
 PowerManagerSer-1384  [004] ....  1316.682306: do_anonymous_page: anonymous tgid 1344 1384 "PowerManagerSer" 135c0000
            QMon-6597  [004] ....  1317.046832: do_anonymous_page: anonymous tgid 2255 6597 "QMon" 134a3000
            QMon-6597  [004] ....  1317.565158: do_anonymous_page: anonymous tgid 2255 6597 "QMon" 134a4000
 PowerManagerSer-1384  [004] ....  1317.603207: do_anonymous_page: anonymous tgid 1344 1384 "PowerManagerSer" 135c1000
            QMon-6597  [004] ....  1318.083760: do_anonymous_page: anonymous tgid 2255 6597 "QMon" 134a5000
 PowerManagerSer-1384  [004] ....  1318.523013: do_anonymous_page: anonymous tgid 1344 1384 "PowerManagerSer" 135c2000
  ClientModeImpl-1473  [004] ....  1318.537049: do_anonymous_page: anonymous tgid 1344 1473 "ClientModeImpl" 133bb000
  ClientModeImpl-1473  [004] ....  1318.537247: do_anonymous_page: anonymous tgid 1344 1473 "ClientModeImpl" 133bc000
  ClientModeImpl-1473  [004] ....  1318.537425: do_anonymous_page: anonymous tgid 1344 1473 "ClientModeImpl" 133bd000
  ClientModeImpl-1473  [004] ....  1318.540455: do_anonymous_page: anonymous tgid 1344 1473 "ClientModeImpl" 133be000
  ClientModeImpl-1473  [004] ....  1318.540707: do_anonymous_page: anonymous tgid 1344 1473 "ClientModeImpl" 133bf000
  ClientModeImpl-1473  [004] ....  1318.540817: do_anonymous_page: anonymous tgid 1344 1473 "ClientModeImpl" 13600000
  ClientModeImpl-1473  [004] ....  1318.542272: do_anonymous_page: anonymous tgid 1344 1473 "ClientModeImpl" 13601000
            QMon-6597  [004] ....  1318.602651: do_anonymous_page: anonymous tgid 2255 6597 "QMon" 134a6000
 RxSchedulerPurg-4706  [004] ....  1318.906832: do_anonymous_page: anonymous tgid 4614 4706 "RxSchedulerPurg" 13c6c000
 PowerManagerSer-1384  [004] ....  1319.444711: do_anonymous_page: anonymous tgid 1344 1384 "PowerManagerSer" 135c3000
            QMon-6597  [004] ....  1319.640012: do_anonymous_page: anonymous tgid 2255 6597 "QMon" 134a7000
            QMon-6597  [004] ....  1320.158886: do_anonymous_page: anonymous tgid 2255 6597 "QMon" 134a8000
 PowerManagerSer-1384  [004] ....  1320.468403: do_anonymous_page: anonymous tgid 1344 1384 "PowerManagerSer" 135c4000
            QMon-6597  [004] ....  1320.675992: do_anonymous_page: anonymous tgid 2255 6597 "QMon" 134a9000
   Binder:1344_8-1927  [004] ....  1321.173065: do_anonymous_page: anonymous tgid 1344 1927 "Binder:1344_8" 13ddf000
         SysUiBg-2093  [004] ....  1321.173768: do_anonymous_page: anonymous tgid 1757 2093 "SysUiBg" 12d42000
   Binder:1344_8-1927  [004] ....  1321.174303: do_anonymous_page: anonymous tgid 1344 1927 "Binder:1344_8" 13de0000
         SysUiBg-2093  [004] ....  1321.174530: do_anonymous_page: anonymous tgid 1757 2093 "SysUiBg" 12d43000
         SysUiBg-2093  [004] ....  1321.177288: do_anonymous_page: anonymous tgid 1757 2093 "SysUiBg" 12d44000
 ndroid.systemui-1757  [004] ....  1321.179213: do_anonymous_page: anonymous tgid 1757 1757 "ndroid.systemui" 131fd000
         SysUiBg-2093  [004] ....  1321.179450: do_anonymous_page: anonymous tgid 1757 2093 "SysUiBg" 12d45000
            QMon-6597  [004] ....  1321.195502: do_anonymous_page: anonymous tgid 2255 6597 "QMon" 134aa000
 PowerManagerSer-1384  [004] ....  1321.390781: do_anonymous_page: anonymous tgid 1344 1384 "PowerManagerSer" 135c5000
  ClientModeImpl-1473  [004] ....  1321.557312: do_anonymous_page: anonymous tgid 1344 1473 "ClientModeImpl" 13602000
  ClientModeImpl-1473  [004] ....  1321.557521: do_anonymous_page: anonymous tgid 1344 1473 "ClientModeImpl" 13603000
  ClientModeImpl-1473  [004] ....  1321.557699: do_anonymous_page: anonymous tgid 1344 1473 "ClientModeImpl" 13604000
  ClientModeImpl-1473  [004] ....  1321.560715: do_anonymous_page: anonymous tgid 1344 1473 "ClientModeImpl" 13605000
  ClientModeImpl-1473  [004] ....  1321.560946: do_anonymous_page: anonymous tgid 1344 1473 "ClientModeImpl" 13606000
  ClientModeImpl-1473  [004] ....  1321.561026: do_anonymous_page: anonymous tgid 1344 1473 "ClientModeImpl" 13607000
 wifi_ext@1.0-se-2797  [004] ....  1321.561489: do_anonymous_page: anonymous tgid 831 2797 "wifi_ext@1.0-se" 7fb9f74000
 wifi_ext@1.0-se-2797  [004] ....  1321.561506: do_anonymous_page: anonymous tgid 831 2797 "wifi_ext@1.0-se" 7fb9f75000
 wifi_ext@1.0-se-2797  [004] ....  1321.561522: do_anonymous_page: anonymous tgid 831 2797 "wifi_ext@1.0-se" 7fba261000
 wifi_ext@1.0-se-2797  [004] ....  1321.561528: do_anonymous_page: anonymous tgid 831 2797 "wifi_ext@1.0-se" 7fba262000
            QMon-6597  [004] ....  1321.714630: do_anonymous_page: anonymous tgid 2255 6597 "QMon" 134ab000
 PowerManagerSer-1384  [004] ....  1322.312154: do_anonymous_page: anonymous tgid 1344 1384 "PowerManagerSer" 135c6000
            QMon-6597  [004] ....  1322.751741: do_anonymous_page: anonymous tgid 2255 6597 "QMon" 134ac000
            QMon-6597  [004] ....  1323.270489: do_anonymous_page: anonymous tgid 2255 6597 "QMon" 134ad000
 PowerManagerSer-1384  [004] ....  1323.333718: do_anonymous_page: anonymous tgid 1344 1384 "PowerManagerSer" 135c7000
            QMon-6597  [004] ....  1323.788218: do_anonymous_page: anonymous tgid 2255 6597 "QMon" 134ae000
 PowerManagerSer-1384  [004] ....  1324.255113: do_anonymous_page: anonymous tgid 1344 1384 "PowerManagerSer" 135c8000
 HwBinder:1344_2-1456  [004] ....  1324.266838: do_anonymous_page: anonymous tgid 1344 1456 "HwBinder:1344_2" 12ec2000
 ActivityManager-1374  [004] ....  1324.267607: do_anonymous_page: anonymous tgid 1344 1374 "ActivityManager" 12d07000
 ActivityManager-1374  [004] ....  1324.268252: do_anonymous_page: anonymous tgid 1344 1374 "ActivityManager" 12d08000
   Binder:5748_3-5775  [004] ....  1324.269481: do_anonymous_page: anonymous tgid 5748 5775 "Binder:5748_3" 13081000
 LacrimaBroadcas-5876  [004] ....  1324.270016: do_anonymous_page: anonymous tgid 5748 5876 "LacrimaBroadcas" 7ec5689000
 m.android.phone-1958  [004] ....  1324.270815: do_anonymous_page: anonymous tgid 1958 1958 "m.android.phone" 134f8000
 ndroid.systemui-1757  [004] ....  1324.271887: do_anonymous_page: anonymous tgid 1757 1757 "ndroid.systemui" 131fe000
 ndroid.systemui-1757  [004] ....  1324.272732: do_anonymous_page: anonymous tgid 1757 1757 "ndroid.systemui" 131ff000
 ndroid.systemui-1757  [004] ....  1324.273147: do_anonymous_page: anonymous tgid 1757 1757 "ndroid.systemui" 12ec0000
 pool-5-thread-5-5457  [004] ....  1324.276201: do_anonymous_page: anonymous tgid 1757 5457 "pool-5-thread-5" 12f00000
 ndroid.systemui-1757  [004] ....  1324.287873: do_anonymous_page: anonymous tgid 1757 1757 "ndroid.systemui" 12ec1000
 composer@2.3-se-604   [004] ....  1324.292633: do_anonymous_page: anonymous tgid 604 604 "composer@2.3-se" 7fb5e0b000
            QMon-6597  [004] ....  1324.309443: do_anonymous_page: anonymous tgid 2255 6597 "QMon" 134af000
  ClientModeImpl-1473  [004] ....  1324.566532: do_anonymous_page: anonymous tgid 1344 1473 "ClientModeImpl" 13608000
  ClientModeImpl-1473  [004] ....  1324.578795: do_anonymous_page: anonymous tgid 1344 1473 "ClientModeImpl" 13609000
  ClientModeImpl-1473  [004] ....  1324.579002: do_anonymous_page: anonymous tgid 1344 1473 "ClientModeImpl" 1360a000
  ClientModeImpl-1473  [004] ....  1324.579163: do_anonymous_page: anonymous tgid 1344 1473 "ClientModeImpl" 1360b000
  ClientModeImpl-1473  [004] ....  1324.582361: do_anonymous_page: anonymous tgid 1344 1473 "ClientModeImpl" 1360c000
  ClientModeImpl-1473  [004] ....  1324.582671: do_anonymous_page: anonymous tgid 1344 1473 "ClientModeImpl" 1360d000
  ClientModeImpl-1473  [004] ....  1324.582778: do_anonymous_page: anonymous tgid 1344 1473 "ClientModeImpl" 1360e000
           <...>-5760  [004] ....  1325.026220: do_anonymous_page: anonymous tgid 5707 5760 "Thread-3" 12c72000
 PowerManagerSer-1384  [004] ....  1325.177552: do_anonymous_page: anonymous tgid 1344 1384 "PowerManagerSer" 135c9000
            QMon-6597  [004] ....  1325.344949: do_anonymous_page: anonymous tgid 2255 6597 "QMon" 134b0000
            QMon-6597  [004] ....  1325.863675: do_anonymous_page: anonymous tgid 2255 6597 "QMon" 134b1000
 RxSchedulerPurg-4706  [004] ....  1325.919801: do_anonymous_page: anonymous tgid 4614 4706 "RxSchedulerPurg" 13c6d000
 PowerManagerSer-1384  [004] ....  1326.201963: do_anonymous_page: anonymous tgid 1344 1384 "PowerManagerSer" 135ca000
            QMon-6597  [004] ....  1326.382403: do_anonymous_page: anonymous tgid 2255 6597 "QMon" 134b2000
            QMon-6597  [004] ....  1326.901031: do_anonymous_page: anonymous tgid 2255 6597 "QMon" 134b3000
 PowerManagerSer-1384  [004] ....  1327.121720: do_anonymous_page: anonymous tgid 1344 1384 "PowerManagerSer" 135cb000
 DeviceStorageMo-1490  [004] ....  1327.419628: do_anonymous_page: anonymous tgid 1344 1490 "DeviceStorageMo" 13141000
  ClientModeImpl-1473  [004] ....  1327.588182: do_anonymous_page: anonymous tgid 1344 1473 "ClientModeImpl" 1360f000
  ClientModeImpl-1473  [004] ....  1327.599107: do_anonymous_page: anonymous tgid 1344 1473 "ClientModeImpl" 13610000
  ClientModeImpl-1473  [004] ....  1327.599314: do_anonymous_page: anonymous tgid 1344 1473 "ClientModeImpl" 13611000
  ClientModeImpl-1473  [004] ....  1327.599462: do_anonymous_page: anonymous tgid 1344 1473 "ClientModeImpl" 13612000
  ClientModeImpl-1473  [004] ....  1327.602633: do_anonymous_page: anonymous tgid 1344 1473 "ClientModeImpl" 13613000
  ClientModeImpl-1473  [004] ....  1327.602868: do_anonymous_page: anonymous tgid 1344 1473 "ClientModeImpl" 13614000
  ClientModeImpl-1473  [004] ....  1327.602985: do_anonymous_page: anonymous tgid 1344 1473 "ClientModeImpl" 13615000
            QMon-6597  [004] ....  1327.938471: do_anonymous_page: anonymous tgid 2255 6597 "QMon" 134b4000
 PowerManagerSer-1384  [004] ....  1328.044677: do_anonymous_page: anonymous tgid 1344 1384 "PowerManagerSer" 135cc000
            QMon-6597  [004] ....  1328.455906: do_anonymous_page: anonymous tgid 2255 6597 "QMon" 134b5000
            QMon-6597  [004] ....  1328.975590: do_anonymous_page: anonymous tgid 2255 6597 "QMon" 134b6000
 PowerManagerSer-1384  [004] ....  1329.068830: do_anonymous_page: anonymous tgid 1344 1384 "PowerManagerSer" 135cd000
   Binder:1344_8-1927  [004] ....  1329.198340: do_anonymous_page: anonymous tgid 1344 1927 "Binder:1344_8" 13de1000
         SysUiBg-2093  [004] ....  1329.198562: do_anonymous_page: anonymous tgid 1757 2093 "SysUiBg" 12d46000
            QMon-6597  [004] ....  1329.494573: do_anonymous_page: anonymous tgid 2255 6597 "QMon" 134b7000
 wifi_ext@1.0-se-2797  [004] ....  1329.705835: do_anonymous_page: anonymous tgid 831 2797 "wifi_ext@1.0-se" 7fba251000
 wifi_ext@1.0-se-2797  [004] ....  1329.705883: do_anonymous_page: anonymous tgid 831 2797 "wifi_ext@1.0-se" 7fba252000
 wifi_ext@1.0-se-2797  [004] ....  1329.705906: do_anonymous_page: anonymous tgid 831 2797 "wifi_ext@1.0-se" 7fb9f9f000
 wifi_ext@1.0-se-2797  [004] ....  1329.705912: do_anonymous_page: anonymous tgid 831 2797 "wifi_ext@1.0-se" 7fb9fa0000
 wifi_ext@1.0-se-2797  [004] ....  1329.705920: do_anonymous_page: anonymous tgid 831 2797 "wifi_ext@1.0-se" 7fb9fa1000
 wifi_ext@1.0-se-2797  [004] ....  1329.875986: do_anonymous_page: anonymous tgid 831 2797 "wifi_ext@1.0-se" 7fba253000
 wifi_ext@1.0-se-2797  [004] ....  1329.876007: do_anonymous_page: anonymous tgid 831 2797 "wifi_ext@1.0-se" 7fba254000
 wifi_ext@1.0-se-2797  [004] ....  1329.876028: do_anonymous_page: anonymous tgid 831 2797 "wifi_ext@1.0-se" 7fb9fa2000
 wifi_ext@1.0-se-2797  [004] ....  1329.876035: do_anonymous_page: anonymous tgid 831 2797 "wifi_ext@1.0-se" 7fb9fa3000
 PowerManagerSer-1384  [004] ....  1329.990371: do_anonymous_page: anonymous tgid 1344 1384 "PowerManagerSer" 135ce000
            QMon-6597  [004] ....  1330.531656: do_anonymous_page: anonymous tgid 2255 6597 "QMon" 134b8000
  ClientModeImpl-1473  [004] ....  1330.607942: do_anonymous_page: anonymous tgid 1344 1473 "ClientModeImpl" 13616000
  ClientModeImpl-1473  [004] ....  1330.620319: do_anonymous_page: anonymous tgid 1344 1473 "ClientModeImpl" 13617000
  ClientModeImpl-1473  [004] ....  1330.620534: do_anonymous_page: anonymous tgid 1344 1473 "ClientModeImpl" 13618000
  ClientModeImpl-1473  [004] ....  1330.620694: do_anonymous_page: anonymous tgid 1344 1473 "ClientModeImpl" 13619000
  ClientModeImpl-1473  [004] ....  1330.624155: do_anonymous_page: anonymous tgid 1344 1473 "ClientModeImpl" 1361a000
  ClientModeImpl-1473  [004] ....  1330.624230: do_anonymous_page: anonymous tgid 1344 1473 "ClientModeImpl" 1361b000
  ClientModeImpl-1473  [004] ....  1330.624327: do_anonymous_page: anonymous tgid 1344 1473 "ClientModeImpl" 1361c000
 ndroid.systemui-1757  [004] ....  1330.625535: do_anonymous_page: anonymous tgid 1757 1757 "ndroid.systemui" 12ec2000
 PowerManagerSer-1384  [004] ....  1330.911368: do_anonymous_page: anonymous tgid 1344 1384 "PowerManagerSer" 135cf000
            QMon-6597  [004] ....  1331.050458: do_anonymous_page: anonymous tgid 2255 6597 "QMon" 134b9000
 gm update gms-0-6139  [004] ....  1331.294332: do_anonymous_page: anonymous tgid 6056 6139 "gm update gms-0" 12f41000
 gm update gms-0-6139  [004] ....  1331.294592: do_anonymous_page: anonymous tgid 6056 6139 "gm update gms-0" 12f42000
            QMon-6597  [004] ....  1331.568999: do_anonymous_page: anonymous tgid 2255 6597 "QMon" 134ba000
 PowerManagerSer-1384  [004] ....  1331.831665: do_anonymous_page: anonymous tgid 1344 1384 "PowerManagerSer" 135d0000
            QMon-6597  [004] ....  1332.087701: do_anonymous_page: anonymous tgid 2255 6597 "QMon" 134bb000
 TaskSchedulerFo-6547  [004] ....  1332.190260: do_anonymous_page: anonymous tgid 6056 6547 "TaskSchedulerFo" 7f297f0000
 TaskSchedulerFo-6547  [004] ....  1332.190286: do_anonymous_page: anonymous tgid 6056 6547 "TaskSchedulerFo" 7f297ef000
 TaskSchedulerFo-7087  [004] ....  1332.190716: do_anonymous_page: anonymous tgid 6056 7087 "TaskSchedulerFo" 7f297ee000
 PowerManagerSer-1384  [004] ....  1332.855152: do_anonymous_page: anonymous tgid 1344 1384 "PowerManagerSer" 135d1000
            QMon-6597  [004] ....  1333.124913: do_anonymous_page: anonymous tgid 2255 6597 "QMon" 134bc000
 SharedScheduler-6149  [004] ....  1333.550141: do_anonymous_page: anonymous tgid 6056 6149 "SharedScheduler" 12fc1000
 SharedScheduler-6149  [004] ....  1333.550388: do_anonymous_page: anonymous tgid 6056 6149 "SharedScheduler" 7f296f3000
 SharedScheduler-6149  [004] ....  1333.550403: do_anonymous_page: anonymous tgid 6056 6149 "SharedScheduler" 7f296f2000
  services-3-118-7088  [004] ....  1333.550694: do_anonymous_page: anonymous tgid 6056 7088 "services-3-118" 7fbe06c000
  services-3-118-7088  [004] ....  1333.550710: do_anonymous_page: anonymous tgid 6056 7088 "services-3-118" 7f296f0000
  services-3-118-7088  [004] ....  1333.550783: do_anonymous_page: anonymous tgid 6056 7088 "services-3-118" 13640000
  services-3-118-7088  [004] ....  1333.550810: do_anonymous_page: anonymous tgid 6056 7088 "services-3-118" 7f296f1000
  services-3-118-7088  [004] ....  1333.550872: do_anonymous_page: anonymous tgid 6056 7088 "services-3-118" 7f296ef000
  services-3-118-7088  [004] ....  1333.550994: do_anonymous_page: anonymous tgid 6056 7088 "services-3-118" 7f295ea000
  services-3-118-7088  [004] ....  1333.551007: do_anonymous_page: anonymous tgid 6056 7088 "services-3-118" 7f295e9000
  services-3-118-7088  [004] ....  1333.551214: do_anonymous_page: anonymous tgid 6056 7088 "services-3-118" 7f294e1000
  services-3-118-7088  [004] ....  1333.551224: do_anonymous_page: anonymous tgid 6056 7088 "services-3-118" 7f294e0000
  services-3-118-7088  [004] ....  1333.551288: do_anonymous_page: anonymous tgid 6056 7088 "services-3-118" 13641000
  services-3-118-7088  [004] ....  1333.551362: do_anonymous_page: anonymous tgid 6056 7088 "services-3-118" 7ec2c21000
  services-3-118-7088  [004] ....  1333.551368: do_anonymous_page: anonymous tgid 6056 7088 "services-3-118" 7ec2c20000
  services-3-118-7088  [004] ....  1333.551687: do_anonymous_page: anonymous tgid 6056 7088 "services-3-118" 13642000
  services-3-121-7091  [004] ....  1333.551918: do_anonymous_page: anonymous tgid 6056 7091 "services-3-121" 7fbc360000
  services-3-121-7091  [004] ....  1333.551934: do_anonymous_page: anonymous tgid 6056 7091 "services-3-121" 7ec2c1e000
  services-3-121-7091  [004] ....  1333.551951: do_anonymous_page: anonymous tgid 6056 7091 "services-3-121" 13680000
  services-3-120-7090  [004] ....  1333.552027: do_anonymous_page: anonymous tgid 6056 7090 "services-3-120" 7fbdc91000
  services-3-120-7090  [004] ....  1333.552039: do_anonymous_page: anonymous tgid 6056 7090 "services-3-120" 7f294de000
  services-3-120-7090  [004] ....  1333.552050: do_anonymous_page: anonymous tgid 6056 7090 "services-3-120" 136c0000
  services-3-119-7089  [004] ....  1333.552115: do_anonymous_page: anonymous tgid 6056 7089 "services-3-119" 7fbdcc8000
  services-3-119-7089  [004] ....  1333.552124: do_anonymous_page: anonymous tgid 6056 7089 "services-3-119" 7f295e7000
  services-3-119-7089  [004] ....  1333.552132: do_anonymous_page: anonymous tgid 6056 7089 "services-3-119" 13700000
  ClientModeImpl-1473  [004] ....  1333.639287: do_anonymous_page: anonymous tgid 1344 1473 "ClientModeImpl" 1361d000
  ClientModeImpl-1473  [004] ....  1333.639448: do_anonymous_page: anonymous tgid 1344 1473 "ClientModeImpl" 1361e000
  ClientModeImpl-1473  [004] ....  1333.639591: do_anonymous_page: anonymous tgid 1344 1473 "ClientModeImpl" 1361f000
  ClientModeImpl-1473  [004] ....  1333.642578: do_anonymous_page: anonymous tgid 1344 1473 "ClientModeImpl" 13620000
  ClientModeImpl-1473  [004] ....  1333.642857: do_anonymous_page: anonymous tgid 1344 1473 "ClientModeImpl" 13621000
  ClientModeImpl-1473  [004] ....  1333.642905: do_anonymous_page: anonymous tgid 1344 1473 "ClientModeImpl" 13622000
  ClientModeImpl-1473  [004] ....  1333.644038: do_anonymous_page: anonymous tgid 1344 1473 "ClientModeImpl" 13623000
            QMon-6597  [004] ....  1333.644679: do_anonymous_page: anonymous tgid 2255 6597 "QMon" 134bd000
 PowerManagerSer-1384  [004] ....  1333.777336: do_anonymous_page: anonymous tgid 1344 1384 "PowerManagerSer" 135d2000
 RxSchedulerPurg-4706  [004] ....  1333.925487: do_anonymous_page: anonymous tgid 4614 4706 "RxSchedulerPurg" 13c6e000
            QMon-6597  [004] ....  1334.162516: do_anonymous_page: anonymous tgid 2255 6597 "QMon" 134be000
 wifi_ext@1.0-se-2797  [004] ....  1334.615402: do_anonymous_page: anonymous tgid 831 2797 "wifi_ext@1.0-se" 7fb9d38000
 wifi_ext@1.0-se-2797  [004] ....  1334.615451: do_anonymous_page: anonymous tgid 831 2797 "wifi_ext@1.0-se" 7fb9d39000
 wifi_ext@1.0-se-2797  [004] ....  1334.615472: do_anonymous_page: anonymous tgid 831 2797 "wifi_ext@1.0-se" 7fb9fa9000
 wifi_ext@1.0-se-2797  [004] ....  1334.615478: do_anonymous_page: anonymous tgid 831 2797 "wifi_ext@1.0-se" 7fb9faa000
 wifi_ext@1.0-se-2797  [004] ....  1334.615488: do_anonymous_page: anonymous tgid 831 2797 "wifi_ext@1.0-se" 7fb9fab000
            QMon-6597  [004] ....  1334.679978: do_anonymous_page: anonymous tgid 2255 6597 "QMon" 134bf000
 PowerManagerSer-1384  [004] ....  1334.698438: do_anonymous_page: anonymous tgid 1344 1384 "PowerManagerSer" 135d3000
  IpClient.wlan0-2809  [004] ....  1334.880962: do_anonymous_page: anonymous tgid 1864 2809 "IpClient.wlan0" 13272000
  IpClient.wlan0-2809  [004] ....  1334.881054: do_anonymous_page: anonymous tgid 1864 2809 "IpClient.wlan0" 13273000
  IpClient.wlan0-2809  [004] ....  1334.881114: do_anonymous_page: anonymous tgid 1864 2809 "IpClient.wlan0" 13274000
  IpClient.wlan0-2809  [004] ....  1334.881187: do_anonymous_page: anonymous tgid 1864 2809 "IpClient.wlan0" 13275000
  IpClient.wlan0-2809  [004] ....  1334.881232: do_anonymous_page: anonymous tgid 1864 2809 "IpClient.wlan0" 13276000
  IpClient.wlan0-2809  [004] ....  1334.881661: do_anonymous_page: anonymous tgid 1864 2809 "IpClient.wlan0" 13277000
 wifi_ext@1.0-se-2797  [004] ....  1334.891644: do_anonymous_page: anonymous tgid 831 2797 "wifi_ext@1.0-se" 7fb9dbc000
 wifi_ext@1.0-se-2797  [004] ....  1334.891659: do_anonymous_page: anonymous tgid 831 2797 "wifi_ext@1.0-se" 7fb9dbd000
 wifi_ext@1.0-se-2797  [004] ....  1334.891684: do_anonymous_page: anonymous tgid 831 2797 "wifi_ext@1.0-se" 7fb9fac000
 wifi_ext@1.0-se-2797  [004] ....  1334.891691: do_anonymous_page: anonymous tgid 831 2797 "wifi_ext@1.0-se" 7fb9fad000
  IpClient.wlan0-2809  [004] ....  1334.895633: do_anonymous_page: anonymous tgid 1864 2809 "IpClient.wlan0" 13278000
  IpClient.wlan0-2809  [004] ....  1334.895721: do_anonymous_page: anonymous tgid 1864 2809 "IpClient.wlan0" 13279000
  IpClient.wlan0-2809  [004] ....  1334.895769: do_anonymous_page: anonymous tgid 1864 2809 "IpClient.wlan0" 1327a000
  IpClient.wlan0-2809  [004] ....  1334.895806: do_anonymous_page: anonymous tgid 1864 2809 "IpClient.wlan0" 1327b000
  IpClient.wlan0-2809  [004] ....  1334.895855: do_anonymous_page: anonymous tgid 1864 2809 "IpClient.wlan0" 1327c000
  IpClient.wlan0-2809  [004] ....  1334.895938: do_anonymous_page: anonymous tgid 1864 2809 "IpClient.wlan0" 1327d000
 wifi_ext@1.0-se-2797  [004] ....  1335.109130: do_anonymous_page: anonymous tgid 831 2797 "wifi_ext@1.0-se" 7fb9dbe000
 wifi_ext@1.0-se-2797  [004] ....  1335.109149: do_anonymous_page: anonymous tgid 831 2797 "wifi_ext@1.0-se" 7fb9dbf000
 wifi_ext@1.0-se-2797  [004] ....  1335.109184: do_anonymous_page: anonymous tgid 831 2797 "wifi_ext@1.0-se" 7fb9ddb000
 wifi_ext@1.0-se-2797  [004] ....  1335.109191: do_anonymous_page: anonymous tgid 831 2797 "wifi_ext@1.0-se" 7fb9ddc000
 wifi_ext@1.0-se-2797  [004] ....  1335.109200: do_anonymous_page: anonymous tgid 831 2797 "wifi_ext@1.0-se" 7fb9ddd000
            QMon-6597  [004] ....  1335.718540: do_anonymous_page: anonymous tgid 2255 6597 "QMon" 13580000
 PowerManagerSer-1384  [004] ....  1335.720648: do_anonymous_page: anonymous tgid 1344 1384 "PowerManagerSer" 135d4000
            QMon-6597  [004] ....  1336.235879: do_anonymous_page: anonymous tgid 2255 6597 "QMon" 13581000
 PowerManagerSer-1384  [004] ....  1336.643144: do_anonymous_page: anonymous tgid 1344 1384 "PowerManagerSer" 135d5000
  ClientModeImpl-1473  [004] ....  1336.663531: do_anonymous_page: anonymous tgid 1344 1473 "ClientModeImpl" 13624000
  ClientModeImpl-1473  [004] ....  1336.663728: do_anonymous_page: anonymous tgid 1344 1473 "ClientModeImpl" 13625000
  ClientModeImpl-1473  [004] ....  1336.663899: do_anonymous_page: anonymous tgid 1344 1473 "ClientModeImpl" 13626000
 wifi_ext@1.0-se-2797  [004] ....  1336.665221: do_anonymous_page: anonymous tgid 831 2797 "wifi_ext@1.0-se" 7fb9dc0000
 wifi_ext@1.0-se-2797  [004] ....  1336.665238: do_anonymous_page: anonymous tgid 831 2797 "wifi_ext@1.0-se" 7fb9dc1000
 wifi_ext@1.0-se-2797  [004] ....  1336.665257: do_anonymous_page: anonymous tgid 831 2797 "wifi_ext@1.0-se" 7fb9dde000
 wifi_ext@1.0-se-2797  [004] ....  1336.665262: do_anonymous_page: anonymous tgid 831 2797 "wifi_ext@1.0-se" 7fb9ddf000
  ClientModeImpl-1473  [004] ....  1336.667237: do_anonymous_page: anonymous tgid 1344 1473 "ClientModeImpl" 13627000
  ClientModeImpl-1473  [004] ....  1336.667504: do_anonymous_page: anonymous tgid 1344 1473 "ClientModeImpl" 13628000
  ClientModeImpl-1473  [004] ....  1336.667591: do_anonymous_page: anonymous tgid 1344 1473 "ClientModeImpl" 13629000
  ClientModeImpl-1473  [004] ....  1336.668519: do_anonymous_page: anonymous tgid 1344 1473 "ClientModeImpl" 1362a000
            QMon-6597  [004] ....  1336.755579: do_anonymous_page: anonymous tgid 2255 6597 "QMon" 13582000
            QMon-6597  [004] ....  1337.274440: do_anonymous_page: anonymous tgid 2255 6597 "QMon" 13583000
 PowerManagerSer-1384  [004] ....  1337.565603: do_anonymous_page: anonymous tgid 1344 1384 "PowerManagerSer" 135d6000
            QMon-6597  [004] ....  1337.792910: do_anonymous_page: anonymous tgid 2255 6597 "QMon" 13584000
             cat-7092  [004] ....  1337.916822: do_anonymous_page: anonymous tgid 7092 7092 "adbd" 7ffffff000
            adbd-5522  [004] ....  1337.917595: do_anonymous_page: anonymous tgid 5522 5522 "adbd" 7fb9382000
            adbd-5522  [004] ....  1337.917605: do_anonymous_page: anonymous tgid 5522 5522 "adbd" 7fb9381000
             cat-7092  [004] ....  1337.917978: do_anonymous_page: anonymous tgid 7092 7092 "sh" 7fbf6ff000
             cat-7092  [004] ....  1337.917999: do_anonymous_page: anonymous tgid 7092 7092 "sh" 7fbf6fb000
             cat-7092  [004] ....  1337.918039: do_anonymous_page: anonymous tgid 7092 7092 "sh" 7fffffe000
             cat-7092  [004] ....  1337.918049: do_anonymous_page: anonymous tgid 7092 7092 "sh" 7fbf700000
             cat-7092  [004] ....  1337.918057: do_anonymous_page: anonymous tgid 7092 7092 "sh" 7fbf6fc000
             cat-7092  [004] ....  1337.918127: do_anonymous_page: anonymous tgid 7092 7092 "sh" 7fbf5e2000
             cat-7092  [004] ....  1337.918159: do_anonymous_page: anonymous tgid 7092 7092 "sh" 7fbf6fe000
             cat-7092  [004] ....  1337.918184: do_anonymous_page: anonymous tgid 7092 7092 "sh" 7fbe5d8000
             cat-7092  [004] ....  1337.918234: do_anonymous_page: anonymous tgid 7092 7092 "sh" 7fbf6fd000
             cat-7092  [004] ....  1337.918243: do_anonymous_page: anonymous tgid 7092 7092 "sh" 7fbe5d7000
             cat-7092  [004] ....  1337.918761: do_anonymous_page: anonymous tgid 7092 7092 "sh" 7fbe5d6000
             cat-7092  [004] ....  1337.918771: do_anonymous_page: anonymous tgid 7092 7092 "sh" 7fbe572000
             cat-7092  [004] ....  1337.918906: do_anonymous_page: anonymous tgid 7092 7092 "sh" 7fffffd000
             cat-7092  [004] ....  1337.918936: do_anonymous_page: anonymous tgid 7092 7092 "sh" 7fbe565000
             cat-7092  [004] ....  1337.918944: do_anonymous_page: anonymous tgid 7092 7092 "sh" 7fbe566000
             cat-7092  [004] ....  1337.919088: do_anonymous_page: anonymous tgid 7092 7092 "sh" 7fbe4be000
             cat-7092  [004] ....  1337.919114: do_anonymous_page: anonymous tgid 7092 7092 "sh" 7fbe4bd000
             cat-7092  [004] ....  1337.919126: do_anonymous_page: anonymous tgid 7092 7092 "sh" 7fbe4bc000
             cat-7092  [004] ....  1337.919180: do_anonymous_page: anonymous tgid 7092 7092 "sh" 7fffffc000
             cat-7092  [004] ....  1337.919225: do_anonymous_page: anonymous tgid 7092 7092 "sh" 7fffffb000
             cat-7092  [004] ....  1337.919241: do_anonymous_page: anonymous tgid 7092 7092 "sh" 7fbe490000
             cat-7092  [004] ....  1337.919254: do_anonymous_page: anonymous tgid 7092 7092 "sh" 7fbe491000
             cat-7092  [004] ....  1337.919261: do_anonymous_page: anonymous tgid 7092 7092 "sh" 7fbe492000
             cat-7092  [004] ....  1337.919268: do_anonymous_page: anonymous tgid 7092 7092 "sh" 7fbe493000
             cat-7092  [004] ....  1337.919274: do_anonymous_page: anonymous tgid 7092 7092 "sh" 7fbe494000
             cat-7092  [004] ....  1337.919281: do_anonymous_page: anonymous tgid 7092 7092 "sh" 7fbe495000
             cat-7092  [004] ....  1337.919287: do_anonymous_page: anonymous tgid 7092 7092 "sh" 7fbe496000
             cat-7092  [004] ....  1337.919296: do_anonymous_page: anonymous tgid 7092 7092 "sh" 7fbe497000
             cat-7092  [004] ....  1337.919302: do_anonymous_page: anonymous tgid 7092 7092 "sh" 7fbe498000
             cat-7092  [004] ....  1337.919309: do_anonymous_page: anonymous tgid 7092 7092 "sh" 7fbe499000
             cat-7092  [004] ....  1337.919315: do_anonymous_page: anonymous tgid 7092 7092 "sh" 7fbe49a000
             cat-7092  [004] ....  1337.919321: do_anonymous_page: anonymous tgid 7092 7092 "sh" 7fbe49b000
             cat-7092  [004] ....  1337.919343: do_anonymous_page: anonymous tgid 7092 7092 "sh" 7fffffa000
             cat-7092  [004] ....  1337.919348: do_anonymous_page: anonymous tgid 7092 7092 "sh" 7fffff8000
