 ogle.android.gm-6056  [004] ....  1745.508904: do_anonymous_page: anonymous tgid 6056 6056 "ogle.android.gm" 13ad0000
 ogle.android.gm-6056  [004] ....  1745.509191: do_anonymous_page: anonymous tgid 6056 6056 "ogle.android.gm" 13ad1000
 ogle.android.gm-6056  [004] ....  1745.509227: do_anonymous_page: anonymous tgid 6056 6056 "ogle.android.gm" 7e923b5000
 ogle.android.gm-6056  [004] ....  1745.509231: do_anonymous_page: anonymous tgid 6056 6056 "ogle.android.gm" 7e923b6000
 ogle.android.gm-6056  [004] ....  1745.509260: do_anonymous_page: anonymous tgid 6056 6056 "ogle.android.gm" 7f294e1000
 ogle.android.gm-6056  [004] ....  1745.509263: do_anonymous_page: anonymous tgid 6056 6056 "ogle.android.gm" 7f294e0000
 ogle.android.gm-6056  [004] ....  1745.509397: do_anonymous_page: anonymous tgid 6056 6056 "ogle.android.gm" 7e923b7000
 ogle.android.gm-6056  [004] ....  1745.509407: do_anonymous_page: anonymous tgid 6056 6056 "ogle.android.gm" 7e923b8000
 ogle.android.gm-6056  [004] ....  1745.509428: do_anonymous_page: anonymous tgid 6056 6056 "ogle.android.gm" 7f293d8000
 ogle.android.gm-6056  [004] ....  1745.509432: do_anonymous_page: anonymous tgid 6056 6056 "ogle.android.gm" 7f293d7000
 ogle.android.gm-6056  [004] ....  1745.509492: do_anonymous_page: anonymous tgid 6056 6056 "ogle.android.gm" 13ad2000
 ogle.android.gm-6056  [004] ....  1745.509538: do_anonymous_page: anonymous tgid 6056 6056 "ogle.android.gm" 7f292cf000
 ogle.android.gm-6056  [004] ....  1745.509543: do_anonymous_page: anonymous tgid 6056 6056 "ogle.android.gm" 7f292ce000
   Binder:1344_D-3773  [004] ....  1745.509763: do_anonymous_page: anonymous tgid 1344 3773 "Binder:1344_D" 7f23653000
   Binder:1344_D-3773  [004] ....  1745.509785: do_anonymous_page: anonymous tgid 1344 3773 "Binder:1344_D" 13bc0000
   Binder:1344_2-1363  [004] ....  1745.509880: do_anonymous_page: anonymous tgid 1344 1363 "Binder:1344_2" 7f31338000
   Binder:1344_2-1363  [004] ....  1745.509890: do_anonymous_page: anonymous tgid 1344 1363 "Binder:1344_2" 13c00000
   Binder:1344_1-1362  [004] ....  1745.510085: do_anonymous_page: anonymous tgid 1344 1362 "Binder:1344_1" 7f313c0000
   Binder:1344_1-1362  [004] ....  1745.510097: do_anonymous_page: anonymous tgid 1344 1362 "Binder:1344_1" 13c40000
 ogle.android.gm-6056  [004] ....  1745.510210: do_anonymous_page: anonymous tgid 6056 6056 "ogle.android.gm" 13ad3000
        Primes-1-6088  [004] ....  1745.512569: do_anonymous_page: anonymous tgid 6056 6088 "Primes-1" 13280000
 GoogleApiHandle-6084  [004] ....  1745.512691: do_anonymous_page: anonymous tgid 6056 6084 "GoogleApiHandle" 12e42000
    BG Thread #3-6096  [004] ....  1745.512868: do_anonymous_page: anonymous tgid 6056 6096 "BG Thread #3" 132c0000
 BackgroundSingl-6097  [004] ....  1745.512924: do_anonymous_page: anonymous tgid 6056 6097 "BackgroundSingl" 13300000
  Lite Thread #0-6107  [004] ....  1745.512997: do_anonymous_page: anonymous tgid 6056 6107 "Lite Thread #0" 12c81000
        Primes-2-6137  [004] ....  1745.513344: do_anonymous_page: anonymous tgid 6056 6137 "Primes-2" 13340000
   Binder:1344_E-3830  [004] ....  1745.513382: do_anonymous_page: anonymous tgid 1344 3830 "Binder:1344_E" 7f23651000
   Binder:1344_E-3830  [004] ....  1745.513395: do_anonymous_page: anonymous tgid 1344 3830 "Binder:1344_E" 13c80000
   Binder:1344_B-2869  [004] ....  1745.513531: do_anonymous_page: anonymous tgid 1344 2869 "Binder:1344_B" 7f20cc8000
   Binder:1344_B-2869  [004] ....  1745.513542: do_anonymous_page: anonymous tgid 1344 2869 "Binder:1344_B" 13cc0000
      android.io-1367  [004] ....  1745.514022: do_anonymous_page: anonymous tgid 1344 1367 "android.io" 75f30000
      android.io-1367  [004] ....  1745.514029: do_anonymous_page: anonymous tgid 1344 1367 "android.io" 75f41000
      android.io-1367  [004] ....  1745.514048: do_anonymous_page: anonymous tgid 1344 1367 "android.io" 12c9c000
      android.io-1367  [004] ....  1745.514127: do_anonymous_page: anonymous tgid 1344 1367 "android.io" 75f31000
      android.io-1367  [004] ....  1745.514149: do_anonymous_page: anonymous tgid 1344 1367 "android.io" 75f32000
      android.io-1367  [004] ....  1745.514172: do_anonymous_page: anonymous tgid 1344 1367 "android.io" 75f33000
      android.io-1367  [004] ....  1745.514192: do_anonymous_page: anonymous tgid 1344 1367 "android.io" 75f34000
      android.io-1367  [004] ....  1745.514208: do_anonymous_page: anonymous tgid 1344 1367 "android.io" 75f35000
      android.io-1367  [004] ....  1745.514230: do_anonymous_page: anonymous tgid 1344 1367 "android.io" 75f36000
      android.io-1367  [004] ....  1745.514245: do_anonymous_page: anonymous tgid 1344 1367 "android.io" 75f37000
      android.io-1367  [004] ....  1745.514258: do_anonymous_page: anonymous tgid 1344 1367 "android.io" 12c9d000
      android.io-1367  [004] ....  1745.514266: do_anonymous_page: anonymous tgid 1344 1367 "android.io" 75f38000
      android.io-1367  [004] ....  1745.514282: do_anonymous_page: anonymous tgid 1344 1367 "android.io" 75f39000
      android.io-1367  [004] ....  1745.514296: do_anonymous_page: anonymous tgid 1344 1367 "android.io" 75f3a000
      android.io-1367  [004] ....  1745.514307: do_anonymous_page: anonymous tgid 1344 1367 "android.io" 75f3b000
      android.io-1367  [004] ....  1745.514323: do_anonymous_page: anonymous tgid 1344 1367 "android.io" 75f3c000
      android.io-1367  [004] ....  1745.514335: do_anonymous_page: anonymous tgid 1344 1367 "android.io" 75f3d000
      android.io-1367  [004] ....  1745.514348: do_anonymous_page: anonymous tgid 1344 1367 "android.io" 75f3e000
      android.io-1367  [004] ....  1745.514365: do_anonymous_page: anonymous tgid 1344 1367 "android.io" 75f3f000
      android.io-1367  [004] ....  1745.514393: do_anonymous_page: anonymous tgid 1344 1367 "android.io" 75f42000
      android.io-1367  [004] ....  1745.514401: do_anonymous_page: anonymous tgid 1344 1367 "android.io" 75f43000
      android.io-1367  [004] ....  1745.514410: do_anonymous_page: anonymous tgid 1344 1367 "android.io" 75f44000
      android.io-1367  [004] ....  1745.514419: do_anonymous_page: anonymous tgid 1344 1367 "android.io" 75f45000
      android.io-1367  [004] ....  1745.514428: do_anonymous_page: anonymous tgid 1344 1367 "android.io" 75f46000
      android.io-1367  [004] ....  1745.514436: do_anonymous_page: anonymous tgid 1344 1367 "android.io" 75f47000
      android.io-1367  [004] ....  1745.514444: do_anonymous_page: anonymous tgid 1344 1367 "android.io" 75f48000
      android.io-1367  [004] ....  1745.514452: do_anonymous_page: anonymous tgid 1344 1367 "android.io" 75f49000
      android.io-1367  [004] ....  1745.514709: do_anonymous_page: anonymous tgid 1344 1367 "android.io" 12c9e000
   Binder:1344_E-3830  [004] ....  1745.514967: do_anonymous_page: anonymous tgid 1344 3830 "Binder:1344_E" 13c81000
   Binder:1344_E-3830  [004] ....  1745.515061: do_anonymous_page: anonymous tgid 1344 3830 "Binder:1344_E" 13c82000
      android.bg-1373  [004] ....  1745.515922: do_anonymous_page: anonymous tgid 1344 1373 "android.bg" 12c5c000
 pool-2-thread-1-2034  [004] ....  1745.519150: do_anonymous_page: anonymous tgid 1757 2034 "pool-2-thread-1" 12ec0000
 ScreenDecoratio-2227  [004] ....  1745.519567: do_anonymous_page: anonymous tgid 1757 2227 "ScreenDecoratio" 13295000
 ScreenDecoratio-2227  [004] ....  1745.519698: do_anonymous_page: anonymous tgid 1757 2227 "ScreenDecoratio" 13296000
  Binder:1344_11-5087  [004] ....  1745.520189: do_anonymous_page: anonymous tgid 1344 5087 "Binder:1344_11" 13803000
 ogle.android.gm-6056  [004] ....  1745.520946: do_anonymous_page: anonymous tgid 6056 6056 "ogle.android.gm" 13ad4000
 ogle.android.gm-6056  [004] ....  1745.520990: do_anonymous_page: anonymous tgid 6056 6056 "ogle.android.gm" 13ad5000
  Binder:1344_11-5087  [004] ....  1745.521134: do_anonymous_page: anonymous tgid 1344 5087 "Binder:1344_11" 13804000
  Binder:1344_11-5087  [004] ....  1745.521410: do_anonymous_page: anonymous tgid 1344 5087 "Binder:1344_11" 13805000
 .gms.persistent-2255  [004] ....  1745.524925: do_anonymous_page: anonymous tgid 2255 2255 ".gms.persistent" 12cd2000
   Binder:1344_9-2083  [004] ....  1745.525017: do_anonymous_page: anonymous tgid 1344 2083 "Binder:1344_9" 13794000
     logd.writer-568   [004] ....  1745.528140: do_anonymous_page: anonymous tgid 557 568 "logd.writer" 7fb57fa000
     logd.writer-568   [004] ....  1745.528328: do_anonymous_page: anonymous tgid 557 568 "logd.writer" 7fb57fe000
 resolverService-6280  [004] ....  1745.529934: do_anonymous_page: anonymous tgid 2255 6280 "resolverService" 13100000
 ScreenDecoratio-2227  [004] ....  1745.531817: do_anonymous_page: anonymous tgid 1757 2227 "ScreenDecoratio" 13297000
   Binder:1344_9-2083  [004] ....  1745.531943: do_anonymous_page: anonymous tgid 1344 2083 "Binder:1344_9" 13795000
 resolverService-6280  [004] ....  1745.532089: do_anonymous_page: anonymous tgid 2255 6280 "resolverService" 7e7548d000
 resolverService-6280  [004] ....  1745.532169: do_anonymous_page: anonymous tgid 2255 6280 "resolverService" 13101000
 ogle.android.gm-6056  [004] ....  1745.536591: do_anonymous_page: anonymous tgid 6056 6056 "ogle.android.gm" 13ad6000
     SyncManager-1741  [004] ....  1745.537599: do_anonymous_page: anonymous tgid 1344 1741 "SyncManager" 13246000
     SyncManager-1741  [004] ....  1745.537619: do_anonymous_page: anonymous tgid 1344 1741 "SyncManager" 13247000
     SyncManager-1741  [004] ....  1745.537634: do_anonymous_page: anonymous tgid 1344 1741 "SyncManager" 13248000
     SyncManager-1741  [004] ....  1745.537654: do_anonymous_page: anonymous tgid 1344 1741 "SyncManager" 13249000
     SyncManager-1741  [004] ....  1745.537665: do_anonymous_page: anonymous tgid 1344 1741 "SyncManager" 1324a000
 ogle.android.gm-6056  [004] ....  1745.537934: do_anonymous_page: anonymous tgid 6056 6056 "ogle.android.gm" 13ad7000
 ogle.android.gm-6056  [004] ....  1745.538204: do_anonymous_page: anonymous tgid 6056 6056 "ogle.android.gm" 13ad8000
 ogle.android.gm-6056  [004] ....  1745.538380: do_anonymous_page: anonymous tgid 6056 6056 "ogle.android.gm" 13ad9000
 gm counters ini-6133  [004] ....  1745.538701: do_anonymous_page: anonymous tgid 6056 6133 "gm counters ini" 13041000
 ScreenDecoratio-2227  [004] ....  1745.539038: do_anonymous_page: anonymous tgid 1757 2227 "ScreenDecoratio" 13298000
 BackgroundSingl-6097  [004] ....  1745.539867: do_anonymous_page: anonymous tgid 6056 6097 "BackgroundSingl" 13301000
   Binder:1344_9-2083  [004] ....  1745.539954: do_anonymous_page: anonymous tgid 1344 2083 "Binder:1344_9" 13796000
          ranker-1482  [004] ....  1745.540029: do_anonymous_page: anonymous tgid 1344 1482 "ranker" 1334b000
          ranker-1482  [004] ....  1745.540156: do_anonymous_page: anonymous tgid 1344 1482 "ranker" 1334c000
          ranker-1482  [004] ....  1745.540226: do_anonymous_page: anonymous tgid 1344 1482 "ranker" 1334d000
          ranker-1482  [004] ....  1745.540247: do_anonymous_page: anonymous tgid 1344 1482 "ranker" 1334e000
          ranker-1482  [004] ....  1745.540270: do_anonymous_page: anonymous tgid 1344 1482 "ranker" 1334f000
          ranker-1482  [004] ....  1745.540287: do_anonymous_page: anonymous tgid 1344 1482 "ranker" 13350000
 ogle.android.gm-6056  [004] ....  1745.540652: do_anonymous_page: anonymous tgid 6056 6056 "ogle.android.gm" 13ada000
 ogle.android.gm-6056  [004] ....  1745.541395: do_anonymous_page: anonymous tgid 6056 6056 "ogle.android.gm" 7e9231d000
 ogle.android.gm-6056  [004] ....  1745.541399: do_anonymous_page: anonymous tgid 6056 6056 "ogle.android.gm" 7e9231e000
 ogle.android.gm-6056  [004] ....  1745.541407: do_anonymous_page: anonymous tgid 6056 6056 "ogle.android.gm" 7e9231f000
 ogle.android.gm-6056  [004] ....  1745.541409: do_anonymous_page: anonymous tgid 6056 6056 "ogle.android.gm" 7e92320000
 ogle.android.gm-6056  [004] ....  1745.541410: do_anonymous_page: anonymous tgid 6056 6056 "ogle.android.gm" 7e92321000
 ogle.android.gm-6056  [004] ....  1745.541413: do_anonymous_page: anonymous tgid 6056 6056 "ogle.android.gm" 7e92322000
 ogle.android.gm-6056  [004] ....  1745.541414: do_anonymous_page: anonymous tgid 6056 6056 "ogle.android.gm" 7e92323000
 ogle.android.gm-6056  [004] ....  1745.541416: do_anonymous_page: anonymous tgid 6056 6056 "ogle.android.gm" 7e92324000
 ogle.android.gm-6056  [004] ....  1745.541445: do_anonymous_page: anonymous tgid 6056 6056 "ogle.android.gm" 7e923bc000
 ogle.android.gm-6056  [004] ....  1745.541554: do_anonymous_page: anonymous tgid 6056 6056 "ogle.android.gm" 13adb000
 ogle.android.gm-6056  [004] ....  1745.541868: do_anonymous_page: anonymous tgid 6056 6056 "ogle.android.gm" 13adc000
 ogle.android.gm-6056  [004] ....  1745.542348: do_anonymous_page: anonymous tgid 6056 6056 "ogle.android.gm" 13add000
    Binder:600_3-760   [004] ....  1745.547022: do_anonymous_page: anonymous tgid 600 760 "Binder:600_3" 7fba6ed000
    Binder:600_3-760   [004] ....  1745.547031: do_anonymous_page: anonymous tgid 600 760 "Binder:600_3" 7fba6eb000
    Binder:600_3-760   [004] ....  1745.547038: do_anonymous_page: anonymous tgid 600 760 "Binder:600_3" 7fba6ec000
    Binder:600_3-760   [004] ....  1745.547052: do_anonymous_page: anonymous tgid 600 760 "Binder:600_3" 7fba63d000
   Binder:1344_4-1527  [004] ....  1745.547293: do_anonymous_page: anonymous tgid 1344 1527 "Binder:1344_4" 13b02000
 ogle.android.gm-6056  [004] ....  1745.548604: do_anonymous_page: anonymous tgid 6056 6056 "ogle.android.gm" 13ade000
 ogle.android.gm-6056  [004] ....  1745.548733: do_anonymous_page: anonymous tgid 6056 6056 "ogle.android.gm" 13adf000
 ogle.android.gm-6056  [004] ....  1745.550517: do_anonymous_page: anonymous tgid 6056 6056 "ogle.android.gm" 13ae0000
 ogle.android.gm-6056  [004] ....  1745.550623: do_anonymous_page: anonymous tgid 6056 6056 "ogle.android.gm" 13ae1000
 ogle.android.gm-6056  [004] ....  1745.550748: do_anonymous_page: anonymous tgid 6056 6056 "ogle.android.gm" 13ae2000
 ogle.android.gm-6056  [004] ....  1745.551004: do_anonymous_page: anonymous tgid 6056 6056 "ogle.android.gm" 13ae3000
 ogle.android.gm-6056  [004] ....  1745.551362: do_anonymous_page: anonymous tgid 6056 6056 "ogle.android.gm" 13ae4000
 ogle.android.gm-6056  [004] ....  1745.551479: do_anonymous_page: anonymous tgid 6056 6056 "ogle.android.gm" 13ae5000
 ogle.android.gm-6056  [004] ....  1745.551643: do_anonymous_page: anonymous tgid 6056 6056 "ogle.android.gm" 13ae6000
 ogle.android.gm-6056  [004] ....  1745.551748: do_anonymous_page: anonymous tgid 6056 6056 "ogle.android.gm" 13ae7000
 ogle.android.gm-6056  [004] ....  1745.551865: do_anonymous_page: anonymous tgid 6056 6056 "ogle.android.gm" 13ae8000
 ogle.android.gm-6056  [004] ....  1745.552048: do_anonymous_page: anonymous tgid 6056 6056 "ogle.android.gm" 13ae9000
 ogle.android.gm-6056  [004] ....  1745.553336: do_anonymous_page: anonymous tgid 6056 6056 "ogle.android.gm" 13aea000
 ogle.android.gm-6056  [004] ....  1745.553568: do_anonymous_page: anonymous tgid 6056 6056 "ogle.android.gm" 13aeb000
 ogle.android.gm-6056  [004] ....  1745.553695: do_anonymous_page: anonymous tgid 6056 6056 "ogle.android.gm" 13aec000
 ogle.android.gm-6056  [004] ....  1745.553888: do_anonymous_page: anonymous tgid 6056 6056 "ogle.android.gm" 13aed000
 ogle.android.gm-6056  [004] ....  1745.554009: do_anonymous_page: anonymous tgid 6056 6056 "ogle.android.gm" 13aee000
 ogle.android.gm-6056  [004] ....  1745.554161: do_anonymous_page: anonymous tgid 6056 6056 "ogle.android.gm" 13aef000
 ogle.android.gm-6056  [004] ....  1745.554327: do_anonymous_page: anonymous tgid 6056 6056 "ogle.android.gm" 13af0000
  surfaceflinger-600   [004] ....  1745.555156: do_anonymous_page: anonymous tgid 600 600 "surfaceflinger" 7faa7d6000
    Binder:600_1-625   [004] ....  1745.559938: do_anonymous_page: anonymous tgid 600 625 "Binder:600_1" 7fba68c000
    Binder:600_1-625   [004] .n..  1745.560119: do_anonymous_page: anonymous tgid 600 625 "Binder:600_1" 7fba6aa000
    RenderThread-6124  [004] ....  1745.560243: do_anonymous_page: anonymous tgid 6056 6124 "RenderThread" 13380000
    RenderThread-6124  [004] ....  1745.560266: do_anonymous_page: anonymous tgid 6056 6124 "RenderThread" 7f308af000
   Binder:2042_8-7239  [004] ....  1745.561448: do_anonymous_page: anonymous tgid 2042 7239 "Binder:2042_8" 12c81000
  UiThreadHelper-2084  [004] ....  1745.561740: do_anonymous_page: anonymous tgid 2042 2084 "UiThreadHelper" 12cc5000
  UiThreadHelper-2084  [004] ....  1745.561795: do_anonymous_page: anonymous tgid 2042 2084 "UiThreadHelper" 12cc6000
      android.io-1367  [004] ....  1745.562616: do_anonymous_page: anonymous tgid 1344 1367 "android.io" 12c9f000
    android.anim-1369  [004] ....  1745.564068: do_anonymous_page: anonymous tgid 1344 1369 "android.anim" 12e9b000
           <...>-1757  [004] ....  1745.565589: do_anonymous_page: anonymous tgid 1757 1757 "ndroid.systemui" 13233000
 ogle.android.gm-6056  [004] ....  1745.565970: do_anonymous_page: anonymous tgid 6056 6056 "ogle.android.gm" 13af1000
 ogle.android.gm-6056  [004] ....  1745.566140: do_anonymous_page: anonymous tgid 6056 6056 "ogle.android.gm" 13af2000
  surfaceflinger-600   [004] ....  1745.566318: do_anonymous_page: anonymous tgid 600 600 "surfaceflinger" 7faa7d7000
 composer@2.3-se-604   [004] ....  1745.567162: do_anonymous_page: anonymous tgid 604 604 "composer@2.3-se" 7fb4451000
 composer@2.3-se-604   [004] ....  1745.567168: do_anonymous_page: anonymous tgid 604 604 "composer@2.3-se" 7fb4452000
 composer@2.3-se-604   [004] ....  1745.567170: do_anonymous_page: anonymous tgid 604 604 "composer@2.3-se" 7fb4453000
 composer@2.3-se-604   [004] ....  1745.567172: do_anonymous_page: anonymous tgid 604 604 "composer@2.3-se" 7fb4454000
 composer@2.3-se-604   [004] ....  1745.567175: do_anonymous_page: anonymous tgid 604 604 "composer@2.3-se" 7fb4455000
 composer@2.3-se-604   [004] ....  1745.567177: do_anonymous_page: anonymous tgid 604 604 "composer@2.3-se" 7fb4456000
 composer@2.3-se-604   [004] ....  1745.567179: do_anonymous_page: anonymous tgid 604 604 "composer@2.3-se" 7fb4457000
 composer@2.3-se-604   [004] ....  1745.567289: do_anonymous_page: anonymous tgid 604 604 "composer@2.3-se" 7fbcf35000
 composer@2.3-se-604   [004] ....  1745.567303: do_anonymous_page: anonymous tgid 604 604 "composer@2.3-se" 7fb4459000
    BG Thread #1-6093  [004] ....  1745.568500: do_anonymous_page: anonymous tgid 6056 6093 "BG Thread #1" 133c0000
    BG Thread #1-6093  [004] ....  1745.568523: do_anonymous_page: anonymous tgid 6056 6093 "BG Thread #1" 133c1000
    BG Thread #1-6093  [004] ....  1745.568534: do_anonymous_page: anonymous tgid 6056 6093 "BG Thread #1" 133c2000
    BG Thread #1-6093  [004] ....  1745.568559: do_anonymous_page: anonymous tgid 6056 6093 "BG Thread #1" 133c3000
    BG Thread #1-6093  [004] ....  1745.568568: do_anonymous_page: anonymous tgid 6056 6093 "BG Thread #1" 133c4000
    BG Thread #1-6093  [004] ....  1745.568582: do_anonymous_page: anonymous tgid 6056 6093 "BG Thread #1" 133c5000
    BG Thread #1-6093  [004] ....  1745.568592: do_anonymous_page: anonymous tgid 6056 6093 "BG Thread #1" 133c6000
    BG Thread #1-6093  [004] ....  1745.568600: do_anonymous_page: anonymous tgid 6056 6093 "BG Thread #1" 133c7000
    BG Thread #2-6095  [004] ....  1745.568623: do_anonymous_page: anonymous tgid 6056 6095 "BG Thread #2" 13400000
    BG Thread #0-6092  [004] ....  1745.568643: do_anonymous_page: anonymous tgid 6056 6092 "BG Thread #0" 13440000
    Binder:600_5-2320  [004] ....  1745.569991: do_anonymous_page: anonymous tgid 600 2320 "Binder:600_5" 7faa7d9000
    Binder:600_5-2320  [004] ....  1745.570036: do_anonymous_page: anonymous tgid 600 2320 "Binder:600_5" 7faa7da000
    Binder:600_5-2320  [004] ....  1745.570062: do_anonymous_page: anonymous tgid 600 2320 "Binder:600_5" 7faa7db000
 ogle.android.gm-6056  [004] ....  1745.571405: do_anonymous_page: anonymous tgid 6056 6056 "ogle.android.gm" 13af3000
 ogle.android.gm-6056  [004] ....  1745.571910: do_anonymous_page: anonymous tgid 6056 6056 "ogle.android.gm" 13af4000
 ogle.android.gm-6056  [004] ....  1745.572012: do_anonymous_page: anonymous tgid 6056 6056 "ogle.android.gm" 13af5000
 ogle.android.gm-6056  [004] ....  1745.572070: do_anonymous_page: anonymous tgid 6056 6056 "ogle.android.gm" 13af6000
   Binder:1344_4-1527  [004] ....  1745.573127: do_anonymous_page: anonymous tgid 1344 1527 "Binder:1344_4" 13b03000
 ogle.android.gm-6056  [004] ....  1745.574234: do_anonymous_page: anonymous tgid 6056 6056 "ogle.android.gm" 13af7000
   Binder:2255_1-2276  [004] ....  1745.575452: do_anonymous_page: anonymous tgid 2255 2276 "Binder:2255_1" 130c1000
   Binder:2255_1-2276  [004] ....  1745.575571: do_anonymous_page: anonymous tgid 2255 2276 "Binder:2255_1" 130c2000
  surfaceflinger-600   [004] ....  1745.577531: do_anonymous_page: anonymous tgid 600 600 "surfaceflinger" 7faa7d8000
    Binder:600_1-625   [004] ....  1745.580119: do_anonymous_page: anonymous tgid 600 625 "Binder:600_1" 7fba6d1000
 ogle.android.gm-6056  [004] ....  1745.581595: do_anonymous_page: anonymous tgid 6056 6056 "ogle.android.gm" 13af8000
  Lite Thread #2-6111  [004] ....  1745.581739: do_anonymous_page: anonymous tgid 6056 6111 "Lite Thread #2" 12dc1000
    BG Thread #1-6093  [004] ....  1745.581992: do_anonymous_page: anonymous tgid 6056 6093 "BG Thread #1" 133c8000
    BG Thread #1-6093  [004] ....  1745.582134: do_anonymous_page: anonymous tgid 6056 6093 "BG Thread #1" 133c9000
    BG Thread #1-6093  [004] ....  1745.582196: do_anonymous_page: anonymous tgid 6056 6093 "BG Thread #1" 133ca000
    BG Thread #1-6093  [004] ....  1745.582241: do_anonymous_page: anonymous tgid 6056 6093 "BG Thread #1" 133cb000
 ogle.android.gm-6056  [004] ....  1745.582403: do_anonymous_page: anonymous tgid 6056 6056 "ogle.android.gm" 13af9000
 ogle.android.gm-6056  [004] .n..  1745.582466: do_anonymous_page: anonymous tgid 6056 6056 "ogle.android.gm" 13afa000
 ogle.android.gm-6056  [004] ....  1745.582542: do_anonymous_page: anonymous tgid 6056 6056 "ogle.android.gm" 13afb000
 ogle.android.gm-6056  [004] ....  1745.582645: do_anonymous_page: anonymous tgid 6056 6056 "ogle.android.gm" 13afc000
 ogle.android.gm-6056  [004] ....  1745.583089: do_anonymous_page: anonymous tgid 6056 6056 "ogle.android.gm" 13afd000
 ogle.android.gm-6056  [004] ....  1745.583524: do_anonymous_page: anonymous tgid 6056 6056 "ogle.android.gm" 13afe000
 ogle.android.gm-6056  [004] ....  1745.583628: do_anonymous_page: anonymous tgid 6056 6056 "ogle.android.gm" 7f291c6000
 ogle.android.gm-6056  [004] ....  1745.583634: do_anonymous_page: anonymous tgid 6056 6056 "ogle.android.gm" 7f291c5000
 ogle.android.gm-6056  [004] ....  1745.583710: do_anonymous_page: anonymous tgid 6056 6056 "ogle.android.gm" 13aff000
    BG Thread #2-6095  [004] ....  1745.583852: do_anonymous_page: anonymous tgid 6056 6095 "BG Thread #2" 13401000
    BG Thread #2-6095  [004] ....  1745.583907: do_anonymous_page: anonymous tgid 6056 6095 "BG Thread #2" 13402000
    BG Thread #2-6095  [004] ....  1745.583940: do_anonymous_page: anonymous tgid 6056 6095 "BG Thread #2" 13403000
      android.io-1367  [004] ....  1745.584687: do_anonymous_page: anonymous tgid 1344 1367 "android.io" 75f5a000
      android.io-1367  [004] ....  1745.584693: do_anonymous_page: anonymous tgid 1344 1367 "android.io" 75f6b000
      android.io-1367  [004] ....  1745.584779: do_anonymous_page: anonymous tgid 1344 1367 "android.io" 75f5b000
      android.io-1367  [004] ....  1745.584801: do_anonymous_page: anonymous tgid 1344 1367 "android.io" 75f5c000
      android.io-1367  [004] ....  1745.584823: do_anonymous_page: anonymous tgid 1344 1367 "android.io" 75f5d000
      android.io-1367  [004] ....  1745.584833: do_anonymous_page: anonymous tgid 1344 1367 "android.io" 12ca0000
      android.io-1367  [004] ....  1745.584845: do_anonymous_page: anonymous tgid 1344 1367 "android.io" 75f5e000
      android.io-1367  [004] ....  1745.584861: do_anonymous_page: anonymous tgid 1344 1367 "android.io" 75f5f000
      android.io-1367  [004] ....  1745.584876: do_anonymous_page: anonymous tgid 1344 1367 "android.io" 75f60000
      android.io-1367  [004] ....  1745.584891: do_anonymous_page: anonymous tgid 1344 1367 "android.io" 75f61000
      android.io-1367  [004] ....  1745.584908: do_anonymous_page: anonymous tgid 1344 1367 "android.io" 75f62000
      android.io-1367  [004] ....  1745.584922: do_anonymous_page: anonymous tgid 1344 1367 "android.io" 75f63000
      android.io-1367  [004] ....  1745.584934: do_anonymous_page: anonymous tgid 1344 1367 "android.io" 75f64000
      android.io-1367  [004] ....  1745.584948: do_anonymous_page: anonymous tgid 1344 1367 "android.io" 75f65000
      android.io-1367  [004] ....  1745.584961: do_anonymous_page: anonymous tgid 1344 1367 "android.io" 75f66000
      android.io-1367  [004] ....  1745.584973: do_anonymous_page: anonymous tgid 1344 1367 "android.io" 75f67000
      android.io-1367  [004] ....  1745.584984: do_anonymous_page: anonymous tgid 1344 1367 "android.io" 75f68000
      android.io-1367  [004] ....  1745.584998: do_anonymous_page: anonymous tgid 1344 1367 "android.io" 75f69000
      android.io-1367  [004] ....  1745.585025: do_anonymous_page: anonymous tgid 1344 1367 "android.io" 75f6c000
      android.io-1367  [004] ....  1745.585034: do_anonymous_page: anonymous tgid 1344 1367 "android.io" 75f6d000
      android.io-1367  [004] ....  1745.585042: do_anonymous_page: anonymous tgid 1344 1367 "android.io" 75f6e000
      android.io-1367  [004] ....  1745.585051: do_anonymous_page: anonymous tgid 1344 1367 "android.io" 75f6f000
      android.io-1367  [004] ....  1745.585058: do_anonymous_page: anonymous tgid 1344 1367 "android.io" 75f70000
      android.io-1367  [004] ....  1745.585066: do_anonymous_page: anonymous tgid 1344 1367 "android.io" 75f71000
      android.io-1367  [004] ....  1745.585073: do_anonymous_page: anonymous tgid 1344 1367 "android.io" 75f72000
      android.io-1367  [004] ....  1745.585086: do_anonymous_page: anonymous tgid 1344 1367 "android.io" 75f73000
      android.io-1367  [004] ....  1745.585255: do_anonymous_page: anonymous tgid 1344 1367 "android.io" 12ca1000
 ogle.android.gm-6056  [004] ....  1745.586090: do_anonymous_page: anonymous tgid 6056 6056 "ogle.android.gm" 7ecdb02000
 ogle.android.gm-6056  [004] ....  1745.586096: do_anonymous_page: anonymous tgid 6056 6056 "ogle.android.gm" 7ecdb03000
 ogle.android.gm-6056  [004] ....  1745.586105: do_anonymous_page: anonymous tgid 6056 6056 "ogle.android.gm" 7ecdb0a000
  surfaceflinger-600   [004] ....  1745.590678: do_anonymous_page: anonymous tgid 600 600 "surfaceflinger" 7fb79fa000
      android.io-1367  [004] ....  1745.593375: do_anonymous_page: anonymous tgid 1344 1367 "android.io" 12ca2000
   Binder:2255_5-2674  [004] ....  1745.593629: do_anonymous_page: anonymous tgid 2255 2674 "Binder:2255_5" 7f310ff000
   Binder:2255_5-2674  [004] ....  1745.593689: do_anonymous_page: anonymous tgid 2255 2674 "Binder:2255_5" 13140000
   Binder:2255_5-2674  [004] ....  1745.594274: do_anonymous_page: anonymous tgid 2255 2674 "Binder:2255_5" 13141000
     lowpool[47]-6966  [004] ....  1745.594370: do_anonymous_page: anonymous tgid 2255 6966 "lowpool[47]" 12e10000
   Binder:1344_9-2083  [004] ....  1745.595927: do_anonymous_page: anonymous tgid 1344 2083 "Binder:1344_9" 13797000
      android.io-1367  [004] ....  1745.596173: do_anonymous_page: anonymous tgid 1344 1367 "android.io" 75f74000
      android.io-1367  [004] ....  1745.596178: do_anonymous_page: anonymous tgid 1344 1367 "android.io" 75f85000
      android.io-1367  [004] ....  1745.596227: do_anonymous_page: anonymous tgid 1344 1367 "android.io" 12ca3000
      android.io-1367  [004] ....  1745.596263: do_anonymous_page: anonymous tgid 1344 1367 "android.io" 75f75000
      android.io-1367  [004] ....  1745.596283: do_anonymous_page: anonymous tgid 1344 1367 "android.io" 75f76000
      android.io-1367  [004] ....  1745.596302: do_anonymous_page: anonymous tgid 1344 1367 "android.io" 75f77000
      android.io-1367  [004] ....  1745.596321: do_anonymous_page: anonymous tgid 1344 1367 "android.io" 75f78000
      android.io-1367  [004] ....  1745.596373: do_anonymous_page: anonymous tgid 1344 1367 "android.io" 75f79000
      android.io-1367  [004] ....  1745.596390: do_anonymous_page: anonymous tgid 1344 1367 "android.io" 75f7a000
      android.io-1367  [004] ....  1745.596404: do_anonymous_page: anonymous tgid 1344 1367 "android.io" 75f7b000
      android.io-1367  [004] ....  1745.596421: do_anonymous_page: anonymous tgid 1344 1367 "android.io" 75f7c000
      android.io-1367  [004] ....  1745.596437: do_anonymous_page: anonymous tgid 1344 1367 "android.io" 75f7d000
      android.io-1367  [004] ....  1745.596449: do_anonymous_page: anonymous tgid 1344 1367 "android.io" 75f7e000
      android.io-1367  [004] ....  1745.596461: do_anonymous_page: anonymous tgid 1344 1367 "android.io" 75f7f000
      android.io-1367  [004] ....  1745.596476: do_anonymous_page: anonymous tgid 1344 1367 "android.io" 75f80000
      android.io-1367  [004] ....  1745.596487: do_anonymous_page: anonymous tgid 1344 1367 "android.io" 75f81000
      android.io-1367  [004] ....  1745.596499: do_anonymous_page: anonymous tgid 1344 1367 "android.io" 75f82000
      android.io-1367  [004] ....  1745.596514: do_anonymous_page: anonymous tgid 1344 1367 "android.io" 75f83000
      android.io-1367  [004] ....  1745.596541: do_anonymous_page: anonymous tgid 1344 1367 "android.io" 75f86000
      android.io-1367  [004] ....  1745.596554: do_anonymous_page: anonymous tgid 1344 1367 "android.io" 75f87000
      android.io-1367  [004] ....  1745.596563: do_anonymous_page: anonymous tgid 1344 1367 "android.io" 75f88000
      android.io-1367  [004] ....  1745.596572: do_anonymous_page: anonymous tgid 1344 1367 "android.io" 75f89000
      android.io-1367  [004] ....  1745.596775: do_anonymous_page: anonymous tgid 1344 1367 "android.io" 75f8a000
      android.io-1367  [004] ....  1745.596785: do_anonymous_page: anonymous tgid 1344 1367 "android.io" 75f8b000
      android.io-1367  [004] ....  1745.596793: do_anonymous_page: anonymous tgid 1344 1367 "android.io" 75f8c000
      android.io-1367  [004] ....  1745.596800: do_anonymous_page: anonymous tgid 1344 1367 "android.io" 75f8d000
      android.io-1367  [004] ....  1745.596881: do_anonymous_page: anonymous tgid 1344 1367 "android.io" 12ca4000
      android.io-1367  [004] ....  1745.597088: do_anonymous_page: anonymous tgid 1344 1367 "android.io" 12ca5000
     lowpool[47]-6966  [004] ....  1745.598184: do_anonymous_page: anonymous tgid 2255 6966 "lowpool[47]" 12e11000
  services-3-163-7335  [004] ....  1745.599320: do_anonymous_page: anonymous tgid 6056 7335 "services-3-163" 7fbc31b000
  services-3-163-7335  [004] ....  1745.599333: do_anonymous_page: anonymous tgid 6056 7335 "services-3-163" 7f291c3000
  services-3-163-7335  [004] ....  1745.599369: do_anonymous_page: anonymous tgid 6056 7335 "services-3-163" 13480000
  services-3-163-7335  [004] ....  1745.599390: do_anonymous_page: anonymous tgid 6056 7335 "services-3-163" 7f291c4000
  services-3-163-7335  [004] ....  1745.599407: do_anonymous_page: anonymous tgid 6056 7335 "services-3-163" 7f291c2000
  services-3-163-7335  [004] ....  1745.599486: do_anonymous_page: anonymous tgid 6056 7335 "services-3-163" 7ec514e000
  services-3-163-7335  [004] ....  1745.599490: do_anonymous_page: anonymous tgid 6056 7335 "services-3-163" 7ec514d000
  services-3-163-7335  [004] ....  1745.599654: do_anonymous_page: anonymous tgid 6056 7335 "services-3-163" 13481000
 ObjectCursorLoa-7333  [004] ....  1745.602471: do_anonymous_page: anonymous tgid 6056 7333 "ObjectCursorLoa" 7f292cd000
          ranker-1482  [004] ....  1745.603169: do_anonymous_page: anonymous tgid 1344 1482 "ranker" 13351000
          ranker-1482  [004] ....  1745.603304: do_anonymous_page: anonymous tgid 1344 1482 "ranker" 13352000
          ranker-1482  [004] ....  1745.603333: do_anonymous_page: anonymous tgid 1344 1482 "ranker" 13353000
          ranker-1482  [004] ....  1745.603354: do_anonymous_page: anonymous tgid 1344 1482 "ranker" 13354000
          ranker-1482  [004] ....  1745.603373: do_anonymous_page: anonymous tgid 1344 1482 "ranker" 13355000
 Blocking Thread-7332  [004] ....  1745.603535: do_anonymous_page: anonymous tgid 6056 7332 "Blocking Thread" 7f293d6000
 ObjectCursorLoa-7333  [004] ....  1745.603598: do_anonymous_page: anonymous tgid 6056 7333 "ObjectCursorLoa" 7fbc324000
 ObjectCursorLoa-7333  [004] ....  1745.603606: do_anonymous_page: anonymous tgid 6056 7333 "ObjectCursorLoa" 7f292cc000
 ObjectCursorLoa-7333  [004] ....  1745.603654: do_anonymous_page: anonymous tgid 6056 7333 "ObjectCursorLoa" 134c0000
 ObjectCursorLoa-7333  [004] ....  1745.603700: do_anonymous_page: anonymous tgid 6056 7333 "ObjectCursorLoa" 7f292cb000
 ogle.android.gm-6056  [004] ....  1745.603932: do_anonymous_page: anonymous tgid 6056 6056 "ogle.android.gm" 13500000
 Blocking Thread-7332  [004] ....  1745.604029: do_anonymous_page: anonymous tgid 6056 7332 "Blocking Thread" 7fbc326000
 Blocking Thread-7332  [004] ....  1745.604034: do_anonymous_page: anonymous tgid 6056 7332 "Blocking Thread" 7f293d5000
 GAC_Executor[14-7330  [004] ....  1745.604063: do_anonymous_page: anonymous tgid 6056 7330 "GAC_Executor[14" 7fbc360000
 GAC_Executor[14-7330  [004] ....  1745.604069: do_anonymous_page: anonymous tgid 6056 7330 "GAC_Executor[14" 7f296e4000
 GAC_Executor[14-7330  [004] ....  1745.604082: do_anonymous_page: anonymous tgid 6056 7330 "GAC_Executor[14" 13540000
 GAC_Executor[14-7330  [004] ....  1745.604112: do_anonymous_page: anonymous tgid 6056 7330 "GAC_Executor[14" 7f296e5000
 GAC_Executor[14-7330  [004] ....  1745.604433: do_anonymous_page: anonymous tgid 6056 7330 "GAC_Executor[14" 13541000
   Binder:1344_9-2083  [004] ....  1745.604494: do_anonymous_page: anonymous tgid 1344 2083 "Binder:1344_9" 13798000
 GAC_Executor[14-7330  [004] ....  1745.604663: do_anonymous_page: anonymous tgid 6056 7330 "GAC_Executor[14" 13542000
 GAC_Executor[14-7330  [004] ....  1745.604705: do_anonymous_page: anonymous tgid 6056 7330 "GAC_Executor[14" 13543000
 ObjectCursorLoa-7331  [004] ....  1745.604915: do_anonymous_page: anonymous tgid 6056 7331 "ObjectCursorLoa" 7f294df000
  services-3-162-7329  [004] ....  1745.604976: do_anonymous_page: anonymous tgid 6056 7329 "services-3-162" 7fbdcc8000
  services-3-162-7329  [004] ....  1745.604982: do_anonymous_page: anonymous tgid 6056 7329 "services-3-162" 7f297ed000
  services-3-162-7329  [004] ....  1745.605001: do_anonymous_page: anonymous tgid 6056 7329 "services-3-162" 13580000
  services-3-162-7329  [004] ....  1745.605016: do_anonymous_page: anonymous tgid 6056 7329 "services-3-162" 7f297ee000
  services-3-162-7329  [004] ....  1745.605040: do_anonymous_page: anonymous tgid 6056 7329 "services-3-162" 7f297ec000
 ObjectCursorLoa-7331  [004] ....  1745.605124: do_anonymous_page: anonymous tgid 6056 7331 "ObjectCursorLoa" 7fbc35e000
 ObjectCursorLoa-7331  [004] ....  1745.605129: do_anonymous_page: anonymous tgid 6056 7331 "ObjectCursorLoa" 7f294de000
 ObjectCursorLoa-7331  [004] ....  1745.605159: do_anonymous_page: anonymous tgid 6056 7331 "ObjectCursorLoa" 135c0000
 ObjectCursorLoa-7331  [004] ....  1745.605225: do_anonymous_page: anonymous tgid 6056 7331 "ObjectCursorLoa" 7f294dd000
 ogle.android.gm-6056  [004] ....  1745.605534: do_anonymous_page: anonymous tgid 6056 6056 "ogle.android.gm" 13501000
  services-3-161-7328  [004] ....  1745.606448: do_anonymous_page: anonymous tgid 6056 7328 "services-3-161" 7fbe06c000
  services-3-161-7328  [004] ....  1745.606457: do_anonymous_page: anonymous tgid 6056 7328 "services-3-161" 7f29d02000
  services-3-161-7328  [004] ....  1745.606471: do_anonymous_page: anonymous tgid 6056 7328 "services-3-161" 13600000
  services-3-161-7328  [004] ....  1745.606479: do_anonymous_page: anonymous tgid 6056 7328 "services-3-161" 7f29d03000
  services-3-161-7328  [004] ....  1745.606494: do_anonymous_page: anonymous tgid 6056 7328 "services-3-161" 7f29d01000
 ogle.android.gm-6056  [004] ....  1745.606639: do_anonymous_page: anonymous tgid 6056 6056 "ogle.android.gm" 13502000
 ogle.android.gm-6056  [004] ....  1745.606787: do_anonymous_page: anonymous tgid 6056 6056 "ogle.android.gm" 13503000
 queued-work-loo-6081  [004] ....  1745.609003: do_anonymous_page: anonymous tgid 6056 6081 "queued-work-loo" 13640000
 Blocking Thread-7332  [004] ....  1745.609895: do_anonymous_page: anonymous tgid 6056 7332 "Blocking Thread" 13680000
   Binder:1344_9-2083  [004] ....  1745.610260: do_anonymous_page: anonymous tgid 1344 2083 "Binder:1344_9" 13799000
   Binder:1344_9-2083  [004] ....  1745.610317: do_anonymous_page: anonymous tgid 1344 2083 "Binder:1344_9" 1379a000
   Binder:1344_9-2083  [004] ....  1745.610470: do_anonymous_page: anonymous tgid 1344 2083 "Binder:1344_9" 1379b000
 ogle.android.gm-6056  [004] ....  1745.617127: do_anonymous_page: anonymous tgid 6056 6056 "ogle.android.gm" 13504000
 ogle.android.gm-6056  [004] ....  1745.617333: do_anonymous_page: anonymous tgid 6056 6056 "ogle.android.gm" 13505000
 ogle.android.gm-6056  [004] ....  1745.617424: do_anonymous_page: anonymous tgid 6056 6056 "ogle.android.gm" 13506000
 ogle.android.gm-6056  [004] ....  1745.617542: do_anonymous_page: anonymous tgid 6056 6056 "ogle.android.gm" 13507000
   Binder:2539_9-5179  [004] ....  1745.619194: do_anonymous_page: anonymous tgid 2539 5179 "Binder:2539_9" 13b81000
 gle.android.gms-2539  [004] ....  1745.619244: do_anonymous_page: anonymous tgid 2539 2539 "gle.android.gms" 13bc2000
 gle.android.gms-2539  [004] ....  1745.619458: do_anonymous_page: anonymous tgid 2539 2539 "gle.android.gms" 13bc3000
 gle.android.gms-2539  [004] ....  1745.619947: do_anonymous_page: anonymous tgid 2539 2539 "gle.android.gms" 13bc4000
 gle.android.gms-2539  [004] ....  1745.620077: do_anonymous_page: anonymous tgid 2539 2539 "gle.android.gms" 13bc5000
  services-3-162-7329  [004] ....  1745.621222: do_anonymous_page: anonymous tgid 6056 7329 "services-3-162" 13581000
         sql-5-0-6159  [004] ....  1745.627980: do_anonymous_page: anonymous tgid 6056 6159 "sql-5-0" 12f0b000
         sql-5-0-6159  [004] ....  1745.628473: do_anonymous_page: anonymous tgid 6056 6159 "sql-5-0" 12f0c000
  services-3-162-7329  [004] ....  1745.628608: do_anonymous_page: anonymous tgid 6056 7329 "services-3-162" 13582000
  services-3-162-7329  [004] ....  1745.628817: do_anonymous_page: anonymous tgid 6056 7329 "services-3-162" 13583000
  services-3-164-7336  [004] ....  1745.628946: do_anonymous_page: anonymous tgid 6056 7336 "services-3-164" 7fbc319000
  services-3-164-7336  [004] ....  1745.628955: do_anonymous_page: anonymous tgid 6056 7336 "services-3-164" 7ec514b000
  services-3-164-7336  [004] ....  1745.628968: do_anonymous_page: anonymous tgid 6056 7336 "services-3-164" 136c0000
     logd.writer-568   [004] ....  1745.629045: do_anonymous_page: anonymous tgid 557 568 "logd.writer" 7fb57ff000
   Binder:1344_9-2083  [004] ....  1745.630093: do_anonymous_page: anonymous tgid 1344 2083 "Binder:1344_9" 1379c000
   Binder:1344_9-2083  [004] ....  1745.630201: do_anonymous_page: anonymous tgid 1344 2083 "Binder:1344_9" 1379d000
 gle.android.gms-2539  [004] ....  1745.630657: do_anonymous_page: anonymous tgid 2539 2539 "gle.android.gms" 13bc6000
 gle.android.gms-2539  [004] ....  1745.630840: do_anonymous_page: anonymous tgid 2539 2539 "gle.android.gms" 13bc7000
 gle.android.gms-2539  [004] ....  1745.630996: do_anonymous_page: anonymous tgid 2539 2539 "gle.android.gms" 13bc8000
 ogle.android.gm-6056  [004] ....  1745.631472: do_anonymous_page: anonymous tgid 6056 6056 "ogle.android.gm" 13508000
 ogle.android.gm-6056  [004] ....  1745.631650: do_anonymous_page: anonymous tgid 6056 6056 "ogle.android.gm" 13509000
 ogle.android.gm-6056  [004] ....  1745.631742: do_anonymous_page: anonymous tgid 6056 6056 "ogle.android.gm" 1350a000
 ogle.android.gm-6056  [004] ....  1745.631904: do_anonymous_page: anonymous tgid 6056 6056 "ogle.android.gm" 1350b000
 ogle.android.gm-6056  [004] ....  1745.631945: do_anonymous_page: anonymous tgid 6056 6056 "ogle.android.gm" 1350c000
 ogle.android.gm-6056  [004] ....  1745.632072: do_anonymous_page: anonymous tgid 6056 6056 "ogle.android.gm" 7ec2c21000
 ogle.android.gm-6056  [004] ....  1745.632080: do_anonymous_page: anonymous tgid 6056 6056 "ogle.android.gm" 7ec2c20000
 ogle.android.gm-6056  [004] ....  1745.632128: do_anonymous_page: anonymous tgid 6056 6056 "ogle.android.gm" 1350d000
 ogle.android.gm-6056  [004] ....  1745.632231: do_anonymous_page: anonymous tgid 6056 6056 "ogle.android.gm" 1350e000
 ogle.android.gm-6056  [004] ....  1745.632415: do_anonymous_page: anonymous tgid 6056 6056 "ogle.android.gm" 1350f000
 ogle.android.gm-6056  [004] ....  1745.632492: do_anonymous_page: anonymous tgid 6056 6056 "ogle.android.gm" 13510000
 ogle.android.gm-6056  [004] ....  1745.632536: do_anonymous_page: anonymous tgid 6056 6056 "ogle.android.gm" 13511000
 ogle.android.gm-6056  [004] ....  1745.632561: do_anonymous_page: anonymous tgid 6056 6056 "ogle.android.gm" 13512000
 ogle.android.gm-6056  [004] ....  1745.632582: do_anonymous_page: anonymous tgid 6056 6056 "ogle.android.gm" 13513000
  Binder:1344_11-5087  [004] ....  1745.632889: do_anonymous_page: anonymous tgid 1344 5087 "Binder:1344_11" 13806000
 ogle.android.gm-6056  [004] ....  1745.633130: do_anonymous_page: anonymous tgid 6056 6056 "ogle.android.gm" 13514000
 ogle.android.gm-6056  [004] ....  1745.633161: do_anonymous_page: anonymous tgid 6056 6056 "ogle.android.gm" 13515000
 ogle.android.gm-6056  [004] ....  1745.633186: do_anonymous_page: anonymous tgid 6056 6056 "ogle.android.gm" 13516000
 ogle.android.gm-6056  [004] ....  1745.633209: do_anonymous_page: anonymous tgid 6056 6056 "ogle.android.gm" 13517000
 ogle.android.gm-6056  [004] ....  1745.633236: do_anonymous_page: anonymous tgid 6056 6056 "ogle.android.gm" 13518000
 ogle.android.gm-6056  [004] ....  1745.633261: do_anonymous_page: anonymous tgid 6056 6056 "ogle.android.gm" 13519000
 ogle.android.gm-6056  [004] ....  1745.633285: do_anonymous_page: anonymous tgid 6056 6056 "ogle.android.gm" 1351a000
 ogle.android.gm-6056  [004] ....  1745.635929: do_anonymous_page: anonymous tgid 6056 6056 "ogle.android.gm" 1351b000
 ogle.android.gm-6056  [004] ....  1745.635972: do_anonymous_page: anonymous tgid 6056 6056 "ogle.android.gm" 1351c000
 ogle.android.gm-6056  [004] ....  1745.636000: do_anonymous_page: anonymous tgid 6056 6056 "ogle.android.gm" 1351d000
 ogle.android.gm-6056  [004] ....  1745.636187: do_anonymous_page: anonymous tgid 6056 6056 "ogle.android.gm" 7ecdb11000
 ogle.android.gm-6056  [004] ....  1745.636229: do_anonymous_page: anonymous tgid 6056 6056 "ogle.android.gm" 1351e000
 ogle.android.gm-6056  [004] ....  1745.636273: do_anonymous_page: anonymous tgid 6056 6056 "ogle.android.gm" 1351f000
    BG Thread #3-6096  [004] ....  1745.636726: do_anonymous_page: anonymous tgid 6056 6096 "BG Thread #3" 132c1000
    BG Thread #3-6096  [004] ....  1745.636737: do_anonymous_page: anonymous tgid 6056 6096 "BG Thread #3" 132c2000
  Lite Thread #5-6116  [004] ....  1745.636822: do_anonymous_page: anonymous tgid 6056 6116 "Lite Thread #5" 12e01000
 ogle.android.gm-6056  [004] ....  1745.636878: do_anonymous_page: anonymous tgid 6056 6056 "ogle.android.gm" 13520000
 GoogleApiHandle-6084  [004] ....  1745.637014: do_anonymous_page: anonymous tgid 6056 6084 "GoogleApiHandle" 12e43000
   Binder:2255_1-2276  [004] ....  1745.637233: do_anonymous_page: anonymous tgid 2255 2276 "Binder:2255_1" 130c3000
  services-3-162-7329  [004] ....  1745.637623: do_anonymous_page: anonymous tgid 6056 7329 "services-3-162" 13584000
         sql-5-0-6159  [004] ....  1745.637807: do_anonymous_page: anonymous tgid 6056 6159 "sql-5-0" 12f0d000
  services-3-162-7329  [004] ....  1745.639951: do_anonymous_page: anonymous tgid 6056 7329 "services-3-162" 13585000
         sql-5-0-6159  [004] ....  1745.640012: do_anonymous_page: anonymous tgid 6056 6159 "sql-5-0" 12f0e000
         sql-5-0-6159  [004] ....  1745.640349: do_anonymous_page: anonymous tgid 6056 6159 "sql-5-0" 12f0f000
 ogle.android.gm-6056  [004] ....  1745.640953: do_anonymous_page: anonymous tgid 6056 6056 "ogle.android.gm" 13521000
 ogle.android.gm-6056  [004] ....  1745.647004: do_anonymous_page: anonymous tgid 6056 6056 "ogle.android.gm" 13522000
 ogle.android.gm-6056  [004] ....  1745.647042: do_anonymous_page: anonymous tgid 6056 6056 "ogle.android.gm" 13523000
 ogle.android.gm-6056  [004] ....  1745.647162: do_anonymous_page: anonymous tgid 6056 6056 "ogle.android.gm" 13524000
 ogle.android.gm-6056  [004] ....  1745.647246: do_anonymous_page: anonymous tgid 6056 6056 "ogle.android.gm" 13525000
 ogle.android.gm-6056  [004] ....  1745.647291: do_anonymous_page: anonymous tgid 6056 6056 "ogle.android.gm" 13526000
 ogle.android.gm-6056  [004] ....  1745.647320: do_anonymous_page: anonymous tgid 6056 6056 "ogle.android.gm" 13527000
   Binder:1344_4-1527  [004] ....  1745.648054: do_anonymous_page: anonymous tgid 1344 1527 "Binder:1344_4" 13b04000
 ogle.android.gm-6056  [004] ....  1745.648281: do_anonymous_page: anonymous tgid 6056 6056 "ogle.android.gm" 13528000
 ogle.android.gm-6056  [004] ....  1745.648327: do_anonymous_page: anonymous tgid 6056 6056 "ogle.android.gm" 13529000
 ogle.android.gm-6056  [004] ....  1745.648352: do_anonymous_page: anonymous tgid 6056 6056 "ogle.android.gm" 1352a000
 ogle.android.gm-6056  [004] ....  1745.648378: do_anonymous_page: anonymous tgid 6056 6056 "ogle.android.gm" 1352b000
 ogle.android.gm-6056  [004] ....  1745.648404: do_anonymous_page: anonymous tgid 6056 6056 "ogle.android.gm" 1352c000
 ogle.android.gm-6056  [004] ....  1745.648426: do_anonymous_page: anonymous tgid 6056 6056 "ogle.android.gm" 1352d000
 ogle.android.gm-6056  [004] ....  1745.648452: do_anonymous_page: anonymous tgid 6056 6056 "ogle.android.gm" 1352e000
 ogle.android.gm-6056  [004] ....  1745.648477: do_anonymous_page: anonymous tgid 6056 6056 "ogle.android.gm" 1352f000
 ogle.android.gm-6056  [004] ....  1745.648510: do_anonymous_page: anonymous tgid 6056 6056 "ogle.android.gm" 13530000
 ogle.android.gm-6056  [004] ....  1745.648537: do_anonymous_page: anonymous tgid 6056 6056 "ogle.android.gm" 13531000
 ogle.android.gm-6056  [004] ....  1745.648563: do_anonymous_page: anonymous tgid 6056 6056 "ogle.android.gm" 13532000
 ogle.android.gm-6056  [004] ....  1745.648759: do_anonymous_page: anonymous tgid 6056 6056 "ogle.android.gm" 13533000
 ogle.android.gm-6056  [004] ....  1745.648801: do_anonymous_page: anonymous tgid 6056 6056 "ogle.android.gm" 13534000
 ogle.android.gm-6056  [004] ....  1745.648820: do_anonymous_page: anonymous tgid 6056 6056 "ogle.android.gm" 13535000
 ogle.android.gm-6056  [004] ....  1745.648884: do_anonymous_page: anonymous tgid 6056 6056 "ogle.android.gm" 13536000
 Jit thread pool-6062  [004] ....  1745.648972: do_anonymous_page: anonymous tgid 6056 6062 "Jit thread pool" 7e87eb5000
 Jit thread pool-6062  [004] ....  1745.648987: do_anonymous_page: anonymous tgid 6056 6062 "Jit thread pool" 7e9dadb000
 Jit thread pool-6062  [004] ....  1745.648990: do_anonymous_page: anonymous tgid 6056 6062 "Jit thread pool" 7e87eb6000
 Jit thread pool-6062  [004] ....  1745.648994: do_anonymous_page: anonymous tgid 6056 6062 "Jit thread pool" 7e87eb7000
 Jit thread pool-6062  [004] ....  1745.649022: do_anonymous_page: anonymous tgid 6056 6062 "Jit thread pool" 7e87eb8000
 Jit thread pool-6062  [004] ....  1745.649141: do_anonymous_page: anonymous tgid 6056 6062 "Jit thread pool" 7e87eb9000
 Jit thread pool-6062  [004] ....  1745.649165: do_anonymous_page: anonymous tgid 6056 6062 "Jit thread pool" 7e87eba000
 Jit thread pool-6062  [004] ....  1745.649197: do_anonymous_page: anonymous tgid 6056 6062 "Jit thread pool" 7e9dadc000
 Jit thread pool-6062  [004] ....  1745.649218: do_anonymous_page: anonymous tgid 6056 6062 "Jit thread pool" 7e87ebb000
 Jit thread pool-6062  [004] ....  1745.649230: do_anonymous_page: anonymous tgid 6056 6062 "Jit thread pool" 7e9dadd000
 Jit thread pool-6062  [004] ....  1745.649232: do_anonymous_page: anonymous tgid 6056 6062 "Jit thread pool" 7e9dade000
 Jit thread pool-6062  [004] ....  1745.649272: do_anonymous_page: anonymous tgid 6056 6062 "Jit thread pool" 7e87ebc000
 Jit thread pool-6062  [004] ....  1745.649294: do_anonymous_page: anonymous tgid 6056 6062 "Jit thread pool" 7e9dadf000
 Jit thread pool-6062  [004] ....  1745.649297: do_anonymous_page: anonymous tgid 6056 6062 "Jit thread pool" 7e9dae0000
 Jit thread pool-6062  [004] ....  1745.649306: do_anonymous_page: anonymous tgid 6056 6062 "Jit thread pool" 7e9dae1000
    BG Thread #1-6093  [004] ....  1745.649476: do_anonymous_page: anonymous tgid 6056 6093 "BG Thread #1" 133cc000
    BG Thread #1-6093  [004] ....  1745.649486: do_anonymous_page: anonymous tgid 6056 6093 "BG Thread #1" 133cd000
  Lite Thread #0-6107  [004] ....  1745.649576: do_anonymous_page: anonymous tgid 6056 6107 "Lite Thread #0" 12c82000
  Lite Thread #0-6107  [004] ....  1745.649626: do_anonymous_page: anonymous tgid 6056 6107 "Lite Thread #0" 12c83000
 ogle.android.gm-6056  [004] ....  1745.649794: do_anonymous_page: anonymous tgid 6056 6056 "ogle.android.gm" 13537000
 BackgroundSingl-6097  [004] ....  1745.650809: do_anonymous_page: anonymous tgid 6056 6097 "BackgroundSingl" 13302000
 GAC_Executor[15-7337  [004] ....  1745.651508: do_anonymous_page: anonymous tgid 6056 7337 "GAC_Executor[15" 7fbc317000
 GAC_Executor[15-7337  [004] ....  1745.651518: do_anonymous_page: anonymous tgid 6056 7337 "GAC_Executor[15" 7ec2c1e000
