           <...>-6093  [004] ....   382.000020: do_anonymous_page: anonymous tgid 6056 6093 "BG Thread #1" 13480000
 ogle.android.gm-6056  [004] ....   382.001228: do_anonymous_page: anonymous tgid 6056 6056 "ogle.android.gm" 12f11000
   Binder:1344_2-1363  [004] ....   382.001331: do_anonymous_page: anonymous tgid 1344 1363 "Binder:1344_2" 13f8a000
 ogle.android.gm-6056  [004] ....   382.001743: do_anonymous_page: anonymous tgid 6056 6056 "ogle.android.gm" 12f12000
 ogle.android.gm-6056  [004] ....   382.001894: do_anonymous_page: anonymous tgid 6056 6056 "ogle.android.gm" 7f298e1000
 ogle.android.gm-6056  [004] ....   382.001899: do_anonymous_page: anonymous tgid 6056 6056 "ogle.android.gm" 7f298e0000
 ogle.android.gm-6056  [004] ....   382.002007: do_anonymous_page: anonymous tgid 6056 6056 "ogle.android.gm" 12f13000
 ogle.android.gm-6056  [004] ....   382.002075: do_anonymous_page: anonymous tgid 6056 6056 "ogle.android.gm" 7f297d8000
 ogle.android.gm-6056  [004] ....   382.002081: do_anonymous_page: anonymous tgid 6056 6056 "ogle.android.gm" 7f297d7000
 ogle.android.gm-6056  [004] ....   382.002168: do_anonymous_page: anonymous tgid 6056 6056 "ogle.android.gm" 7ecd93a000
 ogle.android.gm-6056  [004] ....   382.002172: do_anonymous_page: anonymous tgid 6056 6056 "ogle.android.gm" 7ecd93b000
 ogle.android.gm-6056  [004] ....   382.002201: do_anonymous_page: anonymous tgid 6056 6056 "ogle.android.gm" 7f296cf000
 ogle.android.gm-6056  [004] ....   382.002204: do_anonymous_page: anonymous tgid 6056 6056 "ogle.android.gm" 7f296ce000
           <...>-6097  [004] ....   382.002514: do_anonymous_page: anonymous tgid 6056 6097 "BackgroundSingl" 134c0000
           <...>-6111  [004] ....   382.002628: do_anonymous_page: anonymous tgid 6056 6111 "Lite Thread #2" 12d01000
           <...>-1367  [004] ....   382.003197: do_anonymous_page: anonymous tgid 1344 1367 "android.io" 75eb6000
           <...>-1367  [004] ....   382.003204: do_anonymous_page: anonymous tgid 1344 1367 "android.io" 7f33f23000
           <...>-1367  [004] ....   382.003208: do_anonymous_page: anonymous tgid 1344 1367 "android.io" 75df7000
           <...>-1367  [004] ....   382.003327: do_anonymous_page: anonymous tgid 1344 1367 "android.io" 75eb7000
           <...>-1367  [004] ....   382.003350: do_anonymous_page: anonymous tgid 1344 1367 "android.io" 75eb8000
           <...>-1367  [004] ....   382.003373: do_anonymous_page: anonymous tgid 1344 1367 "android.io" 75eb9000
           <...>-1367  [004] ....   382.003383: do_anonymous_page: anonymous tgid 1344 1367 "android.io" 12dc1000
           <...>-1367  [004] ....   382.003395: do_anonymous_page: anonymous tgid 1344 1367 "android.io" 75eba000
           <...>-1367  [004] ....   382.003408: do_anonymous_page: anonymous tgid 1344 1367 "android.io" 75ebb000
           <...>-1367  [004] ....   382.003423: do_anonymous_page: anonymous tgid 1344 1367 "android.io" 75ebc000
           <...>-1367  [004] ....   382.003437: do_anonymous_page: anonymous tgid 1344 1367 "android.io" 75ebd000
           <...>-1367  [004] ....   382.003455: do_anonymous_page: anonymous tgid 1344 1367 "android.io" 75ebe000
           <...>-1367  [004] ....   382.003471: do_anonymous_page: anonymous tgid 1344 1367 "android.io" 75ebf000
           <...>-1367  [004] ....   382.003483: do_anonymous_page: anonymous tgid 1344 1367 "android.io" 75ec0000
           <...>-1367  [004] ....   382.003495: do_anonymous_page: anonymous tgid 1344 1367 "android.io" 75ec1000
           <...>-1367  [004] ....   382.003509: do_anonymous_page: anonymous tgid 1344 1367 "android.io" 75ec2000
           <...>-1367  [004] ....   382.003521: do_anonymous_page: anonymous tgid 1344 1367 "android.io" 75ec3000
           <...>-1367  [004] ....   382.003532: do_anonymous_page: anonymous tgid 1344 1367 "android.io" 75ec4000
           <...>-1367  [004] ....   382.003547: do_anonymous_page: anonymous tgid 1344 1367 "android.io" 75ec5000
           <...>-1367  [004] ....   382.003574: do_anonymous_page: anonymous tgid 1344 1367 "android.io" 75df8000
           <...>-1367  [004] ....   382.003583: do_anonymous_page: anonymous tgid 1344 1367 "android.io" 75df9000
           <...>-1367  [004] ....   382.003591: do_anonymous_page: anonymous tgid 1344 1367 "android.io" 75dfa000
           <...>-1367  [004] ....   382.003599: do_anonymous_page: anonymous tgid 1344 1367 "android.io" 75dfb000
           <...>-1367  [004] ....   382.003607: do_anonymous_page: anonymous tgid 1344 1367 "android.io" 75dfc000
           <...>-1367  [004] ....   382.003615: do_anonymous_page: anonymous tgid 1344 1367 "android.io" 75dfd000
           <...>-1367  [004] ....   382.003622: do_anonymous_page: anonymous tgid 1344 1367 "android.io" 75dfe000
           <...>-1367  [004] ....   382.003630: do_anonymous_page: anonymous tgid 1344 1367 "android.io" 75dff000
           <...>-1367  [004] ....   382.003800: do_anonymous_page: anonymous tgid 1344 1367 "android.io" 12dc2000
 ogle.android.gm-6056  [004] ....   382.008946: do_anonymous_page: anonymous tgid 6056 6056 "ogle.android.gm" 12f14000
   Binder:2255_B-6202  [004] ....   382.009604: do_anonymous_page: anonymous tgid 2255 6202 "Binder:2255_B" 12f26000
 ogle.android.gm-6056  [004] ....   382.009924: do_anonymous_page: anonymous tgid 6056 6056 "ogle.android.gm" 12f15000
  Binder:1344_11-5087  [004] ....   382.010305: do_anonymous_page: anonymous tgid 1344 5087 "Binder:1344_11" 13f06000
 ogle.android.gm-6056  [004] ....   382.010455: do_anonymous_page: anonymous tgid 6056 6056 "ogle.android.gm" 12f16000
  Binder:1344_11-5087  [004] ....   382.010742: do_anonymous_page: anonymous tgid 1344 5087 "Binder:1344_11" 13f07000
  Binder:1344_11-5087  [004] ....   382.010969: do_anonymous_page: anonymous tgid 1344 5087 "Binder:1344_11" 7ec88e7000
 .gms.persistent-2255  [004] ....   382.011306: do_anonymous_page: anonymous tgid 2255 2255 ".gms.persistent" 14450000
   Binder:1344_2-1363  [004] ....   382.014120: do_anonymous_page: anonymous tgid 1344 1363 "Binder:1344_2" 13f8b000
           <...>-6280  [004] ....   382.014249: do_anonymous_page: anonymous tgid 2255 6280 "resolverService" 137c0000
           <...>-6280  [004] ....   382.014970: do_anonymous_page: anonymous tgid 2255 6280 "resolverService" 137c1000
 ogle.android.gm-6056  [004] ....   382.019362: do_anonymous_page: anonymous tgid 6056 6056 "ogle.android.gm" 12f17000
 ogle.android.gm-6056  [004] ....   382.019633: do_anonymous_page: anonymous tgid 6056 6056 "ogle.android.gm" 12f18000
  Binder:1344_11-5087  [004] ....   382.020105: do_anonymous_page: anonymous tgid 1344 5087 "Binder:1344_11" 13f08000
           <...>-1741  [004] ....   382.020185: do_anonymous_page: anonymous tgid 1344 1741 "SyncManager" 13880000
           <...>-1741  [004] ....   382.020391: do_anonymous_page: anonymous tgid 1344 1741 "SyncManager" 13881000
           <...>-1741  [004] ....   382.020404: do_anonymous_page: anonymous tgid 1344 1741 "SyncManager" 13882000
           <...>-1741  [004] ....   382.020420: do_anonymous_page: anonymous tgid 1344 1741 "SyncManager" 13883000
           <...>-1741  [004] ....   382.020434: do_anonymous_page: anonymous tgid 1344 1741 "SyncManager" 13884000
           <...>-1741  [004] ....   382.020446: do_anonymous_page: anonymous tgid 1344 1741 "SyncManager" 13885000
 ogle.android.gm-6056  [004] ....   382.020952: do_anonymous_page: anonymous tgid 6056 6056 "ogle.android.gm" 12f19000
 ogle.android.gm-6056  [004] ....   382.021142: do_anonymous_page: anonymous tgid 6056 6056 "ogle.android.gm" 12f1a000
 ActivityManager-1374  [004] ....   382.022139: do_anonymous_page: anonymous tgid 1344 1374 "ActivityManager" 12c4c000
           <...>-5175  [004] ....   382.022417: do_anonymous_page: anonymous tgid 1344 5175 "Binder:1344_12" 13489000
         SysUiBg-2093  [004] ....   382.022499: do_anonymous_page: anonymous tgid 1757 2093 "SysUiBg" 12e02000
 ndroid.systemui-1757  [004] ....   382.022602: do_anonymous_page: anonymous tgid 1757 1757 "ndroid.systemui" 7f2314b000
       FlpThread-5254  [004] ....   382.023293: do_anonymous_page: anonymous tgid 2255 5254 "FlpThread" 13800000
 ndroid.systemui-1757  [004] ....   382.023798: do_anonymous_page: anonymous tgid 1757 1757 "ndroid.systemui" 13029000
   Binder:1344_2-1363  [004] ....   382.024429: do_anonymous_page: anonymous tgid 1344 1363 "Binder:1344_2" 13f8c000
       FlpThread-5254  [004] ....   382.024958: do_anonymous_page: anonymous tgid 2255 5254 "FlpThread" 13801000
       FlpThread-5254  [004] ....   382.025881: do_anonymous_page: anonymous tgid 2255 5254 "FlpThread" 13802000
   Binder:1344_2-1363  [004] ....   382.026100: do_anonymous_page: anonymous tgid 1344 1363 "Binder:1344_2" 13f8d000
           <...>-812   [004] ....   382.027098: do_anonymous_page: anonymous tgid 812 812 "gnss@2.0-servic" 7fbd05b000
           <...>-1365  [004] ....   382.027201: do_anonymous_page: anonymous tgid 1344 1365 "android.fg" 140c2000
           <...>-5175  [004] ....   382.030605: do_anonymous_page: anonymous tgid 1344 5175 "Binder:1344_12" 1348a000
           <...>-3589  [004] ....   382.032098: do_anonymous_page: anonymous tgid 2255 3589 "Binder:2255_9" 13441000
 .gms.persistent-2255  [004] ....   382.032375: do_anonymous_page: anonymous tgid 2255 2255 ".gms.persistent" 14451000
 .gms.persistent-2255  [004] ....   382.032859: do_anonymous_page: anonymous tgid 2255 2255 ".gms.persistent" 14452000
 .gms.persistent-2255  [004] ....   382.033052: do_anonymous_page: anonymous tgid 2255 2255 ".gms.persistent" 7f20956000
           <...>-1365  [004] ....   382.033236: do_anonymous_page: anonymous tgid 1344 1365 "android.fg" 7e53a28000
           <...>-1365  [004] ....   382.034500: do_anonymous_page: anonymous tgid 1344 1365 "android.fg" 140c3000
 PowerManagerSer-1384  [004] ....   382.036022: do_anonymous_page: anonymous tgid 1344 1384 "PowerManagerSer" 13436000
           <...>-6097  [004] ....   382.037908: do_anonymous_page: anonymous tgid 6056 6097 "BackgroundSingl" 134c1000
           <...>-1482  [004] ....   382.040816: do_anonymous_page: anonymous tgid 1344 1482 "ranker" 138c0000
           <...>-1482  [004] ....   382.040946: do_anonymous_page: anonymous tgid 1344 1482 "ranker" 138c1000
           <...>-1482  [004] ....   382.041018: do_anonymous_page: anonymous tgid 1344 1482 "ranker" 138c2000
           <...>-1482  [004] ....   382.041038: do_anonymous_page: anonymous tgid 1344 1482 "ranker" 138c3000
           <...>-1482  [004] ....   382.041057: do_anonymous_page: anonymous tgid 1344 1482 "ranker" 138c4000
           <...>-1482  [004] ....   382.041074: do_anonymous_page: anonymous tgid 1344 1482 "ranker" 138c5000
       FlpThread-5254  [004] ....   382.043414: do_anonymous_page: anonymous tgid 2255 5254 "FlpThread" 13803000
           <...>-1367  [004] ....   382.043863: do_anonymous_page: anonymous tgid 1344 1367 "android.io" 12dc3000
           <...>-1367  [004] ....   382.044082: do_anonymous_page: anonymous tgid 1344 1367 "android.io" 75efd000
           <...>-1367  [004] ....   382.044089: do_anonymous_page: anonymous tgid 1344 1367 "android.io" 75ec7000
           <...>-1367  [004] ....   382.044132: do_anonymous_page: anonymous tgid 1344 1367 "android.io" 12dc4000
           <...>-1367  [004] .n..   382.044220: do_anonymous_page: anonymous tgid 1344 1367 "android.io" 75efe000
 ogle.android.gm-6056  [004] ....   382.044651: do_anonymous_page: anonymous tgid 6056 6056 "ogle.android.gm" 12f1b000
 .gms.persistent-2255  [004] ....   382.045265: do_anonymous_page: anonymous tgid 2255 2255 ".gms.persistent" 14453000
 .gms.persistent-2255  [004] ....   382.045364: do_anonymous_page: anonymous tgid 2255 2255 ".gms.persistent" 14454000
 ndroid.systemui-1757  [004] ....   382.045544: do_anonymous_page: anonymous tgid 1757 1757 "ndroid.systemui" 7ebc134000
 ndroid.systemui-1757  [004] ....   382.045548: do_anonymous_page: anonymous tgid 1757 1757 "ndroid.systemui" 7ebc135000
 ndroid.systemui-1757  [004] ....   382.045550: do_anonymous_page: anonymous tgid 1757 1757 "ndroid.systemui" 7ebc136000
 ndroid.systemui-1757  [004] ....   382.045557: do_anonymous_page: anonymous tgid 1757 1757 "ndroid.systemui" 7ebc137000
 ndroid.systemui-1757  [004] ....   382.045559: do_anonymous_page: anonymous tgid 1757 1757 "ndroid.systemui" 7ebc138000
 ndroid.systemui-1757  [004] ....   382.045563: do_anonymous_page: anonymous tgid 1757 1757 "ndroid.systemui" 7ebc139000
 ndroid.systemui-1757  [004] ....   382.045588: do_anonymous_page: anonymous tgid 1757 1757 "ndroid.systemui" 7f28d55000
 ndroid.systemui-1757  [004] ....   382.045590: do_anonymous_page: anonymous tgid 1757 1757 "ndroid.systemui" 7f28d56000
 ndroid.systemui-1757  [004] ....   382.045909: do_anonymous_page: anonymous tgid 1757 1757 "ndroid.systemui" 1302a000
 ndroid.systemui-1757  [004] ....   382.046348: do_anonymous_page: anonymous tgid 1757 1757 "ndroid.systemui" 1302b000
 .gms.persistent-2255  [004] ....   382.047032: do_anonymous_page: anonymous tgid 2255 2255 ".gms.persistent" 7ec45ee000
 .gms.persistent-2255  [004] ....   382.047038: do_anonymous_page: anonymous tgid 2255 2255 ".gms.persistent" 7ec45ed000
 .gms.persistent-2255  [004] ....   382.047149: do_anonymous_page: anonymous tgid 2255 2255 ".gms.persistent" 14455000
 ogle.android.gm-6056  [004] ....   382.047600: do_anonymous_page: anonymous tgid 6056 6056 "ogle.android.gm" 7ecd8cc000
 ogle.android.gm-6056  [004] ....   382.047604: do_anonymous_page: anonymous tgid 6056 6056 "ogle.android.gm" 7ecd8cd000
 ogle.android.gm-6056  [004] ....   382.047606: do_anonymous_page: anonymous tgid 6056 6056 "ogle.android.gm" 7ecd8ce000
 ogle.android.gm-6056  [004] ....   382.047608: do_anonymous_page: anonymous tgid 6056 6056 "ogle.android.gm" 7ecd8cf000
 ogle.android.gm-6056  [004] ....   382.047610: do_anonymous_page: anonymous tgid 6056 6056 "ogle.android.gm" 7ecd8d0000
 ogle.android.gm-6056  [004] ....   382.047613: do_anonymous_page: anonymous tgid 6056 6056 "ogle.android.gm" 7ecd8d1000
 ogle.android.gm-6056  [004] ....   382.047615: do_anonymous_page: anonymous tgid 6056 6056 "ogle.android.gm" 7ecd8d2000
 ogle.android.gm-6056  [004] ....   382.047617: do_anonymous_page: anonymous tgid 6056 6056 "ogle.android.gm" 7ecd8d3000
 ogle.android.gm-6056  [004] ....   382.047618: do_anonymous_page: anonymous tgid 6056 6056 "ogle.android.gm" 7ecd8d4000
 ogle.android.gm-6056  [004] ....   382.047624: do_anonymous_page: anonymous tgid 6056 6056 "ogle.android.gm" 7ecda9e000
 ogle.android.gm-6056  [004] ....   382.047626: do_anonymous_page: anonymous tgid 6056 6056 "ogle.android.gm" 7ecda9f000
 ogle.android.gm-6056  [004] ....   382.047628: do_anonymous_page: anonymous tgid 6056 6056 "ogle.android.gm" 7ecdaa0000
 ogle.android.gm-6056  [004] ....   382.047639: do_anonymous_page: anonymous tgid 6056 6056 "ogle.android.gm" 7ecdaa1000
 ogle.android.gm-6056  [004] ....   382.047641: do_anonymous_page: anonymous tgid 6056 6056 "ogle.android.gm" 7ecdaa2000
 ogle.android.gm-6056  [004] ....   382.047643: do_anonymous_page: anonymous tgid 6056 6056 "ogle.android.gm" 7ecdaa3000
 ogle.android.gm-6056  [004] ....   382.047645: do_anonymous_page: anonymous tgid 6056 6056 "ogle.android.gm" 7ecdaa4000
 ogle.android.gm-6056  [004] ....   382.047647: do_anonymous_page: anonymous tgid 6056 6056 "ogle.android.gm" 7ecdaa5000
 ogle.android.gm-6056  [004] ....   382.047649: do_anonymous_page: anonymous tgid 6056 6056 "ogle.android.gm" 7ecdaa6000
 ogle.android.gm-6056  [004] ....   382.047654: do_anonymous_page: anonymous tgid 6056 6056 "ogle.android.gm" 7ecd93d000
 ogle.android.gm-6056  [004] ....   382.047658: do_anonymous_page: anonymous tgid 6056 6056 "ogle.android.gm" 7ecd93c000
 ogle.android.gm-6056  [004] ....   382.047677: do_anonymous_page: anonymous tgid 6056 6056 "ogle.android.gm" 7eb2162000
 ogle.android.gm-6056  [004] ....   382.047684: do_anonymous_page: anonymous tgid 6056 6056 "ogle.android.gm" 7eb2163000
 ogle.android.gm-6056  [004] ....   382.047873: do_anonymous_page: anonymous tgid 6056 6056 "ogle.android.gm" 12f1c000
 ogle.android.gm-6056  [004] ....   382.048214: do_anonymous_page: anonymous tgid 6056 6056 "ogle.android.gm" 12f1d000
 ogle.android.gm-6056  [004] ....   382.048629: do_anonymous_page: anonymous tgid 6056 6056 "ogle.android.gm" 12f1e000
 ogle.android.gm-6056  [004] ....   382.048824: do_anonymous_page: anonymous tgid 6056 6056 "ogle.android.gm" 12f1f000
   Binder:1344_3-1504  [004] ....   382.049408: do_anonymous_page: anonymous tgid 1344 1504 "Binder:1344_3" 131fe000
           <...>-6096  [004] ....   382.049680: do_anonymous_page: anonymous tgid 6056 6096 "BG Thread #3" 13500000
           <...>-6096  [004] .n..   382.049704: do_anonymous_page: anonymous tgid 6056 6096 "BG Thread #3" 13501000
           <...>-6095  [004] ....   382.053914: do_anonymous_page: anonymous tgid 6056 6095 "BG Thread #2" 13540000
           <...>-6095  [004] ....   382.053930: do_anonymous_page: anonymous tgid 6056 6095 "BG Thread #2" 13541000
           <...>-6095  [004] ....   382.053938: do_anonymous_page: anonymous tgid 6056 6095 "BG Thread #2" 13542000
           <...>-6096  [004] ....   382.054345: do_anonymous_page: anonymous tgid 6056 6096 "BG Thread #3" 13502000
           <...>-6092  [004] ....   382.054378: do_anonymous_page: anonymous tgid 6056 6092 "BG Thread #0" 13580000
           <...>-6092  [004] ....   382.054390: do_anonymous_page: anonymous tgid 6056 6092 "BG Thread #0" 13581000
           <...>-6092  [004] ....   382.054398: do_anonymous_page: anonymous tgid 6056 6092 "BG Thread #0" 13582000
 ogle.android.gm-6056  [004] ....   382.054881: do_anonymous_page: anonymous tgid 6056 6056 "ogle.android.gm" 12f20000
 ogle.android.gm-6056  [004] ....   382.056597: do_anonymous_page: anonymous tgid 6056 6056 "ogle.android.gm" 12f21000
 ogle.android.gm-6056  [004] ....   382.056725: do_anonymous_page: anonymous tgid 6056 6056 "ogle.android.gm" 12f22000
 ogle.android.gm-6056  [004] ....   382.057022: do_anonymous_page: anonymous tgid 6056 6056 "ogle.android.gm" 12f23000
 ogle.android.gm-6056  [004] ....   382.057219: do_anonymous_page: anonymous tgid 6056 6056 "ogle.android.gm" 12f24000
 ogle.android.gm-6056  [004] ....   382.057562: do_anonymous_page: anonymous tgid 6056 6056 "ogle.android.gm" 12f25000
 ogle.android.gm-6056  [004] ....   382.057699: do_anonymous_page: anonymous tgid 6056 6056 "ogle.android.gm" 12f26000
 ogle.android.gm-6056  [004] ....   382.057855: do_anonymous_page: anonymous tgid 6056 6056 "ogle.android.gm" 12f27000
 ogle.android.gm-6056  [004] ....   382.057976: do_anonymous_page: anonymous tgid 6056 6056 "ogle.android.gm" 12f28000
 ogle.android.gm-6056  [004] ....   382.058097: do_anonymous_page: anonymous tgid 6056 6056 "ogle.android.gm" 12f29000
 ogle.android.gm-6056  [004] ....   382.058283: do_anonymous_page: anonymous tgid 6056 6056 "ogle.android.gm" 12f2a000
 ogle.android.gm-6056  [004] ....   382.059592: do_anonymous_page: anonymous tgid 6056 6056 "ogle.android.gm" 12f2b000
 ogle.android.gm-6056  [004] ....   382.059826: do_anonymous_page: anonymous tgid 6056 6056 "ogle.android.gm" 12f2c000
 ogle.android.gm-6056  [004] ....   382.059983: do_anonymous_page: anonymous tgid 6056 6056 "ogle.android.gm" 12f2d000
 ogle.android.gm-6056  [004] ....   382.060182: do_anonymous_page: anonymous tgid 6056 6056 "ogle.android.gm" 12f2e000
 ogle.android.gm-6056  [004] ....   382.060298: do_anonymous_page: anonymous tgid 6056 6056 "ogle.android.gm" 12f2f000
 ogle.android.gm-6056  [004] ....   382.060432: do_anonymous_page: anonymous tgid 6056 6056 "ogle.android.gm" 12f30000
 ogle.android.gm-6056  [004] ....   382.060628: do_anonymous_page: anonymous tgid 6056 6056 "ogle.android.gm" 12f31000
 ogle.android.gm-6056  [004] ....   382.060747: do_anonymous_page: anonymous tgid 6056 6056 "ogle.android.gm" 12f32000
           <...>-600   [004] ....   382.061209: do_anonymous_page: anonymous tgid 600 600 "surfaceflinger" 7fb7595000
           <...>-600   [004] ....   382.061226: do_anonymous_page: anonymous tgid 600 600 "surfaceflinger" 7fb7595000
           <...>-600   [004] ....   382.061246: do_anonymous_page: anonymous tgid 600 600 "surfaceflinger" 7fb7595000
           <...>-600   [004] ....   382.061293: do_anonymous_page: anonymous tgid 600 600 "surfaceflinger" 7fb7595000
           <...>-2320  [004] ....   382.064262: do_anonymous_page: anonymous tgid 600 2320 "Binder:600_5" 7fb7595000
           <...>-760   [004] ....   382.066979: do_anonymous_page: anonymous tgid 600 760 "Binder:600_3" 7fba61d000
           <...>-760   [004] ....   382.067135: do_anonymous_page: anonymous tgid 600 760 "Binder:600_3" 7fba644000
    RenderThread-6124  [004] ....   382.067216: do_anonymous_page: anonymous tgid 6056 6124 "RenderThread" 135c0000
    RenderThread-6124  [004] ....   382.067239: do_anonymous_page: anonymous tgid 6056 6124 "RenderThread" 7f308af000
   Binder:1344_3-1504  [004] ....   382.067871: do_anonymous_page: anonymous tgid 1344 1504 "Binder:1344_3" 131ff000
  UiThreadHelper-2084  [004] ....   382.068342: do_anonymous_page: anonymous tgid 2042 2084 "UiThreadHelper" 12e1b000
 ogle.android.gm-6056  [004] ....   382.070384: do_anonymous_page: anonymous tgid 6056 6056 "ogle.android.gm" 7fbbf4d000
   Binder:2255_B-6202  [004] ....   382.070774: do_anonymous_page: anonymous tgid 2255 6202 "Binder:2255_B" 12f27000
           <...>-1369  [004] ....   382.071157: do_anonymous_page: anonymous tgid 1344 1369 "android.anim" 1360c000
           <...>-2434  [004] ....   382.071277: do_anonymous_page: anonymous tgid 1344 2434 "backup-0" 13940000
           <...>-3773  [004] ....   382.071309: do_anonymous_page: anonymous tgid 1344 3773 "Binder:1344_D" 7f23653000
           <...>-3773  [004] ....   382.071322: do_anonymous_page: anonymous tgid 1344 3773 "Binder:1344_D" 139c0000
           <...>-625   [004] ....   382.071438: do_anonymous_page: anonymous tgid 600 625 "Binder:600_1" 7fba6a1000
           <...>-625   [004] ....   382.071442: do_anonymous_page: anonymous tgid 600 625 "Binder:600_1" 7fba69f000
           <...>-625   [004] ....   382.071449: do_anonymous_page: anonymous tgid 600 625 "Binder:600_1" 7fba6a0000
           <...>-600   [004] ....   382.072242: do_anonymous_page: anonymous tgid 600 600 "surfaceflinger" 7faa795000
           <...>-600   [004] ....   382.072386: do_anonymous_page: anonymous tgid 600 600 "surfaceflinger" 7fb7550000
           <...>-600   [004] ....   382.072389: do_anonymous_page: anonymous tgid 600 600 "surfaceflinger" 7fb7551000
 composer@2.3-se-604   [004] ....   382.072909: do_anonymous_page: anonymous tgid 604 604 "composer@2.3-se" 7fb444a000
 composer@2.3-se-604   [004] ....   382.072929: do_anonymous_page: anonymous tgid 604 604 "composer@2.3-se" 7fbcf2f000
 composer@2.3-se-604   [004] ....   382.073080: do_anonymous_page: anonymous tgid 604 604 "composer@2.3-se" 7fb4451000
 composer@2.3-se-604   [004] ....   382.073083: do_anonymous_page: anonymous tgid 604 604 "composer@2.3-se" 7fb4452000
 composer@2.3-se-604   [004] ....   382.073088: do_anonymous_page: anonymous tgid 604 604 "composer@2.3-se" 7fb4453000
 composer@2.3-se-604   [004] ....   382.073090: do_anonymous_page: anonymous tgid 604 604 "composer@2.3-se" 7fb4454000
 composer@2.3-se-604   [004] ....   382.073093: do_anonymous_page: anonymous tgid 604 604 "composer@2.3-se" 7fb4455000
 composer@2.3-se-604   [004] ....   382.073101: do_anonymous_page: anonymous tgid 604 604 "composer@2.3-se" 7fb4456000
 composer@2.3-se-604   [004] ....   382.073103: do_anonymous_page: anonymous tgid 604 604 "composer@2.3-se" 7fb4457000
 composer@2.3-se-604   [004] ....   382.073214: do_anonymous_page: anonymous tgid 604 604 "composer@2.3-se" 7fbce81000
 composer@2.3-se-604   [004] ....   382.073228: do_anonymous_page: anonymous tgid 604 604 "composer@2.3-se" 7fb4459000
           <...>-1370  [004] ....   382.074765: do_anonymous_page: anonymous tgid 1344 1370 "android.anim.lf" 7ec8923000
           <...>-1369  [004] ....   382.075995: do_anonymous_page: anonymous tgid 1344 1369 "android.anim" 1360d000
           <...>-626   [004] ....   382.076158: do_anonymous_page: anonymous tgid 600 626 "Binder:600_2" 7fb7596000
           <...>-3972  [004] ....   382.076888: do_anonymous_page: anonymous tgid 1344 3972 "Binder:1344_10" 13747000
 ogle.android.gm-6056  [004] ....   382.078070: do_anonymous_page: anonymous tgid 6056 6056 "ogle.android.gm" 12f33000
 ogle.android.gm-6056  [004] ....   382.078279: do_anonymous_page: anonymous tgid 6056 6056 "ogle.android.gm" 12f34000
  Binder:1344_11-5087  [004] ....   382.078537: do_anonymous_page: anonymous tgid 1344 5087 "Binder:1344_11" 13f09000
 ogle.android.gm-6056  [004] ....   382.078724: do_anonymous_page: anonymous tgid 6056 6056 "ogle.android.gm" 12f35000
 ogle.android.gm-6056  [004] ....   382.078826: do_anonymous_page: anonymous tgid 6056 6056 "ogle.android.gm" 12f36000
 ogle.android.gm-6056  [004] ....   382.078893: do_anonymous_page: anonymous tgid 6056 6056 "ogle.android.gm" 12f37000
 ogle.android.gm-6056  [004] ....   382.079384: do_anonymous_page: anonymous tgid 6056 6056 "ogle.android.gm" 12f38000
 ogle.android.gm-6056  [004] ....   382.080118: do_anonymous_page: anonymous tgid 6056 6056 "ogle.android.gm" 7f28b64000
 ogle.android.gm-6056  [004] ....   382.080150: do_anonymous_page: anonymous tgid 6056 6056 "ogle.android.gm" 7f28b65000
 ogle.android.gm-6056  [004] ....   382.080249: do_anonymous_page: anonymous tgid 6056 6056 "ogle.android.gm" 7ecd935000
 ogle.android.gm-6056  [004] ....   382.080253: do_anonymous_page: anonymous tgid 6056 6056 "ogle.android.gm" 7ecd936000
 ogle.android.gm-6056  [004] ....   382.080279: do_anonymous_page: anonymous tgid 6056 6056 "ogle.android.gm" 7ecd937000
 ogle.android.gm-6056  [004] ....   382.080296: do_anonymous_page: anonymous tgid 6056 6056 "ogle.android.gm" 7ecd938000
 ogle.android.gm-6056  [004] ....   382.080302: do_anonymous_page: anonymous tgid 6056 6056 "ogle.android.gm" 7ecd939000
 ogle.android.gm-6056  [004] ....   382.080389: do_anonymous_page: anonymous tgid 6056 6056 "ogle.android.gm" 7ecda0f000
 ogle.android.gm-6056  [004] ....   382.080393: do_anonymous_page: anonymous tgid 6056 6056 "ogle.android.gm" 7ecda10000
 ogle.android.gm-6056  [004] ....   382.080433: do_anonymous_page: anonymous tgid 6056 6056 "ogle.android.gm" 7ecda11000
 ogle.android.gm-6056  [004] ....   382.080519: do_anonymous_page: anonymous tgid 6056 6056 "ogle.android.gm" 12f39000
 ogle.android.gm-6056  [004] ....   382.080559: do_anonymous_page: anonymous tgid 6056 6056 "ogle.android.gm" 7ecda12000
           <...>-6115  [004] ....   382.080712: do_anonymous_page: anonymous tgid 6056 6115 "Lite Thread #4" 12dc1000
           <...>-6115  [004] ....   382.080728: do_anonymous_page: anonymous tgid 6056 6115 "Lite Thread #4" 12dc2000
           <...>-5922  [004] ....   382.080842: do_anonymous_page: anonymous tgid 5707 5922 "Binder:5707_6" 7eb47c2000
           <...>-600   [004] ....   382.083469: do_anonymous_page: anonymous tgid 600 600 "surfaceflinger" 7faa796000
 composer@2.3-se-604   [004] ....   382.084026: do_anonymous_page: anonymous tgid 604 604 "composer@2.3-se" 7fb444b000
           <...>-760   [004] ....   382.085900: do_anonymous_page: anonymous tgid 600 760 "Binder:600_3" 7fba645000
           <...>-1367  [004] ....   382.087414: do_anonymous_page: anonymous tgid 1344 1367 "android.io" 75eff000
           <...>-1367  [004] ....   382.087454: do_anonymous_page: anonymous tgid 1344 1367 "android.io" 75f00000
           <...>-1367  [004] ....   382.087479: do_anonymous_page: anonymous tgid 1344 1367 "android.io" 75f01000
           <...>-1367  [004] ....   382.087493: do_anonymous_page: anonymous tgid 1344 1367 "android.io" 75f02000
           <...>-1367  [004] ....   382.087510: do_anonymous_page: anonymous tgid 1344 1367 "android.io" 75f03000
           <...>-1367  [004] ....   382.087525: do_anonymous_page: anonymous tgid 1344 1367 "android.io" 75f04000
           <...>-1367  [004] ....   382.087545: do_anonymous_page: anonymous tgid 1344 1367 "android.io" 75f05000
           <...>-1367  [004] ....   382.087563: do_anonymous_page: anonymous tgid 1344 1367 "android.io" 75f06000
           <...>-1367  [004] ....   382.087576: do_anonymous_page: anonymous tgid 1344 1367 "android.io" 75f07000
           <...>-1367  [004] ....   382.087589: do_anonymous_page: anonymous tgid 1344 1367 "android.io" 75f08000
           <...>-1367  [004] ....   382.087636: do_anonymous_page: anonymous tgid 1344 1367 "android.io" 75f09000
           <...>-1367  [004] ....   382.087650: do_anonymous_page: anonymous tgid 1344 1367 "android.io" 75f0a000
           <...>-1367  [004] ....   382.087662: do_anonymous_page: anonymous tgid 1344 1367 "android.io" 75f0b000
           <...>-1367  [004] ....   382.087680: do_anonymous_page: anonymous tgid 1344 1367 "android.io" 75f0c000
           <...>-1367  [004] ....   382.087714: do_anonymous_page: anonymous tgid 1344 1367 "android.io" 75ec8000
           <...>-1367  [004] ....   382.087721: do_anonymous_page: anonymous tgid 1344 1367 "android.io" 75ec9000
           <...>-1367  [004] ....   382.087730: do_anonymous_page: anonymous tgid 1344 1367 "android.io" 75eca000
           <...>-1367  [004] ....   382.087739: do_anonymous_page: anonymous tgid 1344 1367 "android.io" 75ecb000
           <...>-1367  [004] ....   382.087748: do_anonymous_page: anonymous tgid 1344 1367 "android.io" 75ecc000
           <...>-1367  [004] ....   382.087756: do_anonymous_page: anonymous tgid 1344 1367 "android.io" 75ecd000
           <...>-1367  [004] ....   382.087764: do_anonymous_page: anonymous tgid 1344 1367 "android.io" 75ece000
           <...>-1367  [004] ....   382.087773: do_anonymous_page: anonymous tgid 1344 1367 "android.io" 75ecf000
 ogle.android.gm-6056  [004] ....   382.088627: do_anonymous_page: anonymous tgid 6056 6056 "ogle.android.gm" 12f3a000
 ogle.android.gm-6056  [004] ....   382.088720: do_anonymous_page: anonymous tgid 6056 6056 "ogle.android.gm" 12f3b000
 ogle.android.gm-6056  [004] ....   382.088755: do_anonymous_page: anonymous tgid 6056 6056 "ogle.android.gm" 12f3c000
 ogle.android.gm-6056  [004] ....   382.088869: do_anonymous_page: anonymous tgid 6056 6056 "ogle.android.gm" 12f3d000
 ogle.android.gm-6056  [004] ....   382.089227: do_anonymous_page: anonymous tgid 6056 6056 "ogle.android.gm" 12f3e000
 ogle.android.gm-6056  [004] ....   382.089450: do_anonymous_page: anonymous tgid 6056 6056 "ogle.android.gm" 7e92cc1000
 ogle.android.gm-6056  [004] ....   382.089648: do_anonymous_page: anonymous tgid 6056 6056 "ogle.android.gm" 12f3f000
 ogle.android.gm-6056  [004] ....   382.089752: do_anonymous_page: anonymous tgid 6056 6056 "ogle.android.gm" 7f295c6000
 ogle.android.gm-6056  [004] ....   382.089765: do_anonymous_page: anonymous tgid 6056 6056 "ogle.android.gm" 7f295c5000
 ogle.android.gm-6056  [004] ....   382.089855: do_anonymous_page: anonymous tgid 6056 6056 "ogle.android.gm" 13600000
           <...>-6095  [004] ....   382.090098: do_anonymous_page: anonymous tgid 6056 6095 "BG Thread #2" 13543000
           <...>-6095  [004] ....   382.090152: do_anonymous_page: anonymous tgid 6056 6095 "BG Thread #2" 13544000
           <...>-6095  [004] ....   382.090193: do_anonymous_page: anonymous tgid 6056 6095 "BG Thread #2" 13545000
           <...>-6095  [004] ....   382.090236: do_anonymous_page: anonymous tgid 6056 6095 "BG Thread #2" 13546000
           <...>-6095  [004] ....   382.090278: do_anonymous_page: anonymous tgid 6056 6095 "BG Thread #2" 13547000
           <...>-6095  [004] ....   382.090315: do_anonymous_page: anonymous tgid 6056 6095 "BG Thread #2" 13548000
           <...>-6095  [004] ....   382.090346: do_anonymous_page: anonymous tgid 6056 6095 "BG Thread #2" 13549000
 ogle.android.gm-6056  [004] ....   382.090841: do_anonymous_page: anonymous tgid 6056 6056 "ogle.android.gm" 7ecda13000
 ogle.android.gm-6056  [004] ....   382.090850: do_anonymous_page: anonymous tgid 6056 6056 "ogle.android.gm" 7ecda14000
 ogle.android.gm-6056  [004] ....   382.090854: do_anonymous_page: anonymous tgid 6056 6056 "ogle.android.gm" 7ecda1f000
 ogle.android.gm-6056  [004] ....   382.090915: do_anonymous_page: anonymous tgid 6056 6056 "ogle.android.gm" 7eb227c000
 ogle.android.gm-6056  [004] ....   382.090929: do_anonymous_page: anonymous tgid 6056 6056 "ogle.android.gm" 7e550f2000
 ogle.android.gm-6056  [004] ....   382.090933: do_anonymous_page: anonymous tgid 6056 6056 "ogle.android.gm" 7e551c3000
 ogle.android.gm-6056  [004] ....   382.090939: do_anonymous_page: anonymous tgid 6056 6056 "ogle.android.gm" 7e551c4000
 ogle.android.gm-6056  [004] ....   382.090946: do_anonymous_page: anonymous tgid 6056 6056 "ogle.android.gm" 7e551c5000
 ogle.android.gm-6056  [004] ....   382.090954: do_anonymous_page: anonymous tgid 6056 6056 "ogle.android.gm" 7e551c6000
 ogle.android.gm-6056  [004] ....   382.090961: do_anonymous_page: anonymous tgid 6056 6056 "ogle.android.gm" 7e551c7000
 ogle.android.gm-6056  [004] ....   382.091010: do_anonymous_page: anonymous tgid 6056 6056 "ogle.android.gm" 7e552f8000
 ogle.android.gm-6056  [004] ....   382.091016: do_anonymous_page: anonymous tgid 6056 6056 "ogle.android.gm" 7e552f9000
 ogle.android.gm-6056  [004] ....   382.091032: do_anonymous_page: anonymous tgid 6056 6056 "ogle.android.gm" 7e552fa000
 ogle.android.gm-6056  [004] ....   382.091040: do_anonymous_page: anonymous tgid 6056 6056 "ogle.android.gm" 7e552fb000
 ogle.android.gm-6056  [004] ....   382.091047: do_anonymous_page: anonymous tgid 6056 6056 "ogle.android.gm" 7e552fc000
 ogle.android.gm-6056  [004] ....   382.091052: do_anonymous_page: anonymous tgid 6056 6056 "ogle.android.gm" 7e552fd000
 ogle.android.gm-6056  [004] ....   382.091057: do_anonymous_page: anonymous tgid 6056 6056 "ogle.android.gm" 7e552fe000
 ogle.android.gm-6056  [004] ....   382.091060: do_anonymous_page: anonymous tgid 6056 6056 "ogle.android.gm" 7e552ff000
           <...>-600   [004] ....   382.096676: do_anonymous_page: anonymous tgid 600 600 "surfaceflinger" 7fb7598000
           <...>-1367  [004] ....   382.098814: do_anonymous_page: anonymous tgid 1344 1367 "android.io" 12dc5000
 ndroid.systemui-1757  [004] ....   382.099288: do_anonymous_page: anonymous tgid 1757 1757 "ndroid.systemui" 7ec7dd5000
 ndroid.systemui-1757  [004] ....   382.101067: do_anonymous_page: anonymous tgid 1757 1757 "ndroid.systemui" 1302c000
 ndroid.systemui-1757  [004] ....   382.101230: do_anonymous_page: anonymous tgid 1757 1757 "ndroid.systemui" 1302d000
           <...>-6081  [004] ....   382.101650: do_anonymous_page: anonymous tgid 6056 6081 "queued-work-loo" 13640000
           <...>-1367  [004] ....   382.103143: do_anonymous_page: anonymous tgid 1344 1367 "android.io" 12dc6000
           <...>-5175  [004] ....   382.104056: do_anonymous_page: anonymous tgid 1344 5175 "Binder:1344_12" 1348b000
 HwBinder:1344_2-1456  [004] ....   382.104783: do_anonymous_page: anonymous tgid 1344 1456 "HwBinder:1344_2" 132c5000
 ActivityManager-1374  [004] ....   382.105136: do_anonymous_page: anonymous tgid 1344 1374 "ActivityManager" 12c4d000
 LacrimaBroadcas-5876  [004] ....   382.105553: do_anonymous_page: anonymous tgid 5748 5876 "LacrimaBroadcas" 12e06000
 ndroid.systemui-1757  [004] ....   382.110900: do_anonymous_page: anonymous tgid 1757 1757 "ndroid.systemui" 1302e000
 ndroid.systemui-1757  [004] ....   382.111131: do_anonymous_page: anonymous tgid 1757 1757 "ndroid.systemui" 1302f000
 ndroid.systemui-1757  [004] ....   382.111242: do_anonymous_page: anonymous tgid 1757 1757 "ndroid.systemui" 13030000
           <...>-1667  [004] ....   382.112536: do_anonymous_page: anonymous tgid 1344 1667 "pool-3-thread-1" 13a40000
 HwBinder:1344_2-1456  [004] ....   382.113849: do_anonymous_page: anonymous tgid 1344 1456 "HwBinder:1344_2" 132c6000
       FlpThread-5254  [004] ....   382.114042: do_anonymous_page: anonymous tgid 2255 5254 "FlpThread" 13804000
  Binder:1344_11-5087  [004] ....   382.114165: do_anonymous_page: anonymous tgid 1344 5087 "Binder:1344_11" 13f0a000
  Binder:1344_11-5087  [004] ....   382.114962: do_anonymous_page: anonymous tgid 1344 5087 "Binder:1344_11" 13f0b000
  Binder:1344_11-5087  [004] ....   382.115781: do_anonymous_page: anonymous tgid 1344 5087 "Binder:1344_11" 13f0c000
   Binder:1344_2-1363  [004] ....   382.115861: do_anonymous_page: anonymous tgid 1344 1363 "Binder:1344_2" 13f8e000
           <...>-5175  [004] ....   382.116089: do_anonymous_page: anonymous tgid 1344 5175 "Binder:1344_12" 1348c000
           <...>-5175  [004] ....   382.116151: do_anonymous_page: anonymous tgid 1344 5175 "Binder:1344_12" 1348d000
       FlpThread-5254  [004] ....   382.116236: do_anonymous_page: anonymous tgid 2255 5254 "FlpThread" 13805000
   Binder:2255_B-6202  [004] ....   382.121266: do_anonymous_page: anonymous tgid 2255 6202 "Binder:2255_B" 12f28000
   Binder:2255_B-6202  [004] ....   382.121319: do_anonymous_page: anonymous tgid 2255 6202 "Binder:2255_B" 12f29000
   Binder:1344_2-1363  [004] ....   382.122069: do_anonymous_page: anonymous tgid 1344 1363 "Binder:1344_2" 13f8f000
 .gms.persistent-2255  [004] ....   382.122787: do_anonymous_page: anonymous tgid 2255 2255 ".gms.persistent" 14456000
 .gms.persistent-2255  [004] ....   382.122854: do_anonymous_page: anonymous tgid 2255 2255 ".gms.persistent" 7ec424e000
 .gms.persistent-2255  [004] ....   382.122858: do_anonymous_page: anonymous tgid 2255 2255 ".gms.persistent" 7ec424d000
 ndroid.systemui-1757  [004] ....   382.126965: do_anonymous_page: anonymous tgid 1757 1757 "ndroid.systemui" 13031000
    RenderThread-2151  [004] ....   382.131000: do_anonymous_page: anonymous tgid 1757 2151 "RenderThread" 7eca3c5000
    RenderThread-2151  [004] ....   382.131358: do_anonymous_page: anonymous tgid 1757 2151 "RenderThread" 7f2d7a2000
    RenderThread-2151  [004] ....   382.131378: do_anonymous_page: anonymous tgid 1757 2151 "RenderThread" 7f2d7bd000
    RenderThread-2151  [004] ....   382.131411: do_anonymous_page: anonymous tgid 1757 2151 "RenderThread" 7eb421d000
    RenderThread-2151  [004] ....   382.131416: do_anonymous_page: anonymous tgid 1757 2151 "RenderThread" 7eca3c6000
   Binder:1344_2-1363  [004] .n..   382.133152: do_anonymous_page: anonymous tgid 1344 1363 "Binder:1344_2" 13f90000
   Binder:2255_B-6202  [004] ....   382.133855: do_anonymous_page: anonymous tgid 2255 6202 "Binder:2255_B" 12f2a000
           <...>-1482  [004] ....   382.134523: do_anonymous_page: anonymous tgid 1344 1482 "ranker" 138c6000
           <...>-1482  [004] ....   382.134651: do_anonymous_page: anonymous tgid 1344 1482 "ranker" 138c7000
           <...>-1482  [004] ....   382.134683: do_anonymous_page: anonymous tgid 1344 1482 "ranker" 138c8000
           <...>-1482  [004] ....   382.134702: do_anonymous_page: anonymous tgid 1344 1482 "ranker" 138c9000
           <...>-1482  [004] ....   382.134721: do_anonymous_page: anonymous tgid 1344 1482 "ranker" 138ca000
           <...>-6516  [004] ....   382.134837: do_anonymous_page: anonymous tgid 2255 6516 "SharedPreferenc" 7f30a80000
           <...>-6516  [004] ....   382.134848: do_anonymous_page: anonymous tgid 2255 6516 "SharedPreferenc" 7ec424b000
           <...>-6516  [004] ....   382.134870: do_anonymous_page: anonymous tgid 2255 6516 "SharedPreferenc" 13840000
           <...>-6516  [004] ....   382.134937: do_anonymous_page: anonymous tgid 2255 6516 "SharedPreferenc" 7ec424c000
           <...>-6516  [004] ....   382.134941: do_anonymous_page: anonymous tgid 2255 6516 "SharedPreferenc" 7ec424a000
    RenderThread-2151  [004] ....   382.136357: do_anonymous_page: anonymous tgid 1757 2151 "RenderThread" 7eca3c5000
    RenderThread-2151  [004] ....   382.136587: do_anonymous_page: anonymous tgid 1757 2151 "RenderThread" 7f2d7a2000
    RenderThread-2151  [004] ....   382.136635: do_anonymous_page: anonymous tgid 1757 2151 "RenderThread" 7f2d7bd000
    RenderThread-2151  [004] ....   382.136667: do_anonymous_page: anonymous tgid 1757 2151 "RenderThread" 7eb421d000
           <...>-6513  [004] ....   382.137882: do_anonymous_page: anonymous tgid 6056 6513 "ObjectCursorLoa" 7f296cd000
           <...>-6514  [004] ....   382.138085: do_anonymous_page: anonymous tgid 2255 6514 "GoogleLocationS" 7f30b6e000
           <...>-6514  [004] ....   382.138096: do_anonymous_page: anonymous tgid 2255 6514 "GoogleLocationS" 7ec45eb000
           <...>-6514  [004] ....   382.138115: do_anonymous_page: anonymous tgid 2255 6514 "GoogleLocationS" 13a40000
           <...>-6514  [004] ....   382.138142: do_anonymous_page: anonymous tgid 2255 6514 "GoogleLocationS" 7ec45ec000
 .gms.persistent-2255  [004] ....   382.138209: do_anonymous_page: anonymous tgid 2255 2255 ".gms.persistent" 7f20957000
 .gms.persistent-2255  [004] ....   382.138368: do_anonymous_page: anonymous tgid 2255 2255 ".gms.persistent" 14457000
           <...>-6512  [004] ....   382.138672: do_anonymous_page: anonymous tgid 6056 6512 "Blocking Thread" 7f297d6000
           <...>-6513  [004] ....   382.138712: do_anonymous_page: anonymous tgid 6056 6513 "ObjectCursorLoa" 7fbc360000
           <...>-6513  [004] ....   382.138720: do_anonymous_page: anonymous tgid 6056 6513 "ObjectCursorLoa" 7f296cc000
           <...>-6513  [004] ....   382.138832: do_anonymous_page: anonymous tgid 6056 6513 "ObjectCursorLoa" 13680000
           <...>-6513  [004] ....   382.138888: do_anonymous_page: anonymous tgid 6056 6513 "ObjectCursorLoa" 7f296cb000
 ogle.android.gm-6056  [004] ....   382.139107: do_anonymous_page: anonymous tgid 6056 6056 "ogle.android.gm" 13601000
 .gms.persistent-2255  [004] ....   382.141912: do_anonymous_page: anonymous tgid 2255 2255 ".gms.persistent" 14458000
 .gms.persistent-2255  [004] ....   382.142348: do_anonymous_page: anonymous tgid 2255 2255 ".gms.persistent" 7f20958000
 .gms.persistent-2255  [004] ....   382.142585: do_anonymous_page: anonymous tgid 2255 2255 ".gms.persistent" 14459000
 .gms.persistent-2255  [004] ....   382.142616: do_anonymous_page: anonymous tgid 2255 2255 ".gms.persistent" 7f20959000
 .gms.persistent-2255  [004] ....   382.142797: do_anonymous_page: anonymous tgid 2255 2255 ".gms.persistent" 1445a000
 .gms.persistent-2255  [004] ....   382.143073: do_anonymous_page: anonymous tgid 2255 2255 ".gms.persistent" 1445b000
           <...>-3589  [004] ....   382.144060: do_anonymous_page: anonymous tgid 2255 3589 "Binder:2255_9" 13442000
 GoogleApiHandle-2677  [004] ....   382.144155: do_anonymous_page: anonymous tgid 2255 2677 "GoogleApiHandle" 12cda000
           <...>-5175  [004] ....   382.144718: do_anonymous_page: anonymous tgid 1344 5175 "Binder:1344_12" 1348e000
           <...>-6512  [004] ....   382.145091: do_anonymous_page: anonymous tgid 6056 6512 "Blocking Thread" 7fbdc91000
           <...>-6512  [004] ....   382.145102: do_anonymous_page: anonymous tgid 6056 6512 "Blocking Thread" 7f297d5000
           <...>-6510  [004] ....   382.145245: do_anonymous_page: anonymous tgid 6056 6510 "GAC_Executor[2]" 7fbdd27000
           <...>-6510  [004] ....   382.145252: do_anonymous_page: anonymous tgid 6056 6510 "GAC_Executor[2]" 7f299e7000
           <...>-6510  [004] ....   382.145275: do_anonymous_page: anonymous tgid 6056 6510 "GAC_Executor[2]" 136c0000
           <...>-6510  [004] ....   382.145316: do_anonymous_page: anonymous tgid 6056 6510 "GAC_Executor[2]" 7f299e8000
 HwBinder:1344_2-1456  [004] ....   382.146310: do_anonymous_page: anonymous tgid 1344 1456 "HwBinder:1344_2" 132c7000
           <...>-6511  [004] ....   382.146862: do_anonymous_page: anonymous tgid 6056 6511 "ObjectCursorLoa" 7f298df000
    RenderThread-2151  [004] ....   382.148211: do_anonymous_page: anonymous tgid 1757 2151 "RenderThread" 7eca3ca000
    RenderThread-2151  [004] ....   382.148496: do_anonymous_page: anonymous tgid 1757 2151 "RenderThread" 7eca3c5000
 HwBinder:1344_2-1456  [004] ....   382.148854: do_anonymous_page: anonymous tgid 1344 1456 "HwBinder:1344_2" 132c8000
    RenderThread-2151  [004] ....   382.149251: do_anonymous_page: anonymous tgid 1757 2151 "RenderThread" 7eca016000
    RenderThread-2151  [004] ....   382.149272: do_anonymous_page: anonymous tgid 1757 2151 "RenderThread" 7eca24c000
    RenderThread-2151  [004] ....   382.149281: do_anonymous_page: anonymous tgid 1757 2151 "RenderThread" 7f2d79f000
    RenderThread-2151  [004] ....   382.149309: do_anonymous_page: anonymous tgid 1757 2151 "RenderThread" 7eb421d000
 .gms.persistent-2255  [004] ....   382.150135: do_anonymous_page: anonymous tgid 2255 2255 ".gms.persistent" 1445c000
   Binder:1344_2-1363  [004] ....   382.153033: do_anonymous_page: anonymous tgid 1344 1363 "Binder:1344_2" 13f91000
 .gms.persistent-2255  [004] ....   382.153256: do_anonymous_page: anonymous tgid 2255 2255 ".gms.persistent" 1445d000
 .gms.persistent-2255  [004] ....   382.153597: do_anonymous_page: anonymous tgid 2255 2255 ".gms.persistent" 1445e000
 .gms.persistent-2255  [004] ....   382.154347: do_anonymous_page: anonymous tgid 2255 2255 ".gms.persistent" 7f2095a000
           <...>-6515  [004] ....   382.154731: do_anonymous_page: anonymous tgid 6056 6515 "services-3-22" 7fbc35e000
           <...>-6515  [004] ....   382.154743: do_anonymous_page: anonymous tgid 6056 6515 "services-3-22" 7f295c3000
           <...>-6515  [004] ....   382.154781: do_anonymous_page: anonymous tgid 6056 6515 "services-3-22" 13700000
           <...>-6515  [004] ....   382.154805: do_anonymous_page: anonymous tgid 6056 6515 "services-3-22" 7f295c4000
           <...>-6515  [004] ....   382.154822: do_anonymous_page: anonymous tgid 6056 6515 "services-3-22" 7f295c2000
           <...>-6515  [004] ....   382.154902: do_anonymous_page: anonymous tgid 6056 6515 "services-3-22" 7f294bd000
           <...>-6515  [004] ....   382.154905: do_anonymous_page: anonymous tgid 6056 6515 "services-3-22" 7f294bc000
           <...>-6509  [004] ....   382.155024: do_anonymous_page: anonymous tgid 6056 6509 "services-3-21" 7fbe06c000
           <...>-6509  [004] ....   382.155031: do_anonymous_page: anonymous tgid 6056 6509 "services-3-21" 7f29af0000
           <...>-6509  [004] ....   382.155041: do_anonymous_page: anonymous tgid 6056 6509 "services-3-21" 13740000
           <...>-6509  [004] ....   382.155048: do_anonymous_page: anonymous tgid 6056 6509 "services-3-21" 7f29af1000
           <...>-6509  [004] ....   382.155055: do_anonymous_page: anonymous tgid 6056 6509 "services-3-21" 7f29aef000
 ogle.android.gm-6056  [004] ....   382.155354: do_anonymous_page: anonymous tgid 6056 6056 "ogle.android.gm" 13602000
    RenderThread-2151  [004] ....   382.159365: do_anonymous_page: anonymous tgid 1757 2151 "RenderThread" 7f2d66c000
    RenderThread-2151  [004] ....   382.159538: do_anonymous_page: anonymous tgid 1757 2151 "RenderThread" 7eca3c5000
    RenderThread-2151  [004] ....   382.159545: do_anonymous_page: anonymous tgid 1757 2151 "RenderThread" 7eca3c6000
    RenderThread-2151  [004] ....   382.159777: do_anonymous_page: anonymous tgid 1757 2151 "RenderThread" 7ec9fb9000
    RenderThread-2151  [004] ....   382.159796: do_anonymous_page: anonymous tgid 1757 2151 "RenderThread" 7eca016000
    RenderThread-2151  [004] ....   382.159828: do_anonymous_page: anonymous tgid 1757 2151 "RenderThread" 7eb421d000
 ogle.android.gm-6056  [004] ....   382.160178: do_anonymous_page: anonymous tgid 6056 6056 "ogle.android.gm" 13603000
 ogle.android.gm-6056  [004] ....   382.160442: do_anonymous_page: anonymous tgid 6056 6056 "ogle.android.gm" 13604000
           <...>-6511  [004] ....   382.161087: do_anonymous_page: anonymous tgid 6056 6511 "ObjectCursorLoa" 7fbdcc8000
           <...>-6511  [004] ....   382.161098: do_anonymous_page: anonymous tgid 6056 6511 "ObjectCursorLoa" 7f298de000
           <...>-6511  [004] ....   382.161168: do_anonymous_page: anonymous tgid 6056 6511 "ObjectCursorLoa" 13780000
           <...>-6511  [004] ....   382.161253: do_anonymous_page: anonymous tgid 6056 6511 "ObjectCursorLoa" 7f298dd000
 .gms.persistent-2255  [004] ....   382.161625: do_anonymous_page: anonymous tgid 2255 2255 ".gms.persistent" 1445f000
           <...>-6510  [004] ....   382.164801: do_anonymous_page: anonymous tgid 6056 6510 "GAC_Executor[2]" 136c1000
           <...>-6516  [004] ....   382.165680: do_anonymous_page: anonymous tgid 2255 6516 "SharedPreferenc" 76045000
           <...>-6516  [004] ....   382.165694: do_anonymous_page: anonymous tgid 2255 6516 "SharedPreferenc" 7604a000
           <...>-6516  [004] ....   382.165721: do_anonymous_page: anonymous tgid 2255 6516 "SharedPreferenc" 13842000
           <...>-6510  [004] ....   382.166034: do_anonymous_page: anonymous tgid 6056 6510 "GAC_Executor[2]" 136c2000
           <...>-6510  [004] ....   382.166110: do_anonymous_page: anonymous tgid 6056 6510 "GAC_Executor[2]" 136c3000
           <...>-6508  [004] ....   382.166230: do_anonymous_page: anonymous tgid 6056 6508 "services-3-20" 7fbe079000
           <...>-6508  [004] ....   382.166240: do_anonymous_page: anonymous tgid 6056 6508 "services-3-20" 7f29d02000
           <...>-6508  [004] ....   382.166258: do_anonymous_page: anonymous tgid 6056 6508 "services-3-20" 137c0000
           <...>-6508  [004] ....   382.166275: do_anonymous_page: anonymous tgid 6056 6508 "services-3-20" 7f29d03000
           <...>-6508  [004] ....   382.166307: do_anonymous_page: anonymous tgid 6056 6508 "services-3-20" 7f29d01000
           <...>-6508  [004] ....   382.166447: do_anonymous_page: anonymous tgid 6056 6508 "services-3-20" 137c1000
    RenderThread-2151  [004] ....   382.170267: do_anonymous_page: anonymous tgid 1757 2151 "RenderThread" 7eb421e000
    RenderThread-2151  [004] ....   382.170528: do_anonymous_page: anonymous tgid 1757 2151 "RenderThread" 7eca3c5000
