             cat-6834  [004] ....   870.136768: do_anonymous_page: anonymous tgid 6834 6834 "cat" 7fbe32e000
             cat-6834  [004] ....   870.136771: do_anonymous_page: anonymous tgid 6834 6834 "cat" 7fbe32b000
             cat-6834  [004] ....   870.136773: do_anonymous_page: anonymous tgid 6834 6834 "cat" 7fbe32c000
             cat-6834  [004] ....   870.136796: do_anonymous_page: anonymous tgid 6834 6834 "cat" 7fbe32e000
             cat-6834  [004] ....   870.136822: do_anonymous_page: anonymous tgid 6834 6834 "cat" 7fbe327000
             cat-6834  [004] ....   870.136824: do_anonymous_page: anonymous tgid 6834 6834 "cat" 7fbe328000
             cat-6834  [004] ....   870.136827: do_anonymous_page: anonymous tgid 6834 6834 "cat" 7fbe325000
             cat-6834  [004] ....   870.136828: do_anonymous_page: anonymous tgid 6834 6834 "cat" 7fbe326000
             cat-6834  [004] ....   870.136863: do_anonymous_page: anonymous tgid 6834 6834 "cat" 7fbe31f000
             cat-6834  [004] ....   870.136865: do_anonymous_page: anonymous tgid 6834 6834 "cat" 7fbe320000
             cat-6834  [004] ....   870.136868: do_anonymous_page: anonymous tgid 6834 6834 "cat" 7fbe31d000
             cat-6834  [004] ....   870.136870: do_anonymous_page: anonymous tgid 6834 6834 "cat" 7fbe31e000
             cat-6834  [004] ....   870.136901: do_anonymous_page: anonymous tgid 6834 6834 "cat" 7fbe319000
             cat-6834  [004] ....   870.136902: do_anonymous_page: anonymous tgid 6834 6834 "cat" 7fbe31a000
             cat-6834  [004] ....   870.136905: do_anonymous_page: anonymous tgid 6834 6834 "cat" 7fbe317000
             cat-6834  [004] ....   870.136907: do_anonymous_page: anonymous tgid 6834 6834 "cat" 7fbe318000
             cat-6834  [004] ....   870.136936: do_anonymous_page: anonymous tgid 6834 6834 "cat" 7fbe315000
             cat-6834  [004] ....   870.136937: do_anonymous_page: anonymous tgid 6834 6834 "cat" 7fbe316000
             cat-6834  [004] ....   870.136940: do_anonymous_page: anonymous tgid 6834 6834 "cat" 7fbe313000
             cat-6834  [004] ....   870.136942: do_anonymous_page: anonymous tgid 6834 6834 "cat" 7fbe314000
             cat-6834  [004] ....   870.136973: do_anonymous_page: anonymous tgid 6834 6834 "cat" 7fbe2f7000
             cat-6834  [004] ....   870.136975: do_anonymous_page: anonymous tgid 6834 6834 "cat" 7fbe2f8000
             cat-6834  [004] ....   870.136978: do_anonymous_page: anonymous tgid 6834 6834 "cat" 7fbe2f5000
             cat-6834  [004] ....   870.136979: do_anonymous_page: anonymous tgid 6834 6834 "cat" 7fbe2f6000
             cat-6834  [004] ....   870.137007: do_anonymous_page: anonymous tgid 6834 6834 "cat" 7fbe2f1000
             cat-6834  [004] ....   870.137009: do_anonymous_page: anonymous tgid 6834 6834 "cat" 7fbe2f2000
             cat-6834  [004] ....   870.137012: do_anonymous_page: anonymous tgid 6834 6834 "cat" 7fbe2ef000
             cat-6834  [004] ....   870.137013: do_anonymous_page: anonymous tgid 6834 6834 "cat" 7fbe2f0000
             cat-6834  [004] ....   870.137025: do_anonymous_page: anonymous tgid 6834 6834 "cat" 7fbe4c0000
             cat-6834  [004] ....   870.137037: do_anonymous_page: anonymous tgid 6834 6834 "cat" 7fbe35d000
             cat-6834  [004] ....   870.137045: do_anonymous_page: anonymous tgid 6834 6834 "cat" 7fbe2ec000
             cat-6834  [004] ....   870.137046: do_anonymous_page: anonymous tgid 6834 6834 "cat" 7fbe2ed000
             cat-6834  [004] ....   870.137050: do_anonymous_page: anonymous tgid 6834 6834 "cat" 7fbe2ea000
             cat-6834  [004] ....   870.137052: do_anonymous_page: anonymous tgid 6834 6834 "cat" 7fbe2eb000
             cat-6834  [004] ....   870.137066: do_anonymous_page: anonymous tgid 6834 6834 "cat" 7fbe2ed000
             cat-6834  [004] ....   870.137086: do_anonymous_page: anonymous tgid 6834 6834 "cat" 7fbe2e4000
             cat-6834  [004] ....   870.137087: do_anonymous_page: anonymous tgid 6834 6834 "cat" 7fbe2e5000
             cat-6834  [004] ....   870.137090: do_anonymous_page: anonymous tgid 6834 6834 "cat" 7fbe2e2000
             cat-6834  [004] ....   870.137092: do_anonymous_page: anonymous tgid 6834 6834 "cat" 7fbe2e3000
             cat-6834  [004] ....   870.137325: do_anonymous_page: anonymous tgid 6834 6834 "cat" 7fbd9e3000
             cat-6834  [004] ....   870.141490: do_anonymous_page: anonymous tgid 6834 6834 "cat" 7fbe491000
             cat-6834  [004] ....   870.141505: do_anonymous_page: anonymous tgid 6834 6834 "cat" 7fbdd3b000
             cat-6834  [004] ....   870.141515: do_anonymous_page: anonymous tgid 6834 6834 "cat" 7fbdd3f000
             cat-6834  [004] ....   870.141550: do_anonymous_page: anonymous tgid 6834 6834 "cat" 7fbf5e5000
             cat-6834  [004] ....   870.141589: do_anonymous_page: anonymous tgid 6834 6834 "cat" 7fbd600000
             cat-6834  [004] ....   870.141596: do_anonymous_page: anonymous tgid 6834 6834 "cat" 7fbdd41000
             cat-6834  [004] ....   870.141598: do_anonymous_page: anonymous tgid 6834 6834 "cat" 7fbdf4b000
             cat-6834  [004] ....   870.141600: do_anonymous_page: anonymous tgid 6834 6834 "cat" 7fbdf4c000
             cat-6834  [004] ....   870.141603: do_anonymous_page: anonymous tgid 6834 6834 "cat" 7fbdf4d000
             cat-6834  [004] ....   870.141606: do_anonymous_page: anonymous tgid 6834 6834 "cat" 7fbdf4e000
             cat-6834  [004] ....   870.141608: do_anonymous_page: anonymous tgid 6834 6834 "cat" 7fbdf4f000
             cat-6834  [004] ....   870.141611: do_anonymous_page: anonymous tgid 6834 6834 "cat" 7fbdf50000
             cat-6834  [004] ....   870.141613: do_anonymous_page: anonymous tgid 6834 6834 "cat" 7fbdf51000
             cat-6834  [004] ....   870.141618: do_anonymous_page: anonymous tgid 6834 6834 "cat" 7fbdf43000
             cat-6834  [004] ....   870.141620: do_anonymous_page: anonymous tgid 6834 6834 "cat" 7fbd602000
             cat-6834  [004] ....   870.141622: do_anonymous_page: anonymous tgid 6834 6834 "cat" 7fbd603000
             cat-6834  [004] ....   870.141626: do_anonymous_page: anonymous tgid 6834 6834 "cat" 7fbd604000
             cat-6834  [004] ....   870.141629: do_anonymous_page: anonymous tgid 6834 6834 "cat" 7fbd605000
             cat-6834  [004] ....   870.141632: do_anonymous_page: anonymous tgid 6834 6834 "cat" 7fbd606000
             cat-6834  [004] ....   870.141635: do_anonymous_page: anonymous tgid 6834 6834 "cat" 7fbdd3c000
             cat-6834  [004] ....   870.141644: do_anonymous_page: anonymous tgid 6834 6834 "cat" 7fbdd42000
             cat-6834  [004] ....   870.141647: do_anonymous_page: anonymous tgid 6834 6834 "cat" 7fbd000000
             cat-6834  [004] ....   870.141652: do_anonymous_page: anonymous tgid 6834 6834 "cat" 7fbd1ea000
             cat-6834  [004] ....   870.141654: do_anonymous_page: anonymous tgid 6834 6834 "cat" 7fbd1eb000
             cat-6834  [004] ....   870.141660: do_anonymous_page: anonymous tgid 6834 6834 "cat" 7fbd400000
             cat-6834  [004] ....   870.141663: do_anonymous_page: anonymous tgid 6834 6834 "cat" 7fbd401000
             cat-6834  [004] ....   870.141668: do_anonymous_page: anonymous tgid 6834 6834 "cat" 7fbd405000
             cat-6834  [004] ....   870.141673: do_anonymous_page: anonymous tgid 6834 6834 "cat" 7fbd607000
             cat-6834  [004] ....   870.141676: do_anonymous_page: anonymous tgid 6834 6834 "cat" 7fbd406000
             cat-6834  [004] ....   870.141690: do_anonymous_page: anonymous tgid 6834 6834 "cat" 7fbd402000
             cat-6834  [004] ....   870.141692: do_anonymous_page: anonymous tgid 6834 6834 "cat" 7fbd405000
             cat-6834  [004] ....   870.141718: do_anonymous_page: anonymous tgid 6834 6834 "cat" 7fbf5e3000
             cat-6834  [004] ....   870.141721: do_anonymous_page: anonymous tgid 6834 6834 "cat" 7fbf5e4000
             cat-6834  [004] ....   870.141795: do_anonymous_page: anonymous tgid 6834 6834 "cat" 7fbe2ef000
             cat-6834  [004] ....   870.141798: do_anonymous_page: anonymous tgid 6834 6834 "cat" 7fbe2f0000
             cat-6834  [004] ....   870.141802: do_anonymous_page: anonymous tgid 6834 6834 "cat" 7fbe2cb000
             cat-6834  [004] ....   870.141804: do_anonymous_page: anonymous tgid 6834 6834 "cat" 7fbe2cc000
             cat-6834  [004] ....   870.141917: do_anonymous_page: anonymous tgid 6834 6834 "cat" 7fbd98d000
             cat-6834  [004] ....   870.141934: do_anonymous_page: anonymous tgid 6834 6834 "cat" 7fbdb6f000
             cat-6834  [004] ....   870.141938: do_anonymous_page: anonymous tgid 6834 6834 "cat" 7fbdb70000
             cat-6834  [004] ....   870.141942: do_anonymous_page: anonymous tgid 6834 6834 "cat" 7fbdb6e000
             cat-6834  [004] ....   870.141949: do_anonymous_page: anonymous tgid 6834 6834 "cat" 7fbdb71000
             cat-6834  [004] ....   870.141957: do_anonymous_page: anonymous tgid 6834 6834 "cat" 7fbd409000
             cat-6834  [004] ....   870.141976: do_anonymous_page: anonymous tgid 6834 6834 "cat" 7fbe48c000
             cat-6834  [004] ....   870.141986: do_anonymous_page: anonymous tgid 6834 6834 "cat" 7fbe1b8000
             cat-6834  [004] ....   870.141993: do_anonymous_page: anonymous tgid 6834 6834 "cat" 7fbdc24000
             cat-6834  [004] ....   870.142071: do_anonymous_page: anonymous tgid 6834 6834 "cat" 55555cd000
             cat-6834  [004] ....   870.142082: do_anonymous_page: anonymous tgid 6834 6834 "cat" 7fbd40a000
             cat-6834  [004] ....   870.142085: do_anonymous_page: anonymous tgid 6834 6834 "cat" 7fbd40b000
             cat-6834  [004] ....   870.142403: do_anonymous_page: anonymous tgid 6834 6834 "cat" 55555cc000
     lowpool[46]-6607  [004] ....   870.143997: do_anonymous_page: anonymous tgid 2255 6607 "lowpool[46]" 1310f000
     lowpool[46]-6607  [004] ....   870.146045: do_anonymous_page: anonymous tgid 2255 6607 "lowpool[46]" 13110000
     lowpool[46]-6607  [004] ....   870.146479: do_anonymous_page: anonymous tgid 2255 6607 "lowpool[46]" 13111000
     lowpool[46]-6607  [004] ....   870.146969: do_anonymous_page: anonymous tgid 2255 6607 "lowpool[46]" 13112000
     lowpool[46]-6607  [004] ....   870.147264: do_anonymous_page: anonymous tgid 2255 6607 "lowpool[46]" 13113000
     lowpool[46]-6607  [004] ....   870.148089: do_anonymous_page: anonymous tgid 2255 6607 "lowpool[46]" 13114000
     lowpool[46]-6607  [004] ....   870.148145: do_anonymous_page: anonymous tgid 2255 6607 "lowpool[46]" 13115000
     lowpool[46]-6607  [004] ....   870.148398: do_anonymous_page: anonymous tgid 2255 6607 "lowpool[46]" 13116000
     lowpool[46]-6607  [004] ....   870.148499: do_anonymous_page: anonymous tgid 2255 6607 "lowpool[46]" 13117000
     lowpool[46]-6607  [004] ....   870.148791: do_anonymous_page: anonymous tgid 2255 6607 "lowpool[46]" 13118000
     lowpool[46]-6607  [004] ....   870.148838: do_anonymous_page: anonymous tgid 2255 6607 "lowpool[46]" 13119000
 ogle.android.gm-6056  [004] ....   870.178818: do_anonymous_page: anonymous tgid 6056 6056 "ogle.android.gm" 13638000
 composer@2.3-se-604   [004] ....   870.183727: do_anonymous_page: anonymous tgid 604 604 "composer@2.3-se" 7fb4444000
 composer@2.3-se-604   [004] ....   870.183734: do_anonymous_page: anonymous tgid 604 604 "composer@2.3-se" 7fb4445000
 composer@2.3-se-604   [004] ....   870.183737: do_anonymous_page: anonymous tgid 604 604 "composer@2.3-se" 7fb4446000
 composer@2.3-se-604   [004] ....   870.183741: do_anonymous_page: anonymous tgid 604 604 "composer@2.3-se" 7fb4447000
 composer@2.3-se-604   [004] ....   870.183744: do_anonymous_page: anonymous tgid 604 604 "composer@2.3-se" 7fb4448000
 composer@2.3-se-604   [004] ....   870.183747: do_anonymous_page: anonymous tgid 604 604 "composer@2.3-se" 7fb4449000
    android.anim-1369  [004] ....   870.186396: do_anonymous_page: anonymous tgid 1344 1369 "android.anim" 7e53df2000
    android.anim-1369  [004] ....   870.186409: do_anonymous_page: anonymous tgid 1344 1369 "android.anim" 7e53df3000
    android.anim-1369  [004] ....   870.186415: do_anonymous_page: anonymous tgid 1344 1369 "android.anim" 7e53df4000
    Binder:600_3-760   [004] ....   870.187026: do_anonymous_page: anonymous tgid 600 760 "Binder:600_3" 7fba69f000
    Binder:600_3-760   [004] ....   870.187064: do_anonymous_page: anonymous tgid 600 760 "Binder:600_3" 7fba6a0000
    Binder:600_3-760   [004] ....   870.187092: do_anonymous_page: anonymous tgid 600 760 "Binder:600_3" 7fba6a1000
    RenderThread-2480  [004] ....   870.190652: do_anonymous_page: anonymous tgid 2042 2480 "RenderThread" 7f311e5000
    RenderThread-2480  [004] ....   870.190713: do_anonymous_page: anonymous tgid 2042 2480 "RenderThread" 12d40000
 composer@2.3-se-604   [004] ....   870.195149: do_anonymous_page: anonymous tgid 604 604 "composer@2.3-se" 7fb5e19000
 composer@2.3-se-604   [004] ....   870.195163: do_anonymous_page: anonymous tgid 604 604 "composer@2.3-se" 7fb5e1a000
 composer@2.3-se-604   [004] ....   870.195167: do_anonymous_page: anonymous tgid 604 604 "composer@2.3-se" 7fb5e1b000
 composer@2.3-se-604   [004] ....   870.195170: do_anonymous_page: anonymous tgid 604 604 "composer@2.3-se" 7fb5e1c000
 composer@2.3-se-604   [004] ....   870.195173: do_anonymous_page: anonymous tgid 604 604 "composer@2.3-se" 7fb5e1d000
   Binder:2255_4-2413  [004] ....   870.196816: do_anonymous_page: anonymous tgid 2255 2413 "Binder:2255_4" 12f89000
    RenderThread-2480  [004] ....   870.197927: do_anonymous_page: anonymous tgid 2042 2480 "RenderThread" 7ec50d3000
   Binder:1344_8-1927  [004] ....   870.204900: do_anonymous_page: anonymous tgid 1344 1927 "Binder:1344_8" 12e4f000
 droid.launcher3-2042  [004] ....   870.212218: do_anonymous_page: anonymous tgid 2042 2042 "droid.launcher3" 132d3000
 droid.launcher3-2042  [004] ....   870.214371: do_anonymous_page: anonymous tgid 2042 2042 "droid.launcher3" 132d4000
    android.anim-1369  [004] ....   870.215112: do_anonymous_page: anonymous tgid 1344 1369 "android.anim" 12f4c000
 ndroid.systemui-1757  [004] ....   870.216112: do_anonymous_page: anonymous tgid 1757 1757 "ndroid.systemui" 1336a000
    Binder:600_1-625   [004] ....   870.235615: do_anonymous_page: anonymous tgid 600 625 "Binder:600_1" 7fba614000
            QMon-6597  [004] ....   870.467491: do_anonymous_page: anonymous tgid 2255 6597 "QMon" 13bda000
 PowerManagerSer-1384  [004] ....   870.567704: do_anonymous_page: anonymous tgid 1344 1384 "PowerManagerSer" 132df000
            QMon-6597  [004] ....   870.986469: do_anonymous_page: anonymous tgid 2255 6597 "QMon" 13bdb000
 PowerManagerSer-1384  [004] ....   871.489521: do_anonymous_page: anonymous tgid 1344 1384 "PowerManagerSer" 132e0000
            QMon-6597  [004] ....   871.505394: do_anonymous_page: anonymous tgid 2255 6597 "QMon" 13bdc000
  ClientModeImpl-1473  [004] ....   871.506785: do_anonymous_page: anonymous tgid 1344 1473 "ClientModeImpl" 13332000
  ClientModeImpl-1473  [004] ....   871.506871: do_anonymous_page: anonymous tgid 1344 1473 "ClientModeImpl" 13333000
  ClientModeImpl-1473  [004] ....   871.506950: do_anonymous_page: anonymous tgid 1344 1473 "ClientModeImpl" 13334000
  ClientModeImpl-1473  [004] ....   871.509164: do_anonymous_page: anonymous tgid 1344 1473 "ClientModeImpl" 13335000
  ClientModeImpl-1473  [004] ....   871.511781: do_anonymous_page: anonymous tgid 1344 1473 "ClientModeImpl" 13336000
  ClientModeImpl-1473  [004] ....   871.511807: do_anonymous_page: anonymous tgid 1344 1473 "ClientModeImpl" 13337000
  ClientModeImpl-1473  [004] ....   871.511976: do_anonymous_page: anonymous tgid 1344 1473 "ClientModeImpl" 13338000
 ogle.android.gm-6056  [004] ....   871.756845: do_anonymous_page: anonymous tgid 6056 6056 "ogle.android.gm" 13639000
            QMon-6597  [004] ....   872.024958: do_anonymous_page: anonymous tgid 2255 6597 "QMon" 13bdd000
 PowerManagerSer-1384  [004] ....   872.514075: do_anonymous_page: anonymous tgid 1344 1384 "PowerManagerSer" 132e1000
        Thread-3-5760  [004] ....   872.782405: do_anonymous_page: anonymous tgid 5707 5760 "Thread-3" 12c5f000
 LazyTaskWriterT-2380  [004] ....   872.890384: do_anonymous_page: anonymous tgid 1344 2380 "LazyTaskWriterT" 13580000
 LazyTaskWriterT-2380  [004] ....   872.890425: do_anonymous_page: anonymous tgid 1344 2380 "LazyTaskWriterT" 75f0e000
 LazyTaskWriterT-2380  [004] ....   872.890441: do_anonymous_page: anonymous tgid 1344 2380 "LazyTaskWriterT" 75ea3000
 LazyTaskWriterT-2380  [004] ....   872.890722: do_anonymous_page: anonymous tgid 1344 2380 "LazyTaskWriterT" 13581000
 LazyTaskWriterT-2380  [004] ....   872.891521: do_anonymous_page: anonymous tgid 1344 2380 "LazyTaskWriterT" 13582000
 TaskSnapshotPer-1696  [004] ....   872.906194: do_anonymous_page: anonymous tgid 1344 1696 "TaskSnapshotPer" 135c0000
 LazyTaskWriterT-2380  [004] ....   872.906940: do_anonymous_page: anonymous tgid 1344 2380 "LazyTaskWriterT" 13583000
 LazyTaskWriterT-2380  [004] ....   872.907046: do_anonymous_page: anonymous tgid 1344 2380 "LazyTaskWriterT" 13584000
            QMon-6597  [004] ....   873.062087: do_anonymous_page: anonymous tgid 2255 6597 "QMon" 13bde000
 PowerManagerSer-1384  [004] ....   873.434704: do_anonymous_page: anonymous tgid 1344 1384 "PowerManagerSer" 132e2000
            QMon-6597  [004] ....   873.581010: do_anonymous_page: anonymous tgid 2255 6597 "QMon" 13bdf000
 BT Service Call-5656  [004] ....   873.875236: do_anonymous_page: anonymous tgid 5629 5656 "BT Service Call" 12e0b000
 RxSchedulerPurg-4706  [004] ....   873.918110: do_anonymous_page: anonymous tgid 4614 4706 "RxSchedulerPurg" 13b31000
            QMon-6597  [004] ....   874.099052: do_anonymous_page: anonymous tgid 2255 6597 "QMon" 13be0000
 PowerManagerSer-1384  [004] ....   874.356404: do_anonymous_page: anonymous tgid 1344 1384 "PowerManagerSer" 132e3000
  ClientModeImpl-1473  [004] ....   874.531140: do_anonymous_page: anonymous tgid 1344 1473 "ClientModeImpl" 13339000
  ClientModeImpl-1473  [004] ....   874.531335: do_anonymous_page: anonymous tgid 1344 1473 "ClientModeImpl" 1333a000
  ClientModeImpl-1473  [004] ....   874.531516: do_anonymous_page: anonymous tgid 1344 1473 "ClientModeImpl" 1333b000
  ClientModeImpl-1473  [004] ....   874.534533: do_anonymous_page: anonymous tgid 1344 1473 "ClientModeImpl" 1333c000
  ClientModeImpl-1473  [004] ....   874.534814: do_anonymous_page: anonymous tgid 1344 1473 "ClientModeImpl" 1333d000
  ClientModeImpl-1473  [004] ....   874.534901: do_anonymous_page: anonymous tgid 1344 1473 "ClientModeImpl" 1333e000
  ClientModeImpl-1473  [004] ....   874.536109: do_anonymous_page: anonymous tgid 1344 1473 "ClientModeImpl" 1333f000
            QMon-6597  [004] ....   874.618376: do_anonymous_page: anonymous tgid 2255 6597 "QMon" 13be1000
     lowpool[45]-6529  [004] ....   874.972260: do_anonymous_page: anonymous tgid 2255 6529 "lowpool[45]" 1306b000
     lowpool[45]-6529  [004] ....   874.973503: do_anonymous_page: anonymous tgid 2255 6529 "lowpool[45]" 1306c000
 gm counters ini-6133  [004] ....   874.989764: do_anonymous_page: anonymous tgid 6056 6133 "gm counters ini" 12fc2000
   Binder:2255_4-2413  [004] ....   874.990507: do_anonymous_page: anonymous tgid 2255 2413 "Binder:2255_4" 12f8a000
     lowpool[46]-6607  [004] ....   874.991303: do_anonymous_page: anonymous tgid 2255 6607 "lowpool[46]" 1311a000
     lowpool[46]-6607  [004] ....   874.992493: do_anonymous_page: anonymous tgid 2255 6607 "lowpool[46]" 1311b000
 PowerManagerSer-1384  [004] ....   875.378373: do_anonymous_page: anonymous tgid 1344 1384 "PowerManagerSer" 132e4000
            QMon-6597  [004] ....   875.655671: do_anonymous_page: anonymous tgid 2255 6597 "QMon" 13be2000
            QMon-6597  [004] ....   876.174447: do_anonymous_page: anonymous tgid 2255 6597 "QMon" 13be3000
 PowerManagerSer-1384  [004] ....   876.301353: do_anonymous_page: anonymous tgid 1344 1384 "PowerManagerSer" 132e5000
            QMon-6597  [004] ....   876.693752: do_anonymous_page: anonymous tgid 2255 6597 "QMon" 13be4000
 wifi_ext@1.0-se-2797  [004] ....   877.211017: do_anonymous_page: anonymous tgid 831 2797 "wifi_ext@1.0-se" 7fb9a70000
 wifi_ext@1.0-se-2797  [004] ....   877.211039: do_anonymous_page: anonymous tgid 831 2797 "wifi_ext@1.0-se" 7fb9a71000
 wifi_ext@1.0-se-2797  [004] ....   877.211046: do_anonymous_page: anonymous tgid 831 2797 "wifi_ext@1.0-se" 7fb9a72000
 wifi_ext@1.0-se-2797  [004] ....   877.211053: do_anonymous_page: anonymous tgid 831 2797 "wifi_ext@1.0-se" 7fb9a73000
 wifi_ext@1.0-se-2797  [004] ....   877.211059: do_anonymous_page: anonymous tgid 831 2797 "wifi_ext@1.0-se" 7fb9a74000
            QMon-6597  [004] ....   877.211618: do_anonymous_page: anonymous tgid 2255 6597 "QMon" 13be5000
 PowerManagerSer-1384  [004] ....   877.222635: do_anonymous_page: anonymous tgid 1344 1384 "PowerManagerSer" 132e6000
  ClientModeImpl-1473  [004] ....   877.551282: do_anonymous_page: anonymous tgid 1344 1473 "ClientModeImpl" 13600000
  ClientModeImpl-1473  [004] ....   877.551482: do_anonymous_page: anonymous tgid 1344 1473 "ClientModeImpl" 13601000
  ClientModeImpl-1473  [004] ....   877.551662: do_anonymous_page: anonymous tgid 1344 1473 "ClientModeImpl" 13602000
  ClientModeImpl-1473  [004] ....   877.554609: do_anonymous_page: anonymous tgid 1344 1473 "ClientModeImpl" 13603000
  ClientModeImpl-1473  [004] ....   877.554927: do_anonymous_page: anonymous tgid 1344 1473 "ClientModeImpl" 13604000
  ClientModeImpl-1473  [004] ....   877.555024: do_anonymous_page: anonymous tgid 1344 1473 "ClientModeImpl" 13605000
 BT Service Call-5656  [004] ....   877.951702: do_anonymous_page: anonymous tgid 5629 5656 "BT Service Call" 12e0c000
 PowerManagerSer-1384  [004] ....   878.142946: do_anonymous_page: anonymous tgid 1344 1384 "PowerManagerSer" 132e7000
            QMon-6597  [004] ....   878.248554: do_anonymous_page: anonymous tgid 2255 6597 "QMon" 13be6000
            QMon-6597  [004] ....   878.768185: do_anonymous_page: anonymous tgid 2255 6597 "QMon" 13be7000
 PowerManagerSer-1384  [004] ....   879.167637: do_anonymous_page: anonymous tgid 1344 1384 "PowerManagerSer" 132e8000
            QMon-6597  [004] ....   879.287196: do_anonymous_page: anonymous tgid 2255 6597 "QMon" 13be8000
            QMon-6597  [004] ....   879.805846: do_anonymous_page: anonymous tgid 2255 6597 "QMon" 13be9000
 PowerManagerSer-1384  [004] ....   880.086670: do_anonymous_page: anonymous tgid 1344 1384 "PowerManagerSer" 132e9000
 NasModemEndPoin-1491  [004] ....   880.162857: do_anonymous_page: anonymous tgid 931 1491 "NasModemEndPoin" 7fb6375000
            QMon-6597  [004] ....   880.324487: do_anonymous_page: anonymous tgid 2255 6597 "QMon" 13bea000
  ClientModeImpl-1473  [004] ....   880.559745: do_anonymous_page: anonymous tgid 1344 1473 "ClientModeImpl" 13606000
  ClientModeImpl-1473  [004] ....   880.572828: do_anonymous_page: anonymous tgid 1344 1473 "ClientModeImpl" 13607000
  ClientModeImpl-1473  [004] ....   880.573023: do_anonymous_page: anonymous tgid 1344 1473 "ClientModeImpl" 13608000
  ClientModeImpl-1473  [004] ....   880.573215: do_anonymous_page: anonymous tgid 1344 1473 "ClientModeImpl" 13609000
 wifi_ext@1.0-se-2797  [004] ....   880.574503: do_anonymous_page: anonymous tgid 831 2797 "wifi_ext@1.0-se" 7fb9a7c000
 wifi_ext@1.0-se-2797  [004] ....   880.574520: do_anonymous_page: anonymous tgid 831 2797 "wifi_ext@1.0-se" 7fb9a7d000
 wifi_ext@1.0-se-2797  [004] ....   880.574526: do_anonymous_page: anonymous tgid 831 2797 "wifi_ext@1.0-se" 7fb9a7e000
 wifi_ext@1.0-se-2797  [004] ....   880.574532: do_anonymous_page: anonymous tgid 831 2797 "wifi_ext@1.0-se" 7fb9a7f000
 wifi_ext@1.0-se-2797  [004] ....   880.574538: do_anonymous_page: anonymous tgid 831 2797 "wifi_ext@1.0-se" 7fb9a80000
  ClientModeImpl-1473  [004] ....   880.576565: do_anonymous_page: anonymous tgid 1344 1473 "ClientModeImpl" 1360a000
  ClientModeImpl-1473  [004] ....   880.576805: do_anonymous_page: anonymous tgid 1344 1473 "ClientModeImpl" 1360b000
  ClientModeImpl-1473  [004] ....   880.576919: do_anonymous_page: anonymous tgid 1344 1473 "ClientModeImpl" 1360c000
 PowerManagerSer-1384  [004] ....   881.007741: do_anonymous_page: anonymous tgid 1344 1384 "PowerManagerSer" 132ea000
            QMon-6597  [004] ....   881.362084: do_anonymous_page: anonymous tgid 2255 6597 "QMon" 13beb000
            QMon-6597  [004] ....   881.880642: do_anonymous_page: anonymous tgid 2255 6597 "QMon" 13bec000
 RxSchedulerPurg-4706  [004] ....   881.923021: do_anonymous_page: anonymous tgid 4614 4706 "RxSchedulerPurg" 13b32000
 PowerManagerSer-1384  [004] ....   882.032363: do_anonymous_page: anonymous tgid 1344 1384 "PowerManagerSer" 132eb000
            QMon-6597  [004] ....   882.399379: do_anonymous_page: anonymous tgid 2255 6597 "QMon" 13bed000
            QMon-6597  [004] ....   882.918318: do_anonymous_page: anonymous tgid 2255 6597 "QMon" 13bee000
 PowerManagerSer-1384  [004] ....   882.952462: do_anonymous_page: anonymous tgid 1344 1384 "PowerManagerSer" 132ec000
  ClientModeImpl-1473  [004] ....   883.581883: do_anonymous_page: anonymous tgid 1344 1473 "ClientModeImpl" 1360d000
  ClientModeImpl-1473  [004] ....   883.592301: do_anonymous_page: anonymous tgid 1344 1473 "ClientModeImpl" 1360e000
  ClientModeImpl-1473  [004] ....   883.592518: do_anonymous_page: anonymous tgid 1344 1473 "ClientModeImpl" 1360f000
  ClientModeImpl-1473  [004] ....   883.592659: do_anonymous_page: anonymous tgid 1344 1473 "ClientModeImpl" 13610000
  ClientModeImpl-1473  [004] ....   883.596453: do_anonymous_page: anonymous tgid 1344 1473 "ClientModeImpl" 13611000
  ClientModeImpl-1473  [004] ....   883.596638: do_anonymous_page: anonymous tgid 1344 1473 "ClientModeImpl" 13612000
  ClientModeImpl-1473  [004] ....   883.596747: do_anonymous_page: anonymous tgid 1344 1473 "ClientModeImpl" 13613000
 PowerManagerSer-1384  [004] ....   883.874618: do_anonymous_page: anonymous tgid 1344 1384 "PowerManagerSer" 132ed000
            QMon-6597  [004] ....   883.955523: do_anonymous_page: anonymous tgid 2255 6597 "QMon" 13bef000
            QMon-6597  [004] ....   884.474428: do_anonymous_page: anonymous tgid 2255 6597 "QMon" 13bf0000
           <...>-6149  [004] ....   884.802353: do_anonymous_page: anonymous tgid 6056 6149 "SharedScheduler" 12e41000
           <...>-6149  [004] ....   884.802593: do_anonymous_page: anonymous tgid 6056 6149 "SharedScheduler" 7f299f6000
           <...>-6149  [004] ....   884.802609: do_anonymous_page: anonymous tgid 6056 6149 "SharedScheduler" 7f299f5000
   services-3-76-6835  [004] ....   884.802908: do_anonymous_page: anonymous tgid 6056 6835 "services-3-76" 7fbe079000
   services-3-76-6835  [004] ....   884.802928: do_anonymous_page: anonymous tgid 6056 6835 "services-3-76" 7f299f3000
   services-3-76-6835  [004] ....   884.802997: do_anonymous_page: anonymous tgid 6056 6835 "services-3-76" 13740000
   services-3-76-6835  [004] ....   884.803023: do_anonymous_page: anonymous tgid 6056 6835 "services-3-76" 7f299f4000
   services-3-76-6835  [004] ....   884.803079: do_anonymous_page: anonymous tgid 6056 6835 "services-3-76" 7f299f2000
   services-3-76-6835  [004] ....   884.803291: do_anonymous_page: anonymous tgid 6056 6835 "services-3-76" 7f297f0000
   services-3-76-6835  [004] ....   884.803302: do_anonymous_page: anonymous tgid 6056 6835 "services-3-76" 7f297ef000
   services-3-76-6835  [004] ....   884.803459: do_anonymous_page: anonymous tgid 6056 6835 "services-3-76" 7f292c3000
   services-3-76-6835  [004] ....   884.803469: do_anonymous_page: anonymous tgid 6056 6835 "services-3-76" 7f292c2000
   services-3-76-6835  [004] ....   884.803576: do_anonymous_page: anonymous tgid 6056 6835 "services-3-76" 13741000
   services-3-76-6835  [004] ....   884.803645: do_anonymous_page: anonymous tgid 6056 6835 "services-3-76" 7f291ba000
   services-3-76-6835  [004] ....   884.803654: do_anonymous_page: anonymous tgid 6056 6835 "services-3-76" 7f291b9000
   services-3-76-6835  [004] ....   884.804063: do_anonymous_page: anonymous tgid 6056 6835 "services-3-76" 13742000
   services-3-76-6835  [004] ....   884.804289: do_anonymous_page: anonymous tgid 6056 6835 "services-3-76" 13743000
   services-3-76-6835  [004] ....   884.804416: do_anonymous_page: anonymous tgid 6056 6835 "services-3-76" 13744000
         sql-5-0-6159  [004] ....   884.804813: do_anonymous_page: anonymous tgid 6056 6159 "sql-5-0" 12f88000
   services-3-76-6835  [004] ....   884.809162: do_anonymous_page: anonymous tgid 6056 6835 "services-3-76" 13745000
   services-3-79-6838  [004] ....   884.809715: do_anonymous_page: anonymous tgid 6056 6838 "services-3-79" 7fbc31b000
   services-3-79-6838  [004] ....   884.809733: do_anonymous_page: anonymous tgid 6056 6838 "services-3-79" 7f291b7000
   services-3-79-6838  [004] ....   884.809755: do_anonymous_page: anonymous tgid 6056 6838 "services-3-79" 13780000
   services-3-78-6837  [004] ....   884.809827: do_anonymous_page: anonymous tgid 6056 6837 "services-3-78" 7fbc31d000
   services-3-78-6837  [004] ....   884.809837: do_anonymous_page: anonymous tgid 6056 6837 "services-3-78" 7f292c0000
   services-3-78-6837  [004] ....   884.809902: do_anonymous_page: anonymous tgid 6056 6837 "services-3-78" 137c0000
   services-3-77-6836  [004] ....   884.809977: do_anonymous_page: anonymous tgid 6056 6836 "services-3-77" 7fbe06c000
   services-3-77-6836  [004] ....   884.809987: do_anonymous_page: anonymous tgid 6056 6836 "services-3-77" 7f297ed000
   services-3-77-6836  [004] ....   884.809998: do_anonymous_page: anonymous tgid 6056 6836 "services-3-77" 13800000
 PowerManagerSer-1384  [004] ....   884.897809: do_anonymous_page: anonymous tgid 1344 1384 "PowerManagerSer" 132ee000
            QMon-6597  [004] ....   884.992964: do_anonymous_page: anonymous tgid 2255 6597 "QMon" 13bf1000
 TaskSchedulerFo-6784  [004] ....   885.015640: do_anonymous_page: anonymous tgid 6056 6784 "TaskSchedulerFo" 7f29d02000
 TaskSchedulerFo-6784  [004] ....   885.015663: do_anonymous_page: anonymous tgid 6056 6784 "TaskSchedulerFo" 7f29d01000
 NasModemEndPoin-1491  [004] ....   885.284527: do_anonymous_page: anonymous tgid 931 1491 "NasModemEndPoin" 7fb63f2000
            QMon-6597  [004] ....   885.512375: do_anonymous_page: anonymous tgid 2255 6597 "QMon" 13bf2000
 PowerManagerSer-1384  [004] ....   885.818937: do_anonymous_page: anonymous tgid 1344 1384 "PowerManagerSer" 132ef000
            QMon-6597  [004] ....   886.549000: do_anonymous_page: anonymous tgid 2255 6597 "QMon" 13bf3000
  ClientModeImpl-1473  [004] ....   886.614562: do_anonymous_page: anonymous tgid 1344 1473 "ClientModeImpl" 13614000
  ClientModeImpl-1473  [004] ....   886.614761: do_anonymous_page: anonymous tgid 1344 1473 "ClientModeImpl" 13615000
  ClientModeImpl-1473  [004] ....   886.614957: do_anonymous_page: anonymous tgid 1344 1473 "ClientModeImpl" 13616000
  ClientModeImpl-1473  [004] ....   886.617992: do_anonymous_page: anonymous tgid 1344 1473 "ClientModeImpl" 13617000
  ClientModeImpl-1473  [004] ....   886.618257: do_anonymous_page: anonymous tgid 1344 1473 "ClientModeImpl" 13618000
  ClientModeImpl-1473  [004] ....   886.618371: do_anonymous_page: anonymous tgid 1344 1473 "ClientModeImpl" 13619000
  ClientModeImpl-1473  [004] ....   886.619374: do_anonymous_page: anonymous tgid 1344 1473 "ClientModeImpl" 1361a000
 PowerManagerSer-1384  [004] ....   886.740500: do_anonymous_page: anonymous tgid 1344 1384 "PowerManagerSer" 132f0000
            QMon-6597  [004] ....   887.067780: do_anonymous_page: anonymous tgid 2255 6597 "QMon" 13bf4000
            QMon-6597  [004] ....   887.585691: do_anonymous_page: anonymous tgid 2255 6597 "QMon" 13bf5000
 PowerManagerSer-1384  [004] ....   887.764560: do_anonymous_page: anonymous tgid 1344 1384 "PowerManagerSer" 132f1000
            QMon-6597  [004] ....   888.105273: do_anonymous_page: anonymous tgid 2255 6597 "QMon" 13bf6000
 PowerManagerSer-1384  [004] ....   888.685062: do_anonymous_page: anonymous tgid 1344 1384 "PowerManagerSer" 132f2000
 ndroid.systemui-1757  [004] ....   888.830641: do_anonymous_page: anonymous tgid 1757 1757 "ndroid.systemui" 1336b000
 ndroid.systemui-1757  [004] ....   888.830847: do_anonymous_page: anonymous tgid 1757 1757 "ndroid.systemui" 1336c000
 ndroid.systemui-1757  [004] ....   888.831379: do_anonymous_page: anonymous tgid 1757 1757 "ndroid.systemui" 1336d000
 ndroid.systemui-1757  [004] ....   888.832320: do_anonymous_page: anonymous tgid 1757 1757 "ndroid.systemui" 1336e000
 ndroid.systemui-1757  [004] ....   888.832764: do_anonymous_page: anonymous tgid 1757 1757 "ndroid.systemui" 1336f000
 ndroid.systemui-1757  [004] ....   888.833561: do_anonymous_page: anonymous tgid 1757 1757 "ndroid.systemui" 13370000
 ndroid.systemui-1757  [004] ....   888.833848: do_anonymous_page: anonymous tgid 1757 1757 "ndroid.systemui" 13371000
    RenderThread-2151  [004] ....   888.847103: do_anonymous_page: anonymous tgid 1757 2151 "RenderThread" 7eca030000
    RenderThread-2151  [004] ....   888.847127: do_anonymous_page: anonymous tgid 1757 2151 "RenderThread" 7eca031000
    RenderThread-2151  [004] ....   888.847316: do_anonymous_page: anonymous tgid 1757 2151 "RenderThread" 7eb426b000
    RenderThread-2151  [004] ....   888.847350: do_anonymous_page: anonymous tgid 1757 2151 "RenderThread" 7eca001000
 ndroid.systemui-1757  [004] ....   888.852202: do_anonymous_page: anonymous tgid 1757 1757 "ndroid.systemui" 13372000
 ndroid.systemui-1757  [004] ....   888.852427: do_anonymous_page: anonymous tgid 1757 1757 "ndroid.systemui" 13373000
    RenderThread-2151  [004] ....   888.863070: do_anonymous_page: anonymous tgid 1757 2151 "RenderThread" 7eb426e000
 RxSchedulerPurg-4706  [004] ....   888.946762: do_anonymous_page: anonymous tgid 4614 4706 "RxSchedulerPurg" 13b33000
            QMon-6597  [004] ....   889.142771: do_anonymous_page: anonymous tgid 2255 6597 "QMon" 13bf7000
 PowerManagerSer-1384  [004] ....   889.606329: do_anonymous_page: anonymous tgid 1344 1384 "PowerManagerSer" 132f3000
  ClientModeImpl-1473  [004] ....   889.634137: do_anonymous_page: anonymous tgid 1344 1473 "ClientModeImpl" 1361b000
  ClientModeImpl-1473  [004] ....   889.634338: do_anonymous_page: anonymous tgid 1344 1473 "ClientModeImpl" 1361c000
  ClientModeImpl-1473  [004] ....   889.634516: do_anonymous_page: anonymous tgid 1344 1473 "ClientModeImpl" 1361d000
  ClientModeImpl-1473  [004] ....   889.637407: do_anonymous_page: anonymous tgid 1344 1473 "ClientModeImpl" 1361e000
  ClientModeImpl-1473  [004] ....   889.637677: do_anonymous_page: anonymous tgid 1344 1473 "ClientModeImpl" 1361f000
  ClientModeImpl-1473  [004] ....   889.637768: do_anonymous_page: anonymous tgid 1344 1473 "ClientModeImpl" 13620000
  ClientModeImpl-1473  [004] ....   889.638574: do_anonymous_page: anonymous tgid 1344 1473 "ClientModeImpl" 13621000
            QMon-6597  [004] ....   889.660436: do_anonymous_page: anonymous tgid 2255 6597 "QMon" 13bf8000
     lowpool[45]-6529  [004] ....   889.812199: do_anonymous_page: anonymous tgid 2255 6529 "lowpool[45]" 1306d000
     lowpool[45]-6529  [004] ....   889.812846: do_anonymous_page: anonymous tgid 2255 6529 "lowpool[45]" 1306e000
            QMon-6597  [004] ....   890.180262: do_anonymous_page: anonymous tgid 2255 6597 "QMon" 13bf9000
 PowerManagerSer-1384  [004] ....   890.527634: do_anonymous_page: anonymous tgid 1344 1384 "PowerManagerSer" 132f4000
            QMon-6597  [004] ....   890.699068: do_anonymous_page: anonymous tgid 2255 6597 "QMon" 13bfa000
 PowerManagerSer-1384  [004] ....   891.552881: do_anonymous_page: anonymous tgid 1344 1384 "PowerManagerSer" 132f5000
            QMon-6597  [004] ....   891.736156: do_anonymous_page: anonymous tgid 2255 6597 "QMon" 13bfb000
 wifi_ext@1.0-se-2797  [004] ....   891.945743: do_anonymous_page: anonymous tgid 831 2797 "wifi_ext@1.0-se" 7fb9db7000
 wifi_ext@1.0-se-2797  [004] ....   891.945773: do_anonymous_page: anonymous tgid 831 2797 "wifi_ext@1.0-se" 7fb9db8000
 wifi_ext@1.0-se-2797  [004] ....   891.945783: do_anonymous_page: anonymous tgid 831 2797 "wifi_ext@1.0-se" 7fb9db9000
 wifi_ext@1.0-se-2797  [004] ....   891.945791: do_anonymous_page: anonymous tgid 831 2797 "wifi_ext@1.0-se" 7fb9dba000
 wifi_ext@1.0-se-2797  [004] ....   891.945799: do_anonymous_page: anonymous tgid 831 2797 "wifi_ext@1.0-se" 7fb9dbb000
            QMon-6597  [004] ....   892.255092: do_anonymous_page: anonymous tgid 2255 6597 "QMon" 13bfc000
 PowerManagerSer-1384  [004] ....   892.473764: do_anonymous_page: anonymous tgid 1344 1384 "PowerManagerSer" 132f6000
  ClientModeImpl-1473  [004] ....   892.655953: do_anonymous_page: anonymous tgid 1344 1473 "ClientModeImpl" 13622000
  ClientModeImpl-1473  [004] ....   892.656151: do_anonymous_page: anonymous tgid 1344 1473 "ClientModeImpl" 13623000
  ClientModeImpl-1473  [004] ....   892.656330: do_anonymous_page: anonymous tgid 1344 1473 "ClientModeImpl" 13624000
 wifi_ext@1.0-se-2797  [004] ....   892.656806: do_anonymous_page: anonymous tgid 831 2797 "wifi_ext@1.0-se" 7fb9e4d000
 wifi_ext@1.0-se-2797  [004] ....   892.656826: do_anonymous_page: anonymous tgid 831 2797 "wifi_ext@1.0-se" 7fb9e4e000
 wifi_ext@1.0-se-2797  [004] ....   892.656834: do_anonymous_page: anonymous tgid 831 2797 "wifi_ext@1.0-se" 7fb9e4f000
 wifi_ext@1.0-se-2797  [004] ....   892.656841: do_anonymous_page: anonymous tgid 831 2797 "wifi_ext@1.0-se" 7fb9e50000
 wifi_ext@1.0-se-2797  [004] ....   892.656847: do_anonymous_page: anonymous tgid 831 2797 "wifi_ext@1.0-se" 7fb9e51000
  ClientModeImpl-1473  [004] ....   892.659532: do_anonymous_page: anonymous tgid 1344 1473 "ClientModeImpl" 13625000
  ClientModeImpl-1473  [004] ....   892.659799: do_anonymous_page: anonymous tgid 1344 1473 "ClientModeImpl" 13626000
  ClientModeImpl-1473  [004] ....   892.660375: do_anonymous_page: anonymous tgid 1344 1473 "ClientModeImpl" 13627000
            QMon-6597  [004] ....   892.773855: do_anonymous_page: anonymous tgid 2255 6597 "QMon" 13bfd000
            QMon-6597  [004] ....   893.293012: do_anonymous_page: anonymous tgid 2255 6597 "QMon" 13bfe000
 PowerManagerSer-1384  [004] ....   893.393686: do_anonymous_page: anonymous tgid 1344 1384 "PowerManagerSer" 132f7000
    AlarmManager-1452  [004] ....   893.827021: do_anonymous_page: anonymous tgid 1344 1452 "AlarmManager" 13281000
   system_server-1344  [004] ....   893.827435: do_anonymous_page: anonymous tgid 1344 1344 "system_server" 12d02000
 ndroid.systemui-1757  [004] ....   893.831518: do_anonymous_page: anonymous tgid 1757 1757 "ndroid.systemui" 13374000
 ndroid.systemui-1757  [004] ....   893.831886: do_anonymous_page: anonymous tgid 1757 1757 "ndroid.systemui" 13375000
 ndroid.systemui-1757  [004] ....   893.832051: do_anonymous_page: anonymous tgid 1757 1757 "ndroid.systemui" 13376000
 ndroid.systemui-1757  [004] ....   893.832542: do_anonymous_page: anonymous tgid 1757 1757 "ndroid.systemui" 13377000
 ndroid.systemui-1757  [004] ....   893.833139: do_anonymous_page: anonymous tgid 1757 1757 "ndroid.systemui" 13378000
 ndroid.systemui-1757  [004] ....   893.833684: do_anonymous_page: anonymous tgid 1757 1757 "ndroid.systemui" 13379000
 ndroid.systemui-1757  [004] ....   893.833965: do_anonymous_page: anonymous tgid 1757 1757 "ndroid.systemui" 1337a000
 ndroid.systemui-1757  [004] ....   893.842236: do_anonymous_page: anonymous tgid 1757 1757 "ndroid.systemui" 1337b000
 ndroid.systemui-1757  [004] ....   893.850685: do_anonymous_page: anonymous tgid 1757 1757 "ndroid.systemui" 1337c000
 composer@2.3-se-604   [004] ....   893.862296: do_anonymous_page: anonymous tgid 604 604 "composer@2.3-se" 7fb5e0b000
 android.display-1368  [004] ....   893.878017: do_anonymous_page: anonymous tgid 1344 1368 "android.display" 12cca000
 android.display-1368  [004] ....   893.878098: do_anonymous_page: anonymous tgid 1344 1368 "android.display" 12ccb000
 android.display-1368  [004] ....   893.878175: do_anonymous_page: anonymous tgid 1344 1368 "android.display" 12ccc000
   Binder:1757_6-2217  [004] ....   893.880499: do_anonymous_page: anonymous tgid 1757 2217 "Binder:1757_6" 7f30ab1000
   Binder:1757_6-2217  [004] ....   893.880551: do_anonymous_page: anonymous tgid 1757 2217 "Binder:1757_6" 12ec0000
 ogle.android.gm-6056  [004] ....   893.888429: do_anonymous_page: anonymous tgid 6056 6056 "ogle.android.gm" 1363a000
 m.android.phone-1958  [004] ....   893.891073: do_anonymous_page: anonymous tgid 1958 1958 "m.android.phone" 134df000
  UiThreadHelper-2084  [004] ....   893.892759: do_anonymous_page: anonymous tgid 2042 2084 "UiThreadHelper" 12cc7000
 ScreenDecoratio-2227  [004] ....   893.893096: do_anonymous_page: anonymous tgid 1757 2227 "ScreenDecoratio" 13399000
 ndroid.systemui-1757  [004] ....   893.895385: do_anonymous_page: anonymous tgid 1757 1757 "ndroid.systemui" 1337d000
   Binder:1344_9-2083  [004] ....   893.898942: do_anonymous_page: anonymous tgid 1344 2083 "Binder:1344_9" 12e85000
 ScreenDecoratio-2227  [004] ....   893.899655: do_anonymous_page: anonymous tgid 1757 2227 "ScreenDecoratio" 1339a000
 ScreenDecoratio-2227  [004] ....   893.899760: do_anonymous_page: anonymous tgid 1757 2227 "ScreenDecoratio" 1339b000
 ScreenDecoratio-2227  [004] ....   893.901185: do_anonymous_page: anonymous tgid 1757 2227 "ScreenDecoratio" 1339c000
 ScreenDecoratio-2227  [004] ....   893.901551: do_anonymous_page: anonymous tgid 1757 2227 "ScreenDecoratio" 1339d000
            QMon-6597  [004] ....   894.329731: do_anonymous_page: anonymous tgid 2255 6597 "QMon" 13bff000
 PowerManagerSer-1384  [004] ....   894.418867: do_anonymous_page: anonymous tgid 1344 1384 "PowerManagerSer" 132f8000
            QMon-6597  [004] ....   894.848504: do_anonymous_page: anonymous tgid 2255 6597 "QMon" 13c00000
 PowerManagerSer-1384  [004] ....   895.340204: do_anonymous_page: anonymous tgid 1344 1384 "PowerManagerSer" 132f9000
            QMon-6597  [004] ....   895.367347: do_anonymous_page: anonymous tgid 2255 6597 "QMon" 13c01000
  ClientModeImpl-1473  [004] ....   895.667230: do_anonymous_page: anonymous tgid 1344 1473 "ClientModeImpl" 13628000
  ClientModeImpl-1473  [004] ....   895.677417: do_anonymous_page: anonymous tgid 1344 1473 "ClientModeImpl" 13629000
  ClientModeImpl-1473  [004] ....   895.677627: do_anonymous_page: anonymous tgid 1344 1473 "ClientModeImpl" 1362a000
  ClientModeImpl-1473  [004] ....   895.677778: do_anonymous_page: anonymous tgid 1344 1473 "ClientModeImpl" 1362b000
  ClientModeImpl-1473  [004] ....   895.680896: do_anonymous_page: anonymous tgid 1344 1473 "ClientModeImpl" 1362c000
  ClientModeImpl-1473  [004] ....   895.681079: do_anonymous_page: anonymous tgid 1344 1473 "ClientModeImpl" 1362d000
  ClientModeImpl-1473  [004] ....   895.681238: do_anonymous_page: anonymous tgid 1344 1473 "ClientModeImpl" 1362e000
            QMon-6597  [004] ....   895.885918: do_anonymous_page: anonymous tgid 2255 6597 "QMon" 13c02000
 PowerManagerSer-1384  [004] ....   896.261624: do_anonymous_page: anonymous tgid 1344 1384 "PowerManagerSer" 132fa000
        Thread-3-5760  [004] ....   896.672645: do_anonymous_page: anonymous tgid 5707 5760 "Thread-3" 12c60000
  IpClient.wlan0-2809  [004] ....   896.907144: do_anonymous_page: anonymous tgid 1864 2809 "IpClient.wlan0" 13252000
  IpClient.wlan0-2809  [004] ....   896.907227: do_anonymous_page: anonymous tgid 1864 2809 "IpClient.wlan0" 13253000
  IpClient.wlan0-2809  [004] ....   896.907275: do_anonymous_page: anonymous tgid 1864 2809 "IpClient.wlan0" 13254000
  IpClient.wlan0-2809  [004] ....   896.907335: do_anonymous_page: anonymous tgid 1864 2809 "IpClient.wlan0" 13255000
  IpClient.wlan0-2809  [004] ....   896.907407: do_anonymous_page: anonymous tgid 1864 2809 "IpClient.wlan0" 13256000
  IpClient.wlan0-2809  [004] ....   896.907506: do_anonymous_page: anonymous tgid 1864 2809 "IpClient.wlan0" 13257000
 RxSchedulerPurg-4706  [004] ....   896.916988: do_anonymous_page: anonymous tgid 4614 4706 "RxSchedulerPurg" 13b34000
 wifi_ext@1.0-se-2797  [004] ....   896.919510: do_anonymous_page: anonymous tgid 831 2797 "wifi_ext@1.0-se" 7fb9e52000
 wifi_ext@1.0-se-2797  [004] ....   896.919527: do_anonymous_page: anonymous tgid 831 2797 "wifi_ext@1.0-se" 7fb9e53000
 wifi_ext@1.0-se-2797  [004] ....   896.919533: do_anonymous_page: anonymous tgid 831 2797 "wifi_ext@1.0-se" 7fb9e54000
 wifi_ext@1.0-se-2797  [004] ....   896.919580: do_anonymous_page: anonymous tgid 831 2797 "wifi_ext@1.0-se" 7fb9e55000
 wifi_ext@1.0-se-2797  [004] ....   896.919587: do_anonymous_page: anonymous tgid 831 2797 "wifi_ext@1.0-se" 7fb9e56000
  IpClient.wlan0-2809  [004] ....   896.923733: do_anonymous_page: anonymous tgid 1864 2809 "IpClient.wlan0" 13258000
  IpClient.wlan0-2809  [004] ....   896.923805: do_anonymous_page: anonymous tgid 1864 2809 "IpClient.wlan0" 13259000
  IpClient.wlan0-2809  [004] ....   896.923840: do_anonymous_page: anonymous tgid 1864 2809 "IpClient.wlan0" 1325a000
  IpClient.wlan0-2809  [004] ....   896.923889: do_anonymous_page: anonymous tgid 1864 2809 "IpClient.wlan0" 1325b000
  IpClient.wlan0-2809  [004] ....   896.923935: do_anonymous_page: anonymous tgid 1864 2809 "IpClient.wlan0" 1325c000
  IpClient.wlan0-2809  [004] ....   896.924000: do_anonymous_page: anonymous tgid 1864 2809 "IpClient.wlan0" 1325d000
            QMon-6597  [004] ....   896.924533: do_anonymous_page: anonymous tgid 2255 6597 "QMon" 13c03000
 wifi_ext@1.0-se-2797  [004] ....   897.171256: do_anonymous_page: anonymous tgid 831 2797 "wifi_ext@1.0-se" 7fb9e57000
 wifi_ext@1.0-se-2797  [004] ....   897.171288: do_anonymous_page: anonymous tgid 831 2797 "wifi_ext@1.0-se" 7fb9e58000
 wifi_ext@1.0-se-2797  [004] ....   897.171295: do_anonymous_page: anonymous tgid 831 2797 "wifi_ext@1.0-se" 7fb9e59000
 wifi_ext@1.0-se-2797  [004] ....   897.171302: do_anonymous_page: anonymous tgid 831 2797 "wifi_ext@1.0-se" 7fb9e5a000
 wifi_ext@1.0-se-2797  [004] ....   897.171308: do_anonymous_page: anonymous tgid 831 2797 "wifi_ext@1.0-se" 7fb9e5b000
 PowerManagerSer-1384  [004] ....   897.283993: do_anonymous_page: anonymous tgid 1344 1384 "PowerManagerSer" 132fb000
            QMon-6597  [004] ....   897.441955: do_anonymous_page: anonymous tgid 2255 6597 "QMon" 13c04000
 BT Service Call-5656  [004] ....   897.844043: do_anonymous_page: anonymous tgid 5629 5656 "BT Service Call" 12e0d000
            QMon-6597  [004] ....   897.959701: do_anonymous_page: anonymous tgid 2255 6597 "QMon" 13c05000
 PowerManagerSer-1384  [004] ....   898.206865: do_anonymous_page: anonymous tgid 1344 1384 "PowerManagerSer" 132fc000
            QMon-6597  [004] ....   898.478400: do_anonymous_page: anonymous tgid 2255 6597 "QMon" 13c06000
  ClientModeImpl-1473  [004] ....   898.698252: do_anonymous_page: anonymous tgid 1344 1473 "ClientModeImpl" 1362f000
  ClientModeImpl-1473  [004] ....   898.698474: do_anonymous_page: anonymous tgid 1344 1473 "ClientModeImpl" 13630000
  ClientModeImpl-1473  [004] ....   898.698678: do_anonymous_page: anonymous tgid 1344 1473 "ClientModeImpl" 13631000
  ClientModeImpl-1473  [004] ....   898.698792: do_anonymous_page: anonymous tgid 1344 1473 "ClientModeImpl" 13632000
  ClientModeImpl-1473  [004] ....   898.701832: do_anonymous_page: anonymous tgid 1344 1473 "ClientModeImpl" 13633000
  ClientModeImpl-1473  [004] ....   898.701897: do_anonymous_page: anonymous tgid 1344 1473 "ClientModeImpl" 13634000
  ClientModeImpl-1473  [004] ....   898.702893: do_anonymous_page: anonymous tgid 1344 1473 "ClientModeImpl" 13635000
            QMon-6597  [004] ....   898.998293: do_anonymous_page: anonymous tgid 2255 6597 "QMon" 13c07000
 PowerManagerSer-1384  [004] ....   899.128094: do_anonymous_page: anonymous tgid 1344 1384 "PowerManagerSer" 132fd000
            QMon-6597  [004] ....   900.035728: do_anonymous_page: anonymous tgid 2255 6597 "QMon" 13c08000
 PowerManagerSer-1384  [004] ....   900.151373: do_anonymous_page: anonymous tgid 1344 1384 "PowerManagerSer" 132fe000
             cat-6839  [004] ....   900.153761: do_anonymous_page: anonymous tgid 6839 6839 "adbd" 7ffffff000
            adbd-5522  [004] ....   900.154890: do_anonymous_page: anonymous tgid 5522 5522 "adbd" 7fb9382000
            adbd-5522  [004] ....   900.154900: do_anonymous_page: anonymous tgid 5522 5522 "adbd" 7fb9381000
             cat-6839  [004] ....   900.155269: do_anonymous_page: anonymous tgid 6839 6839 "sh" 7fbf6ff000
             cat-6839  [004] ....   900.155289: do_anonymous_page: anonymous tgid 6839 6839 "sh" 7fbf6fb000
             cat-6839  [004] ....   900.155328: do_anonymous_page: anonymous tgid 6839 6839 "sh" 7fffffe000
             cat-6839  [004] ....   900.155341: do_anonymous_page: anonymous tgid 6839 6839 "sh" 7fbf700000
             cat-6839  [004] ....   900.155350: do_anonymous_page: anonymous tgid 6839 6839 "sh" 7fbf6fc000
             cat-6839  [004] ....   900.155397: do_anonymous_page: anonymous tgid 6839 6839 "sh" 7fbf5e2000
             cat-6839  [004] ....   900.155428: do_anonymous_page: anonymous tgid 6839 6839 "sh" 7fbf6fe000
             cat-6839  [004] ....   900.155454: do_anonymous_page: anonymous tgid 6839 6839 "sh" 7fbe5d8000
             cat-6839  [004] ....   900.155502: do_anonymous_page: anonymous tgid 6839 6839 "sh" 7fbf6fd000
             cat-6839  [004] ....   900.155511: do_anonymous_page: anonymous tgid 6839 6839 "sh" 7fbe5d7000
             cat-6839  [004] ....   900.155517: do_anonymous_page: anonymous tgid 6839 6839 "sh" 7fbe5d6000
             cat-6839  [004] ....   900.155521: do_anonymous_page: anonymous tgid 6839 6839 "sh" 7fbe572000
             cat-6839  [004] ....   900.156364: do_anonymous_page: anonymous tgid 6839 6839 "sh" 7fffffd000
             cat-6839  [004] ....   900.156414: do_anonymous_page: anonymous tgid 6839 6839 "sh" 7fbe565000
