           <...>-1361  [004] ....  1089.124702: do_anonymous_page: anonymous tgid 1337 1361 "android.anim" 131d5000
           <...>-833   [004] ....  1089.124786: do_anonymous_page: anonymous tgid 601 833 "Binder:601_3" 7fba69f000
           <...>-833   [004] ....  1089.124790: do_anonymous_page: anonymous tgid 601 833 "Binder:601_3" 7fba69d000
           <...>-833   [004] ....  1089.124795: do_anonymous_page: anonymous tgid 601 833 "Binder:601_3" 7fba69e000
 ScreenDecoratio-2167  [004] ....  1089.125069: do_anonymous_page: anonymous tgid 1663 2167 "ScreenDecoratio" 1310b000
           <...>-1361  [004] ....  1089.125488: do_anonymous_page: anonymous tgid 1337 1361 "android.anim" 131d6000
           <...>-833   [004] ....  1089.126920: do_anonymous_page: anonymous tgid 601 833 "Binder:601_3" 7fba6a2000
           <...>-833   [004] ....  1089.126924: do_anonymous_page: anonymous tgid 601 833 "Binder:601_3" 7fba6a0000
           <...>-833   [004] ....  1089.126929: do_anonymous_page: anonymous tgid 601 833 "Binder:601_3" 7fba6a1000
 twitter.android-6096  [004] ....  1089.128037: do_anonymous_page: anonymous tgid 6096 6096 "twitter.android" 7e7b92a000
 twitter.android-6096  [004] ....  1089.128044: do_anonymous_page: anonymous tgid 6096 6096 "twitter.android" 7e7b92b000
 twitter.android-6096  [004] ....  1089.128095: do_anonymous_page: anonymous tgid 6096 6096 "twitter.android" 7f2d629000
 twitter.android-6096  [004] ....  1089.128099: do_anonymous_page: anonymous tgid 6096 6096 "twitter.android" 7f2d628000
 twitter.android-6096  [004] ....  1089.128236: do_anonymous_page: anonymous tgid 6096 6096 "twitter.android" 14247000
 twitter.android-6096  [004] ....  1089.128369: do_anonymous_page: anonymous tgid 6096 6096 "twitter.android" 14249000
           <...>-1361  [004] ....  1089.128933: do_anonymous_page: anonymous tgid 1337 1361 "android.anim" 131d7000
           <...>-1361  [004] ....  1089.129119: do_anonymous_page: anonymous tgid 1337 1361 "android.anim" 131d8000
           <...>-833   [004] ....  1089.129222: do_anonymous_page: anonymous tgid 601 833 "Binder:601_3" 7fba6af000
           <...>-833   [004] ....  1089.129226: do_anonymous_page: anonymous tgid 601 833 "Binder:601_3" 7fba6ad000
           <...>-833   [004] ....  1089.129231: do_anonymous_page: anonymous tgid 601 833 "Binder:601_3" 7fba6ae000
           <...>-833   [004] ....  1089.129239: do_anonymous_page: anonymous tgid 601 833 "Binder:601_3" 7fba659000
           <...>-1361  [004] ....  1089.134002: do_anonymous_page: anonymous tgid 1337 1361 "android.anim" 131d9000
           <...>-833   [004] ....  1089.134095: do_anonymous_page: anonymous tgid 601 833 "Binder:601_3" 7fba6b2000
           <...>-833   [004] ....  1089.134099: do_anonymous_page: anonymous tgid 601 833 "Binder:601_3" 7fba6b0000
           <...>-833   [004] ....  1089.134104: do_anonymous_page: anonymous tgid 601 833 "Binder:601_3" 7fba6b1000
           <...>-1361  [004] ....  1089.134940: do_anonymous_page: anonymous tgid 1337 1361 "android.anim" 131da000
           <...>-1362  [004] ....  1089.137097: do_anonymous_page: anonymous tgid 1337 1362 "android.anim.lf" 13381000
 android.display-1360  [004] ....  1089.141007: do_anonymous_page: anonymous tgid 1337 1360 "android.display" 131a0000
           <...>-1663  [004] ....  1089.141271: do_anonymous_page: anonymous tgid 1663 1663 "ndroid.systemui" 130dd000
   Binder:1337_C-2952  [004] ....  1089.145258: do_anonymous_page: anonymous tgid 1337 2952 "Binder:1337_C" 1389c000
           <...>-603   [004] ....  1089.146684: do_anonymous_page: anonymous tgid 603 603 "composer@2.3-se" 7fb5dd9000
           <...>-603   [004] ....  1089.146694: do_anonymous_page: anonymous tgid 603 603 "composer@2.3-se" 7fb5dda000
           <...>-603   [004] ....  1089.146697: do_anonymous_page: anonymous tgid 603 603 "composer@2.3-se" 7fb5ddb000
           <...>-603   [004] ....  1089.146699: do_anonymous_page: anonymous tgid 603 603 "composer@2.3-se" 7fb5ddc000
           <...>-603   [004] ....  1089.146701: do_anonymous_page: anonymous tgid 603 603 "composer@2.3-se" 7fb5ddd000
           <...>-603   [004] ....  1089.146703: do_anonymous_page: anonymous tgid 603 603 "composer@2.3-se" 7fb5dde000
           <...>-603   [004] ....  1089.147154: do_anonymous_page: anonymous tgid 603 603 "composer@2.3-se" 7fbce86000
           <...>-1969  [004] ....  1089.149205: do_anonymous_page: anonymous tgid 1663 1969 "pool-2-thread-1" 12e40000
           <...>-5210  [004] ....  1089.149325: do_anonymous_page: anonymous tgid 1337 5210 "Binder:1337_12" 13248000
 ScreenDecoratio-2167  [004] ....  1089.149633: do_anonymous_page: anonymous tgid 1663 2167 "ScreenDecoratio" 1310c000
 twitter.android-6096  [004] ....  1089.149714: do_anonymous_page: anonymous tgid 6096 6096 "twitter.android" 14248000
 io-core-Thread--6143  [004] ....  1089.149883: do_anonymous_page: anonymous tgid 6096 6143 "io-core-Thread-" 12f33000
 io-core-Thread--6143  [004] ....  1089.150012: do_anonymous_page: anonymous tgid 6096 6143 "io-core-Thread-" 12f34000
       WM.task-1-6151  [004] ....  1089.152451: do_anonymous_page: anonymous tgid 6096 6151 "WM.task-1" 13417000
       WM.task-1-6151  [004] ....  1089.153230: do_anonymous_page: anonymous tgid 6096 6151 "WM.task-1" 13418000
       WM.task-1-6151  [004] ....  1089.153323: do_anonymous_page: anonymous tgid 6096 6151 "WM.task-1" 13419000
 twitter.android-6096  [004] ....  1089.155406: do_anonymous_page: anonymous tgid 6096 6096 "twitter.android" 1424a000
 twitter.android-6096  [004] ....  1089.155473: do_anonymous_page: anonymous tgid 6096 6096 "twitter.android" 7e7b92c000
 twitter.android-6096  [004] ....  1089.155477: do_anonymous_page: anonymous tgid 6096 6096 "twitter.android" 7e7b92d000
 twitter.android-6096  [004] ....  1089.155516: do_anonymous_page: anonymous tgid 6096 6096 "twitter.android" 7f2d520000
 twitter.android-6096  [004] ....  1089.155521: do_anonymous_page: anonymous tgid 6096 6096 "twitter.android" 7f2d51f000
 twitter.android-6096  [004] ....  1089.155644: do_anonymous_page: anonymous tgid 6096 6096 "twitter.android" 1424c000
 twitter.android-6096  [004] ....  1089.155716: do_anonymous_page: anonymous tgid 6096 6096 "twitter.android" 1424b000
 twitter.android-6096  [004] ....  1089.155730: do_anonymous_page: anonymous tgid 6096 6096 "twitter.android" 1424d000
 twitter.android-6096  [004] ....  1089.155764: do_anonymous_page: anonymous tgid 6096 6096 "twitter.android" 7f2d417000
 twitter.android-6096  [004] ....  1089.155769: do_anonymous_page: anonymous tgid 6096 6096 "twitter.android" 7f2d416000
 io-core-Thread--6142  [004] ....  1089.156275: do_anonymous_page: anonymous tgid 6096 6142 "io-core-Thread-" 12ec1000
 io-core-Thread--6142  [004] ....  1089.156496: do_anonymous_page: anonymous tgid 6096 6142 "io-core-Thread-" 12ec2000
           <...>-1357  [004] ....  1089.158435: do_anonymous_page: anonymous tgid 1337 1357 "android.fg" 12cc4000
           <...>-5544  [004] ....  1089.165203: do_anonymous_page: anonymous tgid 2273 5544 "Binder:2273_A" 7f3127b000
           <...>-5544  [004] ....  1089.165231: do_anonymous_page: anonymous tgid 2273 5544 "Binder:2273_A" 13240000
           <...>-1357  [004] ....  1089.165693: do_anonymous_page: anonymous tgid 1337 1357 "android.fg" 12cc5000
           <...>-1337  [004] ....  1089.165858: do_anonymous_page: anonymous tgid 1337 1337 "system_server" 12e4f000
 twitter.android-6096  [004] ....  1089.166808: do_anonymous_page: anonymous tgid 6096 6096 "twitter.android" 1424f000
 twitter.android-6096  [004] ....  1089.166870: do_anonymous_page: anonymous tgid 6096 6096 "twitter.android" 14250000
 twitter.android-6096  [004] ....  1089.166886: do_anonymous_page: anonymous tgid 6096 6096 "twitter.android" 1424e000
 twitter.android-6096  [004] ....  1089.166964: do_anonymous_page: anonymous tgid 6096 6096 "twitter.android" 14252000
 twitter.android-6096  [004] ....  1089.166985: do_anonymous_page: anonymous tgid 6096 6096 "twitter.android" 14251000
 twitter.android-6096  [004] ....  1089.166993: do_anonymous_page: anonymous tgid 6096 6096 "twitter.android" 14253000
 twitter.android-6096  [004] ....  1089.167267: do_anonymous_page: anonymous tgid 6096 6096 "twitter.android" 14254000
 twitter.android-6096  [004] ....  1089.167581: do_anonymous_page: anonymous tgid 6096 6096 "twitter.android" 14255000
 twitter.android-6096  [004] ....  1089.167888: do_anonymous_page: anonymous tgid 6096 6096 "twitter.android" 14256000
           <...>-6186  [004] ....  1089.169151: do_anonymous_page: anonymous tgid 6096 6186 "RxNewThreadSche" 13480000
 io-core-Thread--6142  [004] ....  1089.169988: do_anonymous_page: anonymous tgid 6096 6142 "io-core-Thread-" 12ec3000
       WM.task-1-6151  [004] ....  1089.170293: do_anonymous_page: anonymous tgid 6096 6151 "WM.task-1" 1341a000
 twitter.android-6096  [004] ....  1089.171363: do_anonymous_page: anonymous tgid 6096 6096 "twitter.android" 14257000
           <...>-5210  [004] ....  1089.172016: do_anonymous_page: anonymous tgid 1337 5210 "Binder:1337_12" 13249000
 io-core-Thread--6142  [004] ....  1089.172192: do_anonymous_page: anonymous tgid 6096 6142 "io-core-Thread-" 12ec4000
 io-core-Thread--6142  [004] ....  1089.172226: do_anonymous_page: anonymous tgid 6096 6142 "io-core-Thread-" 12ec5000
 io-core-Thread--6142  [004] ....  1089.172274: do_anonymous_page: anonymous tgid 6096 6142 "io-core-Thread-" 12ec6000
 twitter.android-6096  [004] ....  1089.174609: do_anonymous_page: anonymous tgid 6096 6096 "twitter.android" 14258000
 twitter.android-6096  [004] ....  1089.175090: do_anonymous_page: anonymous tgid 6096 6096 "twitter.android" 14259000
 twitter.android-6096  [004] ....  1089.175280: do_anonymous_page: anonymous tgid 6096 6096 "twitter.android" 1425a000
  Binder:1337_11-5151  [004] ....  1089.175683: do_anonymous_page: anonymous tgid 1337 5151 "Binder:1337_11" 13982000
  Binder:1337_11-5151  [004] ....  1089.176056: do_anonymous_page: anonymous tgid 1337 5151 "Binder:1337_11" 13983000
 twitter.android-6096  [004] ....  1089.176504: do_anonymous_page: anonymous tgid 6096 6096 "twitter.android" 1425b000
 twitter.android-6096  [004] ....  1089.176831: do_anonymous_page: anonymous tgid 6096 6096 "twitter.android" 1425c000
 twitter.android-6096  [004] ....  1089.177135: do_anonymous_page: anonymous tgid 6096 6096 "twitter.android" 1425d000
           <...>-1791  [004] ....  1089.177458: do_anonymous_page: anonymous tgid 1337 1791 "Binder:1337_6" 1385d000
 twitter.android-6096  [004] ....  1089.177729: do_anonymous_page: anonymous tgid 6096 6096 "twitter.android" 1425e000
           <...>-1526  [004] ....  1089.177841: do_anonymous_page: anonymous tgid 1337 1526 "Binder:1337_5" 1340b000
 twitter.android-6096  [004] ....  1089.178033: do_anonymous_page: anonymous tgid 6096 6096 "twitter.android" 1425f000
 twitter.android-6096  [004] ....  1089.178086: do_anonymous_page: anonymous tgid 6096 6096 "twitter.android" 14260000
 twitter.android-6096  [004] ....  1089.178418: do_anonymous_page: anonymous tgid 6096 6096 "twitter.android" 14261000
 twitter.android-6096  [004] ....  1089.178681: do_anonymous_page: anonymous tgid 6096 6096 "twitter.android" 14262000
 twitter.android-6096  [004] ....  1089.178792: do_anonymous_page: anonymous tgid 6096 6096 "twitter.android" 14263000
 twitter.android-6096  [004] ....  1089.178985: do_anonymous_page: anonymous tgid 6096 6096 "twitter.android" 14264000
 twitter.android-6096  [004] ....  1089.179107: do_anonymous_page: anonymous tgid 6096 6096 "twitter.android" 14265000
           <...>-6247  [004] ....  1089.180386: do_anonymous_page: anonymous tgid 6096 6247 "pool-20-thread-" 134c0000
           <...>-6196  [004] ....  1089.180450: do_anonymous_page: anonymous tgid 6096 6196 "mainNetwork-cor" 13500000
           <...>-6196  [004] ....  1089.180595: do_anonymous_page: anonymous tgid 6096 6196 "mainNetwork-cor" 13501000
           <...>-6196  [004] ....  1089.180617: do_anonymous_page: anonymous tgid 6096 6196 "mainNetwork-cor" 13502000
           <...>-6196  [004] ....  1089.180628: do_anonymous_page: anonymous tgid 6096 6196 "mainNetwork-cor" 13503000
           <...>-6196  [004] ....  1089.180636: do_anonymous_page: anonymous tgid 6096 6196 "mainNetwork-cor" 13504000
           <...>-6196  [004] ....  1089.180644: do_anonymous_page: anonymous tgid 6096 6196 "mainNetwork-cor" 13505000
           <...>-6196  [004] ....  1089.180659: do_anonymous_page: anonymous tgid 6096 6196 "mainNetwork-cor" 76259000
           <...>-6196  [004] ....  1089.180662: do_anonymous_page: anonymous tgid 6096 6196 "mainNetwork-cor" 7625a000
           <...>-6196  [004] ....  1089.180665: do_anonymous_page: anonymous tgid 6096 6196 "mainNetwork-cor" 7625b000
           <...>-6196  [004] ....  1089.180683: do_anonymous_page: anonymous tgid 6096 6196 "mainNetwork-cor" 13506000
           <...>-6196  [004] ....  1089.180710: do_anonymous_page: anonymous tgid 6096 6196 "mainNetwork-cor" 13507000
           <...>-6196  [004] ....  1089.180774: do_anonymous_page: anonymous tgid 6096 6196 "mainNetwork-cor" 13508000
           <...>-6196  [004] ....  1089.180805: do_anonymous_page: anonymous tgid 6096 6196 "mainNetwork-cor" 13509000
           <...>-6193  [004] ....  1089.181095: do_anonymous_page: anonymous tgid 6096 6193 "mainNetwork-cor" 13540000
           <...>-6193  [004] ....  1089.181250: do_anonymous_page: anonymous tgid 6096 6193 "mainNetwork-cor" 13541000
           <...>-6115  [004] ....  1089.181534: do_anonymous_page: anonymous tgid 6096 6115 "Binder:6096_3" 13241000
           <...>-6193  [004] ....  1089.182173: do_anonymous_page: anonymous tgid 6096 6193 "mainNetwork-cor" 13542000
           <...>-6193  [004] ....  1089.182244: do_anonymous_page: anonymous tgid 6096 6193 "mainNetwork-cor" 13543000
           <...>-6193  [004] ....  1089.182262: do_anonymous_page: anonymous tgid 6096 6193 "mainNetwork-cor" 13544000
           <...>-6193  [004] ....  1089.182275: do_anonymous_page: anonymous tgid 6096 6193 "mainNetwork-cor" 13545000
 ScreenDecoratio-2167  [004] ....  1089.182659: do_anonymous_page: anonymous tgid 1663 2167 "ScreenDecoratio" 1310d000
           <...>-1344  [004] ....  1089.183070: do_anonymous_page: anonymous tgid 1337 1344 "Jit thread pool" 7f30975000
           <...>-1344  [004] ....  1089.183083: do_anonymous_page: anonymous tgid 1337 1344 "Jit thread pool" 7f22fe3000
           <...>-1344  [004] ....  1089.183087: do_anonymous_page: anonymous tgid 1337 1344 "Jit thread pool" 7f30976000
           <...>-1344  [004] ....  1089.183089: do_anonymous_page: anonymous tgid 1337 1344 "Jit thread pool" 7f30977000
           <...>-1344  [004] ....  1089.183107: do_anonymous_page: anonymous tgid 1337 1344 "Jit thread pool" 7f30978000
           <...>-1344  [004] ....  1089.183179: do_anonymous_page: anonymous tgid 1337 1344 "Jit thread pool" 7f30979000
           <...>-1344  [004] ....  1089.183195: do_anonymous_page: anonymous tgid 1337 1344 "Jit thread pool" 7f3097a000
           <...>-1344  [004] ....  1089.183210: do_anonymous_page: anonymous tgid 1337 1344 "Jit thread pool" 7f3097b000
           <...>-1344  [004] ....  1089.183221: do_anonymous_page: anonymous tgid 1337 1344 "Jit thread pool" 7f3097c000
           <...>-1344  [004] ....  1089.183251: do_anonymous_page: anonymous tgid 1337 1344 "Jit thread pool" 7f3097d000
           <...>-1344  [004] ....  1089.183272: do_anonymous_page: anonymous tgid 1337 1344 "Jit thread pool" 7f3097e000
           <...>-1344  [004] ....  1089.183289: do_anonymous_page: anonymous tgid 1337 1344 "Jit thread pool" 7f3097f000
           <...>-1344  [004] ....  1089.183297: do_anonymous_page: anonymous tgid 1337 1344 "Jit thread pool" 7f30980000
           <...>-1344  [004] ....  1089.183315: do_anonymous_page: anonymous tgid 1337 1344 "Jit thread pool" 13c40000
           <...>-1344  [004] ....  1089.183336: do_anonymous_page: anonymous tgid 1337 1344 "Jit thread pool" 7f30981000
           <...>-1344  [004] ....  1089.183394: do_anonymous_page: anonymous tgid 1337 1344 "Jit thread pool" 7f30982000
           <...>-1344  [004] ....  1089.183402: do_anonymous_page: anonymous tgid 1337 1344 "Jit thread pool" 7f30983000
           <...>-1344  [004] ....  1089.183406: do_anonymous_page: anonymous tgid 1337 1344 "Jit thread pool" 7f22fe4000
           <...>-1344  [004] ....  1089.183414: do_anonymous_page: anonymous tgid 1337 1344 "Jit thread pool" 7f22fe5000
           <...>-1344  [004] ....  1089.183422: do_anonymous_page: anonymous tgid 1337 1344 "Jit thread pool" 7f22fe6000
           <...>-1344  [004] ....  1089.183424: do_anonymous_page: anonymous tgid 1337 1344 "Jit thread pool" 7f22fe7000
           <...>-1344  [004] ....  1089.183428: do_anonymous_page: anonymous tgid 1337 1344 "Jit thread pool" 7f22fe8000
           <...>-1344  [004] ....  1089.183431: do_anonymous_page: anonymous tgid 1337 1344 "Jit thread pool" 7f22fe9000
           <...>-1344  [004] ....  1089.183437: do_anonymous_page: anonymous tgid 1337 1344 "Jit thread pool" 7f22fea000
           <...>-1344  [004] ....  1089.183441: do_anonymous_page: anonymous tgid 1337 1344 "Jit thread pool" 7f22feb000
           <...>-1344  [004] ....  1089.183455: do_anonymous_page: anonymous tgid 1337 1344 "Jit thread pool" 7f22fec000
           <...>-1344  [004] ....  1089.183483: do_anonymous_page: anonymous tgid 1337 1344 "Jit thread pool" 7f30984000
           <...>-1344  [004] ....  1089.183511: do_anonymous_page: anonymous tgid 1337 1344 "Jit thread pool" 7f30985000
           <...>-1365  [004] ....  1089.186326: do_anonymous_page: anonymous tgid 1337 1365 "android.bg" 12c5c000
 ScreenDecoratio-2167  [004] ....  1089.188310: do_anonymous_page: anonymous tgid 1663 2167 "ScreenDecoratio" 1310e000
           <...>-5210  [004] ....  1089.188399: do_anonymous_page: anonymous tgid 1337 5210 "Binder:1337_12" 1324a000
           <...>-5210  [004] ....  1089.188468: do_anonymous_page: anonymous tgid 1337 5210 "Binder:1337_12" 1324b000
           <...>-5210  [004] ....  1089.188613: do_anonymous_page: anonymous tgid 1337 5210 "Binder:1337_12" 1324c000
           <...>-1663  [004] ....  1089.189942: do_anonymous_page: anonymous tgid 1663 1663 "ndroid.systemui" 130de000
   Binder:1337_C-2952  [004] ....  1089.193214: do_anonymous_page: anonymous tgid 1337 2952 "Binder:1337_C" 1389d000
    Binder:601_2-631   [004] ....  1089.194149: do_anonymous_page: anonymous tgid 601 631 "Binder:601_2" 7fb7551000
    Binder:601_2-631   [004] ....  1089.194155: do_anonymous_page: anonymous tgid 601 631 "Binder:601_2" 7fb754f000
    Binder:601_2-631   [004] ....  1089.194162: do_anonymous_page: anonymous tgid 601 631 "Binder:601_2" 7fb7550000
 twitter.android-6096  [004] ....  1089.196943: do_anonymous_page: anonymous tgid 6096 6096 "twitter.android" 14266000
 twitter.android-6096  [004] ....  1089.197753: do_anonymous_page: anonymous tgid 6096 6096 "twitter.android" 14267000
 twitter.android-6096  [004] ....  1089.199528: do_anonymous_page: anonymous tgid 6096 6096 "twitter.android" 14268000
 twitter.android-6096  [004] ....  1089.199642: do_anonymous_page: anonymous tgid 6096 6096 "twitter.android" 7e8e61e000
 twitter.android-6096  [004] ....  1089.199647: do_anonymous_page: anonymous tgid 6096 6096 "twitter.android" 7e8e61f000
 gle.android.gms-2407  [004] ....  1089.210235: do_anonymous_page: anonymous tgid 2407 2407 "gle.android.gms" 12c81000
 gle.android.gms-2407  [004] ....  1089.210553: do_anonymous_page: anonymous tgid 2407 2407 "gle.android.gms" 12c82000
    RenderThread-6176  [004] ....  1089.212457: do_anonymous_page: anonymous tgid 6096 6176 "RenderThread" 7e7bb90000
    RenderThread-6176  [004] ....  1089.212464: do_anonymous_page: anonymous tgid 6096 6176 "RenderThread" 7e7bb91000
    RenderThread-6176  [004] ....  1089.212467: do_anonymous_page: anonymous tgid 6096 6176 "RenderThread" 7e7bb92000
    RenderThread-6176  [004] ....  1089.212469: do_anonymous_page: anonymous tgid 6096 6176 "RenderThread" 7e7bb93000
    RenderThread-6176  [004] ....  1089.212471: do_anonymous_page: anonymous tgid 6096 6176 "RenderThread" 7e7bb94000
    Binder:601_5-2043  [004] ....  1089.215089: do_anonymous_page: anonymous tgid 601 2043 "Binder:601_5" 7fba6a3000
    Binder:601_5-2043  [004] ....  1089.215394: do_anonymous_page: anonymous tgid 601 2043 "Binder:601_5" 7fba699000
    RenderThread-6176  [004] ....  1089.216052: do_anonymous_page: anonymous tgid 6096 6176 "RenderThread" 13580000
    RenderThread-6176  [004] ....  1089.216075: do_anonymous_page: anonymous tgid 6096 6176 "RenderThread" 7f30b37000
 Jit thread pool-6102  [004] ....  1089.216504: do_anonymous_page: anonymous tgid 6096 6102 "Jit thread pool" 7f2f0a6000
 Jit thread pool-6102  [004] ....  1089.216523: do_anonymous_page: anonymous tgid 6096 6102 "Jit thread pool" 7f2c60d000
 Jit thread pool-6102  [004] ....  1089.216527: do_anonymous_page: anonymous tgid 6096 6102 "Jit thread pool" 7f2f0a7000
 Jit thread pool-6102  [004] ....  1089.216534: do_anonymous_page: anonymous tgid 6096 6102 "Jit thread pool" 7f2f0a8000
 Jit thread pool-6102  [004] ....  1089.216578: do_anonymous_page: anonymous tgid 6096 6102 "Jit thread pool" 7f2f0a9000
 Jit thread pool-6102  [004] ....  1089.216598: do_anonymous_page: anonymous tgid 6096 6102 "Jit thread pool" 7f2f0aa000
 Jit thread pool-6102  [004] ....  1089.216644: do_anonymous_page: anonymous tgid 6096 6102 "Jit thread pool" 7f2f0ab000
 Jit thread pool-6102  [004] ....  1089.216655: do_anonymous_page: anonymous tgid 6096 6102 "Jit thread pool" 7f2f0ac000
 Jit thread pool-6102  [004] ....  1089.216666: do_anonymous_page: anonymous tgid 6096 6102 "Jit thread pool" 7f2f0ad000
 Jit thread pool-6102  [004] ....  1089.216683: do_anonymous_page: anonymous tgid 6096 6102 "Jit thread pool" 7f2f0ae000
 Jit thread pool-6102  [004] ....  1089.216699: do_anonymous_page: anonymous tgid 6096 6102 "Jit thread pool" 7f2f0af000
 Jit thread pool-6102  [004] ....  1089.216751: do_anonymous_page: anonymous tgid 6096 6102 "Jit thread pool" 7f2c60e000
 Jit thread pool-6102  [004] ....  1089.216755: do_anonymous_page: anonymous tgid 6096 6102 "Jit thread pool" 7f2f0b0000
 Jit thread pool-6102  [004] ....  1089.216775: do_anonymous_page: anonymous tgid 6096 6102 "Jit thread pool" 7f2f0b1000
 Jit thread pool-6102  [004] ....  1089.216787: do_anonymous_page: anonymous tgid 6096 6102 "Jit thread pool" 7f2c60f000
 Jit thread pool-6102  [004] ....  1089.216789: do_anonymous_page: anonymous tgid 6096 6102 "Jit thread pool" 7f2c610000
 Jit thread pool-6102  [004] ....  1089.216794: do_anonymous_page: anonymous tgid 6096 6102 "Jit thread pool" 7f2c611000
 Jit thread pool-6102  [004] ....  1089.216799: do_anonymous_page: anonymous tgid 6096 6102 "Jit thread pool" 7f2c612000
 Jit thread pool-6102  [004] ....  1089.216845: do_anonymous_page: anonymous tgid 6096 6102 "Jit thread pool" 7f2f0b2000
 Jit thread pool-6102  [004] ....  1089.216866: do_anonymous_page: anonymous tgid 6096 6102 "Jit thread pool" 7f2c613000
 Jit thread pool-6102  [004] ....  1089.216889: do_anonymous_page: anonymous tgid 6096 6102 "Jit thread pool" 7f2c614000
       WM.task-1-6151  [004] ....  1089.217205: do_anonymous_page: anonymous tgid 6096 6151 "WM.task-1" 1341b000
       WM.task-1-6151  [004] ....  1089.217327: do_anonymous_page: anonymous tgid 6096 6151 "WM.task-1" 1341c000
  Binder:1337_11-5151  [004] ....  1089.219832: do_anonymous_page: anonymous tgid 1337 5151 "Binder:1337_11" 13984000
 computation-Thr-6159  [004] ....  1089.219937: do_anonymous_page: anonymous tgid 6096 6159 "computation-Thr" 13e45000
  UiThreadHelper-2033  [004] ....  1089.220185: do_anonymous_page: anonymous tgid 1984 2033 "UiThreadHelper" 12ccf000
           <...>-1361  [004] ....  1089.221212: do_anonymous_page: anonymous tgid 1337 1361 "android.anim" 131db000
           <...>-1361  [004] ....  1089.222111: do_anonymous_page: anonymous tgid 1337 1361 "android.anim" 131dc000
           <...>-2032  [004] ....  1089.222419: do_anonymous_page: anonymous tgid 601 2032 "Binder:601_4" 7faa799000
           <...>-2032  [004] ....  1089.222463: do_anonymous_page: anonymous tgid 601 2032 "Binder:601_4" 7faa79a000
 twitter.android-6096  [004] ....  1089.223871: do_anonymous_page: anonymous tgid 6096 6096 "twitter.android" 14269000
           <...>-603   [004] ....  1089.225159: do_anonymous_page: anonymous tgid 603 603 "composer@2.3-se" 7fb44fe000
           <...>-603   [004] ....  1089.225165: do_anonymous_page: anonymous tgid 603 603 "composer@2.3-se" 7fb44ff000
           <...>-603   [004] ....  1089.225168: do_anonymous_page: anonymous tgid 603 603 "composer@2.3-se" 7fb4500000
           <...>-603   [004] ....  1089.225170: do_anonymous_page: anonymous tgid 603 603 "composer@2.3-se" 7fb4501000
           <...>-603   [004] ....  1089.225172: do_anonymous_page: anonymous tgid 603 603 "composer@2.3-se" 7fb4502000
           <...>-603   [004] ....  1089.225175: do_anonymous_page: anonymous tgid 603 603 "composer@2.3-se" 7fb4503000
           <...>-603   [004] ....  1089.225177: do_anonymous_page: anonymous tgid 603 603 "composer@2.3-se" 7fb4504000
           <...>-603   [004] ....  1089.225179: do_anonymous_page: anonymous tgid 603 603 "composer@2.3-se" 7fb4505000
           <...>-603   [004] ....  1089.225289: do_anonymous_page: anonymous tgid 603 603 "composer@2.3-se" 7fbce88000
           <...>-603   [004] ....  1089.225304: do_anonymous_page: anonymous tgid 603 603 "composer@2.3-se" 7fb5de0000
 twitter.android-6096  [004] ....  1089.227798: do_anonymous_page: anonymous tgid 6096 6096 "twitter.android" 1426a000
 twitter.android-6096  [004] ....  1089.232059: do_anonymous_page: anonymous tgid 6096 6096 "twitter.android" 1426b000
 twitter.android-6096  [004] ....  1089.232204: do_anonymous_page: anonymous tgid 6096 6096 "twitter.android" 7e8e65c000
 twitter.android-6096  [004] ....  1089.232215: do_anonymous_page: anonymous tgid 6096 6096 "twitter.android" 7e8e65d000
 twitter.android-6096  [004] ....  1089.232269: do_anonymous_page: anonymous tgid 6096 6096 "twitter.android" 7e8e65e000
 io-core-Thread--6143  [004] ....  1089.233059: do_anonymous_page: anonymous tgid 6096 6143 "io-core-Thread-" 12f35000
 io-core-Thread--6143  [004] ....  1089.233181: do_anonymous_page: anonymous tgid 6096 6143 "io-core-Thread-" 12f36000
 computation-Thr-6158  [004] ....  1089.233273: do_anonymous_page: anonymous tgid 6096 6158 "computation-Thr" 12c45000
   Binder:6210_2-6239  [004] ....  1089.233484: do_anonymous_page: anonymous tgid 6210 6239 "Binder:6210_2" 12c44000
           <...>-6417  [004] ....  1089.233959: do_anonymous_page: anonymous tgid 6096 6417 "Binder:6096_5" 7f31437000
           <...>-6417  [004] ....  1089.233984: do_anonymous_page: anonymous tgid 6096 6417 "Binder:6096_5" 135c0000
           <...>-6417  [004] ....  1089.233990: do_anonymous_page: anonymous tgid 6096 6417 "Binder:6096_5" 7e85392000
    Binder:601_5-2043  [004] ....  1089.236861: do_anonymous_page: anonymous tgid 601 2043 "Binder:601_5" 7fba69a000
 io-core-Thread--6143  [004] ....  1089.237200: do_anonymous_page: anonymous tgid 6096 6143 "io-core-Thread-" 12f37000
 io-core-Thread--6143  [004] ....  1089.237383: do_anonymous_page: anonymous tgid 6096 6143 "io-core-Thread-" 7f2d30e000
 io-core-Thread--6143  [004] ....  1089.237390: do_anonymous_page: anonymous tgid 6096 6143 "io-core-Thread-" 7f2d30d000
 io-core-Thread--6143  [004] ....  1089.237438: do_anonymous_page: anonymous tgid 6096 6143 "io-core-Thread-" 12f38000
 io-core-Thread--6143  [004] ....  1089.237498: do_anonymous_page: anonymous tgid 6096 6143 "io-core-Thread-" 7f2d205000
 io-core-Thread--6143  [004] ....  1089.237507: do_anonymous_page: anonymous tgid 6096 6143 "io-core-Thread-" 7f2d204000
 io-core-Thread--6143  [004] ....  1089.237534: do_anonymous_page: anonymous tgid 6096 6143 "io-core-Thread-" 12f39000
 io-core-Thread--6143  [004] ....  1089.237578: do_anonymous_page: anonymous tgid 6096 6143 "io-core-Thread-" 7f2d0fc000
 io-core-Thread--6143  [004] ....  1089.237583: do_anonymous_page: anonymous tgid 6096 6143 "io-core-Thread-" 7f2d0fb000
 io-core-Thread--6143  [004] ....  1089.237617: do_anonymous_page: anonymous tgid 6096 6143 "io-core-Thread-" 12f3a000
 io-core-Thread--6143  [004] ....  1089.237642: do_anonymous_page: anonymous tgid 6096 6143 "io-core-Thread-" 7f2d721000
 io-core-Thread--6143  [004] ....  1089.237645: do_anonymous_page: anonymous tgid 6096 6143 "io-core-Thread-" 7f2d722000
 io-core-Thread--6143  [004] ....  1089.237664: do_anonymous_page: anonymous tgid 6096 6143 "io-core-Thread-" 7f2cff3000
 io-core-Thread--6143  [004] ....  1089.237668: do_anonymous_page: anonymous tgid 6096 6143 "io-core-Thread-" 7f2cff2000
 twitter.android-6096  [004] ....  1089.239360: do_anonymous_page: anonymous tgid 6096 6096 "twitter.android" 1426c000
 twitter.android-6096  [004] ....  1089.239463: do_anonymous_page: anonymous tgid 6096 6096 "twitter.android" 1426d000
           <...>-6149  [004] ....  1089.241124: do_anonymous_page: anonymous tgid 6096 6149 "mainNetwork-cor" 13600000
           <...>-6149  [004] ....  1089.241217: do_anonymous_page: anonymous tgid 6096 6149 "mainNetwork-cor" 13601000
           <...>-6204  [004] ....  1089.241404: do_anonymous_page: anonymous tgid 6096 6204 "AsyncTask #1" 13640000
           <...>-6174  [004] ....  1089.241450: do_anonymous_page: anonymous tgid 6096 6174 "mainNetwork-cor" 13680000
           <...>-6174  [004] ....  1089.241493: do_anonymous_page: anonymous tgid 6096 6174 "mainNetwork-cor" 13681000
   Binder:2407_C-5302  [004] ....  1089.241740: do_anonymous_page: anonymous tgid 2407 5302 "Binder:2407_C" 7f310c2000
   Binder:2407_C-5302  [004] ....  1089.241756: do_anonymous_page: anonymous tgid 2407 5302 "Binder:2407_C" 12d40000
   Binder:2407_C-5302  [004] ....  1089.242361: do_anonymous_page: anonymous tgid 2407 5302 "Binder:2407_C" 12d41000
 gle.android.gms-2407  [004] ....  1089.243242: do_anonymous_page: anonymous tgid 2407 2407 "gle.android.gms" 12c83000
 io-core-Thread--6142  [004] ....  1089.245836: do_anonymous_page: anonymous tgid 6096 6142 "io-core-Thread-" 12ec7000
           <...>-4000  [004] ....  1089.246115: do_anonymous_page: anonymous tgid 1337 4000 "Binder:1337_F" 132ae000
 io-core-Thread--6142  [004] ....  1089.246305: do_anonymous_page: anonymous tgid 6096 6142 "io-core-Thread-" 12ec8000
 io-core-Thread--6142  [004] ....  1089.248274: do_anonymous_page: anonymous tgid 6096 6142 "io-core-Thread-" 12ec9000
 io-core-Thread--6142  [004] ....  1089.248317: do_anonymous_page: anonymous tgid 6096 6142 "io-core-Thread-" 12eca000
 io-core-Thread--6143  [004] ....  1089.250047: do_anonymous_page: anonymous tgid 6096 6143 "io-core-Thread-" 12f3b000
           <...>-601   [004] ....  1089.252118: do_anonymous_page: anonymous tgid 601 601 "surfaceflinger" 7fb7527000
           <...>-4000  [004] ....  1089.253823: do_anonymous_page: anonymous tgid 1337 4000 "Binder:1337_F" 132af000
   Binder:1337_C-2952  [004] ....  1089.253918: do_anonymous_page: anonymous tgid 1337 2952 "Binder:1337_C" 1389e000
           <...>-6293  [004] ....  1089.255738: do_anonymous_page: anonymous tgid 6210 6293 "NetworkService" 4b860000
 twitter.android-6096  [004] ....  1089.265344: do_anonymous_page: anonymous tgid 6096 6096 "twitter.android" 765c9000
 twitter.android-6096  [004] ....  1089.265353: do_anonymous_page: anonymous tgid 6096 6096 "twitter.android" 764bf000
 twitter.android-6096  [004] ....  1089.265403: do_anonymous_page: anonymous tgid 6096 6096 "twitter.android" 1426e000
 twitter.android-6096  [004] ....  1089.265975: do_anonymous_page: anonymous tgid 6096 6096 "twitter.android" 764c8000
 twitter.android-6096  [004] ....  1089.265980: do_anonymous_page: anonymous tgid 6096 6096 "twitter.android" 764d9000
 twitter.android-6096  [004] ....  1089.266034: do_anonymous_page: anonymous tgid 6096 6096 "twitter.android" 764c9000
 twitter.android-6096  [004] ....  1089.266038: do_anonymous_page: anonymous tgid 6096 6096 "twitter.android" 764ca000
 twitter.android-6096  [004] ....  1089.266053: do_anonymous_page: anonymous tgid 6096 6096 "twitter.android" 764cb000
 twitter.android-6096  [004] ....  1089.266082: do_anonymous_page: anonymous tgid 6096 6096 "twitter.android" 764cc000
 twitter.android-6096  [004] ....  1089.266086: do_anonymous_page: anonymous tgid 6096 6096 "twitter.android" 764cd000
 twitter.android-6096  [004] ....  1089.266090: do_anonymous_page: anonymous tgid 6096 6096 "twitter.android" 764ce000
 twitter.android-6096  [004] ....  1089.266106: do_anonymous_page: anonymous tgid 6096 6096 "twitter.android" 764da000
 twitter.android-6096  [004] ....  1089.266113: do_anonymous_page: anonymous tgid 6096 6096 "twitter.android" 764db000
 twitter.android-6096  [004] ....  1089.266120: do_anonymous_page: anonymous tgid 6096 6096 "twitter.android" 764dc000
           <...>-1337  [004] ....  1089.266528: do_anonymous_page: anonymous tgid 1337 1337 "system_server" 12e50000
           <...>-6149  [004] ....  1089.270879: do_anonymous_page: anonymous tgid 6096 6149 "mainNetwork-cor" 13602000
            QMon-7033  [004] ....  1089.271192: do_anonymous_page: anonymous tgid 2273 7033 "QMon" 13230000
           <...>-6174  [004] ....  1089.271379: do_anonymous_page: anonymous tgid 6096 6174 "mainNetwork-cor" 13682000
           <...>-6195  [004] ....  1089.271903: do_anonymous_page: anonymous tgid 6096 6195 "mainNetwork-cor" 136c0000
           <...>-6195  [004] ....  1089.272002: do_anonymous_page: anonymous tgid 6096 6195 "mainNetwork-cor" 136c1000
 io-core-Thread--6142  [004] ....  1089.272270: do_anonymous_page: anonymous tgid 6096 6142 "io-core-Thread-" 12ecb000
 io-core-Thread--6142  [004] ....  1089.272283: do_anonymous_page: anonymous tgid 6096 6142 "io-core-Thread-" 12ecc000
 io-core-Thread--6142  [004] ....  1089.272320: do_anonymous_page: anonymous tgid 6096 6142 "io-core-Thread-" 12ecd000
           <...>-6174  [004] ....  1089.272482: do_anonymous_page: anonymous tgid 6096 6174 "mainNetwork-cor" 13683000
           <...>-6174  [004] ....  1089.272539: do_anonymous_page: anonymous tgid 6096 6174 "mainNetwork-cor" 13684000
           <...>-6174  [004] ....  1089.272590: do_anonymous_page: anonymous tgid 6096 6174 "mainNetwork-cor" 13685000
           <...>-6174  [004] ....  1089.272643: do_anonymous_page: anonymous tgid 6096 6174 "mainNetwork-cor" 13686000
           <...>-6174  [004] ....  1089.272756: do_anonymous_page: anonymous tgid 6096 6174 "mainNetwork-cor" 13687000
           <...>-6174  [004] ....  1089.272796: do_anonymous_page: anonymous tgid 6096 6174 "mainNetwork-cor" 13688000
           <...>-6174  [004] ....  1089.272817: do_anonymous_page: anonymous tgid 6096 6174 "mainNetwork-cor" 13689000
           <...>-6174  [004] ....  1089.272833: do_anonymous_page: anonymous tgid 6096 6174 "mainNetwork-cor" 1368a000
           <...>-6174  [004] ....  1089.272942: do_anonymous_page: anonymous tgid 6096 6174 "mainNetwork-cor" 1368b000
           <...>-6174  [004] ....  1089.272970: do_anonymous_page: anonymous tgid 6096 6174 "mainNetwork-cor" 1368c000
       WM.task-1-6151  [004] ....  1089.274840: do_anonymous_page: anonymous tgid 6096 6151 "WM.task-1" 1341d000
       WM.task-1-6151  [004] ....  1089.274853: do_anonymous_page: anonymous tgid 6096 6151 "WM.task-1" 1341e000
       WM.task-1-6151  [004] ....  1089.274862: do_anonymous_page: anonymous tgid 6096 6151 "WM.task-1" 1341f000
       WM.task-1-6151  [004] ....  1089.274874: do_anonymous_page: anonymous tgid 6096 6151 "WM.task-1" 13420000
       WM.task-1-6151  [004] ....  1089.274881: do_anonymous_page: anonymous tgid 6096 6151 "WM.task-1" 13421000
       WM.task-1-6151  [004] ....  1089.274891: do_anonymous_page: anonymous tgid 6096 6151 "WM.task-1" 13422000
       WM.task-1-6151  [004] ....  1089.274899: do_anonymous_page: anonymous tgid 6096 6151 "WM.task-1" 13423000
       WM.task-1-6151  [004] ....  1089.274910: do_anonymous_page: anonymous tgid 6096 6151 "WM.task-1" 13424000
       WM.task-1-6151  [004] ....  1089.275115: do_anonymous_page: anonymous tgid 6096 6151 "WM.task-1" 13425000
       WM.task-1-6151  [004] ....  1089.275347: do_anonymous_page: anonymous tgid 6096 6151 "WM.task-1" 13426000
       WM.task-1-6151  [004] ....  1089.275387: do_anonymous_page: anonymous tgid 6096 6151 "WM.task-1" 13427000
 io-core-Thread--6142  [004] ....  1089.276159: do_anonymous_page: anonymous tgid 6096 6142 "io-core-Thread-" 12ece000
           <...>-6162  [004] ....  1089.276371: do_anonymous_page: anonymous tgid 6096 6162 "mainNetwork-cor" 1329c000
 twitter.android-6096  [004] ....  1089.278577: do_anonymous_page: anonymous tgid 6096 6096 "twitter.android" 1426f000
   Binder:1337_C-2952  [004] ....  1089.278778: do_anonymous_page: anonymous tgid 1337 2952 "Binder:1337_C" 1389f000
           <...>-6162  [004] ....  1089.278891: do_anonymous_page: anonymous tgid 6096 6162 "mainNetwork-cor" 1329d000
           <...>-6162  [004] ....  1089.279006: do_anonymous_page: anonymous tgid 6096 6162 "mainNetwork-cor" 1329e000
           <...>-6162  [004] ....  1089.279022: do_anonymous_page: anonymous tgid 6096 6162 "mainNetwork-cor" 1329f000
           <...>-6162  [004] ....  1089.279037: do_anonymous_page: anonymous tgid 6096 6162 "mainNetwork-cor" 132a0000
           <...>-6162  [004] ....  1089.279105: do_anonymous_page: anonymous tgid 6096 6162 "mainNetwork-cor" 132a1000
           <...>-6162  [004] ....  1089.279129: do_anonymous_page: anonymous tgid 6096 6162 "mainNetwork-cor" 132a2000
       WM.task-1-6151  [004] ....  1089.279255: do_anonymous_page: anonymous tgid 6096 6151 "WM.task-1" 13428000
   Binder:1337_C-2952  [004] ....  1089.279558: do_anonymous_page: anonymous tgid 1337 2952 "Binder:1337_C" 138a0000
   Binder:1337_C-2952  [004] ....  1089.281827: do_anonymous_page: anonymous tgid 1337 2952 "Binder:1337_C" 138a1000
       WM.task-3-6180  [004] ....  1089.282274: do_anonymous_page: anonymous tgid 6096 6180 "WM.task-3" 13382000
       WM.task-3-6180  [004] ....  1089.283978: do_anonymous_page: anonymous tgid 6096 6180 "WM.task-3" 13383000
           <...>-6193  [004] ....  1089.285904: do_anonymous_page: anonymous tgid 6096 6193 "mainNetwork-cor" 13546000
           <...>-6193  [004] ....  1089.285937: do_anonymous_page: anonymous tgid 6096 6193 "mainNetwork-cor" 13547000
           <...>-6193  [004] ....  1089.286233: do_anonymous_page: anonymous tgid 6096 6193 "mainNetwork-cor" 13548000
           <...>-6193  [004] ....  1089.286297: do_anonymous_page: anonymous tgid 6096 6193 "mainNetwork-cor" 13549000
           <...>-6193  [004] ....  1089.286362: do_anonymous_page: anonymous tgid 6096 6193 "mainNetwork-cor" 1354a000
           <...>-6196  [004] ....  1089.286715: do_anonymous_page: anonymous tgid 6096 6196 "mainNetwork-cor" 7e7b7b4000
           <...>-6196  [004] ....  1089.286721: do_anonymous_page: anonymous tgid 6096 6196 "mainNetwork-cor" 7e8e486000
           <...>-6149  [004] ....  1089.288928: do_anonymous_page: anonymous tgid 6096 6149 "mainNetwork-cor" 13603000
           <...>-6149  [004] ....  1089.288958: do_anonymous_page: anonymous tgid 6096 6149 "mainNetwork-cor" 13604000
           <...>-6149  [004] ....  1089.288970: do_anonymous_page: anonymous tgid 6096 6149 "mainNetwork-cor" 13605000
           <...>-6149  [004] ....  1089.288984: do_anonymous_page: anonymous tgid 6096 6149 "mainNetwork-cor" 13606000
           <...>-6149  [004] ....  1089.289048: do_anonymous_page: anonymous tgid 6096 6149 "mainNetwork-cor" 13607000
           <...>-6149  [004] ....  1089.289077: do_anonymous_page: anonymous tgid 6096 6149 "mainNetwork-cor" 13608000
           <...>-6149  [004] ....  1089.289347: do_anonymous_page: anonymous tgid 6096 6149 "mainNetwork-cor" 13609000
           <...>-6149  [004] ....  1089.289404: do_anonymous_page: anonymous tgid 6096 6149 "mainNetwork-cor" 1360a000
           <...>-6149  [004] ....  1089.289458: do_anonymous_page: anonymous tgid 6096 6149 "mainNetwork-cor" 1360b000
           <...>-6149  [004] ....  1089.289510: do_anonymous_page: anonymous tgid 6096 6149 "mainNetwork-cor" 7ea0cc9000
           <...>-6149  [004] ....  1089.289545: do_anonymous_page: anonymous tgid 6096 6149 "mainNetwork-cor" 1360c000
           <...>-6149  [004] ....  1089.289618: do_anonymous_page: anonymous tgid 6096 6149 "mainNetwork-cor" 1360d000
           <...>-6149  [004] ....  1089.289646: do_anonymous_page: anonymous tgid 6096 6149 "mainNetwork-cor" 1360e000
           <...>-6149  [004] ....  1089.289663: do_anonymous_page: anonymous tgid 6096 6149 "mainNetwork-cor" 1360f000
           <...>-6149  [004] ....  1089.289701: do_anonymous_page: anonymous tgid 6096 6149 "mainNetwork-cor" 13610000
           <...>-6149  [004] ....  1089.289786: do_anonymous_page: anonymous tgid 6096 6149 "mainNetwork-cor" 13611000
           <...>-7129  [004] ....  1089.291024: do_anonymous_page: anonymous tgid 6096 7129 "ScionFrontendAp" 7fbe07f000
           <...>-7129  [004] ....  1089.291035: do_anonymous_page: anonymous tgid 6096 7129 "ScionFrontendAp" 7f2d626000
           <...>-7129  [004] ....  1089.291051: do_anonymous_page: anonymous tgid 6096 7129 "ScionFrontendAp" 13700000
           <...>-7129  [004] ....  1089.291101: do_anonymous_page: anonymous tgid 6096 7129 "ScionFrontendAp" 7f2d627000
           <...>-7129  [004] ....  1089.291127: do_anonymous_page: anonymous tgid 6096 7129 "ScionFrontendAp" 7f2d625000
           <...>-6162  [004] ....  1089.292854: do_anonymous_page: anonymous tgid 6096 6162 "mainNetwork-cor" 132a3000
           <...>-6162  [004] ....  1089.292909: do_anonymous_page: anonymous tgid 6096 6162 "mainNetwork-cor" 132a4000
           <...>-6162  [004] ....  1089.292989: do_anonymous_page: anonymous tgid 6096 6162 "mainNetwork-cor" 132a5000
           <...>-6162  [004] ....  1089.293045: do_anonymous_page: anonymous tgid 6096 6162 "mainNetwork-cor" 132a6000
           <...>-7129  [004] ....  1089.293402: do_anonymous_page: anonymous tgid 6096 7129 "ScionFrontendAp" 7f2ceea000
           <...>-7129  [004] ....  1089.293408: do_anonymous_page: anonymous tgid 6096 7129 "ScionFrontendAp" 7f2cee9000
           <...>-7129  [004] ....  1089.293715: do_anonymous_page: anonymous tgid 6096 7129 "ScionFrontendAp" 13701000
           <...>-7132  [004] ....  1089.293843: do_anonymous_page: anonymous tgid 6096 7132 "OkHttp Dispatch" 7fbe079000
           <...>-7132  [004] ....  1089.293851: do_anonymous_page: anonymous tgid 6096 7132 "OkHttp Dispatch" 7f2d30b000
           <...>-7132  [004] ....  1089.293863: do_anonymous_page: anonymous tgid 6096 7132 "OkHttp Dispatch" 13740000
           <...>-7132  [004] ....  1089.293891: do_anonymous_page: anonymous tgid 6096 7132 "twitter.com/..." 7f2d30c000
           <...>-7132  [004] ....  1089.293897: do_anonymous_page: anonymous tgid 6096 7132 "twitter.com/..." 7f2d30a000
           <...>-7132  [004] ....  1089.293947: do_anonymous_page: anonymous tgid 6096 7132 "twitter.com/..." 13741000
           <...>-7133  [004] ....  1089.294010: do_anonymous_page: anonymous tgid 6096 7133 "OkHttp Dispatch" 7fbc110000
           <...>-7133  [004] ....  1089.294016: do_anonymous_page: anonymous tgid 6096 7133 "OkHttp Dispatch" 7f2d202000
           <...>-7133  [004] ....  1089.294020: do_anonymous_page: anonymous tgid 6096 7133 "OkHttp Dispatch" 13780000
           <...>-7133  [004] ....  1089.294040: do_anonymous_page: anonymous tgid 6096 7133 "s.twimg.com/..." 7f2d203000
           <...>-7133  [004] ....  1089.294045: do_anonymous_page: anonymous tgid 6096 7133 "s.twimg.com/..." 7f2d201000
           <...>-7133  [004] ....  1089.294080: do_anonymous_page: anonymous tgid 6096 7133 "s.twimg.com/..." 13781000
           <...>-7134  [004] ....  1089.294139: do_anonymous_page: anonymous tgid 6096 7134 "OkHttp Dispatch" 7f31782000
           <...>-7134  [004] ....  1089.294145: do_anonymous_page: anonymous tgid 6096 7134 "OkHttp Dispatch" 7f2d0f9000
           <...>-7134  [004] ....  1089.294150: do_anonymous_page: anonymous tgid 6096 7134 "OkHttp Dispatch" 137c0000
           <...>-7131  [004] ....  1089.294334: do_anonymous_page: anonymous tgid 6096 7131 "io-variable-Thr" 7fbe07b000
           <...>-7134  [004] ....  1089.294338: do_anonymous_page: anonymous tgid 6096 7134 "o.twimg.com/..." 7f2d0fa000
           <...>-7134  [004] ....  1089.294354: do_anonymous_page: anonymous tgid 6096 7134 "o.twimg.com/..." 7f2d0f8000
           <...>-7131  [004] ....  1089.294402: do_anonymous_page: anonymous tgid 6096 7131 "io-variable-Thr" 7f2d414000
           <...>-7134  [004] ....  1089.294417: do_anonymous_page: anonymous tgid 6096 7134 "o.twimg.com/..." 137c1000
           <...>-7131  [004] ....  1089.294458: do_anonymous_page: anonymous tgid 6096 7131 "io-variable-Thr" 13800000
           <...>-7131  [004] ....  1089.294495: do_anonymous_page: anonymous tgid 6096 7131 "io-variable-Thr" 7f2d415000
           <...>-6178  [004] ....  1089.294627: do_anonymous_page: anonymous tgid 6096 6178 "WM.task-2" 13305000
           <...>-7131  [004] ....  1089.295066: do_anonymous_page: anonymous tgid 6096 7131 "io-variable-Thr" 7f2d413000
           <...>-7135  [004] ....  1089.295331: do_anonymous_page: anonymous tgid 6096 7135 "OkHttp Dispatch" 7f31780000
           <...>-7135  [004] ....  1089.295435: do_anonymous_page: anonymous tgid 6096 7135 "OkHttp Dispatch" 7f2cff0000
           <...>-7135  [004] ....  1089.295445: do_anonymous_page: anonymous tgid 6096 7135 "OkHttp Dispatch" 13840000
           <...>-7135  [004] ....  1089.295471: do_anonymous_page: anonymous tgid 6096 7135 "glbtls.t.co/..." 7f2cff1000
           <...>-7135  [004] ....  1089.295476: do_anonymous_page: anonymous tgid 6096 7135 "glbtls.t.co/..." 7f2cfef000
           <...>-7135  [004] ....  1089.295491: do_anonymous_page: anonymous tgid 6096 7135 "glbtls.t.co/..." 13841000
           <...>-7130  [004] ....  1089.295588: do_anonymous_page: anonymous tgid 6096 7130 "io-variable-Thr" 7fbe07d000
           <...>-7130  [004] ....  1089.295594: do_anonymous_page: anonymous tgid 6096 7130 "io-variable-Thr" 7f2d51d000
           <...>-7130  [004] ....  1089.295606: do_anonymous_page: anonymous tgid 6096 7130 "io-variable-Thr" 13880000
           <...>-7130  [004] ....  1089.295639: do_anonymous_page: anonymous tgid 6096 7130 "io-variable-Thr" 7f2d51e000
   Binder:1337_C-2952  [004] ....  1089.297052: do_anonymous_page: anonymous tgid 1337 2952 "Binder:1337_C" 138a2000
           <...>-7130  [004] ....  1089.297153: do_anonymous_page: anonymous tgid 6096 7130 "io-variable-Thr" 7f2d51c000
           <...>-7130  [004] ....  1089.297186: do_anonymous_page: anonymous tgid 6096 7130 "io-variable-Thr" 13881000
           <...>-7130  [004] ....  1089.297467: do_anonymous_page: anonymous tgid 6096 7130 "io-variable-Thr" 13882000
           <...>-7130  [004] ....  1089.297637: do_anonymous_page: anonymous tgid 6096 7130 "io-variable-Thr" 13883000
   Binder:1337_C-2952  [004] ....  1089.297686: do_anonymous_page: anonymous tgid 1337 2952 "Binder:1337_C" 138a3000
           <...>-7130  [004] ....  1089.297838: do_anonymous_page: anonymous tgid 6096 7130 "io-variable-Thr" 13884000
           <...>-7130  [004] ....  1089.297868: do_anonymous_page: anonymous tgid 6096 7130 "io-variable-Thr" 13885000
   Binder:1337_C-2952  [004] ....  1089.298425: do_anonymous_page: anonymous tgid 1337 2952 "Binder:1337_C" 138a4000
   Binder:1337_C-2952  [004] ....  1089.298491: do_anonymous_page: anonymous tgid 1337 2952 "Binder:1337_C" 138a5000
   Binder:1337_C-2952  [004] ....  1089.302343: do_anonymous_page: anonymous tgid 1337 2952 "Binder:1337_C" 138a6000
           <...>-2978  [004] ....  1089.304983: do_anonymous_page: anonymous tgid 2407 2978 "Binder:2407_4" 12cc1000
 gle.android.gms-2407  [004] ....  1089.305201: do_anonymous_page: anonymous tgid 2407 2407 "gle.android.gms" 12c84000
 gle.android.gms-2407  [004] ....  1089.305696: do_anonymous_page: anonymous tgid 2407 2407 "gle.android.gms" 12c85000
           <...>-2978  [004] ....  1089.308181: do_anonymous_page: anonymous tgid 2407 2978 "Binder:2407_4" 12cc2000
           <...>-2978  [004] ....  1089.308619: do_anonymous_page: anonymous tgid 2407 2978 "Binder:2407_4" 12cc3000
           <...>-7136  [004] ....  1089.311962: do_anonymous_page: anonymous tgid 6096 7136 "ScionFrontendAp" 7eabec0000
           <...>-7136  [004] ....  1089.311972: do_anonymous_page: anonymous tgid 6096 7136 "ScionFrontendAp" 7eabec1000
           <...>-7136  [004] ....  1089.311994: do_anonymous_page: anonymous tgid 6096 7136 "Measurement Wor" 7f314f0000
           <...>-7136  [004] ....  1089.312005: do_anonymous_page: anonymous tgid 6096 7136 "Measurement Wor" 7f2cee7000
           <...>-7136  [004] ....  1089.312022: do_anonymous_page: anonymous tgid 6096 7136 "Measurement Wor" 7f2cee8000
           <...>-7136  [004] ....  1089.312123: do_anonymous_page: anonymous tgid 6096 7136 "Measurement Wor" 7f2cee6000
           <...>-7136  [004] ....  1089.312137: do_anonymous_page: anonymous tgid 6096 7136 "Measurement Wor" 138c0000
           <...>-7136  [004] ....  1089.312447: do_anonymous_page: anonymous tgid 6096 7136 "Measurement Wor" 138c1000
           <...>-7136  [004] ....  1089.312576: do_anonymous_page: anonymous tgid 6096 7136 "Measurement Wor" 7f2cee5000
           <...>-7136  [004] ....  1089.312603: do_anonymous_page: anonymous tgid 6096 7136 "Measurement Wor" 138c2000
   Binder:1337_C-2952  [004] ....  1089.313167: do_anonymous_page: anonymous tgid 1337 2952 "Binder:1337_C" 138a7000
   Binder:1337_C-2952  [004] ....  1089.313217: do_anonymous_page: anonymous tgid 1337 2952 "Binder:1337_C" 138a8000
   Binder:1337_C-2952  [004] ....  1089.313300: do_anonymous_page: anonymous tgid 1337 2952 "Binder:1337_C" 138a9000
