           <...>-1361  [004] ....  2403.021835: do_anonymous_page: anonymous tgid 1337 1361 "android.anim" 13007000
           <...>-631   [004] ....  2403.021908: do_anonymous_page: anonymous tgid 601 631 "Binder:601_2" 7faa66e000
           <...>-631   [004] ....  2403.021912: do_anonymous_page: anonymous tgid 601 631 "Binder:601_2" 7faa66c000
           <...>-631   [004] ....  2403.021916: do_anonymous_page: anonymous tgid 601 631 "Binder:601_2" 7faa66d000
           <...>-1361  [004] ....  2403.021998: do_anonymous_page: anonymous tgid 1337 1361 "android.anim" 13008000
           <...>-631   [004] ....  2403.022066: do_anonymous_page: anonymous tgid 601 631 "Binder:601_2" 7faa672000
           <...>-631   [004] ....  2403.022070: do_anonymous_page: anonymous tgid 601 631 "Binder:601_2" 7faa670000
           <...>-631   [004] ....  2403.022074: do_anonymous_page: anonymous tgid 601 631 "Binder:601_2" 7faa671000
           <...>-1361  [004] ....  2403.022232: do_anonymous_page: anonymous tgid 1337 1361 "android.anim" 13009000
           <...>-1362  [004] ....  2403.022528: do_anonymous_page: anonymous tgid 1337 1362 "android.anim.lf" 13480000
           <...>-2466  [004] ....  2403.028444: do_anonymous_page: anonymous tgid 1337 2466 "Binder:1337_B" 12f92000
 twitter.android-6096  [004] ....  2403.033830: do_anonymous_page: anonymous tgid 6096 6096 "twitter.android" 7f2d520000
 twitter.android-6096  [004] ....  2403.033843: do_anonymous_page: anonymous tgid 6096 6096 "twitter.android" 7f2d51f000
 twitter.android-6096  [004] ....  2403.034080: do_anonymous_page: anonymous tgid 6096 6096 "twitter.android" 12e08000
 twitter.android-6096  [004] ....  2403.034127: do_anonymous_page: anonymous tgid 6096 6096 "twitter.android" 12e0a000
 twitter.android-6096  [004] ....  2403.034198: do_anonymous_page: anonymous tgid 6096 6096 "twitter.android" 12e09000
           <...>-1357  [004] ....  2403.040156: do_anonymous_page: anonymous tgid 1337 1357 "android.fg" 13043000
           <...>-1473  [004] ....  2403.040807: do_anonymous_page: anonymous tgid 1337 1473 "tworkPolicy.uid" 134c0000
           <...>-5151  [004] ....  2403.043953: do_anonymous_page: anonymous tgid 1337 5151 "Binder:1337_11" 12ecf000
 ndroid.systemui-1663  [004] ....  2403.044242: do_anonymous_page: anonymous tgid 1663 1663 "ndroid.systemui" 131e5000
           <...>-603   [004] ....  2403.046411: do_anonymous_page: anonymous tgid 603 603 "composer@2.3-se" 7fb5dd9000
           <...>-603   [004] ....  2403.046421: do_anonymous_page: anonymous tgid 603 603 "composer@2.3-se" 7fb5dda000
           <...>-603   [004] ....  2403.046423: do_anonymous_page: anonymous tgid 603 603 "composer@2.3-se" 7fb5ddb000
           <...>-603   [004] ....  2403.046426: do_anonymous_page: anonymous tgid 603 603 "composer@2.3-se" 7fb5ddc000
           <...>-603   [004] ....  2403.046428: do_anonymous_page: anonymous tgid 603 603 "composer@2.3-se" 7fb5ddd000
           <...>-603   [004] ....  2403.046431: do_anonymous_page: anonymous tgid 603 603 "composer@2.3-se" 7fb5dde000
           <...>-603   [004] ....  2403.046880: do_anonymous_page: anonymous tgid 603 603 "composer@2.3-se" 7fbce86000
 ScreenDecoratio-2167  [004] ....  2403.049481: do_anonymous_page: anonymous tgid 1663 2167 "ScreenDecoratio" 1320c000
           <...>-1361  [004] ....  2403.049909: do_anonymous_page: anonymous tgid 1337 1361 "android.anim" 1300a000
           <...>-1969  [004] ....  2403.050819: do_anonymous_page: anonymous tgid 1663 1969 "pool-2-thread-1" 12e00000
           <...>-1791  [004] ....  2403.050949: do_anonymous_page: anonymous tgid 1337 1791 "Binder:1337_6" 7f346be000
 twitter.android-6096  [004] ....  2403.051918: do_anonymous_page: anonymous tgid 6096 6096 "twitter.android" 7eabec7000
 twitter.android-6096  [004] ....  2403.051923: do_anonymous_page: anonymous tgid 6096 6096 "twitter.android" 7eabec8000
 twitter.android-6096  [004] ....  2403.051973: do_anonymous_page: anonymous tgid 6096 6096 "twitter.android" 7f2d417000
 twitter.android-6096  [004] ....  2403.051976: do_anonymous_page: anonymous tgid 6096 6096 "twitter.android" 7f2d416000
 twitter.android-6096  [004] ....  2403.052026: do_anonymous_page: anonymous tgid 6096 6096 "twitter.android" 12e0b000
 twitter.android-6096  [004] ....  2403.052111: do_anonymous_page: anonymous tgid 6096 6096 "twitter.android" 12e0d000
 twitter.android-6096  [004] ....  2403.052182: do_anonymous_page: anonymous tgid 6096 6096 "twitter.android" 12e0c000
 twitter.android-6096  [004] ....  2403.052208: do_anonymous_page: anonymous tgid 6096 6096 "twitter.android" 7eabec9000
 twitter.android-6096  [004] ....  2403.052211: do_anonymous_page: anonymous tgid 6096 6096 "twitter.android" 7eabeca000
 twitter.android-6096  [004] ....  2403.052234: do_anonymous_page: anonymous tgid 6096 6096 "twitter.android" 7f2d30e000
 twitter.android-6096  [004] ....  2403.052239: do_anonymous_page: anonymous tgid 6096 6096 "twitter.android" 7f2d30d000
 twitter.android-6096  [004] ....  2403.052321: do_anonymous_page: anonymous tgid 6096 6096 "twitter.android" 12e0e000
           <...>-1791  [004] ....  2403.052562: do_anonymous_page: anonymous tgid 1337 1791 "Binder:1337_6" 12f04000
 io-core-Thread--6142  [004] ....  2403.052790: do_anonymous_page: anonymous tgid 6096 6142 "io-core-Thread-" 13033000
           <...>-6180  [004] ....  2403.054137: do_anonymous_page: anonymous tgid 6096 6180 "WM.task-3" 13310000
           <...>-6180  [004] ....  2403.054200: do_anonymous_page: anonymous tgid 6096 6180 "WM.task-3" 13311000
 io-core-Thread--6142  [004] ....  2403.054682: do_anonymous_page: anonymous tgid 6096 6142 "io-core-Thread-" 13034000
 io-core-Thread--6142  [004] ....  2403.054835: do_anonymous_page: anonymous tgid 6096 6142 "io-core-Thread-" 13035000
           <...>-6180  [004] ....  2403.055107: do_anonymous_page: anonymous tgid 6096 6180 "WM.task-3" 13312000
 twitter.android-6096  [004] ....  2403.055270: do_anonymous_page: anonymous tgid 6096 6096 "twitter.android" 12e10000
 twitter.android-6096  [004] ....  2403.055325: do_anonymous_page: anonymous tgid 6096 6096 "twitter.android" 12e0f000
 twitter.android-6096  [004] ....  2403.055367: do_anonymous_page: anonymous tgid 6096 6096 "twitter.android" 12e11000
 twitter.android-6096  [004] ....  2403.055395: do_anonymous_page: anonymous tgid 6096 6096 "twitter.android" 12e13000
 twitter.android-6096  [004] ....  2403.055416: do_anonymous_page: anonymous tgid 6096 6096 "twitter.android" 12e12000
 twitter.android-6096  [004] ....  2403.055831: do_anonymous_page: anonymous tgid 6096 6096 "twitter.android" 12e14000
 twitter.android-6096  [004] ....  2403.056346: do_anonymous_page: anonymous tgid 6096 6096 "twitter.android" 12e15000
 twitter.android-6096  [004] ....  2403.056424: do_anonymous_page: anonymous tgid 6096 6096 "twitter.android" 12e16000
           <...>-6186  [004] ....  2403.056585: do_anonymous_page: anonymous tgid 6096 6186 "RxNewThreadSche" 13500000
 ScreenDecoratio-2167  [004] ....  2403.060322: do_anonymous_page: anonymous tgid 1663 2167 "ScreenDecoratio" 1320d000
           <...>-6180  [004] ....  2403.060781: do_anonymous_page: anonymous tgid 6096 6180 "WM.task-3" 13313000
           <...>-6180  [004] ....  2403.060877: do_anonymous_page: anonymous tgid 6096 6180 "WM.task-3" 13314000
   Binder:1663_1-1679  [004] ....  2403.061880: do_anonymous_page: anonymous tgid 1663 1679 "Binder:1663_1" 7fb9aed000
   Binder:1663_1-1679  [004] ....  2403.061902: do_anonymous_page: anonymous tgid 1663 1679 "Binder:1663_1" 12e40000
 io-core-Thread--6142  [004] ....  2403.062431: do_anonymous_page: anonymous tgid 6096 6142 "io-core-Thread-" 13036000
 ScreenDecoratio-2167  [004] ....  2403.062653: do_anonymous_page: anonymous tgid 1663 2167 "ScreenDecoratio" 1320e000
           <...>-5151  [004] ....  2403.062996: do_anonymous_page: anonymous tgid 1337 5151 "Binder:1337_11" 12ed0000
 io-core-Thread--6142  [004] ....  2403.063159: do_anonymous_page: anonymous tgid 6096 6142 "io-core-Thread-" 13037000
 io-core-Thread--6142  [004] ....  2403.063189: do_anonymous_page: anonymous tgid 6096 6142 "io-core-Thread-" 13038000
 io-core-Thread--6142  [004] ....  2403.063226: do_anonymous_page: anonymous tgid 6096 6142 "io-core-Thread-" 13039000
     logd.writer-569   [004] ....  2403.063780: do_anonymous_page: anonymous tgid 557 569 "logd.writer" 7fbbf57000
 twitter.android-6096  [004] ....  2403.064893: do_anonymous_page: anonymous tgid 6096 6096 "twitter.android" 12e17000
 twitter.android-6096  [004] ....  2403.065072: do_anonymous_page: anonymous tgid 6096 6096 "twitter.android" 12e18000
 io-core-Thread--6143  [004] ....  2403.066589: do_anonymous_page: anonymous tgid 6096 6143 "io-core-Thread-" 12fc1000
 io-core-Thread--6143  [004] ....  2403.066702: do_anonymous_page: anonymous tgid 6096 6143 "io-core-Thread-" 12fc2000
 io-core-Thread--6143  [004] ....  2403.066800: do_anonymous_page: anonymous tgid 6096 6143 "io-core-Thread-" 12fc3000
 computation-Thr-6175  [004] ....  2403.066896: do_anonymous_page: anonymous tgid 6096 6175 "computation-Thr" 12e85000
           <...>-6498  [004] ....  2403.067072: do_anonymous_page: anonymous tgid 6210 6498 "Binder:6210_4" cccbe000
 io-core-Thread--6143  [004] ....  2403.072119: do_anonymous_page: anonymous tgid 6096 6143 "io-core-Thread-" 12fc4000
 io-core-Thread--6143  [004] ....  2403.072252: do_anonymous_page: anonymous tgid 6096 6143 "io-core-Thread-" 7f2d205000
 io-core-Thread--6143  [004] ....  2403.072258: do_anonymous_page: anonymous tgid 6096 6143 "io-core-Thread-" 7f2d204000
 io-core-Thread--6143  [004] ....  2403.072317: do_anonymous_page: anonymous tgid 6096 6143 "io-core-Thread-" 12fc5000
 io-core-Thread--6143  [004] ....  2403.073179: do_anonymous_page: anonymous tgid 6096 6143 "io-core-Thread-" 7f2d0fc000
 io-core-Thread--6143  [004] ....  2403.073186: do_anonymous_page: anonymous tgid 6096 6143 "io-core-Thread-" 7f2d0fb000
 io-core-Thread--6143  [004] ....  2403.073244: do_anonymous_page: anonymous tgid 6096 6143 "io-core-Thread-" 12fc6000
 io-core-Thread--6143  [004] ....  2403.073283: do_anonymous_page: anonymous tgid 6096 6143 "io-core-Thread-" 7f2cef6000
 io-core-Thread--6143  [004] ....  2403.073296: do_anonymous_page: anonymous tgid 6096 6143 "io-core-Thread-" 7f2cef5000
 io-core-Thread--6143  [004] ....  2403.073361: do_anonymous_page: anonymous tgid 6096 6143 "io-core-Thread-" 12fc7000
 io-core-Thread--6143  [004] ....  2403.073398: do_anonymous_page: anonymous tgid 6096 6143 "io-core-Thread-" 7f2cdcf000
 io-core-Thread--6143  [004] ....  2403.073401: do_anonymous_page: anonymous tgid 6096 6143 "io-core-Thread-" 7f2cdce000
 twitter.android-6096  [004] ....  2403.074077: do_anonymous_page: anonymous tgid 6096 6096 "twitter.android" 12e19000
 twitter.android-6096  [004] ....  2403.074429: do_anonymous_page: anonymous tgid 6096 6096 "twitter.android" 12e1a000
 twitter.android-6096  [004] ....  2403.074526: do_anonymous_page: anonymous tgid 6096 6096 "twitter.android" 12e1b000
           <...>-6180  [004] ....  2403.074973: do_anonymous_page: anonymous tgid 6096 6180 "WM.task-3" 13315000
           <...>-6180  [004] ....  2403.074996: do_anonymous_page: anonymous tgid 6096 6180 "WM.task-3" 13316000
           <...>-6180  [004] ....  2403.075003: do_anonymous_page: anonymous tgid 6096 6180 "WM.task-3" 13317000
           <...>-6180  [004] ....  2403.075011: do_anonymous_page: anonymous tgid 6096 6180 "WM.task-3" 13318000
           <...>-6180  [004] ....  2403.075024: do_anonymous_page: anonymous tgid 6096 6180 "WM.task-3" 13319000
           <...>-6180  [004] ....  2403.075033: do_anonymous_page: anonymous tgid 6096 6180 "WM.task-3" 1331a000
           <...>-6180  [004] ....  2403.075044: do_anonymous_page: anonymous tgid 6096 6180 "WM.task-3" 1331b000
           <...>-6180  [004] ....  2403.075048: do_anonymous_page: anonymous tgid 6096 6180 "WM.task-3" 1331c000
           <...>-6180  [004] ....  2403.075059: do_anonymous_page: anonymous tgid 6096 6180 "WM.task-3" 1331d000
           <...>-6498  [004] ....  2403.075632: do_anonymous_page: anonymous tgid 6210 6498 "Binder:6210_4" cccbc000
           <...>-6293  [004] ....  2403.078085: do_anonymous_page: anonymous tgid 6210 6293 "NetworkService" 4b740000
 io-core-Thread--6143  [004] ....  2403.083663: do_anonymous_page: anonymous tgid 6096 6143 "io-core-Thread-" 12fc8000
           <...>-2466  [004] ....  2403.083746: do_anonymous_page: anonymous tgid 1337 2466 "Binder:1337_B" 12f93000
 io-core-Thread--6143  [004] ....  2403.083999: do_anonymous_page: anonymous tgid 6096 6143 "io-core-Thread-" 12fc9000
 io-core-Thread--6143  [004] ....  2403.084034: do_anonymous_page: anonymous tgid 6096 6143 "io-core-Thread-" 12fca000
           <...>-6149  [004] ....  2403.084419: do_anonymous_page: anonymous tgid 6096 6149 "mainNetwork-cor" 13540000
           <...>-6149  [004] ....  2403.084518: do_anonymous_page: anonymous tgid 6096 6149 "mainNetwork-cor" 13541000
           <...>-6180  [004] ....  2403.084646: do_anonymous_page: anonymous tgid 6096 6180 "WM.task-3" 1331e000
           <...>-6180  [004] ....  2403.084732: do_anonymous_page: anonymous tgid 6096 6180 "WM.task-3" 1331f000
 wifi_ext@1.0-se-2949  [004] ....  2403.084889: do_anonymous_page: anonymous tgid 832 2949 "wifi_ext@1.0-se" 7fbb49d000
 wifi_ext@1.0-se-2949  [004] ....  2403.084894: do_anonymous_page: anonymous tgid 832 2949 "wifi_ext@1.0-se" 7fbb49e000
 wifi_ext@1.0-se-2949  [004] ....  2403.084896: do_anonymous_page: anonymous tgid 832 2949 "wifi_ext@1.0-se" 7fbb49f000
 wifi_ext@1.0-se-2949  [004] ....  2403.084903: do_anonymous_page: anonymous tgid 832 2949 "wifi_ext@1.0-se" 7fba17d000
           <...>-6180  [004] ....  2403.085428: do_anonymous_page: anonymous tgid 6096 6180 "WM.task-3" 13320000
 io-core-Thread--6143  [004] ....  2403.085756: do_anonymous_page: anonymous tgid 6096 6143 "io-core-Thread-" 12fcb000
           <...>-1791  [004] ....  2403.086043: do_anonymous_page: anonymous tgid 1337 1791 "Binder:1337_6" 12f05000
           <...>-1791  [004] ....  2403.086202: do_anonymous_page: anonymous tgid 1337 1791 "Binder:1337_6" 12f06000
           <...>-6301  [004] ....  2403.086932: do_anonymous_page: anonymous tgid 6096 6301 "Binder:6096_4" 13242000
 twitter.android-6096  [004] ....  2403.087547: do_anonymous_page: anonymous tgid 6096 6096 "twitter.android" 12e1c000
 twitter.android-6096  [004] ....  2403.087840: do_anonymous_page: anonymous tgid 6096 6096 "twitter.android" 12e1d000
           <...>-1791  [004] ....  2403.088258: do_anonymous_page: anonymous tgid 1337 1791 "Binder:1337_6" 12f07000
 twitter.android-6096  [004] ....  2403.088360: do_anonymous_page: anonymous tgid 6096 6096 "twitter.android" 12e1e000
 twitter.android-6096  [004] ....  2403.088532: do_anonymous_page: anonymous tgid 6096 6096 "twitter.android" 12e1f000
 twitter.android-6096  [004] ....  2403.088825: do_anonymous_page: anonymous tgid 6096 6096 "twitter.android" 12e20000
 twitter.android-6096  [004] ....  2403.088961: do_anonymous_page: anonymous tgid 6096 6096 "twitter.android" 12e21000
           <...>-6247  [004] ....  2403.089326: do_anonymous_page: anonymous tgid 6096 6247 "pool-20-thread-" 13580000
 twitter.android-6096  [004] ....  2403.089491: do_anonymous_page: anonymous tgid 6096 6096 "twitter.android" 12e22000
 twitter.android-6096  [004] ....  2403.089652: do_anonymous_page: anonymous tgid 6096 6096 "twitter.android" 12e23000
 twitter.android-6096  [004] ....  2403.089787: do_anonymous_page: anonymous tgid 6096 6096 "twitter.android" 12e24000
 twitter.android-6096  [004] ....  2403.089961: do_anonymous_page: anonymous tgid 6096 6096 "twitter.android" 12e25000
 twitter.android-6096  [004] ....  2403.090123: do_anonymous_page: anonymous tgid 6096 6096 "twitter.android" 12e26000
           <...>-6196  [004] ....  2403.092669: do_anonymous_page: anonymous tgid 6096 6196 "mainNetwork-cor" 135c0000
           <...>-6196  [004] ....  2403.092820: do_anonymous_page: anonymous tgid 6096 6196 "mainNetwork-cor" 135c1000
           <...>-6196  [004] ....  2403.092844: do_anonymous_page: anonymous tgid 6096 6196 "mainNetwork-cor" 135c2000
           <...>-6196  [004] ....  2403.092854: do_anonymous_page: anonymous tgid 6096 6196 "mainNetwork-cor" 135c3000
           <...>-6196  [004] ....  2403.092862: do_anonymous_page: anonymous tgid 6096 6196 "mainNetwork-cor" 135c4000
           <...>-6196  [004] ....  2403.092869: do_anonymous_page: anonymous tgid 6096 6196 "mainNetwork-cor" 135c5000
           <...>-6162  [004] ....  2403.092929: do_anonymous_page: anonymous tgid 6096 6162 "mainNetwork-cor" 13600000
           <...>-6162  [004] ....  2403.093072: do_anonymous_page: anonymous tgid 6096 6162 "mainNetwork-cor" 13601000
           <...>-5151  [004] ....  2403.095349: do_anonymous_page: anonymous tgid 1337 5151 "Binder:1337_11" 12ed1000
           <...>-5151  [004] ....  2403.095412: do_anonymous_page: anonymous tgid 1337 5151 "Binder:1337_11" 12ed2000
           <...>-5151  [004] ....  2403.095568: do_anonymous_page: anonymous tgid 1337 5151 "Binder:1337_11" 12ed3000
           <...>-1791  [004] ....  2403.099907: do_anonymous_page: anonymous tgid 1337 1791 "Binder:1337_6" 12f08000
    Binder:601_3-833   [004] ....  2403.100592: do_anonymous_page: anonymous tgid 601 833 "Binder:601_3" 7fba695000
    Binder:601_3-833   [004] ....  2403.104539: do_anonymous_page: anonymous tgid 601 833 "Binder:601_3" 7fba6c4000
    Binder:601_3-833   [004] ....  2403.104568: do_anonymous_page: anonymous tgid 601 833 "Binder:601_3" 7fba6c5000
    Binder:601_3-833   [004] ....  2403.104593: do_anonymous_page: anonymous tgid 601 833 "Binder:601_3" 7fba6c6000
           <...>-2014  [004] ....  2403.105535: do_anonymous_page: anonymous tgid 1984 2014 "Binder:1984_2" 12e01000
  UiThreadHelper-2033  [004] ....  2403.105865: do_anonymous_page: anonymous tgid 1984 2033 "UiThreadHelper" 12ccf000
 twitter.android-6096  [004] ....  2403.106275: do_anonymous_page: anonymous tgid 6096 6096 "twitter.android" 12e27000
 twitter.android-6096  [004] ....  2403.108362: do_anonymous_page: anonymous tgid 6096 6096 "twitter.android" 12e28000
 twitter.android-6096  [004] ....  2403.109531: do_anonymous_page: anonymous tgid 6096 6096 "twitter.android" 12e29000
           <...>-6176  [004] ....  2403.110924: do_anonymous_page: anonymous tgid 6096 6176 "RenderThread" 7ec6da0000
           <...>-6176  [004] ....  2403.110932: do_anonymous_page: anonymous tgid 6096 6176 "RenderThread" 7ec6da1000
           <...>-6176  [004] ....  2403.110934: do_anonymous_page: anonymous tgid 6096 6176 "RenderThread" 7ec6da2000
           <...>-6176  [004] ....  2403.110936: do_anonymous_page: anonymous tgid 6096 6176 "RenderThread" 7ec6da3000
           <...>-6176  [004] ....  2403.110938: do_anonymous_page: anonymous tgid 6096 6176 "RenderThread" 7ec6da4000
           <...>-6176  [004] ....  2403.110941: do_anonymous_page: anonymous tgid 6096 6176 "RenderThread" 7ec6da5000
    Binder:601_3-833   [004] ....  2403.112348: do_anonymous_page: anonymous tgid 601 833 "Binder:601_3" 7fba60e000
    Binder:601_3-833   [004] ....  2403.112512: do_anonymous_page: anonymous tgid 601 833 "Binder:601_3" 7fba618000
           <...>-6176  [004] ....  2403.114978: do_anonymous_page: anonymous tgid 6096 6176 "RenderThread" 13640000
           <...>-6176  [004] ....  2403.115004: do_anonymous_page: anonymous tgid 6096 6176 "RenderThread" 7f30b37000
           <...>-1361  [004] ....  2403.117457: do_anonymous_page: anonymous tgid 1337 1361 "android.anim" 1300b000
    Binder:601_3-833   [004] ....  2403.117538: do_anonymous_page: anonymous tgid 601 833 "Binder:601_3" 7fba6af000
    Binder:601_3-833   [004] ....  2403.117542: do_anonymous_page: anonymous tgid 601 833 "Binder:601_3" 7fba6ad000
    Binder:601_3-833   [004] ....  2403.117548: do_anonymous_page: anonymous tgid 601 833 "Binder:601_3" 7fba6ae000
 twitter.android-6096  [004] ....  2403.119440: do_anonymous_page: anonymous tgid 6096 6096 "twitter.android" 12e2a000
 gle.android.gms-2407  [004] ....  2403.120421: do_anonymous_page: anonymous tgid 2407 2407 "gle.android.gms" 12c81000
 gle.android.gms-2407  [004] ....  2403.120623: do_anonymous_page: anonymous tgid 2407 2407 "gle.android.gms" 12c82000
           <...>-625   [004] ....  2403.123710: do_anonymous_page: anonymous tgid 601 625 "Binder:601_1" 7fba619000
           <...>-603   [004] ....  2403.124723: do_anonymous_page: anonymous tgid 603 603 "composer@2.3-se" 7fb44fe000
           <...>-603   [004] ....  2403.124729: do_anonymous_page: anonymous tgid 603 603 "composer@2.3-se" 7fb44ff000
           <...>-603   [004] ....  2403.124732: do_anonymous_page: anonymous tgid 603 603 "composer@2.3-se" 7fb4500000
           <...>-603   [004] ....  2403.124734: do_anonymous_page: anonymous tgid 603 603 "composer@2.3-se" 7fb4501000
           <...>-603   [004] ....  2403.124737: do_anonymous_page: anonymous tgid 603 603 "composer@2.3-se" 7fb4502000
           <...>-603   [004] ....  2403.124740: do_anonymous_page: anonymous tgid 603 603 "composer@2.3-se" 7fb4503000
           <...>-603   [004] ....  2403.124746: do_anonymous_page: anonymous tgid 603 603 "composer@2.3-se" 7fb4504000
           <...>-603   [004] ....  2403.124898: do_anonymous_page: anonymous tgid 603 603 "composer@2.3-se" 7fbce88000
           <...>-603   [004] ....  2403.124914: do_anonymous_page: anonymous tgid 603 603 "composer@2.3-se" 7fb5de0000
 twitter.android-6096  [004] ....  2403.129372: do_anonymous_page: anonymous tgid 6096 6096 "twitter.android" 12e2b000
           <...>-2466  [004] ....  2403.129680: do_anonymous_page: anonymous tgid 1337 2466 "Binder:1337_B" 12f94000
 twitter.android-6096  [004] ....  2403.131654: do_anonymous_page: anonymous tgid 6096 6096 "twitter.android" 12e2c000
 twitter.android-6096  [004] ....  2403.131782: do_anonymous_page: anonymous tgid 6096 6096 "twitter.android" 12e2d000
           <...>-6193  [004] ....  2403.131920: do_anonymous_page: anonymous tgid 6096 6193 "mainNetwork-cor" 13680000
           <...>-6193  [004] ....  2403.132012: do_anonymous_page: anonymous tgid 6096 6193 "mainNetwork-cor" 13681000
           <...>-6204  [004] ....  2403.132248: do_anonymous_page: anonymous tgid 6096 6204 "AsyncTask #1" 136c0000
           <...>-6174  [004] ....  2403.132293: do_anonymous_page: anonymous tgid 6096 6174 "mainNetwork-cor" 13700000
           <...>-6174  [004] ....  2403.132337: do_anonymous_page: anonymous tgid 6096 6174 "mainNetwork-cor" 13701000
           <...>-6174  [004] ....  2403.132637: do_anonymous_page: anonymous tgid 6096 6174 "mainNetwork-cor" 13702000
           <...>-6162  [004] ....  2403.132847: do_anonymous_page: anonymous tgid 6096 6162 "mainNetwork-cor" 13602000
           <...>-6162  [004] ....  2403.132949: do_anonymous_page: anonymous tgid 6096 6162 "mainNetwork-cor" 13603000
           <...>-6162  [004] ....  2403.132965: do_anonymous_page: anonymous tgid 6096 6162 "mainNetwork-cor" 13604000
           <...>-6162  [004] ....  2403.132978: do_anonymous_page: anonymous tgid 6096 6162 "mainNetwork-cor" 13605000
           <...>-6162  [004] ....  2403.133048: do_anonymous_page: anonymous tgid 6096 6162 "mainNetwork-cor" 13606000
           <...>-6162  [004] ....  2403.133068: do_anonymous_page: anonymous tgid 6096 6162 "mainNetwork-cor" 13607000
           <...>-7653  [004] ....  2403.133125: do_anonymous_page: anonymous tgid 1337 7653 "Binder:1337_15" 133c1000
           <...>-5314  [004] ....  2403.133922: do_anonymous_page: anonymous tgid 2407 5314 "Binder:2407_D" 12cc1000
           <...>-601   [004] ....  2403.137029: do_anonymous_page: anonymous tgid 601 601 "surfaceflinger" 7fb750a000
 gle.android.gms-2407  [004] ....  2403.138674: do_anonymous_page: anonymous tgid 2407 2407 "gle.android.gms" 12c83000
 io-core-Thread--6142  [004] ....  2403.141233: do_anonymous_page: anonymous tgid 6096 6142 "io-core-Thread-" 1303a000
 io-core-Thread--6142  [004] ....  2403.141736: do_anonymous_page: anonymous tgid 6096 6142 "io-core-Thread-" 1303b000
 io-core-Thread--6142  [004] ....  2403.141751: do_anonymous_page: anonymous tgid 6096 6142 "io-core-Thread-" 1303c000
 io-core-Thread--6142  [004] ....  2403.141780: do_anonymous_page: anonymous tgid 6096 6142 "io-core-Thread-" 1303d000
 io-core-Thread--6142  [004] ....  2403.142153: do_anonymous_page: anonymous tgid 6096 6142 "io-core-Thread-" 7ea35d9000
 io-core-Thread--6142  [004] ....  2403.142157: do_anonymous_page: anonymous tgid 6096 6142 "io-core-Thread-" 7ea35da000
 io-core-Thread--6142  [004] ....  2403.142597: do_anonymous_page: anonymous tgid 6096 6142 "io-core-Thread-" 1303e000
           <...>-6195  [004] ....  2403.142831: do_anonymous_page: anonymous tgid 6096 6195 "mainNetwork-cor" 1349c000
           <...>-6195  [004] ....  2403.143168: do_anonymous_page: anonymous tgid 6096 6195 "mainNetwork-cor" 1349d000
           <...>-6195  [004] ....  2403.143254: do_anonymous_page: anonymous tgid 6096 6195 "mainNetwork-cor" 1349e000
           <...>-6195  [004] ....  2403.143270: do_anonymous_page: anonymous tgid 6096 6195 "mainNetwork-cor" 1349f000
           <...>-6195  [004] ....  2403.143283: do_anonymous_page: anonymous tgid 6096 6195 "mainNetwork-cor" 134a0000
           <...>-6195  [004] ....  2403.143331: do_anonymous_page: anonymous tgid 6096 6195 "mainNetwork-cor" 134a1000
           <...>-6195  [004] ....  2403.143367: do_anonymous_page: anonymous tgid 6096 6195 "mainNetwork-cor" 134a2000
           <...>-6195  [004] ....  2403.143513: do_anonymous_page: anonymous tgid 6096 6195 "mainNetwork-cor" 134a3000
           <...>-6195  [004] ....  2403.143558: do_anonymous_page: anonymous tgid 6096 6195 "mainNetwork-cor" 134a4000
           <...>-6195  [004] ....  2403.143638: do_anonymous_page: anonymous tgid 6096 6195 "mainNetwork-cor" 134a5000
           <...>-6195  [004] ....  2403.143691: do_anonymous_page: anonymous tgid 6096 6195 "mainNetwork-cor" 134a6000
           <...>-6195  [004] ....  2403.143779: do_anonymous_page: anonymous tgid 6096 6195 "mainNetwork-cor" 134a7000
           <...>-6195  [004] ....  2403.143865: do_anonymous_page: anonymous tgid 6096 6195 "mainNetwork-cor" 134a8000
           <...>-6195  [004] ....  2403.143956: do_anonymous_page: anonymous tgid 6096 6195 "mainNetwork-cor" 134a9000
           <...>-6193  [004] ....  2403.145465: do_anonymous_page: anonymous tgid 6096 6193 "mainNetwork-cor" 13682000
           <...>-6193  [004] ....  2403.145582: do_anonymous_page: anonymous tgid 6096 6193 "mainNetwork-cor" 13683000
           <...>-6193  [004] ....  2403.145604: do_anonymous_page: anonymous tgid 6096 6193 "mainNetwork-cor" 13684000
           <...>-6193  [004] ....  2403.145616: do_anonymous_page: anonymous tgid 6096 6193 "mainNetwork-cor" 13685000
           <...>-6193  [004] ....  2403.145630: do_anonymous_page: anonymous tgid 6096 6193 "mainNetwork-cor" 13686000
           <...>-6193  [004] ....  2403.145680: do_anonymous_page: anonymous tgid 6096 6193 "mainNetwork-cor" 13687000
           <...>-6193  [004] ....  2403.145700: do_anonymous_page: anonymous tgid 6096 6193 "mainNetwork-cor" 13688000
           <...>-6193  [004] ....  2403.145974: do_anonymous_page: anonymous tgid 6096 6193 "mainNetwork-cor" 13689000
           <...>-6193  [004] ....  2403.146014: do_anonymous_page: anonymous tgid 6096 6193 "mainNetwork-cor" 1368a000
           <...>-6193  [004] ....  2403.146059: do_anonymous_page: anonymous tgid 6096 6193 "mainNetwork-cor" 1368b000
           <...>-6196  [004] ....  2403.148656: do_anonymous_page: anonymous tgid 6096 6196 "mainNetwork-cor" 76259000
           <...>-6196  [004] ....  2403.148667: do_anonymous_page: anonymous tgid 6096 6196 "mainNetwork-cor" 7625a000
           <...>-6196  [004] ....  2403.148673: do_anonymous_page: anonymous tgid 6096 6196 "mainNetwork-cor" 7625b000
           <...>-6196  [004] ....  2403.148702: do_anonymous_page: anonymous tgid 6096 6196 "mainNetwork-cor" 135c6000
           <...>-2466  [004] ....  2403.149861: do_anonymous_page: anonymous tgid 1337 2466 "Binder:1337_B" 12f95000
 twitter.android-6096  [004] ....  2403.150440: do_anonymous_page: anonymous tgid 6096 6096 "twitter.android" 12e2e000
 twitter.android-6096  [004] ....  2403.152962: do_anonymous_page: anonymous tgid 6096 6096 "twitter.android" 12e2f000
           <...>-6178  [004] ....  2403.157100: do_anonymous_page: anonymous tgid 6096 6178 "WM.task-2" 132c5000
           <...>-6178  [004] ....  2403.160556: do_anonymous_page: anonymous tgid 6096 6178 "WM.task-2" 132c6000
           <...>-6174  [004] ....  2403.161387: do_anonymous_page: anonymous tgid 6096 6174 "mainNetwork-cor" 13703000
           <...>-6174  [004] ....  2403.161450: do_anonymous_page: anonymous tgid 6096 6174 "mainNetwork-cor" 13704000
           <...>-6174  [004] ....  2403.161506: do_anonymous_page: anonymous tgid 6096 6174 "mainNetwork-cor" 13705000
           <...>-6174  [004] ....  2403.161571: do_anonymous_page: anonymous tgid 6096 6174 "mainNetwork-cor" 13706000
           <...>-6174  [004] ....  2403.161689: do_anonymous_page: anonymous tgid 6096 6174 "mainNetwork-cor" 13707000
           <...>-6174  [004] ....  2403.161734: do_anonymous_page: anonymous tgid 6096 6174 "mainNetwork-cor" 13708000
           <...>-6174  [004] ....  2403.161752: do_anonymous_page: anonymous tgid 6096 6174 "mainNetwork-cor" 13709000
           <...>-6174  [004] ....  2403.161766: do_anonymous_page: anonymous tgid 6096 6174 "mainNetwork-cor" 1370a000
 twitter.android-6096  [004] ....  2403.163376: do_anonymous_page: anonymous tgid 6096 6096 "twitter.android" 765b8000
 twitter.android-6096  [004] ....  2403.163383: do_anonymous_page: anonymous tgid 6096 6096 "twitter.android" 76310000
 twitter.android-6096  [004] ....  2403.163905: do_anonymous_page: anonymous tgid 6096 6096 "twitter.android" 765c9000
 twitter.android-6096  [004] ....  2403.163910: do_anonymous_page: anonymous tgid 6096 6096 "twitter.android" 764bf000
 twitter.android-6096  [004] ....  2403.163920: do_anonymous_page: anonymous tgid 6096 6096 "twitter.android" 12e30000
 twitter.android-6096  [004] ....  2403.163967: do_anonymous_page: anonymous tgid 6096 6096 "twitter.android" 765ca000
 twitter.android-6096  [004] ....  2403.163971: do_anonymous_page: anonymous tgid 6096 6096 "twitter.android" 765cb000
 twitter.android-6096  [004] ....  2403.163987: do_anonymous_page: anonymous tgid 6096 6096 "twitter.android" 765cc000
 twitter.android-6096  [004] ....  2403.164015: do_anonymous_page: anonymous tgid 6096 6096 "twitter.android" 765cd000
 twitter.android-6096  [004] ....  2403.164019: do_anonymous_page: anonymous tgid 6096 6096 "twitter.android" 765ce000
 twitter.android-6096  [004] ....  2403.164022: do_anonymous_page: anonymous tgid 6096 6096 "twitter.android" 765cf000
 twitter.android-6096  [004] ....  2403.164038: do_anonymous_page: anonymous tgid 6096 6096 "twitter.android" 764c0000
 twitter.android-6096  [004] ....  2403.164046: do_anonymous_page: anonymous tgid 6096 6096 "twitter.android" 764c1000
 twitter.android-6096  [004] ....  2403.164053: do_anonymous_page: anonymous tgid 6096 6096 "twitter.android" 764c2000
           <...>-1337  [004] ....  2403.166607: do_anonymous_page: anonymous tgid 1337 1337 "system_server" 12d85000
           <...>-6162  [004] ....  2403.167693: do_anonymous_page: anonymous tgid 6096 6162 "mainNetwork-cor" 13608000
           <...>-6162  [004] ....  2403.167753: do_anonymous_page: anonymous tgid 6096 6162 "mainNetwork-cor" 13609000
           <...>-6162  [004] ....  2403.167839: do_anonymous_page: anonymous tgid 6096 6162 "mainNetwork-cor" 1360a000
           <...>-6162  [004] ....  2403.168068: do_anonymous_page: anonymous tgid 6096 6162 "mainNetwork-cor" 1360b000
           <...>-6162  [004] ....  2403.168115: do_anonymous_page: anonymous tgid 6096 6162 "mainNetwork-cor" 1360c000
           <...>-8092  [004] ....  2403.173184: do_anonymous_page: anonymous tgid 6096 8092 "io-variable-Thr" 7fbe079000
           <...>-8092  [004] ....  2403.173199: do_anonymous_page: anonymous tgid 6096 8092 "io-variable-Thr" 7f2d30b000
           <...>-8092  [004] ....  2403.173227: do_anonymous_page: anonymous tgid 6096 8092 "io-variable-Thr" 13740000
           <...>-8092  [004] ....  2403.173280: do_anonymous_page: anonymous tgid 6096 8092 "io-variable-Thr" 7f2d30c000
           <...>-8091  [004] ....  2403.174268: do_anonymous_page: anonymous tgid 6096 8091 "io-variable-Thr" 7fbe07b000
           <...>-8091  [004] ....  2403.174274: do_anonymous_page: anonymous tgid 6096 8091 "io-variable-Thr" 7f2d414000
           <...>-8091  [004] ....  2403.174286: do_anonymous_page: anonymous tgid 6096 8091 "io-variable-Thr" 13780000
           <...>-8091  [004] ....  2403.174314: do_anonymous_page: anonymous tgid 6096 8091 "io-variable-Thr" 7f2d415000
           <...>-8091  [004] ....  2403.174570: do_anonymous_page: anonymous tgid 6096 8091 "io-variable-Thr" 7f2d413000
           <...>-8091  [004] ....  2403.174604: do_anonymous_page: anonymous tgid 6096 8091 "io-variable-Thr" 13781000
           <...>-2466  [004] ....  2403.174810: do_anonymous_page: anonymous tgid 1337 2466 "Binder:1337_B" 12f96000
           <...>-8093  [004] ....  2403.174945: do_anonymous_page: anonymous tgid 6096 8093 "OkHttp Dispatch" 7fbe06b000
           <...>-8093  [004] ....  2403.174952: do_anonymous_page: anonymous tgid 6096 8093 "OkHttp Dispatch" 7f2d202000
           <...>-8093  [004] ....  2403.174961: do_anonymous_page: anonymous tgid 6096 8093 "OkHttp Dispatch" 137c0000
           <...>-8093  [004] ....  2403.175012: do_anonymous_page: anonymous tgid 6096 8093 "twitter.com/..." 7f2d203000
           <...>-8093  [004] ....  2403.175021: do_anonymous_page: anonymous tgid 6096 8093 "twitter.com/..." 7f2d201000
           <...>-8093  [004] ....  2403.175104: do_anonymous_page: anonymous tgid 6096 8093 "twitter.com/..." 137c1000
           <...>-8093  [004] ....  2403.175176: do_anonymous_page: anonymous tgid 6096 8093 "twitter.com/..." 137c2000
           <...>-8093  [004] ....  2403.175205: do_anonymous_page: anonymous tgid 6096 8093 "twitter.com/..." 137c3000
           <...>-8093  [004] ....  2403.175221: do_anonymous_page: anonymous tgid 6096 8093 "twitter.com/..." 137c4000
           <...>-8094  [004] ....  2403.175322: do_anonymous_page: anonymous tgid 6096 8094 "OkHttp Dispatch" 7fbdb6b000
           <...>-8094  [004] ....  2403.175329: do_anonymous_page: anonymous tgid 6096 8094 "OkHttp Dispatch" 7f2d0f9000
           <...>-8094  [004] ....  2403.175335: do_anonymous_page: anonymous tgid 6096 8094 "OkHttp Dispatch" 13800000
           <...>-8094  [004] ....  2403.175354: do_anonymous_page: anonymous tgid 6096 8094 "s.twimg.com/..." 7f2d0fa000
           <...>-8094  [004] ....  2403.175359: do_anonymous_page: anonymous tgid 6096 8094 "s.twimg.com/..." 7f2d0f8000
           <...>-8094  [004] ....  2403.175394: do_anonymous_page: anonymous tgid 6096 8094 "s.twimg.com/..." 13801000
           <...>-8095  [004] ....  2403.177403: do_anonymous_page: anonymous tgid 6096 8095 "OkHttp Dispatch" 7fbc284000
           <...>-8095  [004] ....  2403.177414: do_anonymous_page: anonymous tgid 6096 8095 "OkHttp Dispatch" 7f2cef3000
           <...>-8095  [004] ....  2403.177427: do_anonymous_page: anonymous tgid 6096 8095 "OkHttp Dispatch" 13840000
           <...>-8095  [004] ....  2403.177466: do_anonymous_page: anonymous tgid 6096 8095 "o.twimg.com/..." 7f2cef4000
           <...>-8095  [004] ....  2403.177473: do_anonymous_page: anonymous tgid 6096 8095 "o.twimg.com/..." 7f2cef2000
           <...>-8095  [004] ....  2403.177548: do_anonymous_page: anonymous tgid 6096 8095 "o.twimg.com/..." 13841000
           <...>-8096  [004] ....  2403.177670: do_anonymous_page: anonymous tgid 6096 8096 "OkHttp Dispatch" 7fbc282000
           <...>-8096  [004] ....  2403.177676: do_anonymous_page: anonymous tgid 6096 8096 "OkHttp Dispatch" 7f2cdcc000
           <...>-8096  [004] ....  2403.177683: do_anonymous_page: anonymous tgid 6096 8096 "OkHttp Dispatch" 13880000
           <...>-8096  [004] ....  2403.177702: do_anonymous_page: anonymous tgid 6096 8096 "glbtls.t.co/..." 7f2cdcd000
           <...>-8096  [004] ....  2403.177707: do_anonymous_page: anonymous tgid 6096 8096 "glbtls.t.co/..." 7f2cdcb000
           <...>-8096  [004] ....  2403.177720: do_anonymous_page: anonymous tgid 6096 8096 "glbtls.t.co/..." 13881000
           <...>-8096  [004] ....  2403.177784: do_anonymous_page: anonymous tgid 6096 8096 "glbtls.t.co/..." 13882000
           <...>-8091  [004] ....  2403.178605: do_anonymous_page: anonymous tgid 6096 8091 "io-variable-Thr" 13782000
           <...>-8091  [004] ....  2403.178906: do_anonymous_page: anonymous tgid 6096 8091 "io-variable-Thr" 13783000
           <...>-8091  [004] ....  2403.179107: do_anonymous_page: anonymous tgid 6096 8091 "io-variable-Thr" 13784000
           <...>-8091  [004] ....  2403.179142: do_anonymous_page: anonymous tgid 6096 8091 "io-variable-Thr" 13785000
           <...>-2466  [004] ....  2403.179488: do_anonymous_page: anonymous tgid 1337 2466 "Binder:1337_B" 12f97000
           <...>-2466  [004] ....  2403.179542: do_anonymous_page: anonymous tgid 1337 2466 "Binder:1337_B" 12f98000
           <...>-2466  [004] ....  2403.182354: do_anonymous_page: anonymous tgid 1337 2466 "Binder:1337_B" 12f99000
           <...>-3126  [004] ....  2403.189171: do_anonymous_page: anonymous tgid 2407 3126 "Binder:2407_5" 12d81000
 gle.android.gms-2407  [004] ....  2403.189368: do_anonymous_page: anonymous tgid 2407 2407 "gle.android.gms" 12c84000
 gle.android.gms-2407  [004] ....  2403.190109: do_anonymous_page: anonymous tgid 2407 2407 "gle.android.gms" 12c85000
           <...>-1806  [004] ....  2403.190764: do_anonymous_page: anonymous tgid 1337 1806 "Binder:1337_7" 12e81000
           <...>-3126  [004] ....  2403.194315: do_anonymous_page: anonymous tgid 2407 3126 "Binder:2407_5" 12d82000
           <...>-3126  [004] ....  2403.194813: do_anonymous_page: anonymous tgid 2407 3126 "Binder:2407_5" 12d83000
           <...>-6193  [004] ....  2403.200442: do_anonymous_page: anonymous tgid 6096 6193 "mainNetwork-cor" 1368c000
           <...>-6193  [004] ....  2403.200573: do_anonymous_page: anonymous tgid 6096 6193 "mainNetwork-cor" 1368d000
           <...>-6193  [004] ....  2403.200627: do_anonymous_page: anonymous tgid 6096 6193 "mainNetwork-cor" 1368e000
           <...>-6193  [004] ....  2403.200648: do_anonymous_page: anonymous tgid 6096 6193 "mainNetwork-cor" 1368f000
           <...>-6193  [004] ....  2403.200678: do_anonymous_page: anonymous tgid 6096 6193 "mainNetwork-cor" 13690000
           <...>-6196  [004] ....  2403.201102: do_anonymous_page: anonymous tgid 6096 6196 "mainNetwork-cor" 7ea36a0000
           <...>-6196  [004] ....  2403.201546: do_anonymous_page: anonymous tgid 6096 6196 "mainNetwork-cor" 7ea35fa000
           <...>-6196  [004] ....  2403.201549: do_anonymous_page: anonymous tgid 6096 6196 "mainNetwork-cor" 7ea35fb000
           <...>-6196  [004] ....  2403.201551: do_anonymous_page: anonymous tgid 6096 6196 "mainNetwork-cor" 7ea35fc000
           <...>-6196  [004] ....  2403.201552: do_anonymous_page: anonymous tgid 6096 6196 "mainNetwork-cor" 7ea35fd000
           <...>-6196  [004] ....  2403.201557: do_anonymous_page: anonymous tgid 6096 6196 "mainNetwork-cor" 7ea35fe000
           <...>-6196  [004] ....  2403.201669: do_anonymous_page: anonymous tgid 6096 6196 "mainNetwork-cor" 7ea36a3000
           <...>-6196  [004] ....  2403.201682: do_anonymous_page: anonymous tgid 6096 6196 "mainNetwork-cor" 7ea36a4000
           <...>-6196  [004] ....  2403.201694: do_anonymous_page: anonymous tgid 6096 6196 "mainNetwork-cor" 7ea36a5000
           <...>-6196  [004] ....  2403.201709: do_anonymous_page: anonymous tgid 6096 6196 "mainNetwork-cor" 7ea36a6000
           <...>-8090  [004] ....  2403.204805: do_anonymous_page: anonymous tgid 6096 8090 "ScionFrontendAp" 7fbe07d000
           <...>-8090  [004] ....  2403.204818: do_anonymous_page: anonymous tgid 6096 8090 "ScionFrontendAp" 7f2d51d000
           <...>-8090  [004] ....  2403.204836: do_anonymous_page: anonymous tgid 6096 8090 "ScionFrontendAp" 138c0000
           <...>-8090  [004] ....  2403.204899: do_anonymous_page: anonymous tgid 6096 8090 "ScionFrontendAp" 7f2d51e000
           <...>-8090  [004] ....  2403.204922: do_anonymous_page: anonymous tgid 6096 8090 "ScionFrontendAp" 7f2d51c000
           <...>-8094  [004] ....  2403.205401: do_anonymous_page: anonymous tgid 6096 8094 "s.twimg.com/..." 13802000
           <...>-8095  [004] ....  2403.205767: do_anonymous_page: anonymous tgid 6096 8095 "o.twimg.com/..." 13842000
           <...>-8093  [004] ....  2403.205943: do_anonymous_page: anonymous tgid 6096 8093 "twitter.com/..." 137c5000
           <...>-8090  [004] ....  2403.206300: do_anonymous_page: anonymous tgid 6096 8090 "ScionFrontendAp" 7f2cabd000
           <...>-8090  [004] ....  2403.206305: do_anonymous_page: anonymous tgid 6096 8090 "ScionFrontendAp" 7f2cabc000
           <...>-2466  [004] ....  2403.206701: do_anonymous_page: anonymous tgid 1337 2466 "Binder:1337_B" 12f9a000
           <...>-8090  [004] ....  2403.206836: do_anonymous_page: anonymous tgid 6096 8090 "ScionFrontendAp" 7ea0c9b000
           <...>-8090  [004] ....  2403.206840: do_anonymous_page: anonymous tgid 6096 8090 "ScionFrontendAp" 7ea0c9c000
           <...>-8090  [004] ....  2403.206880: do_anonymous_page: anonymous tgid 6096 8090 "ScionFrontendAp" 138c1000
           <...>-6174  [004] ....  2403.206998: do_anonymous_page: anonymous tgid 6096 6174 "mainNetwork-cor" 1370b000
           <...>-6174  [004] ....  2403.207041: do_anonymous_page: anonymous tgid 6096 6174 "mainNetwork-cor" 1370c000
           <...>-8089  [004] ....  2403.207187: do_anonymous_page: anonymous tgid 8088 8089 "cmd" 7fbd403000
           <...>-8089  [004] ....  2403.207213: do_anonymous_page: anonymous tgid 8088 8089 "cmd" 7fbd404000
           <...>-8089  [004] ....  2403.207225: do_anonymous_page: anonymous tgid 8088 8089 "cmd" 7fbba00000
           <...>-8089  [004] ....  2403.207230: do_anonymous_page: anonymous tgid 8088 8089 "cmd" 7fbba02000
           <...>-8089  [004] ....  2403.207238: do_anonymous_page: anonymous tgid 8088 8089 "cmd" 7fbba03000
           <...>-8089  [004] ....  2403.207241: do_anonymous_page: anonymous tgid 8088 8089 "cmd" 7fbba04000
           <...>-8089  [004] ....  2403.207243: do_anonymous_page: anonymous tgid 8088 8089 "cmd" 7fbba05000
           <...>-8089  [004] ....  2403.207245: do_anonymous_page: anonymous tgid 8088 8089 "cmd" 7fbba06000
           <...>-8089  [004] ....  2403.207252: do_anonymous_page: anonymous tgid 8088 8089 "cmd" 7fbd1dc000
           <...>-8089  [004] ....  2403.207254: do_anonymous_page: anonymous tgid 8088 8089 "cmd" 7fbd1dd000
           <...>-8089  [004] ....  2403.207259: do_anonymous_page: anonymous tgid 8088 8089 "cmd" 7fbb800000
           <...>-8089  [004] ....  2403.207263: do_anonymous_page: anonymous tgid 8088 8089 "cmd" 7fbddbf000
           <...>-8089  [004] ....  2403.207270: do_anonymous_page: anonymous tgid 8088 8089 "cmd" 7fbcee6000
           <...>-8089  [004] ....  2403.207273: do_anonymous_page: anonymous tgid 8088 8089 "cmd" 7fbb803000
           <...>-8089  [004] ....  2403.207277: do_anonymous_page: anonymous tgid 8088 8089 "cmd" 7fbe146000
           <...>-8089  [004] ....  2403.207326: do_anonymous_page: anonymous tgid 8088 8089 "cmd" 7fbb804000
           <...>-8089  [004] ....  2403.207365: do_anonymous_page: anonymous tgid 8088 8089 "cmd" 7fbba07000
           <...>-8089  [004] ....  2403.207372: do_anonymous_page: anonymous tgid 8088 8089 "cmd" 7fbb805000
           <...>-8089  [004] ....  2403.207380: do_anonymous_page: anonymous tgid 8088 8089 "cmd" 7fbb806000
           <...>-8089  [004] ....  2403.207384: do_anonymous_page: anonymous tgid 8088 8089 "cmd" 7fbb807000
           <...>-8089  [004] ....  2403.207403: do_anonymous_page: anonymous tgid 8088 8089 "cmd" 7fbb808000
           <...>-8089  [004] ....  2403.207405: do_anonymous_page: anonymous tgid 8088 8089 "cmd" 7fbb809000
           <...>-8089  [004] ....  2403.207417: do_anonymous_page: anonymous tgid 8088 8089 "cmd" 7fbb81e000
           <...>-8089  [004] ....  2403.207424: do_anonymous_page: anonymous tgid 8088 8089 "cmd" 7fbb828000
           <...>-8089  [004] ....  2403.207428: do_anonymous_page: anonymous tgid 8088 8089 "cmd" 7fbb829000
           <...>-8089  [004] ....  2403.207452: do_anonymous_page: anonymous tgid 8088 8089 "cmd" 7fbb82a000
           <...>-8089  [004] ....  2403.207472: do_anonymous_page: anonymous tgid 8088 8089 "cmd" 7fbb82b000
           <...>-8089  [004] ....  2403.207493: do_anonymous_page: anonymous tgid 8088 8089 "cmd" 7fbcee5000
           <...>-8089  [004] ....  2403.207496: do_anonymous_page: anonymous tgid 8088 8089 "cmd" 7fbb82c000
           <...>-8089  [004] ....  2403.207516: do_anonymous_page: anonymous tgid 8088 8089 "cmd" 7fbb82d000
           <...>-8089  [004] ....  2403.207537: do_anonymous_page: anonymous tgid 8088 8089 "cmd" 7fbb82e000
           <...>-8089  [004] ....  2403.207540: do_anonymous_page: anonymous tgid 8088 8089 "cmd" 7fbb82f000
           <...>-8089  [004] ....  2403.207559: do_anonymous_page: anonymous tgid 8088 8089 "cmd" 7fbb830000
           <...>-8089  [004] ....  2403.207579: do_anonymous_page: anonymous tgid 8088 8089 "cmd" 7fbb831000
           <...>-8089  [004] ....  2403.207589: do_anonymous_page: anonymous tgid 8088 8089 "cmd" 7fbb833000
           <...>-8089  [004] ....  2403.207789: do_anonymous_page: anonymous tgid 8088 8089 "Binder:8088_1" 7fbb82c000
           <...>-8089  [004] ....  2403.207796: do_anonymous_page: anonymous tgid 8088 8089 "Binder:8088_1" 7fbb82e000
           <...>-8089  [004] ....  2403.207818: do_anonymous_page: anonymous tgid 8088 8089 "Binder:8088_1" 7fbb834000
           <...>-8089  [004] ....  2403.207828: do_anonymous_page: anonymous tgid 8088 8089 "Binder:8088_1" 7fbbdeb000
           <...>-8089  [004] ....  2403.207831: do_anonymous_page: anonymous tgid 8088 8089 "Binder:8088_1" 7fbbdea000
           <...>-8089  [004] ....  2403.207860: do_anonymous_page: anonymous tgid 8088 8089 "Binder:8088_1" 7fbb839000
           <...>-8096  [004] ....  2403.209477: do_anonymous_page: anonymous tgid 6096 8096 "glbtls.t.co/..." 13883000
           <...>-6193  [004] ....  2403.210606: do_anonymous_page: anonymous tgid 6096 6193 "mainNetwork-cor" 13691000
           <...>-8096  [004] ....  2403.210820: do_anonymous_page: anonymous tgid 6096 8096 "glbtls.t.co/..." 7f2d6d7000
           <...>-6162  [004] ....  2403.211181: do_anonymous_page: anonymous tgid 6096 6162 "mainNetwork-cor" 1360d000
           <...>-6162  [004] ....  2403.211199: do_anonymous_page: anonymous tgid 6096 6162 "mainNetwork-cor" 1360e000
           <...>-6162  [004] ....  2403.211242: do_anonymous_page: anonymous tgid 6096 6162 "mainNetwork-cor" 1360f000
           <...>-6162  [004] ....  2403.211250: do_anonymous_page: anonymous tgid 6096 6162 "mainNetwork-cor" 13610000
           <...>-6162  [004] ....  2403.211397: do_anonymous_page: anonymous tgid 6096 6162 "mainNetwork-cor" 13611000
           <...>-6162  [004] ....  2403.211436: do_anonymous_page: anonymous tgid 6096 6162 "mainNetwork-cor" 13612000
           <...>-6162  [004] ....  2403.211467: do_anonymous_page: anonymous tgid 6096 6162 "mainNetwork-cor" 13613000
           <...>-6162  [004] ....  2403.211543: do_anonymous_page: anonymous tgid 6096 6162 "mainNetwork-cor" 13614000
           <...>-6162  [004] ....  2403.211621: do_anonymous_page: anonymous tgid 6096 6162 "mainNetwork-cor" 13615000
           <...>-6162  [004] ....  2403.211708: do_anonymous_page: anonymous tgid 6096 6162 "mainNetwork-cor" 13616000
           <...>-6162  [004] ....  2403.211805: do_anonymous_page: anonymous tgid 6096 6162 "mainNetwork-cor" 13617000
           <...>-6162  [004] ....  2403.211910: do_anonymous_page: anonymous tgid 6096 6162 "mainNetwork-cor" 13618000
 computation-Thr-6156  [004] ....  2403.216477: do_anonymous_page: anonymous tgid 6096 6156 "computation-Thr" 12d05000
           <...>-8096  [004] ....  2403.216753: do_anonymous_page: anonymous tgid 6096 8096 "glbtls.t.co/..." 13884000
           <...>-6195  [004] ....  2403.218429: do_anonymous_page: anonymous tgid 6096 6195 "mainNetwork-cor" 134aa000
     logd.writer-569   [004] ....  2403.218964: do_anonymous_page: anonymous tgid 557 569 "logd.writer" 7fb575f000
           <...>-8097  [004] ....  2403.219226: do_anonymous_page: anonymous tgid 6096 8097 "Measurement Wor" 7fbc272000
           <...>-8097  [004] ....  2403.219243: do_anonymous_page: anonymous tgid 6096 8097 "Measurement Wor" 7f2caba000
           <...>-8097  [004] ....  2403.219260: do_anonymous_page: anonymous tgid 6096 8097 "Measurement Wor" 7f2cabb000
           <...>-8097  [004] ....  2403.219339: do_anonymous_page: anonymous tgid 6096 8097 "Measurement Wor" 7f2cab9000
           <...>-8097  [004] ....  2403.219357: do_anonymous_page: anonymous tgid 6096 8097 "Measurement Wor" 13900000
           <...>-8097  [004] ....  2403.219754: do_anonymous_page: anonymous tgid 6096 8097 "Measurement Wor" 7f2d6d3000
           <...>-8097  [004] ....  2403.219834: do_anonymous_page: anonymous tgid 6096 8097 "Measurement Wor" 13901000
           <...>-8097  [004] ....  2403.219975: do_anonymous_page: anonymous tgid 6096 8097 "Measurement Wor" 7f2cab8000
           <...>-8097  [004] ....  2403.220002: do_anonymous_page: anonymous tgid 6096 8097 "Measurement Wor" 13902000
           <...>-8097  [004] ....  2403.220251: do_anonymous_page: anonymous tgid 6096 8097 "Measurement Wor" 7ec6c31000
           <...>-6196  [004] ....  2403.220613: do_anonymous_page: anonymous tgid 6096 6196 "mainNetwork-cor" 135c7000
