 io-core-Thread--6143  [004] ....  1964.959352: do_anonymous_page: anonymous tgid 6096 6143 "io-core-Thread-" 12c96000
           <...>-1361  [004] ....  1964.960479: do_anonymous_page: anonymous tgid 1337 1361 "android.anim" 12e4c000
           <...>-631   [004] ....  1964.962715: do_anonymous_page: anonymous tgid 601 631 "Binder:601_2" 7fb754e000
           <...>-631   [004] ....  1964.962719: do_anonymous_page: anonymous tgid 601 631 "Binder:601_2" 7fb754c000
           <...>-631   [004] ....  1964.962726: do_anonymous_page: anonymous tgid 601 631 "Binder:601_2" 7fb754d000
           <...>-1361  [004] ....  1964.962874: do_anonymous_page: anonymous tgid 1337 1361 "android.anim" 12e4d000
           <...>-631   [004] ....  1964.967139: do_anonymous_page: anonymous tgid 601 631 "Binder:601_2" 7faa731000
           <...>-6178  [004] ....  1964.967601: do_anonymous_page: anonymous tgid 6096 6178 "WM.task-2" 12e41000
           <...>-6178  [004] ....  1964.967672: do_anonymous_page: anonymous tgid 6096 6178 "WM.task-2" 12e42000
           <...>-1969  [004] ....  1964.968866: do_anonymous_page: anonymous tgid 1663 1969 "pool-2-thread-1" 12dc0000
           <...>-1357  [004] ....  1964.973601: do_anonymous_page: anonymous tgid 1337 1357 "android.fg" 12f84000
           <...>-3632  [004] ....  1964.976730: do_anonymous_page: anonymous tgid 2273 3632 "Binder:2273_7" 7f30b55000
           <...>-2293  [004] ....  1964.976880: do_anonymous_page: anonymous tgid 2273 2293 "Binder:2273_1" 7fb9d7c000
           <...>-2293  [004] ....  1964.976901: do_anonymous_page: anonymous tgid 2273 2293 "Binder:2273_1" 12d00000
           <...>-1362  [004] ....  1964.977857: do_anonymous_page: anonymous tgid 1337 1362 "android.anim.lf" 13900000
           <...>-5064  [004] ....  1964.980242: do_anonymous_page: anonymous tgid 1337 5064 "Binder:1337_10" 12d82000
           <...>-2739  [004] ....  1964.980419: do_anonymous_page: anonymous tgid 2273 2739 "Binder:2273_4" 7f314be000
           <...>-2739  [004] ....  1964.980435: do_anonymous_page: anonymous tgid 2273 2739 "Binder:2273_4" 12d40000
           <...>-2273  [004] ....  1964.980516: do_anonymous_page: anonymous tgid 2273 2273 ".gms.persistent" 12d80000
           <...>-603   [004] ....  1964.982168: do_anonymous_page: anonymous tgid 603 603 "composer@2.3-se" 7fb5dd9000
           <...>-603   [004] ....  1964.982176: do_anonymous_page: anonymous tgid 603 603 "composer@2.3-se" 7fb5dda000
           <...>-603   [004] ....  1964.982179: do_anonymous_page: anonymous tgid 603 603 "composer@2.3-se" 7fb5ddb000
           <...>-603   [004] ....  1964.982181: do_anonymous_page: anonymous tgid 603 603 "composer@2.3-se" 7fb5ddc000
           <...>-603   [004] ....  1964.982187: do_anonymous_page: anonymous tgid 603 603 "composer@2.3-se" 7fb5ddd000
           <...>-603   [004] ....  1964.982195: do_anonymous_page: anonymous tgid 603 603 "composer@2.3-se" 7fb5dde000
           <...>-603   [004] ....  1964.982616: do_anonymous_page: anonymous tgid 603 603 "composer@2.3-se" 7fbce86000
 android.display-1360  [004] ....  1964.986193: do_anonymous_page: anonymous tgid 1337 1360 "android.display" 12cca000
           <...>-1365  [004] ....  1964.988278: do_anonymous_page: anonymous tgid 1337 1365 "android.bg" 12c5b000
           <...>-6178  [004] ....  1964.988872: do_anonymous_page: anonymous tgid 6096 6178 "WM.task-2" 12e43000
 twitter.android-6096  [004] ....  1964.990805: do_anonymous_page: anonymous tgid 6096 6096 "twitter.android" 12d49000
 twitter.android-6096  [004] ....  1964.990962: do_anonymous_page: anonymous tgid 6096 6096 "twitter.android" 12d4b000
 twitter.android-6096  [004] ....  1964.991035: do_anonymous_page: anonymous tgid 6096 6096 "twitter.android" 12d4a000
 twitter.android-6096  [004] ....  1964.991104: do_anonymous_page: anonymous tgid 6096 6096 "twitter.android" 12d4c000
 twitter.android-6096  [004] ....  1964.991134: do_anonymous_page: anonymous tgid 6096 6096 "twitter.android" 12d4e000
 twitter.android-6096  [004] ....  1964.991159: do_anonymous_page: anonymous tgid 6096 6096 "twitter.android" 12d4d000
 twitter.android-6096  [004] ....  1964.991216: do_anonymous_page: anonymous tgid 6096 6096 "twitter.android" 12d4f000
 twitter.android-6096  [004] ....  1964.991706: do_anonymous_page: anonymous tgid 6096 6096 "twitter.android" 12d50000
 twitter.android-6096  [004] ....  1964.991783: do_anonymous_page: anonymous tgid 6096 6096 "twitter.android" 12d51000
           <...>-6186  [004] ....  1964.991950: do_anonymous_page: anonymous tgid 6096 6186 "RxNewThreadSche" 133c0000
           <...>-6178  [004] ....  1964.992214: do_anonymous_page: anonymous tgid 6096 6178 "WM.task-2" 12e44000
           <...>-6178  [004] ....  1964.992300: do_anonymous_page: anonymous tgid 6096 6178 "WM.task-2" 12e45000
           <...>-6178  [004] ....  1964.994906: do_anonymous_page: anonymous tgid 6096 6178 "WM.task-2" 12e46000
           <...>-6178  [004] ....  1964.994927: do_anonymous_page: anonymous tgid 6096 6178 "WM.task-2" 12e47000
           <...>-6178  [004] ....  1964.994936: do_anonymous_page: anonymous tgid 6096 6178 "WM.task-2" 12e48000
           <...>-6178  [004] ....  1964.994944: do_anonymous_page: anonymous tgid 6096 6178 "WM.task-2" 12e49000
           <...>-6178  [004] ....  1964.994956: do_anonymous_page: anonymous tgid 6096 6178 "WM.task-2" 12e4a000
           <...>-6178  [004] ....  1964.994963: do_anonymous_page: anonymous tgid 6096 6178 "WM.task-2" 12e4b000
           <...>-6178  [004] ....  1964.994973: do_anonymous_page: anonymous tgid 6096 6178 "WM.task-2" 12e4c000
           <...>-6178  [004] ....  1964.994981: do_anonymous_page: anonymous tgid 6096 6178 "WM.task-2" 12e4d000
           <...>-6178  [004] ....  1964.994990: do_anonymous_page: anonymous tgid 6096 6178 "WM.task-2" 12e4e000
 twitter.android-6096  [004] ....  1964.996499: do_anonymous_page: anonymous tgid 6096 6096 "twitter.android" 12d52000
 twitter.android-6096  [004] ....  1964.996672: do_anonymous_page: anonymous tgid 6096 6096 "twitter.android" 12d53000
           <...>-1663  [004] ....  1964.998226: do_anonymous_page: anonymous tgid 1663 1663 "ndroid.systemui" 1326c000
 twitter.android-6096  [004] ....  1964.998612: do_anonymous_page: anonymous tgid 6096 6096 "twitter.android" 12d54000
 twitter.android-6096  [004] ....  1964.998907: do_anonymous_page: anonymous tgid 6096 6096 "twitter.android" 12d55000
 twitter.android-6096  [004] ....  1964.999051: do_anonymous_page: anonymous tgid 6096 6096 "twitter.android" 12d56000
           <...>-5064  [004] ....  1964.999395: do_anonymous_page: anonymous tgid 1337 5064 "Binder:1337_10" 12d83000
           <...>-5064  [004] ....  1964.999757: do_anonymous_page: anonymous tgid 1337 5064 "Binder:1337_10" 12d84000
           <...>-7669  [004] ....  1965.000387: do_anonymous_page: anonymous tgid 1337 7669 "Binder:1337_16" 7f2d72a000
           <...>-7669  [004] ....  1965.000402: do_anonymous_page: anonymous tgid 1337 7669 "Binder:1337_16" 7f2d6ff000
           <...>-7669  [004] ....  1965.000426: do_anonymous_page: anonymous tgid 1337 7669 "Binder:1337_16" 7e6452a000
 twitter.android-6096  [004] ....  1965.000473: do_anonymous_page: anonymous tgid 6096 6096 "twitter.android" 12d57000
 twitter.android-6096  [004] ....  1965.000659: do_anonymous_page: anonymous tgid 6096 6096 "twitter.android" 12d58000
           <...>-1817  [004] ....  1965.001053: do_anonymous_page: anonymous tgid 1337 1817 "Binder:1337_8" 12e81000
 twitter.android-6096  [004] ....  1965.001179: do_anonymous_page: anonymous tgid 6096 6096 "twitter.android" 12d59000
           <...>-1356  [004] ....  1965.001253: do_anonymous_page: anonymous tgid 1337 1356 "Binder:1337_2" 7f39348000
           <...>-1356  [004] ....  1965.001272: do_anonymous_page: anonymous tgid 1337 1356 "Binder:1337_2" 13940000
 twitter.android-6096  [004] ....  1965.001373: do_anonymous_page: anonymous tgid 6096 6096 "twitter.android" 12d5a000
 twitter.android-6096  [004] ....  1965.001660: do_anonymous_page: anonymous tgid 6096 6096 "twitter.android" 12d5b000
 twitter.android-6096  [004] ....  1965.001804: do_anonymous_page: anonymous tgid 6096 6096 "twitter.android" 12d5c000
           <...>-2466  [004] ....  1965.002154: do_anonymous_page: anonymous tgid 1337 2466 "Binder:1337_B" 7f2d97f000
           <...>-2466  [004] ....  1965.002170: do_anonymous_page: anonymous tgid 1337 2466 "Binder:1337_B" 13980000
 twitter.android-6096  [004] ....  1965.002263: do_anonymous_page: anonymous tgid 6096 6096 "twitter.android" 12d5d000
 twitter.android-6096  [004] ....  1965.002355: do_anonymous_page: anonymous tgid 6096 6096 "twitter.android" 12d5e000
 twitter.android-6096  [004] ....  1965.002521: do_anonymous_page: anonymous tgid 6096 6096 "twitter.android" 12d5f000
 twitter.android-6096  [004] ....  1965.002652: do_anonymous_page: anonymous tgid 6096 6096 "twitter.android" 12d60000
           <...>-6365  [004] ....  1965.002950: do_anonymous_page: anonymous tgid 1337 6365 "Binder:1337_13" 7f20f67000
           <...>-6365  [004] ....  1965.002989: do_anonymous_page: anonymous tgid 1337 6365 "Binder:1337_13" 13a00000
 twitter.android-6096  [004] ....  1965.003518: do_anonymous_page: anonymous tgid 6096 6096 "twitter.android" 12d61000
           <...>-6102  [004] ....  1965.006779: do_anonymous_page: anonymous tgid 6096 6102 "Jit thread pool" 7f234df000
           <...>-6102  [004] ....  1965.006796: do_anonymous_page: anonymous tgid 6096 6102 "Jit thread pool" 7f234bf000
           <...>-6102  [004] ....  1965.006800: do_anonymous_page: anonymous tgid 6096 6102 "Jit thread pool" 7f234e0000
           <...>-6102  [004] ....  1965.006804: do_anonymous_page: anonymous tgid 6096 6102 "Jit thread pool" 7f234e1000
           <...>-6102  [004] ....  1965.006844: do_anonymous_page: anonymous tgid 6096 6102 "Jit thread pool" 7f234e2000
           <...>-6102  [004] ....  1965.006873: do_anonymous_page: anonymous tgid 6096 6102 "Jit thread pool" 7f234e3000
           <...>-6102  [004] ....  1965.006890: do_anonymous_page: anonymous tgid 6096 6102 "Jit thread pool" 7f234e4000
           <...>-6102  [004] ....  1965.006906: do_anonymous_page: anonymous tgid 6096 6102 "Jit thread pool" 7f234e5000
           <...>-6102  [004] ....  1965.006913: do_anonymous_page: anonymous tgid 6096 6102 "Jit thread pool" 7f234e6000
           <...>-6102  [004] ....  1965.006940: do_anonymous_page: anonymous tgid 6096 6102 "Jit thread pool" 7f234e7000
           <...>-6102  [004] ....  1965.006954: do_anonymous_page: anonymous tgid 6096 6102 "Jit thread pool" 7f234e8000
           <...>-6102  [004] ....  1965.006971: do_anonymous_page: anonymous tgid 6096 6102 "Jit thread pool" 7f234e9000
           <...>-6102  [004] ....  1965.006981: do_anonymous_page: anonymous tgid 6096 6102 "Jit thread pool" 7f234ea000
           <...>-6102  [004] ....  1965.007001: do_anonymous_page: anonymous tgid 6096 6102 "Jit thread pool" 7f234eb000
           <...>-6102  [004] ....  1965.007013: do_anonymous_page: anonymous tgid 6096 6102 "Jit thread pool" 7f234ec000
           <...>-6102  [004] ....  1965.007029: do_anonymous_page: anonymous tgid 6096 6102 "Jit thread pool" 7f234ed000
           <...>-6102  [004] ....  1965.007043: do_anonymous_page: anonymous tgid 6096 6102 "Jit thread pool" 7f234ee000
           <...>-6102  [004] ....  1965.007055: do_anonymous_page: anonymous tgid 6096 6102 "Jit thread pool" 7f234ef000
           <...>-6102  [004] ....  1965.007072: do_anonymous_page: anonymous tgid 6096 6102 "Jit thread pool" 7f234f0000
           <...>-6102  [004] ....  1965.007097: do_anonymous_page: anonymous tgid 6096 6102 "Jit thread pool" 7f234f1000
           <...>-6102  [004] ....  1965.007123: do_anonymous_page: anonymous tgid 6096 6102 "Jit thread pool" 13400000
           <...>-6102  [004] ....  1965.007167: do_anonymous_page: anonymous tgid 6096 6102 "Jit thread pool" 7f234f2000
           <...>-6102  [004] ....  1965.007176: do_anonymous_page: anonymous tgid 6096 6102 "Jit thread pool" 7f234f3000
           <...>-6102  [004] ....  1965.007191: do_anonymous_page: anonymous tgid 6096 6102 "Jit thread pool" 7f234f4000
           <...>-6102  [004] ....  1965.007204: do_anonymous_page: anonymous tgid 6096 6102 "Jit thread pool" 7f234f5000
           <...>-6102  [004] ....  1965.007213: do_anonymous_page: anonymous tgid 6096 6102 "Jit thread pool" 7f234f6000
           <...>-6102  [004] ....  1965.007259: do_anonymous_page: anonymous tgid 6096 6102 "Jit thread pool" 7f234c0000
           <...>-6102  [004] ....  1965.007288: do_anonymous_page: anonymous tgid 6096 6102 "Jit thread pool" 7f234f7000
           <...>-6102  [004] ....  1965.007369: do_anonymous_page: anonymous tgid 6096 6102 "Jit thread pool" 7f234c1000
           <...>-6102  [004] ....  1965.007372: do_anonymous_page: anonymous tgid 6096 6102 "Jit thread pool" 7f234c2000
           <...>-6102  [004] ....  1965.007376: do_anonymous_page: anonymous tgid 6096 6102 "Jit thread pool" 7f234f8000
           <...>-6102  [004] ....  1965.007411: do_anonymous_page: anonymous tgid 6096 6102 "Jit thread pool" 7f234c3000
           <...>-6102  [004] ....  1965.007430: do_anonymous_page: anonymous tgid 6096 6102 "Jit thread pool" 7f234f9000
           <...>-6102  [004] ....  1965.007442: do_anonymous_page: anonymous tgid 6096 6102 "Jit thread pool" 7f234fa000
           <...>-6102  [004] ....  1965.007447: do_anonymous_page: anonymous tgid 6096 6102 "Jit thread pool" 7f234fb000
           <...>-6102  [004] ....  1965.007470: do_anonymous_page: anonymous tgid 6096 6102 "Jit thread pool" 7f234c4000
           <...>-6102  [004] ....  1965.007475: do_anonymous_page: anonymous tgid 6096 6102 "Jit thread pool" 7f234c5000
           <...>-6102  [004] ....  1965.007479: do_anonymous_page: anonymous tgid 6096 6102 "Jit thread pool" 7f234c6000
           <...>-6102  [004] ....  1965.007489: do_anonymous_page: anonymous tgid 6096 6102 "Jit thread pool" 7f234c7000
           <...>-6102  [004] ....  1965.007493: do_anonymous_page: anonymous tgid 6096 6102 "Jit thread pool" 7f234c8000
           <...>-6102  [004] ....  1965.007501: do_anonymous_page: anonymous tgid 6096 6102 "Jit thread pool" 7f234c9000
           <...>-6102  [004] ....  1965.007534: do_anonymous_page: anonymous tgid 6096 6102 "Jit thread pool" 7f234fc000
           <...>-6102  [004] ....  1965.007544: do_anonymous_page: anonymous tgid 6096 6102 "Jit thread pool" 7f234fd000
           <...>-6247  [004] ....  1965.007859: do_anonymous_page: anonymous tgid 6096 6247 "pool-20-thread-" 13440000
           <...>-6162  [004] ....  1965.007930: do_anonymous_page: anonymous tgid 6096 6162 "mainNetwork-cor" 13480000
           <...>-6162  [004] ....  1965.008120: do_anonymous_page: anonymous tgid 6096 6162 "mainNetwork-cor" 13481000
           <...>-6162  [004] ....  1965.008143: do_anonymous_page: anonymous tgid 6096 6162 "mainNetwork-cor" 13482000
           <...>-6162  [004] ....  1965.008155: do_anonymous_page: anonymous tgid 6096 6162 "mainNetwork-cor" 13483000
           <...>-6162  [004] ....  1965.008162: do_anonymous_page: anonymous tgid 6096 6162 "mainNetwork-cor" 13484000
           <...>-6162  [004] ....  1965.008170: do_anonymous_page: anonymous tgid 6096 6162 "mainNetwork-cor" 13485000
           <...>-6162  [004] ....  1965.008181: do_anonymous_page: anonymous tgid 6096 6162 "mainNetwork-cor" 76259000
           <...>-6162  [004] ....  1965.008183: do_anonymous_page: anonymous tgid 6096 6162 "mainNetwork-cor" 7625a000
           <...>-6162  [004] ....  1965.008186: do_anonymous_page: anonymous tgid 6096 6162 "mainNetwork-cor" 7625b000
           <...>-6195  [004] ....  1965.008392: do_anonymous_page: anonymous tgid 6096 6195 "mainNetwork-cor" 134c0000
           <...>-6195  [004] ....  1965.008553: do_anonymous_page: anonymous tgid 6096 6195 "mainNetwork-cor" 134c1000
   Binder:1337_9-2210  [004] ....  1965.008655: do_anonymous_page: anonymous tgid 1337 2210 "Binder:1337_9" 7f23160000
   Binder:1337_9-2210  [004] ....  1965.008670: do_anonymous_page: anonymous tgid 1337 2210 "Binder:1337_9" 13ac0000
           <...>-625   [004] ....  1965.009936: do_anonymous_page: anonymous tgid 601 625 "Binder:601_1" 7fba69b000
           <...>-625   [004] ....  1965.009942: do_anonymous_page: anonymous tgid 601 625 "Binder:601_1" 7fba699000
           <...>-625   [004] ....  1965.009948: do_anonymous_page: anonymous tgid 601 625 "Binder:601_1" 7fba69a000
           <...>-2261  [004] ....  1965.010216: do_anonymous_page: anonymous tgid 1337 2261 "Binder:1337_A" 12eda000
 twitter.android-6096  [004] ....  1965.011687: do_anonymous_page: anonymous tgid 6096 6096 "twitter.android" 12d62000
 twitter.android-6096  [004] ....  1965.014631: do_anonymous_page: anonymous tgid 6096 6096 "twitter.android" 12d63000
 twitter.android-6096  [004] ....  1965.014807: do_anonymous_page: anonymous tgid 6096 6096 "twitter.android" 12d64000
           <...>-631   [004] ....  1965.018239: do_anonymous_page: anonymous tgid 601 631 "Binder:601_2" 7faa732000
 twitter.android-6096  [004] ....  1965.018627: do_anonymous_page: anonymous tgid 6096 6096 "twitter.android" 7ea36a8000
 twitter.android-6096  [004] ....  1965.018632: do_anonymous_page: anonymous tgid 6096 6096 "twitter.android" 7ea36db000
           <...>-6176  [004] ....  1965.019824: do_anonymous_page: anonymous tgid 6096 6176 "RenderThread" 7ec6e06000
           <...>-6176  [004] ....  1965.019832: do_anonymous_page: anonymous tgid 6096 6176 "RenderThread" 7ec6e07000
           <...>-6176  [004] ....  1965.019834: do_anonymous_page: anonymous tgid 6096 6176 "RenderThread" 7ec6e08000
           <...>-6176  [004] ....  1965.019837: do_anonymous_page: anonymous tgid 6096 6176 "RenderThread" 7ec6e09000
           <...>-6176  [004] ....  1965.019838: do_anonymous_page: anonymous tgid 6096 6176 "RenderThread" 7ec6e0a000
           <...>-6176  [004] ....  1965.019841: do_anonymous_page: anonymous tgid 6096 6176 "RenderThread" 7ec6e0b000
           <...>-631   [004] ....  1965.021531: do_anonymous_page: anonymous tgid 601 631 "Binder:601_2" 7fb7529000
           <...>-631   [004] ....  1965.021706: do_anonymous_page: anonymous tgid 601 631 "Binder:601_2" 7fb798a000
           <...>-6176  [004] ....  1965.021778: do_anonymous_page: anonymous tgid 6096 6176 "RenderThread" 13500000
           <...>-6176  [004] ....  1965.021803: do_anonymous_page: anonymous tgid 6096 6176 "RenderThread" 7f30b37000
           <...>-1361  [004] ....  1965.022903: do_anonymous_page: anonymous tgid 1337 1361 "android.anim" 12e4e000
           <...>-631   [004] ....  1965.023626: do_anonymous_page: anonymous tgid 601 631 "Binder:601_2" 7fb7551000
           <...>-631   [004] ....  1965.023631: do_anonymous_page: anonymous tgid 601 631 "Binder:601_2" 7fb754f000
           <...>-631   [004] ....  1965.023636: do_anonymous_page: anonymous tgid 601 631 "Binder:601_2" 7fb7550000
           <...>-1361  [004] ....  1965.023888: do_anonymous_page: anonymous tgid 1337 1361 "android.anim" 12e4f000
 twitter.android-6096  [004] ....  1965.025449: do_anonymous_page: anonymous tgid 6096 6096 "twitter.android" 12d65000
           <...>-603   [004] ....  1965.027031: do_anonymous_page: anonymous tgid 603 603 "composer@2.3-se" 7fb44fe000
           <...>-603   [004] ....  1965.027038: do_anonymous_page: anonymous tgid 603 603 "composer@2.3-se" 7fb44ff000
           <...>-603   [004] ....  1965.027040: do_anonymous_page: anonymous tgid 603 603 "composer@2.3-se" 7fb4500000
           <...>-603   [004] ....  1965.027043: do_anonymous_page: anonymous tgid 603 603 "composer@2.3-se" 7fb4501000
           <...>-603   [004] ....  1965.027045: do_anonymous_page: anonymous tgid 603 603 "composer@2.3-se" 7fb4502000
           <...>-603   [004] ....  1965.027047: do_anonymous_page: anonymous tgid 603 603 "composer@2.3-se" 7fb4503000
           <...>-603   [004] ....  1965.027050: do_anonymous_page: anonymous tgid 603 603 "composer@2.3-se" 7fb4504000
           <...>-603   [004] ....  1965.027154: do_anonymous_page: anonymous tgid 603 603 "composer@2.3-se" 7fbce88000
           <...>-603   [004] ....  1965.027169: do_anonymous_page: anonymous tgid 603 603 "composer@2.3-se" 7fb5de0000
           <...>-1337  [004] ....  1965.030927: do_anonymous_page: anonymous tgid 1337 1337 "system_server" 12d06000
 PowerManagerSer-1377  [004] ....  1965.031126: do_anonymous_page: anonymous tgid 1337 1377 "PowerManagerSer" 1367c000
 twitter.android-6096  [004] ....  1965.032271: do_anonymous_page: anonymous tgid 6096 6096 "twitter.android" 12d66000
 twitter.android-6096  [004] ....  1965.032677: do_anonymous_page: anonymous tgid 6096 6096 "twitter.android" 7ea36dc000
 twitter.android-6096  [004] ....  1965.032689: do_anonymous_page: anonymous tgid 6096 6096 "twitter.android" 7ea36dd000
 twitter.android-6096  [004] ....  1965.032743: do_anonymous_page: anonymous tgid 6096 6096 "twitter.android" 7ea36de000
 twitter.android-6096  [004] ....  1965.032786: do_anonymous_page: anonymous tgid 6096 6096 "twitter.android" 7eabeb4000
   Binder:1337_F-4000  [004] ....  1965.035103: do_anonymous_page: anonymous tgid 1337 4000 "Binder:1337_F" 131c8000
           <...>-6178  [004] ....  1965.035498: do_anonymous_page: anonymous tgid 6096 6178 "WM.task-2" 12e4f000
 twitter.android-6096  [004] ....  1965.035987: do_anonymous_page: anonymous tgid 6096 6096 "twitter.android" 12d67000
 twitter.android-6096  [004] ....  1965.036144: do_anonymous_page: anonymous tgid 6096 6096 "twitter.android" 12d68000
           <...>-6149  [004] ....  1965.036486: do_anonymous_page: anonymous tgid 6096 6149 "mainNetwork-cor" 13540000
           <...>-6149  [004] ....  1965.036576: do_anonymous_page: anonymous tgid 6096 6149 "mainNetwork-cor" 13541000
           <...>-6204  [004] ....  1965.036811: do_anonymous_page: anonymous tgid 6096 6204 "AsyncTask #1" 13580000
           <...>-6174  [004] ....  1965.036850: do_anonymous_page: anonymous tgid 6096 6174 "mainNetwork-cor" 135c0000
           <...>-6174  [004] ....  1965.036893: do_anonymous_page: anonymous tgid 6096 6174 "mainNetwork-cor" 135c1000
           <...>-601   [004] ....  1965.039309: do_anonymous_page: anonymous tgid 601 601 "surfaceflinger" 7faa545000
 io-core-Thread--6143  [004] ....  1965.040212: do_anonymous_page: anonymous tgid 6096 6143 "io-core-Thread-" 12c97000
           <...>-6142  [004] ....  1965.040401: do_anonymous_page: anonymous tgid 6096 6142 "io-core-Thread-" 13087000
           <...>-7668  [004] ....  1965.040667: do_anonymous_page: anonymous tgid 6210 7668 "Binder:6210_5" cc10f000
           <...>-6142  [004] ....  1965.041085: do_anonymous_page: anonymous tgid 6096 6142 "io-core-Thread-" 13088000
           <...>-6301  [004] ....  1965.041378: do_anonymous_page: anonymous tgid 6096 6301 "Binder:6096_4" 7f317ba000
 io-core-Thread--6143  [004] ....  1965.042796: do_anonymous_page: anonymous tgid 6096 6143 "io-core-Thread-" 12c98000
           <...>-6142  [004] ....  1965.043056: do_anonymous_page: anonymous tgid 6096 6142 "io-core-Thread-" 7f2cef6000
           <...>-6142  [004] ....  1965.043061: do_anonymous_page: anonymous tgid 6096 6142 "io-core-Thread-" 7f2cef5000
           <...>-6142  [004] ....  1965.043139: do_anonymous_page: anonymous tgid 6096 6142 "io-core-Thread-" 13089000
           <...>-6142  [004] ....  1965.043199: do_anonymous_page: anonymous tgid 6096 6142 "io-core-Thread-" 7f2cdcf000
           <...>-6142  [004] ....  1965.043204: do_anonymous_page: anonymous tgid 6096 6142 "io-core-Thread-" 7f2cdce000
           <...>-6142  [004] ....  1965.043254: do_anonymous_page: anonymous tgid 6096 6142 "io-core-Thread-" 1308a000
           <...>-6142  [004] ....  1965.043262: do_anonymous_page: anonymous tgid 6096 6142 "io-core-Thread-" 7e7b9c2000
           <...>-6142  [004] ....  1965.043264: do_anonymous_page: anonymous tgid 6096 6142 "io-core-Thread-" 7e7b9c3000
           <...>-6142  [004] ....  1965.043290: do_anonymous_page: anonymous tgid 6096 6142 "io-core-Thread-" 7f296a6000
           <...>-6142  [004] ....  1965.043293: do_anonymous_page: anonymous tgid 6096 6142 "io-core-Thread-" 7f296a5000
           <...>-6142  [004] ....  1965.043342: do_anonymous_page: anonymous tgid 6096 6142 "io-core-Thread-" 1308b000
           <...>-6142  [004] ....  1965.043358: do_anonymous_page: anonymous tgid 6096 6142 "io-core-Thread-" 7e7b9c4000
           <...>-6142  [004] ....  1965.043360: do_anonymous_page: anonymous tgid 6096 6142 "io-core-Thread-" 7e7b9c5000
           <...>-6142  [004] ....  1965.043383: do_anonymous_page: anonymous tgid 6096 6142 "io-core-Thread-" 7f2959d000
           <...>-6142  [004] ....  1965.043385: do_anonymous_page: anonymous tgid 6096 6142 "io-core-Thread-" 7f2959c000
           <...>-7669  [004] ....  1965.043581: do_anonymous_page: anonymous tgid 1337 7669 "Binder:1337_16" 137c1000
           <...>-7669  [004] ....  1965.043643: do_anonymous_page: anonymous tgid 1337 7669 "Binder:1337_16" 7e5ec6f000
           <...>-7669  [004] ....  1965.043647: do_anonymous_page: anonymous tgid 1337 7669 "Binder:1337_16" 7e5ec70000
           <...>-6142  [004] ....  1965.043903: do_anonymous_page: anonymous tgid 6096 6142 "io-core-Thread-" 1308c000
           <...>-6142  [004] ....  1965.044120: do_anonymous_page: anonymous tgid 6096 6142 "io-core-Thread-" 1308d000
           <...>-6142  [004] ....  1965.044159: do_anonymous_page: anonymous tgid 6096 6142 "io-core-Thread-" 1308e000
           <...>-6196  [004] ....  1965.044377: do_anonymous_page: anonymous tgid 6096 6196 "mainNetwork-cor" 13600000
           <...>-6196  [004] ....  1965.044472: do_anonymous_page: anonymous tgid 6096 6196 "mainNetwork-cor" 13601000
   Binder:1337_F-4000  [004] ....  1965.045165: do_anonymous_page: anonymous tgid 1337 4000 "Binder:1337_F" 131c9000
           <...>-2014  [004] ....  1965.045212: do_anonymous_page: anonymous tgid 1984 2014 "Binder:1984_2" 12c82000
           <...>-7668  [004] ....  1965.045733: do_anonymous_page: anonymous tgid 6210 7668 "Binder:6210_5" cc10d000
           <...>-6293  [004] ....  1965.048001: do_anonymous_page: anonymous tgid 6210 6293 "NetworkService" 4b7a3000
           <...>-6142  [004] ....  1965.051635: do_anonymous_page: anonymous tgid 6096 6142 "io-core-Thread-" 1308f000
           <...>-6174  [004] ....  1965.052570: do_anonymous_page: anonymous tgid 6096 6174 "mainNetwork-cor" 135c2000
           <...>-6174  [004] ....  1965.052913: do_anonymous_page: anonymous tgid 6096 6174 "mainNetwork-cor" 135c3000
  UiThreadHelper-2033  [004] ....  1965.054534: do_anonymous_page: anonymous tgid 1984 2033 "UiThreadHelper" 12ccc000
 io-core-Thread--6143  [004] ....  1965.055143: do_anonymous_page: anonymous tgid 6096 6143 "io-core-Thread-" 12c99000
 io-core-Thread--6143  [004] ....  1965.055157: do_anonymous_page: anonymous tgid 6096 6143 "io-core-Thread-" 12c9a000
 io-core-Thread--6143  [004] ....  1965.055211: do_anonymous_page: anonymous tgid 6096 6143 "io-core-Thread-" 12c9b000
 io-core-Thread--6143  [004] ....  1965.056128: do_anonymous_page: anonymous tgid 6096 6143 "io-core-Thread-" 7e7bc01000
 wifi_ext@1.0-se-2949  [004] ....  1965.062745: do_anonymous_page: anonymous tgid 832 2949 "wifi_ext@1.0-se" 7fba16e000
 wifi_ext@1.0-se-2949  [004] ....  1965.062755: do_anonymous_page: anonymous tgid 832 2949 "wifi_ext@1.0-se" 7fba16f000
 wifi_ext@1.0-se-2949  [004] ....  1965.062758: do_anonymous_page: anonymous tgid 832 2949 "wifi_ext@1.0-se" 7fba170000
 wifi_ext@1.0-se-2949  [004] ....  1965.062765: do_anonymous_page: anonymous tgid 832 2949 "wifi_ext@1.0-se" 7fba13d000
 twitter.android-6096  [004] ....  1965.063203: do_anonymous_page: anonymous tgid 6096 6096 "twitter.android" 12d69000
 twitter.android-6096  [004] ....  1965.063776: do_anonymous_page: anonymous tgid 6096 6096 "twitter.android" 7656d000
 twitter.android-6096  [004] ....  1965.063782: do_anonymous_page: anonymous tgid 6096 6096 "twitter.android" 76d3c000
 twitter.android-6096  [004] ....  1965.063797: do_anonymous_page: anonymous tgid 6096 6096 "twitter.android" 12d6a000
           <...>-6149  [004] ....  1965.064128: do_anonymous_page: anonymous tgid 6096 6149 "mainNetwork-cor" 13542000
           <...>-6195  [004] ....  1965.064251: do_anonymous_page: anonymous tgid 6096 6195 "mainNetwork-cor" 134c2000
           <...>-6195  [004] ....  1965.064351: do_anonymous_page: anonymous tgid 6096 6195 "mainNetwork-cor" 134c3000
           <...>-6195  [004] ....  1965.064369: do_anonymous_page: anonymous tgid 6096 6195 "mainNetwork-cor" 134c4000
           <...>-6195  [004] ....  1965.064382: do_anonymous_page: anonymous tgid 6096 6195 "mainNetwork-cor" 134c5000
           <...>-6195  [004] ....  1965.064450: do_anonymous_page: anonymous tgid 6096 6195 "mainNetwork-cor" 134c6000
           <...>-6195  [004] ....  1965.064469: do_anonymous_page: anonymous tgid 6096 6195 "mainNetwork-cor" 134c7000
           <...>-6178  [004] ....  1965.065011: do_anonymous_page: anonymous tgid 6096 6178 "WM.task-2" 12e50000
           <...>-6178  [004] ....  1965.065848: do_anonymous_page: anonymous tgid 6096 6178 "WM.task-2" 12e51000
   Binder:1337_F-4000  [004] ....  1965.066014: do_anonymous_page: anonymous tgid 1337 4000 "Binder:1337_F" 131ca000
   Binder:1337_F-4000  [004] ....  1965.068661: do_anonymous_page: anonymous tgid 1337 4000 "Binder:1337_F" 131cb000
           <...>-6162  [004] ....  1965.068784: do_anonymous_page: anonymous tgid 6096 6162 "mainNetwork-cor" 13486000
           <...>-6162  [004] ....  1965.068836: do_anonymous_page: anonymous tgid 6096 6162 "mainNetwork-cor" 13487000
           <...>-6162  [004] ....  1965.068882: do_anonymous_page: anonymous tgid 6096 6162 "mainNetwork-cor" 13488000
           <...>-6162  [004] ....  1965.068908: do_anonymous_page: anonymous tgid 6096 6162 "mainNetwork-cor" 13489000
           <...>-6149  [004] ....  1965.069806: do_anonymous_page: anonymous tgid 6096 6149 "mainNetwork-cor" 13543000
           <...>-6149  [004] ....  1965.069839: do_anonymous_page: anonymous tgid 6096 6149 "mainNetwork-cor" 13544000
           <...>-6149  [004] ....  1965.069852: do_anonymous_page: anonymous tgid 6096 6149 "mainNetwork-cor" 13545000
           <...>-6149  [004] ....  1965.069867: do_anonymous_page: anonymous tgid 6096 6149 "mainNetwork-cor" 13546000
           <...>-6149  [004] ....  1965.069933: do_anonymous_page: anonymous tgid 6096 6149 "mainNetwork-cor" 13547000
           <...>-6149  [004] ....  1965.069964: do_anonymous_page: anonymous tgid 6096 6149 "mainNetwork-cor" 13548000
           <...>-6149  [004] ....  1965.070195: do_anonymous_page: anonymous tgid 6096 6149 "mainNetwork-cor" 13549000
           <...>-6149  [004] ....  1965.070261: do_anonymous_page: anonymous tgid 6096 6149 "mainNetwork-cor" 1354a000
           <...>-6149  [004] ....  1965.070315: do_anonymous_page: anonymous tgid 6096 6149 "mainNetwork-cor" 1354b000
           <...>-6149  [004] ....  1965.070411: do_anonymous_page: anonymous tgid 6096 6149 "mainNetwork-cor" 1354c000
           <...>-6149  [004] ....  1965.070483: do_anonymous_page: anonymous tgid 6096 6149 "mainNetwork-cor" 1354d000
           <...>-6149  [004] ....  1965.070512: do_anonymous_page: anonymous tgid 6096 6149 "mainNetwork-cor" 1354e000
           <...>-6149  [004] ....  1965.070528: do_anonymous_page: anonymous tgid 6096 6149 "mainNetwork-cor" 1354f000
           <...>-6149  [004] ....  1965.070561: do_anonymous_page: anonymous tgid 6096 6149 "mainNetwork-cor" 13550000
           <...>-6149  [004] ....  1965.070658: do_anonymous_page: anonymous tgid 6096 6149 "mainNetwork-cor" 13551000
           <...>-6149  [004] ....  1965.070685: do_anonymous_page: anonymous tgid 6096 6149 "mainNetwork-cor" 13552000
           <...>-6174  [004] ....  1965.073568: do_anonymous_page: anonymous tgid 6096 6174 "mainNetwork-cor" 135c4000
           <...>-6174  [004] ....  1965.073635: do_anonymous_page: anonymous tgid 6096 6174 "mainNetwork-cor" 135c5000
           <...>-6174  [004] ....  1965.073695: do_anonymous_page: anonymous tgid 6096 6174 "mainNetwork-cor" 135c6000
           <...>-6174  [004] ....  1965.073725: do_anonymous_page: anonymous tgid 6096 6174 "mainNetwork-cor" 7e7b93c000
           <...>-6195  [004] ....  1965.074154: do_anonymous_page: anonymous tgid 6096 6195 "mainNetwork-cor" 134c8000
           <...>-6195  [004] ....  1965.074196: do_anonymous_page: anonymous tgid 6096 6195 "mainNetwork-cor" 134c9000
           <...>-6195  [004] ....  1965.074240: do_anonymous_page: anonymous tgid 6096 6195 "mainNetwork-cor" 134ca000
           <...>-6195  [004] ....  1965.074305: do_anonymous_page: anonymous tgid 6096 6195 "mainNetwork-cor" 134cb000
           <...>-6195  [004] ....  1965.074609: do_anonymous_page: anonymous tgid 6096 6195 "mainNetwork-cor" 134cc000
           <...>-6195  [004] ....  1965.074633: do_anonymous_page: anonymous tgid 6096 6195 "mainNetwork-cor" 134cd000
           <...>-6195  [004] ....  1965.074665: do_anonymous_page: anonymous tgid 6096 6195 "mainNetwork-cor" 134ce000
           <...>-6195  [004] ....  1965.074674: do_anonymous_page: anonymous tgid 6096 6195 "mainNetwork-cor" 134cf000
           <...>-6195  [004] ....  1965.074733: do_anonymous_page: anonymous tgid 6096 6195 "mainNetwork-cor" 134d0000
           <...>-6195  [004] ....  1965.074855: do_anonymous_page: anonymous tgid 6096 6195 "mainNetwork-cor" 134d1000
           <...>-6195  [004] ....  1965.074884: do_anonymous_page: anonymous tgid 6096 6195 "mainNetwork-cor" 134d2000
           <...>-6195  [004] ....  1965.074961: do_anonymous_page: anonymous tgid 6096 6195 "mainNetwork-cor" 134d3000
           <...>-6195  [004] ....  1965.074998: do_anonymous_page: anonymous tgid 6096 6195 "mainNetwork-cor" 134d4000
           <...>-6195  [004] ....  1965.075126: do_anonymous_page: anonymous tgid 6096 6195 "mainNetwork-cor" 134d5000
           <...>-6195  [004] ....  1965.075224: do_anonymous_page: anonymous tgid 6096 6195 "mainNetwork-cor" 134d6000
           <...>-6195  [004] ....  1965.075285: do_anonymous_page: anonymous tgid 6096 6195 "mainNetwork-cor" 134d7000
           <...>-6195  [004] ....  1965.075316: do_anonymous_page: anonymous tgid 6096 6195 "mainNetwork-cor" 134d8000
           <...>-6181  [004] ....  1965.076146: do_anonymous_page: anonymous tgid 6096 6181 "WM.task-4" 12d01000
           <...>-6162  [004] ....  1965.076960: do_anonymous_page: anonymous tgid 6096 6162 "mainNetwork-cor" 7e7bc0a000
           <...>-6162  [004] ....  1965.076964: do_anonymous_page: anonymous tgid 6096 6162 "mainNetwork-cor" 7e7bc09000
           <...>-6162  [004] ....  1965.077220: do_anonymous_page: anonymous tgid 6096 6162 "mainNetwork-cor" 7ec6d97000
           <...>-6162  [004] ....  1965.077278: do_anonymous_page: anonymous tgid 6096 6162 "mainNetwork-cor" 7ec6d98000
           <...>-6162  [004] ....  1965.077336: do_anonymous_page: anonymous tgid 6096 6162 "mainNetwork-cor" 7ec6d99000
           <...>-6162  [004] ....  1965.077393: do_anonymous_page: anonymous tgid 6096 6162 "mainNetwork-cor" 7ec6d9a000
           <...>-7755  [004] ....  1965.080557: do_anonymous_page: anonymous tgid 6096 7755 "ScionFrontendAp" 7fbe07d000
           <...>-7755  [004] ....  1965.080576: do_anonymous_page: anonymous tgid 6096 7755 "ScionFrontendAp" 7f2d51d000
           <...>-7755  [004] ....  1965.080595: do_anonymous_page: anonymous tgid 6096 7755 "ScionFrontendAp" 13640000
           <...>-7755  [004] ....  1965.080656: do_anonymous_page: anonymous tgid 6096 7755 "ScionFrontendAp" 7f2d51e000
           <...>-7755  [004] ....  1965.080858: do_anonymous_page: anonymous tgid 6096 7755 "ScionFrontendAp" 7f2d51c000
           <...>-7755  [004] ....  1965.081062: do_anonymous_page: anonymous tgid 6096 7755 "ScionFrontendAp" 7ecc47e000
           <...>-7755  [004] ....  1965.081068: do_anonymous_page: anonymous tgid 6096 7755 "ScionFrontendAp" 7ecc47d000
   Binder:1337_F-4000  [004] ....  1965.081256: do_anonymous_page: anonymous tgid 1337 4000 "Binder:1337_F" 131cc000
           <...>-7755  [004] ....  1965.081410: do_anonymous_page: anonymous tgid 6096 7755 "ScionFrontendAp" 13641000
           <...>-7756  [004] ....  1965.081515: do_anonymous_page: anonymous tgid 6096 7756 "io-variable-Thr" 7fbe07b000
           <...>-7756  [004] ....  1965.081522: do_anonymous_page: anonymous tgid 6096 7756 "io-variable-Thr" 7f2d414000
           <...>-7756  [004] ....  1965.081542: do_anonymous_page: anonymous tgid 6096 7756 "io-variable-Thr" 13680000
           <...>-7756  [004] ....  1965.081577: do_anonymous_page: anonymous tgid 6096 7756 "io-variable-Thr" 7f2d415000
           <...>-7756  [004] ....  1965.081713: do_anonymous_page: anonymous tgid 6096 7756 "io-variable-Thr" 7f2d413000
           <...>-7756  [004] ....  1965.081744: do_anonymous_page: anonymous tgid 6096 7756 "io-variable-Thr" 13681000
           <...>-7756  [004] ....  1965.085215: do_anonymous_page: anonymous tgid 6096 7756 "io-variable-Thr" 13682000
   Binder:1337_F-4000  [004] ....  1965.085354: do_anonymous_page: anonymous tgid 1337 4000 "Binder:1337_F" 131cd000
           <...>-7756  [004] ....  1965.085453: do_anonymous_page: anonymous tgid 6096 7756 "io-variable-Thr" 13683000
           <...>-7756  [004] ....  1965.085656: do_anonymous_page: anonymous tgid 6096 7756 "io-variable-Thr" 13684000
           <...>-7757  [004] ....  1965.085928: do_anonymous_page: anonymous tgid 6096 7757 "io-variable-Thr" 7fbe079000
           <...>-7757  [004] ....  1965.085939: do_anonymous_page: anonymous tgid 6096 7757 "io-variable-Thr" 7f2d30b000
           <...>-7757  [004] ....  1965.085965: do_anonymous_page: anonymous tgid 6096 7757 "io-variable-Thr" 136c0000
           <...>-7757  [004] ....  1965.085998: do_anonymous_page: anonymous tgid 6096 7757 "io-variable-Thr" 7f2d30c000
   Binder:1337_F-4000  [004] ....  1965.086075: do_anonymous_page: anonymous tgid 1337 4000 "Binder:1337_F" 131ce000
           <...>-7757  [004] ....  1965.086144: do_anonymous_page: anonymous tgid 6096 7757 "io-variable-Thr" 7f2d30a000
           <...>-7757  [004] ....  1965.086171: do_anonymous_page: anonymous tgid 6096 7757 "io-variable-Thr" 136c1000
           <...>-6174  [004] ....  1965.086406: do_anonymous_page: anonymous tgid 6096 6174 "mainNetwork-cor" 135c7000
           <...>-6174  [004] ....  1965.086461: do_anonymous_page: anonymous tgid 6096 6174 "mainNetwork-cor" 135c8000
           <...>-6174  [004] ....  1965.086489: do_anonymous_page: anonymous tgid 6096 6174 "mainNetwork-cor" 135c9000
           <...>-6174  [004] ....  1965.086506: do_anonymous_page: anonymous tgid 6096 6174 "mainNetwork-cor" 135ca000
           <...>-7757  [004] ....  1965.086713: do_anonymous_page: anonymous tgid 6096 7757 "io-variable-Thr" 136c2000
           <...>-7757  [004] ....  1965.086868: do_anonymous_page: anonymous tgid 6096 7757 "io-variable-Thr" 136c3000
   Binder:1337_F-4000  [004] ....  1965.086965: do_anonymous_page: anonymous tgid 1337 4000 "Binder:1337_F" 131cf000
           <...>-7757  [004] ....  1965.087055: do_anonymous_page: anonymous tgid 6096 7757 "io-variable-Thr" 136c4000
           <...>-7756  [004] ....  1965.087110: do_anonymous_page: anonymous tgid 6096 7756 "io-variable-Thr" 13685000
           <...>-7756  [004] ....  1965.087159: do_anonymous_page: anonymous tgid 6096 7756 "io-variable-Thr" 7f2d79b000
   Binder:1337_F-4000  [004] ....  1965.087501: do_anonymous_page: anonymous tgid 1337 4000 "Binder:1337_F" 131d0000
   Binder:1337_F-4000  [004] ....  1965.087568: do_anonymous_page: anonymous tgid 1337 4000 "Binder:1337_F" 131d1000
           <...>-2407  [004] ....  1965.097167: do_anonymous_page: anonymous tgid 2407 2407 "gle.android.gms" 12cc1000
           <...>-2407  [004] ....  1965.097485: do_anonymous_page: anonymous tgid 2407 2407 "gle.android.gms" 12cc2000
           <...>-7757  [004] ....  1965.099817: do_anonymous_page: anonymous tgid 6096 7757 "io-variable-Thr" 136c5000
   Binder:1337_F-4000  [004] ....  1965.100091: do_anonymous_page: anonymous tgid 1337 4000 "Binder:1337_F" 131d2000
           <...>-5314  [004] ....  1965.102427: do_anonymous_page: anonymous tgid 2407 5314 "Binder:2407_D" 12d01000
   Binder:1337_1-1355  [004] ....  1965.102725: do_anonymous_page: anonymous tgid 1337 1355 "Binder:1337_1" 12dca000
           <...>-5314  [004] ....  1965.103278: do_anonymous_page: anonymous tgid 2407 5314 "Binder:2407_D" 12d02000
           <...>-5314  [004] ....  1965.103607: do_anonymous_page: anonymous tgid 2407 5314 "Binder:2407_D" 12d03000
           <...>-2407  [004] ....  1965.110176: do_anonymous_page: anonymous tgid 2407 2407 "gle.android.gms" 12cc3000
   Binder:2407_F-5446  [004] ....  1965.110534: do_anonymous_page: anonymous tgid 2407 5446 "Binder:2407_F" 7f22ff8000
   Binder:2407_F-5446  [004] ....  1965.110557: do_anonymous_page: anonymous tgid 2407 5446 "Binder:2407_F" 12d40000
           <...>-7756  [004] ....  1965.111787: do_anonymous_page: anonymous tgid 6096 7756 "io-variable-Thr" 13686000
           <...>-7758  [004] ....  1965.112079: do_anonymous_page: anonymous tgid 6096 7758 "OkHttp Dispatch" 7fbe06b000
           <...>-7759  [004] ....  1965.112136: do_anonymous_page: anonymous tgid 6096 7759 "OkHttp Dispatch" 7fbdb6b000
           <...>-7758  [004] ....  1965.112145: do_anonymous_page: anonymous tgid 6096 7758 "OkHttp Dispatch" 7f2cef3000
           <...>-7760  [004] ....  1965.112181: do_anonymous_page: anonymous tgid 6096 7760 "OkHttp Dispatch" 7fbc284000
           <...>-7760  [004] ....  1965.112185: do_anonymous_page: anonymous tgid 6096 7760 "OkHttp Dispatch" 7f296a3000
           <...>-7758  [004] ....  1965.112193: do_anonymous_page: anonymous tgid 6096 7758 "OkHttp Dispatch" 13980000
           <...>-7759  [004] ....  1965.112255: do_anonymous_page: anonymous tgid 6096 7759 "OkHttp Dispatch" 7f2cdcc000
           <...>-7761  [004] ....  1965.112283: do_anonymous_page: anonymous tgid 6096 7761 "OkHttp Dispatch" 7fbc282000
           <...>-7761  [004] ....  1965.112288: do_anonymous_page: anonymous tgid 6096 7761 "OkHttp Dispatch" 7f2959a000
           <...>-7759  [004] ....  1965.112292: do_anonymous_page: anonymous tgid 6096 7759 "OkHttp Dispatch" 13a00000
           <...>-7760  [004] ....  1965.112353: do_anonymous_page: anonymous tgid 6096 7760 "OkHttp Dispatch" 139c0000
           <...>-7758  [004] ....  1965.112374: do_anonymous_page: anonymous tgid 6096 7758 "twitter.com/..." 7f2cef4000
           <...>-7761  [004] ....  1965.112394: do_anonymous_page: anonymous tgid 6096 7761 "OkHttp Dispatch" 13a40000
           <...>-7761  [004] ....  1965.112410: do_anonymous_page: anonymous tgid 6096 7761 "glbtls.t.co/..." 7f2959b000
           <...>-7761  [004] ....  1965.112413: do_anonymous_page: anonymous tgid 6096 7761 "glbtls.t.co/..." 7f29599000
           <...>-7761  [004] ....  1965.112439: do_anonymous_page: anonymous tgid 6096 7761 "glbtls.t.co/..." 13a41000
           <...>-6109  [004] ....  1965.112712: do_anonymous_page: anonymous tgid 6096 6109 "HeapTaskDaemon" 7fbde10000
           <...>-6109  [004] ....  1965.112838: do_anonymous_page: anonymous tgid 6096 6109 "HeapTaskDaemon" 7f3541a000
           <...>-6109  [004] ....  1965.112841: do_anonymous_page: anonymous tgid 6096 6109 "HeapTaskDaemon" 7f336bc000
           <...>-6109  [004] ....  1965.112913: do_anonymous_page: anonymous tgid 6096 6109 "HeapTaskDaemon" 7f3541b000
           <...>-6109  [004] ....  1965.112918: do_anonymous_page: anonymous tgid 6096 6109 "HeapTaskDaemon" 7f336bd000
           <...>-6109  [004] ....  1965.113038: do_anonymous_page: anonymous tgid 6096 6109 "HeapTaskDaemon" 7f336be000
           <...>-6109  [004] ....  1965.113097: do_anonymous_page: anonymous tgid 6096 6109 "HeapTaskDaemon" 7f336bf000
           <...>-6109  [004] ....  1965.113116: do_anonymous_page: anonymous tgid 6096 6109 "HeapTaskDaemon" 7f35445000
           <...>-6109  [004] ....  1965.113127: do_anonymous_page: anonymous tgid 6096 6109 "HeapTaskDaemon" 7f35420000
           <...>-6109  [004] ....  1965.113136: do_anonymous_page: anonymous tgid 6096 6109 "HeapTaskDaemon" 7f35421000
           <...>-6109  [004] ....  1965.113144: do_anonymous_page: anonymous tgid 6096 6109 "HeapTaskDaemon" 7f336c0000
           <...>-6109  [004] ....  1965.113268: do_anonymous_page: anonymous tgid 6096 6109 "HeapTaskDaemon" 7f2e94a000
           <...>-6109  [004] ....  1965.113356: do_anonymous_page: anonymous tgid 6096 6109 "HeapTaskDaemon" 7f336c1000
           <...>-6109  [004] ....  1965.113450: do_anonymous_page: anonymous tgid 6096 6109 "HeapTaskDaemon" 7f353c4000
           <...>-6109  [004] ....  1965.113530: do_anonymous_page: anonymous tgid 6096 6109 "HeapTaskDaemon" 7f336c2000
           <...>-6109  [004] ....  1965.113725: do_anonymous_page: anonymous tgid 6096 6109 "HeapTaskDaemon" 7f336c3000
           <...>-6109  [004] ....  1965.113925: do_anonymous_page: anonymous tgid 6096 6109 "HeapTaskDaemon" 7f336c4000
           <...>-6109  [004] ....  1965.114125: do_anonymous_page: anonymous tgid 6096 6109 "HeapTaskDaemon" 7f336c5000
           <...>-6109  [004] ....  1965.114307: do_anonymous_page: anonymous tgid 6096 6109 "HeapTaskDaemon" 7f336c6000
           <...>-6109  [004] ....  1965.114328: do_anonymous_page: anonymous tgid 6096 6109 "HeapTaskDaemon" 7f353ea000
           <...>-7760  [004] ....  1965.118785: do_anonymous_page: anonymous tgid 6096 7760 "o.twimg.com/..." 7f296a4000
           <...>-7760  [004] ....  1965.118804: do_anonymous_page: anonymous tgid 6096 7760 "o.twimg.com/..." 7f34f0c000
           <...>-7760  [004] ....  1965.118814: do_anonymous_page: anonymous tgid 6096 7760 "o.twimg.com/..." 7f296a2000
           <...>-7760  [004] ....  1965.118852: do_anonymous_page: anonymous tgid 6096 7760 "o.twimg.com/..." 7f34f0a000
           <...>-7760  [004] ....  1965.118954: do_anonymous_page: anonymous tgid 6096 7760 "o.twimg.com/..." 139c1000
           <...>-7760  [004] ....  1965.118984: do_anonymous_page: anonymous tgid 6096 7760 "o.twimg.com/..." 7f34f10000
           <...>-7759  [004] ....  1965.119148: do_anonymous_page: anonymous tgid 6096 7759 "s.twimg.com/..." 7f2cdcd000
           <...>-7759  [004] ....  1965.119156: do_anonymous_page: anonymous tgid 6096 7759 "s.twimg.com/..." 7f2cdcb000
           <...>-7759  [004] ....  1965.119208: do_anonymous_page: anonymous tgid 6096 7759 "s.twimg.com/..." 13a01000
           <...>-7758  [004] ....  1965.119280: do_anonymous_page: anonymous tgid 6096 7758 "twitter.com/..." 7f2cef2000
           <...>-7758  [004] ....  1965.119324: do_anonymous_page: anonymous tgid 6096 7758 "twitter.com/..." 13981000
           <...>-7758  [004] ....  1965.119378: do_anonymous_page: anonymous tgid 6096 7758 "twitter.com/..." 13982000
           <...>-7758  [004] ....  1965.119410: do_anonymous_page: anonymous tgid 6096 7758 "twitter.com/..." 13983000
           <...>-7758  [004] ....  1965.119430: do_anonymous_page: anonymous tgid 6096 7758 "twitter.com/..." 13984000
           <...>-7756  [004] ....  1965.119756: do_anonymous_page: anonymous tgid 6096 7756 "io-variable-Thr" 7f34f0b000
           <...>-7756  [004] ....  1965.119817: do_anonymous_page: anonymous tgid 6096 7756 "io-variable-Thr" 7f34f0f000
           <...>-7756  [004] ....  1965.119826: do_anonymous_page: anonymous tgid 6096 7756 "io-variable-Thr" 7f34f12000
           <...>-7756  [004] ....  1965.119829: do_anonymous_page: anonymous tgid 6096 7756 "io-variable-Thr" 7f34f0e000
           <...>-6193  [004] ....  1965.120040: do_anonymous_page: anonymous tgid 6096 6193 "mainNetwork-cor" 13a80000
           <...>-6193  [004] ....  1965.120235: do_anonymous_page: anonymous tgid 6096 6193 "mainNetwork-cor" 13a81000
           <...>-6193  [004] ....  1965.120571: do_anonymous_page: anonymous tgid 6096 6193 "mainNetwork-cor" 13a82000
           <...>-6193  [004] ....  1965.121515: do_anonymous_page: anonymous tgid 6096 6193 "mainNetwork-cor" 13a83000
           <...>-6193  [004] ....  1965.121531: do_anonymous_page: anonymous tgid 6096 6193 "mainNetwork-cor" 13a84000
           <...>-6193  [004] ....  1965.121543: do_anonymous_page: anonymous tgid 6096 6193 "mainNetwork-cor" 13a85000
           <...>-6193  [004] ....  1965.121597: do_anonymous_page: anonymous tgid 6096 6193 "mainNetwork-cor" 13a86000
           <...>-6193  [004] ....  1965.121619: do_anonymous_page: anonymous tgid 6096 6193 "mainNetwork-cor" 13a87000
           <...>-1365  [004] ....  1965.124611: do_anonymous_page: anonymous tgid 1337 1365 "android.bg" 7e6fb75000
           <...>-1365  [004] ....  1965.124615: do_anonymous_page: anonymous tgid 1337 1365 "android.bg" 7e6fb76000
           <...>-1365  [004] ....  1965.124617: do_anonymous_page: anonymous tgid 1337 1365 "android.bg" 7e6fb77000
           <...>-1365  [004] ....  1965.124619: do_anonymous_page: anonymous tgid 1337 1365 "android.bg" 7e6fb78000
           <...>-1365  [004] ....  1965.124621: do_anonymous_page: anonymous tgid 1337 1365 "android.bg" 7e6fb79000
           <...>-1365  [004] ....  1965.124623: do_anonymous_page: anonymous tgid 1337 1365 "android.bg" 7e6fb7a000
           <...>-1365  [004] ....  1965.124625: do_anonymous_page: anonymous tgid 1337 1365 "android.bg" 7e6fb7b000
           <...>-1365  [004] ....  1965.124627: do_anonymous_page: anonymous tgid 1337 1365 "android.bg" 7e6fb7c000
           <...>-1365  [004] ....  1965.124629: do_anonymous_page: anonymous tgid 1337 1365 "android.bg" 7e6fb7d000
           <...>-1365  [004] ....  1965.124630: do_anonymous_page: anonymous tgid 1337 1365 "android.bg" 7e6fb7e000
           <...>-1365  [004] ....  1965.124632: do_anonymous_page: anonymous tgid 1337 1365 "android.bg" 7e6fb7f000
           <...>-1365  [004] ....  1965.124634: do_anonymous_page: anonymous tgid 1337 1365 "android.bg" 7e6fb80000
