  Binder:1337_11-5151  [004] ....   651.149554: do_anonymous_page: anonymous tgid 1337 5151 "Binder:1337_11" 12e8d000
  Binder:1337_11-5151  [004] ....   651.149577: do_anonymous_page: anonymous tgid 1337 5151 "Binder:1337_11" 7624b000
  Binder:1337_11-5151  [004] ....   651.149608: do_anonymous_page: anonymous tgid 1337 5151 "Binder:1337_11" 12e8f000
  Binder:1337_11-5151  [004] ....   651.149684: do_anonymous_page: anonymous tgid 1337 5151 "Binder:1337_11" 12e8e000
  Binder:1337_11-5151  [004] ....   651.150377: do_anonymous_page: anonymous tgid 1337 5151 "Binder:1337_11" 12e90000
  Binder:1337_11-5151  [004] ....   651.150590: do_anonymous_page: anonymous tgid 1337 5151 "Binder:1337_11" 12e91000
  Binder:1337_11-5151  [004] ....   651.155728: do_anonymous_page: anonymous tgid 1337 5151 "Binder:1337_11" 12e92000
    android.anim-1361  [004] ....   651.156828: do_anonymous_page: anonymous tgid 1337 1361 "android.anim" 12f85000
    android.anim-1361  [004] ....   651.156855: do_anonymous_page: anonymous tgid 1337 1361 "android.anim" 12f86000
           <...>-2043  [004] ....   651.156985: do_anonymous_page: anonymous tgid 601 2043 "Binder:601_5" 7fba792000
           <...>-2043  [004] ....   651.156990: do_anonymous_page: anonymous tgid 601 2043 "Binder:601_5" 7fba790000
           <...>-2043  [004] ....   651.156995: do_anonymous_page: anonymous tgid 601 2043 "Binder:601_5" 7fba791000
    android.anim-1361  [004] ....   651.160324: do_anonymous_page: anonymous tgid 1337 1361 "android.anim" 12f87000
           <...>-2043  [004] ....   651.160407: do_anonymous_page: anonymous tgid 601 2043 "Binder:601_5" 7fba795000
           <...>-2043  [004] ....   651.160411: do_anonymous_page: anonymous tgid 601 2043 "Binder:601_5" 7fba793000
           <...>-2043  [004] ....   651.160417: do_anonymous_page: anonymous tgid 601 2043 "Binder:601_5" 7fba794000
   Binder:6096_2-6114  [004] ....   651.162613: do_anonymous_page: anonymous tgid 6096 6114 "Binder:6096_2" 7f39348000
   Binder:6096_2-6114  [004] ....   651.162642: do_anonymous_page: anonymous tgid 6096 6114 "Binder:6096_2" 134c0000
           <...>-2043  [004] ....   651.163050: do_anonymous_page: anonymous tgid 601 2043 "Binder:601_5" 7fba70b000
           <...>-833   [004] ....   651.164461: do_anonymous_page: anonymous tgid 601 833 "Binder:601_3" 7faa367000
           <...>-833   [004] ....   651.164467: do_anonymous_page: anonymous tgid 601 833 "Binder:601_3" 7faa368000
           <...>-833   [004] ....   651.164469: do_anonymous_page: anonymous tgid 601 833 "Binder:601_3" 7faa369000
           <...>-833   [004] ....   651.164740: do_anonymous_page: anonymous tgid 601 833 "Binder:601_3" 7fba64b000
           <...>-833   [004] ....   651.165247: do_anonymous_page: anonymous tgid 601 833 "Binder:601_3" 7fba652000
           <...>-6096  [004] ....   651.167351: do_anonymous_page: anonymous tgid 6096 6096 "twitter.android" 7f2d629000
           <...>-6096  [004] ....   651.167359: do_anonymous_page: anonymous tgid 6096 6096 "twitter.android" 7f2d628000
           <...>-6096  [004] ....   651.167550: do_anonymous_page: anonymous tgid 6096 6096 "twitter.android" 12e48000
           <...>-6096  [004] ....   651.167628: do_anonymous_page: anonymous tgid 6096 6096 "twitter.android" 12e4a000
           <...>-6096  [004] ....   651.167700: do_anonymous_page: anonymous tgid 6096 6096 "twitter.android" 12e49000
           <...>-6096  [004] ....   651.167783: do_anonymous_page: anonymous tgid 6096 6096 "twitter.android" 7f2d520000
           <...>-6096  [004] ....   651.167788: do_anonymous_page: anonymous tgid 6096 6096 "twitter.android" 7f2d51f000
           <...>-6096  [004] ....   651.167820: do_anonymous_page: anonymous tgid 6096 6096 "twitter.android" 12e4b000
           <...>-6096  [004] ....   651.167849: do_anonymous_page: anonymous tgid 6096 6096 "twitter.android" 7f2d417000
           <...>-6096  [004] ....   651.167852: do_anonymous_page: anonymous tgid 6096 6096 "twitter.android" 7f2d416000
           <...>-6096  [004] ....   651.167914: do_anonymous_page: anonymous tgid 6096 6096 "twitter.android" 12e4d000
           <...>-6096  [004] ....   651.167938: do_anonymous_page: anonymous tgid 6096 6096 "twitter.android" 12e4c000
           <...>-6096  [004] ....   651.167958: do_anonymous_page: anonymous tgid 6096 6096 "twitter.android" 12e4e000
 io-core-Thread--6142  [004] ....   651.168261: do_anonymous_page: anonymous tgid 6096 6142 "io-core-Thread-" 12f01000
 io-core-Thread--6142  [004] ....   651.168326: do_anonymous_page: anonymous tgid 6096 6142 "io-core-Thread-" 12f02000
 io-core-Thread--6142  [004] ....   651.168572: do_anonymous_page: anonymous tgid 6096 6142 "io-core-Thread-" 12f03000
       WM.task-4-6181  [004] ....   651.168806: do_anonymous_page: anonymous tgid 6096 6181 "WM.task-4" 133cf000
           <...>-1791  [004] ....   651.169488: do_anonymous_page: anonymous tgid 1337 1791 "Binder:1337_6" 12ec3000
    android.anim-1361  [004] ....   651.169769: do_anonymous_page: anonymous tgid 1337 1361 "android.anim" 7eb4ad5000
    android.anim-1361  [004] ....   651.169773: do_anonymous_page: anonymous tgid 1337 1361 "android.anim" 7eb4ad6000
    android.anim-1361  [004] ....   651.169775: do_anonymous_page: anonymous tgid 1337 1361 "android.anim" 7eb4ad7000
    android.anim-1361  [004] ....   651.169778: do_anonymous_page: anonymous tgid 1337 1361 "android.anim" 7eb4ad8000
    android.anim-1361  [004] ....   651.169780: do_anonymous_page: anonymous tgid 1337 1361 "android.anim" 7eb4ad9000
    android.anim-1361  [004] ....   651.169782: do_anonymous_page: anonymous tgid 1337 1361 "android.anim" 7eb4ada000
    android.anim-1361  [004] ....   651.169852: do_anonymous_page: anonymous tgid 1337 1361 "android.anim" 7eb4adb000
    android.anim-1361  [004] ....   651.169855: do_anonymous_page: anonymous tgid 1337 1361 "android.anim" 7eb4adc000
    android.anim-1361  [004] ....   651.169861: do_anonymous_page: anonymous tgid 1337 1361 "android.anim" 7e8568f000
    android.anim-1361  [004] ....   651.169864: do_anonymous_page: anonymous tgid 1337 1361 "android.anim" 7e85690000
    android.anim-1361  [004] ....   651.169866: do_anonymous_page: anonymous tgid 1337 1361 "android.anim" 7e85691000
    android.anim-1361  [004] ....   651.169868: do_anonymous_page: anonymous tgid 1337 1361 "android.anim" 7e85692000
    android.anim-1361  [004] ....   651.169870: do_anonymous_page: anonymous tgid 1337 1361 "android.anim" 7e85693000
    android.anim-1361  [004] ....   651.169873: do_anonymous_page: anonymous tgid 1337 1361 "android.anim" 7e85694000
    android.anim-1361  [004] ....   651.169876: do_anonymous_page: anonymous tgid 1337 1361 "android.anim" 7e85695000
    android.anim-1361  [004] ....   651.169878: do_anonymous_page: anonymous tgid 1337 1361 "android.anim" 7e85696000
    android.anim-1361  [004] ....   651.169880: do_anonymous_page: anonymous tgid 1337 1361 "android.anim" 7e85697000
    android.anim-1361  [004] ....   651.169925: do_anonymous_page: anonymous tgid 1337 1361 "android.anim" 7e66c95000
    android.anim-1361  [004] ....   651.169997: do_anonymous_page: anonymous tgid 1337 1361 "android.anim" 12f88000
           <...>-833   [004] ....   651.170134: do_anonymous_page: anonymous tgid 601 833 "Binder:601_3" 7fba69f000
           <...>-833   [004] ....   651.170139: do_anonymous_page: anonymous tgid 601 833 "Binder:601_3" 7fba69d000
           <...>-833   [004] ....   651.170145: do_anonymous_page: anonymous tgid 601 833 "Binder:601_3" 7fba69e000
    android.anim-1361  [004] ....   651.170381: do_anonymous_page: anonymous tgid 1337 1361 "android.anim" 12f89000
           <...>-833   [004] ....   651.170436: do_anonymous_page: anonymous tgid 601 833 "Binder:601_3" 7fba6a2000
           <...>-833   [004] ....   651.170440: do_anonymous_page: anonymous tgid 601 833 "Binder:601_3" 7fba6a0000
           <...>-833   [004] ....   651.170444: do_anonymous_page: anonymous tgid 601 833 "Binder:601_3" 7fba6a1000
    android.anim-1361  [004] ....   651.170656: do_anonymous_page: anonymous tgid 1337 1361 "android.anim" 12f8a000
    android.anim-1361  [004] ....   651.170843: do_anonymous_page: anonymous tgid 1337 1361 "android.anim" 12f8b000
           <...>-833   [004] ....   651.170899: do_anonymous_page: anonymous tgid 601 833 "Binder:601_3" 7fba6af000
           <...>-833   [004] ....   651.170903: do_anonymous_page: anonymous tgid 601 833 "Binder:601_3" 7fba6ad000
           <...>-833   [004] ....   651.170907: do_anonymous_page: anonymous tgid 601 833 "Binder:601_3" 7fba6ae000
           <...>-1984  [004] ....   651.171282: do_anonymous_page: anonymous tgid 1984 1984 "droid.launcher3" 130ba000
    android.anim-1361  [004] ....   651.171717: do_anonymous_page: anonymous tgid 1337 1361 "android.anim" 12f8c000
           <...>-833   [004] ....   651.171774: do_anonymous_page: anonymous tgid 601 833 "Binder:601_3" 7fba6b2000
           <...>-833   [004] ....   651.171778: do_anonymous_page: anonymous tgid 601 833 "Binder:601_3" 7fba6b0000
           <...>-833   [004] ....   651.171782: do_anonymous_page: anonymous tgid 601 833 "Binder:601_3" 7fba6b1000
    android.anim-1361  [004] ....   651.172215: do_anonymous_page: anonymous tgid 1337 1361 "android.anim" 12f8d000
           <...>-1969  [004] ....   651.175176: do_anonymous_page: anonymous tgid 1663 1969 "pool-2-thread-1" 12f00000
 android.display-1360  [004] ....   651.175550: do_anonymous_page: anonymous tgid 1337 1360 "android.display" 12cca000
           <...>-601   [004] ....   651.179453: do_anonymous_page: anonymous tgid 601 601 "surfaceflinger" 7faa6cc000
           <...>-5298  [004] ....   651.180890: do_anonymous_page: anonymous tgid 2561 5298 "Binder:2561_A" 7fbc134000
           <...>-5298  [004] ....   651.180916: do_anonymous_page: anonymous tgid 2561 5298 "Binder:2561_A" 12c40000
           <...>-1357  [004] ....   651.181459: do_anonymous_page: anonymous tgid 1337 1357 "android.fg" 12fc3000
           <...>-1362  [004] ....   651.181953: do_anonymous_page: anonymous tgid 1337 1362 "android.anim.lf" 135c0000
           <...>-5544  [004] ....   651.185945: do_anonymous_page: anonymous tgid 2273 5544 "Binder:2273_A" 7f3127b000
           <...>-5544  [004] ....   651.185972: do_anonymous_page: anonymous tgid 2273 5544 "Binder:2273_A" 140c0000
 PowerManagerSer-1377  [004] ....   651.187416: do_anonymous_page: anonymous tgid 1337 1377 "PowerManagerSer" 13513000
           <...>-3632  [004] ....   651.188516: do_anonymous_page: anonymous tgid 2273 3632 "Binder:2273_7" 13db1000
           <...>-603   [004] ....   651.190916: do_anonymous_page: anonymous tgid 603 603 "composer@2.3-se" 7fbce85000
           <...>-603   [004] ....   651.191421: do_anonymous_page: anonymous tgid 603 603 "composer@2.3-se" 7fb5dd9000
           <...>-603   [004] ....   651.191426: do_anonymous_page: anonymous tgid 603 603 "composer@2.3-se" 7fb5dda000
           <...>-603   [004] ....   651.191428: do_anonymous_page: anonymous tgid 603 603 "composer@2.3-se" 7fb5ddb000
           <...>-603   [004] ....   651.191430: do_anonymous_page: anonymous tgid 603 603 "composer@2.3-se" 7fb5ddc000
           <...>-603   [004] ....   651.191433: do_anonymous_page: anonymous tgid 603 603 "composer@2.3-se" 7fb5ddd000
           <...>-603   [004] ....   651.191435: do_anonymous_page: anonymous tgid 603 603 "composer@2.3-se" 7fb5dde000
           <...>-603   [004] ....   651.191441: do_anonymous_page: anonymous tgid 603 603 "composer@2.3-se" 7fb5ddf000
           <...>-603   [004] ....   651.191901: do_anonymous_page: anonymous tgid 603 603 "composer@2.3-se" 7fbce86000
           <...>-603   [004] ....   651.193276: do_anonymous_page: anonymous tgid 603 603 "composer@2.3-se" 7fbce75000
           <...>-603   [004] ....   651.193279: do_anonymous_page: anonymous tgid 603 603 "composer@2.3-se" 7fbce84000
   system_server-1337  [004] ....   651.194802: do_anonymous_page: anonymous tgid 1337 1337 "system_server" 12d05000
       WM.task-4-6181  [004] ....   651.196388: do_anonymous_page: anonymous tgid 6096 6181 "WM.task-4" 133d0000
       WM.task-4-6181  [004] ....   651.196417: do_anonymous_page: anonymous tgid 6096 6181 "WM.task-4" 133d1000
           <...>-6096  [004] ....   651.198510: do_anonymous_page: anonymous tgid 6096 6096 "twitter.android" 12e50000
           <...>-6096  [004] ....   651.198585: do_anonymous_page: anonymous tgid 6096 6096 "twitter.android" 12e4f000
           <...>-6096  [004] ....   651.198641: do_anonymous_page: anonymous tgid 6096 6096 "twitter.android" 12e51000
           <...>-6096  [004] ....   651.198681: do_anonymous_page: anonymous tgid 6096 6096 "twitter.android" 12e53000
           <...>-6096  [004] ....   651.198702: do_anonymous_page: anonymous tgid 6096 6096 "twitter.android" 12e52000
           <...>-6096  [004] ....   651.198742: do_anonymous_page: anonymous tgid 6096 6096 "twitter.android" 12e54000
           <...>-6096  [004] ....   651.199173: do_anonymous_page: anonymous tgid 6096 6096 "twitter.android" 12e55000
           <...>-6096  [004] ....   651.199305: do_anonymous_page: anonymous tgid 6096 6096 "twitter.android" 12e56000
           <...>-6096  [004] ....   651.199730: do_anonymous_page: anonymous tgid 6096 6096 "twitter.android" 12e57000
           <...>-6096  [004] ....   651.199993: do_anonymous_page: anonymous tgid 6096 6096 "twitter.android" 12e58000
           <...>-6096  [004] ....   651.200927: do_anonymous_page: anonymous tgid 6096 6096 "twitter.android" 12e59000
           <...>-6096  [004] ....   651.201286: do_anonymous_page: anonymous tgid 6096 6096 "twitter.android" 12e5a000
           <...>-6096  [004] ....   651.201414: do_anonymous_page: anonymous tgid 6096 6096 "twitter.android" 12e5b000
   Binder:1337_7-1806  [004] ....   651.204181: do_anonymous_page: anonymous tgid 1337 1806 "Binder:1337_7" 7e5ebd1000
           <...>-6186  [004] ....   651.204351: do_anonymous_page: anonymous tgid 6096 6186 "RxNewThreadSche" 13500000
   Binder:1337_E-3897  [004] ....   651.205479: do_anonymous_page: anonymous tgid 1337 3897 "Binder:1337_E" 12f03000
 ndroid.systemui-1663  [004] ....   651.205602: do_anonymous_page: anonymous tgid 1663 1663 "ndroid.systemui" 130ec000
       WM.task-4-6181  [004] ....   651.206479: do_anonymous_page: anonymous tgid 6096 6181 "WM.task-4" 133d2000
       WM.task-4-6181  [004] ....   651.206969: do_anonymous_page: anonymous tgid 6096 6181 "WM.task-4" 133d3000
       WM.task-4-6181  [004] ....   651.207046: do_anonymous_page: anonymous tgid 6096 6181 "WM.task-4" 133d4000
       WM.task-4-6181  [004] ....   651.207218: do_anonymous_page: anonymous tgid 6096 6181 "WM.task-4" 133d5000
       WM.task-4-6181  [004] ....   651.207232: do_anonymous_page: anonymous tgid 6096 6181 "WM.task-4" 133d6000
       WM.task-4-6181  [004] ....   651.207236: do_anonymous_page: anonymous tgid 6096 6181 "WM.task-4" 133d7000
       WM.task-4-6181  [004] ....   651.207248: do_anonymous_page: anonymous tgid 6096 6181 "WM.task-4" 133d8000
       WM.task-4-6181  [004] ....   651.207259: do_anonymous_page: anonymous tgid 6096 6181 "WM.task-4" 133d9000
       WM.task-4-6181  [004] ....   651.207268: do_anonymous_page: anonymous tgid 6096 6181 "WM.task-4" 133da000
       WM.task-4-6181  [004] ....   651.207277: do_anonymous_page: anonymous tgid 6096 6181 "WM.task-4" 133db000
       WM.task-4-6181  [004] ....   651.207280: do_anonymous_page: anonymous tgid 6096 6181 "WM.task-4" 133dc000
       WM.task-4-6181  [004] ....   651.207290: do_anonymous_page: anonymous tgid 6096 6181 "WM.task-4" 133dd000
   Binder:1337_C-2952  [004] ....   651.207616: do_anonymous_page: anonymous tgid 1337 2952 "Binder:1337_C" 12dc3000
   Binder:1337_C-2952  [004] ....   651.207863: do_anonymous_page: anonymous tgid 1337 2952 "Binder:1337_C" 12dc4000
 io-core-Thread--6142  [004] ....   651.209053: do_anonymous_page: anonymous tgid 6096 6142 "io-core-Thread-" 12f04000
 computation-Thr-6175  [004] ....   651.209172: do_anonymous_page: anonymous tgid 6096 6175 "computation-Thr" 12dc5000
 io-core-Thread--6142  [004] ....   651.209851: do_anonymous_page: anonymous tgid 6096 6142 "io-core-Thread-" 12f05000
 io-core-Thread--6142  [004] ....   651.210034: do_anonymous_page: anonymous tgid 6096 6142 "io-core-Thread-" 7f2d30e000
 io-core-Thread--6142  [004] ....   651.210040: do_anonymous_page: anonymous tgid 6096 6142 "io-core-Thread-" 7f2d30d000
 io-core-Thread--6142  [004] ....   651.210080: do_anonymous_page: anonymous tgid 6096 6142 "io-core-Thread-" 12f06000
 io-core-Thread--6142  [004] ....   651.210153: do_anonymous_page: anonymous tgid 6096 6142 "io-core-Thread-" 7f2d205000
 io-core-Thread--6142  [004] ....   651.210158: do_anonymous_page: anonymous tgid 6096 6142 "io-core-Thread-" 7f2d204000
 io-core-Thread--6142  [004] ....   651.210190: do_anonymous_page: anonymous tgid 6096 6142 "io-core-Thread-" 12f07000
 io-core-Thread--6142  [004] ....   651.210237: do_anonymous_page: anonymous tgid 6096 6142 "io-core-Thread-" 7f2d0fc000
 io-core-Thread--6142  [004] ....   651.210243: do_anonymous_page: anonymous tgid 6096 6142 "io-core-Thread-" 7f2d0fb000
 io-core-Thread--6142  [004] ....   651.210283: do_anonymous_page: anonymous tgid 6096 6142 "io-core-Thread-" 12f08000
 io-core-Thread--6142  [004] ....   651.210326: do_anonymous_page: anonymous tgid 6096 6142 "io-core-Thread-" 7f2cff3000
 io-core-Thread--6142  [004] ....   651.210331: do_anonymous_page: anonymous tgid 6096 6142 "io-core-Thread-" 7f2cff2000
           <...>-6096  [004] ....   651.211290: do_anonymous_page: anonymous tgid 6096 6096 "twitter.android" 12e5c000
           <...>-6096  [004] ....   651.211481: do_anonymous_page: anonymous tgid 6096 6096 "twitter.android" 12e5d000
           <...>-6096  [004] ....   651.211972: do_anonymous_page: anonymous tgid 6096 6096 "twitter.android" 12e5e000
           <...>-6096  [004] ....   651.212210: do_anonymous_page: anonymous tgid 6096 6096 "twitter.android" 12e5f000
   Binder:1337_2-1356  [004] ....   651.212339: do_anonymous_page: anonymous tgid 1337 1356 "Binder:1337_2" 12e6f000
           <...>-6096  [004] ....   651.212533: do_anonymous_page: anonymous tgid 6096 6096 "twitter.android" 12e60000
           <...>-6096  [004] ....   651.212674: do_anonymous_page: anonymous tgid 6096 6096 "twitter.android" 12e61000
           <...>-6096  [004] ....   651.216286: do_anonymous_page: anonymous tgid 6096 6096 "twitter.android" 12e62000
           <...>-6247  [004] ....   651.216618: do_anonymous_page: anonymous tgid 6096 6247 "pool-20-thread-" 13540000
 computation-Thr-6157  [004] ....   651.216703: do_anonymous_page: anonymous tgid 6096 6157 "computation-Thr" 14d45000
           <...>-6293  [004] ....   651.219318: do_anonymous_page: anonymous tgid 6210 6293 "NetworkService" 4b860000
           <...>-6096  [004] ....   651.222097: do_anonymous_page: anonymous tgid 6096 6096 "twitter.android" 12e63000
           <...>-6096  [004] ....   651.222315: do_anonymous_page: anonymous tgid 6096 6096 "twitter.android" 12e64000
           <...>-6096  [004] ....   651.222583: do_anonymous_page: anonymous tgid 6096 6096 "twitter.android" 12e65000
           <...>-6096  [004] ....   651.222762: do_anonymous_page: anonymous tgid 6096 6096 "twitter.android" 12e66000
           <...>-6365  [004] ....   651.223865: do_anonymous_page: anonymous tgid 1337 6365 "Binder:1337_13" 13281000
 mainNetwork-cor-6162  [004] ....   651.226414: do_anonymous_page: anonymous tgid 6096 6162 "mainNetwork-cor" 13580000
 mainNetwork-cor-6162  [004] ....   651.226630: do_anonymous_page: anonymous tgid 6096 6162 "mainNetwork-cor" 13581000
 mainNetwork-cor-6162  [004] ....   651.226652: do_anonymous_page: anonymous tgid 6096 6162 "mainNetwork-cor" 13582000
 mainNetwork-cor-6162  [004] ....   651.226663: do_anonymous_page: anonymous tgid 6096 6162 "mainNetwork-cor" 13583000
 mainNetwork-cor-6162  [004] ....   651.226671: do_anonymous_page: anonymous tgid 6096 6162 "mainNetwork-cor" 13584000
 mainNetwork-cor-6162  [004] ....   651.226679: do_anonymous_page: anonymous tgid 6096 6162 "mainNetwork-cor" 13585000
 mainNetwork-cor-6162  [004] ....   651.226692: do_anonymous_page: anonymous tgid 6096 6162 "mainNetwork-cor" 76259000
 mainNetwork-cor-6162  [004] ....   651.226701: do_anonymous_page: anonymous tgid 6096 6162 "mainNetwork-cor" 7625a000
 mainNetwork-cor-6162  [004] ....   651.226703: do_anonymous_page: anonymous tgid 6096 6162 "mainNetwork-cor" 7625b000
 mainNetwork-cor-6162  [004] ....   651.226719: do_anonymous_page: anonymous tgid 6096 6162 "mainNetwork-cor" 13586000
 mainNetwork-cor-6162  [004] ....   651.226780: do_anonymous_page: anonymous tgid 6096 6162 "mainNetwork-cor" 13587000
 mainNetwork-cor-6162  [004] ....   651.226822: do_anonymous_page: anonymous tgid 6096 6162 "mainNetwork-cor" 13588000
 mainNetwork-cor-6162  [004] ....   651.226852: do_anonymous_page: anonymous tgid 6096 6162 "mainNetwork-cor" 13589000
 mainNetwork-cor-6195  [004] ....   651.226951: do_anonymous_page: anonymous tgid 6096 6195 "mainNetwork-cor" 135c0000
           <...>-833   [004] ....   651.228776: do_anonymous_page: anonymous tgid 601 833 "Binder:601_3" 7fba6d9000
           <...>-833   [004] ....   651.228781: do_anonymous_page: anonymous tgid 601 833 "Binder:601_3" 7fba6d7000
           <...>-833   [004] ....   651.228787: do_anonymous_page: anonymous tgid 601 833 "Binder:601_3" 7fba6d8000
           <...>-6365  [004] ....   651.229106: do_anonymous_page: anonymous tgid 1337 6365 "Binder:1337_13" 7e643c1000
 mainNetwork-cor-6195  [004] ....   651.230135: do_anonymous_page: anonymous tgid 6096 6195 "mainNetwork-cor" 135c1000
   Binder:1337_E-3897  [004] ....   651.230282: do_anonymous_page: anonymous tgid 1337 3897 "Binder:1337_E" 12f04000
           <...>-6096  [004] ....   651.230694: do_anonymous_page: anonymous tgid 6096 6096 "twitter.android" 12e67000
           <...>-6096  [004] ....   651.233372: do_anonymous_page: anonymous tgid 6096 6096 "twitter.android" 12e68000
           <...>-6096  [004] ....   651.234197: do_anonymous_page: anonymous tgid 6096 6096 "twitter.android" 12e69000
           <...>-6096  [004] ....   651.234274: do_anonymous_page: anonymous tgid 6096 6096 "twitter.android" 7ea350f000
           <...>-6096  [004] ....   651.234278: do_anonymous_page: anonymous tgid 6096 6096 "twitter.android" 7ea3510000
           <...>-6176  [004] ....   651.235140: do_anonymous_page: anonymous tgid 6096 6176 "RenderThread" 7ea0ccc000
           <...>-6176  [004] ....   651.235147: do_anonymous_page: anonymous tgid 6096 6176 "RenderThread" 7ea0ccd000
           <...>-6176  [004] ....   651.235149: do_anonymous_page: anonymous tgid 6096 6176 "RenderThread" 7ea0cce000
           <...>-6176  [004] ....   651.235151: do_anonymous_page: anonymous tgid 6096 6176 "RenderThread" 7ea0ccf000
           <...>-6176  [004] ....   651.235153: do_anonymous_page: anonymous tgid 6096 6176 "RenderThread" 7ea0cd0000
           <...>-2032  [004] ....   651.239131: do_anonymous_page: anonymous tgid 601 2032 "Binder:601_4" 7fb7517000
           <...>-6176  [004] ....   651.239632: do_anonymous_page: anonymous tgid 6096 6176 "RenderThread" 13600000
           <...>-6176  [004] ....   651.239655: do_anonymous_page: anonymous tgid 6096 6176 "RenderThread" 7f30b37000
 io-core-Thread--6142  [004] ....   651.240918: do_anonymous_page: anonymous tgid 6096 6142 "io-core-Thread-" 12f09000
 io-core-Thread--6142  [004] ....   651.241320: do_anonymous_page: anonymous tgid 6096 6142 "io-core-Thread-" 12f0a000
 io-core-Thread--6142  [004] ....   651.241348: do_anonymous_page: anonymous tgid 6096 6142 "io-core-Thread-" 12f0b000
 io-core-Thread--6142  [004] ....   651.241416: do_anonymous_page: anonymous tgid 6096 6142 "io-core-Thread-" 12f0c000
           <...>-6149  [004] ....   651.241745: do_anonymous_page: anonymous tgid 6096 6149 "mainNetwork-cor" 13640000
           <...>-6149  [004] ....   651.241840: do_anonymous_page: anonymous tgid 6096 6149 "mainNetwork-cor" 13641000
    android.anim-1361  [004] ....   651.242775: do_anonymous_page: anonymous tgid 1337 1361 "android.anim" 12f8e000
           <...>-631   [004] ....   651.243428: do_anonymous_page: anonymous tgid 601 631 "Binder:601_2" 7faa63d000
           <...>-631   [004] ....   651.243434: do_anonymous_page: anonymous tgid 601 631 "Binder:601_2" 7faa63b000
           <...>-631   [004] ....   651.243441: do_anonymous_page: anonymous tgid 601 631 "Binder:601_2" 7faa63c000
    android.anim-1361  [004] ....   651.243649: do_anonymous_page: anonymous tgid 1337 1361 "android.anim" 12f8f000
 io-core-Thread--6143  [004] ....   651.245212: do_anonymous_page: anonymous tgid 6096 6143 "io-core-Thread-" 12f73000
   Binder:1337_E-3897  [004] ....   651.245479: do_anonymous_page: anonymous tgid 1337 3897 "Binder:1337_E" 12f05000
 io-core-Thread--6143  [004] ....   651.245624: do_anonymous_page: anonymous tgid 6096 6143 "io-core-Thread-" 12f74000
 io-core-Thread--6143  [004] ....   651.245637: do_anonymous_page: anonymous tgid 6096 6143 "io-core-Thread-" 12f75000
 io-core-Thread--6143  [004] ....   651.245653: do_anonymous_page: anonymous tgid 6096 6143 "io-core-Thread-" 12f76000
           <...>-6096  [004] ....   651.245936: do_anonymous_page: anonymous tgid 6096 6096 "twitter.android" 12e6a000
           <...>-603   [004] ....   651.247252: do_anonymous_page: anonymous tgid 603 603 "composer@2.3-se" 7fbcf3b000
           <...>-603   [004] ....   651.247429: do_anonymous_page: anonymous tgid 603 603 "composer@2.3-se" 7fb44fe000
           <...>-603   [004] ....   651.247433: do_anonymous_page: anonymous tgid 603 603 "composer@2.3-se" 7fb44ff000
           <...>-603   [004] ....   651.247436: do_anonymous_page: anonymous tgid 603 603 "composer@2.3-se" 7fb4500000
           <...>-603   [004] ....   651.247442: do_anonymous_page: anonymous tgid 603 603 "composer@2.3-se" 7fb4501000
           <...>-603   [004] ....   651.247444: do_anonymous_page: anonymous tgid 603 603 "composer@2.3-se" 7fb4502000
           <...>-603   [004] ....   651.247447: do_anonymous_page: anonymous tgid 603 603 "composer@2.3-se" 7fb4503000
           <...>-603   [004] ....   651.247449: do_anonymous_page: anonymous tgid 603 603 "composer@2.3-se" 7fb4504000
           <...>-603   [004] ....   651.247556: do_anonymous_page: anonymous tgid 603 603 "composer@2.3-se" 7fbce87000
           <...>-603   [004] ....   651.247576: do_anonymous_page: anonymous tgid 603 603 "composer@2.3-se" 7fb5de0000
       WM.task-4-6181  [004] ....   651.250947: do_anonymous_page: anonymous tgid 6096 6181 "WM.task-4" 133de000
       WM.task-4-6181  [004] ....   651.251143: do_anonymous_page: anonymous tgid 6096 6181 "WM.task-4" 133df000
           <...>-6096  [004] ....   651.253857: do_anonymous_page: anonymous tgid 6096 6096 "twitter.android" 12e6b000
           <...>-6365  [004] ....   651.254284: do_anonymous_page: anonymous tgid 1337 6365 "Binder:1337_13" 13282000
           <...>-5863  [004] ....   651.254644: do_anonymous_page: anonymous tgid 5757 5863 "Binder:5757_3" 7ebe292000
           <...>-6096  [004] ....   651.255882: do_anonymous_page: anonymous tgid 6096 6096 "twitter.android" 7ea35df000
           <...>-6096  [004] ....   651.255894: do_anonymous_page: anonymous tgid 6096 6096 "twitter.android" 7ea35e5000
           <...>-6096  [004] ....   651.255950: do_anonymous_page: anonymous tgid 6096 6096 "twitter.android" 7ea35e6000
           <...>-2032  [004] ....   651.257543: do_anonymous_page: anonymous tgid 601 2032 "Binder:601_4" 7fb7518000
           <...>-6096  [004] ....   651.261576: do_anonymous_page: anonymous tgid 6096 6096 "twitter.android" 12e6c000
           <...>-6096  [004] ....   651.261767: do_anonymous_page: anonymous tgid 6096 6096 "twitter.android" 12e6d000
           <...>-6096  [004] ....   651.261839: do_anonymous_page: anonymous tgid 6096 6096 "twitter.android" 12e6e000
           <...>-6193  [004] ....   651.262021: do_anonymous_page: anonymous tgid 6096 6193 "mainNetwork-cor" 13680000
           <...>-6193  [004] ....   651.262121: do_anonymous_page: anonymous tgid 6096 6193 "mainNetwork-cor" 13681000
           <...>-6204  [004] ....   651.262356: do_anonymous_page: anonymous tgid 6096 6204 "AsyncTask #1" 136c0000
           <...>-6174  [004] ....   651.262394: do_anonymous_page: anonymous tgid 6096 6174 "mainNetwork-cor" 13700000
           <...>-6174  [004] ....   651.262439: do_anonymous_page: anonymous tgid 6096 6174 "mainNetwork-cor" 13701000
           <...>-6174  [004] ....   651.262958: do_anonymous_page: anonymous tgid 6096 6174 "mainNetwork-cor" 13702000
           <...>-6174  [004] ....   651.263683: do_anonymous_page: anonymous tgid 6096 6174 "mainNetwork-cor" 13703000
           <...>-6174  [004] ....   651.263733: do_anonymous_page: anonymous tgid 6096 6174 "mainNetwork-cor" 13704000
           <...>-6174  [004] ....   651.263780: do_anonymous_page: anonymous tgid 6096 6174 "mainNetwork-cor" 13705000
           <...>-6174  [004] ....   651.263835: do_anonymous_page: anonymous tgid 6096 6174 "mainNetwork-cor" 13706000
           <...>-6174  [004] ....   651.263968: do_anonymous_page: anonymous tgid 6096 6174 "mainNetwork-cor" 13707000
           <...>-6174  [004] ....   651.264017: do_anonymous_page: anonymous tgid 6096 6174 "mainNetwork-cor" 13708000
           <...>-6174  [004] ....   651.264036: do_anonymous_page: anonymous tgid 6096 6174 "mainNetwork-cor" 13709000
           <...>-6174  [004] ....   651.264049: do_anonymous_page: anonymous tgid 6096 6174 "mainNetwork-cor" 1370a000
           <...>-6174  [004] ....   651.264169: do_anonymous_page: anonymous tgid 6096 6174 "mainNetwork-cor" 1370b000
           <...>-6174  [004] ....   651.264196: do_anonymous_page: anonymous tgid 6096 6174 "mainNetwork-cor" 1370c000
           <...>-2014  [004] ....   651.264498: do_anonymous_page: anonymous tgid 1984 2014 "Binder:1984_2" 13043000
  UiThreadHelper-2033  [004] ....   651.264992: do_anonymous_page: anonymous tgid 1984 2033 "UiThreadHelper" 12d9a000
  UiThreadHelper-2033  [004] ....   651.265040: do_anonymous_page: anonymous tgid 1984 2033 "UiThreadHelper" 12d9b000
           <...>-6365  [004] ....   651.265344: do_anonymous_page: anonymous tgid 1337 6365 "Binder:1337_13" 13283000
           <...>-6115  [004] ....   651.266149: do_anonymous_page: anonymous tgid 6096 6115 "Binder:6096_3" 13002000
           <...>-6096  [004] ....   651.268748: do_anonymous_page: anonymous tgid 6096 6096 "twitter.android" 765c9000
           <...>-6096  [004] ....   651.268755: do_anonymous_page: anonymous tgid 6096 6096 "twitter.android" 764bf000
           <...>-601   [004] ....   651.270942: do_anonymous_page: anonymous tgid 601 601 "surfaceflinger" 7fbe29c000
       WM.task-4-6181  [004] ....   651.274939: do_anonymous_page: anonymous tgid 6096 6181 "WM.task-4" 133e0000
   Binder:1337_E-3897  [004] ....   651.275235: do_anonymous_page: anonymous tgid 1337 3897 "Binder:1337_E" 12f06000
           <...>-6193  [004] ....   651.275429: do_anonymous_page: anonymous tgid 6096 6193 "mainNetwork-cor" 13682000
           <...>-6193  [004] ....   651.275604: do_anonymous_page: anonymous tgid 6096 6193 "mainNetwork-cor" 13683000
           <...>-6193  [004] ....   651.275632: do_anonymous_page: anonymous tgid 6096 6193 "mainNetwork-cor" 13684000
           <...>-6193  [004] ....   651.275645: do_anonymous_page: anonymous tgid 6096 6193 "mainNetwork-cor" 13685000
           <...>-6193  [004] ....   651.275659: do_anonymous_page: anonymous tgid 6096 6193 "mainNetwork-cor" 13686000
           <...>-6193  [004] ....   651.275729: do_anonymous_page: anonymous tgid 6096 6193 "mainNetwork-cor" 13687000
           <...>-6193  [004] ....   651.275750: do_anonymous_page: anonymous tgid 6096 6193 "mainNetwork-cor" 13688000
 mainNetwork-cor-6195  [004] ....   651.278450: do_anonymous_page: anonymous tgid 6096 6195 "mainNetwork-cor" 135c2000
 mainNetwork-cor-6195  [004] ....   651.278563: do_anonymous_page: anonymous tgid 6096 6195 "mainNetwork-cor" 135c3000
 mainNetwork-cor-6195  [004] ....   651.278581: do_anonymous_page: anonymous tgid 6096 6195 "mainNetwork-cor" 135c4000
 mainNetwork-cor-6195  [004] ....   651.278592: do_anonymous_page: anonymous tgid 6096 6195 "mainNetwork-cor" 135c5000
 mainNetwork-cor-6195  [004] ....   651.278657: do_anonymous_page: anonymous tgid 6096 6195 "mainNetwork-cor" 135c6000
 mainNetwork-cor-6195  [004] ....   651.278678: do_anonymous_page: anonymous tgid 6096 6195 "mainNetwork-cor" 135c7000
   Binder:1337_E-3897  [004] ....   651.278924: do_anonymous_page: anonymous tgid 1337 3897 "Binder:1337_E" 12f07000
       WM.task-3-6180  [004] ....   651.279528: do_anonymous_page: anonymous tgid 6096 6180 "WM.task-3" 13385000
       WM.task-2-6178  [004] ....   651.283213: do_anonymous_page: anonymous tgid 6096 6178 "WM.task-2" 1348c000
           <...>-6096  [004] ....   651.284642: do_anonymous_page: anonymous tgid 6096 6096 "twitter.android" 12e6f000
 mainNetwork-cor-6162  [004] ....   651.285025: do_anonymous_page: anonymous tgid 6096 6162 "mainNetwork-cor" 7e84ec0000
 mainNetwork-cor-6195  [004] ....   651.285661: do_anonymous_page: anonymous tgid 6096 6195 "mainNetwork-cor" 135c8000
 mainNetwork-cor-6195  [004] ....   651.285726: do_anonymous_page: anonymous tgid 6096 6195 "mainNetwork-cor" 135c9000
 mainNetwork-cor-6195  [004] ....   651.285791: do_anonymous_page: anonymous tgid 6096 6195 "mainNetwork-cor" 135ca000
 mainNetwork-cor-6195  [004] ....   651.285914: do_anonymous_page: anonymous tgid 6096 6195 "mainNetwork-cor" 135cb000
 mainNetwork-cor-6195  [004] ....   651.285973: do_anonymous_page: anonymous tgid 6096 6195 "mainNetwork-cor" 135cc000
 mainNetwork-cor-6195  [004] ....   651.286268: do_anonymous_page: anonymous tgid 6096 6195 "mainNetwork-cor" 135cd000
 mainNetwork-cor-6195  [004] ....   651.286303: do_anonymous_page: anonymous tgid 6096 6195 "mainNetwork-cor" 135ce000
 mainNetwork-cor-6195  [004] ....   651.286311: do_anonymous_page: anonymous tgid 6096 6195 "mainNetwork-cor" 135cf000
 mainNetwork-cor-6195  [004] ....   651.286333: do_anonymous_page: anonymous tgid 6096 6195 "mainNetwork-cor" 135d0000
 mainNetwork-cor-6195  [004] ....   651.286445: do_anonymous_page: anonymous tgid 6096 6195 "mainNetwork-cor" 7e84f35000
 mainNetwork-cor-6195  [004] ....   651.286489: do_anonymous_page: anonymous tgid 6096 6195 "mainNetwork-cor" 135d1000
 mainNetwork-cor-6195  [004] ....   651.286498: do_anonymous_page: anonymous tgid 6096 6195 "mainNetwork-cor" 135d2000
           <...>-6193  [004] ....   651.286677: do_anonymous_page: anonymous tgid 6096 6193 "mainNetwork-cor" 13689000
           <...>-6193  [004] ....   651.286719: do_anonymous_page: anonymous tgid 6096 6193 "mainNetwork-cor" 1368a000
           <...>-6193  [004] ....   651.286752: do_anonymous_page: anonymous tgid 6096 6193 "mainNetwork-cor" 1368b000
           <...>-6193  [004] ....   651.286784: do_anonymous_page: anonymous tgid 6096 6193 "mainNetwork-cor" 1368c000
           <...>-6193  [004] ....   651.286878: do_anonymous_page: anonymous tgid 6096 6193 "mainNetwork-cor" 1368d000
           <...>-6193  [004] ....   651.286903: do_anonymous_page: anonymous tgid 6096 6193 "mainNetwork-cor" 1368e000
           <...>-6193  [004] ....   651.286919: do_anonymous_page: anonymous tgid 6096 6193 "mainNetwork-cor" 1368f000
           <...>-6193  [004] ....   651.286945: do_anonymous_page: anonymous tgid 6096 6193 "mainNetwork-cor" 13690000
           <...>-6193  [004] ....   651.287028: do_anonymous_page: anonymous tgid 6096 6193 "mainNetwork-cor" 13691000
           <...>-6822  [004] ....   651.288923: do_anonymous_page: anonymous tgid 6096 6822 "ScionFrontendAp" 7fbe07f000
           <...>-6822  [004] ....   651.288936: do_anonymous_page: anonymous tgid 6096 6822 "ScionFrontendAp" 7f2d626000
           <...>-6822  [004] ....   651.288955: do_anonymous_page: anonymous tgid 6096 6822 "ScionFrontendAp" 13740000
           <...>-6822  [004] ....   651.289011: do_anonymous_page: anonymous tgid 6096 6822 "ScionFrontendAp" 7f2d627000
           <...>-6822  [004] ....   651.289033: do_anonymous_page: anonymous tgid 6096 6822 "ScionFrontendAp" 7f2d625000
           <...>-6822  [004] ....   651.289189: do_anonymous_page: anonymous tgid 6096 6822 "ScionFrontendAp" 7ecc0d2000
           <...>-6822  [004] ....   651.289193: do_anonymous_page: anonymous tgid 6096 6822 "ScionFrontendAp" 7ecc0d3000
           <...>-6822  [004] ....   651.289228: do_anonymous_page: anonymous tgid 6096 6822 "ScionFrontendAp" 7f2ccea000
           <...>-6822  [004] ....   651.289231: do_anonymous_page: anonymous tgid 6096 6822 "ScionFrontendAp" 7f2cce9000
           <...>-6822  [004] ....   651.289555: do_anonymous_page: anonymous tgid 6096 6822 "ScionFrontendAp" 13741000
           <...>-6823  [004] ....   651.289657: do_anonymous_page: anonymous tgid 6096 6823 "io-variable-Thr" 7fbe07d000
           <...>-6823  [004] ....   651.289663: do_anonymous_page: anonymous tgid 6096 6823 "io-variable-Thr" 7f2d51d000
           <...>-6823  [004] ....   651.289683: do_anonymous_page: anonymous tgid 6096 6823 "io-variable-Thr" 13780000
           <...>-6823  [004] ....   651.289714: do_anonymous_page: anonymous tgid 6096 6823 "io-variable-Thr" 7f2d51e000
           <...>-6823  [004] ....   651.289850: do_anonymous_page: anonymous tgid 6096 6823 "io-variable-Thr" 7f2d51c000
           <...>-6824  [004] ....   651.290147: do_anonymous_page: anonymous tgid 6096 6824 "io-variable-Thr" 7fbe07b000
           <...>-6824  [004] ....   651.290154: do_anonymous_page: anonymous tgid 6096 6824 "io-variable-Thr" 7f2d414000
           <...>-6824  [004] ....   651.290165: do_anonymous_page: anonymous tgid 6096 6824 "io-variable-Thr" 137c0000
           <...>-6824  [004] ....   651.290181: do_anonymous_page: anonymous tgid 6096 6824 "io-variable-Thr" 7f2d415000
   Binder:1337_E-3897  [004] ....   651.290247: do_anonymous_page: anonymous tgid 1337 3897 "Binder:1337_E" 12f08000
           <...>-6824  [004] ....   651.290319: do_anonymous_page: anonymous tgid 6096 6824 "io-variable-Thr" 7f2d413000
           <...>-6824  [004] ....   651.290345: do_anonymous_page: anonymous tgid 6096 6824 "io-variable-Thr" 137c1000
           <...>-6824  [004] ....   651.290655: do_anonymous_page: anonymous tgid 6096 6824 "io-variable-Thr" 137c2000
           <...>-6824  [004] ....   651.290826: do_anonymous_page: anonymous tgid 6096 6824 "io-variable-Thr" 137c3000
   Binder:1337_E-3897  [004] ....   651.290876: do_anonymous_page: anonymous tgid 1337 3897 "Binder:1337_E" 12f09000
           <...>-6824  [004] ....   651.291022: do_anonymous_page: anonymous tgid 6096 6824 "io-variable-Thr" 137c4000
           <...>-6824  [004] ....   651.291051: do_anonymous_page: anonymous tgid 6096 6824 "io-variable-Thr" 137c5000
           <...>-6823  [004] ....   651.294400: do_anonymous_page: anonymous tgid 6096 6823 "io-variable-Thr" 13781000
           <...>-6823  [004] ....   651.294739: do_anonymous_page: anonymous tgid 6096 6823 "io-variable-Thr" 13782000
           <...>-6823  [004] ....   651.294915: do_anonymous_page: anonymous tgid 6096 6823 "io-variable-Thr" 13783000
   Binder:1337_E-3897  [004] ....   651.294967: do_anonymous_page: anonymous tgid 1337 3897 "Binder:1337_E" 12f0a000
           <...>-6823  [004] ....   651.295125: do_anonymous_page: anonymous tgid 6096 6823 "io-variable-Thr" 13784000
           <...>-6823  [004] ....   651.295154: do_anonymous_page: anonymous tgid 6096 6823 "io-variable-Thr" 13785000
           <...>-6825  [004] ....   651.295272: do_anonymous_page: anonymous tgid 6096 6825 "OkHttp Dispatch" 7fbe079000
           <...>-6825  [004] ....   651.295283: do_anonymous_page: anonymous tgid 6096 6825 "OkHttp Dispatch" 7f2d30b000
           <...>-6825  [004] ....   651.295296: do_anonymous_page: anonymous tgid 6096 6825 "OkHttp Dispatch" 13800000
           <...>-6825  [004] ....   651.295355: do_anonymous_page: anonymous tgid 6096 6825 "twitter.com/..." 7f2d30c000
           <...>-6825  [004] ....   651.295365: do_anonymous_page: anonymous tgid 6096 6825 "twitter.com/..." 7f2d30a000
           <...>-6825  [004] ....   651.295457: do_anonymous_page: anonymous tgid 6096 6825 "twitter.com/..." 13801000
           <...>-6825  [004] ....   651.295569: do_anonymous_page: anonymous tgid 6096 6825 "twitter.com/..." 13802000
           <...>-6825  [004] ....   651.295601: do_anonymous_page: anonymous tgid 6096 6825 "twitter.com/..." 13803000
           <...>-6825  [004] ....   651.295619: do_anonymous_page: anonymous tgid 6096 6825 "twitter.com/..." 13804000
           <...>-6826  [004] ....   651.295821: do_anonymous_page: anonymous tgid 6096 6826 "OkHttp Dispatch" 7fbc110000
           <...>-6826  [004] ....   651.295828: do_anonymous_page: anonymous tgid 6096 6826 "OkHttp Dispatch" 7f2d202000
           <...>-6826  [004] ....   651.295836: do_anonymous_page: anonymous tgid 6096 6826 "OkHttp Dispatch" 13840000
           <...>-6826  [004] ....   651.295858: do_anonymous_page: anonymous tgid 6096 6826 "s.twimg.com/..." 7f2d203000
           <...>-6826  [004] ....   651.295864: do_anonymous_page: anonymous tgid 6096 6826 "s.twimg.com/..." 7f2d201000
           <...>-6826  [004] ....   651.295906: do_anonymous_page: anonymous tgid 6096 6826 "s.twimg.com/..." 13841000
           <...>-6827  [004] ....   651.296009: do_anonymous_page: anonymous tgid 6096 6827 "OkHttp Dispatch" 7f31782000
           <...>-6827  [004] ....   651.296016: do_anonymous_page: anonymous tgid 6096 6827 "OkHttp Dispatch" 7f2d0f9000
           <...>-6827  [004] ....   651.296020: do_anonymous_page: anonymous tgid 6096 6827 "OkHttp Dispatch" 13880000
           <...>-6827  [004] ....   651.296038: do_anonymous_page: anonymous tgid 6096 6827 "o.twimg.com/..." 7f2d0fa000
           <...>-6827  [004] ....   651.296043: do_anonymous_page: anonymous tgid 6096 6827 "o.twimg.com/..." 7f2d0f8000
           <...>-6827  [004] ....   651.296079: do_anonymous_page: anonymous tgid 6096 6827 "o.twimg.com/..." 13881000
           <...>-6828  [004] ....   651.296172: do_anonymous_page: anonymous tgid 6096 6828 "OkHttp Dispatch" 7f31780000
           <...>-6828  [004] ....   651.296178: do_anonymous_page: anonymous tgid 6096 6828 "OkHttp Dispatch" 7f2cff0000
           <...>-6828  [004] ....   651.296183: do_anonymous_page: anonymous tgid 6096 6828 "OkHttp Dispatch" 138c0000
           <...>-6828  [004] ....   651.296202: do_anonymous_page: anonymous tgid 6096 6828 "glbtls.t.co/..." 7f2cff1000
           <...>-6828  [004] ....   651.296212: do_anonymous_page: anonymous tgid 6096 6828 "glbtls.t.co/..." 7f2cfef000
           <...>-6828  [004] ....   651.296225: do_anonymous_page: anonymous tgid 6096 6828 "glbtls.t.co/..." 138c1000
           <...>-6828  [004] ....   651.296377: do_anonymous_page: anonymous tgid 6096 6828 "glbtls.t.co/..." 138c2000
           <...>-6825  [004] ....   651.296755: do_anonymous_page: anonymous tgid 6096 6825 "twitter.com/..." 13805000
           <...>-6825  [004] ....   651.296779: do_anonymous_page: anonymous tgid 6096 6825 "twitter.com/..." 13807000
           <...>-6825  [004] ....   651.296784: do_anonymous_page: anonymous tgid 6096 6825 "twitter.com/..." 13809000
           <...>-6826  [004] ....   651.296984: do_anonymous_page: anonymous tgid 6096 6826 "s.twimg.com/..." 13842000
           <...>-6828  [004] ....   651.297259: do_anonymous_page: anonymous tgid 6096 6828 "glbtls.t.co/..." 138c3000
           <...>-6827  [004] ....   651.300341: do_anonymous_page: anonymous tgid 6096 6827 "o.twimg.com/..." 7ecc199000
           <...>-6827  [004] ....   651.300421: do_anonymous_page: anonymous tgid 6096 6827 "o.twimg.com/..." 13882000
 computation-Thr-6191  [004] ....   651.300631: do_anonymous_page: anonymous tgid 6096 6191 "computation-Thr" 12c45000
 io-core-Thread--6142  [004] ....   651.300747: do_anonymous_page: anonymous tgid 6096 6142 "io-core-Thread-" 12f0d000
            netd-1125  [004] ....   651.300914: do_anonymous_page: anonymous tgid 787 1125 "netd" 7fae321000
            netd-1125  [004] ....   651.300922: do_anonymous_page: anonymous tgid 787 1125 "netd" 7fae320000
   Binder:1337_E-3897  [004] ....   651.301487: do_anonymous_page: anonymous tgid 1337 3897 "Binder:1337_E" 12f0b000
   Binder:1337_E-3897  [004] ....   651.301545: do_anonymous_page: anonymous tgid 1337 3897 "Binder:1337_E" 12f0c000
   Binder:1337_E-3897  [004] ....   651.301730: do_anonymous_page: anonymous tgid 1337 3897 "Binder:1337_E" 12f0d000
           <...>-2407  [004] ....   651.309595: do_anonymous_page: anonymous tgid 2407 2407 "gle.android.gms" 12cc1000
           <...>-2407  [004] ....   651.309858: do_anonymous_page: anonymous tgid 2407 2407 "gle.android.gms" 12cc2000
           <...>-6176  [004] ....   651.311477: do_anonymous_page: anonymous tgid 6096 6176 "RenderThread" 7e8ae1d000
           <...>-6176  [004] ....   651.311514: do_anonymous_page: anonymous tgid 6096 6176 "RenderThread" 7e84ec1000
           <...>-6176  [004] ....   651.311551: do_anonymous_page: anonymous tgid 6096 6176 "RenderThread" 7ea0cd2000
           <...>-6176  [004] ....   651.311553: do_anonymous_page: anonymous tgid 6096 6176 "RenderThread" 7ea0cd3000
           <...>-6176  [004] ....   651.311555: do_anonymous_page: anonymous tgid 6096 6176 "RenderThread" 7ea0cd4000
           <...>-6176  [004] ....   651.311616: do_anonymous_page: anonymous tgid 6096 6176 "RenderThread" 7e8adb8000
           <...>-6176  [004] ....   651.311623: do_anonymous_page: anonymous tgid 6096 6176 "RenderThread" 7e8adb9000
           <...>-6176  [004] ....   651.311625: do_anonymous_page: anonymous tgid 6096 6176 "RenderThread" 7e8adba000
           <...>-6176  [004] ....   651.311656: do_anonymous_page: anonymous tgid 6096 6176 "RenderThread" 7ec6dcb000
           <...>-6176  [004] ....   651.311658: do_anonymous_page: anonymous tgid 6096 6176 "RenderThread" 7ec6dcc000
           <...>-1791  [004] ....   651.313122: do_anonymous_page: anonymous tgid 1337 1791 "Binder:1337_6" 12ec4000
           <...>-2978  [004] ....   651.317475: do_anonymous_page: anonymous tgid 2407 2978 "Binder:2407_4" 12d01000
           <...>-2978  [004] ....   651.318024: do_anonymous_page: anonymous tgid 2407 2978 "Binder:2407_4" 12d02000
           <...>-2407  [004] ....   651.320581: do_anonymous_page: anonymous tgid 2407 2407 "gle.android.gms" 12cc3000
           <...>-6828  [004] ....   651.324181: do_anonymous_page: anonymous tgid 6096 6828 "glbtls.t.co/..." 138c4000
           <...>-6828  [004] ....   651.324648: do_anonymous_page: anonymous tgid 6096 6828 "glbtls.t.co/..." 7ec6dc3000
 mainNetwork-cor-6162  [004] ....   651.327637: do_anonymous_page: anonymous tgid 6096 6162 "mainNetwork-cor" 7e84ec2000
   Binder:1337_E-3897  [004] ....   651.329553: do_anonymous_page: anonymous tgid 1337 3897 "Binder:1337_E" 12f0e000
   Binder:1337_E-3897  [004] ....   651.329627: do_anonymous_page: anonymous tgid 1337 3897 "Binder:1337_E" 12f0f000
   Binder:1337_E-3897  [004] ....   651.333944: do_anonymous_page: anonymous tgid 1337 3897 "Binder:1337_E" 12f10000
           <...>-2978  [004] ....   651.334580: do_anonymous_page: anonymous tgid 2407 2978 "Binder:2407_4" 12d03000
           <...>-2407  [004] ....   651.334753: do_anonymous_page: anonymous tgid 2407 2407 "gle.android.gms" 12cc4000
           <...>-2407  [004] ....   651.335137: do_anonymous_page: anonymous tgid 2407 2407 "gle.android.gms" 12cc5000
           <...>-6826  [004] ....   651.339351: do_anonymous_page: anonymous tgid 6096 6826 "s.twimg.com/..." 13843000
           <...>-6826  [004] ....   651.339418: do_anonymous_page: anonymous tgid 6096 6826 "s.twimg.com/..." 7f2d71f000
           <...>-6826  [004] ....   651.339422: do_anonymous_page: anonymous tgid 6096 6826 "s.twimg.com/..." 7f2d720000
           <...>-6827  [004] ....   651.342575: do_anonymous_page: anonymous tgid 6096 6827 "o.twimg.com/..." 13883000
           <...>-6827  [004] ....   651.342600: do_anonymous_page: anonymous tgid 6096 6827 "o.twimg.com/..." 7ea3686000
           <...>-6827  [004] ....   651.342614: do_anonymous_page: anonymous tgid 6096 6827 "o.twimg.com/..." 7ea3687000
           <...>-2978  [004] ....   651.343142: do_anonymous_page: anonymous tgid 2407 2978 "Binder:2407_4" 12d04000
           <...>-6823  [004] ....   651.346955: do_anonymous_page: anonymous tgid 6096 6823 "io-variable-Thr" 13786000
 io-core-Thread--6143  [004] ....   651.349870: do_anonymous_page: anonymous tgid 6096 6143 "io-core-Thread-" 12f77000
           <...>-6196  [004] ....   651.350297: do_anonymous_page: anonymous tgid 6096 6196 "mainNetwork-cor" 1331c000
           <...>-6196  [004] ....   651.350450: do_anonymous_page: anonymous tgid 6096 6196 "mainNetwork-cor" 1331d000
           <...>-6196  [004] ....   651.350732: do_anonymous_page: anonymous tgid 6096 6196 "mainNetwork-cor" 1331e000
           <...>-6196  [004] ....   651.350764: do_anonymous_page: anonymous tgid 6096 6196 "mainNetwork-cor" 1331f000
           <...>-6196  [004] ....   651.350781: do_anonymous_page: anonymous tgid 6096 6196 "mainNetwork-cor" 13320000
           <...>-6196  [004] ....   651.350799: do_anonymous_page: anonymous tgid 6096 6196 "mainNetwork-cor" 13321000
           <...>-6196  [004] ....   651.350877: do_anonymous_page: anonymous tgid 6096 6196 "mainNetwork-cor" 13322000
           <...>-6196  [004] ....   651.350888: do_anonymous_page: anonymous tgid 6096 6196 "mainNetwork-cor" 13323000
           <...>-6196  [004] ....   651.351050: do_anonymous_page: anonymous tgid 6096 6196 "mainNetwork-cor" 13324000
           <...>-6196  [004] ....   651.351141: do_anonymous_page: anonymous tgid 6096 6196 "mainNetwork-cor" 13325000
           <...>-6196  [004] ....   651.351209: do_anonymous_page: anonymous tgid 6096 6196 "mainNetwork-cor" 13326000
