 io-core-Thread--6142  [004] ....  2404.489908: do_anonymous_page: anonymous tgid 6096 6142 "io-core-Thread-" 12f69000
 io-core-Thread--6142  [004] ....  2404.490060: do_anonymous_page: anonymous tgid 6096 6142 "io-core-Thread-" 12f6a000
 io-core-Thread--6142  [004] ....  2404.490105: do_anonymous_page: anonymous tgid 6096 6142 "io-core-Thread-" 12f6b000
 io-core-Thread--6142  [004] ....  2404.490219: do_anonymous_page: anonymous tgid 6096 6142 "io-core-Thread-" 12f6c000
 io-core-Thread--6142  [004] ....  2404.490249: do_anonymous_page: anonymous tgid 6096 6142 "io-core-Thread-" 12f6d000
 witter.com ping-7670  [004] ....  2404.497632: do_anonymous_page: anonymous tgid 6096 7670 "OkHttp TaskRunn" 12dc1000
           <...>-6195  [004] ....  2404.511375: do_anonymous_page: anonymous tgid 6096 6195 "mainNetwork-cor" 13100000
           <...>-6195  [004] ....  2404.511490: do_anonymous_page: anonymous tgid 6096 6195 "mainNetwork-cor" 13101000
           <...>-6195  [004] ....  2404.511795: do_anonymous_page: anonymous tgid 6096 6195 "mainNetwork-cor" 13102000
           <...>-6195  [004] ....  2404.511857: do_anonymous_page: anonymous tgid 6096 6195 "mainNetwork-cor" 13103000
           <...>-6195  [004] ....  2404.512101: do_anonymous_page: anonymous tgid 6096 6195 "mainNetwork-cor" 13104000
           <...>-7298  [004] ....  2404.515619: do_anonymous_page: anonymous tgid 6096 7298 "OkHttp TaskRunn" 12d43000
           <...>-7298  [004] ....  2404.548206: do_anonymous_page: anonymous tgid 6096 7298 "OkHttp TaskRunn" 12d44000
 wifi_ext@1.0-se-2949  [004] ....  2404.574280: do_anonymous_page: anonymous tgid 832 2949 "wifi_ext@1.0-se" 7fba1ef000
 wifi_ext@1.0-se-2949  [004] ....  2404.574296: do_anonymous_page: anonymous tgid 832 2949 "wifi_ext@1.0-se" 7fba1f0000
 wifi_ext@1.0-se-2949  [004] ....  2404.574299: do_anonymous_page: anonymous tgid 832 2949 "wifi_ext@1.0-se" 7fba1f1000
 wifi_ext@1.0-se-2949  [004] ....  2404.574308: do_anonymous_page: anonymous tgid 832 2949 "wifi_ext@1.0-se" 7fba205000
 wifi_ext@1.0-se-2949  [004] ....  2404.574312: do_anonymous_page: anonymous tgid 832 2949 "wifi_ext@1.0-se" 7fba206000
 wifi_ext@1.0-se-2949  [004] ....  2404.574316: do_anonymous_page: anonymous tgid 832 2949 "wifi_ext@1.0-se" 7fba207000
 wifi_ext@1.0-se-2949  [004] ....  2404.574330: do_anonymous_page: anonymous tgid 832 2949 "wifi_ext@1.0-se" 7fba239000
 wifi_ext@1.0-se-2949  [004] ....  2404.574333: do_anonymous_page: anonymous tgid 832 2949 "wifi_ext@1.0-se" 7fba23a000
 .android.chrome-6210  [004] ....  2404.576613: do_anonymous_page: anonymous tgid 6210 6210 ".android.chrome" 4b6e8000
 .android.chrome-6210  [004] ....  2404.576622: do_anonymous_page: anonymous tgid 6210 6210 ".android.chrome" 4b860000
 .android.chrome-6210  [004] ....  2404.576626: do_anonymous_page: anonymous tgid 6210 6210 ".android.chrome" 4b9b9000
 .android.chrome-6210  [004] ....  2404.576633: do_anonymous_page: anonymous tgid 6210 6210 ".android.chrome" bf37d000
 .android.chrome-6210  [004] ....  2404.576657: do_anonymous_page: anonymous tgid 6210 6210 ".android.chrome" 4b94c000
 witter.com ping-7670  [004] ....  2404.577907: do_anonymous_page: anonymous tgid 6096 7670 "OkHttp TaskRunn" 12dc2000
           <...>-6191  [004] ....  2404.580207: do_anonymous_page: anonymous tgid 6096 6191 "computation-Thr" 13140000
 queued-work-loo-6138  [004] ....  2404.581090: do_anonymous_page: anonymous tgid 6096 6138 "queued-work-loo" 13180000
 queued-work-loo-6138  [004] ....  2404.581861: do_anonymous_page: anonymous tgid 6096 6138 "queued-work-loo" 7656d000
 queued-work-loo-6138  [004] ....  2404.581870: do_anonymous_page: anonymous tgid 6096 6138 "queued-work-loo" 76242000
 queued-work-loo-6138  [004] ....  2404.582001: do_anonymous_page: anonymous tgid 6096 6138 "queued-work-loo" 7656e000
 queued-work-loo-6138  [004] ....  2404.582006: do_anonymous_page: anonymous tgid 6096 6138 "queued-work-loo" 7656f000
 queued-work-loo-6138  [004] ....  2404.582027: do_anonymous_page: anonymous tgid 6096 6138 "queued-work-loo" 76570000
 queued-work-loo-6138  [004] ....  2404.582066: do_anonymous_page: anonymous tgid 6096 6138 "queued-work-loo" 76571000
 queued-work-loo-6138  [004] ....  2404.582072: do_anonymous_page: anonymous tgid 6096 6138 "queued-work-loo" 76572000
 queued-work-loo-6138  [004] ....  2404.582077: do_anonymous_page: anonymous tgid 6096 6138 "queued-work-loo" 76573000
 queued-work-loo-6138  [004] ....  2404.582110: do_anonymous_page: anonymous tgid 6096 6138 "queued-work-loo" 76243000
 queued-work-loo-6138  [004] ....  2404.582119: do_anonymous_page: anonymous tgid 6096 6138 "queued-work-loo" 76244000
 queued-work-loo-6138  [004] ....  2404.582131: do_anonymous_page: anonymous tgid 6096 6138 "queued-work-loo" 76245000
           <...>-7298  [004] ....  2404.582465: do_anonymous_page: anonymous tgid 6096 7298 "OkHttp TaskRunn" 12d45000
           <...>-7033  [004] ....  2404.587231: do_anonymous_page: anonymous tgid 2273 7033 "QMon" 13825000
           <...>-7298  [004] ....  2404.614764: do_anonymous_page: anonymous tgid 6096 7298 "OkHttp TaskRunn" 12d46000
           <...>-6278  [004] ....  2404.618422: do_anonymous_page: anonymous tgid 6096 6278 "longRunning-Thr" 12e0c000
           <...>-6278  [004] ....  2404.618564: do_anonymous_page: anonymous tgid 6096 6278 "longRunning-Thr" 12e0d000
           <...>-6278  [004] ....  2404.618877: do_anonymous_page: anonymous tgid 6096 6278 "longRunning-Thr" 12e0e000
           <...>-6278  [004] ....  2404.620950: do_anonymous_page: anonymous tgid 6096 6278 "longRunning-Thr" 12e0f000
           <...>-6278  [004] ....  2404.621001: do_anonymous_page: anonymous tgid 6096 6278 "longRunning-Thr" 12e10000
           <...>-6278  [004] ....  2404.621215: do_anonymous_page: anonymous tgid 6096 6278 "longRunning-Thr" 12e11000
           <...>-6185  [004] ....  2404.621682: do_anonymous_page: anonymous tgid 6096 6185 "longRunning-Thr" 131c0000
           <...>-6185  [004] ....  2404.622246: do_anonymous_page: anonymous tgid 6096 6185 "longRunning-Thr" 131c1000
           <...>-6185  [004] ....  2404.622321: do_anonymous_page: anonymous tgid 6096 6185 "longRunning-Thr" 131c2000
           <...>-6185  [004] ....  2404.622400: do_anonymous_page: anonymous tgid 6096 6185 "longRunning-Thr" 131c3000
           <...>-6185  [004] ....  2404.622528: do_anonymous_page: anonymous tgid 6096 6185 "longRunning-Thr" 131c4000
           <...>-6185  [004] ....  2404.622573: do_anonymous_page: anonymous tgid 6096 6185 "longRunning-Thr" 131c5000
           <...>-6185  [004] ....  2404.622593: do_anonymous_page: anonymous tgid 6096 6185 "longRunning-Thr" 131c6000
           <...>-6185  [004] ....  2404.622643: do_anonymous_page: anonymous tgid 6096 6185 "longRunning-Thr" 7e8ad7f000
           <...>-6185  [004] ....  2404.622666: do_anonymous_page: anonymous tgid 6096 6185 "longRunning-Thr" 131c7000
           <...>-7600  [004] ....  2404.648562: do_anonymous_page: anonymous tgid 6096 7600 "bal.glbtls.t.co" 12cc2000
 io-core-Thread--6142  [004] ....  2404.648916: do_anonymous_page: anonymous tgid 6096 6142 "io-core-Thread-" 12f6e000
 io-core-Thread--6142  [004] ....  2404.648983: do_anonymous_page: anonymous tgid 6096 6142 "io-core-Thread-" 12f6f000
 io-core-Thread--6142  [004] ....  2404.649232: do_anonymous_page: anonymous tgid 6096 6142 "io-core-Thread-" 12f70000
 io-core-Thread--6142  [004] ....  2404.649336: do_anonymous_page: anonymous tgid 6096 6142 "io-core-Thread-" 12f71000
 io-core-Thread--6142  [004] ....  2404.650582: do_anonymous_page: anonymous tgid 6096 6142 "io-core-Thread-" 12f72000
 io-core-Thread--6142  [004] ....  2404.654262: do_anonymous_page: anonymous tgid 6096 6142 "io-core-Thread-" 12f73000
           <...>-1806  [004] ....  2404.660722: do_anonymous_page: anonymous tgid 1337 1806 "Binder:1337_7" 12e85000
           <...>-8091  [004] ....  2404.662150: do_anonymous_page: anonymous tgid 6096 8091 "io-variable-Thr" 130c1000
           <...>-7653  [004] ....  2404.664481: do_anonymous_page: anonymous tgid 1337 7653 "Binder:1337_15" 133c8000
           <...>-5151  [004] ....  2404.664870: do_anonymous_page: anonymous tgid 1337 5151 "Binder:1337_11" 12ed7000
           <...>-8092  [004] ....  2404.665709: do_anonymous_page: anonymous tgid 6096 8092 "io-variable-Thr" 13082000
 twitter.android-6096  [004] ....  2404.667253: do_anonymous_page: anonymous tgid 6096 6096 "twitter.android" 140d8000
           <...>-1806  [004] ....  2404.668052: do_anonymous_page: anonymous tgid 1337 1806 "Binder:1337_7" 12e86000
           <...>-1806  [004] ....  2404.671496: do_anonymous_page: anonymous tgid 1337 1806 "Binder:1337_7" 12e87000
           <...>-1366  [004] ....  2404.672212: do_anonymous_page: anonymous tgid 1337 1366 "ActivityManager" 12dc5000
           <...>-1366  [004] ....  2404.672354: do_anonymous_page: anonymous tgid 1337 1366 "ActivityManager" 7e5ec7a000
           <...>-6114  [004] ....  2404.672499: do_anonymous_page: anonymous tgid 6096 6114 "Binder:6096_2" 14281000
 io-core-Thread--6142  [004] ....  2404.672823: do_anonymous_page: anonymous tgid 6096 6142 "io-core-Thread-" 12f74000
 io-core-Thread--6142  [004] ....  2404.673190: do_anonymous_page: anonymous tgid 6096 6142 "io-core-Thread-" 12f75000
 io-core-Thread--6142  [004] ....  2404.673210: do_anonymous_page: anonymous tgid 6096 6142 "io-core-Thread-" 12f76000
 io-core-Thread--6142  [004] ....  2404.673232: do_anonymous_page: anonymous tgid 6096 6142 "io-core-Thread-" 12f77000
 io-core-Thread--6142  [004] ....  2404.673387: do_anonymous_page: anonymous tgid 6096 6142 "io-core-Thread-" 12f78000
 twitter.android-6096  [004] ....  2404.678781: do_anonymous_page: anonymous tgid 6096 6096 "twitter.android" 140d9000
           <...>-5151  [004] ....  2404.679464: do_anonymous_page: anonymous tgid 1337 5151 "Binder:1337_11" 12ed8000
 twitter.android-6096  [004] ....  2404.679679: do_anonymous_page: anonymous tgid 6096 6096 "twitter.android" 140da000
 twitter.android-6096  [004] ....  2404.679941: do_anonymous_page: anonymous tgid 6096 6096 "twitter.android" 140db000
 twitter.android-6096  [004] ....  2404.679987: do_anonymous_page: anonymous tgid 6096 6096 "twitter.android" 140dc000
 io-core-Thread--6143  [004] ....  2404.680837: do_anonymous_page: anonymous tgid 6096 6143 "io-core-Thread-" 1408d000
 io-core-Thread--6142  [004] ....  2404.683422: do_anonymous_page: anonymous tgid 6096 6142 "io-core-Thread-" 12f79000
 io-core-Thread--6142  [004] ....  2404.683546: do_anonymous_page: anonymous tgid 6096 6142 "io-core-Thread-" 12f7a000
 io-core-Thread--6142  [004] ....  2404.683586: do_anonymous_page: anonymous tgid 6096 6142 "io-core-Thread-" 12f7b000
 io-core-Thread--6142  [004] ....  2404.683615: do_anonymous_page: anonymous tgid 6096 6142 "io-core-Thread-" 12f7c000
 io-core-Thread--6142  [004] ....  2404.683634: do_anonymous_page: anonymous tgid 6096 6142 "io-core-Thread-" 12f7d000
 io-core-Thread--6142  [004] ....  2404.683671: do_anonymous_page: anonymous tgid 6096 6142 "io-core-Thread-" 12f7e000
 io-core-Thread--6142  [004] ....  2404.683685: do_anonymous_page: anonymous tgid 6096 6142 "io-core-Thread-" 12f7f000
 io-core-Thread--6142  [004] ....  2404.683746: do_anonymous_page: anonymous tgid 6096 6142 "io-core-Thread-" 13200000
 io-core-Thread--6142  [004] ....  2404.683766: do_anonymous_page: anonymous tgid 6096 6142 "io-core-Thread-" 13201000
 io-core-Thread--6142  [004] ....  2404.683824: do_anonymous_page: anonymous tgid 6096 6142 "io-core-Thread-" 13202000
 io-core-Thread--6142  [004] ....  2404.683868: do_anonymous_page: anonymous tgid 6096 6142 "io-core-Thread-" 13203000
           <...>-1806  [004] ....  2404.683949: do_anonymous_page: anonymous tgid 1337 1806 "Binder:1337_7" 12e88000
 io-core-Thread--6142  [004] ....  2404.684076: do_anonymous_page: anonymous tgid 6096 6142 "io-core-Thread-" 13204000
 io-core-Thread--6142  [004] ....  2404.684133: do_anonymous_page: anonymous tgid 6096 6142 "io-core-Thread-" 13205000
 io-core-Thread--6142  [004] ....  2404.684191: do_anonymous_page: anonymous tgid 6096 6142 "io-core-Thread-" 13206000
 io-core-Thread--6142  [004] ....  2404.684238: do_anonymous_page: anonymous tgid 6096 6142 "io-core-Thread-" 13207000
 io-core-Thread--6142  [004] ....  2404.684341: do_anonymous_page: anonymous tgid 6096 6142 "io-core-Thread-" 13208000
 io-core-Thread--6142  [004] ....  2404.684455: do_anonymous_page: anonymous tgid 6096 6142 "io-core-Thread-" 13209000
 io-core-Thread--6142  [004] ....  2404.684500: do_anonymous_page: anonymous tgid 6096 6142 "io-core-Thread-" 1320a000
 io-core-Thread--6142  [004] ....  2404.685484: do_anonymous_page: anonymous tgid 6096 6142 "io-core-Thread-" 1320b000
 io-core-Thread--6142  [004] ....  2404.685540: do_anonymous_page: anonymous tgid 6096 6142 "io-core-Thread-" 1320c000
 io-core-Thread--6142  [004] ....  2404.685575: do_anonymous_page: anonymous tgid 6096 6142 "io-core-Thread-" 1320d000
 twitter.android-6096  [004] ....  2404.698034: do_anonymous_page: anonymous tgid 6096 6096 "twitter.android" 7e8e2c4000
 computation-Thr-6156  [004] ....  2404.780494: do_anonymous_page: anonymous tgid 6096 6156 "computation-Thr" 13240000
 wifi_ext@1.0-se-2949  [004] ....  2404.790049: do_anonymous_page: anonymous tgid 832 2949 "wifi_ext@1.0-se" 7fba1fd000
 wifi_ext@1.0-se-2949  [004] ....  2404.790061: do_anonymous_page: anonymous tgid 832 2949 "wifi_ext@1.0-se" 7fba1fe000
 wifi_ext@1.0-se-2949  [004] ....  2404.790064: do_anonymous_page: anonymous tgid 832 2949 "wifi_ext@1.0-se" 7fba1ff000
 wifi_ext@1.0-se-2949  [004] ....  2404.790088: do_anonymous_page: anonymous tgid 832 2949 "wifi_ext@1.0-se" 7fba23b000
 wifi_ext@1.0-se-2949  [004] ....  2404.927268: do_anonymous_page: anonymous tgid 832 2949 "wifi_ext@1.0-se" 7fba241000
 wifi_ext@1.0-se-2949  [004] ....  2404.927279: do_anonymous_page: anonymous tgid 832 2949 "wifi_ext@1.0-se" 7fba242000
 wifi_ext@1.0-se-2949  [004] ....  2404.927283: do_anonymous_page: anonymous tgid 832 2949 "wifi_ext@1.0-se" 7fba243000
 wifi_ext@1.0-se-2949  [004] ....  2404.927294: do_anonymous_page: anonymous tgid 832 2949 "wifi_ext@1.0-se" 7fba255000
 wifi_ext@1.0-se-2949  [004] ....  2404.927297: do_anonymous_page: anonymous tgid 832 2949 "wifi_ext@1.0-se" 7fba256000
           <...>-7600  [004] ....  2404.928599: do_anonymous_page: anonymous tgid 6096 7600 "bal.glbtls.t.co" 12cc3000
 io-core-Thread--6142  [004] ....  2404.928963: do_anonymous_page: anonymous tgid 6096 6142 "io-core-Thread-" 1320e000
 io-core-Thread--6142  [004] ....  2404.929013: do_anonymous_page: anonymous tgid 6096 6142 "io-core-Thread-" 1320f000
 io-core-Thread--6142  [004] ....  2404.929245: do_anonymous_page: anonymous tgid 6096 6142 "io-core-Thread-" 13210000
 witter.com ping-7670  [004] ....  2404.929423: do_anonymous_page: anonymous tgid 6096 7670 "lbtls.t.co ping" 12dc4000
 io-core-Thread--6142  [004] ....  2404.929771: do_anonymous_page: anonymous tgid 6096 6142 "io-core-Thread-" 13211000
 io-core-Thread--6142  [004] ....  2404.930196: do_anonymous_page: anonymous tgid 6096 6142 "io-core-Thread-" 13212000
 io-core-Thread--6142  [004] ....  2404.930376: do_anonymous_page: anonymous tgid 6096 6142 "io-core-Thread-" 13213000
           <...>-1806  [004] ....  2404.935508: do_anonymous_page: anonymous tgid 1337 1806 "Binder:1337_7" 12e89000
           <...>-6159  [004] ....  2404.979870: do_anonymous_page: anonymous tgid 6096 6159 "computation-Thr" 13280000
 queued-work-loo-6138  [004] ....  2405.048643: do_anonymous_page: anonymous tgid 6096 6138 "queued-work-loo" 7658a000
 queued-work-loo-6138  [004] ....  2405.048665: do_anonymous_page: anonymous tgid 6096 6138 "queued-work-loo" 76d3c000
 queued-work-loo-6138  [004] ....  2405.048733: do_anonymous_page: anonymous tgid 6096 6138 "queued-work-loo" 13181000
 queued-work-loo-6138  [004] ....  2405.048861: do_anonymous_page: anonymous tgid 6096 6138 "queued-work-loo" 7658b000
 queued-work-loo-6138  [004] ....  2405.048872: do_anonymous_page: anonymous tgid 6096 6138 "queued-work-loo" 7658c000
 queued-work-loo-6138  [004] ....  2405.048913: do_anonymous_page: anonymous tgid 6096 6138 "queued-work-loo" 7658d000
 queued-work-loo-6138  [004] ....  2405.048980: do_anonymous_page: anonymous tgid 6096 6138 "queued-work-loo" 7658e000
 queued-work-loo-6138  [004] ....  2405.048989: do_anonymous_page: anonymous tgid 6096 6138 "queued-work-loo" 7658f000
 queued-work-loo-6138  [004] ....  2405.048999: do_anonymous_page: anonymous tgid 6096 6138 "queued-work-loo" 76590000
 queued-work-loo-6138  [004] ....  2405.049048: do_anonymous_page: anonymous tgid 6096 6138 "queued-work-loo" 76d3d000
 queued-work-loo-6138  [004] ....  2405.049066: do_anonymous_page: anonymous tgid 6096 6138 "queued-work-loo" 76d3e000
 queued-work-loo-6138  [004] ....  2405.049083: do_anonymous_page: anonymous tgid 6096 6138 "queued-work-loo" 76d3f000
 wifi_ext@1.0-se-2949  [004] ....  2405.061987: do_anonymous_page: anonymous tgid 832 2949 "wifi_ext@1.0-se" 7fba24b000
 wifi_ext@1.0-se-2949  [004] ....  2405.062003: do_anonymous_page: anonymous tgid 832 2949 "wifi_ext@1.0-se" 7fba24c000
 wifi_ext@1.0-se-2949  [004] ....  2405.062009: do_anonymous_page: anonymous tgid 832 2949 "wifi_ext@1.0-se" 7fba24d000
 wifi_ext@1.0-se-2949  [004] ....  2405.062046: do_anonymous_page: anonymous tgid 832 2949 "wifi_ext@1.0-se" 7fba257000
           <...>-7033  [004] ....  2405.105703: do_anonymous_page: anonymous tgid 2273 7033 "QMon" 13826000
 computation-Thr-6173  [004] ....  2405.180274: do_anonymous_page: anonymous tgid 6096 6173 "computation-Thr" 132c0000
 bluetooth@1.0-s-5737  [004] ....  2405.212171: do_anonymous_page: anonymous tgid 805 5737 "bluetooth@1.0-s" 7fbd487000
 PowerManagerSer-1377  [004] ....  2405.320317: do_anonymous_page: anonymous tgid 1337 1377 "PowerManagerSer" 13339000
 computation-Thr-6158  [004] ....  2405.380635: do_anonymous_page: anonymous tgid 6096 6158 "computation-Thr" 13300000
  ClientModeImpl-1476  [004] ....  2405.583729: do_anonymous_page: anonymous tgid 1337 1476 "ClientModeImpl" 13404000
  ClientModeImpl-1476  [004] ....  2405.583954: do_anonymous_page: anonymous tgid 1337 1476 "ClientModeImpl" 13405000
  ClientModeImpl-1476  [004] ....  2405.584441: do_anonymous_page: anonymous tgid 1337 1476 "ClientModeImpl" 13406000
  ClientModeImpl-1476  [004] ....  2405.587403: do_anonymous_page: anonymous tgid 1337 1476 "ClientModeImpl" 13407000
  ClientModeImpl-1476  [004] ....  2405.587724: do_anonymous_page: anonymous tgid 1337 1476 "ClientModeImpl" 13408000
  ClientModeImpl-1476  [004] ....  2405.587812: do_anonymous_page: anonymous tgid 1337 1476 "ClientModeImpl" 13409000
           <...>-7033  [004] ....  2405.630812: do_anonymous_page: anonymous tgid 2273 7033 "QMon" 13827000
           <...>-1360  [004] ....  2405.639640: do_anonymous_page: anonymous tgid 1337 1360 "android.display" 12e07000
           <...>-1360  [004] ....  2405.639714: do_anonymous_page: anonymous tgid 1337 1360 "android.display" 12e08000
           <...>-1360  [004] ....  2405.639732: do_anonymous_page: anonymous tgid 1337 1360 "android.display" 12e09000
 m.android.phone-1887  [004] ....  2405.649933: do_anonymous_page: anonymous tgid 1887 1887 "m.android.phone" 13623000
           <...>-2466  [004] ....  2405.654184: do_anonymous_page: anonymous tgid 1337 2466 "Binder:1337_B" 12fa5000
  UiThreadHelper-2033  [004] ....  2405.654282: do_anonymous_page: anonymous tgid 1984 2033 "UiThreadHelper" 12cd0000
 wifi_ext@1.0-se-2949  [004] ....  2405.655949: do_anonymous_page: anonymous tgid 832 2949 "wifi_ext@1.0-se" 7fba258000
 wifi_ext@1.0-se-2949  [004] ....  2405.655956: do_anonymous_page: anonymous tgid 832 2949 "wifi_ext@1.0-se" 7fba259000
 wifi_ext@1.0-se-2949  [004] ....  2405.655959: do_anonymous_page: anonymous tgid 832 2949 "wifi_ext@1.0-se" 7fba25a000
 wifi_ext@1.0-se-2949  [004] ....  2405.655968: do_anonymous_page: anonymous tgid 832 2949 "wifi_ext@1.0-se" 7fba285000
 wifi_ext@1.0-se-2949  [004] ....  2405.655970: do_anonymous_page: anonymous tgid 832 2949 "wifi_ext@1.0-se" 7fba286000
 ndroid.systemui-1663  [004] ....  2405.656767: do_anonymous_page: anonymous tgid 1663 1663 "ndroid.systemui" 131ec000
 .android.chrome-6210  [004] ....  2405.658739: do_anonymous_page: anonymous tgid 6210 6210 ".android.chrome" 12fcb000
 ScreenDecoratio-2167  [004] ....  2405.659183: do_anonymous_page: anonymous tgid 1663 2167 "ScreenDecoratio" 1320f000
    Binder:601_3-833   [004] ....  2405.660032: do_anonymous_page: anonymous tgid 601 833 "Binder:601_3" 7fba699000
    Binder:601_3-833   [004] ....  2405.660101: do_anonymous_page: anonymous tgid 601 833 "Binder:601_3" 7fba69a000
           <...>-1360  [004] ....  2405.660736: do_anonymous_page: anonymous tgid 1337 1360 "android.display" 12e0a000
           <...>-1360  [004] ....  2405.660779: do_anonymous_page: anonymous tgid 1337 1360 "android.display" 12e0b000
           <...>-1360  [004] ....  2405.660805: do_anonymous_page: anonymous tgid 1337 1360 "android.display" 12e0c000
 m.android.phone-1887  [004] ....  2405.665928: do_anonymous_page: anonymous tgid 1887 1887 "m.android.phone" 13624000
  UiThreadHelper-2033  [004] ....  2405.666371: do_anonymous_page: anonymous tgid 1984 2033 "UiThreadHelper" 12cd1000
     logd.writer-569   [004] ....  2405.666682: do_anonymous_page: anonymous tgid 557 569 "logd.writer" 7fb5760000
 ScreenDecoratio-2167  [004] ....  2405.668089: do_anonymous_page: anonymous tgid 1663 2167 "ScreenDecoratio" 13210000
 .android.chrome-6210  [004] ....  2405.672178: do_anonymous_page: anonymous tgid 6210 6210 ".android.chrome" 12fcc000
           <...>-7653  [004] ....  2405.672845: do_anonymous_page: anonymous tgid 1337 7653 "Binder:1337_15" 133c9000
 ScreenDecoratio-2167  [004] ....  2405.673007: do_anonymous_page: anonymous tgid 1663 2167 "ScreenDecoratio" 13211000
 Jit thread pool-1665  [004] ....  2405.675193: do_anonymous_page: anonymous tgid 1663 1665 "Jit thread pool" 7f2f110000
 Jit thread pool-1665  [004] ....  2405.675207: do_anonymous_page: anonymous tgid 1663 1665 "Jit thread pool" 7f20fa2000
 Jit thread pool-1665  [004] ....  2405.675211: do_anonymous_page: anonymous tgid 1663 1665 "Jit thread pool" 7f2f111000
 Jit thread pool-1665  [004] ....  2405.675217: do_anonymous_page: anonymous tgid 1663 1665 "Jit thread pool" 7f2f112000
 Jit thread pool-1665  [004] ....  2405.675247: do_anonymous_page: anonymous tgid 1663 1665 "Jit thread pool" 7f2f113000
 Jit thread pool-1665  [004] ....  2405.675291: do_anonymous_page: anonymous tgid 1663 1665 "Jit thread pool" 12ec0000
 Jit thread pool-1665  [004] ....  2405.675306: do_anonymous_page: anonymous tgid 1663 1665 "Jit thread pool" 7f2f114000
 Jit thread pool-1665  [004] ....  2405.675321: do_anonymous_page: anonymous tgid 1663 1665 "Jit thread pool" 7f2f115000
 Jit thread pool-1665  [004] ....  2405.675346: do_anonymous_page: anonymous tgid 1663 1665 "Jit thread pool" 7f2f116000
 Jit thread pool-1665  [004] ....  2405.675377: do_anonymous_page: anonymous tgid 1663 1665 "Jit thread pool" 7f2f117000
 Jit thread pool-1665  [004] ....  2405.675388: do_anonymous_page: anonymous tgid 1663 1665 "Jit thread pool" 7f2f118000
 Jit thread pool-1665  [004] ....  2405.675396: do_anonymous_page: anonymous tgid 1663 1665 "Jit thread pool" 7f2f119000
 Jit thread pool-1665  [004] ....  2405.675423: do_anonymous_page: anonymous tgid 1663 1665 "Jit thread pool" 7f2f11a000
 Jit thread pool-1665  [004] ....  2405.675434: do_anonymous_page: anonymous tgid 1663 1665 "Jit thread pool" 7f2f11b000
 Jit thread pool-1665  [004] ....  2405.675469: do_anonymous_page: anonymous tgid 1663 1665 "Jit thread pool" 7f20fa3000
 Jit thread pool-1665  [004] ....  2405.675489: do_anonymous_page: anonymous tgid 1663 1665 "Jit thread pool" 7f2f11c000
 Jit thread pool-1665  [004] ....  2405.675553: do_anonymous_page: anonymous tgid 1663 1665 "Jit thread pool" 7f2f11d000
 Jit thread pool-1665  [004] ....  2405.675583: do_anonymous_page: anonymous tgid 1663 1665 "Jit thread pool" 7f20fa4000
 Jit thread pool-1665  [004] ....  2405.675586: do_anonymous_page: anonymous tgid 1663 1665 "Jit thread pool" 7f20fa5000
 Jit thread pool-1665  [004] ....  2405.675590: do_anonymous_page: anonymous tgid 1663 1665 "Jit thread pool" 7f20fa6000
 Jit thread pool-1665  [004] ....  2405.675619: do_anonymous_page: anonymous tgid 1663 1665 "Jit thread pool" 7f2f11e000
 Jit thread pool-1665  [004] ....  2405.675628: do_anonymous_page: anonymous tgid 1663 1665 "Jit thread pool" 7f2f11f000
 Jit thread pool-1665  [004] ....  2405.675679: do_anonymous_page: anonymous tgid 1663 1665 "Jit thread pool" 7f2f120000
 Jit thread pool-1665  [004] ....  2405.675726: do_anonymous_page: anonymous tgid 1663 1665 "Jit thread pool" 7f20fa7000
 Jit thread pool-1665  [004] ....  2405.675730: do_anonymous_page: anonymous tgid 1663 1665 "Jit thread pool" 7f20fa8000
 Jit thread pool-1665  [004] ....  2405.675946: do_anonymous_page: anonymous tgid 1663 1665 "Jit thread pool" 7f20fa9000
 Jit thread pool-1665  [004] ....  2405.675977: do_anonymous_page: anonymous tgid 1663 1665 "Jit thread pool" 7f2f121000
 Jit thread pool-1665  [004] ....  2405.675981: do_anonymous_page: anonymous tgid 1663 1665 "Jit thread pool" 7f20faa000
   Profile Saver-1735  [004] ....  2405.677041: do_anonymous_page: anonymous tgid 1663 1735 "Profile Saver" 7f230e5000
   Profile Saver-1735  [004] ....  2405.677085: do_anonymous_page: anonymous tgid 1663 1735 "Profile Saver" 7f230e6000
   Profile Saver-1735  [004] ....  2405.677121: do_anonymous_page: anonymous tgid 1663 1735 "Profile Saver" 7f230e7000
   Profile Saver-1735  [004] ....  2405.677124: do_anonymous_page: anonymous tgid 1663 1735 "Profile Saver" 7f230e8000
   Profile Saver-1735  [004] ....  2405.677193: do_anonymous_page: anonymous tgid 1663 1735 "Profile Saver" 7f230ea000
   Profile Saver-1735  [004] ....  2405.677196: do_anonymous_page: anonymous tgid 1663 1735 "Profile Saver" 7f230e9000
   Profile Saver-1735  [004] ....  2405.677199: do_anonymous_page: anonymous tgid 1663 1735 "Profile Saver" 7f230eb000
   Profile Saver-1735  [004] ....  2405.677263: do_anonymous_page: anonymous tgid 1663 1735 "Profile Saver" 7f230ec000
   Profile Saver-1735  [004] ....  2405.677329: do_anonymous_page: anonymous tgid 1663 1735 "Profile Saver" 7f230f0000
   Profile Saver-1735  [004] ....  2405.677332: do_anonymous_page: anonymous tgid 1663 1735 "Profile Saver" 7f230ef000
   Profile Saver-1735  [004] ....  2405.677334: do_anonymous_page: anonymous tgid 1663 1735 "Profile Saver" 7f230ee000
   Profile Saver-1735  [004] ....  2405.677336: do_anonymous_page: anonymous tgid 1663 1735 "Profile Saver" 7f230ed000
   Profile Saver-1735  [004] ....  2405.677339: do_anonymous_page: anonymous tgid 1663 1735 "Profile Saver" 7f230f1000
   Profile Saver-1735  [004] ....  2405.677391: do_anonymous_page: anonymous tgid 1663 1735 "Profile Saver" 7f230f5000
   Profile Saver-1735  [004] ....  2405.677395: do_anonymous_page: anonymous tgid 1663 1735 "Profile Saver" 7f230f4000
           <...>-5151  [004] ....  2405.680314: do_anonymous_page: anonymous tgid 1337 5151 "Binder:1337_11" 12ed9000
 ScreenDecoratio-2167  [004] ....  2405.683695: do_anonymous_page: anonymous tgid 1663 2167 "ScreenDecoratio" 13212000
 Jit thread pool-1665  [004] ....  2405.684301: do_anonymous_page: anonymous tgid 1663 1665 "Jit thread pool" 7f2f110000
 Jit thread pool-1665  [004] ....  2405.684313: do_anonymous_page: anonymous tgid 1663 1665 "Jit thread pool" 7f20fa2000
 Jit thread pool-1665  [004] ....  2405.684317: do_anonymous_page: anonymous tgid 1663 1665 "Jit thread pool" 7f2f111000
 Jit thread pool-1665  [004] ....  2405.684321: do_anonymous_page: anonymous tgid 1663 1665 "Jit thread pool" 7f2f112000
 Jit thread pool-1665  [004] ....  2405.684354: do_anonymous_page: anonymous tgid 1663 1665 "Jit thread pool" 7f2f113000
 Jit thread pool-1665  [004] ....  2405.684384: do_anonymous_page: anonymous tgid 1663 1665 "Jit thread pool" 7f2f114000
 Jit thread pool-1665  [004] ....  2405.684405: do_anonymous_page: anonymous tgid 1663 1665 "Jit thread pool" 7f2f115000
 Jit thread pool-1665  [004] ....  2405.684454: do_anonymous_page: anonymous tgid 1663 1665 "Jit thread pool" 7f20fa3000
 Jit thread pool-1665  [004] ....  2405.684458: do_anonymous_page: anonymous tgid 1663 1665 "Jit thread pool" 7f20fa4000
 Jit thread pool-1665  [004] ....  2405.684492: do_anonymous_page: anonymous tgid 1663 1665 "Jit thread pool" 7f2f116000
 Jit thread pool-1665  [004] ....  2405.684501: do_anonymous_page: anonymous tgid 1663 1665 "Jit thread pool" 7f20fa5000
 Jit thread pool-1665  [004] ....  2405.684508: do_anonymous_page: anonymous tgid 1663 1665 "Jit thread pool" 7f20fa6000
 Jit thread pool-1665  [004] ....  2405.684511: do_anonymous_page: anonymous tgid 1663 1665 "Jit thread pool" 7f20fa7000
 Jit thread pool-1665  [004] ....  2405.684524: do_anonymous_page: anonymous tgid 1663 1665 "Jit thread pool" 7f20fa8000
 ScreenDecoratio-2167  [004] ....  2405.685084: do_anonymous_page: anonymous tgid 1663 2167 "ScreenDecoratio" 13213000
   Profile Saver-1735  [004] ....  2405.685676: do_anonymous_page: anonymous tgid 1663 1735 "Profile Saver" 7f230f2000
   Profile Saver-1735  [004] ....  2405.685681: do_anonymous_page: anonymous tgid 1663 1735 "Profile Saver" 7f230f3000
   Profile Saver-1735  [004] ....  2405.685786: do_anonymous_page: anonymous tgid 1663 1735 "Profile Saver" 7f230f6000
   Profile Saver-1735  [004] ....  2405.685799: do_anonymous_page: anonymous tgid 1663 1735 "Profile Saver" 7f230f7000
   Profile Saver-1735  [004] ....  2405.685811: do_anonymous_page: anonymous tgid 1663 1735 "Profile Saver" 7f230f8000
   Profile Saver-1735  [004] ....  2405.685824: do_anonymous_page: anonymous tgid 1663 1735 "Profile Saver" 7f230f9000
   Profile Saver-1735  [004] ....  2405.685838: do_anonymous_page: anonymous tgid 1663 1735 "Profile Saver" 7f230fa000
   Profile Saver-1735  [004] ....  2405.685851: do_anonymous_page: anonymous tgid 1663 1735 "Profile Saver" 7f230fb000
   Profile Saver-1735  [004] ....  2405.685864: do_anonymous_page: anonymous tgid 1663 1735 "Profile Saver" 7f230fc000
   Profile Saver-1735  [004] ....  2405.685878: do_anonymous_page: anonymous tgid 1663 1735 "Profile Saver" 7f230fd000
   Profile Saver-1735  [004] ....  2405.685891: do_anonymous_page: anonymous tgid 1663 1735 "Profile Saver" 7f230fe000
   Profile Saver-1735  [004] ....  2405.685904: do_anonymous_page: anonymous tgid 1663 1735 "Profile Saver" 7f230ff000
   Profile Saver-1735  [004] ....  2405.685917: do_anonymous_page: anonymous tgid 1663 1735 "Profile Saver" 7f23100000
   Profile Saver-1735  [004] ....  2405.685934: do_anonymous_page: anonymous tgid 1663 1735 "Profile Saver" 7f23101000
   Profile Saver-1735  [004] ....  2405.685948: do_anonymous_page: anonymous tgid 1663 1735 "Profile Saver" 7f23102000
   Profile Saver-1735  [004] ....  2405.685963: do_anonymous_page: anonymous tgid 1663 1735 "Profile Saver" 7f23103000
 ScreenDecoratio-2167  [004] ....  2405.687510: do_anonymous_page: anonymous tgid 1663 2167 "ScreenDecoratio" 13214000
 wifi_ext@1.0-se-2949  [004] ....  2405.773901: do_anonymous_page: anonymous tgid 832 2949 "wifi_ext@1.0-se" 7fba282000
 wifi_ext@1.0-se-2949  [004] ....  2405.773912: do_anonymous_page: anonymous tgid 832 2949 "wifi_ext@1.0-se" 7fba283000
 wifi_ext@1.0-se-2949  [004] ....  2405.773916: do_anonymous_page: anonymous tgid 832 2949 "wifi_ext@1.0-se" 7fba284000
 wifi_ext@1.0-se-2949  [004] ....  2405.773927: do_anonymous_page: anonymous tgid 832 2949 "wifi_ext@1.0-se" 7fba287000
 LazyTaskWriterT-2405  [004] ....  2406.029060: do_anonymous_page: anonymous tgid 1337 2405 "LazyTaskWriterT" 13540000
 LazyTaskWriterT-2405  [004] ....  2406.029115: do_anonymous_page: anonymous tgid 1337 2405 "LazyTaskWriterT" 76338000
 LazyTaskWriterT-2405  [004] ....  2406.029131: do_anonymous_page: anonymous tgid 1337 2405 "LazyTaskWriterT" 76242000
 LazyTaskWriterT-2405  [004] ....  2406.029385: do_anonymous_page: anonymous tgid 1337 2405 "LazyTaskWriterT" 13541000
 LazyTaskWriterT-2405  [004] ....  2406.030356: do_anonymous_page: anonymous tgid 1337 2405 "LazyTaskWriterT" 13542000
 LazyTaskWriterT-2405  [004] ....  2406.030404: do_anonymous_page: anonymous tgid 1337 2405 "LazyTaskWriterT" 13543000
 TaskSnapshotPer-1604  [004] ....  2406.045220: do_anonymous_page: anonymous tgid 1337 1604 "TaskSnapshotPer" 144c2000
 LazyTaskWriterT-2405  [004] ....  2406.045581: do_anonymous_page: anonymous tgid 1337 2405 "LazyTaskWriterT" 13544000
 LazyTaskWriterT-2405  [004] ....  2406.045721: do_anonymous_page: anonymous tgid 1337 2405 "LazyTaskWriterT" 13545000
           <...>-7033  [004] ....  2406.143262: do_anonymous_page: anonymous tgid 2273 7033 "QMon" 13828000
 PowerManagerSer-1377  [004] ....  2406.241298: do_anonymous_page: anonymous tgid 1337 1377 "PowerManagerSer" 1333a000
 PowerManagerSer-1377  [004] ....  2407.162281: do_anonymous_page: anonymous tgid 1337 1377 "PowerManagerSer" 1333b000
           <...>-7033  [004] ....  2407.181720: do_anonymous_page: anonymous tgid 2273 7033 "QMon" 13829000
           <...>-7033  [004] ....  2407.700305: do_anonymous_page: anonymous tgid 2273 7033 "QMon" 1382a000
 wifi_ext@1.0-se-2949  [004] ....  2407.812255: do_anonymous_page: anonymous tgid 832 2949 "wifi_ext@1.0-se" 7fba2b0000
 wifi_ext@1.0-se-2949  [004] ....  2407.812282: do_anonymous_page: anonymous tgid 832 2949 "wifi_ext@1.0-se" 7fba2b1000
 wifi_ext@1.0-se-2949  [004] ....  2407.812291: do_anonymous_page: anonymous tgid 832 2949 "wifi_ext@1.0-se" 7fba2b2000
 wifi_ext@1.0-se-2949  [004] ....  2407.812316: do_anonymous_page: anonymous tgid 832 2949 "wifi_ext@1.0-se" 7fba2b6000
 wifi_ext@1.0-se-2949  [004] ....  2407.812324: do_anonymous_page: anonymous tgid 832 2949 "wifi_ext@1.0-se" 7fba2b7000
 eam.twitter.com-6259  [004] ....  2408.103179: do_anonymous_page: anonymous tgid 6096 6259 "eam.twitter.com" 13340000
 eam.twitter.com-6259  [004] ....  2408.103232: do_anonymous_page: anonymous tgid 6096 6259 "eam.twitter.com" 13342000
 longRunning-Thr-6187  [004] ....  2408.103484: do_anonymous_page: anonymous tgid 6096 6187 "longRunning-Thr" 13380000
 RxSchedulerPurg-6139  [004] ....  2408.151259: do_anonymous_page: anonymous tgid 6096 6139 "RxSchedulerPurg" 12c41000
 PowerManagerSer-1377  [004] ....  2408.187142: do_anonymous_page: anonymous tgid 1337 1377 "PowerManagerSer" 1333c000
           <...>-7033  [004] ....  2408.218938: do_anonymous_page: anonymous tgid 2273 7033 "QMon" 1382b000
           <...>-8097  [004] ....  2408.271022: do_anonymous_page: anonymous tgid 6096 8097 "Measurement Wor" 133c0000
 .android.chrome-6210  [004] ....  2408.577969: do_anonymous_page: anonymous tgid 6210 6210 ".android.chrome" 4b740000
 .android.chrome-6210  [004] ....  2408.578022: do_anonymous_page: anonymous tgid 6210 6210 ".android.chrome" 4b6e8000
 .android.chrome-6210  [004] ....  2408.578034: do_anonymous_page: anonymous tgid 6210 6210 ".android.chrome" 4b860000
 .android.chrome-6210  [004] ....  2408.578043: do_anonymous_page: anonymous tgid 6210 6210 ".android.chrome" 4b9b9000
 .android.chrome-6210  [004] ....  2408.578057: do_anonymous_page: anonymous tgid 6210 6210 ".android.chrome" bf37d000
 .android.chrome-6210  [004] ....  2408.578066: do_anonymous_page: anonymous tgid 6210 6210 ".android.chrome" 4b9aa000
 .android.chrome-6210  [004] ....  2408.578096: do_anonymous_page: anonymous tgid 6210 6210 ".android.chrome" 4b94c000
 RxSingleSchedul-6155  [004] ....  2408.580460: do_anonymous_page: anonymous tgid 6096 6155 "RxSingleSchedul" 14001000
  ClientModeImpl-1476  [004] ....  2408.592831: do_anonymous_page: anonymous tgid 1337 1476 "ClientModeImpl" 1340a000
 wifi_ext@1.0-se-2949  [004] ....  2408.607193: do_anonymous_page: anonymous tgid 832 2949 "wifi_ext@1.0-se" 7fba2b3000
 wifi_ext@1.0-se-2949  [004] ....  2408.607211: do_anonymous_page: anonymous tgid 832 2949 "wifi_ext@1.0-se" 7fba2b4000
 wifi_ext@1.0-se-2949  [004] ....  2408.607221: do_anonymous_page: anonymous tgid 832 2949 "wifi_ext@1.0-se" 7fba2b5000
 wifi_ext@1.0-se-2949  [004] ....  2408.607240: do_anonymous_page: anonymous tgid 832 2949 "wifi_ext@1.0-se" 7fba2b8000
  ClientModeImpl-1476  [004] ....  2408.607528: do_anonymous_page: anonymous tgid 1337 1476 "ClientModeImpl" 1340b000
  ClientModeImpl-1476  [004] ....  2408.607733: do_anonymous_page: anonymous tgid 1337 1476 "ClientModeImpl" 1340c000
  ClientModeImpl-1476  [004] ....  2408.607893: do_anonymous_page: anonymous tgid 1337 1476 "ClientModeImpl" 1340d000
  ClientModeImpl-1476  [004] ....  2408.610707: do_anonymous_page: anonymous tgid 1337 1476 "ClientModeImpl" 1340e000
  ClientModeImpl-1476  [004] ....  2408.610895: do_anonymous_page: anonymous tgid 1337 1476 "ClientModeImpl" 1340f000
  ClientModeImpl-1476  [004] ....  2408.611049: do_anonymous_page: anonymous tgid 1337 1476 "ClientModeImpl" 13410000
        Thread-3-5808  [004] ....  2408.683001: do_anonymous_page: anonymous tgid 5757 5808 "Thread-3" 12c4b000
           <...>-7033  [004] ....  2408.737682: do_anonymous_page: anonymous tgid 2273 7033 "QMon" 1382c000
     lowpool[43]-7064  [004] ....  2408.861564: do_anonymous_page: anonymous tgid 2273 7064 "lowpool[43]" 13189000
     lowpool[43]-7064  [004] ....  2408.861762: do_anonymous_page: anonymous tgid 2273 7064 "lowpool[43]" 7ec574d000
     lowpool[43]-7064  [004] ....  2408.861777: do_anonymous_page: anonymous tgid 2273 7064 "lowpool[43]" 7ec574c000
       Thread-92-8106  [004] ....  2408.862146: do_anonymous_page: anonymous tgid 2273 8106 "Thread-92" 7ec574b000
       Thread-92-8106  [004] ....  2408.862294: do_anonymous_page: anonymous tgid 2273 8106 "Thread-92" 7f314c4000
       Thread-92-8106  [004] ....  2408.862312: do_anonymous_page: anonymous tgid 2273 8106 "Thread-92" 7ec574a000
       Thread-92-8106  [004] ....  2408.862354: do_anonymous_page: anonymous tgid 2273 8106 "Thread-92" 13840000
       Thread-92-8106  [004] ....  2408.901629: do_anonymous_page: anonymous tgid 2273 8106 "Thread-92" 13841000
       Thread-92-8106  [004] ....  2408.901676: do_anonymous_page: anonymous tgid 2273 8106 "Thread-92" 7ec5749000
 PowerManagerSer-1377  [004] ....  2409.107381: do_anonymous_page: anonymous tgid 1337 1377 "PowerManagerSer" 1333d000
 GlobalDispatchi-2731  [004] ....  2409.439744: do_anonymous_page: anonymous tgid 2407 2731 "GlobalDispatchi" 12e40000
     lowpool[12]-5492  [004] ....  2409.440031: do_anonymous_page: anonymous tgid 2407 5492 "lowpool[12]" 12f00000
     lowpool[12]-5492  [004] ....  2409.440501: do_anonymous_page: anonymous tgid 2407 5492 "lowpool[12]" 7ec2124000
     lowpool[12]-5492  [004] ....  2409.440521: do_anonymous_page: anonymous tgid 2407 5492 "lowpool[12]" 7ec2123000
      Thread-113-8107  [004] ....  2409.441226: do_anonymous_page: anonymous tgid 2407 8107 "Thread-113" 7ec2122000
      Thread-113-8107  [004] ....  2409.441388: do_anonymous_page: anonymous tgid 2407 8107 "Thread-113" 7f3142f000
      Thread-113-8107  [004] ....  2409.441405: do_anonymous_page: anonymous tgid 2407 8107 "Thread-113" 7ec2121000
      Thread-113-8107  [004] ....  2409.441435: do_anonymous_page: anonymous tgid 2407 8107 "Thread-113" 12f40000
      Thread-113-8107  [004] ....  2409.481107: do_anonymous_page: anonymous tgid 2407 8107 "Thread-113" 7ec2120000
           <...>-6185  [004] ....  2409.623177: do_anonymous_page: anonymous tgid 6096 6185 "longRunning-Thr" 131c8000
           <...>-6185  [004] ....  2409.624683: do_anonymous_page: anonymous tgid 6096 6185 "longRunning-Thr" 131c9000
           <...>-6185  [004] ....  2409.624930: do_anonymous_page: anonymous tgid 6096 6185 "longRunning-Thr" 131ca000
           <...>-6185  [004] ....  2409.624982: do_anonymous_page: anonymous tgid 6096 6185 "longRunning-Thr" 131cb000
           <...>-6185  [004] ....  2409.625006: do_anonymous_page: anonymous tgid 6096 6185 "longRunning-Thr" 131cc000
           <...>-6185  [004] ....  2409.625021: do_anonymous_page: anonymous tgid 6096 6185 "longRunning-Thr" 131cd000
           <...>-6185  [004] ....  2409.625041: do_anonymous_page: anonymous tgid 6096 6185 "longRunning-Thr" 131ce000
           <...>-6185  [004] ....  2409.625062: do_anonymous_page: anonymous tgid 6096 6185 "longRunning-Thr" 131cf000
           <...>-6185  [004] ....  2409.625070: do_anonymous_page: anonymous tgid 6096 6185 "longRunning-Thr" 131d0000
           <...>-6185  [004] ....  2409.625089: do_anonymous_page: anonymous tgid 6096 6185 "longRunning-Thr" 131d1000
           <...>-6185  [004] ....  2409.625117: do_anonymous_page: anonymous tgid 6096 6185 "longRunning-Thr" 131d2000
           <...>-6185  [004] ....  2409.625144: do_anonymous_page: anonymous tgid 6096 6185 "longRunning-Thr" 131d3000
           <...>-6185  [004] ....  2409.625178: do_anonymous_page: anonymous tgid 6096 6185 "longRunning-Thr" 131d4000
           <...>-6185  [004] ....  2409.625214: do_anonymous_page: anonymous tgid 6096 6185 "longRunning-Thr" 131d5000
           <...>-6185  [004] ....  2409.627060: do_anonymous_page: anonymous tgid 6096 6185 "longRunning-Thr" 131d6000
           <...>-6360  [004] ....  2409.627448: do_anonymous_page: anonymous tgid 6096 6360 "longRunning-Thr" 12d85000
           <...>-6360  [004] ....  2409.628562: do_anonymous_page: anonymous tgid 6096 6360 "longRunning-Thr" 12d86000
           <...>-6360  [004] ....  2409.628743: do_anonymous_page: anonymous tgid 6096 6360 "longRunning-Thr" 12d87000
           <...>-6360  [004] ....  2409.628857: do_anonymous_page: anonymous tgid 6096 6360 "longRunning-Thr" 7e7b95c000
           <...>-6360  [004] ....  2409.629100: do_anonymous_page: anonymous tgid 6096 6360 "longRunning-Thr" 12d88000
           <...>-6360  [004] ....  2409.629171: do_anonymous_page: anonymous tgid 6096 6360 "longRunning-Thr" 12d89000
           <...>-6360  [004] ....  2409.629254: do_anonymous_page: anonymous tgid 6096 6360 "longRunning-Thr" 12d8a000
           <...>-6360  [004] ....  2409.629307: do_anonymous_page: anonymous tgid 6096 6360 "longRunning-Thr" 12d8b000
 wifi_ext@1.0-se-2949  [004] ....  2409.707197: do_anonymous_page: anonymous tgid 832 2949 "wifi_ext@1.0-se" 7fba2b9000
 wifi_ext@1.0-se-2949  [004] ....  2409.707220: do_anonymous_page: anonymous tgid 832 2949 "wifi_ext@1.0-se" 7fba2ba000
 wifi_ext@1.0-se-2949  [004] ....  2409.707227: do_anonymous_page: anonymous tgid 832 2949 "wifi_ext@1.0-se" 7fba2bb000
 wifi_ext@1.0-se-2949  [004] ....  2409.707255: do_anonymous_page: anonymous tgid 832 2949 "wifi_ext@1.0-se" 7fb9b1a000
 wifi_ext@1.0-se-2949  [004] ....  2409.707264: do_anonymous_page: anonymous tgid 832 2949 "wifi_ext@1.0-se" 7fb9b1b000
           <...>-7033  [004] ....  2409.774872: do_anonymous_page: anonymous tgid 2273 7033 "QMon" 1382d000
 PowerManagerSer-1377  [004] ....  2410.028904: do_anonymous_page: anonymous tgid 1337 1377 "PowerManagerSer" 1333e000
           <...>-5151  [004] ....  2410.068435: do_anonymous_page: anonymous tgid 1337 5151 "Binder:1337_11" 12eda000
           <...>-7033  [004] ....  2410.293586: do_anonymous_page: anonymous tgid 2273 7033 "QMon" 1382e000
 NasModemEndPoin-1502  [004] ....  2410.642443: do_anonymous_page: anonymous tgid 916 1502 "NasModemEndPoin" 7fb0c73000
           <...>-7033  [004] ....  2410.812508: do_anonymous_page: anonymous tgid 2273 7033 "QMon" 1382f000
 PowerManagerSer-1377  [004] ....  2411.052210: do_anonymous_page: anonymous tgid 1337 1377 "PowerManagerSer" 1333f000
 io-core-Thread--6142  [004] ....  2411.203073: do_anonymous_page: anonymous tgid 6096 6142 "io-core-Thread-" 13214000
 io-core-Thread--6143  [004] ....  2411.302385: do_anonymous_page: anonymous tgid 6096 6143 "io-core-Thread-" 1408e000
            netd-1125  [004] ....  2411.303128: do_anonymous_page: anonymous tgid 787 1125 "netd" 7fae321000
            netd-1125  [004] ....  2411.303154: do_anonymous_page: anonymous tgid 787 1125 "netd" 7fae320000
            netd-8108  [004] ....  2411.303572: do_anonymous_page: anonymous tgid 787 8108 "netd" 7fae31e000
            netd-8108  [004] ....  2411.303597: do_anonymous_page: anonymous tgid 787 8108 "netd" 7fae31d000
            netd-8108  [004] ....  2411.303644: do_anonymous_page: anonymous tgid 787 8108 "netd" 7fba004000
            netd-8108  [004] ....  2411.303671: do_anonymous_page: anonymous tgid 787 8108 "netd" 7fae31f000
 queued-work-loo-6138  [004] ....  2411.304949: do_anonymous_page: anonymous tgid 6096 6138 "queued-work-loo" 7659b000
 queued-work-loo-6138  [004] ....  2411.304981: do_anonymous_page: anonymous tgid 6096 6138 "queued-work-loo" 76325000
 queued-work-loo-6138  [004] ....  2411.305121: do_anonymous_page: anonymous tgid 6096 6138 "queued-work-loo" 7659c000
 queued-work-loo-6138  [004] ....  2411.305134: do_anonymous_page: anonymous tgid 6096 6138 "queued-work-loo" 13182000
            netd-8108  [004] ....  2411.305568: do_anonymous_page: anonymous tgid 787 8108 "netd" 7fba02c000
            netd-8108  [004] ....  2411.305577: do_anonymous_page: anonymous tgid 787 8108 "netd" 7fba02d000
            netd-8108  [004] ....  2411.305582: do_anonymous_page: anonymous tgid 787 8108 "netd" 7fba02e000
            netd-8108  [004] ....  2411.305586: do_anonymous_page: anonymous tgid 787 8108 "netd" 7fba02f000
            netd-8108  [004] ....  2411.308050: do_anonymous_page: anonymous tgid 787 8108 "netd" 7fba0b4000
            netd-8108  [004] ....  2411.308059: do_anonymous_page: anonymous tgid 787 8108 "netd" 7fba0b5000
            netd-8108  [004] ....  2411.308100: do_anonymous_page: anonymous tgid 787 8108 "netd" 7fba0b6000
            netd-8108  [004] ....  2411.308105: do_anonymous_page: anonymous tgid 787 8108 "netd" 7fba0b2000
            netd-8108  [004] ....  2411.308131: do_anonymous_page: anonymous tgid 787 8108 "netd" 7fae31c000
            netd-1125  [004] ....  2411.310005: do_anonymous_page: anonymous tgid 787 1125 "netd" 7fad127000
            netd-1125  [004] ....  2411.310019: do_anonymous_page: anonymous tgid 787 1125 "netd" 7fad126000
            netd-8109  [004] ....  2411.311376: do_anonymous_page: anonymous tgid 787 8109 "netd" 7fad124000
            netd-8109  [004] ....  2411.311394: do_anonymous_page: anonymous tgid 787 8109 "netd" 7fad123000
            netd-8109  [004] ....  2411.311414: do_anonymous_page: anonymous tgid 787 8109 "netd" 7fba004000
            netd-8109  [004] ....  2411.311426: do_anonymous_page: anonymous tgid 787 8109 "netd" 7fad125000
            netd-8109  [004] ....  2411.311434: do_anonymous_page: anonymous tgid 787 8109 "netd" 7fba02c000
            netd-8109  [004] ....  2411.311437: do_anonymous_page: anonymous tgid 787 8109 "netd" 7fba02d000
            netd-8109  [004] ....  2411.311440: do_anonymous_page: anonymous tgid 787 8109 "netd" 7fba02e000
            netd-8109  [004] ....  2411.311444: do_anonymous_page: anonymous tgid 787 8109 "netd" 7fba02f000
            netd-8109  [004] ....  2411.311677: do_anonymous_page: anonymous tgid 787 8109 "netd" 7fba0b4000
            netd-8109  [004] ....  2411.311684: do_anonymous_page: anonymous tgid 787 8109 "netd" 7fba0b5000
            netd-8109  [004] ....  2411.311687: do_anonymous_page: anonymous tgid 787 8109 "netd" 7fba0b6000
            netd-8109  [004] ....  2411.311689: do_anonymous_page: anonymous tgid 787 8109 "netd" 7fba0b2000
            netd-8109  [004] ....  2411.311704: do_anonymous_page: anonymous tgid 787 8109 "netd" 7fad122000
            netd-1125  [004] ....  2411.312822: do_anonymous_page: anonymous tgid 787 1125 "netd" 7fad321000
            netd-1125  [004] ....  2411.312834: do_anonymous_page: anonymous tgid 787 1125 "netd" 7fad320000
            netd-8110  [004] ....  2411.313902: do_anonymous_page: anonymous tgid 787 8110 "netd" 7fad31e000
            netd-8110  [004] ....  2411.313910: do_anonymous_page: anonymous tgid 787 8110 "netd" 7fad31d000
            netd-8110  [004] ....  2411.313920: do_anonymous_page: anonymous tgid 787 8110 "netd" 7fba004000
            netd-8110  [004] ....  2411.313926: do_anonymous_page: anonymous tgid 787 8110 "netd" 7fad31f000
            netd-8110  [004] ....  2411.313933: do_anonymous_page: anonymous tgid 787 8110 "netd" 7fba02c000
            netd-8110  [004] ....  2411.313935: do_anonymous_page: anonymous tgid 787 8110 "netd" 7fba02d000
            netd-8110  [004] ....  2411.313937: do_anonymous_page: anonymous tgid 787 8110 "netd" 7fba02e000
            netd-8110  [004] ....  2411.313938: do_anonymous_page: anonymous tgid 787 8110 "netd" 7fba02f000
            netd-8110  [004] ....  2411.314028: do_anonymous_page: anonymous tgid 787 8110 "netd" 7fba0b4000
            netd-8110  [004] ....  2411.314030: do_anonymous_page: anonymous tgid 787 8110 "netd" 7fba0b5000
            netd-8110  [004] ....  2411.314032: do_anonymous_page: anonymous tgid 787 8110 "netd" 7fba0b6000
            netd-8110  [004] ....  2411.314034: do_anonymous_page: anonymous tgid 787 8110 "netd" 7fba0b2000
            netd-8110  [004] ....  2411.314040: do_anonymous_page: anonymous tgid 787 8110 "netd" 7fad31c000
            netd-1125  [004] ....  2411.314488: do_anonymous_page: anonymous tgid 787 1125 "netd" 7fad127000
            netd-1125  [004] ....  2411.314493: do_anonymous_page: anonymous tgid 787 1125 "netd" 7fad126000
            netd-8111  [004] ....  2411.314805: do_anonymous_page: anonymous tgid 787 8111 "netd" 7fad124000
            netd-8111  [004] ....  2411.314812: do_anonymous_page: anonymous tgid 787 8111 "netd" 7fad123000
            netd-8111  [004] ....  2411.314822: do_anonymous_page: anonymous tgid 787 8111 "netd" 7fba004000
            netd-8111  [004] ....  2411.314827: do_anonymous_page: anonymous tgid 787 8111 "netd" 7fad125000
            netd-8111  [004] ....  2411.314834: do_anonymous_page: anonymous tgid 787 8111 "netd" 7fba02c000
            netd-8111  [004] ....  2411.314835: do_anonymous_page: anonymous tgid 787 8111 "netd" 7fba02d000
