     lowi-server-3360  [004] .... 11099.282243: do_anonymous_page: anonymous tgid 1071 3360 "lowi-server" 7f3b65d000
     lowi-server-3360  [004] .... 11099.282372: do_anonymous_page: anonymous tgid 1071 3360 "lowi-server" 7f3b65e000
     lowi-server-3360  [004] .... 11099.282487: do_anonymous_page: anonymous tgid 1071 3360 "lowi-server" 7f3b65f000
     lowi-server-3360  [004] .... 11099.282616: do_anonymous_page: anonymous tgid 1071 3360 "lowi-server" 7f3b661000
     lowi-server-1143  [004] .... 11099.282893: do_anonymous_page: anonymous tgid 1071 1143 "lowi-server" 7f3d0c5000
     lowi-server-1143  [004] .... 11099.282908: do_anonymous_page: anonymous tgid 1071 1143 "lowi-server" 7f3d0b7000
           <...>-1499  [004] .... 11099.283946: do_anonymous_page: anonymous tgid 1336 1499 "WifiScanningSer" 135c5000
           <...>-1499  [004] .... 11099.283971: do_anonymous_page: anonymous tgid 1336 1499 "WifiScanningSer" 135c6000
           <...>-1499  [004] .... 11099.283992: do_anonymous_page: anonymous tgid 1336 1499 "WifiScanningSer" 135c7000
           <...>-1499  [004] .... 11099.284290: do_anonymous_page: anonymous tgid 1336 1499 "WifiScanningSer" 135c8000
           <...>-1499  [004] .... 11099.284327: do_anonymous_page: anonymous tgid 1336 1499 "WifiScanningSer" 135c9000
           <...>-1499  [004] .... 11099.284350: do_anonymous_page: anonymous tgid 1336 1499 "WifiScanningSer" 135ca000
           <...>-1499  [004] .... 11099.284372: do_anonymous_page: anonymous tgid 1336 1499 "WifiScanningSer" 135cb000
           <...>-1499  [004] .... 11099.284422: do_anonymous_page: anonymous tgid 1336 1499 "WifiScanningSer" 135cc000
           <...>-1499  [004] .... 11099.284677: do_anonymous_page: anonymous tgid 1336 1499 "WifiScanningSer" 135cd000
           <...>-1499  [004] .... 11099.284716: do_anonymous_page: anonymous tgid 1336 1499 "WifiScanningSer" 135ce000
           <...>-1499  [004] .... 11099.284742: do_anonymous_page: anonymous tgid 1336 1499 "WifiScanningSer" 135cf000
           <...>-1499  [004] .... 11099.284769: do_anonymous_page: anonymous tgid 1336 1499 "WifiScanningSer" 135d0000
           <...>-1499  [004] .... 11099.284798: do_anonymous_page: anonymous tgid 1336 1499 "WifiScanningSer" 135d1000
           <...>-1499  [004] .... 11099.284836: do_anonymous_page: anonymous tgid 1336 1499 "WifiScanningSer" 135d2000
           <...>-1499  [004] .... 11099.284855: do_anonymous_page: anonymous tgid 1336 1499 "WifiScanningSer" 135d3000
           <...>-1499  [004] .... 11099.284881: do_anonymous_page: anonymous tgid 1336 1499 "WifiScanningSer" 135d4000
           <...>-1499  [004] .... 11099.284913: do_anonymous_page: anonymous tgid 1336 1499 "WifiScanningSer" 135d5000
           <...>-1499  [004] .... 11099.284940: do_anonymous_page: anonymous tgid 1336 1499 "WifiScanningSer" 135d6000
           <...>-1499  [004] .... 11099.284954: do_anonymous_page: anonymous tgid 1336 1499 "WifiScanningSer" 135d7000
           <...>-1499  [004] .... 11099.284981: do_anonymous_page: anonymous tgid 1336 1499 "WifiScanningSer" 135d8000
           <...>-1499  [004] .... 11099.285004: do_anonymous_page: anonymous tgid 1336 1499 "WifiScanningSer" 135d9000
           <...>-1499  [004] .... 11099.285026: do_anonymous_page: anonymous tgid 1336 1499 "WifiScanningSer" 135da000
           <...>-1499  [004] .... 11099.285058: do_anonymous_page: anonymous tgid 1336 1499 "WifiScanningSer" 135db000
           <...>-1499  [004] .... 11099.287129: do_anonymous_page: anonymous tgid 1336 1499 "WifiScanningSer" 135dc000
           <...>-1499  [004] .... 11099.287192: do_anonymous_page: anonymous tgid 1336 1499 "WifiScanningSer" 135dd000
           <...>-1499  [004] .... 11099.287227: do_anonymous_page: anonymous tgid 1336 1499 "WifiScanningSer" 135de000
           <...>-1499  [004] .... 11099.287245: do_anonymous_page: anonymous tgid 1336 1499 "WifiScanningSer" 135df000
           <...>-1499  [004] .... 11099.287278: do_anonymous_page: anonymous tgid 1336 1499 "WifiScanningSer" 135e0000
           <...>-1499  [004] .... 11099.287311: do_anonymous_page: anonymous tgid 1336 1499 "WifiScanningSer" 135e1000
           <...>-1499  [004] .... 11099.287347: do_anonymous_page: anonymous tgid 1336 1499 "WifiScanningSer" 135e2000
           <...>-1499  [004] .... 11099.287362: do_anonymous_page: anonymous tgid 1336 1499 "WifiScanningSer" 135e3000
           <...>-1499  [004] .... 11099.287385: do_anonymous_page: anonymous tgid 1336 1499 "WifiScanningSer" 135e4000
           <...>-1499  [004] .... 11099.287416: do_anonymous_page: anonymous tgid 1336 1499 "WifiScanningSer" 135e5000
           <...>-1499  [004] .... 11099.287446: do_anonymous_page: anonymous tgid 1336 1499 "WifiScanningSer" 135e6000
           <...>-1499  [004] .... 11099.287466: do_anonymous_page: anonymous tgid 1336 1499 "WifiScanningSer" 135e7000
           <...>-1499  [004] .... 11099.287496: do_anonymous_page: anonymous tgid 1336 1499 "WifiScanningSer" 135e8000
           <...>-1499  [004] .... 11099.287525: do_anonymous_page: anonymous tgid 1336 1499 "WifiScanningSer" 135e9000
           <...>-1499  [004] .... 11099.287539: do_anonymous_page: anonymous tgid 1336 1499 "WifiScanningSer" 135ea000
           <...>-1499  [004] .... 11099.287564: do_anonymous_page: anonymous tgid 1336 1499 "WifiScanningSer" 135eb000
           <...>-1499  [004] .... 11099.287589: do_anonymous_page: anonymous tgid 1336 1499 "WifiScanningSer" 135ec000
           <...>-1499  [004] .... 11099.287608: do_anonymous_page: anonymous tgid 1336 1499 "WifiScanningSer" 135ed000
           <...>-1499  [004] .... 11099.287640: do_anonymous_page: anonymous tgid 1336 1499 "WifiScanningSer" 135ee000
           <...>-1499  [004] .... 11099.287669: do_anonymous_page: anonymous tgid 1336 1499 "WifiScanningSer" 135ef000
           <...>-1499  [004] .... 11099.287699: do_anonymous_page: anonymous tgid 1336 1499 "WifiScanningSer" 135f0000
           <...>-1499  [004] .... 11099.287719: do_anonymous_page: anonymous tgid 1336 1499 "WifiScanningSer" 135f1000
           <...>-1499  [004] .... 11099.287750: do_anonymous_page: anonymous tgid 1336 1499 "WifiScanningSer" 135f2000
           <...>-1499  [004] .... 11099.287775: do_anonymous_page: anonymous tgid 1336 1499 "WifiScanningSer" 135f3000
           <...>-1499  [004] .... 11099.287801: do_anonymous_page: anonymous tgid 1336 1499 "WifiScanningSer" 135f4000
             cnd-885   [004] .... 11099.288305: do_anonymous_page: anonymous tgid 885 885 "cnd" 7f3c821000
             cnd-885   [004] .... 11099.288326: do_anonymous_page: anonymous tgid 885 885 "cnd" 7f3c822000
             cnd-885   [004] .... 11099.288341: do_anonymous_page: anonymous tgid 885 885 "cnd" 7f3c823000
             cnd-885   [004] .... 11099.288351: do_anonymous_page: anonymous tgid 885 885 "cnd" 7f3c826000
             cnd-885   [004] .... 11099.288362: do_anonymous_page: anonymous tgid 885 885 "cnd" 7f3c824000
             cnd-885   [004] .... 11099.288390: do_anonymous_page: anonymous tgid 885 885 "cnd" 7f3c825000
             cnd-885   [004] .... 11099.288412: do_anonymous_page: anonymous tgid 885 885 "cnd" 7f3c82e000
           <...>-1499  [004] .... 11099.288808: do_anonymous_page: anonymous tgid 1336 1499 "WifiScanningSer" 135f5000
           <...>-1499  [004] .... 11099.288838: do_anonymous_page: anonymous tgid 1336 1499 "WifiScanningSer" 135f6000
           <...>-1499  [004] .... 11099.288875: do_anonymous_page: anonymous tgid 1336 1499 "WifiScanningSer" 135f7000
           <...>-1499  [004] .... 11099.288902: do_anonymous_page: anonymous tgid 1336 1499 "WifiScanningSer" 135f8000
           <...>-1499  [004] .... 11099.288923: do_anonymous_page: anonymous tgid 1336 1499 "WifiScanningSer" 135f9000
           <...>-1499  [004] .... 11099.288945: do_anonymous_page: anonymous tgid 1336 1499 "WifiScanningSer" 135fa000
           <...>-1499  [004] .... 11099.288971: do_anonymous_page: anonymous tgid 1336 1499 "WifiScanningSer" 135fb000
           <...>-1499  [004] .... 11099.289000: do_anonymous_page: anonymous tgid 1336 1499 "WifiScanningSer" 135fc000
           <...>-1499  [004] .... 11099.289021: do_anonymous_page: anonymous tgid 1336 1499 "WifiScanningSer" 135fd000
           <...>-1499  [004] .... 11099.289054: do_anonymous_page: anonymous tgid 1336 1499 "WifiScanningSer" 135fe000
           <...>-1499  [004] .... 11099.289077: do_anonymous_page: anonymous tgid 1336 1499 "WifiScanningSer" 135ff000
           <...>-1499  [004] .... 11099.289131: do_anonymous_page: anonymous tgid 1336 1499 "WifiScanningSer" 13880000
           <...>-1499  [004] .... 11099.289158: do_anonymous_page: anonymous tgid 1336 1499 "WifiScanningSer" 13881000
           <...>-1499  [004] .... 11099.289186: do_anonymous_page: anonymous tgid 1336 1499 "WifiScanningSer" 13882000
           <...>-1499  [004] .... 11099.289201: do_anonymous_page: anonymous tgid 1336 1499 "WifiScanningSer" 13883000
           <...>-1499  [004] .... 11099.289227: do_anonymous_page: anonymous tgid 1336 1499 "WifiScanningSer" 13884000
           <...>-1499  [004] .... 11099.289254: do_anonymous_page: anonymous tgid 1336 1499 "WifiScanningSer" 13885000
           <...>-1499  [004] .... 11099.289266: do_anonymous_page: anonymous tgid 1336 1499 "WifiScanningSer" 13886000
           <...>-1499  [004] .... 11099.289292: do_anonymous_page: anonymous tgid 1336 1499 "WifiScanningSer" 13887000
           <...>-1499  [004] .... 11099.289318: do_anonymous_page: anonymous tgid 1336 1499 "WifiScanningSer" 13888000
           <...>-1499  [004] .... 11099.289347: do_anonymous_page: anonymous tgid 1336 1499 "WifiScanningSer" 13889000
           <...>-1499  [004] .... 11099.289362: do_anonymous_page: anonymous tgid 1336 1499 "WifiScanningSer" 1388a000
           <...>-1499  [004] .... 11099.289402: do_anonymous_page: anonymous tgid 1336 1499 "WifiScanningSer" 1388b000
           <...>-1499  [004] .... 11099.289426: do_anonymous_page: anonymous tgid 1336 1499 "WifiScanningSer" 1388c000
           <...>-1499  [004] .... 11099.289439: do_anonymous_page: anonymous tgid 1336 1499 "WifiScanningSer" 1388d000
           <...>-1499  [004] .... 11099.289465: do_anonymous_page: anonymous tgid 1336 1499 "WifiScanningSer" 1388e000
           <...>-1499  [004] .... 11099.289495: do_anonymous_page: anonymous tgid 1336 1499 "WifiScanningSer" 1388f000
           <...>-1499  [004] .... 11099.289508: do_anonymous_page: anonymous tgid 1336 1499 "WifiScanningSer" 13890000
           <...>-1499  [004] .... 11099.289539: do_anonymous_page: anonymous tgid 1336 1499 "WifiScanningSer" 13891000
           <...>-1499  [004] .... 11099.289565: do_anonymous_page: anonymous tgid 1336 1499 "WifiScanningSer" 13892000
           <...>-1499  [004] .... 11099.289578: do_anonymous_page: anonymous tgid 1336 1499 "WifiScanningSer" 13893000
           <...>-1499  [004] .... 11099.289733: do_anonymous_page: anonymous tgid 1336 1499 "WifiScanningSer" 13894000
  ClientModeImpl-1485  [004] .... 11099.289904: do_anonymous_page: anonymous tgid 1336 1485 "ClientModeImpl" 13531000
  ClientModeImpl-1485  [004] .... 11099.290172: do_anonymous_page: anonymous tgid 1336 1485 "ClientModeImpl" 13532000
  ClientModeImpl-1485  [004] .... 11099.290406: do_anonymous_page: anonymous tgid 1336 1485 "ClientModeImpl" 13533000
  ClientModeImpl-1485  [004] .... 11099.290644: do_anonymous_page: anonymous tgid 1336 1485 "ClientModeImpl" 13534000
  ClientModeImpl-1485  [004] .... 11099.290891: do_anonymous_page: anonymous tgid 1336 1485 "ClientModeImpl" 13535000
  ClientModeImpl-1485  [004] .... 11099.291135: do_anonymous_page: anonymous tgid 1336 1485 "ClientModeImpl" 13536000
  ClientModeImpl-1485  [004] .... 11099.291509: do_anonymous_page: anonymous tgid 1336 1485 "ClientModeImpl" 13537000
  ClientModeImpl-1485  [004] .... 11099.291739: do_anonymous_page: anonymous tgid 1336 1485 "ClientModeImpl" 13538000
  ClientModeImpl-1485  [004] .... 11099.292156: do_anonymous_page: anonymous tgid 1336 1485 "ClientModeImpl" 13539000
  ClientModeImpl-1485  [004] .... 11099.292388: do_anonymous_page: anonymous tgid 1336 1485 "ClientModeImpl" 1353a000
  ClientModeImpl-1485  [004] .... 11099.292730: do_anonymous_page: anonymous tgid 1336 1485 "ClientModeImpl" 1353b000
  ClientModeImpl-1485  [004] .... 11099.292956: do_anonymous_page: anonymous tgid 1336 1485 "ClientModeImpl" 1353c000
           <...>-1499  [004] .... 11099.293289: do_anonymous_page: anonymous tgid 1336 1499 "WifiScanningSer" 13895000
           <...>-1499  [004] .... 11099.293386: do_anonymous_page: anonymous tgid 1336 1499 "WifiScanningSer" 13896000
           <...>-1499  [004] .... 11099.293490: do_anonymous_page: anonymous tgid 1336 1499 "WifiScanningSer" 13897000
           <...>-1499  [004] .... 11099.293531: do_anonymous_page: anonymous tgid 1336 1499 "WifiScanningSer" 13898000
  ClientModeImpl-1485  [004] .... 11099.293680: do_anonymous_page: anonymous tgid 1336 1485 "ClientModeImpl" 1353d000
  ClientModeImpl-1485  [004] .... 11099.293746: do_anonymous_page: anonymous tgid 1336 1485 "ClientModeImpl" 1353e000
  ClientModeImpl-1485  [004] .... 11099.293801: do_anonymous_page: anonymous tgid 1336 1485 "ClientModeImpl" 1353f000
  ClientModeImpl-1485  [004] .... 11099.293869: do_anonymous_page: anonymous tgid 1336 1485 "ClientModeImpl" 13900000
  ClientModeImpl-1485  [004] .... 11099.293923: do_anonymous_page: anonymous tgid 1336 1485 "ClientModeImpl" 13901000
  ClientModeImpl-1485  [004] .... 11099.293974: do_anonymous_page: anonymous tgid 1336 1485 "ClientModeImpl" 13902000
  ClientModeImpl-1485  [004] .... 11099.294029: do_anonymous_page: anonymous tgid 1336 1485 "ClientModeImpl" 13903000
  ClientModeImpl-1485  [004] .... 11099.294081: do_anonymous_page: anonymous tgid 1336 1485 "ClientModeImpl" 13904000
  ClientModeImpl-1485  [004] .... 11099.294135: do_anonymous_page: anonymous tgid 1336 1485 "ClientModeImpl" 13905000
  ClientModeImpl-1485  [004] .... 11099.294200: do_anonymous_page: anonymous tgid 1336 1485 "ClientModeImpl" 13906000
  ClientModeImpl-1485  [004] .... 11099.294241: do_anonymous_page: anonymous tgid 1336 1485 "ClientModeImpl" 13907000
  ClientModeImpl-1485  [004] .... 11099.294307: do_anonymous_page: anonymous tgid 1336 1485 "ClientModeImpl" 13908000
  ClientModeImpl-1485  [004] .... 11099.294361: do_anonymous_page: anonymous tgid 1336 1485 "ClientModeImpl" 13909000
  ClientModeImpl-1485  [004] .... 11099.294583: do_anonymous_page: anonymous tgid 1336 1485 "ClientModeImpl" 1390a000
  ClientModeImpl-1485  [004] .... 11099.294618: do_anonymous_page: anonymous tgid 1336 1485 "ClientModeImpl" 1390b000
  ClientModeImpl-1485  [004] .... 11099.294648: do_anonymous_page: anonymous tgid 1336 1485 "ClientModeImpl" 1390c000
  ClientModeImpl-1485  [004] .... 11099.294701: do_anonymous_page: anonymous tgid 1336 1485 "ClientModeImpl" 1390d000
  ClientModeImpl-1485  [004] .... 11099.294780: do_anonymous_page: anonymous tgid 1336 1485 "ClientModeImpl" 1390e000
  ClientModeImpl-1485  [004] .... 11099.294820: do_anonymous_page: anonymous tgid 1336 1485 "ClientModeImpl" 1390f000
    BG Thread #5-5897  [004] .... 11099.756676: do_anonymous_page: anonymous tgid 5862 5897 "BG Thread #5" 1314a000
     ChromiumNet-5974  [004] .... 11099.837245: do_anonymous_page: anonymous tgid 5862 5974 "ChromiumNet" 13600000
     ChromiumNet-5974  [004] .... 11099.837276: do_anonymous_page: anonymous tgid 5862 5974 "ChromiumNet" 7f23155000
     ChromiumNet-5974  [004] .... 11099.839635: do_anonymous_page: anonymous tgid 5862 5974 "ChromiumNet" 13601000
   BG Thread #12-5978  [004] .... 11099.840767: do_anonymous_page: anonymous tgid 5862 5978 "BG Thread #12" 13445000
     ChromiumNet-5974  [004] .... 11099.842665: do_anonymous_page: anonymous tgid 5862 5974 "ChromiumNet" 13602000
   BG Thread #11-5979  [004] .... 11099.842813: do_anonymous_page: anonymous tgid 5862 5979 "BG Thread #11" 130c8000
    BG Thread #5-5897  [004] .... 11099.848557: do_anonymous_page: anonymous tgid 5862 5897 "BG Thread #5" 1314b000
    BG Thread #8-5900  [004] .... 11099.848874: do_anonymous_page: anonymous tgid 5862 5900 "BG Thread #8" 135e8000
 PowerManagerSer-1384  [004] .... 11099.920574: do_anonymous_page: anonymous tgid 1336 1384 "PowerManagerSer" 132fb000
 wifi_ext@1.0-se-2906  [004] .... 11099.948169: do_anonymous_page: anonymous tgid 825 2906 "wifi_ext@1.0-se" 7fb9e29000
 wifi_ext@1.0-se-2906  [004] .... 11099.948184: do_anonymous_page: anonymous tgid 825 2906 "wifi_ext@1.0-se" 7fb9e2a000
 wifi_ext@1.0-se-2906  [004] .... 11099.948197: do_anonymous_page: anonymous tgid 825 2906 "wifi_ext@1.0-se" 7fb9e2b000
 wifi_ext@1.0-se-2906  [004] .... 11099.948201: do_anonymous_page: anonymous tgid 825 2906 "wifi_ext@1.0-se" 7fb9e2c000
 wifi_ext@1.0-se-2906  [004] .... 11099.948204: do_anonymous_page: anonymous tgid 825 2906 "wifi_ext@1.0-se" 7fb9e2d000
  Lite Thread #5-11885 [004] .... 11100.298774: do_anonymous_page: anonymous tgid 5862 11885 "Lite Thread #5" 13640000
  ClientModeImpl-1485  [004] .... 11100.332949: do_anonymous_page: anonymous tgid 1336 1485 "ClientModeImpl" 13910000
  ClientModeImpl-1485  [004] .... 11100.333148: do_anonymous_page: anonymous tgid 1336 1485 "ClientModeImpl" 13911000
  ClientModeImpl-1485  [004] .... 11100.333328: do_anonymous_page: anonymous tgid 1336 1485 "ClientModeImpl" 13912000
  ClientModeImpl-1485  [004] .... 11100.336083: do_anonymous_page: anonymous tgid 1336 1485 "ClientModeImpl" 13913000
  ClientModeImpl-1485  [004] .... 11100.336352: do_anonymous_page: anonymous tgid 1336 1485 "ClientModeImpl" 13914000
  ClientModeImpl-1485  [004] .... 11100.336501: do_anonymous_page: anonymous tgid 1336 1485 "ClientModeImpl" 13915000
     mdxSsdp23-1-6029  [004] .... 11100.494292: do_anonymous_page: anonymous tgid 5862 6029 "mdxSsdp23-1" 132c8000
 PowerManagerSer-1384  [004] .... 11100.943234: do_anonymous_page: anonymous tgid 1336 1384 "PowerManagerSer" 132fc000
 LazyTaskWriterT-2407  [004] .... 11101.222836: do_anonymous_page: anonymous tgid 1336 2407 "LazyTaskWriterT" 13940000
 LazyTaskWriterT-2407  [004] .... 11101.222882: do_anonymous_page: anonymous tgid 1336 2407 "LazyTaskWriterT" 77207000
 LazyTaskWriterT-2407  [004] .... 11101.222898: do_anonymous_page: anonymous tgid 1336 2407 "LazyTaskWriterT" 770ea000
 LazyTaskWriterT-2407  [004] .... 11101.223018: do_anonymous_page: anonymous tgid 1336 2407 "LazyTaskWriterT" 13941000
 LazyTaskWriterT-2407  [004] .... 11101.224156: do_anonymous_page: anonymous tgid 1336 2407 "LazyTaskWriterT" 13942000
 LazyTaskWriterT-2407  [004] .... 11101.224198: do_anonymous_page: anonymous tgid 1336 2407 "LazyTaskWriterT" 13943000
 TaskSnapshotPer-1593  [004] .... 11101.239529: do_anonymous_page: anonymous tgid 1336 1593 "TaskSnapshotPer" 148c2000
 LazyTaskWriterT-2407  [004] .... 11101.240045: do_anonymous_page: anonymous tgid 1336 2407 "LazyTaskWriterT" 13944000
 Blocking Thread-12208 [004] .... 11101.270671: do_anonymous_page: anonymous tgid 5862 12208 "Blocking Thread" 13513000
 PowerManagerSer-1384  [004] .... 11101.866592: do_anonymous_page: anonymous tgid 1336 1384 "PowerManagerSer" 132fd000
 NasModemEndPoin-1539  [004] .... 11102.122396: do_anonymous_page: anonymous tgid 917 1539 "NasModemEndPoin" 7fb0bce000
 PowerManagerSer-1384  [004] .... 11102.786967: do_anonymous_page: anonymous tgid 1336 1384 "PowerManagerSer" 132fe000
  ClientModeImpl-1485  [004] .... 11103.342093: do_anonymous_page: anonymous tgid 1336 1485 "ClientModeImpl" 13916000
  ClientModeImpl-1485  [004] .... 11103.353269: do_anonymous_page: anonymous tgid 1336 1485 "ClientModeImpl" 13917000
  ClientModeImpl-1485  [004] .... 11103.353471: do_anonymous_page: anonymous tgid 1336 1485 "ClientModeImpl" 13918000
  ClientModeImpl-1485  [004] .... 11103.353603: do_anonymous_page: anonymous tgid 1336 1485 "ClientModeImpl" 13919000
  ClientModeImpl-1485  [004] .... 11103.356391: do_anonymous_page: anonymous tgid 1336 1485 "ClientModeImpl" 1391a000
  ClientModeImpl-1485  [004] .... 11103.356569: do_anonymous_page: anonymous tgid 1336 1485 "ClientModeImpl" 1391b000
  ClientModeImpl-1485  [004] .... 11103.356675: do_anonymous_page: anonymous tgid 1336 1485 "ClientModeImpl" 1391c000
   Binder:1336_1-1354  [004] .... 11103.454624: do_anonymous_page: anonymous tgid 1336 1354 "Binder:1336_1" 135a3000
 PowerManagerSer-1384  [004] .... 11103.810451: do_anonymous_page: anonymous tgid 1336 1384 "PowerManagerSer" 132ff000
           <...>-5862  [004] .... 11103.967596: do_anonymous_page: anonymous tgid 5862 5862 "android.youtube" 1349f000
     mdxSsdp23-1-6029  [004] .... 11103.975974: do_anonymous_page: anonymous tgid 5862 6029 "mdxSsdp23-1" 132c9000
 NasModemEndPoin-1539  [004] .... 11104.362022: do_anonymous_page: anonymous tgid 917 1539 "NasModemEndPoin" 7fb0c0c000
 PowerManagerSer-1384  [004] .... 11104.733317: do_anonymous_page: anonymous tgid 1336 1384 "PowerManagerSer" 13980000
  IpClient.wlan0-2916  [004] .... 11104.905080: do_anonymous_page: anonymous tgid 1874 2916 "IpClient.wlan0" 1351e000
  IpClient.wlan0-2916  [004] .... 11104.905260: do_anonymous_page: anonymous tgid 1874 2916 "IpClient.wlan0" 1351f000
  IpClient.wlan0-2916  [004] .... 11104.905330: do_anonymous_page: anonymous tgid 1874 2916 "IpClient.wlan0" 13520000
  IpClient.wlan0-2916  [004] .... 11104.905398: do_anonymous_page: anonymous tgid 1874 2916 "IpClient.wlan0" 13521000
  IpClient.wlan0-2916  [004] .... 11104.905462: do_anonymous_page: anonymous tgid 1874 2916 "IpClient.wlan0" 13522000
  IpClient.wlan0-2916  [004] .... 11104.905551: do_anonymous_page: anonymous tgid 1874 2916 "IpClient.wlan0" 13523000
 wifi_ext@1.0-se-2906  [004] .... 11104.917640: do_anonymous_page: anonymous tgid 825 2906 "wifi_ext@1.0-se" 7fb9e2f000
 wifi_ext@1.0-se-2906  [004] .... 11104.917657: do_anonymous_page: anonymous tgid 825 2906 "wifi_ext@1.0-se" 7fb9e30000
 wifi_ext@1.0-se-2906  [004] .... 11104.917672: do_anonymous_page: anonymous tgid 825 2906 "wifi_ext@1.0-se" 7fb9e31000
 wifi_ext@1.0-se-2906  [004] .... 11104.917678: do_anonymous_page: anonymous tgid 825 2906 "wifi_ext@1.0-se" 7fb9e32000
 wifi_ext@1.0-se-2906  [004] .... 11104.917695: do_anonymous_page: anonymous tgid 825 2906 "wifi_ext@1.0-se" 7fb9e33000
  IpClient.wlan0-2916  [004] .... 11104.922134: do_anonymous_page: anonymous tgid 1874 2916 "IpClient.wlan0" 13524000
  IpClient.wlan0-2916  [004] .... 11104.922257: do_anonymous_page: anonymous tgid 1874 2916 "IpClient.wlan0" 13525000
  IpClient.wlan0-2916  [004] .... 11104.922323: do_anonymous_page: anonymous tgid 1874 2916 "IpClient.wlan0" 13526000
  IpClient.wlan0-2916  [004] .... 11104.922379: do_anonymous_page: anonymous tgid 1874 2916 "IpClient.wlan0" 13527000
  IpClient.wlan0-2916  [004] .... 11104.922433: do_anonymous_page: anonymous tgid 1874 2916 "IpClient.wlan0" 13528000
  IpClient.wlan0-2916  [004] .... 11104.922468: do_anonymous_page: anonymous tgid 1874 2916 "IpClient.wlan0" 13529000
  IpClient.wlan0-2916  [004] .... 11104.922800: do_anonymous_page: anonymous tgid 1874 2916 "IpClient.wlan0" 1352a000
 HwBinder:1336_3-1546  [004] .... 11105.262228: do_anonymous_page: anonymous tgid 1336 1546 "HwBinder:1336_3" 13301000
   system_server-1336  [004] .... 11105.262600: do_anonymous_page: anonymous tgid 1336 1336 "system_server" 12e50000
 ActivityManager-1367  [004] .... 11105.263379: do_anonymous_page: anonymous tgid 1336 1367 "ActivityManager" 12d45000
  Binder:11257_4-11383 [004] .... 11105.265124: do_anonymous_page: anonymous tgid 11257 11383 "Binder:11257_4" 7eae5da000
 m.android.phone-1896  [004] .... 11105.266523: do_anonymous_page: anonymous tgid 1896 1896 "m.android.phone" 14192000
           <...>-1666  [004] .... 11105.267683: do_anonymous_page: anonymous tgid 1666 1666 "ndroid.systemui" 12c6a000
           <...>-1666  [004] .... 11105.267945: do_anonymous_page: anonymous tgid 1666 1666 "ndroid.systemui" 12c6b000
 pool-5-thread-4-5581  [004] .... 11105.268762: do_anonymous_page: anonymous tgid 1666 5581 "pool-5-thread-4" 12f00000
           <...>-1666  [004] .... 11105.293568: do_anonymous_page: anonymous tgid 1666 1666 "ndroid.systemui" 12c6c000
           <...>-1666  [004] .... 11105.293821: do_anonymous_page: anonymous tgid 1666 1666 "ndroid.systemui" 12c6d000
 PowerManagerSer-1384  [004] .... 11105.653003: do_anonymous_page: anonymous tgid 1336 1384 "PowerManagerSer" 13981000
     mdxSsdp23-2-6030  [004] .... 11105.988277: do_anonymous_page: anonymous tgid 5862 6030 "mdxSsdp23-2" 12d81000
  ClientModeImpl-1485  [004] .... 11106.373028: do_anonymous_page: anonymous tgid 1336 1485 "ClientModeImpl" 1391d000
  ClientModeImpl-1485  [004] .... 11106.373235: do_anonymous_page: anonymous tgid 1336 1485 "ClientModeImpl" 1391e000
  ClientModeImpl-1485  [004] .... 11106.373429: do_anonymous_page: anonymous tgid 1336 1485 "ClientModeImpl" 1391f000
 wifi_ext@1.0-se-2906  [004] .... 11106.374476: do_anonymous_page: anonymous tgid 825 2906 "wifi_ext@1.0-se" 7fb9e35000
 wifi_ext@1.0-se-2906  [004] .... 11106.374493: do_anonymous_page: anonymous tgid 825 2906 "wifi_ext@1.0-se" 7fb9e36000
 wifi_ext@1.0-se-2906  [004] .... 11106.374540: do_anonymous_page: anonymous tgid 825 2906 "wifi_ext@1.0-se" 7fb9e37000
 wifi_ext@1.0-se-2906  [004] .... 11106.374547: do_anonymous_page: anonymous tgid 825 2906 "wifi_ext@1.0-se" 7fb9e38000
 wifi_ext@1.0-se-2906  [004] .... 11106.374553: do_anonymous_page: anonymous tgid 825 2906 "wifi_ext@1.0-se" 7fb9e39000
  ClientModeImpl-1485  [004] .... 11106.376206: do_anonymous_page: anonymous tgid 1336 1485 "ClientModeImpl" 13920000
  ClientModeImpl-1485  [004] .... 11106.376477: do_anonymous_page: anonymous tgid 1336 1485 "ClientModeImpl" 13921000
  ClientModeImpl-1485  [004] .... 11106.376556: do_anonymous_page: anonymous tgid 1336 1485 "ClientModeImpl" 13922000
  ClientModeImpl-1485  [004] .... 11106.377490: do_anonymous_page: anonymous tgid 1336 1485 "ClientModeImpl" 13923000
 PowerManagerSer-1384  [004] .... 11106.574300: do_anonymous_page: anonymous tgid 1336 1384 "PowerManagerSer" 13982000
 .gms.persistent-2266  [004] .... 11106.643344: do_anonymous_page: anonymous tgid 2266 2266 ".gms.persistent" 13646000
 NearbyDiscovery-5438  [004] .... 11106.643935: do_anonymous_page: anonymous tgid 2266 5438 "NearbyDiscovery" 13253000
 PowerManagerSer-1384  [004] .... 11107.497546: do_anonymous_page: anonymous tgid 1336 1384 "PowerManagerSer" 13983000
    BG Thread #5-5897  [004] .... 11108.257375: do_anonymous_page: anonymous tgid 5862 5897 "BG Thread #5" 1314c000
    BG Thread #5-5897  [004] .... 11108.258964: do_anonymous_page: anonymous tgid 5862 5897 "BG Thread #5" 1314d000
 PowerManagerSer-1384  [004] .... 11108.521483: do_anonymous_page: anonymous tgid 1336 1384 "PowerManagerSer" 13984000
 gle.android.gms-2586  [004] .... 11108.547127: do_anonymous_page: anonymous tgid 2586 2586 "gle.android.gms" 12d46000
  ClientModeImpl-1485  [004] .... 11109.391854: do_anonymous_page: anonymous tgid 1336 1485 "ClientModeImpl" 13924000
  ClientModeImpl-1485  [004] .... 11109.392057: do_anonymous_page: anonymous tgid 1336 1485 "ClientModeImpl" 13925000
  ClientModeImpl-1485  [004] .... 11109.392211: do_anonymous_page: anonymous tgid 1336 1485 "ClientModeImpl" 13926000
  ClientModeImpl-1485  [004] .... 11109.395526: do_anonymous_page: anonymous tgid 1336 1485 "ClientModeImpl" 13927000
  ClientModeImpl-1485  [004] .... 11109.395817: do_anonymous_page: anonymous tgid 1336 1485 "ClientModeImpl" 13928000
  ClientModeImpl-1485  [004] .... 11109.395924: do_anonymous_page: anonymous tgid 1336 1485 "ClientModeImpl" 13929000
 PowerManagerSer-1384  [004] .... 11109.440706: do_anonymous_page: anonymous tgid 1336 1384 "PowerManagerSer" 13985000
 HwBinder:5767_1-5807  [004] .... 11109.729041: do_anonymous_page: anonymous tgid 5767 5807 "HwBinder:5767_1" 7eca132000
 BT Service Call-5794  [004] .... 11109.729861: do_anonymous_page: anonymous tgid 5767 5794 "BT Service Call" 12e22000
 PowerManagerSer-1384  [004] .... 11110.363317: do_anonymous_page: anonymous tgid 1336 1384 "PowerManagerSer" 13986000
     lowpool[51]-11108 [004] .... 11110.378014: do_anonymous_page: anonymous tgid 2266 11108 "lowpool[51]" 1382e000
     lowpool[51]-11108 [004] .... 11110.378221: do_anonymous_page: anonymous tgid 2266 11108 "lowpool[51]" 7ec5677000
     lowpool[51]-11108 [004] .... 11110.378237: do_anonymous_page: anonymous tgid 2266 11108 "lowpool[51]" 7ec5676000
      Thread-136-12215 [004] .... 11110.378756: do_anonymous_page: anonymous tgid 2266 12215 "Thread-136" 7ec5675000
      Thread-136-12215 [004] .... 11110.378905: do_anonymous_page: anonymous tgid 2266 12215 "Thread-136" 7f31142000
      Thread-136-12215 [004] .... 11110.378922: do_anonymous_page: anonymous tgid 2266 12215 "Thread-136" 7ec5674000
      Thread-136-12215 [004] .... 11110.378976: do_anonymous_page: anonymous tgid 2266 12215 "Thread-136" 13680000
      Thread-136-12215 [004] .... 11110.379200: do_anonymous_page: anonymous tgid 2266 12215 "Thread-136" 13681000
      Thread-136-12215 [004] .... 11110.415600: do_anonymous_page: anonymous tgid 2266 12215 "Thread-136" 7ec5673000
 GlobalDispatchi-2666  [004] .... 11110.601066: do_anonymous_page: anonymous tgid 2586 2666 "GlobalDispatchi" 13040000
      lowpool[8]-5562  [004] .... 11110.601710: do_anonymous_page: anonymous tgid 2586 5562 "lowpool[8]" 7ec2e98000
      lowpool[8]-5562  [004] .... 11110.601731: do_anonymous_page: anonymous tgid 2586 5562 "lowpool[8]" 7ec2e97000
      Thread-182-12216 [004] .... 11110.602383: do_anonymous_page: anonymous tgid 2586 12216 "Thread-182" 7ec2e96000
      Thread-182-12216 [004] .... 11110.602532: do_anonymous_page: anonymous tgid 2586 12216 "Thread-182" 7f3080f000
      Thread-182-12216 [004] .... 11110.602548: do_anonymous_page: anonymous tgid 2586 12216 "Thread-182" 7ec2e95000
      Thread-182-12216 [004] .... 11110.602587: do_anonymous_page: anonymous tgid 2586 12216 "Thread-182" 13080000
      Thread-182-12216 [004] .... 11110.639318: do_anonymous_page: anonymous tgid 2586 12216 "Thread-182" 7ec2e94000
 PowerManagerSer-1384  [004] .... 11111.386559: do_anonymous_page: anonymous tgid 1336 1384 "PowerManagerSer" 13987000
     ChromiumNet-5958  [004] .... 11111.900055: do_anonymous_page: anonymous tgid 5862 5958 "ChromiumNet" 7e4fa16000
 PowerManagerSer-1384  [004] .... 11112.308553: do_anonymous_page: anonymous tgid 1336 1384 "PowerManagerSer" 13988000
  ClientModeImpl-1485  [004] .... 11112.410903: do_anonymous_page: anonymous tgid 1336 1485 "ClientModeImpl" 1392a000
  ClientModeImpl-1485  [004] .... 11112.411134: do_anonymous_page: anonymous tgid 1336 1485 "ClientModeImpl" 1392b000
  ClientModeImpl-1485  [004] .... 11112.411391: do_anonymous_page: anonymous tgid 1336 1485 "ClientModeImpl" 1392c000
  ClientModeImpl-1485  [004] .... 11112.411504: do_anonymous_page: anonymous tgid 1336 1485 "ClientModeImpl" 1392d000
  ClientModeImpl-1485  [004] .... 11112.414944: do_anonymous_page: anonymous tgid 1336 1485 "ClientModeImpl" 1392e000
  ClientModeImpl-1485  [004] .... 11112.415008: do_anonymous_page: anonymous tgid 1336 1485 "ClientModeImpl" 1392f000
  ClientModeImpl-1485  [004] .... 11112.416106: do_anonymous_page: anonymous tgid 1336 1485 "ClientModeImpl" 13930000
 PowerManagerSer-1384  [004] .... 11113.229071: do_anonymous_page: anonymous tgid 1336 1384 "PowerManagerSer" 13989000
     mdxSsdp23-2-6030  [004] .... 11113.977786: do_anonymous_page: anonymous tgid 5862 6030 "mdxSsdp23-2" 12d82000
     mdxSsdp23-2-6030  [004] .... 11113.983032: do_anonymous_page: anonymous tgid 5862 6030 "mdxSsdp23-2" 12d83000
 PowerManagerSer-1384  [004] .... 11114.252046: do_anonymous_page: anonymous tgid 1336 1384 "PowerManagerSer" 1398a000
     mdxSsdp23-1-6029  [004] .... 11114.283259: do_anonymous_page: anonymous tgid 5862 6029 "mdxSsdp23-1" 132ca000
        Thread-3-11268 [004] .... 11114.617672: do_anonymous_page: anonymous tgid 11210 11268 "Thread-3" 12c70000
 PowerManagerSer-1384  [004] .... 11115.174058: do_anonymous_page: anonymous tgid 1336 1384 "PowerManagerSer" 1398b000
  ClientModeImpl-1485  [004] .... 11115.430526: do_anonymous_page: anonymous tgid 1336 1485 "ClientModeImpl" 13931000
  ClientModeImpl-1485  [004] .... 11115.430724: do_anonymous_page: anonymous tgid 1336 1485 "ClientModeImpl" 13932000
  ClientModeImpl-1485  [004] .... 11115.430884: do_anonymous_page: anonymous tgid 1336 1485 "ClientModeImpl" 13933000
  ClientModeImpl-1485  [004] .... 11115.434124: do_anonymous_page: anonymous tgid 1336 1485 "ClientModeImpl" 13934000
  ClientModeImpl-1485  [004] .... 11115.434395: do_anonymous_page: anonymous tgid 1336 1485 "ClientModeImpl" 13935000
  ClientModeImpl-1485  [004] .... 11115.434486: do_anonymous_page: anonymous tgid 1336 1485 "ClientModeImpl" 13936000
      lowpool[8]-5562  [004] .... 11115.736961: do_anonymous_page: anonymous tgid 2586 5562 "lowpool[8]" 12ccb000
 PowerManagerSer-1384  [004] .... 11116.095447: do_anonymous_page: anonymous tgid 1336 1384 "PowerManagerSer" 1398c000
 DeviceStorageMo-1510  [004] .... 11117.068277: do_anonymous_page: anonymous tgid 1336 1510 "DeviceStorageMo" 13101000
 PowerManagerSer-1384  [004] .... 11117.120653: do_anonymous_page: anonymous tgid 1336 1384 "PowerManagerSer" 1398d000
 PowerManagerSer-1384  [004] .... 11118.041306: do_anonymous_page: anonymous tgid 1336 1384 "PowerManagerSer" 1398e000
  ClientModeImpl-1485  [004] .... 11118.440180: do_anonymous_page: anonymous tgid 1336 1485 "ClientModeImpl" 13937000
  ClientModeImpl-1485  [004] .... 11118.451585: do_anonymous_page: anonymous tgid 1336 1485 "ClientModeImpl" 13938000
  ClientModeImpl-1485  [004] .... 11118.451789: do_anonymous_page: anonymous tgid 1336 1485 "ClientModeImpl" 13939000
  ClientModeImpl-1485  [004] .... 11118.451921: do_anonymous_page: anonymous tgid 1336 1485 "ClientModeImpl" 1393a000
  ClientModeImpl-1485  [004] .... 11118.455155: do_anonymous_page: anonymous tgid 1336 1485 "ClientModeImpl" 1393b000
  ClientModeImpl-1485  [004] .... 11118.455327: do_anonymous_page: anonymous tgid 1336 1485 "ClientModeImpl" 1393c000
  ClientModeImpl-1485  [004] .... 11118.455434: do_anonymous_page: anonymous tgid 1336 1485 "ClientModeImpl" 1393d000
 PowerManagerSer-1384  [004] .... 11118.962958: do_anonymous_page: anonymous tgid 1336 1384 "PowerManagerSer" 1398f000
           <...>-5862  [004] .... 11119.190977: do_anonymous_page: anonymous tgid 5862 5862 "android.youtube" 134a0000
 PowerManagerSer-1384  [004] .... 11119.885472: do_anonymous_page: anonymous tgid 1336 1384 "PowerManagerSer" 13990000
 PowerManagerSer-1384  [004] .... 11120.909185: do_anonymous_page: anonymous tgid 1336 1384 "PowerManagerSer" 13991000
  ClientModeImpl-1485  [004] .... 11121.470634: do_anonymous_page: anonymous tgid 1336 1485 "ClientModeImpl" 1393e000
  ClientModeImpl-1485  [004] .... 11121.470847: do_anonymous_page: anonymous tgid 1336 1485 "ClientModeImpl" 1393f000
  ClientModeImpl-1485  [004] .... 11121.471048: do_anonymous_page: anonymous tgid 1336 1485 "ClientModeImpl" 139c0000
  ClientModeImpl-1485  [004] .... 11121.474352: do_anonymous_page: anonymous tgid 1336 1485 "ClientModeImpl" 139c1000
  ClientModeImpl-1485  [004] .... 11121.474661: do_anonymous_page: anonymous tgid 1336 1485 "ClientModeImpl" 139c2000
  ClientModeImpl-1485  [004] .... 11121.474728: do_anonymous_page: anonymous tgid 1336 1485 "ClientModeImpl" 139c3000
  ClientModeImpl-1485  [004] .... 11121.475561: do_anonymous_page: anonymous tgid 1336 1485 "ClientModeImpl" 139c4000
 PowerManagerSer-1384  [004] .... 11121.830255: do_anonymous_page: anonymous tgid 1336 1384 "PowerManagerSer" 13992000
 PowerManagerSer-1384  [004] .... 11122.750449: do_anonymous_page: anonymous tgid 1336 1384 "PowerManagerSer" 13993000
   Binder:1336_1-1354  [004] .... 11123.310537: do_anonymous_page: anonymous tgid 1336 1354 "Binder:1336_1" 135a4000
 PowerManagerSer-1384  [004] .... 11123.773777: do_anonymous_page: anonymous tgid 1336 1384 "PowerManagerSer" 13994000
     mdxSsdp23-2-6030  [004] .... 11123.975102: do_anonymous_page: anonymous tgid 5862 6030 "mdxSsdp23-2" 12d84000
     mdxSsdp23-2-6030  [004] .... 11123.982862: do_anonymous_page: anonymous tgid 5862 6030 "mdxSsdp23-2" 12d85000
  ClientModeImpl-1485  [004] .... 11124.488766: do_anonymous_page: anonymous tgid 1336 1485 "ClientModeImpl" 139c5000
  ClientModeImpl-1485  [004] .... 11124.488967: do_anonymous_page: anonymous tgid 1336 1485 "ClientModeImpl" 139c6000
  ClientModeImpl-1485  [004] .... 11124.489128: do_anonymous_page: anonymous tgid 1336 1485 "ClientModeImpl" 139c7000
  ClientModeImpl-1485  [004] .... 11124.492068: do_anonymous_page: anonymous tgid 1336 1485 "ClientModeImpl" 139c8000
  ClientModeImpl-1485  [004] .... 11124.492295: do_anonymous_page: anonymous tgid 1336 1485 "ClientModeImpl" 139c9000
  ClientModeImpl-1485  [004] .... 11124.492415: do_anonymous_page: anonymous tgid 1336 1485 "ClientModeImpl" 139ca000
 PowerManagerSer-1384  [004] .... 11124.695793: do_anonymous_page: anonymous tgid 1336 1384 "PowerManagerSer" 13995000
    BG Thread #8-5900  [004] .... 11124.842543: do_anonymous_page: anonymous tgid 5862 5900 "BG Thread #8" 135e9000
   BG Thread #15-5983  [004] .... 11124.843047: do_anonymous_page: anonymous tgid 5862 5983 "BG Thread #15" 133c7000
   BG Thread #11-5979  [004] .... 11124.843333: do_anonymous_page: anonymous tgid 5862 5979 "BG Thread #11" 130c9000
 NasModemEndPoin-1539  [004] .... 11124.846894: do_anonymous_page: anonymous tgid 917 1539 "NasModemEndPoin" 7fb0d03000
     ChromiumNet-5974  [004] .... 11124.860846: do_anonymous_page: anonymous tgid 5862 5974 "ChromiumNet" 13603000
   BG Thread #11-5979  [004] .... 11124.861153: do_anonymous_page: anonymous tgid 5862 5979 "BG Thread #11" 130ca000
   BG Thread #15-5983  [004] .... 11124.861524: do_anonymous_page: anonymous tgid 5862 5983 "BG Thread #15" 133c8000
   BG Thread #15-5983  [004] .... 11124.863196: do_anonymous_page: anonymous tgid 5862 5983 "BG Thread #15" 133c9000
    BG Thread #5-5897  [004] .... 11124.905328: do_anonymous_page: anonymous tgid 5862 5897 "BG Thread #5" 1314e000
 PowerManagerSer-1384  [004] .... 11125.617657: do_anonymous_page: anonymous tgid 1336 1384 "PowerManagerSer" 13996000
           <...>-1666  [004] .... 11125.742281: do_anonymous_page: anonymous tgid 1666 1666 "ndroid.systemui" 12c6e000
           <...>-1666  [004] .... 11125.742891: do_anonymous_page: anonymous tgid 1666 1666 "ndroid.systemui" 12c6f000
           <...>-1666  [004] .... 11125.743170: do_anonymous_page: anonymous tgid 1666 1666 "ndroid.systemui" 12c70000
           <...>-1666  [004] .... 11125.747226: do_anonymous_page: anonymous tgid 1666 1666 "ndroid.systemui" 12c71000
           <...>-1666  [004] .... 11125.748022: do_anonymous_page: anonymous tgid 1666 1666 "ndroid.systemui" 12c72000
           <...>-1666  [004] .... 11125.748447: do_anonymous_page: anonymous tgid 1666 1666 "ndroid.systemui" 12c73000
           <...>-1666  [004] .... 11125.748720: do_anonymous_page: anonymous tgid 1666 1666 "ndroid.systemui" 12c74000
           <...>-1666  [004] .... 11125.749010: do_anonymous_page: anonymous tgid 1666 1666 "ndroid.systemui" 12c75000
           <...>-1666  [004] .... 11125.760011: do_anonymous_page: anonymous tgid 1666 1666 "ndroid.systemui" 12c76000
 composer@2.3-se-606   [004] .... 11125.771849: do_anonymous_page: anonymous tgid 606 606 "composer@2.3-se" 7fbce80000
 composer@2.3-se-606   [004] .... 11125.771874: do_anonymous_page: anonymous tgid 606 606 "composer@2.3-se" 7fbce7f000
 composer@2.3-se-606   [004] .... 11125.771880: do_anonymous_page: anonymous tgid 606 606 "composer@2.3-se" 7fbce7e000
 composer@2.3-se-606   [004] .... 11125.771888: do_anonymous_page: anonymous tgid 606 606 "composer@2.3-se" 7fbce7d000
 composer@2.3-se-606   [004] .... 11125.771893: do_anonymous_page: anonymous tgid 606 606 "composer@2.3-se" 7fbce7c000
 composer@2.3-se-606   [004] .... 11125.772216: do_anonymous_page: anonymous tgid 606 606 "composer@2.3-se" 7fbce84000
 composer@2.3-se-606   [004] .... 11125.772227: do_anonymous_page: anonymous tgid 606 606 "composer@2.3-se" 7fbce85000
 composer@2.3-se-606   [004] .... 11125.772233: do_anonymous_page: anonymous tgid 606 606 "composer@2.3-se" 7fbce86000
 composer@2.3-se-606   [004] .... 11125.772240: do_anonymous_page: anonymous tgid 606 606 "composer@2.3-se" 7fbce87000
 composer@2.3-se-606   [004] .... 11125.772246: do_anonymous_page: anonymous tgid 606 606 "composer@2.3-se" 7fbce88000
           <...>-1666  [004] .... 11125.775444: do_anonymous_page: anonymous tgid 1666 1666 "ndroid.systemui" 12c77000
 android.display-1361  [004] .... 11125.796201: do_anonymous_page: anonymous tgid 1336 1361 "android.display" 131e6000
 android.display-1361  [004] .... 11125.796309: do_anonymous_page: anonymous tgid 1336 1361 "android.display" 131e7000
 android.display-1361  [004] .... 11125.796323: do_anonymous_page: anonymous tgid 1336 1361 "android.display" 131e8000
 m.android.phone-1896  [004] .... 11125.804987: do_anonymous_page: anonymous tgid 1896 1896 "m.android.phone" 14193000
 droid.bluetooth-5767  [004] .... 11125.805149: do_anonymous_page: anonymous tgid 5767 5767 "droid.bluetooth" 12c48000
 ScreenDecoratio-2250  [004] .... 11125.805618: do_anonymous_page: anonymous tgid 1666 2250 "ScreenDecoratio" 12e9a000
  UiThreadHelper-2061  [004] .... 11125.805908: do_anonymous_page: anonymous tgid 2000 2061 "UiThreadHelper" 12cc8000
 ScreenDecoratio-2250  [004] .... 11125.806619: do_anonymous_page: anonymous tgid 1666 2250 "ScreenDecoratio" 12e9b000
     logd.writer-568   [004] .... 11125.806868: do_anonymous_page: anonymous tgid 557 568 "logd.writer" 7fb43c7000
           <...>-1666  [004] .... 11125.810329: do_anonymous_page: anonymous tgid 1666 1666 "ndroid.systemui" 12c78000
  Binder:1336_13-5383  [004] .... 11125.816294: do_anonymous_page: anonymous tgid 1336 5383 "Binder:1336_13" 13484000
 ScreenDecoratio-2250  [004] .... 11125.817153: do_anonymous_page: anonymous tgid 1666 2250 "ScreenDecoratio" 12e9c000
 ScreenDecoratio-2250  [004] .... 11125.818471: do_anonymous_page: anonymous tgid 1666 2250 "ScreenDecoratio" 12e9d000
 ScreenDecoratio-2250  [004] .... 11125.818575: do_anonymous_page: anonymous tgid 1666 2250 "ScreenDecoratio" 12e9e000
 PowerManagerSer-1384  [004] .... 11126.642813: do_anonymous_page: anonymous tgid 1336 1384 "PowerManagerSer" 13997000
  ClientModeImpl-1485  [004] .... 11127.497646: do_anonymous_page: anonymous tgid 1336 1485 "ClientModeImpl" 139cb000
  ClientModeImpl-1485  [004] .... 11127.508483: do_anonymous_page: anonymous tgid 1336 1485 "ClientModeImpl" 139cc000
  ClientModeImpl-1485  [004] .... 11127.508711: do_anonymous_page: anonymous tgid 1336 1485 "ClientModeImpl" 139cd000
  ClientModeImpl-1485  [004] .... 11127.508839: do_anonymous_page: anonymous tgid 1336 1485 "ClientModeImpl" 139ce000
  ClientModeImpl-1485  [004] .... 11127.511815: do_anonymous_page: anonymous tgid 1336 1485 "ClientModeImpl" 139cf000
  ClientModeImpl-1485  [004] .... 11127.511891: do_anonymous_page: anonymous tgid 1336 1485 "ClientModeImpl" 139d0000
  ClientModeImpl-1485  [004] .... 11127.511991: do_anonymous_page: anonymous tgid 1336 1485 "ClientModeImpl" 139d1000
 PowerManagerSer-1384  [004] .... 11127.564541: do_anonymous_page: anonymous tgid 1336 1384 "PowerManagerSer" 13998000
    BG Thread #5-5897  [004] .... 11128.251151: do_anonymous_page: anonymous tgid 5862 5897 "BG Thread #5" 1314f000
    BG Thread #5-5897  [004] .... 11128.268066: do_anonymous_page: anonymous tgid 5862 5897 "BG Thread #5" 13150000
    BG Thread #5-5897  [004] .... 11128.268382: do_anonymous_page: anonymous tgid 5862 5897 "BG Thread #5" 13151000
    BG Thread #5-5897  [004] .... 11128.268910: do_anonymous_page: anonymous tgid 5862 5897 "BG Thread #5" 13152000
   BG Thread #11-5979  [004] .... 11128.269618: do_anonymous_page: anonymous tgid 5862 5979 "BG Thread #11" 130cb000
    BG Thread #5-5897  [004] .... 11128.271926: do_anonymous_page: anonymous tgid 5862 5897 "BG Thread #5" 13153000
   BG Thread #11-5979  [004] .... 11128.272579: do_anonymous_page: anonymous tgid 5862 5979 "BG Thread #11" 130cc000
   BG Thread #11-5979  [004] .... 11128.273592: do_anonymous_page: anonymous tgid 5862 5979 "BG Thread #11" 130cd000
   BG Thread #11-5979  [004] .... 11128.273824: do_anonymous_page: anonymous tgid 5862 5979 "BG Thread #11" 130ce000
 cronet-ui-inner-5916  [004] .... 11128.274826: do_anonymous_page: anonymous tgid 5862 5916 "cronet-ui-inner" 13680000
 cronet-ui-inner-5916  [004] .... 11128.275117: do_anonymous_page: anonymous tgid 5862 5916 "cronet-ui-inner" 13681000
 cronet-ui-inner-5916  [004] .... 11128.276194: do_anonymous_page: anonymous tgid 5862 5916 "cronet-ui-inner" 13682000
 cronet-ui-inner-5916  [004] .... 11128.276612: do_anonymous_page: anonymous tgid 5862 5916 "cronet-ui-inner" 13683000
            netd-1103  [004] .... 11128.279901: do_anonymous_page: anonymous tgid 785 1103 "netd" 7fae321000
            netd-1103  [004] .... 11128.279925: do_anonymous_page: anonymous tgid 785 1103 "netd" 7fae320000
            netd-12217 [004] .... 11128.280343: do_anonymous_page: anonymous tgid 785 12217 "netd" 7fae31e000
            netd-12217 [004] .... 11128.280362: do_anonymous_page: anonymous tgid 785 12217 "netd" 7fae31d000
            netd-12217 [004] .... 11128.280408: do_anonymous_page: anonymous tgid 785 12217 "netd" 7fbcd22000
            netd-12217 [004] .... 11128.280424: do_anonymous_page: anonymous tgid 785 12217 "netd" 7fae31f000
            netd-12217 [004] .... 11128.280440: do_anonymous_page: anonymous tgid 785 12217 "netd" 7fbcd30000
            netd-12217 [004] .... 11128.280443: do_anonymous_page: anonymous tgid 785 12217 "netd" 7fbcd31000
            netd-12217 [004] .... 11128.280446: do_anonymous_page: anonymous tgid 785 12217 "netd" 7fbcd32000
            netd-12217 [004] .... 11128.280450: do_anonymous_page: anonymous tgid 785 12217 "netd" 7fbcd33000
            netd-12217 [004] .... 11128.280464: do_anonymous_page: anonymous tgid 785 12217 "netd" 7fbcd4c000
            netd-12217 [004] .... 11128.280467: do_anonymous_page: anonymous tgid 785 12217 "netd" 7fbcd4d000
            netd-12217 [004] .... 11128.280470: do_anonymous_page: anonymous tgid 785 12217 "netd" 7fbcd4e000
            netd-12217 [004] .... 11128.280474: do_anonymous_page: anonymous tgid 785 12217 "netd" 7fbcd4a000
            netd-12217 [004] .... 11128.280497: do_anonymous_page: anonymous tgid 785 12217 "netd" 7fae31c000
   BG Thread #11-5979  [004] .... 11128.283678: do_anonymous_page: anonymous tgid 5862 5979 "BG Thread #11" 130cf000
 queued-work-loo-6016  [004] .... 11128.376046: do_anonymous_page: anonymous tgid 5862 6016 "queued-work-loo" 778b6000
 queued-work-loo-6016  [004] .... 11128.376076: do_anonymous_page: anonymous tgid 5862 6016 "queued-work-loo" 778c7000
 queued-work-loo-6016  [004] .... 11128.376269: do_anonymous_page: anonymous tgid 5862 6016 "queued-work-loo" 778b7000
 queued-work-loo-6016  [004] .... 11128.376331: do_anonymous_page: anonymous tgid 5862 6016 "queued-work-loo" 778b8000
 queued-work-loo-6016  [004] .... 11128.376377: do_anonymous_page: anonymous tgid 5862 6016 "queued-work-loo" 778b9000
 queued-work-loo-6016  [004] .... 11128.376420: do_anonymous_page: anonymous tgid 5862 6016 "queued-work-loo" 778ba000
 queued-work-loo-6016  [004] .... 11128.376466: do_anonymous_page: anonymous tgid 5862 6016 "queued-work-loo" 778bb000
 queued-work-loo-6016  [004] .... 11128.376512: do_anonymous_page: anonymous tgid 5862 6016 "queued-work-loo" 778bc000
 queued-work-loo-6016  [004] .... 11128.376555: do_anonymous_page: anonymous tgid 5862 6016 "queued-work-loo" 778bd000
 queued-work-loo-6016  [004] .... 11128.376595: do_anonymous_page: anonymous tgid 5862 6016 "queued-work-loo" 778be000
 queued-work-loo-6016  [004] .... 11128.376632: do_anonymous_page: anonymous tgid 5862 6016 "queued-work-loo" 778bf000
 queued-work-loo-6016  [004] .... 11128.376669: do_anonymous_page: anonymous tgid 5862 6016 "queued-work-loo" 778c0000
 queued-work-loo-6016  [004] .... 11128.376713: do_anonymous_page: anonymous tgid 5862 6016 "queued-work-loo" 778c1000
 queued-work-loo-6016  [004] .... 11128.376760: do_anonymous_page: anonymous tgid 5862 6016 "queued-work-loo" 778c2000
 queued-work-loo-6016  [004] .... 11128.376805: do_anonymous_page: anonymous tgid 5862 6016 "queued-work-loo" 778c3000
 queued-work-loo-6016  [004] .... 11128.376844: do_anonymous_page: anonymous tgid 5862 6016 "queued-work-loo" 778c4000
 queued-work-loo-6016  [004] .... 11128.376884: do_anonymous_page: anonymous tgid 5862 6016 "queued-work-loo" 778c5000
 queued-work-loo-6016  [004] .... 11128.376966: do_anonymous_page: anonymous tgid 5862 6016 "queued-work-loo" 778c8000
 queued-work-loo-6016  [004] .... 11128.376993: do_anonymous_page: anonymous tgid 5862 6016 "queued-work-loo" 778c9000
 queued-work-loo-6016  [004] .... 11128.377018: do_anonymous_page: anonymous tgid 5862 6016 "queued-work-loo" 778ca000
 queued-work-loo-6016  [004] .... 11128.377042: do_anonymous_page: anonymous tgid 5862 6016 "queued-work-loo" 778cb000
 queued-work-loo-6016  [004] .... 11128.377066: do_anonymous_page: anonymous tgid 5862 6016 "queued-work-loo" 778cc000
 queued-work-loo-6016  [004] .... 11128.377091: do_anonymous_page: anonymous tgid 5862 6016 "queued-work-loo" 778cd000
 queued-work-loo-6016  [004] .... 11128.377116: do_anonymous_page: anonymous tgid 5862 6016 "queued-work-loo" 778ce000
     ChromiumNet-5958  [004] .... 11128.447464: do_anonymous_page: anonymous tgid 5862 5958 "ChromiumNet" 13202000
     ChromiumNet-5958  [004] .... 11128.447547: do_anonymous_page: anonymous tgid 5862 5958 "ChromiumNet" 73255000
     ChromiumNet-5958  [004] .... 11128.447804: do_anonymous_page: anonymous tgid 5862 5958 "ChromiumNet" 7eb500b000
 cronet-ui-inner-5915  [004] .... 11128.448793: do_anonymous_page: anonymous tgid 5862 5915 "cronet-ui-inner" 136c0000
 cronet-ui-inner-5915  [004] .... 11128.449604: do_anonymous_page: anonymous tgid 5862 5915 "cronet-ui-inner" 136c1000
