 android.youtube-5862  [004] .... 12167.860216: do_anonymous_page: anonymous tgid 5862 5862 "android.youtube" 7eb8396000
 android.youtube-5862  [004] .... 12167.860218: do_anonymous_page: anonymous tgid 5862 5862 "android.youtube" 7eb8397000
 android.youtube-5862  [004] .... 12167.860236: do_anonymous_page: anonymous tgid 5862 5862 "android.youtube" 7eb83e9000
 android.youtube-5862  [004] .... 12167.860376: do_anonymous_page: anonymous tgid 5862 5862 "android.youtube" 12dd4000
 android.youtube-5862  [004] .... 12167.861563: do_anonymous_page: anonymous tgid 5862 5862 "android.youtube" 12dd5000
 android.youtube-5862  [004] .... 12167.862193: do_anonymous_page: anonymous tgid 5862 5862 "android.youtube" 12dd6000
 android.youtube-5862  [004] .... 12167.862387: do_anonymous_page: anonymous tgid 5862 5862 "android.youtube" 12dd7000
 android.youtube-5862  [004] .... 12167.862597: do_anonymous_page: anonymous tgid 5862 5862 "android.youtube" 12dd8000
 android.youtube-5862  [004] .... 12167.862703: do_anonymous_page: anonymous tgid 5862 5862 "android.youtube" 12dd9000
 android.youtube-5862  [004] .... 12167.862860: do_anonymous_page: anonymous tgid 5862 5862 "android.youtube" 12dda000
           <...>-1666  [004] .... 12167.864039: do_anonymous_page: anonymous tgid 1666 1666 "ndroid.systemui" 131ea000
   Binder:1336_6-1804  [004] .... 12167.864738: do_anonymous_page: anonymous tgid 1336 1804 "Binder:1336_6" 7f33e44000
 ExoPlayer:Playb-5971  [004] .... 12167.865323: do_anonymous_page: anonymous tgid 5862 5971 "ExoPlayer:Playb" 131c0000
 ScreenDecoratio-2250  [004] .... 12167.865809: do_anonymous_page: anonymous tgid 1666 2250 "ScreenDecoratio" 1320c000
 android.youtube-5862  [004] .... 12167.866533: do_anonymous_page: anonymous tgid 5862 5862 "android.youtube" 12ddb000
 android.youtube-5862  [004] .... 12167.866611: do_anonymous_page: anonymous tgid 5862 5862 "android.youtube" 12ddc000
 android.youtube-5862  [004] .... 12167.866638: do_anonymous_page: anonymous tgid 5862 5862 "android.youtube" 12ddd000
 android.youtube-5862  [004] .... 12167.866679: do_anonymous_page: anonymous tgid 5862 5862 "android.youtube" 12dde000
 android.youtube-5862  [004] .... 12167.866700: do_anonymous_page: anonymous tgid 5862 5862 "android.youtube" 12ddf000
 android.youtube-5862  [004] .... 12167.866730: do_anonymous_page: anonymous tgid 5862 5862 "android.youtube" 12de0000
 android.youtube-5862  [004] .... 12167.866769: do_anonymous_page: anonymous tgid 5862 5862 "android.youtube" 12de1000
 android.youtube-5862  [004] .... 12167.866788: do_anonymous_page: anonymous tgid 5862 5862 "android.youtube" 12de2000
 android.youtube-5862  [004] .... 12167.866819: do_anonymous_page: anonymous tgid 5862 5862 "android.youtube" 12de3000
 android.youtube-5862  [004] .... 12167.866847: do_anonymous_page: anonymous tgid 5862 5862 "android.youtube" 12de4000
 android.youtube-5862  [004] .... 12167.866870: do_anonymous_page: anonymous tgid 5862 5862 "android.youtube" 12de5000
 android.youtube-5862  [004] .... 12167.866917: do_anonymous_page: anonymous tgid 5862 5862 "android.youtube" 12de6000
 android.youtube-5862  [004] .... 12167.866942: do_anonymous_page: anonymous tgid 5862 5862 "android.youtube" 12de7000
 android.youtube-5862  [004] .... 12167.866964: do_anonymous_page: anonymous tgid 5862 5862 "android.youtube" 12de8000
 android.youtube-5862  [004] .... 12167.866986: do_anonymous_page: anonymous tgid 5862 5862 "android.youtube" 12de9000
 android.youtube-5862  [004] .... 12167.867010: do_anonymous_page: anonymous tgid 5862 5862 "android.youtube" 12dea000
 android.youtube-5862  [004] .... 12167.867031: do_anonymous_page: anonymous tgid 5862 5862 "android.youtube" 12deb000
 android.youtube-5862  [004] .... 12167.867055: do_anonymous_page: anonymous tgid 5862 5862 "android.youtube" 12dec000
 android.youtube-5862  [004] .... 12167.867082: do_anonymous_page: anonymous tgid 5862 5862 "android.youtube" 12ded000
 android.youtube-5862  [004] .... 12167.867108: do_anonymous_page: anonymous tgid 5862 5862 "android.youtube" 12dee000
 android.youtube-5862  [004] .... 12167.867139: do_anonymous_page: anonymous tgid 5862 5862 "android.youtube" 12def000
 android.youtube-5862  [004] .... 12167.867159: do_anonymous_page: anonymous tgid 5862 5862 "android.youtube" 12df0000
 android.youtube-5862  [004] .... 12167.867187: do_anonymous_page: anonymous tgid 5862 5862 "android.youtube" 12df1000
 android.youtube-5862  [004] .... 12167.867223: do_anonymous_page: anonymous tgid 5862 5862 "android.youtube" 12df2000
 android.youtube-5862  [004] .... 12167.867244: do_anonymous_page: anonymous tgid 5862 5862 "android.youtube" 12df3000
 android.youtube-5862  [004] .... 12167.867289: do_anonymous_page: anonymous tgid 5862 5862 "android.youtube" 12df4000
 android.youtube-5862  [004] .... 12167.867338: do_anonymous_page: anonymous tgid 5862 5862 "android.youtube" 12df5000
 android.youtube-5862  [004] .... 12167.867377: do_anonymous_page: anonymous tgid 5862 5862 "android.youtube" 12df6000
 android.youtube-5862  [004] .... 12167.867451: do_anonymous_page: anonymous tgid 5862 5862 "android.youtube" 12df7000
 android.youtube-5862  [004] .... 12167.867508: do_anonymous_page: anonymous tgid 5862 5862 "android.youtube" 12df8000
   BG Thread #15-5983  [004] .... 12167.867719: do_anonymous_page: anonymous tgid 5862 5983 "BG Thread #15" 12f73000
    BG Thread #5-5897  [004] .... 12167.868133: do_anonymous_page: anonymous tgid 5862 5897 "BG Thread #5" 13083000
 android.display-1361  [004] .... 12167.869150: do_anonymous_page: anonymous tgid 1336 1361 "android.display" 12f07000
 android.display-1361  [004] .... 12167.869200: do_anonymous_page: anonymous tgid 1336 1361 "android.display" 12f08000
 android.display-1361  [004] .... 12167.869211: do_anonymous_page: anonymous tgid 1336 1361 "android.display" 12f09000
 android.youtube-5862  [004] .... 12167.870240: do_anonymous_page: anonymous tgid 5862 5862 "android.youtube" 12df9000
 android.youtube-5862  [004] .... 12167.870494: do_anonymous_page: anonymous tgid 5862 5862 "android.youtube" 12dfa000
 android.youtube-5862  [004] .... 12167.870645: do_anonymous_page: anonymous tgid 5862 5862 "android.youtube" 12dfb000
 android.youtube-5862  [004] .... 12167.874696: do_anonymous_page: anonymous tgid 5862 5862 "android.youtube" 12dfc000
 android.youtube-5862  [004] .... 12167.874896: do_anonymous_page: anonymous tgid 5862 5862 "android.youtube" 12dfd000
 android.youtube-5862  [004] .... 12167.874954: do_anonymous_page: anonymous tgid 5862 5862 "android.youtube" 12dfe000
 android.youtube-5862  [004] .... 12167.875159: do_anonymous_page: anonymous tgid 5862 5862 "android.youtube" 12dff000
 android.youtube-5862  [004] .... 12167.875421: do_anonymous_page: anonymous tgid 5862 5862 "android.youtube" 13200000
 android.youtube-5862  [004] .... 12167.875587: do_anonymous_page: anonymous tgid 5862 5862 "android.youtube" 13201000
 android.youtube-5862  [004] .... 12167.875780: do_anonymous_page: anonymous tgid 5862 5862 "android.youtube" 13202000
 android.youtube-5862  [004] .... 12167.875966: do_anonymous_page: anonymous tgid 5862 5862 "android.youtube" 13203000
 android.youtube-5862  [004] .... 12167.875970: do_anonymous_page: anonymous tgid 5862 5862 "android.youtube" 13204000
 android.youtube-5862  [004] .... 12167.875972: do_anonymous_page: anonymous tgid 5862 5862 "android.youtube" 13205000
 android.youtube-5862  [004] .... 12167.876073: do_anonymous_page: anonymous tgid 5862 5862 "android.youtube" 13206000
 android.youtube-5862  [004] .... 12167.876128: do_anonymous_page: anonymous tgid 5862 5862 "android.youtube" 13207000
 android.youtube-5862  [004] .... 12167.876132: do_anonymous_page: anonymous tgid 5862 5862 "android.youtube" 13208000
 android.youtube-5862  [004] .... 12167.876146: do_anonymous_page: anonymous tgid 5862 5862 "android.youtube" 13209000
 android.youtube-5862  [004] .... 12167.876222: do_anonymous_page: anonymous tgid 5862 5862 "android.youtube" 7e512a3000
 android.youtube-5862  [004] .... 12167.876228: do_anonymous_page: anonymous tgid 5862 5862 "android.youtube" 7e512a4000
 android.youtube-5862  [004] .... 12167.876231: do_anonymous_page: anonymous tgid 5862 5862 "android.youtube" 7e512a5000
   BG Thread #12-5978  [004] .... 12167.876333: do_anonymous_page: anonymous tgid 5862 5978 "BG Thread #12" 13240000
 m.android.phone-1896  [004] .... 12167.878739: do_anonymous_page: anonymous tgid 1896 1896 "m.android.phone" 142ca000
 ScreenDecoratio-2250  [004] .... 12167.879270: do_anonymous_page: anonymous tgid 1666 2250 "ScreenDecoratio" 1320d000
           <...>-1666  [004] .... 12167.880234: do_anonymous_page: anonymous tgid 1666 1666 "ndroid.systemui" 131eb000
   Binder:1336_6-1804  [004] .... 12167.880307: do_anonymous_page: anonymous tgid 1336 1804 "Binder:1336_6" 1304e000
  Binder:1336_14-5616  [004] .... 12167.880588: do_anonymous_page: anonymous tgid 1336 5616 "Binder:1336_14" 12d85000
  UiThreadHelper-2061  [004] .... 12167.880731: do_anonymous_page: anonymous tgid 2000 2061 "UiThreadHelper" 12ccb000
 android.youtube-5862  [004] .... 12167.880938: do_anonymous_page: anonymous tgid 5862 5862 "android.youtube" 1320a000
 android.youtube-5862  [004] .... 12167.881367: do_anonymous_page: anonymous tgid 5862 5862 "android.youtube" 1320b000
   BG Thread #11-5979  [004] .... 12167.881837: do_anonymous_page: anonymous tgid 5862 5979 "BG Thread #11" 13280000
  Binder:1336_1D-12104 [004] .... 12167.881956: do_anonymous_page: anonymous tgid 1336 12104 "Binder:1336_1D" 13442000
   BG Thread #12-5978  [004] .... 12167.882211: do_anonymous_page: anonymous tgid 5862 5978 "BG Thread #12" 13241000
  Binder:1336_13-5383  [004] .... 12167.882290: do_anonymous_page: anonymous tgid 1336 5383 "Binder:1336_13" 134c1000
 android.youtube-5862  [004] .... 12167.882426: do_anonymous_page: anonymous tgid 5862 5862 "android.youtube" 1320c000
   BG Thread #11-5979  [004] .... 12167.882472: do_anonymous_page: anonymous tgid 5862 5979 "BG Thread #11" 13281000
   BG Thread #11-5979  [004] .... 12167.882501: do_anonymous_page: anonymous tgid 5862 5979 "BG Thread #11" 13282000
   BG Thread #11-5979  [004] .... 12167.882534: do_anonymous_page: anonymous tgid 5862 5979 "BG Thread #11" 13283000
      android.ui-1359  [004] .... 12167.882743: do_anonymous_page: anonymous tgid 1336 1359 "android.ui" 130c1000
 ScreenDecoratio-2250  [004] .... 12167.884041: do_anonymous_page: anonymous tgid 1666 2250 "ScreenDecoratio" 1320e000
   Binder:1336_8-2009  [004] .... 12167.885462: do_anonymous_page: anonymous tgid 1336 2009 "Binder:1336_8" 7f20ef3000
   Binder:1336_8-2009  [004] .... 12167.885483: do_anonymous_page: anonymous tgid 1336 2009 "Binder:1336_8" 13540000
 sensors@2.0-ser-817   [004] .... 12167.885795: do_anonymous_page: anonymous tgid 817 817 "sensors@2.0-ser" 7fb5c1a000
 sensors@2.0-ser-817   [004] .... 12167.885802: do_anonymous_page: anonymous tgid 817 817 "sensors@2.0-ser" 7fb5c19000
 sensors@2.0-ser-817   [004] .... 12167.886661: do_anonymous_page: anonymous tgid 817 817 "sensors@2.0-ser" 7fb5b1d000
 sensors@2.0-ser-817   [004] .... 12167.886667: do_anonymous_page: anonymous tgid 817 817 "sensors@2.0-ser" 7fb5b1c000
 sensors@2.0-ser-817   [004] .... 12167.887758: do_anonymous_page: anonymous tgid 817 817 "sensors@2.0-ser" 7fb5a20000
 sensors@2.0-ser-817   [004] .... 12167.887767: do_anonymous_page: anonymous tgid 817 817 "sensors@2.0-ser" 7fb5a1f000
 sensors@2.0-ser-817   [004] .... 12167.887906: do_anonymous_page: anonymous tgid 817 817 "sensors@2.0-ser" 7fb5923000
 sensors@2.0-ser-817   [004] .... 12167.887910: do_anonymous_page: anonymous tgid 817 817 "sensors@2.0-ser" 7fb5922000
 sensors@2.0-ser-817   [004] .... 12167.888329: do_anonymous_page: anonymous tgid 817 817 "sensors@2.0-ser" 7fb5826000
 sensors@2.0-ser-817   [004] .... 12167.888334: do_anonymous_page: anonymous tgid 817 817 "sensors@2.0-ser" 7fb5825000
 ScreenDecoratio-2250  [004] .... 12167.890313: do_anonymous_page: anonymous tgid 1666 2250 "ScreenDecoratio" 1320f000
   BG Thread #12-5978  [004] .... 12167.890499: do_anonymous_page: anonymous tgid 5862 5978 "BG Thread #12" 13242000
 ScreenDecoratio-2250  [004] .... 12167.890922: do_anonymous_page: anonymous tgid 1666 2250 "ScreenDecoratio" 13210000
   BG Thread #11-5979  [004] .... 12167.891312: do_anonymous_page: anonymous tgid 5862 5979 "BG Thread #11" 13284000
     lowpool[51]-11108 [004] .... 12167.892264: do_anonymous_page: anonymous tgid 2266 11108 "CMEventHandler" 13774000
  Binder:1336_1D-12104 [004] .... 12167.892455: do_anonymous_page: anonymous tgid 1336 12104 "Binder:1336_1D" 13443000
 android.youtube-5862  [004] .... 12167.895359: do_anonymous_page: anonymous tgid 5862 5862 "android.youtube" 1320d000
  Binder:1336_17-6718  [004] .... 12167.895864: do_anonymous_page: anonymous tgid 1336 6718 "Binder:1336_17" 13002000
 android.youtube-5862  [004] .... 12167.896390: do_anonymous_page: anonymous tgid 5862 5862 "android.youtube" 1320e000
 android.youtube-5862  [004] .... 12167.896511: do_anonymous_page: anonymous tgid 5862 5862 "android.youtube" 1320f000
 android.youtube-5862  [004] .... 12167.896604: do_anonymous_page: anonymous tgid 5862 5862 "android.youtube" 13210000
 android.youtube-5862  [004] .... 12167.896726: do_anonymous_page: anonymous tgid 5862 5862 "android.youtube" 13211000
 android.youtube-5862  [004] .... 12167.896763: do_anonymous_page: anonymous tgid 5862 5862 "android.youtube" 13212000
 android.youtube-5862  [004] .... 12167.896803: do_anonymous_page: anonymous tgid 5862 5862 "android.youtube" 13213000
 android.youtube-5862  [004] .... 12167.896815: do_anonymous_page: anonymous tgid 5862 5862 "android.youtube" 13214000
 android.youtube-5862  [004] .... 12167.896836: do_anonymous_page: anonymous tgid 5862 5862 "android.youtube" 13215000
 android.youtube-5862  [004] .... 12167.896867: do_anonymous_page: anonymous tgid 5862 5862 "android.youtube" 13216000
 android.youtube-5862  [004] .... 12167.897094: do_anonymous_page: anonymous tgid 5862 5862 "android.youtube" 13217000
 android.youtube-5862  [004] .... 12167.897290: do_anonymous_page: anonymous tgid 5862 5862 "android.youtube" 13218000
 android.youtube-5862  [004] .... 12167.897520: do_anonymous_page: anonymous tgid 5862 5862 "android.youtube" 13219000
           <...>-6029  [004] .... 12167.897691: do_anonymous_page: anonymous tgid 5862 6029 "mdxSsdp23-1" 12e8e000
           <...>-6029  [004] .... 12167.898103: do_anonymous_page: anonymous tgid 5862 6029 "mdxSsdp23-1" 12e8f000
           <...>-6029  [004] .... 12167.898122: do_anonymous_page: anonymous tgid 5862 6029 "mdxSsdp23-1" 12e90000
           <...>-6029  [004] .... 12167.899059: do_anonymous_page: anonymous tgid 5862 6029 "mdxSsdp23-1" 12e91000
           <...>-6029  [004] .... 12167.899409: do_anonymous_page: anonymous tgid 5862 6029 "mdxSsdp23-1" 12e92000
           <...>-6029  [004] .... 12167.900106: do_anonymous_page: anonymous tgid 5862 6029 "mdxSsdp23-1" 12e93000
    BG Thread #8-5900  [004] .... 12167.900907: do_anonymous_page: anonymous tgid 5862 5900 "BG Thread #8" 132c0000
           <...>-6029  [004] .... 12167.901467: do_anonymous_page: anonymous tgid 5862 6029 "mdxSsdp23-1" 12e94000
    BG Thread #8-5900  [004] .... 12167.901534: do_anonymous_page: anonymous tgid 5862 5900 "BG Thread #8" 132c1000
 android.youtube-5862  [004] .... 12167.901942: do_anonymous_page: anonymous tgid 5862 5862 "android.youtube" 1321a000
 android.youtube-5862  [004] .... 12167.902113: do_anonymous_page: anonymous tgid 5862 5862 "android.youtube" 1321b000
 android.youtube-5862  [004] .... 12167.902267: do_anonymous_page: anonymous tgid 5862 5862 "android.youtube" 1321c000
 android.youtube-5862  [004] .... 12167.902306: do_anonymous_page: anonymous tgid 5862 5862 "android.youtube" 1321d000
 android.youtube-5862  [004] .... 12167.902337: do_anonymous_page: anonymous tgid 5862 5862 "android.youtube" 1321e000
 android.youtube-5862  [004] .... 12167.902368: do_anonymous_page: anonymous tgid 5862 5862 "android.youtube" 1321f000
 android.youtube-5862  [004] .... 12167.902851: do_anonymous_page: anonymous tgid 5862 5862 "android.youtube" 13220000
 android.youtube-5862  [004] .... 12167.902875: do_anonymous_page: anonymous tgid 5862 5862 "android.youtube" 13221000
 android.youtube-5862  [004] .... 12167.902902: do_anonymous_page: anonymous tgid 5862 5862 "android.youtube" 13222000
 android.youtube-5862  [004] .... 12167.902934: do_anonymous_page: anonymous tgid 5862 5862 "android.youtube" 13223000
 android.youtube-5862  [004] .... 12167.902957: do_anonymous_page: anonymous tgid 5862 5862 "android.youtube" 13224000
 android.youtube-5862  [004] .... 12167.903006: do_anonymous_page: anonymous tgid 5862 5862 "android.youtube" 13225000
 android.youtube-5862  [004] .... 12167.903054: do_anonymous_page: anonymous tgid 5862 5862 "android.youtube" 13226000
 android.youtube-5862  [004] .... 12167.903099: do_anonymous_page: anonymous tgid 5862 5862 "android.youtube" 13227000
 android.youtube-5862  [004] .... 12167.903147: do_anonymous_page: anonymous tgid 5862 5862 "android.youtube" 13228000
 android.youtube-5862  [004] .... 12167.903196: do_anonymous_page: anonymous tgid 5862 5862 "android.youtube" 13229000
 android.youtube-5862  [004] .... 12167.903311: do_anonymous_page: anonymous tgid 5862 5862 "android.youtube" 7f2979c000
 android.youtube-5862  [004] .... 12167.903318: do_anonymous_page: anonymous tgid 5862 5862 "android.youtube" 7f2979b000
 android.youtube-5862  [004] .... 12167.903377: do_anonymous_page: anonymous tgid 5862 5862 "android.youtube" 1322a000
 android.youtube-5862  [004] .... 12167.903562: do_anonymous_page: anonymous tgid 5862 5862 "android.youtube" 1322b000
 android.youtube-5862  [004] .... 12167.903621: do_anonymous_page: anonymous tgid 5862 5862 "android.youtube" 1322c000
 android.youtube-5862  [004] .... 12167.904051: do_anonymous_page: anonymous tgid 5862 5862 "android.youtube" 1322d000
    BG Thread #8-5900  [004] .... 12167.904449: do_anonymous_page: anonymous tgid 5862 5900 "BG Thread #8" 132c2000
 android.youtube-5862  [004] .... 12167.904722: do_anonymous_page: anonymous tgid 5862 5862 "android.youtube" 1322e000
 android.youtube-5862  [004] .... 12167.904774: do_anonymous_page: anonymous tgid 5862 5862 "android.youtube" 1322f000
 android.youtube-5862  [004] .... 12167.904822: do_anonymous_page: anonymous tgid 5862 5862 "android.youtube" 13230000
 android.youtube-5862  [004] .... 12167.904883: do_anonymous_page: anonymous tgid 5862 5862 "android.youtube" 13231000
 android.youtube-5862  [004] .... 12167.905116: do_anonymous_page: anonymous tgid 5862 5862 "android.youtube" 13232000
   Binder:1336_6-1804  [004] .... 12167.905183: do_anonymous_page: anonymous tgid 1336 1804 "Binder:1336_6" 1304f000
 android.youtube-5862  [004] .... 12167.905327: do_anonymous_page: anonymous tgid 5862 5862 "android.youtube" 13233000
 android.youtube-5862  [004] .... 12167.905350: do_anonymous_page: anonymous tgid 5862 5862 "android.youtube" 13234000
 android.youtube-5862  [004] .... 12167.905433: do_anonymous_page: anonymous tgid 5862 5862 "android.youtube" 13235000
 android.youtube-5862  [004] .... 12167.905554: do_anonymous_page: anonymous tgid 5862 5862 "android.youtube" 13236000
 android.youtube-5862  [004] .... 12167.905604: do_anonymous_page: anonymous tgid 5862 5862 "android.youtube" 13237000
 android.youtube-5862  [004] .... 12167.905662: do_anonymous_page: anonymous tgid 5862 5862 "android.youtube" 13238000
 android.youtube-5862  [004] .... 12167.905880: do_anonymous_page: anonymous tgid 5862 5862 "android.youtube" 13239000
 GoogleApiHandle-5892  [004] .... 12167.906083: do_anonymous_page: anonymous tgid 5862 5892 "GoogleApiHandle" 13300000
 android.youtube-5862  [004] .... 12167.906475: do_anonymous_page: anonymous tgid 5862 5862 "android.youtube" 1323a000
 android.youtube-5862  [004] .... 12167.906602: do_anonymous_page: anonymous tgid 5862 5862 "android.youtube" 1323b000
 android.youtube-5862  [004] .... 12167.906833: do_anonymous_page: anonymous tgid 5862 5862 "android.youtube" 1323c000
 android.youtube-5862  [004] .... 12167.907094: do_anonymous_page: anonymous tgid 5862 5862 "android.youtube" 1323d000
 android.youtube-5862  [004] .... 12167.907182: do_anonymous_page: anonymous tgid 5862 5862 "android.youtube" 1323e000
 android.youtube-5862  [004] .... 12167.908328: do_anonymous_page: anonymous tgid 5862 5862 "android.youtube" 1323f000
 android.youtube-5862  [004] .... 12167.908490: do_anonymous_page: anonymous tgid 5862 5862 "android.youtube" 7ecbf63000
 android.youtube-5862  [004] .... 12167.908495: do_anonymous_page: anonymous tgid 5862 5862 "android.youtube" 7ecbf64000
 android.youtube-5862  [004] .... 12167.908592: do_anonymous_page: anonymous tgid 5862 5862 "android.youtube" 7eb8387000
 android.youtube-5862  [004] .... 12167.908605: do_anonymous_page: anonymous tgid 5862 5862 "android.youtube" 7eb83f2000
 android.youtube-5862  [004] .... 12167.908608: do_anonymous_page: anonymous tgid 5862 5862 "android.youtube" 7eb83f3000
 android.youtube-5862  [004] .... 12167.908610: do_anonymous_page: anonymous tgid 5862 5862 "android.youtube" 7eb83f4000
 android.youtube-5862  [004] .... 12167.908612: do_anonymous_page: anonymous tgid 5862 5862 "android.youtube" 7eb83f5000
 android.youtube-5862  [004] .... 12167.908614: do_anonymous_page: anonymous tgid 5862 5862 "android.youtube" 7eb83f6000
 android.youtube-5862  [004] .... 12167.908616: do_anonymous_page: anonymous tgid 5862 5862 "android.youtube" 7eb83f7000
 android.youtube-5862  [004] .... 12167.908619: do_anonymous_page: anonymous tgid 5862 5862 "android.youtube" 7eb83f8000
 android.youtube-5862  [004] .... 12167.908621: do_anonymous_page: anonymous tgid 5862 5862 "android.youtube" 7eb83f9000
 android.youtube-5862  [004] .... 12167.908623: do_anonymous_page: anonymous tgid 5862 5862 "android.youtube" 7eb83fa000
 android.youtube-5862  [004] .... 12167.908812: do_anonymous_page: anonymous tgid 5862 5862 "android.youtube" 13340000
 android.youtube-5862  [004] .... 12167.909093: do_anonymous_page: anonymous tgid 5862 5862 "android.youtube" 7e50f5c000
 android.youtube-5862  [004] .... 12167.909103: do_anonymous_page: anonymous tgid 5862 5862 "android.youtube" 7e50f5d000
 android.youtube-5862  [004] .... 12167.909114: do_anonymous_page: anonymous tgid 5862 5862 "android.youtube" 7e50f5e000
 android.youtube-5862  [004] .... 12167.909126: do_anonymous_page: anonymous tgid 5862 5862 "android.youtube" 7e50f5f000
 android.youtube-5862  [004] .... 12167.909139: do_anonymous_page: anonymous tgid 5862 5862 "android.youtube" 7e50f60000
 android.youtube-5862  [004] .... 12167.909151: do_anonymous_page: anonymous tgid 5862 5862 "android.youtube" 7e50f61000
 android.youtube-5862  [004] .... 12167.909201: do_anonymous_page: anonymous tgid 5862 5862 "android.youtube" 7e51058000
 android.youtube-5862  [004] .... 12167.909206: do_anonymous_page: anonymous tgid 5862 5862 "android.youtube" 7e51059000
 android.youtube-5862  [004] .... 12167.909212: do_anonymous_page: anonymous tgid 5862 5862 "android.youtube" 7e5105a000
 android.youtube-5862  [004] .... 12167.909219: do_anonymous_page: anonymous tgid 5862 5862 "android.youtube" 7e5105b000
 android.youtube-5862  [004] .... 12167.909226: do_anonymous_page: anonymous tgid 5862 5862 "android.youtube" 7e5105c000
 android.youtube-5862  [004] .... 12167.909446: do_anonymous_page: anonymous tgid 5862 5862 "android.youtube" 7e7bea3000
 android.youtube-5862  [004] .... 12167.909450: do_anonymous_page: anonymous tgid 5862 5862 "android.youtube" 7e7bea4000
 android.youtube-5862  [004] .... 12167.909452: do_anonymous_page: anonymous tgid 5862 5862 "android.youtube" 7e7bea5000
 android.youtube-5862  [004] .... 12167.909454: do_anonymous_page: anonymous tgid 5862 5862 "android.youtube" 7e7bea6000
 android.youtube-5862  [004] .... 12167.909456: do_anonymous_page: anonymous tgid 5862 5862 "android.youtube" 7e7bea7000
 android.youtube-5862  [004] .... 12167.909458: do_anonymous_page: anonymous tgid 5862 5862 "android.youtube" 7e7bea8000
 android.youtube-5862  [004] .... 12167.909460: do_anonymous_page: anonymous tgid 5862 5862 "android.youtube" 7e7bea9000
 android.youtube-5862  [004] .... 12167.909462: do_anonymous_page: anonymous tgid 5862 5862 "android.youtube" 7e7beaa000
 android.youtube-5862  [004] .... 12167.909463: do_anonymous_page: anonymous tgid 5862 5862 "android.youtube" 7e7beab000
 android.youtube-5862  [004] .... 12167.909477: do_anonymous_page: anonymous tgid 5862 5862 "android.youtube" 7e59266000
 android.youtube-5862  [004] .... 12167.909487: do_anonymous_page: anonymous tgid 5862 5862 "android.youtube" 13341000
 android.youtube-5862  [004] .... 12167.909558: do_anonymous_page: anonymous tgid 5862 5862 "android.youtube" 7e50f08000
 android.youtube-5862  [004] .... 12167.909565: do_anonymous_page: anonymous tgid 5862 5862 "android.youtube" 7e50f09000
 android.youtube-5862  [004] .... 12167.909573: do_anonymous_page: anonymous tgid 5862 5862 "android.youtube" 7e50f0a000
 android.youtube-5862  [004] .... 12167.909581: do_anonymous_page: anonymous tgid 5862 5862 "android.youtube" 7e50f0b000
 android.youtube-5862  [004] .... 12167.909591: do_anonymous_page: anonymous tgid 5862 5862 "android.youtube" 7e50f0c000
 android.youtube-5862  [004] .... 12167.909598: do_anonymous_page: anonymous tgid 5862 5862 "android.youtube" 7e50f0d000
 android.youtube-5862  [004] .... 12167.909618: do_anonymous_page: anonymous tgid 5862 5862 "android.youtube" 7eb52ff000
 android.youtube-5862  [004] .... 12167.909623: do_anonymous_page: anonymous tgid 5862 5862 "android.youtube" 7eb5300000
 android.youtube-5862  [004] .... 12167.909629: do_anonymous_page: anonymous tgid 5862 5862 "android.youtube" 7eb5301000
 android.youtube-5862  [004] .... 12167.909636: do_anonymous_page: anonymous tgid 5862 5862 "android.youtube" 7eb5302000
 android.youtube-5862  [004] .... 12167.909642: do_anonymous_page: anonymous tgid 5862 5862 "android.youtube" 7eb5303000
 android.youtube-5862  [004] .... 12167.909741: do_anonymous_page: anonymous tgid 5862 5862 "android.youtube" 7e7bea3000
 android.youtube-5862  [004] .... 12167.909747: do_anonymous_page: anonymous tgid 5862 5862 "android.youtube" 7e7bea4000
 android.youtube-5862  [004] .... 12167.909760: do_anonymous_page: anonymous tgid 5862 5862 "android.youtube" 7e7bea5000
 android.youtube-5862  [004] .... 12167.909772: do_anonymous_page: anonymous tgid 5862 5862 "android.youtube" 7e7bea6000
 android.youtube-5862  [004] .... 12167.909785: do_anonymous_page: anonymous tgid 5862 5862 "android.youtube" 7e7bea7000
 android.youtube-5862  [004] .... 12167.909798: do_anonymous_page: anonymous tgid 5862 5862 "android.youtube" 7e7bea8000
 android.youtube-5862  [004] .... 12167.909818: do_anonymous_page: anonymous tgid 5862 5862 "android.youtube" 7e7bd8f000
 android.youtube-5862  [004] .... 12167.909825: do_anonymous_page: anonymous tgid 5862 5862 "android.youtube" 7e7bd90000
 android.youtube-5862  [004] .... 12167.909831: do_anonymous_page: anonymous tgid 5862 5862 "android.youtube" 7e7bd91000
 android.youtube-5862  [004] .... 12167.909837: do_anonymous_page: anonymous tgid 5862 5862 "android.youtube" 7e7bd92000
 android.youtube-5862  [004] .... 12167.909843: do_anonymous_page: anonymous tgid 5862 5862 "android.youtube" 7e7bd93000
 android.youtube-5862  [004] .... 12167.909929: do_anonymous_page: anonymous tgid 5862 5862 "android.youtube" 7e7bea3000
 android.youtube-5862  [004] .... 12167.909933: do_anonymous_page: anonymous tgid 5862 5862 "android.youtube" 7e7bea4000
 android.youtube-5862  [004] .... 12167.909945: do_anonymous_page: anonymous tgid 5862 5862 "android.youtube" 7e7bea5000
 android.youtube-5862  [004] .... 12167.909957: do_anonymous_page: anonymous tgid 5862 5862 "android.youtube" 7e7bea6000
 android.youtube-5862  [004] .... 12167.909971: do_anonymous_page: anonymous tgid 5862 5862 "android.youtube" 7e7bea7000
 android.youtube-5862  [004] .... 12167.909984: do_anonymous_page: anonymous tgid 5862 5862 "android.youtube" 7e7bea8000
 android.youtube-5862  [004] .... 12167.909997: do_anonymous_page: anonymous tgid 5862 5862 "android.youtube" 7e7bea9000
 android.youtube-5862  [004] .... 12167.910010: do_anonymous_page: anonymous tgid 5862 5862 "android.youtube" 7e4f7b3000
 android.youtube-5862  [004] .... 12167.910017: do_anonymous_page: anonymous tgid 5862 5862 "android.youtube" 7e4f7b4000
 android.youtube-5862  [004] .... 12167.910024: do_anonymous_page: anonymous tgid 5862 5862 "android.youtube" 7e4f7b5000
 android.youtube-5862  [004] .... 12167.910030: do_anonymous_page: anonymous tgid 5862 5862 "android.youtube" 7e4f7b6000
 android.youtube-5862  [004] .... 12167.910036: do_anonymous_page: anonymous tgid 5862 5862 "android.youtube" 7e4f7b7000
 android.youtube-5862  [004] .... 12167.910076: do_anonymous_page: anonymous tgid 5862 5862 "android.youtube" 13342000
 android.youtube-5862  [004] .... 12167.910153: do_anonymous_page: anonymous tgid 5862 5862 "android.youtube" 7e7bea3000
 android.youtube-5862  [004] .... 12167.910166: do_anonymous_page: anonymous tgid 5862 5862 "android.youtube" 7e7bea4000
 android.youtube-5862  [004] .... 12167.910174: do_anonymous_page: anonymous tgid 5862 5862 "android.youtube" 7e7bea5000
 android.youtube-5862  [004] .... 12167.910184: do_anonymous_page: anonymous tgid 5862 5862 "android.youtube" 7e7bea6000
  Binder:1336_13-5383  [004] .... 12167.911731: do_anonymous_page: anonymous tgid 1336 5383 "Binder:1336_13" 134c2000
 android.youtube-5862  [004] .... 12167.912912: do_anonymous_page: anonymous tgid 5862 5862 "android.youtube" 7e7bea7000
 android.youtube-5862  [004] .... 12167.912927: do_anonymous_page: anonymous tgid 5862 5862 "android.youtube" 7e7bea8000
 android.youtube-5862  [004] .... 12167.912973: do_anonymous_page: anonymous tgid 5862 5862 "android.youtube" 7e50f08000
 android.youtube-5862  [004] .... 12167.912996: do_anonymous_page: anonymous tgid 5862 5862 "android.youtube" 7e50f09000
 android.youtube-5862  [004] .... 12167.913010: do_anonymous_page: anonymous tgid 5862 5862 "android.youtube" 7e50f0a000
 android.youtube-5862  [004] .... 12167.913028: do_anonymous_page: anonymous tgid 5862 5862 "android.youtube" 7e50f0b000
 android.youtube-5862  [004] .... 12167.913035: do_anonymous_page: anonymous tgid 5862 5862 "android.youtube" 7e50f0c000
 android.youtube-5862  [004] .... 12167.913193: do_anonymous_page: anonymous tgid 5862 5862 "android.youtube" 13343000
 android.youtube-5862  [004] .... 12167.913456: do_anonymous_page: anonymous tgid 5862 5862 "android.youtube" 7e7bea3000
 android.youtube-5862  [004] .... 12167.913467: do_anonymous_page: anonymous tgid 5862 5862 "android.youtube" 7e7bea4000
 android.youtube-5862  [004] .... 12167.913481: do_anonymous_page: anonymous tgid 5862 5862 "android.youtube" 7e7bea5000
 android.youtube-5862  [004] .... 12167.913492: do_anonymous_page: anonymous tgid 5862 5862 "android.youtube" 7e7bea6000
 android.youtube-5862  [004] .... 12167.913501: do_anonymous_page: anonymous tgid 5862 5862 "android.youtube" 7e7bea7000
 android.youtube-5862  [004] .... 12167.913513: do_anonymous_page: anonymous tgid 5862 5862 "android.youtube" 7e7bea8000
 android.youtube-5862  [004] .... 12167.913550: do_anonymous_page: anonymous tgid 5862 5862 "android.youtube" 7e50f5b000
 android.youtube-5862  [004] .... 12167.913553: do_anonymous_page: anonymous tgid 5862 5862 "android.youtube" 7e50f5c000
 android.youtube-5862  [004] .... 12167.913561: do_anonymous_page: anonymous tgid 5862 5862 "android.youtube" 7e50f5d000
 android.youtube-5862  [004] .... 12167.913568: do_anonymous_page: anonymous tgid 5862 5862 "android.youtube" 7e50f5e000
 android.youtube-5862  [004] .... 12167.913575: do_anonymous_page: anonymous tgid 5862 5862 "android.youtube" 7e50f5f000
 android.youtube-5862  [004] .... 12167.913583: do_anonymous_page: anonymous tgid 5862 5862 "android.youtube" 7e50f60000
 android.youtube-5862  [004] .... 12167.913667: do_anonymous_page: anonymous tgid 5862 5862 "android.youtube" 13344000
 android.youtube-5862  [004] .... 12167.913776: do_anonymous_page: anonymous tgid 5862 5862 "android.youtube" 7e7bea3000
 android.youtube-5862  [004] .... 12167.913779: do_anonymous_page: anonymous tgid 5862 5862 "android.youtube" 7e7bea4000
 android.youtube-5862  [004] .... 12167.913789: do_anonymous_page: anonymous tgid 5862 5862 "android.youtube" 7e7bea5000
 android.youtube-5862  [004] .... 12167.913797: do_anonymous_page: anonymous tgid 5862 5862 "android.youtube" 7e7bea6000
 android.youtube-5862  [004] .... 12167.913806: do_anonymous_page: anonymous tgid 5862 5862 "android.youtube" 7e7bea7000
 android.youtube-5862  [004] .... 12167.913813: do_anonymous_page: anonymous tgid 5862 5862 "android.youtube" 7e7bea8000
 android.youtube-5862  [004] .... 12167.913820: do_anonymous_page: anonymous tgid 5862 5862 "android.youtube" 7e7bea9000
 android.youtube-5862  [004] .... 12167.913834: do_anonymous_page: anonymous tgid 5862 5862 "android.youtube" 7e51037000
 android.youtube-5862  [004] .... 12167.913840: do_anonymous_page: anonymous tgid 5862 5862 "android.youtube" 7e51038000
 android.youtube-5862  [004] .... 12167.913847: do_anonymous_page: anonymous tgid 5862 5862 "android.youtube" 7e51039000
 android.youtube-5862  [004] .... 12167.913854: do_anonymous_page: anonymous tgid 5862 5862 "android.youtube" 7e5103a000
 android.youtube-5862  [004] .... 12167.913863: do_anonymous_page: anonymous tgid 5862 5862 "android.youtube" 7e5103b000
 android.youtube-5862  [004] .... 12167.914116: do_anonymous_page: anonymous tgid 5862 5862 "android.youtube" 13345000
  Binder:1336_13-5383  [004] .... 12167.916088: do_anonymous_page: anonymous tgid 1336 5383 "Binder:1336_13" 134c3000
 ScreenDecoratio-2250  [004] .... 12167.917501: do_anonymous_page: anonymous tgid 1666 2250 "ScreenDecoratio" 13211000
 android.youtube-5862  [004] .... 12167.917747: do_anonymous_page: anonymous tgid 5862 5862 "android.youtube" 13346000
 android.youtube-5862  [004] .... 12167.917861: do_anonymous_page: anonymous tgid 5862 5862 "android.youtube" 13347000
 android.youtube-5862  [004] .... 12167.917906: do_anonymous_page: anonymous tgid 5862 5862 "android.youtube" 7ecbd99000
 android.youtube-5862  [004] .... 12167.919294: do_anonymous_page: anonymous tgid 5862 5862 "android.youtube" 7ecbd9a000
 android.youtube-5862  [004] .... 12167.919299: do_anonymous_page: anonymous tgid 5862 5862 "android.youtube" 7ecbd9b000
 android.youtube-5862  [004] .... 12167.919510: do_anonymous_page: anonymous tgid 5862 5862 "android.youtube" 13348000
           <...>-620   [004] .... 12167.924993: do_anonymous_page: anonymous tgid 604 620 "Binder:604_2" 7fb799f000
           <...>-620   [004] .... 12167.925149: do_anonymous_page: anonymous tgid 604 620 "Binder:604_2" 7fb74fb000
    RenderThread-5935  [004] .... 12167.925235: do_anonymous_page: anonymous tgid 5862 5935 "RenderThread" 13380000
    RenderThread-5935  [004] .... 12167.925258: do_anonymous_page: anonymous tgid 5862 5935 "RenderThread" 7f2d6a8000
   Binder:2000_4-2536  [004] .... 12167.926234: do_anonymous_page: anonymous tgid 2000 2536 "Binder:2000_4" 12c82000
  UiThreadHelper-2061  [004] .... 12167.926601: do_anonymous_page: anonymous tgid 2000 2061 "UiThreadHelper" 12ccc000
    android.anim-1362  [004] .... 12167.929615: do_anonymous_page: anonymous tgid 1336 1362 "android.anim" 13081000
    Binder:604_1-619   [004] .... 12167.929736: do_anonymous_page: anonymous tgid 604 619 "Binder:604_1" 7fba625000
    Binder:604_1-619   [004] .... 12167.929741: do_anonymous_page: anonymous tgid 604 619 "Binder:604_1" 7fba623000
    Binder:604_1-619   [004] .... 12167.929745: do_anonymous_page: anonymous tgid 604 619 "Binder:604_1" 7fba624000
    android.anim-1362  [004] .... 12167.929879: do_anonymous_page: anonymous tgid 1336 1362 "android.anim" 13082000
    Binder:604_1-619   [004] .... 12167.929965: do_anonymous_page: anonymous tgid 604 619 "Binder:604_1" 7fba6ba000
    Binder:604_1-619   [004] .... 12167.929969: do_anonymous_page: anonymous tgid 604 619 "Binder:604_1" 7fba6b8000
    Binder:604_1-619   [004] .... 12167.929973: do_anonymous_page: anonymous tgid 604 619 "Binder:604_1" 7fba6b9000
    android.anim-1362  [004] .... 12167.930067: do_anonymous_page: anonymous tgid 1336 1362 "android.anim" 13083000
    android.anim-1362  [004] .... 12167.930214: do_anonymous_page: anonymous tgid 1336 1362 "android.anim" 13084000
    Binder:604_1-619   [004] .... 12167.930266: do_anonymous_page: anonymous tgid 604 619 "Binder:604_1" 7fba71e000
    Binder:604_1-619   [004] .... 12167.930271: do_anonymous_page: anonymous tgid 604 619 "Binder:604_1" 7fba71c000
    Binder:604_1-619   [004] .... 12167.930275: do_anonymous_page: anonymous tgid 604 619 "Binder:604_1" 7fba71d000
    android.anim-1362  [004] .... 12167.930365: do_anonymous_page: anonymous tgid 1336 1362 "android.anim" 13085000
    Binder:604_1-619   [004] .... 12167.930413: do_anonymous_page: anonymous tgid 604 619 "Binder:604_1" 7fba721000
    Binder:604_1-619   [004] .... 12167.930417: do_anonymous_page: anonymous tgid 604 619 "Binder:604_1" 7fba71f000
    Binder:604_1-619   [004] .... 12167.930421: do_anonymous_page: anonymous tgid 604 619 "Binder:604_1" 7fba720000
    android.anim-1362  [004] .... 12167.930505: do_anonymous_page: anonymous tgid 1336 1362 "android.anim" 13086000
 android.anim.lf-1363  [004] .... 12167.930789: do_anonymous_page: anonymous tgid 1336 1363 "android.anim.lf" 13580000
 android.youtube-5862  [004] .... 12167.934326: do_anonymous_page: anonymous tgid 5862 5862 "android.youtube" 13349000
 android.youtube-5862  [004] .... 12167.934763: do_anonymous_page: anonymous tgid 5862 5862 "android.youtube" 1334a000
 android.youtube-5862  [004] .... 12167.935328: do_anonymous_page: anonymous tgid 5862 5862 "android.youtube" 1334b000
    android.anim-1362  [004] .... 12167.935487: do_anonymous_page: anonymous tgid 1336 1362 "android.anim" 13087000
    Binder:604_1-619   [004] .... 12167.935935: do_anonymous_page: anonymous tgid 604 619 "Binder:604_1" 7fba714000
    Binder:604_1-619   [004] .... 12167.935974: do_anonymous_page: anonymous tgid 604 619 "Binder:604_1" 7fba715000
    Binder:604_1-619   [004] .... 12167.935992: do_anonymous_page: anonymous tgid 604 619 "Binder:604_1" 7fba716000
  surfaceflinger-604   [004] .... 12167.938214: do_anonymous_page: anonymous tgid 604 604 "surfaceflinger" 7faa6a2000
 droid.launcher3-2000  [004] .... 12167.943261: do_anonymous_page: anonymous tgid 2000 2000 "droid.launcher3" 12f7b000
 m.android.phone-1896  [004] .... 12167.943577: do_anonymous_page: anonymous tgid 1896 1896 "m.android.phone" 142cb000
 composer@2.3-se-606   [004] .... 12167.944622: do_anonymous_page: anonymous tgid 606 606 "composer@2.3-se" 7fbce82000
 composer@2.3-se-606   [004] .... 12167.944783: do_anonymous_page: anonymous tgid 606 606 "composer@2.3-se" 7fbcf35000
 composer@2.3-se-606   [004] .... 12167.944787: do_anonymous_page: anonymous tgid 606 606 "composer@2.3-se" 7fbcf36000
 composer@2.3-se-606   [004] .... 12167.944789: do_anonymous_page: anonymous tgid 606 606 "composer@2.3-se" 7fbcf37000
 composer@2.3-se-606   [004] .... 12167.944792: do_anonymous_page: anonymous tgid 606 606 "composer@2.3-se" 7fbcf38000
 composer@2.3-se-606   [004] .... 12167.944794: do_anonymous_page: anonymous tgid 606 606 "composer@2.3-se" 7fbcf39000
 composer@2.3-se-606   [004] .... 12167.944796: do_anonymous_page: anonymous tgid 606 606 "composer@2.3-se" 7fbcf3a000
 composer@2.3-se-606   [004] .... 12167.944874: do_anonymous_page: anonymous tgid 606 606 "composer@2.3-se" 7fb5e49000
 composer@2.3-se-606   [004] .... 12167.944877: do_anonymous_page: anonymous tgid 606 606 "composer@2.3-se" 7fb5e4a000
 composer@2.3-se-606   [004] .... 12167.944879: do_anonymous_page: anonymous tgid 606 606 "composer@2.3-se" 7fb5e4b000
 composer@2.3-se-606   [004] .... 12167.944881: do_anonymous_page: anonymous tgid 606 606 "composer@2.3-se" 7fb5e4c000
 composer@2.3-se-606   [004] .... 12167.944883: do_anonymous_page: anonymous tgid 606 606 "composer@2.3-se" 7fb5e4d000
 composer@2.3-se-606   [004] .... 12167.944886: do_anonymous_page: anonymous tgid 606 606 "composer@2.3-se" 7fb5e4e000
 composer@2.3-se-606   [004] .... 12167.944887: do_anonymous_page: anonymous tgid 606 606 "composer@2.3-se" 7fb5e4f000
 composer@2.3-se-606   [004] .... 12167.944890: do_anonymous_page: anonymous tgid 606 606 "composer@2.3-se" 7fb5e50000
 composer@2.3-se-606   [004] .... 12167.944891: do_anonymous_page: anonymous tgid 606 606 "composer@2.3-se" 7fb5e51000
 composer@2.3-se-606   [004] .... 12167.944893: do_anonymous_page: anonymous tgid 606 606 "composer@2.3-se" 7fb5e52000
 composer@2.3-se-606   [004] .... 12167.944961: do_anonymous_page: anonymous tgid 606 606 "composer@2.3-se" 7fbce84000
  UiThreadHelper-2061  [004] .... 12167.946053: do_anonymous_page: anonymous tgid 2000 2061 "UiThreadHelper" 12ccd000
 droid.bluetooth-5767  [004] .... 12167.946363: do_anonymous_page: anonymous tgid 5767 5767 "droid.bluetooth" 12c4d000
 pool-2-thread-1-1988  [004] .... 12167.948187: do_anonymous_page: anonymous tgid 1666 1988 "pool-2-thread-1" 12ec0000
   Binder:1336_6-1804  [004] .... 12167.948378: do_anonymous_page: anonymous tgid 1336 1804 "Binder:1336_6" 13050000
           <...>-1666  [004] .... 12167.948979: do_anonymous_page: anonymous tgid 1666 1666 "ndroid.systemui" 131ec000
 pool-2-thread-1-1988  [004] .... 12167.950867: do_anonymous_page: anonymous tgid 1666 1988 "pool-2-thread-1" 12ec1000
 android.youtube-5862  [004] .... 12167.951044: do_anonymous_page: anonymous tgid 5862 5862 "android.youtube" 1334c000
 android.youtube-5862  [004] .... 12167.951131: do_anonymous_page: anonymous tgid 5862 5862 "android.youtube" 1334d000
 android.youtube-5862  [004] .... 12167.951363: do_anonymous_page: anonymous tgid 5862 5862 "android.youtube" 1334e000
 android.youtube-5862  [004] .... 12167.951527: do_anonymous_page: anonymous tgid 5862 5862 "android.youtube" 1334f000
 android.youtube-5862  [004] .... 12167.951745: do_anonymous_page: anonymous tgid 5862 5862 "android.youtube" 13350000
 android.youtube-5862  [004] .... 12167.951831: do_anonymous_page: anonymous tgid 5862 5862 "android.youtube" 13351000
 android.youtube-5862  [004] .... 12167.951946: do_anonymous_page: anonymous tgid 5862 5862 "android.youtube" 7eb500d000
 android.youtube-5862  [004] .... 12167.951955: do_anonymous_page: anonymous tgid 5862 5862 "android.youtube" 7eb500e000
 android.youtube-5862  [004] .... 12167.951960: do_anonymous_page: anonymous tgid 5862 5862 "android.youtube" 7eb500f000
 android.youtube-5862  [004] .... 12167.951967: do_anonymous_page: anonymous tgid 5862 5862 "android.youtube" 13352000
 android.youtube-5862  [004] .... 12167.951969: do_anonymous_page: anonymous tgid 5862 5862 "android.youtube" 13353000
 android.youtube-5862  [004] .... 12167.951974: do_anonymous_page: anonymous tgid 5862 5862 "android.youtube" 13354000
 android.youtube-5862  [004] .... 12167.952006: do_anonymous_page: anonymous tgid 5862 5862 "android.youtube" 7ecbe44000
 android.youtube-5862  [004] .... 12167.952136: do_anonymous_page: anonymous tgid 5862 5862 "android.youtube" 13355000
 android.youtube-5862  [004] .... 12167.952196: do_anonymous_page: anonymous tgid 5862 5862 "android.youtube" 13356000
 android.youtube-5862  [004] .... 12167.952200: do_anonymous_page: anonymous tgid 5862 5862 "android.youtube" 13357000
 android.youtube-5862  [004] .... 12167.952213: do_anonymous_page: anonymous tgid 5862 5862 "android.youtube" 13358000
 android.youtube-5862  [004] .... 12167.952530: do_anonymous_page: anonymous tgid 5862 5862 "android.youtube" 13359000
 android.youtube-5862  [004] .... 12167.952790: do_anonymous_page: anonymous tgid 5862 5862 "android.youtube" 1335a000
 ScreenDecoratio-2250  [004] .... 12167.954728: do_anonymous_page: anonymous tgid 1666 2250 "ScreenDecoratio" 13212000
 ScreenDecoratio-2250  [004] .... 12167.954853: do_anonymous_page: anonymous tgid 1666 2250 "ScreenDecoratio" 13213000
 android.youtube-5862  [004] .... 12167.955350: do_anonymous_page: anonymous tgid 5862 5862 "android.youtube" 7ecbe45000
 android.youtube-5862  [004] .... 12167.955365: do_anonymous_page: anonymous tgid 5862 5862 "android.youtube" 7ecbe46000
 android.youtube-5862  [004] .... 12167.955376: do_anonymous_page: anonymous tgid 5862 5862 "android.youtube" 7ecbe81000
 android.youtube-5862  [004] .... 12167.955392: do_anonymous_page: anonymous tgid 5862 5862 "android.youtube" 7ecc03d000
 android.youtube-5862  [004] .... 12167.955401: do_anonymous_page: anonymous tgid 5862 5862 "android.youtube" 7eb4fd3000
 android.youtube-5862  [004] .... 12167.955425: do_anonymous_page: anonymous tgid 5862 5862 "android.youtube" 7eb500a000
 android.youtube-5862  [004] .... 12167.955448: do_anonymous_page: anonymous tgid 5862 5862 "android.youtube" 7eb5010000
 android.youtube-5862  [004] .... 12167.955457: do_anonymous_page: anonymous tgid 5862 5862 "android.youtube" 7eb502d000
 android.youtube-5862  [004] .... 12167.955466: do_anonymous_page: anonymous tgid 5862 5862 "android.youtube" 7eb5064000
 android.youtube-5862  [004] .... 12167.955473: do_anonymous_page: anonymous tgid 5862 5862 "android.youtube" 7eb5187000
 android.youtube-5862  [004] .... 12167.955480: do_anonymous_page: anonymous tgid 5862 5862 "android.youtube" 7eb51d6000
 android.youtube-5862  [004] .... 12167.958696: do_anonymous_page: anonymous tgid 5862 5862 "android.youtube" 1335b000
 android.display-1361  [004] .... 12167.964917: do_anonymous_page: anonymous tgid 1336 1361 "android.display" 12f0a000
 android.display-1361  [004] .... 12167.964951: do_anonymous_page: anonymous tgid 1336 1361 "android.display" 12f0b000
 android.display-1361  [004] .... 12167.964987: do_anonymous_page: anonymous tgid 1336 1361 "android.display" 12f0c000
  surfaceflinger-604   [004] .... 12167.970157: do_anonymous_page: anonymous tgid 604 604 "surfaceflinger" 7fb7567000
  Binder:11257_1-11281 [004] .... 12167.970891: do_anonymous_page: anonymous tgid 11257 11281 "Binder:11257_1" 138c1000
  UiThreadHelper-2061  [004] .... 12167.972949: do_anonymous_page: anonymous tgid 2000 2061 "UiThreadHelper" 12cce000
 m.android.phone-1896  [004] .... 12167.973334: do_anonymous_page: anonymous tgid 1896 1896 "m.android.phone" 142cc000
  Binder:1336_13-5383  [004] .... 12167.983942: do_anonymous_page: anonymous tgid 1336 5383 "Binder:1336_13" 134c4000
   BG Thread #12-5978  [004] .... 12167.984430: do_anonymous_page: anonymous tgid 5862 5978 "BG Thread #12" 13243000
   Binder:2266_D-11114 [004] .... 12167.984679: do_anonymous_page: anonymous tgid 2266 11114 "Binder:2266_D" 13616000
 ScreenDecoratio-2250  [004] .... 12167.984860: do_anonymous_page: anonymous tgid 1666 2250 "ScreenDecoratio" 13214000
 ScreenDecoratio-2250  [004] .... 12167.985562: do_anonymous_page: anonymous tgid 1666 2250 "ScreenDecoratio" 13215000
    BG Thread #8-5900  [004] .... 12167.985657: do_anonymous_page: anonymous tgid 5862 5900 "BG Thread #8" 132c3000
 ScreenDecoratio-2250  [004] .... 12167.986135: do_anonymous_page: anonymous tgid 1666 2250 "ScreenDecoratio" 13216000
           <...>-1666  [004] .... 12167.986856: do_anonymous_page: anonymous tgid 1666 1666 "ndroid.systemui" 131ed000
    BG Thread #8-5900  [004] .... 12167.987144: do_anonymous_page: anonymous tgid 5862 5900 "BG Thread #8" 132c4000
  Binder:1336_13-5383  [004] .... 12167.987445: do_anonymous_page: anonymous tgid 1336 5383 "Binder:1336_13" 134c5000
   Binder:2266_5-3118  [004] .... 12167.988334: do_anonymous_page: anonymous tgid 2266 3118 "Binder:2266_5" 134e3000
 .gms.persistent-2266  [004] .... 12167.988416: do_anonymous_page: anonymous tgid 2266 2266 ".gms.persistent" 13d63000
 .gms.persistent-2266  [004] .... 12167.988660: do_anonymous_page: anonymous tgid 2266 2266 ".gms.persistent" 13d64000
 .gms.persistent-2266  [004] .... 12167.989250: do_anonymous_page: anonymous tgid 2266 2266 ".gms.persistent" 13d65000
 .gms.persistent-2266  [004] .... 12167.989730: do_anonymous_page: anonymous tgid 2266 2266 ".gms.persistent" 13d66000
 GoogleApiHandle-2766  [004] .... 12167.990117: do_anonymous_page: anonymous tgid 2266 2766 "GoogleApiHandle" 13bab000
  Binder:1336_1D-12104 [004] .... 12167.996173: do_anonymous_page: anonymous tgid 1336 12104 "Binder:1336_1D" 13444000
 .gms.persistent-2266  [004] .... 12167.999610: do_anonymous_page: anonymous tgid 2266 2266 ".gms.persistent" 13d67000
 GoogleApiHandle-2766  [004] .... 12167.999806: do_anonymous_page: anonymous tgid 2266 2766 "GoogleApiHandle" 13bac000
 ScreenDecoratio-2250  [004] .... 12168.000040: do_anonymous_page: anonymous tgid 1666 2250 "ScreenDecoratio" 13217000
 ScreenDecoratio-2250  [004] .... 12168.000391: do_anonymous_page: anonymous tgid 1666 2250 "ScreenDecoratio" 13218000
 ScreenDecoratio-2250  [004] .... 12168.001743: do_anonymous_page: anonymous tgid 1666 2250 "ScreenDecoratio" 13219000
  Binder:12766_2-12768 [004] .... 12168.002221: do_anonymous_page: anonymous tgid 12766 12768 "Binder:12766_2" 7fbd437000
 Blocking Thread-12775 [004] .... 12168.003241: do_anonymous_page: anonymous tgid 5862 12775 "Blocking Thread" 7f2979a000
 Blocking Thread-12775 [004] .... 12168.004816: do_anonymous_page: anonymous tgid 5862 12775 "Blocking Thread" 7fbda63000
 Blocking Thread-12775 [004] .... 12168.004828: do_anonymous_page: anonymous tgid 5862 12775 "Blocking Thread" 7f29799000
 ScionFrontendAp-12769 [004] .... 12168.005043: do_anonymous_page: anonymous tgid 5862 12769 "ScionFrontendAp" 7fbda9a000
 ScionFrontendAp-12769 [004] .... 12168.005052: do_anonymous_page: anonymous tgid 5862 12769 "ScionFrontendAp" 7f298a2000
 ScionFrontendAp-12769 [004] .... 12168.005108: do_anonymous_page: anonymous tgid 5862 12769 "ScionFrontendAp" 133c0000
 ScionFrontendAp-12769 [004] .... 12168.005170: do_anonymous_page: anonymous tgid 5862 12769 "ScionFrontendAp" 7f298a3000
 ScionFrontendAp-12769 [004] .... 12168.005194: do_anonymous_page: anonymous tgid 5862 12769 "ScionFrontendAp" 7f298a1000
