 wifi_ext@1.0-se-2906  [004] .... 10886.136244: do_anonymous_page: anonymous tgid 825 2906 "wifi_ext@1.0-se" 7fb9c79000
 wifi_ext@1.0-se-2906  [004] .... 10886.136260: do_anonymous_page: anonymous tgid 825 2906 "wifi_ext@1.0-se" 7fb9c7a000
 wifi_ext@1.0-se-2906  [004] .... 10886.136265: do_anonymous_page: anonymous tgid 825 2906 "wifi_ext@1.0-se" 7fb9c7b000
 wifi_ext@1.0-se-2906  [004] .... 10886.136269: do_anonymous_page: anonymous tgid 825 2906 "wifi_ext@1.0-se" 7fb9c7c000
 wifi_ext@1.0-se-2906  [004] .... 10886.136274: do_anonymous_page: anonymous tgid 825 2906 "wifi_ext@1.0-se" 7fb9c7d000
 wifi_ext@1.0-se-2906  [004] .... 10886.182901: do_anonymous_page: anonymous tgid 825 2906 "wifi_ext@1.0-se" 7fb9c7e000
 wifi_ext@1.0-se-2906  [004] .... 10886.182911: do_anonymous_page: anonymous tgid 825 2906 "wifi_ext@1.0-se" 7fb9c7f000
 wifi_ext@1.0-se-2906  [004] .... 10886.182922: do_anonymous_page: anonymous tgid 825 2906 "wifi_ext@1.0-se" 7fb9c80000
 wifi_ext@1.0-se-2906  [004] .... 10886.182926: do_anonymous_page: anonymous tgid 825 2906 "wifi_ext@1.0-se" 7fb9c81000
 wifi_ext@1.0-se-2906  [004] .... 10886.182929: do_anonymous_page: anonymous tgid 825 2906 "wifi_ext@1.0-se" 7fb9c82000
 wifi_ext@1.0-se-2906  [004] .... 10886.219462: do_anonymous_page: anonymous tgid 825 2906 "wifi_ext@1.0-se" 7fb9c83000
 wifi_ext@1.0-se-2906  [004] .... 10886.219473: do_anonymous_page: anonymous tgid 825 2906 "wifi_ext@1.0-se" 7fb9c84000
 wifi_ext@1.0-se-2906  [004] .... 10886.219477: do_anonymous_page: anonymous tgid 825 2906 "wifi_ext@1.0-se" 7fb9c85000
 wifi_ext@1.0-se-2906  [004] .... 10886.219481: do_anonymous_page: anonymous tgid 825 2906 "wifi_ext@1.0-se" 7fb9c86000
 PowerManagerSer-1384  [004] .... 10886.362954: do_anonymous_page: anonymous tgid 1336 1384 "PowerManagerSer" 13918000
  Lite Thread #4-11708 [004] .... 10886.516178: do_anonymous_page: anonymous tgid 5862 11708 "Lite Thread #4" 13680000
 PowerManagerSer-1384  [004] .... 10887.283890: do_anonymous_page: anonymous tgid 1336 1384 "PowerManagerSer" 13919000
 LazyTaskWriterT-2407  [004] .... 10887.455034: do_anonymous_page: anonymous tgid 1336 2407 "LazyTaskWriterT" 13c80000
 LazyTaskWriterT-2407  [004] .... 10887.455077: do_anonymous_page: anonymous tgid 1336 2407 "LazyTaskWriterT" 771d3000
 LazyTaskWriterT-2407  [004] .... 10887.455096: do_anonymous_page: anonymous tgid 1336 2407 "LazyTaskWriterT" 77181000
 LazyTaskWriterT-2407  [004] .... 10887.455217: do_anonymous_page: anonymous tgid 1336 2407 "LazyTaskWriterT" 13c81000
 LazyTaskWriterT-2407  [004] .... 10887.456458: do_anonymous_page: anonymous tgid 1336 2407 "LazyTaskWriterT" 13c82000
 LazyTaskWriterT-2407  [004] .... 10887.456501: do_anonymous_page: anonymous tgid 1336 2407 "LazyTaskWriterT" 13c83000
 TaskSnapshotPer-1593  [004] .... 10887.471506: do_anonymous_page: anonymous tgid 1336 1593 "TaskSnapshotPer" 13406000
 LazyTaskWriterT-2407  [004] .... 10887.472208: do_anonymous_page: anonymous tgid 1336 2407 "LazyTaskWriterT" 13c84000
 Blocking Thread-12075 [004] .... 10887.499554: do_anonymous_page: anonymous tgid 5862 12075 "Blocking Thread" 13553000
 PowerManagerSer-1384  [004] .... 10888.204499: do_anonymous_page: anonymous tgid 1336 1384 "PowerManagerSer" 1391a000
  ClientModeImpl-1485  [004] .... 10888.977408: do_anonymous_page: anonymous tgid 1336 1485 "ClientModeImpl" 1394a000
  ClientModeImpl-1485  [004] .... 10888.988009: do_anonymous_page: anonymous tgid 1336 1485 "ClientModeImpl" 1394b000
  ClientModeImpl-1485  [004] .... 10888.988223: do_anonymous_page: anonymous tgid 1336 1485 "ClientModeImpl" 1394c000
  ClientModeImpl-1485  [004] .... 10888.988352: do_anonymous_page: anonymous tgid 1336 1485 "ClientModeImpl" 1394d000
  ClientModeImpl-1485  [004] .... 10888.991170: do_anonymous_page: anonymous tgid 1336 1485 "ClientModeImpl" 1394e000
  ClientModeImpl-1485  [004] .... 10888.991373: do_anonymous_page: anonymous tgid 1336 1485 "ClientModeImpl" 1394f000
  ClientModeImpl-1485  [004] .... 10888.991467: do_anonymous_page: anonymous tgid 1336 1485 "ClientModeImpl" 13950000
 PowerManagerSer-1384  [004] .... 10889.229800: do_anonymous_page: anonymous tgid 1336 1384 "PowerManagerSer" 1391b000
 NasModemEndPoin-1539  [004] .... 10889.644130: do_anonymous_page: anonymous tgid 917 1539 "NasModemEndPoin" 7fb0d41000
 .gms.persistent-2266  [004] .... 10889.649082: do_anonymous_page: anonymous tgid 2266 2266 ".gms.persistent" 13b8f000
   Binder:2266_7-3646  [004] .... 10889.850615: do_anonymous_page: anonymous tgid 2266 3646 "Binder:2266_7" 7f235b4000
 NearbyDiscovery-5438  [004] .... 10889.851294: do_anonymous_page: anonymous tgid 2266 5438 "NearbyDiscovery" 12c40000
 PowerManagerSer-1384  [004] .... 10890.151466: do_anonymous_page: anonymous tgid 1336 1384 "PowerManagerSer" 1391c000
 BT Service Call-5794  [004] .... 10890.665837: do_anonymous_page: anonymous tgid 5767 5794 "BT Service Call" 12e0a000
 PowerManagerSer-1384  [004] .... 10891.072905: do_anonymous_page: anonymous tgid 1336 1384 "PowerManagerSer" 1391d000
  ClientModeImpl-1485  [004] .... 10892.007607: do_anonymous_page: anonymous tgid 1336 1485 "ClientModeImpl" 13951000
  ClientModeImpl-1485  [004] .... 10892.007797: do_anonymous_page: anonymous tgid 1336 1485 "ClientModeImpl" 13952000
  ClientModeImpl-1485  [004] .... 10892.008014: do_anonymous_page: anonymous tgid 1336 1485 "ClientModeImpl" 13953000
  ClientModeImpl-1485  [004] .... 10892.010777: do_anonymous_page: anonymous tgid 1336 1485 "ClientModeImpl" 13954000
  ClientModeImpl-1485  [004] .... 10892.011047: do_anonymous_page: anonymous tgid 1336 1485 "ClientModeImpl" 13955000
  ClientModeImpl-1485  [004] .... 10892.011183: do_anonymous_page: anonymous tgid 1336 1485 "ClientModeImpl" 13956000
 PowerManagerSer-1384  [004] .... 10892.097362: do_anonymous_page: anonymous tgid 1336 1384 "PowerManagerSer" 1391e000
 PowerManagerSer-1384  [004] .... 10893.017195: do_anonymous_page: anonymous tgid 1336 1384 "PowerManagerSer" 1391f000
     mdxSsdp23-2-6030  [004] .... 10893.710446: do_anonymous_page: anonymous tgid 5862 6030 "mdxSsdp23-2" 12e68000
     mdxSsdp23-2-6030  [004] .... 10893.710557: do_anonymous_page: anonymous tgid 5862 6030 "mdxSsdp23-2" 12e69000
     mdxSsdp23-2-6030  [004] .... 10893.711462: do_anonymous_page: anonymous tgid 5862 6030 "mdxSsdp23-2" 12e6a000
     mdxSsdp23-2-6030  [004] .... 10893.715473: do_anonymous_page: anonymous tgid 5862 6030 "mdxSsdp23-2" 12e6b000
     mdxSsdp23-2-6030  [004] .... 10893.720752: do_anonymous_page: anonymous tgid 5862 6030 "mdxSsdp23-2" 12e6c000
     mdxSsdp23-2-6030  [004] .... 10893.727028: do_anonymous_page: anonymous tgid 5862 6030 "mdxSsdp23-2" 12e6d000
 wifi_ext@1.0-se-2906  [004] .... 10893.740770: do_anonymous_page: anonymous tgid 825 2906 "wifi_ext@1.0-se" 7fb9c88000
 wifi_ext@1.0-se-2906  [004] .... 10893.740788: do_anonymous_page: anonymous tgid 825 2906 "wifi_ext@1.0-se" 7fb9c89000
 wifi_ext@1.0-se-2906  [004] .... 10893.740795: do_anonymous_page: anonymous tgid 825 2906 "wifi_ext@1.0-se" 7fb9c8a000
 wifi_ext@1.0-se-2906  [004] .... 10893.740800: do_anonymous_page: anonymous tgid 825 2906 "wifi_ext@1.0-se" 7fb9c8b000
 wifi_ext@1.0-se-2906  [004] .... 10893.740806: do_anonymous_page: anonymous tgid 825 2906 "wifi_ext@1.0-se" 7fb9c8c000
 PowerManagerSer-1384  [004] .... 10893.938454: do_anonymous_page: anonymous tgid 1336 1384 "PowerManagerSer" 13920000
 wifi_ext@1.0-se-2906  [004] .... 10894.073681: do_anonymous_page: anonymous tgid 825 2906 "wifi_ext@1.0-se" 7fb9c95000
 wifi_ext@1.0-se-2906  [004] .... 10894.073698: do_anonymous_page: anonymous tgid 825 2906 "wifi_ext@1.0-se" 7fb9c96000
 wifi_ext@1.0-se-2906  [004] .... 10894.073705: do_anonymous_page: anonymous tgid 825 2906 "wifi_ext@1.0-se" 7fb9c97000
 wifi_ext@1.0-se-2906  [004] .... 10894.073722: do_anonymous_page: anonymous tgid 825 2906 "wifi_ext@1.0-se" 7fb9c98000
 wifi_ext@1.0-se-2906  [004] .... 10894.073729: do_anonymous_page: anonymous tgid 825 2906 "wifi_ext@1.0-se" 7fb9c99000
 wifi_ext@1.0-se-2906  [004] .... 10894.396047: do_anonymous_page: anonymous tgid 825 2906 "wifi_ext@1.0-se" 7fb9c9a000
 wifi_ext@1.0-se-2906  [004] .... 10894.396068: do_anonymous_page: anonymous tgid 825 2906 "wifi_ext@1.0-se" 7fb9c9b000
 wifi_ext@1.0-se-2906  [004] .... 10894.396076: do_anonymous_page: anonymous tgid 825 2906 "wifi_ext@1.0-se" 7fb9c9c000
 wifi_ext@1.0-se-2906  [004] .... 10894.396083: do_anonymous_page: anonymous tgid 825 2906 "wifi_ext@1.0-se" 7fb9c9d000
 wifi_ext@1.0-se-2906  [004] .... 10894.396090: do_anonymous_page: anonymous tgid 825 2906 "wifi_ext@1.0-se" 7fb9c9e000
   BG Thread #12-5978  [004] .... 10894.495235: do_anonymous_page: anonymous tgid 5862 5978 "BG Thread #12" 133cc000
   BG Thread #12-5978  [004] .... 10894.496775: do_anonymous_page: anonymous tgid 5862 5978 "BG Thread #12" 133cd000
   Binder:2586_E-12083 [004] .... 10894.765272: do_anonymous_page: anonymous tgid 2586 12083 "Binder:2586_E" 7ec2f91000
 gle.android.gms-2586  [004] .... 10894.765641: do_anonymous_page: anonymous tgid 2586 2586 "gle.android.gms" 12cc5000
  Binder:1336_1C-12082 [004] .... 10894.766831: do_anonymous_page: anonymous tgid 1336 12082 "Binder:1336_1C" 13c42000
 PowerManagerSer-1384  [004] .... 10894.962464: do_anonymous_page: anonymous tgid 1336 1384 "PowerManagerSer" 13921000
  ClientModeImpl-1485  [004] .... 10895.016201: do_anonymous_page: anonymous tgid 1336 1485 "ClientModeImpl" 13957000
  ClientModeImpl-1485  [004] .... 10895.027720: do_anonymous_page: anonymous tgid 1336 1485 "ClientModeImpl" 13958000
  ClientModeImpl-1485  [004] .... 10895.027970: do_anonymous_page: anonymous tgid 1336 1485 "ClientModeImpl" 13959000
  ClientModeImpl-1485  [004] .... 10895.028119: do_anonymous_page: anonymous tgid 1336 1485 "ClientModeImpl" 1395a000
  ClientModeImpl-1485  [004] .... 10895.030890: do_anonymous_page: anonymous tgid 1336 1485 "ClientModeImpl" 1395b000
  ClientModeImpl-1485  [004] .... 10895.031141: do_anonymous_page: anonymous tgid 1336 1485 "ClientModeImpl" 1395c000
  ClientModeImpl-1485  [004] .... 10895.031290: do_anonymous_page: anonymous tgid 1336 1485 "ClientModeImpl" 1395d000
           <...>-5862  [004] .... 10895.124078: do_anonymous_page: anonymous tgid 5862 5862 "android.youtube" 1345e000
 wifi_ext@1.0-se-2906  [004] .... 10895.644192: do_anonymous_page: anonymous tgid 825 2906 "wifi_ext@1.0-se" 7fb9c9f000
 wifi_ext@1.0-se-2906  [004] .... 10895.644213: do_anonymous_page: anonymous tgid 825 2906 "wifi_ext@1.0-se" 7fb9ca0000
 wifi_ext@1.0-se-2906  [004] .... 10895.644220: do_anonymous_page: anonymous tgid 825 2906 "wifi_ext@1.0-se" 7fb9ca1000
 wifi_ext@1.0-se-2906  [004] .... 10895.644226: do_anonymous_page: anonymous tgid 825 2906 "wifi_ext@1.0-se" 7fb9ca2000
 wifi_ext@1.0-se-2906  [004] .... 10895.644232: do_anonymous_page: anonymous tgid 825 2906 "wifi_ext@1.0-se" 7fb9ca3000
     mdxSsdp23-3-6031  [004] .... 10895.731862: do_anonymous_page: anonymous tgid 5862 6031 "mdxSsdp23-3" 12e81000
 PowerManagerSer-1384  [004] .... 10895.882935: do_anonymous_page: anonymous tgid 1336 1384 "PowerManagerSer" 13922000
 NasModemEndPoin-1539  [004] .... 10896.735382: do_anonymous_page: anonymous tgid 917 1539 "NasModemEndPoin" 7fb0d52000
 PowerManagerSer-1384  [004] .... 10896.806154: do_anonymous_page: anonymous tgid 1336 1384 "PowerManagerSer" 13923000
 PowerManagerSer-1384  [004] .... 10897.727272: do_anonymous_page: anonymous tgid 1336 1384 "PowerManagerSer" 13924000
  ClientModeImpl-1485  [004] .... 10898.047160: do_anonymous_page: anonymous tgid 1336 1485 "ClientModeImpl" 1395e000
  ClientModeImpl-1485  [004] .... 10898.047389: do_anonymous_page: anonymous tgid 1336 1485 "ClientModeImpl" 1395f000
  ClientModeImpl-1485  [004] .... 10898.047591: do_anonymous_page: anonymous tgid 1336 1485 "ClientModeImpl" 13960000
  ClientModeImpl-1485  [004] .... 10898.050415: do_anonymous_page: anonymous tgid 1336 1485 "ClientModeImpl" 13961000
  ClientModeImpl-1485  [004] .... 10898.050723: do_anonymous_page: anonymous tgid 1336 1485 "ClientModeImpl" 13962000
  ClientModeImpl-1485  [004] .... 10898.050781: do_anonymous_page: anonymous tgid 1336 1485 "ClientModeImpl" 13963000
  ClientModeImpl-1485  [004] .... 10898.051942: do_anonymous_page: anonymous tgid 1336 1485 "ClientModeImpl" 13964000
        Thread-3-11268 [004] .... 10898.146818: do_anonymous_page: anonymous tgid 11210 11268 "Thread-3" 12c67000
 PowerManagerSer-1384  [004] .... 10898.749871: do_anonymous_page: anonymous tgid 1336 1384 "PowerManagerSer" 13925000
 PowerManagerSer-1384  [004] .... 10899.672366: do_anonymous_page: anonymous tgid 1336 1384 "PowerManagerSer" 13926000
 NasModemEndPoin-1539  [004] .... 10899.877649: do_anonymous_page: anonymous tgid 917 1539 "NasModemEndPoin" 7fb0d54000
 wifi_ext@1.0-se-2906  [004] .... 10900.539001: do_anonymous_page: anonymous tgid 825 2906 "wifi_ext@1.0-se" 7fb9f15000
 wifi_ext@1.0-se-2906  [004] .... 10900.539023: do_anonymous_page: anonymous tgid 825 2906 "wifi_ext@1.0-se" 7fb9f16000
 wifi_ext@1.0-se-2906  [004] .... 10900.539032: do_anonymous_page: anonymous tgid 825 2906 "wifi_ext@1.0-se" 7fb9f17000
 wifi_ext@1.0-se-2906  [004] .... 10900.539040: do_anonymous_page: anonymous tgid 825 2906 "wifi_ext@1.0-se" 7fb9f18000
 wifi_ext@1.0-se-2906  [004] .... 10900.539048: do_anonymous_page: anonymous tgid 825 2906 "wifi_ext@1.0-se" 7fb9f19000
 PowerManagerSer-1384  [004] .... 10900.594335: do_anonymous_page: anonymous tgid 1336 1384 "PowerManagerSer" 13927000
  ClientModeImpl-1485  [004] .... 10901.066509: do_anonymous_page: anonymous tgid 1336 1485 "ClientModeImpl" 13965000
  ClientModeImpl-1485  [004] .... 10901.066709: do_anonymous_page: anonymous tgid 1336 1485 "ClientModeImpl" 13966000
  ClientModeImpl-1485  [004] .... 10901.066871: do_anonymous_page: anonymous tgid 1336 1485 "ClientModeImpl" 13967000
  ClientModeImpl-1485  [004] .... 10901.069469: do_anonymous_page: anonymous tgid 1336 1485 "ClientModeImpl" 13968000
  ClientModeImpl-1485  [004] .... 10901.069736: do_anonymous_page: anonymous tgid 1336 1485 "ClientModeImpl" 13969000
  ClientModeImpl-1485  [004] .... 10901.069829: do_anonymous_page: anonymous tgid 1336 1485 "ClientModeImpl" 1396a000
 PowerManagerSer-1384  [004] .... 10901.617195: do_anonymous_page: anonymous tgid 1336 1384 "PowerManagerSer" 13928000
 NasModemEndPoin-1539  [004] .... 10902.443449: do_anonymous_page: anonymous tgid 917 1539 "NasModemEndPoin" 7fb0d55000
 PowerManagerSer-1384  [004] .... 10902.539569: do_anonymous_page: anonymous tgid 1336 1384 "PowerManagerSer" 13929000
 .gms.persistent-2266  [004] .... 10902.757947: do_anonymous_page: anonymous tgid 2266 2266 ".gms.persistent" 13b90000
 NearbyDiscovery-5438  [004] .... 10902.758327: do_anonymous_page: anonymous tgid 2266 5438 "NearbyDiscovery" 12c41000
 PowerManagerSer-1384  [004] .... 10903.461034: do_anonymous_page: anonymous tgid 1336 1384 "PowerManagerSer" 1392a000
     mdxSsdp23-2-6030  [004] .... 10903.712529: do_anonymous_page: anonymous tgid 5862 6030 "mdxSsdp23-2" 12e6e000
     mdxSsdp23-2-6030  [004] .... 10903.721384: do_anonymous_page: anonymous tgid 5862 6030 "mdxSsdp23-2" 12e6f000
 wifi_ext@1.0-se-2906  [004] .... 10903.730400: do_anonymous_page: anonymous tgid 825 2906 "wifi_ext@1.0-se" 7fb9f25000
 wifi_ext@1.0-se-2906  [004] .... 10903.730417: do_anonymous_page: anonymous tgid 825 2906 "wifi_ext@1.0-se" 7fb9f26000
 wifi_ext@1.0-se-2906  [004] .... 10903.730423: do_anonymous_page: anonymous tgid 825 2906 "wifi_ext@1.0-se" 7fb9f27000
 wifi_ext@1.0-se-2906  [004] .... 10903.730430: do_anonymous_page: anonymous tgid 825 2906 "wifi_ext@1.0-se" 7fb9f28000
 wifi_ext@1.0-se-2906  [004] .... 10903.730436: do_anonymous_page: anonymous tgid 825 2906 "wifi_ext@1.0-se" 7fb9f29000
 wifi_ext@1.0-se-2906  [004] .... 10903.792896: do_anonymous_page: anonymous tgid 825 2906 "wifi_ext@1.0-se" 7fb9f54000
 wifi_ext@1.0-se-2906  [004] .... 10903.792912: do_anonymous_page: anonymous tgid 825 2906 "wifi_ext@1.0-se" 7fb9f55000
 wifi_ext@1.0-se-2906  [004] .... 10903.792920: do_anonymous_page: anonymous tgid 825 2906 "wifi_ext@1.0-se" 7fb9f56000
 wifi_ext@1.0-se-2906  [004] .... 10903.792936: do_anonymous_page: anonymous tgid 825 2906 "wifi_ext@1.0-se" 7fb9f57000
 wifi_ext@1.0-se-2906  [004] .... 10903.792945: do_anonymous_page: anonymous tgid 825 2906 "wifi_ext@1.0-se" 7fb9f58000
 wifi_ext@1.0-se-2906  [004] .... 10904.033828: do_anonymous_page: anonymous tgid 825 2906 "wifi_ext@1.0-se" 7fb9fcd000
 wifi_ext@1.0-se-2906  [004] .... 10904.033845: do_anonymous_page: anonymous tgid 825 2906 "wifi_ext@1.0-se" 7fb9fce000
 wifi_ext@1.0-se-2906  [004] .... 10904.033852: do_anonymous_page: anonymous tgid 825 2906 "wifi_ext@1.0-se" 7fb9fcf000
 wifi_ext@1.0-se-2906  [004] .... 10904.033859: do_anonymous_page: anonymous tgid 825 2906 "wifi_ext@1.0-se" 7fb9fd0000
 wifi_ext@1.0-se-2906  [004] .... 10904.033866: do_anonymous_page: anonymous tgid 825 2906 "wifi_ext@1.0-se" 7fb9fd1000
  ClientModeImpl-1485  [004] .... 10904.074377: do_anonymous_page: anonymous tgid 1336 1485 "ClientModeImpl" 1396b000
  ClientModeImpl-1485  [004] .... 10904.077028: do_anonymous_page: anonymous tgid 1336 1485 "ClientModeImpl" 1396c000
  ClientModeImpl-1485  [004] .... 10904.077245: do_anonymous_page: anonymous tgid 1336 1485 "ClientModeImpl" 1396d000
  ClientModeImpl-1485  [004] .... 10904.077383: do_anonymous_page: anonymous tgid 1336 1485 "ClientModeImpl" 1396e000
  ClientModeImpl-1485  [004] .... 10904.080107: do_anonymous_page: anonymous tgid 1336 1485 "ClientModeImpl" 1396f000
  ClientModeImpl-1485  [004] .... 10904.080206: do_anonymous_page: anonymous tgid 1336 1485 "ClientModeImpl" 13970000
  ClientModeImpl-1485  [004] .... 10904.080334: do_anonymous_page: anonymous tgid 1336 1485 "ClientModeImpl" 13971000
 wifi_ext@1.0-se-2906  [004] .... 10904.091247: do_anonymous_page: anonymous tgid 825 2906 "wifi_ext@1.0-se" 7fb9ca4000
 wifi_ext@1.0-se-2906  [004] .... 10904.091262: do_anonymous_page: anonymous tgid 825 2906 "wifi_ext@1.0-se" 7fb9ca5000
 wifi_ext@1.0-se-2906  [004] .... 10904.091270: do_anonymous_page: anonymous tgid 825 2906 "wifi_ext@1.0-se" 7fb9ca6000
 wifi_ext@1.0-se-2906  [004] .... 10904.091278: do_anonymous_page: anonymous tgid 825 2906 "wifi_ext@1.0-se" 7fb9ca7000
 PowerManagerSer-1384  [004] .... 10904.483038: do_anonymous_page: anonymous tgid 1336 1384 "PowerManagerSer" 1392b000
 NasModemEndPoin-1539  [004] .... 10904.730607: do_anonymous_page: anonymous tgid 917 1539 "NasModemEndPoin" 7fb0d56000
 PowerManagerSer-1384  [004] .... 10905.404654: do_anonymous_page: anonymous tgid 1336 1384 "PowerManagerSer" 1392c000
 PowerManagerSer-1384  [004] .... 10906.326928: do_anonymous_page: anonymous tgid 1336 1384 "PowerManagerSer" 1392d000
 wifi_ext@1.0-se-2906  [004] .... 10907.095350: do_anonymous_page: anonymous tgid 825 2906 "wifi_ext@1.0-se" 7fb9cb1000
 wifi_ext@1.0-se-2906  [004] .... 10907.095371: do_anonymous_page: anonymous tgid 825 2906 "wifi_ext@1.0-se" 7fb9cb2000
 wifi_ext@1.0-se-2906  [004] .... 10907.095378: do_anonymous_page: anonymous tgid 825 2906 "wifi_ext@1.0-se" 7fb9cb3000
 wifi_ext@1.0-se-2906  [004] .... 10907.095384: do_anonymous_page: anonymous tgid 825 2906 "wifi_ext@1.0-se" 7fb9cb4000
 wifi_ext@1.0-se-2906  [004] .... 10907.095390: do_anonymous_page: anonymous tgid 825 2906 "wifi_ext@1.0-se" 7fb9cb5000
 wifi_ext@1.0-se-2906  [004] .... 10907.095403: do_anonymous_page: anonymous tgid 825 2906 "wifi_ext@1.0-se" 7fba132000
  ClientModeImpl-1485  [004] .... 10907.095703: do_anonymous_page: anonymous tgid 1336 1485 "ClientModeImpl" 13972000
  ClientModeImpl-1485  [004] .... 10907.095894: do_anonymous_page: anonymous tgid 1336 1485 "ClientModeImpl" 13973000
  ClientModeImpl-1485  [004] .... 10907.096077: do_anonymous_page: anonymous tgid 1336 1485 "ClientModeImpl" 13974000
  ClientModeImpl-1485  [004] .... 10907.098930: do_anonymous_page: anonymous tgid 1336 1485 "ClientModeImpl" 13975000
  ClientModeImpl-1485  [004] .... 10907.099199: do_anonymous_page: anonymous tgid 1336 1485 "ClientModeImpl" 13976000
  ClientModeImpl-1485  [004] .... 10907.099278: do_anonymous_page: anonymous tgid 1336 1485 "ClientModeImpl" 13977000
  ClientModeImpl-1485  [004] .... 10907.100108: do_anonymous_page: anonymous tgid 1336 1485 "ClientModeImpl" 13978000
 BT Service Call-5794  [004] .... 10907.253782: do_anonymous_page: anonymous tgid 5767 5794 "BT Service Call" 12e0b000
   Binder:2266_7-3646  [004] .... 10907.254970: do_anonymous_page: anonymous tgid 2266 3646 "Binder:2266_7" 13a86000
 PowerManagerSer-1384  [004] .... 10907.350155: do_anonymous_page: anonymous tgid 1336 1384 "PowerManagerSer" 1392e000
 PowerManagerSer-1384  [004] .... 10908.271264: do_anonymous_page: anonymous tgid 1336 1384 "PowerManagerSer" 1392f000
 PowerManagerSer-1384  [004] .... 10909.192897: do_anonymous_page: anonymous tgid 1336 1384 "PowerManagerSer" 13930000
 NasModemEndPoin-1539  [004] .... 10910.108347: do_anonymous_page: anonymous tgid 917 1539 "NasModemEndPoin" 7fb0d57000
 PowerManagerSer-1384  [004] .... 10910.114761: do_anonymous_page: anonymous tgid 1336 1384 "PowerManagerSer" 13931000
  ClientModeImpl-1485  [004] .... 10910.115856: do_anonymous_page: anonymous tgid 1336 1485 "ClientModeImpl" 13979000
  ClientModeImpl-1485  [004] .... 10910.116052: do_anonymous_page: anonymous tgid 1336 1485 "ClientModeImpl" 1397a000
  ClientModeImpl-1485  [004] .... 10910.116217: do_anonymous_page: anonymous tgid 1336 1485 "ClientModeImpl" 1397b000
  ClientModeImpl-1485  [004] .... 10910.119194: do_anonymous_page: anonymous tgid 1336 1485 "ClientModeImpl" 1397c000
  ClientModeImpl-1485  [004] .... 10910.119566: do_anonymous_page: anonymous tgid 1336 1485 "ClientModeImpl" 1397d000
  ClientModeImpl-1485  [004] .... 10910.119661: do_anonymous_page: anonymous tgid 1336 1485 "ClientModeImpl" 1397e000
    BG Thread #5-5897  [004] .... 10911.077855: do_anonymous_page: anonymous tgid 5862 5897 "BG Thread #5" 13620000
    BG Thread #7-5899  [004] .... 10911.078402: do_anonymous_page: anonymous tgid 5862 5899 "BG Thread #7" 134c3000
   BG Thread #15-5983  [004] .... 10911.078685: do_anonymous_page: anonymous tgid 5862 5983 "BG Thread #15" 12f0f000
 wifi_ext@1.0-se-2906  [004] .... 10911.093473: do_anonymous_page: anonymous tgid 825 2906 "wifi_ext@1.0-se" 7fba0d2000
 wifi_ext@1.0-se-2906  [004] .... 10911.093491: do_anonymous_page: anonymous tgid 825 2906 "wifi_ext@1.0-se" 7fba0d3000
 wifi_ext@1.0-se-2906  [004] .... 10911.093498: do_anonymous_page: anonymous tgid 825 2906 "wifi_ext@1.0-se" 7fba0d4000
 wifi_ext@1.0-se-2906  [004] .... 10911.093504: do_anonymous_page: anonymous tgid 825 2906 "wifi_ext@1.0-se" 7fba0d5000
 wifi_ext@1.0-se-2906  [004] .... 10911.093510: do_anonymous_page: anonymous tgid 825 2906 "wifi_ext@1.0-se" 7fba0d6000
     ChromiumNet-5974  [004] .... 10911.097137: do_anonymous_page: anonymous tgid 5862 5974 "ChromiumNet" 13643000
   BG Thread #15-5983  [004] .... 10911.097564: do_anonymous_page: anonymous tgid 5862 5983 "BG Thread #15" 12f10000
    BG Thread #7-5899  [004] .... 10911.098187: do_anonymous_page: anonymous tgid 5862 5899 "BG Thread #7" 134c4000
    BG Thread #5-5897  [004] .... 10911.100576: do_anonymous_page: anonymous tgid 5862 5897 "BG Thread #5" 13621000
   BG Thread #12-5978  [004] .... 10911.101122: do_anonymous_page: anonymous tgid 5862 5978 "BG Thread #12" 133ce000
 PowerManagerSer-1384  [004] .... 10911.138195: do_anonymous_page: anonymous tgid 1336 1384 "PowerManagerSer" 13932000
 wifi_ext@1.0-se-2906  [004] .... 10911.163705: do_anonymous_page: anonymous tgid 825 2906 "wifi_ext@1.0-se" 7fb9b6e000
 wifi_ext@1.0-se-2906  [004] .... 10911.163722: do_anonymous_page: anonymous tgid 825 2906 "wifi_ext@1.0-se" 7fb9b6f000
 wifi_ext@1.0-se-2906  [004] .... 10911.163731: do_anonymous_page: anonymous tgid 825 2906 "wifi_ext@1.0-se" 7fb9b70000
 wifi_ext@1.0-se-2906  [004] .... 10911.163738: do_anonymous_page: anonymous tgid 825 2906 "wifi_ext@1.0-se" 7fb9b71000
 wifi_ext@1.0-se-2906  [004] .... 10911.163744: do_anonymous_page: anonymous tgid 825 2906 "wifi_ext@1.0-se" 7fb9b72000
 PowerManagerSer-1384  [004] .... 10912.060427: do_anonymous_page: anonymous tgid 1336 1384 "PowerManagerSer" 13933000
 PowerManagerSer-1384  [004] .... 10912.981144: do_anonymous_page: anonymous tgid 1336 1384 "PowerManagerSer" 13934000
  ClientModeImpl-1485  [004] .... 10913.124768: do_anonymous_page: anonymous tgid 1336 1485 "ClientModeImpl" 1397f000
  ClientModeImpl-1485  [004] .... 10913.135336: do_anonymous_page: anonymous tgid 1336 1485 "ClientModeImpl" 13cc0000
  ClientModeImpl-1485  [004] .... 10913.135524: do_anonymous_page: anonymous tgid 1336 1485 "ClientModeImpl" 13cc1000
  ClientModeImpl-1485  [004] .... 10913.135667: do_anonymous_page: anonymous tgid 1336 1485 "ClientModeImpl" 13cc2000
  ClientModeImpl-1485  [004] .... 10913.138503: do_anonymous_page: anonymous tgid 1336 1485 "ClientModeImpl" 13cc3000
  ClientModeImpl-1485  [004] .... 10913.138690: do_anonymous_page: anonymous tgid 1336 1485 "ClientModeImpl" 13cc4000
  ClientModeImpl-1485  [004] .... 10913.138796: do_anonymous_page: anonymous tgid 1336 1485 "ClientModeImpl" 13cc5000
 MdnsSocketClien-11677 [004] .... 10913.212641: do_anonymous_page: anonymous tgid 2586 11677 "MdnsSocketClien" 12dc1000
 GoogleApiHandle-3280  [004] .... 10913.213082: do_anonymous_page: anonymous tgid 2586 3280 "GoogleApiHandle" 12c44000
   Binder:2586_C-5635  [004] .... 10913.216058: do_anonymous_page: anonymous tgid 2586 5635 "Binder:2586_C" 7f2f052000
   Binder:2586_C-5635  [004] .... 10913.216126: do_anonymous_page: anonymous tgid 2586 5635 "Binder:2586_C" 13280000
   Binder:2266_7-3646  [004] .... 10913.218201: do_anonymous_page: anonymous tgid 2266 3646 "Binder:2266_7" 13a87000
 GoogleApiHandle-3280  [004] .... 10913.219311: do_anonymous_page: anonymous tgid 2586 3280 "GoogleApiHandle" 12c45000
   Binder:2266_B-7607  [004] .... 10913.219788: do_anonymous_page: anonymous tgid 2266 7607 "Binder:2266_B" 7f313ee000
   Binder:2266_B-7607  [004] .... 10913.220013: do_anonymous_page: anonymous tgid 2266 7607 "Binder:2266_B" 14345000
   Binder:1896_1-1920  [004] .... 10913.221359: do_anonymous_page: anonymous tgid 1896 1920 "Binder:1896_1" 13457000
     lowpool[54]-11866 [004] .... 10913.225266: do_anonymous_page: anonymous tgid 2266 11866 "lowpool[54]" 13c81000
     lowpool[54]-11866 [004] .... 10913.226084: do_anonymous_page: anonymous tgid 2266 11866 "lowpool[54]" 13c82000
     lowpool[53]-11865 [004] .... 10913.227221: do_anonymous_page: anonymous tgid 2266 11865 "lowpool[53]" 12c80000
     mdxSsdp23-3-6031  [004] .... 10913.717841: do_anonymous_page: anonymous tgid 5862 6031 "mdxSsdp23-3" 12e82000
     mdxSsdp23-3-6031  [004] .... 10913.722339: do_anonymous_page: anonymous tgid 5862 6031 "mdxSsdp23-3" 12e83000
 wifi_ext@1.0-se-2906  [004] .... 10913.737197: do_anonymous_page: anonymous tgid 825 2906 "wifi_ext@1.0-se" 7fb9b81000
 wifi_ext@1.0-se-2906  [004] .... 10913.737216: do_anonymous_page: anonymous tgid 825 2906 "wifi_ext@1.0-se" 7fb9b82000
 wifi_ext@1.0-se-2906  [004] .... 10913.737222: do_anonymous_page: anonymous tgid 825 2906 "wifi_ext@1.0-se" 7fb9b83000
 wifi_ext@1.0-se-2906  [004] .... 10913.737228: do_anonymous_page: anonymous tgid 825 2906 "wifi_ext@1.0-se" 7fb9b84000
 wifi_ext@1.0-se-2906  [004] .... 10913.737234: do_anonymous_page: anonymous tgid 825 2906 "wifi_ext@1.0-se" 7fb9b85000
 PowerManagerSer-1384  [004] .... 10914.005913: do_anonymous_page: anonymous tgid 1336 1384 "PowerManagerSer" 13935000
 wifi_ext@1.0-se-2906  [004] .... 10914.034799: do_anonymous_page: anonymous tgid 825 2906 "wifi_ext@1.0-se" 7fb9b8e000
 wifi_ext@1.0-se-2906  [004] .... 10914.034814: do_anonymous_page: anonymous tgid 825 2906 "wifi_ext@1.0-se" 7fb9b8f000
 wifi_ext@1.0-se-2906  [004] .... 10914.034829: do_anonymous_page: anonymous tgid 825 2906 "wifi_ext@1.0-se" 7fb9b90000
 wifi_ext@1.0-se-2906  [004] .... 10914.034864: do_anonymous_page: anonymous tgid 825 2906 "wifi_ext@1.0-se" 7fb9b91000
 wifi_ext@1.0-se-2906  [004] .... 10914.034964: do_anonymous_page: anonymous tgid 825 2906 "wifi_ext@1.0-se" 7fba133000
 wifi_ext@1.0-se-2906  [004] .... 10914.390810: do_anonymous_page: anonymous tgid 825 2906 "wifi_ext@1.0-se" 7fb9cb6000
 wifi_ext@1.0-se-2906  [004] .... 10914.390833: do_anonymous_page: anonymous tgid 825 2906 "wifi_ext@1.0-se" 7fb9cb7000
 wifi_ext@1.0-se-2906  [004] .... 10914.390841: do_anonymous_page: anonymous tgid 825 2906 "wifi_ext@1.0-se" 7fb9cb8000
 wifi_ext@1.0-se-2906  [004] .... 10914.390848: do_anonymous_page: anonymous tgid 825 2906 "wifi_ext@1.0-se" 7fb9cb9000
 wifi_ext@1.0-se-2906  [004] .... 10914.390854: do_anonymous_page: anonymous tgid 825 2906 "wifi_ext@1.0-se" 7fb9cba000
   BG Thread #11-5979  [004] .... 10914.489114: do_anonymous_page: anonymous tgid 5862 5979 "BG Thread #11" 13141000
   BG Thread #11-5979  [004] .... 10914.511282: do_anonymous_page: anonymous tgid 5862 5979 "BG Thread #11" 13142000
   BG Thread #11-5979  [004] .... 10914.512215: do_anonymous_page: anonymous tgid 5862 5979 "BG Thread #11" 13143000
   BG Thread #11-5979  [004] .... 10914.512602: do_anonymous_page: anonymous tgid 5862 5979 "BG Thread #11" 13144000
   BG Thread #12-5978  [004] .... 10914.513551: do_anonymous_page: anonymous tgid 5862 5978 "BG Thread #12" 133cf000
   BG Thread #11-5979  [004] .... 10914.515114: do_anonymous_page: anonymous tgid 5862 5979 "BG Thread #11" 13145000
   BG Thread #12-5978  [004] .... 10914.517779: do_anonymous_page: anonymous tgid 5862 5978 "BG Thread #12" 133d0000
   BG Thread #11-5979  [004] .... 10914.518029: do_anonymous_page: anonymous tgid 5862 5979 "BG Thread #11" 13146000
   BG Thread #12-5978  [004] .... 10914.518677: do_anonymous_page: anonymous tgid 5862 5978 "BG Thread #12" 133d1000
 cronet-ui-inner-5918  [004] .... 10914.519663: do_anonymous_page: anonymous tgid 5862 5918 "cronet-ui-inner" 136c0000
 cronet-ui-inner-5918  [004] .... 10914.519953: do_anonymous_page: anonymous tgid 5862 5918 "cronet-ui-inner" 136c1000
 cronet-ui-inner-5918  [004] .... 10914.521685: do_anonymous_page: anonymous tgid 5862 5918 "cronet-ui-inner" 136c2000
 cronet-ui-inner-5918  [004] .... 10914.522130: do_anonymous_page: anonymous tgid 5862 5918 "cronet-ui-inner" 136c3000
 cronet-ui-inner-5918  [004] .... 10914.522509: do_anonymous_page: anonymous tgid 5862 5918 "cronet-ui-inner" 7eb4fd4000
   BG Thread #12-5978  [004] .... 10914.524499: do_anonymous_page: anonymous tgid 5862 5978 "BG Thread #12" 133d2000
            netd-1103  [004] .... 10914.526438: do_anonymous_page: anonymous tgid 785 1103 "netd" 7fae321000
            netd-1103  [004] .... 10914.526460: do_anonymous_page: anonymous tgid 785 1103 "netd" 7fae320000
            netd-12085 [004] .... 10914.526815: do_anonymous_page: anonymous tgid 785 12085 "netd" 7fae31e000
            netd-12085 [004] .... 10914.526833: do_anonymous_page: anonymous tgid 785 12085 "netd" 7fae31d000
            netd-12085 [004] .... 10914.526878: do_anonymous_page: anonymous tgid 785 12085 "netd" 7fbcd22000
            netd-12085 [004] .... 10914.526893: do_anonymous_page: anonymous tgid 785 12085 "netd" 7fae31f000
            netd-12085 [004] .... 10914.526910: do_anonymous_page: anonymous tgid 785 12085 "netd" 7fbcd30000
            netd-12085 [004] .... 10914.526914: do_anonymous_page: anonymous tgid 785 12085 "netd" 7fbcd31000
            netd-12085 [004] .... 10914.526917: do_anonymous_page: anonymous tgid 785 12085 "netd" 7fbcd32000
            netd-12085 [004] .... 10914.526921: do_anonymous_page: anonymous tgid 785 12085 "netd" 7fbcd33000
            netd-12085 [004] .... 10914.526931: do_anonymous_page: anonymous tgid 785 12085 "netd" 7fbcd4c000
            netd-12085 [004] .... 10914.526934: do_anonymous_page: anonymous tgid 785 12085 "netd" 7fbcd4d000
            netd-12085 [004] .... 10914.526937: do_anonymous_page: anonymous tgid 785 12085 "netd" 7fbcd4e000
            netd-12085 [004] .... 10914.526942: do_anonymous_page: anonymous tgid 785 12085 "netd" 7fbcd4a000
            netd-12085 [004] .... 10914.526964: do_anonymous_page: anonymous tgid 785 12085 "netd" 7fae31c000
 GlobalScheduler-2394  [004] .... 10914.570568: do_anonymous_page: anonymous tgid 2266 2394 "GlobalScheduler" 12f00000
 wifi_ext@1.0-se-2906  [004] .... 10914.604126: do_anonymous_page: anonymous tgid 825 2906 "wifi_ext@1.0-se" 7fba3b4000
 wifi_ext@1.0-se-2906  [004] .... 10914.604145: do_anonymous_page: anonymous tgid 825 2906 "wifi_ext@1.0-se" 7fba3b5000
 wifi_ext@1.0-se-2906  [004] .... 10914.604153: do_anonymous_page: anonymous tgid 825 2906 "wifi_ext@1.0-se" 7fba3b6000
 wifi_ext@1.0-se-2906  [004] .... 10914.604159: do_anonymous_page: anonymous tgid 825 2906 "wifi_ext@1.0-se" 7fba3b7000
 wifi_ext@1.0-se-2906  [004] .... 10914.604165: do_anonymous_page: anonymous tgid 825 2906 "wifi_ext@1.0-se" 7fba3b8000
 queued-work-loo-6016  [004] .... 10914.620202: do_anonymous_page: anonymous tgid 5862 6016 "queued-work-loo" 13202000
 queued-work-loo-6016  [004] .... 10914.621310: do_anonymous_page: anonymous tgid 5862 6016 "queued-work-loo" 778b6000
 queued-work-loo-6016  [004] .... 10914.621331: do_anonymous_page: anonymous tgid 5862 6016 "queued-work-loo" 778c7000
 queued-work-loo-6016  [004] .... 10914.622348: do_anonymous_page: anonymous tgid 5862 6016 "queued-work-loo" 778b7000
 queued-work-loo-6016  [004] .... 10914.622410: do_anonymous_page: anonymous tgid 5862 6016 "queued-work-loo" 778b8000
 queued-work-loo-6016  [004] .... 10914.622456: do_anonymous_page: anonymous tgid 5862 6016 "queued-work-loo" 778b9000
 queued-work-loo-6016  [004] .... 10914.622497: do_anonymous_page: anonymous tgid 5862 6016 "queued-work-loo" 778ba000
 queued-work-loo-6016  [004] .... 10914.622545: do_anonymous_page: anonymous tgid 5862 6016 "queued-work-loo" 778bb000
 queued-work-loo-6016  [004] .... 10914.622589: do_anonymous_page: anonymous tgid 5862 6016 "queued-work-loo" 778bc000
 queued-work-loo-6016  [004] .... 10914.622632: do_anonymous_page: anonymous tgid 5862 6016 "queued-work-loo" 778bd000
 queued-work-loo-6016  [004] .... 10914.622692: do_anonymous_page: anonymous tgid 5862 6016 "queued-work-loo" 778be000
 queued-work-loo-6016  [004] .... 10914.622729: do_anonymous_page: anonymous tgid 5862 6016 "queued-work-loo" 778bf000
 queued-work-loo-6016  [004] .... 10914.622767: do_anonymous_page: anonymous tgid 5862 6016 "queued-work-loo" 778c0000
 queued-work-loo-6016  [004] .... 10914.622804: do_anonymous_page: anonymous tgid 5862 6016 "queued-work-loo" 778c1000
 queued-work-loo-6016  [004] .... 10914.622851: do_anonymous_page: anonymous tgid 5862 6016 "queued-work-loo" 778c2000
 queued-work-loo-6016  [004] .... 10914.622898: do_anonymous_page: anonymous tgid 5862 6016 "queued-work-loo" 778c3000
 queued-work-loo-6016  [004] .... 10914.622938: do_anonymous_page: anonymous tgid 5862 6016 "queued-work-loo" 778c4000
 queued-work-loo-6016  [004] .... 10914.622976: do_anonymous_page: anonymous tgid 5862 6016 "queued-work-loo" 778c5000
 queued-work-loo-6016  [004] .... 10914.623063: do_anonymous_page: anonymous tgid 5862 6016 "queued-work-loo" 778c8000
 queued-work-loo-6016  [004] .... 10914.623088: do_anonymous_page: anonymous tgid 5862 6016 "queued-work-loo" 778c9000
 queued-work-loo-6016  [004] .... 10914.623111: do_anonymous_page: anonymous tgid 5862 6016 "queued-work-loo" 778ca000
 queued-work-loo-6016  [004] .... 10914.623137: do_anonymous_page: anonymous tgid 5862 6016 "queued-work-loo" 778cb000
 queued-work-loo-6016  [004] .... 10914.623161: do_anonymous_page: anonymous tgid 5862 6016 "queued-work-loo" 778cc000
 queued-work-loo-6016  [004] .... 10914.623184: do_anonymous_page: anonymous tgid 5862 6016 "queued-work-loo" 778cd000
 queued-work-loo-6016  [004] .... 10914.623207: do_anonymous_page: anonymous tgid 5862 6016 "queued-work-loo" 778ce000
             cat-12086 [004] .... 10914.796864: do_anonymous_page: anonymous tgid 12086 12086 "adbd" 7ffffff000
            adbd-5661  [004] .... 10914.797558: do_anonymous_page: anonymous tgid 5661 5661 "adbd" 7fb9382000
            adbd-5661  [004] .... 10914.797569: do_anonymous_page: anonymous tgid 5661 5661 "adbd" 7fb9381000
             cat-12086 [004] .... 10914.798136: do_anonymous_page: anonymous tgid 12086 12086 "sh" 7fbf6ff000
             cat-12086 [004] .... 10914.798158: do_anonymous_page: anonymous tgid 12086 12086 "sh" 7fbf6fb000
             cat-12086 [004] .... 10914.798201: do_anonymous_page: anonymous tgid 12086 12086 "sh" 7fffffe000
             cat-12086 [004] .... 10914.798210: do_anonymous_page: anonymous tgid 12086 12086 "sh" 7fbf700000
             cat-12086 [004] .... 10914.798217: do_anonymous_page: anonymous tgid 12086 12086 "sh" 7fbf6fc000
             cat-12086 [004] .... 10914.798258: do_anonymous_page: anonymous tgid 12086 12086 "sh" 7fbf5e2000
             cat-12086 [004] .... 10914.798287: do_anonymous_page: anonymous tgid 12086 12086 "sh" 7fbf6fe000
             cat-12086 [004] .... 10914.798311: do_anonymous_page: anonymous tgid 12086 12086 "sh" 7fbe5d8000
             cat-12086 [004] .... 10914.798518: do_anonymous_page: anonymous tgid 12086 12086 "sh" 7fbf6fd000
             cat-12086 [004] .... 10914.798538: do_anonymous_page: anonymous tgid 12086 12086 "sh" 7fbe5d7000
             cat-12086 [004] .... 10914.798546: do_anonymous_page: anonymous tgid 12086 12086 "sh" 7fbe5d6000
             cat-12086 [004] .... 10914.798550: do_anonymous_page: anonymous tgid 12086 12086 "sh" 7fbe572000
             cat-12086 [004] .... 10914.798941: do_anonymous_page: anonymous tgid 12086 12086 "sh" 7fffffd000
             cat-12086 [004] .... 10914.798979: do_anonymous_page: anonymous tgid 12086 12086 "sh" 7fbe565000
             cat-12086 [004] .... 10914.799120: do_anonymous_page: anonymous tgid 12086 12086 "sh" 7fbe566000
             cat-12086 [004] .... 10914.799282: do_anonymous_page: anonymous tgid 12086 12086 "sh" 7fbe4be000
             cat-12086 [004] .... 10914.799310: do_anonymous_page: anonymous tgid 12086 12086 "sh" 7fbe4bd000
             cat-12086 [004] .... 10914.799319: do_anonymous_page: anonymous tgid 12086 12086 "sh" 7fbe4bc000
             cat-12086 [004] .... 10914.799350: do_anonymous_page: anonymous tgid 12086 12086 "sh" 7fffffc000
             cat-12086 [004] .... 10914.799411: do_anonymous_page: anonymous tgid 12086 12086 "sh" 7fffffb000
             cat-12086 [004] .... 10914.799427: do_anonymous_page: anonymous tgid 12086 12086 "sh" 7fbe490000
             cat-12086 [004] .... 10914.799440: do_anonymous_page: anonymous tgid 12086 12086 "sh" 7fbe491000
             cat-12086 [004] .... 10914.799447: do_anonymous_page: anonymous tgid 12086 12086 "sh" 7fbe492000
             cat-12086 [004] .... 10914.799453: do_anonymous_page: anonymous tgid 12086 12086 "sh" 7fbe493000
             cat-12086 [004] .... 10914.799460: do_anonymous_page: anonymous tgid 12086 12086 "sh" 7fbe494000
             cat-12086 [004] .... 10914.799467: do_anonymous_page: anonymous tgid 12086 12086 "sh" 7fbe495000
             cat-12086 [004] .... 10914.799472: do_anonymous_page: anonymous tgid 12086 12086 "sh" 7fbe496000
             cat-12086 [004] .... 10914.799477: do_anonymous_page: anonymous tgid 12086 12086 "sh" 7fbe497000
             cat-12086 [004] .... 10914.799483: do_anonymous_page: anonymous tgid 12086 12086 "sh" 7fbe498000
             cat-12086 [004] .... 10914.799489: do_anonymous_page: anonymous tgid 12086 12086 "sh" 7fbe499000
             cat-12086 [004] .... 10914.799495: do_anonymous_page: anonymous tgid 12086 12086 "sh" 7fbe49a000
             cat-12086 [004] .... 10914.799502: do_anonymous_page: anonymous tgid 12086 12086 "sh" 7fbe49b000
             cat-12086 [004] .... 10914.799525: do_anonymous_page: anonymous tgid 12086 12086 "sh" 7fffffa000
             cat-12086 [004] .... 10914.799530: do_anonymous_page: anonymous tgid 12086 12086 "sh" 7fffff8000
             cat-12086 [004] .... 10914.799532: do_anonymous_page: anonymous tgid 12086 12086 "sh" 7fffff9000
             cat-12086 [004] .... 10914.799570: do_anonymous_page: anonymous tgid 12086 12086 "sh" 7fbe48f000
             cat-12086 [004] .... 10914.799581: do_anonymous_page: anonymous tgid 12086 12086 "sh" 7fbe48e000
             cat-12086 [004] .... 10914.799628: do_anonymous_page: anonymous tgid 12086 12086 "sh" 7fbe48d000
             cat-12086 [004] .... 10914.799633: do_anonymous_page: anonymous tgid 12086 12086 "sh" 7fbe48c000
             cat-12086 [004] .... 10914.799654: do_anonymous_page: anonymous tgid 12086 12086 "sh" 7fbe48b000
             cat-12086 [004] .... 10914.799682: do_anonymous_page: anonymous tgid 12086 12086 "sh" 7fbe48a000
             cat-12086 [004] .... 10914.799709: do_anonymous_page: anonymous tgid 12086 12086 "sh" 7fbe489000
             cat-12086 [004] .... 10914.799714: do_anonymous_page: anonymous tgid 12086 12086 "sh" 7fbe488000
             cat-12086 [004] .... 10914.799785: do_anonymous_page: anonymous tgid 12086 12086 "sh" 7fffff7000
             cat-12086 [004] .... 10914.799857: do_anonymous_page: anonymous tgid 12086 12086 "sh" 7fbe49b000
             cat-12086 [004] .... 10914.799887: do_anonymous_page: anonymous tgid 12086 12086 "sh" 7fbe49a000
             cat-12086 [004] .... 10914.799914: do_anonymous_page: anonymous tgid 12086 12086 "sh" 7fbe499000
             cat-12086 [004] .... 10914.800005: do_anonymous_page: anonymous tgid 12086 12086 "sh" 7fbe424000
             cat-12086 [004] .... 10914.800038: do_anonymous_page: anonymous tgid 12086 12086 "sh" 7fbe4bc000
             cat-12086 [004] .... 10914.800057: do_anonymous_page: anonymous tgid 12086 12086 "sh" 7fbe498000
             cat-12086 [004] .... 10914.800073: do_anonymous_page: anonymous tgid 12086 12086 "sh" 7fbe497000
             cat-12086 [004] .... 10914.800107: do_anonymous_page: anonymous tgid 12086 12086 "sh" 7fbe496000
             cat-12086 [004] .... 10914.800122: do_anonymous_page: anonymous tgid 12086 12086 "sh" 7fbe495000
             cat-12086 [004] .... 10914.800144: do_anonymous_page: anonymous tgid 12086 12086 "sh" 7fbe3c0000
             cat-12086 [004] .... 10914.800150: do_anonymous_page: anonymous tgid 12086 12086 "sh" 7fbe35c000
             cat-12086 [004] .... 10914.800173: do_anonymous_page: anonymous tgid 12086 12086 "sh" 7fbe493000
             cat-12086 [004] .... 10914.800177: do_anonymous_page: anonymous tgid 12086 12086 "sh" 7fbe494000
             cat-12086 [004] .... 10914.800182: do_anonymous_page: anonymous tgid 12086 12086 "sh" 7fbe491000
             cat-12086 [004] .... 10914.800185: do_anonymous_page: anonymous tgid 12086 12086 "sh" 7fbe492000
             cat-12086 [004] .... 10914.800315: do_anonymous_page: anonymous tgid 12086 12086 "sh" 7fbe340000
             cat-12086 [004] .... 10914.800321: do_anonymous_page: anonymous tgid 12086 12086 "sh" 7fbe341000
             cat-12086 [004] .... 10914.800325: do_anonymous_page: anonymous tgid 12086 12086 "sh" 7fbe33e000
             cat-12086 [004] .... 10914.800327: do_anonymous_page: anonymous tgid 12086 12086 "sh" 7fbe33f000
             cat-12086 [004] .... 10914.800406: do_anonymous_page: anonymous tgid 12086 12086 "sh" 7fbe33a000
             cat-12086 [004] .... 10914.800411: do_anonymous_page: anonymous tgid 12086 12086 "sh" 7fbe33b000
             cat-12086 [004] .... 10914.800814: do_anonymous_page: anonymous tgid 12086 12086 "sh" 7fbe338000
             cat-12086 [004] .... 10914.800823: do_anonymous_page: anonymous tgid 12086 12086 "sh" 7fbe339000
             cat-12086 [004] .... 10914.800987: do_anonymous_page: anonymous tgid 12086 12086 "sh" 7fbe334000
             cat-12086 [004] .... 10914.800993: do_anonymous_page: anonymous tgid 12086 12086 "sh" 7fbe335000
             cat-12086 [004] .... 10914.800998: do_anonymous_page: anonymous tgid 12086 12086 "sh" 7fbe332000
             cat-12086 [004] .... 10914.801000: do_anonymous_page: anonymous tgid 12086 12086 "sh" 7fbe333000
             cat-12086 [004] .... 10914.801170: do_anonymous_page: anonymous tgid 12086 12086 "sh" 7fbde00000
 wifi_ext@1.0-se-2906  [004] .... 10914.801550: do_anonymous_page: anonymous tgid 825 2906 "wifi_ext@1.0-se" 7fb9cbb000
 wifi_ext@1.0-se-2906  [004] .... 10914.801560: do_anonymous_page: anonymous tgid 825 2906 "wifi_ext@1.0-se" 7fb9cbc000
 wifi_ext@1.0-se-2906  [004] .... 10914.801563: do_anonymous_page: anonymous tgid 825 2906 "wifi_ext@1.0-se" 7fb9cbd000
 wifi_ext@1.0-se-2906  [004] .... 10914.801567: do_anonymous_page: anonymous tgid 825 2906 "wifi_ext@1.0-se" 7fb9cbe000
 wifi_ext@1.0-se-2906  [004] .... 10914.801570: do_anonymous_page: anonymous tgid 825 2906 "wifi_ext@1.0-se" 7fb9cbf000
 wifi_ext@1.0-se-2906  [004] .... 10914.801583: do_anonymous_page: anonymous tgid 825 2906 "wifi_ext@1.0-se" 7fbb734000
             cat-12086 [004] .... 10914.802658: do_anonymous_page: anonymous tgid 12086 12086 "sh" 7fbe491000
             cat-12086 [004] .... 10914.802670: do_anonymous_page: anonymous tgid 12086 12086 "sh" 7fbe0e5000
             cat-12086 [004] .... 10914.802677: do_anonymous_page: anonymous tgid 12086 12086 "sh" 7fbe0e9000
             cat-12086 [004] .... 10914.802710: do_anonymous_page: anonymous tgid 12086 12086 "sh" 7fbf5e5000
             cat-12086 [004] .... 10914.802747: do_anonymous_page: anonymous tgid 12086 12086 "sh" 7fbdc00000
             cat-12086 [004] .... 10914.802754: do_anonymous_page: anonymous tgid 12086 12086 "sh" 7fbe0eb000
             cat-12086 [004] .... 10914.802757: do_anonymous_page: anonymous tgid 12086 12086 "sh" 7fbe2f5000
             cat-12086 [004] .... 10914.802760: do_anonymous_page: anonymous tgid 12086 12086 "sh" 7fbe2f6000
             cat-12086 [004] .... 10914.802763: do_anonymous_page: anonymous tgid 12086 12086 "sh" 7fbe2f7000
             cat-12086 [004] .... 10914.802767: do_anonymous_page: anonymous tgid 12086 12086 "sh" 7fbe2f8000
             cat-12086 [004] .... 10914.802770: do_anonymous_page: anonymous tgid 12086 12086 "sh" 7fbe2f9000
             cat-12086 [004] .... 10914.802773: do_anonymous_page: anonymous tgid 12086 12086 "sh" 7fbe2fa000
             cat-12086 [004] .... 10914.802776: do_anonymous_page: anonymous tgid 12086 12086 "sh" 7fbe2fb000
             cat-12086 [004] .... 10914.802782: do_anonymous_page: anonymous tgid 12086 12086 "sh" 7fbe2ed000
             cat-12086 [004] .... 10914.802784: do_anonymous_page: anonymous tgid 12086 12086 "sh" 7fbdc02000
             cat-12086 [004] .... 10914.802788: do_anonymous_page: anonymous tgid 12086 12086 "sh" 7fbdc03000
             cat-12086 [004] .... 10914.802792: do_anonymous_page: anonymous tgid 12086 12086 "sh" 7fbdc04000
             cat-12086 [004] .... 10914.802794: do_anonymous_page: anonymous tgid 12086 12086 "sh" 7fbdc05000
             cat-12086 [004] .... 10914.802797: do_anonymous_page: anonymous tgid 12086 12086 "sh" 7fbdc06000
             cat-12086 [004] .... 10914.802801: do_anonymous_page: anonymous tgid 12086 12086 "sh" 7fbe0e6000
             cat-12086 [004] .... 10914.802811: do_anonymous_page: anonymous tgid 12086 12086 "sh" 7fbe0ec000
             cat-12086 [004] .... 10914.802814: do_anonymous_page: anonymous tgid 12086 12086 "sh" 7fbd600000
             cat-12086 [004] .... 10914.802819: do_anonymous_page: anonymous tgid 12086 12086 "sh" 7fbd7ed000
             cat-12086 [004] .... 10914.802821: do_anonymous_page: anonymous tgid 12086 12086 "sh" 7fbd7ee000
             cat-12086 [004] .... 10914.802827: do_anonymous_page: anonymous tgid 12086 12086 "sh" 7fbda00000
             cat-12086 [004] .... 10914.802830: do_anonymous_page: anonymous tgid 12086 12086 "sh" 7fbda01000
             cat-12086 [004] .... 10914.802836: do_anonymous_page: anonymous tgid 12086 12086 "sh" 7fbda05000
             cat-12086 [004] .... 10914.802841: do_anonymous_page: anonymous tgid 12086 12086 "sh" 7fbdc07000
             cat-12086 [004] .... 10914.802845: do_anonymous_page: anonymous tgid 12086 12086 "sh" 7fbda06000
             cat-12086 [004] .... 10914.802869: do_anonymous_page: anonymous tgid 12086 12086 "sh" 7fbda02000
             cat-12086 [004] .... 10914.802872: do_anonymous_page: anonymous tgid 12086 12086 "sh" 7fbda05000
             cat-12086 [004] .... 10914.802895: do_anonymous_page: anonymous tgid 12086 12086 "sh" 7fbf5e3000
             cat-12086 [004] .... 10914.802899: do_anonymous_page: anonymous tgid 12086 12086 "sh" 7fbf5e4000
             cat-12086 [004] .... 10914.802970: do_anonymous_page: anonymous tgid 12086 12086 "sh" 7fbe30f000
             cat-12086 [004] .... 10914.802973: do_anonymous_page: anonymous tgid 12086 12086 "sh" 7fbe310000
             cat-12086 [004] .... 10914.802977: do_anonymous_page: anonymous tgid 12086 12086 "sh" 7fbe30d000
             cat-12086 [004] .... 10914.802980: do_anonymous_page: anonymous tgid 12086 12086 "sh" 7fbe30e000
             cat-12086 [004] .... 10914.803001: do_anonymous_page: anonymous tgid 12086 12086 "sh" 7fbe4bf000
 shell svc 12086-12087 [004] .... 10914.803176: do_anonymous_page: anonymous tgid 5661 12087 "adbd" 7fb9380000
             cat-12086 [004] .... 10914.803244: do_anonymous_page: anonymous tgid 12086 12086 "sh" 7fbd5cd000
             cat-12086 [004] .... 10914.803269: do_anonymous_page: anonymous tgid 12086 12086 "sh" 7fbdfbb000
             cat-12086 [004] .... 10914.803274: do_anonymous_page: anonymous tgid 12086 12086 "sh" 7fbdfbc000
             cat-12086 [004] .... 10914.803278: do_anonymous_page: anonymous tgid 12086 12086 "sh" 7fbdfba000
             cat-12086 [004] .... 10914.803285: do_anonymous_page: anonymous tgid 12086 12086 "sh" 7fbdfbd000
             cat-12086 [004] .... 10914.803296: do_anonymous_page: anonymous tgid 12086 12086 "sh" 7fbda09000
             cat-12086 [004] .... 10914.803312: do_anonymous_page: anonymous tgid 12086 12086 "sh" 7fbe48c000
             cat-12086 [004] .... 10914.803380: do_anonymous_page: anonymous tgid 12086 12086 "sh" 555559e000
             cat-12086 [004] .... 10914.803384: do_anonymous_page: anonymous tgid 12086 12086 "sh" 555559d000
