             cat-12782 [004] .... 12168.166508: do_anonymous_page: anonymous tgid 12782 12782 "cat" 7fbe34e000
             cat-12782 [004] .... 12168.166542: do_anonymous_page: anonymous tgid 12782 12782 "cat" 7fbe33e000
             cat-12782 [004] .... 12168.166544: do_anonymous_page: anonymous tgid 12782 12782 "cat" 7fbe33f000
             cat-12782 [004] .... 12168.166547: do_anonymous_page: anonymous tgid 12782 12782 "cat" 7fbe33c000
             cat-12782 [004] .... 12168.166549: do_anonymous_page: anonymous tgid 12782 12782 "cat" 7fbe33d000
             cat-12782 [004] .... 12168.166561: do_anonymous_page: anonymous tgid 12782 12782 "cat" 7fbe4bf000
             cat-12782 [004] .... 12168.166618: do_anonymous_page: anonymous tgid 12782 12782 "cat" 7fbe32d000
             cat-12782 [004] .... 12168.166620: do_anonymous_page: anonymous tgid 12782 12782 "cat" 7fbe32e000
             cat-12782 [004] .... 12168.166623: do_anonymous_page: anonymous tgid 12782 12782 "cat" 7fbe32b000
             cat-12782 [004] .... 12168.166625: do_anonymous_page: anonymous tgid 12782 12782 "cat" 7fbe32c000
             cat-12782 [004] .... 12168.166641: do_anonymous_page: anonymous tgid 12782 12782 "cat" 7fbe32e000
             cat-12782 [004] .... 12168.166685: do_anonymous_page: anonymous tgid 12782 12782 "cat" 7fbe327000
             cat-12782 [004] .... 12168.166687: do_anonymous_page: anonymous tgid 12782 12782 "cat" 7fbe328000
             cat-12782 [004] .... 12168.166690: do_anonymous_page: anonymous tgid 12782 12782 "cat" 7fbe325000
             cat-12782 [004] .... 12168.166692: do_anonymous_page: anonymous tgid 12782 12782 "cat" 7fbe326000
             cat-12782 [004] .... 12168.166730: do_anonymous_page: anonymous tgid 12782 12782 "cat" 7fbe31f000
             cat-12782 [004] .... 12168.166732: do_anonymous_page: anonymous tgid 12782 12782 "cat" 7fbe320000
             cat-12782 [004] .... 12168.166735: do_anonymous_page: anonymous tgid 12782 12782 "cat" 7fbe31d000
             cat-12782 [004] .... 12168.166736: do_anonymous_page: anonymous tgid 12782 12782 "cat" 7fbe31e000
             cat-12782 [004] .... 12168.166770: do_anonymous_page: anonymous tgid 12782 12782 "cat" 7fbe319000
             cat-12782 [004] .... 12168.166772: do_anonymous_page: anonymous tgid 12782 12782 "cat" 7fbe31a000
             cat-12782 [004] .... 12168.166775: do_anonymous_page: anonymous tgid 12782 12782 "cat" 7fbe317000
             cat-12782 [004] .... 12168.166776: do_anonymous_page: anonymous tgid 12782 12782 "cat" 7fbe318000
             cat-12782 [004] .... 12168.166807: do_anonymous_page: anonymous tgid 12782 12782 "cat" 7fbe315000
             cat-12782 [004] .... 12168.166809: do_anonymous_page: anonymous tgid 12782 12782 "cat" 7fbe316000
             cat-12782 [004] .... 12168.166812: do_anonymous_page: anonymous tgid 12782 12782 "cat" 7fbe313000
             cat-12782 [004] .... 12168.166814: do_anonymous_page: anonymous tgid 12782 12782 "cat" 7fbe314000
             cat-12782 [004] .... 12168.166849: do_anonymous_page: anonymous tgid 12782 12782 "cat" 7fbe2f7000
             cat-12782 [004] .... 12168.166851: do_anonymous_page: anonymous tgid 12782 12782 "cat" 7fbe2f8000
             cat-12782 [004] .... 12168.166854: do_anonymous_page: anonymous tgid 12782 12782 "cat" 7fbe2f5000
             cat-12782 [004] .... 12168.166855: do_anonymous_page: anonymous tgid 12782 12782 "cat" 7fbe2f6000
             cat-12782 [004] .... 12168.166884: do_anonymous_page: anonymous tgid 12782 12782 "cat" 7fbe2f1000
             cat-12782 [004] .... 12168.166886: do_anonymous_page: anonymous tgid 12782 12782 "cat" 7fbe2f2000
             cat-12782 [004] .... 12168.166889: do_anonymous_page: anonymous tgid 12782 12782 "cat" 7fbe2ef000
             cat-12782 [004] .... 12168.166891: do_anonymous_page: anonymous tgid 12782 12782 "cat" 7fbe2f0000
             cat-12782 [004] .... 12168.166902: do_anonymous_page: anonymous tgid 12782 12782 "cat" 7fbe4c0000
             cat-12782 [004] .... 12168.166915: do_anonymous_page: anonymous tgid 12782 12782 "cat" 7fbe35d000
             cat-12782 [004] .... 12168.166924: do_anonymous_page: anonymous tgid 12782 12782 "cat" 7fbe2ec000
             cat-12782 [004] .... 12168.166925: do_anonymous_page: anonymous tgid 12782 12782 "cat" 7fbe2ed000
             cat-12782 [004] .... 12168.166928: do_anonymous_page: anonymous tgid 12782 12782 "cat" 7fbe2ea000
             cat-12782 [004] .... 12168.166930: do_anonymous_page: anonymous tgid 12782 12782 "cat" 7fbe2eb000
             cat-12782 [004] .... 12168.166945: do_anonymous_page: anonymous tgid 12782 12782 "cat" 7fbe2ed000
             cat-12782 [004] .... 12168.166967: do_anonymous_page: anonymous tgid 12782 12782 "cat" 7fbe2e4000
             cat-12782 [004] .... 12168.166968: do_anonymous_page: anonymous tgid 12782 12782 "cat" 7fbe2e5000
             cat-12782 [004] .... 12168.166971: do_anonymous_page: anonymous tgid 12782 12782 "cat" 7fbe2e2000
             cat-12782 [004] .... 12168.166973: do_anonymous_page: anonymous tgid 12782 12782 "cat" 7fbe2e3000
             cat-12782 [004] .... 12168.167219: do_anonymous_page: anonymous tgid 12782 12782 "cat" 7fbd9e4000
   BG Thread #15-5983  [004] .... 12168.167909: do_anonymous_page: anonymous tgid 5862 5983 "BG Thread #15" 12f7f000
   BG Thread #15-5983  [004] .... 12168.167978: do_anonymous_page: anonymous tgid 5862 5983 "BG Thread #15" 13500000
   BG Thread #15-5983  [004] .... 12168.168076: do_anonymous_page: anonymous tgid 5862 5983 "BG Thread #15" 13501000
             cat-12782 [004] .... 12168.171641: do_anonymous_page: anonymous tgid 12782 12782 "cat" 7fbe491000
             cat-12782 [004] .... 12168.171657: do_anonymous_page: anonymous tgid 12782 12782 "cat" 7fbe032000
             cat-12782 [004] .... 12168.171665: do_anonymous_page: anonymous tgid 12782 12782 "cat" 7fbe036000
             cat-12782 [004] .... 12168.171708: do_anonymous_page: anonymous tgid 12782 12782 "cat" 7fbf5e5000
             cat-12782 [004] .... 12168.171759: do_anonymous_page: anonymous tgid 12782 12782 "cat" 7fbd600000
             cat-12782 [004] .... 12168.171765: do_anonymous_page: anonymous tgid 12782 12782 "cat" 7fbe038000
             cat-12782 [004] .... 12168.171767: do_anonymous_page: anonymous tgid 12782 12782 "cat" 7fbe242000
             cat-12782 [004] .... 12168.171770: do_anonymous_page: anonymous tgid 12782 12782 "cat" 7fbe243000
             cat-12782 [004] .... 12168.171772: do_anonymous_page: anonymous tgid 12782 12782 "cat" 7fbe244000
             cat-12782 [004] .... 12168.171775: do_anonymous_page: anonymous tgid 12782 12782 "cat" 7fbe245000
             cat-12782 [004] .... 12168.171777: do_anonymous_page: anonymous tgid 12782 12782 "cat" 7fbe246000
             cat-12782 [004] .... 12168.171780: do_anonymous_page: anonymous tgid 12782 12782 "cat" 7fbe247000
             cat-12782 [004] .... 12168.171783: do_anonymous_page: anonymous tgid 12782 12782 "cat" 7fbe248000
             cat-12782 [004] .... 12168.171788: do_anonymous_page: anonymous tgid 12782 12782 "cat" 7fbe23a000
             cat-12782 [004] .... 12168.171790: do_anonymous_page: anonymous tgid 12782 12782 "cat" 7fbd602000
             cat-12782 [004] .... 12168.171792: do_anonymous_page: anonymous tgid 12782 12782 "cat" 7fbd603000
             cat-12782 [004] .... 12168.171796: do_anonymous_page: anonymous tgid 12782 12782 "cat" 7fbd604000
             cat-12782 [004] .... 12168.171799: do_anonymous_page: anonymous tgid 12782 12782 "cat" 7fbd605000
             cat-12782 [004] .... 12168.171802: do_anonymous_page: anonymous tgid 12782 12782 "cat" 7fbd606000
             cat-12782 [004] .... 12168.171805: do_anonymous_page: anonymous tgid 12782 12782 "cat" 7fbe033000
             cat-12782 [004] .... 12168.171814: do_anonymous_page: anonymous tgid 12782 12782 "cat" 7fbe039000
             cat-12782 [004] .... 12168.171817: do_anonymous_page: anonymous tgid 12782 12782 "cat" 7fbd000000
             cat-12782 [004] .... 12168.171821: do_anonymous_page: anonymous tgid 12782 12782 "cat" 7fbd1ea000
             cat-12782 [004] .... 12168.171823: do_anonymous_page: anonymous tgid 12782 12782 "cat" 7fbd1eb000
             cat-12782 [004] .... 12168.171829: do_anonymous_page: anonymous tgid 12782 12782 "cat" 7fbd400000
             cat-12782 [004] .... 12168.171837: do_anonymous_page: anonymous tgid 12782 12782 "cat" 7fbd401000
             cat-12782 [004] .... 12168.171842: do_anonymous_page: anonymous tgid 12782 12782 "cat" 7fbd405000
             cat-12782 [004] .... 12168.171847: do_anonymous_page: anonymous tgid 12782 12782 "cat" 7fbd607000
             cat-12782 [004] .... 12168.171850: do_anonymous_page: anonymous tgid 12782 12782 "cat" 7fbd406000
             cat-12782 [004] .... 12168.171863: do_anonymous_page: anonymous tgid 12782 12782 "cat" 7fbd402000
             cat-12782 [004] .... 12168.171866: do_anonymous_page: anonymous tgid 12782 12782 "cat" 7fbd405000
             cat-12782 [004] .... 12168.171892: do_anonymous_page: anonymous tgid 12782 12782 "cat" 7fbf5e3000
             cat-12782 [004] .... 12168.171896: do_anonymous_page: anonymous tgid 12782 12782 "cat" 7fbf5e4000
             cat-12782 [004] .... 12168.171967: do_anonymous_page: anonymous tgid 12782 12782 "cat" 7fbe2ef000
             cat-12782 [004] .... 12168.171970: do_anonymous_page: anonymous tgid 12782 12782 "cat" 7fbe2f0000
             cat-12782 [004] .... 12168.171974: do_anonymous_page: anonymous tgid 12782 12782 "cat" 7fbe2cb000
             cat-12782 [004] .... 12168.171976: do_anonymous_page: anonymous tgid 12782 12782 "cat" 7fbe2cc000
             cat-12782 [004] .... 12168.172083: do_anonymous_page: anonymous tgid 12782 12782 "cat" 7fbd99d000
             cat-12782 [004] .... 12168.172100: do_anonymous_page: anonymous tgid 12782 12782 "cat" 7fbdd4d000
             cat-12782 [004] .... 12168.172104: do_anonymous_page: anonymous tgid 12782 12782 "cat" 7fbdd4e000
             cat-12782 [004] .... 12168.172109: do_anonymous_page: anonymous tgid 12782 12782 "cat" 7fbdd4c000
             cat-12782 [004] .... 12168.172113: do_anonymous_page: anonymous tgid 12782 12782 "cat" 7fbdd4f000
             cat-12782 [004] .... 12168.172124: do_anonymous_page: anonymous tgid 12782 12782 "cat" 7fbd409000
             cat-12782 [004] .... 12168.172137: do_anonymous_page: anonymous tgid 12782 12782 "cat" 7fbe48c000
             cat-12782 [004] .... 12168.172145: do_anonymous_page: anonymous tgid 12782 12782 "cat" 7fbdb79000
             cat-12782 [004] .... 12168.172153: do_anonymous_page: anonymous tgid 12782 12782 "cat" 7fbdf29000
             cat-12782 [004] .... 12168.172227: do_anonymous_page: anonymous tgid 12782 12782 "cat" 55555cd000
             cat-12782 [004] .... 12168.172238: do_anonymous_page: anonymous tgid 12782 12782 "cat" 7fbd40a000
             cat-12782 [004] .... 12168.172241: do_anonymous_page: anonymous tgid 12782 12782 "cat" 7fbd40b000
             cat-12782 [004] .... 12168.172503: do_anonymous_page: anonymous tgid 12782 12782 "cat" 55555cc000
   BG Thread #15-5983  [004] .... 12168.178017: do_anonymous_page: anonymous tgid 5862 5983 "BG Thread #15" 13502000
   BG Thread #15-5983  [004] .... 12168.178194: do_anonymous_page: anonymous tgid 5862 5983 "BG Thread #15" 13503000
   BG Thread #15-5983  [004] .... 12168.178279: do_anonymous_page: anonymous tgid 5862 5983 "BG Thread #15" 13504000
   BG Thread #15-5983  [004] .... 12168.178475: do_anonymous_page: anonymous tgid 5862 5983 "BG Thread #15" 13505000
   BG Thread #15-5983  [004] .... 12168.178561: do_anonymous_page: anonymous tgid 5862 5983 "BG Thread #15" 13506000
   BG Thread #15-5983  [004] .... 12168.178583: do_anonymous_page: anonymous tgid 5862 5983 "BG Thread #15" 13507000
   BG Thread #15-5983  [004] .... 12168.178647: do_anonymous_page: anonymous tgid 5862 5983 "BG Thread #15" 13508000
   BG Thread #15-5983  [004] .... 12168.178719: do_anonymous_page: anonymous tgid 5862 5983 "BG Thread #15" 13509000
   BG Thread #15-5983  [004] .... 12168.178732: do_anonymous_page: anonymous tgid 5862 5983 "BG Thread #15" 1350a000
   BG Thread #15-5983  [004] .... 12168.178749: do_anonymous_page: anonymous tgid 5862 5983 "BG Thread #15" 1350b000
   BG Thread #15-5983  [004] .... 12168.178786: do_anonymous_page: anonymous tgid 5862 5983 "BG Thread #15" 1350c000
   BG Thread #15-5983  [004] .... 12168.178852: do_anonymous_page: anonymous tgid 5862 5983 "BG Thread #15" 1350d000
   BG Thread #15-5983  [004] .... 12168.178892: do_anonymous_page: anonymous tgid 5862 5983 "BG Thread #15" 1350e000
   BG Thread #15-5983  [004] .... 12168.178900: do_anonymous_page: anonymous tgid 5862 5983 "BG Thread #15" 1350f000
   BG Thread #15-5983  [004] .... 12168.178909: do_anonymous_page: anonymous tgid 5862 5983 "BG Thread #15" 13510000
   BG Thread #15-5983  [004] .... 12168.178922: do_anonymous_page: anonymous tgid 5862 5983 "BG Thread #15" 13511000
   BG Thread #15-5983  [004] .... 12168.178936: do_anonymous_page: anonymous tgid 5862 5983 "BG Thread #15" 13512000
   BG Thread #15-5983  [004] .... 12168.178947: do_anonymous_page: anonymous tgid 5862 5983 "BG Thread #15" 13513000
   BG Thread #15-5983  [004] .... 12168.178953: do_anonymous_page: anonymous tgid 5862 5983 "BG Thread #15" 13514000
   BG Thread #15-5983  [004] .... 12168.178967: do_anonymous_page: anonymous tgid 5862 5983 "BG Thread #15" 13515000
   BG Thread #15-5983  [004] .... 12168.178977: do_anonymous_page: anonymous tgid 5862 5983 "BG Thread #15" 13516000
   BG Thread #15-5983  [004] .... 12168.179011: do_anonymous_page: anonymous tgid 5862 5983 "BG Thread #15" 13517000
   BG Thread #15-5983  [004] .... 12168.179047: do_anonymous_page: anonymous tgid 5862 5983 "BG Thread #15" 13518000
   BG Thread #15-5983  [004] .... 12168.179059: do_anonymous_page: anonymous tgid 5862 5983 "BG Thread #15" 13519000
   BG Thread #15-5983  [004] .... 12168.179104: do_anonymous_page: anonymous tgid 5862 5983 "BG Thread #15" 1351a000
   BG Thread #15-5983  [004] .... 12168.179129: do_anonymous_page: anonymous tgid 5862 5983 "BG Thread #15" 1351b000
   BG Thread #15-5983  [004] .... 12168.179146: do_anonymous_page: anonymous tgid 5862 5983 "BG Thread #15" 1351c000
   BG Thread #15-5983  [004] .... 12168.179200: do_anonymous_page: anonymous tgid 5862 5983 "BG Thread #15" 1351d000
   BG Thread #15-5983  [004] .... 12168.179213: do_anonymous_page: anonymous tgid 5862 5983 "BG Thread #15" 1351e000
   BG Thread #15-5983  [004] .... 12168.179236: do_anonymous_page: anonymous tgid 5862 5983 "BG Thread #15" 1351f000
   BG Thread #15-5983  [004] .... 12168.179279: do_anonymous_page: anonymous tgid 5862 5983 "BG Thread #15" 13520000
   BG Thread #15-5983  [004] .... 12168.179293: do_anonymous_page: anonymous tgid 5862 5983 "BG Thread #15" 13521000
   BG Thread #15-5983  [004] .... 12168.179303: do_anonymous_page: anonymous tgid 5862 5983 "BG Thread #15" 13522000
   BG Thread #15-5983  [004] .... 12168.179312: do_anonymous_page: anonymous tgid 5862 5983 "BG Thread #15" 13523000
   BG Thread #15-5983  [004] .... 12168.179325: do_anonymous_page: anonymous tgid 5862 5983 "BG Thread #15" 13524000
   BG Thread #15-5983  [004] .... 12168.179379: do_anonymous_page: anonymous tgid 5862 5983 "BG Thread #15" 13525000
   BG Thread #15-5983  [004] .... 12168.179392: do_anonymous_page: anonymous tgid 5862 5983 "BG Thread #15" 13526000
   BG Thread #15-5983  [004] .... 12168.179425: do_anonymous_page: anonymous tgid 5862 5983 "BG Thread #15" 13527000
   BG Thread #15-5983  [004] .... 12168.179643: do_anonymous_page: anonymous tgid 5862 5983 "BG Thread #15" 13528000
   BG Thread #15-5983  [004] .... 12168.181379: do_anonymous_page: anonymous tgid 5862 5983 "BG Thread #15" 13529000
   BG Thread #15-5983  [004] .... 12168.181458: do_anonymous_page: anonymous tgid 5862 5983 "BG Thread #15" 1352a000
   BG Thread #15-5983  [004] .... 12168.181534: do_anonymous_page: anonymous tgid 5862 5983 "BG Thread #15" 1352b000
  Binder:1336_13-5383  [004] .... 12168.183181: do_anonymous_page: anonymous tgid 1336 5383 "Binder:1336_13" 134d9000
   BG Thread #15-5983  [004] .... 12168.183408: do_anonymous_page: anonymous tgid 5862 5983 "BG Thread #15" 1352c000
 composer@2.3-se-606   [004] .... 12168.219089: do_anonymous_page: anonymous tgid 606 606 "composer@2.3-se" 7fbcf29000
 composer@2.3-se-606   [004] .... 12168.219107: do_anonymous_page: anonymous tgid 606 606 "composer@2.3-se" 7fbcf2a000
 composer@2.3-se-606   [004] .... 12168.219111: do_anonymous_page: anonymous tgid 606 606 "composer@2.3-se" 7fbcf2b000
 composer@2.3-se-606   [004] .... 12168.219114: do_anonymous_page: anonymous tgid 606 606 "composer@2.3-se" 7fbcf2c000
 composer@2.3-se-606   [004] .... 12168.219118: do_anonymous_page: anonymous tgid 606 606 "composer@2.3-se" 7fbcf2d000
            netd-12781 [004] .... 12168.227788: do_anonymous_page: anonymous tgid 785 12781 "netd" 7fbcd57000
            netd-12781 [004] .... 12168.227808: do_anonymous_page: anonymous tgid 785 12781 "netd" 7fbcd58000
            netd-12781 [004] .... 12168.227835: do_anonymous_page: anonymous tgid 785 12781 "netd" 7fbcd66000
            netd-12781 [004] .... 12168.227873: do_anonymous_page: anonymous tgid 785 12781 "netd" 7fbcd67000
            netd-12781 [004] .... 12168.227878: do_anonymous_page: anonymous tgid 785 12781 "netd" 7fbcd68000
            netd-12781 [004] .... 12168.227952: do_anonymous_page: anonymous tgid 785 12781 "netd" 7fae31a000
            netd-12781 [004] .... 12168.227960: do_anonymous_page: anonymous tgid 785 12781 "netd" 7fbcd40000
            netd-12781 [004] .... 12168.228058: do_anonymous_page: anonymous tgid 785 12781 "netd" 7fbcd44000
            netd-12781 [004] .... 12168.228466: do_anonymous_page: anonymous tgid 785 12781 "netd" 7fbcd78000
 queued-work-loo-6016  [004] .... 12168.230642: do_anonymous_page: anonymous tgid 5862 6016 "queued-work-loo" 7772e000
 queued-work-loo-6016  [004] .... 12168.230656: do_anonymous_page: anonymous tgid 5862 6016 "queued-work-loo" 770ea000
 queued-work-loo-6016  [004] .... 12168.230794: do_anonymous_page: anonymous tgid 5862 6016 "queued-work-loo" 7772f000
 queued-work-loo-6016  [004] .... 12168.230801: do_anonymous_page: anonymous tgid 5862 6016 "queued-work-loo" 13481000
 queued-work-loo-6016  [004] .... 12168.230821: do_anonymous_page: anonymous tgid 5862 6016 "queued-work-loo" 77730000
 queued-work-loo-6016  [004] .... 12168.230838: do_anonymous_page: anonymous tgid 5862 6016 "queued-work-loo" 77731000
 queued-work-loo-6016  [004] .... 12168.230853: do_anonymous_page: anonymous tgid 5862 6016 "queued-work-loo" 77732000
 queued-work-loo-6016  [004] .... 12168.230869: do_anonymous_page: anonymous tgid 5862 6016 "queued-work-loo" 77733000
 queued-work-loo-6016  [004] .... 12168.230885: do_anonymous_page: anonymous tgid 5862 6016 "queued-work-loo" 77734000
 queued-work-loo-6016  [004] .... 12168.230899: do_anonymous_page: anonymous tgid 5862 6016 "queued-work-loo" 77735000
 queued-work-loo-6016  [004] .... 12168.230911: do_anonymous_page: anonymous tgid 5862 6016 "queued-work-loo" 77736000
 queued-work-loo-6016  [004] .... 12168.230923: do_anonymous_page: anonymous tgid 5862 6016 "queued-work-loo" 77737000
 queued-work-loo-6016  [004] .... 12168.230937: do_anonymous_page: anonymous tgid 5862 6016 "queued-work-loo" 77738000
 queued-work-loo-6016  [004] .... 12168.230951: do_anonymous_page: anonymous tgid 5862 6016 "queued-work-loo" 77739000
 queued-work-loo-6016  [004] .... 12168.231002: do_anonymous_page: anonymous tgid 5862 6016 "queued-work-loo" 7773a000
 queued-work-loo-6016  [004] .... 12168.231018: do_anonymous_page: anonymous tgid 5862 6016 "queued-work-loo" 7773b000
 queued-work-loo-6016  [004] .... 12168.231031: do_anonymous_page: anonymous tgid 5862 6016 "queued-work-loo" 7773c000
 queued-work-loo-6016  [004] .... 12168.231044: do_anonymous_page: anonymous tgid 5862 6016 "queued-work-loo" 7773d000
 queued-work-loo-6016  [004] .... 12168.231077: do_anonymous_page: anonymous tgid 5862 6016 "queued-work-loo" 770eb000
 queued-work-loo-6016  [004] .... 12168.231086: do_anonymous_page: anonymous tgid 5862 6016 "queued-work-loo" 770ec000
 queued-work-loo-6016  [004] .... 12168.231094: do_anonymous_page: anonymous tgid 5862 6016 "queued-work-loo" 770ed000
 queued-work-loo-6016  [004] .... 12168.231102: do_anonymous_page: anonymous tgid 5862 6016 "queued-work-loo" 770ee000
 queued-work-loo-6016  [004] .... 12168.231111: do_anonymous_page: anonymous tgid 5862 6016 "queued-work-loo" 770ef000
 queued-work-loo-6016  [004] .... 12168.231120: do_anonymous_page: anonymous tgid 5862 6016 "queued-work-loo" 770f0000
 queued-work-loo-6016  [004] .... 12168.231128: do_anonymous_page: anonymous tgid 5862 6016 "queued-work-loo" 770f1000
  Binder:1336_13-5383  [004] .... 12168.248924: do_anonymous_page: anonymous tgid 1336 5383 "Binder:1336_13" 134da000
            netd-12781 [004] .... 12168.253467: do_anonymous_page: anonymous tgid 785 12781 "netd" 7fbcd7f000
            netd-12781 [004] .... 12168.253711: do_anonymous_page: anonymous tgid 785 12781 "netd" 7fad224000
            netd-12781 [004] .... 12168.253724: do_anonymous_page: anonymous tgid 785 12781 "netd" 7fad223000
 android.display-1361  [004] .... 12168.255526: do_anonymous_page: anonymous tgid 1336 1361 "android.display" 12f0d000
 composer@2.3-se-606   [004] .... 12168.257766: do_anonymous_page: anonymous tgid 606 606 "composer@2.3-se" 7fb5e54000
 droid.launcher3-2000  [004] .... 12168.263745: do_anonymous_page: anonymous tgid 2000 2000 "droid.launcher3" 12f7c000
 droid.launcher3-2000  [004] .... 12168.264654: do_anonymous_page: anonymous tgid 2000 2000 "droid.launcher3" 12f7d000
 droid.launcher3-2000  [004] .... 12168.273982: do_anonymous_page: anonymous tgid 2000 2000 "droid.launcher3" 7ecec70000
            netd-12783 [004] .... 12168.275367: do_anonymous_page: anonymous tgid 785 12783 "netd" 7fbcd63000
            netd-12783 [004] .... 12168.275376: do_anonymous_page: anonymous tgid 785 12783 "netd" 7fbcd64000
            netd-12783 [004] .... 12168.275379: do_anonymous_page: anonymous tgid 785 12783 "netd" 7fbcd65000
            netd-12783 [004] .... 12168.285677: do_anonymous_page: anonymous tgid 785 12783 "netd" 7fad222000
            netd-12783 [004] .... 12168.285750: do_anonymous_page: anonymous tgid 785 12783 "netd" 7fba001000
 android.youtube-5862  [004] .... 12168.371240: do_anonymous_page: anonymous tgid 5862 5862 "android.youtube" 7eb51e0000
 android.youtube-5862  [004] .... 12168.371287: do_anonymous_page: anonymous tgid 5862 5862 "android.youtube" 7eb5310000
 android.youtube-5862  [004] .... 12168.371301: do_anonymous_page: anonymous tgid 5862 5862 "android.youtube" 7eb5314000
 android.youtube-5862  [004] .... 12168.371305: do_anonymous_page: anonymous tgid 5862 5862 "android.youtube" 7eb5315000
 android.youtube-5862  [004] .... 12168.371312: do_anonymous_page: anonymous tgid 5862 5862 "android.youtube" 7eb5317000
 android.youtube-5862  [004] .... 12168.371321: do_anonymous_page: anonymous tgid 5862 5862 "android.youtube" 7eb5318000
 android.youtube-5862  [004] .... 12168.371337: do_anonymous_page: anonymous tgid 5862 5862 "android.youtube" 7eb531a000
 android.youtube-5862  [004] .... 12168.371346: do_anonymous_page: anonymous tgid 5862 5862 "android.youtube" 7e7bb2a000
 android.youtube-5862  [004] .... 12168.371353: do_anonymous_page: anonymous tgid 5862 5862 "android.youtube" 7e7bb86000
 android.youtube-5862  [004] .... 12168.371375: do_anonymous_page: anonymous tgid 5862 5862 "android.youtube" 7e7bb87000
 android.youtube-5862  [004] .... 12168.371381: do_anonymous_page: anonymous tgid 5862 5862 "android.youtube" 7e7bbae000
 android.youtube-5862  [004] .... 12168.371393: do_anonymous_page: anonymous tgid 5862 5862 "android.youtube" 7e7bcbe000
 android.youtube-5862  [004] .... 12168.371403: do_anonymous_page: anonymous tgid 5862 5862 "android.youtube" 7e7bde4000
 android.youtube-5862  [004] .... 12168.371410: do_anonymous_page: anonymous tgid 5862 5862 "android.youtube" 7e7bde5000
 android.youtube-5862  [004] .... 12168.371421: do_anonymous_page: anonymous tgid 5862 5862 "android.youtube" 7e7be05000
 android.youtube-5862  [004] .... 12168.371429: do_anonymous_page: anonymous tgid 5862 5862 "android.youtube" 7e7be06000
 android.youtube-5862  [004] .... 12168.371441: do_anonymous_page: anonymous tgid 5862 5862 "android.youtube" 7e7be2e000
 android.youtube-5862  [004] .... 12168.404529: do_anonymous_page: anonymous tgid 5862 5862 "android.youtube" 13360000
     ChromiumNet-5958  [004] .... 12168.428535: do_anonymous_page: anonymous tgid 5862 5958 "ChromiumNet" 13540000
 NetworkWatchlis-1468  [004] .... 12168.428728: do_anonymous_page: anonymous tgid 1336 1468 "NetworkWatchlis" 135c0000
 PowerManagerSer-1384  [004] .... 12168.495055: do_anonymous_page: anonymous tgid 1336 1384 "PowerManagerSer" 133b2000
     ChromiumNet-5958  [004] .... 12168.498098: do_anonymous_page: anonymous tgid 5862 5958 "ChromiumNet" 7f23540000
     ChromiumNet-5958  [004] .... 12168.577914: do_anonymous_page: anonymous tgid 5862 5958 "ChromiumNet" 7321d000
     ChromiumNet-5958  [004] .... 12168.578398: do_anonymous_page: anonymous tgid 5862 5958 "ChromiumNet" 13541000
 cronet-ui-inner-5916  [004] .... 12168.578728: do_anonymous_page: anonymous tgid 5862 5916 "cronet-ui-inner" 13580000
 cronet-ui-inner-5916  [004] .... 12168.579104: do_anonymous_page: anonymous tgid 5862 5916 "cronet-ui-inner" 13581000
   BG Thread #15-5983  [004] .... 12168.579241: do_anonymous_page: anonymous tgid 5862 5983 "BG Thread #15" 1352d000
 queued-work-loo-6016  [004] .... 12168.680517: do_anonymous_page: anonymous tgid 5862 6016 "queued-work-loo" 778b6000
 queued-work-loo-6016  [004] .... 12168.680538: do_anonymous_page: anonymous tgid 5862 6016 "queued-work-loo" 778c7000
 queued-work-loo-6016  [004] .... 12168.680683: do_anonymous_page: anonymous tgid 5862 6016 "queued-work-loo" 778b7000
 queued-work-loo-6016  [004] .... 12168.680709: do_anonymous_page: anonymous tgid 5862 6016 "queued-work-loo" 778b8000
 queued-work-loo-6016  [004] .... 12168.680729: do_anonymous_page: anonymous tgid 5862 6016 "queued-work-loo" 778b9000
 queued-work-loo-6016  [004] .... 12168.680751: do_anonymous_page: anonymous tgid 5862 6016 "queued-work-loo" 778ba000
 queued-work-loo-6016  [004] .... 12168.680769: do_anonymous_page: anonymous tgid 5862 6016 "queued-work-loo" 778bb000
 queued-work-loo-6016  [004] .... 12168.680789: do_anonymous_page: anonymous tgid 5862 6016 "queued-work-loo" 778bc000
 queued-work-loo-6016  [004] .... 12168.680812: do_anonymous_page: anonymous tgid 5862 6016 "queued-work-loo" 778bd000
 queued-work-loo-6016  [004] .... 12168.680828: do_anonymous_page: anonymous tgid 5862 6016 "queued-work-loo" 778be000
 queued-work-loo-6016  [004] .... 12168.680842: do_anonymous_page: anonymous tgid 5862 6016 "queued-work-loo" 778bf000
 queued-work-loo-6016  [004] .... 12168.680856: do_anonymous_page: anonymous tgid 5862 6016 "queued-work-loo" 778c0000
 queued-work-loo-6016  [004] .... 12168.680870: do_anonymous_page: anonymous tgid 5862 6016 "queued-work-loo" 778c1000
 queued-work-loo-6016  [004] .... 12168.680889: do_anonymous_page: anonymous tgid 5862 6016 "queued-work-loo" 778c2000
 queued-work-loo-6016  [004] .... 12168.680910: do_anonymous_page: anonymous tgid 5862 6016 "queued-work-loo" 778c3000
 queued-work-loo-6016  [004] .... 12168.680926: do_anonymous_page: anonymous tgid 5862 6016 "queued-work-loo" 778c4000
 queued-work-loo-6016  [004] .... 12168.680941: do_anonymous_page: anonymous tgid 5862 6016 "queued-work-loo" 778c5000
 queued-work-loo-6016  [004] .... 12168.681012: do_anonymous_page: anonymous tgid 5862 6016 "queued-work-loo" 778c8000
 queued-work-loo-6016  [004] .... 12168.681023: do_anonymous_page: anonymous tgid 5862 6016 "queued-work-loo" 778c9000
 queued-work-loo-6016  [004] .... 12168.681033: do_anonymous_page: anonymous tgid 5862 6016 "queued-work-loo" 778ca000
 queued-work-loo-6016  [004] .... 12168.681042: do_anonymous_page: anonymous tgid 5862 6016 "queued-work-loo" 778cb000
 queued-work-loo-6016  [004] .... 12168.681052: do_anonymous_page: anonymous tgid 5862 6016 "queued-work-loo" 778cc000
 queued-work-loo-6016  [004] .... 12168.681063: do_anonymous_page: anonymous tgid 5862 6016 "queued-work-loo" 778cd000
 queued-work-loo-6016  [004] .... 12168.681074: do_anonymous_page: anonymous tgid 5862 6016 "queued-work-loo" 778ce000
  ClientModeImpl-1485  [004] .... 12169.203246: do_anonymous_page: anonymous tgid 1336 1485 "ClientModeImpl" 13490000
  ClientModeImpl-1485  [004] .... 12169.213167: do_anonymous_page: anonymous tgid 1336 1485 "ClientModeImpl" 13491000
  ClientModeImpl-1485  [004] .... 12169.213244: do_anonymous_page: anonymous tgid 1336 1485 "ClientModeImpl" 13492000
  ClientModeImpl-1485  [004] .... 12169.213299: do_anonymous_page: anonymous tgid 1336 1485 "ClientModeImpl" 13493000
  ClientModeImpl-1485  [004] .... 12169.215281: do_anonymous_page: anonymous tgid 1336 1485 "ClientModeImpl" 13494000
  ClientModeImpl-1485  [004] .... 12169.215398: do_anonymous_page: anonymous tgid 1336 1485 "ClientModeImpl" 13495000
  ClientModeImpl-1485  [004] .... 12169.215447: do_anonymous_page: anonymous tgid 1336 1485 "ClientModeImpl" 13496000
   BG Thread #12-5978  [004] .... 12169.363291: do_anonymous_page: anonymous tgid 5862 5978 "BG Thread #12" 1324c000
           <...>-1539  [004] .... 12169.370132: do_anonymous_page: anonymous tgid 917 1539 "NasModemEndPoin" 7fb0d55000
 PowerManagerSer-1384  [004] .... 12169.416378: do_anonymous_page: anonymous tgid 1336 1384 "PowerManagerSer" 133b3000
     ChromiumNet-5974  [004] .... 12169.448540: do_anonymous_page: anonymous tgid 5862 5974 "ChromiumNet" 135c0000
     ChromiumNet-5974  [004] .... 12169.448572: do_anonymous_page: anonymous tgid 5862 5974 "ChromiumNet" 7f23155000
     ChromiumNet-5974  [004] .... 12169.449052: do_anonymous_page: anonymous tgid 5862 5974 "ChromiumNet" 135c1000
    BG Thread #8-5900  [004] .... 12169.453141: do_anonymous_page: anonymous tgid 5862 5900 "BG Thread #8" 132c7000
     ChromiumNet-5974  [004] .... 12169.453625: do_anonymous_page: anonymous tgid 5862 5974 "ChromiumNet" 135c2000
    BG Thread #5-5897  [004] .... 12169.454045: do_anonymous_page: anonymous tgid 5862 5897 "BG Thread #5" 13085000
    BG Thread #5-5897  [004] .... 12169.459346: do_anonymous_page: anonymous tgid 5862 5897 "BG Thread #5" 13086000
   BG Thread #12-5978  [004] .... 12169.459523: do_anonymous_page: anonymous tgid 5862 5978 "BG Thread #12" 1324d000
    BG Thread #7-5899  [004] .... 12169.459901: do_anonymous_page: anonymous tgid 5862 5899 "BG Thread #7" 13600000
  Lite Thread #4-11708 [004] .... 12169.907461: do_anonymous_page: anonymous tgid 5862 11708 "Lite Thread #4" 13640000
 PowerManagerSer-1384  [004] .... 12170.338587: do_anonymous_page: anonymous tgid 1336 1384 "PowerManagerSer" 133b4000
           <...>-2407  [004] .... 12170.820489: do_anonymous_page: anonymous tgid 1336 2407 "LazyTaskWriterT" 13680000
           <...>-2407  [004] .... 12170.820535: do_anonymous_page: anonymous tgid 1336 2407 "LazyTaskWriterT" 77207000
           <...>-2407  [004] .... 12170.820551: do_anonymous_page: anonymous tgid 1336 2407 "LazyTaskWriterT" 770ea000
           <...>-2407  [004] .... 12170.820673: do_anonymous_page: anonymous tgid 1336 2407 "LazyTaskWriterT" 13681000
           <...>-2407  [004] .... 12170.822154: do_anonymous_page: anonymous tgid 1336 2407 "LazyTaskWriterT" 13682000
           <...>-2407  [004] .... 12170.822197: do_anonymous_page: anonymous tgid 1336 2407 "LazyTaskWriterT" 13683000
           <...>-1593  [004] .... 12170.837093: do_anonymous_page: anonymous tgid 1336 1593 "TaskSnapshotPer" 12c42000
           <...>-2407  [004] .... 12170.837611: do_anonymous_page: anonymous tgid 1336 2407 "LazyTaskWriterT" 13684000
 Blocking Thread-12775 [004] .... 12170.876979: do_anonymous_page: anonymous tgid 5862 12775 "Blocking Thread" 13413000
 PowerManagerSer-1384  [004] .... 12171.362459: do_anonymous_page: anonymous tgid 1336 1384 "PowerManagerSer" 133b5000
  ClientModeImpl-1485  [004] .... 12172.241244: do_anonymous_page: anonymous tgid 1336 1485 "ClientModeImpl" 13497000
  ClientModeImpl-1485  [004] .... 12172.241467: do_anonymous_page: anonymous tgid 1336 1485 "ClientModeImpl" 13498000
  ClientModeImpl-1485  [004] .... 12172.241666: do_anonymous_page: anonymous tgid 1336 1485 "ClientModeImpl" 13499000
  ClientModeImpl-1485  [004] .... 12172.244477: do_anonymous_page: anonymous tgid 1336 1485 "ClientModeImpl" 1349a000
  ClientModeImpl-1485  [004] .... 12172.244788: do_anonymous_page: anonymous tgid 1336 1485 "ClientModeImpl" 1349b000
  ClientModeImpl-1485  [004] .... 12172.244845: do_anonymous_page: anonymous tgid 1336 1485 "ClientModeImpl" 1349c000
  ClientModeImpl-1485  [004] .... 12172.245618: do_anonymous_page: anonymous tgid 1336 1485 "ClientModeImpl" 1349d000
 PowerManagerSer-1384  [004] .... 12172.284260: do_anonymous_page: anonymous tgid 1336 1384 "PowerManagerSer" 133b6000
        Thread-3-11268 [004] .... 12172.564919: do_anonymous_page: anonymous tgid 11210 11268 "Thread-3" 12c4c000
 .gms.persistent-2266  [004] .... 12173.113681: do_anonymous_page: anonymous tgid 2266 2266 ".gms.persistent" 13d7b000
 PowerManagerSer-1384  [004] .... 12173.204682: do_anonymous_page: anonymous tgid 1336 1384 "PowerManagerSer" 133b7000
 GoogleApiHandle-3280  [004] .... 12173.215509: do_anonymous_page: anonymous tgid 2586 3280 "GoogleApiHandle" 12c82000
  Binder:1336_13-5383  [004] .... 12173.216627: do_anonymous_page: anonymous tgid 1336 5383 "Binder:1336_13" 134db000
 GoogleApiHandle-3280  [004] .... 12173.219132: do_anonymous_page: anonymous tgid 2586 3280 "GoogleApiHandle" 12c83000
   Binder:2266_5-3118  [004] .... 12173.219627: do_anonymous_page: anonymous tgid 2266 3118 "Binder:2266_5" 134ed000
   Binder:2266_5-3118  [004] .... 12173.220219: do_anonymous_page: anonymous tgid 2266 3118 "Binder:2266_5" 134ee000
     lowpool[51]-11108 [004] .... 12173.227540: do_anonymous_page: anonymous tgid 2266 11108 "lowpool[51]" 13778000
 PowerManagerSer-1384  [004] .... 12174.228254: do_anonymous_page: anonymous tgid 1336 1384 "PowerManagerSer" 133b8000
 PowerManagerSer-1384  [004] .... 12175.150391: do_anonymous_page: anonymous tgid 1336 1384 "PowerManagerSer" 133b9000
 wifi_ext@1.0-se-2906  [004] .... 12175.260019: do_anonymous_page: anonymous tgid 825 2906 "wifi_ext@1.0-se" 7fba211000
 wifi_ext@1.0-se-2906  [004] .... 12175.260040: do_anonymous_page: anonymous tgid 825 2906 "wifi_ext@1.0-se" 7fba212000
 wifi_ext@1.0-se-2906  [004] .... 12175.260048: do_anonymous_page: anonymous tgid 825 2906 "wifi_ext@1.0-se" 7fba213000
 wifi_ext@1.0-se-2906  [004] .... 12175.260054: do_anonymous_page: anonymous tgid 825 2906 "wifi_ext@1.0-se" 7fba214000
 wifi_ext@1.0-se-2906  [004] .... 12175.260061: do_anonymous_page: anonymous tgid 825 2906 "wifi_ext@1.0-se" 7fba215000
  ClientModeImpl-1485  [004] .... 12175.261251: do_anonymous_page: anonymous tgid 1336 1485 "ClientModeImpl" 1349e000
  ClientModeImpl-1485  [004] .... 12175.261479: do_anonymous_page: anonymous tgid 1336 1485 "ClientModeImpl" 1349f000
  ClientModeImpl-1485  [004] .... 12175.261663: do_anonymous_page: anonymous tgid 1336 1485 "ClientModeImpl" 134a0000
  ClientModeImpl-1485  [004] .... 12175.264395: do_anonymous_page: anonymous tgid 1336 1485 "ClientModeImpl" 134a1000
  ClientModeImpl-1485  [004] .... 12175.264633: do_anonymous_page: anonymous tgid 1336 1485 "ClientModeImpl" 134a2000
  ClientModeImpl-1485  [004] .... 12175.264719: do_anonymous_page: anonymous tgid 1336 1485 "ClientModeImpl" 134a3000
           <...>-6029  [004] .... 12175.304009: do_anonymous_page: anonymous tgid 5862 6029 "mdxSsdp23-1" 12e95000
           <...>-6029  [004] .... 12175.311689: do_anonymous_page: anonymous tgid 5862 6029 "mdxSsdp23-1" 12e96000
 PowerManagerSer-1384  [004] .... 12176.071079: do_anonymous_page: anonymous tgid 1336 1384 "PowerManagerSer" 133ba000
     lowpool[25]-10857 [004] .... 12176.403625: do_anonymous_page: anonymous tgid 2586 10857 "lowpool[25]" 12dc5000
 PowerManagerSer-1384  [004] .... 12177.095864: do_anonymous_page: anonymous tgid 1336 1384 "PowerManagerSer" 133bb000
 PowerManagerSer-1384  [004] .... 12178.015242: do_anonymous_page: anonymous tgid 1336 1384 "PowerManagerSer" 133bc000
    BG Thread #7-5899  [004] .... 12178.130079: do_anonymous_page: anonymous tgid 5862 5899 "BG Thread #7" 13601000
  ClientModeImpl-1485  [004] .... 12178.270152: do_anonymous_page: anonymous tgid 1336 1485 "ClientModeImpl" 134a4000
  ClientModeImpl-1485  [004] .... 12178.280702: do_anonymous_page: anonymous tgid 1336 1485 "ClientModeImpl" 134a5000
  ClientModeImpl-1485  [004] .... 12178.280892: do_anonymous_page: anonymous tgid 1336 1485 "ClientModeImpl" 134a6000
  ClientModeImpl-1485  [004] .... 12178.281075: do_anonymous_page: anonymous tgid 1336 1485 "ClientModeImpl" 134a7000
  ClientModeImpl-1485  [004] .... 12178.284466: do_anonymous_page: anonymous tgid 1336 1485 "ClientModeImpl" 134a8000
  ClientModeImpl-1485  [004] .... 12178.284700: do_anonymous_page: anonymous tgid 1336 1485 "ClientModeImpl" 134a9000
  ClientModeImpl-1485  [004] .... 12178.284804: do_anonymous_page: anonymous tgid 1336 1485 "ClientModeImpl" 134aa000
 PowerManagerSer-1384  [004] .... 12178.937497: do_anonymous_page: anonymous tgid 1336 1384 "PowerManagerSer" 133bd000
           <...>-1539  [004] .... 12179.876470: do_anonymous_page: anonymous tgid 917 1539 "NasModemEndPoin" 7fb0d58000
 PowerManagerSer-1384  [004] .... 12179.962040: do_anonymous_page: anonymous tgid 1336 1384 "PowerManagerSer" 133be000
 PowerManagerSer-1384  [004] .... 12180.883868: do_anonymous_page: anonymous tgid 1336 1384 "PowerManagerSer" 133bf000
  ClientModeImpl-1485  [004] .... 12181.298540: do_anonymous_page: anonymous tgid 1336 1485 "ClientModeImpl" 134ab000
  ClientModeImpl-1485  [004] .... 12181.298750: do_anonymous_page: anonymous tgid 1336 1485 "ClientModeImpl" 134ac000
  ClientModeImpl-1485  [004] .... 12181.298950: do_anonymous_page: anonymous tgid 1336 1485 "ClientModeImpl" 134ad000
  ClientModeImpl-1485  [004] .... 12181.301652: do_anonymous_page: anonymous tgid 1336 1485 "ClientModeImpl" 134ae000
  ClientModeImpl-1485  [004] .... 12181.302296: do_anonymous_page: anonymous tgid 1336 1485 "ClientModeImpl" 134af000
  ClientModeImpl-1485  [004] .... 12181.302371: do_anonymous_page: anonymous tgid 1336 1485 "ClientModeImpl" 134b0000
  ClientModeImpl-1485  [004] .... 12181.303402: do_anonymous_page: anonymous tgid 1336 1485 "ClientModeImpl" 134b1000
 PowerManagerSer-1384  [004] .... 12181.804893: do_anonymous_page: anonymous tgid 1336 1384 "PowerManagerSer" 136c0000
 PowerManagerSer-1384  [004] .... 12182.726062: do_anonymous_page: anonymous tgid 1336 1384 "PowerManagerSer" 136c1000
 PowerManagerSer-1384  [004] .... 12183.646763: do_anonymous_page: anonymous tgid 1336 1384 "PowerManagerSer" 136c2000
  ClientModeImpl-1485  [004] .... 12184.324641: do_anonymous_page: anonymous tgid 1336 1485 "ClientModeImpl" 134b2000
  ClientModeImpl-1485  [004] .... 12184.324841: do_anonymous_page: anonymous tgid 1336 1485 "ClientModeImpl" 134b3000
  ClientModeImpl-1485  [004] .... 12184.324994: do_anonymous_page: anonymous tgid 1336 1485 "ClientModeImpl" 134b4000
  ClientModeImpl-1485  [004] .... 12184.327816: do_anonymous_page: anonymous tgid 1336 1485 "ClientModeImpl" 134b5000
  ClientModeImpl-1485  [004] .... 12184.328077: do_anonymous_page: anonymous tgid 1336 1485 "ClientModeImpl" 134b6000
  ClientModeImpl-1485  [004] .... 12184.328182: do_anonymous_page: anonymous tgid 1336 1485 "ClientModeImpl" 134b7000
 PowerManagerSer-1384  [004] .... 12184.569065: do_anonymous_page: anonymous tgid 1336 1384 "PowerManagerSer" 136c3000
           <...>-1539  [004] .... 12184.996931: do_anonymous_page: anonymous tgid 917 1539 "NasModemEndPoin" 7fb0d59000
 ActivityManager-1367  [004] .... 12185.262820: do_anonymous_page: anonymous tgid 1336 1367 "ActivityManager" 12e84000
 ActivityManager-1367  [004] .... 12185.263312: do_anonymous_page: anonymous tgid 1336 1367 "ActivityManager" 12e85000
   Binder:1896_1-1920  [004] .... 12185.265006: do_anonymous_page: anonymous tgid 1896 1920 "Binder:1896_1" 1345e000
 android.youtube-5862  [004] .... 12185.265926: do_anonymous_page: anonymous tgid 5862 5862 "android.youtube" 13361000
           <...>-1666  [004] .... 12185.266120: do_anonymous_page: anonymous tgid 1666 1666 "ndroid.systemui" 131ee000
           <...>-1666  [004] .... 12185.266761: do_anonymous_page: anonymous tgid 1666 1666 "ndroid.systemui" 131ef000
           <...>-1666  [004] .... 12185.267076: do_anonymous_page: anonymous tgid 1666 1666 "ndroid.systemui" 131f0000
 facebook.katana-11257 [004] .... 12185.268647: do_anonymous_page: anonymous tgid 11257 11257 "facebook.katana" 12dc5000
 pool-5-thread-6-5589  [004] .... 12185.268774: do_anonymous_page: anonymous tgid 1666 5589 "pool-5-thread-6" 12f00000
           <...>-1666  [004] .... 12185.286257: do_anonymous_page: anonymous tgid 1666 1666 "ndroid.systemui" 131f1000
           <...>-1666  [004] .... 12185.286387: do_anonymous_page: anonymous tgid 1666 1666 "ndroid.systemui" 131f2000
           <...>-6029  [004] .... 12185.299494: do_anonymous_page: anonymous tgid 5862 6029 "mdxSsdp23-1" 12e97000
           <...>-6029  [004] .... 12185.305394: do_anonymous_page: anonymous tgid 5862 6029 "mdxSsdp23-1" 12e98000
 wifi_ext@1.0-se-2906  [004] .... 12185.369996: do_anonymous_page: anonymous tgid 825 2906 "wifi_ext@1.0-se" 7fba21c000
 wifi_ext@1.0-se-2906  [004] .... 12185.370022: do_anonymous_page: anonymous tgid 825 2906 "wifi_ext@1.0-se" 7fba21d000
 wifi_ext@1.0-se-2906  [004] .... 12185.370031: do_anonymous_page: anonymous tgid 825 2906 "wifi_ext@1.0-se" 7fba21e000
 wifi_ext@1.0-se-2906  [004] .... 12185.370038: do_anonymous_page: anonymous tgid 825 2906 "wifi_ext@1.0-se" 7fba21f000
 wifi_ext@1.0-se-2906  [004] .... 12185.370045: do_anonymous_page: anonymous tgid 825 2906 "wifi_ext@1.0-se" 7fba220000
 PowerManagerSer-1384  [004] .... 12185.592855: do_anonymous_page: anonymous tgid 1336 1384 "PowerManagerSer" 136c4000
 PowerManagerSer-1384  [004] .... 12186.514214: do_anonymous_page: anonymous tgid 1336 1384 "PowerManagerSer" 136c5000
  ClientModeImpl-1485  [004] .... 12187.335338: do_anonymous_page: anonymous tgid 1336 1485 "ClientModeImpl" 134b8000
  ClientModeImpl-1485  [004] .... 12187.344905: do_anonymous_page: anonymous tgid 1336 1485 "ClientModeImpl" 134b9000
  ClientModeImpl-1485  [004] .... 12187.345123: do_anonymous_page: anonymous tgid 1336 1485 "ClientModeImpl" 134ba000
  ClientModeImpl-1485  [004] .... 12187.345232: do_anonymous_page: anonymous tgid 1336 1485 "ClientModeImpl" 134bb000
  ClientModeImpl-1485  [004] .... 12187.348553: do_anonymous_page: anonymous tgid 1336 1485 "ClientModeImpl" 134bc000
  ClientModeImpl-1485  [004] .... 12187.348624: do_anonymous_page: anonymous tgid 1336 1485 "ClientModeImpl" 134bd000
  ClientModeImpl-1485  [004] .... 12187.349388: do_anonymous_page: anonymous tgid 1336 1485 "ClientModeImpl" 134be000
 PowerManagerSer-1384  [004] .... 12187.435464: do_anonymous_page: anonymous tgid 1336 1384 "PowerManagerSer" 136c6000
            netd-12783 [004] .... 12188.431468: do_anonymous_page: anonymous tgid 785 12783 "netd" 7fae41e000
            netd-12783 [004] .... 12188.431496: do_anonymous_page: anonymous tgid 785 12783 "netd" 7fae41d000
 PowerManagerSer-1384  [004] .... 12188.459752: do_anonymous_page: anonymous tgid 1336 1384 "PowerManagerSer" 136c7000
 wifi_ext@1.0-se-2906  [004] .... 12188.628034: do_anonymous_page: anonymous tgid 825 2906 "wifi_ext@1.0-se" 7fba3f3000
 wifi_ext@1.0-se-2906  [004] .... 12188.628055: do_anonymous_page: anonymous tgid 825 2906 "wifi_ext@1.0-se" 7fba3f4000
 wifi_ext@1.0-se-2906  [004] .... 12188.628063: do_anonymous_page: anonymous tgid 825 2906 "wifi_ext@1.0-se" 7fba3f5000
 wifi_ext@1.0-se-2906  [004] .... 12188.628069: do_anonymous_page: anonymous tgid 825 2906 "wifi_ext@1.0-se" 7fba3f6000
 wifi_ext@1.0-se-2906  [004] .... 12188.628074: do_anonymous_page: anonymous tgid 825 2906 "wifi_ext@1.0-se" 7fba3f7000
           <...>-2916  [004] .... 12188.637924: do_anonymous_page: anonymous tgid 1874 2916 "IpClient.wlan0" 13624000
 PowerManagerSer-1384  [004] .... 12189.380854: do_anonymous_page: anonymous tgid 1336 1384 "PowerManagerSer" 136c8000
           <...>-1539  [004] .... 12190.120173: do_anonymous_page: anonymous tgid 917 1539 "NasModemEndPoin" 7fb0d63000
 PowerManagerSer-1384  [004] .... 12190.301469: do_anonymous_page: anonymous tgid 1336 1384 "PowerManagerSer" 136c9000
  ClientModeImpl-1485  [004] .... 12190.363543: do_anonymous_page: anonymous tgid 1336 1485 "ClientModeImpl" 134bf000
  ClientModeImpl-1485  [004] .... 12190.363773: do_anonymous_page: anonymous tgid 1336 1485 "ClientModeImpl" 13780000
  ClientModeImpl-1485  [004] .... 12190.363947: do_anonymous_page: anonymous tgid 1336 1485 "ClientModeImpl" 13781000
 wifi_ext@1.0-se-2906  [004] .... 12190.366185: do_anonymous_page: anonymous tgid 825 2906 "wifi_ext@1.0-se" 7fb9e48000
  ClientModeImpl-1485  [004] .... 12190.367159: do_anonymous_page: anonymous tgid 1336 1485 "ClientModeImpl" 13782000
  ClientModeImpl-1485  [004] .... 12190.367431: do_anonymous_page: anonymous tgid 1336 1485 "ClientModeImpl" 13783000
  ClientModeImpl-1485  [004] .... 12190.367522: do_anonymous_page: anonymous tgid 1336 1485 "ClientModeImpl" 13784000
    BG Thread #7-5899  [004] .... 12190.516017: do_anonymous_page: anonymous tgid 5862 5899 "BG Thread #7" 13602000
 PowerManagerSer-1384  [004] .... 12191.325880: do_anonymous_page: anonymous tgid 1336 1384 "PowerManagerSer" 136ca000
 PowerManagerSer-1384  [004] .... 12192.247517: do_anonymous_page: anonymous tgid 1336 1384 "PowerManagerSer" 136cb000
           <...>-1539  [004] .... 12192.675849: do_anonymous_page: anonymous tgid 917 1539 "NasModemEndPoin" 7fb0dcc000
 PowerManagerSer-1384  [004] .... 12193.169367: do_anonymous_page: anonymous tgid 1336 1384 "PowerManagerSer" 136cc000
  ClientModeImpl-1485  [004] .... 12193.373608: do_anonymous_page: anonymous tgid 1336 1485 "ClientModeImpl" 13785000
  ClientModeImpl-1485  [004] .... 12193.385041: do_anonymous_page: anonymous tgid 1336 1485 "ClientModeImpl" 13786000
  ClientModeImpl-1485  [004] .... 12193.385231: do_anonymous_page: anonymous tgid 1336 1485 "ClientModeImpl" 13787000
  ClientModeImpl-1485  [004] .... 12193.385873: do_anonymous_page: anonymous tgid 1336 1485 "ClientModeImpl" 13788000
  ClientModeImpl-1485  [004] .... 12193.388816: do_anonymous_page: anonymous tgid 1336 1485 "ClientModeImpl" 13789000
  ClientModeImpl-1485  [004] .... 12193.389032: do_anonymous_page: anonymous tgid 1336 1485 "ClientModeImpl" 1378a000
  ClientModeImpl-1485  [004] .... 12193.389150: do_anonymous_page: anonymous tgid 1336 1485 "ClientModeImpl" 1378b000
 PowerManagerSer-1384  [004] .... 12194.192062: do_anonymous_page: anonymous tgid 1336 1384 "PowerManagerSer" 136cd000
   BG Thread #15-5983  [004] .... 12194.453736: do_anonymous_page: anonymous tgid 5862 5983 "BG Thread #15" 1352e000
   BG Thread #12-5978  [004] .... 12194.454253: do_anonymous_page: anonymous tgid 5862 5978 "BG Thread #12" 1324e000
   BG Thread #11-5979  [004] .... 12194.454558: do_anonymous_page: anonymous tgid 5862 5979 "BG Thread #11" 13285000
     ChromiumNet-5974  [004] .... 12194.473148: do_anonymous_page: anonymous tgid 5862 5974 "ChromiumNet" 135c3000
   BG Thread #11-5979  [004] .... 12194.473934: do_anonymous_page: anonymous tgid 5862 5979 "BG Thread #11" 13286000
   BG Thread #15-5983  [004] .... 12194.474403: do_anonymous_page: anonymous tgid 5862 5983 "BG Thread #15" 1352f000
 wifi_ext@1.0-se-2906  [004] .... 12194.528766: do_anonymous_page: anonymous tgid 825 2906 "wifi_ext@1.0-se" 7fb9e49000
 PowerManagerSer-1384  [004] .... 12195.114558: do_anonymous_page: anonymous tgid 1336 1384 "PowerManagerSer" 136ce000
           <...>-6029  [004] .... 12195.298385: do_anonymous_page: anonymous tgid 5862 6029 "mdxSsdp23-1" 12e99000
           <...>-6029  [004] .... 12195.308254: do_anonymous_page: anonymous tgid 5862 6029 "mdxSsdp23-1" 12e9a000
 wifi_ext@1.0-se-2906  [004] .... 12195.390829: do_anonymous_page: anonymous tgid 825 2906 "wifi_ext@1.0-se" 7fb9e4a000
 PowerManagerSer-1384  [004] .... 12196.035018: do_anonymous_page: anonymous tgid 1336 1384 "PowerManagerSer" 136cf000
  ClientModeImpl-1485  [004] .... 12196.407127: do_anonymous_page: anonymous tgid 1336 1485 "ClientModeImpl" 1378c000
  ClientModeImpl-1485  [004] .... 12196.407360: do_anonymous_page: anonymous tgid 1336 1485 "ClientModeImpl" 1378d000
  ClientModeImpl-1485  [004] .... 12196.407566: do_anonymous_page: anonymous tgid 1336 1485 "ClientModeImpl" 1378e000
 gle.android.gms-2586  [004] .... 12196.408517: do_anonymous_page: anonymous tgid 2586 2586 "gle.android.gms" 12c45000
  ClientModeImpl-1485  [004] .... 12196.413817: do_anonymous_page: anonymous tgid 1336 1485 "ClientModeImpl" 1378f000
  ClientModeImpl-1485  [004] .... 12196.414088: do_anonymous_page: anonymous tgid 1336 1485 "ClientModeImpl" 13790000
  ClientModeImpl-1485  [004] .... 12196.414158: do_anonymous_page: anonymous tgid 1336 1485 "ClientModeImpl" 13791000
  ClientModeImpl-1485  [004] .... 12196.415313: do_anonymous_page: anonymous tgid 1336 1485 "ClientModeImpl" 13792000
        Thread-3-11268 [004] .... 12196.630168: do_anonymous_page: anonymous tgid 11210 11268 "Thread-3" 12c4d000
 PowerManagerSer-1384  [004] .... 12196.956703: do_anonymous_page: anonymous tgid 1336 1384 "PowerManagerSer" 136d0000
    BG Thread #7-5899  [004] .... 12197.868279: do_anonymous_page: anonymous tgid 5862 5899 "BG Thread #7" 13603000
    BG Thread #7-5899  [004] .... 12197.868595: do_anonymous_page: anonymous tgid 5862 5899 "BG Thread #7" 13604000
