   Binder:2266_D-11114 [004] .... 11740.155060: do_anonymous_page: anonymous tgid 2266 11114 "Binder:2266_D" 13612000
   Binder:2266_D-11114 [004] .... 11740.155301: do_anonymous_page: anonymous tgid 2266 11114 "Binder:2266_D" 13613000
   Binder:2266_D-11114 [004] .... 11740.155696: do_anonymous_page: anonymous tgid 2266 11114 "Binder:2266_D" 13614000
  Binder:1336_19-9935  [004] .... 11740.156229: do_anonymous_page: anonymous tgid 1336 9935 "Binder:1336_19" 14111000
 Blocking Thread-12529 [004] .... 11740.156349: do_anonymous_page: anonymous tgid 5862 12529 "Blocking Thread" 13410000
 Blocking Thread-12529 [004] .... 11740.158231: do_anonymous_page: anonymous tgid 5862 12529 "Blocking Thread" 13411000
 Blocking Thread-12529 [004] .... 11740.158375: do_anonymous_page: anonymous tgid 5862 12529 "Blocking Thread" 13412000
  Binder:1336_19-9935  [004] .... 11740.158951: do_anonymous_page: anonymous tgid 1336 9935 "Binder:1336_19" 14112000
     mdxSsdp23-1-6029  [004] .... 11740.159453: do_anonymous_page: anonymous tgid 5862 6029 "mdxSsdp23-1" 13107000
    BG Thread #8-5900  [004] .... 11740.159757: do_anonymous_page: anonymous tgid 5862 5900 "BG Thread #8" 12e78000
    BG Thread #8-5900  [004] .... 11740.159933: do_anonymous_page: anonymous tgid 5862 5900 "BG Thread #8" 12e79000
    BG Thread #7-5899  [004] .... 11740.160216: do_anonymous_page: anonymous tgid 5862 5899 "BG Thread #7" 13087000
 cronet-ui-inner-5916  [004] .... 11740.160723: do_anonymous_page: anonymous tgid 5862 5916 "cronet-ui-inner" 134c0000
 cronet-ui-inner-5916  [004] .... 11740.160842: do_anonymous_page: anonymous tgid 5862 5916 "cronet-ui-inner" 134c1000
 cronet-ui-inner-5916  [004] .... 11740.161210: do_anonymous_page: anonymous tgid 5862 5916 "cronet-ui-inner" 134c2000
   Binder:1336_F-3905  [004] .... 11740.161398: do_anonymous_page: anonymous tgid 1336 3905 "Binder:1336_F" 13206000
 cronet-ui-inner-5916  [004] .... 11740.162003: do_anonymous_page: anonymous tgid 5862 5916 "cronet-ui-inner" 134c3000
     logd.writer-568   [004] .... 11740.162791: do_anonymous_page: anonymous tgid 557 568 "logd.writer" 7fb42bf000
           <...>-2624  [004] .... 11740.165893: do_anonymous_page: anonymous tgid 2586 2624 "Binder:2586_4" 7f3149b000
   Binder:1336_1-1354  [004] .... 11740.166504: do_anonymous_page: anonymous tgid 1336 1354 "Binder:1336_1" 14085000
           <...>-2624  [004] .... 11740.166581: do_anonymous_page: anonymous tgid 2586 2624 "Binder:2586_4" 12c81000
           <...>-2624  [004] .... 11740.166627: do_anonymous_page: anonymous tgid 2586 2624 "Binder:2586_4" 12c82000
           <...>-2624  [004] .... 11740.166729: do_anonymous_page: anonymous tgid 2586 2624 "Binder:2586_4" 12c83000
           <...>-2624  [004] .... 11740.167024: do_anonymous_page: anonymous tgid 2586 2624 "Binder:2586_4" 12c84000
           <...>-2624  [004] .... 11740.167251: do_anonymous_page: anonymous tgid 2586 2624 "Binder:2586_4" 12c85000
 Measurement Wor-12530 [004] .... 11740.172265: do_anonymous_page: anonymous tgid 5862 12530 "Measurement Wor" 13484000
           <...>-2624  [004] .... 11740.172519: do_anonymous_page: anonymous tgid 2586 2624 "Binder:2586_4" 12c86000
           <...>-2624  [004] .... 11740.172569: do_anonymous_page: anonymous tgid 2586 2624 "Binder:2586_4" 7f2d2c0000
           <...>-2624  [004] .... 11740.172617: do_anonymous_page: anonymous tgid 2586 2624 "Binder:2586_4" 7ec309e000
           <...>-2624  [004] .... 11740.172621: do_anonymous_page: anonymous tgid 2586 2624 "Binder:2586_4" 7ec309d000
    BG Thread #8-5900  [004] .... 11740.172799: do_anonymous_page: anonymous tgid 5862 5900 "BG Thread #8" 12e7a000
    BG Thread #8-5900  [004] .... 11740.172857: do_anonymous_page: anonymous tgid 5862 5900 "BG Thread #8" 12e7b000
    BG Thread #8-5900  [004] .... 11740.173101: do_anonymous_page: anonymous tgid 5862 5900 "BG Thread #8" 12e7c000
    BG Thread #8-5900  [004] .... 11740.173134: do_anonymous_page: anonymous tgid 5862 5900 "BG Thread #8" 12e7d000
    BG Thread #8-5900  [004] .... 11740.173169: do_anonymous_page: anonymous tgid 5862 5900 "BG Thread #8" 12e7e000
            netd-1103  [004] .... 11740.174102: do_anonymous_page: anonymous tgid 785 1103 "netd" 7fae321000
            netd-1103  [004] .... 11740.174110: do_anonymous_page: anonymous tgid 785 1103 "netd" 7fae320000
 Measurement Wor-12530 [004] .... 11740.176215: do_anonymous_page: anonymous tgid 5862 12530 "Measurement Wor" 13485000
    BG Thread #7-5899  [004] .... 11740.176924: do_anonymous_page: anonymous tgid 5862 5899 "BG Thread #7" 13088000
   Binder:2266_A-6758  [004] .... 11740.177692: do_anonymous_page: anonymous tgid 2266 6758 "Binder:2266_A" 135ea000
   Binder:2266_A-6758  [004] .... 11740.178052: do_anonymous_page: anonymous tgid 2266 6758 "Binder:2266_A" 135eb000
   Binder:2266_A-6758  [004] .... 11740.178360: do_anonymous_page: anonymous tgid 2266 6758 "Binder:2266_A" 135ec000
  Binder:1336_19-9935  [004] .... 11740.178405: do_anonymous_page: anonymous tgid 1336 9935 "Binder:1336_19" 14113000
            netd-12537 [004] .... 11740.180517: do_anonymous_page: anonymous tgid 785 12537 "netd" 7fae31e000
            netd-12537 [004] .... 11740.180530: do_anonymous_page: anonymous tgid 785 12537 "netd" 7fae31d000
            netd-12537 [004] .... 11740.180553: do_anonymous_page: anonymous tgid 785 12537 "netd" 7fbcd22000
            netd-12537 [004] .... 11740.180563: do_anonymous_page: anonymous tgid 785 12537 "netd" 7fae31f000
            netd-12537 [004] .... 11740.180573: do_anonymous_page: anonymous tgid 785 12537 "netd" 7fbcd30000
            netd-12537 [004] .... 11740.180575: do_anonymous_page: anonymous tgid 785 12537 "netd" 7fbcd31000
            netd-12537 [004] .... 11740.180577: do_anonymous_page: anonymous tgid 785 12537 "netd" 7fbcd32000
            netd-12537 [004] .... 11740.180578: do_anonymous_page: anonymous tgid 785 12537 "netd" 7fbcd33000
            netd-12537 [004] .... 11740.180584: do_anonymous_page: anonymous tgid 785 12537 "netd" 7fbcd4c000
            netd-12537 [004] .... 11740.180588: do_anonymous_page: anonymous tgid 785 12537 "netd" 7fbcd4d000
            netd-12537 [004] .... 11740.180590: do_anonymous_page: anonymous tgid 785 12537 "netd" 7fbcd4e000
            netd-12537 [004] .... 11740.180592: do_anonymous_page: anonymous tgid 785 12537 "netd" 7fbcd4a000
            netd-12537 [004] .... 11740.180603: do_anonymous_page: anonymous tgid 785 12537 "netd" 7fae31c000
     ChromiumNet-5958  [004] .... 11740.184341: do_anonymous_page: anonymous tgid 5862 5958 "ChromiumNet" 13500000
    BG Thread #8-5900  [004] .... 11740.184900: do_anonymous_page: anonymous tgid 5862 5900 "BG Thread #8" 12e7f000
    BG Thread #8-5900  [004] .... 11740.184955: do_anonymous_page: anonymous tgid 5862 5900 "BG Thread #8" 13540000
    BG Thread #8-5900  [004] .... 11740.185017: do_anonymous_page: anonymous tgid 5862 5900 "BG Thread #8" 13541000
 Measurement Wor-12536 [004] .... 11740.187021: do_anonymous_page: anonymous tgid 2586 12536 "Measurement Wor" 7ec309c000
    BG Thread #8-5900  [004] .... 11740.187328: do_anonymous_page: anonymous tgid 5862 5900 "BG Thread #8" 13542000
 Measurement Wor-12536 [004] .... 11740.187531: do_anonymous_page: anonymous tgid 2586 12536 "Measurement Wor" 7f3088e000
 Measurement Wor-12536 [004] .... 11740.187542: do_anonymous_page: anonymous tgid 2586 12536 "Measurement Wor" 7ec309b000
 Measurement Wor-12536 [004] .... 11740.187600: do_anonymous_page: anonymous tgid 2586 12536 "Measurement Wor" 13500000
    BG Thread #8-5900  [004] .... 11740.187936: do_anonymous_page: anonymous tgid 5862 5900 "BG Thread #8" 13543000
    BG Thread #8-5900  [004] .... 11740.188056: do_anonymous_page: anonymous tgid 5862 5900 "BG Thread #8" 13544000
    BG Thread #8-5900  [004] .... 11740.188137: do_anonymous_page: anonymous tgid 5862 5900 "BG Thread #8" 13545000
    BG Thread #8-5900  [004] .... 11740.188336: do_anonymous_page: anonymous tgid 5862 5900 "BG Thread #8" 13546000
    BG Thread #8-5900  [004] .... 11740.188358: do_anonymous_page: anonymous tgid 5862 5900 "BG Thread #8" 13547000
    BG Thread #8-5900  [004] .... 11740.188402: do_anonymous_page: anonymous tgid 5862 5900 "BG Thread #8" 13548000
    BG Thread #8-5900  [004] .... 11740.188713: do_anonymous_page: anonymous tgid 5862 5900 "BG Thread #8" 13549000
    BG Thread #8-5900  [004] .... 11740.188730: do_anonymous_page: anonymous tgid 5862 5900 "BG Thread #8" 1354a000
    BG Thread #8-5900  [004] .... 11740.188737: do_anonymous_page: anonymous tgid 5862 5900 "BG Thread #8" 1354b000
    BG Thread #8-5900  [004] .... 11740.188771: do_anonymous_page: anonymous tgid 5862 5900 "BG Thread #8" 1354c000
    BG Thread #8-5900  [004] .... 11740.188823: do_anonymous_page: anonymous tgid 5862 5900 "BG Thread #8" 1354d000
    BG Thread #8-5900  [004] .... 11740.188883: do_anonymous_page: anonymous tgid 5862 5900 "BG Thread #8" 1354e000
    BG Thread #8-5900  [004] .... 11740.188895: do_anonymous_page: anonymous tgid 5862 5900 "BG Thread #8" 1354f000
    BG Thread #8-5900  [004] .... 11740.188908: do_anonymous_page: anonymous tgid 5862 5900 "BG Thread #8" 13550000
    BG Thread #8-5900  [004] .... 11740.188920: do_anonymous_page: anonymous tgid 5862 5900 "BG Thread #8" 13551000
    BG Thread #8-5900  [004] .... 11740.188935: do_anonymous_page: anonymous tgid 5862 5900 "BG Thread #8" 13552000
    BG Thread #8-5900  [004] .... 11740.188941: do_anonymous_page: anonymous tgid 5862 5900 "BG Thread #8" 13553000
    BG Thread #8-5900  [004] .... 11740.188952: do_anonymous_page: anonymous tgid 5862 5900 "BG Thread #8" 13554000
    BG Thread #8-5900  [004] .... 11740.188962: do_anonymous_page: anonymous tgid 5862 5900 "BG Thread #8" 13555000
    BG Thread #8-5900  [004] .... 11740.188974: do_anonymous_page: anonymous tgid 5862 5900 "BG Thread #8" 13556000
    BG Thread #8-5900  [004] .... 11740.188995: do_anonymous_page: anonymous tgid 5862 5900 "BG Thread #8" 13557000
    BG Thread #8-5900  [004] .... 11740.189077: do_anonymous_page: anonymous tgid 5862 5900 "BG Thread #8" 13558000
    BG Thread #8-5900  [004] .... 11740.189091: do_anonymous_page: anonymous tgid 5862 5900 "BG Thread #8" 13559000
    BG Thread #8-5900  [004] .... 11740.189126: do_anonymous_page: anonymous tgid 5862 5900 "BG Thread #8" 1355a000
    BG Thread #8-5900  [004] .... 11740.189159: do_anonymous_page: anonymous tgid 5862 5900 "BG Thread #8" 1355b000
    BG Thread #8-5900  [004] .... 11740.189174: do_anonymous_page: anonymous tgid 5862 5900 "BG Thread #8" 1355c000
    BG Thread #8-5900  [004] .... 11740.189219: do_anonymous_page: anonymous tgid 5862 5900 "BG Thread #8" 1355d000
    BG Thread #8-5900  [004] .... 11740.189248: do_anonymous_page: anonymous tgid 5862 5900 "BG Thread #8" 1355e000
    BG Thread #8-5900  [004] .... 11740.189264: do_anonymous_page: anonymous tgid 5862 5900 "BG Thread #8" 1355f000
    BG Thread #8-5900  [004] .... 11740.189318: do_anonymous_page: anonymous tgid 5862 5900 "BG Thread #8" 13560000
    BG Thread #8-5900  [004] .... 11740.189331: do_anonymous_page: anonymous tgid 5862 5900 "BG Thread #8" 13561000
    BG Thread #8-5900  [004] .... 11740.189343: do_anonymous_page: anonymous tgid 5862 5900 "BG Thread #8" 13562000
    BG Thread #8-5900  [004] .... 11740.189347: do_anonymous_page: anonymous tgid 5862 5900 "BG Thread #8" 13563000
    BG Thread #8-5900  [004] .... 11740.189359: do_anonymous_page: anonymous tgid 5862 5900 "BG Thread #8" 13564000
    BG Thread #8-5900  [004] .... 11740.189405: do_anonymous_page: anonymous tgid 5862 5900 "BG Thread #8" 13565000
    BG Thread #8-5900  [004] .... 11740.189432: do_anonymous_page: anonymous tgid 5862 5900 "BG Thread #8" 13566000
    BG Thread #8-5900  [004] .... 11740.189456: do_anonymous_page: anonymous tgid 5862 5900 "BG Thread #8" 13567000
    BG Thread #8-5900  [004] .... 11740.189486: do_anonymous_page: anonymous tgid 5862 5900 "BG Thread #8" 13568000
    BG Thread #8-5900  [004] .... 11740.189849: do_anonymous_page: anonymous tgid 5862 5900 "BG Thread #8" 13569000
    BG Thread #8-5900  [004] .... 11740.189877: do_anonymous_page: anonymous tgid 5862 5900 "BG Thread #8" 1356a000
    BG Thread #8-5900  [004] .... 11740.189915: do_anonymous_page: anonymous tgid 5862 5900 "BG Thread #8" 1356b000
           <...>-6016  [004] .... 11740.191858: do_anonymous_page: anonymous tgid 5862 6016 "queued-work-loo" 13580000
           <...>-6016  [004] .... 11740.192262: do_anonymous_page: anonymous tgid 5862 6016 "queued-work-loo" 771be000
           <...>-6016  [004] .... 11740.192268: do_anonymous_page: anonymous tgid 5862 6016 "queued-work-loo" 77187000
           <...>-6016  [004] .... 11740.194311: do_anonymous_page: anonymous tgid 5862 6016 "queued-work-loo" 771e9000
           <...>-6016  [004] .... 11740.194320: do_anonymous_page: anonymous tgid 5862 6016 "queued-work-loo" 771da000
           <...>-6016  [004] .... 11740.194409: do_anonymous_page: anonymous tgid 5862 6016 "queued-work-loo" 771ea000
           <...>-6016  [004] .... 11740.194413: do_anonymous_page: anonymous tgid 5862 6016 "queued-work-loo" 13581000
           <...>-6016  [004] .... 11740.194430: do_anonymous_page: anonymous tgid 5862 6016 "queued-work-loo" 771eb000
           <...>-6016  [004] .... 11740.194443: do_anonymous_page: anonymous tgid 5862 6016 "queued-work-loo" 771ec000
           <...>-6016  [004] .... 11740.194455: do_anonymous_page: anonymous tgid 5862 6016 "queued-work-loo" 771ed000
           <...>-6016  [004] .... 11740.194467: do_anonymous_page: anonymous tgid 5862 6016 "queued-work-loo" 771ee000
           <...>-6016  [004] .... 11740.194482: do_anonymous_page: anonymous tgid 5862 6016 "queued-work-loo" 771ef000
           <...>-6016  [004] .... 11740.194495: do_anonymous_page: anonymous tgid 5862 6016 "queued-work-loo" 771f0000
           <...>-6016  [004] .... 11740.194506: do_anonymous_page: anonymous tgid 5862 6016 "queued-work-loo" 771f1000
           <...>-6016  [004] .... 11740.194517: do_anonymous_page: anonymous tgid 5862 6016 "queued-work-loo" 771f2000
           <...>-6016  [004] .... 11740.194528: do_anonymous_page: anonymous tgid 5862 6016 "queued-work-loo" 771f3000
           <...>-6016  [004] .... 11740.194540: do_anonymous_page: anonymous tgid 5862 6016 "queued-work-loo" 771f4000
           <...>-6016  [004] .... 11740.194561: do_anonymous_page: anonymous tgid 5862 6016 "queued-work-loo" 771f5000
           <...>-6016  [004] .... 11740.194576: do_anonymous_page: anonymous tgid 5862 6016 "queued-work-loo" 771f6000
           <...>-6016  [004] .... 11740.194587: do_anonymous_page: anonymous tgid 5862 6016 "queued-work-loo" 771f7000
           <...>-6016  [004] .... 11740.194599: do_anonymous_page: anonymous tgid 5862 6016 "queued-work-loo" 771f8000
           <...>-6016  [004] .... 11740.194623: do_anonymous_page: anonymous tgid 5862 6016 "queued-work-loo" 771db000
           <...>-6016  [004] .... 11740.194630: do_anonymous_page: anonymous tgid 5862 6016 "queued-work-loo" 771dc000
           <...>-6016  [004] .... 11740.194637: do_anonymous_page: anonymous tgid 5862 6016 "queued-work-loo" 771dd000
           <...>-6016  [004] .... 11740.194644: do_anonymous_page: anonymous tgid 5862 6016 "queued-work-loo" 771de000
           <...>-6016  [004] .... 11740.194651: do_anonymous_page: anonymous tgid 5862 6016 "queued-work-loo" 771df000
           <...>-6016  [004] .... 11740.194659: do_anonymous_page: anonymous tgid 5862 6016 "queued-work-loo" 771e0000
           <...>-6016  [004] .... 11740.194667: do_anonymous_page: anonymous tgid 5862 6016 "queued-work-loo" 771e1000
    BG Thread #8-5900  [004] .... 11740.195717: do_anonymous_page: anonymous tgid 5862 5900 "BG Thread #8" 1356c000
  Binder:1336_19-9935  [004] .... 11740.198558: do_anonymous_page: anonymous tgid 1336 9935 "Binder:1336_19" 14114000
    BG Thread #8-5900  [004] .... 11740.199561: do_anonymous_page: anonymous tgid 5862 5900 "BG Thread #8" 1356d000
   Binder:1666_1-1688  [004] .... 11740.233097: do_anonymous_page: anonymous tgid 1666 1688 "Binder:1666_1" 7f31420000
 ndroid.systemui-1666  [004] .... 11740.234109: do_anonymous_page: anonymous tgid 1666 1666 "ndroid.systemui" 13228000
    Binder:604_2-620   [004] .... 11740.237245: do_anonymous_page: anonymous tgid 604 620 "Binder:604_2" 7faa714000
 composer@2.3-se-606   [004] .... 11740.242592: do_anonymous_page: anonymous tgid 606 606 "composer@2.3-se" 7fbce8c000
 composer@2.3-se-606   [004] .... 11740.242602: do_anonymous_page: anonymous tgid 606 606 "composer@2.3-se" 7fbce8d000
 composer@2.3-se-606   [004] .... 11740.242605: do_anonymous_page: anonymous tgid 606 606 "composer@2.3-se" 7fbce8e000
 composer@2.3-se-606   [004] .... 11740.242608: do_anonymous_page: anonymous tgid 606 606 "composer@2.3-se" 7fbce8f000
 composer@2.3-se-606   [004] .... 11740.242611: do_anonymous_page: anonymous tgid 606 606 "composer@2.3-se" 7fbce90000
 composer@2.3-se-606   [004] .... 11740.253408: do_anonymous_page: anonymous tgid 606 606 "composer@2.3-se" 7fb5e49000
  Binder:1336_19-9935  [004] .... 11740.255938: do_anonymous_page: anonymous tgid 1336 9935 "Binder:1336_19" 14115000
 android.display-1361  [004] .... 11740.263200: do_anonymous_page: anonymous tgid 1336 1361 "android.display" 12de5000
 droid.launcher3-2000  [004] .... 11740.263702: do_anonymous_page: anonymous tgid 2000 2000 "droid.launcher3" 1307a000
 droid.launcher3-2000  [004] .n.. 11740.264702: do_anonymous_page: anonymous tgid 2000 2000 "droid.launcher3" 1307b000
        Thread-3-11268 [004] .... 11740.293795: do_anonymous_page: anonymous tgid 11210 11268 "Thread-3" 12f0a000
     ChromiumNet-5958  [004] .... 11740.320103: do_anonymous_page: anonymous tgid 5862 5958 "ChromiumNet" 7f23540000
 PowerManagerSer-1384  [004] .... 11740.367265: do_anonymous_page: anonymous tgid 1336 1384 "PowerManagerSer" 1401f000
 android.youtube-5862  [004] .... 11740.372167: do_anonymous_page: anonymous tgid 5862 5862 "android.youtube" 1335d000
  ClientModeImpl-1485  [004] .... 11740.392172: do_anonymous_page: anonymous tgid 1336 1485 "ClientModeImpl" 7e5ef28000
  ClientModeImpl-1485  [004] .... 11740.392472: do_anonymous_page: anonymous tgid 1336 1485 "ClientModeImpl" 14071000
  ClientModeImpl-1485  [004] .... 11740.398945: do_anonymous_page: anonymous tgid 1336 1485 "ClientModeImpl" 14072000
  ClientModeImpl-1485  [004] .... 11740.399009: do_anonymous_page: anonymous tgid 1336 1485 "ClientModeImpl" 14073000
  ClientModeImpl-1485  [004] .... 11740.399065: do_anonymous_page: anonymous tgid 1336 1485 "ClientModeImpl" 14074000
  ClientModeImpl-1485  [004] .... 11740.400409: do_anonymous_page: anonymous tgid 1336 1485 "ClientModeImpl" 7321d000
  ClientModeImpl-1485  [004] .... 11740.400428: do_anonymous_page: anonymous tgid 1336 1485 "ClientModeImpl" 14075000
  ClientModeImpl-1485  [004] .... 11740.400528: do_anonymous_page: anonymous tgid 1336 1485 "ClientModeImpl" 14076000
  ClientModeImpl-1485  [004] .... 11740.400579: do_anonymous_page: anonymous tgid 1336 1485 "ClientModeImpl" 14077000
     ChromiumNet-5958  [004] .... 11740.402449: do_anonymous_page: anonymous tgid 5862 5958 "ChromiumNet" 7321d000
     ChromiumNet-5958  [004] .... 11740.402785: do_anonymous_page: anonymous tgid 5862 5958 "ChromiumNet" 13501000
 cronet-ui-inner-5915  [004] .... 11740.403005: do_anonymous_page: anonymous tgid 5862 5915 "cronet-ui-inner" 135c0000
 cronet-ui-inner-5915  [004] .... 11740.403399: do_anonymous_page: anonymous tgid 5862 5915 "cronet-ui-inner" 135c1000
 android.youtube-5862  [004] .... 11740.416875: do_anonymous_page: anonymous tgid 5862 5862 "android.youtube" 7eb5220000
 android.youtube-5862  [004] .... 11740.416892: do_anonymous_page: anonymous tgid 5862 5862 "android.youtube" 7eb5311000
 android.youtube-5862  [004] .... 11740.416897: do_anonymous_page: anonymous tgid 5862 5862 "android.youtube" 7eb5312000
 android.youtube-5862  [004] .... 11740.416901: do_anonymous_page: anonymous tgid 5862 5862 "android.youtube" 7eb5316000
 android.youtube-5862  [004] .... 11740.416911: do_anonymous_page: anonymous tgid 5862 5862 "android.youtube" 7eb5319000
 android.youtube-5862  [004] .... 11740.416945: do_anonymous_page: anonymous tgid 5862 5862 "android.youtube" 7e7bee5000
 android.youtube-5862  [004] .... 11740.416952: do_anonymous_page: anonymous tgid 5862 5862 "android.youtube" 7e7bee6000
 android.youtube-5862  [004] .... 11740.416975: do_anonymous_page: anonymous tgid 5862 5862 "android.youtube" 7eb531a000
 android.youtube-5862  [004] .... 11740.416993: do_anonymous_page: anonymous tgid 5862 5862 "android.youtube" 7e7bb2a000
 android.youtube-5862  [004] .... 11740.417001: do_anonymous_page: anonymous tgid 5862 5862 "android.youtube" 7e7bba6000
 android.youtube-5862  [004] .... 11740.417007: do_anonymous_page: anonymous tgid 5862 5862 "android.youtube" 7e7bba7000
 android.youtube-5862  [004] .... 11740.417013: do_anonymous_page: anonymous tgid 5862 5862 "android.youtube" 7e7bbb4000
 android.youtube-5862  [004] .... 11740.417016: do_anonymous_page: anonymous tgid 5862 5862 "android.youtube" 7e7bbb6000
 android.youtube-5862  [004] .... 11740.417018: do_anonymous_page: anonymous tgid 5862 5862 "android.youtube" 7e7bdc9000
           <...>-6016  [004] .... 11740.504431: do_anonymous_page: anonymous tgid 5862 6016 "queued-work-loo" 7772e000
           <...>-6016  [004] .... 11740.504453: do_anonymous_page: anonymous tgid 5862 6016 "queued-work-loo" 770ea000
           <...>-6016  [004] .... 11740.504573: do_anonymous_page: anonymous tgid 5862 6016 "queued-work-loo" 7772f000
           <...>-6016  [004] .... 11740.504597: do_anonymous_page: anonymous tgid 5862 6016 "queued-work-loo" 77730000
           <...>-6016  [004] .... 11740.504614: do_anonymous_page: anonymous tgid 5862 6016 "queued-work-loo" 77731000
           <...>-6016  [004] .... 11740.504629: do_anonymous_page: anonymous tgid 5862 6016 "queued-work-loo" 77732000
           <...>-6016  [004] .... 11740.504646: do_anonymous_page: anonymous tgid 5862 6016 "queued-work-loo" 77733000
           <...>-6016  [004] .... 11740.507888: do_anonymous_page: anonymous tgid 5862 6016 "queued-work-loo" 77734000
           <...>-6016  [004] .... 11740.507913: do_anonymous_page: anonymous tgid 5862 6016 "queued-work-loo" 77735000
           <...>-6016  [004] .... 11740.507929: do_anonymous_page: anonymous tgid 5862 6016 "queued-work-loo" 77736000
           <...>-6016  [004] .... 11740.507952: do_anonymous_page: anonymous tgid 5862 6016 "queued-work-loo" 77737000
           <...>-6016  [004] .... 11740.507968: do_anonymous_page: anonymous tgid 5862 6016 "queued-work-loo" 77738000
           <...>-6016  [004] .... 11740.507980: do_anonymous_page: anonymous tgid 5862 6016 "queued-work-loo" 77739000
           <...>-6016  [004] .... 11740.508012: do_anonymous_page: anonymous tgid 5862 6016 "queued-work-loo" 7773a000
           <...>-6016  [004] .... 11740.508061: do_anonymous_page: anonymous tgid 5862 6016 "queued-work-loo" 7773b000
           <...>-6016  [004] .... 11740.508074: do_anonymous_page: anonymous tgid 5862 6016 "queued-work-loo" 7773c000
           <...>-6016  [004] .... 11740.508088: do_anonymous_page: anonymous tgid 5862 6016 "queued-work-loo" 7773d000
           <...>-6016  [004] .... 11740.508140: do_anonymous_page: anonymous tgid 5862 6016 "queued-work-loo" 770eb000
           <...>-6016  [004] .... 11740.508149: do_anonymous_page: anonymous tgid 5862 6016 "queued-work-loo" 770ec000
           <...>-6016  [004] .... 11740.508158: do_anonymous_page: anonymous tgid 5862 6016 "queued-work-loo" 770ed000
           <...>-6016  [004] .... 11740.508166: do_anonymous_page: anonymous tgid 5862 6016 "queued-work-loo" 770ee000
           <...>-6016  [004] .... 11740.508185: do_anonymous_page: anonymous tgid 5862 6016 "queued-work-loo" 770ef000
           <...>-6016  [004] .... 11740.508194: do_anonymous_page: anonymous tgid 5862 6016 "queued-work-loo" 770f0000
           <...>-6016  [004] .... 11740.508202: do_anonymous_page: anonymous tgid 5862 6016 "queued-work-loo" 770f1000
 PowerManagerSer-1384  [004] .... 11741.289708: do_anonymous_page: anonymous tgid 1336 1384 "PowerManagerSer" 14020000
  Binder:1336_19-9935  [004] .... 11741.407332: do_anonymous_page: anonymous tgid 1336 9935 "Binder:1336_19" 14116000
    BG Thread #5-5897  [004] .... 11741.409304: do_anonymous_page: anonymous tgid 5862 5897 "BG Thread #5" 132ca000
    BG Thread #2-5894  [004] .... 11741.409818: do_anonymous_page: anonymous tgid 5862 5894 "BG Thread #2" 13306000
     ChromiumNet-5974  [004] .... 11741.494257: do_anonymous_page: anonymous tgid 5862 5974 "ChromiumNet" 13600000
     ChromiumNet-5974  [004] .... 11741.494289: do_anonymous_page: anonymous tgid 5862 5974 "ChromiumNet" 7f23155000
     ChromiumNet-5974  [004] .... 11741.494901: do_anonymous_page: anonymous tgid 5862 5974 "ChromiumNet" 13601000
    BG Thread #5-5897  [004] .... 11741.499744: do_anonymous_page: anonymous tgid 5862 5897 "BG Thread #5" 132cb000
     ChromiumNet-5974  [004] .... 11741.500086: do_anonymous_page: anonymous tgid 5862 5974 "ChromiumNet" 13602000
   BG Thread #12-5978  [004] .... 11741.502083: do_anonymous_page: anonymous tgid 5862 5978 "BG Thread #12" 13284000
    BG Thread #7-5899  [004] .... 11741.506616: do_anonymous_page: anonymous tgid 5862 5899 "BG Thread #7" 13089000
    BG Thread #8-5900  [004] .... 11741.507001: do_anonymous_page: anonymous tgid 5862 5900 "BG Thread #8" 1356e000
  Lite Thread #4-11708 [004] .... 11741.938775: do_anonymous_page: anonymous tgid 5862 11708 "Lite Thread #4" 13640000
 PowerManagerSer-1384  [004] .... 11742.312140: do_anonymous_page: anonymous tgid 1336 1384 "PowerManagerSer" 14021000
           <...>-2407  [004] .... 11742.901437: do_anonymous_page: anonymous tgid 1336 2407 "LazyTaskWriterT" 771e4000
           <...>-2407  [004] .... 11742.901471: do_anonymous_page: anonymous tgid 1336 2407 "LazyTaskWriterT" 771f5000
           <...>-2407  [004] .... 11742.901495: do_anonymous_page: anonymous tgid 1336 2407 "LazyTaskWriterT" 1354a000
           <...>-2407  [004] .... 11742.901605: do_anonymous_page: anonymous tgid 1336 2407 "LazyTaskWriterT" 1354b000
           <...>-2407  [004] .... 11742.902766: do_anonymous_page: anonymous tgid 1336 2407 "LazyTaskWriterT" 1354c000
 Blocking Thread-12529 [004] .... 11742.918521: do_anonymous_page: anonymous tgid 5862 12529 "Blocking Thread" 13413000
           <...>-2407  [004] .... 11742.919089: do_anonymous_page: anonymous tgid 1336 2407 "LazyTaskWriterT" 1354d000
           <...>-2407  [004] .... 11742.920087: do_anonymous_page: anonymous tgid 1336 2407 "LazyTaskWriterT" 1354e000
 PowerManagerSer-1384  [004] .... 11743.235222: do_anonymous_page: anonymous tgid 1336 1384 "PowerManagerSer" 14022000
  ClientModeImpl-1485  [004] .... 11743.414856: do_anonymous_page: anonymous tgid 1336 1485 "ClientModeImpl" 14078000
  ClientModeImpl-1485  [004] .... 11743.415060: do_anonymous_page: anonymous tgid 1336 1485 "ClientModeImpl" 14079000
  ClientModeImpl-1485  [004] .... 11743.415243: do_anonymous_page: anonymous tgid 1336 1485 "ClientModeImpl" 1407a000
  ClientModeImpl-1485  [004] .... 11743.415279: do_anonymous_page: anonymous tgid 1336 1485 "ClientModeImpl" 7e7213f000
  ClientModeImpl-1485  [004] .... 11743.418054: do_anonymous_page: anonymous tgid 1336 1485 "ClientModeImpl" 1407b000
  ClientModeImpl-1485  [004] .... 11743.418378: do_anonymous_page: anonymous tgid 1336 1485 "ClientModeImpl" 1407c000
  ClientModeImpl-1485  [004] .... 11743.418458: do_anonymous_page: anonymous tgid 1336 1485 "ClientModeImpl" 1407d000
 PowerManagerSer-1384  [004] .... 11744.155709: do_anonymous_page: anonymous tgid 1336 1384 "PowerManagerSer" 14023000
  Binder:1336_19-9935  [004] .... 11744.391814: do_anonymous_page: anonymous tgid 1336 9935 "Binder:1336_19" 14117000
 android.youtube-5862  [004] .... 11744.724614: do_anonymous_page: anonymous tgid 5862 5862 "android.youtube" 1335e000
   Binder:1336_F-3905  [004] .... 11744.726317: do_anonymous_page: anonymous tgid 1336 3905 "Binder:1336_F" 13207000
  Binder:1336_11-5156  [004] .... 11744.727282: do_anonymous_page: anonymous tgid 1336 5156 "Binder:1336_11" 13cea000
     mdxSsdp23-1-6029  [004] .... 11744.728927: do_anonymous_page: anonymous tgid 5862 6029 "mdxSsdp23-1" 13108000
     mdxSsdp23-1-6029  [004] .... 11744.729054: do_anonymous_page: anonymous tgid 5862 6029 "mdxSsdp23-1" 13109000
     mdxSsdp23-1-6029  [004] .... 11744.729912: do_anonymous_page: anonymous tgid 5862 6029 "mdxSsdp23-1" 1310a000
     mdxSsdp23-1-6029  [004] .... 11744.732778: do_anonymous_page: anonymous tgid 5862 6029 "mdxSsdp23-1" 1310b000
     mdxSsdp23-1-6029  [004] .... 11744.735764: do_anonymous_page: anonymous tgid 5862 6029 "mdxSsdp23-1" 1310c000
     mdxSsdp23-1-6029  [004] .... 11744.744031: do_anonymous_page: anonymous tgid 5862 6029 "mdxSsdp23-1" 1310d000
     mdxSsdp23-1-6029  [004] .... 11744.747622: do_anonymous_page: anonymous tgid 5862 6029 "mdxSsdp23-1" 1310e000
 PowerManagerSer-1384  [004] .... 11745.077236: do_anonymous_page: anonymous tgid 1336 1384 "PowerManagerSer" 14024000
 wifi_ext@1.0-se-2906  [004] .... 11745.450038: do_anonymous_page: anonymous tgid 825 2906 "wifi_ext@1.0-se" 7fba19f000
 PowerManagerSer-1384  [004] .... 11746.100994: do_anonymous_page: anonymous tgid 1336 1384 "PowerManagerSer" 14025000
  ClientModeImpl-1485  [004] .... 11746.422993: do_anonymous_page: anonymous tgid 1336 1485 "ClientModeImpl" 1407e000
  ClientModeImpl-1485  [004] .... 11746.423668: do_anonymous_page: anonymous tgid 1336 1485 "ClientModeImpl" 7e5ef29000
  ClientModeImpl-1485  [004] .n.. 11746.433750: do_anonymous_page: anonymous tgid 1336 1485 "ClientModeImpl" 1407f000
  ClientModeImpl-1485  [004] .... 11746.434354: do_anonymous_page: anonymous tgid 1336 1485 "ClientModeImpl" 14140000
  ClientModeImpl-1485  [004] .... 11746.434553: do_anonymous_page: anonymous tgid 1336 1485 "ClientModeImpl" 14141000
  ClientModeImpl-1485  [004] .... 11746.437387: do_anonymous_page: anonymous tgid 1336 1485 "ClientModeImpl" 14142000
  ClientModeImpl-1485  [004] .... 11746.437645: do_anonymous_page: anonymous tgid 1336 1485 "ClientModeImpl" 14143000
  ClientModeImpl-1485  [004] .... 11746.437843: do_anonymous_page: anonymous tgid 1336 1485 "ClientModeImpl" 14144000
  Binder:1336_11-5156  [004] .... 11746.508706: do_anonymous_page: anonymous tgid 1336 5156 "Binder:1336_11" 13ceb000
 PowerManagerSer-1384  [004] .... 11747.023225: do_anonymous_page: anonymous tgid 1336 1384 "PowerManagerSer" 14026000
 NasModemEndPoin-1539  [004] .... 11747.237599: do_anonymous_page: anonymous tgid 917 1539 "NasModemEndPoin" 7fb0bc7000
 PowerManagerSer-1384  [004] .... 11747.944242: do_anonymous_page: anonymous tgid 1336 1384 "PowerManagerSer" 14027000
 PowerManagerSer-1384  [004] .... 11748.968286: do_anonymous_page: anonymous tgid 1336 1384 "PowerManagerSer" 14028000
  ClientModeImpl-1485  [004] .... 11749.455277: do_anonymous_page: anonymous tgid 1336 1485 "ClientModeImpl" 14145000
  ClientModeImpl-1485  [004] .... 11749.455485: do_anonymous_page: anonymous tgid 1336 1485 "ClientModeImpl" 14146000
  ClientModeImpl-1485  [004] .... 11749.455672: do_anonymous_page: anonymous tgid 1336 1485 "ClientModeImpl" 14147000
  ClientModeImpl-1485  [004] .... 11749.458517: do_anonymous_page: anonymous tgid 1336 1485 "ClientModeImpl" 14148000
  ClientModeImpl-1485  [004] .... 11749.458783: do_anonymous_page: anonymous tgid 1336 1485 "ClientModeImpl" 14149000
  ClientModeImpl-1485  [004] .... 11749.458840: do_anonymous_page: anonymous tgid 1336 1485 "ClientModeImpl" 1414a000
  ClientModeImpl-1485  [004] .... 11749.459688: do_anonymous_page: anonymous tgid 1336 1485 "ClientModeImpl" 1414b000
 NasModemEndPoin-1539  [004] .... 11749.801443: do_anonymous_page: anonymous tgid 917 1539 "NasModemEndPoin" 7fb0bc8000
 PowerManagerSer-1384  [004] .... 11749.889639: do_anonymous_page: anonymous tgid 1336 1384 "PowerManagerSer" 14029000
    BG Thread #7-5899  [004] .... 11750.160686: do_anonymous_page: anonymous tgid 5862 5899 "BG Thread #7" 1308a000
    BG Thread #7-5899  [004] .... 11750.162773: do_anonymous_page: anonymous tgid 5862 5899 "BG Thread #7" 1308b000
 gle.android.gms-2586  [004] .... 11750.180082: do_anonymous_page: anonymous tgid 2586 2586 "gle.android.gms" 12cc5000
 PowerManagerSer-1384  [004] .... 11750.811516: do_anonymous_page: anonymous tgid 1336 1384 "PowerManagerSer" 1402a000
   Binder:1336_F-3905  [004] .... 11751.510832: do_anonymous_page: anonymous tgid 1336 3905 "Binder:1336_F" 13208000
 PowerManagerSer-1384  [004] .... 11751.834928: do_anonymous_page: anonymous tgid 1336 1384 "PowerManagerSer" 1402b000
           <...>-2916  [004] .... 11752.371563: do_anonymous_page: anonymous tgid 1874 2916 "IpClient.wlan0" 135e2000
  ClientModeImpl-1485  [004] .... 11752.475443: do_anonymous_page: anonymous tgid 1336 1485 "ClientModeImpl" 1414c000
  ClientModeImpl-1485  [004] .... 11752.475645: do_anonymous_page: anonymous tgid 1336 1485 "ClientModeImpl" 1414d000
  ClientModeImpl-1485  [004] .... 11752.475811: do_anonymous_page: anonymous tgid 1336 1485 "ClientModeImpl" 1414e000
  ClientModeImpl-1485  [004] .... 11752.478758: do_anonymous_page: anonymous tgid 1336 1485 "ClientModeImpl" 1414f000
  ClientModeImpl-1485  [004] .... 11752.479027: do_anonymous_page: anonymous tgid 1336 1485 "ClientModeImpl" 14150000
  ClientModeImpl-1485  [004] .... 11752.479118: do_anonymous_page: anonymous tgid 1336 1485 "ClientModeImpl" 14151000
 PowerManagerSer-1384  [004] .... 11752.754308: do_anonymous_page: anonymous tgid 1336 1384 "PowerManagerSer" 1402c000
 GoogleApiHandle-3280  [004] .... 11753.218015: do_anonymous_page: anonymous tgid 2586 3280 "GoogleApiHandle" 12c43000
   Binder:2266_A-6758  [004] .... 11753.219488: do_anonymous_page: anonymous tgid 2266 6758 "Binder:2266_A" 135ed000
   Binder:2266_A-6758  [004] .... 11753.219966: do_anonymous_page: anonymous tgid 2266 6758 "Binder:2266_A" 135ee000
   Binder:2266_D-11114 [004] .... 11753.221319: do_anonymous_page: anonymous tgid 2266 11114 "Binder:2266_D" 13615000
     lowpool[51]-11108 [004] .... 11753.226166: do_anonymous_page: anonymous tgid 2266 11108 "lowpool[51]" 13765000
     lowpool[51]-11108 [004] .... 11753.227154: do_anonymous_page: anonymous tgid 2266 11108 "lowpool[51]" 13766000
   Binder:1336_F-3905  [004] .... 11753.662697: do_anonymous_page: anonymous tgid 1336 3905 "Binder:1336_F" 13209000
   Binder:1336_F-3905  [004] .... 11753.665172: do_anonymous_page: anonymous tgid 1336 3905 "Binder:1336_F" 7e5eed8000
   Binder:1336_F-3905  [004] .... 11753.666632: do_anonymous_page: anonymous tgid 1336 3905 "Binder:1336_F" 1320a000
         SysUiBg-2047  [004] .... 11753.666802: do_anonymous_page: anonymous tgid 1666 2047 "SysUiBg" 12cc2000
         SysUiBg-2047  [004] .... 11753.669025: do_anonymous_page: anonymous tgid 1666 2047 "SysUiBg" 12cc3000
         SysUiBg-2047  [004] .... 11753.674124: do_anonymous_page: anonymous tgid 1666 2047 "SysUiBg" 12cc4000
 PowerManagerSer-1384  [004] .... 11753.675976: do_anonymous_page: anonymous tgid 1336 1384 "PowerManagerSer" 1402d000
 ndroid.systemui-1666  [004] .... 11753.683160: do_anonymous_page: anonymous tgid 1666 1666 "ndroid.systemui" 13229000
         SysUiBg-2047  [004] .... 11753.683425: do_anonymous_page: anonymous tgid 1666 2047 "SysUiBg" 12cc5000
 PowerManagerSer-1384  [004] .... 11754.700587: do_anonymous_page: anonymous tgid 1336 1384 "PowerManagerSer" 1402e000
   Binder:1336_F-3905  [004] .... 11754.726785: do_anonymous_page: anonymous tgid 1336 3905 "Binder:1336_F" 1320b000
 android.youtube-5862  [004] .... 11754.727963: do_anonymous_page: anonymous tgid 5862 5862 "android.youtube" 1335f000
  Binder:1336_19-9935  [004] .... 11754.729209: do_anonymous_page: anonymous tgid 1336 9935 "Binder:1336_19" 14118000
     mdxSsdp23-1-6029  [004] .... 11754.732964: do_anonymous_page: anonymous tgid 5862 6029 "mdxSsdp23-1" 1310f000
     mdxSsdp23-1-6029  [004] .... 11754.733217: do_anonymous_page: anonymous tgid 5862 6029 "mdxSsdp23-1" 13110000
     mdxSsdp23-1-6029  [004] .... 11754.735492: do_anonymous_page: anonymous tgid 5862 6029 "mdxSsdp23-1" 13111000
     mdxSsdp23-1-6029  [004] .... 11754.738134: do_anonymous_page: anonymous tgid 5862 6029 "mdxSsdp23-1" 13112000
     mdxSsdp23-1-6029  [004] .... 11754.742551: do_anonymous_page: anonymous tgid 5862 6029 "mdxSsdp23-1" 13113000
     mdxSsdp23-1-6029  [004] .... 11754.750104: do_anonymous_page: anonymous tgid 5862 6029 "mdxSsdp23-1" 13114000
 .gms.persistent-2266  [004] .... 11755.041686: do_anonymous_page: anonymous tgid 2266 2266 ".gms.persistent" 13b78000
  ClientModeImpl-1485  [004] .... 11755.484722: do_anonymous_page: anonymous tgid 1336 1485 "ClientModeImpl" 7e5ef4e000
  ClientModeImpl-1485  [004] .... 11755.484955: do_anonymous_page: anonymous tgid 1336 1485 "ClientModeImpl" 14152000
  ClientModeImpl-1485  [004] .... 11755.495051: do_anonymous_page: anonymous tgid 1336 1485 "ClientModeImpl" 14153000
  ClientModeImpl-1485  [004] .... 11755.495259: do_anonymous_page: anonymous tgid 1336 1485 "ClientModeImpl" 14154000
  ClientModeImpl-1485  [004] .... 11755.495390: do_anonymous_page: anonymous tgid 1336 1485 "ClientModeImpl" 14155000
  ClientModeImpl-1485  [004] .... 11755.498352: do_anonymous_page: anonymous tgid 1336 1485 "ClientModeImpl" 14156000
  ClientModeImpl-1485  [004] .... 11755.498425: do_anonymous_page: anonymous tgid 1336 1485 "ClientModeImpl" 14157000
  ClientModeImpl-1485  [004] .... 11755.498528: do_anonymous_page: anonymous tgid 1336 1485 "ClientModeImpl" 14158000
 PowerManagerSer-1384  [004] .... 11755.620871: do_anonymous_page: anonymous tgid 1336 1384 "PowerManagerSer" 1402f000
      lowpool[8]-5562  [004] .... 11756.076335: do_anonymous_page: anonymous tgid 2586 5562 "lowpool[8]" 12dca000
   Binder:1336_F-3905  [004] .... 11756.513427: do_anonymous_page: anonymous tgid 1336 3905 "Binder:1336_F" 1320c000
 PowerManagerSer-1384  [004] .... 11756.542958: do_anonymous_page: anonymous tgid 1336 1384 "PowerManagerSer" 14030000
 NasModemEndPoin-1539  [004] .... 11757.479459: do_anonymous_page: anonymous tgid 917 1539 "NasModemEndPoin" 7fb0bc9000
 PowerManagerSer-1384  [004] .... 11757.566152: do_anonymous_page: anonymous tgid 1336 1384 "PowerManagerSer" 14031000
 PowerManagerSer-1384  [004] .... 11758.488593: do_anonymous_page: anonymous tgid 1336 1384 "PowerManagerSer" 14032000
  ClientModeImpl-1485  [004] .... 11758.515304: do_anonymous_page: anonymous tgid 1336 1485 "ClientModeImpl" 14159000
  ClientModeImpl-1485  [004] .... 11758.515495: do_anonymous_page: anonymous tgid 1336 1485 "ClientModeImpl" 1415a000
  ClientModeImpl-1485  [004] .... 11758.515676: do_anonymous_page: anonymous tgid 1336 1485 "ClientModeImpl" 1415b000
  ClientModeImpl-1485  [004] .... 11758.518644: do_anonymous_page: anonymous tgid 1336 1485 "ClientModeImpl" 1415c000
  ClientModeImpl-1485  [004] .... 11758.518767: do_anonymous_page: anonymous tgid 1336 1485 "ClientModeImpl" 7321e000
  ClientModeImpl-1485  [004] .... 11758.518957: do_anonymous_page: anonymous tgid 1336 1485 "ClientModeImpl" 1415d000
  ClientModeImpl-1485  [004] .... 11758.519048: do_anonymous_page: anonymous tgid 1336 1485 "ClientModeImpl" 1415e000
 PowerManagerSer-1384  [004] .... 11759.409174: do_anonymous_page: anonymous tgid 1336 1384 "PowerManagerSer" 14033000
 CombinedHandler-11322 [004] .... 11759.634012: do_anonymous_page: anonymous tgid 11257 11322 "CombinedHandler" 12c46000
 PowerManagerSer-1384  [004] .... 11760.330324: do_anonymous_page: anonymous tgid 1336 1384 "PowerManagerSer" 14034000
   Binder:1336_F-3905  [004] .... 11760.375562: do_anonymous_page: anonymous tgid 1336 3905 "Binder:1336_F" 1320d000
 PowerManagerSer-1384  [004] .... 11761.353933: do_anonymous_page: anonymous tgid 1336 1384 "PowerManagerSer" 14035000
    BG Thread #7-5899  [004] .... 11761.517178: do_anonymous_page: anonymous tgid 5862 5899 "BG Thread #7" 1308c000
  ClientModeImpl-1485  [004] .... 11761.523090: do_anonymous_page: anonymous tgid 1336 1485 "ClientModeImpl" 1415f000
  ClientModeImpl-1485  [004] .... 11761.534926: do_anonymous_page: anonymous tgid 1336 1485 "ClientModeImpl" 14160000
  ClientModeImpl-1485  [004] .... 11761.535125: do_anonymous_page: anonymous tgid 1336 1485 "ClientModeImpl" 14161000
  ClientModeImpl-1485  [004] .... 11761.535268: do_anonymous_page: anonymous tgid 1336 1485 "ClientModeImpl" 14162000
  ClientModeImpl-1485  [004] .... 11761.538136: do_anonymous_page: anonymous tgid 1336 1485 "ClientModeImpl" 14163000
  ClientModeImpl-1485  [004] .... 11761.538418: do_anonymous_page: anonymous tgid 1336 1485 "ClientModeImpl" 14164000
  ClientModeImpl-1485  [004] .... 11761.538528: do_anonymous_page: anonymous tgid 1336 1485 "ClientModeImpl" 14165000
 PowerManagerSer-1384  [004] .... 11762.275019: do_anonymous_page: anonymous tgid 1336 1384 "PowerManagerSer" 14036000
 PowerManagerSer-1384  [004] .... 11763.197413: do_anonymous_page: anonymous tgid 1336 1384 "PowerManagerSer" 14037000
        Thread-3-11268 [004] .... 11763.771346: do_anonymous_page: anonymous tgid 11210 11268 "Thread-3" 12f0b000
 PowerManagerSer-1384  [004] .... 11764.220241: do_anonymous_page: anonymous tgid 1336 1384 "PowerManagerSer" 14038000
  ClientModeImpl-1485  [004] .... 11764.544067: do_anonymous_page: anonymous tgid 1336 1485 "ClientModeImpl" 7e5ef4f000
  ClientModeImpl-1485  [004] .... 11764.545290: do_anonymous_page: anonymous tgid 1336 1485 "ClientModeImpl" 14166000
  ClientModeImpl-1485  [004] .... 11764.556331: do_anonymous_page: anonymous tgid 1336 1485 "ClientModeImpl" 14167000
  ClientModeImpl-1485  [004] .... 11764.556558: do_anonymous_page: anonymous tgid 1336 1485 "ClientModeImpl" 14168000
  ClientModeImpl-1485  [004] .... 11764.556670: do_anonymous_page: anonymous tgid 1336 1485 "ClientModeImpl" 14169000
  ClientModeImpl-1485  [004] .... 11764.559476: do_anonymous_page: anonymous tgid 1336 1485 "ClientModeImpl" 1416a000
  ClientModeImpl-1485  [004] .... 11764.559547: do_anonymous_page: anonymous tgid 1336 1485 "ClientModeImpl" 1416b000
  ClientModeImpl-1485  [004] .... 11764.560398: do_anonymous_page: anonymous tgid 1336 1485 "ClientModeImpl" 1416c000
   Binder:1336_F-3905  [004] .... 11764.730722: do_anonymous_page: anonymous tgid 1336 3905 "Binder:1336_F" 1320e000
 android.youtube-5862  [004] .... 11764.732304: do_anonymous_page: anonymous tgid 5862 5862 "android.youtube" 13360000
  Binder:1336_11-5156  [004] .... 11764.732616: do_anonymous_page: anonymous tgid 1336 5156 "Binder:1336_11" 13cec000
     mdxSsdp23-1-6029  [004] .... 11764.737581: do_anonymous_page: anonymous tgid 5862 6029 "mdxSsdp23-1" 13115000
     mdxSsdp23-1-6029  [004] .... 11764.737838: do_anonymous_page: anonymous tgid 5862 6029 "mdxSsdp23-1" 13116000
     mdxSsdp23-1-6029  [004] .... 11764.738307: do_anonymous_page: anonymous tgid 5862 6029 "mdxSsdp23-1" 13117000
     mdxSsdp23-1-6029  [004] .... 11764.740762: do_anonymous_page: anonymous tgid 5862 6029 "mdxSsdp23-1" 13118000
     mdxSsdp23-1-6029  [004] .... 11764.742830: do_anonymous_page: anonymous tgid 5862 6029 "mdxSsdp23-1" 13119000
     mdxSsdp23-1-6029  [004] .... 11764.750605: do_anonymous_page: anonymous tgid 5862 6029 "mdxSsdp23-1" 1311a000
 wifi_ext@1.0-se-2906  [004] .... 11764.819584: do_anonymous_page: anonymous tgid 825 2906 "wifi_ext@1.0-se" 7fb9d9c000
 NasModemEndPoin-1539  [004] .... 11764.841958: do_anonymous_page: anonymous tgid 917 1539 "NasModemEndPoin" 7fb0bca000
 wifi_ext@1.0-se-2906  [004] .... 11765.125903: do_anonymous_page: anonymous tgid 825 2906 "wifi_ext@1.0-se" 7fb9d9d000
 PowerManagerSer-1384  [004] .... 11765.140654: do_anonymous_page: anonymous tgid 1336 1384 "PowerManagerSer" 14039000
 HwBinder:1336_3-1546  [004] .... 11765.262068: do_anonymous_page: anonymous tgid 1336 1546 "HwBinder:1336_3" 12c45000
 ActivityManager-1367  [004] .... 11765.263034: do_anonymous_page: anonymous tgid 1336 1367 "ActivityManager" 13012000
 ActivityManager-1367  [004] .... 11765.263614: do_anonymous_page: anonymous tgid 1336 1367 "ActivityManager" 13013000
  Binder:11257_2-11282 [004] .... 11765.265549: do_anonymous_page: anonymous tgid 11257 11282 "Binder:11257_2" 7eb6271000
 ndroid.systemui-1666  [004] .... 11765.266057: do_anonymous_page: anonymous tgid 1666 1666 "ndroid.systemui" 1322a000
 LacrimaBroadcas-11388 [004] .... 11765.266656: do_anonymous_page: anonymous tgid 11257 11388 "LacrimaBroadcas" 12fcb000
 ndroid.systemui-1666  [004] .... 11765.268042: do_anonymous_page: anonymous tgid 1666 1666 "ndroid.systemui" 1322b000
 ndroid.systemui-1666  [004] .... 11765.268353: do_anonymous_page: anonymous tgid 1666 1666 "ndroid.systemui" 1322c000
 pool-5-thread-8-5636  [004] .... 11765.268882: do_anonymous_page: anonymous tgid 1666 5636 "pool-5-thread-8" 12e80000
    RenderThread-2102  [004] .... 11765.285413: do_anonymous_page: anonymous tgid 1666 2102 "RenderThread" 7eb4294000
 ndroid.systemui-1666  [004] .... 11765.293543: do_anonymous_page: anonymous tgid 1666 1666 "ndroid.systemui" 1322d000
   Binder:1336_F-3905  [004] .... 11765.376577: do_anonymous_page: anonymous tgid 1336 3905 "Binder:1336_F" 1320f000
 PowerManagerSer-1384  [004] .... 11766.063261: do_anonymous_page: anonymous tgid 1336 1384 "PowerManagerSer" 1403a000
   Binder:1336_F-3905  [004] .... 11766.501176: do_anonymous_page: anonymous tgid 1336 3905 "Binder:1336_F" 13210000
    BG Thread #8-5900  [004] .... 11766.502090: do_anonymous_page: anonymous tgid 5862 5900 "BG Thread #8" 1356f000
    BG Thread #2-5894  [004] .... 11766.502489: do_anonymous_page: anonymous tgid 5862 5894 "BG Thread #2" 13307000
   BG Thread #15-5983  [004] .... 11766.502761: do_anonymous_page: anonymous tgid 5862 5983 "BG Thread #15" 131c1000
     ChromiumNet-5974  [004] .... 11766.530316: do_anonymous_page: anonymous tgid 5862 5974 "ChromiumNet" 13603000
   BG Thread #15-5983  [004] .... 11766.531191: do_anonymous_page: anonymous tgid 5862 5983 "BG Thread #15" 131c2000
    BG Thread #2-5894  [004] .... 11766.531366: do_anonymous_page: anonymous tgid 5862 5894 "BG Thread #2" 13308000
   BG Thread #11-5979  [004] .... 11766.532274: do_anonymous_page: anonymous tgid 5862 5979 "BG Thread #11" 13680000
    BG Thread #7-5899  [004] .... 11766.532801: do_anonymous_page: anonymous tgid 5862 5899 "BG Thread #7" 1308d000
 PowerManagerSer-1384  [004] .... 11767.087123: do_anonymous_page: anonymous tgid 1336 1384 "PowerManagerSer" 1403b000
  ClientModeImpl-1485  [004] .... 11767.575040: do_anonymous_page: anonymous tgid 1336 1485 "ClientModeImpl" 1416d000
  ClientModeImpl-1485  [004] .... 11767.575239: do_anonymous_page: anonymous tgid 1336 1485 "ClientModeImpl" 1416e000
  ClientModeImpl-1485  [004] .... 11767.575404: do_anonymous_page: anonymous tgid 1336 1485 "ClientModeImpl" 1416f000
  ClientModeImpl-1485  [004] .... 11767.578252: do_anonymous_page: anonymous tgid 1336 1485 "ClientModeImpl" 14170000
  ClientModeImpl-1485  [004] .... 11767.578520: do_anonymous_page: anonymous tgid 1336 1485 "ClientModeImpl" 14171000
  ClientModeImpl-1485  [004] .... 11767.578608: do_anonymous_page: anonymous tgid 1336 1485 "ClientModeImpl" 14172000
   Binder:1666_4-2050  [004] .... 11767.579861: do_anonymous_page: anonymous tgid 1666 2050 "Binder:1666_4" 7f310ef000
   Binder:1666_4-2050  [004] .... 11767.579918: do_anonymous_page: anonymous tgid 1666 2050 "Binder:1666_4" 12ec0000
 PowerManagerSer-1384  [004] .... 11768.009158: do_anonymous_page: anonymous tgid 1336 1384 "PowerManagerSer" 1403c000
 PowerManagerSer-1384  [004] .... 11768.929147: do_anonymous_page: anonymous tgid 1336 1384 "PowerManagerSer" 1403d000
    BG Thread #8-5900  [004] .... 11769.909236: do_anonymous_page: anonymous tgid 5862 5900 "BG Thread #8" 13570000
    BG Thread #8-5900  [004] .... 11769.910631: do_anonymous_page: anonymous tgid 5862 5900 "BG Thread #8" 13571000
    BG Thread #8-5900  [004] .... 11769.910802: do_anonymous_page: anonymous tgid 5862 5900 "BG Thread #8" 13572000
    BG Thread #8-5900  [004] .... 11769.911234: do_anonymous_page: anonymous tgid 5862 5900 "BG Thread #8" 13573000
 PowerManagerSer-1384  [004] .... 11769.952785: do_anonymous_page: anonymous tgid 1336 1384 "PowerManagerSer" 1403e000
             cat-12538 [004] .... 11770.140010: do_anonymous_page: anonymous tgid 12538 12538 "adbd" 7ffffff000
            adbd-5661  [004] .... 11770.140955: do_anonymous_page: anonymous tgid 5661 5661 "adbd" 7fb9382000
            adbd-5661  [004] .... 11770.140965: do_anonymous_page: anonymous tgid 5661 5661 "adbd" 7fb9381000
             cat-12538 [004] .... 11770.141633: do_anonymous_page: anonymous tgid 12538 12538 "sh" 7fbf6ff000
             cat-12538 [004] .... 11770.141654: do_anonymous_page: anonymous tgid 12538 12538 "sh" 7fbf6fb000
             cat-12538 [004] .... 11770.141698: do_anonymous_page: anonymous tgid 12538 12538 "sh" 7fffffe000
             cat-12538 [004] .... 11770.141707: do_anonymous_page: anonymous tgid 12538 12538 "sh" 7fbf700000
             cat-12538 [004] .... 11770.141716: do_anonymous_page: anonymous tgid 12538 12538 "sh" 7fbf6fc000
             cat-12538 [004] .... 11770.141793: do_anonymous_page: anonymous tgid 12538 12538 "sh" 7fbf5e2000
             cat-12538 [004] .... 11770.141824: do_anonymous_page: anonymous tgid 12538 12538 "sh" 7fbf6fe000
             cat-12538 [004] .... 11770.141849: do_anonymous_page: anonymous tgid 12538 12538 "sh" 7fbe5d8000
             cat-12538 [004] .... 11770.141899: do_anonymous_page: anonymous tgid 12538 12538 "sh" 7fbf6fd000
             cat-12538 [004] .... 11770.141908: do_anonymous_page: anonymous tgid 12538 12538 "sh" 7fbe5d7000
             cat-12538 [004] .... 11770.141914: do_anonymous_page: anonymous tgid 12538 12538 "sh" 7fbe5d6000
             cat-12538 [004] .... 11770.141920: do_anonymous_page: anonymous tgid 12538 12538 "sh" 7fbe572000
             cat-12538 [004] .... 11770.141963: do_anonymous_page: anonymous tgid 12538 12538 "sh" 7fffffd000
