           <...>-2530  [004] .... 11954.131113: do_anonymous_page: anonymous tgid 2000 2530 "RenderThread" 7f3115b000
           <...>-2530  [004] .... 11954.131152: do_anonymous_page: anonymous tgid 2000 2530 "RenderThread" 12d80000
 composer@2.3-se-606   [004] .... 11954.134526: do_anonymous_page: anonymous tgid 606 606 "composer@2.3-se" 7fbce8c000
 composer@2.3-se-606   [004] .... 11954.134534: do_anonymous_page: anonymous tgid 606 606 "composer@2.3-se" 7fbce8d000
 composer@2.3-se-606   [004] .... 11954.134537: do_anonymous_page: anonymous tgid 606 606 "composer@2.3-se" 7fbce8e000
 composer@2.3-se-606   [004] .... 11954.134539: do_anonymous_page: anonymous tgid 606 606 "composer@2.3-se" 7fbce8f000
 composer@2.3-se-606   [004] .... 11954.134541: do_anonymous_page: anonymous tgid 606 606 "composer@2.3-se" 7fbce90000
 droid.launcher3-2000  [004] .... 11954.144314: do_anonymous_page: anonymous tgid 2000 2000 "droid.launcher3" 12f53000
 droid.launcher3-2000  [004] .... 11954.147490: do_anonymous_page: anonymous tgid 2000 2000 "droid.launcher3" 12f54000
 composer@2.3-se-606   [004] .... 11954.151548: do_anonymous_page: anonymous tgid 606 606 "composer@2.3-se" 7fb5e49000
   BG Thread #11-5979  [004] .... 11954.159279: do_anonymous_page: anonymous tgid 5862 5979 "BG Thread #11" 13171000
     ChromiumNet-5958  [004] .... 11954.160046: do_anonymous_page: anonymous tgid 5862 5958 "ChromiumNet" 7f23540000
    android.anim-1362  [004] .... 11954.163501: do_anonymous_page: anonymous tgid 1336 1362 "android.anim" 7eb9043000
    android.anim-1362  [004] .... 11954.163508: do_anonymous_page: anonymous tgid 1336 1362 "android.anim" 7eb9044000
    android.anim-1362  [004] .... 11954.163511: do_anonymous_page: anonymous tgid 1336 1362 "android.anim" 7eb9045000
     ChromiumNet-5958  [004] .... 11954.234676: do_anonymous_page: anonymous tgid 5862 5958 "ChromiumNet" 7e590a1000
     ChromiumNet-5958  [004] .... 11954.235014: do_anonymous_page: anonymous tgid 5862 5958 "ChromiumNet" 13b41000
     ChromiumNet-5958  [004] .... 11954.235370: do_anonymous_page: anonymous tgid 5862 5958 "ChromiumNet" 13b42000
     ChromiumNet-5958  [004] .... 11954.235390: do_anonymous_page: anonymous tgid 5862 5958 "ChromiumNet" 7321d000
     ChromiumNet-5958  [004] .... 11954.235586: do_anonymous_page: anonymous tgid 5862 5958 "ChromiumNet" 7e59629000
 cronet-ui-inner-5915  [004] .... 11954.235777: do_anonymous_page: anonymous tgid 5862 5915 "cronet-ui-inner" 13bc0000
 cronet-suggest2-6036  [004] .... 11954.235983: do_anonymous_page: anonymous tgid 5862 6036 "cronet-suggest2" 13c00000
 cronet-suggest2-6036  [004] .... 11954.236196: do_anonymous_page: anonymous tgid 5862 6036 "cronet-suggest2" 13c01000
    BG Thread #5-5897  [004] .... 11954.236502: do_anonymous_page: anonymous tgid 5862 5897 "BG Thread #5" 13284000
    BG Thread #5-5897  [004] .... 11954.236643: do_anonymous_page: anonymous tgid 5862 5897 "BG Thread #5" 13286000
    BG Thread #5-5897  [004] .... 11954.236728: do_anonymous_page: anonymous tgid 5862 5897 "BG Thread #5" 7e4f706000
    BG Thread #5-5897  [004] .... 11954.236734: do_anonymous_page: anonymous tgid 5862 5897 "BG Thread #5" 13285000
    BG Thread #5-5897  [004] .... 11954.236736: do_anonymous_page: anonymous tgid 5862 5897 "BG Thread #5" 7e4f707000
 android.youtube-5862  [004] .... 11954.298638: do_anonymous_page: anonymous tgid 5862 5862 "android.youtube" 7eb502e000
 android.youtube-5862  [004] .... 11954.298690: do_anonymous_page: anonymous tgid 5862 5862 "android.youtube" 7e4f6b8000
 android.youtube-5862  [004] .... 11954.298709: do_anonymous_page: anonymous tgid 5862 5862 "android.youtube" 7e4f708000
 android.youtube-5862  [004] .... 11954.298720: do_anonymous_page: anonymous tgid 5862 5862 "android.youtube" 7e4f77a000
 android.youtube-5862  [004] .... 11954.298725: do_anonymous_page: anonymous tgid 5862 5862 "android.youtube" 7e4f796000
 android.youtube-5862  [004] .... 11954.298732: do_anonymous_page: anonymous tgid 5862 5862 "android.youtube" 7e4f838000
 android.youtube-5862  [004] .... 11954.298740: do_anonymous_page: anonymous tgid 5862 5862 "android.youtube" 7e4f8ba000
 android.youtube-5862  [004] .... 11954.298746: do_anonymous_page: anonymous tgid 5862 5862 "android.youtube" 7e4f8dd000
 android.youtube-5862  [004] .... 11954.298759: do_anonymous_page: anonymous tgid 5862 5862 "android.youtube" 7e4fb30000
 android.youtube-5862  [004] .... 11954.298765: do_anonymous_page: anonymous tgid 5862 5862 "android.youtube" 7e4fb31000
 android.youtube-5862  [004] .... 11954.298795: do_anonymous_page: anonymous tgid 5862 5862 "android.youtube" 7e4fb33000
 android.youtube-5862  [004] .... 11954.298803: do_anonymous_page: anonymous tgid 5862 5862 "android.youtube" 7e4fb34000
 android.youtube-5862  [004] .... 11954.298816: do_anonymous_page: anonymous tgid 5862 5862 "android.youtube" 7e4fb35000
 android.youtube-5862  [004] .... 11954.298826: do_anonymous_page: anonymous tgid 5862 5862 "android.youtube" 7e4fb37000
 android.youtube-5862  [004] .... 11954.298836: do_anonymous_page: anonymous tgid 5862 5862 "android.youtube" 7e4fb38000
 android.youtube-5862  [004] .... 11954.298843: do_anonymous_page: anonymous tgid 5862 5862 "android.youtube" 7e50dca000
 android.youtube-5862  [004] .... 11954.298851: do_anonymous_page: anonymous tgid 5862 5862 "android.youtube" 7e50dcb000
 android.youtube-5862  [004] .... 11954.298855: do_anonymous_page: anonymous tgid 5862 5862 "android.youtube" 7e50dcc000
 android.youtube-5862  [004] .... 11954.332359: do_anonymous_page: anonymous tgid 5862 5862 "android.youtube" 1349e000
 cronet-ui-inner-5915  [004] .... 11954.382628: do_anonymous_page: anonymous tgid 5862 5915 "cronet-ui-inner" 13bc1000
  Binder:1336_1D-12104 [004] .... 11954.382733: do_anonymous_page: anonymous tgid 1336 12104 "Binder:1336_1D" 13c68000
 cronet-ui-inner-5915  [004] .... 11954.382980: do_anonymous_page: anonymous tgid 5862 5915 "cronet-ui-inner" 13bc2000
 cronet-ui-inner-5915  [004] .... 11954.383067: do_anonymous_page: anonymous tgid 5862 5915 "cronet-ui-inner" 13bc3000
   Binder:2266_3-2400  [004] .... 11954.383630: do_anonymous_page: anonymous tgid 2266 2400 "Binder:2266_3" 13e90000
   Binder:2266_3-2400  [004] .... 11954.383930: do_anonymous_page: anonymous tgid 2266 2400 "Binder:2266_3" 13e91000
   Binder:2266_3-2400  [004] .... 11954.383942: do_anonymous_page: anonymous tgid 2266 2400 "Binder:2266_3" 13e92000
  Binder:1336_1D-12104 [004] .... 11954.385627: do_anonymous_page: anonymous tgid 1336 12104 "Binder:1336_1D" 13c69000
  Binder:1336_1D-12104 [004] .... 11954.401498: do_anonymous_page: anonymous tgid 1336 12104 "Binder:1336_1D" 13c6a000
   Binder:2266_3-2400  [004] .... 11954.405043: do_anonymous_page: anonymous tgid 2266 2400 "Binder:2266_3" 13e93000
 cronet-ui-inner-5915  [004] .... 11954.405736: do_anonymous_page: anonymous tgid 5862 5915 "cronet-ui-inner" 13bc4000
  Binder:1336_1D-12104 [004] .... 11954.405883: do_anonymous_page: anonymous tgid 1336 12104 "Binder:1336_1D" 13c6b000
 cronet-ui-inner-5915  [004] .... 11954.405990: do_anonymous_page: anonymous tgid 5862 5915 "cronet-ui-inner" 13bc5000
 cronet-ui-inner-5915  [004] .... 11954.406024: do_anonymous_page: anonymous tgid 5862 5915 "cronet-ui-inner" 13bc6000
   Binder:2266_E-12123 [004] .... 11954.406183: do_anonymous_page: anonymous tgid 2266 12123 "Binder:2266_E" 13313000
  Binder:1336_1D-12104 [004] .... 11954.406390: do_anonymous_page: anonymous tgid 1336 12104 "Binder:1336_1D" 7e6faae000
  Binder:1336_1D-12104 [004] .... 11954.406394: do_anonymous_page: anonymous tgid 1336 12104 "Binder:1336_1D" 7e6faaf000
   Binder:2266_E-12123 [004] .... 11954.406543: do_anonymous_page: anonymous tgid 2266 12123 "Binder:2266_E" 13314000
   Binder:2266_E-12123 [004] .... 11954.406726: do_anonymous_page: anonymous tgid 2266 12123 "Binder:2266_E" 13315000
   Binder:2266_E-12123 [004] .... 11954.406978: do_anonymous_page: anonymous tgid 2266 12123 "Binder:2266_E" 13316000
   Binder:2266_E-12123 [004] .... 11954.407457: do_anonymous_page: anonymous tgid 2266 12123 "Binder:2266_E" 13317000
 GoogleApiHandle-2766  [004] .... 11954.407820: do_anonymous_page: anonymous tgid 2266 2766 "GoogleApiHandle" 13ba8000
  Binder:1336_18-8938  [004] .... 11954.407997: do_anonymous_page: anonymous tgid 1336 8938 "Binder:1336_18" 13e89000
  Binder:1336_1D-12104 [004] .... 11954.410690: do_anonymous_page: anonymous tgid 1336 12104 "Binder:1336_1D" 13c6c000
 GoogleApiHandle-2766  [004] .... 11954.411322: do_anonymous_page: anonymous tgid 2266 2766 "GoogleApiHandle" 13ba9000
   Binder:2266_E-12123 [004] .... 11954.411484: do_anonymous_page: anonymous tgid 2266 12123 "Binder:2266_E" 13318000
   Binder:2266_E-12123 [004] .... 11954.411797: do_anonymous_page: anonymous tgid 2266 12123 "Binder:2266_E" 13319000
   Binder:2266_E-12123 [004] .... 11954.411922: do_anonymous_page: anonymous tgid 2266 12123 "Binder:2266_E" 1331a000
   Binder:2266_E-12123 [004] .... 11954.412038: do_anonymous_page: anonymous tgid 2266 12123 "Binder:2266_E" 1331b000
   Binder:2266_E-12123 [004] .... 11954.412166: do_anonymous_page: anonymous tgid 2266 12123 "Binder:2266_E" 1331c000
   Binder:2266_E-12123 [004] .... 11954.412221: do_anonymous_page: anonymous tgid 2266 12123 "Binder:2266_E" 1331d000
   Binder:2266_E-12123 [004] .... 11954.412308: do_anonymous_page: anonymous tgid 2266 12123 "Binder:2266_E" 1331e000
     lowpool[56]-12097 [004] .... 11954.412685: do_anonymous_page: anonymous tgid 2266 12097 "lowpool[56]" 13cd6000
     lowpool[56]-12097 [004] .... 11954.412729: do_anonymous_page: anonymous tgid 2266 12097 "lowpool[56]" 13cd7000
     lowpool[51]-11108 [004] .... 11954.412792: do_anonymous_page: anonymous tgid 2266 11108 "lowpool[51]" 1376c000
     lowpool[51]-11108 [004] .... 11954.412897: do_anonymous_page: anonymous tgid 2266 11108 "lowpool[51]" 7ec555b000
     lowpool[51]-11108 [004] .... 11954.412964: do_anonymous_page: anonymous tgid 2266 11108 "lowpool[51]" 1376d000
     lowpool[51]-11108 [004] .... 11954.413252: do_anonymous_page: anonymous tgid 2266 11108 "lowpool[51]" 1376e000
     highpool[5]-4642  [004] .... 11954.413913: do_anonymous_page: anonymous tgid 2266 4642 "highpool[5]" 138a0000
  Binder:1336_1D-12104 [004] .... 11954.414782: do_anonymous_page: anonymous tgid 1336 12104 "Binder:1336_1D" 13c6d000
     lowpool[51]-11108 [004] .... 11954.415856: do_anonymous_page: anonymous tgid 2266 11108 "lowpool[51]" 1376f000
   Binder:2266_E-12123 [004] .... 11954.415964: do_anonymous_page: anonymous tgid 2266 12123 "Binder:2266_E" 1331f000
 cronet-ui-inner-5915  [004] .... 11954.416209: do_anonymous_page: anonymous tgid 5862 5915 "cronet-ui-inner" 13bc7000
  Binder:1336_1D-12104 [004] .... 11954.422182: do_anonymous_page: anonymous tgid 1336 12104 "Binder:1336_1D" 13c6e000
  Binder:1336_1D-12104 [004] .... 11954.422605: do_anonymous_page: anonymous tgid 1336 12104 "Binder:1336_1D" 13c6f000
     lowpool[51]-11108 [004] .... 11954.422985: do_anonymous_page: anonymous tgid 2266 11108 "lowpool[51]" 13770000
     ChromiumNet-5958  [004] .... 11954.491256: do_anonymous_page: anonymous tgid 5862 5958 "ChromiumNet" 13b43000
     ChromiumNet-5958  [004] .... 11954.491367: do_anonymous_page: anonymous tgid 5862 5958 "ChromiumNet" 73255000
     ChromiumNet-5958  [004] .... 11954.491717: do_anonymous_page: anonymous tgid 5862 5958 "ChromiumNet" 13b44000
 cronet-ui-inner-5918  [004] .... 11954.491957: do_anonymous_page: anonymous tgid 5862 5918 "cronet-ui-inner" 13c40000
 cronet-ui-inner-5918  [004] .... 11954.492475: do_anonymous_page: anonymous tgid 5862 5918 "cronet-ui-inner" 13c41000
    BG Thread #5-5897  [004] .... 11954.492760: do_anonymous_page: anonymous tgid 5862 5897 "BG Thread #5" 13287000
 queued-work-loo-6016  [004] .... 11954.593722: do_anonymous_page: anonymous tgid 5862 6016 "queued-work-loo" 7772e000
 queued-work-loo-6016  [004] .... 11954.593750: do_anonymous_page: anonymous tgid 5862 6016 "queued-work-loo" 770ea000
 queued-work-loo-6016  [004] .... 11954.593870: do_anonymous_page: anonymous tgid 5862 6016 "queued-work-loo" 7772f000
 queued-work-loo-6016  [004] .... 11954.593894: do_anonymous_page: anonymous tgid 5862 6016 "queued-work-loo" 77730000
 queued-work-loo-6016  [004] .... 11954.593913: do_anonymous_page: anonymous tgid 5862 6016 "queued-work-loo" 77731000
 queued-work-loo-6016  [004] .... 11954.593928: do_anonymous_page: anonymous tgid 5862 6016 "queued-work-loo" 77732000
 queued-work-loo-6016  [004] .... 11954.593950: do_anonymous_page: anonymous tgid 5862 6016 "queued-work-loo" 77733000
 queued-work-loo-6016  [004] .... 11954.593966: do_anonymous_page: anonymous tgid 5862 6016 "queued-work-loo" 77734000
 queued-work-loo-6016  [004] .... 11954.593982: do_anonymous_page: anonymous tgid 5862 6016 "queued-work-loo" 77735000
 queued-work-loo-6016  [004] .... 11954.593996: do_anonymous_page: anonymous tgid 5862 6016 "queued-work-loo" 77736000
 queued-work-loo-6016  [004] .... 11954.594010: do_anonymous_page: anonymous tgid 5862 6016 "queued-work-loo" 77737000
 queued-work-loo-6016  [004] .... 11954.594024: do_anonymous_page: anonymous tgid 5862 6016 "queued-work-loo" 77738000
 queued-work-loo-6016  [004] .... 11954.594037: do_anonymous_page: anonymous tgid 5862 6016 "queued-work-loo" 77739000
 queued-work-loo-6016  [004] .... 11954.594055: do_anonymous_page: anonymous tgid 5862 6016 "queued-work-loo" 7773a000
 queued-work-loo-6016  [004] .... 11954.594073: do_anonymous_page: anonymous tgid 5862 6016 "queued-work-loo" 7773b000
 queued-work-loo-6016  [004] .... 11954.594089: do_anonymous_page: anonymous tgid 5862 6016 "queued-work-loo" 7773c000
 queued-work-loo-6016  [004] .... 11954.594104: do_anonymous_page: anonymous tgid 5862 6016 "queued-work-loo" 7773d000
 queued-work-loo-6016  [004] .... 11954.594139: do_anonymous_page: anonymous tgid 5862 6016 "queued-work-loo" 770eb000
 queued-work-loo-6016  [004] .... 11954.594149: do_anonymous_page: anonymous tgid 5862 6016 "queued-work-loo" 770ec000
 queued-work-loo-6016  [004] .... 11954.594158: do_anonymous_page: anonymous tgid 5862 6016 "queued-work-loo" 770ed000
 queued-work-loo-6016  [004] .... 11954.594168: do_anonymous_page: anonymous tgid 5862 6016 "queued-work-loo" 770ee000
 queued-work-loo-6016  [004] .... 11954.594177: do_anonymous_page: anonymous tgid 5862 6016 "queued-work-loo" 770ef000
 queued-work-loo-6016  [004] .... 11954.594200: do_anonymous_page: anonymous tgid 5862 6016 "queued-work-loo" 770f0000
 queued-work-loo-6016  [004] .... 11954.594210: do_anonymous_page: anonymous tgid 5862 6016 "queued-work-loo" 770f1000
 PowerManagerSer-1384  [004] .... 11954.735950: do_anonymous_page: anonymous tgid 1336 1384 "PowerManagerSer" 13d68000
  ClientModeImpl-1485  [004] .... 11954.784126: do_anonymous_page: anonymous tgid 1336 1485 "ClientModeImpl" 13e03000
  ClientModeImpl-1485  [004] .... 11954.784226: do_anonymous_page: anonymous tgid 1336 1485 "ClientModeImpl" 13e04000
  ClientModeImpl-1485  [004] .... 11954.784297: do_anonymous_page: anonymous tgid 1336 1485 "ClientModeImpl" 13e05000
  ClientModeImpl-1485  [004] .... 11954.785735: do_anonymous_page: anonymous tgid 1336 1485 "ClientModeImpl" 13e06000
  ClientModeImpl-1485  [004] .... 11954.786096: do_anonymous_page: anonymous tgid 1336 1485 "ClientModeImpl" 13e07000
  ClientModeImpl-1485  [004] .... 11954.786149: do_anonymous_page: anonymous tgid 1336 1485 "ClientModeImpl" 13e08000
   BG Thread #15-5983  [004] .... 11955.293962: do_anonymous_page: anonymous tgid 5862 5983 "BG Thread #15" 13432000
     ChromiumNet-5974  [004] .... 11955.374651: do_anonymous_page: anonymous tgid 5862 5974 "ChromiumNet" 13c80000
     ChromiumNet-5974  [004] .... 11955.374683: do_anonymous_page: anonymous tgid 5862 5974 "ChromiumNet" 7f23155000
     ChromiumNet-5974  [004] .... 11955.377499: do_anonymous_page: anonymous tgid 5862 5974 "ChromiumNet" 13c81000
   BG Thread #15-5983  [004] .... 11955.379434: do_anonymous_page: anonymous tgid 5862 5983 "BG Thread #15" 13433000
     ChromiumNet-5974  [004] .... 11955.386077: do_anonymous_page: anonymous tgid 5862 5974 "ChromiumNet" 13c82000
    BG Thread #8-5900  [004] .... 11955.386554: do_anonymous_page: anonymous tgid 5862 5900 "BG Thread #8" 1330e000
   BG Thread #11-5979  [004] .... 11955.386915: do_anonymous_page: anonymous tgid 5862 5979 "BG Thread #11" 13172000
    BG Thread #5-5897  [004] .... 11955.387516: do_anonymous_page: anonymous tgid 5862 5897 "BG Thread #5" 13288000
 PowerManagerSer-1384  [004] .... 11955.657365: do_anonymous_page: anonymous tgid 1336 1384 "PowerManagerSer" 13d69000
  Lite Thread #5-11885 [004] .... 11955.832571: do_anonymous_page: anonymous tgid 5862 11885 "Lite Thread #5" 13cc0000
      lowpool[8]-5562  [004] .... 11956.266469: do_anonymous_page: anonymous tgid 2586 5562 "lowpool[8]" 12e0b000
 PowerManagerSer-1384  [004] .... 11956.580331: do_anonymous_page: anonymous tgid 1336 1384 "PowerManagerSer" 13d6a000
        Thread-3-11268 [004] .... 11956.612858: do_anonymous_page: anonymous tgid 11210 11268 "Thread-3" 12c43000
 LazyTaskWriterT-2407  [004] .... 11956.758901: do_anonymous_page: anonymous tgid 1336 2407 "LazyTaskWriterT" 13f00000
 LazyTaskWriterT-2407  [004] .... 11956.758946: do_anonymous_page: anonymous tgid 1336 2407 "LazyTaskWriterT" 77207000
 LazyTaskWriterT-2407  [004] .... 11956.758962: do_anonymous_page: anonymous tgid 1336 2407 "LazyTaskWriterT" 770ea000
 LazyTaskWriterT-2407  [004] .... 11956.759084: do_anonymous_page: anonymous tgid 1336 2407 "LazyTaskWriterT" 13f01000
 LazyTaskWriterT-2407  [004] .... 11956.760120: do_anonymous_page: anonymous tgid 1336 2407 "LazyTaskWriterT" 13f02000
 LazyTaskWriterT-2407  [004] .... 11956.760162: do_anonymous_page: anonymous tgid 1336 2407 "LazyTaskWriterT" 13f03000
 TaskSnapshotPer-1593  [004] .... 11956.775017: do_anonymous_page: anonymous tgid 1336 1593 "TaskSnapshotPer" 13986000
 LazyTaskWriterT-2407  [004] .... 11956.775592: do_anonymous_page: anonymous tgid 1336 2407 "LazyTaskWriterT" 13f04000
 Blocking Thread-12655 [004] .... 11956.802581: do_anonymous_page: anonymous tgid 5862 12655 "Blocking Thread" 13553000
 PowerManagerSer-1384  [004] .... 11957.603089: do_anonymous_page: anonymous tgid 1336 1384 "PowerManagerSer" 13d6b000
  ClientModeImpl-1485  [004] .... 11957.788086: do_anonymous_page: anonymous tgid 1336 1485 "ClientModeImpl" 13e09000
  ClientModeImpl-1485  [004] .... 11957.806498: do_anonymous_page: anonymous tgid 1336 1485 "ClientModeImpl" 13e0a000
  ClientModeImpl-1485  [004] .... 11957.806692: do_anonymous_page: anonymous tgid 1336 1485 "ClientModeImpl" 13e0b000
  ClientModeImpl-1485  [004] .... 11957.806826: do_anonymous_page: anonymous tgid 1336 1485 "ClientModeImpl" 13e0c000
  ClientModeImpl-1485  [004] .... 11957.810233: do_anonymous_page: anonymous tgid 1336 1485 "ClientModeImpl" 13e0d000
  ClientModeImpl-1485  [004] .... 11957.810416: do_anonymous_page: anonymous tgid 1336 1485 "ClientModeImpl" 13e0e000
  ClientModeImpl-1485  [004] .... 11957.810510: do_anonymous_page: anonymous tgid 1336 1485 "ClientModeImpl" 13e0f000
 DeviceStorageMo-1510  [004] .... 11958.180945: do_anonymous_page: anonymous tgid 1336 1510 "DeviceStorageMo" 13541000
 PowerManagerSer-1384  [004] .... 11958.526334: do_anonymous_page: anonymous tgid 1336 1384 "PowerManagerSer" 13d6c000
 NasModemEndPoin-1539  [004] .... 11959.035373: do_anonymous_page: anonymous tgid 917 1539 "NasModemEndPoin" 7fb0d60000
 PowerManagerSer-1384  [004] .... 11959.446419: do_anonymous_page: anonymous tgid 1336 1384 "PowerManagerSer" 13d6d000
 PowerManagerSer-1384  [004] .... 11960.470849: do_anonymous_page: anonymous tgid 1336 1384 "PowerManagerSer" 13d6e000
  ClientModeImpl-1485  [004] .... 11960.826054: do_anonymous_page: anonymous tgid 1336 1485 "ClientModeImpl" 13e10000
  ClientModeImpl-1485  [004] .... 11960.826248: do_anonymous_page: anonymous tgid 1336 1485 "ClientModeImpl" 13e11000
  ClientModeImpl-1485  [004] .... 11960.826425: do_anonymous_page: anonymous tgid 1336 1485 "ClientModeImpl" 13e12000
  ClientModeImpl-1485  [004] .... 11960.829318: do_anonymous_page: anonymous tgid 1336 1485 "ClientModeImpl" 13e13000
  ClientModeImpl-1485  [004] .... 11960.829624: do_anonymous_page: anonymous tgid 1336 1485 "ClientModeImpl" 13e14000
  ClientModeImpl-1485  [004] .... 11960.829713: do_anonymous_page: anonymous tgid 1336 1485 "ClientModeImpl" 13e15000
 PowerManagerSer-1384  [004] .... 11961.391185: do_anonymous_page: anonymous tgid 1336 1384 "PowerManagerSer" 13d6f000
         SysUiBg-2047  [004] .... 11961.692752: do_anonymous_page: anonymous tgid 1666 2047 "SysUiBg" 12e41000
 PowerManagerSer-1384  [004] .... 11962.311724: do_anonymous_page: anonymous tgid 1336 1384 "PowerManagerSer" 13d70000
 PowerManagerSer-1384  [004] .... 11963.337528: do_anonymous_page: anonymous tgid 1336 1384 "PowerManagerSer" 13d71000
  ClientModeImpl-1485  [004] .... 11963.834462: do_anonymous_page: anonymous tgid 1336 1485 "ClientModeImpl" 13e16000
  ClientModeImpl-1485  [004] .... 11963.847553: do_anonymous_page: anonymous tgid 1336 1485 "ClientModeImpl" 13e17000
  ClientModeImpl-1485  [004] .... 11963.847805: do_anonymous_page: anonymous tgid 1336 1485 "ClientModeImpl" 13e18000
  ClientModeImpl-1485  [004] .... 11963.847949: do_anonymous_page: anonymous tgid 1336 1485 "ClientModeImpl" 13e19000
  ClientModeImpl-1485  [004] .... 11963.851880: do_anonymous_page: anonymous tgid 1336 1485 "ClientModeImpl" 13e1a000
  ClientModeImpl-1485  [004] .... 11963.852076: do_anonymous_page: anonymous tgid 1336 1485 "ClientModeImpl" 13e1b000
  ClientModeImpl-1485  [004] .... 11963.852172: do_anonymous_page: anonymous tgid 1336 1485 "ClientModeImpl" 13e1c000
   BG Thread #15-5983  [004] .... 11964.024167: do_anonymous_page: anonymous tgid 5862 5983 "BG Thread #15" 13434000
   BG Thread #15-5983  [004] .... 11964.026296: do_anonymous_page: anonymous tgid 5862 5983 "BG Thread #15" 13435000
 gle.android.gms-2586  [004] .... 11964.069313: do_anonymous_page: anonymous tgid 2586 2586 "gle.android.gms" 12c88000
 PowerManagerSer-1384  [004] .... 11964.258290: do_anonymous_page: anonymous tgid 1336 1384 "PowerManagerSer" 13d72000
 GoogleApiHandle-2766  [004] .... 11964.413560: do_anonymous_page: anonymous tgid 2266 2766 "GoogleApiHandle" 13baa000
 NasModemEndPoin-1539  [004] .... 11964.834918: do_anonymous_page: anonymous tgid 917 1539 "NasModemEndPoin" 7fb0d90000
     mdxSsdp23-1-6029  [004] .... 11965.067478: do_anonymous_page: anonymous tgid 5862 6029 "mdxSsdp23-1" 133c2000
     mdxSsdp23-1-6029  [004] .... 11965.078036: do_anonymous_page: anonymous tgid 5862 6029 "mdxSsdp23-1" 133c3000
 PowerManagerSer-1384  [004] .... 11965.180653: do_anonymous_page: anonymous tgid 1336 1384 "PowerManagerSer" 13d73000
 ndroid.systemui-1666  [004] .... 11965.742421: do_anonymous_page: anonymous tgid 1666 1666 "ndroid.systemui" 12c6c000
 ndroid.systemui-1666  [004] .... 11965.742930: do_anonymous_page: anonymous tgid 1666 1666 "ndroid.systemui" 12c6d000
 ndroid.systemui-1666  [004] .... 11965.743217: do_anonymous_page: anonymous tgid 1666 1666 "ndroid.systemui" 12c6e000
 ndroid.systemui-1666  [004] .... 11965.748183: do_anonymous_page: anonymous tgid 1666 1666 "ndroid.systemui" 12c6f000
 ndroid.systemui-1666  [004] .... 11965.748614: do_anonymous_page: anonymous tgid 1666 1666 "ndroid.systemui" 12c70000
 ndroid.systemui-1666  [004] .... 11965.748889: do_anonymous_page: anonymous tgid 1666 1666 "ndroid.systemui" 12c71000
 ndroid.systemui-1666  [004] .... 11965.749091: do_anonymous_page: anonymous tgid 1666 1666 "ndroid.systemui" 12c72000
 ndroid.systemui-1666  [004] .... 11965.749400: do_anonymous_page: anonymous tgid 1666 1666 "ndroid.systemui" 12c73000
 ndroid.systemui-1666  [004] .... 11965.765846: do_anonymous_page: anonymous tgid 1666 1666 "ndroid.systemui" 12c74000
 ndroid.systemui-1666  [004] .... 11965.766010: do_anonymous_page: anonymous tgid 1666 1666 "ndroid.systemui" 12c75000
 PowerManagerSer-1384  [004] .... 11966.101459: do_anonymous_page: anonymous tgid 1336 1384 "PowerManagerSer" 13d74000
  ClientModeImpl-1485  [004] .... 11966.867078: do_anonymous_page: anonymous tgid 1336 1485 "ClientModeImpl" 13e1d000
  ClientModeImpl-1485  [004] .... 11966.867278: do_anonymous_page: anonymous tgid 1336 1485 "ClientModeImpl" 13e1e000
  ClientModeImpl-1485  [004] .... 11966.867462: do_anonymous_page: anonymous tgid 1336 1485 "ClientModeImpl" 13e1f000
  ClientModeImpl-1485  [004] .... 11966.870352: do_anonymous_page: anonymous tgid 1336 1485 "ClientModeImpl" 13e20000
  ClientModeImpl-1485  [004] .... 11966.870616: do_anonymous_page: anonymous tgid 1336 1485 "ClientModeImpl" 13e21000
  ClientModeImpl-1485  [004] .... 11966.870686: do_anonymous_page: anonymous tgid 1336 1485 "ClientModeImpl" 13e22000
     mdxSsdp23-1-6029  [004] .... 11967.088025: do_anonymous_page: anonymous tgid 5862 6029 "mdxSsdp23-1" 133c4000
 PowerManagerSer-1384  [004] .... 11967.125924: do_anonymous_page: anonymous tgid 1336 1384 "PowerManagerSer" 13d75000
 PowerManagerSer-1384  [004] .... 11968.045769: do_anonymous_page: anonymous tgid 1336 1384 "PowerManagerSer" 13d76000
 PowerManagerSer-1384  [004] .... 11968.966940: do_anonymous_page: anonymous tgid 1336 1384 "PowerManagerSer" 13d77000
 .gms.persistent-2266  [004] .... 11969.414811: do_anonymous_page: anonymous tgid 2266 2266 ".gms.persistent" 13d62000
  ClientModeImpl-1485  [004] .... 11969.876817: do_anonymous_page: anonymous tgid 1336 1485 "ClientModeImpl" 13e23000
  ClientModeImpl-1485  [004] .... 11969.889535: do_anonymous_page: anonymous tgid 1336 1485 "ClientModeImpl" 13e24000
  ClientModeImpl-1485  [004] .... 11969.889740: do_anonymous_page: anonymous tgid 1336 1485 "ClientModeImpl" 13e25000
  ClientModeImpl-1485  [004] .... 11969.889889: do_anonymous_page: anonymous tgid 1336 1485 "ClientModeImpl" 13e26000
  ClientModeImpl-1485  [004] .... 11969.893017: do_anonymous_page: anonymous tgid 1336 1485 "ClientModeImpl" 13e27000
  ClientModeImpl-1485  [004] .... 11969.893276: do_anonymous_page: anonymous tgid 1336 1485 "ClientModeImpl" 13e28000
  ClientModeImpl-1485  [004] .... 11969.893412: do_anonymous_page: anonymous tgid 1336 1485 "ClientModeImpl" 13e29000
 PowerManagerSer-1384  [004] .... 11969.992164: do_anonymous_page: anonymous tgid 1336 1384 "PowerManagerSer" 13d78000
 android.youtube-5862  [004] .... 11970.365025: do_anonymous_page: anonymous tgid 5862 5862 "android.youtube" 1349f000
 PowerManagerSer-1384  [004] .... 11970.913102: do_anonymous_page: anonymous tgid 1336 1384 "PowerManagerSer" 13d79000
 PowerManagerSer-1384  [004] .... 11971.835293: do_anonymous_page: anonymous tgid 1336 1384 "PowerManagerSer" 13d7a000
 NasModemEndPoin-1539  [004] .... 11972.523418: do_anonymous_page: anonymous tgid 917 1539 "NasModemEndPoin" 7fb0dbe000
 PowerManagerSer-1384  [004] .... 11972.858126: do_anonymous_page: anonymous tgid 1336 1384 "PowerManagerSer" 13d7b000
  ClientModeImpl-1485  [004] .... 11972.909946: do_anonymous_page: anonymous tgid 1336 1485 "ClientModeImpl" 13e2a000
  ClientModeImpl-1485  [004] .... 11972.910158: do_anonymous_page: anonymous tgid 1336 1485 "ClientModeImpl" 13e2b000
  ClientModeImpl-1485  [004] .... 11972.910345: do_anonymous_page: anonymous tgid 1336 1485 "ClientModeImpl" 13e2c000
  ClientModeImpl-1485  [004] .... 11972.913202: do_anonymous_page: anonymous tgid 1336 1485 "ClientModeImpl" 13e2d000
  ClientModeImpl-1485  [004] .... 11972.913469: do_anonymous_page: anonymous tgid 1336 1485 "ClientModeImpl" 13e2e000
  ClientModeImpl-1485  [004] .... 11972.913527: do_anonymous_page: anonymous tgid 1336 1485 "ClientModeImpl" 13e2f000
  ClientModeImpl-1485  [004] .... 11972.914436: do_anonymous_page: anonymous tgid 1336 1485 "ClientModeImpl" 13e30000
 PowerManagerSer-1384  [004] .... 11973.779330: do_anonymous_page: anonymous tgid 1336 1384 "PowerManagerSer" 13d7c000
            netd-12660 [004] .... 11974.117255: do_anonymous_page: anonymous tgid 785 12660 "netd" 7fae41e000
            netd-12660 [004] .... 11974.117275: do_anonymous_page: anonymous tgid 785 12660 "netd" 7fae41d000
 PowerManagerSer-1384  [004] .... 11974.700731: do_anonymous_page: anonymous tgid 1336 1384 "PowerManagerSer" 13d7d000
     mdxSsdp23-1-6029  [004] .... 11975.075017: do_anonymous_page: anonymous tgid 5862 6029 "mdxSsdp23-1" 133c5000
     mdxSsdp23-1-6029  [004] .... 11975.080677: do_anonymous_page: anonymous tgid 5862 6029 "mdxSsdp23-1" 133c6000
  IpClient.wlan0-2916  [004] .... 11975.304619: do_anonymous_page: anonymous tgid 1874 2916 "IpClient.wlan0" 13609000
 PowerManagerSer-1384  [004] .... 11975.725104: do_anonymous_page: anonymous tgid 1336 1384 "PowerManagerSer" 13d7e000
  ClientModeImpl-1485  [004] .... 11975.930642: do_anonymous_page: anonymous tgid 1336 1485 "ClientModeImpl" 13e31000
  ClientModeImpl-1485  [004] .... 11975.930843: do_anonymous_page: anonymous tgid 1336 1485 "ClientModeImpl" 13e32000
  ClientModeImpl-1485  [004] .... 11975.931043: do_anonymous_page: anonymous tgid 1336 1485 "ClientModeImpl" 13e33000
  ClientModeImpl-1485  [004] .... 11975.934031: do_anonymous_page: anonymous tgid 1336 1485 "ClientModeImpl" 13e34000
  ClientModeImpl-1485  [004] .... 11975.934359: do_anonymous_page: anonymous tgid 1336 1485 "ClientModeImpl" 13e35000
  ClientModeImpl-1485  [004] .... 11975.934457: do_anonymous_page: anonymous tgid 1336 1485 "ClientModeImpl" 13e36000
 PowerManagerSer-1384  [004] .... 11976.646015: do_anonymous_page: anonymous tgid 1336 1384 "PowerManagerSer" 13d7f000
 PowerManagerSer-1384  [004] .... 11977.567441: do_anonymous_page: anonymous tgid 1336 1384 "PowerManagerSer" 13f40000
 PowerManagerSer-1384  [004] .... 11978.488446: do_anonymous_page: anonymous tgid 1336 1384 "PowerManagerSer" 13f41000
  ClientModeImpl-1485  [004] .... 11978.948291: do_anonymous_page: anonymous tgid 1336 1485 "ClientModeImpl" 13e37000
  ClientModeImpl-1485  [004] .... 11978.948532: do_anonymous_page: anonymous tgid 1336 1485 "ClientModeImpl" 13e38000
  ClientModeImpl-1485  [004] .... 11978.948734: do_anonymous_page: anonymous tgid 1336 1485 "ClientModeImpl" 13e39000
  ClientModeImpl-1485  [004] .... 11978.948850: do_anonymous_page: anonymous tgid 1336 1485 "ClientModeImpl" 13e3a000
  ClientModeImpl-1485  [004] .... 11978.951689: do_anonymous_page: anonymous tgid 1336 1485 "ClientModeImpl" 13e3b000
  ClientModeImpl-1485  [004] .... 11978.951755: do_anonymous_page: anonymous tgid 1336 1485 "ClientModeImpl" 13e3c000
  ClientModeImpl-1485  [004] .... 11978.952560: do_anonymous_page: anonymous tgid 1336 1485 "ClientModeImpl" 13e3d000
 PowerManagerSer-1384  [004] .... 11979.410222: do_anonymous_page: anonymous tgid 1336 1384 "PowerManagerSer" 13f42000
 PowerManagerSer-1384  [004] .... 11980.331299: do_anonymous_page: anonymous tgid 1336 1384 "PowerManagerSer" 13f43000
    BG Thread #8-5900  [004] .... 11980.379819: do_anonymous_page: anonymous tgid 5862 5900 "BG Thread #8" 1330f000
   BG Thread #11-5979  [004] .... 11980.380310: do_anonymous_page: anonymous tgid 5862 5979 "BG Thread #11" 13173000
    BG Thread #5-5897  [004] .... 11980.380574: do_anonymous_page: anonymous tgid 5862 5897 "BG Thread #5" 13289000
     ChromiumNet-5974  [004] .... 11980.399602: do_anonymous_page: anonymous tgid 5862 5974 "ChromiumNet" 13c83000
    BG Thread #5-5897  [004] .... 11980.400349: do_anonymous_page: anonymous tgid 5862 5897 "BG Thread #5" 1328a000
   BG Thread #11-5979  [004] .... 11980.402055: do_anonymous_page: anonymous tgid 5862 5979 "BG Thread #11" 13174000
    BG Thread #8-5900  [004] .... 11980.402281: do_anonymous_page: anonymous tgid 5862 5900 "BG Thread #8" 13310000
   BG Thread #15-5983  [004] .... 11980.402829: do_anonymous_page: anonymous tgid 5862 5983 "BG Thread #15" 13436000
        Thread-3-11268 [004] .... 11980.513018: do_anonymous_page: anonymous tgid 11210 11268 "Thread-3" 12c44000
 PowerManagerSer-1384  [004] .... 11981.354150: do_anonymous_page: anonymous tgid 1336 1384 "PowerManagerSer" 13f44000
  ClientModeImpl-1485  [004] .... 11981.972482: do_anonymous_page: anonymous tgid 1336 1485 "ClientModeImpl" 13e3e000
  ClientModeImpl-1485  [004] .... 11981.972688: do_anonymous_page: anonymous tgid 1336 1485 "ClientModeImpl" 13e3f000
  ClientModeImpl-1485  [004] .... 11981.972884: do_anonymous_page: anonymous tgid 1336 1485 "ClientModeImpl" 13f80000
  ClientModeImpl-1485  [004] .... 11981.975513: do_anonymous_page: anonymous tgid 1336 1485 "ClientModeImpl" 13f81000
  ClientModeImpl-1485  [004] .... 11981.975783: do_anonymous_page: anonymous tgid 1336 1485 "ClientModeImpl" 13f82000
  ClientModeImpl-1485  [004] .... 11981.975928: do_anonymous_page: anonymous tgid 1336 1485 "ClientModeImpl" 13f83000
 PowerManagerSer-1384  [004] .... 11982.277143: do_anonymous_page: anonymous tgid 1336 1384 "PowerManagerSer" 13f45000
 PowerManagerSer-1384  [004] .... 11983.196979: do_anonymous_page: anonymous tgid 1336 1384 "PowerManagerSer" 13f46000
    BG Thread #2-5894  [004] .... 11983.789682: do_anonymous_page: anonymous tgid 5862 5894 "BG Thread #2" 130c8000
    BG Thread #2-5894  [004] .... 11983.789940: do_anonymous_page: anonymous tgid 5862 5894 "BG Thread #2" 130c9000
    BG Thread #2-5894  [004] .... 11983.790135: do_anonymous_page: anonymous tgid 5862 5894 "BG Thread #2" 130ca000
    BG Thread #2-5894  [004] .... 11983.792059: do_anonymous_page: anonymous tgid 5862 5894 "BG Thread #2" 130cb000
       Thread-83-12658 [004] .... 11983.996615: do_anonymous_page: anonymous tgid 5862 12658 "Thread-83" 7f2d2e9000
  Binder:1336_1D-12104 [004] .... 11983.997063: do_anonymous_page: anonymous tgid 1336 12104 "Binder:1336_1D" 13c70000
 gle.android.gms-2586  [004] .... 11983.999759: do_anonymous_page: anonymous tgid 2586 2586 "gle.android.gms" 12c89000
             cat-12668 [004] .n.. 11984.111045: do_anonymous_page: anonymous tgid 12668 12668 "adbd" 7ffffff000
            adbd-5661  [004] .... 11984.111969: do_anonymous_page: anonymous tgid 5661 5661 "adbd" 7fb9382000
            adbd-5661  [004] .... 11984.111980: do_anonymous_page: anonymous tgid 5661 5661 "adbd" 7fb9381000
             cat-12668 [004] .... 11984.113512: do_anonymous_page: anonymous tgid 12668 12668 "sh" 7fbf6ff000
             cat-12668 [004] .... 11984.113533: do_anonymous_page: anonymous tgid 12668 12668 "sh" 7fbf6fb000
             cat-12668 [004] .... 11984.113575: do_anonymous_page: anonymous tgid 12668 12668 "sh" 7fffffe000
             cat-12668 [004] .... 11984.113585: do_anonymous_page: anonymous tgid 12668 12668 "sh" 7fbf700000
             cat-12668 [004] .... 11984.113592: do_anonymous_page: anonymous tgid 12668 12668 "sh" 7fbf6fc000
             cat-12668 [004] .... 11984.113668: do_anonymous_page: anonymous tgid 12668 12668 "sh" 7fbf5e2000
             cat-12668 [004] .... 11984.113699: do_anonymous_page: anonymous tgid 12668 12668 "sh" 7fbf6fe000
             cat-12668 [004] .... 11984.113724: do_anonymous_page: anonymous tgid 12668 12668 "sh" 7fbe5d8000
             cat-12668 [004] .... 11984.113776: do_anonymous_page: anonymous tgid 12668 12668 "sh" 7fbf6fd000
             cat-12668 [004] .... 11984.113785: do_anonymous_page: anonymous tgid 12668 12668 "sh" 7fbe5d7000
             cat-12668 [004] .... 11984.113791: do_anonymous_page: anonymous tgid 12668 12668 "sh" 7fbe5d6000
             cat-12668 [004] .... 11984.113797: do_anonymous_page: anonymous tgid 12668 12668 "sh" 7fbe572000
             cat-12668 [004] .... 11984.113861: do_anonymous_page: anonymous tgid 12668 12668 "sh" 7fffffd000
             cat-12668 [004] .... 11984.113887: do_anonymous_page: anonymous tgid 12668 12668 "sh" 7fbe565000
             cat-12668 [004] .... 11984.113894: do_anonymous_page: anonymous tgid 12668 12668 "sh" 7fbe566000
             cat-12668 [004] .... 11984.113997: do_anonymous_page: anonymous tgid 12668 12668 "sh" 7fbe4be000
             cat-12668 [004] .... 11984.114018: do_anonymous_page: anonymous tgid 12668 12668 "sh" 7fbe4bd000
             cat-12668 [004] .... 11984.114028: do_anonymous_page: anonymous tgid 12668 12668 "sh" 7fbe4bc000
             cat-12668 [004] .... 11984.114057: do_anonymous_page: anonymous tgid 12668 12668 "sh" 7fffffc000
             cat-12668 [004] .... 11984.114101: do_anonymous_page: anonymous tgid 12668 12668 "sh" 7fffffb000
             cat-12668 [004] .... 11984.114118: do_anonymous_page: anonymous tgid 12668 12668 "sh" 7fbe490000
             cat-12668 [004] .... 11984.114133: do_anonymous_page: anonymous tgid 12668 12668 "sh" 7fbe491000
             cat-12668 [004] .... 11984.114141: do_anonymous_page: anonymous tgid 12668 12668 "sh" 7fbe492000
             cat-12668 [004] .... 11984.114148: do_anonymous_page: anonymous tgid 12668 12668 "sh" 7fbe493000
             cat-12668 [004] .... 11984.114154: do_anonymous_page: anonymous tgid 12668 12668 "sh" 7fbe494000
             cat-12668 [004] .... 11984.114161: do_anonymous_page: anonymous tgid 12668 12668 "sh" 7fbe495000
             cat-12668 [004] .... 11984.114168: do_anonymous_page: anonymous tgid 12668 12668 "sh" 7fbe496000
             cat-12668 [004] .... 11984.114174: do_anonymous_page: anonymous tgid 12668 12668 "sh" 7fbe497000
             cat-12668 [004] .... 11984.114182: do_anonymous_page: anonymous tgid 12668 12668 "sh" 7fbe498000
             cat-12668 [004] .... 11984.114189: do_anonymous_page: anonymous tgid 12668 12668 "sh" 7fbe499000
             cat-12668 [004] .... 11984.114197: do_anonymous_page: anonymous tgid 12668 12668 "sh" 7fbe49a000
             cat-12668 [004] .... 11984.114203: do_anonymous_page: anonymous tgid 12668 12668 "sh" 7fbe49b000
             cat-12668 [004] .... 11984.114228: do_anonymous_page: anonymous tgid 12668 12668 "sh" 7fffffa000
             cat-12668 [004] .... 11984.114232: do_anonymous_page: anonymous tgid 12668 12668 "sh" 7fffff8000
             cat-12668 [004] .... 11984.114235: do_anonymous_page: anonymous tgid 12668 12668 "sh" 7fffff9000
             cat-12668 [004] .... 11984.114291: do_anonymous_page: anonymous tgid 12668 12668 "sh" 7fbe48f000
             cat-12668 [004] .... 11984.114302: do_anonymous_page: anonymous tgid 12668 12668 "sh" 7fbe48e000
             cat-12668 [004] .... 11984.114424: do_anonymous_page: anonymous tgid 12668 12668 "sh" 7fbe48d000
             cat-12668 [004] .... 11984.114434: do_anonymous_page: anonymous tgid 12668 12668 "sh" 7fbe48c000
             cat-12668 [004] .... 11984.114444: do_anonymous_page: anonymous tgid 12668 12668 "sh" 7fbe48b000
             cat-12668 [004] .... 11984.114471: do_anonymous_page: anonymous tgid 12668 12668 "sh" 7fbe48a000
             cat-12668 [004] .... 11984.114499: do_anonymous_page: anonymous tgid 12668 12668 "sh" 7fbe489000
             cat-12668 [004] .... 11984.114504: do_anonymous_page: anonymous tgid 12668 12668 "sh" 7fbe488000
             cat-12668 [004] .... 11984.114577: do_anonymous_page: anonymous tgid 12668 12668 "sh" 7fffff7000
             cat-12668 [004] .... 11984.114657: do_anonymous_page: anonymous tgid 12668 12668 "sh" 7fbe49b000
             cat-12668 [004] .... 11984.114688: do_anonymous_page: anonymous tgid 12668 12668 "sh" 7fbe49a000
             cat-12668 [004] .... 11984.114716: do_anonymous_page: anonymous tgid 12668 12668 "sh" 7fbe499000
             cat-12668 [004] .... 11984.114814: do_anonymous_page: anonymous tgid 12668 12668 "sh" 7fbe424000
             cat-12668 [004] .... 11984.114850: do_anonymous_page: anonymous tgid 12668 12668 "sh" 7fbe4bc000
             cat-12668 [004] .... 11984.114869: do_anonymous_page: anonymous tgid 12668 12668 "sh" 7fbe498000
             cat-12668 [004] .... 11984.114885: do_anonymous_page: anonymous tgid 12668 12668 "sh" 7fbe497000
             cat-12668 [004] .... 11984.114920: do_anonymous_page: anonymous tgid 12668 12668 "sh" 7fbe496000
             cat-12668 [004] .... 11984.114935: do_anonymous_page: anonymous tgid 12668 12668 "sh" 7fbe495000
             cat-12668 [004] .... 11984.114956: do_anonymous_page: anonymous tgid 12668 12668 "sh" 7fbe3c0000
             cat-12668 [004] .... 11984.114964: do_anonymous_page: anonymous tgid 12668 12668 "sh" 7fbe35c000
             cat-12668 [004] .... 11984.115010: do_anonymous_page: anonymous tgid 12668 12668 "sh" 7fbe493000
             cat-12668 [004] .... 11984.115014: do_anonymous_page: anonymous tgid 12668 12668 "sh" 7fbe494000
             cat-12668 [004] .... 11984.115020: do_anonymous_page: anonymous tgid 12668 12668 "sh" 7fbe491000
             cat-12668 [004] .... 11984.115023: do_anonymous_page: anonymous tgid 12668 12668 "sh" 7fbe492000
             cat-12668 [004] .... 11984.115146: do_anonymous_page: anonymous tgid 12668 12668 "sh" 7fbe340000
             cat-12668 [004] .... 11984.115152: do_anonymous_page: anonymous tgid 12668 12668 "sh" 7fbe341000
             cat-12668 [004] .... 11984.115157: do_anonymous_page: anonymous tgid 12668 12668 "sh" 7fbe33e000
             cat-12668 [004] .... 11984.115158: do_anonymous_page: anonymous tgid 12668 12668 "sh" 7fbe33f000
             cat-12668 [004] .... 11984.115234: do_anonymous_page: anonymous tgid 12668 12668 "sh" 7fbe33a000
             cat-12668 [004] .... 11984.115238: do_anonymous_page: anonymous tgid 12668 12668 "sh" 7fbe33b000
             cat-12668 [004] .... 11984.115242: do_anonymous_page: anonymous tgid 12668 12668 "sh" 7fbe338000
             cat-12668 [004] .... 11984.115244: do_anonymous_page: anonymous tgid 12668 12668 "sh" 7fbe339000
             cat-12668 [004] .... 11984.115310: do_anonymous_page: anonymous tgid 12668 12668 "sh" 7fbe334000
             cat-12668 [004] .... 11984.115314: do_anonymous_page: anonymous tgid 12668 12668 "sh" 7fbe335000
             cat-12668 [004] .... 11984.115319: do_anonymous_page: anonymous tgid 12668 12668 "sh" 7fbe332000
             cat-12668 [004] .... 11984.115321: do_anonymous_page: anonymous tgid 12668 12668 "sh" 7fbe333000
             cat-12668 [004] .... 11984.115487: do_anonymous_page: anonymous tgid 12668 12668 "sh" 7fbde09000
             cat-12668 [004] .... 11984.116480: do_anonymous_page: anonymous tgid 12668 12668 "sh" 7fbe491000
             cat-12668 [004] .... 11984.116500: do_anonymous_page: anonymous tgid 12668 12668 "sh" 7fbdf5e000
             cat-12668 [004] .... 11984.116509: do_anonymous_page: anonymous tgid 12668 12668 "sh" 7fbdf62000
             cat-12668 [004] .... 11984.116549: do_anonymous_page: anonymous tgid 12668 12668 "sh" 7fbf5e5000
             cat-12668 [004] .... 11984.116612: do_anonymous_page: anonymous tgid 12668 12668 "sh" 7fbdc00000
             cat-12668 [004] .... 11984.116622: do_anonymous_page: anonymous tgid 12668 12668 "sh" 7fbdf64000
             cat-12668 [004] .... 11984.116626: do_anonymous_page: anonymous tgid 12668 12668 "sh" 7fbe16e000
             cat-12668 [004] .... 11984.116629: do_anonymous_page: anonymous tgid 12668 12668 "sh" 7fbe16f000
             cat-12668 [004] .... 11984.116633: do_anonymous_page: anonymous tgid 12668 12668 "sh" 7fbe170000
             cat-12668 [004] .... 11984.116636: do_anonymous_page: anonymous tgid 12668 12668 "sh" 7fbe171000
             cat-12668 [004] .... 11984.116642: do_anonymous_page: anonymous tgid 12668 12668 "sh" 7fbe172000
             cat-12668 [004] .... 11984.116646: do_anonymous_page: anonymous tgid 12668 12668 "sh" 7fbe173000
             cat-12668 [004] .... 11984.116649: do_anonymous_page: anonymous tgid 12668 12668 "sh" 7fbe174000
             cat-12668 [004] .... 11984.116660: do_anonymous_page: anonymous tgid 12668 12668 "sh" 7fbe166000
             cat-12668 [004] .... 11984.116664: do_anonymous_page: anonymous tgid 12668 12668 "sh" 7fbdc02000
             cat-12668 [004] .... 11984.116668: do_anonymous_page: anonymous tgid 12668 12668 "sh" 7fbdc03000
             cat-12668 [004] .... 11984.116674: do_anonymous_page: anonymous tgid 12668 12668 "sh" 7fbdc04000
             cat-12668 [004] .... 11984.116677: do_anonymous_page: anonymous tgid 12668 12668 "sh" 7fbdc05000
             cat-12668 [004] .... 11984.116681: do_anonymous_page: anonymous tgid 12668 12668 "sh" 7fbdc06000
             cat-12668 [004] .... 11984.116687: do_anonymous_page: anonymous tgid 12668 12668 "sh" 7fbdf5f000
             cat-12668 [004] .... 11984.116705: do_anonymous_page: anonymous tgid 12668 12668 "sh" 7fbdf65000
             cat-12668 [004] .... 11984.116709: do_anonymous_page: anonymous tgid 12668 12668 "sh" 7fbd600000
             cat-12668 [004] .... 11984.116717: do_anonymous_page: anonymous tgid 12668 12668 "sh" 7fbd7ed000
             cat-12668 [004] .... 11984.116720: do_anonymous_page: anonymous tgid 12668 12668 "sh" 7fbd7ee000
             cat-12668 [004] .... 11984.116730: do_anonymous_page: anonymous tgid 12668 12668 "sh" 7fbda00000
             cat-12668 [004] .... 11984.116735: do_anonymous_page: anonymous tgid 12668 12668 "sh" 7fbda01000
             cat-12668 [004] .... 11984.116744: do_anonymous_page: anonymous tgid 12668 12668 "sh" 7fbda05000
             cat-12668 [004] .... 11984.116752: do_anonymous_page: anonymous tgid 12668 12668 "sh" 7fbdc07000
             cat-12668 [004] .... 11984.116757: do_anonymous_page: anonymous tgid 12668 12668 "sh" 7fbda06000
             cat-12668 [004] .... 11984.116780: do_anonymous_page: anonymous tgid 12668 12668 "sh" 7fbda02000
             cat-12668 [004] .... 11984.116785: do_anonymous_page: anonymous tgid 12668 12668 "sh" 7fbda05000
             cat-12668 [004] .... 11984.116825: do_anonymous_page: anonymous tgid 12668 12668 "sh" 7fbf5e3000
             cat-12668 [004] .... 11984.116844: do_anonymous_page: anonymous tgid 12668 12668 "sh" 7fbf5e4000
             cat-12668 [004] .... 11984.116949: do_anonymous_page: anonymous tgid 12668 12668 "sh" 7fbe30f000
             cat-12668 [004] .... 11984.116956: do_anonymous_page: anonymous tgid 12668 12668 "sh" 7fbe310000
             cat-12668 [004] .... 11984.116961: do_anonymous_page: anonymous tgid 12668 12668 "sh" 7fbe30d000
             cat-12668 [004] .... 11984.116964: do_anonymous_page: anonymous tgid 12668 12668 "sh" 7fbe30e000
             cat-12668 [004] .... 11984.116993: do_anonymous_page: anonymous tgid 12668 12668 "sh" 7fbe4bf000
             cat-12668 [004] .... 11984.117137: do_anonymous_page: anonymous tgid 12668 12668 "sh" 7fbd5ba000
             cat-12668 [004] .... 11984.117166: do_anonymous_page: anonymous tgid 12668 12668 "sh" 7fbe260000
             cat-12668 [004] .... 11984.117172: do_anonymous_page: anonymous tgid 12668 12668 "sh" 7fbe261000
             cat-12668 [004] .... 11984.117178: do_anonymous_page: anonymous tgid 12668 12668 "sh" 7fbe25f000
             cat-12668 [004] .... 11984.117190: do_anonymous_page: anonymous tgid 12668 12668 "sh" 7fbe262000
             cat-12668 [004] .... 11984.117206: do_anonymous_page: anonymous tgid 12668 12668 "sh" 7fbda09000
             cat-12668 [004] .... 11984.117228: do_anonymous_page: anonymous tgid 12668 12668 "sh" 7fbe48c000
             cat-12668 [004] .... 11984.117311: do_anonymous_page: anonymous tgid 12668 12668 "sh" 555559e000
             cat-12668 [004] .... 11984.117315: do_anonymous_page: anonymous tgid 12668 12668 "sh" 555559d000
             cat-12668 [004] .... 11984.117324: do_anonymous_page: anonymous tgid 12668 12668 "sh" 7fbda0a000
             cat-12668 [004] .... 11984.117330: do_anonymous_page: anonymous tgid 12668 12668 "sh" 7fbda0b000
             cat-12668 [004] .... 11984.117334: do_anonymous_page: anonymous tgid 12668 12668 "sh" 7fbda10000
             cat-12668 [004] .... 11984.117340: do_anonymous_page: anonymous tgid 12668 12668 "sh" 7fbda15000
             cat-12668 [004] .... 11984.117344: do_anonymous_page: anonymous tgid 12668 12668 "sh" 7fbda1a000
             cat-12668 [004] .... 11984.117379: do_anonymous_page: anonymous tgid 12668 12668 "sh" 7fbda1f000
             cat-12668 [004] .... 11984.117414: do_anonymous_page: anonymous tgid 12668 12668 "sh" 7fbda11000
             cat-12668 [004] .... 11984.117427: do_anonymous_page: anonymous tgid 12668 12668 "sh" 7fbda24000
             cat-12668 [004] .... 11984.117438: do_anonymous_page: anonymous tgid 12668 12668 "sh" 7fbda25000
             cat-12668 [004] .... 11984.117487: do_anonymous_page: anonymous tgid 12668 12668 "sh" 7fbda2a000
             cat-12668 [004] .... 11984.117498: do_anonymous_page: anonymous tgid 12668 12668 "sh" 7fbda2b000
             cat-12668 [004] .... 11984.117505: do_anonymous_page: anonymous tgid 12668 12668 "sh" 7fbda2e000
             cat-12668 [004] .... 11984.117550: do_anonymous_page: anonymous tgid 12668 12668 "sh" 7fbda30000
             cat-12668 [004] .... 11984.117556: do_anonymous_page: anonymous tgid 12668 12668 "sh" 7fbda37000
             cat-12668 [004] .... 11984.117610: do_anonymous_page: anonymous tgid 12668 12668 "sh" 7fbda44000
             cat-12668 [004] .... 11984.117633: do_anonymous_page: anonymous tgid 12668 12668 "sh" 7fbda47000
 shell svc 12668-12669 [004] .... 11984.117776: do_anonymous_page: anonymous tgid 5661 12669 "adbd" 7fb9380000
             cat-12668 [004] .... 11984.117920: do_anonymous_page: anonymous tgid 12668 12668 "sh" 7fbda16000
             cat-12668 [004] .... 11984.117937: do_anonymous_page: anonymous tgid 12668 12668 "sh" 7fbda48000
             cat-12668 [004] .... 11984.118018: do_anonymous_page: anonymous tgid 12668 12668 "sh" 7ffffff000
             cat-12668 [004] .... 11984.118954: do_anonymous_page: anonymous tgid 12668 12668 "cat" 7fbf6ff000
             cat-12668 [004] .... 11984.118969: do_anonymous_page: anonymous tgid 12668 12668 "cat" 7fbf6fb000
             cat-12668 [004] .... 11984.119001: do_anonymous_page: anonymous tgid 12668 12668 "cat" 7fffffe000
             cat-12668 [004] .... 11984.119007: do_anonymous_page: anonymous tgid 12668 12668 "cat" 7fbf700000
             cat-12668 [004] .... 11984.119013: do_anonymous_page: anonymous tgid 12668 12668 "cat" 7fbf6fc000
             cat-12668 [004] .... 11984.119037: do_anonymous_page: anonymous tgid 12668 12668 "cat" 7fbf5e2000
