           <...>-6541  [005] ...1  1530.676466: do_swap_page: id 4, table 0 || 1892: 6467 7f2d833000
           <...>-6541  [005] ...1  1530.676534: do_swap_page: id 4, table 0 || 1893: 6467 7eafdf5000
           <...>-6541  [005] ...1  1530.676563: do_swap_page: id 4, table 0 || 1894: 6467 7f28b2c000
           <...>-6589  [004] ...1  1530.676566: do_swap_page: id 4, table 0 || 1895: 6467 7eaec78000
           <...>-6541  [005] ...1  1530.676575: do_swap_page: id 4, table 0 || 1896: 6467 7ec3910000
           <...>-6589  [004] ...1  1530.676581: do_swap_page: id 4, table 0 || 1897: 6467 7eaec77000
           <...>-6541  [005] ...1  1530.676590: do_swap_page: id 4, table 0 || 1898: 6467 7ead62f000
           <...>-6589  [004] ...1  1530.676592: do_swap_page: id 4, table 0 || 1899: 6467 7f2d7ee000
           <...>-6589  [004] ...1  1530.676601: do_swap_page: id 4, table 0 || 1900: 6467 7eb7aca000
           <...>-6589  [004] ...1  1530.676610: do_swap_page: id 4, table 0 || 1901: 6467 7f2d6e4000
           <...>-6589  [004] ...1  1530.676618: do_swap_page: id 4, table 0 || 1902: 6467 7f28da0000
           <...>-6589  [004] ...1  1530.676623: do_swap_page: id 4, table 0 || 1903: 6467 7f28da1000
           <...>-6589  [004] ...1  1530.676633: do_swap_page: id 4, table 0 || 1904: 6467 7ec72d2000
           <...>-6541  [005] ...1  1530.676639: do_swap_page: id 4, table 0 || 1905: 6467 7f2d6a9000
           <...>-6589  [004] ...1  1530.676651: do_swap_page: id 4, table 0 || 1906: 6467 7eaec76000
           <...>-6541  [005] ...1  1530.676657: do_swap_page: id 4, table 0 || 1907: 6467 7e988bc000
           <...>-6589  [004] ...1  1530.676661: do_swap_page: id 4, table 0 || 1908: 6467 7e98d28000
           <...>-6589  [004] ...1  1530.676735: do_swap_page: id 4, table 0 || 1909: 6467 7f28fc6000
           <...>-6589  [004] ...1  1530.676746: do_swap_page: id 4, table 0 || 1910: 6467 7f28fdc000
           <...>-6589  [004] ...1  1530.676752: do_swap_page: id 4, table 0 || 1911: 6467 7ec72cb000
           <...>-6589  [004] ...1  1530.676759: do_swap_page: id 4, table 0 || 1912: 6467 7ec72cc000
           <...>-6589  [004] ...1  1530.676766: do_swap_page: id 4, table 0 || 1913: 6467 7f31918000
           <...>-6541  [005] ....  1530.676778: read_swap_cache_async: remote readpage 6467 "GLThread 433" 7e8c008000 5ee806
           <...>-6541  [005] ....  1530.676780: do_swap_page: prefetch fault 6467 "GLThread 433" 7e8c008000 5ee806
           <...>-6589  [004] ...1  1530.676782: do_swap_page: id 4, table 0 || 1914: 6467 1434a000
           <...>-6027  [000] ....  1530.678075: read_swap_cache_async: remote readpage 5960 "Thread-183" 7eb6bf3000 57a833
           <...>-6541  [005] ...1  1530.679139: do_swap_page: id 4, table 0 || 1915: 6467 7e8c008000
           <...>-6541  [005] ...1  1530.679157: do_swap_page: id 4, table 0 || 1916: 6467 7f2d600000
           <...>-6541  [005] ...1  1530.679292: do_swap_page: id 4, table 0 || 1917: 6467 7eb79ee000
           <...>-6541  [005] ...1  1530.679302: do_swap_page: id 4, table 0 || 1918: 6467 7eb79ef000
           <...>-6541  [005] ...1  1530.679311: do_swap_page: id 4, table 0 || 1919: 6467 7ea17d3000
           <...>-6541  [005] ...1  1530.679321: do_swap_page: id 4, table 0 || 1920: 6467 7eabc64000
 .candycrushsaga-6467  [004] ...1  1530.679395: do_swap_page: id 4, table 0 || 1921: 6467 9e6fe000
 .candycrushsaga-6467  [004] ...1  1530.679434: do_swap_page: id 4, table 0 || 1922: 6467 7f28fef000
 .candycrushsaga-6467  [004] ...1  1530.679443: do_swap_page: id 4, table 0 || 1923: 6467 7f28b2a000
           <...>-6541  [005] ...1  1530.679488: do_swap_page: id 4, table 0 || 1924: 6467 7ea1a17000
           <...>-6541  [005] ...1  1530.679513: do_swap_page: id 4, table 0 || 1925: 6467 7eab854000
 .candycrushsaga-6467  [004] ...1  1530.679521: do_swap_page: id 4, table 0 || 1926: 6467 7f28b29000
           <...>-6541  [005] ...1  1530.679546: do_swap_page: id 4, table 0 || 1927: 6467 7eabc68000
           <...>-6541  [005] ...1  1530.679554: do_swap_page: id 4, table 0 || 1928: 6467 7ead5e1000
           <...>-6541  [005] ...1  1530.679567: do_swap_page: id 4, table 0 || 1929: 6467 7e8c25b000
           <...>-6541  [005] ...1  1530.679572: do_swap_page: id 4, table 0 || 1930: 6467 7eabf19000
 .candycrushsaga-6467  [004] ...1  1530.679584: do_swap_page: id 4, table 0 || 1931: 6467 1405b000
           <...>-6541  [005] ...1  1530.679593: do_swap_page: id 4, table 0 || 1932: 6467 7e9b559000
           <...>-6600  [006] ...1  1530.679602: do_swap_page: id 4, table 0 || 1933: 6467 7ea3d87000
           <...>-6541  [005] ...1  1530.679603: do_swap_page: id 4, table 0 || 1934: 6467 7ea15d7000
           <...>-6541  [005] ...1  1530.679611: do_swap_page: id 4, table 0 || 1935: 6467 7ea1944000
           <...>-6600  [006] ...1  1530.679614: do_swap_page: id 4, table 0 || 1936: 6467 7ea3d86000
           <...>-6541  [005] ...1  1530.679619: do_swap_page: id 4, table 0 || 1937: 6467 7ea19f5000
           <...>-6600  [006] ...1  1530.679627: do_swap_page: id 4, table 0 || 1938: 6467 7ec7307000
           <...>-6541  [005] ...1  1530.679629: do_swap_page: id 4, table 0 || 1939: 6467 7ea17c5000
           <...>-6600  [006] ...1  1530.679634: do_swap_page: id 4, table 0 || 1940: 6467 7ec747e000
           <...>-6541  [005] ...1  1530.679636: do_swap_page: id 4, table 0 || 1941: 6467 7e9b779000
           <...>-6600  [006] ...1  1530.679643: do_swap_page: id 4, table 0 || 1942: 6467 7eabf23000
           <...>-6541  [005] ...1  1530.679648: do_swap_page: id 4, table 0 || 1943: 6467 7eab962000
           <...>-6600  [006] ...1  1530.679653: do_swap_page: id 4, table 0 || 1944: 6467 7e98ecf000
           <...>-6541  [005] ...1  1530.679654: do_swap_page: id 4, table 0 || 1945: 6467 7eb79ed000
           <...>-6541  [005] ...1  1530.679662: do_swap_page: id 4, table 0 || 1946: 6467 7ead6f7000
           <...>-6541  [005] ...1  1530.679670: do_swap_page: id 4, table 0 || 1947: 6467 7ea15eb000
           <...>-6600  [006] ...1  1530.679673: do_swap_page: id 4, table 0 || 1948: 6467 7eabc65000
           <...>-6541  [005] ...1  1530.679678: do_swap_page: id 4, table 0 || 1949: 6467 7ead458000
           <...>-6600  [006] ...1  1530.679681: do_swap_page: id 4, table 0 || 1950: 6467 7ead6aa000
           <...>-6541  [005] ...1  1530.679685: do_swap_page: id 4, table 0 || 1951: 6467 7eabb8f000
           <...>-6600  [006] ...1  1530.679689: do_swap_page: id 4, table 0 || 1952: 6467 7ead532000
           <...>-6600  [006] ...1  1530.679698: do_swap_page: id 4, table 0 || 1953: 6467 7ead5f2000
           <...>-6541  [005] ...1  1530.679704: do_swap_page: id 4, table 0 || 1954: 6467 7e9b5a5000
           <...>-6600  [006] ...1  1530.679704: do_swap_page: id 4, table 0 || 1955: 6467 7ead5fc000
           <...>-6600  [006] ...1  1530.679731: do_swap_page: id 4, table 0 || 1956: 6467 7ea3d85000
           <...>-6541  [005] ...1  1530.679740: do_swap_page: id 4, table 0 || 1957: 6467 7eabf34000
           <...>-6600  [006] ...1  1530.679744: do_swap_page: id 4, table 0 || 1958: 6467 7ead691000
           <...>-6541  [005] ...1  1530.679755: do_swap_page: id 4, table 0 || 1959: 6467 7ec3992000
           <...>-6600  [006] ...1  1530.679756: do_swap_page: id 4, table 0 || 1960: 6467 7e525a8000
           <...>-6541  [005] ...1  1530.679763: do_swap_page: id 4, table 0 || 1961: 6467 7e9bb0d000
           <...>-6541  [005] ...1  1530.679772: do_swap_page: id 4, table 0 || 1962: 6467 7ea19c2000
           <...>-6541  [005] ...1  1530.679779: do_swap_page: id 4, table 0 || 1963: 6467 7eada71000
           <...>-6600  [006] ....  1530.679787: read_swap_cache_async: remote readpage 6467 "Thread-5" 7e9ab65000 602884
           <...>-6541  [005] ...1  1530.679788: do_swap_page: id 4, table 0 || 1964: 6467 7eada23000
           <...>-6600  [006] ....  1530.679789: do_swap_page: prefetch fault 6467 "Thread-5" 7e9ab65000 602884
           <...>-6541  [005] ...1  1530.679796: do_swap_page: id 4, table 0 || 1965: 6467 7ea1589000
           <...>-6541  [005] ...1  1530.679829: do_swap_page: id 4, table 0 || 1966: 6467 7eb9df7000
           <...>-6027  [000] ...1  1530.679879: do_swap_page: id 4, table 0 || 1967: 5960 7eb6bf3000
 .candycrushsaga-6467  [004] ...1  1530.679909: do_swap_page: id 4, table 0 || 1968: 6467 14156000
           <...>-6541  [005] ...1  1530.679955: do_swap_page: id 4, table 0 || 1969: 6467 9e6b6000
           <...>-6541  [005] ...1  1530.679971: do_swap_page: id 4, table 0 || 1970: 6467 14261000
 .candycrushsaga-6467  [004] ....  1530.679980: read_swap_cache_async: remote readpage 6467 ".candycrushsaga" 7f20ec7000 60282b
 .candycrushsaga-6467  [004] ....  1530.679982: do_swap_page: prefetch fault 6467 ".candycrushsaga" 7f20ec7000 60282b
           <...>-6541  [005] ...1  1530.680126: do_swap_page: id 4, table 0 || 1971: 6467 7ea1809000
           <...>-6541  [005] ...1  1530.680199: do_swap_page: id 4, table 0 || 1972: 6467 7eabf36000
           <...>-6541  [005] ...1  1530.680208: do_swap_page: id 4, table 0 || 1973: 6467 7eaba9e000
           <...>-6541  [005] ...1  1530.680216: do_swap_page: id 4, table 0 || 1974: 6467 7eababb000
           <...>-6541  [005] ...1  1530.680224: do_swap_page: id 4, table 0 || 1975: 6467 7eabfa6000
           <...>-6541  [005] ...1  1530.680233: do_swap_page: id 4, table 0 || 1976: 6467 7ea1771000
           <...>-6541  [005] ...1  1530.680239: do_swap_page: id 4, table 0 || 1977: 6467 7eabf7f000
           <...>-6541  [005] ...1  1530.680249: do_swap_page: id 4, table 0 || 1978: 6467 7ead62a000
           <...>-6541  [005] ...1  1530.680255: do_swap_page: id 4, table 0 || 1979: 6467 7eada6d000
           <...>-6541  [005] ...1  1530.680269: do_swap_page: id 4, table 0 || 1980: 6467 7eb0098000
           <...>-6541  [005] ...1  1530.680278: do_swap_page: id 4, table 0 || 1981: 6467 7ec3914000
           <...>-6541  [005] ...1  1530.680288: do_swap_page: id 4, table 0 || 1982: 6467 7f28bc5000
           <...>-6541  [005] ...1  1530.680511: do_swap_page: id 4, table 0 || 1983: 6467 7268e000
           <...>-6541  [005] ...1  1530.680699: do_swap_page: id 4, table 0 || 1984: 6467 7fbf5e4000
           <...>-6541  [005] ...1  1530.680724: do_swap_page: id 4, table 0 || 1985: 6467 7ead992000
           <...>-6541  [005] ...1  1530.680734: do_swap_page: id 4, table 0 || 1986: 6467 7ead60e000
           <...>-6541  [005] ...1  1530.680742: do_swap_page: id 4, table 0 || 1987: 6467 7eac0d6000
           <...>-6541  [005] ...1  1530.680752: do_swap_page: id 4, table 0 || 1988: 6467 7ead631000
           <...>-6541  [005] ...1  1530.680771: do_swap_page: id 4, table 0 || 1989: 6467 7ead5f3000
           <...>-6541  [005] ...1  1530.680783: do_swap_page: id 4, table 0 || 1990: 6467 7e9ab29000
           <...>-6541  [005] ...1  1530.680799: do_swap_page: id 4, table 0 || 1991: 6467 7ea141a000
           <...>-6541  [005] ...1  1530.680810: do_swap_page: id 4, table 0 || 1992: 6467 7eabfd6000
           <...>-6541  [005] ...1  1530.680819: do_swap_page: id 4, table 0 || 1993: 6467 7e8c478000
           <...>-6541  [005] ...1  1530.680827: do_swap_page: id 4, table 0 || 1994: 6467 7ea1815000
           <...>-6541  [005] ...1  1530.680835: do_swap_page: id 4, table 0 || 1995: 6467 7eabadb000
           <...>-6541  [005] ...1  1530.680842: do_swap_page: id 4, table 0 || 1996: 6467 7ea1810000
           <...>-6541  [005] ...1  1530.680857: do_swap_page: id 4, table 0 || 1997: 6467 7ead692000
           <...>-6541  [005] ...1  1530.680883: do_swap_page: id 4, table 0 || 1998: 6467 7ea15ec000
           <...>-6541  [005] ...1  1530.680889: do_swap_page: id 4, table 0 || 1999: 6467 7ead9e1000
           <...>-6541  [005] ...1  1530.680897: do_swap_page: id 4, table 0 || 2000: 6467 7eb7a25000
           <...>-6541  [005] ...1  1530.680904: do_swap_page: id 4, table 0 || 2001: 6467 7ea17dc000
           <...>-6541  [005] ...1  1530.680913: do_swap_page: id 4, table 0 || 2002: 6467 7e9b6b3000
           <...>-6541  [005] ...1  1530.680920: do_swap_page: id 4, table 0 || 2003: 6467 7ead6f8000
           <...>-6541  [005] ...1  1530.680926: do_swap_page: id 4, table 0 || 2004: 6467 7ead6ab000
           <...>-6541  [005] ...1  1530.680933: do_swap_page: id 4, table 0 || 2005: 6467 7eabc6b000
           <...>-6541  [005] ...1  1530.680944: do_swap_page: id 4, table 0 || 2006: 6467 7ea1ad6000
           <...>-6541  [005] ...1  1530.680950: do_swap_page: id 4, table 0 || 2007: 6467 7ea181e000
           <...>-6541  [005] ...1  1530.680958: do_swap_page: id 4, table 0 || 2008: 6467 7e9b7d2000
           <...>-6541  [005] ...1  1530.680965: do_swap_page: id 4, table 0 || 2009: 6467 7e9b717000
           <...>-6541  [005] ...1  1530.680972: do_swap_page: id 4, table 0 || 2010: 6467 7ea1814000
           <...>-6541  [005] ...1  1530.680979: do_swap_page: id 4, table 0 || 2011: 6467 7e9b76d000
           <...>-6541  [005] ...1  1530.680987: do_swap_page: id 4, table 0 || 2012: 6467 7e9b74d000
           <...>-6541  [005] ...1  1530.680995: do_swap_page: id 4, table 0 || 2013: 6467 7e9b4ee000
           <...>-6541  [005] ...1  1530.681001: do_swap_page: id 4, table 0 || 2014: 6467 7eabfd7000
           <...>-6541  [005] ...1  1530.681007: do_swap_page: id 4, table 0 || 2015: 6467 7e9b772000
           <...>-6541  [005] ...1  1530.681014: do_swap_page: id 4, table 0 || 2016: 6467 7ea19f9000
           <...>-6541  [005] ...1  1530.681021: do_swap_page: id 4, table 0 || 2017: 6467 7e9b5ae000
           <...>-6541  [005] ...1  1530.681027: do_swap_page: id 4, table 0 || 2018: 6467 7e9b587000
           <...>-6541  [005] ...1  1530.681034: do_swap_page: id 4, table 0 || 2019: 6467 7ea19fa000
           <...>-6541  [005] ...1  1530.681040: do_swap_page: id 4, table 0 || 2020: 6467 7ea19ed000
           <...>-6541  [005] ...1  1530.681046: do_swap_page: id 4, table 0 || 2021: 6467 7ea1a19000
           <...>-6541  [005] ...1  1530.681052: do_swap_page: id 4, table 0 || 2022: 6467 7ea181f000
           <...>-6541  [005] ...1  1530.681060: do_swap_page: id 4, table 0 || 2023: 6467 7eabfd5000
           <...>-6541  [005] ...1  1530.681067: do_swap_page: id 4, table 0 || 2024: 6467 7ea177d000
           <...>-6541  [005] ...1  1530.681075: do_swap_page: id 4, table 0 || 2025: 6467 7ea19b9000
           <...>-6541  [005] ...1  1530.681083: do_swap_page: id 4, table 0 || 2026: 6467 7eac0cf000
           <...>-6541  [005] ...1  1530.681091: do_swap_page: id 4, table 0 || 2027: 6467 7ead77a000
           <...>-6541  [005] ...1  1530.681097: do_swap_page: id 4, table 0 || 2028: 6467 7e9b6a8000
           <...>-6541  [005] ...1  1530.681104: do_swap_page: id 4, table 0 || 2029: 6467 7e9b721000
           <...>-6541  [005] ...1  1530.681115: do_swap_page: id 4, table 0 || 2030: 6467 7eac091000
           <...>-6541  [005] ...1  1530.681123: do_swap_page: id 4, table 0 || 2031: 6467 7ea1a35000
           <...>-6541  [005] ...1  1530.681143: do_swap_page: id 4, table 0 || 2032: 6467 7fbe179000
           <...>-6600  [006] ...1  1530.682152: do_swap_page: id 4, table 0 || 2033: 6467 7e9ab65000
           <...>-6600  [006] ...1  1530.682171: do_swap_page: id 4, table 0 || 2034: 6467 7ec7308000
           <...>-6600  [006] ...1  1530.682191: do_swap_page: id 4, table 0 || 2035: 6467 7eabc69000
           <...>-6600  [006] ...1  1530.682200: do_swap_page: id 4, table 0 || 2036: 6467 7eabc42000
           <...>-6600  [006] ...1  1530.682208: do_swap_page: id 4, table 0 || 2037: 6467 7ebbf5e000
           <...>-6600  [006] ...1  1530.682221: do_swap_page: id 4, table 0 || 2038: 6467 7eabf4b000
           <...>-6600  [006] ...1  1530.682241: do_swap_page: id 4, table 0 || 2039: 6467 7eabc66000
 .candycrushsaga-6467  [004] ...1  1530.682315: do_swap_page: id 4, table 0 || 2040: 6467 7f20ec7000
 .candycrushsaga-6467  [004] ...1  1530.682331: do_swap_page: id 4, table 0 || 2041: 6467 14157000
 .candycrushsaga-6467  [004] ....  1530.682380: read_swap_cache_async: remote readpage 6467 ".candycrushsaga" 7e9bb78000 60282d
 .candycrushsaga-6467  [004] ....  1530.682381: do_swap_page: prefetch fault 6467 ".candycrushsaga" 7e9bb78000 60282d
 .candycrushsaga-6467  [004] ...1  1530.722441: do_swap_page: id 4, table 0 || 2042: 6467 7e9bb78000
 .candycrushsaga-6467  [004] ....  1530.722649: read_swap_cache_async: remote readpage 6467 ".candycrushsaga" 7f20eb6000 60282f
 .candycrushsaga-6467  [004] ....  1530.722651: do_swap_page: prefetch fault 6467 ".candycrushsaga" 7f20eb6000 60282f
 .candycrushsaga-6467  [004] ...1  1530.724905: do_swap_page: id 4, table 0 || 2043: 6467 7f20eb6000
 .candycrushsaga-6467  [004] ....  1530.724974: read_swap_cache_async: remote readpage 6467 ".candycrushsaga" 7f20eb8000 602833
 .candycrushsaga-6467  [004] ....  1530.724976: do_swap_page: prefetch fault 6467 ".candycrushsaga" 7f20eb8000 602833
 .candycrushsaga-6467  [004] ...1  1530.727480: do_swap_page: id 4, table 0 || 2044: 6467 7f20eb8000
 .candycrushsaga-6467  [004] ...1  1530.727512: do_swap_page: id 4, table 0 || 2045: 6467 14163000
 .candycrushsaga-6467  [004] ...1  1530.727544: do_swap_page: id 4, table 0 || 2046: 6467 1415a000
 .candycrushsaga-6467  [004] ....  1530.727627: read_swap_cache_async: remote readpage 6467 ".candycrushsaga" 7f20ec2000 602836
 .candycrushsaga-6467  [004] ....  1530.727629: do_swap_page: prefetch fault 6467 ".candycrushsaga" 7f20ec2000 602836
 .candycrushsaga-6467  [004] ...1  1530.729575: do_swap_page: id 4, table 0 || 2047: 6467 7f20ec2000
 .candycrushsaga-6467  [004] ....  1530.729633: read_swap_cache_async: remote readpage 6467 ".candycrushsaga" 7f20ebd000 602831
 .candycrushsaga-6467  [004] ....  1530.729635: do_swap_page: prefetch fault 6467 ".candycrushsaga" 7f20ebd000 602831
 .candycrushsaga-6467  [004] ...1  1530.732036: do_swap_page: id 4, table 0 || 2048: 6467 7f20ebd000
 .candycrushsaga-6467  [005] ...1  1530.732503: do_swap_page: id 4, table 0 || 2049: 6467 1411b000
 .candycrushsaga-6467  [005] ...1  1530.732526: do_swap_page: id 4, table 0 || 2050: 6467 7f29dbe000
 .candycrushsaga-6467  [005] ...1  1530.732546: do_swap_page: id 4, table 0 || 2051: 6467 7e8d1ae000
 .candycrushsaga-6467  [005] ...1  1530.732562: do_swap_page: id 4, table 0 || 2052: 6467 14298000
 .candycrushsaga-6467  [005] ...1  1530.732575: do_swap_page: id 4, table 0 || 2053: 6467 7f29b8d000
 .candycrushsaga-6467  [005] ...1  1530.733121: do_swap_page: id 4, table 0 || 2054: 6467 7e8d1ab000
 .candycrushsaga-6467  [005] ...1  1530.733140: do_swap_page: id 4, table 0 || 2055: 6467 14299000
 .candycrushsaga-6467  [005] ...1  1530.733419: do_swap_page: id 4, table 0 || 2056: 6467 14104000
 .candycrushsaga-6467  [005] ...1  1530.733437: do_swap_page: id 4, table 0 || 2057: 6467 7f29b80000
 .candycrushsaga-6467  [005] ...1  1530.734148: do_swap_page: id 4, table 0 || 2058: 6467 7e8d1ad000
 .candycrushsaga-6467  [005] ...1  1530.734181: do_swap_page: id 4, table 0 || 2059: 6467 7f28e3c000
 .candycrushsaga-6467  [005] ...1  1530.734203: do_swap_page: id 4, table 0 || 2060: 6467 7ec72a7000
 .candycrushsaga-6467  [005] ...1  1530.734220: do_swap_page: id 4, table 0 || 2061: 6467 7e8bf59000
 .candycrushsaga-6467  [005] ...1  1530.734235: do_swap_page: id 4, table 0 || 2062: 6467 7ebcb64000
 .candycrushsaga-6467  [005] ...1  1530.734250: do_swap_page: id 4, table 0 || 2063: 6467 7e8bf36000
 .candycrushsaga-6467  [005] ...1  1530.734275: do_swap_page: id 4, table 0 || 2064: 6467 14116000
 .candycrushsaga-6467  [005] ...1  1530.734298: do_swap_page: id 4, table 0 || 2065: 6467 7e8c0dd000
 .candycrushsaga-6467  [005] ...1  1530.734317: do_swap_page: id 4, table 0 || 2066: 6467 140bf000
 .candycrushsaga-6467  [005] ...1  1530.734330: do_swap_page: id 4, table 0 || 2067: 6467 1429b000
 .candycrushsaga-6467  [005] ...1  1530.734346: do_swap_page: id 4, table 0 || 2068: 6467 7f29dca000
 .candycrushsaga-6467  [005] ...1  1530.734377: do_swap_page: id 4, table 0 || 2069: 6467 1429a000
 .candycrushsaga-6467  [005] ...1  1530.734430: do_swap_page: id 4, table 0 || 2070: 6467 14154000
 .candycrushsaga-6467  [005] ....  1530.734581: read_swap_cache_async: remote readpage 6467 ".candycrushsaga" 7f29dcd000 5fe8b5
 .candycrushsaga-6467  [005] ....  1530.734584: do_swap_page: prefetch fault 6467 ".candycrushsaga" 7f29dcd000 5fe8b5
 .candycrushsaga-6467  [005] ...1  1530.737051: do_swap_page: id 4, table 0 || 2071: 6467 7f29dcd000
 .candycrushsaga-6467  [005] ....  1530.737160: read_swap_cache_async: remote readpage 6467 ".candycrushsaga" 7ee4057000 5fe8b6
 .candycrushsaga-6467  [005] ....  1530.737163: do_swap_page: prefetch fault 6467 ".candycrushsaga" 7ee4057000 5fe8b6
 .candycrushsaga-6467  [005] ...1  1530.739968: do_swap_page: id 4, table 0 || 2072: 6467 7ee4057000
 .candycrushsaga-6467  [005] ....  1530.740038: read_swap_cache_async: remote readpage 6467 ".candycrushsaga" 7e8c22a000 5fe8b7
 .candycrushsaga-6467  [005] ....  1530.740041: do_swap_page: prefetch fault 6467 ".candycrushsaga" 7e8c22a000 5fe8b7
 .candycrushsaga-6467  [005] ...1  1530.742974: do_swap_page: id 4, table 0 || 2073: 6467 7e8c22a000
 .candycrushsaga-6467  [005] ....  1530.743033: read_swap_cache_async: remote readpage 6467 ".candycrushsaga" 7e524c7000 5fe8b8
 .candycrushsaga-6467  [005] ....  1530.743035: do_swap_page: prefetch fault 6467 ".candycrushsaga" 7e524c7000 5fe8b8
 .candycrushsaga-6467  [005] ...1  1530.745026: do_swap_page: id 4, table 0 || 2074: 6467 7e524c7000
 .candycrushsaga-6467  [005] ....  1530.745077: read_swap_cache_async: remote readpage 6467 ".candycrushsaga" 7e8c0fe000 5fe8b9
 .candycrushsaga-6467  [005] ....  1530.745078: do_swap_page: prefetch fault 6467 ".candycrushsaga" 7e8c0fe000 5fe8b9
 .candycrushsaga-6467  [005] ...1  1530.747256: do_swap_page: id 4, table 0 || 2075: 6467 7e8c0fe000
 .candycrushsaga-6467  [005] ....  1530.747308: read_swap_cache_async: remote readpage 6467 ".candycrushsaga" 7e8c0e8000 5fe8ba
 .candycrushsaga-6467  [005] ....  1530.747310: do_swap_page: prefetch fault 6467 ".candycrushsaga" 7e8c0e8000 5fe8ba
 .candycrushsaga-6467  [005] ...1  1530.753912: do_swap_page: id 4, table 0 || 2076: 6467 7e8c0e8000
 .candycrushsaga-6467  [005] ...1  1530.753958: do_swap_page: id 4, table 0 || 2077: 6467 7e8c42d000
 .candycrushsaga-6467  [005] ....  1530.754042: read_swap_cache_async: remote readpage 6467 ".candycrushsaga" 7e8c42c000 5fe8bb
 .candycrushsaga-6467  [005] ....  1530.754044: do_swap_page: prefetch fault 6467 ".candycrushsaga" 7e8c42c000 5fe8bb
           <...>-6516  [004] ...1  1530.754565: do_swap_page: id 4, table 0 || 2078: 6467 7fbbef1000
           <...>-6516  [004] ...1  1530.754593: do_swap_page: id 4, table 0 || 2079: 6467 1447a000
           <...>-6516  [004] ...1  1530.754678: do_swap_page: id 4, table 0 || 2080: 6467 7fbbef2000
           <...>-6516  [004] ...1  1530.754694: do_swap_page: id 4, table 0 || 2081: 6467 7fbbee9000
           <...>-6516  [004] ...1  1530.754733: do_swap_page: id 4, table 0 || 2082: 6467 7f28e18000
           <...>-6516  [004] ...1  1530.754812: do_swap_page: id 4, table 0 || 2083: 6467 7ebcc05000
           <...>-6516  [004] ...1  1530.754830: do_swap_page: id 4, table 0 || 2084: 6467 140b0000
           <...>-6516  [004] ...1  1530.754873: do_swap_page: id 4, table 0 || 2085: 6467 7fbbeeb000
           <...>-6516  [004] ...1  1530.755028: do_swap_page: id 4, table 0 || 2086: 6467 7fbbf27000
           <...>-6516  [004] ...1  1530.755056: do_swap_page: id 4, table 0 || 2087: 6467 7fbbef4000
           <...>-6516  [004] ...1  1530.755114: do_swap_page: id 4, table 0 || 2088: 6467 7eafec2000
           <...>-6516  [004] ...1  1530.755153: do_swap_page: id 4, table 0 || 2089: 6467 7eafefc000
           <...>-6516  [004] ...1  1530.755173: do_swap_page: id 4, table 0 || 2090: 6467 7e8bed5000
           <...>-6516  [004] ...1  1530.755188: do_swap_page: id 4, table 0 || 2091: 6467 7f2d69c000
           <...>-6516  [004] ...1  1530.755201: do_swap_page: id 4, table 0 || 2092: 6467 7eb7a5b000
           <...>-6516  [004] ...1  1530.755210: do_swap_page: id 4, table 0 || 2093: 6467 7eb7a5c000
           <...>-6516  [004] ...1  1530.755218: do_swap_page: id 4, table 0 || 2094: 6467 7eafefd000
           <...>-6516  [004] ...1  1530.755300: do_swap_page: id 4, table 0 || 2095: 6467 1431e000
           <...>-6516  [004] ...1  1530.755329: do_swap_page: id 4, table 0 || 2096: 6467 7fbbeff000
           <...>-6516  [004] ...1  1530.755350: do_swap_page: id 4, table 0 || 2097: 6467 7fbbf00000
           <...>-6516  [004] ...1  1530.755364: do_swap_page: id 4, table 0 || 2098: 6467 7fbbee7000
           <...>-6516  [004] ...1  1530.755543: do_swap_page: id 4, table 0 || 2099: 6467 7fbbeee000
           <...>-6516  [004] ....  1530.755716: read_swap_cache_async: remote readpage 6467 "pool-7-thread-1" 7fbe24f000 5fa819
           <...>-6516  [004] ....  1530.755719: do_swap_page: prefetch fault 6467 "pool-7-thread-1" 7fbe24f000 5fa819
 .candycrushsaga-6467  [005] ...1  1530.756196: do_swap_page: id 4, table 0 || 2100: 6467 7e8c42c000
 .candycrushsaga-6467  [005] ....  1530.756271: read_swap_cache_async: remote readpage 6467 ".candycrushsaga" 7e8c42b000 5fe8da
 .candycrushsaga-6467  [005] ....  1530.756273: do_swap_page: prefetch fault 6467 ".candycrushsaga" 7e8c42b000 5fe8da
           <...>-6516  [004] ...1  1530.758225: do_swap_page: id 4, table 0 || 2101: 6467 7fbe24f000
           <...>-6516  [004] ....  1530.758326: read_swap_cache_async: remote readpage 6467 "pool-7-thread-1" 7f2d7dd000 5fa81b
           <...>-6516  [004] ....  1530.758328: do_swap_page: prefetch fault 6467 "pool-7-thread-1" 7f2d7dd000 5fa81b
 .candycrushsaga-6467  [005] ...1  1530.758573: do_swap_page: id 4, table 0 || 2102: 6467 7e8c42b000
 .candycrushsaga-6467  [005] ....  1530.758650: read_swap_cache_async: remote readpage 6467 ".candycrushsaga" 7e8c2bc000 5ee80d
 .candycrushsaga-6467  [005] ....  1530.758652: do_swap_page: prefetch fault 6467 ".candycrushsaga" 7e8c2bc000 5ee80d
           <...>-6516  [004] ...1  1530.760864: do_swap_page: id 4, table 0 || 2103: 6467 7f2d7dd000
           <...>-6516  [004] ...1  1530.760966: do_swap_page: id 4, table 0 || 2104: 6467 7e8beda000
 .candycrushsaga-6467  [005] ...1  1530.761068: do_swap_page: id 4, table 0 || 2105: 6467 7e8c2bc000
           <...>-6476  [006] ....  1530.761072: read_swap_cache_async: remote readpage 6467 "Jit thread pool" 7f2d636000 5fa81d
           <...>-6476  [006] ....  1530.761076: do_swap_page: prefetch fault 6467 "Jit thread pool" 7f2d636000 5fa81d
 .candycrushsaga-6467  [005] ...1  1530.761114: do_swap_page: id 4, table 0 || 2106: 6467 7ebcb6b000
           <...>-6516  [004] ...1  1530.761140: do_swap_page: id 4, table 0 || 2107: 6467 7f213c3000
 .candycrushsaga-6467  [005] ....  1530.761226: read_swap_cache_async: remote readpage 6467 ".candycrushsaga" 7f1f747000 5fe8bc
 .candycrushsaga-6467  [005] ....  1530.761228: do_swap_page: prefetch fault 6467 ".candycrushsaga" 7f1f747000 5fe8bc
           <...>-6516  [004] ...1  1530.761351: do_swap_page: id 4, table 0 || 2108: 6467 7fbe177000
           <...>-6516  [004] ...1  1530.761373: do_swap_page: id 4, table 0 || 2109: 6467 7ebcb97000
           <...>-6516  [004] ...1  1530.761602: do_swap_page: id 4, table 0 || 2110: 6467 7e8c101000
           <...>-6476  [006] ...1  1530.763504: do_swap_page: id 4, table 0 || 2111: 6467 7f2d636000
           <...>-6476  [006] ....  1530.763599: read_swap_cache_async: remote readpage 6467 "Jit thread pool" 7f2e957000 5fa826
           <...>-6476  [006] ....  1530.763601: do_swap_page: prefetch fault 6467 "Jit thread pool" 7f2e957000 5fa826
 .candycrushsaga-6467  [005] ...1  1530.763808: do_swap_page: id 4, table 0 || 2112: 6467 7f1f747000
 .candycrushsaga-6467  [005] ...1  1530.764311: do_swap_page: id 4, table 0 || 2113: 6467 7f28ac1000
 .candycrushsaga-6467  [005] ...1  1530.764352: do_swap_page: id 4, table 0 || 2114: 6467 7ec7407000
 .candycrushsaga-6467  [005] ....  1530.764487: read_swap_cache_async: remote readpage 6467 ".candycrushsaga" 7e8c4bd000 5fe8bd
 .candycrushsaga-6467  [005] ....  1530.764490: do_swap_page: prefetch fault 6467 ".candycrushsaga" 7e8c4bd000 5fe8bd
           <...>-6476  [006] ...1  1530.765885: do_swap_page: id 4, table 0 || 2115: 6467 7f2e957000
           <...>-6476  [006] ....  1530.766007: read_swap_cache_async: remote readpage 6467 "Jit thread pool" 7fbe0ad000 5fa82b
           <...>-6476  [006] ....  1530.766011: do_swap_page: prefetch fault 6467 "Jit thread pool" 7fbe0ad000 5fa82b
 .candycrushsaga-6467  [005] ...1  1530.766594: do_swap_page: id 4, table 0 || 2116: 6467 7e8c4bd000
 .candycrushsaga-6467  [005] ....  1530.766790: read_swap_cache_async: remote readpage 6467 ".candycrushsaga" 7f28e56000 5fe830
 .candycrushsaga-6467  [005] ....  1530.766793: do_swap_page: prefetch fault 6467 ".candycrushsaga" 7f28e56000 5fe830
           <...>-6476  [006] ...1  1530.768186: do_swap_page: id 4, table 0 || 2117: 6467 7fbe0ad000
           <...>-6476  [006] ....  1530.768319: read_swap_cache_async: remote readpage 6467 "Jit thread pool" 7fbe23f000 5fa832
           <...>-6476  [006] ....  1530.768322: do_swap_page: prefetch fault 6467 "Jit thread pool" 7fbe23f000 5fa832
 .candycrushsaga-6467  [005] ...1  1530.769651: do_swap_page: id 4, table 0 || 2118: 6467 7f28e56000
 .candycrushsaga-6467  [005] ...1  1530.769754: do_swap_page: id 4, table 0 || 2119: 6467 7e8c0ec000
 .candycrushsaga-6467  [005] ...1  1530.769786: do_swap_page: id 4, table 0 || 2120: 6467 7f3983e000
 .candycrushsaga-6467  [005] ...1  1530.769814: do_swap_page: id 4, table 0 || 2121: 6467 7f28d87000
 .candycrushsaga-6467  [005] ...1  1530.769840: do_swap_page: id 4, table 0 || 2122: 6467 7f28bca000
 .candycrushsaga-6467  [005] ....  1530.769948: read_swap_cache_async: remote readpage 6467 ".candycrushsaga" 7f28f6a000 4e28bd
           <...>-6476  [006] ...1  1530.771008: do_swap_page: id 4, table 0 || 2123: 6467 7fbe23f000
           <...>-6476  [006] ...1  1530.771050: do_swap_page: id 4, table 0 || 2124: 6467 7eb009e000
           <...>-6476  [006] ....  1530.771161: read_swap_cache_async: remote readpage 6467 "Jit thread pool" 7ead9e2000 60284d
           <...>-6476  [006] ....  1530.771164: do_swap_page: prefetch fault 6467 "Jit thread pool" 7ead9e2000 60284d
 .candycrushsaga-6467  [005] ...1  1530.772684: do_swap_page: id 4, table 0 || 2125: 6467 7f28f6a000
 .candycrushsaga-6467  [005] ...1  1530.773030: do_swap_page: id 4, table 0 || 2126: 6467 1411a000
 .candycrushsaga-6467  [005] ....  1530.773285: read_swap_cache_async: remote readpage 6467 ".candycrushsaga" 7ee402d000 5fe8c1
 .candycrushsaga-6467  [005] ....  1530.773290: do_swap_page: prefetch fault 6467 ".candycrushsaga" 7ee402d000 5fe8c1
           <...>-6476  [006] ...1  1530.773319: do_swap_page: id 4, table 0 || 2127: 6467 7ead9e2000
           <...>-6476  [006] ....  1530.773433: read_swap_cache_async: remote readpage 6467 "Jit thread pool" 7e9bbd7000 5ee89d
           <...>-6476  [006] ....  1530.773436: do_swap_page: prefetch fault 6467 "Jit thread pool" 7e9bbd7000 5ee89d
 .candycrushsaga-6467  [005] ...1  1530.776995: do_swap_page: id 4, table 0 || 2128: 6467 7ee402d000
 .candycrushsaga-6467  [005] ....  1530.777158: read_swap_cache_async: remote readpage 6467 ".candycrushsaga" 7e8bedc000 5fe8c2
 .candycrushsaga-6467  [005] ....  1530.777162: do_swap_page: prefetch fault 6467 ".candycrushsaga" 7e8bedc000 5fe8c2
           <...>-6476  [006] ...1  1530.777436: do_swap_page: id 4, table 0 || 2129: 6467 7e9bbd7000
           <...>-6476  [006] ....  1530.777584: read_swap_cache_async: remote readpage 6467 "Jit thread pool" 7fbe240000 60284e
           <...>-6476  [006] ....  1530.777587: do_swap_page: prefetch fault 6467 "Jit thread pool" 7fbe240000 60284e
 .candycrushsaga-6467  [005] ...1  1530.779657: do_swap_page: id 4, table 0 || 2130: 6467 7e8bedc000
 .candycrushsaga-6467  [005] ...1  1530.779699: do_swap_page: id 4, table 0 || 2131: 6467 7e8c030000
 .candycrushsaga-6467  [005] ....  1530.779856: read_swap_cache_async: remote readpage 6467 ".candycrushsaga" 7e8c1d1000 5fe8c3
 .candycrushsaga-6467  [005] ....  1530.779859: do_swap_page: prefetch fault 6467 ".candycrushsaga" 7e8c1d1000 5fe8c3
           <...>-6476  [006] ...1  1530.780133: do_swap_page: id 4, table 0 || 2132: 6467 7fbe240000
           <...>-6476  [006] ....  1530.780252: read_swap_cache_async: remote readpage 6467 "Jit thread pool" 7f2e956000 602850
           <...>-6476  [006] ....  1530.780256: do_swap_page: prefetch fault 6467 "Jit thread pool" 7f2e956000 602850
 .candycrushsaga-6467  [005] ...1  1530.781944: do_swap_page: id 4, table 0 || 2133: 6467 7e8c1d1000
 .candycrushsaga-6467  [005] ....  1530.782039: read_swap_cache_async: remote readpage 6467 ".candycrushsaga" 7e8bedd000 5fe8c4
 .candycrushsaga-6467  [005] ....  1530.782042: do_swap_page: prefetch fault 6467 ".candycrushsaga" 7e8bedd000 5fe8c4
           <...>-6476  [006] ...1  1530.782878: do_swap_page: id 4, table 0 || 2134: 6467 7f2e956000
           <...>-6476  [006] ....  1530.783358: read_swap_cache_async: remote readpage 6467 "Jit thread pool" 7e9bd6c000 602854
           <...>-6476  [006] ....  1530.783364: do_swap_page: prefetch fault 6467 "Jit thread pool" 7e9bd6c000 602854
 .candycrushsaga-6467  [005] ...1  1530.785309: do_swap_page: id 4, table 0 || 2135: 6467 7e8bedd000
 .candycrushsaga-6467  [005] ....  1530.785426: read_swap_cache_async: remote readpage 6467 ".candycrushsaga" 7e8be98000 5fe8c5
 .candycrushsaga-6467  [005] ....  1530.785430: do_swap_page: prefetch fault 6467 ".candycrushsaga" 7e8be98000 5fe8c5
           <...>-6476  [006] ...1  1530.786208: do_swap_page: id 4, table 0 || 2136: 6467 7e9bd6c000
           <...>-6476  [006] ....  1530.786588: read_swap_cache_async: remote readpage 6467 "Jit thread pool" 7fbe242000 602855
           <...>-6476  [006] ....  1530.786593: do_swap_page: prefetch fault 6467 "Jit thread pool" 7fbe242000 602855
 .candycrushsaga-6467  [005] ...1  1530.787830: do_swap_page: id 4, table 0 || 2137: 6467 7e8be98000
 .candycrushsaga-6467  [005] ....  1530.787922: read_swap_cache_async: remote readpage 6467 ".candycrushsaga" 7f28fa9000 5fe8c6
 .candycrushsaga-6467  [005] ....  1530.787925: do_swap_page: prefetch fault 6467 ".candycrushsaga" 7f28fa9000 5fe8c6
           <...>-6476  [006] ...1  1530.788657: do_swap_page: id 4, table 0 || 2138: 6467 7fbe242000
           <...>-6476  [006] ....  1530.788881: read_swap_cache_async: remote readpage 6467 "Jit thread pool" 7f2e955000 602856
           <...>-6476  [006] ....  1530.788885: do_swap_page: prefetch fault 6467 "Jit thread pool" 7f2e955000 602856
 .candycrushsaga-6467  [005] ...1  1530.790260: do_swap_page: id 4, table 0 || 2139: 6467 7f28fa9000
 .candycrushsaga-6467  [005] ...1  1530.790315: do_swap_page: id 4, table 0 || 2140: 6467 7e9bb09000
 .candycrushsaga-6467  [005] ....  1530.790436: read_swap_cache_async: remote readpage 6467 ".candycrushsaga" 7e8c1d2000 5fe8c7
 .candycrushsaga-6467  [005] ....  1530.790440: do_swap_page: prefetch fault 6467 ".candycrushsaga" 7e8c1d2000 5fe8c7
           <...>-6476  [006] ...1  1530.791336: do_swap_page: id 4, table 0 || 2141: 6467 7f2e955000
           <...>-6476  [006] ...1  1530.791450: do_swap_page: id 4, table 0 || 2142: 6467 7f2e954000
           <...>-6476  [006] ...1  1530.792118: do_swap_page: id 4, table 0 || 2143: 6467 7f2e953000
 .candycrushsaga-6467  [005] ...1  1530.793097: do_swap_page: id 4, table 0 || 2144: 6467 7e8c1d2000
 .candycrushsaga-6467  [005] ....  1530.793197: read_swap_cache_async: remote readpage 6467 ".candycrushsaga" 7ee402c000 5fe8c8
 .candycrushsaga-6467  [005] ....  1530.793200: do_swap_page: prefetch fault 6467 ".candycrushsaga" 7ee402c000 5fe8c8
           <...>-6476  [006] ....  1530.794349: read_swap_cache_async: remote readpage 6467 "Jit thread pool" 7eada57000 602859
           <...>-6476  [006] ....  1530.794357: do_swap_page: prefetch fault 6467 "Jit thread pool" 7eada57000 602859
 .candycrushsaga-6467  [005] ...1  1530.795296: do_swap_page: id 4, table 0 || 2145: 6467 7ee402c000
 .candycrushsaga-6467  [005] ....  1530.795394: read_swap_cache_async: remote readpage 6467 ".candycrushsaga" 7e8c244000 5fe8c9
 .candycrushsaga-6467  [005] ....  1530.795397: do_swap_page: prefetch fault 6467 ".candycrushsaga" 7e8c244000 5fe8c9
           <...>-6476  [006] ...1  1530.796614: do_swap_page: id 4, table 0 || 2146: 6467 7eada57000
           <...>-6476  [006] ...1  1530.796726: do_swap_page: id 4, table 0 || 2147: 6467 7ead9bb000
           <...>-6476  [006] ...1  1530.796777: do_swap_page: id 4, table 0 || 2148: 6467 7ebcb6a000
           <...>-6476  [006] ...1  1530.796914: do_swap_page: id 4, table 0 || 2149: 6467 7ead881000
           <...>-6476  [006] ...1  1530.797155: do_swap_page: id 4, table 0 || 2150: 6467 7e9bd9a000
           <...>-6476  [006] ...1  1530.797209: do_swap_page: id 4, table 0 || 2151: 6467 7ec7341000
           <...>-6476  [006] ....  1530.797527: read_swap_cache_async: remote readpage 6467 "Jit thread pool" 7eada6f000 60285c
           <...>-6476  [006] ....  1530.797532: do_swap_page: prefetch fault 6467 "Jit thread pool" 7eada6f000 60285c
 .candycrushsaga-6467  [005] ...1  1530.797574: do_swap_page: id 4, table 0 || 2152: 6467 7e8c244000
 .candycrushsaga-6467  [005] ....  1530.797597: read_swap_cache_async: remote readpage 6467 ".candycrushsaga" 7e8c245000 5fe8ca
 .candycrushsaga-6467  [005] ....  1530.797600: do_swap_page: prefetch fault 6467 ".candycrushsaga" 7e8c245000 5fe8ca
           <...>-6476  [006] ...1  1530.800357: do_swap_page: id 4, table 0 || 2153: 6467 7eada6f000
           <...>-6476  [006] ...1  1530.800620: do_swap_page: id 4, table 0 || 2154: 6467 7ec6efb000
           <...>-6476  [006] ...1  1530.800650: do_swap_page: id 4, table 0 || 2155: 6467 7e989d7000
 .candycrushsaga-6467  [005] ...1  1530.800703: do_swap_page: id 4, table 0 || 2156: 6467 7e8c245000
 .candycrushsaga-6467  [005] ....  1530.800739: read_swap_cache_async: remote readpage 6467 ".candycrushsaga" 7f3184d000 5fe857
 .candycrushsaga-6467  [005] ....  1530.800741: do_swap_page: prefetch fault 6467 ".candycrushsaga" 7f3184d000 5fe857
           <...>-6476  [006] ....  1530.800836: read_swap_cache_async: remote readpage 6467 "Jit thread pool" 7eada5e000 5fa897
           <...>-6476  [006] ....  1530.800841: do_swap_page: prefetch fault 6467 "Jit thread pool" 7eada5e000 5fa897
           <...>-6476  [006] ...1  1530.802967: do_swap_page: id 4, table 0 || 2157: 6467 7eada5e000
           <...>-6476  [006] ....  1530.803187: read_swap_cache_async: remote readpage 6467 "Jit thread pool" 7e9913d000 60285f
           <...>-6476  [006] ....  1530.803191: do_swap_page: prefetch fault 6467 "Jit thread pool" 7e9913d000 60285f
 .candycrushsaga-6467  [005] ...1  1530.803430: do_swap_page: id 4, table 0 || 2158: 6467 7f3184d000
 .candycrushsaga-6467  [005] ....  1530.803553: read_swap_cache_async: remote readpage 6467 ".candycrushsaga" 7ee4027000 5fe8cb
 .candycrushsaga-6467  [005] ....  1530.803556: do_swap_page: prefetch fault 6467 ".candycrushsaga" 7ee4027000 5fe8cb
           <...>-6476  [004] ...1  1530.805358: do_swap_page: id 4, table 0 || 2159: 6467 7e9913d000
           <...>-6476  [004] ....  1530.805542: read_swap_cache_async: remote readpage 6467 "Jit thread pool" 7e9913b000 5f2852
           <...>-6476  [004] ....  1530.805547: do_swap_page: prefetch fault 6467 "Jit thread pool" 7e9913b000 5f2852
 .candycrushsaga-6467  [005] ...1  1530.805761: do_swap_page: id 4, table 0 || 2160: 6467 7ee4027000
 .candycrushsaga-6467  [005] ...1  1530.805806: do_swap_page: id 4, table 0 || 2161: 6467 14166000
 .candycrushsaga-6467  [005] ....  1530.805900: read_swap_cache_async: remote readpage 6467 ".candycrushsaga" 7f29dbd000 5fe8cc
 .candycrushsaga-6467  [005] ....  1530.805903: do_swap_page: prefetch fault 6467 ".candycrushsaga" 7f29dbd000 5fe8cc
           <...>-6476  [004] ...1  1530.808069: do_swap_page: id 4, table 0 || 2162: 6467 7e9913b000
           <...>-6476  [004] ....  1530.808258: read_swap_cache_async: remote readpage 6467 "Jit thread pool" 7eaff9a000 602862
           <...>-6476  [004] ....  1530.808263: do_swap_page: prefetch fault 6467 "Jit thread pool" 7eaff9a000 602862
 .candycrushsaga-6467  [005] ...1  1530.808491: do_swap_page: id 4, table 0 || 2163: 6467 7f29dbd000
 .candycrushsaga-6467  [005] ....  1530.808599: read_swap_cache_async: remote readpage 6467 ".candycrushsaga" 7e8d1ac000 5fe8cd
 .candycrushsaga-6467  [005] ....  1530.808603: do_swap_page: prefetch fault 6467 ".candycrushsaga" 7e8d1ac000 5fe8cd
           <...>-6476  [004] ...1  1530.810651: do_swap_page: id 4, table 0 || 2164: 6467 7eaff9a000
           <...>-6476  [004] ....  1530.810780: read_swap_cache_async: remote readpage 6467 "Jit thread pool" 7eada59000 602865
           <...>-6476  [004] ....  1530.810784: do_swap_page: prefetch fault 6467 "Jit thread pool" 7eada59000 602865
 .candycrushsaga-6467  [005] ...1  1530.811359: do_swap_page: id 4, table 0 || 2165: 6467 7e8d1ac000
 .candycrushsaga-6467  [005] ....  1530.811455: read_swap_cache_async: remote readpage 6467 ".candycrushsaga" 7e8c1cf000 5fe8ce
 .candycrushsaga-6467  [005] ....  1530.811458: do_swap_page: prefetch fault 6467 ".candycrushsaga" 7e8c1cf000 5fe8ce
           <...>-6476  [004] ...1  1530.813032: do_swap_page: id 4, table 0 || 2166: 6467 7eada59000
           <...>-6476  [004] ....  1530.813231: read_swap_cache_async: remote readpage 6467 "Jit thread pool" 7eada55000 602868
           <...>-6476  [004] ....  1530.813235: do_swap_page: prefetch fault 6467 "Jit thread pool" 7eada55000 602868
 .candycrushsaga-6467  [005] ...1  1530.813532: do_swap_page: id 4, table 0 || 2167: 6467 7e8c1cf000
 .candycrushsaga-6467  [005] ....  1530.813631: read_swap_cache_async: remote readpage 6467 ".candycrushsaga" 7e8c23a000 5fe8cf
 .candycrushsaga-6467  [005] ....  1530.813634: do_swap_page: prefetch fault 6467 ".candycrushsaga" 7e8c23a000 5fe8cf
           <...>-6476  [004] ...1  1530.815955: do_swap_page: id 4, table 0 || 2168: 6467 7eada55000
           <...>-6476  [004] ...1  1530.816019: do_swap_page: id 4, table 0 || 2169: 6467 7ead882000
           <...>-6476  [004] ...1  1530.816063: do_swap_page: id 4, table 0 || 2170: 6467 7e9bb1a000
           <...>-6476  [004] ....  1530.816278: read_swap_cache_async: remote readpage 6467 "Jit thread pool" 7f2d8ab000 5fe885
           <...>-6476  [004] ....  1530.816282: do_swap_page: prefetch fault 6467 "Jit thread pool" 7f2d8ab000 5fe885
 .candycrushsaga-6467  [005] ...1  1530.816528: do_swap_page: id 4, table 0 || 2171: 6467 7e8c23a000
 .candycrushsaga-6467  [005] ...1  1530.816587: do_swap_page: id 4, table 0 || 2172: 6467 7e8bfbc000
 .candycrushsaga-6467  [005] ....  1530.816699: read_swap_cache_async: remote readpage 6467 ".candycrushsaga" 7e8c1cd000 5fe8d0
 .candycrushsaga-6467  [005] ....  1530.816703: do_swap_page: prefetch fault 6467 ".candycrushsaga" 7e8c1cd000 5fe8d0
           <...>-6476  [004] ...1  1530.818755: do_swap_page: id 4, table 0 || 2173: 6467 7f2d8ab000
           <...>-6476  [004] ...1  1530.818818: do_swap_page: id 4, table 0 || 2174: 6467 7e9bd8a000
           <...>-6476  [004] ...1  1530.818856: do_swap_page: id 4, table 0 || 2175: 6467 7eada5c000
           <...>-6476  [004] ...1  1530.818882: do_swap_page: id 4, table 0 || 2176: 6467 7ead925000
           <...>-6476  [004] ...1  1530.818906: do_swap_page: id 4, table 0 || 2177: 6467 7eada5f000
           <...>-6476  [004] ...1  1530.819001: do_swap_page: id 4, table 0 || 2178: 6467 7ebbf80000
 .candycrushsaga-6467  [005] ...1  1530.819299: do_swap_page: id 4, table 0 || 2179: 6467 7e8c1cd000
           <...>-6476  [004] ....  1530.819302: read_swap_cache_async: remote readpage 6467 "Jit thread pool" 7e9bbd5000 60286d
           <...>-6476  [004] ....  1530.819308: do_swap_page: prefetch fault 6467 "Jit thread pool" 7e9bbd5000 60286d
 .candycrushsaga-6467  [005] ....  1530.819439: read_swap_cache_async: remote readpage 6467 ".candycrushsaga" 7ec7483000 5fe8d1
 .candycrushsaga-6467  [005] ....  1530.819443: do_swap_page: prefetch fault 6467 ".candycrushsaga" 7ec7483000 5fe8d1
           <...>-6476  [004] ...1  1530.821643: do_swap_page: id 4, table 0 || 2180: 6467 7e9bbd5000
           <...>-6476  [004] ...1  1530.821692: do_swap_page: id 4, table 0 || 2181: 6467 7f2d6e8000
 .candycrushsaga-6467  [005] ...1  1530.821924: do_swap_page: id 4, table 0 || 2182: 6467 7ec7483000
           <...>-6476  [004] ....  1530.821927: read_swap_cache_async: remote readpage 6467 "Jit thread pool" 7fbe1b2000 5fa835
           <...>-6476  [004] ....  1530.821931: do_swap_page: prefetch fault 6467 "Jit thread pool" 7fbe1b2000 5fa835
 .candycrushsaga-6467  [005] ....  1530.822036: read_swap_cache_async: remote readpage 6467 ".candycrushsaga" 7e5274e000 5fe8d2
 .candycrushsaga-6467  [005] ....  1530.822040: do_swap_page: prefetch fault 6467 ".candycrushsaga" 7e5274e000 5fe8d2
           <...>-6476  [004] ...1  1530.875345: do_swap_page: id 4, table 0 || 2183: 6467 7fbe1b2000
 .candycrushsaga-6467  [005] ...1  1530.876242: do_swap_page: id 4, table 0 || 2184: 6467 7e5274e000
 .candycrushsaga-6467  [005] ....  1530.876515: read_swap_cache_async: remote readpage 6467 ".candycrushsaga" 7e52a6f000 5fe8d3
 .candycrushsaga-6467  [005] ....  1530.876520: do_swap_page: prefetch fault 6467 ".candycrushsaga" 7e52a6f000 5fe8d3
 .candycrushsaga-6467  [005] ...1  1530.879897: do_swap_page: id 4, table 0 || 2185: 6467 7e52a6f000
 .candycrushsaga-6467  [005] ....  1530.880047: read_swap_cache_async: remote readpage 6467 ".candycrushsaga" 7e8bf00000 5fe8d4
 .candycrushsaga-6467  [005] ....  1530.880051: do_swap_page: prefetch fault 6467 ".candycrushsaga" 7e8bf00000 5fe8d4
 .candycrushsaga-6467  [005] ...1  1530.882530: do_swap_page: id 4, table 0 || 2186: 6467 7e8bf00000
           <...>-6710  [004] ....  1530.882713: read_swap_cache_async: remote readpage 6467 "Chrome_IOThread" 7f28f92000 5fe8d5
           <...>-6710  [004] ....  1530.882718: do_swap_page: prefetch fault 6467 "Chrome_IOThread" 7f28f92000 5fe8d5
 .candycrushsaga-6467  [005] ....  1530.882847: read_swap_cache_async: remote readpage 6467 ".candycrushsaga" 7ee404c000 5fe8d6
 .candycrushsaga-6467  [005] ....  1530.882854: do_swap_page: prefetch fault 6467 ".candycrushsaga" 7ee404c000 5fe8d6
           <...>-6710  [004] ...1  1530.885414: do_swap_page: id 4, table 0 || 2187: 6467 7f28f92000
           <...>-6710  [004] ....  1530.885565: read_swap_cache_async: remote readpage 6467 "Chrome_IOThread" 7f28fa0000 5fe8d7
           <...>-6710  [004] ....  1530.885569: do_swap_page: prefetch fault 6467 "Chrome_IOThread" 7f28fa0000 5fe8d7
 .candycrushsaga-6467  [005] ...1  1530.885668: do_swap_page: id 4, table 0 || 2188: 6467 7ee404c000
 .candycrushsaga-6467  [005] ...1  1530.885709: do_swap_page: id 4, table 0 || 2189: 6467 7f28fc9000
 .candycrushsaga-6467  [005] ...1  1530.885769: do_swap_page: id 4, table 0 || 2190: 6467 14117000
 .candycrushsaga-6467  [005] ...1  1530.885845: do_swap_page: id 4, table 0 || 2191: 6467 7e8c198000
 .candycrushsaga-6467  [005] ...1  1530.885885: do_swap_page: id 4, table 0 || 2192: 6467 7ebcb26000
 .candycrushsaga-6467  [005] ....  1530.886053: read_swap_cache_async: remote readpage 6467 ".candycrushsaga" 7e8c042000 5fe8dc
 .candycrushsaga-6467  [005] ....  1530.886058: do_swap_page: prefetch fault 6467 ".candycrushsaga" 7e8c042000 5fe8dc
           <...>-6710  [004] ...1  1530.888214: do_swap_page: id 4, table 0 || 2193: 6467 7f28fa0000
           <...>-6710  [004] ....  1530.888378: read_swap_cache_async: remote readpage 6467 "Chrome_IOThread" 7e89d8f000 5fe8d9
           <...>-6710  [004] ....  1530.888382: do_swap_page: prefetch fault 6467 "Chrome_IOThread" 7e89d8f000 5fe8d9
 .candycrushsaga-6467  [005] ...1  1530.888663: do_swap_page: id 4, table 0 || 2194: 6467 7e8c042000
 .candycrushsaga-6467  [005] ....  1530.888763: read_swap_cache_async: remote readpage 6467 ".candycrushsaga" 7e8c388000 5fe8de
 .candycrushsaga-6467  [005] ....  1530.888767: do_swap_page: prefetch fault 6467 ".candycrushsaga" 7e8c388000 5fe8de
           <...>-6710  [004] ...1  1530.891002: do_swap_page: id 4, table 0 || 2195: 6467 7e89d8f000
           <...>-6710  [004] ....  1530.891162: read_swap_cache_async: remote readpage 6467 "Chrome_IOThread" 7e89d90000 5fe8db
           <...>-6710  [004] ....  1530.891166: do_swap_page: prefetch fault 6467 "Chrome_IOThread" 7e89d90000 5fe8db
 .candycrushsaga-6467  [005] ...1  1530.891728: do_swap_page: id 4, table 0 || 2196: 6467 7e8c388000
 .candycrushsaga-6467  [005] ....  1530.891817: read_swap_cache_async: remote readpage 6467 ".candycrushsaga" 7e8c36f000 5fe8df
 .candycrushsaga-6467  [005] ....  1530.891820: do_swap_page: prefetch fault 6467 ".candycrushsaga" 7e8c36f000 5fe8df
           <...>-6516  [004] ...1  1530.892228: do_swap_page: id 4, table 0 || 2197: 6467 7ec72ee000
           <...>-6516  [004] ...1  1530.893023: do_swap_page: id 4, table 0 || 2198: 6467 7ebcb25000
           <...>-6516  [004] ...1  1530.893106: do_swap_page: id 4, table 0 || 2199: 6467 7ec73cf000
           <...>-6516  [004] ...1  1530.893133: do_swap_page: id 4, table 0 || 2200: 6467 7ec73d0000
           <...>-6516  [004] ...1  1530.893185: do_swap_page: id 4, table 0 || 2201: 6467 7ebcb5e000
           <...>-6516  [004] ...1  1530.893211: do_swap_page: id 4, table 0 || 2202: 6467 7ec73d5000
           <...>-6516  [004] ...1  1530.893238: do_swap_page: id 4, table 0 || 2203: 6467 7ec73d6000
           <...>-6516  [004] ...1  1530.893313: do_swap_page: id 4, table 0 || 2204: 6467 7ec73fc000
           <...>-6516  [004] ...1  1530.893497: do_swap_page: id 4, table 0 || 2205: 6467 7269b000
           <...>-6516  [004] ...1  1530.893634: do_swap_page: id 4, table 0 || 2206: 6467 7fbbeea000
