           <...>-6355  [004] ...1  5573.873957: do_swap_page: prefetch miss 6355 ".candycrushsaga" 7eac4ac000 16106d
           <...>-6355  [004] ....  5573.873989: do_swap_page: prefetch fault 6355 ".candycrushsaga" 7eac4ad000 16106e
           <...>-6355  [004] ...1  5573.876359: do_swap_page: prefetch miss 6355 ".candycrushsaga" 7eac4ad000 16106e
           <...>-6355  [004] ....  5573.876411: do_swap_page: prefetch fault 6355 ".candycrushsaga" 7eac4ae000 16106f
           <...>-6355  [004] ...1  5573.878136: do_swap_page: prefetch miss 6355 ".candycrushsaga" 7eac4ae000 16106f
           <...>-6355  [004] ....  5573.878198: do_swap_page: prefetch fault 6355 ".candycrushsaga" 7eac4b6000 161070
           <...>-6355  [004] ...1  5573.879855: do_swap_page: prefetch miss 6355 ".candycrushsaga" 7eac4b6000 161070
           <...>-6355  [004] ....  5573.879895: do_swap_page: prefetch fault 6355 ".candycrushsaga" 7eac4b7000 161071
           <...>-6355  [004] ...1  5573.881541: do_swap_page: prefetch miss 6355 ".candycrushsaga" 7eac4b7000 161071
           <...>-6355  [004] ....  5573.881570: do_swap_page: prefetch fault 6355 ".candycrushsaga" 7eac4b8000 161072
           <...>-6355  [004] ...1  5573.883527: do_swap_page: prefetch miss 6355 ".candycrushsaga" 7eac4b8000 161072
           <...>-6355  [004] ....  5573.883584: do_swap_page: prefetch fault 6355 ".candycrushsaga" 7ec6461000 490c5
           <...>-6355  [004] ...1  5573.885425: do_swap_page: prefetch miss 6355 ".candycrushsaga" 7ec6461000 490c5
           <...>-6355  [004] ....  5573.885456: do_swap_page: prefetch fault 6355 ".candycrushsaga" 7ec6462000 161073
           <...>-6355  [004] ...1  5573.887548: do_swap_page: prefetch miss 6355 ".candycrushsaga" 7ec6462000 161073
           <...>-6355  [004] ....  5573.887579: do_swap_page: prefetch fault 6355 ".candycrushsaga" 7ec649d000 161074
           <...>-6355  [004] ...1  5573.889404: do_swap_page: prefetch miss 6355 ".candycrushsaga" 7ec649d000 161074
           <...>-6355  [004] ....  5573.889436: do_swap_page: prefetch fault 6355 ".candycrushsaga" 7ec649e000 161075
           <...>-6355  [004] ...1  5573.891531: do_swap_page: prefetch miss 6355 ".candycrushsaga" 7ec649e000 161075
           <...>-6395  [007] ....  5573.891711: do_swap_page: prefetch fault 6355 "RenderThread" 7f28fbd000 59063
           <...>-6395  [007] ...1  5573.895484: do_swap_page: prefetch miss 6355 "RenderThread" 7f28fbd000 59063
           <...>-6395  [007] ....  5573.895495: do_swap_page: prefetch fault 6355 "RenderThread" 7ec61fb000 59064
           <...>-6395  [007] ...1  5573.897256: do_swap_page: prefetch miss 6355 "RenderThread" 7ec61fb000 59064
           <...>-6395  [007] ....  5573.897263: do_swap_page: prefetch fault 6355 "RenderThread" 7ec61ff000 59065
           <...>-6395  [007] ...1  5573.900417: do_swap_page: prefetch miss 6355 "RenderThread" 7ec61ff000 59065
           <...>-6395  [007] ....  5573.900431: do_swap_page: prefetch fault 6355 "RenderThread" 7ec6441000 1d089
           <...>-6395  [007] ...1  5573.902633: do_swap_page: prefetch miss 6355 "RenderThread" 7ec6441000 1d089
           <...>-6395  [007] ....  5573.902639: do_swap_page: prefetch fault 6355 "RenderThread" 7ec61ea000 59066
           <...>-6395  [007] ...1  5573.904519: do_swap_page: prefetch miss 6355 "RenderThread" 7ec61ea000 59066
           <...>-6395  [007] ....  5573.904525: do_swap_page: prefetch fault 6355 "RenderThread" 7f28b8e000 59067
           <...>-6395  [007] ...1  5573.906733: do_swap_page: prefetch miss 6355 "RenderThread" 7f28b8e000 59067
           <...>-6395  [007] ....  5573.906740: do_swap_page: prefetch fault 6355 "RenderThread" 7f28bc6000 1d08c
           <...>-6395  [007] ...1  5573.909260: do_swap_page: prefetch miss 6355 "RenderThread" 7f28bc6000 1d08c
           <...>-6395  [007] ....  5573.909267: do_swap_page: prefetch fault 6355 "RenderThread" 7f28bc7000 59068
           <...>-6395  [007] ...1  5573.911079: do_swap_page: prefetch miss 6355 "RenderThread" 7f28bc7000 59068
           <...>-6395  [007] ....  5573.911089: do_swap_page: prefetch fault 6355 "RenderThread" 7ed1ab7000 59069
           <...>-6395  [007] ...1  5573.913277: do_swap_page: prefetch miss 6355 "RenderThread" 7ed1ab7000 59069
           <...>-6395  [007] ....  5573.913282: do_swap_page: prefetch fault 6355 "RenderThread" 7ed1ad6000 5906a
           <...>-6395  [007] ...1  5573.915145: do_swap_page: prefetch miss 6355 "RenderThread" 7ed1ad6000 5906a
           <...>-6395  [007] ....  5573.915150: do_swap_page: prefetch fault 6355 "RenderThread" 7ec6380000 1d090
           <...>-6395  [007] ...1  5573.917069: do_swap_page: prefetch miss 6355 "RenderThread" 7ec6380000 1d090
           <...>-6395  [007] ....  5573.917076: do_swap_page: prefetch fault 6355 "RenderThread" 7f28fb1000 16503c
           <...>-6395  [007] ...1  5573.918829: do_swap_page: prefetch miss 6355 "RenderThread" 7f28fb1000 16503c
           <...>-6395  [007] ....  5573.918837: do_swap_page: prefetch fault 6355 "RenderThread" 7f28edb000 16503d
           <...>-6395  [007] ...1  5573.920616: do_swap_page: prefetch miss 6355 "RenderThread" 7f28edb000 16503d
           <...>-6395  [007] ....  5573.920625: do_swap_page: prefetch fault 6355 "RenderThread" 7f28fb2000 161076
           <...>-6395  [007] ...1  5573.922422: do_swap_page: prefetch miss 6355 "RenderThread" 7f28fb2000 161076
           <...>-6395  [007] ....  5573.922426: do_swap_page: prefetch fault 6355 "RenderThread" 7f28edc000 5906b
           <...>-6395  [007] ...1  5573.924328: do_swap_page: prefetch miss 6355 "RenderThread" 7f28edc000 5906b
           <...>-6395  [007] ....  5573.924347: do_swap_page: prefetch fault 6355 "RenderThread" 7f28fe6000 5906c
    GLThread 445-6412  [006] ....  5573.925321: do_swap_page: prefetch fault 6355 "GLThread 445" 7eafdb6000 5906e
           <...>-6395  [007] ...1  5573.926018: do_swap_page: prefetch miss 6355 "RenderThread" 7f28fe6000 5906c
           <...>-6395  [007] ....  5573.926042: do_swap_page: prefetch fault 6355 "RenderThread" 7f28a93000 5906d
    GLThread 445-6412  [007] ...1  5573.926959: do_swap_page: prefetch miss 6355 "GLThread 445" 7eafdb6000 5906e
    GLThread 445-6412  [005] ....  5573.928502: do_swap_page: prefetch fault 6355 "GLThread 445" 7eaf5df000 159082
           <...>-6395  [007] ...1  5573.928554: do_swap_page: prefetch miss 6355 "RenderThread" 7f28a93000 5906d
           <...>-6395  [007] ....  5573.928572: do_swap_page: prefetch fault 6355 "RenderThread" 7f28b18000 5906f
    GLThread 445-6412  [005] ...1  5573.930627: do_swap_page: prefetch miss 6355 "GLThread 445" 7eaf5df000 159082
           <...>-6395  [007] ...1  5573.930695: do_swap_page: prefetch miss 6355 "RenderThread" 7f28b18000 5906f
           <...>-6416  [007] ....  5573.930865: do_swap_page: prefetch fault 6355 "hwuiTask1" 7f318bd000 59070
           <...>-6395  [007] ....  5573.931173: do_swap_page: prefetch fault 6355 "RenderThread" 7e84aa6000 59071
           <...>-6416  [007] ...1  5573.933526: do_swap_page: prefetch miss 6355 "hwuiTask1" 7f318bd000 59070
           <...>-6395  [007] ...1  5573.933713: do_swap_page: prefetch miss 6355 "RenderThread" 7e84aa6000 59071
           <...>-6395  [007] ....  5573.933721: do_swap_page: prefetch fault 6355 "RenderThread" 7e84b0b000 16503e
           <...>-6416  [007] ....  5573.933737: do_swap_page: prefetch fault 6355 "hwuiTask1" 7ec64a8000 15908a
           <...>-6416  [007] ...1  5573.935991: do_swap_page: prefetch miss 6355 "hwuiTask1" 7ec64a8000 15908a
           <...>-6416  [007] ....  5573.936021: do_swap_page: prefetch fault 6355 "hwuiTask1" 7eac0f7000 59084
           <...>-6395  [007] ...1  5573.936075: do_swap_page: prefetch miss 6355 "RenderThread" 7e84b0b000 16503e
           <...>-6395  [007] ....  5573.936108: do_swap_page: prefetch fault 6355 "RenderThread" 7ec8d17000 165040
           <...>-6416  [007] ...1  5573.938375: do_swap_page: prefetch miss 6355 "hwuiTask1" 7eac0f7000 59084
           <...>-6395  [007] ...1  5573.938524: do_swap_page: prefetch miss 6355 "RenderThread" 7ec8d17000 165040
           <...>-6395  [007] ....  5573.938535: do_swap_page: prefetch fault 6355 "RenderThread" 7ec8d18000 15907f
           <...>-630   [007] ....  5573.938560: do_swap_page: prefetch fault 602 "Binder:602_2" 7fbc964000 15d013
           <...>-630   [007] ...1  5573.940601: do_swap_page: prefetch miss 602 "Binder:602_2" 7fbc964000 15d013
           <...>-6395  [007] ...1  5573.940659: do_swap_page: prefetch miss 6355 "RenderThread" 7ec8d18000 15907f
           <...>-6395  [007] ....  5573.940668: do_swap_page: prefetch fault 6355 "RenderThread" 7ec8d19000 159080
           <...>-630   [007] ....  5573.940692: do_swap_page: prefetch fault 602 "Binder:602_2" 7fbc963000 102b
           <...>-630   [007] ...1  5573.942529: do_swap_page: prefetch miss 602 "Binder:602_2" 7fbc963000 102b
           <...>-6395  [007] ...1  5573.942614: do_swap_page: prefetch miss 6355 "RenderThread" 7ec8d19000 159080
           <...>-6395  [007] ....  5573.942630: do_swap_page: prefetch fault 6355 "RenderThread" 7ec8d16000 159081
           <...>-6395  [007] ...1  5573.944906: do_swap_page: prefetch miss 6355 "RenderThread" 7ec8d16000 159081
           <...>-6395  [007] ....  5573.944975: do_swap_page: prefetch fault 6355 "RenderThread" 7ec61e5000 159083
           <...>-6395  [007] ...1  5573.946818: do_swap_page: prefetch miss 6355 "RenderThread" 7ec61e5000 159083
           <...>-6395  [007] ....  5573.946855: do_swap_page: prefetch fault 6355 "RenderThread" 7ec61fc000 159084
           <...>-6395  [007] ...1  5573.948621: do_swap_page: prefetch miss 6355 "RenderThread" 7ec61fc000 159084
           <...>-6395  [007] ....  5573.948662: do_swap_page: prefetch fault 6355 "RenderThread" 7fbb31b000 1d09b
           <...>-6395  [007] ...1  5573.950456: do_swap_page: prefetch miss 6355 "RenderThread" 7fbb31b000 1d09b
           <...>-6395  [007] ....  5573.950477: do_swap_page: prefetch fault 6355 "RenderThread" 7ec61dc000 159087
           <...>-6395  [007] ...1  5573.952340: do_swap_page: prefetch miss 6355 "RenderThread" 7ec61dc000 159087
           <...>-6395  [007] ....  5573.952363: do_swap_page: prefetch fault 6355 "RenderThread" 7ec61dd000 159089
           <...>-6395  [007] ...1  5573.954425: do_swap_page: prefetch miss 6355 "RenderThread" 7ec61dd000 159089
           <...>-6395  [007] ....  5573.954450: do_swap_page: prefetch fault 6355 "RenderThread" 7ec64a9000 15908b
           <...>-6395  [007] ...1  5573.956327: do_swap_page: prefetch miss 6355 "RenderThread" 7ec64a9000 15908b
           <...>-6395  [007] ....  5573.956354: do_swap_page: prefetch fault 6355 "RenderThread" 7ec64c7000 15908c
           <...>-6395  [007] ...1  5573.958381: do_swap_page: prefetch miss 6355 "RenderThread" 7ec64c7000 15908c
           <...>-6395  [007] ....  5573.958401: do_swap_page: prefetch fault 6355 "RenderThread" 7ec8d15000 165041
           <...>-6395  [007] ...1  5573.960144: do_swap_page: prefetch miss 6355 "RenderThread" 7ec8d15000 165041
           <...>-6395  [007] ....  5573.960153: do_swap_page: prefetch fault 6355 "RenderThread" 7ec8d14000 165042
           <...>-6395  [007] ...1  5573.961950: do_swap_page: prefetch miss 6355 "RenderThread" 7ec8d14000 165042
           <...>-6395  [007] ....  5573.961959: do_swap_page: prefetch fault 6355 "RenderThread" 7ec8d13000 165043
    GLThread 445-6412  [005] ....  5573.962067: do_swap_page: prefetch fault 6355 "GLThread 445" 7e9ea75000 165047
           <...>-6395  [007] ...1  5573.963840: do_swap_page: prefetch miss 6355 "RenderThread" 7ec8d13000 165043
           <...>-6395  [007] ....  5573.963882: do_swap_page: prefetch fault 6355 "RenderThread" 7f28c64000 165044
    GLThread 445-6412  [005] ...1  5573.963952: do_swap_page: prefetch miss 6355 "GLThread 445" 7e9ea75000 165047
           <...>-6477  [005] ....  5573.964061: do_swap_page: prefetch fault 6355 "GLThread 445" 7eac0ea000 165048
           <...>-6395  [007] ...1  5573.966611: do_swap_page: prefetch miss 6355 "RenderThread" 7f28c64000 165044
           <...>-6395  [007] ....  5573.966625: do_swap_page: prefetch fault 6355 "RenderThread" 7ed1af8000 165045
           <...>-6477  [005] ...1  5573.966676: do_swap_page: prefetch miss 6355 "GLThread 445" 7eac0ea000 165048
           <...>-6477  [005] ....  5573.966690: do_swap_page: prefetch fault 6355 "GLThread 445" 7eac0eb000 16504a
           <...>-6395  [007] ...1  5573.968537: do_swap_page: prefetch miss 6355 "RenderThread" 7ed1af8000 165045
           <...>-6395  [007] ....  5573.968547: do_swap_page: prefetch fault 6355 "RenderThread" 7ed1af3000 165046
           <...>-6477  [005] ...1  5573.968692: do_swap_page: prefetch miss 6355 "GLThread 445" 7eac0eb000 16504a
           <...>-6477  [005] ....  5573.968775: do_swap_page: prefetch fault 6355 "GLThread 445" 7e84976000 55095
           <...>-6395  [007] ...1  5573.970598: do_swap_page: prefetch miss 6355 "RenderThread" 7ed1af3000 165046
           <...>-6395  [007] ....  5573.970616: do_swap_page: prefetch fault 6355 "RenderThread" 7f28d9d000 21044
           <...>-6477  [005] ...1  5573.970657: do_swap_page: prefetch miss 6355 "GLThread 445" 7e84976000 55095
           <...>-6477  [005] ....  5573.970713: do_swap_page: prefetch fault 6355 "GLThread 445" 7eac395000 4d0ab
           <...>-6395  [007] ...1  5573.972497: do_swap_page: prefetch miss 6355 "RenderThread" 7f28d9d000 21044
           <...>-6395  [007] ....  5573.972507: do_swap_page: prefetch fault 6355 "RenderThread" 7f28d9e000 21045
           <...>-6477  [005] ...1  5573.972581: do_swap_page: prefetch miss 6355 "GLThread 445" 7eac395000 4d0ab
           <...>-6477  [005] ....  5573.972632: do_swap_page: prefetch fault 6355 "GLThread 445" 7eacb5f000 159090
           <...>-6395  [007] ...1  5573.974447: do_swap_page: prefetch miss 6355 "RenderThread" 7f28d9e000 21045
           <...>-6395  [007] ....  5573.974466: do_swap_page: prefetch fault 6355 "RenderThread" 7e92438000 16503f
           <...>-6477  [005] ...1  5573.974511: do_swap_page: prefetch miss 6355 "GLThread 445" 7eacb5f000 159090
           <...>-6477  [005] ....  5573.974562: do_swap_page: prefetch fault 6355 "GLThread 445" 7eac0ec000 159091
           <...>-6395  [007] ...1  5573.976569: do_swap_page: prefetch miss 6355 "RenderThread" 7e92438000 16503f
           <...>-6477  [005] ...1  5573.976651: do_swap_page: prefetch miss 6355 "GLThread 445" 7eac0ec000 159091
           <...>-6395  [007] ....  5573.976716: do_swap_page: prefetch fault 6355 "RenderThread" 7f28fe2000 165049
           <...>-6477  [005] ....  5573.976887: do_swap_page: prefetch fault 6355 "GLThread 445" 7eac4a0000 1650a3
           <...>-6395  [007] ...1  5573.978562: do_swap_page: prefetch miss 6355 "RenderThread" 7f28fe2000 165049
           <...>-6395  [007] ....  5573.978571: do_swap_page: prefetch fault 6355 "RenderThread" 7ec6497000 15908d
           <...>-6477  [005] ...1  5573.978701: do_swap_page: prefetch miss 6355 "GLThread 445" 7eac4a0000 1650a3
           <...>-6477  [005] ....  5573.978765: do_swap_page: prefetch fault 6355 "GLThread 445" 7eafc8a000 159093
           <...>-6395  [007] ...1  5573.980501: do_swap_page: prefetch miss 6355 "RenderThread" 7ec6497000 15908d
           <...>-6395  [007] ....  5573.980513: do_swap_page: prefetch fault 6355 "RenderThread" 7ec6496000 15908f
           <...>-6477  [005] ...1  5573.980573: do_swap_page: prefetch miss 6355 "GLThread 445" 7eafc8a000 159093
           <...>-6477  [005] ....  5573.980608: do_swap_page: prefetch fault 6355 "GLThread 445" 7eafc89000 159095
           <...>-6395  [007] ...1  5573.982440: do_swap_page: prefetch miss 6355 "RenderThread" 7ec6496000 15908f
           <...>-6395  [007] ....  5573.982454: do_swap_page: prefetch fault 6355 "RenderThread" 7f28f65000 510ae
           <...>-6477  [005] ...1  5573.982492: do_swap_page: prefetch miss 6355 "GLThread 445" 7eafc89000 159095
           <...>-6477  [005] ....  5573.982535: do_swap_page: prefetch fault 6355 "GLThread 445" 7eafc88000 159097
           <...>-6395  [007] ...1  5573.984279: do_swap_page: prefetch miss 6355 "RenderThread" 7f28f65000 510ae
           <...>-6395  [007] ....  5573.984289: do_swap_page: prefetch fault 6355 "RenderThread" 7f28f66000 2104a
           <...>-6477  [005] ...1  5573.984368: do_swap_page: prefetch miss 6355 "GLThread 445" 7eafc88000 159097
           <...>-6477  [005] ....  5573.984397: do_swap_page: prefetch fault 6355 "GLThread 445" 7ed1b20000 161077
           <...>-6395  [007] ...1  5573.986067: do_swap_page: prefetch miss 6355 "RenderThread" 7f28f66000 2104a
           <...>-6395  [007] ....  5573.986075: do_swap_page: prefetch fault 6355 "RenderThread" 7ec6207000 159092
           <...>-6477  [005] ...1  5573.986159: do_swap_page: prefetch miss 6355 "GLThread 445" 7ed1b20000 161077
           <...>-6477  [005] ....  5573.986207: do_swap_page: prefetch fault 6355 "GLThread 445" 7eac6d6000 161079
           <...>-6395  [007] ...1  5573.988115: do_swap_page: prefetch miss 6355 "RenderThread" 7ec6207000 159092
           <...>-6395  [007] ....  5573.988127: do_swap_page: prefetch fault 6355 "RenderThread" 7f28fe3000 159094
           <...>-6477  [005] ...1  5573.988206: do_swap_page: prefetch miss 6355 "GLThread 445" 7eac6d6000 161079
           <...>-6477  [005] ....  5573.988286: do_swap_page: prefetch fault 6355 "GLThread 445" 7eacb5e000 16107b
           <...>-6395  [007] ...1  5573.990295: do_swap_page: prefetch miss 6355 "RenderThread" 7f28fe3000 159094
           <...>-6395  [007] ....  5573.990309: do_swap_page: prefetch fault 6355 "RenderThread" 7ec61db000 159096
           <...>-6477  [005] ...1  5573.990403: do_swap_page: prefetch miss 6355 "GLThread 445" 7eacb5e000 16107b
           <...>-6477  [005] ....  5573.990457: do_swap_page: prefetch fault 6355 "GLThread 445" 7eac2a2000 16107d
           <...>-6395  [007] ...1  5573.992072: do_swap_page: prefetch miss 6355 "RenderThread" 7ec61db000 159096
           <...>-6395  [007] ....  5573.992080: do_swap_page: prefetch fault 6355 "RenderThread" 7f28eda000 159098
           <...>-6477  [005] ...1  5573.992133: do_swap_page: prefetch miss 6355 "GLThread 445" 7eac2a2000 16107d
           <...>-6477  [005] ....  5573.992173: do_swap_page: prefetch fault 6355 "GLThread 445" 7eb0288000 4905a
           <...>-6395  [007] ...1  5573.994020: do_swap_page: prefetch miss 6355 "RenderThread" 7f28eda000 159098
           <...>-6395  [007] ....  5573.994033: do_swap_page: prefetch fault 6355 "RenderThread" 7ed1b24000 161078
           <...>-6477  [005] ...1  5573.994076: do_swap_page: prefetch miss 6355 "GLThread 445" 7eb0288000 4905a
           <...>-6477  [005] ....  5573.994146: do_swap_page: prefetch fault 6355 "GLThread 445" 7e9241a000 161080
           <...>-6395  [007] ...1  5573.996130: do_swap_page: prefetch miss 6355 "RenderThread" 7ed1b24000 161078
           <...>-6395  [007] ....  5573.996141: do_swap_page: prefetch fault 6355 "RenderThread" 7ed1b23000 16107a
           <...>-6477  [005] ...1  5573.996199: do_swap_page: prefetch miss 6355 "GLThread 445" 7e9241a000 161080
           <...>-27600 [000] ....  5573.997068: do_swap_page: prefetch fault 790 "netd" 7fbcd23000 55053
           <...>-6477  [005] ....  5573.997522: do_swap_page: prefetch fault 6355 "GLThread 445" 7eafdb9000 161081
           <...>-6395  [007] ...1  5573.998622: do_swap_page: prefetch miss 6355 "RenderThread" 7ed1b23000 16107a
           <...>-6395  [007] ....  5573.998632: do_swap_page: prefetch fault 6355 "RenderThread" 7ec6498000 16107c
           <...>-27600 [000] ...1  5574.000606: do_swap_page: prefetch miss 790 "netd" 7fbcd23000 55053
           <...>-6477  [005] ...1  5574.000614: do_swap_page: prefetch miss 6355 "GLThread 445" 7eafdb9000 161081
           <...>-6395  [007] ...1  5574.000628: do_swap_page: prefetch miss 6355 "RenderThread" 7ec6498000 16107c
           <...>-6477  [005] ....  5574.000655: do_swap_page: prefetch fault 6355 "GLThread 445" 7f28c4a000 490cb
           <...>-6395  [007] ....  5574.000656: do_swap_page: prefetch fault 6355 "RenderThread" 7f28fb3000 21054
           <...>-6477  [005] ...1  5574.002828: do_swap_page: prefetch miss 6355 "GLThread 445" 7f28c4a000 490cb
           <...>-6395  [007] ...1  5574.002847: do_swap_page: prefetch miss 6355 "RenderThread" 7f28fb3000 21054
           <...>-6395  [007] ....  5574.002860: do_swap_page: prefetch fault 6355 "RenderThread" 7ec61fe000 16107e
           <...>-6395  [007] ...1  5574.004457: do_swap_page: prefetch miss 6355 "RenderThread" 7ec61fe000 16107e
           <...>-6395  [007] ....  5574.004466: do_swap_page: prefetch fault 6355 "RenderThread" 7ec6499000 1909a
           <...>-6395  [007] ...1  5574.006178: do_swap_page: prefetch miss 6355 "RenderThread" 7ec6499000 1909a
           <...>-6395  [007] ....  5574.006185: do_swap_page: prefetch fault 6355 "RenderThread" 7ed1b09000 1909b
           <...>-6395  [007] ...1  5574.008102: do_swap_page: prefetch miss 6355 "RenderThread" 7ed1b09000 1909b
           <...>-6395  [007] ....  5574.008119: do_swap_page: prefetch fault 6355 "RenderThread" 7ec6445000 161082
           <...>-6395  [007] ...1  5574.009788: do_swap_page: prefetch miss 6355 "RenderThread" 7ec6445000 161082
           <...>-6395  [007] ....  5574.009796: do_swap_page: prefetch fault 6355 "RenderThread" 7f28ed4000 1909d
           <...>-6395  [007] ...1  5574.011620: do_swap_page: prefetch miss 6355 "RenderThread" 7f28ed4000 1909d
           <...>-6395  [007] ....  5574.011628: do_swap_page: prefetch fault 6355 "RenderThread" 7ec649a000 161083
           <...>-6395  [007] ...1  5574.013278: do_swap_page: prefetch miss 6355 "RenderThread" 7ec649a000 161083
           <...>-6395  [007] ....  5574.013314: do_swap_page: prefetch fault 6355 "RenderThread" 7ec6444000 161084
           <...>-6395  [007] ...1  5574.014935: do_swap_page: prefetch miss 6355 "RenderThread" 7ec6444000 161084
           <...>-6395  [007] ....  5574.014946: do_swap_page: prefetch fault 6355 "RenderThread" 7ec6200000 161085
           <...>-6395  [007] ...1  5574.016571: do_swap_page: prefetch miss 6355 "RenderThread" 7ec6200000 161085
           <...>-6395  [007] ....  5574.016582: do_swap_page: prefetch fault 6355 "RenderThread" 7ec61ed000 1d09f
           <...>-6395  [007] ...1  5574.018518: do_swap_page: prefetch miss 6355 "RenderThread" 7ec61ed000 1d09f
           <...>-6395  [007] ....  5574.018524: do_swap_page: prefetch fault 6355 "RenderThread" 7ec6455000 161086
           <...>-6395  [007] ...1  5574.020054: do_swap_page: prefetch miss 6355 "RenderThread" 7ec6455000 161086
           <...>-6395  [007] ....  5574.020152: do_swap_page: prefetch fault 6355 "RenderThread" 7ed1b21000 1d0a1
           <...>-6395  [007] ...1  5574.021938: do_swap_page: prefetch miss 6355 "RenderThread" 7ed1b21000 1d0a1
           <...>-6395  [007] ....  5574.021953: do_swap_page: prefetch fault 6355 "RenderThread" 7ed1b22000 161087
           <...>-6395  [007] ...1  5574.023680: do_swap_page: prefetch miss 6355 "RenderThread" 7ed1b22000 161087
           <...>-6395  [007] ....  5574.023691: do_swap_page: prefetch fault 6355 "RenderThread" 7ec61e8000 161088
           <...>-6395  [007] ...1  5574.025525: do_swap_page: prefetch miss 6355 "RenderThread" 7ec61e8000 161088
           <...>-6395  [007] ....  5574.025550: do_swap_page: prefetch fault 6355 "RenderThread" 7f28df5000 161089
           <...>-6395  [007] ...1  5574.027565: do_swap_page: prefetch miss 6355 "RenderThread" 7f28df5000 161089
           <...>-6395  [007] ....  5574.027573: do_swap_page: prefetch fault 6355 "RenderThread" 7f28fe4000 110ff
           <...>-6395  [007] ...1  5574.029392: do_swap_page: prefetch miss 6355 "RenderThread" 7f28fe4000 110ff
           <...>-6395  [007] ....  5574.029439: do_swap_page: prefetch fault 6355 "RenderThread" 7ec61f2000 16108a
           <...>-6395  [007] ...1  5574.031046: do_swap_page: prefetch miss 6355 "RenderThread" 7ec61f2000 16108a
           <...>-6395  [007] ....  5574.031246: do_swap_page: prefetch fault 6355 "RenderThread" 7f28de2000 16108b
           <...>-6395  [007] ...1  5574.034968: do_swap_page: prefetch miss 6355 "RenderThread" 7f28de2000 16108b
           <...>-6395  [007] ....  5574.035003: do_swap_page: prefetch fault 6355 "RenderThread" 7f28de3000 16108c
           <...>-6395  [007] ...1  5574.036543: do_swap_page: prefetch miss 6355 "RenderThread" 7f28de3000 16108c
           <...>-6395  [007] ....  5574.036653: do_swap_page: prefetch fault 6355 "RenderThread" 7eac163000 16108d
           <...>-6395  [007] ...1  5574.038444: do_swap_page: prefetch miss 6355 "RenderThread" 7eac163000 16108d
           <...>-6395  [007] ....  5574.038494: do_swap_page: prefetch fault 6355 "RenderThread" 7fbba78000 16108e
           <...>-6395  [007] ...1  5574.040207: do_swap_page: prefetch miss 6355 "RenderThread" 7fbba78000 16108e
           <...>-6355  [007] ....  5574.040319: do_swap_page: prefetch fault 6355 ".candycrushsaga" 9f13d000 25002
           <...>-6355  [007] ...1  5574.042063: do_swap_page: prefetch miss 6355 ".candycrushsaga" 9f13d000 25002
           <...>-6355  [007] ....  5574.042070: do_swap_page: prefetch fault 6355 ".candycrushsaga" 9f0ef000 25003
           <...>-6355  [007] ...1  5574.043975: do_swap_page: prefetch miss 6355 ".candycrushsaga" 9f0ef000 25003
   Binder:1344_D-3793  [006] ....  5574.044414: do_swap_page: prefetch fault 1344 "Binder:1344_D" 7f206b9000 25005
   Binder:1344_D-3793  [006] ...1  5574.046299: do_swap_page: prefetch miss 1344 "Binder:1344_D" 7f206b9000 25005
   Binder:1344_D-3793  [006] ....  5574.046360: do_swap_page: prefetch fault 1344 "Binder:1344_D" 9f15c000 25006
           <...>-27597 [007] ....  5574.048430: do_swap_page: prefetch fault 6355 "pool-11-thread-" 9f0e8000 4d0bc
   Binder:1344_D-3793  [006] ...1  5574.048483: do_swap_page: prefetch miss 1344 "Binder:1344_D" 9f15c000 25006
           <...>-6355  [006] ....  5574.048595: do_swap_page: prefetch fault 6355 ".candycrushsaga" 7ec649f000 16108f
           <...>-27597 [007] ...1  5574.050280: do_swap_page: prefetch miss 6355 "pool-11-thread-" 9f0e8000 4d0bc
           <...>-27597 [007] ....  5574.050319: do_swap_page: prefetch fault 6355 "pool-11-thread-" 7fbe5d6000 510a4
           <...>-6355  [006] ...1  5574.050368: do_swap_page: prefetch miss 6355 ".candycrushsaga" 7ec649f000 16108f
   Binder:1344_D-3793  [006] ....  5574.050545: do_swap_page: prefetch fault 1344 "Binder:1344_D" 7ed1734000 1d0a5
           <...>-27597 [007] ...1  5574.052216: do_swap_page: prefetch miss 6355 "pool-11-thread-" 7fbe5d6000 510a4
           <...>-27597 [007] ....  5574.052239: do_swap_page: prefetch fault 6355 "pool-11-thread-" 7fbded4000 165058
   Binder:1344_D-3793  [006] ...1  5574.052294: do_swap_page: prefetch miss 1344 "Binder:1344_D" 7ed1734000 1d0a5
   Binder:1344_D-3793  [006] ....  5574.052378: do_swap_page: prefetch fault 1344 "Binder:1344_D" 7f206ba000 161090
           <...>-27597 [007] ...1  5574.054090: do_swap_page: prefetch miss 6355 "pool-11-thread-" 7fbded4000 165058
           <...>-27597 [007] ....  5574.054147: do_swap_page: prefetch fault 6355 "pool-11-thread-" 7f28ece000 510a6
   Binder:1344_D-3793  [006] ...1  5574.054185: do_swap_page: prefetch miss 1344 "Binder:1344_D" 7f206ba000 161090
           <...>-6355  [006] ....  5574.054438: do_swap_page: prefetch fault 6355 ".candycrushsaga" 7fbc83f000 161091
           <...>-27597 [007] ...1  5574.056017: do_swap_page: prefetch miss 6355 "pool-11-thread-" 7f28ece000 510a6
           <...>-6355  [006] ...1  5574.056635: do_swap_page: prefetch miss 6355 ".candycrushsaga" 7fbc83f000 161091
           <...>-6355  [006] ....  5574.057356: do_swap_page: prefetch fault 6355 ".candycrushsaga" 7fbe24f000 59043
           <...>-6355  [004] ...1  5574.058990: do_swap_page: prefetch miss 6355 ".candycrushsaga" 7fbe24f000 59043
           <...>-6355  [004] ....  5574.059044: do_swap_page: prefetch fault 6355 ".candycrushsaga" 7f28c29000 59044
           <...>-6355  [004] ...1  5574.060715: do_swap_page: prefetch miss 6355 ".candycrushsaga" 7f28c29000 59044
           <...>-6361  [007] ....  5574.060738: do_swap_page: prefetch fault 6355 "Jit thread pool" 7f2d600000 59045
           <...>-6355  [005] ....  5574.062040: do_swap_page: prefetch fault 6355 ".candycrushsaga" 7fbe2df000 161092
           <...>-6361  [007] ...1  5574.062899: do_swap_page: prefetch miss 6355 "Jit thread pool" 7f2d600000 59045
           <...>-6361  [007] ....  5574.062917: do_swap_page: prefetch fault 6355 "Jit thread pool" 7f2ea1d000 490dc
           <...>-6355  [004] ...1  5574.063562: do_swap_page: prefetch miss 6355 ".candycrushsaga" 7fbe2df000 161092
           <...>-1247  [006] ....  5574.063633: do_swap_page: prefetch fault 910 "Binder:910_1" f352c000 161093
           <...>-6361  [007] ...1  5574.064605: do_swap_page: prefetch miss 6355 "Jit thread pool" 7f2ea1d000 490dc
           <...>-6361  [007] ....  5574.064613: do_swap_page: prefetch fault 6355 "Jit thread pool" 7fbe0ad000 4d014
           <...>-1247  [006] ...1  5574.065376: do_swap_page: prefetch miss 910 "Binder:910_1" f352c000 161093
           <...>-1247  [006] ....  5574.065402: do_swap_page: prefetch fault 910 "Binder:910_1" f713e000 16504b
           <...>-6361  [007] ...1  5574.066373: do_swap_page: prefetch miss 6355 "Jit thread pool" 7fbe0ad000 4d014
           <...>-6361  [007] ....  5574.066393: do_swap_page: prefetch fault 6355 "Jit thread pool" 7f28c21000 5509f
           <...>-1247  [006] ...1  5574.067071: do_swap_page: prefetch miss 910 "Binder:910_1" f713e000 16504b
           <...>-1247  [006] ....  5574.067080: do_swap_page: prefetch fault 910 "Binder:910_1" f7a4a000 16504c
           <...>-6361  [007] ...1  5574.068038: do_swap_page: prefetch miss 6355 "Jit thread pool" 7f28c21000 5509f
           <...>-6361  [007] ....  5574.068049: do_swap_page: prefetch fault 6355 "Jit thread pool" 7fbe315000 550a0
           <...>-1247  [006] ...1  5574.069329: do_swap_page: prefetch miss 910 "Binder:910_1" f7a4a000 16504c
           <...>-1247  [006] ....  5574.069338: do_swap_page: prefetch fault 910 "Binder:910_1" f3501000 16504d
           <...>-6361  [007] ...1  5574.069353: do_swap_page: prefetch miss 6355 "Jit thread pool" 7fbe315000 550a0
           <...>-6361  [007] ....  5574.069359: do_swap_page: prefetch fault 6355 "Jit thread pool" 7fbe1b2000 550a2
           <...>-6361  [007] ...1  5574.071246: do_swap_page: prefetch miss 6355 "Jit thread pool" 7fbe1b2000 550a2
           <...>-1247  [006] ...1  5574.071285: do_swap_page: prefetch miss 910 "Binder:910_1" f3501000 16504d
           <...>-1247  [006] ....  5574.071298: do_swap_page: prefetch fault 910 "Binder:910_1" f3582000 16504e
           <...>-1247  [006] ...1  5574.073176: do_swap_page: prefetch miss 910 "Binder:910_1" f3582000 16504e
           <...>-1247  [006] ....  5574.073192: do_swap_page: prefetch fault 910 "Binder:910_1" f3502000 16504f
           <...>-1247  [006] ...1  5574.075111: do_swap_page: prefetch miss 910 "Binder:910_1" f3502000 16504f
           <...>-1247  [006] ....  5574.075116: do_swap_page: prefetch fault 910 "Binder:910_1" f3505000 165050
           <...>-1247  [006] ...1  5574.077137: do_swap_page: prefetch miss 910 "Binder:910_1" f3505000 165050
           <...>-1247  [006] ....  5574.077157: do_swap_page: prefetch fault 910 "Binder:910_1" f72e8000 165051
           <...>-1247  [006] ...1  5574.078860: do_swap_page: prefetch miss 910 "Binder:910_1" f72e8000 165051
           <...>-1247  [006] ....  5574.078867: do_swap_page: prefetch fault 910 "Binder:910_1" f7a05000 165052
           <...>-1247  [006] ...1  5574.080827: do_swap_page: prefetch miss 910 "Binder:910_1" f7a05000 165052
           <...>-1247  [006] ....  5574.080840: do_swap_page: prefetch fault 910 "Binder:910_1" f7a5c000 165053
           <...>-1247  [006] ...1  5574.082518: do_swap_page: prefetch miss 910 "Binder:910_1" f7a5c000 165053
           <...>-1247  [006] ....  5574.082554: do_swap_page: prefetch fault 910 "Binder:910_1" f7141000 d083
           <...>-1247  [006] ...1  5574.084144: do_swap_page: prefetch miss 910 "Binder:910_1" f7141000 d083
           <...>-1247  [006] ....  5574.084157: do_swap_page: prefetch fault 910 "Binder:910_1" f7a09000 165054
           <...>-1247  [006] ...1  5574.086169: do_swap_page: prefetch miss 910 "Binder:910_1" f7a09000 165054
           <...>-1247  [006] ....  5574.086185: do_swap_page: prefetch fault 910 "Binder:910_1" f3531000 165055
           <...>-1247  [006] ...1  5574.088046: do_swap_page: prefetch miss 910 "Binder:910_1" f3531000 165055
           <...>-1247  [006] ....  5574.088055: do_swap_page: prefetch fault 910 "Binder:910_1" f5d55000 d087
           <...>-1247  [006] ...1  5574.089981: do_swap_page: prefetch miss 910 "Binder:910_1" f5d55000 d087
           <...>-1247  [006] ....  5574.089987: do_swap_page: prefetch fault 910 "Binder:910_1" f7a14000 d088
           <...>-1247  [006] ...1  5574.091678: do_swap_page: prefetch miss 910 "Binder:910_1" f7a14000 d088
           <...>-1247  [006] ....  5574.091722: do_swap_page: prefetch fault 910 "Binder:910_1" f7b09000 59072
           <...>-1247  [006] ...1  5574.099793: do_swap_page: prefetch miss 910 "Binder:910_1" f7b09000 59072
           <...>-1247  [006] ....  5574.099821: do_swap_page: prefetch fault 910 "Binder:910_1" f7b00000 59073
           <...>-1247  [006] ...1  5574.102225: do_swap_page: prefetch miss 910 "Binder:910_1" f7b00000 59073
           <...>-1247  [006] ....  5574.102286: do_swap_page: prefetch fault 910 "Binder:910_1" f7a10000 59074
           <...>-1247  [006] ...1  5574.105085: do_swap_page: prefetch miss 910 "Binder:910_1" f7a10000 59074
           <...>-1247  [006] ....  5574.105118: do_swap_page: prefetch fault 910 "Binder:910_1" f3554000 1590ae
           <...>-1247  [006] ...1  5574.106958: do_swap_page: prefetch miss 910 "Binder:910_1" f3554000 1590ae
           <...>-1247  [006] ....  5574.106986: do_swap_page: prefetch fault 910 "Binder:910_1" f3584000 16109d
           <...>-1247  [006] ...1  5574.108731: do_swap_page: prefetch miss 910 "Binder:910_1" f3584000 16109d
           <...>-1247  [006] ....  5574.108757: do_swap_page: prefetch fault 910 "Binder:910_1" f3500000 165056
           <...>-1247  [006] ...1  5574.110333: do_swap_page: prefetch miss 910 "Binder:910_1" f3500000 165056
           <...>-1247  [006] ....  5574.110359: do_swap_page: prefetch fault 910 "Binder:910_1" f5af6000 d08f
           <...>-1247  [006] ...1  5574.112534: do_swap_page: prefetch miss 910 "Binder:910_1" f5af6000 d08f
           <...>-1247  [006] ....  5574.112579: do_swap_page: prefetch fault 910 "Binder:910_1" f7a06000 165057
           <...>-1247  [006] ...1  5574.114261: do_swap_page: prefetch miss 910 "Binder:910_1" f7a06000 165057
           <...>-1247  [006] ....  5574.114306: do_swap_page: prefetch fault 910 "Binder:910_1" f7a23000 161096
           <...>-1247  [006] ...1  5574.116126: do_swap_page: prefetch miss 910 "Binder:910_1" f7a23000 161096
           <...>-1247  [006] ....  5574.116227: do_swap_page: prefetch fault 910 "Binder:910_1" f354b000 16505c
           <...>-1247  [006] ...1  5574.118321: do_swap_page: prefetch miss 910 "Binder:910_1" f354b000 16505c
           <...>-1247  [006] ....  5574.118434: do_swap_page: prefetch fault 910 "Binder:910_1" f7b08000 16505d
    Binder:910_5-3580  [006] ....  5574.118529: do_swap_page: prefetch fault 910 "Binder:910_5" f2df1000 159099
           <...>-1247  [006] ...1  5574.120186: do_swap_page: prefetch miss 910 "Binder:910_1" f7b08000 16505d
    Binder:910_5-3580  [006] ...1  5574.120203: do_swap_page: prefetch miss 910 "Binder:910_5" f2df1000 159099
    Binder:910_5-3580  [006] ....  5574.120216: do_swap_page: prefetch fault 910 "Binder:910_5" f3573000 15909b
    Binder:910_5-3580  [006] ...1  5574.122301: do_swap_page: prefetch miss 910 "Binder:910_5" f3573000 15909b
    Binder:910_5-3580  [006] ....  5574.122315: do_swap_page: prefetch fault 910 "Binder:910_5" f2df0000 15909c
    Binder:910_5-3580  [006] ...1  5574.124818: do_swap_page: prefetch miss 910 "Binder:910_5" f2df0000 15909c
    Binder:910_5-3580  [006] ....  5574.124829: do_swap_page: prefetch fault 910 "Binder:910_5" f7a0b000 15909d
    Binder:910_5-3580  [006] ...1  5574.126605: do_swap_page: prefetch miss 910 "Binder:910_5" f7a0b000 15909d
    Binder:910_5-3580  [006] ....  5574.126612: do_swap_page: prefetch fault 910 "Binder:910_5" f7a3a000 15909e
    Binder:910_5-3580  [006] ...1  5574.128584: do_swap_page: prefetch miss 910 "Binder:910_5" f7a3a000 15909e
    Binder:910_5-3580  [006] ....  5574.128604: do_swap_page: prefetch fault 910 "Binder:910_5" f7a24000 d098
    Binder:910_5-3580  [006] ...1  5574.130690: do_swap_page: prefetch miss 910 "Binder:910_5" f7a24000 d098
    Binder:910_5-3580  [006] ....  5574.130706: do_swap_page: prefetch fault 910 "Binder:910_5" f6af4000 1590a0
    Binder:910_5-3580  [006] ...1  5574.133004: do_swap_page: prefetch miss 910 "Binder:910_5" f6af4000 1590a0
    Binder:910_5-3580  [006] ....  5574.133028: do_swap_page: prefetch fault 910 "Binder:910_5" f7a12000 1590a1
    Binder:910_5-3580  [006] ...1  5574.136737: do_swap_page: prefetch miss 910 "Binder:910_5" f7a12000 1590a1
    Binder:910_5-3580  [006] ....  5574.136767: do_swap_page: prefetch fault 910 "Binder:910_5" f51e3000 1590a5
    Binder:910_5-3580  [006] ...1  5574.138470: do_swap_page: prefetch miss 910 "Binder:910_5" f51e3000 1590a5
    Binder:910_5-3580  [006] ....  5574.138486: do_swap_page: prefetch fault 910 "Binder:910_5" f27dd000 1590a6
    Binder:910_5-3580  [006] ...1  5574.140352: do_swap_page: prefetch miss 910 "Binder:910_5" f27dd000 1590a6
    Binder:910_5-3580  [006] ....  5574.140379: do_swap_page: prefetch fault 910 "Binder:910_5" f3533000 1590a2
    Binder:910_5-3580  [006] ...1  5574.142496: do_swap_page: prefetch miss 910 "Binder:910_5" f3533000 1590a2
    Binder:910_5-3580  [006] ....  5574.142511: do_swap_page: prefetch fault 910 "Binder:910_5" f7b12000 1590a7
    Binder:910_5-3580  [006] ...1  5574.144290: do_swap_page: prefetch miss 910 "Binder:910_5" f7b12000 1590a7
    Binder:910_5-3580  [006] ....  5574.144297: do_swap_page: prefetch fault 910 "Binder:910_5" f7b05000 90be
    Binder:910_5-3580  [006] ...1  5574.146197: do_swap_page: prefetch miss 910 "Binder:910_5" f7b05000 90be
    Binder:910_5-3580  [006] ....  5574.146205: do_swap_page: prefetch fault 910 "Binder:910_5" f3530000 1610a0
    Binder:910_5-3580  [006] ...1  5574.148586: do_swap_page: prefetch miss 910 "Binder:910_5" f3530000 1610a0
    Binder:910_5-3580  [006] ....  5574.148593: do_swap_page: prefetch fault 910 "Binder:910_5" f7b0e000 16505e
    Binder:910_5-3580  [006] ...1  5574.150294: do_swap_page: prefetch miss 910 "Binder:910_5" f7b0e000 16505e
    Binder:910_5-3580  [006] ....  5574.150302: do_swap_page: prefetch fault 910 "Binder:910_5" f7b06000 161095
    Binder:910_5-3580  [006] ...1  5574.152190: do_swap_page: prefetch miss 910 "Binder:910_5" f7b06000 161095
    Binder:910_5-3580  [006] ....  5574.152204: do_swap_page: prefetch fault 910 "Binder:910_5" f7146000 50a1
    Binder:910_5-3580  [006] ...1  5574.154265: do_swap_page: prefetch miss 910 "Binder:910_5" f7146000 50a1
    Binder:910_5-3580  [006] ....  5574.154275: do_swap_page: prefetch fault 910 "Binder:910_5" f7b01000 161098
    Binder:910_5-3580  [006] ...1  5574.156591: do_swap_page: prefetch miss 910 "Binder:910_5" f7b01000 161098
    Binder:910_5-3580  [006] ....  5574.156610: do_swap_page: prefetch fault 910 "Binder:910_5" f7b03000 1590af
    Binder:910_5-3580  [006] ...1  5574.158908: do_swap_page: prefetch miss 910 "Binder:910_5" f7b03000 1590af
    Binder:910_5-3580  [006] ....  5574.158975: do_swap_page: prefetch fault 910 "Binder:910_5" f3601000 1590a8
    Binder:910_5-3580  [006] ...1  5574.161055: do_swap_page: prefetch miss 910 "Binder:910_5" f3601000 1590a8
    Binder:910_5-3580  [006] ....  5574.161111: do_swap_page: prefetch fault 910 "Binder:910_5" f356b000 1590a3
    Binder:910_5-3580  [006] ...1  5574.162864: do_swap_page: prefetch miss 910 "Binder:910_5" f356b000 1590a3
    Binder:910_5-3580  [006] ....  5574.162910: do_swap_page: prefetch fault 910 "Binder:910_5" f3538000 1590ac
    Binder:910_5-3580  [006] ...1  5574.164748: do_swap_page: prefetch miss 910 "Binder:910_5" f3538000 1590ac
    Binder:910_5-3580  [005] ....  5574.164850: do_swap_page: prefetch fault 910 "Binder:910_5" f20a5000 1590ad
    Binder:910_5-3580  [006] ...1  5574.166932: do_swap_page: prefetch miss 910 "Binder:910_5" f20a5000 1590ad
    Binder:910_5-3580  [006] ....  5574.166967: do_swap_page: prefetch fault 910 "Binder:910_5" f7a52000 16505f
           <...>-27601 [005] ....  5574.167038: do_swap_page: prefetch fault 910 "Binder:910_5" f7b07000 1590b0
    Binder:910_5-3580  [006] ...1  5574.168791: do_swap_page: prefetch miss 910 "Binder:910_5" f7a52000 16505f
    Binder:910_5-3580  [006] ....  5574.168837: do_swap_page: prefetch fault 910 "Binder:910_5" f713f000 d09b
           <...>-27601 [005] ...1  5574.168861: do_swap_page: prefetch miss 910 "Binder:910_5" f7b07000 1590b0
           <...>-27601 [005] ....  5574.168893: do_swap_page: prefetch fault 910 "Binder:910_5" f7143000 90bc
    Binder:910_5-3580  [006] ...1  5574.170697: do_swap_page: prefetch miss 910 "Binder:910_5" f713f000 d09b
    Binder:910_5-3580  [006] ....  5574.170732: do_swap_page: prefetch fault 910 "Binder:910_5" f7f29000 90bd
           <...>-27601 [005] ...1  5574.170752: do_swap_page: prefetch miss 910 "Binder:910_5" f7143000 90bc
           <...>-27601 [005] ....  5574.170784: do_swap_page: prefetch fault 910 "Binder:910_5" f7a0c000 161094
    Binder:910_5-3580  [006] ...1  5574.172693: do_swap_page: prefetch miss 910 "Binder:910_5" f7f29000 90bd
    Binder:910_5-3580  [006] ....  5574.172753: do_swap_page: prefetch fault 910 "Binder:910_5" f662a000 1590b1
           <...>-27601 [005] ...1  5574.172761: do_swap_page: prefetch miss 910 "Binder:910_5" f7a0c000 161094
           <...>-27601 [005] ....  5574.172806: do_swap_page: prefetch fault 910 "Binder:910_5" f7b0c000 161097
    Binder:910_5-3580  [006] ...1  5574.174556: do_swap_page: prefetch miss 910 "Binder:910_5" f662a000 1590b1
           <...>-27601 [005] ...1  5574.174632: do_swap_page: prefetch miss 910 "Binder:910_5" f7b0c000 161097
           <...>-27601 [005] ....  5574.174640: do_swap_page: prefetch fault 910 "Binder:910_5" f7ae8000 161099
    Binder:910_5-3580  [005] ....  5574.174647: do_swap_page: prefetch fault 910 "Binder:910_5" f3603000 1590a9
    Binder:910_5-3580  [006] ...1  5574.176594: do_swap_page: prefetch miss 910 "Binder:910_5" f3603000 1590a9
    Binder:910_5-3580  [006] ....  5574.176627: do_swap_page: prefetch fault 910 "Binder:910_5" f3600000 1590ab
           <...>-27601 [005] ...1  5574.176648: do_swap_page: prefetch miss 910 "Binder:910_5" f7ae8000 161099
    Binder:910_5-3580  [006] ...1  5574.178632: do_swap_page: prefetch miss 910 "Binder:910_5" f3600000 1590ab
           <...>-27601 [006] ....  5574.178733: do_swap_page: prefetch fault 910 "Binder:910_5" f2e07000 16109c
           <...>-27602 [003] ....  5574.178833: do_swap_page: prefetch fault 910 "Binder:910_5" f7ae9000 16109b
    Binder:910_5-3580  [006] ....  5574.178843: do_swap_page: prefetch fault 910 "Binder:910_5" f7a30000 16109a
           <...>-27601 [006] ...1  5574.180666: do_swap_page: prefetch miss 910 "Binder:910_5" f2e07000 16109c
           <...>-27601 [006] ....  5574.180693: do_swap_page: prefetch fault 910 "Binder:910_5" f3604000 1590aa
    Binder:910_5-3580  [005] ...1  5574.180758: do_swap_page: prefetch miss 910 "Binder:910_5" f7a30000 16109a
           <...>-27602 [003] ...1  5574.180776: do_swap_page: prefetch miss 910 "Binder:910_5" f7ae9000 16109b
           <...>-27602 [003] ....  5574.180894: do_swap_page: prefetch fault 910 "Binder:910_5" f2e05000 16109e
    Binder:910_5-3580  [001] ....  5574.181075: do_swap_page: prefetch fault 910 "Binder:910_5" f3516000 15909a
           <...>-27601 [006] ...1  5574.182702: do_swap_page: prefetch miss 910 "Binder:910_5" f3604000 1590aa
           <...>-27601 [006] ....  5574.182743: do_swap_page: prefetch fault 910 "Binder:910_5" f351d000 165059
           <...>-27602 [003] ...1  5574.182824: do_swap_page: prefetch miss 910 "Binder:910_5" f2e05000 16109e
           <...>-27602 [003] ....  5574.182897: do_swap_page: prefetch fault 910 "Binder:910_5" f723c000 d09d
    Binder:910_5-3580  [001] ...1  5574.182936: do_swap_page: prefetch miss 910 "Binder:910_5" f3516000 15909a
    Binder:910_5-3580  [001] ....  5574.183079: do_swap_page: prefetch fault 910 "Binder:910_5" f3503000 1590a4
           <...>-27601 [006] ...1  5574.185360: do_swap_page: prefetch miss 910 "Binder:910_5" f351d000 165059
           <...>-27602 [003] ...1  5574.185498: do_swap_page: prefetch miss 910 "Binder:910_5" f723c000 d09d
           <...>-27602 [003] ....  5574.185523: do_swap_page: prefetch fault 910 "Binder:910_5" f352f000 4502e
           <...>-27601 [006] ....  5574.185547: do_swap_page: prefetch fault 910 "Binder:910_5" f352f000 4502e
    Binder:910_5-3580  [001] ...1  5574.185627: do_swap_page: prefetch miss 910 "Binder:910_5" f3503000 1590a4
    Binder:910_5-3580  [001] ....  5574.185737: do_swap_page: prefetch fault 910 "Binder:910_5" f3541000 15909f
           <...>-27601 [006] ...1  5574.187366: do_swap_page: prefetch miss 910 "Binder:910_5" f352f000 4502e
    Binder:910_5-3580  [001] ...1  5574.187495: do_swap_page: prefetch miss 910 "Binder:910_5" f3541000 15909f
    Binder:910_5-3580  [001] ....  5574.187581: do_swap_page: prefetch fault 910 "Binder:910_5" f5650000 16109f
    Binder:910_5-3580  [001] ...1  5574.189858: do_swap_page: prefetch miss 910 "Binder:910_5" f5650000 16109f
    Binder:910_5-3580  [001] ....  5574.189948: do_swap_page: prefetch fault 910 "Binder:910_5" f5a1e000 1610a1
    Binder:910_5-3580  [001] ...1  5574.191830: do_swap_page: prefetch miss 910 "Binder:910_5" f5a1e000 1610a1
    Binder:910_5-3580  [001] ....  5574.191947: do_swap_page: prefetch fault 910 "Binder:910_5" f2e0d000 1610a3
    Binder:910_5-3580  [001] ...1  5574.193672: do_swap_page: prefetch miss 910 "Binder:910_5" f2e0d000 1610a3
    Binder:910_5-3580  [001] ....  5574.193754: do_swap_page: prefetch fault 910 "Binder:910_5" f352e000 1610a4
    Binder:910_5-3580  [001] ...1  5574.195986: do_swap_page: prefetch miss 910 "Binder:910_5" f352e000 1610a4
    Binder:910_5-3580  [001] ....  5574.196063: do_swap_page: prefetch fault 910 "Binder:910_5" f3553000 1610a5
    Binder:910_5-3580  [001] ...1  5574.198432: do_swap_page: prefetch miss 910 "Binder:910_5" f3553000 1610a5
    Binder:910_5-3580  [001] ....  5574.198510: do_swap_page: prefetch fault 910 "Binder:910_5" f35d7000 1610a6
    Binder:910_5-3580  [001] ...1  5574.203340: do_swap_page: prefetch miss 910 "Binder:910_5" f35d7000 1610a6
    Binder:910_5-3580  [001] ....  5574.203420: do_swap_page: prefetch fault 910 "Binder:910_5" f352d000 1610a2
    Binder:910_5-3580  [001] ...1  5574.207923: do_swap_page: prefetch miss 910 "Binder:910_5" f352d000 1610a2
           <...>-561   [003] ....  5574.208433: do_swap_page: prefetch fault 561 "hwservicemanage" 7fbd89b000 29073
           <...>-561   [003] ...1  5574.210295: do_swap_page: prefetch miss 561 "hwservicemanage" 7fbd89b000 29073
           <...>-561   [003] ....  5574.210449: do_swap_page: prefetch fault 561 "hwservicemanage" 7fbd8ed000 250b8
           <...>-561   [003] ...1  5574.212657: do_swap_page: prefetch miss 561 "hwservicemanage" 7fbd8ed000 250b8
           <...>-561   [003] ....  5574.212834: do_swap_page: prefetch fault 561 "hwservicemanage" 7fbd00d000 2d010
           <...>-561   [003] ...1  5574.214809: do_swap_page: prefetch miss 561 "hwservicemanage" 7fbd00d000 2d010
           <...>-561   [003] ....  5574.214918: do_swap_page: prefetch fault 561 "hwservicemanage" 7fbd00e000 2d011
           <...>-561   [003] ...1  5574.217418: do_swap_page: prefetch miss 561 "hwservicemanage" 7fbd00e000 2d011
           <...>-561   [003] ....  5574.217529: do_swap_page: prefetch fault 561 "hwservicemanage" 7fbd011000 29074
           <...>-561   [003] ...1  5574.219376: do_swap_page: prefetch miss 561 "hwservicemanage" 7fbd011000 29074
           <...>-561   [003] ....  5574.219548: do_swap_page: prefetch fault 561 "hwservicemanage" 7fbd206000 29077
           <...>-561   [003] ...1  5574.221651: do_swap_page: prefetch miss 561 "hwservicemanage" 7fbd206000 29077
           <...>-561   [003] ....  5574.221791: do_swap_page: prefetch fault 561 "hwservicemanage" 7fbdfb0000 29079
           <...>-561   [003] ...1  5574.223811: do_swap_page: prefetch miss 561 "hwservicemanage" 7fbdfb0000 29079
           <...>-561   [003] ....  5574.224214: do_swap_page: prefetch fault 561 "hwservicemanage" 7fbd00f000 29081
           <...>-561   [003] ...1  5574.226391: do_swap_page: prefetch miss 561 "hwservicemanage" 7fbd00f000 29081
           <...>-561   [003] ....  5574.226512: do_swap_page: prefetch fault 561 "hwservicemanage" 7fbdd0a000 29082
           <...>-561   [003] ...1  5574.228428: do_swap_page: prefetch miss 561 "hwservicemanage" 7fbdd0a000 29082
           <...>-561   [002] ....  5574.228617: do_swap_page: prefetch fault 561 "hwservicemanage" 7fbd049000 250b9
           <...>-561   [002] ...1  5574.230571: do_swap_page: prefetch miss 561 "hwservicemanage" 7fbd049000 250b9
           <...>-561   [002] ....  5574.230678: do_swap_page: prefetch fault 561 "hwservicemanage" 7fbd007000 250ba
           <...>-561   [002] ...1  5574.232498: do_swap_page: prefetch miss 561 "hwservicemanage" 7fbd007000 250ba
           <...>-561   [002] ....  5574.232622: do_swap_page: prefetch fault 561 "hwservicemanage" 7fbd6b0000 250bd
