    GLThread 445-6412  [007] ...1  6354.220245: do_swap_page: prefetch miss 6355 "GLThread 445" 7e9e9a9000 50f2
    GLThread 445-6412  [007] ....  6354.220286: do_swap_page: prefetch fault 6355 "GLThread 445" 7eb0802000 1690b3
    GLThread 445-6412  [007] ...1  6354.222142: do_swap_page: prefetch miss 6355 "GLThread 445" 7eb0802000 1690b3
    GLThread 445-6412  [007] ....  6354.222195: do_swap_page: prefetch fault 6355 "GLThread 445" 7eaf1b2000 50f4
    GLThread 445-6412  [007] ...1  6354.223976: do_swap_page: prefetch miss 6355 "GLThread 445" 7eaf1b2000 50f4
    GLThread 445-6412  [007] ....  6354.224001: do_swap_page: prefetch fault 6355 "GLThread 445" 7e9f03d000 50f5
    GLThread 445-6412  [007] ...1  6354.225823: do_swap_page: prefetch miss 6355 "GLThread 445" 7e9f03d000 50f5
    GLThread 445-6412  [007] ....  6354.225861: do_swap_page: prefetch fault 6355 "GLThread 445" 7eaf1fa000 d0d0
    GLThread 445-6412  [007] ...1  6354.228197: do_swap_page: prefetch miss 6355 "GLThread 445" 7eaf1fa000 d0d0
    GLThread 445-6412  [007] ....  6354.228216: do_swap_page: prefetch fault 6355 "GLThread 445" 7e9e95d000 1104e
    GLThread 445-6412  [007] ...1  6354.230525: do_swap_page: prefetch miss 6355 "GLThread 445" 7e9e95d000 1104e
    GLThread 445-6412  [007] ....  6354.230558: do_swap_page: prefetch fault 6355 "GLThread 445" 7eaf42c000 17109b
    GLThread 445-6412  [007] ...1  6354.234651: do_swap_page: prefetch miss 6355 "GLThread 445" 7eaf42c000 17109b
    GLThread 445-6412  [007] ....  6354.234694: do_swap_page: prefetch fault 6355 "GLThread 445" 7f28fc2000 17d027
    GLThread 445-6412  [007] ...1  6354.236925: do_swap_page: prefetch miss 6355 "GLThread 445" 7f28fc2000 17d027
    GLThread 445-6412  [007] ....  6354.236957: do_swap_page: prefetch fault 6355 "GLThread 445" 7f2d795000 17109d
    GLThread 445-6412  [007] ...1  6354.239503: do_swap_page: prefetch miss 6355 "GLThread 445" 7f2d795000 17109d
    GLThread 445-6412  [007] ....  6354.239538: do_swap_page: prefetch fault 6355 "GLThread 445" 7eaf545000 4507c
    GLThread 445-6412  [007] ...1  6354.241557: do_swap_page: prefetch miss 6355 "GLThread 445" 7eaf545000 4507c
    GLThread 445-6412  [007] ....  6354.241638: do_swap_page: prefetch fault 6355 "GLThread 445" 7eaf617000 10a7
    GLThread 445-6412  [007] ...1  6354.243468: do_swap_page: prefetch miss 6355 "GLThread 445" 7eaf617000 10a7
    GLThread 445-6412  [007] ....  6354.243505: do_swap_page: prefetch fault 6355 "GLThread 445" 7eaf54b000 1710a1
    GLThread 445-6412  [007] ...1  6354.245766: do_swap_page: prefetch miss 6355 "GLThread 445" 7eaf54b000 1710a1
    GLThread 445-6412  [007] ....  6354.245810: do_swap_page: prefetch fault 6355 "GLThread 445" 7eaf1e8000 17505b
    GLThread 445-6412  [007] ...1  6354.247675: do_swap_page: prefetch miss 6355 "GLThread 445" 7eaf1e8000 17505b
    GLThread 445-6412  [007] ....  6354.247706: do_swap_page: prefetch fault 6355 "GLThread 445" 7eaf57a000 17901f
    GLThread 445-6412  [007] ...1  6354.249536: do_swap_page: prefetch miss 6355 "GLThread 445" 7eaf57a000 17901f
    GLThread 445-6412  [007] ....  6354.249562: do_swap_page: prefetch fault 6355 "GLThread 445" 7eaf210000 179020
    GLThread 445-6412  [007] ...1  6354.252752: do_swap_page: prefetch miss 6355 "GLThread 445" 7eaf210000 179020
    GLThread 445-6412  [007] ....  6354.252787: do_swap_page: prefetch fault 6355 "GLThread 445" 7e9f0df000 350e9
    GLThread 445-6412  [007] ...1  6354.255134: do_swap_page: prefetch miss 6355 "GLThread 445" 7e9f0df000 350e9
    GLThread 445-6412  [007] ....  6354.255153: do_swap_page: prefetch fault 6355 "GLThread 445" 7e9f0e0000 350ea
    GLThread 445-6412  [007] ...1  6354.256914: do_swap_page: prefetch miss 6355 "GLThread 445" 7e9f0e0000 350ea
    GLThread 445-6412  [007] ....  6354.256944: do_swap_page: prefetch fault 6355 "GLThread 445" 7e9f0c6000 350eb
    GLThread 445-6412  [007] ...1  6354.258902: do_swap_page: prefetch miss 6355 "GLThread 445" 7e9f0c6000 350eb
    GLThread 445-6412  [007] ....  6354.258920: do_swap_page: prefetch fault 6355 "GLThread 445" 7e9f0c7000 350ec
    GLThread 445-6412  [007] ...1  6354.260757: do_swap_page: prefetch miss 6355 "GLThread 445" 7e9f0c7000 350ec
    GLThread 445-6412  [007] ....  6354.260774: do_swap_page: prefetch fault 6355 "GLThread 445" 7e9f0f9000 350ed
    GLThread 445-6412  [007] ...1  6354.263320: do_swap_page: prefetch miss 6355 "GLThread 445" 7e9f0f9000 350ed
    GLThread 445-6412  [007] ....  6354.263359: do_swap_page: prefetch fault 6355 "GLThread 445" 7eaf03f000 350ee
    GLThread 445-6412  [007] ...1  6354.266026: do_swap_page: prefetch miss 6355 "GLThread 445" 7eaf03f000 350ee
    GLThread 445-6412  [007] ....  6354.266046: do_swap_page: prefetch fault 6355 "GLThread 445" 7eaf3cd000 350ef
    GLThread 445-6412  [007] ...1  6354.268443: do_swap_page: prefetch miss 6355 "GLThread 445" 7eaf3cd000 350ef
    GLThread 445-6412  [007] ....  6354.268483: do_swap_page: prefetch fault 6355 "GLThread 445" 7eaf1c6000 350f0
    GLThread 445-6412  [007] ...1  6354.270891: do_swap_page: prefetch miss 6355 "GLThread 445" 7eaf1c6000 350f0
    GLThread 445-6412  [007] ....  6354.270913: do_swap_page: prefetch fault 6355 "GLThread 445" 7e9ef25000 10af
    GLThread 445-6412  [007] ...1  6354.273401: do_swap_page: prefetch miss 6355 "GLThread 445" 7e9ef25000 10af
    GLThread 445-6412  [007] ....  6354.273420: do_swap_page: prefetch fault 6355 "GLThread 445" 7e9efd5000 10b0
    GLThread 445-6412  [007] ...1  6354.275616: do_swap_page: prefetch miss 6355 "GLThread 445" 7e9efd5000 10b0
    GLThread 445-6412  [007] ....  6354.275646: do_swap_page: prefetch fault 6355 "GLThread 445" 7e9f039000 10b1
    GLThread 445-6412  [007] ...1  6354.277741: do_swap_page: prefetch miss 6355 "GLThread 445" 7e9f039000 10b1
    GLThread 445-6412  [007] ....  6354.277760: do_swap_page: prefetch fault 6355 "GLThread 445" 7e9f030000 d0d1
    GLThread 445-6412  [007] ...1  6354.279555: do_swap_page: prefetch miss 6355 "GLThread 445" 7e9f030000 d0d1
    GLThread 445-6412  [007] ....  6354.279572: do_swap_page: prefetch fault 6355 "GLThread 445" 7e9f027000 11052
    GLThread 445-6412  [007] ...1  6354.281405: do_swap_page: prefetch miss 6355 "GLThread 445" 7e9f027000 11052
    GLThread 445-6412  [007] ....  6354.281435: do_swap_page: prefetch fault 6355 "GLThread 445" 7e9efd6000 11053
    GLThread 445-6412  [007] ...1  6354.283538: do_swap_page: prefetch miss 6355 "GLThread 445" 7e9efd6000 11053
    GLThread 445-6412  [007] ....  6354.283557: do_swap_page: prefetch fault 6355 "GLThread 445" 7e9f028000 11054
    GLThread 445-6412  [007] ...1  6354.285313: do_swap_page: prefetch miss 6355 "GLThread 445" 7e9f028000 11054
    GLThread 445-6412  [007] ....  6354.285330: do_swap_page: prefetch fault 6355 "GLThread 445" 7e9f090000 11055
    GLThread 445-6412  [007] ...1  6354.287187: do_swap_page: prefetch miss 6355 "GLThread 445" 7e9f090000 11055
    GLThread 445-6412  [007] ....  6354.287217: do_swap_page: prefetch fault 6355 "GLThread 445" 7e9f0ad000 11056
    GLThread 445-6412  [007] ...1  6354.289534: do_swap_page: prefetch miss 6355 "GLThread 445" 7e9f0ad000 11056
    GLThread 445-6412  [007] ....  6354.289565: do_swap_page: prefetch fault 6355 "GLThread 445" 7e9f029000 11057
    GLThread 445-6412  [007] ...1  6354.291594: do_swap_page: prefetch miss 6355 "GLThread 445" 7e9f029000 11057
    GLThread 445-6412  [007] ....  6354.291613: do_swap_page: prefetch fault 6355 "GLThread 445" 7e9f0ba000 11058
    GLThread 445-6412  [007] ...1  6354.294155: do_swap_page: prefetch miss 6355 "GLThread 445" 7e9f0ba000 11058
    GLThread 445-6412  [007] ....  6354.294174: do_swap_page: prefetch fault 6355 "GLThread 445" 7e9f02a000 11059
    GLThread 445-6412  [007] ...1  6354.296310: do_swap_page: prefetch miss 6355 "GLThread 445" 7e9f02a000 11059
    GLThread 445-6412  [007] ....  6354.296341: do_swap_page: prefetch fault 6355 "GLThread 445" 7e9f0bb000 1105a
    GLThread 445-6412  [007] ...1  6354.300336: do_swap_page: prefetch miss 6355 "GLThread 445" 7e9f0bb000 1105a
    GLThread 445-6412  [007] ....  6354.300360: do_swap_page: prefetch fault 6355 "GLThread 445" 7e9ebb2000 1105b
    GLThread 445-6412  [007] ...1  6354.302089: do_swap_page: prefetch miss 6355 "GLThread 445" 7e9ebb2000 1105b
    GLThread 445-6412  [007] ....  6354.302140: do_swap_page: prefetch fault 6355 "GLThread 445" 7e9f092000 d0d2
    GLThread 445-6412  [007] ...1  6354.303831: do_swap_page: prefetch miss 6355 "GLThread 445" 7e9f092000 d0d2
    GLThread 445-6412  [007] ....  6354.303861: do_swap_page: prefetch fault 6355 "GLThread 445" 7e9f0d0000 d0d3
    GLThread 445-6412  [007] ...1  6354.305835: do_swap_page: prefetch miss 6355 "GLThread 445" 7e9f0d0000 d0d3
    GLThread 445-6412  [007] ....  6354.305852: do_swap_page: prefetch fault 6355 "GLThread 445" 7e9f0d2000 d0d4
    GLThread 445-6412  [007] ...1  6354.307972: do_swap_page: prefetch miss 6355 "GLThread 445" 7e9f0d2000 d0d4
    GLThread 445-6412  [007] ....  6354.307989: do_swap_page: prefetch fault 6355 "GLThread 445" 7e9ebb3000 d0d5
    GLThread 445-6412  [007] ...1  6354.309858: do_swap_page: prefetch miss 6355 "GLThread 445" 7e9ebb3000 d0d5
    GLThread 445-6412  [007] ....  6354.309888: do_swap_page: prefetch fault 6355 "GLThread 445" 7e9f0d3000 d0d6
    GLThread 445-6412  [007] ...1  6354.311881: do_swap_page: prefetch miss 6355 "GLThread 445" 7e9f0d3000 d0d6
    GLThread 445-6412  [007] ....  6354.311899: do_swap_page: prefetch fault 6355 "GLThread 445" 7eaf658000 d0d7
    GLThread 445-6412  [007] ...1  6354.313952: do_swap_page: prefetch miss 6355 "GLThread 445" 7eaf658000 d0d7
    GLThread 445-6412  [007] ....  6354.313969: do_swap_page: prefetch fault 6355 "GLThread 445" 7e9ebb4000 d0d8
    GLThread 445-6412  [007] ...1  6354.315971: do_swap_page: prefetch miss 6355 "GLThread 445" 7e9ebb4000 d0d8
    GLThread 445-6412  [007] ....  6354.316001: do_swap_page: prefetch fault 6355 "GLThread 445" 7e9f0bc000 d0d9
    GLThread 445-6412  [007] ...1  6354.317887: do_swap_page: prefetch miss 6355 "GLThread 445" 7e9f0bc000 d0d9
    GLThread 445-6412  [007] ....  6354.317905: do_swap_page: prefetch fault 6355 "GLThread 445" 7e9f0bd000 d0da
    GLThread 445-6412  [007] ...1  6354.320056: do_swap_page: prefetch miss 6355 "GLThread 445" 7e9f0bd000 d0da
    GLThread 445-6412  [007] ....  6354.320087: do_swap_page: prefetch fault 6355 "GLThread 445" 7e9ebb5000 d0db
    GLThread 445-6412  [007] ...1  6354.322005: do_swap_page: prefetch miss 6355 "GLThread 445" 7e9ebb5000 d0db
    GLThread 445-6412  [007] ....  6354.322042: do_swap_page: prefetch fault 6355 "GLThread 445" 7e9ea9b000 179021
    GLThread 445-6412  [007] ...1  6354.323802: do_swap_page: prefetch miss 6355 "GLThread 445" 7e9ea9b000 179021
    GLThread 445-6412  [007] ....  6354.323839: do_swap_page: prefetch fault 6355 "GLThread 445" 7eaf3cb000 d0dd
    GLThread 445-6412  [007] ...1  6354.325706: do_swap_page: prefetch miss 6355 "GLThread 445" 7eaf3cb000 d0dd
    GLThread 445-6412  [007] ....  6354.325753: do_swap_page: prefetch fault 6355 "GLThread 445" 9f132000 3d0e0
    GLThread 445-6412  [007] ...1  6354.328277: do_swap_page: prefetch miss 6355 "GLThread 445" 9f132000 3d0e0
    GLThread 445-6412  [007] ....  6354.328299: do_swap_page: prefetch fault 6355 "GLThread 445" 9f123000 d0df
    GLThread 445-6412  [007] ...1  6354.330504: do_swap_page: prefetch miss 6355 "GLThread 445" 9f123000 d0df
    GLThread 445-6412  [007] ....  6354.330537: do_swap_page: prefetch fault 6355 "GLThread 445" 7e9eae3000 d0e0
    GLThread 445-6412  [007] ...1  6354.332476: do_swap_page: prefetch miss 6355 "GLThread 445" 7e9eae3000 d0e0
    GLThread 445-6412  [007] ....  6354.332516: do_swap_page: prefetch fault 6355 "GLThread 445" 7eb053e000 179022
    GLThread 445-6412  [007] ...1  6354.338122: do_swap_page: prefetch miss 6355 "GLThread 445" 7eb053e000 179022
    GLThread 445-6412  [007] ....  6354.338161: do_swap_page: prefetch fault 6355 "GLThread 445" 7eaf625000 d0e2
    GLThread 445-6412  [007] ...1  6354.340493: do_swap_page: prefetch miss 6355 "GLThread 445" 7eaf625000 d0e2
    GLThread 445-6412  [007] ....  6354.340526: do_swap_page: prefetch fault 6355 "GLThread 445" 7eaf36f000 d0e3
    GLThread 445-6412  [007] ...1  6354.342308: do_swap_page: prefetch miss 6355 "GLThread 445" 7eaf36f000 d0e3
    GLThread 445-6412  [007] ....  6354.342330: do_swap_page: prefetch fault 6355 "GLThread 445" 7eaf1c4000 d0e4
    GLThread 445-6412  [007] ...1  6354.344331: do_swap_page: prefetch miss 6355 "GLThread 445" 7eaf1c4000 d0e4
    GLThread 445-6412  [007] ....  6354.344352: do_swap_page: prefetch fault 6355 "GLThread 445" 7eac2bb000 3d0e3
    GLThread 445-6412  [007] ...1  6354.347309: do_swap_page: prefetch miss 6355 "GLThread 445" 7eac2bb000 3d0e3
    GLThread 445-6412  [007] ....  6354.347342: do_swap_page: prefetch fault 6355 "GLThread 445" 7eaf917000 179023
    GLThread 445-6412  [007] ...1  6354.349517: do_swap_page: prefetch miss 6355 "GLThread 445" 7eaf917000 179023
    GLThread 445-6412  [007] ....  6354.349548: do_swap_page: prefetch fault 6355 "GLThread 445" 7eafe79000 1690b4
    GLThread 445-6412  [007] ...1  6354.351570: do_swap_page: prefetch miss 6355 "GLThread 445" 7eafe79000 1690b4
    GLThread 445-6412  [007] ....  6354.351604: do_swap_page: prefetch fault 6355 "GLThread 445" 7e9f100000 1690b5
    GLThread 445-6412  [007] ...1  6354.353537: do_swap_page: prefetch miss 6355 "GLThread 445" 7e9f100000 1690b5
    GLThread 445-6412  [007] ....  6354.353556: do_swap_page: prefetch fault 6355 "GLThread 445" 7e9b321000 d0e9
    GLThread 445-6412  [007] ...1  6354.355790: do_swap_page: prefetch miss 6355 "GLThread 445" 7e9b321000 d0e9
    GLThread 445-6412  [007] ....  6354.355811: do_swap_page: prefetch fault 6355 "GLThread 445" 7e9f0e9000 1690b6
    GLThread 445-6412  [007] ...1  6354.358345: do_swap_page: prefetch miss 6355 "GLThread 445" 7e9f0e9000 1690b6
    GLThread 445-6412  [007] ....  6354.358384: do_swap_page: prefetch fault 6355 "GLThread 445" 7e9ee87000 1690b7
    GLThread 445-6412  [007] ...1  6354.360518: do_swap_page: prefetch miss 6355 "GLThread 445" 7e9ee87000 1690b7
    GLThread 445-6412  [007] ....  6354.360539: do_swap_page: prefetch fault 6355 "GLThread 445" 7e9b6ee000 1105e
    GLThread 445-6412  [007] ...1  6354.362783: do_swap_page: prefetch miss 6355 "GLThread 445" 7e9b6ee000 1105e
    GLThread 445-6412  [007] ....  6354.362813: do_swap_page: prefetch fault 6355 "GLThread 445" 7e9b6d1000 d0ea
    GLThread 445-6412  [007] ...1  6354.364717: do_swap_page: prefetch miss 6355 "GLThread 445" 7e9b6d1000 d0ea
    GLThread 445-6412  [007] ....  6354.364735: do_swap_page: prefetch fault 6355 "GLThread 445" 7e9b5a0000 d0eb
    GLThread 445-6412  [007] ...1  6354.366998: do_swap_page: prefetch miss 6355 "GLThread 445" 7e9b5a0000 d0eb
    GLThread 445-6412  [007] ....  6354.367036: do_swap_page: prefetch fault 6355 "GLThread 445" 7e9e981000 d0ec
    GLThread 445-6412  [007] ...1  6354.368954: do_swap_page: prefetch miss 6355 "GLThread 445" 7e9e981000 d0ec
    GLThread 445-6412  [007] ....  6354.368978: do_swap_page: prefetch fault 6355 "GLThread 445" 7eaf3f4000 d0ed
    GLThread 445-6412  [007] ...1  6354.370712: do_swap_page: prefetch miss 6355 "GLThread 445" 7eaf3f4000 d0ed
    GLThread 445-6412  [007] ....  6354.370731: do_swap_page: prefetch fault 6355 "GLThread 445" 7e9ea97000 d0ee
    GLThread 445-6412  [007] ...1  6354.372542: do_swap_page: prefetch miss 6355 "GLThread 445" 7e9ea97000 d0ee
    GLThread 445-6412  [007] ....  6354.372573: do_swap_page: prefetch fault 6355 "GLThread 445" 7e9e9a1000 1690b8
    GLThread 445-6412  [007] ...1  6354.374504: do_swap_page: prefetch miss 6355 "GLThread 445" 7e9e9a1000 1690b8
    GLThread 445-6412  [007] ....  6354.374522: do_swap_page: prefetch fault 6355 "GLThread 445" 7e9e9a0000 1690b9
    GLThread 445-6412  [007] ...1  6354.376477: do_swap_page: prefetch miss 6355 "GLThread 445" 7e9e9a0000 1690b9
    GLThread 445-6412  [007] ....  6354.376495: do_swap_page: prefetch fault 6355 "GLThread 445" 7eaf380000 10b2
    GLThread 445-6412  [007] ...1  6354.378288: do_swap_page: prefetch miss 6355 "GLThread 445" 7eaf380000 10b2
    GLThread 445-6412  [007] ....  6354.378320: do_swap_page: prefetch fault 6355 "GLThread 445" 7e9e940000 10b3
    GLThread 445-6412  [007] ...1  6354.380336: do_swap_page: prefetch miss 6355 "GLThread 445" 7e9e940000 10b3
    GLThread 445-6412  [007] ....  6354.380354: do_swap_page: prefetch fault 6355 "GLThread 445" 7eaf54f000 10b4
    GLThread 445-6412  [007] ...1  6354.382486: do_swap_page: prefetch miss 6355 "GLThread 445" 7eaf54f000 10b4
    GLThread 445-6412  [007] ....  6354.382504: do_swap_page: prefetch fault 6355 "GLThread 445" 7e9e9a2000 10b5
    GLThread 445-6412  [007] ...1  6354.384371: do_swap_page: prefetch miss 6355 "GLThread 445" 7e9e9a2000 10b5
    GLThread 445-6412  [007] ....  6354.384402: do_swap_page: prefetch fault 6355 "GLThread 445" 7e9e946000 10b6
    GLThread 445-6412  [007] ...1  6354.386098: do_swap_page: prefetch miss 6355 "GLThread 445" 7e9e946000 10b6
    GLThread 445-6412  [007] ....  6354.386115: do_swap_page: prefetch fault 6355 "GLThread 445" 7e9ea96000 1690bb
    GLThread 445-6412  [007] ...1  6354.387994: do_swap_page: prefetch miss 6355 "GLThread 445" 7e9ea96000 1690bb
    GLThread 445-6412  [007] ....  6354.388010: do_swap_page: prefetch fault 6355 "GLThread 445" 7e9ea93000 1690bc
    GLThread 445-6412  [007] ...1  6354.389836: do_swap_page: prefetch miss 6355 "GLThread 445" 7e9ea93000 1690bc
    GLThread 445-6412  [007] ....  6354.389867: do_swap_page: prefetch fault 6355 "GLThread 445" 7eaf5de000 1690bd
    GLThread 445-6412  [007] ...1  6354.392094: do_swap_page: prefetch miss 6355 "GLThread 445" 7eaf5de000 1690bd
    GLThread 445-6412  [007] ....  6354.392139: do_swap_page: prefetch fault 6355 "GLThread 445" 7eaf5cc000 10ba
    GLThread 445-6412  [007] ...1  6354.393885: do_swap_page: prefetch miss 6355 "GLThread 445" 7eaf5cc000 10ba
    GLThread 445-6412  [007] ....  6354.393911: do_swap_page: prefetch fault 6355 "GLThread 445" 7eaf3c6000 1690be
    GLThread 445-6412  [007] ...1  6354.397541: do_swap_page: prefetch miss 6355 "GLThread 445" 7eaf3c6000 1690be
    GLThread 445-6412  [007] ....  6354.397574: do_swap_page: prefetch fault 6355 "GLThread 445" 7e9ed9f000 10bc
    GLThread 445-6412  [007] ...1  6354.402745: do_swap_page: prefetch miss 6355 "GLThread 445" 7e9ed9f000 10bc
    GLThread 445-6412  [007] ....  6354.402815: do_swap_page: prefetch fault 6355 "GLThread 445" 7e9b523000 17905b
    GLThread 445-6412  [007] ...1  6354.404456: do_swap_page: prefetch miss 6355 "GLThread 445" 7e9b523000 17905b
    GLThread 445-6412  [007] ....  6354.404525: do_swap_page: prefetch fault 6355 "GLThread 445" 7e9ea75000 17d030
    GLThread 445-6412  [007] ...1  6354.406476: do_swap_page: prefetch miss 6355 "GLThread 445" 7e9ea75000 17d030
    GLThread 445-6412  [007] ....  6354.406521: do_swap_page: prefetch fault 6355 "GLThread 445" 7eaf914000 11060
           <...>-6477  [007] ....  6354.406547: do_swap_page: prefetch fault 6355 "GLThread 445" 7eac0ea000 17d032
    GLThread 445-6412  [007] ...1  6354.408351: do_swap_page: prefetch miss 6355 "GLThread 445" 7eaf914000 11060
    GLThread 445-6412  [007] ....  6354.408384: do_swap_page: prefetch fault 6355 "GLThread 445" 7eb0501000 11061
           <...>-6477  [007] ...1  6354.408428: do_swap_page: prefetch miss 6355 "GLThread 445" 7eac0ea000 17d032
           <...>-6477  [007] ....  6354.408435: do_swap_page: prefetch fault 6355 "GLThread 445" 7eac0eb000 17d034
    GLThread 445-6412  [007] ...1  6354.410507: do_swap_page: prefetch miss 6355 "GLThread 445" 7eb0501000 11061
    GLThread 445-6412  [007] ....  6354.410539: do_swap_page: prefetch fault 6355 "GLThread 445" 7eafc7c000 1690bf
           <...>-6477  [007] ...1  6354.410584: do_swap_page: prefetch miss 6355 "GLThread 445" 7eac0eb000 17d034
           <...>-6477  [007] ....  6354.410647: do_swap_page: prefetch fault 6355 "GLThread 445" 7eac4a0000 17d040
    GLThread 445-6412  [007] ...1  6354.412476: do_swap_page: prefetch miss 6355 "GLThread 445" 7eafc7c000 1690bf
    GLThread 445-6412  [007] ....  6354.412571: do_swap_page: prefetch fault 6355 "GLThread 445" 7e9ef81000 1690c3
           <...>-6481  [007] ....  6354.412583: do_swap_page: prefetch fault 6355 "Thread-8" 7eac0be000 1690c2
           <...>-6477  [007] ...1  6354.412637: do_swap_page: prefetch miss 6355 "GLThread 445" 7eac4a0000 17d040
           <...>-6477  [007] ....  6354.412645: do_swap_page: prefetch fault 6355 "GLThread 445" 7e924ff000 17d036
    GLThread 445-6412  [007] ...1  6354.414906: do_swap_page: prefetch miss 6355 "GLThread 445" 7e9ef81000 1690c3
    GLThread 445-6412  [007] ....  6354.414917: do_swap_page: prefetch fault 6355 "GLThread 445" 7e9b3a6000 1690c5
           <...>-6477  [007] ...1  6354.414978: do_swap_page: prefetch miss 6355 "GLThread 445" 7e924ff000 17d036
           <...>-6477  [007] ....  6354.415026: do_swap_page: prefetch fault 6355 "GLThread 445" 7eac395000 4d0ab
           <...>-6481  [007] ...1  6354.415068: do_swap_page: prefetch miss 6355 "Thread-8" 7eac0be000 1690c2
           <...>-6481  [007] ....  6354.415129: do_swap_page: prefetch fault 6355 "Thread-8" 7eac11a000 1690c4
    GLThread 445-6412  [007] ...1  6354.417277: do_swap_page: prefetch miss 6355 "GLThread 445" 7e9b3a6000 1690c5
    GLThread 445-6412  [007] ....  6354.417288: do_swap_page: prefetch fault 6355 "GLThread 445" 7eafd2f000 179024
           <...>-6477  [007] ...1  6354.417355: do_swap_page: prefetch miss 6355 "GLThread 445" 7eac395000 4d0ab
           <...>-6477  [007] ....  6354.417363: do_swap_page: prefetch fault 6355 "GLThread 445" 7ec6485000 17d039
           <...>-6481  [007] ...1  6354.417411: do_swap_page: prefetch miss 6355 "Thread-8" 7eac11a000 1690c4
           <...>-6481  [007] ....  6354.417475: do_swap_page: prefetch fault 6355 "Thread-8" 7eac14b000 17505c
    GLThread 445-6412  [007] ...1  6354.420027: do_swap_page: prefetch miss 6355 "GLThread 445" 7eafd2f000 179024
    GLThread 445-6412  [007] ....  6354.420040: do_swap_page: prefetch fault 6355 "GLThread 445" 7eaf403000 179026
           <...>-6477  [007] ...1  6354.420116: do_swap_page: prefetch miss 6355 "GLThread 445" 7ec6485000 17d039
           <...>-6477  [007] ....  6354.420127: do_swap_page: prefetch fault 6355 "GLThread 445" 7eacb5f000 17d03a
           <...>-6481  [007] ...1  6354.420180: do_swap_page: prefetch miss 6355 "Thread-8" 7eac14b000 17505c
           <...>-6481  [007] ....  6354.420237: do_swap_page: prefetch fault 6355 "Thread-8" 7eac38a000 1710a3
    GLThread 445-6412  [007] ...1  6354.422640: do_swap_page: prefetch miss 6355 "GLThread 445" 7eaf403000 179026
    GLThread 445-6412  [007] ....  6354.422652: do_swap_page: prefetch fault 6355 "GLThread 445" 7e9ebed000 10be
           <...>-6477  [007] ...1  6354.422730: do_swap_page: prefetch miss 6355 "GLThread 445" 7eacb5f000 17d03a
           <...>-6477  [007] ....  6354.422776: do_swap_page: prefetch fault 6355 "GLThread 445" 7eac0ec000 17d03d
           <...>-6481  [007] ...1  6354.422819: do_swap_page: prefetch miss 6355 "Thread-8" 7eac38a000 1710a3
           <...>-6481  [007] ....  6354.422831: do_swap_page: prefetch fault 6355 "Thread-8" 7eafc6d000 179025
    GLThread 445-6412  [007] ...1  6354.424776: do_swap_page: prefetch miss 6355 "GLThread 445" 7e9ebed000 10be
    GLThread 445-6412  [007] ....  6354.424792: do_swap_page: prefetch fault 6355 "GLThread 445" 7eafd30000 d0f1
           <...>-6477  [007] ...1  6354.424861: do_swap_page: prefetch miss 6355 "GLThread 445" 7eac0ec000 17d03d
           <...>-6477  [007] ....  6354.424870: do_swap_page: prefetch fault 6355 "GLThread 445" 7ed1b46000 175055
           <...>-6481  [007] ...1  6354.424916: do_swap_page: prefetch miss 6355 "Thread-8" 7eafc6d000 179025
           <...>-6481  [007] ....  6354.424930: do_swap_page: prefetch fault 6355 "Thread-8" 7eac4c2000 179027
    GLThread 445-6412  [007] ...1  6354.427630: do_swap_page: prefetch miss 6355 "GLThread 445" 7eafd30000 d0f1
    GLThread 445-6412  [007] ....  6354.427643: do_swap_page: prefetch fault 6355 "GLThread 445" 7eb07f3000 17902a
           <...>-6477  [007] ...1  6354.427707: do_swap_page: prefetch miss 6355 "GLThread 445" 7ed1b46000 175055
           <...>-6477  [007] ....  6354.427720: do_swap_page: prefetch fault 6355 "GLThread 445" 7ed1b47000 17d03e
           <...>-6481  [007] ...1  6354.427782: do_swap_page: prefetch miss 6355 "Thread-8" 7eac4c2000 179027
           <...>-6481  [007] ....  6354.427880: do_swap_page: prefetch fault 6355 "Thread-8" 7e9bbb1000 179028
    GLThread 445-6412  [007] ...1  6354.431306: do_swap_page: prefetch miss 6355 "GLThread 445" 7eb07f3000 17902a
    GLThread 445-6412  [007] ....  6354.431318: do_swap_page: prefetch fault 6355 "GLThread 445" 7e9b5a5000 11069
           <...>-6477  [007] ...1  6354.431399: do_swap_page: prefetch miss 6355 "GLThread 445" 7ed1b47000 17d03e
           <...>-6477  [007] ....  6354.431532: do_swap_page: prefetch fault 6355 "GLThread 445" 7e84441000 185041
           <...>-6481  [007] ...1  6354.431569: do_swap_page: prefetch miss 6355 "Thread-8" 7e9bbb1000 179028
           <...>-6481  [007] ....  6354.431588: do_swap_page: prefetch fault 6355 "Thread-8" 9f0a0000 179029
    GLThread 445-6412  [007] ...1  6354.433542: do_swap_page: prefetch miss 6355 "GLThread 445" 7e9b5a5000 11069
    GLThread 445-6412  [007] ....  6354.433561: do_swap_page: prefetch fault 6355 "GLThread 445" 7fbe191000 1106a
           <...>-6477  [007] ...1  6354.433637: do_swap_page: prefetch miss 6355 "GLThread 445" 7e84441000 185041
           <...>-6477  [007] ....  6354.433661: do_swap_page: prefetch fault 6355 "GLThread 445" 7eafc8a000 17d042
           <...>-6481  [007] ...1  6354.433697: do_swap_page: prefetch miss 6355 "Thread-8" 9f0a0000 179029
           <...>-6481  [007] ....  6354.433746: do_swap_page: prefetch fault 6355 "Thread-8" 7ed1b3d000 1690c6
    GLThread 445-6412  [007] ...1  6354.435569: do_swap_page: prefetch miss 6355 "GLThread 445" 7fbe191000 1106a
    GLThread 445-6412  [007] ....  6354.435580: do_swap_page: prefetch fault 6355 "GLThread 445" 7f28c9e000 1106b
           <...>-6477  [007] ...1  6354.435643: do_swap_page: prefetch miss 6355 "GLThread 445" 7eafc8a000 17d042
           <...>-6477  [007] ....  6354.435649: do_swap_page: prefetch fault 6355 "GLThread 445" 7eafc89000 17d044
           <...>-6481  [007] ...1  6354.435695: do_swap_page: prefetch miss 6355 "Thread-8" 7ed1b3d000 1690c6
           <...>-6481  [007] ....  6354.435705: do_swap_page: prefetch fault 6355 "Thread-8" 7eac867000 1690c7
    GLThread 445-6412  [007] ...1  6354.441150: do_swap_page: prefetch miss 6355 "GLThread 445" 7f28c9e000 1106b
    GLThread 445-6412  [007] ....  6354.441204: do_swap_page: prefetch fault 6355 "GLThread 445" 7eafd58000 1106c
           <...>-6477  [007] ...1  6354.441251: do_swap_page: prefetch miss 6355 "GLThread 445" 7eafc89000 17d044
           <...>-6477  [007] ....  6354.441269: do_swap_page: prefetch fault 6355 "GLThread 445" 7eafc88000 17d045
           <...>-6481  [007] ...1  6354.441326: do_swap_page: prefetch miss 6355 "Thread-8" 7eac867000 1690c7
           <...>-6481  [007] ....  6354.441420: do_swap_page: prefetch fault 6355 "Thread-8" 9f0fe000 1d01c
    GLThread 445-6412  [007] ...1  6354.445504: do_swap_page: prefetch miss 6355 "GLThread 445" 7eafd58000 1106c
    GLThread 445-6412  [007] ....  6354.445515: do_swap_page: prefetch fault 6355 "GLThread 445" 7eb053d000 1106d
           <...>-6477  [007] ...1  6354.445591: do_swap_page: prefetch miss 6355 "GLThread 445" 7eafc88000 17d045
           <...>-6477  [007] ....  6354.445603: do_swap_page: prefetch fault 6355 "GLThread 445" 7ed1b20000 17d046
           <...>-6481  [007] ...1  6354.445666: do_swap_page: prefetch miss 6355 "Thread-8" 9f0fe000 1d01c
           <...>-6481  [004] ....  6354.445951: do_swap_page: prefetch fault 6355 "Thread-8" 7f28cdc000 1690c8
           <...>-30344 [007] ....  6354.446086: do_swap_page: prefetch fault 6355 "pool-11-thread-" 9f147000 10e6
    GLThread 445-6412  [004] ...1  6354.447868: do_swap_page: prefetch miss 6355 "GLThread 445" 7eb053d000 1106d
    GLThread 445-6412  [004] ....  6354.447928: do_swap_page: prefetch fault 6355 "GLThread 445" 7eb0527000 1106e
           <...>-6477  [004] ...1  6354.447950: do_swap_page: prefetch miss 6355 "GLThread 445" 7ed1b20000 17d046
           <...>-6481  [006] ...1  6354.447961: do_swap_page: prefetch miss 6355 "Thread-8" 7f28cdc000 1690c8
           <...>-6477  [006] ....  6354.447987: do_swap_page: prefetch fault 6355 "GLThread 445" 7ec621b000 17900e
           <...>-30344 [007] ...1  6354.448011: do_swap_page: prefetch miss 6355 "pool-11-thread-" 9f147000 10e6
           <...>-30345 [003] ....  6354.449578: do_swap_page: prefetch fault 790 "netd" 7fbcd1f000 171063
    GLThread 445-6412  [004] ...1  6354.449959: do_swap_page: prefetch miss 6355 "GLThread 445" 7eb0527000 1106e
    GLThread 445-6412  [004] ....  6354.449973: do_swap_page: prefetch fault 6355 "GLThread 445" 7eb03bd000 1106f
           <...>-6477  [006] ...1  6354.450022: do_swap_page: prefetch miss 6355 "GLThread 445" 7ec621b000 17900e
           <...>-6477  [006] ....  6354.450084: do_swap_page: prefetch fault 6355 "GLThread 445" 7eac6d6000 17905e
           <...>-30345 [003] ...1  6354.452030: do_swap_page: prefetch miss 790 "netd" 7fbcd1f000 171063
    GLThread 445-6412  [006] ...1  6354.452083: do_swap_page: prefetch miss 6355 "GLThread 445" 7eb03bd000 1106f
    GLThread 445-6412  [006] ....  6354.452107: do_swap_page: prefetch fault 6355 "GLThread 445" 7eb0476000 1690c9
           <...>-6477  [004] ...1  6354.452204: do_swap_page: prefetch miss 6355 "GLThread 445" 7eac6d6000 17905e
           <...>-6477  [006] ....  6354.452266: do_swap_page: prefetch fault 6355 "GLThread 445" 7eacb5e000 179061
    GLThread 445-6412  [006] ...1  6354.454023: do_swap_page: prefetch miss 6355 "GLThread 445" 7eb0476000 1690c9
    GLThread 445-6412  [005] ....  6354.454058: do_swap_page: prefetch fault 6355 "GLThread 445" 7eb0528000 11071
           <...>-6477  [006] ...1  6354.454085: do_swap_page: prefetch miss 6355 "GLThread 445" 7eacb5e000 179061
           <...>-6477  [006] ....  6354.454125: do_swap_page: prefetch fault 6355 "GLThread 445" 7eac3eb000 17d035
    GLThread 445-6412  [005] ...1  6354.456130: do_swap_page: prefetch miss 6355 "GLThread 445" 7eb0528000 11071
    GLThread 445-6412  [005] ....  6354.456155: do_swap_page: prefetch fault 6355 "GLThread 445" 7eb04df000 11072
           <...>-6477  [006] ...1  6354.456199: do_swap_page: prefetch miss 6355 "GLThread 445" 7eac3eb000 17d035
           <...>-6477  [006] ....  6354.456264: do_swap_page: prefetch fault 6355 "GLThread 445" 7eac2a2000 179063
    GLThread 445-6412  [005] ...1  6354.458351: do_swap_page: prefetch miss 6355 "GLThread 445" 7eb04df000 11072
    GLThread 445-6412  [005] ....  6354.458417: do_swap_page: prefetch fault 6355 "GLThread 445" 7eafd34000 1690ca
           <...>-6477  [006] ...1  6354.458475: do_swap_page: prefetch miss 6355 "GLThread 445" 7eac2a2000 179063
           <...>-6477  [006] ....  6354.458508: do_swap_page: prefetch fault 6355 "GLThread 445" 7eb0288000 4905a
    GLThread 445-6412  [004] ...1  6354.460289: do_swap_page: prefetch miss 6355 "GLThread 445" 7eafd34000 1690ca
    GLThread 445-6412  [006] ....  6354.460328: do_swap_page: prefetch fault 6355 "GLThread 445" 7ed0b8c000 11074
           <...>-6477  [006] ...1  6354.460357: do_swap_page: prefetch miss 6355 "GLThread 445" 7eb0288000 4905a
           <...>-6477  [006] ....  6354.460402: do_swap_page: prefetch fault 6355 "GLThread 445" 7e92504000 179065
    GLThread 445-6412  [004] ...1  6354.462291: do_swap_page: prefetch miss 6355 "GLThread 445" 7ed0b8c000 11074
    GLThread 445-6412  [004] ....  6354.462344: do_swap_page: prefetch fault 6355 "GLThread 445" 7eafd35000 1690cb
           <...>-6477  [006] ...1  6354.462367: do_swap_page: prefetch miss 6355 "GLThread 445" 7e92504000 179065
           <...>-6477  [004] ....  6354.462401: do_swap_page: prefetch fault 6355 "GLThread 445" 7e84976000 17d038
    GLThread 445-6412  [006] ...1  6354.464314: do_swap_page: prefetch miss 6355 "GLThread 445" 7eafd35000 1690cb
    GLThread 445-6412  [006] ....  6354.464362: do_swap_page: prefetch fault 6355 "GLThread 445" 7e9b343000 17505d
           <...>-6477  [004] ...1  6354.464421: do_swap_page: prefetch miss 6355 "GLThread 445" 7e84976000 17d038
           <...>-6477  [004] ....  6354.464463: do_swap_page: prefetch fault 6355 "GLThread 445" 7e9241a000 179067
    GLThread 445-6412  [006] ...1  6354.466396: do_swap_page: prefetch miss 6355 "GLThread 445" 7e9b343000 17505d
    GLThread 445-6412  [006] ....  6354.466417: do_swap_page: prefetch fault 6355 "GLThread 445" 7e9e961000 11076
           <...>-6477  [004] ...1  6354.466426: do_swap_page: prefetch miss 6355 "GLThread 445" 7e9241a000 179067
           <...>-30347 [004] ....  6354.467067: do_swap_page: prefetch fault 790 "netd" 7fbcd23000 171064
           <...>-6477  [004] ....  6354.467595: do_swap_page: prefetch fault 6355 "GLThread 445" 7eafdb9000 179069
    GLThread 445-6412  [006] ...1  6354.469096: do_swap_page: prefetch miss 6355 "GLThread 445" 7e9e961000 11076
    GLThread 445-6412  [005] ....  6354.469126: do_swap_page: prefetch fault 6355 "GLThread 445" 7eaf37f000 11077
           <...>-30347 [004] ...1  6354.469156: do_swap_page: prefetch miss 790 "netd" 7fbcd23000 171064
           <...>-30347 [004] ....  6354.469211: do_swap_page: prefetch fault 790 "netd" 7fba09f000 5090
           <...>-6477  [004] ...1  6354.470159: do_swap_page: prefetch miss 6355 "GLThread 445" 7eafdb9000 179069
    GLThread 445-6412  [005] ...1  6354.471460: do_swap_page: prefetch miss 6355 "GLThread 445" 7eaf37f000 11077
    GLThread 445-6412  [005] ....  6354.471502: do_swap_page: prefetch fault 6355 "GLThread 445" 7eaf3c8000 11078
           <...>-30347 [004] ...1  6354.471562: do_swap_page: prefetch miss 790 "netd" 7fba09f000 5090
    GLThread 445-6412  [005] ...1  6354.473577: do_swap_page: prefetch miss 6355 "GLThread 445" 7eaf3c8000 11078
    GLThread 445-6412  [005] ....  6354.473621: do_swap_page: prefetch fault 6355 "GLThread 445" 7e9ea72000 17505e
    GLThread 445-6412  [005] ...1  6354.475595: do_swap_page: prefetch miss 6355 "GLThread 445" 7e9ea72000 17505e
    GLThread 445-6412  [005] ....  6354.475623: do_swap_page: prefetch fault 6355 "GLThread 445" 7e9ea9c000 1107a
    GLThread 445-6412  [005] ...1  6354.477820: do_swap_page: prefetch miss 6355 "GLThread 445" 7e9ea9c000 1107a
    GLThread 445-6412  [005] ....  6354.477832: do_swap_page: prefetch fault 6355 "GLThread 445" 7e9ec01000 17505f
    GLThread 445-6412  [005] ...1  6354.479621: do_swap_page: prefetch miss 6355 "GLThread 445" 7e9ec01000 17505f
    GLThread 445-6412  [005] ....  6354.479669: do_swap_page: prefetch fault 6355 "GLThread 445" 7e9eb86000 1107c
    GLThread 445-6412  [005] ...1  6354.481746: do_swap_page: prefetch miss 6355 "GLThread 445" 7e9eb86000 1107c
    GLThread 445-6412  [005] ....  6354.481753: do_swap_page: prefetch fault 6355 "GLThread 445" 7e9b306000 175060
    GLThread 445-6412  [005] ...1  6354.483815: do_swap_page: prefetch miss 6355 "GLThread 445" 7e9b306000 175060
    GLThread 445-6412  [005] ....  6354.483861: do_swap_page: prefetch fault 6355 "GLThread 445" 7eafd31000 175061
    GLThread 445-6412  [005] ...1  6354.485768: do_swap_page: prefetch miss 6355 "GLThread 445" 7eafd31000 175061
    GLThread 445-6412  [005] ....  6354.485826: do_swap_page: prefetch fault 6355 "GLThread 445" 7eafd2c000 175063
    GLThread 445-6412  [005] ...1  6354.487356: do_swap_page: prefetch miss 6355 "GLThread 445" 7eafd2c000 175063
    GLThread 445-6412  [005] ....  6354.487371: do_swap_page: prefetch fault 6355 "GLThread 445" 7eafd36000 17902b
           <...>-30344 [007] ....  6354.488124: do_swap_page: prefetch fault 6355 "pool-11-thread-" 7222f000 175064
    GLThread 445-6412  [005] ...1  6354.488813: do_swap_page: prefetch miss 6355 "GLThread 445" 7eafd36000 17902b
    GLThread 445-6412  [005] ....  6354.488825: do_swap_page: prefetch fault 6355 "GLThread 445" 7eafd2d000 175065
           <...>-6399  [007] ....  6354.490769: do_swap_page: prefetch fault 6355 "pool-7-thread-1" 7eabffe000 169078
           <...>-30344 [007] ...1  6354.491033: do_swap_page: prefetch miss 6355 "pool-11-thread-" 7222f000 175064
    GLThread 445-6412  [006] ...1  6354.491106: do_swap_page: prefetch miss 6355 "GLThread 445" 7eafd2d000 175065
    GLThread 445-6412  [006] ....  6354.491172: do_swap_page: prefetch fault 6355 "GLThread 445" 7e9ea9a000 175066
           <...>-6399  [007] ...1  6354.493563: do_swap_page: prefetch miss 6355 "pool-7-thread-1" 7eabffe000 169078
           <...>-6399  [007] ....  6354.493614: do_swap_page: prefetch fault 6355 "pool-7-thread-1" 7e8451c000 171098
    GLThread 445-6412  [006] ...1  6354.493618: do_swap_page: prefetch miss 6355 "GLThread 445" 7e9ea9a000 175066
    GLThread 445-6412  [006] ....  6354.493631: do_swap_page: prefetch fault 6355 "GLThread 445" 7e9eba3000 11083
           <...>-6399  [007] ...1  6354.496468: do_swap_page: prefetch miss 6355 "pool-7-thread-1" 7e8451c000 171098
    GLThread 445-6412  [006] ...1  6354.496499: do_swap_page: prefetch miss 6355 "GLThread 445" 7e9eba3000 11083
    GLThread 445-6412  [006] ....  6354.496514: do_swap_page: prefetch fault 6355 "GLThread 445" 7eb04f0000 175067
           <...>-6399  [007] ....  6354.496635: do_swap_page: prefetch fault 6355 "pool-7-thread-1" 73063000 290fd
    GLThread 445-6412  [006] ...1  6354.499170: do_swap_page: prefetch miss 6355 "GLThread 445" 7eb04f0000 175067
    GLThread 445-6412  [006] ....  6354.499196: do_swap_page: prefetch fault 6355 "GLThread 445" 7e9b878000 11085
           <...>-6399  [007] ...1  6354.499233: do_swap_page: prefetch miss 6355 "pool-7-thread-1" 73063000 290fd
           <...>-6399  [007] ....  6354.499309: do_swap_page: prefetch fault 6355 "pool-7-thread-1" 7fbc3ea000 175050
    GLThread 445-6412  [006] ...1  6354.501275: do_swap_page: prefetch miss 6355 "GLThread 445" 7e9b878000 11085
           <...>-6399  [007] ...1  6354.501292: do_swap_page: prefetch miss 6355 "pool-7-thread-1" 7fbc3ea000 175050
    GLThread 445-6412  [006] ....  6354.501325: do_swap_page: prefetch fault 6355 "GLThread 445" 7eafca0000 11086
    GLThread 445-6412  [006] ...1  6354.504805: do_swap_page: prefetch miss 6355 "GLThread 445" 7eafca0000 11086
    GLThread 445-6412  [006] ....  6354.504838: do_swap_page: prefetch fault 6355 "GLThread 445" 7eb014b000 175068
           <...>-6399  [007] ....  6354.505040: do_swap_page: prefetch fault 6355 "pool-7-thread-1" 7eac5c4000 175054
    GLThread 445-6412  [006] ...1  6354.507096: do_swap_page: prefetch miss 6355 "GLThread 445" 7eb014b000 175068
    GLThread 445-6412  [006] ....  6354.507106: do_swap_page: prefetch fault 6355 "GLThread 445" 7eaf645000 11088
           <...>-6399  [007] ...1  6354.507154: do_swap_page: prefetch miss 6355 "pool-7-thread-1" 7eac5c4000 175054
    GLThread 445-6412  [006] ...1  6354.509180: do_swap_page: prefetch miss 6355 "GLThread 445" 7eaf645000 11088
    GLThread 445-6412  [006] ....  6354.509188: do_swap_page: prefetch fault 6355 "GLThread 445" 7eb0561000 17902c
           <...>-6399  [005] ....  6354.509316: do_swap_page: prefetch fault 6355 "pool-7-thread-1" 7eac106000 169087
    GLThread 445-6412  [006] ...1  6354.511144: do_swap_page: prefetch miss 6355 "GLThread 445" 7eb0561000 17902c
    GLThread 445-6412  [006] ....  6354.511158: do_swap_page: prefetch fault 6355 "GLThread 445" 7eaf5ff000 1108a
           <...>-6399  [005] ...1  6354.511218: do_swap_page: prefetch miss 6355 "pool-7-thread-1" 7eac106000 169087
           <...>-6399  [005] ....  6354.511328: do_swap_page: prefetch fault 6355 "pool-7-thread-1" 7eac479000 16909c
           <...>-6399  [005] ...1  6354.513224: do_swap_page: prefetch miss 6355 "pool-7-thread-1" 7eac479000 16909c
    GLThread 445-6412  [006] ...1  6354.513247: do_swap_page: prefetch miss 6355 "GLThread 445" 7eaf5ff000 1108a
    GLThread 445-6412  [006] ....  6354.513264: do_swap_page: prefetch fault 6355 "GLThread 445" 7e9b6ad000 d0f3
           <...>-6399  [006] ....  6354.513274: do_swap_page: prefetch fault 6355 "pool-7-thread-1" 7e844d3000 17d050
           <...>-6399  [006] ...1  6354.515468: do_swap_page: prefetch miss 6355 "pool-7-thread-1" 7e844d3000 17d050
    GLThread 445-6412  [005] ...1  6354.515505: do_swap_page: prefetch miss 6355 "GLThread 445" 7e9b6ad000 d0f3
           <...>-6399  [006] ....  6354.515547: do_swap_page: prefetch fault 6355 "pool-7-thread-1" 7eac162000 17d04a
    GLThread 445-6412  [006] ....  6354.515554: do_swap_page: prefetch fault 6355 "GLThread 445" 7eaf643000 d0fa
    GLThread 445-6412  [005] ...1  6354.517802: do_swap_page: prefetch miss 6355 "GLThread 445" 7eaf643000 d0fa
           <...>-6399  [006] ...1  6354.517816: do_swap_page: prefetch miss 6355 "pool-7-thread-1" 7eac162000 17d04a
           <...>-6399  [006] ....  6354.517824: do_swap_page: prefetch fault 6355 "pool-7-thread-1" 7eac4ec000 1690a8
    GLThread 445-6412  [006] ....  6354.517830: do_swap_page: prefetch fault 6355 "GLThread 445" 7eb0530000 1690cc
    GLThread 445-6412  [006] ...1  6354.519725: do_swap_page: prefetch miss 6355 "GLThread 445" 7eb0530000 1690cc
    GLThread 445-6412  [006] ....  6354.519769: do_swap_page: prefetch fault 6355 "GLThread 445" 7e9ebfa000 d0f5
           <...>-6399  [006] ...1  6354.519773: do_swap_page: prefetch miss 6355 "pool-7-thread-1" 7eac4ec000 1690a8
           <...>-6399  [006] ....  6354.519954: do_swap_page: prefetch fault 6355 "pool-7-thread-1" 7fbc3fc000 175053
    GLThread 445-6412  [006] ...1  6354.522132: do_swap_page: prefetch miss 6355 "GLThread 445" 7e9ebfa000 d0f5
    GLThread 445-6412  [006] ....  6354.522170: do_swap_page: prefetch fault 6355 "GLThread 445" 7eb0531000 1690cd
           <...>-6399  [006] ...1  6354.522411: do_swap_page: prefetch miss 6355 "pool-7-thread-1" 7fbc3fc000 175053
           <...>-6399  [006] ....  6354.522549: do_swap_page: prefetch fault 6355 "pool-7-thread-1" 7eac5c5000 169098
    GLThread 445-6412  [006] ...1  6354.524438: do_swap_page: prefetch miss 6355 "GLThread 445" 7eb0531000 1690cd
    GLThread 445-6412  [006] ....  6354.524471: do_swap_page: prefetch fault 6355 "GLThread 445" 7eaf5f3000 d0f7
           <...>-6399  [005] ...1  6354.524531: do_swap_page: prefetch miss 6355 "pool-7-thread-1" 7eac5c5000 169098
           <...>-6399  [005] ....  6354.524609: do_swap_page: prefetch fault 6355 "pool-7-thread-1" 7eac150000 17d05d
    GLThread 445-6412  [006] ...1  6354.527262: do_swap_page: prefetch miss 6355 "GLThread 445" 7eaf5f3000 d0f7
           <...>-6399  [005] ...1  6354.527281: do_swap_page: prefetch miss 6355 "pool-7-thread-1" 7eac150000 17d05d
    GLThread 445-6412  [006] ....  6354.527293: do_swap_page: prefetch fault 6355 "GLThread 445" 7eaf633000 1690ce
           <...>-6399  [006] ....  6354.527300: do_swap_page: prefetch fault 6355 "pool-7-thread-1" 7eac0d5000 490c7
    GLThread 445-6412  [006] ...1  6354.529362: do_swap_page: prefetch miss 6355 "GLThread 445" 7eaf633000 1690ce
           <...>-6399  [005] ...1  6354.529382: do_swap_page: prefetch miss 6355 "pool-7-thread-1" 7eac0d5000 490c7
    GLThread 445-6412  [006] ....  6354.529394: do_swap_page: prefetch fault 6355 "GLThread 445" 7eaf254000 d0f9
           <...>-6399  [005] ....  6354.529666: do_swap_page: prefetch fault 6355 "pool-7-thread-1" 7fbc3e8000 4d008
    GLThread 445-6412  [006] ...1  6354.531483: do_swap_page: prefetch miss 6355 "GLThread 445" 7eaf254000 d0f9
    GLThread 445-6412  [006] ....  6354.531507: do_swap_page: prefetch fault 6355 "GLThread 445" 7eaf635000 1690cf
           <...>-6399  [005] ...1  6354.531528: do_swap_page: prefetch miss 6355 "pool-7-thread-1" 7fbc3e8000 4d008
           <...>-6399  [005] ....  6354.531956: do_swap_page: prefetch fault 6355 "pool-7-thread-1" 7eac2a7000 17900b
    GLThread 445-6412  [006] ...1  6354.533569: do_swap_page: prefetch miss 6355 "GLThread 445" 7eaf635000 1690cf
           <...>-6399  [005] ...1  6354.533594: do_swap_page: prefetch miss 6355 "pool-7-thread-1" 7eac2a7000 17900b
    GLThread 445-6412  [006] ....  6354.533615: do_swap_page: prefetch fault 6355 "GLThread 445" 7eb014c000 1690d0
           <...>-6399  [005] ....  6354.533763: do_swap_page: prefetch fault 6355 "pool-7-thread-1" 7ec5a11000 45081
    GLThread 445-6412  [006] ...1  6354.535562: do_swap_page: prefetch miss 6355 "GLThread 445" 7eb014c000 1690d0
           <...>-6399  [005] ...1  6354.535588: do_swap_page: prefetch miss 6355 "pool-7-thread-1" 7ec5a11000 45081
    GLThread 445-6412  [006] ....  6354.535599: do_swap_page: prefetch fault 6355 "GLThread 445" 7e9eb0c000 50f7
           <...>-6399  [005] ....  6354.535694: do_swap_page: prefetch fault 6355 "pool-7-thread-1" 7eac107000 169095
    GLThread 445-6412  [006] ...1  6354.537664: do_swap_page: prefetch miss 6355 "GLThread 445" 7e9eb0c000 50f7
    GLThread 445-6412  [004] ....  6354.537683: do_swap_page: prefetch fault 6355 "GLThread 445" 7e9ec18000 1690d1
           <...>-6399  [006] ...1  6354.537705: do_swap_page: prefetch miss 6355 "pool-7-thread-1" 7eac107000 169095
           <...>-6399  [006] ....  6354.538104: do_swap_page: prefetch fault 6355 "pool-7-thread-1" 7fbc3fe000 16908e
    GLThread 445-6412  [006] ...1  6354.541936: do_swap_page: prefetch miss 6355 "GLThread 445" 7e9ec18000 1690d1
    GLThread 445-6412  [006] ....  6354.541988: do_swap_page: prefetch fault 6355 "GLThread 445" 7e9ec19000 1690d2
           <...>-6399  [006] ...1  6354.541992: do_swap_page: prefetch miss 6355 "pool-7-thread-1" 7fbc3fe000 16908e
           <...>-6399  [006] ....  6354.542060: do_swap_page: prefetch fault 6355 "pool-7-thread-1" 7fbc400000 169091
    GLThread 445-6412  [006] ...1  6354.543840: do_swap_page: prefetch miss 6355 "GLThread 445" 7e9ec19000 1690d2
    GLThread 445-6412  [006] ....  6354.543862: do_swap_page: prefetch fault 6355 "GLThread 445" 7e9eceb000 1690d3
           <...>-6399  [005] ...1  6354.543879: do_swap_page: prefetch miss 6355 "pool-7-thread-1" 7fbc400000 169091
           <...>-6399  [005] ....  6354.544249: do_swap_page: prefetch fault 6355 "pool-7-thread-1" 7ec5ef8000 45087
    GLThread 445-6412  [006] ...1  6354.545883: do_swap_page: prefetch miss 6355 "GLThread 445" 7e9eceb000 1690d3
    GLThread 445-6412  [006] ....  6354.545895: do_swap_page: prefetch fault 6355 "GLThread 445" 7e9ecf0000 1690d4
           <...>-6399  [005] ...1  6354.545912: do_swap_page: prefetch miss 6355 "pool-7-thread-1" 7ec5ef8000 45087
           <...>-6399  [005] ....  6354.545949: do_swap_page: prefetch fault 6355 "pool-7-thread-1" 7eac037000 16908a
    GLThread 445-6412  [006] ...1  6354.547773: do_swap_page: prefetch miss 6355 "GLThread 445" 7e9ecf0000 1690d4
    GLThread 445-6412  [006] ....  6354.547785: do_swap_page: prefetch fault 6355 "GLThread 445" 7e9ecec000 1690d5
           <...>-6399  [004] ...1  6354.547834: do_swap_page: prefetch miss 6355 "pool-7-thread-1" 7eac037000 16908a
           <...>-6399  [004] ....  6354.547883: do_swap_page: prefetch fault 6355 "pool-7-thread-1" 7eac038000 16908f
    GLThread 445-6412  [006] ...1  6354.550981: do_swap_page: prefetch miss 6355 "GLThread 445" 7e9ecec000 1690d5
           <...>-6399  [004] ...1  6354.550997: do_swap_page: prefetch miss 6355 "pool-7-thread-1" 7eac038000 16908f
    GLThread 445-6412  [006] ....  6354.551025: do_swap_page: prefetch fault 6355 "GLThread 445" 7e9ecf2000 1690d6
           <...>-6399  [004] ....  6354.551501: do_swap_page: prefetch fault 6355 "pool-7-thread-1" 7f2d668000 169097
    GLThread 445-6412  [006] ...1  6354.552861: do_swap_page: prefetch miss 6355 "GLThread 445" 7e9ecf2000 1690d6
    GLThread 445-6412  [006] ....  6354.552875: do_swap_page: prefetch fault 6355 "GLThread 445" 7e9ecfa000 1690d7
           <...>-6399  [004] ...1  6354.552892: do_swap_page: prefetch miss 6355 "pool-7-thread-1" 7f2d668000 169097
           <...>-6399  [004] ....  6354.553352: do_swap_page: prefetch fault 6355 "pool-7-thread-1" 7f28b83000 4900c
    GLThread 445-6412  [006] ...1  6354.554860: do_swap_page: prefetch miss 6355 "GLThread 445" 7e9ecfa000 1690d7
           <...>-6399  [004] ...1  6354.554883: do_swap_page: prefetch miss 6355 "pool-7-thread-1" 7f28b83000 4900c
           <...>-6399  [004] ....  6354.554909: do_swap_page: prefetch fault 6355 "pool-7-thread-1" 7f28ae5000 4900e
    GLThread 445-6412  [004] ....  6354.554918: do_swap_page: prefetch fault 6355 "GLThread 445" 7e9ecfc000 1690d8
    GLThread 445-6412  [006] ...1  6354.556729: do_swap_page: prefetch miss 6355 "GLThread 445" 7e9ecfc000 1690d8
           <...>-6399  [004] ...1  6354.556745: do_swap_page: prefetch miss 6355 "pool-7-thread-1" 7f28ae5000 4900e
    GLThread 445-6412  [006] ....  6354.556759: do_swap_page: prefetch fault 6355 "GLThread 445" 7e9eced000 1690d9
           <...>-6399  [004] ....  6354.556825: do_swap_page: prefetch fault 6355 "pool-7-thread-1" 7e84438000 16909b
    GLThread 445-6412  [006] ...1  6354.558683: do_swap_page: prefetch miss 6355 "GLThread 445" 7e9eced000 1690d9
    GLThread 445-6412  [006] ....  6354.558694: do_swap_page: prefetch fault 6355 "GLThread 445" 7e9ed04000 1690da
           <...>-6399  [004] ...1  6354.558708: do_swap_page: prefetch miss 6355 "pool-7-thread-1" 7e84438000 16909b
           <...>-6399  [004] ....  6354.558794: do_swap_page: prefetch fault 6355 "pool-7-thread-1" 7e84439000 16909d
    GLThread 445-6412  [006] ...1  6354.560501: do_swap_page: prefetch miss 6355 "GLThread 445" 7e9ed04000 1690da
    GLThread 445-6412  [006] ....  6354.560543: do_swap_page: prefetch fault 6355 "GLThread 445" 7e9ed06000 1690db
