           <...>-654   [003] ...1  4786.950069: do_swap_page: prefetch miss 602 "ImageManager" 7fbe1f4000 1023
           <...>-6355  [006] ....  4786.950095: do_swap_page: prefetch fault 6355 ".candycrushsaga" 7f28fee000 49040
           <...>-654   [003] ....  4786.950111: do_swap_page: prefetch fault 602 "ImageManager" 7fba64d000 35069
           <...>-6355  [006] ...1  4786.951781: do_swap_page: prefetch miss 6355 ".candycrushsaga" 7f28fee000 49040
           <...>-654   [003] ...1  4786.951809: do_swap_page: prefetch miss 602 "ImageManager" 7fba64d000 35069
           <...>-6355  [005] ....  4786.951812: do_swap_page: prefetch fault 6355 ".candycrushsaga" 7eac3fe000 49041
           <...>-654   [003] ....  4786.951837: do_swap_page: prefetch fault 602 "ImageManager" 7fbe234000 1024
    GLThread 445-6412  [005] ....  4786.953458: do_swap_page: prefetch fault 6355 "GLThread 445" 7fbc15c000 49044
           <...>-6355  [006] ...1  4786.954046: do_swap_page: prefetch miss 6355 ".candycrushsaga" 7eac3fe000 49041
           <...>-6355  [006] ....  4786.954059: do_swap_page: prefetch fault 6355 ".candycrushsaga" 7eac4aa000 49042
           <...>-654   [003] ...1  4786.954075: do_swap_page: prefetch miss 602 "ImageManager" 7fbe234000 1024
           <...>-654   [003] ....  4786.954107: do_swap_page: prefetch fault 602 "ImageManager" 7fbe1f8000 1025
    GLThread 445-6412  [005] ...1  4786.955767: do_swap_page: prefetch miss 6355 "GLThread 445" 7fbc15c000 49044
           <...>-6355  [006] ...1  4786.955962: do_swap_page: prefetch miss 6355 ".candycrushsaga" 7eac4aa000 49042
           <...>-6355  [006] ....  4786.955982: do_swap_page: prefetch fault 6355 ".candycrushsaga" 7ec6487000 49043
           <...>-654   [003] ...1  4786.956039: do_swap_page: prefetch miss 602 "ImageManager" 7fbe1f8000 1025
           <...>-654   [003] ....  4786.956078: do_swap_page: prefetch fault 602 "ImageManager" 7fba64e000 35068
           <...>-6355  [006] ...1  4786.958057: do_swap_page: prefetch miss 6355 ".candycrushsaga" 7ec6487000 49043
           <...>-6355  [006] ....  4786.958067: do_swap_page: prefetch fault 6355 ".candycrushsaga" 7ec6488000 49045
           <...>-654   [003] ...1  4786.958090: do_swap_page: prefetch miss 602 "ImageManager" 7fba64e000 35068
           <...>-654   [003] ....  4786.958390: do_swap_page: prefetch fault 602 "ImageManager" 7fbe233000 1027
           <...>-6355  [006] ...1  4786.959765: do_swap_page: prefetch miss 6355 ".candycrushsaga" 7ec6488000 49045
           <...>-654   [003] ...1  4786.959797: do_swap_page: prefetch miss 602 "ImageManager" 7fbe233000 1027
           <...>-6355  [006] ....  4786.959812: do_swap_page: prefetch fault 6355 ".candycrushsaga" 7eac4ab000 49047
           <...>-654   [003] ....  4786.959821: do_swap_page: prefetch fault 602 "ImageManager" 7fbe1c8000 1028
           <...>-6355  [006] ...1  4786.961518: do_swap_page: prefetch miss 6355 ".candycrushsaga" 7eac4ab000 49047
           <...>-6355  [006] ....  4786.961539: do_swap_page: prefetch fault 6355 ".candycrushsaga" 7ec6489000 49048
           <...>-654   [003] ...1  4786.961544: do_swap_page: prefetch miss 602 "ImageManager" 7fbe1c8000 1028
           <...>-654   [003] ....  4786.961682: do_swap_page: prefetch fault 602 "ImageManager" 7fb92ed000 102c
           <...>-6355  [006] ...1  4786.963065: do_swap_page: prefetch miss 6355 ".candycrushsaga" 7ec6489000 49048
           <...>-6355  [006] ....  4786.963134: do_swap_page: prefetch fault 6355 ".candycrushsaga" 7eac4ac000 4904b
           <...>-654   [003] ...1  4786.963620: do_swap_page: prefetch miss 602 "ImageManager" 7fb92ed000 102c
           <...>-6355  [006] ...1  4786.965376: do_swap_page: prefetch miss 6355 ".candycrushsaga" 7eac4ac000 4904b
           <...>-6355  [006] ....  4786.965392: do_swap_page: prefetch fault 6355 ".candycrushsaga" 7eac4ad000 4904c
           <...>-6355  [006] ...1  4786.967591: do_swap_page: prefetch miss 6355 ".candycrushsaga" 7eac4ad000 4904c
           <...>-6355  [006] ....  4786.967607: do_swap_page: prefetch fault 6355 ".candycrushsaga" 7eac4ae000 4904d
           <...>-6355  [006] ...1  4786.969640: do_swap_page: prefetch miss 6355 ".candycrushsaga" 7eac4ae000 4904d
           <...>-6355  [006] ....  4786.969676: do_swap_page: prefetch fault 6355 ".candycrushsaga" 7eac4b6000 4904e
           <...>-6355  [006] ...1  4786.973039: do_swap_page: prefetch miss 6355 ".candycrushsaga" 7eac4b6000 4904e
           <...>-6355  [006] ....  4786.973093: do_swap_page: prefetch fault 6355 ".candycrushsaga" 7eac4b7000 4904f
           <...>-6355  [006] ...1  4786.976872: do_swap_page: prefetch miss 6355 ".candycrushsaga" 7eac4b7000 4904f
           <...>-6355  [006] ....  4786.976912: do_swap_page: prefetch fault 6355 ".candycrushsaga" 7eac4b8000 49051
           <...>-6355  [006] ...1  4786.978431: do_swap_page: prefetch miss 6355 ".candycrushsaga" 7eac4b8000 49051
           <...>-6355  [006] ....  4786.978488: do_swap_page: prefetch fault 6355 ".candycrushsaga" 7ec6462000 49053
           <...>-6355  [006] ...1  4786.980161: do_swap_page: prefetch miss 6355 ".candycrushsaga" 7ec6462000 49053
           <...>-6355  [006] ....  4786.980213: do_swap_page: prefetch fault 6355 ".candycrushsaga" 7ec649d000 49054
           <...>-6355  [006] ...1  4786.982060: do_swap_page: prefetch miss 6355 ".candycrushsaga" 7ec649d000 49054
           <...>-6355  [006] ....  4786.982095: do_swap_page: prefetch fault 6355 ".candycrushsaga" 7ec649e000 49055
           <...>-6355  [006] ...1  4786.984557: do_swap_page: prefetch miss 6355 ".candycrushsaga" 7ec649e000 49055
           <...>-6395  [006] ....  4786.984735: do_swap_page: prefetch fault 6355 "RenderThread" 7f28fbd000 49056
           <...>-6395  [006] ...1  4786.986892: do_swap_page: prefetch miss 6355 "RenderThread" 7f28fbd000 49056
           <...>-6395  [006] ....  4786.986906: do_swap_page: prefetch fault 6355 "RenderThread" 7ec61fb000 49057
           <...>-6395  [006] ...1  4786.988751: do_swap_page: prefetch miss 6355 "RenderThread" 7ec61fb000 49057
           <...>-6395  [006] ....  4786.988757: do_swap_page: prefetch fault 6355 "RenderThread" 7ec61ff000 49058
           <...>-6395  [006] ...1  4786.990490: do_swap_page: prefetch miss 6355 "RenderThread" 7ec61ff000 49058
           <...>-6395  [006] ....  4786.990510: do_swap_page: prefetch fault 6355 "RenderThread" 7ec6441000 1d089
           <...>-6395  [006] ...1  4786.992202: do_swap_page: prefetch miss 6355 "RenderThread" 7ec6441000 1d089
           <...>-6395  [006] ....  4786.992211: do_swap_page: prefetch fault 6355 "RenderThread" 7ec61ea000 4d099
           <...>-6395  [006] ...1  4786.994175: do_swap_page: prefetch miss 6355 "RenderThread" 7ec61ea000 4d099
           <...>-6395  [006] ....  4786.994183: do_swap_page: prefetch fault 6355 "RenderThread" 7f28b8e000 4d09a
           <...>-6395  [006] ...1  4786.995903: do_swap_page: prefetch miss 6355 "RenderThread" 7f28b8e000 4d09a
           <...>-6395  [006] ....  4786.995909: do_swap_page: prefetch fault 6355 "RenderThread" 7f28bc6000 1d08c
           <...>-6395  [006] ...1  4786.997747: do_swap_page: prefetch miss 6355 "RenderThread" 7f28bc6000 1d08c
           <...>-6395  [006] ....  4786.997753: do_swap_page: prefetch fault 6355 "RenderThread" 7f28bc7000 4d09b
           <...>-6395  [006] ...1  4787.000154: do_swap_page: prefetch miss 6355 "RenderThread" 7f28bc7000 4d09b
           <...>-6395  [006] ....  4787.000182: do_swap_page: prefetch fault 6355 "RenderThread" 7ed1ab7000 4d09c
           <...>-6395  [006] ...1  4787.002083: do_swap_page: prefetch miss 6355 "RenderThread" 7ed1ab7000 4d09c
           <...>-6395  [006] ....  4787.002091: do_swap_page: prefetch fault 6355 "RenderThread" 7ed1ad6000 4d09d
           <...>-6395  [006] ...1  4787.003852: do_swap_page: prefetch miss 6355 "RenderThread" 7ed1ad6000 4d09d
           <...>-6395  [006] ....  4787.003859: do_swap_page: prefetch fault 6355 "RenderThread" 7ec6380000 1d090
           <...>-6395  [006] ...1  4787.005717: do_swap_page: prefetch miss 6355 "RenderThread" 7ec6380000 1d090
           <...>-6395  [006] ....  4787.005724: do_swap_page: prefetch fault 6355 "RenderThread" 7f28fb1000 4d09e
           <...>-6395  [006] ...1  4787.007409: do_swap_page: prefetch miss 6355 "RenderThread" 7f28fb1000 4d09e
           <...>-6395  [006] ....  4787.007416: do_swap_page: prefetch fault 6355 "RenderThread" 7f28edb000 4d09f
           <...>-6395  [006] ...1  4787.009693: do_swap_page: prefetch miss 6355 "RenderThread" 7f28edb000 4d09f
           <...>-6395  [006] ....  4787.009709: do_swap_page: prefetch fault 6355 "RenderThread" 7f28fb2000 4d0a0
           <...>-6395  [006] ...1  4787.011431: do_swap_page: prefetch miss 6355 "RenderThread" 7f28fb2000 4d0a0
           <...>-6395  [006] ....  4787.011438: do_swap_page: prefetch fault 6355 "RenderThread" 7f28edc000 4d0a1
           <...>-6395  [006] ...1  4787.013401: do_swap_page: prefetch miss 6355 "RenderThread" 7f28edc000 4d0a1
           <...>-6395  [006] ....  4787.013444: do_swap_page: prefetch fault 6355 "RenderThread" 7f28fe6000 4d0a2
           <...>-6395  [004] ...1  4787.015236: do_swap_page: prefetch miss 6355 "RenderThread" 7f28fe6000 4d0a2
           <...>-6395  [004] ....  4787.015263: do_swap_page: prefetch fault 6355 "RenderThread" 7f28a93000 4d0a3
    GLThread 445-6412  [006] ....  4787.016094: do_swap_page: prefetch fault 6355 "GLThread 445" 7eafdb6000 49046
           <...>-6395  [004] ...1  4787.017241: do_swap_page: prefetch miss 6355 "RenderThread" 7f28a93000 4d0a3
           <...>-6395  [004] ....  4787.017257: do_swap_page: prefetch fault 6355 "RenderThread" 7f28b18000 4d0b3
    GLThread 445-6412  [006] ...1  4787.017932: do_swap_page: prefetch miss 6355 "GLThread 445" 7eafdb6000 49046
           <...>-6395  [004] ...1  4787.018900: do_swap_page: prefetch miss 6355 "RenderThread" 7f28b18000 4d0b3
           <...>-6415  [005] ....  4787.019086: do_swap_page: prefetch fault 6355 "hwuiTask0" 7f318bd000 5103d
           <...>-6395  [005] ....  4787.019600: do_swap_page: prefetch fault 6355 "RenderThread" 7e84aa6000 51098
           <...>-6415  [006] ...1  4787.020829: do_swap_page: prefetch miss 6355 "hwuiTask0" 7f318bd000 5103d
           <...>-6395  [005] ...1  4787.020854: do_swap_page: prefetch miss 6355 "RenderThread" 7e84aa6000 51098
           <...>-6395  [005] ....  4787.020895: do_swap_page: prefetch fault 6355 "RenderThread" 7e84b0b000 510a1
           <...>-2199  [006] ....  4787.021115: do_swap_page: prefetch fault 602 "Binder:602_5" 7fbc964000 3506b
           <...>-6395  [005] ...1  4787.022641: do_swap_page: prefetch miss 6355 "RenderThread" 7e84b0b000 510a1
           <...>-2199  [004] ...1  4787.022673: do_swap_page: prefetch miss 602 "Binder:602_5" 7fbc964000 3506b
           <...>-6395  [005] ....  4787.022678: do_swap_page: prefetch fault 6355 "RenderThread" 7e92438000 4905c
           <...>-2199  [004] ....  4787.022730: do_swap_page: prefetch fault 602 "Binder:602_5" 7fbc963000 102b
           <...>-6395  [007] ...1  4787.024520: do_swap_page: prefetch miss 6355 "RenderThread" 7e92438000 4905c
           <...>-2199  [004] ...1  4787.024524: do_swap_page: prefetch miss 602 "Binder:602_5" 7fbc963000 102b
           <...>-6395  [007] ....  4787.024568: do_swap_page: prefetch fault 6355 "RenderThread" 7ec8d17000 4905f
           <...>-6395  [007] ...1  4787.026922: do_swap_page: prefetch miss 6355 "RenderThread" 7ec8d17000 4905f
           <...>-6395  [007] ....  4787.026930: do_swap_page: prefetch fault 6355 "RenderThread" 7ec8d18000 49065
           <...>-6395  [007] ...1  4787.028727: do_swap_page: prefetch miss 6355 "RenderThread" 7ec8d18000 49065
           <...>-6395  [007] ....  4787.028733: do_swap_page: prefetch fault 6355 "RenderThread" 7ec8d19000 49066
           <...>-6395  [007] ...1  4787.031722: do_swap_page: prefetch miss 6355 "RenderThread" 7ec8d19000 49066
           <...>-6395  [007] ....  4787.031738: do_swap_page: prefetch fault 6355 "RenderThread" 7ec8d16000 49067
    GLThread 445-6412  [006] ....  4787.032925: do_swap_page: prefetch fault 6355 "GLThread 445" 7eaf5df000 49050
           <...>-6395  [007] ...1  4787.033397: do_swap_page: prefetch miss 6355 "RenderThread" 7ec8d16000 49067
           <...>-6395  [007] ....  4787.033449: do_swap_page: prefetch fault 6355 "RenderThread" 7ec61e5000 49068
    GLThread 445-6412  [006] ...1  4787.035861: do_swap_page: prefetch miss 6355 "GLThread 445" 7eaf5df000 49050
           <...>-6395  [007] ...1  4787.035882: do_swap_page: prefetch miss 6355 "RenderThread" 7ec61e5000 49068
           <...>-6395  [007] ....  4787.035892: do_swap_page: prefetch fault 6355 "RenderThread" 7ec61fc000 49069
    GLThread 445-6412  [006] ....  4787.036172: do_swap_page: prefetch fault 6355 "GLThread 445" 7e9efea000 450f1
           <...>-6395  [007] ...1  4787.040632: do_swap_page: prefetch miss 6355 "RenderThread" 7ec61fc000 49069
           <...>-6395  [007] ....  4787.040663: do_swap_page: prefetch fault 6355 "RenderThread" 7fbb31b000 1d09b
    GLThread 445-6412  [006] ...1  4787.040723: do_swap_page: prefetch miss 6355 "GLThread 445" 7e9efea000 450f1
    GLThread 445-6412  [006] ....  4787.040757: do_swap_page: prefetch fault 6355 "GLThread 445" 7e9b5bb000 450f2
           <...>-6395  [007] ...1  4787.042281: do_swap_page: prefetch miss 6355 "RenderThread" 7fbb31b000 1d09b
           <...>-6395  [007] ....  4787.042291: do_swap_page: prefetch fault 6355 "RenderThread" 7ec61dc000 4d0bb
    GLThread 445-6412  [006] ...1  4787.042849: do_swap_page: prefetch miss 6355 "GLThread 445" 7e9b5bb000 450f2
    GLThread 445-6412  [006] ....  4787.042879: do_swap_page: prefetch fault 6355 "GLThread 445" 7e9efee000 450f3
           <...>-6395  [007] ...1  4787.044262: do_swap_page: prefetch miss 6355 "RenderThread" 7ec61dc000 4d0bb
           <...>-6395  [007] ....  4787.044270: do_swap_page: prefetch fault 6355 "RenderThread" 7ec61dd000 510a7
    GLThread 445-6412  [006] ...1  4787.044320: do_swap_page: prefetch miss 6355 "GLThread 445" 7e9efee000 450f3
           <...>-6395  [007] ...1  4787.046275: do_swap_page: prefetch miss 6355 "RenderThread" 7ec61dd000 510a7
           <...>-6395  [007] ....  4787.046292: do_swap_page: prefetch fault 6355 "RenderThread" 7ec64a8000 4905d
           <...>-6395  [007] ...1  4787.048194: do_swap_page: prefetch miss 6355 "RenderThread" 7ec64a8000 4905d
           <...>-6395  [007] ....  4787.048200: do_swap_page: prefetch fault 6355 "RenderThread" 7ec64a9000 4d0bd
           <...>-6395  [007] ...1  4787.049919: do_swap_page: prefetch miss 6355 "RenderThread" 7ec64a9000 4d0bd
           <...>-6395  [007] ....  4787.049949: do_swap_page: prefetch fault 6355 "RenderThread" 7ec64c7000 4d0be
           <...>-6395  [007] ...1  4787.051890: do_swap_page: prefetch miss 6355 "RenderThread" 7ec64c7000 4d0be
           <...>-6395  [007] ....  4787.051918: do_swap_page: prefetch fault 6355 "RenderThread" 7ec8d15000 4d0bf
           <...>-6395  [007] ...1  4787.054454: do_swap_page: prefetch miss 6355 "RenderThread" 7ec8d15000 4d0bf
           <...>-6395  [007] ....  4787.054464: do_swap_page: prefetch fault 6355 "RenderThread" 7ec8d14000 4d0c2
           <...>-6395  [007] ...1  4787.056721: do_swap_page: prefetch miss 6355 "RenderThread" 7ec8d14000 4d0c2
           <...>-6395  [007] ....  4787.056732: do_swap_page: prefetch fault 6355 "RenderThread" 7ec8d13000 4d0c3
           <...>-6395  [007] ...1  4787.059017: do_swap_page: prefetch miss 6355 "RenderThread" 7ec8d13000 4d0c3
           <...>-6395  [007] ....  4787.059059: do_swap_page: prefetch fault 6355 "RenderThread" 7f28c64000 4d0c4
           <...>-6395  [007] ...1  4787.061794: do_swap_page: prefetch miss 6355 "RenderThread" 7f28c64000 4d0c4
           <...>-6395  [007] ....  4787.061807: do_swap_page: prefetch fault 6355 "RenderThread" 7ed1af8000 450fc
           <...>-6395  [007] ...1  4787.063623: do_swap_page: prefetch miss 6355 "RenderThread" 7ed1af8000 450fc
           <...>-6395  [007] ....  4787.063636: do_swap_page: prefetch fault 6355 "RenderThread" 7ed1af3000 510a9
    GLThread 445-6412  [006] ....  4787.066359: do_swap_page: prefetch fault 6355 "GLThread 445" 7e9ea75000 4d0a4
           <...>-6395  [007] ...1  4787.066591: do_swap_page: prefetch miss 6355 "RenderThread" 7ed1af3000 510a9
           <...>-6395  [007] ....  4787.066613: do_swap_page: prefetch fault 6355 "RenderThread" 7f28d9d000 21044
    GLThread 445-6412  [006] ...1  4787.068255: do_swap_page: prefetch miss 6355 "GLThread 445" 7e9ea75000 4d0a4
           <...>-6395  [007] ...1  4787.068276: do_swap_page: prefetch miss 6355 "RenderThread" 7f28d9d000 21044
           <...>-6395  [007] ....  4787.068290: do_swap_page: prefetch fault 6355 "RenderThread" 7f28d9e000 21045
           <...>-6477  [006] ....  4787.068348: do_swap_page: prefetch fault 6355 "GLThread 445" 7eac0ea000 4d0a5
           <...>-6395  [007] ...1  4787.070183: do_swap_page: prefetch miss 6355 "RenderThread" 7f28d9e000 21045
           <...>-6395  [007] ....  4787.070284: do_swap_page: prefetch fault 6355 "RenderThread" 7f28fe2000 510aa
           <...>-6477  [006] ...1  4787.070353: do_swap_page: prefetch miss 6355 "GLThread 445" 7eac0ea000 4d0a5
           <...>-6477  [006] ....  4787.070366: do_swap_page: prefetch fault 6355 "GLThread 445" 7eac0eb000 4d0a6
           <...>-6395  [007] ...1  4787.072837: do_swap_page: prefetch miss 6355 "RenderThread" 7f28fe2000 510aa
           <...>-6395  [007] ....  4787.072848: do_swap_page: prefetch fault 6355 "RenderThread" 7ec6497000 510ac
           <...>-6477  [006] ...1  4787.072891: do_swap_page: prefetch miss 6355 "GLThread 445" 7eac0eb000 4d0a6
           <...>-6477  [006] ....  4787.072946: do_swap_page: prefetch fault 6355 "GLThread 445" 7eac530000 4d0ae
           <...>-6395  [007] ...1  4787.077555: do_swap_page: prefetch miss 6355 "RenderThread" 7ec6497000 510ac
           <...>-6395  [007] ....  4787.077563: do_swap_page: prefetch fault 6355 "RenderThread" 7ec6496000 510ad
           <...>-6477  [006] ...1  4787.077605: do_swap_page: prefetch miss 6355 "GLThread 445" 7eac530000 4d0ae
           <...>-6477  [006] ....  4787.077672: do_swap_page: prefetch fault 6355 "GLThread 445" 7eac395000 4d0ab
           <...>-6395  [007] ...1  4787.079274: do_swap_page: prefetch miss 6355 "RenderThread" 7ec6496000 510ad
           <...>-6395  [007] ....  4787.079285: do_swap_page: prefetch fault 6355 "RenderThread" 7f28f65000 510ae
           <...>-6477  [006] ...1  4787.079335: do_swap_page: prefetch miss 6355 "GLThread 445" 7eac395000 4d0ab
           <...>-6477  [006] ....  4787.079392: do_swap_page: prefetch fault 6355 "GLThread 445" 7eacb5f000 4d0ac
           <...>-6395  [007] ...1  4787.081026: do_swap_page: prefetch miss 6355 "RenderThread" 7f28f65000 510ae
           <...>-6395  [007] ....  4787.081032: do_swap_page: prefetch fault 6355 "RenderThread" 7f28f66000 2104a
           <...>-6477  [006] ...1  4787.081071: do_swap_page: prefetch miss 6355 "GLThread 445" 7eacb5f000 4d0ac
           <...>-6477  [006] ....  4787.081126: do_swap_page: prefetch fault 6355 "GLThread 445" 7eac0ec000 4d0ad
           <...>-6395  [007] ...1  4787.082935: do_swap_page: prefetch miss 6355 "RenderThread" 7f28f66000 2104a
           <...>-6395  [007] ....  4787.082944: do_swap_page: prefetch fault 6355 "RenderThread" 7ec6207000 510af
           <...>-6477  [006] ...1  4787.083010: do_swap_page: prefetch miss 6355 "GLThread 445" 7eac0ec000 4d0ad
           <...>-6477  [006] ....  4787.083213: do_swap_page: prefetch fault 6355 "GLThread 445" 7eafc8a000 4d0af
           <...>-6395  [007] ...1  4787.084731: do_swap_page: prefetch miss 6355 "RenderThread" 7ec6207000 510af
           <...>-6395  [007] ....  4787.084753: do_swap_page: prefetch fault 6355 "RenderThread" 7f28fe3000 510b0
           <...>-6477  [006] ...1  4787.084809: do_swap_page: prefetch miss 6355 "GLThread 445" 7eafc8a000 4d0af
           <...>-6477  [006] ....  4787.084841: do_swap_page: prefetch fault 6355 "GLThread 445" 7eafc89000 4d0b0
           <...>-6395  [007] ...1  4787.086854: do_swap_page: prefetch miss 6355 "RenderThread" 7f28fe3000 510b0
           <...>-6395  [007] ....  4787.086874: do_swap_page: prefetch fault 6355 "RenderThread" 7ec61db000 510b1
           <...>-6477  [006] ...1  4787.086918: do_swap_page: prefetch miss 6355 "GLThread 445" 7eafc89000 4d0b0
           <...>-6477  [006] ....  4787.086960: do_swap_page: prefetch fault 6355 "GLThread 445" 7eafc88000 4d0b2
           <...>-6395  [007] ...1  4787.089203: do_swap_page: prefetch miss 6355 "RenderThread" 7ec61db000 510b1
           <...>-6395  [007] ....  4787.089211: do_swap_page: prefetch fault 6355 "RenderThread" 7f28eda000 510b2
           <...>-6477  [006] ...1  4787.089252: do_swap_page: prefetch miss 6355 "GLThread 445" 7eafc88000 4d0b2
           <...>-6477  [006] ....  4787.089283: do_swap_page: prefetch fault 6355 "GLThread 445" 7ed1b20000 4d0b4
           <...>-6395  [007] ...1  4787.091272: do_swap_page: prefetch miss 6355 "RenderThread" 7f28eda000 510b2
           <...>-6395  [007] ....  4787.091283: do_swap_page: prefetch fault 6355 "RenderThread" 7ed1b24000 510b3
           <...>-6477  [006] ...1  4787.091333: do_swap_page: prefetch miss 6355 "GLThread 445" 7ed1b20000 4d0b4
           <...>-6477  [006] ....  4787.091405: do_swap_page: prefetch fault 6355 "GLThread 445" 7eac6d6000 5501b
           <...>-6395  [007] ...1  4787.093391: do_swap_page: prefetch miss 6355 "RenderThread" 7ed1b24000 510b3
           <...>-6395  [007] ....  4787.093399: do_swap_page: prefetch fault 6355 "RenderThread" 7ed1b23000 510b4
           <...>-6477  [006] ...1  4787.093445: do_swap_page: prefetch miss 6355 "GLThread 445" 7eac6d6000 5501b
           <...>-6477  [006] ....  4787.093526: do_swap_page: prefetch fault 6355 "GLThread 445" 7eacb5e000 4d0b8
           <...>-6395  [007] ...1  4787.095197: do_swap_page: prefetch miss 6355 "RenderThread" 7ed1b23000 510b4
           <...>-6395  [007] ....  4787.095204: do_swap_page: prefetch fault 6355 "RenderThread" 7ec6498000 510b5
           <...>-6477  [006] ...1  4787.095251: do_swap_page: prefetch miss 6355 "GLThread 445" 7eacb5e000 4d0b8
           <...>-6477  [006] ....  4787.095319: do_swap_page: prefetch fault 6355 "GLThread 445" 7eac2a2000 49061
           <...>-6395  [007] ...1  4787.097050: do_swap_page: prefetch miss 6355 "RenderThread" 7ec6498000 510b5
           <...>-6395  [007] ....  4787.097076: do_swap_page: prefetch fault 6355 "RenderThread" 7f28fb3000 21054
           <...>-6477  [006] ...1  4787.097136: do_swap_page: prefetch miss 6355 "GLThread 445" 7eac2a2000 49061
           <...>-6477  [006] ....  4787.097176: do_swap_page: prefetch fault 6355 "GLThread 445" 7eb0288000 4905a
           <...>-6395  [007] ...1  4787.099024: do_swap_page: prefetch miss 6355 "RenderThread" 7f28fb3000 21054
           <...>-6395  [007] ....  4787.099032: do_swap_page: prefetch fault 6355 "RenderThread" 7ec61fe000 510b7
           <...>-6477  [006] ...1  4787.099139: do_swap_page: prefetch miss 6355 "GLThread 445" 7eb0288000 4905a
           <...>-6477  [006] ....  4787.099249: do_swap_page: prefetch fault 6355 "GLThread 445" 7e84400000 49063
           <...>-6395  [007] ...1  4787.101800: do_swap_page: prefetch miss 6355 "RenderThread" 7ec61fe000 510b7
           <...>-6395  [007] ....  4787.101809: do_swap_page: prefetch fault 6355 "RenderThread" 7ec6499000 1909a
           <...>-6477  [006] ...1  4787.101883: do_swap_page: prefetch miss 6355 "GLThread 445" 7e84400000 49063
           <...>-6477  [006] ....  4787.101968: do_swap_page: prefetch fault 6355 "GLThread 445" 7e9241a000 49064
           <...>-6395  [007] ...1  4787.104571: do_swap_page: prefetch miss 6355 "RenderThread" 7ec6499000 1909a
           <...>-6395  [007] ....  4787.104578: do_swap_page: prefetch fault 6355 "RenderThread" 7ed1b09000 1909b
           <...>-6477  [006] ...1  4787.104618: do_swap_page: prefetch miss 6355 "GLThread 445" 7e9241a000 49064
           <...>-24823 [004] ....  4787.105603: do_swap_page: prefetch fault 790 "netd" 7fbcd23000 3506a
           <...>-6395  [007] ...1  4787.106257: do_swap_page: prefetch miss 6355 "RenderThread" 7ed1b09000 1909b
           <...>-6395  [007] ....  4787.106275: do_swap_page: prefetch fault 6355 "RenderThread" 7ec6445000 510b8
           <...>-24823 [004] ...1  4787.107877: do_swap_page: prefetch miss 790 "netd" 7fbcd23000 3506a
           <...>-6395  [007] ...1  4787.107894: do_swap_page: prefetch miss 6355 "RenderThread" 7ec6445000 510b8
           <...>-6395  [007] ....  4787.107903: do_swap_page: prefetch fault 6355 "RenderThread" 7f28ed4000 1909d
           <...>-6395  [007] ...1  4787.110012: do_swap_page: prefetch miss 6355 "RenderThread" 7f28ed4000 1909d
           <...>-6395  [007] ....  4787.110022: do_swap_page: prefetch fault 6355 "RenderThread" 7ec649a000 510b9
           <...>-6395  [007] ...1  4787.112469: do_swap_page: prefetch miss 6355 "RenderThread" 7ec649a000 510b9
           <...>-6395  [007] ....  4787.112481: do_swap_page: prefetch fault 6355 "RenderThread" 7ec6444000 510ba
           <...>-6395  [007] ...1  4787.114332: do_swap_page: prefetch miss 6355 "RenderThread" 7ec6444000 510ba
           <...>-6395  [007] ....  4787.114342: do_swap_page: prefetch fault 6355 "RenderThread" 7ec6200000 510bb
           <...>-6395  [007] ...1  4787.116268: do_swap_page: prefetch miss 6355 "RenderThread" 7ec6200000 510bb
           <...>-6395  [007] ....  4787.116284: do_swap_page: prefetch fault 6355 "RenderThread" 7ec61ed000 1d09f
           <...>-6395  [007] ...1  4787.118230: do_swap_page: prefetch miss 6355 "RenderThread" 7ec61ed000 1d09f
           <...>-6395  [007] ....  4787.118239: do_swap_page: prefetch fault 6355 "RenderThread" 7ec6455000 510bc
           <...>-6395  [007] ...1  4787.120035: do_swap_page: prefetch miss 6355 "RenderThread" 7ec6455000 510bc
           <...>-6395  [007] ....  4787.120129: do_swap_page: prefetch fault 6355 "RenderThread" 7ed1b21000 1d0a1
           <...>-6395  [007] ...1  4787.122708: do_swap_page: prefetch miss 6355 "RenderThread" 7ed1b21000 1d0a1
           <...>-6395  [007] ....  4787.122727: do_swap_page: prefetch fault 6355 "RenderThread" 7ed1b22000 510bd
           <...>-6395  [007] ...1  4787.124703: do_swap_page: prefetch miss 6355 "RenderThread" 7ed1b22000 510bd
           <...>-6395  [007] ....  4787.124715: do_swap_page: prefetch fault 6355 "RenderThread" 7ec61e8000 510be
           <...>-6395  [007] ...1  4787.127231: do_swap_page: prefetch miss 6355 "RenderThread" 7ec61e8000 510be
           <...>-6395  [007] ....  4787.127277: do_swap_page: prefetch fault 6355 "RenderThread" 7f28df5000 450fd
           <...>-6395  [007] ...1  4787.129372: do_swap_page: prefetch miss 6355 "RenderThread" 7f28df5000 450fd
           <...>-6395  [007] ....  4787.129380: do_swap_page: prefetch fault 6355 "RenderThread" 7f28fe4000 110ff
           <...>-6395  [007] ...1  4787.131368: do_swap_page: prefetch miss 6355 "RenderThread" 7f28fe4000 110ff
           <...>-6395  [007] ....  4787.131482: do_swap_page: prefetch fault 6355 "RenderThread" 7ec61f2000 450fe
           <...>-6395  [007] ...1  4787.133253: do_swap_page: prefetch miss 6355 "RenderThread" 7ec61f2000 450fe
           <...>-6395  [007] ....  4787.133434: do_swap_page: prefetch fault 6355 "RenderThread" 7f28de2000 450ff
           <...>-6395  [007] ...1  4787.135184: do_swap_page: prefetch miss 6355 "RenderThread" 7f28de2000 450ff
           <...>-6395  [007] ....  4787.135211: do_swap_page: prefetch fault 6355 "RenderThread" 7f28de3000 25001
           <...>-6395  [007] ...1  4787.137124: do_swap_page: prefetch miss 6355 "RenderThread" 7f28de3000 25001
           <...>-6395  [007] ....  4787.137236: do_swap_page: prefetch fault 6355 "RenderThread" 7eac163000 55000
           <...>-6395  [007] ...1  4787.139561: do_swap_page: prefetch miss 6355 "RenderThread" 7eac163000 55000
           <...>-6395  [007] ....  4787.139617: do_swap_page: prefetch fault 6355 "RenderThread" 7fbba78000 55001
           <...>-6395  [007] ...1  4787.142969: do_swap_page: prefetch miss 6355 "RenderThread" 7fbba78000 55001
           <...>-6355  [007] ....  4787.143085: do_swap_page: prefetch fault 6355 ".candycrushsaga" 9f13d000 25002
           <...>-6355  [007] ...1  4787.144985: do_swap_page: prefetch miss 6355 ".candycrushsaga" 9f13d000 25002
           <...>-6355  [007] ....  4787.145000: do_swap_page: prefetch fault 6355 ".candycrushsaga" 9f0ef000 25003
           <...>-6355  [007] ...1  4787.146849: do_swap_page: prefetch miss 6355 ".candycrushsaga" 9f0ef000 25003
           <...>-1988  [005] ....  4787.147265: do_swap_page: prefetch fault 1344 "Binder:1344_A" 7f206b9000 25005
           <...>-1988  [005] ...1  4787.150468: do_swap_page: prefetch miss 1344 "Binder:1344_A" 7f206b9000 25005
           <...>-1988  [005] ....  4787.150535: do_swap_page: prefetch fault 1344 "Binder:1344_A" 9f15c000 25006
           <...>-1988  [005] ...1  4787.152353: do_swap_page: prefetch miss 1344 "Binder:1344_A" 9f15c000 25006
           <...>-6355  [005] ....  4787.152450: do_swap_page: prefetch fault 6355 ".candycrushsaga" 7ec649f000 55003
           <...>-6355  [005] ...1  4787.154480: do_swap_page: prefetch miss 6355 ".candycrushsaga" 7ec649f000 55003
           <...>-1988  [005] ....  4787.154595: do_swap_page: prefetch fault 1344 "Binder:1344_A" 7ed1734000 1d0a5
           <...>-1988  [005] ...1  4787.158355: do_swap_page: prefetch miss 1344 "Binder:1344_A" 7ed1734000 1d0a5
           <...>-1988  [005] ....  4787.158439: do_swap_page: prefetch fault 1344 "Binder:1344_A" 7f206ba000 3506f
           <...>-1988  [005] ...1  4787.160140: do_swap_page: prefetch miss 1344 "Binder:1344_A" 7f206ba000 3506f
           <...>-6355  [005] ....  4787.160411: do_swap_page: prefetch fault 6355 ".candycrushsaga" 7fbc83f000 55004
           <...>-6355  [005] ...1  4787.162604: do_swap_page: prefetch miss 6355 ".candycrushsaga" 7fbc83f000 55004
           <...>-1247  [006] ....  4787.164487: do_swap_page: prefetch fault 910 "Binder:910_1" f352c000 45017
           <...>-1247  [005] ...1  4787.166469: do_swap_page: prefetch miss 910 "Binder:910_1" f352c000 45017
           <...>-1247  [005] ....  4787.166502: do_swap_page: prefetch fault 910 "Binder:910_1" f713e000 35072
           <...>-1247  [005] ...1  4787.168148: do_swap_page: prefetch miss 910 "Binder:910_1" f713e000 35072
           <...>-1247  [005] ....  4787.168156: do_swap_page: prefetch fault 910 "Binder:910_1" f7a4a000 45013
           <...>-1247  [005] ...1  4787.169994: do_swap_page: prefetch miss 910 "Binder:910_1" f7a4a000 45013
           <...>-1247  [005] ....  4787.170003: do_swap_page: prefetch fault 910 "Binder:910_1" f3501000 4502c
           <...>-1247  [005] ...1  4787.171607: do_swap_page: prefetch miss 910 "Binder:910_1" f3501000 4502c
           <...>-1247  [005] ....  4787.171620: do_swap_page: prefetch fault 910 "Binder:910_1" f3582000 4504c
           <...>-1247  [005] ...1  4787.173696: do_swap_page: prefetch miss 910 "Binder:910_1" f3582000 4504c
           <...>-1247  [005] ....  4787.173718: do_swap_page: prefetch fault 910 "Binder:910_1" f3502000 35073
           <...>-1247  [005] ...1  4787.175586: do_swap_page: prefetch miss 910 "Binder:910_1" f3502000 35073
           <...>-1247  [005] ....  4787.175595: do_swap_page: prefetch fault 910 "Binder:910_1" f3505000 4501b
           <...>-1247  [005] ...1  4787.179964: do_swap_page: prefetch miss 910 "Binder:910_1" f3505000 4501b
           <...>-1247  [005] ....  4787.179986: do_swap_page: prefetch fault 910 "Binder:910_1" f72e8000 390a8
           <...>-1247  [005] ...1  4787.181910: do_swap_page: prefetch miss 910 "Binder:910_1" f72e8000 390a8
           <...>-1247  [005] ....  4787.181923: do_swap_page: prefetch fault 910 "Binder:910_1" f7a05000 390a9
           <...>-1247  [005] ...1  4787.183478: do_swap_page: prefetch miss 910 "Binder:910_1" f7a05000 390a9
           <...>-1247  [005] ....  4787.183487: do_swap_page: prefetch fault 910 "Binder:910_1" f7a5c000 390aa
           <...>-1247  [005] ...1  4787.185518: do_swap_page: prefetch miss 910 "Binder:910_1" f7a5c000 390aa
           <...>-1247  [005] ....  4787.185547: do_swap_page: prefetch fault 910 "Binder:910_1" f7141000 d083
           <...>-1247  [005] ...1  4787.187203: do_swap_page: prefetch miss 910 "Binder:910_1" f7141000 d083
           <...>-1247  [005] ....  4787.187210: do_swap_page: prefetch fault 910 "Binder:910_1" f7a09000 45025
           <...>-1247  [005] ...1  4787.189626: do_swap_page: prefetch miss 910 "Binder:910_1" f7a09000 45025
           <...>-1247  [005] ....  4787.189660: do_swap_page: prefetch fault 910 "Binder:910_1" f3531000 390ae
           <...>-1247  [005] ...1  4787.191459: do_swap_page: prefetch miss 910 "Binder:910_1" f3531000 390ae
           <...>-1247  [005] ....  4787.191504: do_swap_page: prefetch fault 910 "Binder:910_1" f5d55000 d087
           <...>-1247  [005] ...1  4787.193756: do_swap_page: prefetch miss 910 "Binder:910_1" f5d55000 d087
           <...>-1247  [005] ....  4787.193799: do_swap_page: prefetch fault 910 "Binder:910_1" f7a14000 d088
           <...>-1247  [005] ...1  4787.196003: do_swap_page: prefetch miss 910 "Binder:910_1" f7a14000 d088
           <...>-1247  [005] ....  4787.196031: do_swap_page: prefetch fault 910 "Binder:910_1" f7b09000 390af
           <...>-1247  [005] ...1  4787.198092: do_swap_page: prefetch miss 910 "Binder:910_1" f7b09000 390af
           <...>-1247  [005] ....  4787.198116: do_swap_page: prefetch fault 910 "Binder:910_1" f7b00000 390b0
           <...>-1247  [005] ...1  4787.200009: do_swap_page: prefetch miss 910 "Binder:910_1" f7b00000 390b0
           <...>-1247  [005] ....  4787.200042: do_swap_page: prefetch fault 910 "Binder:910_1" f7a10000 45016
           <...>-1247  [005] ...1  4787.202166: do_swap_page: prefetch miss 910 "Binder:910_1" f7a10000 45016
           <...>-1247  [005] ....  4787.202212: do_swap_page: prefetch fault 910 "Binder:910_1" f3546000 390b1
           <...>-1247  [005] ...1  4787.204081: do_swap_page: prefetch miss 910 "Binder:910_1" f3546000 390b1
           <...>-1247  [005] ....  4787.204111: do_swap_page: prefetch fault 910 "Binder:910_1" f2e2b000 45029
           <...>-1247  [005] ...1  4787.206219: do_swap_page: prefetch miss 910 "Binder:910_1" f2e2b000 45029
           <...>-1247  [005] ....  4787.206244: do_swap_page: prefetch fault 910 "Binder:910_1" f3500000 390b3
           <...>-24820 [007] ....  4787.207392: do_swap_page: prefetch fault 6355 "pool-11-thread-" 9f0e8000 4d0bc
           <...>-1247  [005] ...1  4787.208284: do_swap_page: prefetch miss 910 "Binder:910_1" f3500000 390b3
           <...>-1247  [005] ....  4787.208315: do_swap_page: prefetch fault 910 "Binder:910_1" f5af6000 d08f
           <...>-24820 [007] ...1  4787.210554: do_swap_page: prefetch miss 6355 "pool-11-thread-" 9f0e8000 4d0bc
           <...>-24820 [007] ....  4787.210593: do_swap_page: prefetch fault 6355 "pool-11-thread-" 7fbe5d6000 510a4
           <...>-1247  [005] ...1  4787.210640: do_swap_page: prefetch miss 910 "Binder:910_1" f5af6000 d08f
           <...>-1247  [005] ....  4787.210687: do_swap_page: prefetch fault 910 "Binder:910_1" f7a06000 45015
           <...>-24820 [007] ...1  4787.212277: do_swap_page: prefetch miss 6355 "pool-11-thread-" 7fbe5d6000 510a4
           <...>-24820 [007] ....  4787.212299: do_swap_page: prefetch fault 6355 "pool-11-thread-" 7fbded4000 510a5
           <...>-1247  [005] ...1  4787.212341: do_swap_page: prefetch miss 910 "Binder:910_1" f7a06000 45015
           <...>-1247  [005] ....  4787.212398: do_swap_page: prefetch fault 910 "Binder:910_1" f351d000 390b4
           <...>-24820 [007] ...1  4787.214679: do_swap_page: prefetch miss 6355 "pool-11-thread-" 7fbded4000 510a5
           <...>-24820 [007] ....  4787.214734: do_swap_page: prefetch fault 6355 "pool-11-thread-" 7f28ece000 510a6
           <...>-1247  [005] ...1  4787.214768: do_swap_page: prefetch miss 910 "Binder:910_1" f351d000 390b4
           <...>-1247  [005] ....  4787.214823: do_swap_page: prefetch fault 910 "Binder:910_1" f7a64000 390b5
           <...>-24820 [007] ...1  4787.216696: do_swap_page: prefetch miss 6355 "pool-11-thread-" 7f28ece000 510a6
           <...>-1247  [005] ...1  4787.217271: do_swap_page: prefetch miss 910 "Binder:910_1" f7a64000 390b5
           <...>-1247  [005] ....  4787.217314: do_swap_page: prefetch fault 910 "Binder:910_1" f3529000 45022
           <...>-1247  [005] ...1  4787.219392: do_swap_page: prefetch miss 910 "Binder:910_1" f3529000 45022
           <...>-1247  [005] ....  4787.219429: do_swap_page: prefetch fault 910 "Binder:910_1" f354b000 4502f
           <...>-1247  [005] ...1  4787.221518: do_swap_page: prefetch miss 910 "Binder:910_1" f354b000 4502f
           <...>-1247  [005] ....  4787.221644: do_swap_page: prefetch fault 910 "Binder:910_1" f7b08000 45018
    Binder:910_5-3580  [005] ....  4787.221752: do_swap_page: prefetch fault 910 "Binder:910_5" f2df1000 45019
           <...>-1247  [005] ...1  4787.223678: do_swap_page: prefetch miss 910 "Binder:910_1" f7b08000 45018
    Binder:910_5-3580  [005] ...1  4787.223699: do_swap_page: prefetch miss 910 "Binder:910_5" f2df1000 45019
    Binder:910_5-3580  [005] ....  4787.223714: do_swap_page: prefetch fault 910 "Binder:910_5" f3516000 4501a
    Binder:910_5-3580  [005] ...1  4787.225831: do_swap_page: prefetch miss 910 "Binder:910_5" f3516000 4501a
    Binder:910_5-3580  [005] ....  4787.225842: do_swap_page: prefetch fault 910 "Binder:910_5" f3573000 4501c
    Binder:910_5-3580  [005] ...1  4787.227984: do_swap_page: prefetch miss 910 "Binder:910_5" f3573000 4501c
    Binder:910_5-3580  [005] ....  4787.227994: do_swap_page: prefetch fault 910 "Binder:910_5" f2df0000 3d09e
    Binder:910_5-3580  [005] ...1  4787.229711: do_swap_page: prefetch miss 910 "Binder:910_5" f2df0000 3d09e
    Binder:910_5-3580  [005] ....  4787.229720: do_swap_page: prefetch fault 910 "Binder:910_5" f7a0b000 3d09f
    Binder:910_5-3580  [005] ...1  4787.231797: do_swap_page: prefetch miss 910 "Binder:910_5" f7a0b000 3d09f
    Binder:910_5-3580  [005] ....  4787.231809: do_swap_page: prefetch fault 910 "Binder:910_5" f7a3a000 3d0a0
    Binder:910_5-3580  [005] ...1  4787.233616: do_swap_page: prefetch miss 910 "Binder:910_5" f7a3a000 3d0a0
    Binder:910_5-3580  [005] ....  4787.233629: do_swap_page: prefetch fault 910 "Binder:910_5" f3541000 3d0a1
    Binder:910_5-3580  [005] ...1  4787.235517: do_swap_page: prefetch miss 910 "Binder:910_5" f3541000 3d0a1
    Binder:910_5-3580  [005] ....  4787.235525: do_swap_page: prefetch fault 910 "Binder:910_5" f7a24000 d098
    Binder:910_5-3580  [005] ...1  4787.237531: do_swap_page: prefetch miss 910 "Binder:910_5" f7a24000 d098
    Binder:910_5-3580  [005] ....  4787.237546: do_swap_page: prefetch fault 910 "Binder:910_5" f6af4000 3d0a2
    Binder:910_5-3580  [005] ...1  4787.239784: do_swap_page: prefetch miss 910 "Binder:910_5" f6af4000 3d0a2
    Binder:910_5-3580  [005] ....  4787.239792: do_swap_page: prefetch fault 910 "Binder:910_5" f7a12000 390b9
    Binder:910_5-3580  [005] ...1  4787.241866: do_swap_page: prefetch miss 910 "Binder:910_5" f7a12000 390b9
    Binder:910_5-3580  [005] ....  4787.241881: do_swap_page: prefetch fault 910 "Binder:910_5" f3533000 3d0a3
    Binder:910_5-3580  [005] ...1  4787.244058: do_swap_page: prefetch miss 910 "Binder:910_5" f3533000 3d0a3
    Binder:910_5-3580  [005] ....  4787.244096: do_swap_page: prefetch fault 910 "Binder:910_5" f356b000 3d0a4
    Binder:910_5-3580  [005] ...1  4787.246767: do_swap_page: prefetch miss 910 "Binder:910_5" f356b000 3d0a4
    Binder:910_5-3580  [005] ....  4787.246776: do_swap_page: prefetch fault 910 "Binder:910_5" f3503000 390bb
    Binder:910_5-3580  [005] ...1  4787.248695: do_swap_page: prefetch miss 910 "Binder:910_5" f3503000 390bb
    Binder:910_5-3580  [005] ....  4787.248704: do_swap_page: prefetch fault 910 "Binder:910_5" f51e3000 3d0a5
    Binder:910_5-3580  [005] ...1  4787.251957: do_swap_page: prefetch miss 910 "Binder:910_5" f51e3000 3d0a5
    Binder:910_5-3580  [005] ....  4787.251988: do_swap_page: prefetch fault 910 "Binder:910_5" f27dd000 3d0a6
    Binder:910_5-3580  [005] ...1  4787.253655: do_swap_page: prefetch miss 910 "Binder:910_5" f27dd000 3d0a6
    Binder:910_5-3580  [005] ....  4787.253672: do_swap_page: prefetch fault 910 "Binder:910_5" f7b12000 3d0a9
    Binder:910_5-3580  [005] ...1  4787.255604: do_swap_page: prefetch miss 910 "Binder:910_5" f7b12000 3d0a9
    Binder:910_5-3580  [005] ....  4787.255612: do_swap_page: prefetch fault 910 "Binder:910_5" f7b05000 90be
    Binder:910_5-3580  [005] ...1  4787.257584: do_swap_page: prefetch miss 910 "Binder:910_5" f7b05000 90be
    Binder:910_5-3580  [005] ....  4787.257610: do_swap_page: prefetch fault 910 "Binder:910_5" f7146000 50a1
    Binder:910_5-3580  [005] ...1  4787.259379: do_swap_page: prefetch miss 910 "Binder:910_5" f7146000 50a1
    Binder:910_5-3580  [005] ....  4787.259385: do_swap_page: prefetch fault 910 "Binder:910_5" f3601000 3d0ab
    Binder:910_5-3580  [005] ...1  4787.262178: do_swap_page: prefetch miss 910 "Binder:910_5" f3601000 3d0ab
    Binder:910_5-3580  [005] ....  4787.262222: do_swap_page: prefetch fault 910 "Binder:910_5" f3603000 3d0aa
    Binder:910_5-3580  [005] ...1  4787.264160: do_swap_page: prefetch miss 910 "Binder:910_5" f3603000 3d0aa
    Binder:910_5-3580  [005] ....  4787.264207: do_swap_page: prefetch fault 910 "Binder:910_5" f3604000 3d0ac
    Binder:910_5-3580  [005] ...1  4787.266129: do_swap_page: prefetch miss 910 "Binder:910_5" f3604000 3d0ac
    Binder:910_5-3580  [005] ....  4787.266160: do_swap_page: prefetch fault 910 "Binder:910_5" f3600000 3d0ad
    Binder:910_5-3580  [005] ...1  4787.268026: do_swap_page: prefetch miss 910 "Binder:910_5" f3600000 3d0ad
    Binder:910_5-3580  [005] ....  4787.268074: do_swap_page: prefetch fault 910 "Binder:910_5" f3538000 35074
    Binder:910_5-3580  [005] ...1  4787.269979: do_swap_page: prefetch miss 910 "Binder:910_5" f3538000 35074
    Binder:910_5-3580  [005] ....  4787.270094: do_swap_page: prefetch fault 910 "Binder:910_5" f20a5000 390bc
    Binder:910_5-3580  [005] ...1  4787.272802: do_swap_page: prefetch miss 910 "Binder:910_5" f20a5000 390bc
    Binder:910_5-3580  [005] ....  4787.272855: do_swap_page: prefetch fault 910 "Binder:910_5" f3554000 390e5
           <...>-24824 [002] ....  4787.273002: do_swap_page: prefetch fault 910 "Binder:910_5" f7b03000 390b8
    Binder:910_5-3580  [005] ...1  4787.274591: do_swap_page: prefetch miss 910 "Binder:910_5" f3554000 390e5
           <...>-24824 [006] ...1  4787.274625: do_swap_page: prefetch miss 910 "Binder:910_5" f7b03000 390b8
    Binder:910_5-3580  [005] ....  4787.274629: do_swap_page: prefetch fault 910 "Binder:910_5" f713f000 d09b
           <...>-24824 [006] ....  4787.274663: do_swap_page: prefetch fault 910 "Binder:910_5" f7b07000 390be
    Binder:910_5-3580  [005] ...1  4787.276482: do_swap_page: prefetch miss 910 "Binder:910_5" f713f000 d09b
           <...>-24824 [006] ...1  4787.276499: do_swap_page: prefetch miss 910 "Binder:910_5" f7b07000 390be
           <...>-24824 [006] ....  4787.276508: do_swap_page: prefetch fault 910 "Binder:910_5" f7143000 90bc
    Binder:910_5-3580  [006] ....  4787.276516: do_swap_page: prefetch fault 910 "Binder:910_5" f7f29000 90bd
    Binder:910_5-3580  [005] ...1  4787.278201: do_swap_page: prefetch miss 910 "Binder:910_5" f7f29000 90bd
           <...>-24824 [006] ...1  4787.278215: do_swap_page: prefetch miss 910 "Binder:910_5" f7143000 90bc
           <...>-24824 [006] ....  4787.278222: do_swap_page: prefetch fault 910 "Binder:910_5" f7a0c000 4501d
    Binder:910_5-3580  [006] ....  4787.278228: do_swap_page: prefetch fault 910 "Binder:910_5" f662a000 4501e
    Binder:910_5-3580  [005] ...1  4787.279900: do_swap_page: prefetch miss 910 "Binder:910_5" f662a000 4501e
           <...>-24824 [006] ...1  4787.279917: do_swap_page: prefetch miss 910 "Binder:910_5" f7a0c000 4501d
           <...>-24824 [006] ....  4787.279947: do_swap_page: prefetch fault 910 "Binder:910_5" f7b06000 390b7
    Binder:910_5-3580  [005] ....  4787.280539: do_swap_page: prefetch fault 910 "Binder:910_5" f7a23000 45014
           <...>-24825 [001] ....  4787.280690: do_swap_page: prefetch fault 910 "Binder:910_5" f7b0c000 45021
           <...>-24824 [006] ...1  4787.285168: do_swap_page: prefetch miss 910 "Binder:910_5" f7b06000 390b7
           <...>-24824 [006] ....  4787.285198: do_swap_page: prefetch fault 910 "Binder:910_5" f7b01000 390b6
    Binder:910_5-3580  [005] ...1  4787.285212: do_swap_page: prefetch miss 910 "Binder:910_5" f7a23000 45014
    Binder:910_5-3580  [005] ....  4787.285275: do_swap_page: prefetch fault 910 "Binder:910_5" f7a30000 45027
           <...>-24825 [005] ...1  4787.285279: do_swap_page: prefetch miss 910 "Binder:910_5" f7b0c000 45021
           <...>-24825 [005] ....  4787.285304: do_swap_page: prefetch fault 910 "Binder:910_5" f7ae8000 45023
           <...>-24824 [006] ...1  4787.287354: do_swap_page: prefetch miss 910 "Binder:910_5" f7b01000 390b6
           <...>-24824 [006] ...1  4787.287384: do_swap_page: prefetch miss 910 "Binder:910_5" f7ae8000 45023
    Binder:910_5-3580  [005] ...1  4787.287386: do_swap_page: prefetch miss 910 "Binder:910_5" f7a30000 45027
           <...>-24824 [006] ....  4787.287418: do_swap_page: prefetch fault 910 "Binder:910_5" f7ae9000 45026
           <...>-24825 [006] ....  4787.287459: do_swap_page: prefetch fault 910 "Binder:910_5" f2e07000 45028
    Binder:910_5-3580  [003] ....  4787.287795: do_swap_page: prefetch fault 910 "Binder:910_5" f3584000 390b2
           <...>-24824 [005] ...1  4787.289209: do_swap_page: prefetch miss 910 "Binder:910_5" f7ae9000 45026
           <...>-24825 [006] ...1  4787.289222: do_swap_page: prefetch miss 910 "Binder:910_5" f2e07000 45028
           <...>-24825 [006] ....  4787.289235: do_swap_page: prefetch fault 910 "Binder:910_5" f723c000 d09d
           <...>-24824 [006] ....  4787.289242: do_swap_page: prefetch fault 910 "Binder:910_5" f2e05000 4502a
    Binder:910_5-3580  [003] ...1  4787.289311: do_swap_page: prefetch miss 910 "Binder:910_5" f3584000 390b2
    Binder:910_5-3580  [003] ....  4787.289528: do_swap_page: prefetch fault 910 "Binder:910_5" f5650000 4502b
           <...>-24824 [005] ...1  4787.291359: do_swap_page: prefetch miss 910 "Binder:910_5" f2e05000 4502a
           <...>-24824 [005] ...1  4787.291368: do_swap_page: prefetch miss 910 "Binder:910_5" f723c000 d09d
    Binder:910_5-3580  [003] ...1  4787.291401: do_swap_page: prefetch miss 910 "Binder:910_5" f5650000 4502b
           <...>-24824 [005] ....  4787.291413: do_swap_page: prefetch fault 910 "Binder:910_5" f352f000 4502e
    Binder:910_5-3580  [003] ....  4787.291529: do_swap_page: prefetch fault 910 "Binder:910_5" f3530000 4502d
           <...>-24825 [006] ...1  4787.293445: do_swap_page: prefetch miss 910 "Binder:910_5" f352f000 4502e
    Binder:910_5-3580  [003] ...1  4787.293474: do_swap_page: prefetch miss 910 "Binder:910_5" f3530000 4502d
    Binder:910_5-3580  [003] ....  4787.293592: do_swap_page: prefetch fault 910 "Binder:910_5" f5a1e000 45030
    Binder:910_5-3580  [003] ...1  4787.296115: do_swap_page: prefetch miss 910 "Binder:910_5" f5a1e000 45030
    Binder:910_5-3580  [003] ....  4787.296237: do_swap_page: prefetch fault 910 "Binder:910_5" f352d000 45031
    Binder:910_5-3580  [003] ...1  4787.298297: do_swap_page: prefetch miss 910 "Binder:910_5" f352d000 45031
    Binder:910_5-3580  [003] ....  4787.298411: do_swap_page: prefetch fault 910 "Binder:910_5" f2e0d000 45032
    Binder:910_5-3580  [003] ...1  4787.300217: do_swap_page: prefetch miss 910 "Binder:910_5" f2e0d000 45032
    Binder:910_5-3580  [003] ....  4787.300298: do_swap_page: prefetch fault 910 "Binder:910_5" f352e000 45033
    Binder:910_5-3580  [003] ...1  4787.302270: do_swap_page: prefetch miss 910 "Binder:910_5" f352e000 45033
    Binder:910_5-3580  [003] ....  4787.302382: do_swap_page: prefetch fault 910 "Binder:910_5" f3553000 390bd
    Binder:910_5-3580  [003] ...1  4787.305474: do_swap_page: prefetch miss 910 "Binder:910_5" f3553000 390bd
    Binder:910_5-3580  [003] ....  4787.305570: do_swap_page: prefetch fault 910 "Binder:910_5" f35d7000 45034
    Binder:910_5-3580  [003] ...1  4787.308452: do_swap_page: prefetch miss 910 "Binder:910_5" f35d7000 45034
           <...>-561   [002] ....  4787.308906: do_swap_page: prefetch fault 561 "hwservicemanage" 7fbd007000 250ba
           <...>-561   [002] ...1  4787.310531: do_swap_page: prefetch miss 561 "hwservicemanage" 7fbd007000 250ba
           <...>-561   [002] ....  4787.310639: do_swap_page: prefetch fault 561 "hwservicemanage" 7fbd04c000 3d089
           <...>-561   [002] ...1  4787.312683: do_swap_page: prefetch miss 561 "hwservicemanage" 7fbd04c000 3d089
           <...>-561   [002] ....  4787.312777: do_swap_page: prefetch fault 561 "hwservicemanage" 7fbd01d000 3d08b
           <...>-561   [002] ...1  4787.315859: do_swap_page: prefetch miss 561 "hwservicemanage" 7fbd01d000 3d08b
           <...>-561   [002] ....  4787.316033: do_swap_page: prefetch fault 561 "hwservicemanage" 7fbd03d000 250c7
           <...>-561   [002] ...1  4787.318586: do_swap_page: prefetch miss 561 "hwservicemanage" 7fbd03d000 250c7
           <...>-561   [002] ....  4787.318668: do_swap_page: prefetch fault 561 "hwservicemanage" 7fbd03c000 250c8
           <...>-561   [002] ...1  4787.320391: do_swap_page: prefetch miss 561 "hwservicemanage" 7fbd03c000 250c8
           <...>-561   [002] ....  4787.320469: do_swap_page: prefetch fault 561 "hwservicemanage" 7fbd03f000 250c9
