           <...>-24820 [007] ...1  4786.573675: do_swap_page: prefetch miss 6355 "pool-11-thread-" 7e9ee73000 450ab
           <...>-24820 [007] ....  4786.573781: do_swap_page: prefetch fault 6355 "pool-11-thread-" 7e9b40b000 450cc
    GLThread 445-6412  [007] ...1  4786.575622: do_swap_page: prefetch miss 6355 "GLThread 445" 7ed0b99000 19066
    GLThread 445-6412  [007] ....  4786.575629: do_swap_page: prefetch fault 6355 "GLThread 445" 7ed0cb3000 4d06e
           <...>-24820 [007] ...1  4786.575667: do_swap_page: prefetch miss 6355 "pool-11-thread-" 7e9b40b000 450cc
           <...>-24820 [007] ....  4786.576077: do_swap_page: prefetch fault 6355 "pool-11-thread-" 7e9b40c000 450cd
    GLThread 445-6412  [007] ...1  4786.577979: do_swap_page: prefetch miss 6355 "GLThread 445" 7ed0cb3000 4d06e
    GLThread 445-6412  [007] ....  4786.577988: do_swap_page: prefetch fault 6355 "GLThread 445" 7eaf65b000 4d06f
           <...>-24820 [007] ...1  4786.578036: do_swap_page: prefetch miss 6355 "pool-11-thread-" 7e9b40c000 450cd
           <...>-24820 [007] ....  4786.578406: do_swap_page: prefetch fault 6355 "pool-11-thread-" 7f2d6e7000 4d032
    GLThread 445-6412  [007] ...1  4786.579956: do_swap_page: prefetch miss 6355 "GLThread 445" 7eaf65b000 4d06f
    GLThread 445-6412  [007] ....  4786.579999: do_swap_page: prefetch fault 6355 "GLThread 445" 7ed0b77000 19069
           <...>-24820 [007] ...1  4786.580037: do_swap_page: prefetch miss 6355 "pool-11-thread-" 7f2d6e7000 4d032
           <...>-24820 [007] ....  4786.580262: do_swap_page: prefetch fault 6355 "pool-11-thread-" 7f28c3a000 4d067
    GLThread 445-6412  [007] ...1  4786.581964: do_swap_page: prefetch miss 6355 "GLThread 445" 7ed0b77000 19069
    GLThread 445-6412  [007] ....  4786.581970: do_swap_page: prefetch fault 6355 "GLThread 445" 7ed0cdf000 1906a
           <...>-24820 [007] ...1  4786.582017: do_swap_page: prefetch miss 6355 "pool-11-thread-" 7f28c3a000 4d067
           <...>-24820 [007] ....  4786.582045: do_swap_page: prefetch fault 6355 "pool-11-thread-" 7f28f42000 4d068
    GLThread 445-6412  [007] ...1  4786.583949: do_swap_page: prefetch miss 6355 "GLThread 445" 7ed0cdf000 1906a
    GLThread 445-6412  [007] ....  4786.583958: do_swap_page: prefetch fault 6355 "GLThread 445" 7ec6105000 1906b
           <...>-24820 [007] ...1  4786.584006: do_swap_page: prefetch miss 6355 "pool-11-thread-" 7f28f42000 4d068
    GLThread 445-6412  [007] ...1  4786.585725: do_swap_page: prefetch miss 6355 "GLThread 445" 7ec6105000 1906b
    GLThread 445-6412  [007] ....  4786.585735: do_swap_page: prefetch fault 6355 "GLThread 445" 7ec5f47000 1906c
    GLThread 445-6412  [007] ...1  4786.587498: do_swap_page: prefetch miss 6355 "GLThread 445" 7ec5f47000 1906c
    GLThread 445-6412  [007] ....  4786.587508: do_swap_page: prefetch fault 6355 "GLThread 445" 7ec37ec000 1906d
    GLThread 445-6412  [007] ...1  4786.589613: do_swap_page: prefetch miss 6355 "GLThread 445" 7ec37ec000 1906d
    GLThread 445-6412  [007] ....  4786.589622: do_swap_page: prefetch fault 6355 "GLThread 445" 7eb0815000 4d070
    GLThread 445-6412  [007] ...1  4786.592162: do_swap_page: prefetch miss 6355 "GLThread 445" 7eb0815000 4d070
    GLThread 445-6412  [007] ....  4786.592168: do_swap_page: prefetch fault 6355 "GLThread 445" 7eb0732000 1906f
    GLThread 445-6412  [007] ...1  4786.594190: do_swap_page: prefetch miss 6355 "GLThread 445" 7eb0732000 1906f
    GLThread 445-6412  [007] ....  4786.594196: do_swap_page: prefetch fault 6355 "GLThread 445" 7ed0b33000 4d071
    GLThread 445-6412  [007] ...1  4786.596075: do_swap_page: prefetch miss 6355 "GLThread 445" 7ed0b33000 4d071
    GLThread 445-6412  [007] ....  4786.596082: do_swap_page: prefetch fault 6355 "GLThread 445" 7ec37d6000 19071
    GLThread 445-6412  [007] ...1  4786.598944: do_swap_page: prefetch miss 6355 "GLThread 445" 7ec37d6000 19071
    GLThread 445-6412  [007] ....  4786.598950: do_swap_page: prefetch fault 6355 "GLThread 445" 7e9f06e000 19072
    GLThread 445-6412  [007] ...1  4786.600538: do_swap_page: prefetch miss 6355 "GLThread 445" 7e9f06e000 19072
    GLThread 445-6412  [007] ....  4786.600555: do_swap_page: prefetch fault 6355 "GLThread 445" 7e9b35c000 4d072
    GLThread 445-6412  [007] ...1  4786.603282: do_swap_page: prefetch miss 6355 "GLThread 445" 7e9b35c000 4d072
    GLThread 445-6412  [007] ....  4786.603290: do_swap_page: prefetch fault 6355 "GLThread 445" 7eaf926000 19074
    GLThread 445-6412  [007] ...1  4786.605630: do_swap_page: prefetch miss 6355 "GLThread 445" 7eaf926000 19074
    GLThread 445-6412  [007] ....  4786.605635: do_swap_page: prefetch fault 6355 "GLThread 445" 7ed0b06000 19075
    GLThread 445-6412  [007] ...1  4786.607682: do_swap_page: prefetch miss 6355 "GLThread 445" 7ed0b06000 19075
    GLThread 445-6412  [007] ....  4786.607703: do_swap_page: prefetch fault 6355 "GLThread 445" 7e9ebe4000 19076
    GLThread 445-6412  [007] ...1  4786.609474: do_swap_page: prefetch miss 6355 "GLThread 445" 7e9ebe4000 19076
    GLThread 445-6412  [007] ....  4786.609480: do_swap_page: prefetch fault 6355 "GLThread 445" 7e9eedc000 19077
    GLThread 445-6412  [007] ...1  4786.611251: do_swap_page: prefetch miss 6355 "GLThread 445" 7e9eedc000 19077
    GLThread 445-6412  [007] ....  4786.611258: do_swap_page: prefetch fault 6355 "GLThread 445" 7eb08c1000 4d073
    GLThread 445-6412  [007] ...1  4786.613217: do_swap_page: prefetch miss 6355 "GLThread 445" 7eb08c1000 4d073
    GLThread 445-6412  [007] ....  4786.613223: do_swap_page: prefetch fault 6355 "GLThread 445" 7e9b31a000 19079
    GLThread 445-6412  [007] ...1  4786.614838: do_swap_page: prefetch miss 6355 "GLThread 445" 7e9b31a000 19079
    GLThread 445-6412  [007] ....  4786.614843: do_swap_page: prefetch fault 6355 "GLThread 445" 7e9b342000 1907a
    GLThread 445-6412  [007] ...1  4786.616477: do_swap_page: prefetch miss 6355 "GLThread 445" 7e9b342000 1907a
    GLThread 445-6412  [007] ....  4786.616483: do_swap_page: prefetch fault 6355 "GLThread 445" 7ed0da2000 1907b
    GLThread 445-6412  [007] ...1  4786.618306: do_swap_page: prefetch miss 6355 "GLThread 445" 7ed0da2000 1907b
    GLThread 445-6412  [007] ....  4786.618318: do_swap_page: prefetch fault 6355 "GLThread 445" 7eafba3000 1907c
    GLThread 445-6412  [007] ...1  4786.619948: do_swap_page: prefetch miss 6355 "GLThread 445" 7eafba3000 1907c
    GLThread 445-6412  [007] ....  4786.619954: do_swap_page: prefetch fault 6355 "GLThread 445" 7eafba8000 4d074
    GLThread 445-6412  [007] ...1  4786.622923: do_swap_page: prefetch miss 6355 "GLThread 445" 7eafba8000 4d074
    GLThread 445-6412  [007] ....  4786.622991: do_swap_page: prefetch fault 6355 "GLThread 445" 7e9b35d000 4d075
    GLThread 445-6412  [007] ...1  4786.625059: do_swap_page: prefetch miss 6355 "GLThread 445" 7e9b35d000 4d075
    GLThread 445-6412  [007] ....  4786.625094: do_swap_page: prefetch fault 6355 "GLThread 445" 7ed0b34000 4d076
    GLThread 445-6412  [007] ...1  4786.626996: do_swap_page: prefetch miss 6355 "GLThread 445" 7ed0b34000 4d076
    GLThread 445-6412  [007] ....  4786.627043: do_swap_page: prefetch fault 6355 "GLThread 445" 7e9b383000 4d078
    GLThread 445-6412  [007] ...1  4786.631233: do_swap_page: prefetch miss 6355 "GLThread 445" 7e9b383000 4d078
    GLThread 445-6412  [007] ....  4786.631268: do_swap_page: prefetch fault 6355 "GLThread 445" 7f28fc2000 4d07a
    GLThread 445-6412  [007] ...1  4786.633339: do_swap_page: prefetch miss 6355 "GLThread 445" 7f28fc2000 4d07a
    GLThread 445-6412  [007] ....  4786.633355: do_swap_page: prefetch fault 6355 "GLThread 445" 7f2d601000 49098
    GLThread 445-6412  [007] ...1  4786.635096: do_swap_page: prefetch miss 6355 "GLThread 445" 7f2d601000 49098
    GLThread 445-6412  [007] ....  4786.635117: do_swap_page: prefetch fault 6355 "GLThread 445" 7eaf40d000 4d07d
    GLThread 445-6412  [007] ...1  4786.637130: do_swap_page: prefetch miss 6355 "GLThread 445" 7eaf40d000 4d07d
    GLThread 445-6412  [007] ....  4786.637136: do_swap_page: prefetch fault 6355 "GLThread 445" 7e9ebdb000 4d07e
    GLThread 445-6412  [007] ...1  4786.639055: do_swap_page: prefetch miss 6355 "GLThread 445" 7e9ebdb000 4d07e
    GLThread 445-6412  [007] ....  4786.639082: do_swap_page: prefetch fault 6355 "GLThread 445" 7e9ea95000 4d07f
    GLThread 445-6412  [007] ...1  4786.640989: do_swap_page: prefetch miss 6355 "GLThread 445" 7e9ea95000 4d07f
    GLThread 445-6412  [007] ....  4786.641006: do_swap_page: prefetch fault 6355 "GLThread 445" 7eaf1c0000 4d080
    GLThread 445-6412  [007] ...1  4786.642590: do_swap_page: prefetch miss 6355 "GLThread 445" 7eaf1c0000 4d080
    GLThread 445-6412  [007] ....  4786.642604: do_swap_page: prefetch fault 6355 "GLThread 445" 7ed0b09000 1d031
    GLThread 445-6412  [007] ...1  4786.644646: do_swap_page: prefetch miss 6355 "GLThread 445" 7ed0b09000 1d031
    GLThread 445-6412  [007] ....  4786.644653: do_swap_page: prefetch fault 6355 "GLThread 445" 7eb03c7000 1d032
    GLThread 445-6412  [007] ...1  4786.646303: do_swap_page: prefetch miss 6355 "GLThread 445" 7eb03c7000 1d032
    GLThread 445-6412  [007] ....  4786.646309: do_swap_page: prefetch fault 6355 "GLThread 445" 7eb043f000 1d033
    GLThread 445-6412  [007] ...1  4786.648321: do_swap_page: prefetch miss 6355 "GLThread 445" 7eb043f000 1d033
    GLThread 445-6412  [007] ....  4786.648327: do_swap_page: prefetch fault 6355 "GLThread 445" 7eb08b2000 4d081
    GLThread 445-6412  [007] ...1  4786.650939: do_swap_page: prefetch miss 6355 "GLThread 445" 7eb08b2000 4d081
    GLThread 445-6412  [007] ....  4786.650950: do_swap_page: prefetch fault 6355 "GLThread 445" 7eb08bf000 1d035
    GLThread 445-6412  [007] ...1  4786.652789: do_swap_page: prefetch miss 6355 "GLThread 445" 7eb08bf000 1d035
    GLThread 445-6412  [007] ....  4786.652800: do_swap_page: prefetch fault 6355 "GLThread 445" 7eb0363000 1d036
    GLThread 445-6412  [007] ...1  4786.655396: do_swap_page: prefetch miss 6355 "GLThread 445" 7eb0363000 1d036
    GLThread 445-6412  [007] ....  4786.655407: do_swap_page: prefetch fault 6355 "GLThread 445" 7eb041e000 1d037
    GLThread 445-6412  [007] ...1  4786.657284: do_swap_page: prefetch miss 6355 "GLThread 445" 7eb041e000 1d037
    GLThread 445-6412  [007] ....  4786.657291: do_swap_page: prefetch fault 6355 "GLThread 445" 7eb0449000 1d038
    GLThread 445-6412  [007] ...1  4786.659236: do_swap_page: prefetch miss 6355 "GLThread 445" 7eb0449000 1d038
    GLThread 445-6412  [007] ....  4786.659289: do_swap_page: prefetch fault 6355 "GLThread 445" 7e9b387000 51090
    GLThread 445-6412  [007] ...1  4786.660931: do_swap_page: prefetch miss 6355 "GLThread 445" 7e9b387000 51090
    GLThread 445-6412  [007] ....  4786.660939: do_swap_page: prefetch fault 6355 "GLThread 445" 7e9b76b000 51026
    GLThread 445-6412  [007] ...1  4786.663562: do_swap_page: prefetch miss 6355 "GLThread 445" 7e9b76b000 51026
    GLThread 445-6412  [007] ....  4786.663584: do_swap_page: prefetch fault 6355 "GLThread 445" 7ed0b35000 51091
    GLThread 445-6412  [007] ...1  4786.667128: do_swap_page: prefetch miss 6355 "GLThread 445" 7ed0b35000 51091
    GLThread 445-6412  [007] ....  4786.667145: do_swap_page: prefetch fault 6355 "GLThread 445" 7e9b388000 51092
    GLThread 445-6412  [007] ...1  4786.668933: do_swap_page: prefetch miss 6355 "GLThread 445" 7e9b388000 51092
    GLThread 445-6412  [007] ....  4786.668941: do_swap_page: prefetch fault 6355 "GLThread 445" 7eafc53000 51093
    GLThread 445-6412  [007] ...1  4786.670761: do_swap_page: prefetch miss 6355 "GLThread 445" 7eafc53000 51093
    GLThread 445-6412  [007] ....  4786.670773: do_swap_page: prefetch fault 6355 "GLThread 445" 7eafc52000 51094
    GLThread 445-6412  [007] ...1  4786.672761: do_swap_page: prefetch miss 6355 "GLThread 445" 7eafc52000 51094
    GLThread 445-6412  [007] ....  4786.672768: do_swap_page: prefetch fault 6355 "GLThread 445" 7eafc51000 51095
    GLThread 445-6412  [007] ...1  4786.674463: do_swap_page: prefetch miss 6355 "GLThread 445" 7eafc51000 51095
    GLThread 445-6412  [007] ....  4786.674529: do_swap_page: prefetch fault 6355 "GLThread 445" 7ed0da0000 1d041
    GLThread 445-6412  [007] ...1  4786.676540: do_swap_page: prefetch miss 6355 "GLThread 445" 7ed0da0000 1d041
    GLThread 445-6412  [007] ....  4786.676560: do_swap_page: prefetch fault 6355 "GLThread 445" 7ec5f95000 1d042
    GLThread 445-6412  [007] ...1  4786.678491: do_swap_page: prefetch miss 6355 "GLThread 445" 7ec5f95000 1d042
    GLThread 445-6412  [007] ....  4786.678499: do_swap_page: prefetch fault 6355 "GLThread 445" 7ec612e000 51096
    GLThread 445-6412  [007] ...1  4786.680147: do_swap_page: prefetch miss 6355 "GLThread 445" 7ec612e000 51096
    GLThread 445-6412  [007] ....  4786.680165: do_swap_page: prefetch fault 6355 "GLThread 445" 7ec6157000 1d044
    GLThread 445-6412  [007] ...1  4786.682913: do_swap_page: prefetch miss 6355 "GLThread 445" 7ec6157000 1d044
           <...>-2009  [007] ....  4786.683029: do_swap_page: prefetch fault 602 "Binder:602_4" 7fb7933000 1000
           <...>-2009  [007] ...1  4786.685187: do_swap_page: prefetch miss 602 "Binder:602_4" 7fb7933000 1000
           <...>-2009  [007] ....  4786.685230: do_swap_page: prefetch fault 602 "Binder:602_4" 7fb75a7000 1001
           <...>-2009  [007] ...1  4786.687299: do_swap_page: prefetch miss 602 "Binder:602_4" 7fb75a7000 1001
           <...>-613   [007] ....  4786.687350: do_swap_page: prefetch fault 607 "HwBinder:607_2" 7fbd026000 390a0
           <...>-613   [007] ...1  4786.689517: do_swap_page: prefetch miss 607 "HwBinder:607_2" 7fbd026000 390a0
           <...>-613   [007] ....  4786.689554: do_swap_page: prefetch fault 607 "HwBinder:607_2" 7fbbaff000 1003
           <...>-613   [007] ...1  4786.691986: do_swap_page: prefetch miss 607 "HwBinder:607_2" 7fbbaff000 1003
           <...>-613   [007] ....  4786.691993: do_swap_page: prefetch fault 607 "HwBinder:607_2" 7fbd021000 3505f
           <...>-613   [007] ...1  4786.693881: do_swap_page: prefetch miss 607 "HwBinder:607_2" 7fbd021000 3505f
           <...>-613   [007] ....  4786.693887: do_swap_page: prefetch fault 607 "HwBinder:607_2" 7fbd019000 35060
           <...>-613   [007] ...1  4786.695493: do_swap_page: prefetch miss 607 "HwBinder:607_2" 7fbd019000 35060
           <...>-613   [007] ....  4786.695508: do_swap_page: prefetch fault 607 "HwBinder:607_2" 7fbd006000 45008
           <...>-613   [007] ...1  4786.698162: do_swap_page: prefetch miss 607 "HwBinder:607_2" 7fbd006000 45008
           <...>-613   [007] ....  4786.698169: do_swap_page: prefetch fault 607 "HwBinder:607_2" 7fbd009000 45009
           <...>-613   [007] ...1  4786.699872: do_swap_page: prefetch miss 607 "HwBinder:607_2" 7fbd009000 45009
           <...>-613   [007] ....  4786.699886: do_swap_page: prefetch fault 607 "HwBinder:607_2" 7fbdafe000 390a2
           <...>-613   [007] ...1  4786.701649: do_swap_page: prefetch miss 607 "HwBinder:607_2" 7fbdafe000 390a2
           <...>-613   [007] ....  4786.701657: do_swap_page: prefetch fault 607 "HwBinder:607_2" 7fbd00d000 4500a
           <...>-613   [007] ...1  4786.703320: do_swap_page: prefetch miss 607 "HwBinder:607_2" 7fbd00d000 4500a
           <...>-613   [007] ....  4786.703329: do_swap_page: prefetch fault 607 "HwBinder:607_2" 7fbd01c000 4500b
           <...>-613   [007] ...1  4786.705346: do_swap_page: prefetch miss 607 "HwBinder:607_2" 7fbd01c000 4500b
           <...>-613   [007] ....  4786.705360: do_swap_page: prefetch fault 607 "HwBinder:607_2" 7fbdb76000 5009
           <...>-613   [007] ...1  4786.707423: do_swap_page: prefetch miss 607 "HwBinder:607_2" 7fbdb76000 5009
           <...>-613   [007] ....  4786.707433: do_swap_page: prefetch fault 607 "HwBinder:607_2" 7fbdcd5000 500a
           <...>-613   [007] ...1  4786.709457: do_swap_page: prefetch miss 607 "HwBinder:607_2" 7fbdcd5000 500a
           <...>-613   [007] ....  4786.709463: do_swap_page: prefetch fault 607 "HwBinder:607_2" 7fbdcd1000 4500c
           <...>-613   [007] ...1  4786.711045: do_swap_page: prefetch miss 607 "HwBinder:607_2" 7fbdcd1000 4500c
           <...>-613   [007] ....  4786.711050: do_swap_page: prefetch fault 607 "HwBinder:607_2" 7fbdcd2000 500c
           <...>-613   [007] ...1  4786.712644: do_swap_page: prefetch miss 607 "HwBinder:607_2" 7fbdcd2000 500c
           <...>-613   [007] ....  4786.712687: do_swap_page: prefetch fault 607 "HwBinder:607_2" 7fbd011000 3d08d
           <...>-613   [007] ...1  4786.714947: do_swap_page: prefetch miss 607 "HwBinder:607_2" 7fbd011000 3d08d
           <...>-613   [007] ....  4786.714966: do_swap_page: prefetch fault 607 "HwBinder:607_2" 7fbd00a000 3d090
           <...>-613   [007] ...1  4786.718144: do_swap_page: prefetch miss 607 "HwBinder:607_2" 7fbd00a000 3d090
           <...>-613   [007] ....  4786.718193: do_swap_page: prefetch fault 607 "HwBinder:607_2" 7fbd730000 3d094
           <...>-613   [007] ...1  4786.719846: do_swap_page: prefetch miss 607 "HwBinder:607_2" 7fbd730000 3d094
           <...>-613   [007] ....  4786.719864: do_swap_page: prefetch fault 607 "HwBinder:607_2" 7fbd005000 3d095
           <...>-613   [007] ...1  4786.721814: do_swap_page: prefetch miss 607 "HwBinder:607_2" 7fbd005000 3d095
           <...>-613   [007] ....  4786.721821: do_swap_page: prefetch fault 607 "HwBinder:607_2" 7fbd58f000 5017
           <...>-613   [007] ...1  4786.723665: do_swap_page: prefetch miss 607 "HwBinder:607_2" 7fbd58f000 5017
           <...>-613   [007] ....  4786.723725: do_swap_page: prefetch fault 607 "HwBinder:607_2" 7fbd012000 3d096
           <...>-613   [007] ...1  4786.725517: do_swap_page: prefetch miss 607 "HwBinder:607_2" 7fbd012000 3d096
           <...>-613   [007] ....  4786.725601: do_swap_page: prefetch fault 607 "HwBinder:607_2" 7fbcde8000 1009
           <...>-613   [007] ...1  4786.727450: do_swap_page: prefetch miss 607 "HwBinder:607_2" 7fbcde8000 1009
           <...>-613   [007] ....  4786.727472: do_swap_page: prefetch fault 607 "HwBinder:607_2" 7fbd200000 100a
           <...>-613   [007] ...1  4786.729322: do_swap_page: prefetch miss 607 "HwBinder:607_2" 7fbd200000 100a
           <...>-613   [007] ....  4786.729343: do_swap_page: prefetch fault 607 "HwBinder:607_2" 7fbd03a000 390a3
           <...>-613   [007] ...1  4786.731197: do_swap_page: prefetch miss 607 "HwBinder:607_2" 7fbd03a000 390a3
           <...>-613   [007] ....  4786.731219: do_swap_page: prefetch fault 607 "HwBinder:607_2" 7fbd027000 390a4
           <...>-613   [007] ...1  4786.733895: do_swap_page: prefetch miss 607 "HwBinder:607_2" 7fbd027000 390a4
           <...>-2009  [007] ....  4786.734006: do_swap_page: prefetch fault 602 "Binder:602_4" 7fba64c000 390a5
           <...>-2009  [007] ...1  4786.736126: do_swap_page: prefetch miss 602 "Binder:602_4" 7fba64c000 390a5
           <...>-2009  [007] ....  4786.736170: do_swap_page: prefetch fault 602 "Binder:602_4" 7fba7d3000 390a6
           <...>-2009  [007] ...1  4786.738202: do_swap_page: prefetch miss 602 "Binder:602_4" 7fba7d3000 390a6
    GLThread 445-6412  [007] ....  4786.738416: do_swap_page: prefetch fault 6355 "GLThread 445" 7ed132c000 510a2
    GLThread 445-6412  [007] ...1  4786.740048: do_swap_page: prefetch miss 6355 "GLThread 445" 7ed132c000 510a2
    GLThread 445-6412  [007] ....  4786.740067: do_swap_page: prefetch fault 6355 "GLThread 445" 7ed132d000 510a3
    GLThread 445-6412  [007] ...1  4786.741972: do_swap_page: prefetch miss 6355 "GLThread 445" 7ed132d000 510a3
    GLThread 445-6412  [007] ....  4786.741990: do_swap_page: prefetch fault 6355 "GLThread 445" 7ed132e000 4d082
    GLThread 445-6412  [007] ...1  4786.743876: do_swap_page: prefetch miss 6355 "GLThread 445" 7ed132e000 4d082
    GLThread 445-6412  [007] ....  4786.743885: do_swap_page: prefetch fault 6355 "GLThread 445" 7f2122e000 4d083
    GLThread 445-6412  [007] ...1  4786.745874: do_swap_page: prefetch miss 6355 "GLThread 445" 7f2122e000 4d083
    GLThread 445-6412  [007] ....  4786.745928: do_swap_page: prefetch fault 6355 "GLThread 445" 7f1f76f000 19080
    GLThread 445-6412  [007] ...1  4786.748321: do_swap_page: prefetch miss 6355 "GLThread 445" 7f1f76f000 19080
    GLThread 445-6412  [007] ....  4786.748337: do_swap_page: prefetch fault 6355 "GLThread 445" 7f20c7e000 4d084
    GLThread 445-6412  [007] ...1  4786.751830: do_swap_page: prefetch miss 6355 "GLThread 445" 7f20c7e000 4d084
    GLThread 445-6412  [007] ....  4786.751967: do_swap_page: prefetch fault 6355 "GLThread 445" 7ec6158000 21037
    GLThread 445-6412  [007] ...1  4786.753735: do_swap_page: prefetch miss 6355 "GLThread 445" 7ec6158000 21037
    GLThread 445-6412  [007] ....  4786.753763: do_swap_page: prefetch fault 6355 "GLThread 445" 7ec603e000 4d086
    GLThread 445-6412  [007] ...1  4786.755607: do_swap_page: prefetch miss 6355 "GLThread 445" 7ec603e000 4d086
    GLThread 445-6412  [007] ....  4786.755627: do_swap_page: prefetch fault 6355 "GLThread 445" 7ec5fb3000 4d087
    GLThread 445-6412  [007] ...1  4786.757427: do_swap_page: prefetch miss 6355 "GLThread 445" 7ec5fb3000 4d087
    GLThread 445-6412  [007] ....  4786.757448: do_swap_page: prefetch fault 6355 "GLThread 445" 7ec5f03000 4d088
    GLThread 445-6412  [007] ...1  4786.759518: do_swap_page: prefetch miss 6355 "GLThread 445" 7ec5f03000 4d088
    GLThread 445-6412  [007] ....  4786.759546: do_swap_page: prefetch fault 6355 "GLThread 445" 7f2d67e000 4d089
    GLThread 445-6412  [007] ...1  4786.761270: do_swap_page: prefetch miss 6355 "GLThread 445" 7f2d67e000 4d089
    GLThread 445-6412  [007] ....  4786.761278: do_swap_page: prefetch fault 6355 "GLThread 445" 7eb0878000 4d08a
    GLThread 445-6412  [007] ...1  4786.763408: do_swap_page: prefetch miss 6355 "GLThread 445" 7eb0878000 4d08a
    GLThread 445-6412  [007] ....  4786.763446: do_swap_page: prefetch fault 6355 "GLThread 445" 7ed0c79000 110d3
    GLThread 445-6412  [007] ...1  4786.765220: do_swap_page: prefetch miss 6355 "GLThread 445" 7ed0c79000 110d3
    GLThread 445-6412  [007] ....  4786.765270: do_swap_page: prefetch fault 6355 "GLThread 445" 7eb087a000 4d08b
    GLThread 445-6412  [007] ...1  4786.767292: do_swap_page: prefetch miss 6355 "GLThread 445" 7eb087a000 4d08b
    GLThread 445-6412  [007] ....  4786.767301: do_swap_page: prefetch fault 6355 "GLThread 445" 7ec6126000 4d08c
    GLThread 445-6412  [007] ...1  4786.770734: do_swap_page: prefetch miss 6355 "GLThread 445" 7ec6126000 4d08c
    GLThread 445-6412  [007] ....  4786.770741: do_swap_page: prefetch fault 6355 "GLThread 445" 7ec5f2f000 450b0
    GLThread 445-6412  [007] ...1  4786.772462: do_swap_page: prefetch miss 6355 "GLThread 445" 7ec5f2f000 450b0
    GLThread 445-6412  [007] ....  4786.772467: do_swap_page: prefetch fault 6355 "GLThread 445" 7ec6113000 4d08d
    GLThread 445-6412  [007] ...1  4786.775368: do_swap_page: prefetch miss 6355 "GLThread 445" 7ec6113000 4d08d
    GLThread 445-6412  [007] ....  4786.775377: do_swap_page: prefetch fault 6355 "GLThread 445" 7ec5f02000 4d08e
    GLThread 445-6412  [007] ...1  4786.777039: do_swap_page: prefetch miss 6355 "GLThread 445" 7ec5f02000 4d08e
    GLThread 445-6412  [007] ....  4786.777047: do_swap_page: prefetch fault 6355 "GLThread 445" 7ec5f04000 4d08f
    GLThread 445-6412  [007] ...1  4786.779778: do_swap_page: prefetch miss 6355 "GLThread 445" 7ec5f04000 4d08f
    GLThread 445-6412  [007] ....  4786.779785: do_swap_page: prefetch fault 6355 "GLThread 445" 7eb0880000 4d090
    GLThread 445-6412  [007] ...1  4786.782278: do_swap_page: prefetch miss 6355 "GLThread 445" 7eb0880000 4d090
    GLThread 445-6412  [007] ....  4786.782284: do_swap_page: prefetch fault 6355 "GLThread 445" 7eb087f000 4d091
    GLThread 445-6412  [007] ...1  4786.786119: do_swap_page: prefetch miss 6355 "GLThread 445" 7eb087f000 4d091
    GLThread 445-6412  [007] ....  4786.786130: do_swap_page: prefetch fault 6355 "GLThread 445" 7eb087b000 4d092
    GLThread 445-6412  [007] ...1  4786.787874: do_swap_page: prefetch miss 6355 "GLThread 445" 7eb087b000 4d092
    GLThread 445-6412  [007] ....  4786.787887: do_swap_page: prefetch fault 6355 "GLThread 445" 7f2d680000 4d093
    GLThread 445-6412  [007] ...1  4786.790408: do_swap_page: prefetch miss 6355 "GLThread 445" 7f2d680000 4d093
    GLThread 445-6412  [007] ....  4786.790415: do_swap_page: prefetch fault 6355 "GLThread 445" 7ec5f5e000 4d094
    GLThread 445-6412  [007] ...1  4786.792084: do_swap_page: prefetch miss 6355 "GLThread 445" 7ec5f5e000 4d094
    GLThread 445-6412  [007] ....  4786.792091: do_swap_page: prefetch fault 6355 "GLThread 445" 7ed0db2000 4d095
    GLThread 445-6412  [007] ...1  4786.793845: do_swap_page: prefetch miss 6355 "GLThread 445" 7ed0db2000 4d095
    GLThread 445-6412  [007] ....  4786.793852: do_swap_page: prefetch fault 6355 "GLThread 445" 7eb087c000 4d096
    GLThread 445-6412  [007] ...1  4786.796327: do_swap_page: prefetch miss 6355 "GLThread 445" 7eb087c000 4d096
    GLThread 445-6412  [007] ....  4786.796415: do_swap_page: prefetch fault 6355 "GLThread 445" 7ec5f6b000 110e1
    GLThread 445-6412  [007] ...1  4786.798266: do_swap_page: prefetch miss 6355 "GLThread 445" 7ec5f6b000 110e1
    GLThread 445-6412  [007] ....  4786.798284: do_swap_page: prefetch fault 6355 "GLThread 445" 7ec5f6c000 110e2
    GLThread 445-6412  [007] ...1  4786.800812: do_swap_page: prefetch miss 6355 "GLThread 445" 7ec5f6c000 110e2
    GLThread 445-6412  [007] ....  4786.800819: do_swap_page: prefetch fault 6355 "GLThread 445" 7ec61f0000 4d097
    GLThread 445-6412  [007] ...1  4786.802528: do_swap_page: prefetch miss 6355 "GLThread 445" 7ec61f0000 4d097
    GLThread 445-6412  [007] ....  4786.802536: do_swap_page: prefetch fault 6355 "GLThread 445" 7eb086c000 1d05c
    GLThread 445-6412  [007] ...1  4786.805035: do_swap_page: prefetch miss 6355 "GLThread 445" 7eb086c000 1d05c
    GLThread 445-6412  [007] ....  4786.805049: do_swap_page: prefetch fault 6355 "GLThread 445" 7ec5efe000 3d0de
    GLThread 445-6412  [007] ...1  4786.807013: do_swap_page: prefetch miss 6355 "GLThread 445" 7ec5efe000 3d0de
    GLThread 445-6412  [007] ....  4786.807021: do_swap_page: prefetch fault 6355 "GLThread 445" 7ec5fad000 1d05e
    GLThread 445-6412  [007] ...1  4786.808762: do_swap_page: prefetch miss 6355 "GLThread 445" 7ec5fad000 1d05e
    GLThread 445-6412  [007] ....  4786.808767: do_swap_page: prefetch fault 6355 "GLThread 445" 7ec5f54000 4d098
    GLThread 445-6412  [007] ...1  4786.810866: do_swap_page: prefetch miss 6355 "GLThread 445" 7ec5f54000 4d098
    GLThread 445-6412  [007] ....  4786.810877: do_swap_page: prefetch fault 6355 "GLThread 445" 7e9eedd000 1d060
    GLThread 445-6412  [007] ...1  4786.813699: do_swap_page: prefetch miss 6355 "GLThread 445" 7e9eedd000 1d060
    GLThread 445-6412  [007] ....  4786.813706: do_swap_page: prefetch fault 6355 "GLThread 445" 7ec5f83000 1d061
    GLThread 445-6412  [007] ...1  4786.815566: do_swap_page: prefetch miss 6355 "GLThread 445" 7ec5f83000 1d061
    GLThread 445-6412  [007] ....  4786.815571: do_swap_page: prefetch fault 6355 "GLThread 445" 7ec5f84000 1d062
    GLThread 445-6412  [007] ...1  4786.817283: do_swap_page: prefetch miss 6355 "GLThread 445" 7ec5f84000 1d062
    GLThread 445-6412  [007] ....  4786.817300: do_swap_page: prefetch fault 6355 "GLThread 445" 7eb07fb000 450d0
    GLThread 445-6412  [007] ...1  4786.819008: do_swap_page: prefetch miss 6355 "GLThread 445" 7eb07fb000 450d0
    GLThread 445-6412  [007] ....  4786.819018: do_swap_page: prefetch fault 6355 "GLThread 445" 7ec6129000 450d1
    GLThread 445-6412  [007] ...1  4786.820724: do_swap_page: prefetch miss 6355 "GLThread 445" 7ec6129000 450d1
    GLThread 445-6412  [007] ....  4786.820745: do_swap_page: prefetch fault 6355 "GLThread 445" 7ec5f5d000 450d2
    GLThread 445-6412  [007] ...1  4786.822427: do_swap_page: prefetch miss 6355 "GLThread 445" 7ec5f5d000 450d2
    GLThread 445-6412  [007] ....  4786.822435: do_swap_page: prefetch fault 6355 "GLThread 445" 7eb0853000 1d066
    GLThread 445-6412  [007] ...1  4786.824422: do_swap_page: prefetch miss 6355 "GLThread 445" 7eb0853000 1d066
    GLThread 445-6412  [007] ....  4786.824428: do_swap_page: prefetch fault 6355 "GLThread 445" 7ec5f57000 450d3
    GLThread 445-6412  [007] ...1  4786.826205: do_swap_page: prefetch miss 6355 "GLThread 445" 7ec5f57000 450d3
    GLThread 445-6412  [007] ....  4786.826214: do_swap_page: prefetch fault 6355 "GLThread 445" 7ec5f5a000 450d4
    GLThread 445-6412  [007] ...1  4786.828036: do_swap_page: prefetch miss 6355 "GLThread 445" 7ec5f5a000 450d4
    GLThread 445-6412  [007] ....  4786.828046: do_swap_page: prefetch fault 6355 "GLThread 445" 7f28f3b000 1d069
    GLThread 445-6412  [007] ...1  4786.829623: do_swap_page: prefetch miss 6355 "GLThread 445" 7f28f3b000 1d069
    GLThread 445-6412  [007] ....  4786.829750: do_swap_page: prefetch fault 6355 "GLThread 445" 7ec5f3c000 450d5
    GLThread 445-6412  [007] ...1  4786.832186: do_swap_page: prefetch miss 6355 "GLThread 445" 7ec5f3c000 450d5
    GLThread 445-6412  [007] ....  4786.832211: do_swap_page: prefetch fault 6355 "GLThread 445" 7e9eba1000 1d06c
    GLThread 445-6412  [007] ...1  4786.837059: do_swap_page: prefetch miss 6355 "GLThread 445" 7e9eba1000 1d06c
    GLThread 445-6412  [007] ....  4786.837090: do_swap_page: prefetch fault 6355 "GLThread 445" 7e9eed2000 1d06d
    GLThread 445-6412  [007] ...1  4786.839117: do_swap_page: prefetch miss 6355 "GLThread 445" 7e9eed2000 1d06d
    GLThread 445-6412  [007] ....  4786.839135: do_swap_page: prefetch fault 6355 "GLThread 445" 7e9eed3000 450d6
    GLThread 445-6412  [007] ...1  4786.840696: do_swap_page: prefetch miss 6355 "GLThread 445" 7e9eed3000 450d6
    GLThread 445-6412  [007] ....  4786.840743: do_swap_page: prefetch fault 6355 "GLThread 445" 7e9eb7f000 450d7
    GLThread 445-6412  [007] ...1  4786.843536: do_swap_page: prefetch miss 6355 "GLThread 445" 7e9eb7f000 450d7
    GLThread 445-6412  [007] ....  4786.843548: do_swap_page: prefetch fault 6355 "GLThread 445" 7eb0820000 1d070
    GLThread 445-6412  [007] ...1  4786.845784: do_swap_page: prefetch miss 6355 "GLThread 445" 7eb0820000 1d070
    GLThread 445-6412  [007] ....  4786.845841: do_swap_page: prefetch fault 6355 "GLThread 445" 7eaf9b6000 1d071
    GLThread 445-6412  [007] ...1  4786.848099: do_swap_page: prefetch miss 6355 "GLThread 445" 7eaf9b6000 1d071
    GLThread 445-6412  [007] ....  4786.848115: do_swap_page: prefetch fault 6355 "GLThread 445" 7ec5f6d000 1d072
    GLThread 445-6412  [007] ...1  4786.850047: do_swap_page: prefetch miss 6355 "GLThread 445" 7ec5f6d000 1d072
    GLThread 445-6412  [007] ....  4786.850053: do_swap_page: prefetch fault 6355 "GLThread 445" 7eb08aa000 450d8
    GLThread 445-6412  [007] ...1  4786.851552: do_swap_page: prefetch miss 6355 "GLThread 445" 7eb08aa000 450d8
    GLThread 445-6412  [007] ....  4786.851559: do_swap_page: prefetch fault 6355 "GLThread 445" 7eb08af000 1d074
    GLThread 445-6412  [007] ...1  4786.853203: do_swap_page: prefetch miss 6355 "GLThread 445" 7eb08af000 1d074
    GLThread 445-6412  [007] ....  4786.853209: do_swap_page: prefetch fault 6355 "GLThread 445" 7eb044c000 1d075
    GLThread 445-6412  [007] ...1  4786.855759: do_swap_page: prefetch miss 6355 "GLThread 445" 7eb044c000 1d075
    GLThread 445-6412  [007] ....  4786.855774: do_swap_page: prefetch fault 6355 "GLThread 445" 7eb023a000 1d076
    GLThread 445-6412  [007] ...1  4786.857914: do_swap_page: prefetch miss 6355 "GLThread 445" 7eb023a000 1d076
    GLThread 445-6412  [007] ....  4786.857928: do_swap_page: prefetch fault 6355 "GLThread 445" 7eb0440000 450d9
    GLThread 445-6412  [007] ...1  4786.859623: do_swap_page: prefetch miss 6355 "GLThread 445" 7eb0440000 450d9
    GLThread 445-6412  [007] ....  4786.859629: do_swap_page: prefetch fault 6355 "GLThread 445" 7eb0431000 450da
    GLThread 445-6412  [007] ...1  4786.861299: do_swap_page: prefetch miss 6355 "GLThread 445" 7eb0431000 450da
    GLThread 445-6412  [007] ....  4786.861304: do_swap_page: prefetch fault 6355 "GLThread 445" 7eb044a000 450db
    GLThread 445-6412  [007] ...1  4786.862961: do_swap_page: prefetch miss 6355 "GLThread 445" 7eb044a000 450db
    GLThread 445-6412  [007] ....  4786.862974: do_swap_page: prefetch fault 6355 "GLThread 445" 7eb046e000 19082
    GLThread 445-6412  [007] ...1  4786.864978: do_swap_page: prefetch miss 6355 "GLThread 445" 7eb046e000 19082
    GLThread 445-6412  [007] ....  4786.864987: do_swap_page: prefetch fault 6355 "GLThread 445" 7eb08a9000 19083
    GLThread 445-6412  [007] ...1  4786.867440: do_swap_page: prefetch miss 6355 "GLThread 445" 7eb08a9000 19083
    GLThread 445-6412  [007] ....  4786.867446: do_swap_page: prefetch fault 6355 "GLThread 445" 7eb046f000 19084
    GLThread 445-6412  [007] ...1  4786.869198: do_swap_page: prefetch miss 6355 "GLThread 445" 7eb046f000 19084
    GLThread 445-6412  [007] ....  4786.869288: do_swap_page: prefetch fault 6355 "GLThread 445" 7ec6116000 450dc
    GLThread 445-6412  [007] ...1  4786.874275: do_swap_page: prefetch miss 6355 "GLThread 445" 7ec6116000 450dc
    GLThread 445-6412  [007] ....  4786.874350: do_swap_page: prefetch fault 6355 "GLThread 445" 7ed0cb2000 450dd
    GLThread 445-6412  [007] ...1  4786.876233: do_swap_page: prefetch miss 6355 "GLThread 445" 7ed0cb2000 450dd
    GLThread 445-6412  [007] ....  4786.876262: do_swap_page: prefetch fault 6355 "GLThread 445" 7ec6125000 19087
    GLThread 445-6412  [007] ...1  4786.878126: do_swap_page: prefetch miss 6355 "GLThread 445" 7ec6125000 19087
    GLThread 445-6412  [007] ....  4786.878199: do_swap_page: prefetch fault 6355 "GLThread 445" 9f09f000 5103f
    GLThread 445-6412  [007] ...1  4786.880171: do_swap_page: prefetch miss 6355 "GLThread 445" 9f09f000 5103f
    GLThread 445-6412  [007] ....  4786.880202: do_swap_page: prefetch fault 6355 "GLThread 445" 9f0f3000 19089
    GLThread 445-6412  [007] ...1  4786.882160: do_swap_page: prefetch miss 6355 "GLThread 445" 9f0f3000 19089
    GLThread 445-6412  [007] ....  4786.882211: do_swap_page: prefetch fault 6355 "GLThread 445" 7eb087d000 450de
    GLThread 445-6412  [007] ...1  4786.884169: do_swap_page: prefetch miss 6355 "GLThread 445" 7eb087d000 450de
    GLThread 445-6412  [007] ....  4786.884205: do_swap_page: prefetch fault 6355 "GLThread 445" 7ec612a000 450df
    GLThread 445-6412  [007] ...1  4786.886212: do_swap_page: prefetch miss 6355 "GLThread 445" 7ec612a000 450df
    GLThread 445-6412  [007] ....  4786.886222: do_swap_page: prefetch fault 6355 "GLThread 445" 7eb087e000 450e1
    GLThread 445-6412  [007] ...1  4786.887934: do_swap_page: prefetch miss 6355 "GLThread 445" 7eb087e000 450e1
    GLThread 445-6412  [007] ....  4786.887993: do_swap_page: prefetch fault 6355 "GLThread 445" 7f2d7aa000 450e2
 pool-7-thread-1-6399  [007] ....  4786.888108: do_swap_page: prefetch fault 6355 "pool-7-thread-1" 7eabfeb000 450e8
    GLThread 445-6412  [007] ...1  4786.889885: do_swap_page: prefetch miss 6355 "GLThread 445" 7f2d7aa000 450e2
    GLThread 445-6412  [007] ....  4786.890021: do_swap_page: prefetch fault 6355 "GLThread 445" 7ec60c0000 450e3
 pool-7-thread-1-6399  [007] ...1  4786.890050: do_swap_page: prefetch miss 6355 "pool-7-thread-1" 7eabfeb000 450e8
 pool-7-thread-1-6399  [007] ....  4786.890348: do_swap_page: prefetch fault 6355 "pool-7-thread-1" 7eabfec000 450e9
    GLThread 445-6412  [007] ...1  4786.892135: do_swap_page: prefetch miss 6355 "GLThread 445" 7ec60c0000 450e3
    GLThread 445-6412  [007] ....  4786.892158: do_swap_page: prefetch fault 6355 "GLThread 445" 7ec61f1000 450e4
 pool-7-thread-1-6399  [007] ...1  4786.892183: do_swap_page: prefetch miss 6355 "pool-7-thread-1" 7eabfec000 450e9
 pool-7-thread-1-6399  [007] ....  4786.892274: do_swap_page: prefetch fault 6355 "pool-7-thread-1" 9f0f0000 51046
    GLThread 445-6412  [007] ...1  4786.894202: do_swap_page: prefetch miss 6355 "GLThread 445" 7ec61f1000 450e4
    GLThread 445-6412  [007] ....  4786.894224: do_swap_page: prefetch fault 6355 "GLThread 445" 7f2d71d000 450e5
 pool-7-thread-1-6399  [007] ...1  4786.894257: do_swap_page: prefetch miss 6355 "pool-7-thread-1" 9f0f0000 51046
 pool-7-thread-1-6399  [007] ....  4786.894298: do_swap_page: prefetch fault 6355 "pool-7-thread-1" 9f0a5000 51041
           <...>-24820 [007] ....  4786.895512: do_swap_page: prefetch fault 6355 "pool-11-thread-" 9f0d0000 51099
    GLThread 445-6412  [007] ...1  4786.896447: do_swap_page: prefetch miss 6355 "GLThread 445" 7f2d71d000 450e5
    GLThread 445-6412  [007] ....  4786.896457: do_swap_page: prefetch fault 6355 "GLThread 445" 7ec60fa000 450e6
 pool-7-thread-1-6399  [007] ...1  4786.896502: do_swap_page: prefetch miss 6355 "pool-7-thread-1" 9f0a5000 51041
 pool-7-thread-1-6399  [007] ....  4786.896562: do_swap_page: prefetch fault 6355 "pool-7-thread-1" 7eac6c0000 450ea
           <...>-24820 [007] ...1  4786.898579: do_swap_page: prefetch miss 6355 "pool-11-thread-" 9f0d0000 51099
           <...>-24820 [007] ....  4786.898616: do_swap_page: prefetch fault 6355 "pool-11-thread-" 7fbe25d000 5109a
    GLThread 445-6412  [007] ...1  4786.898660: do_swap_page: prefetch miss 6355 "GLThread 445" 7ec60fa000 450e6
    GLThread 445-6412  [007] ....  4786.898673: do_swap_page: prefetch fault 6355 "GLThread 445" 7ec60fb000 450e7
 pool-7-thread-1-6399  [007] ...1  4786.898694: do_swap_page: prefetch miss 6355 "pool-7-thread-1" 7eac6c0000 450ea
 pool-7-thread-1-6399  [007] ....  4786.898723: do_swap_page: prefetch fault 6355 "pool-7-thread-1" 9f0d2000 450eb
           <...>-24820 [007] ...1  4786.900504: do_swap_page: prefetch miss 6355 "pool-11-thread-" 7fbe25d000 5109a
           <...>-24820 [007] ....  4786.900537: do_swap_page: prefetch fault 6355 "pool-11-thread-" 7e84446000 5109b
    GLThread 445-6412  [007] ...1  4786.900574: do_swap_page: prefetch miss 6355 "GLThread 445" 7ec60fb000 450e7
           <...>-654   [003] ....  4786.900816: do_swap_page: prefetch fault 602 "ImageManager" 7fb631d000 4500e
    GLThread 445-6412  [007] ....  4786.900834: do_swap_page: prefetch fault 6355 "GLThread 445" 7ec60df000 450ed
 pool-7-thread-1-6399  [007] ...1  4786.900839: do_swap_page: prefetch miss 6355 "pool-7-thread-1" 9f0d2000 450eb
 pool-7-thread-1-6399  [007] ....  4786.900846: do_swap_page: prefetch fault 6355 "pool-7-thread-1" 9f127000 51045
           <...>-24820 [007] ...1  4786.903715: do_swap_page: prefetch miss 6355 "pool-11-thread-" 7e84446000 5109b
           <...>-6633  [007] ....  4786.903817: do_swap_page: prefetch fault 6355 "Okio Watchdog" 7eac037000 3d0fc
           <...>-654   [000] ...1  4786.903902: do_swap_page: prefetch miss 602 "ImageManager" 7fb631d000 4500e
    GLThread 445-6412  [007] ...1  4786.903908: do_swap_page: prefetch miss 6355 "GLThread 445" 7ec60df000 450ed
           <...>-654   [000] ....  4786.903937: do_swap_page: prefetch fault 602 "ImageManager" 7fb631c000 4500f
    GLThread 445-6412  [007] ....  4786.903949: do_swap_page: prefetch fault 6355 "GLThread 445" 73070000 450ee
 pool-7-thread-1-6399  [007] ...1  4786.904091: do_swap_page: prefetch miss 6355 "pool-7-thread-1" 9f127000 51045
 pool-7-thread-1-6399  [007] ....  4786.904122: do_swap_page: prefetch fault 6355 "pool-7-thread-1" 9f069000 51040
           <...>-6633  [007] ...1  4786.906307: do_swap_page: prefetch miss 6355 "Okio Watchdog" 7eac037000 3d0fc
           <...>-6633  [007] ....  4786.906319: do_swap_page: prefetch fault 6355 "Okio Watchdog" 7e810ca000 5109d
           <...>-654   [000] ...1  4786.906375: do_swap_page: prefetch miss 602 "ImageManager" 7fb631c000 4500f
    GLThread 445-6412  [007] ...1  4786.906379: do_swap_page: prefetch miss 6355 "GLThread 445" 73070000 450ee
           <...>-654   [000] ....  4786.906414: do_swap_page: prefetch fault 602 "ImageManager" 7fba64b000 45010
    GLThread 445-6412  [007] ....  4786.906440: do_swap_page: prefetch fault 6355 "GLThread 445" 7ec6180000 110e7
 pool-7-thread-1-6399  [007] ...1  4786.906556: do_swap_page: prefetch miss 6355 "pool-7-thread-1" 9f069000 51040
           <...>-6633  [007] ...1  4786.908371: do_swap_page: prefetch miss 6355 "Okio Watchdog" 7e810ca000 5109d
           <...>-6633  [007] ....  4786.908380: do_swap_page: prefetch fault 6355 "Okio Watchdog" 7e810cb000 5109e
           <...>-654   [000] ...1  4786.908436: do_swap_page: prefetch miss 602 "ImageManager" 7fba64b000 45010
    GLThread 445-6412  [007] ...1  4786.908441: do_swap_page: prefetch miss 6355 "GLThread 445" 7ec6180000 110e7
           <...>-654   [000] ....  4786.908457: do_swap_page: prefetch fault 602 "ImageManager" 7fbe1c4000 45011
    GLThread 445-6412  [007] ....  4786.908470: do_swap_page: prefetch fault 6355 "GLThread 445" 7ec6184000 110e8
           <...>-6633  [007] ...1  4786.911827: do_swap_page: prefetch miss 6355 "Okio Watchdog" 7e810cb000 5109e
           <...>-6633  [007] ....  4786.911836: do_swap_page: prefetch fault 6355 "Okio Watchdog" 7e84447000 5109f
    GLThread 445-6412  [007] ...1  4786.911871: do_swap_page: prefetch miss 6355 "GLThread 445" 7ec6184000 110e8
    GLThread 445-6412  [007] ....  4786.911995: do_swap_page: prefetch fault 6355 "GLThread 445" 7f2111d000 110e9
           <...>-654   [000] ...1  4786.912040: do_swap_page: prefetch miss 602 "ImageManager" 7fbe1c4000 45011
           <...>-654   [000] ....  4786.912063: do_swap_page: prefetch fault 602 "ImageManager" 7fbe1c5000 45012
           <...>-6633  [007] ...1  4786.914275: do_swap_page: prefetch miss 6355 "Okio Watchdog" 7e84447000 5109f
           <...>-6633  [007] ....  4786.914285: do_swap_page: prefetch fault 6355 "Okio Watchdog" 7e810c9000 510a0
    GLThread 445-6412  [007] ...1  4786.914335: do_swap_page: prefetch miss 6355 "GLThread 445" 7f2111d000 110e9
           <...>-654   [000] ...1  4786.914996: do_swap_page: prefetch miss 602 "ImageManager" 7fbe1c5000 45012
           <...>-654   [000] ....  4786.915031: do_swap_page: prefetch fault 602 "ImageManager" 7fbcb75000 1013
    GLThread 445-6412  [005] ....  4786.915444: do_swap_page: prefetch fault 6355 "GLThread 445" 7eaf20e000 510ab
           <...>-6633  [007] ...1  4786.916053: do_swap_page: prefetch miss 6355 "Okio Watchdog" 7e810c9000 510a0
           <...>-654   [000] ...1  4786.917230: do_swap_page: prefetch miss 602 "ImageManager" 7fbcb75000 1013
    GLThread 445-6412  [005] ...1  4786.917249: do_swap_page: prefetch miss 6355 "GLThread 445" 7eaf20e000 510ab
           <...>-654   [000] ....  4786.917257: do_swap_page: prefetch fault 602 "ImageManager" 7fb9553000 3d09b
    GLThread 445-6412  [005] ....  4786.918294: do_swap_page: prefetch fault 6355 "GLThread 445" 7eac414000 450f6
           <...>-654   [000] ...1  4786.919243: do_swap_page: prefetch miss 602 "ImageManager" 7fb9553000 3d09b
           <...>-654   [000] ....  4786.919276: do_swap_page: prefetch fault 602 "ImageManager" 7fbe1de000 1015
    GLThread 445-6412  [005] ...1  4786.919784: do_swap_page: prefetch miss 6355 "GLThread 445" 7eac414000 450f6
    GLThread 445-6412  [005] ....  4786.920256: do_swap_page: prefetch fault 6355 "GLThread 445" 7ec60f8000 450f7
           <...>-654   [000] ...1  4786.921443: do_swap_page: prefetch miss 602 "ImageManager" 7fbe1de000 1015
    GLThread 445-6412  [005] ...1  4786.921458: do_swap_page: prefetch miss 6355 "GLThread 445" 7ec60f8000 450f7
           <...>-654   [000] ....  4786.921478: do_swap_page: prefetch fault 602 "ImageManager" 7fbe1df000 1016
    GLThread 445-6412  [005] ....  4786.921505: do_swap_page: prefetch fault 6355 "GLThread 445" 7ec60f7000 450f8
    GLThread 445-6412  [005] ...1  4786.923500: do_swap_page: prefetch miss 6355 "GLThread 445" 7ec60f7000 450f8
           <...>-654   [000] ...1  4786.923527: do_swap_page: prefetch miss 602 "ImageManager" 7fbe1df000 1016
           <...>-654   [000] ....  4786.923548: do_swap_page: prefetch fault 602 "ImageManager" 7fbe1d8000 3d09c
           <...>-6355  [006] ....  4786.923852: do_swap_page: prefetch fault 6355 ".candycrushsaga" 7f28fc3000 450f9
    GLThread 445-6412  [005] ....  4786.924240: do_swap_page: prefetch fault 6355 "GLThread 445" 7eaf232000 110fc
           <...>-654   [000] ...1  4786.926367: do_swap_page: prefetch miss 602 "ImageManager" 7fbe1d8000 3d09c
           <...>-6355  [006] ...1  4786.926382: do_swap_page: prefetch miss 6355 ".candycrushsaga" 7f28fc3000 450f9
           <...>-6355  [006] ....  4786.926398: do_swap_page: prefetch fault 6355 ".candycrushsaga" 7f28fc4000 450fa
           <...>-654   [000] ....  4786.926403: do_swap_page: prefetch fault 602 "ImageManager" 7fb7e7e000 1019
    GLThread 445-6412  [005] ...1  4786.927184: do_swap_page: prefetch miss 6355 "GLThread 445" 7eaf232000 110fc
    GLThread 445-6412  [005] ....  4786.927287: do_swap_page: prefetch fault 6355 "GLThread 445" 7eaf1d5000 450fb
           <...>-654   [000] ...1  4786.928055: do_swap_page: prefetch miss 602 "ImageManager" 7fb7e7e000 1019
           <...>-654   [000] ....  4786.928094: do_swap_page: prefetch fault 602 "ImageManager" 7fbe230000 101a
           <...>-6355  [006] ...1  4786.928574: do_swap_page: prefetch miss 6355 ".candycrushsaga" 7f28fc4000 450fa
           <...>-6355  [006] ....  4786.928598: do_swap_page: prefetch fault 6355 ".candycrushsaga" 7f28fec000 49033
    GLThread 445-6412  [005] ...1  4786.929373: do_swap_page: prefetch miss 6355 "GLThread 445" 7eaf1d5000 450fb
           <...>-6355  [006] ...1  4786.930189: do_swap_page: prefetch miss 6355 ".candycrushsaga" 7f28fec000 49033
           <...>-6355  [006] ....  4786.930197: do_swap_page: prefetch fault 6355 ".candycrushsaga" 7f28fed000 49034
           <...>-654   [000] ...1  4786.930255: do_swap_page: prefetch miss 602 "ImageManager" 7fbe230000 101a
           <...>-654   [000] ....  4786.930285: do_swap_page: prefetch fault 602 "ImageManager" 7fb94d8000 3d09d
           <...>-6355  [006] ...1  4786.932339: do_swap_page: prefetch miss 6355 ".candycrushsaga" 7f28fed000 49034
           <...>-654   [000] ...1  4786.932363: do_swap_page: prefetch miss 602 "ImageManager" 7fb94d8000 3d09d
           <...>-6355  [006] ....  4786.932374: do_swap_page: prefetch fault 6355 ".candycrushsaga" 7f28e94000 49035
           <...>-654   [003] ....  4786.932620: do_swap_page: prefetch fault 602 "ImageManager" 7fbe1c6000 35062
           <...>-6355  [006] ...1  4786.934399: do_swap_page: prefetch miss 6355 ".candycrushsaga" 7f28e94000 49035
           <...>-654   [003] ...1  4786.934435: do_swap_page: prefetch miss 602 "ImageManager" 7fbe1c6000 35062
           <...>-6355  [006] ....  4786.934442: do_swap_page: prefetch fault 6355 ".candycrushsaga" 7eac3f2000 49036
           <...>-654   [003] ....  4786.934461: do_swap_page: prefetch fault 602 "ImageManager" 7fba640000 35063
    GLThread 445-6412  [005] ....  4786.937622: do_swap_page: prefetch fault 6355 "GLThread 445" 7e9eb27000 49039
           <...>-654   [003] ...1  4786.938430: do_swap_page: prefetch miss 602 "ImageManager" 7fba640000 35063
           <...>-6355  [006] ...1  4786.938444: do_swap_page: prefetch miss 6355 ".candycrushsaga" 7eac3f2000 49036
           <...>-654   [003] ....  4786.938455: do_swap_page: prefetch fault 602 "ImageManager" 7fba641000 35064
           <...>-6355  [006] ....  4786.938458: do_swap_page: prefetch fault 6355 ".candycrushsaga" 7eac4a6000 49038
    GLThread 445-6412  [005] ...1  4786.939931: do_swap_page: prefetch miss 6355 "GLThread 445" 7e9eb27000 49039
           <...>-654   [003] ...1  4786.941016: do_swap_page: prefetch miss 602 "ImageManager" 7fba641000 35064
           <...>-6355  [006] ...1  4786.941025: do_swap_page: prefetch miss 6355 ".candycrushsaga" 7eac4a6000 49038
           <...>-654   [003] ....  4786.941041: do_swap_page: prefetch fault 602 "ImageManager" 7fba642000 35065
           <...>-6355  [006] ....  4786.941049: do_swap_page: prefetch fault 6355 ".candycrushsaga" 7eac3f1000 4903b
           <...>-654   [003] ...1  4786.943043: do_swap_page: prefetch miss 602 "ImageManager" 7fba642000 35065
           <...>-654   [003] ....  4786.943071: do_swap_page: prefetch fault 602 "ImageManager" 7fba643000 35066
           <...>-6355  [006] ...1  4786.943224: do_swap_page: prefetch miss 6355 ".candycrushsaga" 7eac3f1000 4903b
           <...>-6355  [006] ....  4786.943263: do_swap_page: prefetch fault 6355 ".candycrushsaga" 7eac4a7000 4903c
           <...>-654   [003] ...1  4786.944862: do_swap_page: prefetch miss 602 "ImageManager" 7fba643000 35066
           <...>-6355  [006] ...1  4786.944866: do_swap_page: prefetch miss 6355 ".candycrushsaga" 7eac4a7000 4903c
           <...>-654   [003] ....  4786.944882: do_swap_page: prefetch fault 602 "ImageManager" 7fba644000 35067
           <...>-6355  [006] ....  4786.944910: do_swap_page: prefetch fault 6355 ".candycrushsaga" 7eac4a8000 4903e
           <...>-6355  [006] ...1  4786.946479: do_swap_page: prefetch miss 6355 ".candycrushsaga" 7eac4a8000 4903e
           <...>-654   [003] ...1  4786.946507: do_swap_page: prefetch miss 602 "ImageManager" 7fba644000 35067
           <...>-6355  [006] ....  4786.946544: do_swap_page: prefetch fault 6355 ".candycrushsaga" 7eac356000 49080
           <...>-654   [003] ....  4786.946588: do_swap_page: prefetch fault 602 "ImageManager" 7fbe1f6000 1022
           <...>-6355  [006] ...1  4786.948204: do_swap_page: prefetch miss 6355 ".candycrushsaga" 7eac356000 49080
           <...>-6355  [006] ....  4786.948216: do_swap_page: prefetch fault 6355 ".candycrushsaga" 7eac4a9000 4903f
           <...>-654   [003] ...1  4786.948238: do_swap_page: prefetch miss 602 "ImageManager" 7fbe1f6000 1022
           <...>-654   [003] ....  4786.948268: do_swap_page: prefetch fault 602 "ImageManager" 7fbe1f4000 1023
           <...>-6355  [006] ...1  4786.950045: do_swap_page: prefetch miss 6355 ".candycrushsaga" 7eac4a9000 4903f
