           <...>-6355  [004] ....  5574.501085: do_swap_page: prefetch fault 6355 ".candycrushsaga" 7ee405e000 1650a0
           <...>-6477  [007] ...1  5574.501113: do_swap_page: prefetch miss 6355 "GLThread 445" 7eac150000 16509f
           <...>-6477  [007] ....  5574.501146: do_swap_page: prefetch fault 6355 "GLThread 445" 7eac3ec000 1650a1
    Binder:908_4-5188  [005] ...1  5574.503190: do_swap_page: prefetch miss 908 "Binder:908_4" 7fbc0e5000 165094
    Binder:908_4-5188  [005] ....  5574.503202: do_swap_page: prefetch fault 908 "Binder:908_4" 7fbd4f8000 165096
           <...>-6355  [004] ...1  5574.503212: do_swap_page: prefetch miss 6355 ".candycrushsaga" 7ee405e000 1650a0
           <...>-6477  [007] ...1  5574.503216: do_swap_page: prefetch miss 6355 "GLThread 445" 7eac3ec000 1650a1
           <...>-6355  [004] ....  5574.503240: do_swap_page: prefetch fault 6355 ".candycrushsaga" 7eac3bf000 1650a9
           <...>-6477  [007] ....  5574.503367: do_swap_page: prefetch fault 6355 "GLThread 445" 7e844f1000 1590c3
    Binder:908_4-5188  [005] ...1  5574.505390: do_swap_page: prefetch miss 908 "Binder:908_4" 7fbd4f8000 165096
    Binder:908_4-5188  [005] ....  5574.505401: do_swap_page: prefetch fault 908 "Binder:908_4" 7fbe359000 165099
           <...>-6355  [004] ...1  5574.505422: do_swap_page: prefetch miss 6355 ".candycrushsaga" 7eac3bf000 1650a9
           <...>-6477  [007] ...1  5574.505441: do_swap_page: prefetch miss 6355 "GLThread 445" 7e844f1000 1590c3
           <...>-6477  [007] ....  5574.505473: do_swap_page: prefetch fault 6355 "GLThread 445" 7e8496b000 1650a4
           <...>-6355  [004] ....  5574.505632: do_swap_page: prefetch fault 6355 ".candycrushsaga" 7edf5fb000 1590c6
           <...>-6617  [004] ....  5574.505646: do_swap_page: prefetch fault 6355 "Chrome_IOThread" 7ec5edb000 1590c7
    Binder:908_4-5188  [005] ...1  5574.507969: do_swap_page: prefetch miss 908 "Binder:908_4" 7fbe359000 165099
           <...>-21701 [007] ...1  5574.507992: do_swap_page: prefetch miss 6355 "AsyncTask #7" 7e8496b000 1650a4
           <...>-6355  [004] ...1  5574.507993: do_swap_page: prefetch miss 6355 ".candycrushsaga" 7edf5fb000 1590c6
    Binder:908_4-5188  [005] ....  5574.508019: do_swap_page: prefetch fault 908 "Binder:908_4" 7fbe358000 16509a
           <...>-6477  [007] ....  5574.508114: do_swap_page: prefetch fault 6355 "GLThread 445" 7e844f2000 1590c8
           <...>-6617  [004] ...1  5574.508267: do_swap_page: prefetch miss 6355 "Chrome_IOThread" 7ec5edb000 1590c7
           <...>-6617  [004] ....  5574.508289: do_swap_page: prefetch fault 6355 "Chrome_IOThread" 7e9efdc000 1590cd
           <...>-6355  [004] ....  5574.508311: do_swap_page: prefetch fault 6355 ".candycrushsaga" 9f076000 1590cc
           <...>-6477  [007] ...1  5574.510643: do_swap_page: prefetch miss 6355 "GLThread 445" 7e844f2000 1590c8
           <...>-6477  [007] ....  5574.510734: do_swap_page: prefetch fault 6355 "GLThread 445" 7e844f3000 1590d2
           <...>-6355  [004] ...1  5574.510771: do_swap_page: prefetch miss 6355 ".candycrushsaga" 9f076000 1590cc
    Binder:908_4-5188  [005] ...1  5574.510896: do_swap_page: prefetch miss 908 "Binder:908_4" 7fbe358000 16509a
           <...>-6617  [006] ...1  5574.510929: do_swap_page: prefetch miss 6355 "Chrome_IOThread" 7e9efdc000 1590cd
           <...>-6617  [006] ....  5574.510944: do_swap_page: prefetch fault 6355 "Chrome_IOThread" 7e8d2d0000 1590cf
    Binder:908_4-5188  [006] ....  5574.510953: do_swap_page: prefetch fault 908 "Binder:908_4" 7fbda46000 16509d
   Binder:1344_D-3793  [005] ....  5574.511203: do_swap_page: prefetch fault 1344 "Binder:1344_D" 7f20f1c000 1590d1
           <...>-6477  [007] ...1  5574.512719: do_swap_page: prefetch miss 6355 "GLThread 445" 7e844f3000 1590d2
           <...>-6477  [007] ....  5574.512947: do_swap_page: prefetch fault 6355 "GLThread 445" 7e84978000 1590d4
    Binder:908_4-5188  [005] ...1  5574.513011: do_swap_page: prefetch miss 908 "Binder:908_4" 7fbda46000 16509d
    Binder:908_4-5188  [005] ....  5574.513037: do_swap_page: prefetch fault 908 "Binder:908_4" 1d55554000 169004
   Binder:1344_D-3793  [005] ...1  5574.513128: do_swap_page: prefetch miss 1344 "Binder:1344_D" 7f20f1c000 1590d1
   Binder:1344_D-3793  [005] ....  5574.513153: do_swap_page: prefetch fault 1344 "Binder:1344_D" 7f20f20000 103c
           <...>-6617  [004] ...1  5574.513515: do_swap_page: prefetch miss 6355 "Chrome_IOThread" 7e8d2d0000 1590cf
           <...>-6617  [004] ....  5574.513595: do_swap_page: prefetch fault 6355 "Chrome_IOThread" 7e8d2d1000 490a7
           <...>-6477  [007] ...1  5574.515671: do_swap_page: prefetch miss 6355 "GLThread 445" 7e84978000 1590d4
           <...>-6477  [007] ....  5574.515809: do_swap_page: prefetch fault 6355 "GLThread 445" 7eac399000 1610cc
    Binder:908_4-5188  [005] ...1  5574.515905: do_swap_page: prefetch miss 908 "Binder:908_4" 1d55554000 169004
    Binder:908_4-5188  [005] ....  5574.515976: do_swap_page: prefetch fault 908 "Binder:908_4" 185555f000 590ab
   Binder:1344_D-3793  [005] ...1  5574.516026: do_swap_page: prefetch miss 1344 "Binder:1344_D" 7f20f20000 103c
           <...>-6617  [004] ...1  5574.516051: do_swap_page: prefetch miss 6355 "Chrome_IOThread" 7e8d2d1000 490a7
           <...>-6617  [004] ....  5574.516089: do_swap_page: prefetch fault 6355 "Chrome_IOThread" 7e9b41d000 1590d5
   system_server-1344  [006] ....  5574.516231: do_swap_page: prefetch fault 1344 "system_server" 7f20cea000 2903b
           <...>-2508  [003] ....  5574.516258: do_swap_page: prefetch fault 1946 "Binder:1946_5" 7fbe235000 2903a
           <...>-6062  [001] ....  5574.516290: do_swap_page: prefetch fault 6034 "Binder:6034_1" 7ecc01b000 1590d7
           <...>-6355  [005] ....  5574.516569: do_swap_page: prefetch fault 6355 ".candycrushsaga" 9f146000 310c8
           <...>-6477  [007] ...1  5574.518065: do_swap_page: prefetch miss 6355 "GLThread 445" 7eac399000 1610cc
           <...>-6477  [007] ....  5574.518138: do_swap_page: prefetch fault 6355 "GLThread 445" 7e845d1000 1610bf
    Binder:908_4-5188  [005] ...1  5574.518180: do_swap_page: prefetch miss 908 "Binder:908_4" 185555f000 590ab
           <...>-6617  [004] ...1  5574.518200: do_swap_page: prefetch miss 6355 "Chrome_IOThread" 7e9b41d000 1590d5
    Binder:908_4-5188  [005] ....  5574.518218: do_swap_page: prefetch fault 908 "Binder:908_4" 7f36cd6000 1650a6
           <...>-6062  [001] ...1  5574.518227: do_swap_page: prefetch miss 6034 "Binder:6034_1" 7ecc01b000 1590d7
           <...>-6617  [005] ....  5574.518231: do_swap_page: prefetch fault 6355 "Chrome_IOThread" 7e9b41b000 490ab
           <...>-2508  [005] ...1  5574.518288: do_swap_page: prefetch miss 1946 "Binder:1946_5" 7fbe235000 2903a
   system_server-1344  [005] ...1  5574.518376: do_swap_page: prefetch miss 1344 "system_server" 7f20cea000 2903b
           <...>-6355  [004] ...1  5574.518439: do_swap_page: prefetch miss 6355 ".candycrushsaga" 9f146000 310c8
           <...>-6355  [004] ....  5574.518447: do_swap_page: prefetch fault 6355 ".candycrushsaga" 9f15e000 310c9
           <...>-6062  [001] ....  5574.518519: do_swap_page: prefetch fault 6034 "Binder:6034_1" 7fbc15d000 29040
           <...>-6477  [007] ...1  5574.520619: do_swap_page: prefetch miss 6355 "GLThread 445" 7e845d1000 1610bf
           <...>-6477  [007] ....  5574.520685: do_swap_page: prefetch fault 6355 "GLThread 445" 7e84b7a000 1610c1
           <...>-6617  [004] ...1  5574.520726: do_swap_page: prefetch miss 6355 "Chrome_IOThread" 7e9b41b000 490ab
    Binder:908_4-5188  [005] ...1  5574.520736: do_swap_page: prefetch miss 908 "Binder:908_4" 7f36cd6000 1650a6
           <...>-6617  [004] ....  5574.520764: do_swap_page: prefetch fault 6355 "Chrome_IOThread" 7e9b42b000 2501c
           <...>-6355  [004] ...1  5574.520777: do_swap_page: prefetch miss 6355 ".candycrushsaga" 9f15e000 310c9
           <...>-6062  [001] ...1  5574.520788: do_swap_page: prefetch miss 6034 "Binder:6034_1" 7fbc15d000 29040
           <...>-6355  [004] ....  5574.520791: do_swap_page: prefetch fault 6355 ".candycrushsaga" 9f0fd000 310ca
    Binder:908_4-5188  [005] ....  5574.520886: do_swap_page: prefetch fault 908 "Binder:908_4" 7fbc234000 108a
           <...>-6062  [001] ....  5574.521060: do_swap_page: prefetch fault 6034 "Binder:6034_1" 7fbe22e000 1590dc
           <...>-6477  [007] ...1  5574.522549: do_swap_page: prefetch miss 6355 "GLThread 445" 7e84b7a000 1610c1
           <...>-6477  [007] ....  5574.522632: do_swap_page: prefetch fault 6355 "GLThread 445" 7e84979000 1590d8
           <...>-6617  [004] ...1  5574.522666: do_swap_page: prefetch miss 6355 "Chrome_IOThread" 7e9b42b000 2501c
           <...>-6355  [006] ...1  5574.522710: do_swap_page: prefetch miss 6355 ".candycrushsaga" 9f0fd000 310ca
           <...>-6617  [004] ....  5574.522716: do_swap_page: prefetch fault 6355 "Chrome_IOThread" 7ec5edd000 1590df
    Binder:908_4-5188  [005] ...1  5574.522735: do_swap_page: prefetch miss 908 "Binder:908_4" 7fbc234000 108a
           <...>-6062  [001] ...1  5574.522749: do_swap_page: prefetch miss 6034 "Binder:6034_1" 7fbe22e000 1590dc
    Binder:908_4-5188  [005] ....  5574.522766: do_swap_page: prefetch fault 908 "Binder:908_4" 1855555000 1590c4
           <...>-6062  [001] ....  5574.522920: do_swap_page: prefetch fault 6034 "Binder:6034_1" 7fbe162000 1590e1
           <...>-6034  [001] ....  5574.523048: do_swap_page: prefetch fault 6034 "roid.smartboard" 7fbe491000 25082
           <...>-1368  [007] ....  5574.523462: do_swap_page: prefetch fault 1344 "android.anim" 7f21265000 d03d
           <...>-6477  [007] ...1  5574.524527: do_swap_page: prefetch miss 6355 "GLThread 445" 7e84979000 1590d8
           <...>-6477  [007] ....  5574.524784: do_swap_page: prefetch fault 6355 "GLThread 445" 7e84aa8000 1590ce
           <...>-6617  [004] ...1  5574.524823: do_swap_page: prefetch miss 6355 "Chrome_IOThread" 7ec5edd000 1590df
    Binder:908_4-5188  [005] ...1  5574.524848: do_swap_page: prefetch miss 908 "Binder:908_4" 1855555000 1590c4
           <...>-6617  [004] ....  5574.524874: do_swap_page: prefetch fault 6355 "Chrome_IOThread" 7e9b432000 490b1
           <...>-6034  [001] ...1  5574.524914: do_swap_page: prefetch miss 6034 "roid.smartboard" 7fbe491000 25082
    Binder:908_4-5188  [005] ....  5574.524936: do_swap_page: prefetch fault 908 "Binder:908_4" 185555d000 1590d3
           <...>-6034  [001] ....  5574.525072: do_swap_page: prefetch fault 6034 "roid.smartboard" 7fffffb000 210a3
           <...>-6062  [001] ...1  5574.525084: do_swap_page: prefetch miss 6034 "Binder:6034_1" 7fbe162000 1590e1
           <...>-6062  [001] ....  5574.525472: do_swap_page: prefetch fault 6034 "Binder:6034_1" 7f2d260000 2508f
           <...>-1368  [007] ...1  5574.528020: do_swap_page: prefetch miss 1344 "android.anim" 7f21265000 d03d
           <...>-1368  [007] ....  5574.528136: do_swap_page: prefetch fault 1344 "android.anim" 7f28b64000 2508d
           <...>-6477  [007] ...1  5574.528221: do_swap_page: prefetch miss 6355 "GLThread 445" 7e84aa8000 1590ce
           <...>-6477  [007] ....  5574.528405: do_swap_page: prefetch fault 6355 "GLThread 445" 7eac336000 1590c5
           <...>-6617  [004] ...1  5574.528447: do_swap_page: prefetch miss 6355 "Chrome_IOThread" 7e9b432000 490b1
    Binder:908_4-5188  [005] ...1  5574.528475: do_swap_page: prefetch miss 908 "Binder:908_4" 185555d000 1590d3
    Binder:908_4-5188  [005] ....  5574.528499: do_swap_page: prefetch fault 908 "Binder:908_4" 1855557000 169015
           <...>-6617  [005] ....  5574.528511: do_swap_page: prefetch fault 6355 "Chrome_IOThread" 7eaf068000 490b3
           <...>-6034  [001] ...1  5574.528555: do_swap_page: prefetch miss 6034 "roid.smartboard" 7fffffb000 210a3
           <...>-6034  [001] ....  5574.528857: do_swap_page: prefetch fault 6034 "roid.smartboard" 72e39000 25072
           <...>-1368  [007] ...1  5574.530772: do_swap_page: prefetch miss 1344 "android.anim" 7f28b64000 2508d
           <...>-6062  [001] ...1  5574.530809: do_swap_page: prefetch miss 6034 "Binder:6034_1" 7f2d260000 2508f
           <...>-1368  [007] ....  5574.530830: do_swap_page: prefetch fault 1344 "android.anim" 7f28a89000 d03e
           <...>-6617  [004] ...1  5574.530843: do_swap_page: prefetch miss 6355 "Chrome_IOThread" 7eaf068000 490b3
    Binder:908_4-5188  [005] ...1  5574.530846: do_swap_page: prefetch miss 908 "Binder:908_4" 1855557000 169015
           <...>-6617  [004] ....  5574.530861: do_swap_page: prefetch fault 6355 "Chrome_IOThread" 7eac252000 55078
           <...>-6477  [007] ...1  5574.530879: do_swap_page: prefetch miss 6355 "GLThread 445" 7eac336000 1590c5
    Binder:908_4-5188  [005] ....  5574.530919: do_swap_page: prefetch fault 908 "Binder:908_4" 185555a000 1590e7
           <...>-6477  [007] ....  5574.531078: do_swap_page: prefetch fault 6355 "GLThread 445" 7ec6465000 5908d
           <...>-6034  [001] ...1  5574.532963: do_swap_page: prefetch miss 6034 "roid.smartboard" 72e39000 25072
           <...>-1368  [007] ...1  5574.532970: do_swap_page: prefetch miss 1344 "android.anim" 7f28a89000 d03e
           <...>-1368  [007] ....  5574.533041: do_swap_page: prefetch fault 1344 "android.anim" 7f28b63000 d03f
           <...>-6617  [004] ...1  5574.533149: do_swap_page: prefetch miss 6355 "Chrome_IOThread" 7eac252000 55078
    Binder:908_4-5188  [005] ...1  5574.533153: do_swap_page: prefetch miss 908 "Binder:908_4" 185555a000 1590e7
           <...>-6477  [007] ...1  5574.533154: do_swap_page: prefetch miss 6355 "GLThread 445" 7ec6465000 5908d
           <...>-6617  [004] ....  5574.533160: do_swap_page: prefetch fault 6355 "Chrome_IOThread" 7eac309000 59088
    Binder:908_4-5188  [005] ....  5574.533167: do_swap_page: prefetch fault 908 "Binder:908_4" 7fbd829000 1590e0
           <...>-6477  [007] ....  5574.533205: do_swap_page: prefetch fault 6355 "GLThread 445" 7e84a21000 5908a
           <...>-6034  [001] ....  5574.533335: do_swap_page: prefetch fault 6034 "roid.smartboard" 7fbc15c000 2904c
           <...>-6062  [001] ....  5574.533547: do_swap_page: prefetch fault 6034 "Binder:6034_1" 7fbc15e000 25074
           <...>-6034  [001] ...1  5574.535191: do_swap_page: prefetch miss 6034 "roid.smartboard" 7fbc15c000 2904c
           <...>-1368  [007] ...1  5574.535269: do_swap_page: prefetch miss 1344 "android.anim" 7f28b63000 d03f
           <...>-6617  [004] ...1  5574.535271: do_swap_page: prefetch miss 6355 "Chrome_IOThread" 7eac309000 59088
           <...>-1368  [007] ....  5574.535283: do_swap_page: prefetch fault 1344 "android.anim" 7fbccb0000 5908b
           <...>-6617  [004] ....  5574.535283: do_swap_page: prefetch fault 6355 "Chrome_IOThread" 7eac5df000 5908c
           <...>-6034  [001] ....  5574.535292: do_swap_page: prefetch fault 6034 "roid.smartboard" 7f28c45000 59087
    Binder:908_4-5188  [005] ...1  5574.535354: do_swap_page: prefetch miss 908 "Binder:908_4" 7fbd829000 1590e0
           <...>-6477  [007] ...1  5574.535357: do_swap_page: prefetch miss 6355 "GLThread 445" 7e84a21000 5908a
    Binder:908_4-5188  [005] ....  5574.535390: do_swap_page: prefetch fault 908 "Binder:908_4" 7f36ce0000 90fd
           <...>-6477  [007] ....  5574.535642: do_swap_page: prefetch fault 6355 "GLThread 445" 7eac338000 1590db
           <...>-6062  [001] ...1  5574.535800: do_swap_page: prefetch miss 6034 "Binder:6034_1" 7fbc15e000 25074
           <...>-6294  [000] ....  5574.536537: do_swap_page: prefetch fault 6034 "Binder:6034_6" 7f28c38000 1590da
           <...>-1368  [007] ...1  5574.537470: do_swap_page: prefetch miss 1344 "android.anim" 7fbccb0000 5908b
           <...>-1368  [007] ....  5574.537500: do_swap_page: prefetch fault 1344 "android.anim" 7e6f6ed000 59090
           <...>-6617  [007] ...1  5574.537529: do_swap_page: prefetch miss 6355 "Chrome_IOThread" 7eac5df000 5908c
           <...>-6617  [007] ....  5574.537563: do_swap_page: prefetch fault 6355 "Chrome_IOThread" 7e9b567000 5908f
    Binder:908_4-5188  [005] ...1  5574.537634: do_swap_page: prefetch miss 908 "Binder:908_4" 7f36ce0000 90fd
           <...>-6477  [007] ...1  5574.537641: do_swap_page: prefetch miss 6355 "GLThread 445" 7eac338000 1590db
    Binder:908_4-5188  [005] ....  5574.537688: do_swap_page: prefetch fault 908 "Binder:908_4" 1a55553000 59086
           <...>-6477  [007] ....  5574.537731: do_swap_page: prefetch fault 6355 "GLThread 445" 7e84ad3000 1610bd
           <...>-6034  [001] ...1  5574.537743: do_swap_page: prefetch miss 6034 "roid.smartboard" 7f28c45000 59087
           <...>-6034  [001] ....  5574.537775: do_swap_page: prefetch fault 6034 "roid.smartboard" 7fbf6ff000 29050
           <...>-6294  [000] ...1  5574.539233: do_swap_page: prefetch miss 6034 "Binder:6034_6" 7f28c38000 1590da
           <...>-1368  [007] ...1  5574.539236: do_swap_page: prefetch miss 1344 "android.anim" 7e6f6ed000 59090
           <...>-1368  [007] ....  5574.539246: do_swap_page: prefetch fault 1344 "android.anim" 7e6f6ee000 59096
           <...>-6617  [007] ...1  5574.539305: do_swap_page: prefetch miss 6355 "Chrome_IOThread" 7e9b567000 5908f
           <...>-6617  [007] ....  5574.539315: do_swap_page: prefetch fault 6355 "Chrome_IOThread" 7e9bef9000 59095
           <...>-6294  [000] ....  5574.539319: do_swap_page: prefetch fault 6034 "Binder:6034_6" 7fb9ba8000 25077
    Binder:908_4-5188  [005] ...1  5574.539388: do_swap_page: prefetch miss 908 "Binder:908_4" 1a55553000 59086
           <...>-6477  [007] ...1  5574.539401: do_swap_page: prefetch miss 6355 "GLThread 445" 7e84ad3000 1610bd
           <...>-6477  [007] ....  5574.539414: do_swap_page: prefetch fault 6355 "GLThread 445" 7eac355000 1590de
    Binder:908_4-5188  [005] ....  5574.539444: do_swap_page: prefetch fault 908 "Binder:908_4" 7f36d3d000 d0ab
           <...>-6034  [001] ...1  5574.541320: do_swap_page: prefetch miss 6034 "roid.smartboard" 7fbf6ff000 29050
           <...>-1368  [007] ...1  5574.541336: do_swap_page: prefetch miss 1344 "android.anim" 7e6f6ee000 59096
           <...>-1368  [007] ....  5574.541347: do_swap_page: prefetch fault 1344 "android.anim" 7e6f6ef000 1650ad
           <...>-6617  [007] ...1  5574.541413: do_swap_page: prefetch miss 6355 "Chrome_IOThread" 7e9bef9000 59095
           <...>-6617  [007] ....  5574.541425: do_swap_page: prefetch fault 6355 "Chrome_IOThread" 7eac490000 169008
           <...>-6294  [000] ...1  5574.541431: do_swap_page: prefetch miss 6034 "Binder:6034_6" 7fb9ba8000 25077
           <...>-6034  [001] ....  5574.541438: do_swap_page: prefetch fault 6034 "roid.smartboard" 7fbe15d000 59092
    Binder:908_4-5188  [005] ...1  5574.541498: do_swap_page: prefetch miss 908 "Binder:908_4" 7f36d3d000 d0ab
           <...>-6477  [007] ...1  5574.541499: do_swap_page: prefetch miss 6355 "GLThread 445" 7eac355000 1590de
    Binder:908_4-5188  [005] ....  5574.541548: do_swap_page: prefetch fault 908 "Binder:908_4" 205555f000 59093
           <...>-6477  [007] ....  5574.541633: do_swap_page: prefetch fault 6355 "GLThread 445" 7eac356000 161063
           <...>-1368  [007] ...1  5574.543519: do_swap_page: prefetch miss 1344 "android.anim" 7e6f6ef000 1650ad
           <...>-1368  [007] ....  5574.543529: do_swap_page: prefetch fault 1344 "android.anim" 7e6f6f0000 16900d
           <...>-6617  [007] ...1  5574.543588: do_swap_page: prefetch miss 6355 "Chrome_IOThread" 7eac490000 169008
           <...>-6617  [007] ....  5574.543640: do_swap_page: prefetch fault 6355 "Chrome_IOThread" 7e8d2cf000 16900b
           <...>-6728  [007] ....  5574.543654: do_swap_page: prefetch fault 6594 "Chrome_ChildIOT" e211a000 16900c
           <...>-6034  [001] ...1  5574.543731: do_swap_page: prefetch miss 6034 "roid.smartboard" 7fbe15d000 59092
    Binder:908_4-5188  [005] ...1  5574.543738: do_swap_page: prefetch miss 908 "Binder:908_4" 205555f000 59093
    Binder:908_4-5188  [005] ....  5574.543748: do_swap_page: prefetch fault 908 "Binder:908_4" 2655558000 59094
           <...>-6034  [001] ....  5574.543751: do_swap_page: prefetch fault 6034 "roid.smartboard" 7fbe15c000 169005
           <...>-6477  [007] ...1  5574.543752: do_swap_page: prefetch miss 6355 "GLThread 445" 7eac356000 161063
           <...>-6477  [007] ....  5574.543978: do_swap_page: prefetch fault 6355 "GLThread 445" 7eac358000 169006
           <...>-1368  [007] ...1  5574.547596: do_swap_page: prefetch miss 1344 "android.anim" 7e6f6f0000 16900d
           <...>-1368  [007] ....  5574.547612: do_swap_page: prefetch fault 1344 "android.anim" 7e6f6f1000 169012
           <...>-6617  [007] ...1  5574.547685: do_swap_page: prefetch miss 6355 "Chrome_IOThread" 7e8d2cf000 16900b
           <...>-6728  [007] ...1  5574.547722: do_swap_page: prefetch miss 6594 "Chrome_ChildIOT" e211a000 16900c
           <...>-6728  [007] ....  5574.547739: do_swap_page: prefetch fault 6594 "Chrome_ChildIOT" cc31a000 169011
           <...>-6477  [007] ...1  5574.548705: do_swap_page: prefetch miss 6355 "GLThread 445" 7eac358000 169006
    Binder:908_4-5188  [005] ...1  5574.548710: do_swap_page: prefetch miss 908 "Binder:908_4" 2655558000 59094
           <...>-6477  [007] ....  5574.548748: do_swap_page: prefetch fault 6355 "GLThread 445" 7fbe271000 59091
    Binder:908_4-5188  [005] ....  5574.549083: do_swap_page: prefetch fault 908 "Binder:908_4" 1855558000 1590dd
           <...>-6034  [001] ...1  5574.549131: do_swap_page: prefetch miss 6034 "roid.smartboard" 7fbe15c000 169005
           <...>-6034  [001] ....  5574.549166: do_swap_page: prefetch fault 6034 "roid.smartboard" 7fbe294000 169009
           <...>-1368  [007] ...1  5574.550509: do_swap_page: prefetch miss 1344 "android.anim" 7e6f6f1000 169012
           <...>-1368  [007] ....  5574.550525: do_swap_page: prefetch fault 1344 "android.anim" 7e6f6f2000 169018
           <...>-6728  [007] ...1  5574.550581: do_swap_page: prefetch miss 6594 "Chrome_ChildIOT" cc31a000 169011
           <...>-6728  [007] ....  5574.550595: do_swap_page: prefetch fault 6594 "Chrome_ChildIOT" e2118000 169017
           <...>-6477  [007] ...1  5574.550658: do_swap_page: prefetch miss 6355 "GLThread 445" 7fbe271000 59091
           <...>-6477  [007] ....  5574.550725: do_swap_page: prefetch fault 6355 "GLThread 445" 7e84a22000 1590ea
    Binder:908_4-5188  [005] ...1  5574.550770: do_swap_page: prefetch miss 908 "Binder:908_4" 1855558000 1590dd
    Binder:908_4-5188  [005] ....  5574.550810: do_swap_page: prefetch fault 908 "Binder:908_4" 7fbdc58000 d0af
           <...>-6034  [001] ...1  5574.551697: do_swap_page: prefetch miss 6034 "roid.smartboard" 7fbe294000 169009
           <...>-6034  [001] ....  5574.551756: do_swap_page: prefetch fault 6034 "roid.smartboard" 7f2d145000 25088
           <...>-1368  [007] ...1  5574.552210: do_swap_page: prefetch miss 1344 "android.anim" 7e6f6f2000 169018
           <...>-1368  [007] ....  5574.552220: do_swap_page: prefetch fault 1344 "android.anim" 7e6f6f3000 1590e4
           <...>-6728  [007] ...1  5574.552288: do_swap_page: prefetch miss 6594 "Chrome_ChildIOT" e2118000 169017
           <...>-6728  [007] ....  5574.552299: do_swap_page: prefetch fault 6594 "Chrome_ChildIOT" e206c000 1590e5
           <...>-6477  [007] ...1  5574.552361: do_swap_page: prefetch miss 6355 "GLThread 445" 7e84a22000 1590ea
           <...>-6477  [007] ....  5574.552592: do_swap_page: prefetch fault 6355 "GLThread 445" 7e84aa5000 1590fc
    Binder:908_4-5188  [005] ...1  5574.552994: do_swap_page: prefetch miss 908 "Binder:908_4" 7fbdc58000 d0af
    Binder:908_4-5188  [005] ....  5574.553027: do_swap_page: prefetch fault 908 "Binder:908_4" 7f3bb4a000 d0b0
           <...>-6034  [001] ...1  5574.553856: do_swap_page: prefetch miss 6034 "roid.smartboard" 7f2d145000 25088
           <...>-6034  [001] ....  5574.553882: do_swap_page: prefetch fault 6034 "roid.smartboard" 7fffffc000 16900f
           <...>-1368  [007] ...1  5574.554165: do_swap_page: prefetch miss 1344 "android.anim" 7e6f6f3000 1590e4
           <...>-1368  [007] ....  5574.554175: do_swap_page: prefetch fault 1344 "android.anim" 7e6f6f4000 1590e9
           <...>-6728  [007] ...1  5574.554180: do_swap_page: prefetch miss 6594 "Chrome_ChildIOT" e206c000 1590e5
           <...>-6728  [007] ....  5574.554191: do_swap_page: prefetch fault 6594 "Chrome_ChildIOT" f0e18000 1590eb
           <...>-6477  [007] ...1  5574.554265: do_swap_page: prefetch miss 6355 "GLThread 445" 7e84aa5000 1590fc
           <...>-6477  [007] ....  5574.554324: do_swap_page: prefetch fault 6355 "GLThread 445" 7eac58e000 169037
    Binder:908_4-5188  [005] ...1  5574.555184: do_swap_page: prefetch miss 908 "Binder:908_4" 7f3bb4a000 d0b0
    Binder:908_4-5188  [005] ....  5574.555232: do_swap_page: prefetch fault 908 "Binder:908_4" 1b5555b000 169010
           <...>-1368  [007] ...1  5574.556151: do_swap_page: prefetch miss 1344 "android.anim" 7e6f6f4000 1590e9
           <...>-1368  [007] ....  5574.556161: do_swap_page: prefetch fault 1344 "android.anim" 7e6f6f5000 1590ed
           <...>-6034  [001] ...1  5574.556203: do_swap_page: prefetch miss 6034 "roid.smartboard" 7fffffc000 16900f
           <...>-6728  [007] ...1  5574.556217: do_swap_page: prefetch miss 6594 "Chrome_ChildIOT" f0e18000 1590eb
           <...>-6728  [007] ....  5574.556245: do_swap_page: prefetch fault 6594 "Chrome_ChildIOT" f7a2c000 1590ee
           <...>-6034  [001] ....  5574.556256: do_swap_page: prefetch fault 6034 "roid.smartboard" 7f28b85000 169013
           <...>-6477  [007] ...1  5574.556307: do_swap_page: prefetch miss 6355 "GLThread 445" 7eac58e000 169037
           <...>-6477  [007] ....  5574.556345: do_swap_page: prefetch fault 6355 "GLThread 445" 7edef09000 1610e5
    Binder:908_4-5188  [005] ...1  5574.557124: do_swap_page: prefetch miss 908 "Binder:908_4" 1b5555b000 169010
    Binder:908_4-5188  [005] ....  5574.557176: do_swap_page: prefetch fault 908 "Binder:908_4" 1855559000 590b8
           <...>-1368  [007] ...1  5574.558648: do_swap_page: prefetch miss 1344 "android.anim" 7e6f6f5000 1590ed
           <...>-1368  [007] ....  5574.558661: do_swap_page: prefetch fault 1344 "android.anim" 7e6f71f000 1590f1
           <...>-6728  [007] ...1  5574.558727: do_swap_page: prefetch miss 6594 "Chrome_ChildIOT" f7a2c000 1590ee
           <...>-6728  [007] ....  5574.558738: do_swap_page: prefetch fault 6594 "Chrome_ChildIOT" cc319000 1590f2
           <...>-6034  [001] ...1  5574.558742: do_swap_page: prefetch miss 6034 "roid.smartboard" 7f28b85000 169013
           <...>-6034  [001] ....  5574.558780: do_swap_page: prefetch fault 6034 "roid.smartboard" 7f395f1000 25071
           <...>-6477  [007] ...1  5574.558793: do_swap_page: prefetch miss 6355 "GLThread 445" 7edef09000 1610e5
           <...>-6477  [007] ....  5574.558875: do_swap_page: prefetch fault 6355 "GLThread 445" 7ec6466000 16d004
    Binder:908_4-5188  [005] ...1  5574.559716: do_swap_page: prefetch miss 908 "Binder:908_4" 1855559000 590b8
    Binder:908_4-5188  [005] ....  5574.559759: do_swap_page: prefetch fault 908 "Binder:908_4" 215555d000 169016
           <...>-1368  [007] ...1  5574.560561: do_swap_page: prefetch miss 1344 "android.anim" 7e6f71f000 1590f1
           <...>-1368  [007] ....  5574.560572: do_swap_page: prefetch fault 1344 "android.anim" 7e6f720000 1590f6
           <...>-6728  [007] ...1  5574.560638: do_swap_page: prefetch miss 6594 "Chrome_ChildIOT" cc319000 1590f2
           <...>-6034  [001] ...1  5574.560658: do_swap_page: prefetch miss 6034 "roid.smartboard" 7f395f1000 25071
           <...>-6728  [007] ....  5574.560676: do_swap_page: prefetch fault 6594 "Chrome_ChildIOT" e2124000 1590f8
           <...>-6477  [007] ...1  5574.560731: do_swap_page: prefetch miss 6355 "GLThread 445" 7ec6466000 16d004
           <...>-6477  [007] ....  5574.560873: do_swap_page: prefetch fault 6355 "GLThread 445" 7eac3cb000 1590e6
           <...>-6034  [001] ....  5574.561052: do_swap_page: prefetch fault 6034 "roid.smartboard" 7f2d61e000 16901a
    Binder:908_4-5188  [005] ...1  5574.562118: do_swap_page: prefetch miss 908 "Binder:908_4" 215555d000 169016
    Binder:908_4-5188  [005] ....  5574.562167: do_swap_page: prefetch fault 908 "Binder:908_4" 1955552000 1590e3
           <...>-1368  [007] ...1  5574.562973: do_swap_page: prefetch miss 1344 "android.anim" 7e6f720000 1590f6
           <...>-1368  [007] ....  5574.562983: do_swap_page: prefetch fault 1344 "android.anim" 7e6f721000 1590fa
           <...>-6728  [007] ...1  5574.563044: do_swap_page: prefetch miss 6594 "Chrome_ChildIOT" e2124000 1590f8
           <...>-6728  [007] ....  5574.563058: do_swap_page: prefetch fault 6594 "Chrome_ChildIOT" f7a1f000 1590fb
           <...>-6477  [007] ...1  5574.563122: do_swap_page: prefetch miss 6355 "GLThread 445" 7eac3cb000 1590e6
           <...>-6034  [001] ...1  5574.563144: do_swap_page: prefetch miss 6034 "roid.smartboard" 7f2d61e000 16901a
           <...>-6477  [007] ....  5574.563256: do_swap_page: prefetch fault 6355 "GLThread 445" 7e84b0a000 16901f
           <...>-6034  [001] ....  5574.563513: do_swap_page: prefetch fault 6034 "roid.smartboard" 7fbc15a000 25090
    Binder:908_4-5188  [005] ...1  5574.564032: do_swap_page: prefetch miss 908 "Binder:908_4" 1955552000 1590e3
           <...>-27603 [005] ....  5574.564206: do_swap_page: prefetch fault 910 "generic" f3607000 1590ec
           <...>-1368  [007] ...1  5574.565014: do_swap_page: prefetch miss 1344 "android.anim" 7e6f721000 1590fa
           <...>-1368  [007] ....  5574.565026: do_swap_page: prefetch fault 1344 "android.anim" 7e6f722000 1590fe
           <...>-6728  [007] ...1  5574.565088: do_swap_page: prefetch miss 6594 "Chrome_ChildIOT" f7a1f000 1590fb
           <...>-6728  [007] ....  5574.565101: do_swap_page: prefetch fault 6594 "Chrome_ChildIOT" d6cf8000 1590ff
           <...>-6477  [007] ...1  5574.565156: do_swap_page: prefetch miss 6355 "GLThread 445" 7e84b0a000 16901f
           <...>-6477  [007] ....  5574.565316: do_swap_page: prefetch fault 6355 "GLThread 445" 7eac39c000 1610c5
           <...>-6034  [001] ...1  5574.566061: do_swap_page: prefetch miss 6034 "roid.smartboard" 7fbc15a000 25090
           <...>-27603 [005] ...1  5574.566067: do_swap_page: prefetch miss 910 "generic" f3607000 1590ec
           <...>-6034  [001] ....  5574.566090: do_swap_page: prefetch fault 6034 "roid.smartboard" 7f23369000 25091
    Binder:908_4-5188  [005] ....  5574.566144: do_swap_page: prefetch fault 908 "Binder:908_4" 1b5555f000 1590f0
           <...>-1368  [007] ...1  5574.566654: do_swap_page: prefetch miss 1344 "android.anim" 7e6f722000 1590fe
           <...>-1368  [007] ....  5574.566666: do_swap_page: prefetch fault 1344 "android.anim" 7e6f723000 16d002
           <...>-6728  [007] ...1  5574.566722: do_swap_page: prefetch miss 6594 "Chrome_ChildIOT" d6cf8000 1590ff
           <...>-6728  [007] ....  5574.566733: do_swap_page: prefetch fault 6594 "Chrome_ChildIOT" e2116000 16d003
           <...>-6477  [007] ...1  5574.566977: do_swap_page: prefetch miss 6355 "GLThread 445" 7eac39c000 1610c5
           <...>-6477  [007] ....  5574.567120: do_swap_page: prefetch fault 6355 "GLThread 445" 7eac58f000 590b9
           <...>-6034  [001] ...1  5574.569145: do_swap_page: prefetch miss 6034 "roid.smartboard" 7f23369000 25091
           <...>-1368  [007] ...1  5574.569190: do_swap_page: prefetch miss 1344 "android.anim" 7e6f723000 16d002
    Binder:908_4-5188  [005] ...1  5574.569193: do_swap_page: prefetch miss 908 "Binder:908_4" 1b5555f000 1590f0
           <...>-6034  [001] ....  5574.569200: do_swap_page: prefetch fault 6034 "roid.smartboard" 9f1bb000 29053
           <...>-1368  [007] ....  5574.569201: do_swap_page: prefetch fault 1344 "android.anim" 7e6f724000 16d009
    Binder:908_4-5188  [005] ....  5574.569215: do_swap_page: prefetch fault 908 "Binder:908_4" 185555e000 1590d9
           <...>-6728  [007] ...1  5574.569351: do_swap_page: prefetch miss 6594 "Chrome_ChildIOT" e2116000 16d003
           <...>-6728  [007] ....  5574.569364: do_swap_page: prefetch fault 6594 "Chrome_ChildIOT" e20f1000 16d00a
           <...>-6477  [007] ...1  5574.569370: do_swap_page: prefetch miss 6355 "GLThread 445" 7eac58f000 590b9
           <...>-6477  [007] ....  5574.569379: do_swap_page: prefetch fault 6355 "GLThread 445" 7eac3cc000 1590ef
           <...>-1368  [007] ...1  5574.571356: do_swap_page: prefetch miss 1344 "android.anim" 7e6f724000 16d009
    Binder:908_4-5188  [005] ...1  5574.571363: do_swap_page: prefetch miss 908 "Binder:908_4" 185555e000 1590d9
           <...>-1368  [007] ....  5574.571366: do_swap_page: prefetch fault 1344 "android.anim" 7e6f725000 16901d
           <...>-6034  [000] ...1  5574.571370: do_swap_page: prefetch miss 6034 "roid.smartboard" 9f1bb000 29053
           <...>-6034  [000] .n..  5574.571421: do_swap_page: prefetch fault 6034 "roid.smartboard" 7ed2557000 29054
           <...>-6477  [007] ...1  5574.571432: do_swap_page: prefetch miss 6355 "GLThread 445" 7eac3cc000 1590ef
           <...>-6477  [007] ....  5574.571443: do_swap_page: prefetch fault 6355 "GLThread 445" 7eac3cd000 1590f3
           <...>-27603 [005] ....  5574.571503: do_swap_page: prefetch fault 910 "generic" f3550000 1590f9
           <...>-6728  [007] ...1  5574.571523: do_swap_page: prefetch miss 6594 "Chrome_ChildIOT" e20f1000 16d00a
           <...>-6728  [007] ....  5574.571530: do_swap_page: prefetch fault 6594 "Chrome_ChildIOT" e2055000 16901e
           <...>-1368  [007] ...1  5574.573240: do_swap_page: prefetch miss 1344 "android.anim" 7e6f725000 16901d
           <...>-1368  [007] ....  5574.573250: do_swap_page: prefetch fault 1344 "android.anim" 7e6f726000 169021
           <...>-6034  [000] ...1  5574.573323: do_swap_page: prefetch miss 6034 "roid.smartboard" 7ed2557000 29054
           <...>-6477  [007] ...1  5574.573328: do_swap_page: prefetch miss 6355 "GLThread 445" 7eac3cd000 1590f3
           <...>-6034  [000] ....  5574.573353: do_swap_page: prefetch fault 6034 "roid.smartboard" 7ed2554000 29055
           <...>-6477  [007] ....  5574.573627: do_swap_page: prefetch fault 6355 "GLThread 445" 7eac32b000 169023
           <...>-27603 [005] ...1  5574.573666: do_swap_page: prefetch miss 910 "generic" f3550000 1590f9
           <...>-6728  [007] ...1  5574.573681: do_swap_page: prefetch miss 6594 "Chrome_ChildIOT" e2055000 16901e
           <...>-6728  [007] ....  5574.573702: do_swap_page: prefetch fault 6594 "Chrome_ChildIOT" cc874000 169022
           <...>-27603 [005] ....  5574.573738: do_swap_page: prefetch fault 910 "generic" f3544000 1590fd
           <...>-1368  [007] ...1  5574.575654: do_swap_page: prefetch miss 1344 "android.anim" 7e6f726000 169021
           <...>-1368  [007] ....  5574.575664: do_swap_page: prefetch fault 1344 "android.anim" 7e6f727000 169024
           <...>-6477  [007] ...1  5574.575733: do_swap_page: prefetch miss 6355 "GLThread 445" 7eac32b000 169023
           <...>-6034  [000] ...1  5574.575746: do_swap_page: prefetch miss 6034 "roid.smartboard" 7ed2554000 29055
           <...>-6034  [000] ....  5574.575770: do_swap_page: prefetch fault 6034 "roid.smartboard" 9f1bc000 25092
           <...>-6477  [007] ....  5574.575771: do_swap_page: prefetch fault 6355 "GLThread 445" 7eac3ce000 16d00b
           <...>-27603 [005] ...1  5574.575908: do_swap_page: prefetch miss 910 "generic" f3544000 1590fd
           <...>-6728  [007] ...1  5574.575917: do_swap_page: prefetch miss 6594 "Chrome_ChildIOT" cc874000 169022
           <...>-27603 [005] ....  5574.575922: do_swap_page: prefetch fault 910 "generic" f351b000 16d001
           <...>-6728  [007] ....  5574.575930: do_swap_page: prefetch fault 6594 "Chrome_ChildIOT" e5487000 169025
           <...>-1368  [007] ...1  5574.577875: do_swap_page: prefetch miss 1344 "android.anim" 7e6f727000 169024
           <...>-1368  [007] ....  5574.577908: do_swap_page: prefetch fault 1344 "android.anim" 7e70f7f000 169028
           <...>-6034  [000] ...1  5574.577980: do_swap_page: prefetch miss 6034 "roid.smartboard" 9f1bc000 25092
           <...>-6477  [007] ...1  5574.578036: do_swap_page: prefetch miss 6355 "GLThread 445" 7eac3ce000 16d00b
           <...>-6034  [000] ....  5574.578093: do_swap_page: prefetch fault 6034 "roid.smartboard" 9f197000 29056
           <...>-6477  [007] ....  5574.578097: do_swap_page: prefetch fault 6355 "GLThread 445" 7eac3de000 169026
           <...>-27603 [005] ...1  5574.578224: do_swap_page: prefetch miss 910 "generic" f351b000 16d001
           <...>-6728  [007] ...1  5574.578232: do_swap_page: prefetch miss 6594 "Chrome_ChildIOT" e5487000 169025
           <...>-27603 [005] ....  5574.578237: do_swap_page: prefetch fault 910 "generic" f351a000 16d005
           <...>-6728  [007] ....  5574.578261: do_swap_page: prefetch fault 6594 "Chrome_ChildIOT" e5463000 169029
           <...>-1368  [007] ...1  5574.579845: do_swap_page: prefetch miss 1344 "android.anim" 7e70f7f000 169028
           <...>-1368  [007] ....  5574.580011: do_swap_page: prefetch fault 1344 "android.anim" 7e7bfd3000 d042
           <...>-6034  [000] ...1  5574.580094: do_swap_page: prefetch miss 6034 "roid.smartboard" 9f197000 29056
           <...>-6477  [007] ...1  5574.580110: do_swap_page: prefetch miss 6355 "GLThread 445" 7eac3de000 169026
           <...>-27603 [005] ...1  5574.580116: do_swap_page: prefetch miss 910 "generic" f351a000 16d005
           <...>-6034  [000] ....  5574.580144: do_swap_page: prefetch fault 6034 "roid.smartboard" 7ed2553000 29057
    Binder:908_4-5188  [005] ....  5574.580187: do_swap_page: prefetch fault 908 "Binder:908_4" 1755564000 590ba
           <...>-6477  [007] ....  5574.580230: do_swap_page: prefetch fault 6355 "GLThread 445" 7edf5a8000 590c8
           <...>-6728  [007] ...1  5574.580351: do_swap_page: prefetch miss 6594 "Chrome_ChildIOT" e5463000 169029
           <...>-6728  [007] ....  5574.580366: do_swap_page: prefetch fault 6594 "Chrome_ChildIOT" cc57d000 5503b
           <...>-1368  [007] ...1  5574.582264: do_swap_page: prefetch miss 1344 "android.anim" 7e7bfd3000 d042
           <...>-1368  [007] ....  5574.582294: do_swap_page: prefetch fault 1344 "android.anim" 7e63dd4000 d044
           <...>-6728  [007] ...1  5574.582393: do_swap_page: prefetch miss 6594 "Chrome_ChildIOT" cc57d000 5503b
           <...>-6728  [007] ....  5574.582408: do_swap_page: prefetch fault 6594 "Chrome_ChildIOT" cc52f000 16902e
           <...>-6477  [007] ...1  5574.582434: do_swap_page: prefetch miss 6355 "GLThread 445" 7edf5a8000 590c8
           <...>-6477  [007] ....  5574.582502: do_swap_page: prefetch fault 6355 "GLThread 445" 7edef0a000 1610ba
    Binder:908_4-5188  [005] ...1  5574.582542: do_swap_page: prefetch miss 908 "Binder:908_4" 1755564000 590ba
           <...>-6034  [000] ...1  5574.582651: do_swap_page: prefetch miss 6034 "roid.smartboard" 7ed2553000 29057
           <...>-6034  [000] ....  5574.582726: do_swap_page: prefetch fault 6034 "roid.smartboard" 7fbe1a4000 210ab
    Binder:908_4-5188  [003] ....  5574.583295: do_swap_page: prefetch fault 908 "Binder:908_4" 7fbc03f000 16901b
           <...>-1368  [007] ...1  5574.584262: do_swap_page: prefetch miss 1344 "android.anim" 7e63dd4000 d044
           <...>-1368  [007] ....  5574.584273: do_swap_page: prefetch fault 1344 "android.anim" 7e63dd5000 104f
           <...>-6728  [007] ...1  5574.584335: do_swap_page: prefetch miss 6594 "Chrome_ChildIOT" cc52f000 16902e
           <...>-6728  [007] ....  5574.584344: do_swap_page: prefetch fault 6594 "Chrome_ChildIOT" e5468000 169030
           <...>-6477  [007] ...1  5574.584409: do_swap_page: prefetch miss 6355 "GLThread 445" 7edef0a000 1610ba
           <...>-6477  [007] ....  5574.584538: do_swap_page: prefetch fault 6355 "GLThread 445" 7eac530000 15908e
           <...>-6034  [000] ...1  5574.584910: do_swap_page: prefetch miss 6034 "roid.smartboard" 7fbe1a4000 210ab
    Binder:908_4-5188  [005] ...1  5574.584939: do_swap_page: prefetch miss 908 "Binder:908_4" 7fbc03f000 16901b
           <...>-6034  [000] ....  5574.584970: do_swap_page: prefetch fault 6034 "roid.smartboard" 7fffffa000 210ad
    Binder:908_4-5188  [005] ....  5574.585004: do_swap_page: prefetch fault 908 "Binder:908_4" 7fbc531000 169020
           <...>-1368  [007] ...1  5574.587795: do_swap_page: prefetch miss 1344 "android.anim" 7e63dd5000 104f
           <...>-1368  [007] ....  5574.587807: do_swap_page: prefetch fault 1344 "android.anim" 7e63dd6000 1050
           <...>-6728  [007] ...1  5574.587873: do_swap_page: prefetch miss 6594 "Chrome_ChildIOT" e5468000 169030
           <...>-6728  [007] ....  5574.587891: do_swap_page: prefetch fault 6594 "Chrome_ChildIOT" cc522000 169036
           <...>-6477  [007] ...1  5574.587917: do_swap_page: prefetch miss 6355 "GLThread 445" 7eac530000 15908e
           <...>-6477  [007] ....  5574.587985: do_swap_page: prefetch fault 6355 "GLThread 445" 7eac39d000 16902a
           <...>-6034  [000] ...1  5574.588051: do_swap_page: prefetch miss 6034 "roid.smartboard" 7fffffa000 210ad
    Binder:908_4-5188  [005] ...1  5574.588058: do_swap_page: prefetch miss 908 "Binder:908_4" 7fbc531000 169020
    Binder:908_4-5188  [005] ....  5574.588118: do_swap_page: prefetch fault 908 "Binder:908_4" 1c55560000 169027
           <...>-6034  [000] ....  5574.588293: do_swap_page: prefetch fault 6034 "roid.smartboard" 7ed2558000 210b1
           <...>-1368  [007] ...1  5574.590188: do_swap_page: prefetch miss 1344 "android.anim" 7e63dd6000 1050
           <...>-1368  [007] ....  5574.590201: do_swap_page: prefetch fault 1344 "android.anim" 7ed0dd4000 903f
           <...>-6728  [007] ...1  5574.590269: do_swap_page: prefetch miss 6594 "Chrome_ChildIOT" cc522000 169036
           <...>-6728  [007] ....  5574.590283: do_swap_page: prefetch fault 6594 "Chrome_ChildIOT" e2028000 59099
           <...>-6477  [007] ...1  5574.590309: do_swap_page: prefetch miss 6355 "GLThread 445" 7eac39d000 16902a
           <...>-6477  [007] ....  5574.590479: do_swap_page: prefetch fault 6355 "GLThread 445" 7edf5a9000 590d0
    Binder:908_4-5188  [005] ...1  5574.590525: do_swap_page: prefetch miss 908 "Binder:908_4" 1c55560000 169027
           <...>-6034  [000] ...1  5574.590541: do_swap_page: prefetch miss 6034 "roid.smartboard" 7ed2558000 210b1
    Binder:908_4-5188  [005] ....  5574.590560: do_swap_page: prefetch fault 908 "Binder:908_4" 7f3bb46000 50c2
           <...>-6034  [000] ....  5574.590606: do_swap_page: prefetch fault 6034 "roid.smartboard" 7ed2555000 210b3
           <...>-1368  [007] ...1  5574.592463: do_swap_page: prefetch miss 1344 "android.anim" 7ed0dd4000 903f
           <...>-1368  [007] ....  5574.592559: do_swap_page: prefetch fault 1344 "android.anim" 9f380000 9040
           <...>-6728  [007] ...1  5574.592620: do_swap_page: prefetch miss 6594 "Chrome_ChildIOT" e2028000 59099
           <...>-6728  [007] ....  5574.592634: do_swap_page: prefetch fault 6594 "Chrome_ChildIOT" f0d97000 5909f
           <...>-6477  [007] ...1  5574.592688: do_swap_page: prefetch miss 6355 "GLThread 445" 7edf5a9000 590d0
           <...>-6477  [007] ....  5574.592908: do_swap_page: prefetch fault 6355 "GLThread 445" 7eac50b000 590a0
    Binder:908_4-5188  [005] ...1  5574.592951: do_swap_page: prefetch miss 908 "Binder:908_4" 7f3bb46000 50c2
           <...>-6034  [000] ...1  5574.592984: do_swap_page: prefetch miss 6034 "roid.smartboard" 7ed2555000 210b3
    Binder:908_4-5188  [005] ....  5574.593033: do_swap_page: prefetch fault 908 "Binder:908_4" 1c55555000 16902c
           <...>-1368  [007] ...1  5574.594410: do_swap_page: prefetch miss 1344 "android.anim" 9f380000 9040
           <...>-1368  [007] ....  5574.594445: do_swap_page: prefetch fault 1344 "android.anim" 9f1b0000 9041
           <...>-6728  [007] ...1  5574.594502: do_swap_page: prefetch miss 6594 "Chrome_ChildIOT" f0d97000 5909f
           <...>-6728  [007] ....  5574.594533: do_swap_page: prefetch fault 6594 "Chrome_ChildIOT" e20a8000 55046
           <...>-6477  [007] ...1  5574.594596: do_swap_page: prefetch miss 6355 "GLThread 445" 7eac50b000 590a0
           <...>-6477  [007] ....  5574.594643: do_swap_page: prefetch fault 6355 "GLThread 445" 7eac0b9000 1610d2
    Binder:908_4-5188  [005] ...1  5574.594678: do_swap_page: prefetch miss 908 "Binder:908_4" 1c55555000 16902c
    Binder:908_4-5188  [005] ....  5574.594712: do_swap_page: prefetch fault 908 "Binder:908_4" 1c5555f000 16902f
           <...>-1368  [007] ...1  5574.596401: do_swap_page: prefetch miss 1344 "android.anim" 9f1b0000 9041
           <...>-1368  [007] ....  5574.597188: do_swap_page: prefetch fault 1344 "android.anim" 9f36e000 1051
           <...>-6728  [007] ...1  5574.597263: do_swap_page: prefetch miss 6594 "Chrome_ChildIOT" e20a8000 55046
           <...>-6728  [007] ....  5574.597285: do_swap_page: prefetch fault 6594 "Chrome_ChildIOT" cc528000 55048
           <...>-6477  [007] ...1  5574.597349: do_swap_page: prefetch miss 6355 "GLThread 445" 7eac0b9000 1610d2
           <...>-6477  [007] ....  5574.597563: do_swap_page: prefetch fault 6355 "GLThread 445" 7e84460000 590a2
    Binder:908_4-5188  [005] ...1  5574.597612: do_swap_page: prefetch miss 908 "Binder:908_4" 1c5555f000 16902f
    Binder:908_4-5188  [005] ....  5574.597675: do_swap_page: prefetch fault 908 "Binder:908_4" 1c55559000 169032
           <...>-1368  [007] ...1  5574.599412: do_swap_page: prefetch miss 1344 "android.anim" 9f36e000 1051
           <...>-1368  [007] ....  5574.599938: do_swap_page: prefetch fault 1344 "android.anim" 7e63dd8000 904f
           <...>-6728  [007] ...1  5574.600020: do_swap_page: prefetch miss 6594 "Chrome_ChildIOT" cc528000 55048
           <...>-6728  [007] ....  5574.600039: do_swap_page: prefetch fault 6594 "Chrome_ChildIOT" e5409000 55049
           <...>-6477  [007] ...1  5574.600110: do_swap_page: prefetch miss 6355 "GLThread 445" 7e84460000 590a2
           <...>-6477  [007] ....  5574.600231: do_swap_page: prefetch fault 6355 "GLThread 445" 7eac39e000 5909a
    Binder:908_4-5188  [005] ...1  5574.600272: do_swap_page: prefetch miss 908 "Binder:908_4" 1c55559000 169032
    Binder:908_4-5188  [006] ....  5574.600343: do_swap_page: prefetch fault 908 "Binder:908_4" 1a55560000 590cc
           <...>-1368  [007] ...1  5574.601766: do_swap_page: prefetch miss 1344 "android.anim" 7e63dd8000 904f
           <...>-1368  [007] ....  5574.601787: do_swap_page: prefetch fault 1344 "android.anim" 7fbb31b000 2d004
           <...>-6728  [007] ...1  5574.601853: do_swap_page: prefetch miss 6594 "Chrome_ChildIOT" e5409000 55049
           <...>-6728  [007] ....  5574.601934: do_swap_page: prefetch fault 6594 "Chrome_ChildIOT" f0dfe000 590a8
           <...>-6477  [007] ...1  5574.601973: do_swap_page: prefetch miss 6355 "GLThread 445" 7eac39e000 5909a
           <...>-6477  [007] ....  5574.602010: do_swap_page: prefetch fault 6355 "GLThread 445" 7e844e7000 590a6
    Binder:908_4-5188  [005] ...1  5574.602050: do_swap_page: prefetch miss 908 "Binder:908_4" 1a55560000 590cc
    Binder:908_4-5188  [005] ....  5574.602106: do_swap_page: prefetch fault 908 "Binder:908_4" 3455555000 169039
           <...>-1368  [007] ...1  5574.603828: do_swap_page: prefetch miss 1344 "android.anim" 7fbb31b000 2d004
           <...>-630   [007] ....  5574.603991: do_swap_page: prefetch fault 602 "Binder:602_2" 7fbe195000 15d017
           <...>-6728  [007] ...1  5574.604055: do_swap_page: prefetch miss 6594 "Chrome_ChildIOT" f0dfe000 590a8
           <...>-6728  [007] ....  5574.604136: do_swap_page: prefetch fault 6594 "Chrome_ChildIOT" e545e000 5504f
  CrRendererMain-6614  [007] ....  5574.604162: do_swap_page: prefetch fault 6594 "CrRendererMain" e5430000 55050
           <...>-6477  [007] ...1  5574.604218: do_swap_page: prefetch miss 6355 "GLThread 445" 7e844e7000 590a6
           <...>-6477  [007] ....  5574.604260: do_swap_page: prefetch fault 6355 "GLThread 445" 7eac43f000 590a4
    Binder:908_4-5188  [005] ...1  5574.604295: do_swap_page: prefetch miss 908 "Binder:908_4" 3455555000 169039
    Binder:908_4-5188  [005] ....  5574.604394: do_swap_page: prefetch fault 908 "Binder:908_4" 3a55557000 5909c
           <...>-630   [007] ...1  5574.605940: do_swap_page: prefetch miss 602 "Binder:602_2" 7fbe195000 15d017
           <...>-2009  [007] ....  5574.606353: do_swap_page: prefetch fault 602 "Binder:602_4" 7fba797000 15d018
           <...>-6728  [007] ...1  5574.606440: do_swap_page: prefetch miss 6594 "Chrome_ChildIOT" e545e000 5504f
           <...>-6728  [007] ....  5574.606452: do_swap_page: prefetch fault 6594 "Chrome_ChildIOT" e545f000 55051
  CrRendererMain-6614  [007] ...1  5574.606513: do_swap_page: prefetch miss 6594 "CrRendererMain" e5430000 55050
  CrRendererMain-6614  [007] ....  5574.606658: do_swap_page: prefetch fault 6594 "CrRendererMain" cc54a000 59030
           <...>-6477  [007] ...1  5574.606692: do_swap_page: prefetch miss 6355 "GLThread 445" 7eac43f000 590a4
           <...>-6477  [007] ....  5574.607094: do_swap_page: prefetch fault 6355 "GLThread 445" 7e844ed000 590aa
    Binder:908_4-5188  [005] ...1  5574.607148: do_swap_page: prefetch miss 908 "Binder:908_4" 3a55557000 5909c
    Binder:908_4-5188  [005] ....  5574.607375: do_swap_page: prefetch fault 908 "Binder:908_4" 3a55558000 5909d
           <...>-2009  [007] ...1  5574.608072: do_swap_page: prefetch miss 602 "Binder:602_4" 7fba797000 15d018
           <...>-6728  [007] ...1  5574.608235: do_swap_page: prefetch miss 6594 "Chrome_ChildIOT" e545f000 55051
           <...>-1368  [007] ....  5574.608626: do_swap_page: prefetch fault 1344 "android.anim" 7f20ce6000 9064
  CrRendererMain-6614  [007] ...1  5574.608648: do_swap_page: prefetch miss 6594 "CrRendererMain" cc54a000 59030
