    GLThread 445-6412  [007] ....  5573.486543: do_swap_page: prefetch fault 6355 "GLThread 445" 7ec5f47000 1906c
    GLThread 445-6412  [007] ...1  5573.488659: do_swap_page: prefetch miss 6355 "GLThread 445" 7ec5f47000 1906c
    GLThread 445-6412  [007] ....  5573.488679: do_swap_page: prefetch fault 6355 "GLThread 445" 7ec37ec000 1906d
    GLThread 445-6412  [007] ...1  5573.490982: do_swap_page: prefetch miss 6355 "GLThread 445" 7ec37ec000 1906d
    GLThread 445-6412  [007] ....  5573.491024: do_swap_page: prefetch fault 6355 "GLThread 445" 7eb0815000 15905f
    GLThread 445-6412  [007] ...1  5573.492843: do_swap_page: prefetch miss 6355 "GLThread 445" 7eb0815000 15905f
    GLThread 445-6412  [007] ....  5573.492865: do_swap_page: prefetch fault 6355 "GLThread 445" 7eb0732000 1906f
    GLThread 445-6412  [007] ...1  5573.495023: do_swap_page: prefetch miss 6355 "GLThread 445" 7eb0732000 1906f
    GLThread 445-6412  [007] ....  5573.495042: do_swap_page: prefetch fault 6355 "GLThread 445" 7ed0b33000 159060
    GLThread 445-6412  [007] ...1  5573.497428: do_swap_page: prefetch miss 6355 "GLThread 445" 7ed0b33000 159060
    GLThread 445-6412  [007] ....  5573.497448: do_swap_page: prefetch fault 6355 "GLThread 445" 7ec37d6000 19071
    GLThread 445-6412  [007] ...1  5573.499284: do_swap_page: prefetch miss 6355 "GLThread 445" 7ec37d6000 19071
    GLThread 445-6412  [007] ....  5573.499303: do_swap_page: prefetch fault 6355 "GLThread 445" 7e9f06e000 19072
    GLThread 445-6412  [007] ...1  5573.501099: do_swap_page: prefetch miss 6355 "GLThread 445" 7e9f06e000 19072
    GLThread 445-6412  [007] ....  5573.501129: do_swap_page: prefetch fault 6355 "GLThread 445" 7e9b35c000 159061
    GLThread 445-6412  [007] ...1  5573.503038: do_swap_page: prefetch miss 6355 "GLThread 445" 7e9b35c000 159061
    GLThread 445-6412  [007] ....  5573.503057: do_swap_page: prefetch fault 6355 "GLThread 445" 7eaf926000 19074
    GLThread 445-6412  [007] ...1  5573.504820: do_swap_page: prefetch miss 6355 "GLThread 445" 7eaf926000 19074
    GLThread 445-6412  [007] ....  5573.504837: do_swap_page: prefetch fault 6355 "GLThread 445" 7ed0b06000 19075
    GLThread 445-6412  [007] ...1  5573.506639: do_swap_page: prefetch miss 6355 "GLThread 445" 7ed0b06000 19075
    GLThread 445-6412  [007] ....  5573.506671: do_swap_page: prefetch fault 6355 "GLThread 445" 7e9ebe4000 19076
    GLThread 445-6412  [007] ...1  5573.508680: do_swap_page: prefetch miss 6355 "GLThread 445" 7e9ebe4000 19076
    GLThread 445-6412  [007] ....  5573.508697: do_swap_page: prefetch fault 6355 "GLThread 445" 7e9eedc000 19077
    GLThread 445-6412  [007] ...1  5573.510517: do_swap_page: prefetch miss 6355 "GLThread 445" 7e9eedc000 19077
    GLThread 445-6412  [007] ....  5573.510553: do_swap_page: prefetch fault 6355 "GLThread 445" 7eb08c1000 159062
    GLThread 445-6412  [007] ...1  5573.512433: do_swap_page: prefetch miss 6355 "GLThread 445" 7eb08c1000 159062
    GLThread 445-6412  [007] ....  5573.512452: do_swap_page: prefetch fault 6355 "GLThread 445" 7e9b31a000 19079
    GLThread 445-6412  [007] ...1  5573.514531: do_swap_page: prefetch miss 6355 "GLThread 445" 7e9b31a000 19079
    GLThread 445-6412  [007] ....  5573.514548: do_swap_page: prefetch fault 6355 "GLThread 445" 7e9b342000 1907a
    GLThread 445-6412  [007] ...1  5573.516336: do_swap_page: prefetch miss 6355 "GLThread 445" 7e9b342000 1907a
    GLThread 445-6412  [007] ....  5573.516359: do_swap_page: prefetch fault 6355 "GLThread 445" 7ed0da2000 1907b
    GLThread 445-6412  [007] ...1  5573.518151: do_swap_page: prefetch miss 6355 "GLThread 445" 7ed0da2000 1907b
    GLThread 445-6412  [007] ....  5573.518171: do_swap_page: prefetch fault 6355 "GLThread 445" 7eafba3000 1907c
    GLThread 445-6412  [007] ...1  5573.522148: do_swap_page: prefetch miss 6355 "GLThread 445" 7eafba3000 1907c
    GLThread 445-6412  [007] ....  5573.522166: do_swap_page: prefetch fault 6355 "GLThread 445" 7eafba8000 159063
    GLThread 445-6412  [007] ...1  5573.524628: do_swap_page: prefetch miss 6355 "GLThread 445" 7eafba8000 159063
    GLThread 445-6412  [007] ....  5573.524687: do_swap_page: prefetch fault 6355 "GLThread 445" 7e9b35d000 159064
    GLThread 445-6412  [007] ...1  5573.527354: do_swap_page: prefetch miss 6355 "GLThread 445" 7e9b35d000 159064
    GLThread 445-6412  [007] ....  5573.527396: do_swap_page: prefetch fault 6355 "GLThread 445" 7ed0b34000 159065
    GLThread 445-6412  [007] ...1  5573.529496: do_swap_page: prefetch miss 6355 "GLThread 445" 7ed0b34000 159065
    GLThread 445-6412  [007] ....  5573.529535: do_swap_page: prefetch fault 6355 "GLThread 445" 7ec5ef2000 159066
    GLThread 445-6412  [007] ...1  5573.531242: do_swap_page: prefetch miss 6355 "GLThread 445" 7ec5ef2000 159066
    GLThread 445-6412  [007] ....  5573.531271: do_swap_page: prefetch fault 6355 "GLThread 445" 7e9b383000 159067
    GLThread 445-6412  [007] ...1  5573.533121: do_swap_page: prefetch miss 6355 "GLThread 445" 7e9b383000 159067
    GLThread 445-6412  [007] ....  5573.533161: do_swap_page: prefetch fault 6355 "GLThread 445" 7f28fc2000 159068
    GLThread 445-6412  [007] ...1  5573.535431: do_swap_page: prefetch miss 6355 "GLThread 445" 7f28fc2000 159068
    GLThread 445-6412  [007] ....  5573.535461: do_swap_page: prefetch fault 6355 "GLThread 445" 7f2d601000 159069
    GLThread 445-6412  [007] ...1  5573.537340: do_swap_page: prefetch miss 6355 "GLThread 445" 7f2d601000 159069
    GLThread 445-6412  [007] ....  5573.537380: do_swap_page: prefetch fault 6355 "GLThread 445" 7eaf40d000 15906a
    GLThread 445-6412  [007] ...1  5573.539185: do_swap_page: prefetch miss 6355 "GLThread 445" 7eaf40d000 15906a
    GLThread 445-6412  [007] ....  5573.539205: do_swap_page: prefetch fault 6355 "GLThread 445" 7e9ebdb000 15906b
    GLThread 445-6412  [007] ...1  5573.540915: do_swap_page: prefetch miss 6355 "GLThread 445" 7e9ebdb000 15906b
    GLThread 445-6412  [007] ....  5573.540938: do_swap_page: prefetch fault 6355 "GLThread 445" 7e9ea95000 15906c
    GLThread 445-6412  [007] ...1  5573.542967: do_swap_page: prefetch miss 6355 "GLThread 445" 7e9ea95000 15906c
    GLThread 445-6412  [007] ....  5573.542998: do_swap_page: prefetch fault 6355 "GLThread 445" 7eaf1c0000 15906d
    GLThread 445-6412  [007] ...1  5573.544777: do_swap_page: prefetch miss 6355 "GLThread 445" 7eaf1c0000 15906d
    GLThread 445-6412  [007] ....  5573.544808: do_swap_page: prefetch fault 6355 "GLThread 445" 7ed0b09000 1d031
    GLThread 445-6412  [007] ...1  5573.546699: do_swap_page: prefetch miss 6355 "GLThread 445" 7ed0b09000 1d031
    GLThread 445-6412  [007] ....  5573.546718: do_swap_page: prefetch fault 6355 "GLThread 445" 7eb03c7000 1d032
    GLThread 445-6412  [007] ...1  5573.548750: do_swap_page: prefetch miss 6355 "GLThread 445" 7eb03c7000 1d032
    GLThread 445-6412  [007] ....  5573.548772: do_swap_page: prefetch fault 6355 "GLThread 445" 7eb043f000 1d033
    GLThread 445-6412  [007] ...1  5573.551245: do_swap_page: prefetch miss 6355 "GLThread 445" 7eb043f000 1d033
    GLThread 445-6412  [007] ....  5573.551265: do_swap_page: prefetch fault 6355 "GLThread 445" 7eb08b2000 15906e
    GLThread 445-6412  [007] ...1  5573.553005: do_swap_page: prefetch miss 6355 "GLThread 445" 7eb08b2000 15906e
    GLThread 445-6412  [007] ....  5573.553024: do_swap_page: prefetch fault 6355 "GLThread 445" 7eb08bf000 1d035
    GLThread 445-6412  [007] ...1  5573.555008: do_swap_page: prefetch miss 6355 "GLThread 445" 7eb08bf000 1d035
    GLThread 445-6412  [007] ....  5573.555026: do_swap_page: prefetch fault 6355 "GLThread 445" 7eb0363000 1d036
    GLThread 445-6412  [007] ...1  5573.556784: do_swap_page: prefetch miss 6355 "GLThread 445" 7eb0363000 1d036
    GLThread 445-6412  [007] ....  5573.556806: do_swap_page: prefetch fault 6355 "GLThread 445" 7eb041e000 1d037
    GLThread 445-6412  [007] ...1  5573.559140: do_swap_page: prefetch miss 6355 "GLThread 445" 7eb041e000 1d037
    GLThread 445-6412  [007] ....  5573.559158: do_swap_page: prefetch fault 6355 "GLThread 445" 7eb0449000 1d038
    GLThread 445-6412  [007] ...1  5573.560817: do_swap_page: prefetch miss 6355 "GLThread 445" 7eb0449000 1d038
    GLThread 445-6412  [007] ....  5573.560866: do_swap_page: prefetch fault 6355 "GLThread 445" 7e9b387000 15906f
    GLThread 445-6412  [007] ...1  5573.562576: do_swap_page: prefetch miss 6355 "GLThread 445" 7e9b387000 15906f
    GLThread 445-6412  [007] ....  5573.562595: do_swap_page: prefetch fault 6355 "GLThread 445" 7e9b76b000 159070
    GLThread 445-6412  [007] ...1  5573.564514: do_swap_page: prefetch miss 6355 "GLThread 445" 7e9b76b000 159070
    GLThread 445-6412  [007] ....  5573.564546: do_swap_page: prefetch fault 6355 "GLThread 445" 7ed0b35000 159071
    GLThread 445-6412  [007] ...1  5573.566517: do_swap_page: prefetch miss 6355 "GLThread 445" 7ed0b35000 159071
    GLThread 445-6412  [007] ....  5573.566555: do_swap_page: prefetch fault 6355 "GLThread 445" 7e9b388000 159072
    GLThread 445-6412  [007] ...1  5573.568284: do_swap_page: prefetch miss 6355 "GLThread 445" 7e9b388000 159072
    GLThread 445-6412  [007] ....  5573.568306: do_swap_page: prefetch fault 6355 "GLThread 445" 7eafc53000 159073
    GLThread 445-6412  [007] ...1  5573.571212: do_swap_page: prefetch miss 6355 "GLThread 445" 7eafc53000 159073
    GLThread 445-6412  [007] ....  5573.571231: do_swap_page: prefetch fault 6355 "GLThread 445" 7eafc52000 159074
    GLThread 445-6412  [007] ...1  5573.573126: do_swap_page: prefetch miss 6355 "GLThread 445" 7eafc52000 159074
    GLThread 445-6412  [007] ....  5573.573146: do_swap_page: prefetch fault 6355 "GLThread 445" 7eafc51000 159075
    GLThread 445-6412  [007] ...1  5573.575481: do_swap_page: prefetch miss 6355 "GLThread 445" 7eafc51000 159075
    GLThread 445-6412  [007] ....  5573.575557: do_swap_page: prefetch fault 6355 "GLThread 445" 7ed0da0000 1d041
    GLThread 445-6412  [007] ...1  5573.577504: do_swap_page: prefetch miss 6355 "GLThread 445" 7ed0da0000 1d041
    GLThread 445-6412  [007] ....  5573.577548: do_swap_page: prefetch fault 6355 "GLThread 445" 7ec5f95000 1d042
    GLThread 445-6412  [007] ...1  5573.579590: do_swap_page: prefetch miss 6355 "GLThread 445" 7ec5f95000 1d042
    GLThread 445-6412  [007] ....  5573.579611: do_swap_page: prefetch fault 6355 "GLThread 445" 7ec612e000 159076
    GLThread 445-6412  [007] ...1  5573.581453: do_swap_page: prefetch miss 6355 "GLThread 445" 7ec612e000 159076
    GLThread 445-6412  [007] ....  5573.581489: do_swap_page: prefetch fault 6355 "GLThread 445" 7ec6157000 1d044
    GLThread 445-6412  [007] ...1  5573.583188: do_swap_page: prefetch miss 6355 "GLThread 445" 7ec6157000 1d044
           <...>-630   [007] ....  5573.583289: do_swap_page: prefetch fault 602 "Binder:602_2" 7fb7933000 1000
           <...>-630   [007] ...1  5573.585241: do_swap_page: prefetch miss 602 "Binder:602_2" 7fb7933000 1000
           <...>-630   [007] ....  5573.585303: do_swap_page: prefetch fault 602 "Binder:602_2" 7fb75a7000 1001
           <...>-630   [007] ...1  5573.589065: do_swap_page: prefetch miss 602 "Binder:602_2" 7fb75a7000 1001
           <...>-613   [007] ....  5573.589113: do_swap_page: prefetch fault 607 "HwBinder:607_2" 7fbd026000 59034
           <...>-613   [007] ...1  5573.591227: do_swap_page: prefetch miss 607 "HwBinder:607_2" 7fbd026000 59034
           <...>-613   [007] ....  5573.591268: do_swap_page: prefetch fault 607 "HwBinder:607_2" 7fbbaff000 1003
           <...>-613   [007] ...1  5573.593416: do_swap_page: prefetch miss 607 "HwBinder:607_2" 7fbbaff000 1003
           <...>-613   [007] ....  5573.593452: do_swap_page: prefetch fault 607 "HwBinder:607_2" 7fbd021000 59035
           <...>-613   [007] ...1  5573.595298: do_swap_page: prefetch miss 607 "HwBinder:607_2" 7fbd021000 59035
           <...>-613   [007] ....  5573.595317: do_swap_page: prefetch fault 607 "HwBinder:607_2" 7fbd019000 59036
           <...>-613   [007] ...1  5573.597506: do_swap_page: prefetch miss 607 "HwBinder:607_2" 7fbd019000 59036
           <...>-613   [007] ....  5573.597542: do_swap_page: prefetch fault 607 "HwBinder:607_2" 7fbd006000 59037
           <...>-613   [007] ...1  5573.599375: do_swap_page: prefetch miss 607 "HwBinder:607_2" 7fbd006000 59037
           <...>-613   [007] ....  5573.599396: do_swap_page: prefetch fault 607 "HwBinder:607_2" 7fbd009000 59038
           <...>-613   [007] ...1  5573.601351: do_swap_page: prefetch miss 607 "HwBinder:607_2" 7fbd009000 59038
           <...>-613   [007] ....  5573.601396: do_swap_page: prefetch fault 607 "HwBinder:607_2" 7fbdafe000 59039
           <...>-613   [007] ...1  5573.603127: do_swap_page: prefetch miss 607 "HwBinder:607_2" 7fbdafe000 59039
           <...>-613   [007] ....  5573.603145: do_swap_page: prefetch fault 607 "HwBinder:607_2" 7fbd00d000 5903a
           <...>-613   [007] ...1  5573.605062: do_swap_page: prefetch miss 607 "HwBinder:607_2" 7fbd00d000 5903a
           <...>-613   [007] ....  5573.605080: do_swap_page: prefetch fault 607 "HwBinder:607_2" 7fbd01c000 5903b
           <...>-613   [007] ...1  5573.606772: do_swap_page: prefetch miss 607 "HwBinder:607_2" 7fbd01c000 5903b
           <...>-613   [007] ....  5573.606815: do_swap_page: prefetch fault 607 "HwBinder:607_2" 7fbdb76000 5009
           <...>-613   [007] ...1  5573.608618: do_swap_page: prefetch miss 607 "HwBinder:607_2" 7fbdb76000 5009
           <...>-613   [007] ....  5573.608640: do_swap_page: prefetch fault 607 "HwBinder:607_2" 7fbdcd5000 500a
           <...>-613   [007] ...1  5573.610384: do_swap_page: prefetch miss 607 "HwBinder:607_2" 7fbdcd5000 500a
           <...>-613   [007] ....  5573.610404: do_swap_page: prefetch fault 607 "HwBinder:607_2" 7fbdcd1000 4500c
           <...>-613   [007] ...1  5573.612467: do_swap_page: prefetch miss 607 "HwBinder:607_2" 7fbdcd1000 4500c
           <...>-613   [007] ....  5573.612487: do_swap_page: prefetch fault 607 "HwBinder:607_2" 7fbdcd2000 500c
           <...>-613   [007] ...1  5573.614306: do_swap_page: prefetch miss 607 "HwBinder:607_2" 7fbdcd2000 500c
           <...>-613   [007] ....  5573.614336: do_swap_page: prefetch fault 607 "HwBinder:607_2" 7fbd011000 5903c
           <...>-613   [007] ...1  5573.616136: do_swap_page: prefetch miss 607 "HwBinder:607_2" 7fbd011000 5903c
           <...>-613   [007] ....  5573.616173: do_swap_page: prefetch fault 607 "HwBinder:607_2" 7fbd00a000 5903d
           <...>-613   [007] ...1  5573.618105: do_swap_page: prefetch miss 607 "HwBinder:607_2" 7fbd00a000 5903d
           <...>-613   [007] ....  5573.618136: do_swap_page: prefetch fault 607 "HwBinder:607_2" 7fbd730000 5903e
           <...>-613   [007] ...1  5573.619905: do_swap_page: prefetch miss 607 "HwBinder:607_2" 7fbd730000 5903e
           <...>-613   [007] ....  5573.619937: do_swap_page: prefetch fault 607 "HwBinder:607_2" 7fbd005000 5903f
           <...>-613   [007] ...1  5573.623058: do_swap_page: prefetch miss 607 "HwBinder:607_2" 7fbd005000 5903f
           <...>-613   [007] ....  5573.623077: do_swap_page: prefetch fault 607 "HwBinder:607_2" 7fbd58f000 5017
           <...>-613   [007] ...1  5573.625376: do_swap_page: prefetch miss 607 "HwBinder:607_2" 7fbd58f000 5017
           <...>-613   [007] ....  5573.625439: do_swap_page: prefetch fault 607 "HwBinder:607_2" 7fbd012000 59040
           <...>-613   [007] ...1  5573.627536: do_swap_page: prefetch miss 607 "HwBinder:607_2" 7fbd012000 59040
           <...>-613   [007] ....  5573.627614: do_swap_page: prefetch fault 607 "HwBinder:607_2" 7fbcde8000 1009
           <...>-613   [007] ...1  5573.629826: do_swap_page: prefetch miss 607 "HwBinder:607_2" 7fbcde8000 1009
           <...>-613   [007] ....  5573.629852: do_swap_page: prefetch fault 607 "HwBinder:607_2" 7fbd200000 100a
           <...>-613   [007] ...1  5573.631525: do_swap_page: prefetch miss 607 "HwBinder:607_2" 7fbd200000 100a
           <...>-613   [007] ....  5573.631545: do_swap_page: prefetch fault 607 "HwBinder:607_2" 7fbd03a000 59041
           <...>-613   [007] ...1  5573.633349: do_swap_page: prefetch miss 607 "HwBinder:607_2" 7fbd03a000 59041
           <...>-613   [007] ....  5573.633374: do_swap_page: prefetch fault 607 "HwBinder:607_2" 7fbd027000 15d000
           <...>-613   [007] ...1  5573.635501: do_swap_page: prefetch miss 607 "HwBinder:607_2" 7fbd027000 15d000
           <...>-630   [007] ....  5573.635612: do_swap_page: prefetch fault 602 "Binder:602_2" 7fba64c000 15d001
           <...>-630   [007] ...1  5573.637808: do_swap_page: prefetch miss 602 "Binder:602_2" 7fba64c000 15d001
           <...>-630   [007] ....  5573.637856: do_swap_page: prefetch fault 602 "Binder:602_2" 7fba7d3000 15d002
           <...>-630   [007] ...1  5573.639739: do_swap_page: prefetch miss 602 "Binder:602_2" 7fba7d3000 15d002
    GLThread 445-6412  [007] ....  5573.639930: do_swap_page: prefetch fault 6355 "GLThread 445" 7ed132c000 159077
    GLThread 445-6412  [007] ...1  5573.641785: do_swap_page: prefetch miss 6355 "GLThread 445" 7ed132c000 159077
    GLThread 445-6412  [007] ....  5573.641804: do_swap_page: prefetch fault 6355 "GLThread 445" 7ed132d000 159078
    GLThread 445-6412  [007] ...1  5573.644438: do_swap_page: prefetch miss 6355 "GLThread 445" 7ed132d000 159078
    GLThread 445-6412  [007] ....  5573.644456: do_swap_page: prefetch fault 6355 "GLThread 445" 7ed132e000 159079
    GLThread 445-6412  [007] ...1  5573.646183: do_swap_page: prefetch miss 6355 "GLThread 445" 7ed132e000 159079
    GLThread 445-6412  [007] ....  5573.646208: do_swap_page: prefetch fault 6355 "GLThread 445" 7f2122e000 15907a
    GLThread 445-6412  [007] ...1  5573.648172: do_swap_page: prefetch miss 6355 "GLThread 445" 7f2122e000 15907a
    GLThread 445-6412  [007] ....  5573.648222: do_swap_page: prefetch fault 6355 "GLThread 445" 7f1f76f000 19080
    GLThread 445-6412  [007] ...1  5573.650537: do_swap_page: prefetch miss 6355 "GLThread 445" 7f1f76f000 19080
    GLThread 445-6412  [007] ....  5573.650571: do_swap_page: prefetch fault 6355 "GLThread 445" 7f20c7e000 15907b
    GLThread 445-6412  [007] ...1  5573.653321: do_swap_page: prefetch miss 6355 "GLThread 445" 7f20c7e000 15907b
    GLThread 445-6412  [007] ....  5573.653442: do_swap_page: prefetch fault 6355 "GLThread 445" 7ec6158000 21037
    GLThread 445-6412  [007] ...1  5573.655545: do_swap_page: prefetch miss 6355 "GLThread 445" 7ec6158000 21037
    GLThread 445-6412  [007] ....  5573.655577: do_swap_page: prefetch fault 6355 "GLThread 445" 7ec603e000 16501f
    GLThread 445-6412  [007] ...1  5573.657913: do_swap_page: prefetch miss 6355 "GLThread 445" 7ec603e000 16501f
    GLThread 445-6412  [007] ....  5573.657938: do_swap_page: prefetch fault 6355 "GLThread 445" 7ec5fb3000 165020
    GLThread 445-6412  [007] ...1  5573.659785: do_swap_page: prefetch miss 6355 "GLThread 445" 7ec5fb3000 165020
    GLThread 445-6412  [007] ....  5573.659811: do_swap_page: prefetch fault 6355 "GLThread 445" 7ec5f03000 165021
    GLThread 445-6412  [007] ...1  5573.661755: do_swap_page: prefetch miss 6355 "GLThread 445" 7ec5f03000 165021
    GLThread 445-6412  [007] ....  5573.661780: do_swap_page: prefetch fault 6355 "GLThread 445" 7f2d67e000 165022
    GLThread 445-6412  [007] ...1  5573.663881: do_swap_page: prefetch miss 6355 "GLThread 445" 7f2d67e000 165022
    GLThread 445-6412  [007] ....  5573.663900: do_swap_page: prefetch fault 6355 "GLThread 445" 7eb0878000 165023
    GLThread 445-6412  [007] ...1  5573.665673: do_swap_page: prefetch miss 6355 "GLThread 445" 7eb0878000 165023
    GLThread 445-6412  [007] ....  5573.665704: do_swap_page: prefetch fault 6355 "GLThread 445" 7ed0c79000 110d3
    GLThread 445-6412  [007] ...1  5573.667489: do_swap_page: prefetch miss 6355 "GLThread 445" 7ed0c79000 110d3
    GLThread 445-6412  [007] ....  5573.667536: do_swap_page: prefetch fault 6355 "GLThread 445" 7eb087a000 165025
    GLThread 445-6412  [007] ...1  5573.669353: do_swap_page: prefetch miss 6355 "GLThread 445" 7eb087a000 165025
    GLThread 445-6412  [007] ....  5573.669374: do_swap_page: prefetch fault 6355 "GLThread 445" 7ec6126000 165026
    GLThread 445-6412  [007] ...1  5573.671331: do_swap_page: prefetch miss 6355 "GLThread 445" 7ec6126000 165026
    GLThread 445-6412  [007] ....  5573.671347: do_swap_page: prefetch fault 6355 "GLThread 445" 7ec5f2f000 165027
    GLThread 445-6412  [007] ...1  5573.673147: do_swap_page: prefetch miss 6355 "GLThread 445" 7ec5f2f000 165027
    GLThread 445-6412  [007] ....  5573.673166: do_swap_page: prefetch fault 6355 "GLThread 445" 7ec6113000 16103a
    GLThread 445-6412  [007] ...1  5573.674923: do_swap_page: prefetch miss 6355 "GLThread 445" 7ec6113000 16103a
    GLThread 445-6412  [007] ....  5573.674940: do_swap_page: prefetch fault 6355 "GLThread 445" 7ec5f02000 16103b
    GLThread 445-6412  [007] ...1  5573.677727: do_swap_page: prefetch miss 6355 "GLThread 445" 7ec5f02000 16103b
    GLThread 445-6412  [007] ....  5573.677747: do_swap_page: prefetch fault 6355 "GLThread 445" 7ec5f04000 16103c
    GLThread 445-6412  [007] ...1  5573.679862: do_swap_page: prefetch miss 6355 "GLThread 445" 7ec5f04000 16103c
    GLThread 445-6412  [007] ....  5573.679883: do_swap_page: prefetch fault 6355 "GLThread 445" 7eb0880000 16103d
    GLThread 445-6412  [007] ...1  5573.681575: do_swap_page: prefetch miss 6355 "GLThread 445" 7eb0880000 16103d
    GLThread 445-6412  [007] ....  5573.681593: do_swap_page: prefetch fault 6355 "GLThread 445" 7eb087f000 16103e
    GLThread 445-6412  [007] ...1  5573.683551: do_swap_page: prefetch miss 6355 "GLThread 445" 7eb087f000 16103e
    GLThread 445-6412  [007] ....  5573.683571: do_swap_page: prefetch fault 6355 "GLThread 445" 7eb087b000 16103f
    GLThread 445-6412  [007] ...1  5573.685461: do_swap_page: prefetch miss 6355 "GLThread 445" 7eb087b000 16103f
    GLThread 445-6412  [007] ....  5573.685485: do_swap_page: prefetch fault 6355 "GLThread 445" 7f2d680000 161040
    GLThread 445-6412  [007] ...1  5573.687608: do_swap_page: prefetch miss 6355 "GLThread 445" 7f2d680000 161040
    GLThread 445-6412  [007] ....  5573.687626: do_swap_page: prefetch fault 6355 "GLThread 445" 7ec5f5e000 161041
    GLThread 445-6412  [007] ...1  5573.691549: do_swap_page: prefetch miss 6355 "GLThread 445" 7ec5f5e000 161041
    GLThread 445-6412  [007] ....  5573.691574: do_swap_page: prefetch fault 6355 "GLThread 445" 7ed0db2000 161042
    GLThread 445-6412  [007] ...1  5573.694047: do_swap_page: prefetch miss 6355 "GLThread 445" 7ed0db2000 161042
    GLThread 445-6412  [007] ....  5573.694064: do_swap_page: prefetch fault 6355 "GLThread 445" 7eb087c000 161043
    GLThread 445-6412  [007] ...1  5573.696242: do_swap_page: prefetch miss 6355 "GLThread 445" 7eb087c000 161043
    GLThread 445-6412  [007] ....  5573.696336: do_swap_page: prefetch fault 6355 "GLThread 445" 7ec5f6b000 110e1
    GLThread 445-6412  [007] ...1  5573.698804: do_swap_page: prefetch miss 6355 "GLThread 445" 7ec5f6b000 110e1
    GLThread 445-6412  [007] ....  5573.698825: do_swap_page: prefetch fault 6355 "GLThread 445" 7ec5f6c000 110e2
    GLThread 445-6412  [007] ...1  5573.700844: do_swap_page: prefetch miss 6355 "GLThread 445" 7ec5f6c000 110e2
    GLThread 445-6412  [007] ....  5573.700863: do_swap_page: prefetch fault 6355 "GLThread 445" 7ec61f0000 161044
    GLThread 445-6412  [007] ...1  5573.702804: do_swap_page: prefetch miss 6355 "GLThread 445" 7ec61f0000 161044
    GLThread 445-6412  [007] ....  5573.702822: do_swap_page: prefetch fault 6355 "GLThread 445" 7eb086c000 1d05c
    GLThread 445-6412  [007] ...1  5573.704740: do_swap_page: prefetch miss 6355 "GLThread 445" 7eb086c000 1d05c
    GLThread 445-6412  [007] ....  5573.704768: do_swap_page: prefetch fault 6355 "GLThread 445" 7ec5efe000 15907c
    GLThread 445-6412  [007] ...1  5573.707223: do_swap_page: prefetch miss 6355 "GLThread 445" 7ec5efe000 15907c
    GLThread 445-6412  [007] ....  5573.707246: do_swap_page: prefetch fault 6355 "GLThread 445" 7ec5fad000 1d05e
    GLThread 445-6412  [007] ...1  5573.709225: do_swap_page: prefetch miss 6355 "GLThread 445" 7ec5fad000 1d05e
    GLThread 445-6412  [007] ....  5573.709244: do_swap_page: prefetch fault 6355 "GLThread 445" 7ec5f54000 15907d
    GLThread 445-6412  [007] ...1  5573.711023: do_swap_page: prefetch miss 6355 "GLThread 445" 7ec5f54000 15907d
    GLThread 445-6412  [007] ....  5573.711046: do_swap_page: prefetch fault 6355 "GLThread 445" 7e9eedd000 1d060
    GLThread 445-6412  [007] ...1  5573.713418: do_swap_page: prefetch miss 6355 "GLThread 445" 7e9eedd000 1d060
    GLThread 445-6412  [007] ....  5573.713436: do_swap_page: prefetch fault 6355 "GLThread 445" 7ec5f83000 1d061
    GLThread 445-6412  [007] ...1  5573.715775: do_swap_page: prefetch miss 6355 "GLThread 445" 7ec5f83000 1d061
    GLThread 445-6412  [007] ....  5573.715791: do_swap_page: prefetch fault 6355 "GLThread 445" 7ec5f84000 1d062
    GLThread 445-6412  [007] ...1  5573.717652: do_swap_page: prefetch miss 6355 "GLThread 445" 7ec5f84000 1d062
    GLThread 445-6412  [007] ....  5573.717685: do_swap_page: prefetch fault 6355 "GLThread 445" 7eb07fb000 15907e
    GLThread 445-6412  [007] ...1  5573.719591: do_swap_page: prefetch miss 6355 "GLThread 445" 7eb07fb000 15907e
    GLThread 445-6412  [007] ....  5573.719632: do_swap_page: prefetch fault 6355 "GLThread 445" 7ec6129000 5905f
    GLThread 445-6412  [007] ...1  5573.721783: do_swap_page: prefetch miss 6355 "GLThread 445" 7ec6129000 5905f
    GLThread 445-6412  [007] ....  5573.721815: do_swap_page: prefetch fault 6355 "GLThread 445" 7eb0831000 165024
    GLThread 445-6412  [007] ...1  5573.723755: do_swap_page: prefetch miss 6355 "GLThread 445" 7eb0831000 165024
    GLThread 445-6412  [007] ....  5573.723780: do_swap_page: prefetch fault 6355 "GLThread 445" 7ec5f5d000 59060
    GLThread 445-6412  [007] ...1  5573.727784: do_swap_page: prefetch miss 6355 "GLThread 445" 7ec5f5d000 59060
    GLThread 445-6412  [007] ....  5573.727808: do_swap_page: prefetch fault 6355 "GLThread 445" 7eb0853000 1d066
    GLThread 445-6412  [007] ...1  5573.729625: do_swap_page: prefetch miss 6355 "GLThread 445" 7eb0853000 1d066
    GLThread 445-6412  [007] ....  5573.729644: do_swap_page: prefetch fault 6355 "GLThread 445" 7ec5f57000 59061
    GLThread 445-6412  [007] ...1  5573.731589: do_swap_page: prefetch miss 6355 "GLThread 445" 7ec5f57000 59061
    GLThread 445-6412  [007] ....  5573.731606: do_swap_page: prefetch fault 6355 "GLThread 445" 7ec5f5a000 59062
    GLThread 445-6412  [007] ...1  5573.733550: do_swap_page: prefetch miss 6355 "GLThread 445" 7ec5f5a000 59062
    GLThread 445-6412  [007] ....  5573.733574: do_swap_page: prefetch fault 6355 "GLThread 445" 7f28f3b000 1d069
    GLThread 445-6412  [007] ...1  5573.735588: do_swap_page: prefetch miss 6355 "GLThread 445" 7f28f3b000 1d069
    GLThread 445-6412  [007] ....  5573.735731: do_swap_page: prefetch fault 6355 "GLThread 445" 7ec5f3c000 161046
    GLThread 445-6412  [007] ...1  5573.737553: do_swap_page: prefetch miss 6355 "GLThread 445" 7ec5f3c000 161046
    GLThread 445-6412  [007] ....  5573.737580: do_swap_page: prefetch fault 6355 "GLThread 445" 7e9eba1000 1d06c
    GLThread 445-6412  [007] ...1  5573.739580: do_swap_page: prefetch miss 6355 "GLThread 445" 7e9eba1000 1d06c
    GLThread 445-6412  [007] ....  5573.739613: do_swap_page: prefetch fault 6355 "GLThread 445" 7e9eed2000 1d06d
    GLThread 445-6412  [007] ...1  5573.741102: do_swap_page: prefetch miss 6355 "GLThread 445" 7e9eed2000 1d06d
    GLThread 445-6412  [007] ....  5573.741137: do_swap_page: prefetch fault 6355 "GLThread 445" 7e9eed3000 161047
           <...>-27597 [007] ....  5573.741763: do_swap_page: prefetch fault 6355 "pool-11-thread-" 9f0d0000 51099
    GLThread 445-6412  [007] ...1  5573.742911: do_swap_page: prefetch miss 6355 "GLThread 445" 7e9eed3000 161047
    GLThread 445-6412  [007] ....  5573.742978: do_swap_page: prefetch fault 6355 "GLThread 445" 7e9eb7f000 161048
           <...>-27597 [007] ...1  5573.743692: do_swap_page: prefetch miss 6355 "pool-11-thread-" 9f0d0000 51099
           <...>-27597 [007] ....  5573.743738: do_swap_page: prefetch fault 6355 "pool-11-thread-" 7fbe25d000 16503a
    GLThread 445-6412  [007] ...1  5573.745520: do_swap_page: prefetch miss 6355 "GLThread 445" 7e9eb7f000 161048
    GLThread 445-6412  [007] ....  5573.745560: do_swap_page: prefetch fault 6355 "GLThread 445" 7eb0820000 1d070
           <...>-27597 [007] ...1  5573.745652: do_swap_page: prefetch miss 6355 "pool-11-thread-" 7fbe25d000 16503a
           <...>-27597 [007] ....  5573.745745: do_swap_page: prefetch fault 6355 "pool-11-thread-" 7e84446000 16104a
    GLThread 445-6412  [007] ...1  5573.747480: do_swap_page: prefetch miss 6355 "GLThread 445" 7eb0820000 1d070
    GLThread 445-6412  [007] ....  5573.747580: do_swap_page: prefetch fault 6355 "GLThread 445" 7eaf9b6000 1d071
           <...>-27597 [007] ...1  5573.747583: do_swap_page: prefetch miss 6355 "pool-11-thread-" 7e84446000 16104a
           <...>-6633  [007] ....  5573.747613: do_swap_page: prefetch fault 6355 "Okio Watchdog" 7e810ca000 16104f
    GLThread 445-6412  [007] ...1  5573.749416: do_swap_page: prefetch miss 6355 "GLThread 445" 7eaf9b6000 1d071
           <...>-6633  [007] ...1  5573.749484: do_swap_page: prefetch miss 6355 "Okio Watchdog" 7e810ca000 16104f
           <...>-6633  [007] ....  5573.749492: do_swap_page: prefetch fault 6355 "Okio Watchdog" 7e810cb000 161050
    GLThread 445-6412  [007] ....  5573.749507: do_swap_page: prefetch fault 6355 "GLThread 445" 7ec5f6d000 1d072
    GLThread 445-6412  [007] ...1  5573.751735: do_swap_page: prefetch miss 6355 "GLThread 445" 7ec5f6d000 1d072
    GLThread 445-6412  [007] ....  5573.751754: do_swap_page: prefetch fault 6355 "GLThread 445" 7eb08aa000 161049
           <...>-6633  [007] ...1  5573.751819: do_swap_page: prefetch miss 6355 "Okio Watchdog" 7e810cb000 161050
           <...>-6633  [007] ....  5573.751824: do_swap_page: prefetch fault 6355 "Okio Watchdog" 7e84447000 161051
    GLThread 445-6412  [007] ...1  5573.753715: do_swap_page: prefetch miss 6355 "GLThread 445" 7eb08aa000 161049
    GLThread 445-6412  [007] ....  5573.753737: do_swap_page: prefetch fault 6355 "GLThread 445" 7eb08af000 1d074
           <...>-6633  [007] ...1  5573.753803: do_swap_page: prefetch miss 6355 "Okio Watchdog" 7e84447000 161051
           <...>-6633  [007] ....  5573.753811: do_swap_page: prefetch fault 6355 "Okio Watchdog" 7e810c9000 161052
    GLThread 445-6412  [007] ...1  5573.755779: do_swap_page: prefetch miss 6355 "GLThread 445" 7eb08af000 1d074
    GLThread 445-6412  [007] ....  5573.755797: do_swap_page: prefetch fault 6355 "GLThread 445" 7eb044c000 1d075
           <...>-6633  [007] ...1  5573.755931: do_swap_page: prefetch miss 6355 "Okio Watchdog" 7e810c9000 161052
    GLThread 445-6412  [007] ...1  5573.757579: do_swap_page: prefetch miss 6355 "GLThread 445" 7eb044c000 1d075
    GLThread 445-6412  [007] ....  5573.757617: do_swap_page: prefetch fault 6355 "GLThread 445" 7eb023a000 1d076
    GLThread 445-6412  [007] ...1  5573.759570: do_swap_page: prefetch miss 6355 "GLThread 445" 7eb023a000 1d076
    GLThread 445-6412  [007] ....  5573.759596: do_swap_page: prefetch fault 6355 "GLThread 445" 7eb0440000 165028
    GLThread 445-6412  [007] ...1  5573.761504: do_swap_page: prefetch miss 6355 "GLThread 445" 7eb0440000 165028
    GLThread 445-6412  [007] ....  5573.761521: do_swap_page: prefetch fault 6355 "GLThread 445" 7eb0431000 165029
    GLThread 445-6412  [007] ...1  5573.763284: do_swap_page: prefetch miss 6355 "GLThread 445" 7eb0431000 165029
    GLThread 445-6412  [007] ....  5573.763300: do_swap_page: prefetch fault 6355 "GLThread 445" 7eb044a000 16502a
    GLThread 445-6412  [007] ...1  5573.765434: do_swap_page: prefetch miss 6355 "GLThread 445" 7eb044a000 16502a
    GLThread 445-6412  [007] ....  5573.765462: do_swap_page: prefetch fault 6355 "GLThread 445" 7eb046e000 19082
    GLThread 445-6412  [007] ...1  5573.767415: do_swap_page: prefetch miss 6355 "GLThread 445" 7eb046e000 19082
    GLThread 445-6412  [007] ....  5573.767444: do_swap_page: prefetch fault 6355 "GLThread 445" 7eb08a9000 19083
    GLThread 445-6412  [007] ...1  5573.769576: do_swap_page: prefetch miss 6355 "GLThread 445" 7eb08a9000 19083
    GLThread 445-6412  [007] ....  5573.769593: do_swap_page: prefetch fault 6355 "GLThread 445" 7eb046f000 19084
    GLThread 445-6412  [007] ...1  5573.771276: do_swap_page: prefetch miss 6355 "GLThread 445" 7eb046f000 19084
    GLThread 445-6412  [007] ....  5573.771366: do_swap_page: prefetch fault 6355 "GLThread 445" 7ec6116000 16502b
    GLThread 445-6412  [007] ...1  5573.773176: do_swap_page: prefetch miss 6355 "GLThread 445" 7ec6116000 16502b
    GLThread 445-6412  [007] ....  5573.773253: do_swap_page: prefetch fault 6355 "GLThread 445" 7ed0cb2000 16502c
    GLThread 445-6412  [007] ...1  5573.775106: do_swap_page: prefetch miss 6355 "GLThread 445" 7ed0cb2000 16502c
    GLThread 445-6412  [007] ....  5573.775134: do_swap_page: prefetch fault 6355 "GLThread 445" 7ec6125000 19087
    GLThread 445-6412  [007] ...1  5573.777208: do_swap_page: prefetch miss 6355 "GLThread 445" 7ec6125000 19087
    GLThread 445-6412  [007] ....  5573.777281: do_swap_page: prefetch fault 6355 "GLThread 445" 9f09f000 16502d
    GLThread 445-6412  [007] ...1  5573.779210: do_swap_page: prefetch miss 6355 "GLThread 445" 9f09f000 16502d
    GLThread 445-6412  [007] ....  5573.779233: do_swap_page: prefetch fault 6355 "GLThread 445" 9f0f3000 19089
    GLThread 445-6412  [007] ...1  5573.781053: do_swap_page: prefetch miss 6355 "GLThread 445" 9f0f3000 19089
    GLThread 445-6412  [007] ....  5573.781104: do_swap_page: prefetch fault 6355 "GLThread 445" 7eb087d000 16502e
    GLThread 445-6412  [007] ...1  5573.782900: do_swap_page: prefetch miss 6355 "GLThread 445" 7eb087d000 16502e
    GLThread 445-6412  [007] ....  5573.782956: do_swap_page: prefetch fault 6355 "GLThread 445" 7ec612a000 16502f
    GLThread 445-6412  [007] ...1  5573.784887: do_swap_page: prefetch miss 6355 "GLThread 445" 7ec612a000 16502f
    GLThread 445-6412  [007] ....  5573.784910: do_swap_page: prefetch fault 6355 "GLThread 445" 7eb087e000 165030
    GLThread 445-6412  [007] ...1  5573.786690: do_swap_page: prefetch miss 6355 "GLThread 445" 7eb087e000 165030
    GLThread 445-6412  [007] ....  5573.786738: do_swap_page: prefetch fault 6355 "GLThread 445" 7f2d7aa000 165031
    GLThread 445-6412  [007] ...1  5573.788564: do_swap_page: prefetch miss 6355 "GLThread 445" 7f2d7aa000 165031
    GLThread 445-6412  [007] ....  5573.788724: do_swap_page: prefetch fault 6355 "GLThread 445" 7ec60c0000 165033
    GLThread 445-6412  [007] ...1  5573.793875: do_swap_page: prefetch miss 6355 "GLThread 445" 7ec60c0000 165033
    GLThread 445-6412  [007] ....  5573.793913: do_swap_page: prefetch fault 6355 "GLThread 445" 7ec61f1000 165035
    GLThread 445-6412  [007] ...1  5573.795772: do_swap_page: prefetch miss 6355 "GLThread 445" 7ec61f1000 165035
    GLThread 445-6412  [007] ....  5573.795794: do_swap_page: prefetch fault 6355 "GLThread 445" 7f2d71d000 165036
    GLThread 445-6412  [007] ...1  5573.798144: do_swap_page: prefetch miss 6355 "GLThread 445" 7f2d71d000 165036
    GLThread 445-6412  [007] ....  5573.798183: do_swap_page: prefetch fault 6355 "GLThread 445" 7ec60fa000 165038
    GLThread 445-6412  [007] ...1  5573.799991: do_swap_page: prefetch miss 6355 "GLThread 445" 7ec60fa000 165038
    GLThread 445-6412  [007] ....  5573.800014: do_swap_page: prefetch fault 6355 "GLThread 445" 7ec60fb000 16503b
    GLThread 445-6412  [007] ...1  5573.801892: do_swap_page: prefetch miss 6355 "GLThread 445" 7ec60fb000 16503b
           <...>-654   [003] ....  5573.802186: do_swap_page: prefetch fault 602 "ImageManager" 7fb631d000 15d003
    GLThread 445-6412  [007] ....  5573.802193: do_swap_page: prefetch fault 6355 "GLThread 445" 7ec60df000 16104b
           <...>-654   [003] ...1  5573.804281: do_swap_page: prefetch miss 602 "ImageManager" 7fb631d000 15d003
           <...>-654   [003] ....  5573.804310: do_swap_page: prefetch fault 602 "ImageManager" 7fb631c000 15d004
    GLThread 445-6412  [007] ...1  5573.804366: do_swap_page: prefetch miss 6355 "GLThread 445" 7ec60df000 16104b
    GLThread 445-6412  [007] ....  5573.804431: do_swap_page: prefetch fault 6355 "GLThread 445" 73070000 16104d
           <...>-654   [003] ...1  5573.806897: do_swap_page: prefetch miss 602 "ImageManager" 7fb631c000 15d004
           <...>-654   [003] ....  5573.806936: do_swap_page: prefetch fault 602 "ImageManager" 7fba64b000 15d005
    GLThread 445-6412  [007] ...1  5573.806987: do_swap_page: prefetch miss 6355 "GLThread 445" 73070000 16104d
    GLThread 445-6412  [007] ....  5573.807047: do_swap_page: prefetch fault 6355 "GLThread 445" 7ec6180000 110e7
           <...>-654   [003] ...1  5573.809574: do_swap_page: prefetch miss 602 "ImageManager" 7fba64b000 15d005
           <...>-654   [003] ....  5573.809601: do_swap_page: prefetch fault 602 "ImageManager" 7fbe1c5000 15d007
    GLThread 445-6412  [007] ...1  5573.809662: do_swap_page: prefetch miss 6355 "GLThread 445" 7ec6180000 110e7
    GLThread 445-6412  [007] ....  5573.809666: do_swap_page: prefetch fault 6355 "GLThread 445" 7ec6184000 110e8
           <...>-654   [003] ...1  5573.811753: do_swap_page: prefetch miss 602 "ImageManager" 7fbe1c5000 15d007
           <...>-654   [003] ....  5573.811784: do_swap_page: prefetch fault 602 "ImageManager" 7fbcb75000 1013
    GLThread 445-6412  [007] ...1  5573.811948: do_swap_page: prefetch miss 6355 "GLThread 445" 7ec6184000 110e8
    GLThread 445-6412  [007] ....  5573.812078: do_swap_page: prefetch fault 6355 "GLThread 445" 7f2111d000 110e9
           <...>-654   [003] ...1  5573.813939: do_swap_page: prefetch miss 602 "ImageManager" 7fbcb75000 1013
           <...>-654   [003] ....  5573.813965: do_swap_page: prefetch fault 602 "ImageManager" 7fb9553000 15d008
    GLThread 445-6412  [007] ...1  5573.814124: do_swap_page: prefetch miss 6355 "GLThread 445" 7f2111d000 110e9
    GLThread 445-6412  [005] ....  5573.815282: do_swap_page: prefetch fault 6355 "GLThread 445" 7eaf20e000 161053
           <...>-654   [003] ...1  5573.816066: do_swap_page: prefetch miss 602 "ImageManager" 7fb9553000 15d008
           <...>-654   [003] ....  5573.816113: do_swap_page: prefetch fault 602 "ImageManager" 7fbe1de000 1015
    GLThread 445-6412  [005] ...1  5573.816857: do_swap_page: prefetch miss 6355 "GLThread 445" 7eaf20e000 161053
    GLThread 445-6412  [005] ....  5573.816982: do_swap_page: prefetch fault 6355 "GLThread 445" 7eaf3c8000 11078
           <...>-654   [003] ...1  5573.818588: do_swap_page: prefetch miss 602 "ImageManager" 7fbe1de000 1015
           <...>-654   [003] ....  5573.818628: do_swap_page: prefetch fault 602 "ImageManager" 7fbe1df000 1016
    GLThread 445-6412  [005] ...1  5573.818793: do_swap_page: prefetch miss 6355 "GLThread 445" 7eaf3c8000 11078
    GLThread 445-6412  [005] ....  5573.819812: do_swap_page: prefetch fault 6355 "GLThread 445" 7eb052d000 161045
           <...>-654   [003] ...1  5573.820614: do_swap_page: prefetch miss 602 "ImageManager" 7fbe1df000 1016
           <...>-654   [003] ....  5573.820642: do_swap_page: prefetch fault 602 "ImageManager" 7fbe1d8000 15d009
    GLThread 445-6412  [005] ...1  5573.821814: do_swap_page: prefetch miss 6355 "GLThread 445" 7eb052d000 161045
    GLThread 445-6412  [005] ....  5573.821935: do_swap_page: prefetch fault 6355 "GLThread 445" 7eac414000 161054
           <...>-654   [003] ...1  5573.822977: do_swap_page: prefetch miss 602 "ImageManager" 7fbe1d8000 15d009
           <...>-654   [003] ....  5573.823013: do_swap_page: prefetch fault 602 "ImageManager" 7fb7e7e000 1019
    GLThread 445-6412  [005] ...1  5573.824425: do_swap_page: prefetch miss 6355 "GLThread 445" 7eac414000 161054
    GLThread 445-6412  [005] ....  5573.824825: do_swap_page: prefetch fault 6355 "GLThread 445" 7ec60f8000 161055
           <...>-654   [003] ...1  5573.825736: do_swap_page: prefetch miss 602 "ImageManager" 7fb7e7e000 1019
           <...>-654   [003] ....  5573.825774: do_swap_page: prefetch fault 602 "ImageManager" 7fbe230000 101a
    GLThread 445-6412  [005] ...1  5573.826663: do_swap_page: prefetch miss 6355 "GLThread 445" 7ec60f8000 161055
    GLThread 445-6412  [005] ....  5573.826695: do_swap_page: prefetch fault 6355 "GLThread 445" 7ec60f7000 161056
           <...>-654   [003] ...1  5573.830297: do_swap_page: prefetch miss 602 "ImageManager" 7fbe230000 101a
           <...>-654   [003] ....  5573.830325: do_swap_page: prefetch fault 602 "ImageManager" 7fb94d8000 15d00a
    GLThread 445-6412  [005] ...1  5573.831229: do_swap_page: prefetch miss 6355 "GLThread 445" 7ec60f7000 161056
           <...>-6355  [004] ....  5573.831589: do_swap_page: prefetch fault 6355 ".candycrushsaga" 7f28fc3000 161057
    GLThread 445-6412  [005] ....  5573.831884: do_swap_page: prefetch fault 6355 "GLThread 445" 7eaf232000 110fc
           <...>-654   [003] ...1  5573.832509: do_swap_page: prefetch miss 602 "ImageManager" 7fb94d8000 15d00a
           <...>-654   [003] ....  5573.832731: do_swap_page: prefetch fault 602 "ImageManager" 7fbe1c6000 15d00b
           <...>-6355  [004] ...1  5573.834384: do_swap_page: prefetch miss 6355 ".candycrushsaga" 7f28fc3000 161057
           <...>-6355  [004] ....  5573.834396: do_swap_page: prefetch fault 6355 ".candycrushsaga" 7f28fc4000 161058
    GLThread 445-6412  [005] ...1  5573.834411: do_swap_page: prefetch miss 6355 "GLThread 445" 7eaf232000 110fc
           <...>-654   [003] ...1  5573.835293: do_swap_page: prefetch miss 602 "ImageManager" 7fbe1c6000 15d00b
           <...>-654   [003] ....  5573.835323: do_swap_page: prefetch fault 602 "ImageManager" 7fba640000 15d00c
    GLThread 445-6412  [005] ....  5573.835346: do_swap_page: prefetch fault 6355 "GLThread 445" 7e84b0c000 169031
           <...>-6355  [004] ...1  5573.836255: do_swap_page: prefetch miss 6355 ".candycrushsaga" 7f28fc4000 161058
           <...>-6355  [004] ....  5573.836279: do_swap_page: prefetch fault 6355 ".candycrushsaga" 7f28fec000 16105a
           <...>-654   [003] ...1  5573.837532: do_swap_page: prefetch miss 602 "ImageManager" 7fba640000 15d00c
           <...>-654   [003] ....  5573.837555: do_swap_page: prefetch fault 602 "ImageManager" 7fba641000 15d00d
    GLThread 445-6412  [005] ...1  5573.837619: do_swap_page: prefetch miss 6355 "GLThread 445" 7e84b0c000 169031
           <...>-6355  [004] ...1  5573.838440: do_swap_page: prefetch miss 6355 ".candycrushsaga" 7f28fec000 16105a
           <...>-6355  [004] ....  5573.838447: do_swap_page: prefetch fault 6355 ".candycrushsaga" 7f28fed000 16105b
           <...>-654   [003] ...1  5573.839451: do_swap_page: prefetch miss 602 "ImageManager" 7fba641000 15d00d
           <...>-654   [003] ....  5573.839477: do_swap_page: prefetch fault 602 "ImageManager" 7fba642000 15d00e
           <...>-6355  [004] ...1  5573.841628: do_swap_page: prefetch miss 6355 ".candycrushsaga" 7f28fed000 16105b
           <...>-6355  [004] ....  5573.841644: do_swap_page: prefetch fault 6355 ".candycrushsaga" 7f28e94000 16105c
    GLThread 445-6412  [005] ....  5573.842206: do_swap_page: prefetch fault 6355 "GLThread 445" 7e9eb27000 16105e
           <...>-654   [003] ...1  5573.842959: do_swap_page: prefetch miss 602 "ImageManager" 7fba642000 15d00e
           <...>-654   [003] ....  5573.842983: do_swap_page: prefetch fault 602 "ImageManager" 7fba643000 15d00f
           <...>-6355  [004] ...1  5573.843502: do_swap_page: prefetch miss 6355 ".candycrushsaga" 7f28e94000 16105c
           <...>-6355  [004] ....  5573.843516: do_swap_page: prefetch fault 6355 ".candycrushsaga" 7eac3f2000 16105d
    GLThread 445-6412  [005] ...1  5573.843625: do_swap_page: prefetch miss 6355 "GLThread 445" 7e9eb27000 16105e
           <...>-654   [003] ...1  5573.845374: do_swap_page: prefetch miss 602 "ImageManager" 7fba643000 15d00f
           <...>-654   [003] ....  5573.845400: do_swap_page: prefetch fault 602 "ImageManager" 7fba644000 15d010
           <...>-6355  [004] ...1  5573.845553: do_swap_page: prefetch miss 6355 ".candycrushsaga" 7eac3f2000 16105d
           <...>-6355  [004] ....  5573.845562: do_swap_page: prefetch fault 6355 ".candycrushsaga" 7eac4a6000 16105f
           <...>-6355  [004] ...1  5573.847631: do_swap_page: prefetch miss 6355 ".candycrushsaga" 7eac4a6000 16105f
           <...>-6355  [004] ....  5573.847686: do_swap_page: prefetch fault 6355 ".candycrushsaga" 7eac3f1000 161060
           <...>-654   [003] ...1  5573.847749: do_swap_page: prefetch miss 602 "ImageManager" 7fba644000 15d010
           <...>-654   [003] ....  5573.847839: do_swap_page: prefetch fault 602 "ImageManager" 7fbe1f6000 1022
           <...>-6355  [004] ...1  5573.849681: do_swap_page: prefetch miss 6355 ".candycrushsaga" 7eac3f1000 161060
           <...>-6355  [004] ....  5573.849716: do_swap_page: prefetch fault 6355 ".candycrushsaga" 7eac4a7000 161061
           <...>-654   [003] ...1  5573.849792: do_swap_page: prefetch miss 602 "ImageManager" 7fbe1f6000 1022
           <...>-654   [003] ....  5573.849825: do_swap_page: prefetch fault 602 "ImageManager" 7fbe1f4000 1023
           <...>-6355  [004] ...1  5573.851754: do_swap_page: prefetch miss 6355 ".candycrushsaga" 7eac4a7000 161061
           <...>-6355  [004] ....  5573.851786: do_swap_page: prefetch fault 6355 ".candycrushsaga" 7eac4a8000 161062
           <...>-654   [003] ...1  5573.851863: do_swap_page: prefetch miss 602 "ImageManager" 7fbe1f4000 1023
           <...>-654   [003] ....  5573.851920: do_swap_page: prefetch fault 602 "ImageManager" 7fba64d000 15d011
           <...>-6355  [004] ...1  5573.854232: do_swap_page: prefetch miss 6355 ".candycrushsaga" 7eac4a8000 161062
           <...>-6355  [004] ....  5573.854297: do_swap_page: prefetch fault 6355 ".candycrushsaga" 7eac4a9000 161064
           <...>-654   [003] ...1  5573.854367: do_swap_page: prefetch miss 602 "ImageManager" 7fba64d000 15d011
           <...>-654   [003] ....  5573.854404: do_swap_page: prefetch fault 602 "ImageManager" 7fbe234000 1024
           <...>-6355  [004] ...1  5573.856350: do_swap_page: prefetch miss 6355 ".candycrushsaga" 7eac4a9000 161064
           <...>-6355  [004] ....  5573.856401: do_swap_page: prefetch fault 6355 ".candycrushsaga" 7f28fee000 161065
           <...>-654   [003] ...1  5573.856476: do_swap_page: prefetch miss 602 "ImageManager" 7fbe234000 1024
           <...>-654   [003] ....  5573.856505: do_swap_page: prefetch fault 602 "ImageManager" 7fbe1f8000 1025
    GLThread 445-6412  [005] ....  5573.858035: do_swap_page: prefetch fault 6355 "GLThread 445" 7fbc15c000 161067
           <...>-6355  [004] ...1  5573.858134: do_swap_page: prefetch miss 6355 ".candycrushsaga" 7f28fee000 161065
           <...>-6355  [004] ....  5573.858171: do_swap_page: prefetch fault 6355 ".candycrushsaga" 7eac3fe000 161066
           <...>-654   [003] ...1  5573.860230: do_swap_page: prefetch miss 602 "ImageManager" 7fbe1f8000 1025
           <...>-654   [003] ....  5573.860269: do_swap_page: prefetch fault 602 "ImageManager" 7fba64e000 15d012
    GLThread 445-6412  [005] ...1  5573.860326: do_swap_page: prefetch miss 6355 "GLThread 445" 7fbc15c000 161067
           <...>-6355  [004] ...1  5573.860463: do_swap_page: prefetch miss 6355 ".candycrushsaga" 7eac3fe000 161066
           <...>-6355  [004] ....  5573.860511: do_swap_page: prefetch fault 6355 ".candycrushsaga" 7eac4aa000 161068
           <...>-654   [003] ...1  5573.862471: do_swap_page: prefetch miss 602 "ImageManager" 7fba64e000 15d012
           <...>-6355  [004] ...1  5573.862568: do_swap_page: prefetch miss 6355 ".candycrushsaga" 7eac4aa000 161068
           <...>-6355  [004] ....  5573.862622: do_swap_page: prefetch fault 6355 ".candycrushsaga" 7ec6487000 161069
           <...>-654   [003] ....  5573.862781: do_swap_page: prefetch fault 602 "ImageManager" 7fbe233000 1027
           <...>-6355  [004] ...1  5573.864518: do_swap_page: prefetch miss 6355 ".candycrushsaga" 7ec6487000 161069
           <...>-6355  [004] ....  5573.864552: do_swap_page: prefetch fault 6355 ".candycrushsaga" 7ec6488000 16106a
           <...>-654   [003] ...1  5573.864629: do_swap_page: prefetch miss 602 "ImageManager" 7fbe233000 1027
           <...>-654   [003] ....  5573.864659: do_swap_page: prefetch fault 602 "ImageManager" 7fbe1c8000 1028
           <...>-6355  [004] ...1  5573.866556: do_swap_page: prefetch miss 6355 ".candycrushsaga" 7ec6488000 16106a
           <...>-6355  [004] ....  5573.866622: do_swap_page: prefetch fault 6355 ".candycrushsaga" 7eac0c0000 1610b2
           <...>-654   [002] ...1  5573.866692: do_swap_page: prefetch miss 602 "ImageManager" 7fbe1c8000 1028
           <...>-654   [002] ....  5573.866839: do_swap_page: prefetch fault 602 "ImageManager" 7fb92ed000 102c
           <...>-6355  [004] ...1  5573.868496: do_swap_page: prefetch miss 6355 ".candycrushsaga" 7eac0c0000 1610b2
           <...>-6355  [004] ....  5573.868536: do_swap_page: prefetch fault 6355 ".candycrushsaga" 7eac4ab000 16106b
           <...>-654   [002] ...1  5573.868669: do_swap_page: prefetch miss 602 "ImageManager" 7fb92ed000 102c
           <...>-6355  [004] ...1  5573.870153: do_swap_page: prefetch miss 6355 ".candycrushsaga" 7eac4ab000 16106b
           <...>-6355  [004] ....  5573.870206: do_swap_page: prefetch fault 6355 ".candycrushsaga" 7ec6489000 16106c
           <...>-6355  [004] ...1  5573.872067: do_swap_page: prefetch miss 6355 ".candycrushsaga" 7ec6489000 16106c
           <...>-6355  [004] ....  5573.872164: do_swap_page: prefetch fault 6355 ".candycrushsaga" 7eac4ac000 16106d
