    GLThread 445-6412  [007] ...1  4785.783937: do_swap_page: prefetch miss 6355 "GLThread 445" 7eac2bb000 3d0e3
    GLThread 445-6412  [007] ....  4785.783979: do_swap_page: prefetch fault 6355 "GLThread 445" 7eafe79000 3d0e4
 pool-7-thread-1-6399  [007] ...1  4785.785621: do_swap_page: prefetch miss 6355 "pool-7-thread-1" 9f0a1000 5101e
 pool-7-thread-1-6399  [007] ....  4785.785657: do_swap_page: prefetch fault 6355 "pool-7-thread-1" 9f0f6000 2d082
    GLThread 445-6412  [007] ...1  4785.785684: do_swap_page: prefetch miss 6355 "GLThread 445" 7eafe79000 3d0e4
    GLThread 445-6412  [007] ....  4785.785707: do_swap_page: prefetch fault 6355 "GLThread 445" 7e9f100000 3d0e5
 pool-7-thread-1-6399  [007] ...1  4785.787615: do_swap_page: prefetch miss 6355 "pool-7-thread-1" 9f0f6000 2d082
 pool-7-thread-1-6399  [007] ....  4785.787689: do_swap_page: prefetch fault 6355 "pool-7-thread-1" 9f0bf000 2d083
    GLThread 445-6412  [007] ...1  4785.787719: do_swap_page: prefetch miss 6355 "GLThread 445" 7e9f100000 3d0e5
    GLThread 445-6412  [007] ....  4785.787738: do_swap_page: prefetch fault 6355 "GLThread 445" 7e9b321000 d0e9
 pool-7-thread-1-6399  [007] ...1  4785.789478: do_swap_page: prefetch miss 6355 "pool-7-thread-1" 9f0bf000 2d083
 pool-7-thread-1-6399  [007] ....  4785.789533: do_swap_page: prefetch fault 6355 "pool-7-thread-1" 7eac001000 49011
    GLThread 445-6412  [007] ...1  4785.790639: do_swap_page: prefetch miss 6355 "GLThread 445" 7e9b321000 d0e9
    GLThread 445-6412  [007] ....  4785.790661: do_swap_page: prefetch fault 6355 "GLThread 445" 7e9f0e9000 3d0e6
 pool-7-thread-1-6399  [007] ...1  4785.791435: do_swap_page: prefetch miss 6355 "pool-7-thread-1" 7eac001000 49011
 pool-7-thread-1-6399  [007] ....  4785.791558: do_swap_page: prefetch fault 6355 "pool-7-thread-1" 7eac06b000 45092
    GLThread 445-6412  [007] ...1  4785.792232: do_swap_page: prefetch miss 6355 "GLThread 445" 7e9f0e9000 3d0e6
    GLThread 445-6412  [007] ....  4785.792265: do_swap_page: prefetch fault 6355 "GLThread 445" 7e9ee87000 3d0e7
 pool-7-thread-1-6399  [007] ...1  4785.793496: do_swap_page: prefetch miss 6355 "pool-7-thread-1" 7eac06b000 45092
 pool-7-thread-1-6399  [007] ....  4785.793517: do_swap_page: prefetch fault 6355 "pool-7-thread-1" 7eac091000 45094
    GLThread 445-6412  [007] ...1  4785.794268: do_swap_page: prefetch miss 6355 "GLThread 445" 7e9ee87000 3d0e7
    GLThread 445-6412  [007] ....  4785.794290: do_swap_page: prefetch fault 6355 "GLThread 445" 7e9b6ee000 1105e
 pool-7-thread-1-6399  [007] ...1  4785.795507: do_swap_page: prefetch miss 6355 "pool-7-thread-1" 7eac091000 45094
 pool-7-thread-1-6399  [007] ....  4785.795525: do_swap_page: prefetch fault 6355 "pool-7-thread-1" 7eac099000 49013
    GLThread 445-6412  [007] ...1  4785.796114: do_swap_page: prefetch miss 6355 "GLThread 445" 7e9b6ee000 1105e
    GLThread 445-6412  [007] ....  4785.796132: do_swap_page: prefetch fault 6355 "GLThread 445" 7e9b6d1000 d0ea
 pool-7-thread-1-6399  [007] ...1  4785.797420: do_swap_page: prefetch miss 6355 "pool-7-thread-1" 7eac099000 49013
 pool-7-thread-1-6399  [007] ....  4785.797523: do_swap_page: prefetch fault 6355 "pool-7-thread-1" 9f142000 2d088
    GLThread 445-6412  [007] ...1  4785.797779: do_swap_page: prefetch miss 6355 "GLThread 445" 7e9b6d1000 d0ea
    GLThread 445-6412  [007] ....  4785.797799: do_swap_page: prefetch fault 6355 "GLThread 445" 7e9b5a0000 d0eb
 pool-7-thread-1-6399  [007] ...1  4785.799584: do_swap_page: prefetch miss 6355 "pool-7-thread-1" 9f142000 2d088
 pool-7-thread-1-6399  [007] ....  4785.799685: do_swap_page: prefetch fault 6355 "pool-7-thread-1" 7eac06c000 49016
    GLThread 445-6412  [007] ...1  4785.799718: do_swap_page: prefetch miss 6355 "GLThread 445" 7e9b5a0000 d0eb
    GLThread 445-6412  [007] ....  4785.799756: do_swap_page: prefetch fault 6355 "GLThread 445" 7e9e981000 d0ec
 pool-7-thread-1-6399  [007] ...1  4785.801565: do_swap_page: prefetch miss 6355 "pool-7-thread-1" 7eac06c000 49016
 pool-7-thread-1-6399  [007] ....  4785.801784: do_swap_page: prefetch fault 6355 "pool-7-thread-1" 7eac08d000 49018
    GLThread 445-6412  [007] ...1  4785.801819: do_swap_page: prefetch miss 6355 "GLThread 445" 7e9e981000 d0ec
    GLThread 445-6412  [007] ....  4785.801840: do_swap_page: prefetch fault 6355 "GLThread 445" 7eaf3f4000 d0ed
 pool-7-thread-1-6399  [007] ...1  4785.803791: do_swap_page: prefetch miss 6355 "pool-7-thread-1" 7eac08d000 49018
    GLThread 445-6412  [007] ...1  4785.804038: do_swap_page: prefetch miss 6355 "GLThread 445" 7eaf3f4000 d0ed
    GLThread 445-6412  [007] ....  4785.804061: do_swap_page: prefetch fault 6355 "GLThread 445" 7e9ea97000 d0ee
    GLThread 445-6412  [007] ...1  4785.806848: do_swap_page: prefetch miss 6355 "GLThread 445" 7e9ea97000 d0ee
    GLThread 445-6412  [007] ....  4785.806868: do_swap_page: prefetch fault 6355 "GLThread 445" 7e9e9a1000 3d0e8
    GLThread 445-6412  [007] ...1  4785.812049: do_swap_page: prefetch miss 6355 "GLThread 445" 7e9e9a1000 3d0e8
    GLThread 445-6412  [007] ....  4785.812081: do_swap_page: prefetch fault 6355 "GLThread 445" 7e9e9a0000 3d0e9
    GLThread 445-6412  [007] ...1  4785.814052: do_swap_page: prefetch miss 6355 "GLThread 445" 7e9e9a0000 3d0e9
    GLThread 445-6412  [007] ....  4785.814071: do_swap_page: prefetch fault 6355 "GLThread 445" 7e9ec1c000 3d0ea
    GLThread 445-6412  [007] ...1  4785.815718: do_swap_page: prefetch miss 6355 "GLThread 445" 7e9ec1c000 3d0ea
    GLThread 445-6412  [007] ....  4785.815820: do_swap_page: prefetch fault 6355 "GLThread 445" 7eaf380000 10b2
    GLThread 445-6412  [007] ...1  4785.817674: do_swap_page: prefetch miss 6355 "GLThread 445" 7eaf380000 10b2
    GLThread 445-6412  [007] ....  4785.817710: do_swap_page: prefetch fault 6355 "GLThread 445" 7e9e940000 10b3
    GLThread 445-6412  [007] ...1  4785.819451: do_swap_page: prefetch miss 6355 "GLThread 445" 7e9e940000 10b3
    GLThread 445-6412  [007] ....  4785.819469: do_swap_page: prefetch fault 6355 "GLThread 445" 7eaf54f000 10b4
    GLThread 445-6412  [007] ...1  4785.821087: do_swap_page: prefetch miss 6355 "GLThread 445" 7eaf54f000 10b4
    GLThread 445-6412  [007] ....  4785.821104: do_swap_page: prefetch fault 6355 "GLThread 445" 7e9e9a2000 10b5
    GLThread 445-6412  [007] ...1  4785.822719: do_swap_page: prefetch miss 6355 "GLThread 445" 7e9e9a2000 10b5
    GLThread 445-6412  [007] ....  4785.822736: do_swap_page: prefetch fault 6355 "GLThread 445" 7e9e946000 10b6
    GLThread 445-6412  [007] ...1  4785.824678: do_swap_page: prefetch miss 6355 "GLThread 445" 7e9e946000 10b6
    GLThread 445-6412  [007] ....  4785.824696: do_swap_page: prefetch fault 6355 "GLThread 445" 7e9ea96000 3d0eb
    GLThread 445-6412  [007] ...1  4785.826327: do_swap_page: prefetch miss 6355 "GLThread 445" 7e9ea96000 3d0eb
    GLThread 445-6412  [007] ....  4785.826345: do_swap_page: prefetch fault 6355 "GLThread 445" 7e9ea93000 3d0ec
    GLThread 445-6412  [007] ...1  4785.829335: do_swap_page: prefetch miss 6355 "GLThread 445" 7e9ea93000 3d0ec
    GLThread 445-6412  [007] ....  4785.829375: do_swap_page: prefetch fault 6355 "GLThread 445" 7eaf5cc000 10ba
    GLThread 445-6412  [007] ...1  4785.831950: do_swap_page: prefetch miss 6355 "GLThread 445" 7eaf5cc000 10ba
    GLThread 445-6412  [007] ....  4785.831969: do_swap_page: prefetch fault 6355 "GLThread 445" 7eaf3c6000 3d0ed
    GLThread 445-6412  [007] ...1  4785.833591: do_swap_page: prefetch miss 6355 "GLThread 445" 7eaf3c6000 3d0ed
    GLThread 445-6412  [007] ....  4785.833615: do_swap_page: prefetch fault 6355 "GLThread 445" 7e9ed9f000 10bc
    GLThread 445-6412  [007] ...1  4785.835285: do_swap_page: prefetch miss 6355 "GLThread 445" 7e9ed9f000 10bc
    GLThread 445-6412  [007] ....  4785.835307: do_swap_page: prefetch fault 6355 "GLThread 445" 7eaf914000 11060
    GLThread 445-6412  [007] ...1  4785.837012: do_swap_page: prefetch miss 6355 "GLThread 445" 7eaf914000 11060
    GLThread 445-6412  [007] ....  4785.837037: do_swap_page: prefetch fault 6355 "GLThread 445" 7eb0501000 11061
    GLThread 445-6412  [007] ...1  4785.839062: do_swap_page: prefetch miss 6355 "GLThread 445" 7eb0501000 11061
    GLThread 445-6412  [007] ....  4785.839122: do_swap_page: prefetch fault 6355 "GLThread 445" 7f2d7da000 4d018
    GLThread 445-6412  [007] ...1  4785.841284: do_swap_page: prefetch miss 6355 "GLThread 445" 7f2d7da000 4d018
        Thread-8-6481  [007] ....  4785.841324: do_swap_page: prefetch fault 6355 "Thread-8" 7eac0be000 3d0ee
    GLThread 445-6412  [007] ....  4785.841406: do_swap_page: prefetch fault 6355 "GLThread 445" 7e9ef81000 3d0f0
        Thread-8-6481  [007] ...1  4785.843081: do_swap_page: prefetch miss 6355 "Thread-8" 7eac0be000 3d0ee
        Thread-8-6481  [007] ....  4785.843147: do_swap_page: prefetch fault 6355 "Thread-8" 7eac11a000 3d0ef
    GLThread 445-6412  [007] ...1  4785.843174: do_swap_page: prefetch miss 6355 "GLThread 445" 7e9ef81000 3d0f0
    GLThread 445-6412  [007] ....  4785.843192: do_swap_page: prefetch fault 6355 "GLThread 445" 7e9b3a6000 3d0f2
        Thread-8-6481  [007] ...1  4785.845239: do_swap_page: prefetch miss 6355 "Thread-8" 7eac11a000 3d0ef
        Thread-8-6481  [007] ....  4785.845299: do_swap_page: prefetch fault 6355 "Thread-8" 7eac14b000 3d0f1
    GLThread 445-6412  [007] ...1  4785.845327: do_swap_page: prefetch miss 6355 "GLThread 445" 7e9b3a6000 3d0f2
    GLThread 445-6412  [007] ....  4785.845349: do_swap_page: prefetch fault 6355 "GLThread 445" 7eafd2f000 350f1
        Thread-8-6481  [007] ...1  4785.848955: do_swap_page: prefetch miss 6355 "Thread-8" 7eac14b000 3d0f1
        Thread-8-6481  [007] ....  4785.849017: do_swap_page: prefetch fault 6355 "Thread-8" 7eafc6d000 3d0f3
    GLThread 445-6412  [007] ...1  4785.849044: do_swap_page: prefetch miss 6355 "GLThread 445" 7eafd2f000 350f1
    GLThread 445-6412  [007] ....  4785.849066: do_swap_page: prefetch fault 6355 "GLThread 445" 7eaf403000 350f3
        Thread-8-6481  [007] ...1  4785.851186: do_swap_page: prefetch miss 6355 "Thread-8" 7eafc6d000 3d0f3
        Thread-8-6481  [007] ....  4785.851202: do_swap_page: prefetch fault 6355 "Thread-8" 7eac4c2000 4507e
    GLThread 445-6412  [007] ...1  4785.851242: do_swap_page: prefetch miss 6355 "GLThread 445" 7eaf403000 350f3
    GLThread 445-6412  [007] ....  4785.851262: do_swap_page: prefetch fault 6355 "GLThread 445" 7e9ebed000 10be
        Thread-8-6481  [007] ...1  4785.853322: do_swap_page: prefetch miss 6355 "Thread-8" 7eac4c2000 4507e
        Thread-8-6481  [007] ....  4785.853438: do_swap_page: prefetch fault 6355 "Thread-8" 9f0a0000 350f4
    GLThread 445-6412  [007] ...1  4785.853470: do_swap_page: prefetch miss 6355 "GLThread 445" 7e9ebed000 10be
    GLThread 445-6412  [007] ....  4785.853496: do_swap_page: prefetch fault 6355 "GLThread 445" 7eafd30000 d0f1
        Thread-8-6481  [007] ...1  4785.855268: do_swap_page: prefetch miss 6355 "Thread-8" 9f0a0000 350f4
        Thread-8-6481  [007] ....  4785.855312: do_swap_page: prefetch fault 6355 "Thread-8" 7ed1b3d000 350f5
    GLThread 445-6412  [007] ...1  4785.855341: do_swap_page: prefetch miss 6355 "GLThread 445" 7eafd30000 d0f1
    GLThread 445-6412  [007] ....  4785.855362: do_swap_page: prefetch fault 6355 "GLThread 445" 7eb07f3000 350f7
        Thread-8-6481  [007] ...1  4785.857193: do_swap_page: prefetch miss 6355 "Thread-8" 7ed1b3d000 350f5
        Thread-8-6481  [007] ....  4785.857216: do_swap_page: prefetch fault 6355 "Thread-8" 7eac867000 350f6
    GLThread 445-6412  [007] ...1  4785.857242: do_swap_page: prefetch miss 6355 "GLThread 445" 7eb07f3000 350f7
    GLThread 445-6412  [007] ....  4785.857263: do_swap_page: prefetch fault 6355 "GLThread 445" 7e9b5a5000 11069
        Thread-8-6481  [007] ...1  4785.859060: do_swap_page: prefetch miss 6355 "Thread-8" 7eac867000 350f6
        Thread-8-6481  [007] ....  4785.859154: do_swap_page: prefetch fault 6355 "Thread-8" 9f0fe000 1d01c
    GLThread 445-6412  [007] ...1  4785.859186: do_swap_page: prefetch miss 6355 "GLThread 445" 7e9b5a5000 11069
    GLThread 445-6412  [007] ....  4785.859213: do_swap_page: prefetch fault 6355 "GLThread 445" 7fbe191000 1106a
        Thread-8-6481  [007] ...1  4785.861068: do_swap_page: prefetch miss 6355 "Thread-8" 9f0fe000 1d01c
        Thread-8-6481  [007] ....  4785.861293: do_swap_page: prefetch fault 6355 "Thread-8" 7f28cdc000 350f8
    GLThread 445-6412  [007] ...1  4785.861338: do_swap_page: prefetch miss 6355 "GLThread 445" 7fbe191000 1106a
    GLThread 445-6412  [007] ....  4785.861365: do_swap_page: prefetch fault 6355 "GLThread 445" 7f28c9e000 1106b
           <...>-24820 [007] ....  4785.861495: do_swap_page: prefetch fault 6355 "pool-11-thread-" 9f147000 10e6
        Thread-8-6481  [007] ...1  4785.863413: do_swap_page: prefetch miss 6355 "Thread-8" 7f28cdc000 350f8
    GLThread 445-6412  [007] ...1  4785.863430: do_swap_page: prefetch miss 6355 "GLThread 445" 7f28c9e000 1106b
    GLThread 445-6412  [007] ....  4785.863479: do_swap_page: prefetch fault 6355 "GLThread 445" 7eafd58000 1106c
           <...>-24820 [007] ...1  4785.863482: do_swap_page: prefetch miss 6355 "pool-11-thread-" 9f147000 10e6
 pool-7-thread-1-6399  [005] ....  4785.863629: do_swap_page: prefetch fault 6355 "pool-7-thread-1" 7f2d682000 4d035
           <...>-24820 [007] ....  4785.863846: do_swap_page: prefetch fault 6355 "pool-11-thread-" 7fbe24f000 49019
    GLThread 445-6412  [007] ...1  4785.865607: do_swap_page: prefetch miss 6355 "GLThread 445" 7eafd58000 1106c
    GLThread 445-6412  [007] ....  4785.865617: do_swap_page: prefetch fault 6355 "GLThread 445" 7eb053d000 1106d
 pool-7-thread-1-6399  [005] ...1  4785.865637: do_swap_page: prefetch miss 6355 "pool-7-thread-1" 7f2d682000 4d035
           <...>-24820 [007] ...1  4785.865733: do_swap_page: prefetch miss 6355 "pool-11-thread-" 7fbe24f000 49019
           <...>-24820 [007] ....  4785.865853: do_swap_page: prefetch fault 6355 "pool-11-thread-" 7f28c29000 4901a
    GLThread 445-6412  [007] ...1  4785.867609: do_swap_page: prefetch miss 6355 "GLThread 445" 7eb053d000 1106d
    GLThread 445-6412  [007] ....  4785.867654: do_swap_page: prefetch fault 6355 "GLThread 445" 7eb0527000 1106e
           <...>-24820 [007] ...1  4785.867657: do_swap_page: prefetch miss 6355 "pool-11-thread-" 7f28c29000 4901a
           <...>-6361  [007] ....  4785.867692: do_swap_page: prefetch fault 6355 "Jit thread pool" 7f2d600000 4d012
           <...>-24821 [000] ....  4785.869064: do_swap_page: prefetch fault 790 "netd" 7fbcd1f000 45006
    GLThread 445-6412  [007] ...1  4785.869494: do_swap_page: prefetch miss 6355 "GLThread 445" 7eb0527000 1106e
           <...>-6361  [007] ...1  4785.869541: do_swap_page: prefetch miss 6355 "Jit thread pool" 7f2d600000 4d012
           <...>-6361  [007] ....  4785.869550: do_swap_page: prefetch fault 6355 "Jit thread pool" 7f2ea1d000 4d013
    GLThread 445-6412  [007] ....  4785.869567: do_swap_page: prefetch fault 6355 "GLThread 445" 7eb03bd000 1106f
           <...>-24821 [000] ...1  4785.871085: do_swap_page: prefetch miss 790 "netd" 7fbcd1f000 45006
    GLThread 445-6412  [007] ...1  4785.871098: do_swap_page: prefetch miss 6355 "GLThread 445" 7eb03bd000 1106f
    GLThread 445-6412  [007] ....  4785.871107: do_swap_page: prefetch fault 6355 "GLThread 445" 7eb0476000 350f9
           <...>-6361  [007] ...1  4785.871138: do_swap_page: prefetch miss 6355 "Jit thread pool" 7f2ea1d000 4d013
           <...>-6361  [007] ....  4785.871163: do_swap_page: prefetch fault 6355 "Jit thread pool" 7fbe0ad000 4d014
    GLThread 445-6412  [007] ...1  4785.873001: do_swap_page: prefetch miss 6355 "GLThread 445" 7eb0476000 350f9
    GLThread 445-6412  [007] ....  4785.873011: do_swap_page: prefetch fault 6355 "GLThread 445" 7eb0528000 11071
           <...>-6361  [007] ...1  4785.873027: do_swap_page: prefetch miss 6355 "Jit thread pool" 7fbe0ad000 4d014
           <...>-6361  [007] ....  4785.873070: do_swap_page: prefetch fault 6355 "Jit thread pool" 7f28c21000 51029
    GLThread 445-6412  [007] ...1  4785.875053: do_swap_page: prefetch miss 6355 "GLThread 445" 7eb0528000 11071
    GLThread 445-6412  [007] ....  4785.875061: do_swap_page: prefetch fault 6355 "GLThread 445" 7eb04df000 11072
           <...>-6361  [007] ...1  4785.875094: do_swap_page: prefetch miss 6355 "Jit thread pool" 7f28c21000 51029
           <...>-6361  [007] ....  4785.875116: do_swap_page: prefetch fault 6355 "Jit thread pool" 7fbe315000 4d015
    GLThread 445-6412  [007] ...1  4785.877023: do_swap_page: prefetch miss 6355 "GLThread 445" 7eb04df000 11072
           <...>-6361  [007] ...1  4785.877062: do_swap_page: prefetch miss 6355 "Jit thread pool" 7fbe315000 4d015
           <...>-6361  [007] ....  4785.877078: do_swap_page: prefetch fault 6355 "Jit thread pool" 7fbe1b2000 5102a
    GLThread 445-6412  [007] ....  4785.877080: do_swap_page: prefetch fault 6355 "GLThread 445" 7eafd34000 350fa
    GLThread 445-6412  [007] ...1  4785.878970: do_swap_page: prefetch miss 6355 "GLThread 445" 7eafd34000 350fa
    GLThread 445-6412  [007] ....  4785.878979: do_swap_page: prefetch fault 6355 "GLThread 445" 7ed0b8c000 11074
           <...>-6361  [007] ...1  4785.879008: do_swap_page: prefetch miss 6355 "Jit thread pool" 7fbe1b2000 5102a
    GLThread 445-6412  [007] ...1  4785.881199: do_swap_page: prefetch miss 6355 "GLThread 445" 7ed0b8c000 11074
    GLThread 445-6412  [007] ....  4785.881224: do_swap_page: prefetch fault 6355 "GLThread 445" 7eafd35000 350fb
    GLThread 445-6412  [007] ...1  4785.883507: do_swap_page: prefetch miss 6355 "GLThread 445" 7eafd35000 350fb
    GLThread 445-6412  [007] ....  4785.883546: do_swap_page: prefetch fault 6355 "GLThread 445" 7e9e961000 11076
    GLThread 445-6412  [007] ...1  4785.885452: do_swap_page: prefetch miss 6355 "GLThread 445" 7e9e961000 11076
    GLThread 445-6412  [007] ....  4785.885472: do_swap_page: prefetch fault 6355 "GLThread 445" 7eaf37f000 11077
    GLThread 445-6412  [007] ...1  4785.887319: do_swap_page: prefetch miss 6355 "GLThread 445" 7eaf37f000 11077
    GLThread 445-6412  [007] ....  4785.887342: do_swap_page: prefetch fault 6355 "GLThread 445" 7eaf3c8000 11078
    GLThread 445-6412  [007] ...1  4785.888862: do_swap_page: prefetch miss 6355 "GLThread 445" 7eaf3c8000 11078
    GLThread 445-6412  [007] ....  4785.888880: do_swap_page: prefetch fault 6355 "GLThread 445" 7e9ea72000 350fd
    GLThread 445-6412  [007] ...1  4785.891066: do_swap_page: prefetch miss 6355 "GLThread 445" 7e9ea72000 350fd
    GLThread 445-6412  [007] ....  4785.891084: do_swap_page: prefetch fault 6355 "GLThread 445" 7e9ea9c000 1107a
    GLThread 445-6412  [007] ...1  4785.893188: do_swap_page: prefetch miss 6355 "GLThread 445" 7e9ea9c000 1107a
    GLThread 445-6412  [007] ....  4785.893211: do_swap_page: prefetch fault 6355 "GLThread 445" 7e9ec01000 4900a
    GLThread 445-6412  [007] ...1  4785.894872: do_swap_page: prefetch miss 6355 "GLThread 445" 7e9ec01000 4900a
    GLThread 445-6412  [007] ....  4785.894895: do_swap_page: prefetch fault 6355 "GLThread 445" 7e9eb86000 1107c
    GLThread 445-6412  [007] ...1  4785.896849: do_swap_page: prefetch miss 6355 "GLThread 445" 7e9eb86000 1107c
    GLThread 445-6412  [007] ....  4785.896868: do_swap_page: prefetch fault 6355 "GLThread 445" 7e9b306000 45080
    GLThread 445-6412  [007] ...1  4785.898484: do_swap_page: prefetch miss 6355 "GLThread 445" 7e9b306000 45080
    GLThread 445-6412  [007] ....  4785.898515: do_swap_page: prefetch fault 6355 "GLThread 445" 7eafd31000 4d002
    GLThread 445-6412  [007] ...1  4785.900144: do_swap_page: prefetch miss 6355 "GLThread 445" 7eafd31000 4d002
    GLThread 445-6412  [007] ....  4785.900176: do_swap_page: prefetch fault 6355 "GLThread 445" 7eafd2c000 4d003
    GLThread 445-6412  [007] ...1  4785.902003: do_swap_page: prefetch miss 6355 "GLThread 445" 7eafd2c000 4d003
    GLThread 445-6412  [007] ....  4785.902021: do_swap_page: prefetch fault 6355 "GLThread 445" 7eafd36000 4d005
    GLThread 445-6412  [007] ...1  4785.904291: do_swap_page: prefetch miss 6355 "GLThread 445" 7eafd36000 4d005
    GLThread 445-6412  [007] ....  4785.904309: do_swap_page: prefetch fault 6355 "GLThread 445" 7eafd2d000 45082
    GLThread 445-6412  [004] ...1  4785.906024: do_swap_page: prefetch miss 6355 "GLThread 445" 7eafd2d000 45082
    GLThread 445-6412  [004] ....  4785.906086: do_swap_page: prefetch fault 6355 "GLThread 445" 7e9ea9a000 4508a
           <...>-24820 [007] ....  4785.906260: do_swap_page: prefetch fault 6355 "pool-11-thread-" 7f28b04000 3d0f7
    GLThread 445-6412  [004] ...1  4785.908074: do_swap_page: prefetch miss 6355 "GLThread 445" 7e9ea9a000 4508a
           <...>-24820 [007] ...1  4785.908092: do_swap_page: prefetch miss 6355 "pool-11-thread-" 7f28b04000 3d0f7
    GLThread 445-6412  [004] ....  4785.908108: do_swap_page: prefetch fault 6355 "GLThread 445" 7e9eba3000 11083
    GLThread 445-6412  [004] ...1  4785.909767: do_swap_page: prefetch miss 6355 "GLThread 445" 7e9eba3000 11083
    GLThread 445-6412  [004] ....  4785.909802: do_swap_page: prefetch fault 6355 "GLThread 445" 7eb04f0000 4508b
    GLThread 445-6412  [004] ...1  4785.911819: do_swap_page: prefetch miss 6355 "GLThread 445" 7eb04f0000 4508b
    GLThread 445-6412  [004] ....  4785.911857: do_swap_page: prefetch fault 6355 "GLThread 445" 7e9b878000 11085
    GLThread 445-6412  [004] ...1  4785.914550: do_swap_page: prefetch miss 6355 "GLThread 445" 7e9b878000 11085
    GLThread 445-6412  [004] ....  4785.914590: do_swap_page: prefetch fault 6355 "GLThread 445" 7eafca0000 11086
    GLThread 445-6412  [004] ...1  4785.916948: do_swap_page: prefetch miss 6355 "GLThread 445" 7eafca0000 11086
    GLThread 445-6412  [004] ....  4785.916974: do_swap_page: prefetch fault 6355 "GLThread 445" 7eb014b000 3d0fa
    GLThread 445-6412  [004] ...1  4785.918879: do_swap_page: prefetch miss 6355 "GLThread 445" 7eb014b000 3d0fa
    GLThread 445-6412  [004] ....  4785.918906: do_swap_page: prefetch fault 6355 "GLThread 445" 7eaf645000 11088
    GLThread 445-6412  [004] ...1  4785.920602: do_swap_page: prefetch miss 6355 "GLThread 445" 7eaf645000 11088
    GLThread 445-6412  [004] ....  4785.920627: do_swap_page: prefetch fault 6355 "GLThread 445" 7eb0561000 3d0fe
    GLThread 445-6412  [004] ...1  4785.922401: do_swap_page: prefetch miss 6355 "GLThread 445" 7eb0561000 3d0fe
    GLThread 445-6412  [004] ....  4785.922438: do_swap_page: prefetch fault 6355 "GLThread 445" 7eaf5ff000 1108a
    GLThread 445-6412  [004] ...1  4785.924638: do_swap_page: prefetch miss 6355 "GLThread 445" 7eaf5ff000 1108a
    GLThread 445-6412  [004] ....  4785.924668: do_swap_page: prefetch fault 6355 "GLThread 445" 7e9b6ad000 d0f3
    GLThread 445-6412  [004] ...1  4785.926317: do_swap_page: prefetch miss 6355 "GLThread 445" 7e9b6ad000 d0f3
    GLThread 445-6412  [004] ....  4785.926349: do_swap_page: prefetch fault 6355 "GLThread 445" 7eaf643000 d0fa
    GLThread 445-6412  [004] ...1  4785.928172: do_swap_page: prefetch miss 6355 "GLThread 445" 7eaf643000 d0fa
    GLThread 445-6412  [004] ....  4785.928212: do_swap_page: prefetch fault 6355 "GLThread 445" 7eb0530000 51006
    GLThread 445-6412  [004] ...1  4785.930123: do_swap_page: prefetch miss 6355 "GLThread 445" 7eb0530000 51006
    GLThread 445-6412  [004] ....  4785.930150: do_swap_page: prefetch fault 6355 "GLThread 445" 7e9ebfa000 d0f5
    GLThread 445-6412  [004] ...1  4785.932501: do_swap_page: prefetch miss 6355 "GLThread 445" 7e9ebfa000 d0f5
    GLThread 445-6412  [004] ....  4785.932560: do_swap_page: prefetch fault 6355 "GLThread 445" 7eb0531000 51009
    GLThread 445-6412  [004] ...1  4785.934573: do_swap_page: prefetch miss 6355 "GLThread 445" 7eb0531000 51009
    GLThread 445-6412  [004] ....  4785.934601: do_swap_page: prefetch fault 6355 "GLThread 445" 7eaf5f3000 d0f7
    GLThread 445-6412  [004] ...1  4785.936522: do_swap_page: prefetch miss 6355 "GLThread 445" 7eaf5f3000 d0f7
    GLThread 445-6412  [004] ....  4785.936546: do_swap_page: prefetch fault 6355 "GLThread 445" 7eaf633000 5100c
    GLThread 445-6412  [004] ...1  4785.939018: do_swap_page: prefetch miss 6355 "GLThread 445" 7eaf633000 5100c
    GLThread 445-6412  [004] ....  4785.939042: do_swap_page: prefetch fault 6355 "GLThread 445" 7eaf254000 d0f9
    GLThread 445-6412  [004] ...1  4785.941014: do_swap_page: prefetch miss 6355 "GLThread 445" 7eaf254000 d0f9
    GLThread 445-6412  [004] ....  4785.941041: do_swap_page: prefetch fault 6355 "GLThread 445" 7eaf635000 45091
    GLThread 445-6412  [004] ...1  4785.943292: do_swap_page: prefetch miss 6355 "GLThread 445" 7eaf635000 45091
    GLThread 445-6412  [004] ....  4785.943318: do_swap_page: prefetch fault 6355 "GLThread 445" 7eb014c000 4d00b
    GLThread 445-6412  [004] ...1  4785.945121: do_swap_page: prefetch miss 6355 "GLThread 445" 7eb014c000 4d00b
    GLThread 445-6412  [004] ....  4785.945148: do_swap_page: prefetch fault 6355 "GLThread 445" 7e9eb0c000 50f7
    GLThread 445-6412  [004] ...1  4785.946817: do_swap_page: prefetch miss 6355 "GLThread 445" 7e9eb0c000 50f7
    GLThread 445-6412  [004] ....  4785.946841: do_swap_page: prefetch fault 6355 "GLThread 445" 7e9ec18000 4d00e
    GLThread 445-6412  [004] ...1  4785.949709: do_swap_page: prefetch miss 6355 "GLThread 445" 7e9ec18000 4d00e
    GLThread 445-6412  [004] ....  4785.949735: do_swap_page: prefetch fault 6355 "GLThread 445" 7e9ec19000 4d010
    GLThread 445-6412  [004] ...1  4785.951678: do_swap_page: prefetch miss 6355 "GLThread 445" 7e9ec19000 4d010
    GLThread 445-6412  [004] ....  4785.951704: do_swap_page: prefetch fault 6355 "GLThread 445" 7e9eceb000 5100f
    GLThread 445-6412  [004] ...1  4785.953732: do_swap_page: prefetch miss 6355 "GLThread 445" 7e9eceb000 5100f
    GLThread 445-6412  [004] ....  4785.953756: do_swap_page: prefetch fault 6355 "GLThread 445" 7e9ecf0000 51011
    GLThread 445-6412  [004] ...1  4785.955428: do_swap_page: prefetch miss 6355 "GLThread 445" 7e9ecf0000 51011
    GLThread 445-6412  [004] ....  4785.955453: do_swap_page: prefetch fault 6355 "GLThread 445" 7e9ecec000 51013
    GLThread 445-6412  [004] ...1  4785.957790: do_swap_page: prefetch miss 6355 "GLThread 445" 7e9ecec000 51013
    GLThread 445-6412  [004] ....  4785.957815: do_swap_page: prefetch fault 6355 "GLThread 445" 7e9ecf2000 51015
    GLThread 445-6412  [004] ...1  4785.960317: do_swap_page: prefetch miss 6355 "GLThread 445" 7e9ecf2000 51015
    GLThread 445-6412  [004] ....  4785.960347: do_swap_page: prefetch fault 6355 "GLThread 445" 7e9ecfa000 51017
    GLThread 445-6412  [004] ...1  4785.962668: do_swap_page: prefetch miss 6355 "GLThread 445" 7e9ecfa000 51017
    GLThread 445-6412  [004] ....  4785.962697: do_swap_page: prefetch fault 6355 "GLThread 445" 7e9ecfc000 51019
    GLThread 445-6412  [004] ...1  4785.964535: do_swap_page: prefetch miss 6355 "GLThread 445" 7e9ecfc000 51019
    GLThread 445-6412  [004] ....  4785.964560: do_swap_page: prefetch fault 6355 "GLThread 445" 7e9eced000 5101b
    GLThread 445-6412  [004] ...1  4785.966206: do_swap_page: prefetch miss 6355 "GLThread 445" 7e9eced000 5101b
    GLThread 445-6412  [004] ....  4785.966235: do_swap_page: prefetch fault 6355 "GLThread 445" 7e9ed04000 5101d
    GLThread 445-6412  [004] ...1  4785.968237: do_swap_page: prefetch miss 6355 "GLThread 445" 7e9ed04000 5101d
    GLThread 445-6412  [004] ....  4785.968263: do_swap_page: prefetch fault 6355 "GLThread 445" 7e9ed06000 5101f
    GLThread 445-6412  [004] ...1  4785.969979: do_swap_page: prefetch miss 6355 "GLThread 445" 7e9ed06000 5101f
    GLThread 445-6412  [004] ....  4785.970006: do_swap_page: prefetch fault 6355 "GLThread 445" 7e9ed07000 4900f
    GLThread 445-6412  [004] ...1  4785.971761: do_swap_page: prefetch miss 6355 "GLThread 445" 7e9ed07000 4900f
    GLThread 445-6412  [004] ....  4785.971787: do_swap_page: prefetch fault 6355 "GLThread 445" 7e9ed10000 49010
    GLThread 445-6412  [004] ...1  4785.973725: do_swap_page: prefetch miss 6355 "GLThread 445" 7e9ed10000 49010
    GLThread 445-6412  [004] ....  4785.973751: do_swap_page: prefetch fault 6355 "GLThread 445" 7e9ecee000 49012
    GLThread 445-6412  [004] ...1  4785.976295: do_swap_page: prefetch miss 6355 "GLThread 445" 7e9ecee000 49012
    GLThread 445-6412  [004] ....  4785.976321: do_swap_page: prefetch fault 6355 "GLThread 445" 7e9ecef000 45093
    GLThread 445-6412  [004] ...1  4785.978200: do_swap_page: prefetch miss 6355 "GLThread 445" 7e9ecef000 45093
    GLThread 445-6412  [004] ....  4785.978231: do_swap_page: prefetch fault 6355 "GLThread 445" 7e9ed12000 45095
    GLThread 445-6412  [004] ...1  4785.980049: do_swap_page: prefetch miss 6355 "GLThread 445" 7e9ed12000 45095
    GLThread 445-6412  [004] ....  4785.980077: do_swap_page: prefetch fault 6355 "GLThread 445" 7e9ed26000 49014
    GLThread 445-6412  [004] ...1  4785.982001: do_swap_page: prefetch miss 6355 "GLThread 445" 7e9ed26000 49014
    GLThread 445-6412  [004] ....  4785.982026: do_swap_page: prefetch fault 6355 "GLThread 445" 7e9ed28000 49015
    GLThread 445-6412  [004] ...1  4785.984510: do_swap_page: prefetch miss 6355 "GLThread 445" 7e9ed28000 49015
    GLThread 445-6412  [004] ....  4785.984536: do_swap_page: prefetch fault 6355 "GLThread 445" 7e9ed2e000 49017
    GLThread 445-6412  [004] ...1  4785.986280: do_swap_page: prefetch miss 6355 "GLThread 445" 7e9ed2e000 49017
    GLThread 445-6412  [004] ....  4785.986306: do_swap_page: prefetch fault 6355 "GLThread 445" 7e9ed33000 4d017
    GLThread 445-6412  [004] ...1  4785.988004: do_swap_page: prefetch miss 6355 "GLThread 445" 7e9ed33000 4d017
    GLThread 445-6412  [004] ....  4785.988030: do_swap_page: prefetch fault 6355 "GLThread 445" 7e9ed30000 4d01a
    GLThread 445-6412  [004] ...1  4785.989890: do_swap_page: prefetch miss 6355 "GLThread 445" 7e9ed30000 4d01a
    GLThread 445-6412  [004] ....  4785.989928: do_swap_page: prefetch fault 6355 "GLThread 445" 7e9ed31000 51027
    GLThread 445-6412  [004] ...1  4785.991572: do_swap_page: prefetch miss 6355 "GLThread 445" 7e9ed31000 51027
    GLThread 445-6412  [004] ....  4785.991600: do_swap_page: prefetch fault 6355 "GLThread 445" 7e9ed3d000 5102b
    GLThread 445-6412  [004] ...1  4785.993339: do_swap_page: prefetch miss 6355 "GLThread 445" 7e9ed3d000 5102b
    GLThread 445-6412  [004] ....  4785.993364: do_swap_page: prefetch fault 6355 "GLThread 445" 7e9ed35000 5102c
    GLThread 445-6412  [004] ...1  4785.995273: do_swap_page: prefetch miss 6355 "GLThread 445" 7e9ed35000 5102c
    GLThread 445-6412  [004] ....  4785.995297: do_swap_page: prefetch fault 6355 "GLThread 445" 7e9ed3f000 5102d
    GLThread 445-6412  [004] ...1  4785.997766: do_swap_page: prefetch miss 6355 "GLThread 445" 7e9ed3f000 5102d
    GLThread 445-6412  [004] ....  4785.997797: do_swap_page: prefetch fault 6355 "GLThread 445" 7e9ed54000 4d01b
    GLThread 445-6412  [007] ...1  4785.999668: do_swap_page: prefetch miss 6355 "GLThread 445" 7e9ed54000 4d01b
    GLThread 445-6412  [007] ....  4785.999710: do_swap_page: prefetch fault 6355 "GLThread 445" 7e9ed56000 5102e
    GLThread 445-6412  [007] ...1  4786.001645: do_swap_page: prefetch miss 6355 "GLThread 445" 7e9ed56000 5102e
    GLThread 445-6412  [007] ....  4786.001666: do_swap_page: prefetch fault 6355 "GLThread 445" 7e9ed63000 5102f
    GLThread 445-6412  [007] ...1  4786.003275: do_swap_page: prefetch miss 6355 "GLThread 445" 7e9ed63000 5102f
    GLThread 445-6412  [007] ....  4786.003295: do_swap_page: prefetch fault 6355 "GLThread 445" 7e9ed36000 51030
    GLThread 445-6412  [007] ...1  4786.004974: do_swap_page: prefetch miss 6355 "GLThread 445" 7e9ed36000 51030
    GLThread 445-6412  [007] ....  4786.004992: do_swap_page: prefetch fault 6355 "GLThread 445" 7e9ed65000 51031
    GLThread 445-6412  [007] ...1  4786.006696: do_swap_page: prefetch miss 6355 "GLThread 445" 7e9ed65000 51031
    GLThread 445-6412  [007] ....  4786.006716: do_swap_page: prefetch fault 6355 "GLThread 445" 7e9ed66000 51032
    GLThread 445-6412  [007] ...1  4786.008615: do_swap_page: prefetch miss 6355 "GLThread 445" 7e9ed66000 51032
    GLThread 445-6412  [007] ....  4786.008640: do_swap_page: prefetch fault 6355 "GLThread 445" 7e9ed68000 51033
    GLThread 445-6412  [007] ...1  4786.010251: do_swap_page: prefetch miss 6355 "GLThread 445" 7e9ed68000 51033
    GLThread 445-6412  [007] ....  4786.010270: do_swap_page: prefetch fault 6355 "GLThread 445" 7e9ed87000 51034
    GLThread 445-6412  [007] ...1  4786.012723: do_swap_page: prefetch miss 6355 "GLThread 445" 7e9ed87000 51034
    GLThread 445-6412  [007] ....  4786.012744: do_swap_page: prefetch fault 6355 "GLThread 445" 7e9eb0e000 11090
    GLThread 445-6412  [007] ...1  4786.016665: do_swap_page: prefetch miss 6355 "GLThread 445" 7e9eb0e000 11090
    GLThread 445-6412  [007] ....  4786.016683: do_swap_page: prefetch fault 6355 "GLThread 445" 7e9eda8000 51035
    GLThread 445-6412  [007] ...1  4786.018510: do_swap_page: prefetch miss 6355 "GLThread 445" 7e9eda8000 51035
    GLThread 445-6412  [007] ....  4786.018530: do_swap_page: prefetch fault 6355 "GLThread 445" 7e9eb0d000 11091
    GLThread 445-6412  [007] ...1  4786.020129: do_swap_page: prefetch miss 6355 "GLThread 445" 7e9eb0d000 11091
    GLThread 445-6412  [007] ....  4786.020148: do_swap_page: prefetch fault 6355 "GLThread 445" 7e9edaa000 51036
    GLThread 445-6412  [007] ...1  4786.022053: do_swap_page: prefetch miss 6355 "GLThread 445" 7e9edaa000 51036
    GLThread 445-6412  [007] ....  4786.022072: do_swap_page: prefetch fault 6355 "GLThread 445" 7e9edab000 51037
    GLThread 445-6412  [007] ...1  4786.023782: do_swap_page: prefetch miss 6355 "GLThread 445" 7e9edab000 51037
    GLThread 445-6412  [007] ....  4786.023807: do_swap_page: prefetch fault 6355 "GLThread 445" 7e9edad000 51038
    GLThread 445-6412  [007] ...1  4786.025578: do_swap_page: prefetch miss 6355 "GLThread 445" 7e9edad000 51038
    GLThread 445-6412  [007] ....  4786.025598: do_swap_page: prefetch fault 6355 "GLThread 445" 7e9edaf000 51039
    GLThread 445-6412  [007] ...1  4786.027284: do_swap_page: prefetch miss 6355 "GLThread 445" 7e9edaf000 51039
    GLThread 445-6412  [007] ....  4786.027303: do_swap_page: prefetch fault 6355 "GLThread 445" 7e9edba000 4d01c
    GLThread 445-6412  [007] ...1  4786.028918: do_swap_page: prefetch miss 6355 "GLThread 445" 7e9edba000 4d01c
    GLThread 445-6412  [007] ....  4786.028935: do_swap_page: prefetch fault 6355 "GLThread 445" 7e9edbf000 4d01d
    GLThread 445-6412  [007] ...1  4786.030734: do_swap_page: prefetch miss 6355 "GLThread 445" 7e9edbf000 4d01d
    GLThread 445-6412  [007] ....  4786.030769: do_swap_page: prefetch fault 6355 "GLThread 445" 7e9edc1000 4d01e
    GLThread 445-6412  [007] ...1  4786.033215: do_swap_page: prefetch miss 6355 "GLThread 445" 7e9edc1000 4d01e
    GLThread 445-6412  [007] ....  4786.033235: do_swap_page: prefetch fault 6355 "GLThread 445" 7e9edc2000 4d01f
    GLThread 445-6412  [007] ...1  4786.034905: do_swap_page: prefetch miss 6355 "GLThread 445" 7e9edc2000 4d01f
    GLThread 445-6412  [007] ....  4786.034937: do_swap_page: prefetch fault 6355 "GLThread 445" 7e9edc9000 4d020
    GLThread 445-6412  [007] ...1  4786.036939: do_swap_page: prefetch miss 6355 "GLThread 445" 7e9edc9000 4d020
    GLThread 445-6412  [007] ....  4786.036960: do_swap_page: prefetch fault 6355 "GLThread 445" 7e9edbb000 4d021
    GLThread 445-6412  [007] ...1  4786.038860: do_swap_page: prefetch miss 6355 "GLThread 445" 7e9edbb000 4d021
    GLThread 445-6412  [007] ....  4786.038877: do_swap_page: prefetch fault 6355 "GLThread 445" 7e9edcb000 4d022
    GLThread 445-6412  [007] ...1  4786.040577: do_swap_page: prefetch miss 6355 "GLThread 445" 7e9edcb000 4d022
    GLThread 445-6412  [007] ....  4786.040608: do_swap_page: prefetch fault 6355 "GLThread 445" 7eaf281000 1109b
    GLThread 445-6412  [007] ...1  4786.042443: do_swap_page: prefetch miss 6355 "GLThread 445" 7eaf281000 1109b
    GLThread 445-6412  [007] ....  4786.042462: do_swap_page: prefetch fault 6355 "GLThread 445" 7e9eee1000 4d023
    GLThread 445-6412  [007] ...1  4786.044202: do_swap_page: prefetch miss 6355 "GLThread 445" 7e9eee1000 4d023
    GLThread 445-6412  [007] ....  4786.044220: do_swap_page: prefetch fault 6355 "GLThread 445" 7eaf451000 1109d
    GLThread 445-6412  [007] ...1  4786.046075: do_swap_page: prefetch miss 6355 "GLThread 445" 7eaf451000 1109d
    GLThread 445-6412  [007] ....  4786.046098: do_swap_page: prefetch fault 6355 "GLThread 445" 7eaf280000 1109e
    GLThread 445-6412  [007] ...1  4786.048141: do_swap_page: prefetch miss 6355 "GLThread 445" 7eaf280000 1109e
    GLThread 445-6412  [007] ....  4786.048158: do_swap_page: prefetch fault 6355 "GLThread 445" 7e9eee3000 4d024
    GLThread 445-6412  [007] ...1  4786.050048: do_swap_page: prefetch miss 6355 "GLThread 445" 7e9eee3000 4d024
    GLThread 445-6412  [007] ....  4786.050067: do_swap_page: prefetch fault 6355 "GLThread 445" 7e9eee4000 4d025
    GLThread 445-6412  [007] ...1  4786.053435: do_swap_page: prefetch miss 6355 "GLThread 445" 7e9eee4000 4d025
    GLThread 445-6412  [007] ....  4786.053474: do_swap_page: prefetch fault 6355 "GLThread 445" 7eaf3a8000 10c2
    GLThread 445-6412  [007] ...1  4786.055152: do_swap_page: prefetch miss 6355 "GLThread 445" 7eaf3a8000 10c2
    GLThread 445-6412  [007] ....  4786.055174: do_swap_page: prefetch fault 6355 "GLThread 445" 7eaf458000 110a1
    GLThread 445-6412  [007] ...1  4786.056913: do_swap_page: prefetch miss 6355 "GLThread 445" 7eaf458000 110a1
    GLThread 445-6412  [007] ....  4786.056931: do_swap_page: prefetch fault 6355 "GLThread 445" 7e9eee6000 45096
    GLThread 445-6412  [007] ...1  4786.059286: do_swap_page: prefetch miss 6355 "GLThread 445" 7e9eee6000 45096
    GLThread 445-6412  [007] ....  4786.059309: do_swap_page: prefetch fault 6355 "GLThread 445" 7e9eee8000 45097
    GLThread 445-6412  [007] ...1  4786.061277: do_swap_page: prefetch miss 6355 "GLThread 445" 7e9eee8000 45097
    GLThread 445-6412  [007] ....  4786.061299: do_swap_page: prefetch fault 6355 "GLThread 445" 7e9ef72000 45098
    GLThread 445-6412  [007] ...1  4786.063164: do_swap_page: prefetch miss 6355 "GLThread 445" 7e9ef72000 45098
    GLThread 445-6412  [007] ....  4786.063185: do_swap_page: prefetch fault 6355 "GLThread 445" 7e9b6e2000 4d026
    GLThread 445-6412  [007] ...1  4786.064893: do_swap_page: prefetch miss 6355 "GLThread 445" 7e9b6e2000 4d026
    GLThread 445-6412  [007] ....  4786.064911: do_swap_page: prefetch fault 6355 "GLThread 445" 7eaf382000 10c6
    GLThread 445-6412  [007] ...1  4786.067041: do_swap_page: prefetch miss 6355 "GLThread 445" 7eaf382000 10c6
    GLThread 445-6412  [007] ....  4786.067060: do_swap_page: prefetch fault 6355 "GLThread 445" 7e9b531000 4901f
    GLThread 445-6412  [007] ...1  4786.068903: do_swap_page: prefetch miss 6355 "GLThread 445" 7e9b531000 4901f
    GLThread 445-6412  [007] ....  4786.068922: do_swap_page: prefetch fault 6355 "GLThread 445" 7eaf402000 10c8
    GLThread 445-6412  [007] ...1  4786.070925: do_swap_page: prefetch miss 6355 "GLThread 445" 7eaf402000 10c8
    GLThread 445-6412  [007] ....  4786.070942: do_swap_page: prefetch fault 6355 "GLThread 445" 7e9b533000 49020
    GLThread 445-6412  [007] ...1  4786.072566: do_swap_page: prefetch miss 6355 "GLThread 445" 7e9b533000 49020
    GLThread 445-6412  [007] ....  4786.072585: do_swap_page: prefetch fault 6355 "GLThread 445" 7e9b6e3000 45099
    GLThread 445-6412  [007] ...1  4786.074588: do_swap_page: prefetch miss 6355 "GLThread 445" 7e9b6e3000 45099
    GLThread 445-6412  [007] ....  4786.074608: do_swap_page: prefetch fault 6355 "GLThread 445" 7e9b5fd000 4509a
    GLThread 445-6412  [007] ...1  4786.076353: do_swap_page: prefetch miss 6355 "GLThread 445" 7e9b5fd000 4509a
    GLThread 445-6412  [007] ....  4786.076372: do_swap_page: prefetch fault 6355 "GLThread 445" 7e9b5ff000 4509b
    GLThread 445-6412  [007] ...1  4786.078019: do_swap_page: prefetch miss 6355 "GLThread 445" 7e9b5ff000 4509b
    GLThread 445-6412  [007] ....  4786.078037: do_swap_page: prefetch fault 6355 "GLThread 445" 7e9b6e4000 4509c
    GLThread 445-6412  [007] ...1  4786.080172: do_swap_page: prefetch miss 6355 "GLThread 445" 7e9b6e4000 4509c
    GLThread 445-6412  [007] ....  4786.080190: do_swap_page: prefetch fault 6355 "GLThread 445" 7e9b5ac000 4509d
    GLThread 445-6412  [007] ...1  4786.082040: do_swap_page: prefetch miss 6355 "GLThread 445" 7e9b5ac000 4509d
    GLThread 445-6412  [007] ....  4786.082058: do_swap_page: prefetch fault 6355 "GLThread 445" 7eaf419000 10cf
    GLThread 445-6412  [007] ...1  4786.083702: do_swap_page: prefetch miss 6355 "GLThread 445" 7eaf419000 10cf
    GLThread 445-6412  [007] ....  4786.083724: do_swap_page: prefetch fault 6355 "GLThread 445" 7e9b602000 4509e
    GLThread 445-6412  [007] ...1  4786.085392: do_swap_page: prefetch miss 6355 "GLThread 445" 7e9b602000 4509e
    GLThread 445-6412  [007] ....  4786.085410: do_swap_page: prefetch fault 6355 "GLThread 445" 7e9b6b0000 10d2
    GLThread 445-6412  [007] ...1  4786.087216: do_swap_page: prefetch miss 6355 "GLThread 445" 7e9b6b0000 10d2
    GLThread 445-6412  [007] ....  4786.087233: do_swap_page: prefetch fault 6355 "GLThread 445" 7e9b5ad000 49021
    GLThread 445-6412  [007] ...1  4786.089387: do_swap_page: prefetch miss 6355 "GLThread 445" 7e9b5ad000 49021
    GLThread 445-6412  [007] ....  4786.089406: do_swap_page: prefetch fault 6355 "GLThread 445" 7eaf410000 110a3
    GLThread 445-6412  [007] ...1  4786.091925: do_swap_page: prefetch miss 6355 "GLThread 445" 7eaf410000 110a3
    GLThread 445-6412  [007] ....  4786.091941: do_swap_page: prefetch fault 6355 "GLThread 445" 7e9b604000 49022
    GLThread 445-6412  [007] ...1  4786.093706: do_swap_page: prefetch miss 6355 "GLThread 445" 7e9b604000 49022
    GLThread 445-6412  [007] ....  4786.093725: do_swap_page: prefetch fault 6355 "GLThread 445" 7e9b7ae000 49023
    GLThread 445-6412  [007] ...1  4786.095383: do_swap_page: prefetch miss 6355 "GLThread 445" 7e9b7ae000 49023
    GLThread 445-6412  [007] ....  4786.095401: do_swap_page: prefetch fault 6355 "GLThread 445" 7eaf3bd000 10d4
    GLThread 445-6412  [007] ...1  4786.097289: do_swap_page: prefetch miss 6355 "GLThread 445" 7eaf3bd000 10d4
    GLThread 445-6412  [007] ....  4786.097306: do_swap_page: prefetch fault 6355 "GLThread 445" 7e9b607000 49024
    GLThread 445-6412  [007] ...1  4786.099021: do_swap_page: prefetch miss 6355 "GLThread 445" 7e9b607000 49024
    GLThread 445-6412  [007] ....  4786.099040: do_swap_page: prefetch fault 6355 "GLThread 445" 7e9b7af000 49025
    GLThread 445-6412  [007] ...1  4786.100701: do_swap_page: prefetch miss 6355 "GLThread 445" 7e9b7af000 49025
    GLThread 445-6412  [007] ....  4786.100724: do_swap_page: prefetch fault 6355 "GLThread 445" 7e9b609000 49026
    GLThread 445-6412  [007] ...1  4786.102512: do_swap_page: prefetch miss 6355 "GLThread 445" 7e9b609000 49026
    GLThread 445-6412  [007] ....  4786.102530: do_swap_page: prefetch fault 6355 "GLThread 445" 7e9b72b000 49027
    GLThread 445-6412  [007] ...1  4786.104568: do_swap_page: prefetch miss 6355 "GLThread 445" 7e9b72b000 49027
    GLThread 445-6412  [007] ....  4786.104586: do_swap_page: prefetch fault 6355 "GLThread 445" 7e9b712000 4d027
    GLThread 445-6412  [007] ...1  4786.106308: do_swap_page: prefetch miss 6355 "GLThread 445" 7e9b712000 4d027
    GLThread 445-6412  [007] ....  4786.106326: do_swap_page: prefetch fault 6355 "GLThread 445" 7e9b72c000 4d028
    GLThread 445-6412  [007] ...1  4786.108364: do_swap_page: prefetch miss 6355 "GLThread 445" 7e9b72c000 4d028
    GLThread 445-6412  [007] ....  4786.108381: do_swap_page: prefetch fault 6355 "GLThread 445" 7e9b714000 4d029
    GLThread 445-6412  [007] ...1  4786.110272: do_swap_page: prefetch miss 6355 "GLThread 445" 7e9b714000 4d029
    GLThread 445-6412  [007] ....  4786.110294: do_swap_page: prefetch fault 6355 "GLThread 445" 7e9b780000 4d02a
    GLThread 445-6412  [007] ...1  4786.111809: do_swap_page: prefetch miss 6355 "GLThread 445" 7e9b780000 4d02a
    GLThread 445-6412  [007] ....  4786.111827: do_swap_page: prefetch fault 6355 "GLThread 445" 7e9b717000 4d02b
    GLThread 445-6412  [007] ...1  4786.113829: do_swap_page: prefetch miss 6355 "GLThread 445" 7e9b717000 4d02b
    GLThread 445-6412  [007] ....  4786.113847: do_swap_page: prefetch fault 6355 "GLThread 445" 7e9b958000 4d02c
    GLThread 445-6412  [007] ...1  4786.115408: do_swap_page: prefetch miss 6355 "GLThread 445" 7e9b958000 4d02c
    GLThread 445-6412  [007] ....  4786.115425: do_swap_page: prefetch fault 6355 "GLThread 445" 7e9ec16000 4d02e
    GLThread 445-6412  [007] ...1  4786.118479: do_swap_page: prefetch miss 6355 "GLThread 445" 7e9ec16000 4d02e
    GLThread 445-6412  [007] ....  4786.118499: do_swap_page: prefetch fault 6355 "GLThread 445" 7e9b6b1000 d0ff
    GLThread 445-6412  [007] ...1  4786.120452: do_swap_page: prefetch miss 6355 "GLThread 445" 7e9b6b1000 d0ff
    GLThread 445-6412  [007] ....  4786.120476: do_swap_page: prefetch fault 6355 "GLThread 445" 7e9b860000 4d02d
    GLThread 445-6412  [007] ...1  4786.122214: do_swap_page: prefetch miss 6355 "GLThread 445" 7e9b860000 4d02d
    GLThread 445-6412  [007] ....  4786.122250: do_swap_page: prefetch fault 6355 "GLThread 445" 7e9b719000 4d02f
    GLThread 445-6412  [007] ...1  4786.124217: do_swap_page: prefetch miss 6355 "GLThread 445" 7e9b719000 4d02f
    GLThread 445-6412  [007] ....  4786.124237: do_swap_page: prefetch fault 6355 "GLThread 445" 7e9b861000 4d030
    GLThread 445-6412  [007] ...1  4786.125925: do_swap_page: prefetch miss 6355 "GLThread 445" 7e9b861000 4d030
    GLThread 445-6412  [007] ....  4786.125942: do_swap_page: prefetch fault 6355 "GLThread 445" 7e9b71c000 4d031
    GLThread 445-6412  [007] ...1  4786.128272: do_swap_page: prefetch miss 6355 "GLThread 445" 7e9b71c000 4d031
    GLThread 445-6412  [007] ....  4786.128293: do_swap_page: prefetch fault 6355 "GLThread 445" 7e9b71e000 4d033
    GLThread 445-6412  [007] ...1  4786.130186: do_swap_page: prefetch miss 6355 "GLThread 445" 7e9b71e000 4d033
    GLThread 445-6412  [007] ....  4786.130324: do_swap_page: prefetch fault 6355 "GLThread 445" 7eaf3a9000 2d003
    GLThread 445-6412  [007] ...1  4786.132274: do_swap_page: prefetch miss 6355 "GLThread 445" 7eaf3a9000 2d003
    GLThread 445-6412  [007] ....  4786.132326: do_swap_page: prefetch fault 6355 "GLThread 445" 7e9ece8000 1d00b
    GLThread 445-6412  [007] ...1  4786.134468: do_swap_page: prefetch miss 6355 "GLThread 445" 7e9ece8000 1d00b
    GLThread 445-6412  [007] ....  4786.134486: do_swap_page: prefetch fault 6355 "GLThread 445" 7e9ec15000 1d00c
    GLThread 445-6412  [007] ...1  4786.136357: do_swap_page: prefetch miss 6355 "GLThread 445" 7e9ec15000 1d00c
    GLThread 445-6412  [007] ....  4786.136376: do_swap_page: prefetch fault 6355 "GLThread 445" 7e9eb38000 1d00d
    GLThread 445-6412  [007] ...1  4786.138920: do_swap_page: prefetch miss 6355 "GLThread 445" 7e9eb38000 1d00d
    GLThread 445-6412  [007] ....  4786.138951: do_swap_page: prefetch fault 6355 "GLThread 445" 7e9eb8e000 4d037
    GLThread 445-6412  [007] ...1  4786.140925: do_swap_page: prefetch miss 6355 "GLThread 445" 7e9eb8e000 4d037
    GLThread 445-6412  [007] ....  4786.140945: do_swap_page: prefetch fault 6355 "GLThread 445" 7e9eb95000 4d038
    GLThread 445-6412  [007] ...1  4786.142546: do_swap_page: prefetch miss 6355 "GLThread 445" 7e9eb95000 4d038
    GLThread 445-6412  [007] ....  4786.142564: do_swap_page: prefetch fault 6355 "GLThread 445" 7eaf5ea000 4d039
    GLThread 445-6412  [007] ...1  4786.144782: do_swap_page: prefetch miss 6355 "GLThread 445" 7eaf5ea000 4d039
    GLThread 445-6412  [007] ....  4786.144810: do_swap_page: prefetch fault 6355 "GLThread 445" 7eb028a000 4d03a
    GLThread 445-6412  [007] ...1  4786.146786: do_swap_page: prefetch miss 6355 "GLThread 445" 7eb028a000 4d03a
    GLThread 445-6412  [007] ....  4786.146804: do_swap_page: prefetch fault 6355 "GLThread 445" 7e9eb96000 4d03b
    GLThread 445-6412  [007] ...1  4786.148851: do_swap_page: prefetch miss 6355 "GLThread 445" 7e9eb96000 4d03b
    GLThread 445-6412  [007] ....  4786.148868: do_swap_page: prefetch fault 6355 "GLThread 445" 7eaf5eb000 4509f
    GLThread 445-6412  [007] ...1  4786.150720: do_swap_page: prefetch miss 6355 "GLThread 445" 7eaf5eb000 4509f
    GLThread 445-6412  [007] ....  4786.150741: do_swap_page: prefetch fault 6355 "GLThread 445" 7eb028b000 450a0
    GLThread 445-6412  [007] ...1  4786.152576: do_swap_page: prefetch miss 6355 "GLThread 445" 7eb028b000 450a0
    GLThread 445-6412  [007] ....  4786.152593: do_swap_page: prefetch fault 6355 "GLThread 445" 7e9eb97000 450a1
    GLThread 445-6412  [007] ...1  4786.157517: do_swap_page: prefetch miss 6355 "GLThread 445" 7e9eb97000 450a1
    GLThread 445-6412  [007] ....  4786.157535: do_swap_page: prefetch fault 6355 "GLThread 445" 7eaf5ec000 450a2
    GLThread 445-6412  [007] ...1  4786.159363: do_swap_page: prefetch miss 6355 "GLThread 445" 7eaf5ec000 450a2
    GLThread 445-6412  [007] ....  4786.159383: do_swap_page: prefetch fault 6355 "GLThread 445" 7eb028d000 450a4
    GLThread 445-6412  [007] ...1  4786.160892: do_swap_page: prefetch miss 6355 "GLThread 445" 7eb028d000 450a4
    GLThread 445-6412  [007] ....  4786.160914: do_swap_page: prefetch fault 6355 "GLThread 445" 7e9eb98000 450a5
    GLThread 445-6412  [007] ...1  4786.162708: do_swap_page: prefetch miss 6355 "GLThread 445" 7e9eb98000 450a5
    GLThread 445-6412  [007] ....  4786.162726: do_swap_page: prefetch fault 6355 "GLThread 445" 7e9ea8a000 1d01a
    GLThread 445-6412  [007] ...1  4786.164467: do_swap_page: prefetch miss 6355 "GLThread 445" 7e9ea8a000 1d01a
    GLThread 445-6412  [007] ....  4786.164484: do_swap_page: prefetch fault 6355 "GLThread 445" 7eaf638000 450a6
