    GLThread 445-6412  [007] ...1  4000.551672: do_swap_page: prefetch miss 6355 "GLThread 445" 7eaf3cb000 d0dd
    GLThread 445-6412  [007] ....  4000.551727: do_swap_page: prefetch fault 6355 "GLThread 445" 9f132000 d0de
    GLThread 445-6412  [007] ...1  4000.553700: do_swap_page: prefetch miss 6355 "GLThread 445" 9f132000 d0de
    GLThread 445-6412  [007] ....  4000.553728: do_swap_page: prefetch fault 6355 "GLThread 445" 9f123000 d0df
    GLThread 445-6412  [007] ...1  4000.556079: do_swap_page: prefetch miss 6355 "GLThread 445" 9f123000 d0df
    GLThread 445-6412  [007] ....  4000.556112: do_swap_page: prefetch fault 6355 "GLThread 445" 7e9eae3000 d0e0
    GLThread 445-6412  [007] ...1  4000.558829: do_swap_page: prefetch miss 6355 "GLThread 445" 7e9eae3000 d0e0
    GLThread 445-6412  [007] ....  4000.558862: do_swap_page: prefetch fault 6355 "GLThread 445" 7eb053e000 2d0b4
    GLThread 445-6412  [007] ...1  4000.560841: do_swap_page: prefetch miss 6355 "GLThread 445" 7eb053e000 2d0b4
    GLThread 445-6412  [007] ....  4000.560923: do_swap_page: prefetch fault 6355 "GLThread 445" 7eaf625000 d0e2
    GLThread 445-6412  [007] ...1  4000.563235: do_swap_page: prefetch miss 6355 "GLThread 445" 7eaf625000 d0e2
    GLThread 445-6412  [007] ....  4000.563258: do_swap_page: prefetch fault 6355 "GLThread 445" 7eaf36f000 d0e3
    GLThread 445-6412  [007] ...1  4000.565361: do_swap_page: prefetch miss 6355 "GLThread 445" 7eaf36f000 d0e3
    GLThread 445-6412  [007] ....  4000.565379: do_swap_page: prefetch fault 6355 "GLThread 445" 7eaf1c4000 d0e4
    GLThread 445-6412  [007] ...1  4000.569362: do_swap_page: prefetch miss 6355 "GLThread 445" 7eaf1c4000 d0e4
    GLThread 445-6412  [007] ....  4000.569390: do_swap_page: prefetch fault 6355 "GLThread 445" 7eac2bb000 2d0b5
    GLThread 445-6412  [007] ...1  4000.571377: do_swap_page: prefetch miss 6355 "GLThread 445" 7eac2bb000 2d0b5
    GLThread 445-6412  [007] ....  4000.571409: do_swap_page: prefetch fault 6355 "GLThread 445" 7eafe79000 2d0b6
    GLThread 445-6412  [007] ...1  4000.573313: do_swap_page: prefetch miss 6355 "GLThread 445" 7eafe79000 2d0b6
    GLThread 445-6412  [007] ....  4000.573343: do_swap_page: prefetch fault 6355 "GLThread 445" 7e9f100000 2d0b7
    GLThread 445-6412  [007] ...1  4000.575306: do_swap_page: prefetch miss 6355 "GLThread 445" 7e9f100000 2d0b7
    GLThread 445-6412  [007] ....  4000.575325: do_swap_page: prefetch fault 6355 "GLThread 445" 7e9b321000 d0e9
    GLThread 445-6412  [007] ...1  4000.577741: do_swap_page: prefetch miss 6355 "GLThread 445" 7e9b321000 d0e9
    GLThread 445-6412  [007] ....  4000.577760: do_swap_page: prefetch fault 6355 "GLThread 445" 7e9f0e9000 2d0b8
    GLThread 445-6412  [007] ...1  4000.579741: do_swap_page: prefetch miss 6355 "GLThread 445" 7e9f0e9000 2d0b8
    GLThread 445-6412  [007] ....  4000.579768: do_swap_page: prefetch fault 6355 "GLThread 445" 7e9ee87000 2d0b9
    GLThread 445-6412  [007] ...1  4000.582719: do_swap_page: prefetch miss 6355 "GLThread 445" 7e9ee87000 2d0b9
    GLThread 445-6412  [007] ....  4000.582739: do_swap_page: prefetch fault 6355 "GLThread 445" 7e9b6ee000 1105e
    GLThread 445-6412  [007] ...1  4000.584817: do_swap_page: prefetch miss 6355 "GLThread 445" 7e9b6ee000 1105e
    GLThread 445-6412  [007] ....  4000.584839: do_swap_page: prefetch fault 6355 "GLThread 445" 7e9b6d1000 d0ea
    GLThread 445-6412  [007] ...1  4000.586957: do_swap_page: prefetch miss 6355 "GLThread 445" 7e9b6d1000 d0ea
    GLThread 445-6412  [007] ....  4000.586974: do_swap_page: prefetch fault 6355 "GLThread 445" 7e9b5a0000 d0eb
    GLThread 445-6412  [007] ...1  4000.588989: do_swap_page: prefetch miss 6355 "GLThread 445" 7e9b5a0000 d0eb
    GLThread 445-6412  [007] ....  4000.589010: do_swap_page: prefetch fault 6355 "GLThread 445" 7e9e981000 d0ec
    GLThread 445-6412  [007] ...1  4000.591078: do_swap_page: prefetch miss 6355 "GLThread 445" 7e9e981000 d0ec
    GLThread 445-6412  [007] ....  4000.591096: do_swap_page: prefetch fault 6355 "GLThread 445" 7eaf3f4000 d0ed
    GLThread 445-6412  [007] ...1  4000.595317: do_swap_page: prefetch miss 6355 "GLThread 445" 7eaf3f4000 d0ed
    GLThread 445-6412  [007] ....  4000.595334: do_swap_page: prefetch fault 6355 "GLThread 445" 7e9ea97000 d0ee
    GLThread 445-6412  [007] ...1  4000.597479: do_swap_page: prefetch miss 6355 "GLThread 445" 7e9ea97000 d0ee
    GLThread 445-6412  [007] ....  4000.597495: do_swap_page: prefetch fault 6355 "GLThread 445" 7e9e9a1000 2d0ba
    GLThread 445-6412  [007] ...1  4000.600858: do_swap_page: prefetch miss 6355 "GLThread 445" 7e9e9a1000 2d0ba
    GLThread 445-6412  [007] ....  4000.600877: do_swap_page: prefetch fault 6355 "GLThread 445" 7e9e9a0000 2d0bb
    GLThread 445-6412  [007] ...1  4000.602709: do_swap_page: prefetch miss 6355 "GLThread 445" 7e9e9a0000 2d0bb
    GLThread 445-6412  [007] ....  4000.602725: do_swap_page: prefetch fault 6355 "GLThread 445" 7e9ec1c000 2d0bc
    GLThread 445-6412  [007] ...1  4000.604713: do_swap_page: prefetch miss 6355 "GLThread 445" 7e9ec1c000 2d0bc
    GLThread 445-6412  [007] ....  4000.604732: do_swap_page: prefetch fault 6355 "GLThread 445" 7eaf380000 10b2
    GLThread 445-6412  [007] ...1  4000.606810: do_swap_page: prefetch miss 6355 "GLThread 445" 7eaf380000 10b2
    GLThread 445-6412  [007] ....  4000.606827: do_swap_page: prefetch fault 6355 "GLThread 445" 7e9e940000 10b3
    GLThread 445-6412  [007] ...1  4000.609083: do_swap_page: prefetch miss 6355 "GLThread 445" 7e9e940000 10b3
    GLThread 445-6412  [007] ....  4000.609099: do_swap_page: prefetch fault 6355 "GLThread 445" 7eaf54f000 10b4
    GLThread 445-6412  [007] ...1  4000.611259: do_swap_page: prefetch miss 6355 "GLThread 445" 7eaf54f000 10b4
    GLThread 445-6412  [007] ....  4000.611275: do_swap_page: prefetch fault 6355 "GLThread 445" 7e9e9a2000 10b5
    GLThread 445-6412  [007] ...1  4000.613288: do_swap_page: prefetch miss 6355 "GLThread 445" 7e9e9a2000 10b5
    GLThread 445-6412  [007] ....  4000.613304: do_swap_page: prefetch fault 6355 "GLThread 445" 7e9e946000 10b6
    GLThread 445-6412  [007] ...1  4000.615342: do_swap_page: prefetch miss 6355 "GLThread 445" 7e9e946000 10b6
    GLThread 445-6412  [007] ....  4000.615360: do_swap_page: prefetch fault 6355 "GLThread 445" 7e9ea96000 31038
    GLThread 445-6412  [007] ...1  4000.617533: do_swap_page: prefetch miss 6355 "GLThread 445" 7e9ea96000 31038
    GLThread 445-6412  [007] ....  4000.617548: do_swap_page: prefetch fault 6355 "GLThread 445" 7e9ea93000 31039
    GLThread 445-6412  [007] ...1  4000.619445: do_swap_page: prefetch miss 6355 "GLThread 445" 7e9ea93000 31039
    GLThread 445-6412  [007] ....  4000.619477: do_swap_page: prefetch fault 6355 "GLThread 445" 7eaf5cc000 10ba
    GLThread 445-6412  [007] ...1  4000.621810: do_swap_page: prefetch miss 6355 "GLThread 445" 7eaf5cc000 10ba
    GLThread 445-6412  [007] ....  4000.621828: do_swap_page: prefetch fault 6355 "GLThread 445" 7eaf3c6000 3103a
    GLThread 445-6412  [007] ...1  4000.623798: do_swap_page: prefetch miss 6355 "GLThread 445" 7eaf3c6000 3103a
    GLThread 445-6412  [007] ....  4000.623819: do_swap_page: prefetch fault 6355 "GLThread 445" 7e9ed9f000 10bc
    GLThread 445-6412  [007] ...1  4000.626033: do_swap_page: prefetch miss 6355 "GLThread 445" 7e9ed9f000 10bc
    GLThread 445-6412  [007] ....  4000.626055: do_swap_page: prefetch fault 6355 "GLThread 445" 7eaf914000 11060
    GLThread 445-6412  [007] ...1  4000.627922: do_swap_page: prefetch miss 6355 "GLThread 445" 7eaf914000 11060
    GLThread 445-6412  [007] ....  4000.627941: do_swap_page: prefetch fault 6355 "GLThread 445" 7eb0501000 11061
    GLThread 445-6412  [007] ...1  4000.630095: do_swap_page: prefetch miss 6355 "GLThread 445" 7eb0501000 11061
        Thread-8-6481  [007] ....  4000.630120: do_swap_page: prefetch fault 6355 "Thread-8" 7eac0be000 3103c
    GLThread 445-6412  [007] ....  4000.630207: do_swap_page: prefetch fault 6355 "GLThread 445" 7f28b0d000 3103d
        Thread-8-6481  [007] ...1  4000.634320: do_swap_page: prefetch miss 6355 "Thread-8" 7eac0be000 3103c
        Thread-8-6481  [007] ....  4000.634409: do_swap_page: prefetch fault 6355 "Thread-8" 7eac11a000 3103e
    GLThread 445-6412  [007] ...1  4000.634412: do_swap_page: prefetch miss 6355 "GLThread 445" 7f28b0d000 3103d
    GLThread 445-6412  [007] ....  4000.634434: do_swap_page: prefetch fault 6355 "GLThread 445" 7e9ef81000 3103f
        Thread-8-6481  [007] ...1  4000.636547: do_swap_page: prefetch miss 6355 "Thread-8" 7eac11a000 3103e
        Thread-8-6481  [007] ....  4000.636613: do_swap_page: prefetch fault 6355 "Thread-8" 7eac14b000 31040
    GLThread 445-6412  [007] ...1  4000.636707: do_swap_page: prefetch miss 6355 "GLThread 445" 7e9ef81000 3103f
    GLThread 445-6412  [007] ....  4000.636727: do_swap_page: prefetch fault 6355 "GLThread 445" 7e9b3a6000 31041
        Thread-8-6481  [007] ...1  4000.638935: do_swap_page: prefetch miss 6355 "Thread-8" 7eac14b000 31040
        Thread-8-6481  [007] ....  4000.638998: do_swap_page: prefetch fault 6355 "Thread-8" 7eafc6d000 31042
    GLThread 445-6412  [007] ...1  4000.639086: do_swap_page: prefetch miss 6355 "GLThread 445" 7e9b3a6000 31041
    GLThread 445-6412  [007] ....  4000.639106: do_swap_page: prefetch fault 6355 "GLThread 445" 7eafd2f000 31043
        Thread-8-6481  [007] ...1  4000.641236: do_swap_page: prefetch miss 6355 "Thread-8" 7eafc6d000 31042
        Thread-8-6481  [007] ....  4000.641362: do_swap_page: prefetch fault 6355 "Thread-8" 7e9bbb0000 31044
    GLThread 445-6412  [007] ...1  4000.641382: do_swap_page: prefetch miss 6355 "GLThread 445" 7eafd2f000 31043
    GLThread 445-6412  [007] ....  4000.641407: do_swap_page: prefetch fault 6355 "GLThread 445" 7eaf403000 31045
        Thread-8-6481  [007] ...1  4000.643414: do_swap_page: prefetch miss 6355 "Thread-8" 7e9bbb0000 31044
        Thread-8-6481  [007] ....  4000.643473: do_swap_page: prefetch fault 6355 "Thread-8" 9f0a0000 31046
    GLThread 445-6412  [007] ...1  4000.643476: do_swap_page: prefetch miss 6355 "GLThread 445" 7eaf403000 31045
    GLThread 445-6412  [007] ....  4000.643498: do_swap_page: prefetch fault 6355 "GLThread 445" 7e9ebed000 10be
        Thread-8-6481  [007] ...1  4000.645577: do_swap_page: prefetch miss 6355 "Thread-8" 9f0a0000 31046
        Thread-8-6481  [007] ....  4000.645626: do_swap_page: prefetch fault 6355 "Thread-8" 7eac867000 31048
    GLThread 445-6412  [007] ...1  4000.645720: do_swap_page: prefetch miss 6355 "GLThread 445" 7e9ebed000 10be
    GLThread 445-6412  [007] ....  4000.645744: do_swap_page: prefetch fault 6355 "GLThread 445" 7eafd30000 d0f1
        Thread-8-6481  [007] ...1  4000.647761: do_swap_page: prefetch miss 6355 "Thread-8" 7eac867000 31048
        Thread-8-6481  [007] ....  4000.647877: do_swap_page: prefetch fault 6355 "Thread-8" 9f0fe000 1d01c
    GLThread 445-6412  [007] ...1  4000.647907: do_swap_page: prefetch miss 6355 "GLThread 445" 7eafd30000 d0f1
    GLThread 445-6412  [007] ....  4000.647932: do_swap_page: prefetch fault 6355 "GLThread 445" 7eb07f3000 31049
        Thread-8-6481  [007] ...1  4000.650120: do_swap_page: prefetch miss 6355 "Thread-8" 9f0fe000 1d01c
    GLThread 445-6412  [006] ...1  4000.650333: do_swap_page: prefetch miss 6355 "GLThread 445" 7eb07f3000 31049
        Thread-8-6481  [006] ....  4000.650352: do_swap_page: prefetch fault 6355 "Thread-8" 7f28cdc000 3104a
    GLThread 445-6412  [006] ....  4000.650424: do_swap_page: prefetch fault 6355 "GLThread 445" 7e9b5a5000 11069
           <...>-21735 [007] ....  4000.650535: do_swap_page: prefetch fault 6355 "pool-11-thread-" 9f147000 10e6
        Thread-8-6481  [004] ...1  4000.652557: do_swap_page: prefetch miss 6355 "Thread-8" 7f28cdc000 3104a
    GLThread 445-6412  [006] ...1  4000.652721: do_swap_page: prefetch miss 6355 "GLThread 445" 7e9b5a5000 11069
    GLThread 445-6412  [006] ....  4000.652764: do_swap_page: prefetch fault 6355 "GLThread 445" 7fbe191000 1106a
           <...>-21735 [007] ...1  4000.652870: do_swap_page: prefetch miss 6355 "pool-11-thread-" 9f147000 10e6
           <...>-21736 [005] ....  4000.653908: do_swap_page: prefetch fault 790 "netd" 7fbcd1f000 2509a
    GLThread 445-6412  [006] ...1  4000.655541: do_swap_page: prefetch miss 6355 "GLThread 445" 7fbe191000 1106a
    GLThread 445-6412  [006] ....  4000.655577: do_swap_page: prefetch fault 6355 "GLThread 445" 7f28c9e000 1106b
           <...>-21736 [005] ...1  4000.656920: do_swap_page: prefetch miss 790 "netd" 7fbcd1f000 2509a
    GLThread 445-6412  [006] ...1  4000.658956: do_swap_page: prefetch miss 6355 "GLThread 445" 7f28c9e000 1106b
    GLThread 445-6412  [006] ....  4000.659028: do_swap_page: prefetch fault 6355 "GLThread 445" 7eafd58000 1106c
    GLThread 445-6412  [006] ...1  4000.660965: do_swap_page: prefetch miss 6355 "GLThread 445" 7eafd58000 1106c
    GLThread 445-6412  [006] ....  4000.660995: do_swap_page: prefetch fault 6355 "GLThread 445" 7eb053d000 1106d
    GLThread 445-6412  [006] ...1  4000.663417: do_swap_page: prefetch miss 6355 "GLThread 445" 7eb053d000 1106d
    GLThread 445-6412  [006] ....  4000.663462: do_swap_page: prefetch fault 6355 "GLThread 445" 7eb0527000 1106e
    GLThread 445-6412  [006] ...1  4000.666062: do_swap_page: prefetch miss 6355 "GLThread 445" 7eb0527000 1106e
    GLThread 445-6412  [006] ....  4000.666102: do_swap_page: prefetch fault 6355 "GLThread 445" 7eb03bd000 1106f
    GLThread 445-6412  [006] ...1  4000.668127: do_swap_page: prefetch miss 6355 "GLThread 445" 7eb03bd000 1106f
    GLThread 445-6412  [006] ....  4000.668171: do_swap_page: prefetch fault 6355 "GLThread 445" 7eb0476000 3104b
    GLThread 445-6412  [006] ...1  4000.670644: do_swap_page: prefetch miss 6355 "GLThread 445" 7eb0476000 3104b
    GLThread 445-6412  [006] ....  4000.670672: do_swap_page: prefetch fault 6355 "GLThread 445" 7eb0528000 11071
    GLThread 445-6412  [006] ...1  4000.673139: do_swap_page: prefetch miss 6355 "GLThread 445" 7eb0528000 11071
    GLThread 445-6412  [006] ....  4000.673168: do_swap_page: prefetch fault 6355 "GLThread 445" 7eb04df000 11072
    GLThread 445-6412  [006] ...1  4000.675187: do_swap_page: prefetch miss 6355 "GLThread 445" 7eb04df000 11072
    GLThread 445-6412  [006] ....  4000.675228: do_swap_page: prefetch fault 6355 "GLThread 445" 7eafd34000 3104c
    GLThread 445-6412  [006] ...1  4000.677136: do_swap_page: prefetch miss 6355 "GLThread 445" 7eafd34000 3104c
    GLThread 445-6412  [006] ....  4000.677181: do_swap_page: prefetch fault 6355 "GLThread 445" 7ed0b8c000 11074
    GLThread 445-6412  [006] ...1  4000.679380: do_swap_page: prefetch miss 6355 "GLThread 445" 7ed0b8c000 11074
    GLThread 445-6412  [006] ....  4000.679430: do_swap_page: prefetch fault 6355 "GLThread 445" 7eafd35000 3104d
    GLThread 445-6412  [006] ...1  4000.681280: do_swap_page: prefetch miss 6355 "GLThread 445" 7eafd35000 3104d
    GLThread 445-6412  [006] ....  4000.681328: do_swap_page: prefetch fault 6355 "GLThread 445" 7e9e961000 11076
    GLThread 445-6412  [006] ...1  4000.683396: do_swap_page: prefetch miss 6355 "GLThread 445" 7e9e961000 11076
    GLThread 445-6412  [006] ....  4000.683420: do_swap_page: prefetch fault 6355 "GLThread 445" 7eaf37f000 11077
    GLThread 445-6412  [006] ...1  4000.685370: do_swap_page: prefetch miss 6355 "GLThread 445" 7eaf37f000 11077
    GLThread 445-6412  [006] ....  4000.685393: do_swap_page: prefetch fault 6355 "GLThread 445" 7eaf3c8000 11078
    GLThread 445-6412  [006] ...1  4000.687451: do_swap_page: prefetch miss 6355 "GLThread 445" 7eaf3c8000 11078
    GLThread 445-6412  [006] ....  4000.687493: do_swap_page: prefetch fault 6355 "GLThread 445" 7e9ea72000 3104e
    GLThread 445-6412  [006] ...1  4000.689857: do_swap_page: prefetch miss 6355 "GLThread 445" 7e9ea72000 3104e
    GLThread 445-6412  [006] ....  4000.689898: do_swap_page: prefetch fault 6355 "GLThread 445" 7e9ea9c000 1107a
           <...>-6399  [002] ....  4000.690704: do_swap_page: prefetch fault 6355 "pool-7-thread-1" 73063000 290fd
    GLThread 445-6412  [006] ...1  4000.691980: do_swap_page: prefetch miss 6355 "GLThread 445" 7e9ea9c000 1107a
    GLThread 445-6412  [006] ....  4000.692013: do_swap_page: prefetch fault 6355 "GLThread 445" 7e9ec01000 3104f
           <...>-6399  [002] ...1  4000.692722: do_swap_page: prefetch miss 6355 "pool-7-thread-1" 73063000 290fd
           <...>-6399  [002] ....  4000.692904: do_swap_page: prefetch fault 6355 "pool-7-thread-1" 7fbc3ea000 290fe
           <...>-21735 [006] ....  4000.693094: do_swap_page: prefetch fault 6355 "pool-11-thread-" 7f28b04000 31050
    GLThread 445-6412  [006] ...1  4000.695009: do_swap_page: prefetch miss 6355 "GLThread 445" 7e9ec01000 3104f
    GLThread 445-6412  [006] ....  4000.695063: do_swap_page: prefetch fault 6355 "GLThread 445" 7e9eb86000 1107c
           <...>-6399  [002] ...1  4000.695573: do_swap_page: prefetch miss 6355 "pool-7-thread-1" 7fbc3ea000 290fe
           <...>-21735 [007] ...1  4000.696128: do_swap_page: prefetch miss 6355 "pool-11-thread-" 7f28b04000 31050
           <...>-6399  [001] ....  4000.696279: do_swap_page: prefetch fault 6355 "pool-7-thread-1" 731e3000 35001
    GLThread 445-6412  [006] ...1  4000.697717: do_swap_page: prefetch miss 6355 "GLThread 445" 7e9eb86000 1107c
    GLThread 445-6412  [006] ....  4000.697749: do_swap_page: prefetch fault 6355 "GLThread 445" 7e9b306000 31051
           <...>-6399  [001] ...1  4000.698855: do_swap_page: prefetch miss 6355 "pool-7-thread-1" 731e3000 35001
           <...>-6399  [001] ....  4000.699684: do_swap_page: prefetch fault 6355 "pool-7-thread-1" 7fbc3fc000 210fd
    GLThread 445-6412  [006] ...1  4000.699856: do_swap_page: prefetch miss 6355 "GLThread 445" 7e9b306000 31051
    GLThread 445-6412  [006] ....  4000.699924: do_swap_page: prefetch fault 6355 "GLThread 445" 7eafd31000 31052
           <...>-6399  [001] ...1  4000.701706: do_swap_page: prefetch miss 6355 "pool-7-thread-1" 7fbc3fc000 210fd
    GLThread 445-6412  [006] ...1  4000.701874: do_swap_page: prefetch miss 6355 "GLThread 445" 7eafd31000 31052
           <...>-6399  [001] ....  4000.701913: do_swap_page: prefetch fault 6355 "pool-7-thread-1" 7eac216000 31015
    GLThread 445-6412  [006] ....  4000.701930: do_swap_page: prefetch fault 6355 "GLThread 445" 7eafd2c000 31053
    GLThread 445-6412  [006] ...1  4000.704264: do_swap_page: prefetch miss 6355 "GLThread 445" 7eafd2c000 31053
    GLThread 445-6412  [006] ....  4000.704300: do_swap_page: prefetch fault 6355 "GLThread 445" 7eafd36000 31054
           <...>-6399  [001] ...1  4000.704406: do_swap_page: prefetch miss 6355 "pool-7-thread-1" 7eac216000 31015
           <...>-6399  [001] ....  4000.704512: do_swap_page: prefetch fault 6355 "pool-7-thread-1" 7eac218000 31021
    GLThread 445-6412  [006] ...1  4000.706848: do_swap_page: prefetch miss 6355 "GLThread 445" 7eafd36000 31054
    GLThread 445-6412  [006] ....  4000.706882: do_swap_page: prefetch fault 6355 "GLThread 445" 7eafd2d000 31055
           <...>-6399  [001] ...1  4000.706990: do_swap_page: prefetch miss 6355 "pool-7-thread-1" 7eac218000 31021
    GLThread 445-6412  [006] ...1  4000.709084: do_swap_page: prefetch miss 6355 "GLThread 445" 7eafd2d000 31055
    GLThread 445-6412  [006] ....  4000.709136: do_swap_page: prefetch fault 6355 "GLThread 445" 7e9ea9a000 35003
    GLThread 445-6412  [006] ...1  4000.711168: do_swap_page: prefetch miss 6355 "GLThread 445" 7e9ea9a000 35003
    GLThread 445-6412  [006] ....  4000.711196: do_swap_page: prefetch fault 6355 "GLThread 445" 7e9eba3000 11083
           <...>-6399  [001] ....  4000.711290: do_swap_page: prefetch fault 6355 "pool-7-thread-1" 7eac108000 310be
    GLThread 445-6412  [006] ...1  4000.713533: do_swap_page: prefetch miss 6355 "GLThread 445" 7e9eba3000 11083
    GLThread 445-6412  [006] ....  4000.713583: do_swap_page: prefetch fault 6355 "GLThread 445" 7eb04f0000 2d0bd
           <...>-6399  [001] ...1  4000.713625: do_swap_page: prefetch miss 6355 "pool-7-thread-1" 7eac108000 310be
           <...>-6399  [001] ....  4000.714588: do_swap_page: prefetch fault 6355 "pool-7-thread-1" 7eac309000 39000
    GLThread 445-6412  [006] ...1  4000.715896: do_swap_page: prefetch miss 6355 "GLThread 445" 7eb04f0000 2d0bd
    GLThread 445-6412  [006] ....  4000.715939: do_swap_page: prefetch fault 6355 "GLThread 445" 7e9b878000 11085
           <...>-6399  [001] ...1  4000.716870: do_swap_page: prefetch miss 6355 "pool-7-thread-1" 7eac309000 39000
           <...>-6399  [001] ....  4000.717135: do_swap_page: prefetch fault 6355 "pool-7-thread-1" 7eac161000 39006
    GLThread 445-6412  [006] ...1  4000.717738: do_swap_page: prefetch miss 6355 "GLThread 445" 7e9b878000 11085
    GLThread 445-6412  [006] ....  4000.717773: do_swap_page: prefetch fault 6355 "GLThread 445" 7eafca0000 11086
           <...>-6399  [001] ...1  4000.720224: do_swap_page: prefetch miss 6355 "pool-7-thread-1" 7eac161000 39006
           <...>-6399  [001] ....  4000.720325: do_swap_page: prefetch fault 6355 "pool-7-thread-1" 7eac164000 310bb
    GLThread 445-6412  [006] ...1  4000.720476: do_swap_page: prefetch miss 6355 "GLThread 445" 7eafca0000 11086
    GLThread 445-6412  [006] ....  4000.720519: do_swap_page: prefetch fault 6355 "GLThread 445" 7eb014b000 2d0be
           <...>-6399  [001] ...1  4000.722384: do_swap_page: prefetch miss 6355 "pool-7-thread-1" 7eac164000 310bb
    GLThread 445-6412  [006] ...1  4000.722528: do_swap_page: prefetch miss 6355 "GLThread 445" 7eb014b000 2d0be
    GLThread 445-6412  [006] ....  4000.722555: do_swap_page: prefetch fault 6355 "GLThread 445" 7eaf645000 11088
           <...>-6399  [001] ....  4000.723263: do_swap_page: prefetch fault 6355 "pool-7-thread-1" 7eac24f000 210f7
    GLThread 445-6412  [006] ...1  4000.725024: do_swap_page: prefetch miss 6355 "GLThread 445" 7eaf645000 11088
    GLThread 445-6412  [006] ....  4000.725094: do_swap_page: prefetch fault 6355 "GLThread 445" 7eb0561000 31056
           <...>-6399  [001] ...1  4000.725214: do_swap_page: prefetch miss 6355 "pool-7-thread-1" 7eac24f000 210f7
    GLThread 445-6412  [006] ...1  4000.727024: do_swap_page: prefetch miss 6355 "GLThread 445" 7eb0561000 31056
    GLThread 445-6412  [006] ....  4000.727054: do_swap_page: prefetch fault 6355 "GLThread 445" 7eaf5ff000 1108a
           <...>-6399  [001] ....  4000.728541: do_swap_page: prefetch fault 6355 "pool-7-thread-1" 7f28b7f000 39007
    GLThread 445-6412  [006] ...1  4000.728950: do_swap_page: prefetch miss 6355 "GLThread 445" 7eaf5ff000 1108a
    GLThread 445-6412  [006] ....  4000.729000: do_swap_page: prefetch fault 6355 "GLThread 445" 7e9b6ad000 d0f3
           <...>-6399  [001] ...1  4000.730422: do_swap_page: prefetch miss 6355 "pool-7-thread-1" 7f28b7f000 39007
           <...>-6399  [001] ....  4000.731124: do_swap_page: prefetch fault 6355 "pool-7-thread-1" 7ed1b45000 3900a
    GLThread 445-6412  [006] ...1  4000.734785: do_swap_page: prefetch miss 6355 "GLThread 445" 7e9b6ad000 d0f3
    GLThread 445-6412  [006] ....  4000.734814: do_swap_page: prefetch fault 6355 "GLThread 445" 7eb0530000 31057
           <...>-6399  [001] ...1  4000.735088: do_swap_page: prefetch miss 6355 "pool-7-thread-1" 7ed1b45000 3900a
           <...>-6399  [001] ....  4000.735172: do_swap_page: prefetch fault 6355 "pool-7-thread-1" 7ed1b46000 3900b
    GLThread 445-6412  [006] ...1  4000.737445: do_swap_page: prefetch miss 6355 "GLThread 445" 7eb0530000 31057
    GLThread 445-6412  [006] ....  4000.737480: do_swap_page: prefetch fault 6355 "GLThread 445" 7e9ebfa000 d0f5
           <...>-6399  [001] ...1  4000.737646: do_swap_page: prefetch miss 6355 "pool-7-thread-1" 7ed1b46000 3900b
           <...>-6399  [002] ....  4000.737710: do_swap_page: prefetch fault 6355 "pool-7-thread-1" 7eac08c000 3900c
    GLThread 445-6412  [006] ...1  4000.739658: do_swap_page: prefetch miss 6355 "GLThread 445" 7e9ebfa000 d0f5
    GLThread 445-6412  [006] ....  4000.739716: do_swap_page: prefetch fault 6355 "GLThread 445" 7eb0531000 31058
           <...>-6399  [002] ...1  4000.739795: do_swap_page: prefetch miss 6355 "pool-7-thread-1" 7eac08c000 3900c
           <...>-6399  [002] ....  4000.739890: do_swap_page: prefetch fault 6355 "pool-7-thread-1" 7eac07c000 3900d
    GLThread 445-6412  [006] ...1  4000.741834: do_swap_page: prefetch miss 6355 "GLThread 445" 7eb0531000 31058
    GLThread 445-6412  [006] ....  4000.741887: do_swap_page: prefetch fault 6355 "GLThread 445" 7eaf5f3000 d0f7
           <...>-6399  [002] ...1  4000.741930: do_swap_page: prefetch miss 6355 "pool-7-thread-1" 7eac07c000 3900d
           <...>-6399  [002] ....  4000.742025: do_swap_page: prefetch fault 6355 "pool-7-thread-1" 7eac07d000 3900e
    GLThread 445-6412  [006] ...1  4000.743984: do_swap_page: prefetch miss 6355 "GLThread 445" 7eaf5f3000 d0f7
    GLThread 445-6412  [006] ....  4000.744016: do_swap_page: prefetch fault 6355 "GLThread 445" 7eaf633000 31059
           <...>-6399  [002] ...1  4000.744123: do_swap_page: prefetch miss 6355 "pool-7-thread-1" 7eac07d000 3900e
           <...>-6399  [002] ....  4000.744217: do_swap_page: prefetch fault 6355 "pool-7-thread-1" 7eac07e000 3900f
    GLThread 445-6412  [006] ...1  4000.746207: do_swap_page: prefetch miss 6355 "GLThread 445" 7eaf633000 31059
    GLThread 445-6412  [006] ....  4000.746237: do_swap_page: prefetch fault 6355 "GLThread 445" 7eaf254000 d0f9
           <...>-6399  [002] ...1  4000.746356: do_swap_page: prefetch miss 6355 "pool-7-thread-1" 7eac07e000 3900f
           <...>-6399  [002] ....  4000.746464: do_swap_page: prefetch fault 6355 "pool-7-thread-1" 7eac07f000 39010
    GLThread 445-6412  [006] ...1  4000.748313: do_swap_page: prefetch miss 6355 "GLThread 445" 7eaf254000 d0f9
    GLThread 445-6412  [006] ....  4000.748349: do_swap_page: prefetch fault 6355 "GLThread 445" 7eaf635000 3105a
           <...>-6399  [002] ...1  4000.748514: do_swap_page: prefetch miss 6355 "pool-7-thread-1" 7eac07f000 39010
           <...>-6399  [002] ....  4000.748609: do_swap_page: prefetch fault 6355 "pool-7-thread-1" 7eac080000 39011
    GLThread 445-6412  [006] ...1  4000.750238: do_swap_page: prefetch miss 6355 "GLThread 445" 7eaf635000 3105a
    GLThread 445-6412  [006] ....  4000.750293: do_swap_page: prefetch fault 6355 "GLThread 445" 7eb014c000 3105b
           <...>-6399  [002] ...1  4000.750429: do_swap_page: prefetch miss 6355 "pool-7-thread-1" 7eac080000 39011
           <...>-6399  [002] ....  4000.750508: do_swap_page: prefetch fault 6355 "pool-7-thread-1" 7eac081000 31024
    GLThread 445-6412  [006] ...1  4000.752426: do_swap_page: prefetch miss 6355 "GLThread 445" 7eb014c000 3105b
    GLThread 445-6412  [006] ....  4000.752497: do_swap_page: prefetch fault 6355 "GLThread 445" 7e9eb0c000 50f7
           <...>-6399  [002] ...1  4000.752706: do_swap_page: prefetch miss 6355 "pool-7-thread-1" 7eac081000 31024
           <...>-6399  [002] ....  4000.752798: do_swap_page: prefetch fault 6355 "pool-7-thread-1" 7eac082000 31025
    GLThread 445-6412  [006] ...1  4000.754767: do_swap_page: prefetch miss 6355 "GLThread 445" 7e9eb0c000 50f7
    GLThread 445-6412  [006] ....  4000.754800: do_swap_page: prefetch fault 6355 "GLThread 445" 7e9ec18000 3105c
           <...>-6399  [002] ...1  4000.754985: do_swap_page: prefetch miss 6355 "pool-7-thread-1" 7eac082000 31025
           <...>-6399  [002] ....  4000.755062: do_swap_page: prefetch fault 6355 "pool-7-thread-1" 7eac083000 31026
    GLThread 445-6412  [006] ...1  4000.757184: do_swap_page: prefetch miss 6355 "GLThread 445" 7e9ec18000 3105c
    GLThread 445-6412  [006] ....  4000.757219: do_swap_page: prefetch fault 6355 "GLThread 445" 7e9ec19000 3105d
           <...>-6399  [002] ...1  4000.757325: do_swap_page: prefetch miss 6355 "pool-7-thread-1" 7eac083000 31026
           <...>-6399  [002] ....  4000.757404: do_swap_page: prefetch fault 6355 "pool-7-thread-1" 7eac084000 31027
    GLThread 445-6412  [006] ...1  4000.760291: do_swap_page: prefetch miss 6355 "GLThread 445" 7e9ec19000 3105d
    GLThread 445-6412  [006] ....  4000.760345: do_swap_page: prefetch fault 6355 "GLThread 445" 7e9eceb000 3105e
           <...>-6399  [002] ...1  4000.760461: do_swap_page: prefetch miss 6355 "pool-7-thread-1" 7eac084000 31027
           <...>-6399  [002] ....  4000.760558: do_swap_page: prefetch fault 6355 "pool-7-thread-1" 7eac085000 35002
    GLThread 445-6412  [006] ...1  4000.762356: do_swap_page: prefetch miss 6355 "GLThread 445" 7e9eceb000 3105e
    GLThread 445-6412  [006] ....  4000.762390: do_swap_page: prefetch fault 6355 "GLThread 445" 7e9ecf0000 3105f
           <...>-6399  [002] ...1  4000.762559: do_swap_page: prefetch miss 6355 "pool-7-thread-1" 7eac085000 35002
           <...>-6399  [002] ....  4000.762661: do_swap_page: prefetch fault 6355 "pool-7-thread-1" 7eac086000 31028
    GLThread 445-6412  [006] ...1  4000.764610: do_swap_page: prefetch miss 6355 "GLThread 445" 7e9ecf0000 3105f
    GLThread 445-6412  [006] ....  4000.764661: do_swap_page: prefetch fault 6355 "GLThread 445" 7e9ecec000 31060
           <...>-6399  [002] ...1  4000.764702: do_swap_page: prefetch miss 6355 "pool-7-thread-1" 7eac086000 31028
           <...>-6399  [002] ....  4000.764801: do_swap_page: prefetch fault 6355 "pool-7-thread-1" 7eac087000 31029
    GLThread 445-6412  [006] ...1  4000.766669: do_swap_page: prefetch miss 6355 "GLThread 445" 7e9ecec000 31060
    GLThread 445-6412  [006] ....  4000.766699: do_swap_page: prefetch fault 6355 "GLThread 445" 7e9ecf2000 31061
           <...>-6399  [002] ...1  4000.766831: do_swap_page: prefetch miss 6355 "pool-7-thread-1" 7eac087000 31029
           <...>-6399  [002] ....  4000.766912: do_swap_page: prefetch fault 6355 "pool-7-thread-1" 7eac088000 3102a
    GLThread 445-6412  [006] ...1  4000.768748: do_swap_page: prefetch miss 6355 "GLThread 445" 7e9ecf2000 31061
    GLThread 445-6412  [006] ....  4000.768799: do_swap_page: prefetch fault 6355 "GLThread 445" 7e9ecfa000 2d0bf
           <...>-6399  [002] ...1  4000.768970: do_swap_page: prefetch miss 6355 "pool-7-thread-1" 7eac088000 3102a
           <...>-6399  [002] ....  4000.769055: do_swap_page: prefetch fault 6355 "pool-7-thread-1" 7eac089000 3102b
    GLThread 445-6412  [006] ...1  4000.770726: do_swap_page: prefetch miss 6355 "GLThread 445" 7e9ecfa000 2d0bf
    GLThread 445-6412  [006] ....  4000.770776: do_swap_page: prefetch fault 6355 "GLThread 445" 7e9ecfc000 2d0c0
           <...>-6399  [002] ...1  4000.770930: do_swap_page: prefetch miss 6355 "pool-7-thread-1" 7eac089000 3102b
           <...>-6399  [002] ....  4000.771005: do_swap_page: prefetch fault 6355 "pool-7-thread-1" 7eac08a000 3102c
    GLThread 445-6412  [006] ...1  4000.773319: do_swap_page: prefetch miss 6355 "GLThread 445" 7e9ecfc000 2d0c0
    GLThread 445-6412  [006] ....  4000.773356: do_swap_page: prefetch fault 6355 "GLThread 445" 7e9eced000 2d0c1
           <...>-6399  [002] ...1  4000.773521: do_swap_page: prefetch miss 6355 "pool-7-thread-1" 7eac08a000 3102c
           <...>-6399  [002] ....  4000.773597: do_swap_page: prefetch fault 6355 "pool-7-thread-1" 7eac08b000 2d080
    GLThread 445-6412  [006] ...1  4000.775643: do_swap_page: prefetch miss 6355 "GLThread 445" 7e9eced000 2d0c1
    GLThread 445-6412  [006] ....  4000.775676: do_swap_page: prefetch fault 6355 "GLThread 445" 7e9ed04000 2d0c2
           <...>-6399  [002] ...1  4000.775805: do_swap_page: prefetch miss 6355 "pool-7-thread-1" 7eac08b000 2d080
           <...>-6399  [002] ....  4000.775943: do_swap_page: prefetch fault 6355 "pool-7-thread-1" 9f0a1000 2d081
    GLThread 445-6412  [006] ...1  4000.777351: do_swap_page: prefetch miss 6355 "GLThread 445" 7e9ed04000 2d0c2
    GLThread 445-6412  [006] ....  4000.777380: do_swap_page: prefetch fault 6355 "GLThread 445" 7e9ed06000 2d0c3
           <...>-6399  [002] ...1  4000.777794: do_swap_page: prefetch miss 6355 "pool-7-thread-1" 9f0a1000 2d081
           <...>-6399  [002] ....  4000.777896: do_swap_page: prefetch fault 6355 "pool-7-thread-1" 9f0f6000 2d082
    GLThread 445-6412  [006] ...1  4000.780017: do_swap_page: prefetch miss 6355 "GLThread 445" 7e9ed06000 2d0c3
    GLThread 445-6412  [006] ....  4000.780066: do_swap_page: prefetch fault 6355 "GLThread 445" 7e9ed07000 2d0c4
           <...>-6399  [002] ...1  4000.780179: do_swap_page: prefetch miss 6355 "pool-7-thread-1" 9f0f6000 2d082
           <...>-6399  [002] ....  4000.780372: do_swap_page: prefetch fault 6355 "pool-7-thread-1" 9f0bf000 2d083
    GLThread 445-6412  [006] ...1  4000.783301: do_swap_page: prefetch miss 6355 "GLThread 445" 7e9ed07000 2d0c4
    GLThread 445-6412  [006] ....  4000.783337: do_swap_page: prefetch fault 6355 "GLThread 445" 7e9ed10000 2d0c5
           <...>-6399  [002] ...1  4000.783505: do_swap_page: prefetch miss 6355 "pool-7-thread-1" 9f0bf000 2d083
           <...>-6399  [002] ....  4000.783673: do_swap_page: prefetch fault 6355 "pool-7-thread-1" 7eac001000 2d084
    GLThread 445-6412  [006] ...1  4000.785534: do_swap_page: prefetch miss 6355 "GLThread 445" 7e9ed10000 2d0c5
    GLThread 445-6412  [006] ....  4000.785568: do_swap_page: prefetch fault 6355 "GLThread 445" 7e9ecee000 2d0c6
           <...>-6399  [002] ...1  4000.785755: do_swap_page: prefetch miss 6355 "pool-7-thread-1" 7eac001000 2d084
           <...>-6399  [003] ....  4000.786208: do_swap_page: prefetch fault 6355 "pool-7-thread-1" 7eac06b000 2d085
    GLThread 445-6412  [006] ...1  4000.788437: do_swap_page: prefetch miss 6355 "GLThread 445" 7e9ecee000 2d0c6
    GLThread 445-6412  [006] ....  4000.788462: do_swap_page: prefetch fault 6355 "GLThread 445" 7e9ecef000 2d0c7
           <...>-6399  [003] ...1  4000.789113: do_swap_page: prefetch miss 6355 "pool-7-thread-1" 7eac06b000 2d085
           <...>-6399  [003] ....  4000.789271: do_swap_page: prefetch fault 6355 "pool-7-thread-1" 7eac091000 2d086
    GLThread 445-6412  [006] ...1  4000.790934: do_swap_page: prefetch miss 6355 "GLThread 445" 7e9ecef000 2d0c7
    GLThread 445-6412  [006] ....  4000.790984: do_swap_page: prefetch fault 6355 "GLThread 445" 7e9ed12000 2d0c8
           <...>-6399  [003] ...1  4000.791119: do_swap_page: prefetch miss 6355 "pool-7-thread-1" 7eac091000 2d086
           <...>-6399  [003] ....  4000.791236: do_swap_page: prefetch fault 6355 "pool-7-thread-1" 7eac099000 2d087
    GLThread 445-6412  [006] ...1  4000.792855: do_swap_page: prefetch miss 6355 "GLThread 445" 7e9ed12000 2d0c8
    GLThread 445-6412  [006] ....  4000.792907: do_swap_page: prefetch fault 6355 "GLThread 445" 7e9ed26000 2d0c9
           <...>-6399  [003] ...1  4000.793037: do_swap_page: prefetch miss 6355 "pool-7-thread-1" 7eac099000 2d087
           <...>-6399  [003] ....  4000.793335: do_swap_page: prefetch fault 6355 "pool-7-thread-1" 9f142000 2d088
    GLThread 445-6412  [006] ...1  4000.794825: do_swap_page: prefetch miss 6355 "GLThread 445" 7e9ed26000 2d0c9
    GLThread 445-6412  [006] ....  4000.794859: do_swap_page: prefetch fault 6355 "GLThread 445" 7e9ed28000 2d0ca
           <...>-6399  [003] ...1  4000.795029: do_swap_page: prefetch miss 6355 "pool-7-thread-1" 9f142000 2d088
           <...>-6399  [003] ....  4000.795351: do_swap_page: prefetch fault 6355 "pool-7-thread-1" 7eac06c000 2d089
    GLThread 445-6412  [006] ...1  4000.797219: do_swap_page: prefetch miss 6355 "GLThread 445" 7e9ed28000 2d0ca
    GLThread 445-6412  [006] ....  4000.797251: do_swap_page: prefetch fault 6355 "GLThread 445" 7e9ed2e000 2d0cb
           <...>-6399  [003] ...1  4000.797410: do_swap_page: prefetch miss 6355 "pool-7-thread-1" 7eac06c000 2d089
           <...>-6399  [003] ....  4000.798240: do_swap_page: prefetch fault 6355 "pool-7-thread-1" 7eac08d000 2d08a
    GLThread 445-6412  [006] ...1  4000.799224: do_swap_page: prefetch miss 6355 "GLThread 445" 7e9ed2e000 2d0cb
    GLThread 445-6412  [006] ....  4000.799282: do_swap_page: prefetch fault 6355 "GLThread 445" 7e9ed33000 2d0cc
           <...>-6399  [003] ...1  4000.800130: do_swap_page: prefetch miss 6355 "pool-7-thread-1" 7eac08d000 2d08a
           <...>-6361  [000] ....  4000.800979: do_swap_page: prefetch fault 6355 "Jit thread pool" 7f2d7da000 290f0
    GLThread 445-6412  [006] ...1  4000.801192: do_swap_page: prefetch miss 6355 "GLThread 445" 7e9ed33000 2d0cc
    GLThread 445-6412  [006] ....  4000.801222: do_swap_page: prefetch fault 6355 "GLThread 445" 7e9ed30000 2d0cd
           <...>-6361  [000] ...1  4000.803480: do_swap_page: prefetch miss 6355 "Jit thread pool" 7f2d7da000 290f0
    GLThread 445-6412  [006] ...1  4000.803623: do_swap_page: prefetch miss 6355 "GLThread 445" 7e9ed30000 2d0cd
    GLThread 445-6412  [006] ....  4000.803650: do_swap_page: prefetch fault 6355 "GLThread 445" 7e9ed31000 2d0ce
           <...>-6361  [000] ....  4000.805868: do_swap_page: prefetch fault 6355 "Jit thread pool" 7f2d79b000 3904b
    GLThread 445-6412  [006] ...1  4000.805941: do_swap_page: prefetch miss 6355 "GLThread 445" 7e9ed31000 2d0ce
    GLThread 445-6412  [006] ....  4000.805975: do_swap_page: prefetch fault 6355 "GLThread 445" 7e9ed3d000 2d0cf
           <...>-6361  [000] ...1  4000.808007: do_swap_page: prefetch miss 6355 "Jit thread pool" 7f2d79b000 3904b
    GLThread 445-6412  [006] ...1  4000.808230: do_swap_page: prefetch miss 6355 "GLThread 445" 7e9ed3d000 2d0cf
    GLThread 445-6412  [006] ....  4000.808258: do_swap_page: prefetch fault 6355 "GLThread 445" 7e9ed35000 2d0d0
    GLThread 445-6412  [006] ...1  4000.810061: do_swap_page: prefetch miss 6355 "GLThread 445" 7e9ed35000 2d0d0
    GLThread 445-6412  [006] ....  4000.810124: do_swap_page: prefetch fault 6355 "GLThread 445" 7e9ed3f000 2d0d1
    GLThread 445-6412  [006] ...1  4000.811944: do_swap_page: prefetch miss 6355 "GLThread 445" 7e9ed3f000 2d0d1
    GLThread 445-6412  [006] ....  4000.811974: do_swap_page: prefetch fault 6355 "GLThread 445" 7e9ed54000 2d0d2
    GLThread 445-6412  [006] ...1  4000.814156: do_swap_page: prefetch miss 6355 "GLThread 445" 7e9ed54000 2d0d2
    GLThread 445-6412  [006] ....  4000.814184: do_swap_page: prefetch fault 6355 "GLThread 445" 7e9ed56000 2d0d3
    GLThread 445-6412  [006] ...1  4000.816512: do_swap_page: prefetch miss 6355 "GLThread 445" 7e9ed56000 2d0d3
    GLThread 445-6412  [006] ....  4000.816538: do_swap_page: prefetch fault 6355 "GLThread 445" 7e9ed63000 2d0d4
    GLThread 445-6412  [006] ...1  4000.818379: do_swap_page: prefetch miss 6355 "GLThread 445" 7e9ed63000 2d0d4
    GLThread 445-6412  [006] ....  4000.818405: do_swap_page: prefetch fault 6355 "GLThread 445" 7e9ed36000 3901b
    GLThread 445-6412  [006] ...1  4000.820330: do_swap_page: prefetch miss 6355 "GLThread 445" 7e9ed36000 3901b
    GLThread 445-6412  [006] ....  4000.820373: do_swap_page: prefetch fault 6355 "GLThread 445" 7e9ed65000 3901c
    GLThread 445-6412  [006] ...1  4000.822384: do_swap_page: prefetch miss 6355 "GLThread 445" 7e9ed65000 3901c
    GLThread 445-6412  [006] ....  4000.822413: do_swap_page: prefetch fault 6355 "GLThread 445" 7e9ed66000 3901d
    GLThread 445-6412  [006] ...1  4000.825173: do_swap_page: prefetch miss 6355 "GLThread 445" 7e9ed66000 3901d
    GLThread 445-6412  [006] ....  4000.825199: do_swap_page: prefetch fault 6355 "GLThread 445" 7e9ed68000 3901e
    GLThread 445-6412  [006] ...1  4000.827001: do_swap_page: prefetch miss 6355 "GLThread 445" 7e9ed68000 3901e
    GLThread 445-6412  [006] ....  4000.827026: do_swap_page: prefetch fault 6355 "GLThread 445" 7e9ed87000 3901f
    GLThread 445-6412  [006] ...1  4000.828866: do_swap_page: prefetch miss 6355 "GLThread 445" 7e9ed87000 3901f
    GLThread 445-6412  [006] ....  4000.828891: do_swap_page: prefetch fault 6355 "GLThread 445" 7e9eb0e000 11090
    GLThread 445-6412  [006] ...1  4000.830736: do_swap_page: prefetch miss 6355 "GLThread 445" 7e9eb0e000 11090
    GLThread 445-6412  [006] ....  4000.830778: do_swap_page: prefetch fault 6355 "GLThread 445" 7e9eda8000 39020
    GLThread 445-6412  [006] ...1  4000.833136: do_swap_page: prefetch miss 6355 "GLThread 445" 7e9eda8000 39020
    GLThread 445-6412  [006] ....  4000.833171: do_swap_page: prefetch fault 6355 "GLThread 445" 7e9eb0d000 11091
    GLThread 445-6412  [006] ...1  4000.836300: do_swap_page: prefetch miss 6355 "GLThread 445" 7e9eb0d000 11091
    GLThread 445-6412  [006] ....  4000.836322: do_swap_page: prefetch fault 6355 "GLThread 445" 7e9edaa000 39021
    GLThread 445-6412  [006] ...1  4000.839032: do_swap_page: prefetch miss 6355 "GLThread 445" 7e9edaa000 39021
    GLThread 445-6412  [006] ....  4000.839056: do_swap_page: prefetch fault 6355 "GLThread 445" 7e9edab000 39022
    GLThread 445-6412  [007] ...1  4000.840941: do_swap_page: prefetch miss 6355 "GLThread 445" 7e9edab000 39022
    GLThread 445-6412  [007] ....  4000.840992: do_swap_page: prefetch fault 6355 "GLThread 445" 7e9edad000 39023
    GLThread 445-6412  [007] ...1  4000.843010: do_swap_page: prefetch miss 6355 "GLThread 445" 7e9edad000 39023
    GLThread 445-6412  [007] ....  4000.843035: do_swap_page: prefetch fault 6355 "GLThread 445" 7e9edaf000 39024
    GLThread 445-6412  [007] ...1  4000.844901: do_swap_page: prefetch miss 6355 "GLThread 445" 7e9edaf000 39024
    GLThread 445-6412  [007] ....  4000.844922: do_swap_page: prefetch fault 6355 "GLThread 445" 7e9edba000 39025
    GLThread 445-6412  [007] ...1  4000.846676: do_swap_page: prefetch miss 6355 "GLThread 445" 7e9edba000 39025
    GLThread 445-6412  [007] ....  4000.846697: do_swap_page: prefetch fault 6355 "GLThread 445" 7e9edbf000 2d0d5
    GLThread 445-6412  [007] ...1  4000.848835: do_swap_page: prefetch miss 6355 "GLThread 445" 7e9edbf000 2d0d5
    GLThread 445-6412  [007] ....  4000.848857: do_swap_page: prefetch fault 6355 "GLThread 445" 7e9edc1000 2d0d6
    GLThread 445-6412  [007] ...1  4000.851498: do_swap_page: prefetch miss 6355 "GLThread 445" 7e9edc1000 2d0d6
    GLThread 445-6412  [007] ....  4000.851517: do_swap_page: prefetch fault 6355 "GLThread 445" 7e9edc2000 2d0d7
    GLThread 445-6412  [007] ...1  4000.853391: do_swap_page: prefetch miss 6355 "GLThread 445" 7e9edc2000 2d0d7
    GLThread 445-6412  [007] ....  4000.853411: do_swap_page: prefetch fault 6355 "GLThread 445" 7e9edc9000 2d0d8
    GLThread 445-6412  [007] ...1  4000.855574: do_swap_page: prefetch miss 6355 "GLThread 445" 7e9edc9000 2d0d8
    GLThread 445-6412  [007] ....  4000.855593: do_swap_page: prefetch fault 6355 "GLThread 445" 7e9edbb000 2d0d9
    GLThread 445-6412  [007] ...1  4000.858036: do_swap_page: prefetch miss 6355 "GLThread 445" 7e9edbb000 2d0d9
    GLThread 445-6412  [007] ....  4000.858053: do_swap_page: prefetch fault 6355 "GLThread 445" 7e9edcb000 2d0da
    GLThread 445-6412  [007] ...1  4000.859988: do_swap_page: prefetch miss 6355 "GLThread 445" 7e9edcb000 2d0da
    GLThread 445-6412  [007] ....  4000.860008: do_swap_page: prefetch fault 6355 "GLThread 445" 7eaf281000 1109b
    GLThread 445-6412  [007] ...1  4000.862127: do_swap_page: prefetch miss 6355 "GLThread 445" 7eaf281000 1109b
    GLThread 445-6412  [007] ....  4000.862147: do_swap_page: prefetch fault 6355 "GLThread 445" 7e9eee1000 39026
    GLThread 445-6412  [007] ...1  4000.864306: do_swap_page: prefetch miss 6355 "GLThread 445" 7e9eee1000 39026
    GLThread 445-6412  [007] ....  4000.864323: do_swap_page: prefetch fault 6355 "GLThread 445" 7eaf451000 1109d
    GLThread 445-6412  [007] ...1  4000.866847: do_swap_page: prefetch miss 6355 "GLThread 445" 7eaf451000 1109d
    GLThread 445-6412  [007] ....  4000.866871: do_swap_page: prefetch fault 6355 "GLThread 445" 7eaf280000 1109e
    GLThread 445-6412  [007] ...1  4000.868898: do_swap_page: prefetch miss 6355 "GLThread 445" 7eaf280000 1109e
    GLThread 445-6412  [007] ....  4000.868915: do_swap_page: prefetch fault 6355 "GLThread 445" 7e9eee3000 39027
    GLThread 445-6412  [007] ...1  4000.871281: do_swap_page: prefetch miss 6355 "GLThread 445" 7e9eee3000 39027
    GLThread 445-6412  [007] ....  4000.871300: do_swap_page: prefetch fault 6355 "GLThread 445" 7e9eee4000 39028
    GLThread 445-6412  [007] ...1  4000.874024: do_swap_page: prefetch miss 6355 "GLThread 445" 7e9eee4000 39028
    GLThread 445-6412  [007] ....  4000.874059: do_swap_page: prefetch fault 6355 "GLThread 445" 7eaf3a8000 10c2
    GLThread 445-6412  [007] ...1  4000.876070: do_swap_page: prefetch miss 6355 "GLThread 445" 7eaf3a8000 10c2
    GLThread 445-6412  [007] ....  4000.876096: do_swap_page: prefetch fault 6355 "GLThread 445" 7eaf458000 110a1
    GLThread 445-6412  [007] ...1  4000.879412: do_swap_page: prefetch miss 6355 "GLThread 445" 7eaf458000 110a1
    GLThread 445-6412  [007] ....  4000.879430: do_swap_page: prefetch fault 6355 "GLThread 445" 7e9eee6000 39029
    GLThread 445-6412  [007] ...1  4000.881369: do_swap_page: prefetch miss 6355 "GLThread 445" 7e9eee6000 39029
    GLThread 445-6412  [007] ....  4000.881391: do_swap_page: prefetch fault 6355 "GLThread 445" 7e9eee8000 3902a
    GLThread 445-6412  [007] ...1  4000.883233: do_swap_page: prefetch miss 6355 "GLThread 445" 7e9eee8000 3902a
    GLThread 445-6412  [007] ....  4000.883253: do_swap_page: prefetch fault 6355 "GLThread 445" 7e9ef72000 3902b
    GLThread 445-6412  [007] ...1  4000.887120: do_swap_page: prefetch miss 6355 "GLThread 445" 7e9ef72000 3902b
    GLThread 445-6412  [007] ....  4000.887140: do_swap_page: prefetch fault 6355 "GLThread 445" 7e9b6e2000 3902c
    GLThread 445-6412  [007] ...1  4000.889147: do_swap_page: prefetch miss 6355 "GLThread 445" 7e9b6e2000 3902c
    GLThread 445-6412  [007] ....  4000.889164: do_swap_page: prefetch fault 6355 "GLThread 445" 7eaf382000 10c6
    GLThread 445-6412  [007] ...1  4000.891111: do_swap_page: prefetch miss 6355 "GLThread 445" 7eaf382000 10c6
    GLThread 445-6412  [007] ....  4000.891127: do_swap_page: prefetch fault 6355 "GLThread 445" 7e9b531000 3902d
    GLThread 445-6412  [007] ...1  4000.892933: do_swap_page: prefetch miss 6355 "GLThread 445" 7e9b531000 3902d
    GLThread 445-6412  [007] ....  4000.892952: do_swap_page: prefetch fault 6355 "GLThread 445" 7eaf402000 10c8
    GLThread 445-6412  [007] ...1  4000.896040: do_swap_page: prefetch miss 6355 "GLThread 445" 7eaf402000 10c8
    GLThread 445-6412  [007] ....  4000.896058: do_swap_page: prefetch fault 6355 "GLThread 445" 7e9b533000 3902e
    GLThread 445-6412  [007] ...1  4000.899806: do_swap_page: prefetch miss 6355 "GLThread 445" 7e9b533000 3902e
    GLThread 445-6412  [007] ....  4000.899827: do_swap_page: prefetch fault 6355 "GLThread 445" 7e9b6e3000 3902f
    GLThread 445-6412  [007] ...1  4000.902522: do_swap_page: prefetch miss 6355 "GLThread 445" 7e9b6e3000 3902f
    GLThread 445-6412  [007] ....  4000.902540: do_swap_page: prefetch fault 6355 "GLThread 445" 7e9b5fd000 39030
    GLThread 445-6412  [007] ...1  4000.904846: do_swap_page: prefetch miss 6355 "GLThread 445" 7e9b5fd000 39030
    GLThread 445-6412  [007] ....  4000.904864: do_swap_page: prefetch fault 6355 "GLThread 445" 7e9b5ff000 39031
    GLThread 445-6412  [007] ...1  4000.908322: do_swap_page: prefetch miss 6355 "GLThread 445" 7e9b5ff000 39031
    GLThread 445-6412  [007] ....  4000.908340: do_swap_page: prefetch fault 6355 "GLThread 445" 7e9b6e4000 39032
    GLThread 445-6412  [007] ...1  4000.910358: do_swap_page: prefetch miss 6355 "GLThread 445" 7e9b6e4000 39032
    GLThread 445-6412  [007] ....  4000.910375: do_swap_page: prefetch fault 6355 "GLThread 445" 7e9b5ac000 39033
    GLThread 445-6412  [007] ...1  4000.912780: do_swap_page: prefetch miss 6355 "GLThread 445" 7e9b5ac000 39033
    GLThread 445-6412  [007] ....  4000.912797: do_swap_page: prefetch fault 6355 "GLThread 445" 7eaf419000 10cf
    GLThread 445-6412  [007] ...1  4000.914834: do_swap_page: prefetch miss 6355 "GLThread 445" 7eaf419000 10cf
    GLThread 445-6412  [007] ....  4000.914856: do_swap_page: prefetch fault 6355 "GLThread 445" 7e9b602000 2d0db
    GLThread 445-6412  [007] ...1  4000.916902: do_swap_page: prefetch miss 6355 "GLThread 445" 7e9b602000 2d0db
    GLThread 445-6412  [007] ....  4000.916921: do_swap_page: prefetch fault 6355 "GLThread 445" 7e9b6b0000 10d2
    GLThread 445-6412  [007] ...1  4000.918877: do_swap_page: prefetch miss 6355 "GLThread 445" 7e9b6b0000 10d2
    GLThread 445-6412  [007] ....  4000.918893: do_swap_page: prefetch fault 6355 "GLThread 445" 7e9b5ad000 2d0dc
    GLThread 445-6412  [007] ...1  4000.920811: do_swap_page: prefetch miss 6355 "GLThread 445" 7e9b5ad000 2d0dc
    GLThread 445-6412  [007] ....  4000.920828: do_swap_page: prefetch fault 6355 "GLThread 445" 7eaf410000 110a3
    GLThread 445-6412  [007] ...1  4000.922732: do_swap_page: prefetch miss 6355 "GLThread 445" 7eaf410000 110a3
    GLThread 445-6412  [007] ....  4000.922748: do_swap_page: prefetch fault 6355 "GLThread 445" 7e9b604000 2d0dd
    GLThread 445-6412  [007] ...1  4000.924793: do_swap_page: prefetch miss 6355 "GLThread 445" 7e9b604000 2d0dd
    GLThread 445-6412  [007] ....  4000.924811: do_swap_page: prefetch fault 6355 "GLThread 445" 7e9b7ae000 2d0de
    GLThread 445-6412  [007] ...1  4000.927466: do_swap_page: prefetch miss 6355 "GLThread 445" 7e9b7ae000 2d0de
    GLThread 445-6412  [007] ....  4000.927484: do_swap_page: prefetch fault 6355 "GLThread 445" 7eaf3bd000 10d4
    GLThread 445-6412  [007] ...1  4000.929676: do_swap_page: prefetch miss 6355 "GLThread 445" 7eaf3bd000 10d4
    GLThread 445-6412  [007] ....  4000.929694: do_swap_page: prefetch fault 6355 "GLThread 445" 7e9b607000 2d0df
    GLThread 445-6412  [007] ...1  4000.931784: do_swap_page: prefetch miss 6355 "GLThread 445" 7e9b607000 2d0df
    GLThread 445-6412  [007] ....  4000.931802: do_swap_page: prefetch fault 6355 "GLThread 445" 7e9b7af000 2d0e0
    GLThread 445-6412  [007] ...1  4000.933836: do_swap_page: prefetch miss 6355 "GLThread 445" 7e9b7af000 2d0e0
