    GLThread 445-6412  [007] ....  6355.440772: do_swap_page: prefetch fault 6355 "GLThread 445" 7ec5fb3000 1750bd
    GLThread 445-6412  [007] ...1  6355.442539: do_swap_page: prefetch miss 6355 "GLThread 445" 7ec5fb3000 1750bd
    GLThread 445-6412  [007] ....  6355.442562: do_swap_page: prefetch fault 6355 "GLThread 445" 7ec5f03000 1750be
    GLThread 445-6412  [007] ...1  6355.444372: do_swap_page: prefetch miss 6355 "GLThread 445" 7ec5f03000 1750be
    GLThread 445-6412  [007] ....  6355.444396: do_swap_page: prefetch fault 6355 "GLThread 445" 7f2d67e000 1750bf
    GLThread 445-6412  [007] ...1  6355.446020: do_swap_page: prefetch miss 6355 "GLThread 445" 7f2d67e000 1750bf
    GLThread 445-6412  [007] ....  6355.446039: do_swap_page: prefetch fault 6355 "GLThread 445" 7eb0878000 1750c0
    GLThread 445-6412  [007] ...1  6355.447676: do_swap_page: prefetch miss 6355 "GLThread 445" 7eb0878000 1750c0
    GLThread 445-6412  [007] ....  6355.447697: do_swap_page: prefetch fault 6355 "GLThread 445" 7eac414000 181005
    GLThread 445-6412  [007] ...1  6355.449753: do_swap_page: prefetch miss 6355 "GLThread 445" 7eac414000 181005
    GLThread 445-6412  [007] ....  6355.449777: do_swap_page: prefetch fault 6355 "GLThread 445" 7ed0c79000 110d3
    GLThread 445-6412  [007] ...1  6355.451450: do_swap_page: prefetch miss 6355 "GLThread 445" 7ed0c79000 110d3
    GLThread 445-6412  [007] ....  6355.451484: do_swap_page: prefetch fault 6355 "GLThread 445" 7eb087a000 1750c1
    GLThread 445-6412  [007] ...1  6355.453997: do_swap_page: prefetch miss 6355 "GLThread 445" 7eb087a000 1750c1
    GLThread 445-6412  [007] ....  6355.454007: do_swap_page: prefetch fault 6355 "GLThread 445" 7ec6126000 1750c2
    GLThread 445-6412  [007] ...1  6355.455939: do_swap_page: prefetch miss 6355 "GLThread 445" 7ec6126000 1750c2
    GLThread 445-6412  [007] ....  6355.455945: do_swap_page: prefetch fault 6355 "GLThread 445" 7ec5f2f000 1750c3
    GLThread 445-6412  [007] ...1  6355.457909: do_swap_page: prefetch miss 6355 "GLThread 445" 7ec5f2f000 1750c3
    GLThread 445-6412  [007] ....  6355.457915: do_swap_page: prefetch fault 6355 "GLThread 445" 7ec6113000 17d02a
    GLThread 445-6412  [007] ...1  6355.460968: do_swap_page: prefetch miss 6355 "GLThread 445" 7ec6113000 17d02a
    GLThread 445-6412  [007] ....  6355.460975: do_swap_page: prefetch fault 6355 "GLThread 445" 7ec5f02000 17d02b
    GLThread 445-6412  [007] ...1  6355.463166: do_swap_page: prefetch miss 6355 "GLThread 445" 7ec5f02000 17d02b
    GLThread 445-6412  [007] ....  6355.463181: do_swap_page: prefetch fault 6355 "GLThread 445" 7ec5f04000 17d02c
    GLThread 445-6412  [007] ...1  6355.465947: do_swap_page: prefetch miss 6355 "GLThread 445" 7ec5f04000 17d02c
    GLThread 445-6412  [007] ....  6355.465960: do_swap_page: prefetch fault 6355 "GLThread 445" 7eb0880000 17d02d
    GLThread 445-6412  [007] ...1  6355.468037: do_swap_page: prefetch miss 6355 "GLThread 445" 7eb0880000 17d02d
    GLThread 445-6412  [007] ....  6355.468045: do_swap_page: prefetch fault 6355 "GLThread 445" 7eb087f000 1710ee
    GLThread 445-6412  [007] ...1  6355.469822: do_swap_page: prefetch miss 6355 "GLThread 445" 7eb087f000 1710ee
    GLThread 445-6412  [007] ....  6355.469831: do_swap_page: prefetch fault 6355 "GLThread 445" 7eb087b000 1710ef
    GLThread 445-6412  [007] ...1  6355.471664: do_swap_page: prefetch miss 6355 "GLThread 445" 7eb087b000 1710ef
    GLThread 445-6412  [007] ....  6355.471677: do_swap_page: prefetch fault 6355 "GLThread 445" 7f2d680000 1710f0
    GLThread 445-6412  [007] ...1  6355.473770: do_swap_page: prefetch miss 6355 "GLThread 445" 7f2d680000 1710f0
    GLThread 445-6412  [007] ....  6355.473778: do_swap_page: prefetch fault 6355 "GLThread 445" 7ec5f5e000 1710f1
    GLThread 445-6412  [007] ...1  6355.475670: do_swap_page: prefetch miss 6355 "GLThread 445" 7ec5f5e000 1710f1
    GLThread 445-6412  [007] ....  6355.475678: do_swap_page: prefetch fault 6355 "GLThread 445" 7ed0db2000 1710f2
    GLThread 445-6412  [007] ...1  6355.477582: do_swap_page: prefetch miss 6355 "GLThread 445" 7ed0db2000 1710f2
    GLThread 445-6412  [007] ....  6355.477588: do_swap_page: prefetch fault 6355 "GLThread 445" 7eb087c000 1710f3
    GLThread 445-6412  [007] ...1  6355.479676: do_swap_page: prefetch miss 6355 "GLThread 445" 7eb087c000 1710f3
    GLThread 445-6412  [007] ....  6355.479723: do_swap_page: prefetch fault 6355 "GLThread 445" 7f2d6f0000 1710f4
    GLThread 445-6412  [007] ...1  6355.481436: do_swap_page: prefetch miss 6355 "GLThread 445" 7f2d6f0000 1710f4
    GLThread 445-6412  [007] ....  6355.481485: do_swap_page: prefetch fault 6355 "GLThread 445" 7ec5f6b000 110e1
    GLThread 445-6412  [007] ...1  6355.483845: do_swap_page: prefetch miss 6355 "GLThread 445" 7ec5f6b000 110e1
    GLThread 445-6412  [007] ....  6355.483851: do_swap_page: prefetch fault 6355 "GLThread 445" 7ec5f6c000 110e2
    GLThread 445-6412  [007] ...1  6355.485570: do_swap_page: prefetch miss 6355 "GLThread 445" 7ec5f6c000 110e2
    GLThread 445-6412  [007] ....  6355.485576: do_swap_page: prefetch fault 6355 "GLThread 445" 7ec61f0000 1710f5
    GLThread 445-6412  [007] ...1  6355.487485: do_swap_page: prefetch miss 6355 "GLThread 445" 7ec61f0000 1710f5
    GLThread 445-6412  [007] ....  6355.487492: do_swap_page: prefetch fault 6355 "GLThread 445" 7eb086c000 1d05c
    GLThread 445-6412  [007] ...1  6355.489264: do_swap_page: prefetch miss 6355 "GLThread 445" 7eb086c000 1d05c
    GLThread 445-6412  [007] ....  6355.489276: do_swap_page: prefetch fault 6355 "GLThread 445" 7ec5efe000 1710f6
    GLThread 445-6412  [007] ...1  6355.491209: do_swap_page: prefetch miss 6355 "GLThread 445" 7ec5efe000 1710f6
    GLThread 445-6412  [007] ....  6355.491217: do_swap_page: prefetch fault 6355 "GLThread 445" 7ec5fad000 1d05e
    GLThread 445-6412  [007] ...1  6355.493259: do_swap_page: prefetch miss 6355 "GLThread 445" 7ec5fad000 1d05e
    GLThread 445-6412  [007] ....  6355.493266: do_swap_page: prefetch fault 6355 "GLThread 445" 7ec5f54000 1710f7
    GLThread 445-6412  [007] ...1  6355.495111: do_swap_page: prefetch miss 6355 "GLThread 445" 7ec5f54000 1710f7
    GLThread 445-6412  [007] ....  6355.495123: do_swap_page: prefetch fault 6355 "GLThread 445" 7e9eedd000 1d060
    GLThread 445-6412  [007] ...1  6355.496710: do_swap_page: prefetch miss 6355 "GLThread 445" 7e9eedd000 1d060
    GLThread 445-6412  [007] ....  6355.496716: do_swap_page: prefetch fault 6355 "GLThread 445" 7ec5f83000 1d061
    GLThread 445-6412  [007] ...1  6355.498522: do_swap_page: prefetch miss 6355 "GLThread 445" 7ec5f83000 1d061
    GLThread 445-6412  [007] ....  6355.498527: do_swap_page: prefetch fault 6355 "GLThread 445" 7ec5f84000 1d062
           <...>-30344 [007] ....  6355.500701: do_swap_page: prefetch fault 6355 "pool-11-thread-" 9f0d0000 51099
    GLThread 445-6412  [007] ...1  6355.500735: do_swap_page: prefetch miss 6355 "GLThread 445" 7ec5f84000 1d062
    GLThread 445-6412  [007] ....  6355.500755: do_swap_page: prefetch fault 6355 "GLThread 445" 7eb07fb000 1710f8
           <...>-30344 [007] ...1  6355.502748: do_swap_page: prefetch miss 6355 "pool-11-thread-" 9f0d0000 51099
           <...>-30344 [007] ....  6355.502787: do_swap_page: prefetch fault 6355 "pool-11-thread-" 7fbe25d000 1750c9
    GLThread 445-6412  [007] ...1  6355.502818: do_swap_page: prefetch miss 6355 "GLThread 445" 7eb07fb000 1710f8
    GLThread 445-6412  [007] ....  6355.502865: do_swap_page: prefetch fault 6355 "GLThread 445" 7ec6129000 1710f9
           <...>-30344 [007] ...1  6355.504695: do_swap_page: prefetch miss 6355 "pool-11-thread-" 7fbe25d000 1750c9
           <...>-30344 [007] ....  6355.504728: do_swap_page: prefetch fault 6355 "pool-11-thread-" 7e84446000 1750ca
    GLThread 445-6412  [007] ...1  6355.504757: do_swap_page: prefetch miss 6355 "GLThread 445" 7ec6129000 1710f9
    GLThread 445-6412  [007] ....  6355.504767: do_swap_page: prefetch fault 6355 "GLThread 445" 7eb0831000 1710fb
           <...>-30344 [007] ...1  6355.506758: do_swap_page: prefetch miss 6355 "pool-11-thread-" 7e84446000 1750ca
           <...>-6633  [007] ....  6355.506786: do_swap_page: prefetch fault 6355 "Okio Watchdog" 7e810ca000 1750cb
    GLThread 445-6412  [007] ...1  6355.506902: do_swap_page: prefetch miss 6355 "GLThread 445" 7eb0831000 1710fb
    GLThread 445-6412  [007] ....  6355.506917: do_swap_page: prefetch fault 6355 "GLThread 445" 7ec5f5d000 1710fc
           <...>-6633  [007] ...1  6355.508728: do_swap_page: prefetch miss 6355 "Okio Watchdog" 7e810ca000 1750cb
           <...>-6633  [007] ....  6355.508742: do_swap_page: prefetch fault 6355 "Okio Watchdog" 7e810cb000 1750cc
    GLThread 445-6412  [007] ...1  6355.508810: do_swap_page: prefetch miss 6355 "GLThread 445" 7ec5f5d000 1710fc
    GLThread 445-6412  [007] ....  6355.508818: do_swap_page: prefetch fault 6355 "GLThread 445" 7eb0853000 1d066
           <...>-6633  [007] ...1  6355.510702: do_swap_page: prefetch miss 6355 "Okio Watchdog" 7e810cb000 1750cc
           <...>-6633  [007] ....  6355.510708: do_swap_page: prefetch fault 6355 "Okio Watchdog" 7e84447000 1750ce
    GLThread 445-6412  [007] ...1  6355.510748: do_swap_page: prefetch miss 6355 "GLThread 445" 7eb0853000 1d066
    GLThread 445-6412  [007] ....  6355.510754: do_swap_page: prefetch fault 6355 "GLThread 445" 7ec5f57000 1750c4
           <...>-6633  [007] ...1  6355.512570: do_swap_page: prefetch miss 6355 "Okio Watchdog" 7e84447000 1750ce
           <...>-6633  [007] ....  6355.512581: do_swap_page: prefetch fault 6355 "Okio Watchdog" 7e810c9000 1750cf
    GLThread 445-6412  [007] ...1  6355.512670: do_swap_page: prefetch miss 6355 "GLThread 445" 7ec5f57000 1750c4
    GLThread 445-6412  [007] ....  6355.512675: do_swap_page: prefetch fault 6355 "GLThread 445" 7ec5f5a000 1750c5
           <...>-6633  [007] ...1  6355.514301: do_swap_page: prefetch miss 6355 "Okio Watchdog" 7e810c9000 1750cf
    GLThread 445-6412  [007] ...1  6355.514346: do_swap_page: prefetch miss 6355 "GLThread 445" 7ec5f5a000 1750c5
    GLThread 445-6412  [007] ....  6355.514357: do_swap_page: prefetch fault 6355 "GLThread 445" 7f28f3b000 1d069
    GLThread 445-6412  [007] ...1  6355.516400: do_swap_page: prefetch miss 6355 "GLThread 445" 7f28f3b000 1d069
    GLThread 445-6412  [007] ....  6355.516523: do_swap_page: prefetch fault 6355 "GLThread 445" 7ec5f3c000 1750c6
    GLThread 445-6412  [007] ...1  6355.518146: do_swap_page: prefetch miss 6355 "GLThread 445" 7ec5f3c000 1750c6
    GLThread 445-6412  [007] ....  6355.518179: do_swap_page: prefetch fault 6355 "GLThread 445" 7e9eba1000 1d06c
    GLThread 445-6412  [007] ...1  6355.519974: do_swap_page: prefetch miss 6355 "GLThread 445" 7e9eba1000 1d06c
    GLThread 445-6412  [007] ....  6355.520012: do_swap_page: prefetch fault 6355 "GLThread 445" 7e9eed2000 1d06d
    GLThread 445-6412  [007] ...1  6355.522957: do_swap_page: prefetch miss 6355 "GLThread 445" 7e9eed2000 1d06d
    GLThread 445-6412  [007] ....  6355.522978: do_swap_page: prefetch fault 6355 "GLThread 445" 7e9eed3000 1750c7
    GLThread 445-6412  [007] ...1  6355.524696: do_swap_page: prefetch miss 6355 "GLThread 445" 7e9eed3000 1750c7
    GLThread 445-6412  [007] ....  6355.524743: do_swap_page: prefetch fault 6355 "GLThread 445" 7e9eb7f000 1750c8
    GLThread 445-6412  [007] ...1  6355.529231: do_swap_page: prefetch miss 6355 "GLThread 445" 7e9eb7f000 1750c8
    GLThread 445-6412  [007] ....  6355.529257: do_swap_page: prefetch fault 6355 "GLThread 445" 7eb0820000 1d070
    GLThread 445-6412  [007] ...1  6355.531216: do_swap_page: prefetch miss 6355 "GLThread 445" 7eb0820000 1d070
    GLThread 445-6412  [007] ....  6355.531277: do_swap_page: prefetch fault 6355 "GLThread 445" 7eaf9b6000 1d071
    GLThread 445-6412  [007] ...1  6355.533626: do_swap_page: prefetch miss 6355 "GLThread 445" 7eaf9b6000 1d071
    GLThread 445-6412  [007] ....  6355.533662: do_swap_page: prefetch fault 6355 "GLThread 445" 7ec5f6d000 1d072
    GLThread 445-6412  [007] ...1  6355.535458: do_swap_page: prefetch miss 6355 "GLThread 445" 7ec5f6d000 1d072
    GLThread 445-6412  [007] ....  6355.535477: do_swap_page: prefetch fault 6355 "GLThread 445" 7eb08aa000 1750cd
    GLThread 445-6412  [007] ...1  6355.537114: do_swap_page: prefetch miss 6355 "GLThread 445" 7eb08aa000 1750cd
    GLThread 445-6412  [007] ....  6355.537134: do_swap_page: prefetch fault 6355 "GLThread 445" 7eb08af000 1d074
    GLThread 445-6412  [007] ...1  6355.538783: do_swap_page: prefetch miss 6355 "GLThread 445" 7eb08af000 1d074
    GLThread 445-6412  [007] ....  6355.538802: do_swap_page: prefetch fault 6355 "GLThread 445" 7eb044c000 1d075
    GLThread 445-6412  [007] ...1  6355.540376: do_swap_page: prefetch miss 6355 "GLThread 445" 7eb044c000 1d075
    GLThread 445-6412  [007] ....  6355.540403: do_swap_page: prefetch fault 6355 "GLThread 445" 7eb023a000 1d076
    GLThread 445-6412  [007] ...1  6355.542330: do_swap_page: prefetch miss 6355 "GLThread 445" 7eb023a000 1d076
    GLThread 445-6412  [007] ....  6355.542340: do_swap_page: prefetch fault 6355 "GLThread 445" 7eb0440000 1750d0
    GLThread 445-6412  [007] ...1  6355.544079: do_swap_page: prefetch miss 6355 "GLThread 445" 7eb0440000 1750d0
    GLThread 445-6412  [007] ....  6355.544085: do_swap_page: prefetch fault 6355 "GLThread 445" 7eb0431000 1750d1
    GLThread 445-6412  [007] ...1  6355.546024: do_swap_page: prefetch miss 6355 "GLThread 445" 7eb0431000 1750d1
    GLThread 445-6412  [007] ....  6355.546029: do_swap_page: prefetch fault 6355 "GLThread 445" 7eb044a000 1750d2
    GLThread 445-6412  [007] ...1  6355.547632: do_swap_page: prefetch miss 6355 "GLThread 445" 7eb044a000 1750d2
    GLThread 445-6412  [007] ....  6355.547645: do_swap_page: prefetch fault 6355 "GLThread 445" 7eb046e000 19082
    GLThread 445-6412  [007] ...1  6355.549587: do_swap_page: prefetch miss 6355 "GLThread 445" 7eb046e000 19082
    GLThread 445-6412  [007] ....  6355.549597: do_swap_page: prefetch fault 6355 "GLThread 445" 7eb08a9000 19083
    GLThread 445-6412  [007] ...1  6355.551393: do_swap_page: prefetch miss 6355 "GLThread 445" 7eb08a9000 19083
    GLThread 445-6412  [007] ....  6355.551400: do_swap_page: prefetch fault 6355 "GLThread 445" 7eb046f000 19084
    GLThread 445-6412  [007] ...1  6355.553193: do_swap_page: prefetch miss 6355 "GLThread 445" 7eb046f000 19084
    GLThread 445-6412  [007] ....  6355.553272: do_swap_page: prefetch fault 6355 "GLThread 445" 7ec6116000 1750d3
    GLThread 445-6412  [007] ...1  6355.555009: do_swap_page: prefetch miss 6355 "GLThread 445" 7ec6116000 1750d3
    GLThread 445-6412  [007] ....  6355.555078: do_swap_page: prefetch fault 6355 "GLThread 445" 7ed0cb2000 1750d4
    GLThread 445-6412  [007] ...1  6355.557113: do_swap_page: prefetch miss 6355 "GLThread 445" 7ed0cb2000 1750d4
    GLThread 445-6412  [007] ....  6355.557140: do_swap_page: prefetch fault 6355 "GLThread 445" 7ec6125000 19087
    GLThread 445-6412  [007] ...1  6355.559555: do_swap_page: prefetch miss 6355 "GLThread 445" 7ec6125000 19087
    GLThread 445-6412  [007] ....  6355.559629: do_swap_page: prefetch fault 6355 "GLThread 445" 9f09f000 1750d5
    GLThread 445-6412  [007] ...1  6355.561600: do_swap_page: prefetch miss 6355 "GLThread 445" 9f09f000 1750d5
    GLThread 445-6412  [007] ....  6355.561627: do_swap_page: prefetch fault 6355 "GLThread 445" 9f0f3000 19089
           <...>-6477  [007] ....  6355.562672: do_swap_page: prefetch fault 6355 "GLThread 445" 7eac0d1000 5902f
    GLThread 445-6412  [007] ...1  6355.564056: do_swap_page: prefetch miss 6355 "GLThread 445" 9f0f3000 19089
    GLThread 445-6412  [007] ....  6355.564109: do_swap_page: prefetch fault 6355 "GLThread 445" 7eb087d000 1750d6
           <...>-6477  [007] ...1  6355.565282: do_swap_page: prefetch miss 6355 "GLThread 445" 7eac0d1000 5902f
           <...>-6477  [007] ....  6355.565400: do_swap_page: prefetch fault 6355 "GLThread 445" 7eac26e000 55031
    GLThread 445-6412  [007] ...1  6355.566106: do_swap_page: prefetch miss 6355 "GLThread 445" 7eb087d000 1750d6
    GLThread 445-6412  [007] ....  6355.566170: do_swap_page: prefetch fault 6355 "GLThread 445" 7ec612a000 1750d7
           <...>-6477  [007] ...1  6355.567171: do_swap_page: prefetch miss 6355 "GLThread 445" 7eac26e000 55031
           <...>-6477  [007] ....  6355.567208: do_swap_page: prefetch fault 6355 "GLThread 445" 7eac2b2000 169080
    GLThread 445-6412  [007] ...1  6355.567933: do_swap_page: prefetch miss 6355 "GLThread 445" 7ec612a000 1750d7
    GLThread 445-6412  [007] ....  6355.567971: do_swap_page: prefetch fault 6355 "GLThread 445" 7eb087e000 1750d8
           <...>-6477  [007] ...1  6355.568981: do_swap_page: prefetch miss 6355 "GLThread 445" 7eac2b2000 169080
    GLThread 445-6412  [007] ...1  6355.569531: do_swap_page: prefetch miss 6355 "GLThread 445" 7eb087e000 1750d8
    GLThread 445-6412  [007] ....  6355.569574: do_swap_page: prefetch fault 6355 "GLThread 445" 7f2d7aa000 1750d9
           <...>-6477  [007] ....  6355.571405: do_swap_page: prefetch fault 6355 "GLThread 445" 7f28b24000 510cb
    GLThread 445-6412  [007] ...1  6355.571440: do_swap_page: prefetch miss 6355 "GLThread 445" 7f2d7aa000 1750d9
    GLThread 445-6412  [007] ....  6355.571599: do_swap_page: prefetch fault 6355 "GLThread 445" 7ec60c0000 1750da
           <...>-6477  [007] ...1  6355.573391: do_swap_page: prefetch miss 6355 "GLThread 445" 7f28b24000 510cb
           <...>-6477  [007] ....  6355.576476: do_swap_page: prefetch fault 6355 "GLThread 445" 7eac0cb000 4909a
    GLThread 445-6412  [007] ...1  6355.576525: do_swap_page: prefetch miss 6355 "GLThread 445" 7ec60c0000 1750da
    GLThread 445-6412  [007] ....  6355.576550: do_swap_page: prefetch fault 6355 "GLThread 445" 7ec61f1000 1710fd
           <...>-6477  [007] ...1  6355.578119: do_swap_page: prefetch miss 6355 "GLThread 445" 7eac0cb000 4909a
    GLThread 445-6412  [007] ...1  6355.578248: do_swap_page: prefetch miss 6355 "GLThread 445" 7ec61f1000 1710fd
    GLThread 445-6412  [007] ....  6355.578270: do_swap_page: prefetch fault 6355 "GLThread 445" 7f2d71d000 1710fe
    GLThread 445-6412  [007] ...1  6355.580382: do_swap_page: prefetch miss 6355 "GLThread 445" 7f2d71d000 1710fe
    GLThread 445-6412  [007] ....  6355.580391: do_swap_page: prefetch fault 6355 "GLThread 445" 7ec60fa000 1710ff
    GLThread 445-6412  [007] ...1  6355.582056: do_swap_page: prefetch miss 6355 "GLThread 445" 7ec60fa000 1710ff
    GLThread 445-6412  [007] ....  6355.582071: do_swap_page: prefetch fault 6355 "GLThread 445" 7ec60fb000 181000
    GLThread 445-6412  [007] ...1  6355.584064: do_swap_page: prefetch miss 6355 "GLThread 445" 7ec60fb000 181000
           <...>-630   [007] ....  6355.584296: do_swap_page: prefetch fault 602 "Binder:602_2" 7fb7572000 1650b3
           <...>-630   [007] ...1  6355.586165: do_swap_page: prefetch miss 602 "Binder:602_2" 7fb7572000 1650b3
           <...>-654   [003] ....  6355.586211: do_swap_page: prefetch fault 602 "ImageManager" 7fb631d000 1650b4
    GLThread 445-6412  [007] ....  6355.586234: do_swap_page: prefetch fault 6355 "GLThread 445" 7ec60df000 181001
           <...>-654   [003] ...1  6355.588316: do_swap_page: prefetch miss 602 "ImageManager" 7fb631d000 1650b4
    GLThread 445-6412  [007] ...1  6355.588322: do_swap_page: prefetch miss 6355 "GLThread 445" 7ec60df000 181001
           <...>-654   [003] ....  6355.588342: do_swap_page: prefetch fault 602 "ImageManager" 7fb631c000 1650b5
    GLThread 445-6412  [007] ....  6355.588378: do_swap_page: prefetch fault 6355 "GLThread 445" 73070000 181002
           <...>-654   [003] ...1  6355.591142: do_swap_page: prefetch miss 602 "ImageManager" 7fb631c000 1650b5
    GLThread 445-6412  [007] ...1  6355.591147: do_swap_page: prefetch miss 6355 "GLThread 445" 73070000 181002
           <...>-654   [003] ....  6355.591184: do_swap_page: prefetch fault 602 "ImageManager" 7fba64b000 1650b6
    GLThread 445-6412  [007] ....  6355.591221: do_swap_page: prefetch fault 6355 "GLThread 445" 7ec6180000 110e7
           <...>-6399  [007] ....  6355.591846: do_swap_page: prefetch fault 6355 "pool-7-thread-1" 7eabfeb000 1710dd
           <...>-654   [003] ...1  6355.593186: do_swap_page: prefetch miss 602 "ImageManager" 7fba64b000 1650b6
    GLThread 445-6412  [007] ...1  6355.593189: do_swap_page: prefetch miss 6355 "GLThread 445" 7ec6180000 110e7
           <...>-654   [003] ....  6355.593206: do_swap_page: prefetch fault 602 "ImageManager" 7fbe1c5000 1650b7
    GLThread 445-6412  [007] ....  6355.593219: do_swap_page: prefetch fault 6355 "GLThread 445" 7ec6184000 110e8
           <...>-6399  [007] ...1  6355.593253: do_swap_page: prefetch miss 6355 "pool-7-thread-1" 7eabfeb000 1710dd
           <...>-6399  [007] ....  6355.593504: do_swap_page: prefetch fault 6355 "pool-7-thread-1" 7eabfec000 17d016
    GLThread 445-6412  [007] ...1  6355.595298: do_swap_page: prefetch miss 6355 "GLThread 445" 7ec6184000 110e8
    GLThread 445-6412  [007] ....  6355.595425: do_swap_page: prefetch fault 6355 "GLThread 445" 7f2111d000 110e9
           <...>-654   [003] ...1  6355.595492: do_swap_page: prefetch miss 602 "ImageManager" 7fbe1c5000 1650b7
           <...>-6399  [007] ...1  6355.595501: do_swap_page: prefetch miss 6355 "pool-7-thread-1" 7eabfec000 17d016
           <...>-654   [003] ....  6355.595521: do_swap_page: prefetch fault 602 "ImageManager" 7fbcb75000 1013
           <...>-6399  [007] ....  6355.595565: do_swap_page: prefetch fault 6355 "pool-7-thread-1" 9f0f0000 51046
    GLThread 445-6412  [007] ...1  6355.597536: do_swap_page: prefetch miss 6355 "GLThread 445" 7f2111d000 110e9
           <...>-6399  [007] ...1  6355.598199: do_swap_page: prefetch miss 6355 "pool-7-thread-1" 9f0f0000 51046
           <...>-654   [003] ...1  6355.598209: do_swap_page: prefetch miss 602 "ImageManager" 7fbcb75000 1013
           <...>-6399  [007] ....  6355.598232: do_swap_page: prefetch fault 6355 "pool-7-thread-1" 9f0a5000 17d019
           <...>-654   [003] ....  6355.598236: do_swap_page: prefetch fault 602 "ImageManager" 7fb9553000 1650b8
    GLThread 445-6412  [006] ....  6355.599661: do_swap_page: prefetch fault 6355 "GLThread 445" 7eb052d000 181004
           <...>-654   [003] ...1  6355.600312: do_swap_page: prefetch miss 602 "ImageManager" 7fb9553000 1650b8
           <...>-6399  [007] ...1  6355.600315: do_swap_page: prefetch miss 6355 "pool-7-thread-1" 9f0a5000 17d019
           <...>-654   [003] ....  6355.600345: do_swap_page: prefetch fault 602 "ImageManager" 7fbe1de000 1015
           <...>-6399  [007] ....  6355.600357: do_swap_page: prefetch fault 6355 "pool-7-thread-1" 7eac6c0000 1710de
    GLThread 445-6412  [006] ...1  6355.601141: do_swap_page: prefetch miss 6355 "GLThread 445" 7eb052d000 181004
    GLThread 445-6412  [006] ....  6355.601615: do_swap_page: prefetch fault 6355 "GLThread 445" 7ec60f8000 181006
           <...>-654   [003] ...1  6355.602513: do_swap_page: prefetch miss 602 "ImageManager" 7fbe1de000 1015
           <...>-6399  [007] ...1  6355.602515: do_swap_page: prefetch miss 6355 "pool-7-thread-1" 7eac6c0000 1710de
           <...>-6399  [007] ....  6355.602554: do_swap_page: prefetch fault 6355 "pool-7-thread-1" 9f0d2000 450eb
           <...>-654   [003] ....  6355.602568: do_swap_page: prefetch fault 602 "ImageManager" 7fbe1df000 1016
    GLThread 445-6412  [006] ...1  6355.603368: do_swap_page: prefetch miss 6355 "GLThread 445" 7ec60f8000 181006
    GLThread 445-6412  [006] ....  6355.603404: do_swap_page: prefetch fault 6355 "GLThread 445" 7ec60f7000 181007
           <...>-6399  [007] ...1  6355.604212: do_swap_page: prefetch miss 6355 "pool-7-thread-1" 9f0d2000 450eb
           <...>-6399  [007] ....  6355.604237: do_swap_page: prefetch fault 6355 "pool-7-thread-1" 9f127000 51045
           <...>-654   [001] ...1  6355.604278: do_swap_page: prefetch miss 602 "ImageManager" 7fbe1df000 1016
           <...>-654   [002] ....  6355.604335: do_swap_page: prefetch fault 602 "ImageManager" 7fbe1d8000 1650b9
    GLThread 445-6412  [006] ...1  6355.605415: do_swap_page: prefetch miss 6355 "GLThread 445" 7ec60f7000 181007
 .candycrushsaga-6355  [007] ....  6355.605792: do_swap_page: prefetch fault 6355 ".candycrushsaga" 7f28fc3000 181008
           <...>-6399  [007] ...1  6355.606085: do_swap_page: prefetch miss 6355 "pool-7-thread-1" 9f127000 51045
           <...>-6399  [007] ....  6355.606107: do_swap_page: prefetch fault 6355 "pool-7-thread-1" 9f069000 1750a4
           <...>-654   [002] ...1  6355.606158: do_swap_page: prefetch miss 602 "ImageManager" 7fbe1d8000 1650b9
           <...>-654   [002] ....  6355.606192: do_swap_page: prefetch fault 602 "ImageManager" 7fb7e7e000 1019
    GLThread 445-6412  [006] ....  6355.606225: do_swap_page: prefetch fault 6355 "GLThread 445" 7eaf232000 110fc
 .candycrushsaga-6355  [007] ...1  6355.608064: do_swap_page: prefetch miss 6355 ".candycrushsaga" 7f28fc3000 181008
 .candycrushsaga-6355  [007] ....  6355.608072: do_swap_page: prefetch fault 6355 ".candycrushsaga" 7f28fc4000 181009
           <...>-6399  [007] ...1  6355.608129: do_swap_page: prefetch miss 6355 "pool-7-thread-1" 9f069000 1750a4
    GLThread 445-6412  [006] ...1  6355.608196: do_swap_page: prefetch miss 6355 "GLThread 445" 7eaf232000 110fc
           <...>-654   [002] ...1  6355.608204: do_swap_page: prefetch miss 602 "ImageManager" 7fb7e7e000 1019
           <...>-654   [002] ....  6355.608242: do_swap_page: prefetch fault 602 "ImageManager" 7fbe230000 101a
    GLThread 445-6412  [006] ....  6355.608247: do_swap_page: prefetch fault 6355 "GLThread 445" 7eaf1d5000 17504b
 .candycrushsaga-6355  [007] ...1  6355.610010: do_swap_page: prefetch miss 6355 ".candycrushsaga" 7f28fc4000 181009
 .candycrushsaga-6355  [007] ....  6355.610044: do_swap_page: prefetch fault 6355 ".candycrushsaga" 7f28fec000 18100b
           <...>-654   [002] ...1  6355.610118: do_swap_page: prefetch miss 602 "ImageManager" 7fbe230000 101a
    GLThread 445-6412  [006] ...1  6355.610128: do_swap_page: prefetch miss 6355 "GLThread 445" 7eaf1d5000 17504b
    GLThread 445-6412  [006] ....  6355.610147: do_swap_page: prefetch fault 6355 "GLThread 445" 7f2d7da000 1690c0
           <...>-654   [002] ....  6355.610149: do_swap_page: prefetch fault 602 "ImageManager" 7fb94d8000 1650ba
 .candycrushsaga-6355  [007] ...1  6355.611819: do_swap_page: prefetch miss 6355 ".candycrushsaga" 7f28fec000 18100b
 .candycrushsaga-6355  [007] ....  6355.611825: do_swap_page: prefetch fault 6355 ".candycrushsaga" 7f28fed000 18100c
           <...>-654   [002] ...1  6355.611889: do_swap_page: prefetch miss 602 "ImageManager" 7fb94d8000 1650ba
    GLThread 445-6412  [006] ...1  6355.611895: do_swap_page: prefetch miss 6355 "GLThread 445" 7f2d7da000 1690c0
           <...>-654   [002] ....  6355.612075: do_swap_page: prefetch fault 602 "ImageManager" 7fbe1c6000 1650bb
 .candycrushsaga-6355  [007] ...1  6355.613665: do_swap_page: prefetch miss 6355 ".candycrushsaga" 7f28fed000 18100c
 .candycrushsaga-6355  [007] ....  6355.613680: do_swap_page: prefetch fault 6355 ".candycrushsaga" 7f28e94000 1750dd
           <...>-654   [002] ...1  6355.613753: do_swap_page: prefetch miss 602 "ImageManager" 7fbe1c6000 1650bb
           <...>-654   [002] ....  6355.613782: do_swap_page: prefetch fault 602 "ImageManager" 7fba640000 1650bc
 .candycrushsaga-6355  [007] ...1  6355.615406: do_swap_page: prefetch miss 6355 ".candycrushsaga" 7f28e94000 1750dd
 .candycrushsaga-6355  [007] ....  6355.615416: do_swap_page: prefetch fault 6355 ".candycrushsaga" 7eac3f2000 1750df
           <...>-654   [002] ...1  6355.615491: do_swap_page: prefetch miss 602 "ImageManager" 7fba640000 1650bc
           <...>-654   [002] ....  6355.615514: do_swap_page: prefetch fault 602 "ImageManager" 7fba641000 1650bd
 .candycrushsaga-6355  [007] ...1  6355.617155: do_swap_page: prefetch miss 6355 ".candycrushsaga" 7eac3f2000 1750df
 .candycrushsaga-6355  [007] ....  6355.617165: do_swap_page: prefetch fault 6355 ".candycrushsaga" 7eac4a6000 1750e0
           <...>-654   [002] ...1  6355.617219: do_swap_page: prefetch miss 602 "ImageManager" 7fba641000 1650bd
           <...>-654   [002] ....  6355.617249: do_swap_page: prefetch fault 602 "ImageManager" 7fba642000 1650be
    GLThread 445-6412  [006] ....  6355.618890: do_swap_page: prefetch fault 6355 "GLThread 445" 7e9eb27000 1750de
 .candycrushsaga-6355  [007] ...1  6355.619052: do_swap_page: prefetch miss 6355 ".candycrushsaga" 7eac4a6000 1750e0
 .candycrushsaga-6355  [007] ....  6355.619078: do_swap_page: prefetch fault 6355 ".candycrushsaga" 7eac3f1000 1750e1
           <...>-654   [002] ...1  6355.619150: do_swap_page: prefetch miss 602 "ImageManager" 7fba642000 1650be
           <...>-654   [002] ....  6355.619176: do_swap_page: prefetch fault 602 "ImageManager" 7fba643000 1650bf
    GLThread 445-6412  [006] ...1  6355.620763: do_swap_page: prefetch miss 6355 "GLThread 445" 7e9eb27000 1750de
 .candycrushsaga-6355  [007] ...1  6355.620786: do_swap_page: prefetch miss 6355 ".candycrushsaga" 7eac3f1000 1750e1
 .candycrushsaga-6355  [007] ....  6355.620796: do_swap_page: prefetch fault 6355 ".candycrushsaga" 7eac4a7000 1750e2
           <...>-654   [002] ...1  6355.620862: do_swap_page: prefetch miss 602 "ImageManager" 7fba643000 1650bf
           <...>-654   [002] ....  6355.620889: do_swap_page: prefetch fault 602 "ImageManager" 7fba644000 1650c0
    GLThread 445-6412  [006] ....  6355.620942: do_swap_page: prefetch fault 6355 "GLThread 445" 7eaf20e000 181003
 .candycrushsaga-6355  [007] ...1  6355.622719: do_swap_page: prefetch miss 6355 ".candycrushsaga" 7eac4a7000 1750e2
 .candycrushsaga-6355  [007] ....  6355.622727: do_swap_page: prefetch fault 6355 ".candycrushsaga" 7eac4a8000 1750e3
           <...>-654   [002] ...1  6355.622777: do_swap_page: prefetch miss 602 "ImageManager" 7fba644000 1650c0
    GLThread 445-6412  [006] ...1  6355.622790: do_swap_page: prefetch miss 6355 "GLThread 445" 7eaf20e000 181003
           <...>-654   [002] ....  6355.622884: do_swap_page: prefetch fault 602 "ImageManager" 7fbe1f6000 1022
 .candycrushsaga-6355  [007] ...1  6355.625367: do_swap_page: prefetch miss 6355 ".candycrushsaga" 7eac4a8000 1750e3
 .candycrushsaga-6355  [007] ....  6355.625397: do_swap_page: prefetch fault 6355 ".candycrushsaga" 7eac4a9000 1750e4
           <...>-654   [002] ...1  6355.625509: do_swap_page: prefetch miss 602 "ImageManager" 7fbe1f6000 1022
           <...>-654   [002] ....  6355.625532: do_swap_page: prefetch fault 602 "ImageManager" 7fbe1f4000 1023
 .candycrushsaga-6355  [007] ...1  6355.627546: do_swap_page: prefetch miss 6355 ".candycrushsaga" 7eac4a9000 1750e4
 .candycrushsaga-6355  [007] ....  6355.627560: do_swap_page: prefetch fault 6355 ".candycrushsaga" 7f28fee000 1750e5
           <...>-654   [002] ...1  6355.627634: do_swap_page: prefetch miss 602 "ImageManager" 7fbe1f4000 1023
           <...>-654   [002] ....  6355.627681: do_swap_page: prefetch fault 602 "ImageManager" 7fba64d000 1650c1
 .candycrushsaga-6355  [007] ...1  6355.630575: do_swap_page: prefetch miss 6355 ".candycrushsaga" 7f28fee000 1750e5
 .candycrushsaga-6355  [007] ....  6355.630584: do_swap_page: prefetch fault 6355 ".candycrushsaga" 7eac3fe000 1750e7
           <...>-654   [002] ...1  6355.630646: do_swap_page: prefetch miss 602 "ImageManager" 7fba64d000 1650c1
           <...>-654   [002] ....  6355.630676: do_swap_page: prefetch fault 602 "ImageManager" 7fbe234000 1024
 .candycrushsaga-6355  [007] ...1  6355.632388: do_swap_page: prefetch miss 6355 ".candycrushsaga" 7eac3fe000 1750e7
 .candycrushsaga-6355  [007] ....  6355.632399: do_swap_page: prefetch fault 6355 ".candycrushsaga" 7eac100000 17d055
           <...>-654   [002] ...1  6355.632457: do_swap_page: prefetch miss 602 "ImageManager" 7fbe234000 1024
           <...>-654   [002] ....  6355.632483: do_swap_page: prefetch fault 602 "ImageManager" 7fbe1f8000 1025
 .candycrushsaga-6355  [007] ...1  6355.634358: do_swap_page: prefetch miss 6355 ".candycrushsaga" 7eac100000 17d055
 .candycrushsaga-6355  [007] ....  6355.634365: do_swap_page: prefetch fault 6355 ".candycrushsaga" 7eac4aa000 1750e9
           <...>-654   [002] ...1  6355.634418: do_swap_page: prefetch miss 602 "ImageManager" 7fbe1f8000 1025
           <...>-654   [002] ....  6355.634466: do_swap_page: prefetch fault 602 "ImageManager" 7fba64e000 1650c2
    GLThread 445-6412  [006] ....  6355.634808: do_swap_page: prefetch fault 6355 "GLThread 445" 7fbc15c000 1750e6
 .candycrushsaga-6355  [007] ...1  6355.636110: do_swap_page: prefetch miss 6355 ".candycrushsaga" 7eac4aa000 1750e9
 .candycrushsaga-6355  [007] ....  6355.636124: do_swap_page: prefetch fault 6355 ".candycrushsaga" 7ec6487000 1750ea
           <...>-654   [002] ...1  6355.636196: do_swap_page: prefetch miss 602 "ImageManager" 7fba64e000 1650c2
    GLThread 445-6412  [006] ...1  6355.636212: do_swap_page: prefetch miss 6355 "GLThread 445" 7fbc15c000 1750e6
           <...>-654   [002] ....  6355.636468: do_swap_page: prefetch fault 602 "ImageManager" 7fbe233000 1027
 .candycrushsaga-6355  [007] ...1  6355.638122: do_swap_page: prefetch miss 6355 ".candycrushsaga" 7ec6487000 1750ea
 .candycrushsaga-6355  [007] ....  6355.638129: do_swap_page: prefetch fault 6355 ".candycrushsaga" 7ec6488000 1750eb
           <...>-654   [002] ...1  6355.638191: do_swap_page: prefetch miss 602 "ImageManager" 7fbe233000 1027
           <...>-654   [002] ....  6355.638217: do_swap_page: prefetch fault 602 "ImageManager" 7fbe1c8000 1028
 .candycrushsaga-6355  [007] ...1  6355.639963: do_swap_page: prefetch miss 6355 ".candycrushsaga" 7ec6488000 1750eb
 .candycrushsaga-6355  [007] ....  6355.639977: do_swap_page: prefetch fault 6355 ".candycrushsaga" 7eac4ab000 17905c
           <...>-654   [002] ...1  6355.640043: do_swap_page: prefetch miss 602 "ImageManager" 7fbe1c8000 1028
           <...>-654   [002] ....  6355.640189: do_swap_page: prefetch fault 602 "ImageManager" 7fb92ed000 102c
 .candycrushsaga-6355  [007] ...1  6355.642235: do_swap_page: prefetch miss 6355 ".candycrushsaga" 7eac4ab000 17905c
 .candycrushsaga-6355  [007] ....  6355.642248: do_swap_page: prefetch fault 6355 ".candycrushsaga" 7ec6489000 1750ed
           <...>-654   [002] ...1  6355.642320: do_swap_page: prefetch miss 602 "ImageManager" 7fb92ed000 102c
 .candycrushsaga-6355  [007] ...1  6355.643897: do_swap_page: prefetch miss 6355 ".candycrushsaga" 7ec6489000 1750ed
 .candycrushsaga-6355  [007] ....  6355.643967: do_swap_page: prefetch fault 6355 ".candycrushsaga" 7eac4ac000 1750f0
 .candycrushsaga-6355  [007] ...1  6355.645949: do_swap_page: prefetch miss 6355 ".candycrushsaga" 7eac4ac000 1750f0
 .candycrushsaga-6355  [007] ....  6355.645963: do_swap_page: prefetch fault 6355 ".candycrushsaga" 7eac4ad000 1750f1
 .candycrushsaga-6355  [007] ...1  6355.647582: do_swap_page: prefetch miss 6355 ".candycrushsaga" 7eac4ad000 1750f1
 .candycrushsaga-6355  [007] ....  6355.647595: do_swap_page: prefetch fault 6355 ".candycrushsaga" 7eac4ae000 1750f2
 .candycrushsaga-6355  [007] ...1  6355.649946: do_swap_page: prefetch miss 6355 ".candycrushsaga" 7eac4ae000 1750f2
 .candycrushsaga-6355  [007] ....  6355.649971: do_swap_page: prefetch fault 6355 ".candycrushsaga" 7eac4b6000 181012
 .candycrushsaga-6355  [007] ...1  6355.651654: do_swap_page: prefetch miss 6355 ".candycrushsaga" 7eac4b6000 181012
 .candycrushsaga-6355  [007] ....  6355.651666: do_swap_page: prefetch fault 6355 ".candycrushsaga" 7eac4b7000 181013
    GLThread 445-6412  [006] ....  6355.652127: do_swap_page: prefetch fault 6355 "GLThread 445" 7e9ee10000 18100d
 .candycrushsaga-6355  [007] ...1  6355.653798: do_swap_page: prefetch miss 6355 ".candycrushsaga" 7eac4b7000 181013
 .candycrushsaga-6355  [007] ....  6355.653808: do_swap_page: prefetch fault 6355 ".candycrushsaga" 7eac4b8000 181014
    GLThread 445-6412  [006] ...1  6355.653865: do_swap_page: prefetch miss 6355 "GLThread 445" 7e9ee10000 18100d
    GLThread 445-6412  [006] ....  6355.653915: do_swap_page: prefetch fault 6355 "GLThread 445" 7eafc6e000 18100e
 .candycrushsaga-6355  [007] ...1  6355.655857: do_swap_page: prefetch miss 6355 ".candycrushsaga" 7eac4b8000 181014
 .candycrushsaga-6355  [007] ....  6355.655883: do_swap_page: prefetch fault 6355 ".candycrushsaga" 7ec6462000 181016
    GLThread 445-6412  [006] ...1  6355.655944: do_swap_page: prefetch miss 6355 "GLThread 445" 7eafc6e000 18100e
    GLThread 445-6412  [005] ....  6355.655983: do_swap_page: prefetch fault 6355 "GLThread 445" 7eaf984000 18100f
 .candycrushsaga-6355  [007] ...1  6355.657977: do_swap_page: prefetch miss 6355 ".candycrushsaga" 7ec6462000 181016
 .candycrushsaga-6355  [007] ....  6355.657986: do_swap_page: prefetch fault 6355 ".candycrushsaga" 7ec649d000 181017
    GLThread 445-6412  [006] ...1  6355.658036: do_swap_page: prefetch miss 6355 "GLThread 445" 7eaf984000 18100f
    GLThread 445-6412  [006] ....  6355.658084: do_swap_page: prefetch fault 6355 "GLThread 445" 7eaf06b000 181010
 .candycrushsaga-6355  [007] ...1  6355.659969: do_swap_page: prefetch miss 6355 ".candycrushsaga" 7ec649d000 181017
 .candycrushsaga-6355  [007] ....  6355.659977: do_swap_page: prefetch fault 6355 ".candycrushsaga" 7ec649e000 181018
    GLThread 445-6412  [006] ...1  6355.660031: do_swap_page: prefetch miss 6355 "GLThread 445" 7eaf06b000 181010
    GLThread 445-6412  [006] ....  6355.660074: do_swap_page: prefetch fault 6355 "GLThread 445" 7eaf268000 181011
 .candycrushsaga-6355  [007] ...1  6355.661987: do_swap_page: prefetch miss 6355 ".candycrushsaga" 7ec649e000 181018
           <...>-6395  [007] ....  6355.662158: do_swap_page: prefetch fault 6355 "RenderThread" 7f28fbd000 181019
    GLThread 445-6412  [006] ...1  6355.662294: do_swap_page: prefetch miss 6355 "GLThread 445" 7eaf268000 181011
    GLThread 445-6412  [006] ....  6355.662342: do_swap_page: prefetch fault 6355 "GLThread 445" 7eb0443000 1750db
           <...>-6395  [007] ...1  6355.664232: do_swap_page: prefetch miss 6355 "RenderThread" 7f28fbd000 181019
           <...>-6395  [007] ....  6355.664242: do_swap_page: prefetch fault 6355 "RenderThread" 7ec61fb000 18101a
    GLThread 445-6412  [006] ...1  6355.664297: do_swap_page: prefetch miss 6355 "GLThread 445" 7eb0443000 1750db
    GLThread 445-6412  [006] ....  6355.664334: do_swap_page: prefetch fault 6355 "GLThread 445" 7eac149000 1750dc
           <...>-6395  [007] ...1  6355.668233: do_swap_page: prefetch miss 6355 "RenderThread" 7ec61fb000 18101a
           <...>-6395  [007] ....  6355.668239: do_swap_page: prefetch fault 6355 "RenderThread" 7ec61ff000 18101b
    GLThread 445-6412  [006] ...1  6355.668286: do_swap_page: prefetch miss 6355 "GLThread 445" 7eac149000 1750dc
           <...>-6395  [007] ...1  6355.670728: do_swap_page: prefetch miss 6355 "RenderThread" 7ec61ff000 18101b
           <...>-6395  [007] ....  6355.670741: do_swap_page: prefetch fault 6355 "RenderThread" 7ec6441000 1d089
           <...>-6395  [007] ...1  6355.672412: do_swap_page: prefetch miss 6355 "RenderThread" 7ec6441000 1d089
           <...>-6395  [007] ....  6355.672419: do_swap_page: prefetch fault 6355 "RenderThread" 7ec61ea000 18101c
           <...>-6395  [007] ...1  6355.675397: do_swap_page: prefetch miss 6355 "RenderThread" 7ec61ea000 18101c
           <...>-6395  [007] ....  6355.675408: do_swap_page: prefetch fault 6355 "RenderThread" 7f28b8e000 18101d
           <...>-6395  [007] ...1  6355.678052: do_swap_page: prefetch miss 6355 "RenderThread" 7f28b8e000 18101d
           <...>-6395  [007] ....  6355.678058: do_swap_page: prefetch fault 6355 "RenderThread" 7f28bc6000 1d08c
           <...>-6395  [007] ...1  6355.679739: do_swap_page: prefetch miss 6355 "RenderThread" 7f28bc6000 1d08c
           <...>-6395  [007] ....  6355.679745: do_swap_page: prefetch fault 6355 "RenderThread" 7f28bc7000 18101e
           <...>-6395  [007] ...1  6355.681863: do_swap_page: prefetch miss 6355 "RenderThread" 7f28bc7000 18101e
           <...>-6395  [007] ....  6355.681871: do_swap_page: prefetch fault 6355 "RenderThread" 7ed1ab7000 18101f
           <...>-6395  [007] ...1  6355.685314: do_swap_page: prefetch miss 6355 "RenderThread" 7ed1ab7000 18101f
           <...>-6395  [007] ....  6355.685327: do_swap_page: prefetch fault 6355 "RenderThread" 7ed1ad6000 181020
           <...>-6395  [007] ...1  6355.687230: do_swap_page: prefetch miss 6355 "RenderThread" 7ed1ad6000 181020
           <...>-6395  [007] ....  6355.687237: do_swap_page: prefetch fault 6355 "RenderThread" 7ec6380000 1d090
           <...>-6395  [007] ...1  6355.688851: do_swap_page: prefetch miss 6355 "RenderThread" 7ec6380000 1d090
           <...>-6395  [007] ....  6355.688856: do_swap_page: prefetch fault 6355 "RenderThread" 7f28fb1000 181021
           <...>-6395  [007] ...1  6355.692301: do_swap_page: prefetch miss 6355 "RenderThread" 7f28fb1000 181021
           <...>-6395  [007] ....  6355.692312: do_swap_page: prefetch fault 6355 "RenderThread" 7f28edb000 181022
           <...>-6395  [007] ...1  6355.694323: do_swap_page: prefetch miss 6355 "RenderThread" 7f28edb000 181022
           <...>-6395  [007] ....  6355.694335: do_swap_page: prefetch fault 6355 "RenderThread" 7f28fb2000 181023
           <...>-6395  [007] ...1  6355.696703: do_swap_page: prefetch miss 6355 "RenderThread" 7f28fb2000 181023
           <...>-6395  [007] ....  6355.696709: do_swap_page: prefetch fault 6355 "RenderThread" 7f28edc000 181024
           <...>-6395  [007] ...1  6355.699202: do_swap_page: prefetch miss 6355 "RenderThread" 7f28edc000 181024
           <...>-6395  [007] ....  6355.699223: do_swap_page: prefetch fault 6355 "RenderThread" 7f28fe6000 181025
           <...>-6395  [007] ...1  6355.700998: do_swap_page: prefetch miss 6355 "RenderThread" 7f28fe6000 181025
           <...>-6395  [007] ....  6355.701030: do_swap_page: prefetch fault 6355 "RenderThread" 7f28a93000 181027
           <...>-6395  [007] ...1  6355.702767: do_swap_page: prefetch miss 6355 "RenderThread" 7f28a93000 181027
           <...>-6395  [007] ....  6355.702792: do_swap_page: prefetch fault 6355 "RenderThread" 7f28b18000 181029
           <...>-6395  [007] ...1  6355.705817: do_swap_page: prefetch miss 6355 "RenderThread" 7f28b18000 181029
           <...>-6415  [007] ....  6355.705982: do_swap_page: prefetch fault 6355 "hwuiTask0" 7f318bd000 18102a
           <...>-6395  [007] ....  6355.706340: do_swap_page: prefetch fault 6355 "RenderThread" 7ec8d17000 181031
           <...>-6415  [007] ...1  6355.708290: do_swap_page: prefetch miss 6355 "hwuiTask0" 7f318bd000 18102a
           <...>-630   [007] ....  6355.708563: do_swap_page: prefetch fault 602 "Binder:602_2" 7fbc964000 1650c3
           <...>-6395  [007] ...1  6355.708620: do_swap_page: prefetch miss 6355 "RenderThread" 7ec8d17000 181031
           <...>-6395  [007] ....  6355.708652: do_swap_page: prefetch fault 6355 "RenderThread" 7ec8d18000 181032
           <...>-630   [007] ...1  6355.710219: do_swap_page: prefetch miss 602 "Binder:602_2" 7fbc964000 1650c3
           <...>-630   [007] ....  6355.710259: do_swap_page: prefetch fault 602 "Binder:602_2" 7fbc963000 102b
           <...>-6395  [007] ...1  6355.710300: do_swap_page: prefetch miss 6355 "RenderThread" 7ec8d18000 181032
           <...>-6395  [007] ....  6355.710310: do_swap_page: prefetch fault 6355 "RenderThread" 7ec8d19000 181033
           <...>-630   [007] ...1  6355.712655: do_swap_page: prefetch miss 602 "Binder:602_2" 7fbc963000 102b
           <...>-6395  [007] ...1  6355.712787: do_swap_page: prefetch miss 6355 "RenderThread" 7ec8d19000 181033
           <...>-6395  [007] ....  6355.712804: do_swap_page: prefetch fault 6355 "RenderThread" 7ec8d16000 181034
           <...>-6395  [007] ...1  6355.715336: do_swap_page: prefetch miss 6355 "RenderThread" 7ec8d16000 181034
           <...>-6395  [007] ....  6355.715382: do_swap_page: prefetch fault 6355 "RenderThread" 7ec61e5000 181035
           <...>-6395  [007] ...1  6355.717571: do_swap_page: prefetch miss 6355 "RenderThread" 7ec61e5000 181035
           <...>-6395  [007] ....  6355.717584: do_swap_page: prefetch fault 6355 "RenderThread" 7ec61fc000 181036
           <...>-6395  [007] ...1  6355.719281: do_swap_page: prefetch miss 6355 "RenderThread" 7ec61fc000 181036
           <...>-6395  [007] ....  6355.719313: do_swap_page: prefetch fault 6355 "RenderThread" 7fbb31b000 1d09b
           <...>-6395  [007] ...1  6355.723271: do_swap_page: prefetch miss 6355 "RenderThread" 7fbb31b000 1d09b
           <...>-6395  [007] ....  6355.723285: do_swap_page: prefetch fault 6355 "RenderThread" 7ec61dc000 181037
           <...>-6395  [007] ...1  6355.725050: do_swap_page: prefetch miss 6355 "RenderThread" 7ec61dc000 181037
           <...>-6395  [007] ....  6355.725056: do_swap_page: prefetch fault 6355 "RenderThread" 7ec61dd000 181038
           <...>-6395  [007] ...1  6355.727957: do_swap_page: prefetch miss 6355 "RenderThread" 7ec61dd000 181038
           <...>-6395  [007] ....  6355.727987: do_swap_page: prefetch fault 6355 "RenderThread" 7ec64a8000 18102d
           <...>-6395  [007] ...1  6355.730312: do_swap_page: prefetch miss 6355 "RenderThread" 7ec64a8000 18102d
           <...>-6395  [007] ....  6355.730319: do_swap_page: prefetch fault 6355 "RenderThread" 7ec64a9000 181039
           <...>-6395  [007] ...1  6355.734568: do_swap_page: prefetch miss 6355 "RenderThread" 7ec64a9000 181039
           <...>-6395  [007] ....  6355.734597: do_swap_page: prefetch fault 6355 "RenderThread" 7ec64c7000 18103a
    GLThread 445-6412  [005] ....  6355.735268: do_swap_page: prefetch fault 6355 "GLThread 445" 7eafdb6000 181026
           <...>-6395  [007] ...1  6355.736851: do_swap_page: prefetch miss 6355 "RenderThread" 7ec64c7000 18103a
           <...>-6395  [007] ....  6355.736876: do_swap_page: prefetch fault 6355 "RenderThread" 7ec8d15000 1750f3
    GLThread 445-6412  [005] ...1  6355.736938: do_swap_page: prefetch miss 6355 "GLThread 445" 7eafdb6000 181026
           <...>-6395  [007] ...1  6355.738564: do_swap_page: prefetch miss 6355 "RenderThread" 7ec8d15000 1750f3
           <...>-6395  [007] ....  6355.738576: do_swap_page: prefetch fault 6355 "RenderThread" 7ec8d14000 17d02e
           <...>-6395  [007] ...1  6355.740630: do_swap_page: prefetch miss 6355 "RenderThread" 7ec8d14000 17d02e
           <...>-6395  [007] ....  6355.740644: do_swap_page: prefetch fault 6355 "RenderThread" 7ec8d13000 17d02f
           <...>-6395  [007] ...1  6355.742721: do_swap_page: prefetch miss 6355 "RenderThread" 7ec8d13000 17d02f
           <...>-6395  [007] ....  6355.742760: do_swap_page: prefetch fault 6355 "RenderThread" 7f28c64000 17d031
           <...>-6395  [007] ...1  6355.744874: do_swap_page: prefetch miss 6355 "RenderThread" 7f28c64000 17d031
           <...>-6395  [007] ....  6355.744886: do_swap_page: prefetch fault 6355 "RenderThread" 7ed1af8000 17d033
           <...>-6395  [007] ...1  6355.747707: do_swap_page: prefetch miss 6355 "RenderThread" 7ed1af8000 17d033
           <...>-6395  [007] ....  6355.747718: do_swap_page: prefetch fault 6355 "RenderThread" 7ed1af3000 17d037
           <...>-6395  [007] ...1  6355.750057: do_swap_page: prefetch miss 6355 "RenderThread" 7ed1af3000 17d037
           <...>-6395  [007] ....  6355.750072: do_swap_page: prefetch fault 6355 "RenderThread" 7f28d9d000 21044
           <...>-6395  [007] ...1  6355.751784: do_swap_page: prefetch miss 6355 "RenderThread" 7f28d9d000 21044
           <...>-6395  [007] ....  6355.751798: do_swap_page: prefetch fault 6355 "RenderThread" 7f28d9e000 21045
    GLThread 445-6412  [005] ....  6355.751928: do_swap_page: prefetch fault 6355 "GLThread 445" 7eaf5df000 181028
           <...>-6395  [007] ...1  6355.753894: do_swap_page: prefetch miss 6355 "RenderThread" 7f28d9e000 21045
           <...>-6395  [007] ....  6355.754004: do_swap_page: prefetch fault 6355 "RenderThread" 7f28fe2000 17d03f
    GLThread 445-6412  [005] ...1  6355.754070: do_swap_page: prefetch miss 6355 "GLThread 445" 7eaf5df000 181028
           <...>-6395  [007] ...1  6355.756072: do_swap_page: prefetch miss 6355 "RenderThread" 7f28fe2000 17d03f
           <...>-6395  [007] ....  6355.756081: do_swap_page: prefetch fault 6355 "RenderThread" 7ec6497000 17d041
           <...>-6395  [007] ...1  6355.758472: do_swap_page: prefetch miss 6355 "RenderThread" 7ec6497000 17d041
           <...>-6395  [007] ....  6355.758483: do_swap_page: prefetch fault 6355 "RenderThread" 7ec6496000 17d043
           <...>-6395  [007] ...1  6355.760142: do_swap_page: prefetch miss 6355 "RenderThread" 7ec6496000 17d043
           <...>-6395  [007] ....  6355.760154: do_swap_page: prefetch fault 6355 "RenderThread" 7f28f65000 510ae
           <...>-6395  [007] ...1  6355.762346: do_swap_page: prefetch miss 6355 "RenderThread" 7f28f65000 510ae
           <...>-6395  [007] ....  6355.762354: do_swap_page: prefetch fault 6355 "RenderThread" 7f28f66000 2104a
           <...>-6395  [007] ...1  6355.764201: do_swap_page: prefetch miss 6355 "RenderThread" 7f28f66000 2104a
           <...>-6395  [007] ....  6355.764211: do_swap_page: prefetch fault 6355 "RenderThread" 7ec6207000 17905d
           <...>-6395  [007] ...1  6355.765892: do_swap_page: prefetch miss 6355 "RenderThread" 7ec6207000 17905d
           <...>-6395  [007] ....  6355.765907: do_swap_page: prefetch fault 6355 "RenderThread" 7f28fe3000 179060
           <...>-6395  [007] ...1  6355.769715: do_swap_page: prefetch miss 6355 "RenderThread" 7f28fe3000 179060
           <...>-6395  [007] ....  6355.769732: do_swap_page: prefetch fault 6355 "RenderThread" 7ec61db000 179062
           <...>-6395  [007] ...1  6355.772046: do_swap_page: prefetch miss 6355 "RenderThread" 7ec61db000 179062
