   system_server-1344  [005] ...1  4002.678006: do_swap_page: prefetch miss 1344 "system_server" 7f20cea000 2903b
           <...>-1368  [005] ....  4002.678364: do_swap_page: prefetch fault 1344 "android.anim" 7f21265000 d03d
           <...>-2936  [005] ...1  4002.678418: do_swap_page: prefetch miss 2547 "Binder:2547_4" 7f28d6e000 310cd
           <...>-2936  [005] ....  4002.678617: do_swap_page: prefetch fault 2547 "Binder:2547_4" 7f23642000 310ce
    Binder:908_4-5188  [006] ...1  4002.679813: do_swap_page: prefetch miss 908 "Binder:908_4" 7fbd4f8000 290dc
    Binder:908_4-5188  [006] ....  4002.679893: do_swap_page: prefetch fault 908 "Binder:908_4" 7fbe359000 290de
 Chrome_IOThread-6617  [007] ...1  4002.679969: do_swap_page: prefetch miss 6355 "Chrome_IOThread" 7e9b41d000 310cb
 Chrome_IOThread-6617  [007] ....  4002.679981: do_swap_page: prefetch fault 6355 "Chrome_IOThread" 7e9b41b000 2501b
           <...>-6065  [000] ...1  4002.682122: do_swap_page: prefetch miss 6034 "Binder:6034_3" 7fbe178000 2903d
           <...>-6065  [000] ....  4002.682273: do_swap_page: prefetch fault 6034 "Binder:6034_3" 13047000 2903e
           <...>-1368  [005] ...1  4002.682331: do_swap_page: prefetch miss 1344 "android.anim" 7f21265000 d03d
           <...>-1368  [005] ....  4002.682539: do_swap_page: prefetch fault 1344 "android.anim" 7f28b64000 2508d
           <...>-2936  [005] ...1  4002.682546: do_swap_page: prefetch miss 2547 "Binder:2547_4" 7f23642000 310ce
    Binder:908_4-5188  [006] ...1  4002.682638: do_swap_page: prefetch miss 908 "Binder:908_4" 7fbe359000 290de
    Binder:908_4-5188  [006] ....  4002.682718: do_swap_page: prefetch fault 908 "Binder:908_4" 7fbda46000 210e5
           <...>-2936  [006] ....  4002.682727: do_swap_page: prefetch fault 2547 "Binder:2547_4" 7f23643000 310d0
 Chrome_IOThread-6617  [007] ...1  4002.682749: do_swap_page: prefetch miss 6355 "Chrome_IOThread" 7e9b41b000 2501b
 Chrome_IOThread-6617  [007] ....  4002.682757: do_swap_page: prefetch fault 6355 "Chrome_IOThread" 7e9b42b000 2501c
           <...>-6065  [000] ...1  4002.684859: do_swap_page: prefetch miss 6034 "Binder:6034_3" 13047000 2903e
           <...>-6065  [000] ....  4002.685159: do_swap_page: prefetch fault 6034 "Binder:6034_3" 7f28c38000 310d4
           <...>-2936  [006] ...1  4002.685208: do_swap_page: prefetch miss 2547 "Binder:2547_4" 7f23643000 310d0
           <...>-1368  [005] ...1  4002.685209: do_swap_page: prefetch miss 1344 "android.anim" 7f28b64000 2508d
           <...>-2936  [006] ....  4002.685265: do_swap_page: prefetch fault 2547 "Binder:2547_4" 7ec365f000 310d3
           <...>-1368  [005] ....  4002.685282: do_swap_page: prefetch fault 1344 "android.anim" 7f28a89000 d03e
    Binder:908_4-5188  [005] ...1  4002.685290: do_swap_page: prefetch miss 908 "Binder:908_4" 7fbda46000 210e5
    Binder:908_4-5188  [005] ....  4002.685321: do_swap_page: prefetch fault 908 "Binder:908_4" 1d55554000 210e6
 Chrome_IOThread-6617  [007] ...1  4002.685336: do_swap_page: prefetch miss 6355 "Chrome_IOThread" 7e9b42b000 2501c
 Chrome_IOThread-6617  [007] ....  4002.685352: do_swap_page: prefetch fault 6355 "Chrome_IOThread" 7ec5edd000 310d5
           <...>-6065  [001] ...1  4002.687424: do_swap_page: prefetch miss 6034 "Binder:6034_3" 7f28c38000 310d4
           <...>-6065  [001] ....  4002.687600: do_swap_page: prefetch fault 6034 "Binder:6034_3" 7fbc15d000 29040
           <...>-2936  [006] ...1  4002.687645: do_swap_page: prefetch miss 2547 "Binder:2547_4" 7ec365f000 310d3
           <...>-2936  [006] ....  4002.687682: do_swap_page: prefetch fault 2547 "Binder:2547_4" 7f23641000 3d061
           <...>-1368  [007] ...1  4002.687710: do_swap_page: prefetch miss 1344 "android.anim" 7f28a89000 d03e
           <...>-1368  [007] ....  4002.687839: do_swap_page: prefetch fault 1344 "android.anim" 7f28b63000 d03f
    Binder:908_4-5188  [005] ...1  4002.687842: do_swap_page: prefetch miss 908 "Binder:908_4" 1d55554000 210e6
    Binder:908_4-5188  [005] ....  4002.687897: do_swap_page: prefetch fault 908 "Binder:908_4" 1855557000 2d041
 Chrome_IOThread-6617  [007] ...1  4002.687964: do_swap_page: prefetch miss 6355 "Chrome_IOThread" 7ec5edd000 310d5
 Chrome_IOThread-6617  [007] ....  4002.687981: do_swap_page: prefetch fault 6355 "Chrome_IOThread" 7e9b432000 25020
           <...>-6065  [001] ...1  4002.689587: do_swap_page: prefetch miss 6034 "Binder:6034_3" 7fbc15d000 29040
           <...>-6065  [001] ....  4002.689708: do_swap_page: prefetch fault 6034 "Binder:6034_3" 13087000 29041
           <...>-2936  [006] ...1  4002.689764: do_swap_page: prefetch miss 2547 "Binder:2547_4" 7f23641000 3d061
           <...>-1368  [007] ...1  4002.689893: do_swap_page: prefetch miss 1344 "android.anim" 7f28b63000 d03f
           <...>-2936  [006] ....  4002.689932: do_swap_page: prefetch fault 2547 "Binder:2547_4" 7f3099e000 1d0cc
           <...>-1368  [007] ....  4002.689955: do_swap_page: prefetch fault 1344 "android.anim" 7fbccb0000 3d062
    Binder:908_4-5188  [005] ...1  4002.690032: do_swap_page: prefetch miss 908 "Binder:908_4" 1855557000 2d041
    Binder:908_4-5188  [005] ....  4002.690053: do_swap_page: prefetch fault 908 "Binder:908_4" 185555c000 2d054
 Chrome_IOThread-6617  [007] ...1  4002.690156: do_swap_page: prefetch miss 6355 "Chrome_IOThread" 7e9b432000 25020
 Chrome_IOThread-6617  [007] ....  4002.690174: do_swap_page: prefetch fault 6355 "Chrome_IOThread" 7eaf068000 25021
           <...>-6065  [000] ...1  4002.691780: do_swap_page: prefetch miss 6034 "Binder:6034_3" 13087000 29041
           <...>-6065  [000] ....  4002.691813: do_swap_page: prefetch fault 6034 "Binder:6034_3" 130c1000 310d8
           <...>-1368  [007] ...1  4002.692029: do_swap_page: prefetch miss 1344 "android.anim" 7fbccb0000 3d062
           <...>-1368  [007] ....  4002.692090: do_swap_page: prefetch fault 1344 "android.anim" 7e6f6ed000 3d064
    Binder:908_4-5188  [005] ...1  4002.692231: do_swap_page: prefetch miss 908 "Binder:908_4" 185555c000 2d054
    Binder:908_4-5188  [005] ....  4002.692356: do_swap_page: prefetch fault 908 "Binder:908_4" 7fbc234000 108a
           <...>-2936  [006] ...1  4002.692411: do_swap_page: prefetch miss 2547 "Binder:2547_4" 7f3099e000 1d0cc
 Chrome_IOThread-6617  [007] ...1  4002.692496: do_swap_page: prefetch miss 6355 "Chrome_IOThread" 7eaf068000 25021
 Chrome_IOThread-6617  [007] ....  4002.692514: do_swap_page: prefetch fault 6355 "Chrome_IOThread" 7eac5df000 3d067
           <...>-2936  [006] ....  4002.692550: do_swap_page: prefetch fault 2547 "Binder:2547_4" 7f23655000 3d066
           <...>-6065  [001] ...1  4002.694208: do_swap_page: prefetch miss 6034 "Binder:6034_3" 130c1000 310d8
           <...>-6065  [001] ....  4002.694319: do_swap_page: prefetch fault 6034 "Binder:6034_3" 7f35113000 3d065
           <...>-1368  [007] ...1  4002.694394: do_swap_page: prefetch miss 1344 "android.anim" 7e6f6ed000 3d064
           <...>-1368  [007] ....  4002.694407: do_swap_page: prefetch fault 1344 "android.anim" 7e6f6ee000 3d068
    Binder:908_4-5188  [005] ...1  4002.694467: do_swap_page: prefetch miss 908 "Binder:908_4" 7fbc234000 108a
    Binder:908_4-5188  [005] ....  4002.694478: do_swap_page: prefetch fault 908 "Binder:908_4" 1855555000 210eb
           <...>-2936  [006] ...1  4002.694555: do_swap_page: prefetch miss 2547 "Binder:2547_4" 7f23655000 3d066
 Chrome_IOThread-6617  [007] ...1  4002.694723: do_swap_page: prefetch miss 6355 "Chrome_IOThread" 7eac5df000 3d067
 Chrome_IOThread-6617  [007] ....  4002.694760: do_swap_page: prefetch fault 6355 "Chrome_IOThread" 7e8d2cf000 3d075
           <...>-2936  [006] ....  4002.695032: do_swap_page: prefetch fault 2547 "Binder:2547_4" 7f23656000 3d06a
           <...>-6065  [000] ...1  4002.696253: do_swap_page: prefetch miss 6034 "Binder:6034_3" 7f35113000 3d065
           <...>-6065  [000] ....  4002.696413: do_swap_page: prefetch fault 6034 "Binder:6034_3" 7f28c57000 3d069
           <...>-1368  [007] ...1  4002.696482: do_swap_page: prefetch miss 1344 "android.anim" 7e6f6ee000 3d068
           <...>-1368  [007] ....  4002.696496: do_swap_page: prefetch fault 1344 "android.anim" 7e6f6ef000 3d06c
    Binder:908_4-5188  [005] ...1  4002.696568: do_swap_page: prefetch miss 908 "Binder:908_4" 1855555000 210eb
 Chrome_IOThread-6617  [007] ...1  4002.696594: do_swap_page: prefetch miss 6355 "Chrome_IOThread" 7e8d2cf000 3d075
    Binder:908_4-5188  [005] ....  4002.696611: do_swap_page: prefetch fault 908 "Binder:908_4" 185555f000 290e3
 Chrome_IOThread-6617  [007] ....  4002.696611: do_swap_page: prefetch fault 6355 "Chrome_IOThread" 7e9b567000 3d06b
           <...>-2936  [006] ...1  4002.696862: do_swap_page: prefetch miss 2547 "Binder:2547_4" 7f23656000 3d06a
           <...>-6065  [001] ...1  4002.698671: do_swap_page: prefetch miss 6034 "Binder:6034_3" 7f28c57000 3d069
           <...>-6065  [001] ....  4002.698786: do_swap_page: prefetch fault 6034 "Binder:6034_3" 7fbe22e000 3d06d
           <...>-1368  [007] ...1  4002.698829: do_swap_page: prefetch miss 1344 "android.anim" 7e6f6ef000 3d06c
           <...>-1368  [007] ....  4002.698843: do_swap_page: prefetch fault 1344 "android.anim" 7e6f6f0000 3d06f
 Chrome_IOThread-6617  [007] ...1  4002.698942: do_swap_page: prefetch miss 6355 "Chrome_IOThread" 7e9b567000 3d06b
 Chrome_IOThread-6617  [007] ....  4002.698991: do_swap_page: prefetch fault 6355 "Chrome_IOThread" 7e9bef9000 3d06e
    Binder:908_4-5188  [005] ...1  4002.699025: do_swap_page: prefetch miss 908 "Binder:908_4" 185555f000 290e3
    Binder:908_4-5188  [005] ....  4002.699043: do_swap_page: prefetch fault 908 "Binder:908_4" 1855556000 290e6
           <...>-6065  [000] ...1  4002.700882: do_swap_page: prefetch miss 6034 "Binder:6034_3" 7fbe22e000 3d06d
           <...>-6065  [000] ....  4002.701122: do_swap_page: prefetch fault 6034 "Binder:6034_3" 7fbe162000 3d071
           <...>-1368  [007] ...1  4002.701166: do_swap_page: prefetch miss 1344 "android.anim" 7e6f6f0000 3d06f
           <...>-1368  [007] ....  4002.701175: do_swap_page: prefetch fault 1344 "android.anim" 7e6f6f1000 3d073
           <...>-6034  [000] ....  4002.701295: do_swap_page: prefetch fault 6034 "roid.smartboard" 7fffffd000 3d070
 Chrome_IOThread-6617  [007] ...1  4002.701345: do_swap_page: prefetch miss 6355 "Chrome_IOThread" 7e9bef9000 3d06e
    Binder:908_4-5188  [005] ...1  4002.701357: do_swap_page: prefetch miss 908 "Binder:908_4" 1855556000 290e6
 Chrome_IOThread-6617  [007] ....  4002.701379: do_swap_page: prefetch fault 6355 "Chrome_IOThread" 7eac490000 3d072
    Binder:908_4-5188  [005] ....  4002.701381: do_swap_page: prefetch fault 908 "Binder:908_4" 7fbd829000 2d043
           <...>-1368  [007] ...1  4002.704966: do_swap_page: prefetch miss 1344 "android.anim" 7e6f6f1000 3d073
           <...>-6034  [000] ...1  4002.704971: do_swap_page: prefetch miss 6034 "roid.smartboard" 7fffffd000 3d070
           <...>-1368  [007] ....  4002.704980: do_swap_page: prefetch fault 1344 "android.anim" 7e6f6f2000 35036
           <...>-6034  [000] ....  4002.705112: do_swap_page: prefetch fault 6034 "roid.smartboard" 7fbe491000 25082
           <...>-6065  [000] ...1  4002.705125: do_swap_page: prefetch miss 6034 "Binder:6034_3" 7fbe162000 3d071
 Chrome_IOThread-6617  [007] ...1  4002.705131: do_swap_page: prefetch miss 6355 "Chrome_IOThread" 7eac490000 3d072
    Binder:908_4-5188  [005] ...1  4002.705135: do_swap_page: prefetch miss 908 "Binder:908_4" 7fbd829000 2d043
    Binder:908_4-5188  [005] ....  4002.705150: do_swap_page: prefetch fault 908 "Binder:908_4" 7f36ce0000 90fd
           <...>-6065  [000] ....  4002.705157: do_swap_page: prefetch fault 6034 "Binder:6034_3" 7fbe1fc000 3d074
           <...>-6728  [007] ....  4002.705196: do_swap_page: prefetch fault 6594 "Chrome_ChildIOT" e211a000 3d076
           <...>-1368  [007] ...1  4002.707217: do_swap_page: prefetch miss 1344 "android.anim" 7e6f6f2000 35036
           <...>-1368  [007] ....  4002.707230: do_swap_page: prefetch fault 1344 "android.anim" 7e6f6f3000 3503a
           <...>-6034  [001] ...1  4002.707360: do_swap_page: prefetch miss 6034 "roid.smartboard" 7fbe491000 25082
           <...>-6034  [001] ....  4002.707498: do_swap_page: prefetch fault 6034 "roid.smartboard" 7fbe1a2000 35037
    Binder:908_4-5188  [005] ...1  4002.707541: do_swap_page: prefetch miss 908 "Binder:908_4" 7f36ce0000 90fd
    Binder:908_4-5188  [005] ....  4002.707551: do_swap_page: prefetch fault 908 "Binder:908_4" 1a55553000 2d044
           <...>-6728  [007] ...1  4002.707605: do_swap_page: prefetch miss 6594 "Chrome_ChildIOT" e211a000 3d076
           <...>-6728  [007] ....  4002.707620: do_swap_page: prefetch fault 6594 "Chrome_ChildIOT" cc31a000 35039
           <...>-6065  [000] ...1  4002.707728: do_swap_page: prefetch miss 6034 "Binder:6034_3" 7fbe1fc000 3d074
           <...>-6065  [000] ....  4002.707827: do_swap_page: prefetch fault 6034 "Binder:6034_3" 7ecc0e6000 35038
           <...>-1368  [007] ...1  4002.709362: do_swap_page: prefetch miss 1344 "android.anim" 7e6f6f3000 3503a
           <...>-1368  [007] ....  4002.709372: do_swap_page: prefetch fault 1344 "android.anim" 7e6f6f4000 3503e
           <...>-6034  [000] ...1  4002.709598: do_swap_page: prefetch miss 6034 "roid.smartboard" 7fbe1a2000 35037
           <...>-6034  [000] ....  4002.709697: do_swap_page: prefetch fault 6034 "roid.smartboard" 7fbe1a3000 3503b
           <...>-6728  [007] ...1  4002.709739: do_swap_page: prefetch miss 6594 "Chrome_ChildIOT" cc31a000 35039
           <...>-6728  [007] ....  4002.709749: do_swap_page: prefetch fault 6594 "Chrome_ChildIOT" e2118000 3503d
    Binder:908_4-5188  [005] ...1  4002.709870: do_swap_page: prefetch miss 908 "Binder:908_4" 1a55553000 2d044
    Binder:908_4-5188  [005] ....  4002.709903: do_swap_page: prefetch fault 908 "Binder:908_4" 7f36d3d000 d0ab
           <...>-6065  [001] ...1  4002.710064: do_swap_page: prefetch miss 6034 "Binder:6034_3" 7ecc0e6000 35038
           <...>-6065  [001] ....  4002.710149: do_swap_page: prefetch fault 6034 "Binder:6034_3" 7f2d618000 3503c
           <...>-1368  [007] ...1  4002.711443: do_swap_page: prefetch miss 1344 "android.anim" 7e6f6f4000 3503e
           <...>-1368  [007] ....  4002.711453: do_swap_page: prefetch fault 1344 "android.anim" 7e6f6f5000 35044
           <...>-6034  [001] ...1  4002.711659: do_swap_page: prefetch miss 6034 "roid.smartboard" 7fbe1a3000 3503b
           <...>-6034  [001] ....  4002.711753: do_swap_page: prefetch fault 6034 "roid.smartboard" 7fbe25a000 3503f
           <...>-6728  [007] ...1  4002.711801: do_swap_page: prefetch miss 6594 "Chrome_ChildIOT" e2118000 3503d
           <...>-6728  [007] ....  4002.711843: do_swap_page: prefetch fault 6594 "Chrome_ChildIOT" e206c000 35041
    Binder:908_4-5188  [005] ...1  4002.711850: do_swap_page: prefetch miss 908 "Binder:908_4" 7f36d3d000 d0ab
    Binder:908_4-5188  [005] ....  4002.711878: do_swap_page: prefetch fault 908 "Binder:908_4" 205555f000 2d045
           <...>-6065  [001] ...1  4002.713215: do_swap_page: prefetch miss 6034 "Binder:6034_3" 7f2d618000 3503c
           <...>-6065  [001] ....  4002.713307: do_swap_page: prefetch fault 6034 "Binder:6034_3" 7eb34cd000 2904a
           <...>-1368  [007] ...1  4002.713843: do_swap_page: prefetch miss 1344 "android.anim" 7e6f6f5000 35044
           <...>-1368  [007] ....  4002.713860: do_swap_page: prefetch fault 1344 "android.anim" 7e6f71f000 35046
           <...>-6034  [000] ...1  4002.714015: do_swap_page: prefetch miss 6034 "roid.smartboard" 7fbe25a000 3503f
           <...>-6034  [001] ....  4002.714170: do_swap_page: prefetch fault 6034 "roid.smartboard" 7fffffb000 210a3
           <...>-6728  [007] ...1  4002.714254: do_swap_page: prefetch miss 6594 "Chrome_ChildIOT" e206c000 35041
    Binder:908_4-5188  [005] ...1  4002.714263: do_swap_page: prefetch miss 908 "Binder:908_4" 205555f000 2d045
           <...>-6728  [007] ....  4002.714289: do_swap_page: prefetch fault 6594 "Chrome_ChildIOT" f0e18000 35045
    Binder:908_4-5188  [005] ....  4002.714704: do_swap_page: prefetch fault 908 "Binder:908_4" 7fbdc58000 d0af
           <...>-6065  [000] ...1  4002.716145: do_swap_page: prefetch miss 6034 "Binder:6034_3" 7eb34cd000 2904a
           <...>-6065  [000] ....  4002.716282: do_swap_page: prefetch fault 6034 "Binder:6034_3" 7fbe1c5000 35042
           <...>-1368  [007] ...1  4002.716327: do_swap_page: prefetch miss 1344 "android.anim" 7e6f71f000 35046
           <...>-1368  [007] ....  4002.716337: do_swap_page: prefetch fault 1344 "android.anim" 7e6f720000 35048
           <...>-6034  [001] ...1  4002.716394: do_swap_page: prefetch miss 6034 "roid.smartboard" 7fffffb000 210a3
           <...>-6034  [001] ....  4002.716508: do_swap_page: prefetch fault 6034 "roid.smartboard" 73050000 210a4
           <...>-6728  [007] ...1  4002.716526: do_swap_page: prefetch miss 6594 "Chrome_ChildIOT" f0e18000 35045
           <...>-6728  [007] ....  4002.716548: do_swap_page: prefetch fault 6594 "Chrome_ChildIOT" f7a2c000 35047
    Binder:908_4-5188  [005] ...1  4002.716659: do_swap_page: prefetch miss 908 "Binder:908_4" 7fbdc58000 d0af
    Binder:908_4-5188  [005] ....  4002.716671: do_swap_page: prefetch fault 908 "Binder:908_4" 7f3bb4a000 d0b0
           <...>-6065  [000] ...1  4002.719158: do_swap_page: prefetch miss 6034 "Binder:6034_3" 7fbe1c5000 35042
           <...>-6065  [000] ....  4002.719271: do_swap_page: prefetch fault 6034 "Binder:6034_3" 7f39804000 310cf
           <...>-1368  [007] ...1  4002.719320: do_swap_page: prefetch miss 1344 "android.anim" 7e6f720000 35048
           <...>-1368  [007] ....  4002.719330: do_swap_page: prefetch fault 1344 "android.anim" 7e6f721000 3504a
           <...>-6034  [001] ...1  4002.719418: do_swap_page: prefetch miss 6034 "roid.smartboard" 73050000 210a4
           <...>-6034  [001] ....  4002.719512: do_swap_page: prefetch fault 6034 "roid.smartboard" 731bd000 210a5
           <...>-6728  [007] ...1  4002.719550: do_swap_page: prefetch miss 6594 "Chrome_ChildIOT" f7a2c000 35047
           <...>-6728  [007] ....  4002.719597: do_swap_page: prefetch fault 6594 "Chrome_ChildIOT" cc319000 35049
    Binder:908_4-5188  [005] ...1  4002.719603: do_swap_page: prefetch miss 908 "Binder:908_4" 7f3bb4a000 d0b0
    Binder:908_4-5188  [005] ....  4002.719618: do_swap_page: prefetch fault 908 "Binder:908_4" 1b55556000 2d051
           <...>-6065  [000] ...1  4002.721586: do_swap_page: prefetch miss 6034 "Binder:6034_3" 7f39804000 310cf
           <...>-6065  [000] ....  4002.721700: do_swap_page: prefetch fault 6034 "Binder:6034_3" 7fbe307000 310d1
           <...>-1368  [007] ...1  4002.721777: do_swap_page: prefetch miss 1344 "android.anim" 7e6f721000 3504a
           <...>-1368  [007] ....  4002.721786: do_swap_page: prefetch fault 1344 "android.anim" 7e6f722000 3504e
           <...>-6728  [007] ...1  4002.721862: do_swap_page: prefetch miss 6594 "Chrome_ChildIOT" cc319000 35049
           <...>-6034  [000] ...1  4002.721911: do_swap_page: prefetch miss 6034 "roid.smartboard" 731bd000 210a5
    Binder:908_4-5188  [005] ...1  4002.721929: do_swap_page: prefetch miss 908 "Binder:908_4" 1b55556000 2d051
           <...>-6034  [000] ....  4002.721938: do_swap_page: prefetch fault 6034 "roid.smartboard" 13051000 3504b
    Binder:908_4-5188  [005] ....  4002.721944: do_swap_page: prefetch fault 908 "Binder:908_4" 185555a000 2d04a
           <...>-6728  [007] ....  4002.721977: do_swap_page: prefetch fault 6594 "Chrome_ChildIOT" e2124000 3504c
           <...>-6065  [001] ...1  4002.723903: do_swap_page: prefetch miss 6034 "Binder:6034_3" 7fbe307000 310d1
           <...>-6065  [001] ....  4002.724082: do_swap_page: prefetch fault 6034 "Binder:6034_3" 7f39806000 310d2
           <...>-1368  [007] ...1  4002.724137: do_swap_page: prefetch miss 1344 "android.anim" 7e6f722000 3504e
           <...>-1368  [007] ....  4002.724147: do_swap_page: prefetch fault 1344 "android.anim" 7e6f723000 35051
           <...>-6034  [000] ...1  4002.724288: do_swap_page: prefetch miss 6034 "roid.smartboard" 13051000 3504b
           <...>-6034  [000] ....  4002.724399: do_swap_page: prefetch fault 6034 "roid.smartboard" 7fbddde000 35050
           <...>-6728  [007] ...1  4002.724449: do_swap_page: prefetch miss 6594 "Chrome_ChildIOT" e2124000 3504c
    Binder:908_4-5188  [005] ...1  4002.724459: do_swap_page: prefetch miss 908 "Binder:908_4" 185555a000 2d04a
           <...>-6728  [007] ....  4002.724489: do_swap_page: prefetch fault 6594 "Chrome_ChildIOT" f7a1f000 3504f
    Binder:908_4-5188  [005] ....  4002.724493: do_swap_page: prefetch fault 908 "Binder:908_4" 1955552000 2d049
           <...>-6065  [001] ...1  4002.726637: do_swap_page: prefetch miss 6034 "Binder:6034_3" 7f39806000 310d2
           <...>-6065  [001] ....  4002.726791: do_swap_page: prefetch fault 6034 "Binder:6034_3" 130bf000 2506e
           <...>-1368  [007] ...1  4002.726852: do_swap_page: prefetch miss 1344 "android.anim" 7e6f723000 35051
           <...>-1368  [007] ....  4002.726863: do_swap_page: prefetch fault 1344 "android.anim" 7e6f724000 310d6
           <...>-6728  [007] ...1  4002.727084: do_swap_page: prefetch miss 6594 "Chrome_ChildIOT" f7a1f000 3504f
           <...>-6728  [007] ....  4002.727105: do_swap_page: prefetch fault 6594 "Chrome_ChildIOT" d6cf8000 35052
           <...>-6034  [000] ...1  4002.727270: do_swap_page: prefetch miss 6034 "roid.smartboard" 7fbddde000 35050
    Binder:908_4-5188  [005] ...1  4002.727290: do_swap_page: prefetch miss 908 "Binder:908_4" 1955552000 2d049
           <...>-6034  [000] ....  4002.727398: do_swap_page: prefetch fault 6034 "roid.smartboard" 72e39000 25072
    Binder:908_4-5188  [005] ....  4002.727487: do_swap_page: prefetch fault 908 "Binder:908_4" 1b5555f000 2d04e
           <...>-6065  [001] ...1  4002.734679: do_swap_page: prefetch miss 6034 "Binder:6034_3" 130bf000 2506e
           <...>-6065  [001] ....  4002.734778: do_swap_page: prefetch fault 6034 "Binder:6034_3" 130be000 2506f
           <...>-1368  [007] ...1  4002.734827: do_swap_page: prefetch miss 1344 "android.anim" 7e6f724000 310d6
           <...>-1368  [007] ....  4002.734837: do_swap_page: prefetch fault 1344 "android.anim" 7e6f725000 310d9
           <...>-6728  [007] ...1  4002.735011: do_swap_page: prefetch miss 6594 "Chrome_ChildIOT" d6cf8000 35052
           <...>-6728  [007] ....  4002.735085: do_swap_page: prefetch fault 6594 "Chrome_ChildIOT" e2116000 310d7
           <...>-6034  [000] ...1  4002.735205: do_swap_page: prefetch miss 6034 "roid.smartboard" 72e39000 25072
           <...>-6034  [000] ....  4002.735246: do_swap_page: prefetch fault 6034 "roid.smartboard" 13077000 2904b
    Binder:908_4-5188  [005] ...1  4002.735364: do_swap_page: prefetch miss 908 "Binder:908_4" 1b5555f000 2d04e
    Binder:908_4-5188  [005] ....  4002.735392: do_swap_page: prefetch fault 908 "Binder:908_4" 185555d000 210ea
           <...>-6065  [000] ...1  4002.737268: do_swap_page: prefetch miss 6034 "Binder:6034_3" 130be000 2506f
           <...>-6065  [000] ....  4002.737376: do_swap_page: prefetch fault 6034 "Binder:6034_3" 1307e000 3504d
           <...>-1368  [007] ...1  4002.737411: do_swap_page: prefetch miss 1344 "android.anim" 7e6f725000 310d9
           <...>-1368  [007] ....  4002.737421: do_swap_page: prefetch fault 1344 "android.anim" 7e6f726000 310dc
           <...>-6728  [007] ...1  4002.737483: do_swap_page: prefetch miss 6594 "Chrome_ChildIOT" e2116000 310d7
           <...>-6728  [007] ....  4002.737532: do_swap_page: prefetch fault 6594 "Chrome_ChildIOT" e20f1000 310da
           <...>-6034  [001] ...1  4002.737668: do_swap_page: prefetch miss 6034 "roid.smartboard" 13077000 2904b
           <...>-6034  [001] ....  4002.737709: do_swap_page: prefetch fault 6034 "roid.smartboard" 7fbc15f000 310db
    Binder:908_4-5188  [005] ...1  4002.737907: do_swap_page: prefetch miss 908 "Binder:908_4" 185555d000 210ea
    Binder:908_4-5188  [005] ....  4002.738009: do_swap_page: prefetch fault 908 "Binder:908_4" 1755566000 290e9
           <...>-6065  [001] ...1  4002.739818: do_swap_page: prefetch miss 6034 "Binder:6034_3" 1307e000 3504d
           <...>-6065  [001] ....  4002.739937: do_swap_page: prefetch fault 6034 "Binder:6034_3" 7f395f1000 25071
           <...>-1368  [007] ...1  4002.739975: do_swap_page: prefetch miss 1344 "android.anim" 7e6f726000 310dc
           <...>-1368  [007] ....  4002.739987: do_swap_page: prefetch fault 1344 "android.anim" 7e6f727000 310e0
           <...>-6728  [007] ...1  4002.740027: do_swap_page: prefetch miss 6594 "Chrome_ChildIOT" e20f1000 310da
           <...>-6728  [007] ....  4002.740075: do_swap_page: prefetch fault 6594 "Chrome_ChildIOT" e2055000 310dd
           <...>-6034  [000] ...1  4002.740098: do_swap_page: prefetch miss 6034 "roid.smartboard" 7fbc15f000 310db
           <...>-6034  [001] ....  4002.740210: do_swap_page: prefetch fault 6034 "roid.smartboard" 7fbc15c000 2904c
    Binder:908_4-5188  [005] ...1  4002.740239: do_swap_page: prefetch miss 908 "Binder:908_4" 1755566000 290e9
           <...>-21743 [005] ....  4002.740306: do_swap_page: prefetch fault 910 "generic" f3550000 250d9
           <...>-6065  [000] ...1  4002.741927: do_swap_page: prefetch miss 6034 "Binder:6034_3" 7f395f1000 25071
           <...>-1368  [007] ...1  4002.742090: do_swap_page: prefetch miss 1344 "android.anim" 7e6f727000 310e0
           <...>-1368  [007] ....  4002.742125: do_swap_page: prefetch fault 1344 "android.anim" 7e70f7f000 35053
           <...>-6728  [007] ...1  4002.742290: do_swap_page: prefetch miss 6594 "Chrome_ChildIOT" e2055000 310dd
           <...>-6034  [000] ...1  4002.742322: do_swap_page: prefetch miss 6034 "roid.smartboard" 7fbc15c000 2904c
           <...>-21743 [005] ...1  4002.742325: do_swap_page: prefetch miss 910 "generic" f3550000 250d9
           <...>-6728  [007] ....  4002.742343: do_swap_page: prefetch fault 6594 "Chrome_ChildIOT" f7b36000 310e1
           <...>-21743 [005] ....  4002.742349: do_swap_page: prefetch fault 910 "generic" f3544000 2d028
           <...>-6034  [000] ....  4002.742445: do_swap_page: prefetch fault 6034 "roid.smartboard" 1305e000 310e2
           <...>-6065  [000] ....  4002.742454: do_swap_page: prefetch fault 6034 "Binder:6034_3" 7fbc15e000 25074
           <...>-6065  [001] ...1  4002.746264: do_swap_page: prefetch miss 6034 "Binder:6034_3" 7fbc15e000 25074
           <...>-6065  [001] ....  4002.746449: do_swap_page: prefetch fault 6034 "Binder:6034_3" 7ecc12f000 310de
           <...>-1368  [007] ...1  4002.746614: do_swap_page: prefetch miss 1344 "android.anim" 7e70f7f000 35053
           <...>-1368  [007] ....  4002.746831: do_swap_page: prefetch fault 1344 "android.anim" 7e7bfd3000 d042
           <...>-6728  [007] ...1  4002.746836: do_swap_page: prefetch miss 6594 "Chrome_ChildIOT" f7b36000 310e1
           <...>-6728  [007] ....  4002.746887: do_swap_page: prefetch fault 6594 "Chrome_ChildIOT" cc874000 35054
           <...>-6034  [000] ...1  4002.746982: do_swap_page: prefetch miss 6034 "roid.smartboard" 1305e000 310e2
           <...>-6034  [000] ....  4002.747077: do_swap_page: prefetch fault 6034 "roid.smartboard" 7fbc15b000 35055
           <...>-21743 [005] ...1  4002.747153: do_swap_page: prefetch miss 910 "generic" f3544000 2d028
    Binder:908_4-5188  [001] ....  4002.747606: do_swap_page: prefetch fault 908 "Binder:908_4" 7fbc03f000 2d053
           <...>-6065  [000] ...1  4002.748909: do_swap_page: prefetch miss 6034 "Binder:6034_3" 7ecc12f000 310de
           <...>-6065  [000] ....  4002.749101: do_swap_page: prefetch fault 6034 "Binder:6034_3" 7fbe1ca000 3d079
           <...>-1368  [007] ...1  4002.749148: do_swap_page: prefetch miss 1344 "android.anim" 7e7bfd3000 d042
           <...>-1368  [007] ....  4002.749187: do_swap_page: prefetch fault 1344 "android.anim" 7e63dd4000 d044
           <...>-6728  [007] ...1  4002.749274: do_swap_page: prefetch miss 6594 "Chrome_ChildIOT" cc874000 35054
           <...>-6728  [007] ....  4002.749327: do_swap_page: prefetch fault 6594 "Chrome_ChildIOT" e5487000 35057
           <...>-6034  [000] ...1  4002.749742: do_swap_page: prefetch miss 6034 "roid.smartboard" 7fbc15b000 35055
           <...>-6034  [000] ....  4002.749842: do_swap_page: prefetch fault 6034 "roid.smartboard" 7f28c45000 35058
    Binder:908_4-5188  [001] ...1  4002.750086: do_swap_page: prefetch miss 908 "Binder:908_4" 7fbc03f000 2d053
    Binder:908_4-5188  [001] ....  4002.750228: do_swap_page: prefetch fault 908 "Binder:908_4" 185555e000 2d048
           <...>-6065  [000] ...1  4002.751348: do_swap_page: prefetch miss 6034 "Binder:6034_3" 7fbe1ca000 3d079
           <...>-6065  [000] ....  4002.751444: do_swap_page: prefetch fault 6034 "Binder:6034_3" 7fb9ba8000 25077
           <...>-1368  [007] ...1  4002.753285: do_swap_page: prefetch miss 1344 "android.anim" 7e63dd4000 d044
           <...>-1368  [007] ....  4002.753343: do_swap_page: prefetch fault 1344 "android.anim" 7e63dd5000 104f
           <...>-6728  [007] ...1  4002.753348: do_swap_page: prefetch miss 6594 "Chrome_ChildIOT" e5487000 35057
           <...>-6728  [007] ....  4002.753413: do_swap_page: prefetch fault 6594 "Chrome_ChildIOT" e5463000 35059
           <...>-6034  [000] ...1  4002.753538: do_swap_page: prefetch miss 6034 "roid.smartboard" 7f28c45000 35058
           <...>-6034  [000] ....  4002.753639: do_swap_page: prefetch fault 6034 "roid.smartboard" 7fbf6ff000 29050
    Binder:908_4-5188  [001] ...1  4002.753688: do_swap_page: prefetch miss 908 "Binder:908_4" 185555e000 2d048
    Binder:908_4-5188  [001] ....  4002.753872: do_swap_page: prefetch fault 908 "Binder:908_4" 7fbc531000 2d056
           <...>-6065  [000] ...1  4002.754945: do_swap_page: prefetch miss 6034 "Binder:6034_3" 7fb9ba8000 25077
           <...>-6065  [000] ....  4002.755024: do_swap_page: prefetch fault 6034 "Binder:6034_3" 7fbe229000 35056
           <...>-1368  [007] ...1  4002.755548: do_swap_page: prefetch miss 1344 "android.anim" 7e63dd5000 104f
           <...>-1368  [007] ....  4002.755602: do_swap_page: prefetch fault 1344 "android.anim" 7e63dd6000 1050
           <...>-6728  [007] ...1  4002.755694: do_swap_page: prefetch miss 6594 "Chrome_ChildIOT" e5463000 35059
           <...>-6728  [007] ....  4002.755748: do_swap_page: prefetch fault 6594 "Chrome_ChildIOT" cc57d000 25037
           <...>-6034  [000] ...1  4002.755789: do_swap_page: prefetch miss 6034 "roid.smartboard" 7fbf6ff000 29050
           <...>-6034  [000] ....  4002.755867: do_swap_page: prefetch fault 6034 "roid.smartboard" 13048000 29051
    Binder:908_4-5188  [001] ...1  4002.756129: do_swap_page: prefetch miss 908 "Binder:908_4" 7fbc531000 2d056
    Binder:908_4-5188  [001] ....  4002.756220: do_swap_page: prefetch fault 908 "Binder:908_4" 1c55560000 2d057
           <...>-6065  [001] ...1  4002.757461: do_swap_page: prefetch miss 6034 "Binder:6034_3" 7fbe229000 35056
           <...>-6065  [001] ....  4002.757598: do_swap_page: prefetch fault 6034 "Binder:6034_3" 7306f000 25079
           <...>-1368  [007] ...1  4002.757647: do_swap_page: prefetch miss 1344 "android.anim" 7e63dd6000 1050
           <...>-1368  [007] ....  4002.757690: do_swap_page: prefetch fault 1344 "android.anim" 7ed0dd4000 903f
           <...>-6728  [007] ...1  4002.757892: do_swap_page: prefetch miss 6594 "Chrome_ChildIOT" cc57d000 25037
           <...>-6728  [007] ....  4002.757933: do_swap_page: prefetch fault 6594 "Chrome_ChildIOT" cc52f000 25038
           <...>-6034  [001] ...1  4002.758017: do_swap_page: prefetch miss 6034 "roid.smartboard" 13048000 29051
           <...>-6034  [001] ....  4002.758111: do_swap_page: prefetch fault 6034 "roid.smartboard" 13076000 29052
    Binder:908_4-5188  [001] ...1  4002.758169: do_swap_page: prefetch miss 908 "Binder:908_4" 1c55560000 2d057
    Binder:908_4-5188  [001] ....  4002.758256: do_swap_page: prefetch fault 908 "Binder:908_4" 7f3bb46000 50c2
           <...>-6065  [001] ...1  4002.759994: do_swap_page: prefetch miss 6034 "Binder:6034_3" 7306f000 25079
           <...>-6065  [001] ....  4002.760124: do_swap_page: prefetch fault 6034 "Binder:6034_3" 7f35112000 3505a
           <...>-1368  [007] ...1  4002.760160: do_swap_page: prefetch miss 1344 "android.anim" 7ed0dd4000 903f
           <...>-6034  [001] ...1  4002.760178: do_swap_page: prefetch miss 6034 "roid.smartboard" 13076000 29052
    Binder:908_4-5188  [000] ...1  4002.760212: do_swap_page: prefetch miss 908 "Binder:908_4" 7f3bb46000 50c2
           <...>-1368  [007] ....  4002.760254: do_swap_page: prefetch fault 1344 "android.anim" 9f380000 9040
           <...>-6728  [007] ...1  4002.760261: do_swap_page: prefetch miss 6594 "Chrome_ChildIOT" cc52f000 25038
           <...>-6728  [007] ....  4002.760268: do_swap_page: prefetch fault 6594 "Chrome_ChildIOT" e5468000 3505b
           <...>-6034  [001] ....  4002.760348: do_swap_page: prefetch fault 6034 "roid.smartboard" 7fbe15d000 310e4
    Binder:908_4-5188  [000] ....  4002.760933: do_swap_page: prefetch fault 908 "Binder:908_4" 1c55555000 2d059
           <...>-6065  [000] ...1  4002.762356: do_swap_page: prefetch miss 6034 "Binder:6034_3" 7f35112000 3505a
           <...>-1368  [007] ...1  4002.762599: do_swap_page: prefetch miss 1344 "android.anim" 9f380000 9040
           <...>-6034  [001] ...1  4002.762615: do_swap_page: prefetch miss 6034 "roid.smartboard" 7fbe15d000 310e4
           <...>-6065  [000] ....  4002.762619: do_swap_page: prefetch fault 6034 "Binder:6034_3" 7fbe167000 2507b
    Binder:908_4-5188  [000] ...1  4002.762631: do_swap_page: prefetch miss 908 "Binder:908_4" 1c55555000 2d059
           <...>-6034  [001] ....  4002.762634: do_swap_page: prefetch fault 6034 "roid.smartboard" 7fbe15c000 310e6
    Binder:908_4-5188  [000] ....  4002.762652: do_swap_page: prefetch fault 908 "Binder:908_4" 1c5555f000 2d05a
           <...>-1368  [007] ....  4002.762677: do_swap_page: prefetch fault 1344 "android.anim" 9f1b0000 9041
           <...>-6728  [007] ...1  4002.762682: do_swap_page: prefetch miss 6594 "Chrome_ChildIOT" e5468000 3505b
           <...>-6728  [007] ....  4002.762717: do_swap_page: prefetch fault 6594 "Chrome_ChildIOT" cc522000 310e5
           <...>-6065  [001] ...1  4002.765518: do_swap_page: prefetch miss 6034 "Binder:6034_3" 7fbe167000 2507b
           <...>-6065  [001] ....  4002.765645: do_swap_page: prefetch fault 6034 "Binder:6034_3" 7f3980a000 35040
           <...>-1368  [007] ...1  4002.765689: do_swap_page: prefetch miss 1344 "android.anim" 9f1b0000 9041
           <...>-6034  [001] ...1  4002.765706: do_swap_page: prefetch miss 6034 "roid.smartboard" 7fbe15c000 310e6
    Binder:908_4-5188  [000] ...1  4002.765732: do_swap_page: prefetch miss 908 "Binder:908_4" 1c5555f000 2d05a
    Binder:908_4-5188  [000] ....  4002.765751: do_swap_page: prefetch fault 908 "Binder:908_4" 1c55559000 2d05b
           <...>-6034  [000] ....  4002.765771: do_swap_page: prefetch fault 6034 "roid.smartboard" 7fbe294000 310e9
           <...>-1368  [007] ....  4002.766140: do_swap_page: prefetch fault 1344 "android.anim" 7e729b3000 3d078
           <...>-6728  [007] ...1  4002.766145: do_swap_page: prefetch miss 6594 "Chrome_ChildIOT" cc522000 310e5
           <...>-6728  [007] ....  4002.766179: do_swap_page: prefetch fault 6594 "Chrome_ChildIOT" e2028000 310e7
           <...>-6065  [000] ...1  4002.768765: do_swap_page: prefetch miss 6034 "Binder:6034_3" 7f3980a000 35040
           <...>-6034  [000] ...1  4002.768994: do_swap_page: prefetch miss 6034 "roid.smartboard" 7fbe294000 310e9
           <...>-1368  [007] ...1  4002.769037: do_swap_page: prefetch miss 1344 "android.anim" 7e729b3000 3d078
           <...>-6034  [000] ....  4002.769085: do_swap_page: prefetch fault 6034 "roid.smartboard" 7fbe1cb000 310ec
           <...>-6065  [000] ....  4002.769093: do_swap_page: prefetch fault 6034 "Binder:6034_3" 7fbe1f9000 2507e
    Binder:908_4-5188  [000] ...1  4002.769113: do_swap_page: prefetch miss 908 "Binder:908_4" 1c55559000 2d05b
           <...>-1368  [007] ....  4002.769354: do_swap_page: prefetch fault 1344 "android.anim" 9f36e000 1051
           <...>-6728  [007] ...1  4002.769399: do_swap_page: prefetch miss 6594 "Chrome_ChildIOT" e2028000 310e7
    Binder:908_4-5188  [000] ....  4002.769422: do_swap_page: prefetch fault 908 "Binder:908_4" 375555f000 2d061
           <...>-6728  [007] ....  4002.769447: do_swap_page: prefetch fault 6594 "Chrome_ChildIOT" f0d97000 310ea
           <...>-6065  [000] ...1  4002.772814: do_swap_page: prefetch miss 6034 "Binder:6034_3" 7fbe1f9000 2507e
           <...>-6065  [000] ....  4002.772890: do_swap_page: prefetch fault 6034 "Binder:6034_3" 13043000 310e8
           <...>-6034  [001] ...1  4002.772990: do_swap_page: prefetch miss 6034 "roid.smartboard" 7fbe1cb000 310ec
           <...>-6034  [001] ....  4002.773068: do_swap_page: prefetch fault 6034 "roid.smartboard" 7f2d145000 25088
           <...>-1368  [007] ...1  4002.773213: do_swap_page: prefetch miss 1344 "android.anim" 9f36e000 1051
    Binder:908_4-5188  [000] ...1  4002.773240: do_swap_page: prefetch miss 908 "Binder:908_4" 375555f000 2d061
    Binder:908_4-5188  [000] ....  4002.773399: do_swap_page: prefetch fault 908 "Binder:908_4" 1855554000 290df
           <...>-1368  [007] ....  4002.773783: do_swap_page: prefetch fault 1344 "android.anim" 7e63dd8000 904f
           <...>-6728  [007] ...1  4002.773790: do_swap_page: prefetch miss 6594 "Chrome_ChildIOT" f0d97000 310ea
           <...>-6728  [007] ....  4002.773809: do_swap_page: prefetch fault 6594 "Chrome_ChildIOT" cb6a8000 310eb
           <...>-6065  [001] ...1  4002.775502: do_swap_page: prefetch miss 6034 "Binder:6034_3" 13043000 310e8
           <...>-6065  [001] ....  4002.775549: do_swap_page: prefetch fault 6034 "Binder:6034_3" 130c5000 3d077
           <...>-6034  [000] ...1  4002.775608: do_swap_page: prefetch miss 6034 "roid.smartboard" 7f2d145000 25088
           <...>-6034  [000] ....  4002.775631: do_swap_page: prefetch fault 6034 "roid.smartboard" 7fffffc000 310ed
    Binder:908_4-5188  [000] ...1  4002.775765: do_swap_page: prefetch miss 908 "Binder:908_4" 1855554000 290df
    Binder:908_4-5188  [000] ....  4002.775854: do_swap_page: prefetch fault 908 "Binder:908_4" 1c5555e000 290e0
           <...>-1368  [007] ...1  4002.776108: do_swap_page: prefetch miss 1344 "android.anim" 7e63dd8000 904f
           <...>-1368  [007] ....  4002.776127: do_swap_page: prefetch fault 1344 "android.anim" 7fbb31b000 2d004
           <...>-6728  [007] ...1  4002.776169: do_swap_page: prefetch miss 6594 "Chrome_ChildIOT" cb6a8000 310eb
           <...>-6728  [007] ....  4002.776202: do_swap_page: prefetch fault 6594 "Chrome_ChildIOT" e20a8000 2503f
           <...>-6065  [000] ...1  4002.778628: do_swap_page: prefetch miss 6034 "Binder:6034_3" 130c5000 3d077
           <...>-6034  [001] ...1  4002.778732: do_swap_page: prefetch miss 6034 "roid.smartboard" 7fffffc000 310ed
    Binder:908_4-5188  [000] ...1  4002.778758: do_swap_page: prefetch miss 908 "Binder:908_4" 1c5555e000 290e0
           <...>-6034  [001] ....  4002.778829: do_swap_page: prefetch fault 6034 "roid.smartboard" 7f28b85000 310f0
           <...>-1368  [007] ...1  4002.778959: do_swap_page: prefetch miss 1344 "android.anim" 7fbb31b000 2d004
           <...>-1368  [007] ....  4002.778969: do_swap_page: prefetch fault 1344 "android.anim" 7f28b18000 310ef
           <...>-6728  [007] ...1  4002.778974: do_swap_page: prefetch miss 6594 "Chrome_ChildIOT" e20a8000 2503f
           <...>-6728  [007] ....  4002.778988: do_swap_page: prefetch fault 6594 "Chrome_ChildIOT" cc528000 25040
    Binder:908_4-5188  [000] ....  4002.781634: do_swap_page: prefetch fault 908 "Binder:908_4" 1855558000 210e9
           <...>-6034  [000] ...1  4002.783328: do_swap_page: prefetch miss 6034 "roid.smartboard" 7f28b85000 310f0
           <...>-1368  [007] ...1  4002.783445: do_swap_page: prefetch miss 1344 "android.anim" 7f28b18000 310ef
           <...>-6034  [000] ....  4002.783717: do_swap_page: prefetch fault 6034 "roid.smartboard" 7f28ac4000 310f2
           <...>-6728  [007] ...1  4002.783948: do_swap_page: prefetch miss 6594 "Chrome_ChildIOT" cc528000 25040
           <...>-6728  [007] ....  4002.783962: do_swap_page: prefetch fault 6594 "Chrome_ChildIOT" f7a8a000 310ee
           <...>-733   [007] ....  4002.784151: do_swap_page: prefetch fault 602 "Binder:602_3" 7fba797000 250d0
    Binder:908_4-5188  [000] ...1  4002.784376: do_swap_page: prefetch miss 908 "Binder:908_4" 1855558000 210e9
    Binder:908_4-5188  [000] ....  4002.784468: do_swap_page: prefetch fault 908 "Binder:908_4" 1c55554000 290e1
           <...>-6034  [000] ...1  4002.785310: do_swap_page: prefetch miss 6034 "roid.smartboard" 7f28ac4000 310f2
           <...>-6034  [000] ....  4002.785406: do_swap_page: prefetch fault 6034 "roid.smartboard" 7fbe1d0000 310f3
           <...>-6728  [007] ...1  4002.785452: do_swap_page: prefetch miss 6594 "Chrome_ChildIOT" f7a8a000 310ee
           <...>-6728  [007] ....  4002.785468: do_swap_page: prefetch fault 6594 "Chrome_ChildIOT" e5409000 25042
           <...>-733   [007] ...1  4002.786039: do_swap_page: prefetch miss 602 "Binder:602_3" 7fba797000 250d0
    Binder:908_4-5188  [000] ...1  4002.786160: do_swap_page: prefetch miss 908 "Binder:908_4" 1c55554000 290e1
    Binder:908_4-5188  [000] ....  4002.786276: do_swap_page: prefetch fault 908 "Binder:908_4" 1c55556000 290e2
           <...>-1368  [007] ....  4002.786519: do_swap_page: prefetch fault 1344 "android.anim" 7f20ce6000 9064
           <...>-6034  [001] ...1  4002.787981: do_swap_page: prefetch miss 6034 "roid.smartboard" 7fbe1d0000 310f3
           <...>-6034  [001] ....  4002.788031: do_swap_page: prefetch fault 6034 "roid.smartboard" 7f2d61e000 310f4
           <...>-6728  [007] ...1  4002.788086: do_swap_page: prefetch miss 6594 "Chrome_ChildIOT" e5409000 25042
           <...>-6728  [007] ....  4002.788104: do_swap_page: prefetch fault 6594 "Chrome_ChildIOT" cc7dc000 25043
    Binder:908_4-5188  [000] ...1  4002.788249: do_swap_page: prefetch miss 908 "Binder:908_4" 1c55556000 290e2
    Binder:908_4-5188  [000] ....  4002.788279: do_swap_page: prefetch fault 908 "Binder:908_4" 1c55552000 290e4
           <...>-1368  [007] ...1  4002.788518: do_swap_page: prefetch miss 1344 "android.anim" 7f20ce6000 9064
 ndroid.systemui-1619  [005] ....  4002.788897: do_swap_page: prefetch fault 1619 "ndroid.systemui" 9f1d0000 310f6
           <...>-1369  [007] ....  4002.789207: do_swap_page: prefetch fault 1344 "android.anim.lf" 7ecb756000 310f5
           <...>-1368  [007] ....  4002.789210: do_swap_page: prefetch fault 1344 "android.anim" 7f28aa9000 25094
           <...>-1372  [003] ....  4002.789381: do_swap_page: prefetch fault 1344 "android.bg" 7fbf6fb000 505e
           <...>-6034  [000] ...1  4002.790105: do_swap_page: prefetch miss 6034 "roid.smartboard" 7f2d61e000 310f4
           <...>-6034  [000] ....  4002.790398: do_swap_page: prefetch fault 6034 "roid.smartboard" 1309a000 310f8
           <...>-6728  [007] ...1  4002.790431: do_swap_page: prefetch miss 6594 "Chrome_ChildIOT" cc7dc000 25043
           <...>-6728  [007] ....  4002.790455: do_swap_page: prefetch fault 6594 "Chrome_ChildIOT" f7b32000 25044
    Binder:908_4-5188  [000] ...1  4002.790468: do_swap_page: prefetch miss 908 "Binder:908_4" 1c55552000 290e4
    Binder:908_4-5188  [000] ....  4002.790604: do_swap_page: prefetch fault 908 "Binder:908_4" 1855561000 2d046
 ndroid.systemui-1619  [005] ...1  4002.790786: do_swap_page: prefetch miss 1619 "ndroid.systemui" 9f1d0000 310f6
 ndroid.systemui-1619  [005] ....  4002.790824: do_swap_page: prefetch fault 1619 "ndroid.systemui" 7f28cac000 310fa
           <...>-1368  [007] ...1  4002.792058: do_swap_page: prefetch miss 1344 "android.anim" 7f28aa9000 25094
           <...>-1368  [007] ....  4002.792072: do_swap_page: prefetch fault 1344 "android.anim" 7fbe1c6000 25095
           <...>-1369  [007] ...1  4002.792233: do_swap_page: prefetch miss 1344 "android.anim.lf" 7ecb756000 310f5
           <...>-1372  [003] ...1  4002.792242: do_swap_page: prefetch miss 1344 "android.bg" 7fbf6fb000 505e
           <...>-1369  [007] ....  4002.792251: do_swap_page: prefetch fault 1344 "android.anim.lf" 7ecb754000 310f9
           <...>-1372  [003] ....  4002.792265: do_swap_page: prefetch fault 1344 "android.bg" 7fbe4bd000 906b
           <...>-6034  [000] ...1  4002.793260: do_swap_page: prefetch miss 6034 "roid.smartboard" 1309a000 310f8
           <...>-6728  [007] ...1  4002.793380: do_swap_page: prefetch miss 6594 "Chrome_ChildIOT" f7b32000 25044
           <...>-6728  [007] ....  4002.793403: do_swap_page: prefetch fault 6594 "Chrome_ChildIOT" f0dfe000 310f7
    Binder:908_4-5188  [000] ...1  4002.793438: do_swap_page: prefetch miss 908 "Binder:908_4" 1855561000 2d046
           <...>-6034  [000] ....  4002.793627: do_swap_page: prefetch fault 6034 "roid.smartboard" 7f2d260000 2508f
    Binder:908_4-5188  [000] ....  4002.793635: do_swap_page: prefetch fault 908 "Binder:908_4" 1c5555b000 290e5
 ndroid.systemui-1619  [005] ...1  4002.794912: do_swap_page: prefetch miss 1619 "ndroid.systemui" 7f28cac000 310fa
 ndroid.systemui-1619  [005] ....  4002.795005: do_swap_page: prefetch fault 1619 "ndroid.systemui" 9f31c000 506a
           <...>-1939  [005] ....  4002.795018: do_swap_page: prefetch fault 1619 "pool-2-thread-1" 7ecf192000 310fd
           <...>-1368  [007] ...1  4002.795026: do_swap_page: prefetch miss 1344 "android.anim" 7fbe1c6000 25095
           <...>-1368  [007] ....  4002.795034: do_swap_page: prefetch fault 1344 "android.anim" 7f28ccb000 25096
           <...>-1369  [007] ...1  4002.795267: do_swap_page: prefetch miss 1344 "android.anim.lf" 7ecb754000 310f9
           <...>-1369  [007] ....  4002.795328: do_swap_page: prefetch fault 1344 "android.anim.lf" 7f28ce2000 310ff
           <...>-6728  [007] ...1  4002.795500: do_swap_page: prefetch miss 6594 "Chrome_ChildIOT" f0dfe000 310f7
           <...>-1372  [003] ...1  4002.795522: do_swap_page: prefetch miss 1344 "android.bg" 7fbe4bd000 906b
           <...>-1372  [003] ....  4002.795542: do_swap_page: prefetch fault 1344 "android.bg" 7fbe4be000 9073
           <...>-6728  [007] ....  4002.795561: do_swap_page: prefetch fault 6594 "Chrome_ChildIOT" f7a9f000 310fb
           <...>-6034  [000] ...1  4002.797371: do_swap_page: prefetch miss 6034 "roid.smartboard" 7f2d260000 2508f
           <...>-6034  [000] ....  4002.797493: do_swap_page: prefetch fault 6034 "roid.smartboard" 7fbc15a000 25090
    Binder:908_4-5188  [000] ...1  4002.797506: do_swap_page: prefetch miss 908 "Binder:908_4" 1c5555b000 290e5
    Binder:908_4-5188  [000] ....  4002.797548: do_swap_page: prefetch fault 908 "Binder:908_4" 1855559000 2d042
 ndroid.systemui-1619  [005] ...1  4002.797568: do_swap_page: prefetch miss 1619 "ndroid.systemui" 9f31c000 506a
 ndroid.systemui-1619  [005] ....  4002.797576: do_swap_page: prefetch fault 1619 "ndroid.systemui" 9f253000 506d
           <...>-1939  [005] ...1  4002.797686: do_swap_page: prefetch miss 1619 "pool-2-thread-1" 7ecf192000 310fd
           <...>-1939  [005] ....  4002.797694: do_swap_page: prefetch fault 1619 "pool-2-thread-1" 7ecf193000 5067
           <...>-1368  [007] ...1  4002.797697: do_swap_page: prefetch miss 1344 "android.anim" 7f28ccb000 25096
           <...>-1368  [007] ....  4002.797706: do_swap_page: prefetch fault 1344 "android.anim" 7f28ccc000 907b
           <...>-1369  [007] ...1  4002.797746: do_swap_page: prefetch miss 1344 "android.anim.lf" 7f28ce2000 310ff
           <...>-1372  [003] ...1  4002.797796: do_swap_page: prefetch miss 1344 "android.bg" 7fbe4be000 9073
           <...>-6728  [007] ...1  4002.797797: do_swap_page: prefetch miss 6594 "Chrome_ChildIOT" f7a9f000 310fb
           <...>-6728  [007] ....  4002.797813: do_swap_page: prefetch fault 6594 "Chrome_ChildIOT" f7a34000 310fe
           <...>-1372  [003] ....  4002.797815: do_swap_page: prefetch fault 1344 "android.bg" 7fbe4bf000 9076
           <...>-6034  [000] ...1  4002.799989: do_swap_page: prefetch miss 6034 "roid.smartboard" 7fbc15a000 25090
           <...>-6034  [000] ....  4002.800088: do_swap_page: prefetch fault 6034 "roid.smartboard" 7f23369000 25091
    Binder:908_4-5188  [000] ...1  4002.800211: do_swap_page: prefetch miss 908 "Binder:908_4" 1855559000 2d042
           <...>-1939  [005] ...1  4002.800227: do_swap_page: prefetch miss 1619 "pool-2-thread-1" 7ecf193000 5067
           <...>-1939  [005] ....  4002.800238: do_swap_page: prefetch fault 1619 "pool-2-thread-1" 7ecf190000 5068
    Binder:908_4-5188  [000] ....  4002.800255: do_swap_page: prefetch fault 908 "Binder:908_4" 5555552000 210e7
 ndroid.systemui-1619  [005] ...1  4002.800310: do_swap_page: prefetch miss 1619 "ndroid.systemui" 9f253000 506d
           <...>-1368  [007] ...1  4002.800324: do_swap_page: prefetch miss 1344 "android.anim" 7f28ccc000 907b
           <...>-1368  [007] ....  4002.800340: do_swap_page: prefetch fault 1344 "android.anim" 7f28ccd000 907d
           <...>-6728  [007] ...1  4002.800348: do_swap_page: prefetch miss 6594 "Chrome_ChildIOT" f7a34000 310fe
           <...>-1372  [003] ...1  4002.800372: do_swap_page: prefetch miss 1344 "android.bg" 7fbe4bf000 9076
           <...>-6728  [007] ....  4002.800384: do_swap_page: prefetch fault 6594 "Chrome_ChildIOT" e545e000 41000
  CrRendererMain-6614  [007] ....  4002.800411: do_swap_page: prefetch fault 6594 "CrRendererMain" e5430000 41001
           <...>-1372  [003] ....  4002.800424: do_swap_page: prefetch fault 1344 "android.bg" 7fbe4c0000 9078
