           <...>-6395  [007] ....  6355.772056: do_swap_page: prefetch fault 6355 "RenderThread" 7f28eda000 179064
           <...>-6395  [007] ...1  6355.774911: do_swap_page: prefetch miss 6355 "RenderThread" 7f28eda000 179064
           <...>-6395  [007] ....  6355.774924: do_swap_page: prefetch fault 6355 "RenderThread" 7ed1b24000 179066
           <...>-6395  [007] ...1  6355.778226: do_swap_page: prefetch miss 6355 "RenderThread" 7ed1b24000 179066
           <...>-6395  [007] ....  6355.778234: do_swap_page: prefetch fault 6355 "RenderThread" 7ed1b23000 179068
           <...>-6395  [007] ...1  6355.780205: do_swap_page: prefetch miss 6355 "RenderThread" 7ed1b23000 179068
           <...>-6395  [007] ....  6355.780213: do_swap_page: prefetch fault 6355 "RenderThread" 7ec6498000 17906a
           <...>-6395  [007] ...1  6355.782301: do_swap_page: prefetch miss 6355 "RenderThread" 7ec6498000 17906a
           <...>-6395  [007] ....  6355.782327: do_swap_page: prefetch fault 6355 "RenderThread" 7f28fb3000 21054
           <...>-6395  [007] ...1  6355.784672: do_swap_page: prefetch miss 6355 "RenderThread" 7f28fb3000 21054
           <...>-6395  [007] ....  6355.784690: do_swap_page: prefetch fault 6355 "RenderThread" 7ec61fe000 17906c
           <...>-6395  [007] ...1  6355.787010: do_swap_page: prefetch miss 6355 "RenderThread" 7ec61fe000 17906c
           <...>-6395  [007] ....  6355.787029: do_swap_page: prefetch fault 6355 "RenderThread" 7ec6499000 1909a
           <...>-6395  [007] ...1  6355.789038: do_swap_page: prefetch miss 6355 "RenderThread" 7ec6499000 1909a
           <...>-6395  [007] ....  6355.789048: do_swap_page: prefetch fault 6355 "RenderThread" 7ed1b09000 1909b
           <...>-6395  [007] ...1  6355.791038: do_swap_page: prefetch miss 6355 "RenderThread" 7ed1b09000 1909b
           <...>-6395  [007] ....  6355.791053: do_swap_page: prefetch fault 6355 "RenderThread" 7ec6445000 17906d
           <...>-6395  [007] ...1  6355.792863: do_swap_page: prefetch miss 6355 "RenderThread" 7ec6445000 17906d
           <...>-6395  [007] ....  6355.792872: do_swap_page: prefetch fault 6355 "RenderThread" 7f28ed4000 1909d
           <...>-6395  [007] ...1  6355.794631: do_swap_page: prefetch miss 6355 "RenderThread" 7f28ed4000 1909d
           <...>-6395  [007] ....  6355.794637: do_swap_page: prefetch fault 6355 "RenderThread" 7ec649a000 17906e
           <...>-6395  [007] ...1  6355.796168: do_swap_page: prefetch miss 6355 "RenderThread" 7ec649a000 17906e
           <...>-6395  [007] ....  6355.796179: do_swap_page: prefetch fault 6355 "RenderThread" 7ed1b1c000 17906f
           <...>-6395  [007] ...1  6355.797973: do_swap_page: prefetch miss 6355 "RenderThread" 7ed1b1c000 17906f
           <...>-6395  [007] ....  6355.797978: do_swap_page: prefetch fault 6355 "RenderThread" 7ec6444000 179070
           <...>-6395  [007] ...1  6355.799842: do_swap_page: prefetch miss 6355 "RenderThread" 7ec6444000 179070
           <...>-6395  [007] ....  6355.799851: do_swap_page: prefetch fault 6355 "RenderThread" 7ec6200000 179071
           <...>-6395  [007] ...1  6355.801456: do_swap_page: prefetch miss 6355 "RenderThread" 7ec6200000 179071
           <...>-6395  [007] ....  6355.801469: do_swap_page: prefetch fault 6355 "RenderThread" 7ec61ed000 1d09f
           <...>-6395  [007] ...1  6355.803705: do_swap_page: prefetch miss 6355 "RenderThread" 7ec61ed000 1d09f
           <...>-6395  [007] ....  6355.803715: do_swap_page: prefetch fault 6355 "RenderThread" 7ec6455000 179072
           <...>-6395  [007] ...1  6355.805422: do_swap_page: prefetch miss 6355 "RenderThread" 7ec6455000 179072
           <...>-6395  [007] ....  6355.805542: do_swap_page: prefetch fault 6355 "RenderThread" 7ed1b21000 1d0a1
           <...>-6395  [007] ...1  6355.807124: do_swap_page: prefetch miss 6355 "RenderThread" 7ed1b21000 1d0a1
           <...>-6395  [007] ....  6355.807139: do_swap_page: prefetch fault 6355 "RenderThread" 7ed1b22000 179073
           <...>-6395  [007] ...1  6355.808805: do_swap_page: prefetch miss 6355 "RenderThread" 7ed1b22000 179073
           <...>-6395  [007] ....  6355.808815: do_swap_page: prefetch fault 6355 "RenderThread" 7ec61e8000 179074
           <...>-30344 [007] ....  6355.811546: do_swap_page: prefetch fault 6355 "pool-11-thread-" 9f0e8000 4d0bc
           <...>-6395  [007] ...1  6355.811880: do_swap_page: prefetch miss 6355 "RenderThread" 7ec61e8000 179074
           <...>-6395  [007] ....  6355.811913: do_swap_page: prefetch fault 6355 "RenderThread" 7f28df5000 179075
           <...>-30344 [007] ...1  6355.813745: do_swap_page: prefetch miss 6355 "pool-11-thread-" 9f0e8000 4d0bc
           <...>-30344 [007] ....  6355.813783: do_swap_page: prefetch fault 6355 "pool-11-thread-" 7fbe5d6000 510a4
           <...>-6395  [007] ...1  6355.813822: do_swap_page: prefetch miss 6355 "RenderThread" 7f28df5000 179075
           <...>-6395  [007] ....  6355.813829: do_swap_page: prefetch fault 6355 "RenderThread" 7f28fe4000 110ff
           <...>-30344 [007] ...1  6355.815962: do_swap_page: prefetch miss 6355 "pool-11-thread-" 7fbe5d6000 510a4
           <...>-30344 [007] ....  6355.815983: do_swap_page: prefetch fault 6355 "pool-11-thread-" 7fbded4000 17907c
           <...>-6395  [007] ...1  6355.816009: do_swap_page: prefetch miss 6355 "RenderThread" 7f28fe4000 110ff
           <...>-6395  [007] ....  6355.816141: do_swap_page: prefetch fault 6355 "RenderThread" 7ec61f2000 179076
           <...>-30344 [007] ...1  6355.817717: do_swap_page: prefetch miss 6355 "pool-11-thread-" 7fbded4000 17907c
           <...>-30344 [007] ....  6355.817770: do_swap_page: prefetch fault 6355 "pool-11-thread-" 7f28ece000 510a6
           <...>-6395  [007] ...1  6355.817812: do_swap_page: prefetch miss 6355 "RenderThread" 7ec61f2000 179076
           <...>-6395  [007] ....  6355.817993: do_swap_page: prefetch fault 6355 "RenderThread" 7f28de3000 16108c
           <...>-30344 [007] ...1  6355.819819: do_swap_page: prefetch miss 6355 "pool-11-thread-" 7f28ece000 510a6
           <...>-6395  [007] ...1  6355.820483: do_swap_page: prefetch miss 6355 "RenderThread" 7f28de3000 16108c
           <...>-6395  [007] ....  6355.820577: do_swap_page: prefetch fault 6355 "RenderThread" 7eac163000 179079
           <...>-6395  [007] ...1  6355.822976: do_swap_page: prefetch miss 6355 "RenderThread" 7eac163000 179079
           <...>-6395  [007] ....  6355.823050: do_swap_page: prefetch fault 6355 "RenderThread" 7fbba78000 17907a
     logd.writer-571   [000] ....  6355.823201: do_swap_page: prefetch fault 559 "logd.writer" 7fbbe78000 169042
           <...>-6395  [007] ...1  6355.825499: do_swap_page: prefetch miss 6355 "RenderThread" 7fbba78000 17907a
 .candycrushsaga-6355  [007] ....  6355.825609: do_swap_page: prefetch fault 6355 ".candycrushsaga" 9f13d000 25002
     logd.writer-571   [000] ...1  6355.825684: do_swap_page: prefetch miss 559 "logd.writer" 7fbbe78000 169042
 .candycrushsaga-6355  [007] ...1  6355.827848: do_swap_page: prefetch miss 6355 ".candycrushsaga" 9f13d000 25002
 .candycrushsaga-6355  [007] ....  6355.827855: do_swap_page: prefetch fault 6355 ".candycrushsaga" 9f0ef000 25003
 .candycrushsaga-6355  [007] ...1  6355.830249: do_swap_page: prefetch miss 6355 ".candycrushsaga" 9f0ef000 25003
           <...>-1801  [006] ....  6355.830656: do_swap_page: prefetch fault 1344 "Binder:1344_7" 7f206b9000 25005
           <...>-1801  [006] ...1  6355.832246: do_swap_page: prefetch miss 1344 "Binder:1344_7" 7f206b9000 25005
           <...>-1801  [006] ....  6355.832298: do_swap_page: prefetch fault 1344 "Binder:1344_7" 9f15c000 25006
    GLThread 445-6412  [005] ....  6355.835266: do_swap_page: prefetch fault 6355 "GLThread 445" 7f28ecf000 4d0c0
           <...>-1801  [006] ...1  6355.837745: do_swap_page: prefetch miss 1344 "Binder:1344_7" 9f15c000 25006
    GLThread 445-6412  [005] ...1  6355.837771: do_swap_page: prefetch miss 6355 "GLThread 445" 7f28ecf000 4d0c0
 .candycrushsaga-6355  [006] ....  6355.837842: do_swap_page: prefetch fault 6355 ".candycrushsaga" 7ec649f000 17907b
    GLThread 445-6412  [005] ....  6355.837931: do_swap_page: prefetch fault 6355 "GLThread 445" 7eafca7000 181041
 .candycrushsaga-6355  [006] ...1  6355.839909: do_swap_page: prefetch miss 6355 ".candycrushsaga" 7ec649f000 17907b
    GLThread 445-6412  [005] ...1  6355.839924: do_swap_page: prefetch miss 6355 "GLThread 445" 7eafca7000 181041
    GLThread 445-6412  [005] ....  6355.839976: do_swap_page: prefetch fault 6355 "GLThread 445" 7e84905000 181044
           <...>-1801  [006] ....  6355.840032: do_swap_page: prefetch fault 1344 "Binder:1344_7" 7ed1734000 1d0a5
    GLThread 445-6412  [005] ...1  6355.842495: do_swap_page: prefetch miss 6355 "GLThread 445" 7e84905000 181044
           <...>-6479  [004] ....  6355.842548: do_swap_page: prefetch fault 6355 "GLThread 445" 7eac967000 181046
           <...>-1801  [006] ...1  6355.842577: do_swap_page: prefetch miss 1344 "Binder:1344_7" 7ed1734000 1d0a5
    GLThread 445-6412  [005] ....  6355.842632: do_swap_page: prefetch fault 6355 "GLThread 445" 7f28b04000 175062
           <...>-1801  [005] ....  6355.842646: do_swap_page: prefetch fault 1344 "Binder:1344_7" 7f206ba000 17d047
           <...>-6479  [004] ...1  6355.844546: do_swap_page: prefetch miss 6355 "GLThread 445" 7eac967000 181046
           <...>-1801  [006] ...1  6355.844568: do_swap_page: prefetch miss 1344 "Binder:1344_7" 7f206ba000 17d047
    GLThread 445-6412  [005] ...1  6355.844571: do_swap_page: prefetch miss 6355 "GLThread 445" 7f28b04000 175062
           <...>-6479  [004] ....  6355.844580: do_swap_page: prefetch fault 6355 "GLThread 445" 7eac966000 181047
 .candycrushsaga-6355  [006] ....  6355.844780: do_swap_page: prefetch fault 6355 ".candycrushsaga" 7fbc83f000 17d048
           <...>-6479  [004] ...1  6355.846877: do_swap_page: prefetch miss 6355 "GLThread 445" 7eac966000 181047
 .candycrushsaga-6355  [006] ...1  6355.846902: do_swap_page: prefetch miss 6355 ".candycrushsaga" 7fbc83f000 17d048
 .candycrushsaga-6355  [006] ....  6355.848923: do_swap_page: prefetch fault 6355 ".candycrushsaga" 7fbe2df000 17907f
 .candycrushsaga-6355  [006] ...1  6355.850683: do_swap_page: prefetch miss 6355 ".candycrushsaga" 7fbe2df000 17907f
    Binder:910_4-3568  [006] ....  6355.850786: do_swap_page: prefetch fault 910 "Binder:910_4" f713e000 171067
    Binder:910_4-3568  [006] ...1  6355.852793: do_swap_page: prefetch miss 910 "Binder:910_4" f713e000 171067
    Binder:910_4-3568  [006] ....  6355.852802: do_swap_page: prefetch fault 910 "Binder:910_4" f7a4a000 171068
    Binder:910_4-3568  [006] ...1  6355.855068: do_swap_page: prefetch miss 910 "Binder:910_4" f7a4a000 171068
    Binder:910_4-3568  [006] ....  6355.855079: do_swap_page: prefetch fault 910 "Binder:910_4" f7a23000 1650c4
    Binder:910_4-3568  [006] ...1  6355.856902: do_swap_page: prefetch miss 910 "Binder:910_4" f7a23000 1650c4
    Binder:910_4-3568  [006] ....  6355.856920: do_swap_page: prefetch fault 910 "Binder:910_4" f7a06000 590df
    Binder:910_4-3568  [006] ...1  6355.858660: do_swap_page: prefetch miss 910 "Binder:910_4" f7a06000 590df
    Binder:910_4-3568  [006] ....  6355.858674: do_swap_page: prefetch fault 910 "Binder:910_4" f7a10000 169051
    Binder:910_4-3568  [006] ...1  6355.860566: do_swap_page: prefetch miss 910 "Binder:910_4" f7a10000 169051
    Binder:910_4-3568  [006] ....  6355.860591: do_swap_page: prefetch fault 910 "Binder:910_4" f72e8000 169048
    Binder:910_4-3568  [006] ...1  6355.862462: do_swap_page: prefetch miss 910 "Binder:910_4" f72e8000 169048
    Binder:910_4-3568  [006] ....  6355.862470: do_swap_page: prefetch fault 910 "Binder:910_4" f7a05000 169049
    Binder:910_4-3568  [006] ...1  6355.864170: do_swap_page: prefetch miss 910 "Binder:910_4" f7a05000 169049
    Binder:910_4-3568  [006] ....  6355.864177: do_swap_page: prefetch fault 910 "Binder:910_4" f7a5c000 16904a
    Binder:910_4-3568  [006] ...1  6355.865967: do_swap_page: prefetch miss 910 "Binder:910_4" f7a5c000 16904a
    Binder:910_4-3568  [006] ....  6355.865999: do_swap_page: prefetch fault 910 "Binder:910_4" f7141000 d083
    Binder:910_4-3568  [006] ...1  6355.867846: do_swap_page: prefetch miss 910 "Binder:910_4" f7141000 d083
    Binder:910_4-3568  [006] ....  6355.867879: do_swap_page: prefetch fault 910 "Binder:910_4" f5d55000 d087
    Binder:910_4-3568  [006] ...1  6355.869818: do_swap_page: prefetch miss 910 "Binder:910_4" f5d55000 d087
    Binder:910_4-3568  [006] ....  6355.869830: do_swap_page: prefetch fault 910 "Binder:910_4" f7a14000 d088
    Binder:910_4-3568  [006] ...1  6355.874677: do_swap_page: prefetch miss 910 "Binder:910_4" f7a14000 d088
    Binder:910_4-3568  [006] ....  6355.874685: do_swap_page: prefetch fault 910 "Binder:910_4" f7b09000 16904f
    Binder:910_4-3568  [006] ...1  6355.876498: do_swap_page: prefetch miss 910 "Binder:910_4" f7b09000 16904f
    Binder:910_4-3568  [006] ....  6355.876523: do_swap_page: prefetch fault 910 "Binder:910_4" f7b00000 169050
    Binder:910_4-3568  [006] ...1  6355.878535: do_swap_page: prefetch miss 910 "Binder:910_4" f7b00000 169050
    Binder:910_4-3568  [006] ....  6355.878565: do_swap_page: prefetch fault 910 "Binder:910_4" f3554000 169052
    Binder:910_4-3568  [006] ...1  6355.880381: do_swap_page: prefetch miss 910 "Binder:910_4" f3554000 169052
    Binder:910_4-3568  [006] ....  6355.880426: do_swap_page: prefetch fault 910 "Binder:910_4" f3584000 169053
    Binder:910_4-3568  [006] ...1  6355.882061: do_swap_page: prefetch miss 910 "Binder:910_4" f3584000 169053
    Binder:910_4-3568  [006] ....  6355.882087: do_swap_page: prefetch fault 910 "Binder:910_4" f3500000 169054
    Binder:910_4-3568  [006] ...1  6355.884336: do_swap_page: prefetch miss 910 "Binder:910_4" f3500000 169054
    Binder:910_4-3568  [006] ....  6355.884368: do_swap_page: prefetch fault 910 "Binder:910_4" f5af6000 d08f
    Binder:910_4-3568  [006] ...1  6355.886074: do_swap_page: prefetch miss 910 "Binder:910_4" f5af6000 d08f
    Binder:910_4-3568  [006] ....  6355.886118: do_swap_page: prefetch fault 910 "Binder:910_4" f351d000 1650d1
    Binder:910_4-3568  [006] ...1  6355.887951: do_swap_page: prefetch miss 910 "Binder:910_4" f351d000 1650d1
    Binder:910_4-3568  [006] ....  6355.888013: do_swap_page: prefetch fault 910 "Binder:910_4" f7a12000 169059
    Binder:910_4-3568  [006] ...1  6355.892521: do_swap_page: prefetch miss 910 "Binder:910_4" f7a12000 169059
    Binder:910_4-3568  [006] ....  6355.892572: do_swap_page: prefetch fault 910 "Binder:910_4" f354b000 1650c6
    Binder:910_4-3568  [006] ...1  6355.895352: do_swap_page: prefetch miss 910 "Binder:910_4" f354b000 1650c6
    Binder:910_4-3568  [006] ....  6355.895381: do_swap_page: prefetch fault 910 "Binder:910_4" f3503000 1650d2
    Binder:910_4-3568  [006] ...1  6355.897578: do_swap_page: prefetch miss 910 "Binder:910_4" f3503000 1650d2
    Binder:910_4-3568  [006] ....  6355.897683: do_swap_page: prefetch fault 910 "Binder:910_4" f7b08000 1650c8
    Binder:910_5-3580  [006] ....  6355.897786: do_swap_page: prefetch fault 910 "Binder:910_5" f352c000 171065
    Binder:910_4-3568  [006] ...1  6355.904429: do_swap_page: prefetch miss 910 "Binder:910_4" f7b08000 1650c8
    Binder:910_5-3580  [006] ...1  6355.904452: do_swap_page: prefetch miss 910 "Binder:910_5" f352c000 171065
    Binder:910_5-3580  [006] ....  6355.904465: do_swap_page: prefetch fault 910 "Binder:910_5" f2df1000 1650c9
    Binder:910_5-3580  [006] ...1  6355.906121: do_swap_page: prefetch miss 910 "Binder:910_5" f2df1000 1650c9
    Binder:910_5-3580  [006] ....  6355.906134: do_swap_page: prefetch fault 910 "Binder:910_5" f3516000 1650d0
    Binder:910_5-3580  [006] ...1  6355.908151: do_swap_page: prefetch miss 910 "Binder:910_5" f3516000 1650d0
    Binder:910_5-3580  [006] ....  6355.908160: do_swap_page: prefetch fault 910 "Binder:910_5" f3502000 169045
    Binder:910_5-3580  [006] ...1  6355.911545: do_swap_page: prefetch miss 910 "Binder:910_5" f3502000 169045
    Binder:910_5-3580  [006] ....  6355.911557: do_swap_page: prefetch fault 910 "Binder:910_5" f3505000 169046
    Binder:910_5-3580  [006] ...1  6355.914862: do_swap_page: prefetch miss 910 "Binder:910_5" f3505000 169046
    Binder:910_5-3580  [006] ....  6355.914869: do_swap_page: prefetch fault 910 "Binder:910_5" f3573000 1650ca
    Binder:910_5-3580  [006] ...1  6355.919353: do_swap_page: prefetch miss 910 "Binder:910_5" f3573000 1650ca
    Binder:910_5-3580  [006] ....  6355.919369: do_swap_page: prefetch fault 910 "Binder:910_5" f2df0000 1650cb
    Binder:910_5-3580  [006] ...1  6355.921342: do_swap_page: prefetch miss 910 "Binder:910_5" f2df0000 1650cb
    Binder:910_5-3580  [006] ....  6355.921357: do_swap_page: prefetch fault 910 "Binder:910_5" f7a0b000 169055
    Binder:910_5-3580  [006] ...1  6355.923340: do_swap_page: prefetch miss 910 "Binder:910_5" f7a0b000 169055
    Binder:910_5-3580  [006] ....  6355.923346: do_swap_page: prefetch fault 910 "Binder:910_5" f7a3a000 169056
    Binder:910_5-3580  [006] ...1  6355.926527: do_swap_page: prefetch miss 910 "Binder:910_5" f7a3a000 169056
    Binder:910_5-3580  [006] ....  6355.926537: do_swap_page: prefetch fault 910 "Binder:910_5" f7a25000 171073
    Binder:910_5-3580  [006] ...1  6355.928420: do_swap_page: prefetch miss 910 "Binder:910_5" f7a25000 171073
    Binder:910_5-3580  [006] ....  6355.928428: do_swap_page: prefetch fault 910 "Binder:910_5" f7a24000 d098
    Binder:910_5-3580  [006] ...1  6355.930226: do_swap_page: prefetch miss 910 "Binder:910_5" f7a24000 d098
    Binder:910_5-3580  [006] ....  6355.930241: do_swap_page: prefetch fault 910 "Binder:910_5" f7b05000 90be
    Binder:910_5-3580  [006] ...1  6355.932321: do_swap_page: prefetch miss 910 "Binder:910_5" f7b05000 90be
    Binder:910_5-3580  [006] ....  6355.932336: do_swap_page: prefetch fault 910 "Binder:910_5" f6af4000 169058
    Binder:910_5-3580  [006] ...1  6355.934500: do_swap_page: prefetch miss 910 "Binder:910_5" f6af4000 169058
    Binder:910_5-3580  [006] ....  6355.934513: do_swap_page: prefetch fault 910 "Binder:910_5" f356b000 16905b
    Binder:910_5-3580  [006] ...1  6355.938790: do_swap_page: prefetch miss 910 "Binder:910_5" f356b000 16905b
    Binder:910_5-3580  [006] ....  6355.938801: do_swap_page: prefetch fault 910 "Binder:910_5" f51e3000 1650cc
    Binder:910_5-3580  [006] ...1  6355.940618: do_swap_page: prefetch miss 910 "Binder:910_5" f51e3000 1650cc
    Binder:910_5-3580  [006] ....  6355.940644: do_swap_page: prefetch fault 910 "Binder:910_5" f27dd000 1650ce
    Binder:910_5-3580  [006] ...1  6355.942372: do_swap_page: prefetch miss 910 "Binder:910_5" f27dd000 1650ce
    Binder:910_5-3580  [006] ....  6355.942381: do_swap_page: prefetch fault 910 "Binder:910_5" f2e15000 171069
    Binder:910_5-3580  [006] ...1  6355.944157: do_swap_page: prefetch miss 910 "Binder:910_5" f2e15000 171069
    Binder:910_5-3580  [006] ....  6355.944168: do_swap_page: prefetch fault 910 "Binder:910_5" f3533000 17106a
    Binder:910_5-3580  [006] ...1  6355.946035: do_swap_page: prefetch miss 910 "Binder:910_5" f3533000 17106a
    Binder:910_5-3580  [006] ....  6355.946043: do_swap_page: prefetch fault 910 "Binder:910_5" f3531000 16904e
    Binder:910_5-3580  [006] ...1  6355.947937: do_swap_page: prefetch miss 910 "Binder:910_5" f3531000 16904e
    Binder:910_5-3580  [006] ....  6355.947944: do_swap_page: prefetch fault 910 "Binder:910_5" f7b0e000 17106c
    Binder:910_5-3580  [006] ...1  6355.949545: do_swap_page: prefetch miss 910 "Binder:910_5" f7b0e000 17106c
    Binder:910_5-3580  [006] ....  6355.949558: do_swap_page: prefetch fault 910 "Binder:910_5" f7b06000 17106d
    Binder:910_5-3580  [006] ...1  6355.951634: do_swap_page: prefetch miss 910 "Binder:910_5" f7b06000 17106d
    Binder:910_5-3580  [006] ....  6355.951681: do_swap_page: prefetch fault 910 "Binder:910_5" f7146000 50a1
    Binder:910_5-3580  [006] ...1  6355.953771: do_swap_page: prefetch miss 910 "Binder:910_5" f7146000 50a1
    Binder:910_5-3580  [006] ....  6355.953800: do_swap_page: prefetch fault 910 "Binder:910_5" f7b01000 17106e
    Binder:910_5-3580  [006] ...1  6355.955584: do_swap_page: prefetch miss 910 "Binder:910_5" f7b01000 17106e
    Binder:910_5-3580  [006] ....  6355.955612: do_swap_page: prefetch fault 910 "Binder:910_5" f3603000 169063
    Binder:910_5-3580  [006] ...1  6355.957281: do_swap_page: prefetch miss 910 "Binder:910_5" f3603000 169063
    Binder:910_5-3580  [006] ....  6355.957304: do_swap_page: prefetch fault 910 "Binder:910_5" f7b03000 17106f
    Binder:910_5-3580  [006] ...1  6355.959032: do_swap_page: prefetch miss 910 "Binder:910_5" f7b03000 17106f
    Binder:910_5-3580  [006] ....  6355.959056: do_swap_page: prefetch fault 910 "Binder:910_5" f3601000 171070
    Binder:910_5-3580  [006] ...1  6355.961230: do_swap_page: prefetch miss 910 "Binder:910_5" f3601000 171070
    Binder:910_5-3580  [006] ....  6355.961279: do_swap_page: prefetch fault 910 "Binder:910_5" f3600000 169065
    Binder:910_5-3580  [006] ...1  6355.963078: do_swap_page: prefetch miss 910 "Binder:910_5" f3600000 169065
    Binder:910_5-3580  [006] ....  6355.963221: do_swap_page: prefetch fault 910 "Binder:910_5" f20a5000 16905d
    Binder:910_5-3580  [006] ...1  6355.965129: do_swap_page: prefetch miss 910 "Binder:910_5" f20a5000 16905d
    Binder:910_5-3580  [006] ....  6355.965166: do_swap_page: prefetch fault 910 "Binder:910_5" f3553000 590e7
           <...>-30348 [001] ....  6355.965408: do_swap_page: prefetch fault 910 "Binder:910_5" f7b07000 16905f
    Binder:910_5-3580  [006] ...1  6355.967946: do_swap_page: prefetch miss 910 "Binder:910_5" f3553000 590e7
    Binder:910_5-3580  [006] ....  6355.967984: do_swap_page: prefetch fault 910 "Binder:910_5" f713f000 d09b
           <...>-30348 [001] ...1  6355.968693: do_swap_page: prefetch miss 910 "Binder:910_5" f7b07000 16905f
           <...>-30348 [001] ....  6355.968804: do_swap_page: prefetch fault 910 "Binder:910_5" f7143000 90bc
    Binder:910_5-3580  [006] ...1  6355.969637: do_swap_page: prefetch miss 910 "Binder:910_5" f713f000 d09b
    Binder:910_5-3580  [006] ....  6355.969693: do_swap_page: prefetch fault 910 "Binder:910_5" f7f29000 90bd
           <...>-30348 [001] ...1  6355.970611: do_swap_page: prefetch miss 910 "Binder:910_5" f7143000 90bc
           <...>-30348 [001] ....  6355.970700: do_swap_page: prefetch fault 910 "Binder:910_5" f7a0c000 169060
    Binder:910_5-3580  [006] ...1  6355.971568: do_swap_page: prefetch miss 910 "Binder:910_5" f7f29000 90bd
    Binder:910_5-3580  [006] ....  6355.971621: do_swap_page: prefetch fault 910 "Binder:910_5" f662a000 169061
           <...>-30348 [001] ...1  6355.973018: do_swap_page: prefetch miss 910 "Binder:910_5" f7a0c000 169060
           <...>-30348 [001] ....  6355.973164: do_swap_page: prefetch fault 910 "Binder:910_5" f7b0c000 169062
    Binder:910_5-3580  [006] ...1  6355.975340: do_swap_page: prefetch miss 910 "Binder:910_5" f662a000 169061
           <...>-30348 [001] ...1  6355.975375: do_swap_page: prefetch miss 910 "Binder:910_5" f7b0c000 169062
           <...>-30348 [001] ....  6355.975472: do_swap_page: prefetch fault 910 "Binder:910_5" f7ae8000 169064
    Binder:910_5-3580  [006] ....  6355.975589: do_swap_page: prefetch fault 910 "Binder:910_5" f352a000 1650c5
 NuPlayerDriver -30349 [005] ...1  6355.977268: do_swap_page: prefetch miss 910 "Binder:910_5" f7ae8000 169064
    Binder:910_5-3580  [006] ...1  6355.977268: do_swap_page: prefetch miss 910 "Binder:910_5" f352a000 1650c5
    Binder:910_5-3580  [006] ....  6355.977283: do_swap_page: prefetch fault 910 "Binder:910_5" f7a30000 590e0
           <...>-30348 [006] ....  6355.977295: do_swap_page: prefetch fault 910 "Binder:910_5" f7a09000 16904c
 NuPlayerDriver -30349 [005] ....  6355.977334: do_swap_page: prefetch fault 910 "Binder:910_5" f7ae9000 590e1
    Binder:910_5-3580  [005] ...1  6355.979264: do_swap_page: prefetch miss 910 "Binder:910_5" f7a30000 590e0
           <...>-30348 [006] ...1  6355.979276: do_swap_page: prefetch miss 910 "Binder:910_5" f7a09000 16904c
 NuPlayerDriver -30349 [005] ...1  6355.979304: do_swap_page: prefetch miss 910 "Binder:910_5" f7ae9000 590e1
           <...>-30348 [006] ....  6355.979326: do_swap_page: prefetch fault 910 "Binder:910_5" f2e07000 169066
 NuPlayerDriver -30349 [006] ....  6355.979336: do_swap_page: prefetch fault 910 "Binder:910_5" f2e05000 1650cf
    Binder:910_5-3580  [001] ....  6355.979623: do_swap_page: prefetch fault 910 "Binder:910_5" f5650000 590e3
           <...>-30348 [005] ...1  6355.981528: do_swap_page: prefetch miss 910 "Binder:910_5" f2e07000 169066
 NuPlayerDriver -30349 [006] ...1  6355.981545: do_swap_page: prefetch miss 910 "Binder:910_5" f2e05000 1650cf
 NuPlayerDriver -30349 [006] ....  6355.981560: do_swap_page: prefetch fault 910 "Binder:910_5" f723c000 d09d
    Binder:910_5-3580  [001] ...1  6355.981576: do_swap_page: prefetch miss 910 "Binder:910_5" f5650000 590e3
    Binder:910_5-3580  [001] ....  6355.981597: do_swap_page: prefetch fault 910 "Binder:910_5" f3530000 17106b
           <...>-30348 [005] ....  6355.981616: do_swap_page: prefetch fault 910 "Binder:910_5" f3604000 590e2
           <...>-30348 [005] ...1  6355.983559: do_swap_page: prefetch miss 910 "Binder:910_5" f3604000 590e2
           <...>-30348 [005] ...1  6355.983582: do_swap_page: prefetch miss 910 "Binder:910_5" f723c000 d09d
    Binder:910_5-3580  [001] ...1  6355.983590: do_swap_page: prefetch miss 910 "Binder:910_5" f3530000 17106b
           <...>-30348 [005] ....  6355.983614: do_swap_page: prefetch fault 910 "Binder:910_5" f3501000 169043
    Binder:910_5-3580  [001] ....  6355.983712: do_swap_page: prefetch fault 910 "Binder:910_5" f5a1e000 590e4
 NuPlayerDriver -30349 [005] ...1  6355.985650: do_swap_page: prefetch miss 910 "Binder:910_5" f3501000 169043
    Binder:910_5-3580  [001] ...1  6355.985677: do_swap_page: prefetch miss 910 "Binder:910_5" f5a1e000 590e4
 NuPlayerDriver -30349 [005] ....  6355.985684: do_swap_page: prefetch fault 910 "Binder:910_5" f352f000 4502e
    Binder:910_5-3580  [001] ....  6355.985764: do_swap_page: prefetch fault 910 "Binder:910_5" f3541000 1650d3
           <...>-30348 [005] ...1  6355.987461: do_swap_page: prefetch miss 910 "Binder:910_5" f352f000 4502e
    Binder:910_5-3580  [001] ...1  6355.987494: do_swap_page: prefetch miss 910 "Binder:910_5" f3541000 1650d3
    Binder:910_5-3580  [001] ....  6355.987573: do_swap_page: prefetch fault 910 "Binder:910_5" f352d000 590e9
    Binder:910_5-3580  [001] ...1  6355.989441: do_swap_page: prefetch miss 910 "Binder:910_5" f352d000 590e9
    Binder:910_5-3580  [001] ....  6355.989524: do_swap_page: prefetch fault 910 "Binder:910_5" f2e0d000 590e5
    Binder:910_5-3580  [001] ...1  6355.991623: do_swap_page: prefetch miss 910 "Binder:910_5" f2e0d000 590e5
    Binder:910_5-3580  [001] ....  6355.991701: do_swap_page: prefetch fault 910 "Binder:910_5" f352e000 590e6
    Binder:910_5-3580  [001] ...1  6355.993408: do_swap_page: prefetch miss 910 "Binder:910_5" f352e000 590e6
    Binder:910_5-3580  [001] ....  6355.993486: do_swap_page: prefetch fault 910 "Binder:910_5" f35d7000 590e8
    Binder:910_5-3580  [001] ...1  6355.995722: do_swap_page: prefetch miss 910 "Binder:910_5" f35d7000 590e8
           <...>-561   [003] ....  6355.996226: do_swap_page: prefetch fault 561 "hwservicemanage" 7fbd04c000 17105e
           <...>-561   [003] ...1  6355.998522: do_swap_page: prefetch miss 561 "hwservicemanage" 7fbd04c000 17105e
    Binder:910_5-3580  [001] ....  6355.998874: do_swap_page: prefetch fault 910 "Binder:910_5" fffef000 90cb
    Binder:910_5-3580  [003] ...1  6356.001058: do_swap_page: prefetch miss 910 "Binder:910_5" fffef000 90cb
           <...>-561   [003] ....  6356.001315: do_swap_page: prefetch fault 561 "hwservicemanage" 7fbd072000 d071
           <...>-561   [003] ...1  6356.003071: do_swap_page: prefetch miss 561 "hwservicemanage" 7fbd072000 d071
           <...>-919   [003] ....  6356.003409: do_swap_page: prefetch fault 919 "omx@1.0-service" f7c0d000 590eb
           <...>-919   [003] ...1  6356.005185: do_swap_page: prefetch miss 919 "omx@1.0-service" f7c0d000 590eb
           <...>-919   [003] ....  6356.005325: do_swap_page: prefetch fault 919 "omx@1.0-service" fffef000 590ec
           <...>-919   [003] ...1  6356.007604: do_swap_page: prefetch miss 919 "omx@1.0-service" fffef000 590ec
           <...>-919   [003] ....  6356.007634: do_swap_page: prefetch fault 919 "omx@1.0-service" f73b6000 2105f
           <...>-919   [003] ...1  6356.009773: do_swap_page: prefetch miss 919 "omx@1.0-service" f73b6000 2105f
           <...>-919   [003] ....  6356.009798: do_swap_page: prefetch fault 919 "omx@1.0-service" f7bd1000 590ed
           <...>-919   [003] ...1  6356.011903: do_swap_page: prefetch miss 919 "omx@1.0-service" f7bd1000 590ed
           <...>-919   [003] ....  6356.012011: do_swap_page: prefetch fault 919 "omx@1.0-service" f7bc9000 590ee
           <...>-919   [003] ...1  6356.014010: do_swap_page: prefetch miss 919 "omx@1.0-service" f7bc9000 590ee
           <...>-919   [003] ....  6356.014133: do_swap_page: prefetch fault 919 "omx@1.0-service" f7dde000 21062
           <...>-919   [003] ...1  6356.015839: do_swap_page: prefetch miss 919 "omx@1.0-service" f7dde000 21062
           <...>-919   [003] ....  6356.015957: do_swap_page: prefetch fault 919 "omx@1.0-service" f7fef000 21063
           <...>-919   [003] ...1  6356.017972: do_swap_page: prefetch miss 919 "omx@1.0-service" f7fef000 21063
           <...>-919   [003] ....  6356.018089: do_swap_page: prefetch fault 919 "omx@1.0-service" f7ba6000 590ef
           <...>-919   [003] ...1  6356.019666: do_swap_page: prefetch miss 919 "omx@1.0-service" f7ba6000 590ef
           <...>-919   [003] ....  6356.019778: do_swap_page: prefetch fault 919 "omx@1.0-service" f7baf000 590f0
           <...>-919   [003] ...1  6356.021921: do_swap_page: prefetch miss 919 "omx@1.0-service" f7baf000 590f0
           <...>-919   [003] ....  6356.022039: do_swap_page: prefetch fault 919 "omx@1.0-service" f7bfe000 590f1
           <...>-919   [003] ...1  6356.023791: do_swap_page: prefetch miss 919 "omx@1.0-service" f7bfe000 590f1
           <...>-919   [003] ....  6356.023883: do_swap_page: prefetch fault 919 "omx@1.0-service" f71cd000 590f2
           <...>-919   [003] ...1  6356.025919: do_swap_page: prefetch miss 919 "omx@1.0-service" f71cd000 590f2
           <...>-919   [003] ....  6356.026002: do_swap_page: prefetch fault 919 "omx@1.0-service" f7ba4000 590f3
           <...>-919   [003] ...1  6356.027738: do_swap_page: prefetch miss 919 "omx@1.0-service" f7ba4000 590f3
           <...>-919   [003] ....  6356.027853: do_swap_page: prefetch fault 919 "omx@1.0-service" f7bb9000 590f4
           <...>-919   [003] ...1  6356.030304: do_swap_page: prefetch miss 919 "omx@1.0-service" f7bb9000 590f4
           <...>-919   [003] ....  6356.030419: do_swap_page: prefetch fault 919 "omx@1.0-service" f706a000 190a2
           <...>-919   [003] ...1  6356.032370: do_swap_page: prefetch miss 919 "omx@1.0-service" f706a000 190a2
           <...>-919   [003] ....  6356.032490: do_swap_page: prefetch fault 919 "omx@1.0-service" f73b9000 190a3
           <...>-919   [003] ...1  6356.034224: do_swap_page: prefetch miss 919 "omx@1.0-service" f73b9000 190a3
           <...>-919   [003] ....  6356.034323: do_swap_page: prefetch fault 919 "omx@1.0-service" f7ba8000 590f5
           <...>-919   [003] ...1  6356.036827: do_swap_page: prefetch miss 919 "omx@1.0-service" f7ba8000 590f5
           <...>-919   [003] ....  6356.036902: do_swap_page: prefetch fault 919 "omx@1.0-service" f7b9f000 590f6
           <...>-919   [003] ...1  6356.038725: do_swap_page: prefetch miss 919 "omx@1.0-service" f7b9f000 590f6
           <...>-919   [003] ....  6356.038852: do_swap_page: prefetch fault 919 "omx@1.0-service" f7bc1000 590f7
           <...>-919   [003] ...1  6356.041301: do_swap_page: prefetch miss 919 "omx@1.0-service" f7bc1000 590f7
           <...>-919   [003] ....  6356.041414: do_swap_page: prefetch fault 919 "omx@1.0-service" f7bb3000 590f8
           <...>-919   [003] ...1  6356.043523: do_swap_page: prefetch miss 919 "omx@1.0-service" f7bb3000 590f8
           <...>-919   [003] ....  6356.043642: do_swap_page: prefetch fault 919 "omx@1.0-service" f7c38000 590f9
           <...>-919   [003] ...1  6356.045383: do_swap_page: prefetch miss 919 "omx@1.0-service" f7c38000 590f9
           <...>-919   [003] ....  6356.045514: do_swap_page: prefetch fault 919 "omx@1.0-service" f7c3b000 590fa
           <...>-919   [003] ...1  6356.047398: do_swap_page: prefetch miss 919 "omx@1.0-service" f7c3b000 590fa
           <...>-919   [003] ....  6356.047516: do_swap_page: prefetch fault 919 "omx@1.0-service" f7c3d000 169067
           <...>-919   [003] ...1  6356.049384: do_swap_page: prefetch miss 919 "omx@1.0-service" f7c3d000 169067
           <...>-919   [003] ....  6356.049493: do_swap_page: prefetch fault 919 "omx@1.0-service" f6006000 45048
           <...>-919   [003] ...1  6356.051331: do_swap_page: prefetch miss 919 "omx@1.0-service" f6006000 45048
           <...>-919   [003] ....  6356.051450: do_swap_page: prefetch fault 919 "omx@1.0-service" f6000000 45049
           <...>-919   [003] ...1  6356.053037: do_swap_page: prefetch miss 919 "omx@1.0-service" f6000000 45049
           <...>-919   [003] ....  6356.053156: do_swap_page: prefetch fault 919 "omx@1.0-service" f7ba5000 169068
           <...>-919   [003] ...1  6356.055480: do_swap_page: prefetch miss 919 "omx@1.0-service" f7ba5000 169068
           <...>-919   [003] ....  6356.055592: do_swap_page: prefetch fault 919 "omx@1.0-service" f7bc3000 169069
           <...>-919   [003] ...1  6356.057630: do_swap_page: prefetch miss 919 "omx@1.0-service" f7bc3000 169069
           <...>-919   [003] ....  6356.057781: do_swap_page: prefetch fault 919 "omx@1.0-service" f6007000 1d0ae
    Binder:910_5-3580  [003] ....  6356.058084: do_swap_page: prefetch fault 910 "Binder:910_5" f6463000 590fd
           <...>-919   [003] ...1  6356.060483: do_swap_page: prefetch miss 919 "omx@1.0-service" f6007000 1d0ae
    Binder:910_5-3580  [003] ...1  6356.060519: do_swap_page: prefetch miss 910 "Binder:910_5" f6463000 590fd
    Binder:910_5-3580  [003] ....  6356.060648: do_swap_page: prefetch fault 910 "Binder:910_5" f745e000 171072
    Binder:910_5-3580  [006] ...1  6356.062426: do_swap_page: prefetch miss 910 "Binder:910_5" f745e000 171072
    Binder:910_5-3580  [006] ....  6356.062507: do_swap_page: prefetch fault 910 "Binder:910_5" f5eeb000 90d0
    Binder:910_5-3580  [006] ...1  6356.064565: do_swap_page: prefetch miss 910 "Binder:910_5" f5eeb000 90d0
           <...>-561   [000] ....  6356.065000: do_swap_page: prefetch fault 561 "hwservicemanage" 7fbd203000 171060
           <...>-561   [000] ...1  6356.067405: do_swap_page: prefetch miss 561 "hwservicemanage" 7fbd203000 171060
           <...>-561   [000] ....  6356.067491: do_swap_page: prefetch fault 561 "hwservicemanage" 7fbd202000 250cf
           <...>-561   [000] ...1  6356.070420: do_swap_page: prefetch miss 561 "hwservicemanage" 7fbd202000 250cf
  HwBinder:933_7-2024  [005] ....  6356.070940: do_swap_page: prefetch fault 933 "HwBinder:933_7" 2755553000 171074
  HwBinder:933_7-2024  [005] ...1  6356.073746: do_swap_page: prefetch miss 933 "HwBinder:933_7" 2755553000 171074
  HwBinder:933_7-2024  [005] ....  6356.073771: do_swap_page: prefetch fault 933 "HwBinder:933_7" 1955554000 1650e0
  HwBinder:933_7-2024  [005] ...1  6356.078254: do_swap_page: prefetch miss 933 "HwBinder:933_7" 1955554000 1650e0
  HwBinder:933_7-2024  [005] ....  6356.078285: do_swap_page: prefetch fault 933 "HwBinder:933_7" 7fbcbfb000 171077
  HwBinder:933_7-2024  [005] ...1  6356.080220: do_swap_page: prefetch miss 933 "HwBinder:933_7" 7fbcbfb000 171077
  HwBinder:933_7-2024  [005] ....  6356.080226: do_swap_page: prefetch fault 933 "HwBinder:933_7" 195555c000 171075
  HwBinder:933_7-2024  [005] ...1  6356.082011: do_swap_page: prefetch miss 933 "HwBinder:933_7" 195555c000 171075
  HwBinder:933_7-2024  [005] ....  6356.082019: do_swap_page: prefetch fault 933 "HwBinder:933_7" 1855561000 590fe
  HwBinder:933_7-2024  [005] ...1  6356.084432: do_swap_page: prefetch miss 933 "HwBinder:933_7" 1855561000 590fe
  HwBinder:933_7-2024  [005] ....  6356.084443: do_swap_page: prefetch fault 933 "HwBinder:933_7" 185555b000 1650d4
  HwBinder:933_7-2024  [005] ...1  6356.086316: do_swap_page: prefetch miss 933 "HwBinder:933_7" 185555b000 1650d4
  HwBinder:933_7-2024  [005] ....  6356.086324: do_swap_page: prefetch fault 933 "HwBinder:933_7" 205555e000 1650d5
  HwBinder:933_7-2024  [005] ...1  6356.088036: do_swap_page: prefetch miss 933 "HwBinder:933_7" 205555e000 1650d5
  HwBinder:933_7-2024  [005] ....  6356.088048: do_swap_page: prefetch fault 933 "HwBinder:933_7" 7fbdee1000 1650d6
           <...>-6477  [007] ....  6356.089084: do_swap_page: prefetch fault 6355 "GLThread 445" 7e848db000 49090
  HwBinder:933_7-2024  [005] ...1  6356.090770: do_swap_page: prefetch miss 933 "HwBinder:933_7" 7fbdee1000 1650d6
  HwBinder:933_7-2024  [005] ....  6356.090777: do_swap_page: prefetch fault 933 "HwBinder:933_7" 2655559000 1650d7
           <...>-6477  [007] ...1  6356.090796: do_swap_page: prefetch miss 6355 "GLThread 445" 7e848db000 49090
           <...>-6477  [007] ....  6356.090984: do_swap_page: prefetch fault 6355 "GLThread 445" 7e849d7000 1610b4
  HwBinder:933_7-2024  [005] ...1  6356.097399: do_swap_page: prefetch miss 933 "HwBinder:933_7" 2655559000 1650d7
  HwBinder:933_7-2024  [005] ....  6356.097406: do_swap_page: prefetch fault 933 "HwBinder:933_7" 1855560000 1650d8
           <...>-6477  [007] ...1  6356.097425: do_swap_page: prefetch miss 6355 "GLThread 445" 7e849d7000 1610b4
           <...>-6477  [007] ....  6356.097726: do_swap_page: prefetch fault 6355 "GLThread 445" 7e849d8000 1610b8
  HwBinder:933_7-2024  [005] ...1  6356.102675: do_swap_page: prefetch miss 933 "HwBinder:933_7" 1855560000 1650d8
  HwBinder:933_7-2024  [005] ....  6356.102687: do_swap_page: prefetch fault 933 "HwBinder:933_7" 7fbd1ed000 1650d9
           <...>-6477  [007] ...1  6356.102694: do_swap_page: prefetch miss 6355 "GLThread 445" 7e849d8000 1610b8
           <...>-6477  [007] ....  6356.102858: do_swap_page: prefetch fault 6355 "GLThread 445" 7e84a70000 1610bc
  HwBinder:933_7-2024  [005] ...1  6356.106136: do_swap_page: prefetch miss 933 "HwBinder:933_7" 7fbd1ed000 1650d9
           <...>-6477  [007] ...1  6356.106152: do_swap_page: prefetch miss 6355 "GLThread 445" 7e84a70000 1610bc
  HwBinder:933_7-2024  [005] ....  6356.106166: do_swap_page: prefetch fault 933 "HwBinder:933_7" 7fbe361000 1650da
  HwBinder:933_7-2024  [005] ...1  6356.110150: do_swap_page: prefetch miss 933 "HwBinder:933_7" 7fbe361000 1650da
  HwBinder:933_7-2024  [005] ....  6356.110160: do_swap_page: prefetch fault 933 "HwBinder:933_7" 7fbe360000 1650e5
           <...>-6477  [007] ....  6356.110230: do_swap_page: prefetch fault 6355 "GLThread 445" 7e84464000 5502e
  HwBinder:933_7-2024  [005] ...1  6356.121138: do_swap_page: prefetch miss 933 "HwBinder:933_7" 7fbe360000 1650e5
           <...>-6477  [007] ...1  6356.121157: do_swap_page: prefetch miss 6355 "GLThread 445" 7e84464000 5502e
  HwBinder:933_7-2024  [005] ....  6356.121367: do_swap_page: prefetch fault 933 "HwBinder:933_7" 7fbd9d2000 1d0be
    Binder:910_5-3580  [005] ....  6356.121437: do_swap_page: prefetch fault 910 "Binder:910_5" f2e1e000 171071
           <...>-6477  [007] ....  6356.122804: do_swap_page: prefetch fault 6355 "GLThread 445" 7eac14a000 18102b
  HwBinder:933_7-2024  [005] ...1  6356.123600: do_swap_page: prefetch miss 933 "HwBinder:933_7" 7fbd9d2000 1d0be
    Binder:910_5-3580  [005] ...1  6356.123625: do_swap_page: prefetch miss 910 "Binder:910_5" f2e1e000 171071
  HwBinder:933_7-2024  [005] ....  6356.123767: do_swap_page: prefetch fault 933 "HwBinder:933_7" 1a5555d000 1650e3
           <...>-6477  [007] ...1  6356.125065: do_swap_page: prefetch miss 6355 "GLThread 445" 7eac14a000 18102b
           <...>-6477  [007] ....  6356.125252: do_swap_page: prefetch fault 6355 "GLThread 445" 7e84432000 4d0b9
  HwBinder:933_7-2024  [005] ...1  6356.126663: do_swap_page: prefetch miss 933 "HwBinder:933_7" 1a5555d000 1650e3
  HwBinder:933_7-2024  [005] ....  6356.126676: do_swap_page: prefetch fault 933 "HwBinder:933_7" 185555f000 1650e4
           <...>-6477  [007] ...1  6356.126690: do_swap_page: prefetch miss 6355 "GLThread 445" 7e84432000 4d0b9
           <...>-6477  [007] ....  6356.127103: do_swap_page: prefetch fault 6355 "GLThread 445" 7e9241b000 1610f5
  HwBinder:933_7-2024  [005] ...1  6356.128434: do_swap_page: prefetch miss 933 "HwBinder:933_7" 185555f000 1650e4
           <...>-6477  [007] ...1  6356.128455: do_swap_page: prefetch miss 6355 "GLThread 445" 7e9241b000 1610f5
  HwBinder:933_7-2024  [005] ....  6356.128503: do_swap_page: prefetch fault 933 "HwBinder:933_7" 1a55569000 1650e6
           <...>-6477  [007] ....  6356.128705: do_swap_page: prefetch fault 6355 "GLThread 445" 7e84433000 49059
  HwBinder:933_7-2024  [005] ...1  6356.130471: do_swap_page: prefetch miss 933 "HwBinder:933_7" 1a55569000 1650e6
  HwBinder:933_7-2024  [005] ....  6356.130481: do_swap_page: prefetch fault 933 "HwBinder:933_7" 1a5557b000 1650e7
           <...>-6477  [007] ...1  6356.130494: do_swap_page: prefetch miss 6355 "GLThread 445" 7e84433000 49059
           <...>-6477  [007] ....  6356.130506: do_swap_page: prefetch fault 6355 "GLThread 445" 7f28dbf000 169079
  HwBinder:933_7-2024  [005] ...1  6356.132884: do_swap_page: prefetch miss 933 "HwBinder:933_7" 1a5557b000 1650e7
  HwBinder:933_7-2024  [005] ....  6356.132913: do_swap_page: prefetch fault 933 "HwBinder:933_7" 1a5556c000 1650e8
           <...>-6477  [007] ...1  6356.132923: do_swap_page: prefetch miss 6355 "GLThread 445" 7f28dbf000 169079
           <...>-6477  [007] ....  6356.133554: do_swap_page: prefetch fault 6355 "GLThread 445" 7e92425000 18103d
  HwBinder:933_7-2024  [005] ...1  6356.134514: do_swap_page: prefetch miss 933 "HwBinder:933_7" 1a5556c000 1650e8
  HwBinder:933_7-2024  [005] ....  6356.134550: do_swap_page: prefetch fault 933 "HwBinder:933_7" 1a55559000 1650e9
           <...>-6477  [007] ...1  6356.135192: do_swap_page: prefetch miss 6355 "GLThread 445" 7e92425000 18103d
           <...>-6477  [007] ....  6356.136069: do_swap_page: prefetch fault 6355 "GLThread 445" 7e8491d000 55017
  HwBinder:933_7-2024  [005] ...1  6356.137724: do_swap_page: prefetch miss 933 "HwBinder:933_7" 1a55559000 1650e9
  HwBinder:933_7-2024  [005] ....  6356.137752: do_swap_page: prefetch fault 933 "HwBinder:933_7" 1a5555c000 1650ea
           <...>-6477  [007] ...1  6356.138401: do_swap_page: prefetch miss 6355 "GLThread 445" 7e8491d000 55017
           <...>-6477  [007] ....  6356.138785: do_swap_page: prefetch fault 6355 "GLThread 445" 7eac152000 49093
  HwBinder:933_7-2024  [005] ...1  6356.139319: do_swap_page: prefetch miss 933 "HwBinder:933_7" 1a5555c000 1650ea
  HwBinder:933_7-2024  [005] ....  6356.139346: do_swap_page: prefetch fault 933 "HwBinder:933_7" 1a55558000 1650eb
           <...>-6477  [007] ...1  6356.143593: do_swap_page: prefetch miss 6355 "GLThread 445" 7eac152000 49093
  HwBinder:933_7-2024  [005] ...1  6356.143596: do_swap_page: prefetch miss 933 "HwBinder:933_7" 1a55558000 1650eb
  HwBinder:933_7-2024  [005] ....  6356.143623: do_swap_page: prefetch fault 933 "HwBinder:933_7" 1855554000 590ff
           <...>-6477  [007] ....  6356.144286: do_swap_page: prefetch fault 6355 "GLThread 445" 7e84ad4000 5502a
  HwBinder:933_7-2024  [005] ...1  6356.145868: do_swap_page: prefetch miss 933 "HwBinder:933_7" 1855554000 590ff
           <...>-6477  [007] ...1  6356.145891: do_swap_page: prefetch miss 6355 "GLThread 445" 7e84ad4000 5502a
  HwBinder:933_7-2024  [005] ....  6356.145907: do_swap_page: prefetch fault 933 "HwBinder:933_7" 205555c000 175000
           <...>-6477  [007] ....  6356.146087: do_swap_page: prefetch fault 6355 "GLThread 445" 7e84afc000 5502d
  HwBinder:933_7-2024  [005] ...1  6356.148124: do_swap_page: prefetch miss 933 "HwBinder:933_7" 205555c000 175000
           <...>-6477  [007] ...1  6356.148145: do_swap_page: prefetch miss 6355 "GLThread 445" 7e84afc000 5502d
  HwBinder:933_7-2024  [005] ....  6356.148322: do_swap_page: prefetch fault 933 "HwBinder:933_7" 185555a000 16906d
           <...>-6477  [007] ....  6356.148825: do_swap_page: prefetch fault 6355 "GLThread 445" 7eac339000 49094
  HwBinder:933_7-2024  [005] ...1  6356.150644: do_swap_page: prefetch miss 933 "HwBinder:933_7" 185555a000 16906d
           <...>-6477  [007] ...1  6356.150665: do_swap_page: prefetch miss 6355 "GLThread 445" 7eac339000 49094
  HwBinder:933_7-2024  [005] ....  6356.150802: do_swap_page: prefetch fault 933 "HwBinder:933_7" 7fbdd70000 16906e
  HwBinder:933_7-2024  [005] ...1  6356.152733: do_swap_page: prefetch miss 933 "HwBinder:933_7" 7fbdd70000 16906e
  HwBinder:933_7-2024  [005] ....  6356.152772: do_swap_page: prefetch fault 933 "HwBinder:933_7" 7fbdf05000 190aa
  HwBinder:933_7-2024  [005] ...1  6356.154485: do_swap_page: prefetch miss 933 "HwBinder:933_7" 7fbdf05000 190aa
  HwBinder:933_7-2024  [005] ....  6356.154513: do_swap_page: prefetch fault 933 "HwBinder:933_7" 7f3c4e5000 190ab
  HwBinder:933_7-2024  [005] ...1  6356.156402: do_swap_page: prefetch miss 933 "HwBinder:933_7" 7f3c4e5000 190ab
  HwBinder:933_7-2024  [005] ....  6356.156475: do_swap_page: prefetch fault 933 "HwBinder:933_7" 1a55571000 16906f
  HwBinder:933_7-2024  [005] ...1  6356.158154: do_swap_page: prefetch miss 933 "HwBinder:933_7" 1a55571000 16906f
  HwBinder:933_7-2024  [005] ....  6356.158179: do_swap_page: prefetch fault 933 "HwBinder:933_7" 1a55567000 169070
  HwBinder:933_7-2024  [005] ...1  6356.160142: do_swap_page: prefetch miss 933 "HwBinder:933_7" 1a55567000 169070
  HwBinder:933_7-2024  [005] ....  6356.160166: do_swap_page: prefetch fault 933 "HwBinder:933_7" 1a5555e000 169071
  HwBinder:933_7-2024  [005] ...1  6356.162082: do_swap_page: prefetch miss 933 "HwBinder:933_7" 1a5555e000 169071
    Binder:910_5-3580  [005] ....  6356.162257: do_swap_page: prefetch fault 910 "Binder:910_5" f3529000 590ea
    Binder:910_5-3580  [005] ...1  6356.163930: do_swap_page: prefetch miss 910 "Binder:910_5" f3529000 590ea
           <...>-1894  [002] ....  6356.165030: do_swap_page: prefetch fault 834 "HwBinder:834_3" f7a3b000 17107b
           <...>-1894  [002] ...1  6356.166633: do_swap_page: prefetch miss 834 "HwBinder:834_3" f7a3b000 17107b
           <...>-1894  [002] ....  6356.166720: do_swap_page: prefetch fault 834 "HwBinder:834_3" f7a27000 17107c
           <...>-1894  [002] ...1  6356.168432: do_swap_page: prefetch miss 834 "HwBinder:834_3" f7a27000 17107c
           <...>-1894  [002] ....  6356.168522: do_swap_page: prefetch fault 834 "HwBinder:834_3" f7a14000 390cd
           <...>-1894  [002] ...1  6356.170486: do_swap_page: prefetch miss 834 "HwBinder:834_3" f7a14000 390cd
    Binder:910_5-3580  [002] ....  6356.170757: do_swap_page: prefetch fault 910 "Binder:910_5" f3602000 16906b
    Binder:910_5-3580  [006] ...1  6356.172569: do_swap_page: prefetch miss 910 "Binder:910_5" f3602000 16906b
           <...>-1894  [006] ....  6356.172697: do_swap_page: prefetch fault 834 "HwBinder:834_3" f7a72000 175005
           <...>-1894  [006] ...1  6356.174838: do_swap_page: prefetch miss 834 "HwBinder:834_3" f7a72000 175005
           <...>-1894  [006] ....  6356.175018: do_swap_page: prefetch fault 834 "HwBinder:834_3" f73ae000 175007
           <...>-1894  [006] ...1  6356.176677: do_swap_page: prefetch miss 834 "HwBinder:834_3" f73ae000 175007
           <...>-1894  [006] ....  6356.176721: do_swap_page: prefetch fault 834 "HwBinder:834_3" f58c7000 390db
           <...>-1894  [006] ...1  6356.180259: do_swap_page: prefetch miss 834 "HwBinder:834_3" f58c7000 390db
           <...>-1894  [006] ....  6356.180284: do_swap_page: prefetch fault 834 "HwBinder:834_3" f7a63000 390dc
           <...>-1894  [006] ...1  6356.182521: do_swap_page: prefetch miss 834 "HwBinder:834_3" f7a63000 390dc
    Binder:910_4-3568  [006] ....  6356.182882: do_swap_page: prefetch fault 910 "Binder:910_4" f7a52000 16905e
    Binder:910_4-3568  [006] ...1  6356.184479: do_swap_page: prefetch miss 910 "Binder:910_4" f7a52000 16905e
    Binder:910_4-3568  [006] ....  6356.184527: do_swap_page: prefetch fault 910 "Binder:910_4" f6b6a000 17500a
    Binder:910_4-3568  [006] ...1  6356.186072: do_swap_page: prefetch miss 910 "Binder:910_4" f6b6a000 17500a
    Binder:910_4-3568  [006] ....  6356.186460: do_swap_page: prefetch fault 910 "Binder:910_4" f7b12000 16905a
    Binder:910_4-3568  [006] ...1  6356.188190: do_swap_page: prefetch miss 910 "Binder:910_4" f7b12000 16905a
    Binder:910_4-3568  [006] ....  6356.188237: do_swap_page: prefetch fault 910 "Binder:910_4" f7a0f000 175013
    Binder:910_4-3568  [006] ...1  6356.190181: do_swap_page: prefetch miss 910 "Binder:910_4" f7a0f000 175013
    Binder:910_4-3568  [006] ....  6356.190241: do_swap_page: prefetch fault 910 "Binder:910_4" f7b02000 175012
    Binder:910_4-3568  [006] ...1  6356.191921: do_swap_page: prefetch miss 910 "Binder:910_4" f7b02000 175012
 .candycrushsaga-6355  [006] ....  6356.192510: do_swap_page: prefetch fault 6355 ".candycrushsaga" 7f234e0000 185005
    GLThread 445-6412  [006] ....  6356.192582: do_swap_page: prefetch fault 6355 "GLThread 445" 7fbb477000 49095
           <...>-30350 [001] ....  6356.192640: do_swap_page: prefetch fault 910 "NuPlayerDriver " f7aea000 171080
 .candycrushsaga-6355  [006] ...1  6356.194771: do_swap_page: prefetch miss 6355 ".candycrushsaga" 7f234e0000 185005
