    GLThread 445-6412  [007] ....  4001.832005: do_swap_page: prefetch fault 6355 "GLThread 445" 7e9efee000 3d009
           <...>-654   [002] ...1  4001.832140: do_swap_page: prefetch miss 602 "ImageManager" 7fbe1df000 1016
           <...>-654   [002] ....  4001.832179: do_swap_page: prefetch fault 602 "ImageManager" 7fbe1d8000 2906d
    GLThread 445-6412  [007] ...1  4001.834019: do_swap_page: prefetch miss 6355 "GLThread 445" 7e9efee000 3d009
           <...>-654   [002] ...1  4001.834165: do_swap_page: prefetch miss 602 "ImageManager" 7fbe1d8000 2906d
           <...>-654   [002] ....  4001.834204: do_swap_page: prefetch fault 602 "ImageManager" 7fb7e7e000 1019
    GLThread 445-6412  [007] ....  4001.834539: do_swap_page: prefetch fault 6355 "GLThread 445" 7e84b0c000 3d033
           <...>-654   [002] ...1  4001.836267: do_swap_page: prefetch miss 602 "ImageManager" 7fb7e7e000 1019
           <...>-654   [002] ....  4001.836303: do_swap_page: prefetch fault 602 "ImageManager" 7fbe230000 101a
    GLThread 445-6412  [007] ...1  4001.836599: do_swap_page: prefetch miss 6355 "GLThread 445" 7e84b0c000 3d033
    GLThread 445-6412  [007] ....  4001.836743: do_swap_page: prefetch fault 6355 "GLThread 445" 7e9ea66000 3d023
           <...>-654   [002] ...1  4001.838124: do_swap_page: prefetch miss 602 "ImageManager" 7fbe230000 101a
           <...>-654   [002] ....  4001.838153: do_swap_page: prefetch fault 602 "ImageManager" 7fb94d8000 2906e
    GLThread 445-6412  [007] ...1  4001.839204: do_swap_page: prefetch miss 6355 "GLThread 445" 7e9ea66000 3d023
    GLThread 445-6412  [007] ....  4001.839248: do_swap_page: prefetch fault 6355 "GLThread 445" 7eac414000 3905e
           <...>-654   [002] ...1  4001.840095: do_swap_page: prefetch miss 602 "ImageManager" 7fb94d8000 2906e
           <...>-654   [002] ....  4001.840273: do_swap_page: prefetch fault 602 "ImageManager" 7fbe1c6000 2906f
    GLThread 445-6412  [007] ...1  4001.841009: do_swap_page: prefetch miss 6355 "GLThread 445" 7eac414000 3905e
    GLThread 445-6412  [007] ....  4001.841460: do_swap_page: prefetch fault 6355 "GLThread 445" 7ec60f8000 3d034
           <...>-654   [002] ...1  4001.842627: do_swap_page: prefetch miss 602 "ImageManager" 7fbe1c6000 2906f
           <...>-654   [002] ....  4001.842654: do_swap_page: prefetch fault 602 "ImageManager" 7fba640000 29070
    GLThread 445-6412  [007] ...1  4001.843511: do_swap_page: prefetch miss 6355 "GLThread 445" 7ec60f8000 3d034
    GLThread 445-6412  [007] ....  4001.843538: do_swap_page: prefetch fault 6355 "GLThread 445" 7ec60f7000 3d036
           <...>-654   [002] ...1  4001.844408: do_swap_page: prefetch miss 602 "ImageManager" 7fba640000 29070
           <...>-654   [002] ....  4001.844436: do_swap_page: prefetch fault 602 "ImageManager" 7fba641000 210bf
    GLThread 445-6412  [007] ...1  4001.845286: do_swap_page: prefetch miss 6355 "GLThread 445" 7ec60f7000 3d036
 .candycrushsaga-6355  [007] ....  4001.845626: do_swap_page: prefetch fault 6355 ".candycrushsaga" 7f28fc3000 3d037
           <...>-654   [002] ...1  4001.846235: do_swap_page: prefetch miss 602 "ImageManager" 7fba641000 210bf
    GLThread 445-6412  [006] ....  4001.846250: do_swap_page: prefetch fault 6355 "GLThread 445" 7eaf232000 110fc
           <...>-654   [002] ....  4001.846261: do_swap_page: prefetch fault 602 "ImageManager" 7fba642000 2d006
 .candycrushsaga-6355  [007] ...1  4001.847892: do_swap_page: prefetch miss 6355 ".candycrushsaga" 7f28fc3000 3d037
 .candycrushsaga-6355  [007] ....  4001.847900: do_swap_page: prefetch fault 6355 ".candycrushsaga" 7f28fc4000 3d038
    GLThread 445-6412  [007] ...1  4001.848033: do_swap_page: prefetch miss 6355 "GLThread 445" 7eaf232000 110fc
    GLThread 445-6412  [007] ....  4001.848147: do_swap_page: prefetch fault 6355 "GLThread 445" 7eaf1d5000 39015
           <...>-654   [002] ...1  4001.848182: do_swap_page: prefetch miss 602 "ImageManager" 7fba642000 2d006
           <...>-654   [002] ....  4001.848207: do_swap_page: prefetch fault 602 "ImageManager" 7fba643000 2d007
 .candycrushsaga-6355  [007] ...1  4001.850765: do_swap_page: prefetch miss 6355 ".candycrushsaga" 7f28fc4000 3d038
 .candycrushsaga-6355  [007] ....  4001.850784: do_swap_page: prefetch fault 6355 ".candycrushsaga" 7f28fec000 3d039
    GLThread 445-6412  [007] ...1  4001.850975: do_swap_page: prefetch miss 6355 "GLThread 445" 7eaf1d5000 39015
           <...>-654   [002] ...1  4001.851419: do_swap_page: prefetch miss 602 "ImageManager" 7fba643000 2d007
           <...>-654   [002] ....  4001.851446: do_swap_page: prefetch fault 602 "ImageManager" 7fba644000 2d008
 .candycrushsaga-6355  [007] ...1  4001.853360: do_swap_page: prefetch miss 6355 ".candycrushsaga" 7f28fec000 3d039
 .candycrushsaga-6355  [007] ....  4001.853368: do_swap_page: prefetch fault 6355 ".candycrushsaga" 7f28fed000 3d03a
           <...>-654   [002] ...1  4001.853574: do_swap_page: prefetch miss 602 "ImageManager" 7fba644000 2d008
           <...>-654   [002] ....  4001.853691: do_swap_page: prefetch fault 602 "ImageManager" 7fbe1f6000 1022
 .candycrushsaga-6355  [007] ...1  4001.857742: do_swap_page: prefetch miss 6355 ".candycrushsaga" 7f28fed000 3d03a
 .candycrushsaga-6355  [007] ....  4001.857757: do_swap_page: prefetch fault 6355 ".candycrushsaga" 7f28e94000 3d03b
           <...>-654   [002] ...1  4001.857824: do_swap_page: prefetch miss 602 "ImageManager" 7fbe1f6000 1022
           <...>-654   [002] ....  4001.857845: do_swap_page: prefetch fault 602 "ImageManager" 7fbe1f4000 1023
    GLThread 445-6412  [007] ....  4001.858629: do_swap_page: prefetch fault 6355 "GLThread 445" 7e8446a000 39086
 .candycrushsaga-6355  [005] ...1  4001.861570: do_swap_page: prefetch miss 6355 ".candycrushsaga" 7f28e94000 3d03b
 .candycrushsaga-6355  [005] ....  4001.861605: do_swap_page: prefetch fault 6355 ".candycrushsaga" 7eac4a6000 3d03c
           <...>-654   [002] ...1  4001.861685: do_swap_page: prefetch miss 602 "ImageManager" 7fbe1f4000 1023
           <...>-654   [002] ....  4001.861744: do_swap_page: prefetch fault 602 "ImageManager" 7fbe234000 1024
    GLThread 445-6412  [007] ...1  4001.861866: do_swap_page: prefetch miss 6355 "GLThread 445" 7e8446a000 39086
    GLThread 445-6412  [005] ....  4001.863027: do_swap_page: prefetch fault 6355 "GLThread 445" 7e9eb27000 3d03d
 .candycrushsaga-6355  [005] ...1  4001.863941: do_swap_page: prefetch miss 6355 ".candycrushsaga" 7eac4a6000 3d03c
 .candycrushsaga-6355  [005] ....  4001.863968: do_swap_page: prefetch fault 6355 ".candycrushsaga" 7eac3f1000 3d03e
           <...>-654   [000] ...1  4001.864088: do_swap_page: prefetch miss 602 "ImageManager" 7fbe234000 1024
           <...>-654   [000] ....  4001.864124: do_swap_page: prefetch fault 602 "ImageManager" 7fbe1f8000 1025
    GLThread 445-6412  [005] ...1  4001.865709: do_swap_page: prefetch miss 6355 "GLThread 445" 7e9eb27000 3d03d
 .candycrushsaga-6355  [006] ...1  4001.865951: do_swap_page: prefetch miss 6355 ".candycrushsaga" 7eac3f1000 3d03e
 .candycrushsaga-6355  [006] ....  4001.865966: do_swap_page: prefetch fault 6355 ".candycrushsaga" 7eac4a7000 3d03f
           <...>-654   [000] ...1  4001.866125: do_swap_page: prefetch miss 602 "ImageManager" 7fbe1f8000 1025
           <...>-654   [000] ....  4001.866175: do_swap_page: prefetch fault 602 "ImageManager" 7fba64e000 2d009
    GLThread 445-6412  [005] ....  4001.866886: do_swap_page: prefetch fault 6355 "GLThread 445" 7e84a22000 39053
 .candycrushsaga-6355  [004] ...1  4001.867842: do_swap_page: prefetch miss 6355 ".candycrushsaga" 7eac4a7000 3d03f
 .candycrushsaga-6355  [004] ....  4001.867858: do_swap_page: prefetch fault 6355 ".candycrushsaga" 7eac4a8000 310a4
           <...>-654   [000] ...1  4001.868037: do_swap_page: prefetch miss 602 "ImageManager" 7fba64e000 2d009
           <...>-654   [000] ....  4001.868281: do_swap_page: prefetch fault 602 "ImageManager" 7fba64d000 250b0
    GLThread 445-6412  [005] ...1  4001.868703: do_swap_page: prefetch miss 6355 "GLThread 445" 7e84a22000 39053
 .candycrushsaga-6355  [004] ...1  4001.869948: do_swap_page: prefetch miss 6355 ".candycrushsaga" 7eac4a8000 310a4
 .candycrushsaga-6355  [004] ....  4001.869986: do_swap_page: prefetch fault 6355 ".candycrushsaga" 7eac4a9000 310a5
           <...>-654   [000] ...1  4001.870060: do_swap_page: prefetch miss 602 "ImageManager" 7fba64d000 250b0
           <...>-654   [000] ....  4001.870116: do_swap_page: prefetch fault 602 "ImageManager" 7fbe233000 1027
 .candycrushsaga-6355  [004] ...1  4001.872136: do_swap_page: prefetch miss 6355 ".candycrushsaga" 7eac4a9000 310a5
 .candycrushsaga-6355  [004] ....  4001.872150: do_swap_page: prefetch fault 6355 ".candycrushsaga" 7f28fee000 310a6
           <...>-654   [000] ...1  4001.872295: do_swap_page: prefetch miss 602 "ImageManager" 7fbe233000 1027
           <...>-654   [000] ....  4001.872319: do_swap_page: prefetch fault 602 "ImageManager" 7fbe1c8000 1028
 .candycrushsaga-6355  [004] ...1  4001.874192: do_swap_page: prefetch miss 6355 ".candycrushsaga" 7f28fee000 310a6
 .candycrushsaga-6355  [004] ....  4001.874202: do_swap_page: prefetch fault 6355 ".candycrushsaga" 7eac3fe000 39067
           <...>-654   [000] ...1  4001.874445: do_swap_page: prefetch miss 602 "ImageManager" 7fbe1c8000 1028
           <...>-654   [000] ....  4001.874569: do_swap_page: prefetch fault 602 "ImageManager" 7fb92ed000 102c
 .candycrushsaga-6355  [004] ...1  4001.876161: do_swap_page: prefetch miss 6355 ".candycrushsaga" 7eac3fe000 39067
 .candycrushsaga-6355  [004] ....  4001.876176: do_swap_page: prefetch fault 6355 ".candycrushsaga" 7eac4aa000 39068
           <...>-654   [000] ...1  4001.876307: do_swap_page: prefetch miss 602 "ImageManager" 7fb92ed000 102c
 .candycrushsaga-6355  [004] ...1  4001.878043: do_swap_page: prefetch miss 6355 ".candycrushsaga" 7eac4aa000 39068
 .candycrushsaga-6355  [004] ....  4001.878062: do_swap_page: prefetch fault 6355 ".candycrushsaga" 7ec6487000 310a7
    GLThread 445-6412  [005] ....  4001.878932: do_swap_page: prefetch fault 6355 "GLThread 445" 7fbc15c000 310a8
 .candycrushsaga-6355  [004] ...1  4001.880451: do_swap_page: prefetch miss 6355 ".candycrushsaga" 7ec6487000 310a7
 .candycrushsaga-6355  [004] ....  4001.880459: do_swap_page: prefetch fault 6355 ".candycrushsaga" 7ec6488000 310a9
    GLThread 445-6412  [005] ...1  4001.880891: do_swap_page: prefetch miss 6355 "GLThread 445" 7fbc15c000 310a8
    GLThread 445-6412  [005] ....  4001.881863: do_swap_page: prefetch fault 6355 "GLThread 445" 7eafdb6000 3906c
 .candycrushsaga-6355  [004] ...1  4001.883761: do_swap_page: prefetch miss 6355 ".candycrushsaga" 7ec6488000 310a9
 .candycrushsaga-6355  [004] ....  4001.883776: do_swap_page: prefetch fault 6355 ".candycrushsaga" 7eac4ab000 3d040
    GLThread 445-6412  [005] ...1  4001.883945: do_swap_page: prefetch miss 6355 "GLThread 445" 7eafdb6000 3906c
 .candycrushsaga-6355  [004] ...1  4001.885902: do_swap_page: prefetch miss 6355 ".candycrushsaga" 7eac4ab000 3d040
 .candycrushsaga-6355  [004] ....  4001.885928: do_swap_page: prefetch fault 6355 ".candycrushsaga" 7ec6489000 3d041
 .candycrushsaga-6355  [004] ...1  4001.887782: do_swap_page: prefetch miss 6355 ".candycrushsaga" 7ec6489000 3d041
 .candycrushsaga-6355  [005] ....  4001.887905: do_swap_page: prefetch fault 6355 ".candycrushsaga" 7eac4ac000 3d042
 .candycrushsaga-6355  [004] ...1  4001.890417: do_swap_page: prefetch miss 6355 ".candycrushsaga" 7eac4ac000 3d042
 .candycrushsaga-6355  [004] ....  4001.890437: do_swap_page: prefetch fault 6355 ".candycrushsaga" 7eac4ad000 3d043
 .candycrushsaga-6355  [004] ...1  4001.892188: do_swap_page: prefetch miss 6355 ".candycrushsaga" 7eac4ad000 3d043
 .candycrushsaga-6355  [004] ....  4001.892202: do_swap_page: prefetch fault 6355 ".candycrushsaga" 7eac4ae000 3d044
 .candycrushsaga-6355  [004] ...1  4001.894207: do_swap_page: prefetch miss 6355 ".candycrushsaga" 7eac4ae000 3d044
 .candycrushsaga-6355  [005] ....  4001.894244: do_swap_page: prefetch fault 6355 ".candycrushsaga" 7eac4b6000 3d045
 .candycrushsaga-6355  [004] ...1  4001.896173: do_swap_page: prefetch miss 6355 ".candycrushsaga" 7eac4b6000 3d045
 .candycrushsaga-6355  [004] ....  4001.896192: do_swap_page: prefetch fault 6355 ".candycrushsaga" 7eac4b7000 3d046
    GLThread 445-6412  [005] ....  4001.896466: do_swap_page: prefetch fault 6355 "GLThread 445" 7eaf5df000 310aa
 .candycrushsaga-6355  [004] ...1  4001.898347: do_swap_page: prefetch miss 6355 ".candycrushsaga" 7eac4b7000 3d046
 .candycrushsaga-6355  [004] ....  4001.898356: do_swap_page: prefetch fault 6355 ".candycrushsaga" 7eac4b8000 3d047
    GLThread 445-6412  [005] ...1  4001.898910: do_swap_page: prefetch miss 6355 "GLThread 445" 7eaf5df000 310aa
 .candycrushsaga-6355  [004] ...1  4001.901084: do_swap_page: prefetch miss 6355 ".candycrushsaga" 7eac4b8000 3d047
 .candycrushsaga-6355  [004] ....  4001.901114: do_swap_page: prefetch fault 6355 ".candycrushsaga" 7ec6461000 3d048
 .candycrushsaga-6355  [004] ...1  4001.903021: do_swap_page: prefetch miss 6355 ".candycrushsaga" 7ec6461000 3d048
 .candycrushsaga-6355  [004] ....  4001.903051: do_swap_page: prefetch fault 6355 ".candycrushsaga" 7ec649d000 3d049
 .candycrushsaga-6355  [004] ...1  4001.905258: do_swap_page: prefetch miss 6355 ".candycrushsaga" 7ec649d000 3d049
 .candycrushsaga-6355  [004] ....  4001.905266: do_swap_page: prefetch fault 6355 ".candycrushsaga" 7ec649e000 3d04a
 .candycrushsaga-6355  [004] ...1  4001.907123: do_swap_page: prefetch miss 6355 ".candycrushsaga" 7ec649e000 3d04a
           <...>-6395  [007] ....  4001.907269: do_swap_page: prefetch fault 6355 "RenderThread" 7f28fbd000 3d04b
           <...>-6395  [007] ...1  4001.909173: do_swap_page: prefetch miss 6355 "RenderThread" 7f28fbd000 3d04b
           <...>-6395  [007] ....  4001.909186: do_swap_page: prefetch fault 6355 "RenderThread" 7ec61fb000 3d04c
           <...>-6395  [007] ...1  4001.911185: do_swap_page: prefetch miss 6355 "RenderThread" 7ec61fb000 3d04c
           <...>-6395  [007] ....  4001.911190: do_swap_page: prefetch fault 6355 "RenderThread" 7ec61ff000 3d04d
           <...>-6395  [007] ...1  4001.913221: do_swap_page: prefetch miss 6355 "RenderThread" 7ec61ff000 3d04d
           <...>-6395  [007] ....  4001.913231: do_swap_page: prefetch fault 6355 "RenderThread" 7ec6441000 1d089
           <...>-6395  [007] ...1  4001.915209: do_swap_page: prefetch miss 6355 "RenderThread" 7ec6441000 1d089
           <...>-6395  [007] ....  4001.915215: do_swap_page: prefetch fault 6355 "RenderThread" 7ec61ea000 3d04e
           <...>-6395  [007] ...1  4001.917409: do_swap_page: prefetch miss 6355 "RenderThread" 7ec61ea000 3d04e
           <...>-6395  [007] ....  4001.917416: do_swap_page: prefetch fault 6355 "RenderThread" 7f28b8e000 3d04f
           <...>-6395  [007] ...1  4001.920189: do_swap_page: prefetch miss 6355 "RenderThread" 7f28b8e000 3d04f
           <...>-6395  [007] ....  4001.920198: do_swap_page: prefetch fault 6355 "RenderThread" 7f28bc6000 1d08c
           <...>-6395  [007] ...1  4001.922284: do_swap_page: prefetch miss 6355 "RenderThread" 7f28bc6000 1d08c
           <...>-6395  [007] ....  4001.922289: do_swap_page: prefetch fault 6355 "RenderThread" 7f28bc7000 3d050
           <...>-6395  [007] ...1  4001.924996: do_swap_page: prefetch miss 6355 "RenderThread" 7f28bc7000 3d050
           <...>-6395  [007] ....  4001.925005: do_swap_page: prefetch fault 6355 "RenderThread" 7ed1ab7000 3d051
           <...>-6395  [007] ...1  4001.927121: do_swap_page: prefetch miss 6355 "RenderThread" 7ed1ab7000 3d051
           <...>-6395  [007] ....  4001.927126: do_swap_page: prefetch fault 6355 "RenderThread" 7ed1ad6000 3d052
           <...>-6395  [007] ...1  4001.929044: do_swap_page: prefetch miss 6355 "RenderThread" 7ed1ad6000 3d052
           <...>-6395  [007] ....  4001.929051: do_swap_page: prefetch fault 6355 "RenderThread" 7ec6380000 1d090
           <...>-6395  [007] ...1  4001.932426: do_swap_page: prefetch miss 6355 "RenderThread" 7ec6380000 1d090
           <...>-6395  [007] ....  4001.932431: do_swap_page: prefetch fault 6355 "RenderThread" 7f28fb1000 3d053
           <...>-6395  [007] ...1  4001.934331: do_swap_page: prefetch miss 6355 "RenderThread" 7f28fb1000 3d053
           <...>-6395  [007] ....  4001.934337: do_swap_page: prefetch fault 6355 "RenderThread" 7f28edb000 39069
           <...>-6395  [007] ...1  4001.936623: do_swap_page: prefetch miss 6355 "RenderThread" 7f28edb000 39069
           <...>-6395  [007] ....  4001.936632: do_swap_page: prefetch fault 6355 "RenderThread" 7f28fb2000 3906a
           <...>-6395  [007] ...1  4001.938808: do_swap_page: prefetch miss 6355 "RenderThread" 7f28fb2000 3906a
           <...>-6395  [007] ....  4001.938812: do_swap_page: prefetch fault 6355 "RenderThread" 7f28edc000 3906b
           <...>-6395  [007] ...1  4001.940921: do_swap_page: prefetch miss 6355 "RenderThread" 7f28edc000 3906b
           <...>-6395  [007] ....  4001.940957: do_swap_page: prefetch fault 6355 "RenderThread" 7f28a93000 3906d
           <...>-6395  [007] ...1  4001.943361: do_swap_page: prefetch miss 6355 "RenderThread" 7f28a93000 3906d
           <...>-6395  [007] ....  4001.943387: do_swap_page: prefetch fault 6355 "RenderThread" 7f28b18000 310ab
           <...>-6477  [005] ....  4001.943982: do_swap_page: prefetch fault 6355 "GLThread 445" 7ed1b20000 310bd
           <...>-6395  [007] ...1  4001.945542: do_swap_page: prefetch miss 6355 "RenderThread" 7f28b18000 310ab
           <...>-6477  [005] ...1  4001.945762: do_swap_page: prefetch miss 6355 "GLThread 445" 7ed1b20000 310bd
           <...>-6416  [007] ....  4001.945800: do_swap_page: prefetch fault 6355 "hwuiTask1" 7ec64a8000 310b5
           <...>-6477  [005] ....  4001.945932: do_swap_page: prefetch fault 6355 "GLThread 445" 7edf5a8000 39071
           <...>-6395  [007] ....  4001.946178: do_swap_page: prefetch fault 6355 "RenderThread" 7ec8d17000 310ad
           <...>-6416  [007] ...1  4001.948046: do_swap_page: prefetch miss 6355 "hwuiTask1" 7ec64a8000 310b5
           <...>-6477  [005] ...1  4001.948187: do_swap_page: prefetch miss 6355 "GLThread 445" 7edf5a8000 39071
           <...>-2199  [007] ....  4001.948235: do_swap_page: prefetch fault 602 "Binder:602_5" 7fbc964000 250b1
           <...>-6395  [007] ...1  4001.948350: do_swap_page: prefetch miss 6355 "RenderThread" 7ec8d17000 310ad
           <...>-6395  [007] ....  4001.948366: do_swap_page: prefetch fault 6355 "RenderThread" 7ec8d18000 310ae
           <...>-2199  [006] ...1  4001.950842: do_swap_page: prefetch miss 602 "Binder:602_5" 7fbc964000 250b1
           <...>-2199  [006] ....  4001.950941: do_swap_page: prefetch fault 602 "Binder:602_5" 7fbc963000 102b
           <...>-6395  [006] ...1  4001.950951: do_swap_page: prefetch miss 6355 "RenderThread" 7ec8d18000 310ae
           <...>-6395  [006] ....  4001.950965: do_swap_page: prefetch fault 6355 "RenderThread" 7ec8d19000 310af
           <...>-2199  [006] ...1  4001.953946: do_swap_page: prefetch miss 602 "Binder:602_5" 7fbc963000 102b
           <...>-6395  [006] ...1  4001.954114: do_swap_page: prefetch miss 6355 "RenderThread" 7ec8d19000 310af
           <...>-6395  [006] ....  4001.954136: do_swap_page: prefetch fault 6355 "RenderThread" 7ec8d16000 310b0
           <...>-6395  [006] ...1  4001.956193: do_swap_page: prefetch miss 6355 "RenderThread" 7ec8d16000 310b0
           <...>-6395  [006] ....  4001.956256: do_swap_page: prefetch fault 6355 "RenderThread" 7ec61e5000 310b1
           <...>-6395  [006] ...1  4001.958168: do_swap_page: prefetch miss 6355 "RenderThread" 7ec61e5000 310b1
           <...>-6395  [006] ....  4001.958180: do_swap_page: prefetch fault 6355 "RenderThread" 7ec61fc000 310b2
           <...>-6395  [004] ...1  4001.960799: do_swap_page: prefetch miss 6355 "RenderThread" 7ec61fc000 310b2
           <...>-6395  [004] ....  4001.960856: do_swap_page: prefetch fault 6355 "RenderThread" 7fbb31b000 1d09b
           <...>-6395  [004] ...1  4001.964233: do_swap_page: prefetch miss 6355 "RenderThread" 7fbb31b000 1d09b
           <...>-6395  [004] ....  4001.964288: do_swap_page: prefetch fault 6355 "RenderThread" 7ec61dc000 310b3
           <...>-6395  [004] ...1  4001.966269: do_swap_page: prefetch miss 6355 "RenderThread" 7ec61dc000 310b3
           <...>-6395  [004] ....  4001.966322: do_swap_page: prefetch fault 6355 "RenderThread" 7ec61dd000 310b4
           <...>-6395  [004] ...1  4001.969279: do_swap_page: prefetch miss 6355 "RenderThread" 7ec61dd000 310b4
           <...>-6395  [004] ....  4001.969330: do_swap_page: prefetch fault 6355 "RenderThread" 7ec64a9000 310b6
           <...>-6395  [004] ...1  4001.971360: do_swap_page: prefetch miss 6355 "RenderThread" 7ec64a9000 310b6
           <...>-6395  [004] ....  4001.971420: do_swap_page: prefetch fault 6355 "RenderThread" 7ec64c7000 310b7
           <...>-6395  [004] ...1  4001.973497: do_swap_page: prefetch miss 6355 "RenderThread" 7ec64c7000 310b7
           <...>-6395  [004] ....  4001.973548: do_swap_page: prefetch fault 6355 "RenderThread" 7ec8d15000 310b8
           <...>-6395  [004] ...1  4001.975479: do_swap_page: prefetch miss 6355 "RenderThread" 7ec8d15000 310b8
           <...>-6395  [004] ....  4001.975514: do_swap_page: prefetch fault 6355 "RenderThread" 7ec8d14000 310b9
           <...>-6395  [004] ...1  4001.977486: do_swap_page: prefetch miss 6355 "RenderThread" 7ec8d14000 310b9
           <...>-6395  [004] ....  4001.977506: do_swap_page: prefetch fault 6355 "RenderThread" 7ec8d13000 310ba
           <...>-6395  [004] ...1  4001.979365: do_swap_page: prefetch miss 6355 "RenderThread" 7ec8d13000 310ba
           <...>-6395  [004] ....  4001.979421: do_swap_page: prefetch fault 6355 "RenderThread" 7f28c64000 310bc
           <...>-6395  [004] ...1  4001.981926: do_swap_page: prefetch miss 6355 "RenderThread" 7f28c64000 310bc
           <...>-6395  [004] ....  4001.981940: do_swap_page: prefetch fault 6355 "RenderThread" 7ed1af8000 310bf
           <...>-6395  [004] ...1  4001.984789: do_swap_page: prefetch miss 6355 "RenderThread" 7ed1af8000 310bf
           <...>-6395  [004] ....  4001.984805: do_swap_page: prefetch fault 6355 "RenderThread" 7ed1af3000 310c0
           <...>-6395  [004] ...1  4001.986661: do_swap_page: prefetch miss 6355 "RenderThread" 7ed1af3000 310c0
           <...>-6395  [004] ....  4001.986690: do_swap_page: prefetch fault 6355 "RenderThread" 7f28d9d000 21044
           <...>-6395  [004] ...1  4001.989094: do_swap_page: prefetch miss 6355 "RenderThread" 7f28d9d000 21044
           <...>-6395  [004] ....  4001.989108: do_swap_page: prefetch fault 6355 "RenderThread" 7f28d9e000 21045
           <...>-6395  [004] ...1  4001.992035: do_swap_page: prefetch miss 6355 "RenderThread" 7f28d9e000 21045
           <...>-6395  [004] ....  4001.992148: do_swap_page: prefetch fault 6355 "RenderThread" 7f28fe2000 310c1
    GLThread 445-6412  [006] ....  4001.993695: do_swap_page: prefetch fault 6355 "GLThread 445" 7eaf20e000 3103b
           <...>-6395  [004] ...1  4001.994330: do_swap_page: prefetch miss 6355 "RenderThread" 7f28fe2000 310c1
           <...>-6395  [004] ....  4001.994341: do_swap_page: prefetch fault 6355 "RenderThread" 7ec6497000 310c2
    GLThread 445-6412  [006] ...1  4001.995535: do_swap_page: prefetch miss 6355 "GLThread 445" 7eaf20e000 3103b
           <...>-6395  [004] ...1  4001.996204: do_swap_page: prefetch miss 6355 "RenderThread" 7ec6497000 310c2
           <...>-6395  [004] ....  4001.996215: do_swap_page: prefetch fault 6355 "RenderThread" 7ec6496000 310c3
           <...>-6395  [004] ...1  4001.998140: do_swap_page: prefetch miss 6355 "RenderThread" 7ec6496000 310c3
           <...>-6395  [004] ....  4001.998154: do_swap_page: prefetch fault 6355 "RenderThread" 7f28f65000 21049
           <...>-6395  [004] ...1  4002.000541: do_swap_page: prefetch miss 6355 "RenderThread" 7f28f65000 21049
           <...>-6395  [004] ....  4002.000548: do_swap_page: prefetch fault 6355 "RenderThread" 7f28f66000 2104a
           <...>-6395  [004] ...1  4002.002920: do_swap_page: prefetch miss 6355 "RenderThread" 7f28f66000 2104a
           <...>-6395  [004] ....  4002.002949: do_swap_page: prefetch fault 6355 "RenderThread" 7ec6207000 310c4
           <...>-6395  [004] ...1  4002.005185: do_swap_page: prefetch miss 6355 "RenderThread" 7ec6207000 310c4
           <...>-6395  [004] ....  4002.005220: do_swap_page: prefetch fault 6355 "RenderThread" 7f28fe3000 310c5
           <...>-6395  [004] ...1  4002.007054: do_swap_page: prefetch miss 6355 "RenderThread" 7f28fe3000 310c5
           <...>-6395  [004] ....  4002.007096: do_swap_page: prefetch fault 6355 "RenderThread" 7ec61db000 310c6
           <...>-6395  [004] ...1  4002.009043: do_swap_page: prefetch miss 6355 "RenderThread" 7ec61db000 310c6
           <...>-6395  [004] ....  4002.009070: do_swap_page: prefetch fault 6355 "RenderThread" 7f28eda000 3906e
           <...>-6395  [004] ...1  4002.011068: do_swap_page: prefetch miss 6355 "RenderThread" 7f28eda000 3906e
           <...>-6395  [004] ....  4002.011102: do_swap_page: prefetch fault 6355 "RenderThread" 7ed1b24000 3906f
           <...>-6395  [004] ...1  4002.013193: do_swap_page: prefetch miss 6355 "RenderThread" 7ed1b24000 3906f
           <...>-6395  [004] ....  4002.013221: do_swap_page: prefetch fault 6355 "RenderThread" 7ed1b23000 39070
           <...>-6395  [004] ...1  4002.015628: do_swap_page: prefetch miss 6355 "RenderThread" 7ed1b23000 39070
           <...>-6395  [004] ....  4002.015659: do_swap_page: prefetch fault 6355 "RenderThread" 7ec6498000 39072
           <...>-6395  [004] ...1  4002.017660: do_swap_page: prefetch miss 6355 "RenderThread" 7ec6498000 39072
           <...>-6395  [004] ....  4002.017698: do_swap_page: prefetch fault 6355 "RenderThread" 7f28dba000 21053
           <...>-6395  [004] ...1  4002.019822: do_swap_page: prefetch miss 6355 "RenderThread" 7f28dba000 21053
           <...>-6395  [004] ....  4002.019863: do_swap_page: prefetch fault 6355 "RenderThread" 7f28fb3000 21054
           <...>-6395  [004] ...1  4002.022079: do_swap_page: prefetch miss 6355 "RenderThread" 7f28fb3000 21054
           <...>-6395  [004] ....  4002.022106: do_swap_page: prefetch fault 6355 "RenderThread" 7ec61fe000 39073
           <...>-6395  [004] ...1  4002.024225: do_swap_page: prefetch miss 6355 "RenderThread" 7ec61fe000 39073
           <...>-6395  [004] ....  4002.024250: do_swap_page: prefetch fault 6355 "RenderThread" 7ec6499000 1909a
           <...>-6395  [004] ...1  4002.026276: do_swap_page: prefetch miss 6355 "RenderThread" 7ec6499000 1909a
           <...>-6395  [004] ....  4002.026300: do_swap_page: prefetch fault 6355 "RenderThread" 7ed1b09000 1909b
           <...>-6395  [005] ...1  4002.029159: do_swap_page: prefetch miss 6355 "RenderThread" 7ed1b09000 1909b
           <...>-6395  [005] ....  4002.029248: do_swap_page: prefetch fault 6355 "RenderThread" 7ec6445000 39074
           <...>-6395  [005] ...1  4002.031178: do_swap_page: prefetch miss 6355 "RenderThread" 7ec6445000 39074
           <...>-6395  [005] ....  4002.031213: do_swap_page: prefetch fault 6355 "RenderThread" 7f28ed4000 1909d
           <...>-6395  [005] ...1  4002.034574: do_swap_page: prefetch miss 6355 "RenderThread" 7f28ed4000 1909d
           <...>-6395  [005] ....  4002.034601: do_swap_page: prefetch fault 6355 "RenderThread" 7ec649a000 39075
           <...>-6395  [005] ...1  4002.036618: do_swap_page: prefetch miss 6355 "RenderThread" 7ec649a000 39075
           <...>-6395  [005] ....  4002.036671: do_swap_page: prefetch fault 6355 "RenderThread" 7ec6444000 39076
           <...>-6395  [005] ...1  4002.038603: do_swap_page: prefetch miss 6355 "RenderThread" 7ec6444000 39076
           <...>-6395  [005] ....  4002.038632: do_swap_page: prefetch fault 6355 "RenderThread" 7ec6200000 39077
           <...>-6395  [005] ...1  4002.040991: do_swap_page: prefetch miss 6355 "RenderThread" 7ec6200000 39077
           <...>-6395  [005] ....  4002.041032: do_swap_page: prefetch fault 6355 "RenderThread" 7ec61ed000 1d09f
           <...>-6395  [005] ...1  4002.045818: do_swap_page: prefetch miss 6355 "RenderThread" 7ec61ed000 1d09f
           <...>-6395  [005] ....  4002.045858: do_swap_page: prefetch fault 6355 "RenderThread" 7ec6455000 39078
           <...>-6395  [005] ...1  4002.048013: do_swap_page: prefetch miss 6355 "RenderThread" 7ec6455000 39078
           <...>-6395  [005] ....  4002.048158: do_swap_page: prefetch fault 6355 "RenderThread" 7ed1b21000 1d0a1
           <...>-6395  [005] ...1  4002.050739: do_swap_page: prefetch miss 6355 "RenderThread" 7ed1b21000 1d0a1
           <...>-6395  [005] ....  4002.050779: do_swap_page: prefetch fault 6355 "RenderThread" 7ed1b22000 39079
           <...>-6395  [007] ...1  4002.054488: do_swap_page: prefetch miss 6355 "RenderThread" 7ed1b22000 39079
           <...>-6395  [007] ....  4002.054552: do_swap_page: prefetch fault 6355 "RenderThread" 7ec61e8000 3907a
           <...>-6395  [007] ...1  4002.056310: do_swap_page: prefetch miss 6355 "RenderThread" 7ec61e8000 3907a
           <...>-6395  [007] ....  4002.056357: do_swap_page: prefetch fault 6355 "RenderThread" 7f28df5000 3907b
           <...>-6395  [007] ...1  4002.058319: do_swap_page: prefetch miss 6355 "RenderThread" 7f28df5000 3907b
           <...>-6395  [007] ....  4002.058334: do_swap_page: prefetch fault 6355 "RenderThread" 7f28fe4000 110ff
           <...>-6395  [007] ...1  4002.060616: do_swap_page: prefetch miss 6355 "RenderThread" 7f28fe4000 110ff
           <...>-6395  [007] ....  4002.060665: do_swap_page: prefetch fault 6355 "RenderThread" 7ec61f2000 3907c
           <...>-6395  [007] ...1  4002.062965: do_swap_page: prefetch miss 6355 "RenderThread" 7ec61f2000 3907c
           <...>-6395  [007] ....  4002.063234: do_swap_page: prefetch fault 6355 "RenderThread" 7f28de3000 25001
           <...>-6395  [007] ...1  4002.066013: do_swap_page: prefetch miss 6355 "RenderThread" 7f28de3000 25001
 .candycrushsaga-6355  [007] ....  4002.066280: do_swap_page: prefetch fault 6355 ".candycrushsaga" 9f13d000 25002
 .candycrushsaga-6355  [007] ...1  4002.068174: do_swap_page: prefetch miss 6355 ".candycrushsaga" 9f13d000 25002
 .candycrushsaga-6355  [007] ....  4002.068276: do_swap_page: prefetch fault 6355 ".candycrushsaga" 7e9bf5f000 3907d
 .candycrushsaga-6355  [007] ...1  4002.070529: do_swap_page: prefetch miss 6355 ".candycrushsaga" 7e9bf5f000 3907d
           <...>-3921  [005] ....  4002.070853: do_swap_page: prefetch fault 1344 "Binder:1344_10" 7f206b9000 25005
           <...>-3921  [005] ...1  4002.072702: do_swap_page: prefetch miss 1344 "Binder:1344_10" 7f206b9000 25005
           <...>-3921  [005] ....  4002.072776: do_swap_page: prefetch fault 1344 "Binder:1344_10" 9f15c000 25006
           <...>-3921  [005] ...1  4002.075183: do_swap_page: prefetch miss 1344 "Binder:1344_10" 9f15c000 25006
 .candycrushsaga-6355  [005] ....  4002.075317: do_swap_page: prefetch fault 6355 ".candycrushsaga" 7ec649f000 3907e
 .candycrushsaga-6355  [007] ...1  4002.078067: do_swap_page: prefetch miss 6355 ".candycrushsaga" 7ec649f000 3907e
           <...>-3921  [006] ....  4002.078207: do_swap_page: prefetch fault 1344 "Binder:1344_10" 7ed1734000 1d0a5
           <...>-3921  [005] ...1  4002.080246: do_swap_page: prefetch miss 1344 "Binder:1344_10" 7ed1734000 1d0a5
 .candycrushsaga-6355  [005] ....  4002.080550: do_swap_page: prefetch fault 6355 ".candycrushsaga" 7fbc83f000 3907f
 .candycrushsaga-6355  [005] ...1  4002.082246: do_swap_page: prefetch miss 6355 ".candycrushsaga" 7fbc83f000 3907f
 .candycrushsaga-6355  [005] ....  4002.083813: do_swap_page: prefetch fault 6355 ".candycrushsaga" 7e9b9b5000 39080
 .candycrushsaga-6355  [005] ...1  4002.085655: do_swap_page: prefetch miss 6355 ".candycrushsaga" 7e9b9b5000 39080
           <...>-3568  [006] ....  4002.086163: do_swap_page: prefetch fault 910 "Binder:910_4" f7a80000 210c5
           <...>-3568  [006] ...1  4002.088016: do_swap_page: prefetch miss 910 "Binder:910_4" f7a80000 210c5
           <...>-3568  [006] ....  4002.088033: do_swap_page: prefetch fault 910 "Binder:910_4" f3032000 2d014
           <...>-3568  [006] ...1  4002.089998: do_swap_page: prefetch miss 910 "Binder:910_4" f3032000 2d014
           <...>-3568  [006] ....  4002.090013: do_swap_page: prefetch fault 910 "Binder:910_4" f713e000 2d015
           <...>-3568  [006] ...1  4002.092283: do_swap_page: prefetch miss 910 "Binder:910_4" f713e000 2d015
           <...>-3568  [006] ....  4002.092297: do_swap_page: prefetch fault 910 "Binder:910_4" f7a4a000 29086
           <...>-3568  [006] ...1  4002.094376: do_swap_page: prefetch miss 910 "Binder:910_4" f7a4a000 29086
           <...>-3568  [006] ....  4002.094389: do_swap_page: prefetch fault 910 "Binder:910_4" f7a23000 2d016
           <...>-3568  [006] ...1  4002.096336: do_swap_page: prefetch miss 910 "Binder:910_4" f7a23000 2d016
           <...>-3568  [006] ....  4002.096355: do_swap_page: prefetch fault 910 "Binder:910_4" f7a06000 2d017
           <...>-3568  [006] ...1  4002.098272: do_swap_page: prefetch miss 910 "Binder:910_4" f7a06000 2d017
           <...>-3568  [006] ....  4002.098278: do_swap_page: prefetch fault 910 "Binder:910_4" f7a10000 2d018
           <...>-3568  [006] ...1  4002.100340: do_swap_page: prefetch miss 910 "Binder:910_4" f7a10000 2d018
           <...>-3568  [006] ....  4002.100352: do_swap_page: prefetch fault 910 "Binder:910_4" f7ae5000 2d019
           <...>-3568  [006] ...1  4002.102927: do_swap_page: prefetch miss 910 "Binder:910_4" f7ae5000 2d019
           <...>-3568  [006] ....  4002.102948: do_swap_page: prefetch fault 910 "Binder:910_4" f72e8000 2d01a
           <...>-3568  [006] ...1  4002.105390: do_swap_page: prefetch miss 910 "Binder:910_4" f72e8000 2d01a
           <...>-3568  [006] ....  4002.105397: do_swap_page: prefetch fault 910 "Binder:910_4" f7a05000 2d01b
           <...>-3568  [006] ...1  4002.107442: do_swap_page: prefetch miss 910 "Binder:910_4" f7a05000 2d01b
           <...>-3568  [006] ....  4002.107450: do_swap_page: prefetch fault 910 "Binder:910_4" f7a5c000 2d01c
           <...>-3568  [006] ...1  4002.109974: do_swap_page: prefetch miss 910 "Binder:910_4" f7a5c000 2d01c
           <...>-3568  [006] ....  4002.109988: do_swap_page: prefetch fault 910 "Binder:910_4" f3031000 2d01d
           <...>-3568  [006] ...1  4002.112036: do_swap_page: prefetch miss 910 "Binder:910_4" f3031000 2d01d
           <...>-3568  [006] ....  4002.112048: do_swap_page: prefetch fault 910 "Binder:910_4" f7141000 d083
           <...>-3568  [006] ...1  4002.114531: do_swap_page: prefetch miss 910 "Binder:910_4" f7141000 d083
           <...>-3568  [006] ....  4002.114543: do_swap_page: prefetch fault 910 "Binder:910_4" f7a0a000 2d01e
           <...>-3568  [006] ...1  4002.116606: do_swap_page: prefetch miss 910 "Binder:910_4" f7a0a000 2d01e
           <...>-3568  [006] ....  4002.116613: do_swap_page: prefetch fault 910 "Binder:910_4" f7a39000 29087
           <...>-3568  [006] ...1  4002.118513: do_swap_page: prefetch miss 910 "Binder:910_4" f7a39000 29087
           <...>-3568  [006] ....  4002.118540: do_swap_page: prefetch fault 910 "Binder:910_4" f3531000 29088
           <...>-3568  [006] ...1  4002.124932: do_swap_page: prefetch miss 910 "Binder:910_4" f3531000 29088
           <...>-3568  [006] ....  4002.124980: do_swap_page: prefetch fault 910 "Binder:910_4" f5d55000 d087
           <...>-3568  [006] ...1  4002.127006: do_swap_page: prefetch miss 910 "Binder:910_4" f5d55000 d087
           <...>-3568  [006] ....  4002.127032: do_swap_page: prefetch fault 910 "Binder:910_4" f7a14000 d088
           <...>-3568  [006] ...1  4002.131568: do_swap_page: prefetch miss 910 "Binder:910_4" f7a14000 d088
           <...>-3568  [006] ....  4002.131593: do_swap_page: prefetch fault 910 "Binder:910_4" f7b09000 29089
           <...>-3568  [006] ...1  4002.133488: do_swap_page: prefetch miss 910 "Binder:910_4" f7b09000 29089
           <...>-3568  [006] ....  4002.133533: do_swap_page: prefetch fault 910 "Binder:910_4" f7b00000 2908a
           <...>-3568  [006] ...1  4002.136644: do_swap_page: prefetch miss 910 "Binder:910_4" f7b00000 2908a
           <...>-3568  [006] ....  4002.136678: do_swap_page: prefetch fault 910 "Binder:910_4" f3546000 250d5
           <...>-3568  [006] ...1  4002.139379: do_swap_page: prefetch miss 910 "Binder:910_4" f3546000 250d5
           <...>-3568  [006] ....  4002.139405: do_swap_page: prefetch fault 910 "Binder:910_4" f3584000 250d6
           <...>-3568  [006] ...1  4002.141163: do_swap_page: prefetch miss 910 "Binder:910_4" f3584000 250d6
           <...>-3568  [006] ....  4002.141188: do_swap_page: prefetch fault 910 "Binder:910_4" f3500000 250d7
           <...>-3568  [006] ...1  4002.143133: do_swap_page: prefetch miss 910 "Binder:910_4" f3500000 250d7
           <...>-3568  [006] ....  4002.143180: do_swap_page: prefetch fault 910 "Binder:910_4" f5af6000 d08f
           <...>-3568  [006] ...1  4002.145066: do_swap_page: prefetch miss 910 "Binder:910_4" f5af6000 d08f
           <...>-3568  [006] ....  4002.145100: do_swap_page: prefetch fault 910 "Binder:910_4" f351d000 250d8
           <...>-3568  [006] ...1  4002.147018: do_swap_page: prefetch miss 910 "Binder:910_4" f351d000 250d8
           <...>-3568  [006] ....  4002.147080: do_swap_page: prefetch fault 910 "Binder:910_4" f7b01000 2d02c
           <...>-3568  [006] ...1  4002.149032: do_swap_page: prefetch miss 910 "Binder:910_4" f7b01000 2d02c
           <...>-3568  [006] ....  4002.149061: do_swap_page: prefetch fault 910 "Binder:910_4" f7b06000 2d02b
           <...>-3568  [006] ...1  4002.151266: do_swap_page: prefetch miss 910 "Binder:910_4" f7b06000 2d02b
           <...>-3568  [006] ....  4002.151292: do_swap_page: prefetch fault 910 "Binder:910_4" f7b03000 2d02e
           <...>-3568  [006] ...1  4002.153183: do_swap_page: prefetch miss 910 "Binder:910_4" f7b03000 2d02e
           <...>-3568  [006] ....  4002.153231: do_swap_page: prefetch fault 910 "Binder:910_4" f7a12000 210c9
           <...>-3568  [006] ...1  4002.155431: do_swap_page: prefetch miss 910 "Binder:910_4" f7a12000 210c9
           <...>-3568  [006] ....  4002.155485: do_swap_page: prefetch fault 910 "Binder:910_4" f3502000 2908b
           <...>-3568  [006] ...1  4002.157850: do_swap_page: prefetch miss 910 "Binder:910_4" f3502000 2908b
           <...>-3568  [006] ....  4002.157964: do_swap_page: prefetch fault 910 "Binder:910_4" f7b05000 90be
    Binder:910_5-3580  [006] ....  4002.158064: do_swap_page: prefetch fault 910 "Binder:910_5" f352c000 2d020
           <...>-3568  [006] ...1  4002.159901: do_swap_page: prefetch miss 910 "Binder:910_4" f7b05000 90be
           <...>-3568  [006] ....  4002.159954: do_swap_page: prefetch fault 910 "Binder:910_4" f7b08000 2d01f
    Binder:910_5-3580  [006] ...1  4002.160028: do_swap_page: prefetch miss 910 "Binder:910_5" f352c000 2d020
    Binder:910_5-3580  [006] ....  4002.160039: do_swap_page: prefetch fault 910 "Binder:910_5" f2df1000 2d021
           <...>-3568  [006] ...1  4002.162091: do_swap_page: prefetch miss 910 "Binder:910_4" f7b08000 2d01f
    Binder:910_5-3580  [006] ...1  4002.162294: do_swap_page: prefetch miss 910 "Binder:910_5" f2df1000 2d021
    Binder:910_5-3580  [006] ....  4002.162302: do_swap_page: prefetch fault 910 "Binder:910_5" f3516000 210d3
    Binder:910_5-3580  [006] ...1  4002.164454: do_swap_page: prefetch miss 910 "Binder:910_5" f3516000 210d3
    Binder:910_5-3580  [006] ....  4002.164469: do_swap_page: prefetch fault 910 "Binder:910_5" f3505000 2d022
    Binder:910_5-3580  [006] ...1  4002.168729: do_swap_page: prefetch miss 910 "Binder:910_5" f3505000 2d022
    Binder:910_5-3580  [006] ....  4002.168735: do_swap_page: prefetch fault 910 "Binder:910_5" f3573000 2d023
    Binder:910_5-3580  [006] ...1  4002.171455: do_swap_page: prefetch miss 910 "Binder:910_5" f3573000 2d023
    Binder:910_5-3580  [006] ....  4002.171469: do_swap_page: prefetch fault 910 "Binder:910_5" f2df0000 2d024
    Binder:910_5-3580  [006] ...1  4002.173402: do_swap_page: prefetch miss 910 "Binder:910_5" f2df0000 2d024
    Binder:910_5-3580  [006] ....  4002.173417: do_swap_page: prefetch fault 910 "Binder:910_5" f7a0b000 2d025
    Binder:910_5-3580  [006] ...1  4002.175351: do_swap_page: prefetch miss 910 "Binder:910_5" f7a0b000 2d025
    Binder:910_5-3580  [006] ....  4002.175357: do_swap_page: prefetch fault 910 "Binder:910_5" f7a3a000 2d026
    Binder:910_5-3580  [006] ...1  4002.177327: do_swap_page: prefetch miss 910 "Binder:910_5" f7a3a000 2d026
    Binder:910_5-3580  [006] ....  4002.177335: do_swap_page: prefetch fault 910 "Binder:910_5" f3541000 2d027
    Binder:910_5-3580  [006] ...1  4002.179169: do_swap_page: prefetch miss 910 "Binder:910_5" f3541000 2d027
    Binder:910_5-3580  [006] ....  4002.179175: do_swap_page: prefetch fault 910 "Binder:910_5" f7a24000 d098
    Binder:910_5-3580  [006] ...1  4002.181293: do_swap_page: prefetch miss 910 "Binder:910_5" f7a24000 d098
    Binder:910_5-3580  [006] ....  4002.181328: do_swap_page: prefetch fault 910 "Binder:910_5" f6af4000 210c8
    Binder:910_5-3580  [006] ...1  4002.183183: do_swap_page: prefetch miss 910 "Binder:910_5" f6af4000 210c8
    Binder:910_5-3580  [006] ....  4002.183200: do_swap_page: prefetch fault 910 "Binder:910_5" f3533000 210ca
    Binder:910_5-3580  [006] ...1  4002.185412: do_swap_page: prefetch miss 910 "Binder:910_5" f3533000 210ca
    Binder:910_5-3580  [006] ....  4002.185421: do_swap_page: prefetch fault 910 "Binder:910_5" f356b000 210cb
    Binder:910_5-3580  [006] ...1  4002.187572: do_swap_page: prefetch miss 910 "Binder:910_5" f356b000 210cb
    Binder:910_5-3580  [006] ....  4002.187581: do_swap_page: prefetch fault 910 "Binder:910_5" f51e3000 210cc
    Binder:910_5-3580  [006] ...1  4002.190251: do_swap_page: prefetch miss 910 "Binder:910_5" f51e3000 210cc
    Binder:910_5-3580  [006] ....  4002.190262: do_swap_page: prefetch fault 910 "Binder:910_5" f27dd000 2d029
    Binder:910_5-3580  [006] ...1  4002.192192: do_swap_page: prefetch miss 910 "Binder:910_5" f27dd000 2d029
    Binder:910_5-3580  [006] ....  4002.192214: do_swap_page: prefetch fault 910 "Binder:910_5" f3517000 250da
    Binder:910_5-3580  [006] ...1  4002.194163: do_swap_page: prefetch miss 910 "Binder:910_5" f3517000 250da
    Binder:910_5-3580  [006] ....  4002.194178: do_swap_page: prefetch fault 910 "Binder:910_5" f7b12000 2d02a
    Binder:910_5-3580  [006] ...1  4002.196177: do_swap_page: prefetch miss 910 "Binder:910_5" f7b12000 2d02a
    Binder:910_5-3580  [006] ....  4002.196186: do_swap_page: prefetch fault 910 "Binder:910_5" f3603000 2d02d
    Binder:910_5-3580  [006] ...1  4002.198306: do_swap_page: prefetch miss 910 "Binder:910_5" f3603000 2d02d
    Binder:910_5-3580  [006] ....  4002.198316: do_swap_page: prefetch fault 910 "Binder:910_5" f7146000 50a1
    Binder:910_5-3580  [006] ...1  4002.200203: do_swap_page: prefetch miss 910 "Binder:910_5" f7146000 50a1
    Binder:910_5-3580  [006] ....  4002.200209: do_swap_page: prefetch fault 910 "Binder:910_5" f3601000 2d02f
    Binder:910_5-3580  [006] ...1  4002.202088: do_swap_page: prefetch miss 910 "Binder:910_5" f3601000 2d02f
    Binder:910_5-3580  [006] ....  4002.202096: do_swap_page: prefetch fault 910 "Binder:910_5" f3604000 210cd
    Binder:910_5-3580  [006] ...1  4002.204040: do_swap_page: prefetch miss 910 "Binder:910_5" f3604000 210cd
    Binder:910_5-3580  [006] ....  4002.204053: do_swap_page: prefetch fault 910 "Binder:910_5" f3600000 2d030
    Binder:910_5-3580  [006] ...1  4002.205834: do_swap_page: prefetch miss 910 "Binder:910_5" f3600000 2d030
    Binder:910_5-3580  [006] ....  4002.205876: do_swap_page: prefetch fault 910 "Binder:910_5" f3538000 290d5
    Binder:910_5-3580  [006] ...1  4002.207785: do_swap_page: prefetch miss 910 "Binder:910_5" f3538000 290d5
    Binder:910_5-3580  [006] ....  4002.207815: do_swap_page: prefetch fault 910 "Binder:910_5" f3503000 2d032
    Binder:910_5-3580  [006] ...1  4002.210186: do_swap_page: prefetch miss 910 "Binder:910_5" f3503000 2d032
    Binder:910_5-3580  [005] ....  4002.210288: do_swap_page: prefetch fault 910 "Binder:910_5" f20a5000 210cf
    Binder:910_5-3580  [006] ...1  4002.212463: do_swap_page: prefetch miss 910 "Binder:910_5" f20a5000 210cf
    Binder:910_5-3580  [006] ....  4002.212495: do_swap_page: prefetch fault 910 "Binder:910_5" f3553000 2d034
           <...>-21741 [005] ....  4002.212583: do_swap_page: prefetch fault 910 "Binder:910_5" f7b07000 210d1
    Binder:910_5-3580  [006] ...1  4002.214586: do_swap_page: prefetch miss 910 "Binder:910_5" f3553000 2d034
    Binder:910_5-3580  [006] ....  4002.214646: do_swap_page: prefetch fault 910 "Binder:910_5" f713f000 d09b
           <...>-21741 [005] ...1  4002.214712: do_swap_page: prefetch miss 910 "Binder:910_5" f7b07000 210d1
           <...>-21741 [005] ....  4002.214747: do_swap_page: prefetch fault 910 "Binder:910_5" f7143000 90bc
    Binder:910_5-3580  [006] ...1  4002.216697: do_swap_page: prefetch miss 910 "Binder:910_5" f713f000 d09b
    Binder:910_5-3580  [006] ....  4002.216733: do_swap_page: prefetch fault 910 "Binder:910_5" f7f29000 90bd
           <...>-21741 [005] ...1  4002.216768: do_swap_page: prefetch miss 910 "Binder:910_5" f7143000 90bc
           <...>-21741 [005] ....  4002.216801: do_swap_page: prefetch fault 910 "Binder:910_5" f7a0c000 250db
    Binder:910_5-3580  [006] ...1  4002.218701: do_swap_page: prefetch miss 910 "Binder:910_5" f7f29000 90bd
    Binder:910_5-3580  [006] ....  4002.218755: do_swap_page: prefetch fault 910 "Binder:910_5" f662a000 250dc
           <...>-21741 [005] ...1  4002.218825: do_swap_page: prefetch miss 910 "Binder:910_5" f7a0c000 250db
           <...>-21741 [005] ....  4002.218886: do_swap_page: prefetch fault 910 "Binder:910_5" f7b0c000 250dd
    Binder:910_5-3580  [006] ...1  4002.220774: do_swap_page: prefetch miss 910 "Binder:910_5" f662a000 250dc
           <...>-21741 [005] ...1  4002.220911: do_swap_page: prefetch miss 910 "Binder:910_5" f7b0c000 250dd
           <...>-21741 [005] ....  4002.220921: do_swap_page: prefetch fault 910 "Binder:910_5" f7ae8000 250de
    Binder:910_5-3580  [005] ....  4002.220929: do_swap_page: prefetch fault 910 "Binder:910_5" f3529000 210c6
    Binder:910_5-3580  [006] ...1  4002.223465: do_swap_page: prefetch miss 910 "Binder:910_5" f3529000 210c6
    Binder:910_5-3580  [006] ....  4002.223483: do_swap_page: prefetch fault 910 "Binder:910_5" f7a29000 210ce
           <...>-21741 [005] ...1  4002.223596: do_swap_page: prefetch miss 910 "Binder:910_5" f7ae8000 250de
           <...>-21742 [006] ....  4002.223627: do_swap_page: prefetch fault 910 "Binder:910_5" f7ae9000 250e0
           <...>-21741 [006] ....  4002.223636: do_swap_page: prefetch fault 910 "Binder:910_5" f7a09000 210d2
    Binder:910_5-3580  [005] ...1  4002.225704: do_swap_page: prefetch miss 910 "Binder:910_5" f7a29000 210ce
    Binder:910_5-3580  [005] ....  4002.225714: do_swap_page: prefetch fault 910 "Binder:910_5" f7a30000 250df
           <...>-21741 [005] ...1  4002.225838: do_swap_page: prefetch miss 910 "Binder:910_5" f7a09000 210d2
           <...>-21741 [005] ....  4002.225870: do_swap_page: prefetch fault 910 "Binder:910_5" f2e07000 210d4
           <...>-21742 [006] ...1  4002.226029: do_swap_page: prefetch miss 910 "Binder:910_5" f7ae9000 250e0
           <...>-21742 [006] ....  4002.226070: do_swap_page: prefetch fault 910 "Binder:910_5" f2e05000 210d5
    Binder:910_5-3580  [005] ...1  4002.230601: do_swap_page: prefetch miss 910 "Binder:910_5" f7a30000 250df
           <...>-21741 [005] ...1  4002.230736: do_swap_page: prefetch miss 910 "Binder:910_5" f2e07000 210d4
           <...>-21741 [005] ....  4002.230815: do_swap_page: prefetch fault 910 "Binder:910_5" f723c000 d09d
           <...>-21742 [006] ...1  4002.230918: do_swap_page: prefetch miss 910 "Binder:910_5" f2e05000 210d5
    Binder:910_5-3580  [003] ....  4002.231111: do_swap_page: prefetch fault 910 "Binder:910_5" f5650000 210d7
           <...>-21742 [006] ...1  4002.233819: do_swap_page: prefetch miss 910 "Binder:910_5" f723c000 d09d
           <...>-21742 [005] ....  4002.233835: do_swap_page: prefetch fault 910 "Binder:910_5" f3501000 210d8
    Binder:910_5-3580  [003] ...1  4002.233955: do_swap_page: prefetch miss 910 "Binder:910_5" f5650000 210d7
    Binder:910_5-3580  [003] ....  4002.234074: do_swap_page: prefetch fault 910 "Binder:910_5" f3530000 250e1
           <...>-21742 [005] ...1  4002.239959: do_swap_page: prefetch miss 910 "Binder:910_5" f3501000 210d8
           <...>-21742 [006] ....  4002.239980: do_swap_page: prefetch fault 910 "Binder:910_5" f352f000 d09f
    Binder:910_5-3580  [003] ...1  4002.240159: do_swap_page: prefetch miss 910 "Binder:910_5" f3530000 250e1
    Binder:910_5-3580  [003] ....  4002.240284: do_swap_page: prefetch fault 910 "Binder:910_5" f354b000 210c7
           <...>-21742 [006] ...1  4002.242084: do_swap_page: prefetch miss 910 "Binder:910_5" f352f000 d09f
    Binder:910_5-3580  [003] ...1  4002.242295: do_swap_page: prefetch miss 910 "Binder:910_5" f354b000 210c7
    Binder:910_5-3580  [003] ....  4002.242382: do_swap_page: prefetch fault 910 "Binder:910_5" f5a1e000 250e2
    Binder:910_5-3580  [003] ...1  4002.244280: do_swap_page: prefetch miss 910 "Binder:910_5" f5a1e000 250e2
    Binder:910_5-3580  [003] ....  4002.244388: do_swap_page: prefetch fault 910 "Binder:910_5" f352d000 2d031
    Binder:910_5-3580  [003] ...1  4002.247993: do_swap_page: prefetch miss 910 "Binder:910_5" f352d000 2d031
