 ndroid.systemui-1619  [001] ...1  2435.371605: do_swap_page: prefetch miss 1619 "ndroid.systemui" 9f284000 106e
    Binder:908_6-5209  [003] ...1  2435.372330: do_swap_page: prefetch miss 908 "Binder:908_6" 3855558000 502d
    Binder:908_6-5209  [003] ....  2435.373093: do_swap_page: prefetch fault 908 "Binder:908_6" 365556e000 502e
    Binder:908_6-5209  [003] ...1  2435.375349: do_swap_page: prefetch miss 908 "Binder:908_6" 365556e000 502e
    Binder:908_6-5209  [003] ....  2435.375817: do_swap_page: prefetch fault 908 "Binder:908_6" 365556f000 502f
    Binder:908_6-5209  [001] ...1  2435.378849: do_swap_page: prefetch miss 908 "Binder:908_6" 365556f000 502f
    Binder:908_6-5209  [001] ....  2435.379036: do_swap_page: prefetch fault 908 "Binder:908_6" 1c35552000 5036
           <...>-1372  [001] ...1  2435.379058: do_swap_page: prefetch miss 1344 "android.bg" 7fbe4d3000 9090
           <...>-1372  [001] ....  2435.379161: do_swap_page: prefetch fault 1344 "android.bg" 7fbe4d4000 9091
    Binder:908_6-5209  [001] ...1  2435.380984: do_swap_page: prefetch miss 908 "Binder:908_6" 1c35552000 5036
    Binder:908_6-5209  [001] ....  2435.381147: do_swap_page: prefetch fault 908 "Binder:908_6" 2b55559000 1055
           <...>-1372  [001] ...1  2435.381249: do_swap_page: prefetch miss 1344 "android.bg" 7fbe4d4000 9091
           <...>-1372  [001] ....  2435.381342: do_swap_page: prefetch fault 1344 "android.bg" 7fbe4d5000 9092
    Binder:908_6-5209  [003] ...1  2435.385782: do_swap_page: prefetch miss 908 "Binder:908_6" 2b55559000 1055
    Binder:908_6-5209  [003] ....  2435.386606: do_swap_page: prefetch fault 908 "Binder:908_6" 1955555000 503d
           <...>-1372  [003] ...1  2435.386625: do_swap_page: prefetch miss 1344 "android.bg" 7fbe4d5000 9092
           <...>-1372  [003] ....  2435.386771: do_swap_page: prefetch fault 1344 "android.bg" 7fbe4d6000 9093
    Binder:908_6-5209  [003] ...1  2435.388768: do_swap_page: prefetch miss 908 "Binder:908_6" 1955555000 503d
           <...>-1372  [001] ...1  2435.389012: do_swap_page: prefetch miss 1344 "android.bg" 7fbe4d6000 9093
    Binder:908_6-5209  [003] ....  2435.389044: do_swap_page: prefetch fault 908 "Binder:908_6" 2c55561000 5050
           <...>-1372  [001] ....  2435.389400: do_swap_page: prefetch fault 1344 "android.bg" 7fbe4d7000 9094
    Binder:908_6-5209  [003] ...1  2435.391173: do_swap_page: prefetch miss 908 "Binder:908_6" 2c55561000 5050
    Binder:908_6-5209  [003] ....  2435.391377: do_swap_page: prefetch fault 908 "Binder:908_6" 2b5555b000 1058
           <...>-1372  [003] ...1  2435.391391: do_swap_page: prefetch miss 1344 "android.bg" 7fbe4d7000 9094
           <...>-1372  [003] ....  2435.391538: do_swap_page: prefetch fault 1344 "android.bg" 7fbe4d8000 9095
           <...>-1372  [000] ...1  2435.394095: do_swap_page: prefetch miss 1344 "android.bg" 7fbe4d8000 9095
           <...>-1372  [000] ....  2435.394212: do_swap_page: prefetch fault 1344 "android.bg" 7fbe4d9000 9096
    Binder:908_6-5209  [003] ...1  2435.394868: do_swap_page: prefetch miss 908 "Binder:908_6" 2b5555b000 1058
    Binder:908_6-5209  [003] ....  2435.395109: do_swap_page: prefetch fault 908 "Binder:908_6" 2e35552000 1049
           <...>-1372  [000] ...1  2435.397417: do_swap_page: prefetch miss 1344 "android.bg" 7fbe4d9000 9096
           <...>-1372  [000] ....  2435.397542: do_swap_page: prefetch fault 1344 "android.bg" 7fbe4da000 9097
    Binder:908_6-5209  [003] ...1  2435.398184: do_swap_page: prefetch miss 908 "Binder:908_6" 2e35552000 1049
    Binder:908_6-5209  [003] ....  2435.398580: do_swap_page: prefetch fault 908 "Binder:908_6" 2355560000 503c
           <...>-1372  [000] ...1  2435.399512: do_swap_page: prefetch miss 1344 "android.bg" 7fbe4da000 9097
           <...>-1372  [000] ....  2435.399664: do_swap_page: prefetch fault 1344 "android.bg" 7fbe4db000 105d
           <...>-1372  [000] ...1  2435.401714: do_swap_page: prefetch miss 1344 "android.bg" 7fbe4db000 105d
           <...>-1372  [000] ....  2435.401805: do_swap_page: prefetch fault 1344 "android.bg" 7fbe4dc000 105e
    Binder:908_6-5209  [003] ...1  2435.401883: do_swap_page: prefetch miss 908 "Binder:908_6" 2355560000 503c
    Binder:908_6-5209  [003] ....  2435.402609: do_swap_page: prefetch fault 908 "Binder:908_6" 265555b000 9008
           <...>-1372  [003] ...1  2435.411174: do_swap_page: prefetch miss 1344 "android.bg" 7fbe4dc000 105e
    Binder:908_6-5209  [000] ...1  2435.411246: do_swap_page: prefetch miss 908 "Binder:908_6" 265555b000 9008
    Binder:908_6-5209  [000] ....  2435.411312: do_swap_page: prefetch fault 908 "Binder:908_6" 195555e000 503b
           <...>-1372  [003] ....  2435.411499: do_swap_page: prefetch fault 1344 "android.bg" 7fbe4dd000 105f
    Binder:908_6-5209  [000] ...1  2435.413682: do_swap_page: prefetch miss 908 "Binder:908_6" 195555e000 503b
           <...>-1372  [003] ...1  2435.413769: do_swap_page: prefetch miss 1344 "android.bg" 7fbe4dd000 105f
    Binder:908_6-5209  [000] ....  2435.413848: do_swap_page: prefetch fault 908 "Binder:908_6" 1c55561000 5043
           <...>-1372  [003] ....  2435.413982: do_swap_page: prefetch fault 1344 "android.bg" 7fbe4de000 1060
           <...>-1372  [003] ...1  2435.417353: do_swap_page: prefetch miss 1344 "android.bg" 7fbe4de000 1060
           <...>-1372  [003] ....  2435.417522: do_swap_page: prefetch fault 1344 "android.bg" 7fbe4df000 1061
    Binder:908_6-5209  [000] ...1  2435.418796: do_swap_page: prefetch miss 908 "Binder:908_6" 1c55561000 5043
    Binder:908_6-5209  [000] ....  2435.418980: do_swap_page: prefetch fault 908 "Binder:908_6" 205557f000 105a
           <...>-1372  [003] ...1  2435.420973: do_swap_page: prefetch miss 1344 "android.bg" 7fbe4df000 1061
           <...>-1372  [003] ....  2435.421122: do_swap_page: prefetch fault 1344 "android.bg" 7fbe4e0000 1062
    Binder:908_6-5209  [001] ...1  2435.422178: do_swap_page: prefetch miss 908 "Binder:908_6" 205557f000 105a
    Binder:908_6-5209  [001] ....  2435.422522: do_swap_page: prefetch fault 908 "Binder:908_6" 1b55557000 5028
           <...>-1372  [003] ...1  2435.423902: do_swap_page: prefetch miss 1344 "android.bg" 7fbe4e0000 1062
           <...>-1372  [003] ....  2435.424190: do_swap_page: prefetch fault 1344 "android.bg" 7fbe4e1000 1063
    Binder:908_6-5209  [001] ...1  2435.424201: do_swap_page: prefetch miss 908 "Binder:908_6" 1b55557000 5028
    Binder:908_6-5209  [001] ....  2435.424537: do_swap_page: prefetch fault 908 "Binder:908_6" 1c55557000 901c
           <...>-1372  [003] ...1  2435.427139: do_swap_page: prefetch miss 1344 "android.bg" 7fbe4e1000 1063
           <...>-1372  [003] ....  2435.427312: do_swap_page: prefetch fault 1344 "android.bg" 7fbe4e2000 5073
    Binder:908_6-5209  [001] ...1  2435.428393: do_swap_page: prefetch miss 908 "Binder:908_6" 1c55557000 901c
    Binder:908_6-5209  [001] ....  2435.428836: do_swap_page: prefetch fault 908 "Binder:908_6" 2a55560000 9047
           <...>-1372  [003] ...1  2435.430039: do_swap_page: prefetch miss 1344 "android.bg" 7fbe4e2000 5073
           <...>-1372  [003] ....  2435.430240: do_swap_page: prefetch fault 1344 "android.bg" 7fbe4e3000 5074
    Binder:908_6-5209  [001] ...1  2435.432264: do_swap_page: prefetch miss 908 "Binder:908_6" 2a55560000 9047
    Binder:908_6-5209  [001] ....  2435.432652: do_swap_page: prefetch fault 908 "Binder:908_6" 1d55557000 5037
           <...>-1372  [003] ...1  2435.433626: do_swap_page: prefetch miss 1344 "android.bg" 7fbe4e3000 5074
           <...>-1372  [003] ....  2435.433759: do_swap_page: prefetch fault 1344 "android.bg" 7fbe4e4000 5075
    Binder:908_6-5209  [002] ...1  2435.435964: do_swap_page: prefetch miss 908 "Binder:908_6" 1d55557000 5037
           <...>-1372  [003] ...1  2435.436043: do_swap_page: prefetch miss 1344 "android.bg" 7fbe4e4000 5075
           <...>-1372  [003] ....  2435.436281: do_swap_page: prefetch fault 1344 "android.bg" 7fbe4e5000 5077
    Binder:908_6-5209  [002] ....  2435.436488: do_swap_page: prefetch fault 908 "Binder:908_6" 2055580000 1041
           <...>-1372  [003] ...1  2435.438321: do_swap_page: prefetch miss 1344 "android.bg" 7fbe4e5000 5077
           <...>-1372  [003] ....  2435.438501: do_swap_page: prefetch fault 1344 "android.bg" 7fbe4e6000 5078
    Binder:908_6-5209  [002] ...1  2435.439921: do_swap_page: prefetch miss 908 "Binder:908_6" 2055580000 1041
    Binder:908_6-5209  [002] ....  2435.440183: do_swap_page: prefetch fault 908 "Binder:908_6" 205556e000 902e
           <...>-1372  [003] ...1  2435.441263: do_swap_page: prefetch miss 1344 "android.bg" 7fbe4e6000 5078
           <...>-1372  [003] ....  2435.441439: do_swap_page: prefetch fault 1344 "android.bg" 7fbe4e7000 5079
    Binder:908_6-5209  [002] ...1  2435.442515: do_swap_page: prefetch miss 908 "Binder:908_6" 205556e000 902e
    Binder:908_6-5209  [002] ....  2435.442787: do_swap_page: prefetch fault 908 "Binder:908_6" 2455554000 5041
           <...>-1372  [003] ...1  2435.443527: do_swap_page: prefetch miss 1344 "android.bg" 7fbe4e7000 5079
           <...>-1372  [003] ....  2435.443661: do_swap_page: prefetch fault 1344 "android.bg" 7fbe4e8000 507a
    Binder:908_6-5209  [002] ...1  2435.445539: do_swap_page: prefetch miss 908 "Binder:908_6" 2455554000 5041
           <...>-1372  [003] ...1  2435.445727: do_swap_page: prefetch miss 1344 "android.bg" 7fbe4e8000 507a
    Binder:908_6-5209  [002] ....  2435.445729: do_swap_page: prefetch fault 908 "Binder:908_6" 2455553000 503f
           <...>-1372  [003] ....  2435.445860: do_swap_page: prefetch fault 1344 "android.bg" 7fbe4e9000 507b
    Binder:908_6-5209  [002] ...1  2435.448080: do_swap_page: prefetch miss 908 "Binder:908_6" 2455553000 503f
    Binder:908_6-5209  [002] ....  2435.448186: do_swap_page: prefetch fault 908 "Binder:908_6" 1c5555c000 5033
           <...>-1372  [002] ...1  2435.448223: do_swap_page: prefetch miss 1344 "android.bg" 7fbe4e9000 507b
           <...>-1372  [002] ....  2435.448306: do_swap_page: prefetch fault 1344 "android.bg" 7fbe4ea000 507c
    Binder:908_6-5209  [002] ...1  2435.450649: do_swap_page: prefetch miss 908 "Binder:908_6" 1c5555c000 5033
    Binder:908_6-5209  [002] ....  2435.450702: do_swap_page: prefetch fault 908 "Binder:908_6" 245555c000 5030
           <...>-1372  [002] ...1  2435.452364: do_swap_page: prefetch miss 1344 "android.bg" 7fbe4ea000 507c
           <...>-1372  [002] ....  2435.452628: do_swap_page: prefetch fault 1344 "android.bg" 7fbe19b000 507d
    Binder:908_6-5209  [002] ...1  2435.454525: do_swap_page: prefetch miss 908 "Binder:908_6" 245555c000 5030
           <...>-1372  [002] ...1  2435.454800: do_swap_page: prefetch miss 1344 "android.bg" 7fbe19b000 507d
           <...>-1372  [002] ....  2435.454913: do_swap_page: prefetch fault 1344 "android.bg" 7fbe1d8000 507e
    Binder:908_6-5209  [005] ....  2435.455290: do_swap_page: prefetch fault 908 "Binder:908_6" 2055564000 5021
           <...>-1372  [002] ...1  2435.457488: do_swap_page: prefetch miss 1344 "android.bg" 7fbe1d8000 507e
           <...>-1372  [002] ....  2435.457534: do_swap_page: prefetch fault 1344 "android.bg" 7fbe267000 507f
    Binder:908_6-5209  [000] ...1  2435.457681: do_swap_page: prefetch miss 908 "Binder:908_6" 2055564000 5021
    Binder:908_6-5209  [000] ....  2435.457811: do_swap_page: prefetch fault 908 "Binder:908_6" 205556d000 5022
           <...>-1372  [002] ...1  2435.462690: do_swap_page: prefetch miss 1344 "android.bg" 7fbe267000 507f
           <...>-1372  [002] ....  2435.463626: do_swap_page: prefetch fault 1344 "android.bg" 7e70b9a000 5080
    Binder:908_6-5209  [000] ...1  2435.463775: do_swap_page: prefetch miss 908 "Binder:908_6" 205556d000 5022
           <...>-5221  [000] ....  2435.464242: do_swap_page: prefetch fault 908 "Binder:908_7" 295555f000 1037
           <...>-1372  [002] ...1  2435.465767: do_swap_page: prefetch miss 1344 "android.bg" 7e70b9a000 5080
           <...>-5221  [000] ...1  2435.465963: do_swap_page: prefetch miss 908 "Binder:908_7" 295555f000 1037
           <...>-1372  [002] ....  2435.466013: do_swap_page: prefetch fault 1344 "android.bg" 7e6f69c000 5083
           <...>-5221  [000] ....  2435.466161: do_swap_page: prefetch fault 908 "Binder:908_7" 395555a000 9026
           <...>-5221  [000] ...1  2435.468331: do_swap_page: prefetch miss 908 "Binder:908_7" 395555a000 9026
           <...>-5221  [000] ....  2435.468441: do_swap_page: prefetch fault 908 "Binder:908_7" 395555b000 5027
           <...>-1372  [002] ...1  2435.469035: do_swap_page: prefetch miss 1344 "android.bg" 7e6f69c000 5083
           <...>-1372  [002] ....  2435.469178: do_swap_page: prefetch fault 1344 "android.bg" 7e7bf19000 5085
           <...>-5221  [000] ...1  2435.470892: do_swap_page: prefetch miss 908 "Binder:908_7" 395555b000 5027
           <...>-1372  [002] ...1  2435.471079: do_swap_page: prefetch miss 1344 "android.bg" 7e7bf19000 5085
           <...>-1372  [002] ....  2435.471222: do_swap_page: prefetch fault 1344 "android.bg" 7e6f740000 d04f
           <...>-5221  [000] ....  2435.471903: do_swap_page: prefetch fault 908 "Binder:908_7" 1c55553000 904a
           <...>-1372  [000] ...1  2435.474694: do_swap_page: prefetch miss 1344 "android.bg" 7e6f740000 d04f
           <...>-1372  [000] ....  2435.475012: do_swap_page: prefetch fault 1344 "android.bg" 7e7be75000 d052
           <...>-5221  [000] ...1  2435.475197: do_swap_page: prefetch miss 908 "Binder:908_7" 1c55553000 904a
           <...>-5221  [000] ....  2435.475476: do_swap_page: prefetch fault 908 "Binder:908_7" 205557b000 5023
           <...>-1372  [000] ...1  2435.476961: do_swap_page: prefetch miss 1344 "android.bg" 7e7be75000 d052
           <...>-5221  [000] ...1  2435.477164: do_swap_page: prefetch miss 908 "Binder:908_7" 205557b000 5023
           <...>-5221  [000] ....  2435.477366: do_swap_page: prefetch fault 908 "Binder:908_7" 265555d000 5049
           <...>-1372  [000] ....  2435.477628: do_swap_page: prefetch fault 1344 "android.bg" 7ec8436000 508c
           <...>-5221  [000] ...1  2435.479637: do_swap_page: prefetch miss 908 "Binder:908_7" 265555d000 5049
           <...>-5221  [000] ....  2435.479742: do_swap_page: prefetch fault 908 "Binder:908_7" 3555559000 5045
           <...>-1372  [000] ...1  2435.479965: do_swap_page: prefetch miss 1344 "android.bg" 7ec8436000 508c
           <...>-5221  [003] ...1  2435.481768: do_swap_page: prefetch miss 908 "Binder:908_7" 3555559000 5045
           <...>-5221  [003] ....  2435.482047: do_swap_page: prefetch fault 908 "Binder:908_7" 2055571000 9031
           <...>-5221  [003] ...1  2435.484932: do_swap_page: prefetch miss 908 "Binder:908_7" 2055571000 9031
           <...>-5221  [003] ....  2435.485377: do_swap_page: prefetch fault 908 "Binder:908_7" 195555c000 503a
           <...>-5221  [003] ...1  2435.487898: do_swap_page: prefetch miss 908 "Binder:908_7" 195555c000 503a
           <...>-5221  [003] ....  2435.489037: do_swap_page: prefetch fault 908 "Binder:908_7" 1755577000 9051
           <...>-5221  [003] ...1  2435.495324: do_swap_page: prefetch miss 908 "Binder:908_7" 1755577000 9051
           <...>-5221  [003] ....  2435.495674: do_swap_page: prefetch fault 908 "Binder:908_7" 2055554000 902d
           <...>-5221  [003] ...1  2435.497639: do_swap_page: prefetch miss 908 "Binder:908_7" 2055554000 902d
           <...>-15957 [003] ....  2435.498149: do_swap_page: prefetch fault 910 "generic" f3608000 504b
           <...>-15957 [001] ...1  2435.500320: do_swap_page: prefetch miss 910 "generic" f3608000 504b
           <...>-15957 [001] ....  2435.500462: do_swap_page: prefetch fault 910 "generic" f3609000 504c
           <...>-15957 [003] ...1  2435.502503: do_swap_page: prefetch miss 910 "generic" f3609000 504c
           <...>-15957 [003] ....  2435.502726: do_swap_page: prefetch fault 910 "generic" f714a000 9034
           <...>-15957 [003] ...1  2435.504828: do_swap_page: prefetch miss 910 "generic" f714a000 9034
           <...>-15957 [003] ....  2435.506793: do_swap_page: prefetch fault 910 "generic" f714b000 9035
           <...>-15957 [003] ...1  2435.508731: do_swap_page: prefetch miss 910 "generic" f714b000 9035
           <...>-15957 [003] ....  2435.508965: do_swap_page: prefetch fault 910 "generic" f714c000 1042
           <...>-15957 [003] ...1  2435.511241: do_swap_page: prefetch miss 910 "generic" f714c000 1042
           <...>-15957 [003] ....  2435.511382: do_swap_page: prefetch fault 910 "generic" f714e000 1043
           <...>-15957 [003] ...1  2435.513412: do_swap_page: prefetch miss 910 "generic" f714e000 1043
           <...>-5221  [003] ....  2435.513804: do_swap_page: prefetch fault 908 "Binder:908_7" 1b55554000 9009
           <...>-5221  [003] ...1  2435.515635: do_swap_page: prefetch miss 908 "Binder:908_7" 1b55554000 9009
           <...>-5221  [003] ....  2435.515770: do_swap_page: prefetch fault 908 "Binder:908_7" 1b55559000 901e
           <...>-5221  [003] ...1  2435.518150: do_swap_page: prefetch miss 908 "Binder:908_7" 1b55559000 901e
           <...>-5221  [003] ....  2435.518454: do_swap_page: prefetch fault 908 "Binder:908_7" 205555c000 9029
           <...>-5221  [002] ...1  2435.520747: do_swap_page: prefetch miss 908 "Binder:908_7" 205555c000 9029
           <...>-5221  [002] ....  2435.521340: do_swap_page: prefetch fault 908 "Binder:908_7" 2055562000 502a
           <...>-5221  [002] ...1  2435.524423: do_swap_page: prefetch miss 908 "Binder:908_7" 2055562000 502a
           <...>-15957 [002] ....  2435.524941: do_swap_page: prefetch fault 910 "generic" f27b0000 d015
           <...>-15957 [002] ...1  2435.527061: do_swap_page: prefetch miss 910 "generic" f27b0000 d015
    Binder:908_6-5209  [002] ....  2435.527450: do_swap_page: prefetch fault 908 "Binder:908_6" 1b55560000 1045
    Binder:908_6-5209  [002] ...1  2435.529611: do_swap_page: prefetch miss 908 "Binder:908_6" 1b55560000 1045
    Binder:908_6-5209  [002] ....  2435.529873: do_swap_page: prefetch fault 908 "Binder:908_6" 1d5555d000 9005
    Binder:908_6-5209  [003] ...1  2435.532492: do_swap_page: prefetch miss 908 "Binder:908_6" 1d5555d000 9005
           <...>-15957 [003] ....  2435.533032: do_swap_page: prefetch fault 910 "generic" f27b1000 d016
           <...>-15957 [003] ...1  2435.534911: do_swap_page: prefetch miss 910 "generic" f27b1000 d016
 NuPlayerDriver -15956 [000] ....  2435.535116: do_swap_page: prefetch fault 910 "NuPlayerDriver " f7aed000 9003
    Binder:908_6-5209  [003] ....  2435.535624: do_swap_page: prefetch fault 908 "Binder:908_6" 1f55561000 5046
 NuPlayerDriver -15956 [000] ...1  2435.537539: do_swap_page: prefetch miss 910 "NuPlayerDriver " f7aed000 9003
    Binder:908_6-5209  [003] ...1  2435.537927: do_swap_page: prefetch miss 908 "Binder:908_6" 1f55561000 5046
    Binder:908_6-5209  [003] ....  2435.538322: do_swap_page: prefetch fault 908 "Binder:908_6" 205555a000 9033
           <...>-5221  [000] ....  2435.540102: do_swap_page: prefetch fault 908 "Binder:908_7" 1a5555e000 5040
    Binder:908_6-5209  [003] ...1  2435.540989: do_swap_page: prefetch miss 908 "Binder:908_6" 205555a000 9033
    Binder:908_6-5209  [003] ....  2435.541267: do_swap_page: prefetch fault 908 "Binder:908_6" 2a5555c000 1048
           <...>-5221  [000] ...1  2435.544115: do_swap_page: prefetch miss 908 "Binder:908_7" 1a5555e000 5040
    Binder:908_6-5209  [003] ...1  2435.544202: do_swap_page: prefetch miss 908 "Binder:908_6" 2a5555c000 1048
    Binder:908_6-5209  [003] ....  2435.544447: do_swap_page: prefetch fault 908 "Binder:908_6" 2055569000 902a
           <...>-5221  [000] ....  2435.544776: do_swap_page: prefetch fault 908 "Binder:908_7" 2055570000 9032
    Binder:908_6-5209  [003] ...1  2435.546604: do_swap_page: prefetch miss 908 "Binder:908_6" 2055569000 902a
           <...>-5221  [000] ...1  2435.546780: do_swap_page: prefetch miss 908 "Binder:908_7" 2055570000 9032
    Binder:908_6-5209  [003] ....  2435.546858: do_swap_page: prefetch fault 908 "Binder:908_6" 2055561000 902b
 NuPlayerDriver -15956 [000] ....  2435.546960: do_swap_page: prefetch fault 910 "NuPlayerDriver " f7b1c000 d029
    Binder:908_6-5209  [003] ...1  2435.549393: do_swap_page: prefetch miss 908 "Binder:908_6" 2055561000 902b
 NuPlayerDriver -15956 [000] ...1  2435.549598: do_swap_page: prefetch miss 910 "NuPlayerDriver " f7b1c000 d029
 NuPlayerDriver -15956 [000] ....  2435.549815: do_swap_page: prefetch fault 910 "NuPlayerDriver " f714d000 d02a
    Binder:908_6-5209  [003] ....  2435.550334: do_swap_page: prefetch fault 908 "Binder:908_6" 3055554000 9063
 NuPlayerDriver -15956 [000] ...1  2435.551989: do_swap_page: prefetch miss 910 "NuPlayerDriver " f714d000 d02a
    Binder:910_4-3568  [006] ....  2435.553270: do_swap_page: prefetch fault 910 "Binder:910_4" f7a64000 d03b
    Binder:908_6-5209  [003] ...1  2435.553692: do_swap_page: prefetch miss 908 "Binder:908_6" 3055554000 9063
    Binder:908_6-5209  [003] ....  2435.553905: do_swap_page: prefetch fault 908 "Binder:908_6" 395555e000 103a
    Binder:910_4-3568  [000] ...1  2435.555353: do_swap_page: prefetch miss 910 "Binder:910_4" f7a64000 d03b
    Binder:908_6-5209  [003] ...1  2435.555543: do_swap_page: prefetch miss 908 "Binder:908_6" 395555e000 103a
    Binder:910_4-3568  [000] ....  2435.555708: do_swap_page: prefetch fault 910 "Binder:910_4" f7a17000 5057
    Binder:908_6-5209  [003] ....  2435.555829: do_swap_page: prefetch fault 908 "Binder:908_6" 395555c000 9060
    Binder:910_4-3568  [000] ...1  2435.557923: do_swap_page: prefetch miss 910 "Binder:910_4" f7a17000 5057
    Binder:908_6-5209  [003] ...1  2435.558073: do_swap_page: prefetch miss 908 "Binder:908_6" 395555c000 9060
    Binder:908_6-5209  [003] ....  2435.558349: do_swap_page: prefetch fault 908 "Binder:908_6" 2055578000 904d
           <...>-15962 [005] ....  2435.558794: do_swap_page: prefetch fault 910 "Binder:910_4" f2df9000 d02b
    Binder:908_6-5209  [003] ...1  2435.560474: do_swap_page: prefetch miss 908 "Binder:908_6" 2055578000 904d
    Binder:910_4-3568  [001] ....  2435.560623: do_swap_page: prefetch fault 910 "Binder:910_4" f2e16000 9065
           <...>-15962 [005] ...1  2435.560683: do_swap_page: prefetch miss 910 "Binder:910_4" f2df9000 d02b
    Binder:908_6-5209  [003] ....  2435.561209: do_swap_page: prefetch fault 908 "Binder:908_6" 2055577000 904c
    Binder:910_4-3568  [003] ...1  2435.563041: do_swap_page: prefetch miss 910 "Binder:910_4" f2e16000 9065
    Binder:908_6-5209  [003] ...1  2435.566148: do_swap_page: prefetch miss 908 "Binder:908_6" 2055577000 904c
    Binder:908_6-5209  [003] ....  2435.566433: do_swap_page: prefetch fault 908 "Binder:908_6" 2055552000 902f
    mediaswcodec-933   [003] ....  2435.567471: do_swap_page: prefetch fault 933 "mediaswcodec" 185556d000 903d
    Binder:908_6-5209  [000] ...1  2435.568613: do_swap_page: prefetch miss 908 "Binder:908_6" 2055552000 902f
    Binder:908_6-5209  [000] ....  2435.568839: do_swap_page: prefetch fault 908 "Binder:908_6" 2055567000 d010
    mediaswcodec-933   [001] ...1  2435.569908: do_swap_page: prefetch miss 933 "mediaswcodec" 185556d000 903d
    mediaswcodec-933   [001] ....  2435.570263: do_swap_page: prefetch fault 933 "mediaswcodec" 1a55563000 104e
    Binder:908_6-5209  [000] ...1  2435.570836: do_swap_page: prefetch miss 908 "Binder:908_6" 2055567000 d010
    Binder:908_6-5209  [000] ....  2435.571067: do_swap_page: prefetch fault 908 "Binder:908_6" 205556c000 5024
    mediaswcodec-933   [001] ...1  2435.574180: do_swap_page: prefetch miss 933 "mediaswcodec" 1a55563000 104e
    Binder:908_6-5209  [000] ...1  2435.574416: do_swap_page: prefetch miss 908 "Binder:908_6" 205556c000 5024
    Binder:908_6-5209  [000] ....  2435.574616: do_swap_page: prefetch fault 908 "Binder:908_6" 175557a000 9054
  HwBinder:933_7-2024  [001] ....  2435.574816: do_swap_page: prefetch fault 933 "HwBinder:933_7" 175555b000 501e
    Binder:908_6-5209  [000] ...1  2435.577113: do_swap_page: prefetch miss 908 "Binder:908_6" 175557a000 9054
  HwBinder:933_7-2024  [001] ...1  2435.577119: do_swap_page: prefetch miss 933 "HwBinder:933_7" 175555b000 501e
    Binder:908_6-5209  [000] ....  2435.577256: do_swap_page: prefetch fault 908 "Binder:908_6" 2055559000 103d
  HwBinder:933_7-2024  [001] ....  2435.577405: do_swap_page: prefetch fault 933 "HwBinder:933_7" 195556a000 d001
    Binder:908_6-5209  [000] ...1  2435.579146: do_swap_page: prefetch miss 908 "Binder:908_6" 2055559000 103d
    Binder:908_6-5209  [000] ....  2435.579211: do_swap_page: prefetch fault 908 "Binder:908_6" 2055556000 9030
  HwBinder:933_7-2024  [001] ...1  2435.579453: do_swap_page: prefetch miss 933 "HwBinder:933_7" 195556a000 d001
    mediaswcodec-933   [001] ....  2435.580074: do_swap_page: prefetch fault 933 "mediaswcodec" 1855568000 d00a
    Binder:908_6-5209  [000] ...1  2435.581449: do_swap_page: prefetch miss 908 "Binder:908_6" 2055556000 9030
    Binder:908_6-5209  [000] ....  2435.581581: do_swap_page: prefetch fault 908 "Binder:908_6" 2055573000 5048
    mediaswcodec-933   [001] ...1  2435.582517: do_swap_page: prefetch miss 933 "mediaswcodec" 1855568000 d00a
    mediaswcodec-933   [001] ....  2435.582642: do_swap_page: prefetch fault 933 "mediaswcodec" 1855569000 501c
    Binder:908_6-5209  [000] ...1  2435.583440: do_swap_page: prefetch miss 908 "Binder:908_6" 2055573000 5048
    Binder:908_6-5209  [000] ....  2435.583612: do_swap_page: prefetch fault 908 "Binder:908_6" 2055555000 902c
    mediaswcodec-933   [006] ...1  2435.585925: do_swap_page: prefetch miss 933 "mediaswcodec" 1855569000 501c
    mediaswcodec-933   [006] ....  2435.586007: do_swap_page: prefetch fault 933 "mediaswcodec" 1855555000 903e
    Binder:908_6-5209  [000] ...1  2435.586517: do_swap_page: prefetch miss 908 "Binder:908_6" 2055555000 902c
    Binder:908_6-5209  [000] ....  2435.586753: do_swap_page: prefetch fault 908 "Binder:908_6" 205555e000 5026
    mediaswcodec-933   [000] ...1  2435.589248: do_swap_page: prefetch miss 933 "mediaswcodec" 1855555000 903e
  HwBinder:933_7-2024  [000] ....  2435.590360: do_swap_page: prefetch fault 933 "HwBinder:933_7" 1a55575000 d02c
    Binder:908_6-5209  [000] ...1  2435.590502: do_swap_page: prefetch miss 908 "Binder:908_6" 205555e000 5026
    Binder:908_6-5209  [000] ....  2435.590797: do_swap_page: prefetch fault 908 "Binder:908_6" 205557e000 9053
  HwBinder:933_7-2024  [005] ...1  2435.593397: do_swap_page: prefetch miss 933 "HwBinder:933_7" 1a55575000 d02c
  HwBinder:933_7-2024  [005] ....  2435.593483: do_swap_page: prefetch fault 933 "HwBinder:933_7" 1935553000 5020
    Binder:908_6-5209  [000] ...1  2435.593687: do_swap_page: prefetch miss 908 "Binder:908_6" 205557e000 9053
    Binder:908_6-5209  [000] ....  2435.593875: do_swap_page: prefetch fault 908 "Binder:908_6" 2055575000 904e
  HwBinder:933_7-2024  [005] ...1  2435.596895: do_swap_page: prefetch miss 933 "HwBinder:933_7" 1935553000 5020
    Binder:908_6-5209  [003] ...1  2435.597244: do_swap_page: prefetch miss 908 "Binder:908_6" 2055575000 904e
    Binder:908_6-5209  [003] ....  2435.598520: do_swap_page: prefetch fault 908 "Binder:908_6" 2055560000 9027
    Binder:910_4-3568  [003] ....  2435.600198: do_swap_page: prefetch fault 910 "Binder:910_4" f7a15000 5055
    Binder:908_6-5209  [001] ...1  2435.603674: do_swap_page: prefetch miss 908 "Binder:908_6" 2055560000 9027
    Binder:910_4-3568  [006] ...1  2435.603801: do_swap_page: prefetch miss 910 "Binder:910_4" f7a15000 5055
    Binder:908_6-5209  [001] ....  2435.603972: do_swap_page: prefetch fault 908 "Binder:908_6" 2055572000 1059
    Binder:910_4-3568  [006] ....  2435.604362: do_swap_page: prefetch fault 910 "Binder:910_4" f2e00000 5058
    Binder:908_6-5209  [002] ...1  2435.606679: do_swap_page: prefetch miss 908 "Binder:908_6" 2055572000 1059
    Binder:908_6-5209  [002] ....  2435.606765: do_swap_page: prefetch fault 908 "Binder:908_6" 175557e000 904b
    Binder:910_4-3568  [006] ...1  2435.606831: do_swap_page: prefetch miss 910 "Binder:910_4" f2e00000 5058
    Binder:910_4-3568  [006] ....  2435.606858: do_swap_page: prefetch fault 910 "Binder:910_4" f7a67000 5066
    Binder:908_6-5209  [002] ...1  2435.609757: do_swap_page: prefetch miss 908 "Binder:908_6" 175557e000 904b
    Binder:910_4-3568  [003] ...1  2435.609958: do_swap_page: prefetch miss 910 "Binder:910_4" f7a67000 5066
    Binder:908_6-5209  [002] ....  2435.610279: do_swap_page: prefetch fault 908 "Binder:908_6" 2d5555a000 5031
    Binder:910_4-3568  [006] ....  2435.610681: do_swap_page: prefetch fault 910 "Binder:910_4" f2dfa000 d03a
    Binder:908_6-5209  [003] ...1  2435.613141: do_swap_page: prefetch miss 908 "Binder:908_6" 2d5555a000 5031
    Binder:910_4-3568  [006] ...1  2435.613218: do_swap_page: prefetch miss 910 "Binder:910_4" f2dfa000 d03a
    Binder:908_6-5209  [003] ....  2435.613376: do_swap_page: prefetch fault 908 "Binder:908_6" 3135552000 9055
           <...>-1247  [006] ....  2435.613779: do_swap_page: prefetch fault 910 "Binder:910_1" f7a26000 9004
    Binder:908_6-5209  [003] ...1  2435.616599: do_swap_page: prefetch miss 908 "Binder:908_6" 3135552000 9055
    Binder:908_6-5209  [003] ....  2435.616760: do_swap_page: prefetch fault 908 "Binder:908_6" 395555d000 9062
           <...>-1247  [001] ...1  2435.616979: do_swap_page: prefetch miss 910 "Binder:910_1" f7a26000 9004
         generic-15964 [006] ....  2435.618462: do_swap_page: prefetch fault 910 "NuPlayerDriver " f2e06000 d039
    Binder:908_6-5209  [003] ...1  2435.618710: do_swap_page: prefetch miss 908 "Binder:908_6" 395555d000 9062
    Binder:908_6-5209  [003] ....  2435.618927: do_swap_page: prefetch fault 908 "Binder:908_6" 1b55555000 9048
         generic-15964 [006] ...1  2435.620700: do_swap_page: prefetch miss 910 "NuPlayerDriver " f2e06000 d039
         generic-15964 [006] ....  2435.620798: do_swap_page: prefetch fault 910 "NuPlayerDriver " f2e02000 506b
    Binder:908_6-5209  [003] ...1  2435.621070: do_swap_page: prefetch miss 908 "Binder:908_6" 1b55555000 9048
    Binder:908_6-5209  [003] ....  2435.621408: do_swap_page: prefetch fault 908 "Binder:908_6" 305555c000 9061
         generic-15964 [006] ...1  2435.623037: do_swap_page: prefetch miss 910 "NuPlayerDriver " f2e02000 506b
         generic-15964 [006] ....  2435.623089: do_swap_page: prefetch fault 910 "NuPlayerDriver " f2e03000 506c
         generic-15964 [006] ...1  2435.625041: do_swap_page: prefetch miss 910 "NuPlayerDriver " f2e03000 506c
           <...>-5221  [006] ....  2435.625627: do_swap_page: prefetch fault 908 "Binder:908_7" 1f5555d000 5052
    Binder:908_6-5209  [003] ...1  2435.626513: do_swap_page: prefetch miss 908 "Binder:908_6" 305555c000 9061
    Binder:908_6-5209  [003] ....  2435.626834: do_swap_page: prefetch fault 908 "Binder:908_6" 1d55552000 9006
    Binder:908_6-5209  [003] ...1  2435.629918: do_swap_page: prefetch miss 908 "Binder:908_6" 1d55552000 9006
           <...>-5221  [006] ...1  2435.630030: do_swap_page: prefetch miss 908 "Binder:908_7" 1f5555d000 5052
           <...>-5221  [006] ....  2435.630689: do_swap_page: prefetch fault 908 "Binder:908_7" 2555561000 900b
    Binder:908_6-5209  [003] ....  2435.631266: do_swap_page: prefetch fault 908 "Binder:908_6" 3c5555c000 104a
           <...>-5221  [006] ...1  2435.632631: do_swap_page: prefetch miss 908 "Binder:908_7" 2555561000 900b
         generic-15964 [006] ....  2435.632719: do_swap_page: prefetch fault 910 "generic" f7a4b000 d03c
    Binder:908_6-5209  [003] ...1  2435.632772: do_swap_page: prefetch miss 908 "Binder:908_6" 3c5555c000 104a
    Binder:908_6-5209  [003] ....  2435.632977: do_swap_page: prefetch fault 908 "Binder:908_6" 3c5555d000 104b
         generic-15964 [005] ...1  2435.635709: do_swap_page: prefetch miss 910 "generic" f7a4b000 d03c
    Binder:908_6-5209  [003] ...1  2435.636907: do_swap_page: prefetch miss 908 "Binder:908_6" 3c5555d000 104b
           <...>-5221  [000] ....  2435.637002: do_swap_page: prefetch fault 908 "Binder:908_7" 3455556000 900e
    Binder:908_6-5209  [000] ....  2435.637082: do_swap_page: prefetch fault 908 "Binder:908_6" 3c5555e000 104c
           <...>-5221  [006] ...1  2435.640007: do_swap_page: prefetch miss 908 "Binder:908_7" 3455556000 900e
           <...>-5221  [006] ....  2435.640086: do_swap_page: prefetch fault 908 "Binder:908_7" 3455557000 900f
    Binder:908_6-5209  [006] ...1  2435.640092: do_swap_page: prefetch miss 908 "Binder:908_6" 3c5555e000 104c
    Binder:908_6-5209  [006] ....  2435.640212: do_swap_page: prefetch fault 908 "Binder:908_6" 3c5555f000 104d
           <...>-5221  [006] ...1  2435.642175: do_swap_page: prefetch miss 908 "Binder:908_7" 3455557000 900f
           <...>-5221  [006] ....  2435.642341: do_swap_page: prefetch fault 908 "Binder:908_7" 3955554000 905f
    Binder:908_6-5209  [006] ...1  2435.642346: do_swap_page: prefetch miss 908 "Binder:908_6" 3c5555f000 104d
           <...>-15957 [006] ....  2435.642598: do_swap_page: prefetch fault 910 "generic" f3551000 9037
           <...>-5221  [006] ...1  2435.644471: do_swap_page: prefetch miss 908 "Binder:908_7" 3955554000 905f
           <...>-15957 [003] ...1  2435.644505: do_swap_page: prefetch miss 910 "generic" f3551000 9037
           <...>-15957 [003] ....  2435.644693: do_swap_page: prefetch fault 910 "generic" f356c000 9038
           <...>-5221  [006] ....  2435.645514: do_swap_page: prefetch fault 908 "Binder:908_7" 3355555000 9045
           <...>-15957 [005] ...1  2435.646485: do_swap_page: prefetch miss 910 "generic" f356c000 9038
           <...>-15957 [005] ....  2435.646573: do_swap_page: prefetch fault 910 "generic" f3545000 9039
           <...>-15957 [001] ...1  2435.648617: do_swap_page: prefetch miss 910 "generic" f3545000 9039
           <...>-15957 [001] ....  2435.648916: do_swap_page: prefetch fault 910 "generic" f27b4000 d018
           <...>-5221  [003] ...1  2435.649289: do_swap_page: prefetch miss 908 "Binder:908_7" 3355555000 9045
           <...>-5221  [003] ....  2435.649867: do_swap_page: prefetch fault 908 "Binder:908_7" 3955558000 9025
           <...>-15957 [001] ...1  2435.651553: do_swap_page: prefetch miss 910 "generic" f27b4000 d018
           <...>-5221  [006] ...1  2435.651602: do_swap_page: prefetch miss 908 "Binder:908_7" 3955558000 9025
           <...>-5221  [006] ....  2435.651673: do_swap_page: prefetch fault 908 "Binder:908_7" 1d55559000 5051
           <...>-15957 [001] ....  2435.651802: do_swap_page: prefetch fault 910 "generic" f27ba000 d019
           <...>-15957 [003] ...1  2435.654189: do_swap_page: prefetch miss 910 "generic" f27ba000 d019
           <...>-5221  [001] ...1  2435.654308: do_swap_page: prefetch miss 908 "Binder:908_7" 1d55559000 5051
           <...>-5221  [001] ....  2435.654351: do_swap_page: prefetch fault 908 "Binder:908_7" 2655558000 5042
           <...>-15957 [003] ....  2435.654499: do_swap_page: prefetch fault 910 "generic" f27bb000 d01a
           <...>-15957 [003] ...1  2435.656487: do_swap_page: prefetch miss 910 "generic" f27bb000 d01a
           <...>-5221  [001] ...1  2435.656607: do_swap_page: prefetch miss 908 "Binder:908_7" 2655558000 5042
           <...>-5221  [001] ....  2435.656897: do_swap_page: prefetch fault 908 "Binder:908_7" 3955553000 5054
           <...>-15957 [003] ....  2435.657413: do_swap_page: prefetch fault 910 "generic" f27bd000 d01b
           <...>-15957 [006] ...1  2435.661205: do_swap_page: prefetch miss 910 "generic" f27bd000 d01b
           <...>-15957 [006] ....  2435.661376: do_swap_page: prefetch fault 910 "generic" f27be000 d01c
           <...>-5221  [006] ...1  2435.661392: do_swap_page: prefetch miss 908 "Binder:908_7" 3955553000 5054
           <...>-5221  [006] ....  2435.661483: do_swap_page: prefetch fault 908 "Binder:908_7" 2e5555c000 9024
           <...>-15957 [001] ...1  2435.663557: do_swap_page: prefetch miss 910 "generic" f27be000 d01c
           <...>-15957 [001] ....  2435.663769: do_swap_page: prefetch fault 910 "generic" f27c6000 d01f
           <...>-5221  [001] ...1  2435.663786: do_swap_page: prefetch miss 908 "Binder:908_7" 2e5555c000 9024
           <...>-5221  [001] ....  2435.663903: do_swap_page: prefetch fault 908 "Binder:908_7" 2e55555000 9049
           <...>-5221  [001] ...1  2435.666376: do_swap_page: prefetch miss 908 "Binder:908_7" 2e55555000 9049
           <...>-15957 [003] ...1  2435.666466: do_swap_page: prefetch miss 910 "generic" f27c6000 d01f
           <...>-5221  [001] ....  2435.666496: do_swap_page: prefetch fault 908 "Binder:908_7" 1e55553000 9020
           <...>-15957 [003] ....  2435.666746: do_swap_page: prefetch fault 910 "generic" f27c7000 d020
           <...>-5221  [001] ...1  2435.670256: do_swap_page: prefetch miss 908 "Binder:908_7" 1e55553000 9020
           <...>-15957 [000] ...1  2435.670447: do_swap_page: prefetch miss 910 "generic" f27c7000 d020
           <...>-15957 [000] ....  2435.670634: do_swap_page: prefetch fault 910 "generic" f27c8000 d021
           <...>-5221  [001] ....  2435.670771: do_swap_page: prefetch fault 908 "Binder:908_7" 285555f000 505b
           <...>-5221  [001] ...1  2435.674023: do_swap_page: prefetch miss 908 "Binder:908_7" 285555f000 505b
           <...>-15957 [002] ...1  2435.674154: do_swap_page: prefetch miss 910 "generic" f27c8000 d021
           <...>-5221  [001] ....  2435.674270: do_swap_page: prefetch fault 908 "Binder:908_7" 2755561000 1056
           <...>-15957 [002] ....  2435.674398: do_swap_page: prefetch fault 910 "generic" f27ce000 d022
           <...>-5221  [001] ...1  2435.677192: do_swap_page: prefetch miss 908 "Binder:908_7" 2755561000 1056
           <...>-15957 [002] ...1  2435.677310: do_swap_page: prefetch miss 910 "generic" f27ce000 d022
           <...>-5221  [001] ....  2435.677401: do_swap_page: prefetch fault 908 "Binder:908_7" 2d35552000 1054
    Binder:908_6-5209  [002] ....  2435.678772: do_swap_page: prefetch fault 908 "Binder:908_6" 3355559000 9019
           <...>-5221  [001] ...1  2435.679936: do_swap_page: prefetch miss 908 "Binder:908_7" 2d35552000 1054
           <...>-5221  [001] ....  2435.680476: do_swap_page: prefetch fault 908 "Binder:908_7" 2155561000 5053
    Binder:908_6-5209  [002] ...1  2435.680915: do_swap_page: prefetch miss 908 "Binder:908_6" 3355559000 9019
    Binder:908_6-5209  [002] ....  2435.681208: do_swap_page: prefetch fault 908 "Binder:908_6" 335555a000 901a
    Binder:908_6-5209  [002] ...1  2435.683710: do_swap_page: prefetch miss 908 "Binder:908_6" 335555a000 901a
           <...>-5221  [001] ...1  2435.683993: do_swap_page: prefetch miss 908 "Binder:908_7" 2155561000 5053
           <...>-5221  [001] ....  2435.684203: do_swap_page: prefetch fault 908 "Binder:908_7" 2355552000 905d
           <...>-15957 [002] ....  2435.684856: do_swap_page: prefetch fault 910 "generic" f3552000 105c
           <...>-5221  [001] ...1  2435.686504: do_swap_page: prefetch miss 908 "Binder:908_7" 2355552000 905d
           <...>-5221  [001] ....  2435.686721: do_swap_page: prefetch fault 908 "Binder:908_7" 285555e000 5035
           <...>-15957 [002] ...1  2435.686797: do_swap_page: prefetch miss 910 "generic" f3552000 105c
           <...>-15957 [002] ....  2435.687280: do_swap_page: prefetch fault 910 "generic" f354c000 9052
           <...>-5221  [001] ...1  2435.688526: do_swap_page: prefetch miss 908 "Binder:908_7" 285555e000 5035
           <...>-5221  [001] ....  2435.688931: do_swap_page: prefetch fault 908 "Binder:908_7" 1f55554000 905c
           <...>-15957 [002] ...1  2435.689083: do_swap_page: prefetch miss 910 "generic" f354c000 9052
           <...>-15957 [002] ....  2435.691945: do_swap_page: prefetch fault 910 "generic" f3547000 505c
           <...>-5221  [001] ...1  2435.693381: do_swap_page: prefetch miss 908 "Binder:908_7" 1f55554000 905c
           <...>-5221  [001] ....  2435.693735: do_swap_page: prefetch fault 908 "Binder:908_7" 265555f000 d024
           <...>-15957 [001] ...1  2435.695383: do_swap_page: prefetch miss 910 "generic" f3547000 505c
           <...>-15957 [001] ....  2435.695844: do_swap_page: prefetch fault 910 "generic" f282c000 505a
           <...>-5221  [001] ...1  2435.695861: do_swap_page: prefetch miss 908 "Binder:908_7" 265555f000 d024
           <...>-5221  [001] ....  2435.697245: do_swap_page: prefetch fault 908 "Binder:908_7" 1e55559000 502b
           <...>-15957 [001] ...1  2435.697682: do_swap_page: prefetch miss 910 "generic" f282c000 505a
           <...>-5221  [001] ...1  2435.699322: do_swap_page: prefetch miss 908 "Binder:908_7" 1e55559000 502b
    Binder:908_6-5209  [000] ....  2435.699480: do_swap_page: prefetch fault 908 "Binder:908_6" 3635552000 9059
           <...>-5221  [001] ....  2435.699948: do_swap_page: prefetch fault 908 "Binder:908_7" 215555a000 5047
    Binder:908_6-5209  [000] ...1  2435.701562: do_swap_page: prefetch miss 908 "Binder:908_6" 3635552000 9059
           <...>-5221  [001] ...1  2435.701730: do_swap_page: prefetch miss 908 "Binder:908_7" 215555a000 5047
    Binder:908_6-5209  [000] ....  2435.701730: do_swap_page: prefetch fault 908 "Binder:908_6" 355555d000 905a
    Binder:908_6-5209  [001] ...1  2435.705054: do_swap_page: prefetch miss 908 "Binder:908_6" 355555d000 905a
 NuPlayerDriver -15956 [001] ....  2435.705482: do_swap_page: prefetch fault 910 "NuPlayerDriver " f5e6b000 9088
           <...>-5221  [001] ....  2435.705610: do_swap_page: prefetch fault 908 "Binder:908_7" 2855555000 9022
           <...>-5221  [001] ...1  2435.707137: do_swap_page: prefetch miss 908 "Binder:908_7" 2855555000 9022
 NuPlayerDriver -15956 [002] ...1  2435.707289: do_swap_page: prefetch miss 910 "NuPlayerDriver " f5e6b000 9088
    Binder:908_6-5209  [005] ....  2435.707505: do_swap_page: prefetch fault 908 "Binder:908_6" 7fbcfd0000 d023
           <...>-1245  [002] ....  2435.708644: do_swap_page: prefetch fault 908 "Binder:908_1" 7f3a03e000 1035
    Binder:908_6-5209  [003] ...1  2435.709815: do_swap_page: prefetch miss 908 "Binder:908_6" 7fbcfd0000 d023
         generic-15964 [005] ....  2435.710144: do_swap_page: prefetch fault 910 "generic" f7a27000 905e
           <...>-1245  [002] ...1  2435.710741: do_swap_page: prefetch miss 908 "Binder:908_1" 7f3a03e000 1035
           <...>-1245  [002] ....  2435.710788: do_swap_page: prefetch fault 908 "Binder:908_1" 7f3a03f000 1036
         generic-15964 [005] ...1  2435.712783: do_swap_page: prefetch miss 910 "generic" f7a27000 905e
           <...>-1245  [002] ...1  2435.712962: do_swap_page: prefetch miss 908 "Binder:908_1" 7f3a03f000 1036
           <...>-1245  [002] ....  2435.712995: do_swap_page: prefetch fault 908 "Binder:908_1" 3655554000 1038
           <...>-5221  [005] ....  2435.713025: do_swap_page: prefetch fault 908 "Binder:908_7" 1e5555a000 9023
           <...>-1245  [000] ...1  2435.718280: do_swap_page: prefetch miss 908 "Binder:908_1" 3655554000 1038
 NuPlayerDriver -15956 [000] ....  2435.719123: do_swap_page: prefetch fault 910 "NuPlayerDriver " f7aff000 106a
           <...>-5221  [000] ...1  2435.719376: do_swap_page: prefetch miss 908 "Binder:908_7" 1e5555a000 9023
         generic-15964 [000] ....  2435.720954: do_swap_page: prefetch fault 910 "generic" f7a07000 5061
 NuPlayerDriver -15956 [003] ...1  2435.721041: do_swap_page: prefetch miss 910 "NuPlayerDriver " f7aff000 106a
 NuPlayerDriver -15956 [003] ....  2435.721171: do_swap_page: prefetch fault 910 "NuPlayerDriver " f7a1e000 5060
         generic-15964 [000] ...1  2435.723164: do_swap_page: prefetch miss 910 "generic" f7a07000 5061
 NuPlayerDriver -15956 [001] ...1  2435.723351: do_swap_page: prefetch miss 910 "NuPlayerDriver " f7a1e000 5060
           <...>-1245  [000] ....  2435.724214: do_swap_page: prefetch fault 908 "Binder:908_1" 1d5555a000 1046
 NuPlayerDriver -15956 [001] ....  2435.724471: do_swap_page: prefetch fault 910 "NuPlayerDriver " f2e26000 5070
           <...>-15967 [003] ....  2435.724570: do_swap_page: prefetch fault 910 "NuPlayerDriver " f2e08000 d057
           <...>-1245  [000] ...1  2435.726920: do_swap_page: prefetch miss 908 "Binder:908_1" 1d5555a000 1046
 NuPlayerDriver -15956 [003] ...1  2435.727043: do_swap_page: prefetch miss 910 "NuPlayerDriver " f2e26000 5070
           <...>-15967 [005] ...1  2435.727071: do_swap_page: prefetch miss 910 "NuPlayerDriver " f2e08000 d057
           <...>-1245  [000] ....  2435.727456: do_swap_page: prefetch fault 908 "Binder:908_1" 3c55559000 9042
           <...>-15966 [006] ....  2435.727516: do_swap_page: prefetch fault 910 "NPDecoder" f353f000 d058
           <...>-15966 [006] ...1  2435.729623: do_swap_page: prefetch miss 910 "NPDecoder" f353f000 d058
           <...>-15966 [006] ....  2435.729695: do_swap_page: prefetch fault 910 "NPDecoder" f355f000 9098
           <...>-1245  [000] ...1  2435.729735: do_swap_page: prefetch miss 908 "Binder:908_1" 3c55559000 9042
           <...>-1245  [000] ....  2435.729869: do_swap_page: prefetch fault 908 "Binder:908_1" 3c5555a000 9043
           <...>-15966 [006] ...1  2435.731788: do_swap_page: prefetch miss 910 "NPDecoder" f355f000 9098
           <...>-15966 [006] ....  2435.731858: do_swap_page: prefetch fault 910 "NPDecoder" f3510000 9099
           <...>-1245  [000] ...1  2435.731989: do_swap_page: prefetch miss 908 "Binder:908_1" 3c5555a000 9043
           <...>-1245  [000] ....  2435.732098: do_swap_page: prefetch fault 908 "Binder:908_1" 3c5555b000 9044
           <...>-15966 [006] ...1  2435.734085: do_swap_page: prefetch miss 910 "NPDecoder" f3510000 9099
           <...>-15966 [006] ....  2435.734165: do_swap_page: prefetch fault 910 "NPDecoder" f3515000 d059
           <...>-1245  [000] ...1  2435.734189: do_swap_page: prefetch miss 908 "Binder:908_1" 3c5555b000 9044
         generic-15964 [000] ....  2435.734802: do_swap_page: prefetch fault 910 "generic" f7a65000 5062
           <...>-15966 [006] ...1  2435.736566: do_swap_page: prefetch miss 910 "NPDecoder" f3515000 d059
           <...>-15966 [006] ....  2435.736707: do_swap_page: prefetch fault 910 "NPDecoder" f358a000 d05c
         generic-15964 [000] ...1  2435.736742: do_swap_page: prefetch miss 910 "generic" f7a65000 5062
         generic-15964 [000] ....  2435.737059: do_swap_page: prefetch fault 910 "generic" f7a28000 5063
           <...>-15966 [006] ...1  2435.739341: do_swap_page: prefetch miss 910 "NPDecoder" f358a000 d05c
           <...>-15966 [006] ....  2435.739453: do_swap_page: prefetch fault 910 "NPDecoder" f35b5000 d05d
         generic-15964 [000] ...1  2435.739489: do_swap_page: prefetch miss 910 "generic" f7a28000 5063
         generic-15964 [000] ....  2435.739762: do_swap_page: prefetch fault 910 "generic" f7a4c000 5065
           <...>-15966 [006] ...1  2435.741523: do_swap_page: prefetch miss 910 "NPDecoder" f35b5000 d05d
           <...>-15966 [006] ....  2435.741589: do_swap_page: prefetch fault 910 "NPDecoder" f35b6000 d05e
         generic-15964 [000] ...1  2435.741728: do_swap_page: prefetch miss 910 "generic" f7a4c000 5065
         generic-15964 [000] ....  2435.741877: do_swap_page: prefetch fault 910 "generic" f7a66000 d04e
           <...>-15966 [003] ...1  2435.743667: do_swap_page: prefetch miss 910 "NPDecoder" f35b6000 d05e
         generic-15964 [000] ...1  2435.743812: do_swap_page: prefetch miss 910 "generic" f7a66000 d04e
         generic-15964 [000] ....  2435.743941: do_swap_page: prefetch fault 910 "generic" f7a68000 5076
           <...>-15966 [003] ....  2435.744113: do_swap_page: prefetch fault 910 "NPDecoder" f7a77000 d060
         generic-15964 [006] ...1  2435.746264: do_swap_page: prefetch miss 910 "generic" f7a68000 5076
           <...>-15966 [005] ...1  2435.746357: do_swap_page: prefetch miss 910 "NPDecoder" f7a77000 d060
           <...>-15966 [005] ....  2435.746384: do_swap_page: prefetch fault 910 "NPDecoder" f7a78000 1079
         generic-15964 [006] ....  2435.746431: do_swap_page: prefetch fault 910 "generic" f2e2b000 d05a
         generic-15964 [002] ...1  2435.748646: do_swap_page: prefetch miss 910 "generic" f2e2b000 d05a
           <...>-15966 [005] ...1  2435.748748: do_swap_page: prefetch miss 910 "NPDecoder" f7a78000 1079
         generic-15964 [002] ....  2435.749030: do_swap_page: prefetch fault 910 "generic" f2e46000 5072
           <...>-15966 [003] ....  2435.750024: do_swap_page: prefetch fault 910 "NPDecoder" f2e49000 9069
         generic-15964 [001] ...1  2435.750920: do_swap_page: prefetch miss 910 "generic" f2e46000 5072
         generic-15964 [001] ....  2435.751052: do_swap_page: prefetch fault 910 "generic" f2e47000 9067
           <...>-15966 [003] ...1  2435.752427: do_swap_page: prefetch miss 910 "NPDecoder" f2e49000 9069
           <...>-15966 [003] ....  2435.752676: do_swap_page: prefetch fault 910 "NPDecoder" f2e4a000 906a
         generic-15964 [000] ...1  2435.754326: do_swap_page: prefetch miss 910 "generic" f2e47000 9067
         generic-15964 [000] ....  2435.754492: do_swap_page: prefetch fault 910 "generic" f2e48000 9068
           <...>-15966 [003] ...1  2435.754554: do_swap_page: prefetch miss 910 "NPDecoder" f2e4a000 906a
           <...>-15966 [003] ....  2435.754597: do_swap_page: prefetch fault 910 "NPDecoder" f2e4b000 906c
           <...>-15966 [005] ...1  2435.757064: do_swap_page: prefetch miss 910 "NPDecoder" f2e4b000 906c
         generic-15964 [006] ...1  2435.757157: do_swap_page: prefetch miss 910 "generic" f2e48000 9068
           <...>-15966 [005] ....  2435.757162: do_swap_page: prefetch fault 910 "NPDecoder" f2e4c000 906d
         generic-15964 [006] ....  2435.757288: do_swap_page: prefetch fault 910 "generic" f2e53000 9074
           <...>-15966 [003] ...1  2435.759892: do_swap_page: prefetch miss 910 "NPDecoder" f2e4c000 906d
