         generic-15964 [001] ...1  2435.759928: do_swap_page: prefetch miss 910 "generic" f2e53000 9074
           <...>-15967 [006] ....  2435.760055: do_swap_page: prefetch fault 910 "NPDecoder-CL" f3471000 508d
         generic-15964 [001] ....  2435.760139: do_swap_page: prefetch fault 910 "generic" f2e54000 9075
         generic-15964 [005] ...1  2435.762245: do_swap_page: prefetch miss 910 "generic" f2e54000 9075
           <...>-15967 [001] ...1  2435.762284: do_swap_page: prefetch miss 910 "NPDecoder-CL" f3471000 508d
         generic-15964 [005] ....  2435.762633: do_swap_page: prefetch fault 910 "generic" f7a18000 907a
  HwBinder:933_7-2024  [005] ....  2435.764443: do_swap_page: prefetch fault 933 "HwBinder:933_7" 1a55565000 d033
         generic-15964 [001] ...1  2435.764475: do_swap_page: prefetch miss 910 "generic" f7a18000 907a
  HwBinder:933_7-2024  [001] ...1  2435.766579: do_swap_page: prefetch miss 933 "HwBinder:933_7" 1a55565000 d033
  HwBinder:933_7-2024  [001] ....  2435.766877: do_swap_page: prefetch fault 933 "HwBinder:933_7" 1955564000 501f
  HwBinder:933_7-2024  [001] ...1  2435.769250: do_swap_page: prefetch miss 933 "HwBinder:933_7" 1955564000 501f
  HwBinder:933_7-2024  [001] ....  2435.769526: do_swap_page: prefetch fault 933 "HwBinder:933_7" 1b5555b000 501a
  HwBinder:933_7-2024  [001] ...1  2435.771745: do_swap_page: prefetch miss 933 "HwBinder:933_7" 1b5555b000 501a
  HwBinder:933_7-2024  [001] ....  2435.771879: do_swap_page: prefetch fault 933 "HwBinder:933_7" 1b55555000 d00b
  HwBinder:933_7-2024  [001] ...1  2435.774118: do_swap_page: prefetch miss 933 "HwBinder:933_7" 1b55555000 d00b
  HwBinder:933_7-2024  [001] ....  2435.774439: do_swap_page: prefetch fault 933 "HwBinder:933_7" 1855565000 d00c
  HwBinder:933_7-2024  [001] ...1  2435.776561: do_swap_page: prefetch miss 933 "HwBinder:933_7" 1855565000 d00c
  HwBinder:933_7-2024  [001] ....  2435.779091: do_swap_page: prefetch fault 933 "HwBinder:933_7" 1b55560000 d030
  HwBinder:933_7-2024  [001] ...1  2435.783324: do_swap_page: prefetch miss 933 "HwBinder:933_7" 1b55560000 d030
  HwBinder:933_7-2024  [000] ....  2435.783698: do_swap_page: prefetch fault 933 "HwBinder:933_7" 1e55552000 d003
  HwBinder:933_7-2024  [001] ...1  2435.785847: do_swap_page: prefetch miss 933 "HwBinder:933_7" 1e55552000 d003
  HwBinder:933_7-2024  [001] ....  2435.786026: do_swap_page: prefetch fault 933 "HwBinder:933_7" 1755559000 5019
  HwBinder:933_7-2024  [001] ...1  2435.787843: do_swap_page: prefetch miss 933 "HwBinder:933_7" 1755559000 5019
  HwBinder:933_7-2024  [001] ....  2435.788389: do_swap_page: prefetch fault 933 "HwBinder:933_7" 1c35552000 d034
  HwBinder:933_7-2024  [001] ...1  2435.790260: do_swap_page: prefetch miss 933 "HwBinder:933_7" 1c35552000 d034
  HwBinder:933_7-2024  [001] ....  2435.790392: do_swap_page: prefetch fault 933 "HwBinder:933_7" 1b55552000 d035
  HwBinder:933_7-2024  [001] ...1  2435.794254: do_swap_page: prefetch miss 933 "HwBinder:933_7" 1b55552000 d035
  HwBinder:933_7-2024  [002] ....  2435.794544: do_swap_page: prefetch fault 933 "HwBinder:933_7" 1955552000 d007
  HwBinder:933_7-2024  [001] ...1  2435.796558: do_swap_page: prefetch miss 933 "HwBinder:933_7" 1955552000 d007
  HwBinder:933_7-2024  [001] ....  2435.796936: do_swap_page: prefetch fault 933 "HwBinder:933_7" 1e55557000 d032
  HwBinder:933_7-2024  [002] ...1  2435.798878: do_swap_page: prefetch miss 933 "HwBinder:933_7" 1e55557000 d032
  HwBinder:933_7-2024  [002] ....  2435.799199: do_swap_page: prefetch fault 933 "HwBinder:933_7" 1e55556000 d00d
  HwBinder:933_7-2024  [002] ...1  2435.801111: do_swap_page: prefetch miss 933 "HwBinder:933_7" 1e55556000 d00d
  HwBinder:933_7-2024  [002] ....  2435.801277: do_swap_page: prefetch fault 933 "HwBinder:933_7" 1755561000 d006
  HwBinder:933_7-2024  [002] ...1  2435.805744: do_swap_page: prefetch miss 933 "HwBinder:933_7" 1755561000 d006
  HwBinder:933_7-2024  [002] ....  2435.807695: do_swap_page: prefetch fault 933 "HwBinder:933_7" 1a55578000 d00f
  HwBinder:933_7-2024  [002] ...1  2435.809567: do_swap_page: prefetch miss 933 "HwBinder:933_7" 1a55578000 d00f
  HwBinder:933_7-2024  [002] ....  2435.810387: do_swap_page: prefetch fault 933 "HwBinder:933_7" 1a55557000 d037
  HwBinder:933_7-2024  [001] ...1  2435.812380: do_swap_page: prefetch miss 933 "HwBinder:933_7" 1a55557000 d037
  HwBinder:933_7-2024  [001] ....  2435.812767: do_swap_page: prefetch fault 933 "HwBinder:933_7" 1a55576000 d005
  HwBinder:933_7-2024  [005] ...1  2435.816309: do_swap_page: prefetch miss 933 "HwBinder:933_7" 1a55576000 d005
  HwBinder:933_7-2024  [005] ....  2435.817022: do_swap_page: prefetch fault 933 "HwBinder:933_7" 1855579000 501d
  HwBinder:933_7-2024  [002] ...1  2435.818835: do_swap_page: prefetch miss 933 "HwBinder:933_7" 1855579000 501d
  HwBinder:933_7-2024  [002] ....  2435.818945: do_swap_page: prefetch fault 933 "HwBinder:933_7" 1e55554000 d036
  HwBinder:933_7-2024  [002] ...1  2435.820948: do_swap_page: prefetch miss 933 "HwBinder:933_7" 1e55554000 d036
  HwBinder:933_7-2024  [002] ....  2435.821415: do_swap_page: prefetch fault 933 "HwBinder:933_7" 1a55574000 903c
  HwBinder:933_7-2024  [001] ...1  2435.823340: do_swap_page: prefetch miss 933 "HwBinder:933_7" 1a55574000 903c
  HwBinder:933_7-2024  [001] ....  2435.823717: do_swap_page: prefetch fault 933 "HwBinder:933_7" 1955555000 903b
  HwBinder:933_7-2024  [006] ...1  2435.825684: do_swap_page: prefetch miss 933 "HwBinder:933_7" 1955555000 903b
  HwBinder:933_7-2024  [006] ....  2435.825854: do_swap_page: prefetch fault 933 "HwBinder:933_7" 195557b000 d000
  HwBinder:933_7-2024  [001] ...1  2435.827788: do_swap_page: prefetch miss 933 "HwBinder:933_7" 195557b000 d000
  HwBinder:933_7-2024  [001] ....  2435.827918: do_swap_page: prefetch fault 933 "HwBinder:933_7" 1955576000 d02d
  HwBinder:933_7-2024  [001] ...1  2435.831789: do_swap_page: prefetch miss 933 "HwBinder:933_7" 1955576000 d02d
  HwBinder:933_7-2024  [001] ....  2435.832233: do_swap_page: prefetch fault 933 "HwBinder:933_7" 1855578000 d031
  HwBinder:933_7-2024  [001] ...1  2435.834399: do_swap_page: prefetch miss 933 "HwBinder:933_7" 1855578000 d031
  HwBinder:933_7-2024  [001] ....  2435.834879: do_swap_page: prefetch fault 933 "HwBinder:933_7" 1955575000 d008
  HwBinder:933_7-2024  [002] ...1  2435.836947: do_swap_page: prefetch miss 933 "HwBinder:933_7" 1955575000 d008
  HwBinder:933_7-2024  [002] ....  2435.837363: do_swap_page: prefetch fault 933 "HwBinder:933_7" 1a35552000 d02e
  HwBinder:933_7-2024  [003] ...1  2435.839834: do_swap_page: prefetch miss 933 "HwBinder:933_7" 1a35552000 d02e
           <...>-15967 [005] ....  2435.850985: do_swap_page: prefetch fault 910 "NPDecoder-CL" f35d9000 1031
           <...>-15967 [000] ...1  2435.853019: do_swap_page: prefetch miss 910 "NPDecoder-CL" f35d9000 1031
  HwBinder:910_1-6537  [002] ....  2435.865455: do_swap_page: prefetch fault 910 "HwBinder:910_1" f2e4d000 906e
  HwBinder:910_1-6537  [005] ...1  2435.867596: do_swap_page: prefetch miss 910 "HwBinder:910_1" f2e4d000 906e
  HwBinder:910_1-6537  [005] ....  2435.867708: do_swap_page: prefetch fault 910 "HwBinder:910_1" f2e4e000 906f
  HwBinder:910_1-6537  [001] ...1  2435.870060: do_swap_page: prefetch miss 910 "HwBinder:910_1" f2e4e000 906f
  HwBinder:910_1-6537  [006] ....  2435.871433: do_swap_page: prefetch fault 910 "HwBinder:910_1" f2e55000 9077
  HwBinder:910_1-6537  [000] ...1  2435.873726: do_swap_page: prefetch miss 910 "HwBinder:910_1" f2e55000 9077
  HwBinder:910_1-6537  [006] ....  2435.878843: do_swap_page: prefetch fault 910 "HwBinder:910_1" f2e4f000 9070
           <...>-15965 [003] ....  2435.881476: do_swap_page: prefetch fault 910 "NuPlayerRendere" f35ce000 1030
  HwBinder:910_1-6537  [002] ...1  2435.884523: do_swap_page: prefetch miss 910 "HwBinder:910_1" f2e4f000 9070
           <...>-15965 [005] ...1  2435.884751: do_swap_page: prefetch miss 910 "NuPlayerRendere" f35ce000 1030
           <...>-15965 [005] ....  2435.884936: do_swap_page: prefetch fault 910 "NuPlayerRendere" f35dd000 1032
  HwBinder:910_1-6537  [003] ....  2435.885687: do_swap_page: prefetch fault 910 "HwBinder:910_1" f2e51000 9071
           <...>-15965 [000] ...1  2435.887577: do_swap_page: prefetch miss 910 "NuPlayerRendere" f35dd000 1032
  HwBinder:910_1-6537  [002] ...1  2435.887738: do_swap_page: prefetch miss 910 "HwBinder:910_1" f2e51000 9071
           <...>-15965 [000] ....  2435.887831: do_swap_page: prefetch fault 910 "NuPlayerRendere" f3555000 1033
  HwBinder:910_1-6537  [002] ....  2435.888360: do_swap_page: prefetch fault 910 "HwBinder:910_1" f2e52000 9072
           <...>-15965 [001] ...1  2435.890116: do_swap_page: prefetch miss 910 "NuPlayerRendere" f3555000 1033
  HwBinder:910_1-6537  [003] ...1  2435.890348: do_swap_page: prefetch miss 910 "HwBinder:910_1" f2e52000 9072
           <...>-1245  [002] ....  2436.677620: do_swap_page: prefetch fault 908 "Binder:908_1" 2b5555f000 9056
           <...>-1245  [002] ...1  2436.692458: do_swap_page: prefetch miss 908 "Binder:908_1" 2b5555f000 9056
           <...>-1245  [002] ....  2436.693289: do_swap_page: prefetch fault 908 "Binder:908_1" 395555f000 103b
           <...>-1245  [002] ...1  2436.695765: do_swap_page: prefetch miss 908 "Binder:908_1" 395555f000 103b
           <...>-1245  [002] ....  2436.696178: do_swap_page: prefetch fault 908 "Binder:908_1" 2e55560000 5032
           <...>-1245  [003] ...1  2436.699635: do_swap_page: prefetch miss 908 "Binder:908_1" 2e55560000 5032
           <...>-1245  [003] ....  2436.700089: do_swap_page: prefetch fault 908 "Binder:908_1" 2755558000 504e
           <...>-1245  [003] ...1  2436.702270: do_swap_page: prefetch miss 908 "Binder:908_1" 2755558000 504e
           <...>-15957 [000] ....  2436.708598: do_swap_page: prefetch fault 910 "generic" f282b000 9002
           <...>-15957 [000] ...1  2436.712342: do_swap_page: prefetch miss 910 "generic" f282b000 9002
           <...>-5221  [001] ....  2440.074707: do_swap_page: prefetch fault 908 "Binder:908_7" 1d5555e000 d025
           <...>-5221  [001] ...1  2440.089955: do_swap_page: prefetch miss 908 "Binder:908_7" 1d5555e000 d025
           <...>-1245  [003] ....  2443.206829: do_swap_page: prefetch fault 908 "Binder:908_1" 2d5555f000 9057
           <...>-1245  [003] ...1  2443.222671: do_swap_page: prefetch miss 908 "Binder:908_1" 2d5555f000 9057
           <...>-1245  [003] ....  2443.223336: do_swap_page: prefetch fault 908 "Binder:908_1" 305555a000 5029
           <...>-1245  [003] ...1  2443.226061: do_swap_page: prefetch miss 908 "Binder:908_1" 305555a000 5029
  HwBinder:910_1-6537  [000] ....  2452.851340: do_swap_page: prefetch fault 910 "HwBinder:910_1" f2e27000 d049
  HwBinder:910_1-6537  [002] ...1  2452.867101: do_swap_page: prefetch miss 910 "HwBinder:910_1" f2e27000 d049
 send_target_man-200   [003] d..2  2457.226337: send_target_manager: send target manager - which_table : 0
    Binder:910_5-3580  [003] ....  2459.707450: do_swap_page: prefetch fault 910 "Binder:910_5" f3562000 504d
    Binder:910_5-3580  [002] ...1  2459.721647: do_swap_page: prefetch miss 910 "Binder:910_5" f3562000 504d
    Binder:910_5-3580  [002] ....  2459.721708: do_swap_page: prefetch fault 910 "Binder:910_5" f35fb000 d011
    Binder:910_5-3580  [001] ...1  2459.723909: do_swap_page: prefetch miss 910 "Binder:910_5" f35fb000 d011
    Binder:910_5-3580  [006] ....  2459.724626: do_swap_page: prefetch fault 910 "Binder:910_5" f35fc000 d012
    Binder:910_5-3580  [002] ...1  2459.727126: do_swap_page: prefetch miss 910 "Binder:910_5" f35fc000 d012
              sh-15987 [007] ....  2485.345980: swap_counter_dump_handler: pid 6355: counter 0 = 2125
              sh-15987 [007] ....  2485.345985: swap_counter_dump_handler: pid 6355: counter 1 = 294
              sh-15987 [007] ....  2485.345986: swap_counter_dump_handler: pid 6355: counter 2 = 17923
              sh-15987 [007] ....  2485.345987: swap_counter_dump_handler: pid 6355: counter 3 = 0
              sh-15987 [007] ....  2485.345988: swap_counter_dump_handler: pid 6355: counter 4 = 0
              sh-15987 [007] ....  2485.345989: swap_counter_dump_handler: pid 6355: counter 5 = 0
              sh-15987 [007] ....  2485.345990: swap_counter_dump_handler: pid 6355: counter >5 = 0
              sh-15987 [007] ....  2485.345992: swap_counter_dump_handler: remote: total sent cold page: 0
              sh-15987 [007] ....  2485.345994: swap_counter_dump_handler: remote: total faulted cold page: 0
