           <...>-6575  [006] ...1  1128.324693: do_swap_page: id 5, table 0 || 793: 6575 135c9000
           <...>-6575  [006] ...1  1128.324704: do_swap_page: id 5, table 0 || 794: 6575 7f2330a000
           <...>-6575  [006] ...1  1128.324725: do_swap_page: id 5, table 0 || 795: 6575 135cf000
           <...>-6575  [006] ...1  1128.324731: do_swap_page: id 5, table 0 || 796: 6575 9d781000
           <...>-6575  [006] ...1  1128.324738: do_swap_page: id 5, table 0 || 797: 6575 13998000
           <...>-6575  [006] ...1  1128.324749: do_swap_page: id 5, table 0 || 798: 6575 135cc000
           <...>-6575  [004] ...1  1128.325125: do_swap_page: id 5, table 0 || 799: 6575 7f289ed000
           <...>-6575  [004] ...1  1128.325169: do_swap_page: id 5, table 0 || 800: 6575 135ac000
           <...>-6575  [004] ...1  1128.325193: do_swap_page: id 5, table 0 || 801: 6575 135aa000
           <...>-6575  [004] ...1  1128.325204: do_swap_page: id 5, table 0 || 802: 6575 13a7e000
           <...>-6575  [004] ...1  1128.325213: do_swap_page: id 5, table 0 || 803: 6575 7171f000
           <...>-6575  [004] ...1  1128.325223: do_swap_page: id 5, table 0 || 804: 6575 13995000
           <...>-6575  [004] ...1  1128.325239: do_swap_page: id 5, table 0 || 805: 6575 7d447cf000
           <...>-6575  [004] ...1  1128.325246: do_swap_page: id 5, table 0 || 806: 6575 1363c000
           <...>-6575  [004] ...1  1128.325259: do_swap_page: id 5, table 0 || 807: 6575 7f2db9f000
           <...>-6575  [004] ...1  1128.325270: do_swap_page: id 5, table 0 || 808: 6575 7d447d3000
           <...>-6575  [004] ...1  1128.325277: do_swap_page: id 5, table 0 || 809: 6575 13647000
           <...>-6575  [004] ...1  1128.325282: do_swap_page: id 5, table 0 || 810: 6575 13648000
           <...>-6575  [004] ...1  1128.325302: do_swap_page: id 5, table 0 || 811: 6575 13a80000
           <...>-6575  [004] ...1  1128.325323: do_swap_page: id 5, table 0 || 812: 6575 135ae000
           <...>-6575  [004] ...1  1128.325347: do_swap_page: id 5, table 0 || 813: 6575 7fbbf66000
           <...>-6575  [004] ...1  1128.325357: do_swap_page: id 5, table 0 || 814: 6575 13994000
           <...>-6575  [004] ....  1128.325454: read_swap_cache_async: remote readpage 6575 "com.rovio.baba" 7fffff8000 44e07
           <...>-6575  [004] ....  1128.325455: do_swap_page: prefetch fault 6575 "com.rovio.baba" 7fffff8000 44e07
           <...>-6575  [004] ...1  1128.327340: do_swap_page: id 5, table 0 || 815: 6575 7fffff8000
           <...>-6575  [004] ...1  1128.327393: do_swap_page: id 5, table 0 || 816: 6575 7f2db9e000
           <...>-6575  [004] ...1  1128.327482: do_swap_page: id 5, table 0 || 817: 6575 7eb7be2000
           <...>-6575  [004] ...1  1128.327492: do_swap_page: id 5, table 0 || 818: 6575 139ea000
           <...>-6575  [004] ...1  1128.327503: do_swap_page: id 5, table 0 || 819: 6575 7f2daeb000
           <...>-6575  [004] ...1  1128.327542: do_swap_page: id 5, table 0 || 820: 6575 7f28d61000
           <...>-6623  [006] ...1  1128.327575: do_swap_page: id 5, table 0 || 821: 6575 7eca69a000
           <...>-6575  [004] ...1  1128.327585: do_swap_page: id 5, table 0 || 822: 6575 13898000
           <...>-6623  [006] ...1  1128.327589: do_swap_page: id 5, table 0 || 823: 6575 7f28d62000
           <...>-6575  [004] ...1  1128.327596: do_swap_page: id 5, table 0 || 824: 6575 7f235d3000
           <...>-6623  [006] ...1  1128.327597: do_swap_page: id 5, table 0 || 825: 6575 7eca69b000
           <...>-6575  [004] ...1  1128.327604: do_swap_page: id 5, table 0 || 826: 6575 13890000
           <...>-6623  [006] ...1  1128.327605: do_swap_page: id 5, table 0 || 827: 6575 7f28b1a000
           <...>-6623  [006] ...1  1128.327616: do_swap_page: id 5, table 0 || 828: 6575 7eca698000
           <...>-6575  [004] ...1  1128.327616: do_swap_page: id 5, table 0 || 829: 6575 7f2db19000
           <...>-6623  [006] ...1  1128.327632: do_swap_page: id 5, table 0 || 830: 6575 7f28d63000
           <...>-6575  [004] ...1  1128.327636: do_swap_page: id 5, table 0 || 831: 6575 135c2000
           <...>-6623  [006] ...1  1128.327642: do_swap_page: id 5, table 0 || 832: 6575 7eca699000
           <...>-6575  [004] ...1  1128.327645: do_swap_page: id 5, table 0 || 833: 6575 139a0000
           <...>-6623  [006] ...1  1128.327651: do_swap_page: id 5, table 0 || 834: 6575 7eca697000
           <...>-6575  [004] ...1  1128.327656: do_swap_page: id 5, table 0 || 835: 6575 7f23318000
           <...>-6575  [004] ...1  1128.327665: do_swap_page: id 5, table 0 || 836: 6575 139a3000
           <...>-6575  [004] ...1  1128.327682: do_swap_page: id 5, table 0 || 837: 6575 7f28f76000
           <...>-6690  [004] ...1  1128.327721: do_swap_page: id 5, table 0 || 838: 6575 7d90170000
           <...>-6690  [004] ...1  1128.327735: do_swap_page: id 5, table 0 || 839: 6575 7d90171000
           <...>-6623  [007] ...1  1128.327746: do_swap_page: id 5, table 0 || 840: 6575 7d447cc000
           <...>-6623  [007] ...1  1128.327754: do_swap_page: id 5, table 0 || 841: 6575 13631000
           <...>-6623  [007] ...1  1128.327768: do_swap_page: id 5, table 0 || 842: 6575 13630000
           <...>-6623  [007] ...1  1128.327774: do_swap_page: id 5, table 0 || 843: 6575 7f2db82000
           <...>-6623  [007] ...1  1128.327781: do_swap_page: id 5, table 0 || 844: 6575 139e1000
           <...>-6690  [004] ....  1128.327791: read_swap_cache_async: remote readpage 6575 "GoogleApiHandle" 7d91e0b000 44e08
           <...>-6690  [004] ....  1128.327793: do_swap_page: prefetch fault 6575 "GoogleApiHandle" 7d91e0b000 44e08
           <...>-6575  [004] ...1  1128.327804: do_swap_page: id 5, table 0 || 845: 6575 7f2daf2000
           <...>-6575  [004] ...1  1128.327815: do_swap_page: id 5, table 0 || 846: 6575 7f2daf0000
           <...>-6623  [007] ...1  1128.327815: do_swap_page: id 5, table 0 || 847: 6575 71725000
           <...>-6575  [004] ...1  1128.327826: do_swap_page: id 5, table 0 || 848: 6575 1393b000
           <...>-6623  [007] ...1  1128.327828: do_swap_page: id 5, table 0 || 849: 6575 71723000
           <...>-6623  [007] ...1  1128.327835: do_swap_page: id 5, table 0 || 850: 6575 139ba000
           <...>-6575  [004] ...1  1128.327845: do_swap_page: id 5, table 0 || 851: 6575 7fbbf98000
           <...>-6623  [007] ...1  1128.327849: do_swap_page: id 5, table 0 || 852: 6575 7f30c68000
           <...>-6575  [004] ...1  1128.327855: do_swap_page: id 5, table 0 || 853: 6575 7fbbf97000
           <...>-6575  [004] ...1  1128.327864: do_swap_page: id 5, table 0 || 854: 6575 7f2331d000
           <...>-6575  [004] ...1  1128.327876: do_swap_page: id 5, table 0 || 855: 6575 7eb0072000
           <...>-6623  [007] ...1  1128.327880: do_swap_page: id 5, table 0 || 856: 6575 7d447d5000
           <...>-6623  [007] ...1  1128.327888: do_swap_page: id 5, table 0 || 857: 6575 13650000
           <...>-6623  [007] ...1  1128.327897: do_swap_page: id 5, table 0 || 858: 6575 7d447c8000
           <...>-6623  [007] ...1  1128.327903: do_swap_page: id 5, table 0 || 859: 6575 13623000
           <...>-6623  [007] ...1  1128.327916: do_swap_page: id 5, table 0 || 860: 6575 135c8000
           <...>-6575  [004] ...1  1128.327925: do_swap_page: id 5, table 0 || 861: 6575 7f2af77000
           <...>-6623  [007] ...1  1128.327925: do_swap_page: id 5, table 0 || 862: 6575 7fbbfab000
           <...>-6623  [007] ...1  1128.327933: do_swap_page: id 5, table 0 || 863: 6575 7f2db83000
           <...>-6575  [004] ...1  1128.327934: do_swap_page: id 5, table 0 || 864: 6575 139e8000
           <...>-6623  [007] ...1  1128.327940: do_swap_page: id 5, table 0 || 865: 6575 135b4000
           <...>-6623  [007] ...1  1128.327946: do_swap_page: id 5, table 0 || 866: 6575 139af000
           <...>-6623  [007] ...1  1128.327952: do_swap_page: id 5, table 0 || 867: 6575 7f2db84000
           <...>-6623  [007] ...1  1128.327962: do_swap_page: id 5, table 0 || 868: 6575 135c6000
           <...>-6575  [004] ...1  1128.327966: do_swap_page: id 5, table 0 || 869: 6575 9d78d000
           <...>-6623  [007] ...1  1128.327967: do_swap_page: id 5, table 0 || 870: 6575 7f2db88000
           <...>-6575  [004] ...1  1128.327975: do_swap_page: id 5, table 0 || 871: 6575 7f29563000
           <...>-6575  [004] ...1  1128.327983: do_swap_page: id 5, table 0 || 872: 6575 1361a000
           <...>-6575  [004] ...1  1128.327991: do_swap_page: id 5, table 0 || 873: 6575 7eb0071000
           <...>-6623  [007] ...1  1128.327997: do_swap_page: id 5, table 0 || 874: 6575 1399f000
           <...>-6575  [004] ...1  1128.327998: do_swap_page: id 5, table 0 || 875: 6575 13615000
           <...>-6623  [007] ...1  1128.328007: do_swap_page: id 5, table 0 || 876: 6575 7fbbfae000
           <...>-6575  [004] ...1  1128.328009: do_swap_page: id 5, table 0 || 877: 6575 139f0000
           <...>-6575  [004] ...1  1128.328021: do_swap_page: id 5, table 0 || 878: 6575 1392e000
           <...>-6623  [007] ...1  1128.328023: do_swap_page: id 5, table 0 || 879: 6575 135ab000
           <...>-6575  [004] ...1  1128.328038: do_swap_page: id 5, table 0 || 880: 6575 13651000
           <...>-6575  [004] ...1  1128.328058: do_swap_page: id 5, table 0 || 881: 6575 135e0000
           <...>-6575  [004] ...1  1128.328065: do_swap_page: id 5, table 0 || 882: 6575 135e2000
           <...>-6575  [004] ...1  1128.328078: do_swap_page: id 5, table 0 || 883: 6575 13621000
           <...>-6623  [007] ....  1128.328082: read_swap_cache_async: remote readpage 6575 "pool-3-thread-1" 7eca696000 40e94
           <...>-6623  [007] ....  1128.328083: do_swap_page: prefetch fault 6575 "pool-3-thread-1" 7eca696000 40e94
           <...>-6575  [004] ...1  1128.328089: do_swap_page: id 5, table 0 || 884: 6575 7f2af76000
           <...>-6575  [004] ...1  1128.328120: do_swap_page: id 5, table 0 || 885: 6575 7ec9be5000
           <...>-6575  [004] ...1  1128.328131: do_swap_page: id 5, table 0 || 886: 6575 13662000
           <...>-6575  [004] ...1  1128.328138: do_swap_page: id 5, table 0 || 887: 6575 7ec9bd4000
           <...>-6575  [004] ...1  1128.328148: do_swap_page: id 5, table 0 || 888: 6575 13774000
           <...>-6575  [004] ...1  1128.328157: do_swap_page: id 5, table 0 || 889: 6575 1372f000
           <...>-6575  [004] ...1  1128.328169: do_swap_page: id 5, table 0 || 890: 6575 1374b000
           <...>-6575  [004] ...1  1128.328176: do_swap_page: id 5, table 0 || 891: 6575 13694000
           <...>-8025  [007] ...1  1128.328178: do_swap_page: id 5, table 0 || 892: 6575 7f2af0e000
           <...>-6575  [004] ...1  1128.328183: do_swap_page: id 5, table 0 || 893: 6575 1369d000
           <...>-6575  [004] ...1  1128.328194: do_swap_page: id 5, table 0 || 894: 6575 7ebe403000
           <...>-6575  [004] ...1  1128.328203: do_swap_page: id 5, table 0 || 895: 6575 7ec9be2000
           <...>-6575  [004] ...1  1128.328209: do_swap_page: id 5, table 0 || 896: 6575 13690000
           <...>-6575  [004] ...1  1128.328218: do_swap_page: id 5, table 0 || 897: 6575 1369e000
           <...>-8025  [007] ....  1128.328227: read_swap_cache_async: remote readpage 6575 "ScionFrontendAp" 7f2af03000 44e14
           <...>-8025  [007] ....  1128.328228: do_swap_page: prefetch fault 6575 "ScionFrontendAp" 7f2af03000 44e14
           <...>-6575  [004] ...1  1128.328229: do_swap_page: id 5, table 0 || 898: 6575 7ec9be4000
           <...>-6575  [004] ...1  1128.328239: do_swap_page: id 5, table 0 || 899: 6575 1372c000
           <...>-6575  [004] ...1  1128.328246: do_swap_page: id 5, table 0 || 900: 6575 13661000
           <...>-6575  [004] ...1  1128.328256: do_swap_page: id 5, table 0 || 901: 6575 7ebe422000
           <...>-6575  [004] ...1  1128.328263: do_swap_page: id 5, table 0 || 902: 6575 7ebe409000
           <...>-6575  [004] ...1  1128.328270: do_swap_page: id 5, table 0 || 903: 6575 13676000
           <...>-6575  [004] ...1  1128.328281: do_swap_page: id 5, table 0 || 904: 6575 13679000
           <...>-6575  [004] ...1  1128.328290: do_swap_page: id 5, table 0 || 905: 6575 13763000
           <...>-6575  [004] ...1  1128.328296: do_swap_page: id 5, table 0 || 906: 6575 13765000
           <...>-6575  [004] ...1  1128.328304: do_swap_page: id 5, table 0 || 907: 6575 13788000
           <...>-6575  [004] ...1  1128.328311: do_swap_page: id 5, table 0 || 908: 6575 13805000
           <...>-6575  [004] ...1  1128.328319: do_swap_page: id 5, table 0 || 909: 6575 13757000
           <...>-6575  [004] ...1  1128.328328: do_swap_page: id 5, table 0 || 910: 6575 13758000
           <...>-6575  [004] ...1  1128.328336: do_swap_page: id 5, table 0 || 911: 6575 137bd000
           <...>-6575  [004] ...1  1128.328343: do_swap_page: id 5, table 0 || 912: 6575 7ec9be8000
           <...>-6575  [004] ...1  1128.328362: do_swap_page: id 5, table 0 || 913: 6575 7ec9be9000
           <...>-6575  [004] ...1  1128.328374: do_swap_page: id 5, table 0 || 914: 6575 13766000
           <...>-6575  [004] ...1  1128.328394: do_swap_page: id 5, table 0 || 915: 6575 136f8000
           <...>-6575  [004] ...1  1128.328403: do_swap_page: id 5, table 0 || 916: 6575 13704000
           <...>-6575  [004] ...1  1128.328411: do_swap_page: id 5, table 0 || 917: 6575 13705000
           <...>-6575  [004] ...1  1128.328417: do_swap_page: id 5, table 0 || 918: 6575 13707000
           <...>-6575  [004] ...1  1128.328423: do_swap_page: id 5, table 0 || 919: 6575 13709000
           <...>-6575  [004] ...1  1128.328448: do_swap_page: id 5, table 0 || 920: 6575 7ebe404000
           <...>-6575  [004] ...1  1128.328467: do_swap_page: id 5, table 0 || 921: 6575 7ebe4bd000
           <...>-6575  [004] ...1  1128.328475: do_swap_page: id 5, table 0 || 922: 6575 1369a000
           <...>-6575  [004] ...1  1128.328483: do_swap_page: id 5, table 0 || 923: 6575 1368e000
           <...>-6575  [004] ...1  1128.328494: do_swap_page: id 5, table 0 || 924: 6575 13583000
           <...>-6575  [004] ...1  1128.328504: do_swap_page: id 5, table 0 || 925: 6575 7d52b30000
           <...>-6575  [004] ....  1128.328567: read_swap_cache_async: remote readpage 6575 "com.rovio.baba" 7dd2eb1000 40e95
           <...>-6575  [004] ....  1128.328568: do_swap_page: prefetch fault 6575 "com.rovio.baba" 7dd2eb1000 40e95
           <...>-6690  [005] ...1  1128.329954: do_swap_page: id 5, table 0 || 926: 6575 7d91e0b000
           <...>-6690  [005] ....  1128.330064: read_swap_cache_async: remote readpage 6575 "GoogleApiHandle" 7d919ea000 40e91
           <...>-6690  [005] ....  1128.330066: do_swap_page: prefetch fault 6575 "GoogleApiHandle" 7d919ea000 40e91
           <...>-6623  [007] ...1  1128.330068: do_swap_page: id 5, table 0 || 927: 6575 7eca696000
           <...>-6623  [007] ...1  1128.330157: do_swap_page: id 5, table 0 || 928: 6575 13589000
           <...>-6623  [007] ...1  1128.330170: do_swap_page: id 5, table 0 || 929: 6575 13a94000
           <...>-6623  [007] ....  1128.330216: read_swap_cache_async: remote readpage 6575 "pool-3-thread-1" 71847000 40e97
           <...>-6623  [007] ....  1128.330217: do_swap_page: prefetch fault 6575 "pool-3-thread-1" 71847000 40e97
           <...>-8025  [004] ...1  1128.332111: do_swap_page: id 5, table 0 || 930: 6575 7f2af03000
           <...>-6575  [007] ...1  1128.332132: do_swap_page: id 5, table 0 || 931: 6575 7dd2eb1000
           <...>-8025  [004] ...1  1128.332144: do_swap_page: id 5, table 0 || 932: 6575 136b1000
           <...>-8025  [004] ...1  1128.332165: do_swap_page: id 5, table 0 || 933: 6575 136b0000
           <...>-8025  [004] ...1  1128.332177: do_swap_page: id 5, table 0 || 934: 6575 7f296f2000
           <...>-6855  [007] ....  1128.332244: read_swap_cache_async: remote readpage 6575 "GoogleApiHandle" 7d351a4000 40e9f
           <...>-6855  [007] ....  1128.332246: do_swap_page: prefetch fault 6575 "GoogleApiHandle" 7d351a4000 40e9f
           <...>-6690  [007] ...1  1128.332252: do_swap_page: id 5, table 0 || 935: 6575 7d919ea000
           <...>-6690  [007] ....  1128.332262: read_swap_cache_async: remote readpage 6575 "GoogleApiHandle" 7d9016e000 40e92
           <...>-6690  [007] ....  1128.332263: do_swap_page: prefetch fault 6575 "GoogleApiHandle" 7d9016e000 40e92
           <...>-8025  [004] ....  1128.332289: read_swap_cache_async: remote readpage 6575 "ScionFrontendAp" 7f2af05000 3ce9a
           <...>-8025  [004] ....  1128.332291: do_swap_page: prefetch fault 6575 "ScionFrontendAp" 7f2af05000 3ce9a
           <...>-6597  [007] ...1  1128.332309: do_swap_page: id 5, table 0 || 936: 6575 7d4483b000
           <...>-6623  [007] ...1  1128.332337: do_swap_page: id 5, table 0 || 937: 6575 71847000
           <...>-6575  [005] ...1  1128.332373: do_swap_page: id 5, table 0 || 938: 6575 7f2db8b000
           <...>-6623  [007] ....  1128.332381: read_swap_cache_async: remote readpage 6575 "pool-3-thread-1" 7182d000 40e98
           <...>-6623  [007] ....  1128.332382: do_swap_page: prefetch fault 6575 "pool-3-thread-1" 7182d000 40e98
           <...>-6575  [005] ....  1128.332520: read_swap_cache_async: remote readpage 6575 "com.rovio.baba" 7ebf8da000 3cea8
           <...>-6575  [005] ....  1128.332522: do_swap_page: prefetch fault 6575 "com.rovio.baba" 7ebf8da000 3cea8
 .candycrushsaga-5977  [001] ...1  1128.333951: do_swap_page: id 5, table 0 || 939: 5977 7f28ea2000
           <...>-6690  [006] ...1  1128.334869: do_swap_page: id 5, table 0 || 940: 6575 7d9016e000
           <...>-6690  [006] .n..  1128.334913: read_swap_cache_async: remote readpage 6575 "GoogleApiHandle" 7f30ac1000 44e09
           <...>-6690  [006] ....  1128.334960: do_swap_page: prefetch fault 6575 "GoogleApiHandle" 7f30ac1000 44e09
           <...>-8025  [006] ...1  1128.335017: do_swap_page: id 5, table 0 || 941: 6575 7f2af05000
           <...>-6855  [004] ...1  1128.335024: do_swap_page: id 5, table 0 || 942: 6575 7d351a4000
           <...>-8025  [006] ...1  1128.335051: do_swap_page: id 5, table 0 || 943: 6575 7f2af19000
           <...>-8025  [006] ...1  1128.335066: do_swap_page: id 5, table 0 || 944: 6575 13742000
           <...>-6855  [004] ....  1128.335095: read_swap_cache_async: remote readpage 6575 "GoogleApiHandle" 7d351a5000 44e15
           <...>-6855  [004] ....  1128.335097: do_swap_page: prefetch fault 6575 "GoogleApiHandle" 7d351a5000 44e15
           <...>-8025  [006] ....  1128.335136: read_swap_cache_async: remote readpage 6575 "ScionFrontendAp" 718a3000 3ce9e
           <...>-8025  [006] ....  1128.335138: do_swap_page: prefetch fault 6575 "ScionFrontendAp" 718a3000 3ce9e
           <...>-6575  [004] ...1  1128.335144: do_swap_page: id 5, table 0 || 945: 6575 7ebf8da000
           <...>-6623  [005] ...1  1128.335149: do_swap_page: id 5, table 0 || 946: 6575 7182d000
           <...>-6575  [004] ...1  1128.335169: do_swap_page: id 5, table 0 || 947: 6575 135f9000
           <...>-6623  [005] ...1  1128.335171: do_swap_page: id 5, table 0 || 948: 6575 71719000
           <...>-6575  [004] ...1  1128.335179: do_swap_page: id 5, table 0 || 949: 6575 7f2db94000
           <...>-6623  [005] ....  1128.335227: read_swap_cache_async: remote readpage 6575 "pool-3-thread-1" 71830000 40e99
           <...>-6623  [005] ....  1128.335229: do_swap_page: prefetch fault 6575 "pool-3-thread-1" 71830000 40e99
           <...>-6575  [005] ...1  1128.335548: do_swap_page: id 5, table 0 || 950: 6575 7dd2eb4000
           <...>-6575  [005] ...1  1128.335576: do_swap_page: id 5, table 0 || 951: 6575 7ebde97000
 .candycrushsaga-5977  [001] ...1  1128.335860: do_swap_page: id 5, table 0 || 952: 5977 7ead897000
           <...>-6575  [005] ....  1128.335992: read_swap_cache_async: remote readpage 6575 "com.rovio.baba" 7f28b2a000 48e07
           <...>-6575  [005] ....  1128.335994: do_swap_page: prefetch fault 6575 "com.rovio.baba" 7f28b2a000 48e07
           <...>-6690  [006] ...1  1128.337332: do_swap_page: id 5, table 0 || 953: 6575 7f30ac1000
           <...>-6690  [006] ...1  1128.337378: do_swap_page: id 5, table 0 || 954: 6575 7f23319000
           <...>-6690  [006] ....  1128.337467: read_swap_cache_async: remote readpage 6575 "GoogleApiHandle" 7d91e0c000 44e0a
           <...>-6690  [006] ....  1128.337469: do_swap_page: prefetch fault 6575 "GoogleApiHandle" 7d91e0c000 44e0a
           <...>-8025  [006] ...1  1128.337503: do_swap_page: id 5, table 0 || 956: 6575 718a3000
           <...>-6855  [004] ...1  1128.337504: do_swap_page: id 5, table 0 || 955: 6575 7d351a5000
           <...>-6623  [005] ...1  1128.337509: do_swap_page: id 5, table 0 || 957: 6575 71830000
           <...>-6623  [005] ...1  1128.337537: do_swap_page: id 5, table 0 || 958: 6575 135a4000
           <...>-8025  [006] ....  1128.337553: read_swap_cache_async: remote readpage 6575 "ScionFrontendAp" 7f39863000 3cea3
           <...>-8025  [006] ....  1128.337554: do_swap_page: prefetch fault 6575 "ScionFrontendAp" 7f39863000 3cea3
           <...>-6623  [005] ....  1128.337570: read_swap_cache_async: remote readpage 6575 "pool-3-thread-1" 7fbc22e000 40e9a
           <...>-6623  [005] ....  1128.337571: do_swap_page: prefetch fault 6575 "pool-3-thread-1" 7fbc22e000 40e9a
           <...>-6855  [004] ....  1128.337589: read_swap_cache_async: remote readpage 6575 "GoogleApiHandle" 7d52ea5000 44e16
           <...>-6855  [004] ....  1128.337591: do_swap_page: prefetch fault 6575 "GoogleApiHandle" 7d52ea5000 44e16
           <...>-6575  [005] ...1  1128.337970: do_swap_page: id 5, table 0 || 959: 6575 7f28b2a000
           <...>-6575  [005] ....  1128.338020: read_swap_cache_async: remote readpage 6575 "com.rovio.baba" 7f28ed2000 48e08
           <...>-6575  [005] ....  1128.338021: do_swap_page: prefetch fault 6575 "com.rovio.baba" 7f28ed2000 48e08
 .candycrushsaga-5977  [000] ...1  1128.340319: do_swap_page: id 5, table 0 || 960: 5977 9d782000
           <...>-6690  [006] ...1  1128.340757: do_swap_page: id 5, table 0 || 961: 6575 7d91e0c000
           <...>-6690  [006] ...1  1128.340778: do_swap_page: id 5, table 0 || 962: 6575 139a4000
           <...>-6690  [006] ....  1128.340847: read_swap_cache_async: remote readpage 6575 "GoogleApiHandle" 7d9016f000 44e0b
           <...>-6690  [006] ....  1128.340849: do_swap_page: prefetch fault 6575 "GoogleApiHandle" 7d9016f000 44e0b
           <...>-6855  [005] ...1  1128.341021: do_swap_page: id 5, table 0 || 963: 6575 7d52ea5000
           <...>-8025  [006] ...1  1128.341058: do_swap_page: id 5, table 0 || 964: 6575 7f39863000
           <...>-8025  [006] ....  1128.341068: read_swap_cache_async: remote readpage 6575 "ScionFrontendAp" 7f39864000 3cea1
           <...>-8025  [006] ....  1128.341069: do_swap_page: prefetch fault 6575 "ScionFrontendAp" 7f39864000 3cea1
           <...>-6855  [004] ....  1128.341103: read_swap_cache_async: remote readpage 6575 "GoogleApiHandle" 7d53109000 44e17
           <...>-6855  [004] ....  1128.341106: do_swap_page: prefetch fault 6575 "GoogleApiHandle" 7d53109000 44e17
           <...>-6623  [005] ...1  1128.341132: do_swap_page: id 5, table 0 || 965: 6575 7fbc22e000
           <...>-6575  [006] ...1  1128.341140: do_swap_page: id 5, table 0 || 966: 6575 7f28ed2000
           <...>-6623  [005] ...1  1128.341152: do_swap_page: id 5, table 0 || 967: 6575 7fbc216000
           <...>-6623  [005] ...1  1128.341164: do_swap_page: id 5, table 0 || 968: 6575 135a1000
           <...>-6623  [005] ....  1128.341171: read_swap_cache_async: remote readpage 6575 "pool-3-thread-1" 7fbc22b000 44e0d
           <...>-6623  [005] ....  1128.341172: do_swap_page: prefetch fault 6575 "pool-3-thread-1" 7fbc22b000 44e0d
           <...>-6575  [005] ....  1128.341182: read_swap_cache_async: remote readpage 6575 "com.rovio.baba" 7f28b28000 48e09
           <...>-6575  [005] ....  1128.341183: do_swap_page: prefetch fault 6575 "com.rovio.baba" 7f28b28000 48e09
           <...>-6690  [006] ...1  1128.345259: do_swap_page: id 5, table 0 || 969: 6575 7d9016f000
           <...>-6690  [006] ....  1128.345356: read_swap_cache_async: remote readpage 6575 "GoogleApiHandle" 7d9016d000 44e0c
           <...>-6690  [006] ....  1128.345358: do_swap_page: prefetch fault 6575 "GoogleApiHandle" 7d9016d000 44e0c
           <...>-6855  [004] ...1  1128.345803: do_swap_page: id 5, table 0 || 970: 6575 7d53109000
           <...>-6855  [004] ....  1128.345887: read_swap_cache_async: remote readpage 6575 "GoogleApiHandle" 7d351a2000 3cea4
           <...>-6855  [004] ....  1128.345889: do_swap_page: prefetch fault 6575 "GoogleApiHandle" 7d351a2000 3cea4
           <...>-6575  [005] ...1  1128.346026: do_swap_page: id 5, table 0 || 971: 6575 7f28b28000
           <...>-8025  [006] ...1  1128.346029: do_swap_page: id 5, table 0 || 972: 6575 7f39864000
           <...>-6623  [004] ...1  1128.346047: do_swap_page: id 5, table 0 || 973: 6575 7fbc22b000
           <...>-6623  [004] ....  1128.346061: read_swap_cache_async: remote readpage 6575 "pool-3-thread-1" 7fbc22c000 44e0e
           <...>-6623  [004] ....  1128.346062: do_swap_page: prefetch fault 6575 "pool-3-thread-1" 7fbc22c000 44e0e
           <...>-8025  [006] ....  1128.346104: read_swap_cache_async: remote readpage 6575 "ScionFrontendAp" 7fbe308000 48e02
           <...>-8025  [006] ....  1128.346105: do_swap_page: prefetch fault 6575 "ScionFrontendAp" 7fbe308000 48e02
           <...>-6575  [005] ....  1128.346216: read_swap_cache_async: remote readpage 6575 "com.rovio.baba" 7fbe244000 48e0a
           <...>-6575  [005] ....  1128.346218: do_swap_page: prefetch fault 6575 "com.rovio.baba" 7fbe244000 48e0a
           <...>-6690  [004] ...1  1128.348227: do_swap_page: id 5, table 0 || 974: 6575 7d9016d000
           <...>-6855  [005] ...1  1128.348287: do_swap_page: id 5, table 0 || 975: 6575 7d351a2000
           <...>-6855  [005] ....  1128.348317: read_swap_cache_async: remote readpage 6575 "GoogleApiHandle" 7f235bb000 3cea5
           <...>-6855  [005] ....  1128.348318: do_swap_page: prefetch fault 6575 "GoogleApiHandle" 7f235bb000 3cea5
           <...>-8025  [007] ...1  1128.348368: do_swap_page: id 5, table 0 || 976: 6575 7fbe308000
           <...>-6575  [005] ...1  1128.348380: do_swap_page: id 5, table 0 || 977: 6575 7fbe244000
           <...>-6623  [004] ...1  1128.348380: do_swap_page: id 5, table 0 || 978: 6575 7fbc22c000
           <...>-8025  [007] ...1  1128.348411: do_swap_page: id 5, table 0 || 979: 6575 7eb861e000
           <...>-6623  [004] ....  1128.348473: read_swap_cache_async: remote readpage 6575 "pool-3-thread-1" 7fbc228000 44e0f
           <...>-6623  [004] ....  1128.348474: do_swap_page: prefetch fault 6575 "pool-3-thread-1" 7fbc228000 44e0f
           <...>-6690  [004] ....  1128.348477: read_swap_cache_async: remote readpage 6575 "GoogleApiHandle" 7d9c77a000 40e93
           <...>-6690  [004] ....  1128.348478: do_swap_page: prefetch fault 6575 "GoogleApiHandle" 7d9c77a000 40e93
           <...>-6575  [005] ...1  1128.348671: do_swap_page: id 5, table 0 || 980: 6575 13719000
           <...>-6575  [005] ...1  1128.348683: do_swap_page: id 5, table 0 || 981: 6575 1371a000
           <...>-6575  [005] ...1  1128.348696: do_swap_page: id 5, table 0 || 982: 6575 7f2af4d000
           <...>-6575  [005] ...1  1128.348705: do_swap_page: id 5, table 0 || 983: 6575 13723000
           <...>-6575  [005] ....  1128.348761: read_swap_cache_async: remote readpage 6575 "com.rovio.baba" 7f293ea000 40ea0
           <...>-6575  [005] ....  1128.348762: do_swap_page: prefetch fault 6575 "com.rovio.baba" 7f293ea000 40ea0
           <...>-8025  [004] ...1  1128.348877: do_swap_page: id 5, table 0 || 984: 6575 136af000
           <...>-8025  [004] ...1  1128.348895: do_swap_page: id 5, table 0 || 985: 6575 7f2af0f000
           <...>-8025  [004] ...1  1128.348916: do_swap_page: id 5, table 0 || 986: 6575 136a5000
           <...>-8025  [004] ...1  1128.348927: do_swap_page: id 5, table 0 || 987: 6575 7f2af11000
           <...>-8025  [004] ...1  1128.348938: do_swap_page: id 5, table 0 || 988: 6575 13744000
           <...>-8026  [007] ...1  1128.348961: do_swap_page: id 5, table 0 || 989: 6575 7f28dff000
           <...>-8025  [004] ...1  1128.348961: do_swap_page: id 5, table 0 || 990: 6575 13627000
           <...>-8026  [007] ...1  1128.348971: do_swap_page: id 5, table 0 || 991: 6575 7f28e00000
           <...>-8025  [004] ...1  1128.348975: do_swap_page: id 5, table 0 || 992: 6575 7f2af12000
           <...>-8026  [007] ...1  1128.348988: do_swap_page: id 5, table 0 || 993: 6575 1363d000
           <...>-8025  [004] ....  1128.349051: read_swap_cache_async: remote readpage 6575 "ScionFrontendAp" 7eb86cf000 48e0e
           <...>-8025  [004] ....  1128.349053: do_swap_page: prefetch fault 6575 "ScionFrontendAp" 7eb86cf000 48e0e
           <...>-8026  [007] ....  1128.349096: read_swap_cache_async: remote readpage 6575 "Measurement Wor" 7fbb3fe000 48e0b
           <...>-8026  [007] ....  1128.349097: do_swap_page: prefetch fault 6575 "Measurement Wor" 7fbb3fe000 48e0b
           <...>-6690  [005] ...1  1128.350678: do_swap_page: id 5, table 0 || 994: 6575 7d9c77a000
           <...>-6855  [005] ...1  1128.350719: do_swap_page: id 5, table 0 || 995: 6575 7f235bb000
           <...>-6623  [007] ...1  1128.350746: do_swap_page: id 5, table 0 || 996: 6575 7fbc228000
           <...>-6575  [006] ...1  1128.350755: do_swap_page: id 5, table 0 || 997: 6575 7f293ea000
           <...>-6855  [005] ...1  1128.350759: do_swap_page: id 5, table 0 || 998: 6575 7ec9bed000
           <...>-8025  [004] ...1  1128.350762: do_swap_page: id 5, table 0 || 999: 6575 7eb86cf000
           <...>-6623  [007] ....  1128.350769: read_swap_cache_async: remote readpage 6575 "pool-3-thread-1" 7fbc227000 44e10
           <...>-6623  [007] ....  1128.350769: do_swap_page: prefetch fault 6575 "pool-3-thread-1" 7fbc227000 44e10
           <...>-6575  [006] ...1  1128.350774: do_swap_page: id 5, table 0 || 1000: 6575 1371c000
           <...>-6855  [005] ....  1128.350775: read_swap_cache_async: remote readpage 6575 "GoogleApiHandle" 7d52ea6000 3cea6
           <...>-6855  [005] ....  1128.350776: do_swap_page: prefetch fault 6575 "GoogleApiHandle" 7d52ea6000 3cea6
           <...>-8026  [007] ...1  1128.350808: do_swap_page: id 5, table 0 || 1001: 6575 7fbb3fe000
           <...>-8026  [007] ....  1128.350830: read_swap_cache_async: remote readpage 6575 "Measurement Wor" 7fbe1fb000 48e0c
           <...>-8026  [007] ....  1128.350831: do_swap_page: prefetch fault 6575 "Measurement Wor" 7fbe1fb000 48e0c
           <...>-6575  [006] ....  1128.350987: read_swap_cache_async: remote readpage 6575 "com.rovio.baba" 7fbe311000 44e25
           <...>-6575  [006] ....  1128.350988: do_swap_page: prefetch fault 6575 "com.rovio.baba" 7fbe311000 44e25
           <...>-8025  [004] ...1  1128.351362: do_swap_page: id 5, table 0 || 1002: 6575 7f2af16000
           <...>-6623  [005] ...1  1128.353132: do_swap_page: id 5, table 0 || 1003: 6575 7fbc227000
           <...>-6623  [005] ...1  1128.353150: do_swap_page: id 5, table 0 || 1004: 6575 135a2000
           <...>-6855  [004] ...1  1128.353255: do_swap_page: id 5, table 0 || 1005: 6575 7d52ea6000
           <...>-8026  [007] ...1  1128.353258: do_swap_page: id 5, table 0 || 1006: 6575 7fbe1fb000
           <...>-6575  [006] ...1  1128.353269: do_swap_page: id 5, table 0 || 1007: 6575 7fbe311000
           <...>-6575  [006] ....  1128.353287: read_swap_cache_async: remote readpage 6575 "com.rovio.baba" 7fbe310000 44e27
           <...>-6575  [006] ....  1128.353289: do_swap_page: prefetch fault 6575 "com.rovio.baba" 7fbe310000 44e27
           <...>-6623  [005] ....  1128.353316: read_swap_cache_async: remote readpage 6575 "pool-3-thread-1" 7fbc207000 48e00
           <...>-6623  [005] ....  1128.353317: do_swap_page: prefetch fault 6575 "pool-3-thread-1" 7fbc207000 48e00
           <...>-6855  [005] ....  1128.353326: read_swap_cache_async: remote readpage 6575 "GoogleApiHandle" 7d351a3000 3cea7
           <...>-6855  [005] ....  1128.353327: do_swap_page: prefetch fault 6575 "GoogleApiHandle" 7d351a3000 3cea7
           <...>-8026  [007] ...1  1128.353509: do_swap_page: id 5, table 0 || 1008: 6575 136ab000
           <...>-8026  [007] ...1  1128.353529: do_swap_page: id 5, table 0 || 1009: 6575 13624000
           <...>-8026  [007] ...1  1128.353580: do_swap_page: id 5, table 0 || 1010: 6575 7f39850000
           <...>-8026  [007] ...1  1128.353588: do_swap_page: id 5, table 0 || 1011: 6575 7f39869000
           <...>-8026  [007] ...1  1128.353602: do_swap_page: id 5, table 0 || 1012: 6575 7f28d90000
           <...>-8026  [006] ....  1128.353919: read_swap_cache_async: remote readpage 6575 "Measurement Wor" 7f39851000 40ea1
           <...>-8026  [006] ....  1128.353921: do_swap_page: prefetch fault 6575 "Measurement Wor" 7f39851000 40ea1
           <...>-6623  [006] ...1  1128.355498: do_swap_page: id 5, table 0 || 1013: 6575 7fbc207000
           <...>-6623  [006] ...1  1128.355520: do_swap_page: id 5, table 0 || 1014: 6575 7171b000
           <...>-6855  [007] ...1  1128.355522: do_swap_page: id 5, table 0 || 1015: 6575 7d351a3000
           <...>-6575  [007] ...1  1128.355530: do_swap_page: id 5, table 0 || 1016: 6575 7fbe310000
           <...>-6623  [006] ....  1128.355583: read_swap_cache_async: remote readpage 6575 "pool-3-thread-1" 7f28d87000 44e11
           <...>-6623  [006] ....  1128.355584: do_swap_page: prefetch fault 6575 "pool-3-thread-1" 7f28d87000 44e11
           <...>-6855  [007] ....  1128.355685: read_swap_cache_async: remote readpage 6575 "GoogleApiHandle" 7d351a1000 48e05
           <...>-6855  [007] ....  1128.355686: do_swap_page: prefetch fault 6575 "GoogleApiHandle" 7d351a1000 48e05
           <...>-8026  [007] ...1  1128.355691: do_swap_page: id 5, table 0 || 1017: 6575 7f39851000
           <...>-8026  [007] ...1  1128.355705: do_swap_page: id 5, table 0 || 1018: 6575 7f3985b000
           <...>-8026  [007] ...1  1128.355723: do_swap_page: id 5, table 0 || 1019: 6575 7eb85e4000
           <...>-8026  [007] ...1  1128.355772: do_swap_page: id 5, table 0 || 1020: 6575 7f2af15000
           <...>-8026  [007] ...1  1128.355786: do_swap_page: id 5, table 0 || 1021: 6575 136a6000
           <...>-8026  [007] ...1  1128.355807: do_swap_page: id 5, table 0 || 1022: 6575 13745000
           <...>-8026  [007] ...1  1128.355820: do_swap_page: id 5, table 0 || 1023: 6575 7f2af14000
           <...>-8026  [007] ....  1128.355901: read_swap_cache_async: remote readpage 6575 "Measurement Wor" 7f28a7c000 48e13
           <...>-8026  [007] ....  1128.355902: do_swap_page: prefetch fault 6575 "Measurement Wor" 7f28a7c000 48e13
           <...>-6623  [004] ...1  1128.357658: do_swap_page: id 5, table 0 || 1024: 6575 7f28d87000
           <...>-6623  [004] ....  1128.357738: read_swap_cache_async: remote readpage 6575 "pool-3-thread-1" 7f28d88000 44e12
           <...>-6623  [004] ....  1128.357740: do_swap_page: prefetch fault 6575 "pool-3-thread-1" 7f28d88000 44e12
           <...>-8026  [007] ...1  1128.357748: do_swap_page: id 5, table 0 || 1025: 6575 7f28a7c000
           <...>-6855  [006] ...1  1128.357748: do_swap_page: id 5, table 0 || 1026: 6575 7d351a1000
           <...>-6855  [006] ...1  1128.357773: do_swap_page: id 5, table 0 || 1027: 6575 13672000
           <...>-8026  [007] ...1  1128.357787: do_swap_page: id 5, table 0 || 1028: 6575 13629000
           <...>-6855  [006] ...1  1128.357807: do_swap_page: id 5, table 0 || 1029: 6575 1369b000
           <...>-6855  [006] ...1  1128.357833: do_swap_page: id 5, table 0 || 1030: 6575 1369c000
           <...>-6604  [006] ....  1128.357907: read_swap_cache_async: remote readpage 6575 "queued-work-loo" 7ecf2f4000 48e14
           <...>-6604  [006] ....  1128.357908: do_swap_page: prefetch fault 6575 "queued-work-loo" 7ecf2f4000 48e14
           <...>-6855  [006] ....  1128.357930: read_swap_cache_async: remote readpage 6575 "GoogleApiHandle" 7d52e71000 48e06
           <...>-6855  [006] ....  1128.357931: do_swap_page: prefetch fault 6575 "GoogleApiHandle" 7d52e71000 48e06
           <...>-8026  [006] ...1  1128.358186: do_swap_page: id 5, table 0 || 1031: 6575 13639000
           <...>-8026  [006] ...1  1128.358224: do_swap_page: id 5, table 0 || 1032: 6575 13636000
           <...>-8026  [006] ...1  1128.358243: do_swap_page: id 5, table 0 || 1033: 6575 13622000
           <...>-8026  [006] ...1  1128.358359: do_swap_page: id 5, table 0 || 1034: 6575 7f296f3000
           <...>-8026  [006] ....  1128.358453: read_swap_cache_async: remote readpage 6575 "Measurement Wor" 7f289fb000 3ceaf
           <...>-8026  [006] ....  1128.358454: do_swap_page: prefetch fault 6575 "Measurement Wor" 7f289fb000 3ceaf
           <...>-6575  [007] ....  1128.358658: read_swap_cache_async: remote readpage 6575 "com.rovio.baba" 7eb803d000 3ceb2
           <...>-6575  [007] ....  1128.358660: do_swap_page: prefetch fault 6575 "com.rovio.baba" 7eb803d000 3ceb2
           <...>-6623  [004] ...1  1128.360222: do_swap_page: id 5, table 0 || 1035: 6575 7f28d88000
           <...>-6855  [006] ...1  1128.360251: do_swap_page: id 5, table 0 || 1036: 6575 7d52e71000
           <...>-6623  [004] ....  1128.360304: read_swap_cache_async: remote readpage 6575 "pool-3-thread-1" 7fbc229000 44e13
           <...>-6623  [004] ....  1128.360306: do_swap_page: prefetch fault 6575 "pool-3-thread-1" 7fbc229000 44e13
           <...>-6604  [006] ...1  1128.360329: do_swap_page: id 5, table 0 || 1037: 6575 7ecf2f4000
           <...>-8026  [004] ...1  1128.360331: do_swap_page: id 5, table 0 || 1038: 6575 7f289fb000
           <...>-6604  [006] ....  1128.360350: read_swap_cache_async: remote readpage 6575 "queued-work-loo" 7ecf2f5000 48e16
           <...>-6604  [006] ....  1128.360351: do_swap_page: prefetch fault 6575 "queued-work-loo" 7ecf2f5000 48e16
           <...>-8026  [004] ...1  1128.360362: do_swap_page: id 5, table 0 || 1039: 6575 136a1000
           <...>-8026  [004] ...1  1128.360379: do_swap_page: id 5, table 0 || 1040: 6575 7f296f4000
           <...>-8026  [004] ...1  1128.360388: do_swap_page: id 5, table 0 || 1041: 6575 7f29705000
           <...>-8026  [004] ....  1128.360458: read_swap_cache_async: remote readpage 6575 "Measurement Wor" 7d447d4000 48e20
           <...>-8026  [004] ....  1128.360459: do_swap_page: prefetch fault 6575 "Measurement Wor" 7d447d4000 48e20
           <...>-6575  [007] ...1  1128.360488: do_swap_page: id 5, table 0 || 1042: 6575 7eb803d000
           <...>-6575  [007] ....  1128.360585: read_swap_cache_async: remote readpage 6575 "com.rovio.baba" 7f28afb000 3ceb3
           <...>-6575  [007] ....  1128.360587: do_swap_page: prefetch fault 6575 "com.rovio.baba" 7f28afb000 3ceb3
           <...>-6604  [006] ...1  1128.362958: do_swap_page: id 5, table 0 || 1043: 6575 7ecf2f5000
           <...>-6575  [007] ...1  1128.362990: do_swap_page: id 5, table 0 || 1044: 6575 7f28afb000
           <...>-6575  [007] ...1  1128.363016: do_swap_page: id 5, table 0 || 1045: 6575 7f28afc000
           <...>-6604  [006] ....  1128.363022: read_swap_cache_async: remote readpage 6575 "queued-work-loo" 7f2d6b8000 48e17
           <...>-6604  [006] ....  1128.363023: do_swap_page: prefetch fault 6575 "queued-work-loo" 7f2d6b8000 48e17
           <...>-6575  [007] ....  1128.363030: read_swap_cache_async: remote readpage 6575 "com.rovio.baba" 7fbd134000 3ceb4
           <...>-6575  [007] ....  1128.363031: do_swap_page: prefetch fault 6575 "com.rovio.baba" 7fbd134000 3ceb4
           <...>-8026  [006] ...1  1128.363183: do_swap_page: id 5, table 0 || 1046: 6575 7d447d4000
           <...>-6623  [004] ...1  1128.363189: do_swap_page: id 5, table 0 || 1047: 6575 7fbc229000
           <...>-8026  [006] ...1  1128.363200: do_swap_page: id 5, table 0 || 1048: 6575 135af000
           <...>-8026  [006] ...1  1128.363215: do_swap_page: id 5, table 0 || 1049: 6575 7f29706000
           <...>-6623  [004] ...1  1128.363219: do_swap_page: id 5, table 0 || 1050: 6575 7fbc212000
           <...>-8026  [006] ...1  1128.363282: do_swap_page: id 5, table 0 || 1051: 6575 1362a000
           <...>-6623  [004] ....  1128.363286: read_swap_cache_async: remote readpage 6575 "pool-3-thread-1" 7fbc22f000 3ce99
           <...>-6623  [004] ....  1128.363287: do_swap_page: prefetch fault 6575 "pool-3-thread-1" 7fbc22f000 3ce99
           <...>-8026  [006] ...1  1128.363350: do_swap_page: id 5, table 0 || 1052: 6575 7f29707000
           <...>-8026  [006] ....  1128.363414: read_swap_cache_async: remote readpage 6575 "Measurement Wor" 7d447ca000 48e22
           <...>-8026  [006] ....  1128.363416: do_swap_page: prefetch fault 6575 "Measurement Wor" 7d447ca000 48e22
           <...>-6604  [006] ...1  1128.365196: do_swap_page: id 5, table 0 || 1053: 6575 7f2d6b8000
           <...>-6604  [006] ....  1128.365208: read_swap_cache_async: remote readpage 6575 "queued-work-loo" 7f2d61b000 48e18
           <...>-6604  [006] ....  1128.365208: do_swap_page: prefetch fault 6575 "queued-work-loo" 7f2d61b000 48e18
           <...>-6575  [007] ...1  1128.365218: do_swap_page: id 5, table 0 || 1054: 6575 7fbd134000
           <...>-6575  [007] ....  1128.365274: read_swap_cache_async: remote readpage 6575 "com.rovio.baba" 71718000 3ceb5
           <...>-6575  [007] ....  1128.365276: do_swap_page: prefetch fault 6575 "com.rovio.baba" 71718000 3ceb5
           <...>-6623  [004] ...1  1128.365345: do_swap_page: id 5, table 0 || 1055: 6575 7fbc22f000
           <...>-8026  [006] ...1  1128.365363: do_swap_page: id 5, table 0 || 1056: 6575 7d447ca000
           <...>-8026  [006] ...1  1128.365403: do_swap_page: id 5, table 0 || 1057: 6575 13593000
           <...>-6623  [004] ....  1128.365405: read_swap_cache_async: remote readpage 6575 "pool-3-thread-1" 717eb000 3ce9b
           <...>-6623  [004] ....  1128.365406: do_swap_page: prefetch fault 6575 "pool-3-thread-1" 717eb000 3ce9b
           <...>-8026  [006] ...1  1128.365410: do_swap_page: id 5, table 0 || 1058: 6575 1358f000
           <...>-8026  [006] ...1  1128.365416: do_swap_page: id 5, table 0 || 1059: 6575 1358e000
           <...>-8026  [006] ...1  1128.365422: do_swap_page: id 5, table 0 || 1060: 6575 1359a000
           <...>-6604  [004] ...1  1128.367249: do_swap_page: id 5, table 0 || 1061: 6575 7f2d61b000
           <...>-8026  [006] .n..  1128.367259: read_swap_cache_async: remote readpage 6575 "Measurement Wor" 71710000 44e26
           <...>-8026  [006] ....  1128.367263: do_swap_page: prefetch fault 6575 "Measurement Wor" 71710000 44e26
           <...>-6604  [004] ....  1128.367272: read_swap_cache_async: remote readpage 6575 "queued-work-loo" 7f28b91000 48e19
           <...>-6604  [004] ....  1128.367273: do_swap_page: prefetch fault 6575 "queued-work-loo" 7f28b91000 48e19
           <...>-6575  [007] ...1  1128.367277: do_swap_page: id 5, table 0 || 1062: 6575 71718000
           <...>-6575  [007] ....  1128.367293: read_swap_cache_async: remote readpage 6575 "com.rovio.baba" 7fbc202000 3ceb6
           <...>-6575  [007] ....  1128.367294: do_swap_page: prefetch fault 6575 "com.rovio.baba" 7fbc202000 3ceb6
           <...>-6623  [006] ...1  1128.367380: do_swap_page: id 5, table 0 || 1063: 6575 717eb000
           <...>-6623  [006] ....  1128.367454: read_swap_cache_async: remote readpage 6575 "pool-3-thread-1" 7f2336a000 3ce9c
           <...>-6623  [006] ....  1128.367455: do_swap_page: prefetch fault 6575 "pool-3-thread-1" 7f2336a000 3ce9c
           <...>-8026  [006] ...1  1128.369907: do_swap_page: id 5, table 0 || 1064: 6575 71710000
           <...>-6604  [004] ...1  1128.369958: do_swap_page: id 5, table 0 || 1065: 6575 7f28b91000
           <...>-6575  [007] ...1  1128.370002: do_swap_page: id 5, table 0 || 1066: 6575 7fbc202000
           <...>-6623  [004] ...1  1128.370007: do_swap_page: id 5, table 0 || 1067: 6575 7f2336a000
           <...>-6623  [004] ....  1128.370077: read_swap_cache_async: remote readpage 6575 "pool-3-thread-1" 7f235b9000 3ce9d
           <...>-6623  [004] ....  1128.370078: do_swap_page: prefetch fault 6575 "pool-3-thread-1" 7f235b9000 3ce9d
           <...>-6575  [007] ...1  1128.370121: do_swap_page: id 5, table 0 || 1068: 6575 13741000
           <...>-8026  [006] ...1  1128.370147: do_swap_page: id 5, table 0 || 1069: 6575 136b7000
           <...>-8026  [006] ...1  1128.370160: do_swap_page: id 5, table 0 || 1070: 6575 7f2af10000
           <...>-8026  [006] ...1  1128.370166: do_swap_page: id 5, table 0 || 1071: 6575 136b8000
           <...>-8026  [006] ...1  1128.370180: do_swap_page: id 5, table 0 || 1072: 6575 7f29708000
           <...>-8026  [006] ...1  1128.370192: do_swap_page: id 5, table 0 || 1073: 6575 7f2af13000
           <...>-6575  [007] ....  1128.370224: read_swap_cache_async: remote readpage 6575 "com.rovio.baba" 71731000 3ceb7
           <...>-6575  [007] ....  1128.370227: do_swap_page: prefetch fault 6575 "com.rovio.baba" 71731000 3ceb7
           <...>-6597  [004] ...1  1128.371040: do_swap_page: id 5, table 0 || 1074: 6575 7eb7f82000
           <...>-6597  [004] ...1  1128.371056: do_swap_page: id 5, table 0 || 1075: 6575 7fbe307000
           <...>-6623  [004] ...1  1128.372260: do_swap_page: id 5, table 0 || 1076: 6575 7f235b9000
           <...>-6575  [007] ...1  1128.372313: do_swap_page: id 5, table 0 || 1077: 6575 71731000
           <...>-6575  [007] ...1  1128.372349: do_swap_page: id 5, table 0 || 1078: 6575 7eb85eb000
           <...>-6575  [007] ...1  1128.372362: do_swap_page: id 5, table 0 || 1079: 6575 7eb7e61000
           <...>-6575  [007] ...1  1128.372375: do_swap_page: id 5, table 0 || 1080: 6575 7eb82bf000
           <...>-6575  [007] ...1  1128.372382: do_swap_page: id 5, table 0 || 1081: 6575 7eb7e62000
           <...>-6623  [004] ....  1128.372389: read_swap_cache_async: remote readpage 6575 "pool-3-thread-1" 717b6000 3ce9f
           <...>-6623  [004] ....  1128.372391: do_swap_page: prefetch fault 6575 "pool-3-thread-1" 717b6000 3ce9f
           <...>-6575  [007] ....  1128.372432: read_swap_cache_async: remote readpage 6575 "com.rovio.baba" 7d9c879000 3ceb8
           <...>-6575  [007] ....  1128.372433: do_swap_page: prefetch fault 6575 "com.rovio.baba" 7d9c879000 3ceb8
           <...>-6575  [007] ...1  1128.375851: do_swap_page: id 5, table 0 || 1082: 6575 7d9c879000
           <...>-6575  [007] ....  1128.375910: read_swap_cache_async: remote readpage 6575 "com.rovio.baba" 7d9c8f6000 3ceb9
           <...>-6575  [007] ....  1128.375912: do_swap_page: prefetch fault 6575 "com.rovio.baba" 7d9c8f6000 3ceb9
           <...>-6623  [004] ...1  1128.376060: do_swap_page: id 5, table 0 || 1083: 6575 717b6000
           <...>-6623  [004] ....  1128.376153: read_swap_cache_async: remote readpage 6575 "pool-3-thread-1" 7fb9f31000 3cea0
           <...>-6623  [004] ....  1128.376155: do_swap_page: prefetch fault 6575 "pool-3-thread-1" 7fb9f31000 3cea0
           <...>-6575  [005] ...1  1128.377882: do_swap_page: id 5, table 0 || 1084: 6575 7d9c8f6000
           <...>-6575  [005] ....  1128.377917: read_swap_cache_async: remote readpage 6575 "com.rovio.baba" 7f28edd000 48e21
           <...>-6575  [005] ....  1128.377918: do_swap_page: prefetch fault 6575 "com.rovio.baba" 7f28edd000 48e21
           <...>-6623  [004] ...1  1128.378007: do_swap_page: id 5, table 0 || 1085: 6575 7fb9f31000
           <...>-6623  [004] ....  1128.378079: read_swap_cache_async: remote readpage 6575 "pool-3-thread-1" 7fbe211000 3cea2
           <...>-6623  [004] ....  1128.378080: do_swap_page: prefetch fault 6575 "pool-3-thread-1" 7fbe211000 3cea2
           <...>-6575  [005] ...1  1128.379973: do_swap_page: id 5, table 0 || 1086: 6575 7f28edd000
           <...>-6623  [004] ...1  1128.379992: do_swap_page: id 5, table 0 || 1087: 6575 7fbe211000
           <...>-6623  [004] ....  1128.380043: read_swap_cache_async: remote readpage 6575 "pool-3-thread-1" 7f28a80000 48e01
           <...>-6623  [004] ....  1128.380044: do_swap_page: prefetch fault 6575 "pool-3-thread-1" 7f28a80000 48e01
           <...>-6575  [005] ...1  1128.380371: do_swap_page: id 5, table 0 || 1088: 6575 7f28e4b000
           <...>-6575  [005] ....  1128.380461: read_swap_cache_async: remote readpage 6575 "com.rovio.baba" 7eb86ce000 40e96
           <...>-6575  [005] ....  1128.380462: do_swap_page: prefetch fault 6575 "com.rovio.baba" 7eb86ce000 40e96
           <...>-6575  [005] ...1  1128.382586: do_swap_page: id 5, table 0 || 1089: 6575 7eb86ce000
           <...>-6623  [004] ...1  1128.382780: do_swap_page: id 5, table 0 || 1090: 6575 7f28a80000
           <...>-6623  [004] ...1  1128.382835: do_swap_page: id 5, table 0 || 1091: 6575 13a8b000
           <...>-6623  [004] ...1  1128.383109: do_swap_page: id 5, table 0 || 1092: 6575 135d0000
           <...>-6623  [004] ...1  1128.383140: do_swap_page: id 5, table 0 || 1093: 6575 135d1000
           <...>-6623  [004] ...1  1128.383178: do_swap_page: id 5, table 0 || 1094: 6575 135cb000
           <...>-6623  [004] ...1  1128.383190: do_swap_page: id 5, table 0 || 1095: 6575 1399a000
           <...>-6623  [004] ....  1128.383274: read_swap_cache_async: remote readpage 6575 "pool-3-thread-1" 71715000 40e9b
           <...>-6623  [004] ....  1128.383276: do_swap_page: prefetch fault 6575 "pool-3-thread-1" 71715000 40e9b
           <...>-6575  [007] ...1  1128.383279: do_swap_page: id 5, table 0 || 1096: 6575 7eb8932000
           <...>-6575  [007] ....  1128.383447: read_swap_cache_async: remote readpage 6575 "com.rovio.baba" 7eb7a0c000 48e27
           <...>-6575  [007] ....  1128.383449: do_swap_page: prefetch fault 6575 "com.rovio.baba" 7eb7a0c000 48e27
