   Binder:2442_1-2477  [004] .n..  4468.096726: do_swap_page: swapin tgid 2442 2477 "Binder:2442_1" 7fbe165000 491dc 0 1
           <...>-2180  [004] ....  4468.096751: do_swap_page: swapin tgid 1687 2180 "ScreenDecoratio" 9eb2c000 11018 1 1
           <...>-2180  [004] ....  4468.096771: do_swap_page: swapin tgid 1687 2180 "ScreenDecoratio" 9ea6b000 d057 0 1
           <...>-2108  [004] ....  4468.096814: do_swap_page: swapin tgid 2013 2108 "UiThreadHelper" 7287b000 317d4 1 1
           <...>-2108  [004] ....  4468.096824: do_swap_page: swapin tgid 2013 2108 "UiThreadHelper" 12cc1000 2d7b6 1 1
           <...>-2108  [004] ....  4468.096828: do_swap_page: swapin tgid 2013 2108 "UiThreadHelper" 7f2dd57000 4576e 1 1
           <...>-2108  [004] d..2  4468.096831: free_swap_slot: swapfree cache 2d7bb
           <...>-2108  [004] ....  4468.096833: do_swap_page: swapin tgid 2013 2108 "UiThreadHelper" 1325d000 31709 1 1
           <...>-1969  [004] ....  4468.096860: do_swap_page: swapin tgid 1950 1969 "Binder:1950_1" 7fbbd8f000 f10bc 1 1
           <...>-1969  [004] ....  4468.096891: do_swap_page: swapin tgid 1950 1969 "Binder:1950_1" 7fbbbf9000 f10b9 0 1
           <...>-2180  [004] ....  4468.096915: do_swap_page: swapin tgid 1687 2180 "ScreenDecoratio" 9ea6b000 d057 1 1
           <...>-2180  [004] ....  4468.096921: do_swap_page: swapin tgid 1687 2180 "ScreenDecoratio" 13e09000 1782 1 1
           <...>-1876  [004] ....  4468.097036: do_swap_page: swapin tgid 1792 1876 "Binder:1792_3" 133c5000 9104c 1 1
           <...>-1876  [004] ....  4468.097046: do_swap_page: swapin tgid 1792 1876 "Binder:1792_3" 7fbe286000 b4e3d 1 19
           <...>-1876  [004] ....  4468.097049: do_swap_page: swapin tgid 1792 1876 "Binder:1792_3" 7fbe285000 b4e3c 1 19
           <...>-1876  [004] ....  4468.097052: do_swap_page: swapin tgid 1792 1876 "Binder:1792_3" 7f393f6000 990f3 0 1
 m.android.phone-1894  [004] ....  4468.097086: do_swap_page: swapin tgid 1894 1894 "m.android.phone" 146df000 c1031 1 1
 m.android.phone-1894  [004] ....  4468.097109: do_swap_page: swapin tgid 1894 1894 "m.android.phone" 14641000 bd093 0 1
           <...>-2711  [004] ....  4468.097132: do_swap_page: swapin tgid 1880 2711 "Binder:1880_4" 7fbbbf9000 ad0cc 1 1
           <...>-2711  [004] ....  4468.097138: do_swap_page: swapin tgid 1880 2711 "Binder:1880_4" 7f28b19000 2977c 1 1
           <...>-2711  [004] d..2  4468.097141: free_swap_slot: swapfree cache 29781
           <...>-2711  [004] ....  4468.097143: do_swap_page: swapin tgid 1880 2711 "Binder:1880_4" 7f393f5000 ace52 1 17
           <...>-2711  [004] ....  4468.097145: do_swap_page: swapin tgid 1880 2711 "Binder:1880_4" 7fbe23c000 b1078 0 1
           <...>-1969  [004] ....  4468.097211: do_swap_page: swapin tgid 1950 1969 "Binder:1950_1" 7fbbbf9000 f10b9 1 1
           <...>-1969  [004] ....  4468.097216: do_swap_page: swapin tgid 1950 1969 "Binder:1950_1" 7f2d61a000 2d78f 1 1
           <...>-1969  [004] d..2  4468.097219: free_swap_slot: swapfree cache 2d791
           <...>-1969  [004] ....  4468.097239: do_swap_page: swapin tgid 1950 1969 "Binder:1950_1" 7f393f5000 ace52 1 16
           <...>-1969  [004] ....  4468.097241: do_swap_page: swapin tgid 1950 1969 "Binder:1950_1" 7fbe23c000 f505b 0 1
           <...>-2180  [004] ....  4468.097309: do_swap_page: swapin tgid 1687 2180 "ScreenDecoratio" 13fab000 57b8 1 1
           <...>-1876  [004] ....  4468.097423: do_swap_page: swapin tgid 1792 1876 "Binder:1792_3" 7f393f6000 990f3 1 1
           <...>-1876  [004] ....  4468.097429: do_swap_page: swapin tgid 1792 1876 "Binder:1792_3" 7fbe1f8000 2976a 1 1
           <...>-1876  [004] ....  4468.097434: do_swap_page: swapin tgid 1792 1876 "Binder:1792_3" 133c0000 91047 0 1
   Binder:2442_1-2477  [004] ....  4468.097467: do_swap_page: swapin tgid 2442 2477 "Binder:2442_1" 7fbe165000 491dc 1 1
   Binder:2442_1-2477  [004] ....  4468.097472: do_swap_page: swapin tgid 2442 2477 "Binder:2442_1" 7f28b80000 957cf 1 1
   Binder:2442_1-2477  [004] ....  4468.097476: do_swap_page: swapin tgid 2442 2477 "Binder:2442_1" 7fbbd8f000 49189 0 1
 m.android.phone-1894  [004] ....  4468.097501: do_swap_page: swapin tgid 1894 1894 "m.android.phone" 14641000 bd093 1 1
 m.android.phone-1894  [004] ....  4468.097514: do_swap_page: swapin tgid 1894 1894 "m.android.phone" 146cb000 c101d 0 1
           <...>-2711  [004] ....  4468.097553: do_swap_page: swapin tgid 1880 2711 "Binder:1880_4" 7fbe23c000 b1078 1 1
           <...>-2711  [004] ....  4468.097560: do_swap_page: swapin tgid 1880 2711 "Binder:1880_4" 7f31924000 ad084 0 1
           <...>-1969  [004] ....  4468.097596: do_swap_page: swapin tgid 1950 1969 "Binder:1950_1" 7fbe23c000 f505b 1 1
           <...>-1969  [004] ....  4468.097603: do_swap_page: swapin tgid 1950 1969 "Binder:1950_1" 7f31924000 f1071 0 1
   Binder:2442_1-2477  [004] ....  4468.097641: do_swap_page: swapin tgid 2442 2477 "Binder:2442_1" 7fbbd8f000 49189 1 1
   Binder:2442_1-2477  [004] ....  4468.097647: do_swap_page: swapin tgid 2442 2477 "Binder:2442_1" 7fbbbf9000 49185 0 1
 m.android.phone-1894  [004] ....  4468.097690: do_swap_page: swapin tgid 1894 1894 "m.android.phone" 146cb000 c101d 1 1
 m.android.phone-1894  [004] ....  4468.097699: do_swap_page: swapin tgid 1894 1894 "m.android.phone" 72872000 c1072 0 1
           <...>-2711  [004] ....  4468.097721: do_swap_page: swapin tgid 1880 2711 "Binder:1880_4" 7f31924000 ad084 1 1
           <...>-2711  [004] ....  4468.097747: do_swap_page: swapin tgid 1880 2711 "Binder:1880_4" 132c3000 a50f7 0 1
           <...>-1876  [004] ....  4468.097782: do_swap_page: swapin tgid 1792 1876 "Binder:1792_3" 133c0000 91047 1 1
           <...>-1876  [004] ....  4468.097788: do_swap_page: swapin tgid 1792 1876 "Binder:1792_3" 133d5000 29700 1 1
           <...>-1876  [004] d..2  4468.097796: free_swap_slot: swapfree cache 29710
           <...>-1876  [004] ....  4468.097798: do_swap_page: swapin tgid 1792 1876 "Binder:1792_3" 7fbe24e000 9d0e9 0 1
           <...>-2180  [004] ....  4468.097853: do_swap_page: swapin tgid 1687 2180 "ScreenDecoratio" 9e930000 97c9 1 1
           <...>-2180  [004] ....  4468.097873: do_swap_page: swapin tgid 1687 2180 "ScreenDecoratio" 9ea00000 90ec 0 1
           <...>-1969  [004] ....  4468.097900: do_swap_page: swapin tgid 1950 1969 "Binder:1950_1" 7f31924000 f1071 1 1
           <...>-1969  [004] ....  4468.097908: do_swap_page: swapin tgid 1950 1969 "Binder:1950_1" 136c8000 e9036 0 1
   Binder:2442_1-2477  [004] ....  4468.097957: do_swap_page: swapin tgid 2442 2477 "Binder:2442_1" 7fbbbf9000 49185 1 1
   Binder:2442_1-2477  [004] ....  4468.097963: do_swap_page: swapin tgid 2442 2477 "Binder:2442_1" 7f28b18000 957ce 1 1
   Binder:2442_1-2477  [004] d..2  4468.097966: free_swap_slot: swapfree cache 957cf
   Binder:2442_1-2477  [004] ....  4468.097968: do_swap_page: swapin tgid 2442 2477 "Binder:2442_1" 7f393f5000 ace52 1 15
   Binder:2442_1-2477  [004] ....  4468.097970: do_swap_page: swapin tgid 2442 2477 "Binder:2442_1" 7fbe23c000 4d141 0 1
 m.android.phone-1894  [004] ....  4468.097996: do_swap_page: swapin tgid 1894 1894 "m.android.phone" 72872000 c1072 1 1
 m.android.phone-1894  [004] ....  4468.098003: do_swap_page: swapin tgid 1894 1894 "m.android.phone" 7296e000 c10c0 0 1
           <...>-2711  [004] ....  4468.098025: do_swap_page: swapin tgid 1880 2711 "Binder:1880_4" 132c3000 a50f7 1 1
           <...>-2711  [004] ....  4468.098032: do_swap_page: swapin tgid 1880 2711 "Binder:1880_4" 7fbe286000 b4e3d 1 18
           <...>-2711  [004] ....  4468.098035: do_swap_page: swapin tgid 1880 2711 "Binder:1880_4" 7fbe285000 b4e3c 1 18
           <...>-2711  [004] ....  4468.098037: do_swap_page: swapin tgid 1880 2711 "Binder:1880_4" 7f393f6000 ad08f 0 1
           <...>-1876  [004] ....  4468.098062: do_swap_page: swapin tgid 1792 1876 "Binder:1792_3" 7fbe24e000 9d0e9 1 1
           <...>-1876  [004] ....  4468.098072: do_swap_page: swapin tgid 1792 1876 "Binder:1792_3" 7f31732000 29746 1 1
           <...>-1876  [004] d..2  4468.098075: free_swap_slot: swapfree cache 29746
           <...>-1876  [004] ....  4468.098095: do_swap_page: swapin tgid 1792 1876 "Binder:1792_3" 7f2def0000 29740 1 1
           <...>-1876  [004] d..2  4468.098097: free_swap_slot: swapfree cache 29740
           <...>-1876  [004] ....  4468.098099: do_swap_page: swapin tgid 1792 1876 "Binder:1792_3" 12cc2000 257ee 1 1
           <...>-1876  [004] d..2  4468.098101: free_swap_slot: swapfree cache 257ee
           <...>-1876  [004] d..2  4468.098103: free_swap_slot: swapfree cache 29700
           <...>-1876  [004] ....  4468.098105: do_swap_page: swapin tgid 1792 1876 "Binder:1792_3" 7f34f38000 2974a 1 1
           <...>-1876  [004] d..2  4468.098107: free_swap_slot: swapfree cache 2974a
           <...>-1876  [004] ....  4468.098108: do_swap_page: swapin tgid 1792 1876 "Binder:1792_3" 133c4000 257fe 1 1
           <...>-1876  [004] d..2  4468.098109: free_swap_slot: swapfree cache 257fe
           <...>-1876  [004] ....  4468.098112: do_swap_page: swapin tgid 1792 1876 "Binder:1792_3" 7fbe1e7000 9d0c1 0 1
           <...>-1969  [004] ....  4468.098159: do_swap_page: swapin tgid 1950 1969 "Binder:1950_1" 136c8000 e9036 1 1
           <...>-1969  [004] ....  4468.098184: do_swap_page: swapin tgid 1950 1969 "Binder:1950_1" 7fbe286000 b4e3d 1 17
           <...>-1969  [004] ....  4468.098186: do_swap_page: swapin tgid 1950 1969 "Binder:1950_1" 7fbe285000 b4e3c 1 17
           <...>-1969  [004] ....  4468.098188: do_swap_page: swapin tgid 1950 1969 "Binder:1950_1" 7f393f6000 f1080 0 1
 m.android.phone-1894  [004] ....  4468.098267: do_swap_page: swapin tgid 1894 1894 "m.android.phone" 7296e000 c10c0 1 1
 m.android.phone-1894  [004] ....  4468.098274: do_swap_page: swapin tgid 1894 1894 "m.android.phone" 7296f000 9cedf 1 24
 m.android.phone-1894  [004] ....  4468.098277: do_swap_page: swapin tgid 1894 1894 "m.android.phone" 72971000 9cee1 1 25
 m.android.phone-1894  [004] ....  4468.098279: do_swap_page: swapin tgid 1894 1894 "m.android.phone" 72972000 297d4 1 1
 m.android.phone-1894  [004] ....  4468.098307: do_swap_page: swapin tgid 1894 1894 "m.android.phone" 728d0000 9ce40 1 25
 m.android.phone-1894  [004] d..2  4468.098311: free_swap_slot: swapfree cache 297d4
 m.android.phone-1894  [004] ....  4468.098319: do_swap_page: swapin tgid 1894 1894 "m.android.phone" 72974000 9cee4 1 25
 m.android.phone-1894  [004] ....  4468.098324: do_swap_page: swapin tgid 1894 1894 "m.android.phone" 729ca000 c10c7 0 1
           <...>-2180  [004] ....  4468.098352: do_swap_page: swapin tgid 1687 2180 "ScreenDecoratio" 9ea00000 90ec 1 1
           <...>-2180  [004] ....  4468.098362: do_swap_page: swapin tgid 1687 2180 "ScreenDecoratio" 729ec000 9738 1 1
           <...>-2180  [004] d..2  4468.098368: free_swap_slot: swapfree cache 9738
   Binder:2442_1-2477  [004] ....  4468.098478: do_swap_page: swapin tgid 2442 2477 "Binder:2442_1" 7fbe23c000 4d141 1 1
   Binder:2442_1-2477  [004] ....  4468.098485: do_swap_page: swapin tgid 2442 2477 "Binder:2442_1" 7f31924000 4912d 0 1
           <...>-2711  [004] ....  4468.098517: do_swap_page: swapin tgid 1880 2711 "Binder:1880_4" 7f393f6000 ad08f 1 1
           <...>-2711  [004] ....  4468.098522: do_swap_page: swapin tgid 1880 2711 "Binder:1880_4" 7fbe1f8000 b105b 0 1
           <...>-1969  [004] ....  4468.098543: do_swap_page: swapin tgid 1950 1969 "Binder:1950_1" 7f393f6000 f1080 1 1
           <...>-1969  [004] ....  4468.098548: do_swap_page: swapin tgid 1950 1969 "Binder:1950_1" 7fbe1f8000 f5040 0 1
           <...>-1876  [004] ....  4468.098569: do_swap_page: swapin tgid 1792 1876 "Binder:1792_3" 7fbe1e7000 9d0c1 1 1
           <...>-1876  [004] ....  4468.098574: do_swap_page: swapin tgid 1792 1876 "Binder:1792_3" 7fbe17f000 9d0a1 0 1
   Binder:2442_1-2477  [004] ....  4468.098616: do_swap_page: swapin tgid 2442 2477 "Binder:2442_1" 7f31924000 4912d 1 1
   Binder:2442_1-2477  [004] ....  4468.098626: do_swap_page: swapin tgid 2442 2477 "Binder:2442_1" 14045000 31168 0 1
           <...>-2711  [004] ....  4468.098667: do_swap_page: swapin tgid 1880 2711 "Binder:1880_4" 7fbe1f8000 b105b 1 1
           <...>-2711  [004] ....  4468.098693: do_swap_page: swapin tgid 1880 2711 "Binder:1880_4" 12d80000 29775 1 1
           <...>-2711  [004] d..2  4468.098698: free_swap_slot: swapfree cache 2977c
           <...>-2711  [004] ....  4468.098700: do_swap_page: swapin tgid 1880 2711 "Binder:1880_4" 7fbe24e000 b107c 0 1
           <...>-1969  [004] ....  4468.098738: do_swap_page: swapin tgid 1950 1969 "Binder:1950_1" 7fbe1f8000 f5040 1 1
           <...>-1969  [004] ....  4468.098747: do_swap_page: swapin tgid 1950 1969 "Binder:1950_1" 136c0000 e902e 0 1
           <...>-1876  [004] ....  4468.098979: do_swap_page: swapin tgid 1792 1876 "Binder:1792_3" 7fbe17f000 9d0a1 1 1
           <...>-1876  [004] ....  4468.098985: do_swap_page: swapin tgid 1792 1876 "Binder:1792_3" 7fbe20a000 9d0cc 0 1
 m.android.phone-1894  [004] ....  4468.099017: do_swap_page: swapin tgid 1894 1894 "m.android.phone" 729ca000 c10c7 1 1
 m.android.phone-1894  [004] ....  4468.099026: do_swap_page: swapin tgid 1894 1894 "m.android.phone" 72877000 297ce 1 1
 m.android.phone-1894  [004] d..2  4468.099029: free_swap_slot: swapfree cache 297ce
 m.android.phone-1894  [004] ....  4468.099032: do_swap_page: swapin tgid 1894 1894 "m.android.phone" 72902000 9ce72 1 20
 m.android.phone-1894  [004] ....  4468.099034: do_swap_page: swapin tgid 1894 1894 "m.android.phone" 72903000 9ce73 1 24
 m.android.phone-1894  [004] ....  4468.099039: do_swap_page: swapin tgid 1894 1894 "m.android.phone" 728a0000 9ce10 1 24
 m.android.phone-1894  [004] ....  4468.099043: do_swap_page: swapin tgid 1894 1894 "m.android.phone" 72908000 c1089 0 1
           <...>-1969  [004] ....  4468.099065: do_swap_page: swapin tgid 1950 1969 "Binder:1950_1" 136c0000 e902e 1 1
           <...>-1969  [004] ....  4468.099071: do_swap_page: swapin tgid 1950 1969 "Binder:1950_1" 12d40000 2d78b 1 1
           <...>-1969  [004] d..2  4468.099076: free_swap_slot: swapfree cache 2d78f
           <...>-1969  [004] ....  4468.099078: do_swap_page: swapin tgid 1950 1969 "Binder:1950_1" 7fbe24e000 f505f 0 1
   Binder:2442_1-2477  [004] ....  4468.099115: do_swap_page: swapin tgid 2442 2477 "Binder:2442_1" 14045000 31168 1 1
   Binder:2442_1-2477  [004] ....  4468.099123: do_swap_page: swapin tgid 2442 2477 "Binder:2442_1" 7fbe286000 b4e3d 1 16
   Binder:2442_1-2477  [004] ....  4468.099125: do_swap_page: swapin tgid 2442 2477 "Binder:2442_1" 7fbe285000 b4e3c 1 16
   Binder:2442_1-2477  [004] ....  4468.099128: do_swap_page: swapin tgid 2442 2477 "Binder:2442_1" 7f393f6000 49140 0 1
           <...>-2711  [004] ....  4468.099184: do_swap_page: swapin tgid 1880 2711 "Binder:1880_4" 7fbe24e000 b107c 1 1
           <...>-2711  [004] ....  4468.099194: do_swap_page: swapin tgid 1880 2711 "Binder:1880_4" 7f31732000 29783 1 1
           <...>-2711  [004] d..2  4468.099196: free_swap_slot: swapfree cache 29783
           <...>-2711  [004] ....  4468.099216: do_swap_page: swapin tgid 1880 2711 "Binder:1880_4" 7ed0334000 29779 1 1
           <...>-2711  [004] d..2  4468.099218: free_swap_slot: swapfree cache 29779
           <...>-2711  [004] ....  4468.099220: do_swap_page: swapin tgid 1880 2711 "Binder:1880_4" 12d81000 29776 1 1
           <...>-2711  [004] d..2  4468.099221: free_swap_slot: swapfree cache 29776
           <...>-2711  [004] d..2  4468.099223: free_swap_slot: swapfree cache 29775
           <...>-2711  [004] ....  4468.099225: do_swap_page: swapin tgid 1880 2711 "Binder:1880_4" 7f34f37000 29784 1 1
           <...>-2711  [004] d..2  4468.099227: free_swap_slot: swapfree cache 29784
           <...>-2711  [004] ....  4468.099228: do_swap_page: swapin tgid 1880 2711 "Binder:1880_4" 132c2000 29777 1 1
           <...>-2711  [004] d..2  4468.099229: free_swap_slot: swapfree cache 29777
           <...>-2711  [004] ....  4468.099233: do_swap_page: swapin tgid 1880 2711 "Binder:1880_4" 7fbe1e7000 b1055 0 1
           <...>-1876  [004] ....  4468.099271: do_swap_page: swapin tgid 1792 1876 "Binder:1792_3" 7fbe20a000 9d0cc 1 1
           <...>-1876  [004] ....  4468.099279: do_swap_page: swapin tgid 1792 1876 "Binder:1792_3" 7fbbd92000 acea9 1 18
           <...>-1876  [004] ....  4468.099281: do_swap_page: swapin tgid 1792 1876 "Binder:1792_3" 7fbbd8e000 2975a 1 1
           <...>-1876  [004] ....  4468.099286: do_swap_page: swapin tgid 1792 1876 "Binder:1792_3" 7f2895f000 29708 1 1
           <...>-1876  [004] ....  4468.099288: do_swap_page: swapin tgid 1792 1876 "Binder:1792_3" 7f28b1c000 29712 1 1
           <...>-1876  [004] d..2  4468.099290: free_swap_slot: swapfree cache 29708
           <...>-1876  [004] ....  4468.099292: do_swap_page: swapin tgid 1792 1876 "Binder:1792_3" 7fbe1d3000 29767 1 1
           <...>-1876  [004] d..2  4468.099293: free_swap_slot: swapfree cache 29767
           <...>-1876  [004] ....  4468.099298: do_swap_page: swapin tgid 1792 1876 "Binder:1792_3" 7f28d77000 29720 1 1
           <...>-1876  [004] d..2  4468.099299: free_swap_slot: swapfree cache 29720
           <...>-1876  [004] ....  4468.099302: do_swap_page: swapin tgid 1792 1876 "Binder:1792_3" 7f2d146000 29721 1 1
           <...>-1876  [004] ....  4468.099305: do_swap_page: swapin tgid 1792 1876 "Binder:1792_3" 7f39800000 29750 1 1
           <...>-1876  [004] d..2  4468.099308: free_swap_slot: swapfree cache 29712
           <...>-1876  [004] ....  4468.099310: do_swap_page: swapin tgid 1792 1876 "Binder:1792_3" 7f395f0000 990f8 0 1
           <...>-2180  [004] ....  4468.099354: do_swap_page: swapin tgid 1687 2180 "ScreenDecoratio" 729cd000 9726 1 1
           <...>-2180  [004] d..2  4468.099359: free_swap_slot: swapfree cache 9726
           <...>-1969  [004] ....  4468.099466: do_swap_page: swapin tgid 1950 1969 "Binder:1950_1" 7fbe24e000 f505f 1 1
           <...>-1969  [004] ....  4468.099474: do_swap_page: swapin tgid 1950 1969 "Binder:1950_1" 7f31752000 2d798 1 1
           <...>-1969  [004] d..2  4468.099477: free_swap_slot: swapfree cache 2d798
           <...>-1969  [004] ....  4468.099479: do_swap_page: swapin tgid 1950 1969 "Binder:1950_1" 7f2e0ea000 2d796 1 1
           <...>-1969  [004] d..2  4468.099480: free_swap_slot: swapfree cache 2d796
           <...>-1969  [004] ....  4468.099483: do_swap_page: swapin tgid 1950 1969 "Binder:1950_1" 12d99000 2d78c 1 1
           <...>-1969  [004] d..2  4468.099484: free_swap_slot: swapfree cache 2d78c
           <...>-1969  [004] d..2  4468.099485: free_swap_slot: swapfree cache 2d78b
           <...>-1969  [004] ....  4468.099487: do_swap_page: swapin tgid 1950 1969 "Binder:1950_1" 7f34f37000 2d799 1 1
           <...>-1969  [004] d..2  4468.099489: free_swap_slot: swapfree cache 2d799
           <...>-1969  [004] ....  4468.099492: do_swap_page: swapin tgid 1950 1969 "Binder:1950_1" 7fbe1e7000 f5039 0 1
 m.android.phone-1894  [004] ....  4468.099520: do_swap_page: swapin tgid 1894 1894 "m.android.phone" 72908000 c1089 1 1
 m.android.phone-1894  [004] ....  4468.099527: do_swap_page: swapin tgid 1894 1894 "m.android.phone" 728a1000 9ce11 1 24
 m.android.phone-1894  [004] ....  4468.099537: do_swap_page: swapin tgid 1894 1894 "m.android.phone" 72876000 98ee6 1 24
 m.android.phone-1894  [004] ....  4468.099540: do_swap_page: swapin tgid 1894 1894 "m.android.phone" 72921000 c108f 0 1
   Binder:2442_1-2477  [004] ....  4468.099567: do_swap_page: swapin tgid 2442 2477 "Binder:2442_1" 7f393f6000 49140 1 1
   Binder:2442_1-2477  [004] ....  4468.099573: do_swap_page: swapin tgid 2442 2477 "Binder:2442_1" 7fbe1f8000 4d120 0 1
           <...>-2711  [004] ....  4468.099615: do_swap_page: swapin tgid 1880 2711 "Binder:1880_4" 7fbe1e7000 b1055 1 1
           <...>-2711  [004] ....  4468.099620: do_swap_page: swapin tgid 1880 2711 "Binder:1880_4" 7fbe17f000 b1037 0 1
           <...>-2180  [004] ....  4468.099688: do_swap_page: swapin tgid 1687 2180 "ScreenDecoratio" 9e91c000 97bc 1 1
           <...>-2180  [004] ....  4468.099691: do_swap_page: swapin tgid 1687 2180 "ScreenDecoratio" 9eb4d000 11039 0 1
   Binder:2442_1-2477  [004] ....  4468.099748: do_swap_page: swapin tgid 2442 2477 "Binder:2442_1" 7fbe1f8000 4d120 1 1
   Binder:2442_1-2477  [004] ....  4468.099755: do_swap_page: swapin tgid 2442 2477 "Binder:2442_1" 14040000 31163 0 1
           <...>-1969  [004] ....  4468.099777: do_swap_page: swapin tgid 1950 1969 "Binder:1950_1" 7fbe1e7000 f5039 1 1
           <...>-1969  [004] ....  4468.099782: do_swap_page: swapin tgid 1950 1969 "Binder:1950_1" 7fbe17f000 f501d 0 1
 m.android.phone-1894  [004] ....  4468.099805: do_swap_page: swapin tgid 1894 1894 "m.android.phone" 72921000 c108f 1 1
 m.android.phone-1894  [004] ....  4468.099815: do_swap_page: swapin tgid 1894 1894 "m.android.phone" 7fba53c000 2d74d 1 1
 m.android.phone-1894  [004] d..2  4468.099840: free_swap_slot: swapfree cache 2d74d
 m.android.phone-1894  [004] ....  4468.099844: do_swap_page: swapin tgid 1894 1894 "m.android.phone" 7fbe243000 e5011 0 1
           <...>-2711  [004] ....  4468.099881: do_swap_page: swapin tgid 1880 2711 "Binder:1880_4" 7fbe17f000 b1037 1 1
           <...>-2711  [004] ....  4468.099886: do_swap_page: swapin tgid 1880 2711 "Binder:1880_4" 7fbe20a000 b1060 0 1
           <...>-1876  [004] ....  4468.099928: do_swap_page: swapin tgid 1792 1876 "Binder:1792_3" 7f395f0000 990f8 1 1
           <...>-1876  [004] ....  4468.099937: do_swap_page: swapin tgid 1792 1876 "Binder:1792_3" 133c1000 257fd 1 1
           <...>-1876  [004] ....  4468.099939: do_swap_page: swapin tgid 1792 1876 "Binder:1792_3" 133d4000 257ff 1 1
           <...>-1876  [004] d..2  4468.099941: free_swap_slot: swapfree cache 257ff
           <...>-1876  [004] ....  4468.099945: do_swap_page: swapin tgid 1792 1876 "Binder:1792_3" 7f350af000 2974d 1 1
           <...>-1876  [004] d..2  4468.099946: free_swap_slot: swapfree cache 2974d
           <...>-1876  [004] ....  4468.099949: do_swap_page: swapin tgid 1792 1876 "Binder:1792_3" 7287a000 29702 1 1
   Binder:2442_1-2477  [004] ....  4468.099999: do_swap_page: swapin tgid 2442 2477 "Binder:2442_1" 14040000 31163 1 1
   Binder:2442_1-2477  [004] .n..  4468.100025: do_swap_page: swapin tgid 2442 2477 "Binder:2442_1" 12cc0000 957c4 1 1
   Binder:2442_1-2477  [004] d..2  4468.100036: free_swap_slot: swapfree cache 957ce
   Binder:2442_1-2477  [004] ....  4468.100039: do_swap_page: swapin tgid 2442 2477 "Binder:2442_1" 7fbe24e000 4d14a 0 1
           <...>-1969  [004] ....  4468.100066: do_swap_page: swapin tgid 1950 1969 "Binder:1950_1" 7fbe17f000 f501d 1 1
           <...>-1969  [004] ....  4468.100071: do_swap_page: swapin tgid 1950 1969 "Binder:1950_1" 7fbe20a000 f5045 0 1
           <...>-2711  [004] ....  4468.100092: do_swap_page: swapin tgid 1880 2711 "Binder:1880_4" 7fbe20a000 b1060 1 1
           <...>-2711  [004] ....  4468.100099: do_swap_page: swapin tgid 1880 2711 "Binder:1880_4" 7fbbd92000 acea9 1 17
           <...>-2711  [004] ....  4468.100101: do_swap_page: swapin tgid 1880 2711 "Binder:1880_4" 7fbbd8e000 ad0cf 0 1
           <...>-2180  [004] ....  4468.100126: do_swap_page: swapin tgid 1687 2180 "ScreenDecoratio" 9eb4d000 11039 1 1
           <...>-2180  [004] ....  4468.100132: do_swap_page: swapin tgid 1687 2180 "ScreenDecoratio" 9eaea000 d0d6 0 1
 m.android.phone-1894  [004] ....  4468.100190: do_swap_page: swapin tgid 1894 1894 "m.android.phone" 7fbe243000 e5011 1 1
 m.android.phone-1894  [004] ....  4468.100198: do_swap_page: swapin tgid 1894 1894 "m.android.phone" 7fbe211000 e10f0 0 1
           <...>-1969  [004] ....  4468.100237: do_swap_page: swapin tgid 1950 1969 "Binder:1950_1" 7fbe20a000 f5045 1 1
           <...>-1969  [004] ....  4468.100244: do_swap_page: swapin tgid 1950 1969 "Binder:1950_1" 7fbbd92000 acea9 1 16
           <...>-1969  [004] ....  4468.100246: do_swap_page: swapin tgid 1950 1969 "Binder:1950_1" 7fbbd8e000 f10bb 0 1
   Binder:2442_1-2477  [004] ....  4468.100276: do_swap_page: swapin tgid 2442 2477 "Binder:2442_1" 7fbe24e000 4d14a 1 1
   Binder:2442_1-2477  [004] ....  4468.100284: do_swap_page: swapin tgid 2442 2477 "Binder:2442_1" 7f31752000 957d3 1 1
   Binder:2442_1-2477  [004] d..2  4468.100287: free_swap_slot: swapfree cache 957d3
   Binder:2442_1-2477  [004] ....  4468.100289: do_swap_page: swapin tgid 2442 2477 "Binder:2442_1" 7f2e0ea000 957d1 1 1
   Binder:2442_1-2477  [004] d..2  4468.100290: free_swap_slot: swapfree cache 957d1
   Binder:2442_1-2477  [004] ....  4468.100292: do_swap_page: swapin tgid 2442 2477 "Binder:2442_1" 12cc2000 957c5 1 1
   Binder:2442_1-2477  [004] d..2  4468.100293: free_swap_slot: swapfree cache 957c5
   Binder:2442_1-2477  [004] d..2  4468.100294: free_swap_slot: swapfree cache 957c4
   Binder:2442_1-2477  [004] ....  4468.100296: do_swap_page: swapin tgid 2442 2477 "Binder:2442_1" 7f34f37000 957d4 1 1
   Binder:2442_1-2477  [004] d..2  4468.100317: free_swap_slot: swapfree cache 957d4
   Binder:2442_1-2477  [004] ....  4468.100319: do_swap_page: swapin tgid 2442 2477 "Binder:2442_1" 14043000 957c6 1 1
   Binder:2442_1-2477  [004] d..2  4468.100320: free_swap_slot: swapfree cache 957c6
   Binder:2442_1-2477  [004] ....  4468.100324: do_swap_page: swapin tgid 2442 2477 "Binder:2442_1" 7fbe1e7000 4d118 0 1
           <...>-1356  [004] ....  4468.100384: do_swap_page: swapin tgid 1335 1356 "android.ui" 9eb9e000 14cff6 0 1
           <...>-2711  [004] ....  4468.100410: do_swap_page: swapin tgid 1880 2711 "Binder:1880_4" 7fbbd8e000 ad0cf 1 1
           <...>-2711  [004] ....  4468.100416: do_swap_page: swapin tgid 1880 2711 "Binder:1880_4" 7f2db06000 2977e 1 1
           <...>-2711  [004] ....  4468.100417: do_swap_page: swapin tgid 1880 2711 "Binder:1880_4" 7f2db0f000 29780 1 1
           <...>-2711  [004] d..2  4468.100419: free_swap_slot: swapfree cache 2977e
           <...>-2711  [004] ....  4468.100421: do_swap_page: swapin tgid 1880 2711 "Binder:1880_4" 7fbe1d3000 29788 1 1
           <...>-2711  [004] d..2  4468.100422: free_swap_slot: swapfree cache 29788
           <...>-2711  [004] ....  4468.100443: do_swap_page: swapin tgid 1880 2711 "Binder:1880_4" 7f2dafd000 2977d 1 1
           <...>-2711  [004] d..2  4468.100444: free_swap_slot: swapfree cache 2977d
           <...>-2711  [004] ....  4468.100448: do_swap_page: swapin tgid 1880 2711 "Binder:1880_4" 7f2d16d000 a90ff 0 1
           <...>-2180  [004] ....  4468.100473: do_swap_page: swapin tgid 1687 2180 "ScreenDecoratio" 9eaea000 d0d6 1 1
           <...>-2180  [004] ....  4468.100480: do_swap_page: swapin tgid 1687 2180 "ScreenDecoratio" 9e91d000 97bd 1 1
           <...>-2180  [004] ....  4468.100514: do_swap_page: swapin tgid 1687 2180 "ScreenDecoratio" 13e3e000 17b7 1 1
           <...>-2180  [004] d..2  4468.100516: free_swap_slot: swapfree cache 17b7
           <...>-2180  [004] ....  4468.100518: do_swap_page: swapin tgid 1687 2180 "ScreenDecoratio" 13e3f000 17b8 1 1
           <...>-2180  [004] d..2  4468.100520: free_swap_slot: swapfree cache 17b8
           <...>-2180  [004] d..2  4468.100533: free_swap_slot: swapfree cache 117bd
           <...>-2180  [004] ....  4468.100541: do_swap_page: swapin tgid 1687 2180 "ScreenDecoratio" 7f28f0a000 197fa 1 1
           <...>-2180  [004] ....  4468.100587: do_swap_page: swapin tgid 1687 2180 "ScreenDecoratio" 7ebdf8c000 1572b 1 1
    RenderThread-2113  [004] ....  4468.100628: do_swap_page: swapin tgid 1687 2113 "RenderThread" 7ebe07a000 1574c 1 1
 m.android.phone-1894  [004] ....  4468.100715: do_swap_page: swapin tgid 1894 1894 "m.android.phone" 7fbe211000 e10f0 1 1
 m.android.phone-1894  [004] ....  4468.100721: do_swap_page: swapin tgid 1894 1894 "m.android.phone" 7f28a5d000 297fc 1 1
 m.android.phone-1894  [004] ....  4468.100724: do_swap_page: swapin tgid 1894 1894 "m.android.phone" 7f28a54000 a8e56 1 24
 m.android.phone-1894  [004] ....  4468.100728: do_swap_page: swapin tgid 1894 1894 "m.android.phone" 7f28a22000 d5082 0 1
           <...>-1969  [004] ....  4468.100756: do_swap_page: swapin tgid 1950 1969 "Binder:1950_1" 7fbbd8e000 f10bb 1 1
           <...>-1969  [004] ....  4468.100761: do_swap_page: swapin tgid 1950 1969 "Binder:1950_1" 7fbe310000 2d79d 1 1
           <...>-1969  [004] ....  4468.100763: do_swap_page: swapin tgid 1950 1969 "Binder:1950_1" 7fbe311000 2d79e 1 1
           <...>-1969  [004] d..2  4468.100769: free_swap_slot: swapfree cache 2d79d
           <...>-1969  [004] ....  4468.100771: do_swap_page: swapin tgid 1950 1969 "Binder:1950_1" 7f2d686000 2d794 1 1
           <...>-1969  [004] d..2  4468.100772: free_swap_slot: swapfree cache 2d794
           <...>-1969  [004] ....  4468.100775: do_swap_page: swapin tgid 1950 1969 "Binder:1950_1" 7f2d61e000 2d790 1 1
           <...>-1969  [004] d..2  4468.100776: free_swap_slot: swapfree cache 2d790
           <...>-1969  [004] ....  4468.100779: do_swap_page: swapin tgid 1950 1969 "Binder:1950_1" 7f2d16b000 ed03a 0 1
           <...>-1356  [004] ....  4468.100854: do_swap_page: swapin tgid 1335 1356 "android.ui" 9eb9e000 14cff6 1 1
           <...>-1356  [004] ....  4468.100970: do_swap_page: swapin tgid 1335 1356 "android.ui" 7f28b49000 1ed69d 1 1
           <...>-1356  [004] d..2  4468.100974: free_swap_slot: swapfree cache 1ed69d
           <...>-1356  [004] ....  4468.100980: do_swap_page: swapin tgid 1335 1356 "android.ui" 7ed0cff000 1e96ed 1 1
           <...>-1356  [004] d..2  4468.100982: free_swap_slot: swapfree cache 1e96ed
           <...>-1356  [004] ....  4468.101043: do_swap_page: swapin tgid 1335 1356 "android.ui" 7ed0cfe000 1e96ec 1 1
           <...>-1356  [004] d..2  4468.101047: swapcache_free_entries: swapfree direct 957db
           <...>-1356  [004] d..3  4468.101048: swapcache_free_entries: swapfree direct 178f57
           <...>-1356  [004] d..3  4468.101049: swapcache_free_entries: swapfree direct 1c969f
           <...>-1356  [004] d..3  4468.101049: swapcache_free_entries: swapfree direct 1a4fa3
           <...>-1356  [004] d..3  4468.101050: swapcache_free_entries: swapfree direct 1c0f72
           <...>-1356  [004] d..3  4468.101051: swapcache_free_entries: swapfree direct 1c9689
           <...>-1356  [004] d..3  4468.101051: swapcache_free_entries: swapfree direct 1e16d9
           <...>-1356  [004] d..3  4468.101052: swapcache_free_entries: swapfree direct 1e16f5
           <...>-1356  [004] d..3  4468.101052: swapcache_free_entries: swapfree direct 1a4fff
           <...>-1356  [004] d..3  4468.101053: swapcache_free_entries: swapfree direct 1e165c
           <...>-1356  [004] d..3  4468.101053: swapcache_free_entries: swapfree direct 29719
           <...>-1356  [004] d..3  4468.101054: swapcache_free_entries: swapfree direct 2d7bb
           <...>-1356  [004] d..3  4468.101056: swapcache_free_entries: swapfree direct 29781
           <...>-1356  [004] d..3  4468.101056: swapcache_free_entries: swapfree direct 2d791
           <...>-1356  [004] d..3  4468.101057: swapcache_free_entries: swapfree direct 29710
           <...>-1356  [004] d..3  4468.101057: swapcache_free_entries: swapfree direct 957cf
           <...>-1356  [004] d..3  4468.101058: swapcache_free_entries: swapfree direct 29746
           <...>-1356  [004] d..3  4468.101058: swapcache_free_entries: swapfree direct 29740
           <...>-1356  [004] d..3  4468.101058: swapcache_free_entries: swapfree direct 257ee
           <...>-1356  [004] d..3  4468.101059: swapcache_free_entries: swapfree direct 29700
           <...>-1356  [004] d..3  4468.101059: swapcache_free_entries: swapfree direct 2974a
           <...>-1356  [004] d..3  4468.101060: swapcache_free_entries: swapfree direct 257fe
           <...>-1356  [004] d..3  4468.101060: swapcache_free_entries: swapfree direct 297d4
           <...>-1356  [004] d..3  4468.101060: swapcache_free_entries: swapfree direct 9738
           <...>-1356  [004] d..3  4468.101061: swapcache_free_entries: swapfree direct 2977c
           <...>-1356  [004] d..3  4468.101062: swapcache_free_entries: swapfree direct 297ce
           <...>-1356  [004] d..3  4468.101062: swapcache_free_entries: swapfree direct 2d78f
           <...>-1356  [004] d..3  4468.101062: swapcache_free_entries: swapfree direct 29783
           <...>-1356  [004] d..3  4468.101063: swapcache_free_entries: swapfree direct 29779
           <...>-1356  [004] d..3  4468.101063: swapcache_free_entries: swapfree direct 29776
           <...>-1356  [004] d..3  4468.101064: swapcache_free_entries: swapfree direct 29775
           <...>-1356  [004] d..3  4468.101064: swapcache_free_entries: swapfree direct 29784
           <...>-1356  [004] d..3  4468.101064: swapcache_free_entries: swapfree direct 29777
           <...>-1356  [004] d..3  4468.101065: swapcache_free_entries: swapfree direct 29708
           <...>-1356  [004] d..3  4468.101065: swapcache_free_entries: swapfree direct 29767
           <...>-1356  [004] d..3  4468.101066: swapcache_free_entries: swapfree direct 29720
           <...>-1356  [004] d..3  4468.101066: swapcache_free_entries: swapfree direct 29712
           <...>-1356  [004] d..3  4468.101066: swapcache_free_entries: swapfree direct 9726
           <...>-1356  [004] d..3  4468.101067: swapcache_free_entries: swapfree direct 2d798
           <...>-1356  [004] d..3  4468.101067: swapcache_free_entries: swapfree direct 2d796
           <...>-1356  [004] d..3  4468.101067: swapcache_free_entries: swapfree direct 2d78c
           <...>-1356  [004] d..3  4468.101068: swapcache_free_entries: swapfree direct 2d78b
           <...>-1356  [004] d..3  4468.101069: swapcache_free_entries: swapfree direct 2d799
           <...>-1356  [004] d..3  4468.101069: swapcache_free_entries: swapfree direct 2d74d
           <...>-1356  [004] d..3  4468.101070: swapcache_free_entries: swapfree direct 257ff
           <...>-1356  [004] d..3  4468.101070: swapcache_free_entries: swapfree direct 2974d
           <...>-1356  [004] d..3  4468.101070: swapcache_free_entries: swapfree direct 957ce
           <...>-1356  [004] d..3  4468.101071: swapcache_free_entries: swapfree direct 957d3
           <...>-1356  [004] d..3  4468.101071: swapcache_free_entries: swapfree direct 957d1
           <...>-1356  [004] d..3  4468.101072: swapcache_free_entries: swapfree direct 957c5
           <...>-1356  [004] d..3  4468.101072: swapcache_free_entries: swapfree direct 957c4
           <...>-1356  [004] d..3  4468.101072: swapcache_free_entries: swapfree direct 957d4
           <...>-1356  [004] d..3  4468.101073: swapcache_free_entries: swapfree direct 957c6
           <...>-1356  [004] d..3  4468.101073: swapcache_free_entries: swapfree direct 2977e
           <...>-1356  [004] d..3  4468.101073: swapcache_free_entries: swapfree direct 29788
           <...>-1356  [004] d..3  4468.101074: swapcache_free_entries: swapfree direct 2977d
           <...>-1356  [004] d..3  4468.101075: swapcache_free_entries: swapfree direct 17b7
           <...>-1356  [004] d..3  4468.101075: swapcache_free_entries: swapfree direct 17b8
           <...>-1356  [004] d..3  4468.101076: swapcache_free_entries: swapfree direct 117bd
           <...>-1356  [004] d..3  4468.101076: swapcache_free_entries: swapfree direct 2d79d
           <...>-1356  [004] d..3  4468.101077: swapcache_free_entries: swapfree direct 2d794
           <...>-1356  [004] d..3  4468.101077: swapcache_free_entries: swapfree direct 2d790
           <...>-1356  [004] d..3  4468.101077: swapcache_free_entries: swapfree direct 1ed69d
           <...>-1356  [004] d..3  4468.101079: swapcache_free_entries: swapfree direct 1e96ed
           <...>-1356  [004] d..2  4468.101079: free_swap_slot: swapfree cache 1e96ec
           <...>-1356  [004] d..2  4468.101086: free_swap_slot: swapfree cache 1a9657
           <...>-1356  [004] d..2  4468.101098: free_swap_slot: swapfree cache 1e96ee
           <...>-1359  [004] d..2  4468.101121: free_swap_slot: swapfree cache 1e5680
           <...>-1359  [004] d..2  4468.101127: free_swap_slot: swapfree cache 1ed653
           <...>-1359  [004] ....  4468.101130: do_swap_page: swapin tgid 1335 1359 "android.anim" 7ecc61a000 1e5681 1 1
           <...>-1359  [004] ....  4468.101135: do_swap_page: swapin tgid 1335 1359 "android.anim" 7ecc618000 1e567f 1 1
           <...>-1359  [004] d..2  4468.101136: free_swap_slot: swapfree cache 1e567f
           <...>-1359  [004] ....  4468.101141: do_swap_page: swapin tgid 1335 1359 "android.anim" 7ecc617000 1e567e 1 1
           <...>-1359  [004] d..2  4468.101146: free_swap_slot: swapfree cache 1f16d9
           <...>-1359  [004] d..2  4468.101155: free_swap_slot: swapfree cache 1e5681
           <...>-1359  [004] ....  4468.101158: do_swap_page: swapin tgid 1335 1359 "android.anim" 7f28b15000 1ed679 1 1
           <...>-1359  [004] ....  4468.101160: do_swap_page: swapin tgid 1335 1359 "android.anim" 7f28b1f000 1ed683 1 1
           <...>-1359  [004] ....  4468.101162: do_swap_page: swapin tgid 1335 1359 "android.anim" 7f28bd7000 1ed6c2 1 1
           <...>-1359  [004] d..2  4468.101163: free_swap_slot: swapfree cache 1ed683
           <...>-1359  [004] d..2  4468.101167: free_swap_slot: swapfree cache 1ed6c2
           <...>-1359  [004] ....  4468.101170: do_swap_page: swapin tgid 1335 1359 "android.anim" 7fbe166000 1f5695 1 1
           <...>-1359  [004] ....  4468.101173: do_swap_page: swapin tgid 1335 1359 "android.anim" 7ed0caf000 1e96c6 1 1
           <...>-1359  [004] d..2  4468.101174: free_swap_slot: swapfree cache 1e96c6
           <...>-1359  [004] ....  4468.101176: do_swap_page: swapin tgid 1335 1359 "android.anim" 7f28b4b000 1ed69f 1 1
           <...>-1359  [004] d..2  4468.101181: free_swap_slot: swapfree cache 1ed69f
           <...>-1359  [004] d..2  4468.101182: free_swap_slot: swapfree cache 1ed679
           <...>-1359  [004] d..2  4468.101201: free_swap_slot: swapfree cache 1dd60c
           <...>-1359  [004] ....  4468.101210: do_swap_page: swapin tgid 1335 1359 "android.anim" 9ebbb000 150f13 0 1
           <...>-634   [004] d..2  4468.101247: free_swap_slot: swapfree cache 135609
           <...>-2711  [004] ....  4468.101275: do_swap_page: swapin tgid 1880 2711 "Binder:1880_4" 7f2d16d000 a90ff 1 1
           <...>-2711  [004] ....  4468.101281: do_swap_page: swapin tgid 1880 2711 "Binder:1880_4" 7f39800000 ad096 0 1
   Binder:2442_1-2477  [004] ....  4468.101319: do_swap_page: swapin tgid 2442 2477 "Binder:2442_1" 7fbe1e7000 4d118 1 1
   Binder:2442_1-2477  [004] ....  4468.101324: do_swap_page: swapin tgid 2442 2477 "Binder:2442_1" 7fbe17f000 491eb 0 1
           <...>-1359  [004] ....  4468.101366: do_swap_page: swapin tgid 1335 1359 "android.anim" 9ebbb000 150f13 1 1
           <...>-1359  [004] ....  4468.101411: do_swap_page: swapin tgid 1335 1359 "android.anim" 9eb9c000 14cff4 0 1
 m.android.phone-1894  [004] ....  4468.101441: do_swap_page: swapin tgid 1894 1894 "m.android.phone" 7f28a22000 d5082 1 1
 m.android.phone-1894  [004] d..2  4468.101446: free_swap_slot: swapfree cache 297fc
 m.android.phone-1894  [004] ....  4468.101469: do_swap_page: swapin tgid 1894 1894 "m.android.phone" 7fba53b000 dd0ff 0 1
           <...>-1969  [004] ....  4468.101495: do_swap_page: swapin tgid 1950 1969 "Binder:1950_1" 7f2d16b000 ed03a 1 1
           <...>-1969  [004] ....  4468.101501: do_swap_page: swapin tgid 1950 1969 "Binder:1950_1" 7f39800000 f1087 0 1
           <...>-2711  [004] ....  4468.101539: do_swap_page: swapin tgid 1880 2711 "Binder:1880_4" 7f39800000 ad096 1 1
           <...>-2711  [004] d..2  4468.101544: free_swap_slot: swapfree cache 29780
           <...>-2711  [004] ....  4468.101549: do_swap_page: swapin tgid 1880 2711 "Binder:1880_4" 7f395f0000 ad094 0 1
           <...>-1359  [004] ....  4468.101575: do_swap_page: swapin tgid 1335 1359 "android.anim" 9eb9c000 14cff4 1 1
           <...>-1359  [004] ....  4468.101661: do_swap_page: swapin tgid 1335 1359 "android.anim" 7ecc616000 1e567d 1 1
           <...>-1359  [004] d..2  4468.101800: free_swap_slot: swapfree cache 1ad6f6
           <...>-1359  [004] d..2  4468.101854: free_swap_slot: swapfree cache 1ad6f5
           <...>-1359  [004] ....  4468.101891: do_swap_page: swapin tgid 1335 1359 "android.anim" 7e5b064000 1c9697 1 1
           <...>-1359  [004] d..2  4468.101894: free_swap_slot: swapfree cache 1c9697
           <...>-1359  [004] d..2  4468.101896: free_swap_slot: swapfree cache 1e96c1
           <...>-10980 [004] ....  4468.101952: do_swap_page: swapin tgid 1687 10980 "Binder:1687_8" 9e8f1000 97a4 1 1
           <...>-10980 [004] d..2  4468.101963: free_swap_slot: swapfree cache 157ee
           <...>-634   [004] ....  4468.102004: do_swap_page: swapin tgid 600 634 "Binder:600_2" 7fba707000 13567c 1 1
           <...>-634   [004] d..2  4468.102009: free_swap_slot: swapfree cache 13560b
           <...>-634   [004] ....  4468.102015: do_swap_page: swapin tgid 600 634 "Binder:600_2" 7fbc8e2000 60e59 0 1
           <...>-1969  [004] ....  4468.102050: do_swap_page: swapin tgid 1950 1969 "Binder:1950_1" 7f39800000 f1087 1 1
           <...>-1969  [004] d..2  4468.102056: free_swap_slot: swapfree cache 2d79e
           <...>-1969  [004] ....  4468.102063: do_swap_page: swapin tgid 1950 1969 "Binder:1950_1" 136c1000 e902f 0 1
   Binder:2442_1-2477  [004] ....  4468.102086: do_swap_page: swapin tgid 2442 2477 "Binder:2442_1" 7fbe17f000 491eb 1 1
   Binder:2442_1-2477  [004] ....  4468.102092: do_swap_page: swapin tgid 2442 2477 "Binder:2442_1" 7fbe20a000 4d125 0 1
 m.android.phone-1894  [004] ....  4468.102118: do_swap_page: swapin tgid 1894 1894 "m.android.phone" 7fba53b000 dd0ff 1 1
 m.android.phone-1894  [004] ....  4468.102125: do_swap_page: swapin tgid 1894 1894 "m.android.phone" 7f28a7e000 297ff 1 1
 m.android.phone-1894  [004] d..2  4468.102127: free_swap_slot: swapfree cache 297ff
 m.android.phone-1894  [004] ....  4468.102150: do_swap_page: swapin tgid 1894 1894 "m.android.phone" 7f28a04000 297fa 1 1
 m.android.phone-1894  [004] d..2  4468.102151: free_swap_slot: swapfree cache 297fa
 m.android.phone-1894  [004] ....  4468.102158: do_swap_page: swapin tgid 1894 1894 "m.android.phone" 7f28a7f000 2d700 1 1
 m.android.phone-1894  [004] d..2  4468.102159: free_swap_slot: swapfree cache 2d700
 m.android.phone-1894  [004] ....  4468.102161: do_swap_page: swapin tgid 1894 1894 "m.android.phone" 7f28a7d000 297fe 1 1
 m.android.phone-1894  [004] d..2  4468.102162: free_swap_slot: swapfree cache 297fe
 m.android.phone-1894  [004] ....  4468.102189: do_swap_page: swapin tgid 1894 1894 "m.android.phone" 72875000 c1075 0 1
           <...>-634   [004] ....  4468.102220: do_swap_page: swapin tgid 600 634 "Binder:600_2" 7fbc8e2000 60e59 1 1
           <...>-634   [004] d..2  4468.102229: free_swap_slot: swapfree cache 13567c
           <...>-1359  [004] ....  4468.102334: do_swap_page: swapin tgid 1335 1359 "android.anim" 9eb93000 14cfeb 0 1
           <...>-2180  [004] ....  4468.102394: do_swap_page: swapin tgid 1687 2180 "ScreenDecoratio" 13e80000 17b9 1 1
           <...>-2180  [004] d..2  4468.102401: free_swap_slot: swapfree cache 17b9
           <...>-2180  [004] ....  4468.102420: do_swap_page: swapin tgid 1687 2180 "ScreenDecoratio" 7f28987000 a4e91 1 25
           <...>-2180  [004] ....  4468.102426: do_swap_page: swapin tgid 1687 2180 "ScreenDecoratio" 7fbe188000 71048 0 1
   Binder:2442_1-2477  [004] ....  4468.102482: do_swap_page: swapin tgid 2442 2477 "Binder:2442_1" 7fbe20a000 4d125 1 1
   Binder:2442_1-2477  [004] ....  4468.102489: do_swap_page: swapin tgid 2442 2477 "Binder:2442_1" 7fbbd92000 acea9 1 15
   Binder:2442_1-2477  [004] ....  4468.102491: do_swap_page: swapin tgid 2442 2477 "Binder:2442_1" 7fbbd8e000 49188 0 1
           <...>-1359  [004] ....  4468.102518: do_swap_page: swapin tgid 1335 1359 "android.anim" 9eb93000 14cfeb 1 1
           <...>-1359  [004] ....  4468.102560: do_swap_page: swapin tgid 1335 1359 "android.anim" 7e84568000 1d96ff 1 1
           <...>-1359  [004] d..2  4468.102562: free_swap_slot: swapfree cache 1d96ff
           <...>-1359  [004] ....  4468.102572: do_swap_page: swapin tgid 1335 1359 "android.anim" 9eb89000 14cfe1 0 1
           <...>-2711  [004] ....  4468.102609: do_swap_page: swapin tgid 1880 2711 "Binder:1880_4" 7f395f0000 ad094 1 1
           <...>-2711  [004] ....  4468.102617: do_swap_page: swapin tgid 1880 2711 "Binder:1880_4" 132c0000 a50f4 0 1
           <...>-1969  [004] ....  4468.102644: do_swap_page: swapin tgid 1950 1969 "Binder:1950_1" 136c1000 e902f 1 1
           <...>-1969  [004] ....  4468.102649: do_swap_page: swapin tgid 1950 1969 "Binder:1950_1" 136d1000 2d78d 1 1
           <...>-1969  [004] d..2  4468.102651: free_swap_slot: swapfree cache 2d78d
           <...>-1969  [004] ....  4468.102655: do_swap_page: swapin tgid 1950 1969 "Binder:1950_1" 7f350af000 2d79a 1 1
           <...>-1969  [004] d..2  4468.102656: free_swap_slot: swapfree cache 2d79a
           <...>-1969  [004] ....  4468.102659: do_swap_page: swapin tgid 1950 1969 "Binder:1950_1" 7287a000 e9054 0 1
           <...>-2013  [004] ....  4468.102682: do_swap_page: swapin tgid 2013 2013 "droid.launcher3" 7f289cd000 135095 1 1
           <...>-2013  [004] ....  4468.102690: do_swap_page: swapin tgid 2013 2013 "droid.launcher3" 7f28b35000 13900b 0 1
           <...>-1359  [004] ....  4468.102741: do_swap_page: swapin tgid 1335 1359 "android.anim" 9eb89000 14cfe1 1 1
           <...>-1359  [004] ....  4468.102760: do_swap_page: swapin tgid 1335 1359 "android.anim" 7e6c008000 1d5652 1 1
           <...>-1359  [004] d..2  4468.102785: free_swap_slot: swapfree cache 1d5652
           <...>-1359  [004] ....  4468.102802: do_swap_page: swapin tgid 1335 1359 "android.anim" 7e5aff5000 1c9683 1 1
           <...>-1359  [004] ....  4468.102807: do_swap_page: swapin tgid 1335 1359 "android.anim" 7e5eef8000 1d1642 1 1
           <...>-1359  [004] d..2  4468.102809: free_swap_slot: swapfree cache 1d1642
           <...>-1359  [004] ....  4468.102811: do_swap_page: swapin tgid 1335 1359 "android.anim" 7e5ee77000 1d1615 1 1
           <...>-1359  [004] d..2  4468.102813: free_swap_slot: swapfree cache 1c9683
           <...>-1359  [004] ....  4468.102815: do_swap_page: swapin tgid 1335 1359 "android.anim" 7e84351000 1d9695 1 1
           <...>-1359  [004] d..2  4468.102816: free_swap_slot: swapfree cache 1d9695
           <...>-1359  [004] ....  4468.102818: do_swap_page: swapin tgid 1335 1359 "android.anim" 7e84352000 1d9696 1 1
           <...>-1359  [004] d..2  4468.102822: free_swap_slot: swapfree cache 1d9696
           <...>-1359  [004] ....  4468.102826: do_swap_page: swapin tgid 1335 1359 "android.anim" 7f28b20000 1ed684 1 1
           <...>-1359  [004] ....  4468.102846: do_swap_page: swapin tgid 1335 1359 "android.anim" 7e84353000 1d9697 1 1
           <...>-1359  [004] d..2  4468.102849: free_swap_slot: swapfree cache 1d9697
           <...>-1359  [004] d..2  4468.102898: free_swap_slot: swapfree cache 1ed684
           <...>-1359  [004] ....  4468.102903: do_swap_page: swapin tgid 1335 1359 "android.anim" 7f28b34000 1ed690 1 1
           <...>-1359  [004] d..2  4468.102904: free_swap_slot: swapfree cache 1ed690
           <...>-1359  [004] ....  4468.102906: do_swap_page: swapin tgid 1335 1359 "android.anim" 7f28b35000 1ed691 1 1
           <...>-1359  [004] d..2  4468.102907: free_swap_slot: swapfree cache 1ed691
           <...>-1359  [004] d..2  4468.102940: free_swap_slot: swapfree cache 1f9600
           <...>-1359  [004] ....  4468.102958: do_swap_page: swapin tgid 1335 1359 "android.anim" 7ed0a56000 1e5699 1 1
           <...>-1359  [004] d..2  4468.102972: free_swap_slot: swapfree cache 1e567e
           <...>-1359  [004] ....  4468.102998: do_swap_page: swapin tgid 1335 1359 "android.anim" 7ed0c34000 1e968d 1 1
           <...>-1359  [004] d..2  4468.103003: free_swap_slot: swapfree cache 1e968d
           <...>-1359  [004] d..2  4468.103007: free_swap_slot: swapfree cache 1ed688
           <...>-1359  [004] ....  4468.103013: do_swap_page: swapin tgid 1335 1359 "android.anim" 7eb8e74000 1e5607 1 1
           <...>-1359  [004] d..2  4468.103015: free_swap_slot: swapfree cache 1e5607
           <...>-1359  [004] ....  4468.103024: do_swap_page: swapin tgid 1335 1359 "android.anim" 7e5b002000 1c9688 1 1
           <...>-1359  [004] ....  4468.103029: do_swap_page: swapin tgid 1335 1359 "android.anim" 7f28b36000 1ed692 1 1
           <...>-1359  [004] d..2  4468.103030: free_swap_slot: swapfree cache 1ed692
           <...>-1359  [004] ....  4468.103057: do_swap_page: swapin tgid 1335 1359 "android.anim" 7f28b38000 1ed694 1 1
           <...>-1359  [004] d..2  4468.103059: free_swap_slot: swapfree cache 1ed694
           <...>-1359  [004] ....  4468.103064: do_swap_page: swapin tgid 1335 1359 "android.anim" 7eb7c4f000 1dd68a 1 1
           <...>-1359  [004] d..2  4468.103065: free_swap_slot: swapfree cache 1dd68a
           <...>-1359  [004] ....  4468.103069: do_swap_page: swapin tgid 1335 1359 "android.anim" 7eb7c51000 1dd68b 1 1
           <...>-1359  [004] d..2  4468.103070: free_swap_slot: swapfree cache 1dd68b
           <...>-1359  [004] ....  4468.103073: do_swap_page: swapin tgid 1335 1359 "android.anim" 7eb7c52000 1dd68c 1 1
           <...>-1359  [004] d..2  4468.103075: free_swap_slot: swapfree cache 1dd68c
           <...>-1513  [004] d..2  4468.103115: free_swap_slot: swapfree cache 1e16bf
           <...>-2013  [004] ....  4468.103124: do_swap_page: swapin tgid 2013 2013 "droid.launcher3" 7f28b35000 13900b 1 1
           <...>-2013  [004] ....  4468.103130: do_swap_page: swapin tgid 2013 2013 "droid.launcher3" 7f289be000 41762 1 1
           <...>-2013  [004] ....  4468.103136: do_swap_page: swapin tgid 2013 2013 "droid.launcher3" 7f28b14000 41787 1 1
