           <...>-2013  [004] d..2  4468.103164: free_swap_slot: swapfree cache 3178d
           <...>-2013  [004] ....  4468.103168: do_swap_page: swapin tgid 2013 2013 "droid.launcher3" 9e8f7000 3577c 1 1
           <...>-2013  [004] d..2  4468.103185: free_swap_slot: swapfree cache 31793
           <...>-2013  [004] ....  4468.103187: do_swap_page: swapin tgid 2013 2013 "droid.launcher3" 9e904000 35789 1 1
           <...>-2013  [004] ....  4468.103190: do_swap_page: swapin tgid 2013 2013 "droid.launcher3" 9e95b000 10d00b 0 1
           <...>-2711  [004] ....  4468.103242: do_swap_page: swapin tgid 1880 2711 "Binder:1880_4" 132c0000 a50f4 1 1
           <...>-2711  [004] ....  4468.103248: do_swap_page: swapin tgid 1880 2711 "Binder:1880_4" 132c8000 29778 1 1
           <...>-2711  [004] d..2  4468.103250: free_swap_slot: swapfree cache 29778
           <...>-2711  [004] ....  4468.103254: do_swap_page: swapin tgid 1880 2711 "Binder:1880_4" 7f34f38000 29785 1 1
           <...>-2711  [004] d..2  4468.103255: free_swap_slot: swapfree cache 29785
           <...>-2711  [004] ....  4468.103256: do_swap_page: swapin tgid 1880 2711 "Binder:1880_4" 7f350af000 29786 1 1
           <...>-2711  [004] d..2  4468.103257: free_swap_slot: swapfree cache 29786
           <...>-2711  [004] ....  4468.103261: do_swap_page: swapin tgid 1880 2711 "Binder:1880_4" 7287a000 a900d 0 1
   Binder:2442_1-2477  [004] ....  4468.103306: do_swap_page: swapin tgid 2442 2477 "Binder:2442_1" 7fbbd8e000 49188 1 1
   Binder:2442_1-2477  [004] ....  4468.103313: do_swap_page: swapin tgid 2442 2477 "Binder:2442_1" 7fbe306000 957dc 1 1
   Binder:2442_1-2477  [004] ....  4468.103315: do_swap_page: swapin tgid 2442 2477 "Binder:2442_1" 7fbe30f000 957dd 1 1
   Binder:2442_1-2477  [004] d..2  4468.103317: free_swap_slot: swapfree cache 957dc
   Binder:2442_1-2477  [004] ....  4468.103320: do_swap_page: swapin tgid 2442 2477 "Binder:2442_1" 7fbe1d3000 957d8 1 1
   Binder:2442_1-2477  [004] d..2  4468.103321: free_swap_slot: swapfree cache 957d8
   Binder:2442_1-2477  [004] ....  4468.103324: do_swap_page: swapin tgid 2442 2477 "Binder:2442_1" 7fbe1db000 957d9 1 1
   Binder:2442_1-2477  [004] d..2  4468.103325: free_swap_slot: swapfree cache 957d9
   Binder:2442_1-2477  [004] ....  4468.103328: do_swap_page: swapin tgid 2442 2477 "Binder:2442_1" 7f395f0000 49144 0 1
           <...>-2013  [004] ....  4468.103354: do_swap_page: swapin tgid 2013 2013 "droid.launcher3" 9e95b000 10d00b 1 1
           <...>-2013  [004] ....  4468.103360: do_swap_page: swapin tgid 2013 2013 "droid.launcher3" 9e90d000 35792 1 1
           <...>-2013  [004] ....  4468.103395: do_swap_page: swapin tgid 2013 2013 "droid.launcher3" 132ad000 31752 1 1
           <...>-2013  [004] ....  4468.103403: do_swap_page: swapin tgid 2013 2013 "droid.launcher3" 9e8d3000 109083 0 1
           <...>-1969  [004] ....  4468.103443: do_swap_page: swapin tgid 1950 1969 "Binder:1950_1" 7287a000 e9054 1 1
 m.android.phone-1894  [004] ....  4468.103468: do_swap_page: swapin tgid 1894 1894 "m.android.phone" 72875000 c1075 1 1
 m.android.phone-1894  [004] ....  4468.103475: do_swap_page: swapin tgid 1894 1894 "m.android.phone" 7293d000 9cead 1 18
 m.android.phone-1894  [004] ....  4468.103484: do_swap_page: swapin tgid 1894 1894 "m.android.phone" 72878000 c1077 0 1
           <...>-2013  [004] ....  4468.103536: do_swap_page: swapin tgid 2013 2013 "droid.launcher3" 9e8d3000 109083 1 1
           <...>-2013  [004] ....  4468.103548: do_swap_page: swapin tgid 2013 2013 "droid.launcher3" 9e8ad000 3575d 1 1
           <...>-2013  [004] ....  4468.103566: do_swap_page: swapin tgid 2013 2013 "droid.launcher3" 7fbe260000 4972f 1 1
           <...>-2013  [004] ....  4468.103593: do_swap_page: swapin tgid 2013 2013 "droid.launcher3" 9e85d000 3572e 1 1
           <...>-2013  [004] ....  4468.103596: do_swap_page: swapin tgid 2013 2013 "droid.launcher3" 9e909000 3578e 1 1
           <...>-2013  [004] ....  4468.103598: do_swap_page: swapin tgid 2013 2013 "droid.launcher3" 9e95f000 10d00f 0 1
           <...>-2180  [004] ....  4468.103646: do_swap_page: swapin tgid 1687 2180 "ScreenDecoratio" 7fbe188000 71048 1 1
           <...>-2180  [004] ....  4468.103701: do_swap_page: swapin tgid 1687 2180 "ScreenDecoratio" 13e84000 17bd 1 1
           <...>-2180  [004] d..2  4468.103705: free_swap_slot: swapfree cache 17bd
           <...>-2180  [004] d..2  4468.103706: free_swap_slot: swapfree cache 1782
    RenderThread-2113  [004] ....  4468.103778: do_swap_page: swapin tgid 1687 2113 "RenderThread" 7ebe195000 1577e 1 1
           <...>-2013  [004] ....  4468.103845: do_swap_page: swapin tgid 2013 2013 "droid.launcher3" 9e95f000 10d00f 1 1
           <...>-2013  [004] ....  4468.103853: do_swap_page: swapin tgid 2013 2013 "droid.launcher3" 13be9000 31787 1 1
           <...>-2013  [004] d..2  4468.103858: free_swap_slot: swapfree cache 31770
           <...>-2013  [004] ....  4468.103860: do_swap_page: swapin tgid 2013 2013 "droid.launcher3" 9e99e000 10d04e 0 1
           <...>-2711  [004] ....  4468.103886: do_swap_page: swapin tgid 1880 2711 "Binder:1880_4" 7287a000 a900d 1 1
 m.android.phone-1894  [004] ....  4468.103913: do_swap_page: swapin tgid 1894 1894 "m.android.phone" 72878000 c1077 1 1
 m.android.phone-1894  [004] ....  4468.103920: do_swap_page: swapin tgid 1894 1894 "m.android.phone" 72900000 c1087 0 1
   Binder:2442_1-2477  [004] ....  4468.103966: do_swap_page: swapin tgid 2442 2477 "Binder:2442_1" 7f395f0000 49144 1 1
   Binder:2442_1-2477  [004] ....  4468.103972: do_swap_page: swapin tgid 2442 2477 "Binder:2442_1" 7f39800000 49146 0 1
           <...>-2013  [004] ....  4468.103996: do_swap_page: swapin tgid 2013 2013 "droid.launcher3" 9e99e000 10d04e 1 1
           <...>-2013  [004] ....  4468.104002: do_swap_page: swapin tgid 2013 2013 "droid.launcher3" 9e9b5000 10d065 0 1
 m.android.phone-1894  [004] ....  4468.104040: do_swap_page: swapin tgid 1894 1894 "m.android.phone" 72900000 c1087 1 1
 m.android.phone-1894  [004] ....  4468.104057: do_swap_page: swapin tgid 1894 1894 "m.android.phone" 718e8000 c1064 0 1
   Binder:2442_1-2477  [004] ....  4468.104116: do_swap_page: swapin tgid 2442 2477 "Binder:2442_1" 7f39800000 49146 1 1
   Binder:2442_1-2477  [004] d..2  4468.104122: swapcache_free_entries: swapfree direct 1e96ec
   Binder:2442_1-2477  [004] d..3  4468.104123: swapcache_free_entries: swapfree direct 1a9657
   Binder:2442_1-2477  [004] d..3  4468.104124: swapcache_free_entries: swapfree direct 1e96ee
   Binder:2442_1-2477  [004] d..3  4468.104124: swapcache_free_entries: swapfree direct 1e5680
   Binder:2442_1-2477  [004] d..3  4468.104125: swapcache_free_entries: swapfree direct 1ed653
   Binder:2442_1-2477  [004] d..3  4468.104125: swapcache_free_entries: swapfree direct 1e567f
   Binder:2442_1-2477  [004] d..3  4468.104126: swapcache_free_entries: swapfree direct 1f16d9
   Binder:2442_1-2477  [004] d..3  4468.104126: swapcache_free_entries: swapfree direct 1e5681
   Binder:2442_1-2477  [004] d..3  4468.104127: swapcache_free_entries: swapfree direct 1ed683
   Binder:2442_1-2477  [004] d..3  4468.104127: swapcache_free_entries: swapfree direct 1ed6c2
   Binder:2442_1-2477  [004] d..3  4468.104128: swapcache_free_entries: swapfree direct 1e96c6
   Binder:2442_1-2477  [004] d..3  4468.104128: swapcache_free_entries: swapfree direct 1ed69f
   Binder:2442_1-2477  [004] d..3  4468.104129: swapcache_free_entries: swapfree direct 1ed679
   Binder:2442_1-2477  [004] d..3  4468.104129: swapcache_free_entries: swapfree direct 1dd60c
   Binder:2442_1-2477  [004] d..3  4468.104130: swapcache_free_entries: swapfree direct 135609
   Binder:2442_1-2477  [004] d..3  4468.104131: swapcache_free_entries: swapfree direct 297fc
   Binder:2442_1-2477  [004] d..3  4468.104132: swapcache_free_entries: swapfree direct 29780
   Binder:2442_1-2477  [004] d..3  4468.104132: swapcache_free_entries: swapfree direct 1ad6f6
   Binder:2442_1-2477  [004] d..3  4468.104133: swapcache_free_entries: swapfree direct 1ad6f5
   Binder:2442_1-2477  [004] d..3  4468.104133: swapcache_free_entries: swapfree direct 1c9697
   Binder:2442_1-2477  [004] d..3  4468.104133: swapcache_free_entries: swapfree direct 1e96c1
   Binder:2442_1-2477  [004] d..3  4468.104134: swapcache_free_entries: swapfree direct 157ee
   Binder:2442_1-2477  [004] d..3  4468.104135: swapcache_free_entries: swapfree direct 13560b
   Binder:2442_1-2477  [004] d..3  4468.104135: swapcache_free_entries: swapfree direct 2d79e
   Binder:2442_1-2477  [004] d..3  4468.104136: swapcache_free_entries: swapfree direct 297ff
   Binder:2442_1-2477  [004] d..3  4468.104136: swapcache_free_entries: swapfree direct 297fa
   Binder:2442_1-2477  [004] d..3  4468.104137: swapcache_free_entries: swapfree direct 2d700
   Binder:2442_1-2477  [004] d..3  4468.104137: swapcache_free_entries: swapfree direct 297fe
   Binder:2442_1-2477  [004] d..3  4468.104138: swapcache_free_entries: swapfree direct 13567c
   Binder:2442_1-2477  [004] d..3  4468.104138: swapcache_free_entries: swapfree direct 17b9
   Binder:2442_1-2477  [004] d..3  4468.104139: swapcache_free_entries: swapfree direct 1d96ff
   Binder:2442_1-2477  [004] d..3  4468.104140: swapcache_free_entries: swapfree direct 2d78d
   Binder:2442_1-2477  [004] d..3  4468.104140: swapcache_free_entries: swapfree direct 2d79a
   Binder:2442_1-2477  [004] d..3  4468.104141: swapcache_free_entries: swapfree direct 1d5652
   Binder:2442_1-2477  [004] d..3  4468.104141: swapcache_free_entries: swapfree direct 1d1642
   Binder:2442_1-2477  [004] d..3  4468.104142: swapcache_free_entries: swapfree direct 1c9683
   Binder:2442_1-2477  [004] d..3  4468.104142: swapcache_free_entries: swapfree direct 1d9695
   Binder:2442_1-2477  [004] d..3  4468.104142: swapcache_free_entries: swapfree direct 1d9696
   Binder:2442_1-2477  [004] d..3  4468.104143: swapcache_free_entries: swapfree direct 1d9697
   Binder:2442_1-2477  [004] d..3  4468.104143: swapcache_free_entries: swapfree direct 1ed684
   Binder:2442_1-2477  [004] d..3  4468.104144: swapcache_free_entries: swapfree direct 1ed690
   Binder:2442_1-2477  [004] d..3  4468.104144: swapcache_free_entries: swapfree direct 1ed691
   Binder:2442_1-2477  [004] d..3  4468.104144: swapcache_free_entries: swapfree direct 1f9600
   Binder:2442_1-2477  [004] d..3  4468.104146: swapcache_free_entries: swapfree direct 1e567e
   Binder:2442_1-2477  [004] d..3  4468.104146: swapcache_free_entries: swapfree direct 1e968d
   Binder:2442_1-2477  [004] d..3  4468.104147: swapcache_free_entries: swapfree direct 1ed688
   Binder:2442_1-2477  [004] d..3  4468.104147: swapcache_free_entries: swapfree direct 1e5607
   Binder:2442_1-2477  [004] d..3  4468.104148: swapcache_free_entries: swapfree direct 1ed692
   Binder:2442_1-2477  [004] d..3  4468.104148: swapcache_free_entries: swapfree direct 1ed694
   Binder:2442_1-2477  [004] d..3  4468.104148: swapcache_free_entries: swapfree direct 1dd68a
   Binder:2442_1-2477  [004] d..3  4468.104149: swapcache_free_entries: swapfree direct 1dd68b
   Binder:2442_1-2477  [004] d..3  4468.104149: swapcache_free_entries: swapfree direct 1dd68c
   Binder:2442_1-2477  [004] d..3  4468.104149: swapcache_free_entries: swapfree direct 1e16bf
   Binder:2442_1-2477  [004] d..3  4468.104150: swapcache_free_entries: swapfree direct 3178d
   Binder:2442_1-2477  [004] d..3  4468.104150: swapcache_free_entries: swapfree direct 31793
   Binder:2442_1-2477  [004] d..3  4468.104151: swapcache_free_entries: swapfree direct 29778
   Binder:2442_1-2477  [004] d..3  4468.104151: swapcache_free_entries: swapfree direct 29785
   Binder:2442_1-2477  [004] d..3  4468.104151: swapcache_free_entries: swapfree direct 29786
   Binder:2442_1-2477  [004] d..3  4468.104152: swapcache_free_entries: swapfree direct 957dc
   Binder:2442_1-2477  [004] d..3  4468.104152: swapcache_free_entries: swapfree direct 957d8
   Binder:2442_1-2477  [004] d..3  4468.104153: swapcache_free_entries: swapfree direct 957d9
   Binder:2442_1-2477  [004] d..3  4468.104153: swapcache_free_entries: swapfree direct 17bd
   Binder:2442_1-2477  [004] d..3  4468.104153: swapcache_free_entries: swapfree direct 1782
   Binder:2442_1-2477  [004] d..3  4468.104154: swapcache_free_entries: swapfree direct 31770
   Binder:2442_1-2477  [004] d..2  4468.104154: free_swap_slot: swapfree cache 957dd
   Binder:2442_1-2477  [004] ....  4468.104161: do_swap_page: swapin tgid 2442 2477 "Binder:2442_1" 14051000 957c8 1 1
   Binder:2442_1-2477  [004] d..2  4468.104163: free_swap_slot: swapfree cache 957c8
   Binder:2442_1-2477  [004] ....  4468.104166: do_swap_page: swapin tgid 2442 2477 "Binder:2442_1" 7f34f3c000 957d5 1 1
   Binder:2442_1-2477  [004] d..2  4468.104168: free_swap_slot: swapfree cache 957d5
   Binder:2442_1-2477  [004] ....  4468.104170: do_swap_page: swapin tgid 2442 2477 "Binder:2442_1" 7f350af000 957d6 1 1
   Binder:2442_1-2477  [004] dn.2  4468.104194: free_swap_slot: swapfree cache 957d6
   Binder:2442_1-2477  [004] ....  4468.104203: do_swap_page: swapin tgid 2442 2477 "Binder:2442_1" 7287a000 31186 0 1
           <...>-2013  [004] ....  4468.104230: do_swap_page: swapin tgid 2013 2013 "droid.launcher3" 9e9b5000 10d065 1 1
           <...>-2013  [004] ....  4468.104237: do_swap_page: swapin tgid 2013 2013 "droid.launcher3" 9e9ae000 10d05e 0 1
 m.android.phone-1894  [004] ....  4468.104259: do_swap_page: swapin tgid 1894 1894 "m.android.phone" 718e8000 c1064 1 1
 m.android.phone-1894  [004] ....  4468.104272: do_swap_page: swapin tgid 1894 1894 "m.android.phone" 14642000 bd094 0 1
           <...>-2180  [004] ....  4468.104403: do_swap_page: swapin tgid 1687 2180 "ScreenDecoratio" 7ebe1a4000 15781 1 1
           <...>-2180  [004] ....  4468.104408: do_swap_page: swapin tgid 1687 2180 "ScreenDecoratio" 7ebe1f8000 1579a 1 1
           <...>-2180  [004] d..2  4468.104410: free_swap_slot: swapfree cache 1579a
           <...>-2180  [004] d..2  4468.104411: free_swap_slot: swapfree cache 15781
           <...>-2180  [004] ....  4468.104419: do_swap_page: swapin tgid 1687 2180 "ScreenDecoratio" 7ebe1a5000 49040 0 1
           <...>-2013  [004] ....  4468.104448: do_swap_page: swapin tgid 2013 2013 "droid.launcher3" 9e9ae000 10d05e 1 1
           <...>-2013  [004] ....  4468.104454: do_swap_page: swapin tgid 2013 2013 "droid.launcher3" 9e9b4000 10d064 0 1
 m.android.phone-1894  [004] ....  4468.104477: do_swap_page: swapin tgid 1894 1894 "m.android.phone" 14642000 bd094 1 1
 m.android.phone-1894  [004] d..2  4468.104499: free_swap_slot: swapfree cache 297c2
 m.android.phone-1894  [004] d..2  4468.104505: free_swap_slot: swapfree cache 297cc
           <...>-2013  [004] ....  4468.104654: do_swap_page: swapin tgid 2013 2013 "droid.launcher3" 9e9b4000 10d064 1 1
           <...>-2013  [004] ....  4468.104660: do_swap_page: swapin tgid 2013 2013 "droid.launcher3" 9e9ac000 10d05c 0 1
   Binder:2442_1-2477  [004] ....  4468.104685: do_swap_page: swapin tgid 2442 2477 "Binder:2442_1" 7287a000 31186 1 1
           <...>-2180  [004] ....  4468.104726: do_swap_page: swapin tgid 1687 2180 "ScreenDecoratio" 7ebe1a5000 49040 1 1
           <...>-2180  [004] ....  4468.104732: do_swap_page: swapin tgid 1687 2180 "ScreenDecoratio" 7ebe1a6000 15782 1 1
           <...>-2180  [004] d..2  4468.104734: free_swap_slot: swapfree cache 15782
           <...>-2180  [004] ....  4468.104743: do_swap_page: swapin tgid 1687 2180 "ScreenDecoratio" 13e0b000 1784 1 1
           <...>-2013  [004] ....  4468.104776: do_swap_page: swapin tgid 2013 2013 "droid.launcher3" 9e9ac000 10d05c 1 1
           <...>-2013  [004] d..2  4468.104822: free_swap_slot: swapfree cache 31785
           <...>-2013  [004] ....  4468.104829: do_swap_page: swapin tgid 2013 2013 "droid.launcher3" 7eceb3f000 41733 1 1
           <...>-2523  [004] ....  4468.104849: do_swap_page: swapin tgid 2013 2523 "RenderThread" 7f2d71d000 45731 1 1
           <...>-2013  [004] ....  4468.104862: do_swap_page: swapin tgid 2013 2013 "droid.launcher3" 13d5e000 317b2 1 1
           <...>-2013  [004] ....  4468.104865: do_swap_page: swapin tgid 2013 2013 "droid.launcher3" 9e8e8000 3576d 1 1
           <...>-2013  [004] ....  4468.104867: do_swap_page: swapin tgid 2013 2013 "droid.launcher3" 9e993000 10d043 0 1
 m.android.phone-1894  [004] ....  4468.104951: do_swap_page: swapin tgid 1894 1894 "m.android.phone" 7287c000 297d0 1 1
           <...>-2013  [004] ....  4468.104982: do_swap_page: swapin tgid 2013 2013 "droid.launcher3" 9e993000 10d043 1 1
           <...>-2013  [004] ....  4468.104988: do_swap_page: swapin tgid 2013 2013 "droid.launcher3" 9e93f000 1090ef 0 1
 m.android.phone-1894  [004] d..2  4468.105016: free_swap_slot: swapfree cache 297d0
           <...>-2180  [004] ....  4468.105054: do_swap_page: swapin tgid 1687 2180 "ScreenDecoratio" 9e893000 507f 0 1
           <...>-2013  [004] ....  4468.105113: do_swap_page: swapin tgid 2013 2013 "droid.launcher3" 9e93f000 1090ef 1 1
           <...>-2013  [004] ....  4468.105141: do_swap_page: swapin tgid 2013 2013 "droid.launcher3" 9e957000 10d007 0 1
           <...>-1358  [004] ....  4468.105236: do_swap_page: swapin tgid 1335 1358 "android.display" 7e5ee37000 170fe1 0 1
           <...>-2013  [004] ....  4468.105266: do_swap_page: swapin tgid 2013 2013 "droid.launcher3" 9e957000 10d007 1 1
           <...>-2013  [004] ....  4468.105275: do_swap_page: swapin tgid 2013 2013 "droid.launcher3" 9e87e000 35741 1 1
           <...>-2013  [004] ....  4468.105278: do_swap_page: swapin tgid 2013 2013 "droid.launcher3" 9e951000 3579a 1 1
           <...>-2013  [004] ....  4468.105280: do_swap_page: swapin tgid 2013 2013 "droid.launcher3" 9e900000 35785 1 1
           <...>-2013  [004] ....  4468.105283: do_swap_page: swapin tgid 2013 2013 "droid.launcher3" 9e9aa000 10d05a 0 1
           <...>-2180  [004] ....  4468.105322: do_swap_page: swapin tgid 1687 2180 "ScreenDecoratio" 9e893000 507f 1 1
           <...>-2180  [004] ....  4468.105345: do_swap_page: swapin tgid 1687 2180 "ScreenDecoratio" 9e894000 976d 1 1
           <...>-2180  [004] ....  4468.105350: do_swap_page: swapin tgid 1687 2180 "ScreenDecoratio" 9e8e4000 979c 1 1
           <...>-2180  [004] ....  4468.105360: do_swap_page: swapin tgid 1687 2180 "ScreenDecoratio" 13e3d000 17b6 1 1
           <...>-2180  [004] d..2  4468.105362: free_swap_slot: swapfree cache 17b6
           <...>-2180  [004] ....  4468.105364: do_swap_page: swapin tgid 1687 2180 "ScreenDecoratio" 7ebdfe6000 1573c 1 1
           <...>-2180  [004] ....  4468.105368: do_swap_page: swapin tgid 1687 2180 "ScreenDecoratio" 7ebe1bb000 15786 1 1
           <...>-2013  [004] ....  4468.105392: do_swap_page: swapin tgid 2013 2013 "droid.launcher3" 9e9aa000 10d05a 1 1
           <...>-2013  [004] d..2  4468.105405: free_swap_slot: swapfree cache 4579c
           <...>-2013  [004] ....  4468.105419: do_swap_page: swapin tgid 2013 2013 "droid.launcher3" 12e68000 2d7e1 1 1
           <...>-2013  [004] d..2  4468.105422: free_swap_slot: swapfree cache 2d7c5
           <...>-2013  [004] d..2  4468.105423: free_swap_slot: swapfree cache 2d7e1
           <...>-2013  [004] ....  4468.105438: do_swap_page: swapin tgid 2013 2013 "droid.launcher3" 9e8f5000 3577a 1 1
           <...>-2013  [004] ....  4468.105440: do_swap_page: swapin tgid 2013 2013 "droid.launcher3" 9e905000 3578a 1 1
           <...>-2013  [004] ....  4468.105443: do_swap_page: swapin tgid 2013 2013 "droid.launcher3" 9e86e000 35738 1 1
           <...>-2013  [004] ....  4468.105446: do_swap_page: swapin tgid 2013 2013 "droid.launcher3" 9e96e000 1a53fc 0 1
           <...>-2180  [004] d..2  4468.105470: free_swap_slot: swapfree cache 15786
    RenderThread-2113  [004] d..2  4468.105493: free_swap_slot: swapfree cache 1574c
           <...>-2180  [004] d..2  4468.105525: free_swap_slot: swapfree cache 1573c
           <...>-2180  [004] ....  4468.105532: do_swap_page: swapin tgid 1687 2180 "ScreenDecoratio" 7f289f2000 1972d 1 1
           <...>-2180  [004] d..2  4468.105534: free_swap_slot: swapfree cache 1972d
           <...>-2180  [004] ....  4468.105545: do_swap_page: swapin tgid 1687 2180 "ScreenDecoratio" 7fbe238000 2177e 1 1
           <...>-1513  [004] d..2  4468.105623: free_swap_slot: swapfree cache 1dd620
           <...>-1513  [004] ....  4468.105646: do_swap_page: swapin tgid 1335 1513 "Binder:1335_4" 7eb8dbf000 1e16ba 1 1
           <...>-1513  [004] d..2  4468.105649: free_swap_slot: swapfree cache 1e16ba
           <...>-1513  [004] d..2  4468.105677: free_swap_slot: swapfree cache 1dd623
           <...>-1513  [004] ....  4468.105753: do_swap_page: swapin tgid 1335 1513 "Binder:1335_4" 9eb9a000 14cff2 0 1
           <...>-2013  [004] ....  4468.105782: do_swap_page: swapin tgid 2013 2013 "droid.launcher3" 9e96e000 1a53fc 1 1
           <...>-2013  [004] ....  4468.105792: do_swap_page: swapin tgid 2013 2013 "droid.launcher3" 9e968000 10d018 0 1
           <...>-1358  [004] ....  4468.105833: do_swap_page: swapin tgid 1335 1358 "android.display" 7e5ee37000 170fe1 1 1
           <...>-1358  [004] ....  4468.105907: do_swap_page: swapin tgid 1335 1358 "android.display" 7e5ee38000 15d47f 0 1
           <...>-2013  [004] ....  4468.105936: do_swap_page: swapin tgid 2013 2013 "droid.launcher3" 9e968000 10d018 1 1
           <...>-2013  [004] ....  4468.105946: do_swap_page: swapin tgid 2013 2013 "droid.launcher3" 13bed000 3178a 1 1
           <...>-2013  [004] ....  4468.105957: do_swap_page: swapin tgid 2013 2013 "droid.launcher3" 9e8d6000 109086 0 1
           <...>-2484  [004] ....  4468.106009: do_swap_page: swapin tgid 2460 2484 "Binder:2460_1" 7f28a4e000 957e4 1 1
           <...>-2484  [004] d..2  4468.106012: free_swap_slot: swapfree cache 957e4
           <...>-2484  [004] ....  4468.106018: do_swap_page: swapin tgid 2460 2484 "Binder:2460_1" 7f2e0eb000 957e8 1 1
           <...>-2484  [004] d..2  4468.106019: free_swap_slot: swapfree cache 957e8
           <...>-2484  [004] ....  4468.106023: do_swap_page: swapin tgid 2460 2484 "Binder:2460_1" 7f2e0ec000 5512e 0 1
           <...>-1513  [004] ....  4468.106052: do_swap_page: swapin tgid 1335 1513 "Binder:1335_4" 9eb9a000 14cff2 1 1
           <...>-1513  [004] ....  4468.106257: do_swap_page: swapin tgid 1335 1513 "Binder:1335_4" 7e5eec7000 1d1638 1 1
           <...>-1513  [004] d..2  4468.106260: free_swap_slot: swapfree cache 1d1638
           <...>-1513  [004] ....  4468.106267: do_swap_page: swapin tgid 1335 1513 "Binder:1335_4" 7e5eec4000 1d1636 1 1
           <...>-1513  [004] d..2  4468.106268: free_swap_slot: swapfree cache 1d1636
           <...>-1513  [004] ....  4468.106270: do_swap_page: swapin tgid 1335 1513 "Binder:1335_4" 7e5eec5000 1d1637 1 1
           <...>-1513  [004] d..2  4468.106271: free_swap_slot: swapfree cache 1d1637
           <...>-1513  [004] ....  4468.106275: do_swap_page: swapin tgid 1335 1513 "Binder:1335_4" 7e5eec8000 1d1639 1 1
           <...>-1513  [004] d..2  4468.106276: free_swap_slot: swapfree cache 1d1639
           <...>-1513  [004] ....  4468.106281: do_swap_page: swapin tgid 1335 1513 "Binder:1335_4" 7e66e46000 1d16c3 1 1
           <...>-1513  [004] d..2  4468.106282: free_swap_slot: swapfree cache 1d16c3
           <...>-1513  [004] ....  4468.106286: do_swap_page: swapin tgid 1335 1513 "Binder:1335_4" 7e66e47000 1d16c4 1 1
           <...>-1513  [004] d..2  4468.106287: free_swap_slot: swapfree cache 1d16c4
           <...>-1513  [004] d..2  4468.106308: free_swap_slot: swapfree cache 1d168c
           <...>-1513  [004] ....  4468.106318: do_swap_page: swapin tgid 1335 1513 "Binder:1335_4" 7e5eeae000 15d49b 1 1
           <...>-1513  [004] d..2  4468.106321: free_swap_slot: swapfree cache 15d49b
           <...>-1513  [004] ....  4468.106325: do_swap_page: swapin tgid 1335 1513 "Binder:1335_4" 7e5eeaf000 1b1585 1 1
           <...>-1513  [004] d..2  4468.106326: free_swap_slot: swapfree cache 1b1585
           <...>-1513  [004] ....  4468.106330: do_swap_page: swapin tgid 1335 1513 "Binder:1335_4" 7eb7f1f000 1e1668 1 1
           <...>-1513  [004] ....  4468.106332: do_swap_page: swapin tgid 1335 1513 "Binder:1335_4" 7eb8daf000 1e16b3 1 1
           <...>-1513  [004] d..2  4468.106333: free_swap_slot: swapfree cache 1e16b3
           <...>-1513  [004] ....  4468.106351: do_swap_page: swapin tgid 1335 1513 "Binder:1335_4" 7f2d795000 181434 1 1
           <...>-1513  [004] d..2  4468.106353: free_swap_slot: swapfree cache 181434
           <...>-1513  [004] d..2  4468.106362: free_swap_slot: swapfree cache 1f56cc
           <...>-1513  [004] ....  4468.106366: do_swap_page: swapin tgid 1335 1513 "Binder:1335_4" 7f2d6fb000 1f163a 1 1
           <...>-1513  [004] d..2  4468.106371: free_swap_slot: swapfree cache 1f163a
           <...>-1513  [004] ....  4468.106376: do_swap_page: swapin tgid 1335 1513 "Binder:1335_4" 7eb8d2e000 1e1696 1 1
           <...>-1513  [004] d..2  4468.106377: free_swap_slot: swapfree cache 1e1696
           <...>-1513  [004] ....  4468.106384: do_swap_page: swapin tgid 1335 1513 "Binder:1335_4" 7e5edbb000 1cd6ee 1 1
           <...>-1513  [004] d..2  4468.106385: free_swap_slot: swapfree cache 1cd6ee
           <...>-1513  [004] ....  4468.106398: do_swap_page: swapin tgid 1335 1513 "Binder:1335_4" 7e5ee0c000 15d46b 1 1
           <...>-1513  [004] d..2  4468.106399: free_swap_slot: swapfree cache 15d46b
           <...>-2484  [004] ....  4468.106452: do_swap_page: swapin tgid 2460 2484 "Binder:2460_1" 7f2e0ec000 5512e 1 1
           <...>-2484  [004] ....  4468.106458: do_swap_page: swapin tgid 2460 2484 "Binder:2460_1" 7f289fc000 957e3 1 1
           <...>-2484  [004] ....  4468.106462: do_swap_page: swapin tgid 2460 2484 "Binder:2460_1" 7fbe180000 957ed 1 1
           <...>-2484  [004] d..2  4468.106465: free_swap_slot: swapfree cache 957e3
           <...>-2484  [004] d..2  4468.106466: free_swap_slot: swapfree cache 957ed
           <...>-2484  [004] ....  4468.106472: do_swap_page: swapin tgid 2460 2484 "Binder:2460_1" 7fbe22b000 957f0 1 1
           <...>-2484  [004] ....  4468.106476: do_swap_page: swapin tgid 2460 2484 "Binder:2460_1" 7f28ac2000 511a5 0 1
           <...>-634   [004] ....  4468.106557: do_swap_page: swapin tgid 600 634 "Binder:600_2" 7faa725000 12d6fe 1 1
           <...>-634   [004] d..2  4468.106560: free_swap_slot: swapfree cache 12d6fe
           <...>-634   [004] d..2  4468.106579: free_swap_slot: swapfree cache 12d6c6
           <...>-634   [004] d..2  4468.106582: free_swap_slot: swapfree cache 1356fa
           <...>-634   [004] ....  4468.106592: do_swap_page: swapin tgid 600 634 "Binder:600_2" 7fa7fc1000 12d69a 1 1
           <...>-634   [004] ....  4468.106600: do_swap_page: swapin tgid 600 634 "Binder:600_2" 7fbe173000 139610 1 1
           <...>-634   [004] d..2  4468.106602: free_swap_slot: swapfree cache 139610
           <...>-634   [004] .n..  4468.106638: do_swap_page: swapin tgid 600 634 "Binder:600_2" 7fb79cf000 58e5c 0 1
           <...>-2484  [004] ....  4468.106663: do_swap_page: swapin tgid 2460 2484 "Binder:2460_1" 7f28ac2000 511a5 1 1
           <...>-2484  [004] ....  4468.106669: do_swap_page: swapin tgid 2460 2484 "Binder:2460_1" 7f289d3000 957e2 1 1
           <...>-2484  [004] d..2  4468.106671: free_swap_slot: swapfree cache 957e2
           <...>-2484  [004] d..2  4468.106672: free_swap_slot: swapfree cache 957f0
           <...>-2484  [004] ....  4468.106676: do_swap_page: swapin tgid 2460 2484 "Binder:2460_1" 7fbd2a3000 551b0 0 1
           <...>-2013  [004] ....  4468.106704: do_swap_page: swapin tgid 2013 2013 "droid.launcher3" 9e8d6000 109086 1 1
           <...>-2013  [004] ....  4468.106712: do_swap_page: swapin tgid 2013 2013 "droid.launcher3" 9e952000 3579b 1 1
           <...>-2013  [004] d..2  4468.106715: free_swap_slot: swapfree cache 3177b
           <...>-2013  [004] ....  4468.106727: do_swap_page: swapin tgid 2013 2013 "droid.launcher3" 9e8e4000 35769 1 1
           <...>-2013  [004] ....  4468.106748: do_swap_page: swapin tgid 2013 2013 "droid.launcher3" 9e8d5000 109085 0 1
           <...>-2108  [004] ....  4468.106783: do_swap_page: swapin tgid 2013 2108 "UiThreadHelper" 9e8cd000 10907d 0 1
           <...>-2484  [004] ....  4468.106823: do_swap_page: swapin tgid 2460 2484 "Binder:2460_1" 7fbd2a3000 551b0 1 1
           <...>-2484  [004] ....  4468.106831: do_swap_page: swapin tgid 2460 2484 "Binder:2460_1" 7fbe2f3000 957f1 1 1
           <...>-2484  [004] d..2  4468.106837: free_swap_slot: swapfree cache 957f1
           <...>-2484  [004] ....  4468.106840: do_swap_page: swapin tgid 2460 2484 "Binder:2460_1" 7fbe241000 59130 0 1
           <...>-634   [004] ....  4468.106881: do_swap_page: swapin tgid 600 634 "Binder:600_2" 7fb79cf000 58e5c 1 1
           <...>-634   [004] d..2  4468.106939: free_swap_slot: swapfree cache 12d6c2
           <...>-634   [004] ....  4468.106943: do_swap_page: swapin tgid 600 634 "Binder:600_2" 7faa726000 12d6ff 1 1
           <...>-634   [004] d..2  4468.106945: free_swap_slot: swapfree cache 12d6ff
           <...>-634   [004] ....  4468.106950: do_swap_page: swapin tgid 600 634 "Binder:600_2" 7faa65f000 12d6c4 1 1
           <...>-634   [004] d..2  4468.106951: free_swap_slot: swapfree cache 12d6c4
           <...>-634   [004] d..2  4468.106968: free_swap_slot: swapfree cache 135619
           <...>-634   [004] ....  4468.106970: do_swap_page: swapin tgid 600 634 "Binder:600_2" 7fba6df000 13566a 1 1
           <...>-634   [004] d..2  4468.106972: free_swap_slot: swapfree cache 13566a
           <...>-634   [004] d..2  4468.106977: free_swap_slot: swapfree cache 1316ea
           <...>-634   [004] ....  4468.106980: do_swap_page: swapin tgid 600 634 "Binder:600_2" 7fb7794000 1316b9 1 1
           <...>-634   [004] d..2  4468.106982: free_swap_slot: swapfree cache 1316b9
           <...>-634   [004] d..2  4468.106986: free_swap_slot: swapfree cache 12d6a9
           <...>-634   [004] ....  4468.106990: do_swap_page: swapin tgid 600 634 "Binder:600_2" 7faa7a9000 13163a 1 1
           <...>-2484  [004] ....  4468.107040: do_swap_page: swapin tgid 2460 2484 "Binder:2460_1" 7fbe241000 59130 1 1
           <...>-2484  [004] ....  4468.107047: do_swap_page: swapin tgid 2460 2484 "Binder:2460_1" 7fbe1e9000 5910f 0 1
           <...>-2108  [004] ....  4468.107070: do_swap_page: swapin tgid 2013 2108 "UiThreadHelper" 9e8cd000 10907d 1 1
           <...>-2108  [004] ....  4468.107076: do_swap_page: swapin tgid 2013 2108 "UiThreadHelper" 9e9a4000 10d054 0 1
           <...>-2013  [004] ....  4468.107096: do_swap_page: swapin tgid 2013 2013 "droid.launcher3" 9e8d5000 109085 1 1
           <...>-2013  [004] ....  4468.107099: do_swap_page: swapin tgid 2013 2013 "droid.launcher3" 9e99c000 10d04c 0 1
           <...>-2484  [004] ....  4468.107164: do_swap_page: swapin tgid 2460 2484 "Binder:2460_1" 7fbe1e9000 5910f 1 1
           <...>-2484  [004] ....  4468.107172: do_swap_page: swapin tgid 2460 2484 "Binder:2460_1" 7f393f7000 5515e 0 1
           <...>-2108  [004] ....  4468.107223: do_swap_page: swapin tgid 2013 2108 "UiThreadHelper" 9e9a4000 10d054 1 1
           <...>-2484  [004] ....  4468.107322: do_swap_page: swapin tgid 2460 2484 "Binder:2460_1" 7f393f7000 5515e 1 1
           <...>-2484  [004] ....  4468.107328: do_swap_page: swapin tgid 2460 2484 "Binder:2460_1" 7fbe165000 551e4 0 1
           <...>-2013  [004] ....  4468.107349: do_swap_page: swapin tgid 2013 2013 "droid.launcher3" 9e99c000 10d04c 1 1
           <...>-2013  [004] ....  4468.107354: do_swap_page: swapin tgid 2013 2013 "droid.launcher3" 9e94e000 1090fe 0 1
           <...>-1513  [004] d..2  4468.107397: free_swap_slot: swapfree cache 1e1668
           <...>-1513  [004] ....  4468.107495: do_swap_page: swapin tgid 1335 1513 "Binder:1335_4" 9ebcf000 150f27 0 1
           <...>-2484  [004] ....  4468.107519: do_swap_page: swapin tgid 2460 2484 "Binder:2460_1" 7fbe165000 551e4 1 1
           <...>-2484  [004] ....  4468.107524: do_swap_page: swapin tgid 2460 2484 "Binder:2460_1" 7f28b80000 957e6 1 1
           <...>-2484  [004] ....  4468.107528: do_swap_page: swapin tgid 2460 2484 "Binder:2460_1" 7fbbd8f000 55199 0 1
           <...>-2013  [004] ....  4468.107578: do_swap_page: swapin tgid 2013 2013 "droid.launcher3" 9e94e000 1090fe 1 1
           <...>-2013  [004] ....  4468.107583: do_swap_page: swapin tgid 2013 2013 "droid.launcher3" 9e8ce000 10907e 0 1
           <...>-2484  [004] ....  4468.107664: do_swap_page: swapin tgid 2460 2484 "Binder:2460_1" 7fbbd8f000 55199 1 1
           <...>-2484  [004] ....  4468.107671: do_swap_page: swapin tgid 2460 2484 "Binder:2460_1" 7fbbbf9000 55196 0 1
           <...>-1513  [004] ....  4468.107697: do_swap_page: swapin tgid 1335 1513 "Binder:1335_4" 9ebcf000 150f27 1 1
           <...>-2506  [004] d..2  4468.107808: free_swap_slot: swapfree cache 1a4fa5
           <...>-2484  [004] ....  4468.107817: do_swap_page: swapin tgid 2460 2484 "Binder:2460_1" 7fbbbf9000 55196 1 1
           <...>-2484  [004] ....  4468.107822: do_swap_page: swapin tgid 2460 2484 "Binder:2460_1" 7f28b18000 957e5 1 1
           <...>-2484  [004] d..2  4468.107825: free_swap_slot: swapfree cache 957e6
           <...>-2484  [004] ....  4468.107828: do_swap_page: swapin tgid 2460 2484 "Binder:2460_1" 7f393f5000 ace52 1 14
           <...>-2484  [004] ....  4468.107830: do_swap_page: swapin tgid 2460 2484 "Binder:2460_1" 7fbe23c000 5912f 0 1
           <...>-10980 [004] ....  4468.107987: do_swap_page: swapin tgid 1687 10980 "Binder:1687_8" 9e97e000 906a 0 1
           <...>-2484  [004] ....  4468.108018: do_swap_page: swapin tgid 2460 2484 "Binder:2460_1" 7fbe23c000 5912f 1 1
           <...>-2484  [004] ....  4468.108025: do_swap_page: swapin tgid 2460 2484 "Binder:2460_1" 7f31924000 5514c 0 1
           <...>-1359  [004] d..2  4468.108191: free_swap_slot: swapfree cache 1f56a0
           <...>-10980 [004] ....  4468.108297: do_swap_page: swapin tgid 1687 10980 "Binder:1687_8" 9e97e000 906a 1 1
           <...>-10980 [004] ....  4468.108307: do_swap_page: swapin tgid 1687 10980 "Binder:1687_8" 9e976000 9062 0 1
           <...>-2484  [004] ....  4468.108335: do_swap_page: swapin tgid 2460 2484 "Binder:2460_1" 7f31924000 5514c 1 1
           <...>-2484  [004] ....  4468.108344: do_swap_page: swapin tgid 2460 2484 "Binder:2460_1" 146c4000 51109 0 1
           <...>-2013  [004] ....  4468.108391: do_swap_page: swapin tgid 2013 2013 "droid.launcher3" 9e8ce000 10907e 1 1
           <...>-2013  [004] d..2  4468.108399: free_swap_slot: swapfree cache 3176d
           <...>-2013  [004] ....  4468.108400: do_swap_page: swapin tgid 2013 2013 "droid.launcher3" 9e8d9000 109089 0 1
           <...>-10980 [004] ....  4468.108439: do_swap_page: swapin tgid 1687 10980 "Binder:1687_8" 9e976000 9062 1 1
           <...>-10980 [004] ....  4468.108445: do_swap_page: swapin tgid 1687 10980 "Binder:1687_8" 9eb29000 11015 0 1
           <...>-2484  [004] ....  4468.108486: do_swap_page: swapin tgid 2460 2484 "Binder:2460_1" 146c4000 51109 1 1
           <...>-2484  [004] ....  4468.108495: do_swap_page: swapin tgid 2460 2484 "Binder:2460_1" 7fbe286000 b4e3d 1 15
           <...>-2484  [004] ....  4468.108498: do_swap_page: swapin tgid 2460 2484 "Binder:2460_1" 7fbe285000 b4e3c 1 15
           <...>-2484  [004] ....  4468.108501: do_swap_page: swapin tgid 2460 2484 "Binder:2460_1" 7f393f6000 5515d 0 1
           <...>-2013  [004] ....  4468.108538: do_swap_page: swapin tgid 2013 2013 "droid.launcher3" 9e8d9000 109089 1 1
           <...>-2013  [004] ....  4468.108543: do_swap_page: swapin tgid 2013 2013 "droid.launcher3" 9e996000 10d046 0 1
           <...>-1513  [004] ....  4468.108625: do_swap_page: swapin tgid 1335 1513 "Binder:1335_4" 7eb8f46000 1e564a 1 1
           <...>-1513  [004] d..2  4468.108631: free_swap_slot: swapfree cache 1e564a
           <...>-1513  [004] ....  4468.108634: do_swap_page: swapin tgid 1335 1513 "Binder:1335_4" 7eb8f47000 1714ca 1 1
           <...>-1513  [004] d..2  4468.108635: swapcache_free_entries: swapfree direct 957dd
           <...>-1513  [004] d..3  4468.108636: swapcache_free_entries: swapfree direct 957c8
           <...>-1513  [004] d..3  4468.108636: swapcache_free_entries: swapfree direct 957d5
           <...>-1513  [004] d..3  4468.108637: swapcache_free_entries: swapfree direct 957d6
           <...>-1513  [004] d..3  4468.108637: swapcache_free_entries: swapfree direct 1579a
           <...>-1513  [004] d..3  4468.108638: swapcache_free_entries: swapfree direct 15781
           <...>-1513  [004] d..3  4468.108638: swapcache_free_entries: swapfree direct 297c2
           <...>-1513  [004] d..3  4468.108638: swapcache_free_entries: swapfree direct 297cc
           <...>-1513  [004] d..3  4468.108639: swapcache_free_entries: swapfree direct 15782
           <...>-1513  [004] d..3  4468.108639: swapcache_free_entries: swapfree direct 31785
           <...>-1513  [004] d..3  4468.108640: swapcache_free_entries: swapfree direct 297d0
           <...>-1513  [004] d..3  4468.108640: swapcache_free_entries: swapfree direct 17b6
           <...>-1513  [004] d..3  4468.108641: swapcache_free_entries: swapfree direct 4579c
           <...>-1513  [004] d..3  4468.108642: swapcache_free_entries: swapfree direct 2d7c5
           <...>-1513  [004] d..3  4468.108642: swapcache_free_entries: swapfree direct 2d7e1
           <...>-1513  [004] d..3  4468.108643: swapcache_free_entries: swapfree direct 15786
           <...>-1513  [004] d..3  4468.108643: swapcache_free_entries: swapfree direct 1574c
           <...>-1513  [004] d..3  4468.108643: swapcache_free_entries: swapfree direct 1573c
           <...>-1513  [004] d..3  4468.108644: swapcache_free_entries: swapfree direct 1972d
           <...>-1513  [004] d..3  4468.108645: swapcache_free_entries: swapfree direct 1dd620
           <...>-1513  [004] d..3  4468.108646: swapcache_free_entries: swapfree direct 1e16ba
           <...>-1513  [004] d..3  4468.108647: swapcache_free_entries: swapfree direct 1dd623
           <...>-1513  [004] d..3  4468.108647: swapcache_free_entries: swapfree direct 957e4
           <...>-1513  [004] d..3  4468.108647: swapcache_free_entries: swapfree direct 957e8
           <...>-1513  [004] d..3  4468.108648: swapcache_free_entries: swapfree direct 1d1638
           <...>-1513  [004] d..3  4468.108649: swapcache_free_entries: swapfree direct 1d1636
           <...>-1513  [004] d..3  4468.108649: swapcache_free_entries: swapfree direct 1d1637
           <...>-1513  [004] d..3  4468.108649: swapcache_free_entries: swapfree direct 1d1639
           <...>-1513  [004] d..3  4468.108650: swapcache_free_entries: swapfree direct 1d16c3
           <...>-1513  [004] d..3  4468.108650: swapcache_free_entries: swapfree direct 1d16c4
           <...>-1513  [004] d..3  4468.108651: swapcache_free_entries: swapfree direct 1d168c
           <...>-1513  [004] d..3  4468.108651: swapcache_free_entries: swapfree direct 15d49b
           <...>-1513  [004] d..3  4468.108652: swapcache_free_entries: swapfree direct 1b1585
           <...>-1513  [004] d..3  4468.108652: swapcache_free_entries: swapfree direct 1e16b3
           <...>-1513  [004] d..3  4468.108653: swapcache_free_entries: swapfree direct 181434
           <...>-1513  [004] d..3  4468.108654: swapcache_free_entries: swapfree direct 1f56cc
           <...>-1513  [004] d..3  4468.108655: swapcache_free_entries: swapfree direct 1f163a
           <...>-1513  [004] d..3  4468.108655: swapcache_free_entries: swapfree direct 1e1696
           <...>-1513  [004] d..3  4468.108656: swapcache_free_entries: swapfree direct 1cd6ee
           <...>-1513  [004] d..3  4468.108656: swapcache_free_entries: swapfree direct 15d46b
           <...>-1513  [004] d..3  4468.108657: swapcache_free_entries: swapfree direct 957e3
           <...>-1513  [004] d..3  4468.108657: swapcache_free_entries: swapfree direct 957ed
           <...>-1513  [004] d..3  4468.108658: swapcache_free_entries: swapfree direct 12d6fe
           <...>-1513  [004] d..3  4468.108658: swapcache_free_entries: swapfree direct 12d6c6
           <...>-1513  [004] d..3  4468.108659: swapcache_free_entries: swapfree direct 1356fa
           <...>-1513  [004] d..3  4468.108659: swapcache_free_entries: swapfree direct 139610
           <...>-1513  [004] d..3  4468.108660: swapcache_free_entries: swapfree direct 957e2
           <...>-1513  [004] d..3  4468.108660: swapcache_free_entries: swapfree direct 957f0
           <...>-1513  [004] d..3  4468.108661: swapcache_free_entries: swapfree direct 3177b
           <...>-1513  [004] d..3  4468.108661: swapcache_free_entries: swapfree direct 957f1
           <...>-1513  [004] d..3  4468.108662: swapcache_free_entries: swapfree direct 12d6c2
           <...>-1513  [004] d..3  4468.108662: swapcache_free_entries: swapfree direct 12d6ff
           <...>-1513  [004] d..3  4468.108663: swapcache_free_entries: swapfree direct 12d6c4
           <...>-1513  [004] d..3  4468.108663: swapcache_free_entries: swapfree direct 135619
           <...>-1513  [004] d..3  4468.108663: swapcache_free_entries: swapfree direct 13566a
           <...>-1513  [004] d..3  4468.108664: swapcache_free_entries: swapfree direct 1316ea
           <...>-1513  [004] d..3  4468.108664: swapcache_free_entries: swapfree direct 1316b9
           <...>-1513  [004] d..3  4468.108665: swapcache_free_entries: swapfree direct 12d6a9
           <...>-1513  [004] d..3  4468.108666: swapcache_free_entries: swapfree direct 1e1668
           <...>-1513  [004] d..3  4468.108666: swapcache_free_entries: swapfree direct 1a4fa5
           <...>-1513  [004] d..3  4468.108667: swapcache_free_entries: swapfree direct 957e6
           <...>-1513  [004] d..3  4468.108667: swapcache_free_entries: swapfree direct 1f56a0
           <...>-1513  [004] d..3  4468.108667: swapcache_free_entries: swapfree direct 3176d
           <...>-1513  [004] d..3  4468.108668: swapcache_free_entries: swapfree direct 1e564a
           <...>-1513  [004] d..2  4468.108668: free_swap_slot: swapfree cache 1714ca
           <...>-1513  [004] ....  4468.108701: do_swap_page: swapin tgid 1335 1513 "Binder:1335_4" 7e5ee63000 1b157b 1 1
           <...>-1513  [004] d..2  4468.108704: free_swap_slot: swapfree cache 1b157b
           <...>-10980 [004] ....  4468.108778: do_swap_page: swapin tgid 1687 10980 "Binder:1687_8" 9eb29000 11015 1 1
           <...>-10980 [004] ....  4468.108786: do_swap_page: swapin tgid 1687 10980 "Binder:1687_8" 9e98f000 97df 1 1
           <...>-10980 [004] ....  4468.108790: do_swap_page: swapin tgid 1687 10980 "Binder:1687_8" 9e9fd000 d74d 1 1
           <...>-10980 [004] ....  4468.108829: do_swap_page: swapin tgid 1687 10980 "Binder:1687_8" 9e992000 97e2 1 1
           <...>-2484  [004] ....  4468.108852: do_swap_page: swapin tgid 2460 2484 "Binder:2460_1" 7f393f6000 5515d 1 1
           <...>-2484  [004] ....  4468.108857: do_swap_page: swapin tgid 2460 2484 "Binder:2460_1" 7fbe1f8000 59113 0 1
           <...>-2013  [004] ....  4468.108884: do_swap_page: swapin tgid 2013 2013 "droid.launcher3" 9e996000 10d046 1 1
           <...>-2013  [004] ....  4468.108890: do_swap_page: swapin tgid 2013 2013 "droid.launcher3" 9e8d1000 109081 0 1
           <...>-2180  [004] d..2  4468.108918: free_swap_slot: swapfree cache 1784
           <...>-2180  [004] ....  4468.108973: do_swap_page: swapin tgid 1687 2180 "ScreenDecoratio" 72969000 10e0 0 1
           <...>-2013  [004] ....  4468.109003: do_swap_page: swapin tgid 2013 2013 "droid.launcher3" 9e8d1000 109081 1 1
           <...>-2013  [004] ....  4468.109013: do_swap_page: swapin tgid 2013 2013 "droid.launcher3" 9e8d7000 109087 0 1
           <...>-2484  [004] ....  4468.109045: do_swap_page: swapin tgid 2460 2484 "Binder:2460_1" 7fbe1f8000 59113 1 1
           <...>-2484  [004] ....  4468.109052: do_swap_page: swapin tgid 2460 2484 "Binder:2460_1" 146c0000 51105 0 1
           <...>-1358  [004] ....  4468.109082: do_swap_page: swapin tgid 1335 1358 "android.display" 7e5ee38000 15d47f 1 1
           <...>-2013  [004] ....  4468.109181: do_swap_page: swapin tgid 2013 2013 "droid.launcher3" 9e8d7000 109087 1 1
           <...>-2013  [004] ....  4468.109187: do_swap_page: swapin tgid 2013 2013 "droid.launcher3" 9e949000 35796 1 1
           <...>-2013  [004] ....  4468.109190: do_swap_page: swapin tgid 2013 2013 "droid.launcher3" 9e8e3000 109093 0 1
           <...>-2515  [004] ....  4468.109244: do_swap_page: swapin tgid 2493 2515 "Binder:2493_2" 7f2d653000 957fe 1 1
           <...>-2515  [004] d..2  4468.109246: free_swap_slot: swapfree cache 957fe
           <...>-2515  [004] ....  4468.109254: do_swap_page: swapin tgid 2493 2515 "Binder:2493_2" 7f2dfee000 99703 1 1
           <...>-2515  [004] d..2  4468.109256: free_swap_slot: swapfree cache 99703
           <...>-2515  [004] ....  4468.109259: do_swap_page: swapin tgid 2493 2515 "Binder:2493_2" 7f2dfef000 6118c 0 1
           <...>-2553  [004] ....  4468.109292: do_swap_page: swapin tgid 2532 2553 "Binder:2532_3" 7f28abc000 9970e 1 1
           <...>-2553  [004] d..2  4468.109294: free_swap_slot: swapfree cache 9970e
           <...>-2553  [004] ....  4468.109299: do_swap_page: swapin tgid 2532 2553 "Binder:2532_3" 7f2def1000 99714 1 1
           <...>-2553  [004] d..2  4468.109300: free_swap_slot: swapfree cache 99714
           <...>-2553  [004] ....  4468.109305: do_swap_page: swapin tgid 2532 2553 "Binder:2532_3" 7f2def2000 6d115 0 1
           <...>-2484  [004] ....  4468.109345: do_swap_page: swapin tgid 2460 2484 "Binder:2460_1" 146c0000 51105 1 1
           <...>-2484  [004] ....  4468.109352: do_swap_page: swapin tgid 2460 2484 "Binder:2460_1" 12c80000 957de 1 1
           <...>-2484  [004] d..2  4468.109356: free_swap_slot: swapfree cache 957e5
           <...>-2484  [004] ....  4468.109359: do_swap_page: swapin tgid 2460 2484 "Binder:2460_1" 7fbe24e000 59133 0 1
           <...>-2515  [004] ....  4468.109400: do_swap_page: swapin tgid 2493 2515 "Binder:2493_2" 7f2dfef000 6118c 1 1
           <...>-2515  [004] ....  4468.109410: do_swap_page: swapin tgid 2493 2515 "Binder:2493_2" 7f2d651000 957fd 1 1
           <...>-2515  [004] ....  4468.109414: do_swap_page: swapin tgid 2493 2515 "Binder:2493_2" 7fbe180000 99707 1 1
           <...>-2515  [004] d..2  4468.109416: free_swap_slot: swapfree cache 957fd
           <...>-2515  [004] ....  4468.109418: do_swap_page: swapin tgid 2493 2515 "Binder:2493_2" 7f2d65e000 61123 0 1
           <...>-2013  [004] ....  4468.109439: do_swap_page: swapin tgid 2013 2013 "droid.launcher3" 9e8e3000 109093 1 1
           <...>-2013  [004] ....  4468.109445: do_swap_page: swapin tgid 2013 2013 "droid.launcher3" 9e990000 357b3 1 1
           <...>-2013  [004] ....  4468.109454: do_swap_page: swapin tgid 2013 2013 "droid.launcher3" 9e9ad000 10d05d 0 1
           <...>-2553  [004] ....  4468.109504: do_swap_page: swapin tgid 2532 2553 "Binder:2532_3" 7f2def2000 6d115 1 1
           <...>-2553  [004] ....  4468.109512: do_swap_page: swapin tgid 2532 2553 "Binder:2532_3" 7fbe218000 9971c 1 1
           <...>-2553  [004] ....  4468.109515: do_swap_page: swapin tgid 2532 2553 "Binder:2532_3" 7fbe180000 99719 1 1
           <...>-2553  [004] d..2  4468.109517: free_swap_slot: swapfree cache 9971c
           <...>-2553  [004] d..2  4468.109519: free_swap_slot: swapfree cache 99719
           <...>-2553  [004] ....  4468.109525: do_swap_page: swapin tgid 2532 2553 "Binder:2532_3" 7fbe22b000 9971d 1 1
           <...>-2553  [004] ....  4468.109528: do_swap_page: swapin tgid 2532 2553 "Binder:2532_3" 7fbe165000 6d1cb 0 1
           <...>-2515  [004] ....  4468.109581: do_swap_page: swapin tgid 2493 2515 "Binder:2493_2" 7f2d65e000 61123 1 1
           <...>-2515  [004] d..2  4468.109588: free_swap_slot: swapfree cache 99707
           <...>-2515  [004] ....  4468.109594: do_swap_page: swapin tgid 2493 2515 "Binder:2493_2" 7f2d615000 957f8 1 1
           <...>-2515  [004] ....  4468.109596: do_swap_page: swapin tgid 2493 2515 "Binder:2493_2" 7f2d61f000 61119 0 1
           <...>-2484  [004] ....  4468.109622: do_swap_page: swapin tgid 2460 2484 "Binder:2460_1" 7fbe24e000 59133 1 1
           <...>-2484  [004] ....  4468.109632: do_swap_page: swapin tgid 2460 2484 "Binder:2460_1" 7f31752000 957e9 1 1
           <...>-2484  [004] d..2  4468.109635: free_swap_slot: swapfree cache 957e9
           <...>-2484  [004] ....  4468.109636: do_swap_page: swapin tgid 2460 2484 "Binder:2460_1" 7f2e0ea000 957e7 1 1
           <...>-2484  [004] d..2  4468.109638: free_swap_slot: swapfree cache 957e7
           <...>-2484  [004] d..2  4468.109639: free_swap_slot: swapfree cache 957de
           <...>-2484  [004] ....  4468.109642: do_swap_page: swapin tgid 2460 2484 "Binder:2460_1" 7f34f37000 957ea 1 1
           <...>-2484  [004] d..2  4468.109643: free_swap_slot: swapfree cache 957ea
           <...>-2484  [004] ....  4468.109644: do_swap_page: swapin tgid 2460 2484 "Binder:2460_1" 146c3000 957df 1 1
           <...>-2484  [004] d..2  4468.109645: free_swap_slot: swapfree cache 957df
           <...>-2484  [004] ....  4468.109650: do_swap_page: swapin tgid 2460 2484 "Binder:2460_1" 7fbe1e7000 5910d 0 1
           <...>-2553  [004] ....  4468.109688: do_swap_page: swapin tgid 2532 2553 "Binder:2532_3" 7fbe165000 6d1cb 1 1
           <...>-2553  [004] ....  4468.109693: do_swap_page: swapin tgid 2532 2553 "Binder:2532_3" 7f289d5000 9970d 1 1
           <...>-2553  [004] d..2  4468.109698: free_swap_slot: swapfree cache 9970d
           <...>-2553  [004] d..2  4468.109699: free_swap_slot: swapfree cache 9971d
           <...>-2553  [004] ....  4468.109719: do_swap_page: swapin tgid 2532 2553 "Binder:2532_3" 7fbd2a3000 6d199 0 1
