           <...>-2180  [004] d..3  6147.835471: swapcache_free_entries: swapfree direct 59947
           <...>-2180  [004] d..3  6147.835472: swapcache_free_entries: swapfree direct 59959
           <...>-2180  [004] d..3  6147.835472: swapcache_free_entries: swapfree direct 69927
           <...>-2180  [004] d..3  6147.835473: swapcache_free_entries: swapfree direct 699db
           <...>-2180  [004] d..3  6147.835474: swapcache_free_entries: swapfree direct 6998c
           <...>-2180  [004] d..3  6147.835474: swapcache_free_entries: swapfree direct 6998d
           <...>-2180  [004] d..3  6147.835474: swapcache_free_entries: swapfree direct 69965
           <...>-2180  [004] d..3  6147.835475: swapcache_free_entries: swapfree direct 69926
           <...>-2180  [004] d..3  6147.835476: swapcache_free_entries: swapfree direct 6d957
           <...>-2180  [004] d..3  6147.835476: swapcache_free_entries: swapfree direct 5599a
           <...>-2180  [004] d..3  6147.835477: swapcache_free_entries: swapfree direct 5997b
           <...>-2180  [004] d..3  6147.835477: swapcache_free_entries: swapfree direct 59954
           <...>-2180  [004] d..3  6147.835477: swapcache_free_entries: swapfree direct 6995a
           <...>-2180  [004] d..3  6147.835478: swapcache_free_entries: swapfree direct 699e2
           <...>-2180  [004] d..3  6147.835478: swapcache_free_entries: swapfree direct 699df
           <...>-2180  [004] d..3  6147.835478: swapcache_free_entries: swapfree direct 699c1
           <...>-2180  [004] d..3  6147.835479: swapcache_free_entries: swapfree direct 6995b
           <...>-2180  [004] d..3  6147.835479: swapcache_free_entries: swapfree direct 699d0
           <...>-2180  [004] d..3  6147.835479: swapcache_free_entries: swapfree direct 699ce
           <...>-2180  [004] d..3  6147.835480: swapcache_free_entries: swapfree direct 659da
           <...>-2180  [004] d..3  6147.835480: swapcache_free_entries: swapfree direct 6d95d
           <...>-2180  [004] d..3  6147.835481: swapcache_free_entries: swapfree direct 69937
           <...>-2180  [004] d..3  6147.835481: swapcache_free_entries: swapfree direct 599fd
           <...>-2180  [004] d..3  6147.835482: swapcache_free_entries: swapfree direct 599fb
           <...>-2180  [004] d..3  6147.835482: swapcache_free_entries: swapfree direct 6d966
           <...>-2180  [004] d..3  6147.835483: swapcache_free_entries: swapfree direct 6d95c
           <...>-2180  [004] d..3  6147.835483: swapcache_free_entries: swapfree direct 5599d
           <...>-2180  [004] d..3  6147.835484: swapcache_free_entries: swapfree direct 1dd8ba
           <...>-2180  [004] d..3  6147.835485: swapcache_free_entries: swapfree direct 55976
           <...>-2180  [004] d..3  6147.835485: swapcache_free_entries: swapfree direct 51974
           <...>-2180  [004] d..3  6147.835485: swapcache_free_entries: swapfree direct 199c1
           <...>-2180  [004] d..3  6147.835486: swapcache_free_entries: swapfree direct a19b2
           <...>-2180  [004] d..3  6147.835486: swapcache_free_entries: swapfree direct 5198c
           <...>-2180  [004] d..3  6147.835487: swapcache_free_entries: swapfree direct 3596a
           <...>-2180  [004] d..3  6147.835487: swapcache_free_entries: swapfree direct 35974
           <...>-2180  [004] d..2  6147.835488: free_swap_slot: swapfree cache 35968
           <...>-2180  [004] ....  6147.835500: do_swap_page: swapin tgid 1687 2180 "ScreenDecoratio" 729ce000 35969 1 1
           <...>-2180  [004] d..2  6147.835501: free_swap_slot: swapfree cache 35969
           <...>-2711  [004] ....  6147.835545: do_swap_page: swapin tgid 1880 2711 "Binder:1880_4" 132c3000 a50f7 1 1
           <...>-2711  [004] ....  6147.835553: do_swap_page: swapin tgid 1880 2711 "Binder:1880_4" 7fbe286000 b4e3d 1 16
           <...>-2711  [004] ....  6147.835555: do_swap_page: swapin tgid 1880 2711 "Binder:1880_4" 7fbe285000 b4e3c 1 16
           <...>-2711  [004] ....  6147.835557: do_swap_page: swapin tgid 1880 2711 "Binder:1880_4" 7f393f6000 ad08f 0 1
           <...>-1876  [004] ....  6147.835588: do_swap_page: swapin tgid 1792 1876 "Binder:1792_3" 133c5000 9104c 1 1
           <...>-1876  [004] ....  6147.835596: do_swap_page: swapin tgid 1792 1876 "Binder:1792_3" 7fbe286000 b4e3d 1 15
           <...>-1876  [004] ....  6147.835598: do_swap_page: swapin tgid 1792 1876 "Binder:1792_3" 7fbe285000 b4e3c 1 15
           <...>-1876  [004] ....  6147.835601: do_swap_page: swapin tgid 1792 1876 "Binder:1792_3" 7f393f6000 990f3 0 1
           <...>-1969  [004] ....  6147.835622: do_swap_page: swapin tgid 1950 1969 "Binder:1950_1" 7f393f6000 f1080 1 1
           <...>-1969  [004] ....  6147.835627: do_swap_page: swapin tgid 1950 1969 "Binder:1950_1" 7fbe1f8000 f5040 0 1
           <...>-2711  [004] ....  6147.835709: do_swap_page: swapin tgid 1880 2711 "Binder:1880_4" 7f393f6000 ad08f 1 1
           <...>-2711  [004] ....  6147.835714: do_swap_page: swapin tgid 1880 2711 "Binder:1880_4" 7fbe1f8000 b105b 0 1
           <...>-2477  [004] ....  6147.835741: do_swap_page: swapin tgid 2442 2477 "Binder:2442_1" 7f393f6000 49140 1 1
           <...>-2477  [004] ....  6147.835747: do_swap_page: swapin tgid 2442 2477 "Binder:2442_1" 7fbe1f8000 4d120 0 1
           <...>-1876  [004] ....  6147.835786: do_swap_page: swapin tgid 1792 1876 "Binder:1792_3" 7f393f6000 990f3 1 1
           <...>-1876  [004] ....  6147.835792: do_swap_page: swapin tgid 1792 1876 "Binder:1792_3" 7fbe1f8000 2976a 0 1
           <...>-1894  [004] ....  6147.835817: do_swap_page: swapin tgid 1894 1894 "m.android.phone" 72872000 c1072 1 1
           <...>-1894  [004] ....  6147.835851: do_swap_page: swapin tgid 1894 1894 "m.android.phone" 7296e000 c10c0 0 1
           <...>-1969  [004] ....  6147.835872: do_swap_page: swapin tgid 1950 1969 "Binder:1950_1" 7fbe1f8000 f5040 1 1
           <...>-1969  [004] ....  6147.835879: do_swap_page: swapin tgid 1950 1969 "Binder:1950_1" 136c0000 e902e 0 1
           <...>-2711  [004] ....  6147.835933: do_swap_page: swapin tgid 1880 2711 "Binder:1880_4" 7fbe1f8000 b105b 1 1
           <...>-2711  [004] ....  6147.835941: do_swap_page: swapin tgid 1880 2711 "Binder:1880_4" 12d80000 51980 1 1
           <...>-2711  [004] d..2  6147.835946: free_swap_slot: swapfree cache 51987
           <...>-2711  [004] ....  6147.835948: do_swap_page: swapin tgid 1880 2711 "Binder:1880_4" 7fbe24e000 b107c 0 1
           <...>-2477  [004] ....  6147.835974: do_swap_page: swapin tgid 2442 2477 "Binder:2442_1" 7fbe1f8000 4d120 1 1
           <...>-2477  [004] ....  6147.835982: do_swap_page: swapin tgid 2442 2477 "Binder:2442_1" 14040000 31163 0 1
           <...>-1876  [004] ....  6147.836006: do_swap_page: swapin tgid 1792 1876 "Binder:1792_3" 7fbe1f8000 2976a 1 1
           <...>-1876  [004] ....  6147.836013: do_swap_page: swapin tgid 1792 1876 "Binder:1792_3" 133c0000 91047 0 1
           <...>-1894  [004] ....  6147.836051: do_swap_page: swapin tgid 1894 1894 "m.android.phone" 7296e000 c10c0 1 1
           <...>-1894  [004] ....  6147.836056: do_swap_page: swapin tgid 1894 1894 "m.android.phone" 7296f000 9cedf 1 26
           <...>-1894  [004] ....  6147.836058: do_swap_page: swapin tgid 1894 1894 "m.android.phone" 72971000 9cee1 1 26
           <...>-1894  [004] ....  6147.836061: do_swap_page: swapin tgid 1894 1894 "m.android.phone" 72972000 519d7 1 1
           <...>-1894  [004] ....  6147.836063: do_swap_page: swapin tgid 1894 1894 "m.android.phone" 728d0000 9ce40 1 26
           <...>-1894  [004] d..2  6147.836066: free_swap_slot: swapfree cache 519d7
           <...>-1894  [004] ....  6147.836073: do_swap_page: swapin tgid 1894 1894 "m.android.phone" 72974000 9cee4 1 26
           <...>-1894  [004] ....  6147.836079: do_swap_page: swapin tgid 1894 1894 "m.android.phone" 729ca000 c10c7 0 1
           <...>-2180  [004] ....  6147.836144: do_swap_page: swapin tgid 1687 2180 "ScreenDecoratio" 9e91c000 359ff 1 1
           <...>-2180  [004] ....  6147.836148: do_swap_page: swapin tgid 1687 2180 "ScreenDecoratio" 9eb4d000 11039 0 1
           <...>-1969  [004] ....  6147.836174: do_swap_page: swapin tgid 1950 1969 "Binder:1950_1" 136c0000 e902e 1 1
           <...>-1969  [004] ....  6147.836197: do_swap_page: swapin tgid 1950 1969 "Binder:1950_1" 12d40000 55970 1 1
           <...>-1969  [004] d..2  6147.836206: free_swap_slot: swapfree cache 55974
           <...>-1969  [004] ....  6147.836208: do_swap_page: swapin tgid 1950 1969 "Binder:1950_1" 7fbe24e000 f505f 0 1
           <...>-2711  [004] ....  6147.836230: do_swap_page: swapin tgid 1880 2711 "Binder:1880_4" 7fbe24e000 b107c 1 1
           <...>-2711  [004] ....  6147.836255: do_swap_page: swapin tgid 1880 2711 "Binder:1880_4" 7f31732000 5198e 1 1
           <...>-2711  [004] d..2  6147.836258: free_swap_slot: swapfree cache 5198e
           <...>-2711  [004] ....  6147.836260: do_swap_page: swapin tgid 1880 2711 "Binder:1880_4" 7ed0334000 51984 1 1
           <...>-2711  [004] d..2  6147.836261: free_swap_slot: swapfree cache 51984
           <...>-2711  [004] ....  6147.836263: do_swap_page: swapin tgid 1880 2711 "Binder:1880_4" 12d81000 51981 1 1
           <...>-2711  [004] d..2  6147.836264: free_swap_slot: swapfree cache 51981
           <...>-2711  [004] d..2  6147.836266: free_swap_slot: swapfree cache 51980
           <...>-2711  [004] ....  6147.836268: do_swap_page: swapin tgid 1880 2711 "Binder:1880_4" 7f34f37000 5198f 1 1
           <...>-2711  [004] d..2  6147.836270: free_swap_slot: swapfree cache 5198f
           <...>-2711  [004] ....  6147.836271: do_swap_page: swapin tgid 1880 2711 "Binder:1880_4" 132c2000 51982 1 1
           <...>-2711  [004] d..2  6147.836272: free_swap_slot: swapfree cache 51982
           <...>-2711  [004] ....  6147.836276: do_swap_page: swapin tgid 1880 2711 "Binder:1880_4" 7fbe1e7000 b1055 0 1
           <...>-1876  [004] ....  6147.836317: do_swap_page: swapin tgid 1792 1876 "Binder:1792_3" 133c0000 91047 1 1
           <...>-1876  [004] ....  6147.836322: do_swap_page: swapin tgid 1792 1876 "Binder:1792_3" 133d5000 5196e 1 1
           <...>-1876  [004] d..2  6147.836327: free_swap_slot: swapfree cache 51971
           <...>-1876  [004] ....  6147.836329: do_swap_page: swapin tgid 1792 1876 "Binder:1792_3" 7fbe24e000 9d0e9 0 1
           <...>-2477  [004] ....  6147.836370: do_swap_page: swapin tgid 2442 2477 "Binder:2442_1" 14040000 31163 1 1
           <...>-2477  [004] ....  6147.836392: do_swap_page: swapin tgid 2442 2477 "Binder:2442_1" 12cc0000 a19a7 1 1
           <...>-2477  [004] d..2  6147.836396: free_swap_slot: swapfree cache a19b1
           <...>-2477  [004] ....  6147.836399: do_swap_page: swapin tgid 2442 2477 "Binder:2442_1" 7fbe24e000 4d14a 0 1
           <...>-1969  [004] ....  6147.836440: do_swap_page: swapin tgid 1950 1969 "Binder:1950_1" 7fbe24e000 f505f 1 1
           <...>-1969  [004] ....  6147.836447: do_swap_page: swapin tgid 1950 1969 "Binder:1950_1" 7f31752000 5597d 1 1
           <...>-1969  [004] d..2  6147.836450: free_swap_slot: swapfree cache 5597d
           <...>-1969  [004] ....  6147.836452: do_swap_page: swapin tgid 1950 1969 "Binder:1950_1" 7f2e0ea000 5597b 1 1
           <...>-1969  [004] d..2  6147.836453: free_swap_slot: swapfree cache 5597b
           <...>-1969  [004] ....  6147.836455: do_swap_page: swapin tgid 1950 1969 "Binder:1950_1" 12d99000 55971 1 1
           <...>-1969  [004] d..2  6147.836456: free_swap_slot: swapfree cache 55971
           <...>-1969  [004] d..2  6147.836457: free_swap_slot: swapfree cache 55970
           <...>-1969  [004] ....  6147.836459: do_swap_page: swapin tgid 1950 1969 "Binder:1950_1" 7f34f37000 5597e 1 1
           <...>-1969  [004] d..2  6147.836463: free_swap_slot: swapfree cache 5597e
           <...>-1969  [004] ....  6147.836466: do_swap_page: swapin tgid 1950 1969 "Binder:1950_1" 7fbe1e7000 f5039 0 1
           <...>-1894  [004] ....  6147.836488: do_swap_page: swapin tgid 1894 1894 "m.android.phone" 729ca000 c10c7 1 1
           <...>-1894  [004] ....  6147.836496: do_swap_page: swapin tgid 1894 1894 "m.android.phone" 72877000 519d1 1 1
           <...>-1894  [004] d..2  6147.836498: free_swap_slot: swapfree cache 519d1
           <...>-1894  [004] ....  6147.836500: do_swap_page: swapin tgid 1894 1894 "m.android.phone" 72902000 9ce72 1 21
           <...>-1894  [004] ....  6147.836502: do_swap_page: swapin tgid 1894 1894 "m.android.phone" 72903000 9ce73 1 25
           <...>-1894  [004] ....  6147.836506: do_swap_page: swapin tgid 1894 1894 "m.android.phone" 728a0000 9ce10 1 25
           <...>-1894  [004] ....  6147.836511: do_swap_page: swapin tgid 1894 1894 "m.android.phone" 72908000 c1089 0 1
           <...>-1876  [004] ....  6147.836569: do_swap_page: swapin tgid 1792 1876 "Binder:1792_3" 7fbe24e000 9d0e9 1 1
           <...>-1876  [004] ....  6147.836577: do_swap_page: swapin tgid 1792 1876 "Binder:1792_3" 7f31732000 51978 1 1
           <...>-1876  [004] d..2  6147.836580: free_swap_slot: swapfree cache 51978
           <...>-1876  [004] ....  6147.836582: do_swap_page: swapin tgid 1792 1876 "Binder:1792_3" 7f2def0000 51976 1 1
           <...>-1876  [004] d..2  6147.836583: free_swap_slot: swapfree cache 51976
           <...>-1876  [004] ....  6147.836585: do_swap_page: swapin tgid 1792 1876 "Binder:1792_3" 12cc2000 5196b 1 1
           <...>-1876  [004] d..2  6147.836586: free_swap_slot: swapfree cache 5196b
           <...>-1876  [004] d..2  6147.836588: free_swap_slot: swapfree cache 5196e
           <...>-1876  [004] ....  6147.836590: do_swap_page: swapin tgid 1792 1876 "Binder:1792_3" 7f34f38000 51979 1 1
           <...>-1876  [004] d..2  6147.836591: free_swap_slot: swapfree cache 51979
           <...>-1876  [004] ....  6147.836592: do_swap_page: swapin tgid 1792 1876 "Binder:1792_3" 133c4000 5196c 1 1
           <...>-1876  [004] d..2  6147.836593: free_swap_slot: swapfree cache 5196c
           <...>-1876  [004] ....  6147.836596: do_swap_page: swapin tgid 1792 1876 "Binder:1792_3" 7fbe1e7000 9d0c1 0 1
           <...>-2477  [004] ....  6147.836622: do_swap_page: swapin tgid 2442 2477 "Binder:2442_1" 7fbe24e000 4d14a 1 1
           <...>-2477  [004] ....  6147.836630: do_swap_page: swapin tgid 2442 2477 "Binder:2442_1" 7f31752000 a19b6 1 1
           <...>-2477  [004] d..2  6147.836633: free_swap_slot: swapfree cache a19b6
           <...>-2477  [004] ....  6147.836635: do_swap_page: swapin tgid 2442 2477 "Binder:2442_1" 7f2e0ea000 a19b4 1 1
           <...>-2477  [004] d..2  6147.836636: free_swap_slot: swapfree cache a19b4
           <...>-2477  [004] ....  6147.836638: do_swap_page: swapin tgid 2442 2477 "Binder:2442_1" 12cc2000 a19a8 1 1
           <...>-2477  [004] d..2  6147.836639: free_swap_slot: swapfree cache a19a8
           <...>-2477  [004] d..2  6147.836640: free_swap_slot: swapfree cache a19a7
           <...>-2477  [004] ....  6147.836642: do_swap_page: swapin tgid 2442 2477 "Binder:2442_1" 7f34f37000 a19b7 1 1
           <...>-2477  [004] d..2  6147.836643: free_swap_slot: swapfree cache a19b7
           <...>-2477  [004] ....  6147.836645: do_swap_page: swapin tgid 2442 2477 "Binder:2442_1" 14043000 a19a9 1 1
           <...>-2477  [004] d..2  6147.836646: free_swap_slot: swapfree cache a19a9
           <...>-2477  [004] ....  6147.836649: do_swap_page: swapin tgid 2442 2477 "Binder:2442_1" 7fbe1e7000 4d118 0 1
 droid.launcher3-2013  [004] ....  6147.836692: do_swap_page: swapin tgid 2013 2013 "droid.launcher3" 9e9b0000 10d060 1 1
 droid.launcher3-2013  [004] ....  6147.836699: do_swap_page: swapin tgid 2013 2013 "droid.launcher3" 9e981000 5d98e 1 1
 droid.launcher3-2013  [004] ....  6147.836708: do_swap_page: swapin tgid 2013 2013 "droid.launcher3" 132bc000 59942 1 1
 droid.launcher3-2013  [004] ....  6147.836711: do_swap_page: swapin tgid 2013 2013 "droid.launcher3" 13004000 5599f 1 1
 droid.launcher3-2013  [004] ....  6147.836713: do_swap_page: swapin tgid 2013 2013 "droid.launcher3" 9e869000 5d915 1 1
 droid.launcher3-2013  [004] d..2  6147.836715: free_swap_slot: swapfree cache 59942
 droid.launcher3-2013  [004] ....  6147.836717: do_swap_page: swapin tgid 2013 2013 "droid.launcher3" 1326c000 559f6 1 1
 droid.launcher3-2013  [004] ....  6147.836720: do_swap_page: swapin tgid 2013 2013 "droid.launcher3" 7ecebcf000 6991e 1 1
 droid.launcher3-2013  [004] ....  6147.836724: do_swap_page: swapin tgid 2013 2013 "droid.launcher3" 9e86a000 10901a 0 1
           <...>-2711  [004] ....  6147.836761: do_swap_page: swapin tgid 1880 2711 "Binder:1880_4" 7fbe1e7000 b1055 1 1
           <...>-2711  [004] ....  6147.836766: do_swap_page: swapin tgid 1880 2711 "Binder:1880_4" 7fbe17f000 b1037 0 1
           <...>-1969  [004] ....  6147.836792: do_swap_page: swapin tgid 1950 1969 "Binder:1950_1" 7fbe1e7000 f5039 1 1
           <...>-1969  [004] ....  6147.836797: do_swap_page: swapin tgid 1950 1969 "Binder:1950_1" 7fbe17f000 f501d 0 1
           <...>-1894  [004] ....  6147.836818: do_swap_page: swapin tgid 1894 1894 "m.android.phone" 72908000 c1089 1 1
           <...>-1894  [004] ....  6147.836824: do_swap_page: swapin tgid 1894 1894 "m.android.phone" 728a1000 9ce11 1 25
           <...>-1894  [004] ....  6147.836834: do_swap_page: swapin tgid 1894 1894 "m.android.phone" 72876000 98ee6 1 25
           <...>-1894  [004] ....  6147.836836: do_swap_page: swapin tgid 1894 1894 "m.android.phone" 72921000 c108f 0 1
           <...>-2180  [004] ....  6147.836879: do_swap_page: swapin tgid 1687 2180 "ScreenDecoratio" 9eb4d000 11039 1 1
           <...>-2180  [004] ....  6147.836884: do_swap_page: swapin tgid 1687 2180 "ScreenDecoratio" 9eaea000 d0d6 0 1
           <...>-1876  [004] ....  6147.836909: do_swap_page: swapin tgid 1792 1876 "Binder:1792_3" 7fbe1e7000 9d0c1 1 1
           <...>-1876  [004] ....  6147.836914: do_swap_page: swapin tgid 1792 1876 "Binder:1792_3" 7fbe17f000 9d0a1 0 1
 android.display-1358  [004] ....  6147.836938: do_swap_page: swapin tgid 1335 1358 "android.display" 7e5ee37000 170fe1 1 1
 droid.launcher3-2013  [004] ....  6147.836983: do_swap_page: swapin tgid 2013 2013 "droid.launcher3" 9e86a000 10901a 1 1
 droid.launcher3-2013  [004] d..2  6147.836999: free_swap_slot: swapfree cache 5599f
 droid.launcher3-2013  [004] ....  6147.837001: do_swap_page: swapin tgid 2013 2013 "droid.launcher3" 9e96b000 10d01b 0 1
 android.display-1358  [004] ....  6147.837115: do_swap_page: swapin tgid 1335 1358 "android.display" 7e5ee38000 15d47f 0 1
 droid.launcher3-2013  [004] ....  6147.837142: do_swap_page: swapin tgid 2013 2013 "droid.launcher3" 9e96b000 10d01b 1 1
 droid.launcher3-2013  [004] ....  6147.837151: do_swap_page: swapin tgid 2013 2013 "droid.launcher3" 13bc5000 5994b 1 1
 droid.launcher3-2013  [004] ....  6147.837153: do_swap_page: swapin tgid 2013 2013 "droid.launcher3" 9e892000 109042 0 1
           <...>-2484  [004] ....  6147.837196: do_swap_page: swapin tgid 2460 2484 "Binder:2460_1" 7f28a4e000 a19c7 1 1
           <...>-2484  [004] d..2  6147.837199: free_swap_slot: swapfree cache a19c7
           <...>-2484  [004] ....  6147.837203: do_swap_page: swapin tgid 2460 2484 "Binder:2460_1" 7f2e0eb000 a19cb 1 1
           <...>-2484  [004] d..2  6147.837204: free_swap_slot: swapfree cache a19cb
           <...>-2484  [004] ....  6147.837208: do_swap_page: swapin tgid 2460 2484 "Binder:2460_1" 7f2e0ec000 5512e 0 1
           <...>-2477  [004] ....  6147.837239: do_swap_page: swapin tgid 2442 2477 "Binder:2442_1" 7fbe1e7000 4d118 1 1
           <...>-2477  [004] ....  6147.837244: do_swap_page: swapin tgid 2442 2477 "Binder:2442_1" 7fbe17f000 491eb 0 1
           <...>-2711  [004] ....  6147.837269: do_swap_page: swapin tgid 1880 2711 "Binder:1880_4" 7fbe17f000 b1037 1 1
           <...>-2711  [004] ....  6147.837274: do_swap_page: swapin tgid 1880 2711 "Binder:1880_4" 7fbe20a000 b1060 0 1
           <...>-1969  [004] ....  6147.837295: do_swap_page: swapin tgid 1950 1969 "Binder:1950_1" 7fbe17f000 f501d 1 1
           <...>-1969  [004] ....  6147.837303: do_swap_page: swapin tgid 1950 1969 "Binder:1950_1" 7fbe20a000 f5045 0 1
           <...>-2180  [004] ....  6147.837324: do_swap_page: swapin tgid 1687 2180 "ScreenDecoratio" 9eaea000 d0d6 1 1
           <...>-2180  [004] ....  6147.837348: do_swap_page: swapin tgid 1687 2180 "ScreenDecoratio" 9e91d000 39900 1 1
           <...>-2180  [004] ....  6147.837363: do_swap_page: swapin tgid 1687 2180 "ScreenDecoratio" 13e3e000 2d9f8 1 1
           <...>-2180  [004] d..2  6147.837365: free_swap_slot: swapfree cache 2d9f8
           <...>-2180  [004] ....  6147.837367: do_swap_page: swapin tgid 1687 2180 "ScreenDecoratio" 13e3f000 2d9f9 1 1
           <...>-2180  [004] d..2  6147.837369: free_swap_slot: swapfree cache 2d9f9
           <...>-2180  [004] d..2  6147.837397: free_swap_slot: swapfree cache 41903
           <...>-2180  [004] ....  6147.837406: do_swap_page: swapin tgid 1687 2180 "ScreenDecoratio" 7f28f0a000 7989b 0 1
 droid.launcher3-2013  [004] ....  6147.837432: do_swap_page: swapin tgid 2013 2013 "droid.launcher3" 9e892000 109042 1 1
 droid.launcher3-2013  [004] ....  6147.837437: do_swap_page: swapin tgid 2013 2013 "droid.launcher3" 9e891000 5d92c 1 1
 droid.launcher3-2013  [004] ....  6147.837440: do_swap_page: swapin tgid 2013 2013 "droid.launcher3" 7eceb7d000 69917 1 1
 droid.launcher3-2013  [004] ....  6147.837443: do_swap_page: swapin tgid 2013 2013 "droid.launcher3" 9e877000 109027 0 1
           <...>-1894  [004] ....  6147.837465: do_swap_page: swapin tgid 1894 1894 "m.android.phone" 72921000 c108f 1 1
           <...>-1894  [004] ....  6147.837492: do_swap_page: swapin tgid 1894 1894 "m.android.phone" 7fba53c000 55939 1 1
           <...>-1894  [004] d..2  6147.837495: free_swap_slot: swapfree cache 55939
           <...>-1894  [004] ....  6147.837499: do_swap_page: swapin tgid 1894 1894 "m.android.phone" 7fbe243000 e5011 0 1
           <...>-2711  [004] ....  6147.837542: do_swap_page: swapin tgid 1880 2711 "Binder:1880_4" 7fbe20a000 b1060 1 1
           <...>-2711  [004] ....  6147.837549: do_swap_page: swapin tgid 1880 2711 "Binder:1880_4" 7fbbd92000 acea9 1 17
           <...>-2711  [004] ....  6147.837551: do_swap_page: swapin tgid 1880 2711 "Binder:1880_4" 7fbbd8e000 ad0cf 0 1
           <...>-1876  [004] ....  6147.837596: do_swap_page: swapin tgid 1792 1876 "Binder:1792_3" 7fbe17f000 9d0a1 1 1
           <...>-1876  [004] ....  6147.837601: do_swap_page: swapin tgid 1792 1876 "Binder:1792_3" 7fbe20a000 9d0cc 0 1
           <...>-2484  [004] ....  6147.837627: do_swap_page: swapin tgid 2460 2484 "Binder:2460_1" 7f2e0ec000 5512e 1 1
           <...>-2484  [004] ....  6147.837633: do_swap_page: swapin tgid 2460 2484 "Binder:2460_1" 7f289fc000 a19c6 1 1
           <...>-2484  [004] ....  6147.837637: do_swap_page: swapin tgid 2460 2484 "Binder:2460_1" 7fbe180000 a19d0 1 1
           <...>-2484  [004] d..2  6147.837639: free_swap_slot: swapfree cache a19c6
           <...>-2484  [004] d..2  6147.837641: free_swap_slot: swapfree cache a19d0
           <...>-2484  [004] ....  6147.837647: do_swap_page: swapin tgid 2460 2484 "Binder:2460_1" 7fbe22b000 a19d3 1 1
           <...>-2484  [004] ....  6147.837650: do_swap_page: swapin tgid 2460 2484 "Binder:2460_1" 7f28ac2000 511a5 0 1
           <...>-2477  [004] ....  6147.837678: do_swap_page: swapin tgid 2442 2477 "Binder:2442_1" 7fbe17f000 491eb 1 1
           <...>-2477  [004] ....  6147.837683: do_swap_page: swapin tgid 2442 2477 "Binder:2442_1" 7fbe20a000 4d125 0 1
 droid.launcher3-2013  [004] ....  6147.837750: do_swap_page: swapin tgid 2013 2013 "droid.launcher3" 9e877000 109027 1 1
 droid.launcher3-2013  [004] ....  6147.837756: do_swap_page: swapin tgid 2013 2013 "droid.launcher3" 9e876000 5d91c 1 1
 droid.launcher3-2013  [004] ....  6147.837761: do_swap_page: swapin tgid 2013 2013 "droid.launcher3" 1326d000 559f7 1 1
 droid.launcher3-2013  [004] ....  6147.837763: do_swap_page: swapin tgid 2013 2013 "droid.launcher3" 1326e000 559f8 1 1
 droid.launcher3-2013  [004] ....  6147.837767: do_swap_page: swapin tgid 2013 2013 "droid.launcher3" 7ec513c000 5d9fe 1 1
 droid.launcher3-2013  [004] ....  6147.837770: do_swap_page: swapin tgid 2013 2013 "droid.launcher3" 7ece939000 659b4 1 1
 droid.launcher3-2013  [004] d..2  6147.837773: free_swap_slot: swapfree cache 559f6
 droid.launcher3-2013  [004] ....  6147.837781: do_swap_page: swapin tgid 2013 2013 "droid.launcher3" 13be2000 59961 1 1
 droid.launcher3-2013  [004] ....  6147.837783: do_swap_page: swapin tgid 2013 2013 "droid.launcher3" 9e8f4000 5d959 1 1
 droid.launcher3-2013  [004] ....  6147.837786: do_swap_page: swapin tgid 2013 2013 "droid.launcher3" 9e99a000 10d04a 0 1
           <...>-1969  [004] ....  6147.837818: do_swap_page: swapin tgid 1950 1969 "Binder:1950_1" 7fbe20a000 f5045 1 1
           <...>-1969  [004] ....  6147.837825: do_swap_page: swapin tgid 1950 1969 "Binder:1950_1" 7fbbd92000 acea9 1 16
           <...>-1969  [004] ....  6147.837827: do_swap_page: swapin tgid 1950 1969 "Binder:1950_1" 7fbbd8e000 f10bb 0 1
           <...>-1876  [004] ....  6147.837853: do_swap_page: swapin tgid 1792 1876 "Binder:1792_3" 7fbe20a000 9d0cc 1 1
           <...>-1876  [004] ....  6147.837859: do_swap_page: swapin tgid 1792 1876 "Binder:1792_3" 7fbbd92000 acea9 1 15
           <...>-1876  [004] ....  6147.837861: do_swap_page: swapin tgid 1792 1876 "Binder:1792_3" 7fbbd8e000 2975a 0 1
           <...>-2711  [004] ....  6147.837886: do_swap_page: swapin tgid 1880 2711 "Binder:1880_4" 7fbbd8e000 ad0cf 1 1
           <...>-2711  [004] ....  6147.837891: do_swap_page: swapin tgid 1880 2711 "Binder:1880_4" 7f2db06000 51989 1 1
           <...>-2711  [004] ....  6147.837893: do_swap_page: swapin tgid 1880 2711 "Binder:1880_4" 7f2db0f000 5198b 1 1
           <...>-2711  [004] d..2  6147.837895: free_swap_slot: swapfree cache 51989
           <...>-2711  [004] ....  6147.837896: do_swap_page: swapin tgid 1880 2711 "Binder:1880_4" 7fbe1d3000 51993 1 1
           <...>-2711  [004] d..2  6147.837897: free_swap_slot: swapfree cache 51993
           <...>-2711  [004] ....  6147.837901: do_swap_page: swapin tgid 1880 2711 "Binder:1880_4" 7f2dafd000 51988 1 1
           <...>-2711  [004] d..2  6147.837902: free_swap_slot: swapfree cache 51988
           <...>-2711  [004] ....  6147.837905: do_swap_page: swapin tgid 1880 2711 "Binder:1880_4" 7f2d16d000 a90ff 0 1
           <...>-2477  [004] ....  6147.837943: do_swap_page: swapin tgid 2442 2477 "Binder:2442_1" 7fbe20a000 4d125 1 1
           <...>-2477  [004] ....  6147.837950: do_swap_page: swapin tgid 2442 2477 "Binder:2442_1" 7fbbd92000 acea9 1 14
           <...>-2477  [004] ....  6147.837952: do_swap_page: swapin tgid 2442 2477 "Binder:2442_1" 7fbbd8e000 49188 0 1
           <...>-2484  [004] ....  6147.837999: do_swap_page: swapin tgid 2460 2484 "Binder:2460_1" 7f28ac2000 511a5 1 1
           <...>-2484  [004] ....  6147.838007: do_swap_page: swapin tgid 2460 2484 "Binder:2460_1" 7f289d3000 a19c5 1 1
           <...>-2484  [004] d..2  6147.838008: free_swap_slot: swapfree cache a19c5
           <...>-2484  [004] d..2  6147.838009: free_swap_slot: swapfree cache a19d3
           <...>-2484  [004] ....  6147.838012: do_swap_page: swapin tgid 2460 2484 "Binder:2460_1" 7fbd2a3000 551b0 0 1
 droid.launcher3-2013  [004] ....  6147.838034: do_swap_page: swapin tgid 2013 2013 "droid.launcher3" 9e99a000 10d04a 1 1
 droid.launcher3-2013  [004] ....  6147.838040: do_swap_page: swapin tgid 2013 2013 "droid.launcher3" 9e94c000 1090fc 0 1
           <...>-1894  [004] ....  6147.838061: do_swap_page: swapin tgid 1894 1894 "m.android.phone" 7fbe243000 e5011 1 1
           <...>-1894  [004] ....  6147.838087: do_swap_page: swapin tgid 1894 1894 "m.android.phone" 7fbe211000 e10f0 0 1
           <...>-1969  [004] ....  6147.838129: do_swap_page: swapin tgid 1950 1969 "Binder:1950_1" 7fbbd8e000 f10bb 1 1
           <...>-1969  [004] ....  6147.838135: do_swap_page: swapin tgid 1950 1969 "Binder:1950_1" 7fbe310000 55982 1 1
           <...>-1969  [004] ....  6147.838137: do_swap_page: swapin tgid 1950 1969 "Binder:1950_1" 7fbe311000 55983 1 1
           <...>-1969  [004] d..2  6147.838139: free_swap_slot: swapfree cache 55982
           <...>-1969  [004] ....  6147.838141: do_swap_page: swapin tgid 1950 1969 "Binder:1950_1" 7f2d686000 55979 1 1
           <...>-1969  [004] d..2  6147.838142: free_swap_slot: swapfree cache 55979
           <...>-1969  [004] ....  6147.838145: do_swap_page: swapin tgid 1950 1969 "Binder:1950_1" 7f2d61e000 55975 1 1
           <...>-1969  [004] d..2  6147.838146: free_swap_slot: swapfree cache 55975
           <...>-1969  [004] ....  6147.838149: do_swap_page: swapin tgid 1950 1969 "Binder:1950_1" 7f2d16b000 ed03a 0 1
           <...>-1876  [004] ....  6147.838171: do_swap_page: swapin tgid 1792 1876 "Binder:1792_3" 7fbbd8e000 2975a 1 1
           <...>-1876  [004] ....  6147.838176: do_swap_page: swapin tgid 1792 1876 "Binder:1792_3" 7f2895f000 5196f 1 1
           <...>-1876  [004] ....  6147.838179: do_swap_page: swapin tgid 1792 1876 "Binder:1792_3" 7f28b1c000 51972 1 1
           <...>-1876  [004] d..2  6147.838180: free_swap_slot: swapfree cache 5196f
           <...>-1876  [004] ....  6147.838182: do_swap_page: swapin tgid 1792 1876 "Binder:1792_3" 7fbe1d3000 5197c 1 1
           <...>-1876  [004] d..2  6147.838183: free_swap_slot: swapfree cache 5197c
           <...>-1876  [004] ....  6147.838187: do_swap_page: swapin tgid 1792 1876 "Binder:1792_3" 7f28d77000 51975 1 1
           <...>-1876  [004] d..2  6147.838205: free_swap_slot: swapfree cache 51975
           <...>-1876  [004] ....  6147.838209: do_swap_page: swapin tgid 1792 1876 "Binder:1792_3" 7f2d146000 29721 0 1
           <...>-2180  [004] ....  6147.838233: do_swap_page: swapin tgid 1687 2180 "ScreenDecoratio" 7f28f0a000 7989b 1 1
           <...>-2180  [004] ....  6147.838261: do_swap_page: swapin tgid 1687 2180 "ScreenDecoratio" 7ebdf8c000 4196e 1 1
    RenderThread-2113  [004] ....  6147.838340: do_swap_page: swapin tgid 1687 2113 "RenderThread" 7ebe07a000 41996 1 1
           <...>-2484  [004] ....  6147.838351: do_swap_page: swapin tgid 2460 2484 "Binder:2460_1" 7fbd2a3000 551b0 1 1
           <...>-2484  [004] ....  6147.838356: do_swap_page: swapin tgid 2460 2484 "Binder:2460_1" 7fbe2f3000 a19d4 1 1
           <...>-2484  [004] d..2  6147.838360: free_swap_slot: swapfree cache a19d4
           <...>-2484  [004] ....  6147.838363: do_swap_page: swapin tgid 2460 2484 "Binder:2460_1" 7fbe241000 59130 0 1
           <...>-2484  [004] ....  6147.838539: do_swap_page: swapin tgid 2460 2484 "Binder:2460_1" 7fbe241000 59130 1 1
           <...>-2484  [004] ....  6147.838546: do_swap_page: swapin tgid 2460 2484 "Binder:2460_1" 7fbe1e9000 5910f 0 1
 droid.launcher3-2013  [004] ....  6147.838567: do_swap_page: swapin tgid 2013 2013 "droid.launcher3" 9e94c000 1090fc 1 1
 droid.launcher3-2013  [004] ....  6147.838573: do_swap_page: swapin tgid 2013 2013 "droid.launcher3" 13d54000 5998e 1 1
 droid.launcher3-2013  [004] d..2  6147.838577: free_swap_slot: swapfree cache 559a6
 droid.launcher3-2013  [004] ....  6147.838581: do_swap_page: swapin tgid 2013 2013 "droid.launcher3" 7ec50f3000 5d9e3 1 1
 droid.launcher3-2013  [004] d..2  6147.838583: free_swap_slot: swapfree cache 5d9e3
 droid.launcher3-2013  [004] ....  6147.838585: do_swap_page: swapin tgid 2013 2013 "droid.launcher3" 7fbe1d0000 6d9dc 1 1
 droid.launcher3-2013  [004] d..2  6147.838587: free_swap_slot: swapfree cache 6d9dc
 droid.launcher3-2013  [004] ....  6147.838591: do_swap_page: swapin tgid 2013 2013 "droid.launcher3" 7ec7aaa000 61930 1 1
 droid.launcher3-2013  [004] d..2  6147.838593: free_swap_slot: swapfree cache 61930
 droid.launcher3-2013  [004] ....  6147.838594: do_swap_page: swapin tgid 2013 2013 "droid.launcher3" 7f2d23d000 699af 1 1
 droid.launcher3-2013  [004] d..2  6147.838596: free_swap_slot: swapfree cache 5998e
 droid.launcher3-2013  [004] ....  6147.838603: do_swap_page: swapin tgid 2013 2013 "droid.launcher3" 12c00000 55984 1 1
 droid.launcher3-2013  [004] d..2  6147.838604: free_swap_slot: swapfree cache 55984
 droid.launcher3-2013  [004] ....  6147.838609: do_swap_page: swapin tgid 2013 2013 "droid.launcher3" 7fbe292000 71909 1 1
 droid.launcher3-2013  [004] d..2  6147.838610: free_swap_slot: swapfree cache 71909
 droid.launcher3-2013  [004] ....  6147.838617: do_swap_page: swapin tgid 2013 2013 "droid.launcher3" 7fbf5e3000 1450e3 0 1
           <...>-2477  [004] ....  6147.838643: do_swap_page: swapin tgid 2442 2477 "Binder:2442_1" 7fbbd8e000 49188 1 1
           <...>-2477  [004] ....  6147.838648: do_swap_page: swapin tgid 2442 2477 "Binder:2442_1" 7fbe306000 a19bf 1 1
           <...>-2477  [004] ....  6147.838650: do_swap_page: swapin tgid 2442 2477 "Binder:2442_1" 7fbe30f000 a19c0 1 1
           <...>-2477  [004] d..2  6147.838652: free_swap_slot: swapfree cache a19bf
           <...>-2477  [004] ....  6147.838653: do_swap_page: swapin tgid 2442 2477 "Binder:2442_1" 7fbe1d3000 a19bb 1 1
           <...>-2477  [004] d..2  6147.838654: free_swap_slot: swapfree cache a19bb
           <...>-2477  [004] ....  6147.838658: do_swap_page: swapin tgid 2442 2477 "Binder:2442_1" 7fbe1db000 a19bc 1 1
           <...>-2477  [004] d..2  6147.838659: free_swap_slot: swapfree cache a19bc
           <...>-2477  [004] ....  6147.838661: do_swap_page: swapin tgid 2442 2477 "Binder:2442_1" 7f395f0000 49144 0 1
           <...>-2711  [004] ....  6147.838704: do_swap_page: swapin tgid 1880 2711 "Binder:1880_4" 7f2d16d000 a90ff 1 1
           <...>-2711  [004] ....  6147.838710: do_swap_page: swapin tgid 1880 2711 "Binder:1880_4" 7f39800000 ad096 0 1
           <...>-2484  [004] ....  6147.838731: do_swap_page: swapin tgid 2460 2484 "Binder:2460_1" 7fbe1e9000 5910f 1 1
           <...>-2484  [004] ....  6147.838741: do_swap_page: swapin tgid 2460 2484 "Binder:2460_1" 7f393f7000 5515e 0 1
 droid.launcher3-2013  [004] ....  6147.838783: do_swap_page: swapin tgid 2013 2013 "droid.launcher3" 7fbf5e3000 1450e3 1 1
 droid.launcher3-2013  [004] ....  6147.838836: do_swap_page: swapin tgid 2013 2013 "droid.launcher3" 7ec7a86000 6192c 1 1
 droid.launcher3-2013  [004] d..2  6147.838838: swapcache_free_entries: swapfree direct 35968
 droid.launcher3-2013  [004] d..3  6147.838839: swapcache_free_entries: swapfree direct 35969
 droid.launcher3-2013  [004] d..3  6147.838839: swapcache_free_entries: swapfree direct 51987
 droid.launcher3-2013  [004] d..3  6147.838840: swapcache_free_entries: swapfree direct 519d7
 droid.launcher3-2013  [004] d..3  6147.838840: swapcache_free_entries: swapfree direct 55974
 droid.launcher3-2013  [004] d..3  6147.838841: swapcache_free_entries: swapfree direct 5198e
 droid.launcher3-2013  [004] d..3  6147.838841: swapcache_free_entries: swapfree direct 51984
 droid.launcher3-2013  [004] d..3  6147.838842: swapcache_free_entries: swapfree direct 51981
 droid.launcher3-2013  [004] d..3  6147.838842: swapcache_free_entries: swapfree direct 51980
 droid.launcher3-2013  [004] d..3  6147.838842: swapcache_free_entries: swapfree direct 5198f
 droid.launcher3-2013  [004] d..3  6147.838843: swapcache_free_entries: swapfree direct 51982
 droid.launcher3-2013  [004] d..3  6147.838843: swapcache_free_entries: swapfree direct 51971
 droid.launcher3-2013  [004] d..3  6147.838844: swapcache_free_entries: swapfree direct a19b1
 droid.launcher3-2013  [004] d..3  6147.838844: swapcache_free_entries: swapfree direct 5597d
 droid.launcher3-2013  [004] d..3  6147.838845: swapcache_free_entries: swapfree direct 5597b
 droid.launcher3-2013  [004] d..3  6147.838845: swapcache_free_entries: swapfree direct 55971
 droid.launcher3-2013  [004] d..3  6147.838846: swapcache_free_entries: swapfree direct 55970
 droid.launcher3-2013  [004] d..3  6147.838846: swapcache_free_entries: swapfree direct 5597e
 droid.launcher3-2013  [004] d..3  6147.838846: swapcache_free_entries: swapfree direct 519d1
 droid.launcher3-2013  [004] d..3  6147.838847: swapcache_free_entries: swapfree direct 51978
 droid.launcher3-2013  [004] d..3  6147.838847: swapcache_free_entries: swapfree direct 51976
 droid.launcher3-2013  [004] d..3  6147.838848: swapcache_free_entries: swapfree direct 5196b
 droid.launcher3-2013  [004] d..3  6147.838848: swapcache_free_entries: swapfree direct 5196e
 droid.launcher3-2013  [004] d..3  6147.838848: swapcache_free_entries: swapfree direct 51979
 droid.launcher3-2013  [004] d..3  6147.838849: swapcache_free_entries: swapfree direct 5196c
 droid.launcher3-2013  [004] d..3  6147.838850: swapcache_free_entries: swapfree direct a19b6
 droid.launcher3-2013  [004] d..3  6147.838850: swapcache_free_entries: swapfree direct a19b4
 droid.launcher3-2013  [004] d..3  6147.838850: swapcache_free_entries: swapfree direct a19a8
 droid.launcher3-2013  [004] d..3  6147.838851: swapcache_free_entries: swapfree direct a19a7
 droid.launcher3-2013  [004] d..3  6147.838851: swapcache_free_entries: swapfree direct a19b7
 droid.launcher3-2013  [004] d..3  6147.838852: swapcache_free_entries: swapfree direct a19a9
 droid.launcher3-2013  [004] d..3  6147.838852: swapcache_free_entries: swapfree direct 59942
 droid.launcher3-2013  [004] d..3  6147.838853: swapcache_free_entries: swapfree direct 5599f
 droid.launcher3-2013  [004] d..3  6147.838853: swapcache_free_entries: swapfree direct a19c7
 droid.launcher3-2013  [004] d..3  6147.838854: swapcache_free_entries: swapfree direct a19cb
 droid.launcher3-2013  [004] d..3  6147.838854: swapcache_free_entries: swapfree direct 2d9f8
 droid.launcher3-2013  [004] d..3  6147.838855: swapcache_free_entries: swapfree direct 2d9f9
 droid.launcher3-2013  [004] d..3  6147.838855: swapcache_free_entries: swapfree direct 41903
 droid.launcher3-2013  [004] d..3  6147.838856: swapcache_free_entries: swapfree direct 55939
 droid.launcher3-2013  [004] d..3  6147.838856: swapcache_free_entries: swapfree direct a19c6
 droid.launcher3-2013  [004] d..3  6147.838856: swapcache_free_entries: swapfree direct a19d0
 droid.launcher3-2013  [004] d..3  6147.838857: swapcache_free_entries: swapfree direct 559f6
 droid.launcher3-2013  [004] d..3  6147.838857: swapcache_free_entries: swapfree direct 51989
 droid.launcher3-2013  [004] d..3  6147.838858: swapcache_free_entries: swapfree direct 51993
 droid.launcher3-2013  [004] d..3  6147.838858: swapcache_free_entries: swapfree direct 51988
 droid.launcher3-2013  [004] d..3  6147.838858: swapcache_free_entries: swapfree direct a19c5
 droid.launcher3-2013  [004] d..3  6147.838859: swapcache_free_entries: swapfree direct a19d3
 droid.launcher3-2013  [004] d..3  6147.838859: swapcache_free_entries: swapfree direct 55982
 droid.launcher3-2013  [004] d..3  6147.838859: swapcache_free_entries: swapfree direct 55979
 droid.launcher3-2013  [004] d..3  6147.838860: swapcache_free_entries: swapfree direct 55975
 droid.launcher3-2013  [004] d..3  6147.838860: swapcache_free_entries: swapfree direct 5196f
 droid.launcher3-2013  [004] d..3  6147.838860: swapcache_free_entries: swapfree direct 5197c
 droid.launcher3-2013  [004] d..3  6147.838861: swapcache_free_entries: swapfree direct 51975
 droid.launcher3-2013  [004] d..3  6147.838861: swapcache_free_entries: swapfree direct a19d4
 droid.launcher3-2013  [004] d..3  6147.838862: swapcache_free_entries: swapfree direct 559a6
 droid.launcher3-2013  [004] d..3  6147.838862: swapcache_free_entries: swapfree direct 5d9e3
 droid.launcher3-2013  [004] d..3  6147.838863: swapcache_free_entries: swapfree direct 6d9dc
 droid.launcher3-2013  [004] d..3  6147.838863: swapcache_free_entries: swapfree direct 61930
 droid.launcher3-2013  [004] d..3  6147.838864: swapcache_free_entries: swapfree direct 5998e
 droid.launcher3-2013  [004] d..3  6147.838864: swapcache_free_entries: swapfree direct 55984
 droid.launcher3-2013  [004] d..3  6147.838865: swapcache_free_entries: swapfree direct 71909
 droid.launcher3-2013  [004] d..3  6147.838865: swapcache_free_entries: swapfree direct a19bf
 droid.launcher3-2013  [004] d..3  6147.838865: swapcache_free_entries: swapfree direct a19bb
 droid.launcher3-2013  [004] d..3  6147.838866: swapcache_free_entries: swapfree direct a19bc
 droid.launcher3-2013  [004] d..2  6147.838866: free_swap_slot: swapfree cache 6192c
 droid.launcher3-2013  [004] ....  6147.838868: do_swap_page: swapin tgid 2013 2013 "droid.launcher3" 7ec7a87000 6192d 1 1
 droid.launcher3-2013  [004] d..2  6147.838869: free_swap_slot: swapfree cache 6192d
 droid.launcher3-2013  [004] .n..  6147.838901: do_swap_page: swapin tgid 2013 2013 "droid.launcher3" 7285c000 599ac 1 1
 droid.launcher3-2013  [004] ....  6147.838910: do_swap_page: swapin tgid 2013 2013 "droid.launcher3" 729c9000 599fa 1 1
 droid.launcher3-2013  [004] ....  6147.838918: do_swap_page: swapin tgid 2013 2013 "droid.launcher3" 7ec7aac000 61932 1 1
 droid.launcher3-2013  [004] d..2  6147.838920: free_swap_slot: swapfree cache 61932
 droid.launcher3-2013  [004] ....  6147.838928: do_swap_page: swapin tgid 2013 2013 "droid.launcher3" 13030000 559cb 1 1
 droid.launcher3-2013  [004] d..2  6147.838941: free_swap_slot: swapfree cache 5997c
 droid.launcher3-2013  [004] ....  6147.838945: do_swap_page: swapin tgid 2013 2013 "droid.launcher3" 9e96f000 10d01f 0 1
           <...>-2484  [004] ....  6147.838986: do_swap_page: swapin tgid 2460 2484 "Binder:2460_1" 7f393f7000 5515e 1 1
           <...>-2484  [004] ....  6147.838992: do_swap_page: swapin tgid 2460 2484 "Binder:2460_1" 7fbe165000 551e4 0 1
           <...>-1894  [004] ....  6147.839018: do_swap_page: swapin tgid 1894 1894 "m.android.phone" 7fbe211000 e10f0 1 1
           <...>-1894  [004] ....  6147.839024: do_swap_page: swapin tgid 1894 1894 "m.android.phone" 7f28a5d000 519f4 1 1
           <...>-1894  [004] ....  6147.839027: do_swap_page: swapin tgid 1894 1894 "m.android.phone" 7f28a54000 a8e56 1 25
           <...>-1894  [004] ....  6147.839030: do_swap_page: swapin tgid 1894 1894 "m.android.phone" 7f28a22000 d5082 0 1
 droid.launcher3-2013  [004] ....  6147.839067: do_swap_page: swapin tgid 2013 2013 "droid.launcher3" 9e96f000 10d01f 1 1
 droid.launcher3-2013  [004] ....  6147.839078: do_swap_page: swapin tgid 2013 2013 "droid.launcher3" 1301b000 559b6 1 1
 droid.launcher3-2013  [004] d..2  6147.839082: free_swap_slot: swapfree cache 559b6
 droid.launcher3-2013  [004] ....  6147.839134: do_swap_page: swapin tgid 2013 2013 "droid.launcher3" 7fbf700000 71923 1 1
 droid.launcher3-2013  [004] d..2  6147.839136: free_swap_slot: swapfree cache 71923
 droid.launcher3-2013  [004] d..2  6147.839139: free_swap_slot: swapfree cache 69979
 droid.launcher3-2013  [004] ....  6147.839148: do_swap_page: swapin tgid 2013 2013 "droid.launcher3" 13be9000 59968 1 1
 droid.launcher3-2013  [004] d..2  6147.839150: free_swap_slot: swapfree cache 59968
 droid.launcher3-2013  [004] ....  6147.839173: do_swap_page: swapin tgid 2013 2013 "droid.launcher3" 7fbe177000 6d9c7 1 1
 droid.launcher3-2013  [004] d..2  6147.839174: free_swap_slot: swapfree cache 6d9c7
 droid.launcher3-2013  [004] ....  6147.839177: do_swap_page: swapin tgid 2013 2013 "droid.launcher3" 7f28b2f000 6996e 1 1
 droid.launcher3-2013  [004] dn.2  6147.839194: free_swap_slot: swapfree cache 6996e
 droid.launcher3-2013  [004] ....  6147.839200: do_swap_page: swapin tgid 2013 2013 "droid.launcher3" 7f28b3c000 69972 1 1
 droid.launcher3-2013  [004] d..2  6147.839203: free_swap_slot: swapfree cache 6d9d8
 droid.launcher3-2013  [004] ....  6147.839206: do_swap_page: swapin tgid 2013 2013 "droid.launcher3" 7fbe293000 7190a 1 1
 droid.launcher3-2013  [004] d..2  6147.839207: free_swap_slot: swapfree cache 7190a
 droid.launcher3-2013  [004] ....  6147.839213: do_swap_page: swapin tgid 2013 2013 "droid.launcher3" 7f28b4c000 69977 1 1
 droid.launcher3-2013  [004] d..2  6147.839214: free_swap_slot: swapfree cache 69977
 droid.launcher3-2013  [004] d..2  6147.839215: free_swap_slot: swapfree cache 69972
           <...>-2484  [004] ....  6147.839230: do_swap_page: swapin tgid 2460 2484 "Binder:2460_1" 7fbe165000 551e4 1 1
           <...>-2484  [004] ....  6147.839235: do_swap_page: swapin tgid 2460 2484 "Binder:2460_1" 7f28b80000 a19c9 1 1
           <...>-2484  [004] ....  6147.839239: do_swap_page: swapin tgid 2460 2484 "Binder:2460_1" 7fbbd8f000 55199 0 1
 droid.launcher3-2013  [004] ....  6147.839383: do_swap_page: swapin tgid 2013 2013 "droid.launcher3" 7f395f1000 141026 0 1
           <...>-2484  [004] ....  6147.839406: do_swap_page: swapin tgid 2460 2484 "Binder:2460_1" 7fbbd8f000 55199 1 1
           <...>-2484  [004] ....  6147.839412: do_swap_page: swapin tgid 2460 2484 "Binder:2460_1" 7fbbbf9000 55196 0 1
           <...>-1969  [004] ....  6147.839438: do_swap_page: swapin tgid 1950 1969 "Binder:1950_1" 7f2d16b000 ed03a 1 1
           <...>-1969  [004] ....  6147.839445: do_swap_page: swapin tgid 1950 1969 "Binder:1950_1" 7f39800000 f1087 0 1
           <...>-2711  [004] ....  6147.839466: do_swap_page: swapin tgid 1880 2711 "Binder:1880_4" 7f39800000 ad096 1 1
           <...>-2711  [004] d..2  6147.839472: free_swap_slot: swapfree cache 5198b
           <...>-2711  [004] ....  6147.839475: do_swap_page: swapin tgid 1880 2711 "Binder:1880_4" 7f395f0000 ad094 0 1
           <...>-1876  [004] ....  6147.839500: do_swap_page: swapin tgid 1792 1876 "Binder:1792_3" 7f2d146000 29721 1 1
           <...>-1876  [004] ....  6147.839507: do_swap_page: swapin tgid 1792 1876 "Binder:1792_3" 7f39800000 29750 0 1
           <...>-2477  [004] ....  6147.839531: do_swap_page: swapin tgid 2442 2477 "Binder:2442_1" 7f395f0000 49144 1 1
           <...>-2477  [004] ....  6147.839536: do_swap_page: swapin tgid 2442 2477 "Binder:2442_1" 7f39800000 49146 0 1
 droid.launcher3-2013  [004] ....  6147.839574: do_swap_page: swapin tgid 2013 2013 "droid.launcher3" 7f395f1000 141026 1 1
 droid.launcher3-2013  [004] ....  6147.839585: do_swap_page: swapin tgid 2013 2013 "droid.launcher3" 7fbf6ff000 1bd322 0 1
           <...>-2484  [004] ....  6147.839635: do_swap_page: swapin tgid 2460 2484 "Binder:2460_1" 7fbbbf9000 55196 1 1
           <...>-2484  [004] ....  6147.839641: do_swap_page: swapin tgid 2460 2484 "Binder:2460_1" 7f28b18000 a19c8 1 1
           <...>-2484  [004] d..2  6147.839644: free_swap_slot: swapfree cache a19c9
           <...>-2484  [004] ....  6147.839646: do_swap_page: swapin tgid 2460 2484 "Binder:2460_1" 7f393f5000 ace52 1 13
           <...>-2484  [004] ....  6147.839647: do_swap_page: swapin tgid 2460 2484 "Binder:2460_1" 7fbe23c000 5912f 0 1
           <...>-1969  [004] ....  6147.839686: do_swap_page: swapin tgid 1950 1969 "Binder:1950_1" 7f39800000 f1087 1 1
           <...>-1969  [004] d..2  6147.839692: free_swap_slot: swapfree cache 55983
           <...>-1969  [004] ....  6147.839697: do_swap_page: swapin tgid 1950 1969 "Binder:1950_1" 136c1000 e902f 0 1
 droid.launcher3-2013  [004] ....  6147.839753: do_swap_page: swapin tgid 2013 2013 "droid.launcher3" 7fbf6ff000 1bd322 1 1
 droid.launcher3-2013  [004] ....  6147.839772: do_swap_page: swapin tgid 2013 2013 "droid.launcher3" 9e901000 5d966 1 1
 droid.launcher3-2013  [004] ....  6147.839775: do_swap_page: swapin tgid 2013 2013 "droid.launcher3" 9e958000 5d97f 1 1
 droid.launcher3-2013  [004] ....  6147.839779: do_swap_page: swapin tgid 2013 2013 "droid.launcher3" 13d42000 5997f 1 1
 droid.launcher3-2013  [004] ....  6147.839798: do_swap_page: swapin tgid 2013 2013 "droid.launcher3" 9e8fd000 5d962 1 1
 droid.launcher3-2013  [004] ....  6147.839804: do_swap_page: swapin tgid 2013 2013 "droid.launcher3" 9e8d1000 109081 0 1
           <...>-2484  [004] ....  6147.839825: do_swap_page: swapin tgid 2460 2484 "Binder:2460_1" 7fbe23c000 5912f 1 1
           <...>-2484  [004] ....  6147.839831: do_swap_page: swapin tgid 2460 2484 "Binder:2460_1" 7f31924000 5514c 0 1
           <...>-1894  [004] ....  6147.839856: do_swap_page: swapin tgid 1894 1894 "m.android.phone" 7f28a22000 d5082 1 1
           <...>-1894  [004] d..2  6147.839862: free_swap_slot: swapfree cache 519f4
           <...>-1894  [004] ....  6147.839867: do_swap_page: swapin tgid 1894 1894 "m.android.phone" 7fba53b000 dd0ff 0 1
           <...>-2180  [004] ....  6147.839942: do_swap_page: swapin tgid 1687 2180 "ScreenDecoratio" 13e80000 2d9fa 1 1
           <...>-2180  [004] d..2  6147.839946: free_swap_slot: swapfree cache 2d9fa
           <...>-2180  [004] ....  6147.839979: do_swap_page: swapin tgid 1687 2180 "ScreenDecoratio" 13e84000 2d9fe 1 1
           <...>-2180  [004] d..2  6147.839983: free_swap_slot: swapfree cache 2d9fe
           <...>-2180  [004] d..2  6147.839984: free_swap_slot: swapfree cache 2d9c3
    RenderThread-2113  [004] ....  6147.840052: do_swap_page: swapin tgid 1687 2113 "RenderThread" 7ebe195000 419c8 1 1
           <...>-2484  [004] ....  6147.840064: do_swap_page: swapin tgid 2460 2484 "Binder:2460_1" 7f31924000 5514c 1 1
           <...>-2484  [004] ....  6147.840071: do_swap_page: swapin tgid 2460 2484 "Binder:2460_1" 146c4000 51109 0 1
 droid.launcher3-2013  [004] ....  6147.840149: do_swap_page: swapin tgid 2013 2013 "droid.launcher3" 9e8d1000 109081 1 1
 droid.launcher3-2013  [004] ....  6147.840154: do_swap_page: swapin tgid 2013 2013 "droid.launcher3" 9e8fe000 5d963 1 1
 droid.launcher3-2013  [004] ....  6147.840157: do_swap_page: swapin tgid 2013 2013 "droid.launcher3" 13d45000 59982 1 1
 droid.launcher3-2013  [004] d..2  6147.840160: free_swap_slot: swapfree cache 59982
 droid.launcher3-2013  [004] ....  6147.840165: do_swap_page: swapin tgid 2013 2013 "droid.launcher3" 7f2d228000 699ad 1 1
 droid.launcher3-2013  [004] ....  6147.840172: do_swap_page: swapin tgid 2013 2013 "droid.launcher3" 13d43000 59980 1 1
           <...>-2711  [004] ....  6147.840185: do_swap_page: swapin tgid 1880 2711 "Binder:1880_4" 7f395f0000 ad094 1 1
