    RenderThread-6588  [004] d..2  5307.821321: free_swap_slot: swapfree cache 1658e6
    RenderThread-6588  [004] ....  5307.821326: do_swap_page: swapin tgid 6519 6588 "RenderThread" 7f2d144000 95378 0 1
           <...>-8153  [004] ....  5307.821395: do_swap_page: swapin tgid 1335 8153 "RenderThread" 7f2d7cf000 51809 1 1
           <...>-8153  [004] d..2  5307.821471: free_swap_slot: swapfree cache 4d8e4
           <...>-8153  [004] d..2  5307.821563: free_swap_slot: swapfree cache 55804
           <...>-8153  [004] d..2  5307.821566: free_swap_slot: swapfree cache 4d851
           <...>-8153  [004] d..2  5307.821570: free_swap_slot: swapfree cache 398f0
           <...>-2013  [004] ....  5307.821597: do_swap_page: swapin tgid 2013 2013 "droid.launcher3" 9e8be000 35766 1 1
           <...>-2013  [004] ....  5307.821602: do_swap_page: swapin tgid 2013 2013 "droid.launcher3" 9e89d000 35753 0 1
 android.display-1358  [004] ....  5307.821640: do_swap_page: swapin tgid 1335 1358 "android.display" 7f2d6af000 4d8bc 1 1
 android.display-1358  [004] ....  5307.821644: do_swap_page: swapin tgid 1335 1358 "android.display" 7f2d685000 4d8a9 1 1
 android.display-1358  [004] ....  5307.821664: do_swap_page: swapin tgid 1335 1358 "android.display" 7ecd71f000 4588d 1 1
 android.display-1358  [004] d..2  5307.821667: free_swap_slot: swapfree cache 4588e
 android.display-1358  [004] ....  5307.821679: do_swap_page: swapin tgid 1335 1358 "android.display" 9ea1e000 148f76 0 1
 ndroid.systemui-1687  [004] ....  5307.821712: do_swap_page: swapin tgid 1687 1687 "ndroid.systemui" 9e9d4000 698b9 1 1
           <...>-2013  [004] ....  5307.821738: do_swap_page: swapin tgid 2013 2013 "droid.launcher3" 9e89d000 35753 1 1
           <...>-2013  [004] ....  5307.821743: do_swap_page: swapin tgid 2013 2013 "droid.launcher3" 9e865000 35733 0 1
 ndroid.systemui-1687  [004] .n..  5307.821785: do_swap_page: swapin tgid 1687 1687 "ndroid.systemui" 9eb41000 1102d 0 1
    RenderThread-6588  [004] ....  5307.821792: do_swap_page: swapin tgid 6519 6588 "RenderThread" 7f2d144000 95378 1 1
    RenderThread-6588  [004] ....  5307.821860: do_swap_page: swapin tgid 6519 6588 "RenderThread" 7eaef75000 169894 1 1
    RenderThread-6588  [004] d..2  5307.821896: free_swap_slot: swapfree cache 1798c6
    RenderThread-6588  [004] d..2  5307.821899: free_swap_slot: swapfree cache 175809
    RenderThread-6588  [004] d..2  5307.821903: free_swap_slot: swapfree cache 1658d2
           <...>-2013  [004] ....  5307.821912: do_swap_page: swapin tgid 2013 2013 "droid.launcher3" 9e865000 35733 1 1
           <...>-2013  [004] ....  5307.821918: do_swap_page: swapin tgid 2013 2013 "droid.launcher3" 9e8b6000 35762 0 1
 android.display-1358  [004] ....  5307.821952: do_swap_page: swapin tgid 1335 1358 "android.display" 9ea1e000 148f76 1 1
 android.display-1358  [004] d..2  5307.821967: free_swap_slot: swapfree cache 4588d
 android.display-1358  [004] ....  5307.821971: do_swap_page: swapin tgid 1335 1358 "android.display" 9e87b000 31806 1 1
 android.display-1358  [004] ....  5307.821974: do_swap_page: swapin tgid 1335 1358 "android.display" 9e892000 3181d 1 1
 android.display-1358  [004] ....  5307.821976: do_swap_page: swapin tgid 1335 1358 "android.display" 9eb24000 14cf7c 0 1
           <...>-2013  [004] ....  5307.822028: do_swap_page: swapin tgid 2013 2013 "droid.launcher3" 9e8b6000 35762 1 1
           <...>-2013  [004] ....  5307.822033: do_swap_page: swapin tgid 2013 2013 "droid.launcher3" 9e8a2000 35756 0 1
 android.display-1358  [004] ....  5307.822148: do_swap_page: swapin tgid 1335 1358 "android.display" 9eb24000 14cf7c 1 1
 android.display-1358  [004] ....  5307.822157: do_swap_page: swapin tgid 1335 1358 "android.display" 9e912000 31876 1 1
 android.display-1358  [004] ....  5307.822161: do_swap_page: swapin tgid 1335 1358 "android.display" 9e930000 31894 1 1
 android.display-1358  [004] ....  5307.822165: do_swap_page: swapin tgid 1335 1358 "android.display" 12cc6000 1fd70c 1 1
 android.display-1358  [004] d..2  5307.822167: free_swap_slot: swapfree cache 1fd70c
 android.display-1358  [004] ....  5307.822215: do_swap_page: swapin tgid 1335 1358 "android.display" 9ebac000 150f04 0 1
           <...>-2013  [004] ....  5307.822240: do_swap_page: swapin tgid 2013 2013 "droid.launcher3" 9e8a2000 35756 1 1
           <...>-2013  [004] ....  5307.822246: do_swap_page: swapin tgid 2013 2013 "droid.launcher3" 9e89b000 35752 0 1
 ndroid.systemui-1687  [004] ....  5307.822294: do_swap_page: swapin tgid 1687 1687 "ndroid.systemui" 9eb41000 1102d 1 1
 ndroid.systemui-1687  [004] ....  5307.822299: do_swap_page: swapin tgid 1687 1687 "ndroid.systemui" 9ea84000 d070 0 1
           <...>-2013  [004] ....  5307.822425: do_swap_page: swapin tgid 2013 2013 "droid.launcher3" 9e89b000 35752 1 1
           <...>-2013  [004] ....  5307.822430: do_swap_page: swapin tgid 2013 2013 "droid.launcher3" 9e8e7000 3576c 0 1
 android.display-1358  [004] ....  5307.822453: do_swap_page: swapin tgid 1335 1358 "android.display" 9ebac000 150f04 1 1
 android.display-1358  [004] ....  5307.822461: do_swap_page: swapin tgid 1335 1358 "android.display" 9ea68000 148fc0 0 1
           <...>-2013  [004] ....  5307.822557: do_swap_page: swapin tgid 2013 2013 "droid.launcher3" 9e8e7000 3576c 1 1
           <...>-2013  [004] ....  5307.822562: do_swap_page: swapin tgid 2013 2013 "droid.launcher3" 9e992000 10d042 0 1
 android.display-1358  [004] ....  5307.822623: do_swap_page: swapin tgid 1335 1358 "android.display" 9ea68000 148fc0 1 1
 android.display-1358  [004] ....  5307.822628: do_swap_page: swapin tgid 1335 1358 "android.display" 9ea59000 148fb1 0 1
 ndroid.systemui-1687  [004] ....  5307.822667: do_swap_page: swapin tgid 1687 1687 "ndroid.systemui" 9ea84000 d070 1 1
 ndroid.systemui-1687  [004] ....  5307.822675: do_swap_page: swapin tgid 1687 1687 "ndroid.systemui" 9e9c0000 698a5 1 1
 ndroid.systemui-1687  [004] ....  5307.822677: do_swap_page: swapin tgid 1687 1687 "ndroid.systemui" 9ea6f000 d05b 0 1
           <...>-2013  [004] ....  5307.822733: do_swap_page: swapin tgid 2013 2013 "droid.launcher3" 9e992000 10d042 1 1
           <...>-2013  [004] ....  5307.822739: do_swap_page: swapin tgid 2013 2013 "droid.launcher3" 9e93e000 1090ee 0 1
 android.display-1358  [004] ....  5307.822817: do_swap_page: swapin tgid 1335 1358 "android.display" 9ea59000 148fb1 1 1
 android.display-1358  [004] ....  5307.822828: do_swap_page: swapin tgid 1335 1358 "android.display" 9e8fd000 31861 1 1
 android.display-1358  [004] d..2  5307.822837: free_swap_slot: swapfree cache 29841
 android.display-1358  [004] ....  5307.822844: do_swap_page: swapin tgid 1335 1358 "android.display" 13ef6000 19882 1 1
 android.display-1358  [004] d..2  5307.822847: free_swap_slot: swapfree cache 19882
 android.display-1358  [004] ....  5307.822877: do_swap_page: swapin tgid 1335 1358 "android.display" 7f28a21000 4d81a 1 1
 android.display-1358  [004] d..2  5307.822880: free_swap_slot: swapfree cache 4d81a
 android.display-1358  [004] ....  5307.822884: do_swap_page: swapin tgid 1335 1358 "android.display" 7eb7c6f000 1b95ae 0 1
           <...>-2013  [004] ....  5307.822908: do_swap_page: swapin tgid 2013 2013 "droid.launcher3" 9e93e000 1090ee 1 1
           <...>-2013  [004] ....  5307.822916: do_swap_page: swapin tgid 2013 2013 "droid.launcher3" 13d7c000 898c7 1 1
           <...>-2013  [004] d..2  5307.822920: free_swap_slot: swapfree cache 898c7
           <...>-2013  [004] ....  5307.822924: do_swap_page: swapin tgid 2013 2013 "droid.launcher3" 7fffffb000 9d889 1 1
           <...>-2013  [004] d..2  5307.822929: free_swap_slot: swapfree cache 9d889
           <...>-2013  [004] ....  5307.822933: do_swap_page: swapin tgid 2013 2013 "droid.launcher3" 7ec7aa3000 8d88d 1 1
           <...>-2013  [004] d..2  5307.822935: free_swap_slot: swapfree cache 8d88d
           <...>-2013  [004] ....  5307.822938: do_swap_page: swapin tgid 2013 2013 "droid.launcher3" 7f289f8000 958d8 1 1
           <...>-2013  [004] d..2  5307.822939: free_swap_slot: swapfree cache 958d8
           <...>-2013  [004] d..2  5307.822945: free_swap_slot: swapfree cache 898ae
           <...>-2013  [004] ....  5307.822947: do_swap_page: swapin tgid 2013 2013 "droid.launcher3" 9e997000 10d047 0 1
 ndroid.systemui-1687  [004] ....  5307.822974: do_swap_page: swapin tgid 1687 1687 "ndroid.systemui" 9ea6f000 d05b 1 1
 ndroid.systemui-1687  [004] ....  5307.822980: do_swap_page: swapin tgid 1687 1687 "ndroid.systemui" 9ea97000 d083 0 1
 android.display-1358  [004] ....  5307.823060: do_swap_page: swapin tgid 1335 1358 "android.display" 7eb7c6f000 1b95ae 1 1
 android.display-1358  [004] ....  5307.823068: do_swap_page: swapin tgid 1335 1358 "android.display" 7f28a79000 1d0f05 0 1
           <...>-2013  [004] ....  5307.823126: do_swap_page: swapin tgid 2013 2013 "droid.launcher3" 9e997000 10d047 1 1
           <...>-2013  [004] ....  5307.823132: do_swap_page: swapin tgid 2013 2013 "droid.launcher3" 7fffff9000 9d887 1 1
           <...>-2013  [004] ....  5307.823142: do_swap_page: swapin tgid 2013 2013 "droid.launcher3" 9e881000 35742 0 1
 ndroid.systemui-1687  [004] ....  5307.823168: do_swap_page: swapin tgid 1687 1687 "ndroid.systemui" 9ea97000 d083 1 1
 ndroid.systemui-1687  [004] d..2  5307.823239: free_swap_slot: swapfree cache 75822
           <...>-2013  [004] ....  5307.823268: do_swap_page: swapin tgid 2013 2013 "droid.launcher3" 9e881000 35742 1 1
           <...>-2013  [004] ....  5307.823274: do_swap_page: swapin tgid 2013 2013 "droid.launcher3" 9e8f0000 35775 0 1
 ndroid.systemui-1687  [004] ....  5307.823295: do_swap_page: swapin tgid 1687 1687 "ndroid.systemui" 7f28d4f000 7984e 1 1
 ndroid.systemui-1687  [004] d..2  5307.823300: free_swap_slot: swapfree cache 7984e
 ndroid.systemui-1687  [004] ....  5307.823302: do_swap_page: swapin tgid 1687 1687 "ndroid.systemui" 7f28d50000 7984f 1 1
 ndroid.systemui-1687  [004] d..2  5307.823303: free_swap_slot: swapfree cache 7984f
 ndroid.systemui-1687  [004] ....  5307.823339: do_swap_page: swapin tgid 1687 1687 "ndroid.systemui" 13fa6000 65847 1 1
 ndroid.systemui-1687  [004] d..2  5307.823344: free_swap_slot: swapfree cache 65847
 ndroid.systemui-1687  [004] ....  5307.823348: do_swap_page: swapin tgid 1687 1687 "ndroid.systemui" 7fbc1bc000 7d8c3 1 1
 ndroid.systemui-1687  [004] ....  5307.823353: do_swap_page: swapin tgid 1687 1687 "ndroid.systemui" 13fa5000 65846 1 1
 ndroid.systemui-1687  [004] ....  5307.823355: do_swap_page: swapin tgid 1687 1687 "ndroid.systemui" 7fbc1bb000 7d8c2 1 1
 ndroid.systemui-1687  [004] d..2  5307.823358: free_swap_slot: swapfree cache 65846
 ndroid.systemui-1687  [004] ....  5307.823360: do_swap_page: swapin tgid 1687 1687 "ndroid.systemui" 13fa7000 65848 1 1
           <...>-2013  [004] ....  5307.823389: do_swap_page: swapin tgid 2013 2013 "droid.launcher3" 9e8f0000 35775 1 1
           <...>-2013  [004] ....  5307.823394: do_swap_page: swapin tgid 2013 2013 "droid.launcher3" 9e998000 10d048 0 1
 ndroid.systemui-1687  [004] ....  5307.823471: do_swap_page: swapin tgid 1687 1687 "ndroid.systemui" 7fbc61d000 7d8c9 1 1
 android.display-1358  [004] ....  5307.823494: do_swap_page: swapin tgid 1335 1358 "android.display" 7f28a79000 1d0f05 1 1
 android.display-1358  [004] ....  5307.823529: do_swap_page: swapin tgid 1335 1358 "android.display" 7f28b33000 1ed68f 0 1
           <...>-2013  [004] ....  5307.823553: do_swap_page: swapin tgid 2013 2013 "droid.launcher3" 9e998000 10d048 1 1
           <...>-2013  [004] ....  5307.823559: do_swap_page: swapin tgid 2013 2013 "droid.launcher3" 9e955000 898e0 1 1
           <...>-2013  [004] ....  5307.823562: do_swap_page: swapin tgid 2013 2013 "droid.launcher3" 9e948000 1090f8 0 1
           <...>-2013  [004] ....  5307.823705: do_swap_page: swapin tgid 2013 2013 "droid.launcher3" 9e948000 1090f8 1 1
           <...>-2013  [004] ....  5307.823708: do_swap_page: swapin tgid 2013 2013 "droid.launcher3" 9e88e000 3574a 0 1
 android.display-1358  [004] ....  5307.823726: do_swap_page: swapin tgid 1335 1358 "android.display" 7f28b33000 1ed68f 1 1
 android.display-1358  [004] ....  5307.823735: do_swap_page: swapin tgid 1335 1358 "android.display" 7eb7dd9000 1dd6f5 0 1
           <...>-2013  [004] ....  5307.823818: do_swap_page: swapin tgid 2013 2013 "droid.launcher3" 9e88e000 3574a 1 1
           <...>-2013  [004] ....  5307.823823: do_swap_page: swapin tgid 2013 2013 "droid.launcher3" 13bd8000 898a0 1 1
           <...>-2013  [004] ....  5307.823826: do_swap_page: swapin tgid 2013 2013 "droid.launcher3" 9e8fc000 35781 0 1
 android.display-1358  [004] ....  5307.823867: do_swap_page: swapin tgid 1335 1358 "android.display" 7eb7dd9000 1dd6f5 1 1
 android.display-1358  [004] ....  5307.823879: do_swap_page: swapin tgid 1335 1358 "android.display" 7eb7d8e000 1acf69 0 1
           <...>-2013  [004] ....  5307.823956: do_swap_page: swapin tgid 2013 2013 "droid.launcher3" 9e8fc000 35781 1 1
           <...>-2013  [004] ....  5307.823961: do_swap_page: swapin tgid 2013 2013 "droid.launcher3" 9e953000 898df 1 1
           <...>-2013  [004] ....  5307.823967: do_swap_page: swapin tgid 2013 2013 "droid.launcher3" 13bf0000 898ad 1 1
           <...>-2013  [004] ....  5307.823969: do_swap_page: swapin tgid 2013 2013 "droid.launcher3" 9e8f9000 3577e 0 1
           <...>-2013  [004] ....  5307.824104: do_swap_page: swapin tgid 2013 2013 "droid.launcher3" 9e8f9000 3577e 1 1
           <...>-2013  [004] ....  5307.824108: do_swap_page: swapin tgid 2013 2013 "droid.launcher3" 9e950000 10d000 0 1
 android.display-1358  [004] ....  5307.824123: do_swap_page: swapin tgid 1335 1358 "android.display" 7eb7d8e000 1acf69 1 1
 android.display-1358  [004] ....  5307.824128: do_swap_page: swapin tgid 1335 1358 "android.display" 7f28a82000 1d0f0e 0 1
           <...>-2013  [004] ....  5307.824268: do_swap_page: swapin tgid 2013 2013 "droid.launcher3" 9e950000 10d000 1 1
           <...>-2013  [004] ....  5307.824274: do_swap_page: swapin tgid 2013 2013 "droid.launcher3" 13be3000 898a4 1 1
           <...>-2013  [004] ....  5307.824277: do_swap_page: swapin tgid 2013 2013 "droid.launcher3" 9e8ac000 3575c 0 1
 android.display-1358  [004] ....  5307.824321: do_swap_page: swapin tgid 1335 1358 "android.display" 7f28a82000 1d0f0e 1 1
 android.display-1358  [004] ....  5307.824329: do_swap_page: swapin tgid 1335 1358 "android.display" 7e6bf71000 17cfc0 0 1
           <...>-2013  [004] ....  5307.824414: do_swap_page: swapin tgid 2013 2013 "droid.launcher3" 9e8ac000 3575c 1 1
           <...>-2013  [004] ....  5307.824420: do_swap_page: swapin tgid 2013 2013 "droid.launcher3" 9e975000 10d025 0 1
 android.display-1358  [004] ....  5307.824502: do_swap_page: swapin tgid 1335 1358 "android.display" 7e6bf71000 17cfc0 1 1
 android.display-1358  [004] ....  5307.824509: do_swap_page: swapin tgid 1335 1358 "android.display" 7e6bf0b000 3987b 1 1
 android.display-1358  [004] ....  5307.824515: do_swap_page: swapin tgid 1335 1358 "android.display" 7fbe313000 558ad 1 1
 android.display-1358  [004] ....  5307.824522: do_swap_page: swapin tgid 1335 1358 "android.display" 13f6e000 198f4 1 1
 android.display-1358  [004] d..2  5307.824524: free_swap_slot: swapfree cache 198f4
           <...>-2013  [004] ....  5307.824555: do_swap_page: swapin tgid 2013 2013 "droid.launcher3" 9e975000 10d025 1 1
           <...>-2013  [004] ....  5307.824563: do_swap_page: swapin tgid 2013 2013 "droid.launcher3" 7fbe291000 9d876 1 1
           <...>-2013  [004] d..2  5307.824566: free_swap_slot: swapfree cache 9d876
           <...>-2013  [004] ....  5307.824568: do_swap_page: swapin tgid 2013 2013 "droid.launcher3" 7ec7a81000 8d889 1 1
           <...>-2013  [004] d..2  5307.824569: free_swap_slot: swapfree cache 8d889
           <...>-2013  [004] ....  5307.824574: do_swap_page: swapin tgid 2013 2013 "droid.launcher3" 9e86b000 35736 0 1
 android.display-1358  [004] ....  5307.824611: do_swap_page: swapin tgid 1335 1358 "android.display" 7f28987000 a4e91 1 26
 android.display-1358  [004] ....  5307.824617: do_swap_page: swapin tgid 1335 1358 "android.display" 7eb7d8b000 1acf66 0 1
           <...>-2013  [004] ....  5307.824688: do_swap_page: swapin tgid 2013 2013 "droid.launcher3" 9e86b000 35736 1 1
           <...>-2013  [004] ....  5307.824693: do_swap_page: swapin tgid 2013 2013 "droid.launcher3" 9e906000 3578b 0 1
 android.display-1358  [004] ....  5307.824796: do_swap_page: swapin tgid 1335 1358 "android.display" 7eb7d8b000 1acf66 1 1
 android.display-1358  [004] ....  5307.824804: do_swap_page: swapin tgid 1335 1358 "android.display" 7e845a0000 3d892 1 1
 android.display-1358  [004] ....  5307.824807: do_swap_page: swapin tgid 1335 1358 "android.display" 7e6bf0c000 3987c 1 1
 android.display-1358  [004] ....  5307.824810: do_swap_page: swapin tgid 1335 1358 "android.display" 7eb7dda000 41847 1 1
           <...>-2013  [004] ....  5307.824843: do_swap_page: swapin tgid 2013 2013 "droid.launcher3" 9e906000 3578b 1 1
           <...>-2013  [004] ....  5307.824848: do_swap_page: swapin tgid 2013 2013 "droid.launcher3" 9e95d000 898e5 1 1
           <...>-2013  [004] ....  5307.824857: do_swap_page: swapin tgid 2013 2013 "droid.launcher3" 9e97b000 898ef 1 1
           <...>-2013  [004] ....  5307.824859: do_swap_page: swapin tgid 2013 2013 "droid.launcher3" 13bd9000 898a1 1 1
           <...>-2013  [004] ....  5307.824861: do_swap_page: swapin tgid 2013 2013 "droid.launcher3" 9e8ef000 35774 0 1
 android.display-1358  [004] ....  5307.824894: do_swap_page: swapin tgid 1335 1358 "android.display" 12cc3000 1fd709 1 1
 android.display-1358  [004] ....  5307.824899: do_swap_page: swapin tgid 1335 1358 "android.display" 9ea30000 148f88 0 1
           <...>-2013  [004] ....  5307.824973: do_swap_page: swapin tgid 2013 2013 "droid.launcher3" 9e8ef000 35774 1 1
           <...>-2013  [004] ....  5307.824979: do_swap_page: swapin tgid 2013 2013 "droid.launcher3" 9e945000 1090f5 0 1
 android.display-1358  [004] ....  5307.825082: do_swap_page: swapin tgid 1335 1358 "android.display" 9ea30000 148f88 1 1
 android.display-1358  [004] ....  5307.825089: do_swap_page: swapin tgid 1335 1358 "android.display" 135e0000 d8ac 1 1
 android.display-1358  [004] ....  5307.825094: do_swap_page: swapin tgid 1335 1358 "android.display" 1514d000 2984b 1 1
 android.display-1358  [004] ....  5307.825099: do_swap_page: swapin tgid 1335 1358 "android.display" 1514c000 2984a 1 1
 android.display-1358  [004] ....  5307.825101: do_swap_page: swapin tgid 1335 1358 "android.display" 1514e000 2984c 1 1
           <...>-2013  [004] ....  5307.825129: do_swap_page: swapin tgid 2013 2013 "droid.launcher3" 9e945000 1090f5 1 1
           <...>-2013  [004] ....  5307.825134: do_swap_page: swapin tgid 2013 2013 "droid.launcher3" 13bff000 898b6 1 1
           <...>-2013  [004] ....  5307.825136: do_swap_page: swapin tgid 2013 2013 "droid.launcher3" 13be0000 898a2 1 1
           <...>-2013  [004] ....  5307.825138: do_swap_page: swapin tgid 2013 2013 "droid.launcher3" 13bd5000 8989d 1 1
           <...>-2013  [004] ....  5307.825141: do_swap_page: swapin tgid 2013 2013 "droid.launcher3" 9e98f000 898f5 1 1
           <...>-2013  [004] ....  5307.825144: do_swap_page: swapin tgid 2013 2013 "droid.launcher3" 12ea8000 89834 1 1
           <...>-2013  [004] d..2  5307.825145: free_swap_slot: swapfree cache 89834
           <...>-2013  [004] ....  5307.825148: do_swap_page: swapin tgid 2013 2013 "droid.launcher3" 9e907000 3578c 0 1
 android.display-1358  [004] ....  5307.825193: do_swap_page: swapin tgid 1335 1358 "android.display" 1514b000 29849 1 1
 android.display-1358  [004] ....  5307.825219: do_swap_page: swapin tgid 1335 1358 "android.display" 15144000 29842 1 1
 android.display-1358  [004] ....  5307.825238: do_swap_page: swapin tgid 1335 1358 "android.display" 7ed0a55000 458a3 1 1
           <...>-2013  [004] ....  5307.825270: do_swap_page: swapin tgid 2013 2013 "droid.launcher3" 9e907000 3578c 1 1
           <...>-2013  [004] ....  5307.825275: do_swap_page: swapin tgid 2013 2013 "droid.launcher3" 9e9a7000 10d057 0 1
 android.display-1358  [004] ....  5307.825313: do_swap_page: swapin tgid 1335 1358 "android.display" 9e97c000 144fd4 0 1
           <...>-2013  [004] ....  5307.825395: do_swap_page: swapin tgid 2013 2013 "droid.launcher3" 9e9a7000 10d057 1 1
           <...>-2013  [004] ....  5307.825400: do_swap_page: swapin tgid 2013 2013 "droid.launcher3" 9e93d000 1090ed 0 1
 android.display-1358  [004] ....  5307.825512: do_swap_page: swapin tgid 1335 1358 "android.display" 9e97c000 144fd4 1 1
 android.display-1358  [004] ....  5307.825522: do_swap_page: swapin tgid 1335 1358 "android.display" 7eb8e49000 45813 1 1
 android.display-1358  [004] d..2  5307.825524: free_swap_slot: swapfree cache 45813
           <...>-2013  [004] ....  5307.825559: do_swap_page: swapin tgid 2013 2013 "droid.launcher3" 9e93d000 1090ed 1 1
           <...>-2013  [004] ....  5307.825572: do_swap_page: swapin tgid 2013 2013 "droid.launcher3" 9e8b7000 109067 0 1
           <...>-2013  [004] ....  5307.825694: do_swap_page: swapin tgid 2013 2013 "droid.launcher3" 9e8b7000 109067 1 1
           <...>-2013  [004] ....  5307.825700: do_swap_page: swapin tgid 2013 2013 "droid.launcher3" 9e89e000 10904e 0 1
 android.display-1358  [004] ....  5307.825768: do_swap_page: swapin tgid 1335 1358 "android.display" 9ea5a000 148fb2 0 1
     logd.writer-570   [004] ....  5307.825805: do_swap_page: swapin tgid 554 570 "logd.writer" 7fb274e000 1ad7ae 1 1
     logd.writer-570   [004] d..2  5307.825808: free_swap_slot: swapfree cache 1ad7ae
           <...>-2013  [004] ....  5307.825832: do_swap_page: swapin tgid 2013 2013 "droid.launcher3" 9e89e000 10904e 1 1
           <...>-2013  [004] ....  5307.825838: do_swap_page: swapin tgid 2013 2013 "droid.launcher3" 13bf9000 898b1 1 1
           <...>-2013  [004] ....  5307.825841: do_swap_page: swapin tgid 2013 2013 "droid.launcher3" 9e8bf000 10906f 0 1
     logd.writer-570   [004] ....  5307.825872: do_swap_page: swapin tgid 554 570 "logd.writer" 7fb2733000 1ad7a4 1 1
     logd.writer-570   [004] d..2  5307.825877: free_swap_slot: swapfree cache 1ad7a4
     logd.writer-570   [004] ....  5307.825883: do_swap_page: swapin tgid 554 570 "logd.writer" 7fbbef3000 1b170a 1 1
     logd.writer-570   [004] ....  5307.825890: do_swap_page: swapin tgid 554 570 "logd.writer" 7fbbf1f000 c9379 0 1
 android.display-1358  [004] ....  5307.825942: do_swap_page: swapin tgid 1335 1358 "android.display" 9ea5a000 148fb2 1 1
 android.display-1358  [004] ....  5307.825949: do_swap_page: swapin tgid 1335 1358 "android.display" 9e94c000 318b0 1 1
 android.display-1358  [004] ....  5307.825952: do_swap_page: swapin tgid 1335 1358 "android.display" 9ea93000 148feb 0 1
           <...>-2013  [004] ....  5307.826037: do_swap_page: swapin tgid 2013 2013 "droid.launcher3" 9e8bf000 10906f 1 1
           <...>-2013  [004] ....  5307.826043: do_swap_page: swapin tgid 2013 2013 "droid.launcher3" 7eceaf6000 958aa 1 1
           <...>-2013  [004] ....  5307.826045: do_swap_page: swapin tgid 2013 2013 "droid.launcher3" 9e86d000 10901d 0 1
     logd.writer-570   [004] ....  5307.826087: do_swap_page: swapin tgid 554 570 "logd.writer" 7fbbf1f000 c9379 1 1
 android.display-1358  [004] ....  5307.826135: do_swap_page: swapin tgid 1335 1358 "android.display" 9ea93000 148feb 1 1
 android.display-1358  [004] ....  5307.826141: do_swap_page: swapin tgid 1335 1358 "android.display" 12cc5000 1fd70b 1 1
 android.display-1358  [004] ....  5307.826182: do_swap_page: swapin tgid 1335 1358 "android.display" 13ba4000 158c0 1 1
           <...>-2013  [004] ....  5307.826212: do_swap_page: swapin tgid 2013 2013 "droid.launcher3" 9e86d000 10901d 1 1
           <...>-2013  [004] ....  5307.826219: do_swap_page: swapin tgid 2013 2013 "droid.launcher3" 9e871000 109021 0 1
 android.display-1358  [004] d..2  5307.826243: free_swap_slot: swapfree cache 198ae
 android.display-1358  [004] ....  5307.826247: do_swap_page: swapin tgid 1335 1358 "android.display" 13e45000 19811 1 1
 android.display-1358  [004] ....  5307.826251: do_swap_page: swapin tgid 1335 1358 "android.display" 13f1e000 198a6 1 1
 android.display-1358  [004] ....  5307.826289: do_swap_page: swapin tgid 1335 1358 "android.display" 13b80000 1589d 1 1
 android.display-1358  [004] d..2  5307.826297: swapcache_free_entries: swapfree direct 1b57c5
 android.display-1358  [004] d..3  5307.826298: swapcache_free_entries: swapfree direct 1b977d
 android.display-1358  [004] d..3  5307.826298: swapcache_free_entries: swapfree direct 1b97d8
 android.display-1358  [004] d..3  5307.826299: swapcache_free_entries: swapfree direct 1b57b7
 android.display-1358  [004] d..3  5307.826299: swapcache_free_entries: swapfree direct 1b971c
 android.display-1358  [004] d..3  5307.826300: swapcache_free_entries: swapfree direct 1b57b8
 android.display-1358  [004] d..3  5307.826301: swapcache_free_entries: swapfree direct 9d83c
 android.display-1358  [004] d..3  5307.826301: swapcache_free_entries: swapfree direct 9d87a
 android.display-1358  [004] d..3  5307.826302: swapcache_free_entries: swapfree direct 9d844
 android.display-1358  [004] d..3  5307.826302: swapcache_free_entries: swapfree direct 9187e
 android.display-1358  [004] d..3  5307.826303: swapcache_free_entries: swapfree direct 9181e
 android.display-1358  [004] d..3  5307.826303: swapcache_free_entries: swapfree direct 9d87b
 android.display-1358  [004] d..3  5307.826304: swapcache_free_entries: swapfree direct 99858
 android.display-1358  [004] d..3  5307.826304: swapcache_free_entries: swapfree direct 998a2
 android.display-1358  [004] d..3  5307.826305: swapcache_free_entries: swapfree direct 1bd734
 android.display-1358  [004] d..3  5307.826305: swapcache_free_entries: swapfree direct 1bd795
 android.display-1358  [004] d..3  5307.826306: swapcache_free_entries: swapfree direct 1b9708
 android.display-1358  [004] d..3  5307.826306: swapcache_free_entries: swapfree direct 1bd771
 android.display-1358  [004] d..3  5307.826307: swapcache_free_entries: swapfree direct 1bd791
 android.display-1358  [004] d..3  5307.826307: swapcache_free_entries: swapfree direct 1bd792
 android.display-1358  [004] d..3  5307.826308: swapcache_free_entries: swapfree direct 1bd75a
 android.display-1358  [004] d..3  5307.826309: swapcache_free_entries: swapfree direct 1bd75b
 android.display-1358  [004] d..3  5307.826310: swapcache_free_entries: swapfree direct 1bd78f
 android.display-1358  [004] d..3  5307.826310: swapcache_free_entries: swapfree direct 998a3
 android.display-1358  [004] d..3  5307.826310: swapcache_free_entries: swapfree direct 17d878
 android.display-1358  [004] d..3  5307.826311: swapcache_free_entries: swapfree direct 159809
 android.display-1358  [004] d..3  5307.826312: swapcache_free_entries: swapfree direct 1718c9
 android.display-1358  [004] d..3  5307.826312: swapcache_free_entries: swapfree direct 718d2
 android.display-1358  [004] d..3  5307.826313: swapcache_free_entries: swapfree direct 9d818
 android.display-1358  [004] d..3  5307.826313: swapcache_free_entries: swapfree direct 99805
 android.display-1358  [004] d..3  5307.826314: swapcache_free_entries: swapfree direct 95809
 android.display-1358  [004] d..3  5307.826314: swapcache_free_entries: swapfree direct 9185d
 android.display-1358  [004] d..3  5307.826315: swapcache_free_entries: swapfree direct 1658e6
 android.display-1358  [004] d..3  5307.826315: swapcache_free_entries: swapfree direct 4d8e4
 android.display-1358  [004] d..3  5307.826316: swapcache_free_entries: swapfree direct 55804
 android.display-1358  [004] d..3  5307.826316: swapcache_free_entries: swapfree direct 4d851
 android.display-1358  [004] d..3  5307.826317: swapcache_free_entries: swapfree direct 398f0
 android.display-1358  [004] d..3  5307.826317: swapcache_free_entries: swapfree direct 4588e
 android.display-1358  [004] d..3  5307.826318: swapcache_free_entries: swapfree direct 1798c6
 android.display-1358  [004] d..3  5307.826318: swapcache_free_entries: swapfree direct 175809
 android.display-1358  [004] d..3  5307.826319: swapcache_free_entries: swapfree direct 1658d2
 android.display-1358  [004] d..3  5307.826319: swapcache_free_entries: swapfree direct 4588d
 android.display-1358  [004] d..3  5307.826320: swapcache_free_entries: swapfree direct 1fd70c
 android.display-1358  [004] d..3  5307.826320: swapcache_free_entries: swapfree direct 29841
 android.display-1358  [004] d..3  5307.826321: swapcache_free_entries: swapfree direct 19882
 android.display-1358  [004] d..3  5307.826322: swapcache_free_entries: swapfree direct 4d81a
 android.display-1358  [004] d..3  5307.826322: swapcache_free_entries: swapfree direct 898c7
 android.display-1358  [004] d..3  5307.826323: swapcache_free_entries: swapfree direct 9d889
 android.display-1358  [004] d..3  5307.826323: swapcache_free_entries: swapfree direct 8d88d
 android.display-1358  [004] d..3  5307.826324: swapcache_free_entries: swapfree direct 958d8
 android.display-1358  [004] d..3  5307.826324: swapcache_free_entries: swapfree direct 898ae
 android.display-1358  [004] d..3  5307.826325: swapcache_free_entries: swapfree direct 75822
 android.display-1358  [004] d..3  5307.826325: swapcache_free_entries: swapfree direct 7984e
 android.display-1358  [004] d..3  5307.826326: swapcache_free_entries: swapfree direct 7984f
 android.display-1358  [004] d..3  5307.826327: swapcache_free_entries: swapfree direct 65847
 android.display-1358  [004] d..3  5307.826327: swapcache_free_entries: swapfree direct 65846
 android.display-1358  [004] d..3  5307.826328: swapcache_free_entries: swapfree direct 198f4
 android.display-1358  [004] d..3  5307.826328: swapcache_free_entries: swapfree direct 9d876
 android.display-1358  [004] d..3  5307.826328: swapcache_free_entries: swapfree direct 8d889
 android.display-1358  [004] d..3  5307.826329: swapcache_free_entries: swapfree direct 89834
 android.display-1358  [004] d..3  5307.826329: swapcache_free_entries: swapfree direct 45813
 android.display-1358  [004] d..3  5307.826330: swapcache_free_entries: swapfree direct 1ad7ae
 android.display-1358  [004] d..3  5307.826330: swapcache_free_entries: swapfree direct 1ad7a4
 android.display-1358  [004] d..3  5307.826331: swapcache_free_entries: swapfree direct 198ae
 android.display-1358  [004] d..2  5307.826331: free_swap_slot: swapfree cache 1589d
 android.display-1358  [004] ....  5307.826517: do_swap_page: swapin tgid 1335 1358 "android.display" 14401000 2586d 1 1
 android.display-1358  [004] d..2  5307.826521: free_swap_slot: swapfree cache 2586d
 android.display-1358  [004] ....  5307.826527: do_swap_page: swapin tgid 1335 1358 "android.display" 13ec5000 19851 1 1
 android.display-1358  [004] ....  5307.826532: do_swap_page: swapin tgid 1335 1358 "android.display" 7eb7f5b000 418a4 1 1
 android.display-1358  [004] ....  5307.826551: do_swap_page: swapin tgid 1335 1358 "android.display" 7f2d683000 4d8a7 1 1
 android.display-1358  [004] d..2  5307.826553: free_swap_slot: swapfree cache 4d8a7
 android.display-1358  [004] ....  5307.826556: do_swap_page: swapin tgid 1335 1358 "android.display" 7f2d696000 4d8af 1 1
 android.display-1358  [004] d..2  5307.826557: free_swap_slot: swapfree cache 4d8af
 android.display-1358  [004] d..2  5307.826571: free_swap_slot: swapfree cache 4d89a
 android.display-1358  [004] ....  5307.826593: do_swap_page: swapin tgid 1335 1358 "android.display" 143d8000 2584c 1 1
 android.display-1358  [004] ....  5307.826599: do_swap_page: swapin tgid 1335 1358 "android.display" 7f2d6c8000 4d8c2 1 1
 android.display-1358  [004] ....  5307.826638: do_swap_page: swapin tgid 1335 1358 "android.display" 7f2d6c9000 4d8c3 1 1
 android.display-1358  [004] ....  5307.826693: do_swap_page: swapin tgid 1335 1358 "android.display" 7eb8e1b000 418ff 1 1
 android.display-1358  [004] ....  5307.826711: do_swap_page: swapin tgid 1335 1358 "android.display" 7eb8e1c000 45800 1 1
 android.display-1358  [004] ....  5307.826748: do_swap_page: swapin tgid 1335 1358 "android.display" 7fbe294000 55899 1 1
 android.display-1358  [004] ....  5307.826765: do_swap_page: swapin tgid 1335 1358 "android.display" 7e6c043000 398ab 1 1
 android.display-1358  [004] ....  5307.826793: do_swap_page: swapin tgid 1335 1358 "android.display" 7e5ee37000 170fe1 0 1
           <...>-1363  [004] ....  5307.826829: do_swap_page: swapin tgid 1335 1363 "android.bg" 9eb81000 14cfd9 0 1
           <...>-1577  [004] ....  5307.826860: do_swap_page: swapin tgid 1335 1577 "AudioService" 7e86935000 3d89f 1 1
           <...>-1577  [004] d..2  5307.826862: free_swap_slot: swapfree cache 3d89f
           <...>-1577  [004] ....  5307.826870: do_swap_page: swapin tgid 1335 1577 "AudioService" 7e86936000 1a4f4f 0 1
           <...>-2044  [004] ....  5307.826890: do_swap_page: swapin tgid 1687 2044 "Binder:1687_4" 7f28bd7000 79838 1 1
           <...>-2044  [004] d..2  5307.826898: free_swap_slot: swapfree cache 79838
           <...>-2044  [004] ....  5307.826904: do_swap_page: swapin tgid 1687 2044 "Binder:1687_4" 7ec86bd000 7585f 1 1
           <...>-2044  [004] d..2  5307.826905: free_swap_slot: swapfree cache 7585f
           <...>-2044  [004] ....  5307.826908: do_swap_page: swapin tgid 1687 2044 "Binder:1687_4" 7ec86be000 157c9 0 1
   Binder:1767_2-1788  [004] ....  5307.826939: do_swap_page: swapin tgid 1767 1788 "Binder:1767_2" 7f2d668000 818c4 1 1
   Binder:1767_2-1788  [004] d..2  5307.826941: free_swap_slot: swapfree cache 818c4
   Binder:1767_2-1788  [004] ....  5307.826947: do_swap_page: swapin tgid 1767 1788 "Binder:1767_2" 7f2dfee000 818cb 1 1
   Binder:1767_2-1788  [004] d..2  5307.826949: free_swap_slot: swapfree cache 818cb
   Binder:1767_2-1788  [004] ....  5307.826952: do_swap_page: swapin tgid 1767 1788 "Binder:1767_2" 7f2dfef000 850ed 0 1
           <...>-1876  [004] ....  5307.826983: do_swap_page: swapin tgid 1792 1876 "Binder:1792_3" 7f28abc000 818e8 1 1
           <...>-1876  [004] d..2  5307.826986: free_swap_slot: swapfree cache 818e8
           <...>-1876  [004] ....  5307.826991: do_swap_page: swapin tgid 1792 1876 "Binder:1792_3" 7f2def1000 818ef 1 1
           <...>-1876  [004] d..2  5307.826992: free_swap_slot: swapfree cache 818ef
           <...>-1876  [004] ....  5307.826996: do_swap_page: swapin tgid 1792 1876 "Binder:1792_3" 7f2def2000 9909b 0 1
           <...>-2711  [004] ....  5307.827048: do_swap_page: swapin tgid 1880 2711 "Binder:1880_4" 7f2db08000 85802 1 1
           <...>-2711  [004] d..2  5307.827051: free_swap_slot: swapfree cache 85802
           <...>-2711  [004] ....  5307.827057: do_swap_page: swapin tgid 1880 2711 "Binder:1880_4" 7ed0335000 818fd 1 1
           <...>-2711  [004] d..2  5307.827059: free_swap_slot: swapfree cache 818fd
           <...>-2711  [004] ....  5307.827063: do_swap_page: swapin tgid 1880 2711 "Binder:1880_4" 7ed0336000 a905a 0 1
   Binder:1894_2-1920  [004] ....  5307.827101: do_swap_page: swapin tgid 1894 1920 "Binder:1894_2" 7fbe241000 e500f 0 1
           <...>-1969  [004] ....  5307.827129: do_swap_page: swapin tgid 1950 1969 "Binder:1950_1" 7f2d668000 858d3 1 1
           <...>-1969  [004] d..2  5307.827132: free_swap_slot: swapfree cache 858d3
           <...>-1969  [004] ....  5307.827163: do_swap_page: swapin tgid 1950 1969 "Binder:1950_1" 7f2e0eb000 858d7 1 1
           <...>-1969  [004] d..2  5307.827165: free_swap_slot: swapfree cache 858d7
           <...>-1969  [004] ....  5307.827170: do_swap_page: swapin tgid 1950 1969 "Binder:1950_1" 7f2e0ec000 f104a 0 1
           <...>-6518  [004] ....  5307.827197: do_swap_page: swapin tgid 2013 6518 "Binder:2013_6" 7f297f0000 99829 1 1
           <...>-6518  [004] d..2  5307.827201: free_swap_slot: swapfree cache 99829
           <...>-6518  [004] ....  5307.827206: do_swap_page: swapin tgid 2013 6518 "Binder:2013_6" 7f297f1000 9982a 1 1
           <...>-6518  [004] ....  5307.827209: do_swap_page: swapin tgid 2013 6518 "Binder:2013_6" 7eca23a000 91841 1 1
           <...>-6518  [004] d..2  5307.827211: free_swap_slot: swapfree cache 91841
           <...>-6518  [004] ....  5307.827217: do_swap_page: swapin tgid 2013 6518 "Binder:2013_6" 7eca248000 9184e 1 1
           <...>-6518  [004] ....  5307.827219: do_swap_page: swapin tgid 2013 6518 "Binder:2013_6" 7eca1c3000 9181a 1 1
           <...>-6518  [004] d..2  5307.827224: free_swap_slot: swapfree cache 9181a
           <...>-6518  [004] d..2  5307.827225: free_swap_slot: swapfree cache 9184e
           <...>-6518  [004] ....  5307.827228: do_swap_page: swapin tgid 2013 6518 "Binder:2013_6" 7fbe241000 14505d 0 1
           <...>-16482 [004] ....  5307.827268: do_swap_page: swapin tgid 2250 16482 "Binder:2250_E" 7fbe2f3000 c58c5 1 1
           <...>-16482 [004] d..2  5307.827272: free_swap_slot: swapfree cache c58c5
           <...>-16482 [004] ....  5307.827274: do_swap_page: swapin tgid 2250 16482 "Binder:2250_E" 7fbe241000 1fd0ab 0 1
           <...>-6743  [004] ....  5307.827328: do_swap_page: swapin tgid 2410 6743 "Binder:2410_A" 7f28b0d000 c9896 1 1
           <...>-6743  [004] d..2  5307.827331: free_swap_slot: swapfree cache c9896
           <...>-6743  [004] ....  5307.827338: do_swap_page: swapin tgid 2410 6743 "Binder:2410_A" 7f29d04000 c98b0 1 1
           <...>-6743  [004] d..2  5307.827339: free_swap_slot: swapfree cache c98b0
           <...>-6743  [004] ....  5307.827343: do_swap_page: swapin tgid 2410 6743 "Binder:2410_A" 7f29d05000 9575e 0 1
           <...>-2477  [004] ....  5307.827365: do_swap_page: swapin tgid 2442 2477 "Binder:2442_1" 7f28a4e000 cd856 1 1
           <...>-2477  [004] d..2  5307.827367: free_swap_slot: swapfree cache cd856
           <...>-2477  [004] ....  5307.827373: do_swap_page: swapin tgid 2442 2477 "Binder:2442_1" 7f2e0eb000 cd85b 1 1
           <...>-2477  [004] d..2  5307.827374: free_swap_slot: swapfree cache cd85b
           <...>-2477  [004] ....  5307.827396: do_swap_page: swapin tgid 2442 2477 "Binder:2442_1" 7f2e0ec000 4910a 0 1
           <...>-1577  [004] ....  5307.827515: do_swap_page: swapin tgid 1335 1577 "AudioService" 7e86936000 1a4f4f 1 1
           <...>-1577  [004] d..2  5307.827521: free_swap_slot: swapfree cache 418a4
           <...>-1577  [004] ....  5307.827523: do_swap_page: swapin tgid 1335 1577 "AudioService" 7eb7edd000 4188b 1 1
           <...>-1577  [004] d..2  5307.827525: free_swap_slot: swapfree cache 4188b
           <...>-1577  [004] ....  5307.827526: do_swap_page: swapin tgid 1335 1577 "AudioService" 7eb7ede000 4188c 1 1
           <...>-1577  [004] d..2  5307.827527: free_swap_slot: swapfree cache 4188c
           <...>-1577  [004] ....  5307.827529: do_swap_page: swapin tgid 1335 1577 "AudioService" 7eb7e72000 4187a 1 1
           <...>-1577  [004] d..2  5307.827531: free_swap_slot: swapfree cache 4187a
           <...>-1577  [004] ....  5307.827533: do_swap_page: swapin tgid 1335 1577 "AudioService" 7e86933000 1a4f4c 0 1
   Binder:1894_2-1920  [004] ....  5307.827561: do_swap_page: swapin tgid 1894 1920 "Binder:1894_2" 7fbe241000 e500f 1 1
   Binder:1894_2-1920  [004] ....  5307.827576: do_swap_page: swapin tgid 1894 1920 "Binder:1894_2" 14658000 bd0aa 0 1
           <...>-1969  [004] ....  5307.827642: do_swap_page: swapin tgid 1950 1969 "Binder:1950_1" 7f2e0ec000 f104a 1 1
           <...>-1969  [004] ....  5307.827649: do_swap_page: swapin tgid 1950 1969 "Binder:1950_1" 7f2d666000 858d2 1 1
           <...>-1969  [004] ....  5307.827653: do_swap_page: swapin tgid 1950 1969 "Binder:1950_1" 7fbe180000 858db 1 1
           <...>-1969  [004] d..2  5307.827656: free_swap_slot: swapfree cache 858d2
           <...>-1969  [004] ....  5307.827659: do_swap_page: swapin tgid 1950 1969 "Binder:1950_1" 7f2d72b000 ed0b1 0 1
           <...>-6743  [004] ....  5307.827698: do_swap_page: swapin tgid 2410 6743 "Binder:2410_A" 7f29d05000 9575e 1 1
           <...>-6743  [004] ....  5307.827704: do_swap_page: swapin tgid 2410 6743 "Binder:2410_A" 7f28b0c000 c9895 1 1
           <...>-6743  [004] ....  5307.827712: do_swap_page: swapin tgid 2410 6743 "Binder:2410_A" 7fbe180000 cd80f 1 1
           <...>-6743  [004] d..2  5307.827714: free_swap_slot: swapfree cache c9895
           <...>-6743  [004] ....  5307.827716: do_swap_page: swapin tgid 2410 6743 "Binder:2410_A" 7f28a69000 c988d 1 1
           <...>-6743  [004] d..2  5307.827718: free_swap_slot: swapfree cache cd80f
           <...>-6743  [004] ....  5307.827724: do_swap_page: swapin tgid 2410 6743 "Binder:2410_A" 7fbe23a000 cd82a 1 1
           <...>-6743  [004] ....  5307.827727: do_swap_page: swapin tgid 2410 6743 "Binder:2410_A" 7f28ac2000 c988f 1 1
           <...>-6743  [004] ....  5307.827748: do_swap_page: swapin tgid 2410 6743 "Binder:2410_A" 7ed1ed1000 c987d 1 1
           <...>-6743  [004] d..2  5307.827749: free_swap_slot: swapfree cache c987d
           <...>-6743  [004] d..2  5307.827750: free_swap_slot: swapfree cache cd82a
           <...>-6743  [004] ....  5307.827753: do_swap_page: swapin tgid 2410 6743 "Binder:2410_A" 7fbd2a3000 cd801 1 1
           <...>-6743  [004] ....  5307.827756: do_swap_page: swapin tgid 2410 6743 "Binder:2410_A" 7fbe2f3000 cd840 1 1
           <...>-6743  [004] d..2  5307.827757: free_swap_slot: swapfree cache cd840
           <...>-6743  [004] ....  5307.827761: do_swap_page: swapin tgid 2410 6743 "Binder:2410_A" 7fbe241000 2d176 0 1
           <...>-2711  [004] ....  5307.827779: do_swap_page: swapin tgid 1880 2711 "Binder:1880_4" 7ed0336000 a905a 1 1
           <...>-2711  [004] ....  5307.827785: do_swap_page: swapin tgid 1880 2711 "Binder:1880_4" 7f2db29000 85805 1 1
           <...>-2711  [004] ....  5307.827787: do_swap_page: swapin tgid 1880 2711 "Binder:1880_4" 7fbe180000 8580a 1 1
           <...>-2711  [004] d..2  5307.827790: free_swap_slot: swapfree cache 85805
           <...>-2711  [004] d..2  5307.827791: free_swap_slot: swapfree cache 8580a
           <...>-2711  [004] ....  5307.827798: do_swap_page: swapin tgid 1880 2711 "Binder:1880_4" 7fbe22d000 8580c 1 1
           <...>-2711  [004] ....  5307.827803: do_swap_page: swapin tgid 1880 2711 "Binder:1880_4" 7f28ac2000 a9082 0 1
           <...>-1876  [004] ....  5307.827847: do_swap_page: swapin tgid 1792 1876 "Binder:1792_3" 7f2def2000 9909b 1 1
           <...>-1876  [004] ....  5307.827855: do_swap_page: swapin tgid 1792 1876 "Binder:1792_3" 7fbe1db000 818f5 1 1
           <...>-1876  [004] ....  5307.827857: do_swap_page: swapin tgid 1792 1876 "Binder:1792_3" 7fbe180000 818f3 1 1
           <...>-1876  [004] d..2  5307.827874: free_swap_slot: swapfree cache 818f5
           <...>-1876  [004] ....  5307.827876: do_swap_page: swapin tgid 1792 1876 "Binder:1792_3" 7fbe1d0000 29766 0 1
   Binder:1767_2-1788  [004] ....  5307.827901: do_swap_page: swapin tgid 1767 1788 "Binder:1767_2" 7f2dfef000 850ed 1 1
   Binder:1767_2-1788  [004] ....  5307.827908: do_swap_page: swapin tgid 1767 1788 "Binder:1767_2" 7f2d666000 818c3 1 1
   Binder:1767_2-1788  [004] ....  5307.827910: do_swap_page: swapin tgid 1767 1788 "Binder:1767_2" 7fbe180000 818d8 1 1
   Binder:1767_2-1788  [004] d..2  5307.827912: free_swap_slot: swapfree cache 818c3
   Binder:1767_2-1788  [004] ....  5307.827914: do_swap_page: swapin tgid 1767 1788 "Binder:1767_2" 7f2d673000 818c6 1 1
   Binder:1767_2-1788  [004] d..2  5307.827916: free_swap_slot: swapfree cache 818d8
   Binder:1767_2-1788  [004] ....  5307.827923: do_swap_page: swapin tgid 1767 1788 "Binder:1767_2" 7f2d615000 818be 1 1
   Binder:1767_2-1788  [004] ....  5307.827925: do_swap_page: swapin tgid 1767 1788 "Binder:1767_2" 7f2d61f000 2578b 0 1
           <...>-2044  [004] ....  5307.827963: do_swap_page: swapin tgid 1687 2044 "Binder:1687_4" 7ec86be000 157c9 1 1
           <...>-2044  [004] ....  5307.827971: do_swap_page: swapin tgid 1687 2044 "Binder:1687_4" 7f28dd4000 79864 1 1
           <...>-2044  [004] d..2  5307.827973: free_swap_slot: swapfree cache 79864
           <...>-2044  [004] ....  5307.827981: do_swap_page: swapin tgid 1687 2044 "Binder:1687_4" 7f28e34000 79884 1 1
           <...>-2044  [004] d..2  5307.827982: free_swap_slot: swapfree cache 79884
           <...>-2044  [004] ....  5307.827985: do_swap_page: swapin tgid 1687 2044 "Binder:1687_4" 7f28e03000 79871 1 1
           <...>-2044  [004] d..2  5307.827987: free_swap_slot: swapfree cache 79871
           <...>-2044  [004] ....  5307.827994: do_swap_page: swapin tgid 1687 2044 "Binder:1687_4" 7ec86bb000 7585d 1 1
           <...>-2044  [004] ....  5307.828005: do_swap_page: swapin tgid 1687 2044 "Binder:1687_4" 7ec86bc000 7585e 1 1
           <...>-2044  [004] d..2  5307.828006: free_swap_slot: swapfree cache 7585e
           <...>-2044  [004] ....  5307.828047: do_swap_page: swapin tgid 1687 2044 "Binder:1687_4" 7f28e06000 79874 1 1
           <...>-2044  [004] ....  5307.828049: do_swap_page: swapin tgid 1687 2044 "Binder:1687_4" 7f28e07000 79875 1 1
           <...>-2044  [004] d..2  5307.828051: free_swap_slot: swapfree cache 79874
           <...>-2044  [004] d..2  5307.828055: free_swap_slot: swapfree cache 79875
           <...>-2044  [004] ....  5307.828061: do_swap_page: swapin tgid 1687 2044 "Binder:1687_4" 7fbe34a000 81844 1 1
           <...>-2044  [004] d..2  5307.828066: free_swap_slot: swapfree cache 81844
           <...>-2044  [004] ....  5307.828091: do_swap_page: swapin tgid 1687 2044 "Binder:1687_4" 7eb3247000 6d81d 1 1
           <...>-2044  [004] d..2  5307.828112: free_swap_slot: swapfree cache 6d81d
           <...>-2044  [004] ....  5307.828115: do_swap_page: swapin tgid 1687 2044 "Binder:1687_4" 7f28d96000 79859 1 1
 ScreenDecoratio-2180  [004] ....  5307.828168: do_swap_page: swapin tgid 1687 2180 "ScreenDecoratio" 7eb715e000 71855 1 1
 ScreenDecoratio-2180  [004] d..2  5307.828171: free_swap_slot: swapfree cache 71855
 ScreenDecoratio-2180  [004] d..2  5307.828174: free_swap_slot: swapfree cache 79859
 ScreenDecoratio-2180  [004] ....  5307.828177: do_swap_page: swapin tgid 1687 2180 "ScreenDecoratio" 7eb715f000 71856 1 1
 ScreenDecoratio-2180  [004] ....  5307.828180: do_swap_page: swapin tgid 1687 2180 "ScreenDecoratio" 7ebe1d6000 75827 1 1
 ScreenDecoratio-2180  [004] d..2  5307.828182: free_swap_slot: swapfree cache 75827
 ScreenDecoratio-2180  [004] ....  5307.828183: do_swap_page: swapin tgid 1687 2180 "ScreenDecoratio" 7ebe1d7000 75828 1 1
 ScreenDecoratio-2180  [004] d..2  5307.828184: free_swap_slot: swapfree cache 75828
 ScreenDecoratio-2180  [004] ....  5307.828186: do_swap_page: swapin tgid 1687 2180 "ScreenDecoratio" 7eb715d000 71854 1 1
 ScreenDecoratio-2180  [004] d..2  5307.828187: free_swap_slot: swapfree cache 71854
 ScreenDecoratio-2180  [004] ....  5307.828191: do_swap_page: swapin tgid 1687 2180 "ScreenDecoratio" 7eb715c000 3901e 0 1
           <...>-2477  [004] ....  5307.828216: do_swap_page: swapin tgid 2442 2477 "Binder:2442_1" 7f2e0ec000 4910a 1 1
           <...>-2477  [004] ....  5307.828222: do_swap_page: swapin tgid 2442 2477 "Binder:2442_1" 7f289fc000 cd855 1 1
           <...>-2477  [004] ....  5307.828227: do_swap_page: swapin tgid 2442 2477 "Binder:2442_1" 7fbe180000 cd860 1 1
           <...>-2477  [004] d..2  5307.828229: free_swap_slot: swapfree cache cd855
           <...>-2477  [004] ....  5307.828231: do_swap_page: swapin tgid 2442 2477 "Binder:2442_1" 7f28b4e000 411e1 0 1
           <...>-16482 [004] ....  5307.828253: do_swap_page: swapin tgid 2250 16482 "Binder:2250_E" 7fbe241000 1fd0ab 1 1
           <...>-16482 [004] d..2  5307.828289: free_swap_slot: swapfree cache a98a3
           <...>-6518  [004] ....  5307.828310: do_swap_page: swapin tgid 2013 6518 "Binder:2013_6" 7fbe241000 14505d 1 1
           <...>-6518  [004] ....  5307.828317: do_swap_page: swapin tgid 2013 6518 "Binder:2013_6" 7f2d6d2000 9987d 1 1
           <...>-6518  [004] ....  5307.828322: do_swap_page: swapin tgid 2013 6518 "Binder:2013_6" 7fbbbf9000 9d81a 1 1
           <...>-6518  [004] ....  5307.828327: do_swap_page: swapin tgid 2013 6518 "Binder:2013_6" 7f2d619000 9983f 1 1
           <...>-6518  [004] d..2  5307.828330: free_swap_slot: swapfree cache 9987d
           <...>-6518  [004] ....  5307.828335: do_swap_page: swapin tgid 2013 6518 "Binder:2013_6" 7f297ee000 99827 1 1
           <...>-6518  [004] d..2  5307.828339: free_swap_slot: swapfree cache 9983f
           <...>-6518  [004] ....  5307.828345: do_swap_page: swapin tgid 2013 6518 "Binder:2013_6" 7fbdbba000 9d835 1 1
           <...>-6518  [004] d..2  5307.828347: free_swap_slot: swapfree cache 9d835
           <...>-6518  [004] ....  5307.828348: do_swap_page: swapin tgid 2013 6518 "Binder:2013_6" 7f297ef000 99828 1 1
           <...>-6518  [004] d..2  5307.828349: free_swap_slot: swapfree cache 99828
           <...>-6518  [004] ....  5307.828352: do_swap_page: swapin tgid 2013 6518 "Binder:2013_6" 12d00000 858ed 1 1
           <...>-6518  [004] d..2  5307.828353: free_swap_slot: swapfree cache 858ed
           <...>-6518  [004] d..2  5307.828355: free_swap_slot: swapfree cache 8980c
           <...>-6518  [004] ....  5307.828357: do_swap_page: swapin tgid 2013 6518 "Binder:2013_6" 12e00000 858f7 1 1
           <...>-6518  [004] d..2  5307.828358: free_swap_slot: swapfree cache 858f7
           <...>-6518  [004] ....  5307.828361: do_swap_page: swapin tgid 2013 6518 "Binder:2013_6" 7fbe1e7000 9d857 1 1
           <...>-6518  [004] ....  5307.828364: do_swap_page: swapin tgid 2013 6518 "Binder:2013_6" 7fbe17f000 9d843 1 1
           <...>-6518  [004] ....  5307.828366: do_swap_page: swapin tgid 2013 6518 "Binder:2013_6" 7fbe20a000 14503c 0 1
           <...>-1577  [004] ....  5307.828391: do_swap_page: swapin tgid 1335 1577 "AudioService" 7e86933000 1a4f4c 1 1
           <...>-1577  [004] ....  5307.828417: do_swap_page: swapin tgid 1335 1577 "AudioService" 7f235bf000 498f9 1 1
