           <...>-2075  [004] d..3  9362.435246: swapcache_free_entries: swapfree direct 1a027a
           <...>-2075  [004] d..3  9362.435247: swapcache_free_entries: swapfree direct 1ac27b
           <...>-2075  [004] d..3  9362.435247: swapcache_free_entries: swapfree direct 1bc2c6
           <...>-2075  [004] d..3  9362.435248: swapcache_free_entries: swapfree direct 1bc2c7
           <...>-2075  [004] d..3  9362.435248: swapcache_free_entries: swapfree direct 1bc2fe
           <...>-2075  [004] d..3  9362.435249: swapcache_free_entries: swapfree direct 1bc2b1
           <...>-2075  [004] d..3  9362.435249: swapcache_free_entries: swapfree direct 1bc2b2
           <...>-2075  [004] d..3  9362.435250: swapcache_free_entries: swapfree direct 194284
           <...>-2075  [004] d..3  9362.435250: swapcache_free_entries: swapfree direct 18c2f5
           <...>-2075  [004] d..3  9362.435251: swapcache_free_entries: swapfree direct 1ec234
           <...>-2075  [004] d..3  9362.435251: swapcache_free_entries: swapfree direct 1ec231
           <...>-2075  [004] d..3  9362.435252: swapcache_free_entries: swapfree direct 1ec26a
           <...>-2075  [004] d..3  9362.435252: swapcache_free_entries: swapfree direct 1ec263
           <...>-2075  [004] d..3  9362.435253: swapcache_free_entries: swapfree direct 1d82a1
           <...>-2075  [004] d..3  9362.435254: swapcache_free_entries: swapfree direct 1d82d1
           <...>-2075  [004] d..3  9362.435254: swapcache_free_entries: swapfree direct 1e825d
           <...>-2075  [004] d..3  9362.435255: swapcache_free_entries: swapfree direct 1ec23d
           <...>-2075  [004] d..3  9362.435255: swapcache_free_entries: swapfree direct 1ec232
           <...>-2075  [004] d..3  9362.435256: swapcache_free_entries: swapfree direct 60377
           <...>-2075  [004] d..3  9362.435256: swapcache_free_entries: swapfree direct 603af
           <...>-2075  [004] d..3  9362.435257: swapcache_free_entries: swapfree direct 60374
           <...>-2075  [004] d..3  9362.435257: swapcache_free_entries: swapfree direct 1fc2c8
           <...>-2075  [004] d..3  9362.435257: swapcache_free_entries: swapfree direct 1d8298
           <...>-2075  [004] d..3  9362.435258: swapcache_free_entries: swapfree direct 1cc27e
           <...>-2075  [004] d..3  9362.435258: swapcache_free_entries: swapfree direct 1cc27f
           <...>-2075  [004] d..3  9362.435259: swapcache_free_entries: swapfree direct 1cc285
           <...>-2075  [004] d..3  9362.435259: swapcache_free_entries: swapfree direct 6038e
           <...>-2075  [004] d..3  9362.435260: swapcache_free_entries: swapfree direct 194273
           <...>-2075  [004] d..3  9362.435260: swapcache_free_entries: swapfree direct 1fc2bc
           <...>-2075  [004] d..3  9362.435261: swapcache_free_entries: swapfree direct 1fc2c0
           <...>-2075  [004] d..3  9362.435261: swapcache_free_entries: swapfree direct 1d829a
           <...>-2075  [004] d..3  9362.435261: swapcache_free_entries: swapfree direct 1d829b
           <...>-2075  [004] d..3  9362.435262: swapcache_free_entries: swapfree direct 1d425a
           <...>-2075  [004] d..3  9362.435263: swapcache_free_entries: swapfree direct 1d021f
           <...>-2075  [004] d..3  9362.435263: swapcache_free_entries: swapfree direct 1d428e
           <...>-2075  [004] d..3  9362.435264: swapcache_free_entries: swapfree direct 1d42ab
           <...>-2075  [004] d..3  9362.435264: swapcache_free_entries: swapfree direct 60379
           <...>-2075  [004] d..3  9362.435265: swapcache_free_entries: swapfree direct 1d8266
           <...>-2075  [004] d..3  9362.435266: swapcache_free_entries: swapfree direct 1d426e
           <...>-2075  [004] d..3  9362.435266: swapcache_free_entries: swapfree direct 1e825e
           <...>-2075  [004] d..3  9362.435267: swapcache_free_entries: swapfree direct 1f020a
           <...>-2075  [004] d..3  9362.435267: swapcache_free_entries: swapfree direct 1ec244
           <...>-2075  [004] d..3  9362.435268: swapcache_free_entries: swapfree direct 1e8259
           <...>-2075  [004] d..3  9362.435268: swapcache_free_entries: swapfree direct 1ec245
           <...>-2075  [004] d..3  9362.435268: swapcache_free_entries: swapfree direct 1d829c
           <...>-2075  [004] d..3  9362.435269: swapcache_free_entries: swapfree direct 1ec23b
           <...>-2075  [004] d..3  9362.435269: swapcache_free_entries: swapfree direct 1e82b1
           <...>-2075  [004] d..3  9362.435270: swapcache_free_entries: swapfree direct 1e82b2
           <...>-2075  [004] d..3  9362.435270: swapcache_free_entries: swapfree direct 1e8294
           <...>-2075  [004] d..3  9362.435270: swapcache_free_entries: swapfree direct 1e8258
           <...>-2075  [004] d..3  9362.435271: swapcache_free_entries: swapfree direct 1ec268
           <...>-2075  [004] d..3  9362.435272: swapcache_free_entries: swapfree direct 1d82ad
           <...>-2075  [004] d..3  9362.435272: swapcache_free_entries: swapfree direct 60348
           <...>-2075  [004] d..3  9362.435273: swapcache_free_entries: swapfree direct 1d42b2
           <...>-2075  [004] d..3  9362.435273: swapcache_free_entries: swapfree direct 1d42a3
           <...>-2075  [004] d..3  9362.435274: swapcache_free_entries: swapfree direct 1dc264
           <...>-2075  [004] d..3  9362.435274: swapcache_free_entries: swapfree direct 1d82e5
           <...>-2075  [004] d..3  9362.435275: swapcache_free_entries: swapfree direct 1e82b4
           <...>-2075  [004] d..3  9362.435275: swapcache_free_entries: swapfree direct 1ec241
           <...>-2075  [004] d..3  9362.435276: swapcache_free_entries: swapfree direct 1ec249
           <...>-2075  [004] d..3  9362.435276: swapcache_free_entries: swapfree direct 1e82b8
           <...>-2075  [004] d..3  9362.435276: swapcache_free_entries: swapfree direct 1ec233
           <...>-2075  [004] d..2  9362.435277: free_swap_slot: swapfree cache 1ec243
           <...>-2075  [004] d..2  9362.435278: free_swap_slot: swapfree cache 1e82b5
           <...>-2075  [004] ....  9362.435281: do_swap_page: swapin tgid 1995 2075 "UiThreadHelper" 7f2d678000 1ec23f 1 1
           <...>-2075  [004] d..2  9362.435282: free_swap_slot: swapfree cache 1ec23f
           <...>-2075  [004] ....  9362.435288: do_swap_page: swapin tgid 1995 2075 "UiThreadHelper" 12ed5000 11c10d 0 1
           <...>-1890  [004] ....  9362.435371: do_swap_page: swapin tgid 1845 1890 "Binder:1845_2" 7fbe1e9000 f3d83 1 1
           <...>-1890  [004] ....  9362.435409: do_swap_page: swapin tgid 1845 1890 "Binder:1845_2" 7f393c4000 93320 0 1
           <...>-2075  [004] ....  9362.435443: do_swap_page: swapin tgid 1995 2075 "UiThreadHelper" 12ed5000 11c10d 1 1
           <...>-2075  [004] ....  9362.435453: do_swap_page: swapin tgid 1995 2075 "UiThreadHelper" 7f2d677000 1ec23e 1 1
           <...>-2075  [004] d..2  9362.435457: free_swap_slot: swapfree cache 1ec237
           <...>-2075  [004] ....  9362.435530: do_swap_page: swapin tgid 1995 2075 "UiThreadHelper" 7f28aef000 1e828a 1 1
           <...>-2075  [004] d..2  9362.435535: free_swap_slot: swapfree cache 1e828a
           <...>-2075  [004] d..2  9362.435540: free_swap_slot: swapfree cache 1ec2f7
           <...>-2075  [004] ....  9362.435546: do_swap_page: swapin tgid 1995 2075 "UiThreadHelper" 7fbde4d000 b7106 1 21
           <...>-2075  [004] ....  9362.435557: do_swap_page: swapin tgid 1995 2075 "UiThreadHelper" 7fbe1f9000 134177 0 1
   Binder:2458_4-2719  [004] ....  9362.435585: do_swap_page: swapin tgid 2458 2719 "Binder:2458_4" 7fbda9d000 4b4ca 1 1
   Binder:2458_4-2719  [004] ....  9362.435596: do_swap_page: swapin tgid 2458 2719 "Binder:2458_4" 7fbe2f3000 1fc2cc 1 1
   Binder:2458_4-2719  [004] d..2  9362.435598: free_swap_slot: swapfree cache 1fc2cc
   Binder:2458_4-2719  [004] ....  9362.435602: do_swap_page: swapin tgid 2458 2719 "Binder:2458_4" 7fbe241000 4f463 0 1
           <...>-6409  [004] ....  9362.435647: do_swap_page: swapin tgid 5785 6409 "RenderThread" 7f28ac1000 12f516 1 1
           <...>-6409  [004] ....  9362.435655: do_swap_page: swapin tgid 5785 6409 "RenderThread" 7f28b0a000 6036b 1 1
           <...>-6409  [004] d..2  9362.435657: free_swap_slot: swapfree cache 6036b
           <...>-6409  [004] d..2  9362.435658: free_swap_slot: swapfree cache 60386
           <...>-6409  [004] ....  9362.435661: do_swap_page: swapin tgid 5785 6409 "RenderThread" 7fbe180000 603b6 1 1
   system_server-1340  [004] ....  9362.435740: do_swap_page: swapin tgid 1340 1340 "system_server" 9ef32000 1532e4 1 1
   system_server-1340  [004] ....  9362.435762: do_swap_page: swapin tgid 1340 1340 "system_server" 14694000 16c263 1 1
   system_server-1340  [004] d..2  9362.435766: free_swap_slot: swapfree cache 16c263
           <...>-1526  [004] ....  9362.435799: do_swap_page: swapin tgid 1340 1526 "AudioService" 7f2d7e8000 19828f 1 1
           <...>-1526  [004] d..2  9362.435804: free_swap_slot: swapfree cache 19828f
           <...>-1526  [004] d..2  9362.435893: free_swap_slot: swapfree cache 1642eb
           <...>-2075  [004] ....  9362.435917: do_swap_page: swapin tgid 1995 2075 "UiThreadHelper" 7fbe1f9000 134177 1 1
           <...>-2075  [004] ....  9362.435926: do_swap_page: swapin tgid 1995 2075 "UiThreadHelper" 13c92000 1dc25e 1 1
           <...>-2075  [004] ....  9362.435929: do_swap_page: swapin tgid 1995 2075 "UiThreadHelper" 12edc000 11c114 0 1
           <...>-1968  [004] ....  9362.435957: do_swap_page: swapin tgid 1946 1968 "Binder:1946_1" 7fbe241000 f73eb 1 1
           <...>-1968  [004] ....  9362.435963: do_swap_page: swapin tgid 1946 1968 "Binder:1946_1" 7fbe1e9000 f73c8 0 1
           <...>-1785  [004] ....  9362.436000: do_swap_page: swapin tgid 1756 1785 "Binder:1756_2" 7f393c4000 7f353 1 1
           <...>-1785  [004] ....  9362.436008: do_swap_page: swapin tgid 1756 1785 "Binder:1756_2" 7fbe165000 7f3f9 0 1
           <...>-6409  [004] ....  9362.436091: do_swap_page: swapin tgid 5785 6409 "RenderThread" 7f2d3d2000 13f598 0 1
   Binder:2458_4-2719  [004] ....  9362.436111: do_swap_page: swapin tgid 2458 2719 "Binder:2458_4" 7fbe241000 4f463 1 1
   Binder:2458_4-2719  [004] ....  9362.436119: do_swap_page: swapin tgid 2458 2719 "Binder:2458_4" 7fbe1e9000 4f438 0 1
           <...>-1886  [004] ....  9362.436174: do_swap_page: swapin tgid 1886 1886 "m.android.phone" 7fbe1d0000 1d8267 1 1
           <...>-1886  [004] ....  9362.436187: do_swap_page: swapin tgid 1886 1886 "m.android.phone" 7eb6185000 1d4271 1 1
           <...>-1886  [004] ....  9362.436194: do_swap_page: swapin tgid 1886 1886 "m.android.phone" 72994000 c7341 0 1
           <...>-1890  [004] ....  9362.436220: do_swap_page: swapin tgid 1845 1890 "Binder:1845_2" 7f393c4000 93320 1 1
           <...>-1890  [004] ....  9362.436227: do_swap_page: swapin tgid 1845 1890 "Binder:1845_2" 7fbe165000 187780 0 1
           <...>-2196  [004] ....  9362.436284: do_swap_page: swapin tgid 1653 2196 "ScreenDecoratio" 7f2d226000 63324 1 1
           <...>-2196  [004] ....  9362.436301: do_swap_page: swapin tgid 1653 2196 "ScreenDecoratio" 7ec4a5a000 1bc2ae 1 1
           <...>-2196  [004] d..2  9362.436307: free_swap_slot: swapfree cache 1bc2ae
           <...>-2196  [004] ....  9362.436339: do_swap_page: swapin tgid 1653 2196 "ScreenDecoratio" 13e44000 1ac280 1 1
           <...>-2196  [004] d..2  9362.436348: free_swap_slot: swapfree cache 1ac280
           <...>-6409  [004] ....  9362.436376: do_swap_page: swapin tgid 5785 6409 "RenderThread" 7f2d3d2000 13f598 1 1
           <...>-2075  [004] ....  9362.436510: do_swap_page: swapin tgid 1995 2075 "UiThreadHelper" 12edc000 11c114 1 1
           <...>-2075  [004] ....  9362.436538: do_swap_page: swapin tgid 1995 2075 "UiThreadHelper" 72d19000 1dc28d 1 1
           <...>-2075  [004] d..2  9362.436549: free_swap_slot: swapfree cache 1dc28d
           <...>-2075  [004] ....  9362.436551: do_swap_page: swapin tgid 1995 2075 "UiThreadHelper" 72d26000 1dc298 1 1
           <...>-2075  [004] d..2  9362.436552: free_swap_slot: swapfree cache 1dc298
           <...>-2075  [004] ....  9362.436553: do_swap_page: swapin tgid 1995 2075 "UiThreadHelper" 72d2a000 1dc299 1 1
           <...>-2075  [004] d..2  9362.436554: free_swap_slot: swapfree cache 1dc299
           <...>-2075  [004] ....  9362.436557: do_swap_page: swapin tgid 1995 2075 "UiThreadHelper" 7fbe167000 134148 0 1
           <...>-1785  [004] ....  9362.436832: do_swap_page: swapin tgid 1756 1785 "Binder:1756_2" 7fbe165000 7f3f9 1 1
           <...>-1785  [004] ....  9362.436838: do_swap_page: swapin tgid 1756 1785 "Binder:1756_2" 7f2d651000 1cc204 1 1
           <...>-1785  [004] ....  9362.436842: do_swap_page: swapin tgid 1756 1785 "Binder:1756_2" 7fb9e4e000 7f387 0 1
           <...>-1968  [004] ....  9362.436873: do_swap_page: swapin tgid 1946 1968 "Binder:1946_1" 7fbe1e9000 f73c8 1 1
           <...>-1968  [004] ....  9362.436882: do_swap_page: swapin tgid 1946 1968 "Binder:1946_1" 7f393c4000 f7307 0 1
   Binder:2458_4-2719  [004] ....  9362.436905: do_swap_page: swapin tgid 2458 2719 "Binder:2458_4" 7fbe1e9000 4f438 1 1
   Binder:2458_4-2719  [004] ....  9362.436914: do_swap_page: swapin tgid 2458 2719 "Binder:2458_4" 7f393c4000 4b45b 0 1
           <...>-1890  [004] ....  9362.436941: do_swap_page: swapin tgid 1845 1890 "Binder:1845_2" 7fbe165000 187780 1 1
           <...>-1890  [004] ....  9362.436946: do_swap_page: swapin tgid 1845 1890 "Binder:1845_2" 7f28b90000 1cc25f 1 1
           <...>-1890  [004] ....  9362.436970: do_swap_page: swapin tgid 1845 1890 "Binder:1845_2" 7fb9e4e000 93351 0 1
           <...>-6409  [004] ....  9362.437016: do_swap_page: swapin tgid 5785 6409 "RenderThread" 7fbe162000 603b4 1 1
           <...>-6409  [004] d..2  9362.437020: free_swap_slot: swapfree cache 603b4
           <...>-6409  [004] ....  9362.437021: do_swap_page: swapin tgid 5785 6409 "RenderThread" 7fbe1fc000 603be 1 1
           <...>-6409  [004] d..2  9362.437023: free_swap_slot: swapfree cache 603be
           <...>-6409  [004] d..2  9362.437025: free_swap_slot: swapfree cache 603b6
           <...>-6409  [004] ....  9362.437027: do_swap_page: swapin tgid 5785 6409 "RenderThread" 7f28e68000 6037c 1 1
           <...>-6409  [004] ....  9362.437032: do_swap_page: swapin tgid 5785 6409 "RenderThread" 7ebaa15000 6034c 1 1
           <...>-6409  [004] d..2  9362.437033: free_swap_slot: swapfree cache 6034c
           <...>-6409  [004] ....  9362.437036: do_swap_page: swapin tgid 5785 6409 "RenderThread" 7fbe2f1000 603c8 1 1
           <...>-6409  [004] d..2  9362.437041: free_swap_slot: swapfree cache 603c8
           <...>-6409  [004] ....  9362.437045: do_swap_page: swapin tgid 5785 6409 "RenderThread" 7fbc834000 14759f 0 1
           <...>-1886  [004] ....  9362.437081: do_swap_page: swapin tgid 1886 1886 "m.android.phone" 72994000 c7341 1 1
           <...>-1886  [004] ....  9362.437088: do_swap_page: swapin tgid 1886 1886 "m.android.phone" 14606000 c3374 0 1
           <...>-2075  [004] ....  9362.437160: do_swap_page: swapin tgid 1995 2075 "UiThreadHelper" 7fbe167000 134148 1 1
           <...>-2075  [004] ....  9362.437167: do_swap_page: swapin tgid 1995 2075 "UiThreadHelper" 7f350d6000 1ec274 1 1
           <...>-2075  [004] d..2  9362.437169: free_swap_slot: swapfree cache 1ec274
           <...>-2075  [004] ....  9362.437173: do_swap_page: swapin tgid 1995 2075 "UiThreadHelper" 7f33f09000 1ec26d 1 1
           <...>-2075  [004] d..2  9362.437174: free_swap_slot: swapfree cache 1ec26d
           <...>-1968  [004] ....  9362.437259: do_swap_page: swapin tgid 1946 1968 "Binder:1946_1" 7f393c4000 f7307 1 1
           <...>-1968  [004] ....  9362.437266: do_swap_page: swapin tgid 1946 1968 "Binder:1946_1" 7fbe165000 f739f 0 1
           <...>-1785  [004] ....  9362.437312: do_swap_page: swapin tgid 1756 1785 "Binder:1756_2" 7fb9e4e000 7f387 1 1
           <...>-1785  [004] ....  9362.437320: do_swap_page: swapin tgid 1756 1785 "Binder:1756_2" 7fbd93d000 1cc23a 1 1
           <...>-1785  [004] ....  9362.437322: do_swap_page: swapin tgid 1756 1785 "Binder:1756_2" 7f2d61a000 1cc201 1 1
           <...>-1785  [004] d..2  9362.437325: free_swap_slot: swapfree cache 1cc204
           <...>-1785  [004] ....  9362.437329: do_swap_page: swapin tgid 1756 1785 "Binder:1756_2" 7f393c2000 b313a 1 17
           <...>-1785  [004] ....  9362.437331: do_swap_page: swapin tgid 1756 1785 "Binder:1756_2" 7fbe23c000 1cc247 1 1
           <...>-1785  [004] ....  9362.437335: do_swap_page: swapin tgid 1756 1785 "Binder:1756_2" 7f31943000 1cc22d 1 1
           <...>-1785  [004] ....  9362.437341: do_swap_page: swapin tgid 1756 1785 "Binder:1756_2" 133c5000 1c82d8 1 1
           <...>-1785  [004] ....  9362.437347: do_swap_page: swapin tgid 1756 1785 "Binder:1756_2" 7fbe286000 bb125 1 18
           <...>-1785  [004] ....  9362.437349: do_swap_page: swapin tgid 1756 1785 "Binder:1756_2" 7fbe285000 bb124 1 18
           <...>-1785  [004] ....  9362.437352: do_swap_page: swapin tgid 1756 1785 "Binder:1756_2" 7f393c3000 7f352 0 1
           <...>-6409  [004] ....  9362.437398: do_swap_page: swapin tgid 5785 6409 "RenderThread" 7fbc834000 14759f 1 1
           <...>-6409  [004] ....  9362.437404: do_swap_page: swapin tgid 5785 6409 "RenderThread" 7fbe253000 603c4 1 1
           <...>-6409  [004] d..2  9362.437407: free_swap_slot: swapfree cache 603c4
           <...>-6409  [004] d..2  9362.437410: free_swap_slot: swapfree cache 6037c
           <...>-6409  [004] ....  9362.437418: do_swap_page: swapin tgid 5785 6409 "RenderThread" 7f28f6f000 60381 1 1
           <...>-6409  [004] d..2  9362.437420: free_swap_slot: swapfree cache 60381
           <...>-6409  [004] ....  9362.437503: do_swap_page: swapin tgid 5785 6409 "RenderThread" 7eba63e000 6034a 1 1
           <...>-6409  [004] dn.2  9362.437528: free_swap_slot: swapfree cache 6034a
           <...>-6409  [004] ....  9362.437537: do_swap_page: swapin tgid 5785 6409 "RenderThread" 7f2d147000 13f58c 0 1
   Binder:2458_4-2719  [004] ....  9362.437553: do_swap_page: swapin tgid 2458 2719 "Binder:2458_4" 7f393c4000 4b45b 1 1
   Binder:2458_4-2719  [004] ....  9362.437560: do_swap_page: swapin tgid 2458 2719 "Binder:2458_4" 7fbe165000 4b4fa 0 1
           <...>-1890  [004] ....  9362.437594: do_swap_page: swapin tgid 1845 1890 "Binder:1845_2" 7fb9e4e000 93351 1 1
           <...>-1890  [004] ....  9362.437602: do_swap_page: swapin tgid 1845 1890 "Binder:1845_2" 7fbd93d000 9338c 0 1
           <...>-2196  [004] ....  9362.437701: do_swap_page: swapin tgid 1653 2196 "ScreenDecoratio" 13e3e000 1ac27a 1 1
           <...>-2196  [004] ....  9362.437709: do_swap_page: swapin tgid 1653 2196 "ScreenDecoratio" 9ee7b000 b34d 0 1
           <...>-6409  [004] ....  9362.437736: do_swap_page: swapin tgid 5785 6409 "RenderThread" 7f2d147000 13f58c 1 1
           <...>-6409  [004] ....  9362.437841: do_swap_page: swapin tgid 5785 6409 "RenderThread" 7f2d3d3000 13f599 0 1
           <...>-1886  [004] ....  9362.437873: do_swap_page: swapin tgid 1886 1886 "m.android.phone" 14606000 c3374 1 1
           <...>-1886  [004] ....  9362.437887: do_swap_page: swapin tgid 1886 1886 "m.android.phone" 7fbe167000 1d8259 1 1
           <...>-1968  [004] ....  9362.438012: do_swap_page: swapin tgid 1946 1968 "Binder:1946_1" 7fbe165000 f739f 1 1
           <...>-1968  [004] ....  9362.438018: do_swap_page: swapin tgid 1946 1968 "Binder:1946_1" 7f28b7e000 1d8291 1 1
           <...>-1968  [004] ....  9362.438022: do_swap_page: swapin tgid 1946 1968 "Binder:1946_1" 7fb9e4e000 f733b 0 1
           <...>-1890  [004] ....  9362.438060: do_swap_page: swapin tgid 1845 1890 "Binder:1845_2" 7fbd93d000 9338c 1 1
           <...>-1890  [004] ....  9362.438067: do_swap_page: swapin tgid 1845 1890 "Binder:1845_2" 7f28b18000 1cc25b 1 1
           <...>-1890  [004] d..2  9362.438070: free_swap_slot: swapfree cache 1cc25f
           <...>-1890  [004] ....  9362.438072: do_swap_page: swapin tgid 1845 1890 "Binder:1845_2" 7f393c2000 b313a 1 16
           <...>-1890  [004] ....  9362.438074: do_swap_page: swapin tgid 1845 1890 "Binder:1845_2" 7fbe23c000 1cc281 1 1
           <...>-1890  [004] ....  9362.438079: do_swap_page: swapin tgid 1845 1890 "Binder:1845_2" 7f31943000 f3d58 0 1
   Binder:2458_4-2719  [004] ....  9362.438103: do_swap_page: swapin tgid 2458 2719 "Binder:2458_4" 7fbe165000 4b4fa 1 1
   Binder:2458_4-2719  [004] ....  9362.438109: do_swap_page: swapin tgid 2458 2719 "Binder:2458_4" 7ed1e2f000 1fc2bb 1 1
   Binder:2458_4-2719  [004] ....  9362.438113: do_swap_page: swapin tgid 2458 2719 "Binder:2458_4" 7fb9e4e000 4b492 0 1
           <...>-1886  [004] ....  9362.438155: do_swap_page: swapin tgid 1886 1886 "m.android.phone" 1469c000 1d4259 1 1
           <...>-1886  [004] ....  9362.438159: do_swap_page: swapin tgid 1886 1886 "m.android.phone" 1469d000 c730b 0 1
           <...>-6409  [004] ....  9362.438216: do_swap_page: swapin tgid 5785 6409 "RenderThread" 7f2d3d3000 13f599 1 1
           <...>-6409  [004] ....  9362.438227: do_swap_page: swapin tgid 5785 6409 "RenderThread" 7f395f1000 1435e4 0 1
           <...>-1785  [004] ....  9362.438262: do_swap_page: swapin tgid 1756 1785 "Binder:1756_2" 7f393c3000 7f352 1 1
           <...>-1785  [004] ....  9362.438269: do_swap_page: swapin tgid 1756 1785 "Binder:1756_2" 7fbe1f8000 1cc245 1 1
           <...>-1785  [004] ....  9362.438274: do_swap_page: swapin tgid 1756 1785 "Binder:1756_2" 7f2dffb000 2bc5f 0 1
           <...>-1968  [004] ....  9362.438325: do_swap_page: swapin tgid 1946 1968 "Binder:1946_1" 7fb9e4e000 f733b 1 1
           <...>-1968  [004] ....  9362.438332: do_swap_page: swapin tgid 1946 1968 "Binder:1946_1" 7fbd93d000 f736e 0 1
 droid.launcher3-1995  [004] d..2  9362.438386: free_swap_slot: swapfree cache 1dc260
 droid.launcher3-1995  [004] ....  9362.438395: do_swap_page: swapin tgid 1995 1995 "droid.launcher3" 7fbe1e8000 1433fb 0 1
           <...>-6409  [004] ....  9362.438610: do_swap_page: swapin tgid 5785 6409 "RenderThread" 7f395f1000 1435e4 1 1
           <...>-6409  [004] ....  9362.438617: do_swap_page: swapin tgid 5785 6409 "RenderThread" 7f2d3d5000 13f59b 0 1
   Binder:2458_4-2719  [004] ....  9362.438724: do_swap_page: swapin tgid 2458 2719 "Binder:2458_4" 7fb9e4e000 4b492 1 1
   Binder:2458_4-2719  [004] ....  9362.438731: do_swap_page: swapin tgid 2458 2719 "Binder:2458_4" 7fbd93d000 4b4c7 0 1
           <...>-1890  [004] ....  9362.438774: do_swap_page: swapin tgid 1845 1890 "Binder:1845_2" 7f31943000 f3d58 1 1
           <...>-1890  [004] ....  9362.438783: do_swap_page: swapin tgid 1845 1890 "Binder:1845_2" 132c3000 1cc256 1 1
           <...>-1890  [004] ....  9362.438788: do_swap_page: swapin tgid 1845 1890 "Binder:1845_2" 7fbe286000 bb125 1 17
           <...>-1890  [004] ....  9362.438791: do_swap_page: swapin tgid 1845 1890 "Binder:1845_2" 7fbe285000 bb124 1 17
           <...>-1890  [004] ....  9362.438793: do_swap_page: swapin tgid 1845 1890 "Binder:1845_2" 7f393c3000 f3d5d 0 1
           <...>-2196  [004] ....  9362.438817: do_swap_page: swapin tgid 1653 2196 "ScreenDecoratio" 9ee7b000 b34d 1 1
           <...>-2196  [004] ....  9362.438828: do_swap_page: swapin tgid 1653 2196 "ScreenDecoratio" 9edba000 738c 0 1
 droid.launcher3-1995  [004] ....  9362.438855: do_swap_page: swapin tgid 1995 1995 "droid.launcher3" 7fbe1e8000 1433fb 1 1
 droid.launcher3-1995  [004] d..2  9362.438861: free_swap_slot: swapfree cache 1f0205
           <...>-6409  [004] ....  9362.439024: do_swap_page: swapin tgid 5785 6409 "RenderThread" 7f2d3d5000 13f59b 1 1
           <...>-6409  [004] d..2  9362.439031: free_swap_slot: swapfree cache 603ac
           <...>-6409  [004] d..2  9362.439033: free_swap_slot: swapfree cache 6034d
           <...>-6409  [004] d..2  9362.439039: free_swap_slot: swapfree cache 60391
           <...>-6409  [004] ....  9362.439044: do_swap_page: swapin tgid 5785 6409 "RenderThread" 7eba5f3000 60349 1 1
           <...>-6409  [004] d..2  9362.439046: free_swap_slot: swapfree cache 60349
           <...>-1968  [004] ....  9362.439064: do_swap_page: swapin tgid 1946 1968 "Binder:1946_1" 7fbd93d000 f736e 1 1
           <...>-1968  [004] ....  9362.439070: do_swap_page: swapin tgid 1946 1968 "Binder:1946_1" 7f28b18000 1d8290 1 1
           <...>-1968  [004] d..2  9362.439073: free_swap_slot: swapfree cache 1d8291
           <...>-1968  [004] ....  9362.439075: do_swap_page: swapin tgid 1946 1968 "Binder:1946_1" 7f393c2000 b313a 1 15
           <...>-1968  [004] ....  9362.439078: do_swap_page: swapin tgid 1946 1968 "Binder:1946_1" 7fbe23c000 f73ea 0 1
           <...>-1785  [004] ....  9362.439120: do_swap_page: swapin tgid 1756 1785 "Binder:1756_2" 7f2dffb000 2bc5f 1 1
           <...>-1785  [004] ....  9362.439130: do_swap_page: swapin tgid 1756 1785 "Binder:1756_2" 133c0000 1c82d6 1 1
           <...>-1785  [004] ....  9362.439133: do_swap_page: swapin tgid 1756 1785 "Binder:1756_2" 133d5000 1c82dd 1 1
           <...>-1785  [004] d..2  9362.439137: free_swap_slot: swapfree cache 1cc201
           <...>-1785  [004] ....  9362.439140: do_swap_page: swapin tgid 1756 1785 "Binder:1756_2" 7fbe24e000 8334b 0 1
           <...>-1886  [004] ....  9362.439235: do_swap_page: swapin tgid 1886 1886 "m.android.phone" 1469d000 c730b 1 1
           <...>-1886  [004] ....  9362.439272: do_swap_page: swapin tgid 1886 1886 "m.android.phone" 12e80000 6409d 0 1
           <...>-2196  [004] ....  9362.439300: do_swap_page: swapin tgid 1653 2196 "ScreenDecoratio" 9edba000 738c 1 1
           <...>-1890  [004] ....  9362.439457: do_swap_page: swapin tgid 1845 1890 "Binder:1845_2" 7f393c3000 f3d5d 1 1
           <...>-1890  [004] ....  9362.439463: do_swap_page: swapin tgid 1845 1890 "Binder:1845_2" 7fbe1f8000 1cc27c 1 1
           <...>-1890  [004] ....  9362.439468: do_swap_page: swapin tgid 1845 1890 "Binder:1845_2" 132c0000 1cc254 1 1
           <...>-1890  [004] ....  9362.439471: do_swap_page: swapin tgid 1845 1890 "Binder:1845_2" 132c8000 1cc257 1 1
           <...>-1890  [004] d..2  9362.439475: free_swap_slot: swapfree cache 1cc25b
           <...>-1890  [004] ....  9362.439478: do_swap_page: swapin tgid 1845 1890 "Binder:1845_2" 7fbe24e000 9730e 0 1
      android.ui-1360  [004] ....  9362.439523: do_swap_page: swapin tgid 1340 1360 "android.ui" 9eeed000 15329f 0 1
           <...>-1367  [004] ....  9362.439560: do_swap_page: swapin tgid 1340 1367 "android.bg" 13932000 15c221 1 1
   Binder:2458_4-2719  [004] ....  9362.439597: do_swap_page: swapin tgid 2458 2719 "Binder:2458_4" 7fbd93d000 4b4c7 1 1
   Binder:2458_4-2719  [004] ....  9362.439605: do_swap_page: swapin tgid 2458 2719 "Binder:2458_4" 7f28b1a000 1fc2bf 1 1
   Binder:2458_4-2719  [004] d..2  9362.439611: free_swap_slot: swapfree cache 1fc2bb
   Binder:2458_4-2719  [004] ....  9362.439613: do_swap_page: swapin tgid 2458 2719 "Binder:2458_4" 7f393c2000 b313a 1 14
   Binder:2458_4-2719  [004] ....  9362.439617: do_swap_page: swapin tgid 2458 2719 "Binder:2458_4" 7fbe23c000 4f45e 0 1
           <...>-2075  [004] ....  9362.439709: do_swap_page: swapin tgid 1995 2075 "UiThreadHelper" 72bca000 120124 0 1
 droid.launcher3-1995  [004] ....  9362.439764: do_swap_page: swapin tgid 1995 1995 "droid.launcher3" 7f29949000 1e82ef 1 1
 droid.launcher3-1995  [004] d..2  9362.439767: free_swap_slot: swapfree cache 1e82ef
 droid.launcher3-1995  [004] ....  9362.439775: do_swap_page: swapin tgid 1995 1995 "droid.launcher3" 7f39805000 1ec27c 1 1
 droid.launcher3-1995  [004] d..2  9362.439778: free_swap_slot: swapfree cache 1ec27c
 droid.launcher3-1995  [004] ....  9362.439779: do_swap_page: swapin tgid 1995 1995 "droid.launcher3" 7f39810000 1ec287 1 1
 droid.launcher3-1995  [004] d..2  9362.439782: free_swap_slot: swapfree cache 1ec287
 droid.launcher3-1995  [004] ....  9362.439783: do_swap_page: swapin tgid 1995 1995 "droid.launcher3" 7f39806000 1ec27d 1 1
 droid.launcher3-1995  [004] ....  9362.439786: do_swap_page: swapin tgid 1995 1995 "droid.launcher3" 7fbe161000 1ec2c8 1 1
 droid.launcher3-1995  [004] d..2  9362.439787: free_swap_slot: swapfree cache 1ec2c8
 droid.launcher3-1995  [004] ....  9362.439789: do_swap_page: swapin tgid 1995 1995 "droid.launcher3" 7f28a83000 1e8281 1 1
 droid.launcher3-1995  [004] d..2  9362.439790: free_swap_slot: swapfree cache 1e8281
 droid.launcher3-1995  [004] ....  9362.439795: do_swap_page: swapin tgid 1995 1995 "droid.launcher3" 7f2d14c000 13015f 0 1
           <...>-1968  [004] ....  9362.439830: do_swap_page: swapin tgid 1946 1968 "Binder:1946_1" 7fbe23c000 f73ea 1 1
           <...>-1968  [004] ....  9362.439835: do_swap_page: swapin tgid 1946 1968 "Binder:1946_1" 7f28b7f000 1d8292 1 1
           <...>-1968  [004] d..2  9362.439837: free_swap_slot: swapfree cache 1d8292
           <...>-1968  [004] ....  9362.439840: do_swap_page: swapin tgid 1946 1968 "Binder:1946_1" 7f31943000 f33f7 0 1
      android.ui-1360  [004] ....  9362.439884: do_swap_page: swapin tgid 1340 1360 "android.ui" 9eeed000 15329f 1 1
 droid.launcher3-1995  [004] ....  9362.439938: do_swap_page: swapin tgid 1995 1995 "droid.launcher3" 7f2d14c000 13015f 1 1
           <...>-1886  [004] ....  9362.439988: do_swap_page: swapin tgid 1886 1886 "m.android.phone" 12e80000 6409d 1 1
           <...>-1886  [004] ....  9362.440019: do_swap_page: swapin tgid 1886 1886 "m.android.phone" 14601000 1d4236 1 1
           <...>-1886  [004] ....  9362.440032: do_swap_page: swapin tgid 1886 1886 "m.android.phone" 14689000 c33f7 0 1
           <...>-1785  [004] ....  9362.440065: do_swap_page: swapin tgid 1756 1785 "Binder:1756_2" 7fbe24e000 8334b 1 1
           <...>-1785  [004] ....  9362.440075: do_swap_page: swapin tgid 1756 1785 "Binder:1756_2" 7f31742000 1cc22c 1 1
           <...>-1785  [004] d..2  9362.440078: free_swap_slot: swapfree cache 1cc22c
           <...>-1785  [004] ....  9362.440080: do_swap_page: swapin tgid 1756 1785 "Binder:1756_2" 7f2dffc000 1cc226 1 1
           <...>-1785  [004] d..2  9362.440080: free_swap_slot: swapfree cache 1cc226
           <...>-1785  [004] ....  9362.440083: do_swap_page: swapin tgid 1756 1785 "Binder:1756_2" 12e42000 1c82c9 1 1
           <...>-1785  [004] d..2  9362.440085: free_swap_slot: swapfree cache 1c82c9
           <...>-1785  [004] d..2  9362.440087: free_swap_slot: swapfree cache 1c82dd
           <...>-1785  [004] ....  9362.440089: do_swap_page: swapin tgid 1756 1785 "Binder:1756_2" 7f34f57000 1cc22f 1 1
           <...>-1785  [004] d..2  9362.440090: free_swap_slot: swapfree cache 1cc22f
           <...>-1785  [004] ....  9362.440091: do_swap_page: swapin tgid 1756 1785 "Binder:1756_2" 133c4000 1c82d7 1 1
           <...>-1785  [004] d..2  9362.440097: free_swap_slot: swapfree cache 1c82d7
           <...>-1785  [004] ....  9362.440102: do_swap_page: swapin tgid 1756 1785 "Binder:1756_2" 7fbe1e7000 83322 0 1
           <...>-2196  [004] ....  9362.440180: do_swap_page: swapin tgid 1653 2196 "ScreenDecoratio" 72d3d000 1b0248 1 1
           <...>-2196  [004] d..2  9362.440184: free_swap_slot: swapfree cache 1b0248
           <...>-2196  [004] ....  9362.440192: do_swap_page: swapin tgid 1653 2196 "ScreenDecoratio" 1330d000 1a423a 1 1
 droid.launcher3-1995  [004] ....  9362.440358: do_swap_page: swapin tgid 1995 1995 "droid.launcher3" 7fbf6ff000 1af764 0 1
           <...>-1890  [004] ....  9362.440404: do_swap_page: swapin tgid 1845 1890 "Binder:1845_2" 7fbe24e000 9730e 1 1
           <...>-1890  [004] ....  9362.440414: do_swap_page: swapin tgid 1845 1890 "Binder:1845_2" 7f31742000 1cc262 1 1
           <...>-1890  [004] d..2  9362.440417: free_swap_slot: swapfree cache 1cc262
           <...>-1890  [004] ....  9362.440419: do_swap_page: swapin tgid 1845 1890 "Binder:1845_2" 7f2dffc000 1cc260 1 1
           <...>-1890  [004] d..2  9362.440420: free_swap_slot: swapfree cache 1cc260
           <...>-1890  [004] ....  9362.440422: do_swap_page: swapin tgid 1845 1890 "Binder:1845_2" 12cc3000 1cc253 1 1
           <...>-1890  [004] d..2  9362.440424: free_swap_slot: swapfree cache 1cc253
           <...>-1890  [004] d..2  9362.440426: free_swap_slot: swapfree cache 1cc257
           <...>-1890  [004] ....  9362.440428: do_swap_page: swapin tgid 1845 1890 "Binder:1845_2" 7f34f57000 1cc264 1 1
           <...>-1890  [004] d..2  9362.440429: free_swap_slot: swapfree cache 1cc264
           <...>-1890  [004] ....  9362.440430: do_swap_page: swapin tgid 1845 1890 "Binder:1845_2" 132c2000 1cc255 1 1
           <...>-1890  [004] d..2  9362.440431: free_swap_slot: swapfree cache 1cc255
           <...>-1890  [004] ....  9362.440436: do_swap_page: swapin tgid 1845 1890 "Binder:1845_2" 7fbe1e7000 933e5 0 1
   Binder:2458_4-2719  [004] ....  9362.440464: do_swap_page: swapin tgid 2458 2719 "Binder:2458_4" 7fbe23c000 4f45e 1 1
   Binder:2458_4-2719  [004] ....  9362.440472: do_swap_page: swapin tgid 2458 2719 "Binder:2458_4" 7f31943000 4b448 0 1
           <...>-2075  [004] ....  9362.440499: do_swap_page: swapin tgid 1995 2075 "UiThreadHelper" 72bca000 120124 1 1
           <...>-2075  [004] ....  9362.440509: do_swap_page: swapin tgid 1995 2075 "UiThreadHelper" 12cca000 1d82ac 1 1
           <...>-2075  [004] ....  9362.440533: do_swap_page: swapin tgid 1995 2075 "UiThreadHelper" 7f2dd50000 1301b5 0 1
 droid.launcher3-1995  [004] ....  9362.440555: do_swap_page: swapin tgid 1995 1995 "droid.launcher3" 7fbf6ff000 1af764 1 1
 droid.launcher3-1995  [004] ....  9362.440637: do_swap_page: swapin tgid 1995 1995 "droid.launcher3" 7eced25000 1e8248 1 1
 droid.launcher3-1995  [004] d..2  9362.440640: free_swap_slot: swapfree cache 1e8248
 droid.launcher3-1995  [004] ....  9362.440763: do_swap_page: swapin tgid 1995 1995 "droid.launcher3" 9ec4c000 1201d1 0 1
      android.ui-1360  [004] d..2  9362.440812: free_swap_slot: swapfree cache 16c25f
      android.ui-1360  [004] ....  9362.440818: do_swap_page: swapin tgid 1340 1360 "android.ui" 14691000 16c260 1 1
      android.ui-1360  [004] ....  9362.440823: do_swap_page: swapin tgid 1340 1360 "android.ui" 9ed95000 14f247 0 1
           <...>-1968  [004] ....  9362.440849: do_swap_page: swapin tgid 1946 1968 "Binder:1946_1" 7f31943000 f33f7 1 1
           <...>-1968  [004] ....  9362.440881: do_swap_page: swapin tgid 1946 1968 "Binder:1946_1" 13708000 eb3d5 0 1
 droid.launcher3-1995  [004] ....  9362.440910: do_swap_page: swapin tgid 1995 1995 "droid.launcher3" 9ec4c000 1201d1 1 1
 droid.launcher3-1995  [004] ....  9362.440918: do_swap_page: swapin tgid 1995 1995 "droid.launcher3" 9ecd6000 1dc2b7 1 1
 droid.launcher3-1995  [004] ....  9362.440947: do_swap_page: swapin tgid 1995 1995 "droid.launcher3" 9ebc8000 12018d 0 1
      android.ui-1360  [004] ....  9362.440971: do_swap_page: swapin tgid 1340 1360 "android.ui" 9ed95000 14f247 1 1
      android.ui-1360  [004] ....  9362.440977: do_swap_page: swapin tgid 1340 1360 "android.ui" 9ed93000 14f245 0 1
           <...>-2075  [004] ....  9362.441000: do_swap_page: swapin tgid 1995 2075 "UiThreadHelper" 7f2dd50000 1301b5 1 1
           <...>-2075  [004] d..2  9362.441006: free_swap_slot: swapfree cache 1d82bd
           <...>-2075  [004] ....  9362.441009: do_swap_page: swapin tgid 1995 2075 "UiThreadHelper" 132bd000 11c1b1 0 1
   Binder:2458_4-2719  [004] ....  9362.441037: do_swap_page: swapin tgid 2458 2719 "Binder:2458_4" 7f31943000 4b448 1 1
   Binder:2458_4-2719  [004] ....  9362.441047: do_swap_page: swapin tgid 2458 2719 "Binder:2458_4" 14085000 3348c 0 1
           <...>-1785  [004] ....  9362.441073: do_swap_page: swapin tgid 1756 1785 "Binder:1756_2" 7fbe1e7000 83322 1 1
           <...>-1785  [004] ....  9362.441097: do_swap_page: swapin tgid 1756 1785 "Binder:1756_2" 7fbe17f000 83302 0 1
           <...>-1890  [004] ....  9362.441142: do_swap_page: swapin tgid 1845 1890 "Binder:1845_2" 7fbe1e7000 933e5 1 1
           <...>-1890  [004] ....  9362.441148: do_swap_page: swapin tgid 1845 1890 "Binder:1845_2" 7fbe17f000 f3d77 0 1
 droid.launcher3-1995  [004] ....  9362.441182: do_swap_page: swapin tgid 1995 1995 "droid.launcher3" 9ebc8000 12018d 1 1
 droid.launcher3-1995  [004] ....  9362.441188: do_swap_page: swapin tgid 1995 1995 "droid.launcher3" 9ecbf000 10f3a5 0 1
      android.ui-1360  [004] ....  9362.441211: do_swap_page: swapin tgid 1340 1360 "android.ui" 9ed93000 14f245 1 1
      android.ui-1360  [004] d..2  9362.441248: free_swap_slot: swapfree cache 1602d5
      android.ui-1360  [004] ....  9362.441259: do_swap_page: swapin tgid 1340 1360 "android.ui" 1463c000 11721d 0 1
           <...>-2075  [004] ....  9362.441284: do_swap_page: swapin tgid 1995 2075 "UiThreadHelper" 132bd000 11c1b1 1 1
           <...>-1968  [004] ....  9362.441334: do_swap_page: swapin tgid 1946 1968 "Binder:1946_1" 13708000 eb3d5 1 1
           <...>-1968  [004] ....  9362.441343: do_swap_page: swapin tgid 1946 1968 "Binder:1946_1" 7fbe286000 bb125 1 16
           <...>-1968  [004] ....  9362.441346: do_swap_page: swapin tgid 1946 1968 "Binder:1946_1" 7fbe285000 bb124 1 16
           <...>-1968  [004] ....  9362.441368: do_swap_page: swapin tgid 1946 1968 "Binder:1946_1" 7f393c3000 f7306 0 1
           <...>-1886  [004] ....  9362.441416: do_swap_page: swapin tgid 1886 1886 "m.android.phone" 14689000 c33f7 1 1
           <...>-1886  [004] ....  9362.441428: do_swap_page: swapin tgid 1886 1886 "m.android.phone" 72bc1000 c734c 0 1
           <...>-2196  [004] ....  9362.441500: do_swap_page: swapin tgid 1653 2196 "ScreenDecoratio" 9ec7f000 1b02d4 1 1
           <...>-2196  [004] ....  9362.441551: do_swap_page: swapin tgid 1653 2196 "ScreenDecoratio" 9ed4f000 7321 0 1
 droid.launcher3-1995  [004] ....  9362.441580: do_swap_page: swapin tgid 1995 1995 "droid.launcher3" 9ecbf000 10f3a5 1 1
 droid.launcher3-1995  [004] ....  9362.441614: do_swap_page: swapin tgid 1995 1995 "droid.launcher3" 9ecc0000 10f3a6 0 1
      android.ui-1360  [004] ....  9362.441639: do_swap_page: swapin tgid 1340 1360 "android.ui" 1463c000 11721d 1 1
      android.ui-1360  [004] ....  9362.441652: do_swap_page: swapin tgid 1340 1360 "android.ui" 9ed8c000 14f23e 0 1
   Binder:2458_4-2719  [004] ....  9362.441675: do_swap_page: swapin tgid 2458 2719 "Binder:2458_4" 14085000 3348c 1 1
   Binder:2458_4-2719  [004] ....  9362.441702: do_swap_page: swapin tgid 2458 2719 "Binder:2458_4" 7fbe286000 bb125 1 15
   Binder:2458_4-2719  [004] ....  9362.441705: do_swap_page: swapin tgid 2458 2719 "Binder:2458_4" 7fbe285000 bb124 1 15
   Binder:2458_4-2719  [004] ....  9362.441708: do_swap_page: swapin tgid 2458 2719 "Binder:2458_4" 7f393c3000 4b45a 0 1
           <...>-1785  [004] ....  9362.441735: do_swap_page: swapin tgid 1756 1785 "Binder:1756_2" 7fbe17f000 83302 1 1
           <...>-1785  [004] ....  9362.441741: do_swap_page: swapin tgid 1756 1785 "Binder:1756_2" 7fbe20a000 8332d 0 1
 droid.launcher3-1995  [004] ....  9362.441788: do_swap_page: swapin tgid 1995 1995 "droid.launcher3" 9ecc0000 10f3a6 1 1
 droid.launcher3-1995  [004] ....  9362.441802: do_swap_page: swapin tgid 1995 1995 "droid.launcher3" 9ecb9000 1dc2af 1 1
 droid.launcher3-1995  [004] ....  9362.441806: do_swap_page: swapin tgid 1995 1995 "droid.launcher3" 9ec49000 1201ce 0 1
      android.ui-1360  [004] ....  9362.441831: do_swap_page: swapin tgid 1340 1360 "android.ui" 9ed8c000 14f23e 1 1
      android.ui-1360  [004] d..2  9362.441862: free_swap_slot: swapfree cache 1842f4
      android.ui-1360  [004] d..2  9362.441871: swapcache_free_entries: swapfree direct 1ec243
      android.ui-1360  [004] d..3  9362.441872: swapcache_free_entries: swapfree direct 1e82b5
      android.ui-1360  [004] d..3  9362.441872: swapcache_free_entries: swapfree direct 1ec23f
      android.ui-1360  [004] d..3  9362.441873: swapcache_free_entries: swapfree direct 1ec237
      android.ui-1360  [004] d..3  9362.441873: swapcache_free_entries: swapfree direct 1e828a
      android.ui-1360  [004] d..3  9362.441874: swapcache_free_entries: swapfree direct 1ec2f7
      android.ui-1360  [004] d..3  9362.441874: swapcache_free_entries: swapfree direct 1fc2cc
      android.ui-1360  [004] d..3  9362.441875: swapcache_free_entries: swapfree direct 6036b
      android.ui-1360  [004] d..3  9362.441875: swapcache_free_entries: swapfree direct 60386
      android.ui-1360  [004] d..3  9362.441876: swapcache_free_entries: swapfree direct 16c263
      android.ui-1360  [004] d..3  9362.441877: swapcache_free_entries: swapfree direct 19828f
      android.ui-1360  [004] d..3  9362.441878: swapcache_free_entries: swapfree direct 1642eb
      android.ui-1360  [004] d..3  9362.441878: swapcache_free_entries: swapfree direct 1bc2ae
      android.ui-1360  [004] d..3  9362.441879: swapcache_free_entries: swapfree direct 1ac280
      android.ui-1360  [004] d..3  9362.441880: swapcache_free_entries: swapfree direct 1dc28d
      android.ui-1360  [004] d..3  9362.441880: swapcache_free_entries: swapfree direct 1dc298
      android.ui-1360  [004] d..3  9362.441881: swapcache_free_entries: swapfree direct 1dc299
      android.ui-1360  [004] d..3  9362.441881: swapcache_free_entries: swapfree direct 603b4
      android.ui-1360  [004] d..3  9362.441882: swapcache_free_entries: swapfree direct 603be
      android.ui-1360  [004] d..3  9362.441882: swapcache_free_entries: swapfree direct 603b6
      android.ui-1360  [004] d..3  9362.441883: swapcache_free_entries: swapfree direct 6034c
      android.ui-1360  [004] d..3  9362.441883: swapcache_free_entries: swapfree direct 603c8
      android.ui-1360  [004] d..3  9362.441884: swapcache_free_entries: swapfree direct 1ec274
      android.ui-1360  [004] d..3  9362.441884: swapcache_free_entries: swapfree direct 1ec26d
      android.ui-1360  [004] d..3  9362.441884: swapcache_free_entries: swapfree direct 1cc204
      android.ui-1360  [004] d..3  9362.441885: swapcache_free_entries: swapfree direct 603c4
      android.ui-1360  [004] d..3  9362.441885: swapcache_free_entries: swapfree direct 6037c
      android.ui-1360  [004] d..3  9362.441886: swapcache_free_entries: swapfree direct 60381
      android.ui-1360  [004] d..3  9362.441886: swapcache_free_entries: swapfree direct 6034a
      android.ui-1360  [004] d..3  9362.441887: swapcache_free_entries: swapfree direct 1cc25f
      android.ui-1360  [004] d..3  9362.441887: swapcache_free_entries: swapfree direct 1dc260
      android.ui-1360  [004] d..3  9362.441887: swapcache_free_entries: swapfree direct 1f0205
      android.ui-1360  [004] d..3  9362.441888: swapcache_free_entries: swapfree direct 603ac
      android.ui-1360  [004] d..3  9362.441888: swapcache_free_entries: swapfree direct 6034d
      android.ui-1360  [004] d..3  9362.441889: swapcache_free_entries: swapfree direct 60391
      android.ui-1360  [004] d..3  9362.441889: swapcache_free_entries: swapfree direct 60349
      android.ui-1360  [004] d..3  9362.441889: swapcache_free_entries: swapfree direct 1d8291
      android.ui-1360  [004] d..3  9362.441890: swapcache_free_entries: swapfree direct 1cc201
      android.ui-1360  [004] d..3  9362.441890: swapcache_free_entries: swapfree direct 1cc25b
      android.ui-1360  [004] d..3  9362.441891: swapcache_free_entries: swapfree direct 1fc2bb
      android.ui-1360  [004] d..3  9362.441891: swapcache_free_entries: swapfree direct 1e82ef
      android.ui-1360  [004] d..3  9362.441892: swapcache_free_entries: swapfree direct 1ec27c
      android.ui-1360  [004] d..3  9362.441892: swapcache_free_entries: swapfree direct 1ec287
      android.ui-1360  [004] d..3  9362.441893: swapcache_free_entries: swapfree direct 1ec2c8
      android.ui-1360  [004] d..3  9362.441893: swapcache_free_entries: swapfree direct 1e8281
      android.ui-1360  [004] d..3  9362.441894: swapcache_free_entries: swapfree direct 1d8292
      android.ui-1360  [004] d..3  9362.441894: swapcache_free_entries: swapfree direct 1cc22c
      android.ui-1360  [004] d..3  9362.441894: swapcache_free_entries: swapfree direct 1cc226
      android.ui-1360  [004] d..3  9362.441895: swapcache_free_entries: swapfree direct 1c82c9
      android.ui-1360  [004] d..3  9362.441896: swapcache_free_entries: swapfree direct 1c82dd
      android.ui-1360  [004] d..3  9362.441896: swapcache_free_entries: swapfree direct 1cc22f
      android.ui-1360  [004] d..3  9362.441896: swapcache_free_entries: swapfree direct 1c82d7
      android.ui-1360  [004] d..3  9362.441897: swapcache_free_entries: swapfree direct 1b0248
      android.ui-1360  [004] d..3  9362.441897: swapcache_free_entries: swapfree direct 1cc262
      android.ui-1360  [004] d..3  9362.441898: swapcache_free_entries: swapfree direct 1cc260
      android.ui-1360  [004] d..3  9362.441898: swapcache_free_entries: swapfree direct 1cc253
      android.ui-1360  [004] d..3  9362.441899: swapcache_free_entries: swapfree direct 1cc257
      android.ui-1360  [004] d..3  9362.441899: swapcache_free_entries: swapfree direct 1cc264
      android.ui-1360  [004] d..3  9362.441899: swapcache_free_entries: swapfree direct 1cc255
      android.ui-1360  [004] d..3  9362.441900: swapcache_free_entries: swapfree direct 1e8248
      android.ui-1360  [004] d..3  9362.441900: swapcache_free_entries: swapfree direct 16c25f
      android.ui-1360  [004] d..3  9362.441901: swapcache_free_entries: swapfree direct 1d82bd
      android.ui-1360  [004] d..3  9362.441902: swapcache_free_entries: swapfree direct 1602d5
      android.ui-1360  [004] d..3  9362.441902: swapcache_free_entries: swapfree direct 1842f4
      android.ui-1360  [004] d..2  9362.441903: free_swap_slot: swapfree cache 184262
      android.ui-1360  [004] d..2  9362.441909: free_swap_slot: swapfree cache 16c2b6
      android.ui-1360  [004] ....  9362.441916: do_swap_page: swapin tgid 1340 1360 "android.ui" 13c3d000 15c2d2 1 1
      android.ui-1360  [004] d..2  9362.441919: free_swap_slot: swapfree cache 16c2b5
      android.ui-1360  [004] d..2  9362.441959: free_swap_slot: swapfree cache 15c2de
      android.ui-1360  [004] ....  9362.441963: do_swap_page: swapin tgid 1340 1360 "android.ui" 7eb6e90000 184263 1 1
      android.ui-1360  [004] d..2  9362.441965: free_swap_slot: swapfree cache 184263
      android.ui-1360  [004] ....  9362.441969: do_swap_page: swapin tgid 1340 1360 "android.ui" 7eb6e91000 184264 1 1
      android.ui-1360  [004] d..2  9362.441970: free_swap_slot: swapfree cache 184264
      android.ui-1360  [004] d..2  9362.441972: free_swap_slot: swapfree cache 15c2df
      android.ui-1360  [004] d..2  9362.441979: free_swap_slot: swapfree cache 1942da
      android.ui-1360  [004] ....  9362.441986: do_swap_page: swapin tgid 1340 1360 "android.ui" 1463b000 16c228 1 1
      android.ui-1360  [004] ....  9362.441994: do_swap_page: swapin tgid 1340 1360 "android.ui" 9ed7d000 14f22f 0 1
 droid.launcher3-1995  [004] ....  9362.442017: do_swap_page: swapin tgid 1995 1995 "droid.launcher3" 9ec49000 1201ce 1 1
 droid.launcher3-1995  [004] ....  9362.442027: do_swap_page: swapin tgid 1995 1995 "droid.launcher3" 9ec3c000 1201c1 0 1
           <...>-1890  [004] ....  9362.442055: do_swap_page: swapin tgid 1845 1890 "Binder:1845_2" 7fbe17f000 f3d77 1 1
           <...>-1890  [004] ....  9362.442061: do_swap_page: swapin tgid 1845 1890 "Binder:1845_2" 7fbe20a000 933f2 0 1
           <...>-1968  [004] ....  9362.442087: do_swap_page: swapin tgid 1946 1968 "Binder:1946_1" 7f393c3000 f7306 1 1
           <...>-1968  [004] ....  9362.442093: do_swap_page: swapin tgid 1946 1968 "Binder:1946_1" 7fbe1f8000 f73cc 0 1
           <...>-1886  [004] ....  9362.442136: do_swap_page: swapin tgid 1886 1886 "m.android.phone" 72bc1000 c734c 1 1
           <...>-1886  [004] ....  9362.442162: do_swap_page: swapin tgid 1886 1886 "m.android.phone" 72cbd000 c739a 0 1
 droid.launcher3-1995  [004] ....  9362.442191: do_swap_page: swapin tgid 1995 1995 "droid.launcher3" 9ec3c000 1201c1 1 1
 droid.launcher3-1995  [004] ....  9362.442197: do_swap_page: swapin tgid 1995 1995 "droid.launcher3" 9ec92000 10f378 0 1
           <...>-1785  [004] ....  9362.442238: do_swap_page: swapin tgid 1756 1785 "Binder:1756_2" 7fbe20a000 8332d 1 1
           <...>-1785  [004] ....  9362.442247: do_swap_page: swapin tgid 1756 1785 "Binder:1756_2" 7fb9e51000 b3160 1 17
           <...>-1785  [004] ....  9362.442252: do_swap_page: swapin tgid 1756 1785 "Binder:1756_2" 7fb9e4d000 5c0c3 0 1
   Binder:2458_4-2719  [004] ....  9362.442279: do_swap_page: swapin tgid 2458 2719 "Binder:2458_4" 7f393c3000 4b45a 1 1
   Binder:2458_4-2719  [004] ....  9362.442284: do_swap_page: swapin tgid 2458 2719 "Binder:2458_4" 7fbe1f8000 4f43e 0 1
           <...>-1890  [004] ....  9362.442310: do_swap_page: swapin tgid 1845 1890 "Binder:1845_2" 7fbe20a000 933f2 1 1
           <...>-1890  [004] ....  9362.442318: do_swap_page: swapin tgid 1845 1890 "Binder:1845_2" 7fb9e51000 b3160 1 16
           <...>-1890  [004] ....  9362.442339: do_swap_page: swapin tgid 1845 1890 "Binder:1845_2" 7fb9e4d000 f3d62 0 1
           <...>-2196  [004] ....  9362.442371: do_swap_page: swapin tgid 1653 2196 "ScreenDecoratio" 9ed4f000 7321 1 1
 droid.launcher3-1995  [004] ....  9362.442435: do_swap_page: swapin tgid 1995 1995 "droid.launcher3" 9ec92000 10f378 1 1
 droid.launcher3-1995  [004] d..2  9362.442442: free_swap_slot: swapfree cache 1dc289
 droid.launcher3-1995  [004] ....  9362.442448: do_swap_page: swapin tgid 1995 1995 "droid.launcher3" 9ebe7000 12019f 0 1
 droid.launcher3-1995  [004] ....  9362.442583: do_swap_page: swapin tgid 1995 1995 "droid.launcher3" 9ebe7000 12019f 1 1
 droid.launcher3-1995  [004] ....  9362.442591: do_swap_page: swapin tgid 1995 1995 "droid.launcher3" 9ec8a000 10f370 0 1
           <...>-1968  [004] ....  9362.442622: do_swap_page: swapin tgid 1946 1968 "Binder:1946_1" 7fbe1f8000 f73cc 1 1
           <...>-1968  [004] ....  9362.442629: do_swap_page: swapin tgid 1946 1968 "Binder:1946_1" 7f2e0f8000 f33d1 0 1
