 droid.launcher3-1995  [004] ....  9362.455172: do_swap_page: swapin tgid 1995 1995 "droid.launcher3" 9ec90000 10f376 1 1
 droid.launcher3-1995  [004] ....  9362.455181: do_swap_page: swapin tgid 1995 1995 "droid.launcher3" 9ec61000 10f347 0 1
           <...>-5549  [004] ....  9362.455208: do_swap_page: swapin tgid 2504 5549 "Binder:2504_4" 7f2d674000 1fc2f3 1 1
           <...>-5549  [004] d..2  9362.455211: swapcache_free_entries: swapfree direct 1682f3
           <...>-5549  [004] d..3  9362.455212: swapcache_free_entries: swapfree direct 305
           <...>-5549  [004] d..3  9362.455212: swapcache_free_entries: swapfree direct 5438b
           <...>-5549  [004] d..3  9362.455213: swapcache_free_entries: swapfree direct 54382
           <...>-5549  [004] d..3  9362.455213: swapcache_free_entries: swapfree direct 54356
           <...>-5549  [004] d..3  9362.455214: swapcache_free_entries: swapfree direct 54360
           <...>-5549  [004] d..3  9362.455214: swapcache_free_entries: swapfree direct 54386
           <...>-5549  [004] d..3  9362.455215: swapcache_free_entries: swapfree direct 5435e
           <...>-5549  [004] d..3  9362.455215: swapcache_free_entries: swapfree direct 15c2b0
           <...>-5549  [004] d..3  9362.455216: swapcache_free_entries: swapfree direct 1682f6
           <...>-5549  [004] d..3  9362.455216: swapcache_free_entries: swapfree direct 1682f7
           <...>-5549  [004] d..3  9362.455216: swapcache_free_entries: swapfree direct 58376
           <...>-5549  [004] d..3  9362.455217: swapcache_free_entries: swapfree direct 1682f5
           <...>-5549  [004] d..3  9362.455217: swapcache_free_entries: swapfree direct 160226
           <...>-5549  [004] d..3  9362.455218: swapcache_free_entries: swapfree direct 15c24f
           <...>-5549  [004] d..3  9362.455219: swapcache_free_entries: swapfree direct 1902d5
           <...>-5549  [004] d..3  9362.455220: swapcache_free_entries: swapfree direct 1902e3
           <...>-5549  [004] d..3  9362.455220: swapcache_free_entries: swapfree direct 18c2e7
           <...>-5549  [004] d..3  9362.455221: swapcache_free_entries: swapfree direct 5832d
           <...>-5549  [004] d..3  9362.455221: swapcache_free_entries: swapfree direct 1142a6
           <...>-5549  [004] d..3  9362.455222: swapcache_free_entries: swapfree direct 1fc2ef
           <...>-5549  [004] d..3  9362.455222: swapcache_free_entries: swapfree direct 303
           <...>-5549  [004] d..3  9362.455223: swapcache_free_entries: swapfree direct 58344
           <...>-5549  [004] d..3  9362.455223: swapcache_free_entries: swapfree direct 1602d6
           <...>-5549  [004] d..3  9362.455223: swapcache_free_entries: swapfree direct 1fc2d6
           <...>-5549  [004] d..3  9362.455224: swapcache_free_entries: swapfree direct 58372
           <...>-5549  [004] d..3  9362.455224: swapcache_free_entries: swapfree direct 5839f
           <...>-5549  [004] d..3  9362.455225: swapcache_free_entries: swapfree direct 5839a
           <...>-5549  [004] d..3  9362.455225: swapcache_free_entries: swapfree direct 58346
           <...>-5549  [004] d..3  9362.455226: swapcache_free_entries: swapfree direct 58357
           <...>-5549  [004] d..3  9362.455226: swapcache_free_entries: swapfree direct 5834e
           <...>-5549  [004] d..3  9362.455226: swapcache_free_entries: swapfree direct 583c8
           <...>-5549  [004] d..3  9362.455227: swapcache_free_entries: swapfree direct 11bc6b
           <...>-5549  [004] d..3  9362.455228: swapcache_free_entries: swapfree direct 5838c
           <...>-5549  [004] d..3  9362.455229: swapcache_free_entries: swapfree direct 5836f
           <...>-5549  [004] d..3  9362.455229: swapcache_free_entries: swapfree direct 58355
           <...>-5549  [004] d..3  9362.455229: swapcache_free_entries: swapfree direct 1fc2f8
           <...>-5549  [004] d..3  9362.455230: swapcache_free_entries: swapfree direct 1fc2e9
           <...>-5549  [004] d..3  9362.455230: swapcache_free_entries: swapfree direct 1fc2e5
           <...>-5549  [004] d..3  9362.455231: swapcache_free_entries: swapfree direct 1fc2f5
           <...>-5549  [004] d..3  9362.455231: swapcache_free_entries: swapfree direct 1fc2e6
           <...>-5549  [004] d..3  9362.455231: swapcache_free_entries: swapfree direct 543ac
           <...>-5549  [004] d..3  9362.455232: swapcache_free_entries: swapfree direct 5439f
           <...>-5549  [004] d..3  9362.455233: swapcache_free_entries: swapfree direct 54370
           <...>-5549  [004] d..3  9362.455233: swapcache_free_entries: swapfree direct 308
           <...>-5549  [004] d..3  9362.455234: swapcache_free_entries: swapfree direct 306
           <...>-5549  [004] d..3  9362.455234: swapcache_free_entries: swapfree direct 1fc2fb
           <...>-5549  [004] d..3  9362.455235: swapcache_free_entries: swapfree direct 1fc2fe
           <...>-5549  [004] d..3  9362.455235: swapcache_free_entries: swapfree direct 309
           <...>-5549  [004] d..3  9362.455236: swapcache_free_entries: swapfree direct 1fc2fc
           <...>-5549  [004] d..3  9362.455236: swapcache_free_entries: swapfree direct 1fc2de
           <...>-5549  [004] d..3  9362.455236: swapcache_free_entries: swapfree direct 1fc2da
           <...>-5549  [004] d..3  9362.455237: swapcache_free_entries: swapfree direct 1fc2cf
           <...>-5549  [004] d..3  9362.455237: swapcache_free_entries: swapfree direct 1fc2d2
           <...>-5549  [004] d..3  9362.455237: swapcache_free_entries: swapfree direct 1fc2dc
           <...>-5549  [004] d..3  9362.455238: swapcache_free_entries: swapfree direct 1fc2d0
           <...>-5549  [004] d..3  9362.455239: swapcache_free_entries: swapfree direct 16c23e
           <...>-5549  [004] d..3  9362.455240: swapcache_free_entries: swapfree direct 1dc277
           <...>-5549  [004] d..3  9362.455240: swapcache_free_entries: swapfree direct 543b1
           <...>-5549  [004] d..3  9362.455240: swapcache_free_entries: swapfree direct 5435f
           <...>-5549  [004] d..3  9362.455241: swapcache_free_entries: swapfree direct 54388
           <...>-5549  [004] d..3  9362.455241: swapcache_free_entries: swapfree direct 543a0
           <...>-5549  [004] d..3  9362.455242: swapcache_free_entries: swapfree direct 58374
           <...>-5549  [004] d..3  9362.455242: swapcache_free_entries: swapfree direct 1fc2e8
           <...>-5549  [004] d..2  9362.455243: free_swap_slot: swapfree cache 1fc2f3
           <...>-5549  [004] ....  9362.455268: do_swap_page: swapin tgid 2504 5549 "Binder:2504_4" 7f2d61e000 1fc2f0 1 1
           <...>-5549  [004] d..2  9362.455270: free_swap_slot: swapfree cache 1fc2f0
           <...>-5549  [004] ....  9362.455275: do_swap_page: swapin tgid 2504 5549 "Binder:2504_4" 7f2d16b000 6346b 0 1
    android.anim-1363  [004] ....  9362.455303: do_swap_page: swapin tgid 1340 1363 "android.anim" 9ec24000 1472d6 1 1
    android.anim-1363  [004] ....  9362.455309: do_swap_page: swapin tgid 1340 1363 "android.anim" 9eee3000 153295 0 1
 droid.launcher3-1995  [004] ....  9362.455354: do_swap_page: swapin tgid 1995 1995 "droid.launcher3" 9ec61000 10f347 1 1
 droid.launcher3-1995  [004] ....  9362.455362: do_swap_page: swapin tgid 1995 1995 "droid.launcher3" 9ec5a000 1201df 0 1
           <...>-2503  [004] ....  9362.455408: do_swap_page: swapin tgid 2471 2503 "Binder:2471_1" 7fbe20a000 5b440 1 1
           <...>-2503  [004] ....  9362.455416: do_swap_page: swapin tgid 2471 2503 "Binder:2471_1" 7fb9e51000 b3160 1 13
           <...>-2503  [004] ....  9362.455418: do_swap_page: swapin tgid 2471 2503 "Binder:2471_1" 7fb9e4d000 574b4 0 1
           <...>-2557  [004] ....  9362.455444: do_swap_page: swapin tgid 2534 2557 "Binder:2534_3" 7fbe20a000 73422 1 1
           <...>-2557  [004] ....  9362.455452: do_swap_page: swapin tgid 2534 2557 "Binder:2534_3" 7fb9e51000 b3160 1 12
           <...>-2557  [004] ....  9362.455454: do_swap_page: swapin tgid 2534 2557 "Binder:2534_3" 7fb9e4d000 6f49c 0 1
           <...>-4060  [004] ....  9362.455494: do_swap_page: swapin tgid 3135 4060 "Binder:3135_4" 7fb9e4e000 19749f 1 1
           <...>-4060  [004] ....  9362.455501: do_swap_page: swapin tgid 3135 4060 "Binder:3135_4" 7fbd93d000 3f819 0 1
 droid.launcher3-1995  [004] ....  9362.455544: do_swap_page: swapin tgid 1995 1995 "droid.launcher3" 9ec5a000 1201df 1 1
 droid.launcher3-1995  [004] ....  9362.455550: do_swap_page: swapin tgid 1995 1995 "droid.launcher3" 9ec59000 1201de 0 1
    android.anim-1363  [004] ....  9362.455599: do_swap_page: swapin tgid 1340 1363 "android.anim" 9eee3000 153295 1 1
    android.anim-1363  [004] ....  9362.455655: do_swap_page: swapin tgid 1340 1363 "android.anim" 9eee9000 15329b 0 1
 droid.launcher3-1995  [004] ....  9362.455699: do_swap_page: swapin tgid 1995 1995 "droid.launcher3" 9ec59000 1201de 1 1
 droid.launcher3-1995  [004] ....  9362.455705: do_swap_page: swapin tgid 1995 1995 "droid.launcher3" 9ecb0000 10f396 0 1
           <...>-1886  [004] ....  9362.455804: do_swap_page: swapin tgid 1886 1886 "m.android.phone" 72c70000 c7369 1 1
           <...>-1886  [004] ....  9362.455822: do_swap_page: swapin tgid 1886 1886 "m.android.phone" 7fba5b5000 1d824b 1 1
           <...>-1886  [004] d..2  9362.455826: free_swap_slot: swapfree cache 1d824b
           <...>-1886  [004] ....  9362.455849: do_swap_page: swapin tgid 1886 1886 "m.android.phone" 7fbe243000 1d8275 1 1
           <...>-1886  [004] ....  9362.455857: do_swap_page: swapin tgid 1886 1886 "m.android.phone" 7fbe211000 e7394 0 1
 droid.launcher3-1995  [004] ....  9362.455908: do_swap_page: swapin tgid 1995 1995 "droid.launcher3" 9ecb0000 10f396 1 1
 droid.launcher3-1995  [004] ....  9362.455917: do_swap_page: swapin tgid 1995 1995 "droid.launcher3" 9ebe9000 10b3cf 0 1
           <...>-1968  [004] ....  9362.455942: do_swap_page: swapin tgid 1946 1968 "Binder:1946_1" 7fbe1e7000 f73c6 1 1
           <...>-1968  [004] ....  9362.455949: do_swap_page: swapin tgid 1946 1968 "Binder:1946_1" 7fbe17f000 f73a8 0 1
           <...>-4060  [004] ....  9362.456007: do_swap_page: swapin tgid 3135 4060 "Binder:3135_4" 7fbd93d000 3f819 1 1
           <...>-4060  [004] ....  9362.456013: do_swap_page: swapin tgid 3135 4060 "Binder:3135_4" 7f2d619000 5830e 1 1
           <...>-4060  [004] d..2  9362.456017: free_swap_slot: swapfree cache 5830b
           <...>-4060  [004] ....  9362.456018: do_swap_page: swapin tgid 3135 4060 "Binder:3135_4" 7f393c2000 b313a 1 9
           <...>-4060  [004] ....  9362.456021: do_swap_page: swapin tgid 3135 4060 "Binder:3135_4" 7fbe23c000 3f82b 0 1
    android.anim-1363  [004] ....  9362.456040: do_swap_page: swapin tgid 1340 1363 "android.anim" 9eee9000 15329b 1 1
    android.anim-1363  [004] ....  9362.456045: do_swap_page: swapin tgid 1340 1363 "android.anim" 9ed9e000 14f250 0 1
   Binder:2458_4-2719  [004] ....  9362.456076: do_swap_page: swapin tgid 2458 2719 "Binder:2458_4" 7fbe1e7000 4f436 1 1
   Binder:2458_4-2719  [004] ....  9362.456082: do_swap_page: swapin tgid 2458 2719 "Binder:2458_4" 7fbe17f000 4f409 0 1
 droid.launcher3-1995  [004] ....  9362.456114: do_swap_page: swapin tgid 1995 1995 "droid.launcher3" 9ebe9000 10b3cf 1 1
 droid.launcher3-1995  [004] ....  9362.456120: do_swap_page: swapin tgid 1995 1995 "droid.launcher3" 9ecce000 10f3b4 0 1
           <...>-4060  [004] ....  9362.456195: do_swap_page: swapin tgid 3135 4060 "Binder:3135_4" 7fbe23c000 3f82b 1 1
           <...>-4060  [004] ....  9362.456200: do_swap_page: swapin tgid 3135 4060 "Binder:3135_4" 7f2d613000 5830c 1 1
           <...>-4060  [004] d..2  9362.456201: free_swap_slot: swapfree cache 5830c
           <...>-4060  [004] ....  9362.456205: do_swap_page: swapin tgid 3135 4060 "Binder:3135_4" 7f31943000 3f816 0 1
           <...>-2503  [004] ....  9362.456224: do_swap_page: swapin tgid 2471 2503 "Binder:2471_1" 7fb9e4d000 574b4 1 1
 droid.launcher3-1995  [004] ....  9362.456260: do_swap_page: swapin tgid 1995 1995 "droid.launcher3" 9ecce000 10f3b4 1 1
 droid.launcher3-1995  [004] ....  9362.456270: do_swap_page: swapin tgid 1995 1995 "droid.launcher3" 9ebee000 1201a3 0 1
           <...>-2503  [004] ....  9362.456296: do_swap_page: swapin tgid 2471 2503 "Binder:2471_1" 7fbe312000 1fc2e3 1 1
           <...>-2503  [004] ....  9362.456301: do_swap_page: swapin tgid 2471 2503 "Binder:2471_1" 7f2895c000 1fc2d3 1 1
           <...>-2503  [004] d..2  9362.456304: free_swap_slot: swapfree cache 1fc2e3
           <...>-2503  [004] ....  9362.456305: do_swap_page: swapin tgid 2471 2503 "Binder:2471_1" 7fbe1d3000 1fc2e0 1 1
           <...>-2503  [004] d..2  9362.456307: free_swap_slot: swapfree cache 1fc2e0
           <...>-2503  [004] ....  9362.456311: do_swap_page: swapin tgid 2471 2503 "Binder:2471_1" 7f28b56000 1fc2d7 1 1
           <...>-2503  [004] d..2  9362.456314: free_swap_slot: swapfree cache 1fc2d7
           <...>-2503  [004] ....  9362.456318: do_swap_page: swapin tgid 2471 2503 "Binder:2471_1" 7f2d145000 5740f 0 1
    android.anim-1363  [004] ....  9362.456363: do_swap_page: swapin tgid 1340 1363 "android.anim" 9ed9e000 14f250 1 1
 droid.launcher3-1995  [004] ....  9362.456396: do_swap_page: swapin tgid 1995 1995 "droid.launcher3" 9ebee000 1201a3 1 1
 droid.launcher3-1995  [004] ....  9362.456402: do_swap_page: swapin tgid 1995 1995 "droid.launcher3" 9ecb8000 1dc2ae 1 1
 droid.launcher3-1995  [004] ....  9362.456406: do_swap_page: swapin tgid 1995 1995 "droid.launcher3" 9ecb1000 1dc2ac 1 1
 droid.launcher3-1995  [004] ....  9362.456411: do_swap_page: swapin tgid 1995 1995 "droid.launcher3" 9ebd4000 120194 0 1
    android.anim-1363  [004] ....  9362.456466: do_swap_page: swapin tgid 1340 1363 "android.anim" 7eb718d000 18823d 1 1
    android.anim-1363  [004] d..2  9362.456470: free_swap_slot: swapfree cache 18823d
    android.anim-1363  [004] ....  9362.456473: do_swap_page: swapin tgid 1340 1363 "android.anim" 7eb718e000 18823e 1 1
    android.anim-1363  [004] d..2  9362.456474: free_swap_slot: swapfree cache 18823e
    android.anim-1363  [004] ....  9362.456490: do_swap_page: swapin tgid 1340 1363 "android.anim" 7e811da000 180213 1 1
    android.anim-1363  [004] d..2  9362.456493: free_swap_slot: swapfree cache 180213
    android.anim-1363  [004] ....  9362.456500: do_swap_page: swapin tgid 1340 1363 "android.anim" 7eb7020000 1842c4 1 1
    android.anim-1363  [004] d..2  9362.456501: free_swap_slot: swapfree cache 1842c4
    android.anim-1363  [004] ....  9362.456526: do_swap_page: swapin tgid 1340 1363 "android.anim" 9edfd000 14f2af 0 1
 droid.launcher3-1995  [004] ....  9362.456570: do_swap_page: swapin tgid 1995 1995 "droid.launcher3" 9ebd4000 120194 1 1
 droid.launcher3-1995  [004] ....  9362.456577: do_swap_page: swapin tgid 1995 1995 "droid.launcher3" 9ecc5000 10f3ab 0 1
           <...>-4060  [004] ....  9362.456605: do_swap_page: swapin tgid 3135 4060 "Binder:3135_4" 7f31943000 3f816 1 1
           <...>-4060  [004] ....  9362.456614: do_swap_page: swapin tgid 3135 4060 "Binder:3135_4" 12c88000 18f478 0 1
           <...>-2557  [004] ....  9362.456630: do_swap_page: swapin tgid 2534 2557 "Binder:2534_3" 7fb9e4d000 6f49c 1 1
           <...>-2557  [004] ....  9362.456637: do_swap_page: swapin tgid 2534 2557 "Binder:2534_3" 7fbe306000 30f 1 1
           <...>-2557  [004] ....  9362.456639: do_swap_page: swapin tgid 2534 2557 "Binder:2534_3" 7fbe30f000 310 1 1
           <...>-2557  [004] d..2  9362.456641: free_swap_slot: swapfree cache 30f
           <...>-2557  [004] ....  9362.456643: do_swap_page: swapin tgid 2534 2557 "Binder:2534_3" 7fbe1d3000 30c 1 1
           <...>-2557  [004] d..2  9362.456644: free_swap_slot: swapfree cache 30c
           <...>-2557  [004] ....  9362.456648: do_swap_page: swapin tgid 2534 2557 "Binder:2534_3" 7f28ac8000 300 1 1
           <...>-2557  [004] d..2  9362.456649: free_swap_slot: swapfree cache 300
           <...>-2557  [004] ....  9362.456653: do_swap_page: swapin tgid 2534 2557 "Binder:2534_3" 7f2d145000 6f407 0 1
           <...>-1785  [004] ....  9362.456698: do_swap_page: swapin tgid 1756 1785 "Binder:1756_2" 72bc9000 5c044 1 1
 droid.launcher3-1995  [004] ....  9362.456742: do_swap_page: swapin tgid 1995 1995 "droid.launcher3" 9ecc5000 10f3ab 1 1
 droid.launcher3-1995  [004] ....  9362.456758: do_swap_page: swapin tgid 1995 1995 "droid.launcher3" 7fbe2f6000 1f0219 1 1
 droid.launcher3-1995  [004] d..2  9362.456761: free_swap_slot: swapfree cache 1f0219
 droid.launcher3-1995  [004] d..2  9362.456767: free_swap_slot: swapfree cache 1f0223
 droid.launcher3-1995  [004] ....  9362.456802: do_swap_page: swapin tgid 1995 1995 "droid.launcher3" 7f2898a000 1e8262 1 1
 droid.launcher3-1995  [004] d..2  9362.456809: free_swap_slot: swapfree cache 1e8262
 droid.launcher3-1995  [004] ....  9362.456815: do_swap_page: swapin tgid 1995 1995 "droid.launcher3" 7ecead2000 1e42ba 1 1
 droid.launcher3-1995  [004] ....  9362.456820: do_swap_page: swapin tgid 1995 1995 "droid.launcher3" 7f289cd000 137384 0 1
           <...>-2196  [004] ....  9362.456845: do_swap_page: swapin tgid 1653 2196 "ScreenDecoratio" 9ee39000 b30b 1 1
           <...>-2196  [004] d..2  9362.456855: free_swap_slot: swapfree cache 1ac27a
           <...>-2196  [004] ....  9362.456857: do_swap_page: swapin tgid 1653 2196 "ScreenDecoratio" 9ec6c000 1b02c8 1 1
           <...>-2196  [004] ....  9362.456874: do_swap_page: swapin tgid 1653 2196 "ScreenDecoratio" 13e41000 1ac27d 1 1
           <...>-2196  [004] d..2  9362.456876: free_swap_slot: swapfree cache 1ac27d
           <...>-2196  [004] ....  9362.456878: do_swap_page: swapin tgid 1653 2196 "ScreenDecoratio" 13e42000 1ac27e 1 1
           <...>-2196  [004] d..2  9362.456880: free_swap_slot: swapfree cache 1ac27e
           <...>-2196  [004] ....  9362.456888: do_swap_page: swapin tgid 1653 2196 "ScreenDecoratio" 137f9000 1a42c6 1 1
           <...>-2196  [004] d..2  9362.456904: free_swap_slot: swapfree cache 1bc256
    RenderThread-2108  [004] ....  9362.456958: do_swap_page: swapin tgid 1653 2108 "RenderThread" 7ec4b36000 1bc2da 1 1
 droid.launcher3-1995  [004] ....  9362.456995: do_swap_page: swapin tgid 1995 1995 "droid.launcher3" 7f289cd000 137384 1 1
 droid.launcher3-1995  [004] ....  9362.457002: do_swap_page: swapin tgid 1995 1995 "droid.launcher3" 7f28b35000 1373fe 0 1
 droid.launcher3-1995  [004] ....  9362.457219: do_swap_page: swapin tgid 1995 1995 "droid.launcher3" 7f28b35000 1373fe 1 1
 droid.launcher3-1995  [004] ....  9362.457226: do_swap_page: swapin tgid 1995 1995 "droid.launcher3" 7f289bd000 1e8268 1 1
 droid.launcher3-1995  [004] ....  9362.457230: do_swap_page: swapin tgid 1995 1995 "droid.launcher3" 7f28ac3000 12c19b 0 1
           <...>-1968  [004] ....  9362.457261: do_swap_page: swapin tgid 1946 1968 "Binder:1946_1" 7fbe17f000 f73a8 1 1
           <...>-1968  [004] ....  9362.457267: do_swap_page: swapin tgid 1946 1968 "Binder:1946_1" 7fbe20a000 f73d1 0 1
   Binder:2458_4-2719  [004] ....  9362.457299: do_swap_page: swapin tgid 2458 2719 "Binder:2458_4" 7fbe17f000 4f409 1 1
   Binder:2458_4-2719  [004] ....  9362.457306: do_swap_page: swapin tgid 2458 2719 "Binder:2458_4" 7fbe20a000 4f443 0 1
 droid.launcher3-1995  [004] ....  9362.457354: do_swap_page: swapin tgid 1995 1995 "droid.launcher3" 7f28ac3000 12c19b 1 1
 droid.launcher3-1995  [004] d..2  9362.457383: free_swap_slot: swapfree cache 1dc263
 droid.launcher3-1995  [004] ....  9362.457386: do_swap_page: swapin tgid 1995 1995 "droid.launcher3" 9ec46000 1201cb 0 1
           <...>-1886  [004] ....  9362.457412: do_swap_page: swapin tgid 1886 1886 "m.android.phone" 7fbe211000 e7394 1 1
           <...>-1886  [004] ....  9362.457422: do_swap_page: swapin tgid 1886 1886 "m.android.phone" 7f28a5d000 1d42a9 1 1
           <...>-1886  [004] ....  9362.457425: do_swap_page: swapin tgid 1886 1886 "m.android.phone" 7f28a54000 af13a 1 25
           <...>-1886  [004] ....  9362.457429: do_swap_page: swapin tgid 1886 1886 "m.android.phone" 7f28a22000 d73f8 0 1
           <...>-1785  [004] ....  9362.457480: do_swap_page: swapin tgid 1756 1785 "Binder:1756_2" 7f2d682000 1cc20e 1 1
           <...>-1785  [004] d..2  9362.457486: free_swap_slot: swapfree cache 1cc20e
    android.anim-1363  [004] ....  9362.457528: do_swap_page: swapin tgid 1340 1363 "android.anim" 9edfd000 14f2af 1 1
 droid.launcher3-1995  [004] ....  9362.457581: do_swap_page: swapin tgid 1995 1995 "droid.launcher3" 9ec46000 1201cb 1 1
 droid.launcher3-1995  [004] d..2  9362.457606: free_swap_slot: swapfree cache 1dc282
 droid.launcher3-1995  [004] ....  9362.457611: do_swap_page: swapin tgid 1995 1995 "droid.launcher3" 9ec53000 1201d8 0 1
    android.anim-1363  [004] ....  9362.457707: do_swap_page: swapin tgid 1340 1363 "android.anim" 7eb6ed1000 18427f 1 1
    android.anim-1363  [004] d..2  9362.457710: free_swap_slot: swapfree cache 18427f
 droid.launcher3-1995  [004] ....  9362.457753: do_swap_page: swapin tgid 1995 1995 "droid.launcher3" 9ec53000 1201d8 1 1
 droid.launcher3-1995  [004] ....  9362.457760: do_swap_page: swapin tgid 1995 1995 "droid.launcher3" 9ecaa000 10f390 0 1
    android.anim-1363  [004] ....  9362.457792: do_swap_page: swapin tgid 1340 1363 "android.anim" 7e811d9000 180212 1 1
    android.anim-1363  [004] d..2  9362.457794: free_swap_slot: swapfree cache 180212
    android.anim-1363  [004] ....  9362.457820: do_swap_page: swapin tgid 1340 1363 "android.anim" 7eb6f27000 184295 1 1
    android.anim-1363  [004] d..2  9362.457822: free_swap_slot: swapfree cache 184295
    android.anim-1363  [004] ....  9362.457841: do_swap_page: swapin tgid 1340 1363 "android.anim" 7f2d666000 198223 1 1
    android.anim-1363  [004] d..2  9362.457843: free_swap_slot: swapfree cache 198223
    android.anim-1363  [004] ....  9362.457847: do_swap_page: swapin tgid 1340 1363 "android.anim" 7eb7168000 188233 1 1
    android.anim-1363  [004] d..2  9362.457848: free_swap_slot: swapfree cache 188233
    android.anim-1363  [004] ....  9362.457854: do_swap_page: swapin tgid 1340 1363 "android.anim" 7eb6f12000 18428a 1 1
    android.anim-1363  [004] d..2  9362.457855: free_swap_slot: swapfree cache 18428a
    android.anim-1363  [004] ....  9362.457859: do_swap_page: swapin tgid 1340 1363 "android.anim" 7e814e7000 180277 1 1
    android.anim-1363  [004] d..2  9362.457861: free_swap_slot: swapfree cache 180277
           <...>-6606  [004] ....  9362.457894: do_swap_page: swapin tgid 5097 6606 "Binder:5097_5" 7fbe1e9000 9b594 1 1
           <...>-6606  [004] ....  9362.457906: do_swap_page: swapin tgid 5097 6606 "Binder:5097_5" 7f393c4000 975d5 0 1
           <...>-4060  [004] ....  9362.457952: do_swap_page: swapin tgid 3135 4060 "Binder:3135_4" 12c88000 18f478 1 1
           <...>-4060  [004] ....  9362.457962: do_swap_page: swapin tgid 3135 4060 "Binder:3135_4" 7fbe286000 bb125 1 10
           <...>-4060  [004] ....  9362.457965: do_swap_page: swapin tgid 3135 4060 "Binder:3135_4" 7fbe285000 bb124 1 10
           <...>-4060  [004] ....  9362.457968: do_swap_page: swapin tgid 3135 4060 "Binder:3135_4" 7f393c3000 19746c 0 1
    Binder:600_1-628   [004] ....  9362.458000: do_swap_page: swapin tgid 600 628 "Binder:600_1" 7fbe160000 1142f1 1 1
    Binder:600_1-628   [004] ....  9362.458004: do_swap_page: swapin tgid 600 628 "Binder:600_1" 7fba701000 11428a 1 1
    Binder:600_1-628   [004] d..2  9362.458006: free_swap_slot: swapfree cache 11428a
    Binder:600_1-628   [004] ....  9362.458023: do_swap_page: swapin tgid 600 628 "Binder:600_1" 7fba648000 11422f 1 1
    Binder:600_1-628   [004] d..2  9362.458024: free_swap_slot: swapfree cache 11422f
    Binder:600_1-628   [004] d..2  9362.458027: free_swap_slot: swapfree cache 1142de
    Binder:600_1-628   [004] ....  9362.458041: do_swap_page: swapin tgid 600 628 "Binder:600_1" 7fba647000 11422e 1 1
    Binder:600_1-628   [004] d..2  9362.458046: free_swap_slot: swapfree cache 11422e
    Binder:600_1-628   [004] d..2  9362.458060: free_swap_slot: swapfree cache 1102c9
    Binder:600_1-628   [004] ....  9362.458063: do_swap_page: swapin tgid 600 628 "Binder:600_1" 7fba77a000 1142a2 1 1
    Binder:600_1-628   [004] d..2  9362.458076: free_swap_slot: swapfree cache 1142f1
 droid.launcher3-1995  [004] ....  9362.458106: do_swap_page: swapin tgid 1995 1995 "droid.launcher3" 9ecaa000 10f390 1 1
 droid.launcher3-1995  [004] ....  9362.458113: do_swap_page: swapin tgid 1995 1995 "droid.launcher3" 9ec5c000 1201e1 0 1
           <...>-2557  [004] ....  9362.458142: do_swap_page: swapin tgid 2534 2557 "Binder:2534_3" 7f2d145000 6f407 1 1
           <...>-2557  [004] ....  9362.458148: do_swap_page: swapin tgid 2534 2557 "Binder:2534_3" 7f39800000 6f472 0 1
           <...>-5549  [004] ....  9362.458193: do_swap_page: swapin tgid 2504 5549 "Binder:2504_4" 7f2d16b000 6346b 1 1
           <...>-5549  [004] ....  9362.458200: do_swap_page: swapin tgid 2504 5549 "Binder:2504_4" 7f39800000 634ea 0 1
 droid.launcher3-1995  [004] ....  9362.458230: do_swap_page: swapin tgid 1995 1995 "droid.launcher3" 9ec5c000 1201e1 1 1
 droid.launcher3-1995  [004] ....  9362.458281: do_swap_page: swapin tgid 1995 1995 "droid.launcher3" 9ec22000 10f308 0 1
           <...>-1968  [004] ....  9362.458325: do_swap_page: swapin tgid 1946 1968 "Binder:1946_1" 7fbe20a000 f73d1 1 1
           <...>-1968  [004] ....  9362.458335: do_swap_page: swapin tgid 1946 1968 "Binder:1946_1" 7fb9e51000 b3160 1 11
           <...>-1968  [004] ....  9362.458338: do_swap_page: swapin tgid 1946 1968 "Binder:1946_1" 7fb9e4d000 f733a 0 1
   Binder:2458_4-2719  [004] ....  9362.458367: do_swap_page: swapin tgid 2458 2719 "Binder:2458_4" 7fbe20a000 4f443 1 1
   Binder:2458_4-2719  [004] ....  9362.458377: do_swap_page: swapin tgid 2458 2719 "Binder:2458_4" 7fb9e51000 b3160 1 10
   Binder:2458_4-2719  [004] ....  9362.458381: do_swap_page: swapin tgid 2458 2719 "Binder:2458_4" 7fb9e4d000 4b491 0 1
           <...>-2503  [004] ....  9362.458408: do_swap_page: swapin tgid 2471 2503 "Binder:2471_1" 7f2d145000 5740f 1 1
           <...>-2503  [004] ....  9362.458416: do_swap_page: swapin tgid 2471 2503 "Binder:2471_1" 7f39800000 57488 0 1
 android.display-1362  [004] ....  9362.458460: do_swap_page: swapin tgid 1340 1362 "android.display" 7eb4e61000 c41e8 1 1
 droid.launcher3-1995  [004] ....  9362.458491: do_swap_page: swapin tgid 1995 1995 "droid.launcher3" 9ec22000 10f308 1 1
 droid.launcher3-1995  [004] ....  9362.458503: do_swap_page: swapin tgid 1995 1995 "droid.launcher3" 9ebfc000 1dc29b 1 1
 droid.launcher3-1995  [004] ....  9362.458525: do_swap_page: swapin tgid 1995 1995 "droid.launcher3" 7fbe260000 1f020c 1 1
 droid.launcher3-1995  [004] ....  9362.458535: do_swap_page: swapin tgid 1995 1995 "droid.launcher3" 7fbe1a4000 1ec2e0 1 1
 droid.launcher3-1995  [004] d..2  9362.458540: free_swap_slot: swapfree cache 1ec2e0
 droid.launcher3-1995  [004] ....  9362.458585: do_swap_page: swapin tgid 1995 1995 "droid.launcher3" 9ebac000 12017d 0 1
 android.display-1362  [004] ....  9362.458699: do_swap_page: swapin tgid 1340 1362 "android.display" 13b13000 15c285 1 1
 droid.launcher3-1995  [004] ....  9362.458837: do_swap_page: swapin tgid 1995 1995 "droid.launcher3" 9ebac000 12017d 1 1
 droid.launcher3-1995  [004] ....  9362.458843: do_swap_page: swapin tgid 1995 1995 "droid.launcher3" 9ec58000 1201dd 0 1
 android.display-1362  [004] ....  9362.458894: do_swap_page: swapin tgid 1340 1362 "android.display" 7eb7df9000 18828c 1 1
 droid.launcher3-1995  [004] ....  9362.458958: do_swap_page: swapin tgid 1995 1995 "droid.launcher3" 9ec58000 1201dd 1 1
 droid.launcher3-1995  [004] ....  9362.458963: do_swap_page: swapin tgid 1995 1995 "droid.launcher3" 9ecae000 10f394 0 1
 android.display-1362  [004] ....  9362.459169: do_swap_page: swapin tgid 1340 1362 "android.display" 13ac5000 ffaf1 0 1
           <...>-5722  [004] ....  9362.459211: do_swap_page: swapin tgid 5704 5722 "Binder:5704_2" 7f2d668000 5c39c 1 1
           <...>-5722  [004] d..2  9362.459218: free_swap_slot: swapfree cache 5c39c
           <...>-5722  [004] ....  9362.459225: do_swap_page: swapin tgid 5704 5722 "Binder:5704_2" 7f2dffd000 5c3bf 1 1
           <...>-5722  [004] d..2  9362.459227: free_swap_slot: swapfree cache 5c3bf
           <...>-5722  [004] ....  9362.459232: do_swap_page: swapin tgid 5704 5722 "Binder:5704_2" 7f2dffe000 f75c1 0 1
   Binder:5785_5-5980  [004] ....  9362.459266: do_swap_page: swapin tgid 5785 5980 "Binder:5785_5" 7f28fe2000 6038b 1 1
   Binder:5785_5-5980  [004] d..2  9362.459269: free_swap_slot: swapfree cache 6038b
   Binder:5785_5-5980  [004] ....  9362.459275: do_swap_page: swapin tgid 5785 5980 "Binder:5785_5" 7ebae46000 60351 1 1
   Binder:5785_5-5980  [004] d..2  9362.459277: free_swap_slot: swapfree cache 60351
   Binder:5785_5-5980  [004] ....  9362.459282: do_swap_page: swapin tgid 5785 5980 "Binder:5785_5" 7ebae47000 12758a 0 1
           <...>-5843  [004] ....  9362.459320: do_swap_page: swapin tgid 5822 5843 "Binder:5822_2" 7fbe241000 b694 0 1
           <...>-6144  [004] ....  9362.459380: do_swap_page: swapin tgid 6125 6144 "Binder:6125_3" 7fbe241000 63794 0 1
           <...>-18817 [004] ....  9362.459407: do_swap_page: swapin tgid 6448 18817 "Binder:6448_6" 7fbe2fe000 160363 1 1
           <...>-18817 [004] d..2  9362.459410: free_swap_slot: swapfree cache 160363
           <...>-18817 [004] ....  9362.459418: do_swap_page: swapin tgid 6448 18817 "Binder:6448_6" 7f29a6c000 15c3c1 1 1
           <...>-18817 [004] d..2  9362.459420: free_swap_slot: swapfree cache 15c3c1
           <...>-18817 [004] ....  9362.459423: do_swap_page: swapin tgid 6448 18817 "Binder:6448_6" 7f29a6d000 bd63 0 1
           <...>-5722  [004] ....  9362.459477: do_swap_page: swapin tgid 5704 5722 "Binder:5704_2" 7f2dffe000 f75c1 1 1
           <...>-5722  [004] ....  9362.459483: do_swap_page: swapin tgid 5704 5722 "Binder:5704_2" 7f2d667000 5c39b 1 1
           <...>-5722  [004] ....  9362.459488: do_swap_page: swapin tgid 5704 5722 "Binder:5704_2" 7fbe180000 5c3df 1 1
           <...>-5722  [004] d..2  9362.459490: free_swap_slot: swapfree cache 5c39b
           <...>-5722  [004] d..2  9362.459492: free_swap_slot: swapfree cache 5c3df
           <...>-5722  [004] ....  9362.459501: do_swap_page: swapin tgid 5704 5722 "Binder:5704_2" 7f2d616000 5c392 1 1
           <...>-5722  [004] ....  9362.459504: do_swap_page: swapin tgid 5704 5722 "Binder:5704_2" 7f2d62d000 5c396 1 1
           <...>-5722  [004] ....  9362.459507: do_swap_page: swapin tgid 5704 5722 "Binder:5704_2" 7f2d67e000 5c3a0 1 1
           <...>-5722  [004] d..2  9362.459508: free_swap_slot: swapfree cache 5c3a0
           <...>-5722  [004] d..2  9362.459509: free_swap_slot: swapfree cache 5c392
           <...>-5722  [004] ....  9362.459516: do_swap_page: swapin tgid 5704 5722 "Binder:5704_2" 7fbda9d000 5c3d6 1 1
           <...>-5722  [004] ....  9362.459522: do_swap_page: swapin tgid 5704 5722 "Binder:5704_2" 7fbe301000 60307 1 1
           <...>-5722  [004] d..2  9362.459523: free_swap_slot: swapfree cache 60307
           <...>-5722  [004] ....  9362.459526: do_swap_page: swapin tgid 5704 5722 "Binder:5704_2" 7fbe241000 ff501 0 1
           <...>-6606  [004] ....  9362.459552: do_swap_page: swapin tgid 5097 6606 "Binder:5097_5" 7f393c4000 975d5 1 1
           <...>-6606  [004] ....  9362.459559: do_swap_page: swapin tgid 5097 6606 "Binder:5097_5" 7fbe165000 9b566 0 1
           <...>-4060  [004] ....  9362.459581: do_swap_page: swapin tgid 3135 4060 "Binder:3135_4" 7f393c3000 19746c 1 1
           <...>-4060  [004] ....  9362.459592: do_swap_page: swapin tgid 3135 4060 "Binder:3135_4" 7fbe1f8000 3f826 0 1
           <...>-2557  [004] ....  9362.459619: do_swap_page: swapin tgid 2534 2557 "Binder:2534_3" 7f39800000 6f472 1 1
           <...>-2557  [004] d..2  9362.459626: free_swap_slot: swapfree cache 310
           <...>-2557  [004] ....  9362.459631: do_swap_page: swapin tgid 2534 2557 "Binder:2534_3" 7f395f0000 6f470 0 1
           <...>-1886  [004] ....  9362.459661: do_swap_page: swapin tgid 1886 1886 "m.android.phone" 7f28a22000 d73f8 1 1
           <...>-1886  [004] d..2  9362.459669: free_swap_slot: swapfree cache 1d42a9
           <...>-1886  [004] ....  9362.459674: do_swap_page: swapin tgid 1886 1886 "m.android.phone" 7fba5b4000 e339c 0 1
           <...>-5549  [004] ....  9362.459718: do_swap_page: swapin tgid 2504 5549 "Binder:2504_4" 7f39800000 634ea 1 1
           <...>-5549  [004] d..2  9362.459724: free_swap_slot: swapfree cache 1fc2eb
           <...>-5549  [004] ....  9362.459734: do_swap_page: swapin tgid 2504 5549 "Binder:2504_4" 14100000 5f411 0 1
 droid.launcher3-1995  [004] ....  9362.459774: do_swap_page: swapin tgid 1995 1995 "droid.launcher3" 9ecae000 10f394 1 1
 droid.launcher3-1995  [004] ....  9362.459786: do_swap_page: swapin tgid 1995 1995 "droid.launcher3" 9eced000 10f3d3 0 1
           <...>-5722  [004] ....  9362.459831: do_swap_page: swapin tgid 5704 5722 "Binder:5704_2" 7fbe241000 ff501 1 1
           <...>-5722  [004] ....  9362.459840: do_swap_page: swapin tgid 5704 5722 "Binder:5704_2" 7fbe1e9000 5c3ec 1 1
           <...>-5722  [004] ....  9362.459847: do_swap_page: swapin tgid 5704 5722 "Binder:5704_2" 7f393c4000 fb508 0 1
           <...>-5843  [004] ....  9362.459948: do_swap_page: swapin tgid 5822 5843 "Binder:5822_2" 7fbe241000 b694 1 1
           <...>-5843  [004] ....  9362.459966: do_swap_page: swapin tgid 5822 5843 "Binder:5822_2" 12f4b000 1a3d4c 0 1
           <...>-1968  [004] ....  9362.460004: do_swap_page: swapin tgid 1946 1968 "Binder:1946_1" 7fb9e4d000 f733a 1 1
           <...>-1968  [004] ....  9362.460011: do_swap_page: swapin tgid 1946 1968 "Binder:1946_1" 7fbe312000 1d829d 1 1
           <...>-1968  [004] ....  9362.460017: do_swap_page: swapin tgid 1946 1968 "Binder:1946_1" 7f2895c000 1d828c 1 1
           <...>-1968  [004] d..2  9362.460021: free_swap_slot: swapfree cache 1d829d
           <...>-1968  [004] ....  9362.460025: do_swap_page: swapin tgid 1946 1968 "Binder:1946_1" 7fbe1d3000 1d8299 1 1
           <...>-1968  [004] d..2  9362.460026: free_swap_slot: swapfree cache 1d8299
           <...>-1968  [004] ....  9362.460050: do_swap_page: swapin tgid 1946 1968 "Binder:1946_1" 7f28af4000 1d828f 1 1
           <...>-1968  [004] d..2  9362.460052: free_swap_slot: swapfree cache 1d828f
           <...>-1968  [004] ....  9362.460057: do_swap_page: swapin tgid 1946 1968 "Binder:1946_1" 7f2d145000 f334a 0 1
           <...>-2503  [004] ....  9362.460084: do_swap_page: swapin tgid 2471 2503 "Binder:2471_1" 7f39800000 57488 1 1
           <...>-2503  [004] d..2  9362.460091: free_swap_slot: swapfree cache 1fc2d3
           <...>-2503  [004] ....  9362.460096: do_swap_page: swapin tgid 2471 2503 "Binder:2471_1" 7f395f0000 57486 0 1
 droid.launcher3-1995  [004] ....  9362.460131: do_swap_page: swapin tgid 1995 1995 "droid.launcher3" 9eced000 10f3d3 1 1
 droid.launcher3-1995  [004] ....  9362.460137: do_swap_page: swapin tgid 1995 1995 "droid.launcher3" 9ed04000 10f3ea 0 1
           <...>-6144  [004] ....  9362.460205: do_swap_page: swapin tgid 6125 6144 "Binder:6125_3" 7fbe241000 63794 1 1
           <...>-6144  [004] ....  9362.460248: do_swap_page: swapin tgid 6125 6144 "Binder:6125_3" 13437000 78377 1 1
           <...>-6144  [004] ....  9362.460281: do_swap_page: swapin tgid 6125 6144 "Binder:6125_3" 7f28b5c000 1343c6 1 1
           <...>-6144  [004] d..2  9362.460284: free_swap_slot: swapfree cache 1343c6
           <...>-6144  [004] ....  9362.460290: do_swap_page: swapin tgid 6125 6144 "Binder:6125_3" 7f28960000 13435a 1 1
           <...>-6144  [004] d..2  9362.460292: free_swap_slot: swapfree cache 13435a
           <...>-6144  [004] d..2  9362.460301: free_swap_slot: swapfree cache d0306
 android.youtube-6125  [004] ....  9362.460418: do_swap_page: swapin tgid 6125 6125 "android.youtube" 13dd4000 a0312 1 1
 android.youtube-6125  [004] ....  9362.460429: do_swap_page: swapin tgid 6125 6125 "android.youtube" 7eb4561000 118312 1 1
 android.youtube-6125  [004] ....  9362.460479: do_swap_page: swapin tgid 6125 6125 "android.youtube" 7e567a0000 f4398 1 1
 android.youtube-6125  [004] d..2  9362.460482: free_swap_slot: swapfree cache f4398
           <...>-5722  [004] ....  9362.460511: do_swap_page: swapin tgid 5704 5722 "Binder:5704_2" 7f393c4000 fb508 1 1
           <...>-5722  [004] ....  9362.460519: do_swap_page: swapin tgid 5704 5722 "Binder:5704_2" 7fbe165000 fb5ab 0 1
 android.youtube-6125  [004] ....  9362.460614: do_swap_page: swapin tgid 6125 6125 "android.youtube" 135fb000 8033b 1 1
 android.youtube-6125  [004] d..2  9362.460647: free_swap_slot: swapfree cache 8033b
 android.youtube-6125  [004] ....  9362.460653: do_swap_page: swapin tgid 6125 6125 "android.youtube" 13394000 743d4 1 1
 android.youtube-6125  [004] ....  9362.460670: do_swap_page: swapin tgid 6125 6125 "android.youtube" 135d2000 80312 1 1
 android.youtube-6125  [004] ....  9362.460677: do_swap_page: swapin tgid 6125 6125 "android.youtube" 135d1000 80311 1 1
 android.youtube-6125  [004] d..2  9362.460680: free_swap_slot: swapfree cache 80312
           <...>-5722  [004] ....  9362.460703: do_swap_page: swapin tgid 5704 5722 "Binder:5704_2" 7fbe165000 fb5ab 1 1
           <...>-5722  [004] ....  9362.460709: do_swap_page: swapin tgid 5704 5722 "Binder:5704_2" 7f2d662000 5c399 1 1
           <...>-5722  [004] ....  9362.460713: do_swap_page: swapin tgid 5704 5722 "Binder:5704_2" 7fb9e4e000 fb53e 0 1
 droid.launcher3-1995  [004] ....  9362.460737: do_swap_page: swapin tgid 1995 1995 "droid.launcher3" 9ed04000 10f3ea 1 1
 droid.launcher3-1995  [004] ....  9362.460744: do_swap_page: swapin tgid 1995 1995 "droid.launcher3" 9ecfd000 10f3e3 0 1
 android.youtube-6125  [004] ....  9362.460867: do_swap_page: swapin tgid 6125 6125 "android.youtube" 15c05000 cc3d0 1 1
           <...>-6417  [004] ....  9362.460960: do_swap_page: swapin tgid 5145 6417 "Binder:5145_5" 7fbe1e9000 130043 1 1
           <...>-6417  [004] ....  9362.460972: do_swap_page: swapin tgid 5145 6417 "Binder:5145_5" 7f393c4000 ab5ba 0 1
 android.youtube-6125  [004] ....  9362.460996: do_swap_page: swapin tgid 6125 6125 "android.youtube" 15c06000 cc3d1 1 1
 android.youtube-6125  [004] ....  9362.461027: do_swap_page: swapin tgid 6125 6125 "android.youtube" 7f34f58000 14c384 1 1
 android.youtube-6125  [004] d..2  9362.461031: free_swap_slot: swapfree cache 14c384
           <...>-5722  [004] ....  9362.461058: do_swap_page: swapin tgid 5704 5722 "Binder:5704_2" 7fb9e4e000 fb53e 1 1
           <...>-5722  [004] ....  9362.461065: do_swap_page: swapin tgid 5704 5722 "Binder:5704_2" 7fbd93d000 5c3d5 1 1
           <...>-5722  [004] ....  9362.461068: do_swap_page: swapin tgid 5704 5722 "Binder:5704_2" 7f2d61a000 5c393 1 1
           <...>-5722  [004] d..2  9362.461071: swapcache_free_entries: swapfree direct 1fc2f3
           <...>-5722  [004] d..3  9362.461072: swapcache_free_entries: swapfree direct 1fc2f0
           <...>-5722  [004] d..3  9362.461072: swapcache_free_entries: swapfree direct 1d824b
           <...>-5722  [004] d..3  9362.461073: swapcache_free_entries: swapfree direct 5830b
           <...>-5722  [004] d..3  9362.461074: swapcache_free_entries: swapfree direct 5830c
           <...>-5722  [004] d..3  9362.461074: swapcache_free_entries: swapfree direct 1fc2e3
           <...>-5722  [004] d..3  9362.461074: swapcache_free_entries: swapfree direct 1fc2e0
           <...>-5722  [004] d..3  9362.461075: swapcache_free_entries: swapfree direct 1fc2d7
           <...>-5722  [004] d..3  9362.461076: swapcache_free_entries: swapfree direct 18823d
           <...>-5722  [004] d..3  9362.461076: swapcache_free_entries: swapfree direct 18823e
           <...>-5722  [004] d..3  9362.461076: swapcache_free_entries: swapfree direct 180213
           <...>-5722  [004] d..3  9362.461078: swapcache_free_entries: swapfree direct 1842c4
           <...>-5722  [004] d..3  9362.461078: swapcache_free_entries: swapfree direct 30f
           <...>-5722  [004] d..3  9362.461079: swapcache_free_entries: swapfree direct 30c
           <...>-5722  [004] d..3  9362.461079: swapcache_free_entries: swapfree direct 300
           <...>-5722  [004] d..3  9362.461080: swapcache_free_entries: swapfree direct 1f0219
           <...>-5722  [004] d..3  9362.461081: swapcache_free_entries: swapfree direct 1f0223
           <...>-5722  [004] d..3  9362.461081: swapcache_free_entries: swapfree direct 1e8262
           <...>-5722  [004] d..3  9362.461082: swapcache_free_entries: swapfree direct 1ac27a
           <...>-5722  [004] d..3  9362.461082: swapcache_free_entries: swapfree direct 1ac27d
           <...>-5722  [004] d..3  9362.461083: swapcache_free_entries: swapfree direct 1ac27e
           <...>-5722  [004] d..3  9362.461083: swapcache_free_entries: swapfree direct 1bc256
           <...>-5722  [004] d..3  9362.461084: swapcache_free_entries: swapfree direct 1dc263
           <...>-5722  [004] d..3  9362.461084: swapcache_free_entries: swapfree direct 1cc20e
           <...>-5722  [004] d..3  9362.461085: swapcache_free_entries: swapfree direct 1dc282
           <...>-5722  [004] d..3  9362.461086: swapcache_free_entries: swapfree direct 18427f
           <...>-5722  [004] d..3  9362.461086: swapcache_free_entries: swapfree direct 180212
           <...>-5722  [004] d..3  9362.461087: swapcache_free_entries: swapfree direct 184295
           <...>-5722  [004] d..3  9362.461087: swapcache_free_entries: swapfree direct 198223
           <...>-5722  [004] d..3  9362.461088: swapcache_free_entries: swapfree direct 188233
           <...>-5722  [004] d..3  9362.461088: swapcache_free_entries: swapfree direct 18428a
           <...>-5722  [004] d..3  9362.461089: swapcache_free_entries: swapfree direct 180277
           <...>-5722  [004] d..3  9362.461090: swapcache_free_entries: swapfree direct 11428a
           <...>-5722  [004] d..3  9362.461091: swapcache_free_entries: swapfree direct 11422f
           <...>-5722  [004] d..3  9362.461092: swapcache_free_entries: swapfree direct 1142de
           <...>-5722  [004] d..3  9362.461093: swapcache_free_entries: swapfree direct 11422e
           <...>-5722  [004] d..3  9362.461093: swapcache_free_entries: swapfree direct 1102c9
           <...>-5722  [004] d..3  9362.461094: swapcache_free_entries: swapfree direct 1142f1
           <...>-5722  [004] d..3  9362.461094: swapcache_free_entries: swapfree direct 1ec2e0
           <...>-5722  [004] d..3  9362.461095: swapcache_free_entries: swapfree direct 5c39c
           <...>-5722  [004] d..3  9362.461096: swapcache_free_entries: swapfree direct 5c3bf
           <...>-5722  [004] d..3  9362.461096: swapcache_free_entries: swapfree direct 6038b
           <...>-5722  [004] d..3  9362.461097: swapcache_free_entries: swapfree direct 60351
           <...>-5722  [004] d..3  9362.461097: swapcache_free_entries: swapfree direct 160363
           <...>-5722  [004] d..3  9362.461098: swapcache_free_entries: swapfree direct 15c3c1
           <...>-5722  [004] d..3  9362.461099: swapcache_free_entries: swapfree direct 5c39b
           <...>-5722  [004] d..3  9362.461099: swapcache_free_entries: swapfree direct 5c3df
           <...>-5722  [004] d..3  9362.461100: swapcache_free_entries: swapfree direct 5c3a0
           <...>-5722  [004] d..3  9362.461100: swapcache_free_entries: swapfree direct 5c392
           <...>-5722  [004] d..3  9362.461100: swapcache_free_entries: swapfree direct 60307
           <...>-5722  [004] d..3  9362.461101: swapcache_free_entries: swapfree direct 310
           <...>-5722  [004] d..3  9362.461101: swapcache_free_entries: swapfree direct 1d42a9
           <...>-5722  [004] d..3  9362.461103: swapcache_free_entries: swapfree direct 1fc2eb
           <...>-5722  [004] d..3  9362.461104: swapcache_free_entries: swapfree direct 1d829d
           <...>-5722  [004] d..3  9362.461104: swapcache_free_entries: swapfree direct 1d8299
           <...>-5722  [004] d..3  9362.461104: swapcache_free_entries: swapfree direct 1d828f
           <...>-5722  [004] d..3  9362.461105: swapcache_free_entries: swapfree direct 1fc2d3
           <...>-5722  [004] d..3  9362.461105: swapcache_free_entries: swapfree direct 1343c6
           <...>-5722  [004] d..3  9362.461106: swapcache_free_entries: swapfree direct 13435a
           <...>-5722  [004] d..3  9362.461106: swapcache_free_entries: swapfree direct d0306
           <...>-5722  [004] d..3  9362.461107: swapcache_free_entries: swapfree direct f4398
           <...>-5722  [004] d..3  9362.461108: swapcache_free_entries: swapfree direct 8033b
           <...>-5722  [004] d..3  9362.461108: swapcache_free_entries: swapfree direct 80312
           <...>-5722  [004] d..3  9362.461109: swapcache_free_entries: swapfree direct 14c384
           <...>-5722  [004] d..2  9362.461110: free_swap_slot: swapfree cache 5c399
           <...>-5722  [004] ....  9362.461112: do_swap_page: swapin tgid 5704 5722 "Binder:5704_2" 7f393c2000 b313a 1 8
           <...>-5722  [004] ....  9362.461114: do_swap_page: swapin tgid 5704 5722 "Binder:5704_2" 7fbe23c000 5c3fb 1 1
           <...>-5722  [004] ....  9362.461116: do_swap_page: swapin tgid 5704 5722 "Binder:5704_2" 7f2d663000 5c39a 1 1
           <...>-5722  [004] d..2  9362.461117: free_swap_slot: swapfree cache 5c39a
           <...>-5722  [004] ....  9362.461122: do_swap_page: swapin tgid 5704 5722 "Binder:5704_2" 7f31943000 5c3c2 1 1
           <...>-5722  [004] ....  9362.461129: do_swap_page: swapin tgid 5704 5722 "Binder:5704_2" 143c7000 5c33b 1 1
           <...>-5722  [004] ....  9362.461134: do_swap_page: swapin tgid 5704 5722 "Binder:5704_2" 7fbe286000 bb125 1 9
           <...>-5722  [004] ....  9362.461136: do_swap_page: swapin tgid 5704 5722 "Binder:5704_2" 7fbe285000 bb124 1 9
           <...>-5722  [004] ....  9362.461140: do_swap_page: swapin tgid 5704 5722 "Binder:5704_2" 7f393c3000 15f96b 0 1
 droid.launcher3-1995  [004] ....  9362.461167: do_swap_page: swapin tgid 1995 1995 "droid.launcher3" 9ecfd000 10f3e3 1 1
 droid.launcher3-1995  [004] ....  9362.461175: do_swap_page: swapin tgid 1995 1995 "droid.launcher3" 9ed03000 10f3e9 0 1
   Binder:2458_4-2719  [004] ....  9362.461205: do_swap_page: swapin tgid 2458 2719 "Binder:2458_4" 7fb9e4d000 4b491 1 1
   Binder:2458_4-2719  [004] ....  9362.461215: do_swap_page: swapin tgid 2458 2719 "Binder:2458_4" 7f28bd8000 1fc2c2 1 1
   Binder:2458_4-2719  [004] ....  9362.461217: do_swap_page: swapin tgid 2458 2719 "Binder:2458_4" 7f28bd9000 1fc2c3 1 1
   Binder:2458_4-2719  [004] d..2  9362.461219: free_swap_slot: swapfree cache 1fc2c2
   Binder:2458_4-2719  [004] ....  9362.461224: do_swap_page: swapin tgid 2458 2719 "Binder:2458_4" 7fbe1d3000 1fc2c9 1 1
   Binder:2458_4-2719  [004] d..2  9362.461225: free_swap_slot: swapfree cache 1fc2c9
   Binder:2458_4-2719  [004] ....  9362.461231: do_swap_page: swapin tgid 2458 2719 "Binder:2458_4" 7f28b5b000 1fc2c1 1 1
   Binder:2458_4-2719  [004] d..2  9362.461237: free_swap_slot: swapfree cache 1fc2c1
   Binder:2458_4-2719  [004] ....  9362.461242: do_swap_page: swapin tgid 2458 2719 "Binder:2458_4" 7f2d145000 4746c 0 1
           <...>-2557  [004] ....  9362.461279: do_swap_page: swapin tgid 2534 2557 "Binder:2534_3" 7f395f0000 6f470 1 1
           <...>-2557  [004] ....  9362.461290: do_swap_page: swapin tgid 2534 2557 "Binder:2534_3" 140c7000 1fc2fd 1 1
           <...>-2557  [004] d..2  9362.461292: free_swap_slot: swapfree cache 1fc2fd
           <...>-2557  [004] ....  9362.461296: do_swap_page: swapin tgid 2534 2557 "Binder:2534_3" 7f350ce000 30a 1 1
           <...>-2557  [004] d..2  9362.461297: free_swap_slot: swapfree cache 30a
           <...>-2557  [004] ....  9362.461301: do_swap_page: swapin tgid 2534 2557 "Binder:2534_3" 72bc9000 6b46d 0 1
 droid.launcher3-1995  [004] ....  9362.461371: do_swap_page: swapin tgid 1995 1995 "droid.launcher3" 9ed03000 10f3e9 1 1
 droid.launcher3-1995  [004] ....  9362.461377: do_swap_page: swapin tgid 1995 1995 "droid.launcher3" 9ecfb000 10f3e1 0 1
    android.anim-1363  [004] ....  9362.461456: do_swap_page: swapin tgid 1340 1363 "android.anim" 9eee2000 153294 0 1
           <...>-5722  [004] ....  9362.461484: do_swap_page: swapin tgid 5704 5722 "Binder:5704_2" 7f393c3000 15f96b 1 1
           <...>-5722  [004] ....  9362.461490: do_swap_page: swapin tgid 5704 5722 "Binder:5704_2" 7fbe1f8000 5c3ed 1 1
           <...>-5722  [004] ....  9362.461494: do_swap_page: swapin tgid 5704 5722 "Binder:5704_2" 7f2dffb000 5c3bd 1 1
           <...>-5722  [004] ....  9362.461548: do_swap_page: swapin tgid 5704 5722 "Binder:5704_2" 143c0000 5c338 1 1
           <...>-5722  [004] ....  9362.461566: do_swap_page: swapin tgid 5704 5722 "Binder:5704_2" 143d7000 5c340 1 1
           <...>-5722  [004] d..2  9362.461572: free_swap_slot: swapfree cache 5c393
           <...>-5722  [004] ....  9362.461575: do_swap_page: swapin tgid 5704 5722 "Binder:5704_2" 7fbe24e000 ff506 0 1
           <...>-6606  [004] ....  9362.461618: do_swap_page: swapin tgid 5097 6606 "Binder:5097_5" 7fbe165000 9b566 1 1
           <...>-6606  [004] ....  9362.461626: do_swap_page: swapin tgid 5097 6606 "Binder:5097_5" 7f2d7be000 58327 1 1
           <...>-6606  [004] ....  9362.461631: do_swap_page: swapin tgid 5097 6606 "Binder:5097_5" 7fb9e4e000 9b508 0 1
 droid.launcher3-1995  [004] ....  9362.461651: do_swap_page: swapin tgid 1995 1995 "droid.launcher3" 9ecfb000 10f3e1 1 1
 droid.launcher3-1995  [004] ....  9362.461748: do_swap_page: swapin tgid 1995 1995 "droid.launcher3" 7ececc0000 1e822d 1 1
    RenderThread-2568  [004] ....  9362.461775: do_swap_page: swapin tgid 1995 2568 "RenderThread" 7ec547d000 1e02e5 1 1
    RenderThread-2568  [004] ....  9362.461783: do_swap_page: swapin tgid 1995 2568 "RenderThread" 7f2d22a000 1ec228 1 1
