      android.ui-1360  [004] ....  9362.442656: do_swap_page: swapin tgid 1340 1360 "android.ui" 9ed7d000 14f22f 1 1
      android.ui-1360  [004] ....  9362.442668: do_swap_page: swapin tgid 1340 1360 "android.ui" 9ec5f000 17827b 1 1
      android.ui-1360  [004] ....  9362.442671: do_swap_page: swapin tgid 1340 1360 "android.ui" 9ed98000 14f24a 0 1
           <...>-1886  [004] ....  9362.442695: do_swap_page: swapin tgid 1886 1886 "m.android.phone" 72cbd000 c739a 1 1
           <...>-1886  [004] ....  9362.442702: do_swap_page: swapin tgid 1886 1886 "m.android.phone" 72cbe000 a31c9 1 27
           <...>-1886  [004] ....  9362.442705: do_swap_page: swapin tgid 1886 1886 "m.android.phone" 72cc0000 a31cb 1 27
           <...>-1886  [004] ....  9362.442707: do_swap_page: swapin tgid 1886 1886 "m.android.phone" 72cc1000 1d4268 1 1
           <...>-1886  [004] ....  9362.442710: do_swap_page: swapin tgid 1886 1886 "m.android.phone" 72c1f000 a312a 1 27
           <...>-1886  [004] d..2  9362.442714: free_swap_slot: swapfree cache 1d4268
           <...>-1886  [004] ....  9362.442742: do_swap_page: swapin tgid 1886 1886 "m.android.phone" 72cc3000 a31ce 1 27
           <...>-1886  [004] ....  9362.442749: do_swap_page: swapin tgid 1886 1886 "m.android.phone" 72d19000 c73a1 0 1
 droid.launcher3-1995  [004] ....  9362.442787: do_swap_page: swapin tgid 1995 1995 "droid.launcher3" 9ec8a000 10f370 1 1
 droid.launcher3-1995  [004] ....  9362.442793: do_swap_page: swapin tgid 1995 1995 "droid.launcher3" 9ec47000 1201cc 0 1
   Binder:2458_4-2719  [004] ....  9362.442817: do_swap_page: swapin tgid 2458 2719 "Binder:2458_4" 7fbe1f8000 4f43e 1 1
   Binder:2458_4-2719  [004] ....  9362.442825: do_swap_page: swapin tgid 2458 2719 "Binder:2458_4" 7ecd8df000 37434 0 1
           <...>-1890  [004] ....  9362.442868: do_swap_page: swapin tgid 1845 1890 "Binder:1845_2" 7fb9e4d000 f3d62 1 1
           <...>-1890  [004] ....  9362.442875: do_swap_page: swapin tgid 1845 1890 "Binder:1845_2" 7fbe312000 1cc286 1 1
           <...>-1890  [004] ....  9362.442878: do_swap_page: swapin tgid 1845 1890 "Binder:1845_2" 7f2895c000 1cc259 1 1
           <...>-1890  [004] d..2  9362.442880: free_swap_slot: swapfree cache 1cc286
           <...>-1890  [004] ....  9362.442882: do_swap_page: swapin tgid 1845 1890 "Binder:1845_2" 7fbe1d3000 1cc278 1 1
           <...>-1890  [004] d..2  9362.442886: free_swap_slot: swapfree cache 1cc278
           <...>-1890  [004] ....  9362.442889: do_swap_page: swapin tgid 1845 1890 "Binder:1845_2" 7f28b3f000 1cc25d 1 1
           <...>-1890  [004] d..2  9362.442890: free_swap_slot: swapfree cache 1cc25d
           <...>-1890  [004] ....  9362.442894: do_swap_page: swapin tgid 1845 1890 "Binder:1845_2" 7f2d145000 8f391 0 1
           <...>-1785  [004] ....  9362.442944: do_swap_page: swapin tgid 1756 1785 "Binder:1756_2" 7fb9e4d000 5c0c3 1 1
           <...>-1785  [004] ....  9362.442951: do_swap_page: swapin tgid 1756 1785 "Binder:1756_2" 7f2895d000 1c82ea 1 1
           <...>-1785  [004] ....  9362.442954: do_swap_page: swapin tgid 1756 1785 "Binder:1756_2" 7f2895e000 1c82eb 1 1
           <...>-1785  [004] d..2  9362.442956: free_swap_slot: swapfree cache 1c82ea
           <...>-1785  [004] ....  9362.442958: do_swap_page: swapin tgid 1756 1785 "Binder:1756_2" 7f2d674000 1cc209 1 1
           <...>-1785  [004] d..2  9362.442959: free_swap_slot: swapfree cache 1cc209
           <...>-1785  [004] ....  9362.442963: do_swap_page: swapin tgid 1756 1785 "Binder:1756_2" 7f2d61e000 1cc202 1 1
           <...>-1785  [004] d..2  9362.442964: free_swap_slot: swapfree cache 1cc202
           <...>-1785  [004] ....  9362.442966: do_swap_page: swapin tgid 1756 1785 "Binder:1756_2" 7f2d73d000 1cc221 1 1
           <...>-1785  [004] d..2  9362.442967: free_swap_slot: swapfree cache 1cc221
           <...>-1785  [004] ....  9362.442970: do_swap_page: swapin tgid 1756 1785 "Binder:1756_2" 7f2d16b000 10c1da 0 1
 droid.launcher3-1995  [004] ....  9362.442996: do_swap_page: swapin tgid 1995 1995 "droid.launcher3" 9ec47000 1201cc 1 1
 droid.launcher3-1995  [004] ....  9362.443001: do_swap_page: swapin tgid 1995 1995 "droid.launcher3" 9ec34000 1201b9 0 1
      android.ui-1360  [004] ....  9362.443040: do_swap_page: swapin tgid 1340 1360 "android.ui" 9ed98000 14f24a 1 1
      android.ui-1360  [004] d..2  9362.443051: free_swap_slot: swapfree cache 1682ed
      android.ui-1360  [004] d..2  9362.443055: free_swap_slot: swapfree cache 15c2e2
      android.ui-1360  [004] ....  9362.443082: do_swap_page: swapin tgid 1340 1360 "android.ui" 9ed86000 14f238 0 1
           <...>-1968  [004] ....  9362.443106: do_swap_page: swapin tgid 1946 1968 "Binder:1946_1" 7f2e0f8000 f33d1 1 1
           <...>-1968  [004] ....  9362.443115: do_swap_page: swapin tgid 1946 1968 "Binder:1946_1" 13700000 eb3cd 0 1
 droid.launcher3-1995  [004] ....  9362.443154: do_swap_page: swapin tgid 1995 1995 "droid.launcher3" 9ec34000 1201b9 1 1
 droid.launcher3-1995  [004] ....  9362.443161: do_swap_page: swapin tgid 1995 1995 "droid.launcher3" 9ecc8000 1dc2b0 1 1
 droid.launcher3-1995  [004] ....  9362.443163: do_swap_page: swapin tgid 1995 1995 "droid.launcher3" 9ebd9000 120196 0 1
           <...>-2196  [004] ....  9362.443250: do_swap_page: swapin tgid 1653 2196 "ScreenDecoratio" 72d3b000 1b0246 1 1
           <...>-2196  [004] d..2  9362.443254: free_swap_slot: swapfree cache 1b0246
 droid.launcher3-1995  [004] ....  9362.443358: do_swap_page: swapin tgid 1995 1995 "droid.launcher3" 9ebd9000 120196 1 1
 droid.launcher3-1995  [004] ....  9362.443363: do_swap_page: swapin tgid 1995 1995 "droid.launcher3" 9ec45000 1201ca 0 1
      android.ui-1360  [004] ....  9362.443405: do_swap_page: swapin tgid 1340 1360 "android.ui" 9ed86000 14f238 1 1
      android.ui-1360  [004] d..2  9362.443414: free_swap_slot: swapfree cache 15829b
      android.ui-1360  [004] ....  9362.443417: do_swap_page: swapin tgid 1340 1360 "android.ui" 13c0f000 15c2b1 1 1
      android.ui-1360  [004] d..2  9362.443424: free_swap_slot: swapfree cache 16026c
      android.ui-1360  [004] ....  9362.443428: do_swap_page: swapin tgid 1340 1360 "android.ui" 7eb4ded000 1802f0 1 1
      android.ui-1360  [004] d..2  9362.443430: free_swap_slot: swapfree cache 1802f0
      android.ui-1360  [004] ....  9362.443435: do_swap_page: swapin tgid 1340 1360 "android.ui" 9ec44000 178260 1 1
      android.ui-1360  [004] ....  9362.443440: do_swap_page: swapin tgid 1340 1360 "android.ui" 9ed75000 14f227 0 1
 droid.launcher3-1995  [004] ....  9362.443478: do_swap_page: swapin tgid 1995 1995 "droid.launcher3" 9ec45000 1201ca 1 1
 droid.launcher3-1995  [004] ....  9362.443483: do_swap_page: swapin tgid 1995 1995 "droid.launcher3" 9ec9c000 1dc29f 1 1
 droid.launcher3-1995  [004] ....  9362.443485: do_swap_page: swapin tgid 1995 1995 "droid.launcher3" 9ec5b000 1201e0 0 1
   Binder:2458_4-2719  [004] ....  9362.443521: do_swap_page: swapin tgid 2458 2719 "Binder:2458_4" 7ecd8df000 37434 1 1
   Binder:2458_4-2719  [004] ....  9362.443529: do_swap_page: swapin tgid 2458 2719 "Binder:2458_4" 14080000 33487 0 1
           <...>-1890  [004] ....  9362.443555: do_swap_page: swapin tgid 1845 1890 "Binder:1845_2" 7f2d145000 8f391 1 1
           <...>-1890  [004] ....  9362.443562: do_swap_page: swapin tgid 1845 1890 "Binder:1845_2" 7f39800000 93324 0 1
           <...>-1785  [004] ....  9362.443585: do_swap_page: swapin tgid 1756 1785 "Binder:1756_2" 7f2d16b000 10c1da 1 1
           <...>-1785  [004] ....  9362.443592: do_swap_page: swapin tgid 1756 1785 "Binder:1756_2" 7f39800000 7f357 0 1
 droid.launcher3-1995  [004] ....  9362.443637: do_swap_page: swapin tgid 1995 1995 "droid.launcher3" 9ec5b000 1201e0 1 1
 droid.launcher3-1995  [004] ....  9362.443643: do_swap_page: swapin tgid 1995 1995 "droid.launcher3" 9ec51000 1201d6 0 1
      android.ui-1360  [004] ....  9362.443693: do_swap_page: swapin tgid 1340 1360 "android.ui" 9ed75000 14f227 1 1
      android.ui-1360  [004] ....  9362.443700: do_swap_page: swapin tgid 1340 1360 "android.ui" 1393c000 15c226 1 1
      android.ui-1360  [004] ....  9362.443704: do_swap_page: swapin tgid 1340 1360 "android.ui" 9ebac000 1742ef 1 1
      android.ui-1360  [004] d..2  9362.443721: free_swap_slot: swapfree cache 168205
      android.ui-1360  [004] ....  9362.443727: do_swap_page: swapin tgid 1340 1360 "android.ui" 9ee6c000 15321e 0 1
 droid.launcher3-1995  [004] ....  9362.443777: do_swap_page: swapin tgid 1995 1995 "droid.launcher3" 9ec51000 1201d6 1 1
 droid.launcher3-1995  [004] ....  9362.443803: do_swap_page: swapin tgid 1995 1995 "droid.launcher3" 72994000 12011a 0 1
           <...>-1886  [004] ....  9362.443835: do_swap_page: swapin tgid 1886 1886 "m.android.phone" 72d19000 c73a1 1 1
           <...>-1886  [004] ....  9362.443843: do_swap_page: swapin tgid 1886 1886 "m.android.phone" 72bc6000 1d425f 1 1
           <...>-1886  [004] d..2  9362.443846: free_swap_slot: swapfree cache 1d425f
           <...>-1886  [004] ....  9362.443849: do_swap_page: swapin tgid 1886 1886 "m.android.phone" 72c51000 a315c 1 22
           <...>-1886  [004] ....  9362.443851: do_swap_page: swapin tgid 1886 1886 "m.android.phone" 72c52000 a315d 1 25
           <...>-1886  [004] ....  9362.443857: do_swap_page: swapin tgid 1886 1886 "m.android.phone" 72bef000 9f1fa 1 25
           <...>-1886  [004] ....  9362.443880: do_swap_page: swapin tgid 1886 1886 "m.android.phone" 72c57000 c7363 0 1
           <...>-1968  [004] ....  9362.443909: do_swap_page: swapin tgid 1946 1968 "Binder:1946_1" 13700000 eb3cd 1 1
 droid.launcher3-1995  [004] ....  9362.443935: do_swap_page: swapin tgid 1995 1995 "droid.launcher3" 72994000 12011a 1 1
 droid.launcher3-1995  [004] ....  9362.443944: do_swap_page: swapin tgid 1995 1995 "droid.launcher3" 9ec50000 1201d5 0 1
           <...>-1968  [004] ....  9362.443969: do_swap_page: swapin tgid 1946 1968 "Binder:1946_1" 13713000 1d828b 1 1
           <...>-1968  [004] d..2  9362.443975: free_swap_slot: swapfree cache 1d8290
           <...>-1968  [004] ....  9362.443978: do_swap_page: swapin tgid 1946 1968 "Binder:1946_1" 7fbe24e000 f73ee 0 1
   Binder:2458_4-2719  [004] ....  9362.444022: do_swap_page: swapin tgid 2458 2719 "Binder:2458_4" 14080000 33487 1 1
   Binder:2458_4-2719  [004] ....  9362.444028: do_swap_page: swapin tgid 2458 2719 "Binder:2458_4" 14092000 1fc2b7 1 1
   Binder:2458_4-2719  [004] d..2  9362.444032: free_swap_slot: swapfree cache 1fc2bf
   Binder:2458_4-2719  [004] ....  9362.444034: do_swap_page: swapin tgid 2458 2719 "Binder:2458_4" 7fbe24e000 4f467 0 1
 droid.launcher3-1995  [004] ....  9362.444072: do_swap_page: swapin tgid 1995 1995 "droid.launcher3" 9ec50000 1201d5 1 1
 droid.launcher3-1995  [004] ....  9362.444078: do_swap_page: swapin tgid 1995 1995 "droid.launcher3" 9ec60000 10f346 0 1
      android.ui-1360  [004] ....  9362.444128: do_swap_page: swapin tgid 1340 1360 "android.ui" 9ee6c000 15321e 1 1
      android.ui-1360  [004] ....  9362.444137: do_swap_page: swapin tgid 1340 1360 "android.ui" 9ecaf000 1782cb 1 1
      android.ui-1360  [004] ....  9362.444140: do_swap_page: swapin tgid 1340 1360 "android.ui" 9edf8000 14f2aa 0 1
           <...>-1890  [004] ....  9362.444165: do_swap_page: swapin tgid 1845 1890 "Binder:1845_2" 7f39800000 93324 1 1
           <...>-1890  [004] d..2  9362.444171: free_swap_slot: swapfree cache 1cc259
           <...>-1890  [004] ....  9362.444175: do_swap_page: swapin tgid 1845 1890 "Binder:1845_2" 7f395f0000 93322 0 1
 droid.launcher3-1995  [004] ....  9362.444231: do_swap_page: swapin tgid 1995 1995 "droid.launcher3" 9ec60000 10f346 1 1
 droid.launcher3-1995  [004] ....  9362.444241: do_swap_page: swapin tgid 1995 1995 "droid.launcher3" 9ec40000 1201c5 0 1
           <...>-2196  [004] ....  9362.444308: do_swap_page: swapin tgid 1653 2196 "ScreenDecoratio" 9ec6b000 1b02c7 1 1
           <...>-2196  [004] ....  9362.444312: do_swap_page: swapin tgid 1653 2196 "ScreenDecoratio" 9ee9c000 b36e 0 1
           <...>-1785  [004] ....  9362.444368: do_swap_page: swapin tgid 1756 1785 "Binder:1756_2" 7f39800000 7f357 1 1
           <...>-1785  [004] d..2  9362.444374: free_swap_slot: swapfree cache 1c82eb
           <...>-1785  [004] ....  9362.444382: do_swap_page: swapin tgid 1756 1785 "Binder:1756_2" 133c1000 5c03b 0 1
 droid.launcher3-1995  [004] ....  9362.444416: do_swap_page: swapin tgid 1995 1995 "droid.launcher3" 9ec40000 1201c5 1 1
 droid.launcher3-1995  [004] ....  9362.444423: do_swap_page: swapin tgid 1995 1995 "droid.launcher3" 9ec35000 1201ba 0 1
      android.ui-1360  [004] ....  9362.444456: do_swap_page: swapin tgid 1340 1360 "android.ui" 9edf8000 14f2aa 1 1
      android.ui-1360  [004] d..2  9362.444507: free_swap_slot: swapfree cache 15c278
      android.ui-1360  [004] ....  9362.444521: do_swap_page: swapin tgid 1340 1360 "android.ui" 7ec8dd9000 18c23d 1 1
      android.ui-1360  [004] d..2  9362.444524: free_swap_slot: swapfree cache 18c23d
 droid.launcher3-1995  [004] ....  9362.444559: do_swap_page: swapin tgid 1995 1995 "droid.launcher3" 9ec35000 1201ba 1 1
 droid.launcher3-1995  [004] ....  9362.444567: do_swap_page: swapin tgid 1995 1995 "droid.launcher3" 9eca3000 10f389 0 1
      android.ui-1360  [004] d..2  9362.444600: free_swap_slot: swapfree cache 15c2dd
      android.ui-1360  [004] ....  9362.444607: do_swap_page: swapin tgid 1340 1360 "android.ui" 145b2000 1682f6 1 1
    android.anim-1363  [004] ....  9362.444656: do_swap_page: swapin tgid 1340 1363 "android.anim" 7ecc7a8000 18c2ad 1 1
    android.anim-1363  [004] d..2  9362.444659: free_swap_slot: swapfree cache 18c2ad
    android.anim-1363  [004] ....  9362.444666: do_swap_page: swapin tgid 1340 1363 "android.anim" 7ecc7a9000 18c2ae 1 1
    android.anim-1363  [004] ....  9362.444671: do_swap_page: swapin tgid 1340 1363 "android.anim" 7ecc7a7000 18c2ac 1 1
    android.anim-1363  [004] d..2  9362.444672: free_swap_slot: swapfree cache 18c2ac
    android.anim-1363  [004] ....  9362.444676: do_swap_page: swapin tgid 1340 1363 "android.anim" 7ecc7a6000 18c2ab 1 1
    android.anim-1363  [004] ....  9362.444684: do_swap_page: swapin tgid 1340 1363 "android.anim" 7f3143b000 1982d3 1 1
    android.anim-1363  [004] d..2  9362.444687: free_swap_slot: swapfree cache 1982d3
    android.anim-1363  [004] d..2  9362.444696: free_swap_slot: swapfree cache 18c2ae
    android.anim-1363  [004] ....  9362.444701: do_swap_page: swapin tgid 1340 1363 "android.anim" 7f28b15000 1942bb 1 1
    android.anim-1363  [004] ....  9362.444703: do_swap_page: swapin tgid 1340 1363 "android.anim" 7f28b1f000 1942c4 1 1
    android.anim-1363  [004] ....  9362.444706: do_swap_page: swapin tgid 1340 1363 "android.anim" 7f28bd7000 198203 1 1
    android.anim-1363  [004] d..2  9362.444712: free_swap_slot: swapfree cache 1942c4
    android.anim-1363  [004] d..2  9362.444714: free_swap_slot: swapfree cache 198203
    android.anim-1363  [004] ....  9362.444719: do_swap_page: swapin tgid 1340 1363 "android.anim" 7fbe166000 1df24f 0 1
 droid.launcher3-1995  [004] ....  9362.444768: do_swap_page: swapin tgid 1995 1995 "droid.launcher3" 9eca3000 10f389 1 1
 droid.launcher3-1995  [004] ....  9362.444774: do_swap_page: swapin tgid 1995 1995 "droid.launcher3" 13c9c000 1dc261 1 1
 droid.launcher3-1995  [004] ....  9362.444779: do_swap_page: swapin tgid 1995 1995 "droid.launcher3" 9ec23000 10f309 0 1
           <...>-1968  [004] ....  9362.444806: do_swap_page: swapin tgid 1946 1968 "Binder:1946_1" 7fbe24e000 f73ee 1 1
           <...>-1968  [004] ....  9362.444814: do_swap_page: swapin tgid 1946 1968 "Binder:1946_1" 7f39a00000 1d8297 1 1
           <...>-1968  [004] d..2  9362.444816: free_swap_slot: swapfree cache 1d8297
           <...>-1968  [004] ....  9362.444818: do_swap_page: swapin tgid 1946 1968 "Binder:1946_1" 7f2e0f9000 1d8293 1 1
           <...>-1968  [004] d..2  9362.444819: free_swap_slot: swapfree cache 1d8293
           <...>-1968  [004] ....  9362.444821: do_swap_page: swapin tgid 1946 1968 "Binder:1946_1" 12d5f000 1d8288 1 1
           <...>-1968  [004] d..2  9362.444823: free_swap_slot: swapfree cache 1d8288
           <...>-1968  [004] d..2  9362.444825: free_swap_slot: swapfree cache 1d828b
           <...>-1968  [004] ....  9362.444827: do_swap_page: swapin tgid 1946 1968 "Binder:1946_1" 7f34f58000 1d8295 1 1
           <...>-1968  [004] d..2  9362.444828: free_swap_slot: swapfree cache 1d8295
           <...>-1968  [004] ....  9362.444830: do_swap_page: swapin tgid 1946 1968 "Binder:1946_1" 13705000 1d8289 1 1
           <...>-1968  [004] d..2  9362.444830: free_swap_slot: swapfree cache 1d8289
           <...>-1968  [004] ....  9362.444834: do_swap_page: swapin tgid 1946 1968 "Binder:1946_1" 7fbe1e7000 f73c6 0 1
   Binder:2458_4-2719  [004] ....  9362.444876: do_swap_page: swapin tgid 2458 2719 "Binder:2458_4" 7fbe24e000 4f467 1 1
   Binder:2458_4-2719  [004] ....  9362.444886: do_swap_page: swapin tgid 2458 2719 "Binder:2458_4" 7f31326000 1fc2c4 1 1
   Binder:2458_4-2719  [004] d..2  9362.444888: free_swap_slot: swapfree cache 1fc2c4
   Binder:2458_4-2719  [004] ....  9362.444890: do_swap_page: swapin tgid 2458 2719 "Binder:2458_4" 7ecd8e0000 1fc2b9 1 1
   Binder:2458_4-2719  [004] d..2  9362.444891: free_swap_slot: swapfree cache 1fc2b9
   Binder:2458_4-2719  [004] ....  9362.444912: do_swap_page: swapin tgid 2458 2719 "Binder:2458_4" 12c4d000 1fc2b3 1 1
   Binder:2458_4-2719  [004] d..2  9362.444914: free_swap_slot: swapfree cache 1fc2b3
   Binder:2458_4-2719  [004] d..2  9362.444916: free_swap_slot: swapfree cache 1fc2b7
   Binder:2458_4-2719  [004] ....  9362.444919: do_swap_page: swapin tgid 2458 2719 "Binder:2458_4" 7f34f5b000 1fc2c6 1 1
   Binder:2458_4-2719  [004] d..2  9362.444921: free_swap_slot: swapfree cache 1fc2c6
   Binder:2458_4-2719  [004] ....  9362.444922: do_swap_page: swapin tgid 2458 2719 "Binder:2458_4" 14083000 1fc2b4 1 1
   Binder:2458_4-2719  [004] d..2  9362.444923: free_swap_slot: swapfree cache 1fc2b4
   Binder:2458_4-2719  [004] ....  9362.444929: do_swap_page: swapin tgid 2458 2719 "Binder:2458_4" 7fbe1e7000 4f436 0 1
 droid.launcher3-1995  [004] ....  9362.444969: do_swap_page: swapin tgid 1995 1995 "droid.launcher3" 9ec23000 10f309 1 1
 droid.launcher3-1995  [004] ....  9362.444979: do_swap_page: swapin tgid 1995 1995 "droid.launcher3" 9ebd5000 10b3bb 0 1
    android.anim-1363  [004] ....  9362.445009: do_swap_page: swapin tgid 1340 1363 "android.anim" 7fbe166000 1df24f 1 1
    android.anim-1363  [004] ....  9362.445022: do_swap_page: swapin tgid 1340 1363 "android.anim" 7f28b4b000 1942db 1 1
    android.anim-1363  [004] d..2  9362.445025: free_swap_slot: swapfree cache 1942db
    android.anim-1363  [004] d..2  9362.445026: free_swap_slot: swapfree cache 1942bb
    android.anim-1363  [004] ....  9362.445071: do_swap_page: swapin tgid 1340 1363 "android.anim" 7eb70cf000 1842f6 1 1
    android.anim-1363  [004] d..2  9362.445076: free_swap_slot: swapfree cache 1842f6
    android.anim-1363  [004] ....  9362.445086: do_swap_page: swapin tgid 1340 1363 "android.anim" 9ec93000 1782af 1 1
    android.anim-1363  [004] ....  9362.445089: do_swap_page: swapin tgid 1340 1363 "android.anim" 9ef0a000 1532bc 0 1
 droid.launcher3-1995  [004] ....  9362.445224: do_swap_page: swapin tgid 1995 1995 "droid.launcher3" 9ebd5000 10b3bb 1 1
 droid.launcher3-1995  [004] ....  9362.445231: do_swap_page: swapin tgid 1995 1995 "droid.launcher3" 13d52000 1dc279 1 1
 droid.launcher3-1995  [004] ....  9362.445238: do_swap_page: swapin tgid 1995 1995 "droid.launcher3" 9ebd6000 10b3bc 0 1
    android.anim-1363  [004] ....  9362.445284: do_swap_page: swapin tgid 1340 1363 "android.anim" 9ef0a000 1532bc 1 1
    android.anim-1363  [004] ....  9362.445289: do_swap_page: swapin tgid 1340 1363 "android.anim" 9edd6000 14f288 0 1
           <...>-1886  [004] ....  9362.445311: do_swap_page: swapin tgid 1886 1886 "m.android.phone" 72c57000 c7363 1 1
           <...>-1886  [004] ....  9362.445320: do_swap_page: swapin tgid 1886 1886 "m.android.phone" 72bf0000 9f1fb 1 24
           <...>-1886  [004] ....  9362.445331: do_swap_page: swapin tgid 1886 1886 "m.android.phone" 72bc5000 9f1d0 1 25
           <...>-1886  [004] ....  9362.445334: do_swap_page: swapin tgid 1886 1886 "m.android.phone" 72c70000 c7369 0 1
           <...>-1890  [004] ....  9362.445361: do_swap_page: swapin tgid 1845 1890 "Binder:1845_2" 7f395f0000 93322 1 1
           <...>-1890  [004] ....  9362.445372: do_swap_page: swapin tgid 1845 1890 "Binder:1845_2" 7f350ce000 1cc265 1 1
           <...>-1890  [004] d..2  9362.445373: free_swap_slot: swapfree cache 1cc265
 droid.launcher3-1995  [004] ....  9362.445400: do_swap_page: swapin tgid 1995 1995 "droid.launcher3" 9ebd6000 10b3bc 1 1
 droid.launcher3-1995  [004] ....  9362.445405: do_swap_page: swapin tgid 1995 1995 "droid.launcher3" 9ecc6000 10f3ac 0 1
           <...>-1890  [004] ....  9362.445429: do_swap_page: swapin tgid 1845 1890 "Binder:1845_2" 72bc9000 1cc258 1 1
           <...>-1890  [004] ....  9362.445441: do_swap_page: swapin tgid 1845 1890 "Binder:1845_2" 7fbe1eb000 1cc27b 1 1
           <...>-1890  [004] d..2  9362.445442: free_swap_slot: swapfree cache 1cc27b
 android.display-1362  [004] ....  9362.445461: do_swap_page: swapin tgid 1340 1362 "android.display" 7eb4cda000 c41b3 1 1
 droid.launcher3-1995  [004] ....  9362.445564: do_swap_page: swapin tgid 1995 1995 "droid.launcher3" 9ecc6000 10f3ac 1 1
 droid.launcher3-1995  [004] ....  9362.445570: do_swap_page: swapin tgid 1995 1995 "droid.launcher3" 13d51000 1dc278 1 1
 droid.launcher3-1995  [004] ....  9362.445573: do_swap_page: swapin tgid 1995 1995 "droid.launcher3" 9ebb2000 120181 0 1
 droid.launcher3-1995  [004] ....  9362.445692: do_swap_page: swapin tgid 1995 1995 "droid.launcher3" 9ebb2000 120181 1 1
 android.display-1362  [004] ....  9362.445895: do_swap_page: swapin tgid 1340 1362 "android.display" 7eb4e61000 c41e8 0 1
           <...>-2503  [004] ....  9362.445933: do_swap_page: swapin tgid 2471 2503 "Binder:2471_1" 7f28a4e000 1fc2d5 1 1
           <...>-2503  [004] d..2  9362.445936: free_swap_slot: swapfree cache 1fc2d5
           <...>-2503  [004] ....  9362.445941: do_swap_page: swapin tgid 2471 2503 "Binder:2471_1" 7f2e0fa000 1fc2db 1 1
           <...>-2503  [004] d..2  9362.445943: free_swap_slot: swapfree cache 1fc2db
           <...>-2503  [004] ....  9362.445948: do_swap_page: swapin tgid 2471 2503 "Binder:2471_1" 7f2e0fb000 57457 0 1
           <...>-5549  [004] ....  9362.445991: do_swap_page: swapin tgid 2504 5549 "Binder:2504_4" 7f2d62a000 1fc2f1 1 1
           <...>-5549  [004] d..2  9362.446018: free_swap_slot: swapfree cache 1fc2f1
           <...>-5549  [004] ....  9362.446025: do_swap_page: swapin tgid 2504 5549 "Binder:2504_4" 7f29bf2000 1fc2ea 1 1
           <...>-5549  [004] d..2  9362.446026: free_swap_slot: swapfree cache 1fc2ea
           <...>-5549  [004] ....  9362.446033: do_swap_page: swapin tgid 2504 5549 "Binder:2504_4" 7f29bf3000 63433 0 1
           <...>-2557  [004] ....  9362.446062: do_swap_page: swapin tgid 2534 2557 "Binder:2534_3" 7f28abc000 1fc2ff 1 1
           <...>-2557  [004] d..2  9362.446065: free_swap_slot: swapfree cache 1fc2ff
           <...>-2557  [004] ....  9362.446072: do_swap_page: swapin tgid 2534 2557 "Binder:2534_3" 7f2df00000 307 1 1
           <...>-2557  [004] d..2  9362.446073: free_swap_slot: swapfree cache 307
           <...>-2557  [004] ....  9362.446078: do_swap_page: swapin tgid 2534 2557 "Binder:2534_3" 7f2df01000 6f43b 0 1
   Binder:2613_9-5319  [004] ....  9362.446127: do_swap_page: swapin tgid 2613 5319 "Binder:2613_9" 7fbe241000 103479 0 1
           <...>-2713  [004] ....  9362.446191: do_swap_page: swapin tgid 2694 2713 "Binder:2694_1" 7f28a4e000 5436e 1 1
           <...>-2713  [004] d..2  9362.446194: free_swap_slot: swapfree cache 5436e
           <...>-2713  [004] ....  9362.446201: do_swap_page: swapin tgid 2694 2713 "Binder:2694_1" 7f2e0fa000 54383 1 1
           <...>-2713  [004] d..2  9362.446202: free_swap_slot: swapfree cache 54383
           <...>-2713  [004] ....  9362.446205: do_swap_page: swapin tgid 2694 2713 "Binder:2694_1" 7f2e0fb000 10b440 0 1
           <...>-4060  [004] ....  9362.446244: do_swap_page: swapin tgid 3135 4060 "Binder:3135_4" 7f2d668000 58311 1 1
           <...>-4060  [004] d..2  9362.446247: free_swap_slot: swapfree cache 58311
           <...>-4060  [004] ....  9362.446254: do_swap_page: swapin tgid 3135 4060 "Binder:3135_4" 7f29ffb000 5830a 1 1
           <...>-4060  [004] d..2  9362.446256: swapcache_free_entries: swapfree direct 184262
           <...>-4060  [004] d..3  9362.446257: swapcache_free_entries: swapfree direct 16c2b6
           <...>-4060  [004] d..3  9362.446258: swapcache_free_entries: swapfree direct 16c2b5
           <...>-4060  [004] d..3  9362.446258: swapcache_free_entries: swapfree direct 15c2de
           <...>-4060  [004] d..3  9362.446259: swapcache_free_entries: swapfree direct 184263
           <...>-4060  [004] d..3  9362.446259: swapcache_free_entries: swapfree direct 184264
           <...>-4060  [004] d..3  9362.446260: swapcache_free_entries: swapfree direct 15c2df
           <...>-4060  [004] d..3  9362.446260: swapcache_free_entries: swapfree direct 1942da
           <...>-4060  [004] d..3  9362.446261: swapcache_free_entries: swapfree direct 1dc289
           <...>-4060  [004] d..3  9362.446262: swapcache_free_entries: swapfree direct 1d4268
           <...>-4060  [004] d..3  9362.446263: swapcache_free_entries: swapfree direct 1cc286
           <...>-4060  [004] d..3  9362.446264: swapcache_free_entries: swapfree direct 1cc278
           <...>-4060  [004] d..3  9362.446264: swapcache_free_entries: swapfree direct 1cc25d
           <...>-4060  [004] d..3  9362.446265: swapcache_free_entries: swapfree direct 1c82ea
           <...>-4060  [004] d..3  9362.446265: swapcache_free_entries: swapfree direct 1cc209
           <...>-4060  [004] d..3  9362.446266: swapcache_free_entries: swapfree direct 1cc202
           <...>-4060  [004] d..3  9362.446266: swapcache_free_entries: swapfree direct 1cc221
           <...>-4060  [004] d..3  9362.446267: swapcache_free_entries: swapfree direct 1682ed
           <...>-4060  [004] d..3  9362.446268: swapcache_free_entries: swapfree direct 15c2e2
           <...>-4060  [004] d..3  9362.446268: swapcache_free_entries: swapfree direct 1b0246
           <...>-4060  [004] d..3  9362.446269: swapcache_free_entries: swapfree direct 15829b
           <...>-4060  [004] d..3  9362.446270: swapcache_free_entries: swapfree direct 16026c
           <...>-4060  [004] d..3  9362.446270: swapcache_free_entries: swapfree direct 1802f0
           <...>-4060  [004] d..3  9362.446271: swapcache_free_entries: swapfree direct 168205
           <...>-4060  [004] d..3  9362.446272: swapcache_free_entries: swapfree direct 1d425f
           <...>-4060  [004] d..3  9362.446272: swapcache_free_entries: swapfree direct 1d8290
           <...>-4060  [004] d..3  9362.446273: swapcache_free_entries: swapfree direct 1fc2bf
           <...>-4060  [004] d..3  9362.446273: swapcache_free_entries: swapfree direct 1cc259
           <...>-4060  [004] d..3  9362.446274: swapcache_free_entries: swapfree direct 1c82eb
           <...>-4060  [004] d..3  9362.446274: swapcache_free_entries: swapfree direct 15c278
           <...>-4060  [004] d..3  9362.446275: swapcache_free_entries: swapfree direct 18c23d
           <...>-4060  [004] d..3  9362.446276: swapcache_free_entries: swapfree direct 15c2dd
           <...>-4060  [004] d..3  9362.446276: swapcache_free_entries: swapfree direct 18c2ad
           <...>-4060  [004] d..3  9362.446277: swapcache_free_entries: swapfree direct 18c2ac
           <...>-4060  [004] d..3  9362.446277: swapcache_free_entries: swapfree direct 1982d3
           <...>-4060  [004] d..3  9362.446277: swapcache_free_entries: swapfree direct 18c2ae
           <...>-4060  [004] d..3  9362.446278: swapcache_free_entries: swapfree direct 1942c4
           <...>-4060  [004] d..3  9362.446278: swapcache_free_entries: swapfree direct 198203
           <...>-4060  [004] d..3  9362.446279: swapcache_free_entries: swapfree direct 1d8297
           <...>-4060  [004] d..3  9362.446280: swapcache_free_entries: swapfree direct 1d8293
           <...>-4060  [004] d..3  9362.446281: swapcache_free_entries: swapfree direct 1d8288
           <...>-4060  [004] d..3  9362.446281: swapcache_free_entries: swapfree direct 1d828b
           <...>-4060  [004] d..3  9362.446282: swapcache_free_entries: swapfree direct 1d8295
           <...>-4060  [004] d..3  9362.446282: swapcache_free_entries: swapfree direct 1d8289
           <...>-4060  [004] d..3  9362.446282: swapcache_free_entries: swapfree direct 1fc2c4
           <...>-4060  [004] d..3  9362.446283: swapcache_free_entries: swapfree direct 1fc2b9
           <...>-4060  [004] d..3  9362.446283: swapcache_free_entries: swapfree direct 1fc2b3
           <...>-4060  [004] d..3  9362.446284: swapcache_free_entries: swapfree direct 1fc2b7
           <...>-4060  [004] d..3  9362.446284: swapcache_free_entries: swapfree direct 1fc2c6
           <...>-4060  [004] d..3  9362.446284: swapcache_free_entries: swapfree direct 1fc2b4
           <...>-4060  [004] d..3  9362.446285: swapcache_free_entries: swapfree direct 1942db
           <...>-4060  [004] d..3  9362.446285: swapcache_free_entries: swapfree direct 1942bb
           <...>-4060  [004] d..3  9362.446286: swapcache_free_entries: swapfree direct 1842f6
           <...>-4060  [004] d..3  9362.446287: swapcache_free_entries: swapfree direct 1cc265
           <...>-4060  [004] d..3  9362.446287: swapcache_free_entries: swapfree direct 1cc27b
           <...>-4060  [004] d..3  9362.446288: swapcache_free_entries: swapfree direct 1fc2d5
           <...>-4060  [004] d..3  9362.446288: swapcache_free_entries: swapfree direct 1fc2db
           <...>-4060  [004] d..3  9362.446288: swapcache_free_entries: swapfree direct 1fc2f1
           <...>-4060  [004] d..3  9362.446289: swapcache_free_entries: swapfree direct 1fc2ea
           <...>-4060  [004] d..3  9362.446289: swapcache_free_entries: swapfree direct 1fc2ff
           <...>-4060  [004] d..3  9362.446290: swapcache_free_entries: swapfree direct 307
           <...>-4060  [004] d..3  9362.446291: swapcache_free_entries: swapfree direct 5436e
           <...>-4060  [004] d..3  9362.446291: swapcache_free_entries: swapfree direct 54383
           <...>-4060  [004] d..3  9362.446292: swapcache_free_entries: swapfree direct 58311
           <...>-4060  [004] d..2  9362.446293: free_swap_slot: swapfree cache 5830a
           <...>-4060  [004] ....  9362.446317: do_swap_page: swapin tgid 3135 4060 "Binder:3135_4" 7f29ffc000 1934ed 0 1
           <...>-6606  [004] ....  9362.446362: do_swap_page: swapin tgid 5097 6606 "Binder:5097_5" 7f2d6a5000 58325 1 1
           <...>-6606  [004] d..2  9362.446365: free_swap_slot: swapfree cache 58325
           <...>-6606  [004] ....  9362.446371: do_swap_page: swapin tgid 5097 6606 "Binder:5097_5" 7f29df5000 58320 1 1
           <...>-6606  [004] d..2  9362.446373: free_swap_slot: swapfree cache 58320
           <...>-6606  [004] ....  9362.446377: do_swap_page: swapin tgid 5097 6606 "Binder:5097_5" 7f29df6000 93599 0 1
           <...>-6417  [004] ....  9362.446422: do_swap_page: swapin tgid 5145 6417 "Binder:5145_5" 7f2d744000 5833f 1 1
           <...>-6417  [004] d..2  9362.446424: free_swap_slot: swapfree cache 5833f
           <...>-6417  [004] ....  9362.446432: do_swap_page: swapin tgid 5145 6417 "Binder:5145_5" 7f292ff000 58335 1 1
           <...>-6417  [004] d..2  9362.446433: free_swap_slot: swapfree cache 58335
           <...>-6417  [004] ....  9362.446439: do_swap_page: swapin tgid 5145 6417 "Binder:5145_5" 7f29300000 a75ab 0 1
           <...>-5294  [004] ....  9362.446462: do_swap_page: swapin tgid 5275 5294 "Binder:5275_3" 7f28abc000 58371 1 1
           <...>-5294  [004] d..2  9362.446465: free_swap_slot: swapfree cache 58371
           <...>-5294  [004] ....  9362.446471: do_swap_page: swapin tgid 5275 5294 "Binder:5275_3" 7f2df00000 5839b 1 1
           <...>-5294  [004] d..2  9362.446473: free_swap_slot: swapfree cache 5839b
           <...>-5294  [004] ....  9362.446479: do_swap_page: swapin tgid 5275 5294 "Binder:5275_3" 7f2df01000 cf5f5 0 1
   Binder:2613_9-5319  [004] ....  9362.446498: do_swap_page: swapin tgid 2613 5319 "Binder:2613_9" 7fbe241000 103479 1 1
   Binder:2613_9-5319  [004] ....  9362.446549: do_swap_page: swapin tgid 2613 5319 "Binder:2613_9" 7eb92ac000 2c370 1 1
   Binder:2613_9-5319  [004] d..2  9362.446552: free_swap_slot: swapfree cache 2c370
           <...>-2557  [004] ....  9362.446579: do_swap_page: swapin tgid 2534 2557 "Binder:2534_3" 7f2df01000 6f43b 1 1
           <...>-2557  [004] ....  9362.446585: do_swap_page: swapin tgid 2534 2557 "Binder:2534_3" 7f28ac9000 301 1 1
           <...>-2557  [004] ....  9362.446591: do_swap_page: swapin tgid 2534 2557 "Binder:2534_3" 7fbe180000 30b 1 1
           <...>-2557  [004] d..2  9362.446594: free_swap_slot: swapfree cache 301
           <...>-2557  [004] d..2  9362.446597: free_swap_slot: swapfree cache 30b
           <...>-2557  [004] ....  9362.446603: do_swap_page: swapin tgid 2534 2557 "Binder:2534_3" 7fbe22b000 30d 1 1
           <...>-2557  [004] ....  9362.446609: do_swap_page: swapin tgid 2534 2557 "Binder:2534_3" 7f28ac2000 6b4cd 0 1
           <...>-2713  [004] ....  9362.446645: do_swap_page: swapin tgid 2694 2713 "Binder:2694_1" 7f2e0fb000 10b440 1 1
           <...>-2713  [004] ....  9362.446652: do_swap_page: swapin tgid 2694 2713 "Binder:2694_1" 7f289fc000 5436d 1 1
           <...>-2713  [004] ....  9362.446656: do_swap_page: swapin tgid 2694 2713 "Binder:2694_1" 7fbe180000 54399 1 1
           <...>-2713  [004] d..2  9362.446659: free_swap_slot: swapfree cache 5436d
           <...>-2713  [004] ....  9362.446660: do_swap_page: swapin tgid 2694 2713 "Binder:2694_1" 7fbe1d0000 5439e 1 1
           <...>-2713  [004] d..2  9362.446663: free_swap_slot: swapfree cache 54399
           <...>-2713  [004] ....  9362.446670: do_swap_page: swapin tgid 2694 2713 "Binder:2694_1" 7fbe22b000 543a4 1 1
           <...>-2713  [004] ....  9362.446673: do_swap_page: swapin tgid 2694 2713 "Binder:2694_1" 7f28ac2000 5436f 1 1
           <...>-2713  [004] ....  9362.446675: do_swap_page: swapin tgid 2694 2713 "Binder:2694_1" 7f28aca000 54371 1 1
           <...>-2713  [004] d..2  9362.446676: free_swap_slot: swapfree cache 54371
           <...>-2713  [004] d..2  9362.446677: free_swap_slot: swapfree cache 543a4
           <...>-2713  [004] ....  9362.446681: do_swap_page: swapin tgid 2694 2713 "Binder:2694_1" 7fbda9d000 54391 1 1
           <...>-2713  [004] ....  9362.446684: do_swap_page: swapin tgid 2694 2713 "Binder:2694_1" 7fbe342000 543b3 1 1
           <...>-2713  [004] d..2  9362.446690: free_swap_slot: swapfree cache 543b3
           <...>-2713  [004] ....  9362.446692: do_swap_page: swapin tgid 2694 2713 "Binder:2694_1" 7fbe241000 10f44c 0 1
           <...>-5549  [004] ....  9362.446718: do_swap_page: swapin tgid 2504 5549 "Binder:2504_4" 7f29bf3000 63433 1 1
           <...>-5549  [004] ....  9362.446725: do_swap_page: swapin tgid 2504 5549 "Binder:2504_4" 7f2d6a2000 1fc2f4 1 1
           <...>-5549  [004] ....  9362.446731: do_swap_page: swapin tgid 2504 5549 "Binder:2504_4" 7fbe180000 1fc2f9 1 1
           <...>-5549  [004] d..2  9362.446733: free_swap_slot: swapfree cache 1fc2f4
           <...>-5549  [004] d..2  9362.446735: free_swap_slot: swapfree cache 1fc2f9
           <...>-5549  [004] ....  9362.446743: do_swap_page: swapin tgid 2504 5549 "Binder:2504_4" 7f2d616000 1fc2ee 1 1
           <...>-5549  [004] ....  9362.446745: do_swap_page: swapin tgid 2504 5549 "Binder:2504_4" 7f2d62d000 6347b 0 1
           <...>-2503  [004] ....  9362.446774: do_swap_page: swapin tgid 2471 2503 "Binder:2471_1" 7f2e0fb000 57457 1 1
           <...>-2503  [004] ....  9362.446781: do_swap_page: swapin tgid 2471 2503 "Binder:2471_1" 7f289fc000 1fc2d4 1 1
           <...>-2503  [004] ....  9362.446784: do_swap_page: swapin tgid 2471 2503 "Binder:2471_1" 7fbe180000 1fc2df 1 1
           <...>-2503  [004] d..2  9362.446787: free_swap_slot: swapfree cache 1fc2d4
           <...>-2503  [004] d..2  9362.446790: free_swap_slot: swapfree cache 1fc2df
           <...>-2503  [004] ....  9362.446817: do_swap_page: swapin tgid 2471 2503 "Binder:2471_1" 7fbe22b000 1fc2e1 1 1
           <...>-2503  [004] ....  9362.446822: do_swap_page: swapin tgid 2471 2503 "Binder:2471_1" 7f28ac2000 534bd 0 1
           <...>-4060  [004] ....  9362.446867: do_swap_page: swapin tgid 3135 4060 "Binder:3135_4" 7f29ffc000 1934ed 1 1
           <...>-4060  [004] ....  9362.446875: do_swap_page: swapin tgid 3135 4060 "Binder:3135_4" 7f2d6b7000 58313 1 1
           <...>-4060  [004] ....  9362.446880: do_swap_page: swapin tgid 3135 4060 "Binder:3135_4" 7fbe180000 58317 1 1
           <...>-4060  [004] d..2  9362.446883: free_swap_slot: swapfree cache 58313
           <...>-4060  [004] d..2  9362.446885: free_swap_slot: swapfree cache 58317
           <...>-4060  [004] ....  9362.446893: do_swap_page: swapin tgid 3135 4060 "Binder:3135_4" 7f2d617000 5830d 1 1
           <...>-4060  [004] ....  9362.446897: do_swap_page: swapin tgid 3135 4060 "Binder:3135_4" 7f2d62d000 197403 0 1
    android.anim-1363  [004] ....  9362.446914: do_swap_page: swapin tgid 1340 1363 "android.anim" 9edd6000 14f288 1 1
    android.anim-1363  [004] d..2  9362.446937: free_swap_slot: swapfree cache 1602cd
    android.anim-1363  [004] ....  9362.446954: do_swap_page: swapin tgid 1340 1363 "android.anim" 9eeeb000 15329d 0 1
           <...>-2557  [004] ....  9362.446984: do_swap_page: swapin tgid 2534 2557 "Binder:2534_3" 7f28ac2000 6b4cd 1 1
           <...>-2557  [004] ....  9362.447010: do_swap_page: swapin tgid 2534 2557 "Binder:2534_3" 7f28b15000 302 1 1
           <...>-2557  [004] d..2  9362.447012: free_swap_slot: swapfree cache 302
           <...>-2557  [004] d..2  9362.447013: free_swap_slot: swapfree cache 30d
           <...>-2557  [004] ....  9362.447018: do_swap_page: swapin tgid 2534 2557 "Binder:2534_3" 7fbda9d000 6f4c7 0 1
           <...>-5549  [004] ....  9362.447048: do_swap_page: swapin tgid 2504 5549 "Binder:2504_4" 7f2d62d000 6347b 1 1
           <...>-5549  [004] ....  9362.447054: do_swap_page: swapin tgid 2504 5549 "Binder:2504_4" 7f2d62b000 1fc2f2 1 1
           <...>-5549  [004] d..2  9362.447060: free_swap_slot: swapfree cache 1fc2f2
           <...>-5549  [004] d..2  9362.447061: free_swap_slot: swapfree cache 1fc2ee
           <...>-5549  [004] ....  9362.447065: do_swap_page: swapin tgid 2504 5549 "Binder:2504_4" 7fbda9d000 67455 0 1
           <...>-2713  [004] ....  9362.447089: do_swap_page: swapin tgid 2694 2713 "Binder:2694_1" 7fbe241000 10f44c 1 1
           <...>-2713  [004] ....  9362.447099: do_swap_page: swapin tgid 2694 2713 "Binder:2694_1" 7fbe1e9000 73f79 0 1
 droid.launcher3-1995  [004] ....  9362.447125: do_swap_page: swapin tgid 1995 1995 "droid.launcher3" 9ecd4000 10f3ba 0 1
    android.anim-1363  [004] ....  9362.447180: do_swap_page: swapin tgid 1340 1363 "android.anim" 9eeeb000 15329d 1 1
    android.anim-1363  [004] ....  9362.447191: do_swap_page: swapin tgid 1340 1363 "android.anim" 9ec9f000 1782bb 1 1
    android.anim-1363  [004] ....  9362.447193: do_swap_page: swapin tgid 1340 1363 "android.anim" 9ede8000 14f29a 0 1
           <...>-2503  [004] ....  9362.447217: do_swap_page: swapin tgid 2471 2503 "Binder:2471_1" 7f28ac2000 534bd 1 1
           <...>-2503  [004] ....  9362.447223: do_swap_page: swapin tgid 2471 2503 "Binder:2471_1" 7f28b58000 1fc2d8 1 1
           <...>-2503  [004] d..2  9362.447225: free_swap_slot: swapfree cache 1fc2d8
           <...>-2503  [004] d..2  9362.447226: free_swap_slot: swapfree cache 1fc2e1
           <...>-2503  [004] ....  9362.447231: do_swap_page: swapin tgid 2471 2503 "Binder:2471_1" 7fbda9d000 574e0 0 1
           <...>-6417  [004] ....  9362.447291: do_swap_page: swapin tgid 5145 6417 "Binder:5145_5" 7f29300000 a75ab 1 1
           <...>-6417  [004] ....  9362.447298: do_swap_page: swapin tgid 5145 6417 "Binder:5145_5" 7f2d700000 5833c 1 1
           <...>-6417  [004] ....  9362.447305: do_swap_page: swapin tgid 5145 6417 "Binder:5145_5" 7fbe180000 58343 1 1
           <...>-6417  [004] d..2  9362.447308: free_swap_slot: swapfree cache 5833c
           <...>-6417  [004] ....  9362.447311: do_swap_page: swapin tgid 5145 6417 "Binder:5145_5" 7f2d673000 12c04b 0 1
           <...>-2557  [004] ....  9362.447328: do_swap_page: swapin tgid 2534 2557 "Binder:2534_3" 7fbda9d000 6f4c7 1 1
           <...>-2557  [004] ....  9362.447334: do_swap_page: swapin tgid 2534 2557 "Binder:2534_3" 7fbe301000 30e 1 1
           <...>-2557  [004] d..2  9362.447336: free_swap_slot: swapfree cache 30e
           <...>-2557  [004] ....  9362.447339: do_swap_page: swapin tgid 2534 2557 "Binder:2534_3" 7fbe241000 7343a 0 1
           <...>-1785  [004] ....  9362.447390: do_swap_page: swapin tgid 1756 1785 "Binder:1756_2" 133c1000 5c03b 1 1
           <...>-1785  [004] ....  9362.447397: do_swap_page: swapin tgid 1756 1785 "Binder:1756_2" 133d4000 1c82dc 1 1
           <...>-1785  [004] d..2  9362.447400: free_swap_slot: swapfree cache 1c82dc
           <...>-1785  [004] ....  9362.447404: do_swap_page: swapin tgid 1756 1785 "Binder:1756_2" 7f350ce000 1cc231 1 1
           <...>-1785  [004] d..2  9362.447406: free_swap_slot: swapfree cache 1cc231
           <...>-1785  [004] ....  9362.447410: do_swap_page: swapin tgid 1756 1785 "Binder:1756_2" 72bc9000 5c044 0 1
 droid.launcher3-1995  [004] ....  9362.447453: do_swap_page: swapin tgid 1995 1995 "droid.launcher3" 9ecd4000 10f3ba 1 1
 droid.launcher3-1995  [004] ....  9362.447460: do_swap_page: swapin tgid 1995 1995 "droid.launcher3" 13d58000 1dc27c 1 1
 droid.launcher3-1995  [004] ....  9362.447485: do_swap_page: swapin tgid 1995 1995 "droid.launcher3" 13d59000 1dc27d 1 1
 droid.launcher3-1995  [004] ....  9362.447489: do_swap_page: swapin tgid 1995 1995 "droid.launcher3" 9ecee000 10f3d4 0 1
    android.anim-1363  [004] ....  9362.447568: do_swap_page: swapin tgid 1340 1363 "android.anim" 9ede8000 14f29a 1 1
    android.anim-1363  [004] ....  9362.447591: do_swap_page: swapin tgid 1340 1363 "android.anim" 9ed84000 14f236 0 1
           <...>-6606  [004] ....  9362.447617: do_swap_page: swapin tgid 5097 6606 "Binder:5097_5" 7f29df6000 93599 1 1
           <...>-6606  [004] ....  9362.447624: do_swap_page: swapin tgid 5097 6606 "Binder:5097_5" 7f2d636000 58323 1 1
           <...>-6606  [004] ....  9362.447627: do_swap_page: swapin tgid 5097 6606 "Binder:5097_5" 7fbe180000 5832c 1 1
           <...>-6606  [004] d..2  9362.447630: free_swap_slot: swapfree cache 58323
           <...>-6606  [004] d..2  9362.447632: free_swap_slot: swapfree cache 5832c
           <...>-6606  [004] ....  9362.447640: do_swap_page: swapin tgid 5097 6606 "Binder:5097_5" 7f2d618000 58321 1 1
           <...>-6606  [004] ....  9362.447642: do_swap_page: swapin tgid 5097 6606 "Binder:5097_5" 7f2d61f000 935ba 0 1
           <...>-5549  [004] ....  9362.447662: do_swap_page: swapin tgid 2504 5549 "Binder:2504_4" 7fbda9d000 67455 1 1
           <...>-5549  [004] ....  9362.447696: do_swap_page: swapin tgid 2504 5549 "Binder:2504_4" 7fbe301000 1fc2fa 1 1
           <...>-5549  [004] d..2  9362.447699: free_swap_slot: swapfree cache 1fc2fa
           <...>-5549  [004] ....  9362.447701: do_swap_page: swapin tgid 2504 5549 "Binder:2504_4" 7fbe241000 674d0 0 1
           <...>-2503  [004] ....  9362.447732: do_swap_page: swapin tgid 2471 2503 "Binder:2471_1" 7fbda9d000 574e0 1 1
           <...>-2503  [004] ....  9362.447739: do_swap_page: swapin tgid 2471 2503 "Binder:2471_1" 7fbe2f3000 1fc2e2 1 1
           <...>-2503  [004] d..2  9362.447742: free_swap_slot: swapfree cache 1fc2e2
           <...>-2503  [004] ....  9362.447744: do_swap_page: swapin tgid 2471 2503 "Binder:2471_1" 7fbe241000 5b457 0 1
    android.anim-1363  [004] .n..  9362.447843: do_swap_page: swapin tgid 1340 1363 "android.anim" 9ed84000 14f236 1 1
           <...>-2713  [004] ....  9362.447988: do_swap_page: swapin tgid 2694 2713 "Binder:2694_1" 7fbe1e9000 73f79 1 1
           <...>-2713  [004] ....  9362.448021: do_swap_page: swapin tgid 2694 2713 "Binder:2694_1" 7f393c4000 10b472 0 1
           <...>-6417  [004] ....  9362.448045: do_swap_page: swapin tgid 5145 6417 "Binder:5145_5" 7f2d673000 12c04b 1 1
           <...>-6417  [004] d..2  9362.448055: free_swap_slot: swapfree cache 58343
           <...>-6417  [004] ....  9362.448063: do_swap_page: swapin tgid 5145 6417 "Binder:5145_5" 7f2d618000 58337 1 1
           <...>-6417  [004] ....  9362.448066: do_swap_page: swapin tgid 5145 6417 "Binder:5145_5" 7f2d61f000 12c03f 0 1
    android.anim-1363  [004] ....  9362.448095: do_swap_page: swapin tgid 1340 1363 "android.anim" 9eeb3000 153265 0 1
           <...>-5549  [004] ....  9362.448128: do_swap_page: swapin tgid 2504 5549 "Binder:2504_4" 7fbe241000 674d0 1 1
           <...>-5549  [004] ....  9362.448137: do_swap_page: swapin tgid 2504 5549 "Binder:2504_4" 7fbe1e9000 674ad 0 1
           <...>-2503  [004] ....  9362.448166: do_swap_page: swapin tgid 2471 2503 "Binder:2471_1" 7fbe241000 5b457 1 1
           <...>-2503  [004] ....  9362.448206: do_swap_page: swapin tgid 2471 2503 "Binder:2471_1" 7fbe1e9000 5b438 0 1
    android.anim-1363  [004] ....  9362.448249: do_swap_page: swapin tgid 1340 1363 "android.anim" 9eeb3000 153265 1 1
    android.anim-1363  [004] ....  9362.448255: do_swap_page: swapin tgid 1340 1363 "android.anim" 9ede6000 14f298 0 1
           <...>-2557  [004] ....  9362.448298: do_swap_page: swapin tgid 2534 2557 "Binder:2534_3" 7fbe241000 7343a 1 1
           <...>-2557  [004] ....  9362.448307: do_swap_page: swapin tgid 2534 2557 "Binder:2534_3" 7fbe1e9000 7341b 0 1
           <...>-2713  [004] ....  9362.448333: do_swap_page: swapin tgid 2694 2713 "Binder:2694_1" 7f393c4000 10b472 1 1
           <...>-2713  [004] ....  9362.448342: do_swap_page: swapin tgid 2694 2713 "Binder:2694_1" 7fbe165000 54396 1 1
           <...>-2713  [004] ....  9362.448345: do_swap_page: swapin tgid 2694 2713 "Binder:2694_1" 7f28b7b000 54379 1 1
           <...>-2713  [004] ....  9362.448349: do_swap_page: swapin tgid 2694 2713 "Binder:2694_1" 7fb9e4e000 10b4a5 0 1
           <...>-5549  [004] ....  9362.448375: do_swap_page: swapin tgid 2504 5549 "Binder:2504_4" 7fbe1e9000 674ad 1 1
           <...>-5549  [004] ....  9362.448385: do_swap_page: swapin tgid 2504 5549 "Binder:2504_4" 7f393c4000 634e6 0 1
    android.anim-1363  [004] ....  9362.448430: do_swap_page: swapin tgid 1340 1363 "android.anim" 9ede6000 14f298 1 1
    android.anim-1363  [004] ....  9362.448460: do_swap_page: swapin tgid 1340 1363 "android.anim" 9eda5000 14f257 0 1
           <...>-5294  [004] ....  9362.448489: do_swap_page: swapin tgid 5275 5294 "Binder:5275_3" 7f2df01000 cf5f5 1 1
           <...>-5294  [004] ....  9362.448516: do_swap_page: swapin tgid 5275 5294 "Binder:5275_3" 7f28b5d000 58375 1 1
           <...>-5294  [004] d..2  9362.448520: free_swap_slot: swapfree cache 58375
           <...>-5294  [004] ....  9362.448524: do_swap_page: swapin tgid 5275 5294 "Binder:5275_3" 7f28a69000 c7542 0 1
           <...>-2557  [004] ....  9362.448543: do_swap_page: swapin tgid 2534 2557 "Binder:2534_3" 7fbe1e9000 7341b 1 1
           <...>-2557  [004] ....  9362.448552: do_swap_page: swapin tgid 2534 2557 "Binder:2534_3" 7f393c4000 6f46e 0 1
 droid.launcher3-1995  [004] ....  9362.448579: do_swap_page: swapin tgid 1995 1995 "droid.launcher3" 9ecee000 10f3d4 1 1
 droid.launcher3-1995  [004] ....  9362.448586: do_swap_page: swapin tgid 1995 1995 "droid.launcher3" 9ebdf000 12019a 0 1
           <...>-2503  [004] ....  9362.448635: do_swap_page: swapin tgid 2471 2503 "Binder:2471_1" 7fbe1e9000 5b438 1 1
           <...>-2503  [004] ....  9362.448644: do_swap_page: swapin tgid 2471 2503 "Binder:2471_1" 7f393c4000 57484 0 1
    android.anim-1363  [004] ....  9362.448707: do_swap_page: swapin tgid 1340 1363 "android.anim" 9eda5000 14f257 1 1
    android.anim-1363  [004] ....  9362.448724: do_swap_page: swapin tgid 1340 1363 "android.anim" 145ae000 1682f2 1 1
    android.anim-1363  [004] ....  9362.448731: do_swap_page: swapin tgid 1340 1363 "android.anim" 9ec48000 178264 1 1
    android.anim-1363  [004] ....  9362.448733: do_swap_page: swapin tgid 1340 1363 "android.anim" 9ed79000 14f22b 0 1
           <...>-2713  [004] ....  9362.448777: do_swap_page: swapin tgid 2694 2713 "Binder:2694_1" 7fb9e4e000 10b4a5 1 1
           <...>-2713  [004] ....  9362.448786: do_swap_page: swapin tgid 2694 2713 "Binder:2694_1" 7fbd93d000 10b4d1 0 1
           <...>-4060  [004] ....  9362.448836: do_swap_page: swapin tgid 3135 4060 "Binder:3135_4" 7f2d62d000 197403 1 1
           <...>-4060  [004] ....  9362.448842: do_swap_page: swapin tgid 3135 4060 "Binder:3135_4" 7f2d62a000 58310 1 1
           <...>-4060  [004] d..2  9362.448844: free_swap_slot: swapfree cache 58310
           <...>-4060  [004] d..2  9362.448845: free_swap_slot: swapfree cache 5830d
           <...>-4060  [004] ....  9362.448849: do_swap_page: swapin tgid 3135 4060 "Binder:3135_4" 7fbda9d000 1974ed 0 1
           <...>-5549  [004] ....  9362.448866: do_swap_page: swapin tgid 2504 5549 "Binder:2504_4" 7f393c4000 634e6 1 1
           <...>-5549  [004] ....  9362.448873: do_swap_page: swapin tgid 2504 5549 "Binder:2504_4" 7fbe165000 67485 0 1
           <...>-2557  [004] ....  9362.448920: do_swap_page: swapin tgid 2534 2557 "Binder:2534_3" 7f393c4000 6f46e 1 1
           <...>-2557  [004] ....  9362.448928: do_swap_page: swapin tgid 2534 2557 "Binder:2534_3" 7fbe165000 6f4f4 0 1
