           <...>-2456  [004] ....  8648.385464: do_swap_page: swapin tgid 2021 2456 "Binder:2021_4" 7fbce26000 b400e 1 12
           <...>-2456  [004] ....  8648.385467: do_swap_page: swapin tgid 2021 2456 "Binder:2021_4" 7fbce22000 ec254 0 1
           <...>-5926  [004] ....  8648.385506: do_swap_page: swapin tgid 5677 5926 "Binder:5677_6" 7eb0396000 bc4fc 1 1
           <...>-5926  [004] ....  8648.385517: do_swap_page: swapin tgid 5677 5926 "Binder:5677_6" 7eb6b6c000 100e48 1 1
           <...>-5926  [004] ....  8648.385520: do_swap_page: swapin tgid 5677 5926 "Binder:5677_6" 7fbe180000 100e92 1 1
           <...>-5926  [004] d..2  8648.385523: free_swap_slot: swapfree cache 100e48
           <...>-5926  [004] ....  8648.385525: do_swap_page: swapin tgid 5677 5926 "Binder:5677_6" 7fbe1fd000 b4c08 0 1
           <...>-5615  [004] ....  8648.385545: do_swap_page: swapin tgid 5596 5615 "Binder:5596_3" 7fbce23000 a8462 1 1
           <...>-5615  [004] ....  8648.385553: do_swap_page: swapin tgid 5596 5615 "Binder:5596_3" 7fbbdb3000 fced9 1 1
           <...>-5615  [004] ....  8648.385555: do_swap_page: swapin tgid 5596 5615 "Binder:5596_3" 7f28b18000 fce87 1 1
           <...>-5615  [004] d..2  8648.385558: free_swap_slot: swapfree cache fce95
           <...>-5615  [004] ....  8648.385561: do_swap_page: swapin tgid 5596 5615 "Binder:5596_3" 7f393df000 b008a 1 7
           <...>-5615  [004] ....  8648.385589: do_swap_page: swapin tgid 5596 5615 "Binder:5596_3" 7fbe23c000 100e00 1 1
           <...>-5615  [004] .n..  8648.385604: do_swap_page: swapin tgid 5596 5615 "Binder:5596_3" 7f28b7d000 fce96 1 1
           <...>-5615  [004] d..2  8648.385609: free_swap_slot: swapfree cache fce96
           <...>-5615  [004] ....  8648.385613: do_swap_page: swapin tgid 5596 5615 "Binder:5596_3" 7f31965000 fcec9 1 1
           <...>-5615  [004] ....  8648.385620: do_swap_page: swapin tgid 5596 5615 "Binder:5596_3" 14107000 fce44 1 1
           <...>-5615  [004] ....  8648.385623: do_swap_page: swapin tgid 5596 5615 "Binder:5596_3" 7fbe286000 b8078 1 10
           <...>-5615  [004] ....  8648.385626: do_swap_page: swapin tgid 5596 5615 "Binder:5596_3" 7fbe285000 b8077 1 9
           <...>-5615  [004] ....  8648.385629: do_swap_page: swapin tgid 5596 5615 "Binder:5596_3" 7f393e0000 a8403 0 1
           <...>-2072  [004] ....  8648.385659: do_swap_page: swapin tgid 2072 2072 "droid.launcher3" 9e666000 10420f 1 1
           <...>-2072  [004] ....  8648.385666: do_swap_page: swapin tgid 2072 2072 "droid.launcher3" 9e5ea000 24dd4 0 1
           <...>-2546  [004] ....  8648.385692: do_swap_page: swapin tgid 2460 2546 "Binder:2460_3" 7f2d16b000 a4367 1 1
           <...>-2546  [004] ....  8648.385699: do_swap_page: swapin tgid 2460 2546 "Binder:2460_3" 7f39800000 a43dd 0 1
           <...>-1953  [004] ....  8648.385722: do_swap_page: swapin tgid 1921 1953 "Binder:1921_2" 7fbe20a000 902ea 1 1
           <...>-1953  [004] ....  8648.385730: do_swap_page: swapin tgid 1921 1953 "Binder:1921_2" 7fbce26000 b400e 1 11
           <...>-1953  [004] ....  8648.385732: do_swap_page: swapin tgid 1921 1953 "Binder:1921_2" 7fbce22000 90278 0 1
           <...>-2801  [004] ....  8648.385777: do_swap_page: swapin tgid 2782 2801 "Binder:2782_1" 7f39800000 dc335 1 1
           <...>-2801  [004] d..2  8648.385783: free_swap_slot: swapfree cache f4efd
           <...>-2072  [004] ....  8648.385810: do_swap_page: swapin tgid 2072 2072 "droid.launcher3" 9e5ea000 24dd4 1 1
           <...>-2072  [004] ....  8648.385817: do_swap_page: swapin tgid 2072 2072 "droid.launcher3" 9e69e000 28d1c 0 1
           <...>-2801  [004] ....  8648.385843: do_swap_page: swapin tgid 2782 2801 "Binder:2782_1" 1474b000 f4efc 1 1
           <...>-2801  [004] d..2  8648.385852: free_swap_slot: swapfree cache f4efc
           <...>-2801  [004] ....  8648.385856: do_swap_page: swapin tgid 2782 2801 "Binder:2782_1" 7f34f7e000 f8e08 1 1
           <...>-2801  [004] d..2  8648.385857: free_swap_slot: swapfree cache f8e08
           <...>-2801  [004] ....  8648.385858: do_swap_page: swapin tgid 2782 2801 "Binder:2782_1" 7f350ef000 f8e09 1 1
           <...>-2801  [004] d..2  8648.385860: free_swap_slot: swapfree cache f8e09
           <...>-2801  [004] ....  8648.385863: do_swap_page: swapin tgid 2782 2801 "Binder:2782_1" 725cd000 d43e4 0 1
           <...>-5615  [004] ....  8648.385890: do_swap_page: swapin tgid 5596 5615 "Binder:5596_3" 7f393e0000 a8403 1 1
           <...>-5615  [004] ....  8648.385915: do_swap_page: swapin tgid 5596 5615 "Binder:5596_3" 7fbe1f8000 fcef2 1 1
           <...>-5615  [004] ....  8648.385919: do_swap_page: swapin tgid 5596 5615 "Binder:5596_3" 7f2df6e000 989e0 0 1
           <...>-2527  [004] ....  8648.385963: do_swap_page: swapin tgid 6044 2527 "Binder:6044_E" 7fbe241000 84527 1 1
           <...>-2527  [004] ....  8648.385979: do_swap_page: swapin tgid 6044 2527 "Binder:6044_E" 7f31965000 154e7c 1 1
           <...>-2527  [004] ....  8648.386002: do_swap_page: swapin tgid 6044 2527 "Binder:6044_E" 13707000 108e70 1 1
           <...>-2527  [004] ....  8648.386034: do_swap_page: swapin tgid 6044 2527 "Binder:6044_E" 13cac000 11ce1d 1 1
           <...>-2527  [004] d..2  8648.386039: free_swap_slot: swapfree cache 11ce1d
 ogle.android.gm-6044  [004] ....  8648.386111: do_swap_page: swapin tgid 6044 6044 "ogle.android.gm" 13b13000 114e84 1 1
 ogle.android.gm-6044  [004] ....  8648.386119: do_swap_page: swapin tgid 6044 6044 "ogle.android.gm" 13b12000 114e83 1 1
 ogle.android.gm-6044  [004] ....  8648.386150: do_swap_page: swapin tgid 6044 6044 "ogle.android.gm" 13772000 108edb 1 1
 ogle.android.gm-6044  [004] d..2  8648.386154: free_swap_slot: swapfree cache 108eb1
 ogle.android.gm-6044  [004] ....  8648.386183: do_swap_page: swapin tgid 6044 6044 "ogle.android.gm" 7fbe178000 158e69 1 1
 ogle.android.gm-6044  [004] d..2  8648.386186: free_swap_slot: swapfree cache 158e69
           <...>-5615  [004] ....  8648.386215: do_swap_page: swapin tgid 5596 5615 "Binder:5596_3" 7f2df6e000 989e0 1 1
           <...>-5615  [004] ....  8648.386224: do_swap_page: swapin tgid 5596 5615 "Binder:5596_3" 14100000 fce41 1 1
           <...>-5615  [004] ....  8648.386227: do_swap_page: swapin tgid 5596 5615 "Binder:5596_3" 14117000 fce48 1 1
           <...>-5615  [004] d..2  8648.386232: free_swap_slot: swapfree cache fce87
           <...>-5615  [004] ....  8648.386235: do_swap_page: swapin tgid 5596 5615 "Binder:5596_3" 7fbe24e000 ac402 0 1
           <...>-3592  [004] ....  8648.386259: do_swap_page: swapin tgid 2551 3592 "Binder:2551_8" 7fbe24e000 909ac 1 1
           <...>-3592  [004] ....  8648.386273: do_swap_page: swapin tgid 2551 3592 "Binder:2551_8" 7fbdd33000 f4e9a 1 1
           <...>-3592  [004] d..2  8648.386275: free_swap_slot: swapfree cache f4e9a
           <...>-3592  [004] ....  8648.386278: do_swap_page: swapin tgid 2551 3592 "Binder:2551_8" 7f29efd000 f4e92 1 1
           <...>-3592  [004] d..2  8648.386280: free_swap_slot: swapfree cache f4e92
           <...>-3592  [004] ....  8648.386282: do_swap_page: swapin tgid 2551 3592 "Binder:2551_8" 12d00000 f4e8a 1 1
           <...>-3592  [004] d..2  8648.386282: free_swap_slot: swapfree cache f4e8a
           <...>-3592  [004] d..2  8648.386284: free_swap_slot: swapfree cache f4e8d
           <...>-3592  [004] ....  8648.386287: do_swap_page: swapin tgid 2551 3592 "Binder:2551_8" 7f34f78000 f4e97 1 1
           <...>-3592  [004] d..2  8648.386288: free_swap_slot: swapfree cache f4e97
           <...>-3592  [004] ....  8648.386290: do_swap_page: swapin tgid 2551 3592 "Binder:2551_8" 12d43000 f4e8b 1 1
           <...>-3592  [004] d..2  8648.386291: free_swap_slot: swapfree cache f4e8b
           <...>-3592  [004] ....  8648.386295: do_swap_page: swapin tgid 2551 3592 "Binder:2551_8" 7fbe1e7000 909a1 0 1
 ogle.android.gm-6044  [004] ....  8648.386427: do_swap_page: swapin tgid 6044 6044 "ogle.android.gm" 13c9f000 11ce10 1 1
 ogle.android.gm-6044  [004] ....  8648.386460: do_swap_page: swapin tgid 6044 6044 "ogle.android.gm" 13598000 104e40 1 1
 ogle.android.gm-6044  [004] ....  8648.386466: do_swap_page: swapin tgid 6044 6044 "ogle.android.gm" 7fbc123000 158e3c 1 1
 ogle.android.gm-6044  [004] d..2  8648.386474: free_swap_slot: swapfree cache 158e3c
 ogle.android.gm-6044  [004] ....  8648.386488: do_swap_page: swapin tgid 6044 6044 "ogle.android.gm" 7fffffa000 158edd 1 1
 ogle.android.gm-6044  [004] ....  8648.386499: do_swap_page: swapin tgid 6044 6044 "ogle.android.gm" 13b88000 114ef9 1 1
 ogle.android.gm-6044  [004] ....  8648.386502: do_swap_page: swapin tgid 6044 6044 "ogle.android.gm" 13726000 108e8f 1 1
 ogle.android.gm-6044  [004] ....  8648.386509: do_swap_page: swapin tgid 6044 6044 "ogle.android.gm" 7f1f7c4000 148ec5 1 1
 ogle.android.gm-6044  [004] ....  8648.386519: do_swap_page: swapin tgid 6044 6044 "ogle.android.gm" 7e69c6e000 134e0b 1 1
 ogle.android.gm-6044  [004] ....  8648.386521: do_swap_page: swapin tgid 6044 6044 "ogle.android.gm" 13b86000 114ef7 1 1
 ogle.android.gm-6044  [004] ....  8648.386527: do_swap_page: swapin tgid 6044 6044 "ogle.android.gm" 7e69c6f000 134e0c 1 1
 ogle.android.gm-6044  [004] ....  8648.386530: do_swap_page: swapin tgid 6044 6044 "ogle.android.gm" 1370a000 108e73 1 1
 ogle.android.gm-6044  [004] ....  8648.386532: do_swap_page: swapin tgid 6044 6044 "ogle.android.gm" 1371c000 108e85 1 1
 ogle.android.gm-6044  [004] ....  8648.386536: do_swap_page: swapin tgid 6044 6044 "ogle.android.gm" 13735000 108e9e 1 1
 ogle.android.gm-6044  [004] ....  8648.386540: do_swap_page: swapin tgid 6044 6044 "ogle.android.gm" 7f20d5b000 148ee2 1 1
 ogle.android.gm-6044  [004] d..2  8648.386554: free_swap_slot: swapfree cache 114ef1
           <...>-5615  [004] ....  8648.386579: do_swap_page: swapin tgid 5596 5615 "Binder:5596_3" 7fbe24e000 ac402 1 1
           <...>-5615  [004] ....  8648.386590: do_swap_page: swapin tgid 5596 5615 "Binder:5596_3" 7f31454000 fcec8 1 1
           <...>-5615  [004] d..2  8648.386593: free_swap_slot: swapfree cache fcec8
           <...>-5615  [004] ....  8648.386594: do_swap_page: swapin tgid 5596 5615 "Binder:5596_3" 7f2df6f000 fcec4 1 1
           <...>-5615  [004] d..2  8648.386595: free_swap_slot: swapfree cache fcec4
           <...>-5615  [004] ....  8648.386597: do_swap_page: swapin tgid 5596 5615 "Binder:5596_3" 12d80000 fce40 1 1
           <...>-5615  [004] d..2  8648.386599: free_swap_slot: swapfree cache fce40
           <...>-5615  [004] d..2  8648.386601: free_swap_slot: swapfree cache fce48
           <...>-5615  [004] ....  8648.386604: do_swap_page: swapin tgid 5596 5615 "Binder:5596_3" 7f34f7d000 fcecb 1 1
           <...>-5615  [004] d..2  8648.386605: free_swap_slot: swapfree cache fcecb
           <...>-5615  [004] ....  8648.386606: do_swap_page: swapin tgid 5596 5615 "Binder:5596_3" 14104000 fce42 1 1
           <...>-5615  [004] d..2  8648.386607: free_swap_slot: swapfree cache fce42
           <...>-5615  [004] ....  8648.386612: do_swap_page: swapin tgid 5596 5615 "Binder:5596_3" 7fbe1e7000 a84d9 0 1
           <...>-5615  [004] ....  8648.386821: do_swap_page: swapin tgid 5596 5615 "Binder:5596_3" 7fbe1e7000 a84d9 1 1
           <...>-5615  [004] ....  8648.386828: do_swap_page: swapin tgid 5596 5615 "Binder:5596_3" 7fbe17f000 2468b 0 1
           <...>-2072  [004] ....  8648.386858: do_swap_page: swapin tgid 2072 2072 "droid.launcher3" 9e69e000 28d1c 1 1
           <...>-2072  [004] ....  8648.386868: do_swap_page: swapin tgid 2072 2072 "droid.launcher3" 9e5ba000 24db9 0 1
 ogle.android.gm-6044  [004] ....  8648.386958: do_swap_page: swapin tgid 6044 6044 "ogle.android.gm" 7e69c6b000 c527 0 1
           <...>-3592  [004] ....  8648.387008: do_swap_page: swapin tgid 2551 3592 "Binder:2551_8" 7fbe1e7000 909a1 1 1
           <...>-3592  [004] ....  8648.387013: do_swap_page: swapin tgid 2551 3592 "Binder:2551_8" 7fbe17f000 e8dd0 0 1
           <...>-5615  [004] ....  8648.387058: do_swap_page: swapin tgid 5596 5615 "Binder:5596_3" 7fbe17f000 2468b 1 1
           <...>-5615  [004] ....  8648.387064: do_swap_page: swapin tgid 5596 5615 "Binder:5596_3" 7fbe20a000 a84e4 0 1
           <...>-2072  [004] ....  8648.387091: do_swap_page: swapin tgid 2072 2072 "droid.launcher3" 9e5ba000 24db9 1 1
           <...>-2072  [004] ....  8648.387096: do_swap_page: swapin tgid 2072 2072 "droid.launcher3" 9e6e7000 104290 0 1
           <...>-2219  [004] ....  8648.387119: do_swap_page: swapin tgid 1876 2219 "Binder:1876_4" 7fbe17f000 80210 1 1
           <...>-2219  [004] ....  8648.387127: do_swap_page: swapin tgid 1876 2219 "Binder:1876_4" 7fbe20a000 8023f 0 1
           <...>-2545  [004] ....  8648.387154: do_swap_page: swapin tgid 2514 2545 "Binder:2514_2" 7fbce22000 bc3f3 1 1
           <...>-2545  [004] ....  8648.387163: do_swap_page: swapin tgid 2514 2545 "Binder:2514_2" 7f2895d000 f4e77 1 1
           <...>-2545  [004] ....  8648.387165: do_swap_page: swapin tgid 2514 2545 "Binder:2514_2" 7f2895e000 f4e78 1 1
           <...>-2545  [004] d..2  8648.387167: free_swap_slot: swapfree cache f4e77
           <...>-2545  [004] ....  8648.387169: do_swap_page: swapin tgid 2514 2545 "Binder:2514_2" 7f2d65e000 f4e81 1 1
           <...>-2545  [004] d..2  8648.387170: free_swap_slot: swapfree cache f4e81
           <...>-2545  [004] ....  8648.387175: do_swap_page: swapin tgid 2514 2545 "Binder:2514_2" 7f2d61e000 f4e7b 1 1
           <...>-2545  [004] d..2  8648.387176: free_swap_slot: swapfree cache f4e7b
           <...>-2545  [004] ....  8648.387178: do_swap_page: swapin tgid 2514 2545 "Binder:2514_2" 7f2d16b000 bc355 0 1
           <...>-5615  [004] ....  8648.387218: do_swap_page: swapin tgid 5596 5615 "Binder:5596_3" 7fbe20a000 a84e4 1 1
           <...>-5615  [004] ....  8648.387225: do_swap_page: swapin tgid 5596 5615 "Binder:5596_3" 7fbce26000 b400e 1 10
           <...>-5615  [004] ....  8648.387227: do_swap_page: swapin tgid 5596 5615 "Binder:5596_3" 7fbce22000 108dc2 0 1
           <...>-2072  [004] ....  8648.387270: do_swap_page: swapin tgid 2072 2072 "droid.launcher3" 9e6e7000 104290 1 1
           <...>-2072  [004] d..2  8648.387286: free_swap_slot: swapfree cache 70e03
           <...>-2072  [004] ....  8648.387288: do_swap_page: swapin tgid 2072 2072 "droid.launcher3" 9e5e6000 24dd2 0 1
           <...>-5427  [004] ....  8648.387315: do_swap_page: swapin tgid 2484 5427 "Binder:2484_5" 7f39800000 b4338 1 1
           <...>-5427  [004] d..2  8648.387322: free_swap_slot: swapfree cache f4e70
           <...>-5427  [004] ....  8648.387327: do_swap_page: swapin tgid 2484 5427 "Binder:2484_5" 7f395f0000 b4336 0 1
           <...>-2546  [004] ....  8648.387378: do_swap_page: swapin tgid 2460 2546 "Binder:2460_3" 7f39800000 a43dd 1 1
           <...>-2546  [004] d..2  8648.387385: free_swap_slot: swapfree cache f4e4d
           <...>-2546  [004] ....  8648.387392: do_swap_page: swapin tgid 2460 2546 "Binder:2460_3" 14750000 f4e4b 1 1
           <...>-2546  [004] d..2  8648.387394: free_swap_slot: swapfree cache f4e4b
           <...>-2546  [004] ....  8648.387397: do_swap_page: swapin tgid 2460 2546 "Binder:2460_3" 7f34f7e000 f4e5b 1 1
           <...>-2546  [004] d..2  8648.387398: free_swap_slot: swapfree cache f4e5b
           <...>-2546  [004] ....  8648.387399: do_swap_page: swapin tgid 2460 2546 "Binder:2460_3" 7f350ef000 f4e5c 1 1
           <...>-2546  [004] d..2  8648.387401: free_swap_slot: swapfree cache f4e5c
           <...>-2546  [004] ....  8648.387404: do_swap_page: swapin tgid 2460 2546 "Binder:2460_3" 725cd000 a03a1 0 1
           <...>-2456  [004] ....  8648.387433: do_swap_page: swapin tgid 2021 2456 "Binder:2021_4" 7fbce22000 ec254 1 1
           <...>-2456  [004] ....  8648.387440: do_swap_page: swapin tgid 2021 2456 "Binder:2021_4" 7fbe316000 6ce34 1 1
           <...>-2456  [004] ....  8648.387444: do_swap_page: swapin tgid 2021 2456 "Binder:2021_4" 7f28bc9000 6ce24 1 1
           <...>-2456  [004] d..2  8648.387446: free_swap_slot: swapfree cache 6ce34
           <...>-2456  [004] ....  8648.387448: do_swap_page: swapin tgid 2021 2456 "Binder:2021_4" 7f2d674000 6ce2a 1 1
           <...>-2456  [004] d..2  8648.387471: free_swap_slot: swapfree cache 6ce2a
           <...>-2456  [004] ....  8648.387476: do_swap_page: swapin tgid 2021 2456 "Binder:2021_4" 7f2d770000 6ce2e 1 1
           <...>-2456  [004] d..2  8648.387477: free_swap_slot: swapfree cache 6ce2e
           <...>-2456  [004] ....  8648.387481: do_swap_page: swapin tgid 2021 2456 "Binder:2021_4" 7f2d16b000 e42d7 0 1
           <...>-2072  [004] ....  8648.387511: do_swap_page: swapin tgid 2072 2072 "droid.launcher3" 9e5e6000 24dd2 1 1
           <...>-2072  [004] ....  8648.387518: do_swap_page: swapin tgid 2072 2072 "droid.launcher3" 13cdf000 70e0c 1 1
           <...>-2072  [004] ....  8648.387522: do_swap_page: swapin tgid 2072 2072 "droid.launcher3" 9e60c000 24de8 0 1
 ogle.android.gm-6044  [004] ....  8648.387580: do_swap_page: swapin tgid 6044 6044 "ogle.android.gm" 7e69c6b000 c527 1 1
 ogle.android.gm-6044  [004] ....  8648.387605: do_swap_page: swapin tgid 6044 6044 "ogle.android.gm" 1372e000 108e97 1 1
 ogle.android.gm-6044  [004] ....  8648.387608: do_swap_page: swapin tgid 6044 6044 "ogle.android.gm" 1371a000 108e83 1 1
           <...>-5615  [004] ....  8648.387640: do_swap_page: swapin tgid 5596 5615 "Binder:5596_3" 7fbce22000 108dc2 1 1
           <...>-5615  [004] ....  8648.387646: do_swap_page: swapin tgid 5596 5615 "Binder:5596_3" 7f2895f000 fce79 1 1
           <...>-5615  [004] ....  8648.387649: do_swap_page: swapin tgid 5596 5615 "Binder:5596_3" 7f28b1c000 fce8b 1 1
           <...>-5615  [004] d..2  8648.387651: free_swap_slot: swapfree cache fce79
           <...>-5615  [004] ....  8648.387654: do_swap_page: swapin tgid 5596 5615 "Binder:5596_3" 7fbe1d3000 fceef 1 1
           <...>-5615  [004] d..2  8648.387654: free_swap_slot: swapfree cache fceef
           <...>-5615  [004] ....  8648.387657: do_swap_page: swapin tgid 5596 5615 "Binder:5596_3" 7f28b55000 fce93 1 1
           <...>-5615  [004] d..2  8648.387658: free_swap_slot: swapfree cache fce93
           <...>-5615  [004] ....  8648.387691: do_swap_page: swapin tgid 5596 5615 "Binder:5596_3" 7f2d145000 989b7 0 1
           <...>-5463  [004] ....  8648.387715: do_swap_page: swapin tgid 3185 5463 "Binder:3185_6" 7fbbdb3000 68733 1 1
           <...>-5463  [004] ....  8648.387720: do_swap_page: swapin tgid 3185 5463 "Binder:3185_6" 7f2d619000 f8e18 1 1
           <...>-5463  [004] d..2  8648.387741: free_swap_slot: swapfree cache f8e1d
           <...>-5463  [004] ....  8648.387743: do_swap_page: swapin tgid 3185 5463 "Binder:3185_6" 7f393df000 b008a 1 6
           <...>-5463  [004] ....  8648.387747: do_swap_page: swapin tgid 3185 5463 "Binder:3185_6" 7fbe23c000 68739 0 1
           <...>-2072  [004] ....  8648.387765: do_swap_page: swapin tgid 2072 2072 "droid.launcher3" 9e60c000 24de8 1 1
           <...>-2072  [004] ....  8648.387770: do_swap_page: swapin tgid 2072 2072 "droid.launcher3" 9e6fc000 1042a5 0 1
           <...>-5615  [004] ....  8648.387809: do_swap_page: swapin tgid 5596 5615 "Binder:5596_3" 7f2d145000 989b7 1 1
           <...>-5615  [004] ....  8648.387817: do_swap_page: swapin tgid 5596 5615 "Binder:5596_3" 7f39800000 989ef 0 1
 ogle.android.gm-6044  [004] ....  8648.387939: do_swap_page: swapin tgid 6044 6044 "ogle.android.gm" 7f20d4e000 148edc 1 1
 ogle.android.gm-6044  [004] d..2  8648.387969: free_swap_slot: swapfree cache 148edc
           <...>-2072  [004] ....  8648.387996: do_swap_page: swapin tgid 2072 2072 "droid.launcher3" 9e6fc000 1042a5 1 1
           <...>-2072  [004] ....  8648.388002: do_swap_page: swapin tgid 2072 2072 "droid.launcher3" 9e6e1000 10428a 0 1
           <...>-5615  [004] ....  8648.388027: do_swap_page: swapin tgid 5596 5615 "Binder:5596_3" 7f39800000 989ef 1 1
           <...>-5615  [004] d..2  8648.388033: free_swap_slot: swapfree cache fce8b
           <...>-5615  [004] ....  8648.388037: do_swap_page: swapin tgid 5596 5615 "Binder:5596_3" 7f395f0000 a8406 0 1
           <...>-5463  [004] ....  8648.388192: do_swap_page: swapin tgid 3185 5463 "Binder:3185_6" 7fbe23c000 68739 1 1
           <...>-5463  [004] .n..  8648.388221: do_swap_page: swapin tgid 3185 5463 "Binder:3185_6" 7f31965000 68730 0 1
           <...>-2072  [004] ....  8648.388244: do_swap_page: swapin tgid 2072 2072 "droid.launcher3" 9e6e1000 10428a 1 1
           <...>-2072  [004] ....  8648.388251: do_swap_page: swapin tgid 2072 2072 "droid.launcher3" 13ccd000 70e06 1 1
           <...>-2072  [004] ....  8648.388255: do_swap_page: swapin tgid 2072 2072 "droid.launcher3" 9e63d000 24df4 0 1
           <...>-5615  [004] ....  8648.388283: do_swap_page: swapin tgid 5596 5615 "Binder:5596_3" 7f395f0000 a8406 1 1
           <...>-5615  [004] ....  8648.388292: do_swap_page: swapin tgid 5596 5615 "Binder:5596_3" 14101000 108d1c 0 1
 ogle.android.gm-6044  [004] d..2  8648.388448: free_swap_slot: swapfree cache 158e75
 ogle.android.gm-6044  [004] ....  8648.388454: do_swap_page: swapin tgid 6044 6044 "ogle.android.gm" 7fbe1f5000 805fd 0 1
           <...>-2072  [004] ....  8648.388475: do_swap_page: swapin tgid 2072 2072 "droid.launcher3" 9e63d000 24df4 1 1
           <...>-2072  [004] ....  8648.388481: do_swap_page: swapin tgid 2072 2072 "droid.launcher3" 9e694000 10423d 0 1
           <...>-5615  [004] ....  8648.388505: do_swap_page: swapin tgid 5596 5615 "Binder:5596_3" 14101000 108d1c 1 1
           <...>-5615  [004] ....  8648.388511: do_swap_page: swapin tgid 5596 5615 "Binder:5596_3" 14114000 fce47 1 1
           <...>-5615  [004] d..2  8648.388514: free_swap_slot: swapfree cache fce47
           <...>-5615  [004] ....  8648.388521: do_swap_page: swapin tgid 5596 5615 "Binder:5596_3" 12c4a000 fce38 1 1
           <...>-5615  [004] ....  8648.388523: do_swap_page: swapin tgid 5596 5615 "Binder:5596_3" 7f350ef000 fcecc 1 1
           <...>-5615  [004] d..2  8648.388525: free_swap_slot: swapfree cache fcecc
           <...>-5615  [004] d..2  8648.388526: free_swap_slot: swapfree cache fce38
           <...>-5615  [004] ....  8648.388527: do_swap_page: swapin tgid 5596 5615 "Binder:5596_3" 7f34f78000 fceca 1 1
           <...>-5615  [004] d..2  8648.388528: free_swap_slot: swapfree cache fceca
           <...>-5615  [004] d..2  8648.388533: free_swap_slot: swapfree cache fce41
           <...>-5615  [004] ....  8648.388535: do_swap_page: swapin tgid 5596 5615 "Binder:5596_3" 7f2d611000 fcea4 1 1
           <...>-5615  [004] ....  8648.388538: do_swap_page: swapin tgid 5596 5615 "Binder:5596_3" 7fbe22e000 fcefd 1 1
           <...>-5615  [004] ....  8648.388553: do_swap_page: swapin tgid 5596 5615 "Binder:5596_3" 725cd000 108d24 0 1
           <...>-5596  [004] ....  8648.388579: do_swap_page: swapin tgid 5596 5596 "droid.bluetooth" 7fffffd000 100e0b 1 1
           <...>-5596  [004] d..2  8648.388581: free_swap_slot: swapfree cache 100e0b
           <...>-5596  [004] d..2  8648.388585: free_swap_slot: swapfree cache fcefd
           <...>-5596  [004] ....  8648.388590: do_swap_page: swapin tgid 5596 5596 "droid.bluetooth" 7fbe491000 ac44f 0 1
           <...>-2242  [004] ....  8648.388613: do_swap_page: swapin tgid 1774 2242 "ScreenDecoratio" 7f28efc000 1e0820 0 1
           <...>-2072  [004] ....  8648.388656: do_swap_page: swapin tgid 2072 2072 "droid.launcher3" 9e694000 10423d 1 1
           <...>-2072  [004] ....  8648.388666: do_swap_page: swapin tgid 2072 2072 "droid.launcher3" 9e665000 10420e 0 1
           <...>-5615  [004] ....  8648.388712: do_swap_page: swapin tgid 5596 5615 "Binder:5596_3" 725cd000 108d24 1 1
           <...>-5463  [004] ....  8648.388775: do_swap_page: swapin tgid 3185 5463 "Binder:3185_6" 7f31965000 68730 1 1
           <...>-5463  [004] ....  8648.388803: do_swap_page: swapin tgid 3185 5463 "Binder:3185_6" 12c89000 1703c7 0 1
           <...>-5596  [004] ....  8648.388820: do_swap_page: swapin tgid 5596 5596 "droid.bluetooth" 7fbe491000 ac44f 1 1
           <...>-5596  [004] d..2  8648.388845: free_swap_slot: swapfree cache fcea4
           <...>-5596  [004] ....  8648.388865: do_swap_page: swapin tgid 5596 5596 "droid.bluetooth" 7fbe1a2000 fcee6 1 1
           <...>-5596  [004] d..2  8648.388868: free_swap_slot: swapfree cache fcee6
           <...>-5596  [004] ....  8648.388869: do_swap_page: swapin tgid 5596 5596 "droid.bluetooth" 7fbe1a3000 fcee7 1 1
           <...>-5596  [004] d..2  8648.388874: free_swap_slot: swapfree cache fcee7
           <...>-5596  [004] ....  8648.388876: do_swap_page: swapin tgid 5596 5596 "droid.bluetooth" 7fbe25a000 100e02 1 1
           <...>-5596  [004] d..2  8648.388878: free_swap_slot: swapfree cache 100e02
           <...>-5596  [004] ....  8648.388883: do_swap_page: swapin tgid 5596 5596 "droid.bluetooth" 7fffffb000 ac490 0 1
           <...>-2072  [004] ....  8648.388907: do_swap_page: swapin tgid 2072 2072 "droid.launcher3" 9e665000 10420e 1 1
           <...>-2072  [004] ....  8648.388915: do_swap_page: swapin tgid 2072 2072 "droid.launcher3" 9e65e000 28d15 0 1
           <...>-1955  [004] ....  8648.388942: do_swap_page: swapin tgid 1955 1955 "m.android.phone" 7fbe243000 dc285 1 1
           <...>-1955  [004] ....  8648.388951: do_swap_page: swapin tgid 1955 1955 "m.android.phone" 7fbe211000 dc262 0 1
           <...>-1953  [004] ....  8648.388985: do_swap_page: swapin tgid 1921 1953 "Binder:1921_2" 7fbce22000 90278 1 1
           <...>-1953  [004] ....  8648.388995: do_swap_page: swapin tgid 1921 1953 "Binder:1921_2" 7f2895d000 64ecf 1 1
           <...>-1953  [004] ....  8648.388997: do_swap_page: swapin tgid 1921 1953 "Binder:1921_2" 7f2895e000 64ed0 1 1
           <...>-1953  [004] d..2  8648.389000: free_swap_slot: swapfree cache 64ecf
           <...>-1953  [004] ....  8648.389002: do_swap_page: swapin tgid 1921 1953 "Binder:1921_2" 7f2d674000 64ed8 1 1
           <...>-1953  [004] d..2  8648.389003: free_swap_slot: swapfree cache 64ed8
           <...>-1953  [004] ....  8648.389008: do_swap_page: swapin tgid 1921 1953 "Binder:1921_2" 7f2d61e000 64ed3 1 1
           <...>-1953  [004] d..2  8648.389009: free_swap_slot: swapfree cache 64ed3
           <...>-1953  [004] ....  8648.389013: do_swap_page: swapin tgid 1921 1953 "Binder:1921_2" 7f2d16b000 8c28e 0 1
           <...>-5596  [004] ....  8648.389057: do_swap_page: swapin tgid 5596 5596 "droid.bluetooth" 7fffffb000 ac490 1 1
           <...>-5596  [004] ....  8648.389065: do_swap_page: swapin tgid 5596 5596 "droid.bluetooth" 725af000 9843d 0 1
           <...>-2072  [004] ....  8648.389104: do_swap_page: swapin tgid 2072 2072 "droid.launcher3" 9e65e000 28d15 1 1
           <...>-2072  [004] ....  8648.389109: do_swap_page: swapin tgid 2072 2072 "droid.launcher3" 9e65d000 28d14 0 1
           <...>-2219  [004] ....  8648.389137: do_swap_page: swapin tgid 1876 2219 "Binder:1876_4" 7fbe20a000 8023f 1 1
           <...>-2219  [004] ....  8648.389146: do_swap_page: swapin tgid 1876 2219 "Binder:1876_4" 7fbce26000 b400e 1 9
           <...>-2219  [004] ....  8648.389150: do_swap_page: swapin tgid 1876 2219 "Binder:1876_4" 7fbce22000 14da4 0 1
           <...>-1358  [004] ....  8648.389178: do_swap_page: swapin tgid 1335 1358 "android.display" 7e67e12000 1246f5 1 1
           <...>-2072  [004] ....  8648.389343: do_swap_page: swapin tgid 2072 2072 "droid.launcher3" 9e65d000 28d14 1 1
           <...>-2072  [004] ....  8648.389348: do_swap_page: swapin tgid 2072 2072 "droid.launcher3" 9e6b4000 10425d 0 1
           <...>-2072  [004] ....  8648.389479: do_swap_page: swapin tgid 2072 2072 "droid.launcher3" 9e6b4000 10425d 1 1
           <...>-2072  [004] ....  8648.389487: do_swap_page: swapin tgid 2072 2072 "droid.launcher3" 9e5ed000 100296 0 1
           <...>-6222  [004] ....  8648.389563: do_swap_page: swapin tgid 6204 6222 "Binder:6204_2" e5336000 15ce5c 1 1
           <...>-6222  [004] d..2  8648.389566: free_swap_slot: swapfree cache 15ce5c
           <...>-6222  [004] ....  8648.389576: do_swap_page: swapin tgid 6204 6222 "Binder:6204_2" cd4c5000 15ce38 1 1
           <...>-6222  [004] d..2  8648.389577: free_swap_slot: swapfree cache 15ce38
           <...>-6222  [004] ....  8648.389585: do_swap_page: swapin tgid 6204 6222 "Binder:6204_2" f5906000 15ce87 1 1
           <...>-6222  [004] ....  8648.389589: do_swap_page: swapin tgid 6204 6222 "Binder:6204_2" f7a7d000 15ceaa 1 1
           <...>-6222  [004] ....  8648.389598: do_swap_page: swapin tgid 6204 6222 "Binder:6204_2" e5300000 885b4 0 1
           <...>-2528  [004] ....  8648.389677: do_swap_page: swapin tgid 6278 2528 "Binder:6278_8" 7fbd035000 160e17 1 1
           <...>-2528  [004] d..2  8648.389687: swapcache_free_entries: swapfree direct f4e42
           <...>-2528  [004] d..3  8648.389687: swapcache_free_entries: swapfree direct f4e39
           <...>-2528  [004] d..3  8648.389688: swapcache_free_entries: swapfree direct f4e90
           <...>-2528  [004] d..3  8648.389689: swapcache_free_entries: swapfree direct 68ef9
           <...>-2528  [004] d..3  8648.389690: swapcache_free_entries: swapfree direct 100e48
           <...>-2528  [004] d..3  8648.389690: swapcache_free_entries: swapfree direct fce95
           <...>-2528  [004] d..3  8648.389691: swapcache_free_entries: swapfree direct fce96
           <...>-2528  [004] d..3  8648.389691: swapcache_free_entries: swapfree direct f4efd
           <...>-2528  [004] d..3  8648.389692: swapcache_free_entries: swapfree direct f4efc
           <...>-2528  [004] d..3  8648.389692: swapcache_free_entries: swapfree direct f8e08
           <...>-2528  [004] d..3  8648.389693: swapcache_free_entries: swapfree direct f8e09
           <...>-2528  [004] d..3  8648.389694: swapcache_free_entries: swapfree direct 11ce1d
           <...>-2528  [004] d..3  8648.389695: swapcache_free_entries: swapfree direct 108eb1
           <...>-2528  [004] d..3  8648.389696: swapcache_free_entries: swapfree direct 158e69
           <...>-2528  [004] d..3  8648.389697: swapcache_free_entries: swapfree direct fce87
           <...>-2528  [004] d..3  8648.389697: swapcache_free_entries: swapfree direct f4e9a
           <...>-2528  [004] d..3  8648.389698: swapcache_free_entries: swapfree direct f4e92
           <...>-2528  [004] d..3  8648.389698: swapcache_free_entries: swapfree direct f4e8a
           <...>-2528  [004] d..3  8648.389699: swapcache_free_entries: swapfree direct f4e8d
           <...>-2528  [004] d..3  8648.389699: swapcache_free_entries: swapfree direct f4e97
           <...>-2528  [004] d..3  8648.389699: swapcache_free_entries: swapfree direct f4e8b
           <...>-2528  [004] d..3  8648.389700: swapcache_free_entries: swapfree direct 158e3c
           <...>-2528  [004] d..3  8648.389701: swapcache_free_entries: swapfree direct 114ef1
           <...>-2528  [004] d..3  8648.389701: swapcache_free_entries: swapfree direct fcec8
           <...>-2528  [004] d..3  8648.389702: swapcache_free_entries: swapfree direct fcec4
           <...>-2528  [004] d..3  8648.389702: swapcache_free_entries: swapfree direct fce40
           <...>-2528  [004] d..3  8648.389703: swapcache_free_entries: swapfree direct fce48
           <...>-2528  [004] d..3  8648.389703: swapcache_free_entries: swapfree direct fcecb
           <...>-2528  [004] d..3  8648.389703: swapcache_free_entries: swapfree direct fce42
           <...>-2528  [004] d..3  8648.389704: swapcache_free_entries: swapfree direct f4e77
           <...>-2528  [004] d..3  8648.389704: swapcache_free_entries: swapfree direct f4e81
           <...>-2528  [004] d..3  8648.389705: swapcache_free_entries: swapfree direct f4e7b
           <...>-2528  [004] d..3  8648.389705: swapcache_free_entries: swapfree direct 70e03
           <...>-2528  [004] d..3  8648.389706: swapcache_free_entries: swapfree direct f4e70
           <...>-2528  [004] d..3  8648.389706: swapcache_free_entries: swapfree direct f4e4d
           <...>-2528  [004] d..3  8648.389707: swapcache_free_entries: swapfree direct f4e4b
           <...>-2528  [004] d..3  8648.389707: swapcache_free_entries: swapfree direct f4e5b
           <...>-2528  [004] d..3  8648.389707: swapcache_free_entries: swapfree direct f4e5c
           <...>-2528  [004] d..3  8648.389708: swapcache_free_entries: swapfree direct 6ce34
           <...>-2528  [004] d..3  8648.389708: swapcache_free_entries: swapfree direct 6ce2a
           <...>-2528  [004] d..3  8648.389709: swapcache_free_entries: swapfree direct 6ce2e
           <...>-2528  [004] d..3  8648.389709: swapcache_free_entries: swapfree direct fce79
           <...>-2528  [004] d..3  8648.389710: swapcache_free_entries: swapfree direct fceef
           <...>-2528  [004] d..3  8648.389710: swapcache_free_entries: swapfree direct fce93
           <...>-2528  [004] d..3  8648.389710: swapcache_free_entries: swapfree direct f8e1d
           <...>-2528  [004] d..3  8648.389711: swapcache_free_entries: swapfree direct 148edc
           <...>-2528  [004] d..3  8648.389712: swapcache_free_entries: swapfree direct fce8b
           <...>-2528  [004] d..3  8648.389712: swapcache_free_entries: swapfree direct 158e75
           <...>-2528  [004] d..3  8648.389712: swapcache_free_entries: swapfree direct fce47
           <...>-2528  [004] d..3  8648.389713: swapcache_free_entries: swapfree direct fcecc
           <...>-2528  [004] d..3  8648.389713: swapcache_free_entries: swapfree direct fce38
           <...>-2528  [004] d..3  8648.389714: swapcache_free_entries: swapfree direct fceca
           <...>-2528  [004] d..3  8648.389714: swapcache_free_entries: swapfree direct fce41
           <...>-2528  [004] d..3  8648.389714: swapcache_free_entries: swapfree direct 100e0b
           <...>-2528  [004] d..3  8648.389715: swapcache_free_entries: swapfree direct fcefd
           <...>-2528  [004] d..3  8648.389715: swapcache_free_entries: swapfree direct fcea4
           <...>-2528  [004] d..3  8648.389716: swapcache_free_entries: swapfree direct fcee6
           <...>-2528  [004] d..3  8648.389716: swapcache_free_entries: swapfree direct fcee7
           <...>-2528  [004] d..3  8648.389716: swapcache_free_entries: swapfree direct 100e02
           <...>-2528  [004] d..3  8648.389717: swapcache_free_entries: swapfree direct 64ecf
           <...>-2528  [004] d..3  8648.389717: swapcache_free_entries: swapfree direct 64ed8
           <...>-2528  [004] d..3  8648.389718: swapcache_free_entries: swapfree direct 64ed3
           <...>-2528  [004] d..3  8648.389718: swapcache_free_entries: swapfree direct 15ce5c
           <...>-2528  [004] d..3  8648.389719: swapcache_free_entries: swapfree direct 15ce38
           <...>-2528  [004] d..2  8648.389720: free_swap_slot: swapfree cache 160e17
           <...>-2528  [004] ....  8648.389736: do_swap_page: swapin tgid 6278 2528 "Binder:6278_8" 7fbd034000 174dc9 1 1
           <...>-2528  [004] d..2  8648.389738: free_swap_slot: swapfree cache 174dc9
           <...>-2528  [004] ....  8648.389740: do_swap_page: swapin tgid 6278 2528 "Binder:6278_8" 7fbd036000 174dcb 1 1
           <...>-2528  [004] d..2  8648.389743: free_swap_slot: swapfree cache 174dcb
           <...>-2528  [004] ....  8648.389752: do_swap_page: swapin tgid 6278 2528 "Binder:6278_8" 7f28b03000 174d1e 1 1
           <...>-2528  [004] d..2  8648.389753: free_swap_slot: swapfree cache 174d1e
           <...>-2528  [004] d..2  8648.389757: free_swap_slot: swapfree cache 160e34
           <...>-2528  [004] ....  8648.389759: do_swap_page: swapin tgid 6278 2528 "Binder:6278_8" 7fbe241000 a051c 0 1
           <...>-28276 [004] ....  8648.389784: do_swap_page: swapin tgid 14299 28276 "Binder:14299_6" 7f28bc9000 160e45 1 1
           <...>-28276 [004] d..2  8648.389787: free_swap_slot: swapfree cache 160e45
           <...>-28276 [004] ....  8648.389792: do_swap_page: swapin tgid 14299 28276 "Binder:14299_6" 7f29dd5000 160e47 1 1
           <...>-28276 [004] d..2  8648.389794: free_swap_slot: swapfree cache 160e47
           <...>-28276 [004] ....  8648.389797: do_swap_page: swapin tgid 14299 28276 "Binder:14299_6" 7f29dd6000 178d64 0 1
           <...>-16547 [004] ....  8648.389822: do_swap_page: swapin tgid 16531 16547 "Binder:16531_3" 7f2d614000 160e5a 1 1
           <...>-16547 [004] d..2  8648.389824: free_swap_slot: swapfree cache 160e5a
           <...>-16547 [004] ....  8648.389830: do_swap_page: swapin tgid 16531 16547 "Binder:16531_3" 7f2df8b000 160e60 1 1
           <...>-16547 [004] d..2  8648.389831: free_swap_slot: swapfree cache 160e60
           <...>-16547 [004] ....  8648.389838: do_swap_page: swapin tgid 16531 16547 "Binder:16531_3" 7f2df8c000 12097f 0 1
           <...>-17573 [004] ....  8648.389864: do_swap_page: swapin tgid 17506 17573 "Binder:17506_5" 7f2d614000 160e70 1 1
           <...>-17573 [004] d..2  8648.389867: free_swap_slot: swapfree cache 160e70
           <...>-17573 [004] ....  8648.389873: do_swap_page: swapin tgid 17506 17573 "Binder:17506_5" 7f2affb000 160e6c 1 1
           <...>-17573 [004] d..2  8648.389874: free_swap_slot: swapfree cache 160e6c
           <...>-17573 [004] ....  8648.389880: do_swap_page: swapin tgid 17506 17573 "Binder:17506_5" 7f2affc000 12c915 0 1
           <...>-5926  [004] ....  8648.389899: do_swap_page: swapin tgid 5677 5926 "Binder:5677_6" 7fbe1fd000 b4c08 1 1
           <...>-5926  [004] ....  8648.389906: do_swap_page: swapin tgid 5677 5926 "Binder:5677_6" 7ece18b000 b0c40 0 1
           <...>-5596  [004] ....  8648.389926: do_swap_page: swapin tgid 5596 5596 "droid.bluetooth" 725af000 9843d 1 1
           <...>-5596  [004] ....  8648.389932: do_swap_page: swapin tgid 5596 5596 "droid.bluetooth" 7271c000 98488 0 1
           <...>-5021  [004] ....  8648.389960: do_swap_page: swapin tgid 5004 5021 "Binder:5004_1" 12d5a000 50482 1 1
           <...>-5021  [004] ....  8648.389969: do_swap_page: swapin tgid 5004 5021 "Binder:5004_1" 7fbe286000 b8078 1 9
           <...>-5021  [004] ....  8648.389972: do_swap_page: swapin tgid 5004 5021 "Binder:5004_1" 7fbe285000 b8077 1 8
           <...>-5021  [004] ....  8648.389976: do_swap_page: swapin tgid 5004 5021 "Binder:5004_1" 7f393e0000 60417 0 1
           <...>-2072  [004] ....  8648.389995: do_swap_page: swapin tgid 2072 2072 "droid.launcher3" 9e5ed000 100296 1 1
           <...>-2072  [004] ....  8648.390001: do_swap_page: swapin tgid 2072 2072 "droid.launcher3" 9e6d2000 10427b 0 1
           <...>-5427  [004] ....  8648.390025: do_swap_page: swapin tgid 2484 5427 "Binder:2484_5" 7f395f0000 b4336 1 1
           <...>-5427  [004] ....  8648.390056: do_swap_page: swapin tgid 2484 5427 "Binder:2484_5" 140c0000 ac364 0 1
           <...>-5596  [004] ....  8648.390083: do_swap_page: swapin tgid 5596 5596 "droid.bluetooth" 7271c000 98488 1 1
           <...>-5596  [004] ....  8648.390088: do_swap_page: swapin tgid 5596 5596 "droid.bluetooth" 14105000 fce43 1 1
           <...>-5596  [004] ....  8648.390094: do_swap_page: swapin tgid 5596 5596 "droid.bluetooth" 7fbded4000 fcedc 1 1
           <...>-5596  [004] d..2  8648.390096: free_swap_slot: swapfree cache fcedc
           <...>-5596  [004] ....  8648.390099: do_swap_page: swapin tgid 5596 5596 "droid.bluetooth" 12c4c000 fce3a 1 1
           <...>-5596  [004] d..2  8648.390100: free_swap_slot: swapfree cache fce3a
           <...>-5596  [004] d..2  8648.390101: free_swap_slot: swapfree cache fce43
           <...>-5596  [004] ....  8648.390104: do_swap_page: swapin tgid 5596 5596 "droid.bluetooth" 1410b000 fce46 1 1
           <...>-5596  [004] ....  8648.390108: do_swap_page: swapin tgid 5596 5596 "droid.bluetooth" 9e5d1000 984ad 0 1
           <...>-2072  [004] ....  8648.390152: do_swap_page: swapin tgid 2072 2072 "droid.launcher3" 9e6d2000 10427b 1 1
           <...>-2072  [004] ....  8648.390162: do_swap_page: swapin tgid 2072 2072 "droid.launcher3" 9e5f2000 24dd9 0 1
   Binder:2433_5-2747  [004] ....  8648.390206: do_swap_page: swapin tgid 2433 2747 "Binder:2433_5" 7f2d144000 943e8 1 1
   Binder:2433_5-2747  [004] ....  8648.390215: do_swap_page: swapin tgid 2433 2747 "Binder:2433_5" 7f39800000 983be 0 1
           <...>-2242  [004] ....  8648.390238: do_swap_page: swapin tgid 1774 2242 "ScreenDecoratio" 7f28efc000 1e0820 1 1
           <...>-2242  [004] d..2  8648.390271: free_swap_slot: swapfree cache 64e59
           <...>-2072  [004] ....  8648.390319: do_swap_page: swapin tgid 2072 2072 "droid.launcher3" 9e5f2000 24dd9 1 1
           <...>-2072  [004] ....  8648.390325: do_swap_page: swapin tgid 2072 2072 "droid.launcher3" 9e6bc000 70e3b 1 1
           <...>-2072  [004] ....  8648.390329: do_swap_page: swapin tgid 2072 2072 "droid.launcher3" 9e6b5000 70e39 1 1
           <...>-2072  [004] ....  8648.390333: do_swap_page: swapin tgid 2072 2072 "droid.launcher3" 9e5d8000 24dca 0 1
           <...>-2242  [004] ....  8648.390397: do_swap_page: swapin tgid 1774 2242 "ScreenDecoratio" 7ec2172000 58e0d 1 1
           <...>-2242  [004] d..2  8648.390401: free_swap_slot: swapfree cache 58e0d
           <...>-28276 [004] ....  8648.390425: do_swap_page: swapin tgid 14299 28276 "Binder:14299_6" 7f29dd6000 178d64 1 1
           <...>-28276 [004] ....  8648.390470: do_swap_page: swapin tgid 14299 28276 "Binder:14299_6" 7fbe2fc000 160e51 1 1
           <...>-28276 [004] ....  8648.390474: do_swap_page: swapin tgid 14299 28276 "Binder:14299_6" 7fbe180000 160e4b 1 1
           <...>-28276 [004] d..2  8648.390476: free_swap_slot: swapfree cache 160e51
           <...>-28276 [004] d..2  8648.390480: free_swap_slot: swapfree cache 160e4b
           <...>-28276 [004] ....  8648.390487: do_swap_page: swapin tgid 14299 28276 "Binder:14299_6" 7fbe1b0000 160e4c 1 1
           <...>-28276 [004] ....  8648.390490: do_swap_page: swapin tgid 14299 28276 "Binder:14299_6" 7f28ac2000 178d55 0 1
           <...>-2136  [004] ....  8648.390518: do_swap_page: swapin tgid 1774 2136 "RenderThread" 7f2d7aa000 60e80 1 1
           <...>-5596  [004] ....  8648.390531: do_swap_page: swapin tgid 5596 5596 "droid.bluetooth" 9e5d1000 984ad 1 1
           <...>-5596  [004] ....  8648.390537: do_swap_page: swapin tgid 5596 5596 "droid.bluetooth" 9e612000 984ee 0 1
           <...>-2072  [004] ....  8648.390638: do_swap_page: swapin tgid 2072 2072 "droid.launcher3" 9e5d8000 24dca 1 1
           <...>-2072  [004] ....  8648.390649: do_swap_page: swapin tgid 2072 2072 "droid.launcher3" 9e6c9000 104272 0 1
           <...>-5596  [004] ....  8648.390698: do_swap_page: swapin tgid 5596 5596 "droid.bluetooth" 9e612000 984ee 1 1
           <...>-5596  [004] ....  8648.390704: do_swap_page: swapin tgid 5596 5596 "droid.bluetooth" 9e5ee000 984ca 0 1
           <...>-2545  [004] ....  8648.390788: do_swap_page: swapin tgid 2514 2545 "Binder:2514_2" 7f2d16b000 bc355 1 1
           <...>-2545  [004] ....  8648.390794: do_swap_page: swapin tgid 2514 2545 "Binder:2514_2" 7f39800000 bc3ac 0 1
           <...>-2801  [004] ....  8648.390820: do_swap_page: swapin tgid 2782 2801 "Binder:2782_1" 725cd000 d43e4 1 1
           <...>-2528  [004] ....  8648.390867: do_swap_page: swapin tgid 6278 2528 "Binder:6278_8" 7fbe241000 a051c 1 1
           <...>-2528  [004] ....  8648.390883: do_swap_page: swapin tgid 6278 2528 "Binder:6278_8" 12cdb000 16cd2d 0 1
           <...>-2546  [004] ....  8648.390900: do_swap_page: swapin tgid 2460 2546 "Binder:2460_3" 725cd000 a03a1 1 1
           <...>-2072  [004] ....  8648.390957: do_swap_page: swapin tgid 2072 2072 "droid.launcher3" 9e6c9000 104272 1 1
           <...>-2072  [004] ....  8648.390966: do_swap_page: swapin tgid 2072 2072 "droid.launcher3" 13cac000 6cef8 1 1
           <...>-2072  [004] d..2  8648.390968: free_swap_slot: swapfree cache 6cef8
           <...>-2072  [004] ....  8648.390974: do_swap_page: swapin tgid 2072 2072 "droid.launcher3" 7fbe2f6000 80e9d 1 1
           <...>-2072  [004] d..2  8648.390976: free_swap_slot: swapfree cache 80e9d
           <...>-2072  [004] d..2  8648.390986: free_swap_slot: swapfree cache 80ea4
           <...>-2072  [004] ....  8648.390994: do_swap_page: swapin tgid 2072 2072 "droid.launcher3" 7f2898a000 78efc 1 1
           <...>-2072  [004] d..2  8648.390997: free_swap_slot: swapfree cache 78efc
           <...>-2072  [004] ....  8648.391002: do_swap_page: swapin tgid 2072 2072 "droid.launcher3" 7f289d5000 1282f0 0 1
           <...>-5596  [004] ....  8648.391050: do_swap_page: swapin tgid 5596 5596 "droid.bluetooth" 9e5ee000 984ca 1 1
           <...>-5596  [004] ....  8648.391057: do_swap_page: swapin tgid 5596 5596 "droid.bluetooth" 7ed31ca000 a040e 0 1
           <...>-1955  [004] ....  8648.391084: do_swap_page: swapin tgid 1955 1955 "m.android.phone" 7fbe211000 dc262 1 1
           <...>-1955  [004] ....  8648.391093: do_swap_page: swapin tgid 1955 1955 "m.android.phone" 7f28a5d000 68eb0 1 1
           <...>-1955  [004] ....  8648.391098: do_swap_page: swapin tgid 1955 1955 "m.android.phone" 7f28a54000 ac090 1 22
           <...>-1955  [004] ....  8648.391101: do_swap_page: swapin tgid 1955 1955 "m.android.phone" 7f28a22000 cc2f7 0 1
           <...>-2072  [004] ....  8648.391148: do_swap_page: swapin tgid 2072 2072 "droid.launcher3" 7f289d5000 1282f0 1 1
           <...>-2072  [004] ....  8648.391155: do_swap_page: swapin tgid 2072 2072 "droid.launcher3" 7f289cd000 1282e8 0 1
           <...>-2456  [004] ....  8648.391203: do_swap_page: swapin tgid 2021 2456 "Binder:2021_4" 7f2d16b000 e42d7 1 1
           <...>-2456  [004] ....  8648.391210: do_swap_page: swapin tgid 2021 2456 "Binder:2021_4" 7f39800000 e82ff 0 1
           <...>-5596  [004] ....  8648.391247: do_swap_page: swapin tgid 5596 5596 "droid.bluetooth" 7ed31ca000 a040e 1 1
           <...>-5596  [004] ....  8648.391253: do_swap_page: swapin tgid 5596 5596 "droid.bluetooth" 9e5d2000 984ae 0 1
           <...>-3592  [004] ....  8648.391280: do_swap_page: swapin tgid 2551 3592 "Binder:2551_8" 7fbe17f000 e8dd0 1 1
           <...>-3592  [004] ....  8648.391286: do_swap_page: swapin tgid 2551 3592 "Binder:2551_8" 7fbe20a000 d0365 0 1
   Binder:2433_5-2747  [004] ....  8648.391318: do_swap_page: swapin tgid 2433 2747 "Binder:2433_5" 7f39800000 983be 1 1
   Binder:2433_5-2747  [004] d..2  8648.391325: free_swap_slot: swapfree cache f4e35
   Binder:2433_5-2747  [004] ....  8648.391331: do_swap_page: swapin tgid 2433 2747 "Binder:2433_5" 7f395f0000 983bc 0 1
           <...>-2072  [004] ....  8648.391374: do_swap_page: swapin tgid 2072 2072 "droid.launcher3" 7f289cd000 1282e8 1 1
           <...>-2072  [004] ....  8648.391382: do_swap_page: swapin tgid 2072 2072 "droid.launcher3" 7f28b35000 12c267 0 1
           <...>-2219  [004] ....  8648.391419: do_swap_page: swapin tgid 1876 2219 "Binder:1876_4" 7fbce22000 14da4 1 1
           <...>-2219  [004] ....  8648.391429: do_swap_page: swapin tgid 1876 2219 "Binder:1876_4" 7f28aff000 64ebd 1 1
           <...>-2219  [004] ....  8648.391432: do_swap_page: swapin tgid 1876 2219 "Binder:1876_4" 7f28d25000 64ebe 1 1
           <...>-2219  [004] d..2  8648.391435: free_swap_slot: swapfree cache 64ebd
           <...>-2219  [004] ....  8648.391437: do_swap_page: swapin tgid 1876 2219 "Binder:1876_4" 7f2d674000 64ec3 1 1
           <...>-2219  [004] d..2  8648.391439: free_swap_slot: swapfree cache 64ec3
           <...>-2219  [004] ....  8648.391443: do_swap_page: swapin tgid 1876 2219 "Binder:1876_4" 7f2d61e000 64ec1 1 1
           <...>-2219  [004] d..2  8648.391444: free_swap_slot: swapfree cache 64ec1
           <...>-2219  [004] ....  8648.391449: do_swap_page: swapin tgid 1876 2219 "Binder:1876_4" 7f2d16b000 1e886a 0 1
           <...>-5596  [004] ....  8648.391496: do_swap_page: swapin tgid 5596 5596 "droid.bluetooth" 9e5d2000 984ae 1 1
           <...>-5596  [004] ....  8648.391501: do_swap_page: swapin tgid 5596 5596 "droid.bluetooth" 1410a000 98419 0 1
           <...>-2545  [004] ....  8648.391526: do_swap_page: swapin tgid 2514 2545 "Binder:2514_2" 7f39800000 bc3ac 1 1
           <...>-2545  [004] d..2  8648.391531: free_swap_slot: swapfree cache f4e78
           <...>-2545  [004] ....  8648.391541: do_swap_page: swapin tgid 2514 2545 "Binder:2514_2" 14187000 f4e76 1 1
           <...>-2545  [004] d..2  8648.391544: free_swap_slot: swapfree cache f4e76
           <...>-2545  [004] ....  8648.391547: do_swap_page: swapin tgid 2514 2545 "Binder:2514_2" 7f34f7d000 f4e86 1 1
           <...>-2545  [004] d..2  8648.391548: free_swap_slot: swapfree cache f4e86
           <...>-2545  [004] ....  8648.391550: do_swap_page: swapin tgid 2514 2545 "Binder:2514_2" 7f350ef000 f4e87 1 1
           <...>-2545  [004] d..2  8648.391551: free_swap_slot: swapfree cache f4e87
           <...>-2545  [004] ....  8648.391554: do_swap_page: swapin tgid 2514 2545 "Binder:2514_2" 725cd000 b83b8 0 1
           <...>-2072  [004] ....  8648.391597: do_swap_page: swapin tgid 2072 2072 "droid.launcher3" 7f28b35000 12c267 1 1
           <...>-2072  [004] ....  8648.391604: do_swap_page: swapin tgid 2072 2072 "droid.launcher3" 7f289bd000 30dc3 0 1
 ogle.android.gm-6044  [004] ....  8648.391671: do_swap_page: swapin tgid 6044 6044 "ogle.android.gm" 7fbe1f5000 805fd 1 1
 ogle.android.gm-6044  [004] d..2  8648.391682: free_swap_slot: swapfree cache 158ea2
           <...>-2072  [004] ....  8648.391798: do_swap_page: swapin tgid 2072 2072 "droid.launcher3" 7f289bd000 30dc3 1 1
           <...>-2072  [004] ....  8648.391819: do_swap_page: swapin tgid 2072 2072 "droid.launcher3" 7f28b04000 12c23a 0 1
           <...>-5596  [004] ....  8648.391843: do_swap_page: swapin tgid 5596 5596 "droid.bluetooth" 1410a000 98419 1 1
           <...>-5596  [004] ....  8648.391857: do_swap_page: swapin tgid 5596 5596 "droid.bluetooth" 7fbe15d000 fcedf 1 1
