           <...>-1630  [004] d..2  8648.367605: free_swap_slot: swapfree cache 1f0a02
           <...>-1630  [004] ....  8648.367614: do_swap_page: swapin tgid 1335 1630 "Binder:1335_4" 7eb5dca000 1e0a11 1 1
           <...>-1630  [004] d..2  8648.367616: free_swap_slot: swapfree cache 1e0a11
           <...>-1630  [004] ....  8648.367622: do_swap_page: swapin tgid 1335 1630 "Binder:1335_4" 7e87a1d000 1d4afd 1 1
           <...>-1630  [004] ....  8648.367634: do_swap_page: swapin tgid 1335 1630 "Binder:1335_4" 7e87a1e000 1d4afe 1 1
           <...>-1630  [004] d..2  8648.367635: free_swap_slot: swapfree cache 1d4afe
           <...>-1630  [004] ....  8648.367653: do_swap_page: swapin tgid 1335 1630 "Binder:1335_4" 7e87a27000 1d8a04 1 1
           <...>-1630  [004] d..2  8648.367659: free_swap_slot: swapfree cache 1d8a04
           <...>-1630  [004] ....  8648.367662: do_swap_page: swapin tgid 1335 1630 "Binder:1335_4" 7eb507e000 1dcadf 1 1
           <...>-1630  [004] d..2  8648.367664: free_swap_slot: swapfree cache 1dcadf
           <...>-1630  [004] ....  8648.367671: do_swap_page: swapin tgid 1335 1630 "Binder:1335_4" 7e87a1c000 19c8f8 0 1
           <...>-1643  [004] ....  8648.367700: do_swap_page: swapin tgid 1335 1643 "AudioService" 7e86920000 19819c 1 1
           <...>-1643  [004] d..2  8648.367706: free_swap_slot: swapfree cache 30edd
           <...>-1643  [004] ....  8648.367709: do_swap_page: swapin tgid 1335 1643 "AudioService" 9e918000 1541c6 0 1
           <...>-2456  [004] ....  8648.367727: do_swap_page: swapin tgid 2021 2456 "Binder:2021_4" 7f2d673000 e42f8 1 1
           <...>-2456  [004] d..2  8648.367734: free_swap_slot: swapfree cache 6ce32
           <...>-2456  [004] ....  8648.367741: do_swap_page: swapin tgid 2021 2456 "Binder:2021_4" 7f2d615000 6ce27 1 1
           <...>-2456  [004] ....  8648.367743: do_swap_page: swapin tgid 2021 2456 "Binder:2021_4" 7f2d61f000 e42e5 0 1
   Binder:2072_3-2100  [004] ....  8648.367769: do_swap_page: swapin tgid 2072 2100 "Binder:2072_3" 7fbe241000 1382bd 1 1
   Binder:2072_3-2100  [004] ....  8648.367777: do_swap_page: swapin tgid 2072 2100 "Binder:2072_3" 7f28b90000 7ce3d 1 1
   Binder:2072_3-2100  [004] ....  8648.367781: do_swap_page: swapin tgid 2072 2100 "Binder:2072_3" 7fbbdb3000 80e37 1 1
   Binder:2072_3-2100  [004] ....  8648.367783: do_swap_page: swapin tgid 2072 2100 "Binder:2072_3" 7f28b18000 7ce21 1 1
   Binder:2072_3-2100  [004] d..2  8648.367786: free_swap_slot: swapfree cache 7ce3d
   Binder:2072_3-2100  [004] ....  8648.367792: do_swap_page: swapin tgid 2072 2100 "Binder:2072_3" 7f2df6e000 7cee9 1 1
   Binder:2072_3-2100  [004] ....  8648.367798: do_swap_page: swapin tgid 2072 2100 "Binder:2072_3" 12e86000 6ce51 1 1
   Binder:2072_3-2100  [004] ....  8648.367804: do_swap_page: swapin tgid 2072 2100 "Binder:2072_3" 12eb7000 6ce5e 1 1
   Binder:2072_3-2100  [004] d..2  8648.367806: free_swap_slot: swapfree cache 7ce21
   Binder:2072_3-2100  [004] ....  8648.367811: do_swap_page: swapin tgid 2072 2100 "Binder:2072_3" 7f31454000 7cef7 1 1
   Binder:2072_3-2100  [004] d..2  8648.367813: free_swap_slot: swapfree cache 7cef7
   Binder:2072_3-2100  [004] ....  8648.367814: do_swap_page: swapin tgid 2072 2100 "Binder:2072_3" 7f2df6f000 7ceea 1 1
   Binder:2072_3-2100  [004] d..2  8648.367815: free_swap_slot: swapfree cache 7ceea
   Binder:2072_3-2100  [004] ....  8648.367818: do_swap_page: swapin tgid 2072 2100 "Binder:2072_3" 12c81000 6ce37 1 1
   Binder:2072_3-2100  [004] d..2  8648.367819: free_swap_slot: swapfree cache 6ce37
   Binder:2072_3-2100  [004] d..2  8648.367821: free_swap_slot: swapfree cache 6ce5e
   Binder:2072_3-2100  [004] ....  8648.367823: do_swap_page: swapin tgid 2072 2100 "Binder:2072_3" 13c92000 6cef0 1 1
   Binder:2072_3-2100  [004] d..2  8648.367824: free_swap_slot: swapfree cache 6cef0
   Binder:2072_3-2100  [004] ....  8648.367830: do_swap_page: swapin tgid 2072 2100 "Binder:2072_3" 7f2895f000 78efa 1 1
   Binder:2072_3-2100  [004] ....  8648.367832: do_swap_page: swapin tgid 2072 2100 "Binder:2072_3" 7f28b1c000 7ce24 1 1
   Binder:2072_3-2100  [004] d..2  8648.367833: free_swap_slot: swapfree cache 78efa
   Binder:2072_3-2100  [004] ....  8648.367837: do_swap_page: swapin tgid 2072 2100 "Binder:2072_3" 7f28afd000 7ce1a 1 1
   Binder:2072_3-2100  [004] d..2  8648.367837: free_swap_slot: swapfree cache 7ce1a
   Binder:2072_3-2100  [004] ....  8648.367840: do_swap_page: swapin tgid 2072 2100 "Binder:2072_3" 7fbe1db000 80e77 1 1
   Binder:2072_3-2100  [004] d..2  8648.367842: free_swap_slot: swapfree cache 80e77
   Binder:2072_3-2100  [004] d..2  8648.367844: free_swap_slot: swapfree cache 7ce24
   Binder:2072_3-2100  [004] ....  8648.367855: do_swap_page: swapin tgid 2072 2100 "Binder:2072_3" 132fc000 20de9 0 1
           <...>-1953  [004] ....  8648.367908: do_swap_page: swapin tgid 1921 1953 "Binder:1921_2" 7f2d673000 8c2b5 1 1
           <...>-1953  [004] d..2  8648.367916: free_swap_slot: swapfree cache 64edf
           <...>-1953  [004] ....  8648.367924: do_swap_page: swapin tgid 1921 1953 "Binder:1921_2" 7f2d615000 64ed1 1 1
           <...>-1953  [004] ....  8648.367944: do_swap_page: swapin tgid 1921 1953 "Binder:1921_2" 7f2d61f000 8c29c 0 1
           <...>-1643  [004] ....  8648.367966: do_swap_page: swapin tgid 1335 1643 "AudioService" 9e918000 1541c6 1 1
           <...>-1643  [004] ....  8648.367993: do_swap_page: swapin tgid 1335 1643 "AudioService" 7eb50c3000 28ebf 1 1
           <...>-1643  [004] d..2  8648.367996: free_swap_slot: swapfree cache 28ebf
           <...>-1630  [004] ....  8648.368043: do_swap_page: swapin tgid 1335 1630 "Binder:1335_4" 7e87a1c000 19c8f8 1 1
           <...>-1630  [004] ....  8648.368121: do_swap_page: swapin tgid 1335 1630 "Binder:1335_4" 7e5ba74000 1ce40 1 1
           <...>-1630  [004] d..2  8648.368124: free_swap_slot: swapfree cache 1ce40
           <...>-1630  [004] ....  8648.368129: do_swap_page: swapin tgid 1335 1630 "Binder:1335_4" 7f2d741000 34ee8 1 1
           <...>-1630  [004] d..2  8648.368130: free_swap_slot: swapfree cache 34ee8
           <...>-1630  [004] ....  8648.368139: do_swap_page: swapin tgid 1335 1630 "Binder:1335_4" 7eb5da8000 28ee3 1 1
           <...>-1630  [004] d..2  8648.368141: free_swap_slot: swapfree cache 28ee3
   Binder:1955_B-2568  [004] ....  8648.368174: do_swap_page: swapin tgid 1955 2568 "Binder:1955_B" 7eb1f94000 c027d 1 1
   Binder:1955_B-2568  [004] ....  8648.368188: do_swap_page: swapin tgid 1955 2568 "Binder:1955_B" 1479d000 68e83 1 1
   Binder:1955_B-2568  [004] d..2  8648.368191: free_swap_slot: swapfree cache 68e83
           <...>-1955  [004] ....  8648.368251: do_swap_page: swapin tgid 1955 1955 "m.android.phone" 14755000 68e7b 1 1
           <...>-1955  [004] d..2  8648.368267: free_swap_slot: swapfree cache 68e75
           <...>-1955  [004] ....  8648.368270: do_swap_page: swapin tgid 1955 1955 "m.android.phone" 146da000 1cd38 0 1
           <...>-2219  [004] ....  8648.368300: do_swap_page: swapin tgid 1876 2219 "Binder:1876_4" 7f2d673000 14d82 1 1
           <...>-2219  [004] d..2  8648.368308: free_swap_slot: swapfree cache 64eca
           <...>-2219  [004] ....  8648.368336: do_swap_page: swapin tgid 1876 2219 "Binder:1876_4" 7f2d615000 64ebf 1 1
           <...>-2219  [004] ....  8648.368340: do_swap_page: swapin tgid 1876 2219 "Binder:1876_4" 7f2d61f000 782b8 0 1
           <...>-2456  [004] ....  8648.368366: do_swap_page: swapin tgid 2021 2456 "Binder:2021_4" 7f2d61f000 e42e5 1 1
           <...>-2456  [004] ....  8648.368372: do_swap_page: swapin tgid 2021 2456 "Binder:2021_4" 7f2d6da000 6ce2d 1 1
           <...>-2456  [004] d..2  8648.368373: free_swap_slot: swapfree cache 6ce2d
           <...>-2456  [004] d..2  8648.368375: free_swap_slot: swapfree cache 6ce27
           <...>-2456  [004] ....  8648.368382: do_swap_page: swapin tgid 2021 2456 "Binder:2021_4" 7fbda62000 ec263 0 1
           <...>-1953  [004] ....  8648.368404: do_swap_page: swapin tgid 1921 1953 "Binder:1921_2" 7f2d61f000 8c29c 1 1
           <...>-1953  [004] ....  8648.368409: do_swap_page: swapin tgid 1921 1953 "Binder:1921_2" 7f2d669000 64ed7 1 1
           <...>-1953  [004] d..2  8648.368410: free_swap_slot: swapfree cache 64ed7
           <...>-1953  [004] d..2  8648.368411: free_swap_slot: swapfree cache 64ed1
           <...>-1953  [004] ....  8648.368416: do_swap_page: swapin tgid 1921 1953 "Binder:1921_2" 7fbda62000 90287 0 1
           <...>-1955  [004] ....  8648.368459: do_swap_page: swapin tgid 1955 1955 "m.android.phone" 146da000 1cd38 1 1
           <...>-1955  [004] ....  8648.368471: do_swap_page: swapin tgid 1955 1955 "m.android.phone" 131fa000 68e54 1 1
           <...>-1955  [004] d..2  8648.368473: free_swap_slot: swapfree cache 68e54
           <...>-1955  [004] ....  8648.368483: do_swap_page: swapin tgid 1955 1955 "m.android.phone" 7f28ac0000 68eb3 1 1
           <...>-1955  [004] d..2  8648.368484: free_swap_slot: swapfree cache 68eb3
           <...>-1955  [004] ....  8648.368489: do_swap_page: swapin tgid 1955 1955 "m.android.phone" 14788000 b82bb 0 1
           <...>-2242  [004] ....  8648.368533: do_swap_page: swapin tgid 1774 2242 "ScreenDecoratio" 132b5000 3cef8 1 1
           <...>-2242  [004] ....  8648.368563: do_swap_page: swapin tgid 1774 2242 "ScreenDecoratio" 7ec2229000 58e29 1 1
           <...>-2242  [004] d..2  8648.368567: free_swap_slot: swapfree cache 58e29
           <...>-2242  [004] ....  8648.368579: do_swap_page: swapin tgid 1774 2242 "ScreenDecoratio" 13d71000 44ed3 1 1
           <...>-2242  [004] ....  8648.368582: do_swap_page: swapin tgid 1774 2242 "ScreenDecoratio" 13d70000 44ed2 1 1
           <...>-2242  [004] d..2  8648.368585: free_swap_slot: swapfree cache 44ed2
           <...>-2456  [004] ....  8648.368655: do_swap_page: swapin tgid 2021 2456 "Binder:2021_4" 7fbda62000 ec263 1 1
           <...>-2456  [004] ....  8648.368662: do_swap_page: swapin tgid 2021 2456 "Binder:2021_4" 7fbe2f1000 6ce33 1 1
           <...>-2456  [004] d..2  8648.368664: free_swap_slot: swapfree cache 6ce33
           <...>-2456  [004] ....  8648.368666: do_swap_page: swapin tgid 2021 2456 "Binder:2021_4" 7fbe241000 ec2e6 0 1
           <...>-1953  [004] ....  8648.368689: do_swap_page: swapin tgid 1921 1953 "Binder:1921_2" 7fbda62000 90287 1 1
           <...>-1953  [004] ....  8648.368696: do_swap_page: swapin tgid 1921 1953 "Binder:1921_2" 7fbe2f1000 64ee0 1 1
           <...>-1953  [004] d..2  8648.368699: free_swap_slot: swapfree cache 64ee0
           <...>-1953  [004] ....  8648.368703: do_swap_page: swapin tgid 1921 1953 "Binder:1921_2" 7fbe241000 94204 0 1
           <...>-2219  [004] ....  8648.368729: do_swap_page: swapin tgid 1876 2219 "Binder:1876_4" 7f2d61f000 782b8 1 1
           <...>-2219  [004] ....  8648.368735: do_swap_page: swapin tgid 1876 2219 "Binder:1876_4" 7f2d70c000 64ec6 1 1
           <...>-2219  [004] d..2  8648.368736: free_swap_slot: swapfree cache 64ec6
           <...>-2219  [004] d..2  8648.368737: free_swap_slot: swapfree cache 64ebf
           <...>-2219  [004] ....  8648.368740: do_swap_page: swapin tgid 1876 2219 "Binder:1876_4" 7fbda62000 14da9 0 1
           <...>-1955  [004] ....  8648.368782: do_swap_page: swapin tgid 1955 1955 "m.android.phone" 14788000 b82bb 1 1
           <...>-1955  [004] ....  8648.368796: do_swap_page: swapin tgid 1955 1955 "m.android.phone" 7f2d681000 d4224 0 1
           <...>-2456  [004] ....  8648.368837: do_swap_page: swapin tgid 2021 2456 "Binder:2021_4" 7fbe241000 ec2e6 1 1
           <...>-2456  [004] ....  8648.368844: do_swap_page: swapin tgid 2021 2456 "Binder:2021_4" 7fbe1e9000 ec2c3 0 1
   Binder:2072_3-2100  [004] ....  8648.368866: do_swap_page: swapin tgid 2072 2100 "Binder:2072_3" 132fc000 20de9 1 1
   Binder:2072_3-2100  [004] ....  8648.368876: do_swap_page: swapin tgid 2072 2100 "Binder:2072_3" 7fbe25d000 80e8f 1 1
   Binder:2072_3-2100  [004] d..2  8648.368897: free_swap_slot: swapfree cache 80e8f
   Binder:2072_3-2100  [004] ....  8648.368904: do_swap_page: swapin tgid 2072 2100 "Binder:2072_3" 7f2d689000 7ce7f 1 1
           <...>-2115  [004] ....  8648.368958: do_swap_page: swapin tgid 2072 2115 "UiThreadHelper" 7ed10b2000 78ef5 1 1
           <...>-2115  [004] d..2  8648.368961: free_swap_slot: swapfree cache 78ef5
           <...>-2115  [004] d..2  8648.368966: free_swap_slot: swapfree cache 7ce7f
           <...>-2115  [004] ....  8648.368972: do_swap_page: swapin tgid 2072 2115 "UiThreadHelper" 7ed10b3000 1282ac 0 1
           <...>-1955  [004] ....  8648.369023: do_swap_page: swapin tgid 1955 1955 "m.android.phone" 7f2d681000 d4224 1 1
           <...>-1955  [004] ....  8648.369030: do_swap_page: swapin tgid 1955 1955 "m.android.phone" 7f2d677000 d421c 0 1
           <...>-2219  [004] ....  8648.369112: do_swap_page: swapin tgid 1876 2219 "Binder:1876_4" 7fbda62000 14da9 1 1
           <...>-2219  [004] ....  8648.369120: do_swap_page: swapin tgid 1876 2219 "Binder:1876_4" 7fbe2f1000 64ecb 1 1
           <...>-2219  [004] d..2  8648.369122: free_swap_slot: swapfree cache 64ecb
           <...>-2219  [004] ....  8648.369124: do_swap_page: swapin tgid 1876 2219 "Binder:1876_4" 7fbe241000 8025a 0 1
           <...>-1953  [004] ....  8648.369153: do_swap_page: swapin tgid 1921 1953 "Binder:1921_2" 7fbe241000 94204 1 1
           <...>-1953  [004] ....  8648.369180: do_swap_page: swapin tgid 1921 1953 "Binder:1921_2" 7fbe1e9000 902e1 0 1
           <...>-1955  [004] ....  8648.369202: do_swap_page: swapin tgid 1955 1955 "m.android.phone" 7f2d677000 d421c 1 1
           <...>-1955  [004] ....  8648.369214: do_swap_page: swapin tgid 1955 1955 "m.android.phone" 7f28b4c000 68ebc 1 1
           <...>-1955  [004] d..2  8648.369215: free_swap_slot: swapfree cache 68ebc
           <...>-1955  [004] ....  8648.369274: do_swap_page: swapin tgid 1955 1955 "m.android.phone" 7f289bb000 68ead 1 1
           <...>-1955  [004] d..2  8648.369276: free_swap_slot: swapfree cache 68ead
           <...>-2115  [004] ....  8648.369283: do_swap_page: swapin tgid 2072 2115 "UiThreadHelper" 7ed10b3000 1282ac 1 1
           <...>-2115  [004] ....  8648.369291: do_swap_page: swapin tgid 2072 2115 "UiThreadHelper" 7f28ba1000 7ce3e 1 1
           <...>-2115  [004] d..2  8648.369293: free_swap_slot: swapfree cache 7ce3e
           <...>-2115  [004] ....  8648.369295: do_swap_page: swapin tgid 2072 2115 "UiThreadHelper" 7f28ba2000 7ce3f 1 1
           <...>-2115  [004] d..2  8648.369296: free_swap_slot: swapfree cache 7ce3f
           <...>-2115  [004] ....  8648.369298: do_swap_page: swapin tgid 2072 2115 "UiThreadHelper" 7f28b19000 7ce22 1 1
           <...>-2115  [004] d..2  8648.369299: free_swap_slot: swapfree cache 7ce22
           <...>-2115  [004] ....  8648.369301: do_swap_page: swapin tgid 2072 2115 "UiThreadHelper" 7ed10b1000 78ef4 1 1
           <...>-2115  [004] d..2  8648.369302: free_swap_slot: swapfree cache 78ef4
           <...>-2115  [004] ....  8648.369344: do_swap_page: swapin tgid 2072 2115 "UiThreadHelper" 7f31202000 7cef6 1 1
           <...>-2115  [004] d..2  8648.369346: free_swap_slot: swapfree cache 7cef6
           <...>-2115  [004] ....  8648.369349: do_swap_page: swapin tgid 2072 2115 "UiThreadHelper" 12ccb000 6ce3f 1 1
           <...>-2115  [004] d..2  8648.369350: free_swap_slot: swapfree cache 6ce3f
           <...>-2115  [004] ....  8648.369353: do_swap_page: swapin tgid 2072 2115 "UiThreadHelper" 12e85000 6ce50 1 1
           <...>-2115  [004] ....  8648.369359: do_swap_page: swapin tgid 2072 2115 "UiThreadHelper" 9e6f4000 10429d 0 1
           <...>-2456  [004] ....  8648.369388: do_swap_page: swapin tgid 2021 2456 "Binder:2021_4" 7fbe1e9000 ec2c3 1 1
           <...>-2456  [004] ....  8648.369397: do_swap_page: swapin tgid 2021 2456 "Binder:2021_4" 7f393e1000 e82fb 0 1
           <...>-1953  [004] ....  8648.369424: do_swap_page: swapin tgid 1921 1953 "Binder:1921_2" 7fbe1e9000 902e1 1 1
           <...>-1953  [004] ....  8648.369432: do_swap_page: swapin tgid 1921 1953 "Binder:1921_2" 7f393e1000 9021a 0 1
           <...>-2219  [004] ....  8648.369458: do_swap_page: swapin tgid 1876 2219 "Binder:1876_4" 7fbe241000 8025a 1 1
           <...>-2219  [004] ....  8648.369465: do_swap_page: swapin tgid 1876 2219 "Binder:1876_4" 7fbe1e9000 14db0 0 1
           <...>-2242  [004] ....  8648.369545: do_swap_page: swapin tgid 1774 2242 "ScreenDecoratio" 9e87f000 c2e2 0 1
           <...>-2115  [004] ....  8648.369574: do_swap_page: swapin tgid 2072 2115 "UiThreadHelper" 9e6f4000 10429d 1 1
           <...>-2115  [004] ....  8648.369582: do_swap_page: swapin tgid 2072 2115 "UiThreadHelper" 9e6d0000 70e40 1 1
           <...>-2115  [004] ....  8648.369586: do_swap_page: swapin tgid 2072 2115 "UiThreadHelper" 9e6af000 70e35 1 1
           <...>-2115  [004] ....  8648.369591: do_swap_page: swapin tgid 2072 2115 "UiThreadHelper" 13cdd000 70e0b 1 1
           <...>-2115  [004] d..2  8648.369603: free_swap_slot: swapfree cache 70e0b
           <...>-2115  [004] ....  8648.369614: do_swap_page: swapin tgid 2072 2115 "UiThreadHelper" 12d80000 6ce43 1 1
           <...>-2115  [004] d..2  8648.369615: free_swap_slot: swapfree cache 6ce43
           <...>-2115  [004] ....  8648.369617: do_swap_page: swapin tgid 2072 2115 "UiThreadHelper" 12ed0000 6ce70 1 1
           <...>-2115  [004] d..2  8648.369618: swapcache_free_entries: swapfree direct 64ec4
           <...>-2115  [004] d..3  8648.369619: swapcache_free_entries: swapfree direct a02c8
           <...>-2115  [004] d..3  8648.369619: swapcache_free_entries: swapfree direct 68e00
           <...>-2115  [004] d..3  8648.369620: swapcache_free_entries: swapfree direct 60ebf
           <...>-2115  [004] d..3  8648.369621: swapcache_free_entries: swapfree direct 3ce7a
           <...>-2115  [004] d..3  8648.369621: swapcache_free_entries: swapfree direct 44e9c
           <...>-2115  [004] d..3  8648.369622: swapcache_free_entries: swapfree direct 58e0c
           <...>-2115  [004] d..3  8648.369623: swapcache_free_entries: swapfree direct 64e75
           <...>-2115  [004] d..3  8648.369623: swapcache_free_entries: swapfree direct 58e1c
           <...>-2115  [004] d..3  8648.369624: swapcache_free_entries: swapfree direct 5ceda
           <...>-2115  [004] d..3  8648.369624: swapcache_free_entries: swapfree direct 5cefa
           <...>-2115  [004] d..3  8648.369625: swapcache_free_entries: swapfree direct 1d4aff
           <...>-2115  [004] d..3  8648.369626: swapcache_free_entries: swapfree direct 1f0a02
           <...>-2115  [004] d..3  8648.369627: swapcache_free_entries: swapfree direct 1e0a11
           <...>-2115  [004] d..3  8648.369628: swapcache_free_entries: swapfree direct 1d4afe
           <...>-2115  [004] d..3  8648.369628: swapcache_free_entries: swapfree direct 1d8a04
           <...>-2115  [004] d..3  8648.369629: swapcache_free_entries: swapfree direct 1dcadf
           <...>-2115  [004] d..3  8648.369629: swapcache_free_entries: swapfree direct 30edd
           <...>-2115  [004] d..3  8648.369630: swapcache_free_entries: swapfree direct 6ce32
           <...>-2115  [004] d..3  8648.369631: swapcache_free_entries: swapfree direct 7ce3d
           <...>-2115  [004] d..3  8648.369631: swapcache_free_entries: swapfree direct 7ce21
           <...>-2115  [004] d..3  8648.369631: swapcache_free_entries: swapfree direct 7cef7
           <...>-2115  [004] d..3  8648.369632: swapcache_free_entries: swapfree direct 7ceea
           <...>-2115  [004] d..3  8648.369632: swapcache_free_entries: swapfree direct 6ce37
           <...>-2115  [004] d..3  8648.369633: swapcache_free_entries: swapfree direct 6ce5e
           <...>-2115  [004] d..3  8648.369633: swapcache_free_entries: swapfree direct 6cef0
           <...>-2115  [004] d..3  8648.369633: swapcache_free_entries: swapfree direct 78efa
           <...>-2115  [004] d..3  8648.369634: swapcache_free_entries: swapfree direct 7ce1a
           <...>-2115  [004] d..3  8648.369635: swapcache_free_entries: swapfree direct 80e77
           <...>-2115  [004] d..3  8648.369635: swapcache_free_entries: swapfree direct 7ce24
           <...>-2115  [004] d..3  8648.369635: swapcache_free_entries: swapfree direct 64edf
           <...>-2115  [004] d..3  8648.369636: swapcache_free_entries: swapfree direct 28ebf
           <...>-2115  [004] d..3  8648.369636: swapcache_free_entries: swapfree direct 1ce40
           <...>-2115  [004] d..3  8648.369637: swapcache_free_entries: swapfree direct 34ee8
           <...>-2115  [004] d..3  8648.369637: swapcache_free_entries: swapfree direct 28ee3
           <...>-2115  [004] d..3  8648.369638: swapcache_free_entries: swapfree direct 68e83
           <...>-2115  [004] d..3  8648.369638: swapcache_free_entries: swapfree direct 68e75
           <...>-2115  [004] d..3  8648.369638: swapcache_free_entries: swapfree direct 64eca
           <...>-2115  [004] d..3  8648.369639: swapcache_free_entries: swapfree direct 6ce2d
           <...>-2115  [004] d..3  8648.369639: swapcache_free_entries: swapfree direct 6ce27
           <...>-2115  [004] d..3  8648.369640: swapcache_free_entries: swapfree direct 64ed7
           <...>-2115  [004] d..3  8648.369640: swapcache_free_entries: swapfree direct 64ed1
           <...>-2115  [004] d..3  8648.369641: swapcache_free_entries: swapfree direct 68e54
           <...>-2115  [004] d..3  8648.369641: swapcache_free_entries: swapfree direct 68eb3
           <...>-2115  [004] d..3  8648.369642: swapcache_free_entries: swapfree direct 58e29
           <...>-2115  [004] d..3  8648.369643: swapcache_free_entries: swapfree direct 44ed2
           <...>-2115  [004] d..3  8648.369644: swapcache_free_entries: swapfree direct 6ce33
           <...>-2115  [004] d..3  8648.369644: swapcache_free_entries: swapfree direct 64ee0
           <...>-2115  [004] d..3  8648.369645: swapcache_free_entries: swapfree direct 64ec6
           <...>-2115  [004] d..3  8648.369645: swapcache_free_entries: swapfree direct 64ebf
           <...>-2115  [004] d..3  8648.369645: swapcache_free_entries: swapfree direct 80e8f
           <...>-2115  [004] d..3  8648.369646: swapcache_free_entries: swapfree direct 78ef5
           <...>-2115  [004] d..3  8648.369646: swapcache_free_entries: swapfree direct 7ce7f
           <...>-2115  [004] d..3  8648.369647: swapcache_free_entries: swapfree direct 64ecb
           <...>-2115  [004] d..3  8648.369647: swapcache_free_entries: swapfree direct 68ebc
           <...>-2115  [004] d..3  8648.369649: swapcache_free_entries: swapfree direct 68ead
           <...>-2115  [004] d..3  8648.369649: swapcache_free_entries: swapfree direct 7ce3e
           <...>-2115  [004] d..3  8648.369650: swapcache_free_entries: swapfree direct 7ce3f
           <...>-2115  [004] d..3  8648.369650: swapcache_free_entries: swapfree direct 7ce22
           <...>-2115  [004] d..3  8648.369650: swapcache_free_entries: swapfree direct 78ef4
           <...>-2115  [004] d..3  8648.369651: swapcache_free_entries: swapfree direct 7cef6
           <...>-2115  [004] d..3  8648.369651: swapcache_free_entries: swapfree direct 6ce3f
           <...>-2115  [004] d..3  8648.369652: swapcache_free_entries: swapfree direct 70e0b
           <...>-2115  [004] d..3  8648.369652: swapcache_free_entries: swapfree direct 6ce43
           <...>-2115  [004] d..2  8648.369652: free_swap_slot: swapfree cache 6ce70
           <...>-2115  [004] ....  8648.369687: do_swap_page: swapin tgid 2072 2115 "UiThreadHelper" 7f28ba7000 7ce41 1 1
           <...>-2115  [004] ....  8648.369689: do_swap_page: swapin tgid 2072 2115 "UiThreadHelper" 7f28ba8000 7ce42 1 1
           <...>-2115  [004] d..2  8648.369692: free_swap_slot: swapfree cache 7ce41
           <...>-2115  [004] ....  8648.369695: do_swap_page: swapin tgid 2072 2115 "UiThreadHelper" 7f2d67c000 7ce77 1 1
           <...>-2115  [004] d..2  8648.369696: free_swap_slot: swapfree cache 7ce77
           <...>-2115  [004] ....  8648.369700: do_swap_page: swapin tgid 2072 2115 "UiThreadHelper" 7f2d6a2000 7ce85 1 1
           <...>-2115  [004] d..2  8648.369701: free_swap_slot: swapfree cache 7ce85
           <...>-2115  [004] ....  8648.369702: do_swap_page: swapin tgid 2072 2115 "UiThreadHelper" 7f2d667000 7ce6d 1 1
           <...>-2115  [004] ....  8648.369707: do_swap_page: swapin tgid 2072 2115 "UiThreadHelper" 7ecb6aa000 78e29 1 1
           <...>-2115  [004] d..2  8648.369709: free_swap_slot: swapfree cache 78e29
           <...>-2115  [004] d..2  8648.369712: free_swap_slot: swapfree cache 7ce7c
           <...>-2115  [004] d..2  8648.369713: free_swap_slot: swapfree cache 7ce42
           <...>-2115  [004] ....  8648.369715: do_swap_page: swapin tgid 2072 2115 "UiThreadHelper" 7f2d678000 7ce73 1 1
           <...>-2115  [004] d..2  8648.369716: free_swap_slot: swapfree cache 7ce73
           <...>-2115  [004] ....  8648.369719: do_swap_page: swapin tgid 2072 2115 "UiThreadHelper" 12e97000 20d48 0 1
           <...>-1955  [004] .n..  8648.369835: do_swap_page: swapin tgid 1955 1955 "m.android.phone" 7fbe1d0000 6ce0b 1 1
           <...>-1955  [004] ....  8648.369849: do_swap_page: swapin tgid 1955 1955 "m.android.phone" 146db000 68e76 1 1
           <...>-1955  [004] d..2  8648.369852: free_swap_slot: swapfree cache 68e76
           <...>-1955  [004] ....  8648.369860: do_swap_page: swapin tgid 1955 1955 "m.android.phone" 72398000 bc204 0 1
           <...>-2115  [004] ....  8648.369884: do_swap_page: swapin tgid 2072 2115 "UiThreadHelper" 12e97000 20d48 1 1
           <...>-2115  [004] ....  8648.369897: do_swap_page: swapin tgid 2072 2115 "UiThreadHelper" 7f2d677000 130238 0 1
           <...>-2456  [004] ....  8648.369922: do_swap_page: swapin tgid 2021 2456 "Binder:2021_4" 7f393e1000 e82fb 1 1
           <...>-2456  [004] ....  8648.369929: do_swap_page: swapin tgid 2021 2456 "Binder:2021_4" 7fbe165000 ec293 0 1
           <...>-1953  [004] ....  8648.369955: do_swap_page: swapin tgid 1921 1953 "Binder:1921_2" 7f393e1000 9021a 1 1
           <...>-1953  [004] ....  8648.369961: do_swap_page: swapin tgid 1921 1953 "Binder:1921_2" 7fbe165000 902b8 0 1
           <...>-2219  [004] ....  8648.369986: do_swap_page: swapin tgid 1876 2219 "Binder:1876_4" 7fbe1e9000 14db0 1 1
           <...>-2219  [004] ....  8648.369996: do_swap_page: swapin tgid 1876 2219 "Binder:1876_4" 7f393e1000 7c261 0 1
           <...>-2242  [004] ....  8648.370023: do_swap_page: swapin tgid 1774 2242 "ScreenDecoratio" 9e87f000 c2e2 1 1
           <...>-2242  [004] ....  8648.370030: do_swap_page: swapin tgid 1774 2242 "ScreenDecoratio" 9e7be000 c221 0 1
           <...>-2072  [004] ....  8648.370096: do_swap_page: swapin tgid 2072 2072 "droid.launcher3" 7fbdd69000 b4052 1 18
           <...>-2072  [004] ....  8648.370100: do_swap_page: swapin tgid 2072 2072 "droid.launcher3" 7fbe1e8000 13828c 0 1
           <...>-2115  [004] ....  8648.370143: do_swap_page: swapin tgid 2072 2115 "UiThreadHelper" 7f2d677000 130238 1 1
           <...>-2115  [004] d..2  8648.370149: free_swap_slot: swapfree cache 7ce6d
           <...>-2456  [004] ....  8648.370226: do_swap_page: swapin tgid 2021 2456 "Binder:2021_4" 7fbe165000 ec293 1 1
           <...>-2456  [004] ....  8648.370236: do_swap_page: swapin tgid 2021 2456 "Binder:2021_4" 7f2d6c4000 6ce2c 1 1
           <...>-2456  [004] ....  8648.370241: do_swap_page: swapin tgid 2021 2456 "Binder:2021_4" 7fbce23000 ec255 0 1
           <...>-1955  [004] ....  8648.370288: do_swap_page: swapin tgid 1955 1955 "m.android.phone" 72398000 bc204 1 1
           <...>-1955  [004] ....  8648.370296: do_swap_page: swapin tgid 1955 1955 "m.android.phone" 146c6000 b8230 0 1
           <...>-2115  [004] ....  8648.370397: do_swap_page: swapin tgid 2072 2115 "UiThreadHelper" 7fbe1f9000 38d89 0 1
           <...>-1953  [004] ....  8648.370427: do_swap_page: swapin tgid 1921 1953 "Binder:1921_2" 7fbe165000 902b8 1 1
           <...>-1953  [004] ....  8648.370433: do_swap_page: swapin tgid 1921 1953 "Binder:1921_2" 7f2d651000 64ed4 1 1
           <...>-1953  [004] ....  8648.370439: do_swap_page: swapin tgid 1921 1953 "Binder:1921_2" 7fbce23000 90279 0 1
           <...>-2219  [004] ....  8648.370461: do_swap_page: swapin tgid 1876 2219 "Binder:1876_4" 7f393e1000 7c261 1 1
           <...>-2219  [004] ....  8648.370467: do_swap_page: swapin tgid 1876 2219 "Binder:1876_4" 7fbe165000 80207 0 1
           <...>-2456  [004] ....  8648.370506: do_swap_page: swapin tgid 2021 2456 "Binder:2021_4" 7fbce23000 ec255 1 1
           <...>-2456  [004] ....  8648.370534: do_swap_page: swapin tgid 2021 2456 "Binder:2021_4" 7fbbdb3000 ec234 0 1
           <...>-1955  [004] ....  8648.370567: do_swap_page: swapin tgid 1955 1955 "m.android.phone" 146c6000 b8230 1 1
           <...>-1955  [004] ....  8648.370576: do_swap_page: swapin tgid 1955 1955 "m.android.phone" 7fbe167000 1cddc 0 1
           <...>-1953  [004] ....  8648.370604: do_swap_page: swapin tgid 1921 1953 "Binder:1921_2" 7fbce23000 90279 1 1
           <...>-1953  [004] ....  8648.370611: do_swap_page: swapin tgid 1921 1953 "Binder:1921_2" 7fbbdb3000 90261 0 1
           <...>-2115  [004] ....  8648.370650: do_swap_page: swapin tgid 2072 2115 "UiThreadHelper" 7fbe1f9000 38d89 1 1
           <...>-2115  [004] ....  8648.370661: do_swap_page: swapin tgid 2072 2115 "UiThreadHelper" 13288000 20d82 0 1
           <...>-2242  [004] ....  8648.370689: do_swap_page: swapin tgid 1774 2242 "ScreenDecoratio" 9e7be000 c221 1 1
           <...>-2242  [004] ....  8648.370698: do_swap_page: swapin tgid 1774 2242 "ScreenDecoratio" 13cf9000 44e9b 1 1
           <...>-2219  [004] ....  8648.370751: do_swap_page: swapin tgid 1876 2219 "Binder:1876_4" 7fbe165000 80207 1 1
           <...>-2219  [004] ....  8648.370758: do_swap_page: swapin tgid 1876 2219 "Binder:1876_4" 7f2d6bc000 64ec5 1 1
           <...>-2219  [004] ....  8648.370762: do_swap_page: swapin tgid 1876 2219 "Binder:1876_4" 7fbce23000 7c2ca 0 1
           <...>-1955  [004] ....  8648.370853: do_swap_page: swapin tgid 1955 1955 "m.android.phone" 7fbe167000 1cddc 1 1
           <...>-1953  [004] ....  8648.370927: do_swap_page: swapin tgid 1921 1953 "Binder:1921_2" 7fbbdb3000 90261 1 1
           <...>-1953  [004] ....  8648.370932: do_swap_page: swapin tgid 1921 1953 "Binder:1921_2" 7f2d61a000 64ed2 1 1
           <...>-1953  [004] d..2  8648.370935: free_swap_slot: swapfree cache 64ed4
           <...>-1953  [004] ....  8648.370941: do_swap_page: swapin tgid 1921 1953 "Binder:1921_2" 7f393df000 b008a 1 17
           <...>-1953  [004] ....  8648.370943: do_swap_page: swapin tgid 1921 1953 "Binder:1921_2" 7fbe23c000 94203 0 1
           <...>-2115  [004] ....  8648.370976: do_swap_page: swapin tgid 2072 2115 "UiThreadHelper" 13288000 20d82 1 1
           <...>-2115  [004] d..2  8648.370993: free_swap_slot: swapfree cache 80e7c
           <...>-2115  [004] ....  8648.371009: do_swap_page: swapin tgid 2072 2115 "UiThreadHelper" 7271d000 70e1b 1 1
           <...>-2115  [004] d..2  8648.371018: free_swap_slot: swapfree cache 70e1b
           <...>-2115  [004] ....  8648.371020: do_swap_page: swapin tgid 2072 2115 "UiThreadHelper" 72722000 70e1f 1 1
           <...>-2115  [004] d..2  8648.371021: free_swap_slot: swapfree cache 70e1f
           <...>-2115  [004] ....  8648.371024: do_swap_page: swapin tgid 2072 2115 "UiThreadHelper" 7fbe167000 38d60 0 1
           <...>-2456  [004] ....  8648.371052: do_swap_page: swapin tgid 2021 2456 "Binder:2021_4" 7fbbdb3000 ec234 1 1
           <...>-2456  [004] ....  8648.371059: do_swap_page: swapin tgid 2021 2456 "Binder:2021_4" 7f2d61a000 6ce28 1 1
           <...>-2456  [004] d..2  8648.371062: free_swap_slot: swapfree cache 6ce2c
           <...>-2456  [004] ....  8648.371064: do_swap_page: swapin tgid 2021 2456 "Binder:2021_4" 7f393df000 b008a 1 16
           <...>-2456  [004] ....  8648.371066: do_swap_page: swapin tgid 2021 2456 "Binder:2021_4" 7fbe23c000 ec2e5 0 1
           <...>-2219  [004] ....  8648.371089: do_swap_page: swapin tgid 1876 2219 "Binder:1876_4" 7fbce23000 7c2ca 1 1
           <...>-2219  [004] ....  8648.371097: do_swap_page: swapin tgid 1876 2219 "Binder:1876_4" 7fbbdb3000 7c2a3 0 1
           <...>-2115  [004] ....  8648.371150: do_swap_page: swapin tgid 2072 2115 "UiThreadHelper" 7fbe167000 38d60 1 1
           <...>-2115  [004] ....  8648.371157: do_swap_page: swapin tgid 2072 2115 "UiThreadHelper" 7f350f6000 80e01 1 1
           <...>-2115  [004] d..2  8648.371162: free_swap_slot: swapfree cache 80e01
           <...>-2115  [004] ....  8648.371165: do_swap_page: swapin tgid 2072 2115 "UiThreadHelper" 7f33f2b000 7cefb 1 1
           <...>-2115  [004] d..2  8648.371166: free_swap_slot: swapfree cache 7cefb
           <...>-16597 [004] ....  8648.371242: do_swap_page: swapin tgid 1335 16597 "Binder:1335_17" 7e70834000 20ea5 1 1
           <...>-16597 [004] d..2  8648.371246: free_swap_slot: swapfree cache 20ea5
           <...>-16597 [004] ....  8648.371253: do_swap_page: swapin tgid 1335 16597 "Binder:1335_17" 7e61095000 1a8b63 0 1
           <...>-2242  [004] ....  8648.371312: do_swap_page: swapin tgid 1774 2242 "ScreenDecoratio" 13ebe000 48ee9 1 1
   Binder:1335_7-2054  [004] ....  8648.371347: do_swap_page: swapin tgid 1335 2054 "Binder:1335_7" 7f2d689000 34ea2 1 1
   Binder:1335_7-2054  [004] d..2  8648.371349: free_swap_slot: swapfree cache 34ea2
   Binder:1335_7-2054  [004] ....  8648.371359: do_swap_page: swapin tgid 1335 2054 "Binder:1335_7" 7eb5403000 1d0c96 1 1
   Binder:1335_7-2054  [004] d..2  8648.371361: free_swap_slot: swapfree cache 1d0c96
   Binder:1335_7-2054  [004] ....  8648.371364: do_swap_page: swapin tgid 1335 2054 "Binder:1335_7" 7eb5404000 1d0c97 1 1
   Binder:1335_7-2054  [004] ....  8648.371368: do_swap_page: swapin tgid 1335 2054 "Binder:1335_7" 7eb5de6000 1d0ccf 1 1
   Binder:1335_7-2054  [004] d..2  8648.371370: free_swap_slot: swapfree cache 1d0ccf
   Binder:1335_7-2054  [004] ....  8648.371378: do_swap_page: swapin tgid 1335 2054 "Binder:1335_7" 7f2d787000 1e0caa 1 1
   Binder:1335_7-2054  [004] d..2  8648.371379: free_swap_slot: swapfree cache 1e0caa
   Binder:1335_7-2054  [004] d..2  8648.371381: free_swap_slot: swapfree cache 28ef4
   Binder:1335_7-2054  [004] ....  8648.371386: do_swap_page: swapin tgid 1335 2054 "Binder:1335_7" 7eb5401000 1d0c94 1 1
   Binder:1335_7-2054  [004] ....  8648.371396: do_swap_page: swapin tgid 1335 2054 "Binder:1335_7" 7eb5402000 1d0c95 1 1
   Binder:1335_7-2054  [004] d..2  8648.371397: free_swap_slot: swapfree cache 1d0c95
   Binder:1335_7-2054  [004] ....  8648.371444: do_swap_page: swapin tgid 1335 2054 "Binder:1335_7" 7eb50a0000 1d0c7c 1 1
   Binder:1335_7-2054  [004] ....  8648.371449: do_swap_page: swapin tgid 1335 2054 "Binder:1335_7" 7eb50a1000 1d0c7d 1 1
   Binder:1335_7-2054  [004] d..2  8648.371451: free_swap_slot: swapfree cache 1d0c7c
   Binder:1335_7-2054  [004] ....  8648.371457: do_swap_page: swapin tgid 1335 2054 "Binder:1335_7" 7e70e3e000 20eec 1 1
   Binder:1335_7-2054  [004] d..2  8648.371458: free_swap_slot: swapfree cache 20eec
   Binder:1335_7-2054  [004] d..2  8648.371461: free_swap_slot: swapfree cache 1d0c7d
   Binder:1335_7-2054  [004] ....  8648.371483: do_swap_page: swapin tgid 1335 2054 "Binder:1335_7" 7e5bb7d000 1b8c5c 0 1
           <...>-16597 [004] ....  8648.371510: do_swap_page: swapin tgid 1335 16597 "Binder:1335_17" 7e61095000 1a8b63 1 1
           <...>-16597 [004] d..2  8648.371513: free_swap_slot: swapfree cache 1a8b63
           <...>-16597 [004] ....  8648.371516: do_swap_page: swapin tgid 1335 16597 "Binder:1335_17" 7e61096000 1d0a80 0 1
           <...>-1955  [004] ....  8648.371588: do_swap_page: swapin tgid 1955 1955 "m.android.phone" 1479b000 b82ce 0 1
           <...>-2456  [004] ....  8648.371633: do_swap_page: swapin tgid 2021 2456 "Binder:2021_4" 7fbe23c000 ec2e5 1 1
           <...>-2456  [004] ....  8648.371641: do_swap_page: swapin tgid 2021 2456 "Binder:2021_4" 7f31965000 e82ed 0 1
           <...>-16597 [004] ....  8648.371694: do_swap_page: swapin tgid 1335 16597 "Binder:1335_17" 7e61096000 1d0a80 1 1
           <...>-16597 [004] ....  8648.371702: do_swap_page: swapin tgid 1335 16597 "Binder:1335_17" 7ed0eaf000 1d8c88 1 1
           <...>-16597 [004] d..2  8648.371709: free_swap_slot: swapfree cache 1d8c88
           <...>-16597 [004] ....  8648.371736: do_swap_page: swapin tgid 1335 16597 "Binder:1335_17" 7e87c59000 1b0b12 1 1
           <...>-16597 [004] d..2  8648.371738: free_swap_slot: swapfree cache 1b0b12
           <...>-16597 [004] ....  8648.371745: do_swap_page: swapin tgid 1335 16597 "Binder:1335_17" 7e61093000 1d0a7d 1 1
           <...>-16597 [004] d..2  8648.371750: free_swap_slot: swapfree cache 30e83
           <...>-16597 [004] ....  8648.371758: do_swap_page: swapin tgid 1335 16597 "Binder:1335_17" 7e61094000 1d0a7e 1 1
           <...>-16597 [004] d..2  8648.371759: free_swap_slot: swapfree cache 1d0a7e
           <...>-16597 [004] ....  8648.371772: do_swap_page: swapin tgid 1335 16597 "Binder:1335_17" 7e70c91000 1acb54 1 1
           <...>-16597 [004] ....  8648.371775: do_swap_page: swapin tgid 1335 16597 "Binder:1335_17" 7e70c92000 1acb55 1 1
           <...>-16597 [004] d..2  8648.371777: free_swap_slot: swapfree cache 1acb54
           <...>-16597 [004] d..2  8648.371782: free_swap_slot: swapfree cache 1acb55
           <...>-16597 [004] ....  8648.371830: do_swap_page: swapin tgid 1335 16597 "Binder:1335_17" 7e70d80000 20eea 1 1
           <...>-16597 [004] d..2  8648.371833: free_swap_slot: swapfree cache 20eea
           <...>-16597 [004] ....  8648.371840: do_swap_page: swapin tgid 1335 16597 "Binder:1335_17" 7e70c93000 1acb56 1 1
           <...>-16597 [004] ....  8648.371846: do_swap_page: swapin tgid 1335 16597 "Binder:1335_17" 7eb4de0000 1dca2c 1 1
           <...>-16597 [004] dn.2  8648.371887: free_swap_slot: swapfree cache 1dca2c
   Binder:1335_7-2054  [004] ....  8648.372045: do_swap_page: swapin tgid 1335 2054 "Binder:1335_7" 7e5bb7d000 1b8c5c 1 1
   Binder:1335_7-2054  [004] d..2  8648.372048: free_swap_slot: swapfree cache 1b8c5c
   Binder:1335_7-2054  [004] ....  8648.372058: do_swap_page: swapin tgid 1335 2054 "Binder:1335_7" 7f2d743000 34eea 1 1
   Binder:1335_7-2054  [004] d..2  8648.372060: free_swap_slot: swapfree cache 34eea
           <...>-16597 [004] d..2  8648.372090: free_swap_slot: swapfree cache 1acb56
           <...>-1953  [004] ....  8648.372337: do_swap_page: swapin tgid 1921 1953 "Binder:1921_2" 7fbe23c000 94203 1 1
           <...>-1953  [004] ....  8648.372345: do_swap_page: swapin tgid 1921 1953 "Binder:1921_2" 7f31965000 9020e 0 1
           <...>-2219  [004] ....  8648.372376: do_swap_page: swapin tgid 1876 2219 "Binder:1876_4" 7fbbdb3000 7c2a3 1 1
           <...>-2219  [004] ....  8648.372381: do_swap_page: swapin tgid 1876 2219 "Binder:1876_4" 7f2d61a000 64ec0 1 1
           <...>-2219  [004] d..2  8648.372384: free_swap_slot: swapfree cache 64ec5
           <...>-2219  [004] ....  8648.372386: do_swap_page: swapin tgid 1876 2219 "Binder:1876_4" 7f393df000 b008a 1 15
           <...>-2219  [004] ....  8648.372389: do_swap_page: swapin tgid 1876 2219 "Binder:1876_4" 7fbe23c000 14db5 0 1
           <...>-2072  [004] ....  8648.372417: do_swap_page: swapin tgid 2072 2072 "droid.launcher3" 7fbe1e8000 13828c 1 1
           <...>-2072  [004] d..2  8648.372423: free_swap_slot: swapfree cache 80e89
           <...>-1955  [004] ....  8648.372562: do_swap_page: swapin tgid 1955 1955 "m.android.phone" 1479b000 b82ce 1 1
           <...>-1955  [004] ....  8648.372570: do_swap_page: swapin tgid 1955 1955 "m.android.phone" 12dc0000 1cd12 0 1
           <...>-2456  [004] ....  8648.372594: do_swap_page: swapin tgid 2021 2456 "Binder:2021_4" 7f31965000 e82ed 1 1
           <...>-2456  [004] ....  8648.372606: do_swap_page: swapin tgid 2021 2456 "Binder:2021_4" 137c8000 e02ad 0 1
           <...>-2115  [004] ....  8648.372651: do_swap_page: swapin tgid 2072 2115 "UiThreadHelper" 725ce000 24d5b 0 1
           <...>-2072  [004] ....  8648.372702: do_swap_page: swapin tgid 2072 2072 "droid.launcher3" 7fbe177000 80e5a 1 1
           <...>-2072  [004] d..2  8648.372705: free_swap_slot: swapfree cache 80e5a
           <...>-2242  [004] ....  8648.372871: do_swap_page: swapin tgid 1774 2242 "ScreenDecoratio" 9e683000 4cee6 1 1
           <...>-2242  [004] ....  8648.372887: do_swap_page: swapin tgid 1774 2242 "ScreenDecoratio" 13cd7000 44e81 1 1
           <...>-2242  [004] ....  8648.372895: do_swap_page: swapin tgid 1774 2242 "ScreenDecoratio" 9e753000 82b6 0 1
           <...>-1953  [004] ....  8648.372924: do_swap_page: swapin tgid 1921 1953 "Binder:1921_2" 7f31965000 9020e 1 1
           <...>-1953  [004] ....  8648.372933: do_swap_page: swapin tgid 1921 1953 "Binder:1921_2" 132c3000 8827e 0 1
           <...>-2219  [004] ....  8648.372956: do_swap_page: swapin tgid 1876 2219 "Binder:1876_4" 7fbe23c000 14db5 1 1
           <...>-2219  [004] ....  8648.372964: do_swap_page: swapin tgid 1876 2219 "Binder:1876_4" 7f31965000 14d93 0 1
           <...>-1955  [004] ....  8648.372989: do_swap_page: swapin tgid 1955 1955 "m.android.phone" 12dc0000 1cd12 1 1
           <...>-1955  [004] ....  8648.373020: do_swap_page: swapin tgid 1955 1955 "m.android.phone" 14787000 b82ba 0 1
           <...>-2115  [004] ....  8648.373045: do_swap_page: swapin tgid 2072 2115 "UiThreadHelper" 725ce000 24d5b 1 1
           <...>-2115  [004] ....  8648.373055: do_swap_page: swapin tgid 2072 2115 "UiThreadHelper" 12cca000 6ce3e 1 1
           <...>-2115  [004] ....  8648.373059: do_swap_page: swapin tgid 2072 2115 "UiThreadHelper" 7f2ddd3000 34dd8 0 1
           <...>-2456  [004] ....  8648.373112: do_swap_page: swapin tgid 2021 2456 "Binder:2021_4" 137c8000 e02ad 1 1
           <...>-2456  [004] ....  8648.373139: do_swap_page: swapin tgid 2021 2456 "Binder:2021_4" 7fbe286000 b8078 1 19
           <...>-2456  [004] ....  8648.373142: do_swap_page: swapin tgid 2021 2456 "Binder:2021_4" 7fbe285000 b8077 1 18
           <...>-2456  [004] ....  8648.373144: do_swap_page: swapin tgid 2021 2456 "Binder:2021_4" 7f393e0000 e82fa 0 1
           <...>-1953  [004] ....  8648.373166: do_swap_page: swapin tgid 1921 1953 "Binder:1921_2" 132c3000 8827e 1 1
           <...>-1953  [004] ....  8648.373174: do_swap_page: swapin tgid 1921 1953 "Binder:1921_2" 7fbe286000 b8078 1 18
           <...>-1953  [004] ....  8648.373176: do_swap_page: swapin tgid 1921 1953 "Binder:1921_2" 7fbe285000 b8077 1 17
           <...>-1953  [004] ....  8648.373178: do_swap_page: swapin tgid 1921 1953 "Binder:1921_2" 7f393e0000 90219 0 1
           <...>-2219  [004] ....  8648.373228: do_swap_page: swapin tgid 1876 2219 "Binder:1876_4" 7f31965000 14d93 1 1
           <...>-2219  [004] ....  8648.373236: do_swap_page: swapin tgid 1876 2219 "Binder:1876_4" 13405000 702a2 0 1
           <...>-2115  [004] ....  8648.373280: do_swap_page: swapin tgid 2072 2115 "UiThreadHelper" 7f2ddd3000 34dd8 1 1
           <...>-2115  [004] d..2  8648.373286: free_swap_slot: swapfree cache 6ce50
           <...>-2115  [004] ....  8648.373288: do_swap_page: swapin tgid 2072 2115 "UiThreadHelper" 132f7000 20de5 0 1
           <...>-2242  [004] ....  8648.373331: do_swap_page: swapin tgid 1774 2242 "ScreenDecoratio" 9e753000 82b6 1 1
           <...>-2456  [004] ....  8648.373468: do_swap_page: swapin tgid 2021 2456 "Binder:2021_4" 7f393e0000 e82fa 1 1
           <...>-2456  [004] ....  8648.373473: do_swap_page: swapin tgid 2021 2456 "Binder:2021_4" 7fbe1f8000 ec2c7 0 1
           <...>-2219  [004] ....  8648.373526: do_swap_page: swapin tgid 1876 2219 "Binder:1876_4" 13405000 702a2 1 1
           <...>-2219  [004] ....  8648.373533: do_swap_page: swapin tgid 1876 2219 "Binder:1876_4" 7fbe286000 b8078 1 17
           <...>-2219  [004] ....  8648.373536: do_swap_page: swapin tgid 1876 2219 "Binder:1876_4" 7fbe285000 b8077 1 16
           <...>-2219  [004] ....  8648.373539: do_swap_page: swapin tgid 1876 2219 "Binder:1876_4" 7f393e0000 7c260 0 1
           <...>-1953  [004] ....  8648.373567: do_swap_page: swapin tgid 1921 1953 "Binder:1921_2" 7f393e0000 90219 1 1
           <...>-1953  [004] ....  8648.373573: do_swap_page: swapin tgid 1921 1953 "Binder:1921_2" 7fbe1f8000 902e5 0 1
           <...>-2115  [004] ....  8648.373595: do_swap_page: swapin tgid 2072 2115 "UiThreadHelper" 132f7000 20de5 1 1
           <...>-2072  [004] ....  8648.373654: do_swap_page: swapin tgid 2072 2072 "droid.launcher3" 9e654000 28d0b 0 1
           <...>-1955  [004] ....  8648.373763: do_swap_page: swapin tgid 1955 1955 "m.android.phone" 14787000 b82ba 1 1
           <...>-1955  [004] ....  8648.373775: do_swap_page: swapin tgid 1955 1955 "m.android.phone" 725c5000 bc20f 0 1
           <...>-2456  [004] ....  8648.373797: do_swap_page: swapin tgid 2021 2456 "Binder:2021_4" 7fbe1f8000 ec2c7 1 1
           <...>-2456  [004] ....  8648.373805: do_swap_page: swapin tgid 2021 2456 "Binder:2021_4" 7f28ef0000 e42c9 0 1
           <...>-1953  [004] ....  8648.373827: do_swap_page: swapin tgid 1921 1953 "Binder:1921_2" 7fbe1f8000 902e5 1 1
           <...>-1953  [004] ....  8648.373834: do_swap_page: swapin tgid 1921 1953 "Binder:1921_2" 7f2e074000 8c2ea 0 1
           <...>-2072  [004] ....  8648.373877: do_swap_page: swapin tgid 2072 2072 "droid.launcher3" 9e654000 28d0b 1 1
           <...>-2072  [004] ....  8648.373884: do_swap_page: swapin tgid 2072 2072 "droid.launcher3" 9e6ab000 70e33 1 1
           <...>-2072  [004] ....  8648.373887: do_swap_page: swapin tgid 2072 2072 "droid.launcher3" 9e650000 28d07 0 1
           <...>-2242  [004] ....  8648.373968: do_swap_page: swapin tgid 1774 2242 "ScreenDecoratio" 72745000 4ce5a 1 1
           <...>-2242  [004] d..2  8648.373973: free_swap_slot: swapfree cache 4ce5a
           <...>-2072  [004] ....  8648.374088: do_swap_page: swapin tgid 2072 2072 "droid.launcher3" 9e650000 28d07 1 1
           <...>-2072  [004] ....  8648.374096: do_swap_page: swapin tgid 2072 2072 "droid.launcher3" 9e624000 1002cd 0 1
           <...>-2219  [004] ....  8648.374121: do_swap_page: swapin tgid 1876 2219 "Binder:1876_4" 7f393e0000 7c260 1 1
           <...>-2219  [004] ....  8648.374127: do_swap_page: swapin tgid 1876 2219 "Binder:1876_4" 7fbe1f8000 14db2 0 1
           <...>-1955  [004] ....  8648.374152: do_swap_page: swapin tgid 1955 1955 "m.android.phone" 725c5000 bc20f 1 1
           <...>-1955  [004] ....  8648.374161: do_swap_page: swapin tgid 1955 1955 "m.android.phone" 726c1000 bc25c 0 1
           <...>-2456  [004] ....  8648.374191: do_swap_page: swapin tgid 2021 2456 "Binder:2021_4" 7f28ef0000 e42c9 1 1
           <...>-2456  [004] ....  8648.374218: do_swap_page: swapin tgid 2021 2456 "Binder:2021_4" 137c0000 e02a5 0 1
           <...>-2072  [004] ....  8648.374256: do_swap_page: swapin tgid 2072 2072 "droid.launcher3" 9e624000 1002cd 1 1
           <...>-2072  [004] ....  8648.374261: do_swap_page: swapin tgid 2072 2072 "droid.launcher3" 9e651000 28d08 0 1
           <...>-1953  [004] ....  8648.374286: do_swap_page: swapin tgid 1921 1953 "Binder:1921_2" 7f2e074000 8c2ea 1 1
           <...>-1953  [004] ....  8648.374294: do_swap_page: swapin tgid 1921 1953 "Binder:1921_2" 132c0000 8827b 0 1
           <...>-2219  [004] ....  8648.374316: do_swap_page: swapin tgid 1876 2219 "Binder:1876_4" 7fbe1f8000 14db2 1 1
           <...>-2219  [004] ....  8648.374341: do_swap_page: swapin tgid 1876 2219 "Binder:1876_4" 7ecf3bf000 7427e 0 1
           <...>-2456  [004] ....  8648.374367: do_swap_page: swapin tgid 2021 2456 "Binder:2021_4" 137c0000 e02a5 1 1
           <...>-2456  [004] ....  8648.374373: do_swap_page: swapin tgid 2021 2456 "Binder:2021_4" 137d2000 6ce23 1 1
           <...>-2456  [004] d..2  8648.374380: free_swap_slot: swapfree cache 6ce28
           <...>-2456  [004] ....  8648.374407: do_swap_page: swapin tgid 2021 2456 "Binder:2021_4" 7fbe24e000 ec2e9 0 1
           <...>-2072  [004] ....  8648.374441: do_swap_page: swapin tgid 2072 2072 "droid.launcher3" 9e651000 28d08 1 1
           <...>-2072  [004] d..2  8648.374448: free_swap_slot: swapfree cache 70e19
           <...>-2072  [004] ....  8648.374528: do_swap_page: swapin tgid 2072 2072 "droid.launcher3" 7ec6e0b000 70e58 1 1
           <...>-2072  [004] d..2  8648.374555: free_swap_slot: swapfree cache 70e58
           <...>-2072  [004] ....  8648.374642: do_swap_page: swapin tgid 2072 2072 "droid.launcher3" 9e6da000 70e44 1 1
           <...>-2072  [004] ....  8648.374654: do_swap_page: swapin tgid 2072 2072 "droid.launcher3" 9e5cc000 24dc3 0 1
           <...>-1955  [004] ....  8648.374683: do_swap_page: swapin tgid 1955 1955 "m.android.phone" 726c1000 bc25c 1 1
           <...>-1955  [004] ....  8648.374691: do_swap_page: swapin tgid 1955 1955 "m.android.phone" 726c2000 a4018 1 23
           <...>-1955  [004] ....  8648.374693: do_swap_page: swapin tgid 1955 1955 "m.android.phone" 726c4000 a401a 1 25
           <...>-1955  [004] ....  8648.374696: do_swap_page: swapin tgid 1955 1955 "m.android.phone" 726c5000 68e8e 1 1
           <...>-1955  [004] ....  8648.374699: do_swap_page: swapin tgid 1955 1955 "m.android.phone" 72623000 a0079 1 25
           <...>-1955  [004] d..2  8648.374704: free_swap_slot: swapfree cache 68e8e
           <...>-1955  [004] ....  8648.374712: do_swap_page: swapin tgid 1955 1955 "m.android.phone" 726c7000 a401d 1 25
           <...>-1955  [004] ....  8648.374719: do_swap_page: swapin tgid 1955 1955 "m.android.phone" 7271d000 bc263 0 1
           <...>-1953  [004] ....  8648.374741: do_swap_page: swapin tgid 1921 1953 "Binder:1921_2" 132c0000 8827b 1 1
           <...>-1953  [004] ....  8648.374747: do_swap_page: swapin tgid 1921 1953 "Binder:1921_2" 132c8000 64ece 1 1
