           <...>-2072  [004] ....  6970.060755: do_swap_page: swapin tgid 2072 2072 "droid.launcher3" 13c9c000 1f8b6b 1 1
           <...>-2072  [004] ....  6970.060757: do_swap_page: swapin tgid 2072 2072 "droid.launcher3" 9e638000 2cb6c 0 1
           <...>-2545  [004] ....  6970.060813: do_swap_page: swapin tgid 2514 2545 "Binder:2514_2" 7fbe23c000 c0376 1 1
           <...>-2545  [004] ....  6970.060819: do_swap_page: swapin tgid 2514 2545 "Binder:2514_2" 7f2d640000 a0c27 1 1
           <...>-2545  [004] d..2  6970.060821: free_swap_slot: swapfree cache a0c27
           <...>-2545  [004] ....  6970.060825: do_swap_page: swapin tgid 2514 2545 "Binder:2514_2" 7f31965000 bc399 0 1
           <...>-2242  [004] ....  6970.060849: do_swap_page: swapin tgid 1774 2242 "ScreenDecoratio" 9e7be000 c221 1 1
           <...>-2242  [004] ....  6970.060857: do_swap_page: swapin tgid 1774 2242 "ScreenDecoratio" 13cf9000 1d0b1a 1 1
           <...>-2072  [004] ....  6970.060933: do_swap_page: swapin tgid 2072 2072 "droid.launcher3" 9e638000 2cb6c 1 1
           <...>-2072  [004] ....  6970.060940: do_swap_page: swapin tgid 2072 2072 "droid.launcher3" 9e6cc000 1f8bb6 1 1
           <...>-2072  [004] ....  6970.060942: do_swap_page: swapin tgid 2072 2072 "droid.launcher3" 9e5dd000 2cb49 0 1
           <...>-2219  [004] ....  6970.060995: do_swap_page: swapin tgid 1876 2219 "Binder:1876_4" 7fbbdb3000 7c2a3 1 1
           <...>-2219  [004] ....  6970.061004: do_swap_page: swapin tgid 1876 2219 "Binder:1876_4" 7f2d61a000 1f0b2e 1 1
           <...>-2219  [004] d..2  6970.061007: free_swap_slot: swapfree cache 1f0b33
           <...>-2219  [004] ....  6970.061008: do_swap_page: swapin tgid 1876 2219 "Binder:1876_4" 7f393df000 b008a 1 4
           <...>-2219  [004] ....  6970.061012: do_swap_page: swapin tgid 1876 2219 "Binder:1876_4" 7fbe23c000 1e88ab 0 1
           <...>-5427  [004] ....  6970.061039: do_swap_page: swapin tgid 2484 5427 "Binder:2484_5" 140c7000 ac36b 1 1
           <...>-5427  [004] ....  6970.061047: do_swap_page: swapin tgid 2484 5427 "Binder:2484_5" 7fbe286000 b8078 1 14
           <...>-5427  [004] ....  6970.061049: do_swap_page: swapin tgid 2484 5427 "Binder:2484_5" 7fbe285000 b8077 1 13
           <...>-5427  [004] ....  6970.061052: do_swap_page: swapin tgid 2484 5427 "Binder:2484_5" 7f393e0000 b4333 0 1
           <...>-2072  [004] ....  6970.061094: do_swap_page: swapin tgid 2072 2072 "droid.launcher3" 9e5dd000 2cb49 1 1
           <...>-2072  [004] ....  6970.061099: do_swap_page: swapin tgid 2072 2072 "droid.launcher3" 9e649000 2cb7d 0 1
           <...>-5021  [004] ....  6970.061145: do_swap_page: swapin tgid 5004 5021 "Binder:5004_1" 7f393e0000 60417 1 1
           <...>-5021  [004] ....  6970.061151: do_swap_page: swapin tgid 5004 5021 "Binder:5004_1" 7fbe1f8000 604fb 0 1
           <...>-2072  [004] ....  6970.061268: do_swap_page: swapin tgid 2072 2072 "droid.launcher3" 9e649000 2cb7d 1 1
           <...>-2072  [004] ....  6970.061274: do_swap_page: swapin tgid 2072 2072 "droid.launcher3" 9e6a0000 1f8ba4 1 1
           <...>-2072  [004] ....  6970.061276: do_swap_page: swapin tgid 2072 2072 "droid.launcher3" 9e65f000 2cb93 0 1
           <...>-2115  [004] ....  6970.061303: do_swap_page: swapin tgid 2072 2115 "UiThreadHelper" 725ce000 28bd8 1 1
           <...>-2115  [004] ....  6970.061311: do_swap_page: swapin tgid 2072 2115 "UiThreadHelper" 12cc9000 1f4bb7 1 1
           <...>-2115  [004] ....  6970.061316: do_swap_page: swapin tgid 2072 2115 "UiThreadHelper" 7f2ddd3000 3cb3f 0 1
           <...>-2456  [004] ....  6970.061336: do_swap_page: swapin tgid 2021 2456 "Binder:2021_4" 7fbe23c000 ec2e5 1 1
           <...>-2456  [004] ....  6970.061344: do_swap_page: swapin tgid 2021 2456 "Binder:2021_4" 7f31965000 e82ed 0 1
           <...>-1955  [004] ....  6970.061399: do_swap_page: swapin tgid 1955 1955 "m.android.phone" 1479b000 b82ce 0 1
           <...>-2072  [004] ....  6970.061429: do_swap_page: swapin tgid 2072 2072 "droid.launcher3" 9e65f000 2cb93 1 1
           <...>-2072  [004] ....  6970.061435: do_swap_page: swapin tgid 2072 2072 "droid.launcher3" 9e655000 2cb89 0 1
           <...>-2801  [004] ....  6970.061480: do_swap_page: swapin tgid 2782 2801 "Binder:2782_1" 7f31965000 dc321 1 1
           <...>-2801  [004] ....  6970.061488: do_swap_page: swapin tgid 2782 2801 "Binder:2782_1" 14746000 d43ce 0 1
           <...>-2546  [004] ....  6970.061523: do_swap_page: swapin tgid 2460 2546 "Binder:2460_3" 7f31965000 a43c9 1 1
           <...>-2546  [004] ....  6970.061531: do_swap_page: swapin tgid 2460 2546 "Binder:2460_3" 14744000 a0383 0 1
   Binder:2433_5-2747  [004] ....  6970.061561: do_swap_page: swapin tgid 2433 2747 "Binder:2433_5" 7f31965000 983a9 1 1
   Binder:2433_5-2747  [004] ....  6970.061569: do_swap_page: swapin tgid 2433 2747 "Binder:2433_5" 14045000 803e1 0 1
           <...>-5463  [004] ....  6970.061614: do_swap_page: swapin tgid 3185 5463 "Binder:3185_6" 7f393e0000 1783dd 1 1
           <...>-5463  [004] ....  6970.061621: do_swap_page: swapin tgid 3185 5463 "Binder:3185_6" 7fbe1f8000 17c3a3 0 1
           <...>-1953  [004] ....  6970.061640: do_swap_page: swapin tgid 1921 1953 "Binder:1921_2" 7fbe23c000 94203 1 1
           <...>-1953  [004] ....  6970.061674: do_swap_page: swapin tgid 1921 1953 "Binder:1921_2" 7f31965000 9020e 0 1
           <...>-2072  [004] ....  6970.061732: do_swap_page: swapin tgid 2072 2072 "droid.launcher3" 9e655000 2cb89 1 1
           <...>-2072  [004] ....  6970.061741: do_swap_page: swapin tgid 2072 2072 "droid.launcher3" 72398000 28bce 0 1
           <...>-2545  [004] ....  6970.061779: do_swap_page: swapin tgid 2514 2545 "Binder:2514_2" 7f31965000 bc399 1 1
           <...>-2545  [004] ....  6970.061789: do_swap_page: swapin tgid 2514 2545 "Binder:2514_2" 14183000 b83a3 0 1
           <...>-5021  [004] ....  6970.061831: do_swap_page: swapin tgid 5004 5021 "Binder:5004_1" 7fbe1f8000 604fb 1 1
           <...>-5021  [004] ....  6970.061840: do_swap_page: swapin tgid 5004 5021 "Binder:5004_1" 12d40000 50468 0 1
           <...>-2115  [004] ....  6970.061861: do_swap_page: swapin tgid 2072 2115 "UiThreadHelper" 7f2ddd3000 3cb3f 1 1
           <...>-2115  [004] d..2  6970.061867: free_swap_slot: swapfree cache 1f4bcb
           <...>-2115  [004] ....  6970.061869: do_swap_page: swapin tgid 2072 2115 "UiThreadHelper" 132f7000 28b61 0 1
           <...>-2456  [004] ....  6970.061919: do_swap_page: swapin tgid 2021 2456 "Binder:2021_4" 7f31965000 e82ed 1 1
           <...>-2456  [004] ....  6970.061946: do_swap_page: swapin tgid 2021 2456 "Binder:2021_4" 137c8000 e02ad 0 1
           <...>-2072  [004] ....  6970.061969: do_swap_page: swapin tgid 2072 2072 "droid.launcher3" 72398000 28bce 1 1
           <...>-2072  [004] ....  6970.061988: do_swap_page: swapin tgid 2072 2072 "droid.launcher3" 9e654000 2cb88 0 1
           <...>-5427  [004] ....  6970.062018: do_swap_page: swapin tgid 2484 5427 "Binder:2484_5" 7f393e0000 b4333 1 1
           <...>-5427  [004] ....  6970.062024: do_swap_page: swapin tgid 2484 5427 "Binder:2484_5" 7fbe1f8000 b43fb 0 1
           <...>-2219  [004] ....  6970.062065: do_swap_page: swapin tgid 1876 2219 "Binder:1876_4" 7fbe23c000 1e88ab 1 1
           <...>-2219  [004] ....  6970.062072: do_swap_page: swapin tgid 1876 2219 "Binder:1876_4" 7f31965000 1e8885 0 1
           <...>-2801  [004] ....  6970.062103: do_swap_page: swapin tgid 2782 2801 "Binder:2782_1" 14746000 d43ce 1 1
           <...>-2801  [004] ....  6970.062111: do_swap_page: swapin tgid 2782 2801 "Binder:2782_1" 7fbe286000 b8078 1 13
           <...>-2801  [004] ....  6970.062113: do_swap_page: swapin tgid 2782 2801 "Binder:2782_1" 7fbe285000 b8077 1 12
           <...>-2801  [004] ....  6970.062116: do_swap_page: swapin tgid 2782 2801 "Binder:2782_1" 7f393e0000 dc330 0 1
           <...>-5463  [004] ....  6970.062159: do_swap_page: swapin tgid 3185 5463 "Binder:3185_6" 7fbe1f8000 17c3a3 1 1
           <...>-5463  [004] ....  6970.062166: do_swap_page: swapin tgid 3185 5463 "Binder:3185_6" 7f2adff000 178348 0 1
           <...>-2242  [004] ....  6970.062263: do_swap_page: swapin tgid 1774 2242 "ScreenDecoratio" 13ebe000 1d4b6b 1 1
           <...>-2072  [004] ....  6970.062311: do_swap_page: swapin tgid 2072 2072 "droid.launcher3" 9e654000 2cb88 1 1
           <...>-2072  [004] ....  6970.062317: do_swap_page: swapin tgid 2072 2072 "droid.launcher3" 9e664000 10420d 0 1
           <...>-2115  [004] ....  6970.062372: do_swap_page: swapin tgid 2072 2115 "UiThreadHelper" 132f7000 28b61 1 1
           <...>-1955  [004] ....  6970.062403: do_swap_page: swapin tgid 1955 1955 "m.android.phone" 1479b000 b82ce 1 1
           <...>-1955  [004] ....  6970.062410: do_swap_page: swapin tgid 1955 1955 "m.android.phone" 12dc0000 1f0807 0 1
           <...>-2546  [004] ....  6970.062438: do_swap_page: swapin tgid 2460 2546 "Binder:2460_3" 14744000 a0383 1 1
           <...>-2546  [004] ....  6970.062447: do_swap_page: swapin tgid 2460 2546 "Binder:2460_3" 7fbe286000 b8078 1 12
           <...>-2546  [004] ....  6970.062449: do_swap_page: swapin tgid 2460 2546 "Binder:2460_3" 7fbe285000 b8077 1 11
           <...>-2546  [004] ....  6970.062452: do_swap_page: swapin tgid 2460 2546 "Binder:2460_3" 7f393e0000 a43d8 0 1
           <...>-5021  [004] ....  6970.062497: do_swap_page: swapin tgid 5004 5021 "Binder:5004_1" 12d40000 50468 1 1
           <...>-5021  [004] ....  6970.062505: do_swap_page: swapin tgid 5004 5021 "Binder:5004_1" 12f12000 a4c16 1 1
           <...>-5021  [004] d..2  6970.062510: free_swap_slot: swapfree cache a4c1a
           <...>-5021  [004] ....  6970.062513: do_swap_page: swapin tgid 5004 5021 "Binder:5004_1" 7fbe24e000 6441c 0 1
   Binder:2433_5-2747  [004] ....  6970.062533: do_swap_page: swapin tgid 2433 2747 "Binder:2433_5" 14045000 803e1 1 1
   Binder:2433_5-2747  [004] ....  6970.062541: do_swap_page: swapin tgid 2433 2747 "Binder:2433_5" 7fbe286000 b8078 1 11
   Binder:2433_5-2747  [004] ....  6970.062544: do_swap_page: swapin tgid 2433 2747 "Binder:2433_5" 7fbe285000 b8077 1 10
   Binder:2433_5-2747  [004] ....  6970.062547: do_swap_page: swapin tgid 2433 2747 "Binder:2433_5" 7f393e0000 983b9 0 1
           <...>-2072  [004] ....  6970.062603: do_swap_page: swapin tgid 2072 2072 "droid.launcher3" 9e664000 10420d 1 1
           <...>-2072  [004] ....  6970.062616: do_swap_page: swapin tgid 2072 2072 "droid.launcher3" 9e644000 2cb78 0 1
           <...>-2545  [004] ....  6970.062663: do_swap_page: swapin tgid 2514 2545 "Binder:2514_2" 14183000 b83a3 1 1
           <...>-2545  [004] ....  6970.062671: do_swap_page: swapin tgid 2514 2545 "Binder:2514_2" 7fbe286000 b8078 1 10
           <...>-2545  [004] ....  6970.062674: do_swap_page: swapin tgid 2514 2545 "Binder:2514_2" 7fbe285000 b8077 1 9
           <...>-2545  [004] ....  6970.062677: do_swap_page: swapin tgid 2514 2545 "Binder:2514_2" 7f2d61a000 bc35f 0 1
           <...>-1953  [004] ....  6970.062701: do_swap_page: swapin tgid 1921 1953 "Binder:1921_2" 7f31965000 9020e 1 1
           <...>-1953  [004] ....  6970.062712: do_swap_page: swapin tgid 1921 1953 "Binder:1921_2" 132c3000 8827e 0 1
           <...>-2456  [004] ....  6970.062768: do_swap_page: swapin tgid 2021 2456 "Binder:2021_4" 137c8000 e02ad 1 1
           <...>-2072  [004] ....  6970.062858: do_swap_page: swapin tgid 2072 2072 "droid.launcher3" 9e644000 2cb78 1 1
           <...>-2072  [004] ....  6970.062866: do_swap_page: swapin tgid 2072 2072 "droid.launcher3" 9e639000 2cb6d 0 1
           <...>-5427  [004] ....  6970.062895: do_swap_page: swapin tgid 2484 5427 "Binder:2484_5" 7fbe1f8000 b43fb 1 1
           <...>-5427  [004] ....  6970.062924: do_swap_page: swapin tgid 2484 5427 "Binder:2484_5" 12dc0000 a0c09 1 1
           <...>-5427  [004] d..2  6970.062930: free_swap_slot: swapfree cache a0c10
           <...>-5427  [004] ....  6970.062933: do_swap_page: swapin tgid 2484 5427 "Binder:2484_5" 7fbe24e000 b831c 0 1
           <...>-2072  [004] ....  6970.063034: do_swap_page: swapin tgid 2072 2072 "droid.launcher3" 9e639000 2cb6d 1 1
           <...>-2072  [004] ....  6970.063043: do_swap_page: swapin tgid 2072 2072 "droid.launcher3" 9e6a7000 104250 0 1
           <...>-5463  [004] ....  6970.063093: do_swap_page: swapin tgid 3185 5463 "Binder:3185_6" 7f2adff000 178348 1 1
           <...>-5463  [004] ....  6970.063102: do_swap_page: swapin tgid 3185 5463 "Binder:3185_6" 12c80000 1703be 0 1
           <...>-2219  [004] ....  6970.063120: do_swap_page: swapin tgid 1876 2219 "Binder:1876_4" 7f31965000 1e8885 1 1
           <...>-2219  [004] ....  6970.063130: do_swap_page: swapin tgid 1876 2219 "Binder:1876_4" 13405000 702a2 0 1
           <...>-2801  [004] ....  6970.063161: do_swap_page: swapin tgid 2782 2801 "Binder:2782_1" 7f393e0000 dc330 1 1
           <...>-2801  [004] ....  6970.063168: do_swap_page: swapin tgid 2782 2801 "Binder:2782_1" 7fbe1f8000 dc3ec 0 1
           <...>-1955  [004] ....  6970.063191: do_swap_page: swapin tgid 1955 1955 "m.android.phone" 12dc0000 1f0807 1 1
           <...>-1955  [004] ....  6970.063248: do_swap_page: swapin tgid 1955 1955 "m.android.phone" 14787000 b82ba 0 1
           <...>-2072  [004] ....  6970.063296: do_swap_page: swapin tgid 2072 2072 "droid.launcher3" 9e6a7000 104250 1 1
           <...>-2072  [004] ....  6970.063307: do_swap_page: swapin tgid 2072 2072 "droid.launcher3" 9e627000 1002d0 0 1
           <...>-2546  [004] ....  6970.063355: do_swap_page: swapin tgid 2460 2546 "Binder:2460_3" 7f393e0000 a43d8 1 1
           <...>-2546  [004] ....  6970.063361: do_swap_page: swapin tgid 2460 2546 "Binder:2460_3" 7fbe1f8000 a8391 0 1
           <...>-5021  [004] ....  6970.063391: do_swap_page: swapin tgid 5004 5021 "Binder:5004_1" 7fbe24e000 6441c 1 1
           <...>-5021  [004] ....  6970.063402: do_swap_page: swapin tgid 5004 5021 "Binder:5004_1" 7f317fe000 a4c22 1 1
           <...>-5021  [004] d..2  6970.063405: free_swap_slot: swapfree cache a4c22
           <...>-5021  [004] ....  6970.063408: do_swap_page: swapin tgid 5004 5021 "Binder:5004_1" 7f2e173000 a4c20 1 1
           <...>-5021  [004] d..2  6970.063409: swapcache_free_entries: swapfree direct cc1b
           <...>-5021  [004] d..3  6970.063410: swapcache_free_entries: swapfree direct 4c8c
           <...>-5021  [004] d..3  6970.063411: swapcache_free_entries: swapfree direct 8cf2
           <...>-5021  [004] d..3  6970.063411: swapcache_free_entries: swapfree direct 4c68
           <...>-5021  [004] d..3  6970.063412: swapcache_free_entries: swapfree direct a4c1f
           <...>-5021  [004] d..3  6970.063412: swapcache_free_entries: swapfree direct a4c19
           <...>-5021  [004] d..3  6970.063412: swapcache_free_entries: swapfree direct 9ccf1
           <...>-5021  [004] d..3  6970.063413: swapcache_free_entries: swapfree direct a0c33
           <...>-5021  [004] d..3  6970.063413: swapcache_free_entries: swapfree direct a4c13
           <...>-5021  [004] d..3  6970.063414: swapcache_free_entries: swapfree direct 1f4bab
           <...>-5021  [004] d..3  6970.063414: swapcache_free_entries: swapfree direct 1f0b4e
           <...>-5021  [004] d..3  6970.063415: swapcache_free_entries: swapfree direct 1f0b39
           <...>-5021  [004] d..3  6970.063415: swapcache_free_entries: swapfree direct 1f4b25
           <...>-5021  [004] d..3  6970.063416: swapcache_free_entries: swapfree direct 1f4b12
           <...>-5021  [004] d..3  6970.063417: swapcache_free_entries: swapfree direct a4c26
           <...>-5021  [004] d..3  6970.063417: swapcache_free_entries: swapfree direct 1e0ba4
           <...>-5021  [004] d..3  6970.063418: swapcache_free_entries: swapfree direct 1d0b51
           <...>-5021  [004] d..3  6970.063419: swapcache_free_entries: swapfree direct 1f0bf8
           <...>-5021  [004] d..3  6970.063419: swapcache_free_entries: swapfree direct 1f0bdb
           <...>-5021  [004] d..3  6970.063420: swapcache_free_entries: swapfree direct cc0d
           <...>-5021  [004] d..3  6970.063420: swapcache_free_entries: swapfree direct 4c64
           <...>-5021  [004] d..3  6970.063420: swapcache_free_entries: swapfree direct 4cf4
           <...>-5021  [004] d..3  6970.063421: swapcache_free_entries: swapfree direct 4cb1
           <...>-5021  [004] d..3  6970.063422: swapcache_free_entries: swapfree direct 4cb2
           <...>-5021  [004] d..3  6970.063422: swapcache_free_entries: swapfree direct 4c94
           <...>-5021  [004] d..3  6970.063423: swapcache_free_entries: swapfree direct 4c63
           <...>-5021  [004] d..3  6970.063423: swapcache_free_entries: swapfree direct 8c71
           <...>-5021  [004] d..3  6970.063424: swapcache_free_entries: swapfree direct 1f4bb8
           <...>-5021  [004] d..3  6970.063424: swapcache_free_entries: swapfree direct a0c0f
           <...>-5021  [004] d..3  6970.063425: swapcache_free_entries: swapfree direct 1f8b83
           <...>-5021  [004] d..3  6970.063425: swapcache_free_entries: swapfree direct 1f4bea
           <...>-5021  [004] d..3  6970.063426: swapcache_free_entries: swapfree direct 4cb4
           <...>-5021  [004] d..3  6970.063426: swapcache_free_entries: swapfree direct 4cec
           <...>-5021  [004] d..3  6970.063427: swapcache_free_entries: swapfree direct 4cfa
           <...>-5021  [004] d..3  6970.063427: swapcache_free_entries: swapfree direct 4cf1
           <...>-5021  [004] d..3  6970.063428: swapcache_free_entries: swapfree direct 4cb5
           <...>-5021  [004] d..3  6970.063428: swapcache_free_entries: swapfree direct 4ce8
           <...>-5021  [004] d..3  6970.063429: swapcache_free_entries: swapfree direct a4c0c
           <...>-5021  [004] d..3  6970.063429: swapcache_free_entries: swapfree direct 1f8b6a
           <...>-5021  [004] d..3  6970.063430: swapcache_free_entries: swapfree direct 1f8bd3
           <...>-5021  [004] d..3  6970.063430: swapcache_free_entries: swapfree direct a4c1e
           <...>-5021  [004] d..3  6970.063431: swapcache_free_entries: swapfree direct 4ce2
           <...>-5021  [004] d..3  6970.063432: swapcache_free_entries: swapfree direct 1f8b93
           <...>-5021  [004] d..3  6970.063432: swapcache_free_entries: swapfree direct 1f8b98
           <...>-5021  [004] d..3  6970.063433: swapcache_free_entries: swapfree direct 1f8b99
           <...>-5021  [004] d..3  6970.063433: swapcache_free_entries: swapfree direct 8c7c
           <...>-5021  [004] d..3  6970.063434: swapcache_free_entries: swapfree direct 8cf8
           <...>-5021  [004] d..3  6970.063434: swapcache_free_entries: swapfree direct 8c76
           <...>-5021  [004] d..3  6970.063434: swapcache_free_entries: swapfree direct a0cf0
           <...>-5021  [004] d..3  6970.063435: swapcache_free_entries: swapfree direct a0c26
           <...>-5021  [004] d..3  6970.063435: swapcache_free_entries: swapfree direct 9ccfb
           <...>-5021  [004] d..3  6970.063435: swapcache_free_entries: swapfree direct 9cce3
           <...>-5021  [004] d..3  6970.063436: swapcache_free_entries: swapfree direct 1f4ba4
           <...>-5021  [004] d..3  6970.063436: swapcache_free_entries: swapfree direct 1f4bd4
           <...>-5021  [004] d..3  6970.063437: swapcache_free_entries: swapfree direct a0cf1
           <...>-5021  [004] d..3  6970.063438: swapcache_free_entries: swapfree direct 9ccfc
           <...>-5021  [004] d..3  6970.063438: swapcache_free_entries: swapfree direct 1f0b42
           <...>-5021  [004] d..3  6970.063439: swapcache_free_entries: swapfree direct 9cce4
           <...>-5021  [004] d..3  6970.063439: swapcache_free_entries: swapfree direct a0c27
           <...>-5021  [004] d..3  6970.063440: swapcache_free_entries: swapfree direct 1f0b33
           <...>-5021  [004] d..3  6970.063440: swapcache_free_entries: swapfree direct 1f4bcb
           <...>-5021  [004] d..3  6970.063440: swapcache_free_entries: swapfree direct a4c1a
           <...>-5021  [004] d..3  6970.063441: swapcache_free_entries: swapfree direct a0c10
           <...>-5021  [004] d..3  6970.063441: swapcache_free_entries: swapfree direct a4c22
           <...>-5021  [004] d..2  6970.063442: free_swap_slot: swapfree cache a4c20
           <...>-5021  [004] ....  6970.063468: do_swap_page: swapin tgid 5004 5021 "Binder:5004_1" 12fc0000 a4c17 1 1
           <...>-5021  [004] d..2  6970.063470: free_swap_slot: swapfree cache a4c17
           <...>-5021  [004] d..2  6970.063472: free_swap_slot: swapfree cache a4c16
           <...>-5021  [004] ....  6970.063476: do_swap_page: swapin tgid 5004 5021 "Binder:5004_1" 7f34f78000 a4c23 1 1
           <...>-5021  [004] d..2  6970.063479: free_swap_slot: swapfree cache a4c23
           <...>-5021  [004] ....  6970.063481: do_swap_page: swapin tgid 5004 5021 "Binder:5004_1" 12d4a000 a4c14 1 1
           <...>-5021  [004] d..2  6970.063482: free_swap_slot: swapfree cache a4c14
           <...>-5021  [004] ....  6970.063487: do_swap_page: swapin tgid 5004 5021 "Binder:5004_1" 7fbe1e7000 604f3 0 1
           <...>-2072  [004] ....  6970.063526: do_swap_page: swapin tgid 2072 2072 "droid.launcher3" 9e627000 1002d0 1 1
           <...>-2072  [004] ....  6970.063535: do_swap_page: swapin tgid 2072 2072 "droid.launcher3" 9e5d9000 100282 0 1
           <...>-2545  [004] ....  6970.063563: do_swap_page: swapin tgid 2514 2545 "Binder:2514_2" 7f2d61a000 bc35f 1 1
           <...>-2545  [004] ....  6970.063569: do_swap_page: swapin tgid 2514 2545 "Binder:2514_2" 7f393e0000 bc3a7 0 1
   Binder:2433_5-2747  [004] ....  6970.063598: do_swap_page: swapin tgid 2433 2747 "Binder:2433_5" 7f393e0000 983b9 1 1
   Binder:2433_5-2747  [004] ....  6970.063604: do_swap_page: swapin tgid 2433 2747 "Binder:2433_5" 7fbe1f8000 9c39d 0 1
           <...>-5463  [004] ....  6970.063632: do_swap_page: swapin tgid 3185 5463 "Binder:3185_6" 12c80000 1703be 1 1
           <...>-5463  [004] ....  6970.063639: do_swap_page: swapin tgid 3185 5463 "Binder:3185_6" 12c98000 a4c02 1 1
           <...>-5463  [004] d..2  6970.063644: free_swap_slot: swapfree cache a4c07
           <...>-5463  [004] ....  6970.063647: do_swap_page: swapin tgid 3185 5463 "Binder:3185_6" 7fbe24e000 17c3c8 0 1
           <...>-1953  [004] ....  6970.063664: do_swap_page: swapin tgid 1921 1953 "Binder:1921_2" 132c3000 8827e 1 1
           <...>-1953  [004] ....  6970.063692: do_swap_page: swapin tgid 1921 1953 "Binder:1921_2" 7fbe286000 b8078 1 9
           <...>-1953  [004] ....  6970.063715: do_swap_page: swapin tgid 1921 1953 "Binder:1921_2" 7fbe285000 b8077 1 8
           <...>-1953  [004] ....  6970.063718: do_swap_page: swapin tgid 1921 1953 "Binder:1921_2" 7f393e0000 90219 0 1
           <...>-2072  [004] ....  6970.063766: do_swap_page: swapin tgid 2072 2072 "droid.launcher3" 9e5d9000 100282 1 1
           <...>-2072  [004] ....  6970.063773: do_swap_page: swapin tgid 2072 2072 "droid.launcher3" 13cc8000 1f8b7d 1 1
           <...>-2072  [004] ....  6970.063779: do_swap_page: swapin tgid 2072 2072 "droid.launcher3" 9e5da000 100283 0 1
           <...>-2801  [004] ....  6970.063802: do_swap_page: swapin tgid 2782 2801 "Binder:2782_1" 7fbe1f8000 dc3ec 1 1
           <...>-2801  [004] ....  6970.063811: do_swap_page: swapin tgid 2782 2801 "Binder:2782_1" 14740000 d43c8 0 1
           <...>-2242  [004] ....  6970.063891: do_swap_page: swapin tgid 1774 2242 "ScreenDecoratio" 9e683000 1d8b68 1 1
           <...>-2242  [004] ....  6970.063907: do_swap_page: swapin tgid 1774 2242 "ScreenDecoratio" 13cd7000 1d0b00 1 1
           <...>-2242  [004] ....  6970.063919: do_swap_page: swapin tgid 1774 2242 "ScreenDecoratio" 9e753000 82b6 0 1
           <...>-5427  [004] ....  6970.063967: do_swap_page: swapin tgid 2484 5427 "Binder:2484_5" 7fbe24e000 b831c 1 1
           <...>-5427  [004] ....  6970.063979: do_swap_page: swapin tgid 2484 5427 "Binder:2484_5" 7fbdd33000 a0c16 1 1
           <...>-5427  [004] d..2  6970.063983: free_swap_slot: swapfree cache a0c16
           <...>-5427  [004] ....  6970.063987: do_swap_page: swapin tgid 2484 5427 "Binder:2484_5" 7f29efd000 a0c11 1 1
           <...>-5427  [004] d..2  6970.063991: free_swap_slot: swapfree cache a0c11
           <...>-5427  [004] d..2  6970.063992: free_swap_slot: swapfree cache a0c09
           <...>-5427  [004] ....  6970.063996: do_swap_page: swapin tgid 2484 5427 "Binder:2484_5" 7f34f78000 a0c13 1 1
           <...>-5427  [004] d..2  6970.063997: free_swap_slot: swapfree cache a0c13
           <...>-5427  [004] ....  6970.063999: do_swap_page: swapin tgid 2484 5427 "Binder:2484_5" 140c3000 a0c0a 1 1
           <...>-5427  [004] d..2  6970.063999: free_swap_slot: swapfree cache a0c0a
           <...>-5427  [004] ....  6970.064003: do_swap_page: swapin tgid 2484 5427 "Binder:2484_5" 7fbe1e7000 b43f6 0 1
           <...>-2072  [004] ....  6970.064044: do_swap_page: swapin tgid 2072 2072 "droid.launcher3" 9e5da000 100283 1 1
           <...>-2072  [004] ....  6970.064049: do_swap_page: swapin tgid 2072 2072 "droid.launcher3" 9e6ca000 104273 0 1
           <...>-2456  [004] ....  6970.064082: do_swap_page: swapin tgid 2021 2456 "Binder:2021_4" 7fbe286000 b8078 1 8
           <...>-2456  [004] ....  6970.064087: do_swap_page: swapin tgid 2021 2456 "Binder:2021_4" 7fbe285000 b8077 1 7
           <...>-2456  [004] ....  6970.064090: do_swap_page: swapin tgid 2021 2456 "Binder:2021_4" 7f393e0000 e82fa 0 1
           <...>-2219  [004] ....  6970.064119: do_swap_page: swapin tgid 1876 2219 "Binder:1876_4" 13405000 702a2 1 1
           <...>-2219  [004] ....  6970.064147: do_swap_page: swapin tgid 1876 2219 "Binder:1876_4" 7fbe286000 b8078 1 7
           <...>-2219  [004] ....  6970.064150: do_swap_page: swapin tgid 1876 2219 "Binder:1876_4" 7fbe285000 b8077 1 6
           <...>-2219  [004] ....  6970.064153: do_swap_page: swapin tgid 1876 2219 "Binder:1876_4" 7f393e0000 7c260 0 1
           <...>-2546  [004] ....  6970.064183: do_swap_page: swapin tgid 2460 2546 "Binder:2460_3" 7fbe1f8000 a8391 1 1
           <...>-2546  [004] ....  6970.064215: do_swap_page: swapin tgid 2460 2546 "Binder:2460_3" 14740000 a037f 0 1
           <...>-2545  [004] ....  6970.064238: do_swap_page: swapin tgid 2514 2545 "Binder:2514_2" 7f393e0000 bc3a7 1 1
           <...>-2545  [004] ....  6970.064246: do_swap_page: swapin tgid 2514 2545 "Binder:2514_2" 7fbe1f8000 c035b 0 1
           <...>-5463  [004] ....  6970.064268: do_swap_page: swapin tgid 3185 5463 "Binder:3185_6" 7fbe24e000 17c3c8 1 1
           <...>-5463  [004] ....  6970.064279: do_swap_page: swapin tgid 3185 5463 "Binder:3185_6" 7fbdcc8000 a4c10 1 1
           <...>-5463  [004] d..2  6970.064282: free_swap_slot: swapfree cache a4c10
           <...>-5463  [004] ....  6970.064310: do_swap_page: swapin tgid 3185 5463 "Binder:3185_6" 7f2ae00000 a4c04 1 1
           <...>-5463  [004] d..2  6970.064311: free_swap_slot: swapfree cache a4c04
           <...>-5463  [004] ....  6970.064314: do_swap_page: swapin tgid 3185 5463 "Binder:3185_6" 12c40000 a0cff 1 1
           <...>-5463  [004] d..2  6970.064315: free_swap_slot: swapfree cache a0cff
           <...>-5463  [004] d..2  6970.064317: free_swap_slot: swapfree cache a4c02
           <...>-5463  [004] ....  6970.064320: do_swap_page: swapin tgid 3185 5463 "Binder:3185_6" 7f34f78000 a4c0e 1 1
           <...>-5463  [004] d..2  6970.064321: free_swap_slot: swapfree cache a4c0e
           <...>-5463  [004] ....  6970.064323: do_swap_page: swapin tgid 3185 5463 "Binder:3185_6" 12c84000 a4c00 1 1
           <...>-5463  [004] d..2  6970.064324: free_swap_slot: swapfree cache a4c00
           <...>-5463  [004] ....  6970.064328: do_swap_page: swapin tgid 3185 5463 "Binder:3185_6" 7fbe1e7000 17c39c 0 1
           <...>-2072  [004] ....  6970.064358: do_swap_page: swapin tgid 2072 2072 "droid.launcher3" 9e6ca000 104273 1 1
           <...>-2072  [004] ....  6970.064364: do_swap_page: swapin tgid 2072 2072 "droid.launcher3" 13cc7000 1f8b7c 1 1
           <...>-2072  [004] ....  6970.064369: do_swap_page: swapin tgid 2072 2072 "droid.launcher3" 9e5b6000 2cb34 0 1
   Binder:2433_5-2747  [004] ....  6970.064426: do_swap_page: swapin tgid 2433 2747 "Binder:2433_5" 7fbe1f8000 9c39d 1 1
   Binder:2433_5-2747  [004] ....  6970.064435: do_swap_page: swapin tgid 2433 2747 "Binder:2433_5" 14040000 803dc 0 1
           <...>-1953  [004] ....  6970.064458: do_swap_page: swapin tgid 1921 1953 "Binder:1921_2" 7f393e0000 90219 1 1
           <...>-1953  [004] ....  6970.064466: do_swap_page: swapin tgid 1921 1953 "Binder:1921_2" 7fbe1f8000 902e5 0 1
           <...>-2801  [004] ....  6970.064506: do_swap_page: swapin tgid 2782 2801 "Binder:2782_1" 14740000 d43c8 1 1
           <...>-2801  [004] ....  6970.064513: do_swap_page: swapin tgid 2782 2801 "Binder:2782_1" 12c40000 a0ce9 1 1
           <...>-2801  [004] d..2  6970.064519: free_swap_slot: swapfree cache a0cef
           <...>-2801  [004] ....  6970.064521: do_swap_page: swapin tgid 2782 2801 "Binder:2782_1" 7fbe24e000 e030c 0 1
           <...>-2072  [004] ....  6970.064555: do_swap_page: swapin tgid 2072 2072 "droid.launcher3" 9e5b6000 2cb34 1 1
           <...>-2072  [004] ....  6970.064566: do_swap_page: swapin tgid 2072 2072 "droid.launcher3" 9e6d8000 104281 0 1
           <...>-2545  [004] ....  6970.064614: do_swap_page: swapin tgid 2514 2545 "Binder:2514_2" 7fbe1f8000 c035b 1 1
           <...>-2545  [004] ....  6970.064624: do_swap_page: swapin tgid 2514 2545 "Binder:2514_2" 14180000 b83a0 0 1
           <...>-1955  [004] ....  6970.064654: do_swap_page: swapin tgid 1955 1955 "m.android.phone" 14787000 b82ba 1 1
           <...>-1955  [004] ....  6970.064686: do_swap_page: swapin tgid 1955 1955 "m.android.phone" 725c5000 bc20f 0 1
           <...>-2456  [004] ....  6970.064709: do_swap_page: swapin tgid 2021 2456 "Binder:2021_4" 7f393e0000 e82fa 1 1
           <...>-2456  [004] ....  6970.064715: do_swap_page: swapin tgid 2021 2456 "Binder:2021_4" 7fbe1f8000 ec2c7 0 1
           <...>-2072  [004] ....  6970.064755: do_swap_page: swapin tgid 2072 2072 "droid.launcher3" 9e6d8000 104281 1 1
           <...>-2072  [004] ....  6970.064762: do_swap_page: swapin tgid 2072 2072 "droid.launcher3" 13cd2000 1f8b80 1 1
           <...>-2072  [004] ....  6970.064765: do_swap_page: swapin tgid 2072 2072 "droid.launcher3" 13cd3000 1f8b81 1 1
           <...>-2072  [004] ....  6970.064768: do_swap_page: swapin tgid 2072 2072 "droid.launcher3" 9e6f2000 10429b 0 1
           <...>-2546  [004] ....  6970.064790: do_swap_page: swapin tgid 2460 2546 "Binder:2460_3" 14740000 a037f 1 1
           <...>-2546  [004] ....  6970.064797: do_swap_page: swapin tgid 2460 2546 "Binder:2460_3" 12c40000 9ccf3 1 1
           <...>-2546  [004] d..2  6970.064801: free_swap_slot: swapfree cache 9ccf9
           <...>-2546  [004] ....  6970.064803: do_swap_page: swapin tgid 2460 2546 "Binder:2460_3" 7fbe24e000 a83af 0 1
   Binder:2433_5-2747  [004] ....  6970.064849: do_swap_page: swapin tgid 2433 2747 "Binder:2433_5" 14040000 803dc 1 1
           <...>-2072  [004] ....  6970.065063: do_swap_page: swapin tgid 2072 2072 "droid.launcher3" 9e6f2000 10429b 1 1
           <...>-2072  [004] ....  6970.065069: do_swap_page: swapin tgid 2072 2072 "droid.launcher3" 9e5e3000 2cb4d 0 1
           <...>-2219  [004] ....  6970.065101: do_swap_page: swapin tgid 1876 2219 "Binder:1876_4" 7f393e0000 7c260 1 1
           <...>-2219  [004] ....  6970.065108: do_swap_page: swapin tgid 1876 2219 "Binder:1876_4" 7fbe1f8000 1e88a7 0 1
           <...>-1953  [004] ....  6970.065135: do_swap_page: swapin tgid 1921 1953 "Binder:1921_2" 7fbe1f8000 902e5 1 1
           <...>-1953  [004] ....  6970.065143: do_swap_page: swapin tgid 1921 1953 "Binder:1921_2" 7f2e074000 8c2ea 0 1
           <...>-5427  [004] ....  6970.065168: do_swap_page: swapin tgid 2484 5427 "Binder:2484_5" 7fbe1e7000 b43f6 1 1
           <...>-5427  [004] ....  6970.065192: do_swap_page: swapin tgid 2484 5427 "Binder:2484_5" 7fbe17f000 b43da 0 1
           <...>-2072  [004] ....  6970.065215: do_swap_page: swapin tgid 2072 2072 "droid.launcher3" 9e5e3000 2cb4d 1 1
           <...>-2072  [004] ....  6970.065240: do_swap_page: swapin tgid 2072 2072 "droid.launcher3" 9e651000 2cb85 0 1
           <...>-5463  [004] ....  6970.065279: do_swap_page: swapin tgid 3185 5463 "Binder:3185_6" 7fbe1e7000 17c39c 1 1
           <...>-5463  [004] ....  6970.065287: do_swap_page: swapin tgid 3185 5463 "Binder:3185_6" 7fbe17f000 17c37b 0 1
           <...>-2456  [004] ....  6970.065305: do_swap_page: swapin tgid 2021 2456 "Binder:2021_4" 7fbe1f8000 ec2c7 1 1
           <...>-2456  [004] ....  6970.065328: do_swap_page: swapin tgid 2021 2456 "Binder:2021_4" 7f28ef0000 e42c9 0 1
           <...>-2801  [004] ....  6970.065378: do_swap_page: swapin tgid 2782 2801 "Binder:2782_1" 7fbe24e000 e030c 1 1
           <...>-2801  [004] ....  6970.065388: do_swap_page: swapin tgid 2782 2801 "Binder:2782_1" 7f317fe000 a0cf5 1 1
           <...>-2801  [004] d..2  6970.065391: free_swap_slot: swapfree cache a0cf5
           <...>-2801  [004] ....  6970.065396: do_swap_page: swapin tgid 2782 2801 "Binder:2782_1" 7f2e173000 a0cf3 1 1
           <...>-2801  [004] d..2  6970.065397: free_swap_slot: swapfree cache a0cf3
           <...>-2801  [004] d..2  6970.065399: free_swap_slot: swapfree cache a0ce9
           <...>-2801  [004] ....  6970.065402: do_swap_page: swapin tgid 2782 2801 "Binder:2782_1" 7f34f78000 a0cf6 1 1
           <...>-2801  [004] d..2  6970.065416: free_swap_slot: swapfree cache a0cf6
           <...>-2801  [004] ....  6970.065418: do_swap_page: swapin tgid 2782 2801 "Binder:2782_1" 14743000 a0cea 1 1
           <...>-2801  [004] d..2  6970.065419: free_swap_slot: swapfree cache a0cea
           <...>-2801  [004] ....  6970.065423: do_swap_page: swapin tgid 2782 2801 "Binder:2782_1" 7fbe1e7000 dc3e7 0 1
           <...>-2072  [004] ....  6970.065452: do_swap_page: swapin tgid 2072 2072 "droid.launcher3" 9e651000 2cb85 1 1
           <...>-2072  [004] ....  6970.065458: do_swap_page: swapin tgid 2072 2072 "droid.launcher3" 9e6a9000 1f8baa 1 1
           <...>-2072  [004] ....  6970.065462: do_swap_page: swapin tgid 2072 2072 "droid.launcher3" 9e652000 2cb86 0 1
      android.ui-1356  [004] d..2  6970.065689: free_swap_slot: swapfree cache 1a4bf6
      android.ui-1356  [004] ....  6970.065711: do_swap_page: swapin tgid 1335 1356 "android.ui" 7ed0f5f000 1bcb02 1 1
      android.ui-1356  [004] d..2  6970.065714: free_swap_slot: swapfree cache 1bcb02
      android.ui-1356  [004] d..2  6970.065761: free_swap_slot: swapfree cache 198b6d
      android.ui-1356  [004] ....  6970.065784: do_swap_page: swapin tgid 1335 1356 "android.ui" 7ed0f5e000 1bcb01 1 1
      android.ui-1356  [004] d..2  6970.065788: free_swap_slot: swapfree cache 1bcb01
      android.ui-1356  [004] d..2  6970.065796: free_swap_slot: swapfree cache 18cbca
      android.ui-1356  [004] d..2  6970.065802: free_swap_slot: swapfree cache 1b4b0c
      android.ui-1356  [004] ....  6970.065817: do_swap_page: swapin tgid 1335 1356 "android.ui" 7eb4d97000 1b0b83 1 1
      android.ui-1356  [004] d..2  6970.065822: free_swap_slot: swapfree cache 1b0b83
           <...>-1359  [004] d..2  6970.065858: free_swap_slot: swapfree cache 1b4be0
           <...>-1359  [004] d..2  6970.065865: free_swap_slot: swapfree cache 1bcb6a
           <...>-1359  [004] ....  6970.065870: do_swap_page: swapin tgid 1335 1359 "android.anim" 7ecc882000 1b4be1 1 1
           <...>-1359  [004] ....  6970.065874: do_swap_page: swapin tgid 1335 1359 "android.anim" 7ecc880000 1b4bdf 1 1
           <...>-1359  [004] d..2  6970.065875: free_swap_slot: swapfree cache 1b4bdf
           <...>-1359  [004] ....  6970.065879: do_swap_page: swapin tgid 1335 1359 "android.anim" 7ecc87f000 1b4bde 1 1
           <...>-1359  [004] d..2  6970.065887: free_swap_slot: swapfree cache 1c0bbf
           <...>-1359  [004] d..2  6970.065897: free_swap_slot: swapfree cache 1b4be1
           <...>-1359  [004] ....  6970.065902: do_swap_page: swapin tgid 1335 1359 "android.anim" 7f28b15000 1bcb8d 1 1
           <...>-1359  [004] ....  6970.065908: do_swap_page: swapin tgid 1335 1359 "android.anim" 7f28b1f000 1bcb96 1 1
           <...>-1359  [004] ....  6970.065912: do_swap_page: swapin tgid 1335 1359 "android.anim" 7f28bd7000 1bcbce 1 1
           <...>-1359  [004] d..2  6970.065915: free_swap_slot: swapfree cache 1bcb96
           <...>-1359  [004] d..2  6970.065918: free_swap_slot: swapfree cache 1bcbce
           <...>-1359  [004] ....  6970.065924: do_swap_page: swapin tgid 1335 1359 "android.anim" 7fbe166000 1c4b76 1 1
           <...>-1359  [004] ....  6970.065930: do_swap_page: swapin tgid 1335 1359 "android.anim" 7f28b4b000 1bcbad 1 1
           <...>-1359  [004] d..2  6970.065931: free_swap_slot: swapfree cache 1bcbad
           <...>-1359  [004] d..2  6970.065932: free_swap_slot: swapfree cache 1bcb8d
           <...>-1359  [004] ....  6970.065968: do_swap_page: swapin tgid 1335 1359 "android.anim" 9e90e000 1541bc 0 1
           <...>-2072  [004] ....  6970.066057: do_swap_page: swapin tgid 2072 2072 "droid.launcher3" 9e652000 2cb86 1 1
           <...>-2072  [004] ....  6970.066069: do_swap_page: swapin tgid 2072 2072 "droid.launcher3" 9e666000 10420f 0 1
           <...>-2545  [004] ....  6970.066120: do_swap_page: swapin tgid 2514 2545 "Binder:2514_2" 14180000 b83a0 1 1
           <...>-2545  [004] ....  6970.066146: do_swap_page: swapin tgid 2514 2545 "Binder:2514_2" 12c40000 a0c1e 1 1
           <...>-2545  [004] d..2  6970.066151: free_swap_slot: swapfree cache a0c24
           <...>-2545  [004] ....  6970.066155: do_swap_page: swapin tgid 2514 2545 "Binder:2514_2" 7fbe24e000 c037a 0 1
           <...>-1359  [004] ....  6970.066183: do_swap_page: swapin tgid 1335 1359 "android.anim" 9e90e000 1541bc 1 1
           <...>-1359  [004] ....  6970.066218: do_swap_page: swapin tgid 1335 1359 "android.anim" 9e8ef000 15419d 0 1
           <...>-2072  [004] ....  6970.066262: do_swap_page: swapin tgid 2072 2072 "droid.launcher3" 9e666000 10420f 1 1
           <...>-2072  [004] ....  6970.066269: do_swap_page: swapin tgid 2072 2072 "droid.launcher3" 9e5ea000 2cb51 0 1
           <...>-5021  [004] ....  6970.066299: do_swap_page: swapin tgid 5004 5021 "Binder:5004_1" 7fbe1e7000 604f3 1 1
           <...>-5021  [004] ....  6970.066305: do_swap_page: swapin tgid 5004 5021 "Binder:5004_1" 7fbe17f000 604cf 0 1
           <...>-2242  [004] ....  6970.066347: do_swap_page: swapin tgid 1774 2242 "ScreenDecoratio" 9e753000 82b6 1 1
           <...>-1359  [004] ....  6970.066433: do_swap_page: swapin tgid 1335 1359 "android.anim" 9e8ef000 15419d 1 1
           <...>-1359  [004] ....  6970.066500: do_swap_page: swapin tgid 1335 1359 "android.anim" 7ecc87e000 1b4bdd 1 1
           <...>-1359  [004] ....  6970.066511: do_swap_page: swapin tgid 1335 1359 "android.anim" 7f28b20000 1bcb97 1 1
           <...>-1359  [004] d..2  6970.066515: free_swap_slot: swapfree cache 1bcb97
           <...>-1359  [004] d..2  6970.066530: free_swap_slot: swapfree cache 198b37
           <...>-1359  [004] ....  6970.066554: do_swap_page: swapin tgid 1335 1359 "android.anim" 7ed0eaa000 1c4162 0 1
           <...>-2072  [004] ....  6970.066590: do_swap_page: swapin tgid 2072 2072 "droid.launcher3" 9e5ea000 2cb51 1 1
           <...>-2072  [004] ....  6970.066598: do_swap_page: swapin tgid 2072 2072 "droid.launcher3" 9e69e000 1f8ba3 1 1
           <...>-2072  [004] ....  6970.066603: do_swap_page: swapin tgid 2072 2072 "droid.launcher3" 9e5ba000 2cb36 0 1
           <...>-1955  [004] ....  6970.066711: do_swap_page: swapin tgid 1955 1955 "m.android.phone" 725c5000 bc20f 1 1
           <...>-1955  [004] ....  6970.066724: do_swap_page: swapin tgid 1955 1955 "m.android.phone" 726c1000 bc25c 0 1
           <...>-2219  [004] ....  6970.066772: do_swap_page: swapin tgid 1876 2219 "Binder:1876_4" 7fbe1f8000 1e88a7 1 1
           <...>-2219  [004] ....  6970.066782: do_swap_page: swapin tgid 1876 2219 "Binder:1876_4" 7ecf3bf000 7427e 0 1
           <...>-1359  [004] ....  6970.066810: do_swap_page: swapin tgid 1335 1359 "android.anim" 7ed0eaa000 1c4162 1 1
           <...>-1359  [004] d..2  6970.067076: free_swap_slot: swapfree cache 1a8b28
           <...>-1359  [004] d..2  6970.067080: free_swap_slot: swapfree cache 1a8bcf
           <...>-9112  [004] ....  6970.067148: do_swap_page: swapin tgid 1774 9112 "Binder:1774_8" 9e644000 1d8b43 1 1
           <...>-740   [004] ....  6970.067211: do_swap_page: swapin tgid 601 740 "Binder:601_3" 7fa7fd3000 124bac 1 1
           <...>-740   [004] ....  6970.067220: do_swap_page: swapin tgid 601 740 "Binder:601_3" 7fbc9fc000 64075 0 1
           <...>-2072  [004] ....  6970.067253: do_swap_page: swapin tgid 2072 2072 "droid.launcher3" 9e5ba000 2cb36 1 1
           <...>-2072  [004] ....  6970.067259: do_swap_page: swapin tgid 2072 2072 "droid.launcher3" 9e6e7000 104290 0 1
   Binder:2433_5-2747  [004] ....  6970.067287: do_swap_page: swapin tgid 2433 2747 "Binder:2433_5" 12c40000 9ccd7 1 1
   Binder:2433_5-2747  [004] d..2  6970.067293: free_swap_slot: swapfree cache 9cce6
   Binder:2433_5-2747  [004] ....  6970.067297: do_swap_page: swapin tgid 2433 2747 "Binder:2433_5" 7fbe24e000 9c3c6 0 1
           <...>-2546  [004] ....  6970.067327: do_swap_page: swapin tgid 2460 2546 "Binder:2460_3" 7fbe24e000 a83af 1 1
           <...>-2546  [004] ....  6970.067338: do_swap_page: swapin tgid 2460 2546 "Binder:2460_3" 7f31452000 a0c03 1 1
           <...>-2546  [004] d..2  6970.067341: free_swap_slot: swapfree cache a0c03
           <...>-2546  [004] ....  6970.067364: do_swap_page: swapin tgid 2460 2546 "Binder:2460_3" 7f2dd84000 a0c01 1 1
           <...>-2546  [004] d..2  6970.067366: free_swap_slot: swapfree cache a0c01
           <...>-2546  [004] d..2  6970.067368: free_swap_slot: swapfree cache 9ccf3
           <...>-2546  [004] ....  6970.067372: do_swap_page: swapin tgid 2460 2546 "Binder:2460_3" 7f34f78000 a0c04 1 1
           <...>-2546  [004] d..2  6970.067374: free_swap_slot: swapfree cache a0c04
           <...>-2546  [004] ....  6970.067375: do_swap_page: swapin tgid 2460 2546 "Binder:2460_3" 14743000 9ccf4 1 1
           <...>-2546  [004] d..2  6970.067376: free_swap_slot: swapfree cache 9ccf4
           <...>-2546  [004] ....  6970.067393: do_swap_page: swapin tgid 2460 2546 "Binder:2460_3" 7fbe1e7000 a838b 0 1
           <...>-740   [004] ....  6970.067415: do_swap_page: swapin tgid 601 740 "Binder:601_3" 7fbc9fc000 64075 1 1
           <...>-740   [004] d..2  6970.067423: free_swap_slot: swapfree cache 124bac
           <...>-1359  [004] ....  6970.067563: do_swap_page: swapin tgid 1335 1359 "android.anim" 9e8e6000 154194 0 1
           <...>-2072  [004] ....  6970.067610: do_swap_page: swapin tgid 2072 2072 "droid.launcher3" 9e6e7000 104290 1 1
           <...>-2072  [004] d..2  6970.067622: free_swap_slot: swapfree cache 1f8b7b
           <...>-2072  [004] ....  6970.067624: do_swap_page: swapin tgid 2072 2072 "droid.launcher3" 9e5e6000 2cb4f 0 1
           <...>-5427  [004] ....  6970.067654: do_swap_page: swapin tgid 2484 5427 "Binder:2484_5" 7fbe17f000 b43da 1 1
           <...>-5427  [004] ....  6970.067660: do_swap_page: swapin tgid 2484 5427 "Binder:2484_5" 7fbe20a000 b8300 0 1
           <...>-1953  [004] ....  6970.067685: do_swap_page: swapin tgid 1921 1953 "Binder:1921_2" 7f2e074000 8c2ea 1 1
           <...>-1953  [004] ....  6970.067695: do_swap_page: swapin tgid 1921 1953 "Binder:1921_2" 132c0000 8827b 0 1
           <...>-1359  [004] ....  6970.067745: do_swap_page: swapin tgid 1335 1359 "android.anim" 9e8e6000 154194 1 1
           <...>-1359  [004] ....  6970.067794: do_swap_page: swapin tgid 1335 1359 "android.anim" 7fbe188000 1c4b7c 1 1
           <...>-1359  [004] d..2  6970.067801: free_swap_slot: swapfree cache 1c4b7c
           <...>-1359  [004] ....  6970.067851: do_swap_page: swapin tgid 1335 1359 "android.anim" 9e8dc000 15418a 0 1
           <...>-2072  [004] ....  6970.067874: do_swap_page: swapin tgid 2072 2072 "droid.launcher3" 9e5e6000 2cb4f 1 1
           <...>-2072  [004] ....  6970.067881: do_swap_page: swapin tgid 2072 2072 "droid.launcher3" 13cdf000 1f8b84 1 1
           <...>-2072  [004] ....  6970.067886: do_swap_page: swapin tgid 2072 2072 "droid.launcher3" 9e60c000 2cb65 0 1
           <...>-5463  [004] ....  6970.067915: do_swap_page: swapin tgid 3185 5463 "Binder:3185_6" 7fbe17f000 17c37b 1 1
           <...>-5463  [004] ....  6970.067922: do_swap_page: swapin tgid 3185 5463 "Binder:3185_6" 7fbe20a000 17c3a8 0 1
           <...>-5021  [004] ....  6970.067941: do_swap_page: swapin tgid 5004 5021 "Binder:5004_1" 7fbe17f000 604cf 1 1
           <...>-5021  [004] ....  6970.067946: do_swap_page: swapin tgid 5004 5021 "Binder:5004_1" 7fbe20a000 64400 0 1
           <...>-2456  [004] ....  6970.067965: do_swap_page: swapin tgid 2021 2456 "Binder:2021_4" 7f28ef0000 e42c9 1 1
           <...>-2456  [004] ....  6970.067975: do_swap_page: swapin tgid 2021 2456 "Binder:2021_4" 137c0000 e02a5 0 1
           <...>-1359  [004] ....  6970.068020: do_swap_page: swapin tgid 1335 1359 "android.anim" 9e8dc000 15418a 1 1
           <...>-1359  [004] ....  6970.068043: do_swap_page: swapin tgid 1335 1359 "android.anim" 7e70696000 1a8be3 1 1
           <...>-1359  [004] d..2  6970.068070: free_swap_slot: swapfree cache 1a8be3
           <...>-1359  [004] ....  6970.068134: do_swap_page: swapin tgid 1335 1359 "android.anim" 7e87cee000 1b0b19 1 1
           <...>-1359  [004] d..2  6970.068137: free_swap_slot: swapfree cache 1b0b19
           <...>-1359  [004] d..2  6970.068154: free_swap_slot: swapfree cache 1b4bc3
           <...>-1359  [004] ....  6970.068166: do_swap_page: swapin tgid 1335 1359 "android.anim" 7e87cef000 1b0b1a 1 1
           <...>-1359  [004] d..2  6970.068168: free_swap_slot: swapfree cache 1b0b1a
           <...>-1359  [004] ....  6970.068210: do_swap_page: swapin tgid 1335 1359 "android.anim" 7f28b33000 1bcba1 1 1
           <...>-1359  [004] d..2  6970.068212: free_swap_slot: swapfree cache 1bcba1
           <...>-1359  [004] ....  6970.068215: do_swap_page: swapin tgid 1335 1359 "android.anim" 7f28b34000 1bcba2 1 1
           <...>-1359  [004] d..2  6970.068216: free_swap_slot: swapfree cache 1bcba2
           <...>-1359  [004] ....  6970.068240: do_swap_page: swapin tgid 1335 1359 "android.anim" 7eb4da4000 1b0b89 1 1
           <...>-1359  [004] d..2  6970.068244: free_swap_slot: swapfree cache 1b0b89
           <...>-1359  [004] d..2  6970.068255: free_swap_slot: swapfree cache 1b4bde
           <...>-1359  [004] ....  6970.068277: do_swap_page: swapin tgid 1335 1359 "android.anim" 7e87d7c000 1b0b33 1 1
           <...>-1359  [004] d..2  6970.068284: free_swap_slot: swapfree cache 1b0b33
           <...>-1359  [004] ....  6970.068310: do_swap_page: swapin tgid 1335 1359 "android.anim" 7e70d81000 1305f5 0 1
           <...>-2072  [004] ....  6970.068338: do_swap_page: swapin tgid 2072 2072 "droid.launcher3" 9e60c000 2cb65 1 1
           <...>-2072  [004] ....  6970.068344: do_swap_page: swapin tgid 2072 2072 "droid.launcher3" 9e6fc000 1042a5 0 1
           <...>-5463  [004] ....  6970.068372: do_swap_page: swapin tgid 3185 5463 "Binder:3185_6" 7fbe20a000 17c3a8 1 1
           <...>-5463  [004] ....  6970.068382: do_swap_page: swapin tgid 3185 5463 "Binder:3185_6" 7fbce26000 b400e 1 13
           <...>-5463  [004] ....  6970.068385: do_swap_page: swapin tgid 3185 5463 "Binder:3185_6" 7fbce22000 17c34e 0 1
           <...>-1955  [004] ....  6970.068403: do_swap_page: swapin tgid 1955 1955 "m.android.phone" 726c1000 bc25c 1 1
           <...>-1955  [004] ....  6970.068410: do_swap_page: swapin tgid 1955 1955 "m.android.phone" 726c2000 a4018 1 24
           <...>-1955  [004] ....  6970.068413: do_swap_page: swapin tgid 1955 1955 "m.android.phone" 726c4000 a401a 1 25
           <...>-1955  [004] ....  6970.068416: do_swap_page: swapin tgid 1955 1955 "m.android.phone" 726c5000 1f0bf3 1 1
           <...>-1955  [004] ....  6970.068422: do_swap_page: swapin tgid 1955 1955 "m.android.phone" 72623000 a0079 1 25
           <...>-1955  [004] d..2  6970.068426: free_swap_slot: swapfree cache 1f0bf3
           <...>-1955  [004] ....  6970.068436: do_swap_page: swapin tgid 1955 1955 "m.android.phone" 726c7000 a401d 1 25
           <...>-1955  [004] ....  6970.068442: do_swap_page: swapin tgid 1955 1955 "m.android.phone" 7271d000 bc263 0 1
           <...>-5427  [004] ....  6970.068469: do_swap_page: swapin tgid 2484 5427 "Binder:2484_5" 7fbe20a000 b8300 1 1
           <...>-5427  [004] ....  6970.068498: do_swap_page: swapin tgid 2484 5427 "Binder:2484_5" 7fbce26000 b400e 1 12
           <...>-5427  [004] ....  6970.068501: do_swap_page: swapin tgid 2484 5427 "Binder:2484_5" 7fbce22000 b4390 0 1
           <...>-1359  [004] ....  6970.068547: do_swap_page: swapin tgid 1335 1359 "android.anim" 7e70d81000 1305f5 1 1
           <...>-1359  [004] ....  6970.068608: do_swap_page: swapin tgid 1335 1359 "android.anim" 7e5bab6000 1a4be8 1 1
           <...>-1359  [004] d..2  6970.068614: swapcache_free_entries: swapfree direct a4c20
           <...>-1359  [004] d..3  6970.068615: swapcache_free_entries: swapfree direct a4c17
           <...>-1359  [004] d..3  6970.068616: swapcache_free_entries: swapfree direct a4c16
           <...>-1359  [004] d..3  6970.068616: swapcache_free_entries: swapfree direct a4c23
           <...>-1359  [004] d..3  6970.068617: swapcache_free_entries: swapfree direct a4c14
           <...>-1359  [004] d..3  6970.068617: swapcache_free_entries: swapfree direct a4c07
           <...>-1359  [004] d..3  6970.068618: swapcache_free_entries: swapfree direct a0c16
           <...>-1359  [004] d..3  6970.068618: swapcache_free_entries: swapfree direct a0c11
