           <...>-5596  [004] ....  8648.391862: do_swap_page: swapin tgid 5596 5596 "droid.bluetooth" 7fbe15c000 fcede 1 1
           <...>-5596  [004] d..2  8648.391864: free_swap_slot: swapfree cache fcedf
           <...>-5596  [004] ....  8648.391866: do_swap_page: swapin tgid 5596 5596 "droid.bluetooth" 7fbe177000 fcee2 1 1
           <...>-5596  [004] d..2  8648.391869: free_swap_slot: swapfree cache fcee2
           <...>-5596  [004] ....  8648.391872: do_swap_page: swapin tgid 5596 5596 "droid.bluetooth" 7f28b2c000 fce8c 1 1
           <...>-5596  [004] d..2  8648.391873: free_swap_slot: swapfree cache fce8c
           <...>-5596  [004] ....  8648.391876: do_swap_page: swapin tgid 5596 5596 "droid.bluetooth" 7f28b3c000 fce8d 1 1
           <...>-5596  [004] d..2  8648.391879: free_swap_slot: swapfree cache fcedb
           <...>-5596  [004] d..2  8648.391880: free_swap_slot: swapfree cache fce85
           <...>-5596  [004] ....  8648.391883: do_swap_page: swapin tgid 5596 5596 "droid.bluetooth" 7fffffc000 100e0a 1 1
           <...>-5596  [004] d..2  8648.391884: free_swap_slot: swapfree cache 100e0a
           <...>-5596  [004] ....  8648.391886: do_swap_page: swapin tgid 5596 5596 "droid.bluetooth" 7fbe1c5000 fceec 1 1
           <...>-5596  [004] d..2  8648.391887: free_swap_slot: swapfree cache fceec
           <...>-5596  [004] d..2  8648.391888: free_swap_slot: swapfree cache fcede
           <...>-5596  [004] ....  8648.391892: do_swap_page: swapin tgid 5596 5596 "droid.bluetooth" 7fbe1ca000 fceed 1 1
           <...>-5596  [004] d..2  8648.391892: free_swap_slot: swapfree cache fceed
           <...>-5596  [004] ....  8648.391896: do_swap_page: swapin tgid 5596 5596 "droid.bluetooth" 14111000 98420 0 1
           <...>-5427  [004] ....  8648.391928: do_swap_page: swapin tgid 2484 5427 "Binder:2484_5" 140c0000 ac364 1 1
           <...>-5427  [004] ....  8648.391934: do_swap_page: swapin tgid 2484 5427 "Binder:2484_5" 140d0000 f4e61 1 1
           <...>-5427  [004] d..2  8648.391936: free_swap_slot: swapfree cache f4e61
           <...>-5427  [004] ....  8648.391941: do_swap_page: swapin tgid 2484 5427 "Binder:2484_5" 7f34f7d000 f4e6a 1 1
           <...>-5427  [004] d..2  8648.391942: free_swap_slot: swapfree cache f4e6a
           <...>-5427  [004] ....  8648.391943: do_swap_page: swapin tgid 2484 5427 "Binder:2484_5" 7f350ef000 f4e6b 1 1
           <...>-5427  [004] d..2  8648.391944: free_swap_slot: swapfree cache f4e6b
           <...>-5427  [004] ....  8648.391948: do_swap_page: swapin tgid 2484 5427 "Binder:2484_5" 725cd000 ac387 0 1
           <...>-2072  [004] ....  8648.391987: do_swap_page: swapin tgid 2072 2072 "droid.launcher3" 7f28b04000 12c23a 1 1
           <...>-2072  [004] d..2  8648.392014: free_swap_slot: swapfree cache 6cef4
           <...>-2072  [004] ....  8648.392017: do_swap_page: swapin tgid 2072 2072 "droid.launcher3" 9e64a000 28d01 0 1
           <...>-1953  [004] ....  8648.392050: do_swap_page: swapin tgid 1921 1953 "Binder:1921_2" 7f2d16b000 8c28e 1 1
           <...>-1953  [004] ....  8648.392059: do_swap_page: swapin tgid 1921 1953 "Binder:1921_2" 7f39800000 9021e 0 1
           <...>-2072  [004] ....  8648.392221: do_swap_page: swapin tgid 2072 2072 "droid.launcher3" 9e64a000 28d01 1 1
           <...>-2072  [004] ....  8648.392246: do_swap_page: swapin tgid 2072 2072 "droid.launcher3" 9e657000 28d0e 0 1
           <...>-5463  [004] ....  8648.392345: do_swap_page: swapin tgid 3185 5463 "Binder:3185_6" 12c89000 1703c7 1 1
           <...>-5463  [004] ....  8648.392354: do_swap_page: swapin tgid 3185 5463 "Binder:3185_6" 7fbe286000 b8078 1 8
           <...>-5463  [004] ....  8648.392356: do_swap_page: swapin tgid 3185 5463 "Binder:3185_6" 7fbe285000 b8077 1 7
           <...>-5463  [004] ....  8648.392381: do_swap_page: swapin tgid 3185 5463 "Binder:3185_6" 7f393e0000 1783dd 0 1
           <...>-5596  [004] ....  8648.392402: do_swap_page: swapin tgid 5596 5596 "droid.bluetooth" 14111000 98420 1 1
           <...>-5596  [004] ....  8648.392440: do_swap_page: swapin tgid 5596 5596 "droid.bluetooth" 7fbbdb2000 b00c8 1 18
           <...>-5596  [004] ....  8648.392445: do_swap_page: swapin tgid 5596 5596 "droid.bluetooth" 7f2d681000 989c7 0 1
           <...>-16547 [004] ....  8648.392470: do_swap_page: swapin tgid 16531 16547 "Binder:16531_3" 7f2df8c000 12097f 1 1
           <...>-16547 [004] ....  8648.392477: do_swap_page: swapin tgid 16531 16547 "Binder:16531_3" 7f2d613000 160e59 1 1
           <...>-16547 [004] ....  8648.392483: do_swap_page: swapin tgid 16531 16547 "Binder:16531_3" 7fbe180000 160e64 1 1
           <...>-16547 [004] d..2  8648.392489: free_swap_slot: swapfree cache 160e59
           <...>-16547 [004] ....  8648.392494: do_swap_page: swapin tgid 16531 16547 "Binder:16531_3" 7f2d611000 180dac 0 1
           <...>-2072  [004] ....  8648.392514: do_swap_page: swapin tgid 2072 2072 "droid.launcher3" 9e657000 28d0e 1 1
           <...>-2072  [004] ....  8648.392519: do_swap_page: swapin tgid 2072 2072 "droid.launcher3" 9e6ae000 104257 0 1
           <...>-5596  [004] ....  8648.392600: do_swap_page: swapin tgid 5596 5596 "droid.bluetooth" 7f2d681000 989c7 1 1
           <...>-5596  [004] ....  8648.392606: do_swap_page: swapin tgid 5596 5596 "droid.bluetooth" 7f2d623000 a04f5 0 1
           <...>-2072  [004] ....  8648.392697: do_swap_page: swapin tgid 2072 2072 "droid.launcher3" 9e6ae000 104257 1 1
           <...>-2072  [004] ....  8648.392703: do_swap_page: swapin tgid 2072 2072 "droid.launcher3" 9e660000 28d17 0 1
           <...>-1955  [004] ....  8648.392732: do_swap_page: swapin tgid 1955 1955 "m.android.phone" 7f28a22000 cc2f7 1 1
           <...>-1955  [004] d..2  8648.392739: free_swap_slot: swapfree cache 68eb0
           <...>-1955  [004] ....  8648.392744: do_swap_page: swapin tgid 1955 1955 "m.android.phone" 7fbdc7c000 d82df 0 1
           <...>-2456  [004] ....  8648.392772: do_swap_page: swapin tgid 2021 2456 "Binder:2021_4" 7f39800000 e82ff 1 1
           <...>-2456  [004] d..2  8648.392778: free_swap_slot: swapfree cache 6ce24
           <...>-2456  [004] ....  8648.392787: do_swap_page: swapin tgid 2021 2456 "Binder:2021_4" 137c1000 e02a6 0 1
           <...>-5596  [004] ....  8648.392827: do_swap_page: swapin tgid 5596 5596 "droid.bluetooth" 7f2d623000 a04f5 1 1
           <...>-5596  [004] ....  8648.392835: do_swap_page: swapin tgid 5596 5596 "droid.bluetooth" 7f28a4e000 fce83 1 1
           <...>-5596  [004] d..2  8648.392837: free_swap_slot: swapfree cache fce83
           <...>-5596  [004] d..2  8648.392838: free_swap_slot: swapfree cache fce8d
           <...>-5596  [004] ....  8648.392906: do_swap_page: swapin tgid 5596 5596 "droid.bluetooth" 7f289bb000 fce7f 1 1
           <...>-5596  [004] d..2  8648.392908: free_swap_slot: swapfree cache fce7f
           <...>-17573 [004] ....  8648.393005: do_swap_page: swapin tgid 17506 17573 "Binder:17506_5" 7f2affc000 12c915 1 1
           <...>-17573 [004] ....  8648.393013: do_swap_page: swapin tgid 17506 17573 "Binder:17506_5" 7f2d687000 160e73 1 1
           <...>-17573 [004] ....  8648.393018: do_swap_page: swapin tgid 17506 17573 "Binder:17506_5" 7fbe180000 160e78 1 1
           <...>-17573 [004] d..2  8648.393021: free_swap_slot: swapfree cache 160e73
           <...>-17573 [004] ....  8648.393024: do_swap_page: swapin tgid 17506 17573 "Binder:17506_5" 7f2d611000 184de1 0 1
           <...>-5596  [004] ....  8648.393048: do_swap_page: swapin tgid 5596 5596 "droid.bluetooth" 7fbe1d0000 fceee 1 1
           <...>-5596  [004] d..2  8648.393058: free_swap_slot: swapfree cache fce46
           <...>-5596  [004] ....  8648.393061: do_swap_page: swapin tgid 5596 5596 "droid.bluetooth" 12c40000 fce37 1 1
           <...>-5596  [004] d..2  8648.393064: free_swap_slot: swapfree cache fce37
           <...>-5596  [004] ....  8648.393066: do_swap_page: swapin tgid 5596 5596 "droid.bluetooth" 72398000 9843b 0 1
           <...>-2072  [004] ....  8648.393097: do_swap_page: swapin tgid 2072 2072 "droid.launcher3" 9e660000 28d17 1 1
           <...>-2072  [004] ....  8648.393116: do_swap_page: swapin tgid 2072 2072 "droid.launcher3" 9e626000 1002cf 0 1
           <...>-1953  [004] ....  8648.393140: do_swap_page: swapin tgid 1921 1953 "Binder:1921_2" 7f39800000 9021e 1 1
           <...>-1953  [004] d..2  8648.393146: free_swap_slot: swapfree cache 64ed0
           <...>-1953  [004] ....  8648.393155: do_swap_page: swapin tgid 1921 1953 "Binder:1921_2" 7f350ef000 64ede 1 1
           <...>-1953  [004] d..2  8648.393157: free_swap_slot: swapfree cache 64ede
           <...>-1953  [004] ....  8648.393161: do_swap_page: swapin tgid 1921 1953 "Binder:1921_2" 725cd000 88294 0 1
           <...>-5596  [004] ....  8648.393206: do_swap_page: swapin tgid 5596 5596 "droid.bluetooth" 72398000 9843b 1 1
           <...>-5596  [004] ....  8648.393216: do_swap_page: swapin tgid 5596 5596 "droid.bluetooth" 7fbe167000 a84a8 0 1
           <...>-2072  [004] ....  8648.393259: do_swap_page: swapin tgid 2072 2072 "droid.launcher3" 9e626000 1002cf 1 1
           <...>-2072  [004] ....  8648.393271: do_swap_page: swapin tgid 2072 2072 "droid.launcher3" 9e600000 70e28 1 1
           <...>-2072  [004] ....  8648.393293: do_swap_page: swapin tgid 2072 2072 "droid.launcher3" 7fbe260000 80e91 1 1
           <...>-2072  [004] ....  8648.393299: do_swap_page: swapin tgid 2072 2072 "droid.launcher3" 7fbe1a4000 80e64 1 1
           <...>-2072  [004] d..2  8648.393302: free_swap_slot: swapfree cache 80e64
           <...>-2072  [004] ....  8648.393319: do_swap_page: swapin tgid 2072 2072 "droid.launcher3" 9e5b0000 24db3 0 1
           <...>-5596  [004] ....  8648.393378: do_swap_page: swapin tgid 5596 5596 "droid.bluetooth" 7fbe167000 a84a8 1 1
           <...>-5463  [004] ....  8648.393513: do_swap_page: swapin tgid 3185 5463 "Binder:3185_6" 7f393e0000 1783dd 1 1
           <...>-5463  [004] ....  8648.393520: do_swap_page: swapin tgid 3185 5463 "Binder:3185_6" 7fbe1f8000 17c3a3 0 1
           <...>-5596  [004] ....  8648.393550: do_swap_page: swapin tgid 5596 5596 "droid.bluetooth" 7fbe1f9000 a84e0 0 1
           <...>-2072  [004] ....  8648.393582: do_swap_page: swapin tgid 2072 2072 "droid.launcher3" 9e5b0000 24db3 1 1
           <...>-2072  [004] ....  8648.393588: do_swap_page: swapin tgid 2072 2072 "droid.launcher3" 9e65c000 28d13 0 1
   Binder:2433_5-2747  [004] ....  8648.393616: do_swap_page: swapin tgid 2433 2747 "Binder:2433_5" 7f395f0000 983bc 1 1
   Binder:2433_5-2747  [004] ....  8648.393627: do_swap_page: swapin tgid 2433 2747 "Binder:2433_5" 14051000 f4e30 1 1
   Binder:2433_5-2747  [004] d..2  8648.393629: free_swap_slot: swapfree cache f4e30
   Binder:2433_5-2747  [004] ....  8648.393632: do_swap_page: swapin tgid 2433 2747 "Binder:2433_5" 7f34f7d000 f4e3f 1 1
   Binder:2433_5-2747  [004] d..2  8648.393633: free_swap_slot: swapfree cache f4e3f
   Binder:2433_5-2747  [004] ....  8648.393635: do_swap_page: swapin tgid 2433 2747 "Binder:2433_5" 7f350ef000 f4e40 1 1
   Binder:2433_5-2747  [004] d..2  8648.393636: free_swap_slot: swapfree cache f4e40
   Binder:2433_5-2747  [004] ....  8648.393639: do_swap_page: swapin tgid 2433 2747 "Binder:2433_5" 725cd000 803ff 0 1
           <...>-5427  [004] ....  8648.393662: do_swap_page: swapin tgid 2484 5427 "Binder:2484_5" 725cd000 ac387 1 1
           <...>-2072  [004] ....  8648.393711: do_swap_page: swapin tgid 2072 2072 "droid.launcher3" 9e65c000 28d13 1 1
           <...>-2072  [004] ....  8648.393717: do_swap_page: swapin tgid 2072 2072 "droid.launcher3" 9e6b2000 10425b 0 1
           <...>-5596  [004] ....  8648.393776: do_swap_page: swapin tgid 5596 5596 "droid.bluetooth" 7fbe1f9000 a84e0 1 1
           <...>-5596  [004] ....  8648.393784: do_swap_page: swapin tgid 5596 5596 "droid.bluetooth" 14112000 98421 0 1
           <...>-2219  [004] ....  8648.393813: do_swap_page: swapin tgid 1876 2219 "Binder:1876_4" 7f2d16b000 1e886a 1 1
           <...>-2219  [004] ....  8648.393820: do_swap_page: swapin tgid 1876 2219 "Binder:1876_4" 7f39800000 14d9a 0 1
           <...>-2072  [004] ....  8648.393901: do_swap_page: swapin tgid 2072 2072 "droid.launcher3" 9e6b2000 10425b 1 1
           <...>-2072  [004] ....  8648.393912: do_swap_page: swapin tgid 2072 2072 "droid.launcher3" 9e6f1000 10429a 0 1
           <...>-5926  [004] ....  8648.393972: do_swap_page: swapin tgid 5677 5926 "Binder:5677_6" 7ece18b000 b0c40 1 1
           <...>-5926  [004] d..2  8648.393980: free_swap_slot: swapfree cache 100e92
           <...>-5926  [004] ....  8648.393986: do_swap_page: swapin tgid 5677 5926 "Binder:5677_6" 7ece19a000 100e5b 1 1
           <...>-5926  [004] ....  8648.394011: do_swap_page: swapin tgid 5677 5926 "Binder:5677_6" 7f28ac2000 100e63 1 1
           <...>-5926  [004] ....  8648.394018: do_swap_page: swapin tgid 5677 5926 "Binder:5677_6" 7eb6b40000 100e47 1 1
           <...>-5926  [004] d..2  8648.394019: free_swap_slot: swapfree cache 100e47
           <...>-5926  [004] d..2  8648.394022: free_swap_slot: swapfree cache 100e5b
           <...>-5926  [004] ....  8648.394025: do_swap_page: swapin tgid 5677 5926 "Binder:5677_6" 7fbda62000 100e8b 1 1
           <...>-5926  [004] ....  8648.394029: do_swap_page: swapin tgid 5677 5926 "Binder:5677_6" 7fbe2f3000 100ea2 1 1
           <...>-5926  [004] d..2  8648.394030: free_swap_slot: swapfree cache 100ea2
           <...>-5926  [004] ....  8648.394033: do_swap_page: swapin tgid 5677 5926 "Binder:5677_6" 7fbe241000 dc4fc 0 1
 ogle.android.gm-6044  [004] d..2  8648.394089: free_swap_slot: swapfree cache 114ef7
 ogle.android.gm-6044  [004] ....  8648.394093: do_swap_page: swapin tgid 6044 6044 "ogle.android.gm" 7e69c6d000 134e0a 1 1
 ogle.android.gm-6044  [004] ....  8648.394104: do_swap_page: swapin tgid 6044 6044 "ogle.android.gm" 7e74785000 2455f 0 1
           <...>-5596  [004] ....  8648.394125: do_swap_page: swapin tgid 5596 5596 "droid.bluetooth" 14112000 98421 1 1
           <...>-5596  [004] ....  8648.394188: do_swap_page: swapin tgid 5596 5596 "droid.bluetooth" 7fbe1c4000 fceeb 1 1
           <...>-5596  [004] d..2  8648.394191: swapcache_free_entries: swapfree direct 160e17
           <...>-5596  [004] d..3  8648.394193: swapcache_free_entries: swapfree direct 174dc9
           <...>-5596  [004] d..3  8648.394193: swapcache_free_entries: swapfree direct 174dcb
           <...>-5596  [004] d..3  8648.394194: swapcache_free_entries: swapfree direct 174d1e
           <...>-5596  [004] d..3  8648.394194: swapcache_free_entries: swapfree direct 160e34
           <...>-5596  [004] d..3  8648.394195: swapcache_free_entries: swapfree direct 160e45
           <...>-5596  [004] d..3  8648.394195: swapcache_free_entries: swapfree direct 160e47
           <...>-5596  [004] d..3  8648.394196: swapcache_free_entries: swapfree direct 160e5a
           <...>-5596  [004] d..3  8648.394196: swapcache_free_entries: swapfree direct 160e60
           <...>-5596  [004] d..3  8648.394197: swapcache_free_entries: swapfree direct 160e70
           <...>-5596  [004] d..3  8648.394197: swapcache_free_entries: swapfree direct 160e6c
           <...>-5596  [004] d..3  8648.394198: swapcache_free_entries: swapfree direct fcedc
           <...>-5596  [004] d..3  8648.394198: swapcache_free_entries: swapfree direct fce3a
           <...>-5596  [004] d..3  8648.394199: swapcache_free_entries: swapfree direct fce43
           <...>-5596  [004] d..3  8648.394199: swapcache_free_entries: swapfree direct 64e59
           <...>-5596  [004] d..3  8648.394200: swapcache_free_entries: swapfree direct 58e0d
           <...>-5596  [004] d..3  8648.394200: swapcache_free_entries: swapfree direct 160e51
           <...>-5596  [004] d..3  8648.394201: swapcache_free_entries: swapfree direct 160e4b
           <...>-5596  [004] d..3  8648.394201: swapcache_free_entries: swapfree direct 6cef8
           <...>-5596  [004] d..3  8648.394201: swapcache_free_entries: swapfree direct 80e9d
           <...>-5596  [004] d..3  8648.394202: swapcache_free_entries: swapfree direct 80ea4
           <...>-5596  [004] d..3  8648.394203: swapcache_free_entries: swapfree direct 78efc
           <...>-5596  [004] d..3  8648.394204: swapcache_free_entries: swapfree direct f4e35
           <...>-5596  [004] d..3  8648.394204: swapcache_free_entries: swapfree direct 64ebd
           <...>-5596  [004] d..3  8648.394204: swapcache_free_entries: swapfree direct 64ec3
           <...>-5596  [004] d..3  8648.394205: swapcache_free_entries: swapfree direct 64ec1
           <...>-5596  [004] d..3  8648.394206: swapcache_free_entries: swapfree direct f4e78
           <...>-5596  [004] d..3  8648.394206: swapcache_free_entries: swapfree direct f4e76
           <...>-5596  [004] d..3  8648.394206: swapcache_free_entries: swapfree direct f4e86
           <...>-5596  [004] d..3  8648.394207: swapcache_free_entries: swapfree direct f4e87
           <...>-5596  [004] d..3  8648.394207: swapcache_free_entries: swapfree direct 158ea2
           <...>-5596  [004] d..3  8648.394207: swapcache_free_entries: swapfree direct fcedf
           <...>-5596  [004] d..3  8648.394208: swapcache_free_entries: swapfree direct fcee2
           <...>-5596  [004] d..3  8648.394208: swapcache_free_entries: swapfree direct fce8c
           <...>-5596  [004] d..3  8648.394210: swapcache_free_entries: swapfree direct fcedb
           <...>-5596  [004] d..3  8648.394210: swapcache_free_entries: swapfree direct fce85
           <...>-5596  [004] d..3  8648.394211: swapcache_free_entries: swapfree direct 100e0a
           <...>-5596  [004] d..3  8648.394211: swapcache_free_entries: swapfree direct fceec
           <...>-5596  [004] d..3  8648.394212: swapcache_free_entries: swapfree direct fcede
           <...>-5596  [004] d..3  8648.394212: swapcache_free_entries: swapfree direct fceed
           <...>-5596  [004] d..3  8648.394212: swapcache_free_entries: swapfree direct f4e61
           <...>-5596  [004] d..3  8648.394213: swapcache_free_entries: swapfree direct f4e6a
           <...>-5596  [004] d..3  8648.394213: swapcache_free_entries: swapfree direct f4e6b
           <...>-5596  [004] d..3  8648.394213: swapcache_free_entries: swapfree direct 6cef4
           <...>-5596  [004] d..3  8648.394214: swapcache_free_entries: swapfree direct 160e59
           <...>-5596  [004] d..3  8648.394214: swapcache_free_entries: swapfree direct 68eb0
           <...>-5596  [004] d..3  8648.394215: swapcache_free_entries: swapfree direct 6ce24
           <...>-5596  [004] d..3  8648.394215: swapcache_free_entries: swapfree direct fce83
           <...>-5596  [004] d..3  8648.394216: swapcache_free_entries: swapfree direct fce8d
           <...>-5596  [004] d..3  8648.394216: swapcache_free_entries: swapfree direct fce7f
           <...>-5596  [004] d..3  8648.394217: swapcache_free_entries: swapfree direct 160e73
           <...>-5596  [004] d..3  8648.394217: swapcache_free_entries: swapfree direct fce46
           <...>-5596  [004] d..3  8648.394218: swapcache_free_entries: swapfree direct fce37
           <...>-5596  [004] d..3  8648.394218: swapcache_free_entries: swapfree direct 64ed0
           <...>-5596  [004] d..3  8648.394218: swapcache_free_entries: swapfree direct 64ede
           <...>-5596  [004] d..3  8648.394219: swapcache_free_entries: swapfree direct 80e64
           <...>-5596  [004] d..3  8648.394219: swapcache_free_entries: swapfree direct f4e30
           <...>-5596  [004] d..3  8648.394220: swapcache_free_entries: swapfree direct f4e3f
           <...>-5596  [004] d..3  8648.394220: swapcache_free_entries: swapfree direct f4e40
           <...>-5596  [004] d..3  8648.394220: swapcache_free_entries: swapfree direct 100e92
           <...>-5596  [004] d..3  8648.394221: swapcache_free_entries: swapfree direct 100e47
           <...>-5596  [004] d..3  8648.394221: swapcache_free_entries: swapfree direct 100e5b
           <...>-5596  [004] d..3  8648.394222: swapcache_free_entries: swapfree direct 100ea2
           <...>-5596  [004] d..3  8648.394222: swapcache_free_entries: swapfree direct 114ef7
           <...>-5596  [004] d..2  8648.394223: free_swap_slot: swapfree cache fceeb
           <...>-2072  [004] ....  8648.394375: do_swap_page: swapin tgid 2072 2072 "droid.launcher3" 9e6f1000 10429a 1 1
           <...>-2072  [004] ....  8648.394381: do_swap_page: swapin tgid 2072 2072 "droid.launcher3" 9e708000 1042b1 0 1
           <...>-5596  [004] ....  8648.394416: do_swap_page: swapin tgid 5596 5596 "droid.bluetooth" 7fbe1cb000 9c915 0 1
           <...>-2545  [004] ....  8648.394448: do_swap_page: swapin tgid 2514 2545 "Binder:2514_2" 725cd000 b83b8 1 1
           <...>-1955  [004] ....  8648.394489: do_swap_page: swapin tgid 1955 1955 "m.android.phone" 7fbdc7c000 d82df 1 1
           <...>-1955  [004] ....  8648.394497: do_swap_page: swapin tgid 1955 1955 "m.android.phone" 7f28a7f000 68eb1 1 1
           <...>-1955  [004] dn.2  8648.394517: free_swap_slot: swapfree cache 68eb1
           <...>-2072  [004] ....  8648.394523: do_swap_page: swapin tgid 2072 2072 "droid.launcher3" 9e708000 1042b1 1 1
           <...>-2072  [004] ....  8648.394528: do_swap_page: swapin tgid 2072 2072 "droid.launcher3" 9e701000 1042aa 0 1
           <...>-1955  [004] ....  8648.394560: do_swap_page: swapin tgid 1955 1955 "m.android.phone" 7f28a80000 68eb2 1 1
           <...>-1955  [004] d..2  8648.394563: free_swap_slot: swapfree cache 68eb2
           <...>-1955  [004] ....  8648.394577: do_swap_page: swapin tgid 1955 1955 "m.android.phone" 725c8000 bc212 0 1
           <...>-2456  [004] ....  8648.394606: do_swap_page: swapin tgid 2021 2456 "Binder:2021_4" 137c1000 e02a6 1 1
           <...>-2456  [004] ....  8648.394612: do_swap_page: swapin tgid 2021 2456 "Binder:2021_4" 137d1000 6ce22 1 1
           <...>-2456  [004] d..2  8648.394614: free_swap_slot: swapfree cache 6ce22
           <...>-2456  [004] ....  8648.394619: do_swap_page: swapin tgid 2021 2456 "Binder:2021_4" 7f350ef000 6ce31 1 1
           <...>-2456  [004] d..2  8648.394620: free_swap_slot: swapfree cache 6ce31
           <...>-2456  [004] ....  8648.394623: do_swap_page: swapin tgid 2021 2456 "Binder:2021_4" 725cd000 e02cb 0 1
           <...>-2072  [004] ....  8648.394672: do_swap_page: swapin tgid 2072 2072 "droid.launcher3" 9e701000 1042aa 1 1
           <...>-2072  [004] ....  8648.394697: do_swap_page: swapin tgid 2072 2072 "droid.launcher3" 9e707000 1042b0 0 1
           <...>-16547 [004] ....  8648.394723: do_swap_page: swapin tgid 16531 16547 "Binder:16531_3" 7f2d611000 180dac 1 1
           <...>-16547 [004] d..2  8648.394749: free_swap_slot: swapfree cache 160e64
           <...>-16547 [004] ....  8648.394756: do_swap_page: swapin tgid 16531 16547 "Binder:16531_3" 7f2d601000 160e57 1 1
           <...>-16547 [004] ....  8648.394762: do_swap_page: swapin tgid 16531 16547 "Binder:16531_3" 7f2d610000 180dab 0 1
           <...>-5596  [004] ....  8648.394791: do_swap_page: swapin tgid 5596 5596 "droid.bluetooth" 7fbe1cb000 9c915 1 1
           <...>-2072  [004] ....  8648.394846: do_swap_page: swapin tgid 2072 2072 "droid.launcher3" 9e707000 1042b0 1 1
           <...>-2072  [004] ....  8648.394853: do_swap_page: swapin tgid 2072 2072 "droid.launcher3" 9e6ff000 1042a8 0 1
           <...>-2242  [004] ....  8648.394943: do_swap_page: swapin tgid 1774 2242 "ScreenDecoratio" 13d73000 44ed5 1 1
           <...>-2242  [004] d..2  8648.394947: free_swap_slot: swapfree cache 44ed5
           <...>-2242  [004] d..2  8648.394952: free_swap_slot: swapfree cache 44e9b
           <...>-2072  [004] ....  8648.394999: do_swap_page: swapin tgid 2072 2072 "droid.launcher3" 9e6ff000 1042a8 1 1
           <...>-2072  [004] ....  8648.395058: do_swap_page: swapin tgid 2072 2072 "droid.launcher3" 12e90000 6ce59 1 1
           <...>-2072  [004] d..2  8648.395062: free_swap_slot: swapfree cache 6ce59
           <...>-2072  [004] ....  8648.395068: do_swap_page: swapin tgid 2072 2072 "droid.launcher3" 7ecedbe000 78ece 1 1
           <...>-2548  [004] ....  8648.395086: do_swap_page: swapin tgid 2072 2548 "RenderThread" 7f2d72f000 7ce99 1 1
           <...>-2548  [004] ....  8648.395090: do_swap_page: swapin tgid 2072 2548 "RenderThread" 7f2d25b000 7ce57 1 1
           <...>-2548  [004] ....  8648.395093: do_swap_page: swapin tgid 2072 2548 "RenderThread" 7f2d813000 7cee8 1 1
           <...>-2548  [004] ....  8648.395097: do_swap_page: swapin tgid 2072 2548 "RenderThread" 7fbd02a000 b4011 1 19
           <...>-2548  [004] ....  8648.395100: do_swap_page: swapin tgid 2072 2548 "RenderThread" 7f2d804000 7ced9 1 1
           <...>-2548  [004] d..2  8648.395101: free_swap_slot: swapfree cache 7ced9
           <...>-2548  [004] d..2  8648.395103: free_swap_slot: swapfree cache 7cee8
           <...>-2548  [004] ....  8648.395106: do_swap_page: swapin tgid 2072 2548 "RenderThread" 7f3982e000 80e18 1 1
           <...>-2548  [004] ....  8648.395109: do_swap_page: swapin tgid 2072 2548 "RenderThread" 7f2d806000 7cedb 1 1
           <...>-2548  [004] ....  8648.395110: do_swap_page: swapin tgid 2072 2548 "RenderThread" 7f2d800000 7ced6 1 1
           <...>-2548  [004] ....  8648.395113: do_swap_page: swapin tgid 2072 2548 "RenderThread" 7f39804000 80e08 1 1
           <...>-2548  [004] d..2  8648.395115: free_swap_slot: swapfree cache 80e08
           <...>-2548  [004] d..2  8648.395116: free_swap_slot: swapfree cache 80e18
           <...>-2548  [004] ....  8648.395117: do_swap_page: swapin tgid 2072 2548 "RenderThread" 7f39806000 80e0a 1 1
           <...>-2072  [004] ....  8648.395132: do_swap_page: swapin tgid 2072 2072 "droid.launcher3" 9e63b000 24df2 0 1
           <...>-1953  [004] ....  8648.395205: do_swap_page: swapin tgid 1921 1953 "Binder:1921_2" 725cd000 88294 1 1
           <...>-1953  [004] ....  8648.395222: do_swap_page: swapin tgid 1921 1953 "Binder:1921_2" 7f2d682000 64ed9 1 1
           <...>-1953  [004] d..2  8648.395224: free_swap_slot: swapfree cache 64ed9
           <...>-2072  [004] ....  8648.395254: do_swap_page: swapin tgid 2072 2072 "droid.launcher3" 9e63b000 24df2 1 1
           <...>-2072  [004] ....  8648.395260: do_swap_page: swapin tgid 2072 2072 "droid.launcher3" 9e6e6000 10428f 0 1
           <...>-2219  [004] ....  8648.395301: do_swap_page: swapin tgid 1876 2219 "Binder:1876_4" 7f39800000 14d9a 1 1
           <...>-2219  [004] d..2  8648.395307: free_swap_slot: swapfree cache 64ebe
           <...>-2219  [004] ....  8648.395316: do_swap_page: swapin tgid 1876 2219 "Binder:1876_4" 13401000 14d46 0 1
   Binder:2433_5-2747  [004] ....  8648.395349: do_swap_page: swapin tgid 2433 2747 "Binder:2433_5" 725cd000 803ff 1 1
           <...>-2072  [004] ....  8648.395386: do_swap_page: swapin tgid 2072 2072 "droid.launcher3" 9e6e6000 10428f 1 1
           <...>-2072  [004] ....  8648.395394: do_swap_page: swapin tgid 2072 2072 "droid.launcher3" 9e692000 10423b 0 1
           <...>-17573 [004] ....  8648.395579: do_swap_page: swapin tgid 17506 17573 "Binder:17506_5" 7f2d611000 184de1 1 1
           <...>-17573 [004] d..2  8648.395587: free_swap_slot: swapfree cache 160e78
           <...>-17573 [004] ....  8648.395593: do_swap_page: swapin tgid 17506 17573 "Binder:17506_5" 7f2d602000 160e6e 1 1
           <...>-17573 [004] ....  8648.395622: do_swap_page: swapin tgid 17506 17573 "Binder:17506_5" 7f2d610000 12c921 0 1
           <...>-2072  [004] ....  8648.395638: do_swap_page: swapin tgid 2072 2072 "droid.launcher3" 9e692000 10423b 1 1
           <...>-2072  [004] ....  8648.395669: do_swap_page: swapin tgid 2072 2072 "droid.launcher3" 9e6aa000 104253 0 1
           <...>-5596  [004] ....  8648.395711: do_swap_page: swapin tgid 5596 5596 "droid.bluetooth" 9e5b6000 98492 0 1
           <...>-2456  [004] ....  8648.395745: do_swap_page: swapin tgid 2021 2456 "Binder:2021_4" 725cd000 e02cb 1 1
           <...>-2219  [004] ....  8648.395776: do_swap_page: swapin tgid 1876 2219 "Binder:1876_4" 13401000 14d46 1 1
           <...>-2219  [004] ....  8648.395782: do_swap_page: swapin tgid 1876 2219 "Binder:1876_4" 13414000 64eb9 1 1
           <...>-2219  [004] d..2  8648.395784: free_swap_slot: swapfree cache 64eb9
           <...>-2219  [004] ....  8648.395788: do_swap_page: swapin tgid 1876 2219 "Binder:1876_4" 7f350ef000 64ec9 1 1
           <...>-2219  [004] d..2  8648.395789: free_swap_slot: swapfree cache 64ec9
           <...>-2219  [004] ....  8648.395792: do_swap_page: swapin tgid 1876 2219 "Binder:1876_4" 725cd000 14d4c 0 1
           <...>-2072  [004] ....  8648.395818: do_swap_page: swapin tgid 2072 2072 "droid.launcher3" 9e6aa000 104253 1 1
           <...>-2072  [004] ....  8648.395827: do_swap_page: swapin tgid 2072 2072 "droid.launcher3" 9e5d1000 24dc6 0 1
           <...>-5463  [004] ....  8648.395893: do_swap_page: swapin tgid 3185 5463 "Binder:3185_6" 7fbe1f8000 17c3a3 1 1
           <...>-5463  [004] ....  8648.395902: do_swap_page: swapin tgid 3185 5463 "Binder:3185_6" 7f2adff000 178348 0 1
           <...>-5596  [004] ....  8648.395937: do_swap_page: swapin tgid 5596 5596 "droid.bluetooth" 9e5b6000 98492 1 1
           <...>-5596  [004] ....  8648.395947: do_swap_page: swapin tgid 5596 5596 "droid.bluetooth" 7f2d6dd000 fceb1 1 1
           <...>-5596  [004] ....  8648.395951: do_swap_page: swapin tgid 5596 5596 "droid.bluetooth" 7f2d68a000 fceab 1 1
           <...>-2072  [004] ....  8648.395982: do_swap_page: swapin tgid 2072 2072 "droid.launcher3" 9e5d1000 24dc6 1 1
           <...>-2072  [004] ....  8648.395989: do_swap_page: swapin tgid 2072 2072 "droid.launcher3" 9e6a4000 70e2e 1 1
           <...>-2072  [004] ....  8648.395992: do_swap_page: swapin tgid 2072 2072 "droid.launcher3" 9e653000 28d0a 0 1
           <...>-5633  [004] ....  8648.396050: do_swap_page: swapin tgid 5596 5633 "BluetoothScanMa" 7ec3c47000 fce57 1 1
           <...>-5633  [004] d..2  8648.396056: free_swap_slot: swapfree cache fce57
           <...>-5633  [004] d..2  8648.396061: free_swap_slot: swapfree cache fceab
           <...>-5633  [004] ....  8648.396066: do_swap_page: swapin tgid 5596 5633 "BluetoothScanMa" 7ec3c48000 9c451 0 1
           <...>-2072  [004] ....  8648.396166: do_swap_page: swapin tgid 2072 2072 "droid.launcher3" 9e653000 28d0a 1 1
           <...>-2072  [004] ....  8648.396173: do_swap_page: swapin tgid 2072 2072 "droid.launcher3" 9e6fd000 1042a6 0 1
           <...>-5596  [004] ....  8648.396201: do_swap_page: swapin tgid 5596 5596 "droid.bluetooth" 7fbf6ff000 ac48a 0 1
           <...>-1955  [004] ....  8648.396230: do_swap_page: swapin tgid 1955 1955 "m.android.phone" 725c8000 bc212 1 1
           <...>-1955  [004] ....  8648.396236: do_swap_page: swapin tgid 1955 1955 "m.android.phone" 72690000 a00e6 1 19
           <...>-1955  [004] ....  8648.396245: do_swap_page: swapin tgid 1955 1955 "m.android.phone" 725cb000 bc214 0 1
           <...>-2072  [004] ....  8648.396347: do_swap_page: swapin tgid 2072 2072 "droid.launcher3" 9e6fd000 1042a6 1 1
           <...>-2072  [004] d..2  8648.396387: free_swap_slot: swapfree cache 80e03
           <...>-2072  [004] ....  8648.396401: do_swap_page: swapin tgid 2072 2072 "droid.launcher3" 12ed9000 6ce79 1 1
           <...>-2072  [004] d..2  8648.396403: free_swap_slot: swapfree cache 6ce79
           <...>-2072  [004] ....  8648.396419: do_swap_page: swapin tgid 2072 2072 "droid.launcher3" 9e648000 24dff 0 1
           <...>-2072  [004] ....  8648.396545: do_swap_page: swapin tgid 2072 2072 "droid.launcher3" 9e648000 24dff 1 1
           <...>-2072  [004] ....  8648.396549: do_swap_page: swapin tgid 2072 2072 "droid.launcher3" 9e658000 28d0f 0 1
           <...>-5633  [004] ....  8648.396583: do_swap_page: swapin tgid 5596 5633 "BluetoothScanMa" 7ec3c48000 9c451 1 1
           <...>-5633  [004] d..2  8648.396601: free_swap_slot: swapfree cache fceb1
           <...>-5633  [004] ....  8648.396605: do_swap_page: swapin tgid 5596 5633 "BluetoothScanMa" 7eca298000 fce59 1 1
           <...>-5633  [004] d..2  8648.396608: free_swap_slot: swapfree cache fce59
           <...>-5633  [004] ....  8648.396609: do_swap_page: swapin tgid 5596 5633 "BluetoothScanMa" 7eca299000 fce5a 1 1
           <...>-5633  [004] d..2  8648.396610: free_swap_slot: swapfree cache fce5a
           <...>-5633  [004] ....  8648.396613: do_swap_page: swapin tgid 5596 5633 "BluetoothScanMa" 7f28b1a000 fce89 1 1
           <...>-5633  [004] d..2  8648.396615: free_swap_slot: swapfree cache fce89
           <...>-5633  [004] ....  8648.396619: do_swap_page: swapin tgid 5596 5633 "BluetoothScanMa" 12cc0000 fce3b 1 1
           <...>-5633  [004] ....  8648.396623: do_swap_page: swapin tgid 5596 5633 "BluetoothScanMa" 7f310c0000 fcec6 1 1
           <...>-5633  [004] d..2  8648.396626: free_swap_slot: swapfree cache fcec6
           <...>-5633  [004] ....  8648.396628: do_swap_page: swapin tgid 5596 5633 "BluetoothScanMa" 12cc2000 fce3c 1 1
           <...>-5633  [004] dn.2  8648.396646: free_swap_slot: swapfree cache fce3c
           <...>-5633  [004] d..2  8648.396652: free_swap_slot: swapfree cache fce3b
           <...>-5633  [004] ....  8648.396654: do_swap_page: swapin tgid 5596 5633 "BluetoothScanMa" 9e5fc000 984d8 0 1
           <...>-5926  [004] ....  8648.396680: do_swap_page: swapin tgid 5677 5926 "Binder:5677_6" 7fbe241000 dc4fc 1 1
           <...>-5926  [004] ....  8648.396687: do_swap_page: swapin tgid 5677 5926 "Binder:5677_6" 7fbe1e9000 b4c04 0 1
           <...>-2072  [004] ....  8648.396704: do_swap_page: swapin tgid 2072 2072 "droid.launcher3" 9e658000 28d0f 1 1
           <...>-2072  [004] ....  8648.396709: do_swap_page: swapin tgid 2072 2072 "droid.launcher3" 9e5c1000 24dbd 0 1
           <...>-5596  [004] ....  8648.396735: do_swap_page: swapin tgid 5596 5596 "droid.bluetooth" 7fbf6ff000 ac48a 1 1
           <...>-5596  [004] ....  8648.396746: do_swap_page: swapin tgid 5596 5596 "droid.bluetooth" 14119000 98428 0 1
           <...>-1955  [004] ....  8648.396788: do_swap_page: swapin tgid 1955 1955 "m.android.phone" 725cb000 bc214 1 1
           <...>-1955  [004] ....  8648.396795: do_swap_page: swapin tgid 1955 1955 "m.android.phone" 72653000 bc224 0 1
           <...>-5021  [004] ....  8648.396818: do_swap_page: swapin tgid 5004 5021 "Binder:5004_1" 7f393e0000 60417 1 1
           <...>-5021  [004] ....  8648.396823: do_swap_page: swapin tgid 5004 5021 "Binder:5004_1" 7fbe1f8000 604fb 0 1
           <...>-2219  [004] ....  8648.396843: do_swap_page: swapin tgid 1876 2219 "Binder:1876_4" 725cd000 14d4c 1 1
           <...>-5633  [004] ....  8648.396902: do_swap_page: swapin tgid 5596 5633 "BluetoothScanMa" 9e5fc000 984d8 1 1
           <...>-5633  [004] ....  8648.396938: do_swap_page: swapin tgid 5596 5633 "BluetoothScanMa" 9e5ae000 9848a 0 1
           <...>-2072  [004] ....  8648.396964: do_swap_page: swapin tgid 2072 2072 "droid.launcher3" 9e5c1000 24dbd 1 1
           <...>-2072  [004] ....  8648.396970: do_swap_page: swapin tgid 2072 2072 "droid.launcher3" 9e6c1000 184594 0 1
           <...>-2136  [004] ....  8648.397022: do_swap_page: swapin tgid 1774 2136 "RenderThread" 7f2d7af000 60e81 1 1
           <...>-5926  [004] ....  8648.397083: do_swap_page: swapin tgid 5677 5926 "Binder:5677_6" 7fbe1e9000 b4c04 1 1
           <...>-5926  [004] ....  8648.397091: do_swap_page: swapin tgid 5677 5926 "Binder:5677_6" 7fbe165000 b0cf0 0 1
           <...>-5596  [004] ....  8648.397109: do_swap_page: swapin tgid 5596 5596 "droid.bluetooth" 14119000 98428 1 1
           <...>-5633  [004] ....  8648.397140: do_swap_page: swapin tgid 5596 5633 "BluetoothScanMa" 9e5ae000 9848a 1 1
           <...>-5633  [004] ....  8648.397162: do_swap_page: swapin tgid 5596 5633 "BluetoothScanMa" 9e63e000 fce4a 1 1
           <...>-5633  [004] d..2  8648.397164: free_swap_slot: swapfree cache fce4a
           <...>-5633  [004] ....  8648.397174: do_swap_page: swapin tgid 5596 5633 "BluetoothScanMa" 7f2d761000 fceb3 1 1
           <...>-5633  [004] d..2  8648.397176: free_swap_slot: swapfree cache fceb3
           <...>-2072  [004] ....  8648.397188: do_swap_page: swapin tgid 2072 2072 "droid.launcher3" 9e6c1000 184594 1 1
           <...>-2072  [004] ....  8648.397198: do_swap_page: swapin tgid 2072 2072 "droid.launcher3" 9e6bb000 104264 0 1
           <...>-1955  [004] ....  8648.397283: do_swap_page: swapin tgid 1955 1955 "m.android.phone" 72653000 bc224 1 1
           <...>-1955  [004] ....  8648.397302: do_swap_page: swapin tgid 1955 1955 "m.android.phone" 7163b000 bc201 0 1
           <...>-2072  [004] ....  8648.397366: do_swap_page: swapin tgid 2072 2072 "droid.launcher3" 9e6bb000 104264 1 1
           <...>-2072  [004] ....  8648.397379: do_swap_page: swapin tgid 2072 2072 "droid.launcher3" 13c98000 20dff 0 1
           <...>-2072  [004] ....  8648.397509: do_swap_page: swapin tgid 2072 2072 "droid.launcher3" 13c98000 20dff 1 1
           <...>-2072  [004] ....  8648.397520: do_swap_page: swapin tgid 2072 2072 "droid.launcher3" 9e629000 1002d2 0 1
           <...>-2242  [004] ....  8648.397547: do_swap_page: swapin tgid 1774 2242 "ScreenDecoratio" 7ec216c000 3c218 0 1
           <...>-1955  [004] ....  8648.397581: do_swap_page: swapin tgid 1955 1955 "m.android.phone" 7163b000 bc201 1 1
           <...>-1955  [004] ....  8648.397595: do_swap_page: swapin tgid 1955 1955 "m.android.phone" 146c2000 b822c 0 1
           <...>-2072  [004] ....  8648.397645: do_swap_page: swapin tgid 2072 2072 "droid.launcher3" 9e629000 1002d2 1 1
           <...>-2072  [004] ....  8648.397652: do_swap_page: swapin tgid 2072 2072 "droid.launcher3" 9e6a5000 70e2f 1 1
           <...>-2072  [004] d..2  8648.397655: free_swap_slot: swapfree cache 6ce53
           <...>-2072  [004] ....  8648.397667: do_swap_page: swapin tgid 2072 2072 "droid.launcher3" 13c85000 6ceef 1 1
           <...>-2072  [004] d..2  8648.397671: free_swap_slot: swapfree cache 6ce51
           <...>-2072  [004] ....  8648.397690: do_swap_page: swapin tgid 2072 2072 "droid.launcher3" 9e637000 24dee 0 1
           <...>-28276 [004] ....  8648.397786: do_swap_page: swapin tgid 14299 28276 "Binder:14299_6" 7f28ac2000 178d55 1 1
           <...>-28276 [004] ....  8648.397792: do_swap_page: swapin tgid 14299 28276 "Binder:14299_6" 7f28b5b000 160e43 1 1
           <...>-28276 [004] d..2  8648.397794: free_swap_slot: swapfree cache 160e43
           <...>-28276 [004] d..2  8648.397795: free_swap_slot: swapfree cache 160e4c
           <...>-28276 [004] ....  8648.397798: do_swap_page: swapin tgid 14299 28276 "Binder:14299_6" 7fbda62000 178d90 0 1
           <...>-1955  [004] ....  8648.397815: do_swap_page: swapin tgid 1955 1955 "m.android.phone" 146c2000 b822c 1 1
           <...>-1955  [004] d..2  8648.397858: free_swap_slot: swapfree cache 68e7b
           <...>-2072  [004] ....  8648.397894: do_swap_page: swapin tgid 2072 2072 "droid.launcher3" 9e637000 24dee 1 1
           <...>-2072  [004] ....  8648.397901: do_swap_page: swapin tgid 2072 2072 "droid.launcher3" 13ca1000 24d05 0 1
           <...>-1955  [004] ....  8648.397952: do_swap_page: swapin tgid 1955 1955 "m.android.phone" 725cf000 68e8a 1 1
           <...>-1955  [004] d..2  8648.397956: free_swap_slot: swapfree cache 68e8a
           <...>-2242  [004] ....  8648.397988: do_swap_page: swapin tgid 1774 2242 "ScreenDecoratio" 7ec216c000 3c218 1 1
           <...>-2072  [004] ....  8648.398021: do_swap_page: swapin tgid 2072 2072 "droid.launcher3" 13ca1000 24d05 1 1
           <...>-2072  [004] ....  8648.398045: do_swap_page: swapin tgid 2072 2072 "droid.launcher3" 9e628000 1002d1 0 1
           <...>-2242  [004] ....  8648.398069: do_swap_page: swapin tgid 1774 2242 "ScreenDecoratio" 7ec216d000 58e0b 1 1
           <...>-2242  [004] d..2  8648.398074: free_swap_slot: swapfree cache 58e0b
           <...>-2242  [004] ....  8648.398089: do_swap_page: swapin tgid 1774 2242 "ScreenDecoratio" 13cfb000 44e9d 1 1
           <...>-2242  [004] ....  8648.398102: do_swap_page: swapin tgid 1774 2242 "ScreenDecoratio" 9e5e6000 4249 0 1
           <...>-2115  [004] ....  8648.398170: do_swap_page: swapin tgid 2072 2115 "UiThreadHelper" 9e620000 1002c9 0 1
           <...>-2072  [004] ....  8648.398192: do_swap_page: swapin tgid 2072 2072 "droid.launcher3" 9e628000 1002d1 1 1
           <...>-2072  [004] ....  8648.398199: do_swap_page: swapin tgid 2072 2072 "droid.launcher3" 9e6ef000 104298 0 1
           <...>-1774  [004] ....  8648.398235: do_swap_page: swapin tgid 1774 1774 "ndroid.systemui" 9e644000 4cec1 1 1
           <...>-2528  [004] ....  8648.398374: do_swap_page: swapin tgid 6278 2528 "Binder:6278_8" 12cdb000 16cd2d 1 1
           <...>-2528  [004] ....  8648.398381: do_swap_page: swapin tgid 6278 2528 "Binder:6278_8" 7fbe286000 b8078 1 7
           <...>-2528  [004] ....  8648.398391: do_swap_page: swapin tgid 6278 2528 "Binder:6278_8" 7163b000 fc97f 0 1
           <...>-2115  [004] ....  8648.398417: do_swap_page: swapin tgid 2072 2115 "UiThreadHelper" 9e620000 1002c9 1 1
           <...>-2115  [004] ....  8648.398423: do_swap_page: swapin tgid 2072 2115 "UiThreadHelper" 9e6f7000 1042a0 0 1
           <...>-2072  [004] ....  8648.398463: do_swap_page: swapin tgid 2072 2072 "droid.launcher3" 9e6ef000 104298 1 1
           <...>-2072  [004] ....  8648.398466: do_swap_page: swapin tgid 2072 2072 "droid.launcher3" 9e6a1000 10424a 0 1
           <...>-2242  [004] ....  8648.398485: do_swap_page: swapin tgid 1774 2242 "ScreenDecoratio" 9e5e6000 4249 1 1
           <...>-2242  [004] ....  8648.398506: do_swap_page: swapin tgid 1774 2242 "ScreenDecoratio" 9e5e7000 4ce8a 1 1
           <...>-2242  [004] ....  8648.398512: do_swap_page: swapin tgid 1774 2242 "ScreenDecoratio" 13d6f000 44ed1 1 1
           <...>-2242  [004] ....  8648.398514: do_swap_page: swapin tgid 1774 2242 "ScreenDecoratio" 9e637000 4ceb9 1 1
           <...>-2242  [004] d..2  8648.398518: free_swap_slot: swapfree cache 44ed1
           <...>-2242  [004] ....  8648.398526: do_swap_page: swapin tgid 1774 2242 "ScreenDecoratio" 13d6c000 44ece 1 1
           <...>-2242  [004] d..2  8648.398528: free_swap_slot: swapfree cache 44ece
           <...>-2242  [004] ....  8648.398530: do_swap_page: swapin tgid 1774 2242 "ScreenDecoratio" 7ec2184000 58e12 1 1
           <...>-2242  [004] ....  8648.398534: do_swap_page: swapin tgid 1774 2242 "ScreenDecoratio" 7fbe23d000 64e74 1 1
           <...>-2136  [004] d..2  8648.398553: free_swap_slot: swapfree cache 60e80
           <...>-2242  [004] d..2  8648.398566: free_swap_slot: swapfree cache 58e12
           <...>-16597 [004] d..2  8648.398628: free_swap_slot: swapfree cache 2ce5d
           <...>-2072  [004] ....  8648.398681: do_swap_page: swapin tgid 2072 2072 "droid.launcher3" 9e6a1000 10424a 1 1
           <...>-2072  [004] ....  8648.398687: do_swap_page: swapin tgid 2072 2072 "droid.launcher3" 9e621000 1002ca 0 1
           <...>-16597 [004] d..2  8648.398723: free_swap_slot: swapfree cache 1d0a7d
           <...>-16597 [004] ....  8648.398754: do_swap_page: swapin tgid 1335 16597 "Binder:1335_17" 7e70849000 1841bd 0 1
           <...>-3592  [004] ....  8648.398783: do_swap_page: swapin tgid 2551 3592 "Binder:2551_8" 7fbe20a000 d0365 1 1
           <...>-3592  [004] ....  8648.398811: do_swap_page: swapin tgid 2551 3592 "Binder:2551_8" 7fbce26000 b400e 1 8
           <...>-3592  [004] ....  8648.398814: do_swap_page: swapin tgid 2551 3592 "Binder:2551_8" 7fbce22000 a0c84 0 1
           <...>-2115  [004] ....  8648.398832: do_swap_page: swapin tgid 2072 2115 "UiThreadHelper" 9e6f7000 1042a0 1 1
           <...>-2072  [004] ....  8648.398928: do_swap_page: swapin tgid 2072 2072 "droid.launcher3" 9e621000 1002ca 1 1
           <...>-2072  [004] ....  8648.398936: do_swap_page: swapin tgid 2072 2072 "droid.launcher3" 9e62c000 1002d5 0 1
           <...>-16597 [004] ....  8648.398962: do_swap_page: swapin tgid 1335 16597 "Binder:1335_17" 7e70849000 1841bd 1 1
           <...>-16597 [004] d..2  8648.398966: free_swap_slot: swapfree cache 1841bd
           <...>-1774  [004] ....  8648.399010: do_swap_page: swapin tgid 1774 1774 "ndroid.systemui" 13c87000 44e48 1 1
           <...>-1774  [004] ....  8648.399027: do_swap_page: swapin tgid 1774 1774 "ndroid.systemui" 9e701000 50e1b 1 1
           <...>-1774  [004] ....  8648.399030: do_swap_page: swapin tgid 1774 1774 "ndroid.systemui" 9e872000 c2d5 0 1
      android.bg-1363  [004] ....  8648.399059: do_swap_page: swapin tgid 1335 1363 "android.bg" 7fbe240000 1e4154 1 1
      android.bg-1363  [004] ....  8648.399065: do_swap_page: swapin tgid 1335 1363 "android.bg" 7fbe23e000 1e4152 0 1
           <...>-2072  [004] ....  8648.399110: do_swap_page: swapin tgid 2072 2072 "droid.launcher3" 9e62c000 1002d5 1 1
           <...>-2072  [004] ....  8648.399115: do_swap_page: swapin tgid 2072 2072 "droid.launcher3" 9e6e9000 104292 0 1
           <...>-1774  [004] ....  8648.399171: do_swap_page: swapin tgid 1774 1774 "ndroid.systemui" 9e872000 c2d5 1 1
           <...>-1774  [004] ....  8648.399176: do_swap_page: swapin tgid 1774 1774 "ndroid.systemui" 9e7ac000 c20f 0 1
     logd.writer-565   [004] ....  8648.399238: do_swap_page: swapin tgid 554 565 "logd.writer" 7fbd6c7000 190d12 1 1
           <...>-2072  [004] ....  8648.399262: do_swap_page: swapin tgid 2072 2072 "droid.launcher3" 9e6e9000 104292 1 1
           <...>-2072  [004] ....  8648.399271: do_swap_page: swapin tgid 2072 2072 "droid.launcher3" 9e62a000 1002d3 0 1
      android.bg-1363  [004] ....  8648.399297: do_swap_page: swapin tgid 1335 1363 "android.bg" 7fbe23e000 1e4152 1 1
      android.bg-1363  [004] ....  8648.399303: do_swap_page: swapin tgid 1335 1363 "android.bg" 7fbe179000 1e01eb 0 1
     logd.writer-565   [004] ....  8648.399327: do_swap_page: swapin tgid 554 565 "logd.writer" 7fb278c000 18cd3f 1 1
     logd.writer-565   [004] d..2  8648.399330: free_swap_slot: swapfree cache 18cd3f
           <...>-1774  [004] ....  8648.399372: do_swap_page: swapin tgid 1774 1774 "ndroid.systemui" 9e7ac000 c20f 1 1
           <...>-2072  [004] ....  8648.399411: do_swap_page: swapin tgid 2072 2072 "droid.launcher3" 9e62a000 1002d3 1 1
           <...>-2072  [004] ....  8648.399417: do_swap_page: swapin tgid 2072 2072 "droid.launcher3" 9e69c000 70e2b 1 1
           <...>-2072  [004] ....  8648.399420: do_swap_page: swapin tgid 2072 2072 "droid.launcher3" 9e636000 1002df 0 1
           <...>-1774  [004] ....  8648.399491: do_swap_page: swapin tgid 1774 1774 "ndroid.systemui" 13e72000 48eb1 1 1
           <...>-1774  [004] d..2  8648.399497: free_swap_slot: swapfree cache 48eb1
           <...>-16547 [004] ....  8648.399606: do_swap_page: swapin tgid 16531 16547 "Binder:16531_3" 7f2d610000 180dab 1 1
           <...>-16547 [004] ....  8648.399612: do_swap_page: swapin tgid 16531 16547 "Binder:16531_3" 7f2d6a5000 160e5e 1 1
           <...>-16547 [004] d..2  8648.399614: free_swap_slot: swapfree cache 160e5e
           <...>-16547 [004] d..2  8648.399615: free_swap_slot: swapfree cache 160e57
           <...>-16547 [004] ....  8648.399618: do_swap_page: swapin tgid 16531 16547 "Binder:16531_3" 7fbda62000 184d29 0 1
 ogle.android.gm-6044  [004] ....  8648.399660: do_swap_page: swapin tgid 6044 6044 "ogle.android.gm" 7e74785000 2455f 1 1
 ogle.android.gm-6044  [004] ....  8648.399668: do_swap_page: swapin tgid 6044 6044 "ogle.android.gm" 7e6cf82000 134e16 1 1
 ogle.android.gm-6044  [004] ....  8648.399673: do_swap_page: swapin tgid 6044 6044 "ogle.android.gm" 7e74864000 138e59 1 1
 ogle.android.gm-6044  [004] ....  8648.399677: do_swap_page: swapin tgid 6044 6044 "ogle.android.gm" 7e6d564000 1c563 0 1
           <...>-2072  [004] ....  8648.399693: do_swap_page: swapin tgid 2072 2072 "droid.launcher3" 9e636000 1002df 1 1
           <...>-2072  [004] ....  8648.399698: do_swap_page: swapin tgid 2072 2072 "droid.launcher3" 9e6e3000 70e46 1 1
           <...>-2072  [004] ....  8648.399709: do_swap_page: swapin tgid 2072 2072 "droid.launcher3" 9e700000 1042a9 0 1
           <...>-2072  [004] ....  8648.399847: do_swap_page: swapin tgid 2072 2072 "droid.launcher3" 9e700000 1042a9 1 1
           <...>-2072  [004] ....  8648.399863: do_swap_page: swapin tgid 2072 2072 "droid.launcher3" 132b3000 6ceb0 1 1
           <...>-2072  [004] ....  8648.399866: do_swap_page: swapin tgid 2072 2072 "droid.launcher3" 9e5db000 24dcb 0 1
           <...>-2072  [004] ....  8648.400010: do_swap_page: swapin tgid 2072 2072 "droid.launcher3" 9e5db000 24dcb 1 1
           <...>-2072  [004] ....  8648.400016: do_swap_page: swapin tgid 2072 2072 "droid.launcher3" 9e5dc000 100285 0 1
           <...>-1774  [004] ....  8648.400065: do_swap_page: swapin tgid 1774 1774 "ndroid.systemui" 13e2f000 48e76 1 1
           <...>-1774  [004] d..2  8648.400074: free_swap_slot: swapfree cache 48e76
           <...>-2072  [004] ....  8648.400163: do_swap_page: swapin tgid 2072 2072 "droid.launcher3" 9e5dc000 100285 1 1
           <...>-2072  [004] ....  8648.400171: do_swap_page: swapin tgid 2072 2072 "droid.launcher3" 132b4000 6ceb1 1 1
           <...>-2072  [004] ....  8648.400173: do_swap_page: swapin tgid 2072 2072 "droid.launcher3" 132b5000 6ceb2 1 1
           <...>-2072  [004] ....  8648.400176: do_swap_page: swapin tgid 2072 2072 "droid.launcher3" 132b6000 6ceb3 1 1
           <...>-2072  [004] ....  8648.400178: do_swap_page: swapin tgid 2072 2072 "droid.launcher3" 132b7000 6ceb4 1 1
           <...>-2072  [004] ....  8648.400180: do_swap_page: swapin tgid 2072 2072 "droid.launcher3" 132b8000 6ceb5 1 1
           <...>-2072  [004] ....  8648.400182: do_swap_page: swapin tgid 2072 2072 "droid.launcher3" 132b9000 6ceb6 1 1
           <...>-2072  [004] ....  8648.400184: do_swap_page: swapin tgid 2072 2072 "droid.launcher3" 132ba000 6ceb7 1 1
