           <...>-2504  [004] ....  1920.406792: do_swap_page: swapin tgid 2480 2504 "Binder:2480_3" 7fbe17f000 5445b 1 1
           <...>-2504  [004] ....  1920.406796: do_swap_page: swapin tgid 2480 2504 "Binder:2480_3" 7fbe20a000 54481 0 1
           <...>-2031  [004] ....  1920.406833: do_swap_page: swapin tgid 2031 2031 "droid.launcher3" 9e1ab000 1083d9 1 1
           <...>-2031  [004] ....  1920.406838: do_swap_page: swapin tgid 2031 2031 "droid.launcher3" 9e168000 108396 0 1
   Binder:1880_3-1903  [004] ....  1920.406877: do_swap_page: swapin tgid 1880 1903 "Binder:1880_3" 7fbe20a000 b0394 1 1
   Binder:1880_3-1903  [004] ....  1920.406901: do_swap_page: swapin tgid 1880 1903 "Binder:1880_3" 7fbd195000 ac16f 1 12
   Binder:1880_3-1903  [004] ....  1920.406905: do_swap_page: swapin tgid 1880 1903 "Binder:1880_3" 7fbd191000 b031f 0 1
           <...>-2184  [004] ....  1920.406956: do_swap_page: swapin tgid 1667 2184 "ScreenDecoratio" 9e35a000 c3bc 1 1
           <...>-2184  [004] ....  1920.406966: do_swap_page: swapin tgid 1667 2184 "ScreenDecoratio" 13ef2000 1ac600 1 1
           <...>-2184  [004] ....  1920.406969: do_swap_page: swapin tgid 1667 2184 "ScreenDecoratio" 9e18d000 1b063a 1 1
           <...>-2184  [004] d..2  1920.406984: free_swap_slot: swapfree cache 1ac600
           <...>-2184  [004] d..2  1920.407001: free_swap_slot: swapfree cache 1b86f0
           <...>-2184  [004] ....  1920.407031: do_swap_page: swapin tgid 1667 2184 "ScreenDecoratio" 7f2d41e000 1c06c9 1 1
           <...>-2184  [004] d..2  1920.407033: free_swap_slot: swapfree cache 1c06c9
           <...>-2184  [004] ....  1920.407054: do_swap_page: swapin tgid 1667 2184 "ScreenDecoratio" 7f2d4ad000 1c06e9 1 1
    RenderThread-2125  [004] ....  1920.407094: do_swap_page: swapin tgid 1667 2125 "RenderThread" 7eb37d1000 1b86be 1 1
    Binder:600_3-743   [004] d..2  1920.407119: free_swap_slot: swapfree cache f4675
           <...>-2031  [004] ....  1920.407212: do_swap_page: swapin tgid 2031 2031 "droid.launcher3" 9e168000 108396 1 1
           <...>-2031  [004] ....  1920.407216: do_swap_page: swapin tgid 2031 2031 "droid.launcher3" 9e155000 108383 0 1
           <...>-2437  [004] ....  1920.407250: do_swap_page: swapin tgid 2420 2437 "Binder:2420_1" 7f2e035000 384c3 1 1
           <...>-2437  [004] ....  1920.407257: do_swap_page: swapin tgid 2420 2437 "Binder:2420_1" 14640000 3448f 0 1
           <...>-5611  [004] ....  1920.407282: do_swap_page: swapin tgid 2445 5611 "Binder:2445_5" 7fbe17f000 484ee 1 1
           <...>-5611  [004] ....  1920.407287: do_swap_page: swapin tgid 2445 5611 "Binder:2445_5" 7fbe20a000 4c417 0 1
           <...>-2504  [004] ....  1920.407307: do_swap_page: swapin tgid 2480 2504 "Binder:2480_3" 7fbe20a000 54481 1 1
           <...>-2504  [004] ....  1920.407314: do_swap_page: swapin tgid 2480 2504 "Binder:2480_3" 7fbd195000 ac16f 1 11
           <...>-2504  [004] ....  1920.407317: do_swap_page: swapin tgid 2480 2504 "Binder:2480_3" 7fbd191000 54418 0 1
           <...>-2031  [004] ....  1920.407340: do_swap_page: swapin tgid 2031 2031 "droid.launcher3" 9e155000 108383 1 1
           <...>-2031  [004] ....  1920.407345: do_swap_page: swapin tgid 2031 2031 "droid.launcher3" 9e1e9000 1d46b0 1 1
           <...>-2031  [004] ....  1920.407347: do_swap_page: swapin tgid 2031 2031 "droid.launcher3" 9e0fa000 108328 0 1
           <...>-1879  [004] ....  1920.407421: do_swap_page: swapin tgid 1857 1879 "Binder:1857_1" 132c0000 8c3a4 1 1
           <...>-1879  [004] ....  1920.407426: do_swap_page: swapin tgid 1857 1879 "Binder:1857_1" 132c8000 1c8696 1 1
           <...>-1879  [004] d..2  1920.407430: free_swap_slot: swapfree cache 1c8698
           <...>-1879  [004] ....  1920.407433: do_swap_page: swapin tgid 1857 1879 "Binder:1857_1" 7fbe24e000 9832e 0 1
           <...>-5752  [004] ....  1920.407457: do_swap_page: swapin tgid 1762 5752 "Binder:1762_4" 7fbe1e7000 84360 1 1
           <...>-5752  [004] ....  1920.407463: do_swap_page: swapin tgid 1762 5752 "Binder:1762_4" 7fbe17f000 8433b 0 1
           <...>-2031  [004] ....  1920.407506: do_swap_page: swapin tgid 2031 2031 "droid.launcher3" 9e0fa000 108328 1 1
           <...>-2031  [004] ....  1920.407519: do_swap_page: swapin tgid 2031 2031 "droid.launcher3" 9e166000 108394 0 1
           <...>-2437  [004] ....  1920.407567: do_swap_page: swapin tgid 2420 2437 "Binder:2420_1" 14640000 3448f 1 1
           <...>-2437  [004] ....  1920.407572: do_swap_page: swapin tgid 2420 2437 "Binder:2420_1" 14651000 7e0 1 1
           <...>-2437  [004] d..2  1920.407576: free_swap_slot: swapfree cache 7e2
           <...>-2437  [004] ....  1920.407578: do_swap_page: swapin tgid 2420 2437 "Binder:2420_1" 7fbe24e000 3c4c6 0 1
   Binder:1880_3-1903  [004] ....  1920.407604: do_swap_page: swapin tgid 1880 1903 "Binder:1880_3" 7fbd191000 b031f 1 1
           <...>-2031  [004] ....  1920.407632: do_swap_page: swapin tgid 2031 2031 "droid.launcher3" 9e166000 108394 1 1
           <...>-2031  [004] ....  1920.407637: do_swap_page: swapin tgid 2031 2031 "droid.launcher3" 9e1bd000 1d469f 1 1
           <...>-2031  [004] ....  1920.407639: do_swap_page: swapin tgid 2031 2031 "droid.launcher3" 9e17c000 1083aa 0 1
   Binder:1880_3-1903  [004] ....  1920.407675: do_swap_page: swapin tgid 1880 1903 "Binder:1880_3" 7f28868000 1cc63f 1 1
   Binder:1880_3-1903  [004] ....  1920.407683: do_swap_page: swapin tgid 1880 1903 "Binder:1880_3" 7f28a25000 1cc64e 1 1
   Binder:1880_3-1903  [004] d..2  1920.407685: free_swap_slot: swapfree cache 1cc63f
   Binder:1880_3-1903  [004] ....  1920.407686: do_swap_page: swapin tgid 1880 1903 "Binder:1880_3" 7fbe1d3000 1cc682 1 1
   Binder:1880_3-1903  [004] d..2  1920.407704: free_swap_slot: swapfree cache 1cc682
   Binder:1880_3-1903  [004] ....  1920.407708: do_swap_page: swapin tgid 1880 1903 "Binder:1880_3" 7f28a5f000 1cc650 1 1
   Binder:1880_3-1903  [004] d..2  1920.407710: free_swap_slot: swapfree cache 1cc650
   Binder:1880_3-1903  [004] ....  1920.407714: do_swap_page: swapin tgid 1880 1903 "Binder:1880_3" 7f2cf45000 a8373 0 1
           <...>-2031  [004] ....  1920.407758: do_swap_page: swapin tgid 2031 2031 "droid.launcher3" 9e17c000 1083aa 1 1
           <...>-2031  [004] ....  1920.407763: do_swap_page: swapin tgid 2031 2031 "droid.launcher3" 9e172000 1083a0 0 1
           <...>-5611  [004] ....  1920.407785: do_swap_page: swapin tgid 2445 5611 "Binder:2445_5" 7fbe20a000 4c417 1 1
           <...>-5611  [004] ....  1920.407792: do_swap_page: swapin tgid 2445 5611 "Binder:2445_5" 7fbd195000 ac16f 1 10
           <...>-5611  [004] ....  1920.407794: do_swap_page: swapin tgid 2445 5611 "Binder:2445_5" 7fbd191000 484a6 0 1
           <...>-1997  [004] ....  1920.407818: do_swap_page: swapin tgid 1953 1997 "Binder:1953_4" 7fbe1e7000 f438c 1 1
           <...>-1997  [004] ....  1920.407824: do_swap_page: swapin tgid 1953 1997 "Binder:1953_4" 7fbe17f000 f436d 0 1
           <...>-1879  [004] ....  1920.407845: do_swap_page: swapin tgid 1857 1879 "Binder:1857_1" 7fbe24e000 9832e 1 1
           <...>-1879  [004] ....  1920.407854: do_swap_page: swapin tgid 1857 1879 "Binder:1857_1" 7f31238000 1c86a3 1 1
           <...>-1879  [004] d..2  1920.407857: free_swap_slot: swapfree cache 1c86a3
           <...>-1879  [004] ....  1920.407859: do_swap_page: swapin tgid 1857 1879 "Binder:1857_1" 7f2e036000 1c86a1 1 1
           <...>-1879  [004] d..2  1920.407860: free_swap_slot: swapfree cache 1c86a1
           <...>-1879  [004] ....  1920.407862: do_swap_page: swapin tgid 1857 1879 "Binder:1857_1" 12d41000 1c8694 1 1
           <...>-1879  [004] d..2  1920.407863: free_swap_slot: swapfree cache 1c8694
           <...>-1879  [004] d..2  1920.407865: free_swap_slot: swapfree cache 1c8696
           <...>-2031  [004] ....  1920.407887: do_swap_page: swapin tgid 2031 2031 "droid.launcher3" 9e172000 1083a0 1 1
           <...>-2031  [004] ....  1920.407894: do_swap_page: swapin tgid 2031 2031 "droid.launcher3" 71eb5000 10432c 0 1
           <...>-1879  [004] ....  1920.407934: do_swap_page: swapin tgid 1857 1879 "Binder:1857_1" 7f34e92000 1c86a4 1 1
           <...>-1879  [004] d..2  1920.407937: free_swap_slot: swapfree cache 1c86a4
           <...>-1879  [004] ....  1920.407938: do_swap_page: swapin tgid 1857 1879 "Binder:1857_1" 132c2000 1c8695 1 1
           <...>-1879  [004] d..2  1920.407939: free_swap_slot: swapfree cache 1c8695
           <...>-1879  [004] ....  1920.407960: do_swap_page: swapin tgid 1857 1879 "Binder:1857_1" 7fbe1e7000 98308 0 1
           <...>-2504  [004] ....  1920.407995: do_swap_page: swapin tgid 2480 2504 "Binder:2480_3" 7fbd191000 54418 1 1
           <...>-2504  [004] ....  1920.408001: do_swap_page: swapin tgid 2480 2504 "Binder:2480_3" 7f28868000 470d 1 1
           <...>-2504  [004] ....  1920.408003: do_swap_page: swapin tgid 2480 2504 "Binder:2480_3" 7f28a25000 4713 1 1
           <...>-2504  [004] d..2  1920.408007: free_swap_slot: swapfree cache 470d
           <...>-2504  [004] ....  1920.408008: do_swap_page: swapin tgid 2480 2504 "Binder:2480_3" 7fbe1d3000 471b 1 1
           <...>-2504  [004] d..2  1920.408009: free_swap_slot: swapfree cache 471b
           <...>-2504  [004] ....  1920.408012: do_swap_page: swapin tgid 2480 2504 "Binder:2480_3" 7fbe1db000 471c 1 1
           <...>-2504  [004] d..2  1920.408013: free_swap_slot: swapfree cache 471c
           <...>-2504  [004] ....  1920.408016: do_swap_page: swapin tgid 2480 2504 "Binder:2480_3" 7f395f0000 504d1 0 1
           <...>-2031  [004] ....  1920.408039: do_swap_page: swapin tgid 2031 2031 "droid.launcher3" 71eb5000 10432c 1 1
           <...>-2031  [004] ....  1920.408046: do_swap_page: swapin tgid 2031 2031 "droid.launcher3" 9e171000 10839f 0 1
    android.anim-1357  [004] ....  1920.408194: do_swap_page: swapin tgid 1333 1357 "android.anim" 9e145000 14c214 0 1
           <...>-2437  [004] ....  1920.408235: do_swap_page: swapin tgid 2420 2437 "Binder:2420_1" 7fbe24e000 3c4c6 1 1
           <...>-2437  [004] ....  1920.408243: do_swap_page: swapin tgid 2420 2437 "Binder:2420_1" 7f31337000 7ed 1 1
           <...>-2437  [004] d..2  1920.408246: free_swap_slot: swapfree cache 7ed
           <...>-2437  [004] ....  1920.408248: do_swap_page: swapin tgid 2420 2437 "Binder:2420_1" 7f2e036000 7eb 1 1
           <...>-2031  [004] ....  1920.408270: do_swap_page: swapin tgid 2031 2031 "droid.launcher3" 9e171000 10839f 1 1
           <...>-2031  [004] ....  1920.408275: do_swap_page: swapin tgid 2031 2031 "droid.launcher3" 9e181000 1083af 0 1
           <...>-2437  [004] d..2  1920.408302: free_swap_slot: swapfree cache 7eb
           <...>-2437  [004] ....  1920.408306: do_swap_page: swapin tgid 2420 2437 "Binder:2420_1" 12c40000 7dd 1 1
           <...>-2437  [004] d..2  1920.408307: free_swap_slot: swapfree cache 7dd
           <...>-2437  [004] d..2  1920.408309: free_swap_slot: swapfree cache 7e0
           <...>-2437  [004] ....  1920.408312: do_swap_page: swapin tgid 2420 2437 "Binder:2420_1" 7f34e97000 7ee 1 1
           <...>-2437  [004] d..2  1920.408314: swapcache_free_entries: swapfree direct 7af
           <...>-2437  [004] d..3  1920.408314: swapcache_free_entries: swapfree direct 4714
           <...>-2437  [004] d..3  1920.408315: swapcache_free_entries: swapfree direct 1d462f
           <...>-2437  [004] d..3  1920.408316: swapcache_free_entries: swapfree direct 4701
           <...>-2437  [004] d..3  1920.408316: swapcache_free_entries: swapfree direct 1d468a
           <...>-2437  [004] d..3  1920.408317: swapcache_free_entries: swapfree direct 1d4693
           <...>-2437  [004] d..3  1920.408317: swapcache_free_entries: swapfree direct 1e8629
           <...>-2437  [004] d..3  1920.408318: swapcache_free_entries: swapfree direct 1e869f
           <...>-2437  [004] d..3  1920.408318: swapcache_free_entries: swapfree direct 1e8622
           <...>-2437  [004] d..3  1920.408318: swapcache_free_entries: swapfree direct 7e4
           <...>-2437  [004] d..3  1920.408319: swapcache_free_entries: swapfree direct 1e8681
           <...>-2437  [004] d..3  1920.408319: swapcache_free_entries: swapfree direct 1d86a2
           <...>-2437  [004] d..3  1920.408320: swapcache_free_entries: swapfree direct 1e8631
           <...>-2437  [004] d..3  1920.408320: swapcache_free_entries: swapfree direct 1e8644
           <...>-2437  [004] d..3  1920.408320: swapcache_free_entries: swapfree direct 1e867b
           <...>-2437  [004] d..3  1920.408321: swapcache_free_entries: swapfree direct 1e06c9
           <...>-2437  [004] d..3  1920.408322: swapcache_free_entries: swapfree direct 1d467e
           <...>-2437  [004] d..3  1920.408322: swapcache_free_entries: swapfree direct 7bf
           <...>-2437  [004] d..3  1920.408323: swapcache_free_entries: swapfree direct 7b6
           <...>-2437  [004] d..3  1920.408323: swapcache_free_entries: swapfree direct 1443a
           <...>-2437  [004] d..3  1920.408324: swapcache_free_entries: swapfree direct 7e5
           <...>-2437  [004] d..3  1920.408324: swapcache_free_entries: swapfree direct 7b0
           <...>-2437  [004] d..3  1920.408324: swapcache_free_entries: swapfree direct 7bd
           <...>-2437  [004] d..3  1920.408325: swapcache_free_entries: swapfree direct 4712
           <...>-2437  [004] d..3  1920.408325: swapcache_free_entries: swapfree direct 1d066a
           <...>-2437  [004] d..3  1920.408325: swapcache_free_entries: swapfree direct 1d0668
           <...>-2437  [004] d..3  1920.408326: swapcache_free_entries: swapfree direct 1d0659
           <...>-2437  [004] d..3  1920.408326: swapcache_free_entries: swapfree direct 1d065c
           <...>-2437  [004] d..3  1920.408327: swapcache_free_entries: swapfree direct 1d066b
           <...>-2437  [004] d..3  1920.408327: swapcache_free_entries: swapfree direct 1d065a
           <...>-2437  [004] d..3  1920.408328: swapcache_free_entries: swapfree direct 7fb
           <...>-2437  [004] d..3  1920.408328: swapcache_free_entries: swapfree direct 4717
           <...>-2437  [004] d..3  1920.408328: swapcache_free_entries: swapfree direct 4715
           <...>-2437  [004] d..3  1920.408329: swapcache_free_entries: swapfree direct 4709
           <...>-2437  [004] d..3  1920.408329: swapcache_free_entries: swapfree direct 470c
           <...>-2437  [004] d..3  1920.408330: swapcache_free_entries: swapfree direct 4718
           <...>-2437  [004] d..3  1920.408330: swapcache_free_entries: swapfree direct 470a
           <...>-2437  [004] d..3  1920.408330: swapcache_free_entries: swapfree direct 4705
           <...>-2437  [004] d..3  1920.408331: swapcache_free_entries: swapfree direct 7f8
           <...>-2437  [004] d..3  1920.408331: swapcache_free_entries: swapfree direct 7f4
           <...>-2437  [004] d..3  1920.408332: swapcache_free_entries: swapfree direct 4702
           <...>-2437  [004] d..3  1920.408332: swapcache_free_entries: swapfree direct 7f5
           <...>-2437  [004] d..3  1920.408332: swapcache_free_entries: swapfree direct 1ac600
           <...>-2437  [004] d..3  1920.408333: swapcache_free_entries: swapfree direct 1b86f0
           <...>-2437  [004] d..3  1920.408333: swapcache_free_entries: swapfree direct 1c06c9
           <...>-2437  [004] d..3  1920.408334: swapcache_free_entries: swapfree direct f4675
           <...>-2437  [004] d..3  1920.408334: swapcache_free_entries: swapfree direct 1c8698
           <...>-2437  [004] d..3  1920.408335: swapcache_free_entries: swapfree direct 7e2
           <...>-2437  [004] d..3  1920.408336: swapcache_free_entries: swapfree direct 1cc63f
           <...>-2437  [004] d..3  1920.408336: swapcache_free_entries: swapfree direct 1cc682
           <...>-2437  [004] d..3  1920.408336: swapcache_free_entries: swapfree direct 1cc650
           <...>-2437  [004] d..3  1920.408337: swapcache_free_entries: swapfree direct 1c86a3
           <...>-2437  [004] d..3  1920.408337: swapcache_free_entries: swapfree direct 1c86a1
           <...>-2437  [004] d..3  1920.408337: swapcache_free_entries: swapfree direct 1c8694
           <...>-2437  [004] d..3  1920.408338: swapcache_free_entries: swapfree direct 1c8696
           <...>-2437  [004] d..3  1920.408338: swapcache_free_entries: swapfree direct 1c86a4
           <...>-2437  [004] d..3  1920.408338: swapcache_free_entries: swapfree direct 1c8695
           <...>-2437  [004] d..3  1920.408339: swapcache_free_entries: swapfree direct 470d
           <...>-2437  [004] d..3  1920.408339: swapcache_free_entries: swapfree direct 471b
           <...>-2437  [004] d..3  1920.408339: swapcache_free_entries: swapfree direct 471c
           <...>-2437  [004] d..3  1920.408340: swapcache_free_entries: swapfree direct 7ed
           <...>-2437  [004] d..3  1920.408340: swapcache_free_entries: swapfree direct 7eb
           <...>-2437  [004] d..3  1920.408341: swapcache_free_entries: swapfree direct 7dd
           <...>-2437  [004] d..3  1920.408341: swapcache_free_entries: swapfree direct 7e0
           <...>-2437  [004] d..2  1920.408342: free_swap_slot: swapfree cache 7ee
           <...>-2437  [004] ....  1920.408343: do_swap_page: swapin tgid 2420 2437 "Binder:2420_1" 14643000 7de 1 1
           <...>-2437  [004] d..2  1920.408344: free_swap_slot: swapfree cache 7de
           <...>-2437  [004] ....  1920.408347: do_swap_page: swapin tgid 2420 2437 "Binder:2420_1" 7fbe1e7000 3c4a2 0 1
    android.anim-1357  [004] ....  1920.408402: do_swap_page: swapin tgid 1333 1357 "android.anim" 9e145000 14c214 1 1
    android.anim-1357  [004] ....  1920.408408: do_swap_page: swapin tgid 1333 1357 "android.anim" 9e404000 1542d3 0 1
           <...>-2031  [004] ....  1920.408429: do_swap_page: swapin tgid 2031 2031 "droid.launcher3" 9e181000 1083af 1 1
           <...>-2031  [004] ....  1920.408437: do_swap_page: swapin tgid 2031 2031 "droid.launcher3" 9e161000 10838f 0 1
           <...>-5752  [004] ....  1920.408478: do_swap_page: swapin tgid 1762 5752 "Binder:1762_4" 7fbe17f000 8433b 1 1
           <...>-5752  [004] ....  1920.408484: do_swap_page: swapin tgid 1762 5752 "Binder:1762_4" 7fbe20a000 8436b 0 1
           <...>-1997  [004] ....  1920.408524: do_swap_page: swapin tgid 1953 1997 "Binder:1953_4" 7fbe17f000 f436d 1 1
           <...>-1997  [004] ....  1920.408530: do_swap_page: swapin tgid 1953 1997 "Binder:1953_4" 7fbe20a000 f4397 0 1
    android.anim-1357  [004] ....  1920.408550: do_swap_page: swapin tgid 1333 1357 "android.anim" 9e404000 1542d3 1 1
    android.anim-1357  [004] ....  1920.408660: do_swap_page: swapin tgid 1333 1357 "android.anim" 9e40a000 1542d9 0 1
           <...>-2031  [004] ....  1920.408718: do_swap_page: swapin tgid 2031 2031 "droid.launcher3" 9e161000 10838f 1 1
           <...>-2031  [004] ....  1920.408725: do_swap_page: swapin tgid 2031 2031 "droid.launcher3" 9e156000 108384 0 1
           <...>-1356  [004] ....  1920.408769: do_swap_page: swapin tgid 1333 1356 "android.display" 7e59b9d000 1642b3 1 1
           <...>-1356  [004] ....  1920.408805: do_swap_page: swapin tgid 1333 1356 "android.display" 7e679e3000 184292 0 1
           <...>-2031  [004] ....  1920.408844: do_swap_page: swapin tgid 2031 2031 "droid.launcher3" 9e156000 108384 1 1
           <...>-2031  [004] ....  1920.408851: do_swap_page: swapin tgid 2031 2031 "droid.launcher3" 9e1c4000 1083f2 0 1
   Binder:2520_A-5355  [004] ....  1920.408896: do_swap_page: swapin tgid 2520 5355 "Binder:2520_A" 7fbe241000 e8431 0 1
    android.anim-1357  [004] ....  1920.408917: do_swap_page: swapin tgid 1333 1357 "android.anim" 9e40a000 1542d9 1 1
    android.anim-1357  [004] ....  1920.409071: do_swap_page: swapin tgid 1333 1357 "android.anim" 7eb4f7b000 188675 1 1
    android.anim-1357  [004] d..2  1920.409074: free_swap_slot: swapfree cache 188675
    android.anim-1357  [004] ....  1920.409080: do_swap_page: swapin tgid 1333 1357 "android.anim" 7eb4f7e000 188678 1 1
    android.anim-1357  [004] d..2  1920.409083: free_swap_slot: swapfree cache 188678
    android.anim-1357  [004] ....  1920.409109: do_swap_page: swapin tgid 1333 1357 "android.anim" 7eb4d0a000 1846e1 1 1
    android.anim-1357  [004] d..2  1920.409112: free_swap_slot: swapfree cache 1846e1
    android.anim-1357  [004] ....  1920.409116: do_swap_page: swapin tgid 1333 1357 "android.anim" 7eb4d0b000 1846e2 1 1
    android.anim-1357  [004] d..2  1920.409117: free_swap_slot: swapfree cache 1846e2
    android.anim-1357  [004] ....  1920.409121: do_swap_page: swapin tgid 1333 1357 "android.anim" 7e646a1000 17c63b 1 1
    android.anim-1357  [004] d..2  1920.409122: free_swap_slot: swapfree cache 17c63b
    android.anim-1357  [004] ....  1920.409130: do_swap_page: swapin tgid 1333 1357 "android.anim" 7e647b1000 17c667 1 1
    android.anim-1357  [004] d..2  1920.409131: free_swap_slot: swapfree cache 17c667
    android.anim-1357  [004] ....  1920.409133: do_swap_page: swapin tgid 1333 1357 "android.anim" 7e647b2000 17c668 1 1
    android.anim-1357  [004] d..2  1920.409134: free_swap_slot: swapfree cache 17c668
    android.anim-1357  [004] ....  1920.409151: do_swap_page: swapin tgid 1333 1357 "android.anim" 7eb4fb8000 18867f 1 1
    android.anim-1357  [004] d..2  1920.409153: free_swap_slot: swapfree cache 18867f
    android.anim-1357  [004] ....  1920.409155: do_swap_page: swapin tgid 1333 1357 "android.anim" 7eb4fb9000 188680 1 1
    android.anim-1357  [004] d..2  1920.409156: free_swap_slot: swapfree cache 188680
    android.anim-1357  [004] ....  1920.409162: do_swap_page: swapin tgid 1333 1357 "android.anim" 7e70b7b000 18067b 1 1
    android.anim-1357  [004] d..2  1920.409163: free_swap_slot: swapfree cache 18067b
    android.anim-1357  [004] ....  1920.409165: do_swap_page: swapin tgid 1333 1357 "android.anim" 7e70b7c000 18067c 1 1
    android.anim-1357  [004] d..2  1920.409166: free_swap_slot: swapfree cache 18067c
    android.anim-1357  [004] ....  1920.409174: do_swap_page: swapin tgid 1333 1357 "android.anim" 7fbe18f000 19c615 1 1
    android.anim-1357  [004] d..2  1920.409175: free_swap_slot: swapfree cache 19c615
    android.anim-1357  [004] ....  1920.409181: do_swap_page: swapin tgid 1333 1357 "android.anim" 7e8693a000 18465c 1 1
    android.anim-1357  [004] d..2  1920.409183: free_swap_slot: swapfree cache 18465c
    android.anim-1357  [004] ....  1920.409195: do_swap_page: swapin tgid 1333 1357 "android.anim" 7e64860000 17c68a 1 1
    android.anim-1357  [004] d..2  1920.409197: free_swap_slot: swapfree cache 17c68a
    android.anim-1357  [004] ....  1920.409198: do_swap_page: swapin tgid 1333 1357 "android.anim" 7e64861000 17c68b 1 1
    android.anim-1357  [004] d..2  1920.409199: free_swap_slot: swapfree cache 17c68b
    android.anim-1357  [004] ....  1920.409207: do_swap_page: swapin tgid 1333 1357 "android.anim" 7eb4e80000 188630 1 1
    android.anim-1357  [004] d..2  1920.409212: free_swap_slot: swapfree cache 188630
    android.anim-1357  [004] ....  1920.409214: do_swap_page: swapin tgid 1333 1357 "android.anim" 7eb4e81000 188631 1 1
    android.anim-1357  [004] d..2  1920.409215: free_swap_slot: swapfree cache 188631
    Binder:600_3-743   [004] ....  1920.409280: do_swap_page: swapin tgid 600 743 "Binder:600_3" 7faa6f7000 f06eb 1 1
    Binder:600_3-743   [004] ....  1920.409286: do_swap_page: swapin tgid 600 743 "Binder:600_3" 7fba7c9000 f865b 1 1
    Binder:600_3-743   [004] d..2  1920.409288: free_swap_slot: swapfree cache f865b
    Binder:600_3-743   [004] d..2  1920.409306: free_swap_slot: swapfree cache f46f2
    Binder:600_3-743   [004] d..2  1920.409309: free_swap_slot: swapfree cache f869d
    Binder:600_3-743   [004] ....  1920.409320: do_swap_page: swapin tgid 600 743 "Binder:600_3" 7fba62a000 f46b8 1 1
    Binder:600_3-743   [004] d..2  1920.409321: free_swap_slot: swapfree cache f46b8
    Binder:600_3-743   [004] ....  1920.409325: do_swap_page: swapin tgid 600 743 "Binder:600_3" 7fba6eb000 f8628 1 1
    Binder:600_3-743   [004] d..2  1920.409326: free_swap_slot: swapfree cache f8628
    Binder:600_3-743   [004] ....  1920.409336: do_swap_page: swapin tgid 600 743 "Binder:600_3" 7fba631000 f46bf 1 1
    Binder:600_3-743   [004] d..2  1920.409337: free_swap_slot: swapfree cache f46bf
    Binder:600_3-743   [004] ....  1920.409350: do_swap_page: swapin tgid 600 743 "Binder:600_3" 7fb76c1000 f4677 1 1
    Binder:600_3-743   [004] d..2  1920.409354: free_swap_slot: swapfree cache f46f5
    Binder:600_3-743   [004] ....  1920.409357: do_swap_page: swapin tgid 600 743 "Binder:600_3" 7fba7ca000 f865c 1 1
    Binder:600_3-743   [004] d..2  1920.409358: free_swap_slot: swapfree cache f865c
    Binder:600_3-743   [004] d..2  1920.409362: free_swap_slot: swapfree cache f46f4
    Binder:600_3-743   [004] ....  1920.409385: do_swap_page: swapin tgid 600 743 "Binder:600_3" 7fba6ec000 f8629 1 1
    Binder:600_3-743   [004] d..2  1920.409386: free_swap_slot: swapfree cache f8629
    Binder:600_3-743   [004] d..2  1920.409390: free_swap_slot: swapfree cache f067e
    Binder:600_3-743   [004] ....  1920.409396: do_swap_page: swapin tgid 600 743 "Binder:600_3" 7fba753000 f8651 1 1
    Binder:600_3-743   [004] d..2  1920.409440: free_swap_slot: swapfree cache f06eb
           <...>-2031  [004] ....  1920.409471: do_swap_page: swapin tgid 2031 2031 "droid.launcher3" 9e1c4000 1083f2 1 1
           <...>-2031  [004] ....  1920.409478: do_swap_page: swapin tgid 2031 2031 "droid.launcher3" 13d60000 100308 0 1
    android.anim-1357  [004] d..2  1920.409525: free_swap_slot: swapfree cache 1846a3
           <...>-5611  [004] ....  1920.409565: do_swap_page: swapin tgid 2445 5611 "Binder:2445_5" 7fbd191000 484a6 1 1
           <...>-5611  [004] ....  1920.409571: do_swap_page: swapin tgid 2445 5611 "Binder:2445_5" 7fbe312000 4708 1 1
           <...>-2031  [004] ....  1920.409601: do_swap_page: swapin tgid 2031 2031 "droid.launcher3" 13d60000 100308 1 1
           <...>-2031  [004] ....  1920.409609: do_swap_page: swapin tgid 2031 2031 "droid.launcher3" 9e144000 108372 0 1
           <...>-5611  [004] ....  1920.409654: do_swap_page: swapin tgid 2445 5611 "Binder:2445_5" 7f28865000 7f7 1 1
           <...>-5611  [004] d..2  1920.409658: free_swap_slot: swapfree cache 4708
           <...>-5611  [004] ....  1920.409659: do_swap_page: swapin tgid 2445 5611 "Binder:2445_5" 7f2d49d000 7fc 1 1
           <...>-5611  [004] d..2  1920.409664: free_swap_slot: swapfree cache 7fc
           <...>-5611  [004] ....  1920.409667: do_swap_page: swapin tgid 2445 5611 "Binder:2445_5" 7f2d4a1000 7fe 1 1
           <...>-5611  [004] d..2  1920.409668: free_swap_slot: swapfree cache 7fe
           <...>-5611  [004] ....  1920.409671: do_swap_page: swapin tgid 2445 5611 "Binder:2445_5" 7f2cf6a000 4448c 0 1
   Binder:2520_A-5355  [004] ....  1920.409919: do_swap_page: swapin tgid 2520 5355 "Binder:2520_A" 7fbe241000 e8431 1 1
   Binder:2520_A-5355  [004] ....  1920.409933: do_swap_page: swapin tgid 2520 5355 "Binder:2520_A" 7f3187e000 5478a 1 1
   Binder:2520_A-5355  [004] ....  1920.409939: do_swap_page: swapin tgid 2520 5355 "Binder:2520_A" 1396c000 87a1 1 1
   Binder:2520_A-5355  [004] ....  1920.409959: do_swap_page: swapin tgid 2520 5355 "Binder:2520_A" 7eb4e5b000 34728 1 1
   Binder:2520_A-5355  [004] d..2  1920.409961: free_swap_slot: swapfree cache 34728
   Binder:2520_A-5355  [004] ....  1920.409968: do_swap_page: swapin tgid 2520 5355 "Binder:2520_A" 145d6000 247cb 1 1
   Binder:2520_A-5355  [004] d..2  1920.409970: free_swap_slot: swapfree cache 247cb
           <...>-2031  [004] ....  1920.410009: do_swap_page: swapin tgid 2031 2031 "droid.launcher3" 9e144000 108372 1 1
           <...>-2031  [004] ....  1920.410016: do_swap_page: swapin tgid 2031 2031 "droid.launcher3" 13e35000 1d466b 1 1
           <...>-2031  [004] ....  1920.410018: do_swap_page: swapin tgid 2031 2031 "droid.launcher3" 13e44000 1d4674 1 1
           <...>-2031  [004] ....  1920.410020: do_swap_page: swapin tgid 2031 2031 "droid.launcher3" 9e0f6000 108324 0 1
   Binder:1880_3-1903  [004] ....  1920.410051: do_swap_page: swapin tgid 1880 1903 "Binder:1880_3" 7f2cf45000 a8373 1 1
   Binder:1880_3-1903  [004] ....  1920.410058: do_swap_page: swapin tgid 1880 1903 "Binder:1880_3" 7f39800000 ac3a6 0 1
           <...>-5752  [004] ....  1920.410084: do_swap_page: swapin tgid 1762 5752 "Binder:1762_4" 7fbe20a000 8436b 1 1
           <...>-5752  [004] ....  1920.410093: do_swap_page: swapin tgid 1762 5752 "Binder:1762_4" 7fbd195000 ac16f 1 9
           <...>-5752  [004] ....  1920.410096: do_swap_page: swapin tgid 1762 5752 "Binder:1762_4" 7fbd191000 803f6 0 1
           <...>-1997  [004] ....  1920.410121: do_swap_page: swapin tgid 1953 1997 "Binder:1953_4" 7fbe20a000 f4397 1 1
           <...>-2031  [004] ....  1920.410146: do_swap_page: swapin tgid 2031 2031 "droid.launcher3" 9e0f6000 108324 1 1
           <...>-2031  [004] ....  1920.410156: do_swap_page: swapin tgid 2031 2031 "droid.launcher3" 9e0f7000 108325 0 1
           <...>-1997  [004] ....  1920.410197: do_swap_page: swapin tgid 1953 1997 "Binder:1953_4" 7fbd195000 ac16f 1 8
           <...>-1997  [004] ....  1920.410201: do_swap_page: swapin tgid 1953 1997 "Binder:1953_4" 7fbd191000 f4327 0 1
           <...>-2031  [004] ....  1920.410290: do_swap_page: swapin tgid 2031 2031 "droid.launcher3" 9e0f7000 108325 1 1
           <...>-2031  [004] ....  1920.410295: do_swap_page: swapin tgid 2031 2031 "droid.launcher3" 9e1e7000 10c315 0 1
           <...>-2184  [004] ....  1920.410319: do_swap_page: swapin tgid 1667 2184 "ScreenDecoratio" 13ef3000 1ac601 1 1
           <...>-2184  [004] d..2  1920.410341: free_swap_slot: swapfree cache 1ac601
           <...>-2184  [004] ....  1920.410360: do_swap_page: swapin tgid 1667 2184 "ScreenDecoratio" 7f28890000 a4128 1 26
           <...>-2184  [004] ....  1920.410367: do_swap_page: swapin tgid 1667 2184 "ScreenDecoratio" 7fbe188000 7031d 0 1
           <...>-2031  [004] ....  1920.410405: do_swap_page: swapin tgid 2031 2031 "droid.launcher3" 9e1e7000 10c315 1 1
           <...>-2031  [004] ....  1920.410410: do_swap_page: swapin tgid 2031 2031 "droid.launcher3" 9e0d3000 1d4695 1 1
           <...>-2031  [004] ....  1920.410412: do_swap_page: swapin tgid 2031 2031 "droid.launcher3" 13e3d000 1d466f 1 1
           <...>-2031  [004] ....  1920.410419: do_swap_page: swapin tgid 2031 2031 "droid.launcher3" 9e1f5000 10c323 0 1
           <...>-2504  [004] ....  1920.410446: do_swap_page: swapin tgid 2480 2504 "Binder:2480_3" 7f395f0000 504d1 1 1
           <...>-2504  [004] ....  1920.410451: do_swap_page: swapin tgid 2480 2504 "Binder:2480_3" 7f39800000 504d3 0 1
           <...>-1356  [004] ....  1920.410492: do_swap_page: swapin tgid 1333 1356 "android.display" 7e679e3000 184292 1 1
           <...>-2031  [004] ....  1920.410538: do_swap_page: swapin tgid 2031 2031 "droid.launcher3" 9e1f5000 10c323 1 1
           <...>-2031  [004] ....  1920.410544: do_swap_page: swapin tgid 2031 2031 "droid.launcher3" 9e20f000 10c33d 0 1
           <...>-1356  [004] ....  1920.410594: do_swap_page: swapin tgid 1333 1356 "android.display" 7e59bb2000 1642c2 0 1
           <...>-2840  [004] ....  1920.410620: do_swap_page: swapin tgid 2817 2840 "Binder:2817_1" 7f28957000 587f1 1 1
           <...>-2840  [004] d..2  1920.410623: free_swap_slot: swapfree cache 587f1
           <...>-2840  [004] ....  1920.410629: do_swap_page: swapin tgid 2817 2840 "Binder:2817_1" 7f2e037000 587f6 1 1
           <...>-2840  [004] d..2  1920.410630: free_swap_slot: swapfree cache 587f6
           <...>-2840  [004] ....  1920.410633: do_swap_page: swapin tgid 2817 2840 "Binder:2817_1" 7f2e038000 f04ba 0 1
           <...>-2031  [004] ....  1920.410676: do_swap_page: swapin tgid 2031 2031 "droid.launcher3" 9e20f000 10c33d 1 1
           <...>-2031  [004] ....  1920.410682: do_swap_page: swapin tgid 2031 2031 "droid.launcher3" 9e100000 10832e 0 1
           <...>-1879  [004] ....  1920.410720: do_swap_page: swapin tgid 1857 1879 "Binder:1857_1" 7fbe1e7000 98308 1 1
           <...>-1879  [004] ....  1920.410726: do_swap_page: swapin tgid 1857 1879 "Binder:1857_1" 7fbe17f000 943ea 0 1
   Binder:1880_3-1903  [004] ....  1920.410750: do_swap_page: swapin tgid 1880 1903 "Binder:1880_3" 7f39800000 ac3a6 1 1
   Binder:1880_3-1903  [004] d..2  1920.410775: free_swap_slot: swapfree cache 1cc64e
   Binder:1880_3-1903  [004] ....  1920.410779: do_swap_page: swapin tgid 1880 1903 "Binder:1880_3" 7f395f0000 ac3a4 0 1
           <...>-2031  [004] ....  1920.410810: do_swap_page: swapin tgid 2031 2031 "droid.launcher3" 9e100000 10832e 1 1
           <...>-2031  [004] ....  1920.410815: do_swap_page: swapin tgid 2031 2031 "droid.launcher3" 9e16e000 10839c 0 1
           <...>-2840  [004] ....  1920.410839: do_swap_page: swapin tgid 2817 2840 "Binder:2817_1" 7f2e038000 f04ba 1 1
           <...>-2840  [004] ....  1920.410861: do_swap_page: swapin tgid 2817 2840 "Binder:2817_1" 7f28905000 587f0 1 1
           <...>-2840  [004] ....  1920.410866: do_swap_page: swapin tgid 2817 2840 "Binder:2817_1" 7fbe180000 587fa 1 1
           <...>-2840  [004] d..2  1920.410868: free_swap_slot: swapfree cache 587f0
           <...>-2840  [004] d..2  1920.410870: free_swap_slot: swapfree cache 587fa
           <...>-2840  [004] ....  1920.410877: do_swap_page: swapin tgid 2817 2840 "Binder:2817_1" 7fbe22b000 587fc 1 1
           <...>-2840  [004] ....  1920.410891: do_swap_page: swapin tgid 2817 2840 "Binder:2817_1" 7f289cb000 ec4ff 0 1
           <...>-2031  [004] ....  1920.410935: do_swap_page: swapin tgid 2031 2031 "droid.launcher3" 9e16e000 10839c 1 1
           <...>-2031  [004] ....  1920.410940: do_swap_page: swapin tgid 2031 2031 "droid.launcher3" 9e1c6000 1d46a5 1 1
           <...>-2031  [004] ....  1920.410942: do_swap_page: swapin tgid 2031 2031 "droid.launcher3" 9e16f000 10839d 0 1
           <...>-5752  [004] ....  1920.410964: do_swap_page: swapin tgid 1762 5752 "Binder:1762_4" 7fbd191000 803f6 1 1
           <...>-5752  [004] ....  1920.410971: do_swap_page: swapin tgid 1762 5752 "Binder:1762_4" 7fbe224000 1c8691 1 1
           <...>-5752  [004] ....  1920.410973: do_swap_page: swapin tgid 1762 5752 "Binder:1762_4" 7fbe28a000 1c8692 1 1
           <...>-5752  [004] d..2  1920.410978: free_swap_slot: swapfree cache 1c8691
           <...>-5752  [004] ....  1920.410980: do_swap_page: swapin tgid 1762 5752 "Binder:1762_4" 7fbe1d4000 1c868f 1 1
           <...>-5752  [004] d..2  1920.410981: free_swap_slot: swapfree cache 1c868f
           <...>-5752  [004] ....  1920.410986: do_swap_page: swapin tgid 1762 5752 "Binder:1762_4" 7f28966000 1c8683 1 1
           <...>-5752  [004] d..2  1920.410988: free_swap_slot: swapfree cache 1c8683
           <...>-5752  [004] ....  1920.411010: do_swap_page: swapin tgid 1762 5752 "Binder:1762_4" 7f2cf44000 7c379 0 1
           <...>-2840  [004] ....  1920.411036: do_swap_page: swapin tgid 2817 2840 "Binder:2817_1" 7f289cb000 ec4ff 1 1
           <...>-2840  [004] ....  1920.411058: do_swap_page: swapin tgid 2817 2840 "Binder:2817_1" 7fbe271000 587fd 1 1
           <...>-2840  [004] d..2  1920.411060: free_swap_slot: swapfree cache 587fd
           <...>-2840  [004] d..2  1920.411061: free_swap_slot: swapfree cache 587fc
           <...>-2840  [004] ....  1920.411066: do_swap_page: swapin tgid 2817 2840 "Binder:2817_1" 7fbab78000 f4422 0 1
           <...>-2031  [004] ....  1920.411086: do_swap_page: swapin tgid 2031 2031 "droid.launcher3" 9e16f000 10839d 1 1
           <...>-2031  [004] ....  1920.411095: do_swap_page: swapin tgid 2031 2031 "droid.launcher3" 9e183000 1083b1 0 1
           <...>-2504  [004] ....  1920.411131: do_swap_page: swapin tgid 2480 2504 "Binder:2480_3" 7f39800000 504d3 1 1
           <...>-2504  [004] d..2  1920.411137: free_swap_slot: swapfree cache 4713
           <...>-2504  [004] ....  1920.411145: do_swap_page: swapin tgid 2480 2504 "Binder:2480_3" 13fc7000 470b 1 1
           <...>-2504  [004] d..2  1920.411148: free_swap_slot: swapfree cache 470b
           <...>-2504  [004] ....  1920.411151: do_swap_page: swapin tgid 2480 2504 "Binder:2480_3" 13fc2000 4c4ba 0 1
           <...>-2840  [004] .n..  1920.411275: do_swap_page: swapin tgid 2817 2840 "Binder:2817_1" 7fbab78000 f4422 1 1
           <...>-2840  [004] ....  1920.411284: do_swap_page: swapin tgid 2817 2840 "Binder:2817_1" 7fbe301000 587fe 1 1
           <...>-2840  [004] d..2  1920.411286: free_swap_slot: swapfree cache 587fe
           <...>-2840  [004] ....  1920.411289: do_swap_page: swapin tgid 2817 2840 "Binder:2817_1" 7fbe241000 f44bf 0 1
           <...>-2031  [004] ....  1920.411311: do_swap_page: swapin tgid 2031 2031 "droid.launcher3" 9e183000 1083b1 1 1
           <...>-2031  [004] ....  1920.411318: do_swap_page: swapin tgid 2031 2031 "droid.launcher3" 9e107000 108335 0 1
           <...>-1997  [004] ....  1920.411339: do_swap_page: swapin tgid 1953 1997 "Binder:1953_4" 7fbd191000 f4327 1 1
           <...>-1997  [004] ....  1920.411348: do_swap_page: swapin tgid 1953 1997 "Binder:1953_4" 7f28a26000 1d065d 1 1
           <...>-1997  [004] ....  1920.411350: do_swap_page: swapin tgid 1953 1997 "Binder:1953_4" 7f28a27000 1d065e 1 1
           <...>-1997  [004] d..2  1920.411352: free_swap_slot: swapfree cache 1d065d
           <...>-1997  [004] ....  1920.411355: do_swap_page: swapin tgid 1953 1997 "Binder:1953_4" 7f2d474000 1d0666 1 1
           <...>-1997  [004] d..2  1920.411356: free_swap_slot: swapfree cache 1d0666
           <...>-1997  [004] ....  1920.411360: do_swap_page: swapin tgid 1953 1997 "Binder:1953_4" 7f2d41e000 1d0661 1 1
           <...>-1997  [004] d..2  1920.411361: free_swap_slot: swapfree cache 1d0661
           <...>-1997  [004] ....  1920.411364: do_swap_page: swapin tgid 1953 1997 "Binder:1953_4" 7f2cf6a000 ec37a 0 1
           <...>-1356  [004] ....  1920.411391: do_swap_page: swapin tgid 1333 1356 "android.display" 7e59bb2000 1642c2 1 1
           <...>-1356  [004] ....  1920.411423: do_swap_page: swapin tgid 1333 1356 "android.display" 7e64af5000 17c24b 0 1
           <...>-2031  [004] ....  1920.411446: do_swap_page: swapin tgid 2031 2031 "droid.launcher3" 9e107000 108335 1 1
           <...>-2031  [004] ....  1920.411453: do_swap_page: swapin tgid 2031 2031 "droid.launcher3" 13e4d000 1d4677 1 1
           <...>-2031  [004] ....  1920.411455: do_swap_page: swapin tgid 2031 2031 "droid.launcher3" 9e1bb000 1d469e 1 1
           <...>-2031  [004] ....  1920.411462: do_swap_page: swapin tgid 2031 2031 "droid.launcher3" 9e0d7000 108305 0 1
           <...>-5609  [004] ....  1920.411543: do_swap_page: swapin tgid 2954 5609 "Binder:2954_6" 7f292fb000 7072e 1 1
           <...>-5609  [004] d..2  1920.411546: free_swap_slot: swapfree cache 7072e
           <...>-5609  [004] ....  1920.411554: do_swap_page: swapin tgid 2954 5609 "Binder:2954_6" 7e87c54000 6c786 1 1
           <...>-5609  [004] d..2  1920.411556: free_swap_slot: swapfree cache 6c786
           <...>-5609  [004] ....  1920.411560: do_swap_page: swapin tgid 2954 5609 "Binder:2954_6" 7e87c55000 13c41c 0 1
           <...>-2840  [004] ....  1920.411597: do_swap_page: swapin tgid 2817 2840 "Binder:2817_1" 7fbe241000 f44bf 1 1
           <...>-2840  [004] ....  1920.411604: do_swap_page: swapin tgid 2817 2840 "Binder:2817_1" 7fbe1e9000 f44a0 0 1
           <...>-2031  [004] ....  1920.411657: do_swap_page: swapin tgid 2031 2031 "droid.launcher3" 9e0d7000 108305 1 1
           <...>-2031  [004] ....  1920.411662: do_swap_page: swapin tgid 2031 2031 "droid.launcher3" 9e204000 10c332 0 1
           <...>-1879  [004] ....  1920.411689: do_swap_page: swapin tgid 1857 1879 "Binder:1857_1" 7fbe17f000 943ea 1 1
           <...>-1879  [004] ....  1920.411695: do_swap_page: swapin tgid 1857 1879 "Binder:1857_1" 7fbe20a000 98313 0 1
           <...>-5611  [004] ....  1920.411721: do_swap_page: swapin tgid 2445 5611 "Binder:2445_5" 7f2cf6a000 4448c 1 1
           <...>-5611  [004] ....  1920.411728: do_swap_page: swapin tgid 2445 5611 "Binder:2445_5" 7f39800000 4844d 0 1
           <...>-5609  [004] ....  1920.411777: do_swap_page: swapin tgid 2954 5609 "Binder:2954_6" 7e87c55000 13c41c 1 1
           <...>-5609  [004] ....  1920.411783: do_swap_page: swapin tgid 2954 5609 "Binder:2954_6" 7f29309000 7072f 1 1
           <...>-5609  [004] d..2  1920.411786: free_swap_slot: swapfree cache 7072f
           <...>-5609  [004] ....  1920.411807: do_swap_page: swapin tgid 2954 5609 "Binder:2954_6" 7f2d4aa000 1684a4 0 1
           <...>-2840  [004] ....  1920.411822: do_swap_page: swapin tgid 2817 2840 "Binder:2817_1" 7fbe1e9000 f44a0 1 1
           <...>-2840  [004] ....  1920.411848: do_swap_page: swapin tgid 2817 2840 "Binder:2817_1" 7f393d8000 f04ef 0 1
           <...>-2031  [004] ....  1920.411892: do_swap_page: swapin tgid 2031 2031 "droid.launcher3" 9e204000 10c332 1 1
           <...>-2031  [004] d..2  1920.411906: free_swap_slot: swapfree cache 1d466a
           <...>-2031  [004] ....  1920.411907: do_swap_page: swapin tgid 2031 2031 "droid.launcher3" 9e103000 108331 0 1
           <...>-2437  [004] ....  1920.411931: do_swap_page: swapin tgid 2420 2437 "Binder:2420_1" 7fbe1e7000 3c4a2 1 1
           <...>-2437  [004] ....  1920.411937: do_swap_page: swapin tgid 2420 2437 "Binder:2420_1" 7fbe17f000 3c483 0 1
   Binder:1880_3-1903  [004] ....  1920.411961: do_swap_page: swapin tgid 1880 1903 "Binder:1880_3" 7f395f0000 ac3a4 1 1
   Binder:1880_3-1903  [004] ....  1920.411973: do_swap_page: swapin tgid 1880 1903 "Binder:1880_3" 1344a000 1cc631 1 1
   Binder:1880_3-1903  [004] d..2  1920.411976: free_swap_slot: swapfree cache 1cc631
   Binder:1880_3-1903  [004] ....  1920.411980: do_swap_page: swapin tgid 1880 1903 "Binder:1880_3" 7f34e91000 1cc670 1 1
   Binder:1880_3-1903  [004] d..2  1920.411981: free_swap_slot: swapfree cache 1cc670
   Binder:1880_3-1903  [004] ....  1920.411982: do_swap_page: swapin tgid 1880 1903 "Binder:1880_3" 7f35007000 1cc673 1 1
   Binder:1880_3-1903  [004] d..2  1920.411983: free_swap_slot: swapfree cache 1cc673
   Binder:1880_3-1903  [004] ....  1920.411986: do_swap_page: swapin tgid 1880 1903 "Binder:1880_3" 720ea000 a4316 0 1
           <...>-2840  [004] ....  1920.412024: do_swap_page: swapin tgid 2817 2840 "Binder:2817_1" 7f393d8000 f04ef 1 1
           <...>-2840  [004] ....  1920.412047: do_swap_page: swapin tgid 2817 2840 "Binder:2817_1" 7fbe165000 f4479 0 1
           <...>-5609  [004] ....  1920.412067: do_swap_page: swapin tgid 2954 5609 "Binder:2954_6" 7f2d4aa000 1684a4 1 1
           <...>-5609  [004] d..2  1920.412096: free_swap_slot: swapfree cache 707e1
           <...>-5609  [004] ....  1920.412104: do_swap_page: swapin tgid 2954 5609 "Binder:2954_6" 7eb3ca4000 6c7b3 1 1
           <...>-5609  [004] ....  1920.412110: do_swap_page: swapin tgid 2954 5609 "Binder:2954_6" 7f2d41f000 168454 0 1
           <...>-2031  [004] ....  1920.412136: do_swap_page: swapin tgid 2031 2031 "droid.launcher3" 9e103000 108331 1 1
           <...>-2031  [004] ....  1920.412144: do_swap_page: swapin tgid 2031 2031 "droid.launcher3" 9e129000 108357 0 1
           <...>-2840  [004] ....  1920.412189: do_swap_page: swapin tgid 2817 2840 "Binder:2817_1" 7fbe165000 f4479 1 1
           <...>-2840  [004] ....  1920.412195: do_swap_page: swapin tgid 2817 2840 "Binder:2817_1" 7f28a7b000 587f4 1 1
           <...>-2840  [004] ....  1920.412199: do_swap_page: swapin tgid 2817 2840 "Binder:2817_1" 7fbd192000 f443f 0 1
           <...>-1356  [004] ....  1920.412243: do_swap_page: swapin tgid 1333 1356 "android.display" 7e64af5000 17c24b 1 1
           <...>-2031  [004] ....  1920.412313: do_swap_page: swapin tgid 2031 2031 "droid.launcher3" 9e129000 108357 1 1
           <...>-2031  [004] ....  1920.412319: do_swap_page: swapin tgid 2031 2031 "droid.launcher3" 9e219000 10c347 0 1
           <...>-2031  [004] ....  1920.412452: do_swap_page: swapin tgid 2031 2031 "droid.launcher3" 9e219000 10c347 1 1
           <...>-2031  [004] ....  1920.412457: do_swap_page: swapin tgid 2031 2031 "droid.launcher3" 9e1fe000 10c32c 0 1
           <...>-2031  [004] ....  1920.412568: do_swap_page: swapin tgid 2031 2031 "droid.launcher3" 9e1fe000 10c32c 1 1
           <...>-2031  [004] ....  1920.412574: do_swap_page: swapin tgid 2031 2031 "droid.launcher3" 13e3e000 1d4670 1 1
           <...>-2031  [004] ....  1920.412578: do_swap_page: swapin tgid 2031 2031 "droid.launcher3" 9e15a000 108388 0 1
           <...>-2031  [004] ....  1920.412693: do_swap_page: swapin tgid 2031 2031 "droid.launcher3" 9e15a000 108388 1 1
           <...>-2031  [004] ....  1920.412698: do_swap_page: swapin tgid 2031 2031 "droid.launcher3" 9e1b1000 1083df 0 1
           <...>-3175  [004] ....  1920.412771: do_swap_page: swapin tgid 3157 3175 "Binder:3157_2" 7f2d415000 74725 1 1
           <...>-3175  [004] ....  1920.412776: do_swap_page: swapin tgid 3157 3175 "Binder:3157_2" 7f2d41f000 17c427 0 1
           <...>-3488  [004] ....  1920.412821: do_swap_page: swapin tgid 3392 3488 "Binder:3392_3" 7fbe2fe000 74780 1 1
           <...>-3488  [004] d..2  1920.412824: free_swap_slot: swapfree cache 74780
           <...>-3488  [004] ....  1920.412831: do_swap_page: swapin tgid 3392 3488 "Binder:3392_3" 7f28cf2000 74774 1 1
           <...>-3488  [004] d..2  1920.412833: free_swap_slot: swapfree cache 74774
           <...>-3488  [004] ....  1920.412836: do_swap_page: swapin tgid 3392 3488 "Binder:3392_3" 7f28cf3000 1d04c5 0 1
           <...>-5268  [004] ....  1920.412857: do_swap_page: swapin tgid 5134 5268 "Binder:5134_4" 7f2d414000 7c7c9 1 1
           <...>-5268  [004] d..2  1920.412860: swapcache_free_entries: swapfree direct 7ee
           <...>-5268  [004] d..3  1920.412861: swapcache_free_entries: swapfree direct 7de
           <...>-5268  [004] d..3  1920.412861: swapcache_free_entries: swapfree direct 188675
           <...>-5268  [004] d..3  1920.412862: swapcache_free_entries: swapfree direct 188678
           <...>-5268  [004] d..3  1920.412862: swapcache_free_entries: swapfree direct 1846e1
           <...>-5268  [004] d..3  1920.412863: swapcache_free_entries: swapfree direct 1846e2
           <...>-5268  [004] d..3  1920.412863: swapcache_free_entries: swapfree direct 17c63b
           <...>-5268  [004] d..3  1920.412864: swapcache_free_entries: swapfree direct 17c667
           <...>-5268  [004] d..3  1920.412865: swapcache_free_entries: swapfree direct 17c668
           <...>-5268  [004] d..3  1920.412865: swapcache_free_entries: swapfree direct 18867f
           <...>-5268  [004] d..3  1920.412865: swapcache_free_entries: swapfree direct 188680
           <...>-5268  [004] d..3  1920.412866: swapcache_free_entries: swapfree direct 18067b
           <...>-5268  [004] d..3  1920.412866: swapcache_free_entries: swapfree direct 18067c
           <...>-5268  [004] d..3  1920.412867: swapcache_free_entries: swapfree direct 19c615
           <...>-5268  [004] d..3  1920.412868: swapcache_free_entries: swapfree direct 18465c
           <...>-5268  [004] d..3  1920.412868: swapcache_free_entries: swapfree direct 17c68a
           <...>-5268  [004] d..3  1920.412869: swapcache_free_entries: swapfree direct 17c68b
           <...>-5268  [004] d..3  1920.412869: swapcache_free_entries: swapfree direct 188630
           <...>-5268  [004] d..3  1920.412870: swapcache_free_entries: swapfree direct 188631
           <...>-5268  [004] d..3  1920.412870: swapcache_free_entries: swapfree direct f865b
           <...>-5268  [004] d..3  1920.412871: swapcache_free_entries: swapfree direct f46f2
           <...>-5268  [004] d..3  1920.412872: swapcache_free_entries: swapfree direct f869d
           <...>-5268  [004] d..3  1920.412872: swapcache_free_entries: swapfree direct f46b8
           <...>-5268  [004] d..3  1920.412873: swapcache_free_entries: swapfree direct f8628
           <...>-5268  [004] d..3  1920.412873: swapcache_free_entries: swapfree direct f46bf
           <...>-5268  [004] d..3  1920.412873: swapcache_free_entries: swapfree direct f46f5
           <...>-5268  [004] d..3  1920.412874: swapcache_free_entries: swapfree direct f865c
           <...>-5268  [004] d..3  1920.412874: swapcache_free_entries: swapfree direct f46f4
           <...>-5268  [004] d..3  1920.412875: swapcache_free_entries: swapfree direct f8629
           <...>-5268  [004] d..3  1920.412875: swapcache_free_entries: swapfree direct f067e
           <...>-5268  [004] d..3  1920.412876: swapcache_free_entries: swapfree direct f06eb
           <...>-5268  [004] d..3  1920.412876: swapcache_free_entries: swapfree direct 1846a3
           <...>-5268  [004] d..3  1920.412877: swapcache_free_entries: swapfree direct 4708
           <...>-5268  [004] d..3  1920.412877: swapcache_free_entries: swapfree direct 7fc
           <...>-5268  [004] d..3  1920.412879: swapcache_free_entries: swapfree direct 7fe
           <...>-5268  [004] d..3  1920.412879: swapcache_free_entries: swapfree direct 34728
           <...>-5268  [004] d..3  1920.412880: swapcache_free_entries: swapfree direct 247cb
           <...>-5268  [004] d..3  1920.412880: swapcache_free_entries: swapfree direct 1ac601
           <...>-5268  [004] d..3  1920.412881: swapcache_free_entries: swapfree direct 587f1
           <...>-5268  [004] d..3  1920.412882: swapcache_free_entries: swapfree direct 587f6
           <...>-5268  [004] d..3  1920.412882: swapcache_free_entries: swapfree direct 1cc64e
           <...>-5268  [004] d..3  1920.412882: swapcache_free_entries: swapfree direct 587f0
           <...>-5268  [004] d..3  1920.412883: swapcache_free_entries: swapfree direct 587fa
           <...>-5268  [004] d..3  1920.412883: swapcache_free_entries: swapfree direct 1c8691
           <...>-5268  [004] d..3  1920.412884: swapcache_free_entries: swapfree direct 1c868f
